<?xml version="1.0" ?>

<verbosegc xmlns="http://www.ibm.com/j9/verbosegc" version="10b4217_CMPRSS">

<initialized id="1" timestamp="2019-06-15T03:39:34.915">
  <attribute name="gcPolicy" value="-Xgcpolicy:gencon" />
  <attribute name="elasticGC enabled" value="1" />
  <attribute name= "numThreadsSpecified" value="0" />
  <attribute name="heapSize specified" value="0" />
  <attribute name="Current GC Util" value="0" />
  <attribute name= "Current Time Running" value="0" />
  <attribute name ="GC Interval" value="0" />
  <attribute name="ProportionalT" value="0.000000" />
  <attribute name="ProportionalI" value="0.000000" />
  <attribute name="ProportionalH" value="0.000000" />
  <attribute name="IntegralT" value="0.000000" />
  <attribute name="IntegralI" value="0.000000" />
  <attribute name="IntegralH" value="0.000000" />
  <attribute name="DerivativeT" value="0.000000" />
  <attribute name="DerivativeI" value="0.000000" />
  <attribute name="DerivativeH" value="0.000000" />
  <attribute name="Target GC Util Change" value ="0.000000" />
  <attribute name="Current GC Util Change" value="0.000000"/>
  <attribute name="Current Error" value="0.000000" />
  <attribute name="Loop Time for DT" value="0.000000" />
  <attribute name="Output H" value="0"/>
  <attribute name="Output I" value="0"/>
  <attribute name="Output T" value="0"/>
  <attribute name="GC Util currently" value="0" />
  <attribute name="CPU Util currently" value="0" />
  <attribute name="maxHeapSize" value="0x7cbc0000" />
  <attribute name="initialHeapSize" value="0x800000" />
  <attribute name="compressedRefs" value="true" />
  <attribute name="compressedRefsDisplacement" value="0x0" />
  <attribute name="compressedRefsShift" value="0x0" />
  <attribute name="pageSize" value="0x1000" />
  <attribute name="pageType" value="not used" />
  <attribute name="requestedPageSize" value="0x1000" />
  <attribute name="requestedPageType" value="not used" />
  <attribute name="gcthreads" value="4" />
  <attribute name="gcthreads Concurrent Mark" value="1" />
  <attribute name="packetListSplit" value="4" />
  <attribute name="cacheListSplit" value="4" />
  <attribute name="splitFreeListSplitAmount" value="1" />
  <attribute name="numaNodes" value="0" />
  <system>
    <attribute name="physicalMemory" value="8370962432" />
    <attribute name="numCPUs" value="4" />
    <attribute name="architecture" value="amd64" />
    <attribute name="os" value="Linux" />
    <attribute name="osVersion" value="4.4.0-148-generic" />
  </system>
  <vmargs>
    <vmarg name="-Xoptionsfile=/vagrant/jdk/lib/options.default" />
    <vmarg name="-Xlockword:mode=default,noLockword=java/lang/String,noLockword=java/util/MapEntry,noLockword=java/util/HashMap$Entry,noLockword..." />
    <vmarg name="-Xjcl:jclse29" />
    <vmarg name="-Dcom.ibm.oti.vm.bootstrap.library.path=/vagrant/jdk/lib/compressedrefs:/vagrant/jdk/lib" />
    <vmarg name="-Dsun.boot.library.path=/vagrant/jdk/lib/compressedrefs:/vagrant/jdk/lib" />
    <vmarg name="-Djava.library.path=/vagrant/jdk/lib/compressedrefs:/vagrant/jdk/lib:/usr/lib64:/usr/lib" />
    <vmarg name="-Djava.home=/vagrant/jdk" />
    <vmarg name="-Duser.dir=/vagrant" />
    <vmarg name="-verbose:gc" />
    <vmarg name="-Xgcelastic" />
    <vmarg name="-Xcheck:gc:::elasticGC" />
    <vmarg name="-Xloggc:small-jdk0.5-1-1.5-verbose3xalan.txt" />
    <vmarg name="-Djava.class.path=dacapo-9.12-MR1-bach.jar" />
    <vmarg name="-Dsun.java.command=dacapo-9.12-MR1-bach.jar xalan --size=small" />
    <vmarg name="-Dsun.java.launcher=SUN_STANDARD" />
    <vmarg name="-Dsun.java.launcher.pid=496" />
  </vmargs>
</initialized>

<exclusive-start id="2" timestamp="2019-06-15T03:39:35.091" intervalms="176.177">
  <response-info timems="0.025" idlems="0.025" threads="0" lastid="00000000025A8700" lastname="main" />
</exclusive-start>
<af-start id="3" threadId="00000000025A9088" totalBytesRequested="3080" timestamp="2019-06-15T03:39:35.091" intervalms="176.358" type="nursery" />
<cycle-start id="4" type="scavenge" contextid="0" timestamp="2019-06-15T03:39:35.092" intervalms="176.733" />
<gc-start id="5" type="scavenge" contextid="4" timestamp="2019-06-15T03:39:35.097">
  <mem-info id="6" free="6062624" total="8388608" percent="72">
    <mem type="nursery" free="0" total="2097152" percent="0">
      <mem type="allocate" free="0" total="1048576" percent="0" />
      <mem type="survivor" free="0" total="1048576" percent="0" />
    </mem>
    <mem type="tenure" free="6062624" total="6291456" percent="96">
      <mem type="soa" free="5748256" total="5977088" percent="96" />
      <mem type="loa" free="314368" total="314368" percent="100" />
    </mem>
    <remembered-set count="3161" />
  </mem-info>
</gc-start>
<allocation-stats totalBytes="1273208" >
  <allocated-bytes non-tlh="344784" tlh="928424" />
  <largest-consumer threadName="main" threadId="00000000025A8700" bytes="1197408" />
</allocation-stats>
<gc-op id="7" type="scavenge" timems="1.888" contextid="4" timestamp="2019-06-15T03:39:35.099">
  <scavenger-info tenureage="2" tenuremask="fffc" tiltratio="50" />
  <memory-copied type="nursery" objects="10578" bytes="477536" bytesdiscarded="91384" />
  <finalization candidates="11" enqueued="0" />
  <references type="soft" candidates="62" cleared="0" enqueued="0" dynamicThreshold="32" maxThreshold="32" />
  <references type="weak" candidates="309" cleared="177" enqueued="141" />
  <references type="phantom" candidates="25" cleared="6" enqueued="6" />
</gc-op>
<gc-end id="8" type="scavenge" contextid="4" durationms="5.374" usertimems="4.000" systemtimems="0.000" timestamp="2019-06-15T03:39:35.102" activeThreads="4">
  <mem-info id="9" free="6540184" total="8388608" percent="77">
    <mem type="nursery" free="477560" total="2097152" percent="22">
      <mem type="allocate" free="477560" total="1048576" percent="45" />
      <mem type="survivor" free="0" total="1048576" percent="0" />
    </mem>
    <mem type="tenure" free="6062624" total="6291456" percent="96">
      <mem type="soa" free="5748256" total="5977088" percent="96" />
      <mem type="loa" free="314368" total="314368" percent="100" />
    </mem>
    <pending-finalizers system="0" default="0" reference="147" classloader="0" />
    <remembered-set count="3161" />
  </mem-info>
</gc-end>
<cycle-end id="10" type="scavenge" contextid="4" timestamp="2019-06-15T03:39:35.102" />
  <attribute name="elasticGC enabled" value="1" />
  <attribute name= "numThreadsSpecified" value="0" />
  <attribute name="heapSize specified" value="0" />
  <attribute name="Current GC Util" value="0" />
  <attribute name= "Current Time Running" value="66" />
  <attribute name ="GC Interval" value="1" />
  <attribute name="ProportionalT" value="0.000000" />
  <attribute name="ProportionalI" value="0.000000" />
  <attribute name="ProportionalH" value="0.000000" />
  <attribute name="Current Error" value="0.000000" />
  <attribute name="IntegralT" value="0.000000" />
  <attribute name="IntegralI" value="0.000000" />
  <attribute name="IntegralH" value="0.000000" />
  <attribute name="DerivativeT" value="0.000000" />
  <attribute name="DerivativeI" value="0.000000" />
  <attribute name="DerivativeH" value="0.000000" />
  <attribute name="Loop Time for DT" value="0.000000" />
  <attribute name="Output H" value="0"/>
  <attribute name="Output I" value="0"/>
  <attribute name="Output T" value="0"/>
  <attribute name="Target GC Util Change" value ="20.000000" />
  <attribute name="Current GC Util Change" value="0.000000"/>
  <attribute name="GC Util currently" value="0" />
  <attribute name="CPU Util currently" value="26" />
<allocation-satisfied id="11" threadId="00000000025A8700" bytesRequested="3080" />
<af-end id="12" timestamp="2019-06-15T03:39:35.102" threadId="00000000025A9088" success="true" from="nursery"/>
<exclusive-end id="13" timestamp="2019-06-15T03:39:35.102" durationms="11.093" />

<exclusive-start id="14" timestamp="2019-06-15T03:39:35.123" intervalms="32.031">
  <response-info timems="0.024" idlems="0.024" threads="0" lastid="00000000025A8700" lastname="main" />
</exclusive-start>
<af-start id="15" threadId="00000000025A9088" totalBytesRequested="3616" timestamp="2019-06-15T03:39:35.123" intervalms="31.916" type="nursery" />
<cycle-start id="16" type="scavenge" contextid="0" timestamp="2019-06-15T03:39:35.123" intervalms="31.625" />
<gc-start id="17" type="scavenge" contextid="16" timestamp="2019-06-15T03:39:35.127">
  <mem-info id="18" free="6054720" total="8388608" percent="72">
    <mem type="nursery" free="0" total="2097152" percent="0">
      <mem type="allocate" free="0" total="1048576" percent="0" />
      <mem type="survivor" free="0" total="1048576" percent="0" />
    </mem>
    <mem type="tenure" free="6054720" total="6291456" percent="96">
      <mem type="soa" free="5740352" total="5977088" percent="96" />
      <mem type="loa" free="314368" total="314368" percent="100" />
    </mem>
    <remembered-set count="3264" />
  </mem-info>
</gc-start>
<allocation-stats totalBytes="484128" >
  <allocated-bytes non-tlh="10984" tlh="473144" />
  <largest-consumer threadName="main" threadId="00000000025A8700" bytes="472152" />
</allocation-stats>
<gc-op id="19" type="scavenge" timems="0.886" contextid="16" timestamp="2019-06-15T03:39:35.128">
  <scavenger-info tenureage="5" tenuremask="7fe0" tiltratio="50" />
  <memory-copied type="nursery" objects="10910" bytes="486488" bytesdiscarded="59496" />
  <finalization candidates="11" enqueued="0" />
  <references type="soft" candidates="62" cleared="0" enqueued="0" dynamicThreshold="32" maxThreshold="32" />
  <references type="weak" candidates="248" cleared="103" enqueued="100" />
  <references type="phantom" candidates="37" cleared="12" enqueued="12" />
</gc-op>
<gc-end id="20" type="scavenge" contextid="16" durationms="4.448" usertimems="4.000" systemtimems="0.000" timestamp="2019-06-15T03:39:35.132" activeThreads="4">
  <mem-info id="21" free="6555848" total="8388608" percent="78">
    <mem type="nursery" free="501128" total="2097152" percent="23">
      <mem type="allocate" free="501128" total="1048576" percent="47" />
      <mem type="survivor" free="0" total="1048576" percent="0" />
    </mem>
    <mem type="tenure" free="6054720" total="6291456" percent="96">
      <mem type="soa" free="5740352" total="5977088" percent="96" />
      <mem type="loa" free="314368" total="314368" percent="100" />
    </mem>
    <pending-finalizers system="0" default="0" reference="112" classloader="0" />
    <remembered-set count="3264" />
  </mem-info>
</gc-end>
<cycle-end id="22" type="scavenge" contextid="16" timestamp="2019-06-15T03:39:35.132" />
  <attribute name="elasticGC enabled" value="1" />
  <attribute name= "numThreadsSpecified" value="0" />
  <attribute name="heapSize specified" value="0" />
  <attribute name="Current GC Util" value="36" />
  <attribute name= "Current Time Running" value="97" />
  <attribute name ="GC Interval" value="1" />
  <attribute name="ProportionalT" value="0.000000" />
  <attribute name="ProportionalI" value="0.000000" />
  <attribute name="ProportionalH" value="0.000000" />
  <attribute name="Current Error" value="0.000000" />
  <attribute name="IntegralT" value="0.000000" />
  <attribute name="IntegralI" value="0.000000" />
  <attribute name="IntegralH" value="0.000000" />
  <attribute name="DerivativeT" value="0.000000" />
  <attribute name="DerivativeI" value="0.000000" />
  <attribute name="DerivativeH" value="0.000000" />
  <attribute name="Loop Time for DT" value="66.000000" />
  <attribute name="Output H" value="0"/>
  <attribute name="Output I" value="0"/>
  <attribute name="Output T" value="0"/>
  <attribute name="Target GC Util Change" value ="20.000000" />
  <attribute name="Current GC Util Change" value="36.000000"/>
  <attribute name="GC Util currently" value="36" />
  <attribute name="CPU Util currently" value="7" />
<allocation-satisfied id="23" threadId="00000000025A8700" bytesRequested="3616" />
<af-end id="24" timestamp="2019-06-15T03:39:35.132" threadId="00000000025A9088" success="true" from="nursery"/>
<exclusive-end id="25" timestamp="2019-06-15T03:39:35.132" durationms="8.866" />

<exclusive-start id="26" timestamp="2019-06-15T03:39:35.146" intervalms="23.283">
  <response-info timems="0.024" idlems="0.024" threads="0" lastid="00000000025A8700" lastname="main" />
</exclusive-start>
<af-start id="27" threadId="00000000025A9088" totalBytesRequested="2368" timestamp="2019-06-15T03:39:35.147" intervalms="23.299" type="nursery" />
<cycle-start id="28" type="scavenge" contextid="0" timestamp="2019-06-15T03:39:35.147" intervalms="23.310" />
<gc-start id="29" type="scavenge" contextid="28" timestamp="2019-06-15T03:39:35.150">
  <mem-info id="30" free="6049528" total="8388608" percent="72">
    <mem type="nursery" free="0" total="2097152" percent="0">
      <mem type="allocate" free="0" total="1048576" percent="0" />
      <mem type="survivor" free="0" total="1048576" percent="0" />
    </mem>
    <mem type="tenure" free="6049528" total="6291456" percent="96">
      <mem type="soa" free="5735160" total="5977088" percent="95" />
      <mem type="loa" free="314368" total="314368" percent="100" />
    </mem>
    <remembered-set count="3346" />
  </mem-info>
</gc-start>
<allocation-stats totalBytes="492688" >
  <allocated-bytes non-tlh="8808" tlh="483880" />
  <largest-consumer threadName="main" threadId="00000000025A8700" bytes="484496" />
</allocation-stats>
<gc-op id="31" type="scavenge" timems="0.835" contextid="28" timestamp="2019-06-15T03:39:35.151">
  <scavenger-info tenureage="4" tenuremask="7ff0" tiltratio="50" />
  <memory-copied type="nursery" objects="11018" bytes="542488" bytesdiscarded="231624" />
  <finalization candidates="11" enqueued="0" />
  <references type="soft" candidates="62" cleared="0" enqueued="0" dynamicThreshold="32" maxThreshold="32" />
  <references type="weak" candidates="235" cleared="88" enqueued="88" />
  <references type="phantom" candidates="41" cleared="13" enqueued="13" />
</gc-op>
<gc-end id="32" type="scavenge" contextid="28" durationms="0.993" usertimems="4.000" systemtimems="0.000" timestamp="2019-06-15T03:39:35.151" activeThreads="4">
  <mem-info id="33" free="6322528" total="8388608" percent="75">
    <mem type="nursery" free="273000" total="2097152" percent="13">
      <mem type="allocate" free="273000" total="1048576" percent="26" />
      <mem type="survivor" free="0" total="1048576" percent="0" />
    </mem>
    <mem type="tenure" free="6049528" total="6291456" percent="96">
      <mem type="soa" free="5735160" total="5977088" percent="95" />
      <mem type="loa" free="314368" total="314368" percent="100" />
    </mem>
    <pending-finalizers system="0" default="0" reference="101" classloader="0" />
    <remembered-set count="1076" />
  </mem-info>
</gc-end>
<cycle-end id="34" type="scavenge" contextid="28" timestamp="2019-06-15T03:39:35.151" />
  <attribute name="elasticGC enabled" value="1" />
  <attribute name= "numThreadsSpecified" value="4" />
  <attribute name="heapSize specified" value="0" />
  <attribute name="Current GC Util" value="36" />
  <attribute name= "Current Time Running" value="120" />
  <attribute name ="GC Interval" value="384" />
  <attribute name="ProportionalT" value="8.000000" />
  <attribute name="ProportionalI" value="8.000000" />
  <attribute name="ProportionalH" value="8.000000" />
  <attribute name="Current Error" value="16.000000" />
  <attribute name="IntegralT" value="368.000000" />
  <attribute name="IntegralI" value="368.000000" />
  <attribute name="IntegralH" value="368.000000" />
  <attribute name="DerivativeT" value="1.043478" />
  <attribute name="DerivativeI" value="1.043478" />
  <attribute name="DerivativeH" value="1.043478" />
  <attribute name="Loop Time for DT" value="23.000000" />
  <attribute name="Output H" value="8388608"/>
  <attribute name="Output I" value="384"/>
  <attribute name="Output T" value="4"/>
  <attribute name="Target GC Util Change" value ="20.000000" />
  <attribute name="Current GC Util Change" value="36.000000"/>
  <attribute name="GC Util currently" value="36" />
  <attribute name="CPU Util currently" value="11" />
<allocation-satisfied id="35" threadId="00000000025A8700" bytesRequested="2368" />
<af-end id="36" timestamp="2019-06-15T03:39:35.152" threadId="00000000025A9088" success="true" from="nursery"/>
<exclusive-end id="37" timestamp="2019-06-15T03:39:35.152" durationms="5.166" />

<exclusive-start id="38" timestamp="2019-06-15T03:39:35.274" intervalms="127.089">
  <response-info timems="0.026" idlems="0.026" threads="0" lastid="00000000025A8700" lastname="main" />
</exclusive-start>
<af-start id="39" threadId="00000000025A9088" totalBytesRequested="8200" timestamp="2019-06-15T03:39:35.274" intervalms="127.079" type="nursery" />
<cycle-start id="40" type="scavenge" contextid="0" timestamp="2019-06-15T03:39:35.274" intervalms="127.032" />
<gc-start id="41" type="scavenge" contextid="40" timestamp="2019-06-15T03:39:35.274">
  <mem-info id="42" free="6047800" total="8388608" percent="72">
    <mem type="nursery" free="0" total="2097152" percent="0">
      <mem type="allocate" free="0" total="1048576" percent="0" />
      <mem type="survivor" free="0" total="1048576" percent="0" />
    </mem>
    <mem type="tenure" free="6047800" total="6291456" percent="96">
      <mem type="soa" free="5733432" total="5977088" percent="95" />
      <mem type="loa" free="314368" total="314368" percent="100" />
    </mem>
    <remembered-set count="1099" />
  </mem-info>
</gc-start>
<allocation-stats totalBytes="262048" >
  <allocated-bytes non-tlh="4096" tlh="257952" />
  <largest-consumer threadName="main" threadId="00000000025A8700" bytes="262048" />
</allocation-stats>
<gc-op id="43" type="scavenge" timems="1.012" contextid="40" timestamp="2019-06-15T03:39:35.275">
  <scavenger-info tenureage="3" tenuremask="fff8" tiltratio="50" />
  <memory-copied type="nursery" objects="666" bytes="100808" bytesdiscarded="71952" />
  <memory-copied type="tenure" objects="10289" bytes="459824" bytesdiscarded="16" />
  <finalization candidates="13" enqueued="0" />
  <references type="soft" candidates="1" cleared="0" enqueued="0" dynamicThreshold="32" maxThreshold="32" />
  <references type="weak" candidates="50" cleared="35" enqueued="35" />
  <references type="phantom" candidates="19" cleared="8" enqueued="8" />
</gc-op>
<gc-end id="44" type="scavenge" contextid="40" durationms="1.160" usertimems="0.000" systemtimems="0.000" timestamp="2019-06-15T03:39:35.275" activeThreads="4">
  <mem-info id="45" free="6366096" total="8388608" percent="75">
    <mem type="nursery" free="875760" total="2097152" percent="41">
      <mem type="allocate" free="875760" total="1048576" percent="83" />
      <mem type="survivor" free="0" total="1048576" percent="0" />
    </mem>
    <mem type="tenure" free="5490336" total="6291456" percent="87">
      <mem type="soa" free="5175968" total="5977088" percent="86" />
      <mem type="loa" free="314368" total="314368" percent="100" />
    </mem>
    <pending-finalizers system="0" default="0" reference="43" classloader="0" />
    <remembered-set count="214" />
  </mem-info>
</gc-end>
<cycle-end id="46" type="scavenge" contextid="40" timestamp="2019-06-15T03:39:35.275" />
  <attribute name="elasticGC enabled" value="1" />
  <attribute name= "numThreadsSpecified" value="4" />
  <attribute name="heapSize specified" value="0" />
  <attribute name="Current GC Util" value="4" />
  <attribute name= "Current Time Running" value="243" />
  <attribute name ="GC Interval" value="200" />
  <attribute name="ProportionalT" value="-8.000000" />
  <attribute name="ProportionalI" value="-8.000000" />
  <attribute name="ProportionalH" value="-8.000000" />
  <attribute name="Current Error" value="-16.000000" />
  <attribute name="IntegralT" value="-1600.000000" />
  <attribute name="IntegralI" value="-1600.000000" />
  <attribute name="IntegralH" value="-1600.000000" />
  <attribute name="DerivativeT" value="-0.390244" />
  <attribute name="DerivativeI" value="-0.390244" />
  <attribute name="DerivativeH" value="-0.390244" />
  <attribute name="Loop Time for DT" value="123.000000" />
  <attribute name="Output H" value="2092630016"/>
  <attribute name="Output I" value="200"/>
  <attribute name="Output T" value="4"/>
  <attribute name="Target GC Util Change" value ="20.000000" />
  <attribute name="Current GC Util Change" value="4.000000"/>
  <attribute name="GC Util currently" value="4" />
  <attribute name="CPU Util currently" value="3" />
<allocation-satisfied id="47" threadId="00000000025A8700" bytesRequested="8200" />
<af-end id="48" timestamp="2019-06-15T03:39:35.275" threadId="00000000025A9088" success="true" from="nursery"/>
<exclusive-end id="49" timestamp="2019-06-15T03:39:35.275" durationms="1.601" />

<exclusive-start id="50" timestamp="2019-06-15T03:39:35.326" intervalms="52.232">
  <response-info timems="0.030" idlems="0.030" threads="0" lastid="00000000025A8700" lastname="main" />
</exclusive-start>
<af-start id="51" threadId="00000000025A9088" totalBytesRequested="8200" timestamp="2019-06-15T03:39:35.326" intervalms="52.222" type="nursery" />
<cycle-start id="52" type="scavenge" contextid="0" timestamp="2019-06-15T03:39:35.326" intervalms="52.222" />
<gc-start id="53" type="scavenge" contextid="52" timestamp="2019-06-15T03:39:35.326">
  <mem-info id="54" free="5488984" total="8388608" percent="65">
    <mem type="nursery" free="0" total="2097152" percent="0">
      <mem type="allocate" free="0" total="1048576" percent="0" />
      <mem type="survivor" free="0" total="1048576" percent="0" />
    </mem>
    <mem type="tenure" free="5488984" total="6291456" percent="87">
      <mem type="soa" free="5174616" total="5977088" percent="86" />
      <mem type="loa" free="314368" total="314368" percent="100" />
    </mem>
    <remembered-set count="239" />
  </mem-info>
</gc-start>
<allocation-stats totalBytes="837184" >
  <allocated-bytes non-tlh="335808" tlh="501376" />
  <largest-consumer threadName="main" threadId="00000000025A8700" bytes="837184" />
</allocation-stats>
<gc-op id="55" type="scavenge" timems="0.524" contextid="52" timestamp="2019-06-15T03:39:35.327">
  <scavenger-info tenureage="3" tenuremask="fff8" tiltratio="50" />
  <memory-copied type="nursery" objects="1038" bytes="588360" bytesdiscarded="49568" />
  <memory-copied type="tenure" objects="304" bytes="15560" bytesdiscarded="0" />
  <finalization candidates="3" enqueued="1" />
  <references type="soft" candidates="4" cleared="0" enqueued="0" dynamicThreshold="32" maxThreshold="32" />
  <references type="weak" candidates="6" cleared="5" enqueued="5" />
  <references type="phantom" candidates="32" cleared="3" enqueued="3" />
</gc-op>
<gc-end id="56" type="scavenge" contextid="52" durationms="0.667" usertimems="4.000" systemtimems="0.000" timestamp="2019-06-15T03:39:35.327" activeThreads="4">
  <mem-info id="57" free="5860368" total="8388608" percent="69">
    <mem type="nursery" free="410552" total="2097152" percent="19">
      <mem type="allocate" free="410552" total="1048576" percent="39" />
      <mem type="survivor" free="0" total="1048576" percent="0" />
    </mem>
    <mem type="tenure" free="5449816" total="6291456" percent="86">
      <mem type="soa" free="5135448" total="5977088" percent="85" />
      <mem type="loa" free="314368" total="314368" percent="100" />
    </mem>
    <pending-finalizers system="1" default="0" reference="8" classloader="0" />
    <remembered-set count="139" />
  </mem-info>
</gc-end>
<cycle-end id="58" type="scavenge" contextid="52" timestamp="2019-06-15T03:39:35.327" />
  <attribute name="elasticGC enabled" value="1" />
  <attribute name= "numThreadsSpecified" value="4" />
  <attribute name="heapSize specified" value="0" />
  <attribute name="Current GC Util" value="3" />
  <attribute name= "Current Time Running" value="295" />
  <attribute name ="GC Interval" value="200" />
  <attribute name="ProportionalT" value="-8.500000" />
  <attribute name="ProportionalI" value="-8.500000" />
  <attribute name="ProportionalH" value="-8.500000" />
  <attribute name="Current Error" value="-17.000000" />
  <attribute name="IntegralT" value="-2484.000000" />
  <attribute name="IntegralI" value="-2484.000000" />
  <attribute name="IntegralH" value="-2484.000000" />
  <attribute name="DerivativeT" value="-0.490385" />
  <attribute name="DerivativeI" value="-0.490385" />
  <attribute name="DerivativeH" value="-0.490385" />
  <attribute name="Loop Time for DT" value="52.000000" />
  <attribute name="Output H" value="2092630016"/>
  <attribute name="Output I" value="200"/>
  <attribute name="Output T" value="4"/>
  <attribute name="Target GC Util Change" value ="20.000000" />
  <attribute name="Current GC Util Change" value="3.000000"/>
  <attribute name="GC Util currently" value="3" />
  <attribute name="CPU Util currently" value="1" />
<allocation-satisfied id="59" threadId="00000000025A8700" bytesRequested="8200" />
<af-end id="60" timestamp="2019-06-15T03:39:35.327" threadId="00000000025A9088" success="true" from="nursery"/>
<exclusive-end id="61" timestamp="2019-06-15T03:39:35.327" durationms="1.019" />

<exclusive-start id="62" timestamp="2019-06-15T03:39:35.343" intervalms="17.516">
  <response-info timems="0.035" idlems="0.035" threads="0" lastid="00000000025A8700" lastname="main" />
</exclusive-start>
<af-start id="63" threadId="00000000025A9088" totalBytesRequested="16" timestamp="2019-06-15T03:39:35.343" intervalms="17.517" type="nursery" />
<cycle-start id="64" type="scavenge" contextid="0" timestamp="2019-06-15T03:39:35.343" intervalms="17.544" />
<gc-start id="65" type="scavenge" contextid="64" timestamp="2019-06-15T03:39:35.344">
  <mem-info id="66" free="5442432" total="8388608" percent="64">
    <mem type="nursery" free="0" total="2097152" percent="0">
      <mem type="allocate" free="0" total="1048576" percent="0" />
      <mem type="survivor" free="0" total="1048576" percent="0" />
    </mem>
    <mem type="tenure" free="5442432" total="6291456" percent="86">
      <mem type="soa" free="5128064" total="5977088" percent="85" />
      <mem type="loa" free="314368" total="314368" percent="100" />
    </mem>
    <remembered-set count="227" />
  </mem-info>
</gc-start>
<allocation-stats totalBytes="417728" >
  <allocated-bytes non-tlh="15584" tlh="402144" />
  <largest-consumer threadName="main" threadId="00000000025A8700" bytes="413632" />
</allocation-stats>
<gc-op id="67" type="scavenge" timems="0.363" contextid="64" timestamp="2019-06-15T03:39:35.344">
  <scavenger-info tenureage="3" tenuremask="7ff8" tiltratio="50" />
  <memory-copied type="nursery" objects="1611" bytes="587400" bytesdiscarded="99432" />
  <memory-copied type="tenure" objects="73" bytes="3400" bytesdiscarded="0" />
  <finalization candidates="2" enqueued="0" />
  <references type="soft" candidates="11" cleared="0" enqueued="0" dynamicThreshold="32" maxThreshold="32" />
  <references type="weak" candidates="35" cleared="35" enqueued="35" />
  <references type="phantom" candidates="30" cleared="1" enqueued="1" />
</gc-op>
<gc-end id="68" type="scavenge" contextid="64" durationms="0.517" usertimems="0.000" systemtimems="0.000" timestamp="2019-06-15T03:39:35.344" activeThreads="4">
  <mem-info id="69" free="5764904" total="8388608" percent="68">
    <mem type="nursery" free="361640" total="2097152" percent="17">
      <mem type="allocate" free="361640" total="1048576" percent="34" />
      <mem type="survivor" free="0" total="1048576" percent="0" />
    </mem>
    <mem type="tenure" free="5403264" total="6291456" percent="85">
      <mem type="soa" free="5088896" total="5977088" percent="85" />
      <mem type="loa" free="314368" total="314368" percent="100" />
    </mem>
    <pending-finalizers system="0" default="0" reference="36" classloader="0" />
    <remembered-set count="189" />
  </mem-info>
</gc-end>
<cycle-end id="70" type="scavenge" contextid="64" timestamp="2019-06-15T03:39:35.344" />
  <attribute name="elasticGC enabled" value="1" />
  <attribute name= "numThreadsSpecified" value="4" />
  <attribute name="heapSize specified" value="0" />
  <attribute name="Current GC Util" value="4" />
  <attribute name= "Current Time Running" value="313" />
  <attribute name ="GC Interval" value="200" />
  <attribute name="ProportionalT" value="-8.000000" />
  <attribute name="ProportionalI" value="-8.000000" />
  <attribute name="ProportionalH" value="-8.000000" />
  <attribute name="Current Error" value="-16.000000" />
  <attribute name="IntegralT" value="-2772.000000" />
  <attribute name="IntegralI" value="-2772.000000" />
  <attribute name="IntegralH" value="-2772.000000" />
  <attribute name="DerivativeT" value="-1.333333" />
  <attribute name="DerivativeI" value="-1.333333" />
  <attribute name="DerivativeH" value="-1.333333" />
  <attribute name="Loop Time for DT" value="18.000000" />
  <attribute name="Output H" value="2092630016"/>
  <attribute name="Output I" value="200"/>
  <attribute name="Output T" value="4"/>
  <attribute name="Target GC Util Change" value ="20.000000" />
  <attribute name="Current GC Util Change" value="4.000000"/>
  <attribute name="GC Util currently" value="4" />
  <attribute name="CPU Util currently" value="262185969039" />
<allocation-satisfied id="71" threadId="00000000025A8700" bytesRequested="16" />
<af-end id="72" timestamp="2019-06-15T03:39:35.344" threadId="00000000025A9088" success="true" from="nursery"/>
<exclusive-end id="73" timestamp="2019-06-15T03:39:35.344" durationms="0.924" />

<exclusive-start id="74" timestamp="2019-06-15T03:39:35.353" intervalms="9.823">
  <response-info timems="0.021" idlems="0.021" threads="0" lastid="00000000025A8700" lastname="main" />
</exclusive-start>
<af-start id="75" threadId="00000000025A9088" totalBytesRequested="6760" timestamp="2019-06-15T03:39:35.353" intervalms="9.814" type="nursery" />
<cycle-start id="76" type="scavenge" contextid="0" timestamp="2019-06-15T03:39:35.353" intervalms="9.785" />
<gc-start id="77" type="scavenge" contextid="76" timestamp="2019-06-15T03:39:35.353">
  <mem-info id="78" free="5397544" total="8388608" percent="64">
    <mem type="nursery" free="0" total="2097152" percent="0">
      <mem type="allocate" free="0" total="1048576" percent="0" />
      <mem type="survivor" free="0" total="1048576" percent="0" />
    </mem>
    <mem type="tenure" free="5397544" total="6291456" percent="85">
      <mem type="soa" free="5083176" total="5977088" percent="85" />
      <mem type="loa" free="314368" total="314368" percent="100" />
    </mem>
    <remembered-set count="254" />
  </mem-info>
</gc-start>
<allocation-stats totalBytes="360760" >
  <allocated-bytes non-tlh="5736" tlh="355024" />
  <largest-consumer threadName="main" threadId="00000000025A8700" bytes="356664" />
</allocation-stats>
<gc-op id="79" type="scavenge" timems="0.471" contextid="76" timestamp="2019-06-15T03:39:35.354">
  <scavenger-info tenureage="2" tenuremask="fffc" tiltratio="50" />
  <memory-copied type="nursery" objects="700" bytes="36200" bytesdiscarded="42112" />
  <memory-copied type="tenure" objects="909" bytes="556880" bytesdiscarded="920" />
  <finalization candidates="2" enqueued="0" />
  <references type="soft" candidates="7" cleared="0" enqueued="0" dynamicThreshold="32" maxThreshold="32" />
  <references type="weak" candidates="7" cleared="7" enqueued="7" />
  <references type="phantom" candidates="1" cleared="0" enqueued="0" />
</gc-op>
<gc-end id="80" type="scavenge" contextid="76" durationms="0.614" usertimems="0.000" systemtimems="0.000" timestamp="2019-06-15T03:39:35.354" activeThreads="4">
  <mem-info id="81" free="5845776" total="8388608" percent="69">
    <mem type="nursery" free="970240" total="2097152" percent="46">
      <mem type="allocate" free="970240" total="1048576" percent="92" />
      <mem type="survivor" free="0" total="1048576" percent="0" />
    </mem>
    <mem type="tenure" free="4875536" total="6291456" percent="77">
      <mem type="soa" free="4561168" total="5977088" percent="76" />
      <mem type="loa" free="314368" total="314368" percent="100" />
    </mem>
    <pending-finalizers system="0" default="0" reference="7" classloader="0" />
    <remembered-set count="231" />
  </mem-info>
</gc-end>
<cycle-end id="82" type="scavenge" contextid="76" timestamp="2019-06-15T03:39:35.354" />
  <attribute name="elasticGC enabled" value="1" />
  <attribute name= "numThreadsSpecified" value="4" />
  <attribute name="heapSize specified" value="0" />
  <attribute name="Current GC Util" value="7" />
  <attribute name= "Current Time Running" value="323" />
  <attribute name ="GC Interval" value="200" />
  <attribute name="ProportionalT" value="-6.500000" />
  <attribute name="ProportionalI" value="-6.500000" />
  <attribute name="ProportionalH" value="-6.500000" />
  <attribute name="Current Error" value="-13.000000" />
  <attribute name="IntegralT" value="-2902.000000" />
  <attribute name="IntegralI" value="-2902.000000" />
  <attribute name="IntegralH" value="-2902.000000" />
  <attribute name="DerivativeT" value="-1.950000" />
  <attribute name="DerivativeI" value="-1.950000" />
  <attribute name="DerivativeH" value="-1.950000" />
  <attribute name="Loop Time for DT" value="10.000000" />
  <attribute name="Output H" value="2092630016"/>
  <attribute name="Output I" value="200"/>
  <attribute name="Output T" value="4"/>
  <attribute name="Target GC Util Change" value ="20.000000" />
  <attribute name="Current GC Util Change" value="7.000000"/>
  <attribute name="GC Util currently" value="7" />
  <attribute name="CPU Util currently" value="473740198059" />
<allocation-satisfied id="83" threadId="00000000025A8700" bytesRequested="6760" />
<af-end id="84" timestamp="2019-06-15T03:39:35.354" threadId="00000000025A9088" success="true" from="nursery"/>
<exclusive-end id="85" timestamp="2019-06-15T03:39:35.354" durationms="0.936" />

<exclusive-start id="86" timestamp="2019-06-15T03:39:35.377" intervalms="23.910">
  <response-info timems="0.047" idlems="0.047" threads="0" lastid="00000000025A8700" lastname="main" />
</exclusive-start>
<af-start id="87" threadId="00000000025A9088" totalBytesRequested="21496" timestamp="2019-06-15T03:39:35.377" intervalms="23.922" type="nursery" />
<cycle-start id="88" type="scavenge" contextid="0" timestamp="2019-06-15T03:39:35.377" intervalms="23.928" />
<gc-start id="89" type="scavenge" contextid="88" timestamp="2019-06-15T03:39:35.377">
  <mem-info id="90" free="4859176" total="8388608" percent="57">
    <mem type="nursery" free="0" total="2097152" percent="0">
      <mem type="allocate" free="0" total="1048576" percent="0" />
      <mem type="survivor" free="0" total="1048576" percent="0" />
    </mem>
    <mem type="tenure" free="4859176" total="6291456" percent="77">
      <mem type="soa" free="4544808" total="5977088" percent="76" />
      <mem type="loa" free="314368" total="314368" percent="100" />
    </mem>
    <remembered-set count="417" />
  </mem-info>
</gc-start>
<allocation-stats totalBytes="970416" >
  <allocated-bytes non-tlh="23120" tlh="947296" />
  <largest-consumer threadName="main" threadId="00000000025A8700" bytes="970416" />
</allocation-stats>
<gc-op id="91" type="scavenge" timems="0.284" contextid="88" timestamp="2019-06-15T03:39:35.378">
  <scavenger-info tenureage="3" tenuremask="fff8" tiltratio="50" />
  <memory-copied type="nursery" objects="815" bytes="28152" bytesdiscarded="50176" />
  <references type="soft" candidates="7" cleared="0" enqueued="0" dynamicThreshold="32" maxThreshold="32" />
  <references type="weak" candidates="4" cleared="4" enqueued="4" />
  <references type="phantom" candidates="1" cleared="0" enqueued="0" />
</gc-op>
<gc-end id="92" type="scavenge" contextid="88" durationms="0.470" usertimems="0.000" systemtimems="0.000" timestamp="2019-06-15T03:39:35.378" activeThreads="4">
  <mem-info id="93" free="5960488" total="8388608" percent="71">
    <mem type="nursery" free="1101312" total="2097152" percent="52">
      <mem type="allocate" free="1101312" total="1179648" percent="93" />
      <mem type="survivor" free="0" total="917504" percent="0" />
    </mem>
    <mem type="tenure" free="4859176" total="6291456" percent="77">
      <mem type="soa" free="4544808" total="5977088" percent="76" />
      <mem type="loa" free="314368" total="314368" percent="100" />
    </mem>
    <pending-finalizers system="0" default="0" reference="4" classloader="0" />
    <remembered-set count="365" />
  </mem-info>
</gc-end>
<cycle-end id="94" type="scavenge" contextid="88" timestamp="2019-06-15T03:39:35.378" />
  <attribute name="elasticGC enabled" value="1" />
  <attribute name= "numThreadsSpecified" value="4" />
  <attribute name="heapSize specified" value="0" />
  <attribute name="Current GC Util" value="3" />
  <attribute name= "Current Time Running" value="347" />
  <attribute name ="GC Interval" value="200" />
  <attribute name="ProportionalT" value="-8.500000" />
  <attribute name="ProportionalI" value="-8.500000" />
  <attribute name="ProportionalH" value="-8.500000" />
  <attribute name="Current Error" value="-17.000000" />
  <attribute name="IntegralT" value="-408.000000" />
  <attribute name="IntegralI" value="-408.000000" />
  <attribute name="IntegralH" value="-408.000000" />
  <attribute name="DerivativeT" value="-1.062500" />
  <attribute name="DerivativeI" value="-1.062500" />
  <attribute name="DerivativeH" value="-1.062500" />
  <attribute name="Loop Time for DT" value="24.000000" />
  <attribute name="Output H" value="2092630016"/>
  <attribute name="Output I" value="200"/>
  <attribute name="Output T" value="4"/>
  <attribute name="Target GC Util Change" value ="20.000000" />
  <attribute name="Current GC Util Change" value="3.000000"/>
  <attribute name="GC Util currently" value="3" />
  <attribute name="CPU Util currently" value="0" />
<allocation-satisfied id="95" threadId="00000000025A8700" bytesRequested="21496" />
<af-end id="96" timestamp="2019-06-15T03:39:35.378" threadId="00000000025A9088" success="true" from="nursery"/>
<exclusive-end id="97" timestamp="2019-06-15T03:39:35.378" durationms="0.826" />

<exclusive-start id="98" timestamp="2019-06-15T03:39:35.396" intervalms="19.217">
  <response-info timems="0.023" idlems="0.023" threads="0" lastid="00000000025A8700" lastname="main" />
</exclusive-start>
<af-start id="99" threadId="00000000025A9088" totalBytesRequested="3080" timestamp="2019-06-15T03:39:35.396" intervalms="19.213" type="nursery" />
<cycle-start id="100" type="scavenge" contextid="0" timestamp="2019-06-15T03:39:35.396" intervalms="19.211" />
<gc-start id="101" type="scavenge" contextid="100" timestamp="2019-06-15T03:39:35.396">
  <mem-info id="102" free="4844312" total="8388608" percent="57">
    <mem type="nursery" free="0" total="2097152" percent="0">
      <mem type="allocate" free="0" total="1179648" percent="0" />
      <mem type="survivor" free="0" total="917504" percent="0" />
    </mem>
    <mem type="tenure" free="4844312" total="6291456" percent="76">
      <mem type="soa" free="4529944" total="5977088" percent="75" />
      <mem type="loa" free="314368" total="314368" percent="100" />
    </mem>
    <remembered-set count="576" />
  </mem-info>
</gc-start>
<allocation-stats totalBytes="1095008" >
  <allocated-bytes non-tlh="36360" tlh="1058648" />
  <largest-consumer threadName="main" threadId="00000000025A8700" bytes="1095008" />
</allocation-stats>
<gc-op id="103" type="scavenge" timems="0.305" contextid="100" timestamp="2019-06-15T03:39:35.397">
  <scavenger-info tenureage="4" tenuremask="fff0" tiltratio="56" />
  <memory-copied type="nursery" objects="1192" bytes="50624" bytesdiscarded="28728" />
  <references type="soft" candidates="7" cleared="0" enqueued="0" dynamicThreshold="32" maxThreshold="32" />
  <references type="weak" candidates="5" cleared="4" enqueued="4" />
  <references type="phantom" candidates="2" cleared="0" enqueued="0" />
</gc-op>
<gc-end id="104" type="scavenge" contextid="100" durationms="0.453" usertimems="0.000" systemtimems="0.000" timestamp="2019-06-15T03:39:35.397" activeThreads="4">
  <mem-info id="105" free="6141200" total="8388608" percent="73">
    <mem type="nursery" free="1296888" total="2097152" percent="61">
      <mem type="allocate" free="1296888" total="1376256" percent="94" />
      <mem type="survivor" free="0" total="720896" percent="0" />
    </mem>
    <mem type="tenure" free="4844312" total="6291456" percent="76">
      <mem type="soa" free="4529944" total="5977088" percent="75" />
      <mem type="loa" free="314368" total="314368" percent="100" />
    </mem>
    <pending-finalizers system="0" default="0" reference="4" classloader="0" />
    <remembered-set count="536" />
  </mem-info>
</gc-end>
<cycle-end id="106" type="scavenge" contextid="100" timestamp="2019-06-15T03:39:35.397" />
  <attribute name="elasticGC enabled" value="1" />
  <attribute name= "numThreadsSpecified" value="4" />
  <attribute name="heapSize specified" value="0" />
  <attribute name="Current GC Util" value="3" />
  <attribute name= "Current Time Running" value="366" />
  <attribute name ="GC Interval" value="200" />
  <attribute name="ProportionalT" value="-8.500000" />
  <attribute name="ProportionalI" value="-8.500000" />
  <attribute name="ProportionalH" value="-8.500000" />
  <attribute name="Current Error" value="-17.000000" />
  <attribute name="IntegralT" value="-323.000000" />
  <attribute name="IntegralI" value="-323.000000" />
  <attribute name="IntegralH" value="-323.000000" />
  <attribute name="DerivativeT" value="-1.342105" />
  <attribute name="DerivativeI" value="-1.342105" />
  <attribute name="DerivativeH" value="-1.342105" />
  <attribute name="Loop Time for DT" value="19.000000" />
  <attribute name="Output H" value="2092630016"/>
  <attribute name="Output I" value="200"/>
  <attribute name="Output T" value="4"/>
  <attribute name="Target GC Util Change" value ="20.000000" />
  <attribute name="Current GC Util Change" value="3.000000"/>
  <attribute name="GC Util currently" value="3" />
  <attribute name="CPU Util currently" value="240126195541" />
<allocation-satisfied id="107" threadId="00000000025A8700" bytesRequested="3080" />
<af-end id="108" timestamp="2019-06-15T03:39:35.397" threadId="00000000025A9088" success="true" from="nursery"/>
<exclusive-end id="109" timestamp="2019-06-15T03:39:35.397" durationms="0.803" />

<exclusive-start id="110" timestamp="2019-06-15T03:39:35.426" intervalms="30.131">
  <response-info timems="0.055" idlems="0.055" threads="0" lastid="00000000025A8700" lastname="main" />
</exclusive-start>
<af-start id="111" threadId="00000000025A9088" totalBytesRequested="7176" timestamp="2019-06-15T03:39:35.426" intervalms="30.140" type="nursery" />
<cycle-start id="112" type="scavenge" contextid="0" timestamp="2019-06-15T03:39:35.426" intervalms="30.138" />
<gc-start id="113" type="scavenge" contextid="112" timestamp="2019-06-15T03:39:35.427">
  <mem-info id="114" free="4824560" total="8388608" percent="57">
    <mem type="nursery" free="0" total="2097152" percent="0">
      <mem type="allocate" free="0" total="1376256" percent="0" />
      <mem type="survivor" free="0" total="720896" percent="0" />
    </mem>
    <mem type="tenure" free="4824560" total="6291456" percent="76">
      <mem type="soa" free="4510192" total="5977088" percent="75" />
      <mem type="loa" free="314368" total="314368" percent="100" />
    </mem>
    <remembered-set count="760" />
  </mem-info>
</gc-start>
<allocation-stats totalBytes="1285624" >
  <allocated-bytes non-tlh="22832" tlh="1262792" />
  <largest-consumer threadName="main" threadId="00000000025A8700" bytes="1285624" />
</allocation-stats>
<gc-op id="115" type="scavenge" timems="0.384" contextid="112" timestamp="2019-06-15T03:39:35.427">
  <scavenger-info tenureage="3" tenuremask="ffe8" tiltratio="65" />
  <memory-copied type="nursery" objects="1683" bytes="80152" bytesdiscarded="71112" />
  <memory-copied type="tenure" objects="79" bytes="2672" bytesdiscarded="0" />
  <finalization candidates="1" enqueued="0" />
  <references type="soft" candidates="8" cleared="0" enqueued="0" dynamicThreshold="32" maxThreshold="32" />
  <references type="weak" candidates="9" cleared="7" enqueued="7" />
  <references type="phantom" candidates="5" cleared="1" enqueued="1" />
</gc-op>
<gc-end id="116" type="scavenge" contextid="112" durationms="0.533" usertimems="0.000" systemtimems="0.000" timestamp="2019-06-15T03:39:35.427" activeThreads="4">
  <mem-info id="117" free="6180584" total="8388608" percent="73">
    <mem type="nursery" free="1356024" total="2097152" percent="64">
      <mem type="allocate" free="1356024" total="1507328" percent="89" />
      <mem type="survivor" free="0" total="589824" percent="0" />
    </mem>
    <mem type="tenure" free="4824560" total="6291456" percent="76">
      <mem type="soa" free="4510192" total="5977088" percent="75" />
      <mem type="loa" free="314368" total="314368" percent="100" />
    </mem>
    <pending-finalizers system="0" default="0" reference="8" classloader="0" />
    <remembered-set count="646" />
  </mem-info>
</gc-end>
<cycle-end id="118" type="scavenge" contextid="112" timestamp="2019-06-15T03:39:35.427" />
  <attribute name="elasticGC enabled" value="1" />
  <attribute name= "numThreadsSpecified" value="4" />
  <attribute name="heapSize specified" value="0" />
  <attribute name="Current GC Util" value="1" />
  <attribute name= "Current Time Running" value="396" />
  <attribute name ="GC Interval" value="200" />
  <attribute name="ProportionalT" value="-9.500000" />
  <attribute name="ProportionalI" value="-9.500000" />
  <attribute name="ProportionalH" value="-9.500000" />
  <attribute name="Current Error" value="-19.000000" />
  <attribute name="IntegralT" value="-570.000000" />
  <attribute name="IntegralI" value="-570.000000" />
  <attribute name="IntegralH" value="-570.000000" />
  <attribute name="DerivativeT" value="-0.950000" />
  <attribute name="DerivativeI" value="-0.950000" />
  <attribute name="DerivativeH" value="-0.950000" />
  <attribute name="Loop Time for DT" value="30.000000" />
  <attribute name="Output H" value="2092630016"/>
  <attribute name="Output I" value="200"/>
  <attribute name="Output T" value="4"/>
  <attribute name="Target GC Util Change" value ="20.000000" />
  <attribute name="Current GC Util Change" value="1.000000"/>
  <attribute name="GC Util currently" value="1" />
  <attribute name="CPU Util currently" value="8" />
<allocation-satisfied id="119" threadId="00000000025A8700" bytesRequested="7176" />
<af-end id="120" timestamp="2019-06-15T03:39:35.427" threadId="00000000025A9088" success="true" from="nursery"/>
<exclusive-end id="121" timestamp="2019-06-15T03:39:35.427" durationms="0.899" />

<exclusive-start id="122" timestamp="2019-06-15T03:39:35.460" intervalms="33.728">
  <response-info timems="0.056" idlems="0.056" threads="0" lastid="00000000025A8700" lastname="main" />
</exclusive-start>
<af-start id="123" threadId="00000000025A9088" totalBytesRequested="65544" timestamp="2019-06-15T03:39:35.460" intervalms="33.719" type="nursery" />
<cycle-start id="124" type="scavenge" contextid="0" timestamp="2019-06-15T03:39:35.460" intervalms="33.718" />
<gc-start id="125" type="scavenge" contextid="124" timestamp="2019-06-15T03:39:35.460">
  <mem-info id="126" free="4841640" total="8388608" percent="57">
    <mem type="nursery" free="49400" total="2097152" percent="2">
      <mem type="allocate" free="49400" total="1507328" percent="3" />
      <mem type="survivor" free="0" total="589824" percent="0" />
    </mem>
    <mem type="tenure" free="4792240" total="6291456" percent="76">
      <mem type="soa" free="4477872" total="5977088" percent="74" />
      <mem type="loa" free="314368" total="314368" percent="100" />
    </mem>
    <remembered-set count="968" />
  </mem-info>
</gc-start>
<allocation-stats totalBytes="1337112" >
  <allocated-bytes non-tlh="39496" tlh="1297616" />
  <largest-consumer threadName="main" threadId="00000000025A8700" bytes="1333016" />
</allocation-stats>
<gc-op id="127" type="scavenge" timems="0.448" contextid="124" timestamp="2019-06-15T03:39:35.461">
  <scavenger-info tenureage="3" tenuremask="ffc8" tiltratio="71" />
  <memory-copied type="nursery" objects="1898" bytes="84672" bytesdiscarded="32712" />
  <memory-copied type="tenure" objects="145" bytes="3632" bytesdiscarded="0" />
  <finalization candidates="1" enqueued="0" />
  <references type="soft" candidates="8" cleared="0" enqueued="0" dynamicThreshold="32" maxThreshold="32" />
  <references type="weak" candidates="12" cleared="11" enqueued="11" />
  <references type="phantom" candidates="4" cleared="0" enqueued="0" />
</gc-op>
<gc-end id="128" type="scavenge" contextid="124" durationms="0.596" usertimems="4.000" systemtimems="0.000" timestamp="2019-06-15T03:39:35.461" activeThreads="4">
  <mem-info id="129" free="6247600" total="8388608" percent="74">
    <mem type="nursery" free="1455360" total="2097152" percent="69">
      <mem type="allocate" free="1455360" total="1572864" percent="92" />
      <mem type="survivor" free="0" total="524288" percent="0" />
    </mem>
    <mem type="tenure" free="4792240" total="6291456" percent="76">
      <mem type="soa" free="4477872" total="5977088" percent="74" />
      <mem type="loa" free="314368" total="314368" percent="100" />
    </mem>
    <pending-finalizers system="0" default="0" reference="11" classloader="0" />
    <remembered-set count="816" />
  </mem-info>
</gc-end>
<cycle-end id="130" type="scavenge" contextid="124" timestamp="2019-06-15T03:39:35.461" />
  <attribute name="elasticGC enabled" value="1" />
  <attribute name= "numThreadsSpecified" value="4" />
  <attribute name="heapSize specified" value="0" />
  <attribute name="Current GC Util" value="2" />
  <attribute name= "Current Time Running" value="430" />
  <attribute name ="GC Interval" value="200" />
  <attribute name="ProportionalT" value="-9.000000" />
  <attribute name="ProportionalI" value="-9.000000" />
  <attribute name="ProportionalH" value="-9.000000" />
  <attribute name="Current Error" value="-18.000000" />
  <attribute name="IntegralT" value="-612.000000" />
  <attribute name="IntegralI" value="-612.000000" />
  <attribute name="IntegralH" value="-612.000000" />
  <attribute name="DerivativeT" value="-0.794118" />
  <attribute name="DerivativeI" value="-0.794118" />
  <attribute name="DerivativeH" value="-0.794118" />
  <attribute name="Loop Time for DT" value="34.000000" />
  <attribute name="Output H" value="2092630016"/>
  <attribute name="Output I" value="200"/>
  <attribute name="Output T" value="4"/>
  <attribute name="Target GC Util Change" value ="20.000000" />
  <attribute name="Current GC Util Change" value="2.000000"/>
  <attribute name="GC Util currently" value="2" />
  <attribute name="CPU Util currently" value="136806408315" />
<allocation-satisfied id="131" threadId="00000000025A8700" bytesRequested="65544" />
<af-end id="132" timestamp="2019-06-15T03:39:35.461" threadId="00000000025A9088" success="true" from="nursery"/>
<exclusive-end id="133" timestamp="2019-06-15T03:39:35.461" durationms="0.943" />

<exclusive-start id="134" timestamp="2019-06-15T03:39:35.486" intervalms="25.873">
  <response-info timems="0.025" idlems="0.025" threads="0" lastid="00000000025A8700" lastname="main" />
</exclusive-start>
<af-start id="135" threadId="00000000025A9088" totalBytesRequested="10032" timestamp="2019-06-15T03:39:35.486" intervalms="25.880" type="nursery" />
<cycle-start id="136" type="scavenge" contextid="0" timestamp="2019-06-15T03:39:35.486" intervalms="25.882" />
<gc-start id="137" type="scavenge" contextid="136" timestamp="2019-06-15T03:39:35.486">
  <mem-info id="138" free="4771256" total="8388608" percent="56">
    <mem type="nursery" free="0" total="2097152" percent="0">
      <mem type="allocate" free="0" total="1572864" percent="0" />
      <mem type="survivor" free="0" total="524288" percent="0" />
    </mem>
    <mem type="tenure" free="4771256" total="6291456" percent="75">
      <mem type="soa" free="4456888" total="5977088" percent="74" />
      <mem type="loa" free="314368" total="314368" percent="100" />
    </mem>
    <remembered-set count="1091" />
  </mem-info>
</gc-start>
<allocation-stats totalBytes="1446952" >
  <allocated-bytes non-tlh="138528" tlh="1308424" />
  <largest-consumer threadName="main" threadId="00000000025A8700" bytes="1446952" />
</allocation-stats>
<gc-op id="139" type="scavenge" timems="0.533" contextid="136" timestamp="2019-06-15T03:39:35.487">
  <scavenger-info tenureage="3" tenuremask="ffe8" tiltratio="75" />
  <memory-copied type="nursery" objects="1193" bytes="127432" bytesdiscarded="16336" />
  <memory-copied type="tenure" objects="923" bytes="36496" bytesdiscarded="0" />
  <finalization candidates="1" enqueued="0" />
  <references type="soft" candidates="1" cleared="0" enqueued="0" dynamicThreshold="32" maxThreshold="32" />
  <references type="weak" candidates="6" cleared="5" enqueued="5" />
  <references type="phantom" candidates="3" cleared="0" enqueued="0" />
</gc-op>
<gc-end id="140" type="scavenge" contextid="136" durationms="0.694" usertimems="0.000" systemtimems="4.000" timestamp="2019-06-15T03:39:35.487" activeThreads="4">
  <mem-info id="141" free="6226608" total="8388608" percent="74">
    <mem type="nursery" free="1494520" total="2097152" percent="71">
      <mem type="allocate" free="1494520" total="1638400" percent="91" />
      <mem type="survivor" free="0" total="458752" percent="0" />
    </mem>
    <mem type="tenure" free="4732088" total="6291456" percent="75">
      <mem type="soa" free="4417720" total="5977088" percent="73" />
      <mem type="loa" free="314368" total="314368" percent="100" />
    </mem>
    <pending-finalizers system="0" default="0" reference="5" classloader="0" />
    <remembered-set count="754" />
  </mem-info>
</gc-end>
<cycle-end id="142" type="scavenge" contextid="136" timestamp="2019-06-15T03:39:35.487" />
  <attribute name="elasticGC enabled" value="1" />
  <attribute name= "numThreadsSpecified" value="4" />
  <attribute name="heapSize specified" value="0" />
  <attribute name="Current GC Util" value="2" />
  <attribute name= "Current Time Running" value="455" />
  <attribute name ="GC Interval" value="200" />
  <attribute name="ProportionalT" value="-9.000000" />
  <attribute name="ProportionalI" value="-9.000000" />
  <attribute name="ProportionalH" value="-9.000000" />
  <attribute name="Current Error" value="-18.000000" />
  <attribute name="IntegralT" value="-450.000000" />
  <attribute name="IntegralI" value="-450.000000" />
  <attribute name="IntegralH" value="-450.000000" />
  <attribute name="DerivativeT" value="-1.080000" />
  <attribute name="DerivativeI" value="-1.080000" />
  <attribute name="DerivativeH" value="-1.080000" />
  <attribute name="Loop Time for DT" value="25.000000" />
  <attribute name="Output H" value="2092630016"/>
  <attribute name="Output I" value="200"/>
  <attribute name="Output T" value="4"/>
  <attribute name="Target GC Util Change" value ="20.000000" />
  <attribute name="Current GC Util Change" value="2.000000"/>
  <attribute name="GC Util currently" value="2" />
  <attribute name="CPU Util currently" value="178114990947" />
<allocation-satisfied id="143" threadId="00000000025A8700" bytesRequested="10032" />
<af-end id="144" timestamp="2019-06-15T03:39:35.487" threadId="00000000025A9088" success="true" from="nursery"/>
<exclusive-end id="145" timestamp="2019-06-15T03:39:35.487" durationms="1.045" />

<exclusive-start id="146" timestamp="2019-06-15T03:39:35.543" intervalms="57.368">
  <response-info timems="0.054" idlems="0.054" threads="0" lastid="00000000025A8700" lastname="main" />
</exclusive-start>
<af-start id="147" threadId="00000000025A9088" totalBytesRequested="2008" timestamp="2019-06-15T03:39:35.543" intervalms="57.416" type="nursery" />
<cycle-start id="148" type="scavenge" contextid="0" timestamp="2019-06-15T03:39:35.544" intervalms="57.463" />
<gc-start id="149" type="scavenge" contextid="148" timestamp="2019-06-15T03:39:35.544">
  <mem-info id="150" free="4711400" total="8388608" percent="56">
    <mem type="nursery" free="0" total="2097152" percent="0">
      <mem type="allocate" free="0" total="1638400" percent="0" />
      <mem type="survivor" free="0" total="458752" percent="0" />
    </mem>
    <mem type="tenure" free="4711400" total="6291456" percent="74">
      <mem type="soa" free="4397032" total="5977088" percent="73" />
      <mem type="loa" free="314368" total="314368" percent="100" />
    </mem>
    <remembered-set count="1108" />
  </mem-info>
</gc-start>
<allocation-stats totalBytes="1511344" >
  <allocated-bytes non-tlh="96264" tlh="1415080" />
  <largest-consumer threadName="main" threadId="00000000025A8700" bytes="1511344" />
</allocation-stats>
<gc-op id="151" type="scavenge" timems="0.664" contextid="148" timestamp="2019-06-15T03:39:35.544">
  <scavenger-info tenureage="3" tenuremask="ff68" tiltratio="78" />
  <memory-copied type="nursery" objects="3288" bytes="290256" bytesdiscarded="36432" />
  <memory-copied type="tenure" objects="520" bytes="16824" bytesdiscarded="0" />
  <finalization candidates="2" enqueued="0" />
  <references type="soft" candidates="45" cleared="0" enqueued="0" dynamicThreshold="32" maxThreshold="32" />
  <references type="weak" candidates="9" cleared="8" enqueued="8" />
  <references type="phantom" candidates="2" cleared="0" enqueued="0" />
</gc-op>
<gc-end id="152" type="scavenge" contextid="148" durationms="0.955" usertimems="4.000" systemtimems="0.000" timestamp="2019-06-15T03:39:35.545" activeThreads="4">
  <mem-info id="153" free="5957336" total="8388608" percent="71">
    <mem type="nursery" free="1245936" total="2097152" percent="59">
      <mem type="allocate" free="1245936" total="1572864" percent="79" />
      <mem type="survivor" free="0" total="524288" percent="0" />
    </mem>
    <mem type="tenure" free="4711400" total="6291456" percent="74">
      <mem type="soa" free="4397032" total="5977088" percent="73" />
      <mem type="loa" free="314368" total="314368" percent="100" />
    </mem>
    <pending-finalizers system="0" default="0" reference="8" classloader="0" />
    <remembered-set count="762" />
  </mem-info>
</gc-end>
<cycle-end id="154" type="scavenge" contextid="148" timestamp="2019-06-15T03:39:35.545" />
  <attribute name="elasticGC enabled" value="1" />
  <attribute name= "numThreadsSpecified" value="4" />
  <attribute name="heapSize specified" value="0" />
  <attribute name="Current GC Util" value="1" />
  <attribute name= "Current Time Running" value="513" />
  <attribute name ="GC Interval" value="200" />
  <attribute name="ProportionalT" value="-9.500000" />
  <attribute name="ProportionalI" value="-9.500000" />
  <attribute name="ProportionalH" value="-9.500000" />
  <attribute name="Current Error" value="-19.000000" />
  <attribute name="IntegralT" value="-1102.000000" />
  <attribute name="IntegralI" value="-1102.000000" />
  <attribute name="IntegralH" value="-1102.000000" />
  <attribute name="DerivativeT" value="-0.491379" />
  <attribute name="DerivativeI" value="-0.491379" />
  <attribute name="DerivativeH" value="-0.491379" />
  <attribute name="Loop Time for DT" value="58.000000" />
  <attribute name="Output H" value="2092630016"/>
  <attribute name="Output I" value="200"/>
  <attribute name="Output T" value="4"/>
  <attribute name="Target GC Util Change" value ="20.000000" />
  <attribute name="Current GC Util Change" value="1.000000"/>
  <attribute name="GC Util currently" value="1" />
  <attribute name="CPU Util currently" value="29" />
<allocation-satisfied id="155" threadId="00000000025A8700" bytesRequested="2008" />
<af-end id="156" timestamp="2019-06-15T03:39:35.545" threadId="00000000025A9088" success="true" from="nursery"/>
<exclusive-end id="157" timestamp="2019-06-15T03:39:35.545" durationms="1.492" />

<exclusive-start id="158" timestamp="2019-06-15T03:39:35.593" intervalms="49.842">
  <response-info timems="0.025" idlems="0.025" threads="0" lastid="00000000025A8700" lastname="main" />
</exclusive-start>
<af-start id="159" threadId="00000000025A9088" totalBytesRequested="2008" timestamp="2019-06-15T03:39:35.593" intervalms="49.833" type="nursery" />
<cycle-start id="160" type="scavenge" contextid="0" timestamp="2019-06-15T03:39:35.593" intervalms="49.832" />
<gc-start id="161" type="scavenge" contextid="160" timestamp="2019-06-15T03:39:35.593">
  <mem-info id="162" free="4708736" total="8388608" percent="56">
    <mem type="nursery" free="0" total="2097152" percent="0">
      <mem type="allocate" free="0" total="1572864" percent="0" />
      <mem type="survivor" free="0" total="524288" percent="0" />
    </mem>
    <mem type="tenure" free="4708736" total="6291456" percent="74">
      <mem type="soa" free="4394368" total="5977088" percent="73" />
      <mem type="loa" free="314368" total="314368" percent="100" />
    </mem>
    <remembered-set count="813" />
  </mem-info>
</gc-start>
<allocation-stats totalBytes="1242792" >
  <allocated-bytes non-tlh="4672" tlh="1238120" />
  <largest-consumer threadName="main" threadId="00000000025A8700" bytes="1242792" />
</allocation-stats>
<gc-op id="163" type="scavenge" timems="0.783" contextid="160" timestamp="2019-06-15T03:39:35.594">
  <scavenger-info tenureage="5" tenuremask="ffe0" tiltratio="75" />
  <memory-copied type="nursery" objects="6084" bytes="428600" bytesdiscarded="95376" />
  <memory-copied type="tenure" objects="618" bytes="26384" bytesdiscarded="0" />
  <copy-failed type="nursery" objects="618" bytes="26384" />
  <finalization candidates="1" enqueued="0" />
  <references type="soft" candidates="50" cleared="0" enqueued="0" dynamicThreshold="32" maxThreshold="32" />
  <references type="weak" candidates="2" cleared="1" enqueued="1" />
  <references type="phantom" candidates="2" cleared="0" enqueued="0" />
</gc-op>
<gc-end id="164" type="scavenge" contextid="160" durationms="1.032" usertimems="0.000" systemtimems="0.000" timestamp="2019-06-15T03:39:35.595" activeThreads="4">
  <mem-info id="165" free="5521536" total="8388608" percent="65">
    <mem type="nursery" free="851968" total="2097152" percent="40">
      <mem type="allocate" free="851968" total="1376256" percent="61" />
      <mem type="survivor" free="0" total="720896" percent="0" />
    </mem>
    <mem type="tenure" free="4669568" total="6291456" percent="74">
      <mem type="soa" free="4355200" total="5977088" percent="72" />
      <mem type="loa" free="314368" total="314368" percent="100" />
    </mem>
    <pending-finalizers system="0" default="0" reference="1" classloader="0" />
    <remembered-set count="740" />
  </mem-info>
</gc-end>
<cycle-end id="166" type="scavenge" contextid="160" timestamp="2019-06-15T03:39:35.595" />
  <attribute name="elasticGC enabled" value="1" />
  <attribute name= "numThreadsSpecified" value="4" />
  <attribute name="heapSize specified" value="0" />
  <attribute name="Current GC Util" value="2" />
  <attribute name= "Current Time Running" value="563" />
  <attribute name ="GC Interval" value="200" />
  <attribute name="ProportionalT" value="-9.000000" />
  <attribute name="ProportionalI" value="-9.000000" />
  <attribute name="ProportionalH" value="-9.000000" />
  <attribute name="Current Error" value="-18.000000" />
  <attribute name="IntegralT" value="-900.000000" />
  <attribute name="IntegralI" value="-900.000000" />
  <attribute name="IntegralH" value="-900.000000" />
  <attribute name="DerivativeT" value="-0.540000" />
  <attribute name="DerivativeI" value="-0.540000" />
  <attribute name="DerivativeH" value="-0.540000" />
  <attribute name="Loop Time for DT" value="50.000000" />
  <attribute name="Output H" value="2092630016"/>
  <attribute name="Output I" value="200"/>
  <attribute name="Output T" value="4"/>
  <attribute name="Target GC Util Change" value ="20.000000" />
  <attribute name="Current GC Util Change" value="2.000000"/>
  <attribute name="GC Util currently" value="2" />
  <attribute name="CPU Util currently" value="13" />
<allocation-satisfied id="167" threadId="00000000025A8700" bytesRequested="2008" />
<af-end id="168" timestamp="2019-06-15T03:39:35.595" threadId="00000000025A9088" success="true" from="nursery"/>
<exclusive-end id="169" timestamp="2019-06-15T03:39:35.595" durationms="1.611" />

<exclusive-start id="170" timestamp="2019-06-15T03:39:35.623" intervalms="29.884">
  <response-info timems="0.039" idlems="0.039" threads="0" lastid="00000000028D9900" lastname="Thread-3" />
</exclusive-start>
<af-start id="171" threadId="00000000028DA288" totalBytesRequested="40" timestamp="2019-06-15T03:39:35.623" intervalms="29.903" type="nursery" />
<cycle-start id="172" type="scavenge" contextid="0" timestamp="2019-06-15T03:39:35.623" intervalms="29.906" />
<gc-start id="173" type="scavenge" contextid="172" timestamp="2019-06-15T03:39:35.623">
  <mem-info id="174" free="4665672" total="8388608" percent="55">
    <mem type="nursery" free="0" total="2097152" percent="0">
      <mem type="allocate" free="0" total="1376256" percent="0" />
      <mem type="survivor" free="0" total="720896" percent="0" />
    </mem>
    <mem type="tenure" free="4665672" total="6291456" percent="74">
      <mem type="soa" free="4351304" total="5977088" percent="72" />
      <mem type="loa" free="314368" total="314368" percent="100" />
    </mem>
    <remembered-set count="829" />
  </mem-info>
</gc-start>
<allocation-stats totalBytes="847040" >
  <allocated-bytes non-tlh="5904" tlh="841136" />
  <largest-consumer threadName="main" threadId="00000000025A8700" bytes="847040" />
</allocation-stats>
<gc-op id="175" type="scavenge" timems="1.017" contextid="172" timestamp="2019-06-15T03:39:35.625">
  <scavenger-info tenureage="3" tenuremask="fff8" tiltratio="65" />
  <memory-copied type="nursery" objects="7323" bytes="395472" bytesdiscarded="100592" />
  <memory-copied type="tenure" objects="593" bytes="95232" bytesdiscarded="0" />
  <finalization candidates="1" enqueued="0" />
  <references type="soft" candidates="59" cleared="0" enqueued="0" dynamicThreshold="32" maxThreshold="32" />
  <references type="weak" candidates="14" cleared="13" enqueued="13" />
  <references type="phantom" candidates="3" cleared="2" enqueued="2" />
</gc-op>
<gc-end id="176" type="scavenge" contextid="172" durationms="1.258" usertimems="0.000" systemtimems="0.000" timestamp="2019-06-15T03:39:35.625" activeThreads="4">
  <mem-info id="177" free="5506360" total="8388608" percent="65">
    <mem type="nursery" free="945400" total="2097152" percent="45">
      <mem type="allocate" free="945400" total="1441792" percent="65" />
      <mem type="survivor" free="0" total="655360" percent="0" />
    </mem>
    <mem type="tenure" free="4560960" total="6291456" percent="72">
      <mem type="soa" free="4246592" total="5977088" percent="71" />
      <mem type="loa" free="314368" total="314368" percent="100" />
    </mem>
    <pending-finalizers system="0" default="0" reference="15" classloader="0" />
    <remembered-set count="432" />
  </mem-info>
</gc-end>
<cycle-end id="178" type="scavenge" contextid="172" timestamp="2019-06-15T03:39:35.625" />
  <attribute name="elasticGC enabled" value="1" />
  <attribute name= "numThreadsSpecified" value="4" />
  <attribute name="heapSize specified" value="0" />
  <attribute name="Current GC Util" value="3" />
  <attribute name= "Current Time Running" value="593" />
  <attribute name ="GC Interval" value="200" />
  <attribute name="ProportionalT" value="-8.500000" />
  <attribute name="ProportionalI" value="-8.500000" />
  <attribute name="ProportionalH" value="-8.500000" />
  <attribute name="Current Error" value="-17.000000" />
  <attribute name="IntegralT" value="-510.000000" />
  <attribute name="IntegralI" value="-510.000000" />
  <attribute name="IntegralH" value="-510.000000" />
  <attribute name="DerivativeT" value="-0.850000" />
  <attribute name="DerivativeI" value="-0.850000" />
  <attribute name="DerivativeH" value="-0.850000" />
  <attribute name="Loop Time for DT" value="30.000000" />
  <attribute name="Output H" value="2092630016"/>
  <attribute name="Output I" value="200"/>
  <attribute name="Output T" value="4"/>
  <attribute name="Target GC Util Change" value ="20.000000" />
  <attribute name="Current GC Util Change" value="3.000000"/>
  <attribute name="GC Util currently" value="3" />
  <attribute name="CPU Util currently" value="21" />
<allocation-satisfied id="179" threadId="00000000028D9900" bytesRequested="40" />
<af-end id="180" timestamp="2019-06-15T03:39:35.625" threadId="00000000028DA288" success="true" from="nursery"/>
<exclusive-end id="181" timestamp="2019-06-15T03:39:35.625" durationms="1.818" />

<exclusive-start id="182" timestamp="2019-06-15T03:39:35.625" intervalms="2.321">
  <response-info timems="0.067" idlems="0.034" threads="2" lastid="00000000028DD500" lastname="Thread-4" />
</exclusive-start>
<sys-start reason="explicit" id="183" timestamp="2019-06-15T03:39:35.625" intervalms="710.483" />
<cycle-start id="184" type="global" contextid="0" timestamp="2019-06-15T03:39:35.626" intervalms="710.618" />
<gc-start id="185" type="global" contextid="184" timestamp="2019-06-15T03:39:35.626">
  <mem-info id="186" free="5436640" total="8388608" percent="64">
    <mem type="nursery" free="875728" total="2097152" percent="41">
      <mem type="allocate" free="875728" total="1441792" percent="60" />
      <mem type="survivor" free="0" total="655360" percent="0" />
    </mem>
    <mem type="tenure" free="4560912" total="6291456" percent="72">
      <mem type="soa" free="4246544" total="5977088" percent="71" />
      <mem type="loa" free="314368" total="314368" percent="100" />
    </mem>
    <remembered-set count="437" />
  </mem-info>
</gc-start>
<allocation-stats totalBytes="69720" >
  <allocated-bytes non-tlh="88" tlh="69632" />
  <largest-consumer threadName="main" threadId="00000000025A8700" bytes="61440" />
</allocation-stats>
<gc-op id="187" type="mark" timems="1.680" contextid="184" timestamp="2019-06-15T03:39:35.627">
  <trace-info objectcount="29345" scancount="23751" scanbytes="867688" />
  <finalization candidates="15" enqueued="0" />
  <references type="soft" candidates="133" cleared="0" enqueued="0" dynamicThreshold="32" maxThreshold="32" />
  <references type="weak" candidates="149" cleared="16" enqueued="8" />
  <references type="phantom" candidates="59" cleared="0" enqueued="0" />
  <stringconstants candidates="3535" cleared="22"  />
</gc-op>
<gc-op id="188" type="classunload" timems="0.077" contextid="184" timestamp="2019-06-15T03:39:35.628">
  <classunload-info classloadercandidates="19" classloadersunloaded="0" classesunloaded="0" anonymousclassesunloaded="0" quiescems="0.000" setupms="0.077" scanms="0.000" postms="0.000" />
</gc-op>
<gc-op id="189" type="sweep" timems="0.419" contextid="184" timestamp="2019-06-15T03:39:35.628" />
<mem-info id="190" free="5763240" total="8388608" percent="68">
  <mem type="nursery" free="1051168" total="2097152" percent="50">
    <mem type="allocate" free="1051168" total="1441792" percent="72" />
    <mem type="survivor" free="0" total="655360" percent="0" />
  </mem>
  <mem type="tenure" free="4712072" total="6291456" percent="74" micro-fragmented="23237" macro-fragmented="0">
    <mem type="soa" free="4397704" total="5977088" percent="73" />
    <mem type="loa" free="314368" total="314368" percent="100" />
  </mem>
  <pending-finalizers system="0" default="0" reference="8" classloader="0" />
  <remembered-set count="374" />
</mem-info>
<gc-op id="191" type="compact" timems="4.794" contextid="184" timestamp="2019-06-15T03:39:35.633">
  <compact-info movecount="25640" movebytes="1783024" reason="compact to aid heap contraction" />
</gc-op>
<gc-end id="192" type="global" contextid="184" durationms="7.789" usertimems="12.000" systemtimems="0.000" timestamp="2019-06-15T03:39:35.633" activeThreads="4">
  <mem-info id="193" free="5782192" total="8388608" percent="68">
    <mem type="nursery" free="1058576" total="2097152" percent="50">
      <mem type="allocate" free="1058576" total="1441792" percent="73" />
      <mem type="survivor" free="0" total="655360" percent="0" />
    </mem>
    <mem type="tenure" free="4723616" total="6291456" percent="75">
      <mem type="soa" free="4409248" total="5977088" percent="73" />
      <mem type="loa" free="314368" total="314368" percent="100" />
    </mem>
    <pending-finalizers system="0" default="0" reference="8" classloader="0" />
    <remembered-set count="374" />
  </mem-info>
</gc-end>
<cycle-end id="194" type="global" contextid="184" timestamp="2019-06-15T03:39:35.633" />
  <attribute name="elasticGC enabled" value="1" />
  <attribute name= "numThreadsSpecified" value="4" />
  <attribute name="heapSize specified" value="8388608" />
  <attribute name="Current GC Util" value="72" />
  <attribute name= "Current Time Running" value="602" />
  <attribute name ="GC Interval" value="200" />
  <attribute name="ProportionalT" value="26.000000" />
  <attribute name="ProportionalI" value="26.000000" />
  <attribute name="ProportionalH" value="26.000000" />
  <attribute name="Current Error" value="52.000000" />
  <attribute name="IntegralT" value="260.000000" />
  <attribute name="IntegralI" value="260.000000" />
  <attribute name="IntegralH" value="260.000000" />
  <attribute name="DerivativeT" value="14.700000" />
  <attribute name="DerivativeI" value="14.700000" />
  <attribute name="DerivativeH" value="14.700000" />
  <attribute name="Loop Time for DT" value="5.000000" />
  <attribute name="Output H" value="8388608"/>
  <attribute name="Output I" value="304"/>
  <attribute name="Output T" value="4"/>
  <attribute name="Target GC Util Change" value ="20.000000" />
  <attribute name="Current GC Util Change" value="72.000000"/>
  <attribute name="GC Util currently" value="72" />
  <attribute name="CPU Util currently" value="952922588030" />
<sys-end id="195" timestamp="2019-06-15T03:39:35.634" />
<exclusive-end id="196" timestamp="2019-06-15T03:39:35.634" durationms="8.280" />

<exclusive-start id="197" timestamp="2019-06-15T03:39:35.674" intervalms="49.002">
  <response-info timems="0.050" idlems="0.022" threads="2" lastid="00000000028E4D00" lastname="Thread-6" />
</exclusive-start>
<af-start id="198" threadId="00000000028DDE88" totalBytesRequested="16392" timestamp="2019-06-15T03:39:35.674" intervalms="51.282" type="nursery" />
<cycle-start id="199" type="scavenge" contextid="0" timestamp="2019-06-15T03:39:35.675" intervalms="51.252" />
<gc-start id="200" type="scavenge" contextid="199" timestamp="2019-06-15T03:39:35.675">
  <mem-info id="201" free="4715720" total="8388608" percent="56">
    <mem type="nursery" free="0" total="2097152" percent="0">
      <mem type="allocate" free="0" total="1441792" percent="0" />
      <mem type="survivor" free="0" total="655360" percent="0" />
    </mem>
    <mem type="tenure" free="4715720" total="6291456" percent="74">
      <mem type="soa" free="4401352" total="5977088" percent="73" />
      <mem type="loa" free="314368" total="314368" percent="100" />
    </mem>
    <remembered-set count="496" />
  </mem-info>
</gc-start>
<allocation-stats totalBytes="1020624" >
  <allocated-bytes non-tlh="171200" tlh="849424" />
  <largest-consumer threadName="Thread-3" threadId="00000000028D9900" bytes="720984" />
</allocation-stats>
<gc-op id="202" type="scavenge" timems="2.667" contextid="199" timestamp="2019-06-15T03:39:35.677">
  <scavenger-info tenureage="3" tenuremask="ffc8" tiltratio="68" />
  <memory-copied type="nursery" objects="5507" bytes="342552" bytesdiscarded="58856" />
  <memory-copied type="tenure" objects="2154" bytes="163880" bytesdiscarded="72" />
  <finalization candidates="4" enqueued="2" />
  <references type="soft" candidates="17" cleared="0" enqueued="0" dynamicThreshold="24" maxThreshold="32" />
  <references type="weak" candidates="22" cleared="5" enqueued="5" />
  <references type="phantom" candidates="14" cleared="0" enqueued="0" />
</gc-op>
<gc-end id="203" type="scavenge" contextid="199" durationms="3.008" usertimems="4.000" systemtimems="0.000" timestamp="2019-06-15T03:39:35.678" activeThreads="4">
  <mem-info id="204" free="5463720" total="8388608" percent="65">
    <mem type="nursery" free="1040104" total="2097152" percent="49">
      <mem type="allocate" free="1040104" total="1441792" percent="72" />
      <mem type="survivor" free="0" total="655360" percent="0" />
    </mem>
    <mem type="tenure" free="4423616" total="6291456" percent="70">
      <mem type="soa" free="4109248" total="5977088" percent="68" />
      <mem type="loa" free="314368" total="314368" percent="100" />
    </mem>
    <pending-finalizers system="2" default="0" reference="5" classloader="0" />
    <remembered-set count="739" />
  </mem-info>
</gc-end>
<cycle-end id="205" type="scavenge" contextid="199" timestamp="2019-06-15T03:39:35.678" />
  <attribute name="elasticGC enabled" value="1" />
  <attribute name= "numThreadsSpecified" value="4" />
  <attribute name="heapSize specified" value="8388608" />
  <attribute name="Current GC Util" value="15" />
  <attribute name= "Current Time Running" value="644" />
  <attribute name ="GC Interval" value="200" />
  <attribute name="ProportionalT" value="-2.500000" />
  <attribute name="ProportionalI" value="-2.500000" />
  <attribute name="ProportionalH" value="-2.500000" />
  <attribute name="Current Error" value="-5.000000" />
  <attribute name="IntegralT" value="-210.000000" />
  <attribute name="IntegralI" value="-210.000000" />
  <attribute name="IntegralH" value="-210.000000" />
  <attribute name="DerivativeT" value="-2.035714" />
  <attribute name="DerivativeI" value="-2.035714" />
  <attribute name="DerivativeH" value="-2.035714" />
  <attribute name="Loop Time for DT" value="42.000000" />
  <attribute name="Output H" value="2092630016"/>
  <attribute name="Output I" value="200"/>
  <attribute name="Output T" value="4"/>
  <attribute name="Target GC Util Change" value ="20.000000" />
  <attribute name="Current GC Util Change" value="15.000000"/>
  <attribute name="GC Util currently" value="15" />
  <attribute name="CPU Util currently" value="7" />
<allocation-satisfied id="206" threadId="00000000028DD500" bytesRequested="16392" />
<af-end id="207" timestamp="2019-06-15T03:39:35.678" threadId="00000000028DDE88" success="true" from="nursery"/>
<exclusive-end id="208" timestamp="2019-06-15T03:39:35.678" durationms="3.600" />

<exclusive-start id="209" timestamp="2019-06-15T03:39:35.687" intervalms="12.835">
  <response-info timems="0.022" idlems="0.022" threads="0" lastid="00000000028E4D00" lastname="Thread-6" />
</exclusive-start>
<af-start id="210" threadId="00000000028E5688" totalBytesRequested="520" timestamp="2019-06-15T03:39:35.687" intervalms="12.870" type="nursery" />
<cycle-start id="211" type="scavenge" contextid="0" timestamp="2019-06-15T03:39:35.687" intervalms="12.913" />
<gc-start id="212" type="scavenge" contextid="211" timestamp="2019-06-15T03:39:35.688">
  <mem-info id="213" free="4420208" total="8388608" percent="52">
    <mem type="nursery" free="0" total="2097152" percent="0">
      <mem type="allocate" free="0" total="1441792" percent="0" />
      <mem type="survivor" free="0" total="655360" percent="0" />
    </mem>
    <mem type="tenure" free="4420208" total="6291456" percent="70">
      <mem type="soa" free="4105840" total="5977088" percent="68" />
      <mem type="loa" free="314368" total="314368" percent="100" />
    </mem>
    <remembered-set count="786" />
  </mem-info>
</gc-start>
<allocation-stats totalBytes="984344" >
  <allocated-bytes non-tlh="286240" tlh="698104" />
  <largest-consumer threadName="Thread-5" threadId="00000000028E1100" bytes="515688" />
</allocation-stats>
<gc-op id="214" type="scavenge" timems="2.611" contextid="211" timestamp="2019-06-15T03:39:35.690">
  <scavenger-info tenureage="5" tenuremask="ffe0" tiltratio="68" />
  <memory-copied type="nursery" objects="1941" bytes="639736" bytesdiscarded="15304" />
  <memory-copied type="tenure" objects="3726" bytes="148248" bytesdiscarded="96" />
  <copy-failed type="nursery" objects="3726" bytes="148256" />
  <finalization candidates="1" enqueued="0" />
  <references type="soft" candidates="16" cleared="0" enqueued="0" dynamicThreshold="24" maxThreshold="32" />
  <references type="weak" candidates="16" cleared="0" enqueued="0" />
  <references type="phantom" candidates="17" cleared="0" enqueued="0" />
</gc-op>
<heap-resize id="215" type="expand" space="nursery" amount="262144" count="1" timems="0.240" reason="excessive time being spent scavenging" timestamp="2019-06-15T03:39:35.691" />
<gc-end id="216" type="scavenge" contextid="211" durationms="3.254" usertimems="4.000" systemtimems="0.000" timestamp="2019-06-15T03:39:35.691" activeThreads="4">
  <mem-info id="217" free="4787824" total="8650752" percent="55">
    <mem type="nursery" free="524288" total="2359296" percent="22">
      <mem type="allocate" free="524288" total="1179648" percent="44" />
      <mem type="survivor" free="0" total="1179648" percent="0" />
    </mem>
    <mem type="tenure" free="4263536" total="6291456" percent="67">
      <mem type="soa" free="3949168" total="5977088" percent="66" />
      <mem type="loa" free="314368" total="314368" percent="100" />
    </mem>
    <remembered-set count="1408" />
  </mem-info>
</gc-end>
<cycle-end id="218" type="scavenge" contextid="211" timestamp="2019-06-15T03:39:35.691" />
  <attribute name="elasticGC enabled" value="1" />
  <attribute name= "numThreadsSpecified" value="4" />
  <attribute name="heapSize specified" value="8388608" />
  <attribute name="Current GC Util" value="27" />
  <attribute name= "Current Time Running" value="657" />
  <attribute name ="GC Interval" value="200" />
  <attribute name="ProportionalT" value="3.500000" />
  <attribute name="ProportionalI" value="3.500000" />
  <attribute name="ProportionalH" value="3.500000" />
  <attribute name="Current Error" value="7.000000" />
  <attribute name="IntegralT" value="91.000000" />
  <attribute name="IntegralI" value="91.000000" />
  <attribute name="IntegralH" value="91.000000" />
  <attribute name="DerivativeT" value="0.807692" />
  <attribute name="DerivativeI" value="0.807692" />
  <attribute name="DerivativeH" value="0.807692" />
  <attribute name="Loop Time for DT" value="13.000000" />
  <attribute name="Output H" value="8388608"/>
  <attribute name="Output I" value="200"/>
  <attribute name="Output T" value="4"/>
  <attribute name="Target GC Util Change" value ="20.000000" />
  <attribute name="Current GC Util Change" value="27.000000"/>
  <attribute name="GC Util currently" value="27" />
  <attribute name="CPU Util currently" value="355512986348" />
<allocation-satisfied id="219" threadId="00000000028E4D00" bytesRequested="520" />
<af-end id="220" timestamp="2019-06-15T03:39:35.691" threadId="00000000028E5688" success="true" from="nursery"/>
<exclusive-end id="221" timestamp="2019-06-15T03:39:35.691" durationms="3.852" />

<exclusive-start id="222" timestamp="2019-06-15T03:39:35.701" intervalms="14.150">
  <response-info timems="0.067" idlems="0.037" threads="1" lastid="00000000028E1100" lastname="Thread-5" />
</exclusive-start>
<af-start id="223" threadId="00000000028DDE88" totalBytesRequested="3408" timestamp="2019-06-15T03:39:35.701" intervalms="14.144" type="nursery" />
<cycle-start id="224" type="scavenge" contextid="0" timestamp="2019-06-15T03:39:35.702" intervalms="14.137" />
<gc-start id="225" type="scavenge" contextid="224" timestamp="2019-06-15T03:39:35.702">
  <mem-info id="226" free="4254928" total="8650752" percent="49">
    <mem type="nursery" free="0" total="2359296" percent="0">
      <mem type="allocate" free="0" total="1179648" percent="0" />
      <mem type="survivor" free="0" total="1179648" percent="0" />
    </mem>
    <mem type="tenure" free="4254928" total="6291456" percent="67">
      <mem type="soa" free="3940560" total="5977088" percent="65" />
      <mem type="loa" free="314368" total="314368" percent="100" />
    </mem>
    <remembered-set count="1584" />
  </mem-info>
</gc-start>
<allocation-stats totalBytes="515096" >
  <allocated-bytes non-tlh="31856" tlh="483240" />
  <largest-consumer threadName="Thread-4" threadId="00000000028DD500" bytes="229920" />
</allocation-stats>
<gc-op id="227" type="scavenge" timems="2.476" contextid="224" timestamp="2019-06-15T03:39:35.704">
  <scavenger-info tenureage="3" tenuremask="fff8" tiltratio="50" />
  <memory-copied type="nursery" objects="1434" bytes="736768" bytesdiscarded="33296" />
  <memory-copied type="tenure" objects="1318" bytes="74488" bytesdiscarded="8" />
  <finalization candidates="1" enqueued="0" />
  <references type="soft" candidates="4" cleared="0" enqueued="0" dynamicThreshold="24" maxThreshold="32" />
  <references type="weak" candidates="17" cleared="1" enqueued="1" />
  <references type="phantom" candidates="17" cleared="0" enqueued="0" />
</gc-op>
<heap-resize id="228" type="expand" space="nursery" amount="262144" count="1" timems="0.014" reason="excessive time being spent scavenging" timestamp="2019-06-15T03:39:35.705" />
<gc-end id="229" type="scavenge" contextid="224" durationms="2.930" usertimems="4.000" systemtimems="0.000" timestamp="2019-06-15T03:39:35.705" activeThreads="4">
  <mem-info id="230" free="4756256" total="8912896" percent="53">
    <mem type="nursery" free="540496" total="2621440" percent="20">
      <mem type="allocate" free="540496" total="1310720" percent="41" />
      <mem type="survivor" free="0" total="1310720" percent="0" />
    </mem>
    <mem type="tenure" free="4215760" total="6291456" percent="67">
      <mem type="soa" free="3901392" total="5977088" percent="65" />
      <mem type="loa" free="314368" total="314368" percent="100" />
    </mem>
    <pending-finalizers system="0" default="0" reference="1" classloader="0" />
    <remembered-set count="327" />
  </mem-info>
</gc-end>
<cycle-end id="231" type="scavenge" contextid="224" timestamp="2019-06-15T03:39:35.705" />
  <attribute name="elasticGC enabled" value="1" />
  <attribute name= "numThreadsSpecified" value="4" />
  <attribute name="heapSize specified" value="8388608" />
  <attribute name="Current GC Util" value="25" />
  <attribute name= "Current Time Running" value="671" />
  <attribute name ="GC Interval" value="200" />
  <attribute name="ProportionalT" value="2.500000" />
  <attribute name="ProportionalI" value="2.500000" />
  <attribute name="ProportionalH" value="2.500000" />
  <attribute name="Current Error" value="5.000000" />
  <attribute name="IntegralT" value="70.000000" />
  <attribute name="IntegralI" value="70.000000" />
  <attribute name="IntegralH" value="70.000000" />
  <attribute name="DerivativeT" value="-0.214286" />
  <attribute name="DerivativeI" value="-0.214286" />
  <attribute name="DerivativeH" value="-0.214286" />
  <attribute name="Loop Time for DT" value="14.000000" />
  <attribute name="Output H" value="8388608"/>
  <attribute name="Output I" value="200"/>
  <attribute name="Output T" value="4"/>
  <attribute name="Target GC Util Change" value ="20.000000" />
  <attribute name="Current GC Util Change" value="25.000000"/>
  <attribute name="GC Util currently" value="25" />
  <attribute name="CPU Util currently" value="326733464371" />
<allocation-satisfied id="232" threadId="00000000028DD500" bytesRequested="3408" />
<af-end id="233" timestamp="2019-06-15T03:39:35.705" threadId="00000000028DDE88" success="true" from="nursery"/>
<exclusive-end id="234" timestamp="2019-06-15T03:39:35.705" durationms="3.619" />

<exclusive-start id="235" timestamp="2019-06-15T03:39:35.736" intervalms="34.191">
  <response-info timems="0.115" idlems="0.067" threads="1" lastid="00000000028E4D00" lastname="Thread-6" />
</exclusive-start>
<af-start id="236" threadId="00000000028E1A88" totalBytesRequested="16392" timestamp="2019-06-15T03:39:35.736" intervalms="34.214" type="nursery" />
<cycle-start id="237" type="scavenge" contextid="0" timestamp="2019-06-15T03:39:35.736" intervalms="34.240" />
<gc-start id="238" type="scavenge" contextid="237" timestamp="2019-06-15T03:39:35.736">
  <mem-info id="239" free="4203904" total="8912896" percent="47">
    <mem type="nursery" free="0" total="2621440" percent="0">
      <mem type="allocate" free="0" total="1310720" percent="0" />
      <mem type="survivor" free="0" total="1310720" percent="0" />
    </mem>
    <mem type="tenure" free="4203904" total="6291456" percent="66">
      <mem type="soa" free="3889536" total="5977088" percent="65" />
      <mem type="loa" free="314368" total="314368" percent="100" />
    </mem>
    <remembered-set count="513" />
  </mem-info>
</gc-start>
<allocation-stats totalBytes="521856" >
  <allocated-bytes non-tlh="15264" tlh="506592" />
  <largest-consumer threadName="Thread-4" threadId="00000000028DD500" bytes="210696" />
</allocation-stats>
<gc-op id="240" type="scavenge" timems="2.485" contextid="237" timestamp="2019-06-15T03:39:35.739">
  <scavenger-info tenureage="2" tenuremask="ffec" tiltratio="50" />
  <memory-copied type="nursery" objects="1591" bytes="310520" bytesdiscarded="19152" />
  <memory-copied type="tenure" objects="605" bytes="564248" bytesdiscarded="0" />
  <finalization candidates="11" enqueued="1" />
  <references type="soft" candidates="18" cleared="0" enqueued="0" dynamicThreshold="24" maxThreshold="32" />
  <references type="weak" candidates="111" cleared="27" enqueued="15" />
  <references type="phantom" candidates="4" cleared="0" enqueued="0" />
</gc-op>
<gc-end id="241" type="scavenge" contextid="237" durationms="2.811" usertimems="4.000" systemtimems="0.000" timestamp="2019-06-15T03:39:35.739" activeThreads="4">
  <mem-info id="242" free="4694456" total="8912896" percent="52">
    <mem type="nursery" free="1112048" total="2621440" percent="42">
      <mem type="allocate" free="1112048" total="1441792" percent="77" />
      <mem type="survivor" free="0" total="1179648" percent="0" />
    </mem>
    <mem type="tenure" free="3582408" total="6291456" percent="56">
      <mem type="soa" free="3268040" total="5977088" percent="54" />
      <mem type="loa" free="314368" total="314368" percent="100" />
    </mem>
    <pending-finalizers system="1" default="0" reference="15" classloader="0" />
    <remembered-set count="447" />
  </mem-info>
</gc-end>
<cycle-end id="243" type="scavenge" contextid="237" timestamp="2019-06-15T03:39:35.739" />
  <attribute name="elasticGC enabled" value="1" />
  <attribute name= "numThreadsSpecified" value="4" />
  <attribute name="heapSize specified" value="8388608" />
  <attribute name="Current GC Util" value="10" />
  <attribute name= "Current Time Running" value="705" />
  <attribute name ="GC Interval" value="200" />
  <attribute name="ProportionalT" value="-5.000000" />
  <attribute name="ProportionalI" value="-5.000000" />
  <attribute name="ProportionalH" value="-5.000000" />
  <attribute name="Current Error" value="-10.000000" />
  <attribute name="IntegralT" value="-340.000000" />
  <attribute name="IntegralI" value="-340.000000" />
  <attribute name="IntegralH" value="-340.000000" />
  <attribute name="DerivativeT" value="-0.661765" />
  <attribute name="DerivativeI" value="-0.661765" />
  <attribute name="DerivativeH" value="-0.661765" />
  <attribute name="Loop Time for DT" value="34.000000" />
  <attribute name="Output H" value="2092630016"/>
  <attribute name="Output I" value="200"/>
  <attribute name="Output T" value="4"/>
  <attribute name="Target GC Util Change" value ="20.000000" />
  <attribute name="Current GC Util Change" value="10.000000"/>
  <attribute name="GC Util currently" value="10" />
  <attribute name="CPU Util currently" value="134598293730" />
<allocation-satisfied id="244" threadId="00000000028E1100" bytesRequested="16392" />
<af-end id="245" timestamp="2019-06-15T03:39:35.739" threadId="00000000028E1A88" success="true" from="nursery"/>
<exclusive-end id="246" timestamp="2019-06-15T03:39:35.739" durationms="3.567" />

<exclusive-start id="247" timestamp="2019-06-15T03:39:35.776" intervalms="39.958">
  <response-info timems="0.046" idlems="0.046" threads="0" lastid="00000000028E1100" lastname="Thread-5" />
</exclusive-start>
<af-start id="248" threadId="00000000028E1A88" totalBytesRequested="2472" timestamp="2019-06-15T03:39:35.776" intervalms="39.964" type="nursery" />
<cycle-start id="249" type="scavenge" contextid="0" timestamp="2019-06-15T03:39:35.776" intervalms="39.960" />
<gc-start id="250" type="scavenge" contextid="249" timestamp="2019-06-15T03:39:35.776">
  <mem-info id="251" free="3576328" total="8912896" percent="40">
    <mem type="nursery" free="0" total="2621440" percent="0">
      <mem type="allocate" free="0" total="1441792" percent="0" />
      <mem type="survivor" free="0" total="1179648" percent="0" />
    </mem>
    <mem type="tenure" free="3576328" total="6291456" percent="56">
      <mem type="soa" free="3261960" total="5977088" percent="54" />
      <mem type="loa" free="314368" total="314368" percent="100" />
    </mem>
    <remembered-set count="549" />
  </mem-info>
</gc-start>
<allocation-stats totalBytes="1088552" >
  <allocated-bytes non-tlh="22472" tlh="1066080" />
  <largest-consumer threadName="Thread-3" threadId="00000000028D9900" bytes="406664" />
</allocation-stats>
<gc-op id="252" type="scavenge" timems="2.773" contextid="249" timestamp="2019-06-15T03:39:35.779">
  <scavenger-info tenureage="5" tenuremask="ffe0" tiltratio="55" />
  <memory-copied type="nursery" objects="6505" bytes="399344" bytesdiscarded="103120" />
  <finalization candidates="9" enqueued="0" />
  <references type="soft" candidates="21" cleared="0" enqueued="0" dynamicThreshold="24" maxThreshold="32" />
  <references type="weak" candidates="88" cleared="6" enqueued="6" />
  <references type="phantom" candidates="3" cleared="0" enqueued="0" />
</gc-op>
<gc-end id="253" type="scavenge" contextid="249" durationms="2.958" usertimems="0.000" systemtimems="4.000" timestamp="2019-06-15T03:39:35.779" activeThreads="4">
  <mem-info id="254" free="4646624" total="8912896" percent="52">
    <mem type="nursery" free="1070296" total="2621440" percent="40">
      <mem type="allocate" free="1070296" total="1572864" percent="68" />
      <mem type="survivor" free="0" total="1048576" percent="0" />
    </mem>
    <mem type="tenure" free="3576328" total="6291456" percent="56">
      <mem type="soa" free="3261960" total="5977088" percent="54" />
      <mem type="loa" free="314368" total="314368" percent="100" />
    </mem>
    <pending-finalizers system="0" default="0" reference="6" classloader="0" />
    <remembered-set count="372" />
  </mem-info>
</gc-end>
<cycle-end id="255" type="scavenge" contextid="249" timestamp="2019-06-15T03:39:35.779" />
  <attribute name="elasticGC enabled" value="1" />
  <attribute name= "numThreadsSpecified" value="4" />
  <attribute name="heapSize specified" value="8388608" />
  <attribute name="Current GC Util" value="8" />
  <attribute name= "Current Time Running" value="745" />
  <attribute name ="GC Interval" value="200" />
  <attribute name="ProportionalT" value="-6.000000" />
  <attribute name="ProportionalI" value="-6.000000" />
  <attribute name="ProportionalH" value="-6.000000" />
  <attribute name="Current Error" value="-12.000000" />
  <attribute name="IntegralT" value="-480.000000" />
  <attribute name="IntegralI" value="-480.000000" />
  <attribute name="IntegralH" value="-480.000000" />
  <attribute name="DerivativeT" value="-0.450000" />
  <attribute name="DerivativeI" value="-0.450000" />
  <attribute name="DerivativeH" value="-0.450000" />
  <attribute name="Loop Time for DT" value="40.000000" />
  <attribute name="Output H" value="2092630016"/>
  <attribute name="Output I" value="200"/>
  <attribute name="Output T" value="4"/>
  <attribute name="Target GC Util Change" value ="20.000000" />
  <attribute name="Current GC Util Change" value="8.000000"/>
  <attribute name="GC Util currently" value="8" />
  <attribute name="CPU Util currently" value="10" />
<allocation-satisfied id="256" threadId="00000000028E1100" bytesRequested="2472" />
<af-end id="257" timestamp="2019-06-15T03:39:35.779" threadId="00000000028E1A88" success="true" from="nursery"/>
<exclusive-end id="258" timestamp="2019-06-15T03:39:35.779" durationms="3.712" />

<exclusive-start id="259" timestamp="2019-06-15T03:39:35.822" intervalms="46.282">
  <response-info timems="0.073" idlems="0.073" threads="0" lastid="00000000028E1100" lastname="Thread-5" />
</exclusive-start>
<af-start id="260" threadId="00000000028E1A88" totalBytesRequested="48" timestamp="2019-06-15T03:39:35.822" intervalms="46.278" type="nursery" />
<cycle-start id="261" type="scavenge" contextid="0" timestamp="2019-06-15T03:39:35.822" intervalms="46.272" />
<gc-start id="262" type="scavenge" contextid="261" timestamp="2019-06-15T03:39:35.822">
  <mem-info id="263" free="3561144" total="8912896" percent="39">
    <mem type="nursery" free="0" total="2621440" percent="0">
      <mem type="allocate" free="0" total="1572864" percent="0" />
      <mem type="survivor" free="0" total="1048576" percent="0" />
    </mem>
    <mem type="tenure" free="3561144" total="6291456" percent="56">
      <mem type="soa" free="3246776" total="5977088" percent="54" />
      <mem type="loa" free="314368" total="314368" percent="100" />
    </mem>
    <remembered-set count="633" />
  </mem-info>
</gc-start>
<allocation-stats totalBytes="1080312" >
  <allocated-bytes non-tlh="19712" tlh="1060600" />
  <largest-consumer threadName="Thread-4" threadId="00000000028DD500" bytes="395160" />
</allocation-stats>
<gc-op id="264" type="scavenge" timems="3.016" contextid="261" timestamp="2019-06-15T03:39:35.825">
  <scavenger-info tenureage="3" tenuremask="7fe8" tiltratio="60" />
  <memory-copied type="nursery" objects="7711" bytes="517400" bytesdiscarded="89480" />
  <memory-copied type="tenure" objects="786" bytes="162736" bytesdiscarded="744" />
  <finalization candidates="9" enqueued="0" />
  <references type="soft" candidates="25" cleared="0" enqueued="0" dynamicThreshold="24" maxThreshold="32" />
  <references type="weak" candidates="115" cleared="11" enqueued="8" />
  <references type="phantom" candidates="3" cleared="0" enqueued="0" />
</gc-op>
<heap-resize id="265" type="expand" space="nursery" amount="131072" count="1" timems="0.014" reason="excessive time being spent scavenging" timestamp="2019-06-15T03:39:35.825" />
<gc-end id="266" type="scavenge" contextid="261" durationms="3.415" usertimems="8.000" systemtimems="0.000" timestamp="2019-06-15T03:39:35.826" activeThreads="4">
  <mem-info id="267" free="4417656" total="9043968" percent="48">
    <mem type="nursery" free="1096896" total="2752512" percent="39">
      <mem type="allocate" free="1096896" total="1703936" percent="64" />
      <mem type="survivor" free="0" total="1048576" percent="0" />
    </mem>
    <mem type="tenure" free="3320760" total="6291456" percent="52">
      <mem type="soa" free="3006392" total="5977088" percent="50" />
      <mem type="loa" free="314368" total="314368" percent="100" />
    </mem>
    <pending-finalizers system="0" default="0" reference="8" classloader="0" />
    <remembered-set count="524" />
  </mem-info>
</gc-end>
<cycle-end id="268" type="scavenge" contextid="261" timestamp="2019-06-15T03:39:35.826" />
  <attribute name="elasticGC enabled" value="1" />
  <attribute name= "numThreadsSpecified" value="4" />
  <attribute name="heapSize specified" value="8388608" />
  <attribute name="Current GC Util" value="8" />
  <attribute name= "Current Time Running" value="792" />
  <attribute name ="GC Interval" value="200" />
  <attribute name="ProportionalT" value="-6.000000" />
  <attribute name="ProportionalI" value="-6.000000" />
  <attribute name="ProportionalH" value="-6.000000" />
  <attribute name="Current Error" value="-12.000000" />
  <attribute name="IntegralT" value="-564.000000" />
  <attribute name="IntegralI" value="-564.000000" />
  <attribute name="IntegralH" value="-564.000000" />
  <attribute name="DerivativeT" value="-0.382979" />
  <attribute name="DerivativeI" value="-0.382979" />
  <attribute name="DerivativeH" value="-0.382979" />
  <attribute name="Loop Time for DT" value="47.000000" />
  <attribute name="Output H" value="2092630016"/>
  <attribute name="Output I" value="200"/>
  <attribute name="Output T" value="4"/>
  <attribute name="Target GC Util Change" value ="20.000000" />
  <attribute name="Current GC Util Change" value="8.000000"/>
  <attribute name="GC Util currently" value="8" />
  <attribute name="CPU Util currently" value="12" />
<allocation-satisfied id="269" threadId="00000000028E1100" bytesRequested="48" />
<af-end id="270" timestamp="2019-06-15T03:39:35.826" threadId="00000000028E1A88" success="true" from="nursery"/>
<exclusive-end id="271" timestamp="2019-06-15T03:39:35.826" durationms="4.160" />

<exclusive-start id="272" timestamp="2019-06-15T03:39:35.874" intervalms="52.433">
  <response-info timems="0.049" idlems="0.049" threads="0" lastid="00000000028E1100" lastname="Thread-5" />
</exclusive-start>
<af-start id="273" threadId="00000000028E1A88" totalBytesRequested="2056" timestamp="2019-06-15T03:39:35.874" intervalms="52.360" type="nursery" />
<cycle-start id="274" type="scavenge" contextid="0" timestamp="2019-06-15T03:39:35.874" intervalms="52.289" />
<gc-start id="275" type="scavenge" contextid="274" timestamp="2019-06-15T03:39:35.874">
  <mem-info id="276" free="3320344" total="9043968" percent="36">
    <mem type="nursery" free="0" total="2752512" percent="0">
      <mem type="allocate" free="0" total="1703936" percent="0" />
      <mem type="survivor" free="0" total="1048576" percent="0" />
    </mem>
    <mem type="tenure" free="3320344" total="6291456" percent="52">
      <mem type="soa" free="3005976" total="5977088" percent="50" />
      <mem type="loa" free="314368" total="314368" percent="100" />
    </mem>
    <remembered-set count="570" />
  </mem-info>
</gc-start>
<allocation-stats totalBytes="1054840" >
  <allocated-bytes non-tlh="66016" tlh="988824" />
  <largest-consumer threadName="Thread-4" threadId="00000000028DD500" bytes="453320" />
</allocation-stats>
<gc-op id="277" type="scavenge" timems="0.720" contextid="274" timestamp="2019-06-15T03:39:35.875">
  <scavenger-info tenureage="3" tenuremask="7ff8" tiltratio="61" />
  <memory-copied type="nursery" objects="7261" bytes="865432" bytesdiscarded="183000" />
  <memory-copied type="tenure" objects="913" bytes="61312" bytesdiscarded="136" />
  <copy-failed type="nursery" objects="355" bytes="33168" />
  <finalization candidates="9" enqueued="0" />
  <references type="soft" candidates="7" cleared="0" enqueued="0" dynamicThreshold="24" maxThreshold="32" />
  <references type="weak" candidates="28" cleared="0" enqueued="0" />
  <references type="phantom" candidates="3" cleared="0" enqueued="0" />
</gc-op>
<gc-end id="278" type="scavenge" contextid="274" durationms="0.900" usertimems="0.000" systemtimems="0.000" timestamp="2019-06-15T03:39:35.875" activeThreads="4">
  <mem-info id="279" free="3608856" total="9043968" percent="39">
    <mem type="nursery" free="327680" total="2752512" percent="11">
      <mem type="allocate" free="327680" total="1376256" percent="23" />
      <mem type="survivor" free="0" total="1376256" percent="0" />
    </mem>
    <mem type="tenure" free="3281176" total="6291456" percent="52">
      <mem type="soa" free="2966808" total="5977088" percent="49" />
      <mem type="loa" free="314368" total="314368" percent="100" />
    </mem>
    <remembered-set count="428" />
  </mem-info>
</gc-end>
<cycle-end id="280" type="scavenge" contextid="274" timestamp="2019-06-15T03:39:35.875" />
  <attribute name="elasticGC enabled" value="1" />
  <attribute name= "numThreadsSpecified" value="4" />
  <attribute name="heapSize specified" value="8388608" />
  <attribute name="Current GC Util" value="8" />
  <attribute name= "Current Time Running" value="844" />
  <attribute name ="GC Interval" value="200" />
  <attribute name="ProportionalT" value="-6.000000" />
  <attribute name="ProportionalI" value="-6.000000" />
  <attribute name="ProportionalH" value="-6.000000" />
  <attribute name="Current Error" value="-12.000000" />
  <attribute name="IntegralT" value="-624.000000" />
  <attribute name="IntegralI" value="-624.000000" />
  <attribute name="IntegralH" value="-624.000000" />
  <attribute name="DerivativeT" value="-0.346154" />
  <attribute name="DerivativeI" value="-0.346154" />
  <attribute name="DerivativeH" value="-0.346154" />
  <attribute name="Loop Time for DT" value="52.000000" />
  <attribute name="Output H" value="2092630016"/>
  <attribute name="Output I" value="200"/>
  <attribute name="Output T" value="4"/>
  <attribute name="Target GC Util Change" value ="20.000000" />
  <attribute name="Current GC Util Change" value="8.000000"/>
  <attribute name="GC Util currently" value="8" />
  <attribute name="CPU Util currently" value="52" />
<allocation-satisfied id="281" threadId="00000000028E1100" bytesRequested="2056" />
<af-end id="282" timestamp="2019-06-15T03:39:35.875" threadId="00000000028E1A88" success="true" from="nursery"/>
<exclusive-end id="283" timestamp="2019-06-15T03:39:35.876" durationms="1.275" />

<exclusive-start id="284" timestamp="2019-06-15T03:39:35.879" intervalms="4.839">
  <response-info timems="0.027" idlems="0.027" threads="0" lastid="00000000028D9900" lastname="Thread-3" />
</exclusive-start>
<af-start id="285" threadId="00000000028DA288" totalBytesRequested="16392" timestamp="2019-06-15T03:39:35.879" intervalms="4.994" type="nursery" />
<cycle-start id="286" type="scavenge" contextid="0" timestamp="2019-06-15T03:39:35.879" intervalms="5.010" />
<gc-start id="287" type="scavenge" contextid="286" timestamp="2019-06-15T03:39:35.879">
  <mem-info id="288" free="3281176" total="9043968" percent="36">
    <mem type="nursery" free="0" total="2752512" percent="0">
      <mem type="allocate" free="0" total="1376256" percent="0" />
      <mem type="survivor" free="0" total="1376256" percent="0" />
    </mem>
    <mem type="tenure" free="3281176" total="6291456" percent="52">
      <mem type="soa" free="2966808" total="5977088" percent="49" />
      <mem type="loa" free="314368" total="314368" percent="100" />
    </mem>
    <remembered-set count="438" />
  </mem-info>
</gc-start>
<allocation-stats totalBytes="295360" >
  <allocated-bytes non-tlh="67616" tlh="227744" />
  <largest-consumer threadName="Thread-3" threadId="00000000028D9900" bytes="186808" />
</allocation-stats>
<gc-op id="289" type="scavenge" timems="0.622" contextid="286" timestamp="2019-06-15T03:39:35.880">
  <scavenger-info tenureage="3" tenuremask="7ff8" tiltratio="50" />
  <memory-copied type="nursery" objects="3163" bytes="866744" bytesdiscarded="231464" />
  <memory-copied type="tenure" objects="3774" bytes="114544" bytesdiscarded="0" />
  <references type="soft" candidates="4" cleared="0" enqueued="0" dynamicThreshold="24" maxThreshold="32" />
  <references type="weak" candidates="20" cleared="0" enqueued="0" />
  <references type="phantom" candidates="2" cleared="0" enqueued="0" />
</gc-op>
<gc-end id="290" type="scavenge" contextid="286" durationms="0.861" usertimems="0.000" systemtimems="0.000" timestamp="2019-06-15T03:39:35.880" activeThreads="4">
  <mem-info id="291" free="3406752" total="9043968" percent="37">
    <mem type="nursery" free="343440" total="2752512" percent="12">
      <mem type="allocate" free="343440" total="1441792" percent="23" />
      <mem type="survivor" free="0" total="1310720" percent="0" />
    </mem>
    <mem type="tenure" free="3063312" total="6291456" percent="48">
      <mem type="soa" free="2748944" total="5977088" percent="45" />
      <mem type="loa" free="314368" total="314368" percent="100" />
    </mem>
    <remembered-set count="257" />
  </mem-info>
</gc-end>
<cycle-end id="292" type="scavenge" contextid="286" timestamp="2019-06-15T03:39:35.880" />
  <attribute name="elasticGC enabled" value="1" />
  <attribute name= "numThreadsSpecified" value="4" />
  <attribute name="heapSize specified" value="8388608" />
  <attribute name="Current GC Util" value="31" />
  <attribute name= "Current Time Running" value="849" />
  <attribute name ="GC Interval" value="200" />
  <attribute name="ProportionalT" value="5.500000" />
  <attribute name="ProportionalI" value="5.500000" />
  <attribute name="ProportionalH" value="5.500000" />
  <attribute name="Current Error" value="11.000000" />
  <attribute name="IntegralT" value="55.000000" />
  <attribute name="IntegralI" value="55.000000" />
  <attribute name="IntegralH" value="55.000000" />
  <attribute name="DerivativeT" value="3.300000" />
  <attribute name="DerivativeI" value="3.300000" />
  <attribute name="DerivativeH" value="3.300000" />
  <attribute name="Loop Time for DT" value="5.000000" />
  <attribute name="Output H" value="8388608"/>
  <attribute name="Output I" value="200"/>
  <attribute name="Output T" value="4"/>
  <attribute name="Target GC Util Change" value ="20.000000" />
  <attribute name="Current GC Util Change" value="31.000000"/>
  <attribute name="GC Util currently" value="31" />
  <attribute name="CPU Util currently" value="915329259445" />
<allocation-satisfied id="293" threadId="00000000028D9900" bytesRequested="16392" />
<af-end id="294" timestamp="2019-06-15T03:39:35.880" threadId="00000000028DA288" success="true" from="nursery"/>
<exclusive-end id="295" timestamp="2019-06-15T03:39:35.881" durationms="1.448" />

<exclusive-start id="296" timestamp="2019-06-15T03:39:35.889" intervalms="10.146">
  <response-info timems="0.026" idlems="0.026" threads="0" lastid="00000000028DD500" lastname="Thread-4" />
</exclusive-start>
<af-start id="297" threadId="00000000028DDE88" totalBytesRequested="2056" timestamp="2019-06-15T03:39:35.889" intervalms="10.000" type="nursery" />
<cycle-start id="298" type="scavenge" contextid="0" timestamp="2019-06-15T03:39:35.889" intervalms="10.002" />
<gc-start id="299" type="scavenge" contextid="298" timestamp="2019-06-15T03:39:35.889">
  <mem-info id="300" free="3063240" total="9043968" percent="33">
    <mem type="nursery" free="0" total="2752512" percent="0">
      <mem type="allocate" free="0" total="1441792" percent="0" />
      <mem type="survivor" free="0" total="1310720" percent="0" />
    </mem>
    <mem type="tenure" free="3063240" total="6291456" percent="48">
      <mem type="soa" free="2748872" total="5977088" percent="45" />
      <mem type="loa" free="314368" total="314368" percent="100" />
    </mem>
    <remembered-set count="279" />
  </mem-info>
</gc-start>
<allocation-stats totalBytes="337296" >
  <allocated-bytes non-tlh="49240" tlh="288056" />
  <largest-consumer threadName="Thread-3" threadId="00000000028D9900" bytes="163592" />
</allocation-stats>
<gc-op id="301" type="scavenge" timems="3.202" contextid="298" timestamp="2019-06-15T03:39:35.893">
  <scavenger-info tenureage="2" tenuremask="7ffc" tiltratio="52" />
  <memory-copied type="nursery" objects="969" bytes="340840" bytesdiscarded="113128" />
  <memory-copied type="tenure" objects="2850" bytes="717896" bytesdiscarded="2120" />
  <references type="phantom" candidates="1" cleared="0" enqueued="0" />
</gc-op>
<heap-resize id="302" type="expand" space="nursery" amount="393216" count="1" timems="0.013" reason="excessive time being spent scavenging" timestamp="2019-06-15T03:39:35.893" />
<gc-end id="303" type="scavenge" contextid="298" durationms="3.476" usertimems="8.000" systemtimems="0.000" timestamp="2019-06-15T03:39:35.893" activeThreads="4">
  <mem-info id="304" free="3674808" total="9437184" percent="38">
    <mem type="nursery" free="1249944" total="3145728" percent="39">
      <mem type="allocate" free="1249944" total="1703936" percent="73" />
      <mem type="survivor" free="0" total="1441792" percent="0" />
    </mem>
    <mem type="tenure" free="2424864" total="6291456" percent="38">
      <mem type="soa" free="2110496" total="5977088" percent="35" />
      <mem type="loa" free="314368" total="314368" percent="100" />
    </mem>
    <remembered-set count="181" />
  </mem-info>
</gc-end>
<cycle-end id="305" type="scavenge" contextid="298" timestamp="2019-06-15T03:39:35.893" />
  <attribute name="elasticGC enabled" value="1" />
  <attribute name= "numThreadsSpecified" value="4" />
  <attribute name="heapSize specified" value="8388608" />
  <attribute name="Current GC Util" value="15" />
  <attribute name= "Current Time Running" value="859" />
  <attribute name ="GC Interval" value="200" />
  <attribute name="ProportionalT" value="-2.500000" />
  <attribute name="ProportionalI" value="-2.500000" />
  <attribute name="ProportionalH" value="-2.500000" />
  <attribute name="Current Error" value="-5.000000" />
  <attribute name="IntegralT" value="-50.000000" />
  <attribute name="IntegralI" value="-50.000000" />
  <attribute name="IntegralH" value="-50.000000" />
  <attribute name="DerivativeT" value="-2.400000" />
  <attribute name="DerivativeI" value="-2.400000" />
  <attribute name="DerivativeH" value="-2.400000" />
  <attribute name="Loop Time for DT" value="10.000000" />
  <attribute name="Output H" value="2092630016"/>
  <attribute name="Output I" value="200"/>
  <attribute name="Output T" value="4"/>
  <attribute name="Target GC Util Change" value ="20.000000" />
  <attribute name="Current GC Util Change" value="15.000000"/>
  <attribute name="GC Util currently" value="15" />
  <attribute name="CPU Util currently" value="460679268238" />
<allocation-satisfied id="306" threadId="00000000028DD500" bytesRequested="2056" />
<af-end id="307" timestamp="2019-06-15T03:39:35.893" threadId="00000000028DDE88" success="true" from="nursery"/>
<exclusive-end id="308" timestamp="2019-06-15T03:39:35.893" durationms="3.914" />

<exclusive-start id="309" timestamp="2019-06-15T03:39:35.935" intervalms="45.295">
  <response-info timems="0.031" idlems="0.031" threads="0" lastid="00000000028D9900" lastname="Thread-3" />
</exclusive-start>
<af-start id="310" threadId="00000000028DA288" totalBytesRequested="16" timestamp="2019-06-15T03:39:35.935" intervalms="45.306" type="nursery" />
<cycle-start id="311" type="scavenge" contextid="0" timestamp="2019-06-15T03:39:35.935" intervalms="45.302" />
<gc-start id="312" type="scavenge" contextid="311" timestamp="2019-06-15T03:39:35.935">
  <mem-info id="313" free="2424192" total="9437184" percent="25">
    <mem type="nursery" free="0" total="3145728" percent="0">
      <mem type="allocate" free="0" total="1703936" percent="0" />
      <mem type="survivor" free="0" total="1441792" percent="0" />
    </mem>
    <mem type="tenure" free="2424192" total="6291456" percent="38">
      <mem type="soa" free="2109824" total="5977088" percent="35" />
      <mem type="loa" free="314368" total="314368" percent="100" />
    </mem>
    <remembered-set count="348" />
  </mem-info>
</gc-start>
<allocation-stats totalBytes="1176200" >
  <allocated-bytes non-tlh="84672" tlh="1091528" />
  <largest-consumer threadName="Thread-6" threadId="00000000028E4D00" bytes="485184" />
</allocation-stats>
<gc-op id="314" type="scavenge" timems="2.995" contextid="311" timestamp="2019-06-15T03:39:35.938">
  <scavenger-info tenureage="2" tenuremask="7ffc" tiltratio="54" />
  <memory-copied type="nursery" objects="2276" bytes="759888" bytesdiscarded="180552" />
  <memory-copied type="tenure" objects="270" bytes="144312" bytesdiscarded="312" />
  <references type="weak" candidates="1" cleared="1" enqueued="1" />
  <references type="phantom" candidates="1" cleared="0" enqueued="0" />
</gc-op>
<gc-end id="315" type="scavenge" contextid="311" durationms="3.193" usertimems="8.000" systemtimems="0.000" timestamp="2019-06-15T03:39:35.938" activeThreads="4">
  <mem-info id="316" free="3280520" total="9437184" percent="34">
    <mem type="nursery" free="960024" total="3145728" percent="30">
      <mem type="allocate" free="960024" total="1900544" percent="50" />
      <mem type="survivor" free="0" total="1245184" percent="0" />
    </mem>
    <mem type="tenure" free="2320496" total="6291456" percent="36">
      <mem type="soa" free="2006128" total="5977088" percent="33" />
      <mem type="loa" free="314368" total="314368" percent="100" />
    </mem>
    <pending-finalizers system="0" default="0" reference="1" classloader="0" />
    <remembered-set count="241" />
  </mem-info>
</gc-end>
<cycle-end id="317" type="scavenge" contextid="311" timestamp="2019-06-15T03:39:35.938" />
  <attribute name="elasticGC enabled" value="1" />
  <attribute name= "numThreadsSpecified" value="4" />
  <attribute name="heapSize specified" value="8388608" />
  <attribute name="Current GC Util" value="14" />
  <attribute name= "Current Time Running" value="904" />
  <attribute name ="GC Interval" value="200" />
  <attribute name="ProportionalT" value="-3.000000" />
  <attribute name="ProportionalI" value="-3.000000" />
  <attribute name="ProportionalH" value="-3.000000" />
  <attribute name="Current Error" value="-6.000000" />
  <attribute name="IntegralT" value="-270.000000" />
  <attribute name="IntegralI" value="-270.000000" />
  <attribute name="IntegralH" value="-270.000000" />
  <attribute name="DerivativeT" value="-0.200000" />
  <attribute name="DerivativeI" value="-0.200000" />
  <attribute name="DerivativeH" value="-0.200000" />
  <attribute name="Loop Time for DT" value="45.000000" />
  <attribute name="Output H" value="2092630016"/>
  <attribute name="Output I" value="200"/>
  <attribute name="Output T" value="4"/>
  <attribute name="Target GC Util Change" value ="20.000000" />
  <attribute name="Current GC Util Change" value="14.000000"/>
  <attribute name="GC Util currently" value="14" />
  <attribute name="CPU Util currently" value="49" />
<allocation-satisfied id="318" threadId="00000000028D9900" bytesRequested="16" />
<af-end id="319" timestamp="2019-06-15T03:39:35.938" threadId="00000000028DA288" success="true" from="nursery"/>
<exclusive-end id="320" timestamp="2019-06-15T03:39:35.938" durationms="3.647" />

<exclusive-start id="321" timestamp="2019-06-15T03:39:35.951" intervalms="16.673">
  <response-info timems="0.027" idlems="0.027" threads="0" lastid="00000000028E1100" lastname="Thread-5" />
</exclusive-start>
<af-start id="322" threadId="00000000028E1A88" totalBytesRequested="40" timestamp="2019-06-15T03:39:35.951" intervalms="16.683" type="nursery" />
<cycle-start id="323" type="scavenge" contextid="0" timestamp="2019-06-15T03:39:35.951" intervalms="16.699" />
<gc-start id="324" type="scavenge" contextid="323" timestamp="2019-06-15T03:39:35.951">
  <mem-info id="325" free="2320448" total="9437184" percent="24">
    <mem type="nursery" free="0" total="3145728" percent="0">
      <mem type="allocate" free="0" total="1900544" percent="0" />
      <mem type="survivor" free="0" total="1245184" percent="0" />
    </mem>
    <mem type="tenure" free="2320448" total="6291456" percent="36">
      <mem type="soa" free="2006080" total="5977088" percent="33" />
      <mem type="loa" free="314368" total="314368" percent="100" />
    </mem>
    <remembered-set count="341" />
  </mem-info>
</gc-start>
<allocation-stats totalBytes="920888" >
  <allocated-bytes non-tlh="32840" tlh="888048" />
  <largest-consumer threadName="Thread-6" threadId="00000000028E4D00" bytes="753216" />
</allocation-stats>
<gc-op id="326" type="scavenge" timems="0.592" contextid="323" timestamp="2019-06-15T03:39:35.952">
  <scavenger-info tenureage="1" tenuremask="7ffe" tiltratio="60" />
  <memory-copied type="nursery" objects="655" bytes="237384" bytesdiscarded="220336" />
  <memory-copied type="tenure" objects="1608" bytes="538112" bytesdiscarded="1312" />
  <references type="phantom" candidates="1" cleared="0" enqueued="0" />
</gc-op>
<gc-end id="327" type="scavenge" contextid="323" durationms="0.740" usertimems="0.000" systemtimems="0.000" timestamp="2019-06-15T03:39:35.952" activeThreads="4">
  <mem-info id="328" free="3163784" total="9437184" percent="33">
    <mem type="nursery" free="1508336" total="3145728" percent="47">
      <mem type="allocate" free="1508336" total="1966080" percent="76" />
      <mem type="survivor" free="0" total="1179648" percent="0" />
    </mem>
    <mem type="tenure" free="1655448" total="6291456" percent="26">
      <mem type="soa" free="1341080" total="5977088" percent="22" />
      <mem type="loa" free="314368" total="314368" percent="100" />
    </mem>
    <remembered-set count="170" />
  </mem-info>
</gc-end>
<cycle-end id="329" type="scavenge" contextid="323" timestamp="2019-06-15T03:39:35.952" />
  <attribute name="elasticGC enabled" value="1" />
  <attribute name= "numThreadsSpecified" value="4" />
  <attribute name="heapSize specified" value="8388608" />
  <attribute name="Current GC Util" value="41" />
  <attribute name= "Current Time Running" value="921" />
  <attribute name ="GC Interval" value="376" />
  <attribute name="ProportionalT" value="10.500000" />
  <attribute name="ProportionalI" value="10.500000" />
  <attribute name="ProportionalH" value="10.500000" />
  <attribute name="Current Error" value="21.000000" />
  <attribute name="IntegralT" value="357.000000" />
  <attribute name="IntegralI" value="357.000000" />
  <attribute name="IntegralH" value="357.000000" />
  <attribute name="DerivativeT" value="1.852941" />
  <attribute name="DerivativeI" value="1.852941" />
  <attribute name="DerivativeH" value="1.852941" />
  <attribute name="Loop Time for DT" value="17.000000" />
  <attribute name="Output H" value="8388608"/>
  <attribute name="Output I" value="376"/>
  <attribute name="Output T" value="4"/>
  <attribute name="Target GC Util Change" value ="20.000000" />
  <attribute name="Current GC Util Change" value="41.000000"/>
  <attribute name="GC Util currently" value="41" />
  <attribute name="CPU Util currently" value="277043131964" />
<allocation-satisfied id="330" threadId="00000000028E1100" bytesRequested="40" />
<af-end id="331" timestamp="2019-06-15T03:39:35.952" threadId="00000000028E1A88" success="true" from="nursery"/>
<exclusive-end id="332" timestamp="2019-06-15T03:39:35.952" durationms="1.148" />

<exclusive-start id="333" timestamp="2019-06-15T03:39:35.989" intervalms="37.513">
  <response-info timems="0.054" idlems="0.054" threads="0" lastid="00000000028D9900" lastname="Thread-3" />
</exclusive-start>
<af-start id="334" threadId="00000000028DA288" totalBytesRequested="32776" timestamp="2019-06-15T03:39:35.989" intervalms="37.500" type="nursery" />
<cycle-start id="335" type="scavenge" contextid="0" timestamp="2019-06-15T03:39:35.989" intervalms="37.491" />
<gc-start id="336" type="scavenge" contextid="335" timestamp="2019-06-15T03:39:35.989">
  <mem-info id="337" free="1655152" total="9437184" percent="17">
    <mem type="nursery" free="0" total="3145728" percent="0">
      <mem type="allocate" free="0" total="1966080" percent="0" />
      <mem type="survivor" free="0" total="1179648" percent="0" />
    </mem>
    <mem type="tenure" free="1655152" total="6291456" percent="26">
      <mem type="soa" free="1340784" total="5977088" percent="22" />
      <mem type="loa" free="314368" total="314368" percent="100" />
    </mem>
    <remembered-set count="295" />
  </mem-info>
</gc-start>
<allocation-stats totalBytes="1482648" >
  <allocated-bytes non-tlh="98664" tlh="1383984" />
  <largest-consumer threadName="Thread-6" threadId="00000000028E4D00" bytes="650968" />
</allocation-stats>
<gc-op id="338" type="scavenge" timems="1.371" contextid="335" timestamp="2019-06-15T03:39:35.990">
  <scavenger-info tenureage="1" tenuremask="7ffe" tiltratio="62" />
  <memory-copied type="nursery" objects="1354" bytes="548656" bytesdiscarded="129064" />
  <memory-copied type="tenure" objects="126" bytes="38840" bytesdiscarded="544" />
</gc-op>
<gc-end id="339" type="scavenge" contextid="335" durationms="1.580" usertimems="4.000" systemtimems="0.000" timestamp="2019-06-15T03:39:35.991" activeThreads="4">
  <mem-info id="340" free="3009000" total="9437184" percent="31">
    <mem type="nursery" free="1353848" total="3145728" percent="43">
      <mem type="allocate" free="1353848" total="2031616" percent="66" />
      <mem type="survivor" free="0" total="1114112" percent="0" />
    </mem>
    <mem type="tenure" free="1655152" total="6291456" percent="26">
      <mem type="soa" free="1340784" total="5977088" percent="22" />
      <mem type="loa" free="314368" total="314368" percent="100" />
    </mem>
    <remembered-set count="139" />
  </mem-info>
</gc-end>
<cycle-end id="341" type="scavenge" contextid="335" timestamp="2019-06-15T03:39:35.991" />
  <attribute name="elasticGC enabled" value="1" />
  <attribute name= "numThreadsSpecified" value="4" />
  <attribute name="heapSize specified" value="8388608" />
  <attribute name="Current GC Util" value="4" />
  <attribute name= "Current Time Running" value="958" />
  <attribute name ="GC Interval" value="200" />
  <attribute name="ProportionalT" value="-8.000000" />
  <attribute name="ProportionalI" value="-8.000000" />
  <attribute name="ProportionalH" value="-8.000000" />
  <attribute name="Current Error" value="-16.000000" />
  <attribute name="IntegralT" value="-592.000000" />
  <attribute name="IntegralI" value="-592.000000" />
  <attribute name="IntegralH" value="-592.000000" />
  <attribute name="DerivativeT" value="-1.500000" />
  <attribute name="DerivativeI" value="-1.500000" />
  <attribute name="DerivativeH" value="-1.500000" />
  <attribute name="Loop Time for DT" value="37.000000" />
  <attribute name="Output H" value="2092630016"/>
  <attribute name="Output I" value="200"/>
  <attribute name="Output T" value="4"/>
  <attribute name="Target GC Util Change" value ="20.000000" />
  <attribute name="Current GC Util Change" value="4.000000"/>
  <attribute name="GC Util currently" value="4" />
  <attribute name="CPU Util currently" value="20" />
<allocation-satisfied id="342" threadId="00000000028D9900" bytesRequested="32776" />
<af-end id="343" timestamp="2019-06-15T03:39:35.991" threadId="00000000028DA288" success="true" from="nursery"/>
<exclusive-end id="344" timestamp="2019-06-15T03:39:35.991" durationms="2.341" />

<exclusive-start id="345" timestamp="2019-06-15T03:39:36.023" intervalms="34.450">
  <response-info timems="0.033" idlems="0.033" threads="0" lastid="00000000028E1100" lastname="Thread-5" />
</exclusive-start>
<af-start id="346" threadId="00000000028E1A88" totalBytesRequested="8200" timestamp="2019-06-15T03:39:36.023" intervalms="34.452" type="nursery" />
<cycle-start id="347" type="scavenge" contextid="0" timestamp="2019-06-15T03:39:36.023" intervalms="34.448" />
<gc-start id="348" type="scavenge" contextid="347" timestamp="2019-06-15T03:39:36.023">
  <mem-info id="349" free="1655120" total="9437184" percent="17">
    <mem type="nursery" free="0" total="3145728" percent="0">
      <mem type="allocate" free="0" total="2031616" percent="0" />
      <mem type="survivor" free="0" total="1114112" percent="0" />
    </mem>
    <mem type="tenure" free="1655120" total="6291456" percent="26">
      <mem type="soa" free="1340752" total="5977088" percent="22" />
      <mem type="loa" free="314368" total="314368" percent="100" />
    </mem>
    <remembered-set count="269" />
  </mem-info>
</gc-start>
<allocation-stats totalBytes="1311568" >
  <allocated-bytes non-tlh="65584" tlh="1245984" />
  <largest-consumer threadName="Thread-5" threadId="00000000028E1100" bytes="537920" />
</allocation-stats>
<gc-op id="350" type="scavenge" timems="1.920" contextid="347" timestamp="2019-06-15T03:39:36.025">
  <scavenger-info tenureage="1" tenuremask="7ffe" tiltratio="64" />
  <memory-copied type="nursery" objects="775" bytes="287656" bytesdiscarded="196256" />
  <memory-copied type="tenure" objects="798" bytes="329664" bytesdiscarded="1256" />
  <references type="weak" candidates="1" cleared="0" enqueued="0" />
  <references type="phantom" candidates="1" cleared="0" enqueued="0" />
</gc-op>
<gc-end id="351" type="scavenge" contextid="347" durationms="2.314" usertimems="4.000" systemtimems="4.000" timestamp="2019-06-15T03:39:36.026" activeThreads="4">
  <mem-info id="352" free="2867232" total="9437184" percent="30">
    <mem type="nursery" free="1613208" total="3145728" percent="51">
      <mem type="allocate" free="1613208" total="2097152" percent="76" />
      <mem type="survivor" free="0" total="1048576" percent="0" />
    </mem>
    <mem type="tenure" free="1254024" total="6291456" percent="19">
      <mem type="soa" free="939656" total="5977088" percent="15" />
      <mem type="loa" free="314368" total="314368" percent="100" />
    </mem>
    <remembered-set count="136" />
  </mem-info>
</gc-end>
<cycle-end id="353" type="scavenge" contextid="347" timestamp="2019-06-15T03:39:36.026" />
  <attribute name="elasticGC enabled" value="1" />
  <attribute name= "numThreadsSpecified" value="4" />
  <attribute name="heapSize specified" value="8388608" />
  <attribute name="Current GC Util" value="9" />
  <attribute name= "Current Time Running" value="993" />
  <attribute name ="GC Interval" value="200" />
  <attribute name="ProportionalT" value="-5.500000" />
  <attribute name="ProportionalI" value="-5.500000" />
  <attribute name="ProportionalH" value="-5.500000" />
  <attribute name="Current Error" value="-11.000000" />
  <attribute name="IntegralT" value="-385.000000" />
  <attribute name="IntegralI" value="-385.000000" />
  <attribute name="IntegralH" value="-385.000000" />
  <attribute name="DerivativeT" value="-0.471429" />
  <attribute name="DerivativeI" value="-0.471429" />
  <attribute name="DerivativeH" value="-0.471429" />
  <attribute name="Loop Time for DT" value="35.000000" />
  <attribute name="Output H" value="2092630016"/>
  <attribute name="Output I" value="200"/>
  <attribute name="Output T" value="4"/>
  <attribute name="Target GC Util Change" value ="20.000000" />
  <attribute name="Current GC Util Change" value="9.000000"/>
  <attribute name="GC Util currently" value="9" />
  <attribute name="CPU Util currently" value="19" />
<allocation-satisfied id="354" threadId="00000000028E1100" bytesRequested="8200" />
<af-end id="355" timestamp="2019-06-15T03:39:36.026" threadId="00000000028E1A88" success="true" from="nursery"/>
<exclusive-end id="356" timestamp="2019-06-15T03:39:36.026" durationms="2.854" />

<exclusive-start id="357" timestamp="2019-06-15T03:39:36.053" intervalms="30.159">
  <response-info timems="0.043" idlems="0.021" threads="3" lastid="00000000028E1100" lastname="Thread-5" />
</exclusive-start>
<af-start id="358" threadId="00000000028E5688" totalBytesRequested="32776" timestamp="2019-06-15T03:39:36.053" intervalms="30.156" type="nursery" />
<cycle-start id="359" type="scavenge" contextid="0" timestamp="2019-06-15T03:39:36.053" intervalms="30.155" />
<gc-start id="360" type="scavenge" contextid="359" timestamp="2019-06-15T03:39:36.054">
  <mem-info id="361" free="1254024" total="9437184" percent="13">
    <mem type="nursery" free="0" total="3145728" percent="0">
      <mem type="allocate" free="0" total="2097152" percent="0" />
      <mem type="survivor" free="0" total="1048576" percent="0" />
    </mem>
    <mem type="tenure" free="1254024" total="6291456" percent="19">
      <mem type="soa" free="939656" total="5977088" percent="15" />
      <mem type="loa" free="314368" total="314368" percent="100" />
    </mem>
    <remembered-set count="282" />
  </mem-info>
</gc-start>
<allocation-stats totalBytes="1550704" >
  <allocated-bytes non-tlh="40976" tlh="1509728" />
  <largest-consumer threadName="Thread-5" threadId="00000000028E1100" bytes="692256" />
</allocation-stats>
<gc-op id="362" type="scavenge" timems="0.310" contextid="359" timestamp="2019-06-15T03:39:36.054">
  <scavenger-info tenureage="1" tenuremask="7ffe" tiltratio="66" />
  <memory-copied type="nursery" objects="1229" bytes="488304" bytesdiscarded="290536" />
  <memory-copied type="tenure" objects="75" bytes="39720" bytesdiscarded="0" />
  <references type="phantom" candidates="1" cleared="0" enqueued="0" />
</gc-op>
<gc-end id="363" type="scavenge" contextid="359" durationms="0.495" usertimems="0.000" systemtimems="0.000" timestamp="2019-06-15T03:39:36.054" activeThreads="4">
  <mem-info id="364" free="2605056" total="9437184" percent="27">
    <mem type="nursery" free="1383808" total="3145728" percent="43">
      <mem type="allocate" free="1383808" total="2162688" percent="63" />
      <mem type="survivor" free="0" total="983040" percent="0" />
    </mem>
    <mem type="tenure" free="1221248" total="6291456" percent="19">
      <mem type="soa" free="906880" total="5977088" percent="15" />
      <mem type="loa" free="314368" total="314368" percent="100" />
    </mem>
    <remembered-set count="124" />
  </mem-info>
</gc-end>
<cycle-end id="365" type="scavenge" contextid="359" timestamp="2019-06-15T03:39:36.054" />
  <attribute name="elasticGC enabled" value="1" />
  <attribute name= "numThreadsSpecified" value="4" />
  <attribute name="heapSize specified" value="8388608" />
  <attribute name="Current GC Util" value="14" />
  <attribute name= "Current Time Running" value="1023" />
  <attribute name ="GC Interval" value="200" />
  <attribute name="ProportionalT" value="-3.000000" />
  <attribute name="ProportionalI" value="-3.000000" />
  <attribute name="ProportionalH" value="-3.000000" />
  <attribute name="Current Error" value="-6.000000" />
  <attribute name="IntegralT" value="-180.000000" />
  <attribute name="IntegralI" value="-180.000000" />
  <attribute name="IntegralH" value="-180.000000" />
  <attribute name="DerivativeT" value="-0.300000" />
  <attribute name="DerivativeI" value="-0.300000" />
  <attribute name="DerivativeH" value="-0.300000" />
  <attribute name="Loop Time for DT" value="30.000000" />
  <attribute name="Output H" value="2092630016"/>
  <attribute name="Output I" value="200"/>
  <attribute name="Output T" value="4"/>
  <attribute name="Target GC Util Change" value ="20.000000" />
  <attribute name="Current GC Util Change" value="14.000000"/>
  <attribute name="GC Util currently" value="14" />
  <attribute name="CPU Util currently" value="2" />
<allocation-satisfied id="366" threadId="00000000028E4D00" bytesRequested="32776" />
<af-end id="367" timestamp="2019-06-15T03:39:36.054" threadId="00000000028E5688" success="true" from="nursery"/>
<exclusive-end id="368" timestamp="2019-06-15T03:39:36.054" durationms="0.940" />

<exclusive-start id="369" timestamp="2019-06-15T03:39:36.074" intervalms="20.240">
  <response-info timems="0.054" idlems="0.054" threads="0" lastid="00000000028DD500" lastname="Thread-4" />
</exclusive-start>
<af-start id="370" threadId="00000000028DDE88" totalBytesRequested="16392" timestamp="2019-06-15T03:39:36.074" intervalms="20.287" type="nursery" />
<cycle-start id="371" type="scavenge" contextid="0" timestamp="2019-06-15T03:39:36.074" intervalms="20.297" />
<gc-start id="372" type="scavenge" contextid="371" timestamp="2019-06-15T03:39:36.074">
  <mem-info id="373" free="1221216" total="9437184" percent="12">
    <mem type="nursery" free="0" total="3145728" percent="0">
      <mem type="allocate" free="0" total="2162688" percent="0" />
      <mem type="survivor" free="0" total="983040" percent="0" />
    </mem>
    <mem type="tenure" free="1221216" total="6291456" percent="19">
      <mem type="soa" free="906848" total="5977088" percent="15" />
      <mem type="loa" free="314368" total="314368" percent="100" />
    </mem>
    <remembered-set count="277" />
  </mem-info>
</gc-start>
<allocation-stats totalBytes="1331128" >
  <allocated-bytes non-tlh="131136" tlh="1199992" />
  <largest-consumer threadName="Thread-6" threadId="00000000028E4D00" bytes="494856" />
</allocation-stats>
<gc-op id="374" type="scavenge" timems="1.201" contextid="371" timestamp="2019-06-15T03:39:36.075">
  <scavenger-info tenureage="1" tenuremask="7ffe" tiltratio="68" />
  <memory-copied type="nursery" objects="1382" bytes="562304" bytesdiscarded="309256" />
  <memory-copied type="tenure" objects="697" bytes="270136" bytesdiscarded="280" />
</gc-op>
<gc-end id="375" type="scavenge" contextid="371" durationms="1.588" usertimems="4.000" systemtimems="0.000" timestamp="2019-06-15T03:39:36.075" activeThreads="4">
  <mem-info id="376" free="2573464" total="9437184" percent="27">
    <mem type="nursery" free="1487688" total="3145728" percent="47">
      <mem type="allocate" free="1487688" total="2359296" percent="63" />
      <mem type="survivor" free="0" total="786432" percent="0" />
    </mem>
    <mem type="tenure" free="1085776" total="6291456" percent="17">
      <mem type="soa" free="771408" total="5977088" percent="12" />
      <mem type="loa" free="314368" total="314368" percent="100" />
    </mem>
    <remembered-set count="154" />
  </mem-info>
</gc-end>
<cycle-end id="377" type="scavenge" contextid="371" timestamp="2019-06-15T03:39:36.075" />
  <attribute name="elasticGC enabled" value="1" />
  <attribute name= "numThreadsSpecified" value="4" />
  <attribute name="heapSize specified" value="8388608" />
  <attribute name="Current GC Util" value="4" />
  <attribute name= "Current Time Running" value="1043" />
  <attribute name ="GC Interval" value="200" />
  <attribute name="ProportionalT" value="-8.000000" />
  <attribute name="ProportionalI" value="-8.000000" />
  <attribute name="ProportionalH" value="-8.000000" />
  <attribute name="Current Error" value="-16.000000" />
  <attribute name="IntegralT" value="-320.000000" />
  <attribute name="IntegralI" value="-320.000000" />
  <attribute name="IntegralH" value="-320.000000" />
  <attribute name="DerivativeT" value="-1.200000" />
  <attribute name="DerivativeI" value="-1.200000" />
  <attribute name="DerivativeH" value="-1.200000" />
  <attribute name="Loop Time for DT" value="20.000000" />
  <attribute name="Output H" value="2092630016"/>
  <attribute name="Output I" value="200"/>
  <attribute name="Output T" value="4"/>
  <attribute name="Target GC Util Change" value ="20.000000" />
  <attribute name="Current GC Util Change" value="4.000000"/>
  <attribute name="GC Util currently" value="4" />
  <attribute name="CPU Util currently" value="226826120934" />
<allocation-satisfied id="378" threadId="00000000028DD500" bytesRequested="16392" />
<af-end id="379" timestamp="2019-06-15T03:39:36.076" threadId="00000000028DDE88" success="true" from="nursery"/>
<exclusive-end id="380" timestamp="2019-06-15T03:39:36.076" durationms="2.192" />

<exclusive-start id="381" timestamp="2019-06-15T03:39:36.095" intervalms="21.662">
  <response-info timems="0.054" idlems="0.036" threads="1" lastid="00000000025AFF00" lastname="JIT Compilation Thread-1" />
</exclusive-start>
<af-start id="382" threadId="00000000028E1A88" totalBytesRequested="32776" timestamp="2019-06-15T03:39:36.095" intervalms="21.588" type="nursery" />
<cycle-start id="383" type="scavenge" contextid="0" timestamp="2019-06-15T03:39:36.095" intervalms="21.578" />
<gc-start id="384" type="scavenge" contextid="383" timestamp="2019-06-15T03:39:36.095">
  <mem-info id="385" free="1085776" total="9437184" percent="11">
    <mem type="nursery" free="0" total="3145728" percent="0">
      <mem type="allocate" free="0" total="2359296" percent="0" />
      <mem type="survivor" free="0" total="786432" percent="0" />
    </mem>
    <mem type="tenure" free="1085776" total="6291456" percent="17">
      <mem type="soa" free="771408" total="5977088" percent="12" />
      <mem type="loa" free="314368" total="314368" percent="100" />
    </mem>
    <remembered-set count="282" />
  </mem-info>
</gc-start>
<allocation-stats totalBytes="1459168" >
  <allocated-bytes non-tlh="163888" tlh="1295280" />
  <largest-consumer threadName="Thread-6" threadId="00000000028E4D00" bytes="608792" />
</allocation-stats>
<gc-op id="386" type="scavenge" timems="1.463" contextid="383" timestamp="2019-06-15T03:39:36.097">
  <scavenger-info tenureage="1" tenuremask="7ffe" tiltratio="75" />
  <memory-copied type="nursery" objects="1395" bytes="545304" bytesdiscarded="241096" />
  <memory-copied type="tenure" objects="283" bytes="206752" bytesdiscarded="16" />
  <copy-failed type="nursery" objects="43" bytes="72400" />
</gc-op>
<gc-end id="387" type="scavenge" contextid="383" durationms="1.839" usertimems="0.000" systemtimems="4.000" timestamp="2019-06-15T03:39:36.097" activeThreads="4">
  <mem-info id="388" free="2475968" total="9437184" percent="26">
    <mem type="nursery" free="1572864" total="3145728" percent="50">
      <mem type="allocate" free="1572864" total="2359296" percent="66" />
      <mem type="survivor" free="0" total="786432" percent="0" />
    </mem>
    <mem type="tenure" free="903104" total="6291456" percent="14">
      <mem type="soa" free="588736" total="5977088" percent="9" />
      <mem type="loa" free="314368" total="314368" percent="100" />
    </mem>
    <remembered-set count="127" />
  </mem-info>
</gc-end>
<cycle-end id="389" type="scavenge" contextid="383" timestamp="2019-06-15T03:39:36.097" />
  <attribute name="elasticGC enabled" value="1" />
  <attribute name= "numThreadsSpecified" value="4" />
  <attribute name="heapSize specified" value="8388608" />
  <attribute name="Current GC Util" value="13" />
  <attribute name= "Current Time Running" value="1065" />
  <attribute name ="GC Interval" value="200" />
  <attribute name="ProportionalT" value="-3.500000" />
  <attribute name="ProportionalI" value="-3.500000" />
  <attribute name="ProportionalH" value="-3.500000" />
  <attribute name="Current Error" value="-7.000000" />
  <attribute name="IntegralT" value="-154.000000" />
  <attribute name="IntegralI" value="-154.000000" />
  <attribute name="IntegralH" value="-154.000000" />
  <attribute name="DerivativeT" value="-0.477273" />
  <attribute name="DerivativeI" value="-0.477273" />
  <attribute name="DerivativeH" value="-0.477273" />
  <attribute name="Loop Time for DT" value="22.000000" />
  <attribute name="Output H" value="2092630016"/>
  <attribute name="Output I" value="200"/>
  <attribute name="Output T" value="4"/>
  <attribute name="Target GC Util Change" value ="20.000000" />
  <attribute name="Current GC Util Change" value="13.000000"/>
  <attribute name="GC Util currently" value="13" />
  <attribute name="CPU Util currently" value="213828199294" />
<allocation-satisfied id="390" threadId="00000000028E1100" bytesRequested="32776" />
<af-end id="391" timestamp="2019-06-15T03:39:36.097" threadId="00000000028E1A88" success="true" from="nursery"/>
<exclusive-end id="392" timestamp="2019-06-15T03:39:36.097" durationms="2.289" />

<exclusive-start id="393" timestamp="2019-06-15T03:39:36.124" intervalms="29.016">
  <response-info timems="0.026" idlems="0.026" threads="0" lastid="00000000028D9900" lastname="Thread-3" />
</exclusive-start>
<af-start id="394" threadId="00000000028DA288" totalBytesRequested="16392" timestamp="2019-06-15T03:39:36.124" intervalms="29.033" type="nursery" />
<cycle-start id="395" type="scavenge" contextid="0" timestamp="2019-06-15T03:39:36.124" intervalms="29.029" />
<gc-start id="396" type="scavenge" contextid="395" timestamp="2019-06-15T03:39:36.124">
  <mem-info id="397" free="903104" total="9437184" percent="9">
    <mem type="nursery" free="0" total="3145728" percent="0">
      <mem type="allocate" free="0" total="2359296" percent="0" />
      <mem type="survivor" free="0" total="786432" percent="0" />
    </mem>
    <mem type="tenure" free="903104" total="6291456" percent="14">
      <mem type="soa" free="588736" total="5977088" percent="9" />
      <mem type="loa" free="314368" total="314368" percent="100" />
    </mem>
    <remembered-set count="270" />
  </mem-info>
</gc-start>
<allocation-stats totalBytes="1559856" >
  <allocated-bytes non-tlh="98328" tlh="1461528" />
  <largest-consumer threadName="Thread-4" threadId="00000000028DD500" bytes="609016" />
</allocation-stats>
<gc-op id="398" type="scavenge" timems="1.471" contextid="395" timestamp="2019-06-15T03:39:36.126">
  <scavenger-info tenureage="1" tenuremask="7ffe" tiltratio="75" />
  <memory-copied type="nursery" objects="1327" bytes="462808" bytesdiscarded="81712" />
  <memory-copied type="tenure" objects="848" bytes="422008" bytesdiscarded="976" />
</gc-op>
<gc-end id="399" type="scavenge" contextid="395" durationms="1.661" usertimems="4.000" systemtimems="0.000" timestamp="2019-06-15T03:39:36.126" activeThreads="4">
  <mem-info id="400" free="2333744" total="9437184" percent="24">
    <mem type="nursery" free="1880264" total="3145728" percent="59">
      <mem type="allocate" free="1880264" total="2424832" percent="77" />
      <mem type="survivor" free="0" total="720896" percent="0" />
    </mem>
    <mem type="tenure" free="453480" total="6291456" percent="7">
      <mem type="soa" free="139112" total="5977088" percent="2" />
      <mem type="loa" free="314368" total="314368" percent="100" />
    </mem>
    <remembered-set count="146" />
  </mem-info>
</gc-end>
<cycle-end id="401" type="scavenge" contextid="395" timestamp="2019-06-15T03:39:36.126" />
  <attribute name="elasticGC enabled" value="1" />
  <attribute name= "numThreadsSpecified" value="4" />
  <attribute name="heapSize specified" value="8388608" />
  <attribute name="Current GC Util" value="13" />
  <attribute name= "Current Time Running" value="1094" />
  <attribute name ="GC Interval" value="200" />
  <attribute name="ProportionalT" value="-3.500000" />
  <attribute name="ProportionalI" value="-3.500000" />
  <attribute name="ProportionalH" value="-3.500000" />
  <attribute name="Current Error" value="-7.000000" />
  <attribute name="IntegralT" value="-203.000000" />
  <attribute name="IntegralI" value="-203.000000" />
  <attribute name="IntegralH" value="-203.000000" />
  <attribute name="DerivativeT" value="-0.362069" />
  <attribute name="DerivativeI" value="-0.362069" />
  <attribute name="DerivativeH" value="-0.362069" />
  <attribute name="Loop Time for DT" value="29.000000" />
  <attribute name="Output H" value="2092630016"/>
  <attribute name="Output I" value="200"/>
  <attribute name="Output T" value="4"/>
  <attribute name="Target GC Util Change" value ="20.000000" />
  <attribute name="Current GC Util Change" value="13.000000"/>
  <attribute name="GC Util currently" value="13" />
  <attribute name="CPU Util currently" value="158981575025" />
<allocation-satisfied id="402" threadId="00000000028D9900" bytesRequested="16392" />
<af-end id="403" timestamp="2019-06-15T03:39:36.126" threadId="00000000028DA288" success="true" from="nursery"/>
<exclusive-end id="404" timestamp="2019-06-15T03:39:36.126" durationms="2.095" />

<concurrent-kickoff id="405" timestamp="2019-06-15T03:39:36.145">
  <kickoff reason="threshold reached" targetBytes="1867303" thresholdFreeBytes="258287"  remainingFree="250024" tenureFreeBytes="453480" nurseryFreeBytes="250024" />
</concurrent-kickoff>
<exclusive-start id="406" timestamp="2019-06-15T03:39:36.145" intervalms="20.601">
  <response-info timems="0.106" idlems="0.047" threads="2" lastid="00000000028E4D00" lastname="Thread-6" />
</exclusive-start>
<cycle-start id="407" type="global" contextid="0" timestamp="2019-06-15T03:39:36.145" intervalms="519.315" />
<exclusive-end id="408" timestamp="2019-06-15T03:39:36.145" durationms="0.118" />

<exclusive-start id="409" timestamp="2019-06-15T03:39:36.147" intervalms="2.655">
  <response-info timems="0.041" idlems="0.041" threads="0" lastid="00000000028DD500" lastname="Thread-4" />
</exclusive-start>
<af-start id="410" threadId="00000000028DDE88" totalBytesRequested="16" timestamp="2019-06-15T03:39:36.148" intervalms="23.275" type="nursery" />
<cycle-start id="411" type="scavenge" contextid="0" timestamp="2019-06-15T03:39:36.148" intervalms="23.285" />
<gc-start id="412" type="scavenge" contextid="411" timestamp="2019-06-15T03:39:36.148">
  <mem-info id="413" free="453480" total="9437184" percent="4">
    <mem type="nursery" free="0" total="3145728" percent="0">
      <mem type="allocate" free="0" total="2424832" percent="0" />
      <mem type="survivor" free="0" total="720896" percent="0" />
    </mem>
    <mem type="tenure" free="453480" total="6291456" percent="7">
      <mem type="soa" free="139112" total="5977088" percent="2" />
      <mem type="loa" free="314368" total="314368" percent="100" />
    </mem>
    <remembered-set count="332" />
  </mem-info>
</gc-start>
<allocation-stats totalBytes="1799472" >
  <allocated-bytes non-tlh="114720" tlh="1684752" />
  <largest-consumer threadName="Thread-3" threadId="00000000028D9900" bytes="743504" />
</allocation-stats>
<gc-op id="414" type="scavenge" timems="1.107" contextid="411" timestamp="2019-06-15T03:39:36.149">
  <scavenger-info tenureage="1" tenuremask="7ffe" tiltratio="77" />
  <memory-copied type="nursery" objects="927" bytes="404960" bytesdiscarded="118880" />
  <memory-copied type="tenure" objects="125" bytes="77816" bytesdiscarded="480" />
  <references type="weak" candidates="1" cleared="0" enqueued="0" />
  <references type="phantom" candidates="1" cleared="0" enqueued="0" />
</gc-op>
<gc-end id="415" type="scavenge" contextid="411" durationms="1.472" usertimems="4.000" systemtimems="0.000" timestamp="2019-06-15T03:39:36.149" activeThreads="4">
  <mem-info id="416" free="2249712" total="9437184" percent="23">
    <mem type="nursery" free="1900952" total="3145728" percent="60">
      <mem type="allocate" free="1900952" total="2424832" percent="78" />
      <mem type="survivor" free="0" total="720896" percent="0" />
    </mem>
    <mem type="tenure" free="348760" total="6291456" percent="5">
      <mem type="soa" free="34392" total="5977088" percent="0" />
      <mem type="loa" free="314368" total="314368" percent="100" />
    </mem>
    <remembered-set count="123" />
  </mem-info>
</gc-end>
<cycle-end id="417" type="scavenge" contextid="411" timestamp="2019-06-15T03:39:36.149" />
  <attribute name="elasticGC enabled" value="1" />
  <attribute name= "numThreadsSpecified" value="4" />
  <attribute name="heapSize specified" value="8388608" />
  <attribute name="Current GC Util" value="17" />
  <attribute name= "Current Time Running" value="1117" />
  <attribute name ="GC Interval" value="200" />
  <attribute name="ProportionalT" value="-1.500000" />
  <attribute name="ProportionalI" value="-1.500000" />
  <attribute name="ProportionalH" value="-1.500000" />
  <attribute name="Current Error" value="-3.000000" />
  <attribute name="IntegralT" value="-69.000000" />
  <attribute name="IntegralI" value="-69.000000" />
  <attribute name="IntegralH" value="-69.000000" />
  <attribute name="DerivativeT" value="-0.195652" />
  <attribute name="DerivativeI" value="-0.195652" />
  <attribute name="DerivativeH" value="-0.195652" />
  <attribute name="Loop Time for DT" value="23.000000" />
  <attribute name="Output H" value="2092630016"/>
  <attribute name="Output I" value="200"/>
  <attribute name="Output T" value="4"/>
  <attribute name="Target GC Util Change" value ="20.000000" />
  <attribute name="Current GC Util Change" value="17.000000"/>
  <attribute name="GC Util currently" value="17" />
  <attribute name="CPU Util currently" value="197939776100" />
<allocation-satisfied id="418" threadId="00000000028DD500" bytesRequested="16" />
<af-end id="419" timestamp="2019-06-15T03:39:36.150" threadId="00000000028DDE88" success="true" from="nursery"/>
<exclusive-end id="420" timestamp="2019-06-15T03:39:36.150" durationms="2.167" />

<exclusive-start id="421" timestamp="2019-06-15T03:39:36.150" intervalms="2.548">
  <response-info timems="0.310" idlems="0.310" threads="0" lastid="00000000028E1100" lastname="Thread-5" />
</exclusive-start>
<concurrent-collection-start id="422" timestamp="2019-06-15T03:39:36.150" intervalms="1235.115" >
  <concurrent-trace-info reason="card cleaning threshold reached" tracedByMutators="604056" tracedByHelpers="698020" cardsCleaned="36" workStackOverflowCount="0" />
</concurrent-collection-start>
<gc-start id="423" type="global" contextid="407" timestamp="2019-06-15T03:39:36.150">
  <mem-info id="424" free="1852368" total="9437184" percent="19">
    <mem type="nursery" free="1503608" total="3145728" percent="47">
      <mem type="allocate" free="1503608" total="2424832" percent="62" />
      <mem type="survivor" free="0" total="720896" percent="0" />
    </mem>
    <mem type="tenure" free="348760" total="6291456" percent="5">
      <mem type="soa" free="34392" total="5977088" percent="0" />
      <mem type="loa" free="314368" total="314368" percent="100" />
    </mem>
    <remembered-set count="124" />
  </mem-info>
</gc-start>
<allocation-stats totalBytes="360336" >
  <allocated-bytes non-tlh="65568" tlh="294768" />
  <largest-consumer threadName="Thread-4" threadId="00000000028DD500" bytes="132088" />
</allocation-stats>
<gc-op id="425" type="rs-scan" timems="0.572" contextid="407" timestamp="2019-06-15T03:39:36.151">
  <scan objectsFound="71" bytesTraced="5804" workStackOverflowCount="0" />
</gc-op>
<gc-op id="426" type="card-cleaning" timems="0.483" contextid="407" timestamp="2019-06-15T03:39:36.151">
  <card-cleaning cardsCleaned="96" bytesTraced="121424" workStackOverflowCount="0" />
</gc-op>
<gc-op id="427" type="mark" timems="1.879" contextid="407" timestamp="2019-06-15T03:39:36.153">
  <trace-info objectcount="1070" scancount="938" scanbytes="302100" />
  <finalization candidates="25" enqueued="0" />
  <references type="soft" candidates="164" cleared="0" enqueued="0" dynamicThreshold="24" maxThreshold="32" />
  <references type="weak" candidates="241" cleared="3" enqueued="2" />
  <references type="phantom" candidates="73" cleared="2" enqueued="2" />
  <stringconstants candidates="3963" cleared="0"  />
</gc-op>
<gc-op id="428" type="classunload" timems="0.161" contextid="407" timestamp="2019-06-15T03:39:36.154">
  <classunload-info classloadercandidates="20" classloadersunloaded="0" classesunloaded="3" anonymousclassesunloaded="3" quiescems="0.000" setupms="0.157" scanms="0.004" postms="0.000" />
</gc-op>
<gc-op id="429" type="sweep" timems="0.710" contextid="407" timestamp="2019-06-15T03:39:36.155" />
<mem-info id="430" free="5443336" total="9437184" percent="57">
  <mem type="nursery" free="1842776" total="3145728" percent="58">
    <mem type="allocate" free="1842776" total="2424832" percent="75" />
    <mem type="survivor" free="0" total="720896" percent="0" />
  </mem>
  <mem type="tenure" free="3600560" total="6291456" percent="57" micro-fragmented="21181" macro-fragmented="0">
    <mem type="soa" free="3286192" total="5977088" percent="54" />
    <mem type="loa" free="314368" total="314368" percent="100" />
  </mem>
  <pending-finalizers system="0" default="0" reference="4" classloader="0" />
  <remembered-set count="115" />
</mem-info>
<gc-op id="431" type="compact" timems="9.488" contextid="407" timestamp="2019-06-15T03:39:36.164">
  <compact-info movecount="32863" movebytes="2985520" reason="compact to aid heap contraction" />
</gc-op>
<heap-resize id="432" type="contract" space="tenure" amount="262144" count="1" timems="0.226" reason="heap reconfiguration" timestamp="2019-06-15T03:39:36.165" />
<gc-end id="433" type="global" contextid="407" durationms="15.124" usertimems="16.000" systemtimems="8.000" timestamp="2019-06-15T03:39:36.165" activeThreads="4">
  <mem-info id="434" free="5168152" total="9175040" percent="56">
    <mem type="nursery" free="1847024" total="3145728" percent="58">
      <mem type="allocate" free="1847024" total="2424832" percent="76" />
      <mem type="survivor" free="0" total="720896" percent="0" />
    </mem>
    <mem type="tenure" free="3321128" total="6029312" percent="55">
      <mem type="soa" free="3072296" total="5728256" percent="53" />
      <mem type="loa" free="248832" total="301056" percent="82" />
    </mem>
    <pending-finalizers system="0" default="0" reference="4" classloader="0" />
    <remembered-set count="115" />
  </mem-info>
</gc-end>
<cycle-end id="435" type="global" contextid="407" timestamp="2019-06-15T03:39:36.165" />
  <attribute name="elasticGC enabled" value="1" />
  <attribute name= "numThreadsSpecified" value="4" />
  <attribute name="heapSize specified" value="9437184" />
  <attribute name="Current GC Util" value="58" />
  <attribute name= "Current Time Running" value="1134" />
  <attribute name ="GC Interval" value="200" />
  <attribute name="ProportionalT" value="19.000000" />
  <attribute name="ProportionalI" value="19.000000" />
  <attribute name="ProportionalH" value="19.000000" />
  <attribute name="Current Error" value="38.000000" />
  <attribute name="IntegralT" value="380.000000" />
  <attribute name="IntegralI" value="380.000000" />
  <attribute name="IntegralH" value="380.000000" />
  <attribute name="DerivativeT" value="-15.000000" />
  <attribute name="DerivativeI" value="-15.000000" />
  <attribute name="DerivativeH" value="-15.000000" />
  <attribute name="Loop Time for DT" value="10.000000" />
  <attribute name="Output H" value="8388608"/>
  <attribute name="Output I" value="384"/>
  <attribute name="Output T" value="4"/>
  <attribute name="Target GC Util Change" value ="20.000000" />
  <attribute name="Current GC Util Change" value="58.000000"/>
  <attribute name="GC Util currently" value="58" />
  <attribute name="CPU Util currently" value="477302574084" />
<concurrent-collection-end id="436" timestamp="2019-06-15T03:39:36.165" />
<exclusive-end id="437" timestamp="2019-06-15T03:39:36.166" durationms="15.516" />

<exclusive-start id="438" timestamp="2019-06-15T03:39:36.183" intervalms="32.898">
  <response-info timems="0.036" idlems="0.036" threads="0" lastid="00000000028E1100" lastname="Thread-5" />
</exclusive-start>
<af-start id="439" threadId="00000000028E1A88" totalBytesRequested="48" timestamp="2019-06-15T03:39:36.183" intervalms="35.432" type="nursery" />
<cycle-start id="440" type="scavenge" contextid="0" timestamp="2019-06-15T03:39:36.183" intervalms="35.431" />
<gc-start id="441" type="scavenge" contextid="440" timestamp="2019-06-15T03:39:36.183">
  <mem-info id="442" free="3321128" total="9175040" percent="36">
    <mem type="nursery" free="0" total="3145728" percent="0">
      <mem type="allocate" free="0" total="2424832" percent="0" />
      <mem type="survivor" free="0" total="720896" percent="0" />
    </mem>
    <mem type="tenure" free="3321128" total="6029312" percent="55">
      <mem type="soa" free="3072296" total="5728256" percent="53" />
      <mem type="loa" free="248832" total="301056" percent="82" />
    </mem>
    <remembered-set count="261" />
  </mem-info>
</gc-start>
<allocation-stats totalBytes="1770440" >
  <allocated-bytes non-tlh="49168" tlh="1721272" />
  <largest-consumer threadName="Thread-3" threadId="00000000028D9900" bytes="785408" />
</allocation-stats>
<gc-op id="443" type="scavenge" timems="0.544" contextid="440" timestamp="2019-06-15T03:39:36.184">
  <scavenger-info tenureage="1" tenuremask="7ffe" tiltratio="77" />
  <memory-copied type="nursery" objects="1707" bytes="554136" bytesdiscarded="166584" />
  <memory-copied type="tenure" objects="803" bytes="439560" bytesdiscarded="680" />
  <copy-failed type="nursery" objects="75" bytes="138032" />
</gc-op>
<gc-end id="444" type="scavenge" contextid="440" durationms="0.761" usertimems="4.000" systemtimems="0.000" timestamp="2019-06-15T03:39:36.184" activeThreads="4">
  <mem-info id="445" free="4167880" total="9175040" percent="45">
    <mem type="nursery" free="1310720" total="3145728" percent="41">
      <mem type="allocate" free="1310720" total="2031616" percent="64" />
      <mem type="survivor" free="0" total="1114112" percent="0" />
    </mem>
    <mem type="tenure" free="2857160" total="6029312" percent="47">
      <mem type="soa" free="2608328" total="5728256" percent="45" />
      <mem type="loa" free="248832" total="301056" percent="82" />
    </mem>
    <remembered-set count="147" />
  </mem-info>
</gc-end>
<cycle-end id="446" type="scavenge" contextid="440" timestamp="2019-06-15T03:39:36.184" />
  <attribute name="elasticGC enabled" value="1" />
  <attribute name= "numThreadsSpecified" value="4" />
  <attribute name="heapSize specified" value="9437184" />
  <attribute name="Current GC Util" value="49" />
  <attribute name= "Current Time Running" value="1152" />
  <attribute name ="GC Interval" value="536" />
  <attribute name="ProportionalT" value="14.500000" />
  <attribute name="ProportionalI" value="14.500000" />
  <attribute name="ProportionalH" value="14.500000" />
  <attribute name="Current Error" value="29.000000" />
  <attribute name="IntegralT" value="522.000000" />
  <attribute name="IntegralI" value="522.000000" />
  <attribute name="IntegralH" value="522.000000" />
  <attribute name="DerivativeT" value="-0.750000" />
  <attribute name="DerivativeI" value="-0.750000" />
  <attribute name="DerivativeH" value="-0.750000" />
  <attribute name="Loop Time for DT" value="18.000000" />
  <attribute name="Output H" value="8388608"/>
  <attribute name="Output I" value="536"/>
  <attribute name="Output T" value="4"/>
  <attribute name="Target GC Util Change" value ="20.000000" />
  <attribute name="Current GC Util Change" value="49.000000"/>
  <attribute name="GC Util currently" value="49" />
  <attribute name="CPU Util currently" value="245760608210" />
<allocation-satisfied id="447" threadId="00000000028E1100" bytesRequested="48" />
<af-end id="448" timestamp="2019-06-15T03:39:36.184" threadId="00000000028E1A88" success="true" from="nursery"/>
<exclusive-end id="449" timestamp="2019-06-15T03:39:36.184" durationms="1.221" />

<exclusive-start id="450" timestamp="2019-06-15T03:39:36.195" intervalms="12.202">
  <response-info timems="0.051" idlems="0.028" threads="2" lastid="00000000028E1100" lastname="Thread-5" />
</exclusive-start>
<af-start id="451" threadId="00000000028DDE88" totalBytesRequested="16392" timestamp="2019-06-15T03:39:36.195" intervalms="12.203" type="nursery" />
<cycle-start id="452" type="scavenge" contextid="0" timestamp="2019-06-15T03:39:36.195" intervalms="12.198" />
<gc-start id="453" type="scavenge" contextid="452" timestamp="2019-06-15T03:39:36.195">
  <mem-info id="454" free="2857160" total="9175040" percent="31">
    <mem type="nursery" free="0" total="3145728" percent="0">
      <mem type="allocate" free="0" total="2031616" percent="0" />
      <mem type="survivor" free="0" total="1114112" percent="0" />
    </mem>
    <mem type="tenure" free="2857160" total="6029312" percent="47">
      <mem type="soa" free="2608328" total="5728256" percent="45" />
      <mem type="loa" free="248832" total="301056" percent="82" />
    </mem>
    <remembered-set count="264" />
  </mem-info>
</gc-start>
<allocation-stats totalBytes="1273240" >
  <allocated-bytes non-tlh="114768" tlh="1158472" />
  <largest-consumer threadName="Thread-4" threadId="00000000028DD500" bytes="565280" />
</allocation-stats>
<gc-op id="455" type="scavenge" timems="1.868" contextid="452" timestamp="2019-06-15T03:39:36.197">
  <scavenger-info tenureage="1" tenuremask="7ffe" tiltratio="64" />
  <memory-copied type="nursery" objects="759" bytes="369160" bytesdiscarded="130272" />
  <memory-copied type="tenure" objects="1353" bytes="512184" bytesdiscarded="1088" />
  <references type="phantom" candidates="1" cleared="0" enqueued="0" />
</gc-op>
<heap-resize id="456" type="expand" space="nursery" amount="393216" count="1" timems="0.015" reason="excessive time being spent scavenging" timestamp="2019-06-15T03:39:36.198" />
<gc-end id="457" type="scavenge" contextid="452" durationms="2.318" usertimems="4.000" systemtimems="0.000" timestamp="2019-06-15T03:39:36.198" activeThreads="4">
  <mem-info id="458" free="4013872" total="9568256" percent="41">
    <mem type="nursery" free="1859816" total="3538944" percent="52">
      <mem type="allocate" free="1859816" total="2359296" percent="78" />
      <mem type="survivor" free="0" total="1179648" percent="0" />
    </mem>
    <mem type="tenure" free="2154056" total="6029312" percent="35">
      <mem type="soa" free="1905224" total="5728256" percent="33" />
      <mem type="loa" free="248832" total="301056" percent="82" />
    </mem>
    <remembered-set count="154" />
  </mem-info>
</gc-end>
<cycle-end id="459" type="scavenge" contextid="452" timestamp="2019-06-15T03:39:36.198" />
  <attribute name="elasticGC enabled" value="1" />
  <attribute name= "numThreadsSpecified" value="4" />
  <attribute name="heapSize specified" value="9437184" />
  <attribute name="Current GC Util" value="13" />
  <attribute name= "Current Time Running" value="1165" />
  <attribute name ="GC Interval" value="200" />
  <attribute name="ProportionalT" value="-3.500000" />
  <attribute name="ProportionalI" value="-3.500000" />
  <attribute name="ProportionalH" value="-3.500000" />
  <attribute name="Current Error" value="-7.000000" />
  <attribute name="IntegralT" value="-91.000000" />
  <attribute name="IntegralI" value="-91.000000" />
  <attribute name="IntegralH" value="-91.000000" />
  <attribute name="DerivativeT" value="-4.153846" />
  <attribute name="DerivativeI" value="-4.153846" />
  <attribute name="DerivativeH" value="-4.153846" />
  <attribute name="Loop Time for DT" value="13.000000" />
  <attribute name="Output H" value="2092630016"/>
  <attribute name="Output I" value="200"/>
  <attribute name="Output T" value="4"/>
  <attribute name="Target GC Util Change" value ="20.000000" />
  <attribute name="Current GC Util Change" value="13.000000"/>
  <attribute name="GC Util currently" value="13" />
  <attribute name="CPU Util currently" value="378079443409" />
<allocation-satisfied id="460" threadId="00000000028DD500" bytesRequested="16392" />
<af-end id="461" timestamp="2019-06-15T03:39:36.198" threadId="00000000028DDE88" success="true" from="nursery"/>
<exclusive-end id="462" timestamp="2019-06-15T03:39:36.198" durationms="2.786" />

<exclusive-start id="463" timestamp="2019-06-15T03:39:36.222" intervalms="26.396">
  <response-info timems="0.029" idlems="0.029" threads="0" lastid="00000000028DD500" lastname="Thread-4" />
</exclusive-start>
<af-start id="464" threadId="00000000028DDE88" totalBytesRequested="16392" timestamp="2019-06-15T03:39:36.222" intervalms="26.395" type="nursery" />
<cycle-start id="465" type="scavenge" contextid="0" timestamp="2019-06-15T03:39:36.222" intervalms="26.396" />
<gc-start id="466" type="scavenge" contextid="465" timestamp="2019-06-15T03:39:36.222">
  <mem-info id="467" free="2154056" total="9568256" percent="22">
    <mem type="nursery" free="0" total="3538944" percent="0">
      <mem type="allocate" free="0" total="2359296" percent="0" />
      <mem type="survivor" free="0" total="1179648" percent="0" />
    </mem>
    <mem type="tenure" free="2154056" total="6029312" percent="35">
      <mem type="soa" free="1905224" total="5728256" percent="33" />
      <mem type="loa" free="248832" total="301056" percent="82" />
    </mem>
    <remembered-set count="324" />
  </mem-info>
</gc-start>
<allocation-stats totalBytes="1772024" >
  <allocated-bytes non-tlh="16392" tlh="1755632" />
  <largest-consumer threadName="Thread-4" threadId="00000000028DD500" bytes="847112" />
</allocation-stats>
<gc-op id="468" type="scavenge" timems="1.951" contextid="465" timestamp="2019-06-15T03:39:36.224">
  <scavenger-info tenureage="1" tenuremask="7ffe" tiltratio="66" />
  <memory-copied type="nursery" objects="792" bytes="288944" bytesdiscarded="214368" />
  <memory-copied type="tenure" objects="664" bytes="343424" bytesdiscarded="864" />
</gc-op>
<gc-end id="469" type="scavenge" contextid="465" durationms="2.432" usertimems="4.000" systemtimems="0.000" timestamp="2019-06-15T03:39:36.224" activeThreads="4">
  <mem-info id="470" free="3895952" total="9568256" percent="40">
    <mem type="nursery" free="2118096" total="3538944" percent="59">
      <mem type="allocate" free="2118096" total="2621440" percent="80" />
      <mem type="survivor" free="0" total="917504" percent="0" />
    </mem>
    <mem type="tenure" free="1777856" total="6029312" percent="29">
      <mem type="soa" free="1529024" total="5728256" percent="26" />
      <mem type="loa" free="248832" total="301056" percent="82" />
    </mem>
    <remembered-set count="174" />
  </mem-info>
</gc-end>
<cycle-end id="471" type="scavenge" contextid="465" timestamp="2019-06-15T03:39:36.224" />
  <attribute name="elasticGC enabled" value="1" />
  <attribute name= "numThreadsSpecified" value="4" />
  <attribute name="heapSize specified" value="9437184" />
  <attribute name="Current GC Util" value="15" />
  <attribute name= "Current Time Running" value="1191" />
  <attribute name ="GC Interval" value="200" />
  <attribute name="ProportionalT" value="-2.500000" />
  <attribute name="ProportionalI" value="-2.500000" />
  <attribute name="ProportionalH" value="-2.500000" />
  <attribute name="Current Error" value="-5.000000" />
  <attribute name="IntegralT" value="-130.000000" />
  <attribute name="IntegralI" value="-130.000000" />
  <attribute name="IntegralH" value="-130.000000" />
  <attribute name="DerivativeT" value="-0.288462" />
  <attribute name="DerivativeI" value="-0.288462" />
  <attribute name="DerivativeH" value="-0.288462" />
  <attribute name="Loop Time for DT" value="26.000000" />
  <attribute name="Output H" value="2092630016"/>
  <attribute name="Output I" value="200"/>
  <attribute name="Output T" value="4"/>
  <attribute name="Target GC Util Change" value ="20.000000" />
  <attribute name="Current GC Util Change" value="15.000000"/>
  <attribute name="GC Util currently" value="15" />
  <attribute name="CPU Util currently" value="174704360072" />
<allocation-satisfied id="472" threadId="00000000028DD500" bytesRequested="16392" />
<af-end id="473" timestamp="2019-06-15T03:39:36.225" threadId="00000000028DDE88" success="true" from="nursery"/>
<exclusive-end id="474" timestamp="2019-06-15T03:39:36.225" durationms="3.194" />

<exclusive-start id="475" timestamp="2019-06-15T03:39:36.245" intervalms="23.785">
  <response-info timems="0.044" idlems="0.044" threads="0" lastid="00000000028DD500" lastname="Thread-4" />
</exclusive-start>
<af-start id="476" threadId="00000000028DDE88" totalBytesRequested="2056" timestamp="2019-06-15T03:39:36.245" intervalms="23.785" type="nursery" />
<cycle-start id="477" type="scavenge" contextid="0" timestamp="2019-06-15T03:39:36.245" intervalms="23.784" />
<gc-start id="478" type="scavenge" contextid="477" timestamp="2019-06-15T03:39:36.246">
  <mem-info id="479" free="1777856" total="9568256" percent="18">
    <mem type="nursery" free="0" total="3538944" percent="0">
      <mem type="allocate" free="0" total="2621440" percent="0" />
      <mem type="survivor" free="0" total="917504" percent="0" />
    </mem>
    <mem type="tenure" free="1777856" total="6029312" percent="29">
      <mem type="soa" free="1529024" total="5728256" percent="26" />
      <mem type="loa" free="248832" total="301056" percent="82" />
    </mem>
    <remembered-set count="327" />
  </mem-info>
</gc-start>
<allocation-stats totalBytes="2102624" >
  <allocated-bytes non-tlh="81944" tlh="2020680" />
  <largest-consumer threadName="Thread-4" threadId="00000000028DD500" bytes="830800" />
</allocation-stats>
<gc-op id="480" type="scavenge" timems="1.352" contextid="477" timestamp="2019-06-15T03:39:36.247">
  <scavenger-info tenureage="1" tenuremask="7ffe" tiltratio="74" />
  <memory-copied type="nursery" objects="1900" bytes="759408" bytesdiscarded="152896" />
  <memory-copied type="tenure" objects="205" bytes="73752" bytesdiscarded="336" />
  <references type="phantom" candidates="1" cleared="0" enqueued="0" />
</gc-op>
<gc-end id="481" type="scavenge" contextid="477" durationms="1.741" usertimems="4.000" systemtimems="0.000" timestamp="2019-06-15T03:39:36.247" activeThreads="4">
  <mem-info id="482" free="3111856" total="9568256" percent="32">
    <mem type="nursery" free="1381392" total="3538944" percent="39">
      <mem type="allocate" free="1381392" total="2293760" percent="60" />
      <mem type="survivor" free="0" total="1245184" percent="0" />
    </mem>
    <mem type="tenure" free="1730464" total="6029312" percent="28">
      <mem type="soa" free="1481632" total="5728256" percent="25" />
      <mem type="loa" free="248832" total="301056" percent="82" />
    </mem>
    <remembered-set count="140" />
  </mem-info>
</gc-end>
<cycle-end id="483" type="scavenge" contextid="477" timestamp="2019-06-15T03:39:36.247" />
  <attribute name="elasticGC enabled" value="1" />
  <attribute name= "numThreadsSpecified" value="4" />
  <attribute name="heapSize specified" value="9437184" />
  <attribute name="Current GC Util" value="17" />
  <attribute name= "Current Time Running" value="1215" />
  <attribute name ="GC Interval" value="200" />
  <attribute name="ProportionalT" value="-1.500000" />
  <attribute name="ProportionalI" value="-1.500000" />
  <attribute name="ProportionalH" value="-1.500000" />
  <attribute name="Current Error" value="-3.000000" />
  <attribute name="IntegralT" value="-72.000000" />
  <attribute name="IntegralI" value="-72.000000" />
  <attribute name="IntegralH" value="-72.000000" />
  <attribute name="DerivativeT" value="-0.187500" />
  <attribute name="DerivativeI" value="-0.187500" />
  <attribute name="DerivativeH" value="-0.187500" />
  <attribute name="Loop Time for DT" value="24.000000" />
  <attribute name="Output H" value="2092630016"/>
  <attribute name="Output I" value="200"/>
  <attribute name="Output T" value="4"/>
  <attribute name="Target GC Util Change" value ="20.000000" />
  <attribute name="Current GC Util Change" value="17.000000"/>
  <attribute name="GC Util currently" value="17" />
  <attribute name="CPU Util currently" value="193906286780" />
<allocation-satisfied id="484" threadId="00000000028DD500" bytesRequested="2056" />
<af-end id="485" timestamp="2019-06-15T03:39:36.247" threadId="00000000028DDE88" success="true" from="nursery"/>
<exclusive-end id="486" timestamp="2019-06-15T03:39:36.248" durationms="2.215" />

<exclusive-start id="487" timestamp="2019-06-15T03:39:36.262" intervalms="16.736">
  <response-info timems="0.037" idlems="0.037" threads="0" lastid="00000000028E1100" lastname="Thread-5" />
</exclusive-start>
<af-start id="488" threadId="00000000028E1A88" totalBytesRequested="16392" timestamp="2019-06-15T03:39:36.262" intervalms="16.736" type="nursery" />
<cycle-start id="489" type="scavenge" contextid="0" timestamp="2019-06-15T03:39:36.262" intervalms="16.733" />
<gc-start id="490" type="scavenge" contextid="489" timestamp="2019-06-15T03:39:36.262">
  <mem-info id="491" free="1730464" total="9568256" percent="18">
    <mem type="nursery" free="0" total="3538944" percent="0">
      <mem type="allocate" free="0" total="2293760" percent="0" />
      <mem type="survivor" free="0" total="1245184" percent="0" />
    </mem>
    <mem type="tenure" free="1730464" total="6029312" percent="28">
      <mem type="soa" free="1481632" total="5728256" percent="25" />
      <mem type="loa" free="248832" total="301056" percent="82" />
    </mem>
    <remembered-set count="301" />
  </mem-info>
</gc-start>
<allocation-stats totalBytes="1347400" >
  <allocated-bytes non-tlh="67608" tlh="1279792" />
  <largest-consumer threadName="Thread-5" threadId="00000000028E1100" bytes="561360" />
</allocation-stats>
<gc-op id="492" type="scavenge" timems="0.382" contextid="489" timestamp="2019-06-15T03:39:36.263">
  <scavenger-info tenureage="1" tenuremask="7ffe" tiltratio="64" />
  <memory-copied type="nursery" objects="776" bytes="289200" bytesdiscarded="253056" />
  <memory-copied type="tenure" objects="1268" bytes="541640" bytesdiscarded="664" />
  <references type="weak" candidates="1" cleared="0" enqueued="0" />
  <references type="phantom" candidates="2" cleared="0" enqueued="0" />
</gc-op>
<gc-end id="493" type="scavenge" contextid="489" durationms="0.586" usertimems="0.000" systemtimems="4.000" timestamp="2019-06-15T03:39:36.263" activeThreads="4">
  <mem-info id="494" free="2893632" total="9568256" percent="30">
    <mem type="nursery" free="1817008" total="3538944" percent="51">
      <mem type="allocate" free="1817008" total="2359296" percent="77" />
      <mem type="survivor" free="0" total="1179648" percent="0" />
    </mem>
    <mem type="tenure" free="1076624" total="6029312" percent="17">
      <mem type="soa" free="827792" total="5728256" percent="14" />
      <mem type="loa" free="248832" total="301056" percent="82" />
    </mem>
    <remembered-set count="159" />
  </mem-info>
</gc-end>
<cycle-end id="495" type="scavenge" contextid="489" timestamp="2019-06-15T03:39:36.263" />
  <attribute name="elasticGC enabled" value="1" />
  <attribute name= "numThreadsSpecified" value="4" />
  <attribute name="heapSize specified" value="9437184" />
  <attribute name="Current GC Util" value="21" />
  <attribute name= "Current Time Running" value="1232" />
  <attribute name ="GC Interval" value="200" />
  <attribute name="ProportionalT" value="0.500000" />
  <attribute name="ProportionalI" value="0.500000" />
  <attribute name="ProportionalH" value="0.500000" />
  <attribute name="Current Error" value="1.000000" />
  <attribute name="IntegralT" value="17.000000" />
  <attribute name="IntegralI" value="17.000000" />
  <attribute name="IntegralH" value="17.000000" />
  <attribute name="DerivativeT" value="0.088235" />
  <attribute name="DerivativeI" value="0.088235" />
  <attribute name="DerivativeH" value="0.088235" />
  <attribute name="Loop Time for DT" value="17.000000" />
  <attribute name="Output H" value="8388608"/>
  <attribute name="Output I" value="200"/>
  <attribute name="Output T" value="4"/>
  <attribute name="Target GC Util Change" value ="20.000000" />
  <attribute name="Current GC Util Change" value="21.000000"/>
  <attribute name="GC Util currently" value="21" />
  <attribute name="CPU Util currently" value="275901889738" />
<allocation-satisfied id="496" threadId="00000000028E1100" bytesRequested="16392" />
<af-end id="497" timestamp="2019-06-15T03:39:36.263" threadId="00000000028E1A88" success="true" from="nursery"/>
<exclusive-end id="498" timestamp="2019-06-15T03:39:36.263" durationms="1.020" />

<exclusive-start id="499" timestamp="2019-06-15T03:39:36.281" intervalms="18.782">
  <response-info timems="0.024" idlems="0.024" threads="0" lastid="00000000028E1100" lastname="Thread-5" />
</exclusive-start>
<af-start id="500" threadId="00000000028E1A88" totalBytesRequested="16392" timestamp="2019-06-15T03:39:36.281" intervalms="18.816" type="nursery" />
<cycle-start id="501" type="scavenge" contextid="0" timestamp="2019-06-15T03:39:36.281" intervalms="18.814" />
<gc-start id="502" type="scavenge" contextid="501" timestamp="2019-06-15T03:39:36.281">
  <mem-info id="503" free="1076624" total="9568256" percent="11">
    <mem type="nursery" free="0" total="3538944" percent="0">
      <mem type="allocate" free="0" total="2359296" percent="0" />
      <mem type="survivor" free="0" total="1179648" percent="0" />
    </mem>
    <mem type="tenure" free="1076624" total="6029312" percent="17">
      <mem type="soa" free="827792" total="5728256" percent="14" />
      <mem type="loa" free="248832" total="301056" percent="82" />
    </mem>
    <remembered-set count="335" />
  </mem-info>
</gc-start>
<allocation-stats totalBytes="1767248" >
  <allocated-bytes non-tlh="81944" tlh="1685304" />
  <largest-consumer threadName="Thread-5" threadId="00000000028E1100" bytes="845656" />
</allocation-stats>
<gc-op id="504" type="scavenge" timems="0.320" contextid="501" timestamp="2019-06-15T03:39:36.281">
  <scavenger-info tenureage="1" tenuremask="7ffe" tiltratio="66" />
  <memory-copied type="nursery" objects="1013" bytes="429808" bytesdiscarded="217160" />
  <memory-copied type="tenure" objects="628" bytes="254712" bytesdiscarded="8" />
</gc-op>
<gc-end id="505" type="scavenge" contextid="501" durationms="0.519" usertimems="0.000" systemtimems="0.000" timestamp="2019-06-15T03:39:36.282" activeThreads="4">
  <mem-info id="506" free="2706696" total="9568256" percent="28">
    <mem type="nursery" free="1843360" total="3538944" percent="52">
      <mem type="allocate" free="1843360" total="2490368" percent="74" />
      <mem type="survivor" free="0" total="1048576" percent="0" />
    </mem>
    <mem type="tenure" free="863336" total="6029312" percent="14">
      <mem type="soa" free="614504" total="5728256" percent="10" />
      <mem type="loa" free="248832" total="301056" percent="82" />
    </mem>
    <remembered-set count="170" />
  </mem-info>
</gc-end>
<cycle-end id="507" type="scavenge" contextid="501" timestamp="2019-06-15T03:39:36.282" />
  <attribute name="elasticGC enabled" value="1" />
  <attribute name= "numThreadsSpecified" value="4" />
  <attribute name="heapSize specified" value="9437184" />
  <attribute name="Current GC Util" value="6" />
  <attribute name= "Current Time Running" value="1250" />
  <attribute name ="GC Interval" value="200" />
  <attribute name="ProportionalT" value="-7.000000" />
  <attribute name="ProportionalI" value="-7.000000" />
  <attribute name="ProportionalH" value="-7.000000" />
  <attribute name="Current Error" value="-14.000000" />
  <attribute name="IntegralT" value="-252.000000" />
  <attribute name="IntegralI" value="-252.000000" />
  <attribute name="IntegralH" value="-252.000000" />
  <attribute name="DerivativeT" value="-1.250000" />
  <attribute name="DerivativeI" value="-1.250000" />
  <attribute name="DerivativeH" value="-1.250000" />
  <attribute name="Loop Time for DT" value="18.000000" />
  <attribute name="Output H" value="2092630016"/>
  <attribute name="Output I" value="200"/>
  <attribute name="Output T" value="4"/>
  <attribute name="Target GC Util Change" value ="20.000000" />
  <attribute name="Current GC Util Change" value="6.000000"/>
  <attribute name="GC Util currently" value="6" />
  <attribute name="CPU Util currently" value="245134634744" />
<allocation-satisfied id="508" threadId="00000000028E1100" bytesRequested="16392" />
<af-end id="509" timestamp="2019-06-15T03:39:36.282" threadId="00000000028E1A88" success="true" from="nursery"/>
<exclusive-end id="510" timestamp="2019-06-15T03:39:36.282" durationms="0.981" />

<concurrent-kickoff id="511" timestamp="2019-06-15T03:39:36.298">
  <kickoff reason="threshold reached" targetBytes="1693689" thresholdFreeBytes="234851"  remainingFree="196752" tenureFreeBytes="863336" nurseryFreeBytes="196752" />
</concurrent-kickoff>
<exclusive-start id="512" timestamp="2019-06-15T03:39:36.298" intervalms="17.152">
  <response-info timems="0.038" idlems="0.038" threads="0" lastid="00000000028E1100" lastname="Thread-5" />
</exclusive-start>
<cycle-start id="513" type="global" contextid="0" timestamp="2019-06-15T03:39:36.298" intervalms="153.143" />
<exclusive-end id="514" timestamp="2019-06-15T03:39:36.298" durationms="0.102" />

<exclusive-start id="515" timestamp="2019-06-15T03:39:36.301" intervalms="2.692">
  <response-info timems="0.033" idlems="0.033" threads="0" lastid="00000000028D9900" lastname="Thread-3" />
</exclusive-start>
<af-start id="516" threadId="00000000028DA288" totalBytesRequested="16392" timestamp="2019-06-15T03:39:36.301" intervalms="19.799" type="nursery" />
<cycle-start id="517" type="scavenge" contextid="0" timestamp="2019-06-15T03:39:36.301" intervalms="19.797" />
<gc-start id="518" type="scavenge" contextid="517" timestamp="2019-06-15T03:39:36.301">
  <mem-info id="519" free="863336" total="9568256" percent="9">
    <mem type="nursery" free="0" total="3538944" percent="0">
      <mem type="allocate" free="0" total="2490368" percent="0" />
      <mem type="survivor" free="0" total="1048576" percent="0" />
    </mem>
    <mem type="tenure" free="863336" total="6029312" percent="14">
      <mem type="soa" free="614504" total="5728256" percent="10" />
      <mem type="loa" free="248832" total="301056" percent="82" />
    </mem>
    <remembered-set count="308" />
  </mem-info>
</gc-start>
<allocation-stats totalBytes="1766112" >
  <allocated-bytes non-tlh="49168" tlh="1716944" />
  <largest-consumer threadName="Thread-5" threadId="00000000028E1100" bytes="810400" />
</allocation-stats>
<gc-op id="520" type="scavenge" timems="1.638" contextid="517" timestamp="2019-06-15T03:39:36.303">
  <scavenger-info tenureage="1" tenuremask="7ffe" tiltratio="70" />
  <memory-copied type="nursery" objects="783" bytes="290480" bytesdiscarded="172920" />
  <memory-copied type="tenure" objects="868" bytes="370856" bytesdiscarded="704" />
</gc-op>
<gc-end id="521" type="scavenge" contextid="517" durationms="1.830" usertimems="4.000" systemtimems="0.000" timestamp="2019-06-15T03:39:36.303" activeThreads="4">
  <mem-info id="522" free="2653688" total="9568256" percent="27">
    <mem type="nursery" free="2092464" total="3538944" percent="59">
      <mem type="allocate" free="2092464" total="2555904" percent="81" />
      <mem type="survivor" free="0" total="983040" percent="0" />
    </mem>
    <mem type="tenure" free="561224" total="6029312" percent="9">
      <mem type="soa" free="312392" total="5728256" percent="5" />
      <mem type="loa" free="248832" total="301056" percent="82" />
    </mem>
    <remembered-set count="148" />
  </mem-info>
</gc-end>
<cycle-end id="523" type="scavenge" contextid="517" timestamp="2019-06-15T03:39:36.303" />
  <attribute name="elasticGC enabled" value="1" />
  <attribute name= "numThreadsSpecified" value="4" />
  <attribute name="heapSize specified" value="9437184" />
  <attribute name="Current GC Util" value="5" />
  <attribute name= "Current Time Running" value="1270" />
  <attribute name ="GC Interval" value="200" />
  <attribute name="ProportionalT" value="-7.500000" />
  <attribute name="ProportionalI" value="-7.500000" />
  <attribute name="ProportionalH" value="-7.500000" />
  <attribute name="Current Error" value="-15.000000" />
  <attribute name="IntegralT" value="-300.000000" />
  <attribute name="IntegralI" value="-300.000000" />
  <attribute name="IntegralH" value="-300.000000" />
  <attribute name="DerivativeT" value="-1.125000" />
  <attribute name="DerivativeI" value="-1.125000" />
  <attribute name="DerivativeH" value="-1.125000" />
  <attribute name="Loop Time for DT" value="20.000000" />
  <attribute name="Output H" value="2092630016"/>
  <attribute name="Output I" value="200"/>
  <attribute name="Output T" value="4"/>
  <attribute name="Target GC Util Change" value ="20.000000" />
  <attribute name="Current GC Util Change" value="5.000000"/>
  <attribute name="GC Util currently" value="5" />
  <attribute name="CPU Util currently" value="232947930278" />
<allocation-satisfied id="524" threadId="00000000028D9900" bytesRequested="16392" />
<af-end id="525" timestamp="2019-06-15T03:39:36.304" threadId="00000000028DA288" success="true" from="nursery"/>
<exclusive-end id="526" timestamp="2019-06-15T03:39:36.304" durationms="2.956" />

<exclusive-start id="527" timestamp="2019-06-15T03:39:36.323" intervalms="21.911">
  <response-info timems="0.031" idlems="0.031" threads="0" lastid="00000000028E1100" lastname="Thread-5" />
</exclusive-start>
<af-start id="528" threadId="00000000028E1A88" totalBytesRequested="88" timestamp="2019-06-15T03:39:36.323" intervalms="21.923" type="nursery" />
<cycle-start id="529" type="scavenge" contextid="0" timestamp="2019-06-15T03:39:36.323" intervalms="21.926" />
<gc-start id="530" type="scavenge" contextid="529" timestamp="2019-06-15T03:39:36.323">
  <mem-info id="531" free="561224" total="9568256" percent="5">
    <mem type="nursery" free="0" total="3538944" percent="0">
      <mem type="allocate" free="0" total="2555904" percent="0" />
      <mem type="survivor" free="0" total="983040" percent="0" />
    </mem>
    <mem type="tenure" free="561224" total="6029312" percent="9">
      <mem type="soa" free="312392" total="5728256" percent="5" />
      <mem type="loa" free="248832" total="301056" percent="82" />
    </mem>
    <remembered-set count="270" />
  </mem-info>
</gc-start>
<allocation-stats totalBytes="2053784" >
  <allocated-bytes non-tlh="131112" tlh="1922672" />
  <largest-consumer threadName="Thread-3" threadId="00000000028D9900" bytes="666640" />
</allocation-stats>
<gc-op id="532" type="scavenge" timems="0.267" contextid="529" timestamp="2019-06-15T03:39:36.323">
  <scavenger-info tenureage="1" tenuremask="7ffe" tiltratio="72" />
  <memory-copied type="nursery" objects="1375" bytes="572264" bytesdiscarded="295840" />
  <memory-copied type="tenure" objects="102" bytes="41248" bytesdiscarded="16" />
</gc-op>
<gc-end id="533" type="scavenge" contextid="529" durationms="0.465" usertimems="4.000" systemtimems="0.000" timestamp="2019-06-15T03:39:36.323" activeThreads="4">
  <mem-info id="534" free="2148368" total="9568256" percent="22">
    <mem type="nursery" free="1687752" total="3538944" percent="47">
      <mem type="allocate" free="1687752" total="2555904" percent="66" />
      <mem type="survivor" free="0" total="983040" percent="0" />
    </mem>
    <mem type="tenure" free="460616" total="6029312" percent="7">
      <mem type="soa" free="211784" total="5728256" percent="3" />
      <mem type="loa" free="248832" total="301056" percent="82" />
    </mem>
    <remembered-set count="135" />
  </mem-info>
</gc-end>
<cycle-end id="535" type="scavenge" contextid="529" timestamp="2019-06-15T03:39:36.323" />
  <attribute name="elasticGC enabled" value="1" />
  <attribute name= "numThreadsSpecified" value="4" />
  <attribute name="heapSize specified" value="9437184" />
  <attribute name="Current GC Util" value="17" />
  <attribute name= "Current Time Running" value="1292" />
  <attribute name ="GC Interval" value="200" />
  <attribute name="ProportionalT" value="-1.500000" />
  <attribute name="ProportionalI" value="-1.500000" />
  <attribute name="ProportionalH" value="-1.500000" />
  <attribute name="Current Error" value="-3.000000" />
  <attribute name="IntegralT" value="-66.000000" />
  <attribute name="IntegralI" value="-66.000000" />
  <attribute name="IntegralH" value="-66.000000" />
  <attribute name="DerivativeT" value="-0.204545" />
  <attribute name="DerivativeI" value="-0.204545" />
  <attribute name="DerivativeH" value="-0.204545" />
  <attribute name="Loop Time for DT" value="22.000000" />
  <attribute name="Output H" value="2092630016"/>
  <attribute name="Output I" value="200"/>
  <attribute name="Output T" value="4"/>
  <attribute name="Target GC Util Change" value ="20.000000" />
  <attribute name="Current GC Util Change" value="17.000000"/>
  <attribute name="GC Util currently" value="17" />
  <attribute name="CPU Util currently" value="210231035389" />
<allocation-satisfied id="536" threadId="00000000028E1100" bytesRequested="88" />
<af-end id="537" timestamp="2019-06-15T03:39:36.323" threadId="00000000028E1A88" success="true" from="nursery"/>
<exclusive-end id="538" timestamp="2019-06-15T03:39:36.323" durationms="0.910" />

<exclusive-start id="539" timestamp="2019-06-15T03:39:36.324" intervalms="1.401">
  <response-info timems="0.037" idlems="0.037" threads="0" lastid="00000000028E1100" lastname="Thread-5" />
</exclusive-start>
<concurrent-collection-start id="540" timestamp="2019-06-15T03:39:36.324" intervalms="173.976" >
  <concurrent-trace-info reason="card cleaning threshold reached" tracedByMutators="839852" tracedByHelpers="680604" cardsCleaned="165" workStackOverflowCount="0" />
</concurrent-collection-start>
<gc-start id="541" type="global" contextid="513" timestamp="2019-06-15T03:39:36.324">
  <mem-info id="542" free="1902520" total="9568256" percent="19">
    <mem type="nursery" free="1441904" total="3538944" percent="40">
      <mem type="allocate" free="1441904" total="2555904" percent="56" />
      <mem type="survivor" free="0" total="983040" percent="0" />
    </mem>
    <mem type="tenure" free="460616" total="6029312" percent="7">
      <mem type="soa" free="211784" total="5728256" percent="3" />
      <mem type="loa" free="248832" total="301056" percent="82" />
    </mem>
    <remembered-set count="147" />
  </mem-info>
</gc-start>
<allocation-stats totalBytes="240408" >
  <allocated-bytes non-tlh="88" tlh="240320" />
  <largest-consumer threadName="Thread-5" threadId="00000000028E1100" bytes="113432" />
</allocation-stats>
<gc-op id="543" type="rs-scan" timems="0.206" contextid="513" timestamp="2019-06-15T03:39:36.324">
  <scan objectsFound="83" bytesTraced="14860" workStackOverflowCount="0" />
</gc-op>
<gc-op id="544" type="card-cleaning" timems="0.168" contextid="513" timestamp="2019-06-15T03:39:36.325">
  <card-cleaning cardsCleaned="90" bytesTraced="401576" workStackOverflowCount="0" />
</gc-op>
<gc-op id="545" type="mark" timems="0.814" contextid="513" timestamp="2019-06-15T03:39:36.326">
  <trace-info objectcount="293" scancount="258" scanbytes="42700" />
  <finalization candidates="25" enqueued="0" />
  <references type="soft" candidates="164" cleared="0" enqueued="0" dynamicThreshold="17" maxThreshold="32" />
  <references type="weak" candidates="238" cleared="0" enqueued="0" />
  <references type="phantom" candidates="71" cleared="0" enqueued="0" />
  <stringconstants candidates="3963" cleared="0"  />
</gc-op>
<gc-op id="546" type="sweep" timems="0.291" contextid="513" timestamp="2019-06-15T03:39:36.326" />
<mem-info id="547" free="4988520" total="9568256" percent="52">
  <mem type="nursery" free="1945472" total="3538944" percent="54">
    <mem type="allocate" free="1945472" total="2555904" percent="76" />
    <mem type="survivor" free="0" total="983040" percent="0" />
  </mem>
  <mem type="tenure" free="3043048" total="6029312" percent="50" micro-fragmented="0" macro-fragmented="0">
    <mem type="soa" free="2741992" total="5728256" percent="47" />
    <mem type="loa" free="301056" total="301056" percent="100" />
  </mem>
  <remembered-set count="147" />
</mem-info>
<gc-op id="548" type="compact" timems="7.523" contextid="513" timestamp="2019-06-15T03:39:36.334">
  <compact-info movecount="23072" movebytes="2792480" reason="compact to aid heap contraction" />
</gc-op>
<heap-resize id="549" type="expand" space="tenure" amount="2083061760" count="1" timems="0.025" reason="satisfy allocation request" timestamp="2019-06-15T03:39:36.334" />
<gc-end id="550" type="global" contextid="513" durationms="9.858" usertimems="0.000" systemtimems="8.000" timestamp="2019-06-15T03:39:36.334" activeThreads="4">
  <mem-info id="551" free="2088057216" total="2092630016" percent="99">
    <mem type="nursery" free="1947792" total="3538944" percent="55">
      <mem type="allocate" free="1947792" total="2555904" percent="76" />
      <mem type="survivor" free="0" total="983040" percent="0" />
    </mem>
    <mem type="tenure" free="2086109424" total="2089091072" percent="99">
      <mem type="soa" free="1981655280" total="1984636928" percent="99" />
      <mem type="loa" free="104454144" total="104454144" percent="100" />
    </mem>
    <remembered-set count="147" />
  </mem-info>
</gc-end>
<cycle-end id="552" type="global" contextid="513" timestamp="2019-06-15T03:39:36.334" />
  <attribute name="elasticGC enabled" value="1" />
  <attribute name= "numThreadsSpecified" value="4" />
  <attribute name="heapSize specified" value="9568256" />
  <attribute name="Current GC Util" value="0" />
  <attribute name= "Current Time Running" value="1303" />
  <attribute name ="GC Interval" value="200" />
  <attribute name="ProportionalT" value="-10.000000" />
  <attribute name="ProportionalI" value="-10.000000" />
  <attribute name="ProportionalH" value="-10.000000" />
  <attribute name="Current Error" value="-20.000000" />
  <attribute name="IntegralT" value="-160.000000" />
  <attribute name="IntegralI" value="-160.000000" />
  <attribute name="IntegralH" value="-160.000000" />
  <attribute name="DerivativeT" value="-4.500000" />
  <attribute name="DerivativeI" value="-4.500000" />
  <attribute name="DerivativeH" value="-4.500000" />
  <attribute name="Loop Time for DT" value="8.000000" />
  <attribute name="Output H" value="2092630016"/>
  <attribute name="Output I" value="200"/>
  <attribute name="Output T" value="4"/>
  <attribute name="Target GC Util Change" value ="20.000000" />
  <attribute name="Current GC Util Change" value="0.000000"/>
  <attribute name="GC Util currently" value="0" />
  <attribute name="CPU Util currently" value="604853005570" />
<concurrent-collection-end id="553" timestamp="2019-06-15T03:39:36.334" />
<exclusive-end id="554" timestamp="2019-06-15T03:39:36.334" durationms="10.343" />

<exclusive-start id="555" timestamp="2019-06-15T03:39:36.352" intervalms="27.988">
  <response-info timems="0.041" idlems="0.041" threads="0" lastid="00000000028D9900" lastname="Thread-3" />
</exclusive-start>
<af-start id="556" threadId="00000000028DA288" totalBytesRequested="32776" timestamp="2019-06-15T03:39:36.352" intervalms="29.385" type="nursery" />
<cycle-start id="557" type="scavenge" contextid="0" timestamp="2019-06-15T03:39:36.352" intervalms="29.386" />
<gc-start id="558" type="scavenge" contextid="557" timestamp="2019-06-15T03:39:36.352">
  <mem-info id="559" free="2086109424" total="2092630016" percent="99">
    <mem type="nursery" free="0" total="3538944" percent="0">
      <mem type="allocate" free="0" total="2555904" percent="0" />
      <mem type="survivor" free="0" total="983040" percent="0" />
    </mem>
    <mem type="tenure" free="2086109424" total="2089091072" percent="99">
      <mem type="soa" free="1981655280" total="1984636928" percent="99" />
      <mem type="loa" free="104454144" total="104454144" percent="100" />
    </mem>
    <remembered-set count="276" />
  </mem-info>
</gc-start>
<allocation-stats totalBytes="1853536" >
  <allocated-bytes non-tlh="147496" tlh="1706040" />
  <largest-consumer threadName="Thread-5" threadId="00000000028E1100" bytes="816776" />
</allocation-stats>
<gc-op id="560" type="scavenge" timems="1.554" contextid="557" timestamp="2019-06-15T03:39:36.354">
  <scavenger-info tenureage="1" tenuremask="7ffe" tiltratio="72" />
  <memory-copied type="nursery" objects="1511" bytes="674720" bytesdiscarded="202952" />
  <memory-copied type="tenure" objects="749" bytes="339968" bytesdiscarded="528" />
</gc-op>
<gc-end id="561" type="scavenge" contextid="557" durationms="1.777" usertimems="0.000" systemtimems="4.000" timestamp="2019-06-15T03:39:36.354" activeThreads="4">
  <mem-info id="562" free="2087493568" total="2092630016" percent="99">
    <mem type="nursery" free="1743720" total="3538944" percent="49">
      <mem type="allocate" free="1743720" total="2621440" percent="66" />
      <mem type="survivor" free="0" total="917504" percent="0" />
    </mem>
    <mem type="tenure" free="2085749848" total="2089091072" percent="99">
      <mem type="soa" free="1981295704" total="1984636928" percent="99" />
      <mem type="loa" free="104454144" total="104454144" percent="100" />
    </mem>
    <remembered-set count="131" />
  </mem-info>
</gc-end>
<cycle-end id="563" type="scavenge" contextid="557" timestamp="2019-06-15T03:39:36.354" />
  <attribute name="elasticGC enabled" value="1" />
  <attribute name= "numThreadsSpecified" value="4" />
  <attribute name="heapSize specified" value="9568256" />
  <attribute name="Current GC Util" value="49" />
  <attribute name= "Current Time Running" value="1322" />
  <attribute name ="GC Interval" value="568" />
  <attribute name="ProportionalT" value="14.500000" />
  <attribute name="ProportionalI" value="14.500000" />
  <attribute name="ProportionalH" value="14.500000" />
  <attribute name="Current Error" value="29.000000" />
  <attribute name="IntegralT" value="551.000000" />
  <attribute name="IntegralI" value="551.000000" />
  <attribute name="IntegralH" value="551.000000" />
  <attribute name="DerivativeT" value="2.289474" />
  <attribute name="DerivativeI" value="2.289474" />
  <attribute name="DerivativeH" value="2.289474" />
  <attribute name="Loop Time for DT" value="19.000000" />
  <attribute name="Output H" value="8388608"/>
  <attribute name="Output I" value="568"/>
  <attribute name="Output T" value="4"/>
  <attribute name="Target GC Util Change" value ="20.000000" />
  <attribute name="Current GC Util Change" value="49.000000"/>
  <attribute name="GC Util currently" value="49" />
  <attribute name="CPU Util currently" value="247602011796" />
<allocation-satisfied id="564" threadId="00000000028D9900" bytesRequested="32776" />
<af-end id="565" timestamp="2019-06-15T03:39:36.354" threadId="00000000028DA288" success="true" from="nursery"/>
<exclusive-end id="566" timestamp="2019-06-15T03:39:36.354" durationms="2.295" />

<exclusive-start id="567" timestamp="2019-06-15T03:39:36.379" intervalms="27.474">
  <response-info timems="0.031" idlems="0.031" threads="0" lastid="00000000028E4D00" lastname="Thread-6" />
</exclusive-start>
<af-start id="568" threadId="00000000028E5688" totalBytesRequested="48" timestamp="2019-06-15T03:39:36.380" intervalms="27.483" type="nursery" />
<cycle-start id="569" type="scavenge" contextid="0" timestamp="2019-06-15T03:39:36.380" intervalms="27.501" />
<gc-start id="570" type="scavenge" contextid="569" timestamp="2019-06-15T03:39:36.380">
  <mem-info id="571" free="2085749848" total="2092630016" percent="99">
    <mem type="nursery" free="0" total="3538944" percent="0">
      <mem type="allocate" free="0" total="2621440" percent="0" />
      <mem type="survivor" free="0" total="917504" percent="0" />
    </mem>
    <mem type="tenure" free="2085749848" total="2089091072" percent="99">
      <mem type="soa" free="1981295704" total="1984636928" percent="99" />
      <mem type="loa" free="104454144" total="104454144" percent="100" />
    </mem>
    <remembered-set count="282" />
  </mem-info>
</gc-start>
<allocation-stats totalBytes="1741088" >
  <allocated-bytes non-tlh="65552" tlh="1675536" />
  <largest-consumer threadName="Thread-6" threadId="00000000028E4D00" bytes="543048" />
</allocation-stats>
<gc-op id="572" type="scavenge" timems="0.955" contextid="569" timestamp="2019-06-15T03:39:36.381">
  <scavenger-info tenureage="1" tenuremask="7ffe" tiltratio="74" />
  <memory-copied type="nursery" objects="1810" bytes="586720" bytesdiscarded="154680" />
  <memory-copied type="tenure" objects="864" bytes="445768" bytesdiscarded="1032" />
</gc-op>
<gc-end id="573" type="scavenge" contextid="569" durationms="1.332" usertimems="4.000" systemtimems="0.000" timestamp="2019-06-15T03:39:36.381" activeThreads="4">
  <mem-info id="574" free="2087158680" total="2092630016" percent="99">
    <mem type="nursery" free="1945528" total="3538944" percent="54">
      <mem type="allocate" free="1945528" total="2686976" percent="72" />
      <mem type="survivor" free="0" total="851968" percent="0" />
    </mem>
    <mem type="tenure" free="2085213152" total="2089091072" percent="99">
      <mem type="soa" free="1980759008" total="1984636928" percent="99" />
      <mem type="loa" free="104454144" total="104454144" percent="100" />
    </mem>
    <remembered-set count="136" />
  </mem-info>
</gc-end>
<cycle-end id="575" type="scavenge" contextid="569" timestamp="2019-06-15T03:39:36.381" />
  <attribute name="elasticGC enabled" value="1" />
  <attribute name= "numThreadsSpecified" value="4" />
  <attribute name="heapSize specified" value="9568256" />
  <attribute name="Current GC Util" value="13" />
  <attribute name= "Current Time Running" value="1349" />
  <attribute name ="GC Interval" value="200" />
  <attribute name="ProportionalT" value="-3.500000" />
  <attribute name="ProportionalI" value="-3.500000" />
  <attribute name="ProportionalH" value="-3.500000" />
  <attribute name="Current Error" value="-7.000000" />
  <attribute name="IntegralT" value="-189.000000" />
  <attribute name="IntegralI" value="-189.000000" />
  <attribute name="IntegralH" value="-189.000000" />
  <attribute name="DerivativeT" value="-2.000000" />
  <attribute name="DerivativeI" value="-2.000000" />
  <attribute name="DerivativeH" value="-2.000000" />
  <attribute name="Loop Time for DT" value="27.000000" />
  <attribute name="Output H" value="2092630016"/>
  <attribute name="Output I" value="200"/>
  <attribute name="Output T" value="4"/>
  <attribute name="Target GC Util Change" value ="20.000000" />
  <attribute name="Current GC Util Change" value="13.000000"/>
  <attribute name="GC Util currently" value="13" />
  <attribute name="CPU Util currently" value="167545018490" />
<allocation-satisfied id="576" threadId="00000000028E4D00" bytesRequested="48" />
<af-end id="577" timestamp="2019-06-15T03:39:36.381" threadId="00000000028E5688" success="true" from="nursery"/>
<exclusive-end id="578" timestamp="2019-06-15T03:39:36.381" durationms="1.921" />

<exclusive-start id="579" timestamp="2019-06-15T03:39:36.399" intervalms="19.323">
  <response-info timems="0.178" idlems="0.097" threads="1" lastid="00000000028D9900" lastname="Thread-3" />
</exclusive-start>
<af-start id="580" threadId="00000000028DDE88" totalBytesRequested="2056" timestamp="2019-06-15T03:39:36.399" intervalms="19.319" type="nursery" />
<cycle-start id="581" type="scavenge" contextid="0" timestamp="2019-06-15T03:39:36.399" intervalms="19.305" />
<gc-start id="582" type="scavenge" contextid="581" timestamp="2019-06-15T03:39:36.399">
  <mem-info id="583" free="2085213152" total="2092630016" percent="99">
    <mem type="nursery" free="0" total="3538944" percent="0">
      <mem type="allocate" free="0" total="2686976" percent="0" />
      <mem type="survivor" free="0" total="851968" percent="0" />
    </mem>
    <mem type="tenure" free="2085213152" total="2089091072" percent="99">
      <mem type="soa" free="1980759008" total="1984636928" percent="99" />
      <mem type="loa" free="104454144" total="104454144" percent="100" />
    </mem>
    <remembered-set count="307" />
  </mem-info>
</gc-start>
<allocation-stats totalBytes="1864128" >
  <allocated-bytes non-tlh="131152" tlh="1732976" />
  <largest-consumer threadName="Thread-6" threadId="00000000028E4D00" bytes="774160" />
</allocation-stats>
<gc-op id="584" type="scavenge" timems="1.673" contextid="581" timestamp="2019-06-15T03:39:36.401">
  <scavenger-info tenureage="1" tenuremask="7ffe" tiltratio="75" />
  <memory-copied type="nursery" objects="1746" bytes="675600" bytesdiscarded="176312" />
  <memory-copied type="tenure" objects="82" bytes="41168" bytesdiscarded="528" />
  <references type="phantom" candidates="1" cleared="0" enqueued="0" />
</gc-op>
<gc-end id="585" type="scavenge" contextid="581" durationms="2.050" usertimems="4.000" systemtimems="0.000" timestamp="2019-06-15T03:39:36.401" activeThreads="4">
  <mem-info id="586" free="2086969000" total="2092630016" percent="99">
    <mem type="nursery" free="1835008" total="3538944" percent="51">
      <mem type="allocate" free="1835008" total="2686976" percent="68" />
      <mem type="survivor" free="0" total="851968" percent="0" />
    </mem>
    <mem type="tenure" free="2085133992" total="2089091072" percent="99">
      <mem type="soa" free="1980679848" total="1984636928" percent="99" />
      <mem type="loa" free="104454144" total="104454144" percent="100" />
    </mem>
    <remembered-set count="120" />
  </mem-info>
</gc-end>
<cycle-end id="587" type="scavenge" contextid="581" timestamp="2019-06-15T03:39:36.401" />
  <attribute name="elasticGC enabled" value="1" />
  <attribute name= "numThreadsSpecified" value="4" />
  <attribute name="heapSize specified" value="9568256" />
  <attribute name="Current GC Util" value="12" />
  <attribute name= "Current Time Running" value="1368" />
  <attribute name ="GC Interval" value="200" />
  <attribute name="ProportionalT" value="-4.000000" />
  <attribute name="ProportionalI" value="-4.000000" />
  <attribute name="ProportionalH" value="-4.000000" />
  <attribute name="Current Error" value="-8.000000" />
  <attribute name="IntegralT" value="-152.000000" />
  <attribute name="IntegralI" value="-152.000000" />
  <attribute name="IntegralH" value="-152.000000" />
  <attribute name="DerivativeT" value="-0.631579" />
  <attribute name="DerivativeI" value="-0.631579" />
  <attribute name="DerivativeH" value="-0.631579" />
  <attribute name="Loop Time for DT" value="19.000000" />
  <attribute name="Output H" value="2092630016"/>
  <attribute name="Output I" value="200"/>
  <attribute name="Output T" value="4"/>
  <attribute name="Target GC Util Change" value ="20.000000" />
  <attribute name="Current GC Util Change" value="12.000000"/>
  <attribute name="GC Util currently" value="12" />
  <attribute name="CPU Util currently" value="238932407971" />
<allocation-satisfied id="588" threadId="00000000028DD500" bytesRequested="2056" />
<af-end id="589" timestamp="2019-06-15T03:39:36.401" threadId="00000000028DDE88" success="true" from="nursery"/>
<exclusive-end id="590" timestamp="2019-06-15T03:39:36.401" durationms="2.582" />

<exclusive-start id="591" timestamp="2019-06-15T03:39:36.416" intervalms="17.354">
  <response-info timems="0.035" idlems="0.019" threads="1" lastid="00000000028DD500" lastname="Thread-4" />
</exclusive-start>
<af-start id="592" threadId="00000000028E5688" totalBytesRequested="16392" timestamp="2019-06-15T03:39:36.416" intervalms="17.354" type="nursery" />
<cycle-start id="593" type="scavenge" contextid="0" timestamp="2019-06-15T03:39:36.416" intervalms="17.354" />
<gc-start id="594" type="scavenge" contextid="593" timestamp="2019-06-15T03:39:36.416">
  <mem-info id="595" free="2085133992" total="2092630016" percent="99">
    <mem type="nursery" free="0" total="3538944" percent="0">
      <mem type="allocate" free="0" total="2686976" percent="0" />
      <mem type="survivor" free="0" total="851968" percent="0" />
    </mem>
    <mem type="tenure" free="2085133992" total="2089091072" percent="99">
      <mem type="soa" free="1980679848" total="1984636928" percent="99" />
      <mem type="loa" free="104454144" total="104454144" percent="100" />
    </mem>
    <remembered-set count="272" />
  </mem-info>
</gc-start>
<allocation-stats totalBytes="1819736" >
  <allocated-bytes non-tlh="67608" tlh="1752128" />
  <largest-consumer threadName="Thread-5" threadId="00000000028E1100" bytes="902296" />
</allocation-stats>
<gc-op id="596" type="scavenge" timems="1.259" contextid="593" timestamp="2019-06-15T03:39:36.418">
  <scavenger-info tenureage="1" tenuremask="7ffe" tiltratio="75" />
  <memory-copied type="nursery" objects="1020" bytes="394960" bytesdiscarded="98344" />
  <memory-copied type="tenure" objects="1092" bytes="469424" bytesdiscarded="448" />
  <references type="weak" candidates="1" cleared="0" enqueued="0" />
  <references type="phantom" candidates="1" cleared="0" enqueued="0" />
</gc-op>
<gc-end id="597" type="scavenge" contextid="593" durationms="1.629" usertimems="4.000" systemtimems="0.000" timestamp="2019-06-15T03:39:36.418" activeThreads="4">
  <mem-info id="598" free="2086749016" total="2092630016" percent="99">
    <mem type="nursery" free="2193640" total="3538944" percent="61">
      <mem type="allocate" free="2193640" total="2686976" percent="81" />
      <mem type="survivor" free="0" total="851968" percent="0" />
    </mem>
    <mem type="tenure" free="2084555376" total="2089091072" percent="99">
      <mem type="soa" free="1980101232" total="1984636928" percent="99" />
      <mem type="loa" free="104454144" total="104454144" percent="100" />
    </mem>
    <remembered-set count="161" />
  </mem-info>
</gc-end>
<cycle-end id="599" type="scavenge" contextid="593" timestamp="2019-06-15T03:39:36.418" />
  <attribute name="elasticGC enabled" value="1" />
  <attribute name= "numThreadsSpecified" value="4" />
  <attribute name="heapSize specified" value="9568256" />
  <attribute name="Current GC Util" value="19" />
  <attribute name= "Current Time Running" value="1386" />
  <attribute name ="GC Interval" value="200" />
  <attribute name="ProportionalT" value="-0.500000" />
  <attribute name="ProportionalI" value="-0.500000" />
  <attribute name="ProportionalH" value="-0.500000" />
  <attribute name="Current Error" value="-1.000000" />
  <attribute name="IntegralT" value="-18.000000" />
  <attribute name="IntegralI" value="-18.000000" />
  <attribute name="IntegralH" value="-18.000000" />
  <attribute name="DerivativeT" value="-0.083333" />
  <attribute name="DerivativeI" value="-0.083333" />
  <attribute name="DerivativeH" value="-0.083333" />
  <attribute name="Loop Time for DT" value="18.000000" />
  <attribute name="Output H" value="2092630016"/>
  <attribute name="Output I" value="200"/>
  <attribute name="Output T" value="4"/>
  <attribute name="Target GC Util Change" value ="20.000000" />
  <attribute name="Current GC Util Change" value="19.000000"/>
  <attribute name="GC Util currently" value="19" />
  <attribute name="CPU Util currently" value="265818993836" />
<allocation-satisfied id="600" threadId="00000000028E4D00" bytesRequested="16392" />
<af-end id="601" timestamp="2019-06-15T03:39:36.418" threadId="00000000028E5688" success="true" from="nursery"/>
<exclusive-end id="602" timestamp="2019-06-15T03:39:36.418" durationms="2.143" />

<exclusive-start id="603" timestamp="2019-06-15T03:39:36.439" intervalms="22.559">
  <response-info timems="0.115" idlems="0.115" threads="0" lastid="00000000028E4D00" lastname="Thread-6" />
</exclusive-start>
<af-start id="604" threadId="00000000028E5688" totalBytesRequested="16392" timestamp="2019-06-15T03:39:36.439" intervalms="22.575" type="nursery" />
<cycle-start id="605" type="scavenge" contextid="0" timestamp="2019-06-15T03:39:36.439" intervalms="22.574" />
<gc-start id="606" type="scavenge" contextid="605" timestamp="2019-06-15T03:39:36.439">
  <mem-info id="607" free="2084555376" total="2092630016" percent="99">
    <mem type="nursery" free="0" total="3538944" percent="0">
      <mem type="allocate" free="0" total="2686976" percent="0" />
      <mem type="survivor" free="0" total="851968" percent="0" />
    </mem>
    <mem type="tenure" free="2084555376" total="2089091072" percent="99">
      <mem type="soa" free="1980101232" total="1984636928" percent="99" />
      <mem type="loa" free="104454144" total="104454144" percent="100" />
    </mem>
    <remembered-set count="331" />
  </mem-info>
</gc-start>
<allocation-stats totalBytes="2176408" >
  <allocated-bytes non-tlh="98336" tlh="2078072" />
  <largest-consumer threadName="Thread-6" threadId="00000000028E4D00" bytes="751600" />
</allocation-stats>
<gc-op id="608" type="scavenge" timems="2.491" contextid="605" timestamp="2019-06-15T03:39:36.442">
  <scavenger-info tenureage="1" tenuremask="7ffe" tiltratio="75" />
  <memory-copied type="nursery" objects="1810" bytes="721768" bytesdiscarded="130144" />
  <memory-copied type="tenure" objects="403" bytes="196936" bytesdiscarded="48" />
  <copy-failed type="nursery" objects="78" bytes="57904" />
  <references type="weak" candidates="1" cleared="0" enqueued="0" />
  <references type="phantom" candidates="1" cleared="0" enqueued="0" />
</gc-op>
<gc-end id="609" type="scavenge" contextid="605" durationms="2.902" usertimems="4.000" systemtimems="0.000" timestamp="2019-06-15T03:39:36.442" activeThreads="4">
  <mem-info id="610" free="2085769336" total="2092630016" percent="99">
    <mem type="nursery" free="1376256" total="3538944" percent="38">
      <mem type="allocate" free="1376256" total="2228224" percent="61" />
      <mem type="survivor" free="0" total="1310720" percent="0" />
    </mem>
    <mem type="tenure" free="2084393080" total="2089091072" percent="99">
      <mem type="soa" free="1979938936" total="1984636928" percent="99" />
      <mem type="loa" free="104454144" total="104454144" percent="100" />
    </mem>
    <remembered-set count="149" />
  </mem-info>
</gc-end>
<cycle-end id="611" type="scavenge" contextid="605" timestamp="2019-06-15T03:39:36.442" />
  <attribute name="elasticGC enabled" value="1" />
  <attribute name= "numThreadsSpecified" value="4" />
  <attribute name="heapSize specified" value="9568256" />
  <attribute name="Current GC Util" value="14" />
  <attribute name= "Current Time Running" value="1408" />
  <attribute name ="GC Interval" value="200" />
  <attribute name="ProportionalT" value="-3.000000" />
  <attribute name="ProportionalI" value="-3.000000" />
  <attribute name="ProportionalH" value="-3.000000" />
  <attribute name="Current Error" value="-6.000000" />
  <attribute name="IntegralT" value="-132.000000" />
  <attribute name="IntegralI" value="-132.000000" />
  <attribute name="IntegralH" value="-132.000000" />
  <attribute name="DerivativeT" value="-0.409091" />
  <attribute name="DerivativeI" value="-0.409091" />
  <attribute name="DerivativeH" value="-0.409091" />
  <attribute name="Loop Time for DT" value="22.000000" />
  <attribute name="Output H" value="2092630016"/>
  <attribute name="Output I" value="200"/>
  <attribute name="Output T" value="4"/>
  <attribute name="Target GC Util Change" value ="20.000000" />
  <attribute name="Current GC Util Change" value="14.000000"/>
  <attribute name="GC Util currently" value="14" />
  <attribute name="CPU Util currently" value="204264973437" />
<allocation-satisfied id="612" threadId="00000000028E4D00" bytesRequested="16392" />
<af-end id="613" timestamp="2019-06-15T03:39:36.442" threadId="00000000028E5688" success="true" from="nursery"/>
<exclusive-end id="614" timestamp="2019-06-15T03:39:36.442" durationms="3.517" />

<exclusive-start id="615" timestamp="2019-06-15T03:39:36.460" intervalms="21.590">
  <response-info timems="0.035" idlems="0.035" threads="0" lastid="00000000028DD500" lastname="Thread-4" />
</exclusive-start>
<af-start id="616" threadId="00000000028DDE88" totalBytesRequested="16" timestamp="2019-06-15T03:39:36.460" intervalms="21.569" type="nursery" />
<cycle-start id="617" type="scavenge" contextid="0" timestamp="2019-06-15T03:39:36.460" intervalms="21.568" />
<gc-start id="618" type="scavenge" contextid="617" timestamp="2019-06-15T03:39:36.460">
  <mem-info id="619" free="2084393080" total="2092630016" percent="99">
    <mem type="nursery" free="0" total="3538944" percent="0">
      <mem type="allocate" free="0" total="2228224" percent="0" />
      <mem type="survivor" free="0" total="1310720" percent="0" />
    </mem>
    <mem type="tenure" free="2084393080" total="2089091072" percent="99">
      <mem type="soa" free="1979938936" total="1984636928" percent="99" />
      <mem type="loa" free="104454144" total="104454144" percent="100" />
    </mem>
    <remembered-set count="284" />
  </mem-info>
</gc-start>
<allocation-stats totalBytes="1371968" >
  <allocated-bytes non-tlh="49168" tlh="1322800" />
  <largest-consumer threadName="Thread-5" threadId="00000000028E1100" bytes="643000" />
</allocation-stats>
<gc-op id="620" type="scavenge" timems="2.212" contextid="617" timestamp="2019-06-15T03:39:36.463">
  <scavenger-info tenureage="1" tenuremask="7ffe" tiltratio="62" />
  <memory-copied type="nursery" objects="1207" bytes="443264" bytesdiscarded="244512" />
  <memory-copied type="tenure" objects="680" bytes="282640" bytesdiscarded="640" />
</gc-op>
<gc-end id="621" type="scavenge" contextid="617" durationms="2.582" usertimems="4.000" systemtimems="4.000" timestamp="2019-06-15T03:39:36.463" activeThreads="4">
  <mem-info id="622" free="2085769928" total="2092630016" percent="99">
    <mem type="nursery" free="1671488" total="3538944" percent="47">
      <mem type="allocate" free="1671488" total="2359296" percent="70" />
      <mem type="survivor" free="0" total="1179648" percent="0" />
    </mem>
    <mem type="tenure" free="2084098440" total="2089091072" percent="99">
      <mem type="soa" free="1979644296" total="1984636928" percent="99" />
      <mem type="loa" free="104454144" total="104454144" percent="100" />
    </mem>
    <remembered-set count="130" />
  </mem-info>
</gc-end>
<cycle-end id="623" type="scavenge" contextid="617" timestamp="2019-06-15T03:39:36.463" />
  <attribute name="elasticGC enabled" value="1" />
  <attribute name= "numThreadsSpecified" value="4" />
  <attribute name="heapSize specified" value="9568256" />
  <attribute name="Current GC Util" value="27" />
  <attribute name= "Current Time Running" value="1430" />
  <attribute name ="GC Interval" value="200" />
  <attribute name="ProportionalT" value="3.500000" />
  <attribute name="ProportionalI" value="3.500000" />
  <attribute name="ProportionalH" value="3.500000" />
  <attribute name="Current Error" value="7.000000" />
  <attribute name="IntegralT" value="154.000000" />
  <attribute name="IntegralI" value="154.000000" />
  <attribute name="IntegralH" value="154.000000" />
  <attribute name="DerivativeT" value="0.477273" />
  <attribute name="DerivativeI" value="0.477273" />
  <attribute name="DerivativeH" value="0.477273" />
  <attribute name="Loop Time for DT" value="22.000000" />
  <attribute name="Output H" value="8388608"/>
  <attribute name="Output I" value="200"/>
  <attribute name="Output T" value="4"/>
  <attribute name="Target GC Util Change" value ="20.000000" />
  <attribute name="Current GC Util Change" value="27.000000"/>
  <attribute name="GC Util currently" value="27" />
  <attribute name="CPU Util currently" value="213904716857" />
<allocation-satisfied id="624" threadId="00000000028DD500" bytesRequested="16" />
<af-end id="625" timestamp="2019-06-15T03:39:36.463" threadId="00000000028DDE88" success="true" from="nursery"/>
<exclusive-end id="626" timestamp="2019-06-15T03:39:36.463" durationms="3.051" />

<exclusive-start id="627" timestamp="2019-06-15T03:39:36.479" intervalms="19.128">
  <response-info timems="0.052" idlems="0.052" threads="0" lastid="00000000028D9900" lastname="Thread-3" />
</exclusive-start>
<af-start id="628" threadId="00000000028DA288" totalBytesRequested="16392" timestamp="2019-06-15T03:39:36.479" intervalms="19.142" type="nursery" />
<cycle-start id="629" type="scavenge" contextid="0" timestamp="2019-06-15T03:39:36.480" intervalms="19.139" />
<gc-start id="630" type="scavenge" contextid="629" timestamp="2019-06-15T03:39:36.480">
  <mem-info id="631" free="2084098440" total="2092630016" percent="99">
    <mem type="nursery" free="0" total="3538944" percent="0">
      <mem type="allocate" free="0" total="2359296" percent="0" />
      <mem type="survivor" free="0" total="1179648" percent="0" />
    </mem>
    <mem type="tenure" free="2084098440" total="2089091072" percent="99">
      <mem type="soa" free="1979644296" total="1984636928" percent="99" />
      <mem type="loa" free="104454144" total="104454144" percent="100" />
    </mem>
    <remembered-set count="279" />
  </mem-info>
</gc-start>
<allocation-stats totalBytes="1620040" >
  <allocated-bytes non-tlh="81960" tlh="1538080" />
  <largest-consumer threadName="Thread-5" threadId="00000000028E1100" bytes="589008" />
</allocation-stats>
<gc-op id="632" type="scavenge" timems="1.857" contextid="629" timestamp="2019-06-15T03:39:36.482">
  <scavenger-info tenureage="1" tenuremask="7ffe" tiltratio="66" />
  <memory-copied type="nursery" objects="1868" bytes="706728" bytesdiscarded="241872" />
  <memory-copied type="tenure" objects="22" bytes="1480" bytesdiscarded="0" />
  <references type="weak" candidates="1" cleared="0" enqueued="0" />
  <references type="phantom" candidates="2" cleared="0" enqueued="0" />
</gc-op>
<gc-end id="633" type="scavenge" contextid="629" durationms="2.082" usertimems="4.000" systemtimems="0.000" timestamp="2019-06-15T03:39:36.482" activeThreads="4">
  <mem-info id="634" free="2085469912" total="2092630016" percent="99">
    <mem type="nursery" free="1410640" total="3538944" percent="39">
      <mem type="allocate" free="1410640" total="2359296" percent="59" />
      <mem type="survivor" free="0" total="1179648" percent="0" />
    </mem>
    <mem type="tenure" free="2084059272" total="2089091072" percent="99">
      <mem type="soa" free="1979605128" total="1984636928" percent="99" />
      <mem type="loa" free="104454144" total="104454144" percent="100" />
    </mem>
    <remembered-set count="137" />
  </mem-info>
</gc-end>
<cycle-end id="635" type="scavenge" contextid="629" timestamp="2019-06-15T03:39:36.482" />
  <attribute name="elasticGC enabled" value="1" />
  <attribute name= "numThreadsSpecified" value="4" />
  <attribute name="heapSize specified" value="9568256" />
  <attribute name="Current GC Util" value="23" />
  <attribute name= "Current Time Running" value="1449" />
  <attribute name ="GC Interval" value="200" />
  <attribute name="ProportionalT" value="1.500000" />
  <attribute name="ProportionalI" value="1.500000" />
  <attribute name="ProportionalH" value="1.500000" />
  <attribute name="Current Error" value="3.000000" />
  <attribute name="IntegralT" value="57.000000" />
  <attribute name="IntegralI" value="57.000000" />
  <attribute name="IntegralH" value="57.000000" />
  <attribute name="DerivativeT" value="-0.315789" />
  <attribute name="DerivativeI" value="-0.315789" />
  <attribute name="DerivativeH" value="-0.315789" />
  <attribute name="Loop Time for DT" value="19.000000" />
  <attribute name="Output H" value="8388608"/>
  <attribute name="Output I" value="200"/>
  <attribute name="Output T" value="4"/>
  <attribute name="Target GC Util Change" value ="20.000000" />
  <attribute name="Current GC Util Change" value="23.000000"/>
  <attribute name="GC Util currently" value="23" />
  <attribute name="CPU Util currently" value="240930368797" />
<allocation-satisfied id="636" threadId="00000000028D9900" bytesRequested="16392" />
<af-end id="637" timestamp="2019-06-15T03:39:36.482" threadId="00000000028DA288" success="true" from="nursery"/>
<exclusive-end id="638" timestamp="2019-06-15T03:39:36.482" durationms="2.659" />

<exclusive-start id="639" timestamp="2019-06-15T03:39:36.496" intervalms="17.071">
  <response-info timems="0.049" idlems="0.049" threads="0" lastid="00000000028D9900" lastname="Thread-3" />
</exclusive-start>
<af-start id="640" threadId="00000000028DA288" totalBytesRequested="8200" timestamp="2019-06-15T03:39:36.497" intervalms="17.068" type="nursery" />
<cycle-start id="641" type="scavenge" contextid="0" timestamp="2019-06-15T03:39:36.497" intervalms="17.067" />
<gc-start id="642" type="scavenge" contextid="641" timestamp="2019-06-15T03:39:36.497">
  <mem-info id="643" free="2084059272" total="2092630016" percent="99">
    <mem type="nursery" free="0" total="3538944" percent="0">
      <mem type="allocate" free="0" total="2359296" percent="0" />
      <mem type="survivor" free="0" total="1179648" percent="0" />
    </mem>
    <mem type="tenure" free="2084059272" total="2089091072" percent="99">
      <mem type="soa" free="1979605128" total="1984636928" percent="99" />
      <mem type="loa" free="104454144" total="104454144" percent="100" />
    </mem>
    <remembered-set count="286" />
  </mem-info>
</gc-start>
<allocation-stats totalBytes="1351208" >
  <allocated-bytes non-tlh="114720" tlh="1236488" />
  <largest-consumer threadName="Thread-3" threadId="00000000028D9900" bytes="686768" />
</allocation-stats>
<gc-op id="644" type="scavenge" timems="1.103" contextid="641" timestamp="2019-06-15T03:39:36.498">
  <scavenger-info tenureage="1" tenuremask="7ffe" tiltratio="66" />
  <memory-copied type="nursery" objects="855" bytes="452504" bytesdiscarded="145008" />
  <memory-copied type="tenure" objects="1211" bytes="479144" bytesdiscarded="872" />
  <references type="phantom" candidates="1" cleared="0" enqueued="0" />
</gc-op>
<gc-end id="645" type="scavenge" contextid="641" durationms="1.301" usertimems="4.000" systemtimems="0.000" timestamp="2019-06-15T03:39:36.498" activeThreads="4">
  <mem-info id="646" free="2085419712" total="2092630016" percent="99">
    <mem type="nursery" free="1827272" total="3538944" percent="51">
      <mem type="allocate" free="1827272" total="2424832" percent="75" />
      <mem type="survivor" free="0" total="1114112" percent="0" />
    </mem>
    <mem type="tenure" free="2083592440" total="2089091072" percent="99">
      <mem type="soa" free="1979138296" total="1984636928" percent="99" />
      <mem type="loa" free="104454144" total="104454144" percent="100" />
    </mem>
    <remembered-set count="163" />
  </mem-info>
</gc-end>
<cycle-end id="647" type="scavenge" contextid="641" timestamp="2019-06-15T03:39:36.498" />
  <attribute name="elasticGC enabled" value="1" />
  <attribute name= "numThreadsSpecified" value="4" />
  <attribute name="heapSize specified" value="9568256" />
  <attribute name="Current GC Util" value="24" />
  <attribute name= "Current Time Running" value="1466" />
  <attribute name ="GC Interval" value="200" />
  <attribute name="ProportionalT" value="2.000000" />
  <attribute name="ProportionalI" value="2.000000" />
  <attribute name="ProportionalH" value="2.000000" />
  <attribute name="Current Error" value="4.000000" />
  <attribute name="IntegralT" value="68.000000" />
  <attribute name="IntegralI" value="68.000000" />
  <attribute name="IntegralH" value="68.000000" />
  <attribute name="DerivativeT" value="0.088235" />
  <attribute name="DerivativeI" value="0.088235" />
  <attribute name="DerivativeH" value="0.088235" />
  <attribute name="Loop Time for DT" value="17.000000" />
  <attribute name="Output H" value="8388608"/>
  <attribute name="Output I" value="200"/>
  <attribute name="Output T" value="4"/>
  <attribute name="Target GC Util Change" value ="20.000000" />
  <attribute name="Current GC Util Change" value="24.000000"/>
  <attribute name="GC Util currently" value="24" />
  <attribute name="CPU Util currently" value="270231521039" />
<allocation-satisfied id="648" threadId="00000000028D9900" bytesRequested="8200" />
<af-end id="649" timestamp="2019-06-15T03:39:36.498" threadId="00000000028DA288" success="true" from="nursery"/>
<exclusive-end id="650" timestamp="2019-06-15T03:39:36.498" durationms="1.750" />

<exclusive-start id="651" timestamp="2019-06-15T03:39:36.522" intervalms="25.613">
  <response-info timems="0.044" idlems="0.044" threads="0" lastid="00000000028DD500" lastname="Thread-4" />
</exclusive-start>
<af-start id="652" threadId="00000000028DDE88" totalBytesRequested="2056" timestamp="2019-06-15T03:39:36.522" intervalms="25.614" type="nursery" />
<cycle-start id="653" type="scavenge" contextid="0" timestamp="2019-06-15T03:39:36.522" intervalms="25.620" />
<gc-start id="654" type="scavenge" contextid="653" timestamp="2019-06-15T03:39:36.522">
  <mem-info id="655" free="2083592440" total="2092630016" percent="99">
    <mem type="nursery" free="0" total="3538944" percent="0">
      <mem type="allocate" free="0" total="2424832" percent="0" />
      <mem type="survivor" free="0" total="1114112" percent="0" />
    </mem>
    <mem type="tenure" free="2083592440" total="2089091072" percent="99">
      <mem type="soa" free="1979138296" total="1984636928" percent="99" />
      <mem type="loa" free="104454144" total="104454144" percent="100" />
    </mem>
    <remembered-set count="335" />
  </mem-info>
</gc-start>
<allocation-stats totalBytes="1815928" >
  <allocated-bytes non-tlh="8200" tlh="1807728" />
  <largest-consumer threadName="Thread-4" threadId="00000000028DD500" bytes="772200" />
</allocation-stats>
<gc-op id="656" type="scavenge" timems="0.409" contextid="653" timestamp="2019-06-15T03:39:36.523">
  <scavenger-info tenureage="1" tenuremask="7ffe" tiltratio="68" />
  <memory-copied type="nursery" objects="1719" bytes="619424" bytesdiscarded="279744" />
  <memory-copied type="tenure" objects="352" bytes="258920" bytesdiscarded="144" />
  <references type="phantom" candidates="1" cleared="0" enqueued="0" />
</gc-op>
<gc-end id="657" type="scavenge" contextid="653" durationms="0.612" usertimems="0.000" systemtimems="0.000" timestamp="2019-06-15T03:39:36.523" activeThreads="4">
  <mem-info id="658" free="2085044024" total="2092630016" percent="99">
    <mem type="nursery" free="1591152" total="3538944" percent="44">
      <mem type="allocate" free="1591152" total="2490368" percent="63" />
      <mem type="survivor" free="0" total="1048576" percent="0" />
    </mem>
    <mem type="tenure" free="2083452872" total="2089091072" percent="99">
      <mem type="soa" free="1978998728" total="1984636928" percent="99" />
      <mem type="loa" free="104454144" total="104454144" percent="100" />
    </mem>
    <remembered-set count="159" />
  </mem-info>
</gc-end>
<cycle-end id="659" type="scavenge" contextid="653" timestamp="2019-06-15T03:39:36.523" />
  <attribute name="elasticGC enabled" value="1" />
  <attribute name= "numThreadsSpecified" value="4" />
  <attribute name="heapSize specified" value="9568256" />
  <attribute name="Current GC Util" value="10" />
  <attribute name= "Current Time Running" value="1492" />
  <attribute name ="GC Interval" value="200" />
  <attribute name="ProportionalT" value="-5.000000" />
  <attribute name="ProportionalI" value="-5.000000" />
  <attribute name="ProportionalH" value="-5.000000" />
  <attribute name="Current Error" value="-10.000000" />
  <attribute name="IntegralT" value="-260.000000" />
  <attribute name="IntegralI" value="-260.000000" />
  <attribute name="IntegralH" value="-260.000000" />
  <attribute name="DerivativeT" value="-0.807692" />
  <attribute name="DerivativeI" value="-0.807692" />
  <attribute name="DerivativeH" value="-0.807692" />
  <attribute name="Loop Time for DT" value="26.000000" />
  <attribute name="Output H" value="2092630016"/>
  <attribute name="Output I" value="200"/>
  <attribute name="Output T" value="4"/>
  <attribute name="Target GC Util Change" value ="20.000000" />
  <attribute name="Current GC Util Change" value="10.000000"/>
  <attribute name="GC Util currently" value="10" />
  <attribute name="CPU Util currently" value="180014002225" />
<allocation-satisfied id="660" threadId="00000000028DD500" bytesRequested="2056" />
<af-end id="661" timestamp="2019-06-15T03:39:36.523" threadId="00000000028DDE88" success="true" from="nursery"/>
<exclusive-end id="662" timestamp="2019-06-15T03:39:36.523" durationms="1.116" />

<exclusive-start id="663" timestamp="2019-06-15T03:39:36.536" intervalms="14.054">
  <response-info timems="0.030" idlems="0.030" threads="0" lastid="00000000028D9900" lastname="Thread-3" />
</exclusive-start>
<af-start id="664" threadId="00000000028DA288" totalBytesRequested="32776" timestamp="2019-06-15T03:39:36.536" intervalms="14.049" type="nursery" />
<cycle-start id="665" type="scavenge" contextid="0" timestamp="2019-06-15T03:39:36.536" intervalms="14.042" />
<gc-start id="666" type="scavenge" contextid="665" timestamp="2019-06-15T03:39:36.536">
  <mem-info id="667" free="2083452872" total="2092630016" percent="99">
    <mem type="nursery" free="0" total="3538944" percent="0">
      <mem type="allocate" free="0" total="2490368" percent="0" />
      <mem type="survivor" free="0" total="1048576" percent="0" />
    </mem>
    <mem type="tenure" free="2083452872" total="2089091072" percent="99">
      <mem type="soa" free="1978998728" total="1984636928" percent="99" />
      <mem type="loa" free="104454144" total="104454144" percent="100" />
    </mem>
    <remembered-set count="269" />
  </mem-info>
</gc-start>
<allocation-stats totalBytes="1506776" >
  <allocated-bytes non-tlh="34832" tlh="1471944" />
  <largest-consumer threadName="Thread-3" threadId="00000000028D9900" bytes="645280" />
</allocation-stats>
<gc-op id="668" type="scavenge" timems="2.342" contextid="665" timestamp="2019-06-15T03:39:36.539">
  <scavenger-info tenureage="1" tenuremask="7ffe" tiltratio="70" />
  <memory-copied type="nursery" objects="768" bytes="371888" bytesdiscarded="218520" />
  <memory-copied type="tenure" objects="1242" bytes="432960" bytesdiscarded="6912" />
</gc-op>
<gc-end id="669" type="scavenge" contextid="665" durationms="2.538" usertimems="4.000" systemtimems="4.000" timestamp="2019-06-15T03:39:36.539" activeThreads="4">
  <mem-info id="670" free="2085016944" total="2092630016" percent="99">
    <mem type="nursery" free="1965456" total="3538944" percent="55">
      <mem type="allocate" free="1965456" total="2555904" percent="76" />
      <mem type="survivor" free="0" total="983040" percent="0" />
    </mem>
    <mem type="tenure" free="2083051488" total="2089091072" percent="99">
      <mem type="soa" free="1978597344" total="1984636928" percent="99" />
      <mem type="loa" free="104454144" total="104454144" percent="100" />
    </mem>
    <remembered-set count="138" />
  </mem-info>
</gc-end>
<cycle-end id="671" type="scavenge" contextid="665" timestamp="2019-06-15T03:39:36.539" />
  <attribute name="elasticGC enabled" value="1" />
  <attribute name= "numThreadsSpecified" value="4" />
  <attribute name="heapSize specified" value="9568256" />
  <attribute name="Current GC Util" value="9" />
  <attribute name= "Current Time Running" value="1506" />
  <attribute name ="GC Interval" value="200" />
  <attribute name="ProportionalT" value="-5.500000" />
  <attribute name="ProportionalI" value="-5.500000" />
  <attribute name="ProportionalH" value="-5.500000" />
  <attribute name="Current Error" value="-11.000000" />
  <attribute name="IntegralT" value="-154.000000" />
  <attribute name="IntegralI" value="-154.000000" />
  <attribute name="IntegralH" value="-154.000000" />
  <attribute name="DerivativeT" value="-1.178571" />
  <attribute name="DerivativeI" value="-1.178571" />
  <attribute name="DerivativeH" value="-1.178571" />
  <attribute name="Loop Time for DT" value="14.000000" />
  <attribute name="Output H" value="2092630016"/>
  <attribute name="Output I" value="200"/>
  <attribute name="Output T" value="4"/>
  <attribute name="Target GC Util Change" value ="20.000000" />
  <attribute name="Current GC Util Change" value="9.000000"/>
  <attribute name="GC Util currently" value="9" />
  <attribute name="CPU Util currently" value="328734937631" />
<allocation-satisfied id="672" threadId="00000000028D9900" bytesRequested="32776" />
<af-end id="673" timestamp="2019-06-15T03:39:36.539" threadId="00000000028DA288" success="true" from="nursery"/>
<exclusive-end id="674" timestamp="2019-06-15T03:39:36.539" durationms="2.976" />

<exclusive-start id="675" timestamp="2019-06-15T03:39:36.565" intervalms="29.358">
  <response-info timems="0.040" idlems="0.040" threads="0" lastid="00000000028E1100" lastname="Thread-5" />
</exclusive-start>
<af-start id="676" threadId="00000000028E1A88" totalBytesRequested="16392" timestamp="2019-06-15T03:39:36.566" intervalms="29.359" type="nursery" />
<cycle-start id="677" type="scavenge" contextid="0" timestamp="2019-06-15T03:39:36.566" intervalms="29.362" />
<gc-start id="678" type="scavenge" contextid="677" timestamp="2019-06-15T03:39:36.566">
  <mem-info id="679" free="2083051488" total="2092630016" percent="99">
    <mem type="nursery" free="0" total="3538944" percent="0">
      <mem type="allocate" free="0" total="2555904" percent="0" />
      <mem type="survivor" free="0" total="983040" percent="0" />
    </mem>
    <mem type="tenure" free="2083051488" total="2089091072" percent="99">
      <mem type="soa" free="1978597344" total="1984636928" percent="99" />
      <mem type="loa" free="104454144" total="104454144" percent="100" />
    </mem>
    <remembered-set count="303" />
  </mem-info>
</gc-start>
<allocation-stats totalBytes="1916880" >
  <allocated-bytes non-tlh="65552" tlh="1851328" />
  <largest-consumer threadName="Thread-3" threadId="00000000028D9900" bytes="859840" />
</allocation-stats>
<gc-op id="680" type="scavenge" timems="0.398" contextid="677" timestamp="2019-06-15T03:39:36.566">
  <scavenger-info tenureage="1" tenuremask="7ffe" tiltratio="72" />
  <memory-copied type="nursery" objects="1366" bytes="585632" bytesdiscarded="317600" />
  <memory-copied type="tenure" objects="51" bytes="39072" bytesdiscarded="88" />
  <references type="weak" candidates="1" cleared="0" enqueued="0" />
  <references type="phantom" candidates="1" cleared="0" enqueued="0" />
</gc-op>
<gc-end id="681" type="scavenge" contextid="677" durationms="0.596" usertimems="0.000" systemtimems="0.000" timestamp="2019-06-15T03:39:36.566" activeThreads="4">
  <mem-info id="682" free="2084664952" total="2092630016" percent="99">
    <mem type="nursery" free="1652632" total="3538944" percent="46">
      <mem type="allocate" free="1652632" total="2555904" percent="64" />
      <mem type="survivor" free="0" total="983040" percent="0" />
    </mem>
    <mem type="tenure" free="2083012320" total="2089091072" percent="99">
      <mem type="soa" free="1978558176" total="1984636928" percent="99" />
      <mem type="loa" free="104454144" total="104454144" percent="100" />
    </mem>
    <remembered-set count="136" />
  </mem-info>
</gc-end>
<cycle-end id="683" type="scavenge" contextid="677" timestamp="2019-06-15T03:39:36.566" />
  <attribute name="elasticGC enabled" value="1" />
  <attribute name= "numThreadsSpecified" value="4" />
  <attribute name="heapSize specified" value="9568256" />
  <attribute name="Current GC Util" value="17" />
  <attribute name= "Current Time Running" value="1535" />
  <attribute name ="GC Interval" value="200" />
  <attribute name="ProportionalT" value="-1.500000" />
  <attribute name="ProportionalI" value="-1.500000" />
  <attribute name="ProportionalH" value="-1.500000" />
  <attribute name="Current Error" value="-3.000000" />
  <attribute name="IntegralT" value="-87.000000" />
  <attribute name="IntegralI" value="-87.000000" />
  <attribute name="IntegralH" value="-87.000000" />
  <attribute name="DerivativeT" value="-0.155172" />
  <attribute name="DerivativeI" value="-0.155172" />
  <attribute name="DerivativeH" value="-0.155172" />
  <attribute name="Loop Time for DT" value="29.000000" />
  <attribute name="Output H" value="2092630016"/>
  <attribute name="Output I" value="200"/>
  <attribute name="Output T" value="4"/>
  <attribute name="Target GC Util Change" value ="20.000000" />
  <attribute name="Current GC Util Change" value="17.000000"/>
  <attribute name="GC Util currently" value="17" />
  <attribute name="CPU Util currently" value="156984940994" />
<allocation-satisfied id="684" threadId="00000000028E1100" bytesRequested="16392" />
<af-end id="685" timestamp="2019-06-15T03:39:36.567" threadId="00000000028E1A88" success="true" from="nursery"/>
<exclusive-end id="686" timestamp="2019-06-15T03:39:36.567" durationms="1.062" />

<exclusive-start id="687" timestamp="2019-06-15T03:39:36.587" intervalms="21.701">
  <response-info timems="0.048" idlems="0.048" threads="0" lastid="00000000028E1100" lastname="Thread-5" />
</exclusive-start>
<af-start id="688" threadId="00000000028E1A88" totalBytesRequested="2056" timestamp="2019-06-15T03:39:36.587" intervalms="21.707" type="nursery" />
<cycle-start id="689" type="scavenge" contextid="0" timestamp="2019-06-15T03:39:36.587" intervalms="21.712" />
<gc-start id="690" type="scavenge" contextid="689" timestamp="2019-06-15T03:39:36.587">
  <mem-info id="691" free="2083012320" total="2092630016" percent="99">
    <mem type="nursery" free="0" total="3538944" percent="0">
      <mem type="allocate" free="0" total="2555904" percent="0" />
      <mem type="survivor" free="0" total="983040" percent="0" />
    </mem>
    <mem type="tenure" free="2083012320" total="2089091072" percent="99">
      <mem type="soa" free="1978558176" total="1984636928" percent="99" />
      <mem type="loa" free="104454144" total="104454144" percent="100" />
    </mem>
    <remembered-set count="265" />
  </mem-info>
</gc-start>
<allocation-stats totalBytes="1617544" >
  <allocated-bytes non-tlh="49168" tlh="1568376" />
  <largest-consumer threadName="Thread-5" threadId="00000000028E1100" bytes="726992" />
</allocation-stats>
<gc-op id="692" type="scavenge" timems="0.427" contextid="689" timestamp="2019-06-15T03:39:36.588">
  <scavenger-info tenureage="1" tenuremask="7ffe" tiltratio="72" />
  <memory-copied type="nursery" objects="1126" bytes="428664" bytesdiscarded="250888" />
  <memory-copied type="tenure" objects="762" bytes="341064" bytesdiscarded="208" />
  <references type="phantom" candidates="1" cleared="0" enqueued="0" />
</gc-op>
<gc-end id="693" type="scavenge" contextid="689" durationms="0.636" usertimems="0.000" systemtimems="0.000" timestamp="2019-06-15T03:39:36.588" activeThreads="4">
  <mem-info id="694" free="2084533440" total="2092630016" percent="99">
    <mem type="nursery" free="1941848" total="3538944" percent="54">
      <mem type="allocate" free="1941848" total="2621440" percent="74" />
      <mem type="survivor" free="0" total="917504" percent="0" />
    </mem>
    <mem type="tenure" free="2082591592" total="2089091072" percent="99">
      <mem type="soa" free="1978137448" total="1984636928" percent="99" />
      <mem type="loa" free="104454144" total="104454144" percent="100" />
    </mem>
    <remembered-set count="130" />
  </mem-info>
</gc-end>
<cycle-end id="695" type="scavenge" contextid="689" timestamp="2019-06-15T03:39:36.588" />
  <attribute name="elasticGC enabled" value="1" />
  <attribute name= "numThreadsSpecified" value="4" />
  <attribute name="heapSize specified" value="9568256" />
  <attribute name="Current GC Util" value="4" />
  <attribute name= "Current Time Running" value="1557" />
  <attribute name ="GC Interval" value="200" />
  <attribute name="ProportionalT" value="-8.000000" />
  <attribute name="ProportionalI" value="-8.000000" />
  <attribute name="ProportionalH" value="-8.000000" />
  <attribute name="Current Error" value="-16.000000" />
  <attribute name="IntegralT" value="-352.000000" />
  <attribute name="IntegralI" value="-352.000000" />
  <attribute name="IntegralH" value="-352.000000" />
  <attribute name="DerivativeT" value="-1.090909" />
  <attribute name="DerivativeI" value="-1.090909" />
  <attribute name="DerivativeH" value="-1.090909" />
  <attribute name="Loop Time for DT" value="22.000000" />
  <attribute name="Output H" value="2092630016"/>
  <attribute name="Output I" value="200"/>
  <attribute name="Output T" value="4"/>
  <attribute name="Target GC Util Change" value ="20.000000" />
  <attribute name="Current GC Util Change" value="4.000000"/>
  <attribute name="GC Util currently" value="4" />
  <attribute name="CPU Util currently" value="212349127362" />
<allocation-satisfied id="696" threadId="00000000028E1100" bytesRequested="2056" />
<af-end id="697" timestamp="2019-06-15T03:39:36.588" threadId="00000000028E1A88" success="true" from="nursery"/>
<exclusive-end id="698" timestamp="2019-06-15T03:39:36.588" durationms="1.146" />

<exclusive-start id="699" timestamp="2019-06-15T03:39:36.621" intervalms="33.584">
  <response-info timems="0.031" idlems="0.031" threads="0" lastid="00000000028E1100" lastname="Thread-5" />
</exclusive-start>
<af-start id="700" threadId="00000000028E1A88" totalBytesRequested="40" timestamp="2019-06-15T03:39:36.621" intervalms="33.584" type="nursery" />
<cycle-start id="701" type="scavenge" contextid="0" timestamp="2019-06-15T03:39:36.621" intervalms="33.584" />
<gc-start id="702" type="scavenge" contextid="701" timestamp="2019-06-15T03:39:36.621">
  <mem-info id="703" free="2082591592" total="2092630016" percent="99">
    <mem type="nursery" free="0" total="3538944" percent="0">
      <mem type="allocate" free="0" total="2621440" percent="0" />
      <mem type="survivor" free="0" total="917504" percent="0" />
    </mem>
    <mem type="tenure" free="2082591592" total="2089091072" percent="99">
      <mem type="soa" free="1978137448" total="1984636928" percent="99" />
      <mem type="loa" free="104454144" total="104454144" percent="100" />
    </mem>
    <remembered-set count="301" />
  </mem-info>
</gc-start>
<allocation-stats totalBytes="1923352" >
  <allocated-bytes non-tlh="149552" tlh="1773800" />
  <largest-consumer threadName="Thread-6" threadId="00000000028E4D00" bytes="660480" />
</allocation-stats>
<gc-op id="704" type="scavenge" timems="0.499" contextid="701" timestamp="2019-06-15T03:39:36.622">
  <scavenger-info tenureage="1" tenuremask="7ffe" tiltratio="74" />
  <memory-copied type="nursery" objects="1824" bytes="787744" bytesdiscarded="129696" />
  <memory-copied type="tenure" objects="901" bytes="257120" bytesdiscarded="312" />
  <copy-failed type="nursery" objects="358" bytes="45608" />
  <references type="weak" candidates="1" cleared="0" enqueued="0" />
  <references type="phantom" candidates="1" cleared="0" enqueued="0" />
</gc-op>
<gc-end id="705" type="scavenge" contextid="701" durationms="0.712" usertimems="0.000" systemtimems="4.000" timestamp="2019-06-15T03:39:36.622" activeThreads="4">
  <mem-info id="706" free="2083531056" total="2092630016" percent="99">
    <mem type="nursery" free="1245184" total="3538944" percent="35">
      <mem type="allocate" free="1245184" total="2162688" percent="57" />
      <mem type="survivor" free="0" total="1376256" percent="0" />
    </mem>
    <mem type="tenure" free="2082285872" total="2089091072" percent="99">
      <mem type="soa" free="1977831728" total="1984636928" percent="99" />
      <mem type="loa" free="104454144" total="104454144" percent="100" />
    </mem>
    <remembered-set count="168" />
  </mem-info>
</gc-end>
<cycle-end id="707" type="scavenge" contextid="701" timestamp="2019-06-15T03:39:36.622" />
  <attribute name="elasticGC enabled" value="1" />
  <attribute name= "numThreadsSpecified" value="4" />
  <attribute name="heapSize specified" value="9568256" />
  <attribute name="Current GC Util" value="3" />
  <attribute name= "Current Time Running" value="1590" />
  <attribute name ="GC Interval" value="200" />
  <attribute name="ProportionalT" value="-8.500000" />
  <attribute name="ProportionalI" value="-8.500000" />
  <attribute name="ProportionalH" value="-8.500000" />
  <attribute name="Current Error" value="-17.000000" />
  <attribute name="IntegralT" value="-561.000000" />
  <attribute name="IntegralI" value="-561.000000" />
  <attribute name="IntegralH" value="-561.000000" />
  <attribute name="DerivativeT" value="-0.772727" />
  <attribute name="DerivativeI" value="-0.772727" />
  <attribute name="DerivativeH" value="-0.772727" />
  <attribute name="Loop Time for DT" value="33.000000" />
  <attribute name="Output H" value="2092630016"/>
  <attribute name="Output I" value="200"/>
  <attribute name="Output T" value="4"/>
  <attribute name="Target GC Util Change" value ="20.000000" />
  <attribute name="Current GC Util Change" value="3.000000"/>
  <attribute name="GC Util currently" value="3" />
  <attribute name="CPU Util currently" value="137291173152" />
<allocation-satisfied id="708" threadId="00000000028E1100" bytesRequested="40" />
<af-end id="709" timestamp="2019-06-15T03:39:36.622" threadId="00000000028E1A88" success="true" from="nursery"/>
<exclusive-end id="710" timestamp="2019-06-15T03:39:36.622" durationms="1.318" />

<exclusive-start id="711" timestamp="2019-06-15T03:39:36.638" intervalms="17.453">
  <response-info timems="0.046" idlems="0.046" threads="0" lastid="00000000028E1100" lastname="Thread-5" />
</exclusive-start>
<af-start id="712" threadId="00000000028E1A88" totalBytesRequested="2056" timestamp="2019-06-15T03:39:36.639" intervalms="17.993" type="nursery" />
<cycle-start id="713" type="scavenge" contextid="0" timestamp="2019-06-15T03:39:36.639" intervalms="18.006" />
<gc-start id="714" type="scavenge" contextid="713" timestamp="2019-06-15T03:39:36.639">
  <mem-info id="715" free="2082285872" total="2092630016" percent="99">
    <mem type="nursery" free="0" total="3538944" percent="0">
      <mem type="allocate" free="0" total="2162688" percent="0" />
      <mem type="survivor" free="0" total="1376256" percent="0" />
    </mem>
    <mem type="tenure" free="2082285872" total="2089091072" percent="99">
      <mem type="soa" free="1977831728" total="1984636928" percent="99" />
      <mem type="loa" free="104454144" total="104454144" percent="100" />
    </mem>
    <remembered-set count="287" />
  </mem-info>
</gc-start>
<allocation-stats totalBytes="1181336" >
  <allocated-bytes non-tlh="65592" tlh="1115744" />
  <largest-consumer threadName="Thread-5" threadId="00000000028E1100" bytes="729440" />
</allocation-stats>
<gc-op id="716" type="scavenge" timems="0.484" contextid="713" timestamp="2019-06-15T03:39:36.640">
  <scavenger-info tenureage="1" tenuremask="7ffe" tiltratio="61" />
  <memory-copied type="nursery" objects="453" bytes="227800" bytesdiscarded="371496" />
  <memory-copied type="tenure" objects="1178" bytes="570672" bytesdiscarded="1792" />
  <references type="phantom" candidates="1" cleared="0" enqueued="0" />
</gc-op>
<gc-end id="717" type="scavenge" contextid="713" durationms="0.810" usertimems="0.000" systemtimems="4.000" timestamp="2019-06-15T03:39:36.640" activeThreads="4">
  <mem-info id="718" free="2083112608" total="2092630016" percent="99">
    <mem type="nursery" free="1628896" total="3538944" percent="46">
      <mem type="allocate" free="1628896" total="2228224" percent="73" />
      <mem type="survivor" free="0" total="1310720" percent="0" />
    </mem>
    <mem type="tenure" free="2081483712" total="2089091072" percent="99">
      <mem type="soa" free="1977029568" total="1984636928" percent="99" />
      <mem type="loa" free="104454144" total="104454144" percent="100" />
    </mem>
    <remembered-set count="130" />
  </mem-info>
</gc-end>
<cycle-end id="719" type="scavenge" contextid="713" timestamp="2019-06-15T03:39:36.640" />
  <attribute name="elasticGC enabled" value="1" />
  <attribute name= "numThreadsSpecified" value="4" />
  <attribute name="heapSize specified" value="9568256" />
  <attribute name="Current GC Util" value="7" />
  <attribute name= "Current Time Running" value="1608" />
  <attribute name ="GC Interval" value="200" />
  <attribute name="ProportionalT" value="-6.500000" />
  <attribute name="ProportionalI" value="-6.500000" />
  <attribute name="ProportionalH" value="-6.500000" />
  <attribute name="Current Error" value="-13.000000" />
  <attribute name="IntegralT" value="-234.000000" />
  <attribute name="IntegralI" value="-234.000000" />
  <attribute name="IntegralH" value="-234.000000" />
  <attribute name="DerivativeT" value="-1.083333" />
  <attribute name="DerivativeI" value="-1.083333" />
  <attribute name="DerivativeH" value="-1.083333" />
  <attribute name="Loop Time for DT" value="18.000000" />
  <attribute name="Output H" value="2092630016"/>
  <attribute name="Output I" value="200"/>
  <attribute name="Output T" value="4"/>
  <attribute name="Target GC Util Change" value ="20.000000" />
  <attribute name="Current GC Util Change" value="7.000000"/>
  <attribute name="GC Util currently" value="7" />
  <attribute name="CPU Util currently" value="254542980610" />
<allocation-satisfied id="720" threadId="00000000028E1100" bytesRequested="2056" />
<af-end id="721" timestamp="2019-06-15T03:39:36.640" threadId="00000000028E1A88" success="true" from="nursery"/>
<exclusive-end id="722" timestamp="2019-06-15T03:39:36.640" durationms="1.853" />

<exclusive-start id="723" timestamp="2019-06-15T03:39:36.659" intervalms="21.123">
  <response-info timems="0.041" idlems="0.041" threads="0" lastid="00000000028D9900" lastname="Thread-3" />
</exclusive-start>
<af-start id="724" threadId="00000000028DA288" totalBytesRequested="2056" timestamp="2019-06-15T03:39:36.659" intervalms="20.575" type="nursery" />
<cycle-start id="725" type="scavenge" contextid="0" timestamp="2019-06-15T03:39:36.659" intervalms="20.557" />
<gc-start id="726" type="scavenge" contextid="725" timestamp="2019-06-15T03:39:36.660">
  <mem-info id="727" free="2081483712" total="2092630016" percent="99">
    <mem type="nursery" free="0" total="3538944" percent="0">
      <mem type="allocate" free="0" total="2228224" percent="0" />
      <mem type="survivor" free="0" total="1310720" percent="0" />
    </mem>
    <mem type="tenure" free="2081483712" total="2089091072" percent="99">
      <mem type="soa" free="1977029568" total="1984636928" percent="99" />
      <mem type="loa" free="104454144" total="104454144" percent="100" />
    </mem>
    <remembered-set count="309" />
  </mem-info>
</gc-start>
<allocation-stats totalBytes="1541040" >
  <allocated-bytes non-tlh="67608" tlh="1473432" />
  <largest-consumer threadName="Thread-4" threadId="00000000028DD500" bytes="640544" />
</allocation-stats>
<gc-op id="728" type="scavenge" timems="1.694" contextid="725" timestamp="2019-06-15T03:39:36.661">
  <scavenger-info tenureage="1" tenuremask="7ffe" tiltratio="62" />
  <memory-copied type="nursery" objects="1571" bytes="577360" bytesdiscarded="292384" />
  <memory-copied type="tenure" objects="385" bytes="208464" bytesdiscarded="952" />
  <references type="phantom" candidates="1" cleared="0" enqueued="0" />
</gc-op>
<gc-end id="729" type="scavenge" contextid="725" durationms="1.906" usertimems="0.000" systemtimems="8.000" timestamp="2019-06-15T03:39:36.661" activeThreads="4">
  <mem-info id="730" free="2082704624" total="2092630016" percent="99">
    <mem type="nursery" free="1423976" total="3538944" percent="40">
      <mem type="allocate" free="1423976" total="2293760" percent="62" />
      <mem type="survivor" free="0" total="1245184" percent="0" />
    </mem>
    <mem type="tenure" free="2081280648" total="2089091072" percent="99">
      <mem type="soa" free="1976826504" total="1984636928" percent="99" />
      <mem type="loa" free="104454144" total="104454144" percent="100" />
    </mem>
    <remembered-set count="163" />
  </mem-info>
</gc-end>
<cycle-end id="731" type="scavenge" contextid="725" timestamp="2019-06-15T03:39:36.662" />
  <attribute name="elasticGC enabled" value="1" />
  <attribute name= "numThreadsSpecified" value="4" />
  <attribute name="heapSize specified" value="9568256" />
  <attribute name="Current GC Util" value="6" />
  <attribute name= "Current Time Running" value="1629" />
  <attribute name ="GC Interval" value="200" />
  <attribute name="ProportionalT" value="-7.000000" />
  <attribute name="ProportionalI" value="-7.000000" />
  <attribute name="ProportionalH" value="-7.000000" />
  <attribute name="Current Error" value="-14.000000" />
  <attribute name="IntegralT" value="-294.000000" />
  <attribute name="IntegralI" value="-294.000000" />
  <attribute name="IntegralH" value="-294.000000" />
  <attribute name="DerivativeT" value="-1.000000" />
  <attribute name="DerivativeI" value="-1.000000" />
  <attribute name="DerivativeH" value="-1.000000" />
  <attribute name="Loop Time for DT" value="21.000000" />
  <attribute name="Output H" value="2092630016"/>
  <attribute name="Output I" value="200"/>
  <attribute name="Output T" value="4"/>
  <attribute name="Target GC Util Change" value ="20.000000" />
  <attribute name="Current GC Util Change" value="6.000000"/>
  <attribute name="GC Util currently" value="6" />
  <attribute name="CPU Util currently" value="225514839919" />
<allocation-satisfied id="732" threadId="00000000028D9900" bytesRequested="2056" />
<af-end id="733" timestamp="2019-06-15T03:39:36.662" threadId="00000000028DA288" success="true" from="nursery"/>
<exclusive-end id="734" timestamp="2019-06-15T03:39:36.662" durationms="2.364" />

<exclusive-start id="735" timestamp="2019-06-15T03:39:36.676" intervalms="16.750">
  <response-info timems="0.039" idlems="0.039" threads="0" lastid="00000000028E1100" lastname="Thread-5" />
</exclusive-start>
<af-start id="736" threadId="00000000028E1A88" totalBytesRequested="16392" timestamp="2019-06-15T03:39:36.676" intervalms="16.751" type="nursery" />
<cycle-start id="737" type="scavenge" contextid="0" timestamp="2019-06-15T03:39:36.676" intervalms="16.749" />
<gc-start id="738" type="scavenge" contextid="737" timestamp="2019-06-15T03:39:36.676">
  <mem-info id="739" free="2081280648" total="2092630016" percent="99">
    <mem type="nursery" free="0" total="3538944" percent="0">
      <mem type="allocate" free="0" total="2293760" percent="0" />
      <mem type="survivor" free="0" total="1245184" percent="0" />
    </mem>
    <mem type="tenure" free="2081280648" total="2089091072" percent="99">
      <mem type="soa" free="1976826504" total="1984636928" percent="99" />
      <mem type="loa" free="104454144" total="104454144" percent="100" />
    </mem>
    <remembered-set count="305" />
  </mem-info>
</gc-start>
<allocation-stats totalBytes="1389712" >
  <allocated-bytes non-tlh="34832" tlh="1354880" />
  <largest-consumer threadName="Thread-5" threadId="00000000028E1100" bytes="680432" />
</allocation-stats>
<gc-op id="740" type="scavenge" timems="0.389" contextid="737" timestamp="2019-06-15T03:39:36.677">
  <scavenger-info tenureage="1" tenuremask="7ffe" tiltratio="64" />
  <memory-copied type="nursery" objects="795" bytes="338544" bytesdiscarded="220072" />
  <memory-copied type="tenure" objects="864" bytes="366040" bytesdiscarded="392" />
  <references type="phantom" candidates="1" cleared="0" enqueued="0" />
</gc-op>
<gc-end id="741" type="scavenge" contextid="737" durationms="0.615" usertimems="4.000" systemtimems="0.000" timestamp="2019-06-15T03:39:36.677" activeThreads="4">
  <mem-info id="742" free="2082878000" total="2092630016" percent="99">
    <mem type="nursery" free="1866176" total="3538944" percent="52">
      <mem type="allocate" free="1866176" total="2424832" percent="76" />
      <mem type="survivor" free="0" total="1114112" percent="0" />
    </mem>
    <mem type="tenure" free="2081011824" total="2089091072" percent="99">
      <mem type="soa" free="1976557680" total="1984636928" percent="99" />
      <mem type="loa" free="104454144" total="104454144" percent="100" />
    </mem>
    <remembered-set count="172" />
  </mem-info>
</gc-end>
<cycle-end id="743" type="scavenge" contextid="737" timestamp="2019-06-15T03:39:36.677" />
  <attribute name="elasticGC enabled" value="1" />
  <attribute name= "numThreadsSpecified" value="4" />
  <attribute name="heapSize specified" value="9568256" />
  <attribute name="Current GC Util" value="25" />
  <attribute name= "Current Time Running" value="1646" />
  <attribute name ="GC Interval" value="200" />
  <attribute name="ProportionalT" value="2.500000" />
  <attribute name="ProportionalI" value="2.500000" />
  <attribute name="ProportionalH" value="2.500000" />
  <attribute name="Current Error" value="5.000000" />
  <attribute name="IntegralT" value="85.000000" />
  <attribute name="IntegralI" value="85.000000" />
  <attribute name="IntegralH" value="85.000000" />
  <attribute name="DerivativeT" value="0.441176" />
  <attribute name="DerivativeI" value="0.441176" />
  <attribute name="DerivativeH" value="0.441176" />
  <attribute name="Loop Time for DT" value="17.000000" />
  <attribute name="Output H" value="8388608"/>
  <attribute name="Output I" value="200"/>
  <attribute name="Output T" value="4"/>
  <attribute name="Target GC Util Change" value ="20.000000" />
  <attribute name="Current GC Util Change" value="25.000000"/>
  <attribute name="GC Util currently" value="25" />
  <attribute name="CPU Util currently" value="275333020090" />
<allocation-satisfied id="744" threadId="00000000028E1100" bytesRequested="16392" />
<af-end id="745" timestamp="2019-06-15T03:39:36.677" threadId="00000000028E1A88" success="true" from="nursery"/>
<exclusive-end id="746" timestamp="2019-06-15T03:39:36.677" durationms="1.033" />

<exclusive-start id="747" timestamp="2019-06-15T03:39:36.696" intervalms="19.617">
  <response-info timems="0.064" idlems="0.064" threads="0" lastid="00000000028E1100" lastname="Thread-5" />
</exclusive-start>
<af-start id="748" threadId="00000000028E1A88" totalBytesRequested="16" timestamp="2019-06-15T03:39:36.696" intervalms="19.621" type="nursery" />
<cycle-start id="749" type="scavenge" contextid="0" timestamp="2019-06-15T03:39:36.696" intervalms="19.618" />
<gc-start id="750" type="scavenge" contextid="749" timestamp="2019-06-15T03:39:36.696">
  <mem-info id="751" free="2081011824" total="2092630016" percent="99">
    <mem type="nursery" free="0" total="3538944" percent="0">
      <mem type="allocate" free="0" total="2424832" percent="0" />
      <mem type="survivor" free="0" total="1114112" percent="0" />
    </mem>
    <mem type="tenure" free="2081011824" total="2089091072" percent="99">
      <mem type="soa" free="1976557680" total="1984636928" percent="99" />
      <mem type="loa" free="104454144" total="104454144" percent="100" />
    </mem>
    <remembered-set count="344" />
  </mem-info>
</gc-start>
<allocation-stats totalBytes="1853872" >
  <allocated-bytes non-tlh="131112" tlh="1722760" />
  <largest-consumer threadName="Thread-6" threadId="00000000028E4D00" bytes="845288" />
</allocation-stats>
<gc-op id="752" type="scavenge" timems="0.348" contextid="749" timestamp="2019-06-15T03:39:36.696">
  <scavenger-info tenureage="1" tenuremask="7ffe" tiltratio="68" />
  <memory-copied type="nursery" objects="1387" bytes="573816" bytesdiscarded="329632" />
  <memory-copied type="tenure" objects="700" bytes="280360" bytesdiscarded="656" />
</gc-op>
<gc-end id="753" type="scavenge" contextid="749" durationms="0.574" usertimems="4.000" systemtimems="0.000" timestamp="2019-06-15T03:39:36.697" activeThreads="4">
  <mem-info id="754" free="2082282760" total="2092630016" percent="99">
    <mem type="nursery" free="1586880" total="3538944" percent="44">
      <mem type="allocate" free="1586880" total="2490368" percent="63" />
      <mem type="survivor" free="0" total="1048576" percent="0" />
    </mem>
    <mem type="tenure" free="2080695880" total="2089091072" percent="99">
      <mem type="soa" free="1976241736" total="1984636928" percent="99" />
      <mem type="loa" free="104454144" total="104454144" percent="100" />
    </mem>
    <remembered-set count="165" />
  </mem-info>
</gc-end>
<cycle-end id="755" type="scavenge" contextid="749" timestamp="2019-06-15T03:39:36.697" />
  <attribute name="elasticGC enabled" value="1" />
  <attribute name= "numThreadsSpecified" value="4" />
  <attribute name="heapSize specified" value="9568256" />
  <attribute name="Current GC Util" value="6" />
  <attribute name= "Current Time Running" value="1665" />
  <attribute name ="GC Interval" value="200" />
  <attribute name="ProportionalT" value="-7.000000" />
  <attribute name="ProportionalI" value="-7.000000" />
  <attribute name="ProportionalH" value="-7.000000" />
  <attribute name="Current Error" value="-14.000000" />
  <attribute name="IntegralT" value="-266.000000" />
  <attribute name="IntegralI" value="-266.000000" />
  <attribute name="IntegralH" value="-266.000000" />
  <attribute name="DerivativeT" value="-1.500000" />
  <attribute name="DerivativeI" value="-1.500000" />
  <attribute name="DerivativeH" value="-1.500000" />
  <attribute name="Loop Time for DT" value="19.000000" />
  <attribute name="Output H" value="2092630016"/>
  <attribute name="Output I" value="200"/>
  <attribute name="Output T" value="4"/>
  <attribute name="Target GC Util Change" value ="20.000000" />
  <attribute name="Current GC Util Change" value="6.000000"/>
  <attribute name="GC Util currently" value="6" />
  <attribute name="CPU Util currently" value="235458383465" />
<allocation-satisfied id="756" threadId="00000000028E1100" bytesRequested="16" />
<af-end id="757" timestamp="2019-06-15T03:39:36.697" threadId="00000000028E1A88" success="true" from="nursery"/>
<exclusive-end id="758" timestamp="2019-06-15T03:39:36.697" durationms="1.082" />

<exclusive-start id="759" timestamp="2019-06-15T03:39:36.724" intervalms="28.309">
  <response-info timems="0.037" idlems="0.037" threads="0" lastid="00000000028D9900" lastname="Thread-3" />
</exclusive-start>
<af-start id="760" threadId="00000000028DA288" totalBytesRequested="48" timestamp="2019-06-15T03:39:36.724" intervalms="28.303" type="nursery" />
<cycle-start id="761" type="scavenge" contextid="0" timestamp="2019-06-15T03:39:36.724" intervalms="28.308" />
<gc-start id="762" type="scavenge" contextid="761" timestamp="2019-06-15T03:39:36.724">
  <mem-info id="763" free="2080695880" total="2092630016" percent="99">
    <mem type="nursery" free="0" total="3538944" percent="0">
      <mem type="allocate" free="0" total="2490368" percent="0" />
      <mem type="survivor" free="0" total="1048576" percent="0" />
    </mem>
    <mem type="tenure" free="2080695880" total="2089091072" percent="99">
      <mem type="soa" free="1976241736" total="1984636928" percent="99" />
      <mem type="loa" free="104454144" total="104454144" percent="100" />
    </mem>
    <remembered-set count="298" />
  </mem-info>
</gc-start>
<allocation-stats totalBytes="1580176" >
  <allocated-bytes non-tlh="65568" tlh="1514608" />
  <largest-consumer threadName="Thread-6" threadId="00000000028E4D00" bytes="561968" />
</allocation-stats>
<gc-op id="764" type="scavenge" timems="1.435" contextid="761" timestamp="2019-06-15T03:39:36.726">
  <scavenger-info tenureage="1" tenuremask="7ffe" tiltratio="70" />
  <memory-copied type="nursery" objects="1197" bytes="491056" bytesdiscarded="125776" />
  <memory-copied type="tenure" objects="756" bytes="352136" bytesdiscarded="376" />
  <references type="weak" candidates="1" cleared="0" enqueued="0" />
  <references type="phantom" candidates="1" cleared="0" enqueued="0" />
</gc-op>
<gc-end id="765" type="scavenge" contextid="761" durationms="1.627" usertimems="4.000" systemtimems="0.000" timestamp="2019-06-15T03:39:36.726" activeThreads="4">
  <mem-info id="766" free="2082351688" total="2092630016" percent="99">
    <mem type="nursery" free="1939032" total="3538944" percent="54">
      <mem type="allocate" free="1939032" total="2555904" percent="75" />
      <mem type="survivor" free="0" total="983040" percent="0" />
    </mem>
    <mem type="tenure" free="2080412656" total="2089091072" percent="99">
      <mem type="soa" free="1975958512" total="1984636928" percent="99" />
      <mem type="loa" free="104454144" total="104454144" percent="100" />
    </mem>
    <remembered-set count="135" />
  </mem-info>
</gc-end>
<cycle-end id="767" type="scavenge" contextid="761" timestamp="2019-06-15T03:39:36.726" />
  <attribute name="elasticGC enabled" value="1" />
  <attribute name= "numThreadsSpecified" value="4" />
  <attribute name="heapSize specified" value="9568256" />
  <attribute name="Current GC Util" value="4" />
  <attribute name= "Current Time Running" value="1694" />
  <attribute name ="GC Interval" value="200" />
  <attribute name="ProportionalT" value="-8.000000" />
  <attribute name="ProportionalI" value="-8.000000" />
  <attribute name="ProportionalH" value="-8.000000" />
  <attribute name="Current Error" value="-16.000000" />
  <attribute name="IntegralT" value="-464.000000" />
  <attribute name="IntegralI" value="-464.000000" />
  <attribute name="IntegralH" value="-464.000000" />
  <attribute name="DerivativeT" value="-0.827586" />
  <attribute name="DerivativeI" value="-0.827586" />
  <attribute name="DerivativeH" value="-0.827586" />
  <attribute name="Loop Time for DT" value="29.000000" />
  <attribute name="Output H" value="2092630016"/>
  <attribute name="Output I" value="200"/>
  <attribute name="Output T" value="4"/>
  <attribute name="Target GC Util Change" value ="20.000000" />
  <attribute name="Current GC Util Change" value="4.000000"/>
  <attribute name="GC Util currently" value="4" />
  <attribute name="CPU Util currently" value="162871650091" />
<allocation-satisfied id="768" threadId="00000000028D9900" bytesRequested="48" />
<af-end id="769" timestamp="2019-06-15T03:39:36.726" threadId="00000000028DA288" success="true" from="nursery"/>
<exclusive-end id="770" timestamp="2019-06-15T03:39:36.726" durationms="2.065" />

<exclusive-start id="771" timestamp="2019-06-15T03:39:36.741" intervalms="16.521">
  <response-info timems="0.051" idlems="0.051" threads="0" lastid="00000000028E1100" lastname="Thread-5" />
</exclusive-start>
<af-start id="772" threadId="00000000028E1A88" totalBytesRequested="48" timestamp="2019-06-15T03:39:36.741" intervalms="16.524" type="nursery" />
<cycle-start id="773" type="scavenge" contextid="0" timestamp="2019-06-15T03:39:36.741" intervalms="16.525" />
<gc-start id="774" type="scavenge" contextid="773" timestamp="2019-06-15T03:39:36.741">
  <mem-info id="775" free="2080412656" total="2092630016" percent="99">
    <mem type="nursery" free="0" total="3538944" percent="0">
      <mem type="allocate" free="0" total="2555904" percent="0" />
      <mem type="survivor" free="0" total="983040" percent="0" />
    </mem>
    <mem type="tenure" free="2080412656" total="2089091072" percent="99">
      <mem type="soa" free="1975958512" total="1984636928" percent="99" />
      <mem type="loa" free="104454144" total="104454144" percent="100" />
    </mem>
    <remembered-set count="305" />
  </mem-info>
</gc-start>
<allocation-stats totalBytes="1888080" >
  <allocated-bytes non-tlh="131152" tlh="1756928" />
  <largest-consumer threadName="Thread-6" threadId="00000000028E4D00" bytes="610872" />
</allocation-stats>
<gc-op id="776" type="scavenge" timems="0.342" contextid="773" timestamp="2019-06-15T03:39:36.741">
  <scavenger-info tenureage="1" tenuremask="7ffe" tiltratio="72" />
  <memory-copied type="nursery" objects="2338" bytes="971968" bytesdiscarded="10992" />
  <memory-copied type="tenure" objects="361" bytes="106352" bytesdiscarded="0" />
  <copy-failed type="nursery" objects="306" bytes="67816" />
</gc-op>
<gc-end id="777" type="scavenge" contextid="773" durationms="0.548" usertimems="0.000" systemtimems="0.000" timestamp="2019-06-15T03:39:36.741" activeThreads="4">
  <mem-info id="778" free="2081166312" total="2092630016" percent="99">
    <mem type="nursery" free="786432" total="3538944" percent="22">
      <mem type="allocate" free="786432" total="1769472" percent="44" />
      <mem type="survivor" free="0" total="1769472" percent="0" />
    </mem>
    <mem type="tenure" free="2080379880" total="2089091072" percent="99">
      <mem type="soa" free="1975925736" total="1984636928" percent="99" />
      <mem type="loa" free="104454144" total="104454144" percent="100" />
    </mem>
    <remembered-set count="148" />
  </mem-info>
</gc-end>
<cycle-end id="779" type="scavenge" contextid="773" timestamp="2019-06-15T03:39:36.741" />
  <attribute name="elasticGC enabled" value="1" />
  <attribute name= "numThreadsSpecified" value="4" />
  <attribute name="heapSize specified" value="9568256" />
  <attribute name="Current GC Util" value="21" />
  <attribute name= "Current Time Running" value="1710" />
  <attribute name ="GC Interval" value="200" />
  <attribute name="ProportionalT" value="0.500000" />
  <attribute name="ProportionalI" value="0.500000" />
  <attribute name="ProportionalH" value="0.500000" />
  <attribute name="Current Error" value="1.000000" />
  <attribute name="IntegralT" value="16.000000" />
  <attribute name="IntegralI" value="16.000000" />
  <attribute name="IntegralH" value="16.000000" />
  <attribute name="DerivativeT" value="0.093750" />
  <attribute name="DerivativeI" value="0.093750" />
  <attribute name="DerivativeH" value="0.093750" />
  <attribute name="Loop Time for DT" value="16.000000" />
  <attribute name="Output H" value="8388608"/>
  <attribute name="Output I" value="200"/>
  <attribute name="Output T" value="4"/>
  <attribute name="Target GC Util Change" value ="20.000000" />
  <attribute name="Current GC Util Change" value="21.000000"/>
  <attribute name="GC Util currently" value="21" />
  <attribute name="CPU Util currently" value="278911810316" />
<allocation-satisfied id="780" threadId="00000000028E1100" bytesRequested="48" />
<af-end id="781" timestamp="2019-06-15T03:39:36.742" threadId="00000000028E1A88" success="true" from="nursery"/>
<exclusive-end id="782" timestamp="2019-06-15T03:39:36.742" durationms="1.006" />

<exclusive-start id="783" timestamp="2019-06-15T03:39:36.756" intervalms="15.595">
  <response-info timems="0.037" idlems="0.037" threads="0" lastid="00000000028E1100" lastname="Thread-5" />
</exclusive-start>
<af-start id="784" threadId="00000000028E1A88" totalBytesRequested="2056" timestamp="2019-06-15T03:39:36.756" intervalms="15.591" type="nursery" />
<cycle-start id="785" type="scavenge" contextid="0" timestamp="2019-06-15T03:39:36.756" intervalms="15.583" />
<gc-start id="786" type="scavenge" contextid="785" timestamp="2019-06-15T03:39:36.756">
  <mem-info id="787" free="2080379880" total="2092630016" percent="99">
    <mem type="nursery" free="0" total="3538944" percent="0">
      <mem type="allocate" free="0" total="1769472" percent="0" />
      <mem type="survivor" free="0" total="1769472" percent="0" />
    </mem>
    <mem type="tenure" free="2080379880" total="2089091072" percent="99">
      <mem type="soa" free="1975925736" total="1984636928" percent="99" />
      <mem type="loa" free="104454144" total="104454144" percent="100" />
    </mem>
    <remembered-set count="229" />
  </mem-info>
</gc-start>
<allocation-stats totalBytes="763088" >
  <allocated-bytes non-tlh="48" tlh="763040" />
  <largest-consumer threadName="Thread-5" threadId="00000000028E1100" bytes="435472" />
</allocation-stats>
<gc-op id="788" type="scavenge" timems="0.507" contextid="785" timestamp="2019-06-15T03:39:36.757">
  <scavenger-info tenureage="1" tenuremask="7ffe" tiltratio="50" />
  <memory-copied type="nursery" objects="491" bytes="222392" bytesdiscarded="280680" />
  <memory-copied type="tenure" objects="2012" bytes="909672" bytesdiscarded="3056" />
  <references type="phantom" candidates="1" cleared="0" enqueued="0" />
</gc-op>
<gc-end id="789" type="scavenge" contextid="785" durationms="0.694" usertimems="4.000" systemtimems="0.000" timestamp="2019-06-15T03:39:36.757" activeThreads="4">
  <mem-info id="790" free="2080818696" total="2092630016" percent="99">
    <mem type="nursery" free="1397448" total="3538944" percent="39">
      <mem type="allocate" free="1397448" total="1900544" percent="73" />
      <mem type="survivor" free="0" total="1638400" percent="0" />
    </mem>
    <mem type="tenure" free="2079421248" total="2089091072" percent="99">
      <mem type="soa" free="1974967104" total="1984636928" percent="99" />
      <mem type="loa" free="104454144" total="104454144" percent="100" />
    </mem>
    <remembered-set count="146" />
  </mem-info>
</gc-end>
<cycle-end id="791" type="scavenge" contextid="785" timestamp="2019-06-15T03:39:36.757" />
  <attribute name="elasticGC enabled" value="1" />
  <attribute name= "numThreadsSpecified" value="4" />
  <attribute name="heapSize specified" value="9568256" />
  <attribute name="Current GC Util" value="7" />
  <attribute name= "Current Time Running" value="1726" />
  <attribute name ="GC Interval" value="200" />
  <attribute name="ProportionalT" value="-6.500000" />
  <attribute name="ProportionalI" value="-6.500000" />
  <attribute name="ProportionalH" value="-6.500000" />
  <attribute name="Current Error" value="-13.000000" />
  <attribute name="IntegralT" value="-208.000000" />
  <attribute name="IntegralI" value="-208.000000" />
  <attribute name="IntegralH" value="-208.000000" />
  <attribute name="DerivativeT" value="-1.312500" />
  <attribute name="DerivativeI" value="-1.312500" />
  <attribute name="DerivativeH" value="-1.312500" />
  <attribute name="Loop Time for DT" value="16.000000" />
  <attribute name="Output H" value="2092630016"/>
  <attribute name="Output I" value="200"/>
  <attribute name="Output T" value="4"/>
  <attribute name="Target GC Util Change" value ="20.000000" />
  <attribute name="Current GC Util Change" value="7.000000"/>
  <attribute name="GC Util currently" value="7" />
  <attribute name="CPU Util currently" value="296439336970" />
<allocation-satisfied id="792" threadId="00000000028E1100" bytesRequested="2056" />
<af-end id="793" timestamp="2019-06-15T03:39:36.757" threadId="00000000028E1A88" success="true" from="nursery"/>
<exclusive-end id="794" timestamp="2019-06-15T03:39:36.757" durationms="1.100" />

<exclusive-start id="795" timestamp="2019-06-15T03:39:36.775" intervalms="19.022">
  <response-info timems="0.046" idlems="0.046" threads="0" lastid="00000000028E1100" lastname="Thread-5" />
</exclusive-start>
<af-start id="796" threadId="00000000028E1A88" totalBytesRequested="32776" timestamp="2019-06-15T03:39:36.775" intervalms="19.021" type="nursery" />
<cycle-start id="797" type="scavenge" contextid="0" timestamp="2019-06-15T03:39:36.775" intervalms="19.019" />
<gc-start id="798" type="scavenge" contextid="797" timestamp="2019-06-15T03:39:36.775">
  <mem-info id="799" free="2079421248" total="2092630016" percent="99">
    <mem type="nursery" free="0" total="3538944" percent="0">
      <mem type="allocate" free="0" total="1900544" percent="0" />
      <mem type="survivor" free="0" total="1638400" percent="0" />
    </mem>
    <mem type="tenure" free="2079421248" total="2089091072" percent="99">
      <mem type="soa" free="1974967104" total="1984636928" percent="99" />
      <mem type="loa" free="104454144" total="104454144" percent="100" />
    </mem>
    <remembered-set count="333" />
  </mem-info>
</gc-start>
<allocation-stats totalBytes="1326672" >
  <allocated-bytes non-tlh="133160" tlh="1193512" />
  <largest-consumer threadName="Thread-5" threadId="00000000028E1100" bytes="503496" />
</allocation-stats>
<gc-op id="800" type="scavenge" timems="0.323" contextid="797" timestamp="2019-06-15T03:39:36.776">
  <scavenger-info tenureage="1" tenuremask="7ffe" tiltratio="53" />
  <memory-copied type="nursery" objects="1279" bytes="535896" bytesdiscarded="336288" />
  <memory-copied type="tenure" objects="70" bytes="39448" bytesdiscarded="0" />
</gc-op>
<gc-end id="801" type="scavenge" contextid="797" durationms="0.505" usertimems="0.000" systemtimems="0.000" timestamp="2019-06-15T03:39:36.776" activeThreads="4">
  <mem-info id="802" free="2080580624" total="2092630016" percent="99">
    <mem type="nursery" free="1159376" total="3538944" percent="32">
      <mem type="allocate" free="1159376" total="2031616" percent="57" />
      <mem type="survivor" free="0" total="1507328" percent="0" />
    </mem>
    <mem type="tenure" free="2079421248" total="2089091072" percent="99">
      <mem type="soa" free="1974967104" total="1984636928" percent="99" />
      <mem type="loa" free="104454144" total="104454144" percent="100" />
    </mem>
    <remembered-set count="147" />
  </mem-info>
</gc-end>
<cycle-end id="803" type="scavenge" contextid="797" timestamp="2019-06-15T03:39:36.776" />
  <attribute name="elasticGC enabled" value="1" />
  <attribute name= "numThreadsSpecified" value="4" />
  <attribute name="heapSize specified" value="9568256" />
  <attribute name="Current GC Util" value="8" />
  <attribute name= "Current Time Running" value="1745" />
  <attribute name ="GC Interval" value="200" />
  <attribute name="ProportionalT" value="-6.000000" />
  <attribute name="ProportionalI" value="-6.000000" />
  <attribute name="ProportionalH" value="-6.000000" />
  <attribute name="Current Error" value="-12.000000" />
  <attribute name="IntegralT" value="-228.000000" />
  <attribute name="IntegralI" value="-228.000000" />
  <attribute name="IntegralH" value="-228.000000" />
  <attribute name="DerivativeT" value="-0.947368" />
  <attribute name="DerivativeI" value="-0.947368" />
  <attribute name="DerivativeH" value="-0.947368" />
  <attribute name="Loop Time for DT" value="19.000000" />
  <attribute name="Output H" value="2092630016"/>
  <attribute name="Output I" value="200"/>
  <attribute name="Output T" value="4"/>
  <attribute name="Target GC Util Change" value ="20.000000" />
  <attribute name="Current GC Util Change" value="8.000000"/>
  <attribute name="GC Util currently" value="8" />
  <attribute name="CPU Util currently" value="242446237471" />
<allocation-satisfied id="804" threadId="00000000028E1100" bytesRequested="32776" />
<af-end id="805" timestamp="2019-06-15T03:39:36.776" threadId="00000000028E1A88" success="true" from="nursery"/>
<exclusive-end id="806" timestamp="2019-06-15T03:39:36.776" durationms="0.900" />

<exclusive-start id="807" timestamp="2019-06-15T03:39:36.790" intervalms="14.865">
  <response-info timems="0.028" idlems="0.028" threads="0" lastid="00000000028E4D00" lastname="Thread-6" />
</exclusive-start>
<af-start id="808" threadId="00000000028E5688" totalBytesRequested="16" timestamp="2019-06-15T03:39:36.790" intervalms="14.873" type="nursery" />
<cycle-start id="809" type="scavenge" contextid="0" timestamp="2019-06-15T03:39:36.790" intervalms="14.882" />
<gc-start id="810" type="scavenge" contextid="809" timestamp="2019-06-15T03:39:36.790">
  <mem-info id="811" free="2079421248" total="2092630016" percent="99">
    <mem type="nursery" free="0" total="3538944" percent="0">
      <mem type="allocate" free="0" total="2031616" percent="0" />
      <mem type="survivor" free="0" total="1507328" percent="0" />
    </mem>
    <mem type="tenure" free="2079421248" total="2089091072" percent="99">
      <mem type="soa" free="1974967104" total="1984636928" percent="99" />
      <mem type="loa" free="104454144" total="104454144" percent="100" />
    </mem>
    <remembered-set count="283" />
  </mem-info>
</gc-start>
<allocation-stats totalBytes="1120160" >
  <allocated-bytes non-tlh="131112" tlh="989048" />
  <largest-consumer threadName="Thread-3" threadId="00000000028D9900" bytes="421864" />
</allocation-stats>
<gc-op id="812" type="scavenge" timems="2.022" contextid="809" timestamp="2019-06-15T03:39:36.792">
  <scavenger-info tenureage="1" tenuremask="7ffe" tiltratio="57" />
  <memory-copied type="nursery" objects="1313" bytes="476496" bytesdiscarded="289504" />
  <memory-copied type="tenure" objects="747" bytes="337856" bytesdiscarded="280" />
</gc-op>
<gc-end id="813" type="scavenge" contextid="809" durationms="2.259" usertimems="8.000" systemtimems="0.000" timestamp="2019-06-15T03:39:36.793" activeThreads="4">
  <mem-info id="814" free="2080544936" total="2092630016" percent="99">
    <mem type="nursery" free="1462192" total="3538944" percent="41">
      <mem type="allocate" free="1462192" total="2228224" percent="65" />
      <mem type="survivor" free="0" total="1310720" percent="0" />
    </mem>
    <mem type="tenure" free="2079082744" total="2089091072" percent="99">
      <mem type="soa" free="1974628600" total="1984636928" percent="99" />
      <mem type="loa" free="104454144" total="104454144" percent="100" />
    </mem>
    <remembered-set count="130" />
  </mem-info>
</gc-end>
<cycle-end id="815" type="scavenge" contextid="809" timestamp="2019-06-15T03:39:36.793" />
  <attribute name="elasticGC enabled" value="1" />
  <attribute name= "numThreadsSpecified" value="4" />
  <attribute name="heapSize specified" value="9568256" />
  <attribute name="Current GC Util" value="6" />
  <attribute name= "Current Time Running" value="1760" />
  <attribute name ="GC Interval" value="200" />
  <attribute name="ProportionalT" value="-7.000000" />
  <attribute name="ProportionalI" value="-7.000000" />
  <attribute name="ProportionalH" value="-7.000000" />
  <attribute name="Current Error" value="-14.000000" />
  <attribute name="IntegralT" value="-210.000000" />
  <attribute name="IntegralI" value="-210.000000" />
  <attribute name="IntegralH" value="-210.000000" />
  <attribute name="DerivativeT" value="-1.400000" />
  <attribute name="DerivativeI" value="-1.400000" />
  <attribute name="DerivativeH" value="-1.400000" />
  <attribute name="Loop Time for DT" value="15.000000" />
  <attribute name="Output H" value="2092630016"/>
  <attribute name="Output I" value="200"/>
  <attribute name="Output T" value="4"/>
  <attribute name="Target GC Util Change" value ="20.000000" />
  <attribute name="Current GC Util Change" value="6.000000"/>
  <attribute name="GC Util currently" value="6" />
  <attribute name="CPU Util currently" value="308709136693" />
<allocation-satisfied id="816" threadId="00000000028E4D00" bytesRequested="16" />
<af-end id="817" timestamp="2019-06-15T03:39:36.793" threadId="00000000028E5688" success="true" from="nursery"/>
<exclusive-end id="818" timestamp="2019-06-15T03:39:36.793" durationms="2.692" />

<exclusive-start id="819" timestamp="2019-06-15T03:39:36.810" intervalms="19.947">
  <response-info timems="0.028" idlems="0.028" threads="0" lastid="00000000028E4D00" lastname="Thread-6" />
</exclusive-start>
<af-start id="820" threadId="00000000028E5688" totalBytesRequested="32776" timestamp="2019-06-15T03:39:36.810" intervalms="19.940" type="nursery" />
<cycle-start id="821" type="scavenge" contextid="0" timestamp="2019-06-15T03:39:36.810" intervalms="19.940" />
<gc-start id="822" type="scavenge" contextid="821" timestamp="2019-06-15T03:39:36.810">
  <mem-info id="823" free="2079082744" total="2092630016" percent="99">
    <mem type="nursery" free="0" total="3538944" percent="0">
      <mem type="allocate" free="0" total="2228224" percent="0" />
      <mem type="survivor" free="0" total="1310720" percent="0" />
    </mem>
    <mem type="tenure" free="2079082744" total="2089091072" percent="99">
      <mem type="soa" free="1974628600" total="1984636928" percent="99" />
      <mem type="loa" free="104454144" total="104454144" percent="100" />
    </mem>
    <remembered-set count="236" />
  </mem-info>
</gc-start>
<allocation-stats totalBytes="1447712" >
  <allocated-bytes non-tlh="65568" tlh="1382144" />
  <largest-consumer threadName="Thread-3" threadId="00000000028D9900" bytes="829184" />
</allocation-stats>
<gc-op id="824" type="scavenge" timems="2.273" contextid="821" timestamp="2019-06-15T03:39:36.813">
  <scavenger-info tenureage="1" tenuremask="7ffe" tiltratio="62" />
  <memory-copied type="nursery" objects="709" bytes="390840" bytesdiscarded="201048" />
  <memory-copied type="tenure" objects="757" bytes="373376" bytesdiscarded="616" />
  <references type="phantom" candidates="1" cleared="0" enqueued="0" />
</gc-op>
<gc-end id="825" type="scavenge" contextid="821" durationms="2.450" usertimems="4.000" systemtimems="0.000" timestamp="2019-06-15T03:39:36.813" activeThreads="4">
  <mem-info id="826" free="2080431224" total="2092630016" percent="99">
    <mem type="nursery" free="1767360" total="3538944" percent="49">
      <mem type="allocate" free="1767360" total="2359296" percent="74" />
      <mem type="survivor" free="0" total="1179648" percent="0" />
    </mem>
    <mem type="tenure" free="2078663864" total="2089091072" percent="99">
      <mem type="soa" free="1974209720" total="1984636928" percent="99" />
      <mem type="loa" free="104454144" total="104454144" percent="100" />
    </mem>
    <remembered-set count="148" />
  </mem-info>
</gc-end>
<cycle-end id="827" type="scavenge" contextid="821" timestamp="2019-06-15T03:39:36.813" />
  <attribute name="elasticGC enabled" value="1" />
  <attribute name= "numThreadsSpecified" value="4" />
  <attribute name="heapSize specified" value="9568256" />
  <attribute name="Current GC Util" value="21" />
  <attribute name= "Current Time Running" value="1780" />
  <attribute name ="GC Interval" value="200" />
  <attribute name="ProportionalT" value="0.500000" />
  <attribute name="ProportionalI" value="0.500000" />
  <attribute name="ProportionalH" value="0.500000" />
  <attribute name="Current Error" value="1.000000" />
  <attribute name="IntegralT" value="20.000000" />
  <attribute name="IntegralI" value="20.000000" />
  <attribute name="IntegralH" value="20.000000" />
  <attribute name="DerivativeT" value="0.075000" />
  <attribute name="DerivativeI" value="0.075000" />
  <attribute name="DerivativeH" value="0.075000" />
  <attribute name="Loop Time for DT" value="20.000000" />
  <attribute name="Output H" value="8388608"/>
  <attribute name="Output I" value="200"/>
  <attribute name="Output T" value="4"/>
  <attribute name="Target GC Util Change" value ="20.000000" />
  <attribute name="Current GC Util Change" value="21.000000"/>
  <attribute name="GC Util currently" value="21" />
  <attribute name="CPU Util currently" value="232031422716" />
<allocation-satisfied id="828" threadId="00000000028E4D00" bytesRequested="32776" />
<af-end id="829" timestamp="2019-06-15T03:39:36.813" threadId="00000000028E5688" success="true" from="nursery"/>
<exclusive-end id="830" timestamp="2019-06-15T03:39:36.813" durationms="2.858" />

<exclusive-start id="831" timestamp="2019-06-15T03:39:36.833" intervalms="22.553">
  <response-info timems="0.042" idlems="0.042" threads="0" lastid="00000000028DD500" lastname="Thread-4" />
</exclusive-start>
<af-start id="832" threadId="00000000028DDE88" totalBytesRequested="2056" timestamp="2019-06-15T03:39:36.833" intervalms="22.563" type="nursery" />
<cycle-start id="833" type="scavenge" contextid="0" timestamp="2019-06-15T03:39:36.833" intervalms="22.568" />
<gc-start id="834" type="scavenge" contextid="833" timestamp="2019-06-15T03:39:36.833">
  <mem-info id="835" free="2078663864" total="2092630016" percent="99">
    <mem type="nursery" free="0" total="3538944" percent="0">
      <mem type="allocate" free="0" total="2359296" percent="0" />
      <mem type="survivor" free="0" total="1179648" percent="0" />
    </mem>
    <mem type="tenure" free="2078663864" total="2089091072" percent="99">
      <mem type="soa" free="1974209720" total="1984636928" percent="99" />
      <mem type="loa" free="104454144" total="104454144" percent="100" />
    </mem>
    <remembered-set count="296" />
  </mem-info>
</gc-start>
<allocation-stats totalBytes="1686432" >
  <allocated-bytes non-tlh="114720" tlh="1571712" />
  <largest-consumer threadName="Thread-4" threadId="00000000028DD500" bytes="775008" />
</allocation-stats>
<gc-op id="836" type="scavenge" timems="1.704" contextid="833" timestamp="2019-06-15T03:39:36.835">
  <scavenger-info tenureage="1" tenuremask="7ffe" tiltratio="66" />
  <memory-copied type="nursery" objects="1212" bytes="535072" bytesdiscarded="155976" />
  <memory-copied type="tenure" objects="595" bytes="282712" bytesdiscarded="264" />
  <references type="phantom" candidates="2" cleared="0" enqueued="0" />
</gc-op>
<gc-end id="837" type="scavenge" contextid="833" durationms="1.906" usertimems="0.000" systemtimems="4.000" timestamp="2019-06-15T03:39:36.835" activeThreads="4">
  <mem-info id="838" free="2080091872" total="2092630016" percent="99">
    <mem type="nursery" free="1733736" total="3538944" percent="48">
      <mem type="allocate" free="1733736" total="2424832" percent="71" />
      <mem type="survivor" free="0" total="1114112" percent="0" />
    </mem>
    <mem type="tenure" free="2078358136" total="2089091072" percent="99">
      <mem type="soa" free="1973903992" total="1984636928" percent="99" />
      <mem type="loa" free="104454144" total="104454144" percent="100" />
    </mem>
    <remembered-set count="156" />
  </mem-info>
</gc-end>
<cycle-end id="839" type="scavenge" contextid="833" timestamp="2019-06-15T03:39:36.835" />
  <attribute name="elasticGC enabled" value="1" />
  <attribute name= "numThreadsSpecified" value="4" />
  <attribute name="heapSize specified" value="9568256" />
  <attribute name="Current GC Util" value="22" />
  <attribute name= "Current Time Running" value="1802" />
  <attribute name ="GC Interval" value="200" />
  <attribute name="ProportionalT" value="1.000000" />
  <attribute name="ProportionalI" value="1.000000" />
  <attribute name="ProportionalH" value="1.000000" />
  <attribute name="Current Error" value="2.000000" />
  <attribute name="IntegralT" value="44.000000" />
  <attribute name="IntegralI" value="44.000000" />
  <attribute name="IntegralH" value="44.000000" />
  <attribute name="DerivativeT" value="0.068182" />
  <attribute name="DerivativeI" value="0.068182" />
  <attribute name="DerivativeH" value="0.068182" />
  <attribute name="Loop Time for DT" value="22.000000" />
  <attribute name="Output H" value="8388608"/>
  <attribute name="Output I" value="200"/>
  <attribute name="Output T" value="4"/>
  <attribute name="Target GC Util Change" value ="20.000000" />
  <attribute name="Current GC Util Change" value="22.000000"/>
  <attribute name="GC Util currently" value="22" />
  <attribute name="CPU Util currently" value="204050104655" />
<allocation-satisfied id="840" threadId="00000000028DD500" bytesRequested="2056" />
<af-end id="841" timestamp="2019-06-15T03:39:36.835" threadId="00000000028DDE88" success="true" from="nursery"/>
<exclusive-end id="842" timestamp="2019-06-15T03:39:36.835" durationms="2.423" />

<exclusive-start id="843" timestamp="2019-06-15T03:39:36.857" intervalms="24.841">
  <response-info timems="0.045" idlems="0.045" threads="0" lastid="00000000028DD500" lastname="Thread-4" />
</exclusive-start>
<af-start id="844" threadId="00000000028DDE88" totalBytesRequested="2008" timestamp="2019-06-15T03:39:36.858" intervalms="24.880" type="nursery" />
<cycle-start id="845" type="scavenge" contextid="0" timestamp="2019-06-15T03:39:36.858" intervalms="24.927" />
<gc-start id="846" type="scavenge" contextid="845" timestamp="2019-06-15T03:39:36.858">
  <mem-info id="847" free="2078358136" total="2092630016" percent="99">
    <mem type="nursery" free="0" total="3538944" percent="0">
      <mem type="allocate" free="0" total="2424832" percent="0" />
      <mem type="survivor" free="0" total="1114112" percent="0" />
    </mem>
    <mem type="tenure" free="2078358136" total="2089091072" percent="99">
      <mem type="soa" free="1973903992" total="1984636928" percent="99" />
      <mem type="loa" free="104454144" total="104454144" percent="100" />
    </mem>
    <remembered-set count="324" />
  </mem-info>
</gc-start>
<allocation-stats totalBytes="1682632" >
  <allocated-bytes non-tlh="100384" tlh="1582248" />
  <largest-consumer threadName="Thread-5" threadId="00000000028E1100" bytes="589496" />
</allocation-stats>
<gc-op id="848" type="scavenge" timems="1.989" contextid="845" timestamp="2019-06-15T03:39:36.860">
  <scavenger-info tenureage="1" tenuremask="7ffe" tiltratio="68" />
  <memory-copied type="nursery" objects="1952" bytes="768472" bytesdiscarded="345576" />
  <memory-copied type="tenure" objects="664" bytes="316704" bytesdiscarded="1168" />
</gc-op>
<gc-end id="849" type="scavenge" contextid="845" durationms="2.538" usertimems="8.000" systemtimems="0.000" timestamp="2019-06-15T03:39:36.860" activeThreads="4">
  <mem-info id="850" free="2079381232" total="2092630016" percent="99">
    <mem type="nursery" free="1310720" total="3538944" percent="37">
      <mem type="allocate" free="1310720" total="2424832" percent="54" />
      <mem type="survivor" free="0" total="1114112" percent="0" />
    </mem>
    <mem type="tenure" free="2078070512" total="2089091072" percent="99">
      <mem type="soa" free="1973616368" total="1984636928" percent="99" />
      <mem type="loa" free="104454144" total="104454144" percent="100" />
    </mem>
    <remembered-set count="173" />
  </mem-info>
</gc-end>
<cycle-end id="851" type="scavenge" contextid="845" timestamp="2019-06-15T03:39:36.860" />
  <attribute name="elasticGC enabled" value="1" />
  <attribute name= "numThreadsSpecified" value="4" />
  <attribute name="heapSize specified" value="9568256" />
  <attribute name="Current GC Util" value="15" />
  <attribute name= "Current Time Running" value="1827" />
  <attribute name ="GC Interval" value="200" />
  <attribute name="ProportionalT" value="-2.500000" />
  <attribute name="ProportionalI" value="-2.500000" />
  <attribute name="ProportionalH" value="-2.500000" />
  <attribute name="Current Error" value="-5.000000" />
  <attribute name="IntegralT" value="-125.000000" />
  <attribute name="IntegralI" value="-125.000000" />
  <attribute name="IntegralH" value="-125.000000" />
  <attribute name="DerivativeT" value="-0.420000" />
  <attribute name="DerivativeI" value="-0.420000" />
  <attribute name="DerivativeH" value="-0.420000" />
  <attribute name="Loop Time for DT" value="25.000000" />
  <attribute name="Output H" value="2092630016"/>
  <attribute name="Output I" value="200"/>
  <attribute name="Output T" value="4"/>
  <attribute name="Target GC Util Change" value ="20.000000" />
  <attribute name="Current GC Util Change" value="15.000000"/>
  <attribute name="GC Util currently" value="15" />
  <attribute name="CPU Util currently" value="183634701295" />
<allocation-satisfied id="852" threadId="00000000028DD500" bytesRequested="2008" />
<af-end id="853" timestamp="2019-06-15T03:39:36.861" threadId="00000000028DDE88" success="true" from="nursery"/>
<exclusive-end id="854" timestamp="2019-06-15T03:39:36.861" durationms="3.388" />

<exclusive-start id="855" timestamp="2019-06-15T03:39:36.881" intervalms="23.794">
  <response-info timems="0.035" idlems="0.035" threads="0" lastid="00000000028D9900" lastname="Thread-3" />
</exclusive-start>
<af-start id="856" threadId="00000000028DA288" totalBytesRequested="16392" timestamp="2019-06-15T03:39:36.881" intervalms="23.749" type="nursery" />
<cycle-start id="857" type="scavenge" contextid="0" timestamp="2019-06-15T03:39:36.881" intervalms="23.695" />
<gc-start id="858" type="scavenge" contextid="857" timestamp="2019-06-15T03:39:36.881">
  <mem-info id="859" free="2078070512" total="2092630016" percent="99">
    <mem type="nursery" free="0" total="3538944" percent="0">
      <mem type="allocate" free="0" total="2424832" percent="0" />
      <mem type="survivor" free="0" total="1114112" percent="0" />
    </mem>
    <mem type="tenure" free="2078070512" total="2089091072" percent="99">
      <mem type="soa" free="1973616368" total="1984636928" percent="99" />
      <mem type="loa" free="104454144" total="104454144" percent="100" />
    </mem>
    <remembered-set count="269" />
  </mem-info>
</gc-start>
<allocation-stats totalBytes="1296088" >
  <allocated-bytes non-tlh="34784" tlh="1261304" />
  <largest-consumer threadName="Thread-5" threadId="00000000028E1100" bytes="713320" />
</allocation-stats>
<gc-op id="860" type="scavenge" timems="1.962" contextid="857" timestamp="2019-06-15T03:39:36.883">
  <scavenger-info tenureage="1" tenuremask="7ffe" tiltratio="68" />
  <memory-copied type="nursery" objects="873" bytes="346600" bytesdiscarded="184696" />
  <memory-copied type="tenure" objects="802" bytes="340040" bytesdiscarded="24" />
</gc-op>
<gc-end id="861" type="scavenge" contextid="857" durationms="2.170" usertimems="4.000" systemtimems="0.000" timestamp="2019-06-15T03:39:36.884" activeThreads="4">
  <mem-info id="862" free="2079714592" total="2092630016" percent="99">
    <mem type="nursery" free="1959048" total="3538944" percent="55">
      <mem type="allocate" free="1959048" total="2490368" percent="78" />
      <mem type="survivor" free="0" total="1048576" percent="0" />
    </mem>
    <mem type="tenure" free="2077755544" total="2089091072" percent="99">
      <mem type="soa" free="1973301400" total="1984636928" percent="99" />
      <mem type="loa" free="104454144" total="104454144" percent="100" />
    </mem>
    <remembered-set count="130" />
  </mem-info>
</gc-end>
<cycle-end id="863" type="scavenge" contextid="857" timestamp="2019-06-15T03:39:36.884" />
  <attribute name="elasticGC enabled" value="1" />
  <attribute name= "numThreadsSpecified" value="4" />
  <attribute name="heapSize specified" value="9568256" />
  <attribute name="Current GC Util" value="19" />
  <attribute name= "Current Time Running" value="1851" />
  <attribute name ="GC Interval" value="200" />
  <attribute name="ProportionalT" value="-0.500000" />
  <attribute name="ProportionalI" value="-0.500000" />
  <attribute name="ProportionalH" value="-0.500000" />
  <attribute name="Current Error" value="-1.000000" />
  <attribute name="IntegralT" value="-24.000000" />
  <attribute name="IntegralI" value="-24.000000" />
  <attribute name="IntegralH" value="-24.000000" />
  <attribute name="DerivativeT" value="-0.062500" />
  <attribute name="DerivativeI" value="-0.062500" />
  <attribute name="DerivativeH" value="-0.062500" />
  <attribute name="Loop Time for DT" value="24.000000" />
  <attribute name="Output H" value="2092630016"/>
  <attribute name="Output I" value="200"/>
  <attribute name="Output T" value="4"/>
  <attribute name="Target GC Util Change" value ="20.000000" />
  <attribute name="Current GC Util Change" value="19.000000"/>
  <attribute name="GC Util currently" value="19" />
  <attribute name="CPU Util currently" value="196280403975" />
<allocation-satisfied id="864" threadId="00000000028D9900" bytesRequested="16392" />
<af-end id="865" timestamp="2019-06-15T03:39:36.884" threadId="00000000028DA288" success="true" from="nursery"/>
<exclusive-end id="866" timestamp="2019-06-15T03:39:36.884" durationms="2.631" />

<exclusive-start id="867" timestamp="2019-06-15T03:39:36.907" intervalms="25.390">
  <response-info timems="0.060" idlems="0.060" threads="0" lastid="00000000028D9900" lastname="Thread-3" />
</exclusive-start>
<af-start id="868" threadId="00000000028DA288" totalBytesRequested="48" timestamp="2019-06-15T03:39:36.907" intervalms="25.392" type="nursery" />
<cycle-start id="869" type="scavenge" contextid="0" timestamp="2019-06-15T03:39:36.907" intervalms="25.391" />
<gc-start id="870" type="scavenge" contextid="869" timestamp="2019-06-15T03:39:36.907">
  <mem-info id="871" free="2077755544" total="2092630016" percent="99">
    <mem type="nursery" free="0" total="3538944" percent="0">
      <mem type="allocate" free="0" total="2490368" percent="0" />
      <mem type="survivor" free="0" total="1048576" percent="0" />
    </mem>
    <mem type="tenure" free="2077755544" total="2089091072" percent="99">
      <mem type="soa" free="1973301400" total="1984636928" percent="99" />
      <mem type="loa" free="104454144" total="104454144" percent="100" />
    </mem>
    <remembered-set count="311" />
  </mem-info>
</gc-start>
<allocation-stats totalBytes="1949264" >
  <allocated-bytes non-tlh="114720" tlh="1834544" />
  <largest-consumer threadName="Thread-4" threadId="00000000028DD500" bytes="945104" />
</allocation-stats>
<gc-op id="872" type="scavenge" timems="1.520" contextid="869" timestamp="2019-06-15T03:39:36.908">
  <scavenger-info tenureage="1" tenuremask="7ffe" tiltratio="70" />
  <memory-copied type="nursery" objects="1891" bytes="717008" bytesdiscarded="222320" />
  <memory-copied type="tenure" objects="843" bytes="344960" bytesdiscarded="624" />
</gc-op>
<gc-end id="873" type="scavenge" contextid="869" durationms="1.748" usertimems="4.000" systemtimems="4.000" timestamp="2019-06-15T03:39:36.909" activeThreads="4">
  <mem-info id="874" free="2078804176" total="2092630016" percent="99">
    <mem type="nursery" free="1419912" total="3538944" percent="40">
      <mem type="allocate" free="1419912" total="2359296" percent="60" />
      <mem type="survivor" free="0" total="1179648" percent="0" />
    </mem>
    <mem type="tenure" free="2077384264" total="2089091072" percent="99">
      <mem type="soa" free="1972930120" total="1984636928" percent="99" />
      <mem type="loa" free="104454144" total="104454144" percent="100" />
    </mem>
    <remembered-set count="168" />
  </mem-info>
</gc-end>
<cycle-end id="875" type="scavenge" contextid="869" timestamp="2019-06-15T03:39:36.909" />
  <attribute name="elasticGC enabled" value="1" />
  <attribute name= "numThreadsSpecified" value="4" />
  <attribute name="heapSize specified" value="9568256" />
  <attribute name="Current GC Util" value="16" />
  <attribute name= "Current Time Running" value="1876" />
  <attribute name ="GC Interval" value="200" />
  <attribute name="ProportionalT" value="-2.000000" />
  <attribute name="ProportionalI" value="-2.000000" />
  <attribute name="ProportionalH" value="-2.000000" />
  <attribute name="Current Error" value="-4.000000" />
  <attribute name="IntegralT" value="-100.000000" />
  <attribute name="IntegralI" value="-100.000000" />
  <attribute name="IntegralH" value="-100.000000" />
  <attribute name="DerivativeT" value="-0.240000" />
  <attribute name="DerivativeI" value="-0.240000" />
  <attribute name="DerivativeH" value="-0.240000" />
  <attribute name="Loop Time for DT" value="25.000000" />
  <attribute name="Output H" value="2092630016"/>
  <attribute name="Output I" value="200"/>
  <attribute name="Output T" value="4"/>
  <attribute name="Target GC Util Change" value ="20.000000" />
  <attribute name="Current GC Util Change" value="16.000000"/>
  <attribute name="GC Util currently" value="16" />
  <attribute name="CPU Util currently" value="181556094185" />
<allocation-satisfied id="876" threadId="00000000028D9900" bytesRequested="48" />
<af-end id="877" timestamp="2019-06-15T03:39:36.909" threadId="00000000028DA288" success="true" from="nursery"/>
<exclusive-end id="878" timestamp="2019-06-15T03:39:36.909" durationms="2.238" />

<exclusive-start id="879" timestamp="2019-06-15T03:39:36.926" intervalms="19.696">
  <response-info timems="0.256" idlems="0.256" threads="0" lastid="00000000028E4D00" lastname="Thread-6" />
</exclusive-start>
<af-start id="880" threadId="00000000028E5688" totalBytesRequested="8200" timestamp="2019-06-15T03:39:36.926" intervalms="19.688" type="nursery" />
<cycle-start id="881" type="scavenge" contextid="0" timestamp="2019-06-15T03:39:36.926" intervalms="19.688" />
<gc-start id="882" type="scavenge" contextid="881" timestamp="2019-06-15T03:39:36.926">
  <mem-info id="883" free="2077384264" total="2092630016" percent="99">
    <mem type="nursery" free="0" total="3538944" percent="0">
      <mem type="allocate" free="0" total="2359296" percent="0" />
      <mem type="survivor" free="0" total="1179648" percent="0" />
    </mem>
    <mem type="tenure" free="2077384264" total="2089091072" percent="99">
      <mem type="soa" free="1972930120" total="1984636928" percent="99" />
      <mem type="loa" free="104454144" total="104454144" percent="100" />
    </mem>
    <remembered-set count="279" />
  </mem-info>
</gc-start>
<allocation-stats totalBytes="1325288" >
  <allocated-bytes non-tlh="81992" tlh="1243296" />
  <largest-consumer threadName="Thread-3" threadId="00000000028D9900" bytes="418168" />
</allocation-stats>
<gc-op id="884" type="scavenge" timems="2.549" contextid="881" timestamp="2019-06-15T03:39:36.929">
  <scavenger-info tenureage="1" tenuremask="7ffe" tiltratio="66" />
  <memory-copied type="nursery" objects="722" bytes="450616" bytesdiscarded="50464" />
  <memory-copied type="tenure" objects="930" bytes="432912" bytesdiscarded="816" />
  <references type="weak" candidates="1" cleared="0" enqueued="0" />
  <references type="phantom" candidates="3" cleared="0" enqueued="0" />
</gc-op>
<gc-end id="885" type="scavenge" contextid="881" durationms="2.776" usertimems="8.000" systemtimems="0.000" timestamp="2019-06-15T03:39:36.929" activeThreads="4">
  <mem-info id="886" free="2078965368" total="2092630016" percent="99">
    <mem type="nursery" free="1923704" total="3538944" percent="54">
      <mem type="allocate" free="1923704" total="2424832" percent="79" />
      <mem type="survivor" free="0" total="1114112" percent="0" />
    </mem>
    <mem type="tenure" free="2077041664" total="2089091072" percent="99">
      <mem type="soa" free="1972587520" total="1984636928" percent="99" />
      <mem type="loa" free="104454144" total="104454144" percent="100" />
    </mem>
    <remembered-set count="139" />
  </mem-info>
</gc-end>
<cycle-end id="887" type="scavenge" contextid="881" timestamp="2019-06-15T03:39:36.929" />
  <attribute name="elasticGC enabled" value="1" />
  <attribute name= "numThreadsSpecified" value="4" />
  <attribute name="heapSize specified" value="9568256" />
  <attribute name="Current GC Util" value="17" />
  <attribute name= "Current Time Running" value="1896" />
  <attribute name ="GC Interval" value="200" />
  <attribute name="ProportionalT" value="-1.500000" />
  <attribute name="ProportionalI" value="-1.500000" />
  <attribute name="ProportionalH" value="-1.500000" />
  <attribute name="Current Error" value="-3.000000" />
  <attribute name="IntegralT" value="-60.000000" />
  <attribute name="IntegralI" value="-60.000000" />
  <attribute name="IntegralH" value="-60.000000" />
  <attribute name="DerivativeT" value="-0.225000" />
  <attribute name="DerivativeI" value="-0.225000" />
  <attribute name="DerivativeH" value="-0.225000" />
  <attribute name="Loop Time for DT" value="20.000000" />
  <attribute name="Output H" value="2092630016"/>
  <attribute name="Output I" value="200"/>
  <attribute name="Output T" value="4"/>
  <attribute name="Target GC Util Change" value ="20.000000" />
  <attribute name="Current GC Util Change" value="17.000000"/>
  <attribute name="GC Util currently" value="17" />
  <attribute name="CPU Util currently" value="234353608996" />
<allocation-satisfied id="888" threadId="00000000028E4D00" bytesRequested="8200" />
<af-end id="889" timestamp="2019-06-15T03:39:36.929" threadId="00000000028E5688" success="true" from="nursery"/>
<exclusive-end id="890" timestamp="2019-06-15T03:39:36.929" durationms="3.216" />

<exclusive-start id="891" timestamp="2019-06-15T03:39:36.939" intervalms="12.250">
  <response-info timems="0.149" idlems="0.081" threads="1" lastid="00000000028E1100" lastname="Thread-5" />
</exclusive-start>
<af-start id="892" threadId="00000000028DA288" totalBytesRequested="16392" timestamp="2019-06-15T03:39:36.939" intervalms="12.267" type="nursery" />
<cycle-start id="893" type="scavenge" contextid="0" timestamp="2019-06-15T03:39:36.939" intervalms="12.276" />
<gc-start id="894" type="scavenge" contextid="893" timestamp="2019-06-15T03:39:36.939">
  <mem-info id="895" free="2077041664" total="2092630016" percent="99">
    <mem type="nursery" free="0" total="3538944" percent="0">
      <mem type="allocate" free="0" total="2424832" percent="0" />
      <mem type="survivor" free="0" total="1114112" percent="0" />
    </mem>
    <mem type="tenure" free="2077041664" total="2089091072" percent="99">
      <mem type="soa" free="1972587520" total="1984636928" percent="99" />
      <mem type="loa" free="104454144" total="104454144" percent="100" />
    </mem>
    <remembered-set count="273" />
  </mem-info>
</gc-start>
<allocation-stats totalBytes="1815168" >
  <allocated-bytes non-tlh="106528" tlh="1708640" />
  <largest-consumer threadName="Thread-6" threadId="00000000028E4D00" bytes="532088" />
</allocation-stats>
<gc-op id="896" type="scavenge" timems="1.290" contextid="893" timestamp="2019-06-15T03:39:36.940">
  <scavenger-info tenureage="1" tenuremask="7ffe" tiltratio="68" />
  <memory-copied type="nursery" objects="1683" bytes="720680" bytesdiscarded="292392" />
  <memory-copied type="tenure" objects="171" bytes="96616" bytesdiscarded="744" />
</gc-op>
<gc-end id="897" type="scavenge" contextid="893" durationms="1.666" usertimems="4.000" systemtimems="0.000" timestamp="2019-06-15T03:39:36.940" activeThreads="4">
  <mem-info id="898" free="2078387808" total="2092630016" percent="99">
    <mem type="nursery" free="1411696" total="3538944" percent="39">
      <mem type="allocate" free="1411696" total="2424832" percent="58" />
      <mem type="survivor" free="0" total="1114112" percent="0" />
    </mem>
    <mem type="tenure" free="2076976112" total="2089091072" percent="99">
      <mem type="soa" free="1972521968" total="1984636928" percent="99" />
      <mem type="loa" free="104454144" total="104454144" percent="100" />
    </mem>
    <remembered-set count="119" />
  </mem-info>
</gc-end>
<cycle-end id="899" type="scavenge" contextid="893" timestamp="2019-06-15T03:39:36.940" />
  <attribute name="elasticGC enabled" value="1" />
  <attribute name= "numThreadsSpecified" value="4" />
  <attribute name="heapSize specified" value="9568256" />
  <attribute name="Current GC Util" value="42" />
  <attribute name= "Current Time Running" value="1908" />
  <attribute name ="GC Interval" value="280" />
  <attribute name="ProportionalT" value="11.000000" />
  <attribute name="ProportionalI" value="11.000000" />
  <attribute name="ProportionalH" value="11.000000" />
  <attribute name="Current Error" value="22.000000" />
  <attribute name="IntegralT" value="264.000000" />
  <attribute name="IntegralI" value="264.000000" />
  <attribute name="IntegralH" value="264.000000" />
  <attribute name="DerivativeT" value="2.750000" />
  <attribute name="DerivativeI" value="2.750000" />
  <attribute name="DerivativeH" value="2.750000" />
  <attribute name="Loop Time for DT" value="12.000000" />
  <attribute name="Output H" value="8388608"/>
  <attribute name="Output I" value="280"/>
  <attribute name="Output T" value="4"/>
  <attribute name="Target GC Util Change" value ="20.000000" />
  <attribute name="Current GC Util Change" value="42.000000"/>
  <attribute name="GC Util currently" value="42" />
  <attribute name="CPU Util currently" value="375066162626" />
<allocation-satisfied id="900" threadId="00000000028D9900" bytesRequested="16392" />
<af-end id="901" timestamp="2019-06-15T03:39:36.941" threadId="00000000028DA288" success="true" from="nursery"/>
<exclusive-end id="902" timestamp="2019-06-15T03:39:36.941" durationms="2.172" />

<exclusive-start id="903" timestamp="2019-06-15T03:39:36.963" intervalms="24.183">
  <response-info timems="0.042" idlems="0.042" threads="0" lastid="00000000028E4D00" lastname="Thread-6" />
</exclusive-start>
<af-start id="904" threadId="00000000028E5688" totalBytesRequested="16" timestamp="2019-06-15T03:39:36.963" intervalms="24.172" type="nursery" />
<cycle-start id="905" type="scavenge" contextid="0" timestamp="2019-06-15T03:39:36.963" intervalms="24.162" />
<gc-start id="906" type="scavenge" contextid="905" timestamp="2019-06-15T03:39:36.963">
  <mem-info id="907" free="2076976112" total="2092630016" percent="99">
    <mem type="nursery" free="0" total="3538944" percent="0">
      <mem type="allocate" free="0" total="2424832" percent="0" />
      <mem type="survivor" free="0" total="1114112" percent="0" />
    </mem>
    <mem type="tenure" free="2076976112" total="2089091072" percent="99">
      <mem type="soa" free="1972521968" total="1984636928" percent="99" />
      <mem type="loa" free="104454144" total="104454144" percent="100" />
    </mem>
    <remembered-set count="256" />
  </mem-info>
</gc-start>
<allocation-stats totalBytes="1410512" >
  <allocated-bytes non-tlh="81944" tlh="1328568" />
  <largest-consumer threadName="Thread-6" threadId="00000000028E4D00" bytes="640712" />
</allocation-stats>
<gc-op id="908" type="scavenge" timems="1.511" contextid="905" timestamp="2019-06-15T03:39:36.965">
  <scavenger-info tenureage="1" tenuremask="7ffe" tiltratio="68" />
  <memory-copied type="nursery" objects="1343" bytes="508408" bytesdiscarded="185656" />
  <memory-copied type="tenure" objects="1235" bytes="529840" bytesdiscarded="744" />
</gc-op>
<gc-end id="909" type="scavenge" contextid="905" durationms="1.702" usertimems="4.000" systemtimems="0.000" timestamp="2019-06-15T03:39:36.965" activeThreads="4">
  <mem-info id="910" free="2078119992" total="2092630016" percent="99">
    <mem type="nursery" free="1796272" total="3538944" percent="50">
      <mem type="allocate" free="1796272" total="2490368" percent="72" />
      <mem type="survivor" free="0" total="1048576" percent="0" />
    </mem>
    <mem type="tenure" free="2076323720" total="2089091072" percent="99">
      <mem type="soa" free="1971869576" total="1984636928" percent="99" />
      <mem type="loa" free="104454144" total="104454144" percent="100" />
    </mem>
    <remembered-set count="142" />
  </mem-info>
</gc-end>
<cycle-end id="911" type="scavenge" contextid="905" timestamp="2019-06-15T03:39:36.965" />
  <attribute name="elasticGC enabled" value="1" />
  <attribute name= "numThreadsSpecified" value="4" />
  <attribute name="heapSize specified" value="9568256" />
  <attribute name="Current GC Util" value="12" />
  <attribute name= "Current Time Running" value="1932" />
  <attribute name ="GC Interval" value="200" />
  <attribute name="ProportionalT" value="-4.000000" />
  <attribute name="ProportionalI" value="-4.000000" />
  <attribute name="ProportionalH" value="-4.000000" />
  <attribute name="Current Error" value="-8.000000" />
  <attribute name="IntegralT" value="-192.000000" />
  <attribute name="IntegralI" value="-192.000000" />
  <attribute name="IntegralH" value="-192.000000" />
  <attribute name="DerivativeT" value="-1.875000" />
  <attribute name="DerivativeI" value="-1.875000" />
  <attribute name="DerivativeH" value="-1.875000" />
  <attribute name="Loop Time for DT" value="24.000000" />
  <attribute name="Output H" value="2092630016"/>
  <attribute name="Output I" value="200"/>
  <attribute name="Output T" value="4"/>
  <attribute name="Target GC Util Change" value ="20.000000" />
  <attribute name="Current GC Util Change" value="12.000000"/>
  <attribute name="GC Util currently" value="12" />
  <attribute name="CPU Util currently" value="190982985530" />
<allocation-satisfied id="912" threadId="00000000028E4D00" bytesRequested="16" />
<af-end id="913" timestamp="2019-06-15T03:39:36.965" threadId="00000000028E5688" success="true" from="nursery"/>
<exclusive-end id="914" timestamp="2019-06-15T03:39:36.965" durationms="2.147" />

<exclusive-start id="915" timestamp="2019-06-15T03:39:36.982" intervalms="19.684">
  <response-info timems="0.041" idlems="0.041" threads="0" lastid="00000000028E4D00" lastname="Thread-6" />
</exclusive-start>
<af-start id="916" threadId="00000000028E5688" totalBytesRequested="2056" timestamp="2019-06-15T03:39:36.982" intervalms="19.684" type="nursery" />
<cycle-start id="917" type="scavenge" contextid="0" timestamp="2019-06-15T03:39:36.983" intervalms="19.690" />
<gc-start id="918" type="scavenge" contextid="917" timestamp="2019-06-15T03:39:36.983">
  <mem-info id="919" free="2076323720" total="2092630016" percent="99">
    <mem type="nursery" free="0" total="3538944" percent="0">
      <mem type="allocate" free="0" total="2490368" percent="0" />
      <mem type="survivor" free="0" total="1048576" percent="0" />
    </mem>
    <mem type="tenure" free="2076323720" total="2089091072" percent="99">
      <mem type="soa" free="1971869576" total="1984636928" percent="99" />
      <mem type="loa" free="104454144" total="104454144" percent="100" />
    </mem>
    <remembered-set count="285" />
  </mem-info>
</gc-start>
<allocation-stats totalBytes="1770512" >
  <allocated-bytes non-tlh="98344" tlh="1672168" />
  <largest-consumer threadName="Thread-6" threadId="00000000028E4D00" bytes="526560" />
</allocation-stats>
<gc-op id="920" type="scavenge" timems="1.588" contextid="917" timestamp="2019-06-15T03:39:36.984">
  <scavenger-info tenureage="1" tenuremask="7ffe" tiltratio="70" />
  <memory-copied type="nursery" objects="1169" bytes="578224" bytesdiscarded="283096" />
  <memory-copied type="tenure" objects="123" bytes="104880" bytesdiscarded="0" />
  <references type="weak" candidates="1" cleared="0" enqueued="0" />
  <references type="phantom" candidates="3" cleared="0" enqueued="0" />
</gc-op>
<gc-end id="921" type="scavenge" contextid="917" durationms="1.821" usertimems="8.000" systemtimems="0.000" timestamp="2019-06-15T03:39:36.984" activeThreads="4">
  <mem-info id="922" free="2077919888" total="2092630016" percent="99">
    <mem type="nursery" free="1694520" total="3538944" percent="47">
      <mem type="allocate" free="1694520" total="2555904" percent="66" />
      <mem type="survivor" free="0" total="983040" percent="0" />
    </mem>
    <mem type="tenure" free="2076225368" total="2089091072" percent="99">
      <mem type="soa" free="1971771224" total="1984636928" percent="99" />
      <mem type="loa" free="104454144" total="104454144" percent="100" />
    </mem>
    <remembered-set count="139" />
  </mem-info>
</gc-end>
<cycle-end id="923" type="scavenge" contextid="917" timestamp="2019-06-15T03:39:36.985" />
  <attribute name="elasticGC enabled" value="1" />
  <attribute name= "numThreadsSpecified" value="4" />
  <attribute name="heapSize specified" value="9568256" />
  <attribute name="Current GC Util" value="17" />
  <attribute name= "Current Time Running" value="1952" />
  <attribute name ="GC Interval" value="200" />
  <attribute name="ProportionalT" value="-1.500000" />
  <attribute name="ProportionalI" value="-1.500000" />
  <attribute name="ProportionalH" value="-1.500000" />
  <attribute name="Current Error" value="-3.000000" />
  <attribute name="IntegralT" value="-60.000000" />
  <attribute name="IntegralI" value="-60.000000" />
  <attribute name="IntegralH" value="-60.000000" />
  <attribute name="DerivativeT" value="-0.225000" />
  <attribute name="DerivativeI" value="-0.225000" />
  <attribute name="DerivativeH" value="-0.225000" />
  <attribute name="Loop Time for DT" value="20.000000" />
  <attribute name="Output H" value="2092630016"/>
  <attribute name="Output I" value="200"/>
  <attribute name="Output T" value="4"/>
  <attribute name="Target GC Util Change" value ="20.000000" />
  <attribute name="Current GC Util Change" value="17.000000"/>
  <attribute name="GC Util currently" value="17" />
  <attribute name="CPU Util currently" value="234147974332" />
<allocation-satisfied id="924" threadId="00000000028E4D00" bytesRequested="2056" />
<af-end id="925" timestamp="2019-06-15T03:39:36.985" threadId="00000000028E5688" success="true" from="nursery"/>
<exclusive-end id="926" timestamp="2019-06-15T03:39:36.985" durationms="2.318" />

<exclusive-start id="927" timestamp="2019-06-15T03:39:37.002" intervalms="19.318">
  <response-info timems="0.039" idlems="0.039" threads="0" lastid="00000000028E1100" lastname="Thread-5" />
</exclusive-start>
<af-start id="928" threadId="00000000028E1A88" totalBytesRequested="16392" timestamp="2019-06-15T03:39:37.002" intervalms="19.325" type="nursery" />
<cycle-start id="929" type="scavenge" contextid="0" timestamp="2019-06-15T03:39:37.002" intervalms="19.324" />
<gc-start id="930" type="scavenge" contextid="929" timestamp="2019-06-15T03:39:37.002">
  <mem-info id="931" free="2076225368" total="2092630016" percent="99">
    <mem type="nursery" free="0" total="3538944" percent="0">
      <mem type="allocate" free="0" total="2555904" percent="0" />
      <mem type="survivor" free="0" total="983040" percent="0" />
    </mem>
    <mem type="tenure" free="2076225368" total="2089091072" percent="99">
      <mem type="soa" free="1971771224" total="1984636928" percent="99" />
      <mem type="loa" free="104454144" total="104454144" percent="100" />
    </mem>
    <remembered-set count="303" />
  </mem-info>
</gc-start>
<allocation-stats totalBytes="1634576" >
  <allocated-bytes non-tlh="100384" tlh="1534192" />
  <largest-consumer threadName="Thread-5" threadId="00000000028E1100" bytes="581520" />
</allocation-stats>
<gc-op id="932" type="scavenge" timems="0.355" contextid="929" timestamp="2019-06-15T03:39:37.002">
  <scavenger-info tenureage="1" tenuremask="7ffe" tiltratio="72" />
  <memory-copied type="nursery" objects="1481" bytes="536280" bytesdiscarded="331864" />
  <memory-copied type="tenure" objects="619" bytes="329688" bytesdiscarded="648" />
</gc-op>
<gc-end id="933" type="scavenge" contextid="929" durationms="0.554" usertimems="0.000" systemtimems="0.000" timestamp="2019-06-15T03:39:37.002" activeThreads="4">
  <mem-info id="934" free="2077579912" total="2092630016" percent="99">
    <mem type="nursery" free="1753248" total="3538944" percent="49">
      <mem type="allocate" free="1753248" total="2621440" percent="66" />
      <mem type="survivor" free="0" total="917504" percent="0" />
    </mem>
    <mem type="tenure" free="2075826664" total="2089091072" percent="99">
      <mem type="soa" free="1971372520" total="1984636928" percent="99" />
      <mem type="loa" free="104454144" total="104454144" percent="100" />
    </mem>
    <remembered-set count="130" />
  </mem-info>
</gc-end>
<cycle-end id="935" type="scavenge" contextid="929" timestamp="2019-06-15T03:39:37.003" />
  <attribute name="elasticGC enabled" value="1" />
  <attribute name= "numThreadsSpecified" value="4" />
  <attribute name="heapSize specified" value="9568256" />
  <attribute name="Current GC Util" value="16" />
  <attribute name= "Current Time Running" value="1971" />
  <attribute name ="GC Interval" value="200" />
  <attribute name="ProportionalT" value="-2.000000" />
  <attribute name="ProportionalI" value="-2.000000" />
  <attribute name="ProportionalH" value="-2.000000" />
  <attribute name="Current Error" value="-4.000000" />
  <attribute name="IntegralT" value="-76.000000" />
  <attribute name="IntegralI" value="-76.000000" />
  <attribute name="IntegralH" value="-76.000000" />
  <attribute name="DerivativeT" value="-0.315789" />
  <attribute name="DerivativeI" value="-0.315789" />
  <attribute name="DerivativeH" value="-0.315789" />
  <attribute name="Loop Time for DT" value="19.000000" />
  <attribute name="Output H" value="2092630016"/>
  <attribute name="Output I" value="200"/>
  <attribute name="Output T" value="4"/>
  <attribute name="Target GC Util Change" value ="20.000000" />
  <attribute name="Current GC Util Change" value="16.000000"/>
  <attribute name="GC Util currently" value="16" />
  <attribute name="CPU Util currently" value="238690702383" />
<allocation-satisfied id="936" threadId="00000000028E1100" bytesRequested="16392" />
<af-end id="937" timestamp="2019-06-15T03:39:37.003" threadId="00000000028E1A88" success="true" from="nursery"/>
<exclusive-end id="938" timestamp="2019-06-15T03:39:37.003" durationms="1.021" />

<exclusive-start id="939" timestamp="2019-06-15T03:39:37.025" intervalms="22.936">
  <response-info timems="0.197" idlems="0.106" threads="1" lastid="00000000028D9900" lastname="Thread-3" />
</exclusive-start>
<af-start id="940" threadId="00000000028DDE88" totalBytesRequested="520" timestamp="2019-06-15T03:39:37.025" intervalms="22.925" type="nursery" />
<cycle-start id="941" type="scavenge" contextid="0" timestamp="2019-06-15T03:39:37.025" intervalms="22.922" />
<gc-start id="942" type="scavenge" contextid="941" timestamp="2019-06-15T03:39:37.025">
  <mem-info id="943" free="2075826664" total="2092630016" percent="99">
    <mem type="nursery" free="0" total="3538944" percent="0">
      <mem type="allocate" free="0" total="2621440" percent="0" />
      <mem type="survivor" free="0" total="917504" percent="0" />
    </mem>
    <mem type="tenure" free="2075826664" total="2089091072" percent="99">
      <mem type="soa" free="1971372520" total="1984636928" percent="99" />
      <mem type="loa" free="104454144" total="104454144" percent="100" />
    </mem>
    <remembered-set count="313" />
  </mem-info>
</gc-start>
<allocation-stats totalBytes="1750544" >
  <allocated-bytes non-tlh="114720" tlh="1635824" />
  <largest-consumer threadName="Thread-6" threadId="00000000028E4D00" bytes="642736" />
</allocation-stats>
<gc-op id="944" type="scavenge" timems="1.144" contextid="941" timestamp="2019-06-15T03:39:37.026">
  <scavenger-info tenureage="1" tenuremask="7ffe" tiltratio="74" />
  <memory-copied type="nursery" objects="1952" bytes="704704" bytesdiscarded="165776" />
  <memory-copied type="tenure" objects="844" bytes="320552" bytesdiscarded="384" />
</gc-op>
<gc-end id="945" type="scavenge" contextid="941" durationms="1.344" usertimems="4.000" systemtimems="0.000" timestamp="2019-06-15T03:39:37.026" activeThreads="4">
  <mem-info id="946" free="2077347872" total="2092630016" percent="99">
    <mem type="nursery" free="1685376" total="3538944" percent="47">
      <mem type="allocate" free="1685376" total="2555904" percent="65" />
      <mem type="survivor" free="0" total="983040" percent="0" />
    </mem>
    <mem type="tenure" free="2075662496" total="2089091072" percent="99">
      <mem type="soa" free="1971208352" total="1984636928" percent="99" />
      <mem type="loa" free="104454144" total="104454144" percent="100" />
    </mem>
    <remembered-set count="142" />
  </mem-info>
</gc-end>
<cycle-end id="947" type="scavenge" contextid="941" timestamp="2019-06-15T03:39:37.026" />
  <attribute name="elasticGC enabled" value="1" />
  <attribute name= "numThreadsSpecified" value="4" />
  <attribute name="heapSize specified" value="9568256" />
  <attribute name="Current GC Util" value="5" />
  <attribute name= "Current Time Running" value="1994" />
  <attribute name ="GC Interval" value="200" />
  <attribute name="ProportionalT" value="-7.500000" />
  <attribute name="ProportionalI" value="-7.500000" />
  <attribute name="ProportionalH" value="-7.500000" />
  <attribute name="Current Error" value="-15.000000" />
  <attribute name="IntegralT" value="-345.000000" />
  <attribute name="IntegralI" value="-345.000000" />
  <attribute name="IntegralH" value="-345.000000" />
  <attribute name="DerivativeT" value="-0.978261" />
  <attribute name="DerivativeI" value="-0.978261" />
  <attribute name="DerivativeH" value="-0.978261" />
  <attribute name="Loop Time for DT" value="23.000000" />
  <attribute name="Output H" value="2092630016"/>
  <attribute name="Output I" value="200"/>
  <attribute name="Output T" value="4"/>
  <attribute name="Target GC Util Change" value ="20.000000" />
  <attribute name="Current GC Util Change" value="5.000000"/>
  <attribute name="GC Util currently" value="5" />
  <attribute name="CPU Util currently" value="201124192161" />
<allocation-satisfied id="948" threadId="00000000028DD500" bytesRequested="520" />
<af-end id="949" timestamp="2019-06-15T03:39:37.026" threadId="00000000028DDE88" success="true" from="nursery"/>
<exclusive-end id="950" timestamp="2019-06-15T03:39:37.026" durationms="1.793" />

<exclusive-start id="951" timestamp="2019-06-15T03:39:37.038" intervalms="13.294">
  <response-info timems="0.036" idlems="0.036" threads="0" lastid="00000000028E4D00" lastname="Thread-6" />
</exclusive-start>
<af-start id="952" threadId="00000000028E5688" totalBytesRequested="16392" timestamp="2019-06-15T03:39:37.038" intervalms="13.296" type="nursery" />
<cycle-start id="953" type="scavenge" contextid="0" timestamp="2019-06-15T03:39:37.038" intervalms="13.293" />
<gc-start id="954" type="scavenge" contextid="953" timestamp="2019-06-15T03:39:37.038">
  <mem-info id="955" free="2075662496" total="2092630016" percent="99">
    <mem type="nursery" free="0" total="3538944" percent="0">
      <mem type="allocate" free="0" total="2555904" percent="0" />
      <mem type="survivor" free="0" total="983040" percent="0" />
    </mem>
    <mem type="tenure" free="2075662496" total="2089091072" percent="99">
      <mem type="soa" free="1971208352" total="1984636928" percent="99" />
      <mem type="loa" free="104454144" total="104454144" percent="100" />
    </mem>
    <remembered-set count="270" />
  </mem-info>
</gc-start>
<allocation-stats totalBytes="1642088" >
  <allocated-bytes non-tlh="66072" tlh="1576016" />
  <largest-consumer threadName="Thread-4" threadId="00000000028DD500" bytes="838584" />
</allocation-stats>
<gc-op id="956" type="scavenge" timems="1.406" contextid="953" timestamp="2019-06-15T03:39:37.040">
  <scavenger-info tenureage="1" tenuremask="7ffe" tiltratio="72" />
  <memory-copied type="nursery" objects="1383" bytes="550408" bytesdiscarded="225864" />
  <memory-copied type="tenure" objects="107" bytes="123288" bytesdiscarded="624" />
</gc-op>
<gc-end id="957" type="scavenge" contextid="953" durationms="1.601" usertimems="4.000" systemtimems="0.000" timestamp="2019-06-15T03:39:37.040" activeThreads="4">
  <mem-info id="958" free="2077370104" total="2092630016" percent="99">
    <mem type="nursery" free="1845120" total="3538944" percent="52">
      <mem type="allocate" free="1845120" total="2621440" percent="70" />
      <mem type="survivor" free="0" total="917504" percent="0" />
    </mem>
    <mem type="tenure" free="2075524984" total="2089091072" percent="99">
      <mem type="soa" free="1971070840" total="1984636928" percent="99" />
      <mem type="loa" free="104454144" total="104454144" percent="100" />
    </mem>
    <remembered-set count="111" />
  </mem-info>
</gc-end>
<cycle-end id="959" type="scavenge" contextid="953" timestamp="2019-06-15T03:39:37.040" />
  <attribute name="elasticGC enabled" value="1" />
  <attribute name= "numThreadsSpecified" value="4" />
  <attribute name="heapSize specified" value="9568256" />
  <attribute name="Current GC Util" value="21" />
  <attribute name= "Current Time Running" value="2007" />
  <attribute name ="GC Interval" value="200" />
  <attribute name="ProportionalT" value="0.500000" />
  <attribute name="ProportionalI" value="0.500000" />
  <attribute name="ProportionalH" value="0.500000" />
  <attribute name="Current Error" value="1.000000" />
  <attribute name="IntegralT" value="13.000000" />
  <attribute name="IntegralI" value="13.000000" />
  <attribute name="IntegralH" value="13.000000" />
  <attribute name="DerivativeT" value="0.115385" />
  <attribute name="DerivativeI" value="0.115385" />
  <attribute name="DerivativeH" value="0.115385" />
  <attribute name="Loop Time for DT" value="13.000000" />
  <attribute name="Output H" value="8388608"/>
  <attribute name="Output I" value="200"/>
  <attribute name="Output T" value="4"/>
  <attribute name="Target GC Util Change" value ="20.000000" />
  <attribute name="Current GC Util Change" value="21.000000"/>
  <attribute name="GC Util currently" value="21" />
  <attribute name="CPU Util currently" value="347312640846" />
<allocation-satisfied id="960" threadId="00000000028E4D00" bytesRequested="16392" />
<af-end id="961" timestamp="2019-06-15T03:39:37.040" threadId="00000000028E5688" success="true" from="nursery"/>
<exclusive-end id="962" timestamp="2019-06-15T03:39:37.040" durationms="2.037" />

<exclusive-start id="963" timestamp="2019-06-15T03:39:37.053" intervalms="15.233">
  <response-info timems="0.083" idlems="0.034" threads="2" lastid="00000000028E4D00" lastname="Thread-6" />
</exclusive-start>
<af-start id="964" threadId="00000000028E1A88" totalBytesRequested="40" timestamp="2019-06-15T03:39:37.053" intervalms="15.227" type="nursery" />
<cycle-start id="965" type="scavenge" contextid="0" timestamp="2019-06-15T03:39:37.053" intervalms="15.226" />
<gc-start id="966" type="scavenge" contextid="965" timestamp="2019-06-15T03:39:37.055">
  <mem-info id="967" free="2075524984" total="2092630016" percent="99">
    <mem type="nursery" free="0" total="3538944" percent="0">
      <mem type="allocate" free="0" total="2621440" percent="0" />
      <mem type="survivor" free="0" total="917504" percent="0" />
    </mem>
    <mem type="tenure" free="2075524984" total="2089091072" percent="99">
      <mem type="soa" free="1971070840" total="1984636928" percent="99" />
      <mem type="loa" free="104454144" total="104454144" percent="100" />
    </mem>
    <remembered-set count="248" />
  </mem-info>
</gc-start>
<allocation-stats totalBytes="1786360" >
  <allocated-bytes non-tlh="81944" tlh="1704416" />
  <largest-consumer threadName="Thread-6" threadId="00000000028E4D00" bytes="1039752" />
</allocation-stats>
<gc-op id="968" type="scavenge" timems="0.380" contextid="965" timestamp="2019-06-15T03:39:37.055">
  <scavenger-info tenureage="1" tenuremask="7ffe" tiltratio="74" />
  <memory-copied type="nursery" objects="1216" bytes="431216" bytesdiscarded="444112" />
  <memory-copied type="tenure" objects="693" bytes="323248" bytesdiscarded="624" />
</gc-op>
<gc-end id="969" type="scavenge" contextid="965" durationms="0.671" usertimems="0.000" systemtimems="4.000" timestamp="2019-06-15T03:39:37.055" activeThreads="4">
  <mem-info id="970" free="2076954848" total="2092630016" percent="99">
    <mem type="nursery" free="1811616" total="3538944" percent="51">
      <mem type="allocate" free="1811616" total="2686976" percent="67" />
      <mem type="survivor" free="0" total="851968" percent="0" />
    </mem>
    <mem type="tenure" free="2075143232" total="2089091072" percent="99">
      <mem type="soa" free="1970689088" total="1984636928" percent="99" />
      <mem type="loa" free="104454144" total="104454144" percent="100" />
    </mem>
    <remembered-set count="128" />
  </mem-info>
</gc-end>
<cycle-end id="971" type="scavenge" contextid="965" timestamp="2019-06-15T03:39:37.055" />
  <attribute name="elasticGC enabled" value="1" />
  <attribute name= "numThreadsSpecified" value="4" />
  <attribute name="heapSize specified" value="9568256" />
  <attribute name="Current GC Util" value="18" />
  <attribute name= "Current Time Running" value="2024" />
  <attribute name ="GC Interval" value="200" />
  <attribute name="ProportionalT" value="-1.000000" />
  <attribute name="ProportionalI" value="-1.000000" />
  <attribute name="ProportionalH" value="-1.000000" />
  <attribute name="Current Error" value="-2.000000" />
  <attribute name="IntegralT" value="-34.000000" />
  <attribute name="IntegralI" value="-34.000000" />
  <attribute name="IntegralH" value="-34.000000" />
  <attribute name="DerivativeT" value="-0.264706" />
  <attribute name="DerivativeI" value="-0.264706" />
  <attribute name="DerivativeH" value="-0.264706" />
  <attribute name="Loop Time for DT" value="17.000000" />
  <attribute name="Output H" value="2092630016"/>
  <attribute name="Output I" value="200"/>
  <attribute name="Output T" value="4"/>
  <attribute name="Target GC Util Change" value ="20.000000" />
  <attribute name="Current GC Util Change" value="18.000000"/>
  <attribute name="GC Util currently" value="18" />
  <attribute name="CPU Util currently" value="278857622546" />
<allocation-satisfied id="972" threadId="00000000028E1100" bytesRequested="40" />
<af-end id="973" timestamp="2019-06-15T03:39:37.056" threadId="00000000028E1A88" success="true" from="nursery"/>
<exclusive-end id="974" timestamp="2019-06-15T03:39:37.056" durationms="2.428" />

<exclusive-start id="975" timestamp="2019-06-15T03:39:37.076" intervalms="22.587">
  <response-info timems="0.026" idlems="0.026" threads="0" lastid="00000000028E1100" lastname="Thread-5" />
</exclusive-start>
<af-start id="976" threadId="00000000028E1A88" totalBytesRequested="16392" timestamp="2019-06-15T03:39:37.076" intervalms="22.588" type="nursery" />
<cycle-start id="977" type="scavenge" contextid="0" timestamp="2019-06-15T03:39:37.076" intervalms="22.587" />
<gc-start id="978" type="scavenge" contextid="977" timestamp="2019-06-15T03:39:37.076">
  <mem-info id="979" free="2075143232" total="2092630016" percent="99">
    <mem type="nursery" free="0" total="3538944" percent="0">
      <mem type="allocate" free="0" total="2686976" percent="0" />
      <mem type="survivor" free="0" total="851968" percent="0" />
    </mem>
    <mem type="tenure" free="2075143232" total="2089091072" percent="99">
      <mem type="soa" free="1970689088" total="1984636928" percent="99" />
      <mem type="loa" free="104454144" total="104454144" percent="100" />
    </mem>
    <remembered-set count="289" />
  </mem-info>
</gc-start>
<allocation-stats totalBytes="1752960" >
  <allocated-bytes non-tlh="40" tlh="1752920" />
  <largest-consumer threadName="Thread-6" threadId="00000000028E4D00" bytes="683752" />
</allocation-stats>
<gc-op id="980" type="scavenge" timems="0.268" contextid="977" timestamp="2019-06-15T03:39:37.076">
  <scavenger-info tenureage="1" tenuremask="7ffe" tiltratio="75" />
  <memory-copied type="nursery" objects="868" bytes="394816" bytesdiscarded="409968" />
  <memory-copied type="tenure" objects="9" bytes="704" bytesdiscarded="0" />
</gc-op>
<gc-end id="981" type="scavenge" contextid="977" durationms="0.444" usertimems="0.000" systemtimems="0.000" timestamp="2019-06-15T03:39:37.076" activeThreads="4">
  <mem-info id="982" free="2077090928" total="2092630016" percent="99">
    <mem type="nursery" free="1947696" total="3538944" percent="55">
      <mem type="allocate" free="1947696" total="2752512" percent="70" />
      <mem type="survivor" free="0" total="786432" percent="0" />
    </mem>
    <mem type="tenure" free="2075143232" total="2089091072" percent="99">
      <mem type="soa" free="1970689088" total="1984636928" percent="99" />
      <mem type="loa" free="104454144" total="104454144" percent="100" />
    </mem>
    <remembered-set count="130" />
  </mem-info>
</gc-end>
<cycle-end id="983" type="scavenge" contextid="977" timestamp="2019-06-15T03:39:37.076" />
  <attribute name="elasticGC enabled" value="1" />
  <attribute name= "numThreadsSpecified" value="4" />
  <attribute name="heapSize specified" value="9568256" />
  <attribute name="Current GC Util" value="5" />
  <attribute name= "Current Time Running" value="2045" />
  <attribute name ="GC Interval" value="200" />
  <attribute name="ProportionalT" value="-7.500000" />
  <attribute name="ProportionalI" value="-7.500000" />
  <attribute name="ProportionalH" value="-7.500000" />
  <attribute name="Current Error" value="-15.000000" />
  <attribute name="IntegralT" value="-315.000000" />
  <attribute name="IntegralI" value="-315.000000" />
  <attribute name="IntegralH" value="-315.000000" />
  <attribute name="DerivativeT" value="-1.071429" />
  <attribute name="DerivativeI" value="-1.071429" />
  <attribute name="DerivativeH" value="-1.071429" />
  <attribute name="Loop Time for DT" value="21.000000" />
  <attribute name="Output H" value="2092630016"/>
  <attribute name="Output I" value="200"/>
  <attribute name="Output T" value="4"/>
  <attribute name="Target GC Util Change" value ="20.000000" />
  <attribute name="Current GC Util Change" value="5.000000"/>
  <attribute name="GC Util currently" value="5" />
  <attribute name="CPU Util currently" value="216879470091" />
<allocation-satisfied id="984" threadId="00000000028E1100" bytesRequested="16392" />
<af-end id="985" timestamp="2019-06-15T03:39:37.077" threadId="00000000028E1A88" success="true" from="nursery"/>
<exclusive-end id="986" timestamp="2019-06-15T03:39:37.077" durationms="0.849" />

<exclusive-start id="987" timestamp="2019-06-15T03:39:37.097" intervalms="21.009">
  <response-info timems="0.034" idlems="0.034" threads="0" lastid="00000000028D9900" lastname="Thread-3" />
</exclusive-start>
<af-start id="988" threadId="00000000028DA288" totalBytesRequested="16392" timestamp="2019-06-15T03:39:37.097" intervalms="21.025" type="nursery" />
<cycle-start id="989" type="scavenge" contextid="0" timestamp="2019-06-15T03:39:37.097" intervalms="21.038" />
<gc-start id="990" type="scavenge" contextid="989" timestamp="2019-06-15T03:39:37.097">
  <mem-info id="991" free="2075143232" total="2092630016" percent="99">
    <mem type="nursery" free="0" total="3538944" percent="0">
      <mem type="allocate" free="0" total="2752512" percent="0" />
      <mem type="survivor" free="0" total="786432" percent="0" />
    </mem>
    <mem type="tenure" free="2075143232" total="2089091072" percent="99">
      <mem type="soa" free="1970689088" total="1984636928" percent="99" />
      <mem type="loa" free="104454144" total="104454144" percent="100" />
    </mem>
    <remembered-set count="295" />
  </mem-info>
</gc-start>
<allocation-stats totalBytes="1936960" >
  <allocated-bytes non-tlh="114720" tlh="1822240" />
  <largest-consumer threadName="Thread-4" threadId="00000000028DD500" bytes="634304" />
</allocation-stats>
<gc-op id="992" type="scavenge" timems="2.137" contextid="989" timestamp="2019-06-15T03:39:37.099">
  <scavenger-info tenureage="1" tenuremask="7ffe" tiltratio="77" />
  <memory-copied type="nursery" objects="847" bytes="419544" bytesdiscarded="163960" />
  <memory-copied type="tenure" objects="751" bytes="304912" bytesdiscarded="1088" />
  <references type="weak" candidates="1" cleared="0" enqueued="0" />
  <references type="phantom" candidates="1" cleared="0" enqueued="0" />
</gc-op>
<gc-end id="993" type="scavenge" contextid="989" durationms="2.522" usertimems="0.000" systemtimems="4.000" timestamp="2019-06-15T03:39:37.100" activeThreads="4">
  <mem-info id="994" free="2077065208" total="2092630016" percent="99">
    <mem type="nursery" free="2234496" total="3538944" percent="63">
      <mem type="allocate" free="2234496" total="2818048" percent="79" />
      <mem type="survivor" free="0" total="720896" percent="0" />
    </mem>
    <mem type="tenure" free="2074830712" total="2089091072" percent="99">
      <mem type="soa" free="1970376568" total="1984636928" percent="99" />
      <mem type="loa" free="104454144" total="104454144" percent="100" />
    </mem>
    <remembered-set count="144" />
  </mem-info>
</gc-end>
<cycle-end id="995" type="scavenge" contextid="989" timestamp="2019-06-15T03:39:37.100" />
  <attribute name="elasticGC enabled" value="1" />
  <attribute name= "numThreadsSpecified" value="4" />
  <attribute name="heapSize specified" value="9568256" />
  <attribute name="Current GC Util" value="4" />
  <attribute name= "Current Time Running" value="2066" />
  <attribute name ="GC Interval" value="200" />
  <attribute name="ProportionalT" value="-8.000000" />
  <attribute name="ProportionalI" value="-8.000000" />
  <attribute name="ProportionalH" value="-8.000000" />
  <attribute name="Current Error" value="-16.000000" />
  <attribute name="IntegralT" value="-336.000000" />
  <attribute name="IntegralI" value="-336.000000" />
  <attribute name="IntegralH" value="-336.000000" />
  <attribute name="DerivativeT" value="-1.142857" />
  <attribute name="DerivativeI" value="-1.142857" />
  <attribute name="DerivativeH" value="-1.142857" />
  <attribute name="Loop Time for DT" value="21.000000" />
  <attribute name="Output H" value="2092630016"/>
  <attribute name="Output I" value="200"/>
  <attribute name="Output T" value="4"/>
  <attribute name="Target GC Util Change" value ="20.000000" />
  <attribute name="Current GC Util Change" value="4.000000"/>
  <attribute name="GC Util currently" value="4" />
  <attribute name="CPU Util currently" value="218835047010" />
<allocation-satisfied id="996" threadId="00000000028D9900" bytesRequested="16392" />
<af-end id="997" timestamp="2019-06-15T03:39:37.100" threadId="00000000028DA288" success="true" from="nursery"/>
<exclusive-end id="998" timestamp="2019-06-15T03:39:37.100" durationms="3.107" />

<exclusive-start id="999" timestamp="2019-06-15T03:39:37.126" intervalms="28.937">
  <response-info timems="0.046" idlems="0.025" threads="1" lastid="00000000028DD500" lastname="Thread-4" />
</exclusive-start>
<af-start id="1000" threadId="00000000028E1A88" totalBytesRequested="32776" timestamp="2019-06-15T03:39:37.126" intervalms="28.933" type="nursery" />
<cycle-start id="1001" type="scavenge" contextid="0" timestamp="2019-06-15T03:39:37.126" intervalms="28.925" />
<gc-start id="1002" type="scavenge" contextid="1001" timestamp="2019-06-15T03:39:37.126">
  <mem-info id="1003" free="2074830712" total="2092630016" percent="99">
    <mem type="nursery" free="0" total="3538944" percent="0">
      <mem type="allocate" free="0" total="2818048" percent="0" />
      <mem type="survivor" free="0" total="720896" percent="0" />
    </mem>
    <mem type="tenure" free="2074830712" total="2089091072" percent="99">
      <mem type="soa" free="1970376568" total="1984636928" percent="99" />
      <mem type="loa" free="104454144" total="104454144" percent="100" />
    </mem>
    <remembered-set count="329" />
  </mem-info>
</gc-start>
<allocation-stats totalBytes="2180136" >
  <allocated-bytes non-tlh="114720" tlh="2065416" />
  <largest-consumer threadName="Thread-5" threadId="00000000028E1100" bytes="595584" />
</allocation-stats>
<gc-op id="1004" type="scavenge" timems="1.796" contextid="1001" timestamp="2019-06-15T03:39:37.128">
  <scavenger-info tenureage="1" tenuremask="7ffe" tiltratio="79" />
  <memory-copied type="nursery" objects="1448" bytes="714944" bytesdiscarded="5904" />
  <memory-copied type="tenure" objects="790" bytes="247144" bytesdiscarded="24" />
  <copy-failed type="nursery" objects="629" bytes="99752" />
</gc-op>
<gc-end id="1005" type="scavenge" contextid="1001" durationms="1.988" usertimems="4.000" systemtimems="0.000" timestamp="2019-06-15T03:39:37.128" activeThreads="4">
  <mem-info id="1006" free="2076076368" total="2092630016" percent="99">
    <mem type="nursery" free="1507328" total="3538944" percent="42">
      <mem type="allocate" free="1507328" total="2228224" percent="67" />
      <mem type="survivor" free="0" total="1310720" percent="0" />
    </mem>
    <mem type="tenure" free="2074569040" total="2089091072" percent="99">
      <mem type="soa" free="1970114896" total="1984636928" percent="99" />
      <mem type="loa" free="104454144" total="104454144" percent="100" />
    </mem>
    <remembered-set count="144" />
  </mem-info>
</gc-end>
<cycle-end id="1007" type="scavenge" contextid="1001" timestamp="2019-06-15T03:39:37.128" />
  <attribute name="elasticGC enabled" value="1" />
  <attribute name= "numThreadsSpecified" value="4" />
  <attribute name="heapSize specified" value="9568256" />
  <attribute name="Current GC Util" value="16" />
  <attribute name= "Current Time Running" value="2095" />
  <attribute name ="GC Interval" value="200" />
  <attribute name="ProportionalT" value="-2.000000" />
  <attribute name="ProportionalI" value="-2.000000" />
  <attribute name="ProportionalH" value="-2.000000" />
  <attribute name="Current Error" value="-4.000000" />
  <attribute name="IntegralT" value="-116.000000" />
  <attribute name="IntegralI" value="-116.000000" />
  <attribute name="IntegralH" value="-116.000000" />
  <attribute name="DerivativeT" value="-0.206897" />
  <attribute name="DerivativeI" value="-0.206897" />
  <attribute name="DerivativeH" value="-0.206897" />
  <attribute name="Loop Time for DT" value="29.000000" />
  <attribute name="Output H" value="2092630016"/>
  <attribute name="Output I" value="200"/>
  <attribute name="Output T" value="4"/>
  <attribute name="Target GC Util Change" value ="20.000000" />
  <attribute name="Current GC Util Change" value="16.000000"/>
  <attribute name="GC Util currently" value="16" />
  <attribute name="CPU Util currently" value="159516777021" />
<allocation-satisfied id="1008" threadId="00000000028E1100" bytesRequested="32776" />
<af-end id="1009" timestamp="2019-06-15T03:39:37.128" threadId="00000000028E1A88" success="true" from="nursery"/>
<exclusive-end id="1010" timestamp="2019-06-15T03:39:37.128" durationms="2.487" />

<exclusive-start id="1011" timestamp="2019-06-15T03:39:37.143" intervalms="17.241">
  <response-info timems="0.042" idlems="0.042" threads="0" lastid="00000000028D9900" lastname="Thread-3" />
</exclusive-start>
<af-start id="1012" threadId="00000000028DA288" totalBytesRequested="48" timestamp="2019-06-15T03:39:37.143" intervalms="17.241" type="nursery" />
<cycle-start id="1013" type="scavenge" contextid="0" timestamp="2019-06-15T03:39:37.143" intervalms="17.247" />
<gc-start id="1014" type="scavenge" contextid="1013" timestamp="2019-06-15T03:39:37.143">
  <mem-info id="1015" free="2074569040" total="2092630016" percent="99">
    <mem type="nursery" free="0" total="3538944" percent="0">
      <mem type="allocate" free="0" total="2228224" percent="0" />
      <mem type="survivor" free="0" total="1310720" percent="0" />
    </mem>
    <mem type="tenure" free="2074569040" total="2089091072" percent="99">
      <mem type="soa" free="1970114896" total="1984636928" percent="99" />
      <mem type="loa" free="104454144" total="104454144" percent="100" />
    </mem>
    <remembered-set count="292" />
  </mem-info>
</gc-start>
<allocation-stats totalBytes="1506552" >
  <allocated-bytes non-tlh="98328" tlh="1408224" />
  <largest-consumer threadName="Thread-4" threadId="00000000028DD500" bytes="876304" />
</allocation-stats>
<gc-op id="1016" type="scavenge" timems="4.188" contextid="1013" timestamp="2019-06-15T03:39:37.147">
  <scavenger-info tenureage="1" tenuremask="7ffe" tiltratio="62" />
  <memory-copied type="nursery" objects="1314" bytes="404800" bytesdiscarded="201328" />
  <memory-copied type="tenure" objects="576" bytes="398880" bytesdiscarded="1424" />
</gc-op>
<gc-end id="1017" type="scavenge" contextid="1013" durationms="4.632" usertimems="4.000" systemtimems="4.000" timestamp="2019-06-15T03:39:37.148" activeThreads="4">
  <mem-info id="1018" free="2075872376" total="2092630016" percent="99">
    <mem type="nursery" free="1687600" total="3538944" percent="47">
      <mem type="allocate" free="1687600" total="2293760" percent="73" />
      <mem type="survivor" free="0" total="1245184" percent="0" />
    </mem>
    <mem type="tenure" free="2074184776" total="2089091072" percent="99">
      <mem type="soa" free="1969730632" total="1984636928" percent="99" />
      <mem type="loa" free="104454144" total="104454144" percent="100" />
    </mem>
    <remembered-set count="124" />
  </mem-info>
</gc-end>
<cycle-end id="1019" type="scavenge" contextid="1013" timestamp="2019-06-15T03:39:37.148" />
  <attribute name="elasticGC enabled" value="1" />
  <attribute name= "numThreadsSpecified" value="4" />
  <attribute name="heapSize specified" value="9568256" />
  <attribute name="Current GC Util" value="24" />
  <attribute name= "Current Time Running" value="2113" />
  <attribute name ="GC Interval" value="200" />
  <attribute name="ProportionalT" value="2.000000" />
  <attribute name="ProportionalI" value="2.000000" />
  <attribute name="ProportionalH" value="2.000000" />
  <attribute name="Current Error" value="4.000000" />
  <attribute name="IntegralT" value="72.000000" />
  <attribute name="IntegralI" value="72.000000" />
  <attribute name="IntegralH" value="72.000000" />
  <attribute name="DerivativeT" value="0.333333" />
  <attribute name="DerivativeI" value="0.333333" />
  <attribute name="DerivativeH" value="0.333333" />
  <attribute name="Loop Time for DT" value="18.000000" />
  <attribute name="Output H" value="8388608"/>
  <attribute name="Output I" value="200"/>
  <attribute name="Output T" value="4"/>
  <attribute name="Target GC Util Change" value ="20.000000" />
  <attribute name="Current GC Util Change" value="24.000000"/>
  <attribute name="GC Util currently" value="24" />
  <attribute name="CPU Util currently" value="267165742904" />
<allocation-satisfied id="1020" threadId="00000000028D9900" bytesRequested="48" />
<af-end id="1021" timestamp="2019-06-15T03:39:37.148" threadId="00000000028DA288" success="true" from="nursery"/>
<exclusive-end id="1022" timestamp="2019-06-15T03:39:37.148" durationms="5.325" />

<exclusive-start id="1023" timestamp="2019-06-15T03:39:37.166" intervalms="22.694">
  <response-info timems="0.081" idlems="0.043" threads="1" lastid="00000000028DD500" lastname="Thread-4" />
</exclusive-start>
<af-start id="1024" threadId="00000000028E1A88" totalBytesRequested="80" timestamp="2019-06-15T03:39:37.166" intervalms="22.696" type="nursery" />
<cycle-start id="1025" type="scavenge" contextid="0" timestamp="2019-06-15T03:39:37.166" intervalms="22.700" />
<gc-start id="1026" type="scavenge" contextid="1025" timestamp="2019-06-15T03:39:37.166">
  <mem-info id="1027" free="2074184776" total="2092630016" percent="99">
    <mem type="nursery" free="0" total="3538944" percent="0">
      <mem type="allocate" free="0" total="2293760" percent="0" />
      <mem type="survivor" free="0" total="1245184" percent="0" />
    </mem>
    <mem type="tenure" free="2074184776" total="2089091072" percent="99">
      <mem type="soa" free="1969730632" total="1984636928" percent="99" />
      <mem type="loa" free="104454144" total="104454144" percent="100" />
    </mem>
    <remembered-set count="263" />
  </mem-info>
</gc-start>
<allocation-stats totalBytes="1681216" >
  <allocated-bytes non-tlh="32824" tlh="1648392" />
  <largest-consumer threadName="Thread-4" threadId="00000000028DD500" bytes="842896" />
</allocation-stats>
<gc-op id="1028" type="scavenge" timems="2.337" contextid="1025" timestamp="2019-06-15T03:39:37.168">
  <scavenger-info tenureage="1" tenuremask="7ffe" tiltratio="64" />
  <memory-copied type="nursery" objects="1311" bytes="543192" bytesdiscarded="86416" />
  <memory-copied type="tenure" objects="340" bytes="136136" bytesdiscarded="400" />
  <references type="weak" candidates="1" cleared="0" enqueued="0" />
  <references type="phantom" candidates="2" cleared="0" enqueued="0" />
</gc-op>
<gc-end id="1029" type="scavenge" contextid="1025" durationms="2.544" usertimems="4.000" systemtimems="4.000" timestamp="2019-06-15T03:39:37.168" activeThreads="4">
  <mem-info id="1030" free="2075784800" total="2092630016" percent="99">
    <mem type="nursery" free="1729640" total="3538944" percent="48">
      <mem type="allocate" free="1729640" total="2359296" percent="73" />
      <mem type="survivor" free="0" total="1179648" percent="0" />
    </mem>
    <mem type="tenure" free="2074055160" total="2089091072" percent="99">
      <mem type="soa" free="1969601016" total="1984636928" percent="99" />
      <mem type="loa" free="104454144" total="104454144" percent="100" />
    </mem>
    <remembered-set count="129" />
  </mem-info>
</gc-end>
<cycle-end id="1031" type="scavenge" contextid="1025" timestamp="2019-06-15T03:39:37.168" />
  <attribute name="elasticGC enabled" value="1" />
  <attribute name= "numThreadsSpecified" value="4" />
  <attribute name="heapSize specified" value="9568256" />
  <attribute name="Current GC Util" value="39" />
  <attribute name= "Current Time Running" value="2135" />
  <attribute name ="GC Interval" value="432" />
  <attribute name="ProportionalT" value="9.500000" />
  <attribute name="ProportionalI" value="9.500000" />
  <attribute name="ProportionalH" value="9.500000" />
  <attribute name="Current Error" value="19.000000" />
  <attribute name="IntegralT" value="418.000000" />
  <attribute name="IntegralI" value="418.000000" />
  <attribute name="IntegralH" value="418.000000" />
  <attribute name="DerivativeT" value="1.022727" />
  <attribute name="DerivativeI" value="1.022727" />
  <attribute name="DerivativeH" value="1.022727" />
  <attribute name="Loop Time for DT" value="22.000000" />
  <attribute name="Output H" value="8388608"/>
  <attribute name="Output I" value="432"/>
  <attribute name="Output T" value="4"/>
  <attribute name="Target GC Util Change" value ="20.000000" />
  <attribute name="Current GC Util Change" value="39.000000"/>
  <attribute name="GC Util currently" value="39" />
  <attribute name="CPU Util currently" value="203179858468" />
<allocation-satisfied id="1032" threadId="00000000028E1100" bytesRequested="80" />
<af-end id="1033" timestamp="2019-06-15T03:39:37.169" threadId="00000000028E1A88" success="true" from="nursery"/>
<exclusive-end id="1034" timestamp="2019-06-15T03:39:37.169" durationms="3.011" />

<exclusive-start id="1035" timestamp="2019-06-15T03:39:37.187" intervalms="21.582">
  <response-info timems="0.029" idlems="0.029" threads="0" lastid="00000000028DD500" lastname="Thread-4" />
</exclusive-start>
<af-start id="1036" threadId="00000000028DDE88" totalBytesRequested="40" timestamp="2019-06-15T03:39:37.187" intervalms="21.570" type="nursery" />
<cycle-start id="1037" type="scavenge" contextid="0" timestamp="2019-06-15T03:39:37.187" intervalms="21.557" />
<gc-start id="1038" type="scavenge" contextid="1037" timestamp="2019-06-15T03:39:37.187">
  <mem-info id="1039" free="2074055160" total="2092630016" percent="99">
    <mem type="nursery" free="0" total="3538944" percent="0">
      <mem type="allocate" free="0" total="2359296" percent="0" />
      <mem type="survivor" free="0" total="1179648" percent="0" />
    </mem>
    <mem type="tenure" free="2074055160" total="2089091072" percent="99">
      <mem type="soa" free="1969601016" total="1984636928" percent="99" />
      <mem type="loa" free="104454144" total="104454144" percent="100" />
    </mem>
    <remembered-set count="280" />
  </mem-info>
</gc-start>
<allocation-stats totalBytes="1706424" >
  <allocated-bytes non-tlh="98408" tlh="1608016" />
  <largest-consumer threadName="Thread-3" threadId="00000000028D9900" bytes="564448" />
</allocation-stats>
<gc-op id="1040" type="scavenge" timems="1.708" contextid="1037" timestamp="2019-06-15T03:39:37.189">
  <scavenger-info tenureage="1" tenuremask="7ffe" tiltratio="66" />
  <memory-copied type="nursery" objects="813" bytes="354416" bytesdiscarded="145856" />
  <memory-copied type="tenure" objects="1210" bytes="519200" bytesdiscarded="408" />
  <references type="phantom" candidates="1" cleared="0" enqueued="0" />
</gc-op>
<gc-end id="1041" type="scavenge" contextid="1037" durationms="1.899" usertimems="0.000" systemtimems="4.000" timestamp="2019-06-15T03:39:37.189" activeThreads="4">
  <mem-info id="1042" free="2075435816" total="2092630016" percent="99">
    <mem type="nursery" free="1990064" total="3538944" percent="56">
      <mem type="allocate" free="1990064" total="2490368" percent="79" />
      <mem type="survivor" free="0" total="1048576" percent="0" />
    </mem>
    <mem type="tenure" free="2073445752" total="2089091072" percent="99">
      <mem type="soa" free="1968991608" total="1984636928" percent="99" />
      <mem type="loa" free="104454144" total="104454144" percent="100" />
    </mem>
    <remembered-set count="155" />
  </mem-info>
</gc-end>
<cycle-end id="1043" type="scavenge" contextid="1037" timestamp="2019-06-15T03:39:37.189" />
  <attribute name="elasticGC enabled" value="1" />
  <attribute name= "numThreadsSpecified" value="4" />
  <attribute name="heapSize specified" value="9568256" />
  <attribute name="Current GC Util" value="25" />
  <attribute name= "Current Time Running" value="2157" />
  <attribute name ="GC Interval" value="200" />
  <attribute name="ProportionalT" value="2.500000" />
  <attribute name="ProportionalI" value="2.500000" />
  <attribute name="ProportionalH" value="2.500000" />
  <attribute name="Current Error" value="5.000000" />
  <attribute name="IntegralT" value="110.000000" />
  <attribute name="IntegralI" value="110.000000" />
  <attribute name="IntegralH" value="110.000000" />
  <attribute name="DerivativeT" value="-0.954545" />
  <attribute name="DerivativeI" value="-0.954545" />
  <attribute name="DerivativeH" value="-0.954545" />
  <attribute name="Loop Time for DT" value="22.000000" />
  <attribute name="Output H" value="8388608"/>
  <attribute name="Output I" value="200"/>
  <attribute name="Output T" value="4"/>
  <attribute name="Target GC Util Change" value ="20.000000" />
  <attribute name="Current GC Util Change" value="25.000000"/>
  <attribute name="GC Util currently" value="25" />
  <attribute name="CPU Util currently" value="214149623362" />
<allocation-satisfied id="1044" threadId="00000000028DD500" bytesRequested="40" />
<af-end id="1045" timestamp="2019-06-15T03:39:37.189" threadId="00000000028DDE88" success="true" from="nursery"/>
<exclusive-end id="1046" timestamp="2019-06-15T03:39:37.190" durationms="2.337" />

</verbosegc>

