<?xml version="1.0" ?>

<verbosegc xmlns="http://www.ibm.com/j9/verbosegc" version="10b4217_CMPRSS">

<initialized id="1" timestamp="2019-06-15T03:40:01.372">
  <attribute name="gcPolicy" value="-Xgcpolicy:gencon" />
  <attribute name="elasticGC enabled" value="1" />
  <attribute name= "numThreadsSpecified" value="0" />
  <attribute name="heapSize specified" value="0" />
  <attribute name="Current GC Util" value="0" />
  <attribute name= "Current Time Running" value="0" />
  <attribute name ="GC Interval" value="0" />
  <attribute name="ProportionalT" value="0.000000" />
  <attribute name="ProportionalI" value="0.000000" />
  <attribute name="ProportionalH" value="0.000000" />
  <attribute name="IntegralT" value="0.000000" />
  <attribute name="IntegralI" value="0.000000" />
  <attribute name="IntegralH" value="0.000000" />
  <attribute name="DerivativeT" value="0.000000" />
  <attribute name="DerivativeI" value="0.000000" />
  <attribute name="DerivativeH" value="0.000000" />
  <attribute name="Target GC Util Change" value ="0.000000" />
  <attribute name="Current GC Util Change" value="0.000000"/>
  <attribute name="Current Error" value="0.000000" />
  <attribute name="Loop Time for DT" value="0.000000" />
  <attribute name="Output H" value="0"/>
  <attribute name="Output I" value="0"/>
  <attribute name="Output T" value="0"/>
  <attribute name="GC Util currently" value="0" />
  <attribute name="CPU Util currently" value="0" />
  <attribute name="maxHeapSize" value="0x7cbc0000" />
  <attribute name="initialHeapSize" value="0x800000" />
  <attribute name="compressedRefs" value="true" />
  <attribute name="compressedRefsDisplacement" value="0x0" />
  <attribute name="compressedRefsShift" value="0x0" />
  <attribute name="pageSize" value="0x1000" />
  <attribute name="pageType" value="not used" />
  <attribute name="requestedPageSize" value="0x1000" />
  <attribute name="requestedPageType" value="not used" />
  <attribute name="gcthreads" value="4" />
  <attribute name="gcthreads Concurrent Mark" value="1" />
  <attribute name="packetListSplit" value="4" />
  <attribute name="cacheListSplit" value="4" />
  <attribute name="splitFreeListSplitAmount" value="1" />
  <attribute name="numaNodes" value="0" />
  <system>
    <attribute name="physicalMemory" value="8370962432" />
    <attribute name="numCPUs" value="4" />
    <attribute name="architecture" value="amd64" />
    <attribute name="os" value="Linux" />
    <attribute name="osVersion" value="4.4.0-148-generic" />
  </system>
  <vmargs>
    <vmarg name="-Xoptionsfile=/vagrant/jdk/lib/options.default" />
    <vmarg name="-Xlockword:mode=default,noLockword=java/lang/String,noLockword=java/util/MapEntry,noLockword=java/util/HashMap$Entry,noLockword..." />
    <vmarg name="-Xjcl:jclse29" />
    <vmarg name="-Dcom.ibm.oti.vm.bootstrap.library.path=/vagrant/jdk/lib/compressedrefs:/vagrant/jdk/lib" />
    <vmarg name="-Dsun.boot.library.path=/vagrant/jdk/lib/compressedrefs:/vagrant/jdk/lib" />
    <vmarg name="-Djava.library.path=/vagrant/jdk/lib/compressedrefs:/vagrant/jdk/lib:/usr/lib64:/usr/lib" />
    <vmarg name="-Djava.home=/vagrant/jdk" />
    <vmarg name="-Duser.dir=/vagrant" />
    <vmarg name="-verbose:gc" />
    <vmarg name="-Xgcelastic" />
    <vmarg name="-Xcheck:gc:::elasticGC" />
    <vmarg name="-Xloggc:small-jdk0.5-1-1.5-verbose14xalan.txt" />
    <vmarg name="-Djava.class.path=dacapo-9.12-MR1-bach.jar" />
    <vmarg name="-Dsun.java.command=dacapo-9.12-MR1-bach.jar xalan --size=small" />
    <vmarg name="-Dsun.java.launcher=SUN_STANDARD" />
    <vmarg name="-Dsun.java.launcher.pid=794" />
  </vmargs>
</initialized>

<exclusive-start id="2" timestamp="2019-06-15T03:40:01.553" intervalms="180.719">
  <response-info timems="0.020" idlems="0.020" threads="0" lastid="0000000002119700" lastname="main" />
</exclusive-start>
<af-start id="3" threadId="000000000211A088" totalBytesRequested="7176" timestamp="2019-06-15T03:40:01.553" intervalms="180.930" type="nursery" />
<cycle-start id="4" type="scavenge" contextid="0" timestamp="2019-06-15T03:40:01.553" intervalms="181.376" />
<gc-start id="5" type="scavenge" contextid="4" timestamp="2019-06-15T03:40:01.558">
  <mem-info id="6" free="6062624" total="8388608" percent="72">
    <mem type="nursery" free="0" total="2097152" percent="0">
      <mem type="allocate" free="0" total="1048576" percent="0" />
      <mem type="survivor" free="0" total="1048576" percent="0" />
    </mem>
    <mem type="tenure" free="6062624" total="6291456" percent="96">
      <mem type="soa" free="5748256" total="5977088" percent="96" />
      <mem type="loa" free="314368" total="314368" percent="100" />
    </mem>
    <remembered-set count="3161" />
  </mem-info>
</gc-start>
<allocation-stats totalBytes="1275384" >
  <allocated-bytes non-tlh="344784" tlh="930600" />
  <largest-consumer threadName="main" threadId="0000000002119700" bytes="1198904" />
</allocation-stats>
<gc-op id="7" type="scavenge" timems="2.039" contextid="4" timestamp="2019-06-15T03:40:01.561">
  <scavenger-info tenureage="2" tenuremask="fffc" tiltratio="50" />
  <memory-copied type="nursery" objects="10578" bytes="479584" bytesdiscarded="152552" />
  <finalization candidates="11" enqueued="0" />
  <references type="soft" candidates="62" cleared="0" enqueued="0" dynamicThreshold="32" maxThreshold="32" />
  <references type="weak" candidates="309" cleared="177" enqueued="141" />
  <references type="phantom" candidates="25" cleared="6" enqueued="6" />
</gc-op>
<gc-end id="8" type="scavenge" contextid="4" durationms="5.529" usertimems="4.000" systemtimems="4.000" timestamp="2019-06-15T03:40:01.564" activeThreads="4">
  <mem-info id="9" free="6476968" total="8388608" percent="77">
    <mem type="nursery" free="414344" total="2097152" percent="19">
      <mem type="allocate" free="414344" total="1048576" percent="39" />
      <mem type="survivor" free="0" total="1048576" percent="0" />
    </mem>
    <mem type="tenure" free="6062624" total="6291456" percent="96">
      <mem type="soa" free="5748256" total="5977088" percent="96" />
      <mem type="loa" free="314368" total="314368" percent="100" />
    </mem>
    <pending-finalizers system="0" default="0" reference="147" classloader="0" />
    <remembered-set count="3161" />
  </mem-info>
</gc-end>
<cycle-end id="10" type="scavenge" contextid="4" timestamp="2019-06-15T03:40:01.564" />
  <attribute name="elasticGC enabled" value="1" />
  <attribute name= "numThreadsSpecified" value="0" />
  <attribute name="heapSize specified" value="0" />
  <attribute name="Current GC Util" value="0" />
  <attribute name= "Current Time Running" value="74" />
  <attribute name ="GC Interval" value="1" />
  <attribute name="ProportionalT" value="0.000000" />
  <attribute name="ProportionalI" value="0.000000" />
  <attribute name="ProportionalH" value="0.000000" />
  <attribute name="Current Error" value="0.000000" />
  <attribute name="IntegralT" value="0.000000" />
  <attribute name="IntegralI" value="0.000000" />
  <attribute name="IntegralH" value="0.000000" />
  <attribute name="DerivativeT" value="0.000000" />
  <attribute name="DerivativeI" value="0.000000" />
  <attribute name="DerivativeH" value="0.000000" />
  <attribute name="Loop Time for DT" value="0.000000" />
  <attribute name="Output H" value="0"/>
  <attribute name="Output I" value="0"/>
  <attribute name="Output T" value="0"/>
  <attribute name="Target GC Util Change" value ="20.000000" />
  <attribute name="Current GC Util Change" value="0.000000"/>
  <attribute name="GC Util currently" value="0" />
  <attribute name="CPU Util currently" value="20" />
<allocation-satisfied id="11" threadId="0000000002119700" bytesRequested="7176" />
<af-end id="12" timestamp="2019-06-15T03:40:01.564" threadId="000000000211A088" success="true" from="nursery"/>
<exclusive-end id="13" timestamp="2019-06-15T03:40:01.564" durationms="11.664" />

<exclusive-start id="14" timestamp="2019-06-15T03:40:01.586" intervalms="33.447">
  <response-info timems="0.026" idlems="0.026" threads="0" lastid="0000000002119700" lastname="main" />
</exclusive-start>
<af-start id="15" threadId="000000000211A088" totalBytesRequested="15200" timestamp="2019-06-15T03:40:01.586" intervalms="33.309" type="nursery" />
<cycle-start id="16" type="scavenge" contextid="0" timestamp="2019-06-15T03:40:01.586" intervalms="32.926" />
<gc-start id="17" type="scavenge" contextid="16" timestamp="2019-06-15T03:40:01.590">
  <mem-info id="18" free="6054888" total="8388608" percent="72">
    <mem type="nursery" free="0" total="2097152" percent="0">
      <mem type="allocate" free="0" total="1048576" percent="0" />
      <mem type="survivor" free="0" total="1048576" percent="0" />
    </mem>
    <mem type="tenure" free="6054888" total="6291456" percent="96">
      <mem type="soa" free="5740520" total="5977088" percent="96" />
      <mem type="loa" free="314368" total="314368" percent="100" />
    </mem>
    <remembered-set count="3262" />
  </mem-info>
</gc-start>
<allocation-stats totalBytes="415520" >
  <allocated-bytes non-tlh="14912" tlh="400608" />
  <largest-consumer threadName="main" threadId="0000000002119700" bytes="403544" />
</allocation-stats>
<gc-op id="19" type="scavenge" timems="0.867" contextid="16" timestamp="2019-06-15T03:40:01.591">
  <scavenger-info tenureage="5" tenuremask="7fe0" tiltratio="50" />
  <memory-copied type="nursery" objects="10883" bytes="485392" bytesdiscarded="132800" />
  <finalization candidates="11" enqueued="0" />
  <references type="soft" candidates="62" cleared="0" enqueued="0" dynamicThreshold="32" maxThreshold="32" />
  <references type="weak" candidates="240" cleared="95" enqueued="92" />
  <references type="phantom" candidates="35" cleared="11" enqueued="11" />
</gc-op>
<gc-end id="20" type="scavenge" contextid="16" durationms="1.269" usertimems="0.000" systemtimems="0.000" timestamp="2019-06-15T03:40:01.591" activeThreads="4">
  <mem-info id="21" free="6483808" total="8388608" percent="77">
    <mem type="nursery" free="428920" total="2097152" percent="20">
      <mem type="allocate" free="428920" total="1048576" percent="40" />
      <mem type="survivor" free="0" total="1048576" percent="0" />
    </mem>
    <mem type="tenure" free="6054888" total="6291456" percent="96">
      <mem type="soa" free="5740520" total="5977088" percent="96" />
      <mem type="loa" free="314368" total="314368" percent="100" />
    </mem>
    <pending-finalizers system="0" default="0" reference="103" classloader="0" />
    <remembered-set count="3262" />
  </mem-info>
</gc-end>
<cycle-end id="22" type="scavenge" contextid="16" timestamp="2019-06-15T03:40:01.591" />
  <attribute name="elasticGC enabled" value="1" />
  <attribute name= "numThreadsSpecified" value="4" />
  <attribute name="heapSize specified" value="0" />
  <attribute name="Current GC Util" value="34" />
  <attribute name= "Current Time Running" value="106" />
  <attribute name ="GC Interval" value="456" />
  <attribute name="ProportionalT" value="7.000000" />
  <attribute name="ProportionalI" value="7.000000" />
  <attribute name="ProportionalH" value="7.000000" />
  <attribute name="Current Error" value="14.000000" />
  <attribute name="IntegralT" value="448.000000" />
  <attribute name="IntegralI" value="448.000000" />
  <attribute name="IntegralH" value="448.000000" />
  <attribute name="DerivativeT" value="0.656250" />
  <attribute name="DerivativeI" value="0.656250" />
  <attribute name="DerivativeH" value="0.656250" />
  <attribute name="Loop Time for DT" value="32.000000" />
  <attribute name="Output H" value="8388608"/>
  <attribute name="Output I" value="456"/>
  <attribute name="Output T" value="4"/>
  <attribute name="Target GC Util Change" value ="20.000000" />
  <attribute name="Current GC Util Change" value="34.000000"/>
  <attribute name="GC Util currently" value="34" />
  <attribute name="CPU Util currently" value="22" />
<allocation-satisfied id="23" threadId="0000000002119700" bytesRequested="15200" />
<af-end id="24" timestamp="2019-06-15T03:40:01.592" threadId="000000000211A088" success="true" from="nursery"/>
<exclusive-end id="25" timestamp="2019-06-15T03:40:01.592" durationms="5.843" />

<exclusive-start id="26" timestamp="2019-06-15T03:40:01.603" intervalms="17.388">
  <response-info timems="0.069" idlems="0.069" threads="0" lastid="0000000002119700" lastname="main" />
</exclusive-start>
<af-start id="27" threadId="000000000211A088" totalBytesRequested="20232" timestamp="2019-06-15T03:40:01.604" intervalms="17.503" type="nursery" />
<cycle-start id="28" type="scavenge" contextid="0" timestamp="2019-06-15T03:40:01.604" intervalms="17.590" />
<gc-start id="29" type="scavenge" contextid="28" timestamp="2019-06-15T03:40:01.604">
  <mem-info id="30" free="6052200" total="8388608" percent="72">
    <mem type="nursery" free="0" total="2097152" percent="0">
      <mem type="allocate" free="0" total="1048576" percent="0" />
      <mem type="survivor" free="0" total="1048576" percent="0" />
    </mem>
    <mem type="tenure" free="6052200" total="6291456" percent="96">
      <mem type="soa" free="5737832" total="5977088" percent="95" />
      <mem type="loa" free="314368" total="314368" percent="100" />
    </mem>
    <remembered-set count="3295" />
  </mem-info>
</gc-start>
<allocation-stats totalBytes="418720" >
  <allocated-bytes non-tlh="17888" tlh="400832" />
  <largest-consumer threadName="main" threadId="0000000002119700" bytes="410528" />
</allocation-stats>
<gc-op id="31" type="scavenge" timems="0.819" contextid="28" timestamp="2019-06-15T03:40:01.605">
  <scavenger-info tenureage="4" tenuremask="7ff0" tiltratio="50" />
  <memory-copied type="nursery" objects="10927" bytes="539008" bytesdiscarded="114944" />
  <finalization candidates="11" enqueued="0" />
  <references type="soft" candidates="62" cleared="0" enqueued="0" dynamicThreshold="32" maxThreshold="32" />
  <references type="weak" candidates="223" cleared="76" enqueued="76" />
  <references type="phantom" candidates="37" cleared="10" enqueued="10" />
</gc-op>
<gc-end id="32" type="scavenge" contextid="28" durationms="1.191" usertimems="0.000" systemtimems="0.000" timestamp="2019-06-15T03:40:01.605" activeThreads="4">
  <mem-info id="33" free="6445368" total="8388608" percent="76">
    <mem type="nursery" free="393168" total="2097152" percent="18">
      <mem type="allocate" free="393168" total="1048576" percent="37" />
      <mem type="survivor" free="0" total="1048576" percent="0" />
    </mem>
    <mem type="tenure" free="6052200" total="6291456" percent="96">
      <mem type="soa" free="5737832" total="5977088" percent="95" />
      <mem type="loa" free="314368" total="314368" percent="100" />
    </mem>
    <pending-finalizers system="0" default="0" reference="86" classloader="0" />
    <remembered-set count="1025" />
  </mem-info>
</gc-end>
<cycle-end id="34" type="scavenge" contextid="28" timestamp="2019-06-15T03:40:01.605" />
  <attribute name="elasticGC enabled" value="1" />
  <attribute name= "numThreadsSpecified" value="4" />
  <attribute name="heapSize specified" value="0" />
  <attribute name="Current GC Util" value="38" />
  <attribute name= "Current Time Running" value="119" />
  <attribute name ="GC Interval" value="696" />
  <attribute name="ProportionalT" value="9.000000" />
  <attribute name="ProportionalI" value="9.000000" />
  <attribute name="ProportionalH" value="9.000000" />
  <attribute name="Current Error" value="18.000000" />
  <attribute name="IntegralT" value="682.000000" />
  <attribute name="IntegralI" value="682.000000" />
  <attribute name="IntegralH" value="682.000000" />
  <attribute name="DerivativeT" value="0.461538" />
  <attribute name="DerivativeI" value="0.461538" />
  <attribute name="DerivativeH" value="0.461538" />
  <attribute name="Loop Time for DT" value="13.000000" />
  <attribute name="Output H" value="8388608"/>
  <attribute name="Output I" value="696"/>
  <attribute name="Output T" value="4"/>
  <attribute name="Target GC Util Change" value ="20.000000" />
  <attribute name="Current GC Util Change" value="38.000000"/>
  <attribute name="GC Util currently" value="38" />
  <attribute name="CPU Util currently" value="333482129471" />
<allocation-satisfied id="35" threadId="0000000002119700" bytesRequested="20232" />
<af-end id="36" timestamp="2019-06-15T03:40:01.605" threadId="000000000211A088" success="true" from="nursery"/>
<exclusive-end id="37" timestamp="2019-06-15T03:40:01.605" durationms="1.973" />

<exclusive-start id="38" timestamp="2019-06-15T03:40:01.759" intervalms="155.655">
  <response-info timems="0.025" idlems="0.025" threads="0" lastid="0000000002119700" lastname="main" />
</exclusive-start>
<af-start id="39" threadId="000000000211A088" totalBytesRequested="32" timestamp="2019-06-15T03:40:01.759" intervalms="155.550" type="nursery" />
<cycle-start id="40" type="scavenge" contextid="0" timestamp="2019-06-15T03:40:01.759" intervalms="155.462" />
<gc-start id="41" type="scavenge" contextid="40" timestamp="2019-06-15T03:40:01.759">
  <mem-info id="42" free="6047800" total="8388608" percent="72">
    <mem type="nursery" free="0" total="2097152" percent="0">
      <mem type="allocate" free="0" total="1048576" percent="0" />
      <mem type="survivor" free="0" total="1048576" percent="0" />
    </mem>
    <mem type="tenure" free="6047800" total="6291456" percent="96">
      <mem type="soa" free="5733432" total="5977088" percent="95" />
      <mem type="loa" free="314368" total="314368" percent="100" />
    </mem>
    <remembered-set count="1099" />
  </mem-info>
</gc-start>
<allocation-stats totalBytes="396160" >
  <allocated-bytes non-tlh="24632" tlh="371528" />
  <largest-consumer threadName="main" threadId="0000000002119700" bytes="396160" />
</allocation-stats>
<gc-op id="43" type="scavenge" timems="1.050" contextid="40" timestamp="2019-06-15T03:40:01.760">
  <scavenger-info tenureage="3" tenuremask="fff8" tiltratio="50" />
  <memory-copied type="nursery" objects="696" bytes="100520" bytesdiscarded="78368" />
  <memory-copied type="tenure" objects="10290" bytes="460024" bytesdiscarded="896" />
  <finalization candidates="13" enqueued="0" />
  <references type="soft" candidates="1" cleared="0" enqueued="0" dynamicThreshold="32" maxThreshold="32" />
  <references type="weak" candidates="70" cleared="55" enqueued="55" />
  <references type="phantom" candidates="21" cleared="12" enqueued="12" />
</gc-op>
<gc-end id="44" type="scavenge" contextid="40" durationms="1.280" usertimems="0.000" systemtimems="0.000" timestamp="2019-06-15T03:40:01.761" activeThreads="4">
  <mem-info id="45" free="6405008" total="8388608" percent="76">
    <mem type="nursery" free="869632" total="2097152" percent="41">
      <mem type="allocate" free="869632" total="1048576" percent="82" />
      <mem type="survivor" free="0" total="1048576" percent="0" />
    </mem>
    <mem type="tenure" free="5535376" total="6291456" percent="87">
      <mem type="soa" free="5221008" total="5977088" percent="87" />
      <mem type="loa" free="314368" total="314368" percent="100" />
    </mem>
    <pending-finalizers system="0" default="0" reference="67" classloader="0" />
    <remembered-set count="220" />
  </mem-info>
</gc-end>
<cycle-end id="46" type="scavenge" contextid="40" timestamp="2019-06-15T03:40:01.761" />
  <attribute name="elasticGC enabled" value="1" />
  <attribute name= "numThreadsSpecified" value="4" />
  <attribute name="heapSize specified" value="0" />
  <attribute name="Current GC Util" value="1" />
  <attribute name= "Current Time Running" value="275" />
  <attribute name ="GC Interval" value="200" />
  <attribute name="ProportionalT" value="-9.500000" />
  <attribute name="ProportionalI" value="-9.500000" />
  <attribute name="ProportionalH" value="-9.500000" />
  <attribute name="Current Error" value="-19.000000" />
  <attribute name="IntegralT" value="-2282.000000" />
  <attribute name="IntegralI" value="-2282.000000" />
  <attribute name="IntegralH" value="-2282.000000" />
  <attribute name="DerivativeT" value="-0.355769" />
  <attribute name="DerivativeI" value="-0.355769" />
  <attribute name="DerivativeH" value="-0.355769" />
  <attribute name="Loop Time for DT" value="156.000000" />
  <attribute name="Output H" value="2092630016"/>
  <attribute name="Output I" value="200"/>
  <attribute name="Output T" value="4"/>
  <attribute name="Target GC Util Change" value ="20.000000" />
  <attribute name="Current GC Util Change" value="1.000000"/>
  <attribute name="GC Util currently" value="1" />
  <attribute name="CPU Util currently" value="5" />
<allocation-satisfied id="47" threadId="0000000002119700" bytesRequested="32" />
<af-end id="48" timestamp="2019-06-15T03:40:01.761" threadId="000000000211A088" success="true" from="nursery"/>
<exclusive-end id="49" timestamp="2019-06-15T03:40:01.761" durationms="1.835" />

<exclusive-start id="50" timestamp="2019-06-15T03:40:01.822" intervalms="62.829">
  <response-info timems="0.026" idlems="0.026" threads="0" lastid="0000000002119700" lastname="main" />
</exclusive-start>
<af-start id="51" threadId="000000000211A088" totalBytesRequested="976" timestamp="2019-06-15T03:40:01.822" intervalms="62.821" type="nursery" />
<cycle-start id="52" type="scavenge" contextid="0" timestamp="2019-06-15T03:40:01.822" intervalms="62.819" />
<gc-start id="53" type="scavenge" contextid="52" timestamp="2019-06-15T03:40:01.822">
  <mem-info id="54" free="5534024" total="8388608" percent="65">
    <mem type="nursery" free="0" total="2097152" percent="0">
      <mem type="allocate" free="0" total="1048576" percent="0" />
      <mem type="survivor" free="0" total="1048576" percent="0" />
    </mem>
    <mem type="tenure" free="5534024" total="6291456" percent="87">
      <mem type="soa" free="5219656" total="5977088" percent="87" />
      <mem type="loa" free="314368" total="314368" percent="100" />
    </mem>
    <remembered-set count="245" />
  </mem-info>
</gc-start>
<allocation-stats totalBytes="840456" >
  <allocated-bytes non-tlh="327640" tlh="512816" />
  <largest-consumer threadName="main" threadId="0000000002119700" bytes="840456" />
</allocation-stats>
<gc-op id="55" type="scavenge" timems="0.715" contextid="52" timestamp="2019-06-15T03:40:01.823">
  <scavenger-info tenureage="3" tenuremask="fff8" tiltratio="50" />
  <memory-copied type="nursery" objects="1018" bytes="587144" bytesdiscarded="69232" />
  <memory-copied type="tenure" objects="300" bytes="15040" bytesdiscarded="0" />
  <finalization candidates="3" enqueued="1" />
  <references type="soft" candidates="4" cleared="0" enqueued="0" dynamicThreshold="32" maxThreshold="32" />
  <references type="weak" candidates="6" cleared="5" enqueued="5" />
  <references type="phantom" candidates="31" cleared="3" enqueued="3" />
</gc-op>
<gc-end id="56" type="scavenge" contextid="52" durationms="0.947" usertimems="0.000" systemtimems="0.000" timestamp="2019-06-15T03:40:01.823" activeThreads="4">
  <mem-info id="57" free="5886968" total="8388608" percent="70">
    <mem type="nursery" free="392112" total="2097152" percent="18">
      <mem type="allocate" free="392112" total="1048576" percent="37" />
      <mem type="survivor" free="0" total="1048576" percent="0" />
    </mem>
    <mem type="tenure" free="5494856" total="6291456" percent="87">
      <mem type="soa" free="5180488" total="5977088" percent="86" />
      <mem type="loa" free="314368" total="314368" percent="100" />
    </mem>
    <pending-finalizers system="1" default="0" reference="8" classloader="0" />
    <remembered-set count="188" />
  </mem-info>
</gc-end>
<cycle-end id="58" type="scavenge" contextid="52" timestamp="2019-06-15T03:40:01.823" />
  <attribute name="elasticGC enabled" value="1" />
  <attribute name= "numThreadsSpecified" value="4" />
  <attribute name="heapSize specified" value="0" />
  <attribute name="Current GC Util" value="3" />
  <attribute name= "Current Time Running" value="338" />
  <attribute name ="GC Interval" value="200" />
  <attribute name="ProportionalT" value="-8.500000" />
  <attribute name="ProportionalI" value="-8.500000" />
  <attribute name="ProportionalH" value="-8.500000" />
  <attribute name="Current Error" value="-17.000000" />
  <attribute name="IntegralT" value="-3353.000000" />
  <attribute name="IntegralI" value="-3353.000000" />
  <attribute name="IntegralH" value="-3353.000000" />
  <attribute name="DerivativeT" value="-0.404762" />
  <attribute name="DerivativeI" value="-0.404762" />
  <attribute name="DerivativeH" value="-0.404762" />
  <attribute name="Loop Time for DT" value="63.000000" />
  <attribute name="Output H" value="2092630016"/>
  <attribute name="Output I" value="200"/>
  <attribute name="Output T" value="4"/>
  <attribute name="Target GC Util Change" value ="20.000000" />
  <attribute name="Current GC Util Change" value="3.000000"/>
  <attribute name="GC Util currently" value="3" />
  <attribute name="CPU Util currently" value="7" />
<allocation-satisfied id="59" threadId="0000000002119700" bytesRequested="976" />
<af-end id="60" timestamp="2019-06-15T03:40:01.824" threadId="000000000211A088" success="true" from="nursery"/>
<exclusive-end id="61" timestamp="2019-06-15T03:40:01.824" durationms="1.697" />

<exclusive-start id="62" timestamp="2019-06-15T03:40:01.843" intervalms="20.703">
  <response-info timems="0.086" idlems="0.086" threads="0" lastid="0000000002119700" lastname="main" />
</exclusive-start>
<af-start id="63" threadId="000000000211A088" totalBytesRequested="184" timestamp="2019-06-15T03:40:01.843" intervalms="20.772" type="nursery" />
<cycle-start id="64" type="scavenge" contextid="0" timestamp="2019-06-15T03:40:01.843" intervalms="20.794" />
<gc-start id="65" type="scavenge" contextid="64" timestamp="2019-06-15T03:40:01.843">
  <mem-info id="66" free="5488072" total="8388608" percent="65">
    <mem type="nursery" free="0" total="2097152" percent="0">
      <mem type="allocate" free="0" total="1048576" percent="0" />
      <mem type="survivor" free="0" total="1048576" percent="0" />
    </mem>
    <mem type="tenure" free="5488072" total="6291456" percent="87">
      <mem type="soa" free="5173704" total="5977088" percent="86" />
      <mem type="loa" free="314368" total="314368" percent="100" />
    </mem>
    <remembered-set count="270" />
  </mem-info>
</gc-start>
<allocation-stats totalBytes="397624" >
  <allocated-bytes non-tlh="7760" tlh="389864" />
  <largest-consumer threadName="main" threadId="0000000002119700" bytes="393528" />
</allocation-stats>
<gc-op id="67" type="scavenge" timems="0.370" contextid="64" timestamp="2019-06-15T03:40:01.843">
  <scavenger-info tenureage="3" tenuremask="7ff8" tiltratio="50" />
  <memory-copied type="nursery" objects="1621" bytes="586376" bytesdiscarded="138240" />
  <memory-copied type="tenure" objects="32" bytes="1896" bytesdiscarded="0" />
  <finalization candidates="2" enqueued="0" />
  <references type="soft" candidates="11" cleared="0" enqueued="0" dynamicThreshold="32" maxThreshold="32" />
  <references type="weak" candidates="33" cleared="33" enqueued="33" />
  <references type="phantom" candidates="29" cleared="1" enqueued="1" />
</gc-op>
<gc-end id="68" type="scavenge" contextid="64" durationms="0.622" usertimems="0.000" systemtimems="4.000" timestamp="2019-06-15T03:40:01.844" activeThreads="4">
  <mem-info id="69" free="5811936" total="8388608" percent="69">
    <mem type="nursery" free="323864" total="2097152" percent="15">
      <mem type="allocate" free="323864" total="1048576" percent="30" />
      <mem type="survivor" free="0" total="1048576" percent="0" />
    </mem>
    <mem type="tenure" free="5488072" total="6291456" percent="87">
      <mem type="soa" free="5173704" total="5977088" percent="86" />
      <mem type="loa" free="314368" total="314368" percent="100" />
    </mem>
    <pending-finalizers system="0" default="0" reference="34" classloader="0" />
    <remembered-set count="184" />
  </mem-info>
</gc-end>
<cycle-end id="70" type="scavenge" contextid="64" timestamp="2019-06-15T03:40:01.844" />
  <attribute name="elasticGC enabled" value="1" />
  <attribute name= "numThreadsSpecified" value="4" />
  <attribute name="heapSize specified" value="0" />
  <attribute name="Current GC Util" value="4" />
  <attribute name= "Current Time Running" value="358" />
  <attribute name ="GC Interval" value="200" />
  <attribute name="ProportionalT" value="-8.000000" />
  <attribute name="ProportionalI" value="-8.000000" />
  <attribute name="ProportionalH" value="-8.000000" />
  <attribute name="Current Error" value="-16.000000" />
  <attribute name="IntegralT" value="-3673.000000" />
  <attribute name="IntegralI" value="-3673.000000" />
  <attribute name="IntegralH" value="-3673.000000" />
  <attribute name="DerivativeT" value="-1.200000" />
  <attribute name="DerivativeI" value="-1.200000" />
  <attribute name="DerivativeH" value="-1.200000" />
  <attribute name="Loop Time for DT" value="20.000000" />
  <attribute name="Output H" value="2092630016"/>
  <attribute name="Output I" value="200"/>
  <attribute name="Output T" value="4"/>
  <attribute name="Target GC Util Change" value ="20.000000" />
  <attribute name="Current GC Util Change" value="4.000000"/>
  <attribute name="GC Util currently" value="4" />
  <attribute name="CPU Util currently" value="220585913499" />
<allocation-satisfied id="71" threadId="0000000002119700" bytesRequested="184" />
<af-end id="72" timestamp="2019-06-15T03:40:01.844" threadId="000000000211A088" success="true" from="nursery"/>
<exclusive-end id="73" timestamp="2019-06-15T03:40:01.844" durationms="1.210" />

<exclusive-start id="74" timestamp="2019-06-15T03:40:01.855" intervalms="12.189">
  <response-info timems="0.024" idlems="0.024" threads="0" lastid="0000000002119700" lastname="main" />
</exclusive-start>
<af-start id="75" threadId="000000000211A088" totalBytesRequested="1728" timestamp="2019-06-15T03:40:01.855" intervalms="12.154" type="nursery" />
<cycle-start id="76" type="scavenge" contextid="0" timestamp="2019-06-15T03:40:01.855" intervalms="12.186" />
<gc-start id="77" type="scavenge" contextid="76" timestamp="2019-06-15T03:40:01.855">
  <mem-info id="78" free="5482904" total="8388608" percent="65">
    <mem type="nursery" free="0" total="2097152" percent="0">
      <mem type="allocate" free="0" total="1048576" percent="0" />
      <mem type="survivor" free="0" total="1048576" percent="0" />
    </mem>
    <mem type="tenure" free="5482904" total="6291456" percent="87">
      <mem type="soa" free="5168536" total="5977088" percent="86" />
      <mem type="loa" free="314368" total="314368" percent="100" />
    </mem>
    <remembered-set count="243" />
  </mem-info>
</gc-start>
<allocation-stats totalBytes="309736" >
  <allocated-bytes non-tlh="5352" tlh="304384" />
  <largest-consumer threadName="main" threadId="0000000002119700" bytes="305640" />
</allocation-stats>
<gc-op id="79" type="scavenge" timems="0.538" contextid="76" timestamp="2019-06-15T03:40:01.856">
  <scavenger-info tenureage="2" tenuremask="fffc" tiltratio="50" />
  <memory-copied type="nursery" objects="650" bytes="28136" bytesdiscarded="121096" />
  <memory-copied type="tenure" objects="927" bytes="556560" bytesdiscarded="1024" />
  <finalization candidates="2" enqueued="0" />
  <references type="soft" candidates="7" cleared="0" enqueued="0" dynamicThreshold="32" maxThreshold="32" />
  <references type="weak" candidates="5" cleared="4" enqueued="4" />
  <references type="phantom" candidates="2" cleared="0" enqueued="0" />
</gc-op>
<gc-end id="80" type="scavenge" contextid="76" durationms="0.863" usertimems="0.000" systemtimems="0.000" timestamp="2019-06-15T03:40:01.856" activeThreads="4">
  <mem-info id="81" free="5818744" total="8388608" percent="69">
    <mem type="nursery" free="899320" total="2097152" percent="42">
      <mem type="allocate" free="899320" total="1048576" percent="85" />
      <mem type="survivor" free="0" total="1048576" percent="0" />
    </mem>
    <mem type="tenure" free="4919424" total="6291456" percent="78">
      <mem type="soa" free="4605056" total="5977088" percent="77" />
      <mem type="loa" free="314368" total="314368" percent="100" />
    </mem>
    <pending-finalizers system="0" default="0" reference="4" classloader="0" />
    <remembered-set count="215" />
  </mem-info>
</gc-end>
<cycle-end id="82" type="scavenge" contextid="76" timestamp="2019-06-15T03:40:01.856" />
  <attribute name="elasticGC enabled" value="1" />
  <attribute name= "numThreadsSpecified" value="4" />
  <attribute name="heapSize specified" value="0" />
  <attribute name="Current GC Util" value="6" />
  <attribute name= "Current Time Running" value="371" />
  <attribute name ="GC Interval" value="200" />
  <attribute name="ProportionalT" value="-7.000000" />
  <attribute name="ProportionalI" value="-7.000000" />
  <attribute name="ProportionalH" value="-7.000000" />
  <attribute name="Current Error" value="-14.000000" />
  <attribute name="IntegralT" value="-182.000000" />
  <attribute name="IntegralI" value="-182.000000" />
  <attribute name="IntegralH" value="-182.000000" />
  <attribute name="DerivativeT" value="-1.615385" />
  <attribute name="DerivativeI" value="-1.615385" />
  <attribute name="DerivativeH" value="-1.615385" />
  <attribute name="Loop Time for DT" value="13.000000" />
  <attribute name="Output H" value="2092630016"/>
  <attribute name="Output I" value="200"/>
  <attribute name="Output T" value="4"/>
  <attribute name="Target GC Util Change" value ="20.000000" />
  <attribute name="Current GC Util Change" value="6.000000"/>
  <attribute name="GC Util currently" value="6" />
  <attribute name="CPU Util currently" value="377719519402" />
<allocation-satisfied id="83" threadId="0000000002119700" bytesRequested="1728" />
<af-end id="84" timestamp="2019-06-15T03:40:01.856" threadId="000000000211A088" success="true" from="nursery"/>
<exclusive-end id="85" timestamp="2019-06-15T03:40:01.856" durationms="1.543" />

<exclusive-start id="86" timestamp="2019-06-15T03:40:01.886" intervalms="30.755">
  <response-info timems="0.103" idlems="0.064" threads="1" lastid="000000000211D300" lastname="JIT Compilation Thread-0" />
</exclusive-start>
<af-start id="87" threadId="000000000211A088" totalBytesRequested="2312" timestamp="2019-06-15T03:40:01.886" intervalms="30.754" type="nursery" />
<cycle-start id="88" type="scavenge" contextid="0" timestamp="2019-06-15T03:40:01.886" intervalms="30.734" />
<gc-start id="89" type="scavenge" contextid="88" timestamp="2019-06-15T03:40:01.886">
  <mem-info id="90" free="4904456" total="8388608" percent="58">
    <mem type="nursery" free="0" total="2097152" percent="0">
      <mem type="allocate" free="0" total="1048576" percent="0" />
      <mem type="survivor" free="0" total="1048576" percent="0" />
    </mem>
    <mem type="tenure" free="4904456" total="6291456" percent="77">
      <mem type="soa" free="4590088" total="5977088" percent="76" />
      <mem type="loa" free="314368" total="314368" percent="100" />
    </mem>
    <remembered-set count="389" />
  </mem-info>
</gc-start>
<allocation-stats totalBytes="910096" >
  <allocated-bytes non-tlh="16696" tlh="893400" />
  <largest-consumer threadName="main" threadId="0000000002119700" bytes="910096" />
</allocation-stats>
<gc-op id="91" type="scavenge" timems="0.297" contextid="88" timestamp="2019-06-15T03:40:01.886">
  <scavenger-info tenureage="3" tenuremask="fff8" tiltratio="50" />
  <memory-copied type="nursery" objects="843" bytes="30280" bytesdiscarded="48040" />
  <references type="soft" candidates="7" cleared="0" enqueued="0" dynamicThreshold="32" maxThreshold="32" />
  <references type="weak" candidates="9" cleared="9" enqueued="9" />
  <references type="phantom" candidates="1" cleared="0" enqueued="0" />
</gc-op>
<gc-end id="92" type="scavenge" contextid="88" durationms="0.617" usertimems="0.000" systemtimems="0.000" timestamp="2019-06-15T03:40:01.886" activeThreads="4">
  <mem-info id="93" free="6005768" total="8388608" percent="71">
    <mem type="nursery" free="1101312" total="2097152" percent="52">
      <mem type="allocate" free="1101312" total="1179648" percent="93" />
      <mem type="survivor" free="0" total="917504" percent="0" />
    </mem>
    <mem type="tenure" free="4904456" total="6291456" percent="77">
      <mem type="soa" free="4590088" total="5977088" percent="76" />
      <mem type="loa" free="314368" total="314368" percent="100" />
    </mem>
    <pending-finalizers system="0" default="0" reference="9" classloader="0" />
    <remembered-set count="339" />
  </mem-info>
</gc-end>
<cycle-end id="94" type="scavenge" contextid="88" timestamp="2019-06-15T03:40:01.887" />
  <attribute name="elasticGC enabled" value="1" />
  <attribute name= "numThreadsSpecified" value="4" />
  <attribute name="heapSize specified" value="0" />
  <attribute name="Current GC Util" value="2" />
  <attribute name= "Current Time Running" value="401" />
  <attribute name ="GC Interval" value="200" />
  <attribute name="ProportionalT" value="-9.000000" />
  <attribute name="ProportionalI" value="-9.000000" />
  <attribute name="ProportionalH" value="-9.000000" />
  <attribute name="Current Error" value="-18.000000" />
  <attribute name="IntegralT" value="-540.000000" />
  <attribute name="IntegralI" value="-540.000000" />
  <attribute name="IntegralH" value="-540.000000" />
  <attribute name="DerivativeT" value="-0.900000" />
  <attribute name="DerivativeI" value="-0.900000" />
  <attribute name="DerivativeH" value="-0.900000" />
  <attribute name="Loop Time for DT" value="30.000000" />
  <attribute name="Output H" value="2092630016"/>
  <attribute name="Output I" value="200"/>
  <attribute name="Output T" value="4"/>
  <attribute name="Target GC Util Change" value ="20.000000" />
  <attribute name="Current GC Util Change" value="2.000000"/>
  <attribute name="GC Util currently" value="2" />
  <attribute name="CPU Util currently" value="6" />
<allocation-satisfied id="95" threadId="0000000002119700" bytesRequested="2312" />
<af-end id="96" timestamp="2019-06-15T03:40:01.887" threadId="000000000211A088" success="true" from="nursery"/>
<exclusive-end id="97" timestamp="2019-06-15T03:40:01.887" durationms="1.178" />

<exclusive-start id="98" timestamp="2019-06-15T03:40:01.909" intervalms="23.763">
  <response-info timems="0.025" idlems="0.025" threads="0" lastid="0000000002119700" lastname="main" />
</exclusive-start>
<af-start id="99" threadId="000000000211A088" totalBytesRequested="2688" timestamp="2019-06-15T03:40:01.909" intervalms="23.731" type="nursery" />
<cycle-start id="100" type="scavenge" contextid="0" timestamp="2019-06-15T03:40:01.909" intervalms="23.696" />
<gc-start id="101" type="scavenge" contextid="100" timestamp="2019-06-15T03:40:01.910">
  <mem-info id="102" free="4889032" total="8388608" percent="58">
    <mem type="nursery" free="0" total="2097152" percent="0">
      <mem type="allocate" free="0" total="1179648" percent="0" />
      <mem type="survivor" free="0" total="917504" percent="0" />
    </mem>
    <mem type="tenure" free="4889032" total="6291456" percent="77">
      <mem type="soa" free="4574664" total="5977088" percent="76" />
      <mem type="loa" free="314368" total="314368" percent="100" />
    </mem>
    <remembered-set count="550" />
  </mem-info>
</gc-start>
<allocation-stats totalBytes="1098616" >
  <allocated-bytes non-tlh="17736" tlh="1080880" />
  <largest-consumer threadName="main" threadId="0000000002119700" bytes="1098616" />
</allocation-stats>
<gc-op id="103" type="scavenge" timems="0.320" contextid="100" timestamp="2019-06-15T03:40:01.910">
  <scavenger-info tenureage="3" tenuremask="fff8" tiltratio="56" />
  <memory-copied type="nursery" objects="578" bytes="21936" bytesdiscarded="56400" />
  <memory-copied type="tenure" objects="547" bytes="21008" bytesdiscarded="0" />
  <references type="weak" candidates="4" cleared="4" enqueued="4" />
</gc-op>
<gc-end id="104" type="scavenge" contextid="100" durationms="0.491" usertimems="0.000" systemtimems="0.000" timestamp="2019-06-15T03:40:01.910" activeThreads="4">
  <mem-info id="105" free="6186952" total="8388608" percent="73">
    <mem type="nursery" free="1297920" total="2097152" percent="61">
      <mem type="allocate" free="1297920" total="1376256" percent="94" />
      <mem type="survivor" free="0" total="720896" percent="0" />
    </mem>
    <mem type="tenure" free="4889032" total="6291456" percent="77">
      <mem type="soa" free="4574664" total="5977088" percent="76" />
      <mem type="loa" free="314368" total="314368" percent="100" />
    </mem>
    <pending-finalizers system="0" default="0" reference="4" classloader="0" />
    <remembered-set count="474" />
  </mem-info>
</gc-end>
<cycle-end id="106" type="scavenge" contextid="100" timestamp="2019-06-15T03:40:01.910" />
  <attribute name="elasticGC enabled" value="1" />
  <attribute name= "numThreadsSpecified" value="4" />
  <attribute name="heapSize specified" value="0" />
  <attribute name="Current GC Util" value="2" />
  <attribute name= "Current Time Running" value="425" />
  <attribute name ="GC Interval" value="200" />
  <attribute name="ProportionalT" value="-9.000000" />
  <attribute name="ProportionalI" value="-9.000000" />
  <attribute name="ProportionalH" value="-9.000000" />
  <attribute name="Current Error" value="-18.000000" />
  <attribute name="IntegralT" value="-432.000000" />
  <attribute name="IntegralI" value="-432.000000" />
  <attribute name="IntegralH" value="-432.000000" />
  <attribute name="DerivativeT" value="-1.125000" />
  <attribute name="DerivativeI" value="-1.125000" />
  <attribute name="DerivativeH" value="-1.125000" />
  <attribute name="Loop Time for DT" value="24.000000" />
  <attribute name="Output H" value="2092630016"/>
  <attribute name="Output I" value="200"/>
  <attribute name="Output T" value="4"/>
  <attribute name="Target GC Util Change" value ="20.000000" />
  <attribute name="Current GC Util Change" value="2.000000"/>
  <attribute name="GC Util currently" value="2" />
  <attribute name="CPU Util currently" value="17" />
<allocation-satisfied id="107" threadId="0000000002119700" bytesRequested="2688" />
<af-end id="108" timestamp="2019-06-15T03:40:01.910" threadId="000000000211A088" success="true" from="nursery"/>
<exclusive-end id="109" timestamp="2019-06-15T03:40:01.910" durationms="0.905" />

<exclusive-start id="110" timestamp="2019-06-15T03:40:01.943" intervalms="33.352">
  <response-info timems="0.028" idlems="0.028" threads="0" lastid="0000000002119700" lastname="main" />
</exclusive-start>
<af-start id="111" threadId="000000000211A088" totalBytesRequested="13832" timestamp="2019-06-15T03:40:01.943" intervalms="33.355" type="nursery" />
<cycle-start id="112" type="scavenge" contextid="0" timestamp="2019-06-15T03:40:01.943" intervalms="33.354" />
<gc-start id="113" type="scavenge" contextid="112" timestamp="2019-06-15T03:40:01.943">
  <mem-info id="114" free="4868688" total="8388608" percent="58">
    <mem type="nursery" free="0" total="2097152" percent="0">
      <mem type="allocate" free="0" total="1376256" percent="0" />
      <mem type="survivor" free="0" total="720896" percent="0" />
    </mem>
    <mem type="tenure" free="4868688" total="6291456" percent="77">
      <mem type="soa" free="4554320" total="5977088" percent="76" />
      <mem type="loa" free="314368" total="314368" percent="100" />
    </mem>
    <remembered-set count="714" />
  </mem-info>
</gc-start>
<allocation-stats totalBytes="1263872" >
  <allocated-bytes non-tlh="23032" tlh="1240840" />
  <largest-consumer threadName="main" threadId="0000000002119700" bytes="1263872" />
</allocation-stats>
<gc-op id="115" type="scavenge" timems="0.374" contextid="112" timestamp="2019-06-15T03:40:01.943">
  <scavenger-info tenureage="3" tenuremask="ffe8" tiltratio="65" />
  <memory-copied type="nursery" objects="1168" bytes="90160" bytesdiscarded="48992" />
  <memory-copied type="tenure" objects="59" bytes="1880" bytesdiscarded="0" />
  <finalization candidates="1" enqueued="0" />
  <references type="soft" candidates="1" cleared="0" enqueued="0" dynamicThreshold="32" maxThreshold="32" />
  <references type="weak" candidates="8" cleared="7" enqueued="7" />
  <references type="phantom" candidates="3" cleared="1" enqueued="1" />
</gc-op>
<gc-end id="116" type="scavenge" contextid="112" durationms="0.545" usertimems="0.000" systemtimems="0.000" timestamp="2019-06-15T03:40:01.943" activeThreads="4">
  <mem-info id="117" free="6236840" total="8388608" percent="74">
    <mem type="nursery" free="1368152" total="2097152" percent="65">
      <mem type="allocate" free="1368152" total="1507328" percent="90" />
      <mem type="survivor" free="0" total="589824" percent="0" />
    </mem>
    <mem type="tenure" free="4868688" total="6291456" percent="77">
      <mem type="soa" free="4554320" total="5977088" percent="76" />
      <mem type="loa" free="314368" total="314368" percent="100" />
    </mem>
    <pending-finalizers system="0" default="0" reference="8" classloader="0" />
    <remembered-set count="574" />
  </mem-info>
</gc-end>
<cycle-end id="118" type="scavenge" contextid="112" timestamp="2019-06-15T03:40:01.943" />
  <attribute name="elasticGC enabled" value="1" />
  <attribute name= "numThreadsSpecified" value="4" />
  <attribute name="heapSize specified" value="0" />
  <attribute name="Current GC Util" value="1" />
  <attribute name= "Current Time Running" value="458" />
  <attribute name ="GC Interval" value="200" />
  <attribute name="ProportionalT" value="-9.500000" />
  <attribute name="ProportionalI" value="-9.500000" />
  <attribute name="ProportionalH" value="-9.500000" />
  <attribute name="Current Error" value="-19.000000" />
  <attribute name="IntegralT" value="-627.000000" />
  <attribute name="IntegralI" value="-627.000000" />
  <attribute name="IntegralH" value="-627.000000" />
  <attribute name="DerivativeT" value="-0.863636" />
  <attribute name="DerivativeI" value="-0.863636" />
  <attribute name="DerivativeH" value="-0.863636" />
  <attribute name="Loop Time for DT" value="33.000000" />
  <attribute name="Output H" value="2092630016"/>
  <attribute name="Output I" value="200"/>
  <attribute name="Output T" value="4"/>
  <attribute name="Target GC Util Change" value ="20.000000" />
  <attribute name="Current GC Util Change" value="1.000000"/>
  <attribute name="GC Util currently" value="1" />
  <attribute name="CPU Util currently" value="4" />
<allocation-satisfied id="119" threadId="0000000002119700" bytesRequested="13832" />
<af-end id="120" timestamp="2019-06-15T03:40:01.944" threadId="000000000211A088" success="true" from="nursery"/>
<exclusive-end id="121" timestamp="2019-06-15T03:40:01.944" durationms="0.986" />

<exclusive-start id="122" timestamp="2019-06-15T03:40:01.981" intervalms="38.539">
  <response-info timems="0.025" idlems="0.025" threads="0" lastid="0000000002119700" lastname="main" />
</exclusive-start>
<af-start id="123" threadId="000000000211A088" totalBytesRequested="7176" timestamp="2019-06-15T03:40:01.981" intervalms="38.538" type="nursery" />
<cycle-start id="124" type="scavenge" contextid="0" timestamp="2019-06-15T03:40:01.981" intervalms="38.540" />
<gc-start id="125" type="scavenge" contextid="124" timestamp="2019-06-15T03:40:01.981">
  <mem-info id="126" free="4835624" total="8388608" percent="57">
    <mem type="nursery" free="0" total="2097152" percent="0">
      <mem type="allocate" free="0" total="1507328" percent="0" />
      <mem type="survivor" free="0" total="589824" percent="0" />
    </mem>
    <mem type="tenure" free="4835624" total="6291456" percent="76">
      <mem type="soa" free="4521256" total="5977088" percent="75" />
      <mem type="loa" free="314368" total="314368" percent="100" />
    </mem>
    <remembered-set count="903" />
  </mem-info>
</gc-start>
<allocation-stats totalBytes="1396200" >
  <allocated-bytes non-tlh="46896" tlh="1349304" />
  <largest-consumer threadName="main" threadId="0000000002119700" bytes="1392104" />
</allocation-stats>
<gc-op id="127" type="scavenge" timems="0.402" contextid="124" timestamp="2019-06-15T03:40:01.982">
  <scavenger-info tenureage="3" tenuremask="ffe8" tiltratio="71" />
  <memory-copied type="nursery" objects="1365" bytes="68312" bytesdiscarded="82888" />
  <memory-copied type="tenure" objects="169" bytes="4472" bytesdiscarded="0" />
  <finalization candidates="1" enqueued="0" />
  <references type="soft" candidates="1" cleared="0" enqueued="0" dynamicThreshold="32" maxThreshold="32" />
  <references type="weak" candidates="12" cleared="10" enqueued="10" />
  <references type="phantom" candidates="3" cleared="0" enqueued="0" />
</gc-op>
<gc-end id="128" type="scavenge" contextid="124" durationms="0.578" usertimems="0.000" systemtimems="0.000" timestamp="2019-06-15T03:40:01.982" activeThreads="4">
  <mem-info id="129" free="6257184" total="8388608" percent="74">
    <mem type="nursery" free="1421560" total="2097152" percent="67">
      <mem type="allocate" free="1421560" total="1572864" percent="90" />
      <mem type="survivor" free="0" total="524288" percent="0" />
    </mem>
    <mem type="tenure" free="4835624" total="6291456" percent="76">
      <mem type="soa" free="4521256" total="5977088" percent="75" />
      <mem type="loa" free="314368" total="314368" percent="100" />
    </mem>
    <pending-finalizers system="0" default="0" reference="10" classloader="0" />
    <remembered-set count="676" />
  </mem-info>
</gc-end>
<cycle-end id="130" type="scavenge" contextid="124" timestamp="2019-06-15T03:40:01.982" />
  <attribute name="elasticGC enabled" value="1" />
  <attribute name= "numThreadsSpecified" value="4" />
  <attribute name="heapSize specified" value="0" />
  <attribute name="Current GC Util" value="1" />
  <attribute name= "Current Time Running" value="497" />
  <attribute name ="GC Interval" value="200" />
  <attribute name="ProportionalT" value="-9.500000" />
  <attribute name="ProportionalI" value="-9.500000" />
  <attribute name="ProportionalH" value="-9.500000" />
  <attribute name="Current Error" value="-19.000000" />
  <attribute name="IntegralT" value="-741.000000" />
  <attribute name="IntegralI" value="-741.000000" />
  <attribute name="IntegralH" value="-741.000000" />
  <attribute name="DerivativeT" value="-0.730769" />
  <attribute name="DerivativeI" value="-0.730769" />
  <attribute name="DerivativeH" value="-0.730769" />
  <attribute name="Loop Time for DT" value="39.000000" />
  <attribute name="Output H" value="2092630016"/>
  <attribute name="Output I" value="200"/>
  <attribute name="Output T" value="4"/>
  <attribute name="Target GC Util Change" value ="20.000000" />
  <attribute name="Current GC Util Change" value="1.000000"/>
  <attribute name="GC Util currently" value="1" />
  <attribute name="CPU Util currently" value="10" />
<allocation-satisfied id="131" threadId="0000000002119700" bytesRequested="7176" />
<af-end id="132" timestamp="2019-06-15T03:40:01.982" threadId="000000000211A088" success="true" from="nursery"/>
<exclusive-end id="133" timestamp="2019-06-15T03:40:01.982" durationms="1.007" />

<exclusive-start id="134" timestamp="2019-06-15T03:40:02.014" intervalms="32.387">
  <response-info timems="0.032" idlems="0.032" threads="0" lastid="0000000002119700" lastname="main" />
</exclusive-start>
<af-start id="135" threadId="000000000211A088" totalBytesRequested="3080" timestamp="2019-06-15T03:40:02.014" intervalms="32.385" type="nursery" />
<cycle-start id="136" type="scavenge" contextid="0" timestamp="2019-06-15T03:40:02.014" intervalms="32.382" />
<gc-start id="137" type="scavenge" contextid="136" timestamp="2019-06-15T03:40:02.014">
  <mem-info id="138" free="4815368" total="8388608" percent="57">
    <mem type="nursery" free="0" total="2097152" percent="0">
      <mem type="allocate" free="0" total="1572864" percent="0" />
      <mem type="survivor" free="0" total="524288" percent="0" />
    </mem>
    <mem type="tenure" free="4815368" total="6291456" percent="76">
      <mem type="soa" free="4501000" total="5977088" percent="75" />
      <mem type="loa" free="314368" total="314368" percent="100" />
    </mem>
    <remembered-set count="949" />
  </mem-info>
</gc-start>
<allocation-stats totalBytes="1406600" >
  <allocated-bytes non-tlh="144976" tlh="1261624" />
  <largest-consumer threadName="main" threadId="0000000002119700" bytes="1406600" />
</allocation-stats>
<gc-op id="139" type="scavenge" timems="0.485" contextid="136" timestamp="2019-06-15T03:40:02.014">
  <scavenger-info tenureage="3" tenuremask="ffe8" tiltratio="75" />
  <memory-copied type="nursery" objects="1292" bytes="136144" bytesdiscarded="8648" />
  <memory-copied type="tenure" objects="306" bytes="13528" bytesdiscarded="0" />
  <finalization candidates="1" enqueued="0" />
  <references type="soft" candidates="1" cleared="0" enqueued="0" dynamicThreshold="32" maxThreshold="32" />
  <references type="weak" candidates="7" cleared="5" enqueued="5" />
  <references type="phantom" candidates="4" cleared="0" enqueued="0" />
</gc-op>
<gc-end id="140" type="scavenge" contextid="136" durationms="0.655" usertimems="0.000" systemtimems="0.000" timestamp="2019-06-15T03:40:02.014" activeThreads="4">
  <mem-info id="141" free="6269688" total="8388608" percent="74">
    <mem type="nursery" free="1493488" total="2097152" percent="71">
      <mem type="allocate" free="1493488" total="1638400" percent="91" />
      <mem type="survivor" free="0" total="458752" percent="0" />
    </mem>
    <mem type="tenure" free="4776200" total="6291456" percent="75">
      <mem type="soa" free="4461832" total="5977088" percent="74" />
      <mem type="loa" free="314368" total="314368" percent="100" />
    </mem>
    <pending-finalizers system="0" default="0" reference="5" classloader="0" />
    <remembered-set count="769" />
  </mem-info>
</gc-end>
<cycle-end id="142" type="scavenge" contextid="136" timestamp="2019-06-15T03:40:02.015" />
  <attribute name="elasticGC enabled" value="1" />
  <attribute name= "numThreadsSpecified" value="4" />
  <attribute name="heapSize specified" value="0" />
  <attribute name="Current GC Util" value="2" />
  <attribute name= "Current Time Running" value="529" />
  <attribute name ="GC Interval" value="200" />
  <attribute name="ProportionalT" value="-9.000000" />
  <attribute name="ProportionalI" value="-9.000000" />
  <attribute name="ProportionalH" value="-9.000000" />
  <attribute name="Current Error" value="-18.000000" />
  <attribute name="IntegralT" value="-576.000000" />
  <attribute name="IntegralI" value="-576.000000" />
  <attribute name="IntegralH" value="-576.000000" />
  <attribute name="DerivativeT" value="-0.843750" />
  <attribute name="DerivativeI" value="-0.843750" />
  <attribute name="DerivativeH" value="-0.843750" />
  <attribute name="Loop Time for DT" value="32.000000" />
  <attribute name="Output H" value="2092630016"/>
  <attribute name="Output I" value="200"/>
  <attribute name="Output T" value="4"/>
  <attribute name="Target GC Util Change" value ="20.000000" />
  <attribute name="Current GC Util Change" value="2.000000"/>
  <attribute name="GC Util currently" value="2" />
  <attribute name="CPU Util currently" value="3" />
<allocation-satisfied id="143" threadId="0000000002119700" bytesRequested="3080" />
<af-end id="144" timestamp="2019-06-15T03:40:02.015" threadId="000000000211A088" success="true" from="nursery"/>
<exclusive-end id="145" timestamp="2019-06-15T03:40:02.015" durationms="1.103" />

<exclusive-start id="146" timestamp="2019-06-15T03:40:02.072" intervalms="58.334">
  <response-info timems="0.069" idlems="0.069" threads="0" lastid="0000000002119700" lastname="main" />
</exclusive-start>
<af-start id="147" threadId="000000000211A088" totalBytesRequested="160" timestamp="2019-06-15T03:40:02.072" intervalms="58.422" type="nursery" />
<cycle-start id="148" type="scavenge" contextid="0" timestamp="2019-06-15T03:40:02.072" intervalms="58.465" />
<gc-start id="149" type="scavenge" contextid="148" timestamp="2019-06-15T03:40:02.072">
  <mem-info id="150" free="4754648" total="8388608" percent="56">
    <mem type="nursery" free="0" total="2097152" percent="0">
      <mem type="allocate" free="0" total="1638400" percent="0" />
      <mem type="survivor" free="0" total="458752" percent="0" />
    </mem>
    <mem type="tenure" free="4754648" total="6291456" percent="75">
      <mem type="soa" free="4440280" total="5977088" percent="74" />
      <mem type="loa" free="314368" total="314368" percent="100" />
    </mem>
    <remembered-set count="1119" />
  </mem-info>
</gc-start>
<allocation-stats totalBytes="1511800" >
  <allocated-bytes non-tlh="24632" tlh="1487168" />
  <largest-consumer threadName="main" threadId="0000000002119700" bytes="1511800" />
</allocation-stats>
<gc-op id="151" type="scavenge" timems="0.687" contextid="148" timestamp="2019-06-15T03:40:02.073">
  <scavenger-info tenureage="3" tenuremask="ffe8" tiltratio="78" />
  <memory-copied type="nursery" objects="3034" bytes="278216" bytesdiscarded="9328" />
  <memory-copied type="tenure" objects="607" bytes="20624" bytesdiscarded="0" />
  <finalization candidates="2" enqueued="0" />
  <references type="soft" candidates="43" cleared="0" enqueued="0" dynamicThreshold="32" maxThreshold="32" />
  <references type="weak" candidates="10" cleared="9" enqueued="9" />
  <references type="phantom" candidates="2" cleared="0" enqueued="0" />
</gc-op>
<gc-end id="152" type="scavenge" contextid="148" durationms="1.072" usertimems="0.000" systemtimems="0.000" timestamp="2019-06-15T03:40:02.073" activeThreads="4">
  <mem-info id="153" free="6105288" total="8388608" percent="72">
    <mem type="nursery" free="1350640" total="2097152" percent="64">
      <mem type="allocate" free="1350640" total="1638400" percent="82" />
      <mem type="survivor" free="0" total="458752" percent="0" />
    </mem>
    <mem type="tenure" free="4754648" total="6291456" percent="75">
      <mem type="soa" free="4440280" total="5977088" percent="74" />
      <mem type="loa" free="314368" total="314368" percent="100" />
    </mem>
    <pending-finalizers system="0" default="0" reference="9" classloader="0" />
    <remembered-set count="765" />
  </mem-info>
</gc-end>
<cycle-end id="154" type="scavenge" contextid="148" timestamp="2019-06-15T03:40:02.073" />
  <attribute name="elasticGC enabled" value="1" />
  <attribute name= "numThreadsSpecified" value="4" />
  <attribute name="heapSize specified" value="0" />
  <attribute name="Current GC Util" value="1" />
  <attribute name= "Current Time Running" value="588" />
  <attribute name ="GC Interval" value="200" />
  <attribute name="ProportionalT" value="-9.500000" />
  <attribute name="ProportionalI" value="-9.500000" />
  <attribute name="ProportionalH" value="-9.500000" />
  <attribute name="Current Error" value="-19.000000" />
  <attribute name="IntegralT" value="-1121.000000" />
  <attribute name="IntegralI" value="-1121.000000" />
  <attribute name="IntegralH" value="-1121.000000" />
  <attribute name="DerivativeT" value="-0.483051" />
  <attribute name="DerivativeI" value="-0.483051" />
  <attribute name="DerivativeH" value="-0.483051" />
  <attribute name="Loop Time for DT" value="59.000000" />
  <attribute name="Output H" value="2092630016"/>
  <attribute name="Output I" value="200"/>
  <attribute name="Output T" value="4"/>
  <attribute name="Target GC Util Change" value ="20.000000" />
  <attribute name="Current GC Util Change" value="1.000000"/>
  <attribute name="GC Util currently" value="1" />
  <attribute name="CPU Util currently" value="31" />
<allocation-satisfied id="155" threadId="0000000002119700" bytesRequested="160" />
<af-end id="156" timestamp="2019-06-15T03:40:02.074" threadId="000000000211A088" success="true" from="nursery"/>
<exclusive-end id="157" timestamp="2019-06-15T03:40:02.074" durationms="1.766" />

<exclusive-start id="158" timestamp="2019-06-15T03:40:02.128" intervalms="56.069">
  <response-info timems="0.057" idlems="0.057" threads="0" lastid="0000000002119700" lastname="main" />
</exclusive-start>
<af-start id="159" threadId="000000000211A088" totalBytesRequested="16" timestamp="2019-06-15T03:40:02.128" intervalms="56.069" type="nursery" />
<cycle-start id="160" type="scavenge" contextid="0" timestamp="2019-06-15T03:40:02.128" intervalms="56.111" />
<gc-start id="161" type="scavenge" contextid="160" timestamp="2019-06-15T03:40:02.128">
  <mem-info id="162" free="4751472" total="8388608" percent="56">
    <mem type="nursery" free="0" total="2097152" percent="0">
      <mem type="allocate" free="0" total="1638400" percent="0" />
      <mem type="survivor" free="0" total="458752" percent="0" />
    </mem>
    <mem type="tenure" free="4751472" total="6291456" percent="75">
      <mem type="soa" free="4437104" total="5977088" percent="74" />
      <mem type="loa" free="314368" total="314368" percent="100" />
    </mem>
    <remembered-set count="823" />
  </mem-info>
</gc-start>
<allocation-stats totalBytes="1350296" >
  <allocated-bytes non-tlh="3336" tlh="1346960" />
  <largest-consumer threadName="main" threadId="0000000002119700" bytes="1350296" />
</allocation-stats>
<gc-op id="163" type="scavenge" timems="0.879" contextid="160" timestamp="2019-06-15T03:40:02.130">
  <scavenger-info tenureage="5" tenuremask="ffe0" tiltratio="78" />
  <memory-copied type="nursery" objects="5823" bytes="419504" bytesdiscarded="38936" />
  <memory-copied type="tenure" objects="885" bytes="35856" bytesdiscarded="16" />
  <copy-failed type="nursery" objects="885" bytes="35856" />
  <finalization candidates="1" enqueued="0" />
  <references type="soft" candidates="50" cleared="0" enqueued="0" dynamicThreshold="32" maxThreshold="32" />
  <references type="weak" candidates="2" cleared="1" enqueued="1" />
  <references type="phantom" candidates="2" cleared="0" enqueued="0" />
</gc-op>
<gc-end id="164" type="scavenge" contextid="160" durationms="1.269" usertimems="4.000" systemtimems="0.000" timestamp="2019-06-15T03:40:02.130" activeThreads="4">
  <mem-info id="165" free="5629808" total="8388608" percent="67">
    <mem type="nursery" free="917504" total="2097152" percent="43">
      <mem type="allocate" free="917504" total="1376256" percent="66" />
      <mem type="survivor" free="0" total="720896" percent="0" />
    </mem>
    <mem type="tenure" free="4712304" total="6291456" percent="74">
      <mem type="soa" free="4397936" total="5977088" percent="73" />
      <mem type="loa" free="314368" total="314368" percent="100" />
    </mem>
    <pending-finalizers system="0" default="0" reference="1" classloader="0" />
    <remembered-set count="788" />
  </mem-info>
</gc-end>
<cycle-end id="166" type="scavenge" contextid="160" timestamp="2019-06-15T03:40:02.130" />
  <attribute name="elasticGC enabled" value="1" />
  <attribute name= "numThreadsSpecified" value="4" />
  <attribute name="heapSize specified" value="0" />
  <attribute name="Current GC Util" value="1" />
  <attribute name= "Current Time Running" value="644" />
  <attribute name ="GC Interval" value="200" />
  <attribute name="ProportionalT" value="-9.500000" />
  <attribute name="ProportionalI" value="-9.500000" />
  <attribute name="ProportionalH" value="-9.500000" />
  <attribute name="Current Error" value="-19.000000" />
  <attribute name="IntegralT" value="-1064.000000" />
  <attribute name="IntegralI" value="-1064.000000" />
  <attribute name="IntegralH" value="-1064.000000" />
  <attribute name="DerivativeT" value="-0.508929" />
  <attribute name="DerivativeI" value="-0.508929" />
  <attribute name="DerivativeH" value="-0.508929" />
  <attribute name="Loop Time for DT" value="56.000000" />
  <attribute name="Output H" value="2092630016"/>
  <attribute name="Output I" value="200"/>
  <attribute name="Output T" value="4"/>
  <attribute name="Target GC Util Change" value ="20.000000" />
  <attribute name="Current GC Util Change" value="1.000000"/>
  <attribute name="GC Util currently" value="1" />
  <attribute name="CPU Util currently" value="36" />
<allocation-satisfied id="167" threadId="0000000002119700" bytesRequested="16" />
<af-end id="168" timestamp="2019-06-15T03:40:02.130" threadId="000000000211A088" success="true" from="nursery"/>
<exclusive-end id="169" timestamp="2019-06-15T03:40:02.130" durationms="2.024" />

<exclusive-start id="170" timestamp="2019-06-15T03:40:02.159" intervalms="31.088">
  <response-info timems="0.037" idlems="0.037" threads="0" lastid="0000000002119700" lastname="main" />
</exclusive-start>
<sys-start reason="explicit" id="171" timestamp="2019-06-15T03:40:02.159" intervalms="787.343" />
<cycle-start id="172" type="global" contextid="0" timestamp="2019-06-15T03:40:02.159" intervalms="787.531" />
<gc-start id="173" type="global" contextid="172" timestamp="2019-06-15T03:40:02.159">
  <mem-info id="174" free="4737016" total="8388608" percent="56">
    <mem type="nursery" free="28656" total="2097152" percent="1">
      <mem type="allocate" free="28656" total="1376256" percent="2" />
      <mem type="survivor" free="0" total="720896" percent="0" />
    </mem>
    <mem type="tenure" free="4708360" total="6291456" percent="74">
      <mem type="soa" free="4393992" total="5977088" percent="73" />
      <mem type="loa" free="314368" total="314368" percent="100" />
    </mem>
    <remembered-set count="883" />
  </mem-info>
</gc-start>
<allocation-stats totalBytes="891504" >
  <allocated-bytes non-tlh="3960" tlh="887544" />
  <largest-consumer threadName="main" threadId="0000000002119700" bytes="883264" />
</allocation-stats>
<gc-op id="175" type="mark" timems="1.771" contextid="172" timestamp="2019-06-15T03:40:02.161">
  <trace-info objectcount="29371" scancount="23760" scanbytes="867944" />
  <finalization candidates="15" enqueued="0" />
  <references type="soft" candidates="133" cleared="0" enqueued="0" dynamicThreshold="32" maxThreshold="32" />
  <references type="weak" candidates="162" cleared="29" enqueued="21" />
  <references type="phantom" candidates="58" cleared="2" enqueued="2" />
  <stringconstants candidates="3535" cleared="22"  />
</gc-op>
<gc-op id="176" type="classunload" timems="0.082" contextid="172" timestamp="2019-06-15T03:40:02.162">
  <classunload-info classloadercandidates="19" classloadersunloaded="0" classesunloaded="0" anonymousclassesunloaded="0" quiescems="0.000" setupms="0.081" scanms="0.000" postms="0.001" />
</gc-op>
<gc-op id="177" type="sweep" timems="0.667" contextid="172" timestamp="2019-06-15T03:40:02.162" />
<mem-info id="178" free="5626128" total="8388608" percent="67">
  <mem type="nursery" free="846992" total="2097152" percent="40">
    <mem type="allocate" free="846992" total="1376256" percent="61" />
    <mem type="survivor" free="0" total="720896" percent="0" />
  </mem>
  <mem type="tenure" free="4779136" total="6291456" percent="75" micro-fragmented="21786" macro-fragmented="0">
    <mem type="soa" free="4464768" total="5977088" percent="74" />
    <mem type="loa" free="314368" total="314368" percent="100" />
  </mem>
  <pending-finalizers system="0" default="0" reference="23" classloader="0" />
  <remembered-set count="805" />
</mem-info>
<gc-op id="179" type="compact" timems="4.696" contextid="172" timestamp="2019-06-15T03:40:02.167">
  <compact-info movecount="24943" movebytes="1767400" reason="compact to aid heap contraction" />
</gc-op>
<gc-end id="180" type="global" contextid="172" durationms="8.457" usertimems="12.000" systemtimems="0.000" timestamp="2019-06-15T03:40:02.168" activeThreads="4">
  <mem-info id="181" free="5716304" total="8388608" percent="68">
    <mem type="nursery" free="925144" total="2097152" percent="44">
      <mem type="allocate" free="925144" total="1376256" percent="67" />
      <mem type="survivor" free="0" total="720896" percent="0" />
    </mem>
    <mem type="tenure" free="4791160" total="6291456" percent="76">
      <mem type="soa" free="4476792" total="5977088" percent="74" />
      <mem type="loa" free="314368" total="314368" percent="100" />
    </mem>
    <pending-finalizers system="0" default="0" reference="23" classloader="0" />
    <remembered-set count="805" />
  </mem-info>
</gc-end>
<cycle-end id="182" type="global" contextid="172" timestamp="2019-06-15T03:40:02.168" />
  <attribute name="elasticGC enabled" value="1" />
  <attribute name= "numThreadsSpecified" value="4" />
  <attribute name="heapSize specified" value="8388608" />
  <attribute name="Current GC Util" value="62" />
  <attribute name= "Current Time Running" value="683" />
  <attribute name ="GC Interval" value="200" />
  <attribute name="ProportionalT" value="21.000000" />
  <attribute name="ProportionalI" value="21.000000" />
  <attribute name="ProportionalH" value="21.000000" />
  <attribute name="Current Error" value="42.000000" />
  <attribute name="IntegralT" value="210.000000" />
  <attribute name="IntegralI" value="210.000000" />
  <attribute name="IntegralH" value="210.000000" />
  <attribute name="DerivativeT" value="12.600000" />
  <attribute name="DerivativeI" value="12.600000" />
  <attribute name="DerivativeH" value="12.600000" />
  <attribute name="Loop Time for DT" value="5.000000" />
  <attribute name="Output H" value="8388608"/>
  <attribute name="Output I" value="248"/>
  <attribute name="Output T" value="4"/>
  <attribute name="Target GC Util Change" value ="20.000000" />
  <attribute name="Current GC Util Change" value="62.000000"/>
  <attribute name="GC Util currently" value="62" />
  <attribute name="CPU Util currently" value="960292375548" />
<sys-end id="183" timestamp="2019-06-15T03:40:02.168" />
<exclusive-end id="184" timestamp="2019-06-15T03:40:02.168" durationms="9.207" />

<exclusive-start id="185" timestamp="2019-06-15T03:40:02.196" intervalms="37.036">
  <response-info timems="0.065" idlems="0.065" threads="0" lastid="000000000244E500" lastname="Thread-4" />
</exclusive-start>
<af-start id="186" threadId="000000000244EE88" totalBytesRequested="12848" timestamp="2019-06-15T03:40:02.196" intervalms="68.045" type="nursery" />
<cycle-start id="187" type="scavenge" contextid="0" timestamp="2019-06-15T03:40:02.196" intervalms="68.069" />
<gc-start id="188" type="scavenge" contextid="187" timestamp="2019-06-15T03:40:02.196">
  <mem-info id="189" free="4783264" total="8388608" percent="57">
    <mem type="nursery" free="0" total="2097152" percent="0">
      <mem type="allocate" free="0" total="1376256" percent="0" />
      <mem type="survivor" free="0" total="720896" percent="0" />
    </mem>
    <mem type="tenure" free="4783264" total="6291456" percent="76">
      <mem type="soa" free="4468896" total="5977088" percent="74" />
      <mem type="loa" free="314368" total="314368" percent="100" />
    </mem>
    <remembered-set count="922" />
  </mem-info>
</gc-start>
<allocation-stats totalBytes="929552" >
  <allocated-bytes non-tlh="123056" tlh="806496" />
  <largest-consumer threadName="Thread-5" threadId="0000000002452100" bytes="518712" />
</allocation-stats>
<gc-op id="190" type="scavenge" timems="0.785" contextid="187" timestamp="2019-06-15T03:40:02.197">
  <scavenger-info tenureage="3" tenuremask="fff8" tiltratio="65" />
  <memory-copied type="nursery" objects="7321" bytes="460216" bytesdiscarded="95680" />
  <memory-copied type="tenure" objects="319" bytes="75688" bytesdiscarded="0" />
  <finalization candidates="2" enqueued="0" />
  <references type="soft" candidates="62" cleared="0" enqueued="0" dynamicThreshold="24" maxThreshold="32" />
  <references type="weak" candidates="17" cleared="5" enqueued="5" />
  <references type="phantom" candidates="10" cleared="0" enqueued="0" />
</gc-op>
<gc-end id="191" type="scavenge" contextid="187" durationms="1.031" usertimems="0.000" systemtimems="0.000" timestamp="2019-06-15T03:40:02.197" activeThreads="4">
  <mem-info id="192" free="5498232" total="8388608" percent="65">
    <mem type="nursery" free="951008" total="2097152" percent="45">
      <mem type="allocate" free="951008" total="1507328" percent="63" />
      <mem type="survivor" free="0" total="589824" percent="0" />
    </mem>
    <mem type="tenure" free="4547224" total="6291456" percent="72">
      <mem type="soa" free="4232856" total="5977088" percent="70" />
      <mem type="loa" free="314368" total="314368" percent="100" />
    </mem>
    <pending-finalizers system="0" default="0" reference="5" classloader="0" />
    <remembered-set count="567" />
  </mem-info>
</gc-end>
<cycle-end id="193" type="scavenge" contextid="187" timestamp="2019-06-15T03:40:02.198" />
  <attribute name="elasticGC enabled" value="1" />
  <attribute name= "numThreadsSpecified" value="4" />
  <attribute name="heapSize specified" value="8388608" />
  <attribute name="Current GC Util" value="21" />
  <attribute name= "Current Time Running" value="712" />
  <attribute name ="GC Interval" value="200" />
  <attribute name="ProportionalT" value="0.500000" />
  <attribute name="ProportionalI" value="0.500000" />
  <attribute name="ProportionalH" value="0.500000" />
  <attribute name="Current Error" value="1.000000" />
  <attribute name="IntegralT" value="29.000000" />
  <attribute name="IntegralI" value="29.000000" />
  <attribute name="IntegralH" value="29.000000" />
  <attribute name="DerivativeT" value="-2.120690" />
  <attribute name="DerivativeI" value="-2.120690" />
  <attribute name="DerivativeH" value="-2.120690" />
  <attribute name="Loop Time for DT" value="29.000000" />
  <attribute name="Output H" value="8388608"/>
  <attribute name="Output I" value="200"/>
  <attribute name="Output T" value="4"/>
  <attribute name="Target GC Util Change" value ="20.000000" />
  <attribute name="Current GC Util Change" value="21.000000"/>
  <attribute name="GC Util currently" value="21" />
  <attribute name="CPU Util currently" value="26" />
<allocation-satisfied id="194" threadId="000000000244E500" bytesRequested="12848" />
<af-end id="195" timestamp="2019-06-15T03:40:02.198" threadId="000000000244EE88" success="true" from="nursery"/>
<exclusive-end id="196" timestamp="2019-06-15T03:40:02.198" durationms="1.635" />

<exclusive-start id="197" timestamp="2019-06-15T03:40:02.205" intervalms="9.277">
  <response-info timems="0.049" idlems="0.049" threads="0" lastid="0000000002452100" lastname="Thread-5" />
</exclusive-start>
<af-start id="198" threadId="0000000002452A88" totalBytesRequested="16392" timestamp="2019-06-15T03:40:02.205" intervalms="9.286" type="nursery" />
<cycle-start id="199" type="scavenge" contextid="0" timestamp="2019-06-15T03:40:02.206" intervalms="9.203" />
<gc-start id="200" type="scavenge" contextid="199" timestamp="2019-06-15T03:40:02.206">
  <mem-info id="201" free="4544384" total="8388608" percent="54">
    <mem type="nursery" free="0" total="2097152" percent="0">
      <mem type="allocate" free="0" total="1507328" percent="0" />
      <mem type="survivor" free="0" total="589824" percent="0" />
    </mem>
    <mem type="tenure" free="4544384" total="6291456" percent="72">
      <mem type="soa" free="4230016" total="5977088" percent="70" />
      <mem type="loa" free="314368" total="314368" percent="100" />
    </mem>
    <remembered-set count="602" />
  </mem-info>
</gc-start>
<allocation-stats totalBytes="916256" >
  <allocated-bytes non-tlh="232960" tlh="683296" />
  <largest-consumer threadName="Thread-4" threadId="000000000244E500" bytes="533816" />
</allocation-stats>
<gc-op id="202" type="scavenge" timems="0.876" contextid="199" timestamp="2019-06-15T03:40:02.207">
  <scavenger-info tenureage="6" tenuremask="ffc0" tiltratio="71" />
  <memory-copied type="nursery" objects="2562" bytes="588704" bytesdiscarded="768" />
  <memory-copied type="tenure" objects="4938" bytes="236928" bytesdiscarded="344" />
  <copy-failed type="nursery" objects="4938" bytes="237040" />
  <finalization candidates="2" enqueued="0" />
  <references type="soft" candidates="12" cleared="0" enqueued="0" dynamicThreshold="24" maxThreshold="32" />
  <references type="weak" candidates="13" cleared="0" enqueued="0" />
  <references type="phantom" candidates="10" cleared="0" enqueued="0" />
</gc-op>
<heap-resize id="203" type="expand" space="nursery" amount="131072" count="1" timems="0.055" reason="excessive time being spent scavenging" timestamp="2019-06-15T03:40:02.207" />
<gc-end id="204" type="scavenge" contextid="199" durationms="1.140" usertimems="0.000" systemtimems="0.000" timestamp="2019-06-15T03:40:02.207" activeThreads="4">
  <mem-info id="205" free="4833664" total="8519680" percent="56">
    <mem type="nursery" free="524288" total="2228224" percent="23">
      <mem type="allocate" free="524288" total="1114112" percent="47" />
      <mem type="survivor" free="0" total="1114112" percent="0" />
    </mem>
    <mem type="tenure" free="4309376" total="6291456" percent="68">
      <mem type="soa" free="3995008" total="5977088" percent="66" />
      <mem type="loa" free="314368" total="314368" percent="100" />
    </mem>
    <remembered-set count="1939" />
  </mem-info>
</gc-end>
<cycle-end id="206" type="scavenge" contextid="199" timestamp="2019-06-15T03:40:02.207" />
  <attribute name="elasticGC enabled" value="1" />
  <attribute name= "numThreadsSpecified" value="4" />
  <attribute name="heapSize specified" value="8388608" />
  <attribute name="Current GC Util" value="16" />
  <attribute name= "Current Time Running" value="721" />
  <attribute name ="GC Interval" value="200" />
  <attribute name="ProportionalT" value="-2.000000" />
  <attribute name="ProportionalI" value="-2.000000" />
  <attribute name="ProportionalH" value="-2.000000" />
  <attribute name="Current Error" value="-4.000000" />
  <attribute name="IntegralT" value="-36.000000" />
  <attribute name="IntegralI" value="-36.000000" />
  <attribute name="IntegralH" value="-36.000000" />
  <attribute name="DerivativeT" value="-0.833333" />
  <attribute name="DerivativeI" value="-0.833333" />
  <attribute name="DerivativeH" value="-0.833333" />
  <attribute name="Loop Time for DT" value="9.000000" />
  <attribute name="Output H" value="2092630016"/>
  <attribute name="Output I" value="200"/>
  <attribute name="Output T" value="4"/>
  <attribute name="Target GC Util Change" value ="20.000000" />
  <attribute name="Current GC Util Change" value="16.000000"/>
  <attribute name="GC Util currently" value="16" />
  <attribute name="CPU Util currently" value="505484864225" />
<allocation-satisfied id="207" threadId="0000000002452100" bytesRequested="16392" />
<af-end id="208" timestamp="2019-06-15T03:40:02.207" threadId="0000000002452A88" success="true" from="nursery"/>
<exclusive-end id="209" timestamp="2019-06-15T03:40:02.207" durationms="1.609" />

<exclusive-start id="210" timestamp="2019-06-15T03:40:02.224" intervalms="18.177">
  <response-info timems="0.077" idlems="0.077" threads="0" lastid="0000000002455D00" lastname="Thread-6" />
</exclusive-start>
<af-start id="211" threadId="0000000002456688" totalBytesRequested="520" timestamp="2019-06-15T03:40:02.224" intervalms="18.243" type="nursery" />
<cycle-start id="212" type="scavenge" contextid="0" timestamp="2019-06-15T03:40:02.224" intervalms="18.299" />
<gc-start id="213" type="scavenge" contextid="212" timestamp="2019-06-15T03:40:02.224">
  <mem-info id="214" free="4304712" total="8519680" percent="50">
    <mem type="nursery" free="0" total="2228224" percent="0">
      <mem type="allocate" free="0" total="1114112" percent="0" />
      <mem type="survivor" free="0" total="1114112" percent="0" />
    </mem>
    <mem type="tenure" free="4304712" total="6291456" percent="68">
      <mem type="soa" free="3990344" total="5977088" percent="66" />
      <mem type="loa" free="314368" total="314368" percent="100" />
    </mem>
    <remembered-set count="2001" />
  </mem-info>
</gc-start>
<allocation-stats totalBytes="507560" >
  <allocated-bytes non-tlh="70224" tlh="437336" />
  <largest-consumer threadName="Thread-5" threadId="0000000002452100" bytes="222168" />
</allocation-stats>
<gc-op id="215" type="scavenge" timems="4.954" contextid="212" timestamp="2019-06-15T03:40:02.229">
  <scavenger-info tenureage="3" tenuremask="fff8" tiltratio="50" />
  <memory-copied type="nursery" objects="1341" bytes="600824" bytesdiscarded="45816" />
  <memory-copied type="tenure" objects="1404" bytes="134952" bytesdiscarded="40" />
  <finalization candidates="2" enqueued="0" />
  <references type="soft" candidates="7" cleared="0" enqueued="0" dynamicThreshold="24" maxThreshold="32" />
  <references type="weak" candidates="13" cleared="1" enqueued="1" />
  <references type="phantom" candidates="13" cleared="0" enqueued="0" />
</gc-op>
<heap-resize id="216" type="expand" space="nursery" amount="262144" count="1" timems="0.102" reason="excessive time being spent scavenging" timestamp="2019-06-15T03:40:02.230" />
<gc-end id="217" type="scavenge" contextid="212" durationms="5.700" usertimems="4.000" systemtimems="0.000" timestamp="2019-06-15T03:40:02.230" activeThreads="4">
  <mem-info id="218" free="4802432" total="8781824" percent="54">
    <mem type="nursery" free="598328" total="2490368" percent="24">
      <mem type="allocate" free="598328" total="1245184" percent="48" />
      <mem type="survivor" free="0" total="1245184" percent="0" />
    </mem>
    <mem type="tenure" free="4204104" total="6291456" percent="66">
      <mem type="soa" free="3889736" total="5977088" percent="65" />
      <mem type="loa" free="314368" total="314368" percent="100" />
    </mem>
    <pending-finalizers system="0" default="0" reference="1" classloader="0" />
    <remembered-set count="1374" />
  </mem-info>
</gc-end>
<cycle-end id="219" type="scavenge" contextid="212" timestamp="2019-06-15T03:40:02.230" />
  <attribute name="elasticGC enabled" value="1" />
  <attribute name= "numThreadsSpecified" value="4" />
  <attribute name="heapSize specified" value="8388608" />
  <attribute name="Current GC Util" value="7" />
  <attribute name= "Current Time Running" value="740" />
  <attribute name ="GC Interval" value="200" />
  <attribute name="ProportionalT" value="-6.500000" />
  <attribute name="ProportionalI" value="-6.500000" />
  <attribute name="ProportionalH" value="-6.500000" />
  <attribute name="Current Error" value="-13.000000" />
  <attribute name="IntegralT" value="-247.000000" />
  <attribute name="IntegralI" value="-247.000000" />
  <attribute name="IntegralH" value="-247.000000" />
  <attribute name="DerivativeT" value="-1.026316" />
  <attribute name="DerivativeI" value="-1.026316" />
  <attribute name="DerivativeH" value="-1.026316" />
  <attribute name="Loop Time for DT" value="19.000000" />
  <attribute name="Output H" value="2092630016"/>
  <attribute name="Output I" value="200"/>
  <attribute name="Output T" value="4"/>
  <attribute name="Target GC Util Change" value ="20.000000" />
  <attribute name="Current GC Util Change" value="7.000000"/>
  <attribute name="GC Util currently" value="7" />
  <attribute name="CPU Util currently" value="249037574245" />
<allocation-satisfied id="220" threadId="0000000002455D00" bytesRequested="520" />
<af-end id="221" timestamp="2019-06-15T03:40:02.230" threadId="0000000002456688" success="true" from="nursery"/>
<exclusive-end id="222" timestamp="2019-06-15T03:40:02.230" durationms="6.521" />

<exclusive-start id="223" timestamp="2019-06-15T03:40:02.257" intervalms="33.212">
  <response-info timems="0.074" idlems="0.039" threads="1" lastid="0000000002455D00" lastname="Thread-6" />
</exclusive-start>
<af-start id="224" threadId="000000000244B288" totalBytesRequested="16392" timestamp="2019-06-15T03:40:02.257" intervalms="33.245" type="nursery" />
<cycle-start id="225" type="scavenge" contextid="0" timestamp="2019-06-15T03:40:02.257" intervalms="33.312" />
<gc-start id="226" type="scavenge" contextid="225" timestamp="2019-06-15T03:40:02.257">
  <mem-info id="227" free="4188472" total="8781824" percent="47">
    <mem type="nursery" free="0" total="2490368" percent="0">
      <mem type="allocate" free="0" total="1245184" percent="0" />
      <mem type="survivor" free="0" total="1245184" percent="0" />
    </mem>
    <mem type="tenure" free="4188472" total="6291456" percent="66">
      <mem type="soa" free="3874104" total="5977088" percent="64" />
      <mem type="loa" free="314368" total="314368" percent="100" />
    </mem>
    <remembered-set count="1672" />
  </mem-info>
</gc-start>
<allocation-stats totalBytes="612504" >
  <allocated-bytes non-tlh="16152" tlh="596352" />
  <largest-consumer threadName="Thread-4" threadId="000000000244E500" bytes="279080" />
</allocation-stats>
<gc-op id="228" type="scavenge" timems="5.314" contextid="225" timestamp="2019-06-15T03:40:02.263">
  <scavenger-info tenureage="2" tenuremask="fffc" tiltratio="50" />
  <memory-copied type="nursery" objects="1513" bytes="353408" bytesdiscarded="13912" />
  <memory-copied type="tenure" objects="1149" bytes="453312" bytesdiscarded="1264" />
  <finalization candidates="10" enqueued="0" />
  <references type="soft" candidates="18" cleared="0" enqueued="0" dynamicThreshold="24" maxThreshold="32" />
  <references type="weak" candidates="99" cleared="23" enqueued="13" />
  <references type="phantom" candidates="5" cleared="0" enqueued="0" />
</gc-op>
<heap-resize id="229" type="expand" space="nursery" amount="262144" count="1" timems="0.013" reason="excessive time being spent scavenging" timestamp="2019-06-15T03:40:02.263" />
<gc-end id="230" type="scavenge" contextid="225" durationms="6.074" usertimems="8.000" systemtimems="0.000" timestamp="2019-06-15T03:40:02.263" activeThreads="4">
  <mem-info id="231" free="4933992" total="9043968" percent="54">
    <mem type="nursery" free="1139928" total="2752512" percent="41">
      <mem type="allocate" free="1139928" total="1507328" percent="75" />
      <mem type="survivor" free="0" total="1245184" percent="0" />
    </mem>
    <mem type="tenure" free="3794064" total="6291456" percent="60">
      <mem type="soa" free="3479696" total="5977088" percent="58" />
      <mem type="loa" free="314368" total="314368" percent="100" />
    </mem>
    <pending-finalizers system="0" default="0" reference="13" classloader="0" />
    <remembered-set count="447" />
  </mem-info>
</gc-end>
<cycle-end id="232" type="scavenge" contextid="225" timestamp="2019-06-15T03:40:02.264" />
  <attribute name="elasticGC enabled" value="1" />
  <attribute name= "numThreadsSpecified" value="4" />
  <attribute name="heapSize specified" value="8388608" />
  <attribute name="Current GC Util" value="15" />
  <attribute name= "Current Time Running" value="773" />
  <attribute name ="GC Interval" value="200" />
  <attribute name="ProportionalT" value="-2.500000" />
  <attribute name="ProportionalI" value="-2.500000" />
  <attribute name="ProportionalH" value="-2.500000" />
  <attribute name="Current Error" value="-5.000000" />
  <attribute name="IntegralT" value="-165.000000" />
  <attribute name="IntegralI" value="-165.000000" />
  <attribute name="IntegralH" value="-165.000000" />
  <attribute name="DerivativeT" value="-0.227273" />
  <attribute name="DerivativeI" value="-0.227273" />
  <attribute name="DerivativeH" value="-0.227273" />
  <attribute name="Loop Time for DT" value="33.000000" />
  <attribute name="Output H" value="2092630016"/>
  <attribute name="Output I" value="200"/>
  <attribute name="Output T" value="4"/>
  <attribute name="Target GC Util Change" value ="20.000000" />
  <attribute name="Current GC Util Change" value="15.000000"/>
  <attribute name="GC Util currently" value="15" />
  <attribute name="CPU Util currently" value="17" />
<allocation-satisfied id="233" threadId="000000000244A900" bytesRequested="16392" />
<af-end id="234" timestamp="2019-06-15T03:40:02.264" threadId="000000000244B288" success="true" from="nursery"/>
<exclusive-end id="235" timestamp="2019-06-15T03:40:02.264" durationms="7.174" />

<exclusive-start id="236" timestamp="2019-06-15T03:40:02.303" intervalms="45.837">
  <response-info timems="0.032" idlems="0.032" threads="0" lastid="0000000002455D00" lastname="Thread-6" />
</exclusive-start>
<af-start id="237" threadId="0000000002456688" totalBytesRequested="64" timestamp="2019-06-15T03:40:02.303" intervalms="45.768" type="nursery" />
<cycle-start id="238" type="scavenge" contextid="0" timestamp="2019-06-15T03:40:02.303" intervalms="45.658" />
<gc-start id="239" type="scavenge" contextid="238" timestamp="2019-06-15T03:40:02.303">
  <mem-info id="240" free="3791048" total="9043968" percent="41">
    <mem type="nursery" free="0" total="2752512" percent="0">
      <mem type="allocate" free="0" total="1507328" percent="0" />
      <mem type="survivor" free="0" total="1245184" percent="0" />
    </mem>
    <mem type="tenure" free="3791048" total="6291456" percent="60">
      <mem type="soa" free="3476680" total="5977088" percent="58" />
      <mem type="loa" free="314368" total="314368" percent="100" />
    </mem>
    <remembered-set count="511" />
  </mem-info>
</gc-start>
<allocation-stats totalBytes="1127752" >
  <allocated-bytes non-tlh="35800" tlh="1091952" />
  <largest-consumer threadName="Thread-5" threadId="0000000002452100" bytes="397792" />
</allocation-stats>
<gc-op id="241" type="scavenge" timems="0.784" contextid="238" timestamp="2019-06-15T03:40:02.304">
  <scavenger-info tenureage="2" tenuremask="fff4" tiltratio="54" />
  <memory-copied type="nursery" objects="6089" bytes="352208" bytesdiscarded="55552" />
  <memory-copied type="tenure" objects="178" bytes="146848" bytesdiscarded="352" />
  <finalization candidates="9" enqueued="0" />
  <references type="soft" candidates="21" cleared="0" enqueued="0" dynamicThreshold="24" maxThreshold="32" />
  <references type="weak" candidates="80" cleared="6" enqueued="6" />
  <references type="phantom" candidates="1" cleared="0" enqueued="0" />
</gc-op>
<gc-end id="242" type="scavenge" contextid="238" durationms="0.965" usertimems="0.000" systemtimems="0.000" timestamp="2019-06-15T03:40:02.304" activeThreads="4">
  <mem-info id="243" free="4922512" total="9043968" percent="54">
    <mem type="nursery" free="1361640" total="2752512" percent="49">
      <mem type="allocate" free="1361640" total="1769472" percent="76" />
      <mem type="survivor" free="0" total="983040" percent="0" />
    </mem>
    <mem type="tenure" free="3560872" total="6291456" percent="56">
      <mem type="soa" free="3246504" total="5977088" percent="54" />
      <mem type="loa" free="314368" total="314368" percent="100" />
    </mem>
    <pending-finalizers system="0" default="0" reference="6" classloader="0" />
    <remembered-set count="466" />
  </mem-info>
</gc-end>
<cycle-end id="244" type="scavenge" contextid="238" timestamp="2019-06-15T03:40:02.304" />
  <attribute name="elasticGC enabled" value="1" />
  <attribute name= "numThreadsSpecified" value="4" />
  <attribute name="heapSize specified" value="8388608" />
  <attribute name="Current GC Util" value="11" />
  <attribute name= "Current Time Running" value="818" />
  <attribute name ="GC Interval" value="200" />
  <attribute name="ProportionalT" value="-4.500000" />
  <attribute name="ProportionalI" value="-4.500000" />
  <attribute name="ProportionalH" value="-4.500000" />
  <attribute name="Current Error" value="-9.000000" />
  <attribute name="IntegralT" value="-405.000000" />
  <attribute name="IntegralI" value="-405.000000" />
  <attribute name="IntegralH" value="-405.000000" />
  <attribute name="DerivativeT" value="-0.300000" />
  <attribute name="DerivativeI" value="-0.300000" />
  <attribute name="DerivativeH" value="-0.300000" />
  <attribute name="Loop Time for DT" value="45.000000" />
  <attribute name="Output H" value="2092630016"/>
  <attribute name="Output I" value="200"/>
  <attribute name="Output T" value="4"/>
  <attribute name="Target GC Util Change" value ="20.000000" />
  <attribute name="Current GC Util Change" value="11.000000"/>
  <attribute name="GC Util currently" value="11" />
  <attribute name="CPU Util currently" value="20" />
<allocation-satisfied id="245" threadId="0000000002455D00" bytesRequested="64" />
<af-end id="246" timestamp="2019-06-15T03:40:02.304" threadId="0000000002456688" success="true" from="nursery"/>
<exclusive-end id="247" timestamp="2019-06-15T03:40:02.304" durationms="1.530" />

<exclusive-start id="248" timestamp="2019-06-15T03:40:02.373" intervalms="70.316">
  <response-info timems="0.060" idlems="0.060" threads="0" lastid="000000000244A900" lastname="Thread-3" />
</exclusive-start>
<af-start id="249" threadId="000000000244B288" totalBytesRequested="48" timestamp="2019-06-15T03:40:02.373" intervalms="70.317" type="nursery" />
<cycle-start id="250" type="scavenge" contextid="0" timestamp="2019-06-15T03:40:02.373" intervalms="70.317" />
<gc-start id="251" type="scavenge" contextid="250" timestamp="2019-06-15T03:40:02.373">
  <mem-info id="252" free="3542096" total="9043968" percent="39">
    <mem type="nursery" free="0" total="2752512" percent="0">
      <mem type="allocate" free="0" total="1769472" percent="0" />
      <mem type="survivor" free="0" total="983040" percent="0" />
    </mem>
    <mem type="tenure" free="3542096" total="6291456" percent="56">
      <mem type="soa" free="3227728" total="5977088" percent="54" />
      <mem type="loa" free="314368" total="314368" percent="100" />
    </mem>
    <remembered-set count="776" />
  </mem-info>
</gc-start>
<allocation-stats totalBytes="1377592" >
  <allocated-bytes non-tlh="18840" tlh="1358752" />
  <largest-consumer threadName="Thread-6" threadId="0000000002455D00" bytes="465592" />
</allocation-stats>
<gc-op id="253" type="scavenge" timems="5.381" contextid="250" timestamp="2019-06-15T03:40:02.379">
  <scavenger-info tenureage="4" tenuremask="7ff0" tiltratio="64" />
  <memory-copied type="nursery" objects="8384" bytes="653520" bytesdiscarded="54440" />
  <finalization candidates="9" enqueued="0" />
  <references type="soft" candidates="25" cleared="0" enqueued="0" dynamicThreshold="24" maxThreshold="32" />
  <references type="weak" candidates="108" cleared="11" enqueued="8" />
  <references type="phantom" candidates="1" cleared="0" enqueued="0" />
</gc-op>
<gc-end id="254" type="scavenge" contextid="250" durationms="5.926" usertimems="4.000" systemtimems="0.000" timestamp="2019-06-15T03:40:02.379" activeThreads="4">
  <mem-info id="255" free="4537912" total="9043968" percent="50">
    <mem type="nursery" free="995816" total="2752512" percent="36">
      <mem type="allocate" free="995816" total="1703936" percent="58" />
      <mem type="survivor" free="0" total="1048576" percent="0" />
    </mem>
    <mem type="tenure" free="3542096" total="6291456" percent="56">
      <mem type="soa" free="3227728" total="5977088" percent="54" />
      <mem type="loa" free="314368" total="314368" percent="100" />
    </mem>
    <pending-finalizers system="0" default="0" reference="8" classloader="0" />
    <remembered-set count="562" />
  </mem-info>
</gc-end>
<cycle-end id="256" type="scavenge" contextid="250" timestamp="2019-06-15T03:40:02.379" />
  <attribute name="elasticGC enabled" value="1" />
  <attribute name= "numThreadsSpecified" value="4" />
  <attribute name="heapSize specified" value="8388608" />
  <attribute name="Current GC Util" value="1" />
  <attribute name= "Current Time Running" value="889" />
  <attribute name ="GC Interval" value="200" />
  <attribute name="ProportionalT" value="-9.500000" />
  <attribute name="ProportionalI" value="-9.500000" />
  <attribute name="ProportionalH" value="-9.500000" />
  <attribute name="Current Error" value="-19.000000" />
  <attribute name="IntegralT" value="-1349.000000" />
  <attribute name="IntegralI" value="-1349.000000" />
  <attribute name="IntegralH" value="-1349.000000" />
  <attribute name="DerivativeT" value="-0.401408" />
  <attribute name="DerivativeI" value="-0.401408" />
  <attribute name="DerivativeH" value="-0.401408" />
  <attribute name="Loop Time for DT" value="71.000000" />
  <attribute name="Output H" value="2092630016"/>
  <attribute name="Output I" value="200"/>
  <attribute name="Output T" value="4"/>
  <attribute name="Target GC Util Change" value ="20.000000" />
  <attribute name="Current GC Util Change" value="1.000000"/>
  <attribute name="GC Util currently" value="1" />
  <attribute name="CPU Util currently" value="62" />
<allocation-satisfied id="257" threadId="000000000244A900" bytesRequested="48" />
<af-end id="258" timestamp="2019-06-15T03:40:02.380" threadId="000000000244B288" success="true" from="nursery"/>
<exclusive-end id="259" timestamp="2019-06-15T03:40:02.380" durationms="6.772" />

<exclusive-start id="260" timestamp="2019-06-15T03:40:02.418" intervalms="44.801">
  <response-info timems="0.070" idlems="0.036" threads="3" lastid="000000000244A900" lastname="Thread-3" />
</exclusive-start>
<af-start id="261" threadId="0000000002456688" totalBytesRequested="32776" timestamp="2019-06-15T03:40:02.418" intervalms="44.744" type="nursery" />
<cycle-start id="262" type="scavenge" contextid="0" timestamp="2019-06-15T03:40:02.418" intervalms="44.698" />
<gc-start id="263" type="scavenge" contextid="262" timestamp="2019-06-15T03:40:02.418">
  <mem-info id="264" free="3550736" total="9043968" percent="39">
    <mem type="nursery" free="8680" total="2752512" percent="0">
      <mem type="allocate" free="8680" total="1703936" percent="0" />
      <mem type="survivor" free="0" total="1048576" percent="0" />
    </mem>
    <mem type="tenure" free="3542056" total="6291456" percent="56">
      <mem type="soa" free="3227688" total="5977088" percent="54" />
      <mem type="loa" free="314368" total="314368" percent="100" />
    </mem>
    <remembered-set count="604" />
  </mem-info>
</gc-start>
<allocation-stats totalBytes="937792" >
  <allocated-bytes non-tlh="32864" tlh="904928" />
  <largest-consumer threadName="Thread-5" threadId="0000000002452100" bytes="482688" />
</allocation-stats>
<gc-op id="265" type="scavenge" timems="0.907" contextid="262" timestamp="2019-06-15T03:40:02.419">
  <scavenger-info tenureage="2" tenuremask="7ffc" tiltratio="61" />
  <memory-copied type="nursery" objects="3097" bytes="660632" bytesdiscarded="115776" />
  <memory-copied type="tenure" objects="5546" bytes="299128" bytesdiscarded="96" />
  <finalization candidates="9" enqueued="0" />
  <references type="soft" candidates="4" cleared="0" enqueued="0" dynamicThreshold="24" maxThreshold="32" />
  <references type="weak" candidates="23" cleared="0" enqueued="0" />
  <references type="phantom" candidates="1" cleared="0" enqueued="0" />
</gc-op>
<gc-end id="266" type="scavenge" contextid="262" durationms="1.089" usertimems="4.000" systemtimems="0.000" timestamp="2019-06-15T03:40:02.419" activeThreads="4">
  <mem-info id="267" free="4296896" total="9043968" percent="47">
    <mem type="nursery" free="1189536" total="2752512" percent="43">
      <mem type="allocate" free="1189536" total="1966080" percent="60" />
      <mem type="survivor" free="0" total="786432" percent="0" />
    </mem>
    <mem type="tenure" free="3107360" total="6291456" percent="49">
      <mem type="soa" free="2792992" total="5977088" percent="46" />
      <mem type="loa" free="314368" total="314368" percent="100" />
    </mem>
    <remembered-set count="430" />
  </mem-info>
</gc-end>
<cycle-end id="268" type="scavenge" contextid="262" timestamp="2019-06-15T03:40:02.419" />
  <attribute name="elasticGC enabled" value="1" />
  <attribute name= "numThreadsSpecified" value="4" />
  <attribute name="heapSize specified" value="8388608" />
  <attribute name="Current GC Util" value="12" />
  <attribute name= "Current Time Running" value="933" />
  <attribute name ="GC Interval" value="200" />
  <attribute name="ProportionalT" value="-4.000000" />
  <attribute name="ProportionalI" value="-4.000000" />
  <attribute name="ProportionalH" value="-4.000000" />
  <attribute name="Current Error" value="-8.000000" />
  <attribute name="IntegralT" value="-352.000000" />
  <attribute name="IntegralI" value="-352.000000" />
  <attribute name="IntegralH" value="-352.000000" />
  <attribute name="DerivativeT" value="-0.272727" />
  <attribute name="DerivativeI" value="-0.272727" />
  <attribute name="DerivativeH" value="-0.272727" />
  <attribute name="Loop Time for DT" value="44.000000" />
  <attribute name="Output H" value="2092630016"/>
  <attribute name="Output I" value="200"/>
  <attribute name="Output T" value="4"/>
  <attribute name="Target GC Util Change" value ="20.000000" />
  <attribute name="Current GC Util Change" value="12.000000"/>
  <attribute name="GC Util currently" value="12" />
  <attribute name="CPU Util currently" value="45" />
<allocation-satisfied id="269" threadId="0000000002455D00" bytesRequested="32776" />
<af-end id="270" timestamp="2019-06-15T03:40:02.419" threadId="0000000002456688" success="true" from="nursery"/>
<exclusive-end id="271" timestamp="2019-06-15T03:40:02.419" durationms="1.456" />

<exclusive-start id="272" timestamp="2019-06-15T03:40:02.431" intervalms="13.623">
  <response-info timems="0.224" idlems="0.196" threads="1" lastid="000000000211D300" lastname="JIT Compilation Thread-0" />
</exclusive-start>
<af-start id="273" threadId="000000000244EE88" totalBytesRequested="2056" timestamp="2019-06-15T03:40:02.431" intervalms="13.634" type="nursery" />
<cycle-start id="274" type="scavenge" contextid="0" timestamp="2019-06-15T03:40:02.431" intervalms="13.644" />
<gc-start id="275" type="scavenge" contextid="274" timestamp="2019-06-15T03:40:02.432">
  <mem-info id="276" free="3107128" total="9043968" percent="34">
    <mem type="nursery" free="0" total="2752512" percent="0">
      <mem type="allocate" free="0" total="1966080" percent="0" />
      <mem type="survivor" free="0" total="786432" percent="0" />
    </mem>
    <mem type="tenure" free="3107128" total="6291456" percent="49">
      <mem type="soa" free="2792760" total="5977088" percent="46" />
      <mem type="loa" free="314368" total="314368" percent="100" />
    </mem>
    <remembered-set count="446" />
  </mem-info>
</gc-start>
<allocation-stats totalBytes="1101032" >
  <allocated-bytes non-tlh="147728" tlh="953304" />
  <largest-consumer threadName="Thread-4" threadId="000000000244E500" bytes="373304" />
</allocation-stats>
<gc-op id="277" type="scavenge" timems="0.791" contextid="274" timestamp="2019-06-15T03:40:02.432">
  <scavenger-info tenureage="2" tenuremask="7ffc" tiltratio="71" />
  <memory-copied type="nursery" objects="1485" bytes="785888" bytesdiscarded="488" />
  <memory-copied type="tenure" objects="3372" bytes="590864" bytesdiscarded="328" />
  <copy-failed type="nursery" objects="1203" bytes="296504" />
  <references type="phantom" candidates="1" cleared="0" enqueued="0" />
</gc-op>
<gc-end id="278" type="scavenge" contextid="274" durationms="0.983" usertimems="0.000" systemtimems="0.000" timestamp="2019-06-15T03:40:02.433" activeThreads="4">
  <mem-info id="279" free="3123648" total="9043968" percent="34">
    <mem type="nursery" free="589824" total="2752512" percent="21">
      <mem type="allocate" free="589824" total="1376256" percent="42" />
      <mem type="survivor" free="0" total="1376256" percent="0" />
    </mem>
    <mem type="tenure" free="2533824" total="6291456" percent="40">
      <mem type="soa" free="2219456" total="5977088" percent="37" />
      <mem type="loa" free="314368" total="314368" percent="100" />
    </mem>
    <remembered-set count="182" />
  </mem-info>
</gc-end>
<cycle-end id="280" type="scavenge" contextid="274" timestamp="2019-06-15T03:40:02.433" />
  <attribute name="elasticGC enabled" value="1" />
  <attribute name= "numThreadsSpecified" value="4" />
  <attribute name="heapSize specified" value="8388608" />
  <attribute name="Current GC Util" value="12" />
  <attribute name= "Current Time Running" value="947" />
  <attribute name ="GC Interval" value="200" />
  <attribute name="ProportionalT" value="-4.000000" />
  <attribute name="ProportionalI" value="-4.000000" />
  <attribute name="ProportionalH" value="-4.000000" />
  <attribute name="Current Error" value="-8.000000" />
  <attribute name="IntegralT" value="-112.000000" />
  <attribute name="IntegralI" value="-112.000000" />
  <attribute name="IntegralH" value="-112.000000" />
  <attribute name="DerivativeT" value="-0.857143" />
  <attribute name="DerivativeI" value="-0.857143" />
  <attribute name="DerivativeH" value="-0.857143" />
  <attribute name="Loop Time for DT" value="14.000000" />
  <attribute name="Output H" value="2092630016"/>
  <attribute name="Output I" value="200"/>
  <attribute name="Output T" value="4"/>
  <attribute name="Target GC Util Change" value ="20.000000" />
  <attribute name="Current GC Util Change" value="12.000000"/>
  <attribute name="GC Util currently" value="12" />
  <attribute name="CPU Util currently" value="337059439870" />
<allocation-satisfied id="281" threadId="000000000244E500" bytesRequested="2056" />
<af-end id="282" timestamp="2019-06-15T03:40:02.433" threadId="000000000244EE88" success="true" from="nursery"/>
<exclusive-end id="283" timestamp="2019-06-15T03:40:02.433" durationms="1.426" />

<exclusive-start id="284" timestamp="2019-06-15T03:40:02.461" intervalms="29.751">
  <response-info timems="0.040" idlems="0.040" threads="0" lastid="000000000244E500" lastname="Thread-4" />
</exclusive-start>
<af-start id="285" threadId="000000000244EE88" totalBytesRequested="48" timestamp="2019-06-15T03:40:02.461" intervalms="29.751" type="nursery" />
<cycle-start id="286" type="scavenge" contextid="0" timestamp="2019-06-15T03:40:02.461" intervalms="29.752" />
<gc-start id="287" type="scavenge" contextid="286" timestamp="2019-06-15T03:40:02.461">
  <mem-info id="288" free="2533056" total="9043968" percent="28">
    <mem type="nursery" free="0" total="2752512" percent="0">
      <mem type="allocate" free="0" total="1376256" percent="0" />
      <mem type="survivor" free="0" total="1376256" percent="0" />
    </mem>
    <mem type="tenure" free="2533056" total="6291456" percent="40">
      <mem type="soa" free="2218688" total="5977088" percent="37" />
      <mem type="loa" free="314368" total="314368" percent="100" />
    </mem>
    <remembered-set count="315" />
  </mem-info>
</gc-start>
<allocation-stats totalBytes="590104" >
  <allocated-bytes non-tlh="2824" tlh="587280" />
  <largest-consumer threadName="Thread-6" threadId="0000000002455D00" bytes="190416" />
</allocation-stats>
<gc-op id="289" type="scavenge" timems="0.690" contextid="286" timestamp="2019-06-15T03:40:02.462">
  <scavenger-info tenureage="1" tenuremask="7ffe" tiltratio="50" />
  <memory-copied type="nursery" objects="471" bytes="48056" bytesdiscarded="60976" />
  <memory-copied type="tenure" objects="1449" bytes="784088" bytesdiscarded="1576" />
  <references type="weak" candidates="1" cleared="1" enqueued="1" />
</gc-op>
<gc-end id="290" type="scavenge" contextid="286" durationms="0.872" usertimems="0.000" systemtimems="0.000" timestamp="2019-06-15T03:40:02.462" activeThreads="4">
  <mem-info id="291" free="2920496" total="9043968" percent="32">
    <mem type="nursery" free="1267200" total="2752512" percent="46">
      <mem type="allocate" free="1267200" total="1376256" percent="92" />
      <mem type="survivor" free="0" total="1376256" percent="0" />
    </mem>
    <mem type="tenure" free="1653296" total="6291456" percent="26">
      <mem type="soa" free="1338928" total="5977088" percent="22" />
      <mem type="loa" free="314368" total="314368" percent="100" />
    </mem>
    <pending-finalizers system="0" default="0" reference="1" classloader="0" />
    <remembered-set count="235" />
  </mem-info>
</gc-end>
<cycle-end id="292" type="scavenge" contextid="286" timestamp="2019-06-15T03:40:02.462" />
  <attribute name="elasticGC enabled" value="1" />
  <attribute name= "numThreadsSpecified" value="4" />
  <attribute name="heapSize specified" value="8388608" />
  <attribute name="Current GC Util" value="5" />
  <attribute name= "Current Time Running" value="977" />
  <attribute name ="GC Interval" value="200" />
  <attribute name="ProportionalT" value="-7.500000" />
  <attribute name="ProportionalI" value="-7.500000" />
  <attribute name="ProportionalH" value="-7.500000" />
  <attribute name="Current Error" value="-15.000000" />
  <attribute name="IntegralT" value="-450.000000" />
  <attribute name="IntegralI" value="-450.000000" />
  <attribute name="IntegralH" value="-450.000000" />
  <attribute name="DerivativeT" value="-0.750000" />
  <attribute name="DerivativeI" value="-0.750000" />
  <attribute name="DerivativeH" value="-0.750000" />
  <attribute name="Loop Time for DT" value="30.000000" />
  <attribute name="Output H" value="2092630016"/>
  <attribute name="Output I" value="200"/>
  <attribute name="Output T" value="4"/>
  <attribute name="Target GC Util Change" value ="20.000000" />
  <attribute name="Current GC Util Change" value="5.000000"/>
  <attribute name="GC Util currently" value="5" />
  <attribute name="CPU Util currently" value="22" />
<allocation-satisfied id="293" threadId="000000000244E500" bytesRequested="48" />
<af-end id="294" timestamp="2019-06-15T03:40:02.462" threadId="000000000244EE88" success="true" from="nursery"/>
<exclusive-end id="295" timestamp="2019-06-15T03:40:02.462" durationms="1.301" />

<exclusive-start id="296" timestamp="2019-06-15T03:40:02.473" intervalms="11.512">
  <response-info timems="0.045" idlems="0.045" threads="0" lastid="000000000244A900" lastname="Thread-3" />
</exclusive-start>
<af-start id="297" threadId="000000000244B288" totalBytesRequested="32776" timestamp="2019-06-15T03:40:02.473" intervalms="11.508" type="nursery" />
<cycle-start id="298" type="scavenge" contextid="0" timestamp="2019-06-15T03:40:02.473" intervalms="11.512" />
<gc-start id="299" type="scavenge" contextid="298" timestamp="2019-06-15T03:40:02.473">
  <mem-info id="300" free="1653248" total="9043968" percent="18">
    <mem type="nursery" free="0" total="2752512" percent="0">
      <mem type="allocate" free="0" total="1376256" percent="0" />
      <mem type="survivor" free="0" total="1376256" percent="0" />
    </mem>
    <mem type="tenure" free="1653248" total="6291456" percent="26">
      <mem type="soa" free="1338880" total="5977088" percent="22" />
      <mem type="loa" free="314368" total="314368" percent="100" />
    </mem>
    <remembered-set count="319" />
  </mem-info>
</gc-start>
<allocation-stats totalBytes="1139616" >
  <allocated-bytes non-tlh="114816" tlh="1024800" />
  <largest-consumer threadName="Thread-6" threadId="0000000002455D00" bytes="419328" />
</allocation-stats>
<gc-op id="301" type="scavenge" timems="3.173" contextid="298" timestamp="2019-06-15T03:40:02.476">
  <scavenger-info tenureage="2" tenuremask="7ffc" tiltratio="50" />
  <memory-copied type="nursery" objects="1659" bytes="683656" bytesdiscarded="3504" />
  <references type="phantom" candidates="1" cleared="0" enqueued="0" />
</gc-op>
<heap-resize id="302" type="expand" space="nursery" amount="393216" count="1" timems="0.016" reason="excessive time being spent scavenging" timestamp="2019-06-15T03:40:02.476" />
<gc-end id="303" type="scavenge" contextid="298" durationms="3.614" usertimems="4.000" systemtimems="0.000" timestamp="2019-06-15T03:40:02.476" activeThreads="4">
  <mem-info id="304" free="2538864" total="9437184" percent="26">
    <mem type="nursery" free="885616" total="3145728" percent="28">
      <mem type="allocate" free="885616" total="1572864" percent="56" />
      <mem type="survivor" free="0" total="1572864" percent="0" />
    </mem>
    <mem type="tenure" free="1653248" total="6291456" percent="26">
      <mem type="soa" free="1338880" total="5977088" percent="22" />
      <mem type="loa" free="314368" total="314368" percent="100" />
    </mem>
    <remembered-set count="246" />
  </mem-info>
</gc-end>
<cycle-end id="305" type="scavenge" contextid="298" timestamp="2019-06-15T03:40:02.477" />
  <attribute name="elasticGC enabled" value="1" />
  <attribute name= "numThreadsSpecified" value="4" />
  <attribute name="heapSize specified" value="8388608" />
  <attribute name="Current GC Util" value="12" />
  <attribute name= "Current Time Running" value="988" />
  <attribute name ="GC Interval" value="200" />
  <attribute name="ProportionalT" value="-4.000000" />
  <attribute name="ProportionalI" value="-4.000000" />
  <attribute name="ProportionalH" value="-4.000000" />
  <attribute name="Current Error" value="-8.000000" />
  <attribute name="IntegralT" value="-88.000000" />
  <attribute name="IntegralI" value="-88.000000" />
  <attribute name="IntegralH" value="-88.000000" />
  <attribute name="DerivativeT" value="-1.090909" />
  <attribute name="DerivativeI" value="-1.090909" />
  <attribute name="DerivativeH" value="-1.090909" />
  <attribute name="Loop Time for DT" value="11.000000" />
  <attribute name="Output H" value="2092630016"/>
  <attribute name="Output I" value="200"/>
  <attribute name="Output T" value="4"/>
  <attribute name="Target GC Util Change" value ="20.000000" />
  <attribute name="Current GC Util Change" value="12.000000"/>
  <attribute name="GC Util currently" value="12" />
  <attribute name="CPU Util currently" value="400478733002" />
<allocation-satisfied id="306" threadId="000000000244A900" bytesRequested="32776" />
<af-end id="307" timestamp="2019-06-15T03:40:02.477" threadId="000000000244B288" success="true" from="nursery"/>
<exclusive-end id="308" timestamp="2019-06-15T03:40:02.477" durationms="4.217" />

<exclusive-start id="309" timestamp="2019-06-15T03:40:02.496" intervalms="23.327">
  <response-info timems="0.030" idlems="0.030" threads="0" lastid="0000000002452100" lastname="Thread-5" />
</exclusive-start>
<af-start id="310" threadId="0000000002452A88" totalBytesRequested="112" timestamp="2019-06-15T03:40:02.496" intervalms="23.329" type="nursery" />
<cycle-start id="311" type="scavenge" contextid="0" timestamp="2019-06-15T03:40:02.496" intervalms="23.327" />
<gc-start id="312" type="scavenge" contextid="311" timestamp="2019-06-15T03:40:02.496">
  <mem-info id="313" free="1653208" total="9437184" percent="17">
    <mem type="nursery" free="0" total="3145728" percent="0">
      <mem type="allocate" free="0" total="1572864" percent="0" />
      <mem type="survivor" free="0" total="1572864" percent="0" />
    </mem>
    <mem type="tenure" free="1653208" total="6291456" percent="26">
      <mem type="soa" free="1338840" total="5977088" percent="22" />
      <mem type="loa" free="314368" total="314368" percent="100" />
    </mem>
    <remembered-set count="330" />
  </mem-info>
</gc-start>
<allocation-stats totalBytes="872056" >
  <allocated-bytes non-tlh="65592" tlh="806464" />
  <largest-consumer threadName="Thread-6" threadId="0000000002455D00" bytes="446408" />
</allocation-stats>
<gc-op id="314" type="scavenge" timems="0.642" contextid="311" timestamp="2019-06-15T03:40:02.497">
  <scavenger-info tenureage="1" tenuremask="7ffe" tiltratio="50" />
  <memory-copied type="nursery" objects="1276" bytes="401320" bytesdiscarded="87184" />
  <memory-copied type="tenure" objects="1147" bytes="487424" bytesdiscarded="832" />
  <references type="phantom" candidates="1" cleared="0" enqueued="0" />
</gc-op>
<gc-end id="315" type="scavenge" contextid="311" durationms="0.831" usertimems="0.000" systemtimems="0.000" timestamp="2019-06-15T03:40:02.497" activeThreads="4">
  <mem-info id="316" free="2365192" total="9437184" percent="25">
    <mem type="nursery" free="1280944" total="3145728" percent="40">
      <mem type="allocate" free="1280944" total="1769472" percent="72" />
      <mem type="survivor" free="0" total="1376256" percent="0" />
    </mem>
    <mem type="tenure" free="1084248" total="6291456" percent="17">
      <mem type="soa" free="769880" total="5977088" percent="12" />
      <mem type="loa" free="314368" total="314368" percent="100" />
    </mem>
    <remembered-set count="160" />
  </mem-info>
</gc-end>
<cycle-end id="317" type="scavenge" contextid="311" timestamp="2019-06-15T03:40:02.497" />
  <attribute name="elasticGC enabled" value="1" />
  <attribute name= "numThreadsSpecified" value="4" />
  <attribute name="heapSize specified" value="8388608" />
  <attribute name="Current GC Util" value="14" />
  <attribute name= "Current Time Running" value="1012" />
  <attribute name ="GC Interval" value="200" />
  <attribute name="ProportionalT" value="-3.000000" />
  <attribute name="ProportionalI" value="-3.000000" />
  <attribute name="ProportionalH" value="-3.000000" />
  <attribute name="Current Error" value="-6.000000" />
  <attribute name="IntegralT" value="-144.000000" />
  <attribute name="IntegralI" value="-144.000000" />
  <attribute name="IntegralH" value="-144.000000" />
  <attribute name="DerivativeT" value="-0.375000" />
  <attribute name="DerivativeI" value="-0.375000" />
  <attribute name="DerivativeH" value="-0.375000" />
  <attribute name="Loop Time for DT" value="24.000000" />
  <attribute name="Output H" value="2092630016"/>
  <attribute name="Output I" value="200"/>
  <attribute name="Output T" value="4"/>
  <attribute name="Target GC Util Change" value ="20.000000" />
  <attribute name="Current GC Util Change" value="14.000000"/>
  <attribute name="GC Util currently" value="14" />
  <attribute name="CPU Util currently" value="197682449199" />
<allocation-satisfied id="318" threadId="0000000002452100" bytesRequested="112" />
<af-end id="319" timestamp="2019-06-15T03:40:02.497" threadId="0000000002452A88" success="true" from="nursery"/>
<exclusive-end id="320" timestamp="2019-06-15T03:40:02.497" durationms="1.268" />

<exclusive-start id="321" timestamp="2019-06-15T03:40:02.520" intervalms="23.985">
  <response-info timems="0.050" idlems="0.050" threads="0" lastid="000000000244A900" lastname="Thread-3" />
</exclusive-start>
<af-start id="322" threadId="000000000244B288" totalBytesRequested="48" timestamp="2019-06-15T03:40:02.520" intervalms="23.984" type="nursery" />
<cycle-start id="323" type="scavenge" contextid="0" timestamp="2019-06-15T03:40:02.520" intervalms="23.984" />
<gc-start id="324" type="scavenge" contextid="323" timestamp="2019-06-15T03:40:02.520">
  <mem-info id="325" free="1084216" total="9437184" percent="11">
    <mem type="nursery" free="0" total="3145728" percent="0">
      <mem type="allocate" free="0" total="1769472" percent="0" />
      <mem type="survivor" free="0" total="1376256" percent="0" />
    </mem>
    <mem type="tenure" free="1084216" total="6291456" percent="17">
      <mem type="soa" free="769848" total="5977088" percent="12" />
      <mem type="loa" free="314368" total="314368" percent="100" />
    </mem>
    <remembered-set count="287" />
  </mem-info>
</gc-start>
<allocation-stats totalBytes="1280408" >
  <allocated-bytes non-tlh="32920" tlh="1247488" />
  <largest-consumer threadName="Thread-3" threadId="000000000244A900" bytes="888496" />
</allocation-stats>
<gc-op id="326" type="scavenge" timems="2.253" contextid="323" timestamp="2019-06-15T03:40:02.522">
  <scavenger-info tenureage="1" tenuremask="7ffe" tiltratio="56" />
  <memory-copied type="nursery" objects="851" bytes="279384" bytesdiscarded="41896" />
  <memory-copied type="tenure" objects="706" bytes="297904" bytesdiscarded="744" />
</gc-op>
<gc-end id="327" type="scavenge" contextid="323" durationms="2.764" usertimems="4.000" systemtimems="0.000" timestamp="2019-06-15T03:40:02.523" activeThreads="4">
  <mem-info id="328" free="2429336" total="9437184" percent="25">
    <mem type="nursery" free="1644776" total="3145728" percent="52">
      <mem type="allocate" free="1644776" total="1966080" percent="83" />
      <mem type="survivor" free="0" total="1179648" percent="0" />
    </mem>
    <mem type="tenure" free="784560" total="6291456" percent="12">
      <mem type="soa" free="470192" total="5977088" percent="7" />
      <mem type="loa" free="314368" total="314368" percent="100" />
    </mem>
    <remembered-set count="174" />
  </mem-info>
</gc-end>
<cycle-end id="329" type="scavenge" contextid="323" timestamp="2019-06-15T03:40:02.523" />
  <attribute name="elasticGC enabled" value="1" />
  <attribute name= "numThreadsSpecified" value="4" />
  <attribute name="heapSize specified" value="8388608" />
  <attribute name="Current GC Util" value="5" />
  <attribute name= "Current Time Running" value="1036" />
  <attribute name ="GC Interval" value="200" />
  <attribute name="ProportionalT" value="-7.500000" />
  <attribute name="ProportionalI" value="-7.500000" />
  <attribute name="ProportionalH" value="-7.500000" />
  <attribute name="Current Error" value="-15.000000" />
  <attribute name="IntegralT" value="-360.000000" />
  <attribute name="IntegralI" value="-360.000000" />
  <attribute name="IntegralH" value="-360.000000" />
  <attribute name="DerivativeT" value="-0.937500" />
  <attribute name="DerivativeI" value="-0.937500" />
  <attribute name="DerivativeH" value="-0.937500" />
  <attribute name="Loop Time for DT" value="24.000000" />
  <attribute name="Output H" value="2092630016"/>
  <attribute name="Output I" value="200"/>
  <attribute name="Output T" value="4"/>
  <attribute name="Target GC Util Change" value ="20.000000" />
  <attribute name="Current GC Util Change" value="5.000000"/>
  <attribute name="GC Util currently" value="5" />
  <attribute name="CPU Util currently" value="32" />
<allocation-satisfied id="330" threadId="000000000244A900" bytesRequested="48" />
<af-end id="331" timestamp="2019-06-15T03:40:02.523" threadId="000000000244B288" success="true" from="nursery"/>
<exclusive-end id="332" timestamp="2019-06-15T03:40:02.523" durationms="3.348" />

<concurrent-kickoff id="333" timestamp="2019-06-15T03:40:02.549">
  <kickoff reason="threshold reached" targetBytes="1867303" thresholdFreeBytes="258287"  remainingFree="248040" tenureFreeBytes="784560" nurseryFreeBytes="248040" />
</concurrent-kickoff>
<exclusive-start id="334" timestamp="2019-06-15T03:40:02.549" intervalms="29.391">
  <response-info timems="0.130" idlems="0.036" threads="3" lastid="0000000002455D00" lastname="Thread-6" />
</exclusive-start>
<cycle-start id="335" type="global" contextid="0" timestamp="2019-06-15T03:40:02.549" intervalms="389.976" />
<exclusive-end id="336" timestamp="2019-06-15T03:40:02.549" durationms="0.084" />

<exclusive-start id="337" timestamp="2019-06-15T03:40:02.552" intervalms="2.589">
  <response-info timems="0.037" idlems="0.037" threads="0" lastid="0000000002452100" lastname="Thread-5" />
</exclusive-start>
<af-start id="338" threadId="0000000002452A88" totalBytesRequested="16392" timestamp="2019-06-15T03:40:02.552" intervalms="31.977" type="nursery" />
<cycle-start id="339" type="scavenge" contextid="0" timestamp="2019-06-15T03:40:02.552" intervalms="31.976" />
<gc-start id="340" type="scavenge" contextid="339" timestamp="2019-06-15T03:40:02.552">
  <mem-info id="341" free="784560" total="9437184" percent="8">
    <mem type="nursery" free="0" total="3145728" percent="0">
      <mem type="allocate" free="0" total="1966080" percent="0" />
      <mem type="survivor" free="0" total="1179648" percent="0" />
    </mem>
    <mem type="tenure" free="784560" total="6291456" percent="12">
      <mem type="soa" free="470192" total="5977088" percent="7" />
      <mem type="loa" free="314368" total="314368" percent="100" />
    </mem>
    <remembered-set count="303" />
  </mem-info>
</gc-start>
<allocation-stats totalBytes="1577496" >
  <allocated-bytes non-tlh="98376" tlh="1479120" />
  <largest-consumer threadName="Thread-5" threadId="0000000002452100" bytes="922208" />
</allocation-stats>
<gc-op id="342" type="scavenge" timems="0.501" contextid="339" timestamp="2019-06-15T03:40:02.553">
  <scavenger-info tenureage="1" tenuremask="7ffe" tiltratio="62" />
  <memory-copied type="nursery" objects="702" bytes="310928" bytesdiscarded="232840" />
  <memory-copied type="tenure" objects="800" bytes="277120" bytesdiscarded="72" />
  <references type="weak" candidates="1" cleared="0" enqueued="0" />
  <references type="phantom" candidates="2" cleared="0" enqueued="0" />
</gc-op>
<gc-end id="343" type="scavenge" contextid="339" durationms="0.684" usertimems="0.000" systemtimems="0.000" timestamp="2019-06-15T03:40:02.553" activeThreads="4">
  <mem-info id="344" free="2034264" total="9437184" percent="21">
    <mem type="nursery" free="1553344" total="3145728" percent="49">
      <mem type="allocate" free="1553344" total="2097152" percent="74" />
      <mem type="survivor" free="0" total="1048576" percent="0" />
    </mem>
    <mem type="tenure" free="480920" total="6291456" percent="7">
      <mem type="soa" free="166552" total="5977088" percent="2" />
      <mem type="loa" free="314368" total="314368" percent="100" />
    </mem>
    <remembered-set count="175" />
  </mem-info>
</gc-end>
<cycle-end id="345" type="scavenge" contextid="339" timestamp="2019-06-15T03:40:02.553" />
  <attribute name="elasticGC enabled" value="1" />
  <attribute name= "numThreadsSpecified" value="4" />
  <attribute name="heapSize specified" value="8388608" />
  <attribute name="Current GC Util" value="7" />
  <attribute name= "Current Time Running" value="1068" />
  <attribute name ="GC Interval" value="200" />
  <attribute name="ProportionalT" value="-6.500000" />
  <attribute name="ProportionalI" value="-6.500000" />
  <attribute name="ProportionalH" value="-6.500000" />
  <attribute name="Current Error" value="-13.000000" />
  <attribute name="IntegralT" value="-416.000000" />
  <attribute name="IntegralI" value="-416.000000" />
  <attribute name="IntegralH" value="-416.000000" />
  <attribute name="DerivativeT" value="-0.609375" />
  <attribute name="DerivativeI" value="-0.609375" />
  <attribute name="DerivativeH" value="-0.609375" />
  <attribute name="Loop Time for DT" value="32.000000" />
  <attribute name="Output H" value="2092630016"/>
  <attribute name="Output I" value="200"/>
  <attribute name="Output T" value="4"/>
  <attribute name="Target GC Util Change" value ="20.000000" />
  <attribute name="Current GC Util Change" value="7.000000"/>
  <attribute name="GC Util currently" value="7" />
  <attribute name="CPU Util currently" value="22" />
<allocation-satisfied id="346" threadId="0000000002452100" bytesRequested="16392" />
<af-end id="347" timestamp="2019-06-15T03:40:02.553" threadId="0000000002452A88" success="true" from="nursery"/>
<exclusive-end id="348" timestamp="2019-06-15T03:40:02.553" durationms="1.113" />

<exclusive-start id="349" timestamp="2019-06-15T03:40:02.572" intervalms="20.314">
  <response-info timems="0.045" idlems="0.045" threads="0" lastid="000000000244E500" lastname="Thread-4" />
</exclusive-start>
<concurrent-collection-start id="350" timestamp="2019-06-15T03:40:02.572" intervalms="1200.430" >
  <concurrent-trace-info reason="card cleaning threshold reached" tracedByMutators="513456" tracedByHelpers="815576" cardsCleaned="46" workStackOverflowCount="0" />
</concurrent-collection-start>
<gc-start id="351" type="global" contextid="335" timestamp="2019-06-15T03:40:02.572">
  <mem-info id="352" free="480888" total="9437184" percent="5">
    <mem type="nursery" free="0" total="3145728" percent="0">
      <mem type="allocate" free="0" total="2097152" percent="0" />
      <mem type="survivor" free="0" total="1048576" percent="0" />
    </mem>
    <mem type="tenure" free="480888" total="6291456" percent="7">
      <mem type="soa" free="166520" total="5977088" percent="2" />
      <mem type="loa" free="314368" total="314368" percent="100" />
    </mem>
    <remembered-set count="280" />
  </mem-info>
</gc-start>
<allocation-stats totalBytes="1462936" >
  <allocated-bytes non-tlh="49200" tlh="1413736" />
  <largest-consumer threadName="Thread-5" threadId="0000000002452100" bytes="721784" />
</allocation-stats>
<gc-op id="353" type="rs-scan" timems="0.218" contextid="335" timestamp="2019-06-15T03:40:02.573">
  <scan objectsFound="54" bytesTraced="4572" workStackOverflowCount="0" />
</gc-op>
<gc-op id="354" type="card-cleaning" timems="0.310" contextid="335" timestamp="2019-06-15T03:40:02.573">
  <card-cleaning cardsCleaned="152" bytesTraced="443376" workStackOverflowCount="0" />
</gc-op>
<gc-op id="355" type="mark" timems="0.906" contextid="335" timestamp="2019-06-15T03:40:02.574">
  <trace-info objectcount="492" scancount="449" scanbytes="14572" />
  <finalization candidates="25" enqueued="0" />
  <references type="soft" candidates="164" cleared="0" enqueued="0" dynamicThreshold="24" maxThreshold="32" />
  <references type="weak" candidates="237" cleared="3" enqueued="2" />
  <references type="phantom" candidates="66" cleared="2" enqueued="2" />
  <stringconstants candidates="3963" cleared="0"  />
</gc-op>
<gc-op id="356" type="classunload" timems="0.198" contextid="335" timestamp="2019-06-15T03:40:02.574">
  <classunload-info classloadercandidates="20" classloadersunloaded="0" classesunloaded="1" anonymousclassesunloaded="1" quiescems="0.000" setupms="0.196" scanms="0.002" postms="0.000" />
</gc-op>
<gc-op id="357" type="sweep" timems="0.201" contextid="335" timestamp="2019-06-15T03:40:02.574" />
<mem-info id="358" free="4940712" total="9437184" percent="52">
  <mem type="nursery" free="1348192" total="3145728" percent="42">
    <mem type="allocate" free="1348192" total="2097152" percent="64" />
    <mem type="survivor" free="0" total="1048576" percent="0" />
  </mem>
  <mem type="tenure" free="3592520" total="6291456" percent="57" micro-fragmented="10062" macro-fragmented="0">
    <mem type="soa" free="3278152" total="5977088" percent="54" />
    <mem type="loa" free="314368" total="314368" percent="100" />
  </mem>
  <pending-finalizers system="0" default="0" reference="4" classloader="0" />
  <remembered-set count="221" />
</mem-info>
<gc-op id="359" type="compact" timems="7.398" contextid="335" timestamp="2019-06-15T03:40:02.582">
  <compact-info movecount="33683" movebytes="3156768" reason="compact to aid heap contraction" />
</gc-op>
<heap-resize id="360" type="contract" space="tenure" amount="262144" count="1" timems="0.134" reason="heap reconfiguration" timestamp="2019-06-15T03:40:02.582" />
<gc-end id="361" type="global" contextid="335" durationms="10.184" usertimems="12.000" systemtimems="0.000" timestamp="2019-06-15T03:40:02.583" activeThreads="4">
  <mem-info id="362" free="4669224" total="9175040" percent="50">
    <mem type="nursery" free="1366624" total="3145728" percent="43">
      <mem type="allocate" free="1366624" total="2097152" percent="65" />
      <mem type="survivor" free="0" total="1048576" percent="0" />
    </mem>
    <mem type="tenure" free="3302600" total="6029312" percent="54">
      <mem type="soa" free="3053768" total="5728256" percent="53" />
      <mem type="loa" free="248832" total="301056" percent="82" />
    </mem>
    <pending-finalizers system="0" default="0" reference="4" classloader="0" />
    <remembered-set count="221" />
  </mem-info>
</gc-end>
<cycle-end id="363" type="global" contextid="335" timestamp="2019-06-15T03:40:02.583" />
  <attribute name="elasticGC enabled" value="1" />
  <attribute name= "numThreadsSpecified" value="4" />
  <attribute name="heapSize specified" value="9437184" />
  <attribute name="Current GC Util" value="28" />
  <attribute name= "Current Time Running" value="1097" />
  <attribute name ="GC Interval" value="200" />
  <attribute name="ProportionalT" value="4.000000" />
  <attribute name="ProportionalI" value="4.000000" />
  <attribute name="ProportionalH" value="4.000000" />
  <attribute name="Current Error" value="8.000000" />
  <attribute name="IntegralT" value="56.000000" />
  <attribute name="IntegralI" value="56.000000" />
  <attribute name="IntegralH" value="56.000000" />
  <attribute name="DerivativeT" value="1.500000" />
  <attribute name="DerivativeI" value="1.500000" />
  <attribute name="DerivativeH" value="1.500000" />
  <attribute name="Loop Time for DT" value="7.000000" />
  <attribute name="Output H" value="8388608"/>
  <attribute name="Output I" value="200"/>
  <attribute name="Output T" value="4"/>
  <attribute name="Target GC Util Change" value ="20.000000" />
  <attribute name="Current GC Util Change" value="28.000000"/>
  <attribute name="GC Util currently" value="28" />
  <attribute name="CPU Util currently" value="611928835844" />
<concurrent-collection-end id="364" timestamp="2019-06-15T03:40:02.583" />
<exclusive-end id="365" timestamp="2019-06-15T03:40:02.583" durationms="10.589" />

<exclusive-start id="366" timestamp="2019-06-15T03:40:02.604" intervalms="31.845">
  <response-info timems="0.027" idlems="0.027" threads="0" lastid="0000000002452100" lastname="Thread-5" />
</exclusive-start>
<af-start id="367" threadId="0000000002452A88" totalBytesRequested="2056" timestamp="2019-06-15T03:40:02.604" intervalms="52.160" type="nursery" />
<cycle-start id="368" type="scavenge" contextid="0" timestamp="2019-06-15T03:40:02.604" intervalms="52.158" />
<gc-start id="369" type="scavenge" contextid="368" timestamp="2019-06-15T03:40:02.604">
  <mem-info id="370" free="3302600" total="9175040" percent="35">
    <mem type="nursery" free="0" total="3145728" percent="0">
      <mem type="allocate" free="0" total="2097152" percent="0" />
      <mem type="survivor" free="0" total="1048576" percent="0" />
    </mem>
    <mem type="tenure" free="3302600" total="6029312" percent="54">
      <mem type="soa" free="3053768" total="5728256" percent="53" />
      <mem type="loa" free="248832" total="301056" percent="82" />
    </mem>
    <remembered-set count="271" />
  </mem-info>
</gc-start>
<allocation-stats totalBytes="1309288" >
  <allocated-bytes non-tlh="32776" tlh="1276512" />
  <largest-consumer threadName="Thread-3" threadId="000000000244A900" bytes="517808" />
</allocation-stats>
<gc-op id="371" type="scavenge" timems="5.940" contextid="368" timestamp="2019-06-15T03:40:02.610">
  <scavenger-info tenureage="1" tenuremask="7ffe" tiltratio="66" />
  <memory-copied type="nursery" objects="1543" bytes="598528" bytesdiscarded="60688" />
  <memory-copied type="tenure" objects="508" bytes="203656" bytesdiscarded="992" />
  <references type="phantom" candidates="1" cleared="0" enqueued="0" />
</gc-op>
<heap-resize id="372" type="expand" space="nursery" amount="262144" count="1" timems="0.013" reason="excessive time being spent scavenging" timestamp="2019-06-15T03:40:02.610" />
<gc-end id="373" type="scavenge" contextid="368" durationms="6.187" usertimems="4.000" systemtimems="8.000" timestamp="2019-06-15T03:40:02.610" activeThreads="4">
  <mem-info id="374" free="4581728" total="9437184" percent="48">
    <mem type="nursery" free="1634504" total="3407872" percent="47">
      <mem type="allocate" free="1634504" total="2293760" percent="71" />
      <mem type="survivor" free="0" total="1114112" percent="0" />
    </mem>
    <mem type="tenure" free="2947224" total="6029312" percent="48">
      <mem type="soa" free="2698392" total="5728256" percent="47" />
      <mem type="loa" free="248832" total="301056" percent="82" />
    </mem>
    <remembered-set count="169" />
  </mem-info>
</gc-end>
<cycle-end id="375" type="scavenge" contextid="368" timestamp="2019-06-15T03:40:02.611" />
  <attribute name="elasticGC enabled" value="1" />
  <attribute name= "numThreadsSpecified" value="4" />
  <attribute name="heapSize specified" value="9437184" />
  <attribute name="Current GC Util" value="41" />
  <attribute name= "Current Time Running" value="1120" />
  <attribute name ="GC Interval" value="496" />
  <attribute name="ProportionalT" value="10.500000" />
  <attribute name="ProportionalI" value="10.500000" />
  <attribute name="ProportionalH" value="10.500000" />
  <attribute name="Current Error" value="21.000000" />
  <attribute name="IntegralT" value="483.000000" />
  <attribute name="IntegralI" value="483.000000" />
  <attribute name="IntegralH" value="483.000000" />
  <attribute name="DerivativeT" value="0.847826" />
  <attribute name="DerivativeI" value="0.847826" />
  <attribute name="DerivativeH" value="0.847826" />
  <attribute name="Loop Time for DT" value="23.000000" />
  <attribute name="Output H" value="8388608"/>
  <attribute name="Output I" value="496"/>
  <attribute name="Output T" value="4"/>
  <attribute name="Target GC Util Change" value ="20.000000" />
  <attribute name="Current GC Util Change" value="41.000000"/>
  <attribute name="GC Util currently" value="41" />
  <attribute name="CPU Util currently" value="207105998608" />
<allocation-satisfied id="376" threadId="0000000002452100" bytesRequested="2056" />
<af-end id="377" timestamp="2019-06-15T03:40:02.611" threadId="0000000002452A88" success="true" from="nursery"/>
<exclusive-end id="378" timestamp="2019-06-15T03:40:02.611" durationms="6.810" />

<exclusive-start id="379" timestamp="2019-06-15T03:40:02.636" intervalms="31.556">
  <response-info timems="0.053" idlems="0.053" threads="0" lastid="000000000244A900" lastname="Thread-3" />
</exclusive-start>
<af-start id="380" threadId="000000000244B288" totalBytesRequested="16392" timestamp="2019-06-15T03:40:02.636" intervalms="31.562" type="nursery" />
<cycle-start id="381" type="scavenge" contextid="0" timestamp="2019-06-15T03:40:02.636" intervalms="31.568" />
<gc-start id="382" type="scavenge" contextid="381" timestamp="2019-06-15T03:40:02.636">
  <mem-info id="383" free="2947224" total="9437184" percent="31">
    <mem type="nursery" free="0" total="3407872" percent="0">
      <mem type="allocate" free="0" total="2293760" percent="0" />
      <mem type="survivor" free="0" total="1114112" percent="0" />
    </mem>
    <mem type="tenure" free="2947224" total="6029312" percent="48">
      <mem type="soa" free="2698392" total="5728256" percent="47" />
      <mem type="loa" free="248832" total="301056" percent="82" />
    </mem>
    <remembered-set count="326" />
  </mem-info>
</gc-start>
<allocation-stats totalBytes="1622520" >
  <allocated-bytes non-tlh="100384" tlh="1522136" />
  <largest-consumer threadName="Thread-4" threadId="000000000244E500" bytes="570528" />
</allocation-stats>
<gc-op id="384" type="scavenge" timems="0.661" contextid="381" timestamp="2019-06-15T03:40:02.637">
  <scavenger-info tenureage="1" tenuremask="7ffe" tiltratio="67" />
  <memory-copied type="nursery" objects="1500" bytes="570792" bytesdiscarded="168040" />
  <memory-copied type="tenure" objects="842" bytes="365312" bytesdiscarded="464" />
</gc-op>
<gc-end id="385" type="scavenge" contextid="381" durationms="1.015" usertimems="0.000" systemtimems="0.000" timestamp="2019-06-15T03:40:02.637" activeThreads="4">
  <mem-info id="386" free="4183144" total="9437184" percent="44">
    <mem type="nursery" free="1751480" total="3407872" percent="51">
      <mem type="allocate" free="1751480" total="2490368" percent="70" />
      <mem type="survivor" free="0" total="917504" percent="0" />
    </mem>
    <mem type="tenure" free="2431664" total="6029312" percent="40">
      <mem type="soa" free="2182832" total="5728256" percent="38" />
      <mem type="loa" free="248832" total="301056" percent="82" />
    </mem>
    <remembered-set count="188" />
  </mem-info>
</gc-end>
<cycle-end id="387" type="scavenge" contextid="381" timestamp="2019-06-15T03:40:02.637" />
  <attribute name="elasticGC enabled" value="1" />
  <attribute name= "numThreadsSpecified" value="4" />
  <attribute name="heapSize specified" value="9437184" />
  <attribute name="Current GC Util" value="33" />
  <attribute name= "Current Time Running" value="1151" />
  <attribute name ="GC Interval" value="416" />
  <attribute name="ProportionalT" value="6.500000" />
  <attribute name="ProportionalI" value="6.500000" />
  <attribute name="ProportionalH" value="6.500000" />
  <attribute name="Current Error" value="13.000000" />
  <attribute name="IntegralT" value="403.000000" />
  <attribute name="IntegralI" value="403.000000" />
  <attribute name="IntegralH" value="403.000000" />
  <attribute name="DerivativeT" value="-0.387097" />
  <attribute name="DerivativeI" value="-0.387097" />
  <attribute name="DerivativeH" value="-0.387097" />
  <attribute name="Loop Time for DT" value="31.000000" />
  <attribute name="Output H" value="8388608"/>
  <attribute name="Output I" value="416"/>
  <attribute name="Output T" value="4"/>
  <attribute name="Target GC Util Change" value ="20.000000" />
  <attribute name="Current GC Util Change" value="33.000000"/>
  <attribute name="GC Util currently" value="33" />
  <attribute name="CPU Util currently" value="3" />
<allocation-satisfied id="388" threadId="000000000244A900" bytesRequested="16392" />
<af-end id="389" timestamp="2019-06-15T03:40:02.637" threadId="000000000244B288" success="true" from="nursery"/>
<exclusive-end id="390" timestamp="2019-06-15T03:40:02.637" durationms="1.578" />

<exclusive-start id="391" timestamp="2019-06-15T03:40:02.661" intervalms="24.908">
  <response-info timems="0.044" idlems="0.044" threads="0" lastid="000000000244E500" lastname="Thread-4" />
</exclusive-start>
<af-start id="392" threadId="000000000244EE88" totalBytesRequested="16392" timestamp="2019-06-15T03:40:02.661" intervalms="24.897" type="nursery" />
<cycle-start id="393" type="scavenge" contextid="0" timestamp="2019-06-15T03:40:02.661" intervalms="24.881" />
<gc-start id="394" type="scavenge" contextid="393" timestamp="2019-06-15T03:40:02.661">
  <mem-info id="395" free="2431664" total="9437184" percent="25">
    <mem type="nursery" free="0" total="3407872" percent="0">
      <mem type="allocate" free="0" total="2490368" percent="0" />
      <mem type="survivor" free="0" total="917504" percent="0" />
    </mem>
    <mem type="tenure" free="2431664" total="6029312" percent="40">
      <mem type="soa" free="2182832" total="5728256" percent="38" />
      <mem type="loa" free="248832" total="301056" percent="82" />
    </mem>
    <remembered-set count="354" />
  </mem-info>
</gc-start>
<allocation-stats totalBytes="1675928" >
  <allocated-bytes non-tlh="81944" tlh="1593984" />
  <largest-consumer threadName="Thread-3" threadId="000000000244A900" bytes="679288" />
</allocation-stats>
<gc-op id="396" type="scavenge" timems="0.439" contextid="393" timestamp="2019-06-15T03:40:02.661">
  <scavenger-info tenureage="1" tenuremask="7ffe" tiltratio="73" />
  <memory-copied type="nursery" objects="1253" bytes="478728" bytesdiscarded="313496" />
  <memory-copied type="tenure" objects="821" bytes="333624" bytesdiscarded="968" />
  <references type="weak" candidates="2" cleared="0" enqueued="0" />
  <references type="phantom" candidates="3" cleared="0" enqueued="0" />
</gc-op>
<gc-end id="397" type="scavenge" contextid="393" durationms="0.606" usertimems="0.000" systemtimems="0.000" timestamp="2019-06-15T03:40:02.661" activeThreads="4">
  <mem-info id="398" free="3723136" total="9437184" percent="39">
    <mem type="nursery" free="1763648" total="3407872" percent="51">
      <mem type="allocate" free="1763648" total="2555904" percent="69" />
      <mem type="survivor" free="0" total="851968" percent="0" />
    </mem>
    <mem type="tenure" free="1959488" total="6029312" percent="32">
      <mem type="soa" free="1710656" total="5728256" percent="29" />
      <mem type="loa" free="248832" total="301056" percent="82" />
    </mem>
    <remembered-set count="126" />
  </mem-info>
</gc-end>
<cycle-end id="399" type="scavenge" contextid="393" timestamp="2019-06-15T03:40:02.661" />
  <attribute name="elasticGC enabled" value="1" />
  <attribute name= "numThreadsSpecified" value="4" />
  <attribute name="heapSize specified" value="9437184" />
  <attribute name="Current GC Util" value="5" />
  <attribute name= "Current Time Running" value="1176" />
  <attribute name ="GC Interval" value="200" />
  <attribute name="ProportionalT" value="-7.500000" />
  <attribute name="ProportionalI" value="-7.500000" />
  <attribute name="ProportionalH" value="-7.500000" />
  <attribute name="Current Error" value="-15.000000" />
  <attribute name="IntegralT" value="-375.000000" />
  <attribute name="IntegralI" value="-375.000000" />
  <attribute name="IntegralH" value="-375.000000" />
  <attribute name="DerivativeT" value="-1.680000" />
  <attribute name="DerivativeI" value="-1.680000" />
  <attribute name="DerivativeH" value="-1.680000" />
  <attribute name="Loop Time for DT" value="25.000000" />
  <attribute name="Output H" value="2092630016"/>
  <attribute name="Output I" value="200"/>
  <attribute name="Output T" value="4"/>
  <attribute name="Target GC Util Change" value ="20.000000" />
  <attribute name="Current GC Util Change" value="5.000000"/>
  <attribute name="GC Util currently" value="5" />
  <attribute name="CPU Util currently" value="185633897302" />
<allocation-satisfied id="400" threadId="000000000244E500" bytesRequested="16392" />
<af-end id="401" timestamp="2019-06-15T03:40:02.661" threadId="000000000244EE88" success="true" from="nursery"/>
<exclusive-end id="402" timestamp="2019-06-15T03:40:02.662" durationms="0.985" />

<exclusive-start id="403" timestamp="2019-06-15T03:40:02.678" intervalms="17.514">
  <response-info timems="0.031" idlems="0.031" threads="0" lastid="000000000244A900" lastname="Thread-3" />
</exclusive-start>
<af-start id="404" threadId="000000000244B288" totalBytesRequested="16392" timestamp="2019-06-15T03:40:02.678" intervalms="17.518" type="nursery" />
<cycle-start id="405" type="scavenge" contextid="0" timestamp="2019-06-15T03:40:02.678" intervalms="17.531" />
<gc-start id="406" type="scavenge" contextid="405" timestamp="2019-06-15T03:40:02.678">
  <mem-info id="407" free="1959488" total="9437184" percent="20">
    <mem type="nursery" free="0" total="3407872" percent="0">
      <mem type="allocate" free="0" total="2555904" percent="0" />
      <mem type="survivor" free="0" total="851968" percent="0" />
    </mem>
    <mem type="tenure" free="1959488" total="6029312" percent="32">
      <mem type="soa" free="1710656" total="5728256" percent="29" />
      <mem type="loa" free="248832" total="301056" percent="82" />
    </mem>
    <remembered-set count="267" />
  </mem-info>
</gc-start>
<allocation-stats totalBytes="1748280" >
  <allocated-bytes non-tlh="49168" tlh="1699112" />
  <largest-consumer threadName="Thread-4" threadId="000000000244E500" bytes="544096" />
</allocation-stats>
<gc-op id="408" type="scavenge" timems="0.842" contextid="405" timestamp="2019-06-15T03:40:02.679">
  <scavenger-info tenureage="1" tenuremask="7ffe" tiltratio="75" />
  <memory-copied type="nursery" objects="1204" bytes="533032" bytesdiscarded="176984" />
  <memory-copied type="tenure" objects="62" bytes="3880" bytesdiscarded="0" />
  <references type="phantom" candidates="1" cleared="0" enqueued="0" />
</gc-op>
<gc-end id="409" type="scavenge" contextid="405" durationms="1.197" usertimems="0.000" systemtimems="0.000" timestamp="2019-06-15T03:40:02.679" activeThreads="4">
  <mem-info id="410" free="3805328" total="9437184" percent="40">
    <mem type="nursery" free="1845840" total="3407872" percent="54">
      <mem type="allocate" free="1845840" total="2555904" percent="72" />
      <mem type="survivor" free="0" total="851968" percent="0" />
    </mem>
    <mem type="tenure" free="1959488" total="6029312" percent="32">
      <mem type="soa" free="1710656" total="5728256" percent="29" />
      <mem type="loa" free="248832" total="301056" percent="82" />
    </mem>
    <remembered-set count="124" />
  </mem-info>
</gc-end>
<cycle-end id="411" type="scavenge" contextid="405" timestamp="2019-06-15T03:40:02.680" />
  <attribute name="elasticGC enabled" value="1" />
  <attribute name= "numThreadsSpecified" value="4" />
  <attribute name="heapSize specified" value="9437184" />
  <attribute name="Current GC Util" value="6" />
  <attribute name= "Current Time Running" value="1194" />
  <attribute name ="GC Interval" value="200" />
  <attribute name="ProportionalT" value="-7.000000" />
  <attribute name="ProportionalI" value="-7.000000" />
  <attribute name="ProportionalH" value="-7.000000" />
  <attribute name="Current Error" value="-14.000000" />
  <attribute name="IntegralT" value="-252.000000" />
  <attribute name="IntegralI" value="-252.000000" />
  <attribute name="IntegralH" value="-252.000000" />
  <attribute name="DerivativeT" value="-1.166667" />
  <attribute name="DerivativeI" value="-1.166667" />
  <attribute name="DerivativeH" value="-1.166667" />
  <attribute name="Loop Time for DT" value="18.000000" />
  <attribute name="Output H" value="2092630016"/>
  <attribute name="Output I" value="200"/>
  <attribute name="Output T" value="4"/>
  <attribute name="Target GC Util Change" value ="20.000000" />
  <attribute name="Current GC Util Change" value="6.000000"/>
  <attribute name="GC Util currently" value="6" />
  <attribute name="CPU Util currently" value="262509483600" />
<allocation-satisfied id="412" threadId="000000000244A900" bytesRequested="16392" />
<af-end id="413" timestamp="2019-06-15T03:40:02.680" threadId="000000000244B288" success="true" from="nursery"/>
<exclusive-end id="414" timestamp="2019-06-15T03:40:02.680" durationms="1.867" />

<exclusive-start id="415" timestamp="2019-06-15T03:40:02.697" intervalms="18.806">
  <response-info timems="0.048" idlems="0.025" threads="2" lastid="000000000244A900" lastname="Thread-3" />
</exclusive-start>
<af-start id="416" threadId="0000000002456688" totalBytesRequested="16392" timestamp="2019-06-15T03:40:02.697" intervalms="18.807" type="nursery" />
<cycle-start id="417" type="scavenge" contextid="0" timestamp="2019-06-15T03:40:02.697" intervalms="18.804" />
<gc-start id="418" type="scavenge" contextid="417" timestamp="2019-06-15T03:40:02.697">
  <mem-info id="419" free="1959488" total="9437184" percent="20">
    <mem type="nursery" free="0" total="3407872" percent="0">
      <mem type="allocate" free="0" total="2555904" percent="0" />
      <mem type="survivor" free="0" total="851968" percent="0" />
    </mem>
    <mem type="tenure" free="1959488" total="6029312" percent="32">
      <mem type="soa" free="1710656" total="5728256" percent="29" />
      <mem type="loa" free="248832" total="301056" percent="82" />
    </mem>
    <remembered-set count="258" />
  </mem-info>
</gc-start>
<allocation-stats totalBytes="1843184" >
  <allocated-bytes non-tlh="81944" tlh="1761240" />
  <largest-consumer threadName="Thread-6" threadId="0000000002455D00" bytes="1024912" />
</allocation-stats>
<gc-op id="420" type="scavenge" timems="4.067" contextid="417" timestamp="2019-06-15T03:40:02.701">
  <scavenger-info tenureage="1" tenuremask="7ffe" tiltratio="75" />
  <memory-copied type="nursery" objects="750" bytes="285232" bytesdiscarded="263120" />
  <memory-copied type="tenure" objects="727" bytes="325264" bytesdiscarded="800" />
</gc-op>
<heap-resize id="421" type="expand" space="nursery" amount="393216" count="1" timems="0.013" reason="excessive time being spent scavenging" timestamp="2019-06-15T03:40:02.701" />
<gc-end id="422" type="scavenge" contextid="417" durationms="4.332" usertimems="4.000" systemtimems="0.000" timestamp="2019-06-15T03:40:02.701" activeThreads="4">
  <mem-info id="423" free="3908232" total="9830400" percent="39">
    <mem type="nursery" free="2335200" total="3801088" percent="61">
      <mem type="allocate" free="2335200" total="2883584" percent="80" />
      <mem type="survivor" free="0" total="917504" percent="0" />
    </mem>
    <mem type="tenure" free="1573032" total="6029312" percent="26">
      <mem type="soa" free="1324200" total="5728256" percent="23" />
      <mem type="loa" free="248832" total="301056" percent="82" />
    </mem>
    <remembered-set count="135" />
  </mem-info>
</gc-end>
<cycle-end id="424" type="scavenge" contextid="417" timestamp="2019-06-15T03:40:02.701" />
  <attribute name="elasticGC enabled" value="1" />
  <attribute name= "numThreadsSpecified" value="4" />
  <attribute name="heapSize specified" value="9437184" />
  <attribute name="Current GC Util" value="9" />
  <attribute name= "Current Time Running" value="1212" />
  <attribute name ="GC Interval" value="200" />
  <attribute name="ProportionalT" value="-5.500000" />
  <attribute name="ProportionalI" value="-5.500000" />
  <attribute name="ProportionalH" value="-5.500000" />
  <attribute name="Current Error" value="-11.000000" />
  <attribute name="IntegralT" value="-198.000000" />
  <attribute name="IntegralI" value="-198.000000" />
  <attribute name="IntegralH" value="-198.000000" />
  <attribute name="DerivativeT" value="-0.916667" />
  <attribute name="DerivativeI" value="-0.916667" />
  <attribute name="DerivativeH" value="-0.916667" />
  <attribute name="Loop Time for DT" value="18.000000" />
  <attribute name="Output H" value="2092630016"/>
  <attribute name="Output I" value="200"/>
  <attribute name="Output T" value="4"/>
  <attribute name="Target GC Util Change" value ="20.000000" />
  <attribute name="Current GC Util Change" value="9.000000"/>
  <attribute name="GC Util currently" value="9" />
  <attribute name="CPU Util currently" value="245415521618" />
<allocation-satisfied id="425" threadId="0000000002455D00" bytesRequested="16392" />
<af-end id="426" timestamp="2019-06-15T03:40:02.702" threadId="0000000002456688" success="true" from="nursery"/>
<exclusive-end id="427" timestamp="2019-06-15T03:40:02.702" durationms="4.991" />

<exclusive-start id="428" timestamp="2019-06-15T03:40:02.721" intervalms="24.022">
  <response-info timems="0.041" idlems="0.041" threads="0" lastid="000000000244A900" lastname="Thread-3" />
</exclusive-start>
<af-start id="429" threadId="000000000244B288" totalBytesRequested="48" timestamp="2019-06-15T03:40:02.721" intervalms="24.025" type="nursery" />
<cycle-start id="430" type="scavenge" contextid="0" timestamp="2019-06-15T03:40:02.721" intervalms="24.030" />
<gc-start id="431" type="scavenge" contextid="430" timestamp="2019-06-15T03:40:02.721">
  <mem-info id="432" free="1573032" total="9830400" percent="16">
    <mem type="nursery" free="0" total="3801088" percent="0">
      <mem type="allocate" free="0" total="2883584" percent="0" />
      <mem type="survivor" free="0" total="917504" percent="0" />
    </mem>
    <mem type="tenure" free="1573032" total="6029312" percent="26">
      <mem type="soa" free="1324200" total="5728256" percent="23" />
      <mem type="loa" free="248832" total="301056" percent="82" />
    </mem>
    <remembered-set count="334" />
  </mem-info>
</gc-start>
<allocation-stats totalBytes="2333232" >
  <allocated-bytes non-tlh="196664" tlh="2136568" />
  <largest-consumer threadName="Thread-5" threadId="0000000002452100" bytes="909152" />
</allocation-stats>
<gc-op id="433" type="scavenge" timems="0.682" contextid="430" timestamp="2019-06-15T03:40:02.722">
  <scavenger-info tenureage="2" tenuremask="7ffc" tiltratio="75" />
  <memory-copied type="nursery" objects="2302" bytes="915416" bytesdiscarded="2016" />
  <memory-copied type="tenure" objects="379" bytes="257776" bytesdiscarded="16" />
  <copy-failed type="nursery" objects="379" bytes="257792" />
</gc-op>
<gc-end id="434" type="scavenge" contextid="430" durationms="1.035" usertimems="0.000" systemtimems="0.000" timestamp="2019-06-15T03:40:02.722" activeThreads="4">
  <mem-info id="435" free="2310008" total="9830400" percent="23">
    <mem type="nursery" free="983040" total="3801088" percent="25">
      <mem type="allocate" free="983040" total="1900544" percent="51" />
      <mem type="survivor" free="0" total="1900544" percent="0" />
    </mem>
    <mem type="tenure" free="1326968" total="6029312" percent="22">
      <mem type="soa" free="1078136" total="5728256" percent="18" />
      <mem type="loa" free="248832" total="301056" percent="82" />
    </mem>
    <remembered-set count="184" />
  </mem-info>
</gc-end>
<cycle-end id="436" type="scavenge" contextid="430" timestamp="2019-06-15T03:40:02.722" />
  <attribute name="elasticGC enabled" value="1" />
  <attribute name= "numThreadsSpecified" value="4" />
  <attribute name="heapSize specified" value="9437184" />
  <attribute name="Current GC Util" value="26" />
  <attribute name= "Current Time Running" value="1237" />
  <attribute name ="GC Interval" value="200" />
  <attribute name="ProportionalT" value="3.000000" />
  <attribute name="ProportionalI" value="3.000000" />
  <attribute name="ProportionalH" value="3.000000" />
  <attribute name="Current Error" value="6.000000" />
  <attribute name="IntegralT" value="150.000000" />
  <attribute name="IntegralI" value="150.000000" />
  <attribute name="IntegralH" value="150.000000" />
  <attribute name="DerivativeT" value="0.360000" />
  <attribute name="DerivativeI" value="0.360000" />
  <attribute name="DerivativeH" value="0.360000" />
  <attribute name="Loop Time for DT" value="25.000000" />
  <attribute name="Output H" value="8388608"/>
  <attribute name="Output I" value="200"/>
  <attribute name="Output T" value="4"/>
  <attribute name="Target GC Util Change" value ="20.000000" />
  <attribute name="Current GC Util Change" value="26.000000"/>
  <attribute name="GC Util currently" value="26" />
  <attribute name="CPU Util currently" value="191830748909" />
<allocation-satisfied id="437" threadId="000000000244A900" bytesRequested="48" />
<af-end id="438" timestamp="2019-06-15T03:40:02.722" threadId="000000000244B288" success="true" from="nursery"/>
<exclusive-end id="439" timestamp="2019-06-15T03:40:02.722" durationms="1.534" />

<exclusive-start id="440" timestamp="2019-06-15T03:40:02.731" intervalms="10.441">
  <response-info timems="0.144" idlems="0.088" threads="2" lastid="000000000244A900" lastname="Thread-3" />
</exclusive-start>
<af-start id="441" threadId="000000000244EE88" totalBytesRequested="16392" timestamp="2019-06-15T03:40:02.731" intervalms="10.425" type="nursery" />
<cycle-start id="442" type="scavenge" contextid="0" timestamp="2019-06-15T03:40:02.731" intervalms="10.408" />
<gc-start id="443" type="scavenge" contextid="442" timestamp="2019-06-15T03:40:02.731">
  <mem-info id="444" free="1326968" total="9830400" percent="13">
    <mem type="nursery" free="0" total="3801088" percent="0">
      <mem type="allocate" free="0" total="1900544" percent="0" />
      <mem type="survivor" free="0" total="1900544" percent="0" />
    </mem>
    <mem type="tenure" free="1326968" total="6029312" percent="22">
      <mem type="soa" free="1078136" total="5728256" percent="18" />
      <mem type="loa" free="248832" total="301056" percent="82" />
    </mem>
    <remembered-set count="262" />
  </mem-info>
</gc-start>
<allocation-stats totalBytes="934808" >
  <allocated-bytes non-tlh="48" tlh="934760" />
  <largest-consumer threadName="Thread-5" threadId="0000000002452100" bytes="485064" />
</allocation-stats>
<gc-op id="445" type="scavenge" timems="0.402" contextid="442" timestamp="2019-06-15T03:40:02.732">
  <scavenger-info tenureage="1" tenuremask="7ffe" tiltratio="50" />
  <memory-copied type="nursery" objects="759" bytes="371992" bytesdiscarded="200696" />
  <memory-copied type="tenure" objects="1241" bytes="591688" bytesdiscarded="80" />
  <references type="phantom" candidates="1" cleared="0" enqueued="0" />
</gc-op>
<gc-end id="446" type="scavenge" contextid="442" durationms="0.561" usertimems="0.000" systemtimems="0.000" timestamp="2019-06-15T03:40:02.732" activeThreads="4">
  <mem-info id="447" free="2094848" total="9830400" percent="21">
    <mem type="nursery" free="1327824" total="3801088" percent="34">
      <mem type="allocate" free="1327824" total="1900544" percent="69" />
      <mem type="survivor" free="0" total="1900544" percent="0" />
    </mem>
    <mem type="tenure" free="767024" total="6029312" percent="12">
      <mem type="soa" free="518192" total="5728256" percent="9" />
      <mem type="loa" free="248832" total="301056" percent="82" />
    </mem>
    <remembered-set count="130" />
  </mem-info>
</gc-end>
<cycle-end id="448" type="scavenge" contextid="442" timestamp="2019-06-15T03:40:02.732" />
  <attribute name="elasticGC enabled" value="1" />
  <attribute name= "numThreadsSpecified" value="4" />
  <attribute name="heapSize specified" value="9437184" />
  <attribute name="Current GC Util" value="14" />
  <attribute name= "Current Time Running" value="1247" />
  <attribute name ="GC Interval" value="200" />
  <attribute name="ProportionalT" value="-3.000000" />
  <attribute name="ProportionalI" value="-3.000000" />
  <attribute name="ProportionalH" value="-3.000000" />
  <attribute name="Current Error" value="-6.000000" />
  <attribute name="IntegralT" value="-60.000000" />
  <attribute name="IntegralI" value="-60.000000" />
  <attribute name="IntegralH" value="-60.000000" />
  <attribute name="DerivativeT" value="-1.800000" />
  <attribute name="DerivativeI" value="-1.800000" />
  <attribute name="DerivativeH" value="-1.800000" />
  <attribute name="Loop Time for DT" value="10.000000" />
  <attribute name="Output H" value="2092630016"/>
  <attribute name="Output I" value="200"/>
  <attribute name="Output T" value="4"/>
  <attribute name="Target GC Util Change" value ="20.000000" />
  <attribute name="Current GC Util Change" value="14.000000"/>
  <attribute name="GC Util currently" value="14" />
  <attribute name="CPU Util currently" value="444611706292" />
<allocation-satisfied id="449" threadId="000000000244E500" bytesRequested="16392" />
<af-end id="450" timestamp="2019-06-15T03:40:02.732" threadId="000000000244EE88" success="true" from="nursery"/>
<exclusive-end id="451" timestamp="2019-06-15T03:40:02.732" durationms="0.915" />

<concurrent-kickoff id="452" timestamp="2019-06-15T03:40:02.744">
  <kickoff reason="threshold reached" targetBytes="1700626" thresholdFreeBytes="234564"  remainingFree="205496" tenureFreeBytes="767024" nurseryFreeBytes="205496" />
</concurrent-kickoff>
<exclusive-start id="453" timestamp="2019-06-15T03:40:02.744" intervalms="13.164">
  <response-info timems="0.149" idlems="0.082" threads="1" lastid="000000000244A900" lastname="Thread-3" />
</exclusive-start>
<cycle-start id="454" type="global" contextid="0" timestamp="2019-06-15T03:40:02.745" intervalms="195.163" />
<exclusive-end id="455" timestamp="2019-06-15T03:40:02.745" durationms="0.098" />

<exclusive-start id="456" timestamp="2019-06-15T03:40:02.751" intervalms="6.447">
  <response-info timems="0.028" idlems="0.028" threads="0" lastid="000000000244A900" lastname="Thread-3" />
</exclusive-start>
<af-start id="457" threadId="000000000244B288" totalBytesRequested="48" timestamp="2019-06-15T03:40:02.751" intervalms="19.621" type="nursery" />
<cycle-start id="458" type="scavenge" contextid="0" timestamp="2019-06-15T03:40:02.751" intervalms="19.635" />
<gc-start id="459" type="scavenge" contextid="458" timestamp="2019-06-15T03:40:02.751">
  <mem-info id="460" free="767024" total="9830400" percent="7">
    <mem type="nursery" free="0" total="3801088" percent="0">
      <mem type="allocate" free="0" total="1900544" percent="0" />
      <mem type="survivor" free="0" total="1900544" percent="0" />
    </mem>
    <mem type="tenure" free="767024" total="6029312" percent="12">
      <mem type="soa" free="518192" total="5728256" percent="9" />
      <mem type="loa" free="248832" total="301056" percent="82" />
    </mem>
    <remembered-set count="278" />
  </mem-info>
</gc-start>
<allocation-stats totalBytes="1326088" >
  <allocated-bytes non-tlh="81944" tlh="1244144" />
  <largest-consumer threadName="Thread-3" threadId="000000000244A900" bytes="462152" />
</allocation-stats>
<gc-op id="461" type="scavenge" timems="0.952" contextid="458" timestamp="2019-06-15T03:40:02.752">
  <scavenger-info tenureage="1" tenuremask="7ffe" tiltratio="50" />
  <memory-copied type="nursery" objects="1396" bytes="448296" bytesdiscarded="168216" />
  <memory-copied type="tenure" objects="708" bytes="367776" bytesdiscarded="840" />
</gc-op>
<gc-end id="462" type="scavenge" contextid="458" durationms="1.308" usertimems="0.000" systemtimems="4.000" timestamp="2019-06-15T03:40:02.752" activeThreads="4">
  <mem-info id="463" free="1810800" total="9830400" percent="18">
    <mem type="nursery" free="1415072" total="3801088" percent="37">
      <mem type="allocate" free="1415072" total="2031616" percent="69" />
      <mem type="survivor" free="0" total="1769472" percent="0" />
    </mem>
    <mem type="tenure" free="395728" total="6029312" percent="6">
      <mem type="soa" free="146896" total="5728256" percent="2" />
      <mem type="loa" free="248832" total="301056" percent="82" />
    </mem>
    <remembered-set count="187" />
  </mem-info>
</gc-end>
<cycle-end id="464" type="scavenge" contextid="458" timestamp="2019-06-15T03:40:02.753" />
  <attribute name="elasticGC enabled" value="1" />
  <attribute name= "numThreadsSpecified" value="4" />
  <attribute name="heapSize specified" value="9437184" />
  <attribute name="Current GC Util" value="5" />
  <attribute name= "Current Time Running" value="1267" />
  <attribute name ="GC Interval" value="200" />
  <attribute name="ProportionalT" value="-7.500000" />
  <attribute name="ProportionalI" value="-7.500000" />
  <attribute name="ProportionalH" value="-7.500000" />
  <attribute name="Current Error" value="-15.000000" />
  <attribute name="IntegralT" value="-300.000000" />
  <attribute name="IntegralI" value="-300.000000" />
  <attribute name="IntegralH" value="-300.000000" />
  <attribute name="DerivativeT" value="-1.125000" />
  <attribute name="DerivativeI" value="-1.125000" />
  <attribute name="DerivativeH" value="-1.125000" />
  <attribute name="Loop Time for DT" value="20.000000" />
  <attribute name="Output H" value="2092630016"/>
  <attribute name="Output I" value="200"/>
  <attribute name="Output T" value="4"/>
  <attribute name="Target GC Util Change" value ="20.000000" />
  <attribute name="Current GC Util Change" value="5.000000"/>
  <attribute name="GC Util currently" value="5" />
  <attribute name="CPU Util currently" value="234477375610" />
<allocation-satisfied id="465" threadId="000000000244A900" bytesRequested="48" />
<af-end id="466" timestamp="2019-06-15T03:40:02.754" threadId="000000000244B288" success="true" from="nursery"/>
<exclusive-end id="467" timestamp="2019-06-15T03:40:02.754" durationms="2.790" />

<exclusive-start id="468" timestamp="2019-06-15T03:40:02.755" intervalms="3.635">
  <response-info timems="0.018" idlems="0.018" threads="0" lastid="0000000002455D00" lastname="Thread-6" />
</exclusive-start>
<concurrent-collection-start id="469" timestamp="2019-06-15T03:40:02.755" intervalms="182.345" >
  <concurrent-trace-info reason="card cleaning threshold reached" tracedByMutators="588988" tracedByHelpers="801444" cardsCleaned="112" workStackOverflowCount="0" />
</concurrent-collection-start>
<gc-start id="470" type="global" contextid="454" timestamp="2019-06-15T03:40:02.755">
  <mem-info id="471" free="1601848" total="9830400" percent="16">
    <mem type="nursery" free="1206120" total="3801088" percent="31">
      <mem type="allocate" free="1206120" total="2031616" percent="59" />
      <mem type="survivor" free="0" total="1769472" percent="0" />
    </mem>
    <mem type="tenure" free="395728" total="6029312" percent="6">
      <mem type="soa" free="146896" total="5728256" percent="2" />
      <mem type="loa" free="248832" total="301056" percent="82" />
    </mem>
    <remembered-set count="198" />
  </mem-info>
</gc-start>
<allocation-stats totalBytes="208904" >
  <allocated-bytes non-tlh="32824" tlh="176080" />
  <largest-consumer threadName="Thread-6" threadId="0000000002455D00" bytes="98264" />
</allocation-stats>
<gc-op id="472" type="rs-scan" timems="0.480" contextid="454" timestamp="2019-06-15T03:40:02.755">
  <scan objectsFound="87" bytesTraced="40500" workStackOverflowCount="0" />
</gc-op>
<gc-op id="473" type="card-cleaning" timems="1.174" contextid="454" timestamp="2019-06-15T03:40:02.756">
  <card-cleaning cardsCleaned="16" bytesTraced="246912" workStackOverflowCount="0" />
</gc-op>
<gc-op id="474" type="mark" timems="1.330" contextid="454" timestamp="2019-06-15T03:40:02.758">
  <trace-info objectcount="1051" scancount="894" scanbytes="130744" />
  <finalization candidates="25" enqueued="0" />
  <references type="soft" candidates="164" cleared="0" enqueued="0" dynamicThreshold="17" maxThreshold="32" />
  <references type="weak" candidates="234" cleared="0" enqueued="0" />
  <references type="phantom" candidates="65" cleared="0" enqueued="0" />
  <stringconstants candidates="3963" cleared="0"  />
</gc-op>
<gc-op id="475" type="sweep" timems="0.687" contextid="454" timestamp="2019-06-15T03:40:02.759" />
<mem-info id="476" free="4559712" total="9830400" percent="46">
  <mem type="nursery" free="1561920" total="3801088" percent="41">
    <mem type="allocate" free="1561920" total="2031616" percent="76" />
    <mem type="survivor" free="0" total="1769472" percent="0" />
  </mem>
  <mem type="tenure" free="2997792" total="6029312" percent="49" micro-fragmented="6658" macro-fragmented="0">
    <mem type="soa" free="2696736" total="5728256" percent="47" />
    <mem type="loa" free="301056" total="301056" percent="100" />
  </mem>
  <remembered-set count="178" />
</mem-info>
<gc-op id="477" type="compact" timems="7.763" contextid="454" timestamp="2019-06-15T03:40:02.767">
  <compact-info movecount="23594" movebytes="2770672" reason="compact to aid heap contraction" />
</gc-op>
<heap-resize id="478" type="contract" space="tenure" amount="262144" count="1" timems="0.075" reason="heap reconfiguration" timestamp="2019-06-15T03:40:02.767" />
<gc-end id="479" type="global" contextid="454" durationms="12.626" usertimems="20.000" systemtimems="0.000" timestamp="2019-06-15T03:40:02.767" activeThreads="4">
  <mem-info id="480" free="4270552" total="9568256" percent="44">
    <mem type="nursery" free="1565720" total="3801088" percent="41">
      <mem type="allocate" free="1565720" total="2031616" percent="77" />
      <mem type="survivor" free="0" total="1769472" percent="0" />
    </mem>
    <mem type="tenure" free="2704832" total="5767168" percent="46">
      <mem type="soa" free="2456000" total="5479424" percent="44" />
      <mem type="loa" free="248832" total="287744" percent="86" />
    </mem>
    <remembered-set count="178" />
  </mem-info>
</gc-end>
<cycle-end id="481" type="global" contextid="454" timestamp="2019-06-15T03:40:02.767" />
  <attribute name="elasticGC enabled" value="1" />
  <attribute name= "numThreadsSpecified" value="4" />
  <attribute name="heapSize specified" value="9830400" />
  <attribute name="Current GC Util" value="68" />
  <attribute name= "Current Time Running" value="1282" />
  <attribute name ="GC Interval" value="200" />
  <attribute name="ProportionalT" value="24.000000" />
  <attribute name="ProportionalI" value="24.000000" />
  <attribute name="ProportionalH" value="24.000000" />
  <attribute name="Current Error" value="48.000000" />
  <attribute name="IntegralT" value="384.000000" />
  <attribute name="IntegralI" value="384.000000" />
  <attribute name="IntegralH" value="384.000000" />
  <attribute name="DerivativeT" value="-18.187500" />
  <attribute name="DerivativeI" value="-18.187500" />
  <attribute name="DerivativeH" value="-18.187500" />
  <attribute name="Loop Time for DT" value="8.000000" />
  <attribute name="Output H" value="8388608"/>
  <attribute name="Output I" value="392"/>
  <attribute name="Output T" value="4"/>
  <attribute name="Target GC Util Change" value ="20.000000" />
  <attribute name="Current GC Util Change" value="68.000000"/>
  <attribute name="GC Util currently" value="68" />
  <attribute name="CPU Util currently" value="581525402051" />
<concurrent-collection-end id="482" timestamp="2019-06-15T03:40:02.768" />
<exclusive-end id="483" timestamp="2019-06-15T03:40:02.768" durationms="13.105" />

<exclusive-start id="484" timestamp="2019-06-15T03:40:02.786" intervalms="30.979">
  <response-info timems="2.121" idlems="1.068" threads="1" lastid="0000000002452100" lastname="Thread-5" />
</exclusive-start>
<af-start id="485" threadId="0000000002456688" totalBytesRequested="16392" timestamp="2019-06-15T03:40:02.786" intervalms="34.625" type="nursery" />
<cycle-start id="486" type="scavenge" contextid="0" timestamp="2019-06-15T03:40:02.786" intervalms="34.622" />
<gc-start id="487" type="scavenge" contextid="486" timestamp="2019-06-15T03:40:02.786">
  <mem-info id="488" free="2704832" total="9568256" percent="28">
    <mem type="nursery" free="0" total="3801088" percent="0">
      <mem type="allocate" free="0" total="2031616" percent="0" />
      <mem type="survivor" free="0" total="1769472" percent="0" />
    </mem>
    <mem type="tenure" free="2704832" total="5767168" percent="46">
      <mem type="soa" free="2456000" total="5479424" percent="44" />
      <mem type="loa" free="248832" total="287744" percent="86" />
    </mem>
    <remembered-set count="334" />
  </mem-info>
</gc-start>
<allocation-stats totalBytes="1496944" >
  <allocated-bytes non-tlh="196672" tlh="1300272" />
  <largest-consumer threadName="Thread-4" threadId="000000000244E500" bytes="511504" />
</allocation-stats>
<gc-op id="489" type="scavenge" timems="2.033" contextid="486" timestamp="2019-06-15T03:40:02.788">
  <scavenger-info tenureage="1" tenuremask="7ffe" tiltratio="53" />
  <memory-copied type="nursery" objects="1265" bytes="567264" bytesdiscarded="169816" />
  <memory-copied type="tenure" objects="201" bytes="80032" bytesdiscarded="408" />
</gc-op>
<gc-end id="490" type="scavenge" contextid="486" durationms="2.251" usertimems="0.000" systemtimems="4.000" timestamp="2019-06-15T03:40:02.788" activeThreads="4">
  <mem-info id="491" free="3992128" total="9568256" percent="41">
    <mem type="nursery" free="1491080" total="3801088" percent="39">
      <mem type="allocate" free="1491080" total="2228224" percent="66" />
      <mem type="survivor" free="0" total="1572864" percent="0" />
    </mem>
    <mem type="tenure" free="2501048" total="5767168" percent="43">
      <mem type="soa" free="2252216" total="5479424" percent="41" />
      <mem type="loa" free="248832" total="287744" percent="86" />
    </mem>
    <remembered-set count="135" />
  </mem-info>
</gc-end>
<cycle-end id="492" type="scavenge" contextid="486" timestamp="2019-06-15T03:40:02.788" />
  <attribute name="elasticGC enabled" value="1" />
  <attribute name= "numThreadsSpecified" value="4" />
  <attribute name="heapSize specified" value="9830400" />
  <attribute name="Current GC Util" value="37" />
  <attribute name= "Current Time Running" value="1301" />
  <attribute name ="GC Interval" value="336" />
  <attribute name="ProportionalT" value="8.500000" />
  <attribute name="ProportionalI" value="8.500000" />
  <attribute name="ProportionalH" value="8.500000" />
  <attribute name="Current Error" value="17.000000" />
  <attribute name="IntegralT" value="323.000000" />
  <attribute name="IntegralI" value="323.000000" />
  <attribute name="IntegralH" value="323.000000" />
  <attribute name="DerivativeT" value="-2.447368" />
  <attribute name="DerivativeI" value="-2.447368" />
  <attribute name="DerivativeH" value="-2.447368" />
  <attribute name="Loop Time for DT" value="19.000000" />
  <attribute name="Output H" value="8388608"/>
  <attribute name="Output I" value="336"/>
  <attribute name="Output T" value="4"/>
  <attribute name="Target GC Util Change" value ="20.000000" />
  <attribute name="Current GC Util Change" value="37.000000"/>
  <attribute name="GC Util currently" value="37" />
  <attribute name="CPU Util currently" value="242722462815" />
<allocation-satisfied id="493" threadId="0000000002455D00" bytesRequested="16392" />
<af-end id="494" timestamp="2019-06-15T03:40:02.788" threadId="0000000002456688" success="true" from="nursery"/>
<exclusive-end id="495" timestamp="2019-06-15T03:40:02.788" durationms="2.802" />

<exclusive-start id="496" timestamp="2019-06-15T03:40:02.805" intervalms="19.868">
  <response-info timems="0.037" idlems="0.037" threads="0" lastid="0000000002455D00" lastname="Thread-6" />
</exclusive-start>
<af-start id="497" threadId="0000000002456688" totalBytesRequested="48" timestamp="2019-06-15T03:40:02.805" intervalms="19.860" type="nursery" />
<cycle-start id="498" type="scavenge" contextid="0" timestamp="2019-06-15T03:40:02.806" intervalms="19.862" />
<gc-start id="499" type="scavenge" contextid="498" timestamp="2019-06-15T03:40:02.806">
  <mem-info id="500" free="2501048" total="9568256" percent="26">
    <mem type="nursery" free="0" total="3801088" percent="0">
      <mem type="allocate" free="0" total="2228224" percent="0" />
      <mem type="survivor" free="0" total="1572864" percent="0" />
    </mem>
    <mem type="tenure" free="2501048" total="5767168" percent="43">
      <mem type="soa" free="2252216" total="5479424" percent="41" />
      <mem type="loa" free="248832" total="287744" percent="86" />
    </mem>
    <remembered-set count="255" />
  </mem-info>
</gc-start>
<allocation-stats totalBytes="1462232" >
  <allocated-bytes non-tlh="131112" tlh="1331120" />
  <largest-consumer threadName="Thread-6" threadId="0000000002455D00" bytes="687752" />
</allocation-stats>
<gc-op id="501" type="scavenge" timems="0.716" contextid="498" timestamp="2019-06-15T03:40:02.806">
  <scavenger-info tenureage="1" tenuremask="7ffe" tiltratio="58" />
  <memory-copied type="nursery" objects="1204" bytes="502520" bytesdiscarded="50264" />
  <memory-copied type="tenure" objects="695" bytes="318816" bytesdiscarded="160" />
</gc-op>
<gc-end id="502" type="scavenge" contextid="498" durationms="0.904" usertimems="0.000" systemtimems="0.000" timestamp="2019-06-15T03:40:02.807" activeThreads="1">
  <mem-info id="503" free="3954680" total="9568256" percent="41">
    <mem type="nursery" free="1872016" total="3801088" percent="49">
      <mem type="allocate" free="1872016" total="2424832" percent="77" />
      <mem type="survivor" free="0" total="1376256" percent="0" />
    </mem>
    <mem type="tenure" free="2082664" total="5767168" percent="36">
      <mem type="soa" free="1833832" total="5479424" percent="33" />
      <mem type="loa" free="248832" total="287744" percent="86" />
    </mem>
    <remembered-set count="129" />
  </mem-info>
</gc-end>
<cycle-end id="504" type="scavenge" contextid="498" timestamp="2019-06-15T03:40:02.807" />
  <attribute name="elasticGC enabled" value="1" />
  <attribute name= "numThreadsSpecified" value="1" />
  <attribute name="heapSize specified" value="9830400" />
  <attribute name="Current GC Util" value="20" />
  <attribute name= "Current Time Running" value="1321" />
  <attribute name ="GC Interval" value="200" />
  <attribute name="ProportionalT" value="0.000000" />
  <attribute name="ProportionalI" value="0.000000" />
  <attribute name="ProportionalH" value="0.000000" />
  <attribute name="Current Error" value="0.000000" />
  <attribute name="IntegralT" value="0.000000" />
  <attribute name="IntegralI" value="0.000000" />
  <attribute name="IntegralH" value="0.000000" />
  <attribute name="DerivativeT" value="-1.275000" />
  <attribute name="DerivativeI" value="-1.275000" />
  <attribute name="DerivativeH" value="-1.275000" />
  <attribute name="Loop Time for DT" value="20.000000" />
  <attribute name="Output H" value="8388608"/>
  <attribute name="Output I" value="200"/>
  <attribute name="Output T" value="1"/>
  <attribute name="Target GC Util Change" value ="20.000000" />
  <attribute name="Current GC Util Change" value="20.000000"/>
  <attribute name="GC Util currently" value="20" />
  <attribute name="CPU Util currently" value="232180004316" />
<allocation-satisfied id="505" threadId="0000000002455D00" bytesRequested="48" />
<af-end id="506" timestamp="2019-06-15T03:40:02.807" threadId="0000000002456688" success="true" from="nursery"/>
<exclusive-end id="507" timestamp="2019-06-15T03:40:02.807" durationms="1.335" />

<exclusive-start id="508" timestamp="2019-06-15T03:40:02.823" intervalms="17.686">
  <response-info timems="0.045" idlems="0.045" threads="0" lastid="0000000002455D00" lastname="Thread-6" />
</exclusive-start>
<af-start id="509" threadId="0000000002456688" totalBytesRequested="16392" timestamp="2019-06-15T03:40:02.823" intervalms="17.685" type="nursery" />
<cycle-start id="510" type="scavenge" contextid="0" timestamp="2019-06-15T03:40:02.823" intervalms="17.686" />
<gc-start id="511" type="scavenge" contextid="510" timestamp="2019-06-15T03:40:02.823">
  <mem-info id="512" free="2082664" total="9568256" percent="21">
    <mem type="nursery" free="0" total="3801088" percent="0">
      <mem type="allocate" free="0" total="2424832" percent="0" />
      <mem type="survivor" free="0" total="1376256" percent="0" />
    </mem>
    <mem type="tenure" free="2082664" total="5767168" percent="36">
      <mem type="soa" free="1833832" total="5479424" percent="33" />
      <mem type="loa" free="248832" total="287744" percent="86" />
    </mem>
    <remembered-set count="273" />
  </mem-info>
</gc-start>
<allocation-stats totalBytes="1806920" >
  <allocated-bytes non-tlh="32824" tlh="1774096" />
  <largest-consumer threadName="Thread-4" threadId="000000000244E500" bytes="819848" />
</allocation-stats>
<gc-op id="513" type="scavenge" timems="1.713" contextid="510" timestamp="2019-06-15T03:40:02.825">
  <scavenger-info tenureage="1" tenuremask="7ffe" tiltratio="63" />
  <memory-copied type="nursery" objects="646" bytes="243776" bytesdiscarded="226736" />
  <memory-copied type="tenure" objects="684" bytes="288336" bytesdiscarded="72" />
  <references type="phantom" candidates="1" cleared="0" enqueued="0" />
</gc-op>
<heap-resize id="514" type="expand" space="nursery" amount="262144" count="1" timems="0.014" reason="excessive time being spent scavenging" timestamp="2019-06-15T03:40:02.825" />
<gc-end id="515" type="scavenge" contextid="510" durationms="2.010" usertimems="0.000" systemtimems="4.000" timestamp="2019-06-15T03:40:02.825" activeThreads="4">
  <mem-info id="516" free="4053024" total="9830400" percent="41">
    <mem type="nursery" free="2216424" total="4063232" percent="54">
      <mem type="allocate" free="2216424" total="2686976" percent="82" />
      <mem type="survivor" free="0" total="1376256" percent="0" />
    </mem>
    <mem type="tenure" free="1836600" total="5767168" percent="31">
      <mem type="soa" free="1587768" total="5479424" percent="28" />
      <mem type="loa" free="248832" total="287744" percent="86" />
    </mem>
    <remembered-set count="156" />
  </mem-info>
</gc-end>
<cycle-end id="517" type="scavenge" contextid="510" timestamp="2019-06-15T03:40:02.825" />
  <attribute name="elasticGC enabled" value="1" />
  <attribute name= "numThreadsSpecified" value="4" />
  <attribute name="heapSize specified" value="9830400" />
  <attribute name="Current GC Util" value="4" />
  <attribute name= "Current Time Running" value="1339" />
  <attribute name ="GC Interval" value="200" />
  <attribute name="ProportionalT" value="-8.000000" />
  <attribute name="ProportionalI" value="-8.000000" />
  <attribute name="ProportionalH" value="-8.000000" />
  <attribute name="Current Error" value="-16.000000" />
  <attribute name="IntegralT" value="-288.000000" />
  <attribute name="IntegralI" value="-288.000000" />
  <attribute name="IntegralH" value="-288.000000" />
  <attribute name="DerivativeT" value="-1.333333" />
  <attribute name="DerivativeI" value="-1.333333" />
  <attribute name="DerivativeH" value="-1.333333" />
  <attribute name="Loop Time for DT" value="18.000000" />
  <attribute name="Output H" value="2092630016"/>
  <attribute name="Output I" value="200"/>
  <attribute name="Output T" value="4"/>
  <attribute name="Target GC Util Change" value ="20.000000" />
  <attribute name="Current GC Util Change" value="4.000000"/>
  <attribute name="GC Util currently" value="4" />
  <attribute name="CPU Util currently" value="260740696260" />
<allocation-satisfied id="518" threadId="0000000002455D00" bytesRequested="16392" />
<af-end id="519" timestamp="2019-06-15T03:40:02.826" threadId="0000000002456688" success="true" from="nursery"/>
<exclusive-end id="520" timestamp="2019-06-15T03:40:02.826" durationms="2.477" />

<exclusive-start id="521" timestamp="2019-06-15T03:40:02.843" intervalms="19.776">
  <response-info timems="0.046" idlems="0.046" threads="0" lastid="000000000244E500" lastname="Thread-4" />
</exclusive-start>
<af-start id="522" threadId="000000000244EE88" totalBytesRequested="48" timestamp="2019-06-15T03:40:02.843" intervalms="19.763" type="nursery" />
<cycle-start id="523" type="scavenge" contextid="0" timestamp="2019-06-15T03:40:02.843" intervalms="19.750" />
<gc-start id="524" type="scavenge" contextid="523" timestamp="2019-06-15T03:40:02.843">
  <mem-info id="525" free="1836600" total="9830400" percent="18">
    <mem type="nursery" free="0" total="4063232" percent="0">
      <mem type="allocate" free="0" total="2686976" percent="0" />
      <mem type="survivor" free="0" total="1376256" percent="0" />
    </mem>
    <mem type="tenure" free="1836600" total="5767168" percent="31">
      <mem type="soa" free="1587768" total="5479424" percent="28" />
      <mem type="loa" free="248832" total="287744" percent="86" />
    </mem>
    <remembered-set count="330" />
  </mem-info>
</gc-start>
<allocation-stats totalBytes="2212216" >
  <allocated-bytes non-tlh="49168" tlh="2163048" />
  <largest-consumer threadName="Thread-5" threadId="0000000002452100" bytes="883216" />
</allocation-stats>
<gc-op id="526" type="scavenge" timems="1.338" contextid="523" timestamp="2019-06-15T03:40:02.844">
  <scavenger-info tenureage="2" tenuremask="7ffc" tiltratio="66" />
  <memory-copied type="nursery" objects="1853" bytes="785888" bytesdiscarded="267304" />
  <references type="phantom" candidates="1" cleared="0" enqueued="0" />
</gc-op>
<gc-end id="527" type="scavenge" contextid="523" durationms="1.501" usertimems="0.000" systemtimems="0.000" timestamp="2019-06-15T03:40:02.845" activeThreads="4">
  <mem-info id="528" free="3404776" total="9830400" percent="34">
    <mem type="nursery" free="1568176" total="4063232" percent="38">
      <mem type="allocate" free="1568176" total="2621440" percent="59" />
      <mem type="survivor" free="0" total="1441792" percent="0" />
    </mem>
    <mem type="tenure" free="1836600" total="5767168" percent="31">
      <mem type="soa" free="1587768" total="5479424" percent="28" />
      <mem type="loa" free="248832" total="287744" percent="86" />
    </mem>
    <remembered-set count="154" />
  </mem-info>
</gc-end>
<cycle-end id="529" type="scavenge" contextid="523" timestamp="2019-06-15T03:40:02.845" />
  <attribute name="elasticGC enabled" value="1" />
  <attribute name= "numThreadsSpecified" value="4" />
  <attribute name="heapSize specified" value="9830400" />
  <attribute name="Current GC Util" value="22" />
  <attribute name= "Current Time Running" value="1358" />
  <attribute name ="GC Interval" value="200" />
  <attribute name="ProportionalT" value="1.000000" />
  <attribute name="ProportionalI" value="1.000000" />
  <attribute name="ProportionalH" value="1.000000" />
  <attribute name="Current Error" value="2.000000" />
  <attribute name="IntegralT" value="38.000000" />
  <attribute name="IntegralI" value="38.000000" />
  <attribute name="IntegralH" value="38.000000" />
  <attribute name="DerivativeT" value="0.157895" />
  <attribute name="DerivativeI" value="0.157895" />
  <attribute name="DerivativeH" value="0.157895" />
  <attribute name="Loop Time for DT" value="19.000000" />
  <attribute name="Output H" value="8388608"/>
  <attribute name="Output I" value="200"/>
  <attribute name="Output T" value="4"/>
  <attribute name="Target GC Util Change" value ="20.000000" />
  <attribute name="Current GC Util Change" value="22.000000"/>
  <attribute name="GC Util currently" value="22" />
  <attribute name="CPU Util currently" value="233842202058" />
<allocation-satisfied id="530" threadId="000000000244E500" bytesRequested="48" />
<af-end id="531" timestamp="2019-06-15T03:40:02.845" threadId="000000000244EE88" success="true" from="nursery"/>
<exclusive-end id="532" timestamp="2019-06-15T03:40:02.845" durationms="1.850" />

<exclusive-start id="533" timestamp="2019-06-15T03:40:02.858" intervalms="15.355">
  <response-info timems="0.038" idlems="0.038" threads="0" lastid="0000000002455D00" lastname="Thread-6" />
</exclusive-start>
<af-start id="534" threadId="0000000002456688" totalBytesRequested="16392" timestamp="2019-06-15T03:40:02.858" intervalms="15.364" type="nursery" />
<cycle-start id="535" type="scavenge" contextid="0" timestamp="2019-06-15T03:40:02.858" intervalms="15.376" />
<gc-start id="536" type="scavenge" contextid="535" timestamp="2019-06-15T03:40:02.858">
  <mem-info id="537" free="1836600" total="9830400" percent="18">
    <mem type="nursery" free="0" total="4063232" percent="0">
      <mem type="allocate" free="0" total="2621440" percent="0" />
      <mem type="survivor" free="0" total="1441792" percent="0" />
    </mem>
    <mem type="tenure" free="1836600" total="5767168" percent="31">
      <mem type="soa" free="1587768" total="5479424" percent="28" />
      <mem type="loa" free="248832" total="287744" percent="86" />
    </mem>
    <remembered-set count="302" />
  </mem-info>
</gc-start>
<allocation-stats totalBytes="1515000" >
  <allocated-bytes non-tlh="98376" tlh="1416624" />
  <largest-consumer threadName="Thread-3" threadId="000000000244A900" bytes="565080" />
</allocation-stats>
<gc-op id="538" type="scavenge" timems="0.690" contextid="535" timestamp="2019-06-15T03:40:02.859">
  <scavenger-info tenureage="2" tenuremask="7ffc" tiltratio="64" />
  <memory-copied type="nursery" objects="1850" bytes="801416" bytesdiscarded="114608" />
  <memory-copied type="tenure" objects="92" bytes="40816" bytesdiscarded="0" />
  <references type="weak" candidates="1" cleared="0" enqueued="0" />
  <references type="phantom" candidates="2" cleared="0" enqueued="0" />
</gc-op>
<gc-end id="539" type="scavenge" contextid="535" durationms="0.874" usertimems="0.000" systemtimems="0.000" timestamp="2019-06-15T03:40:02.859" activeThreads="1">
  <mem-info id="540" free="3935144" total="9830400" percent="40">
    <mem type="nursery" free="2098544" total="4063232" percent="51">
      <mem type="allocate" free="2098544" total="3014656" percent="69" />
      <mem type="survivor" free="0" total="1048576" percent="0" />
    </mem>
    <mem type="tenure" free="1836600" total="5767168" percent="31">
      <mem type="soa" free="1587768" total="5479424" percent="28" />
      <mem type="loa" free="248832" total="287744" percent="86" />
    </mem>
    <remembered-set count="131" />
  </mem-info>
</gc-end>
<cycle-end id="541" type="scavenge" contextid="535" timestamp="2019-06-15T03:40:02.859" />
  <attribute name="elasticGC enabled" value="1" />
  <attribute name= "numThreadsSpecified" value="1" />
  <attribute name="heapSize specified" value="9830400" />
  <attribute name="Current GC Util" value="20" />
  <attribute name= "Current Time Running" value="1374" />
  <attribute name ="GC Interval" value="200" />
  <attribute name="ProportionalT" value="0.000000" />
  <attribute name="ProportionalI" value="0.000000" />
  <attribute name="ProportionalH" value="0.000000" />
  <attribute name="Current Error" value="0.000000" />
  <attribute name="IntegralT" value="0.000000" />
  <attribute name="IntegralI" value="0.000000" />
  <attribute name="IntegralH" value="0.000000" />
  <attribute name="DerivativeT" value="-0.187500" />
  <attribute name="DerivativeI" value="-0.187500" />
  <attribute name="DerivativeH" value="-0.187500" />
  <attribute name="Loop Time for DT" value="16.000000" />
  <attribute name="Output H" value="8388608"/>
  <attribute name="Output I" value="200"/>
  <attribute name="Output T" value="1"/>
  <attribute name="Target GC Util Change" value ="20.000000" />
  <attribute name="Current GC Util Change" value="20.000000"/>
  <attribute name="GC Util currently" value="20" />
  <attribute name="CPU Util currently" value="299419592578" />
<allocation-satisfied id="542" threadId="0000000002455D00" bytesRequested="16392" />
<af-end id="543" timestamp="2019-06-15T03:40:02.859" threadId="0000000002456688" success="true" from="nursery"/>
<exclusive-end id="544" timestamp="2019-06-15T03:40:02.860" durationms="1.299" />

<exclusive-start id="545" timestamp="2019-06-15T03:40:02.880" intervalms="21.486">
  <response-info timems="0.041" idlems="0.041" threads="0" lastid="000000000244E500" lastname="Thread-4" />
</exclusive-start>
<af-start id="546" threadId="000000000244EE88" totalBytesRequested="48" timestamp="2019-06-15T03:40:02.880" intervalms="21.496" type="nursery" />
<cycle-start id="547" type="scavenge" contextid="0" timestamp="2019-06-15T03:40:02.880" intervalms="21.486" />
<gc-start id="548" type="scavenge" contextid="547" timestamp="2019-06-15T03:40:02.880">
  <mem-info id="549" free="1836600" total="9830400" percent="18">
    <mem type="nursery" free="0" total="4063232" percent="0">
      <mem type="allocate" free="0" total="3014656" percent="0" />
      <mem type="survivor" free="0" total="1048576" percent="0" />
    </mem>
    <mem type="tenure" free="1836600" total="5767168" percent="31">
      <mem type="soa" free="1587768" total="5479424" percent="28" />
      <mem type="loa" free="248832" total="287744" percent="86" />
    </mem>
    <remembered-set count="313" />
  </mem-info>
</gc-start>
<allocation-stats totalBytes="2078144" >
  <allocated-bytes non-tlh="81944" tlh="1996200" />
  <largest-consumer threadName="Thread-6" threadId="0000000002455D00" bytes="736480" />
</allocation-stats>
<gc-op id="550" type="scavenge" timems="1.098" contextid="547" timestamp="2019-06-15T03:40:02.881">
  <scavenger-info tenureage="2" tenuremask="7ffc" tiltratio="74" />
  <memory-copied type="nursery" objects="2692" bytes="958288" bytesdiscarded="90224" />
  <memory-copied type="tenure" objects="127" bytes="111080" bytesdiscarded="696" />
  <copy-failed type="nursery" objects="76" bytes="72968" />
</gc-op>
<gc-end id="551" type="scavenge" contextid="547" durationms="1.262" usertimems="4.000" systemtimems="0.000" timestamp="2019-06-15T03:40:02.881" activeThreads="4">
  <mem-info id="552" free="3330072" total="9830400" percent="33">
    <mem type="nursery" free="1638400" total="4063232" percent="40">
      <mem type="allocate" free="1638400" total="2686976" percent="60" />
      <mem type="survivor" free="0" total="1376256" percent="0" />
    </mem>
    <mem type="tenure" free="1691672" total="5767168" percent="29">
      <mem type="soa" free="1442840" total="5479424" percent="26" />
      <mem type="loa" free="248832" total="287744" percent="86" />
    </mem>
    <remembered-set count="108" />
  </mem-info>
</gc-end>
<cycle-end id="553" type="scavenge" contextid="547" timestamp="2019-06-15T03:40:02.881" />
  <attribute name="elasticGC enabled" value="1" />
  <attribute name= "numThreadsSpecified" value="4" />
  <attribute name="heapSize specified" value="9830400" />
  <attribute name="Current GC Util" value="3" />
  <attribute name= "Current Time Running" value="1395" />
  <attribute name ="GC Interval" value="200" />
  <attribute name="ProportionalT" value="-8.500000" />
  <attribute name="ProportionalI" value="-8.500000" />
  <attribute name="ProportionalH" value="-8.500000" />
  <attribute name="Current Error" value="-17.000000" />
  <attribute name="IntegralT" value="-357.000000" />
  <attribute name="IntegralI" value="-357.000000" />
  <attribute name="IntegralH" value="-357.000000" />
  <attribute name="DerivativeT" value="-1.214286" />
  <attribute name="DerivativeI" value="-1.214286" />
  <attribute name="DerivativeH" value="-1.214286" />
  <attribute name="Loop Time for DT" value="21.000000" />
  <attribute name="Output H" value="2092630016"/>
  <attribute name="Output I" value="200"/>
  <attribute name="Output T" value="4"/>
  <attribute name="Target GC Util Change" value ="20.000000" />
  <attribute name="Current GC Util Change" value="3.000000"/>
  <attribute name="GC Util currently" value="3" />
  <attribute name="CPU Util currently" value="214880901259" />
<allocation-satisfied id="554" threadId="000000000244E500" bytesRequested="48" />
<af-end id="555" timestamp="2019-06-15T03:40:02.881" threadId="000000000244EE88" success="true" from="nursery"/>
<exclusive-end id="556" timestamp="2019-06-15T03:40:02.881" durationms="1.635" />

<exclusive-start id="557" timestamp="2019-06-15T03:40:02.893" intervalms="13.253">
  <response-info timems="0.034" idlems="0.034" threads="0" lastid="0000000002455D00" lastname="Thread-6" />
</exclusive-start>
<af-start id="558" threadId="0000000002456688" totalBytesRequested="48" timestamp="2019-06-15T03:40:02.893" intervalms="13.257" type="nursery" />
<cycle-start id="559" type="scavenge" contextid="0" timestamp="2019-06-15T03:40:02.893" intervalms="13.267" />
<gc-start id="560" type="scavenge" contextid="559" timestamp="2019-06-15T03:40:02.893">
  <mem-info id="561" free="1691672" total="9830400" percent="17">
    <mem type="nursery" free="0" total="4063232" percent="0">
      <mem type="allocate" free="0" total="2686976" percent="0" />
      <mem type="survivor" free="0" total="1376256" percent="0" />
    </mem>
    <mem type="tenure" free="1691672" total="5767168" percent="29">
      <mem type="soa" free="1442840" total="5479424" percent="26" />
      <mem type="loa" free="248832" total="287744" percent="86" />
    </mem>
    <remembered-set count="244" />
  </mem-info>
</gc-start>
<allocation-stats totalBytes="1559384" >
  <allocated-bytes non-tlh="65600" tlh="1493784" />
  <largest-consumer threadName="Thread-5" threadId="0000000002452100" bytes="785080" />
</allocation-stats>
<gc-op id="562" type="scavenge" timems="1.012" contextid="559" timestamp="2019-06-15T03:40:02.894">
  <scavenger-info tenureage="1" tenuremask="7ffe" tiltratio="66" />
  <memory-copied type="nursery" objects="1207" bytes="454816" bytesdiscarded="282488" />
  <memory-copied type="tenure" objects="1404" bytes="549616" bytesdiscarded="776" />
  <references type="phantom" candidates="1" cleared="0" enqueued="0" />
</gc-op>
<heap-resize id="563" type="expand" space="nursery" amount="262144" count="1" timems="0.015" reason="excessive time being spent scavenging" timestamp="2019-06-15T03:40:02.894" />
<gc-end id="564" type="scavenge" contextid="559" durationms="1.265" usertimems="4.000" systemtimems="0.000" timestamp="2019-06-15T03:40:02.894" activeThreads="4">
  <mem-info id="565" free="3207808" total="10092544" percent="31">
    <mem type="nursery" free="2080704" total="4325376" percent="48">
      <mem type="allocate" free="2080704" total="2818048" percent="73" />
      <mem type="survivor" free="0" total="1507328" percent="0" />
    </mem>
    <mem type="tenure" free="1127104" total="5767168" percent="19">
      <mem type="soa" free="878272" total="5479424" percent="16" />
      <mem type="loa" free="248832" total="287744" percent="86" />
    </mem>
    <remembered-set count="135" />
  </mem-info>
</gc-end>
<cycle-end id="566" type="scavenge" contextid="559" timestamp="2019-06-15T03:40:02.895" />
  <attribute name="elasticGC enabled" value="1" />
  <attribute name= "numThreadsSpecified" value="4" />
  <attribute name="heapSize specified" value="9830400" />
  <attribute name="Current GC Util" value="24" />
  <attribute name= "Current Time Running" value="1409" />
  <attribute name ="GC Interval" value="200" />
  <attribute name="ProportionalT" value="2.000000" />
  <attribute name="ProportionalI" value="2.000000" />
  <attribute name="ProportionalH" value="2.000000" />
  <attribute name="Current Error" value="4.000000" />
  <attribute name="IntegralT" value="56.000000" />
  <attribute name="IntegralI" value="56.000000" />
  <attribute name="IntegralH" value="56.000000" />
  <attribute name="DerivativeT" value="0.428571" />
  <attribute name="DerivativeI" value="0.428571" />
  <attribute name="DerivativeH" value="0.428571" />
  <attribute name="Loop Time for DT" value="14.000000" />
  <attribute name="Output H" value="8388608"/>
  <attribute name="Output I" value="200"/>
  <attribute name="Output T" value="4"/>
  <attribute name="Target GC Util Change" value ="20.000000" />
  <attribute name="Current GC Util Change" value="24.000000"/>
  <attribute name="GC Util currently" value="24" />
  <attribute name="CPU Util currently" value="346939891352" />
<allocation-satisfied id="567" threadId="0000000002455D00" bytesRequested="48" />
<af-end id="568" timestamp="2019-06-15T03:40:02.895" threadId="0000000002456688" success="true" from="nursery"/>
<exclusive-end id="569" timestamp="2019-06-15T03:40:02.895" durationms="1.712" />

<exclusive-start id="570" timestamp="2019-06-15T03:40:02.908" intervalms="14.956">
  <response-info timems="0.032" idlems="0.032" threads="0" lastid="000000000244A900" lastname="Thread-3" />
</exclusive-start>
<af-start id="571" threadId="000000000244B288" totalBytesRequested="2056" timestamp="2019-06-15T03:40:02.908" intervalms="14.950" type="nursery" />
<cycle-start id="572" type="scavenge" contextid="0" timestamp="2019-06-15T03:40:02.908" intervalms="14.957" />
<gc-start id="573" type="scavenge" contextid="572" timestamp="2019-06-15T03:40:02.908">
  <mem-info id="574" free="1127104" total="10092544" percent="11">
    <mem type="nursery" free="0" total="4325376" percent="0">
      <mem type="allocate" free="0" total="2818048" percent="0" />
      <mem type="survivor" free="0" total="1507328" percent="0" />
    </mem>
    <mem type="tenure" free="1127104" total="5767168" percent="19">
      <mem type="soa" free="878272" total="5479424" percent="16" />
      <mem type="loa" free="248832" total="287744" percent="86" />
    </mem>
    <remembered-set count="276" />
  </mem-info>
</gc-start>
<allocation-stats totalBytes="2070624" >
  <allocated-bytes non-tlh="65600" tlh="2005024" />
  <largest-consumer threadName="Thread-6" threadId="0000000002455D00" bytes="986720" />
</allocation-stats>
<gc-op id="575" type="scavenge" timems="1.843" contextid="572" timestamp="2019-06-15T03:40:02.910">
  <scavenger-info tenureage="1" tenuremask="7ffe" tiltratio="65" />
  <memory-copied type="nursery" objects="1230" bytes="493136" bytesdiscarded="71640" />
  <memory-copied type="tenure" objects="540" bytes="245472" bytesdiscarded="264" />
  <references type="phantom" candidates="1" cleared="0" enqueued="0" />
</gc-op>
<heap-resize id="576" type="expand" space="nursery" amount="262144" count="1" timems="0.014" reason="excessive time being spent scavenging" timestamp="2019-06-15T03:40:02.910" />
<gc-end id="577" type="scavenge" contextid="572" durationms="2.314" usertimems="4.000" systemtimems="4.000" timestamp="2019-06-15T03:40:02.910" activeThreads="4">
  <mem-info id="578" free="3394840" total="10354688" percent="32">
    <mem type="nursery" free="2711976" total="4587520" percent="59">
      <mem type="allocate" free="2711976" total="3276800" percent="82" />
      <mem type="survivor" free="0" total="1310720" percent="0" />
    </mem>
    <mem type="tenure" free="682864" total="5767168" percent="11">
      <mem type="soa" free="434032" total="5479424" percent="7" />
      <mem type="loa" free="248832" total="287744" percent="86" />
    </mem>
    <remembered-set count="174" />
  </mem-info>
</gc-end>
<cycle-end id="579" type="scavenge" contextid="572" timestamp="2019-06-15T03:40:02.911" />
  <attribute name="elasticGC enabled" value="1" />
  <attribute name= "numThreadsSpecified" value="4" />
  <attribute name="heapSize specified" value="9830400" />
  <attribute name="Current GC Util" value="19" />
  <attribute name= "Current Time Running" value="1424" />
  <attribute name ="GC Interval" value="200" />
  <attribute name="ProportionalT" value="-0.500000" />
  <attribute name="ProportionalI" value="-0.500000" />
  <attribute name="ProportionalH" value="-0.500000" />
  <attribute name="Current Error" value="-1.000000" />
  <attribute name="IntegralT" value="-15.000000" />
  <attribute name="IntegralI" value="-15.000000" />
  <attribute name="IntegralH" value="-15.000000" />
  <attribute name="DerivativeT" value="-0.500000" />
  <attribute name="DerivativeI" value="-0.500000" />
  <attribute name="DerivativeH" value="-0.500000" />
  <attribute name="Loop Time for DT" value="15.000000" />
  <attribute name="Output H" value="2092630016"/>
  <attribute name="Output I" value="200"/>
  <attribute name="Output T" value="4"/>
  <attribute name="Target GC Util Change" value ="20.000000" />
  <attribute name="Current GC Util Change" value="19.000000"/>
  <attribute name="GC Util currently" value="19" />
  <attribute name="CPU Util currently" value="307965950476" />
<allocation-satisfied id="580" threadId="000000000244A900" bytesRequested="2056" />
<af-end id="581" timestamp="2019-06-15T03:40:02.911" threadId="000000000244B288" success="true" from="nursery"/>
<exclusive-end id="582" timestamp="2019-06-15T03:40:02.911" durationms="2.802" />

<concurrent-kickoff id="583" timestamp="2019-06-15T03:40:02.943">
  <kickoff reason="threshold reached" targetBytes="1567565" thresholdFreeBytes="216362"  remainingFree="213408" tenureFreeBytes="682864" nurseryFreeBytes="213408" />
</concurrent-kickoff>
<exclusive-start id="584" timestamp="2019-06-15T03:40:02.943" intervalms="34.917">
  <response-info timems="0.116" idlems="0.116" threads="0" lastid="000000000244E500" lastname="Thread-4" />
</exclusive-start>
<cycle-start id="585" type="global" contextid="0" timestamp="2019-06-15T03:40:02.943" intervalms="198.354" />
<exclusive-end id="586" timestamp="2019-06-15T03:40:02.943" durationms="0.084" />

<exclusive-start id="587" timestamp="2019-06-15T03:40:02.949" intervalms="5.681">
  <response-info timems="0.032" idlems="0.032" threads="0" lastid="0000000002455D00" lastname="Thread-6" />
</exclusive-start>
<af-start id="588" threadId="0000000002456688" totalBytesRequested="40" timestamp="2019-06-15T03:40:02.949" intervalms="40.597" type="nursery" />
<cycle-start id="589" type="scavenge" contextid="0" timestamp="2019-06-15T03:40:02.949" intervalms="40.582" />
<gc-start id="590" type="scavenge" contextid="589" timestamp="2019-06-15T03:40:02.949">
  <mem-info id="591" free="682864" total="10354688" percent="6">
    <mem type="nursery" free="0" total="4587520" percent="0">
      <mem type="allocate" free="0" total="3276800" percent="0" />
      <mem type="survivor" free="0" total="1310720" percent="0" />
    </mem>
    <mem type="tenure" free="682864" total="5767168" percent="11">
      <mem type="soa" free="434032" total="5479424" percent="7" />
      <mem type="loa" free="248832" total="287744" percent="86" />
    </mem>
    <remembered-set count="354" />
  </mem-info>
</gc-start>
<allocation-stats totalBytes="2664672" >
  <allocated-bytes non-tlh="67608" tlh="2597064" />
  <largest-consumer threadName="Thread-4" threadId="000000000244E500" bytes="937272" />
</allocation-stats>
<gc-op id="592" type="scavenge" timems="0.470" contextid="589" timestamp="2019-06-15T03:40:02.949">
  <scavenger-info tenureage="1" tenuremask="7ffe" tiltratio="71" />
  <memory-copied type="nursery" objects="2022" bytes="877448" bytesdiscarded="321992" />
  <memory-copied type="tenure" objects="169" bytes="79464" bytesdiscarded="112" />
  <references type="phantom" candidates="1" cleared="0" enqueued="0" />
</gc-op>
<gc-end id="593" type="scavenge" contextid="589" durationms="0.640" usertimems="0.000" systemtimems="0.000" timestamp="2019-06-15T03:40:02.949" activeThreads="4">
  <mem-info id="594" free="2561232" total="10354688" percent="24">
    <mem type="nursery" free="2011752" total="4587520" percent="43">
      <mem type="allocate" free="2011752" total="3211264" percent="62" />
      <mem type="survivor" free="0" total="1376256" percent="0" />
    </mem>
    <mem type="tenure" free="549480" total="5767168" percent="9">
      <mem type="soa" free="300648" total="5479424" percent="5" />
      <mem type="loa" free="248832" total="287744" percent="86" />
    </mem>
    <remembered-set count="150" />
  </mem-info>
</gc-end>
<cycle-end id="595" type="scavenge" contextid="589" timestamp="2019-06-15T03:40:02.949" />
  <attribute name="elasticGC enabled" value="1" />
  <attribute name= "numThreadsSpecified" value="4" />
  <attribute name="heapSize specified" value="9830400" />
  <attribute name="Current GC Util" value="10" />
  <attribute name= "Current Time Running" value="1464" />
  <attribute name ="GC Interval" value="200" />
  <attribute name="ProportionalT" value="-5.000000" />
  <attribute name="ProportionalI" value="-5.000000" />
  <attribute name="ProportionalH" value="-5.000000" />
  <attribute name="Current Error" value="-10.000000" />
  <attribute name="IntegralT" value="-400.000000" />
  <attribute name="IntegralI" value="-400.000000" />
  <attribute name="IntegralH" value="-400.000000" />
  <attribute name="DerivativeT" value="-0.375000" />
  <attribute name="DerivativeI" value="-0.375000" />
  <attribute name="DerivativeH" value="-0.375000" />
  <attribute name="Loop Time for DT" value="40.000000" />
  <attribute name="Output H" value="2092630016"/>
  <attribute name="Output I" value="200"/>
  <attribute name="Output T" value="4"/>
  <attribute name="Target GC Util Change" value ="20.000000" />
  <attribute name="Current GC Util Change" value="10.000000"/>
  <attribute name="GC Util currently" value="10" />
  <attribute name="CPU Util currently" value="113730124049" />
<allocation-satisfied id="596" threadId="0000000002455D00" bytesRequested="40" />
<af-end id="597" timestamp="2019-06-15T03:40:02.950" threadId="0000000002456688" success="true" from="nursery"/>
<exclusive-end id="598" timestamp="2019-06-15T03:40:02.950" durationms="1.040" />

<exclusive-start id="599" timestamp="2019-06-15T03:40:02.950" intervalms="1.481">
  <response-info timems="0.040" idlems="0.040" threads="0" lastid="0000000002452100" lastname="Thread-5" />
</exclusive-start>
<concurrent-collection-start id="600" timestamp="2019-06-15T03:40:02.950" intervalms="195.429" >
  <concurrent-trace-info reason="card cleaning threshold reached" tracedByMutators="516292" tracedByHelpers="818364" cardsCleaned="79" workStackOverflowCount="0" />
</concurrent-collection-start>
<gc-start id="601" type="global" contextid="585" timestamp="2019-06-15T03:40:02.950">
  <mem-info id="602" free="2356392" total="10354688" percent="22">
    <mem type="nursery" free="1806912" total="4587520" percent="39">
      <mem type="allocate" free="1806912" total="3211264" percent="56" />
      <mem type="survivor" free="0" total="1376256" percent="0" />
    </mem>
    <mem type="tenure" free="549480" total="5767168" percent="9">
      <mem type="soa" free="300648" total="5479424" percent="5" />
      <mem type="loa" free="248832" total="287744" percent="86" />
    </mem>
    <remembered-set count="155" />
  </mem-info>
</gc-start>
<allocation-stats totalBytes="204840" >
  <allocated-bytes non-tlh="40" tlh="204800" />
  <largest-consumer threadName="Thread-6" threadId="0000000002455D00" bytes="57384" />
</allocation-stats>
<gc-op id="603" type="rs-scan" timems="0.509" contextid="585" timestamp="2019-06-15T03:40:02.951">
  <scan objectsFound="88" bytesTraced="7040" workStackOverflowCount="0" />
</gc-op>
<gc-op id="604" type="card-cleaning" timems="0.301" contextid="585" timestamp="2019-06-15T03:40:02.951">
  <card-cleaning cardsCleaned="8" bytesTraced="145228" workStackOverflowCount="0" />
</gc-op>
<gc-op id="605" type="mark" timems="1.007" contextid="585" timestamp="2019-06-15T03:40:02.952">
  <trace-info objectcount="1553" scancount="1365" scanbytes="253336" />
  <finalization candidates="25" enqueued="0" />
  <references type="soft" candidates="164" cleared="0" enqueued="0" dynamicThreshold="15" maxThreshold="32" />
  <references type="weak" candidates="234" cleared="0" enqueued="0" />
  <references type="phantom" candidates="66" cleared="0" enqueued="0" />
  <stringconstants candidates="3963" cleared="0"  />
</gc-op>
<gc-op id="606" type="sweep" timems="0.856" contextid="585" timestamp="2019-06-15T03:40:02.953" />
<mem-info id="607" free="5484584" total="10354688" percent="52">
  <mem type="nursery" free="2370864" total="4587520" percent="51">
    <mem type="allocate" free="2370864" total="3211264" percent="73" />
    <mem type="survivor" free="0" total="1376256" percent="0" />
  </mem>
  <mem type="tenure" free="3113720" total="5767168" percent="53" micro-fragmented="0" macro-fragmented="0">
    <mem type="soa" free="2825976" total="5479424" percent="51" />
    <mem type="loa" free="287744" total="287744" percent="100" />
  </mem>
  <remembered-set count="132" />
</mem-info>
<gc-op id="608" type="compact" timems="5.498" contextid="585" timestamp="2019-06-15T03:40:02.959">
  <compact-info movecount="11299" movebytes="1563648" reason="compact to aid heap contraction" />
</gc-op>
<heap-resize id="609" type="contract" space="tenure" amount="262144" count="1" timems="0.077" reason="heap reconfiguration" timestamp="2019-06-15T03:40:02.959" />
<gc-end id="610" type="global" contextid="585" durationms="9.285" usertimems="16.000" systemtimems="0.000" timestamp="2019-06-15T03:40:02.959" activeThreads="4">
  <mem-info id="611" free="5204184" total="10092544" percent="51">
    <mem type="nursery" free="2372720" total="4587520" percent="51">
      <mem type="allocate" free="2372720" total="3211264" percent="73" />
      <mem type="survivor" free="0" total="1376256" percent="0" />
    </mem>
    <mem type="tenure" free="2831464" total="5505024" percent="51">
      <mem type="soa" free="2582632" total="5230592" percent="49" />
      <mem type="loa" free="248832" total="274432" percent="90" />
    </mem>
    <remembered-set count="132" />
  </mem-info>
</gc-end>
<cycle-end id="612" type="global" contextid="585" timestamp="2019-06-15T03:40:02.960" />
  <attribute name="elasticGC enabled" value="1" />
  <attribute name= "numThreadsSpecified" value="4" />
  <attribute name="heapSize specified" value="10354688" />
  <attribute name="Current GC Util" value="107" />
  <attribute name= "Current Time Running" value="1474" />
  <attribute name ="GC Interval" value="200" />
  <attribute name="ProportionalT" value="43.500000" />
  <attribute name="ProportionalI" value="43.500000" />
  <attribute name="ProportionalH" value="43.500000" />
  <attribute name="Current Error" value="87.000000" />
  <attribute name="IntegralT" value="435.000000" />
  <attribute name="IntegralI" value="435.000000" />
  <attribute name="IntegralH" value="435.000000" />
  <attribute name="DerivativeT" value="-22.500000" />
  <attribute name="DerivativeI" value="-22.500000" />
  <attribute name="DerivativeH" value="-22.500000" />
  <attribute name="Loop Time for DT" value="5.000000" />
  <attribute name="Output H" value="8388608"/>
  <attribute name="Output I" value="456"/>
  <attribute name="Output T" value="4"/>
  <attribute name="Target GC Util Change" value ="20.000000" />
  <attribute name="Current GC Util Change" value="107.000000"/>
  <attribute name="GC Util currently" value="107" />
  <attribute name="CPU Util currently" value="820892900049" />
<concurrent-collection-end id="613" timestamp="2019-06-15T03:40:02.960" />
<exclusive-end id="614" timestamp="2019-06-15T03:40:02.960" durationms="9.874" />

<exclusive-start id="615" timestamp="2019-06-15T03:40:02.995" intervalms="45.049">
  <response-info timems="0.031" idlems="0.031" threads="0" lastid="000000000244E500" lastname="Thread-4" />
</exclusive-start>
<af-start id="616" threadId="000000000244EE88" totalBytesRequested="8200" timestamp="2019-06-15T03:40:02.995" intervalms="46.544" type="nursery" />
<cycle-start id="617" type="scavenge" contextid="0" timestamp="2019-06-15T03:40:02.995" intervalms="46.551" />
<gc-start id="618" type="scavenge" contextid="617" timestamp="2019-06-15T03:40:02.995">
  <mem-info id="619" free="2831464" total="10092544" percent="28">
    <mem type="nursery" free="0" total="4587520" percent="0">
      <mem type="allocate" free="0" total="3211264" percent="0" />
      <mem type="survivor" free="0" total="1376256" percent="0" />
    </mem>
    <mem type="tenure" free="2831464" total="5505024" percent="51">
      <mem type="soa" free="2582632" total="5230592" percent="49" />
      <mem type="loa" free="248832" total="274432" percent="90" />
    </mem>
    <remembered-set count="270" />
  </mem-info>
</gc-start>
<allocation-stats totalBytes="2334040" >
  <allocated-bytes non-tlh="114720" tlh="2219320" />
  <largest-consumer threadName="Thread-6" threadId="0000000002455D00" bytes="711336" />
</allocation-stats>
<gc-op id="620" type="scavenge" timems="1.516" contextid="617" timestamp="2019-06-15T03:40:02.997">
  <scavenger-info tenureage="1" tenuremask="7ffe" tiltratio="70" />
  <memory-copied type="nursery" objects="1117" bytes="480248" bytesdiscarded="164688" />
  <memory-copied type="tenure" objects="701" bytes="336976" bytesdiscarded="448" />
  <references type="weak" candidates="1" cleared="0" enqueued="0" />
  <references type="phantom" candidates="2" cleared="0" enqueued="0" />
</gc-op>
<gc-end id="621" type="scavenge" contextid="617" durationms="1.718" usertimems="8.000" systemtimems="0.000" timestamp="2019-06-15T03:40:02.997" activeThreads="4">
  <mem-info id="622" free="4865976" total="10092544" percent="48">
    <mem type="nursery" free="2631824" total="4587520" percent="57">
      <mem type="allocate" free="2631824" total="3276800" percent="80" />
      <mem type="survivor" free="0" total="1310720" percent="0" />
    </mem>
    <mem type="tenure" free="2234152" total="5505024" percent="40">
      <mem type="soa" free="1985320" total="5230592" percent="37" />
      <mem type="loa" free="248832" total="274432" percent="90" />
    </mem>
    <remembered-set count="105" />
  </mem-info>
</gc-end>
<cycle-end id="623" type="scavenge" contextid="617" timestamp="2019-06-15T03:40:02.997" />
  <attribute name="elasticGC enabled" value="1" />
  <attribute name= "numThreadsSpecified" value="4" />
  <attribute name="heapSize specified" value="10354688" />
  <attribute name="Current GC Util" value="15" />
  <attribute name= "Current Time Running" value="1511" />
  <attribute name ="GC Interval" value="200" />
  <attribute name="ProportionalT" value="-2.500000" />
  <attribute name="ProportionalI" value="-2.500000" />
  <attribute name="ProportionalH" value="-2.500000" />
  <attribute name="Current Error" value="-5.000000" />
  <attribute name="IntegralT" value="-185.000000" />
  <attribute name="IntegralI" value="-185.000000" />
  <attribute name="IntegralH" value="-185.000000" />
  <attribute name="DerivativeT" value="-3.729730" />
  <attribute name="DerivativeI" value="-3.729730" />
  <attribute name="DerivativeH" value="-3.729730" />
  <attribute name="Loop Time for DT" value="37.000000" />
  <attribute name="Output H" value="2092630016"/>
  <attribute name="Output I" value="200"/>
  <attribute name="Output T" value="4"/>
  <attribute name="Target GC Util Change" value ="20.000000" />
  <attribute name="Current GC Util Change" value="15.000000"/>
  <attribute name="GC Util currently" value="15" />
  <attribute name="CPU Util currently" value="126590741178" />
<allocation-satisfied id="624" threadId="000000000244E500" bytesRequested="8200" />
<af-end id="625" timestamp="2019-06-15T03:40:02.997" threadId="000000000244EE88" success="true" from="nursery"/>
<exclusive-end id="626" timestamp="2019-06-15T03:40:02.997" durationms="2.140" />

<exclusive-start id="627" timestamp="2019-06-15T03:40:03.047" intervalms="51.546">
  <response-info timems="0.205" idlems="0.108" threads="1" lastid="000000000211D300" lastname="JIT Compilation Thread-0" />
</exclusive-start>
<af-start id="628" threadId="000000000244B288" totalBytesRequested="16392" timestamp="2019-06-15T03:40:03.047" intervalms="51.537" type="nursery" />
<cycle-start id="629" type="scavenge" contextid="0" timestamp="2019-06-15T03:40:03.047" intervalms="51.571" />
<gc-start id="630" type="scavenge" contextid="629" timestamp="2019-06-15T03:40:03.047">
  <mem-info id="631" free="2234152" total="10092544" percent="22">
    <mem type="nursery" free="0" total="4587520" percent="0">
      <mem type="allocate" free="0" total="3276800" percent="0" />
      <mem type="survivor" free="0" total="1310720" percent="0" />
    </mem>
    <mem type="tenure" free="2234152" total="5505024" percent="40">
      <mem type="soa" free="1985320" total="5230592" percent="37" />
      <mem type="loa" free="248832" total="274432" percent="90" />
    </mem>
    <remembered-set count="295" />
  </mem-info>
</gc-start>
<allocation-stats totalBytes="2622416" >
  <allocated-bytes non-tlh="40976" tlh="2581440" />
  <largest-consumer threadName="Thread-4" threadId="000000000244E500" bytes="1516320" />
</allocation-stats>
<gc-op id="632" type="scavenge" timems="1.190" contextid="629" timestamp="2019-06-15T03:40:03.048">
  <scavenger-info tenureage="1" tenuremask="7ffe" tiltratio="71" />
  <memory-copied type="nursery" objects="1528" bytes="550384" bytesdiscarded="231848" />
  <memory-copied type="tenure" objects="1014" bytes="457904" bytesdiscarded="712" />
  <references type="weak" candidates="1" cleared="0" enqueued="0" />
  <references type="phantom" candidates="2" cleared="0" enqueued="0" />
</gc-op>
<gc-end id="633" type="scavenge" contextid="629" durationms="1.553" usertimems="4.000" systemtimems="0.000" timestamp="2019-06-15T03:40:03.048" activeThreads="4">
  <mem-info id="634" free="4444896" total="10092544" percent="44">
    <mem type="nursery" free="2625592" total="4587520" percent="57">
      <mem type="allocate" free="2625592" total="3407872" percent="77" />
      <mem type="survivor" free="0" total="1179648" percent="0" />
    </mem>
    <mem type="tenure" free="1819304" total="5505024" percent="33">
      <mem type="soa" free="1570472" total="5230592" percent="30" />
      <mem type="loa" free="248832" total="274432" percent="90" />
    </mem>
    <remembered-set count="147" />
  </mem-info>
</gc-end>
<cycle-end id="635" type="scavenge" contextid="629" timestamp="2019-06-15T03:40:03.049" />
  <attribute name="elasticGC enabled" value="1" />
  <attribute name= "numThreadsSpecified" value="4" />
  <attribute name="heapSize specified" value="10354688" />
  <attribute name="Current GC Util" value="7" />
  <attribute name= "Current Time Running" value="1562" />
  <attribute name ="GC Interval" value="200" />
  <attribute name="ProportionalT" value="-6.500000" />
  <attribute name="ProportionalI" value="-6.500000" />
  <attribute name="ProportionalH" value="-6.500000" />
  <attribute name="Current Error" value="-13.000000" />
  <attribute name="IntegralT" value="-663.000000" />
  <attribute name="IntegralI" value="-663.000000" />
  <attribute name="IntegralH" value="-663.000000" />
  <attribute name="DerivativeT" value="-0.382353" />
  <attribute name="DerivativeI" value="-0.382353" />
  <attribute name="DerivativeH" value="-0.382353" />
  <attribute name="Loop Time for DT" value="51.000000" />
  <attribute name="Output H" value="2092630016"/>
  <attribute name="Output I" value="200"/>
  <attribute name="Output T" value="4"/>
  <attribute name="Target GC Util Change" value ="20.000000" />
  <attribute name="Current GC Util Change" value="7.000000"/>
  <attribute name="GC Util currently" value="7" />
  <attribute name="CPU Util currently" value="89340890906" />
<allocation-satisfied id="636" threadId="000000000244A900" bytesRequested="16392" />
<af-end id="637" timestamp="2019-06-15T03:40:03.049" threadId="000000000244B288" success="true" from="nursery"/>
<exclusive-end id="638" timestamp="2019-06-15T03:40:03.049" durationms="2.237" />

<exclusive-start id="639" timestamp="2019-06-15T03:40:03.076" intervalms="29.855">
  <response-info timems="0.092" idlems="0.092" threads="0" lastid="0000000002452100" lastname="Thread-5" />
</exclusive-start>
<af-start id="640" threadId="0000000002452A88" totalBytesRequested="48" timestamp="2019-06-15T03:40:03.077" intervalms="29.846" type="nursery" />
<cycle-start id="641" type="scavenge" contextid="0" timestamp="2019-06-15T03:40:03.077" intervalms="29.803" />
<gc-start id="642" type="scavenge" contextid="641" timestamp="2019-06-15T03:40:03.077">
  <mem-info id="643" free="1819304" total="10092544" percent="18">
    <mem type="nursery" free="0" total="4587520" percent="0">
      <mem type="allocate" free="0" total="3407872" percent="0" />
      <mem type="survivor" free="0" total="1179648" percent="0" />
    </mem>
    <mem type="tenure" free="1819304" total="5505024" percent="33">
      <mem type="soa" free="1570472" total="5230592" percent="30" />
      <mem type="loa" free="248832" total="274432" percent="90" />
    </mem>
    <remembered-set count="336" />
  </mem-info>
</gc-start>
<allocation-stats totalBytes="2607440" >
  <allocated-bytes non-tlh="81944" tlh="2525496" />
  <largest-consumer threadName="Thread-3" threadId="000000000244A900" bytes="965936" />
</allocation-stats>
<gc-op id="644" type="scavenge" timems="0.945" contextid="641" timestamp="2019-06-15T03:40:03.078">
  <scavenger-info tenureage="1" tenuremask="7ffe" tiltratio="74" />
  <memory-copied type="nursery" objects="2260" bytes="907592" bytesdiscarded="220480" />
  <memory-copied type="tenure" objects="802" bytes="292296" bytesdiscarded="144" />
</gc-op>
<gc-end id="645" type="scavenge" contextid="641" durationms="1.122" usertimems="0.000" systemtimems="0.000" timestamp="2019-06-15T03:40:03.078" activeThreads="4">
  <mem-info id="646" free="3604432" total="10092544" percent="35">
    <mem type="nursery" free="2083128" total="4587520" percent="45">
      <mem type="allocate" free="2083128" total="3211264" percent="64" />
      <mem type="survivor" free="0" total="1376256" percent="0" />
    </mem>
    <mem type="tenure" free="1521304" total="5505024" percent="27">
      <mem type="soa" free="1272472" total="5230592" percent="24" />
      <mem type="loa" free="248832" total="274432" percent="90" />
    </mem>
    <remembered-set count="184" />
  </mem-info>
</gc-end>
<cycle-end id="647" type="scavenge" contextid="641" timestamp="2019-06-15T03:40:03.078" />
  <attribute name="elasticGC enabled" value="1" />
  <attribute name= "numThreadsSpecified" value="4" />
  <attribute name="heapSize specified" value="10354688" />
  <attribute name="Current GC Util" value="9" />
  <attribute name= "Current Time Running" value="1592" />
  <attribute name ="GC Interval" value="200" />
  <attribute name="ProportionalT" value="-5.500000" />
  <attribute name="ProportionalI" value="-5.500000" />
  <attribute name="ProportionalH" value="-5.500000" />
  <attribute name="Current Error" value="-11.000000" />
  <attribute name="IntegralT" value="-330.000000" />
  <attribute name="IntegralI" value="-330.000000" />
  <attribute name="IntegralH" value="-330.000000" />
  <attribute name="DerivativeT" value="-0.550000" />
  <attribute name="DerivativeI" value="-0.550000" />
  <attribute name="DerivativeH" value="-0.550000" />
  <attribute name="Loop Time for DT" value="30.000000" />
  <attribute name="Output H" value="2092630016"/>
  <attribute name="Output I" value="200"/>
  <attribute name="Output T" value="4"/>
  <attribute name="Target GC Util Change" value ="20.000000" />
  <attribute name="Current GC Util Change" value="9.000000"/>
  <attribute name="GC Util currently" value="9" />
  <attribute name="CPU Util currently" value="155025479146" />
<allocation-satisfied id="648" threadId="0000000002452100" bytesRequested="48" />
<af-end id="649" timestamp="2019-06-15T03:40:03.078" threadId="0000000002452A88" success="true" from="nursery"/>
<exclusive-end id="650" timestamp="2019-06-15T03:40:03.078" durationms="1.499" />

<exclusive-start id="651" timestamp="2019-06-15T03:40:03.104" intervalms="27.497">
  <response-info timems="0.255" idlems="0.230" threads="1" lastid="0000000002124B00" lastname="JIT Compilation Thread-2" />
</exclusive-start>
<af-start id="652" threadId="0000000002452A88" totalBytesRequested="2056" timestamp="2019-06-15T03:40:03.104" intervalms="27.505" type="nursery" />
<cycle-start id="653" type="scavenge" contextid="0" timestamp="2019-06-15T03:40:03.104" intervalms="27.507" />
<gc-start id="654" type="scavenge" contextid="653" timestamp="2019-06-15T03:40:03.104">
  <mem-info id="655" free="1521304" total="10092544" percent="15">
    <mem type="nursery" free="0" total="4587520" percent="0">
      <mem type="allocate" free="0" total="3211264" percent="0" />
      <mem type="survivor" free="0" total="1376256" percent="0" />
    </mem>
    <mem type="tenure" free="1521304" total="5505024" percent="27">
      <mem type="soa" free="1272472" total="5230592" percent="24" />
      <mem type="loa" free="248832" total="274432" percent="90" />
    </mem>
    <remembered-set count="300" />
  </mem-info>
</gc-start>
<allocation-stats totalBytes="2057080" >
  <allocated-bytes non-tlh="48" tlh="2057032" />
  <largest-consumer threadName="Thread-3" threadId="000000000244A900" bytes="766656" />
</allocation-stats>
<gc-op id="656" type="scavenge" timems="1.078" contextid="653" timestamp="2019-06-15T03:40:03.105">
  <scavenger-info tenureage="1" tenuremask="7ffe" tiltratio="70" />
  <memory-copied type="nursery" objects="598" bytes="336208" bytesdiscarded="230392" />
  <memory-copied type="tenure" objects="1066" bytes="478176" bytesdiscarded="896" />
  <references type="phantom" candidates="1" cleared="0" enqueued="0" />
</gc-op>
<gc-end id="657" type="scavenge" contextid="653" durationms="1.259" usertimems="4.000" systemtimems="0.000" timestamp="2019-06-15T03:40:03.105" activeThreads="4">
  <mem-info id="658" free="3688984" total="10092544" percent="36">
    <mem type="nursery" free="2710152" total="4587520" percent="59">
      <mem type="allocate" free="2710152" total="3276800" percent="82" />
      <mem type="survivor" free="0" total="1310720" percent="0" />
    </mem>
    <mem type="tenure" free="978832" total="5505024" percent="17">
      <mem type="soa" free="730000" total="5230592" percent="13" />
      <mem type="loa" free="248832" total="274432" percent="90" />
    </mem>
    <remembered-set count="134" />
  </mem-info>
</gc-end>
<cycle-end id="659" type="scavenge" contextid="653" timestamp="2019-06-15T03:40:03.105" />
  <attribute name="elasticGC enabled" value="1" />
  <attribute name= "numThreadsSpecified" value="4" />
  <attribute name="heapSize specified" value="10354688" />
  <attribute name="Current GC Util" value="8" />
  <attribute name= "Current Time Running" value="1620" />
  <attribute name ="GC Interval" value="200" />
  <attribute name="ProportionalT" value="-6.000000" />
  <attribute name="ProportionalI" value="-6.000000" />
  <attribute name="ProportionalH" value="-6.000000" />
  <attribute name="Current Error" value="-12.000000" />
  <attribute name="IntegralT" value="-336.000000" />
  <attribute name="IntegralI" value="-336.000000" />
  <attribute name="IntegralH" value="-336.000000" />
  <attribute name="DerivativeT" value="-0.642857" />
  <attribute name="DerivativeI" value="-0.642857" />
  <attribute name="DerivativeH" value="-0.642857" />
  <attribute name="Loop Time for DT" value="28.000000" />
  <attribute name="Output H" value="2092630016"/>
  <attribute name="Output I" value="200"/>
  <attribute name="Output T" value="4"/>
  <attribute name="Target GC Util Change" value ="20.000000" />
  <attribute name="Current GC Util Change" value="8.000000"/>
  <attribute name="GC Util currently" value="8" />
  <attribute name="CPU Util currently" value="167684228106" />
<allocation-satisfied id="660" threadId="0000000002452100" bytesRequested="2056" />
<af-end id="661" timestamp="2019-06-15T03:40:03.106" threadId="0000000002452A88" success="true" from="nursery"/>
<exclusive-end id="662" timestamp="2019-06-15T03:40:03.106" durationms="1.641" />

<exclusive-start id="663" timestamp="2019-06-15T03:40:03.140" intervalms="36.316">
  <response-info timems="0.036" idlems="0.036" threads="0" lastid="000000000244E500" lastname="Thread-4" />
</exclusive-start>
<af-start id="664" threadId="000000000244EE88" totalBytesRequested="520" timestamp="2019-06-15T03:40:03.141" intervalms="36.482" type="nursery" />
<cycle-start id="665" type="scavenge" contextid="0" timestamp="2019-06-15T03:40:03.141" intervalms="36.495" />
<gc-start id="666" type="scavenge" contextid="665" timestamp="2019-06-15T03:40:03.141">
  <mem-info id="667" free="978832" total="10092544" percent="9">
    <mem type="nursery" free="0" total="4587520" percent="0">
      <mem type="allocate" free="0" total="3276800" percent="0" />
      <mem type="survivor" free="0" total="1310720" percent="0" />
    </mem>
    <mem type="tenure" free="978832" total="5505024" percent="17">
      <mem type="soa" free="730000" total="5230592" percent="13" />
      <mem type="loa" free="248832" total="274432" percent="90" />
    </mem>
    <remembered-set count="338" />
  </mem-info>
</gc-start>
<allocation-stats totalBytes="2672496" >
  <allocated-bytes non-tlh="67608" tlh="2604888" />
  <largest-consumer threadName="Thread-3" threadId="000000000244A900" bytes="744768" />
</allocation-stats>
<gc-op id="668" type="scavenge" timems="1.593" contextid="665" timestamp="2019-06-15T03:40:03.142">
  <scavenger-info tenureage="1" tenuremask="7ffe" tiltratio="71" />
  <memory-copied type="nursery" objects="2706" bytes="1033048" bytesdiscarded="151512" />
  <memory-copied type="tenure" objects="41" bytes="2808" bytesdiscarded="144" />
</gc-op>
<gc-end id="669" type="scavenge" contextid="665" durationms="1.986" usertimems="4.000" systemtimems="0.000" timestamp="2019-06-15T03:40:03.143" activeThreads="4">
  <mem-info id="670" free="2573072" total="10092544" percent="25">
    <mem type="nursery" free="1633408" total="4587520" percent="35">
      <mem type="allocate" free="1633408" total="2818048" percent="57" />
      <mem type="survivor" free="0" total="1769472" percent="0" />
    </mem>
    <mem type="tenure" free="939664" total="5505024" percent="17">
      <mem type="soa" free="690832" total="5230592" percent="13" />
      <mem type="loa" free="248832" total="274432" percent="90" />
    </mem>
    <remembered-set count="145" />
  </mem-info>
</gc-end>
<cycle-end id="671" type="scavenge" contextid="665" timestamp="2019-06-15T03:40:03.143" />
  <attribute name="elasticGC enabled" value="1" />
  <attribute name= "numThreadsSpecified" value="4" />
  <attribute name="heapSize specified" value="10354688" />
  <attribute name="Current GC Util" value="6" />
  <attribute name= "Current Time Running" value="1656" />
  <attribute name ="GC Interval" value="200" />
  <attribute name="ProportionalT" value="-7.000000" />
  <attribute name="ProportionalI" value="-7.000000" />
  <attribute name="ProportionalH" value="-7.000000" />
  <attribute name="Current Error" value="-14.000000" />
  <attribute name="IntegralT" value="-504.000000" />
  <attribute name="IntegralI" value="-504.000000" />
  <attribute name="IntegralH" value="-504.000000" />
  <attribute name="DerivativeT" value="-0.583333" />
  <attribute name="DerivativeI" value="-0.583333" />
  <attribute name="DerivativeH" value="-0.583333" />
  <attribute name="Loop Time for DT" value="36.000000" />
  <attribute name="Output H" value="2092630016"/>
  <attribute name="Output I" value="200"/>
  <attribute name="Output T" value="4"/>
  <attribute name="Target GC Util Change" value ="20.000000" />
  <attribute name="Current GC Util Change" value="6.000000"/>
  <attribute name="GC Util currently" value="6" />
  <attribute name="CPU Util currently" value="126250715713" />
<allocation-satisfied id="672" threadId="000000000244E500" bytesRequested="520" />
<af-end id="673" timestamp="2019-06-15T03:40:03.143" threadId="000000000244EE88" success="true" from="nursery"/>
<exclusive-end id="674" timestamp="2019-06-15T03:40:03.143" durationms="2.872" />

<exclusive-start id="675" timestamp="2019-06-15T03:40:03.157" intervalms="16.822">
  <response-info timems="0.032" idlems="0.032" threads="0" lastid="000000000244E500" lastname="Thread-4" />
</exclusive-start>
<af-start id="676" threadId="000000000244EE88" totalBytesRequested="16392" timestamp="2019-06-15T03:40:03.157" intervalms="16.669" type="nursery" />
<cycle-start id="677" type="scavenge" contextid="0" timestamp="2019-06-15T03:40:03.157" intervalms="16.668" />
<gc-start id="678" type="scavenge" contextid="677" timestamp="2019-06-15T03:40:03.157">
  <mem-info id="679" free="939664" total="10092544" percent="9">
    <mem type="nursery" free="0" total="4587520" percent="0">
      <mem type="allocate" free="0" total="2818048" percent="0" />
      <mem type="survivor" free="0" total="1769472" percent="0" />
    </mem>
    <mem type="tenure" free="939664" total="5505024" percent="17">
      <mem type="soa" free="690832" total="5230592" percent="13" />
      <mem type="loa" free="248832" total="274432" percent="90" />
    </mem>
    <remembered-set count="307" />
  </mem-info>
</gc-start>
<allocation-stats totalBytes="1529032" >
  <allocated-bytes non-tlh="98848" tlh="1430184" />
  <largest-consumer threadName="Thread-3" threadId="000000000244A900" bytes="515920" />
</allocation-stats>
<gc-op id="680" type="scavenge" timems="1.071" contextid="677" timestamp="2019-06-15T03:40:03.158">
  <scavenger-info tenureage="1" tenuremask="7ffe" tiltratio="61" />
  <memory-copied type="nursery" objects="1304" bytes="451200" bytesdiscarded="203936" />
  <memory-copied type="tenure" objects="842" bytes="379832" bytesdiscarded="552" />
</gc-op>
<gc-end id="681" type="scavenge" contextid="677" durationms="1.451" usertimems="4.000" systemtimems="0.000" timestamp="2019-06-15T03:40:03.159" activeThreads="4">
  <mem-info id="682" free="2800632" total="10092544" percent="27">
    <mem type="nursery" free="2293944" total="4587520" percent="50">
      <mem type="allocate" free="2293944" total="2949120" percent="77" />
      <mem type="survivor" free="0" total="1638400" percent="0" />
    </mem>
    <mem type="tenure" free="506688" total="5505024" percent="9">
      <mem type="soa" free="257856" total="5230592" percent="4" />
      <mem type="loa" free="248832" total="274432" percent="90" />
    </mem>
    <remembered-set count="120" />
  </mem-info>
</gc-end>
<cycle-end id="683" type="scavenge" contextid="677" timestamp="2019-06-15T03:40:03.159" />
  <attribute name="elasticGC enabled" value="1" />
  <attribute name= "numThreadsSpecified" value="4" />
  <attribute name="heapSize specified" value="10354688" />
  <attribute name="Current GC Util" value="22" />
  <attribute name= "Current Time Running" value="1673" />
  <attribute name ="GC Interval" value="200" />
  <attribute name="ProportionalT" value="1.000000" />
  <attribute name="ProportionalI" value="1.000000" />
  <attribute name="ProportionalH" value="1.000000" />
  <attribute name="Current Error" value="2.000000" />
  <attribute name="IntegralT" value="34.000000" />
  <attribute name="IntegralI" value="34.000000" />
  <attribute name="IntegralH" value="34.000000" />
  <attribute name="DerivativeT" value="0.176471" />
  <attribute name="DerivativeI" value="0.176471" />
  <attribute name="DerivativeH" value="0.176471" />
  <attribute name="Loop Time for DT" value="17.000000" />
  <attribute name="Output H" value="8388608"/>
  <attribute name="Output I" value="200"/>
  <attribute name="Output T" value="4"/>
  <attribute name="Target GC Util Change" value ="20.000000" />
  <attribute name="Current GC Util Change" value="22.000000"/>
  <attribute name="GC Util currently" value="22" />
  <attribute name="CPU Util currently" value="276690563680" />
<allocation-satisfied id="684" threadId="000000000244E500" bytesRequested="16392" />
<af-end id="685" timestamp="2019-06-15T03:40:03.159" threadId="000000000244EE88" success="true" from="nursery"/>
<exclusive-end id="686" timestamp="2019-06-15T03:40:03.159" durationms="2.063" />

<concurrent-kickoff id="687" timestamp="2019-06-15T03:40:03.187">
  <kickoff reason="threshold reached" targetBytes="1459267" thresholdFreeBytes="200607"  remainingFree="127160" tenureFreeBytes="506688" nurseryFreeBytes="127160" />
</concurrent-kickoff>
<exclusive-start id="688" timestamp="2019-06-15T03:40:03.187" intervalms="29.628">
  <response-info timems="0.060" idlems="0.060" threads="0" lastid="0000000002452100" lastname="Thread-5" />
</exclusive-start>
<cycle-start id="689" type="global" contextid="0" timestamp="2019-06-15T03:40:03.187" intervalms="244.253" />
<exclusive-end id="690" timestamp="2019-06-15T03:40:03.187" durationms="0.480" />

<exclusive-start id="691" timestamp="2019-06-15T03:40:03.189" intervalms="2.560">
  <response-info timems="0.197" idlems="0.107" threads="1" lastid="0000000002452100" lastname="Thread-5" />
</exclusive-start>
<af-start id="692" threadId="000000000244B288" totalBytesRequested="32776" timestamp="2019-06-15T03:40:03.189" intervalms="32.176" type="nursery" />
<cycle-start id="693" type="scavenge" contextid="0" timestamp="2019-06-15T03:40:03.189" intervalms="32.178" />
<gc-start id="694" type="scavenge" contextid="693" timestamp="2019-06-15T03:40:03.189">
  <mem-info id="695" free="506688" total="10092544" percent="5">
    <mem type="nursery" free="0" total="4587520" percent="0">
      <mem type="allocate" free="0" total="2949120" percent="0" />
      <mem type="survivor" free="0" total="1638400" percent="0" />
    </mem>
    <mem type="tenure" free="506688" total="5505024" percent="9">
      <mem type="soa" free="257856" total="5230592" percent="4" />
      <mem type="loa" free="248832" total="274432" percent="90" />
    </mem>
    <remembered-set count="252" />
  </mem-info>
</gc-start>
<allocation-stats totalBytes="2275088" >
  <allocated-bytes non-tlh="49168" tlh="2225920" />
  <largest-consumer threadName="Thread-5" threadId="0000000002452100" bytes="1056464" />
</allocation-stats>
<gc-op id="696" type="scavenge" timems="1.041" contextid="693" timestamp="2019-06-15T03:40:03.191">
  <scavenger-info tenureage="1" tenuremask="7ffe" tiltratio="64" />
  <memory-copied type="nursery" objects="1390" bytes="620768" bytesdiscarded="246416" />
  <memory-copied type="tenure" objects="31" bytes="1040" bytesdiscarded="0" />
</gc-op>
<gc-end id="697" type="scavenge" contextid="693" durationms="1.415" usertimems="0.000" systemtimems="4.000" timestamp="2019-06-15T03:40:03.191" activeThreads="4">
  <mem-info id="698" free="2719656" total="10092544" percent="26">
    <mem type="nursery" free="2212968" total="4587520" percent="48">
      <mem type="allocate" free="2212968" total="3080192" percent="71" />
      <mem type="survivor" free="0" total="1507328" percent="0" />
    </mem>
    <mem type="tenure" free="506688" total="5505024" percent="9">
      <mem type="soa" free="257856" total="5230592" percent="4" />
      <mem type="loa" free="248832" total="274432" percent="90" />
    </mem>
    <remembered-set count="118" />
  </mem-info>
</gc-end>
<cycle-end id="699" type="scavenge" contextid="693" timestamp="2019-06-15T03:40:03.191" />
  <attribute name="elasticGC enabled" value="1" />
  <attribute name= "numThreadsSpecified" value="4" />
  <attribute name="heapSize specified" value="10354688" />
  <attribute name="Current GC Util" value="7" />
  <attribute name= "Current Time Running" value="1705" />
  <attribute name ="GC Interval" value="200" />
  <attribute name="ProportionalT" value="-6.500000" />
  <attribute name="ProportionalI" value="-6.500000" />
  <attribute name="ProportionalH" value="-6.500000" />
  <attribute name="Current Error" value="-13.000000" />
  <attribute name="IntegralT" value="-416.000000" />
  <attribute name="IntegralI" value="-416.000000" />
  <attribute name="IntegralH" value="-416.000000" />
  <attribute name="DerivativeT" value="-0.703125" />
  <attribute name="DerivativeI" value="-0.703125" />
  <attribute name="DerivativeH" value="-0.703125" />
  <attribute name="Loop Time for DT" value="32.000000" />
  <attribute name="Output H" value="2092630016"/>
  <attribute name="Output I" value="200"/>
  <attribute name="Output T" value="4"/>
  <attribute name="Target GC Util Change" value ="20.000000" />
  <attribute name="Current GC Util Change" value="7.000000"/>
  <attribute name="GC Util currently" value="7" />
  <attribute name="CPU Util currently" value="143301998447" />
<allocation-satisfied id="700" threadId="000000000244A900" bytesRequested="32776" />
<af-end id="701" timestamp="2019-06-15T03:40:03.191" threadId="000000000244B288" success="true" from="nursery"/>
<exclusive-end id="702" timestamp="2019-06-15T03:40:03.192" durationms="2.347" />

<exclusive-start id="703" timestamp="2019-06-15T03:40:03.218" intervalms="28.722">
  <response-info timems="0.060" idlems="0.032" threads="1" lastid="0000000002455D00" lastname="Thread-6" />
</exclusive-start>
<af-start id="704" threadId="000000000244B288" totalBytesRequested="2056" timestamp="2019-06-15T03:40:03.218" intervalms="28.726" type="nursery" />
<percolate-collect id="705" from="nursery" to="global" reason="concurrent mark exhausted" timestamp="2019-06-15T03:40:03.218"/>
<gc-start id="706" type="global" contextid="689" timestamp="2019-06-15T03:40:03.218">
  <mem-info id="707" free="506688" total="10092544" percent="5">
    <mem type="nursery" free="0" total="4587520" percent="0">
      <mem type="allocate" free="0" total="3080192" percent="0" />
      <mem type="survivor" free="0" total="1507328" percent="0" />
    </mem>
    <mem type="tenure" free="506688" total="5505024" percent="9">
      <mem type="soa" free="257856" total="5230592" percent="4" />
      <mem type="loa" free="248832" total="274432" percent="90" />
    </mem>
    <remembered-set count="250" />
  </mem-info>
</gc-start>
<allocation-stats totalBytes="2209920" >
  <allocated-bytes non-tlh="98328" tlh="2111592" />
  <largest-consumer threadName="Thread-3" threadId="000000000244A900" bytes="862080" />
</allocation-stats>
<concurrent-halted id="708" timestamp="2019-06-15T03:40:03.218">
  <halted state="Complete" status="exhausted" />
  <traced bytesTarget="1459267" bytesTotal="1446916" bytesByMutator="479204" bytesByHelper="967712" percent="99" />
  <cards cleaned="136" thresholdBytes="79027" />
</concurrent-halted>
<gc-op id="709" type="rs-scan" timems="0.506" contextid="689" timestamp="2019-06-15T03:40:03.219">
  <scan objectsFound="154" bytesTraced="46024" workStackOverflowCount="0" />
</gc-op>
<gc-op id="710" type="card-cleaning" timems="0.670" contextid="689" timestamp="2019-06-15T03:40:03.220">
  <card-cleaning cardsCleaned="37" bytesTraced="368988" workStackOverflowCount="0" />
</gc-op>
<gc-op id="711" type="mark" timems="1.578" contextid="689" timestamp="2019-06-15T03:40:03.221">
  <trace-info objectcount="613" scancount="555" scanbytes="104252" />
  <finalization candidates="25" enqueued="0" />
  <references type="soft" candidates="164" cleared="0" enqueued="0" dynamicThreshold="16" maxThreshold="32" />
  <references type="weak" candidates="234" cleared="0" enqueued="0" />
  <references type="phantom" candidates="67" cleared="0" enqueued="0" />
  <stringconstants candidates="3963" cleared="0"  />
</gc-op>
<gc-op id="712" type="sweep" timems="0.692" contextid="689" timestamp="2019-06-15T03:40:03.222" />
<mem-info id="713" free="4841736" total="10092544" percent="47">
  <mem type="nursery" free="2043336" total="4587520" percent="44">
    <mem type="allocate" free="2043336" total="3080192" percent="66" />
    <mem type="survivor" free="0" total="1507328" percent="0" />
  </mem>
  <mem type="tenure" free="2798400" total="5505024" percent="50" micro-fragmented="0" macro-fragmented="0">
    <mem type="soa" free="2523968" total="5230592" percent="48" />
    <mem type="loa" free="274432" total="274432" percent="100" />
  </mem>
  <remembered-set count="250" />
</mem-info>
<gc-op id="714" type="compact" timems="6.868" contextid="689" timestamp="2019-06-15T03:40:03.229">
  <compact-info movecount="17342" movebytes="2186304" reason="compact to aid heap contraction" />
</gc-op>
<heap-resize id="715" type="contract" space="tenure" amount="262144" count="1" timems="0.100" reason="heap reconfiguration" timestamp="2019-06-15T03:40:03.230" />
<gc-end id="716" type="global" contextid="689" durationms="11.658" usertimems="20.000" systemtimems="4.000" timestamp="2019-06-15T03:40:03.230" activeThreads="4">
  <mem-info id="717" free="4586208" total="9830400" percent="46">
    <mem type="nursery" free="2058952" total="4587520" percent="44">
      <mem type="allocate" free="2058952" total="3080192" percent="66" />
      <mem type="survivor" free="0" total="1507328" percent="0" />
    </mem>
    <mem type="tenure" free="2527256" total="5242880" percent="48">
      <mem type="soa" free="2277400" total="4980736" percent="45" />
      <mem type="loa" free="249856" total="262144" percent="95" />
    </mem>
    <remembered-set count="250" />
  </mem-info>
</gc-end>
<cycle-end id="718" type="global" contextid="689" timestamp="2019-06-15T03:40:03.230" />
  <attribute name="elasticGC enabled" value="1" />
  <attribute name= "numThreadsSpecified" value="4" />
  <attribute name="heapSize specified" value="10092544" />
  <attribute name="Current GC Util" value="84" />
  <attribute name= "Current Time Running" value="1745" />
  <attribute name ="GC Interval" value="200" />
  <attribute name="ProportionalT" value="32.000000" />
  <attribute name="ProportionalI" value="32.000000" />
  <attribute name="ProportionalH" value="32.000000" />
  <attribute name="Current Error" value="64.000000" />
  <attribute name="IntegralT" value="448.000000" />
  <attribute name="IntegralI" value="448.000000" />
  <attribute name="IntegralH" value="448.000000" />
  <attribute name="DerivativeT" value="-19.071429" />
  <attribute name="DerivativeI" value="-19.071429" />
  <attribute name="DerivativeH" value="-19.071429" />
  <attribute name="Loop Time for DT" value="7.000000" />
  <attribute name="Output H" value="8388608"/>
  <attribute name="Output I" value="464"/>
  <attribute name="Output T" value="4"/>
  <attribute name="Target GC Util Change" value ="20.000000" />
  <attribute name="Current GC Util Change" value="84.000000"/>
  <attribute name="GC Util currently" value="84" />
  <attribute name="CPU Util currently" value="654867924581" />
<allocation-satisfied id="719" threadId="000000000244A900" bytesRequested="2056" />
<af-end id="720" timestamp="2019-06-15T03:40:03.230" threadId="000000000244B288" success="true" from="nursery"/>
<exclusive-end id="721" timestamp="2019-06-15T03:40:03.230" durationms="12.275" />

<exclusive-start id="722" timestamp="2019-06-15T03:40:03.260" intervalms="42.448">
  <response-info timems="0.057" idlems="0.057" threads="0" lastid="000000000244A900" lastname="Thread-3" />
</exclusive-start>
<af-start id="723" threadId="000000000244B288" totalBytesRequested="32776" timestamp="2019-06-15T03:40:03.261" intervalms="42.473" type="nursery" />
<cycle-start id="724" type="scavenge" contextid="0" timestamp="2019-06-15T03:40:03.261" intervalms="71.225" />
<gc-start id="725" type="scavenge" contextid="724" timestamp="2019-06-15T03:40:03.261">
  <mem-info id="726" free="2527256" total="9830400" percent="25">
    <mem type="nursery" free="0" total="4587520" percent="0">
      <mem type="allocate" free="0" total="3080192" percent="0" />
      <mem type="survivor" free="0" total="1507328" percent="0" />
    </mem>
    <mem type="tenure" free="2527256" total="5242880" percent="48">
      <mem type="soa" free="2277400" total="4980736" percent="45" />
      <mem type="loa" free="249856" total="262144" percent="95" />
    </mem>
    <remembered-set count="316" />
  </mem-info>
</gc-start>
<allocation-stats totalBytes="1984096" >
  <allocated-bytes non-tlh="100384" tlh="1883712" />
  <largest-consumer threadName="Thread-6" threadId="0000000002455D00" bytes="899184" />
</allocation-stats>
<gc-op id="727" type="scavenge" timems="0.428" contextid="724" timestamp="2019-06-15T03:40:03.261">
  <scavenger-info tenureage="1" tenuremask="7ffe" tiltratio="67" />
  <memory-copied type="nursery" objects="2564" bytes="1052056" bytesdiscarded="274256" />
  <memory-copied type="tenure" objects="71" bytes="102728" bytesdiscarded="0" />
  <references type="phantom" candidates="1" cleared="0" enqueued="0" />
</gc-op>
<gc-end id="728" type="scavenge" contextid="724" durationms="0.657" usertimems="4.000" systemtimems="0.000" timestamp="2019-06-15T03:40:03.261" activeThreads="4">
  <mem-info id="729" free="3963080" total="9830400" percent="40">
    <mem type="nursery" free="1622712" total="4587520" percent="35">
      <mem type="allocate" free="1622712" total="2949120" percent="55" />
      <mem type="survivor" free="0" total="1638400" percent="0" />
    </mem>
    <mem type="tenure" free="2340368" total="5242880" percent="44">
      <mem type="soa" free="2090512" total="4980736" percent="41" />
      <mem type="loa" free="249856" total="262144" percent="95" />
    </mem>
    <remembered-set count="139" />
  </mem-info>
</gc-end>
<cycle-end id="730" type="scavenge" contextid="724" timestamp="2019-06-15T03:40:03.261" />
  <attribute name="elasticGC enabled" value="1" />
  <attribute name= "numThreadsSpecified" value="4" />
  <attribute name="heapSize specified" value="10092544" />
  <attribute name="Current GC Util" value="38" />
  <attribute name= "Current Time Running" value="1776" />
  <attribute name ="GC Interval" value="568" />
  <attribute name="ProportionalT" value="9.000000" />
  <attribute name="ProportionalI" value="9.000000" />
  <attribute name="ProportionalH" value="9.000000" />
  <attribute name="Current Error" value="18.000000" />
  <attribute name="IntegralT" value="558.000000" />
  <attribute name="IntegralI" value="558.000000" />
  <attribute name="IntegralH" value="558.000000" />
  <attribute name="DerivativeT" value="-2.225806" />
  <attribute name="DerivativeI" value="-2.225806" />
  <attribute name="DerivativeH" value="-2.225806" />
  <attribute name="Loop Time for DT" value="31.000000" />
  <attribute name="Output H" value="8388608"/>
  <attribute name="Output I" value="568"/>
  <attribute name="Output T" value="4"/>
  <attribute name="Target GC Util Change" value ="20.000000" />
  <attribute name="Current GC Util Change" value="38.000000"/>
  <attribute name="GC Util currently" value="38" />
  <attribute name="CPU Util currently" value="145855402471" />
<allocation-satisfied id="731" threadId="000000000244A900" bytesRequested="32776" />
<af-end id="732" timestamp="2019-06-15T03:40:03.262" threadId="000000000244B288" success="true" from="nursery"/>
<exclusive-end id="733" timestamp="2019-06-15T03:40:03.262" durationms="1.145" />

<exclusive-start id="734" timestamp="2019-06-15T03:40:03.277" intervalms="16.138">
  <response-info timems="0.035" idlems="0.035" threads="0" lastid="0000000002452100" lastname="Thread-5" />
</exclusive-start>
<af-start id="735" threadId="0000000002452A88" totalBytesRequested="32776" timestamp="2019-06-15T03:40:03.277" intervalms="16.117" type="nursery" />
<cycle-start id="736" type="scavenge" contextid="0" timestamp="2019-06-15T03:40:03.277" intervalms="16.088" />
<gc-start id="737" type="scavenge" contextid="736" timestamp="2019-06-15T03:40:03.277">
  <mem-info id="738" free="2340368" total="9830400" percent="23">
    <mem type="nursery" free="0" total="4587520" percent="0">
      <mem type="allocate" free="0" total="2949120" percent="0" />
      <mem type="survivor" free="0" total="1638400" percent="0" />
    </mem>
    <mem type="tenure" free="2340368" total="5242880" percent="44">
      <mem type="soa" free="2090512" total="4980736" percent="41" />
      <mem type="loa" free="249856" total="262144" percent="95" />
    </mem>
    <remembered-set count="253" />
  </mem-info>
</gc-start>
<allocation-stats totalBytes="1561640" >
  <allocated-bytes non-tlh="131104" tlh="1430536" />
  <largest-consumer threadName="Thread-4" threadId="000000000244E500" bytes="531128" />
</allocation-stats>
<gc-op id="739" type="scavenge" timems="0.831" contextid="736" timestamp="2019-06-15T03:40:03.278">
  <scavenger-info tenureage="1" tenuremask="7ffe" tiltratio="64" />
  <memory-copied type="nursery" objects="1420" bytes="611152" bytesdiscarded="126472" />
  <memory-copied type="tenure" objects="669" bytes="303920" bytesdiscarded="16" />
  <references type="phantom" candidates="1" cleared="0" enqueued="0" />
</gc-op>
<heap-resize id="740" type="expand" space="nursery" amount="262144" count="1" timems="0.017" reason="excessive time being spent scavenging" timestamp="2019-06-15T03:40:03.278" />
<gc-end id="741" type="scavenge" contextid="736" durationms="1.252" usertimems="4.000" systemtimems="0.000" timestamp="2019-06-15T03:40:03.278" activeThreads="4">
  <mem-info id="742" free="4442464" total="10092544" percent="44">
    <mem type="nursery" free="2473600" total="4849664" percent="51">
      <mem type="allocate" free="2473600" total="3211264" percent="77" />
      <mem type="survivor" free="0" total="1638400" percent="0" />
    </mem>
    <mem type="tenure" free="1968864" total="5242880" percent="37">
      <mem type="soa" free="1719008" total="4980736" percent="34" />
      <mem type="loa" free="249856" total="262144" percent="95" />
    </mem>
    <remembered-set count="145" />
  </mem-info>
</gc-end>
<cycle-end id="743" type="scavenge" contextid="736" timestamp="2019-06-15T03:40:03.278" />
  <attribute name="elasticGC enabled" value="1" />
  <attribute name= "numThreadsSpecified" value="4" />
  <attribute name="heapSize specified" value="10092544" />
  <attribute name="Current GC Util" value="7" />
  <attribute name= "Current Time Running" value="1792" />
  <attribute name ="GC Interval" value="200" />
  <attribute name="ProportionalT" value="-6.500000" />
  <attribute name="ProportionalI" value="-6.500000" />
  <attribute name="ProportionalH" value="-6.500000" />
  <attribute name="Current Error" value="-13.000000" />
  <attribute name="IntegralT" value="-208.000000" />
  <attribute name="IntegralI" value="-208.000000" />
  <attribute name="IntegralH" value="-208.000000" />
  <attribute name="DerivativeT" value="-2.906250" />
  <attribute name="DerivativeI" value="-2.906250" />
  <attribute name="DerivativeH" value="-2.906250" />
  <attribute name="Loop Time for DT" value="16.000000" />
  <attribute name="Output H" value="2092630016"/>
  <attribute name="Output I" value="200"/>
  <attribute name="Output T" value="4"/>
  <attribute name="Target GC Util Change" value ="20.000000" />
  <attribute name="Current GC Util Change" value="7.000000"/>
  <attribute name="GC Util currently" value="7" />
  <attribute name="CPU Util currently" value="287820878761" />
<allocation-satisfied id="744" threadId="0000000002452100" bytesRequested="32776" />
<af-end id="745" timestamp="2019-06-15T03:40:03.278" threadId="0000000002452A88" success="true" from="nursery"/>
<exclusive-end id="746" timestamp="2019-06-15T03:40:03.278" durationms="1.725" />

<exclusive-start id="747" timestamp="2019-06-15T03:40:03.305" intervalms="28.168">
  <response-info timems="0.055" idlems="0.029" threads="1" lastid="0000000002452100" lastname="Thread-5" />
</exclusive-start>
<af-start id="748" threadId="000000000244EE88" totalBytesRequested="2056" timestamp="2019-06-15T03:40:03.305" intervalms="28.171" type="nursery" />
<cycle-start id="749" type="scavenge" contextid="0" timestamp="2019-06-15T03:40:03.305" intervalms="28.181" />
<gc-start id="750" type="scavenge" contextid="749" timestamp="2019-06-15T03:40:03.305">
  <mem-info id="751" free="1968864" total="10092544" percent="19">
    <mem type="nursery" free="0" total="4849664" percent="0">
      <mem type="allocate" free="0" total="3211264" percent="0" />
      <mem type="survivor" free="0" total="1638400" percent="0" />
    </mem>
    <mem type="tenure" free="1968864" total="5242880" percent="37">
      <mem type="soa" free="1719008" total="4980736" percent="34" />
      <mem type="loa" free="249856" total="262144" percent="95" />
    </mem>
    <remembered-set count="323" />
  </mem-info>
</gc-start>
<allocation-stats totalBytes="2390736" >
  <allocated-bytes non-tlh="98328" tlh="2292408" />
  <largest-consumer threadName="Thread-5" threadId="0000000002452100" bytes="978096" />
</allocation-stats>
<gc-op id="752" type="scavenge" timems="0.773" contextid="749" timestamp="2019-06-15T03:40:03.306">
  <scavenger-info tenureage="1" tenuremask="7ffe" tiltratio="66" />
  <memory-copied type="nursery" objects="1828" bytes="687080" bytesdiscarded="141752" />
  <memory-copied type="tenure" objects="192" bytes="75224" bytesdiscarded="0" />
  <references type="phantom" candidates="1" cleared="0" enqueued="0" />
</gc-op>
<gc-end id="753" type="scavenge" contextid="749" durationms="1.133" usertimems="4.000" systemtimems="0.000" timestamp="2019-06-15T03:40:03.306" activeThreads="4">
  <mem-info id="754" free="4473840" total="10092544" percent="44">
    <mem type="nursery" free="2644528" total="4849664" percent="54">
      <mem type="allocate" free="2644528" total="3473408" percent="76" />
      <mem type="survivor" free="0" total="1376256" percent="0" />
    </mem>
    <mem type="tenure" free="1829312" total="5242880" percent="34">
      <mem type="soa" free="1579456" total="4980736" percent="31" />
      <mem type="loa" free="249856" total="262144" percent="95" />
    </mem>
    <remembered-set count="124" />
  </mem-info>
</gc-end>
<cycle-end id="755" type="scavenge" contextid="749" timestamp="2019-06-15T03:40:03.306" />
  <attribute name="elasticGC enabled" value="1" />
  <attribute name= "numThreadsSpecified" value="4" />
  <attribute name="heapSize specified" value="10092544" />
  <attribute name="Current GC Util" value="6" />
  <attribute name= "Current Time Running" value="1820" />
  <attribute name ="GC Interval" value="200" />
  <attribute name="ProportionalT" value="-7.000000" />
  <attribute name="ProportionalI" value="-7.000000" />
  <attribute name="ProportionalH" value="-7.000000" />
  <attribute name="Current Error" value="-14.000000" />
  <attribute name="IntegralT" value="-392.000000" />
  <attribute name="IntegralI" value="-392.000000" />
  <attribute name="IntegralH" value="-392.000000" />
  <attribute name="DerivativeT" value="-0.750000" />
  <attribute name="DerivativeI" value="-0.750000" />
  <attribute name="DerivativeH" value="-0.750000" />
  <attribute name="Loop Time for DT" value="28.000000" />
  <attribute name="Output H" value="2092630016"/>
  <attribute name="Output I" value="200"/>
  <attribute name="Output T" value="4"/>
  <attribute name="Target GC Util Change" value ="20.000000" />
  <attribute name="Current GC Util Change" value="6.000000"/>
  <attribute name="GC Util currently" value="6" />
  <attribute name="CPU Util currently" value="163615037828" />
<allocation-satisfied id="756" threadId="000000000244E500" bytesRequested="2056" />
<af-end id="757" timestamp="2019-06-15T03:40:03.306" threadId="000000000244EE88" success="true" from="nursery"/>
<exclusive-end id="758" timestamp="2019-06-15T03:40:03.306" durationms="1.685" />

<exclusive-start id="759" timestamp="2019-06-15T03:40:03.338" intervalms="32.814">
  <response-info timems="0.207" idlems="0.113" threads="1" lastid="000000000244E500" lastname="Thread-4" />
</exclusive-start>
<af-start id="760" threadId="0000000002456688" totalBytesRequested="16392" timestamp="2019-06-15T03:40:03.338" intervalms="32.812" type="nursery" />
<cycle-start id="761" type="scavenge" contextid="0" timestamp="2019-06-15T03:40:03.338" intervalms="32.803" />
<gc-start id="762" type="scavenge" contextid="761" timestamp="2019-06-15T03:40:03.338">
  <mem-info id="763" free="1829312" total="10092544" percent="18">
    <mem type="nursery" free="0" total="4849664" percent="0">
      <mem type="allocate" free="0" total="3473408" percent="0" />
      <mem type="survivor" free="0" total="1376256" percent="0" />
    </mem>
    <mem type="tenure" free="1829312" total="5242880" percent="34">
      <mem type="soa" free="1579456" total="4980736" percent="31" />
      <mem type="loa" free="249856" total="262144" percent="95" />
    </mem>
    <remembered-set count="275" />
  </mem-info>
</gc-start>
<allocation-stats totalBytes="2614392" >
  <allocated-bytes non-tlh="34832" tlh="2579560" />
  <largest-consumer threadName="Thread-3" threadId="000000000244A900" bytes="1280120" />
</allocation-stats>
<gc-op id="764" type="scavenge" timems="0.965" contextid="761" timestamp="2019-06-15T03:40:03.339">
  <scavenger-info tenureage="1" tenuremask="7ffe" tiltratio="71" />
  <memory-copied type="nursery" objects="1280" bytes="484088" bytesdiscarded="106800" />
  <memory-copied type="tenure" objects="517" bytes="231760" bytesdiscarded="304" />
  <references type="weak" candidates="1" cleared="0" enqueued="0" />
  <references type="phantom" candidates="2" cleared="0" enqueued="0" />
</gc-op>
<gc-end id="765" type="scavenge" contextid="761" durationms="1.361" usertimems="0.000" systemtimems="0.000" timestamp="2019-06-15T03:40:03.339" activeThreads="4">
  <mem-info id="766" free="4473624" total="10092544" percent="44">
    <mem type="nursery" free="3013552" total="4849664" percent="62">
      <mem type="allocate" free="3013552" total="3604480" percent="83" />
      <mem type="survivor" free="0" total="1245184" percent="0" />
    </mem>
    <mem type="tenure" free="1460072" total="5242880" percent="27">
      <mem type="soa" free="1210216" total="4980736" percent="24" />
      <mem type="loa" free="249856" total="262144" percent="95" />
    </mem>
    <remembered-set count="157" />
  </mem-info>
</gc-end>
<cycle-end id="767" type="scavenge" contextid="761" timestamp="2019-06-15T03:40:03.339" />
  <attribute name="elasticGC enabled" value="1" />
  <attribute name= "numThreadsSpecified" value="4" />
  <attribute name="heapSize specified" value="10092544" />
  <attribute name="Current GC Util" value="4" />
  <attribute name= "Current Time Running" value="1853" />
  <attribute name ="GC Interval" value="200" />
  <attribute name="ProportionalT" value="-8.000000" />
  <attribute name="ProportionalI" value="-8.000000" />
  <attribute name="ProportionalH" value="-8.000000" />
  <attribute name="Current Error" value="-16.000000" />
  <attribute name="IntegralT" value="-528.000000" />
  <attribute name="IntegralI" value="-528.000000" />
  <attribute name="IntegralH" value="-528.000000" />
  <attribute name="DerivativeT" value="-0.727273" />
  <attribute name="DerivativeI" value="-0.727273" />
  <attribute name="DerivativeH" value="-0.727273" />
  <attribute name="Loop Time for DT" value="33.000000" />
  <attribute name="Output H" value="2092630016"/>
  <attribute name="Output I" value="200"/>
  <attribute name="Output T" value="4"/>
  <attribute name="Target GC Util Change" value ="20.000000" />
  <attribute name="Current GC Util Change" value="4.000000"/>
  <attribute name="GC Util currently" value="4" />
  <attribute name="CPU Util currently" value="140598391637" />
<allocation-satisfied id="768" threadId="0000000002455D00" bytesRequested="16392" />
<af-end id="769" timestamp="2019-06-15T03:40:03.339" threadId="0000000002456688" success="true" from="nursery"/>
<exclusive-end id="770" timestamp="2019-06-15T03:40:03.340" durationms="1.948" />

<exclusive-start id="771" timestamp="2019-06-15T03:40:03.377" intervalms="39.873">
  <response-info timems="0.045" idlems="0.025" threads="1" lastid="000000000244E500" lastname="Thread-4" />
</exclusive-start>
<af-start id="772" threadId="0000000002452A88" totalBytesRequested="2056" timestamp="2019-06-15T03:40:03.378" intervalms="39.868" type="nursery" />
<cycle-start id="773" type="scavenge" contextid="0" timestamp="2019-06-15T03:40:03.378" intervalms="39.869" />
<gc-start id="774" type="scavenge" contextid="773" timestamp="2019-06-15T03:40:03.378">
  <mem-info id="775" free="1460072" total="10092544" percent="14">
    <mem type="nursery" free="0" total="4849664" percent="0">
      <mem type="allocate" free="0" total="3604480" percent="0" />
      <mem type="survivor" free="0" total="1245184" percent="0" />
    </mem>
    <mem type="tenure" free="1460072" total="5242880" percent="27">
      <mem type="soa" free="1210216" total="4980736" percent="24" />
      <mem type="loa" free="249856" total="262144" percent="95" />
    </mem>
    <remembered-set count="349" />
  </mem-info>
</gc-start>
<allocation-stats totalBytes="2986008" >
  <allocated-bytes non-tlh="114720" tlh="2871288" />
  <largest-consumer threadName="Thread-5" threadId="0000000002452100" bytes="1194992" />
</allocation-stats>
<gc-op id="776" type="scavenge" timems="0.834" contextid="773" timestamp="2019-06-15T03:40:03.379">
  <scavenger-info tenureage="1" tenuremask="7ffe" tiltratio="74" />
  <memory-copied type="nursery" objects="2265" bytes="985480" bytesdiscarded="147936" />
  <memory-copied type="tenure" objects="174" bytes="57232" bytesdiscarded="0" />
  <references type="phantom" candidates="2" cleared="0" enqueued="0" />
</gc-op>
<gc-end id="777" type="scavenge" contextid="773" durationms="1.227" usertimems="4.000" systemtimems="0.000" timestamp="2019-06-15T03:40:03.379" activeThreads="4">
  <mem-info id="778" free="3449424" total="10092544" percent="34">
    <mem type="nursery" free="2143296" total="4849664" percent="44">
      <mem type="allocate" free="2143296" total="3276800" percent="65" />
      <mem type="survivor" free="0" total="1572864" percent="0" />
    </mem>
    <mem type="tenure" free="1306128" total="5242880" percent="24">
      <mem type="soa" free="1056272" total="4980736" percent="21" />
      <mem type="loa" free="249856" total="262144" percent="95" />
    </mem>
    <remembered-set count="127" />
  </mem-info>
</gc-end>
<cycle-end id="779" type="scavenge" contextid="773" timestamp="2019-06-15T03:40:03.379" />
  <attribute name="elasticGC enabled" value="1" />
  <attribute name= "numThreadsSpecified" value="4" />
  <attribute name="heapSize specified" value="10092544" />
  <attribute name="Current GC Util" value="5" />
  <attribute name= "Current Time Running" value="1893" />
  <attribute name ="GC Interval" value="200" />
  <attribute name="ProportionalT" value="-7.500000" />
  <attribute name="ProportionalI" value="-7.500000" />
  <attribute name="ProportionalH" value="-7.500000" />
  <attribute name="Current Error" value="-15.000000" />
  <attribute name="IntegralT" value="-600.000000" />
  <attribute name="IntegralI" value="-600.000000" />
  <attribute name="IntegralH" value="-600.000000" />
  <attribute name="DerivativeT" value="-0.562500" />
  <attribute name="DerivativeI" value="-0.562500" />
  <attribute name="DerivativeH" value="-0.562500" />
  <attribute name="Loop Time for DT" value="40.000000" />
  <attribute name="Output H" value="2092630016"/>
  <attribute name="Output I" value="200"/>
  <attribute name="Output T" value="4"/>
  <attribute name="Target GC Util Change" value ="20.000000" />
  <attribute name="Current GC Util Change" value="5.000000"/>
  <attribute name="GC Util currently" value="5" />
  <attribute name="CPU Util currently" value="115669754320" />
<allocation-satisfied id="780" threadId="0000000002452100" bytesRequested="2056" />
<af-end id="781" timestamp="2019-06-15T03:40:03.379" threadId="0000000002452A88" success="true" from="nursery"/>
<exclusive-end id="782" timestamp="2019-06-15T03:40:03.379" durationms="1.725" />

<exclusive-start id="783" timestamp="2019-06-15T03:40:03.413" intervalms="35.864">
  <response-info timems="0.032" idlems="0.032" threads="0" lastid="0000000002452100" lastname="Thread-5" />
</exclusive-start>
<af-start id="784" threadId="0000000002452A88" totalBytesRequested="2056" timestamp="2019-06-15T03:40:03.413" intervalms="35.877" type="nursery" />
<cycle-start id="785" type="scavenge" contextid="0" timestamp="2019-06-15T03:40:03.413" intervalms="35.875" />
<gc-start id="786" type="scavenge" contextid="785" timestamp="2019-06-15T03:40:03.414">
  <mem-info id="787" free="1306128" total="10092544" percent="12">
    <mem type="nursery" free="0" total="4849664" percent="0">
      <mem type="allocate" free="0" total="3276800" percent="0" />
      <mem type="survivor" free="0" total="1572864" percent="0" />
    </mem>
    <mem type="tenure" free="1306128" total="5242880" percent="24">
      <mem type="soa" free="1056272" total="4980736" percent="21" />
      <mem type="loa" free="249856" total="262144" percent="95" />
    </mem>
    <remembered-set count="263" />
  </mem-info>
</gc-start>
<allocation-stats totalBytes="2132944" >
  <allocated-bytes non-tlh="34832" tlh="2098112" />
  <largest-consumer threadName="Thread-3" threadId="000000000244A900" bytes="984888" />
</allocation-stats>
<gc-op id="788" type="scavenge" timems="2.448" contextid="785" timestamp="2019-06-15T03:40:03.416">
  <scavenger-info tenureage="1" tenuremask="7ffe" tiltratio="67" />
  <memory-copied type="nursery" objects="1312" bytes="500528" bytesdiscarded="27696" />
  <memory-copied type="tenure" objects="1249" bytes="581816" bytesdiscarded="880" />
  <references type="phantom" candidates="1" cleared="0" enqueued="0" />
</gc-op>
<gc-end id="789" type="scavenge" contextid="785" durationms="2.835" usertimems="8.000" systemtimems="0.000" timestamp="2019-06-15T03:40:03.416" activeThreads="4">
  <mem-info id="790" free="3695120" total="10092544" percent="36">
    <mem type="nursery" free="2879616" total="4849664" percent="59">
      <mem type="allocate" free="2879616" total="3407872" percent="84" />
      <mem type="survivor" free="0" total="1441792" percent="0" />
    </mem>
    <mem type="tenure" free="815504" total="5242880" percent="15">
      <mem type="soa" free="565648" total="4980736" percent="11" />
      <mem type="loa" free="249856" total="262144" percent="95" />
    </mem>
    <remembered-set count="165" />
  </mem-info>
</gc-end>
<cycle-end id="791" type="scavenge" contextid="785" timestamp="2019-06-15T03:40:03.416" />
  <attribute name="elasticGC enabled" value="1" />
  <attribute name= "numThreadsSpecified" value="4" />
  <attribute name="heapSize specified" value="10092544" />
  <attribute name="Current GC Util" value="4" />
  <attribute name= "Current Time Running" value="1929" />
  <attribute name ="GC Interval" value="200" />
  <attribute name="ProportionalT" value="-8.000000" />
  <attribute name="ProportionalI" value="-8.000000" />
  <attribute name="ProportionalH" value="-8.000000" />
  <attribute name="Current Error" value="-16.000000" />
  <attribute name="IntegralT" value="-576.000000" />
  <attribute name="IntegralI" value="-576.000000" />
  <attribute name="IntegralH" value="-576.000000" />
  <attribute name="DerivativeT" value="-0.666667" />
  <attribute name="DerivativeI" value="-0.666667" />
  <attribute name="DerivativeH" value="-0.666667" />
  <attribute name="Loop Time for DT" value="36.000000" />
  <attribute name="Output H" value="2092630016"/>
  <attribute name="Output I" value="200"/>
  <attribute name="Output T" value="4"/>
  <attribute name="Target GC Util Change" value ="20.000000" />
  <attribute name="Current GC Util Change" value="4.000000"/>
  <attribute name="GC Util currently" value="4" />
  <attribute name="CPU Util currently" value="128582143604" />
<allocation-satisfied id="792" threadId="0000000002452100" bytesRequested="2056" />
<af-end id="793" timestamp="2019-06-15T03:40:03.417" threadId="0000000002452A88" success="true" from="nursery"/>
<exclusive-end id="794" timestamp="2019-06-15T03:40:03.417" durationms="3.417" />

<exclusive-start id="795" timestamp="2019-06-15T03:40:03.462" intervalms="48.226">
  <response-info timems="0.267" idlems="0.267" threads="0" lastid="0000000002455D00" lastname="Thread-6" />
</exclusive-start>
<af-start id="796" threadId="0000000002456688" totalBytesRequested="16392" timestamp="2019-06-15T03:40:03.462" intervalms="48.222" type="nursery" />
<cycle-start id="797" type="scavenge" contextid="0" timestamp="2019-06-15T03:40:03.462" intervalms="48.221" />
<gc-start id="798" type="scavenge" contextid="797" timestamp="2019-06-15T03:40:03.462">
  <mem-info id="799" free="815504" total="10092544" percent="8">
    <mem type="nursery" free="0" total="4849664" percent="0">
      <mem type="allocate" free="0" total="3407872" percent="0" />
      <mem type="survivor" free="0" total="1441792" percent="0" />
    </mem>
    <mem type="tenure" free="815504" total="5242880" percent="15">
      <mem type="soa" free="565648" total="4980736" percent="11" />
      <mem type="loa" free="249856" total="262144" percent="95" />
    </mem>
    <remembered-set count="362" />
  </mem-info>
</gc-start>
<allocation-stats totalBytes="2869192" >
  <allocated-bytes non-tlh="67608" tlh="2801584" />
  <largest-consumer threadName="Thread-5" threadId="0000000002452100" bytes="1008608" />
</allocation-stats>
<gc-op id="800" type="scavenge" timems="0.743" contextid="797" timestamp="2019-06-15T03:40:03.463">
  <scavenger-info tenureage="1" tenuremask="7ffe" tiltratio="70" />
  <memory-copied type="nursery" objects="1460" bytes="571568" bytesdiscarded="176032" />
  <memory-copied type="tenure" objects="271" bytes="98376" bytesdiscarded="448" />
</gc-op>
<gc-end id="801" type="scavenge" contextid="797" durationms="1.148" usertimems="0.000" systemtimems="4.000" timestamp="2019-06-15T03:40:03.463" activeThreads="4">
  <mem-info id="802" free="3471352" total="10092544" percent="34">
    <mem type="nursery" free="2791288" total="4849664" percent="57">
      <mem type="allocate" free="2791288" total="3538944" percent="78" />
      <mem type="survivor" free="0" total="1310720" percent="0" />
    </mem>
    <mem type="tenure" free="680064" total="5242880" percent="12">
      <mem type="soa" free="430208" total="4980736" percent="8" />
      <mem type="loa" free="249856" total="262144" percent="95" />
    </mem>
    <remembered-set count="144" />
  </mem-info>
</gc-end>
<cycle-end id="803" type="scavenge" contextid="797" timestamp="2019-06-15T03:40:03.463" />
  <attribute name="elasticGC enabled" value="1" />
  <attribute name= "numThreadsSpecified" value="4" />
  <attribute name="heapSize specified" value="10092544" />
  <attribute name="Current GC Util" value="9" />
  <attribute name= "Current Time Running" value="1977" />
  <attribute name ="GC Interval" value="200" />
  <attribute name="ProportionalT" value="-5.500000" />
  <attribute name="ProportionalI" value="-5.500000" />
  <attribute name="ProportionalH" value="-5.500000" />
  <attribute name="Current Error" value="-11.000000" />
  <attribute name="IntegralT" value="-528.000000" />
  <attribute name="IntegralI" value="-528.000000" />
  <attribute name="IntegralH" value="-528.000000" />
  <attribute name="DerivativeT" value="-0.343750" />
  <attribute name="DerivativeI" value="-0.343750" />
  <attribute name="DerivativeH" value="-0.343750" />
  <attribute name="Loop Time for DT" value="48.000000" />
  <attribute name="Output H" value="2092630016"/>
  <attribute name="Output I" value="200"/>
  <attribute name="Output T" value="4"/>
  <attribute name="Target GC Util Change" value ="20.000000" />
  <attribute name="Current GC Util Change" value="9.000000"/>
  <attribute name="GC Util currently" value="9" />
  <attribute name="CPU Util currently" value="95540032209" />
<allocation-satisfied id="804" threadId="0000000002455D00" bytesRequested="16392" />
<af-end id="805" timestamp="2019-06-15T03:40:03.463" threadId="0000000002456688" success="true" from="nursery"/>
<exclusive-end id="806" timestamp="2019-06-15T03:40:03.463" durationms="1.888" />

<concurrent-kickoff id="807" timestamp="2019-06-15T03:40:03.492">
  <kickoff reason="threshold reached" targetBytes="1395702" thresholdFreeBytes="192597"  remainingFree="178040" tenureFreeBytes="680064" nurseryFreeBytes="178040" />
</concurrent-kickoff>
<exclusive-start id="808" timestamp="2019-06-15T03:40:03.493" intervalms="31.124">
  <response-info timems="0.042" idlems="0.042" threads="0" lastid="0000000002455D00" lastname="Thread-6" />
</exclusive-start>
<cycle-start id="809" type="global" contextid="0" timestamp="2019-06-15T03:40:03.493" intervalms="305.578" />
<exclusive-end id="810" timestamp="2019-06-15T03:40:03.493" durationms="0.116" />

<exclusive-start id="811" timestamp="2019-06-15T03:40:03.499" intervalms="5.977">
  <response-info timems="0.032" idlems="0.032" threads="0" lastid="000000000244E500" lastname="Thread-4" />
</exclusive-start>
<af-start id="812" threadId="000000000244EE88" totalBytesRequested="48" timestamp="2019-06-15T03:40:03.499" intervalms="37.094" type="nursery" />
<cycle-start id="813" type="scavenge" contextid="0" timestamp="2019-06-15T03:40:03.499" intervalms="37.095" />
<gc-start id="814" type="scavenge" contextid="813" timestamp="2019-06-15T03:40:03.499">
  <mem-info id="815" free="680064" total="10092544" percent="6">
    <mem type="nursery" free="0" total="4849664" percent="0">
      <mem type="allocate" free="0" total="3538944" percent="0" />
      <mem type="survivor" free="0" total="1310720" percent="0" />
    </mem>
    <mem type="tenure" free="680064" total="5242880" percent="12">
      <mem type="soa" free="430208" total="4980736" percent="8" />
      <mem type="loa" free="249856" total="262144" percent="95" />
    </mem>
    <remembered-set count="304" />
  </mem-info>
</gc-start>
<allocation-stats totalBytes="2766496" >
  <allocated-bytes non-tlh="81944" tlh="2684552" />
  <largest-consumer threadName="Thread-6" threadId="0000000002455D00" bytes="1096912" />
</allocation-stats>
<gc-op id="816" type="scavenge" timems="0.875" contextid="813" timestamp="2019-06-15T03:40:03.500">
  <scavenger-info tenureage="1" tenuremask="7ffe" tiltratio="72" />
  <memory-copied type="nursery" objects="1863" bytes="783256" bytesdiscarded="63128" />
  <memory-copied type="tenure" objects="742" bytes="327080" bytesdiscarded="1264" />
  <references type="phantom" candidates="1" cleared="0" enqueued="0" />
</gc-op>
<gc-end id="817" type="scavenge" contextid="813" durationms="1.235" usertimems="4.000" systemtimems="0.000" timestamp="2019-06-15T03:40:03.500" activeThreads="4">
  <mem-info id="818" free="3097592" total="10092544" percent="30">
    <mem type="nursery" free="2692496" total="4849664" percent="55">
      <mem type="allocate" free="2692496" total="3538944" percent="76" />
      <mem type="survivor" free="0" total="1310720" percent="0" />
    </mem>
    <mem type="tenure" free="405096" total="5242880" percent="7">
      <mem type="soa" free="155240" total="4980736" percent="3" />
      <mem type="loa" free="249856" total="262144" percent="95" />
    </mem>
    <remembered-set count="146" />
  </mem-info>
</gc-end>
<cycle-end id="819" type="scavenge" contextid="813" timestamp="2019-06-15T03:40:03.500" />
  <attribute name="elasticGC enabled" value="1" />
  <attribute name= "numThreadsSpecified" value="4" />
  <attribute name="heapSize specified" value="10092544" />
  <attribute name="Current GC Util" value="4" />
  <attribute name= "Current Time Running" value="2014" />
  <attribute name ="GC Interval" value="200" />
  <attribute name="ProportionalT" value="-8.000000" />
  <attribute name="ProportionalI" value="-8.000000" />
  <attribute name="ProportionalH" value="-8.000000" />
  <attribute name="Current Error" value="-16.000000" />
  <attribute name="IntegralT" value="-592.000000" />
  <attribute name="IntegralI" value="-592.000000" />
  <attribute name="IntegralH" value="-592.000000" />
  <attribute name="DerivativeT" value="-0.648649" />
  <attribute name="DerivativeI" value="-0.648649" />
  <attribute name="DerivativeH" value="-0.648649" />
  <attribute name="Loop Time for DT" value="37.000000" />
  <attribute name="Output H" value="2092630016"/>
  <attribute name="Output I" value="200"/>
  <attribute name="Output T" value="4"/>
  <attribute name="Target GC Util Change" value ="20.000000" />
  <attribute name="Current GC Util Change" value="4.000000"/>
  <attribute name="GC Util currently" value="4" />
  <attribute name="CPU Util currently" value="124449700731" />
<allocation-satisfied id="820" threadId="000000000244E500" bytesRequested="48" />
<af-end id="821" timestamp="2019-06-15T03:40:03.501" threadId="000000000244EE88" success="true" from="nursery"/>
<exclusive-end id="822" timestamp="2019-06-15T03:40:03.501" durationms="2.813" />

<exclusive-start id="823" timestamp="2019-06-15T03:40:03.533" intervalms="33.964">
  <response-info timems="0.041" idlems="0.041" threads="0" lastid="0000000002455D00" lastname="Thread-6" />
</exclusive-start>
<af-start id="824" threadId="0000000002456688" totalBytesRequested="32776" timestamp="2019-06-15T03:40:03.533" intervalms="33.987" type="nursery" />
<cycle-start id="825" type="scavenge" contextid="0" timestamp="2019-06-15T03:40:03.533" intervalms="33.989" />
<gc-start id="826" type="scavenge" contextid="825" timestamp="2019-06-15T03:40:03.533">
  <mem-info id="827" free="405096" total="10092544" percent="4">
    <mem type="nursery" free="0" total="4849664" percent="0">
      <mem type="allocate" free="0" total="3538944" percent="0" />
      <mem type="survivor" free="0" total="1310720" percent="0" />
    </mem>
    <mem type="tenure" free="405096" total="5242880" percent="7">
      <mem type="soa" free="155240" total="4980736" percent="3" />
      <mem type="loa" free="249856" total="262144" percent="95" />
    </mem>
    <remembered-set count="251" />
  </mem-info>
</gc-start>
<allocation-stats totalBytes="2576248" >
  <allocated-bytes non-tlh="65600" tlh="2510648" />
  <largest-consumer threadName="Thread-5" threadId="0000000002452100" bytes="1073904" />
</allocation-stats>
<gc-op id="828" type="scavenge" timems="1.460" contextid="825" timestamp="2019-06-15T03:40:03.534">
  <scavenger-info tenureage="1" tenuremask="7ffe" tiltratio="72" />
  <memory-copied type="nursery" objects="1541" bytes="676568" bytesdiscarded="141328" />
  <memory-copied type="tenure" objects="738" bytes="339312" bytesdiscarded="488" />
  <heap-resize type="expand" space="tenure" amount="196608" count="3" timems="0.211" reason="continue current collection" />
</gc-op>
<gc-end id="829" type="scavenge" contextid="825" durationms="1.832" usertimems="0.000" systemtimems="0.000" timestamp="2019-06-15T03:40:03.535" activeThreads="4">
  <mem-info id="830" free="3080296" total="10289152" percent="29">
    <mem type="nursery" free="2852064" total="4849664" percent="58">
      <mem type="allocate" free="2852064" total="3670016" percent="77" />
      <mem type="survivor" free="0" total="1179648" percent="0" />
    </mem>
    <mem type="tenure" free="228232" total="5439488" percent="4">
      <mem type="soa" free="31624" total="5168128" percent="0" />
      <mem type="loa" free="196608" total="271360" percent="72" />
    </mem>
    <remembered-set count="139" />
  </mem-info>
</gc-end>
<cycle-end id="831" type="scavenge" contextid="825" timestamp="2019-06-15T03:40:03.535" />
  <attribute name="elasticGC enabled" value="1" />
  <attribute name= "numThreadsSpecified" value="4" />
  <attribute name="heapSize specified" value="10092544" />
  <attribute name="Current GC Util" value="5" />
  <attribute name= "Current Time Running" value="2048" />
  <attribute name ="GC Interval" value="200" />
  <attribute name="ProportionalT" value="-7.500000" />
  <attribute name="ProportionalI" value="-7.500000" />
  <attribute name="ProportionalH" value="-7.500000" />
  <attribute name="Current Error" value="-15.000000" />
  <attribute name="IntegralT" value="-510.000000" />
  <attribute name="IntegralI" value="-510.000000" />
  <attribute name="IntegralH" value="-510.000000" />
  <attribute name="DerivativeT" value="-0.661765" />
  <attribute name="DerivativeI" value="-0.661765" />
  <attribute name="DerivativeH" value="-0.661765" />
  <attribute name="Loop Time for DT" value="34.000000" />
  <attribute name="Output H" value="2092630016"/>
  <attribute name="Output I" value="200"/>
  <attribute name="Output T" value="4"/>
  <attribute name="Target GC Util Change" value ="20.000000" />
  <attribute name="Current GC Util Change" value="5.000000"/>
  <attribute name="GC Util currently" value="5" />
  <attribute name="CPU Util currently" value="135677765126" />
<allocation-satisfied id="832" threadId="0000000002455D00" bytesRequested="32776" />
<af-end id="833" timestamp="2019-06-15T03:40:03.535" threadId="0000000002456688" success="true" from="nursery"/>
<exclusive-end id="834" timestamp="2019-06-15T03:40:03.535" durationms="2.770" />

<exclusive-start id="835" timestamp="2019-06-15T03:40:03.536" intervalms="3.416">
  <response-info timems="0.099" idlems="0.099" threads="0" lastid="0000000002455D00" lastname="Thread-6" />
</exclusive-start>
<concurrent-collection-start id="836" timestamp="2019-06-15T03:40:03.536" intervalms="586.072" >
  <concurrent-trace-info reason="card cleaning threshold reached" tracedByMutators="574180" tracedByHelpers="677700" cardsCleaned="137" workStackOverflowCount="0" />
</concurrent-collection-start>
<gc-start id="837" type="global" contextid="809" timestamp="2019-06-15T03:40:03.536">
  <mem-info id="838" free="2830432" total="10289152" percent="27">
    <mem type="nursery" free="2602200" total="4849664" percent="53">
      <mem type="allocate" free="2602200" total="3670016" percent="70" />
      <mem type="survivor" free="0" total="1179648" percent="0" />
    </mem>
    <mem type="tenure" free="228232" total="5439488" percent="4">
      <mem type="soa" free="31624" total="5168128" percent="0" />
      <mem type="loa" free="196608" total="271360" percent="72" />
    </mem>
    <remembered-set count="143" />
  </mem-info>
</gc-start>
<allocation-stats totalBytes="249864" >
  <allocated-bytes non-tlh="32776" tlh="217088" />
  <largest-consumer threadName="Thread-6" threadId="0000000002455D00" bytes="94216" />
</allocation-stats>
<gc-op id="839" type="rs-scan" timems="0.469" contextid="809" timestamp="2019-06-15T03:40:03.537">
  <scan objectsFound="56" bytesTraced="4624" workStackOverflowCount="0" />
</gc-op>
<gc-op id="840" type="card-cleaning" timems="0.305" contextid="809" timestamp="2019-06-15T03:40:03.537">
  <card-cleaning cardsCleaned="70" bytesTraced="133628" workStackOverflowCount="0" />
</gc-op>
<gc-op id="841" type="mark" timems="1.147" contextid="809" timestamp="2019-06-15T03:40:03.538">
  <trace-info objectcount="1766" scancount="1519" scanbytes="304708" />
  <finalization candidates="25" enqueued="0" />
  <references type="soft" candidates="164" cleared="0" enqueued="0" dynamicThreshold="15" maxThreshold="32" />
  <references type="weak" candidates="234" cleared="0" enqueued="0" />
  <references type="phantom" candidates="66" cleared="0" enqueued="0" />
  <stringconstants candidates="3963" cleared="0"  />
</gc-op>
<gc-op id="842" type="sweep" timems="0.657" contextid="809" timestamp="2019-06-15T03:40:03.539" />
<mem-info id="843" free="5735464" total="10289152" percent="55">
  <mem type="nursery" free="2997920" total="4849664" percent="61">
    <mem type="allocate" free="2997920" total="3670016" percent="81" />
    <mem type="survivor" free="0" total="1179648" percent="0" />
  </mem>
  <mem type="tenure" free="2737544" total="5439488" percent="50" micro-fragmented="0" macro-fragmented="0">
    <mem type="soa" free="2466184" total="5168128" percent="47" />
    <mem type="loa" free="271360" total="271360" percent="100" />
  </mem>
  <remembered-set count="119" />
</mem-info>
<gc-op id="844" type="compact" timems="5.694" contextid="809" timestamp="2019-06-15T03:40:03.545">
  <compact-info movecount="16741" movebytes="1819888" reason="compact to aid heap contraction" />
</gc-op>
<heap-resize id="845" type="contract" space="tenure" amount="262144" count="1" timems="0.069" reason="heap reconfiguration" timestamp="2019-06-15T03:40:03.546" />
<gc-end id="846" type="global" contextid="809" durationms="9.483" usertimems="12.000" systemtimems="0.000" timestamp="2019-06-15T03:40:03.546" activeThreads="4">
  <mem-info id="847" free="5469016" total="10027008" percent="54">
    <mem type="nursery" free="2999080" total="4849664" percent="61">
      <mem type="allocate" free="2999080" total="3670016" percent="81" />
      <mem type="survivor" free="0" total="1179648" percent="0" />
    </mem>
    <mem type="tenure" free="2469936" total="5177344" percent="47">
      <mem type="soa" free="2221104" total="4919296" percent="45" />
      <mem type="loa" free="248832" total="258048" percent="96" />
    </mem>
    <remembered-set count="119" />
  </mem-info>
</gc-end>
<cycle-end id="848" type="global" contextid="809" timestamp="2019-06-15T03:40:03.546" />
  <attribute name="elasticGC enabled" value="1" />
  <attribute name= "numThreadsSpecified" value="4" />
  <attribute name="heapSize specified" value="10289152" />
  <attribute name="Current GC Util" value="63" />
  <attribute name= "Current Time Running" value="2061" />
  <attribute name ="GC Interval" value="200" />
  <attribute name="ProportionalT" value="21.500000" />
  <attribute name="ProportionalI" value="21.500000" />
  <attribute name="ProportionalH" value="21.500000" />
  <attribute name="Current Error" value="43.000000" />
  <attribute name="IntegralT" value="258.000000" />
  <attribute name="IntegralI" value="258.000000" />
  <attribute name="IntegralH" value="258.000000" />
  <attribute name="DerivativeT" value="-11.750000" />
  <attribute name="DerivativeI" value="-11.750000" />
  <attribute name="DerivativeH" value="-11.750000" />
  <attribute name="Loop Time for DT" value="6.000000" />
  <attribute name="Output H" value="8388608"/>
  <attribute name="Output I" value="272"/>
  <attribute name="Output T" value="4"/>
  <attribute name="Target GC Util Change" value ="20.000000" />
  <attribute name="Current GC Util Change" value="63.000000"/>
  <attribute name="GC Util currently" value="63" />
  <attribute name="CPU Util currently" value="787042408686" />
<concurrent-collection-end id="849" timestamp="2019-06-15T03:40:03.546" />
<exclusive-end id="850" timestamp="2019-06-15T03:40:03.546" durationms="10.073" />

<exclusive-start id="851" timestamp="2019-06-15T03:40:03.573" intervalms="37.091">
  <response-info timems="0.048" idlems="0.048" threads="0" lastid="0000000002452100" lastname="Thread-5" />
</exclusive-start>
<af-start id="852" threadId="0000000002452A88" totalBytesRequested="16392" timestamp="2019-06-15T03:40:03.573" intervalms="40.476" type="nursery" />
<cycle-start id="853" type="scavenge" contextid="0" timestamp="2019-06-15T03:40:03.573" intervalms="40.472" />
<gc-start id="854" type="scavenge" contextid="853" timestamp="2019-06-15T03:40:03.573">
  <mem-info id="855" free="2469936" total="10027008" percent="24">
    <mem type="nursery" free="0" total="4849664" percent="0">
      <mem type="allocate" free="0" total="3670016" percent="0" />
      <mem type="survivor" free="0" total="1179648" percent="0" />
    </mem>
    <mem type="tenure" free="2469936" total="5177344" percent="47">
      <mem type="soa" free="2221104" total="4919296" percent="45" />
      <mem type="loa" free="248832" total="258048" percent="96" />
    </mem>
    <remembered-set count="301" />
  </mem-info>
</gc-start>
<allocation-stats totalBytes="2898456" >
  <allocated-bytes non-tlh="98328" tlh="2800128" />
  <largest-consumer threadName="Thread-4" threadId="000000000244E500" bytes="1128040" />
</allocation-stats>
<gc-op id="856" type="scavenge" timems="2.810" contextid="853" timestamp="2019-06-15T03:40:03.576">
  <scavenger-info tenureage="1" tenuremask="7ffe" tiltratio="75" />
  <memory-copied type="nursery" objects="1392" bytes="564096" bytesdiscarded="220288" />
  <memory-copied type="tenure" objects="21" bytes="1480" bytesdiscarded="0" />
  <references type="weak" candidates="1" cleared="0" enqueued="0" />
  <references type="phantom" candidates="1" cleared="0" enqueued="0" />
</gc-op>
<gc-end id="857" type="scavenge" contextid="853" durationms="2.996" usertimems="4.000" systemtimems="0.000" timestamp="2019-06-15T03:40:03.576" activeThreads="4">
  <mem-info id="858" free="5381880" total="10027008" percent="53">
    <mem type="nursery" free="2951112" total="4849664" percent="60">
      <mem type="allocate" free="2951112" total="3735552" percent="79" />
      <mem type="survivor" free="0" total="1114112" percent="0" />
    </mem>
    <mem type="tenure" free="2430768" total="5177344" percent="46">
      <mem type="soa" free="2181936" total="4919296" percent="44" />
      <mem type="loa" free="248832" total="258048" percent="96" />
    </mem>
    <remembered-set count="114" />
  </mem-info>
</gc-end>
<cycle-end id="859" type="scavenge" contextid="853" timestamp="2019-06-15T03:40:03.576" />
  <attribute name="elasticGC enabled" value="1" />
  <attribute name= "numThreadsSpecified" value="4" />
  <attribute name="heapSize specified" value="10289152" />
  <attribute name="Current GC Util" value="21" />
  <attribute name= "Current Time Running" value="2089" />
  <attribute name ="GC Interval" value="200" />
  <attribute name="ProportionalT" value="0.500000" />
  <attribute name="ProportionalI" value="0.500000" />
  <attribute name="ProportionalH" value="0.500000" />
  <attribute name="Current Error" value="1.000000" />
  <attribute name="IntegralT" value="28.000000" />
  <attribute name="IntegralI" value="28.000000" />
  <attribute name="IntegralH" value="28.000000" />
  <attribute name="DerivativeT" value="-2.250000" />
  <attribute name="DerivativeI" value="-2.250000" />
  <attribute name="DerivativeH" value="-2.250000" />
  <attribute name="Loop Time for DT" value="28.000000" />
  <attribute name="Output H" value="8388608"/>
  <attribute name="Output I" value="200"/>
  <attribute name="Output T" value="4"/>
  <attribute name="Target GC Util Change" value ="20.000000" />
  <attribute name="Current GC Util Change" value="21.000000"/>
  <attribute name="GC Util currently" value="21" />
  <attribute name="CPU Util currently" value="163585049936" />
<allocation-satisfied id="860" threadId="0000000002452100" bytesRequested="16392" />
<af-end id="861" timestamp="2019-06-15T03:40:03.577" threadId="0000000002452A88" success="true" from="nursery"/>
<exclusive-end id="862" timestamp="2019-06-15T03:40:03.577" durationms="3.571" />

<exclusive-start id="863" timestamp="2019-06-15T03:40:03.599" intervalms="25.604">
  <response-info timems="0.048" idlems="0.048" threads="0" lastid="000000000244A900" lastname="Thread-3" />
</exclusive-start>
<af-start id="864" threadId="000000000244B288" totalBytesRequested="32776" timestamp="2019-06-15T03:40:03.599" intervalms="25.599" type="nursery" />
<cycle-start id="865" type="scavenge" contextid="0" timestamp="2019-06-15T03:40:03.599" intervalms="25.588" />
<gc-start id="866" type="scavenge" contextid="865" timestamp="2019-06-15T03:40:03.599">
  <mem-info id="867" free="2430768" total="10027008" percent="24">
    <mem type="nursery" free="0" total="4849664" percent="0">
      <mem type="allocate" free="0" total="3735552" percent="0" />
      <mem type="survivor" free="0" total="1114112" percent="0" />
    </mem>
    <mem type="tenure" free="2430768" total="5177344" percent="46">
      <mem type="soa" free="2181936" total="4919296" percent="44" />
      <mem type="loa" free="248832" total="258048" percent="96" />
    </mem>
    <remembered-set count="283" />
  </mem-info>
</gc-start>
<allocation-stats totalBytes="2892808" >
  <allocated-bytes non-tlh="147496" tlh="2745312" />
  <largest-consumer threadName="Thread-4" threadId="000000000244E500" bytes="913184" />
</allocation-stats>
<gc-op id="868" type="scavenge" timems="0.418" contextid="865" timestamp="2019-06-15T03:40:03.599">
  <scavenger-info tenureage="1" tenuremask="7ffe" tiltratio="77" />
  <memory-copied type="nursery" objects="1399" bytes="642312" bytesdiscarded="135688" />
  <memory-copied type="tenure" objects="90" bytes="58896" bytesdiscarded="0" />
  <references type="weak" candidates="1" cleared="0" enqueued="0" />
  <references type="phantom" candidates="1" cleared="0" enqueued="0" />
</gc-op>
<gc-end id="869" type="scavenge" contextid="865" durationms="0.584" usertimems="0.000" systemtimems="0.000" timestamp="2019-06-15T03:40:03.599" activeThreads="4">
  <mem-info id="870" free="5375472" total="10027008" percent="53">
    <mem type="nursery" free="3023040" total="4849664" percent="62">
      <mem type="allocate" free="3023040" total="3801088" percent="79" />
      <mem type="survivor" free="0" total="1048576" percent="0" />
    </mem>
    <mem type="tenure" free="2352432" total="5177344" percent="45">
      <mem type="soa" free="2103600" total="4919296" percent="42" />
      <mem type="loa" free="248832" total="258048" percent="96" />
    </mem>
    <remembered-set count="106" />
  </mem-info>
</gc-end>
<cycle-end id="871" type="scavenge" contextid="865" timestamp="2019-06-15T03:40:03.600" />
  <attribute name="elasticGC enabled" value="1" />
  <attribute name= "numThreadsSpecified" value="4" />
  <attribute name="heapSize specified" value="10289152" />
  <attribute name="Current GC Util" value="17" />
  <attribute name= "Current Time Running" value="2114" />
  <attribute name ="GC Interval" value="200" />
  <attribute name="ProportionalT" value="-1.500000" />
  <attribute name="ProportionalI" value="-1.500000" />
  <attribute name="ProportionalH" value="-1.500000" />
  <attribute name="Current Error" value="-3.000000" />
  <attribute name="IntegralT" value="-75.000000" />
  <attribute name="IntegralI" value="-75.000000" />
  <attribute name="IntegralH" value="-75.000000" />
  <attribute name="DerivativeT" value="-0.240000" />
  <attribute name="DerivativeI" value="-0.240000" />
  <attribute name="DerivativeH" value="-0.240000" />
  <attribute name="Loop Time for DT" value="25.000000" />
  <attribute name="Output H" value="2092630016"/>
  <attribute name="Output I" value="200"/>
  <attribute name="Output T" value="4"/>
  <attribute name="Target GC Util Change" value ="20.000000" />
  <attribute name="Current GC Util Change" value="17.000000"/>
  <attribute name="GC Util currently" value="17" />
  <attribute name="CPU Util currently" value="180443754148" />
<allocation-satisfied id="872" threadId="000000000244A900" bytesRequested="32776" />
<af-end id="873" timestamp="2019-06-15T03:40:03.600" threadId="000000000244B288" success="true" from="nursery"/>
<exclusive-end id="874" timestamp="2019-06-15T03:40:03.600" durationms="0.971" />

<exclusive-start id="875" timestamp="2019-06-15T03:40:03.629" intervalms="29.848">
  <response-info timems="0.040" idlems="0.040" threads="0" lastid="000000000244E500" lastname="Thread-4" />
</exclusive-start>
<af-start id="876" threadId="000000000244EE88" totalBytesRequested="16392" timestamp="2019-06-15T03:40:03.629" intervalms="29.862" type="nursery" />
<cycle-start id="877" type="scavenge" contextid="0" timestamp="2019-06-15T03:40:03.629" intervalms="29.877" />
<gc-start id="878" type="scavenge" contextid="877" timestamp="2019-06-15T03:40:03.629">
  <mem-info id="879" free="2352432" total="10027008" percent="23">
    <mem type="nursery" free="0" total="4849664" percent="0">
      <mem type="allocate" free="0" total="3801088" percent="0" />
      <mem type="survivor" free="0" total="1048576" percent="0" />
    </mem>
    <mem type="tenure" free="2352432" total="5177344" percent="45">
      <mem type="soa" free="2103600" total="4919296" percent="42" />
      <mem type="loa" free="248832" total="258048" percent="96" />
    </mem>
    <remembered-set count="297" />
  </mem-info>
</gc-start>
<allocation-stats totalBytes="3002696" >
  <allocated-bytes non-tlh="98328" tlh="2904368" />
  <largest-consumer threadName="Thread-5" threadId="0000000002452100" bytes="1142368" />
</allocation-stats>
<gc-op id="880" type="scavenge" timems="0.946" contextid="877" timestamp="2019-06-15T03:40:03.630">
  <scavenger-info tenureage="1" tenuremask="7ffe" tiltratio="78" />
  <memory-copied type="nursery" objects="1947" bytes="783720" bytesdiscarded="123896" />
  <memory-copied type="tenure" objects="74" bytes="101992" bytesdiscarded="0" />
</gc-op>
<gc-end id="881" type="scavenge" contextid="877" durationms="1.304" usertimems="0.000" systemtimems="0.000" timestamp="2019-06-15T03:40:03.630" activeThreads="4">
  <mem-info id="882" free="5073272" total="10027008" percent="50">
    <mem type="nursery" free="2893400" total="4849664" percent="59">
      <mem type="allocate" free="2893400" total="3801088" percent="76" />
      <mem type="survivor" free="0" total="1048576" percent="0" />
    </mem>
    <mem type="tenure" free="2179872" total="5177344" percent="42">
      <mem type="soa" free="1931040" total="4919296" percent="39" />
      <mem type="loa" free="248832" total="258048" percent="96" />
    </mem>
    <remembered-set count="113" />
  </mem-info>
</gc-end>
<cycle-end id="883" type="scavenge" contextid="877" timestamp="2019-06-15T03:40:03.630" />
  <attribute name="elasticGC enabled" value="1" />
  <attribute name= "numThreadsSpecified" value="4" />
  <attribute name="heapSize specified" value="10289152" />
  <attribute name="Current GC Util" value="3" />
  <attribute name= "Current Time Running" value="2144" />
  <attribute name ="GC Interval" value="200" />
  <attribute name="ProportionalT" value="-8.500000" />
  <attribute name="ProportionalI" value="-8.500000" />
  <attribute name="ProportionalH" value="-8.500000" />
  <attribute name="Current Error" value="-17.000000" />
  <attribute name="IntegralT" value="-510.000000" />
  <attribute name="IntegralI" value="-510.000000" />
  <attribute name="IntegralH" value="-510.000000" />
  <attribute name="DerivativeT" value="-0.850000" />
  <attribute name="DerivativeI" value="-0.850000" />
  <attribute name="DerivativeH" value="-0.850000" />
  <attribute name="Loop Time for DT" value="30.000000" />
  <attribute name="Output H" value="2092630016"/>
  <attribute name="Output I" value="200"/>
  <attribute name="Output T" value="4"/>
  <attribute name="Target GC Util Change" value ="20.000000" />
  <attribute name="Current GC Util Change" value="3.000000"/>
  <attribute name="GC Util currently" value="3" />
  <attribute name="CPU Util currently" value="154156210543" />
<allocation-satisfied id="884" threadId="000000000244E500" bytesRequested="16392" />
<af-end id="885" timestamp="2019-06-15T03:40:03.630" threadId="000000000244EE88" success="true" from="nursery"/>
<exclusive-end id="886" timestamp="2019-06-15T03:40:03.630" durationms="1.859" />

<exclusive-start id="887" timestamp="2019-06-15T03:40:03.657" intervalms="28.907">
  <response-info timems="0.060" idlems="0.060" threads="0" lastid="0000000002455D00" lastname="Thread-6" />
</exclusive-start>
<af-start id="888" threadId="0000000002456688" totalBytesRequested="32776" timestamp="2019-06-15T03:40:03.658" intervalms="28.901" type="nursery" />
<cycle-start id="889" type="scavenge" contextid="0" timestamp="2019-06-15T03:40:03.658" intervalms="28.898" />
<gc-start id="890" type="scavenge" contextid="889" timestamp="2019-06-15T03:40:03.658">
  <mem-info id="891" free="2179872" total="10027008" percent="21">
    <mem type="nursery" free="0" total="4849664" percent="0">
      <mem type="allocate" free="0" total="3801088" percent="0" />
      <mem type="survivor" free="0" total="1048576" percent="0" />
    </mem>
    <mem type="tenure" free="2179872" total="5177344" percent="42">
      <mem type="soa" free="1931040" total="4919296" percent="39" />
      <mem type="loa" free="248832" total="258048" percent="96" />
    </mem>
    <remembered-set count="279" />
  </mem-info>
</gc-start>
<allocation-stats totalBytes="2863456" >
  <allocated-bytes non-tlh="49168" tlh="2814288" />
  <largest-consumer threadName="Thread-5" threadId="0000000002452100" bytes="1150784" />
</allocation-stats>
<gc-op id="892" type="scavenge" timems="0.883" contextid="889" timestamp="2019-06-15T03:40:03.659">
  <scavenger-info tenureage="1" tenuremask="7ffe" tiltratio="78" />
  <memory-copied type="nursery" objects="1913" bytes="722304" bytesdiscarded="71888" />
  <memory-copied type="tenure" objects="700" bytes="339616" bytesdiscarded="48" />
  <references type="phantom" candidates="1" cleared="0" enqueued="0" />
</gc-op>
<gc-end id="893" type="scavenge" contextid="889" durationms="1.247" usertimems="4.000" systemtimems="0.000" timestamp="2019-06-15T03:40:03.659" activeThreads="4">
  <mem-info id="894" free="4911248" total="10027008" percent="48">
    <mem type="nursery" free="3072376" total="4849664" percent="63">
      <mem type="allocate" free="3072376" total="3866624" percent="79" />
      <mem type="survivor" free="0" total="983040" percent="0" />
    </mem>
    <mem type="tenure" free="1838872" total="5177344" percent="35">
      <mem type="soa" free="1590040" total="4919296" percent="32" />
      <mem type="loa" free="248832" total="258048" percent="96" />
    </mem>
    <remembered-set count="118" />
  </mem-info>
</gc-end>
<cycle-end id="895" type="scavenge" contextid="889" timestamp="2019-06-15T03:40:03.659" />
  <attribute name="elasticGC enabled" value="1" />
  <attribute name= "numThreadsSpecified" value="4" />
  <attribute name="heapSize specified" value="10289152" />
  <attribute name="Current GC Util" value="6" />
  <attribute name= "Current Time Running" value="2173" />
  <attribute name ="GC Interval" value="200" />
  <attribute name="ProportionalT" value="-7.000000" />
  <attribute name="ProportionalI" value="-7.000000" />
  <attribute name="ProportionalH" value="-7.000000" />
  <attribute name="Current Error" value="-14.000000" />
  <attribute name="IntegralT" value="-406.000000" />
  <attribute name="IntegralI" value="-406.000000" />
  <attribute name="IntegralH" value="-406.000000" />
  <attribute name="DerivativeT" value="-0.724138" />
  <attribute name="DerivativeI" value="-0.724138" />
  <attribute name="DerivativeH" value="-0.724138" />
  <attribute name="Loop Time for DT" value="29.000000" />
  <attribute name="Output H" value="2092630016"/>
  <attribute name="Output I" value="200"/>
  <attribute name="Output T" value="4"/>
  <attribute name="Target GC Util Change" value ="20.000000" />
  <attribute name="Current GC Util Change" value="6.000000"/>
  <attribute name="GC Util currently" value="6" />
  <attribute name="CPU Util currently" value="159616145289" />
<allocation-satisfied id="896" threadId="0000000002455D00" bytesRequested="32776" />
<af-end id="897" timestamp="2019-06-15T03:40:03.659" threadId="0000000002456688" success="true" from="nursery"/>
<exclusive-end id="898" timestamp="2019-06-15T03:40:03.659" durationms="1.786" />

<exclusive-start id="899" timestamp="2019-06-15T03:40:03.684" intervalms="26.889">
  <response-info timems="0.032" idlems="0.032" threads="0" lastid="000000000244A900" lastname="Thread-3" />
</exclusive-start>
<af-start id="900" threadId="000000000244B288" totalBytesRequested="8200" timestamp="2019-06-15T03:40:03.684" intervalms="26.889" type="nursery" />
<cycle-start id="901" type="scavenge" contextid="0" timestamp="2019-06-15T03:40:03.684" intervalms="26.890" />
<gc-start id="902" type="scavenge" contextid="901" timestamp="2019-06-15T03:40:03.685">
  <mem-info id="903" free="1838872" total="10027008" percent="18">
    <mem type="nursery" free="0" total="4849664" percent="0">
      <mem type="allocate" free="0" total="3866624" percent="0" />
      <mem type="survivor" free="0" total="983040" percent="0" />
    </mem>
    <mem type="tenure" free="1838872" total="5177344" percent="35">
      <mem type="soa" free="1590040" total="4919296" percent="32" />
      <mem type="loa" free="248832" total="258048" percent="96" />
    </mem>
    <remembered-set count="279" />
  </mem-info>
</gc-start>
<allocation-stats totalBytes="3069112" >
  <allocated-bytes non-tlh="65552" tlh="3003560" />
  <largest-consumer threadName="Thread-5" threadId="0000000002452100" bytes="1441248" />
</allocation-stats>
<gc-op id="904" type="scavenge" timems="1.003" contextid="901" timestamp="2019-06-15T03:40:03.686">
  <scavenger-info tenureage="1" tenuremask="7ffe" tiltratio="79" />
  <memory-copied type="nursery" objects="1401" bytes="570048" bytesdiscarded="158304" />
  <memory-copied type="tenure" objects="738" bytes="286712" bytesdiscarded="976" />
  <references type="weak" candidates="1" cleared="0" enqueued="0" />
  <references type="phantom" candidates="1" cleared="0" enqueued="0" />
</gc-op>
<gc-end id="905" type="scavenge" contextid="901" durationms="1.369" usertimems="4.000" systemtimems="0.000" timestamp="2019-06-15T03:40:03.686" activeThreads="4">
  <mem-info id="906" free="4589232" total="10027008" percent="45">
    <mem type="nursery" free="3138240" total="4849664" percent="64">
      <mem type="allocate" free="3138240" total="3866624" percent="81" />
      <mem type="survivor" free="0" total="983040" percent="0" />
    </mem>
    <mem type="tenure" free="1450992" total="5177344" percent="28">
      <mem type="soa" free="1202160" total="4919296" percent="24" />
      <mem type="loa" free="248832" total="258048" percent="96" />
    </mem>
    <remembered-set count="123" />
  </mem-info>
</gc-end>
<cycle-end id="907" type="scavenge" contextid="901" timestamp="2019-06-15T03:40:03.686" />
  <attribute name="elasticGC enabled" value="1" />
  <attribute name= "numThreadsSpecified" value="4" />
  <attribute name="heapSize specified" value="10289152" />
  <attribute name="Current GC Util" value="7" />
  <attribute name= "Current Time Running" value="2200" />
  <attribute name ="GC Interval" value="200" />
  <attribute name="ProportionalT" value="-6.500000" />
  <attribute name="ProportionalI" value="-6.500000" />
  <attribute name="ProportionalH" value="-6.500000" />
  <attribute name="Current Error" value="-13.000000" />
  <attribute name="IntegralT" value="-351.000000" />
  <attribute name="IntegralI" value="-351.000000" />
  <attribute name="IntegralH" value="-351.000000" />
  <attribute name="DerivativeT" value="-0.722222" />
  <attribute name="DerivativeI" value="-0.722222" />
  <attribute name="DerivativeH" value="-0.722222" />
  <attribute name="Loop Time for DT" value="27.000000" />
  <attribute name="Output H" value="2092630016"/>
  <attribute name="Output I" value="200"/>
  <attribute name="Output T" value="4"/>
  <attribute name="Target GC Util Change" value ="20.000000" />
  <attribute name="Current GC Util Change" value="7.000000"/>
  <attribute name="GC Util currently" value="7" />
  <attribute name="CPU Util currently" value="171467342241" />
<allocation-satisfied id="908" threadId="000000000244A900" bytesRequested="8200" />
<af-end id="909" timestamp="2019-06-15T03:40:03.686" threadId="000000000244B288" success="true" from="nursery"/>
<exclusive-end id="910" timestamp="2019-06-15T03:40:03.686" durationms="1.910" />

</verbosegc>

