<?xml version="1.0" ?>

<verbosegc xmlns="http://www.ibm.com/j9/verbosegc" version="10b4217_CMPRSS">

<initialized id="1" timestamp="2019-06-16T01:51:47.567">
  <attribute name="gcPolicy" value="-Xgcpolicy:gencon" />
  <attribute name="elasticGC enabled" value="1" />
  <attribute name= "numThreadsSpecified" value="0" />
  <attribute name="heapSize specified" value="0" />
  <attribute name="Current GC Util" value="0" />
  <attribute name= "Current Time Running" value="0" />
  <attribute name ="GC Interval" value="0" />
  <attribute name="ProportionalT" value="0.000000" />
  <attribute name="ProportionalI" value="0.000000" />
  <attribute name="ProportionalH" value="0.000000" />
  <attribute name="IntegralT" value="0.000000" />
  <attribute name="IntegralI" value="0.000000" />
  <attribute name="IntegralH" value="0.000000" />
  <attribute name="DerivativeT" value="0.000000" />
  <attribute name="DerivativeI" value="0.000000" />
  <attribute name="DerivativeH" value="0.000000" />
  <attribute name="Target GC Util Change" value ="0.000000" />
  <attribute name="Current GC Util Change" value="0.000000"/>
  <attribute name="Current Error" value="0.000000" />
  <attribute name="Loop Time for DT" value="0.000000" />
  <attribute name="Output H" value="0"/>
  <attribute name="Output I" value="0"/>
  <attribute name="Output T" value="0"/>
  <attribute name="GC Util currently" value="0" />
  <attribute name="CPU Util currently" value="0" />
  <attribute name="maxHeapSize" value="0x7cbc0000" />
  <attribute name="initialHeapSize" value="0x800000" />
  <attribute name="compressedRefs" value="true" />
  <attribute name="compressedRefsDisplacement" value="0x0" />
  <attribute name="compressedRefsShift" value="0x0" />
  <attribute name="pageSize" value="0x1000" />
  <attribute name="pageType" value="not used" />
  <attribute name="requestedPageSize" value="0x1000" />
  <attribute name="requestedPageType" value="not used" />
  <attribute name="gcthreads" value="4" />
  <attribute name="gcthreads Concurrent Mark" value="1" />
  <attribute name="packetListSplit" value="4" />
  <attribute name="cacheListSplit" value="4" />
  <attribute name="splitFreeListSplitAmount" value="1" />
  <attribute name="numaNodes" value="0" />
  <system>
    <attribute name="physicalMemory" value="8370958336" />
    <attribute name="numCPUs" value="4" />
    <attribute name="architecture" value="amd64" />
    <attribute name="os" value="Linux" />
    <attribute name="osVersion" value="4.4.0-150-generic" />
  </system>
  <vmargs>
    <vmarg name="-Xoptionsfile=/vagrant/jdk/lib/options.default" />
    <vmarg name="-Xlockword:mode=default,noLockword=java/lang/String,noLockword=java/util/MapEntry,noLockword=java/util/HashMap$Entry,noLockword..." />
    <vmarg name="-Xjcl:jclse29" />
    <vmarg name="-Dcom.ibm.oti.vm.bootstrap.library.path=/vagrant/jdk/lib/compressedrefs:/vagrant/jdk/lib" />
    <vmarg name="-Dsun.boot.library.path=/vagrant/jdk/lib/compressedrefs:/vagrant/jdk/lib" />
    <vmarg name="-Djava.library.path=/vagrant/jdk/lib/compressedrefs:/vagrant/jdk/lib:/usr/lib64:/usr/lib" />
    <vmarg name="-Djava.home=/vagrant/jdk" />
    <vmarg name="-Duser.dir=/vagrant" />
    <vmarg name="-Xgcpolicy:gencon" />
    <vmarg name="-Xgcelastic" />
    <vmarg name="-Xcheck:gc:::elasticGC" />
    <vmarg name="-verbose:gc" />
    <vmarg name="-Xloggc:jdk1.5-1-1-default-GEN-4CORE-elasticverbose8sunflow.txt" />
    <vmarg name="-Djava.class.path=dacapo-9.12-MR1-bach.jar" />
    <vmarg name="-Dsun.java.command=dacapo-9.12-MR1-bach.jar sunflow --size=default" />
    <vmarg name="-Dsun.java.launcher=SUN_STANDARD" />
    <vmarg name="-Dsun.java.launcher.pid=20262" />
  </vmargs>
</initialized>

<exclusive-start id="2" timestamp="2019-06-16T01:51:47.779" intervalms="212.121">
  <response-info timems="0.028" idlems="0.028" threads="0" lastid="0000000001221700" lastname="main" />
</exclusive-start>
<af-start id="3" threadId="0000000001222088" totalBytesRequested="7176" timestamp="2019-06-16T01:51:47.780" intervalms="212.362" type="nursery" />
<cycle-start id="4" type="scavenge" contextid="0" timestamp="2019-06-16T01:51:47.780" intervalms="212.837" />
<gc-start id="5" type="scavenge" contextid="4" timestamp="2019-06-16T01:51:47.786">
  <mem-info id="6" free="6062624" total="8388608" percent="72">
    <mem type="nursery" free="0" total="2097152" percent="0">
      <mem type="allocate" free="0" total="1048576" percent="0" />
      <mem type="survivor" free="0" total="1048576" percent="0" />
    </mem>
    <mem type="tenure" free="6062624" total="6291456" percent="96">
      <mem type="soa" free="5748256" total="5977088" percent="96" />
      <mem type="loa" free="314368" total="314368" percent="100" />
    </mem>
    <remembered-set count="3161" />
  </mem-info>
</gc-start>
<allocation-stats totalBytes="1274216" >
  <allocated-bytes non-tlh="344784" tlh="929432" />
  <largest-consumer threadName="main" threadId="0000000001221700" bytes="1199816" />
</allocation-stats>
<gc-op id="7" type="scavenge" timems="2.206" contextid="4" timestamp="2019-06-16T01:51:47.788">
  <scavenger-info tenureage="2" tenuremask="fffc" tiltratio="50" />
  <memory-copied type="nursery" objects="10578" bytes="479616" bytesdiscarded="82632" />
  <finalization candidates="11" enqueued="0" />
  <references type="soft" candidates="62" cleared="0" enqueued="0" dynamicThreshold="32" maxThreshold="32" />
  <references type="weak" candidates="309" cleared="177" enqueued="141" />
  <references type="phantom" candidates="25" cleared="6" enqueued="6" />
</gc-op>
<gc-end id="8" type="scavenge" contextid="4" durationms="6.130" usertimems="8.000" systemtimems="0.000" timestamp="2019-06-16T01:51:47.792" activeThreads="4">
  <mem-info id="9" free="6546856" total="8388608" percent="78">
    <mem type="nursery" free="484232" total="2097152" percent="23">
      <mem type="allocate" free="484232" total="1048576" percent="46" />
      <mem type="survivor" free="0" total="1048576" percent="0" />
    </mem>
    <mem type="tenure" free="6062624" total="6291456" percent="96">
      <mem type="soa" free="5748256" total="5977088" percent="96" />
      <mem type="loa" free="314368" total="314368" percent="100" />
    </mem>
    <pending-finalizers system="0" default="0" reference="147" classloader="0" />
    <remembered-set count="3161" />
  </mem-info>
</gc-end>
<cycle-end id="10" type="scavenge" contextid="4" timestamp="2019-06-16T01:51:47.792" />
  <attribute name="elasticGC enabled" value="1" />
  <attribute name= "numThreadsSpecified" value="0" />
  <attribute name="heapSize specified" value="0" />
  <attribute name="Current GC Util" value="0" />
  <attribute name= "Current Time Running" value="76" />
  <attribute name ="GC Interval" value="1" />
  <attribute name="ProportionalT" value="0.000000" />
  <attribute name="ProportionalI" value="0.000000" />
  <attribute name="ProportionalH" value="0.000000" />
  <attribute name="Current Error" value="0.000000" />
  <attribute name="IntegralT" value="0.000000" />
  <attribute name="IntegralI" value="0.000000" />
  <attribute name="IntegralH" value="0.000000" />
  <attribute name="DerivativeT" value="0.000000" />
  <attribute name="DerivativeI" value="0.000000" />
  <attribute name="DerivativeH" value="0.000000" />
  <attribute name="Loop Time for DT" value="0.000000" />
  <attribute name="Output H" value="0"/>
  <attribute name="Output I" value="0"/>
  <attribute name="Output T" value="0"/>
  <attribute name="Target GC Util Change" value ="20.000000" />
  <attribute name="Current GC Util Change" value="0.000000"/>
  <attribute name="GC Util currently" value="0" />
  <attribute name="CPU Util currently" value="19" />
<allocation-satisfied id="11" threadId="0000000001221700" bytesRequested="7176" />
<af-end id="12" timestamp="2019-06-16T01:51:47.792" threadId="0000000001222088" success="true" from="nursery"/>
<exclusive-end id="13" timestamp="2019-06-16T01:51:47.792" durationms="12.805" />

<exclusive-start id="14" timestamp="2019-06-16T01:51:47.825" intervalms="45.999">
  <response-info timems="0.073" idlems="0.073" threads="0" lastid="0000000001221700" lastname="main" />
</exclusive-start>
<af-start id="15" threadId="0000000001222088" totalBytesRequested="3616" timestamp="2019-06-16T01:51:47.826" intervalms="45.909" type="nursery" />
<cycle-start id="16" type="scavenge" contextid="0" timestamp="2019-06-16T01:51:47.826" intervalms="45.571" />
<gc-start id="17" type="scavenge" contextid="16" timestamp="2019-06-16T01:51:47.830">
  <mem-info id="18" free="6054720" total="8388608" percent="72">
    <mem type="nursery" free="0" total="2097152" percent="0">
      <mem type="allocate" free="0" total="1048576" percent="0" />
      <mem type="survivor" free="0" total="1048576" percent="0" />
    </mem>
    <mem type="tenure" free="6054720" total="6291456" percent="96">
      <mem type="soa" free="5740352" total="5977088" percent="96" />
      <mem type="loa" free="314368" total="314368" percent="100" />
    </mem>
    <remembered-set count="3264" />
  </mem-info>
</gc-start>
<allocation-stats totalBytes="481696" >
  <allocated-bytes non-tlh="15080" tlh="466616" />
  <largest-consumer threadName="main" threadId="0000000001221700" bytes="469720" />
</allocation-stats>
<gc-op id="19" type="scavenge" timems="0.780" contextid="16" timestamp="2019-06-16T01:51:47.831">
  <scavenger-info tenureage="5" tenuremask="7fe0" tiltratio="50" />
  <memory-copied type="nursery" objects="10917" bytes="486776" bytesdiscarded="132056" />
  <finalization candidates="11" enqueued="0" />
  <references type="soft" candidates="62" cleared="0" enqueued="0" dynamicThreshold="32" maxThreshold="32" />
  <references type="weak" candidates="249" cleared="104" enqueued="101" />
  <references type="phantom" candidates="39" cleared="13" enqueued="13" />
</gc-op>
<gc-end id="20" type="scavenge" contextid="16" durationms="1.107" usertimems="0.000" systemtimems="0.000" timestamp="2019-06-16T01:51:47.831" activeThreads="4">
  <mem-info id="21" free="6483000" total="8388608" percent="77">
    <mem type="nursery" free="428280" total="2097152" percent="20">
      <mem type="allocate" free="428280" total="1048576" percent="40" />
      <mem type="survivor" free="0" total="1048576" percent="0" />
    </mem>
    <mem type="tenure" free="6054720" total="6291456" percent="96">
      <mem type="soa" free="5740352" total="5977088" percent="96" />
      <mem type="loa" free="314368" total="314368" percent="100" />
    </mem>
    <pending-finalizers system="0" default="0" reference="114" classloader="0" />
    <remembered-set count="3264" />
  </mem-info>
</gc-end>
<cycle-end id="22" type="scavenge" contextid="16" timestamp="2019-06-16T01:51:47.831" />
  <attribute name="elasticGC enabled" value="1" />
  <attribute name= "numThreadsSpecified" value="4" />
  <attribute name="heapSize specified" value="0" />
  <attribute name="Current GC Util" value="25" />
  <attribute name= "Current Time Running" value="120" />
  <attribute name ="GC Interval" value="232" />
  <attribute name="ProportionalT" value="7.500000" />
  <attribute name="ProportionalI" value="7.500000" />
  <attribute name="ProportionalH" value="7.500000" />
  <attribute name="Current Error" value="5.000000" />
  <attribute name="IntegralT" value="220.000000" />
  <attribute name="IntegralI" value="220.000000" />
  <attribute name="IntegralH" value="220.000000" />
  <attribute name="DerivativeT" value="0.113636" />
  <attribute name="DerivativeI" value="0.113636" />
  <attribute name="DerivativeH" value="0.113636" />
  <attribute name="Loop Time for DT" value="44.000000" />
  <attribute name="Output H" value="8388608"/>
  <attribute name="Output I" value="232"/>
  <attribute name="Output T" value="4"/>
  <attribute name="Target GC Util Change" value ="20.000000" />
  <attribute name="Current GC Util Change" value="25.000000"/>
  <attribute name="GC Util currently" value="25" />
  <attribute name="CPU Util currently" value="4" />
<allocation-satisfied id="23" threadId="0000000001221700" bytesRequested="3616" />
<af-end id="24" timestamp="2019-06-16T01:51:47.831" threadId="0000000001222088" success="true" from="nursery"/>
<exclusive-end id="25" timestamp="2019-06-16T01:51:47.831" durationms="5.953" />

<exclusive-start id="26" timestamp="2019-06-16T01:51:47.841" intervalms="15.572">
  <response-info timems="0.027" idlems="0.027" threads="0" lastid="0000000001221700" lastname="main" />
</exclusive-start>
<af-start id="27" threadId="0000000001222088" totalBytesRequested="15368" timestamp="2019-06-16T01:51:47.841" intervalms="15.560" type="nursery" />
<cycle-start id="28" type="scavenge" contextid="0" timestamp="2019-06-16T01:51:47.841" intervalms="15.547" />
<gc-start id="29" type="scavenge" contextid="28" timestamp="2019-06-16T01:51:47.841">
  <mem-info id="30" free="6052200" total="8388608" percent="72">
    <mem type="nursery" free="0" total="2097152" percent="0">
      <mem type="allocate" free="0" total="1048576" percent="0" />
      <mem type="survivor" free="0" total="1048576" percent="0" />
    </mem>
    <mem type="tenure" free="6052200" total="6291456" percent="96">
      <mem type="soa" free="5737832" total="5977088" percent="95" />
      <mem type="loa" free="314368" total="314368" percent="100" />
    </mem>
    <remembered-set count="3295" />
  </mem-info>
</gc-start>
<allocation-stats totalBytes="396504" >
  <allocated-bytes non-tlh="6136" tlh="390368" />
  <largest-consumer threadName="main" threadId="0000000001221700" bytes="388312" />
</allocation-stats>
<gc-op id="31" type="scavenge" timems="0.815" contextid="28" timestamp="2019-06-16T01:51:47.842">
  <scavenger-info tenureage="4" tenuremask="7ff0" tiltratio="50" />
  <memory-copied type="nursery" objects="10913" bytes="566200" bytesdiscarded="142248" />
  <finalization candidates="11" enqueued="0" />
  <references type="soft" candidates="62" cleared="0" enqueued="0" dynamicThreshold="32" maxThreshold="32" />
  <references type="weak" candidates="216" cleared="68" enqueued="68" />
  <references type="phantom" candidates="38" cleared="9" enqueued="9" />
</gc-op>
<gc-end id="32" type="scavenge" contextid="28" durationms="1.082" usertimems="0.000" systemtimems="0.000" timestamp="2019-06-16T01:51:47.842" activeThreads="4">
  <mem-info id="33" free="6390864" total="8388608" percent="76">
    <mem type="nursery" free="338664" total="2097152" percent="16">
      <mem type="allocate" free="338664" total="1048576" percent="32" />
      <mem type="survivor" free="0" total="1048576" percent="0" />
    </mem>
    <mem type="tenure" free="6052200" total="6291456" percent="96">
      <mem type="soa" free="5737832" total="5977088" percent="95" />
      <mem type="loa" free="314368" total="314368" percent="100" />
    </mem>
    <pending-finalizers system="0" default="0" reference="77" classloader="0" />
    <remembered-set count="1025" />
  </mem-info>
</gc-end>
<cycle-end id="34" type="scavenge" contextid="28" timestamp="2019-06-16T01:51:47.843" />
  <attribute name="elasticGC enabled" value="1" />
  <attribute name= "numThreadsSpecified" value="4" />
  <attribute name="heapSize specified" value="0" />
  <attribute name="Current GC Util" value="45" />
  <attribute name= "Current Time Running" value="132" />
  <attribute name ="GC Interval" value="560" />
  <attribute name="ProportionalT" value="37.500000" />
  <attribute name="ProportionalI" value="37.500000" />
  <attribute name="ProportionalH" value="37.500000" />
  <attribute name="Current Error" value="25.000000" />
  <attribute name="IntegralT" value="520.000000" />
  <attribute name="IntegralI" value="520.000000" />
  <attribute name="IntegralH" value="520.000000" />
  <attribute name="DerivativeT" value="1.666667" />
  <attribute name="DerivativeI" value="1.666667" />
  <attribute name="DerivativeH" value="1.666667" />
  <attribute name="Loop Time for DT" value="12.000000" />
  <attribute name="Output H" value="8388608"/>
  <attribute name="Output I" value="560"/>
  <attribute name="Output T" value="4"/>
  <attribute name="Target GC Util Change" value ="20.000000" />
  <attribute name="Current GC Util Change" value="45.000000"/>
  <attribute name="GC Util currently" value="45" />
  <attribute name="CPU Util currently" value="397125040754" />
<allocation-satisfied id="35" threadId="0000000001221700" bytesRequested="15368" />
<af-end id="36" timestamp="2019-06-16T01:51:47.843" threadId="0000000001222088" success="true" from="nursery"/>
<exclusive-end id="37" timestamp="2019-06-16T01:51:47.843" durationms="1.750" />

<exclusive-start id="38" timestamp="2019-06-16T01:51:48.150" intervalms="308.701">
  <response-info timems="0.175" idlems="0.175" threads="0" lastid="0000000001221700" lastname="main" />
</exclusive-start>
<af-start id="39" threadId="0000000001222088" totalBytesRequested="23936" timestamp="2019-06-16T01:51:48.150" intervalms="309.019" type="nursery" />
<cycle-start id="40" type="scavenge" contextid="0" timestamp="2019-06-16T01:51:48.151" intervalms="309.348" />
<gc-start id="41" type="scavenge" contextid="40" timestamp="2019-06-16T01:51:48.151">
  <mem-info id="42" free="6047352" total="8388608" percent="72">
    <mem type="nursery" free="0" total="2097152" percent="0">
      <mem type="allocate" free="0" total="1048576" percent="0" />
      <mem type="survivor" free="0" total="1048576" percent="0" />
    </mem>
    <mem type="tenure" free="6047352" total="6291456" percent="96">
      <mem type="soa" free="5732984" total="5977088" percent="95" />
      <mem type="loa" free="314368" total="314368" percent="100" />
    </mem>
    <remembered-set count="1105" />
  </mem-info>
</gc-start>
<allocation-stats totalBytes="336664" >
  <allocated-bytes non-tlh="20216" tlh="316448" />
  <largest-consumer threadName="main" threadId="0000000001221700" bytes="336664" />
</allocation-stats>
<gc-op id="43" type="scavenge" timems="5.438" contextid="40" timestamp="2019-06-16T01:51:48.157">
  <scavenger-info tenureage="3" tenuremask="fff8" tiltratio="50" />
  <memory-copied type="nursery" objects="743" bytes="98032" bytesdiscarded="113880" />
  <memory-copied type="tenure" objects="10288" bytes="459840" bytesdiscarded="560" />
  <finalization candidates="14" enqueued="1" />
  <references type="soft" candidates="1" cleared="0" enqueued="0" dynamicThreshold="32" maxThreshold="32" />
  <references type="weak" candidates="68" cleared="53" enqueued="53" />
  <references type="phantom" candidates="22" cleared="10" enqueued="10" />
</gc-op>
<gc-end id="44" type="scavenge" contextid="40" durationms="6.771" usertimems="8.000" systemtimems="0.000" timestamp="2019-06-16T01:51:48.158" activeThreads="4">
  <mem-info id="45" free="6318736" total="8388608" percent="75">
    <mem type="nursery" free="836592" total="2097152" percent="39">
      <mem type="allocate" free="836592" total="1048576" percent="79" />
      <mem type="survivor" free="0" total="1048576" percent="0" />
    </mem>
    <mem type="tenure" free="5482144" total="6291456" percent="87">
      <mem type="soa" free="5167776" total="5977088" percent="86" />
      <mem type="loa" free="314368" total="314368" percent="100" />
    </mem>
    <pending-finalizers system="1" default="0" reference="63" classloader="0" />
    <remembered-set count="220" />
  </mem-info>
</gc-end>
<cycle-end id="46" type="scavenge" contextid="40" timestamp="2019-06-16T01:51:48.158" />
  <attribute name="elasticGC enabled" value="1" />
  <attribute name= "numThreadsSpecified" value="4" />
  <attribute name="heapSize specified" value="0" />
  <attribute name="Current GC Util" value="0" />
  <attribute name= "Current Time Running" value="442" />
  <attribute name ="GC Interval" value="200" />
  <attribute name="ProportionalT" value="-30.000000" />
  <attribute name="ProportionalI" value="-30.000000" />
  <attribute name="ProportionalH" value="-30.000000" />
  <attribute name="Current Error" value="-20.000000" />
  <attribute name="IntegralT" value="-5680.000000" />
  <attribute name="IntegralI" value="-5680.000000" />
  <attribute name="IntegralH" value="-5680.000000" />
  <attribute name="DerivativeT" value="-0.145161" />
  <attribute name="DerivativeI" value="-0.145161" />
  <attribute name="DerivativeH" value="-0.145161" />
  <attribute name="Loop Time for DT" value="310.000000" />
  <attribute name="Output H" value="2092630016"/>
  <attribute name="Output I" value="200"/>
  <attribute name="Output T" value="4"/>
  <attribute name="Target GC Util Change" value ="20.000000" />
  <attribute name="Current GC Util Change" value="0.000000"/>
  <attribute name="GC Util currently" value="0" />
  <attribute name="CPU Util currently" value="2" />
<allocation-satisfied id="47" threadId="0000000001221700" bytesRequested="23936" />
<af-end id="48" timestamp="2019-06-16T01:51:48.159" threadId="0000000001222088" success="true" from="nursery"/>
<exclusive-end id="49" timestamp="2019-06-16T01:51:48.159" durationms="9.778" />

<exclusive-start id="50" timestamp="2019-06-16T01:51:48.247" intervalms="97.548">
  <response-info timems="0.031" idlems="0.031" threads="0" lastid="0000000001221700" lastname="main" />
</exclusive-start>
<af-start id="51" threadId="0000000001222088" totalBytesRequested="16" timestamp="2019-06-16T01:51:48.247" intervalms="97.214" type="nursery" />
<cycle-start id="52" type="scavenge" contextid="0" timestamp="2019-06-16T01:51:48.247" intervalms="96.889" />
<gc-start id="53" type="scavenge" contextid="52" timestamp="2019-06-16T01:51:48.248">
  <mem-info id="54" free="5399512" total="8388608" percent="64">
    <mem type="nursery" free="0" total="2097152" percent="0">
      <mem type="allocate" free="0" total="1048576" percent="0" />
      <mem type="survivor" free="0" total="1048576" percent="0" />
    </mem>
    <mem type="tenure" free="5399512" total="6291456" percent="85">
      <mem type="soa" free="5085144" total="5977088" percent="85" />
      <mem type="loa" free="314368" total="314368" percent="100" />
    </mem>
    <remembered-set count="1596" />
  </mem-info>
</gc-start>
<allocation-stats totalBytes="918336" >
  <allocated-bytes non-tlh="147840" tlh="770496" />
  <largest-consumer threadName="main" threadId="0000000001221700" bytes="918336" />
</allocation-stats>
<gc-op id="55" type="scavenge" timems="0.764" contextid="52" timestamp="2019-06-16T01:51:48.249">
  <scavenger-info tenureage="3" tenuremask="fff8" tiltratio="50" />
  <memory-copied type="nursery" objects="6054" bytes="313912" bytesdiscarded="80464" />
  <memory-copied type="tenure" objects="303" bytes="15504" bytesdiscarded="0" />
  <finalization candidates="45" enqueued="0" />
  <ownableSynchronizers candidates="1" cleared="0" />
  <references type="soft" candidates="46" cleared="0" enqueued="0" dynamicThreshold="32" maxThreshold="32" />
  <references type="weak" candidates="660" cleared="271" enqueued="188" />
  <references type="phantom" candidates="12" cleared="3" enqueued="3" />
</gc-op>
<gc-end id="56" type="scavenge" contextid="52" durationms="1.023" usertimems="0.000" systemtimems="0.000" timestamp="2019-06-16T01:51:48.249" activeThreads="4">
  <mem-info id="57" free="6014272" total="8388608" percent="71">
    <mem type="nursery" free="653928" total="2097152" percent="31">
      <mem type="allocate" free="653928" total="1048576" percent="62" />
      <mem type="survivor" free="0" total="1048576" percent="0" />
    </mem>
    <mem type="tenure" free="5360344" total="6291456" percent="85">
      <mem type="soa" free="5045976" total="5977088" percent="84" />
      <mem type="loa" free="314368" total="314368" percent="100" />
    </mem>
    <pending-finalizers system="0" default="0" reference="191" classloader="0" />
    <remembered-set count="1548" />
  </mem-info>
</gc-end>
<cycle-end id="58" type="scavenge" contextid="52" timestamp="2019-06-16T01:51:48.249" />
  <attribute name="elasticGC enabled" value="1" />
  <attribute name= "numThreadsSpecified" value="4" />
  <attribute name="heapSize specified" value="0" />
  <attribute name="Current GC Util" value="8" />
  <attribute name= "Current Time Running" value="538" />
  <attribute name ="GC Interval" value="200" />
  <attribute name="ProportionalT" value="-18.000000" />
  <attribute name="ProportionalI" value="-18.000000" />
  <attribute name="ProportionalH" value="-18.000000" />
  <attribute name="Current Error" value="-12.000000" />
  <attribute name="IntegralT" value="-6832.000000" />
  <attribute name="IntegralI" value="-6832.000000" />
  <attribute name="IntegralH" value="-6832.000000" />
  <attribute name="DerivativeT" value="-0.125000" />
  <attribute name="DerivativeI" value="-0.125000" />
  <attribute name="DerivativeH" value="-0.125000" />
  <attribute name="Loop Time for DT" value="96.000000" />
  <attribute name="Output H" value="2092630016"/>
  <attribute name="Output I" value="200"/>
  <attribute name="Output T" value="4"/>
  <attribute name="Target GC Util Change" value ="20.000000" />
  <attribute name="Current GC Util Change" value="8.000000"/>
  <attribute name="GC Util currently" value="8" />
  <attribute name="CPU Util currently" value="21" />
<allocation-satisfied id="59" threadId="0000000001221700" bytesRequested="16" />
<af-end id="60" timestamp="2019-06-16T01:51:48.249" threadId="0000000001222088" success="true" from="nursery"/>
<exclusive-end id="61" timestamp="2019-06-16T01:51:48.249" durationms="1.835" />

<exclusive-start id="62" timestamp="2019-06-16T01:51:48.333" intervalms="85.475">
  <response-info timems="0.028" idlems="0.028" threads="0" lastid="0000000001221700" lastname="main" />
</exclusive-start>
<af-start id="63" threadId="0000000001222088" totalBytesRequested="196616" timestamp="2019-06-16T01:51:48.333" intervalms="85.435" type="nursery" />
<cycle-start id="64" type="scavenge" contextid="0" timestamp="2019-06-16T01:51:48.333" intervalms="85.372" />
<gc-start id="65" type="scavenge" contextid="64" timestamp="2019-06-16T01:51:48.333">
  <mem-info id="66" free="5295880" total="8388608" percent="63">
    <mem type="nursery" free="6744" total="2097152" percent="0">
      <mem type="allocate" free="6744" total="1048576" percent="0" />
      <mem type="survivor" free="0" total="1048576" percent="0" />
    </mem>
    <mem type="tenure" free="5289136" total="6291456" percent="84">
      <mem type="soa" free="4974768" total="5977088" percent="83" />
      <mem type="loa" free="314368" total="314368" percent="100" />
    </mem>
    <remembered-set count="2534" />
  </mem-info>
</gc-start>
<allocation-stats totalBytes="717704" >
  <allocated-bytes non-tlh="71224" tlh="646480" />
  <largest-consumer threadName="main" threadId="0000000001221700" bytes="705872" />
</allocation-stats>
<gc-op id="67" type="scavenge" timems="0.921" contextid="64" timestamp="2019-06-16T01:51:48.334">
  <scavenger-info tenureage="4" tenuremask="7ff0" tiltratio="50" />
  <memory-copied type="nursery" objects="9414" bytes="478640" bytesdiscarded="67448" />
  <finalization candidates="113" enqueued="0" />
  <ownableSynchronizers candidates="3" cleared="0" />
  <references type="soft" candidates="69" cleared="0" enqueued="0" dynamicThreshold="32" maxThreshold="32" />
  <references type="weak" candidates="620" cleared="29" enqueued="14" />
  <references type="phantom" candidates="16" cleared="0" enqueued="0" />
</gc-op>
<gc-end id="68" type="scavenge" contextid="64" durationms="1.107" usertimems="0.000" systemtimems="0.000" timestamp="2019-06-16T01:51:48.334" activeThreads="4">
  <mem-info id="69" free="5791000" total="8388608" percent="69">
    <mem type="nursery" free="501864" total="2097152" percent="23">
      <mem type="allocate" free="501864" total="1048576" percent="47" />
      <mem type="survivor" free="0" total="1048576" percent="0" />
    </mem>
    <mem type="tenure" free="5289136" total="6291456" percent="84">
      <mem type="soa" free="4974768" total="5977088" percent="83" />
      <mem type="loa" free="314368" total="314368" percent="100" />
    </mem>
    <pending-finalizers system="0" default="0" reference="14" classloader="0" />
    <remembered-set count="2450" />
  </mem-info>
</gc-end>
<cycle-end id="70" type="scavenge" contextid="64" timestamp="2019-06-16T01:51:48.334" />
  <attribute name="elasticGC enabled" value="1" />
  <attribute name= "numThreadsSpecified" value="4" />
  <attribute name="heapSize specified" value="0" />
  <attribute name="Current GC Util" value="1" />
  <attribute name= "Current Time Running" value="623" />
  <attribute name ="GC Interval" value="200" />
  <attribute name="ProportionalT" value="-28.500000" />
  <attribute name="ProportionalI" value="-28.500000" />
  <attribute name="ProportionalH" value="-28.500000" />
  <attribute name="Current Error" value="-19.000000" />
  <attribute name="IntegralT" value="-8447.000000" />
  <attribute name="IntegralI" value="-8447.000000" />
  <attribute name="IntegralH" value="-8447.000000" />
  <attribute name="DerivativeT" value="-0.223529" />
  <attribute name="DerivativeI" value="-0.223529" />
  <attribute name="DerivativeH" value="-0.223529" />
  <attribute name="Loop Time for DT" value="85.000000" />
  <attribute name="Output H" value="2092630016"/>
  <attribute name="Output I" value="200"/>
  <attribute name="Output T" value="4"/>
  <attribute name="Target GC Util Change" value ="20.000000" />
  <attribute name="Current GC Util Change" value="1.000000"/>
  <attribute name="GC Util currently" value="1" />
  <attribute name="CPU Util currently" value="27" />
<allocation-satisfied id="71" threadId="0000000001221700" bytesRequested="196616" />
<af-end id="72" timestamp="2019-06-16T01:51:48.334" threadId="0000000001222088" success="true" from="nursery"/>
<exclusive-end id="73" timestamp="2019-06-16T01:51:48.334" durationms="1.619" />

<exclusive-start id="74" timestamp="2019-06-16T01:51:48.348" intervalms="15.367">
  <response-info timems="0.063" idlems="0.063" threads="0" lastid="0000000001221700" lastname="main" />
</exclusive-start>
<af-start id="75" threadId="0000000001222088" totalBytesRequested="262152" timestamp="2019-06-16T01:51:48.348" intervalms="15.430" type="nursery" />
<cycle-start id="76" type="scavenge" contextid="0" timestamp="2019-06-16T01:51:48.348" intervalms="15.499" />
<gc-start id="77" type="scavenge" contextid="76" timestamp="2019-06-16T01:51:48.348">
  <mem-info id="78" free="5297976" total="8388608" percent="63">
    <mem type="nursery" free="10336" total="2097152" percent="0">
      <mem type="allocate" free="10336" total="1048576" percent="0" />
      <mem type="survivor" free="0" total="1048576" percent="0" />
    </mem>
    <mem type="tenure" free="5287640" total="6291456" percent="84">
      <mem type="soa" free="4973272" total="5977088" percent="83" />
      <mem type="loa" free="314368" total="314368" percent="100" />
    </mem>
    <remembered-set count="2469" />
  </mem-info>
</gc-start>
<allocation-stats totalBytes="489096" >
  <allocated-bytes non-tlh="198112" tlh="290984" />
  <largest-consumer threadName="main" threadId="0000000001221700" bytes="480904" />
</allocation-stats>
<gc-op id="79" type="scavenge" timems="0.864" contextid="76" timestamp="2019-06-16T01:51:48.350">
  <scavenger-info tenureage="3" tenuremask="7ff8" tiltratio="50" />
  <memory-copied type="nursery" objects="9101" bytes="582536" bytesdiscarded="75240" />
  <memory-copied type="tenure" objects="258" bytes="60208" bytesdiscarded="16" />
  <finalization candidates="113" enqueued="0" />
  <ownableSynchronizers candidates="3" cleared="0" />
  <references type="soft" candidates="68" cleared="0" enqueued="0" dynamicThreshold="32" maxThreshold="32" />
  <references type="weak" candidates="589" cleared="1" enqueued="1" />
  <references type="phantom" candidates="9" cleared="1" enqueued="1" />
</gc-op>
<heap-resize id="80" type="expand" space="nursery" amount="131072" count="1" timems="0.103" reason="excessive time being spent scavenging" timestamp="2019-06-16T01:51:48.350" />
<gc-end id="81" type="scavenge" contextid="76" durationms="1.636" usertimems="0.000" systemtimems="0.000" timestamp="2019-06-16T01:51:48.350" activeThreads="4">
  <mem-info id="82" free="5870272" total="8519680" percent="68">
    <mem type="nursery" free="652520" total="2228224" percent="29">
      <mem type="allocate" free="652520" total="1310720" percent="49" />
      <mem type="survivor" free="0" total="917504" percent="0" />
    </mem>
    <mem type="tenure" free="5217752" total="6291456" percent="82">
      <mem type="soa" free="4903384" total="5977088" percent="82" />
      <mem type="loa" free="314368" total="314368" percent="100" />
    </mem>
    <pending-finalizers system="0" default="0" reference="2" classloader="0" />
    <remembered-set count="1389" />
  </mem-info>
</gc-end>
<cycle-end id="83" type="scavenge" contextid="76" timestamp="2019-06-16T01:51:48.350" />
  <attribute name="elasticGC enabled" value="1" />
  <attribute name= "numThreadsSpecified" value="4" />
  <attribute name="heapSize specified" value="0" />
  <attribute name="Current GC Util" value="9" />
  <attribute name= "Current Time Running" value="639" />
  <attribute name ="GC Interval" value="200" />
  <attribute name="ProportionalT" value="-16.500000" />
  <attribute name="ProportionalI" value="-16.500000" />
  <attribute name="ProportionalH" value="-16.500000" />
  <attribute name="Current Error" value="-11.000000" />
  <attribute name="IntegralT" value="-176.000000" />
  <attribute name="IntegralI" value="-176.000000" />
  <attribute name="IntegralH" value="-176.000000" />
  <attribute name="DerivativeT" value="-0.687500" />
  <attribute name="DerivativeI" value="-0.687500" />
  <attribute name="DerivativeH" value="-0.687500" />
  <attribute name="Loop Time for DT" value="16.000000" />
  <attribute name="Output H" value="2092630016"/>
  <attribute name="Output I" value="200"/>
  <attribute name="Output T" value="4"/>
  <attribute name="Target GC Util Change" value ="20.000000" />
  <attribute name="Current GC Util Change" value="9.000000"/>
  <attribute name="GC Util currently" value="9" />
  <attribute name="CPU Util currently" value="293463453100" />
<allocation-satisfied id="84" threadId="0000000001221700" bytesRequested="262152" />
<af-end id="85" timestamp="2019-06-16T01:51:48.350" threadId="0000000001222088" success="true" from="nursery"/>
<exclusive-end id="86" timestamp="2019-06-16T01:51:48.350" durationms="2.300" />

<exclusive-start id="87" timestamp="2019-06-16T01:51:48.364" intervalms="15.589">
  <response-info timems="0.064" idlems="0.064" threads="0" lastid="0000000001221700" lastname="main" />
</exclusive-start>
<af-start id="88" threadId="0000000001222088" totalBytesRequested="16" timestamp="2019-06-16T01:51:48.364" intervalms="15.574" type="nursery" />
<cycle-start id="89" type="scavenge" contextid="0" timestamp="2019-06-16T01:51:48.364" intervalms="15.542" />
<gc-start id="90" type="scavenge" contextid="89" timestamp="2019-06-16T01:51:48.364">
  <mem-info id="91" free="5217752" total="8519680" percent="61">
    <mem type="nursery" free="0" total="2228224" percent="0">
      <mem type="allocate" free="0" total="1310720" percent="0" />
      <mem type="survivor" free="0" total="917504" percent="0" />
    </mem>
    <mem type="tenure" free="5217752" total="6291456" percent="82">
      <mem type="soa" free="4903384" total="5977088" percent="82" />
      <mem type="loa" free="314368" total="314368" percent="100" />
    </mem>
    <remembered-set count="1389" />
  </mem-info>
</gc-start>
<allocation-stats totalBytes="652520" >
  <allocated-bytes non-tlh="262152" tlh="390368" />
  <largest-consumer threadName="main" threadId="0000000001221700" bytes="644328" />
</allocation-stats>
<gc-op id="92" type="scavenge" timems="0.770" contextid="89" timestamp="2019-06-16T01:51:48.365">
  <scavenger-info tenureage="2" tenuremask="7ffc" tiltratio="58" />
  <memory-copied type="nursery" objects="25" bytes="465304" bytesdiscarded="71784" />
  <memory-copied type="tenure" objects="9071" bytes="379696" bytesdiscarded="56" />
  <finalization candidates="111" enqueued="0" />
  <ownableSynchronizers candidates="3" cleared="0" />
</gc-op>
<gc-end id="93" type="scavenge" contextid="89" durationms="1.152" usertimems="0.000" systemtimems="0.000" timestamp="2019-06-16T01:51:48.365" activeThreads="4">
  <mem-info id="94" free="5687608" total="8519680" percent="66">
    <mem type="nursery" free="904688" total="2228224" percent="40">
      <mem type="allocate" free="904688" total="1441792" percent="62" />
      <mem type="survivor" free="0" total="786432" percent="0" />
    </mem>
    <mem type="tenure" free="4782920" total="6291456" percent="76">
      <mem type="soa" free="4468552" total="5977088" percent="74" />
      <mem type="loa" free="314368" total="314368" percent="100" />
    </mem>
    <remembered-set count="94" />
  </mem-info>
</gc-end>
<cycle-end id="95" type="scavenge" contextid="89" timestamp="2019-06-16T01:51:48.365" />
  <attribute name="elasticGC enabled" value="1" />
  <attribute name= "numThreadsSpecified" value="4" />
  <attribute name="heapSize specified" value="0" />
  <attribute name="Current GC Util" value="10" />
  <attribute name= "Current Time Running" value="654" />
  <attribute name ="GC Interval" value="200" />
  <attribute name="ProportionalT" value="-15.000000" />
  <attribute name="ProportionalI" value="-15.000000" />
  <attribute name="ProportionalH" value="-15.000000" />
  <attribute name="Current Error" value="-10.000000" />
  <attribute name="IntegralT" value="-150.000000" />
  <attribute name="IntegralI" value="-150.000000" />
  <attribute name="IntegralH" value="-150.000000" />
  <attribute name="DerivativeT" value="-0.666667" />
  <attribute name="DerivativeI" value="-0.666667" />
  <attribute name="DerivativeH" value="-0.666667" />
  <attribute name="Loop Time for DT" value="15.000000" />
  <attribute name="Output H" value="2092630016"/>
  <attribute name="Output I" value="200"/>
  <attribute name="Output T" value="4"/>
  <attribute name="Target GC Util Change" value ="20.000000" />
  <attribute name="Current GC Util Change" value="10.000000"/>
  <attribute name="GC Util currently" value="10" />
  <attribute name="CPU Util currently" value="297876703617" />
<allocation-satisfied id="96" threadId="0000000001221700" bytesRequested="16" />
<af-end id="97" timestamp="2019-06-16T01:51:48.366" threadId="0000000001222088" success="true" from="nursery"/>
<exclusive-end id="98" timestamp="2019-06-16T01:51:48.366" durationms="1.964" />

<exclusive-start id="99" timestamp="2019-06-16T01:51:48.372" intervalms="8.410">
  <response-info timems="0.071" idlems="0.071" threads="0" lastid="0000000001221700" lastname="main" />
</exclusive-start>
<af-start id="100" threadId="0000000001222088" totalBytesRequested="262152" timestamp="2019-06-16T01:51:48.372" intervalms="8.390" type="nursery" />
<cycle-start id="101" type="scavenge" contextid="0" timestamp="2019-06-16T01:51:48.372" intervalms="8.387" />
<gc-start id="102" type="scavenge" contextid="101" timestamp="2019-06-16T01:51:48.372">
  <mem-info id="103" free="5003576" total="8519680" percent="58">
    <mem type="nursery" free="220656" total="2228224" percent="9">
      <mem type="allocate" free="220656" total="1441792" percent="15" />
      <mem type="survivor" free="0" total="786432" percent="0" />
    </mem>
    <mem type="tenure" free="4782920" total="6291456" percent="76">
      <mem type="soa" free="4468552" total="5977088" percent="74" />
      <mem type="loa" free="314368" total="314368" percent="100" />
    </mem>
    <remembered-set count="98" />
  </mem-info>
</gc-start>
<allocation-stats totalBytes="684032" >
  <allocated-bytes non-tlh="16" tlh="684016" />
  <largest-consumer threadName="main" threadId="0000000001221700" bytes="684032" />
</allocation-stats>
<gc-op id="104" type="scavenge" timems="0.322" contextid="101" timestamp="2019-06-16T01:51:48.373">
  <scavenger-info tenureage="1" tenuremask="7ffe" tiltratio="64" />
  <memory-copied type="nursery" objects="9" bytes="240" bytesdiscarded="78096" />
  <memory-copied type="tenure" objects="22" bytes="465120" bytesdiscarded="0" />
  <references type="weak" candidates="2" cleared="2" enqueued="2" />
</gc-op>
<gc-end id="105" type="scavenge" contextid="101" durationms="0.701" usertimems="0.000" systemtimems="0.000" timestamp="2019-06-16T01:51:48.373" activeThreads="4">
  <mem-info id="106" free="5753144" total="8519680" percent="67">
    <mem type="nursery" free="1428992" total="2228224" percent="64">
      <mem type="allocate" free="1428992" total="1507328" percent="94" />
      <mem type="survivor" free="0" total="720896" percent="0" />
    </mem>
    <mem type="tenure" free="4324152" total="6291456" percent="68">
      <mem type="soa" free="4009784" total="5977088" percent="67" />
      <mem type="loa" free="314368" total="314368" percent="100" />
    </mem>
    <pending-finalizers system="0" default="0" reference="2" classloader="0" />
    <remembered-set count="68" />
  </mem-info>
</gc-end>
<cycle-end id="107" type="scavenge" contextid="101" timestamp="2019-06-16T01:51:48.373" />
  <attribute name="elasticGC enabled" value="1" />
  <attribute name= "numThreadsSpecified" value="4" />
  <attribute name="heapSize specified" value="0" />
  <attribute name="Current GC Util" value="18" />
  <attribute name= "Current Time Running" value="663" />
  <attribute name ="GC Interval" value="200" />
  <attribute name="ProportionalT" value="-3.000000" />
  <attribute name="ProportionalI" value="-3.000000" />
  <attribute name="ProportionalH" value="-3.000000" />
  <attribute name="Current Error" value="-2.000000" />
  <attribute name="IntegralT" value="-18.000000" />
  <attribute name="IntegralI" value="-18.000000" />
  <attribute name="IntegralH" value="-18.000000" />
  <attribute name="DerivativeT" value="-0.222222" />
  <attribute name="DerivativeI" value="-0.222222" />
  <attribute name="DerivativeH" value="-0.222222" />
  <attribute name="Loop Time for DT" value="9.000000" />
  <attribute name="Output H" value="2092630016"/>
  <attribute name="Output I" value="200"/>
  <attribute name="Output T" value="4"/>
  <attribute name="Target GC Util Change" value ="20.000000" />
  <attribute name="Current GC Util Change" value="18.000000"/>
  <attribute name="GC Util currently" value="18" />
  <attribute name="CPU Util currently" value="550794749641" />
<allocation-satisfied id="108" threadId="0000000001221700" bytesRequested="262152" />
<af-end id="109" timestamp="2019-06-16T01:51:48.373" threadId="0000000001222088" success="true" from="nursery"/>
<exclusive-end id="110" timestamp="2019-06-16T01:51:48.374" durationms="1.508" />

<exclusive-start id="111" timestamp="2019-06-16T01:51:48.374" intervalms="1.666">
  <response-info timems="0.025" idlems="0.025" threads="0" lastid="0000000001221700" lastname="main" />
</exclusive-start>
<sys-start reason="explicit" id="112" timestamp="2019-06-16T01:51:48.374" intervalms="806.513" />
<cycle-start id="113" type="global" contextid="0" timestamp="2019-06-16T01:51:48.374" intervalms="806.656" />
<gc-start id="114" type="global" contextid="113" timestamp="2019-06-16T01:51:48.374">
  <mem-info id="115" free="5490992" total="8519680" percent="64">
    <mem type="nursery" free="1166840" total="2228224" percent="52">
      <mem type="allocate" free="1166840" total="1507328" percent="77" />
      <mem type="survivor" free="0" total="720896" percent="0" />
    </mem>
    <mem type="tenure" free="4324152" total="6291456" percent="68">
      <mem type="soa" free="4009784" total="5977088" percent="67" />
      <mem type="loa" free="314368" total="314368" percent="100" />
    </mem>
    <remembered-set count="68" />
  </mem-info>
</gc-start>
<allocation-stats totalBytes="262152" >
  <allocated-bytes non-tlh="262152" tlh="0" />
  <largest-consumer threadName="main" threadId="0000000001221700" bytes="262152" />
</allocation-stats>
<gc-op id="116" type="mark" timems="1.898" contextid="113" timestamp="2019-06-16T01:51:48.376">
  <trace-info objectcount="29275" scancount="23475" scanbytes="764164" />
  <finalization candidates="124" enqueued="0" />
  <ownableSynchronizers candidates="3" cleared="0" />
  <references type="soft" candidates="131" cleared="0" enqueued="0" dynamicThreshold="32" maxThreshold="32" />
  <references type="weak" candidates="733" cleared="54" enqueued="27" />
  <references type="phantom" candidates="38" cleared="0" enqueued="0" />
  <stringconstants candidates="3958" cleared="0"  />
</gc-op>
<gc-op id="117" type="classunload" timems="0.124" contextid="113" timestamp="2019-06-16T01:51:48.376">
  <classunload-info classloadercandidates="7" classloadersunloaded="0" classesunloaded="0" anonymousclassesunloaded="0" quiescems="0.000" setupms="0.124" scanms="0.000" postms="0.000" />
</gc-op>
<gc-op id="118" type="sweep" timems="0.585" contextid="113" timestamp="2019-06-16T01:51:48.377" />
<mem-info id="119" free="5954600" total="8519680" percent="69">
  <mem type="nursery" free="1245056" total="2228224" percent="55">
    <mem type="allocate" free="1245056" total="1507328" percent="82" />
    <mem type="survivor" free="0" total="720896" percent="0" />
  </mem>
  <mem type="tenure" free="4709544" total="6291456" percent="74" micro-fragmented="12626" macro-fragmented="0">
    <mem type="soa" free="4395176" total="5977088" percent="73" />
    <mem type="loa" free="314368" total="314368" percent="100" />
  </mem>
  <pending-finalizers system="0" default="0" reference="27" classloader="0" />
  <remembered-set count="67" />
</mem-info>
<gc-op id="120" type="compact" timems="6.089" contextid="113" timestamp="2019-06-16T01:51:48.383">
  <compact-info movecount="24852" movebytes="1650080" reason="compact to aid heap contraction" />
</gc-op>
<heap-resize id="121" type="contract" space="tenure" amount="131072" count="1" timems="0.247" reason="heap reconfiguration" timestamp="2019-06-16T01:51:48.384" />
<gc-end id="122" type="global" contextid="113" durationms="10.116" usertimems="8.000" systemtimems="0.000" timestamp="2019-06-16T01:51:48.384" activeThreads="4">
  <mem-info id="123" free="5833824" total="8388608" percent="69">
    <mem type="nursery" free="1245136" total="2228224" percent="55">
      <mem type="allocate" free="1245136" total="1507328" percent="82" />
      <mem type="survivor" free="0" total="720896" percent="0" />
    </mem>
    <mem type="tenure" free="4588688" total="6160384" percent="74">
      <mem type="soa" free="4281488" total="5853184" percent="73" />
      <mem type="loa" free="307200" total="307200" percent="100" />
    </mem>
    <pending-finalizers system="0" default="0" reference="27" classloader="0" />
    <remembered-set count="67" />
  </mem-info>
</gc-end>
<cycle-end id="124" type="global" contextid="113" timestamp="2019-06-16T01:51:48.384" />
  <attribute name="elasticGC enabled" value="1" />
  <attribute name= "numThreadsSpecified" value="4" />
  <attribute name="heapSize specified" value="8519680" />
  <attribute name="Current GC Util" value="26" />
  <attribute name= "Current Time Running" value="674" />
  <attribute name ="GC Interval" value="200" />
  <attribute name="ProportionalT" value="9.000000" />
  <attribute name="ProportionalI" value="9.000000" />
  <attribute name="ProportionalH" value="9.000000" />
  <attribute name="Current Error" value="6.000000" />
  <attribute name="IntegralT" value="42.000000" />
  <attribute name="IntegralI" value="42.000000" />
  <attribute name="IntegralH" value="42.000000" />
  <attribute name="DerivativeT" value="0.857143" />
  <attribute name="DerivativeI" value="0.857143" />
  <attribute name="DerivativeH" value="0.857143" />
  <attribute name="Loop Time for DT" value="7.000000" />
  <attribute name="Output H" value="8388608"/>
  <attribute name="Output I" value="200"/>
  <attribute name="Output T" value="4"/>
  <attribute name="Target GC Util Change" value ="20.000000" />
  <attribute name="Current GC Util Change" value="26.000000"/>
  <attribute name="GC Util currently" value="26" />
  <attribute name="CPU Util currently" value="745744104675" />
<sys-end id="125" timestamp="2019-06-16T01:51:48.384" />
<exclusive-end id="126" timestamp="2019-06-16T01:51:48.384" durationms="10.766" />

<exclusive-start id="127" timestamp="2019-06-16T01:51:48.498" intervalms="123.990">
  <response-info timems="0.038" idlems="0.038" threads="0" lastid="0000000001221700" lastname="main" />
</exclusive-start>
<af-start id="128" threadId="0000000001222088" totalBytesRequested="64" timestamp="2019-06-16T01:51:48.498" intervalms="125.683" type="nursery" />
<cycle-start id="129" type="scavenge" contextid="0" timestamp="2019-06-16T01:51:48.498" intervalms="125.694" />
<gc-start id="130" type="scavenge" contextid="129" timestamp="2019-06-16T01:51:48.498">
  <mem-info id="131" free="4570456" total="8388608" percent="54">
    <mem type="nursery" free="0" total="2228224" percent="0">
      <mem type="allocate" free="0" total="1507328" percent="0" />
      <mem type="survivor" free="0" total="720896" percent="0" />
    </mem>
    <mem type="tenure" free="4570456" total="6160384" percent="74">
      <mem type="soa" free="4263256" total="5853184" percent="72" />
      <mem type="loa" free="307200" total="307200" percent="100" />
    </mem>
    <remembered-set count="399" />
  </mem-info>
</gc-start>
<allocation-stats totalBytes="1262560" >
  <allocated-bytes non-tlh="142048" tlh="1120512" />
  <largest-consumer threadName="main" threadId="0000000001221700" bytes="1258464" />
</allocation-stats>
<gc-op id="132" type="scavenge" timems="0.701" contextid="129" timestamp="2019-06-16T01:51:48.499">
  <scavenger-info tenureage="2" tenuremask="7ffc" tiltratio="67" />
  <memory-copied type="nursery" objects="8168" bytes="720800" bytesdiscarded="24" />
  <memory-copied type="tenure" objects="3034" bytes="114104" bytesdiscarded="0" />
  <copy-failed type="nursery" objects="3034" bytes="114104" />
  <ownableSynchronizers candidates="6" cleared="6" />
  <references type="soft" candidates="12" cleared="0" enqueued="0" dynamicThreshold="23" maxThreshold="32" />
  <references type="weak" candidates="24" cleared="11" enqueued="9" />
  <references type="phantom" candidates="2" cleared="0" enqueued="0" />
</gc-op>
<gc-end id="133" type="scavenge" contextid="129" durationms="1.051" usertimems="0.000" systemtimems="0.000" timestamp="2019-06-16T01:51:48.499" activeThreads="4">
  <mem-info id="134" free="4823896" total="8388608" percent="57">
    <mem type="nursery" free="393216" total="2228224" percent="17">
      <mem type="allocate" free="393216" total="1114112" percent="35" />
      <mem type="survivor" free="0" total="1114112" percent="0" />
    </mem>
    <mem type="tenure" free="4430680" total="6160384" percent="71">
      <mem type="soa" free="4123480" total="5853184" percent="70" />
      <mem type="loa" free="307200" total="307200" percent="100" />
    </mem>
    <pending-finalizers system="0" default="0" reference="9" classloader="0" />
    <remembered-set count="795" />
  </mem-info>
</gc-end>
<cycle-end id="135" type="scavenge" contextid="129" timestamp="2019-06-16T01:51:48.499" />
  <attribute name="elasticGC enabled" value="1" />
  <attribute name= "numThreadsSpecified" value="4" />
  <attribute name="heapSize specified" value="8519680" />
  <attribute name="Current GC Util" value="6" />
  <attribute name= "Current Time Running" value="788" />
  <attribute name ="GC Interval" value="200" />
  <attribute name="ProportionalT" value="-21.000000" />
  <attribute name="ProportionalI" value="-21.000000" />
  <attribute name="ProportionalH" value="-21.000000" />
  <attribute name="Current Error" value="-14.000000" />
  <attribute name="IntegralT" value="-1596.000000" />
  <attribute name="IntegralI" value="-1596.000000" />
  <attribute name="IntegralH" value="-1596.000000" />
  <attribute name="DerivativeT" value="-0.175439" />
  <attribute name="DerivativeI" value="-0.175439" />
  <attribute name="DerivativeH" value="-0.175439" />
  <attribute name="Loop Time for DT" value="114.000000" />
  <attribute name="Output H" value="2092630016"/>
  <attribute name="Output I" value="200"/>
  <attribute name="Output T" value="4"/>
  <attribute name="Target GC Util Change" value ="20.000000" />
  <attribute name="Current GC Util Change" value="6.000000"/>
  <attribute name="GC Util currently" value="6" />
  <attribute name="CPU Util currently" value="14" />
<allocation-satisfied id="136" threadId="0000000001221700" bytesRequested="64" />
<af-end id="137" timestamp="2019-06-16T01:51:48.499" threadId="0000000001222088" success="true" from="nursery"/>
<exclusive-end id="138" timestamp="2019-06-16T01:51:48.500" durationms="1.845" />

<exclusive-start id="139" timestamp="2019-06-16T01:51:48.547" intervalms="49.033">
  <response-info timems="0.030" idlems="0.030" threads="0" lastid="0000000001221700" lastname="main" />
</exclusive-start>
<af-start id="140" threadId="0000000001222088" totalBytesRequested="80" timestamp="2019-06-16T01:51:48.547" intervalms="49.055" type="nursery" />
<cycle-start id="141" type="scavenge" contextid="0" timestamp="2019-06-16T01:51:48.547" intervalms="49.084" />
<gc-start id="142" type="scavenge" contextid="141" timestamp="2019-06-16T01:51:48.547">
  <mem-info id="143" free="4413016" total="8388608" percent="52">
    <mem type="nursery" free="0" total="2228224" percent="0">
      <mem type="allocate" free="0" total="1114112" percent="0" />
      <mem type="survivor" free="0" total="1114112" percent="0" />
    </mem>
    <mem type="tenure" free="4413016" total="6160384" percent="71">
      <mem type="soa" free="4105816" total="5853184" percent="70" />
      <mem type="loa" free="307200" total="307200" percent="100" />
    </mem>
    <remembered-set count="1019" />
  </mem-info>
</gc-start>
<allocation-stats totalBytes="410840" >
  <allocated-bytes non-tlh="202048" tlh="208792" />
  <largest-consumer threadName="main" threadId="0000000001221700" bytes="406744" />
</allocation-stats>
<gc-op id="144" type="scavenge" timems="0.618" contextid="141" timestamp="2019-06-16T01:51:48.548">
  <scavenger-info tenureage="1" tenuremask="fffe" tiltratio="50" />
  <memory-copied type="nursery" objects="1115" bytes="91976" bytesdiscarded="109168" />
  <memory-copied type="tenure" objects="5286" bytes="529920" bytesdiscarded="0" />
  <references type="soft" candidates="1" cleared="0" enqueued="0" dynamicThreshold="23" maxThreshold="32" />
  <references type="weak" candidates="2" cleared="0" enqueued="0" />
  <references type="phantom" candidates="1" cleared="0" enqueued="0" />
</gc-op>
<gc-end id="145" type="scavenge" contextid="141" durationms="1.001" usertimems="4.000" systemtimems="0.000" timestamp="2019-06-16T01:51:48.548" activeThreads="4">
  <mem-info id="146" free="4790544" total="8388608" percent="57">
    <mem type="nursery" free="912896" total="2228224" percent="40">
      <mem type="allocate" free="912896" total="1114112" percent="81" />
      <mem type="survivor" free="0" total="1114112" percent="0" />
    </mem>
    <mem type="tenure" free="3877648" total="6160384" percent="62">
      <mem type="soa" free="3570448" total="5853184" percent="61" />
      <mem type="loa" free="307200" total="307200" percent="100" />
    </mem>
    <remembered-set count="626" />
  </mem-info>
</gc-end>
<cycle-end id="147" type="scavenge" contextid="141" timestamp="2019-06-16T01:51:48.548" />
  <attribute name="elasticGC enabled" value="1" />
  <attribute name= "numThreadsSpecified" value="4" />
  <attribute name="heapSize specified" value="8519680" />
  <attribute name="Current GC Util" value="2" />
  <attribute name= "Current Time Running" value="838" />
  <attribute name ="GC Interval" value="200" />
  <attribute name="ProportionalT" value="-27.000000" />
  <attribute name="ProportionalI" value="-27.000000" />
  <attribute name="ProportionalH" value="-27.000000" />
  <attribute name="Current Error" value="-18.000000" />
  <attribute name="IntegralT" value="-900.000000" />
  <attribute name="IntegralI" value="-900.000000" />
  <attribute name="IntegralH" value="-900.000000" />
  <attribute name="DerivativeT" value="-0.360000" />
  <attribute name="DerivativeI" value="-0.360000" />
  <attribute name="DerivativeH" value="-0.360000" />
  <attribute name="Loop Time for DT" value="50.000000" />
  <attribute name="Output H" value="2092630016"/>
  <attribute name="Output I" value="200"/>
  <attribute name="Output T" value="4"/>
  <attribute name="Target GC Util Change" value ="20.000000" />
  <attribute name="Current GC Util Change" value="2.000000"/>
  <attribute name="GC Util currently" value="2" />
  <attribute name="CPU Util currently" value="12" />
<allocation-satisfied id="148" threadId="0000000001221700" bytesRequested="80" />
<af-end id="149" timestamp="2019-06-16T01:51:48.549" threadId="0000000001222088" success="true" from="nursery"/>
<exclusive-end id="150" timestamp="2019-06-16T01:51:48.549" durationms="1.873" />

<exclusive-start id="151" timestamp="2019-06-16T01:51:48.574" intervalms="26.859">
  <response-info timems="0.051" idlems="0.051" threads="0" lastid="0000000001221700" lastname="main" />
</exclusive-start>
<af-start id="152" threadId="0000000001222088" totalBytesRequested="3080" timestamp="2019-06-16T01:51:48.574" intervalms="26.801" type="nursery" />
<cycle-start id="153" type="scavenge" contextid="0" timestamp="2019-06-16T01:51:48.574" intervalms="26.756" />
<gc-start id="154" type="scavenge" contextid="153" timestamp="2019-06-16T01:51:48.574">
  <mem-info id="155" free="3863984" total="8388608" percent="46">
    <mem type="nursery" free="0" total="2228224" percent="0">
      <mem type="allocate" free="0" total="1114112" percent="0" />
      <mem type="survivor" free="0" total="1114112" percent="0" />
    </mem>
    <mem type="tenure" free="3863984" total="6160384" percent="62">
      <mem type="soa" free="3556784" total="5853184" percent="60" />
      <mem type="loa" free="307200" total="307200" percent="100" />
    </mem>
    <remembered-set count="835" />
  </mem-info>
</gc-start>
<allocation-stats totalBytes="883304" >
  <allocated-bytes non-tlh="13744" tlh="869560" />
  <largest-consumer threadName="main" threadId="0000000001221700" bytes="883304" />
</allocation-stats>
<gc-op id="156" type="scavenge" timems="0.424" contextid="153" timestamp="2019-06-16T01:51:48.574">
  <scavenger-info tenureage="2" tenuremask="fffc" tiltratio="50" />
  <memory-copied type="nursery" objects="2037" bytes="133088" bytesdiscarded="49992" />
  <references type="soft" candidates="5" cleared="0" enqueued="0" dynamicThreshold="23" maxThreshold="32" />
  <references type="weak" candidates="16" cleared="13" enqueued="13" />
  <references type="phantom" candidates="1" cleared="0" enqueued="0" />
</gc-op>
<gc-end id="157" type="scavenge" contextid="153" durationms="0.609" usertimems="4.000" systemtimems="0.000" timestamp="2019-06-16T01:51:48.574" activeThreads="4">
  <mem-info id="158" free="4794912" total="8388608" percent="57">
    <mem type="nursery" free="930928" total="2228224" percent="41">
      <mem type="allocate" free="930928" total="1114112" percent="83" />
      <mem type="survivor" free="0" total="1114112" percent="0" />
    </mem>
    <mem type="tenure" free="3863984" total="6160384" percent="62">
      <mem type="soa" free="3556784" total="5853184" percent="60" />
      <mem type="loa" free="307200" total="307200" percent="100" />
    </mem>
    <pending-finalizers system="0" default="0" reference="13" classloader="0" />
    <remembered-set count="528" />
  </mem-info>
</gc-end>
<cycle-end id="159" type="scavenge" contextid="153" timestamp="2019-06-16T01:51:48.575" />
  <attribute name="elasticGC enabled" value="1" />
  <attribute name= "numThreadsSpecified" value="4" />
  <attribute name="heapSize specified" value="8519680" />
  <attribute name="Current GC Util" value="4" />
  <attribute name= "Current Time Running" value="864" />
  <attribute name ="GC Interval" value="200" />
  <attribute name="ProportionalT" value="-24.000000" />
  <attribute name="ProportionalI" value="-24.000000" />
  <attribute name="ProportionalH" value="-24.000000" />
  <attribute name="Current Error" value="-16.000000" />
  <attribute name="IntegralT" value="-416.000000" />
  <attribute name="IntegralI" value="-416.000000" />
  <attribute name="IntegralH" value="-416.000000" />
  <attribute name="DerivativeT" value="-0.615385" />
  <attribute name="DerivativeI" value="-0.615385" />
  <attribute name="DerivativeH" value="-0.615385" />
  <attribute name="Loop Time for DT" value="26.000000" />
  <attribute name="Output H" value="2092630016"/>
  <attribute name="Output I" value="200"/>
  <attribute name="Output T" value="4"/>
  <attribute name="Target GC Util Change" value ="20.000000" />
  <attribute name="Current GC Util Change" value="4.000000"/>
  <attribute name="GC Util currently" value="4" />
  <attribute name="CPU Util currently" value="3" />
<allocation-satisfied id="160" threadId="0000000001221700" bytesRequested="3080" />
<af-end id="161" timestamp="2019-06-16T01:51:48.575" threadId="0000000001222088" success="true" from="nursery"/>
<exclusive-end id="162" timestamp="2019-06-16T01:51:48.575" durationms="1.107" />

<exclusive-start id="163" timestamp="2019-06-16T01:51:48.598" intervalms="24.799">
  <response-info timems="0.062" idlems="0.062" threads="0" lastid="0000000001572D00" lastname="Thread-3" />
</exclusive-start>
<af-start id="164" threadId="0000000001573688" totalBytesRequested="1280" timestamp="2019-06-16T01:51:48.599" intervalms="24.868" type="nursery" />
<cycle-start id="165" type="scavenge" contextid="0" timestamp="2019-06-16T01:51:48.599" intervalms="24.925" />
<gc-start id="166" type="scavenge" contextid="165" timestamp="2019-06-16T01:51:48.599">
  <mem-info id="167" free="3853096" total="8388608" percent="45">
    <mem type="nursery" free="0" total="2228224" percent="0">
      <mem type="allocate" free="0" total="1114112" percent="0" />
      <mem type="survivor" free="0" total="1114112" percent="0" />
    </mem>
    <mem type="tenure" free="3853096" total="6160384" percent="62">
      <mem type="soa" free="3545896" total="5853184" percent="60" />
      <mem type="loa" free="307200" total="307200" percent="100" />
    </mem>
    <remembered-set count="677" />
  </mem-info>
</gc-start>
<allocation-stats totalBytes="921392" >
  <allocated-bytes non-tlh="231088" tlh="690304" />
  <largest-consumer threadName="main" threadId="0000000001221700" bytes="452728" />
</allocation-stats>
<gc-op id="168" type="scavenge" timems="2.591" contextid="165" timestamp="2019-06-16T01:51:48.602">
  <scavenger-info tenureage="2" tenuremask="fffc" tiltratio="50" />
  <memory-copied type="nursery" objects="2666" bytes="518408" bytesdiscarded="89264" />
  <memory-copied type="tenure" objects="1078" bytes="89128" bytesdiscarded="16" />
  <references type="soft" candidates="4" cleared="0" enqueued="0" dynamicThreshold="23" maxThreshold="32" />
  <references type="weak" candidates="10" cleared="7" enqueued="7" />
</gc-op>
<heap-resize id="169" type="expand" space="nursery" amount="262144" count="1" timems="0.016" reason="excessive time being spent scavenging" timestamp="2019-06-16T01:51:48.602" />
<gc-end id="170" type="scavenge" contextid="165" durationms="3.447" usertimems="0.000" systemtimems="0.000" timestamp="2019-06-16T01:51:48.602" activeThreads="4">
  <mem-info id="171" free="4389928" total="8650752" percent="50">
    <mem type="nursery" free="637440" total="2490368" percent="25">
      <mem type="allocate" free="637440" total="1245184" percent="51" />
      <mem type="survivor" free="0" total="1245184" percent="0" />
    </mem>
    <mem type="tenure" free="3752488" total="6160384" percent="60">
      <mem type="soa" free="3445288" total="5853184" percent="58" />
      <mem type="loa" free="307200" total="307200" percent="100" />
    </mem>
    <pending-finalizers system="0" default="0" reference="7" classloader="0" />
    <remembered-set count="446" />
  </mem-info>
</gc-end>
<cycle-end id="172" type="scavenge" contextid="165" timestamp="2019-06-16T01:51:48.602" />
  <attribute name="elasticGC enabled" value="1" />
  <attribute name= "numThreadsSpecified" value="4" />
  <attribute name="heapSize specified" value="8519680" />
  <attribute name="Current GC Util" value="2" />
  <attribute name= "Current Time Running" value="889" />
  <attribute name ="GC Interval" value="200" />
  <attribute name="ProportionalT" value="-27.000000" />
  <attribute name="ProportionalI" value="-27.000000" />
  <attribute name="ProportionalH" value="-27.000000" />
  <attribute name="Current Error" value="-18.000000" />
  <attribute name="IntegralT" value="-450.000000" />
  <attribute name="IntegralI" value="-450.000000" />
  <attribute name="IntegralH" value="-450.000000" />
  <attribute name="DerivativeT" value="-0.720000" />
  <attribute name="DerivativeI" value="-0.720000" />
  <attribute name="DerivativeH" value="-0.720000" />
  <attribute name="Loop Time for DT" value="25.000000" />
  <attribute name="Output H" value="2092630016"/>
  <attribute name="Output I" value="200"/>
  <attribute name="Output T" value="4"/>
  <attribute name="Target GC Util Change" value ="20.000000" />
  <attribute name="Current GC Util Change" value="2.000000"/>
  <attribute name="GC Util currently" value="2" />
  <attribute name="CPU Util currently" value="181990003512" />
<allocation-satisfied id="173" threadId="0000000001572D00" bytesRequested="1280" />
<af-end id="174" timestamp="2019-06-16T01:51:48.603" threadId="0000000001573688" success="true" from="nursery"/>
<exclusive-end id="175" timestamp="2019-06-16T01:51:48.603" durationms="4.383" />

<exclusive-start id="176" timestamp="2019-06-16T01:51:48.610" intervalms="11.114">
  <response-info timems="0.073" idlems="0.073" threads="0" lastid="0000000001572D00" lastname="Thread-3" />
</exclusive-start>
<af-start id="177" threadId="0000000001573688" totalBytesRequested="2576" timestamp="2019-06-16T01:51:48.610" intervalms="11.052" type="nursery" />
<cycle-start id="178" type="scavenge" contextid="0" timestamp="2019-06-16T01:51:48.610" intervalms="10.995" />
<gc-start id="179" type="scavenge" contextid="178" timestamp="2019-06-16T01:51:48.610">
  <mem-info id="180" free="3752488" total="8650752" percent="43">
    <mem type="nursery" free="0" total="2490368" percent="0">
      <mem type="allocate" free="0" total="1245184" percent="0" />
      <mem type="survivor" free="0" total="1245184" percent="0" />
    </mem>
    <mem type="tenure" free="3752488" total="6160384" percent="60">
      <mem type="soa" free="3445288" total="5853184" percent="58" />
      <mem type="loa" free="307200" total="307200" percent="100" />
    </mem>
    <remembered-set count="446" />
  </mem-info>
</gc-start>
<allocation-stats totalBytes="623376" >
  <allocated-bytes non-tlh="1280" tlh="622096" />
  <largest-consumer threadName="Thread-3" threadId="0000000001572D00" bytes="623376" />
</allocation-stats>
<gc-op id="181" type="scavenge" timems="2.171" contextid="178" timestamp="2019-06-16T01:51:48.612">
  <scavenger-info tenureage="1" tenuremask="fffe" tiltratio="50" />
  <memory-copied type="nursery" objects="324" bytes="623376" bytesdiscarded="0" />
  <memory-copied type="tenure" objects="2638" bytes="517568" bytesdiscarded="424" />
</gc-op>
<heap-resize id="182" type="expand" space="nursery" amount="262144" count="1" timems="0.009" reason="excessive time being spent scavenging" timestamp="2019-06-16T01:51:48.612" />
<gc-end id="183" type="scavenge" contextid="178" durationms="2.625" usertimems="0.000" systemtimems="4.000" timestamp="2019-06-16T01:51:48.612" activeThreads="4">
  <mem-info id="184" free="4191264" total="8912896" percent="47">
    <mem type="nursery" free="949488" total="2752512" percent="34">
      <mem type="allocate" free="949488" total="1572864" percent="60" />
      <mem type="survivor" free="0" total="1179648" percent="0" />
    </mem>
    <mem type="tenure" free="3241776" total="6160384" percent="52">
      <mem type="soa" free="2934576" total="5853184" percent="50" />
      <mem type="loa" free="307200" total="307200" percent="100" />
    </mem>
    <remembered-set count="234" />
  </mem-info>
</gc-end>
<cycle-end id="185" type="scavenge" contextid="178" timestamp="2019-06-16T01:51:48.613" />
  <attribute name="elasticGC enabled" value="1" />
  <attribute name= "numThreadsSpecified" value="4" />
  <attribute name="heapSize specified" value="8519680" />
  <attribute name="Current GC Util" value="27" />
  <attribute name= "Current Time Running" value="900" />
  <attribute name ="GC Interval" value="200" />
  <attribute name="ProportionalT" value="10.500000" />
  <attribute name="ProportionalI" value="10.500000" />
  <attribute name="ProportionalH" value="10.500000" />
  <attribute name="Current Error" value="7.000000" />
  <attribute name="IntegralT" value="77.000000" />
  <attribute name="IntegralI" value="77.000000" />
  <attribute name="IntegralH" value="77.000000" />
  <attribute name="DerivativeT" value="0.636364" />
  <attribute name="DerivativeI" value="0.636364" />
  <attribute name="DerivativeH" value="0.636364" />
  <attribute name="Loop Time for DT" value="11.000000" />
  <attribute name="Output H" value="8388608"/>
  <attribute name="Output I" value="200"/>
  <attribute name="Output T" value="4"/>
  <attribute name="Target GC Util Change" value ="20.000000" />
  <attribute name="Current GC Util Change" value="27.000000"/>
  <attribute name="GC Util currently" value="27" />
  <attribute name="CPU Util currently" value="437096143570" />
<allocation-satisfied id="186" threadId="0000000001572D00" bytesRequested="2576" />
<af-end id="187" timestamp="2019-06-16T01:51:48.613" threadId="0000000001573688" success="true" from="nursery"/>
<exclusive-end id="188" timestamp="2019-06-16T01:51:48.613" durationms="3.232" />

<exclusive-start id="189" timestamp="2019-06-16T01:51:48.632" intervalms="22.328">
  <response-info timems="0.057" idlems="0.057" threads="0" lastid="000000000157E100" lastname="Thread-6" />
</exclusive-start>
<af-start id="190" threadId="000000000157EA88" totalBytesRequested="24" timestamp="2019-06-16T01:51:48.632" intervalms="22.418" type="nursery" />
<cycle-start id="191" type="scavenge" contextid="0" timestamp="2019-06-16T01:51:48.632" intervalms="22.520" />
<gc-start id="192" type="scavenge" contextid="191" timestamp="2019-06-16T01:51:48.632">
  <mem-info id="193" free="3239584" total="8912896" percent="36">
    <mem type="nursery" free="0" total="2752512" percent="0">
      <mem type="allocate" free="0" total="1572864" percent="0" />
      <mem type="survivor" free="0" total="1179648" percent="0" />
    </mem>
    <mem type="tenure" free="3239584" total="6160384" percent="52">
      <mem type="soa" free="2932384" total="5853184" percent="50" />
      <mem type="loa" free="307200" total="307200" percent="100" />
    </mem>
    <remembered-set count="274" />
  </mem-info>
</gc-start>
<allocation-stats totalBytes="936960" >
  <allocated-bytes non-tlh="136896" tlh="800064" />
  <largest-consumer threadName="Thread-3" threadId="0000000001572D00" bytes="552744" />
</allocation-stats>
<gc-op id="194" type="scavenge" timems="0.684" contextid="191" timestamp="2019-06-16T01:51:48.633">
  <scavenger-info tenureage="1" tenuremask="7ffe" tiltratio="57" />
  <memory-copied type="nursery" objects="860" bytes="563040" bytesdiscarded="5360" />
  <memory-copied type="tenure" objects="324" bytes="623376" bytesdiscarded="0" />
</gc-op>
<gc-end id="195" type="scavenge" contextid="191" durationms="1.092" usertimems="0.000" systemtimems="4.000" timestamp="2019-06-16T01:51:48.634" activeThreads="4">
  <mem-info id="196" free="3882816" total="8912896" percent="43">
    <mem type="nursery" free="1266608" total="2752512" percent="46">
      <mem type="allocate" free="1266608" total="1835008" percent="69" />
      <mem type="survivor" free="0" total="917504" percent="0" />
    </mem>
    <mem type="tenure" free="2616208" total="6160384" percent="42">
      <mem type="soa" free="2309008" total="5853184" percent="39" />
      <mem type="loa" free="307200" total="307200" percent="100" />
    </mem>
    <remembered-set count="125" />
  </mem-info>
</gc-end>
<cycle-end id="197" type="scavenge" contextid="191" timestamp="2019-06-16T01:51:48.634" />
  <attribute name="elasticGC enabled" value="1" />
  <attribute name= "numThreadsSpecified" value="4" />
  <attribute name="heapSize specified" value="8519680" />
  <attribute name="Current GC Util" value="10" />
  <attribute name= "Current Time Running" value="923" />
  <attribute name ="GC Interval" value="200" />
  <attribute name="ProportionalT" value="-15.000000" />
  <attribute name="ProportionalI" value="-15.000000" />
  <attribute name="ProportionalH" value="-15.000000" />
  <attribute name="Current Error" value="-10.000000" />
  <attribute name="IntegralT" value="-230.000000" />
  <attribute name="IntegralI" value="-230.000000" />
  <attribute name="IntegralH" value="-230.000000" />
  <attribute name="DerivativeT" value="-0.739130" />
  <attribute name="DerivativeI" value="-0.739130" />
  <attribute name="DerivativeH" value="-0.739130" />
  <attribute name="Loop Time for DT" value="23.000000" />
  <attribute name="Output H" value="2092630016"/>
  <attribute name="Output I" value="200"/>
  <attribute name="Output T" value="4"/>
  <attribute name="Target GC Util Change" value ="20.000000" />
  <attribute name="Current GC Util Change" value="10.000000"/>
  <attribute name="GC Util currently" value="10" />
  <attribute name="CPU Util currently" value="201930556801" />
<allocation-satisfied id="198" threadId="000000000157E100" bytesRequested="24" />
<af-end id="199" timestamp="2019-06-16T01:51:48.634" threadId="000000000157EA88" success="true" from="nursery"/>
<exclusive-end id="200" timestamp="2019-06-16T01:51:48.634" durationms="2.165" />

<exclusive-start id="201" timestamp="2019-06-16T01:51:48.672" intervalms="40.466">
  <response-info timems="0.086" idlems="0.086" threads="0" lastid="000000000157E100" lastname="Thread-6" />
</exclusive-start>
<af-start id="202" threadId="000000000157EA88" totalBytesRequested="10376" timestamp="2019-06-16T01:51:48.672" intervalms="40.421" type="nursery" />
<cycle-start id="203" type="scavenge" contextid="0" timestamp="2019-06-16T01:51:48.673" intervalms="40.363" />
<gc-start id="204" type="scavenge" contextid="203" timestamp="2019-06-16T01:51:48.673">
  <mem-info id="205" free="2615976" total="8912896" percent="29">
    <mem type="nursery" free="0" total="2752512" percent="0">
      <mem type="allocate" free="0" total="1835008" percent="0" />
      <mem type="survivor" free="0" total="917504" percent="0" />
    </mem>
    <mem type="tenure" free="2615976" total="6160384" percent="42">
      <mem type="soa" free="2308776" total="5853184" percent="39" />
      <mem type="loa" free="307200" total="307200" percent="100" />
    </mem>
    <remembered-set count="128" />
  </mem-info>
</gc-start>
<allocation-stats totalBytes="1257704" >
  <allocated-bytes non-tlh="684352" tlh="573352" />
  <largest-consumer threadName="Thread-6" threadId="000000000157E100" bytes="1257704" />
</allocation-stats>
<gc-op id="206" type="scavenge" timems="0.662" contextid="203" timestamp="2019-06-16T01:51:48.674">
  <scavenger-info tenureage="1" tenuremask="7ffe" tiltratio="66" />
  <memory-copied type="nursery" objects="3511" bytes="375880" bytesdiscarded="116368" />
  <memory-copied type="tenure" objects="848" bytes="562776" bytesdiscarded="0" />
</gc-op>
<gc-end id="207" type="scavenge" contextid="203" durationms="1.094" usertimems="0.000" systemtimems="0.000" timestamp="2019-06-16T01:51:48.674" activeThreads="4">
  <mem-info id="208" free="3358744" total="8912896" percent="37">
    <mem type="nursery" free="1408296" total="2752512" percent="51">
      <mem type="allocate" free="1408296" total="1900544" percent="74" />
      <mem type="survivor" free="0" total="851968" percent="0" />
    </mem>
    <mem type="tenure" free="1950448" total="6160384" percent="31">
      <mem type="soa" free="1643248" total="5853184" percent="28" />
      <mem type="loa" free="307200" total="307200" percent="100" />
    </mem>
    <remembered-set count="133" />
  </mem-info>
</gc-end>
<cycle-end id="209" type="scavenge" contextid="203" timestamp="2019-06-16T01:51:48.674" />
  <attribute name="elasticGC enabled" value="1" />
  <attribute name= "numThreadsSpecified" value="4" />
  <attribute name="heapSize specified" value="8519680" />
  <attribute name="Current GC Util" value="3" />
  <attribute name= "Current Time Running" value="963" />
  <attribute name ="GC Interval" value="200" />
  <attribute name="ProportionalT" value="-25.500000" />
  <attribute name="ProportionalI" value="-25.500000" />
  <attribute name="ProportionalH" value="-25.500000" />
  <attribute name="Current Error" value="-17.000000" />
  <attribute name="IntegralT" value="-680.000000" />
  <attribute name="IntegralI" value="-680.000000" />
  <attribute name="IntegralH" value="-680.000000" />
  <attribute name="DerivativeT" value="-0.425000" />
  <attribute name="DerivativeI" value="-0.425000" />
  <attribute name="DerivativeH" value="-0.425000" />
  <attribute name="Loop Time for DT" value="40.000000" />
  <attribute name="Output H" value="2092630016"/>
  <attribute name="Output I" value="200"/>
  <attribute name="Output T" value="4"/>
  <attribute name="Target GC Util Change" value ="20.000000" />
  <attribute name="Current GC Util Change" value="3.000000"/>
  <attribute name="GC Util currently" value="3" />
  <attribute name="CPU Util currently" value="10" />
<allocation-satisfied id="210" threadId="000000000157E100" bytesRequested="10376" />
<af-end id="211" timestamp="2019-06-16T01:51:48.674" threadId="000000000157EA88" success="true" from="nursery"/>
<exclusive-end id="212" timestamp="2019-06-16T01:51:48.674" durationms="1.923" />

<exclusive-start id="213" timestamp="2019-06-16T01:51:48.717" intervalms="44.693">
  <response-info timems="0.064" idlems="0.064" threads="0" lastid="000000000157E100" lastname="Thread-6" />
</exclusive-start>
<af-start id="214" threadId="000000000157EA88" totalBytesRequested="488" timestamp="2019-06-16T01:51:48.717" intervalms="44.683" type="nursery" />
<cycle-start id="215" type="scavenge" contextid="0" timestamp="2019-06-16T01:51:48.717" intervalms="44.651" />
<gc-start id="216" type="scavenge" contextid="215" timestamp="2019-06-16T01:51:48.717">
  <mem-info id="217" free="1950448" total="8912896" percent="21">
    <mem type="nursery" free="0" total="2752512" percent="0">
      <mem type="allocate" free="0" total="1900544" percent="0" />
      <mem type="survivor" free="0" total="851968" percent="0" />
    </mem>
    <mem type="tenure" free="1950448" total="6160384" percent="31">
      <mem type="soa" free="1643248" total="5853184" percent="28" />
      <mem type="loa" free="307200" total="307200" percent="100" />
    </mem>
    <remembered-set count="133" />
  </mem-info>
</gc-start>
<allocation-stats totalBytes="1405432" >
  <allocated-bytes non-tlh="10376" tlh="1395056" />
  <largest-consumer threadName="Thread-6" threadId="000000000157E100" bytes="1405432" />
</allocation-stats>
<gc-op id="218" type="scavenge" timems="0.452" contextid="215" timestamp="2019-06-16T01:51:48.718">
  <scavenger-info tenureage="1" tenuremask="7ffe" tiltratio="69" />
  <memory-copied type="nursery" objects="27" bytes="79176" bytesdiscarded="21432" />
  <memory-copied type="tenure" objects="3500" bytes="266936" bytesdiscarded="96" />
</gc-op>
<gc-end id="219" type="scavenge" contextid="215" durationms="0.883" usertimems="0.000" systemtimems="0.000" timestamp="2019-06-16T01:51:48.718" activeThreads="4">
  <mem-info id="220" free="3571184" total="8912896" percent="40">
    <mem type="nursery" free="1931008" total="2752512" percent="70">
      <mem type="allocate" free="1931008" total="2031616" percent="95" />
      <mem type="survivor" free="0" total="720896" percent="0" />
    </mem>
    <mem type="tenure" free="1640176" total="6160384" percent="26">
      <mem type="soa" free="1332976" total="5853184" percent="22" />
      <mem type="loa" free="307200" total="307200" percent="100" />
    </mem>
    <remembered-set count="112" />
  </mem-info>
</gc-end>
<cycle-end id="221" type="scavenge" contextid="215" timestamp="2019-06-16T01:51:48.718" />
  <attribute name="elasticGC enabled" value="1" />
  <attribute name= "numThreadsSpecified" value="4" />
  <attribute name="heapSize specified" value="8519680" />
  <attribute name="Current GC Util" value="3" />
  <attribute name= "Current Time Running" value="1008" />
  <attribute name ="GC Interval" value="200" />
  <attribute name="ProportionalT" value="-25.500000" />
  <attribute name="ProportionalI" value="-25.500000" />
  <attribute name="ProportionalH" value="-25.500000" />
  <attribute name="Current Error" value="-17.000000" />
  <attribute name="IntegralT" value="-765.000000" />
  <attribute name="IntegralI" value="-765.000000" />
  <attribute name="IntegralH" value="-765.000000" />
  <attribute name="DerivativeT" value="-0.377778" />
  <attribute name="DerivativeI" value="-0.377778" />
  <attribute name="DerivativeH" value="-0.377778" />
  <attribute name="Loop Time for DT" value="45.000000" />
  <attribute name="Output H" value="2092630016"/>
  <attribute name="Output I" value="200"/>
  <attribute name="Output T" value="4"/>
  <attribute name="Target GC Util Change" value ="20.000000" />
  <attribute name="Current GC Util Change" value="3.000000"/>
  <attribute name="GC Util currently" value="3" />
  <attribute name="CPU Util currently" value="13" />
<allocation-satisfied id="222" threadId="000000000157E100" bytesRequested="488" />
<af-end id="223" timestamp="2019-06-16T01:51:48.719" threadId="000000000157EA88" success="true" from="nursery"/>
<exclusive-end id="224" timestamp="2019-06-16T01:51:48.719" durationms="1.701" />

<exclusive-start id="225" timestamp="2019-06-16T01:51:48.722" intervalms="5.409">
  <response-info timems="0.022" idlems="0.022" threads="0" lastid="000000000157E100" lastname="Thread-6" />
</exclusive-start>
<af-start id="226" threadId="000000000157EA88" totalBytesRequested="5336" timestamp="2019-06-16T01:51:48.722" intervalms="5.340" type="nursery" />
<cycle-start id="227" type="scavenge" contextid="0" timestamp="2019-06-16T01:51:48.723" intervalms="5.293" />
<gc-start id="228" type="scavenge" contextid="227" timestamp="2019-06-16T01:51:48.723">
  <mem-info id="229" free="1640176" total="8912896" percent="18">
    <mem type="nursery" free="0" total="2752512" percent="0">
      <mem type="allocate" free="0" total="2031616" percent="0" />
      <mem type="survivor" free="0" total="720896" percent="0" />
    </mem>
    <mem type="tenure" free="1640176" total="6160384" percent="26">
      <mem type="soa" free="1332976" total="5853184" percent="22" />
      <mem type="loa" free="307200" total="307200" percent="100" />
    </mem>
    <remembered-set count="112" />
  </mem-info>
</gc-start>
<allocation-stats totalBytes="1921712" >
  <allocated-bytes non-tlh="488" tlh="1921224" />
  <largest-consumer threadName="Thread-6" threadId="000000000157E100" bytes="1921712" />
</allocation-stats>
<gc-op id="230" type="scavenge" timems="0.176" contextid="227" timestamp="2019-06-16T01:51:48.723">
  <scavenger-info tenureage="2" tenuremask="7ffc" tiltratio="73" />
  <memory-copied type="nursery" objects="19" bytes="155248" bytesdiscarded="41296" />
</gc-op>
<gc-end id="231" type="scavenge" contextid="227" durationms="0.360" usertimems="0.000" systemtimems="0.000" timestamp="2019-06-16T01:51:48.723" activeThreads="1">
  <mem-info id="232" free="3540784" total="8912896" percent="39">
    <mem type="nursery" free="1900608" total="2752512" percent="69">
      <mem type="allocate" free="1900608" total="2097152" percent="90" />
      <mem type="survivor" free="0" total="655360" percent="0" />
    </mem>
    <mem type="tenure" free="1640176" total="6160384" percent="26">
      <mem type="soa" free="1332976" total="5853184" percent="22" />
      <mem type="loa" free="307200" total="307200" percent="100" />
    </mem>
    <remembered-set count="110" />
  </mem-info>
</gc-end>
<cycle-end id="233" type="scavenge" contextid="227" timestamp="2019-06-16T01:51:48.723" />
  <attribute name="elasticGC enabled" value="1" />
  <attribute name= "numThreadsSpecified" value="1" />
  <attribute name="heapSize specified" value="8519680" />
  <attribute name="Current GC Util" value="19" />
  <attribute name= "Current Time Running" value="1013" />
  <attribute name ="GC Interval" value="200" />
  <attribute name="ProportionalT" value="-1.500000" />
  <attribute name="ProportionalI" value="-1.500000" />
  <attribute name="ProportionalH" value="-1.500000" />
  <attribute name="Current Error" value="-1.000000" />
  <attribute name="IntegralT" value="-5.000000" />
  <attribute name="IntegralI" value="-5.000000" />
  <attribute name="IntegralH" value="-5.000000" />
  <attribute name="DerivativeT" value="-0.200000" />
  <attribute name="DerivativeI" value="-0.200000" />
  <attribute name="DerivativeH" value="-0.200000" />
  <attribute name="Loop Time for DT" value="5.000000" />
  <attribute name="Output H" value="8388608"/>
  <attribute name="Output I" value="200"/>
  <attribute name="Output T" value="1"/>
  <attribute name="Target GC Util Change" value ="20.000000" />
  <attribute name="Current GC Util Change" value="19.000000"/>
  <attribute name="GC Util currently" value="19" />
  <attribute name="CPU Util currently" value="908861871974" />
<allocation-satisfied id="234" threadId="000000000157E100" bytesRequested="5336" />
<af-end id="235" timestamp="2019-06-16T01:51:48.723" threadId="000000000157EA88" success="true" from="nursery"/>
<exclusive-end id="236" timestamp="2019-06-16T01:51:48.723" durationms="0.938" />

<exclusive-start id="237" timestamp="2019-06-16T01:51:48.727" intervalms="4.553">
  <response-info timems="0.212" idlems="0.197" threads="1" lastid="000000000157E100" lastname="Thread-6" />
</exclusive-start>
<af-start id="238" threadId="000000000157AE88" totalBytesRequested="40" timestamp="2019-06-16T01:51:48.727" intervalms="4.577" type="nursery" />
<cycle-start id="239" type="scavenge" contextid="0" timestamp="2019-06-16T01:51:48.727" intervalms="4.635" />
<gc-start id="240" type="scavenge" contextid="239" timestamp="2019-06-16T01:51:48.727">
  <mem-info id="241" free="1640144" total="8912896" percent="18">
    <mem type="nursery" free="0" total="2752512" percent="0">
      <mem type="allocate" free="0" total="2097152" percent="0" />
      <mem type="survivor" free="0" total="655360" percent="0" />
    </mem>
    <mem type="tenure" free="1640144" total="6160384" percent="26">
      <mem type="soa" free="1332944" total="5853184" percent="22" />
      <mem type="loa" free="307200" total="307200" percent="100" />
    </mem>
    <remembered-set count="111" />
  </mem-info>
</gc-start>
<allocation-stats totalBytes="1863632" >
  <allocated-bytes non-tlh="121600" tlh="1742032" />
  <largest-consumer threadName="Thread-6" threadId="000000000157E100" bytes="1863632" />
</allocation-stats>
<gc-op id="242" type="scavenge" timems="0.186" contextid="239" timestamp="2019-06-16T01:51:48.728">
  <scavenger-info tenureage="3" tenuremask="7ff8" tiltratio="76" />
  <memory-copied type="nursery" objects="2" bytes="99792" bytesdiscarded="0" />
</gc-op>
<gc-end id="243" type="scavenge" contextid="239" durationms="0.480" usertimems="0.000" systemtimems="0.000" timestamp="2019-06-16T01:51:48.728" activeThreads="4">
  <mem-info id="244" free="3703040" total="8912896" percent="41">
    <mem type="nursery" free="2062896" total="2752512" percent="74">
      <mem type="allocate" free="2062896" total="2162688" percent="95" />
      <mem type="survivor" free="0" total="589824" percent="0" />
    </mem>
    <mem type="tenure" free="1640144" total="6160384" percent="26">
      <mem type="soa" free="1332944" total="5853184" percent="22" />
      <mem type="loa" free="307200" total="307200" percent="100" />
    </mem>
    <remembered-set count="110" />
  </mem-info>
</gc-end>
<cycle-end id="245" type="scavenge" contextid="239" timestamp="2019-06-16T01:51:48.728" />
  <attribute name="elasticGC enabled" value="1" />
  <attribute name= "numThreadsSpecified" value="4" />
  <attribute name="heapSize specified" value="8519680" />
  <attribute name="Current GC Util" value="8" />
  <attribute name= "Current Time Running" value="1018" />
  <attribute name ="GC Interval" value="200" />
  <attribute name="ProportionalT" value="-18.000000" />
  <attribute name="ProportionalI" value="-18.000000" />
  <attribute name="ProportionalH" value="-18.000000" />
  <attribute name="Current Error" value="-12.000000" />
  <attribute name="IntegralT" value="-60.000000" />
  <attribute name="IntegralI" value="-60.000000" />
  <attribute name="IntegralH" value="-60.000000" />
  <attribute name="DerivativeT" value="-2.400000" />
  <attribute name="DerivativeI" value="-2.400000" />
  <attribute name="DerivativeH" value="-2.400000" />
  <attribute name="Loop Time for DT" value="5.000000" />
  <attribute name="Output H" value="2092630016"/>
  <attribute name="Output I" value="200"/>
  <attribute name="Output T" value="4"/>
  <attribute name="Target GC Util Change" value ="20.000000" />
  <attribute name="Current GC Util Change" value="8.000000"/>
  <attribute name="GC Util currently" value="8" />
  <attribute name="CPU Util currently" value="969225217978" />
<allocation-satisfied id="246" threadId="000000000157A500" bytesRequested="40" />
<af-end id="247" timestamp="2019-06-16T01:51:48.728" threadId="000000000157AE88" success="true" from="nursery"/>
<exclusive-end id="248" timestamp="2019-06-16T01:51:48.728" durationms="1.105" />

<exclusive-start id="249" timestamp="2019-06-16T01:51:48.756" intervalms="28.996">
  <response-info timems="0.073" idlems="0.041" threads="2" lastid="0000000001572D00" lastname="Thread-7" />
</exclusive-start>
<af-start id="250" threadId="000000000157AE88" totalBytesRequested="48" timestamp="2019-06-16T01:51:48.756" intervalms="29.087" type="nursery" />
<cycle-start id="251" type="scavenge" contextid="0" timestamp="2019-06-16T01:51:48.756" intervalms="29.085" />
<gc-start id="252" type="scavenge" contextid="251" timestamp="2019-06-16T01:51:48.756">
  <mem-info id="253" free="1634352" total="8912896" percent="18">
    <mem type="nursery" free="0" total="2752512" percent="0">
      <mem type="allocate" free="0" total="2162688" percent="0" />
      <mem type="survivor" free="0" total="589824" percent="0" />
    </mem>
    <mem type="tenure" free="1634352" total="6160384" percent="26">
      <mem type="soa" free="1327152" total="5853184" percent="22" />
      <mem type="loa" free="307200" total="307200" percent="100" />
    </mem>
    <remembered-set count="198" />
  </mem-info>
</gc-start>
<allocation-stats totalBytes="2064264" >
  <allocated-bytes non-tlh="347016" tlh="1717248" />
  <largest-consumer threadName="Thread-9" threadId="000000000157E100" bytes="540008" />
</allocation-stats>
<gc-op id="254" type="scavenge" timems="0.994" contextid="251" timestamp="2019-06-16T01:51:48.758">
  <scavenger-info tenureage="4" tenuremask="7ff0" tiltratio="78" />
  <memory-copied type="nursery" objects="4200" bytes="589720" bytesdiscarded="64" />
  <memory-copied type="tenure" objects="14171" bytes="676992" bytesdiscarded="24" />
  <copy-failed type="nursery" objects="14171" bytes="676992" />
</gc-op>
<gc-end id="255" type="scavenge" contextid="251" durationms="1.433" usertimems="0.000" systemtimems="0.000" timestamp="2019-06-16T01:51:48.758" activeThreads="4">
  <mem-info id="256" free="1694256" total="8912896" percent="19">
    <mem type="nursery" free="786432" total="2752512" percent="28">
      <mem type="allocate" free="786432" total="1376256" percent="57" />
      <mem type="survivor" free="0" total="1376256" percent="0" />
    </mem>
    <mem type="tenure" free="907824" total="6160384" percent="14">
      <mem type="soa" free="600624" total="5853184" percent="10" />
      <mem type="loa" free="307200" total="307200" percent="100" />
    </mem>
    <remembered-set count="186" />
  </mem-info>
</gc-end>
<cycle-end id="257" type="scavenge" contextid="251" timestamp="2019-06-16T01:51:48.758" />
  <attribute name="elasticGC enabled" value="1" />
  <attribute name= "numThreadsSpecified" value="4" />
  <attribute name="heapSize specified" value="8519680" />
  <attribute name="Current GC Util" value="1" />
  <attribute name= "Current Time Running" value="1047" />
  <attribute name ="GC Interval" value="200" />
  <attribute name="ProportionalT" value="-28.500000" />
  <attribute name="ProportionalI" value="-28.500000" />
  <attribute name="ProportionalH" value="-28.500000" />
  <attribute name="Current Error" value="-19.000000" />
  <attribute name="IntegralT" value="-551.000000" />
  <attribute name="IntegralI" value="-551.000000" />
  <attribute name="IntegralH" value="-551.000000" />
  <attribute name="DerivativeT" value="-0.655172" />
  <attribute name="DerivativeI" value="-0.655172" />
  <attribute name="DerivativeH" value="-0.655172" />
  <attribute name="Loop Time for DT" value="29.000000" />
  <attribute name="Output H" value="2092630016"/>
  <attribute name="Output I" value="200"/>
  <attribute name="Output T" value="4"/>
  <attribute name="Target GC Util Change" value ="20.000000" />
  <attribute name="Current GC Util Change" value="1.000000"/>
  <attribute name="GC Util currently" value="1" />
  <attribute name="CPU Util currently" value="2" />
<allocation-satisfied id="258" threadId="000000000157A500" bytesRequested="48" />
<af-end id="259" timestamp="2019-06-16T01:51:48.758" threadId="000000000157AE88" success="true" from="nursery"/>
<exclusive-end id="260" timestamp="2019-06-16T01:51:48.758" durationms="2.193" />

<concurrent-kickoff id="261" timestamp="2019-06-16T01:51:48.764">
  <kickoff reason="threshold reached" targetBytes="1828401" thresholdFreeBytes="252819"  remainingFree="221136" tenureFreeBytes="907824" nurseryFreeBytes="221136" />
</concurrent-kickoff>
<exclusive-start id="262" timestamp="2019-06-16T01:51:48.765" intervalms="8.827">
  <response-info timems="0.026" idlems="0.026" threads="0" lastid="000000000157E100" lastname="Thread-9" />
</exclusive-start>
<cycle-start id="263" type="global" contextid="0" timestamp="2019-06-16T01:51:48.765" intervalms="390.974" />
<exclusive-end id="264" timestamp="2019-06-16T01:51:48.765" durationms="0.210" />

<exclusive-start id="265" timestamp="2019-06-16T01:51:48.768" intervalms="2.764">
  <response-info timems="0.039" idlems="0.025" threads="1" lastid="0000000001572D00" lastname="Thread-7" />
</exclusive-start>
<af-start id="266" threadId="0000000001577288" totalBytesRequested="40" timestamp="2019-06-16T01:51:48.768" intervalms="11.534" type="nursery" />
<cycle-start id="267" type="scavenge" contextid="0" timestamp="2019-06-16T01:51:48.768" intervalms="11.515" />
<gc-start id="268" type="scavenge" contextid="267" timestamp="2019-06-16T01:51:48.768">
  <mem-info id="269" free="907824" total="8912896" percent="10">
    <mem type="nursery" free="0" total="2752512" percent="0">
      <mem type="allocate" free="0" total="1376256" percent="0" />
      <mem type="survivor" free="0" total="1376256" percent="0" />
    </mem>
    <mem type="tenure" free="907824" total="6160384" percent="14">
      <mem type="soa" free="600624" total="5853184" percent="10" />
      <mem type="loa" free="307200" total="307200" percent="100" />
    </mem>
    <remembered-set count="297" />
  </mem-info>
</gc-start>
<allocation-stats totalBytes="786216" >
  <allocated-bytes non-tlh="48" tlh="786168" />
  <largest-consumer threadName="Thread-9" threadId="000000000157E100" bytes="303032" />
</allocation-stats>
<gc-op id="270" type="scavenge" timems="0.468" contextid="267" timestamp="2019-06-16T01:51:48.769">
  <scavenger-info tenureage="2" tenuremask="7ffc" tiltratio="50" />
  <memory-copied type="nursery" objects="6399" bytes="591296" bytesdiscarded="158984" />
  <memory-copied type="tenure" objects="2" bytes="99792" bytesdiscarded="0" />
</gc-op>
<gc-end id="271" type="scavenge" contextid="267" durationms="0.773" usertimems="0.000" systemtimems="0.000" timestamp="2019-06-16T01:51:48.769" activeThreads="4">
  <mem-info id="272" free="1433968" total="8912896" percent="16">
    <mem type="nursery" free="625936" total="2752512" percent="22">
      <mem type="allocate" free="625936" total="1376256" percent="45" />
      <mem type="survivor" free="0" total="1376256" percent="0" />
    </mem>
    <mem type="tenure" free="808032" total="6160384" percent="13">
      <mem type="soa" free="500832" total="5853184" percent="8" />
      <mem type="loa" free="307200" total="307200" percent="100" />
    </mem>
    <remembered-set count="260" />
  </mem-info>
</gc-end>
<cycle-end id="273" type="scavenge" contextid="267" timestamp="2019-06-16T01:51:48.769" />
  <attribute name="elasticGC enabled" value="1" />
  <attribute name= "numThreadsSpecified" value="4" />
  <attribute name="heapSize specified" value="8519680" />
  <attribute name="Current GC Util" value="19" />
  <attribute name= "Current Time Running" value="1058" />
  <attribute name ="GC Interval" value="200" />
  <attribute name="ProportionalT" value="-1.500000" />
  <attribute name="ProportionalI" value="-1.500000" />
  <attribute name="ProportionalH" value="-1.500000" />
  <attribute name="Current Error" value="-1.000000" />
  <attribute name="IntegralT" value="-11.000000" />
  <attribute name="IntegralI" value="-11.000000" />
  <attribute name="IntegralH" value="-11.000000" />
  <attribute name="DerivativeT" value="-0.090909" />
  <attribute name="DerivativeI" value="-0.090909" />
  <attribute name="DerivativeH" value="-0.090909" />
  <attribute name="Loop Time for DT" value="11.000000" />
  <attribute name="Output H" value="2092630016"/>
  <attribute name="Output I" value="200"/>
  <attribute name="Output T" value="4"/>
  <attribute name="Target GC Util Change" value ="20.000000" />
  <attribute name="Current GC Util Change" value="19.000000"/>
  <attribute name="GC Util currently" value="19" />
  <attribute name="CPU Util currently" value="406580996475" />
<allocation-satisfied id="274" threadId="0000000001576900" bytesRequested="40" />
<af-end id="275" timestamp="2019-06-16T01:51:48.769" threadId="0000000001577288" success="true" from="nursery"/>
<exclusive-end id="276" timestamp="2019-06-16T01:51:48.769" durationms="1.407" />

<exclusive-start id="277" timestamp="2019-06-16T01:51:48.770" intervalms="2.218">
  <response-info timems="0.016" idlems="0.016" threads="0" lastid="0000000001576900" lastname="Thread-10" />
</exclusive-start>
<concurrent-collection-start id="278" timestamp="2019-06-16T01:51:48.770" intervalms="1202.551" >
  <concurrent-trace-info reason="card cleaning threshold reached" tracedByMutators="337608" tracedByHelpers="840672" cardsCleaned="11" workStackOverflowCount="0" />
</concurrent-collection-start>
<gc-start id="279" type="global" contextid="263" timestamp="2019-06-16T01:51:48.770">
  <mem-info id="280" free="1302856" total="8912896" percent="14">
    <mem type="nursery" free="494824" total="2752512" percent="17">
      <mem type="allocate" free="494824" total="1376256" percent="35" />
      <mem type="survivor" free="0" total="1376256" percent="0" />
    </mem>
    <mem type="tenure" free="808032" total="6160384" percent="13">
      <mem type="soa" free="500832" total="5853184" percent="8" />
      <mem type="loa" free="307200" total="307200" percent="100" />
    </mem>
    <remembered-set count="269" />
  </mem-info>
</gc-start>
<allocation-stats totalBytes="131088" >
  <allocated-bytes non-tlh="40" tlh="131048" />
  <largest-consumer threadName="Thread-10" threadId="0000000001576900" bytes="53264" />
</allocation-stats>
<gc-op id="281" type="rs-scan" timems="0.217" contextid="263" timestamp="2019-06-16T01:51:48.770">
  <scan objectsFound="126" bytesTraced="6412" workStackOverflowCount="0" />
</gc-op>
<gc-op id="282" type="card-cleaning" timems="0.121" contextid="263" timestamp="2019-06-16T01:51:48.770">
  <card-cleaning cardsCleaned="3" bytesTraced="16056" workStackOverflowCount="0" />
</gc-op>
<gc-op id="283" type="mark" timems="0.861" contextid="263" timestamp="2019-06-16T01:51:48.771">
  <trace-info objectcount="20314" scancount="20278" scanbytes="1039520" />
  <finalization candidates="124" enqueued="0" />
  <ownableSynchronizers candidates="3" cleared="0" />
  <references type="soft" candidates="148" cleared="0" enqueued="0" dynamicThreshold="23" maxThreshold="32" />
  <references type="weak" candidates="695" cleared="2" enqueued="1" />
  <references type="phantom" candidates="40" cleared="2" enqueued="2" />
  <stringconstants candidates="4597" cleared="1"  />
</gc-op>
<gc-op id="284" type="sweep" timems="0.192" contextid="263" timestamp="2019-06-16T01:51:48.772" />
<mem-info id="285" free="3343344" total="8912896" percent="37">
  <mem type="nursery" free="780392" total="2752512" percent="28">
    <mem type="allocate" free="780392" total="1376256" percent="56" />
    <mem type="survivor" free="0" total="1376256" percent="0" />
  </mem>
  <mem type="tenure" free="2562952" total="6160384" percent="41" micro-fragmented="7216" macro-fragmented="0">
    <mem type="soa" free="2255752" total="5853184" percent="38" />
    <mem type="loa" free="307200" total="307200" percent="100" />
  </mem>
  <pending-finalizers system="0" default="0" reference="3" classloader="0" />
  <remembered-set count="268" />
</mem-info>
<gc-op id="286" type="compact" timems="7.932" contextid="263" timestamp="2019-06-16T01:51:48.780">
  <compact-info movecount="58005" movebytes="3930992" reason="compact to aid heap contraction" />
</gc-op>
<heap-resize id="287" type="contract" space="tenure" amount="262144" count="1" timems="0.067" reason="heap reconfiguration" timestamp="2019-06-16T01:51:48.780" />
<gc-end id="288" type="global" contextid="263" durationms="10.245" usertimems="12.000" systemtimems="0.000" timestamp="2019-06-16T01:51:48.780" activeThreads="4">
  <mem-info id="289" free="3048960" total="8650752" percent="35">
    <mem type="nursery" free="787072" total="2752512" percent="28">
      <mem type="allocate" free="787072" total="1376256" percent="57" />
      <mem type="survivor" free="0" total="1376256" percent="0" />
    </mem>
    <mem type="tenure" free="2261888" total="5898240" percent="38">
      <mem type="soa" free="2012032" total="5603328" percent="35" />
      <mem type="loa" free="249856" total="294912" percent="84" />
    </mem>
    <pending-finalizers system="0" default="0" reference="3" classloader="0" />
    <remembered-set count="268" />
  </mem-info>
</gc-end>
<cycle-end id="290" type="global" contextid="263" timestamp="2019-06-16T01:51:48.780" />
  <attribute name="elasticGC enabled" value="1" />
  <attribute name= "numThreadsSpecified" value="4" />
  <attribute name="heapSize specified" value="8912896" />
  <attribute name="Current GC Util" value="38" />
  <attribute name= "Current Time Running" value="1070" />
  <attribute name ="GC Interval" value="200" />
  <attribute name="ProportionalT" value="27.000000" />
  <attribute name="ProportionalI" value="27.000000" />
  <attribute name="ProportionalH" value="27.000000" />
  <attribute name="Current Error" value="18.000000" />
  <attribute name="IntegralT" value="144.000000" />
  <attribute name="IntegralI" value="144.000000" />
  <attribute name="IntegralH" value="144.000000" />
  <attribute name="DerivativeT" value="2.250000" />
  <attribute name="DerivativeI" value="2.250000" />
  <attribute name="DerivativeH" value="2.250000" />
  <attribute name="Loop Time for DT" value="8.000000" />
  <attribute name="Output H" value="8388608"/>
  <attribute name="Output I" value="200"/>
  <attribute name="Output T" value="4"/>
  <attribute name="Target GC Util Change" value ="20.000000" />
  <attribute name="Current GC Util Change" value="38.000000"/>
  <attribute name="GC Util currently" value="38" />
  <attribute name="CPU Util currently" value="574168956743" />
<concurrent-collection-end id="291" timestamp="2019-06-16T01:51:48.780" />
<exclusive-end id="292" timestamp="2019-06-16T01:51:48.780" durationms="10.654" />

<exclusive-start id="293" timestamp="2019-06-16T01:51:48.791" intervalms="20.982">
  <response-info timems="0.036" idlems="0.036" threads="0" lastid="0000000001576900" lastname="Thread-10" />
</exclusive-start>
<af-start id="294" threadId="0000000001577288" totalBytesRequested="24" timestamp="2019-06-16T01:51:48.791" intervalms="23.231" type="nursery" />
<cycle-start id="295" type="scavenge" contextid="0" timestamp="2019-06-16T01:51:48.791" intervalms="23.278" />
<gc-start id="296" type="scavenge" contextid="295" timestamp="2019-06-16T01:51:48.791">
  <mem-info id="297" free="2261888" total="8650752" percent="26">
    <mem type="nursery" free="0" total="2752512" percent="0">
      <mem type="allocate" free="0" total="1376256" percent="0" />
      <mem type="survivor" free="0" total="1376256" percent="0" />
    </mem>
    <mem type="tenure" free="2261888" total="5898240" percent="38">
      <mem type="soa" free="2012032" total="5603328" percent="35" />
      <mem type="loa" free="249856" total="294912" percent="84" />
    </mem>
    <remembered-set count="484" />
  </mem-info>
</gc-start>
<allocation-stats totalBytes="786848" >
  <allocated-bytes non-tlh="0" tlh="786848" />
  <largest-consumer threadName="Thread-9" threadId="000000000157E100" bytes="442864" />
</allocation-stats>
<gc-op id="298" type="scavenge" timems="2.289" contextid="295" timestamp="2019-06-16T01:51:48.794">
  <scavenger-info tenureage="2" tenuremask="7ffc" tiltratio="50" />
  <memory-copied type="nursery" objects="2613" bytes="112000" bytesdiscarded="66944" />
  <memory-copied type="tenure" objects="4031" bytes="484360" bytesdiscarded="24" />
  <ownableSynchronizers candidates="6" cleared="6" />
</gc-op>
<heap-resize id="299" type="expand" space="nursery" amount="131072" count="1" timems="0.014" reason="excessive time being spent scavenging" timestamp="2019-06-16T01:51:48.794" />
<gc-end id="300" type="scavenge" contextid="295" durationms="3.103" usertimems="4.000" systemtimems="0.000" timestamp="2019-06-16T01:51:48.794" activeThreads="4">
  <mem-info id="301" free="2983192" total="8781824" percent="33">
    <mem type="nursery" free="1262848" total="2883584" percent="43">
      <mem type="allocate" free="1262848" total="1441792" percent="87" />
      <mem type="survivor" free="0" total="1441792" percent="0" />
    </mem>
    <mem type="tenure" free="1720344" total="5898240" percent="29">
      <mem type="soa" free="1470488" total="5603328" percent="26" />
      <mem type="loa" free="249856" total="294912" percent="84" />
    </mem>
    <remembered-set count="488" />
  </mem-info>
</gc-end>
<cycle-end id="302" type="scavenge" contextid="295" timestamp="2019-06-16T01:51:48.794" />
  <attribute name="elasticGC enabled" value="1" />
  <attribute name= "numThreadsSpecified" value="4" />
  <attribute name="heapSize specified" value="8912896" />
  <attribute name="Current GC Util" value="80" />
  <attribute name= "Current Time Running" value="1082" />
  <attribute name ="GC Interval" value="816" />
  <attribute name="ProportionalT" value="90.000000" />
  <attribute name="ProportionalI" value="90.000000" />
  <attribute name="ProportionalH" value="90.000000" />
  <attribute name="Current Error" value="60.000000" />
  <attribute name="IntegralT" value="720.000000" />
  <attribute name="IntegralI" value="720.000000" />
  <attribute name="IntegralH" value="720.000000" />
  <attribute name="DerivativeT" value="3.500000" />
  <attribute name="DerivativeI" value="3.500000" />
  <attribute name="DerivativeH" value="3.500000" />
  <attribute name="Loop Time for DT" value="12.000000" />
  <attribute name="Output H" value="8388608"/>
  <attribute name="Output I" value="816"/>
  <attribute name="Output T" value="4"/>
  <attribute name="Target GC Util Change" value ="20.000000" />
  <attribute name="Current GC Util Change" value="80.000000"/>
  <attribute name="GC Util currently" value="80" />
  <attribute name="CPU Util currently" value="394222487845" />
<allocation-satisfied id="303" threadId="0000000001576900" bytesRequested="24" />
<af-end id="304" timestamp="2019-06-16T01:51:48.795" threadId="0000000001577288" success="true" from="nursery"/>
<exclusive-end id="305" timestamp="2019-06-16T01:51:48.795" durationms="4.067" />

<exclusive-start id="306" timestamp="2019-06-16T01:51:48.800" intervalms="8.740">
  <response-info timems="0.048" idlems="0.048" threads="0" lastid="0000000001576900" lastname="Thread-10" />
</exclusive-start>
<af-start id="307" threadId="0000000001577288" totalBytesRequested="40" timestamp="2019-06-16T01:51:48.800" intervalms="8.725" type="nursery" />
<cycle-start id="308" type="scavenge" contextid="0" timestamp="2019-06-16T01:51:48.800" intervalms="8.669" />
<gc-start id="309" type="scavenge" contextid="308" timestamp="2019-06-16T01:51:48.800">
  <mem-info id="310" free="1720344" total="8781824" percent="19">
    <mem type="nursery" free="0" total="2883584" percent="0">
      <mem type="allocate" free="0" total="1441792" percent="0" />
      <mem type="survivor" free="0" total="1441792" percent="0" />
    </mem>
    <mem type="tenure" free="1720344" total="5898240" percent="29">
      <mem type="soa" free="1470488" total="5603328" percent="26" />
      <mem type="loa" free="249856" total="294912" percent="84" />
    </mem>
    <remembered-set count="620" />
  </mem-info>
</gc-start>
<allocation-stats totalBytes="1262408" >
  <allocated-bytes non-tlh="24" tlh="1262384" />
  <largest-consumer threadName="Thread-8" threadId="000000000157A500" bytes="750552" />
</allocation-stats>
<gc-op id="311" type="scavenge" timems="2.003" contextid="308" timestamp="2019-06-16T01:51:48.802">
  <scavenger-info tenureage="3" tenuremask="fff8" tiltratio="50" />
  <memory-copied type="nursery" objects="2731" bytes="114768" bytesdiscarded="55728" />
</gc-op>
<heap-resize id="312" type="expand" space="nursery" amount="393216" count="1" timems="0.012" reason="excessive time being spent scavenging" timestamp="2019-06-16T01:51:48.802" />
<gc-end id="313" type="scavenge" contextid="308" durationms="2.500" usertimems="0.000" systemtimems="0.000" timestamp="2019-06-16T01:51:48.802" activeThreads="4">
  <mem-info id="314" free="3188248" total="9175040" percent="34">
    <mem type="nursery" free="1467904" total="3276800" percent="44">
      <mem type="allocate" free="1467904" total="1638400" percent="89" />
      <mem type="survivor" free="0" total="1638400" percent="0" />
    </mem>
    <mem type="tenure" free="1720344" total="5898240" percent="29">
      <mem type="soa" free="1470488" total="5603328" percent="26" />
      <mem type="loa" free="249856" total="294912" percent="84" />
    </mem>
    <remembered-set count="620" />
  </mem-info>
</gc-end>
<cycle-end id="315" type="scavenge" contextid="308" timestamp="2019-06-16T01:51:48.802" />
  <attribute name="elasticGC enabled" value="1" />
  <attribute name= "numThreadsSpecified" value="4" />
  <attribute name="heapSize specified" value="8912896" />
  <attribute name="Current GC Util" value="30" />
  <attribute name= "Current Time Running" value="1090" />
  <attribute name ="GC Interval" value="200" />
  <attribute name="ProportionalT" value="15.000000" />
  <attribute name="ProportionalI" value="15.000000" />
  <attribute name="ProportionalH" value="15.000000" />
  <attribute name="Current Error" value="10.000000" />
  <attribute name="IntegralT" value="80.000000" />
  <attribute name="IntegralI" value="80.000000" />
  <attribute name="IntegralH" value="80.000000" />
  <attribute name="DerivativeT" value="-6.250000" />
  <attribute name="DerivativeI" value="-6.250000" />
  <attribute name="DerivativeH" value="-6.250000" />
  <attribute name="Loop Time for DT" value="8.000000" />
  <attribute name="Output H" value="8388608"/>
  <attribute name="Output I" value="200"/>
  <attribute name="Output T" value="4"/>
  <attribute name="Target GC Util Change" value ="20.000000" />
  <attribute name="Current GC Util Change" value="30.000000"/>
  <attribute name="GC Util currently" value="30" />
  <attribute name="CPU Util currently" value="547015521972" />
<allocation-satisfied id="316" threadId="0000000001576900" bytesRequested="40" />
<af-end id="317" timestamp="2019-06-16T01:51:48.803" threadId="0000000001577288" success="true" from="nursery"/>
<exclusive-end id="318" timestamp="2019-06-16T01:51:48.803" durationms="3.412" />

<exclusive-start id="319" timestamp="2019-06-16T01:51:48.810" intervalms="10.562">
  <response-info timems="0.028" idlems="0.028" threads="0" lastid="000000000157E100" lastname="Thread-9" />
</exclusive-start>
<af-start id="320" threadId="000000000157EA88" totalBytesRequested="24" timestamp="2019-06-16T01:51:48.810" intervalms="10.572" type="nursery" />
<cycle-start id="321" type="scavenge" contextid="0" timestamp="2019-06-16T01:51:48.810" intervalms="10.638" />
<gc-start id="322" type="scavenge" contextid="321" timestamp="2019-06-16T01:51:48.810">
  <mem-info id="323" free="1720344" total="9175040" percent="18">
    <mem type="nursery" free="0" total="3276800" percent="0">
      <mem type="allocate" free="0" total="1638400" percent="0" />
      <mem type="survivor" free="0" total="1638400" percent="0" />
    </mem>
    <mem type="tenure" free="1720344" total="5898240" percent="29">
      <mem type="soa" free="1470488" total="5603328" percent="26" />
      <mem type="loa" free="249856" total="294912" percent="84" />
    </mem>
    <remembered-set count="1131" />
  </mem-info>
</gc-start>
<allocation-stats totalBytes="1467472" >
  <allocated-bytes non-tlh="40" tlh="1467432" />
  <largest-consumer threadName="Thread-10" threadId="0000000001576900" bytes="745336" />
</allocation-stats>
<gc-op id="324" type="scavenge" timems="0.403" contextid="321" timestamp="2019-06-16T01:51:48.811">
  <scavenger-info tenureage="3" tenuremask="fff8" tiltratio="50" />
  <memory-copied type="nursery" objects="1156" bytes="29056" bytesdiscarded="10112" />
  <memory-copied type="tenure" objects="2125" bytes="99120" bytesdiscarded="24" />
</gc-op>
<gc-end id="325" type="scavenge" contextid="321" durationms="0.844" usertimems="0.000" systemtimems="0.000" timestamp="2019-06-16T01:51:48.811" activeThreads="1">
  <mem-info id="326" free="3433496" total="9175040" percent="37">
    <mem type="nursery" free="1861376" total="3276800" percent="56">
      <mem type="allocate" free="1861376" total="1900544" percent="97" />
      <mem type="survivor" free="0" total="1376256" percent="0" />
    </mem>
    <mem type="tenure" free="1572120" total="5898240" percent="26">
      <mem type="soa" free="1322264" total="5603328" percent="23" />
      <mem type="loa" free="249856" total="294912" percent="84" />
    </mem>
    <remembered-set count="1003" />
  </mem-info>
</gc-end>
<cycle-end id="327" type="scavenge" contextid="321" timestamp="2019-06-16T01:51:48.811" />
  <attribute name="elasticGC enabled" value="1" />
  <attribute name= "numThreadsSpecified" value="1" />
  <attribute name="heapSize specified" value="8912896" />
  <attribute name="Current GC Util" value="20" />
  <attribute name= "Current Time Running" value="1101" />
  <attribute name ="GC Interval" value="200" />
  <attribute name="ProportionalT" value="0.000000" />
  <attribute name="ProportionalI" value="0.000000" />
  <attribute name="ProportionalH" value="0.000000" />
  <attribute name="Current Error" value="0.000000" />
  <attribute name="IntegralT" value="0.000000" />
  <attribute name="IntegralI" value="0.000000" />
  <attribute name="IntegralH" value="0.000000" />
  <attribute name="DerivativeT" value="-0.909091" />
  <attribute name="DerivativeI" value="-0.909091" />
  <attribute name="DerivativeH" value="-0.909091" />
  <attribute name="Loop Time for DT" value="11.000000" />
  <attribute name="Output H" value="8388608"/>
  <attribute name="Output I" value="200"/>
  <attribute name="Output T" value="1"/>
  <attribute name="Target GC Util Change" value ="20.000000" />
  <attribute name="Current GC Util Change" value="20.000000"/>
  <attribute name="GC Util currently" value="20" />
  <attribute name="CPU Util currently" value="427263373083" />
<allocation-satisfied id="328" threadId="000000000157E100" bytesRequested="24" />
<af-end id="329" timestamp="2019-06-16T01:51:48.812" threadId="000000000157EA88" success="true" from="nursery"/>
<exclusive-end id="330" timestamp="2019-06-16T01:51:48.812" durationms="1.772" />

<exclusive-start id="331" timestamp="2019-06-16T01:51:48.824" intervalms="14.319">
  <response-info timems="0.024" idlems="0.024" threads="0" lastid="000000000157A500" lastname="Thread-8" />
</exclusive-start>
<af-start id="332" threadId="000000000157AE88" totalBytesRequested="24" timestamp="2019-06-16T01:51:48.824" intervalms="14.246" type="nursery" />
<cycle-start id="333" type="scavenge" contextid="0" timestamp="2019-06-16T01:51:48.825" intervalms="14.178" />
<gc-start id="334" type="scavenge" contextid="333" timestamp="2019-06-16T01:51:48.825">
  <mem-info id="335" free="1572120" total="9175040" percent="17">
    <mem type="nursery" free="0" total="3276800" percent="0">
      <mem type="allocate" free="0" total="1900544" percent="0" />
      <mem type="survivor" free="0" total="1376256" percent="0" />
    </mem>
    <mem type="tenure" free="1572120" total="5898240" percent="26">
      <mem type="soa" free="1322264" total="5603328" percent="23" />
      <mem type="loa" free="249856" total="294912" percent="84" />
    </mem>
    <remembered-set count="1669" />
  </mem-info>
</gc-start>
<allocation-stats totalBytes="1860920" >
  <allocated-bytes non-tlh="24" tlh="1860896" />
  <largest-consumer threadName="Thread-9" threadId="000000000157E100" bytes="935568" />
</allocation-stats>
<gc-op id="336" type="scavenge" timems="0.312" contextid="333" timestamp="2019-06-16T01:51:48.825">
  <scavenger-info tenureage="3" tenuremask="ffe8" tiltratio="58" />
  <memory-copied type="nursery" objects="1433" bytes="35104" bytesdiscarded="135392" />
  <memory-copied type="tenure" objects="345" bytes="8672" bytesdiscarded="0" />
</gc-op>
<gc-end id="337" type="scavenge" contextid="333" durationms="0.602" usertimems="4.000" systemtimems="0.000" timestamp="2019-06-16T01:51:48.825" activeThreads="4">
  <mem-info id="338" free="3432984" total="9175040" percent="37">
    <mem type="nursery" free="1992192" total="3276800" percent="60">
      <mem type="allocate" free="1992192" total="2162688" percent="92" />
      <mem type="survivor" free="0" total="1114112" percent="0" />
    </mem>
    <mem type="tenure" free="1440792" total="5898240" percent="24">
      <mem type="soa" free="1190936" total="5603328" percent="21" />
      <mem type="loa" free="249856" total="294912" percent="84" />
    </mem>
    <remembered-set count="1407" />
  </mem-info>
</gc-end>
<cycle-end id="339" type="scavenge" contextid="333" timestamp="2019-06-16T01:51:48.825" />
  <attribute name="elasticGC enabled" value="1" />
  <attribute name= "numThreadsSpecified" value="4" />
  <attribute name="heapSize specified" value="8912896" />
  <attribute name="Current GC Util" value="4" />
  <attribute name= "Current Time Running" value="1115" />
  <attribute name ="GC Interval" value="200" />
  <attribute name="ProportionalT" value="-24.000000" />
  <attribute name="ProportionalI" value="-24.000000" />
  <attribute name="ProportionalH" value="-24.000000" />
  <attribute name="Current Error" value="-16.000000" />
  <attribute name="IntegralT" value="-224.000000" />
  <attribute name="IntegralI" value="-224.000000" />
  <attribute name="IntegralH" value="-224.000000" />
  <attribute name="DerivativeT" value="-1.142857" />
  <attribute name="DerivativeI" value="-1.142857" />
  <attribute name="DerivativeH" value="-1.142857" />
  <attribute name="Loop Time for DT" value="14.000000" />
  <attribute name="Output H" value="2092630016"/>
  <attribute name="Output I" value="200"/>
  <attribute name="Output T" value="4"/>
  <attribute name="Target GC Util Change" value ="20.000000" />
  <attribute name="Current GC Util Change" value="4.000000"/>
  <attribute name="GC Util currently" value="4" />
  <attribute name="CPU Util currently" value="328602710476" />
<allocation-satisfied id="340" threadId="000000000157A500" bytesRequested="24" />
<af-end id="341" timestamp="2019-06-16T01:51:48.826" threadId="000000000157AE88" success="true" from="nursery"/>
<exclusive-end id="342" timestamp="2019-06-16T01:51:48.826" durationms="1.219" />

<exclusive-start id="343" timestamp="2019-06-16T01:51:48.831" intervalms="6.824">
  <response-info timems="0.038" idlems="0.038" threads="0" lastid="0000000001576900" lastname="Thread-10" />
</exclusive-start>
<af-start id="344" threadId="0000000001577288" totalBytesRequested="40" timestamp="2019-06-16T01:51:48.831" intervalms="6.818" type="nursery" />
<cycle-start id="345" type="scavenge" contextid="0" timestamp="2019-06-16T01:51:48.831" intervalms="6.791" />
<gc-start id="346" type="scavenge" contextid="345" timestamp="2019-06-16T01:51:48.831">
  <mem-info id="347" free="1440792" total="9175040" percent="15">
    <mem type="nursery" free="0" total="3276800" percent="0">
      <mem type="allocate" free="0" total="2162688" percent="0" />
      <mem type="survivor" free="0" total="1114112" percent="0" />
    </mem>
    <mem type="tenure" free="1440792" total="5898240" percent="24">
      <mem type="soa" free="1190936" total="5603328" percent="21" />
      <mem type="loa" free="249856" total="294912" percent="84" />
    </mem>
    <remembered-set count="1997" />
  </mem-info>
</gc-start>
<allocation-stats totalBytes="1991712" >
  <allocated-bytes non-tlh="24" tlh="1991688" />
  <largest-consumer threadName="Thread-9" threadId="000000000157E100" bytes="626568" />
</allocation-stats>
<gc-op id="348" type="scavenge" timems="1.925" contextid="345" timestamp="2019-06-16T01:51:48.833">
  <scavenger-info tenureage="5" tenuremask="ffe0" tiltratio="66" />
  <memory-copied type="nursery" objects="2120" bytes="52016" bytesdiscarded="118480" />
</gc-op>
<heap-resize id="349" type="expand" space="nursery" amount="393216" count="1" timems="0.014" reason="excessive time being spent scavenging" timestamp="2019-06-16T01:51:48.834" />
<gc-end id="350" type="scavenge" contextid="345" durationms="2.317" usertimems="0.000" systemtimems="0.000" timestamp="2019-06-16T01:51:48.834" activeThreads="4">
  <mem-info id="351" free="3891736" total="9568256" percent="40">
    <mem type="nursery" free="2450944" total="3670016" percent="66">
      <mem type="allocate" free="2450944" total="2621440" percent="93" />
      <mem type="survivor" free="0" total="1048576" percent="0" />
    </mem>
    <mem type="tenure" free="1440792" total="5898240" percent="24">
      <mem type="soa" free="1190936" total="5603328" percent="21" />
      <mem type="loa" free="249856" total="294912" percent="84" />
    </mem>
    <remembered-set count="1996" />
  </mem-info>
</gc-end>
<cycle-end id="352" type="scavenge" contextid="345" timestamp="2019-06-16T01:51:48.834" />
  <attribute name="elasticGC enabled" value="1" />
  <attribute name= "numThreadsSpecified" value="4" />
  <attribute name="heapSize specified" value="8912896" />
  <attribute name="Current GC Util" value="11" />
  <attribute name= "Current Time Running" value="1122" />
  <attribute name ="GC Interval" value="200" />
  <attribute name="ProportionalT" value="-13.500000" />
  <attribute name="ProportionalI" value="-13.500000" />
  <attribute name="ProportionalH" value="-13.500000" />
  <attribute name="Current Error" value="-9.000000" />
  <attribute name="IntegralT" value="-63.000000" />
  <attribute name="IntegralI" value="-63.000000" />
  <attribute name="IntegralH" value="-63.000000" />
  <attribute name="DerivativeT" value="-1.285714" />
  <attribute name="DerivativeI" value="-1.285714" />
  <attribute name="DerivativeH" value="-1.285714" />
  <attribute name="Loop Time for DT" value="7.000000" />
  <attribute name="Output H" value="2092630016"/>
  <attribute name="Output I" value="200"/>
  <attribute name="Output T" value="4"/>
  <attribute name="Target GC Util Change" value ="20.000000" />
  <attribute name="Current GC Util Change" value="11.000000"/>
  <attribute name="GC Util currently" value="11" />
  <attribute name="CPU Util currently" value="687253488277" />
<allocation-satisfied id="353" threadId="0000000001576900" bytesRequested="40" />
<af-end id="354" timestamp="2019-06-16T01:51:48.834" threadId="0000000001577288" success="true" from="nursery"/>
<exclusive-end id="355" timestamp="2019-06-16T01:51:48.834" durationms="2.866" />

<exclusive-start id="356" timestamp="2019-06-16T01:51:48.840" intervalms="8.729">
  <response-info timems="0.026" idlems="0.026" threads="0" lastid="000000000157A500" lastname="Thread-8" />
</exclusive-start>
<af-start id="357" threadId="000000000157AE88" totalBytesRequested="40" timestamp="2019-06-16T01:51:48.840" intervalms="8.715" type="nursery" />
<cycle-start id="358" type="scavenge" contextid="0" timestamp="2019-06-16T01:51:48.840" intervalms="8.756" />
<gc-start id="359" type="scavenge" contextid="358" timestamp="2019-06-16T01:51:48.840">
  <mem-info id="360" free="1440792" total="9568256" percent="15">
    <mem type="nursery" free="0" total="3670016" percent="0">
      <mem type="allocate" free="0" total="2621440" percent="0" />
      <mem type="survivor" free="0" total="1048576" percent="0" />
    </mem>
    <mem type="tenure" free="1440792" total="5898240" percent="24">
      <mem type="soa" free="1190936" total="5603328" percent="21" />
      <mem type="loa" free="249856" total="294912" percent="84" />
    </mem>
    <remembered-set count="2699" />
  </mem-info>
</gc-start>
<allocation-stats totalBytes="2450232" >
  <allocated-bytes non-tlh="40" tlh="2450192" />
  <largest-consumer threadName="Thread-9" threadId="000000000157E100" bytes="810832" />
</allocation-stats>
<gc-op id="361" type="scavenge" timems="0.318" contextid="358" timestamp="2019-06-16T01:51:48.841">
  <scavenger-info tenureage="3" tenuremask="fff8" tiltratio="71" />
  <memory-copied type="nursery" objects="2179" bytes="53464" bytesdiscarded="24872" />
  <memory-copied type="tenure" objects="644" bytes="15456" bytesdiscarded="0" />
</gc-op>
<gc-end id="362" type="scavenge" contextid="358" durationms="0.472" usertimems="0.000" systemtimems="0.000" timestamp="2019-06-16T01:51:48.841" activeThreads="4">
  <mem-info id="363" free="4311576" total="9568256" percent="45">
    <mem type="nursery" free="2870784" total="3670016" percent="78">
      <mem type="allocate" free="2870784" total="2949120" percent="97" />
      <mem type="survivor" free="0" total="720896" percent="0" />
    </mem>
    <mem type="tenure" free="1440792" total="5898240" percent="24">
      <mem type="soa" free="1190936" total="5603328" percent="21" />
      <mem type="loa" free="249856" total="294912" percent="84" />
    </mem>
    <remembered-set count="2048" />
  </mem-info>
</gc-end>
<cycle-end id="364" type="scavenge" contextid="358" timestamp="2019-06-16T01:51:48.841" />
  <attribute name="elasticGC enabled" value="1" />
  <attribute name= "numThreadsSpecified" value="4" />
  <attribute name="heapSize specified" value="8912896" />
  <attribute name="Current GC Util" value="24" />
  <attribute name= "Current Time Running" value="1130" />
  <attribute name ="GC Interval" value="200" />
  <attribute name="ProportionalT" value="6.000000" />
  <attribute name="ProportionalI" value="6.000000" />
  <attribute name="ProportionalH" value="6.000000" />
  <attribute name="Current Error" value="4.000000" />
  <attribute name="IntegralT" value="32.000000" />
  <attribute name="IntegralI" value="32.000000" />
  <attribute name="IntegralH" value="32.000000" />
  <attribute name="DerivativeT" value="0.500000" />
  <attribute name="DerivativeI" value="0.500000" />
  <attribute name="DerivativeH" value="0.500000" />
  <attribute name="Loop Time for DT" value="8.000000" />
  <attribute name="Output H" value="8388608"/>
  <attribute name="Output I" value="200"/>
  <attribute name="Output T" value="4"/>
  <attribute name="Target GC Util Change" value ="20.000000" />
  <attribute name="Current GC Util Change" value="24.000000"/>
  <attribute name="GC Util currently" value="24" />
  <attribute name="CPU Util currently" value="528082095203" />
<allocation-satisfied id="365" threadId="000000000157A500" bytesRequested="40" />
<af-end id="366" timestamp="2019-06-16T01:51:48.841" threadId="000000000157AE88" success="true" from="nursery"/>
<exclusive-end id="367" timestamp="2019-06-16T01:51:48.841" durationms="0.870" />

<exclusive-start id="368" timestamp="2019-06-16T01:51:48.854" intervalms="14.548">
  <response-info timems="3.545" idlems="1.809" threads="3" lastid="000000000157E100" lastname="Thread-9" />
</exclusive-start>
<af-start id="369" threadId="000000000157AE88" totalBytesRequested="40" timestamp="2019-06-16T01:51:48.855" intervalms="14.548" type="nursery" />
<cycle-start id="370" type="scavenge" contextid="0" timestamp="2019-06-16T01:51:48.855" intervalms="14.497" />
<gc-start id="371" type="scavenge" contextid="370" timestamp="2019-06-16T01:51:48.855">
  <mem-info id="372" free="1440792" total="9568256" percent="15">
    <mem type="nursery" free="0" total="3670016" percent="0">
      <mem type="allocate" free="0" total="2949120" percent="0" />
      <mem type="survivor" free="0" total="720896" percent="0" />
    </mem>
    <mem type="tenure" free="1440792" total="5898240" percent="24">
      <mem type="soa" free="1190936" total="5603328" percent="21" />
      <mem type="loa" free="249856" total="294912" percent="84" />
    </mem>
    <remembered-set count="2532" />
  </mem-info>
</gc-start>
<allocation-stats totalBytes="2870264" >
  <allocated-bytes non-tlh="40" tlh="2870224" />
  <largest-consumer threadName="Thread-8" threadId="000000000157A500" bytes="1290008" />
</allocation-stats>
<gc-op id="373" type="scavenge" timems="0.298" contextid="370" timestamp="2019-06-16T01:51:48.855">
  <scavenger-info tenureage="3" tenuremask="ffc8" tiltratio="80" />
  <memory-copied type="nursery" objects="1885" bytes="45896" bytesdiscarded="93880" />
  <memory-copied type="tenure" objects="665" bytes="15960" bytesdiscarded="0" />
</gc-op>
<gc-end id="374" type="scavenge" contextid="370" durationms="0.446" usertimems="4.000" systemtimems="0.000" timestamp="2019-06-16T01:51:48.855" activeThreads="4">
  <mem-info id="375" free="4381208" total="9568256" percent="45">
    <mem type="nursery" free="2940416" total="3670016" percent="80">
      <mem type="allocate" free="2940416" total="3080192" percent="95" />
      <mem type="survivor" free="0" total="589824" percent="0" />
    </mem>
    <mem type="tenure" free="1440792" total="5898240" percent="24">
      <mem type="soa" free="1190936" total="5603328" percent="21" />
      <mem type="loa" free="249856" total="294912" percent="84" />
    </mem>
    <remembered-set count="1867" />
  </mem-info>
</gc-end>
<cycle-end id="376" type="scavenge" contextid="370" timestamp="2019-06-16T01:51:48.855" />
  <attribute name="elasticGC enabled" value="1" />
  <attribute name= "numThreadsSpecified" value="4" />
  <attribute name="heapSize specified" value="8912896" />
  <attribute name="Current GC Util" value="4" />
  <attribute name= "Current Time Running" value="1145" />
  <attribute name ="GC Interval" value="200" />
  <attribute name="ProportionalT" value="-24.000000" />
  <attribute name="ProportionalI" value="-24.000000" />
  <attribute name="ProportionalH" value="-24.000000" />
  <attribute name="Current Error" value="-16.000000" />
  <attribute name="IntegralT" value="-240.000000" />
  <attribute name="IntegralI" value="-240.000000" />
  <attribute name="IntegralH" value="-240.000000" />
  <attribute name="DerivativeT" value="-1.333333" />
  <attribute name="DerivativeI" value="-1.333333" />
  <attribute name="DerivativeH" value="-1.333333" />
  <attribute name="Loop Time for DT" value="15.000000" />
  <attribute name="Output H" value="2092630016"/>
  <attribute name="Output I" value="200"/>
  <attribute name="Output T" value="4"/>
  <attribute name="Target GC Util Change" value ="20.000000" />
  <attribute name="Current GC Util Change" value="4.000000"/>
  <attribute name="GC Util currently" value="4" />
  <attribute name="CPU Util currently" value="318281281209" />
<allocation-satisfied id="377" threadId="000000000157A500" bytesRequested="40" />
<af-end id="378" timestamp="2019-06-16T01:51:48.855" threadId="000000000157AE88" success="true" from="nursery"/>
<exclusive-end id="379" timestamp="2019-06-16T01:51:48.855" durationms="0.789" />

<exclusive-start id="380" timestamp="2019-06-16T01:51:48.862" intervalms="7.961">
  <response-info timems="0.193" idlems="0.179" threads="1" lastid="000000000157E100" lastname="Thread-9" />
</exclusive-start>
<af-start id="381" threadId="0000000001573688" totalBytesRequested="24" timestamp="2019-06-16T01:51:48.863" intervalms="7.971" type="nursery" />
<cycle-start id="382" type="scavenge" contextid="0" timestamp="2019-06-16T01:51:48.863" intervalms="7.993" />
<gc-start id="383" type="scavenge" contextid="382" timestamp="2019-06-16T01:51:48.863">
  <mem-info id="384" free="1440792" total="9568256" percent="15">
    <mem type="nursery" free="0" total="3670016" percent="0">
      <mem type="allocate" free="0" total="3080192" percent="0" />
      <mem type="survivor" free="0" total="589824" percent="0" />
    </mem>
    <mem type="tenure" free="1440792" total="5898240" percent="24">
      <mem type="soa" free="1190936" total="5603328" percent="21" />
      <mem type="loa" free="249856" total="294912" percent="84" />
    </mem>
    <remembered-set count="2565" />
  </mem-info>
</gc-start>
<allocation-stats totalBytes="2939904" >
  <allocated-bytes non-tlh="40" tlh="2939864" />
  <largest-consumer threadName="Thread-8" threadId="000000000157A500" bytes="1036144" />
</allocation-stats>
<gc-op id="385" type="scavenge" timems="0.313" contextid="382" timestamp="2019-06-16T01:51:48.863">
  <scavenger-info tenureage="3" tenuremask="ffe8" tiltratio="83" />
  <memory-copied type="nursery" objects="2088" bytes="51160" bytesdiscarded="27176" />
  <memory-copied type="tenure" objects="589" bytes="14136" bytesdiscarded="0" />
</gc-op>
<gc-end id="386" type="scavenge" contextid="382" durationms="0.495" usertimems="0.000" systemtimems="0.000" timestamp="2019-06-16T01:51:48.863" activeThreads="4">
  <mem-info id="387" free="4407576" total="9568256" percent="46">
    <mem type="nursery" free="3067392" total="3670016" percent="83">
      <mem type="allocate" free="3067392" total="3145728" percent="97" />
      <mem type="survivor" free="0" total="524288" percent="0" />
    </mem>
    <mem type="tenure" free="1340184" total="5898240" percent="22">
      <mem type="soa" free="1090328" total="5603328" percent="19" />
      <mem type="loa" free="249856" total="294912" percent="84" />
    </mem>
    <remembered-set count="1974" />
  </mem-info>
</gc-end>
<cycle-end id="388" type="scavenge" contextid="382" timestamp="2019-06-16T01:51:48.863" />
  <attribute name="elasticGC enabled" value="1" />
  <attribute name= "numThreadsSpecified" value="4" />
  <attribute name="heapSize specified" value="8912896" />
  <attribute name="Current GC Util" value="8" />
  <attribute name= "Current Time Running" value="1153" />
  <attribute name ="GC Interval" value="200" />
  <attribute name="ProportionalT" value="-18.000000" />
  <attribute name="ProportionalI" value="-18.000000" />
  <attribute name="ProportionalH" value="-18.000000" />
  <attribute name="Current Error" value="-12.000000" />
  <attribute name="IntegralT" value="-96.000000" />
  <attribute name="IntegralI" value="-96.000000" />
  <attribute name="IntegralH" value="-96.000000" />
  <attribute name="DerivativeT" value="-1.500000" />
  <attribute name="DerivativeI" value="-1.500000" />
  <attribute name="DerivativeH" value="-1.500000" />
  <attribute name="Loop Time for DT" value="8.000000" />
  <attribute name="Output H" value="2092630016"/>
  <attribute name="Output I" value="200"/>
  <attribute name="Output T" value="4"/>
  <attribute name="Target GC Util Change" value ="20.000000" />
  <attribute name="Current GC Util Change" value="8.000000"/>
  <attribute name="GC Util currently" value="8" />
  <attribute name="CPU Util currently" value="573936364777" />
<allocation-satisfied id="389" threadId="0000000001572D00" bytesRequested="24" />
<af-end id="390" timestamp="2019-06-16T01:51:48.863" threadId="0000000001573688" success="true" from="nursery"/>
<exclusive-end id="391" timestamp="2019-06-16T01:51:48.863" durationms="0.920" />

<exclusive-start id="392" timestamp="2019-06-16T01:51:48.872" intervalms="9.171">
  <response-info timems="0.849" idlems="0.432" threads="1" lastid="000000000157E100" lastname="Thread-9" />
</exclusive-start>
<af-start id="393" threadId="0000000001573688" totalBytesRequested="40" timestamp="2019-06-16T01:51:48.872" intervalms="9.171" type="nursery" />
<cycle-start id="394" type="scavenge" contextid="0" timestamp="2019-06-16T01:51:48.872" intervalms="9.163" />
<gc-start id="395" type="scavenge" contextid="394" timestamp="2019-06-16T01:51:48.872">
  <mem-info id="396" free="1340184" total="9568256" percent="14">
    <mem type="nursery" free="0" total="3670016" percent="0">
      <mem type="allocate" free="0" total="3145728" percent="0" />
      <mem type="survivor" free="0" total="524288" percent="0" />
    </mem>
    <mem type="tenure" free="1340184" total="5898240" percent="22">
      <mem type="soa" free="1090328" total="5603328" percent="19" />
      <mem type="loa" free="249856" total="294912" percent="84" />
    </mem>
    <remembered-set count="2674" />
  </mem-info>
</gc-start>
<allocation-stats totalBytes="3066664" >
  <allocated-bytes non-tlh="24" tlh="3066640" />
  <largest-consumer threadName="Thread-8" threadId="000000000157A500" bytes="1064744" />
</allocation-stats>
<gc-op id="397" type="scavenge" timems="0.310" contextid="394" timestamp="2019-06-16T01:51:48.872">
  <scavenger-info tenureage="3" tenuremask="ffe8" tiltratio="85" />
  <memory-copied type="nursery" objects="2018" bytes="49208" bytesdiscarded="29128" />
  <memory-copied type="tenure" objects="708" bytes="16992" bytesdiscarded="0" />
</gc-op>
<gc-end id="398" type="scavenge" contextid="394" durationms="0.482" usertimems="0.000" systemtimems="0.000" timestamp="2019-06-16T01:51:48.872" activeThreads="4">
  <mem-info id="399" free="4473112" total="9568256" percent="46">
    <mem type="nursery" free="3132928" total="3670016" percent="85">
      <mem type="allocate" free="3132928" total="3211264" percent="97" />
      <mem type="survivor" free="0" total="458752" percent="0" />
    </mem>
    <mem type="tenure" free="1340184" total="5898240" percent="22">
      <mem type="soa" free="1090328" total="5603328" percent="19" />
      <mem type="loa" free="249856" total="294912" percent="84" />
    </mem>
    <remembered-set count="1966" />
  </mem-info>
</gc-end>
<cycle-end id="400" type="scavenge" contextid="394" timestamp="2019-06-16T01:51:48.872" />
  <attribute name="elasticGC enabled" value="1" />
  <attribute name= "numThreadsSpecified" value="4" />
  <attribute name="heapSize specified" value="8912896" />
  <attribute name="Current GC Util" value="7" />
  <attribute name= "Current Time Running" value="1162" />
  <attribute name ="GC Interval" value="200" />
  <attribute name="ProportionalT" value="-19.500000" />
  <attribute name="ProportionalI" value="-19.500000" />
  <attribute name="ProportionalH" value="-19.500000" />
  <attribute name="Current Error" value="-13.000000" />
  <attribute name="IntegralT" value="-117.000000" />
  <attribute name="IntegralI" value="-117.000000" />
  <attribute name="IntegralH" value="-117.000000" />
  <attribute name="DerivativeT" value="-1.444444" />
  <attribute name="DerivativeI" value="-1.444444" />
  <attribute name="DerivativeH" value="-1.444444" />
  <attribute name="Loop Time for DT" value="9.000000" />
  <attribute name="Output H" value="2092630016"/>
  <attribute name="Output I" value="200"/>
  <attribute name="Output T" value="4"/>
  <attribute name="Target GC Util Change" value ="20.000000" />
  <attribute name="Current GC Util Change" value="7.000000"/>
  <attribute name="GC Util currently" value="7" />
  <attribute name="CPU Util currently" value="503883292249" />
<allocation-satisfied id="401" threadId="0000000001572D00" bytesRequested="40" />
<af-end id="402" timestamp="2019-06-16T01:51:48.872" threadId="0000000001573688" success="true" from="nursery"/>
<exclusive-end id="403" timestamp="2019-06-16T01:51:48.873" durationms="0.906" />

<exclusive-start id="404" timestamp="2019-06-16T01:51:48.879" intervalms="7.307">
  <response-info timems="0.042" idlems="0.042" threads="0" lastid="0000000001576900" lastname="Thread-10" />
</exclusive-start>
<af-start id="405" threadId="0000000001577288" totalBytesRequested="24" timestamp="2019-06-16T01:51:48.879" intervalms="7.322" type="nursery" />
<cycle-start id="406" type="scavenge" contextid="0" timestamp="2019-06-16T01:51:48.879" intervalms="7.324" />
<gc-start id="407" type="scavenge" contextid="406" timestamp="2019-06-16T01:51:48.879">
  <mem-info id="408" free="1340184" total="9568256" percent="14">
    <mem type="nursery" free="0" total="3670016" percent="0">
      <mem type="allocate" free="0" total="3211264" percent="0" />
      <mem type="survivor" free="0" total="458752" percent="0" />
    </mem>
    <mem type="tenure" free="1340184" total="5898240" percent="22">
      <mem type="soa" free="1090328" total="5603328" percent="19" />
      <mem type="loa" free="249856" total="294912" percent="84" />
    </mem>
    <remembered-set count="2627" />
  </mem-info>
</gc-start>
<allocation-stats totalBytes="3132384" >
  <allocated-bytes non-tlh="40" tlh="3132344" />
  <largest-consumer threadName="Thread-8" threadId="000000000157A500" bytes="1092912" />
</allocation-stats>
<gc-op id="409" type="scavenge" timems="1.991" contextid="406" timestamp="2019-06-16T01:51:48.881">
  <scavenger-info tenureage="3" tenuremask="ffe8" tiltratio="87" />
  <memory-copied type="nursery" objects="2275" bytes="55656" bytesdiscarded="114840" />
  <memory-copied type="tenure" objects="478" bytes="11472" bytesdiscarded="0" />
</gc-op>
<heap-resize id="410" type="expand" space="nursery" amount="393216" count="1" timems="0.013" reason="excessive time being spent scavenging" timestamp="2019-06-16T01:51:48.881" />
<gc-end id="411" type="scavenge" contextid="406" durationms="2.393" usertimems="0.000" systemtimems="0.000" timestamp="2019-06-16T01:51:48.882" activeThreads="4">
  <mem-info id="412" free="4642840" total="9961472" percent="46">
    <mem type="nursery" free="3433984" total="4063232" percent="84">
      <mem type="allocate" free="3433984" total="3604480" percent="95" />
      <mem type="survivor" free="0" total="458752" percent="0" />
    </mem>
    <mem type="tenure" free="1208856" total="5898240" percent="20">
      <mem type="soa" free="959000" total="5603328" percent="17" />
      <mem type="loa" free="249856" total="294912" percent="84" />
    </mem>
    <remembered-set count="2149" />
  </mem-info>
</gc-end>
<cycle-end id="413" type="scavenge" contextid="406" timestamp="2019-06-16T01:51:48.882" />
  <attribute name="elasticGC enabled" value="1" />
  <attribute name= "numThreadsSpecified" value="4" />
  <attribute name="heapSize specified" value="8912896" />
  <attribute name="Current GC Util" value="9" />
  <attribute name= "Current Time Running" value="1169" />
  <attribute name ="GC Interval" value="200" />
  <attribute name="ProportionalT" value="-16.500000" />
  <attribute name="ProportionalI" value="-16.500000" />
  <attribute name="ProportionalH" value="-16.500000" />
  <attribute name="Current Error" value="-11.000000" />
  <attribute name="IntegralT" value="-77.000000" />
  <attribute name="IntegralI" value="-77.000000" />
  <attribute name="IntegralH" value="-77.000000" />
  <attribute name="DerivativeT" value="-1.571429" />
  <attribute name="DerivativeI" value="-1.571429" />
  <attribute name="DerivativeH" value="-1.571429" />
  <attribute name="Loop Time for DT" value="7.000000" />
  <attribute name="Output H" value="2092630016"/>
  <attribute name="Output I" value="200"/>
  <attribute name="Output T" value="4"/>
  <attribute name="Target GC Util Change" value ="20.000000" />
  <attribute name="Current GC Util Change" value="9.000000"/>
  <attribute name="GC Util currently" value="9" />
  <attribute name="CPU Util currently" value="629115519183" />
<allocation-satisfied id="414" threadId="0000000001576900" bytesRequested="24" />
<af-end id="415" timestamp="2019-06-16T01:51:48.882" threadId="0000000001577288" success="true" from="nursery"/>
<exclusive-end id="416" timestamp="2019-06-16T01:51:48.882" durationms="2.838" />

<exclusive-start id="417" timestamp="2019-06-16T01:51:48.888" intervalms="9.546">
  <response-info timems="0.026" idlems="0.026" threads="0" lastid="000000000157A500" lastname="Thread-8" />
</exclusive-start>
<af-start id="418" threadId="000000000157AE88" totalBytesRequested="24" timestamp="2019-06-16T01:51:48.889" intervalms="9.524" type="nursery" />
<cycle-start id="419" type="scavenge" contextid="0" timestamp="2019-06-16T01:51:48.889" intervalms="9.512" />
<gc-start id="420" type="scavenge" contextid="419" timestamp="2019-06-16T01:51:48.889">
  <mem-info id="421" free="1208856" total="9961472" percent="12">
    <mem type="nursery" free="0" total="4063232" percent="0">
      <mem type="allocate" free="0" total="3604480" percent="0" />
      <mem type="survivor" free="0" total="458752" percent="0" />
    </mem>
    <mem type="tenure" free="1208856" total="5898240" percent="20">
      <mem type="soa" free="959000" total="5603328" percent="17" />
      <mem type="loa" free="249856" total="294912" percent="84" />
    </mem>
    <remembered-set count="2621" />
  </mem-info>
</gc-start>
<allocation-stats totalBytes="3433360" >
  <allocated-bytes non-tlh="24" tlh="3433336" />
  <largest-consumer threadName="Thread-8" threadId="000000000157A500" bytes="1175384" />
</allocation-stats>
<gc-op id="422" type="scavenge" timems="0.316" contextid="419" timestamp="2019-06-16T01:51:48.889">
  <scavenger-info tenureage="3" tenuremask="ffe8" tiltratio="88" />
  <memory-copied type="nursery" objects="2080" bytes="51216" bytesdiscarded="27120" />
  <memory-copied type="tenure" objects="698" bytes="16752" bytesdiscarded="0" />
</gc-op>
<gc-end id="423" type="scavenge" contextid="419" durationms="0.477" usertimems="0.000" systemtimems="0.000" timestamp="2019-06-16T01:51:48.889" activeThreads="4">
  <mem-info id="424" free="4735000" total="9961472" percent="47">
    <mem type="nursery" free="3526144" total="4063232" percent="86">
      <mem type="allocate" free="3526144" total="3604480" percent="97" />
      <mem type="survivor" free="0" total="458752" percent="0" />
    </mem>
    <mem type="tenure" free="1208856" total="5898240" percent="20">
      <mem type="soa" free="959000" total="5603328" percent="17" />
      <mem type="loa" free="249856" total="294912" percent="84" />
    </mem>
    <remembered-set count="1923" />
  </mem-info>
</gc-end>
<cycle-end id="425" type="scavenge" contextid="419" timestamp="2019-06-16T01:51:48.889" />
  <attribute name="elasticGC enabled" value="1" />
  <attribute name= "numThreadsSpecified" value="4" />
  <attribute name="heapSize specified" value="8912896" />
  <attribute name="Current GC Util" value="23" />
  <attribute name= "Current Time Running" value="1179" />
  <attribute name ="GC Interval" value="200" />
  <attribute name="ProportionalT" value="4.500000" />
  <attribute name="ProportionalI" value="4.500000" />
  <attribute name="ProportionalH" value="4.500000" />
  <attribute name="Current Error" value="3.000000" />
  <attribute name="IntegralT" value="30.000000" />
  <attribute name="IntegralI" value="30.000000" />
  <attribute name="IntegralH" value="30.000000" />
  <attribute name="DerivativeT" value="0.300000" />
  <attribute name="DerivativeI" value="0.300000" />
  <attribute name="DerivativeH" value="0.300000" />
  <attribute name="Loop Time for DT" value="10.000000" />
  <attribute name="Output H" value="8388608"/>
  <attribute name="Output I" value="200"/>
  <attribute name="Output T" value="4"/>
  <attribute name="Target GC Util Change" value ="20.000000" />
  <attribute name="Current GC Util Change" value="23.000000"/>
  <attribute name="GC Util currently" value="23" />
  <attribute name="CPU Util currently" value="486449529666" />
<allocation-satisfied id="426" threadId="000000000157A500" bytesRequested="24" />
<af-end id="427" timestamp="2019-06-16T01:51:48.889" threadId="000000000157AE88" success="true" from="nursery"/>
<exclusive-end id="428" timestamp="2019-06-16T01:51:48.889" durationms="0.841" />

<exclusive-start id="429" timestamp="2019-06-16T01:51:48.894" intervalms="5.587">
  <response-info timems="0.021" idlems="0.021" threads="0" lastid="000000000157E100" lastname="Thread-9" />
</exclusive-start>
<af-start id="430" threadId="000000000157EA88" totalBytesRequested="40" timestamp="2019-06-16T01:51:48.894" intervalms="5.600" type="nursery" />
<cycle-start id="431" type="scavenge" contextid="0" timestamp="2019-06-16T01:51:48.894" intervalms="5.614" />
<gc-start id="432" type="scavenge" contextid="431" timestamp="2019-06-16T01:51:48.894">
  <mem-info id="433" free="1208856" total="9961472" percent="12">
    <mem type="nursery" free="0" total="4063232" percent="0">
      <mem type="allocate" free="0" total="3604480" percent="0" />
      <mem type="survivor" free="0" total="458752" percent="0" />
    </mem>
    <mem type="tenure" free="1208856" total="5898240" percent="20">
      <mem type="soa" free="959000" total="5603328" percent="17" />
      <mem type="loa" free="249856" total="294912" percent="84" />
    </mem>
    <remembered-set count="2759" />
  </mem-info>
</gc-start>
<allocation-stats totalBytes="3525336" >
  <allocated-bytes non-tlh="24" tlh="3525312" />
  <largest-consumer threadName="Thread-7" threadId="0000000001572D00" bytes="953632" />
</allocation-stats>
<gc-op id="434" type="scavenge" timems="0.316" contextid="431" timestamp="2019-06-16T01:51:48.895">
  <scavenger-info tenureage="3" tenuremask="ffe8" tiltratio="88" />
  <memory-copied type="nursery" objects="2281" bytes="56312" bytesdiscarded="22024" />
  <memory-copied type="tenure" objects="699" bytes="16776" bytesdiscarded="0" />
</gc-op>
<gc-end id="435" type="scavenge" contextid="431" durationms="0.515" usertimems="0.000" systemtimems="0.000" timestamp="2019-06-16T01:51:48.895" activeThreads="4">
  <mem-info id="436" free="4735000" total="9961472" percent="47">
    <mem type="nursery" free="3526144" total="4063232" percent="86">
      <mem type="allocate" free="3526144" total="3604480" percent="97" />
      <mem type="survivor" free="0" total="458752" percent="0" />
    </mem>
    <mem type="tenure" free="1208856" total="5898240" percent="20">
      <mem type="soa" free="959000" total="5603328" percent="17" />
      <mem type="loa" free="249856" total="294912" percent="84" />
    </mem>
    <remembered-set count="2060" />
  </mem-info>
</gc-end>
<cycle-end id="437" type="scavenge" contextid="431" timestamp="2019-06-16T01:51:48.895" />
  <attribute name="elasticGC enabled" value="1" />
  <attribute name= "numThreadsSpecified" value="4" />
  <attribute name="heapSize specified" value="8912896" />
  <attribute name="Current GC Util" value="12" />
  <attribute name= "Current Time Running" value="1185" />
  <attribute name ="GC Interval" value="200" />
  <attribute name="ProportionalT" value="-12.000000" />
  <attribute name="ProportionalI" value="-12.000000" />
  <attribute name="ProportionalH" value="-12.000000" />
  <attribute name="Current Error" value="-8.000000" />
  <attribute name="IntegralT" value="-48.000000" />
  <attribute name="IntegralI" value="-48.000000" />
  <attribute name="IntegralH" value="-48.000000" />
  <attribute name="DerivativeT" value="-1.833333" />
  <attribute name="DerivativeI" value="-1.833333" />
  <attribute name="DerivativeH" value="-1.833333" />
  <attribute name="Loop Time for DT" value="6.000000" />
  <attribute name="Output H" value="2092630016"/>
  <attribute name="Output I" value="200"/>
  <attribute name="Output T" value="4"/>
  <attribute name="Target GC Util Change" value ="20.000000" />
  <attribute name="Current GC Util Change" value="12.000000"/>
  <attribute name="GC Util currently" value="12" />
  <attribute name="CPU Util currently" value="815970402379" />
<allocation-satisfied id="438" threadId="000000000157E100" bytesRequested="40" />
<af-end id="439" timestamp="2019-06-16T01:51:48.895" threadId="000000000157EA88" success="true" from="nursery"/>
<exclusive-end id="440" timestamp="2019-06-16T01:51:48.895" durationms="0.970" />

<exclusive-start id="441" timestamp="2019-06-16T01:51:48.905" intervalms="10.625">
  <response-info timems="0.022" idlems="0.022" threads="0" lastid="000000000157A500" lastname="Thread-8" />
</exclusive-start>
<af-start id="442" threadId="000000000157AE88" totalBytesRequested="24" timestamp="2019-06-16T01:51:48.905" intervalms="10.622" type="nursery" />
<cycle-start id="443" type="scavenge" contextid="0" timestamp="2019-06-16T01:51:48.905" intervalms="10.610" />
<gc-start id="444" type="scavenge" contextid="443" timestamp="2019-06-16T01:51:48.905">
  <mem-info id="445" free="1208856" total="9961472" percent="12">
    <mem type="nursery" free="0" total="4063232" percent="0">
      <mem type="allocate" free="0" total="3604480" percent="0" />
      <mem type="survivor" free="0" total="458752" percent="0" />
    </mem>
    <mem type="tenure" free="1208856" total="5898240" percent="20">
      <mem type="soa" free="959000" total="5603328" percent="17" />
      <mem type="loa" free="249856" total="294912" percent="84" />
    </mem>
    <remembered-set count="2516" />
  </mem-info>
</gc-start>
<allocation-stats totalBytes="3525552" >
  <allocated-bytes non-tlh="40" tlh="3525512" />
  <largest-consumer threadName="Thread-10" threadId="0000000001576900" bytes="2760248" />
</allocation-stats>
<gc-op id="446" type="scavenge" timems="0.320" contextid="443" timestamp="2019-06-16T01:51:48.905">
  <scavenger-info tenureage="5" tenuremask="ffe0" tiltratio="88" />
  <memory-copied type="nursery" objects="2737" bytes="67256" bytesdiscarded="142408" />
</gc-op>
<gc-end id="447" type="scavenge" contextid="443" durationms="0.474" usertimems="0.000" systemtimems="0.000" timestamp="2019-06-16T01:51:48.905" activeThreads="4">
  <mem-info id="448" free="4603672" total="9961472" percent="46">
    <mem type="nursery" free="3394816" total="4063232" percent="83">
      <mem type="allocate" free="3394816" total="3604480" percent="94" />
      <mem type="survivor" free="0" total="458752" percent="0" />
    </mem>
    <mem type="tenure" free="1208856" total="5898240" percent="20">
      <mem type="soa" free="959000" total="5603328" percent="17" />
      <mem type="loa" free="249856" total="294912" percent="84" />
    </mem>
    <remembered-set count="2516" />
  </mem-info>
</gc-end>
<cycle-end id="449" type="scavenge" contextid="443" timestamp="2019-06-16T01:51:48.905" />
  <attribute name="elasticGC enabled" value="1" />
  <attribute name= "numThreadsSpecified" value="4" />
  <attribute name="heapSize specified" value="8912896" />
  <attribute name="Current GC Util" value="6" />
  <attribute name= "Current Time Running" value="1195" />
  <attribute name ="GC Interval" value="200" />
  <attribute name="ProportionalT" value="-21.000000" />
  <attribute name="ProportionalI" value="-21.000000" />
  <attribute name="ProportionalH" value="-21.000000" />
  <attribute name="Current Error" value="-14.000000" />
  <attribute name="IntegralT" value="-140.000000" />
  <attribute name="IntegralI" value="-140.000000" />
  <attribute name="IntegralH" value="-140.000000" />
  <attribute name="DerivativeT" value="-1.400000" />
  <attribute name="DerivativeI" value="-1.400000" />
  <attribute name="DerivativeH" value="-1.400000" />
  <attribute name="Loop Time for DT" value="10.000000" />
  <attribute name="Output H" value="2092630016"/>
  <attribute name="Output I" value="200"/>
  <attribute name="Output T" value="4"/>
  <attribute name="Target GC Util Change" value ="20.000000" />
  <attribute name="Current GC Util Change" value="6.000000"/>
  <attribute name="GC Util currently" value="6" />
  <attribute name="CPU Util currently" value="435956331488" />
<allocation-satisfied id="450" threadId="000000000157A500" bytesRequested="24" />
<af-end id="451" timestamp="2019-06-16T01:51:48.905" threadId="000000000157AE88" success="true" from="nursery"/>
<exclusive-end id="452" timestamp="2019-06-16T01:51:48.906" durationms="0.842" />

<exclusive-start id="453" timestamp="2019-06-16T01:51:48.910" intervalms="5.007">
  <response-info timems="0.031" idlems="0.031" threads="0" lastid="0000000001576900" lastname="Thread-10" />
</exclusive-start>
<af-start id="454" threadId="0000000001577288" totalBytesRequested="40" timestamp="2019-06-16T01:51:48.910" intervalms="5.045" type="nursery" />
<cycle-start id="455" type="scavenge" contextid="0" timestamp="2019-06-16T01:51:48.910" intervalms="5.096" />
<gc-start id="456" type="scavenge" contextid="455" timestamp="2019-06-16T01:51:48.910">
  <mem-info id="457" free="1208856" total="9961472" percent="12">
    <mem type="nursery" free="0" total="4063232" percent="0">
      <mem type="allocate" free="0" total="3604480" percent="0" />
      <mem type="survivor" free="0" total="458752" percent="0" />
    </mem>
    <mem type="tenure" free="1208856" total="5898240" percent="20">
      <mem type="soa" free="959000" total="5603328" percent="17" />
      <mem type="loa" free="249856" total="294912" percent="84" />
    </mem>
    <remembered-set count="3011" />
  </mem-info>
</gc-start>
<allocation-stats totalBytes="3394184" >
  <allocated-bytes non-tlh="24" tlh="3394160" />
  <largest-consumer threadName="Thread-8" threadId="000000000157A500" bytes="1290016" />
</allocation-stats>
<gc-op id="458" type="scavenge" timems="1.995" contextid="455" timestamp="2019-06-16T01:51:48.912">
  <scavenger-info tenureage="3" tenuremask="fff8" tiltratio="88" />
  <memory-copied type="nursery" objects="2088" bytes="51648" bytesdiscarded="118848" />
  <memory-copied type="tenure" objects="1136" bytes="27264" bytesdiscarded="0" />
</gc-op>
<heap-resize id="459" type="expand" space="nursery" amount="655360" count="1" timems="0.016" reason="excessive time being spent scavenging" timestamp="2019-06-16T01:51:48.912" />
<gc-end id="460" type="scavenge" contextid="455" durationms="2.572" usertimems="4.000" systemtimems="0.000" timestamp="2019-06-16T01:51:48.913" activeThreads="4">
  <mem-info id="461" free="5167128" total="10616832" percent="48">
    <mem type="nursery" free="3958272" total="4718592" percent="83">
      <mem type="allocate" free="3958272" total="4128768" percent="95" />
      <mem type="survivor" free="0" total="589824" percent="0" />
    </mem>
    <mem type="tenure" free="1208856" total="5898240" percent="20">
      <mem type="soa" free="959000" total="5603328" percent="17" />
      <mem type="loa" free="249856" total="294912" percent="84" />
    </mem>
    <remembered-set count="1875" />
  </mem-info>
</gc-end>
<cycle-end id="462" type="scavenge" contextid="455" timestamp="2019-06-16T01:51:48.913" />
  <attribute name="elasticGC enabled" value="1" />
  <attribute name= "numThreadsSpecified" value="4" />
  <attribute name="heapSize specified" value="8912896" />
  <attribute name="Current GC Util" value="14" />
  <attribute name= "Current Time Running" value="1200" />
  <attribute name ="GC Interval" value="200" />
  <attribute name="ProportionalT" value="-9.000000" />
  <attribute name="ProportionalI" value="-9.000000" />
  <attribute name="ProportionalH" value="-9.000000" />
  <attribute name="Current Error" value="-6.000000" />
  <attribute name="IntegralT" value="-30.000000" />
  <attribute name="IntegralI" value="-30.000000" />
  <attribute name="IntegralH" value="-30.000000" />
  <attribute name="DerivativeT" value="-1.200000" />
  <attribute name="DerivativeI" value="-1.200000" />
  <attribute name="DerivativeH" value="-1.200000" />
  <attribute name="Loop Time for DT" value="5.000000" />
  <attribute name="Output H" value="2092630016"/>
  <attribute name="Output I" value="200"/>
  <attribute name="Output T" value="4"/>
  <attribute name="Target GC Util Change" value ="20.000000" />
  <attribute name="Current GC Util Change" value="14.000000"/>
  <attribute name="GC Util currently" value="14" />
  <attribute name="CPU Util currently" value="876041394196" />
<allocation-satisfied id="463" threadId="0000000001576900" bytesRequested="40" />
<af-end id="464" timestamp="2019-06-16T01:51:48.913" threadId="0000000001577288" success="true" from="nursery"/>
<exclusive-end id="465" timestamp="2019-06-16T01:51:48.913" durationms="3.207" />

<exclusive-start id="466" timestamp="2019-06-16T01:51:48.918" intervalms="7.864">
  <response-info timems="0.054" idlems="0.054" threads="0" lastid="000000000157A500" lastname="Thread-8" />
</exclusive-start>
<af-start id="467" threadId="000000000157AE88" totalBytesRequested="40" timestamp="2019-06-16T01:51:48.918" intervalms="7.827" type="nursery" />
<cycle-start id="468" type="scavenge" contextid="0" timestamp="2019-06-16T01:51:48.918" intervalms="7.776" />
<gc-start id="469" type="scavenge" contextid="468" timestamp="2019-06-16T01:51:48.918">
  <mem-info id="470" free="1208856" total="10616832" percent="11">
    <mem type="nursery" free="0" total="4718592" percent="0">
      <mem type="allocate" free="0" total="4128768" percent="0" />
      <mem type="survivor" free="0" total="589824" percent="0" />
    </mem>
    <mem type="tenure" free="1208856" total="5898240" percent="20">
      <mem type="soa" free="959000" total="5603328" percent="17" />
      <mem type="loa" free="249856" total="294912" percent="84" />
    </mem>
    <remembered-set count="2128" />
  </mem-info>
</gc-start>
<allocation-stats totalBytes="3957776" >
  <allocated-bytes non-tlh="40" tlh="3957736" />
  <largest-consumer threadName="Thread-10" threadId="0000000001576900" bytes="1351568" />
</allocation-stats>
<gc-op id="471" type="scavenge" timems="0.300" contextid="468" timestamp="2019-06-16T01:51:48.918">
  <scavenger-info tenureage="3" tenuremask="4008" tiltratio="87" />
  <memory-copied type="nursery" objects="1368" bytes="33752" bytesdiscarded="44584" />
  <memory-copied type="tenure" objects="839" bytes="20136" bytesdiscarded="0" />
</gc-op>
<gc-end id="472" type="scavenge" contextid="468" durationms="0.450" usertimems="0.000" systemtimems="0.000" timestamp="2019-06-16T01:51:48.918" activeThreads="4">
  <mem-info id="473" free="5324824" total="10616832" percent="50">
    <mem type="nursery" free="4115968" total="4718592" percent="87">
      <mem type="allocate" free="4115968" total="4194304" percent="98" />
      <mem type="survivor" free="0" total="524288" percent="0" />
    </mem>
    <mem type="tenure" free="1208856" total="5898240" percent="20">
      <mem type="soa" free="959000" total="5603328" percent="17" />
      <mem type="loa" free="249856" total="294912" percent="84" />
    </mem>
    <remembered-set count="1289" />
  </mem-info>
</gc-end>
<cycle-end id="474" type="scavenge" contextid="468" timestamp="2019-06-16T01:51:48.918" />
  <attribute name="elasticGC enabled" value="1" />
  <attribute name= "numThreadsSpecified" value="4" />
  <attribute name="heapSize specified" value="8912896" />
  <attribute name="Current GC Util" value="29" />
  <attribute name= "Current Time Running" value="1208" />
  <attribute name ="GC Interval" value="200" />
  <attribute name="ProportionalT" value="13.500000" />
  <attribute name="ProportionalI" value="13.500000" />
  <attribute name="ProportionalH" value="13.500000" />
  <attribute name="Current Error" value="9.000000" />
  <attribute name="IntegralT" value="72.000000" />
  <attribute name="IntegralI" value="72.000000" />
  <attribute name="IntegralH" value="72.000000" />
  <attribute name="DerivativeT" value="1.125000" />
  <attribute name="DerivativeI" value="1.125000" />
  <attribute name="DerivativeH" value="1.125000" />
  <attribute name="Loop Time for DT" value="8.000000" />
  <attribute name="Output H" value="8388608"/>
  <attribute name="Output I" value="200"/>
  <attribute name="Output T" value="4"/>
  <attribute name="Target GC Util Change" value ="20.000000" />
  <attribute name="Current GC Util Change" value="29.000000"/>
  <attribute name="GC Util currently" value="29" />
  <attribute name="CPU Util currently" value="606922974873" />
<allocation-satisfied id="475" threadId="000000000157A500" bytesRequested="40" />
<af-end id="476" timestamp="2019-06-16T01:51:48.918" threadId="000000000157AE88" success="true" from="nursery"/>
<exclusive-end id="477" timestamp="2019-06-16T01:51:48.918" durationms="0.835" />

<exclusive-start id="478" timestamp="2019-06-16T01:51:48.923" intervalms="5.428">
  <response-info timems="0.037" idlems="0.037" threads="0" lastid="000000000157E100" lastname="Thread-9" />
</exclusive-start>
<af-start id="479" threadId="000000000157EA88" totalBytesRequested="40" timestamp="2019-06-16T01:51:48.923" intervalms="5.442" type="nursery" />
<cycle-start id="480" type="scavenge" contextid="0" timestamp="2019-06-16T01:51:48.923" intervalms="5.451" />
<gc-start id="481" type="scavenge" contextid="480" timestamp="2019-06-16T01:51:48.923">
  <mem-info id="482" free="1208856" total="10616832" percent="11">
    <mem type="nursery" free="0" total="4718592" percent="0">
      <mem type="allocate" free="0" total="4194304" percent="0" />
      <mem type="survivor" free="0" total="524288" percent="0" />
    </mem>
    <mem type="tenure" free="1208856" total="5898240" percent="20">
      <mem type="soa" free="959000" total="5603328" percent="17" />
      <mem type="loa" free="249856" total="294912" percent="84" />
    </mem>
    <remembered-set count="2247" />
  </mem-info>
</gc-start>
<allocation-stats totalBytes="4115304" >
  <allocated-bytes non-tlh="40" tlh="4115264" />
  <largest-consumer threadName="Thread-10" threadId="0000000001576900" bytes="1474400" />
</allocation-stats>
<gc-op id="483" type="scavenge" timems="0.291" contextid="480" timestamp="2019-06-16T01:51:48.924">
  <scavenger-info tenureage="14" tenuremask="4000" tiltratio="88" />
  <memory-copied type="nursery" objects="2316" bytes="56400" bytesdiscarded="153264" />
</gc-op>
<gc-end id="484" type="scavenge" contextid="480" durationms="0.469" usertimems="0.000" systemtimems="4.000" timestamp="2019-06-16T01:51:48.924" activeThreads="4">
  <mem-info id="485" free="5193496" total="10616832" percent="48">
    <mem type="nursery" free="3984640" total="4718592" percent="84">
      <mem type="allocate" free="3984640" total="4194304" percent="95" />
      <mem type="survivor" free="0" total="524288" percent="0" />
    </mem>
    <mem type="tenure" free="1208856" total="5898240" percent="20">
      <mem type="soa" free="959000" total="5603328" percent="17" />
      <mem type="loa" free="249856" total="294912" percent="84" />
    </mem>
    <remembered-set count="2247" />
  </mem-info>
</gc-end>
<cycle-end id="486" type="scavenge" contextid="480" timestamp="2019-06-16T01:51:48.924" />
  <attribute name="elasticGC enabled" value="1" />
  <attribute name= "numThreadsSpecified" value="4" />
  <attribute name="heapSize specified" value="8912896" />
  <attribute name="Current GC Util" value="12" />
  <attribute name= "Current Time Running" value="1213" />
  <attribute name ="GC Interval" value="200" />
  <attribute name="ProportionalT" value="-12.000000" />
  <attribute name="ProportionalI" value="-12.000000" />
  <attribute name="ProportionalH" value="-12.000000" />
  <attribute name="Current Error" value="-8.000000" />
  <attribute name="IntegralT" value="-40.000000" />
  <attribute name="IntegralI" value="-40.000000" />
  <attribute name="IntegralH" value="-40.000000" />
  <attribute name="DerivativeT" value="-3.400000" />
  <attribute name="DerivativeI" value="-3.400000" />
  <attribute name="DerivativeH" value="-3.400000" />
  <attribute name="Loop Time for DT" value="5.000000" />
  <attribute name="Output H" value="2092630016"/>
  <attribute name="Output I" value="200"/>
  <attribute name="Output T" value="4"/>
  <attribute name="Target GC Util Change" value ="20.000000" />
  <attribute name="Current GC Util Change" value="12.000000"/>
  <attribute name="GC Util currently" value="12" />
  <attribute name="CPU Util currently" value="840420723061" />
<allocation-satisfied id="487" threadId="000000000157E100" bytesRequested="40" />
<af-end id="488" timestamp="2019-06-16T01:51:48.924" threadId="000000000157EA88" success="true" from="nursery"/>
<exclusive-end id="489" timestamp="2019-06-16T01:51:48.924" durationms="0.906" />

<exclusive-start id="490" timestamp="2019-06-16T01:51:48.928" intervalms="5.213">
  <response-info timems="0.033" idlems="0.033" threads="0" lastid="0000000001576900" lastname="Thread-10" />
</exclusive-start>
<af-start id="491" threadId="0000000001577288" totalBytesRequested="40" timestamp="2019-06-16T01:51:48.928" intervalms="5.191" type="nursery" />
<cycle-start id="492" type="scavenge" contextid="0" timestamp="2019-06-16T01:51:48.928" intervalms="5.191" />
<gc-start id="493" type="scavenge" contextid="492" timestamp="2019-06-16T01:51:48.928">
  <mem-info id="494" free="1208856" total="10616832" percent="11">
    <mem type="nursery" free="0" total="4718592" percent="0">
      <mem type="allocate" free="0" total="4194304" percent="0" />
      <mem type="survivor" free="0" total="524288" percent="0" />
    </mem>
    <mem type="tenure" free="1208856" total="5898240" percent="20">
      <mem type="soa" free="959000" total="5603328" percent="17" />
      <mem type="loa" free="249856" total="294912" percent="84" />
    </mem>
    <remembered-set count="2698" />
  </mem-info>
</gc-start>
<allocation-stats totalBytes="3984024" >
  <allocated-bytes non-tlh="40" tlh="3983984" />
  <largest-consumer threadName="Thread-8" threadId="000000000157A500" bytes="1412944" />
</allocation-stats>
<gc-op id="495" type="scavenge" timems="2.319" contextid="492" timestamp="2019-06-16T01:51:48.931">
  <scavenger-info tenureage="3" tenuremask="4008" tiltratio="88" />
  <memory-copied type="nursery" objects="2368" bytes="58144" bytesdiscarded="59360" />
  <memory-copied type="tenure" objects="487" bytes="11688" bytesdiscarded="0" />
</gc-op>
<heap-resize id="496" type="expand" space="nursery" amount="655360" count="1" timems="0.013" reason="excessive time being spent scavenging" timestamp="2019-06-16T01:51:48.931" />
<gc-end id="497" type="scavenge" contextid="492" durationms="2.777" usertimems="4.000" systemtimems="0.000" timestamp="2019-06-16T01:51:48.931" activeThreads="4">
  <mem-info id="498" free="5770776" total="11272192" percent="51">
    <mem type="nursery" free="4601088" total="5373952" percent="85">
      <mem type="allocate" free="4601088" total="4718592" percent="97" />
      <mem type="survivor" free="0" total="655360" percent="0" />
    </mem>
    <mem type="tenure" free="1169688" total="5898240" percent="19">
      <mem type="soa" free="919832" total="5603328" percent="16" />
      <mem type="loa" free="249856" total="294912" percent="84" />
    </mem>
    <remembered-set count="2211" />
  </mem-info>
</gc-end>
<cycle-end id="499" type="scavenge" contextid="492" timestamp="2019-06-16T01:51:48.931" />
  <attribute name="elasticGC enabled" value="1" />
  <attribute name= "numThreadsSpecified" value="4" />
  <attribute name="heapSize specified" value="8912896" />
  <attribute name="Current GC Util" value="13" />
  <attribute name= "Current Time Running" value="1219" />
  <attribute name ="GC Interval" value="200" />
  <attribute name="ProportionalT" value="-10.500000" />
  <attribute name="ProportionalI" value="-10.500000" />
  <attribute name="ProportionalH" value="-10.500000" />
  <attribute name="Current Error" value="-7.000000" />
  <attribute name="IntegralT" value="-42.000000" />
  <attribute name="IntegralI" value="-42.000000" />
  <attribute name="IntegralH" value="-42.000000" />
  <attribute name="DerivativeT" value="-1.166667" />
  <attribute name="DerivativeI" value="-1.166667" />
  <attribute name="DerivativeH" value="-1.166667" />
  <attribute name="Loop Time for DT" value="6.000000" />
  <attribute name="Output H" value="2092630016"/>
  <attribute name="Output I" value="200"/>
  <attribute name="Output T" value="4"/>
  <attribute name="Target GC Util Change" value ="20.000000" />
  <attribute name="Current GC Util Change" value="13.000000"/>
  <attribute name="GC Util currently" value="13" />
  <attribute name="CPU Util currently" value="889882649127" />
<allocation-satisfied id="500" threadId="0000000001576900" bytesRequested="40" />
<af-end id="501" timestamp="2019-06-16T01:51:48.932" threadId="0000000001577288" success="true" from="nursery"/>
<exclusive-end id="502" timestamp="2019-06-16T01:51:48.932" durationms="3.468" />

<exclusive-start id="503" timestamp="2019-06-16T01:51:48.936" intervalms="7.380">
  <response-info timems="0.031" idlems="0.031" threads="0" lastid="000000000157E100" lastname="Thread-9" />
</exclusive-start>
<af-start id="504" threadId="000000000157EA88" totalBytesRequested="40" timestamp="2019-06-16T01:51:48.936" intervalms="7.384" type="nursery" />
<cycle-start id="505" type="scavenge" contextid="0" timestamp="2019-06-16T01:51:48.936" intervalms="7.411" />
<gc-start id="506" type="scavenge" contextid="505" timestamp="2019-06-16T01:51:48.936">
  <mem-info id="507" free="1169688" total="11272192" percent="10">
    <mem type="nursery" free="0" total="5373952" percent="0">
      <mem type="allocate" free="0" total="4718592" percent="0" />
      <mem type="survivor" free="0" total="655360" percent="0" />
    </mem>
    <mem type="tenure" free="1169688" total="5898240" percent="19">
      <mem type="soa" free="919832" total="5603328" percent="16" />
      <mem type="loa" free="249856" total="294912" percent="84" />
    </mem>
    <remembered-set count="2718" />
  </mem-info>
</gc-start>
<allocation-stats totalBytes="4600320" >
  <allocated-bytes non-tlh="40" tlh="4600280" />
  <largest-consumer threadName="Thread-7" threadId="0000000001572D00" bytes="1228608" />
</allocation-stats>
<gc-op id="508" type="scavenge" timems="0.877" contextid="505" timestamp="2019-06-16T01:51:48.937">
  <scavenger-info tenureage="5" tenuremask="4020" tiltratio="87" />
  <memory-copied type="nursery" objects="2446" bytes="60064" bytesdiscarded="96608" />
  <memory-copied type="tenure" objects="455" bytes="10920" bytesdiscarded="0" />
</gc-op>
<heap-resize id="509" type="expand" space="nursery" amount="524288" count="1" timems="0.010" reason="excessive time being spent scavenging" timestamp="2019-06-16T01:51:48.937" />
<gc-end id="510" type="scavenge" contextid="505" durationms="1.116" usertimems="0.000" systemtimems="0.000" timestamp="2019-06-16T01:51:48.937" activeThreads="4">
  <mem-info id="511" free="6255896" total="11796480" percent="53">
    <mem type="nursery" free="5086208" total="5898240" percent="86">
      <mem type="allocate" free="5086208" total="5242880" percent="97" />
      <mem type="survivor" free="0" total="655360" percent="0" />
    </mem>
    <mem type="tenure" free="1169688" total="5898240" percent="19">
      <mem type="soa" free="919832" total="5603328" percent="16" />
      <mem type="loa" free="249856" total="294912" percent="84" />
    </mem>
    <remembered-set count="2263" />
  </mem-info>
</gc-end>
<cycle-end id="512" type="scavenge" contextid="505" timestamp="2019-06-16T01:51:48.937" />
  <attribute name="elasticGC enabled" value="1" />
  <attribute name= "numThreadsSpecified" value="4" />
  <attribute name="heapSize specified" value="8912896" />
  <attribute name="Current GC Util" value="48" />
  <attribute name= "Current Time Running" value="1226" />
  <attribute name ="GC Interval" value="248" />
  <attribute name="ProportionalT" value="42.000000" />
  <attribute name="ProportionalI" value="42.000000" />
  <attribute name="ProportionalH" value="42.000000" />
  <attribute name="Current Error" value="28.000000" />
  <attribute name="IntegralT" value="196.000000" />
  <attribute name="IntegralI" value="196.000000" />
  <attribute name="IntegralH" value="196.000000" />
  <attribute name="DerivativeT" value="4.000000" />
  <attribute name="DerivativeI" value="4.000000" />
  <attribute name="DerivativeH" value="4.000000" />
  <attribute name="Loop Time for DT" value="7.000000" />
  <attribute name="Output H" value="8388608"/>
  <attribute name="Output I" value="248"/>
  <attribute name="Output T" value="4"/>
  <attribute name="Target GC Util Change" value ="20.000000" />
  <attribute name="Current GC Util Change" value="48.000000"/>
  <attribute name="GC Util currently" value="48" />
  <attribute name="CPU Util currently" value="622290838830" />
<allocation-satisfied id="513" threadId="000000000157E100" bytesRequested="40" />
<af-end id="514" timestamp="2019-06-16T01:51:48.937" threadId="000000000157EA88" success="true" from="nursery"/>
<exclusive-end id="515" timestamp="2019-06-16T01:51:48.937" durationms="1.562" />

<exclusive-start id="516" timestamp="2019-06-16T01:51:48.942" intervalms="6.453">
  <response-info timems="0.024" idlems="0.024" threads="0" lastid="000000000157A500" lastname="Thread-8" />
</exclusive-start>
<af-start id="517" threadId="000000000157AE88" totalBytesRequested="40" timestamp="2019-06-16T01:51:48.942" intervalms="6.445" type="nursery" />
<cycle-start id="518" type="scavenge" contextid="0" timestamp="2019-06-16T01:51:48.942" intervalms="6.405" />
<gc-start id="519" type="scavenge" contextid="518" timestamp="2019-06-16T01:51:48.942">
  <mem-info id="520" free="1169688" total="11796480" percent="9">
    <mem type="nursery" free="0" total="5898240" percent="0">
      <mem type="allocate" free="0" total="5242880" percent="0" />
      <mem type="survivor" free="0" total="655360" percent="0" />
    </mem>
    <mem type="tenure" free="1169688" total="5898240" percent="19">
      <mem type="soa" free="919832" total="5603328" percent="16" />
      <mem type="loa" free="249856" total="294912" percent="84" />
    </mem>
    <remembered-set count="3005" />
  </mem-info>
</gc-start>
<allocation-stats totalBytes="5085352" >
  <allocated-bytes non-tlh="40" tlh="5085312" />
  <largest-consumer threadName="Thread-10" threadId="0000000001576900" bytes="1445648" />
</allocation-stats>
<gc-op id="521" type="scavenge" timems="0.297" contextid="518" timestamp="2019-06-16T01:51:48.943">
  <scavenger-info tenureage="3" tenuremask="4008" tiltratio="88" />
  <memory-copied type="nursery" objects="2139" bytes="52408" bytesdiscarded="65096" />
  <memory-copied type="tenure" objects="954" bytes="22896" bytesdiscarded="0" />
</gc-op>
<gc-end id="522" type="scavenge" contextid="518" durationms="0.458" usertimems="0.000" systemtimems="0.000" timestamp="2019-06-16T01:51:48.943" activeThreads="4">
  <mem-info id="523" free="6360600" total="11796480" percent="53">
    <mem type="nursery" free="5190912" total="5898240" percent="88">
      <mem type="allocate" free="5190912" total="5308416" percent="97" />
      <mem type="survivor" free="0" total="589824" percent="0" />
    </mem>
    <mem type="tenure" free="1169688" total="5898240" percent="19">
      <mem type="soa" free="919832" total="5603328" percent="16" />
      <mem type="loa" free="249856" total="294912" percent="84" />
    </mem>
    <remembered-set count="2051" />
  </mem-info>
</gc-end>
<cycle-end id="524" type="scavenge" contextid="518" timestamp="2019-06-16T01:51:48.943" />
  <attribute name="elasticGC enabled" value="1" />
  <attribute name= "numThreadsSpecified" value="4" />
  <attribute name="heapSize specified" value="8912896" />
  <attribute name="Current GC Util" value="27" />
  <attribute name= "Current Time Running" value="1232" />
  <attribute name ="GC Interval" value="200" />
  <attribute name="ProportionalT" value="10.500000" />
  <attribute name="ProportionalI" value="10.500000" />
  <attribute name="ProportionalH" value="10.500000" />
  <attribute name="Current Error" value="7.000000" />
  <attribute name="IntegralT" value="42.000000" />
  <attribute name="IntegralI" value="42.000000" />
  <attribute name="IntegralH" value="42.000000" />
  <attribute name="DerivativeT" value="-3.500000" />
  <attribute name="DerivativeI" value="-3.500000" />
  <attribute name="DerivativeH" value="-3.500000" />
  <attribute name="Loop Time for DT" value="6.000000" />
  <attribute name="Output H" value="8388608"/>
  <attribute name="Output I" value="200"/>
  <attribute name="Output T" value="4"/>
  <attribute name="Target GC Util Change" value ="20.000000" />
  <attribute name="Current GC Util Change" value="27.000000"/>
  <attribute name="GC Util currently" value="27" />
  <attribute name="CPU Util currently" value="723086065600" />
<allocation-satisfied id="525" threadId="000000000157A500" bytesRequested="40" />
<af-end id="526" timestamp="2019-06-16T01:51:48.943" threadId="000000000157AE88" success="true" from="nursery"/>
<exclusive-end id="527" timestamp="2019-06-16T01:51:48.943" durationms="0.809" />

<exclusive-start id="528" timestamp="2019-06-16T01:51:48.948" intervalms="5.564">
  <response-info timems="0.023" idlems="0.023" threads="0" lastid="000000000157A500" lastname="Thread-8" />
</exclusive-start>
<af-start id="529" threadId="000000000157AE88" totalBytesRequested="40" timestamp="2019-06-16T01:51:48.948" intervalms="5.558" type="nursery" />
<cycle-start id="530" type="scavenge" contextid="0" timestamp="2019-06-16T01:51:48.948" intervalms="5.556" />
<gc-start id="531" type="scavenge" contextid="530" timestamp="2019-06-16T01:51:48.948">
  <mem-info id="532" free="1169688" total="11796480" percent="9">
    <mem type="nursery" free="0" total="5898240" percent="0">
      <mem type="allocate" free="0" total="5308416" percent="0" />
      <mem type="survivor" free="0" total="589824" percent="0" />
    </mem>
    <mem type="tenure" free="1169688" total="5898240" percent="19">
      <mem type="soa" free="919832" total="5603328" percent="16" />
      <mem type="loa" free="249856" total="294912" percent="84" />
    </mem>
    <remembered-set count="2588" />
  </mem-info>
</gc-start>
<allocation-stats totalBytes="5190112" >
  <allocated-bytes non-tlh="40" tlh="5190072" />
  <largest-consumer threadName="Thread-10" threadId="0000000001576900" bytes="1479648" />
</allocation-stats>
<gc-op id="533" type="scavenge" timems="0.271" contextid="530" timestamp="2019-06-16T01:51:48.948">
  <scavenger-info tenureage="5" tenuremask="4020" tiltratio="90" />
  <memory-copied type="nursery" objects="2707" bytes="65904" bytesdiscarded="90768" />
  <memory-copied type="tenure" objects="254" bytes="6096" bytesdiscarded="0" />
</gc-op>
<gc-end id="534" type="scavenge" contextid="530" durationms="0.425" usertimems="0.000" systemtimems="0.000" timestamp="2019-06-16T01:51:48.948" activeThreads="4">
  <mem-info id="535" free="6321432" total="11796480" percent="53">
    <mem type="nursery" free="5151744" total="5898240" percent="87">
      <mem type="allocate" free="5151744" total="5308416" percent="97" />
      <mem type="survivor" free="0" total="589824" percent="0" />
    </mem>
    <mem type="tenure" free="1169688" total="5898240" percent="19">
      <mem type="soa" free="919832" total="5603328" percent="16" />
      <mem type="loa" free="249856" total="294912" percent="84" />
    </mem>
    <remembered-set count="2334" />
  </mem-info>
</gc-end>
<cycle-end id="536" type="scavenge" contextid="530" timestamp="2019-06-16T01:51:48.948" />
  <attribute name="elasticGC enabled" value="1" />
  <attribute name= "numThreadsSpecified" value="4" />
  <attribute name="heapSize specified" value="8912896" />
  <attribute name="Current GC Util" value="13" />
  <attribute name= "Current Time Running" value="1238" />
  <attribute name ="GC Interval" value="200" />
  <attribute name="ProportionalT" value="-10.500000" />
  <attribute name="ProportionalI" value="-10.500000" />
  <attribute name="ProportionalH" value="-10.500000" />
  <attribute name="Current Error" value="-7.000000" />
  <attribute name="IntegralT" value="-42.000000" />
  <attribute name="IntegralI" value="-42.000000" />
  <attribute name="IntegralH" value="-42.000000" />
  <attribute name="DerivativeT" value="-2.333333" />
  <attribute name="DerivativeI" value="-2.333333" />
  <attribute name="DerivativeH" value="-2.333333" />
  <attribute name="Loop Time for DT" value="6.000000" />
  <attribute name="Output H" value="2092630016"/>
  <attribute name="Output I" value="200"/>
  <attribute name="Output T" value="4"/>
  <attribute name="Target GC Util Change" value ="20.000000" />
  <attribute name="Current GC Util Change" value="13.000000"/>
  <attribute name="GC Util currently" value="13" />
  <attribute name="CPU Util currently" value="830693441398" />
<allocation-satisfied id="537" threadId="000000000157A500" bytesRequested="40" />
<af-end id="538" timestamp="2019-06-16T01:51:48.948" threadId="000000000157AE88" success="true" from="nursery"/>
<exclusive-end id="539" timestamp="2019-06-16T01:51:48.948" durationms="0.766" />

<exclusive-start id="540" timestamp="2019-06-16T01:51:48.954" intervalms="6.710">
  <response-info timems="0.191" idlems="0.191" threads="0" lastid="000000000157A500" lastname="Thread-8" />
</exclusive-start>
<af-start id="541" threadId="000000000157AE88" totalBytesRequested="40" timestamp="2019-06-16T01:51:48.954" intervalms="6.707" type="nursery" />
<cycle-start id="542" type="scavenge" contextid="0" timestamp="2019-06-16T01:51:48.954" intervalms="6.707" />
<gc-start id="543" type="scavenge" contextid="542" timestamp="2019-06-16T01:51:48.954">
  <mem-info id="544" free="1169432" total="11796480" percent="9">
    <mem type="nursery" free="0" total="5898240" percent="0">
      <mem type="allocate" free="0" total="5308416" percent="0" />
      <mem type="survivor" free="0" total="589824" percent="0" />
    </mem>
    <mem type="tenure" free="1169432" total="5898240" percent="19">
      <mem type="soa" free="919576" total="5603328" percent="16" />
      <mem type="loa" free="249856" total="294912" percent="84" />
    </mem>
    <remembered-set count="2590" />
  </mem-info>
</gc-start>
<allocation-stats totalBytes="5151304" >
  <allocated-bytes non-tlh="296" tlh="5151008" />
  <largest-consumer threadName="Thread-10" threadId="0000000001576900" bytes="1801968" />
</allocation-stats>
<gc-op id="545" type="scavenge" timems="0.285" contextid="542" timestamp="2019-06-16T01:51:48.955">
  <scavenger-info tenureage="4" tenuremask="4010" tiltratio="90" />
  <memory-copied type="nursery" objects="3300" bytes="84616" bytesdiscarded="72056" />
  <memory-copied type="tenure" objects="456" bytes="10944" bytesdiscarded="0" />
</gc-op>
<gc-end id="546" type="scavenge" contextid="542" durationms="0.436" usertimems="0.000" systemtimems="0.000" timestamp="2019-06-16T01:51:48.955" activeThreads="4">
  <mem-info id="547" free="6321176" total="11796480" percent="53">
    <mem type="nursery" free="5151744" total="5898240" percent="87">
      <mem type="allocate" free="5151744" total="5308416" percent="97" />
      <mem type="survivor" free="0" total="589824" percent="0" />
    </mem>
    <mem type="tenure" free="1169432" total="5898240" percent="19">
      <mem type="soa" free="919576" total="5603328" percent="16" />
      <mem type="loa" free="249856" total="294912" percent="84" />
    </mem>
    <remembered-set count="2130" />
  </mem-info>
</gc-end>
<cycle-end id="548" type="scavenge" contextid="542" timestamp="2019-06-16T01:51:48.955" />
  <attribute name="elasticGC enabled" value="1" />
  <attribute name= "numThreadsSpecified" value="4" />
  <attribute name="heapSize specified" value="8912896" />
  <attribute name="Current GC Util" value="11" />
  <attribute name= "Current Time Running" value="1245" />
  <attribute name ="GC Interval" value="200" />
  <attribute name="ProportionalT" value="-13.500000" />
  <attribute name="ProportionalI" value="-13.500000" />
  <attribute name="ProportionalH" value="-13.500000" />
  <attribute name="Current Error" value="-9.000000" />
  <attribute name="IntegralT" value="-63.000000" />
  <attribute name="IntegralI" value="-63.000000" />
  <attribute name="IntegralH" value="-63.000000" />
  <attribute name="DerivativeT" value="-1.285714" />
  <attribute name="DerivativeI" value="-1.285714" />
  <attribute name="DerivativeH" value="-1.285714" />
  <attribute name="Loop Time for DT" value="7.000000" />
  <attribute name="Output H" value="2092630016"/>
  <attribute name="Output I" value="200"/>
  <attribute name="Output T" value="4"/>
  <attribute name="Target GC Util Change" value ="20.000000" />
  <attribute name="Current GC Util Change" value="11.000000"/>
  <attribute name="GC Util currently" value="11" />
  <attribute name="CPU Util currently" value="687718881089" />
<allocation-satisfied id="549" threadId="000000000157A500" bytesRequested="40" />
<af-end id="550" timestamp="2019-06-16T01:51:48.955" threadId="000000000157AE88" success="true" from="nursery"/>
<exclusive-end id="551" timestamp="2019-06-16T01:51:48.955" durationms="0.769" />

<exclusive-start id="552" timestamp="2019-06-16T01:51:48.965" intervalms="10.844">
  <response-info timems="0.037" idlems="0.037" threads="0" lastid="000000000157A500" lastname="Thread-8" />
</exclusive-start>
<af-start id="553" threadId="000000000157AE88" totalBytesRequested="24" timestamp="2019-06-16T01:51:48.965" intervalms="10.846" type="nursery" />
<cycle-start id="554" type="scavenge" contextid="0" timestamp="2019-06-16T01:51:48.965" intervalms="10.846" />
<gc-start id="555" type="scavenge" contextid="554" timestamp="2019-06-16T01:51:48.965">
  <mem-info id="556" free="1169432" total="11796480" percent="9">
    <mem type="nursery" free="0" total="5898240" percent="0">
      <mem type="allocate" free="0" total="5308416" percent="0" />
      <mem type="survivor" free="0" total="589824" percent="0" />
    </mem>
    <mem type="tenure" free="1169432" total="5898240" percent="19">
      <mem type="soa" free="919576" total="5603328" percent="16" />
      <mem type="loa" free="249856" total="294912" percent="84" />
    </mem>
    <remembered-set count="2678" />
  </mem-info>
</gc-start>
<allocation-stats totalBytes="5151048" >
  <allocated-bytes non-tlh="40" tlh="5151008" />
  <largest-consumer threadName="Thread-8" threadId="000000000157A500" bytes="1802072" />
</allocation-stats>
<gc-op id="557" type="scavenge" timems="0.303" contextid="554" timestamp="2019-06-16T01:51:48.966">
  <scavenger-info tenureage="3" tenuremask="4018" tiltratio="90" />
  <memory-copied type="nursery" objects="2399" bytes="66400" bytesdiscarded="51104" />
  <memory-copied type="tenure" objects="1245" bytes="29880" bytesdiscarded="0" />
</gc-op>
<gc-end id="558" type="scavenge" contextid="554" durationms="0.471" usertimems="0.000" systemtimems="0.000" timestamp="2019-06-16T01:51:48.966" activeThreads="4">
  <mem-info id="559" free="6229016" total="11796480" percent="52">
    <mem type="nursery" free="5190912" total="5898240" percent="88">
      <mem type="allocate" free="5190912" total="5308416" percent="97" />
      <mem type="survivor" free="0" total="589824" percent="0" />
    </mem>
    <mem type="tenure" free="1038104" total="5898240" percent="17">
      <mem type="soa" free="788248" total="5603328" percent="14" />
      <mem type="loa" free="249856" total="294912" percent="84" />
    </mem>
    <remembered-set count="1432" />
  </mem-info>
</gc-end>
<cycle-end id="560" type="scavenge" contextid="554" timestamp="2019-06-16T01:51:48.966" />
  <attribute name="elasticGC enabled" value="1" />
  <attribute name= "numThreadsSpecified" value="4" />
  <attribute name="heapSize specified" value="8912896" />
  <attribute name="Current GC Util" value="7" />
  <attribute name= "Current Time Running" value="1256" />
  <attribute name ="GC Interval" value="200" />
  <attribute name="ProportionalT" value="-19.500000" />
  <attribute name="ProportionalI" value="-19.500000" />
  <attribute name="ProportionalH" value="-19.500000" />
  <attribute name="Current Error" value="-13.000000" />
  <attribute name="IntegralT" value="-143.000000" />
  <attribute name="IntegralI" value="-143.000000" />
  <attribute name="IntegralH" value="-143.000000" />
  <attribute name="DerivativeT" value="-1.181818" />
  <attribute name="DerivativeI" value="-1.181818" />
  <attribute name="DerivativeH" value="-1.181818" />
  <attribute name="Loop Time for DT" value="11.000000" />
  <attribute name="Output H" value="2092630016"/>
  <attribute name="Output I" value="200"/>
  <attribute name="Output T" value="4"/>
  <attribute name="Target GC Util Change" value ="20.000000" />
  <attribute name="Current GC Util Change" value="7.000000"/>
  <attribute name="GC Util currently" value="7" />
  <attribute name="CPU Util currently" value="424674652565" />
<allocation-satisfied id="561" threadId="000000000157A500" bytesRequested="24" />
<af-end id="562" timestamp="2019-06-16T01:51:48.966" threadId="000000000157AE88" success="true" from="nursery"/>
<exclusive-end id="563" timestamp="2019-06-16T01:51:48.966" durationms="0.809" />

<exclusive-start id="564" timestamp="2019-06-16T01:51:48.974" intervalms="8.882">
  <response-info timems="0.050" idlems="0.050" threads="0" lastid="0000000001576900" lastname="Thread-10" />
</exclusive-start>
<af-start id="565" threadId="0000000001577288" totalBytesRequested="40" timestamp="2019-06-16T01:51:48.974" intervalms="8.904" type="nursery" />
<cycle-start id="566" type="scavenge" contextid="0" timestamp="2019-06-16T01:51:48.974" intervalms="8.919" />
<gc-start id="567" type="scavenge" contextid="566" timestamp="2019-06-16T01:51:48.974">
  <mem-info id="568" free="1038104" total="11796480" percent="8">
    <mem type="nursery" free="0" total="5898240" percent="0">
      <mem type="allocate" free="0" total="5308416" percent="0" />
      <mem type="survivor" free="0" total="589824" percent="0" />
    </mem>
    <mem type="tenure" free="1038104" total="5898240" percent="17">
      <mem type="soa" free="788248" total="5603328" percent="14" />
      <mem type="loa" free="249856" total="294912" percent="84" />
    </mem>
    <remembered-set count="1708" />
  </mem-info>
</gc-start>
<allocation-stats totalBytes="5190136" >
  <allocated-bytes non-tlh="24" tlh="5190112" />
  <largest-consumer threadName="Thread-8" threadId="000000000157A500" bytes="2457232" />
</allocation-stats>
<gc-op id="569" type="scavenge" timems="2.626" contextid="566" timestamp="2019-06-16T01:51:48.977">
  <scavenger-info tenureage="3" tenuremask="4008" tiltratio="90" />
  <memory-copied type="nursery" objects="1934" bytes="68264" bytesdiscarded="131512" />
  <memory-copied type="tenure" objects="832" bytes="19968" bytesdiscarded="0" />
</gc-op>
<heap-resize id="570" type="expand" space="nursery" amount="524288" count="1" timems="0.015" reason="excessive time being spent scavenging" timestamp="2019-06-16T01:51:48.977" />
<gc-end id="571" type="scavenge" contextid="566" durationms="3.029" usertimems="4.000" systemtimems="4.000" timestamp="2019-06-16T01:51:48.977" activeThreads="4">
  <mem-info id="572" free="6605496" total="12320768" percent="53">
    <mem type="nursery" free="5567392" total="6422528" percent="86">
      <mem type="allocate" free="5567392" total="5767168" percent="96" />
      <mem type="survivor" free="0" total="655360" percent="0" />
    </mem>
    <mem type="tenure" free="1038104" total="5898240" percent="17">
      <mem type="soa" free="788248" total="5603328" percent="14" />
      <mem type="loa" free="249856" total="294912" percent="84" />
    </mem>
    <remembered-set count="1166" />
  </mem-info>
</gc-end>
<cycle-end id="573" type="scavenge" contextid="566" timestamp="2019-06-16T01:51:48.977" />
  <attribute name="elasticGC enabled" value="1" />
  <attribute name= "numThreadsSpecified" value="4" />
  <attribute name="heapSize specified" value="8912896" />
  <attribute name="Current GC Util" value="8" />
  <attribute name= "Current Time Running" value="1264" />
  <attribute name ="GC Interval" value="200" />
  <attribute name="ProportionalT" value="-18.000000" />
  <attribute name="ProportionalI" value="-18.000000" />
  <attribute name="ProportionalH" value="-18.000000" />
  <attribute name="Current Error" value="-12.000000" />
  <attribute name="IntegralT" value="-96.000000" />
  <attribute name="IntegralI" value="-96.000000" />
  <attribute name="IntegralH" value="-96.000000" />
  <attribute name="DerivativeT" value="-1.500000" />
  <attribute name="DerivativeI" value="-1.500000" />
  <attribute name="DerivativeH" value="-1.500000" />
  <attribute name="Loop Time for DT" value="8.000000" />
  <attribute name="Output H" value="2092630016"/>
  <attribute name="Output I" value="200"/>
  <attribute name="Output T" value="4"/>
  <attribute name="Target GC Util Change" value ="20.000000" />
  <attribute name="Current GC Util Change" value="8.000000"/>
  <attribute name="GC Util currently" value="8" />
  <attribute name="CPU Util currently" value="515665411516" />
<allocation-satisfied id="574" threadId="0000000001576900" bytesRequested="40" />
<af-end id="575" timestamp="2019-06-16T01:51:48.978" threadId="0000000001577288" success="true" from="nursery"/>
<exclusive-end id="576" timestamp="2019-06-16T01:51:48.978" durationms="3.693" />

<exclusive-start id="577" timestamp="2019-06-16T01:51:48.984" intervalms="9.598">
  <response-info timems="0.025" idlems="0.025" threads="0" lastid="000000000157A500" lastname="Thread-8" />
</exclusive-start>
<af-start id="578" threadId="000000000157AE88" totalBytesRequested="24" timestamp="2019-06-16T01:51:48.984" intervalms="9.583" type="nursery" />
<cycle-start id="579" type="scavenge" contextid="0" timestamp="2019-06-16T01:51:48.984" intervalms="9.573" />
<gc-start id="580" type="scavenge" contextid="579" timestamp="2019-06-16T01:51:48.984">
  <mem-info id="581" free="1038104" total="12320768" percent="8">
    <mem type="nursery" free="0" total="6422528" percent="0">
      <mem type="allocate" free="0" total="5767168" percent="0" />
      <mem type="survivor" free="0" total="655360" percent="0" />
    </mem>
    <mem type="tenure" free="1038104" total="5898240" percent="17">
      <mem type="soa" free="788248" total="5603328" percent="14" />
      <mem type="loa" free="249856" total="294912" percent="84" />
    </mem>
    <remembered-set count="1528" />
  </mem-info>
</gc-start>
<allocation-stats totalBytes="5566456" >
  <allocated-bytes non-tlh="40" tlh="5566416" />
  <largest-consumer threadName="Thread-7" threadId="0000000001572D00" bytes="1916560" />
</allocation-stats>
<gc-op id="582" type="scavenge" timems="0.296" contextid="579" timestamp="2019-06-16T01:51:48.984">
  <scavenger-info tenureage="3" tenuremask="4008" tiltratio="89" />
  <memory-copied type="nursery" objects="1446" bytes="52936" bytesdiscarded="71792" />
  <memory-copied type="tenure" objects="992" bytes="28104" bytesdiscarded="0" />
</gc-op>
<gc-end id="583" type="scavenge" contextid="579" durationms="0.450" usertimems="0.000" systemtimems="0.000" timestamp="2019-06-16T01:51:48.984" activeThreads="4">
  <mem-info id="584" free="6680544" total="12320768" percent="54">
    <mem type="nursery" free="5642440" total="6422528" percent="87">
      <mem type="allocate" free="5642440" total="5767168" percent="97" />
      <mem type="survivor" free="0" total="655360" percent="0" />
    </mem>
    <mem type="tenure" free="1038104" total="5898240" percent="17">
      <mem type="soa" free="788248" total="5603328" percent="14" />
      <mem type="loa" free="249856" total="294912" percent="84" />
    </mem>
    <remembered-set count="1275" />
  </mem-info>
</gc-end>
<cycle-end id="585" type="scavenge" contextid="579" timestamp="2019-06-16T01:51:48.984" />
  <attribute name="elasticGC enabled" value="1" />
  <attribute name= "numThreadsSpecified" value="4" />
  <attribute name="heapSize specified" value="8912896" />
  <attribute name="Current GC Util" value="40" />
  <attribute name= "Current Time Running" value="1274" />
  <attribute name ="GC Interval" value="232" />
  <attribute name="ProportionalT" value="30.000000" />
  <attribute name="ProportionalI" value="30.000000" />
  <attribute name="ProportionalH" value="30.000000" />
  <attribute name="Current Error" value="20.000000" />
  <attribute name="IntegralT" value="200.000000" />
  <attribute name="IntegralI" value="200.000000" />
  <attribute name="IntegralH" value="200.000000" />
  <attribute name="DerivativeT" value="2.000000" />
  <attribute name="DerivativeI" value="2.000000" />
  <attribute name="DerivativeH" value="2.000000" />
  <attribute name="Loop Time for DT" value="10.000000" />
  <attribute name="Output H" value="8388608"/>
  <attribute name="Output I" value="232"/>
  <attribute name="Output T" value="4"/>
  <attribute name="Target GC Util Change" value ="20.000000" />
  <attribute name="Current GC Util Change" value="40.000000"/>
  <attribute name="GC Util currently" value="40" />
  <attribute name="CPU Util currently" value="483035776125" />
<allocation-satisfied id="586" threadId="000000000157A500" bytesRequested="24" />
<af-end id="587" timestamp="2019-06-16T01:51:48.984" threadId="000000000157AE88" success="true" from="nursery"/>
<exclusive-end id="588" timestamp="2019-06-16T01:51:48.984" durationms="0.817" />

<exclusive-start id="589" timestamp="2019-06-16T01:51:48.992" intervalms="8.500">
  <response-info timems="0.030" idlems="0.030" threads="0" lastid="000000000157E100" lastname="Thread-9" />
</exclusive-start>
<af-start id="590" threadId="000000000157EA88" totalBytesRequested="40" timestamp="2019-06-16T01:51:48.992" intervalms="8.536" type="nursery" />
<cycle-start id="591" type="scavenge" contextid="0" timestamp="2019-06-16T01:51:48.992" intervalms="8.550" />
<gc-start id="592" type="scavenge" contextid="591" timestamp="2019-06-16T01:51:48.992">
  <mem-info id="593" free="1038104" total="12320768" percent="8">
    <mem type="nursery" free="0" total="6422528" percent="0">
      <mem type="allocate" free="0" total="5767168" percent="0" />
      <mem type="survivor" free="0" total="655360" percent="0" />
    </mem>
    <mem type="tenure" free="1038104" total="5898240" percent="17">
      <mem type="soa" free="788248" total="5603328" percent="14" />
      <mem type="loa" free="249856" total="294912" percent="84" />
    </mem>
    <remembered-set count="1617" />
  </mem-info>
</gc-start>
<allocation-stats totalBytes="5641544" >
  <allocated-bytes non-tlh="19080" tlh="5622464" />
  <largest-consumer threadName="Thread-10" threadId="0000000001576900" bytes="2195128" />
</allocation-stats>
<gc-op id="594" type="scavenge" timems="0.776" contextid="591" timestamp="2019-06-16T01:51:48.993">
  <scavenger-info tenureage="14" tenuremask="4000" tiltratio="89" />
  <memory-copied type="nursery" objects="6720" bytes="316480" bytesdiscarded="118328" />
</gc-op>
<gc-end id="595" type="scavenge" contextid="591" durationms="0.949" usertimems="0.000" systemtimems="0.000" timestamp="2019-06-16T01:51:48.993" activeThreads="4">
  <mem-info id="596" free="6370464" total="12320768" percent="51">
    <mem type="nursery" free="5332360" total="6422528" percent="83">
      <mem type="allocate" free="5332360" total="5767168" percent="92" />
      <mem type="survivor" free="0" total="655360" percent="0" />
    </mem>
    <mem type="tenure" free="1038104" total="5898240" percent="17">
      <mem type="soa" free="788248" total="5603328" percent="14" />
      <mem type="loa" free="249856" total="294912" percent="84" />
    </mem>
    <remembered-set count="1617" />
  </mem-info>
</gc-end>
<cycle-end id="597" type="scavenge" contextid="591" timestamp="2019-06-16T01:51:48.993" />
  <attribute name="elasticGC enabled" value="1" />
  <attribute name= "numThreadsSpecified" value="4" />
  <attribute name="heapSize specified" value="8912896" />
  <attribute name="Current GC Util" value="8" />
  <attribute name= "Current Time Running" value="1283" />
  <attribute name ="GC Interval" value="200" />
  <attribute name="ProportionalT" value="-18.000000" />
  <attribute name="ProportionalI" value="-18.000000" />
  <attribute name="ProportionalH" value="-18.000000" />
  <attribute name="Current Error" value="-12.000000" />
  <attribute name="IntegralT" value="-108.000000" />
  <attribute name="IntegralI" value="-108.000000" />
  <attribute name="IntegralH" value="-108.000000" />
  <attribute name="DerivativeT" value="-3.555556" />
  <attribute name="DerivativeI" value="-3.555556" />
  <attribute name="DerivativeH" value="-3.555556" />
  <attribute name="Loop Time for DT" value="9.000000" />
  <attribute name="Output H" value="2092630016"/>
  <attribute name="Output I" value="200"/>
  <attribute name="Output T" value="4"/>
  <attribute name="Target GC Util Change" value ="20.000000" />
  <attribute name="Current GC Util Change" value="8.000000"/>
  <attribute name="GC Util currently" value="8" />
  <attribute name="CPU Util currently" value="537717719847" />
<allocation-satisfied id="598" threadId="000000000157E100" bytesRequested="40" />
<af-end id="599" timestamp="2019-06-16T01:51:48.993" threadId="000000000157EA88" success="true" from="nursery"/>
<exclusive-end id="600" timestamp="2019-06-16T01:51:48.994" durationms="1.408" />

<exclusive-start id="601" timestamp="2019-06-16T01:51:48.998" intervalms="5.412">
  <response-info timems="0.023" idlems="0.023" threads="0" lastid="0000000001576900" lastname="Thread-10" />
</exclusive-start>
<af-start id="602" threadId="0000000001577288" totalBytesRequested="40" timestamp="2019-06-16T01:51:48.998" intervalms="5.383" type="nursery" />
<cycle-start id="603" type="scavenge" contextid="0" timestamp="2019-06-16T01:51:48.998" intervalms="5.374" />
<gc-start id="604" type="scavenge" contextid="603" timestamp="2019-06-16T01:51:48.998">
  <mem-info id="605" free="1038104" total="12320768" percent="8">
    <mem type="nursery" free="0" total="6422528" percent="0">
      <mem type="allocate" free="0" total="5767168" percent="0" />
      <mem type="survivor" free="0" total="655360" percent="0" />
    </mem>
    <mem type="tenure" free="1038104" total="5898240" percent="17">
      <mem type="soa" free="788248" total="5603328" percent="14" />
      <mem type="loa" free="249856" total="294912" percent="84" />
    </mem>
    <remembered-set count="1961" />
  </mem-info>
</gc-start>
<allocation-stats totalBytes="5331456" >
  <allocated-bytes non-tlh="40" tlh="5331416" />
  <largest-consumer threadName="Thread-9" threadId="000000000157E100" bytes="1400072" />
</allocation-stats>
<gc-op id="606" type="scavenge" timems="3.411" contextid="603" timestamp="2019-06-16T01:51:49.001">
  <scavenger-info tenureage="3" tenuremask="ffe8" tiltratio="89" />
  <memory-copied type="nursery" objects="7185" bytes="315264" bytesdiscarded="85920" />
  <memory-copied type="tenure" objects="297" bytes="19896" bytesdiscarded="0" />
</gc-op>
<heap-resize id="607" type="expand" space="nursery" amount="1179648" count="1" timems="0.015" reason="excessive time being spent scavenging" timestamp="2019-06-16T01:51:49.001" />
<gc-end id="608" type="scavenge" contextid="603" durationms="3.823" usertimems="8.000" systemtimems="0.000" timestamp="2019-06-16T01:51:49.002" activeThreads="4">
  <mem-info id="609" free="7440280" total="13500416" percent="55">
    <mem type="nursery" free="6414560" total="7602176" percent="84">
      <mem type="allocate" free="6414560" total="6815744" percent="94" />
      <mem type="survivor" free="0" total="786432" percent="0" />
    </mem>
    <mem type="tenure" free="1025720" total="5898240" percent="17">
      <mem type="soa" free="775864" total="5603328" percent="13" />
      <mem type="loa" free="249856" total="294912" percent="84" />
    </mem>
    <remembered-set count="1681" />
  </mem-info>
</gc-end>
<cycle-end id="610" type="scavenge" contextid="603" timestamp="2019-06-16T01:51:49.002" />
  <attribute name="elasticGC enabled" value="1" />
  <attribute name= "numThreadsSpecified" value="4" />
  <attribute name="heapSize specified" value="8912896" />
  <attribute name="Current GC Util" value="30" />
  <attribute name= "Current Time Running" value="1288" />
  <attribute name ="GC Interval" value="200" />
  <attribute name="ProportionalT" value="15.000000" />
  <attribute name="ProportionalI" value="15.000000" />
  <attribute name="ProportionalH" value="15.000000" />
  <attribute name="Current Error" value="10.000000" />
  <attribute name="IntegralT" value="50.000000" />
  <attribute name="IntegralI" value="50.000000" />
  <attribute name="IntegralH" value="50.000000" />
  <attribute name="DerivativeT" value="2.000000" />
  <attribute name="DerivativeI" value="2.000000" />
  <attribute name="DerivativeH" value="2.000000" />
  <attribute name="Loop Time for DT" value="5.000000" />
  <attribute name="Output H" value="8388608"/>
  <attribute name="Output I" value="200"/>
  <attribute name="Output T" value="4"/>
  <attribute name="Target GC Util Change" value ="20.000000" />
  <attribute name="Current GC Util Change" value="30.000000"/>
  <attribute name="GC Util currently" value="30" />
  <attribute name="CPU Util currently" value="858628513106" />
<allocation-satisfied id="611" threadId="0000000001576900" bytesRequested="40" />
<af-end id="612" timestamp="2019-06-16T01:51:49.002" threadId="0000000001577288" success="true" from="nursery"/>
<exclusive-end id="613" timestamp="2019-06-16T01:51:49.002" durationms="4.417" />

<exclusive-start id="614" timestamp="2019-06-16T01:51:49.009" intervalms="11.025">
  <response-info timems="0.032" idlems="0.023" threads="1" lastid="0000000001572D00" lastname="Thread-7" />
</exclusive-start>
<af-start id="615" threadId="0000000001577288" totalBytesRequested="40" timestamp="2019-06-16T01:51:49.009" intervalms="11.035" type="nursery" />
<cycle-start id="616" type="scavenge" contextid="0" timestamp="2019-06-16T01:51:49.009" intervalms="11.038" />
<gc-start id="617" type="scavenge" contextid="616" timestamp="2019-06-16T01:51:49.009">
  <mem-info id="618" free="1025720" total="13500416" percent="7">
    <mem type="nursery" free="0" total="7602176" percent="0">
      <mem type="allocate" free="0" total="6815744" percent="0" />
      <mem type="survivor" free="0" total="786432" percent="0" />
    </mem>
    <mem type="tenure" free="1025720" total="5898240" percent="17">
      <mem type="soa" free="775864" total="5603328" percent="13" />
      <mem type="loa" free="249856" total="294912" percent="84" />
    </mem>
    <remembered-set count="2302" />
  </mem-info>
</gc-start>
<allocation-stats totalBytes="6413632" >
  <allocated-bytes non-tlh="40" tlh="6413592" />
  <largest-consumer threadName="Thread-9" threadId="000000000157E100" bytes="2162592" />
</allocation-stats>
<gc-op id="619" type="scavenge" timems="2.168" contextid="616" timestamp="2019-06-16T01:51:49.011">
  <scavenger-info tenureage="2" tenuremask="ffe4" tiltratio="89" />
  <memory-copied type="nursery" objects="2423" bytes="59208" bytesdiscarded="58296" />
  <memory-copied type="tenure" objects="5935" bytes="284072" bytesdiscarded="40" />
</gc-op>
<heap-resize id="620" type="expand" space="nursery" amount="917504" count="1" timems="0.013" reason="excessive time being spent scavenging" timestamp="2019-06-16T01:51:49.011" />
<gc-end id="621" type="scavenge" contextid="616" durationms="2.581" usertimems="4.000" systemtimems="0.000" timestamp="2019-06-16T01:51:49.011" activeThreads="4">
  <mem-info id="622" free="8261560" total="14417920" percent="57">
    <mem type="nursery" free="7484672" total="8519680" percent="87">
      <mem type="allocate" free="7484672" total="7602176" percent="98" />
      <mem type="survivor" free="0" total="917504" percent="0" />
    </mem>
    <mem type="tenure" free="776888" total="5898240" percent="13">
      <mem type="soa" free="527032" total="5603328" percent="9" />
      <mem type="loa" free="249856" total="294912" percent="84" />
    </mem>
    <remembered-set count="2331" />
  </mem-info>
</gc-end>
<cycle-end id="623" type="scavenge" contextid="616" timestamp="2019-06-16T01:51:49.011" />
  <attribute name="elasticGC enabled" value="1" />
  <attribute name= "numThreadsSpecified" value="4" />
  <attribute name="heapSize specified" value="8912896" />
  <attribute name="Current GC Util" value="47" />
  <attribute name= "Current Time Running" value="1299" />
  <attribute name ="GC Interval" value="344" />
  <attribute name="ProportionalT" value="40.500000" />
  <attribute name="ProportionalI" value="40.500000" />
  <attribute name="ProportionalH" value="40.500000" />
  <attribute name="Current Error" value="27.000000" />
  <attribute name="IntegralT" value="297.000000" />
  <attribute name="IntegralI" value="297.000000" />
  <attribute name="IntegralH" value="297.000000" />
  <attribute name="DerivativeT" value="1.545455" />
  <attribute name="DerivativeI" value="1.545455" />
  <attribute name="DerivativeH" value="1.545455" />
  <attribute name="Loop Time for DT" value="11.000000" />
  <attribute name="Output H" value="8388608"/>
  <attribute name="Output I" value="344"/>
  <attribute name="Output T" value="4"/>
  <attribute name="Target GC Util Change" value ="20.000000" />
  <attribute name="Current GC Util Change" value="47.000000"/>
  <attribute name="GC Util currently" value="47" />
  <attribute name="CPU Util currently" value="417381410049" />
<allocation-satisfied id="624" threadId="0000000001576900" bytesRequested="40" />
<af-end id="625" timestamp="2019-06-16T01:51:49.012" threadId="0000000001577288" success="true" from="nursery"/>
<exclusive-end id="626" timestamp="2019-06-16T01:51:49.012" durationms="3.056" />

<exclusive-start id="627" timestamp="2019-06-16T01:51:49.017" intervalms="8.647">
  <response-info timems="0.022" idlems="0.022" threads="0" lastid="000000000157A500" lastname="Thread-8" />
</exclusive-start>
<af-start id="628" threadId="000000000157AE88" totalBytesRequested="40" timestamp="2019-06-16T01:51:49.017" intervalms="8.630" type="nursery" />
<cycle-start id="629" type="scavenge" contextid="0" timestamp="2019-06-16T01:51:49.017" intervalms="8.620" />
<gc-start id="630" type="scavenge" contextid="629" timestamp="2019-06-16T01:51:49.017">
  <mem-info id="631" free="776888" total="14417920" percent="5">
    <mem type="nursery" free="0" total="8519680" percent="0">
      <mem type="allocate" free="0" total="7602176" percent="0" />
      <mem type="survivor" free="0" total="917504" percent="0" />
    </mem>
    <mem type="tenure" free="776888" total="5898240" percent="13">
      <mem type="soa" free="527032" total="5603328" percent="9" />
      <mem type="loa" free="249856" total="294912" percent="84" />
    </mem>
    <remembered-set count="3546" />
  </mem-info>
</gc-start>
<allocation-stats totalBytes="7483560" >
  <allocated-bytes non-tlh="40" tlh="7483520" />
  <largest-consumer threadName="Thread-7" threadId="0000000001572D00" bytes="1946488" />
</allocation-stats>
<gc-op id="632" type="scavenge" timems="0.297" contextid="629" timestamp="2019-06-16T01:51:49.018">
  <scavenger-info tenureage="4" tenuremask="ffb0" tiltratio="89" />
  <memory-copied type="nursery" objects="3271" bytes="79608" bytesdiscarded="37896" />
  <memory-copied type="tenure" objects="371" bytes="8904" bytesdiscarded="0" />
</gc-op>
<gc-end id="633" type="scavenge" contextid="629" durationms="0.452" usertimems="0.000" systemtimems="0.000" timestamp="2019-06-16T01:51:49.018" activeThreads="4">
  <mem-info id="634" free="8327096" total="14417920" percent="57">
    <mem type="nursery" free="7550208" total="8519680" percent="88">
      <mem type="allocate" free="7550208" total="7667712" percent="98" />
      <mem type="survivor" free="0" total="851968" percent="0" />
    </mem>
    <mem type="tenure" free="776888" total="5898240" percent="13">
      <mem type="soa" free="527032" total="5603328" percent="9" />
      <mem type="loa" free="249856" total="294912" percent="84" />
    </mem>
    <remembered-set count="3175" />
  </mem-info>
</gc-end>
<cycle-end id="635" type="scavenge" contextid="629" timestamp="2019-06-16T01:51:49.018" />
  <attribute name="elasticGC enabled" value="1" />
  <attribute name= "numThreadsSpecified" value="4" />
  <attribute name="heapSize specified" value="8912896" />
  <attribute name="Current GC Util" value="43" />
  <attribute name= "Current Time Running" value="1308" />
  <attribute name ="GC Interval" value="248" />
  <attribute name="ProportionalT" value="34.500000" />
  <attribute name="ProportionalI" value="34.500000" />
  <attribute name="ProportionalH" value="34.500000" />
  <attribute name="Current Error" value="23.000000" />
  <attribute name="IntegralT" value="207.000000" />
  <attribute name="IntegralI" value="207.000000" />
  <attribute name="IntegralH" value="207.000000" />
  <attribute name="DerivativeT" value="-0.444444" />
  <attribute name="DerivativeI" value="-0.444444" />
  <attribute name="DerivativeH" value="-0.444444" />
  <attribute name="Loop Time for DT" value="9.000000" />
  <attribute name="Output H" value="8388608"/>
  <attribute name="Output I" value="248"/>
  <attribute name="Output T" value="4"/>
  <attribute name="Target GC Util Change" value ="20.000000" />
  <attribute name="Current GC Util Change" value="43.000000"/>
  <attribute name="GC Util currently" value="43" />
  <attribute name="CPU Util currently" value="537204218075" />
<allocation-satisfied id="636" threadId="000000000157A500" bytesRequested="40" />
<af-end id="637" timestamp="2019-06-16T01:51:49.018" threadId="000000000157AE88" success="true" from="nursery"/>
<exclusive-end id="638" timestamp="2019-06-16T01:51:49.018" durationms="0.805" />

<exclusive-start id="639" timestamp="2019-06-16T01:51:49.024" intervalms="6.455">
  <response-info timems="0.020" idlems="0.020" threads="0" lastid="000000000157A500" lastname="Thread-8" />
</exclusive-start>
<af-start id="640" threadId="000000000157AE88" totalBytesRequested="40" timestamp="2019-06-16T01:51:49.024" intervalms="6.447" type="nursery" />
<cycle-start id="641" type="scavenge" contextid="0" timestamp="2019-06-16T01:51:49.024" intervalms="6.443" />
<gc-start id="642" type="scavenge" contextid="641" timestamp="2019-06-16T01:51:49.024">
  <mem-info id="643" free="776888" total="14417920" percent="5">
    <mem type="nursery" free="0" total="8519680" percent="0">
      <mem type="allocate" free="0" total="7667712" percent="0" />
      <mem type="survivor" free="0" total="851968" percent="0" />
    </mem>
    <mem type="tenure" free="776888" total="5898240" percent="13">
      <mem type="soa" free="527032" total="5603328" percent="9" />
      <mem type="loa" free="249856" total="294912" percent="84" />
    </mem>
    <remembered-set count="4494" />
  </mem-info>
</gc-start>
<allocation-stats totalBytes="7549216" >
  <allocated-bytes non-tlh="40" tlh="7549176" />
  <largest-consumer threadName="Thread-10" threadId="0000000001576900" bytes="1933112" />
</allocation-stats>
<gc-op id="644" type="scavenge" timems="0.291" contextid="641" timestamp="2019-06-16T01:51:49.024">
  <scavenger-info tenureage="4" tenuremask="ffd0" tiltratio="90" />
  <memory-copied type="nursery" objects="4523" bytes="109352" bytesdiscarded="270808" />
</gc-op>
<gc-end id="645" type="scavenge" contextid="641" durationms="0.435" usertimems="0.000" systemtimems="0.000" timestamp="2019-06-16T01:51:49.024" activeThreads="4">
  <mem-info id="646" free="8064440" total="14417920" percent="55">
    <mem type="nursery" free="7287552" total="8519680" percent="85">
      <mem type="allocate" free="7287552" total="7667712" percent="95" />
      <mem type="survivor" free="0" total="851968" percent="0" />
    </mem>
    <mem type="tenure" free="776888" total="5898240" percent="13">
      <mem type="soa" free="527032" total="5603328" percent="9" />
      <mem type="loa" free="249856" total="294912" percent="84" />
    </mem>
    <remembered-set count="4494" />
  </mem-info>
</gc-end>
<cycle-end id="647" type="scavenge" contextid="641" timestamp="2019-06-16T01:51:49.024" />
  <attribute name="elasticGC enabled" value="1" />
  <attribute name= "numThreadsSpecified" value="4" />
  <attribute name="heapSize specified" value="8912896" />
  <attribute name="Current GC Util" value="12" />
  <attribute name= "Current Time Running" value="1314" />
  <attribute name ="GC Interval" value="200" />
  <attribute name="ProportionalT" value="-12.000000" />
  <attribute name="ProportionalI" value="-12.000000" />
  <attribute name="ProportionalH" value="-12.000000" />
  <attribute name="Current Error" value="-8.000000" />
  <attribute name="IntegralT" value="-48.000000" />
  <attribute name="IntegralI" value="-48.000000" />
  <attribute name="IntegralH" value="-48.000000" />
  <attribute name="DerivativeT" value="-5.166667" />
  <attribute name="DerivativeI" value="-5.166667" />
  <attribute name="DerivativeH" value="-5.166667" />
  <attribute name="Loop Time for DT" value="6.000000" />
  <attribute name="Output H" value="2092630016"/>
  <attribute name="Output I" value="200"/>
  <attribute name="Output T" value="4"/>
  <attribute name="Target GC Util Change" value ="20.000000" />
  <attribute name="Current GC Util Change" value="12.000000"/>
  <attribute name="GC Util currently" value="12" />
  <attribute name="CPU Util currently" value="717054084048" />
<allocation-satisfied id="648" threadId="000000000157A500" bytesRequested="40" />
<af-end id="649" timestamp="2019-06-16T01:51:49.024" threadId="000000000157AE88" success="true" from="nursery"/>
<exclusive-end id="650" timestamp="2019-06-16T01:51:49.024" durationms="0.783" />

<exclusive-start id="651" timestamp="2019-06-16T01:51:49.032" intervalms="7.939">
  <response-info timems="0.025" idlems="0.025" threads="0" lastid="0000000001576900" lastname="Thread-10" />
</exclusive-start>
<af-start id="652" threadId="0000000001577288" totalBytesRequested="40" timestamp="2019-06-16T01:51:49.032" intervalms="7.964" type="nursery" />
<cycle-start id="653" type="scavenge" contextid="0" timestamp="2019-06-16T01:51:49.032" intervalms="7.977" />
<gc-start id="654" type="scavenge" contextid="653" timestamp="2019-06-16T01:51:49.032">
  <mem-info id="655" free="776888" total="14417920" percent="5">
    <mem type="nursery" free="0" total="8519680" percent="0">
      <mem type="allocate" free="0" total="7667712" percent="0" />
      <mem type="survivor" free="0" total="851968" percent="0" />
    </mem>
    <mem type="tenure" free="776888" total="5898240" percent="13">
      <mem type="soa" free="527032" total="5603328" percent="9" />
      <mem type="loa" free="249856" total="294912" percent="84" />
    </mem>
    <remembered-set count="6026" />
  </mem-info>
</gc-start>
<allocation-stats totalBytes="7286376" >
  <allocated-bytes non-tlh="40" tlh="7286336" />
  <largest-consumer threadName="Thread-10" threadId="0000000001576900" bytes="2457192" />
</allocation-stats>
<gc-op id="656" type="scavenge" timems="2.062" contextid="653" timestamp="2019-06-16T01:51:49.034">
  <scavenger-info tenureage="3" tenuremask="fff8" tiltratio="90" />
  <memory-copied type="nursery" objects="4185" bytes="101240" bytesdiscarded="125320" />
  <memory-copied type="tenure" objects="1870" bytes="44880" bytesdiscarded="16" />
</gc-op>
<heap-resize id="657" type="expand" space="nursery" amount="917504" count="1" timems="0.014" reason="excessive time being spent scavenging" timestamp="2019-06-16T01:51:49.034" />
<gc-end id="658" type="scavenge" contextid="653" durationms="2.519" usertimems="4.000" systemtimems="0.000" timestamp="2019-06-16T01:51:49.034" activeThreads="4">
  <mem-info id="659" free="8965304" total="15335424" percent="58">
    <mem type="nursery" free="8227584" total="9437184" percent="87">
      <mem type="allocate" free="8227584" total="8454144" percent="97" />
      <mem type="survivor" free="0" total="983040" percent="0" />
    </mem>
    <mem type="tenure" free="737720" total="5898240" percent="12">
      <mem type="soa" free="487864" total="5603328" percent="8" />
      <mem type="loa" free="249856" total="294912" percent="84" />
    </mem>
    <remembered-set count="4156" />
  </mem-info>
</gc-end>
<cycle-end id="660" type="scavenge" contextid="653" timestamp="2019-06-16T01:51:49.034" />
  <attribute name="elasticGC enabled" value="1" />
  <attribute name= "numThreadsSpecified" value="4" />
  <attribute name="heapSize specified" value="8912896" />
  <attribute name="Current GC Util" value="10" />
  <attribute name= "Current Time Running" value="1322" />
  <attribute name ="GC Interval" value="200" />
  <attribute name="ProportionalT" value="-15.000000" />
  <attribute name="ProportionalI" value="-15.000000" />
  <attribute name="ProportionalH" value="-15.000000" />
  <attribute name="Current Error" value="-10.000000" />
  <attribute name="IntegralT" value="-80.000000" />
  <attribute name="IntegralI" value="-80.000000" />
  <attribute name="IntegralH" value="-80.000000" />
  <attribute name="DerivativeT" value="-1.250000" />
  <attribute name="DerivativeI" value="-1.250000" />
  <attribute name="DerivativeH" value="-1.250000" />
  <attribute name="Loop Time for DT" value="8.000000" />
  <attribute name="Output H" value="2092630016"/>
  <attribute name="Output I" value="200"/>
  <attribute name="Output T" value="4"/>
  <attribute name="Target GC Util Change" value ="20.000000" />
  <attribute name="Current GC Util Change" value="10.000000"/>
  <attribute name="GC Util currently" value="10" />
  <attribute name="CPU Util currently" value="575619340456" />
<allocation-satisfied id="661" threadId="0000000001576900" bytesRequested="40" />
<af-end id="662" timestamp="2019-06-16T01:51:49.035" threadId="0000000001577288" success="true" from="nursery"/>
<exclusive-end id="663" timestamp="2019-06-16T01:51:49.035" durationms="3.139" />

<exclusive-start id="664" timestamp="2019-06-16T01:51:49.041" intervalms="9.023">
  <response-info timems="0.021" idlems="0.021" threads="0" lastid="0000000001576900" lastname="Thread-10" />
</exclusive-start>
<af-start id="665" threadId="0000000001577288" totalBytesRequested="40" timestamp="2019-06-16T01:51:49.041" intervalms="9.044" type="nursery" />
<cycle-start id="666" type="scavenge" contextid="0" timestamp="2019-06-16T01:51:49.041" intervalms="9.044" />
<gc-start id="667" type="scavenge" contextid="666" timestamp="2019-06-16T01:51:49.041">
  <mem-info id="668" free="737720" total="15335424" percent="4">
    <mem type="nursery" free="0" total="9437184" percent="0">
      <mem type="allocate" free="0" total="8454144" percent="0" />
      <mem type="survivor" free="0" total="983040" percent="0" />
    </mem>
    <mem type="tenure" free="737720" total="5898240" percent="12">
      <mem type="soa" free="487864" total="5603328" percent="8" />
      <mem type="loa" free="249856" total="294912" percent="84" />
    </mem>
    <remembered-set count="5520" />
  </mem-info>
</gc-start>
<allocation-stats totalBytes="8226296" >
  <allocated-bytes non-tlh="40" tlh="8226256" />
  <largest-consumer threadName="Thread-7" threadId="0000000001572D00" bytes="2178872" />
</allocation-stats>
<gc-op id="669" type="scavenge" timems="1.557" contextid="666" timestamp="2019-06-16T01:51:49.042">
  <scavenger-info tenureage="3" tenuremask="ffc8" tiltratio="89" />
  <memory-copied type="nursery" objects="4398" bytes="106624" bytesdiscarded="50048" />
  <memory-copied type="tenure" objects="1216" bytes="29184" bytesdiscarded="0" />
</gc-op>
<heap-resize id="670" type="expand" space="nursery" amount="524288" count="1" timems="0.011" reason="excessive time being spent scavenging" timestamp="2019-06-16T01:51:49.043" />
<gc-end id="671" type="scavenge" contextid="666" durationms="1.958" usertimems="0.000" systemtimems="0.000" timestamp="2019-06-16T01:51:49.043" activeThreads="4">
  <mem-info id="672" free="9454776" total="15859712" percent="59">
    <mem type="nursery" free="8756224" total="9961472" percent="87">
      <mem type="allocate" free="8756224" total="8912896" percent="98" />
      <mem type="survivor" free="0" total="1048576" percent="0" />
    </mem>
    <mem type="tenure" free="698552" total="5898240" percent="11">
      <mem type="soa" free="448696" total="5603328" percent="8" />
      <mem type="loa" free="249856" total="294912" percent="84" />
    </mem>
    <remembered-set count="4304" />
  </mem-info>
</gc-end>
<cycle-end id="673" type="scavenge" contextid="666" timestamp="2019-06-16T01:51:49.043" />
  <attribute name="elasticGC enabled" value="1" />
  <attribute name= "numThreadsSpecified" value="4" />
  <attribute name="heapSize specified" value="8912896" />
  <attribute name="Current GC Util" value="39" />
  <attribute name= "Current Time Running" value="1331" />
  <attribute name ="GC Interval" value="208" />
  <attribute name="ProportionalT" value="28.500000" />
  <attribute name="ProportionalI" value="28.500000" />
  <attribute name="ProportionalH" value="28.500000" />
  <attribute name="Current Error" value="19.000000" />
  <attribute name="IntegralT" value="171.000000" />
  <attribute name="IntegralI" value="171.000000" />
  <attribute name="IntegralH" value="171.000000" />
  <attribute name="DerivativeT" value="2.111111" />
  <attribute name="DerivativeI" value="2.111111" />
  <attribute name="DerivativeH" value="2.111111" />
  <attribute name="Loop Time for DT" value="9.000000" />
  <attribute name="Output H" value="8388608"/>
  <attribute name="Output I" value="208"/>
  <attribute name="Output T" value="4"/>
  <attribute name="Target GC Util Change" value ="20.000000" />
  <attribute name="Current GC Util Change" value="39.000000"/>
  <attribute name="GC Util currently" value="39" />
  <attribute name="CPU Util currently" value="510398982334" />
<allocation-satisfied id="674" threadId="0000000001576900" bytesRequested="40" />
<af-end id="675" timestamp="2019-06-16T01:51:49.043" threadId="0000000001577288" success="true" from="nursery"/>
<exclusive-end id="676" timestamp="2019-06-16T01:51:49.043" durationms="2.610" />

<exclusive-start id="677" timestamp="2019-06-16T01:51:49.051" intervalms="9.944">
  <response-info timems="0.024" idlems="0.024" threads="0" lastid="0000000001572D00" lastname="Thread-7" />
</exclusive-start>
<af-start id="678" threadId="0000000001573688" totalBytesRequested="24" timestamp="2019-06-16T01:51:49.051" intervalms="9.929" type="nursery" />
<cycle-start id="679" type="scavenge" contextid="0" timestamp="2019-06-16T01:51:49.051" intervalms="9.939" />
<gc-start id="680" type="scavenge" contextid="679" timestamp="2019-06-16T01:51:49.051">
  <mem-info id="681" free="698552" total="15859712" percent="4">
    <mem type="nursery" free="0" total="9961472" percent="0">
      <mem type="allocate" free="0" total="8912896" percent="0" />
      <mem type="survivor" free="0" total="1048576" percent="0" />
    </mem>
    <mem type="tenure" free="698552" total="5898240" percent="11">
      <mem type="soa" free="448696" total="5603328" percent="8" />
      <mem type="loa" free="249856" total="294912" percent="84" />
    </mem>
    <remembered-set count="6170" />
  </mem-info>
</gc-start>
<allocation-stats totalBytes="8754976" >
  <allocated-bytes non-tlh="40" tlh="8754936" />
  <largest-consumer threadName="Thread-10" threadId="0000000001576900" bytes="2588440" />
</allocation-stats>
<gc-op id="682" type="scavenge" timems="0.534" contextid="679" timestamp="2019-06-16T01:51:49.051">
  <scavenger-info tenureage="5" tenuremask="ffe0" tiltratio="89" />
  <memory-copied type="nursery" objects="6989" bytes="168288" bytesdiscarded="312480" />
</gc-op>
<gc-end id="683" type="scavenge" contextid="679" durationms="0.743" usertimems="0.000" systemtimems="0.000" timestamp="2019-06-16T01:51:49.052" activeThreads="4">
  <mem-info id="684" free="9130680" total="15859712" percent="57">
    <mem type="nursery" free="8432128" total="9961472" percent="84">
      <mem type="allocate" free="8432128" total="8912896" percent="94" />
      <mem type="survivor" free="0" total="1048576" percent="0" />
    </mem>
    <mem type="tenure" free="698552" total="5898240" percent="11">
      <mem type="soa" free="448696" total="5603328" percent="8" />
      <mem type="loa" free="249856" total="294912" percent="84" />
    </mem>
    <remembered-set count="6170" />
  </mem-info>
</gc-end>
<cycle-end id="685" type="scavenge" contextid="679" timestamp="2019-06-16T01:51:49.052" />
  <attribute name="elasticGC enabled" value="1" />
  <attribute name= "numThreadsSpecified" value="4" />
  <attribute name="heapSize specified" value="8912896" />
  <attribute name="Current GC Util" value="23" />
  <attribute name= "Current Time Running" value="1341" />
  <attribute name ="GC Interval" value="200" />
  <attribute name="ProportionalT" value="4.500000" />
  <attribute name="ProportionalI" value="4.500000" />
  <attribute name="ProportionalH" value="4.500000" />
  <attribute name="Current Error" value="3.000000" />
  <attribute name="IntegralT" value="30.000000" />
  <attribute name="IntegralI" value="30.000000" />
  <attribute name="IntegralH" value="30.000000" />
  <attribute name="DerivativeT" value="-1.600000" />
  <attribute name="DerivativeI" value="-1.600000" />
  <attribute name="DerivativeH" value="-1.600000" />
  <attribute name="Loop Time for DT" value="10.000000" />
  <attribute name="Output H" value="8388608"/>
  <attribute name="Output I" value="200"/>
  <attribute name="Output T" value="4"/>
  <attribute name="Target GC Util Change" value ="20.000000" />
  <attribute name="Current GC Util Change" value="23.000000"/>
  <attribute name="GC Util currently" value="23" />
  <attribute name="CPU Util currently" value="462363812061" />
<allocation-satisfied id="686" threadId="0000000001572D00" bytesRequested="24" />
<af-end id="687" timestamp="2019-06-16T01:51:49.052" threadId="0000000001573688" success="true" from="nursery"/>
<exclusive-end id="688" timestamp="2019-06-16T01:51:49.052" durationms="1.217" />

<exclusive-start id="689" timestamp="2019-06-16T01:51:49.059" intervalms="8.037">
  <response-info timems="0.024" idlems="0.024" threads="0" lastid="000000000157E100" lastname="Thread-9" />
</exclusive-start>
<af-start id="690" threadId="000000000157EA88" totalBytesRequested="40" timestamp="2019-06-16T01:51:49.059" intervalms="8.028" type="nursery" />
<cycle-start id="691" type="scavenge" contextid="0" timestamp="2019-06-16T01:51:49.059" intervalms="8.024" />
<gc-start id="692" type="scavenge" contextid="691" timestamp="2019-06-16T01:51:49.059">
  <mem-info id="693" free="698552" total="15859712" percent="4">
    <mem type="nursery" free="0" total="9961472" percent="0">
      <mem type="allocate" free="0" total="8912896" percent="0" />
      <mem type="survivor" free="0" total="1048576" percent="0" />
    </mem>
    <mem type="tenure" free="698552" total="5898240" percent="11">
      <mem type="soa" free="448696" total="5603328" percent="8" />
      <mem type="loa" free="249856" total="294912" percent="84" />
    </mem>
    <remembered-set count="6810" />
  </mem-info>
</gc-start>
<allocation-stats totalBytes="8430728" >
  <allocated-bytes non-tlh="24" tlh="8430704" />
  <largest-consumer threadName="Thread-8" threadId="000000000157A500" bytes="2457272" />
</allocation-stats>
<gc-op id="694" type="scavenge" timems="1.040" contextid="691" timestamp="2019-06-16T01:51:49.060">
  <scavenger-info tenureage="3" tenuremask="fff8" tiltratio="89" />
  <memory-copied type="nursery" objects="16490" bytes="671176" bytesdiscarded="185408" />
  <memory-copied type="tenure" objects="2852" bytes="68448" bytesdiscarded="0" />
</gc-op>
<heap-resize id="695" type="expand" space="nursery" amount="655360" count="1" timems="0.014" reason="excessive time being spent scavenging" timestamp="2019-06-16T01:51:49.060" />
<gc-end id="696" type="scavenge" contextid="691" durationms="1.298" usertimems="0.000" systemtimems="0.000" timestamp="2019-06-16T01:51:49.060" activeThreads="4">
  <mem-info id="697" free="9104560" total="16515072" percent="55">
    <mem type="nursery" free="8515064" total="10616832" percent="80">
      <mem type="allocate" free="8515064" total="9371648" percent="90" />
      <mem type="survivor" free="0" total="1245184" percent="0" />
    </mem>
    <mem type="tenure" free="589496" total="5898240" percent="9">
      <mem type="soa" free="339640" total="5603328" percent="6" />
      <mem type="loa" free="249856" total="294912" percent="84" />
    </mem>
    <remembered-set count="3958" />
  </mem-info>
</gc-end>
<cycle-end id="698" type="scavenge" contextid="691" timestamp="2019-06-16T01:51:49.060" />
  <attribute name="elasticGC enabled" value="1" />
  <attribute name= "numThreadsSpecified" value="4" />
  <attribute name="heapSize specified" value="8912896" />
  <attribute name="Current GC Util" value="19" />
  <attribute name= "Current Time Running" value="1349" />
  <attribute name ="GC Interval" value="200" />
  <attribute name="ProportionalT" value="-1.500000" />
  <attribute name="ProportionalI" value="-1.500000" />
  <attribute name="ProportionalH" value="-1.500000" />
  <attribute name="Current Error" value="-1.000000" />
  <attribute name="IntegralT" value="-8.000000" />
  <attribute name="IntegralI" value="-8.000000" />
  <attribute name="IntegralH" value="-8.000000" />
  <attribute name="DerivativeT" value="-0.500000" />
  <attribute name="DerivativeI" value="-0.500000" />
  <attribute name="DerivativeH" value="-0.500000" />
  <attribute name="Loop Time for DT" value="8.000000" />
  <attribute name="Output H" value="2092630016"/>
  <attribute name="Output I" value="200"/>
  <attribute name="Output T" value="4"/>
  <attribute name="Target GC Util Change" value ="20.000000" />
  <attribute name="Current GC Util Change" value="19.000000"/>
  <attribute name="GC Util currently" value="19" />
  <attribute name="CPU Util currently" value="575866889274" />
<allocation-satisfied id="699" threadId="000000000157E100" bytesRequested="40" />
<af-end id="700" timestamp="2019-06-16T01:51:49.060" threadId="000000000157EA88" success="true" from="nursery"/>
<exclusive-end id="701" timestamp="2019-06-16T01:51:49.060" durationms="1.729" />

<exclusive-start id="702" timestamp="2019-06-16T01:51:49.066" intervalms="7.737">
  <response-info timems="0.023" idlems="0.023" threads="0" lastid="0000000001572D00" lastname="Thread-7" />
</exclusive-start>
<af-start id="703" threadId="0000000001573688" totalBytesRequested="40" timestamp="2019-06-16T01:51:49.066" intervalms="7.735" type="nursery" />
<cycle-start id="704" type="scavenge" contextid="0" timestamp="2019-06-16T01:51:49.066" intervalms="7.732" />
<gc-start id="705" type="scavenge" contextid="704" timestamp="2019-06-16T01:51:49.067">
  <mem-info id="706" free="589496" total="16515072" percent="3">
    <mem type="nursery" free="0" total="10616832" percent="0">
      <mem type="allocate" free="0" total="9371648" percent="0" />
      <mem type="survivor" free="0" total="1245184" percent="0" />
    </mem>
    <mem type="tenure" free="589496" total="5898240" percent="9">
      <mem type="soa" free="339640" total="5603328" percent="6" />
      <mem type="loa" free="249856" total="294912" percent="84" />
    </mem>
    <remembered-set count="4128" />
  </mem-info>
</gc-start>
<allocation-stats totalBytes="8513984" >
  <allocated-bytes non-tlh="40" tlh="8513944" />
  <largest-consumer threadName="Thread-8" threadId="000000000157A500" bytes="2326176" />
</allocation-stats>
<gc-op id="707" type="scavenge" timems="1.744" contextid="704" timestamp="2019-06-16T01:51:49.068">
  <scavenger-info tenureage="3" tenuremask="ffc8" tiltratio="88" />
  <memory-copied type="nursery" objects="21563" bytes="930952" bytesdiscarded="80360" />
  <memory-copied type="tenure" objects="1367" bytes="32808" bytesdiscarded="0" />
</gc-op>
<heap-resize id="708" type="expand" space="nursery" amount="655360" count="1" timems="0.021" reason="excessive time being spent scavenging" timestamp="2019-06-16T01:51:49.068" />
<gc-end id="709" type="scavenge" contextid="704" durationms="2.009" usertimems="8.000" systemtimems="0.000" timestamp="2019-06-16T01:51:49.069" activeThreads="4">
  <mem-info id="710" free="9474120" total="17170432" percent="55">
    <mem type="nursery" free="8884624" total="11272192" percent="78">
      <mem type="allocate" free="8884624" total="9895936" percent="89" />
      <mem type="survivor" free="0" total="1376256" percent="0" />
    </mem>
    <mem type="tenure" free="589496" total="5898240" percent="9">
      <mem type="soa" free="339640" total="5603328" percent="6" />
      <mem type="loa" free="249856" total="294912" percent="84" />
    </mem>
    <remembered-set count="2759" />
  </mem-info>
</gc-end>
<cycle-end id="711" type="scavenge" contextid="704" timestamp="2019-06-16T01:51:49.069" />
  <attribute name="elasticGC enabled" value="1" />
  <attribute name= "numThreadsSpecified" value="4" />
  <attribute name="heapSize specified" value="8912896" />
  <attribute name="Current GC Util" value="36" />
  <attribute name= "Current Time Running" value="1357" />
  <attribute name ="GC Interval" value="200" />
  <attribute name="ProportionalT" value="24.000000" />
  <attribute name="ProportionalI" value="24.000000" />
  <attribute name="ProportionalH" value="24.000000" />
  <attribute name="Current Error" value="16.000000" />
  <attribute name="IntegralT" value="128.000000" />
  <attribute name="IntegralI" value="128.000000" />
  <attribute name="IntegralH" value="128.000000" />
  <attribute name="DerivativeT" value="2.000000" />
  <attribute name="DerivativeI" value="2.000000" />
  <attribute name="DerivativeH" value="2.000000" />
  <attribute name="Loop Time for DT" value="8.000000" />
  <attribute name="Output H" value="8388608"/>
  <attribute name="Output I" value="200"/>
  <attribute name="Output T" value="4"/>
  <attribute name="Target GC Util Change" value ="20.000000" />
  <attribute name="Current GC Util Change" value="36.000000"/>
  <attribute name="GC Util currently" value="36" />
  <attribute name="CPU Util currently" value="596577031231" />
<allocation-satisfied id="712" threadId="0000000001572D00" bytesRequested="40" />
<af-end id="713" timestamp="2019-06-16T01:51:49.069" threadId="0000000001573688" success="true" from="nursery"/>
<exclusive-end id="714" timestamp="2019-06-16T01:51:49.069" durationms="2.452" />

<exclusive-start id="715" timestamp="2019-06-16T01:51:49.075" intervalms="8.675">
  <response-info timems="0.022" idlems="0.022" threads="0" lastid="0000000001572D00" lastname="Thread-7" />
</exclusive-start>
<af-start id="716" threadId="0000000001573688" totalBytesRequested="40" timestamp="2019-06-16T01:51:49.075" intervalms="8.669" type="nursery" />
<cycle-start id="717" type="scavenge" contextid="0" timestamp="2019-06-16T01:51:49.075" intervalms="8.669" />
<gc-start id="718" type="scavenge" contextid="717" timestamp="2019-06-16T01:51:49.075">
  <mem-info id="719" free="589496" total="17170432" percent="3">
    <mem type="nursery" free="0" total="11272192" percent="0">
      <mem type="allocate" free="0" total="9895936" percent="0" />
      <mem type="survivor" free="0" total="1376256" percent="0" />
    </mem>
    <mem type="tenure" free="589496" total="5898240" percent="9">
      <mem type="soa" free="339640" total="5603328" percent="6" />
      <mem type="loa" free="249856" total="294912" percent="84" />
    </mem>
    <remembered-set count="2932" />
  </mem-info>
</gc-start>
<allocation-stats totalBytes="8883432" >
  <allocated-bytes non-tlh="40" tlh="8883392" />
  <largest-consumer threadName="Thread-10" threadId="0000000001576900" bytes="2326136" />
</allocation-stats>
<gc-op id="720" type="scavenge" timems="1.500" contextid="717" timestamp="2019-06-16T01:51:49.077">
  <scavenger-info tenureage="2" tenuremask="ffec" tiltratio="87" />
  <memory-copied type="nursery" objects="11691" bytes="491816" bytesdiscarded="251608" />
  <memory-copied type="tenure" objects="11205" bytes="470760" bytesdiscarded="120" />
  <copy-failed type="tenure" objects="3809" bytes="164328" />
</gc-op>
<heap-resize id="721" type="expand" space="nursery" amount="655360" count="1" timems="0.018" reason="excessive time being spent scavenging" timestamp="2019-06-16T01:51:49.077" />
<gc-end id="722" type="scavenge" contextid="717" durationms="1.764" usertimems="4.000" systemtimems="0.000" timestamp="2019-06-16T01:51:49.077" activeThreads="4">
  <mem-info id="723" free="10057728" total="17825792" percent="56">
    <mem type="nursery" free="9807872" total="11927552" percent="82">
      <mem type="allocate" free="9807872" total="10551296" percent="92" />
      <mem type="survivor" free="0" total="1376256" percent="0" />
    </mem>
    <mem type="tenure" free="249856" total="5898240" percent="4">
      <mem type="soa" free="0" total="5603328" percent="0" />
      <mem type="loa" free="249856" total="294912" percent="84" />
    </mem>
    <remembered-set count="1441" />
  </mem-info>
</gc-end>
<cycle-end id="724" type="scavenge" contextid="717" timestamp="2019-06-16T01:51:49.077" />
  <attribute name="elasticGC enabled" value="1" />
  <attribute name= "numThreadsSpecified" value="4" />
  <attribute name="heapSize specified" value="8912896" />
  <attribute name="Current GC Util" value="52" />
  <attribute name= "Current Time Running" value="1365" />
  <attribute name ="GC Interval" value="312" />
  <attribute name="ProportionalT" value="48.000000" />
  <attribute name="ProportionalI" value="48.000000" />
  <attribute name="ProportionalH" value="48.000000" />
  <attribute name="Current Error" value="32.000000" />
  <attribute name="IntegralT" value="256.000000" />
  <attribute name="IntegralI" value="256.000000" />
  <attribute name="IntegralH" value="256.000000" />
  <attribute name="DerivativeT" value="2.000000" />
  <attribute name="DerivativeI" value="2.000000" />
  <attribute name="DerivativeH" value="2.000000" />
  <attribute name="Loop Time for DT" value="8.000000" />
  <attribute name="Output H" value="8388608"/>
  <attribute name="Output I" value="312"/>
  <attribute name="Output T" value="4"/>
  <attribute name="Target GC Util Change" value ="20.000000" />
  <attribute name="Current GC Util Change" value="52.000000"/>
  <attribute name="GC Util currently" value="52" />
  <attribute name="CPU Util currently" value="532165368821" />
<allocation-satisfied id="725" threadId="0000000001572D00" bytesRequested="40" />
<af-end id="726" timestamp="2019-06-16T01:51:49.077" threadId="0000000001573688" success="true" from="nursery"/>
<exclusive-end id="727" timestamp="2019-06-16T01:51:49.077" durationms="2.198" />

<concurrent-kickoff id="728" timestamp="2019-06-16T01:51:49.084">
  <kickoff reason="next scavenge will percolate" targetBytes="1603688" thresholdFreeBytes="224750"  remainingFree="108544" tenureFreeBytes="249856" nurseryFreeBytes="108544" />
</concurrent-kickoff>
<exclusive-start id="729" timestamp="2019-06-16T01:51:49.084" intervalms="9.052">
  <response-info timems="0.039" idlems="0.039" threads="0" lastid="0000000001576900" lastname="Thread-10" />
</exclusive-start>
<cycle-start id="730" type="global" contextid="0" timestamp="2019-06-16T01:51:49.084" intervalms="319.219" />
<exclusive-end id="731" timestamp="2019-06-16T01:51:49.084" durationms="0.111" />

<exclusive-start id="732" timestamp="2019-06-16T01:51:49.085" intervalms="0.437">
  <response-info timems="0.026" idlems="0.026" threads="0" lastid="000000000157A500" lastname="Thread-8" />
</exclusive-start>
<af-start id="733" threadId="000000000157AE88" totalBytesRequested="40" timestamp="2019-06-16T01:51:49.085" intervalms="9.479" type="nursery" />
<percolate-collect id="734" from="nursery" to="global" reason="failed tenure threshold reached" timestamp="2019-06-16T01:51:49.085"/>
<concurrent-aborted id="735" timestamp="2019-06-16T01:51:49.085">
  <reason value="insufficient progress made" />
</concurrent-aborted>
<cycle-end id="736" type="global" contextid="730" timestamp="2019-06-16T01:51:49.085" />
  <attribute name="elasticGC enabled" value="1" />
  <attribute name= "numThreadsSpecified" value="4" />
  <attribute name="heapSize specified" value="8912896" />
  <attribute name="Current GC Util" value="52" />
  <attribute name= "Current Time Running" value="1365" />
  <attribute name ="GC Interval" value="312" />
  <attribute name="ProportionalT" value="48.000000" />
  <attribute name="ProportionalI" value="48.000000" />
  <attribute name="ProportionalH" value="48.000000" />
  <attribute name="Current Error" value="32.000000" />
  <attribute name="IntegralT" value="256.000000" />
  <attribute name="IntegralI" value="256.000000" />
  <attribute name="IntegralH" value="256.000000" />
  <attribute name="DerivativeT" value="2.000000" />
  <attribute name="DerivativeI" value="2.000000" />
  <attribute name="DerivativeH" value="2.000000" />
  <attribute name="Loop Time for DT" value="8.000000" />
  <attribute name="Output H" value="8388608"/>
  <attribute name="Output I" value="312"/>
  <attribute name="Output T" value="4"/>
  <attribute name="Target GC Util Change" value ="20.000000" />
  <attribute name="Current GC Util Change" value="52.000000"/>
  <attribute name="GC Util currently" value="52" />
  <attribute name="CPU Util currently" value="532165368821" />
<cycle-start id="737" type="global" contextid="0" timestamp="2019-06-16T01:51:49.085" intervalms="0.620" />
<gc-start id="738" type="global" contextid="737" timestamp="2019-06-16T01:51:49.085">
  <mem-info id="739" free="249856" total="17825792" percent="1">
    <mem type="nursery" free="0" total="11927552" percent="0">
      <mem type="allocate" free="0" total="10551296" percent="0" />
      <mem type="survivor" free="0" total="1376256" percent="0" />
    </mem>
    <mem type="tenure" free="249856" total="5898240" percent="4">
      <mem type="soa" free="0" total="5603328" percent="0" />
      <mem type="loa" free="249856" total="294912" percent="84" />
    </mem>
    <remembered-set count="2380" />
  </mem-info>
</gc-start>
<allocation-stats totalBytes="9806296" >
  <allocated-bytes non-tlh="40" tlh="9806256" />
  <largest-consumer threadName="Thread-7" threadId="0000000001572D00" bytes="2588320" />
</allocation-stats>
<gc-op id="740" type="mark" timems="1.141" contextid="737" timestamp="2019-06-16T01:51:49.086">
  <trace-info objectcount="72382" scancount="63949" scanbytes="2437760" />
  <finalization candidates="124" enqueued="0" />
  <ownableSynchronizers candidates="3" cleared="0" />
  <references type="soft" candidates="148" cleared="0" enqueued="0" dynamicThreshold="12" maxThreshold="32" />
  <references type="weak" candidates="693" cleared="0" enqueued="0" />
  <references type="phantom" candidates="38" cleared="0" enqueued="0" />
  <stringconstants candidates="4597" cleared="0"  />
</gc-op>
<gc-op id="741" type="sweep" timems="0.210" contextid="737" timestamp="2019-06-16T01:51:49.086" />
<mem-info id="742" free="11842408" total="17825792" percent="66">
  <mem type="nursery" free="9970944" total="11927552" percent="83">
    <mem type="allocate" free="9970944" total="10551296" percent="94" />
    <mem type="survivor" free="0" total="1376256" percent="0" />
  </mem>
  <mem type="tenure" free="1871464" total="5898240" percent="31" micro-fragmented="70822" macro-fragmented="0">
    <mem type="soa" free="1576552" total="5603328" percent="28" />
    <mem type="loa" free="294912" total="294912" percent="100" />
  </mem>
  <remembered-set count="2378" />
</mem-info>
<gc-op id="743" type="compact" timems="7.443" contextid="737" timestamp="2019-06-16T01:51:49.094">
  <compact-info movecount="52663" movebytes="3567560" reason="compact to aid heap contraction" />
</gc-op>
<heap-resize id="744" type="contract" space="tenure" amount="262144" count="1" timems="0.079" reason="heap reconfiguration" timestamp="2019-06-16T01:51:49.094" />
<gc-end id="745" type="global" contextid="737" durationms="9.405" usertimems="12.000" systemtimems="0.000" timestamp="2019-06-16T01:51:49.094" activeThreads="4">
  <mem-info id="746" free="11748560" total="17563648" percent="66">
    <mem type="nursery" free="10048664" total="11927552" percent="84">
      <mem type="allocate" free="10048664" total="10551296" percent="95" />
      <mem type="survivor" free="0" total="1376256" percent="0" />
    </mem>
    <mem type="tenure" free="1699896" total="5636096" percent="30">
      <mem type="soa" free="1451064" total="5354496" percent="27" />
      <mem type="loa" free="248832" total="281600" percent="88" />
    </mem>
    <remembered-set count="2378" />
  </mem-info>
</gc-end>
<cycle-end id="747" type="global" contextid="737" timestamp="2019-06-16T01:51:49.094" />
  <attribute name="elasticGC enabled" value="1" />
  <attribute name= "numThreadsSpecified" value="4" />
  <attribute name="heapSize specified" value="17825792" />
  <attribute name="Current GC Util" value="30" />
  <attribute name= "Current Time Running" value="1384" />
  <attribute name ="GC Interval" value="312" />
  <attribute name="ProportionalT" value="15.000000" />
  <attribute name="ProportionalI" value="15.000000" />
  <attribute name="ProportionalH" value="15.000000" />
  <attribute name="Current Error" value="10.000000" />
  <attribute name="IntegralT" value="70.000000" />
  <attribute name="IntegralI" value="70.000000" />
  <attribute name="IntegralH" value="70.000000" />
  <attribute name="DerivativeT" value="-2.428571" />
  <attribute name="DerivativeI" value="-2.428571" />
  <attribute name="DerivativeH" value="-2.428571" />
  <attribute name="Loop Time for DT" value="7.000000" />
  <attribute name="Output H" value="8388608"/>
  <attribute name="Output I" value="200"/>
  <attribute name="Output T" value="4"/>
  <attribute name="Target GC Util Change" value ="20.000000" />
  <attribute name="Current GC Util Change" value="30.000000"/>
  <attribute name="GC Util currently" value="30" />
  <attribute name="CPU Util currently" value="615452925873" />
<allocation-satisfied id="748" threadId="000000000157A500" bytesRequested="40" />
<af-end id="749" timestamp="2019-06-16T01:51:49.094" threadId="000000000157AE88" success="true" from="nursery"/>
<exclusive-end id="750" timestamp="2019-06-16T01:51:49.094" durationms="9.879" />

<exclusive-start id="751" timestamp="2019-06-16T01:51:49.102" intervalms="17.444">
  <response-info timems="0.023" idlems="0.023" threads="0" lastid="000000000157E100" lastname="Thread-9" />
</exclusive-start>
<af-start id="752" threadId="000000000157EA88" totalBytesRequested="40" timestamp="2019-06-16T01:51:49.102" intervalms="17.462" type="nursery" />
<cycle-start id="753" type="scavenge" contextid="0" timestamp="2019-06-16T01:51:49.102" intervalms="26.942" />
<gc-start id="754" type="scavenge" contextid="753" timestamp="2019-06-16T01:51:49.102">
  <mem-info id="755" free="1699896" total="17563648" percent="9">
    <mem type="nursery" free="0" total="11927552" percent="0">
      <mem type="allocate" free="0" total="10551296" percent="0" />
      <mem type="survivor" free="0" total="1376256" percent="0" />
    </mem>
    <mem type="tenure" free="1699896" total="5636096" percent="30">
      <mem type="soa" free="1451064" total="5354496" percent="27" />
      <mem type="loa" free="248832" total="281600" percent="88" />
    </mem>
    <remembered-set count="3196" />
  </mem-info>
</gc-start>
<allocation-stats totalBytes="10047160" >
  <allocated-bytes non-tlh="40" tlh="10047120" />
  <largest-consumer threadName="Thread-10" threadId="0000000001576900" bytes="2806504" />
</allocation-stats>
<gc-op id="756" type="scavenge" timems="1.839" contextid="753" timestamp="2019-06-16T01:51:49.104">
  <scavenger-info tenureage="3" tenuremask="fff8" tiltratio="88" />
  <memory-copied type="nursery" objects="16540" bytes="673040" bytesdiscarded="126448" />
  <memory-copied type="tenure" objects="3297" bytes="152040" bytesdiscarded="24" />
  <ownableSynchronizers candidates="6" cleared="6" />
</gc-op>
<gc-end id="757" type="scavenge" contextid="753" durationms="2.028" usertimems="4.000" systemtimems="0.000" timestamp="2019-06-16T01:51:49.104" activeThreads="4">
  <mem-info id="758" free="11333944" total="17563648" percent="64">
    <mem type="nursery" free="9882880" total="11927552" percent="82">
      <mem type="allocate" free="9882880" total="10682368" percent="92" />
      <mem type="survivor" free="0" total="1245184" percent="0" />
    </mem>
    <mem type="tenure" free="1451064" total="5636096" percent="25">
      <mem type="soa" free="1202232" total="5354496" percent="22" />
      <mem type="loa" free="248832" total="281600" percent="88" />
    </mem>
    <remembered-set count="4699" />
  </mem-info>
</gc-end>
<cycle-end id="759" type="scavenge" contextid="753" timestamp="2019-06-16T01:51:49.104" />
  <attribute name="elasticGC enabled" value="1" />
  <attribute name= "numThreadsSpecified" value="4" />
  <attribute name="heapSize specified" value="17825792" />
  <attribute name="Current GC Util" value="209" />
  <attribute name= "Current Time Running" value="1392" />
  <attribute name ="GC Interval" value="1824" />
  <attribute name="ProportionalT" value="283.500000" />
  <attribute name="ProportionalI" value="283.500000" />
  <attribute name="ProportionalH" value="283.500000" />
  <attribute name="Current Error" value="189.000000" />
  <attribute name="IntegralT" value="1512.000000" />
  <attribute name="IntegralI" value="1512.000000" />
  <attribute name="IntegralH" value="1512.000000" />
  <attribute name="DerivativeT" value="22.375000" />
  <attribute name="DerivativeI" value="22.375000" />
  <attribute name="DerivativeH" value="22.375000" />
  <attribute name="Loop Time for DT" value="8.000000" />
  <attribute name="Output H" value="8388608"/>
  <attribute name="Output I" value="1824"/>
  <attribute name="Output T" value="4"/>
  <attribute name="Target GC Util Change" value ="20.000000" />
  <attribute name="Current GC Util Change" value="209.000000"/>
  <attribute name="GC Util currently" value="209" />
  <attribute name="CPU Util currently" value="549458441003" />
<allocation-satisfied id="760" threadId="000000000157E100" bytesRequested="40" />
<af-end id="761" timestamp="2019-06-16T01:51:49.104" threadId="000000000157EA88" success="true" from="nursery"/>
<exclusive-end id="762" timestamp="2019-06-16T01:51:49.104" durationms="2.467" />

<exclusive-start id="763" timestamp="2019-06-16T01:51:49.116" intervalms="14.325">
  <response-info timems="2.572" idlems="1.296" threads="1" lastid="0000000001572D00" lastname="Thread-7" />
</exclusive-start>
<af-start id="764" threadId="000000000157EA88" totalBytesRequested="40" timestamp="2019-06-16T01:51:49.116" intervalms="14.341" type="nursery" />
<cycle-start id="765" type="scavenge" contextid="0" timestamp="2019-06-16T01:51:49.116" intervalms="14.340" />
<gc-start id="766" type="scavenge" contextid="765" timestamp="2019-06-16T01:51:49.117">
  <mem-info id="767" free="1451064" total="17563648" percent="8">
    <mem type="nursery" free="0" total="11927552" percent="0">
      <mem type="allocate" free="0" total="10682368" percent="0" />
      <mem type="survivor" free="0" total="1245184" percent="0" />
    </mem>
    <mem type="tenure" free="1451064" total="5636096" percent="25">
      <mem type="soa" free="1202232" total="5354496" percent="22" />
      <mem type="loa" free="248832" total="281600" percent="88" />
    </mem>
    <remembered-set count="6304" />
  </mem-info>
</gc-start>
<allocation-stats totalBytes="9881648" >
  <allocated-bytes non-tlh="40" tlh="9881608" />
  <largest-consumer threadName="Thread-10" threadId="0000000001576900" bytes="3374672" />
</allocation-stats>
<gc-op id="768" type="scavenge" timems="0.931" contextid="765" timestamp="2019-06-16T01:51:49.118">
  <scavenger-info tenureage="6" tenuremask="ffc0" tiltratio="89" />
  <memory-copied type="nursery" objects="24400" bytes="999008" bytesdiscarded="101248" />
</gc-op>
<heap-resize id="769" type="expand" space="nursery" amount="655360" count="1" timems="0.014" reason="excessive time being spent scavenging" timestamp="2019-06-16T01:51:49.118" />
<gc-end id="770" type="scavenge" contextid="765" durationms="1.173" usertimems="4.000" systemtimems="0.000" timestamp="2019-06-16T01:51:49.118" activeThreads="4">
  <mem-info id="771" free="11426392" total="18219008" percent="62">
    <mem type="nursery" free="9975328" total="12582912" percent="79">
      <mem type="allocate" free="9975328" total="11075584" percent="90" />
      <mem type="survivor" free="0" total="1507328" percent="0" />
    </mem>
    <mem type="tenure" free="1451064" total="5636096" percent="25">
      <mem type="soa" free="1202232" total="5354496" percent="22" />
      <mem type="loa" free="248832" total="281600" percent="88" />
    </mem>
    <remembered-set count="6291" />
  </mem-info>
</gc-end>
<cycle-end id="772" type="scavenge" contextid="765" timestamp="2019-06-16T01:51:49.118" />
  <attribute name="elasticGC enabled" value="1" />
  <attribute name= "numThreadsSpecified" value="4" />
  <attribute name="heapSize specified" value="17825792" />
  <attribute name="Current GC Util" value="31" />
  <attribute name= "Current Time Running" value="1407" />
  <attribute name ="GC Interval" value="200" />
  <attribute name="ProportionalT" value="16.500000" />
  <attribute name="ProportionalI" value="16.500000" />
  <attribute name="ProportionalH" value="16.500000" />
  <attribute name="Current Error" value="11.000000" />
  <attribute name="IntegralT" value="165.000000" />
  <attribute name="IntegralI" value="165.000000" />
  <attribute name="IntegralH" value="165.000000" />
  <attribute name="DerivativeT" value="-11.866667" />
  <attribute name="DerivativeI" value="-11.866667" />
  <attribute name="DerivativeH" value="-11.866667" />
  <attribute name="Loop Time for DT" value="15.000000" />
  <attribute name="Output H" value="8388608"/>
  <attribute name="Output I" value="200"/>
  <attribute name="Output T" value="4"/>
  <attribute name="Target GC Util Change" value ="20.000000" />
  <attribute name="Current GC Util Change" value="31.000000"/>
  <attribute name="GC Util currently" value="31" />
  <attribute name="CPU Util currently" value="321629936187" />
<allocation-satisfied id="773" threadId="000000000157E100" bytesRequested="40" />
<af-end id="774" timestamp="2019-06-16T01:51:49.118" threadId="000000000157EA88" success="true" from="nursery"/>
<exclusive-end id="775" timestamp="2019-06-16T01:51:49.118" durationms="1.715" />

<exclusive-start id="776" timestamp="2019-06-16T01:51:49.126" intervalms="9.241">
  <response-info timems="0.023" idlems="0.023" threads="0" lastid="0000000001572D00" lastname="Thread-7" />
</exclusive-start>
<af-start id="777" threadId="0000000001573688" totalBytesRequested="24" timestamp="2019-06-16T01:51:49.126" intervalms="9.231" type="nursery" />
<cycle-start id="778" type="scavenge" contextid="0" timestamp="2019-06-16T01:51:49.126" intervalms="9.235" />
<gc-start id="779" type="scavenge" contextid="778" timestamp="2019-06-16T01:51:49.126">
  <mem-info id="780" free="1451064" total="18219008" percent="7">
    <mem type="nursery" free="0" total="12582912" percent="0">
      <mem type="allocate" free="0" total="11075584" percent="0" />
      <mem type="survivor" free="0" total="1507328" percent="0" />
    </mem>
    <mem type="tenure" free="1451064" total="5636096" percent="25">
      <mem type="soa" free="1202232" total="5354496" percent="22" />
      <mem type="loa" free="248832" total="281600" percent="88" />
    </mem>
    <remembered-set count="6595" />
  </mem-info>
</gc-start>
<allocation-stats totalBytes="9973952" >
  <allocated-bytes non-tlh="40" tlh="9973912" />
  <largest-consumer threadName="Thread-10" threadId="0000000001576900" bytes="2719416" />
</allocation-stats>
<gc-op id="781" type="scavenge" timems="1.194" contextid="778" timestamp="2019-06-16T01:51:49.127">
  <scavenger-info tenureage="3" tenuremask="fff8" tiltratio="88" />
  <memory-copied type="nursery" objects="19268" bytes="738528" bytesdiscarded="110736" />
  <memory-copied type="tenure" objects="6989" bytes="305112" bytesdiscarded="0" />
</gc-op>
<heap-resize id="782" type="expand" space="nursery" amount="655360" count="1" timems="0.024" reason="excessive time being spent scavenging" timestamp="2019-06-16T01:51:49.127" />
<gc-end id="783" type="scavenge" contextid="778" durationms="1.467" usertimems="4.000" systemtimems="0.000" timestamp="2019-06-16T01:51:49.127" activeThreads="4">
  <mem-info id="784" free="11946072" total="18874368" percent="63">
    <mem type="nursery" free="10947216" total="13238272" percent="82">
      <mem type="allocate" free="10947216" total="11796480" percent="92" />
      <mem type="survivor" free="0" total="1441792" percent="0" />
    </mem>
    <mem type="tenure" free="998856" total="5636096" percent="17">
      <mem type="soa" free="750024" total="5354496" percent="14" />
      <mem type="loa" free="248832" total="281600" percent="88" />
    </mem>
    <remembered-set count="6129" />
  </mem-info>
</gc-end>
<cycle-end id="785" type="scavenge" contextid="778" timestamp="2019-06-16T01:51:49.127" />
  <attribute name="elasticGC enabled" value="1" />
  <attribute name= "numThreadsSpecified" value="4" />
  <attribute name="heapSize specified" value="17825792" />
  <attribute name="Current GC Util" value="28" />
  <attribute name= "Current Time Running" value="1416" />
  <attribute name ="GC Interval" value="200" />
  <attribute name="ProportionalT" value="12.000000" />
  <attribute name="ProportionalI" value="12.000000" />
  <attribute name="ProportionalH" value="12.000000" />
  <attribute name="Current Error" value="8.000000" />
  <attribute name="IntegralT" value="72.000000" />
  <attribute name="IntegralI" value="72.000000" />
  <attribute name="IntegralH" value="72.000000" />
  <attribute name="DerivativeT" value="-0.333333" />
  <attribute name="DerivativeI" value="-0.333333" />
  <attribute name="DerivativeH" value="-0.333333" />
  <attribute name="Loop Time for DT" value="9.000000" />
  <attribute name="Output H" value="8388608"/>
  <attribute name="Output I" value="200"/>
  <attribute name="Output T" value="4"/>
  <attribute name="Target GC Util Change" value ="20.000000" />
  <attribute name="Current GC Util Change" value="28.000000"/>
  <attribute name="GC Util currently" value="28" />
  <attribute name="CPU Util currently" value="498901629309" />
<allocation-satisfied id="786" threadId="0000000001572D00" bytesRequested="24" />
<af-end id="787" timestamp="2019-06-16T01:51:49.127" threadId="0000000001573688" success="true" from="nursery"/>
<exclusive-end id="788" timestamp="2019-06-16T01:51:49.127" durationms="1.923" />

<exclusive-start id="789" timestamp="2019-06-16T01:51:49.136" intervalms="10.811">
  <response-info timems="0.065" idlems="0.042" threads="1" lastid="000000000157A500" lastname="Thread-8" />
</exclusive-start>
<af-start id="790" threadId="0000000001577288" totalBytesRequested="40" timestamp="2019-06-16T01:51:49.136" intervalms="10.800" type="nursery" />
<cycle-start id="791" type="scavenge" contextid="0" timestamp="2019-06-16T01:51:49.136" intervalms="10.792" />
<gc-start id="792" type="scavenge" contextid="791" timestamp="2019-06-16T01:51:49.137">
  <mem-info id="793" free="998856" total="18874368" percent="5">
    <mem type="nursery" free="0" total="13238272" percent="0">
      <mem type="allocate" free="0" total="11796480" percent="0" />
      <mem type="survivor" free="0" total="1441792" percent="0" />
    </mem>
    <mem type="tenure" free="998856" total="5636096" percent="17">
      <mem type="soa" free="750024" total="5354496" percent="14" />
      <mem type="loa" free="248832" total="281600" percent="88" />
    </mem>
    <remembered-set count="7012" />
  </mem-info>
</gc-start>
<allocation-stats totalBytes="10945672" >
  <allocated-bytes non-tlh="24" tlh="10945648" />
  <largest-consumer threadName="Thread-10" threadId="0000000001576900" bytes="3112568" />
</allocation-stats>
<gc-op id="794" type="scavenge" timems="1.454" contextid="791" timestamp="2019-06-16T01:51:49.138">
  <scavenger-info tenureage="3" tenuremask="ffc8" tiltratio="89" />
  <memory-copied type="nursery" objects="12001" bytes="426712" bytesdiscarded="247712" />
  <memory-copied type="tenure" objects="9310" bytes="360816" bytesdiscarded="0" />
</gc-op>
<heap-resize id="795" type="expand" space="nursery" amount="524288" count="1" timems="0.012" reason="excessive time being spent scavenging" timestamp="2019-06-16T01:51:49.138" />
<gc-end id="796" type="scavenge" contextid="791" durationms="1.865" usertimems="4.000" systemtimems="0.000" timestamp="2019-06-16T01:51:49.138" activeThreads="4">
  <mem-info id="797" free="12365648" total="19398656" percent="63">
    <mem type="nursery" free="11646344" total="13762560" percent="84">
      <mem type="allocate" free="11646344" total="12320768" percent="94" />
      <mem type="survivor" free="0" total="1441792" percent="0" />
    </mem>
    <mem type="tenure" free="719304" total="5636096" percent="12">
      <mem type="soa" free="470472" total="5354496" percent="8" />
      <mem type="loa" free="248832" total="281600" percent="88" />
    </mem>
    <remembered-set count="4929" />
  </mem-info>
</gc-end>
<cycle-end id="798" type="scavenge" contextid="791" timestamp="2019-06-16T01:51:49.138" />
  <attribute name="elasticGC enabled" value="1" />
  <attribute name= "numThreadsSpecified" value="4" />
  <attribute name="heapSize specified" value="17825792" />
  <attribute name="Current GC Util" value="31" />
  <attribute name= "Current Time Running" value="1427" />
  <attribute name ="GC Interval" value="200" />
  <attribute name="ProportionalT" value="16.500000" />
  <attribute name="ProportionalI" value="16.500000" />
  <attribute name="ProportionalH" value="16.500000" />
  <attribute name="Current Error" value="11.000000" />
  <attribute name="IntegralT" value="121.000000" />
  <attribute name="IntegralI" value="121.000000" />
  <attribute name="IntegralH" value="121.000000" />
  <attribute name="DerivativeT" value="0.272727" />
  <attribute name="DerivativeI" value="0.272727" />
  <attribute name="DerivativeH" value="0.272727" />
  <attribute name="Loop Time for DT" value="11.000000" />
  <attribute name="Output H" value="8388608"/>
  <attribute name="Output I" value="200"/>
  <attribute name="Output T" value="4"/>
  <attribute name="Target GC Util Change" value ="20.000000" />
  <attribute name="Current GC Util Change" value="31.000000"/>
  <attribute name="GC Util currently" value="31" />
  <attribute name="CPU Util currently" value="427984879484" />
<allocation-satisfied id="799" threadId="0000000001576900" bytesRequested="40" />
<af-end id="800" timestamp="2019-06-16T01:51:49.139" threadId="0000000001577288" success="true" from="nursery"/>
<exclusive-end id="801" timestamp="2019-06-16T01:51:49.139" durationms="2.282" />

<exclusive-start id="802" timestamp="2019-06-16T01:51:49.148" intervalms="11.751">
  <response-info timems="0.026" idlems="0.026" threads="0" lastid="000000000157A500" lastname="Thread-8" />
</exclusive-start>
<af-start id="803" threadId="000000000157AE88" totalBytesRequested="24" timestamp="2019-06-16T01:51:49.148" intervalms="11.797" type="nursery" />
<cycle-start id="804" type="scavenge" contextid="0" timestamp="2019-06-16T01:51:49.148" intervalms="11.797" />
<gc-start id="805" type="scavenge" contextid="804" timestamp="2019-06-16T01:51:49.148">
  <mem-info id="806" free="719304" total="19398656" percent="3">
    <mem type="nursery" free="0" total="13762560" percent="0">
      <mem type="allocate" free="0" total="12320768" percent="0" />
      <mem type="survivor" free="0" total="1441792" percent="0" />
    </mem>
    <mem type="tenure" free="719304" total="5636096" percent="12">
      <mem type="soa" free="470472" total="5354496" percent="8" />
      <mem type="loa" free="248832" total="281600" percent="88" />
    </mem>
    <remembered-set count="6706" />
  </mem-info>
</gc-start>
<allocation-stats totalBytes="11644856" >
  <allocated-bytes non-tlh="40" tlh="11644816" />
  <largest-consumer threadName="Thread-10" threadId="0000000001576900" bytes="4029936" />
</allocation-stats>
<gc-op id="807" type="scavenge" timems="0.479" contextid="804" timestamp="2019-06-16T01:51:49.149">
  <scavenger-info tenureage="3" tenuremask="ffe8" tiltratio="89" />
  <memory-copied type="nursery" objects="5932" bytes="143656" bytesdiscarded="367832" />
  <memory-copied type="tenure" objects="7856" bytes="325920" bytesdiscarded="24" />
</gc-op>
<gc-end id="808" type="scavenge" contextid="804" durationms="0.647" usertimems="4.000" systemtimems="0.000" timestamp="2019-06-16T01:51:49.149" activeThreads="4">
  <mem-info id="809" free="12292296" total="19398656" percent="63">
    <mem type="nursery" free="11874816" total="13762560" percent="86">
      <mem type="allocate" free="11874816" total="12386304" percent="95" />
      <mem type="survivor" free="0" total="1376256" percent="0" />
    </mem>
    <mem type="tenure" free="417480" total="5636096" percent="7">
      <mem type="soa" free="168648" total="5354496" percent="3" />
      <mem type="loa" free="248832" total="281600" percent="88" />
    </mem>
    <remembered-set count="5790" />
  </mem-info>
</gc-end>
<cycle-end id="810" type="scavenge" contextid="804" timestamp="2019-06-16T01:51:49.149" />
  <attribute name="elasticGC enabled" value="1" />
  <attribute name= "numThreadsSpecified" value="4" />
  <attribute name="heapSize specified" value="17825792" />
  <attribute name="Current GC Util" value="33" />
  <attribute name= "Current Time Running" value="1439" />
  <attribute name ="GC Interval" value="200" />
  <attribute name="ProportionalT" value="19.500000" />
  <attribute name="ProportionalI" value="19.500000" />
  <attribute name="ProportionalH" value="19.500000" />
  <attribute name="Current Error" value="13.000000" />
  <attribute name="IntegralT" value="156.000000" />
  <attribute name="IntegralI" value="156.000000" />
  <attribute name="IntegralH" value="156.000000" />
  <attribute name="DerivativeT" value="0.166667" />
  <attribute name="DerivativeI" value="0.166667" />
  <attribute name="DerivativeH" value="0.166667" />
  <attribute name="Loop Time for DT" value="12.000000" />
  <attribute name="Output H" value="8388608"/>
  <attribute name="Output I" value="200"/>
  <attribute name="Output T" value="4"/>
  <attribute name="Target GC Util Change" value ="20.000000" />
  <attribute name="Current GC Util Change" value="33.000000"/>
  <attribute name="GC Util currently" value="33" />
  <attribute name="CPU Util currently" value="391373747071" />
<allocation-satisfied id="811" threadId="000000000157A500" bytesRequested="24" />
<af-end id="812" timestamp="2019-06-16T01:51:49.149" threadId="000000000157AE88" success="true" from="nursery"/>
<exclusive-end id="813" timestamp="2019-06-16T01:51:49.149" durationms="1.109" />

<concurrent-kickoff id="814" timestamp="2019-06-16T01:51:49.157">
  <kickoff reason="threshold reached" targetBytes="1532413" thresholdFreeBytes="215397"  remainingFree="119272" tenureFreeBytes="417480" nurseryFreeBytes="119272" />
</concurrent-kickoff>
<exclusive-start id="815" timestamp="2019-06-16T01:51:49.157" intervalms="8.636">
  <response-info timems="0.100" idlems="0.060" threads="1" lastid="000000000157A500" lastname="Thread-8" />
</exclusive-start>
<cycle-start id="816" type="global" contextid="0" timestamp="2019-06-16T01:51:49.157" intervalms="72.026" />
<exclusive-end id="817" timestamp="2019-06-16T01:51:49.157" durationms="0.120" />

<exclusive-start id="818" timestamp="2019-06-16T01:51:49.157" intervalms="0.305">
  <response-info timems="0.025" idlems="0.025" threads="0" lastid="0000000001576900" lastname="Thread-10" />
</exclusive-start>
<af-start id="819" threadId="0000000001577288" totalBytesRequested="40" timestamp="2019-06-16T01:51:49.157" intervalms="8.902" type="nursery" />
<cycle-start id="820" type="scavenge" contextid="0" timestamp="2019-06-16T01:51:49.157" intervalms="8.904" />
<gc-start id="821" type="scavenge" contextid="820" timestamp="2019-06-16T01:51:49.157">
  <mem-info id="822" free="417480" total="19398656" percent="2">
    <mem type="nursery" free="0" total="13762560" percent="0">
      <mem type="allocate" free="0" total="12386304" percent="0" />
      <mem type="survivor" free="0" total="1376256" percent="0" />
    </mem>
    <mem type="tenure" free="417480" total="5636096" percent="7">
      <mem type="soa" free="168648" total="5354496" percent="3" />
      <mem type="loa" free="248832" total="281600" percent="88" />
    </mem>
    <remembered-set count="7772" />
  </mem-info>
</gc-start>
<allocation-stats totalBytes="11873008" >
  <allocated-bytes non-tlh="24" tlh="11872984" />
  <largest-consumer threadName="Thread-7" threadId="0000000001572D00" bytes="3243632" />
</allocation-stats>
<gc-op id="823" type="scavenge" timems="0.765" contextid="820" timestamp="2019-06-16T01:51:49.158">
  <scavenger-info tenureage="3" tenuremask="ffe8" tiltratio="90" />
  <memory-copied type="nursery" objects="6007" bytes="145240" bytesdiscarded="142760" />
  <memory-copied type="tenure" objects="1859" bytes="44616" bytesdiscarded="0" />
</gc-op>
<heap-resize id="824" type="expand" space="nursery" amount="786432" count="1" timems="0.016" reason="excessive time being spent scavenging" timestamp="2019-06-16T01:51:49.158" />
<gc-end id="825" type="scavenge" contextid="820" durationms="1.178" usertimems="4.000" systemtimems="0.000" timestamp="2019-06-16T01:51:49.158" activeThreads="4">
  <mem-info id="826" free="13131976" total="20185088" percent="65">
    <mem type="nursery" free="12753664" total="14548992" percent="87">
      <mem type="allocate" free="12753664" total="13041664" percent="97" />
      <mem type="survivor" free="0" total="1507328" percent="0" />
    </mem>
    <mem type="tenure" free="378312" total="5636096" percent="6">
      <mem type="soa" free="129480" total="5354496" percent="2" />
      <mem type="loa" free="248832" total="281600" percent="88" />
    </mem>
    <remembered-set count="5913" />
  </mem-info>
</gc-end>
<cycle-end id="827" type="scavenge" contextid="820" timestamp="2019-06-16T01:51:49.158" />
  <attribute name="elasticGC enabled" value="1" />
  <attribute name= "numThreadsSpecified" value="4" />
  <attribute name="heapSize specified" value="17825792" />
  <attribute name="Current GC Util" value="19" />
  <attribute name= "Current Time Running" value="1447" />
  <attribute name ="GC Interval" value="200" />
  <attribute name="ProportionalT" value="-1.500000" />
  <attribute name="ProportionalI" value="-1.500000" />
  <attribute name="ProportionalH" value="-1.500000" />
  <attribute name="Current Error" value="-1.000000" />
  <attribute name="IntegralT" value="-8.000000" />
  <attribute name="IntegralI" value="-8.000000" />
  <attribute name="IntegralH" value="-8.000000" />
  <attribute name="DerivativeT" value="-1.750000" />
  <attribute name="DerivativeI" value="-1.750000" />
  <attribute name="DerivativeH" value="-1.750000" />
  <attribute name="Loop Time for DT" value="8.000000" />
  <attribute name="Output H" value="2092630016"/>
  <attribute name="Output I" value="200"/>
  <attribute name="Output T" value="4"/>
  <attribute name="Target GC Util Change" value ="20.000000" />
  <attribute name="Current GC Util Change" value="19.000000"/>
  <attribute name="GC Util currently" value="19" />
  <attribute name="CPU Util currently" value="517205836736" />
<allocation-satisfied id="828" threadId="0000000001576900" bytesRequested="40" />
<af-end id="829" timestamp="2019-06-16T01:51:49.159" threadId="0000000001577288" success="true" from="nursery"/>
<exclusive-end id="830" timestamp="2019-06-16T01:51:49.159" durationms="1.609" />

<exclusive-start id="831" timestamp="2019-06-16T01:51:49.171" intervalms="14.127">
  <response-info timems="0.056" idlems="0.056" threads="0" lastid="0000000001572D00" lastname="Thread-7" />
</exclusive-start>
<af-start id="832" threadId="0000000001573688" totalBytesRequested="40" timestamp="2019-06-16T01:51:49.171" intervalms="14.140" type="nursery" />
<cycle-start id="833" type="scavenge" contextid="0" timestamp="2019-06-16T01:51:49.171" intervalms="14.152" />
<gc-start id="834" type="scavenge" contextid="833" timestamp="2019-06-16T01:51:49.171">
  <mem-info id="835" free="378312" total="20185088" percent="1">
    <mem type="nursery" free="0" total="14548992" percent="0">
      <mem type="allocate" free="0" total="13041664" percent="0" />
      <mem type="survivor" free="0" total="1507328" percent="0" />
    </mem>
    <mem type="tenure" free="378312" total="5636096" percent="6">
      <mem type="soa" free="129480" total="5354496" percent="2" />
      <mem type="loa" free="248832" total="281600" percent="88" />
    </mem>
    <remembered-set count="7907" />
  </mem-info>
</gc-start>
<allocation-stats totalBytes="12751992" >
  <allocated-bytes non-tlh="40" tlh="12751952" />
  <largest-consumer threadName="Thread-10" threadId="0000000001576900" bytes="4390304" />
</allocation-stats>
<gc-op id="836" type="scavenge" timems="0.949" contextid="833" timestamp="2019-06-16T01:51:49.172">
  <scavenger-info tenureage="3" tenuremask="ffe8" tiltratio="89" />
  <memory-copied type="nursery" objects="5985" bytes="144840" bytesdiscarded="274488" />
  <memory-copied type="tenure" objects="2042" bytes="49008" bytesdiscarded="0" />
</gc-op>
<gc-end id="837" type="scavenge" contextid="833" durationms="1.157" usertimems="4.000" systemtimems="0.000" timestamp="2019-06-16T01:51:49.173" activeThreads="4">
  <mem-info id="838" free="12961480" total="20185088" percent="64">
    <mem type="nursery" free="12622336" total="14548992" percent="86">
      <mem type="allocate" free="12622336" total="13041664" percent="96" />
      <mem type="survivor" free="0" total="1507328" percent="0" />
    </mem>
    <mem type="tenure" free="339144" total="5636096" percent="6">
      <mem type="soa" free="90312" total="5354496" percent="1" />
      <mem type="loa" free="248832" total="281600" percent="88" />
    </mem>
    <remembered-set count="5865" />
  </mem-info>
</gc-end>
<cycle-end id="839" type="scavenge" contextid="833" timestamp="2019-06-16T01:51:49.173" />
  <attribute name="elasticGC enabled" value="1" />
  <attribute name= "numThreadsSpecified" value="4" />
  <attribute name="heapSize specified" value="17825792" />
  <attribute name="Current GC Util" value="14" />
  <attribute name= "Current Time Running" value="1462" />
  <attribute name ="GC Interval" value="200" />
  <attribute name="ProportionalT" value="-9.000000" />
  <attribute name="ProportionalI" value="-9.000000" />
  <attribute name="ProportionalH" value="-9.000000" />
  <attribute name="Current Error" value="-6.000000" />
  <attribute name="IntegralT" value="-90.000000" />
  <attribute name="IntegralI" value="-90.000000" />
  <attribute name="IntegralH" value="-90.000000" />
  <attribute name="DerivativeT" value="-0.400000" />
  <attribute name="DerivativeI" value="-0.400000" />
  <attribute name="DerivativeH" value="-0.400000" />
  <attribute name="Loop Time for DT" value="15.000000" />
  <attribute name="Output H" value="2092630016"/>
  <attribute name="Output I" value="200"/>
  <attribute name="Output T" value="4"/>
  <attribute name="Target GC Util Change" value ="20.000000" />
  <attribute name="Current GC Util Change" value="14.000000"/>
  <attribute name="GC Util currently" value="14" />
  <attribute name="CPU Util currently" value="325254433726" />
<allocation-satisfied id="840" threadId="0000000001572D00" bytesRequested="40" />
<af-end id="841" timestamp="2019-06-16T01:51:49.174" threadId="0000000001573688" success="true" from="nursery"/>
<exclusive-end id="842" timestamp="2019-06-16T01:51:49.174" durationms="2.450" />

<exclusive-start id="843" timestamp="2019-06-16T01:51:49.174" intervalms="2.990">
  <response-info timems="0.030" idlems="0.017" threads="1" lastid="0000000001576900" lastname="Thread-10" />
</exclusive-start>
<concurrent-collection-start id="844" timestamp="2019-06-16T01:51:49.174" intervalms="404.375" >
  <concurrent-trace-info reason="card cleaning threshold reached" tracedByMutators="1516648" tracedByHelpers="989400" cardsCleaned="707" workStackOverflowCount="0" />
</concurrent-collection-start>
<gc-start id="845" type="global" contextid="816" timestamp="2019-06-16T01:51:49.174">
  <mem-info id="846" free="12732064" total="20185088" percent="63">
    <mem type="nursery" free="12392920" total="14548992" percent="85">
      <mem type="allocate" free="12392920" total="13041664" percent="95" />
      <mem type="survivor" free="0" total="1507328" percent="0" />
    </mem>
    <mem type="tenure" free="339144" total="5636096" percent="6">
      <mem type="soa" free="90312" total="5354496" percent="1" />
      <mem type="loa" free="248832" total="281600" percent="88" />
    </mem>
    <remembered-set count="5865" />
  </mem-info>
</gc-start>
<allocation-stats totalBytes="229416" >
  <allocated-bytes non-tlh="40" tlh="229376" />
  <largest-consumer threadName="Thread-7" threadId="0000000001572D00" bytes="65576" />
</allocation-stats>
<gc-op id="847" type="rs-scan" timems="0.723" contextid="816" timestamp="2019-06-16T01:51:49.175">
  <scan objectsFound="5238" bytesTraced="445524" workStackOverflowCount="0" />
</gc-op>
<gc-op id="848" type="card-cleaning" timems="0.406" contextid="816" timestamp="2019-06-16T01:51:49.176">
  <card-cleaning cardsCleaned="3" bytesTraced="2912" workStackOverflowCount="0" />
</gc-op>
<gc-op id="849" type="mark" timems="1.352" contextid="816" timestamp="2019-06-16T01:51:49.177">
  <trace-info objectcount="7153" scancount="7120" scanbytes="310428" />
  <finalization candidates="124" enqueued="0" />
  <ownableSynchronizers candidates="3" cleared="0" />
  <references type="soft" candidates="148" cleared="0" enqueued="0" dynamicThreshold="9" maxThreshold="32" />
  <references type="weak" candidates="693" cleared="0" enqueued="0" />
  <references type="phantom" candidates="38" cleared="0" enqueued="0" />
  <stringconstants candidates="4597" cleared="0"  />
</gc-op>
<gc-op id="850" type="sweep" timems="0.699" contextid="816" timestamp="2019-06-16T01:51:49.178" />
<mem-info id="851" free="14122024" total="20185088" percent="69">
  <mem type="nursery" free="12896528" total="14548992" percent="88">
    <mem type="allocate" free="12896528" total="13041664" percent="98" />
    <mem type="survivor" free="0" total="1507328" percent="0" />
  </mem>
  <mem type="tenure" free="1225496" total="5636096" percent="21" micro-fragmented="39291" macro-fragmented="0">
    <mem type="soa" free="943896" total="5354496" percent="17" />
    <mem type="loa" free="281600" total="281600" percent="100" />
  </mem>
  <remembered-set count="5865" />
</mem-info>
<gc-op id="852" type="compact" timems="7.164" contextid="816" timestamp="2019-06-16T01:51:49.185">
  <compact-info movecount="32047" movebytes="1664096" reason="compact to aid heap contraction" />
</gc-op>
<heap-resize id="853" type="contract" space="tenure" amount="262144" count="1" timems="0.085" reason="heap reconfiguration" timestamp="2019-06-16T01:51:49.185" />
<gc-end id="854" type="global" contextid="816" durationms="11.360" usertimems="16.000" systemtimems="8.000" timestamp="2019-06-16T01:51:49.186" activeThreads="4">
  <mem-info id="855" free="13885440" total="19922944" percent="69">
    <mem type="nursery" free="12896880" total="14548992" percent="88">
      <mem type="allocate" free="12896880" total="13041664" percent="98" />
      <mem type="survivor" free="0" total="1507328" percent="0" />
    </mem>
    <mem type="tenure" free="988560" total="5373952" percent="18">
      <mem type="soa" free="739728" total="5105664" percent="14" />
      <mem type="loa" free="248832" total="268288" percent="92" />
    </mem>
    <remembered-set count="5865" />
  </mem-info>
</gc-end>
<cycle-end id="856" type="global" contextid="816" timestamp="2019-06-16T01:51:49.186" />
  <attribute name="elasticGC enabled" value="1" />
  <attribute name= "numThreadsSpecified" value="4" />
  <attribute name="heapSize specified" value="20185088" />
  <attribute name="Current GC Util" value="73" />
  <attribute name= "Current Time Running" value="1475" />
  <attribute name ="GC Interval" value="200" />
  <attribute name="ProportionalT" value="79.500000" />
  <attribute name="ProportionalI" value="79.500000" />
  <attribute name="ProportionalH" value="79.500000" />
  <attribute name="Current Error" value="53.000000" />
  <attribute name="IntegralT" value="371.000000" />
  <attribute name="IntegralI" value="371.000000" />
  <attribute name="IntegralH" value="371.000000" />
  <attribute name="DerivativeT" value="-15.571429" />
  <attribute name="DerivativeI" value="-15.571429" />
  <attribute name="DerivativeH" value="-15.571429" />
  <attribute name="Loop Time for DT" value="7.000000" />
  <attribute name="Output H" value="8388608"/>
  <attribute name="Output I" value="440"/>
  <attribute name="Output T" value="4"/>
  <attribute name="Target GC Util Change" value ="20.000000" />
  <attribute name="Current GC Util Change" value="73.000000"/>
  <attribute name="GC Util currently" value="73" />
  <attribute name="CPU Util currently" value="632345294682" />
<concurrent-collection-end id="857" timestamp="2019-06-16T01:51:49.186" />
<exclusive-end id="858" timestamp="2019-06-16T01:51:49.186" durationms="11.836" />

<exclusive-start id="859" timestamp="2019-06-16T01:51:49.198" intervalms="23.593">
  <response-info timems="0.032" idlems="0.032" threads="0" lastid="000000000157A500" lastname="Thread-8" />
</exclusive-start>
<af-start id="860" threadId="000000000157AE88" totalBytesRequested="40" timestamp="2019-06-16T01:51:49.198" intervalms="26.599" type="nursery" />
<cycle-start id="861" type="scavenge" contextid="0" timestamp="2019-06-16T01:51:49.198" intervalms="26.676" />
<gc-start id="862" type="scavenge" contextid="861" timestamp="2019-06-16T01:51:49.198">
  <mem-info id="863" free="988560" total="19922944" percent="4">
    <mem type="nursery" free="0" total="14548992" percent="0">
      <mem type="allocate" free="0" total="13041664" percent="0" />
      <mem type="survivor" free="0" total="1507328" percent="0" />
    </mem>
    <mem type="tenure" free="988560" total="5373952" percent="18">
      <mem type="soa" free="739728" total="5105664" percent="14" />
      <mem type="loa" free="248832" total="268288" percent="92" />
    </mem>
    <remembered-set count="8052" />
  </mem-info>
</gc-start>
<allocation-stats totalBytes="12894992" >
  <allocated-bytes non-tlh="0" tlh="12894992" />
  <largest-consumer threadName="Thread-10" threadId="0000000001576900" bytes="5160168" />
</allocation-stats>
<gc-op id="864" type="scavenge" timems="1.105" contextid="861" timestamp="2019-06-16T01:51:49.199">
  <scavenger-info tenureage="3" tenuremask="ffe8" tiltratio="89" />
  <memory-copied type="nursery" objects="6375" bytes="154200" bytesdiscarded="304296" />
  <memory-copied type="tenure" objects="1797" bytes="43128" bytesdiscarded="0" />
  <ownableSynchronizers candidates="6" cleared="6" />
</gc-op>
<gc-end id="865" type="scavenge" contextid="861" durationms="1.330" usertimems="0.000" systemtimems="0.000" timestamp="2019-06-16T01:51:49.199" activeThreads="4">
  <mem-info id="866" free="13362064" total="19922944" percent="67">
    <mem type="nursery" free="12583168" total="14548992" percent="86">
      <mem type="allocate" free="12583168" total="13041664" percent="96" />
      <mem type="survivor" free="0" total="1507328" percent="0" />
    </mem>
    <mem type="tenure" free="778896" total="5373952" percent="14">
      <mem type="soa" free="530064" total="5105664" percent="10" />
      <mem type="loa" free="248832" total="268288" percent="92" />
    </mem>
    <remembered-set count="6255" />
  </mem-info>
</gc-end>
<cycle-end id="867" type="scavenge" contextid="861" timestamp="2019-06-16T01:51:49.200" />
  <attribute name="elasticGC enabled" value="1" />
  <attribute name= "numThreadsSpecified" value="4" />
  <attribute name="heapSize specified" value="20185088" />
  <attribute name="Current GC Util" value="50" />
  <attribute name= "Current Time Running" value="1488" />
  <attribute name ="GC Interval" value="440" />
  <attribute name="ProportionalT" value="45.000000" />
  <attribute name="ProportionalI" value="45.000000" />
  <attribute name="ProportionalH" value="45.000000" />
  <attribute name="Current Error" value="30.000000" />
  <attribute name="IntegralT" value="390.000000" />
  <attribute name="IntegralI" value="390.000000" />
  <attribute name="IntegralH" value="390.000000" />
  <attribute name="DerivativeT" value="-1.769231" />
  <attribute name="DerivativeI" value="-1.769231" />
  <attribute name="DerivativeH" value="-1.769231" />
  <attribute name="Loop Time for DT" value="13.000000" />
  <attribute name="Output H" value="8388608"/>
  <attribute name="Output I" value="440"/>
  <attribute name="Output T" value="4"/>
  <attribute name="Target GC Util Change" value ="20.000000" />
  <attribute name="Current GC Util Change" value="50.000000"/>
  <attribute name="GC Util currently" value="50" />
  <attribute name="CPU Util currently" value="352572499193" />
<allocation-satisfied id="868" threadId="000000000157A500" bytesRequested="40" />
<af-end id="869" timestamp="2019-06-16T01:51:49.200" threadId="000000000157AE88" success="true" from="nursery"/>
<exclusive-end id="870" timestamp="2019-06-16T01:51:49.200" durationms="2.002" />

<exclusive-start id="871" timestamp="2019-06-16T01:51:49.210" intervalms="11.806">
  <response-info timems="0.047" idlems="0.027" threads="1" lastid="0000000001572D00" lastname="Thread-7" />
</exclusive-start>
<af-start id="872" threadId="000000000157EA88" totalBytesRequested="40" timestamp="2019-06-16T01:51:49.210" intervalms="11.793" type="nursery" />
<cycle-start id="873" type="scavenge" contextid="0" timestamp="2019-06-16T01:51:49.210" intervalms="11.714" />
<gc-start id="874" type="scavenge" contextid="873" timestamp="2019-06-16T01:51:49.210">
  <mem-info id="875" free="778896" total="19922944" percent="3">
    <mem type="nursery" free="0" total="14548992" percent="0">
      <mem type="allocate" free="0" total="13041664" percent="0" />
      <mem type="survivor" free="0" total="1507328" percent="0" />
    </mem>
    <mem type="tenure" free="778896" total="5373952" percent="14">
      <mem type="soa" free="530064" total="5105664" percent="10" />
      <mem type="loa" free="248832" total="268288" percent="92" />
    </mem>
    <remembered-set count="7844" />
  </mem-info>
</gc-start>
<allocation-stats totalBytes="12581576" >
  <allocated-bytes non-tlh="40" tlh="12581536" />
  <largest-consumer threadName="Thread-10" threadId="0000000001576900" bytes="4677248" />
</allocation-stats>
<gc-op id="876" type="scavenge" timems="1.253" contextid="873" timestamp="2019-06-16T01:51:49.211">
  <scavenger-info tenureage="5" tenuremask="ffe0" tiltratio="89" />
  <memory-copied type="nursery" objects="20226" bytes="761328" bytesdiscarded="183312" />
</gc-op>
<heap-resize id="877" type="expand" space="nursery" amount="786432" count="1" timems="0.017" reason="excessive time being spent scavenging" timestamp="2019-06-16T01:51:49.211" />
<gc-end id="878" type="scavenge" contextid="873" durationms="1.586" usertimems="4.000" systemtimems="0.000" timestamp="2019-06-16T01:51:49.211" activeThreads="4">
  <mem-info id="879" free="13531280" total="20709376" percent="65">
    <mem type="nursery" free="12752384" total="15335424" percent="83">
      <mem type="allocate" free="12752384" total="13697024" percent="93" />
      <mem type="survivor" free="0" total="1638400" percent="0" />
    </mem>
    <mem type="tenure" free="778896" total="5373952" percent="14">
      <mem type="soa" free="530064" total="5105664" percent="10" />
      <mem type="loa" free="248832" total="268288" percent="92" />
    </mem>
    <remembered-set count="7844" />
  </mem-info>
</gc-end>
<cycle-end id="880" type="scavenge" contextid="873" timestamp="2019-06-16T01:51:49.211" />
  <attribute name="elasticGC enabled" value="1" />
  <attribute name= "numThreadsSpecified" value="4" />
  <attribute name="heapSize specified" value="20185088" />
  <attribute name="Current GC Util" value="23" />
  <attribute name= "Current Time Running" value="1500" />
  <attribute name ="GC Interval" value="200" />
  <attribute name="ProportionalT" value="4.500000" />
  <attribute name="ProportionalI" value="4.500000" />
  <attribute name="ProportionalH" value="4.500000" />
  <attribute name="Current Error" value="3.000000" />
  <attribute name="IntegralT" value="36.000000" />
  <attribute name="IntegralI" value="36.000000" />
  <attribute name="IntegralH" value="36.000000" />
  <attribute name="DerivativeT" value="-2.250000" />
  <attribute name="DerivativeI" value="-2.250000" />
  <attribute name="DerivativeH" value="-2.250000" />
  <attribute name="Loop Time for DT" value="12.000000" />
  <attribute name="Output H" value="8388608"/>
  <attribute name="Output I" value="200"/>
  <attribute name="Output T" value="4"/>
  <attribute name="Target GC Util Change" value ="20.000000" />
  <attribute name="Current GC Util Change" value="23.000000"/>
  <attribute name="GC Util currently" value="23" />
  <attribute name="CPU Util currently" value="393629797584" />
<allocation-satisfied id="881" threadId="000000000157E100" bytesRequested="40" />
<af-end id="882" timestamp="2019-06-16T01:51:49.212" threadId="000000000157EA88" success="true" from="nursery"/>
<exclusive-end id="883" timestamp="2019-06-16T01:51:49.212" durationms="2.206" />

<exclusive-start id="884" timestamp="2019-06-16T01:51:49.222" intervalms="12.620">
  <response-info timems="0.898" idlems="0.476" threads="1" lastid="0000000001572D00" lastname="Thread-7" />
</exclusive-start>
<af-start id="885" threadId="000000000157AE88" totalBytesRequested="40" timestamp="2019-06-16T01:51:49.222" intervalms="12.611" type="nursery" />
<cycle-start id="886" type="scavenge" contextid="0" timestamp="2019-06-16T01:51:49.222" intervalms="12.611" />
<gc-start id="887" type="scavenge" contextid="886" timestamp="2019-06-16T01:51:49.222">
  <mem-info id="888" free="778896" total="20709376" percent="3">
    <mem type="nursery" free="0" total="15335424" percent="0">
      <mem type="allocate" free="0" total="13697024" percent="0" />
      <mem type="survivor" free="0" total="1638400" percent="0" />
    </mem>
    <mem type="tenure" free="778896" total="5373952" percent="14">
      <mem type="soa" free="530064" total="5105664" percent="10" />
      <mem type="loa" free="248832" total="268288" percent="92" />
    </mem>
    <remembered-set count="9492" />
  </mem-info>
</gc-start>
<allocation-stats totalBytes="12750576" >
  <allocated-bytes non-tlh="40" tlh="12750536" />
  <largest-consumer threadName="Thread-10" threadId="0000000001576900" bytes="3993024" />
</allocation-stats>
<gc-op id="889" type="scavenge" timems="1.364" contextid="886" timestamp="2019-06-16T01:51:49.224">
  <scavenger-info tenureage="4" tenuremask="fff0" tiltratio="89" />
  <memory-copied type="nursery" objects="20944" bytes="778704" bytesdiscarded="126768" />
  <memory-copied type="tenure" objects="1990" bytes="47760" bytesdiscarded="0" />
</gc-op>
<gc-end id="890" type="scavenge" contextid="886" durationms="1.576" usertimems="4.000" systemtimems="0.000" timestamp="2019-06-16T01:51:49.224" activeThreads="4">
  <mem-info id="891" free="13504656" total="20709376" percent="65">
    <mem type="nursery" free="12857088" total="15335424" percent="83">
      <mem type="allocate" free="12857088" total="13762560" percent="93" />
      <mem type="survivor" free="0" total="1572864" percent="0" />
    </mem>
    <mem type="tenure" free="647568" total="5373952" percent="12">
      <mem type="soa" free="398736" total="5105664" percent="7" />
      <mem type="loa" free="248832" total="268288" percent="92" />
    </mem>
    <remembered-set count="7500" />
  </mem-info>
</gc-end>
<cycle-end id="892" type="scavenge" contextid="886" timestamp="2019-06-16T01:51:49.224" />
  <attribute name="elasticGC enabled" value="1" />
  <attribute name= "numThreadsSpecified" value="4" />
  <attribute name="heapSize specified" value="20185088" />
  <attribute name="Current GC Util" value="28" />
  <attribute name= "Current Time Running" value="1513" />
  <attribute name ="GC Interval" value="200" />
  <attribute name="ProportionalT" value="12.000000" />
  <attribute name="ProportionalI" value="12.000000" />
  <attribute name="ProportionalH" value="12.000000" />
  <attribute name="Current Error" value="8.000000" />
  <attribute name="IntegralT" value="104.000000" />
  <attribute name="IntegralI" value="104.000000" />
  <attribute name="IntegralH" value="104.000000" />
  <attribute name="DerivativeT" value="0.384615" />
  <attribute name="DerivativeI" value="0.384615" />
  <attribute name="DerivativeH" value="0.384615" />
  <attribute name="Loop Time for DT" value="13.000000" />
  <attribute name="Output H" value="8388608"/>
  <attribute name="Output I" value="200"/>
  <attribute name="Output T" value="4"/>
  <attribute name="Target GC Util Change" value ="20.000000" />
  <attribute name="Current GC Util Change" value="28.000000"/>
  <attribute name="GC Util currently" value="28" />
  <attribute name="CPU Util currently" value="366412788637" />
<allocation-satisfied id="893" threadId="000000000157A500" bytesRequested="40" />
<af-end id="894" timestamp="2019-06-16T01:51:49.224" threadId="000000000157AE88" success="true" from="nursery"/>
<exclusive-end id="895" timestamp="2019-06-16T01:51:49.224" durationms="2.103" />

<exclusive-start id="896" timestamp="2019-06-16T01:51:49.233" intervalms="11.135">
  <response-info timems="0.572" idlems="0.572" threads="0" lastid="0000000001572D00" lastname="Thread-7" />
</exclusive-start>
<af-start id="897" threadId="0000000001573688" totalBytesRequested="40" timestamp="2019-06-16T01:51:49.233" intervalms="11.117" type="nursery" />
<cycle-start id="898" type="scavenge" contextid="0" timestamp="2019-06-16T01:51:49.233" intervalms="11.098" />
<gc-start id="899" type="scavenge" contextid="898" timestamp="2019-06-16T01:51:49.233">
  <mem-info id="900" free="647568" total="20709376" percent="3">
    <mem type="nursery" free="0" total="15335424" percent="0">
      <mem type="allocate" free="0" total="13762560" percent="0" />
      <mem type="survivor" free="0" total="1572864" percent="0" />
    </mem>
    <mem type="tenure" free="647568" total="5373952" percent="12">
      <mem type="soa" free="398736" total="5105664" percent="7" />
      <mem type="loa" free="248832" total="268288" percent="92" />
    </mem>
    <remembered-set count="8046" />
  </mem-info>
</gc-start>
<allocation-stats totalBytes="12855472" >
  <allocated-bytes non-tlh="40" tlh="12855432" />
  <largest-consumer threadName="Thread-8" threadId="000000000157A500" bytes="3517752" />
</allocation-stats>
<gc-op id="901" type="scavenge" timems="0.670" contextid="898" timestamp="2019-06-16T01:51:49.234">
  <scavenger-info tenureage="3" tenuremask="ffd8" tiltratio="89" />
  <memory-copied type="nursery" objects="24440" bytes="999456" bytesdiscarded="221664" />
  <memory-copied type="tenure" objects="4181" bytes="100344" bytesdiscarded="0" />
</gc-op>
<gc-end id="902" type="scavenge" contextid="898" durationms="0.830" usertimems="4.000" systemtimems="0.000" timestamp="2019-06-16T01:51:49.234" activeThreads="4">
  <mem-info id="903" free="12887184" total="20709376" percent="62">
    <mem type="nursery" free="12541440" total="15335424" percent="81">
      <mem type="allocate" free="12541440" total="13762560" percent="91" />
      <mem type="survivor" free="0" total="1572864" percent="0" />
    </mem>
    <mem type="tenure" free="345744" total="5373952" percent="6">
      <mem type="soa" free="96912" total="5105664" percent="1" />
      <mem type="loa" free="248832" total="268288" percent="92" />
    </mem>
    <remembered-set count="3865" />
  </mem-info>
</gc-end>
<cycle-end id="904" type="scavenge" contextid="898" timestamp="2019-06-16T01:51:49.234" />
  <attribute name="elasticGC enabled" value="1" />
  <attribute name= "numThreadsSpecified" value="4" />
  <attribute name="heapSize specified" value="20185088" />
  <attribute name="Current GC Util" value="31" />
  <attribute name= "Current Time Running" value="1524" />
  <attribute name ="GC Interval" value="200" />
  <attribute name="ProportionalT" value="16.500000" />
  <attribute name="ProportionalI" value="16.500000" />
  <attribute name="ProportionalH" value="16.500000" />
  <attribute name="Current Error" value="11.000000" />
  <attribute name="IntegralT" value="121.000000" />
  <attribute name="IntegralI" value="121.000000" />
  <attribute name="IntegralH" value="121.000000" />
  <attribute name="DerivativeT" value="0.272727" />
  <attribute name="DerivativeI" value="0.272727" />
  <attribute name="DerivativeH" value="0.272727" />
  <attribute name="Loop Time for DT" value="11.000000" />
  <attribute name="Output H" value="8388608"/>
  <attribute name="Output I" value="200"/>
  <attribute name="Output T" value="4"/>
  <attribute name="Target GC Util Change" value ="20.000000" />
  <attribute name="Current GC Util Change" value="31.000000"/>
  <attribute name="GC Util currently" value="31" />
  <attribute name="CPU Util currently" value="417691207179" />
<allocation-satisfied id="905" threadId="0000000001572D00" bytesRequested="40" />
<af-end id="906" timestamp="2019-06-16T01:51:49.234" threadId="0000000001573688" success="true" from="nursery"/>
<exclusive-end id="907" timestamp="2019-06-16T01:51:49.234" durationms="1.204" />

<concurrent-kickoff id="908" timestamp="2019-06-16T01:51:49.242">
  <kickoff reason="threshold reached" targetBytes="1644077" thresholdFreeBytes="231284"  remainingFree="220632" tenureFreeBytes="345744" nurseryFreeBytes="220632" />
</concurrent-kickoff>
<exclusive-start id="909" timestamp="2019-06-16T01:51:49.242" intervalms="8.910">
  <response-info timems="0.022" idlems="0.022" threads="1" lastid="000000000157A500" lastname="Thread-8" />
</exclusive-start>
<cycle-start id="910" type="global" contextid="0" timestamp="2019-06-16T01:51:49.242" intervalms="85.476" />
<exclusive-end id="911" timestamp="2019-06-16T01:51:49.242" durationms="0.105" />

<exclusive-start id="912" timestamp="2019-06-16T01:51:49.246" intervalms="3.476">
  <response-info timems="3.159" idlems="3.159" threads="0" lastid="000000000157E100" lastname="Thread-9" />
</exclusive-start>
<af-start id="913" threadId="000000000157EA88" totalBytesRequested="40" timestamp="2019-06-16T01:51:49.246" intervalms="12.390" type="nursery" />
<cycle-start id="914" type="scavenge" contextid="0" timestamp="2019-06-16T01:51:49.246" intervalms="12.400" />
<gc-start id="915" type="scavenge" contextid="914" timestamp="2019-06-16T01:51:49.246">
  <mem-info id="916" free="345744" total="20709376" percent="1">
    <mem type="nursery" free="0" total="15335424" percent="0">
      <mem type="allocate" free="0" total="13762560" percent="0" />
      <mem type="survivor" free="0" total="1572864" percent="0" />
    </mem>
    <mem type="tenure" free="345744" total="5373952" percent="6">
      <mem type="soa" free="96912" total="5105664" percent="1" />
      <mem type="loa" free="248832" total="268288" percent="92" />
    </mem>
    <remembered-set count="3904" />
  </mem-info>
</gc-start>
<allocation-stats totalBytes="12539760" >
  <allocated-bytes non-tlh="40" tlh="12539720" />
  <largest-consumer threadName="Thread-7" threadId="0000000001572D00" bytes="3505760" />
</allocation-stats>
<gc-op id="917" type="scavenge" timems="1.725" contextid="914" timestamp="2019-06-16T01:51:49.248">
  <scavenger-info tenureage="3" tenuremask="4008" tiltratio="89" />
  <memory-copied type="nursery" objects="19397" bytes="741496" bytesdiscarded="133256" />
  <memory-copied type="tenure" objects="13847" bytes="607080" bytesdiscarded="56" />
  <heap-resize type="expand" space="tenure" amount="327680" count="5" timems="0.042" reason="continue current collection" />
</gc-op>
<heap-resize id="918" type="expand" space="nursery" amount="786432" count="1" timems="0.013" reason="excessive time being spent scavenging" timestamp="2019-06-16T01:51:49.248" />
<gc-end id="919" type="scavenge" contextid="914" durationms="1.988" usertimems="4.000" systemtimems="0.000" timestamp="2019-06-16T01:51:49.248" activeThreads="4">
  <mem-info id="920" free="13669632" total="21823488" percent="62">
    <mem type="nursery" free="13543168" total="16121856" percent="84">
      <mem type="allocate" free="13543168" total="14417920" percent="93" />
      <mem type="survivor" free="0" total="1703936" percent="0" />
    </mem>
    <mem type="tenure" free="126464" total="5701632" percent="2">
      <mem type="soa" free="0" total="5416960" percent="0" />
      <mem type="loa" free="126464" total="284672" percent="44" />
    </mem>
    <remembered-set count="4999" />
  </mem-info>
</gc-end>
<cycle-end id="921" type="scavenge" contextid="914" timestamp="2019-06-16T01:51:49.248" />
  <attribute name="elasticGC enabled" value="1" />
  <attribute name= "numThreadsSpecified" value="4" />
  <attribute name="heapSize specified" value="20185088" />
  <attribute name="Current GC Util" value="19" />
  <attribute name= "Current Time Running" value="1536" />
  <attribute name ="GC Interval" value="200" />
  <attribute name="ProportionalT" value="-1.500000" />
  <attribute name="ProportionalI" value="-1.500000" />
  <attribute name="ProportionalH" value="-1.500000" />
  <attribute name="Current Error" value="-1.000000" />
  <attribute name="IntegralT" value="-12.000000" />
  <attribute name="IntegralI" value="-12.000000" />
  <attribute name="IntegralH" value="-12.000000" />
  <attribute name="DerivativeT" value="-1.000000" />
  <attribute name="DerivativeI" value="-1.000000" />
  <attribute name="DerivativeH" value="-1.000000" />
  <attribute name="Loop Time for DT" value="12.000000" />
  <attribute name="Output H" value="2092630016"/>
  <attribute name="Output I" value="200"/>
  <attribute name="Output T" value="4"/>
  <attribute name="Target GC Util Change" value ="20.000000" />
  <attribute name="Current GC Util Change" value="19.000000"/>
  <attribute name="GC Util currently" value="19" />
  <attribute name="CPU Util currently" value="370880013285" />
<allocation-satisfied id="922" threadId="000000000157E100" bytesRequested="40" />
<af-end id="923" timestamp="2019-06-16T01:51:49.248" threadId="000000000157EA88" success="true" from="nursery"/>
<exclusive-end id="924" timestamp="2019-06-16T01:51:49.248" durationms="2.424" />

<exclusive-start id="925" timestamp="2019-06-16T01:51:49.262" intervalms="15.837">
  <response-info timems="0.050" idlems="0.050" threads="0" lastid="000000000157E100" lastname="Thread-9" />
</exclusive-start>
<concurrent-collection-start id="926" timestamp="2019-06-16T01:51:49.262" intervalms="87.415" >
  <concurrent-trace-info reason="card cleaning threshold reached" tracedByMutators="635048" tracedByHelpers="915852" cardsCleaned="154" workStackOverflowCount="0" />
</concurrent-collection-start>
<gc-start id="927" type="global" contextid="910" timestamp="2019-06-16T01:51:49.262">
  <mem-info id="928" free="126464" total="21823488" percent="0">
    <mem type="nursery" free="0" total="16121856" percent="0">
      <mem type="allocate" free="0" total="14417920" percent="0" />
      <mem type="survivor" free="0" total="1703936" percent="0" />
    </mem>
    <mem type="tenure" free="126464" total="5701632" percent="2">
      <mem type="soa" free="0" total="5416960" percent="0" />
      <mem type="loa" free="126464" total="284672" percent="44" />
    </mem>
    <remembered-set count="5554" />
  </mem-info>
</gc-start>
<allocation-stats totalBytes="13541416" >
  <allocated-bytes non-tlh="40" tlh="13541376" />
  <largest-consumer threadName="Thread-8" threadId="000000000157A500" bytes="5471464" />
</allocation-stats>
<gc-op id="929" type="rs-scan" timems="0.589" contextid="910" timestamp="2019-06-16T01:51:49.262">
  <scan objectsFound="1757" bytesTraced="146284" workStackOverflowCount="0" />
</gc-op>
<gc-op id="930" type="card-cleaning" timems="0.414" contextid="910" timestamp="2019-06-16T01:51:49.263">
  <card-cleaning cardsCleaned="7" bytesTraced="7124" workStackOverflowCount="0" />
</gc-op>
<gc-op id="931" type="mark" timems="1.546" contextid="910" timestamp="2019-06-16T01:51:49.264">
  <trace-info objectcount="20689" scancount="20657" scanbytes="909252" />
  <finalization candidates="124" enqueued="0" />
  <ownableSynchronizers candidates="3" cleared="0" />
  <references type="soft" candidates="148" cleared="0" enqueued="0" dynamicThreshold="5" maxThreshold="32" />
  <references type="weak" candidates="693" cleared="0" enqueued="0" />
  <references type="phantom" candidates="38" cleared="0" enqueued="0" />
  <stringconstants candidates="4597" cleared="0"  />
</gc-op>
<gc-op id="932" type="sweep" timems="0.813" contextid="910" timestamp="2019-06-16T01:51:49.265" />
<mem-info id="933" free="15716016" total="21823488" percent="72">
  <mem type="nursery" free="13719296" total="16121856" percent="85">
    <mem type="allocate" free="13719296" total="14417920" percent="95" />
    <mem type="survivor" free="0" total="1703936" percent="0" />
  </mem>
  <mem type="tenure" free="1996720" total="5701632" percent="35" micro-fragmented="0" macro-fragmented="0">
    <mem type="soa" free="1712048" total="5416960" percent="31" />
    <mem type="loa" free="284672" total="284672" percent="100" />
  </mem>
  <remembered-set count="3319" />
</mem-info>
<gc-op id="934" type="compact" timems="4.978" contextid="910" timestamp="2019-06-16T01:51:49.271">
  <compact-info movecount="27401" movebytes="1207984" reason="compact to aid heap contraction" />
</gc-op>
<heap-resize id="935" type="contract" space="tenure" amount="262144" count="1" timems="0.085" reason="heap reconfiguration" timestamp="2019-06-16T01:51:49.271" />
<gc-end id="936" type="global" contextid="910" durationms="9.533" usertimems="20.000" systemtimems="0.000" timestamp="2019-06-16T01:51:49.271" activeThreads="4">
  <mem-info id="937" free="15441880" total="21561344" percent="71">
    <mem type="nursery" free="13729776" total="16121856" percent="85">
      <mem type="allocate" free="13729776" total="14417920" percent="95" />
      <mem type="survivor" free="0" total="1703936" percent="0" />
    </mem>
    <mem type="tenure" free="1712104" total="5439488" percent="31">
      <mem type="soa" free="1463272" total="5168128" percent="28" />
      <mem type="loa" free="248832" total="271360" percent="91" />
    </mem>
    <remembered-set count="3319" />
  </mem-info>
</gc-end>
<cycle-end id="938" type="global" contextid="910" timestamp="2019-06-16T01:51:49.271" />
  <attribute name="elasticGC enabled" value="1" />
  <attribute name= "numThreadsSpecified" value="4" />
  <attribute name="heapSize specified" value="21823488" />
  <attribute name="Current GC Util" value="120" />
  <attribute name= "Current Time Running" value="1561" />
  <attribute name ="GC Interval" value="200" />
  <attribute name="ProportionalT" value="150.000000" />
  <attribute name="ProportionalI" value="150.000000" />
  <attribute name="ProportionalH" value="150.000000" />
  <attribute name="Current Error" value="100.000000" />
  <attribute name="IntegralT" value="500.000000" />
  <attribute name="IntegralI" value="500.000000" />
  <attribute name="IntegralH" value="500.000000" />
  <attribute name="DerivativeT" value="-13.200000" />
  <attribute name="DerivativeI" value="-13.200000" />
  <attribute name="DerivativeH" value="-13.200000" />
  <attribute name="Loop Time for DT" value="5.000000" />
  <attribute name="Output H" value="8388608"/>
  <attribute name="Output I" value="640"/>
  <attribute name="Output T" value="4"/>
  <attribute name="Target GC Util Change" value ="20.000000" />
  <attribute name="Current GC Util Change" value="120.000000"/>
  <attribute name="GC Util currently" value="120" />
  <attribute name="CPU Util currently" value="899368587939" />
<concurrent-collection-end id="939" timestamp="2019-06-16T01:51:49.271" />
<exclusive-end id="940" timestamp="2019-06-16T01:51:49.272" durationms="10.042" />

<exclusive-start id="941" timestamp="2019-06-16T01:51:49.282" intervalms="20.938">
  <response-info timems="0.285" idlems="0.285" threads="0" lastid="000000000157A500" lastname="Thread-8" />
</exclusive-start>
<af-start id="942" threadId="000000000157AE88" totalBytesRequested="40" timestamp="2019-06-16T01:51:49.283" intervalms="36.788" type="nursery" />
<cycle-start id="943" type="scavenge" contextid="0" timestamp="2019-06-16T01:51:49.283" intervalms="36.797" />
<gc-start id="944" type="scavenge" contextid="943" timestamp="2019-06-16T01:51:49.283">
  <mem-info id="945" free="1712104" total="21561344" percent="7">
    <mem type="nursery" free="0" total="16121856" percent="0">
      <mem type="allocate" free="0" total="14417920" percent="0" />
      <mem type="survivor" free="0" total="1703936" percent="0" />
    </mem>
    <mem type="tenure" free="1712104" total="5439488" percent="31">
      <mem type="soa" free="1463272" total="5168128" percent="28" />
      <mem type="loa" free="248832" total="271360" percent="91" />
    </mem>
    <remembered-set count="4008" />
  </mem-info>
</gc-start>
<allocation-stats totalBytes="13727848" >
  <allocated-bytes non-tlh="0" tlh="13727848" />
  <largest-consumer threadName="Thread-8" threadId="000000000157A500" bytes="5471488" />
</allocation-stats>
<gc-op id="946" type="scavenge" timems="1.132" contextid="943" timestamp="2019-06-16T01:51:49.284">
  <scavenger-info tenureage="3" tenuremask="4008" tiltratio="89" />
  <memory-copied type="nursery" objects="17624" bytes="698944" bytesdiscarded="122816" />
  <memory-copied type="tenure" objects="1020" bytes="24480" bytesdiscarded="0" />
  <ownableSynchronizers candidates="6" cleared="6" />
</gc-op>
<gc-end id="947" type="scavenge" contextid="943" durationms="1.348" usertimems="4.000" systemtimems="0.000" timestamp="2019-06-16T01:51:49.284" activeThreads="4">
  <mem-info id="948" free="15295464" total="21561344" percent="70">
    <mem type="nursery" free="13661696" total="16121856" percent="84">
      <mem type="allocate" free="13661696" total="14483456" percent="94" />
      <mem type="survivor" free="0" total="1638400" percent="0" />
    </mem>
    <mem type="tenure" free="1633768" total="5439488" percent="30">
      <mem type="soa" free="1384936" total="5168128" percent="26" />
      <mem type="loa" free="248832" total="271360" percent="91" />
    </mem>
    <remembered-set count="2988" />
  </mem-info>
</gc-end>
<cycle-end id="949" type="scavenge" contextid="943" timestamp="2019-06-16T01:51:49.284" />
  <attribute name="elasticGC enabled" value="1" />
  <attribute name= "numThreadsSpecified" value="4" />
  <attribute name="heapSize specified" value="21823488" />
  <attribute name="Current GC Util" value="47" />
  <attribute name= "Current Time Running" value="1573" />
  <attribute name ="GC Interval" value="360" />
  <attribute name="ProportionalT" value="40.500000" />
  <attribute name="ProportionalI" value="40.500000" />
  <attribute name="ProportionalH" value="40.500000" />
  <attribute name="Current Error" value="27.000000" />
  <attribute name="IntegralT" value="324.000000" />
  <attribute name="IntegralI" value="324.000000" />
  <attribute name="IntegralH" value="324.000000" />
  <attribute name="DerivativeT" value="-6.083333" />
  <attribute name="DerivativeI" value="-6.083333" />
  <attribute name="DerivativeH" value="-6.083333" />
  <attribute name="Loop Time for DT" value="12.000000" />
  <attribute name="Output H" value="8388608"/>
  <attribute name="Output I" value="360"/>
  <attribute name="Output T" value="4"/>
  <attribute name="Target GC Util Change" value ="20.000000" />
  <attribute name="Current GC Util Change" value="47.000000"/>
  <attribute name="GC Util currently" value="47" />
  <attribute name="CPU Util currently" value="382518225733" />
<allocation-satisfied id="950" threadId="000000000157A500" bytesRequested="40" />
<af-end id="951" timestamp="2019-06-16T01:51:49.284" threadId="000000000157AE88" success="true" from="nursery"/>
<exclusive-end id="952" timestamp="2019-06-16T01:51:49.284" durationms="1.824" />

<exclusive-start id="953" timestamp="2019-06-16T01:51:49.295" intervalms="12.369">
  <response-info timems="0.030" idlems="0.030" threads="0" lastid="000000000157A500" lastname="Thread-8" />
</exclusive-start>
<af-start id="954" threadId="000000000157AE88" totalBytesRequested="40" timestamp="2019-06-16T01:51:49.295" intervalms="12.406" type="nursery" />
<cycle-start id="955" type="scavenge" contextid="0" timestamp="2019-06-16T01:51:49.295" intervalms="12.404" />
<gc-start id="956" type="scavenge" contextid="955" timestamp="2019-06-16T01:51:49.295">
  <mem-info id="957" free="1633768" total="21561344" percent="7">
    <mem type="nursery" free="0" total="16121856" percent="0">
      <mem type="allocate" free="0" total="14483456" percent="0" />
      <mem type="survivor" free="0" total="1638400" percent="0" />
    </mem>
    <mem type="tenure" free="1633768" total="5439488" percent="30">
      <mem type="soa" free="1384936" total="5168128" percent="26" />
      <mem type="loa" free="248832" total="271360" percent="91" />
    </mem>
    <remembered-set count="3491" />
  </mem-info>
</gc-start>
<allocation-stats totalBytes="13659752" >
  <allocated-bytes non-tlh="40" tlh="13659712" />
  <largest-consumer threadName="Thread-8" threadId="000000000157A500" bytes="4977448" />
</allocation-stats>
<gc-op id="958" type="scavenge" timems="1.483" contextid="955" timestamp="2019-06-16T01:51:49.297">
  <scavenger-info tenureage="14" tenuremask="4000" tiltratio="89" />
  <memory-copied type="nursery" objects="19217" bytes="737576" bytesdiscarded="162520" />
</gc-op>
<heap-resize id="959" type="expand" space="nursery" amount="655360" count="1" timems="0.024" reason="excessive time being spent scavenging" timestamp="2019-06-16T01:51:49.297" />
<gc-end id="960" type="scavenge" contextid="955" durationms="1.854" usertimems="4.000" systemtimems="0.000" timestamp="2019-06-16T01:51:49.297" activeThreads="4">
  <mem-info id="961" free="15806952" total="22216704" percent="71">
    <mem type="nursery" free="14173184" total="16777216" percent="84">
      <mem type="allocate" free="14173184" total="15073280" percent="94" />
      <mem type="survivor" free="0" total="1703936" percent="0" />
    </mem>
    <mem type="tenure" free="1633768" total="5439488" percent="30">
      <mem type="soa" free="1384936" total="5168128" percent="26" />
      <mem type="loa" free="248832" total="271360" percent="91" />
    </mem>
    <remembered-set count="3491" />
  </mem-info>
</gc-end>
<cycle-end id="962" type="scavenge" contextid="955" timestamp="2019-06-16T01:51:49.297" />
  <attribute name="elasticGC enabled" value="1" />
  <attribute name= "numThreadsSpecified" value="4" />
  <attribute name="heapSize specified" value="21823488" />
  <attribute name="Current GC Util" value="24" />
  <attribute name= "Current Time Running" value="1585" />
  <attribute name ="GC Interval" value="200" />
  <attribute name="ProportionalT" value="6.000000" />
  <attribute name="ProportionalI" value="6.000000" />
  <attribute name="ProportionalH" value="6.000000" />
  <attribute name="Current Error" value="4.000000" />
  <attribute name="IntegralT" value="48.000000" />
  <attribute name="IntegralI" value="48.000000" />
  <attribute name="IntegralH" value="48.000000" />
  <attribute name="DerivativeT" value="-1.916667" />
  <attribute name="DerivativeI" value="-1.916667" />
  <attribute name="DerivativeH" value="-1.916667" />
  <attribute name="Loop Time for DT" value="12.000000" />
  <attribute name="Output H" value="8388608"/>
  <attribute name="Output I" value="200"/>
  <attribute name="Output T" value="4"/>
  <attribute name="Target GC Util Change" value ="20.000000" />
  <attribute name="Current GC Util Change" value="24.000000"/>
  <attribute name="GC Util currently" value="24" />
  <attribute name="CPU Util currently" value="371690445391" />
<allocation-satisfied id="963" threadId="000000000157A500" bytesRequested="40" />
<af-end id="964" timestamp="2019-06-16T01:51:49.297" threadId="000000000157AE88" success="true" from="nursery"/>
<exclusive-end id="965" timestamp="2019-06-16T01:51:49.297" durationms="2.652" />

<exclusive-start id="966" timestamp="2019-06-16T01:51:49.306" intervalms="11.407">
  <response-info timems="0.026" idlems="0.026" threads="0" lastid="0000000001576900" lastname="Thread-10" />
</exclusive-start>
<af-start id="967" threadId="0000000001577288" totalBytesRequested="24" timestamp="2019-06-16T01:51:49.306" intervalms="11.412" type="nursery" />
<cycle-start id="968" type="scavenge" contextid="0" timestamp="2019-06-16T01:51:49.306" intervalms="11.406" />
<gc-start id="969" type="scavenge" contextid="968" timestamp="2019-06-16T01:51:49.306">
  <mem-info id="970" free="1633768" total="22216704" percent="7">
    <mem type="nursery" free="0" total="16777216" percent="0">
      <mem type="allocate" free="0" total="15073280" percent="0" />
      <mem type="survivor" free="0" total="1703936" percent="0" />
    </mem>
    <mem type="tenure" free="1633768" total="5439488" percent="30">
      <mem type="soa" free="1384936" total="5168128" percent="26" />
      <mem type="loa" free="248832" total="271360" percent="91" />
    </mem>
    <remembered-set count="4107" />
  </mem-info>
</gc-start>
<allocation-stats totalBytes="14171640" >
  <allocated-bytes non-tlh="40" tlh="14171600" />
  <largest-consumer threadName="Thread-8" threadId="000000000157A500" bytes="3964568" />
</allocation-stats>
<gc-op id="971" type="scavenge" timems="1.497" contextid="968" timestamp="2019-06-16T01:51:49.308">
  <scavenger-info tenureage="3" tenuremask="fff8" tiltratio="89" />
  <memory-copied type="nursery" objects="6576" bytes="159168" bytesdiscarded="198720" />
  <memory-copied type="tenure" objects="13846" bytes="607056" bytesdiscarded="120" />
</gc-op>
<heap-resize id="972" type="expand" space="nursery" amount="655360" count="1" timems="0.012" reason="excessive time being spent scavenging" timestamp="2019-06-16T01:51:49.308" />
<gc-end id="973" type="scavenge" contextid="968" durationms="1.916" usertimems="4.000" systemtimems="0.000" timestamp="2019-06-16T01:51:49.308" activeThreads="4">
  <mem-info id="974" free="16217832" total="22872064" percent="70">
    <mem type="nursery" free="15305216" total="17432576" percent="87">
      <mem type="allocate" free="15305216" total="15663104" percent="97" />
      <mem type="survivor" free="0" total="1769472" percent="0" />
    </mem>
    <mem type="tenure" free="912616" total="5439488" percent="16">
      <mem type="soa" free="663784" total="5168128" percent="12" />
      <mem type="loa" free="248832" total="271360" percent="91" />
    </mem>
    <remembered-set count="6416" />
  </mem-info>
</gc-end>
<cycle-end id="975" type="scavenge" contextid="968" timestamp="2019-06-16T01:51:49.309" />
  <attribute name="elasticGC enabled" value="1" />
  <attribute name= "numThreadsSpecified" value="4" />
  <attribute name="heapSize specified" value="21823488" />
  <attribute name="Current GC Util" value="33" />
  <attribute name= "Current Time Running" value="1597" />
  <attribute name ="GC Interval" value="200" />
  <attribute name="ProportionalT" value="19.500000" />
  <attribute name="ProportionalI" value="19.500000" />
  <attribute name="ProportionalH" value="19.500000" />
  <attribute name="Current Error" value="13.000000" />
  <attribute name="IntegralT" value="156.000000" />
  <attribute name="IntegralI" value="156.000000" />
  <attribute name="IntegralH" value="156.000000" />
  <attribute name="DerivativeT" value="0.750000" />
  <attribute name="DerivativeI" value="0.750000" />
  <attribute name="DerivativeH" value="0.750000" />
  <attribute name="Loop Time for DT" value="12.000000" />
  <attribute name="Output H" value="8388608"/>
  <attribute name="Output I" value="200"/>
  <attribute name="Output T" value="4"/>
  <attribute name="Target GC Util Change" value ="20.000000" />
  <attribute name="Current GC Util Change" value="33.000000"/>
  <attribute name="GC Util currently" value="33" />
  <attribute name="CPU Util currently" value="404861230179" />
<allocation-satisfied id="976" threadId="0000000001576900" bytesRequested="24" />
<af-end id="977" timestamp="2019-06-16T01:51:49.309" threadId="0000000001577288" success="true" from="nursery"/>
<exclusive-end id="978" timestamp="2019-06-16T01:51:49.309" durationms="2.638" />

<exclusive-start id="979" timestamp="2019-06-16T01:51:49.318" intervalms="11.583">
  <response-info timems="0.038" idlems="0.038" threads="0" lastid="000000000157A500" lastname="Thread-8" />
</exclusive-start>
<af-start id="980" threadId="000000000157AE88" totalBytesRequested="40" timestamp="2019-06-16T01:51:49.318" intervalms="11.603" type="nursery" />
<cycle-start id="981" type="scavenge" contextid="0" timestamp="2019-06-16T01:51:49.318" intervalms="11.616" />
<gc-start id="982" type="scavenge" contextid="981" timestamp="2019-06-16T01:51:49.318">
  <mem-info id="983" free="912616" total="22872064" percent="3">
    <mem type="nursery" free="0" total="17432576" percent="0">
      <mem type="allocate" free="0" total="15663104" percent="0" />
      <mem type="survivor" free="0" total="1769472" percent="0" />
    </mem>
    <mem type="tenure" free="912616" total="5439488" percent="16">
      <mem type="soa" free="663784" total="5168128" percent="12" />
      <mem type="loa" free="248832" total="271360" percent="91" />
    </mem>
    <remembered-set count="8074" />
  </mem-info>
</gc-start>
<allocation-stats totalBytes="15303168" >
  <allocated-bytes non-tlh="24" tlh="15303144" />
  <largest-consumer threadName="Thread-7" threadId="0000000001572D00" bytes="4947400" />
</allocation-stats>
<gc-op id="984" type="scavenge" timems="1.289" contextid="981" timestamp="2019-06-16T01:51:49.320">
  <scavenger-info tenureage="3" tenuremask="ffc8" tiltratio="89" />
  <memory-copied type="nursery" objects="4716" bytes="114592" bytesdiscarded="173408" />
  <memory-copied type="tenure" objects="3538" bytes="84912" bytesdiscarded="0" />
</gc-op>
<heap-resize id="985" type="expand" space="nursery" amount="786432" count="1" timems="0.020" reason="excessive time being spent scavenging" timestamp="2019-06-16T01:51:49.320" />
<gc-end id="986" type="scavenge" contextid="981" durationms="1.562" usertimems="0.000" systemtimems="0.000" timestamp="2019-06-16T01:51:49.320" activeThreads="4">
  <mem-info id="987" free="16864744" total="23658496" percent="71">
    <mem type="nursery" free="16030464" total="18219008" percent="87">
      <mem type="allocate" free="16030464" total="16318464" percent="98" />
      <mem type="survivor" free="0" total="1900544" percent="0" />
    </mem>
    <mem type="tenure" free="834280" total="5439488" percent="15">
      <mem type="soa" free="585448" total="5168128" percent="11" />
      <mem type="loa" free="248832" total="271360" percent="91" />
    </mem>
    <remembered-set count="4536" />
  </mem-info>
</gc-end>
<cycle-end id="988" type="scavenge" contextid="981" timestamp="2019-06-16T01:51:49.320" />
  <attribute name="elasticGC enabled" value="1" />
  <attribute name= "numThreadsSpecified" value="4" />
  <attribute name="heapSize specified" value="21823488" />
  <attribute name="Current GC Util" value="34" />
  <attribute name= "Current Time Running" value="1608" />
  <attribute name ="GC Interval" value="200" />
  <attribute name="ProportionalT" value="21.000000" />
  <attribute name="ProportionalI" value="21.000000" />
  <attribute name="ProportionalH" value="21.000000" />
  <attribute name="Current Error" value="14.000000" />
  <attribute name="IntegralT" value="154.000000" />
  <attribute name="IntegralI" value="154.000000" />
  <attribute name="IntegralH" value="154.000000" />
  <attribute name="DerivativeT" value="0.090909" />
  <attribute name="DerivativeI" value="0.090909" />
  <attribute name="DerivativeH" value="0.090909" />
  <attribute name="Loop Time for DT" value="11.000000" />
  <attribute name="Output H" value="8388608"/>
  <attribute name="Output I" value="200"/>
  <attribute name="Output T" value="4"/>
  <attribute name="Target GC Util Change" value ="20.000000" />
  <attribute name="Current GC Util Change" value="34.000000"/>
  <attribute name="GC Util currently" value="34" />
  <attribute name="CPU Util currently" value="396487767591" />
<allocation-satisfied id="989" threadId="000000000157A500" bytesRequested="40" />
<af-end id="990" timestamp="2019-06-16T01:51:49.320" threadId="000000000157AE88" success="true" from="nursery"/>
<exclusive-end id="991" timestamp="2019-06-16T01:51:49.320" durationms="2.100" />

<exclusive-start id="992" timestamp="2019-06-16T01:51:49.329" intervalms="11.494">
  <response-info timems="0.044" idlems="0.044" threads="0" lastid="000000000157A500" lastname="Thread-8" />
</exclusive-start>
<af-start id="993" threadId="000000000157AE88" totalBytesRequested="40" timestamp="2019-06-16T01:51:49.329" intervalms="11.420" type="nursery" />
<cycle-start id="994" type="scavenge" contextid="0" timestamp="2019-06-16T01:51:49.329" intervalms="11.407" />
<gc-start id="995" type="scavenge" contextid="994" timestamp="2019-06-16T01:51:49.330">
  <mem-info id="996" free="834280" total="23658496" percent="3">
    <mem type="nursery" free="0" total="18219008" percent="0">
      <mem type="allocate" free="0" total="16318464" percent="0" />
      <mem type="survivor" free="0" total="1900544" percent="0" />
    </mem>
    <mem type="tenure" free="834280" total="5439488" percent="15">
      <mem type="soa" free="585448" total="5168128" percent="11" />
      <mem type="loa" free="248832" total="271360" percent="91" />
    </mem>
    <remembered-set count="7003" />
  </mem-info>
</gc-start>
<allocation-stats totalBytes="16028448" >
  <allocated-bytes non-tlh="40" tlh="16028408" />
  <largest-consumer threadName="Thread-7" threadId="0000000001572D00" bytes="4816440" />
</allocation-stats>
<gc-op id="997" type="scavenge" timems="1.269" contextid="994" timestamp="2019-06-16T01:51:49.331">
  <scavenger-info tenureage="3" tenuremask="ffe8" tiltratio="89" />
  <memory-copied type="nursery" objects="11581" bytes="416696" bytesdiscarded="203848" />
  <memory-copied type="tenure" objects="1486" bytes="35664" bytesdiscarded="0" />
</gc-op>
<heap-resize id="998" type="expand" space="nursery" amount="786432" count="1" timems="0.019" reason="excessive time being spent scavenging" timestamp="2019-06-16T01:51:49.331" />
<gc-end id="999" type="scavenge" contextid="994" durationms="1.532" usertimems="0.000" systemtimems="4.000" timestamp="2019-06-16T01:51:49.331" activeThreads="4">
  <mem-info id="1000" free="17253096" total="24444928" percent="70">
    <mem type="nursery" free="16418816" total="19005440" percent="86">
      <mem type="allocate" free="16418816" total="17039360" percent="96" />
      <mem type="survivor" free="0" total="1966080" percent="0" />
    </mem>
    <mem type="tenure" free="834280" total="5439488" percent="15">
      <mem type="soa" free="585448" total="5168128" percent="11" />
      <mem type="loa" free="248832" total="271360" percent="91" />
    </mem>
    <remembered-set count="5517" />
  </mem-info>
</gc-end>
<cycle-end id="1001" type="scavenge" contextid="994" timestamp="2019-06-16T01:51:49.331" />
  <attribute name="elasticGC enabled" value="1" />
  <attribute name= "numThreadsSpecified" value="4" />
  <attribute name="heapSize specified" value="21823488" />
  <attribute name="Current GC Util" value="28" />
  <attribute name= "Current Time Running" value="1620" />
  <attribute name ="GC Interval" value="200" />
  <attribute name="ProportionalT" value="12.000000" />
  <attribute name="ProportionalI" value="12.000000" />
  <attribute name="ProportionalH" value="12.000000" />
  <attribute name="Current Error" value="8.000000" />
  <attribute name="IntegralT" value="96.000000" />
  <attribute name="IntegralI" value="96.000000" />
  <attribute name="IntegralH" value="96.000000" />
  <attribute name="DerivativeT" value="-0.500000" />
  <attribute name="DerivativeI" value="-0.500000" />
  <attribute name="DerivativeH" value="-0.500000" />
  <attribute name="Loop Time for DT" value="12.000000" />
  <attribute name="Output H" value="8388608"/>
  <attribute name="Output I" value="200"/>
  <attribute name="Output T" value="4"/>
  <attribute name="Target GC Util Change" value ="20.000000" />
  <attribute name="Current GC Util Change" value="28.000000"/>
  <attribute name="GC Util currently" value="28" />
  <attribute name="CPU Util currently" value="404998081028" />
<allocation-satisfied id="1002" threadId="000000000157A500" bytesRequested="40" />
<af-end id="1003" timestamp="2019-06-16T01:51:49.331" threadId="000000000157AE88" success="true" from="nursery"/>
<exclusive-end id="1004" timestamp="2019-06-16T01:51:49.331" durationms="1.974" />

<exclusive-start id="1005" timestamp="2019-06-16T01:51:49.341" intervalms="11.922">
  <response-info timems="0.039" idlems="0.039" threads="0" lastid="0000000001576900" lastname="Thread-10" />
</exclusive-start>
<af-start id="1006" threadId="0000000001577288" totalBytesRequested="40" timestamp="2019-06-16T01:51:49.341" intervalms="11.921" type="nursery" />
<cycle-start id="1007" type="scavenge" contextid="0" timestamp="2019-06-16T01:51:49.341" intervalms="11.918" />
<gc-start id="1008" type="scavenge" contextid="1007" timestamp="2019-06-16T01:51:49.341">
  <mem-info id="1009" free="834280" total="24444928" percent="3">
    <mem type="nursery" free="0" total="19005440" percent="0">
      <mem type="allocate" free="0" total="17039360" percent="0" />
      <mem type="survivor" free="0" total="1966080" percent="0" />
    </mem>
    <mem type="tenure" free="834280" total="5439488" percent="15">
      <mem type="soa" free="585448" total="5168128" percent="11" />
      <mem type="loa" free="248832" total="271360" percent="91" />
    </mem>
    <remembered-set count="6274" />
  </mem-info>
</gc-start>
<allocation-stats totalBytes="16416896" >
  <allocated-bytes non-tlh="40" tlh="16416856" />
  <largest-consumer threadName="Thread-8" threadId="000000000157A500" bytes="4685376" />
</allocation-stats>
<gc-op id="1010" type="scavenge" timems="0.900" contextid="1007" timestamp="2019-06-16T01:51:49.342">
  <scavenger-info tenureage="3" tenuremask="ffe8" tiltratio="89" />
  <memory-copied type="nursery" objects="21428" bytes="790624" bytesdiscarded="159248" />
  <memory-copied type="tenure" objects="1285" bytes="30840" bytesdiscarded="0" />
</gc-op>
<heap-resize id="1011" type="expand" space="nursery" amount="786432" count="1" timems="0.010" reason="excessive time being spent scavenging" timestamp="2019-06-16T01:51:49.343" />
<gc-end id="1012" type="scavenge" contextid="1007" durationms="1.310" usertimems="0.000" systemtimems="0.000" timestamp="2019-06-16T01:51:49.343" activeThreads="4">
  <mem-info id="1013" free="17644664" total="25231360" percent="69">
    <mem type="nursery" free="16810384" total="19791872" percent="84">
      <mem type="allocate" free="16810384" total="17760256" percent="94" />
      <mem type="survivor" free="0" total="2031616" percent="0" />
    </mem>
    <mem type="tenure" free="834280" total="5439488" percent="15">
      <mem type="soa" free="585448" total="5168128" percent="11" />
      <mem type="loa" free="248832" total="271360" percent="91" />
    </mem>
    <remembered-set count="4988" />
  </mem-info>
</gc-end>
<cycle-end id="1014" type="scavenge" contextid="1007" timestamp="2019-06-16T01:51:49.343" />
  <attribute name="elasticGC enabled" value="1" />
  <attribute name= "numThreadsSpecified" value="4" />
  <attribute name="heapSize specified" value="21823488" />
  <attribute name="Current GC Util" value="27" />
  <attribute name= "Current Time Running" value="1632" />
  <attribute name ="GC Interval" value="200" />
  <attribute name="ProportionalT" value="10.500000" />
  <attribute name="ProportionalI" value="10.500000" />
  <attribute name="ProportionalH" value="10.500000" />
  <attribute name="Current Error" value="7.000000" />
  <attribute name="IntegralT" value="84.000000" />
  <attribute name="IntegralI" value="84.000000" />
  <attribute name="IntegralH" value="84.000000" />
  <attribute name="DerivativeT" value="-0.083333" />
  <attribute name="DerivativeI" value="-0.083333" />
  <attribute name="DerivativeH" value="-0.083333" />
  <attribute name="Loop Time for DT" value="12.000000" />
  <attribute name="Output H" value="8388608"/>
  <attribute name="Output I" value="200"/>
  <attribute name="Output T" value="4"/>
  <attribute name="Target GC Util Change" value ="20.000000" />
  <attribute name="Current GC Util Change" value="27.000000"/>
  <attribute name="GC Util currently" value="27" />
  <attribute name="CPU Util currently" value="387167399172" />
<allocation-satisfied id="1015" threadId="0000000001576900" bytesRequested="40" />
<af-end id="1016" timestamp="2019-06-16T01:51:49.343" threadId="0000000001577288" success="true" from="nursery"/>
<exclusive-end id="1017" timestamp="2019-06-16T01:51:49.343" durationms="1.970" />

<exclusive-start id="1018" timestamp="2019-06-16T01:51:49.354" intervalms="12.933">
  <response-info timems="0.019" idlems="0.019" threads="0" lastid="0000000001576900" lastname="Thread-10" />
</exclusive-start>
<af-start id="1019" threadId="0000000001577288" totalBytesRequested="40" timestamp="2019-06-16T01:51:49.354" intervalms="12.935" type="nursery" />
<cycle-start id="1020" type="scavenge" contextid="0" timestamp="2019-06-16T01:51:49.354" intervalms="12.946" />
<gc-start id="1021" type="scavenge" contextid="1020" timestamp="2019-06-16T01:51:49.354">
  <mem-info id="1022" free="834280" total="25231360" percent="3">
    <mem type="nursery" free="0" total="19791872" percent="0">
      <mem type="allocate" free="0" total="17760256" percent="0" />
      <mem type="survivor" free="0" total="2031616" percent="0" />
    </mem>
    <mem type="tenure" free="834280" total="5439488" percent="15">
      <mem type="soa" free="585448" total="5168128" percent="11" />
      <mem type="loa" free="248832" total="271360" percent="91" />
    </mem>
    <remembered-set count="5781" />
  </mem-info>
</gc-start>
<allocation-stats totalBytes="16808376" >
  <allocated-bytes non-tlh="40" tlh="16808336" />
  <largest-consumer threadName="Thread-8" threadId="000000000157A500" bytes="4947440" />
</allocation-stats>
<gc-op id="1023" type="scavenge" timems="1.594" contextid="1020" timestamp="2019-06-16T01:51:49.356">
  <scavenger-info tenureage="3" tenuremask="ffe8" tiltratio="89" />
  <memory-copied type="nursery" objects="19883" bytes="753080" bytesdiscarded="169288" />
  <memory-copied type="tenure" objects="1669" bytes="40056" bytesdiscarded="0" />
</gc-op>
<gc-end id="1024" type="scavenge" contextid="1020" durationms="1.950" usertimems="4.000" systemtimems="0.000" timestamp="2019-06-16T01:51:49.356" activeThreads="4">
  <mem-info id="1025" free="17672168" total="25231360" percent="70">
    <mem type="nursery" free="16837888" total="19791872" percent="85">
      <mem type="allocate" free="16837888" total="17760256" percent="94" />
      <mem type="survivor" free="0" total="2031616" percent="0" />
    </mem>
    <mem type="tenure" free="834280" total="5439488" percent="15">
      <mem type="soa" free="585448" total="5168128" percent="11" />
      <mem type="loa" free="248832" total="271360" percent="91" />
    </mem>
    <remembered-set count="4111" />
  </mem-info>
</gc-end>
<cycle-end id="1026" type="scavenge" contextid="1020" timestamp="2019-06-16T01:51:49.356" />
  <attribute name="elasticGC enabled" value="1" />
  <attribute name= "numThreadsSpecified" value="4" />
  <attribute name="heapSize specified" value="21823488" />
  <attribute name="Current GC Util" value="19" />
  <attribute name= "Current Time Running" value="1645" />
  <attribute name ="GC Interval" value="200" />
  <attribute name="ProportionalT" value="-1.500000" />
  <attribute name="ProportionalI" value="-1.500000" />
  <attribute name="ProportionalH" value="-1.500000" />
  <attribute name="Current Error" value="-1.000000" />
  <attribute name="IntegralT" value="-13.000000" />
  <attribute name="IntegralI" value="-13.000000" />
  <attribute name="IntegralH" value="-13.000000" />
  <attribute name="DerivativeT" value="-0.615385" />
  <attribute name="DerivativeI" value="-0.615385" />
  <attribute name="DerivativeH" value="-0.615385" />
  <attribute name="Loop Time for DT" value="13.000000" />
  <attribute name="Output H" value="2092630016"/>
  <attribute name="Output I" value="200"/>
  <attribute name="Output T" value="4"/>
  <attribute name="Target GC Util Change" value ="20.000000" />
  <attribute name="Current GC Util Change" value="19.000000"/>
  <attribute name="GC Util currently" value="19" />
  <attribute name="CPU Util currently" value="356145304311" />
<allocation-satisfied id="1027" threadId="0000000001576900" bytesRequested="40" />
<af-end id="1028" timestamp="2019-06-16T01:51:49.356" threadId="0000000001577288" success="true" from="nursery"/>
<exclusive-end id="1029" timestamp="2019-06-16T01:51:49.357" durationms="2.387" />

<exclusive-start id="1030" timestamp="2019-06-16T01:51:49.370" intervalms="15.466">
  <response-info timems="0.029" idlems="0.029" threads="0" lastid="000000000157E100" lastname="Thread-9" />
</exclusive-start>
<af-start id="1031" threadId="000000000157EA88" totalBytesRequested="48" timestamp="2019-06-16T01:51:49.370" intervalms="15.467" type="nursery" />
<cycle-start id="1032" type="scavenge" contextid="0" timestamp="2019-06-16T01:51:49.370" intervalms="15.462" />
<gc-start id="1033" type="scavenge" contextid="1032" timestamp="2019-06-16T01:51:49.370">
  <mem-info id="1034" free="834280" total="25231360" percent="3">
    <mem type="nursery" free="0" total="19791872" percent="0">
      <mem type="allocate" free="0" total="17760256" percent="0" />
      <mem type="survivor" free="0" total="2031616" percent="0" />
    </mem>
    <mem type="tenure" free="834280" total="5439488" percent="15">
      <mem type="soa" free="585448" total="5168128" percent="11" />
      <mem type="loa" free="248832" total="271360" percent="91" />
    </mem>
    <remembered-set count="4653" />
  </mem-info>
</gc-start>
<allocation-stats totalBytes="16835784" >
  <allocated-bytes non-tlh="40" tlh="16835744" />
  <largest-consumer threadName="Thread-8" threadId="000000000157A500" bytes="5794304" />
</allocation-stats>
<gc-op id="1035" type="scavenge" timems="0.999" contextid="1032" timestamp="2019-06-16T01:51:49.371">
  <scavenger-info tenureage="14" tenuremask="4000" tiltratio="89" />
  <memory-copied type="nursery" objects="19583" bytes="774664" bytesdiscarded="169976" />
</gc-op>
<heap-resize id="1036" type="expand" space="nursery" amount="917504" count="1" timems="0.013" reason="excessive time being spent scavenging" timestamp="2019-06-16T01:51:49.371" />
<gc-end id="1037" type="scavenge" contextid="1032" durationms="1.240" usertimems="0.000" systemtimems="4.000" timestamp="2019-06-16T01:51:49.371" activeThreads="4">
  <mem-info id="1038" free="18436328" total="26148864" percent="70">
    <mem type="nursery" free="17602048" total="20709376" percent="84">
      <mem type="allocate" free="17602048" total="18546688" percent="94" />
      <mem type="survivor" free="0" total="2162688" percent="0" />
    </mem>
    <mem type="tenure" free="834280" total="5439488" percent="15">
      <mem type="soa" free="585448" total="5168128" percent="11" />
      <mem type="loa" free="248832" total="271360" percent="91" />
    </mem>
    <remembered-set count="4653" />
  </mem-info>
</gc-end>
<cycle-end id="1039" type="scavenge" contextid="1032" timestamp="2019-06-16T01:51:49.371" />
  <attribute name="elasticGC enabled" value="1" />
  <attribute name= "numThreadsSpecified" value="4" />
  <attribute name="heapSize specified" value="21823488" />
  <attribute name="Current GC Util" value="25" />
  <attribute name= "Current Time Running" value="1660" />
  <attribute name ="GC Interval" value="200" />
  <attribute name="ProportionalT" value="7.500000" />
  <attribute name="ProportionalI" value="7.500000" />
  <attribute name="ProportionalH" value="7.500000" />
  <attribute name="Current Error" value="5.000000" />
  <attribute name="IntegralT" value="75.000000" />
  <attribute name="IntegralI" value="75.000000" />
  <attribute name="IntegralH" value="75.000000" />
  <attribute name="DerivativeT" value="0.333333" />
  <attribute name="DerivativeI" value="0.333333" />
  <attribute name="DerivativeH" value="0.333333" />
  <attribute name="Loop Time for DT" value="15.000000" />
  <attribute name="Output H" value="8388608"/>
  <attribute name="Output I" value="200"/>
  <attribute name="Output T" value="4"/>
  <attribute name="Target GC Util Change" value ="20.000000" />
  <attribute name="Current GC Util Change" value="25.000000"/>
  <attribute name="GC Util currently" value="25" />
  <attribute name="CPU Util currently" value="298146794106" />
<allocation-satisfied id="1040" threadId="000000000157E100" bytesRequested="48" />
<af-end id="1041" timestamp="2019-06-16T01:51:49.371" threadId="000000000157EA88" success="true" from="nursery"/>
<exclusive-end id="1042" timestamp="2019-06-16T01:51:49.371" durationms="1.674" />

<exclusive-start id="1043" timestamp="2019-06-16T01:51:49.383" intervalms="13.083">
  <response-info timems="0.029" idlems="0.029" threads="0" lastid="000000000157E100" lastname="Thread-9" />
</exclusive-start>
<af-start id="1044" threadId="000000000157EA88" totalBytesRequested="40" timestamp="2019-06-16T01:51:49.383" intervalms="13.084" type="nursery" />
<cycle-start id="1045" type="scavenge" contextid="0" timestamp="2019-06-16T01:51:49.383" intervalms="13.085" />
<gc-start id="1046" type="scavenge" contextid="1045" timestamp="2019-06-16T01:51:49.383">
  <mem-info id="1047" free="834280" total="26148864" percent="3">
    <mem type="nursery" free="0" total="20709376" percent="0">
      <mem type="allocate" free="0" total="18546688" percent="0" />
      <mem type="survivor" free="0" total="2162688" percent="0" />
    </mem>
    <mem type="tenure" free="834280" total="5439488" percent="15">
      <mem type="soa" free="585448" total="5168128" percent="11" />
      <mem type="loa" free="248832" total="271360" percent="91" />
    </mem>
    <remembered-set count="5125" />
  </mem-info>
</gc-start>
<allocation-stats totalBytes="17599768" >
  <allocated-bytes non-tlh="48" tlh="17599720" />
  <largest-consumer threadName="Thread-10" threadId="0000000001576900" bytes="5602560" />
</allocation-stats>
<gc-op id="1048" type="scavenge" timems="1.667" contextid="1045" timestamp="2019-06-16T01:51:49.385">
  <scavenger-info tenureage="4" tenuremask="4010" tiltratio="89" />
  <memory-copied type="nursery" objects="28615" bytes="1237832" bytesdiscarded="128056" />
  <memory-copied type="tenure" objects="3499" bytes="83976" bytesdiscarded="0" />
</gc-op>
<gc-end id="1049" type="scavenge" contextid="1045" durationms="1.860" usertimems="4.000" systemtimems="0.000" timestamp="2019-06-16T01:51:49.385" activeThreads="4">
  <mem-info id="1050" free="17963112" total="26148864" percent="68">
    <mem type="nursery" free="17246336" total="20709376" percent="83">
      <mem type="allocate" free="17246336" total="18612224" percent="92" />
      <mem type="survivor" free="0" total="2097152" percent="0" />
    </mem>
    <mem type="tenure" free="716776" total="5439488" percent="13">
      <mem type="soa" free="467944" total="5168128" percent="9" />
      <mem type="loa" free="248832" total="271360" percent="91" />
    </mem>
    <remembered-set count="2648" />
  </mem-info>
</gc-end>
<cycle-end id="1051" type="scavenge" contextid="1045" timestamp="2019-06-16T01:51:49.385" />
  <attribute name="elasticGC enabled" value="1" />
  <attribute name= "numThreadsSpecified" value="4" />
  <attribute name="heapSize specified" value="21823488" />
  <attribute name="Current GC Util" value="21" />
  <attribute name= "Current Time Running" value="1673" />
  <attribute name ="GC Interval" value="200" />
  <attribute name="ProportionalT" value="1.500000" />
  <attribute name="ProportionalI" value="1.500000" />
  <attribute name="ProportionalH" value="1.500000" />
  <attribute name="Current Error" value="1.000000" />
  <attribute name="IntegralT" value="13.000000" />
  <attribute name="IntegralI" value="13.000000" />
  <attribute name="IntegralH" value="13.000000" />
  <attribute name="DerivativeT" value="-0.307692" />
  <attribute name="DerivativeI" value="-0.307692" />
  <attribute name="DerivativeH" value="-0.307692" />
  <attribute name="Loop Time for DT" value="13.000000" />
  <attribute name="Output H" value="8388608"/>
  <attribute name="Output I" value="200"/>
  <attribute name="Output T" value="4"/>
  <attribute name="Target GC Util Change" value ="20.000000" />
  <attribute name="Current GC Util Change" value="21.000000"/>
  <attribute name="GC Util currently" value="21" />
  <attribute name="CPU Util currently" value="352554521084" />
<allocation-satisfied id="1052" threadId="000000000157E100" bytesRequested="40" />
<af-end id="1053" timestamp="2019-06-16T01:51:49.385" threadId="000000000157EA88" success="true" from="nursery"/>
<exclusive-end id="1054" timestamp="2019-06-16T01:51:49.385" durationms="2.295" />

<exclusive-start id="1055" timestamp="2019-06-16T01:51:49.398" intervalms="14.909">
  <response-info timems="0.025" idlems="0.025" threads="0" lastid="000000000157A500" lastname="Thread-8" />
</exclusive-start>
<af-start id="1056" threadId="000000000157AE88" totalBytesRequested="40" timestamp="2019-06-16T01:51:49.398" intervalms="14.930" type="nursery" />
<cycle-start id="1057" type="scavenge" contextid="0" timestamp="2019-06-16T01:51:49.398" intervalms="14.930" />
<gc-start id="1058" type="scavenge" contextid="1057" timestamp="2019-06-16T01:51:49.398">
  <mem-info id="1059" free="716776" total="26148864" percent="2">
    <mem type="nursery" free="0" total="20709376" percent="0">
      <mem type="allocate" free="0" total="18612224" percent="0" />
      <mem type="survivor" free="0" total="2097152" percent="0" />
    </mem>
    <mem type="tenure" free="716776" total="5439488" percent="13">
      <mem type="soa" free="467944" total="5168128" percent="9" />
      <mem type="loa" free="248832" total="271360" percent="91" />
    </mem>
    <remembered-set count="2648" />
  </mem-info>
</gc-start>
<allocation-stats totalBytes="17244168" >
  <allocated-bytes non-tlh="40" tlh="17244128" />
  <largest-consumer threadName="Thread-10" threadId="0000000001576900" bytes="6388816" />
</allocation-stats>
<gc-op id="1060" type="scavenge" timems="2.044" contextid="1057" timestamp="2019-06-16T01:51:49.400">
  <scavenger-info tenureage="3" tenuremask="4008" tiltratio="89" />
  <memory-copied type="nursery" objects="24902" bytes="1011360" bytesdiscarded="131280" />
  <memory-copied type="tenure" objects="5716" bytes="274560" bytesdiscarded="0" />
</gc-op>
<heap-resize id="1061" type="expand" space="nursery" amount="1572864" count="1" timems="0.024" reason="excessive time being spent scavenging" timestamp="2019-06-16T01:51:49.400" />
<gc-end id="1062" type="scavenge" contextid="1057" durationms="2.337" usertimems="4.000" systemtimems="0.000" timestamp="2019-06-16T01:51:49.400" activeThreads="4">
  <mem-info id="1063" free="19167744" total="27721728" percent="69">
    <mem type="nursery" free="18845840" total="22282240" percent="84">
      <mem type="allocate" free="18845840" total="19988480" percent="94" />
      <mem type="survivor" free="0" total="2293760" percent="0" />
    </mem>
    <mem type="tenure" free="321904" total="5439488" percent="5">
      <mem type="soa" free="73072" total="5168128" percent="1" />
      <mem type="loa" free="248832" total="271360" percent="91" />
    </mem>
    <remembered-set count="4188" />
  </mem-info>
</gc-end>
<cycle-end id="1064" type="scavenge" contextid="1057" timestamp="2019-06-16T01:51:49.400" />
  <attribute name="elasticGC enabled" value="1" />
  <attribute name= "numThreadsSpecified" value="4" />
  <attribute name="heapSize specified" value="21823488" />
  <attribute name="Current GC Util" value="29" />
  <attribute name= "Current Time Running" value="1688" />
  <attribute name ="GC Interval" value="200" />
  <attribute name="ProportionalT" value="13.500000" />
  <attribute name="ProportionalI" value="13.500000" />
  <attribute name="ProportionalH" value="13.500000" />
  <attribute name="Current Error" value="9.000000" />
  <attribute name="IntegralT" value="135.000000" />
  <attribute name="IntegralI" value="135.000000" />
  <attribute name="IntegralH" value="135.000000" />
  <attribute name="DerivativeT" value="0.533333" />
  <attribute name="DerivativeI" value="0.533333" />
  <attribute name="DerivativeH" value="0.533333" />
  <attribute name="Loop Time for DT" value="15.000000" />
  <attribute name="Output H" value="8388608"/>
  <attribute name="Output I" value="200"/>
  <attribute name="Output T" value="4"/>
  <attribute name="Target GC Util Change" value ="20.000000" />
  <attribute name="Current GC Util Change" value="29.000000"/>
  <attribute name="GC Util currently" value="29" />
  <attribute name="CPU Util currently" value="308514283747" />
<allocation-satisfied id="1065" threadId="000000000157A500" bytesRequested="40" />
<af-end id="1066" timestamp="2019-06-16T01:51:49.400" threadId="000000000157AE88" success="true" from="nursery"/>
<exclusive-end id="1067" timestamp="2019-06-16T01:51:49.400" durationms="2.815" />

<concurrent-kickoff id="1068" timestamp="2019-06-16T01:51:49.412">
  <kickoff reason="threshold reached" targetBytes="1620081" thresholdFreeBytes="230022"  remainingFree="168080" tenureFreeBytes="321904" nurseryFreeBytes="168080" />
</concurrent-kickoff>
<exclusive-start id="1069" timestamp="2019-06-16T01:51:49.412" intervalms="14.850">
  <response-info timems="0.024" idlems="0.023" threads="1" lastid="0000000001576900" lastname="Thread-10" />
</exclusive-start>
<cycle-start id="1070" type="global" contextid="0" timestamp="2019-06-16T01:51:49.413" intervalms="170.278" />
<exclusive-end id="1071" timestamp="2019-06-16T01:51:49.413" durationms="0.123" />

<exclusive-start id="1072" timestamp="2019-06-16T01:51:49.413" intervalms="0.375">
  <response-info timems="0.026" idlems="0.026" threads="0" lastid="000000000157E100" lastname="Thread-9" />
</exclusive-start>
<af-start id="1073" threadId="000000000157EA88" totalBytesRequested="24" timestamp="2019-06-16T01:51:49.413" intervalms="15.203" type="nursery" />
<cycle-start id="1074" type="scavenge" contextid="0" timestamp="2019-06-16T01:51:49.413" intervalms="15.198" />
<gc-start id="1075" type="scavenge" contextid="1074" timestamp="2019-06-16T01:51:49.413">
  <mem-info id="1076" free="321904" total="27721728" percent="1">
    <mem type="nursery" free="0" total="22282240" percent="0">
      <mem type="allocate" free="0" total="19988480" percent="0" />
      <mem type="survivor" free="0" total="2293760" percent="0" />
    </mem>
    <mem type="tenure" free="321904" total="5439488" percent="5">
      <mem type="soa" free="73072" total="5168128" percent="1" />
      <mem type="loa" free="248832" total="271360" percent="91" />
    </mem>
    <remembered-set count="4392" />
  </mem-info>
</gc-start>
<allocation-stats totalBytes="18843480" >
  <allocated-bytes non-tlh="40" tlh="18843440" />
  <largest-consumer threadName="Thread-10" threadId="0000000001576900" bytes="5602496" />
</allocation-stats>
<gc-op id="1077" type="scavenge" timems="1.597" contextid="1074" timestamp="2019-06-16T01:51:49.415">
  <scavenger-info tenureage="3" tenuremask="4028" tiltratio="89" />
  <memory-copied type="nursery" objects="21176" bytes="825032" bytesdiscarded="158776" />
  <memory-copied type="tenure" objects="4885" bytes="213648" bytesdiscarded="304" />
  <copy-failed type="tenure" objects="5285" bytes="196728" />
</gc-op>
<gc-end id="1078" type="scavenge" contextid="1074" durationms="1.800" usertimems="4.000" systemtimems="0.000" timestamp="2019-06-16T01:51:49.415" activeThreads="4">
  <mem-info id="1079" free="19319040" total="27721728" percent="69">
    <mem type="nursery" free="19070208" total="22282240" percent="85">
      <mem type="allocate" free="19070208" total="20054016" percent="95" />
      <mem type="survivor" free="0" total="2228224" percent="0" />
    </mem>
    <mem type="tenure" free="248832" total="5439488" percent="4">
      <mem type="soa" free="0" total="5168128" percent="0" />
      <mem type="loa" free="248832" total="271360" percent="91" />
    </mem>
    <remembered-set count="2212" />
  </mem-info>
</gc-end>
<cycle-end id="1080" type="scavenge" contextid="1074" timestamp="2019-06-16T01:51:49.415" />
  <attribute name="elasticGC enabled" value="1" />
  <attribute name= "numThreadsSpecified" value="4" />
  <attribute name="heapSize specified" value="21823488" />
  <attribute name="Current GC Util" value="31" />
  <attribute name= "Current Time Running" value="1703" />
  <attribute name ="GC Interval" value="200" />
  <attribute name="ProportionalT" value="16.500000" />
  <attribute name="ProportionalI" value="16.500000" />
  <attribute name="ProportionalH" value="16.500000" />
  <attribute name="Current Error" value="11.000000" />
  <attribute name="IntegralT" value="165.000000" />
  <attribute name="IntegralI" value="165.000000" />
  <attribute name="IntegralH" value="165.000000" />
  <attribute name="DerivativeT" value="0.133333" />
  <attribute name="DerivativeI" value="0.133333" />
  <attribute name="DerivativeH" value="0.133333" />
  <attribute name="Loop Time for DT" value="15.000000" />
  <attribute name="Output H" value="8388608"/>
  <attribute name="Output I" value="200"/>
  <attribute name="Output T" value="4"/>
  <attribute name="Target GC Util Change" value ="20.000000" />
  <attribute name="Current GC Util Change" value="31.000000"/>
  <attribute name="GC Util currently" value="31" />
  <attribute name="CPU Util currently" value="303472929615" />
<allocation-satisfied id="1081" threadId="000000000157E100" bytesRequested="24" />
<af-end id="1082" timestamp="2019-06-16T01:51:49.415" threadId="000000000157EA88" success="true" from="nursery"/>
<exclusive-end id="1083" timestamp="2019-06-16T01:51:49.415" durationms="2.239" />

<exclusive-start id="1084" timestamp="2019-06-16T01:51:49.430" intervalms="16.992">
  <response-info timems="0.023" idlems="0.023" threads="0" lastid="000000000157E100" lastname="Thread-9" />
</exclusive-start>
<af-start id="1085" threadId="000000000157EA88" totalBytesRequested="40" timestamp="2019-06-16T01:51:49.430" intervalms="16.993" type="nursery" />
<percolate-collect id="1086" from="nursery" to="global" reason="concurrent mark exhausted" timestamp="2019-06-16T01:51:49.430"/>
<gc-start id="1087" type="global" contextid="1070" timestamp="2019-06-16T01:51:49.430">
  <mem-info id="1088" free="248832" total="27721728" percent="0">
    <mem type="nursery" free="0" total="22282240" percent="0">
      <mem type="allocate" free="0" total="20054016" percent="0" />
      <mem type="survivor" free="0" total="2228224" percent="0" />
    </mem>
    <mem type="tenure" free="248832" total="5439488" percent="4">
      <mem type="soa" free="0" total="5168128" percent="0" />
      <mem type="loa" free="248832" total="271360" percent="91" />
    </mem>
    <remembered-set count="2597" />
  </mem-info>
</gc-start>
<allocation-stats totalBytes="19067840" >
  <allocated-bytes non-tlh="24" tlh="19067816" />
  <largest-consumer threadName="Thread-10" threadId="0000000001576900" bytes="5340592" />
</allocation-stats>
<concurrent-halted id="1089" timestamp="2019-06-16T01:51:49.430">
  <halted state="Complete" status="exhausted" />
  <traced bytesTarget="1620081" bytesTotal="1537000" bytesByMutator="886668" bytesByHelper="650332" percent="94" />
  <cards cleaned="129" thresholdBytes="90614" />
</concurrent-halted>
<gc-op id="1090" type="rs-scan" timems="0.550" contextid="1070" timestamp="2019-06-16T01:51:49.431">
  <scan objectsFound="1649" bytesTraced="136756" workStackOverflowCount="0" />
</gc-op>
<gc-op id="1091" type="card-cleaning" timems="0.442" contextid="1070" timestamp="2019-06-16T01:51:49.431">
  <card-cleaning cardsCleaned="5" bytesTraced="8108" workStackOverflowCount="0" />
</gc-op>
<gc-op id="1092" type="mark" timems="1.454" contextid="1070" timestamp="2019-06-16T01:51:49.433">
  <trace-info objectcount="20133" scancount="20101" scanbytes="896620" />
  <finalization candidates="124" enqueued="0" />
  <ownableSynchronizers candidates="3" cleared="0" />
  <references type="soft" candidates="148" cleared="0" enqueued="0" dynamicThreshold="10" maxThreshold="32" />
  <references type="weak" candidates="693" cleared="0" enqueued="0" />
  <references type="phantom" candidates="38" cleared="0" enqueued="0" />
  <stringconstants candidates="4597" cleared="0"  />
</gc-op>
<gc-op id="1093" type="sweep" timems="0.556" contextid="1070" timestamp="2019-06-16T01:51:49.433" />
<mem-info id="1094" free="21078928" total="27721728" percent="76">
  <mem type="nursery" free="19255872" total="22282240" percent="86">
    <mem type="allocate" free="19255872" total="20054016" percent="96" />
    <mem type="survivor" free="0" total="2228224" percent="0" />
  </mem>
  <mem type="tenure" free="1823056" total="5439488" percent="33" micro-fragmented="0" macro-fragmented="0">
    <mem type="soa" free="1551696" total="5168128" percent="30" />
    <mem type="loa" free="271360" total="271360" percent="100" />
  </mem>
  <remembered-set count="2065" />
</mem-info>
<gc-op id="1095" type="compact" timems="4.895" contextid="1070" timestamp="2019-06-16T01:51:49.439">
  <compact-info movecount="27506" movebytes="1211216" reason="compact to aid heap contraction" />
</gc-op>
<heap-resize id="1096" type="contract" space="tenure" amount="262144" count="1" timems="0.081" reason="heap reconfiguration" timestamp="2019-06-16T01:51:49.439" />
<gc-end id="1097" type="global" contextid="1070" durationms="9.170" usertimems="16.000" systemtimems="0.000" timestamp="2019-06-16T01:51:49.439" activeThreads="4">
  <mem-info id="1098" free="20825912" total="27459584" percent="75">
    <mem type="nursery" free="19273888" total="22282240" percent="86">
      <mem type="allocate" free="19273888" total="20054016" percent="96" />
      <mem type="survivor" free="0" total="2228224" percent="0" />
    </mem>
    <mem type="tenure" free="1552024" total="5177344" percent="29">
      <mem type="soa" free="1303192" total="4919296" percent="26" />
      <mem type="loa" free="248832" total="258048" percent="96" />
    </mem>
    <remembered-set count="2065" />
  </mem-info>
</gc-end>
<cycle-end id="1099" type="global" contextid="1070" timestamp="2019-06-16T01:51:49.439" />
  <attribute name="elasticGC enabled" value="1" />
  <attribute name= "numThreadsSpecified" value="4" />
  <attribute name="heapSize specified" value="27721728" />
  <attribute name="Current GC Util" value="106" />
  <attribute name= "Current Time Running" value="1729" />
  <attribute name ="GC Interval" value="200" />
  <attribute name="ProportionalT" value="129.000000" />
  <attribute name="ProportionalI" value="129.000000" />
  <attribute name="ProportionalH" value="129.000000" />
  <attribute name="Current Error" value="86.000000" />
  <attribute name="IntegralT" value="430.000000" />
  <attribute name="IntegralI" value="430.000000" />
  <attribute name="IntegralH" value="430.000000" />
  <attribute name="DerivativeT" value="-16.200000" />
  <attribute name="DerivativeI" value="-16.200000" />
  <attribute name="DerivativeH" value="-16.200000" />
  <attribute name="Loop Time for DT" value="5.000000" />
  <attribute name="Output H" value="8388608"/>
  <attribute name="Output I" value="544"/>
  <attribute name="Output T" value="4"/>
  <attribute name="Target GC Util Change" value ="20.000000" />
  <attribute name="Current GC Util Change" value="106.000000"/>
  <attribute name="GC Util currently" value="106" />
  <attribute name="CPU Util currently" value="914989289299" />
<allocation-satisfied id="1100" threadId="000000000157E100" bytesRequested="40" />
<af-end id="1101" timestamp="2019-06-16T01:51:49.440" threadId="000000000157EA88" success="true" from="nursery"/>
<exclusive-end id="1102" timestamp="2019-06-16T01:51:49.440" durationms="9.759" />

<exclusive-start id="1103" timestamp="2019-06-16T01:51:49.454" intervalms="24.310">
  <response-info timems="0.025" idlems="0.025" threads="0" lastid="000000000157A500" lastname="Thread-8" />
</exclusive-start>
<af-start id="1104" threadId="000000000157AE88" totalBytesRequested="40" timestamp="2019-06-16T01:51:49.454" intervalms="24.314" type="nursery" />
<cycle-start id="1105" type="scavenge" contextid="0" timestamp="2019-06-16T01:51:49.454" intervalms="41.317" />
<gc-start id="1106" type="scavenge" contextid="1105" timestamp="2019-06-16T01:51:49.454">
  <mem-info id="1107" free="1552024" total="27459584" percent="5">
    <mem type="nursery" free="0" total="22282240" percent="0">
      <mem type="allocate" free="0" total="20054016" percent="0" />
      <mem type="survivor" free="0" total="2228224" percent="0" />
    </mem>
    <mem type="tenure" free="1552024" total="5177344" percent="29">
      <mem type="soa" free="1303192" total="4919296" percent="26" />
      <mem type="loa" free="248832" total="258048" percent="96" />
    </mem>
    <remembered-set count="2483" />
  </mem-info>
</gc-start>
<allocation-stats totalBytes="19271480" >
  <allocated-bytes non-tlh="40" tlh="19271440" />
  <largest-consumer threadName="Thread-10" threadId="0000000001576900" bytes="6389032" />
</allocation-stats>
<gc-op id="1108" type="scavenge" timems="1.560" contextid="1105" timestamp="2019-06-16T01:51:49.456">
  <scavenger-info tenureage="3" tenuremask="4058" tiltratio="90" />
  <memory-copied type="nursery" objects="5763" bytes="139512" bytesdiscarded="87048" />
  <memory-copied type="tenure" objects="14436" bytes="662184" bytesdiscarded="72" />
  <ownableSynchronizers candidates="6" cleared="6" />
</gc-op>
<gc-end id="1109" type="scavenge" contextid="1105" durationms="1.770" usertimems="4.000" systemtimems="0.000" timestamp="2019-06-16T01:51:49.456" activeThreads="4">
  <mem-info id="1110" free="20543896" total="27459584" percent="74">
    <mem type="nursery" free="19827456" total="22282240" percent="88">
      <mem type="allocate" free="19827456" total="20054016" percent="98" />
      <mem type="survivor" free="0" total="2228224" percent="0" />
    </mem>
    <mem type="tenure" free="716440" total="5177344" percent="13">
      <mem type="soa" free="467608" total="4919296" percent="9" />
      <mem type="loa" free="248832" total="258048" percent="96" />
    </mem>
    <remembered-set count="5636" />
  </mem-info>
</gc-end>
<cycle-end id="1111" type="scavenge" contextid="1105" timestamp="2019-06-16T01:51:49.456" />
  <attribute name="elasticGC enabled" value="1" />
  <attribute name= "numThreadsSpecified" value="4" />
  <attribute name="heapSize specified" value="27721728" />
  <attribute name="Current GC Util" value="71" />
  <attribute name= "Current Time Running" value="1745" />
  <attribute name ="GC Interval" value="896" />
  <attribute name="ProportionalT" value="76.500000" />
  <attribute name="ProportionalI" value="76.500000" />
  <attribute name="ProportionalH" value="76.500000" />
  <attribute name="Current Error" value="51.000000" />
  <attribute name="IntegralT" value="816.000000" />
  <attribute name="IntegralI" value="816.000000" />
  <attribute name="IntegralH" value="816.000000" />
  <attribute name="DerivativeT" value="-2.187500" />
  <attribute name="DerivativeI" value="-2.187500" />
  <attribute name="DerivativeH" value="-2.187500" />
  <attribute name="Loop Time for DT" value="16.000000" />
  <attribute name="Output H" value="8388608"/>
  <attribute name="Output I" value="896"/>
  <attribute name="Output T" value="4"/>
  <attribute name="Target GC Util Change" value ="20.000000" />
  <attribute name="Current GC Util Change" value="71.000000"/>
  <attribute name="GC Util currently" value="71" />
  <attribute name="CPU Util currently" value="292575840186" />
<allocation-satisfied id="1112" threadId="000000000157A500" bytesRequested="40" />
<af-end id="1113" timestamp="2019-06-16T01:51:49.456" threadId="000000000157AE88" success="true" from="nursery"/>
<exclusive-end id="1114" timestamp="2019-06-16T01:51:49.456" durationms="2.236" />

<concurrent-kickoff id="1115" timestamp="2019-06-16T01:51:49.470">
  <kickoff reason="threshold reached" targetBytes="1520506" thresholdFreeBytes="216345"  remainingFree="166656" tenureFreeBytes="716440" nurseryFreeBytes="166656" />
</concurrent-kickoff>
<exclusive-start id="1116" timestamp="2019-06-16T01:51:49.470" intervalms="15.605">
  <response-info timems="0.028" idlems="0.027" threads="1" lastid="000000000157A500" lastname="Thread-8" />
</exclusive-start>
<cycle-start id="1117" type="global" contextid="0" timestamp="2019-06-16T01:51:49.470" intervalms="57.276" />
<exclusive-end id="1118" timestamp="2019-06-16T01:51:49.470" durationms="0.109" />

<exclusive-start id="1119" timestamp="2019-06-16T01:51:49.470" intervalms="0.486">
  <response-info timems="0.028" idlems="0.028" threads="0" lastid="0000000001576900" lastname="Thread-10" />
</exclusive-start>
<af-start id="1120" threadId="0000000001577288" totalBytesRequested="40" timestamp="2019-06-16T01:51:49.470" intervalms="16.081" type="nursery" />
<cycle-start id="1121" type="scavenge" contextid="0" timestamp="2019-06-16T01:51:49.470" intervalms="16.070" />
<gc-start id="1122" type="scavenge" contextid="1121" timestamp="2019-06-16T01:51:49.470">
  <mem-info id="1123" free="716440" total="27459584" percent="2">
    <mem type="nursery" free="0" total="22282240" percent="0">
      <mem type="allocate" free="0" total="20054016" percent="0" />
      <mem type="survivor" free="0" total="2228224" percent="0" />
    </mem>
    <mem type="tenure" free="716440" total="5177344" percent="13">
      <mem type="soa" free="467608" total="4919296" percent="9" />
      <mem type="loa" free="248832" total="258048" percent="96" />
    </mem>
    <remembered-set count="6829" />
  </mem-info>
</gc-start>
<allocation-stats totalBytes="19825016" >
  <allocated-bytes non-tlh="40" tlh="19824976" />
  <largest-consumer threadName="Thread-10" threadId="0000000001576900" bytes="5471568" />
</allocation-stats>
<gc-op id="1124" type="scavenge" timems="0.798" contextid="1121" timestamp="2019-06-16T01:51:49.471">
  <scavenger-info tenureage="3" tenuremask="4008" tiltratio="90" />
  <memory-copied type="nursery" objects="5000" bytes="121448" bytesdiscarded="135832" />
  <memory-copied type="tenure" objects="1996" bytes="47904" bytesdiscarded="0" />
</gc-op>
<heap-resize id="1125" type="expand" space="nursery" amount="917504" count="1" timems="0.019" reason="excessive time being spent scavenging" timestamp="2019-06-16T01:51:49.472" />
<gc-end id="1126" type="scavenge" contextid="1121" durationms="1.220" usertimems="0.000" systemtimems="0.000" timestamp="2019-06-16T01:51:49.472" activeThreads="4">
  <mem-info id="1127" free="21028504" total="28377088" percent="74">
    <mem type="nursery" free="20583168" total="23199744" percent="88">
      <mem type="allocate" free="20583168" total="20840448" percent="98" />
      <mem type="survivor" free="0" total="2359296" percent="0" />
    </mem>
    <mem type="tenure" free="445336" total="5177344" percent="8">
      <mem type="soa" free="196504" total="4919296" percent="3" />
      <mem type="loa" free="248832" total="258048" percent="96" />
    </mem>
    <remembered-set count="4831" />
  </mem-info>
</gc-end>
<cycle-end id="1128" type="scavenge" contextid="1121" timestamp="2019-06-16T01:51:49.472" />
  <attribute name="elasticGC enabled" value="1" />
  <attribute name= "numThreadsSpecified" value="4" />
  <attribute name="heapSize specified" value="27721728" />
  <attribute name="Current GC Util" value="24" />
  <attribute name= "Current Time Running" value="1761" />
  <attribute name ="GC Interval" value="200" />
  <attribute name="ProportionalT" value="6.000000" />
  <attribute name="ProportionalI" value="6.000000" />
  <attribute name="ProportionalH" value="6.000000" />
  <attribute name="Current Error" value="4.000000" />
  <attribute name="IntegralT" value="64.000000" />
  <attribute name="IntegralI" value="64.000000" />
  <attribute name="IntegralH" value="64.000000" />
  <attribute name="DerivativeT" value="-2.937500" />
  <attribute name="DerivativeI" value="-2.937500" />
  <attribute name="DerivativeH" value="-2.937500" />
  <attribute name="Loop Time for DT" value="16.000000" />
  <attribute name="Output H" value="8388608"/>
  <attribute name="Output I" value="200"/>
  <attribute name="Output T" value="4"/>
  <attribute name="Target GC Util Change" value ="20.000000" />
  <attribute name="Current GC Util Change" value="24.000000"/>
  <attribute name="GC Util currently" value="24" />
  <attribute name="CPU Util currently" value="287322759119" />
<allocation-satisfied id="1129" threadId="0000000001576900" bytesRequested="40" />
<af-end id="1130" timestamp="2019-06-16T01:51:49.472" threadId="0000000001577288" success="true" from="nursery"/>
<exclusive-end id="1131" timestamp="2019-06-16T01:51:49.472" durationms="1.976" />

<exclusive-start id="1132" timestamp="2019-06-16T01:51:49.492" intervalms="21.938">
  <response-info timems="0.058" idlems="0.058" threads="0" lastid="000000000157A500" lastname="Thread-8" />
</exclusive-start>
<af-start id="1133" threadId="000000000157AE88" totalBytesRequested="40" timestamp="2019-06-16T01:51:49.492" intervalms="22.038" type="nursery" />
<percolate-collect id="1134" from="nursery" to="global" reason="concurrent mark exhausted" timestamp="2019-06-16T01:51:49.492"/>
<gc-start id="1135" type="global" contextid="1117" timestamp="2019-06-16T01:51:49.493">
  <mem-info id="1136" free="445336" total="28377088" percent="1">
    <mem type="nursery" free="0" total="23199744" percent="0">
      <mem type="allocate" free="0" total="20840448" percent="0" />
      <mem type="survivor" free="0" total="2359296" percent="0" />
    </mem>
    <mem type="tenure" free="445336" total="5177344" percent="8">
      <mem type="soa" free="196504" total="4919296" percent="3" />
      <mem type="loa" free="248832" total="258048" percent="96" />
    </mem>
    <remembered-set count="6276" />
  </mem-info>
</gc-start>
<allocation-stats totalBytes="20580496" >
  <allocated-bytes non-tlh="40" tlh="20580456" />
  <largest-consumer threadName="Thread-10" threadId="0000000001576900" bytes="5987608" />
</allocation-stats>
<concurrent-halted id="1137" timestamp="2019-06-16T01:51:49.493">
  <halted state="Complete" status="exhausted" />
  <traced bytesTarget="1516552" bytesTotal="2553940" bytesByMutator="638336" bytesByHelper="1915604" percent="168" />
  <cards cleaned="399" thresholdBytes="85226" />
</concurrent-halted>
<gc-op id="1138" type="rs-scan" timems="0.938" contextid="1117" timestamp="2019-06-16T01:51:49.494">
  <scan objectsFound="6216" bytesTraced="540088" workStackOverflowCount="0" />
</gc-op>
<gc-op id="1139" type="card-cleaning" timems="0.267" contextid="1117" timestamp="2019-06-16T01:51:49.494">
  <card-cleaning cardsCleaned="7" bytesTraced="4676" workStackOverflowCount="0" />
</gc-op>
<gc-op id="1140" type="mark" timems="1.181" contextid="1117" timestamp="2019-06-16T01:51:49.495">
  <trace-info objectcount="520" scancount="488" scanbytes="13304" />
  <finalization candidates="124" enqueued="0" />
  <ownableSynchronizers candidates="3" cleared="0" />
  <references type="soft" candidates="148" cleared="0" enqueued="0" dynamicThreshold="9" maxThreshold="32" />
  <references type="weak" candidates="693" cleared="0" enqueued="0" />
  <references type="phantom" candidates="38" cleared="0" enqueued="0" />
  <stringconstants candidates="4597" cleared="0"  />
</gc-op>
<gc-op id="1141" type="sweep" timems="0.718" contextid="1117" timestamp="2019-06-16T01:51:49.496" />
<mem-info id="1142" free="21512920" total="28377088" percent="75">
  <mem type="nursery" free="20661840" total="23199744" percent="89">
    <mem type="allocate" free="20661840" total="20840448" percent="99" />
    <mem type="survivor" free="0" total="2359296" percent="0" />
  </mem>
  <mem type="tenure" free="851080" total="5177344" percent="16" micro-fragmented="0" macro-fragmented="0">
    <mem type="soa" free="593032" total="4919296" percent="12" />
    <mem type="loa" free="258048" total="258048" percent="100" />
  </mem>
  <remembered-set count="6276" />
</mem-info>
<gc-op id="1143" type="compact" timems="6.065" contextid="1117" timestamp="2019-06-16T01:51:49.502">
  <compact-info movecount="21812" movebytes="825000" reason="compact to aid heap contraction" />
</gc-op>
<heap-resize id="1144" type="contract" space="tenure" amount="196608" count="1" timems="0.083" reason="heap reconfiguration" timestamp="2019-06-16T01:51:49.503" />
<gc-end id="1145" type="global" contextid="1117" durationms="10.452" usertimems="12.000" systemtimems="4.000" timestamp="2019-06-16T01:51:49.503" activeThreads="4">
  <mem-info id="1146" free="21279496" total="28180480" percent="75">
    <mem type="nursery" free="20686392" total="23199744" percent="89">
      <mem type="allocate" free="20686392" total="20840448" percent="99" />
      <mem type="survivor" free="0" total="2359296" percent="0" />
    </mem>
    <mem type="tenure" free="593104" total="4980736" percent="11">
      <mem type="soa" free="405712" total="4731904" percent="8" />
      <mem type="loa" free="187392" total="248832" percent="75" />
    </mem>
    <remembered-set count="6276" />
  </mem-info>
</gc-end>
<cycle-end id="1147" type="global" contextid="1117" timestamp="2019-06-16T01:51:49.503" />
  <attribute name="elasticGC enabled" value="1" />
  <attribute name= "numThreadsSpecified" value="4" />
  <attribute name="heapSize specified" value="28377088" />
  <attribute name="Current GC Util" value="80" />
  <attribute name= "Current Time Running" value="1793" />
  <attribute name ="GC Interval" value="200" />
  <attribute name="ProportionalT" value="90.000000" />
  <attribute name="ProportionalI" value="90.000000" />
  <attribute name="ProportionalH" value="90.000000" />
  <attribute name="Current Error" value="60.000000" />
  <attribute name="IntegralT" value="420.000000" />
  <attribute name="IntegralI" value="420.000000" />
  <attribute name="IntegralH" value="420.000000" />
  <attribute name="DerivativeT" value="-18.285714" />
  <attribute name="DerivativeI" value="-18.285714" />
  <attribute name="DerivativeH" value="-18.285714" />
  <attribute name="Loop Time for DT" value="7.000000" />
  <attribute name="Output H" value="8388608"/>
  <attribute name="Output I" value="496"/>
  <attribute name="Output T" value="4"/>
  <attribute name="Target GC Util Change" value ="20.000000" />
  <attribute name="Current GC Util Change" value="80.000000"/>
  <attribute name="GC Util currently" value="80" />
  <attribute name="CPU Util currently" value="739303300437" />
<allocation-satisfied id="1148" threadId="000000000157A500" bytesRequested="40" />
<af-end id="1149" timestamp="2019-06-16T01:51:49.503" threadId="000000000157AE88" success="true" from="nursery"/>
<exclusive-end id="1150" timestamp="2019-06-16T01:51:49.504" durationms="11.472" />

<concurrent-kickoff id="1151" timestamp="2019-06-16T01:51:49.521">
  <kickoff reason="threshold reached" targetBytes="1644330" thresholdFreeBytes="233613"  remainingFree="108048" tenureFreeBytes="593104" nurseryFreeBytes="108048" />
</concurrent-kickoff>
<exclusive-start id="1152" timestamp="2019-06-16T01:51:49.522" intervalms="29.599">
  <response-info timems="0.522" idlems="0.285" threads="1" lastid="0000000001572D00" lastname="Thread-7" />
</exclusive-start>
<cycle-start id="1153" type="global" contextid="0" timestamp="2019-06-16T01:51:49.522" intervalms="52.071" />
<exclusive-end id="1154" timestamp="2019-06-16T01:51:49.522" durationms="0.165" />

<exclusive-start id="1155" timestamp="2019-06-16T01:51:49.522" intervalms="0.586">
  <response-info timems="0.021" idlems="0.021" threads="0" lastid="000000000157A500" lastname="Thread-8" />
</exclusive-start>
<af-start id="1156" threadId="000000000157AE88" totalBytesRequested="40" timestamp="2019-06-16T01:51:49.522" intervalms="30.094" type="nursery" />
<cycle-start id="1157" type="scavenge" contextid="0" timestamp="2019-06-16T01:51:49.523" intervalms="52.139" />
<gc-start id="1158" type="scavenge" contextid="1157" timestamp="2019-06-16T01:51:49.523">
  <mem-info id="1159" free="593104" total="28180480" percent="2">
    <mem type="nursery" free="0" total="23199744" percent="0">
      <mem type="allocate" free="0" total="20840448" percent="0" />
      <mem type="survivor" free="0" total="2359296" percent="0" />
    </mem>
    <mem type="tenure" free="593104" total="4980736" percent="11">
      <mem type="soa" free="405712" total="4731904" percent="8" />
      <mem type="loa" free="187392" total="248832" percent="75" />
    </mem>
    <remembered-set count="7537" />
  </mem-info>
</gc-start>
<allocation-stats totalBytes="20683880" >
  <allocated-bytes non-tlh="40" tlh="20683840" />
  <largest-consumer threadName="Thread-10" threadId="0000000001576900" bytes="6651200" />
</allocation-stats>
<gc-op id="1160" type="scavenge" timems="0.837" contextid="1157" timestamp="2019-06-16T01:51:49.524">
  <scavenger-info tenureage="14" tenuremask="4000" tiltratio="89" />
  <memory-copied type="nursery" objects="7771" bytes="188224" bytesdiscarded="300992" />
  <ownableSynchronizers candidates="6" cleared="6" />
</gc-op>
<gc-end id="1161" type="scavenge" contextid="1157" durationms="1.108" usertimems="0.000" systemtimems="0.000" timestamp="2019-06-16T01:51:49.524" activeThreads="4">
  <mem-info id="1162" free="20944336" total="28180480" percent="74">
    <mem type="nursery" free="20351232" total="23199744" percent="87">
      <mem type="allocate" free="20351232" total="20840448" percent="97" />
      <mem type="survivor" free="0" total="2359296" percent="0" />
    </mem>
    <mem type="tenure" free="593104" total="4980736" percent="11">
      <mem type="soa" free="405712" total="4731904" percent="8" />
      <mem type="loa" free="187392" total="248832" percent="75" />
    </mem>
    <remembered-set count="7537" />
  </mem-info>
</gc-end>
<cycle-end id="1163" type="scavenge" contextid="1157" timestamp="2019-06-16T01:51:49.524" />
  <attribute name="elasticGC enabled" value="1" />
  <attribute name= "numThreadsSpecified" value="4" />
  <attribute name="heapSize specified" value="28377088" />
  <attribute name="Current GC Util" value="64" />
  <attribute name= "Current Time Running" value="1813" />
  <attribute name ="GC Interval" value="952" />
  <attribute name="ProportionalT" value="66.000000" />
  <attribute name="ProportionalI" value="66.000000" />
  <attribute name="ProportionalH" value="66.000000" />
  <attribute name="Current Error" value="44.000000" />
  <attribute name="IntegralT" value="880.000000" />
  <attribute name="IntegralI" value="880.000000" />
  <attribute name="IntegralH" value="880.000000" />
  <attribute name="DerivativeT" value="-0.800000" />
  <attribute name="DerivativeI" value="-0.800000" />
  <attribute name="DerivativeH" value="-0.800000" />
  <attribute name="Loop Time for DT" value="20.000000" />
  <attribute name="Output H" value="8388608"/>
  <attribute name="Output I" value="952"/>
  <attribute name="Output T" value="4"/>
  <attribute name="Target GC Util Change" value ="20.000000" />
  <attribute name="Current GC Util Change" value="64.000000"/>
  <attribute name="GC Util currently" value="64" />
  <attribute name="CPU Util currently" value="226990328687" />
<allocation-satisfied id="1164" threadId="000000000157A500" bytesRequested="40" />
<af-end id="1165" timestamp="2019-06-16T01:51:49.524" threadId="000000000157AE88" success="true" from="nursery"/>
<exclusive-end id="1166" timestamp="2019-06-16T01:51:49.524" durationms="1.934" />

<exclusive-start id="1167" timestamp="2019-06-16T01:51:49.542" intervalms="19.443">
  <response-info timems="0.022" idlems="0.022" threads="0" lastid="0000000001572D00" lastname="Thread-7" />
</exclusive-start>
<af-start id="1168" threadId="0000000001573688" totalBytesRequested="40" timestamp="2019-06-16T01:51:49.542" intervalms="19.432" type="nursery" />
<cycle-start id="1169" type="scavenge" contextid="0" timestamp="2019-06-16T01:51:49.542" intervalms="19.419" />
<gc-start id="1170" type="scavenge" contextid="1169" timestamp="2019-06-16T01:51:49.542">
  <mem-info id="1171" free="593104" total="28180480" percent="2">
    <mem type="nursery" free="0" total="23199744" percent="0">
      <mem type="allocate" free="0" total="20840448" percent="0" />
      <mem type="survivor" free="0" total="2359296" percent="0" />
    </mem>
    <mem type="tenure" free="593104" total="4980736" percent="11">
      <mem type="soa" free="405712" total="4731904" percent="8" />
      <mem type="loa" free="187392" total="248832" percent="75" />
    </mem>
    <remembered-set count="8756" />
  </mem-info>
</gc-start>
<allocation-stats totalBytes="20348280" >
  <allocated-bytes non-tlh="40" tlh="20348240" />
  <largest-consumer threadName="Thread-10" threadId="0000000001576900" bytes="5733624" />
</allocation-stats>
<gc-op id="1172" type="scavenge" timems="0.427" contextid="1169" timestamp="2019-06-16T01:51:49.543">
  <scavenger-info tenureage="3" tenuremask="4018" tiltratio="89" />
  <memory-copied type="nursery" objects="5314" bytes="128680" bytesdiscarded="321368" />
  <memory-copied type="tenure" objects="3537" bytes="84888" bytesdiscarded="0" />
</gc-op>
<gc-end id="1173" type="scavenge" contextid="1169" durationms="0.598" usertimems="0.000" systemtimems="0.000" timestamp="2019-06-16T01:51:49.543" activeThreads="4">
  <mem-info id="1174" free="20673232" total="28180480" percent="73">
    <mem type="nursery" free="20390400" total="23199744" percent="87">
      <mem type="allocate" free="20390400" total="20840448" percent="97" />
      <mem type="survivor" free="0" total="2359296" percent="0" />
    </mem>
    <mem type="tenure" free="282832" total="4980736" percent="5">
      <mem type="soa" free="95440" total="4731904" percent="2" />
      <mem type="loa" free="187392" total="248832" percent="75" />
    </mem>
    <remembered-set count="5219" />
  </mem-info>
</gc-end>
<cycle-end id="1175" type="scavenge" contextid="1169" timestamp="2019-06-16T01:51:49.543" />
  <attribute name="elasticGC enabled" value="1" />
  <attribute name= "numThreadsSpecified" value="4" />
  <attribute name="heapSize specified" value="28377088" />
  <attribute name="Current GC Util" value="11" />
  <attribute name= "Current Time Running" value="1832" />
  <attribute name ="GC Interval" value="200" />
  <attribute name="ProportionalT" value="-13.500000" />
  <attribute name="ProportionalI" value="-13.500000" />
  <attribute name="ProportionalH" value="-13.500000" />
  <attribute name="Current Error" value="-9.000000" />
  <attribute name="IntegralT" value="-171.000000" />
  <attribute name="IntegralI" value="-171.000000" />
  <attribute name="IntegralH" value="-171.000000" />
  <attribute name="DerivativeT" value="-2.789474" />
  <attribute name="DerivativeI" value="-2.789474" />
  <attribute name="DerivativeH" value="-2.789474" />
  <attribute name="Loop Time for DT" value="19.000000" />
  <attribute name="Output H" value="2092630016"/>
  <attribute name="Output I" value="200"/>
  <attribute name="Output T" value="4"/>
  <attribute name="Target GC Util Change" value ="20.000000" />
  <attribute name="Current GC Util Change" value="11.000000"/>
  <attribute name="GC Util currently" value="11" />
  <attribute name="CPU Util currently" value="239257517210" />
<allocation-satisfied id="1176" threadId="0000000001572D00" bytesRequested="40" />
<af-end id="1177" timestamp="2019-06-16T01:51:49.543" threadId="0000000001573688" success="true" from="nursery"/>
<exclusive-end id="1178" timestamp="2019-06-16T01:51:49.543" durationms="0.986" />

<exclusive-start id="1179" timestamp="2019-06-16T01:51:49.557" intervalms="14.923">
  <response-info timems="0.211" idlems="0.211" threads="0" lastid="000000000157A500" lastname="Thread-8" />
</exclusive-start>
<af-start id="1180" threadId="000000000157AE88" totalBytesRequested="40" timestamp="2019-06-16T01:51:49.557" intervalms="14.931" type="nursery" />
<cycle-start id="1181" type="scavenge" contextid="0" timestamp="2019-06-16T01:51:49.557" intervalms="14.992" />
<gc-start id="1182" type="scavenge" contextid="1181" timestamp="2019-06-16T01:51:49.557">
  <mem-info id="1183" free="282832" total="28180480" percent="1">
    <mem type="nursery" free="0" total="23199744" percent="0">
      <mem type="allocate" free="0" total="20840448" percent="0" />
      <mem type="survivor" free="0" total="2359296" percent="0" />
    </mem>
    <mem type="tenure" free="282832" total="4980736" percent="5">
      <mem type="soa" free="95440" total="4731904" percent="2" />
      <mem type="loa" free="187392" total="248832" percent="75" />
    </mem>
    <remembered-set count="6528" />
  </mem-info>
</gc-start>
<allocation-stats totalBytes="20387696" >
  <allocated-bytes non-tlh="40" tlh="20387656" />
  <largest-consumer threadName="Thread-10" threadId="0000000001576900" bytes="5864648" />
</allocation-stats>
<gc-op id="1184" type="scavenge" timems="0.991" contextid="1181" timestamp="2019-06-16T01:51:49.558">
  <scavenger-info tenureage="3" tenuremask="ffc8" tiltratio="89" />
  <memory-copied type="nursery" objects="17836" bytes="703840" bytesdiscarded="67088" />
  <memory-copied type="tenure" objects="1201" bytes="28824" bytesdiscarded="0" />
</gc-op>
<gc-end id="1185" type="scavenge" contextid="1181" durationms="1.243" usertimems="4.000" systemtimems="0.000" timestamp="2019-06-16T01:51:49.558" activeThreads="4">
  <mem-info id="1186" free="20274016" total="28180480" percent="71">
    <mem type="nursery" free="20069520" total="23199744" percent="86">
      <mem type="allocate" free="20069520" total="20840448" percent="96" />
      <mem type="survivor" free="0" total="2359296" percent="0" />
    </mem>
    <mem type="tenure" free="204496" total="4980736" percent="4">
      <mem type="soa" free="17104" total="4731904" percent="0" />
      <mem type="loa" free="187392" total="248832" percent="75" />
    </mem>
    <remembered-set count="5327" />
  </mem-info>
</gc-end>
<cycle-end id="1187" type="scavenge" contextid="1181" timestamp="2019-06-16T01:51:49.558" />
  <attribute name="elasticGC enabled" value="1" />
  <attribute name= "numThreadsSpecified" value="4" />
  <attribute name="heapSize specified" value="28377088" />
  <attribute name="Current GC Util" value="8" />
  <attribute name= "Current Time Running" value="1847" />
  <attribute name ="GC Interval" value="200" />
  <attribute name="ProportionalT" value="-18.000000" />
  <attribute name="ProportionalI" value="-18.000000" />
  <attribute name="ProportionalH" value="-18.000000" />
  <attribute name="Current Error" value="-12.000000" />
  <attribute name="IntegralT" value="-180.000000" />
  <attribute name="IntegralI" value="-180.000000" />
  <attribute name="IntegralH" value="-180.000000" />
  <attribute name="DerivativeT" value="-0.800000" />
  <attribute name="DerivativeI" value="-0.800000" />
  <attribute name="DerivativeH" value="-0.800000" />
  <attribute name="Loop Time for DT" value="15.000000" />
  <attribute name="Output H" value="2092630016"/>
  <attribute name="Output I" value="200"/>
  <attribute name="Output T" value="4"/>
  <attribute name="Target GC Util Change" value ="20.000000" />
  <attribute name="Current GC Util Change" value="8.000000"/>
  <attribute name="GC Util currently" value="8" />
  <attribute name="CPU Util currently" value="305220634982" />
<allocation-satisfied id="1188" threadId="000000000157A500" bytesRequested="40" />
<af-end id="1189" timestamp="2019-06-16T01:51:49.559" threadId="000000000157AE88" success="true" from="nursery"/>
<exclusive-end id="1190" timestamp="2019-06-16T01:51:49.559" durationms="2.634" />

<exclusive-start id="1191" timestamp="2019-06-16T01:51:49.560" intervalms="3.477">
  <response-info timems="0.149" idlems="0.083" threads="1" lastid="000000000157E100" lastname="Thread-9" />
</exclusive-start>
<concurrent-collection-start id="1192" timestamp="2019-06-16T01:51:49.560" intervalms="298.690" >
  <concurrent-trace-info reason="card cleaning threshold reached" tracedByMutators="2213156" tracedByHelpers="822732" cardsCleaned="1183" workStackOverflowCount="0" />
</concurrent-collection-start>
<gc-start id="1193" type="global" contextid="1153" timestamp="2019-06-16T01:51:49.560">
  <mem-info id="1194" free="19942200" total="28180480" percent="70">
    <mem type="nursery" free="19737704" total="23199744" percent="85">
      <mem type="allocate" free="19737704" total="20840448" percent="94" />
      <mem type="survivor" free="0" total="2359296" percent="0" />
    </mem>
    <mem type="tenure" free="204496" total="4980736" percent="4">
      <mem type="soa" free="17104" total="4731904" percent="0" />
      <mem type="loa" free="187392" total="248832" percent="75" />
    </mem>
    <remembered-set count="5337" />
  </mem-info>
</gc-start>
<allocation-stats totalBytes="331816" >
  <allocated-bytes non-tlh="40" tlh="331776" />
  <largest-consumer threadName="Thread-10" threadId="0000000001576900" bytes="135168" />
</allocation-stats>
<gc-op id="1195" type="rs-scan" timems="0.795" contextid="1153" timestamp="2019-06-16T01:51:49.561">
  <scan objectsFound="5224" bytesTraced="515232" workStackOverflowCount="0" />
</gc-op>
<gc-op id="1196" type="card-cleaning" timems="0.401" contextid="1153" timestamp="2019-06-16T01:51:49.562">
  <card-cleaning cardsCleaned="25" bytesTraced="19268" workStackOverflowCount="0" />
</gc-op>
<gc-op id="1197" type="mark" timems="1.177" contextid="1153" timestamp="2019-06-16T01:51:49.563">
  <trace-info objectcount="11018" scancount="10986" scanbytes="540480" />
  <finalization candidates="124" enqueued="0" />
  <ownableSynchronizers candidates="3" cleared="0" />
  <references type="soft" candidates="148" cleared="64" enqueued="58" dynamicThreshold="3" maxThreshold="32" />
  <references type="weak" candidates="693" cleared="0" enqueued="0" />
  <references type="phantom" candidates="38" cleared="0" enqueued="0" />
  <stringconstants candidates="4597" cleared="0"  />
</gc-op>
<gc-op id="1198" type="sweep" timems="0.687" contextid="1153" timestamp="2019-06-16T01:51:49.564" />
<mem-info id="1199" free="20819528" total="28180480" percent="73">
  <mem type="nursery" free="20120456" total="23199744" percent="86">
    <mem type="allocate" free="20120456" total="20840448" percent="96" />
    <mem type="survivor" free="0" total="2359296" percent="0" />
  </mem>
  <mem type="tenure" free="699072" total="4980736" percent="14" micro-fragmented="6165" macro-fragmented="0">
    <mem type="soa" free="450240" total="4731904" percent="9" />
    <mem type="loa" free="248832" total="248832" percent="100" />
  </mem>
  <pending-finalizers system="0" default="0" reference="58" classloader="0" />
  <remembered-set count="5337" />
</mem-info>
<gc-op id="1200" type="compact" timems="13.299" contextid="1153" timestamp="2019-06-16T01:51:49.578">
  <compact-info movecount="79711" movebytes="4666632" reason="compact to aid heap contraction" />
</gc-op>
<heap-resize id="1201" type="contract" space="tenure" amount="196608" count="1" timems="0.083" reason="heap reconfiguration" timestamp="2019-06-16T01:51:49.578" />
<gc-end id="1202" type="global" contextid="1153" durationms="17.937" usertimems="20.000" systemtimems="4.000" timestamp="2019-06-16T01:51:49.578" activeThreads="4">
  <mem-info id="1203" free="20590512" total="27983872" percent="73">
    <mem type="nursery" free="20133280" total="23199744" percent="86">
      <mem type="allocate" free="20133280" total="20840448" percent="96" />
      <mem type="survivor" free="0" total="2359296" percent="0" />
    </mem>
    <mem type="tenure" free="457232" total="4784128" percent="9">
      <mem type="soa" free="270864" total="4545536" percent="5" />
      <mem type="loa" free="186368" total="238592" percent="78" />
    </mem>
    <pending-finalizers system="0" default="0" reference="58" classloader="0" />
    <remembered-set count="5337" />
  </mem-info>
</gc-end>
<cycle-end id="1204" type="global" contextid="1153" timestamp="2019-06-16T01:51:49.579" />
  <attribute name="elasticGC enabled" value="1" />
  <attribute name= "numThreadsSpecified" value="4" />
  <attribute name="heapSize specified" value="28180480" />
  <attribute name="Current GC Util" value="52" />
  <attribute name= "Current Time Running" value="1868" />
  <attribute name ="GC Interval" value="200" />
  <attribute name="ProportionalT" value="48.000000" />
  <attribute name="ProportionalI" value="48.000000" />
  <attribute name="ProportionalH" value="48.000000" />
  <attribute name="Current Error" value="32.000000" />
  <attribute name="IntegralT" value="416.000000" />
  <attribute name="IntegralI" value="416.000000" />
  <attribute name="IntegralH" value="416.000000" />
  <attribute name="DerivativeT" value="-11.230769" />
  <attribute name="DerivativeI" value="-11.230769" />
  <attribute name="DerivativeH" value="-11.230769" />
  <attribute name="Loop Time for DT" value="13.000000" />
  <attribute name="Output H" value="8388608"/>
  <attribute name="Output I" value="456"/>
  <attribute name="Output T" value="4"/>
  <attribute name="Target GC Util Change" value ="20.000000" />
  <attribute name="Current GC Util Change" value="52.000000"/>
  <attribute name="GC Util currently" value="52" />
  <attribute name="CPU Util currently" value="342568252050" />
<concurrent-collection-end id="1205" timestamp="2019-06-16T01:51:49.579" />
<exclusive-end id="1206" timestamp="2019-06-16T01:51:49.579" durationms="18.570" />

<exclusive-start id="1207" timestamp="2019-06-16T01:51:49.590" intervalms="30.132">
  <response-info timems="0.029" idlems="0.029" threads="0" lastid="000000000157E100" lastname="Thread-9" />
</exclusive-start>
<af-start id="1208" threadId="000000000157EA88" totalBytesRequested="40" timestamp="2019-06-16T01:51:49.590" intervalms="33.645" type="nursery" />
<cycle-start id="1209" type="scavenge" contextid="0" timestamp="2019-06-16T01:51:49.591" intervalms="33.599" />
<gc-start id="1210" type="scavenge" contextid="1209" timestamp="2019-06-16T01:51:49.591">
  <mem-info id="1211" free="457232" total="27983872" percent="1">
    <mem type="nursery" free="0" total="23199744" percent="0">
      <mem type="allocate" free="0" total="20840448" percent="0" />
      <mem type="survivor" free="0" total="2359296" percent="0" />
    </mem>
    <mem type="tenure" free="457232" total="4784128" percent="9">
      <mem type="soa" free="270864" total="4545536" percent="5" />
      <mem type="loa" free="186368" total="238592" percent="78" />
    </mem>
    <remembered-set count="5783" />
  </mem-info>
</gc-start>
<allocation-stats totalBytes="20130400" >
  <allocated-bytes non-tlh="0" tlh="20130400" />
  <largest-consumer threadName="Thread-10" threadId="0000000001576900" bytes="7519200" />
</allocation-stats>
<gc-op id="1212" type="scavenge" timems="1.495" contextid="1209" timestamp="2019-06-16T01:51:49.592">
  <scavenger-info tenureage="3" tenuremask="4008" tiltratio="89" />
  <memory-copied type="nursery" objects="20268" bytes="764328" bytesdiscarded="84936" />
  <memory-copied type="tenure" objects="2700" bytes="64800" bytesdiscarded="0" />
  <ownableSynchronizers candidates="6" cleared="6" />
</gc-op>
<gc-end id="1213" type="scavenge" contextid="1209" durationms="1.765" usertimems="4.000" systemtimems="0.000" timestamp="2019-06-16T01:51:49.592" activeThreads="4">
  <mem-info id="1214" free="20269472" total="27983872" percent="72">
    <mem type="nursery" free="19991184" total="23199744" percent="86">
      <mem type="allocate" free="19991184" total="20840448" percent="95" />
      <mem type="survivor" free="0" total="2359296" percent="0" />
    </mem>
    <mem type="tenure" free="278288" total="4784128" percent="5">
      <mem type="soa" free="91920" total="4545536" percent="2" />
      <mem type="loa" free="186368" total="238592" percent="78" />
    </mem>
    <remembered-set count="3081" />
  </mem-info>
</gc-end>
<cycle-end id="1215" type="scavenge" contextid="1209" timestamp="2019-06-16T01:51:49.592" />
  <attribute name="elasticGC enabled" value="1" />
  <attribute name= "numThreadsSpecified" value="4" />
  <attribute name="heapSize specified" value="28180480" />
  <attribute name="Current GC Util" value="101" />
  <attribute name= "Current Time Running" value="1881" />
  <attribute name ="GC Interval" value="1184" />
  <attribute name="ProportionalT" value="121.500000" />
  <attribute name="ProportionalI" value="121.500000" />
  <attribute name="ProportionalH" value="121.500000" />
  <attribute name="Current Error" value="81.000000" />
  <attribute name="IntegralT" value="1053.000000" />
  <attribute name="IntegralI" value="1053.000000" />
  <attribute name="IntegralH" value="1053.000000" />
  <attribute name="DerivativeT" value="3.769231" />
  <attribute name="DerivativeI" value="3.769231" />
  <attribute name="DerivativeH" value="3.769231" />
  <attribute name="Loop Time for DT" value="13.000000" />
  <attribute name="Output H" value="8388608"/>
  <attribute name="Output I" value="1184"/>
  <attribute name="Output T" value="4"/>
  <attribute name="Target GC Util Change" value ="20.000000" />
  <attribute name="Current GC Util Change" value="101.000000"/>
  <attribute name="GC Util currently" value="101" />
  <attribute name="CPU Util currently" value="356102183185" />
<allocation-satisfied id="1216" threadId="000000000157E100" bytesRequested="40" />
<af-end id="1217" timestamp="2019-06-16T01:51:49.593" threadId="000000000157EA88" success="true" from="nursery"/>
<exclusive-end id="1218" timestamp="2019-06-16T01:51:49.593" durationms="2.308" />

<concurrent-kickoff id="1219" timestamp="2019-06-16T01:51:49.604">
  <kickoff reason="threshold reached" targetBytes="1808689" thresholdFreeBytes="256151"  remainingFree="141928" tenureFreeBytes="278288" nurseryFreeBytes="141928" />
</concurrent-kickoff>
<exclusive-start id="1220" timestamp="2019-06-16T01:51:49.604" intervalms="13.970">
  <response-info timems="0.057" idlems="0.043" threads="2" lastid="0000000001572D00" lastname="Thread-7" />
</exclusive-start>
<cycle-start id="1221" type="global" contextid="0" timestamp="2019-06-16T01:51:49.604" intervalms="82.487" />
<exclusive-end id="1222" timestamp="2019-06-16T01:51:49.604" durationms="0.123" />

<exclusive-start id="1223" timestamp="2019-06-16T01:51:49.605" intervalms="0.306">
  <response-info timems="0.024" idlems="0.024" threads="0" lastid="0000000001576900" lastname="Thread-10" />
</exclusive-start>
<af-start id="1224" threadId="0000000001577288" totalBytesRequested="40" timestamp="2019-06-16T01:51:49.605" intervalms="14.232" type="nursery" />
<cycle-start id="1225" type="scavenge" contextid="0" timestamp="2019-06-16T01:51:49.605" intervalms="14.222" />
<gc-start id="1226" type="scavenge" contextid="1225" timestamp="2019-06-16T01:51:49.605">
  <mem-info id="1227" free="278288" total="27983872" percent="0">
    <mem type="nursery" free="0" total="23199744" percent="0">
      <mem type="allocate" free="0" total="20840448" percent="0" />
      <mem type="survivor" free="0" total="2359296" percent="0" />
    </mem>
    <mem type="tenure" free="278288" total="4784128" percent="5">
      <mem type="soa" free="91920" total="4545536" percent="2" />
      <mem type="loa" free="186368" total="238592" percent="78" />
    </mem>
    <remembered-set count="3683" />
  </mem-info>
</gc-start>
<allocation-stats totalBytes="19988568" >
  <allocated-bytes non-tlh="40" tlh="19988528" />
  <largest-consumer threadName="Thread-8" threadId="000000000157A500" bytes="7699424" />
</allocation-stats>
<gc-op id="1228" type="scavenge" timems="2.010" contextid="1225" timestamp="2019-06-16T01:51:49.607">
  <scavenger-info tenureage="2" tenuremask="400c" tiltratio="89" />
  <memory-copied type="nursery" objects="20122" bytes="674000" bytesdiscarded="125488" />
  <memory-copied type="tenure" objects="2577" bytes="148752" bytesdiscarded="24" />
  <copy-failed type="tenure" objects="12365" bytes="484608" />
</gc-op>
<heap-resize id="1229" type="expand" space="nursery" amount="1835008" count="1" timems="0.023" reason="excessive time being spent scavenging" timestamp="2019-06-16T01:51:49.607" />
<gc-end id="1230" type="scavenge" contextid="1225" durationms="2.441" usertimems="4.000" systemtimems="0.000" timestamp="2019-06-16T01:51:49.607" activeThreads="4">
  <mem-info id="1231" free="21865728" total="29818880" percent="73">
    <mem type="nursery" free="21679360" total="25034752" percent="86">
      <mem type="allocate" free="21679360" total="22478848" percent="96" />
      <mem type="survivor" free="0" total="2555904" percent="0" />
    </mem>
    <mem type="tenure" free="186368" total="4784128" percent="3">
      <mem type="soa" free="0" total="4545536" percent="0" />
      <mem type="loa" free="186368" total="238592" percent="78" />
    </mem>
    <remembered-set count="4159" />
  </mem-info>
</gc-end>
<cycle-end id="1232" type="scavenge" contextid="1225" timestamp="2019-06-16T01:51:49.607" />
  <attribute name="elasticGC enabled" value="1" />
  <attribute name= "numThreadsSpecified" value="4" />
  <attribute name="heapSize specified" value="28180480" />
  <attribute name="Current GC Util" value="28" />
  <attribute name= "Current Time Running" value="1895" />
  <attribute name ="GC Interval" value="200" />
  <attribute name="ProportionalT" value="12.000000" />
  <attribute name="ProportionalI" value="12.000000" />
  <attribute name="ProportionalH" value="12.000000" />
  <attribute name="Current Error" value="8.000000" />
  <attribute name="IntegralT" value="112.000000" />
  <attribute name="IntegralI" value="112.000000" />
  <attribute name="IntegralH" value="112.000000" />
  <attribute name="DerivativeT" value="-5.214286" />
  <attribute name="DerivativeI" value="-5.214286" />
  <attribute name="DerivativeH" value="-5.214286" />
  <attribute name="Loop Time for DT" value="14.000000" />
  <attribute name="Output H" value="8388608"/>
  <attribute name="Output I" value="200"/>
  <attribute name="Output T" value="4"/>
  <attribute name="Target GC Util Change" value ="20.000000" />
  <attribute name="Current GC Util Change" value="28.000000"/>
  <attribute name="GC Util currently" value="28" />
  <attribute name="CPU Util currently" value="327416247997" />
<allocation-satisfied id="1233" threadId="0000000001576900" bytesRequested="40" />
<af-end id="1234" timestamp="2019-06-16T01:51:49.608" threadId="0000000001577288" success="true" from="nursery"/>
<exclusive-end id="1235" timestamp="2019-06-16T01:51:49.608" durationms="3.300" />

<exclusive-start id="1236" timestamp="2019-06-16T01:51:49.626" intervalms="21.848">
  <response-info timems="1.901" idlems="0.973" threads="1" lastid="0000000001572D00" lastname="Thread-7" />
</exclusive-start>
<af-start id="1237" threadId="000000000157EA88" totalBytesRequested="40" timestamp="2019-06-16T01:51:49.627" intervalms="21.934" type="nursery" />
<percolate-collect id="1238" from="nursery" to="global" reason="failed tenure threshold reached" timestamp="2019-06-16T01:51:49.627"/>
<gc-start id="1239" type="global" contextid="1221" timestamp="2019-06-16T01:51:49.627">
  <mem-info id="1240" free="186368" total="29818880" percent="0">
    <mem type="nursery" free="0" total="25034752" percent="0">
      <mem type="allocate" free="0" total="22478848" percent="0" />
      <mem type="survivor" free="0" total="2555904" percent="0" />
    </mem>
    <mem type="tenure" free="186368" total="4784128" percent="3">
      <mem type="soa" free="0" total="4545536" percent="0" />
      <mem type="loa" free="186368" total="238592" percent="78" />
    </mem>
    <remembered-set count="4966" />
  </mem-info>
</gc-start>
<allocation-stats totalBytes="21676712" >
  <allocated-bytes non-tlh="40" tlh="21676672" />
  <largest-consumer threadName="Thread-10" threadId="0000000001576900" bytes="6470864" />
</allocation-stats>
<concurrent-halted id="1241" timestamp="2019-06-16T01:51:49.627">
  <halted state="Class scanning incomplete" status="clean trace" />
  <traced bytesTarget="1805767" bytesTotal="1783648" bytesByMutator="468196" bytesByHelper="1315452" percent="98" />
  <cards cleaned="131" thresholdBytes="100907" />
</concurrent-halted>
<gc-op id="1242" type="tracing" timems="1.360" contextid="1221" timestamp="2019-06-16T01:51:49.628">
  <trace bytesTraced="6288" workStackOverflowCount="0" />
</gc-op>
<gc-op id="1243" type="rs-scan" timems="0.658" contextid="1221" timestamp="2019-06-16T01:51:49.629">
  <scan objectsFound="2473" bytesTraced="223424" workStackOverflowCount="0" />
</gc-op>
<gc-op id="1244" type="card-cleaning" timems="0.450" contextid="1221" timestamp="2019-06-16T01:51:49.630">
  <card-cleaning cardsCleaned="103" bytesTraced="55464" workStackOverflowCount="0" />
</gc-op>
<gc-op id="1245" type="mark" timems="1.549" contextid="1221" timestamp="2019-06-16T01:51:49.631">
  <trace-info objectcount="13831" scancount="13799" scanbytes="607920" />
  <finalization candidates="124" enqueued="0" />
  <ownableSynchronizers candidates="3" cleared="0" />
  <references type="soft" candidates="84" cleared="0" enqueued="0" dynamicThreshold="3" maxThreshold="32" />
  <references type="weak" candidates="693" cleared="0" enqueued="0" />
  <references type="phantom" candidates="38" cleared="0" enqueued="0" />
  <stringconstants candidates="4597" cleared="0"  />
</gc-op>
<gc-op id="1246" type="sweep" timems="0.569" contextid="1221" timestamp="2019-06-16T01:51:49.632" />
<mem-info id="1247" free="22785520" total="29818880" percent="76">
  <mem type="nursery" free="21798392" total="25034752" percent="87">
    <mem type="allocate" free="21798392" total="22478848" percent="96" />
    <mem type="survivor" free="0" total="2555904" percent="0" />
  </mem>
  <mem type="tenure" free="987128" total="4784128" percent="20" micro-fragmented="63923" macro-fragmented="0">
    <mem type="soa" free="748536" total="4545536" percent="16" />
    <mem type="loa" free="238592" total="238592" percent="100" />
  </mem>
  <remembered-set count="3415" />
</mem-info>
<gc-op id="1248" type="compact" timems="11.374" contextid="1221" timestamp="2019-06-16T01:51:49.643">
  <compact-info movecount="64927" movebytes="4057672" reason="compact to aid heap contraction" />
</gc-op>
<heap-resize id="1249" type="contract" space="tenure" amount="196608" count="1" timems="0.090" reason="heap reconfiguration" timestamp="2019-06-16T01:51:49.644" />
<gc-end id="1250" type="global" contextid="1221" durationms="17.223" usertimems="20.000" systemtimems="4.000" timestamp="2019-06-16T01:51:49.644" activeThreads="4">
  <mem-info id="1251" free="22723272" total="29622272" percent="76">
    <mem type="nursery" free="21869816" total="25034752" percent="87">
      <mem type="allocate" free="21869816" total="22478848" percent="97" />
      <mem type="survivor" free="0" total="2555904" percent="0" />
    </mem>
    <mem type="tenure" free="853456" total="4587520" percent="18">
      <mem type="soa" free="666064" total="4358144" percent="15" />
      <mem type="loa" free="187392" total="229376" percent="81" />
    </mem>
    <remembered-set count="3415" />
  </mem-info>
</gc-end>
<cycle-end id="1252" type="global" contextid="1221" timestamp="2019-06-16T01:51:49.644" />
  <attribute name="elasticGC enabled" value="1" />
  <attribute name= "numThreadsSpecified" value="4" />
  <attribute name="heapSize specified" value="29818880" />
  <attribute name="Current GC Util" value="58" />
  <attribute name= "Current Time Running" value="1934" />
  <attribute name ="GC Interval" value="200" />
  <attribute name="ProportionalT" value="57.000000" />
  <attribute name="ProportionalI" value="57.000000" />
  <attribute name="ProportionalH" value="57.000000" />
  <attribute name="Current Error" value="38.000000" />
  <attribute name="IntegralT" value="456.000000" />
  <attribute name="IntegralI" value="456.000000" />
  <attribute name="IntegralH" value="456.000000" />
  <attribute name="DerivativeT" value="-8.166667" />
  <attribute name="DerivativeI" value="-8.166667" />
  <attribute name="DerivativeH" value="-8.166667" />
  <attribute name="Loop Time for DT" value="12.000000" />
  <attribute name="Output H" value="8388608"/>
  <attribute name="Output I" value="504"/>
  <attribute name="Output T" value="4"/>
  <attribute name="Target GC Util Change" value ="20.000000" />
  <attribute name="Current GC Util Change" value="58.000000"/>
  <attribute name="GC Util currently" value="58" />
  <attribute name="CPU Util currently" value="400734092795" />
<allocation-satisfied id="1253" threadId="000000000157E100" bytesRequested="40" />
<af-end id="1254" timestamp="2019-06-16T01:51:49.644" threadId="000000000157EA88" success="true" from="nursery"/>
<exclusive-end id="1255" timestamp="2019-06-16T01:51:49.645" durationms="18.049" />

<exclusive-start id="1256" timestamp="2019-06-16T01:51:49.660" intervalms="33.686">
  <response-info timems="0.052" idlems="0.052" threads="0" lastid="000000000157E100" lastname="Thread-9" />
</exclusive-start>
<af-start id="1257" threadId="000000000157EA88" totalBytesRequested="40" timestamp="2019-06-16T01:51:49.660" intervalms="33.658" type="nursery" />
<cycle-start id="1258" type="scavenge" contextid="0" timestamp="2019-06-16T01:51:49.660" intervalms="55.606" />
<gc-start id="1259" type="scavenge" contextid="1258" timestamp="2019-06-16T01:51:49.660">
  <mem-info id="1260" free="853456" total="29622272" percent="2">
    <mem type="nursery" free="0" total="25034752" percent="0">
      <mem type="allocate" free="0" total="22478848" percent="0" />
      <mem type="survivor" free="0" total="2555904" percent="0" />
    </mem>
    <mem type="tenure" free="853456" total="4587520" percent="18">
      <mem type="soa" free="666064" total="4358144" percent="15" />
      <mem type="loa" free="187392" total="229376" percent="81" />
    </mem>
    <remembered-set count="4055" />
  </mem-info>
</gc-start>
<allocation-stats totalBytes="21867352" >
  <allocated-bytes non-tlh="40" tlh="21867312" />
  <largest-consumer threadName="Thread-10" threadId="0000000001576900" bytes="7306560" />
</allocation-stats>
<gc-op id="1261" type="scavenge" timems="1.833" contextid="1258" timestamp="2019-06-16T01:51:49.662">
  <scavenger-info tenureage="3" tenuremask="4018" tiltratio="89" />
  <memory-copied type="nursery" objects="17492" bytes="697632" bytesdiscarded="188640" />
  <memory-copied type="tenure" objects="5871" bytes="236904" bytesdiscarded="0" />
  <ownableSynchronizers candidates="6" cleared="6" />
</gc-op>
<gc-end id="1262" type="scavenge" contextid="1258" durationms="2.011" usertimems="0.000" systemtimems="4.000" timestamp="2019-06-16T01:51:49.662" activeThreads="4">
  <mem-info id="1263" free="22158032" total="29622272" percent="74">
    <mem type="nursery" free="21592576" total="25034752" percent="86">
      <mem type="allocate" free="21592576" total="22478848" percent="96" />
      <mem type="survivor" free="0" total="2555904" percent="0" />
    </mem>
    <mem type="tenure" free="565456" total="4587520" percent="12">
      <mem type="soa" free="378064" total="4358144" percent="8" />
      <mem type="loa" free="187392" total="229376" percent="81" />
    </mem>
    <remembered-set count="5021" />
  </mem-info>
</gc-end>
<cycle-end id="1264" type="scavenge" contextid="1258" timestamp="2019-06-16T01:51:49.663" />
  <attribute name="elasticGC enabled" value="1" />
  <attribute name= "numThreadsSpecified" value="4" />
  <attribute name="heapSize specified" value="29818880" />
  <attribute name="Current GC Util" value="123" />
  <attribute name= "Current Time Running" value="1951" />
  <attribute name ="GC Interval" value="1912" />
  <attribute name="ProportionalT" value="154.500000" />
  <attribute name="ProportionalI" value="154.500000" />
  <attribute name="ProportionalH" value="154.500000" />
  <attribute name="Current Error" value="103.000000" />
  <attribute name="IntegralT" value="1751.000000" />
  <attribute name="IntegralI" value="1751.000000" />
  <attribute name="IntegralH" value="1751.000000" />
  <attribute name="DerivativeT" value="3.823529" />
  <attribute name="DerivativeI" value="3.823529" />
  <attribute name="DerivativeH" value="3.823529" />
  <attribute name="Loop Time for DT" value="17.000000" />
  <attribute name="Output H" value="8388608"/>
  <attribute name="Output I" value="1912"/>
  <attribute name="Output T" value="4"/>
  <attribute name="Target GC Util Change" value ="20.000000" />
  <attribute name="Current GC Util Change" value="123.000000"/>
  <attribute name="GC Util currently" value="123" />
  <attribute name="CPU Util currently" value="271066687112" />
<allocation-satisfied id="1265" threadId="000000000157E100" bytesRequested="40" />
<af-end id="1266" timestamp="2019-06-16T01:51:49.663" threadId="000000000157EA88" success="true" from="nursery"/>
<exclusive-end id="1267" timestamp="2019-06-16T01:51:49.663" durationms="2.579" />

<exclusive-start id="1268" timestamp="2019-06-16T01:51:49.675" intervalms="14.499">
  <response-info timems="0.030" idlems="0.030" threads="0" lastid="000000000157A500" lastname="Thread-8" />
</exclusive-start>
<af-start id="1269" threadId="000000000157AE88" totalBytesRequested="40" timestamp="2019-06-16T01:51:49.675" intervalms="14.465" type="nursery" />
<cycle-start id="1270" type="scavenge" contextid="0" timestamp="2019-06-16T01:51:49.675" intervalms="14.462" />
<gc-start id="1271" type="scavenge" contextid="1270" timestamp="2019-06-16T01:51:49.675">
  <mem-info id="1272" free="565456" total="29622272" percent="1">
    <mem type="nursery" free="0" total="25034752" percent="0">
      <mem type="allocate" free="0" total="22478848" percent="0" />
      <mem type="survivor" free="0" total="2555904" percent="0" />
    </mem>
    <mem type="tenure" free="565456" total="4587520" percent="12">
      <mem type="soa" free="378064" total="4358144" percent="8" />
      <mem type="loa" free="187392" total="229376" percent="81" />
    </mem>
    <remembered-set count="5674" />
  </mem-info>
</gc-start>
<allocation-stats totalBytes="21589984" >
  <allocated-bytes non-tlh="40" tlh="21589944" />
  <largest-consumer threadName="Thread-8" threadId="000000000157A500" bytes="6520096" />
</allocation-stats>
<gc-op id="1273" type="scavenge" timems="1.303" contextid="1270" timestamp="2019-06-16T01:51:49.676">
  <scavenger-info tenureage="14" tenuremask="4000" tiltratio="89" />
  <memory-copied type="nursery" objects="19561" bytes="747264" bytesdiscarded="236544" />
</gc-op>
<gc-end id="1274" type="scavenge" contextid="1270" durationms="1.504" usertimems="0.000" systemtimems="0.000" timestamp="2019-06-16T01:51:49.676" activeThreads="4">
  <mem-info id="1275" free="22060496" total="29622272" percent="74">
    <mem type="nursery" free="21495040" total="25034752" percent="85">
      <mem type="allocate" free="21495040" total="22478848" percent="95" />
      <mem type="survivor" free="0" total="2555904" percent="0" />
    </mem>
    <mem type="tenure" free="565456" total="4587520" percent="12">
      <mem type="soa" free="378064" total="4358144" percent="8" />
      <mem type="loa" free="187392" total="229376" percent="81" />
    </mem>
    <remembered-set count="5673" />
  </mem-info>
</gc-end>
<cycle-end id="1276" type="scavenge" contextid="1270" timestamp="2019-06-16T01:51:49.676" />
  <attribute name="elasticGC enabled" value="1" />
  <attribute name= "numThreadsSpecified" value="4" />
  <attribute name="heapSize specified" value="29818880" />
  <attribute name="Current GC Util" value="31" />
  <attribute name= "Current Time Running" value="1965" />
  <attribute name ="GC Interval" value="200" />
  <attribute name="ProportionalT" value="16.500000" />
  <attribute name="ProportionalI" value="16.500000" />
  <attribute name="ProportionalH" value="16.500000" />
  <attribute name="Current Error" value="11.000000" />
  <attribute name="IntegralT" value="154.000000" />
  <attribute name="IntegralI" value="154.000000" />
  <attribute name="IntegralH" value="154.000000" />
  <attribute name="DerivativeT" value="-6.571429" />
  <attribute name="DerivativeI" value="-6.571429" />
  <attribute name="DerivativeH" value="-6.571429" />
  <attribute name="Loop Time for DT" value="14.000000" />
  <attribute name="Output H" value="8388608"/>
  <attribute name="Output I" value="200"/>
  <attribute name="Output T" value="4"/>
  <attribute name="Target GC Util Change" value ="20.000000" />
  <attribute name="Current GC Util Change" value="31.000000"/>
  <attribute name="GC Util currently" value="31" />
  <attribute name="CPU Util currently" value="318022329814" />
<allocation-satisfied id="1277" threadId="000000000157A500" bytesRequested="40" />
<af-end id="1278" timestamp="2019-06-16T01:51:49.677" threadId="000000000157AE88" success="true" from="nursery"/>
<exclusive-end id="1279" timestamp="2019-06-16T01:51:49.677" durationms="1.997" />

<exclusive-start id="1280" timestamp="2019-06-16T01:51:49.687" intervalms="12.788">
  <response-info timems="0.121" idlems="0.121" threads="0" lastid="000000000157A500" lastname="Thread-8" />
</exclusive-start>
<af-start id="1281" threadId="000000000157AE88" totalBytesRequested="40" timestamp="2019-06-16T01:51:49.687" intervalms="12.739" type="nursery" />
<cycle-start id="1282" type="scavenge" contextid="0" timestamp="2019-06-16T01:51:49.688" intervalms="12.733" />
<gc-start id="1283" type="scavenge" contextid="1282" timestamp="2019-06-16T01:51:49.688">
  <mem-info id="1284" free="565456" total="29622272" percent="1">
    <mem type="nursery" free="0" total="25034752" percent="0">
      <mem type="allocate" free="0" total="22478848" percent="0" />
      <mem type="survivor" free="0" total="2555904" percent="0" />
    </mem>
    <mem type="tenure" free="565456" total="4587520" percent="12">
      <mem type="soa" free="378064" total="4358144" percent="8" />
      <mem type="loa" free="187392" total="229376" percent="81" />
    </mem>
    <remembered-set count="6642" />
  </mem-info>
</gc-start>
<allocation-stats totalBytes="21492416" >
  <allocated-bytes non-tlh="40" tlh="21492376" />
  <largest-consumer threadName="Thread-8" threadId="000000000157A500" bytes="6913112" />
</allocation-stats>
<gc-op id="1285" type="scavenge" timems="1.608" contextid="1282" timestamp="2019-06-16T01:51:49.689">
  <scavenger-info tenureage="3" tenuremask="4018" tiltratio="89" />
  <memory-copied type="nursery" objects="19176" bytes="736304" bytesdiscarded="147784" />
  <memory-copied type="tenure" objects="2944" bytes="72144" bytesdiscarded="0" />
</gc-op>
<heap-resize id="1286" type="expand" space="nursery" amount="1310720" count="1" timems="0.025" reason="excessive time being spent scavenging" timestamp="2019-06-16T01:51:49.689" />
<gc-end id="1287" type="scavenge" contextid="1282" durationms="1.870" usertimems="4.000" systemtimems="0.000" timestamp="2019-06-16T01:51:49.689" activeThreads="4">
  <mem-info id="1288" free="23222360" total="30932992" percent="75">
    <mem type="nursery" free="22774408" total="26345472" percent="86">
      <mem type="allocate" free="22774408" total="23658496" percent="96" />
      <mem type="survivor" free="0" total="2686976" percent="0" />
    </mem>
    <mem type="tenure" free="447952" total="4587520" percent="9">
      <mem type="soa" free="260560" total="4358144" percent="5" />
      <mem type="loa" free="187392" total="229376" percent="81" />
    </mem>
    <remembered-set count="3698" />
  </mem-info>
</gc-end>
<cycle-end id="1289" type="scavenge" contextid="1282" timestamp="2019-06-16T01:51:49.690" />
  <attribute name="elasticGC enabled" value="1" />
  <attribute name= "numThreadsSpecified" value="4" />
  <attribute name="heapSize specified" value="29818880" />
  <attribute name="Current GC Util" value="23" />
  <attribute name= "Current Time Running" value="1978" />
  <attribute name ="GC Interval" value="200" />
  <attribute name="ProportionalT" value="4.500000" />
  <attribute name="ProportionalI" value="4.500000" />
  <attribute name="ProportionalH" value="4.500000" />
  <attribute name="Current Error" value="3.000000" />
  <attribute name="IntegralT" value="39.000000" />
  <attribute name="IntegralI" value="39.000000" />
  <attribute name="IntegralH" value="39.000000" />
  <attribute name="DerivativeT" value="-0.615385" />
  <attribute name="DerivativeI" value="-0.615385" />
  <attribute name="DerivativeH" value="-0.615385" />
  <attribute name="Loop Time for DT" value="13.000000" />
  <attribute name="Output H" value="8388608"/>
  <attribute name="Output I" value="200"/>
  <attribute name="Output T" value="4"/>
  <attribute name="Target GC Util Change" value ="20.000000" />
  <attribute name="Current GC Util Change" value="23.000000"/>
  <attribute name="GC Util currently" value="23" />
  <attribute name="CPU Util currently" value="362945953153" />
<allocation-satisfied id="1290" threadId="000000000157A500" bytesRequested="40" />
<af-end id="1291" timestamp="2019-06-16T01:51:49.690" threadId="000000000157AE88" success="true" from="nursery"/>
<exclusive-end id="1292" timestamp="2019-06-16T01:51:49.690" durationms="2.280" />

<exclusive-start id="1293" timestamp="2019-06-16T01:51:49.704" intervalms="16.409">
  <response-info timems="0.125" idlems="0.125" threads="0" lastid="000000000157E100" lastname="Thread-9" />
</exclusive-start>
<af-start id="1294" threadId="000000000157EA88" totalBytesRequested="24" timestamp="2019-06-16T01:51:49.704" intervalms="16.443" type="nursery" />
<cycle-start id="1295" type="scavenge" contextid="0" timestamp="2019-06-16T01:51:49.704" intervalms="16.443" />
<gc-start id="1296" type="scavenge" contextid="1295" timestamp="2019-06-16T01:51:49.704">
  <mem-info id="1297" free="447952" total="30932992" percent="1">
    <mem type="nursery" free="0" total="26345472" percent="0">
      <mem type="allocate" free="0" total="23658496" percent="0" />
      <mem type="survivor" free="0" total="2686976" percent="0" />
    </mem>
    <mem type="tenure" free="447952" total="4587520" percent="9">
      <mem type="soa" free="260560" total="4358144" percent="5" />
      <mem type="loa" free="187392" total="229376" percent="81" />
    </mem>
    <remembered-set count="4224" />
  </mem-info>
</gc-start>
<allocation-stats totalBytes="22771800" >
  <allocated-bytes non-tlh="40" tlh="22771760" />
  <largest-consumer threadName="Thread-8" threadId="000000000157A500" bytes="9141232" />
</allocation-stats>
<gc-op id="1298" type="scavenge" timems="1.429" contextid="1295" timestamp="2019-06-16T01:51:49.706">
  <scavenger-info tenureage="3" tenuremask="ffc8" tiltratio="89" />
  <memory-copied type="nursery" objects="8460" bytes="341632" bytesdiscarded="239744" />
  <memory-copied type="tenure" objects="7988" bytes="329088" bytesdiscarded="40" />
  <heap-resize type="expand" space="tenure" amount="196608" count="3" timems="0.170" reason="continue current collection" />
</gc-op>
<gc-end id="1299" type="scavenge" contextid="1295" durationms="1.695" usertimems="8.000" systemtimems="0.000" timestamp="2019-06-16T01:51:49.706" activeThreads="4">
  <mem-info id="1300" free="23234560" total="31129600" percent="74">
    <mem type="nursery" free="23077120" total="26345472" percent="87">
      <mem type="allocate" free="23077120" total="23658496" percent="97" />
      <mem type="survivor" free="0" total="2686976" percent="0" />
    </mem>
    <mem type="tenure" free="157440" total="4784128" percent="3">
      <mem type="soa" free="0" total="4545536" percent="0" />
      <mem type="loa" free="157440" total="238592" percent="65" />
    </mem>
    <remembered-set count="3326" />
  </mem-info>
</gc-end>
<cycle-end id="1301" type="scavenge" contextid="1295" timestamp="2019-06-16T01:51:49.706" />
  <attribute name="elasticGC enabled" value="1" />
  <attribute name= "numThreadsSpecified" value="4" />
  <attribute name="heapSize specified" value="29818880" />
  <attribute name="Current GC Util" value="16" />
  <attribute name= "Current Time Running" value="1994" />
  <attribute name ="GC Interval" value="200" />
  <attribute name="ProportionalT" value="-6.000000" />
  <attribute name="ProportionalI" value="-6.000000" />
  <attribute name="ProportionalH" value="-6.000000" />
  <attribute name="Current Error" value="-4.000000" />
  <attribute name="IntegralT" value="-64.000000" />
  <attribute name="IntegralI" value="-64.000000" />
  <attribute name="IntegralH" value="-64.000000" />
  <attribute name="DerivativeT" value="-0.437500" />
  <attribute name="DerivativeI" value="-0.437500" />
  <attribute name="DerivativeH" value="-0.437500" />
  <attribute name="Loop Time for DT" value="16.000000" />
  <attribute name="Output H" value="2092630016"/>
  <attribute name="Output I" value="200"/>
  <attribute name="Output T" value="4"/>
  <attribute name="Target GC Util Change" value ="20.000000" />
  <attribute name="Current GC Util Change" value="16.000000"/>
  <attribute name="GC Util currently" value="16" />
  <attribute name="CPU Util currently" value="279075968709" />
<allocation-satisfied id="1302" threadId="000000000157E100" bytesRequested="24" />
<af-end id="1303" timestamp="2019-06-16T01:51:49.706" threadId="000000000157EA88" success="true" from="nursery"/>
<exclusive-end id="1304" timestamp="2019-06-16T01:51:49.706" durationms="2.137" />

<concurrent-kickoff id="1305" timestamp="2019-06-16T01:51:49.716">
  <kickoff reason="threshold reached" targetBytes="1830252" thresholdFreeBytes="259957"  remainingFree="139520" tenureFreeBytes="157440" nurseryFreeBytes="139520" />
</concurrent-kickoff>
<exclusive-start id="1306" timestamp="2019-06-16T01:51:49.716" intervalms="12.646">
  <response-info timems="0.034" idlems="0.020" threads="1" lastid="0000000001576900" lastname="Thread-10" />
</exclusive-start>
<cycle-start id="1307" type="global" contextid="0" timestamp="2019-06-16T01:51:49.717" intervalms="112.179" />
<exclusive-end id="1308" timestamp="2019-06-16T01:51:49.717" durationms="0.109" />

<exclusive-start id="1309" timestamp="2019-06-16T01:51:49.717" intervalms="0.275">
  <response-info timems="0.024" idlems="0.024" threads="0" lastid="000000000157A500" lastname="Thread-8" />
</exclusive-start>
<af-start id="1310" threadId="000000000157AE88" totalBytesRequested="24" timestamp="2019-06-16T01:51:49.717" intervalms="12.911" type="nursery" />
<cycle-start id="1311" type="scavenge" contextid="0" timestamp="2019-06-16T01:51:49.717" intervalms="12.912" />
<gc-start id="1312" type="scavenge" contextid="1311" timestamp="2019-06-16T01:51:49.717">
  <mem-info id="1313" free="157440" total="31129600" percent="0">
    <mem type="nursery" free="0" total="26345472" percent="0">
      <mem type="allocate" free="0" total="23658496" percent="0" />
      <mem type="survivor" free="0" total="2686976" percent="0" />
    </mem>
    <mem type="tenure" free="157440" total="4784128" percent="3">
      <mem type="soa" free="0" total="4545536" percent="0" />
      <mem type="loa" free="157440" total="238592" percent="65" />
    </mem>
    <remembered-set count="3925" />
  </mem-info>
</gc-start>
<allocation-stats totalBytes="23074616" >
  <allocated-bytes non-tlh="24" tlh="23074592" />
  <largest-consumer threadName="Thread-8" threadId="000000000157A500" bytes="7052800" />
</allocation-stats>
<gc-op id="1314" type="scavenge" timems="1.468" contextid="1311" timestamp="2019-06-16T01:51:49.719">
  <scavenger-info tenureage="5" tenuremask="ffe0" tiltratio="89" />
  <memory-copied type="nursery" objects="16197" bytes="664896" bytesdiscarded="156864" />
</gc-op>
<heap-resize id="1315" type="expand" space="nursery" amount="1310720" count="1" timems="0.027" reason="excessive time being spent scavenging" timestamp="2019-06-16T01:51:49.719" />
<gc-end id="1316" type="scavenge" contextid="1311" durationms="1.746" usertimems="0.000" systemtimems="8.000" timestamp="2019-06-16T01:51:49.719" activeThreads="4">
  <mem-info id="1317" free="24173824" total="32440320" percent="74">
    <mem type="nursery" free="24016384" total="27656192" percent="86">
      <mem type="allocate" free="24016384" total="24838144" percent="96" />
      <mem type="survivor" free="0" total="2818048" percent="0" />
    </mem>
    <mem type="tenure" free="157440" total="4784128" percent="3">
      <mem type="soa" free="0" total="4545536" percent="0" />
      <mem type="loa" free="157440" total="238592" percent="65" />
    </mem>
    <remembered-set count="3925" />
  </mem-info>
</gc-end>
<cycle-end id="1318" type="scavenge" contextid="1311" timestamp="2019-06-16T01:51:49.719" />
  <attribute name="elasticGC enabled" value="1" />
  <attribute name= "numThreadsSpecified" value="4" />
  <attribute name="heapSize specified" value="29818880" />
  <attribute name="Current GC Util" value="27" />
  <attribute name= "Current Time Running" value="2007" />
  <attribute name ="GC Interval" value="200" />
  <attribute name="ProportionalT" value="10.500000" />
  <attribute name="ProportionalI" value="10.500000" />
  <attribute name="ProportionalH" value="10.500000" />
  <attribute name="Current Error" value="7.000000" />
  <attribute name="IntegralT" value="91.000000" />
  <attribute name="IntegralI" value="91.000000" />
  <attribute name="IntegralH" value="91.000000" />
  <attribute name="DerivativeT" value="0.538462" />
  <attribute name="DerivativeI" value="0.538462" />
  <attribute name="DerivativeH" value="0.538462" />
  <attribute name="Loop Time for DT" value="13.000000" />
  <attribute name="Output H" value="8388608"/>
  <attribute name="Output I" value="200"/>
  <attribute name="Output T" value="4"/>
  <attribute name="Target GC Util Change" value ="20.000000" />
  <attribute name="Current GC Util Change" value="27.000000"/>
  <attribute name="GC Util currently" value="27" />
  <attribute name="CPU Util currently" value="359002571982" />
<allocation-satisfied id="1319" threadId="000000000157A500" bytesRequested="24" />
<af-end id="1320" timestamp="2019-06-16T01:51:49.719" threadId="000000000157AE88" success="true" from="nursery"/>
<exclusive-end id="1321" timestamp="2019-06-16T01:51:49.719" durationms="2.284" />

<exclusive-start id="1322" timestamp="2019-06-16T01:51:49.737" intervalms="20.543">
  <response-info timems="0.109" idlems="0.049" threads="2" lastid="0000000001572D00" lastname="Thread-7" />
</exclusive-start>
<concurrent-collection-start id="1323" timestamp="2019-06-16T01:51:49.737" intervalms="177.087" >
  <concurrent-trace-info reason="card cleaning threshold reached" tracedByMutators="589464" tracedByHelpers="1151920" cardsCleaned="82" workStackOverflowCount="0" />
</concurrent-collection-start>
<gc-start id="1324" type="global" contextid="1307" timestamp="2019-06-16T01:51:49.737">
  <mem-info id="1325" free="157440" total="32440320" percent="0">
    <mem type="nursery" free="0" total="27656192" percent="0">
      <mem type="allocate" free="0" total="24838144" percent="0" />
      <mem type="survivor" free="0" total="2818048" percent="0" />
    </mem>
    <mem type="tenure" free="157440" total="4784128" percent="3">
      <mem type="soa" free="0" total="4545536" percent="0" />
      <mem type="loa" free="157440" total="238592" percent="65" />
    </mem>
    <remembered-set count="4137" />
  </mem-info>
</gc-start>
<allocation-stats totalBytes="24013608" >
  <allocated-bytes non-tlh="24" tlh="24013584" />
  <largest-consumer threadName="Thread-8" threadId="000000000157A500" bytes="8690648" />
</allocation-stats>
<gc-op id="1326" type="rs-scan" timems="0.689" contextid="1307" timestamp="2019-06-16T01:51:49.738">
  <scan objectsFound="2906" bytesTraced="275304" workStackOverflowCount="0" />
</gc-op>
<gc-op id="1327" type="card-cleaning" timems="0.408" contextid="1307" timestamp="2019-06-16T01:51:49.739">
  <card-cleaning cardsCleaned="2" bytesTraced="6296" workStackOverflowCount="0" />
</gc-op>
<gc-op id="1328" type="mark" timems="1.305" contextid="1307" timestamp="2019-06-16T01:51:49.740">
  <trace-info objectcount="20036" scancount="20004" scanbytes="894028" />
  <finalization candidates="124" enqueued="0" />
  <ownableSynchronizers candidates="3" cleared="0" />
  <references type="soft" candidates="84" cleared="0" enqueued="0" dynamicThreshold="5" maxThreshold="32" />
  <references type="weak" candidates="693" cleared="0" enqueued="0" />
  <references type="phantom" candidates="38" cleared="0" enqueued="0" />
  <stringconstants candidates="4597" cleared="0"  />
</gc-op>
<gc-op id="1329" type="sweep" timems="0.553" contextid="1307" timestamp="2019-06-16T01:51:49.741" />
<mem-info id="1330" free="24945056" total="32440320" percent="76">
  <mem type="nursery" free="23816752" total="27656192" percent="86">
    <mem type="allocate" free="23816752" total="24838144" percent="95" />
    <mem type="survivor" free="0" total="2818048" percent="0" />
  </mem>
  <mem type="tenure" free="1128304" total="4784128" percent="23" micro-fragmented="6173" macro-fragmented="0">
    <mem type="soa" free="934120" total="4545536" percent="20" />
    <mem type="loa" free="194184" total="238592" percent="81" />
  </mem>
  <remembered-set count="2942" />
</mem-info>
<gc-op id="1331" type="compact" timems="5.022" contextid="1307" timestamp="2019-06-16T01:51:49.746">
  <compact-info movecount="36734" movebytes="1571056" reason="compact to aid heap contraction" />
</gc-op>
<heap-resize id="1332" type="contract" space="tenure" amount="196608" count="1" timems="0.080" reason="heap reconfiguration" timestamp="2019-06-16T01:51:49.746" />
<gc-end id="1333" type="global" contextid="1307" durationms="9.071" usertimems="16.000" systemtimems="4.000" timestamp="2019-06-16T01:51:49.747" activeThreads="4">
  <mem-info id="1334" free="24802552" total="32243712" percent="76">
    <mem type="nursery" free="23859384" total="27656192" percent="86">
      <mem type="allocate" free="23859384" total="24838144" percent="96" />
      <mem type="survivor" free="0" total="2818048" percent="0" />
    </mem>
    <mem type="tenure" free="943168" total="4587520" percent="20">
      <mem type="soa" free="755776" total="4358144" percent="17" />
      <mem type="loa" free="187392" total="229376" percent="81" />
    </mem>
    <remembered-set count="2942" />
  </mem-info>
</gc-end>
<cycle-end id="1335" type="global" contextid="1307" timestamp="2019-06-16T01:51:49.747" />
  <attribute name="elasticGC enabled" value="1" />
  <attribute name= "numThreadsSpecified" value="4" />
  <attribute name="heapSize specified" value="32440320" />
  <attribute name="Current GC Util" value="110" />
  <attribute name= "Current Time Running" value="2036" />
  <attribute name ="GC Interval" value="200" />
  <attribute name="ProportionalT" value="135.000000" />
  <attribute name="ProportionalI" value="135.000000" />
  <attribute name="ProportionalH" value="135.000000" />
  <attribute name="Current Error" value="90.000000" />
  <attribute name="IntegralT" value="450.000000" />
  <attribute name="IntegralI" value="450.000000" />
  <attribute name="IntegralH" value="450.000000" />
  <attribute name="DerivativeT" value="-8.800000" />
  <attribute name="DerivativeI" value="-8.800000" />
  <attribute name="DerivativeH" value="-8.800000" />
  <attribute name="Loop Time for DT" value="5.000000" />
  <attribute name="Output H" value="8388608"/>
  <attribute name="Output I" value="576"/>
  <attribute name="Output T" value="4"/>
  <attribute name="Target GC Util Change" value ="20.000000" />
  <attribute name="Current GC Util Change" value="110.000000"/>
  <attribute name="GC Util currently" value="110" />
  <attribute name="CPU Util currently" value="898353848921" />
<concurrent-collection-end id="1336" timestamp="2019-06-16T01:51:49.747" />
<exclusive-end id="1337" timestamp="2019-06-16T01:51:49.747" durationms="9.689" />

<exclusive-start id="1338" timestamp="2019-06-16T01:51:49.763" intervalms="25.867">
  <response-info timems="0.210" idlems="0.107" threads="1" lastid="000000000157E100" lastname="Thread-9" />
</exclusive-start>
<af-start id="1339" threadId="0000000001573688" totalBytesRequested="40" timestamp="2019-06-16T01:51:49.763" intervalms="46.522" type="nursery" />
<cycle-start id="1340" type="scavenge" contextid="0" timestamp="2019-06-16T01:51:49.763" intervalms="46.541" />
<gc-start id="1341" type="scavenge" contextid="1340" timestamp="2019-06-16T01:51:49.764">
  <mem-info id="1342" free="943168" total="32243712" percent="2">
    <mem type="nursery" free="0" total="27656192" percent="0">
      <mem type="allocate" free="0" total="24838144" percent="0" />
      <mem type="survivor" free="0" total="2818048" percent="0" />
    </mem>
    <mem type="tenure" free="943168" total="4587520" percent="20">
      <mem type="soa" free="755776" total="4358144" percent="17" />
      <mem type="loa" free="187392" total="229376" percent="81" />
    </mem>
    <remembered-set count="3270" />
  </mem-info>
</gc-start>
<allocation-stats totalBytes="23856568" >
  <allocated-bytes non-tlh="0" tlh="23856568" />
  <largest-consumer threadName="Thread-8" threadId="000000000157A500" bytes="9534408" />
</allocation-stats>
<gc-op id="1343" type="scavenge" timems="1.369" contextid="1340" timestamp="2019-06-16T01:51:49.765">
  <scavenger-info tenureage="3" tenuremask="fff8" tiltratio="89" />
  <memory-copied type="nursery" objects="22231" bytes="947088" bytesdiscarded="128880" />
  <memory-copied type="tenure" objects="1230" bytes="29520" bytesdiscarded="0" />
  <ownableSynchronizers candidates="6" cleared="6" />
</gc-op>
<gc-end id="1344" type="scavenge" contextid="1340" durationms="1.566" usertimems="0.000" systemtimems="4.000" timestamp="2019-06-16T01:51:49.765" activeThreads="4">
  <mem-info id="1345" free="24627008" total="32243712" percent="76">
    <mem type="nursery" free="23762176" total="27656192" percent="85">
      <mem type="allocate" free="23762176" total="24838144" percent="95" />
      <mem type="survivor" free="0" total="2818048" percent="0" />
    </mem>
    <mem type="tenure" free="864832" total="4587520" percent="18">
      <mem type="soa" free="677440" total="4358144" percent="15" />
      <mem type="loa" free="187392" total="229376" percent="81" />
    </mem>
    <remembered-set count="2040" />
  </mem-info>
</gc-end>
<cycle-end id="1346" type="scavenge" contextid="1340" timestamp="2019-06-16T01:51:49.765" />
  <attribute name="elasticGC enabled" value="1" />
  <attribute name= "numThreadsSpecified" value="4" />
  <attribute name="heapSize specified" value="32440320" />
  <attribute name="Current GC Util" value="28" />
  <attribute name= "Current Time Running" value="2054" />
  <attribute name ="GC Interval" value="200" />
  <attribute name="ProportionalT" value="12.000000" />
  <attribute name="ProportionalI" value="12.000000" />
  <attribute name="ProportionalH" value="12.000000" />
  <attribute name="Current Error" value="8.000000" />
  <attribute name="IntegralT" value="144.000000" />
  <attribute name="IntegralI" value="144.000000" />
  <attribute name="IntegralH" value="144.000000" />
  <attribute name="DerivativeT" value="-4.555556" />
  <attribute name="DerivativeI" value="-4.555556" />
  <attribute name="DerivativeH" value="-4.555556" />
  <attribute name="Loop Time for DT" value="18.000000" />
  <attribute name="Output H" value="8388608"/>
  <attribute name="Output I" value="200"/>
  <attribute name="Output T" value="4"/>
  <attribute name="Target GC Util Change" value ="20.000000" />
  <attribute name="Current GC Util Change" value="28.000000"/>
  <attribute name="GC Util currently" value="28" />
  <attribute name="CPU Util currently" value="261606145865" />
<allocation-satisfied id="1347" threadId="0000000001572D00" bytesRequested="40" />
<af-end id="1348" timestamp="2019-06-16T01:51:49.765" threadId="0000000001573688" success="true" from="nursery"/>
<exclusive-end id="1349" timestamp="2019-06-16T01:51:49.765" durationms="2.191" />

<exclusive-start id="1350" timestamp="2019-06-16T01:51:49.780" intervalms="16.632">
  <response-info timems="0.148" idlems="0.148" threads="0" lastid="0000000001572D00" lastname="Thread-7" />
</exclusive-start>
<af-start id="1351" threadId="0000000001573688" totalBytesRequested="40" timestamp="2019-06-16T01:51:49.781" intervalms="17.818" type="nursery" />
<cycle-start id="1352" type="scavenge" contextid="0" timestamp="2019-06-16T01:51:49.781" intervalms="17.797" />
<gc-start id="1353" type="scavenge" contextid="1352" timestamp="2019-06-16T01:51:49.781">
  <mem-info id="1354" free="864832" total="32243712" percent="2">
    <mem type="nursery" free="0" total="27656192" percent="0">
      <mem type="allocate" free="0" total="24838144" percent="0" />
      <mem type="survivor" free="0" total="2818048" percent="0" />
    </mem>
    <mem type="tenure" free="864832" total="4587520" percent="18">
      <mem type="soa" free="677440" total="4358144" percent="15" />
      <mem type="loa" free="187392" total="229376" percent="81" />
    </mem>
    <remembered-set count="2484" />
  </mem-info>
</gc-start>
<allocation-stats totalBytes="23759432" >
  <allocated-bytes non-tlh="40" tlh="23759392" />
  <largest-consumer threadName="Thread-8" threadId="000000000157A500" bytes="7568536" />
</allocation-stats>
<gc-op id="1355" type="scavenge" timems="1.955" contextid="1352" timestamp="2019-06-16T01:51:49.783">
  <scavenger-info tenureage="6" tenuremask="ffc0" tiltratio="89" />
  <memory-copied type="nursery" objects="25145" bytes="1017328" bytesdiscarded="7808" />
</gc-op>
<heap-resize id="1356" type="expand" space="nursery" amount="1441792" count="1" timems="0.015" reason="excessive time being spent scavenging" timestamp="2019-06-16T01:51:49.784" />
<gc-end id="1357" type="scavenge" contextid="1352" durationms="2.338" usertimems="4.000" systemtimems="0.000" timestamp="2019-06-16T01:51:49.784" activeThreads="1">
  <mem-info id="1358" free="25923024" total="33685504" percent="76">
    <mem type="nursery" free="25058192" total="29097984" percent="86">
      <mem type="allocate" free="25058192" total="26083328" percent="96" />
      <mem type="survivor" free="0" total="3014656" percent="0" />
    </mem>
    <mem type="tenure" free="864832" total="4587520" percent="18">
      <mem type="soa" free="677440" total="4358144" percent="15" />
      <mem type="loa" free="187392" total="229376" percent="81" />
    </mem>
    <remembered-set count="2483" />
  </mem-info>
</gc-end>
<cycle-end id="1359" type="scavenge" contextid="1352" timestamp="2019-06-16T01:51:49.784" />
  <attribute name="elasticGC enabled" value="1" />
  <attribute name= "numThreadsSpecified" value="1" />
  <attribute name="heapSize specified" value="32440320" />
  <attribute name="Current GC Util" value="20" />
  <attribute name= "Current Time Running" value="2072" />
  <attribute name ="GC Interval" value="200" />
  <attribute name="ProportionalT" value="0.000000" />
  <attribute name="ProportionalI" value="0.000000" />
  <attribute name="ProportionalH" value="0.000000" />
  <attribute name="Current Error" value="0.000000" />
  <attribute name="IntegralT" value="0.000000" />
  <attribute name="IntegralI" value="0.000000" />
  <attribute name="IntegralH" value="0.000000" />
  <attribute name="DerivativeT" value="-0.444444" />
  <attribute name="DerivativeI" value="-0.444444" />
  <attribute name="DerivativeH" value="-0.444444" />
  <attribute name="Loop Time for DT" value="18.000000" />
  <attribute name="Output H" value="8388608"/>
  <attribute name="Output I" value="200"/>
  <attribute name="Output T" value="1"/>
  <attribute name="Target GC Util Change" value ="20.000000" />
  <attribute name="Current GC Util Change" value="20.000000"/>
  <attribute name="GC Util currently" value="20" />
  <attribute name="CPU Util currently" value="259658919891" />
<allocation-satisfied id="1360" threadId="0000000001572D00" bytesRequested="40" />
<af-end id="1361" timestamp="2019-06-16T01:51:49.784" threadId="0000000001573688" success="true" from="nursery"/>
<exclusive-end id="1362" timestamp="2019-06-16T01:51:49.784" durationms="4.072" />

<exclusive-start id="1363" timestamp="2019-06-16T01:51:49.801" intervalms="20.964">
  <response-info timems="0.229" idlems="0.229" threads="0" lastid="000000000157A500" lastname="Thread-8" />
</exclusive-start>
<af-start id="1364" threadId="000000000157AE88" totalBytesRequested="24" timestamp="2019-06-16T01:51:49.805" intervalms="23.951" type="nursery" />
<cycle-start id="1365" type="scavenge" contextid="0" timestamp="2019-06-16T01:51:49.805" intervalms="23.961" />
<gc-start id="1366" type="scavenge" contextid="1365" timestamp="2019-06-16T01:51:49.805">
  <mem-info id="1367" free="864832" total="33685504" percent="2">
    <mem type="nursery" free="0" total="29097984" percent="0">
      <mem type="allocate" free="0" total="26083328" percent="0" />
      <mem type="survivor" free="0" total="3014656" percent="0" />
    </mem>
    <mem type="tenure" free="864832" total="4587520" percent="18">
      <mem type="soa" free="677440" total="4358144" percent="15" />
      <mem type="loa" free="187392" total="229376" percent="81" />
    </mem>
    <remembered-set count="2939" />
  </mem-info>
</gc-start>
<allocation-stats totalBytes="25055328" >
  <allocated-bytes non-tlh="40" tlh="25055288" />
  <largest-consumer threadName="Thread-9" threadId="000000000157E100" bytes="7961792" />
</allocation-stats>
<gc-op id="1368" type="scavenge" timems="0.645" contextid="1365" timestamp="2019-06-16T01:51:49.806">
  <scavenger-info tenureage="3" tenuremask="fff8" tiltratio="89" />
  <memory-copied type="nursery" objects="15730" bytes="653968" bytesdiscarded="159344" />
  <memory-copied type="tenure" objects="6812" bytes="300864" bytesdiscarded="48" />
</gc-op>
<gc-end id="1369" type="scavenge" contextid="1365" durationms="0.840" usertimems="0.000" systemtimems="0.000" timestamp="2019-06-16T01:51:49.806" activeThreads="4">
  <mem-info id="1370" free="25627456" total="33685504" percent="76">
    <mem type="nursery" free="25335552" total="29097984" percent="87">
      <mem type="allocate" free="25335552" total="26148864" percent="96" />
      <mem type="survivor" free="0" total="2949120" percent="0" />
    </mem>
    <mem type="tenure" free="291904" total="4587520" percent="6">
      <mem type="soa" free="104512" total="4358144" percent="2" />
      <mem type="loa" free="187392" total="229376" percent="81" />
    </mem>
    <remembered-set count="3811" />
  </mem-info>
</gc-end>
<cycle-end id="1371" type="scavenge" contextid="1365" timestamp="2019-06-16T01:51:49.806" />
  <attribute name="elasticGC enabled" value="1" />
  <attribute name= "numThreadsSpecified" value="4" />
  <attribute name="heapSize specified" value="32440320" />
  <attribute name="Current GC Util" value="8" />
  <attribute name= "Current Time Running" value="2096" />
  <attribute name ="GC Interval" value="200" />
  <attribute name="ProportionalT" value="-18.000000" />
  <attribute name="ProportionalI" value="-18.000000" />
  <attribute name="ProportionalH" value="-18.000000" />
  <attribute name="Current Error" value="-12.000000" />
  <attribute name="IntegralT" value="-288.000000" />
  <attribute name="IntegralI" value="-288.000000" />
  <attribute name="IntegralH" value="-288.000000" />
  <attribute name="DerivativeT" value="-0.500000" />
  <attribute name="DerivativeI" value="-0.500000" />
  <attribute name="DerivativeH" value="-0.500000" />
  <attribute name="Loop Time for DT" value="24.000000" />
  <attribute name="Output H" value="2092630016"/>
  <attribute name="Output I" value="200"/>
  <attribute name="Output T" value="4"/>
  <attribute name="Target GC Util Change" value ="20.000000" />
  <attribute name="Current GC Util Change" value="8.000000"/>
  <attribute name="GC Util currently" value="8" />
  <attribute name="CPU Util currently" value="192905924878" />
<allocation-satisfied id="1372" threadId="000000000157A500" bytesRequested="24" />
<af-end id="1373" timestamp="2019-06-16T01:51:49.806" threadId="000000000157AE88" success="true" from="nursery"/>
<exclusive-end id="1374" timestamp="2019-06-16T01:51:49.806" durationms="5.523" />

<concurrent-kickoff id="1375" timestamp="2019-06-16T01:51:49.824">
  <kickoff reason="threshold reached" targetBytes="1725521" thresholdFreeBytes="246304"  remainingFree="235264" tenureFreeBytes="291904" nurseryFreeBytes="235264" />
</concurrent-kickoff>
<exclusive-start id="1376" timestamp="2019-06-16T01:51:49.824" intervalms="22.898">
  <response-info timems="0.080" idlems="0.051" threads="1" lastid="000000000157A500" lastname="Thread-8" />
</exclusive-start>
<cycle-start id="1377" type="global" contextid="0" timestamp="2019-06-16T01:51:49.824" intervalms="107.184" />
<exclusive-end id="1378" timestamp="2019-06-16T01:51:49.824" durationms="0.121" />

<exclusive-start id="1379" timestamp="2019-06-16T01:51:49.824" intervalms="0.626">
  <response-info timems="0.022" idlems="0.022" threads="0" lastid="0000000001572D00" lastname="Thread-7" />
</exclusive-start>
<af-start id="1380" threadId="0000000001573688" totalBytesRequested="40" timestamp="2019-06-16T01:51:49.824" intervalms="19.257" type="nursery" />
<cycle-start id="1381" type="scavenge" contextid="0" timestamp="2019-06-16T01:51:49.824" intervalms="19.253" />
<gc-start id="1382" type="scavenge" contextid="1381" timestamp="2019-06-16T01:51:49.825">
  <mem-info id="1383" free="291904" total="33685504" percent="0">
    <mem type="nursery" free="0" total="29097984" percent="0">
      <mem type="allocate" free="0" total="26148864" percent="0" />
      <mem type="survivor" free="0" total="2949120" percent="0" />
    </mem>
    <mem type="tenure" free="291904" total="4587520" percent="6">
      <mem type="soa" free="104512" total="4358144" percent="2" />
      <mem type="loa" free="187392" total="229376" percent="81" />
    </mem>
    <remembered-set count="4696" />
  </mem-info>
</gc-start>
<allocation-stats totalBytes="25332360" >
  <allocated-bytes non-tlh="24" tlh="25332336" />
  <largest-consumer threadName="Thread-9" threadId="000000000157E100" bytes="10648184" />
</allocation-stats>
<gc-op id="1384" type="scavenge" timems="1.187" contextid="1381" timestamp="2019-06-16T01:51:49.826">
  <scavenger-info tenureage="14" tenuremask="4000" tiltratio="89" />
  <memory-copied type="nursery" objects="17164" bytes="687976" bytesdiscarded="225944" />
</gc-op>
<gc-end id="1385" type="scavenge" contextid="1381" durationms="1.392" usertimems="4.000" systemtimems="0.000" timestamp="2019-06-16T01:51:49.826" activeThreads="4">
  <mem-info id="1386" free="25526848" total="33685504" percent="75">
    <mem type="nursery" free="25234944" total="29097984" percent="86">
      <mem type="allocate" free="25234944" total="26148864" percent="96" />
      <mem type="survivor" free="0" total="2949120" percent="0" />
    </mem>
    <mem type="tenure" free="291904" total="4587520" percent="6">
      <mem type="soa" free="104512" total="4358144" percent="2" />
      <mem type="loa" free="187392" total="229376" percent="81" />
    </mem>
    <remembered-set count="4696" />
  </mem-info>
</gc-end>
<cycle-end id="1387" type="scavenge" contextid="1381" timestamp="2019-06-16T01:51:49.826" />
  <attribute name="elasticGC enabled" value="1" />
  <attribute name= "numThreadsSpecified" value="4" />
  <attribute name="heapSize specified" value="32440320" />
  <attribute name="Current GC Util" value="14" />
  <attribute name= "Current Time Running" value="2115" />
  <attribute name ="GC Interval" value="200" />
  <attribute name="ProportionalT" value="-9.000000" />
  <attribute name="ProportionalI" value="-9.000000" />
  <attribute name="ProportionalH" value="-9.000000" />
  <attribute name="Current Error" value="-6.000000" />
  <attribute name="IntegralT" value="-114.000000" />
  <attribute name="IntegralI" value="-114.000000" />
  <attribute name="IntegralH" value="-114.000000" />
  <attribute name="DerivativeT" value="-0.315789" />
  <attribute name="DerivativeI" value="-0.315789" />
  <attribute name="DerivativeH" value="-0.315789" />
  <attribute name="Loop Time for DT" value="19.000000" />
  <attribute name="Output H" value="2092630016"/>
  <attribute name="Output I" value="200"/>
  <attribute name="Output T" value="4"/>
  <attribute name="Target GC Util Change" value ="20.000000" />
  <attribute name="Current GC Util Change" value="14.000000"/>
  <attribute name="GC Util currently" value="14" />
  <attribute name="CPU Util currently" value="239250218503" />
<allocation-satisfied id="1388" threadId="0000000001572D00" bytesRequested="40" />
<af-end id="1389" timestamp="2019-06-16T01:51:49.826" threadId="0000000001573688" success="true" from="nursery"/>
<exclusive-end id="1390" timestamp="2019-06-16T01:51:49.826" durationms="1.996" />

<exclusive-start id="1391" timestamp="2019-06-16T01:51:49.845" intervalms="20.590">
  <response-info timems="0.094" idlems="0.094" threads="0" lastid="0000000001572D00" lastname="Thread-7" />
</exclusive-start>
<af-start id="1392" threadId="0000000001573688" totalBytesRequested="40" timestamp="2019-06-16T01:51:49.845" intervalms="20.586" type="nursery" />
<percolate-collect id="1393" from="nursery" to="global" reason="concurrent mark exhausted" timestamp="2019-06-16T01:51:49.845"/>
<gc-start id="1394" type="global" contextid="1377" timestamp="2019-06-16T01:51:49.845">
  <mem-info id="1395" free="291904" total="33685504" percent="0">
    <mem type="nursery" free="0" total="29097984" percent="0">
      <mem type="allocate" free="0" total="26148864" percent="0" />
      <mem type="survivor" free="0" total="2949120" percent="0" />
    </mem>
    <mem type="tenure" free="291904" total="4587520" percent="6">
      <mem type="soa" free="104512" total="4358144" percent="2" />
      <mem type="loa" free="187392" total="229376" percent="81" />
    </mem>
    <remembered-set count="5594" />
  </mem-info>
</gc-start>
<allocation-stats totalBytes="25231832" >
  <allocated-bytes non-tlh="40" tlh="25231792" />
  <largest-consumer threadName="Thread-9" threadId="000000000157E100" bytes="9796616" />
</allocation-stats>
<concurrent-halted id="1396" timestamp="2019-06-16T01:51:49.845">
  <halted state="Complete" status="exhausted" />
  <traced bytesTarget="1725521" bytesTotal="1795924" bytesByMutator="930136" bytesByHelper="865788" percent="104" />
  <cards cleaned="225" thresholdBytes="97028" />
</concurrent-halted>
<gc-op id="1397" type="rs-scan" timems="0.600" contextid="1377" timestamp="2019-06-16T01:51:49.846">
  <scan objectsFound="5475" bytesTraced="433584" workStackOverflowCount="0" />
</gc-op>
<gc-op id="1398" type="card-cleaning" timems="0.252" contextid="1377" timestamp="2019-06-16T01:51:49.846">
  <card-cleaning cardsCleaned="4" bytesTraced="10152" workStackOverflowCount="0" />
</gc-op>
<gc-op id="1399" type="mark" timems="1.424" contextid="1377" timestamp="2019-06-16T01:51:49.848">
  <trace-info objectcount="12628" scancount="12596" scanbytes="579376" />
  <finalization candidates="124" enqueued="0" />
  <ownableSynchronizers candidates="3" cleared="0" />
  <references type="soft" candidates="84" cleared="0" enqueued="0" dynamicThreshold="6" maxThreshold="32" />
  <references type="weak" candidates="693" cleared="0" enqueued="0" />
  <references type="phantom" candidates="38" cleared="0" enqueued="0" />
  <stringconstants candidates="4597" cleared="0"  />
</gc-op>
<gc-op id="1400" type="sweep" timems="0.870" contextid="1377" timestamp="2019-06-16T01:51:49.849" />
<mem-info id="1401" free="26419256" total="33685504" percent="78">
  <mem type="nursery" free="25409792" total="29097984" percent="87">
    <mem type="allocate" free="25409792" total="26148864" percent="97" />
    <mem type="survivor" free="0" total="2949120" percent="0" />
  </mem>
  <mem type="tenure" free="1009464" total="4587520" percent="22" micro-fragmented="9273" macro-fragmented="0">
    <mem type="soa" free="780088" total="4358144" percent="17" />
    <mem type="loa" free="229376" total="229376" percent="100" />
  </mem>
  <remembered-set count="5519" />
</mem-info>
<gc-op id="1402" type="compact" timems="4.996" contextid="1377" timestamp="2019-06-16T01:51:49.854">
  <compact-info movecount="26681" movebytes="1192920" reason="compact to aid heap contraction" />
</gc-op>
<heap-resize id="1403" type="contract" space="tenure" amount="196608" count="1" timems="0.084" reason="heap reconfiguration" timestamp="2019-06-16T01:51:49.854" />
<gc-end id="1404" type="global" contextid="1377" durationms="9.284" usertimems="16.000" systemtimems="0.000" timestamp="2019-06-16T01:51:49.854" activeThreads="4">
  <mem-info id="1405" free="26237056" total="33488896" percent="78">
    <mem type="nursery" free="25447488" total="29097984" percent="87">
      <mem type="allocate" free="25447488" total="26148864" percent="97" />
      <mem type="survivor" free="0" total="2949120" percent="0" />
    </mem>
    <mem type="tenure" free="789568" total="4390912" percent="17">
      <mem type="soa" free="603200" total="4171776" percent="14" />
      <mem type="loa" free="186368" total="219136" percent="85" />
    </mem>
    <remembered-set count="5519" />
  </mem-info>
</gc-end>
<cycle-end id="1406" type="global" contextid="1377" timestamp="2019-06-16T01:51:49.855" />
  <attribute name="elasticGC enabled" value="1" />
  <attribute name= "numThreadsSpecified" value="4" />
  <attribute name="heapSize specified" value="33685504" />
  <attribute name="Current GC Util" value="112" />
  <attribute name= "Current Time Running" value="2144" />
  <attribute name ="GC Interval" value="200" />
  <attribute name="ProportionalT" value="138.000000" />
  <attribute name="ProportionalI" value="138.000000" />
  <attribute name="ProportionalH" value="138.000000" />
  <attribute name="Current Error" value="92.000000" />
  <attribute name="IntegralT" value="460.000000" />
  <attribute name="IntegralI" value="460.000000" />
  <attribute name="IntegralH" value="460.000000" />
  <attribute name="DerivativeT" value="-5.800000" />
  <attribute name="DerivativeI" value="-5.800000" />
  <attribute name="DerivativeH" value="-5.800000" />
  <attribute name="Loop Time for DT" value="5.000000" />
  <attribute name="Output H" value="8388608"/>
  <attribute name="Output I" value="592"/>
  <attribute name="Output T" value="4"/>
  <attribute name="Target GC Util Change" value ="20.000000" />
  <attribute name="Current GC Util Change" value="112.000000"/>
  <attribute name="GC Util currently" value="112" />
  <attribute name="CPU Util currently" value="900899223379" />
<allocation-satisfied id="1407" threadId="0000000001572D00" bytesRequested="40" />
<af-end id="1408" timestamp="2019-06-16T01:51:49.855" threadId="0000000001573688" success="true" from="nursery"/>
<exclusive-end id="1409" timestamp="2019-06-16T01:51:49.855" durationms="10.100" />

<exclusive-start id="1410" timestamp="2019-06-16T01:51:49.870" intervalms="24.933">
  <response-info timems="0.263" idlems="0.263" threads="0" lastid="000000000157A500" lastname="Thread-8" />
</exclusive-start>
<af-start id="1411" threadId="000000000157AE88" totalBytesRequested="40" timestamp="2019-06-16T01:51:49.870" intervalms="24.983" type="nursery" />
<cycle-start id="1412" type="scavenge" contextid="0" timestamp="2019-06-16T01:51:49.870" intervalms="45.557" />
<gc-start id="1413" type="scavenge" contextid="1412" timestamp="2019-06-16T01:51:49.870">
  <mem-info id="1414" free="789568" total="33488896" percent="2">
    <mem type="nursery" free="0" total="29097984" percent="0">
      <mem type="allocate" free="0" total="26148864" percent="0" />
      <mem type="survivor" free="0" total="2949120" percent="0" />
    </mem>
    <mem type="tenure" free="789568" total="4390912" percent="17">
      <mem type="soa" free="603200" total="4171776" percent="14" />
      <mem type="loa" free="186368" total="219136" percent="85" />
    </mem>
    <remembered-set count="6378" />
  </mem-info>
</gc-start>
<allocation-stats totalBytes="25444272" >
  <allocated-bytes non-tlh="40" tlh="25444232" />
  <largest-consumer threadName="Thread-9" threadId="000000000157E100" bytes="10058608" />
</allocation-stats>
<gc-op id="1415" type="scavenge" timems="3.025" contextid="1412" timestamp="2019-06-16T01:51:49.873">
  <scavenger-info tenureage="3" tenuremask="4018" tiltratio="89" />
  <memory-copied type="nursery" objects="11667" bytes="418856" bytesdiscarded="154072" />
  <memory-copied type="tenure" objects="7903" bytes="327048" bytesdiscarded="48" />
  <ownableSynchronizers candidates="6" cleared="6" />
</gc-op>
<gc-end id="1416" type="scavenge" contextid="1412" durationms="3.230" usertimems="4.000" systemtimems="0.000" timestamp="2019-06-16T01:51:49.873" activeThreads="4">
  <mem-info id="1417" free="25957840" total="33488896" percent="77">
    <mem type="nursery" free="25575936" total="29097984" percent="87">
      <mem type="allocate" free="25575936" total="26148864" percent="97" />
      <mem type="survivor" free="0" total="2949120" percent="0" />
    </mem>
    <mem type="tenure" free="381904" total="4390912" percent="8">
      <mem type="soa" free="195536" total="4171776" percent="4" />
      <mem type="loa" free="186368" total="219136" percent="85" />
    </mem>
    <remembered-set count="5183" />
  </mem-info>
</gc-end>
<cycle-end id="1418" type="scavenge" contextid="1412" timestamp="2019-06-16T01:51:49.873" />
  <attribute name="elasticGC enabled" value="1" />
  <attribute name= "numThreadsSpecified" value="4" />
  <attribute name="heapSize specified" value="33685504" />
  <attribute name="Current GC Util" value="56" />
  <attribute name= "Current Time Running" value="2160" />
  <attribute name ="GC Interval" value="632" />
  <attribute name="ProportionalT" value="54.000000" />
  <attribute name="ProportionalI" value="54.000000" />
  <attribute name="ProportionalH" value="54.000000" />
  <attribute name="Current Error" value="36.000000" />
  <attribute name="IntegralT" value="576.000000" />
  <attribute name="IntegralI" value="576.000000" />
  <attribute name="IntegralH" value="576.000000" />
  <attribute name="DerivativeT" value="-3.500000" />
  <attribute name="DerivativeI" value="-3.500000" />
  <attribute name="DerivativeH" value="-3.500000" />
  <attribute name="Loop Time for DT" value="16.000000" />
  <attribute name="Output H" value="8388608"/>
  <attribute name="Output I" value="632"/>
  <attribute name="Output T" value="4"/>
  <attribute name="Target GC Util Change" value ="20.000000" />
  <attribute name="Current GC Util Change" value="56.000000"/>
  <attribute name="GC Util currently" value="56" />
  <attribute name="CPU Util currently" value="283547587124" />
<allocation-satisfied id="1419" threadId="000000000157A500" bytesRequested="40" />
<af-end id="1420" timestamp="2019-06-16T01:51:49.873" threadId="000000000157AE88" success="true" from="nursery"/>
<exclusive-end id="1421" timestamp="2019-06-16T01:51:49.873" durationms="3.677" />

<concurrent-kickoff id="1422" timestamp="2019-06-16T01:51:49.891">
  <kickoff reason="threshold reached" targetBytes="1663310" thresholdFreeBytes="237726"  remainingFree="147968" tenureFreeBytes="381904" nurseryFreeBytes="147968" />
</concurrent-kickoff>
<exclusive-start id="1423" timestamp="2019-06-16T01:51:49.892" intervalms="21.996">
  <response-info timems="0.906" idlems="0.463" threads="1" lastid="0000000001576900" lastname="Thread-10" />
</exclusive-start>
<cycle-start id="1424" type="global" contextid="0" timestamp="2019-06-16T01:51:49.892" intervalms="68.137" />
<exclusive-end id="1425" timestamp="2019-06-16T01:51:49.892" durationms="0.108" />

<exclusive-start id="1426" timestamp="2019-06-16T01:51:49.892" intervalms="0.319">
  <response-info timems="0.022" idlems="0.022" threads="0" lastid="000000000157A500" lastname="Thread-8" />
</exclusive-start>
<af-start id="1427" threadId="000000000157AE88" totalBytesRequested="40" timestamp="2019-06-16T01:51:49.892" intervalms="22.244" type="nursery" />
<cycle-start id="1428" type="scavenge" contextid="0" timestamp="2019-06-16T01:51:49.892" intervalms="22.236" />
<gc-start id="1429" type="scavenge" contextid="1428" timestamp="2019-06-16T01:51:49.892">
  <mem-info id="1430" free="381904" total="33488896" percent="1">
    <mem type="nursery" free="0" total="29097984" percent="0">
      <mem type="allocate" free="0" total="26148864" percent="0" />
      <mem type="survivor" free="0" total="2949120" percent="0" />
    </mem>
    <mem type="tenure" free="381904" total="4390912" percent="8">
      <mem type="soa" free="195536" total="4171776" percent="4" />
      <mem type="loa" free="186368" total="219136" percent="85" />
    </mem>
    <remembered-set count="5730" />
  </mem-info>
</gc-start>
<allocation-stats totalBytes="25572616" >
  <allocated-bytes non-tlh="40" tlh="25572576" />
  <largest-consumer threadName="Thread-9" threadId="000000000157E100" bytes="10058368" />
</allocation-stats>
<gc-op id="1431" type="scavenge" timems="1.716" contextid="1428" timestamp="2019-06-16T01:51:49.894">
  <scavenger-info tenureage="3" tenuremask="4008" tiltratio="89" />
  <memory-copied type="nursery" objects="13131" bytes="453984" bytesdiscarded="152736" />
  <memory-copied type="tenure" objects="6411" bytes="291240" bytesdiscarded="120" />
  <heap-resize type="expand" space="tenure" amount="262144" count="4" timems="0.036" reason="continue current collection" />
</gc-op>
<gc-end id="1432" type="scavenge" contextid="1428" durationms="1.894" usertimems="0.000" systemtimems="4.000" timestamp="2019-06-16T01:51:49.894" activeThreads="4">
  <mem-info id="1433" free="25725952" total="33751040" percent="76">
    <mem type="nursery" free="25542144" total="29097984" percent="87">
      <mem type="allocate" free="25542144" total="26148864" percent="97" />
      <mem type="survivor" free="0" total="2949120" percent="0" />
    </mem>
    <mem type="tenure" free="183808" total="4653056" percent="3">
      <mem type="soa" free="0" total="4420608" percent="0" />
      <mem type="loa" free="183808" total="232448" percent="79" />
    </mem>
    <remembered-set count="6479" />
  </mem-info>
</gc-end>
<cycle-end id="1434" type="scavenge" contextid="1428" timestamp="2019-06-16T01:51:49.894" />
  <attribute name="elasticGC enabled" value="1" />
  <attribute name= "numThreadsSpecified" value="4" />
  <attribute name="heapSize specified" value="33685504" />
  <attribute name="Current GC Util" value="9" />
  <attribute name= "Current Time Running" value="2183" />
  <attribute name ="GC Interval" value="200" />
  <attribute name="ProportionalT" value="-16.500000" />
  <attribute name="ProportionalI" value="-16.500000" />
  <attribute name="ProportionalH" value="-16.500000" />
  <attribute name="Current Error" value="-11.000000" />
  <attribute name="IntegralT" value="-253.000000" />
  <attribute name="IntegralI" value="-253.000000" />
  <attribute name="IntegralH" value="-253.000000" />
  <attribute name="DerivativeT" value="-2.043478" />
  <attribute name="DerivativeI" value="-2.043478" />
  <attribute name="DerivativeH" value="-2.043478" />
  <attribute name="Loop Time for DT" value="23.000000" />
  <attribute name="Output H" value="2092630016"/>
  <attribute name="Output I" value="200"/>
  <attribute name="Output T" value="4"/>
  <attribute name="Target GC Util Change" value ="20.000000" />
  <attribute name="Current GC Util Change" value="9.000000"/>
  <attribute name="GC Util currently" value="9" />
  <attribute name="CPU Util currently" value="207775496024" />
<allocation-satisfied id="1435" threadId="000000000157A500" bytesRequested="40" />
<af-end id="1436" timestamp="2019-06-16T01:51:49.894" threadId="000000000157AE88" success="true" from="nursery"/>
<exclusive-end id="1437" timestamp="2019-06-16T01:51:49.894" durationms="2.322" />

<exclusive-start id="1438" timestamp="2019-06-16T01:51:49.915" intervalms="23.153">
  <response-info timems="0.026" idlems="0.026" threads="0" lastid="0000000001572D00" lastname="Thread-7" />
</exclusive-start>
<af-start id="1439" threadId="0000000001573688" totalBytesRequested="40" timestamp="2019-06-16T01:51:49.915" intervalms="23.184" type="nursery" />
<cycle-start id="1440" type="scavenge" contextid="0" timestamp="2019-06-16T01:51:49.915" intervalms="23.203" />
<gc-start id="1441" type="scavenge" contextid="1440" timestamp="2019-06-16T01:51:49.916">
  <mem-info id="1442" free="183808" total="33751040" percent="0">
    <mem type="nursery" free="0" total="29097984" percent="0">
      <mem type="allocate" free="0" total="26148864" percent="0" />
      <mem type="survivor" free="0" total="2949120" percent="0" />
    </mem>
    <mem type="tenure" free="183808" total="4653056" percent="3">
      <mem type="soa" free="0" total="4420608" percent="0" />
      <mem type="loa" free="183808" total="232448" percent="79" />
    </mem>
    <remembered-set count="7576" />
  </mem-info>
</gc-start>
<allocation-stats totalBytes="25538792" >
  <allocated-bytes non-tlh="40" tlh="25538752" />
  <largest-consumer threadName="Thread-9" threadId="000000000157E100" bytes="8468944" />
</allocation-stats>
<gc-op id="1443" type="scavenge" timems="1.319" contextid="1440" timestamp="2019-06-16T01:51:49.917">
  <scavenger-info tenureage="3" tenuremask="4008" tiltratio="89" />
  <memory-copied type="nursery" objects="14334" bytes="482824" bytesdiscarded="138608" />
  <memory-copied type="tenure" objects="1527" bytes="36648" bytesdiscarded="0" />
  <heap-resize type="expand" space="tenure" amount="65536" count="1" timems="0.383" reason="continue current collection" />
</gc-op>
<gc-end id="1444" type="scavenge" contextid="1440" durationms="1.583" usertimems="4.000" systemtimems="0.000" timestamp="2019-06-16T01:51:49.917" activeThreads="4">
  <mem-info id="1445" free="25762952" total="33816576" percent="76">
    <mem type="nursery" free="25527432" total="29097984" percent="87">
      <mem type="allocate" free="25527432" total="26148864" percent="97" />
      <mem type="survivor" free="0" total="2949120" percent="0" />
    </mem>
    <mem type="tenure" free="235520" total="4718592" percent="4">
      <mem type="soa" free="0" total="4483072" percent="0" />
      <mem type="loa" free="235520" total="235520" percent="100" />
    </mem>
    <remembered-set count="6048" />
  </mem-info>
</gc-end>
<cycle-end id="1446" type="scavenge" contextid="1440" timestamp="2019-06-16T01:51:49.917" />
  <attribute name="elasticGC enabled" value="1" />
  <attribute name= "numThreadsSpecified" value="4" />
  <attribute name="heapSize specified" value="33685504" />
  <attribute name="Current GC Util" value="18" />
  <attribute name= "Current Time Running" value="2206" />
  <attribute name ="GC Interval" value="200" />
  <attribute name="ProportionalT" value="-3.000000" />
  <attribute name="ProportionalI" value="-3.000000" />
  <attribute name="ProportionalH" value="-3.000000" />
  <attribute name="Current Error" value="-2.000000" />
  <attribute name="IntegralT" value="-46.000000" />
  <attribute name="IntegralI" value="-46.000000" />
  <attribute name="IntegralH" value="-46.000000" />
  <attribute name="DerivativeT" value="-0.086957" />
  <attribute name="DerivativeI" value="-0.086957" />
  <attribute name="DerivativeH" value="-0.086957" />
  <attribute name="Loop Time for DT" value="23.000000" />
  <attribute name="Output H" value="2092630016"/>
  <attribute name="Output I" value="200"/>
  <attribute name="Output T" value="4"/>
  <attribute name="Target GC Util Change" value ="20.000000" />
  <attribute name="Current GC Util Change" value="18.000000"/>
  <attribute name="GC Util currently" value="18" />
  <attribute name="CPU Util currently" value="198385978424" />
<allocation-satisfied id="1447" threadId="0000000001572D00" bytesRequested="40" />
<af-end id="1448" timestamp="2019-06-16T01:51:49.917" threadId="0000000001573688" success="true" from="nursery"/>
<exclusive-end id="1449" timestamp="2019-06-16T01:51:49.918" durationms="2.281" />

<exclusive-start id="1450" timestamp="2019-06-16T01:51:49.918" intervalms="2.584">
  <response-info timems="0.184" idlems="0.184" threads="0" lastid="000000000157A500" lastname="Thread-8" />
</exclusive-start>
<concurrent-collection-start id="1451" timestamp="2019-06-16T01:51:49.918" intervalms="180.530" >
  <concurrent-trace-info reason="card cleaning threshold reached" tracedByMutators="1283620" tracedByHelpers="516836" cardsCleaned="310" workStackOverflowCount="0" />
</concurrent-collection-start>
<gc-start id="1452" type="global" contextid="1424" timestamp="2019-06-16T01:51:49.918">
  <mem-info id="1453" free="25500768" total="33816576" percent="75">
    <mem type="nursery" free="25265248" total="29097984" percent="86">
      <mem type="allocate" free="25265248" total="26148864" percent="96" />
      <mem type="survivor" free="0" total="2949120" percent="0" />
    </mem>
    <mem type="tenure" free="235520" total="4718592" percent="4">
      <mem type="soa" free="0" total="4483072" percent="0" />
      <mem type="loa" free="235520" total="235520" percent="100" />
    </mem>
    <remembered-set count="6056" />
  </mem-info>
</gc-start>
<allocation-stats totalBytes="262184" >
  <allocated-bytes non-tlh="40" tlh="262144" />
  <largest-consumer threadName="Thread-7" threadId="0000000001572D00" bytes="65576" />
</allocation-stats>
<gc-op id="1454" type="rs-scan" timems="0.592" contextid="1424" timestamp="2019-06-16T01:51:49.919">
  <scan objectsFound="1492" bytesTraced="131452" workStackOverflowCount="0" />
</gc-op>
<gc-op id="1455" type="card-cleaning" timems="0.463" contextid="1424" timestamp="2019-06-16T01:51:49.919">
  <card-cleaning cardsCleaned="206" bytesTraced="162404" workStackOverflowCount="0" />
</gc-op>
<gc-op id="1456" type="mark" timems="1.423" contextid="1424" timestamp="2019-06-16T01:51:49.921">
  <trace-info objectcount="15427" scancount="15395" scanbytes="646416" />
  <finalization candidates="124" enqueued="0" />
  <ownableSynchronizers candidates="3" cleared="0" />
  <references type="soft" candidates="84" cleared="0" enqueued="0" dynamicThreshold="5" maxThreshold="32" />
  <references type="weak" candidates="693" cleared="0" enqueued="0" />
  <references type="phantom" candidates="38" cleared="0" enqueued="0" />
  <stringconstants candidates="4597" cleared="0"  />
</gc-op>
<gc-op id="1457" type="sweep" timems="0.700" contextid="1424" timestamp="2019-06-16T01:51:49.921" />
<mem-info id="1458" free="26505664" total="33816576" percent="78">
  <mem type="nursery" free="25685648" total="29097984" percent="88">
    <mem type="allocate" free="25685648" total="26148864" percent="98" />
    <mem type="survivor" free="0" total="2949120" percent="0" />
  </mem>
  <mem type="tenure" free="820016" total="4718592" percent="17" micro-fragmented="9271" macro-fragmented="0">
    <mem type="soa" free="584496" total="4483072" percent="13" />
    <mem type="loa" free="235520" total="235520" percent="100" />
  </mem>
  <remembered-set count="4819" />
</mem-info>
<gc-op id="1459" type="compact" timems="6.167" contextid="1424" timestamp="2019-06-16T01:51:49.928">
  <compact-info movecount="31397" movebytes="1304448" reason="compact to aid heap contraction" />
</gc-op>
<heap-resize id="1460" type="contract" space="tenure" amount="196608" count="1" timems="0.010" reason="heap reconfiguration" timestamp="2019-06-16T01:51:49.928" />
<gc-end id="1461" type="global" contextid="1424" durationms="10.228" usertimems="28.000" systemtimems="0.000" timestamp="2019-06-16T01:51:49.928" activeThreads="4">
  <mem-info id="1462" free="26315776" total="33619968" percent="78">
    <mem type="nursery" free="25719928" total="29097984" percent="88">
      <mem type="allocate" free="25719928" total="26148864" percent="98" />
      <mem type="survivor" free="0" total="2949120" percent="0" />
    </mem>
    <mem type="tenure" free="595848" total="4521984" percent="13">
      <mem type="soa" free="409480" total="4296704" percent="9" />
      <mem type="loa" free="186368" total="225280" percent="82" />
    </mem>
    <remembered-set count="4819" />
  </mem-info>
</gc-end>
<cycle-end id="1463" type="global" contextid="1424" timestamp="2019-06-16T01:51:49.928" />
  <attribute name="elasticGC enabled" value="1" />
  <attribute name= "numThreadsSpecified" value="4" />
  <attribute name="heapSize specified" value="33816576" />
  <attribute name="Current GC Util" value="93" />
  <attribute name= "Current Time Running" value="2218" />
  <attribute name ="GC Interval" value="200" />
  <attribute name="ProportionalT" value="109.500000" />
  <attribute name="ProportionalI" value="109.500000" />
  <attribute name="ProportionalH" value="109.500000" />
  <attribute name="Current Error" value="73.000000" />
  <attribute name="IntegralT" value="438.000000" />
  <attribute name="IntegralI" value="438.000000" />
  <attribute name="IntegralH" value="438.000000" />
  <attribute name="DerivativeT" value="-20.000000" />
  <attribute name="DerivativeI" value="-20.000000" />
  <attribute name="DerivativeH" value="-20.000000" />
  <attribute name="Loop Time for DT" value="6.000000" />
  <attribute name="Output H" value="8388608"/>
  <attribute name="Output I" value="528"/>
  <attribute name="Output T" value="4"/>
  <attribute name="Target GC Util Change" value ="20.000000" />
  <attribute name="Current GC Util Change" value="93.000000"/>
  <attribute name="GC Util currently" value="93" />
  <attribute name="CPU Util currently" value="735610201925" />
<concurrent-collection-end id="1464" timestamp="2019-06-16T01:51:49.928" />
<exclusive-end id="1465" timestamp="2019-06-16T01:51:49.928" durationms="10.621" />

<exclusive-start id="1466" timestamp="2019-06-16T01:51:49.946" intervalms="28.017">
  <response-info timems="0.026" idlems="0.026" threads="0" lastid="000000000157A500" lastname="Thread-8" />
</exclusive-start>
<af-start id="1467" threadId="000000000157AE88" totalBytesRequested="40" timestamp="2019-06-16T01:51:49.946" intervalms="30.591" type="nursery" />
<cycle-start id="1468" type="scavenge" contextid="0" timestamp="2019-06-16T01:51:49.946" intervalms="30.574" />
<gc-start id="1469" type="scavenge" contextid="1468" timestamp="2019-06-16T01:51:49.946">
  <mem-info id="1470" free="595848" total="33619968" percent="1">
    <mem type="nursery" free="0" total="29097984" percent="0">
      <mem type="allocate" free="0" total="26148864" percent="0" />
      <mem type="survivor" free="0" total="2949120" percent="0" />
    </mem>
    <mem type="tenure" free="595848" total="4521984" percent="13">
      <mem type="soa" free="409480" total="4296704" percent="9" />
      <mem type="loa" free="186368" total="225280" percent="82" />
    </mem>
    <remembered-set count="6007" />
  </mem-info>
</gc-start>
<allocation-stats totalBytes="25716656" >
  <allocated-bytes non-tlh="0" tlh="25716656" />
  <largest-consumer threadName="Thread-8" threadId="000000000157A500" bytes="7745592" />
</allocation-stats>
<gc-op id="1471" type="scavenge" timems="1.541" contextid="1468" timestamp="2019-06-16T01:51:49.948">
  <scavenger-info tenureage="3" tenuremask="4008" tiltratio="89" />
  <memory-copied type="nursery" objects="17845" bytes="703984" bytesdiscarded="184448" />
  <memory-copied type="tenure" objects="2273" bytes="54552" bytesdiscarded="0" />
  <ownableSynchronizers candidates="6" cleared="6" />
</gc-op>
<gc-end id="1472" type="scavenge" contextid="1468" durationms="1.700" usertimems="4.000" systemtimems="0.000" timestamp="2019-06-16T01:51:49.948" activeThreads="4">
  <mem-info id="1473" free="25738776" total="33619968" percent="76">
    <mem type="nursery" free="25260432" total="29097984" percent="86">
      <mem type="allocate" free="25260432" total="26148864" percent="96" />
      <mem type="survivor" free="0" total="2949120" percent="0" />
    </mem>
    <mem type="tenure" free="478344" total="4521984" percent="10">
      <mem type="soa" free="291976" total="4296704" percent="6" />
      <mem type="loa" free="186368" total="225280" percent="82" />
    </mem>
    <remembered-set count="3734" />
  </mem-info>
</gc-end>
<cycle-end id="1474" type="scavenge" contextid="1468" timestamp="2019-06-16T01:51:49.948" />
  <attribute name="elasticGC enabled" value="1" />
  <attribute name= "numThreadsSpecified" value="4" />
  <attribute name="heapSize specified" value="33816576" />
  <attribute name="Current GC Util" value="36" />
  <attribute name= "Current Time Running" value="2236" />
  <attribute name ="GC Interval" value="312" />
  <attribute name="ProportionalT" value="24.000000" />
  <attribute name="ProportionalI" value="24.000000" />
  <attribute name="ProportionalH" value="24.000000" />
  <attribute name="Current Error" value="16.000000" />
  <attribute name="IntegralT" value="288.000000" />
  <attribute name="IntegralI" value="288.000000" />
  <attribute name="IntegralH" value="288.000000" />
  <attribute name="DerivativeT" value="-3.166667" />
  <attribute name="DerivativeI" value="-3.166667" />
  <attribute name="DerivativeH" value="-3.166667" />
  <attribute name="Loop Time for DT" value="18.000000" />
  <attribute name="Output H" value="8388608"/>
  <attribute name="Output I" value="312"/>
  <attribute name="Output T" value="4"/>
  <attribute name="Target GC Util Change" value ="20.000000" />
  <attribute name="Current GC Util Change" value="36.000000"/>
  <attribute name="GC Util currently" value="36" />
  <attribute name="CPU Util currently" value="251964068964" />
<allocation-satisfied id="1475" threadId="000000000157A500" bytesRequested="40" />
<af-end id="1476" timestamp="2019-06-16T01:51:49.948" threadId="000000000157AE88" success="true" from="nursery"/>
<exclusive-end id="1477" timestamp="2019-06-16T01:51:49.948" durationms="2.079" />

<exclusive-start id="1478" timestamp="2019-06-16T01:51:49.963" intervalms="16.989">
  <response-info timems="0.026" idlems="0.026" threads="0" lastid="0000000001572D00" lastname="Thread-7" />
</exclusive-start>
<af-start id="1479" threadId="0000000001573688" totalBytesRequested="40" timestamp="2019-06-16T01:51:49.963" intervalms="16.993" type="nursery" />
<cycle-start id="1480" type="scavenge" contextid="0" timestamp="2019-06-16T01:51:49.963" intervalms="17.007" />
<gc-start id="1481" type="scavenge" contextid="1480" timestamp="2019-06-16T01:51:49.963">
  <mem-info id="1482" free="478344" total="33619968" percent="1">
    <mem type="nursery" free="0" total="29097984" percent="0">
      <mem type="allocate" free="0" total="26148864" percent="0" />
      <mem type="survivor" free="0" total="2949120" percent="0" />
    </mem>
    <mem type="tenure" free="478344" total="4521984" percent="10">
      <mem type="soa" free="291976" total="4296704" percent="6" />
      <mem type="loa" free="186368" total="225280" percent="82" />
    </mem>
    <remembered-set count="4765" />
  </mem-info>
</gc-start>
<allocation-stats totalBytes="25257600" >
  <allocated-bytes non-tlh="40" tlh="25257560" />
  <largest-consumer threadName="Thread-8" threadId="000000000157A500" bytes="7437552" />
</allocation-stats>
<gc-op id="1483" type="scavenge" timems="1.863" contextid="1480" timestamp="2019-06-16T01:51:49.965">
  <scavenger-info tenureage="14" tenuremask="4000" tiltratio="89" />
  <memory-copied type="nursery" objects="20291" bytes="763288" bytesdiscarded="18248" />
</gc-op>
<heap-resize id="1484" type="expand" space="nursery" amount="2097152" count="1" timems="0.023" reason="excessive time being spent scavenging" timestamp="2019-06-16T01:51:49.965" />
<gc-end id="1485" type="scavenge" contextid="1480" durationms="2.145" usertimems="4.000" systemtimems="4.000" timestamp="2019-06-16T01:51:49.965" activeThreads="1">
  <mem-info id="1486" free="27680680" total="35717120" percent="77">
    <mem type="nursery" free="27202336" total="31195136" percent="87">
      <mem type="allocate" free="27202336" total="27983872" percent="97" />
      <mem type="survivor" free="0" total="3211264" percent="0" />
    </mem>
    <mem type="tenure" free="478344" total="4521984" percent="10">
      <mem type="soa" free="291976" total="4296704" percent="6" />
      <mem type="loa" free="186368" total="225280" percent="82" />
    </mem>
    <remembered-set count="4764" />
  </mem-info>
</gc-end>
<cycle-end id="1487" type="scavenge" contextid="1480" timestamp="2019-06-16T01:51:49.965" />
  <attribute name="elasticGC enabled" value="1" />
  <attribute name= "numThreadsSpecified" value="1" />
  <attribute name="heapSize specified" value="33816576" />
  <attribute name="Current GC Util" value="20" />
  <attribute name= "Current Time Running" value="2253" />
  <attribute name ="GC Interval" value="200" />
  <attribute name="ProportionalT" value="0.000000" />
  <attribute name="ProportionalI" value="0.000000" />
  <attribute name="ProportionalH" value="0.000000" />
  <attribute name="Current Error" value="0.000000" />
  <attribute name="IntegralT" value="0.000000" />
  <attribute name="IntegralI" value="0.000000" />
  <attribute name="IntegralH" value="0.000000" />
  <attribute name="DerivativeT" value="-0.941176" />
  <attribute name="DerivativeI" value="-0.941176" />
  <attribute name="DerivativeH" value="-0.941176" />
  <attribute name="Loop Time for DT" value="17.000000" />
  <attribute name="Output H" value="8388608"/>
  <attribute name="Output I" value="200"/>
  <attribute name="Output T" value="1"/>
  <attribute name="Target GC Util Change" value ="20.000000" />
  <attribute name="Current GC Util Change" value="20.000000"/>
  <attribute name="GC Util currently" value="20" />
  <attribute name="CPU Util currently" value="270689747513" />
<allocation-satisfied id="1488" threadId="0000000001572D00" bytesRequested="40" />
<af-end id="1489" timestamp="2019-06-16T01:51:49.965" threadId="0000000001573688" success="true" from="nursery"/>
<exclusive-end id="1490" timestamp="2019-06-16T01:51:49.965" durationms="2.602" />

<exclusive-start id="1491" timestamp="2019-06-16T01:51:49.983" intervalms="20.056">
  <response-info timems="0.056" idlems="0.056" threads="0" lastid="000000000157E100" lastname="Thread-9" />
</exclusive-start>
<af-start id="1492" threadId="000000000157EA88" totalBytesRequested="40" timestamp="2019-06-16T01:51:49.983" intervalms="20.062" type="nursery" />
<cycle-start id="1493" type="scavenge" contextid="0" timestamp="2019-06-16T01:51:49.983" intervalms="20.061" />
<gc-start id="1494" type="scavenge" contextid="1493" timestamp="2019-06-16T01:51:49.983">
  <mem-info id="1495" free="478344" total="35717120" percent="1">
    <mem type="nursery" free="0" total="31195136" percent="0">
      <mem type="allocate" free="0" total="27983872" percent="0" />
      <mem type="survivor" free="0" total="3211264" percent="0" />
    </mem>
    <mem type="tenure" free="478344" total="4521984" percent="10">
      <mem type="soa" free="291976" total="4296704" percent="6" />
      <mem type="loa" free="186368" total="225280" percent="82" />
    </mem>
    <remembered-set count="5257" />
  </mem-info>
</gc-start>
<allocation-stats totalBytes="27198880" >
  <allocated-bytes non-tlh="40" tlh="27198840" />
  <largest-consumer threadName="Thread-8" threadId="000000000157A500" bytes="8223816" />
</allocation-stats>
<gc-op id="1496" type="scavenge" timems="2.095" contextid="1493" timestamp="2019-06-16T01:51:49.985">
  <scavenger-info tenureage="3" tenuremask="4018" tiltratio="89" />
  <memory-copied type="nursery" objects="19082" bytes="734032" bytesdiscarded="249776" />
  <memory-copied type="tenure" objects="9537" bytes="366264" bytesdiscarded="128" />
  <heap-resize type="expand" space="tenure" amount="262144" count="4" timems="0.090" reason="continue current collection" />
</gc-op>
<heap-resize id="1497" type="expand" space="nursery" amount="1441792" count="1" timems="0.012" reason="excessive time being spent scavenging" timestamp="2019-06-16T01:51:49.985" />
<gc-end id="1498" type="scavenge" contextid="1493" durationms="2.394" usertimems="0.000" systemtimems="8.000" timestamp="2019-06-16T01:51:49.986" activeThreads="4">
  <mem-info id="1499" free="28310784" total="37421056" percent="75">
    <mem type="nursery" free="28310784" total="32636928" percent="86">
      <mem type="allocate" free="28310784" total="29294592" percent="96" />
      <mem type="survivor" free="0" total="3342336" percent="0" />
    </mem>
    <mem type="tenure" free="0" total="4784128" percent="0">
      <mem type="soa" free="0" total="4545536" percent="0" />
      <mem type="loa" free="0" total="238592" percent="0" />
    </mem>
    <remembered-set count="4225" />
  </mem-info>
</gc-end>
<cycle-end id="1500" type="scavenge" contextid="1493" timestamp="2019-06-16T01:51:49.986" />
  <attribute name="elasticGC enabled" value="1" />
  <attribute name= "numThreadsSpecified" value="4" />
  <attribute name="heapSize specified" value="33816576" />
  <attribute name="Current GC Util" value="9" />
  <attribute name= "Current Time Running" value="2273" />
  <attribute name ="GC Interval" value="200" />
  <attribute name="ProportionalT" value="-16.500000" />
  <attribute name="ProportionalI" value="-16.500000" />
  <attribute name="ProportionalH" value="-16.500000" />
  <attribute name="Current Error" value="-11.000000" />
  <attribute name="IntegralT" value="-220.000000" />
  <attribute name="IntegralI" value="-220.000000" />
  <attribute name="IntegralH" value="-220.000000" />
  <attribute name="DerivativeT" value="-0.550000" />
  <attribute name="DerivativeI" value="-0.550000" />
  <attribute name="DerivativeH" value="-0.550000" />
  <attribute name="Loop Time for DT" value="20.000000" />
  <attribute name="Output H" value="2092630016"/>
  <attribute name="Output I" value="200"/>
  <attribute name="Output T" value="4"/>
  <attribute name="Target GC Util Change" value ="20.000000" />
  <attribute name="Current GC Util Change" value="9.000000"/>
  <attribute name="GC Util currently" value="9" />
  <attribute name="CPU Util currently" value="229906455695" />
<allocation-satisfied id="1501" threadId="000000000157E100" bytesRequested="40" />
<af-end id="1502" timestamp="2019-06-16T01:51:49.986" threadId="000000000157EA88" success="true" from="nursery"/>
<exclusive-end id="1503" timestamp="2019-06-16T01:51:49.986" durationms="2.929" />

<concurrent-kickoff id="1504" timestamp="2019-06-16T01:51:50.005">
  <kickoff reason="threshold reached" targetBytes="1812947" thresholdFreeBytes="259348"  remainingFree="167168" tenureFreeBytes="0" nurseryFreeBytes="167168" />
</concurrent-kickoff>
<exclusive-start id="1505" timestamp="2019-06-16T01:51:50.005" intervalms="22.031">
  <response-info timems="0.105" idlems="0.105" threads="0" lastid="0000000001572D00" lastname="Thread-7" />
</exclusive-start>
<cycle-start id="1506" type="global" contextid="0" timestamp="2019-06-16T01:51:50.005" intervalms="113.152" />
<exclusive-end id="1507" timestamp="2019-06-16T01:51:50.005" durationms="0.119" />

<exclusive-start id="1508" timestamp="2019-06-16T01:51:50.005" intervalms="0.518">
  <response-info timems="0.101" idlems="0.101" threads="1" lastid="000000000157E100" lastname="Thread-9" />
</exclusive-start>
<af-start id="1509" threadId="000000000157AE88" totalBytesRequested="40" timestamp="2019-06-16T01:51:50.006" intervalms="22.523" type="nursery" />
<cycle-start id="1510" type="scavenge" contextid="0" timestamp="2019-06-16T01:51:50.006" intervalms="22.514" />
<gc-start id="1511" type="scavenge" contextid="1510" timestamp="2019-06-16T01:51:50.006">
  <mem-info id="1512" free="0" total="37421056" percent="0">
    <mem type="nursery" free="0" total="32636928" percent="0">
      <mem type="allocate" free="0" total="29294592" percent="0" />
      <mem type="survivor" free="0" total="3342336" percent="0" />
    </mem>
    <mem type="tenure" free="0" total="4784128" percent="0">
      <mem type="soa" free="0" total="4545536" percent="0" />
      <mem type="loa" free="0" total="238592" percent="0" />
    </mem>
    <remembered-set count="5025" />
  </mem-info>
</gc-start>
<allocation-stats totalBytes="28307512" >
  <allocated-bytes non-tlh="40" tlh="28307472" />
  <largest-consumer threadName="Thread-8" threadId="000000000157A500" bytes="9010048" />
</allocation-stats>
<gc-op id="1513" type="scavenge" timems="2.026" contextid="1510" timestamp="2019-06-16T01:51:50.008">
  <scavenger-info tenureage="3" tenuremask="4008" tiltratio="89" />
  <memory-copied type="nursery" objects="17818" bytes="614120" bytesdiscarded="84760" />
  <memory-copied type="tenure" objects="4900" bytes="206952" bytesdiscarded="0" />
  <copy-failed type="tenure" objects="3264" bytes="126360" />
</gc-op>
<heap-resize id="1514" type="expand" space="nursery" amount="1310720" count="1" timems="0.020" reason="excessive time being spent scavenging" timestamp="2019-06-16T01:51:50.008" />
<gc-end id="1515" type="scavenge" contextid="1510" durationms="2.255" usertimems="8.000" systemtimems="0.000" timestamp="2019-06-16T01:51:50.008" activeThreads="4">
  <mem-info id="1516" free="29840896" total="38731776" percent="77">
    <mem type="nursery" free="29840896" total="33947648" percent="87">
      <mem type="allocate" free="29840896" total="30539776" percent="97" />
      <mem type="survivor" free="0" total="3407872" percent="0" />
    </mem>
    <mem type="tenure" free="0" total="4784128" percent="0">
      <mem type="soa" free="0" total="4545536" percent="0" />
      <mem type="loa" free="0" total="238592" percent="0" />
    </mem>
    <remembered-set count="6134" />
  </mem-info>
</gc-end>
<cycle-end id="1517" type="scavenge" contextid="1510" timestamp="2019-06-16T01:51:50.008" />
  <attribute name="elasticGC enabled" value="1" />
  <attribute name= "numThreadsSpecified" value="4" />
  <attribute name="heapSize specified" value="33816576" />
  <attribute name="Current GC Util" value="25" />
  <attribute name= "Current Time Running" value="2296" />
  <attribute name ="GC Interval" value="200" />
  <attribute name="ProportionalT" value="7.500000" />
  <attribute name="ProportionalI" value="7.500000" />
  <attribute name="ProportionalH" value="7.500000" />
  <attribute name="Current Error" value="5.000000" />
  <attribute name="IntegralT" value="115.000000" />
  <attribute name="IntegralI" value="115.000000" />
  <attribute name="IntegralH" value="115.000000" />
  <attribute name="DerivativeT" value="0.217391" />
  <attribute name="DerivativeI" value="0.217391" />
  <attribute name="DerivativeH" value="0.217391" />
  <attribute name="Loop Time for DT" value="23.000000" />
  <attribute name="Output H" value="8388608"/>
  <attribute name="Output I" value="200"/>
  <attribute name="Output T" value="4"/>
  <attribute name="Target GC Util Change" value ="20.000000" />
  <attribute name="Current GC Util Change" value="25.000000"/>
  <attribute name="GC Util currently" value="25" />
  <attribute name="CPU Util currently" value="204867289111" />
<allocation-satisfied id="1518" threadId="000000000157A500" bytesRequested="40" />
<af-end id="1519" timestamp="2019-06-16T01:51:50.008" threadId="000000000157AE88" success="true" from="nursery"/>
<exclusive-end id="1520" timestamp="2019-06-16T01:51:50.008" durationms="2.659" />

<exclusive-start id="1521" timestamp="2019-06-16T01:51:50.034" intervalms="28.317">
  <response-info timems="0.084" idlems="0.063" threads="2" lastid="0000000001576900" lastname="Thread-10" />
</exclusive-start>
<concurrent-collection-start id="1522" timestamp="2019-06-16T01:51:50.034" intervalms="115.995" >
  <concurrent-trace-info reason="card cleaning threshold reached" tracedByMutators="977672" tracedByHelpers="847896" cardsCleaned="266" workStackOverflowCount="0" />
</concurrent-collection-start>
<gc-start id="1523" type="global" contextid="1506" timestamp="2019-06-16T01:51:50.034">
  <mem-info id="1524" free="0" total="38731776" percent="0">
    <mem type="nursery" free="0" total="33947648" percent="0">
      <mem type="allocate" free="0" total="30539776" percent="0" />
      <mem type="survivor" free="0" total="3407872" percent="0" />
    </mem>
    <mem type="tenure" free="0" total="4784128" percent="0">
      <mem type="soa" free="0" total="4545536" percent="0" />
      <mem type="loa" free="0" total="238592" percent="0" />
    </mem>
    <remembered-set count="7281" />
  </mem-info>
</gc-start>
<allocation-stats totalBytes="29837680" >
  <allocated-bytes non-tlh="40" tlh="29837640" />
  <largest-consumer threadName="Thread-8" threadId="000000000157A500" bytes="9272304" />
</allocation-stats>
<gc-op id="1525" type="rs-scan" timems="0.662" contextid="1506" timestamp="2019-06-16T01:51:50.035">
  <scan objectsFound="3022" bytesTraced="283344" workStackOverflowCount="0" />
</gc-op>
<gc-op id="1526" type="card-cleaning" timems="0.403" contextid="1506" timestamp="2019-06-16T01:51:50.035">
  <card-cleaning cardsCleaned="2" bytesTraced="7104" workStackOverflowCount="0" />
</gc-op>
<gc-op id="1527" type="mark" timems="1.258" contextid="1506" timestamp="2019-06-16T01:51:50.037">
  <trace-info objectcount="18782" scancount="18750" scanbytes="864204" />
  <finalization candidates="124" enqueued="0" />
  <ownableSynchronizers candidates="3" cleared="0" />
  <references type="soft" candidates="84" cleared="0" enqueued="0" dynamicThreshold="4" maxThreshold="32" />
  <references type="weak" candidates="693" cleared="0" enqueued="0" />
  <references type="phantom" candidates="38" cleared="0" enqueued="0" />
  <stringconstants candidates="4597" cleared="0"  />
</gc-op>
<gc-op id="1528" type="sweep" timems="0.731" contextid="1506" timestamp="2019-06-16T01:51:50.037" />
<mem-info id="1529" free="30617896" total="38731776" percent="79">
  <mem type="nursery" free="29548872" total="33947648" percent="87">
    <mem type="allocate" free="29548872" total="30539776" percent="96" />
    <mem type="survivor" free="0" total="3407872" percent="0" />
  </mem>
  <mem type="tenure" free="1069024" total="4784128" percent="22" micro-fragmented="21836" macro-fragmented="0">
    <mem type="soa" free="921376" total="4545536" percent="20" />
    <mem type="loa" free="147648" total="238592" percent="61" />
  </mem>
  <remembered-set count="3058" />
</mem-info>
<gc-op id="1530" type="compact" timems="5.556" contextid="1506" timestamp="2019-06-16T01:51:50.043">
  <compact-info movecount="37073" movebytes="1577976" reason="compact to aid heap contraction" />
</gc-op>
<heap-resize id="1531" type="contract" space="tenure" amount="196608" count="1" timems="0.085" reason="heap reconfiguration" timestamp="2019-06-16T01:51:50.044" />
<gc-end id="1532" type="global" contextid="1506" durationms="9.671" usertimems="20.000" systemtimems="0.000" timestamp="2019-06-16T01:51:50.044" activeThreads="4">
  <mem-info id="1533" free="30495704" total="38535168" percent="79">
    <mem type="nursery" free="29588056" total="33947648" percent="87">
      <mem type="allocate" free="29588056" total="30539776" percent="96" />
      <mem type="survivor" free="0" total="3407872" percent="0" />
    </mem>
    <mem type="tenure" free="907648" total="4587520" percent="19">
      <mem type="soa" free="720256" total="4358144" percent="16" />
      <mem type="loa" free="187392" total="229376" percent="81" />
    </mem>
    <remembered-set count="3058" />
  </mem-info>
</gc-end>
<cycle-end id="1534" type="global" contextid="1506" timestamp="2019-06-16T01:51:50.044" />
  <attribute name="elasticGC enabled" value="1" />
  <attribute name= "numThreadsSpecified" value="4" />
  <attribute name="heapSize specified" value="38731776" />
  <attribute name="Current GC Util" value="118" />
  <attribute name= "Current Time Running" value="2333" />
  <attribute name ="GC Interval" value="200" />
  <attribute name="ProportionalT" value="147.000000" />
  <attribute name="ProportionalI" value="147.000000" />
  <attribute name="ProportionalH" value="147.000000" />
  <attribute name="Current Error" value="98.000000" />
  <attribute name="IntegralT" value="490.000000" />
  <attribute name="IntegralI" value="490.000000" />
  <attribute name="IntegralH" value="490.000000" />
  <attribute name="DerivativeT" value="-15.200000" />
  <attribute name="DerivativeI" value="-15.200000" />
  <attribute name="DerivativeH" value="-15.200000" />
  <attribute name="Loop Time for DT" value="5.000000" />
  <attribute name="Output H" value="8388608"/>
  <attribute name="Output I" value="624"/>
  <attribute name="Output T" value="4"/>
  <attribute name="Target GC Util Change" value ="20.000000" />
  <attribute name="Current GC Util Change" value="118.000000"/>
  <attribute name="GC Util currently" value="118" />
  <attribute name="CPU Util currently" value="812998210037" />
<concurrent-collection-end id="1535" timestamp="2019-06-16T01:51:50.044" />
<exclusive-end id="1536" timestamp="2019-06-16T01:51:50.044" durationms="10.115" />

<exclusive-start id="1537" timestamp="2019-06-16T01:51:50.044" intervalms="10.212">
  <response-info timems="0.030" idlems="0.030" threads="0" lastid="000000000157A500" lastname="Thread-8" />
</exclusive-start>
<af-start id="1538" threadId="000000000157AE88" totalBytesRequested="40" timestamp="2019-06-16T01:51:50.044" intervalms="38.527" type="nursery" />
<cycle-start id="1539" type="scavenge" contextid="0" timestamp="2019-06-16T01:51:50.044" intervalms="38.523" />
<gc-start id="1540" type="scavenge" contextid="1539" timestamp="2019-06-16T01:51:50.044">
  <mem-info id="1541" free="30495704" total="38535168" percent="79">
    <mem type="nursery" free="29588056" total="33947648" percent="87">
      <mem type="allocate" free="29588056" total="30539776" percent="96" />
      <mem type="survivor" free="0" total="3407872" percent="0" />
    </mem>
    <mem type="tenure" free="907648" total="4587520" percent="19">
      <mem type="soa" free="720256" total="4358144" percent="16" />
      <mem type="loa" free="187392" total="229376" percent="81" />
    </mem>
    <remembered-set count="3058" />
  </mem-info>
</gc-start>
<allocation-stats totalBytes="0" >
  <allocated-bytes non-tlh="0" tlh="0" />
</allocation-stats>
<gc-op id="1542" type="scavenge" timems="1.251" contextid="1539" timestamp="2019-06-16T01:51:50.046">
  <scavenger-info tenureage="4" tenuremask="4010" tiltratio="89" />
  <memory-copied type="nursery" objects="22128" bytes="944544" bytesdiscarded="97488" />
  <memory-copied type="tenure" objects="299" bytes="7176" bytesdiscarded="0" />
  <ownableSynchronizers candidates="6" cleared="6" />
</gc-op>
<gc-end id="1543" type="scavenge" contextid="1539" durationms="1.425" usertimems="0.000" systemtimems="4.000" timestamp="2019-06-16T01:51:50.046" activeThreads="4">
  <mem-info id="1544" free="30234896" total="38535168" percent="78">
    <mem type="nursery" free="29497744" total="33947648" percent="86">
      <mem type="allocate" free="29497744" total="30539776" percent="96" />
      <mem type="survivor" free="0" total="3407872" percent="0" />
    </mem>
    <mem type="tenure" free="737152" total="4587520" percent="16">
      <mem type="soa" free="549760" total="4358144" percent="12" />
      <mem type="loa" free="187392" total="229376" percent="81" />
    </mem>
    <remembered-set count="2759" />
  </mem-info>
</gc-end>
<cycle-end id="1545" type="scavenge" contextid="1539" timestamp="2019-06-16T01:51:50.046" />
  <attribute name="elasticGC enabled" value="1" />
  <attribute name= "numThreadsSpecified" value="4" />
  <attribute name="heapSize specified" value="38731776" />
  <attribute name="Current GC Util" value="468" />
  <attribute name= "Current Time Running" value="2334" />
  <attribute name ="GC Interval" value="1472" />
  <attribute name="ProportionalT" value="672.000000" />
  <attribute name="ProportionalI" value="672.000000" />
  <attribute name="ProportionalH" value="672.000000" />
  <attribute name="Current Error" value="448.000000" />
  <attribute name="IntegralT" value="448.000000" />
  <attribute name="IntegralI" value="448.000000" />
  <attribute name="IntegralH" value="448.000000" />
  <attribute name="DerivativeT" value="350.000000" />
  <attribute name="DerivativeI" value="350.000000" />
  <attribute name="DerivativeH" value="350.000000" />
  <attribute name="Loop Time for DT" value="1.000000" />
  <attribute name="Output H" value="8388608"/>
  <attribute name="Output I" value="1472"/>
  <attribute name="Output T" value="4"/>
  <attribute name="Target GC Util Change" value ="20.000000" />
  <attribute name="Current GC Util Change" value="468.000000"/>
  <attribute name="GC Util currently" value="468" />
  <attribute name="CPU Util currently" value="4395979678566" />
<allocation-satisfied id="1546" threadId="000000000157A500" bytesRequested="40" />
<af-end id="1547" timestamp="2019-06-16T01:51:50.046" threadId="000000000157AE88" success="true" from="nursery"/>
<exclusive-end id="1548" timestamp="2019-06-16T01:51:50.046" durationms="1.787" />

<exclusive-start id="1549" timestamp="2019-06-16T01:51:50.069" intervalms="25.058">
  <response-info timems="0.028" idlems="0.028" threads="0" lastid="000000000157A500" lastname="Thread-8" />
</exclusive-start>
<af-start id="1550" threadId="000000000157AE88" totalBytesRequested="40" timestamp="2019-06-16T01:51:50.069" intervalms="25.081" type="nursery" />
<cycle-start id="1551" type="scavenge" contextid="0" timestamp="2019-06-16T01:51:50.069" intervalms="25.085" />
<gc-start id="1552" type="scavenge" contextid="1551" timestamp="2019-06-16T01:51:50.069">
  <mem-info id="1553" free="737152" total="38535168" percent="1">
    <mem type="nursery" free="0" total="33947648" percent="0">
      <mem type="allocate" free="0" total="30539776" percent="0" />
      <mem type="survivor" free="0" total="3407872" percent="0" />
    </mem>
    <mem type="tenure" free="737152" total="4587520" percent="16">
      <mem type="soa" free="549760" total="4358144" percent="12" />
      <mem type="loa" free="187392" total="229376" percent="81" />
    </mem>
    <remembered-set count="2934" />
  </mem-info>
</gc-start>
<allocation-stats totalBytes="29494488" >
  <allocated-bytes non-tlh="40" tlh="29494448" />
  <largest-consumer threadName="Thread-7" threadId="0000000001572D00" bytes="9327984" />
</allocation-stats>
<gc-op id="1554" type="scavenge" timems="1.152" contextid="1551" timestamp="2019-06-16T01:51:50.071">
  <scavenger-info tenureage="14" tenuremask="4000" tiltratio="89" />
  <memory-copied type="nursery" objects="24482" bytes="1001264" bytesdiscarded="172096" />
</gc-op>
<gc-end id="1555" type="scavenge" contextid="1551" durationms="1.330" usertimems="4.000" systemtimems="0.000" timestamp="2019-06-16T01:51:50.071" activeThreads="4">
  <mem-info id="1556" free="30103568" total="38535168" percent="78">
    <mem type="nursery" free="29366416" total="33947648" percent="86">
      <mem type="allocate" free="29366416" total="30539776" percent="96" />
      <mem type="survivor" free="0" total="3407872" percent="0" />
    </mem>
    <mem type="tenure" free="737152" total="4587520" percent="16">
      <mem type="soa" free="549760" total="4358144" percent="12" />
      <mem type="loa" free="187392" total="229376" percent="81" />
    </mem>
    <remembered-set count="2933" />
  </mem-info>
</gc-end>
<cycle-end id="1557" type="scavenge" contextid="1551" timestamp="2019-06-16T01:51:50.071" />
  <attribute name="elasticGC enabled" value="1" />
  <attribute name= "numThreadsSpecified" value="4" />
  <attribute name="heapSize specified" value="38731776" />
  <attribute name="Current GC Util" value="13" />
  <attribute name= "Current Time Running" value="2360" />
  <attribute name ="GC Interval" value="200" />
  <attribute name="ProportionalT" value="-10.500000" />
  <attribute name="ProportionalI" value="-10.500000" />
  <attribute name="ProportionalH" value="-10.500000" />
  <attribute name="Current Error" value="-7.000000" />
  <attribute name="IntegralT" value="-182.000000" />
  <attribute name="IntegralI" value="-182.000000" />
  <attribute name="IntegralH" value="-182.000000" />
  <attribute name="DerivativeT" value="-17.500000" />
  <attribute name="DerivativeI" value="-17.500000" />
  <attribute name="DerivativeH" value="-17.500000" />
  <attribute name="Loop Time for DT" value="26.000000" />
  <attribute name="Output H" value="2092630016"/>
  <attribute name="Output I" value="200"/>
  <attribute name="Output T" value="4"/>
  <attribute name="Target GC Util Change" value ="20.000000" />
  <attribute name="Current GC Util Change" value="13.000000"/>
  <attribute name="GC Util currently" value="13" />
  <attribute name="CPU Util currently" value="183764497018" />
<allocation-satisfied id="1558" threadId="000000000157A500" bytesRequested="40" />
<af-end id="1559" timestamp="2019-06-16T01:51:50.071" threadId="000000000157AE88" success="true" from="nursery"/>
<exclusive-end id="1560" timestamp="2019-06-16T01:51:50.071" durationms="1.723" />

<exclusive-start id="1561" timestamp="2019-06-16T01:51:50.094" intervalms="24.608">
  <response-info timems="2.678" idlems="1.352" threads="1" lastid="0000000001576900" lastname="Thread-10" />
</exclusive-start>
<af-start id="1562" threadId="000000000157EA88" totalBytesRequested="40" timestamp="2019-06-16T01:51:50.094" intervalms="24.625" type="nursery" />
<cycle-start id="1563" type="scavenge" contextid="0" timestamp="2019-06-16T01:51:50.094" intervalms="24.635" />
<gc-start id="1564" type="scavenge" contextid="1563" timestamp="2019-06-16T01:51:50.094">
  <mem-info id="1565" free="737152" total="38535168" percent="1">
    <mem type="nursery" free="0" total="33947648" percent="0">
      <mem type="allocate" free="0" total="30539776" percent="0" />
      <mem type="survivor" free="0" total="3407872" percent="0" />
    </mem>
    <mem type="tenure" free="737152" total="4587520" percent="16">
      <mem type="soa" free="549760" total="4358144" percent="12" />
      <mem type="loa" free="187392" total="229376" percent="81" />
    </mem>
    <remembered-set count="3088" />
  </mem-info>
</gc-start>
<allocation-stats totalBytes="29364952" >
  <allocated-bytes non-tlh="40" tlh="29364912" />
  <largest-consumer threadName="Thread-7" threadId="0000000001572D00" bytes="8885736" />
</allocation-stats>
<gc-op id="1566" type="scavenge" timems="1.431" contextid="1563" timestamp="2019-06-16T01:51:50.095">
  <scavenger-info tenureage="4" tenuremask="4010" tiltratio="89" />
  <memory-copied type="nursery" objects="21732" bytes="935024" bytesdiscarded="67840" />
  <memory-copied type="tenure" objects="660" bytes="15840" bytesdiscarded="0" />
</gc-op>
<gc-end id="1567" type="scavenge" contextid="1563" durationms="1.634" usertimems="4.000" systemtimems="0.000" timestamp="2019-06-16T01:51:50.096" activeThreads="4">
  <mem-info id="1568" free="30195728" total="38535168" percent="78">
    <mem type="nursery" free="29536912" total="33947648" percent="87">
      <mem type="allocate" free="29536912" total="30539776" percent="96" />
      <mem type="survivor" free="0" total="3407872" percent="0" />
    </mem>
    <mem type="tenure" free="658816" total="4587520" percent="14">
      <mem type="soa" free="471424" total="4358144" percent="10" />
      <mem type="loa" free="187392" total="229376" percent="81" />
    </mem>
    <remembered-set count="2428" />
  </mem-info>
</gc-end>
<cycle-end id="1569" type="scavenge" contextid="1563" timestamp="2019-06-16T01:51:50.096" />
  <attribute name="elasticGC enabled" value="1" />
  <attribute name= "numThreadsSpecified" value="4" />
  <attribute name="heapSize specified" value="38731776" />
  <attribute name="Current GC Util" value="12" />
  <attribute name= "Current Time Running" value="2384" />
  <attribute name ="GC Interval" value="200" />
  <attribute name="ProportionalT" value="-12.000000" />
  <attribute name="ProportionalI" value="-12.000000" />
  <attribute name="ProportionalH" value="-12.000000" />
  <attribute name="Current Error" value="-8.000000" />
  <attribute name="IntegralT" value="-192.000000" />
  <attribute name="IntegralI" value="-192.000000" />
  <attribute name="IntegralH" value="-192.000000" />
  <attribute name="DerivativeT" value="-0.333333" />
  <attribute name="DerivativeI" value="-0.333333" />
  <attribute name="DerivativeH" value="-0.333333" />
  <attribute name="Loop Time for DT" value="24.000000" />
  <attribute name="Output H" value="2092630016"/>
  <attribute name="Output I" value="200"/>
  <attribute name="Output T" value="4"/>
  <attribute name="Target GC Util Change" value ="20.000000" />
  <attribute name="Current GC Util Change" value="12.000000"/>
  <attribute name="GC Util currently" value="12" />
  <attribute name="CPU Util currently" value="187027790888" />
<allocation-satisfied id="1570" threadId="000000000157E100" bytesRequested="40" />
<af-end id="1571" timestamp="2019-06-16T01:51:50.096" threadId="000000000157EA88" success="true" from="nursery"/>
<exclusive-end id="1572" timestamp="2019-06-16T01:51:50.096" durationms="2.185" />

<exclusive-start id="1573" timestamp="2019-06-16T01:51:50.116" intervalms="21.846">
  <response-info timems="0.028" idlems="0.028" threads="0" lastid="0000000001576900" lastname="Thread-10" />
</exclusive-start>
<af-start id="1574" threadId="0000000001577288" totalBytesRequested="40" timestamp="2019-06-16T01:51:50.116" intervalms="21.904" type="nursery" />
<cycle-start id="1575" type="scavenge" contextid="0" timestamp="2019-06-16T01:51:50.116" intervalms="21.906" />
<gc-start id="1576" type="scavenge" contextid="1575" timestamp="2019-06-16T01:51:50.116">
  <mem-info id="1577" free="658816" total="38535168" percent="1">
    <mem type="nursery" free="0" total="33947648" percent="0">
      <mem type="allocate" free="0" total="30539776" percent="0" />
      <mem type="survivor" free="0" total="3407872" percent="0" />
    </mem>
    <mem type="tenure" free="658816" total="4587520" percent="14">
      <mem type="soa" free="471424" total="4358144" percent="10" />
      <mem type="loa" free="187392" total="229376" percent="81" />
    </mem>
    <remembered-set count="2589" />
  </mem-info>
</gc-start>
<allocation-stats totalBytes="29533640" >
  <allocated-bytes non-tlh="40" tlh="29533600" />
  <largest-consumer threadName="Thread-8" threadId="000000000157A500" bytes="8879216" />
</allocation-stats>
<gc-op id="1578" type="scavenge" timems="0.628" contextid="1575" timestamp="2019-06-16T01:51:50.117">
  <scavenger-info tenureage="14" tenuremask="4000" tiltratio="89" />
  <memory-copied type="nursery" objects="25482" bytes="1024880" bytesdiscarded="201472" />
</gc-op>
<gc-end id="1579" type="scavenge" contextid="1575" durationms="0.981" usertimems="4.000" systemtimems="0.000" timestamp="2019-06-16T01:51:50.117" activeThreads="4">
  <mem-info id="1580" free="29972240" total="38535168" percent="77">
    <mem type="nursery" free="29313424" total="33947648" percent="86">
      <mem type="allocate" free="29313424" total="30539776" percent="95" />
      <mem type="survivor" free="0" total="3407872" percent="0" />
    </mem>
    <mem type="tenure" free="658816" total="4587520" percent="14">
      <mem type="soa" free="471424" total="4358144" percent="10" />
      <mem type="loa" free="187392" total="229376" percent="81" />
    </mem>
    <remembered-set count="2589" />
  </mem-info>
</gc-end>
<cycle-end id="1581" type="scavenge" contextid="1575" timestamp="2019-06-16T01:51:50.117" />
  <attribute name="elasticGC enabled" value="1" />
  <attribute name= "numThreadsSpecified" value="4" />
  <attribute name="heapSize specified" value="38731776" />
  <attribute name="Current GC Util" value="16" />
  <attribute name= "Current Time Running" value="2406" />
  <attribute name ="GC Interval" value="200" />
  <attribute name="ProportionalT" value="-6.000000" />
  <attribute name="ProportionalI" value="-6.000000" />
  <attribute name="ProportionalH" value="-6.000000" />
  <attribute name="Current Error" value="-4.000000" />
  <attribute name="IntegralT" value="-88.000000" />
  <attribute name="IntegralI" value="-88.000000" />
  <attribute name="IntegralH" value="-88.000000" />
  <attribute name="DerivativeT" value="-0.181818" />
  <attribute name="DerivativeI" value="-0.181818" />
  <attribute name="DerivativeH" value="-0.181818" />
  <attribute name="Loop Time for DT" value="22.000000" />
  <attribute name="Output H" value="2092630016"/>
  <attribute name="Output I" value="200"/>
  <attribute name="Output T" value="4"/>
  <attribute name="Target GC Util Change" value ="20.000000" />
  <attribute name="Current GC Util Change" value="16.000000"/>
  <attribute name="GC Util currently" value="16" />
  <attribute name="CPU Util currently" value="210519372646" />
<allocation-satisfied id="1582" threadId="0000000001576900" bytesRequested="40" />
<af-end id="1583" timestamp="2019-06-16T01:51:50.117" threadId="0000000001577288" success="true" from="nursery"/>
<exclusive-end id="1584" timestamp="2019-06-16T01:51:50.117" durationms="1.589" />

<exclusive-start id="1585" timestamp="2019-06-16T01:51:50.142" intervalms="26.627">
  <response-info timems="2.295" idlems="1.168" threads="1" lastid="0000000001576900" lastname="Thread-10" />
</exclusive-start>
<af-start id="1586" threadId="000000000157EA88" totalBytesRequested="24" timestamp="2019-06-16T01:51:50.142" intervalms="26.604" type="nursery" />
<cycle-start id="1587" type="scavenge" contextid="0" timestamp="2019-06-16T01:51:50.142" intervalms="26.663" />
<gc-start id="1588" type="scavenge" contextid="1587" timestamp="2019-06-16T01:51:50.143">
  <mem-info id="1589" free="658816" total="38535168" percent="1">
    <mem type="nursery" free="0" total="33947648" percent="0">
      <mem type="allocate" free="0" total="30539776" percent="0" />
      <mem type="survivor" free="0" total="3407872" percent="0" />
    </mem>
    <mem type="tenure" free="658816" total="4587520" percent="14">
      <mem type="soa" free="471424" total="4358144" percent="10" />
      <mem type="loa" free="187392" total="229376" percent="81" />
    </mem>
    <remembered-set count="2814" />
  </mem-info>
</gc-start>
<allocation-stats totalBytes="29312320" >
  <allocated-bytes non-tlh="40" tlh="29312280" />
  <largest-consumer threadName="Thread-8" threadId="000000000157A500" bytes="10143712" />
</allocation-stats>
<gc-op id="1590" type="scavenge" timems="2.371" contextid="1587" timestamp="2019-06-16T01:51:50.145">
  <scavenger-info tenureage="4" tenuremask="4090" tiltratio="89" />
  <memory-copied type="nursery" objects="16779" bytes="540736" bytesdiscarded="141248" />
  <memory-copied type="tenure" objects="12121" bytes="565656" bytesdiscarded="24" />
</gc-op>
<heap-resize id="1591" type="expand" space="nursery" amount="1310720" count="1" timems="0.015" reason="excessive time being spent scavenging" timestamp="2019-06-16T01:51:50.145" />
<gc-end id="1592" type="scavenge" contextid="1587" durationms="2.858" usertimems="8.000" systemtimems="0.000" timestamp="2019-06-16T01:51:50.145" activeThreads="4">
  <mem-info id="1593" free="31224832" total="39845888" percent="78">
    <mem type="nursery" free="31037440" total="35258368" percent="88">
      <mem type="allocate" free="31037440" total="31719424" percent="97" />
      <mem type="survivor" free="0" total="3538944" percent="0" />
    </mem>
    <mem type="tenure" free="187392" total="4587520" percent="4">
      <mem type="soa" free="0" total="4358144" percent="0" />
      <mem type="loa" free="187392" total="229376" percent="81" />
    </mem>
    <remembered-set count="9203" />
  </mem-info>
</gc-end>
<cycle-end id="1594" type="scavenge" contextid="1587" timestamp="2019-06-16T01:51:50.146" />
  <attribute name="elasticGC enabled" value="1" />
  <attribute name= "numThreadsSpecified" value="4" />
  <attribute name="heapSize specified" value="38731776" />
  <attribute name="Current GC Util" value="8" />
  <attribute name= "Current Time Running" value="2433" />
  <attribute name ="GC Interval" value="200" />
  <attribute name="ProportionalT" value="-18.000000" />
  <attribute name="ProportionalI" value="-18.000000" />
  <attribute name="ProportionalH" value="-18.000000" />
  <attribute name="Current Error" value="-12.000000" />
  <attribute name="IntegralT" value="-324.000000" />
  <attribute name="IntegralI" value="-324.000000" />
  <attribute name="IntegralH" value="-324.000000" />
  <attribute name="DerivativeT" value="-0.444444" />
  <attribute name="DerivativeI" value="-0.444444" />
  <attribute name="DerivativeH" value="-0.444444" />
  <attribute name="Loop Time for DT" value="27.000000" />
  <attribute name="Output H" value="2092630016"/>
  <attribute name="Output I" value="200"/>
  <attribute name="Output T" value="4"/>
  <attribute name="Target GC Util Change" value ="20.000000" />
  <attribute name="Current GC Util Change" value="8.000000"/>
  <attribute name="GC Util currently" value="8" />
  <attribute name="CPU Util currently" value="171826334914" />
<allocation-satisfied id="1595" threadId="000000000157E100" bytesRequested="24" />
<af-end id="1596" timestamp="2019-06-16T01:51:50.146" threadId="000000000157EA88" success="true" from="nursery"/>
<exclusive-end id="1597" timestamp="2019-06-16T01:51:50.146" durationms="3.635" />

<concurrent-kickoff id="1598" timestamp="2019-06-16T01:51:50.172">
  <kickoff reason="threshold reached" targetBytes="1737906" thresholdFreeBytes="249705"  remainingFree="215040" tenureFreeBytes="187392" nurseryFreeBytes="215040" />
</concurrent-kickoff>
<exclusive-start id="1599" timestamp="2019-06-16T01:51:50.172" intervalms="30.308">
  <response-info timems="0.078" idlems="0.042" threads="1" lastid="000000000157A500" lastname="Thread-8" />
</exclusive-start>
<cycle-start id="1600" type="global" contextid="0" timestamp="2019-06-16T01:51:50.173" intervalms="167.540" />
<exclusive-end id="1601" timestamp="2019-06-16T01:51:50.173" durationms="0.166" />

<exclusive-start id="1602" timestamp="2019-06-16T01:51:50.173" intervalms="0.654">
  <response-info timems="0.031" idlems="0.031" threads="0" lastid="000000000157A500" lastname="Thread-8" />
</exclusive-start>
<af-start id="1603" threadId="000000000157AE88" totalBytesRequested="40" timestamp="2019-06-16T01:51:50.173" intervalms="30.897" type="nursery" />
<cycle-start id="1604" type="scavenge" contextid="0" timestamp="2019-06-16T01:51:50.173" intervalms="30.829" />
<gc-start id="1605" type="scavenge" contextid="1604" timestamp="2019-06-16T01:51:50.173">
  <mem-info id="1606" free="187392" total="39845888" percent="0">
    <mem type="nursery" free="0" total="35258368" percent="0">
      <mem type="allocate" free="0" total="31719424" percent="0" />
      <mem type="survivor" free="0" total="3538944" percent="0" />
    </mem>
    <mem type="tenure" free="187392" total="4587520" percent="4">
      <mem type="soa" free="0" total="4358144" percent="0" />
      <mem type="loa" free="187392" total="229376" percent="81" />
    </mem>
    <remembered-set count="11161" />
  </mem-info>
</gc-start>
<allocation-stats totalBytes="31033656" >
  <allocated-bytes non-tlh="24" tlh="31033632" />
  <largest-consumer threadName="Thread-10" threadId="0000000001576900" bytes="11211472" />
</allocation-stats>
<gc-op id="1607" type="scavenge" timems="1.019" contextid="1604" timestamp="2019-06-16T01:51:50.174">
  <scavenger-info tenureage="3" tenuremask="4058" tiltratio="89" />
  <memory-copied type="nursery" objects="15969" bytes="522328" bytesdiscarded="221096" />
  <memory-copied type="tenure" objects="9355" bytes="361896" bytesdiscarded="80" />
  <heap-resize type="expand" space="tenure" amount="327680" count="5" timems="0.077" reason="continue current collection" />
</gc-op>
<gc-end id="1608" type="scavenge" contextid="1604" durationms="1.216" usertimems="4.000" systemtimems="0.000" timestamp="2019-06-16T01:51:50.175" activeThreads="4">
  <mem-info id="1609" free="31063296" total="40173568" percent="77">
    <mem type="nursery" free="30976000" total="35258368" percent="87">
      <mem type="allocate" free="30976000" total="31719424" percent="97" />
      <mem type="survivor" free="0" total="3538944" percent="0" />
    </mem>
    <mem type="tenure" free="87296" total="4915200" percent="1">
      <mem type="soa" free="0" total="4669440" percent="0" />
      <mem type="loa" free="87296" total="245760" percent="35" />
    </mem>
    <remembered-set count="9825" />
  </mem-info>
</gc-end>
<cycle-end id="1610" type="scavenge" contextid="1604" timestamp="2019-06-16T01:51:50.175" />
  <attribute name="elasticGC enabled" value="1" />
  <attribute name= "numThreadsSpecified" value="4" />
  <attribute name="heapSize specified" value="38731776" />
  <attribute name="Current GC Util" value="17" />
  <attribute name= "Current Time Running" value="2464" />
  <attribute name ="GC Interval" value="200" />
  <attribute name="ProportionalT" value="-4.500000" />
  <attribute name="ProportionalI" value="-4.500000" />
  <attribute name="ProportionalH" value="-4.500000" />
  <attribute name="Current Error" value="-3.000000" />
  <attribute name="IntegralT" value="-93.000000" />
  <attribute name="IntegralI" value="-93.000000" />
  <attribute name="IntegralH" value="-93.000000" />
  <attribute name="DerivativeT" value="-0.096774" />
  <attribute name="DerivativeI" value="-0.096774" />
  <attribute name="DerivativeH" value="-0.096774" />
  <attribute name="Loop Time for DT" value="31.000000" />
  <attribute name="Output H" value="2092630016"/>
  <attribute name="Output I" value="200"/>
  <attribute name="Output T" value="4"/>
  <attribute name="Target GC Util Change" value ="20.000000" />
  <attribute name="Current GC Util Change" value="17.000000"/>
  <attribute name="GC Util currently" value="17" />
  <attribute name="CPU Util currently" value="150398454464" />
<allocation-satisfied id="1611" threadId="000000000157A500" bytesRequested="40" />
<af-end id="1612" timestamp="2019-06-16T01:51:50.175" threadId="000000000157AE88" success="true" from="nursery"/>
<exclusive-end id="1613" timestamp="2019-06-16T01:51:50.175" durationms="1.621" />

<exclusive-start id="1614" timestamp="2019-06-16T01:51:50.214" intervalms="41.274">
  <response-info timems="0.033" idlems="0.033" threads="0" lastid="0000000001576900" lastname="Thread-10" />
</exclusive-start>
<concurrent-collection-start id="1615" timestamp="2019-06-16T01:51:50.215" intervalms="180.599" >
  <concurrent-trace-info reason="card cleaning threshold reached" tracedByMutators="614872" tracedByHelpers="1471908" cardsCleaned="154" workStackOverflowCount="0" />
</concurrent-collection-start>
<gc-start id="1616" type="global" contextid="1600" timestamp="2019-06-16T01:51:50.215">
  <mem-info id="1617" free="87296" total="40173568" percent="0">
    <mem type="nursery" free="0" total="35258368" percent="0">
      <mem type="allocate" free="0" total="31719424" percent="0" />
      <mem type="survivor" free="0" total="3538944" percent="0" />
    </mem>
    <mem type="tenure" free="87296" total="4915200" percent="1">
      <mem type="soa" free="0" total="4669440" percent="0" />
      <mem type="loa" free="87296" total="245760" percent="35" />
    </mem>
    <remembered-set count="10255" />
  </mem-info>
</gc-start>
<allocation-stats totalBytes="30974432" >
  <allocated-bytes non-tlh="40" tlh="30974392" />
  <largest-consumer threadName="Thread-10" threadId="0000000001576900" bytes="10495400" />
</allocation-stats>
<gc-op id="1618" type="rs-scan" timems="0.953" contextid="1600" timestamp="2019-06-16T01:51:50.216">
  <scan objectsFound="7065" bytesTraced="623492" workStackOverflowCount="0" />
</gc-op>
<gc-op id="1619" type="card-cleaning" timems="0.263" contextid="1600" timestamp="2019-06-16T01:51:50.216">
  <card-cleaning cardsCleaned="3" bytesTraced="5832" workStackOverflowCount="0" />
</gc-op>
<gc-op id="1620" type="mark" timems="1.573" contextid="1600" timestamp="2019-06-16T01:51:50.218">
  <trace-info objectcount="20575" scancount="20543" scanbytes="907268" />
  <finalization candidates="124" enqueued="0" />
  <ownableSynchronizers candidates="3" cleared="0" />
  <references type="soft" candidates="84" cleared="0" enqueued="0" dynamicThreshold="6" maxThreshold="32" />
  <references type="weak" candidates="693" cleared="0" enqueued="0" />
  <references type="phantom" candidates="38" cleared="0" enqueued="0" />
  <stringconstants candidates="4597" cleared="0"  />
</gc-op>
<gc-op id="1621" type="sweep" timems="0.661" contextid="1600" timestamp="2019-06-16T01:51:50.218" />
<mem-info id="1622" free="31502944" total="40173568" percent="78">
  <mem type="nursery" free="30581440" total="35258368" percent="86">
    <mem type="allocate" free="30581440" total="31719424" percent="96" />
    <mem type="survivor" free="0" total="3538944" percent="0" />
  </mem>
  <mem type="tenure" free="921504" total="4915200" percent="18" micro-fragmented="0" macro-fragmented="0">
    <mem type="soa" free="784768" total="4669440" percent="16" />
    <mem type="loa" free="136736" total="245760" percent="55" />
  </mem>
  <remembered-set count="7103" />
</mem-info>
<gc-op id="1623" type="compact" timems="6.419" contextid="1600" timestamp="2019-06-16T01:51:50.225">
  <compact-info movecount="42658" movebytes="1712048" reason="compact to aid heap contraction" />
</gc-op>
<heap-resize id="1624" type="contract" space="tenure" amount="196608" count="1" timems="0.069" reason="heap reconfiguration" timestamp="2019-06-16T01:51:50.225" />
<gc-end id="1625" type="global" contextid="1600" durationms="10.842" usertimems="16.000" systemtimems="4.000" timestamp="2019-06-16T01:51:50.225" activeThreads="4">
  <mem-info id="1626" free="31364896" total="39976960" percent="78">
    <mem type="nursery" free="30603032" total="35258368" percent="86">
      <mem type="allocate" free="30603032" total="31719424" percent="96" />
      <mem type="survivor" free="0" total="3538944" percent="0" />
    </mem>
    <mem type="tenure" free="761864" total="4718592" percent="16">
      <mem type="soa" free="575496" total="4483072" percent="12" />
      <mem type="loa" free="186368" total="235520" percent="79" />
    </mem>
    <remembered-set count="7103" />
  </mem-info>
</gc-end>
<cycle-end id="1627" type="global" contextid="1600" timestamp="2019-06-16T01:51:50.226" />
  <attribute name="elasticGC enabled" value="1" />
  <attribute name= "numThreadsSpecified" value="4" />
  <attribute name="heapSize specified" value="40173568" />
  <attribute name="Current GC Util" value="109" />
  <attribute name= "Current Time Running" value="2515" />
  <attribute name ="GC Interval" value="200" />
  <attribute name="ProportionalT" value="133.500000" />
  <attribute name="ProportionalI" value="133.500000" />
  <attribute name="ProportionalH" value="133.500000" />
  <attribute name="Current Error" value="89.000000" />
  <attribute name="IntegralT" value="534.000000" />
  <attribute name="IntegralI" value="534.000000" />
  <attribute name="IntegralH" value="534.000000" />
  <attribute name="DerivativeT" value="-9.000000" />
  <attribute name="DerivativeI" value="-9.000000" />
  <attribute name="DerivativeH" value="-9.000000" />
  <attribute name="Loop Time for DT" value="6.000000" />
  <attribute name="Output H" value="8388608"/>
  <attribute name="Output I" value="664"/>
  <attribute name="Output T" value="4"/>
  <attribute name="Target GC Util Change" value ="20.000000" />
  <attribute name="Current GC Util Change" value="109.000000"/>
  <attribute name="GC Util currently" value="109" />
  <attribute name="CPU Util currently" value="709556197907" />
<concurrent-collection-end id="1628" timestamp="2019-06-16T01:51:50.226" />
<exclusive-end id="1629" timestamp="2019-06-16T01:51:50.226" durationms="11.305" />

<exclusive-start id="1630" timestamp="2019-06-16T01:51:50.252" intervalms="37.356">
  <response-info timems="0.037" idlems="0.037" threads="1" lastid="0000000001576900" lastname="Thread-10" />
</exclusive-start>
<af-start id="1631" threadId="000000000157AE88" totalBytesRequested="40" timestamp="2019-06-16T01:51:50.252" intervalms="78.683" type="nursery" />
<cycle-start id="1632" type="scavenge" contextid="0" timestamp="2019-06-16T01:51:50.252" intervalms="78.686" />
<gc-start id="1633" type="scavenge" contextid="1632" timestamp="2019-06-16T01:51:50.252">
  <mem-info id="1634" free="761864" total="39976960" percent="1">
    <mem type="nursery" free="0" total="35258368" percent="0">
      <mem type="allocate" free="0" total="31719424" percent="0" />
      <mem type="survivor" free="0" total="3538944" percent="0" />
    </mem>
    <mem type="tenure" free="761864" total="4718592" percent="16">
      <mem type="soa" free="575496" total="4483072" percent="12" />
      <mem type="loa" free="186368" total="235520" percent="79" />
    </mem>
    <remembered-set count="7308" />
  </mem-info>
</gc-start>
<allocation-stats totalBytes="30601832" >
  <allocated-bytes non-tlh="0" tlh="30601832" />
  <largest-consumer threadName="Thread-10" threadId="0000000001576900" bytes="11826456" />
</allocation-stats>
<gc-op id="1635" type="scavenge" timems="1.233" contextid="1632" timestamp="2019-06-16T01:51:50.253">
  <scavenger-info tenureage="3" tenuremask="4008" tiltratio="89" />
  <memory-copied type="nursery" objects="27629" bytes="1076512" bytesdiscarded="134888" />
  <memory-copied type="tenure" objects="2403" bytes="57672" bytesdiscarded="0" />
  <ownableSynchronizers candidates="6" cleared="6" />
</gc-op>
<gc-end id="1636" type="scavenge" contextid="1632" durationms="1.593" usertimems="4.000" systemtimems="0.000" timestamp="2019-06-16T01:51:50.254" activeThreads="4">
  <mem-info id="1637" free="31021056" total="39976960" percent="77">
    <mem type="nursery" free="30508024" total="35258368" percent="86">
      <mem type="allocate" free="30508024" total="31719424" percent="96" />
      <mem type="survivor" free="0" total="3538944" percent="0" />
    </mem>
    <mem type="tenure" free="513032" total="4718592" percent="10">
      <mem type="soa" free="326664" total="4483072" percent="7" />
      <mem type="loa" free="186368" total="235520" percent="79" />
    </mem>
    <remembered-set count="4905" />
  </mem-info>
</gc-end>
<cycle-end id="1638" type="scavenge" contextid="1632" timestamp="2019-06-16T01:51:50.254" />
  <attribute name="elasticGC enabled" value="1" />
  <attribute name= "numThreadsSpecified" value="4" />
  <attribute name="heapSize specified" value="40173568" />
  <attribute name="Current GC Util" value="27" />
  <attribute name= "Current Time Running" value="2542" />
  <attribute name ="GC Interval" value="200" />
  <attribute name="ProportionalT" value="10.500000" />
  <attribute name="ProportionalI" value="10.500000" />
  <attribute name="ProportionalH" value="10.500000" />
  <attribute name="Current Error" value="7.000000" />
  <attribute name="IntegralT" value="189.000000" />
  <attribute name="IntegralI" value="189.000000" />
  <attribute name="IntegralH" value="189.000000" />
  <attribute name="DerivativeT" value="-3.037037" />
  <attribute name="DerivativeI" value="-3.037037" />
  <attribute name="DerivativeH" value="-3.037037" />
  <attribute name="Loop Time for DT" value="27.000000" />
  <attribute name="Output H" value="8388608"/>
  <attribute name="Output I" value="200"/>
  <attribute name="Output T" value="4"/>
  <attribute name="Target GC Util Change" value ="20.000000" />
  <attribute name="Current GC Util Change" value="27.000000"/>
  <attribute name="GC Util currently" value="27" />
  <attribute name="CPU Util currently" value="170566413991" />
<allocation-satisfied id="1639" threadId="000000000157A500" bytesRequested="40" />
<af-end id="1640" timestamp="2019-06-16T01:51:50.254" threadId="000000000157AE88" success="true" from="nursery"/>
<exclusive-end id="1641" timestamp="2019-06-16T01:51:50.254" durationms="2.177" />

<concurrent-kickoff id="1642" timestamp="2019-06-16T01:51:50.279">
  <kickoff reason="threshold reached" targetBytes="1826119" thresholdFreeBytes="261889"  remainingFree="230352" tenureFreeBytes="513032" nurseryFreeBytes="230352" />
</concurrent-kickoff>
<exclusive-start id="1643" timestamp="2019-06-16T01:51:50.280" intervalms="27.801">
  <response-info timems="0.029" idlems="0.029" threads="0" lastid="0000000001576900" lastname="Thread-10" />
</exclusive-start>
<cycle-start id="1644" type="global" contextid="0" timestamp="2019-06-16T01:51:50.280" intervalms="107.080" />
<exclusive-end id="1645" timestamp="2019-06-16T01:51:50.280" durationms="0.197" />

<exclusive-start id="1646" timestamp="2019-06-16T01:51:50.280" intervalms="0.702">
  <response-info timems="0.037" idlems="0.037" threads="0" lastid="0000000001576900" lastname="Thread-10" />
</exclusive-start>
<af-start id="1647" threadId="0000000001577288" totalBytesRequested="40" timestamp="2019-06-16T01:51:50.280" intervalms="28.456" type="nursery" />
<cycle-start id="1648" type="scavenge" contextid="0" timestamp="2019-06-16T01:51:50.280" intervalms="28.467" />
<gc-start id="1649" type="scavenge" contextid="1648" timestamp="2019-06-16T01:51:50.280">
  <mem-info id="1650" free="513032" total="39976960" percent="1">
    <mem type="nursery" free="0" total="35258368" percent="0">
      <mem type="allocate" free="0" total="31719424" percent="0" />
      <mem type="survivor" free="0" total="3538944" percent="0" />
    </mem>
    <mem type="tenure" free="513032" total="4718592" percent="10">
      <mem type="soa" free="326664" total="4483072" percent="7" />
      <mem type="loa" free="186368" total="235520" percent="79" />
    </mem>
    <remembered-set count="5098" />
  </mem-info>
</gc-start>
<allocation-stats totalBytes="30505328" >
  <allocated-bytes non-tlh="40" tlh="30505288" />
  <largest-consumer threadName="Thread-10" threadId="0000000001576900" bytes="11893712" />
</allocation-stats>
<gc-op id="1651" type="scavenge" timems="1.712" contextid="1648" timestamp="2019-06-16T01:51:50.282">
  <scavenger-info tenureage="14" tenuremask="4000" tiltratio="89" />
  <memory-copied type="nursery" objects="31042" bytes="1158976" bytesdiscarded="64160" />
</gc-op>
<gc-end id="1652" type="scavenge" contextid="1648" durationms="1.923" usertimems="4.000" systemtimems="0.000" timestamp="2019-06-16T01:51:50.282" activeThreads="4">
  <mem-info id="1653" free="31009320" total="39976960" percent="77">
    <mem type="nursery" free="30496288" total="35258368" percent="86">
      <mem type="allocate" free="30496288" total="31719424" percent="96" />
      <mem type="survivor" free="0" total="3538944" percent="0" />
    </mem>
    <mem type="tenure" free="513032" total="4718592" percent="10">
      <mem type="soa" free="326664" total="4483072" percent="7" />
      <mem type="loa" free="186368" total="235520" percent="79" />
    </mem>
    <remembered-set count="5096" />
  </mem-info>
</gc-end>
<cycle-end id="1654" type="scavenge" contextid="1648" timestamp="2019-06-16T01:51:50.282" />
  <attribute name="elasticGC enabled" value="1" />
  <attribute name= "numThreadsSpecified" value="4" />
  <attribute name="heapSize specified" value="40173568" />
  <attribute name="Current GC Util" value="11" />
  <attribute name= "Current Time Running" value="2571" />
  <attribute name ="GC Interval" value="200" />
  <attribute name="ProportionalT" value="-13.500000" />
  <attribute name="ProportionalI" value="-13.500000" />
  <attribute name="ProportionalH" value="-13.500000" />
  <attribute name="Current Error" value="-9.000000" />
  <attribute name="IntegralT" value="-261.000000" />
  <attribute name="IntegralI" value="-261.000000" />
  <attribute name="IntegralH" value="-261.000000" />
  <attribute name="DerivativeT" value="-0.551724" />
  <attribute name="DerivativeI" value="-0.551724" />
  <attribute name="DerivativeH" value="-0.551724" />
  <attribute name="Loop Time for DT" value="29.000000" />
  <attribute name="Output H" value="2092630016"/>
  <attribute name="Output I" value="200"/>
  <attribute name="Output T" value="4"/>
  <attribute name="Target GC Util Change" value ="20.000000" />
  <attribute name="Current GC Util Change" value="11.000000"/>
  <attribute name="GC Util currently" value="11" />
  <attribute name="CPU Util currently" value="161805016692" />
<allocation-satisfied id="1655" threadId="0000000001576900" bytesRequested="40" />
<af-end id="1656" timestamp="2019-06-16T01:51:50.283" threadId="0000000001577288" success="true" from="nursery"/>
<exclusive-end id="1657" timestamp="2019-06-16T01:51:50.283" durationms="2.415" />

<exclusive-start id="1658" timestamp="2019-06-16T01:51:50.312" intervalms="31.461">
  <response-info timems="0.036" idlems="0.036" threads="0" lastid="000000000157E100" lastname="Thread-9" />
</exclusive-start>
<af-start id="1659" threadId="000000000157EA88" totalBytesRequested="40" timestamp="2019-06-16T01:51:50.312" intervalms="31.506" type="nursery" />
<cycle-start id="1660" type="scavenge" contextid="0" timestamp="2019-06-16T01:51:50.312" intervalms="31.494" />
<gc-start id="1661" type="scavenge" contextid="1660" timestamp="2019-06-16T01:51:50.312">
  <mem-info id="1662" free="513032" total="39976960" percent="1">
    <mem type="nursery" free="0" total="35258368" percent="0">
      <mem type="allocate" free="0" total="31719424" percent="0" />
      <mem type="survivor" free="0" total="3538944" percent="0" />
    </mem>
    <mem type="tenure" free="513032" total="4718592" percent="10">
      <mem type="soa" free="326664" total="4483072" percent="7" />
      <mem type="loa" free="186368" total="235520" percent="79" />
    </mem>
    <remembered-set count="5368" />
  </mem-info>
</gc-start>
<allocation-stats totalBytes="30495288" >
  <allocated-bytes non-tlh="40" tlh="30495248" />
  <largest-consumer threadName="Thread-9" threadId="000000000157E100" bytes="10321384" />
</allocation-stats>
<gc-op id="1663" type="scavenge" timems="1.890" contextid="1660" timestamp="2019-06-16T01:51:50.314">
  <scavenger-info tenureage="2" tenuremask="401c" tiltratio="89" />
  <memory-copied type="nursery" objects="8444" bytes="341208" bytesdiscarded="170280" />
  <memory-copied type="tenure" objects="20437" bytes="765240" bytesdiscarded="152" />
  <heap-resize type="expand" space="tenure" amount="393216" count="6" timems="0.101" reason="continue current collection" />
</gc-op>
<gc-end id="1664" type="scavenge" contextid="1660" durationms="2.106" usertimems="4.000" systemtimems="0.000" timestamp="2019-06-16T01:51:50.314" activeThreads="4">
  <mem-info id="1665" free="31321600" total="40370176" percent="77">
    <mem type="nursery" free="31207936" total="35258368" percent="88">
      <mem type="allocate" free="31207936" total="31719424" percent="98" />
      <mem type="survivor" free="0" total="3538944" percent="0" />
    </mem>
    <mem type="tenure" free="113664" total="5111808" percent="2">
      <mem type="soa" free="0" total="4856832" percent="0" />
      <mem type="loa" free="113664" total="254976" percent="44" />
    </mem>
    <remembered-set count="2524" />
  </mem-info>
</gc-end>
<cycle-end id="1666" type="scavenge" contextid="1660" timestamp="2019-06-16T01:51:50.314" />
  <attribute name="elasticGC enabled" value="1" />
  <attribute name= "numThreadsSpecified" value="4" />
  <attribute name="heapSize specified" value="40173568" />
  <attribute name="Current GC Util" value="15" />
  <attribute name= "Current Time Running" value="2602" />
  <attribute name ="GC Interval" value="200" />
  <attribute name="ProportionalT" value="-7.500000" />
  <attribute name="ProportionalI" value="-7.500000" />
  <attribute name="ProportionalH" value="-7.500000" />
  <attribute name="Current Error" value="-5.000000" />
  <attribute name="IntegralT" value="-155.000000" />
  <attribute name="IntegralI" value="-155.000000" />
  <attribute name="IntegralH" value="-155.000000" />
  <attribute name="DerivativeT" value="-0.161290" />
  <attribute name="DerivativeI" value="-0.161290" />
  <attribute name="DerivativeH" value="-0.161290" />
  <attribute name="Loop Time for DT" value="31.000000" />
  <attribute name="Output H" value="2092630016"/>
  <attribute name="Output I" value="200"/>
  <attribute name="Output T" value="4"/>
  <attribute name="Target GC Util Change" value ="20.000000" />
  <attribute name="Current GC Util Change" value="15.000000"/>
  <attribute name="GC Util currently" value="15" />
  <attribute name="CPU Util currently" value="146393784102" />
<allocation-satisfied id="1667" threadId="000000000157E100" bytesRequested="40" />
<af-end id="1668" timestamp="2019-06-16T01:51:50.314" threadId="000000000157EA88" success="true" from="nursery"/>
<exclusive-end id="1669" timestamp="2019-06-16T01:51:50.314" durationms="2.730" />

<exclusive-start id="1670" timestamp="2019-06-16T01:51:50.342" intervalms="30.274">
  <response-info timems="0.034" idlems="0.034" threads="0" lastid="000000000157E100" lastname="Thread-9" />
</exclusive-start>
<af-start id="1671" threadId="000000000157EA88" totalBytesRequested="24" timestamp="2019-06-16T01:51:50.342" intervalms="30.266" type="nursery" />
<percolate-collect id="1672" from="nursery" to="global" reason="concurrent mark exhausted" timestamp="2019-06-16T01:51:50.342"/>
<gc-start id="1673" type="global" contextid="1644" timestamp="2019-06-16T01:51:50.342">
  <mem-info id="1674" free="113664" total="40370176" percent="0">
    <mem type="nursery" free="0" total="35258368" percent="0">
      <mem type="allocate" free="0" total="31719424" percent="0" />
      <mem type="survivor" free="0" total="3538944" percent="0" />
    </mem>
    <mem type="tenure" free="113664" total="5111808" percent="2">
      <mem type="soa" free="0" total="4856832" percent="0" />
      <mem type="loa" free="113664" total="254976" percent="44" />
    </mem>
    <remembered-set count="3169" />
  </mem-info>
</gc-start>
<allocation-stats totalBytes="31207312" >
  <allocated-bytes non-tlh="40" tlh="31207272" />
  <largest-consumer threadName="Thread-10" threadId="0000000001576900" bytes="10755784" />
</allocation-stats>
<concurrent-halted id="1675" timestamp="2019-06-16T01:51:50.342">
  <halted state="Complete" status="exhausted" />
  <traced bytesTarget="1976891" bytesTotal="1565756" bytesByMutator="590432" bytesByHelper="975324" percent="79" />
  <cards cleaned="352" thresholdBytes="103168" />
</concurrent-halted>
<gc-op id="1676" type="rs-scan" timems="0.580" contextid="1644" timestamp="2019-06-16T01:51:50.343">
  <scan objectsFound="752" bytesTraced="73444" workStackOverflowCount="0" />
</gc-op>
<gc-op id="1677" type="card-cleaning" timems="0.411" contextid="1644" timestamp="2019-06-16T01:51:50.343">
  <card-cleaning cardsCleaned="3" bytesTraced="6168" workStackOverflowCount="0" />
</gc-op>
<gc-op id="1678" type="mark" timems="1.580" contextid="1644" timestamp="2019-06-16T01:51:50.345">
  <trace-info objectcount="19331" scancount="19299" scanbytes="877836" />
  <finalization candidates="124" enqueued="0" />
  <ownableSynchronizers candidates="3" cleared="0" />
  <references type="soft" candidates="84" cleared="0" enqueued="0" dynamicThreshold="5" maxThreshold="32" />
  <references type="weak" candidates="693" cleared="0" enqueued="0" />
  <references type="phantom" candidates="38" cleared="0" enqueued="0" />
  <stringconstants candidates="4597" cleared="0"  />
</gc-op>
<gc-op id="1679" type="sweep" timems="0.587" contextid="1644" timestamp="2019-06-16T01:51:50.346" />
<mem-info id="1680" free="32407616" total="40370176" percent="80">
  <mem type="nursery" free="31029600" total="35258368" percent="88">
    <mem type="allocate" free="31029600" total="31719424" percent="97" />
    <mem type="survivor" free="0" total="3538944" percent="0" />
  </mem>
  <mem type="tenure" free="1378016" total="5111808" percent="26" micro-fragmented="0" macro-fragmented="0">
    <mem type="soa" free="1255856" total="4856832" percent="25" />
    <mem type="loa" free="122160" total="254976" percent="47" />
  </mem>
  <remembered-set count="1912" />
</mem-info>
<gc-op id="1681" type="compact" timems="5.165" contextid="1644" timestamp="2019-06-16T01:51:50.351">
  <compact-info movecount="27793" movebytes="1218336" reason="compact to aid heap contraction" />
</gc-op>
<heap-resize id="1682" type="contract" space="tenure" amount="196608" count="1" timems="0.076" reason="heap reconfiguration" timestamp="2019-06-16T01:51:50.351" />
<gc-end id="1683" type="global" contextid="1644" durationms="9.330" usertimems="12.000" systemtimems="4.000" timestamp="2019-06-16T01:51:50.352" activeThreads="4">
  <mem-info id="1684" free="32340912" total="40173568" percent="80">
    <mem type="nursery" free="31097680" total="35258368" percent="88">
      <mem type="allocate" free="31097680" total="31719424" percent="98" />
      <mem type="survivor" free="0" total="3538944" percent="0" />
    </mem>
    <mem type="tenure" free="1243232" total="4915200" percent="25">
      <mem type="soa" free="1055840" total="4669440" percent="22" />
      <mem type="loa" free="187392" total="245760" percent="76" />
    </mem>
    <remembered-set count="1912" />
  </mem-info>
</gc-end>
<cycle-end id="1685" type="global" contextid="1644" timestamp="2019-06-16T01:51:50.352" />
  <attribute name="elasticGC enabled" value="1" />
  <attribute name= "numThreadsSpecified" value="4" />
  <attribute name="heapSize specified" value="40370176" />
  <attribute name="Current GC Util" value="111" />
  <attribute name= "Current Time Running" value="2641" />
  <attribute name ="GC Interval" value="200" />
  <attribute name="ProportionalT" value="136.500000" />
  <attribute name="ProportionalI" value="136.500000" />
  <attribute name="ProportionalH" value="136.500000" />
  <attribute name="Current Error" value="91.000000" />
  <attribute name="IntegralT" value="455.000000" />
  <attribute name="IntegralI" value="455.000000" />
  <attribute name="IntegralH" value="455.000000" />
  <attribute name="DerivativeT" value="-8.200000" />
  <attribute name="DerivativeI" value="-8.200000" />
  <attribute name="DerivativeH" value="-8.200000" />
  <attribute name="Loop Time for DT" value="5.000000" />
  <attribute name="Output H" value="8388608"/>
  <attribute name="Output I" value="584"/>
  <attribute name="Output T" value="4"/>
  <attribute name="Target GC Util Change" value ="20.000000" />
  <attribute name="Current GC Util Change" value="111.000000"/>
  <attribute name="GC Util currently" value="111" />
  <attribute name="CPU Util currently" value="875654151507" />
<allocation-satisfied id="1686" threadId="000000000157E100" bytesRequested="24" />
<af-end id="1687" timestamp="2019-06-16T01:51:50.352" threadId="000000000157EA88" success="true" from="nursery"/>
<exclusive-end id="1688" timestamp="2019-06-16T01:51:50.352" durationms="9.751" />

<exclusive-start id="1689" timestamp="2019-06-16T01:51:50.377" intervalms="35.413">
  <response-info timems="0.030" idlems="0.030" threads="0" lastid="0000000001576900" lastname="Thread-10" />
</exclusive-start>
<af-start id="1690" threadId="0000000001577288" totalBytesRequested="24" timestamp="2019-06-16T01:51:50.378" intervalms="35.408" type="nursery" />
<cycle-start id="1691" type="scavenge" contextid="0" timestamp="2019-06-16T01:51:50.378" intervalms="65.683" />
<gc-start id="1692" type="scavenge" contextid="1691" timestamp="2019-06-16T01:51:50.378">
  <mem-info id="1693" free="1243232" total="40173568" percent="3">
    <mem type="nursery" free="0" total="35258368" percent="0">
      <mem type="allocate" free="0" total="31719424" percent="0" />
      <mem type="survivor" free="0" total="3538944" percent="0" />
    </mem>
    <mem type="tenure" free="1243232" total="4915200" percent="25">
      <mem type="soa" free="1055840" total="4669440" percent="22" />
      <mem type="loa" free="187392" total="245760" percent="76" />
    </mem>
    <remembered-set count="2791" />
  </mem-info>
</gc-start>
<allocation-stats totalBytes="31091624" >
  <allocated-bytes non-tlh="24" tlh="31091600" />
  <largest-consumer threadName="Thread-9" threadId="000000000157E100" bytes="10451008" />
</allocation-stats>
<gc-op id="1694" type="scavenge" timems="1.187" contextid="1691" timestamp="2019-06-16T01:51:50.379">
  <scavenger-info tenureage="14" tenuremask="4000" tiltratio="89" />
  <memory-copied type="nursery" objects="16211" bytes="665264" bytesdiscarded="114112" />
  <ownableSynchronizers candidates="6" cleared="6" />
</gc-op>
<gc-end id="1695" type="scavenge" contextid="1691" durationms="1.408" usertimems="4.000" systemtimems="0.000" timestamp="2019-06-16T01:51:50.379" activeThreads="4">
  <mem-info id="1696" free="32183280" total="40173568" percent="80">
    <mem type="nursery" free="30940048" total="35258368" percent="87">
      <mem type="allocate" free="30940048" total="31719424" percent="97" />
      <mem type="survivor" free="0" total="3538944" percent="0" />
    </mem>
    <mem type="tenure" free="1243232" total="4915200" percent="25">
      <mem type="soa" free="1055840" total="4669440" percent="22" />
      <mem type="loa" free="187392" total="245760" percent="76" />
    </mem>
    <remembered-set count="2791" />
  </mem-info>
</gc-end>
<cycle-end id="1697" type="scavenge" contextid="1691" timestamp="2019-06-16T01:51:50.379" />
  <attribute name="elasticGC enabled" value="1" />
  <attribute name= "numThreadsSpecified" value="4" />
  <attribute name="heapSize specified" value="40370176" />
  <attribute name="Current GC Util" value="33" />
  <attribute name= "Current Time Running" value="2668" />
  <attribute name ="GC Interval" value="368" />
  <attribute name="ProportionalT" value="19.500000" />
  <attribute name="ProportionalI" value="19.500000" />
  <attribute name="ProportionalH" value="19.500000" />
  <attribute name="Current Error" value="13.000000" />
  <attribute name="IntegralT" value="351.000000" />
  <attribute name="IntegralI" value="351.000000" />
  <attribute name="IntegralH" value="351.000000" />
  <attribute name="DerivativeT" value="-2.888889" />
  <attribute name="DerivativeI" value="-2.888889" />
  <attribute name="DerivativeH" value="-2.888889" />
  <attribute name="Loop Time for DT" value="27.000000" />
  <attribute name="Output H" value="8388608"/>
  <attribute name="Output I" value="368"/>
  <attribute name="Output T" value="4"/>
  <attribute name="Target GC Util Change" value ="20.000000" />
  <attribute name="Current GC Util Change" value="33.000000"/>
  <attribute name="GC Util currently" value="33" />
  <attribute name="CPU Util currently" value="172957583515" />
<allocation-satisfied id="1698" threadId="0000000001576900" bytesRequested="24" />
<af-end id="1699" timestamp="2019-06-16T01:51:50.379" threadId="0000000001577288" success="true" from="nursery"/>
<exclusive-end id="1700" timestamp="2019-06-16T01:51:50.379" durationms="1.953" />

<exclusive-start id="1701" timestamp="2019-06-16T01:51:50.404" intervalms="26.694">
  <response-info timems="0.059" idlems="0.032" threads="1" lastid="000000000157A500" lastname="Thread-8" />
</exclusive-start>
<af-start id="1702" threadId="0000000001573688" totalBytesRequested="40" timestamp="2019-06-16T01:51:50.404" intervalms="26.694" type="nursery" />
<cycle-start id="1703" type="scavenge" contextid="0" timestamp="2019-06-16T01:51:50.404" intervalms="26.735" />
<gc-start id="1704" type="scavenge" contextid="1703" timestamp="2019-06-16T01:51:50.404">
  <mem-info id="1705" free="1243232" total="40173568" percent="3">
    <mem type="nursery" free="0" total="35258368" percent="0">
      <mem type="allocate" free="0" total="31719424" percent="0" />
      <mem type="survivor" free="0" total="3538944" percent="0" />
    </mem>
    <mem type="tenure" free="1243232" total="4915200" percent="25">
      <mem type="soa" free="1055840" total="4669440" percent="22" />
      <mem type="loa" free="187392" total="245760" percent="76" />
    </mem>
    <remembered-set count="3208" />
  </mem-info>
</gc-start>
<allocation-stats totalBytes="30937328" >
  <allocated-bytes non-tlh="24" tlh="30937304" />
  <largest-consumer threadName="Thread-10" threadId="0000000001576900" bytes="9665760" />
</allocation-stats>
<gc-op id="1706" type="scavenge" timems="0.617" contextid="1703" timestamp="2019-06-16T01:51:50.405">
  <scavenger-info tenureage="14" tenuremask="4000" tiltratio="89" />
  <memory-copied type="nursery" objects="23716" bytes="982944" bytesdiscarded="215904" />
</gc-op>
<gc-end id="1707" type="scavenge" contextid="1703" durationms="1.089" usertimems="0.000" systemtimems="0.000" timestamp="2019-06-16T01:51:50.406" activeThreads="4">
  <mem-info id="1708" free="31763808" total="40173568" percent="79">
    <mem type="nursery" free="30520576" total="35258368" percent="86">
      <mem type="allocate" free="30520576" total="31719424" percent="96" />
      <mem type="survivor" free="0" total="3538944" percent="0" />
    </mem>
    <mem type="tenure" free="1243232" total="4915200" percent="25">
      <mem type="soa" free="1055840" total="4669440" percent="22" />
      <mem type="loa" free="187392" total="245760" percent="76" />
    </mem>
    <remembered-set count="3208" />
  </mem-info>
</gc-end>
<cycle-end id="1709" type="scavenge" contextid="1703" timestamp="2019-06-16T01:51:50.406" />
  <attribute name="elasticGC enabled" value="1" />
  <attribute name= "numThreadsSpecified" value="4" />
  <attribute name="heapSize specified" value="40370176" />
  <attribute name="Current GC Util" value="12" />
  <attribute name= "Current Time Running" value="2695" />
  <attribute name ="GC Interval" value="200" />
  <attribute name="ProportionalT" value="-12.000000" />
  <attribute name="ProportionalI" value="-12.000000" />
  <attribute name="ProportionalH" value="-12.000000" />
  <attribute name="Current Error" value="-8.000000" />
  <attribute name="IntegralT" value="-216.000000" />
  <attribute name="IntegralI" value="-216.000000" />
  <attribute name="IntegralH" value="-216.000000" />
  <attribute name="DerivativeT" value="-0.777778" />
  <attribute name="DerivativeI" value="-0.777778" />
  <attribute name="DerivativeH" value="-0.777778" />
  <attribute name="Loop Time for DT" value="27.000000" />
  <attribute name="Output H" value="2092630016"/>
  <attribute name="Output I" value="200"/>
  <attribute name="Output T" value="4"/>
  <attribute name="Target GC Util Change" value ="20.000000" />
  <attribute name="Current GC Util Change" value="12.000000"/>
  <attribute name="GC Util currently" value="12" />
  <attribute name="CPU Util currently" value="172087313680" />
<allocation-satisfied id="1710" threadId="0000000001572D00" bytesRequested="40" />
<af-end id="1711" timestamp="2019-06-16T01:51:50.406" threadId="0000000001573688" success="true" from="nursery"/>
<exclusive-end id="1712" timestamp="2019-06-16T01:51:50.406" durationms="1.664" />

<exclusive-start id="1713" timestamp="2019-06-16T01:51:50.432" intervalms="28.191">
  <response-info timems="0.053" idlems="0.029" threads="1" lastid="000000000157A500" lastname="Thread-8" />
</exclusive-start>
<af-start id="1714" threadId="0000000001573688" totalBytesRequested="40" timestamp="2019-06-16T01:51:50.432" intervalms="28.230" type="nursery" />
<cycle-start id="1715" type="scavenge" contextid="0" timestamp="2019-06-16T01:51:50.433" intervalms="28.226" />
<gc-start id="1716" type="scavenge" contextid="1715" timestamp="2019-06-16T01:51:50.433">
  <mem-info id="1717" free="1243232" total="40173568" percent="3">
    <mem type="nursery" free="0" total="35258368" percent="0">
      <mem type="allocate" free="0" total="31719424" percent="0" />
      <mem type="survivor" free="0" total="3538944" percent="0" />
    </mem>
    <mem type="tenure" free="1243232" total="4915200" percent="25">
      <mem type="soa" free="1055840" total="4669440" percent="22" />
      <mem type="loa" free="187392" total="245760" percent="76" />
    </mem>
    <remembered-set count="4046" />
  </mem-info>
</gc-start>
<allocation-stats totalBytes="30520032" >
  <allocated-bytes non-tlh="40" tlh="30519992" />
  <largest-consumer threadName="Thread-9" threadId="000000000157E100" bytes="9778248" />
</allocation-stats>
<gc-op id="1718" type="scavenge" timems="0.743" contextid="1715" timestamp="2019-06-16T01:51:50.434">
  <scavenger-info tenureage="3" tenuremask="4008" tiltratio="89" />
  <memory-copied type="nursery" objects="19406" bytes="742416" bytesdiscarded="93168" />
  <memory-copied type="tenure" objects="6339" bytes="289512" bytesdiscarded="0" />
</gc-op>
<gc-end id="1719" type="scavenge" contextid="1715" durationms="1.114" usertimems="4.000" systemtimems="0.000" timestamp="2019-06-16T01:51:50.434" activeThreads="4">
  <mem-info id="1720" free="31763808" total="40173568" percent="79">
    <mem type="nursery" free="30883840" total="35258368" percent="87">
      <mem type="allocate" free="30883840" total="31719424" percent="97" />
      <mem type="survivor" free="0" total="3538944" percent="0" />
    </mem>
    <mem type="tenure" free="879968" total="4915200" percent="17">
      <mem type="soa" free="692576" total="4669440" percent="14" />
      <mem type="loa" free="187392" total="245760" percent="76" />
    </mem>
    <remembered-set count="5600" />
  </mem-info>
</gc-end>
<cycle-end id="1721" type="scavenge" contextid="1715" timestamp="2019-06-16T01:51:50.434" />
  <attribute name="elasticGC enabled" value="1" />
  <attribute name= "numThreadsSpecified" value="4" />
  <attribute name="heapSize specified" value="40370176" />
  <attribute name="Current GC Util" value="7" />
  <attribute name= "Current Time Running" value="2723" />
  <attribute name ="GC Interval" value="200" />
  <attribute name="ProportionalT" value="-19.500000" />
  <attribute name="ProportionalI" value="-19.500000" />
  <attribute name="ProportionalH" value="-19.500000" />
  <attribute name="Current Error" value="-13.000000" />
  <attribute name="IntegralT" value="-364.000000" />
  <attribute name="IntegralI" value="-364.000000" />
  <attribute name="IntegralH" value="-364.000000" />
  <attribute name="DerivativeT" value="-0.464286" />
  <attribute name="DerivativeI" value="-0.464286" />
  <attribute name="DerivativeH" value="-0.464286" />
  <attribute name="Loop Time for DT" value="28.000000" />
  <attribute name="Output H" value="2092630016"/>
  <attribute name="Output I" value="200"/>
  <attribute name="Output T" value="4"/>
  <attribute name="Target GC Util Change" value ="20.000000" />
  <attribute name="Current GC Util Change" value="7.000000"/>
  <attribute name="GC Util currently" value="7" />
  <attribute name="CPU Util currently" value="163587579629" />
<allocation-satisfied id="1722" threadId="0000000001572D00" bytesRequested="40" />
<af-end id="1723" timestamp="2019-06-16T01:51:50.434" threadId="0000000001573688" success="true" from="nursery"/>
<exclusive-end id="1724" timestamp="2019-06-16T01:51:50.434" durationms="1.928" />

<exclusive-start id="1725" timestamp="2019-06-16T01:51:50.455" intervalms="23.023">
  <response-info timems="0.058" idlems="0.058" threads="0" lastid="0000000001572D00" lastname="Thread-7" />
</exclusive-start>
<af-start id="1726" threadId="0000000001573688" totalBytesRequested="40" timestamp="2019-06-16T01:51:50.455" intervalms="22.996" type="nursery" />
<cycle-start id="1727" type="scavenge" contextid="0" timestamp="2019-06-16T01:51:50.456" intervalms="22.995" />
<gc-start id="1728" type="scavenge" contextid="1727" timestamp="2019-06-16T01:51:50.456">
  <mem-info id="1729" free="879968" total="40173568" percent="2">
    <mem type="nursery" free="0" total="35258368" percent="0">
      <mem type="allocate" free="0" total="31719424" percent="0" />
      <mem type="survivor" free="0" total="3538944" percent="0" />
    </mem>
    <mem type="tenure" free="879968" total="4915200" percent="17">
      <mem type="soa" free="692576" total="4669440" percent="14" />
      <mem type="loa" free="187392" total="245760" percent="76" />
    </mem>
    <remembered-set count="6773" />
  </mem-info>
</gc-start>
<allocation-stats totalBytes="30882696" >
  <allocated-bytes non-tlh="40" tlh="30882656" />
  <largest-consumer threadName="Thread-10" threadId="0000000001576900" bytes="10714672" />
</allocation-stats>
<gc-op id="1730" type="scavenge" timems="0.699" contextid="1727" timestamp="2019-06-16T01:51:50.456">
  <scavenger-info tenureage="3" tenuremask="4008" tiltratio="89" />
  <memory-copied type="nursery" objects="12506" bytes="439088" bytesdiscarded="203728" />
  <memory-copied type="tenure" objects="8950" bytes="352176" bytesdiscarded="0" />
</gc-op>
<gc-end id="1731" type="scavenge" contextid="1727" durationms="1.067" usertimems="4.000" systemtimems="0.000" timestamp="2019-06-16T01:51:50.457" activeThreads="4">
  <mem-info id="1732" free="31484256" total="40173568" percent="78">
    <mem type="nursery" free="31076608" total="35258368" percent="88">
      <mem type="allocate" free="31076608" total="31719424" percent="97" />
      <mem type="survivor" free="0" total="3538944" percent="0" />
    </mem>
    <mem type="tenure" free="407648" total="4915200" percent="8">
      <mem type="soa" free="220256" total="4669440" percent="4" />
      <mem type="loa" free="187392" total="245760" percent="76" />
    </mem>
    <remembered-set count="5722" />
  </mem-info>
</gc-end>
<cycle-end id="1733" type="scavenge" contextid="1727" timestamp="2019-06-16T01:51:50.457" />
  <attribute name="elasticGC enabled" value="1" />
  <attribute name= "numThreadsSpecified" value="4" />
  <attribute name="heapSize specified" value="40370176" />
  <attribute name="Current GC Util" value="12" />
  <attribute name= "Current Time Running" value="2746" />
  <attribute name ="GC Interval" value="200" />
  <attribute name="ProportionalT" value="-12.000000" />
  <attribute name="ProportionalI" value="-12.000000" />
  <attribute name="ProportionalH" value="-12.000000" />
  <attribute name="Current Error" value="-8.000000" />
  <attribute name="IntegralT" value="-184.000000" />
  <attribute name="IntegralI" value="-184.000000" />
  <attribute name="IntegralH" value="-184.000000" />
  <attribute name="DerivativeT" value="-0.347826" />
  <attribute name="DerivativeI" value="-0.347826" />
  <attribute name="DerivativeH" value="-0.347826" />
  <attribute name="Loop Time for DT" value="23.000000" />
  <attribute name="Output H" value="2092630016"/>
  <attribute name="Output I" value="200"/>
  <attribute name="Output T" value="4"/>
  <attribute name="Target GC Util Change" value ="20.000000" />
  <attribute name="Current GC Util Change" value="12.000000"/>
  <attribute name="GC Util currently" value="12" />
  <attribute name="CPU Util currently" value="200860483820" />
<allocation-satisfied id="1734" threadId="0000000001572D00" bytesRequested="40" />
<af-end id="1735" timestamp="2019-06-16T01:51:50.457" threadId="0000000001573688" success="true" from="nursery"/>
<exclusive-end id="1736" timestamp="2019-06-16T01:51:50.457" durationms="1.772" />

<concurrent-kickoff id="1737" timestamp="2019-06-16T01:51:50.475">
  <kickoff reason="threshold reached" targetBytes="1825049" thresholdFreeBytes="261797"  remainingFree="143576" tenureFreeBytes="407648" nurseryFreeBytes="143576" />
</concurrent-kickoff>
<exclusive-start id="1738" timestamp="2019-06-16T01:51:50.475" intervalms="20.174">
  <response-info timems="0.053" idlems="0.029" threads="1" lastid="000000000157A500" lastname="Thread-8" />
</exclusive-start>
<cycle-start id="1739" type="global" contextid="0" timestamp="2019-06-16T01:51:50.476" intervalms="195.934" />
<exclusive-end id="1740" timestamp="2019-06-16T01:51:50.476" durationms="0.201" />

<exclusive-start id="1741" timestamp="2019-06-16T01:51:50.476" intervalms="0.540">
  <response-info timems="0.023" idlems="0.023" threads="0" lastid="000000000157E100" lastname="Thread-9" />
</exclusive-start>
<af-start id="1742" threadId="000000000157EA88" totalBytesRequested="40" timestamp="2019-06-16T01:51:50.476" intervalms="20.660" type="nursery" />
<cycle-start id="1743" type="scavenge" contextid="0" timestamp="2019-06-16T01:51:50.476" intervalms="20.612" />
<gc-start id="1744" type="scavenge" contextid="1743" timestamp="2019-06-16T01:51:50.476">
  <mem-info id="1745" free="407648" total="40173568" percent="1">
    <mem type="nursery" free="0" total="35258368" percent="0">
      <mem type="allocate" free="0" total="31719424" percent="0" />
      <mem type="survivor" free="0" total="3538944" percent="0" />
    </mem>
    <mem type="tenure" free="407648" total="4915200" percent="8">
      <mem type="soa" free="220256" total="4669440" percent="4" />
      <mem type="loa" free="187392" total="245760" percent="76" />
    </mem>
    <remembered-set count="8263" />
  </mem-info>
</gc-start>
<allocation-stats totalBytes="31075832" >
  <allocated-bytes non-tlh="40" tlh="31075792" />
  <largest-consumer threadName="Thread-10" threadId="0000000001576900" bytes="13598256" />
</allocation-stats>
<gc-op id="1746" type="scavenge" timems="1.179" contextid="1743" timestamp="2019-06-16T01:51:50.477">
  <scavenger-info tenureage="3" tenuremask="4048" tiltratio="89" />
  <memory-copied type="nursery" objects="7312" bytes="177432" bytesdiscarded="233448" />
  <memory-copied type="tenure" objects="8125" bytes="332376" bytesdiscarded="24" />
  <heap-resize type="expand" space="tenure" amount="131072" count="2" timems="0.021" reason="continue current collection" />
</gc-op>
<gc-end id="1747" type="scavenge" contextid="1743" durationms="1.352" usertimems="4.000" systemtimems="0.000" timestamp="2019-06-16T01:51:50.478" activeThreads="4">
  <mem-info id="1748" free="31462912" total="40304640" percent="78">
    <mem type="nursery" free="31308544" total="35258368" percent="88">
      <mem type="allocate" free="31308544" total="31719424" percent="98" />
      <mem type="survivor" free="0" total="3538944" percent="0" />
    </mem>
    <mem type="tenure" free="154368" total="5046272" percent="3">
      <mem type="soa" free="23296" total="4794368" percent="0" />
      <mem type="loa" free="131072" total="251904" percent="52" />
    </mem>
    <remembered-set count="7056" />
  </mem-info>
</gc-end>
<cycle-end id="1749" type="scavenge" contextid="1743" timestamp="2019-06-16T01:51:50.478" />
  <attribute name="elasticGC enabled" value="1" />
  <attribute name= "numThreadsSpecified" value="4" />
  <attribute name="heapSize specified" value="40370176" />
  <attribute name="Current GC Util" value="12" />
  <attribute name= "Current Time Running" value="2766" />
  <attribute name ="GC Interval" value="200" />
  <attribute name="ProportionalT" value="-12.000000" />
  <attribute name="ProportionalI" value="-12.000000" />
  <attribute name="ProportionalH" value="-12.000000" />
  <attribute name="Current Error" value="-8.000000" />
  <attribute name="IntegralT" value="-160.000000" />
  <attribute name="IntegralI" value="-160.000000" />
  <attribute name="IntegralH" value="-160.000000" />
  <attribute name="DerivativeT" value="-0.400000" />
  <attribute name="DerivativeI" value="-0.400000" />
  <attribute name="DerivativeH" value="-0.400000" />
  <attribute name="Loop Time for DT" value="20.000000" />
  <attribute name="Output H" value="2092630016"/>
  <attribute name="Output I" value="200"/>
  <attribute name="Output T" value="4"/>
  <attribute name="Target GC Util Change" value ="20.000000" />
  <attribute name="Current GC Util Change" value="12.000000"/>
  <attribute name="GC Util currently" value="12" />
  <attribute name="CPU Util currently" value="224068282562" />
<allocation-satisfied id="1750" threadId="000000000157E100" bytesRequested="40" />
<af-end id="1751" timestamp="2019-06-16T01:51:50.478" threadId="000000000157EA88" success="true" from="nursery"/>
<exclusive-end id="1752" timestamp="2019-06-16T01:51:50.478" durationms="1.763" />

<exclusive-start id="1753" timestamp="2019-06-16T01:51:50.500" intervalms="24.149">
  <response-info timems="0.071" idlems="0.071" threads="0" lastid="000000000157E100" lastname="Thread-9" />
</exclusive-start>
<af-start id="1754" threadId="000000000157EA88" totalBytesRequested="40" timestamp="2019-06-16T01:51:50.500" intervalms="24.198" type="nursery" />
<percolate-collect id="1755" from="nursery" to="global" reason="concurrent mark exhausted" timestamp="2019-06-16T01:51:50.500"/>
<gc-start id="1756" type="global" contextid="1739" timestamp="2019-06-16T01:51:50.500">
  <mem-info id="1757" free="154368" total="40304640" percent="0">
    <mem type="nursery" free="0" total="35258368" percent="0">
      <mem type="allocate" free="0" total="31719424" percent="0" />
      <mem type="survivor" free="0" total="3538944" percent="0" />
    </mem>
    <mem type="tenure" free="154368" total="5046272" percent="3">
      <mem type="soa" free="23296" total="4794368" percent="0" />
      <mem type="loa" free="131072" total="251904" percent="52" />
    </mem>
    <remembered-set count="8070" />
  </mem-info>
</gc-start>
<allocation-stats totalBytes="31307304" >
  <allocated-bytes non-tlh="40" tlh="31307264" />
  <largest-consumer threadName="Thread-10" threadId="0000000001576900" bytes="11614536" />
</allocation-stats>
<concurrent-halted id="1758" timestamp="2019-06-16T01:51:50.500">
  <halted state="Complete" status="exhausted" />
  <traced bytesTarget="1872309" bytesTotal="2154068" bytesByMutator="966980" bytesByHelper="1187088" percent="115" />
  <cards cleaned="274" thresholdBytes="103131" />
</concurrent-halted>
<gc-op id="1759" type="rs-scan" timems="0.965" contextid="1739" timestamp="2019-06-16T01:51:50.501">
  <scan objectsFound="6967" bytesTraced="618644" workStackOverflowCount="0" />
</gc-op>
<gc-op id="1760" type="card-cleaning" timems="0.247" contextid="1739" timestamp="2019-06-16T01:51:50.502">
  <card-cleaning cardsCleaned="4" bytesTraced="3624" workStackOverflowCount="0" />
</gc-op>
<gc-op id="1761" type="mark" timems="1.553" contextid="1739" timestamp="2019-06-16T01:51:50.503">
  <trace-info objectcount="17204" scancount="17172" scanbytes="826652" />
  <finalization candidates="124" enqueued="0" />
  <ownableSynchronizers candidates="3" cleared="0" />
  <references type="soft" candidates="84" cleared="0" enqueued="0" dynamicThreshold="8" maxThreshold="32" />
  <references type="weak" candidates="693" cleared="0" enqueued="0" />
  <references type="phantom" candidates="38" cleared="0" enqueued="0" />
  <stringconstants candidates="4597" cleared="0"  />
</gc-op>
<gc-op id="1762" type="sweep" timems="0.783" contextid="1739" timestamp="2019-06-16T01:51:50.504" />
<mem-info id="1763" free="31672720" total="40304640" percent="78">
  <mem type="nursery" free="30825720" total="35258368" percent="87">
    <mem type="allocate" free="30825720" total="31719424" percent="97" />
    <mem type="survivor" free="0" total="3538944" percent="0" />
  </mem>
  <mem type="tenure" free="847000" total="5046272" percent="16" micro-fragmented="0" macro-fragmented="0">
    <mem type="soa" free="595096" total="4794368" percent="12" />
    <mem type="loa" free="251904" total="251904" percent="100" />
  </mem>
  <remembered-set count="8070" />
</mem-info>
<gc-op id="1764" type="compact" timems="7.347" contextid="1739" timestamp="2019-06-16T01:51:50.512">
  <compact-info movecount="47331" movebytes="1961864" reason="compact to aid heap contraction" />
</gc-op>
<heap-resize id="1765" type="contract" space="tenure" amount="196608" count="1" timems="0.081" reason="heap reconfiguration" timestamp="2019-06-16T01:51:50.512" />
<gc-end id="1766" type="global" contextid="1739" durationms="11.938" usertimems="24.000" systemtimems="0.000" timestamp="2019-06-16T01:51:50.512" activeThreads="4">
  <mem-info id="1767" free="31540296" total="40108032" percent="78">
    <mem type="nursery" free="30943064" total="35258368" percent="87">
      <mem type="allocate" free="30943064" total="31719424" percent="97" />
      <mem type="survivor" free="0" total="3538944" percent="0" />
    </mem>
    <mem type="tenure" free="597232" total="4849664" percent="12">
      <mem type="soa" free="410864" total="4608000" percent="8" />
      <mem type="loa" free="186368" total="241664" percent="77" />
    </mem>
    <remembered-set count="8070" />
  </mem-info>
</gc-end>
<cycle-end id="1768" type="global" contextid="1739" timestamp="2019-06-16T01:51:50.512" />
  <attribute name="elasticGC enabled" value="1" />
  <attribute name= "numThreadsSpecified" value="4" />
  <attribute name="heapSize specified" value="40304640" />
  <attribute name="Current GC Util" value="78" />
  <attribute name= "Current Time Running" value="2802" />
  <attribute name ="GC Interval" value="200" />
  <attribute name="ProportionalT" value="87.000000" />
  <attribute name="ProportionalI" value="87.000000" />
  <attribute name="ProportionalH" value="87.000000" />
  <attribute name="Current Error" value="58.000000" />
  <attribute name="IntegralT" value="406.000000" />
  <attribute name="IntegralI" value="406.000000" />
  <attribute name="IntegralH" value="406.000000" />
  <attribute name="DerivativeT" value="-19.285714" />
  <attribute name="DerivativeI" value="-19.285714" />
  <attribute name="DerivativeH" value="-19.285714" />
  <attribute name="Loop Time for DT" value="7.000000" />
  <attribute name="Output H" value="8388608"/>
  <attribute name="Output I" value="480"/>
  <attribute name="Output T" value="4"/>
  <attribute name="Target GC Util Change" value ="20.000000" />
  <attribute name="Current GC Util Change" value="78.000000"/>
  <attribute name="GC Util currently" value="78" />
  <attribute name="CPU Util currently" value="618081343709" />
<allocation-satisfied id="1769" threadId="000000000157E100" bytesRequested="40" />
<af-end id="1770" timestamp="2019-06-16T01:51:50.513" threadId="000000000157EA88" success="true" from="nursery"/>
<exclusive-end id="1771" timestamp="2019-06-16T01:51:50.513" durationms="12.430" />

<concurrent-kickoff id="1772" timestamp="2019-06-16T01:51:50.530">
  <kickoff reason="threshold reached" targetBytes="1851697" thresholdFreeBytes="265430"  remainingFree="141104" tenureFreeBytes="597232" nurseryFreeBytes="141104" />
</concurrent-kickoff>
<exclusive-start id="1773" timestamp="2019-06-16T01:51:50.530" intervalms="29.713">
  <response-info timems="0.046" idlems="0.025" threads="1" lastid="000000000157A500" lastname="Thread-8" />
</exclusive-start>
<cycle-start id="1774" type="global" contextid="0" timestamp="2019-06-16T01:51:50.530" intervalms="54.412" />
<exclusive-end id="1775" timestamp="2019-06-16T01:51:50.530" durationms="0.214" />

<exclusive-start id="1776" timestamp="2019-06-16T01:51:50.530" intervalms="0.343">
  <response-info timems="0.027" idlems="0.027" threads="0" lastid="0000000001576900" lastname="Thread-10" />
</exclusive-start>
<af-start id="1777" threadId="0000000001577288" totalBytesRequested="40" timestamp="2019-06-16T01:51:50.530" intervalms="30.024" type="nursery" />
<cycle-start id="1778" type="scavenge" contextid="0" timestamp="2019-06-16T01:51:50.530" intervalms="54.233" />
<gc-start id="1779" type="scavenge" contextid="1778" timestamp="2019-06-16T01:51:50.530">
  <mem-info id="1780" free="597232" total="40108032" percent="1">
    <mem type="nursery" free="0" total="35258368" percent="0">
      <mem type="allocate" free="0" total="31719424" percent="0" />
      <mem type="survivor" free="0" total="3538944" percent="0" />
    </mem>
    <mem type="tenure" free="597232" total="4849664" percent="12">
      <mem type="soa" free="410864" total="4608000" percent="8" />
      <mem type="loa" free="186368" total="241664" percent="77" />
    </mem>
    <remembered-set count="8609" />
  </mem-info>
</gc-start>
<allocation-stats totalBytes="30941200" >
  <allocated-bytes non-tlh="40" tlh="30941160" />
  <largest-consumer threadName="Thread-10" threadId="0000000001576900" bytes="11510848" />
</allocation-stats>
<gc-op id="1781" type="scavenge" timems="1.390" contextid="1778" timestamp="2019-06-16T01:51:50.532">
  <scavenger-info tenureage="3" tenuremask="4008" tiltratio="89" />
  <memory-copied type="nursery" objects="26211" bytes="1043104" bytesdiscarded="191696" />
  <memory-copied type="tenure" objects="2002" bytes="48048" bytesdiscarded="0" />
  <ownableSynchronizers candidates="6" cleared="6" />
</gc-op>
<gc-end id="1782" type="scavenge" contextid="1778" durationms="1.637" usertimems="4.000" systemtimems="0.000" timestamp="2019-06-16T01:51:50.532" activeThreads="4">
  <mem-info id="1783" free="30964352" total="40108032" percent="77">
    <mem type="nursery" free="30484624" total="35258368" percent="86">
      <mem type="allocate" free="30484624" total="31719424" percent="96" />
      <mem type="survivor" free="0" total="3538944" percent="0" />
    </mem>
    <mem type="tenure" free="479728" total="4849664" percent="9">
      <mem type="soa" free="293360" total="4608000" percent="6" />
      <mem type="loa" free="186368" total="241664" percent="77" />
    </mem>
    <remembered-set count="6607" />
  </mem-info>
</gc-end>
<cycle-end id="1784" type="scavenge" contextid="1778" timestamp="2019-06-16T01:51:50.532" />
  <attribute name="elasticGC enabled" value="1" />
  <attribute name= "numThreadsSpecified" value="4" />
  <attribute name="heapSize specified" value="40304640" />
  <attribute name="Current GC Util" value="88" />
  <attribute name= "Current Time Running" value="2821" />
  <attribute name ="GC Interval" value="1400" />
  <attribute name="ProportionalT" value="102.000000" />
  <attribute name="ProportionalI" value="102.000000" />
  <attribute name="ProportionalH" value="102.000000" />
  <attribute name="Current Error" value="68.000000" />
  <attribute name="IntegralT" value="1292.000000" />
  <attribute name="IntegralI" value="1292.000000" />
  <attribute name="IntegralH" value="1292.000000" />
  <attribute name="DerivativeT" value="0.526316" />
  <attribute name="DerivativeI" value="0.526316" />
  <attribute name="DerivativeH" value="0.526316" />
  <attribute name="Loop Time for DT" value="19.000000" />
  <attribute name="Output H" value="8388608"/>
  <attribute name="Output I" value="1400"/>
  <attribute name="Output T" value="4"/>
  <attribute name="Target GC Util Change" value ="20.000000" />
  <attribute name="Current GC Util Change" value="88.000000"/>
  <attribute name="GC Util currently" value="88" />
  <attribute name="CPU Util currently" value="247170795317" />
<allocation-satisfied id="1785" threadId="0000000001576900" bytesRequested="40" />
<af-end id="1786" timestamp="2019-06-16T01:51:50.532" threadId="0000000001577288" success="true" from="nursery"/>
<exclusive-end id="1787" timestamp="2019-06-16T01:51:50.532" durationms="2.214" />

<exclusive-start id="1788" timestamp="2019-06-16T01:51:50.550" intervalms="19.569">
  <response-info timems="0.184" idlems="0.077" threads="2" lastid="0000000001572D00" lastname="Thread-7" />
</exclusive-start>
<af-start id="1789" threadId="0000000001577288" totalBytesRequested="24" timestamp="2019-06-16T01:51:50.550" intervalms="19.593" type="nursery" />
<percolate-collect id="1790" from="nursery" to="global" reason="concurrent mark exhausted" timestamp="2019-06-16T01:51:50.550"/>
<gc-start id="1791" type="global" contextid="1774" timestamp="2019-06-16T01:51:50.550">
  <mem-info id="1792" free="479728" total="40108032" percent="1">
    <mem type="nursery" free="0" total="35258368" percent="0">
      <mem type="allocate" free="0" total="31719424" percent="0" />
      <mem type="survivor" free="0" total="3538944" percent="0" />
    </mem>
    <mem type="tenure" free="479728" total="4849664" percent="9">
      <mem type="soa" free="293360" total="4608000" percent="6" />
      <mem type="loa" free="186368" total="241664" percent="77" />
    </mem>
    <remembered-set count="6906" />
  </mem-info>
</gc-start>
<allocation-stats totalBytes="30481840" >
  <allocated-bytes non-tlh="40" tlh="30481800" />
  <largest-consumer threadName="Thread-8" threadId="000000000157A500" bytes="8693016" />
</allocation-stats>
<concurrent-halted id="1793" timestamp="2019-06-16T01:51:50.550">
  <halted state="Complete" status="exhausted" />
  <traced bytesTarget="1851697" bytesTotal="1418252" bytesByMutator="597420" bytesByHelper="820832" percent="76" />
  <cards cleaned="97" thresholdBytes="104563" />
</concurrent-halted>
<gc-op id="1794" type="rs-scan" timems="0.569" contextid="1774" timestamp="2019-06-16T01:51:50.551">
  <scan objectsFound="1512" bytesTraced="129292" workStackOverflowCount="0" />
</gc-op>
<gc-op id="1795" type="card-cleaning" timems="0.403" contextid="1774" timestamp="2019-06-16T01:51:50.551">
  <card-cleaning cardsCleaned="3" bytesTraced="5040" workStackOverflowCount="0" />
</gc-op>
<gc-op id="1796" type="mark" timems="1.446" contextid="1774" timestamp="2019-06-16T01:51:50.553">
  <trace-info objectcount="18059" scancount="18027" scanbytes="847052" />
  <finalization candidates="124" enqueued="0" />
  <ownableSynchronizers candidates="3" cleared="0" />
  <references type="soft" candidates="84" cleared="0" enqueued="0" dynamicThreshold="3" maxThreshold="32" />
  <references type="weak" candidates="693" cleared="0" enqueued="0" />
  <references type="phantom" candidates="38" cleared="0" enqueued="0" />
  <stringconstants candidates="4597" cleared="0"  />
</gc-op>
<gc-op id="1797" type="sweep" timems="0.743" contextid="1774" timestamp="2019-06-16T01:51:50.554" />
<mem-info id="1798" free="32333232" total="40108032" percent="80">
  <mem type="nursery" free="30759296" total="35258368" percent="87">
    <mem type="allocate" free="30759296" total="31719424" percent="96" />
    <mem type="survivor" free="0" total="3538944" percent="0" />
  </mem>
  <mem type="tenure" free="1573936" total="4849664" percent="32" micro-fragmented="0" macro-fragmented="0">
    <mem type="soa" free="1332272" total="4608000" percent="28" />
    <mem type="loa" free="241664" total="241664" percent="100" />
  </mem>
  <remembered-set count="1550" />
</mem-info>
<gc-op id="1799" type="compact" timems="4.120" contextid="1774" timestamp="2019-06-16T01:51:50.558">
  <compact-info movecount="24454" movebytes="1137944" reason="compact to aid heap contraction" />
</gc-op>
<heap-resize id="1800" type="contract" space="tenure" amount="196608" count="1" timems="0.092" reason="heap reconfiguration" timestamp="2019-06-16T01:51:50.558" />
<gc-end id="1801" type="global" contextid="1774" durationms="8.326" usertimems="20.000" systemtimems="0.000" timestamp="2019-06-16T01:51:50.558" activeThreads="4">
  <mem-info id="1802" free="32177848" total="39911424" percent="80">
    <mem type="nursery" free="30845576" total="35258368" percent="87">
      <mem type="allocate" free="30845576" total="31719424" percent="97" />
      <mem type="survivor" free="0" total="3538944" percent="0" />
    </mem>
    <mem type="tenure" free="1332272" total="4653056" percent="28">
      <mem type="soa" free="1144880" total="4420608" percent="25" />
      <mem type="loa" free="187392" total="232448" percent="80" />
    </mem>
    <remembered-set count="1550" />
  </mem-info>
</gc-end>
<cycle-end id="1803" type="global" contextid="1774" timestamp="2019-06-16T01:51:50.558" />
  <attribute name="elasticGC enabled" value="1" />
  <attribute name= "numThreadsSpecified" value="4" />
  <attribute name="heapSize specified" value="40108032" />
  <attribute name="Current GC Util" value="143" />
  <attribute name= "Current Time Running" value="2848" />
  <attribute name ="GC Interval" value="1400" />
  <attribute name="ProportionalT" value="184.500000" />
  <attribute name="ProportionalI" value="184.500000" />
  <attribute name="ProportionalH" value="184.500000" />
  <attribute name="Current Error" value="123.000000" />
  <attribute name="IntegralT" value="492.000000" />
  <attribute name="IntegralI" value="492.000000" />
  <attribute name="IntegralH" value="492.000000" />
  <attribute name="DerivativeT" value="-12.000000" />
  <attribute name="DerivativeI" value="-12.000000" />
  <attribute name="DerivativeH" value="-12.000000" />
  <attribute name="Loop Time for DT" value="4.000000" />
  <attribute name="Output H" value="8388608"/>
  <attribute name="Output I" value="664"/>
  <attribute name="Output T" value="4"/>
  <attribute name="Target GC Util Change" value ="20.000000" />
  <attribute name="Current GC Util Change" value="143.000000"/>
  <attribute name="GC Util currently" value="143" />
  <attribute name="CPU Util currently" value="1092354796552" />
<allocation-satisfied id="1804" threadId="0000000001576900" bytesRequested="24" />
<af-end id="1805" timestamp="2019-06-16T01:51:50.559" threadId="0000000001577288" success="true" from="nursery"/>
<exclusive-end id="1806" timestamp="2019-06-16T01:51:50.559" durationms="8.838" />

<exclusive-start id="1807" timestamp="2019-06-16T01:51:50.577" intervalms="27.413">
  <response-info timems="0.211" idlems="0.190" threads="1" lastid="000000000157A500" lastname="Thread-8" />
</exclusive-start>
<af-start id="1808" threadId="0000000001573688" totalBytesRequested="40" timestamp="2019-06-16T01:51:50.577" intervalms="27.416" type="nursery" />
<cycle-start id="1809" type="scavenge" contextid="0" timestamp="2019-06-16T01:51:50.577" intervalms="47.006" />
<gc-start id="1810" type="scavenge" contextid="1809" timestamp="2019-06-16T01:51:50.577">
  <mem-info id="1811" free="1332272" total="39911424" percent="3">
    <mem type="nursery" free="0" total="35258368" percent="0">
      <mem type="allocate" free="0" total="31719424" percent="0" />
      <mem type="survivor" free="0" total="3538944" percent="0" />
    </mem>
    <mem type="tenure" free="1332272" total="4653056" percent="28">
      <mem type="soa" free="1144880" total="4420608" percent="25" />
      <mem type="loa" free="187392" total="232448" percent="80" />
    </mem>
    <remembered-set count="1646" />
  </mem-info>
</gc-start>
<allocation-stats totalBytes="30843768" >
  <allocated-bytes non-tlh="24" tlh="30843744" />
  <largest-consumer threadName="Thread-10" threadId="0000000001576900" bytes="11763000" />
</allocation-stats>
<gc-op id="1812" type="scavenge" timems="0.586" contextid="1809" timestamp="2019-06-16T01:51:50.578">
  <scavenger-info tenureage="3" tenuremask="4008" tiltratio="89" />
  <memory-copied type="nursery" objects="20260" bytes="900208" bytesdiscarded="276368" />
  <memory-copied type="tenure" objects="325" bytes="7800" bytesdiscarded="0" />
  <ownableSynchronizers candidates="6" cleared="6" />
</gc-op>
<gc-end id="1813" type="scavenge" contextid="1809" durationms="0.943" usertimems="4.000" systemtimems="0.000" timestamp="2019-06-16T01:51:50.578" activeThreads="4">
  <mem-info id="1814" free="31835952" total="39911424" percent="79">
    <mem type="nursery" free="30542848" total="35258368" percent="86">
      <mem type="allocate" free="30542848" total="31719424" percent="96" />
      <mem type="survivor" free="0" total="3538944" percent="0" />
    </mem>
    <mem type="tenure" free="1293104" total="4653056" percent="27">
      <mem type="soa" free="1105712" total="4420608" percent="25" />
      <mem type="loa" free="187392" total="232448" percent="80" />
    </mem>
    <remembered-set count="1321" />
  </mem-info>
</gc-end>
<cycle-end id="1815" type="scavenge" contextid="1809" timestamp="2019-06-16T01:51:50.578" />
  <attribute name="elasticGC enabled" value="1" />
  <attribute name= "numThreadsSpecified" value="4" />
  <attribute name="heapSize specified" value="40108032" />
  <attribute name="Current GC Util" value="36" />
  <attribute name= "Current Time Running" value="2868" />
  <attribute name ="GC Interval" value="344" />
  <attribute name="ProportionalT" value="24.000000" />
  <attribute name="ProportionalI" value="24.000000" />
  <attribute name="ProportionalH" value="24.000000" />
  <attribute name="Current Error" value="16.000000" />
  <attribute name="IntegralT" value="320.000000" />
  <attribute name="IntegralI" value="320.000000" />
  <attribute name="IntegralH" value="320.000000" />
  <attribute name="DerivativeT" value="-5.350000" />
  <attribute name="DerivativeI" value="-5.350000" />
  <attribute name="DerivativeH" value="-5.350000" />
  <attribute name="Loop Time for DT" value="20.000000" />
  <attribute name="Output H" value="8388608"/>
  <attribute name="Output I" value="344"/>
  <attribute name="Output T" value="4"/>
  <attribute name="Target GC Util Change" value ="20.000000" />
  <attribute name="Current GC Util Change" value="36.000000"/>
  <attribute name="GC Util currently" value="36" />
  <attribute name="CPU Util currently" value="235229914564" />
<allocation-satisfied id="1816" threadId="0000000001572D00" bytesRequested="40" />
<af-end id="1817" timestamp="2019-06-16T01:51:50.579" threadId="0000000001573688" success="true" from="nursery"/>
<exclusive-end id="1818" timestamp="2019-06-16T01:51:50.579" durationms="1.548" />

<exclusive-start id="1819" timestamp="2019-06-16T01:51:50.596" intervalms="18.572">
  <response-info timems="0.032" idlems="0.032" threads="0" lastid="000000000157E100" lastname="Thread-9" />
</exclusive-start>
<af-start id="1820" threadId="000000000157EA88" totalBytesRequested="40" timestamp="2019-06-16T01:51:50.596" intervalms="18.537" type="nursery" />
<cycle-start id="1821" type="scavenge" contextid="0" timestamp="2019-06-16T01:51:50.596" intervalms="18.528" />
<gc-start id="1822" type="scavenge" contextid="1821" timestamp="2019-06-16T01:51:50.596">
  <mem-info id="1823" free="1293104" total="39911424" percent="3">
    <mem type="nursery" free="0" total="35258368" percent="0">
      <mem type="allocate" free="0" total="31719424" percent="0" />
      <mem type="survivor" free="0" total="3538944" percent="0" />
    </mem>
    <mem type="tenure" free="1293104" total="4653056" percent="27">
      <mem type="soa" free="1105712" total="4420608" percent="25" />
      <mem type="loa" free="187392" total="232448" percent="80" />
    </mem>
    <remembered-set count="1594" />
  </mem-info>
</gc-start>
<allocation-stats totalBytes="30541760" >
  <allocated-bytes non-tlh="40" tlh="30541720" />
  <largest-consumer threadName="Thread-10" threadId="0000000001576900" bytes="12025328" />
</allocation-stats>
<gc-op id="1824" type="scavenge" timems="0.950" contextid="1821" timestamp="2019-06-16T01:51:50.597">
  <scavenger-info tenureage="14" tenuremask="4000" tiltratio="89" />
  <memory-copied type="nursery" objects="21981" bytes="941872" bytesdiscarded="203984" />
</gc-op>
<heap-resize id="1825" type="expand" space="nursery" amount="1310720" count="1" timems="0.027" reason="excessive time being spent scavenging" timestamp="2019-06-16T01:51:50.597" />
<gc-end id="1826" type="scavenge" contextid="1821" durationms="1.193" usertimems="4.000" systemtimems="0.000" timestamp="2019-06-16T01:51:50.597" activeThreads="4">
  <mem-info id="1827" free="33046320" total="41222144" percent="80">
    <mem type="nursery" free="31753216" total="36569088" percent="86">
      <mem type="allocate" free="31753216" total="32899072" percent="96" />
      <mem type="survivor" free="0" total="3670016" percent="0" />
    </mem>
    <mem type="tenure" free="1293104" total="4653056" percent="27">
      <mem type="soa" free="1105712" total="4420608" percent="25" />
      <mem type="loa" free="187392" total="232448" percent="80" />
    </mem>
    <remembered-set count="1594" />
  </mem-info>
</gc-end>
<cycle-end id="1828" type="scavenge" contextid="1821" timestamp="2019-06-16T01:51:50.597" />
  <attribute name="elasticGC enabled" value="1" />
  <attribute name= "numThreadsSpecified" value="4" />
  <attribute name="heapSize specified" value="40108032" />
  <attribute name="Current GC Util" value="11" />
  <attribute name= "Current Time Running" value="2886" />
  <attribute name ="GC Interval" value="200" />
  <attribute name="ProportionalT" value="-13.500000" />
  <attribute name="ProportionalI" value="-13.500000" />
  <attribute name="ProportionalH" value="-13.500000" />
  <attribute name="Current Error" value="-9.000000" />
  <attribute name="IntegralT" value="-162.000000" />
  <attribute name="IntegralI" value="-162.000000" />
  <attribute name="IntegralH" value="-162.000000" />
  <attribute name="DerivativeT" value="-1.388889" />
  <attribute name="DerivativeI" value="-1.388889" />
  <attribute name="DerivativeH" value="-1.388889" />
  <attribute name="Loop Time for DT" value="18.000000" />
  <attribute name="Output H" value="2092630016"/>
  <attribute name="Output I" value="200"/>
  <attribute name="Output T" value="4"/>
  <attribute name="Target GC Util Change" value ="20.000000" />
  <attribute name="Current GC Util Change" value="11.000000"/>
  <attribute name="GC Util currently" value="11" />
  <attribute name="CPU Util currently" value="249160538883" />
<allocation-satisfied id="1829" threadId="000000000157E100" bytesRequested="40" />
<af-end id="1830" timestamp="2019-06-16T01:51:50.597" threadId="000000000157EA88" success="true" from="nursery"/>
<exclusive-end id="1831" timestamp="2019-06-16T01:51:50.597" durationms="1.607" />

<exclusive-start id="1832" timestamp="2019-06-16T01:51:50.616" intervalms="20.172">
  <response-info timems="0.055" idlems="0.029" threads="1" lastid="000000000157A500" lastname="Thread-8" />
</exclusive-start>
<af-start id="1833" threadId="0000000001573688" totalBytesRequested="24" timestamp="2019-06-16T01:51:50.616" intervalms="20.206" type="nursery" />
<cycle-start id="1834" type="scavenge" contextid="0" timestamp="2019-06-16T01:51:50.616" intervalms="20.253" />
<gc-start id="1835" type="scavenge" contextid="1834" timestamp="2019-06-16T01:51:50.616">
  <mem-info id="1836" free="1293104" total="41222144" percent="3">
    <mem type="nursery" free="0" total="36569088" percent="0">
      <mem type="allocate" free="0" total="32899072" percent="0" />
      <mem type="survivor" free="0" total="3670016" percent="0" />
    </mem>
    <mem type="tenure" free="1293104" total="4653056" percent="27">
      <mem type="soa" free="1105712" total="4420608" percent="25" />
      <mem type="loa" free="187392" total="232448" percent="80" />
    </mem>
    <remembered-set count="1838" />
  </mem-info>
</gc-start>
<allocation-stats totalBytes="31749400" >
  <allocated-bytes non-tlh="40" tlh="31749360" />
  <largest-consumer threadName="Thread-10" threadId="0000000001576900" bytes="11853496" />
</allocation-stats>
<gc-op id="1837" type="scavenge" timems="0.799" contextid="1834" timestamp="2019-06-16T01:51:50.617">
  <scavenger-info tenureage="3" tenuremask="4008" tiltratio="89" />
  <memory-copied type="nursery" objects="7093" bytes="171976" bytesdiscarded="247352" />
  <memory-copied type="tenure" objects="16861" bytes="816792" bytesdiscarded="120" />
</gc-op>
<gc-end id="1838" type="scavenge" contextid="1834" durationms="1.245" usertimems="4.000" systemtimems="0.000" timestamp="2019-06-16T01:51:50.618" activeThreads="4">
  <mem-info id="1839" free="32828208" total="41222144" percent="79">
    <mem type="nursery" free="32479744" total="36569088" percent="88">
      <mem type="allocate" free="32479744" total="32899072" percent="98" />
      <mem type="survivor" free="0" total="3670016" percent="0" />
    </mem>
    <mem type="tenure" free="348464" total="4653056" percent="7">
      <mem type="soa" free="161072" total="4420608" percent="3" />
      <mem type="loa" free="187392" total="232448" percent="80" />
    </mem>
    <remembered-set count="6910" />
  </mem-info>
</gc-end>
<cycle-end id="1840" type="scavenge" contextid="1834" timestamp="2019-06-16T01:51:50.618" />
  <attribute name="elasticGC enabled" value="1" />
  <attribute name= "numThreadsSpecified" value="4" />
  <attribute name="heapSize specified" value="40108032" />
  <attribute name="Current GC Util" value="12" />
  <attribute name= "Current Time Running" value="2907" />
  <attribute name ="GC Interval" value="200" />
  <attribute name="ProportionalT" value="-12.000000" />
  <attribute name="ProportionalI" value="-12.000000" />
  <attribute name="ProportionalH" value="-12.000000" />
  <attribute name="Current Error" value="-8.000000" />
  <attribute name="IntegralT" value="-168.000000" />
  <attribute name="IntegralI" value="-168.000000" />
  <attribute name="IntegralH" value="-168.000000" />
  <attribute name="DerivativeT" value="-0.380952" />
  <attribute name="DerivativeI" value="-0.380952" />
  <attribute name="DerivativeH" value="-0.380952" />
  <attribute name="Loop Time for DT" value="21.000000" />
  <attribute name="Output H" value="2092630016"/>
  <attribute name="Output I" value="200"/>
  <attribute name="Output T" value="4"/>
  <attribute name="Target GC Util Change" value ="20.000000" />
  <attribute name="Current GC Util Change" value="12.000000"/>
  <attribute name="GC Util currently" value="12" />
  <attribute name="CPU Util currently" value="226532316632" />
<allocation-satisfied id="1841" threadId="0000000001572D00" bytesRequested="24" />
<af-end id="1842" timestamp="2019-06-16T01:51:50.618" threadId="0000000001573688" success="true" from="nursery"/>
<exclusive-end id="1843" timestamp="2019-06-16T01:51:50.618" durationms="1.890" />

<concurrent-kickoff id="1844" timestamp="2019-06-16T01:51:50.637">
  <kickoff reason="threshold reached" targetBytes="1683780" thresholdFreeBytes="242653"  remainingFree="236032" tenureFreeBytes="348464" nurseryFreeBytes="236032" />
</concurrent-kickoff>
<exclusive-start id="1845" timestamp="2019-06-16T01:51:50.638" intervalms="21.687">
  <response-info timems="0.035" idlems="0.035" threads="0" lastid="000000000157E100" lastname="Thread-9" />
</exclusive-start>
<cycle-start id="1846" type="global" contextid="0" timestamp="2019-06-16T01:51:50.638" intervalms="107.695" />
<exclusive-end id="1847" timestamp="2019-06-16T01:51:50.638" durationms="0.100" />

<exclusive-start id="1848" timestamp="2019-06-16T01:51:50.638" intervalms="0.519">
  <response-info timems="0.029" idlems="0.029" threads="0" lastid="000000000157A500" lastname="Thread-8" />
</exclusive-start>
<af-start id="1849" threadId="000000000157AE88" totalBytesRequested="40" timestamp="2019-06-16T01:51:50.638" intervalms="22.169" type="nursery" />
<cycle-start id="1850" type="scavenge" contextid="0" timestamp="2019-06-16T01:51:50.638" intervalms="22.100" />
<gc-start id="1851" type="scavenge" contextid="1850" timestamp="2019-06-16T01:51:50.638">
  <mem-info id="1852" free="348464" total="41222144" percent="0">
    <mem type="nursery" free="0" total="36569088" percent="0">
      <mem type="allocate" free="0" total="32899072" percent="0" />
      <mem type="survivor" free="0" total="3670016" percent="0" />
    </mem>
    <mem type="tenure" free="348464" total="4653056" percent="7">
      <mem type="soa" free="161072" total="4420608" percent="3" />
      <mem type="loa" free="187392" total="232448" percent="80" />
    </mem>
    <remembered-set count="8486" />
  </mem-info>
</gc-start>
<allocation-stats totalBytes="32476872" >
  <allocated-bytes non-tlh="24" tlh="32476848" />
  <largest-consumer threadName="Thread-10" threadId="0000000001576900" bytes="11238536" />
</allocation-stats>
<gc-op id="1853" type="scavenge" timems="0.466" contextid="1850" timestamp="2019-06-16T01:51:50.639">
  <scavenger-info tenureage="3" tenuremask="ffe8" tiltratio="89" />
  <memory-copied type="nursery" objects="11734" bytes="420888" bytesdiscarded="222816" />
  <memory-copied type="tenure" objects="3077" bytes="73848" bytesdiscarded="0" />
</gc-op>
<gc-end id="1854" type="scavenge" contextid="1850" durationms="0.827" usertimems="0.000" systemtimems="0.000" timestamp="2019-06-16T01:51:50.639" activeThreads="4">
  <mem-info id="1855" free="32564664" total="41222144" percent="78">
    <mem type="nursery" free="32255368" total="36569088" percent="88">
      <mem type="allocate" free="32255368" total="32899072" percent="98" />
      <mem type="survivor" free="0" total="3670016" percent="0" />
    </mem>
    <mem type="tenure" free="309296" total="4653056" percent="6">
      <mem type="soa" free="121904" total="4420608" percent="2" />
      <mem type="loa" free="187392" total="232448" percent="80" />
    </mem>
    <remembered-set count="5409" />
  </mem-info>
</gc-end>
<cycle-end id="1856" type="scavenge" contextid="1850" timestamp="2019-06-16T01:51:50.639" />
  <attribute name="elasticGC enabled" value="1" />
  <attribute name= "numThreadsSpecified" value="4" />
  <attribute name="heapSize specified" value="40108032" />
  <attribute name="Current GC Util" value="13" />
  <attribute name= "Current Time Running" value="2929" />
  <attribute name ="GC Interval" value="200" />
  <attribute name="ProportionalT" value="-10.500000" />
  <attribute name="ProportionalI" value="-10.500000" />
  <attribute name="ProportionalH" value="-10.500000" />
  <attribute name="Current Error" value="-7.000000" />
  <attribute name="IntegralT" value="-154.000000" />
  <attribute name="IntegralI" value="-154.000000" />
  <attribute name="IntegralH" value="-154.000000" />
  <attribute name="DerivativeT" value="-0.318182" />
  <attribute name="DerivativeI" value="-0.318182" />
  <attribute name="DerivativeH" value="-0.318182" />
  <attribute name="Loop Time for DT" value="22.000000" />
  <attribute name="Output H" value="2092630016"/>
  <attribute name="Output I" value="200"/>
  <attribute name="Output T" value="4"/>
  <attribute name="Target GC Util Change" value ="20.000000" />
  <attribute name="Current GC Util Change" value="13.000000"/>
  <attribute name="GC Util currently" value="13" />
  <attribute name="CPU Util currently" value="209426220460" />
<allocation-satisfied id="1857" threadId="000000000157A500" bytesRequested="40" />
<af-end id="1858" timestamp="2019-06-16T01:51:50.640" threadId="000000000157AE88" success="true" from="nursery"/>
<exclusive-end id="1859" timestamp="2019-06-16T01:51:50.640" durationms="1.566" />

<exclusive-start id="1860" timestamp="2019-06-16T01:51:50.665" intervalms="26.595">
  <response-info timems="0.049" idlems="0.049" threads="0" lastid="000000000157E100" lastname="Thread-9" />
</exclusive-start>
<af-start id="1861" threadId="000000000157EA88" totalBytesRequested="40" timestamp="2019-06-16T01:51:50.665" intervalms="26.700" type="nursery" />
<cycle-start id="1862" type="scavenge" contextid="0" timestamp="2019-06-16T01:51:50.665" intervalms="26.730" />
<gc-start id="1863" type="scavenge" contextid="1862" timestamp="2019-06-16T01:51:50.665">
  <mem-info id="1864" free="309296" total="41222144" percent="0">
    <mem type="nursery" free="0" total="36569088" percent="0">
      <mem type="allocate" free="0" total="32899072" percent="0" />
      <mem type="survivor" free="0" total="3670016" percent="0" />
    </mem>
    <mem type="tenure" free="309296" total="4653056" percent="6">
      <mem type="soa" free="121904" total="4420608" percent="2" />
      <mem type="loa" free="187392" total="232448" percent="80" />
    </mem>
    <remembered-set count="6235" />
  </mem-info>
</gc-start>
<allocation-stats totalBytes="32250744" >
  <allocated-bytes non-tlh="40" tlh="32250704" />
  <largest-consumer threadName="Thread-10" threadId="0000000001576900" bytes="9545736" />
</allocation-stats>
<gc-op id="1865" type="scavenge" timems="1.040" contextid="1862" timestamp="2019-06-16T01:51:50.666">
  <scavenger-info tenureage="3" tenuremask="4008" tiltratio="89" />
  <memory-copied type="nursery" objects="11427" bytes="413392" bytesdiscarded="137264" />
  <memory-copied type="tenure" objects="1664" bytes="39936" bytesdiscarded="0" />
</gc-op>
<gc-end id="1866" type="scavenge" contextid="1862" durationms="1.304" usertimems="0.000" systemtimems="0.000" timestamp="2019-06-16T01:51:50.666" activeThreads="4">
  <mem-info id="1867" free="32579376" total="41222144" percent="79">
    <mem type="nursery" free="32348416" total="36569088" percent="88">
      <mem type="allocate" free="32348416" total="32899072" percent="98" />
      <mem type="survivor" free="0" total="3670016" percent="0" />
    </mem>
    <mem type="tenure" free="230960" total="4653056" percent="4">
      <mem type="soa" free="43568" total="4420608" percent="0" />
      <mem type="loa" free="187392" total="232448" percent="80" />
    </mem>
    <remembered-set count="4570" />
  </mem-info>
</gc-end>
<cycle-end id="1868" type="scavenge" contextid="1862" timestamp="2019-06-16T01:51:50.667" />
  <attribute name="elasticGC enabled" value="1" />
  <attribute name= "numThreadsSpecified" value="4" />
  <attribute name="heapSize specified" value="40108032" />
  <attribute name="Current GC Util" value="6" />
  <attribute name= "Current Time Running" value="2955" />
  <attribute name ="GC Interval" value="200" />
  <attribute name="ProportionalT" value="-21.000000" />
  <attribute name="ProportionalI" value="-21.000000" />
  <attribute name="ProportionalH" value="-21.000000" />
  <attribute name="Current Error" value="-14.000000" />
  <attribute name="IntegralT" value="-364.000000" />
  <attribute name="IntegralI" value="-364.000000" />
  <attribute name="IntegralH" value="-364.000000" />
  <attribute name="DerivativeT" value="-0.538462" />
  <attribute name="DerivativeI" value="-0.538462" />
  <attribute name="DerivativeH" value="-0.538462" />
  <attribute name="Loop Time for DT" value="26.000000" />
  <attribute name="Output H" value="2092630016"/>
  <attribute name="Output I" value="200"/>
  <attribute name="Output T" value="4"/>
  <attribute name="Target GC Util Change" value ="20.000000" />
  <attribute name="Current GC Util Change" value="6.000000"/>
  <attribute name="GC Util currently" value="6" />
  <attribute name="CPU Util currently" value="171546515454" />
<allocation-satisfied id="1869" threadId="000000000157E100" bytesRequested="40" />
<af-end id="1870" timestamp="2019-06-16T01:51:50.667" threadId="000000000157EA88" success="true" from="nursery"/>
<exclusive-end id="1871" timestamp="2019-06-16T01:51:50.667" durationms="2.723" />

<exclusive-start id="1872" timestamp="2019-06-16T01:51:50.668" intervalms="3.306">
  <response-info timems="0.025" idlems="0.025" threads="0" lastid="000000000157E100" lastname="Thread-9" />
</exclusive-start>
<concurrent-collection-start id="1873" timestamp="2019-06-16T01:51:50.668" intervalms="453.581" >
  <concurrent-trace-info reason="card cleaning threshold reached" tracedByMutators="1537572" tracedByHelpers="686736" cardsCleaned="457" workStackOverflowCount="0" />
</concurrent-collection-start>
<gc-start id="1874" type="global" contextid="1846" timestamp="2019-06-16T01:51:50.668">
  <mem-info id="1875" free="32313096" total="41222144" percent="78">
    <mem type="nursery" free="32082136" total="36569088" percent="87">
      <mem type="allocate" free="32082136" total="32899072" percent="97" />
      <mem type="survivor" free="0" total="3670016" percent="0" />
    </mem>
    <mem type="tenure" free="230960" total="4653056" percent="4">
      <mem type="soa" free="43568" total="4420608" percent="0" />
      <mem type="loa" free="187392" total="232448" percent="80" />
    </mem>
    <remembered-set count="4574" />
  </mem-info>
</gc-start>
<allocation-stats totalBytes="266280" >
  <allocated-bytes non-tlh="40" tlh="266240" />
  <largest-consumer threadName="Thread-9" threadId="000000000157E100" bytes="135208" />
</allocation-stats>
<gc-op id="1876" type="rs-scan" timems="0.431" contextid="1846" timestamp="2019-06-16T01:51:50.669">
  <scan objectsFound="2500" bytesTraced="247412" workStackOverflowCount="0" />
</gc-op>
<gc-op id="1877" type="card-cleaning" timems="0.249" contextid="1846" timestamp="2019-06-16T01:51:50.669">
  <card-cleaning cardsCleaned="6" bytesTraced="5880" workStackOverflowCount="0" />
</gc-op>
<gc-op id="1878" type="mark" timems="0.988" contextid="1846" timestamp="2019-06-16T01:51:50.670">
  <trace-info objectcount="6304" scancount="6272" scanbytes="290684" />
  <finalization candidates="124" enqueued="0" />
  <ownableSynchronizers candidates="3" cleared="0" />
  <references type="soft" candidates="84" cleared="0" enqueued="0" dynamicThreshold="9" maxThreshold="32" />
  <references type="weak" candidates="693" cleared="0" enqueued="0" />
  <references type="phantom" candidates="38" cleared="0" enqueued="0" />
  <stringconstants candidates="4597" cleared="0"  />
</gc-op>
<gc-op id="1879" type="sweep" timems="0.534" contextid="1846" timestamp="2019-06-16T01:51:50.671" />
<mem-info id="1880" free="33223096" total="41222144" percent="80">
  <mem type="nursery" free="32509776" total="36569088" percent="88">
    <mem type="allocate" free="32509776" total="32899072" percent="98" />
    <mem type="survivor" free="0" total="3670016" percent="0" />
  </mem>
  <mem type="tenure" free="713320" total="4653056" percent="15" micro-fragmented="46909" macro-fragmented="0">
    <mem type="soa" free="480872" total="4420608" percent="10" />
    <mem type="loa" free="232448" total="232448" percent="100" />
  </mem>
  <remembered-set count="2549" />
</mem-info>
<gc-op id="1881" type="compact" timems="4.883" contextid="1846" timestamp="2019-06-16T01:51:50.676">
  <compact-info movecount="21958" movebytes="941160" reason="compact to aid heap contraction" />
</gc-op>
<heap-resize id="1882" type="contract" space="tenure" amount="196608" count="1" timems="0.070" reason="heap reconfiguration" timestamp="2019-06-16T01:51:50.676" />
<gc-end id="1883" type="global" contextid="1846" durationms="7.974" usertimems="20.000" systemtimems="0.000" timestamp="2019-06-16T01:51:50.676" activeThreads="4">
  <mem-info id="1884" free="33081600" total="41025536" percent="80">
    <mem type="nursery" free="32557720" total="36569088" percent="89">
      <mem type="allocate" free="32557720" total="32899072" percent="98" />
      <mem type="survivor" free="0" total="3670016" percent="0" />
    </mem>
    <mem type="tenure" free="523880" total="4456448" percent="11">
      <mem type="soa" free="337512" total="4234240" percent="7" />
      <mem type="loa" free="186368" total="222208" percent="83" />
    </mem>
    <remembered-set count="2549" />
  </mem-info>
</gc-end>
<cycle-end id="1885" type="global" contextid="1846" timestamp="2019-06-16T01:51:50.676" />
  <attribute name="elasticGC enabled" value="1" />
  <attribute name= "numThreadsSpecified" value="4" />
  <attribute name="heapSize specified" value="41222144" />
  <attribute name="Current GC Util" value="89" />
  <attribute name= "Current Time Running" value="2966" />
  <attribute name ="GC Interval" value="200" />
  <attribute name="ProportionalT" value="103.500000" />
  <attribute name="ProportionalI" value="103.500000" />
  <attribute name="ProportionalH" value="103.500000" />
  <attribute name="Current Error" value="69.000000" />
  <attribute name="IntegralT" value="345.000000" />
  <attribute name="IntegralI" value="345.000000" />
  <attribute name="IntegralH" value="345.000000" />
  <attribute name="DerivativeT" value="-13.000000" />
  <attribute name="DerivativeI" value="-13.000000" />
  <attribute name="DerivativeH" value="-13.000000" />
  <attribute name="Loop Time for DT" value="5.000000" />
  <attribute name="Output H" value="8388608"/>
  <attribute name="Output I" value="440"/>
  <attribute name="Output T" value="4"/>
  <attribute name="Target GC Util Change" value ="20.000000" />
  <attribute name="Current GC Util Change" value="89.000000"/>
  <attribute name="GC Util currently" value="89" />
  <attribute name="CPU Util currently" value="924770641818" />
<concurrent-collection-end id="1886" timestamp="2019-06-16T01:51:50.676" />
<exclusive-end id="1887" timestamp="2019-06-16T01:51:50.676" durationms="8.264" />

<concurrent-kickoff id="1888" timestamp="2019-06-16T01:51:50.694">
  <kickoff reason="threshold reached" targetBytes="1718796" thresholdFreeBytes="247434"  remainingFree="215704" tenureFreeBytes="523880" nurseryFreeBytes="215704" />
</concurrent-kickoff>
<exclusive-start id="1889" timestamp="2019-06-16T01:51:50.695" intervalms="26.549">
  <response-info timems="0.104" idlems="0.061" threads="1" lastid="000000000157A500" lastname="Thread-8" />
</exclusive-start>
<cycle-start id="1890" type="global" contextid="0" timestamp="2019-06-16T01:51:50.695" intervalms="56.967" />
<exclusive-end id="1891" timestamp="2019-06-16T01:51:50.695" durationms="0.092" />

<exclusive-start id="1892" timestamp="2019-06-16T01:51:50.695" intervalms="0.442">
  <response-info timems="0.025" idlems="0.025" threads="0" lastid="000000000157A500" lastname="Thread-8" />
</exclusive-start>
<af-start id="1893" threadId="000000000157AE88" totalBytesRequested="24" timestamp="2019-06-16T01:51:50.695" intervalms="30.195" type="nursery" />
<cycle-start id="1894" type="scavenge" contextid="0" timestamp="2019-06-16T01:51:50.695" intervalms="30.198" />
<gc-start id="1895" type="scavenge" contextid="1894" timestamp="2019-06-16T01:51:50.695">
  <mem-info id="1896" free="523880" total="41025536" percent="1">
    <mem type="nursery" free="0" total="36569088" percent="0">
      <mem type="allocate" free="0" total="32899072" percent="0" />
      <mem type="survivor" free="0" total="3670016" percent="0" />
    </mem>
    <mem type="tenure" free="523880" total="4456448" percent="11">
      <mem type="soa" free="337512" total="4234240" percent="7" />
      <mem type="loa" free="186368" total="222208" percent="83" />
    </mem>
    <remembered-set count="3613" />
  </mem-info>
</gc-start>
<allocation-stats totalBytes="32557144" >
  <allocated-bytes non-tlh="0" tlh="32557144" />
  <largest-consumer threadName="Thread-9" threadId="000000000157E100" bytes="10141456" />
</allocation-stats>
<gc-op id="1897" type="scavenge" timems="0.422" contextid="1894" timestamp="2019-06-16T01:51:50.696">
  <scavenger-info tenureage="3" tenuremask="ffe8" tiltratio="89" />
  <memory-copied type="nursery" objects="9067" bytes="356416" bytesdiscarded="202688" />
  <memory-copied type="tenure" objects="752" bytes="18048" bytesdiscarded="0" />
  <ownableSynchronizers candidates="6" cleared="6" />
</gc-op>
<gc-end id="1898" type="scavenge" contextid="1894" durationms="0.787" usertimems="0.000" systemtimems="0.000" timestamp="2019-06-16T01:51:50.696" activeThreads="4">
  <mem-info id="1899" free="32785512" total="41025536" percent="79">
    <mem type="nursery" free="32339968" total="36569088" percent="88">
      <mem type="allocate" free="32339968" total="32899072" percent="98" />
      <mem type="survivor" free="0" total="3670016" percent="0" />
    </mem>
    <mem type="tenure" free="445544" total="4456448" percent="9">
      <mem type="soa" free="259176" total="4234240" percent="6" />
      <mem type="loa" free="186368" total="222208" percent="83" />
    </mem>
    <remembered-set count="2861" />
  </mem-info>
</gc-end>
<cycle-end id="1900" type="scavenge" contextid="1894" timestamp="2019-06-16T01:51:50.696" />
  <attribute name="elasticGC enabled" value="1" />
  <attribute name= "numThreadsSpecified" value="4" />
  <attribute name="heapSize specified" value="41222144" />
  <attribute name="Current GC Util" value="28" />
  <attribute name= "Current Time Running" value="2986" />
  <attribute name ="GC Interval" value="200" />
  <attribute name="ProportionalT" value="12.000000" />
  <attribute name="ProportionalI" value="12.000000" />
  <attribute name="ProportionalH" value="12.000000" />
  <attribute name="Current Error" value="8.000000" />
  <attribute name="IntegralT" value="160.000000" />
  <attribute name="IntegralI" value="160.000000" />
  <attribute name="IntegralH" value="160.000000" />
  <attribute name="DerivativeT" value="-3.050000" />
  <attribute name="DerivativeI" value="-3.050000" />
  <attribute name="DerivativeH" value="-3.050000" />
  <attribute name="Loop Time for DT" value="20.000000" />
  <attribute name="Output H" value="8388608"/>
  <attribute name="Output I" value="200"/>
  <attribute name="Output T" value="4"/>
  <attribute name="Target GC Util Change" value ="20.000000" />
  <attribute name="Current GC Util Change" value="28.000000"/>
  <attribute name="GC Util currently" value="28" />
  <attribute name="CPU Util currently" value="234441841392" />
<allocation-satisfied id="1901" threadId="000000000157A500" bytesRequested="24" />
<af-end id="1902" timestamp="2019-06-16T01:51:50.697" threadId="000000000157AE88" success="true" from="nursery"/>
<exclusive-end id="1903" timestamp="2019-06-16T01:51:50.697" durationms="1.614" />

<exclusive-start id="1904" timestamp="2019-06-16T01:51:50.720" intervalms="24.731">
  <response-info timems="0.037" idlems="0.037" threads="0" lastid="000000000157E100" lastname="Thread-9" />
</exclusive-start>
<af-start id="1905" threadId="000000000157EA88" totalBytesRequested="40" timestamp="2019-06-16T01:51:50.720" intervalms="24.853" type="nursery" />
<cycle-start id="1906" type="scavenge" contextid="0" timestamp="2019-06-16T01:51:50.720" intervalms="24.850" />
<gc-start id="1907" type="scavenge" contextid="1906" timestamp="2019-06-16T01:51:50.720">
  <mem-info id="1908" free="445544" total="41025536" percent="1">
    <mem type="nursery" free="0" total="36569088" percent="0">
      <mem type="allocate" free="0" total="32899072" percent="0" />
      <mem type="survivor" free="0" total="3670016" percent="0" />
    </mem>
    <mem type="tenure" free="445544" total="4456448" percent="9">
      <mem type="soa" free="259176" total="4234240" percent="6" />
      <mem type="loa" free="186368" total="222208" percent="83" />
    </mem>
    <remembered-set count="5251" />
  </mem-info>
</gc-start>
<allocation-stats totalBytes="32336960" >
  <allocated-bytes non-tlh="24" tlh="32336936" />
  <largest-consumer threadName="Thread-9" threadId="000000000157E100" bytes="9796776" />
</allocation-stats>
<gc-op id="1909" type="scavenge" timems="1.384" contextid="1906" timestamp="2019-06-16T01:51:50.722">
  <scavenger-info tenureage="5" tenuremask="ffe0" tiltratio="89" />
  <memory-copied type="nursery" objects="18665" bytes="724472" bytesdiscarded="194680" />
</gc-op>
<gc-end id="1910" type="scavenge" contextid="1906" durationms="1.563" usertimems="4.000" systemtimems="0.000" timestamp="2019-06-16T01:51:50.722" activeThreads="4">
  <mem-info id="1911" free="32425464" total="41025536" percent="79">
    <mem type="nursery" free="31979920" total="36569088" percent="87">
      <mem type="allocate" free="31979920" total="32899072" percent="97" />
      <mem type="survivor" free="0" total="3670016" percent="0" />
    </mem>
    <mem type="tenure" free="445544" total="4456448" percent="9">
      <mem type="soa" free="259176" total="4234240" percent="6" />
      <mem type="loa" free="186368" total="222208" percent="83" />
    </mem>
    <remembered-set count="5251" />
  </mem-info>
</gc-end>
<cycle-end id="1912" type="scavenge" contextid="1906" timestamp="2019-06-16T01:51:50.722" />
  <attribute name="elasticGC enabled" value="1" />
  <attribute name= "numThreadsSpecified" value="4" />
  <attribute name="heapSize specified" value="41222144" />
  <attribute name="Current GC Util" value="5" />
  <attribute name= "Current Time Running" value="3010" />
  <attribute name ="GC Interval" value="200" />
  <attribute name="ProportionalT" value="-22.500000" />
  <attribute name="ProportionalI" value="-22.500000" />
  <attribute name="ProportionalH" value="-22.500000" />
  <attribute name="Current Error" value="-15.000000" />
  <attribute name="IntegralT" value="-360.000000" />
  <attribute name="IntegralI" value="-360.000000" />
  <attribute name="IntegralH" value="-360.000000" />
  <attribute name="DerivativeT" value="-0.958333" />
  <attribute name="DerivativeI" value="-0.958333" />
  <attribute name="DerivativeH" value="-0.958333" />
  <attribute name="Loop Time for DT" value="24.000000" />
  <attribute name="Output H" value="2092630016"/>
  <attribute name="Output I" value="200"/>
  <attribute name="Output T" value="4"/>
  <attribute name="Target GC Util Change" value ="20.000000" />
  <attribute name="Current GC Util Change" value="5.000000"/>
  <attribute name="GC Util currently" value="5" />
  <attribute name="CPU Util currently" value="185341384078" />
<allocation-satisfied id="1913" threadId="000000000157E100" bytesRequested="40" />
<af-end id="1914" timestamp="2019-06-16T01:51:50.723" threadId="000000000157EA88" success="true" from="nursery"/>
<exclusive-end id="1915" timestamp="2019-06-16T01:51:50.723" durationms="2.965" />

<exclusive-start id="1916" timestamp="2019-06-16T01:51:50.723" intervalms="3.478">
  <response-info timems="0.027" idlems="0.027" threads="0" lastid="0000000001572D00" lastname="Thread-7" />
</exclusive-start>
<concurrent-collection-start id="1917" timestamp="2019-06-16T01:51:50.723" intervalms="55.249" >
  <concurrent-trace-info reason="card cleaning threshold reached" tracedByMutators="1740704" tracedByHelpers="474684" cardsCleaned="396" workStackOverflowCount="0" />
</concurrent-collection-start>
<gc-start id="1918" type="global" contextid="1890" timestamp="2019-06-16T01:51:50.723">
  <mem-info id="1919" free="32159184" total="41025536" percent="78">
    <mem type="nursery" free="31713640" total="36569088" percent="86">
      <mem type="allocate" free="31713640" total="32899072" percent="96" />
      <mem type="survivor" free="0" total="3670016" percent="0" />
    </mem>
    <mem type="tenure" free="445544" total="4456448" percent="9">
      <mem type="soa" free="259176" total="4234240" percent="6" />
      <mem type="loa" free="186368" total="222208" percent="83" />
    </mem>
    <remembered-set count="5255" />
  </mem-info>
</gc-start>
<allocation-stats totalBytes="266280" >
  <allocated-bytes non-tlh="40" tlh="266240" />
  <largest-consumer threadName="Thread-7" threadId="0000000001572D00" bytes="135168" />
</allocation-stats>
<gc-op id="1920" type="rs-scan" timems="0.294" contextid="1890" timestamp="2019-06-16T01:51:50.724">
  <scan objectsFound="5208" bytesTraced="464852" workStackOverflowCount="0" />
</gc-op>
<gc-op id="1921" type="card-cleaning" timems="0.060" contextid="1890" timestamp="2019-06-16T01:51:50.724">
  <card-cleaning cardsCleaned="5" bytesTraced="7368" workStackOverflowCount="0" />
</gc-op>
<gc-op id="1922" type="mark" timems="0.650" contextid="1890" timestamp="2019-06-16T01:51:50.725">
  <trace-info objectcount="12829" scancount="12797" scanbytes="584336" />
  <finalization candidates="124" enqueued="0" />
  <ownableSynchronizers candidates="3" cleared="0" />
  <references type="soft" candidates="84" cleared="0" enqueued="0" dynamicThreshold="3" maxThreshold="32" />
  <references type="weak" candidates="693" cleared="0" enqueued="0" />
  <references type="phantom" candidates="38" cleared="0" enqueued="0" />
  <stringconstants candidates="4597" cleared="0"  />
</gc-op>
<gc-op id="1923" type="sweep" timems="0.204" contextid="1890" timestamp="2019-06-16T01:51:50.725" />
<mem-info id="1924" free="32706240" total="41025536" percent="79">
  <mem type="nursery" free="32164568" total="36569088" percent="87">
    <mem type="allocate" free="32164568" total="32899072" percent="97" />
    <mem type="survivor" free="0" total="3670016" percent="0" />
  </mem>
  <mem type="tenure" free="541672" total="4456448" percent="12" micro-fragmented="0" macro-fragmented="0">
    <mem type="soa" free="319464" total="4234240" percent="7" />
    <mem type="loa" free="222208" total="222208" percent="100" />
  </mem>
  <remembered-set count="5255" />
</mem-info>
<gc-op id="1925" type="compact" timems="3.353" contextid="1890" timestamp="2019-06-16T01:51:50.728">
  <compact-info movecount="18788" movebytes="727384" reason="compact to aid heap contraction" />
</gc-op>
<heap-resize id="1926" type="contract" space="tenure" amount="196608" count="1" timems="0.094" reason="heap reconfiguration" timestamp="2019-06-16T01:51:50.729" />
<gc-end id="1927" type="global" contextid="1890" durationms="5.475" usertimems="4.000" systemtimems="4.000" timestamp="2019-06-16T01:51:50.729" activeThreads="4">
  <mem-info id="1928" free="32494008" total="40828928" percent="79">
    <mem type="nursery" free="32174544" total="36569088" percent="87">
      <mem type="allocate" free="32174544" total="32899072" percent="97" />
      <mem type="survivor" free="0" total="3670016" percent="0" />
    </mem>
    <mem type="tenure" free="319464" total="4259840" percent="7">
      <mem type="soa" free="132072" total="4046848" percent="3" />
      <mem type="loa" free="187392" total="212992" percent="87" />
    </mem>
    <remembered-set count="5255" />
  </mem-info>
</gc-end>
<cycle-end id="1929" type="global" contextid="1890" timestamp="2019-06-16T01:51:50.729" />
  <attribute name="elasticGC enabled" value="1" />
  <attribute name= "numThreadsSpecified" value="4" />
  <attribute name="heapSize specified" value="41025536" />
  <attribute name="Current GC Util" value="68" />
  <attribute name= "Current Time Running" value="3019" />
  <attribute name ="GC Interval" value="200" />
  <attribute name="ProportionalT" value="72.000000" />
  <attribute name="ProportionalI" value="72.000000" />
  <attribute name="ProportionalH" value="72.000000" />
  <attribute name="Current Error" value="48.000000" />
  <attribute name="IntegralT" value="192.000000" />
  <attribute name="IntegralI" value="192.000000" />
  <attribute name="IntegralH" value="192.000000" />
  <attribute name="DerivativeT" value="6.250000" />
  <attribute name="DerivativeI" value="6.250000" />
  <attribute name="DerivativeH" value="6.250000" />
  <attribute name="Loop Time for DT" value="4.000000" />
  <attribute name="Output H" value="8388608"/>
  <attribute name="Output I" value="272"/>
  <attribute name="Output T" value="4"/>
  <attribute name="Target GC Util Change" value ="20.000000" />
  <attribute name="Current GC Util Change" value="68.000000"/>
  <attribute name="GC Util currently" value="68" />
  <attribute name="CPU Util currently" value="1329033756972" />
<concurrent-collection-end id="1930" timestamp="2019-06-16T01:51:50.729" />
<exclusive-end id="1931" timestamp="2019-06-16T01:51:50.729" durationms="5.988" />

<concurrent-kickoff id="1932" timestamp="2019-06-16T01:51:50.745">
  <kickoff reason="threshold reached" targetBytes="1736853" thresholdFreeBytes="249865"  remainingFree="225744" tenureFreeBytes="319464" nurseryFreeBytes="225744" />
</concurrent-kickoff>
<exclusive-start id="1933" timestamp="2019-06-16T01:51:50.745" intervalms="22.027">
  <response-info timems="0.105" idlems="0.060" threads="1" lastid="000000000157A500" lastname="Thread-8" />
</exclusive-start>
<cycle-start id="1934" type="global" contextid="0" timestamp="2019-06-16T01:51:50.745" intervalms="50.719" />
<exclusive-end id="1935" timestamp="2019-06-16T01:51:50.745" durationms="0.137" />

<exclusive-start id="1936" timestamp="2019-06-16T01:51:50.746" intervalms="0.491">
  <response-info timems="0.023" idlems="0.023" threads="0" lastid="000000000157E100" lastname="Thread-9" />
</exclusive-start>
<af-start id="1937" threadId="000000000157EA88" totalBytesRequested="40" timestamp="2019-06-16T01:51:50.746" intervalms="25.859" type="nursery" />
<cycle-start id="1938" type="scavenge" contextid="0" timestamp="2019-06-16T01:51:50.746" intervalms="25.848" />
<gc-start id="1939" type="scavenge" contextid="1938" timestamp="2019-06-16T01:51:50.746">
  <mem-info id="1940" free="319464" total="40828928" percent="0">
    <mem type="nursery" free="0" total="36569088" percent="0">
      <mem type="allocate" free="0" total="32899072" percent="0" />
      <mem type="survivor" free="0" total="3670016" percent="0" />
    </mem>
    <mem type="tenure" free="319464" total="4259840" percent="7">
      <mem type="soa" free="132072" total="4046848" percent="3" />
      <mem type="loa" free="187392" total="212992" percent="87" />
    </mem>
    <remembered-set count="5878" />
  </mem-info>
</gc-start>
<allocation-stats totalBytes="32172120" >
  <allocated-bytes non-tlh="0" tlh="32172120" />
  <largest-consumer threadName="Thread-7" threadId="0000000001572D00" bytes="14036304" />
</allocation-stats>
<gc-op id="1941" type="scavenge" timems="1.433" contextid="1938" timestamp="2019-06-16T01:51:50.747">
  <scavenger-info tenureage="3" tenuremask="fff8" tiltratio="89" />
  <memory-copied type="nursery" objects="18004" bytes="661768" bytesdiscarded="159992" />
  <memory-copied type="tenure" objects="2825" bytes="115008" bytesdiscarded="24" />
  <copy-failed type="tenure" objects="4508" bytes="198360" />
  <ownableSynchronizers candidates="6" cleared="6" />
</gc-op>
<gc-end id="1942" type="scavenge" contextid="1938" durationms="1.603" usertimems="4.000" systemtimems="0.000" timestamp="2019-06-16T01:51:50.748" activeThreads="4">
  <mem-info id="1943" free="32264704" total="40828928" percent="79">
    <mem type="nursery" free="32077312" total="36569088" percent="87">
      <mem type="allocate" free="32077312" total="32899072" percent="97" />
      <mem type="survivor" free="0" total="3670016" percent="0" />
    </mem>
    <mem type="tenure" free="187392" total="4259840" percent="4">
      <mem type="soa" free="0" total="4046848" percent="0" />
      <mem type="loa" free="187392" total="212992" percent="87" />
    </mem>
    <remembered-set count="4538" />
  </mem-info>
</gc-end>
<cycle-end id="1944" type="scavenge" contextid="1938" timestamp="2019-06-16T01:51:50.748" />
  <attribute name="elasticGC enabled" value="1" />
  <attribute name= "numThreadsSpecified" value="4" />
  <attribute name="heapSize specified" value="41025536" />
  <attribute name="Current GC Util" value="26" />
  <attribute name= "Current Time Running" value="3036" />
  <attribute name ="GC Interval" value="200" />
  <attribute name="ProportionalT" value="9.000000" />
  <attribute name="ProportionalI" value="9.000000" />
  <attribute name="ProportionalH" value="9.000000" />
  <attribute name="Current Error" value="6.000000" />
  <attribute name="IntegralT" value="102.000000" />
  <attribute name="IntegralI" value="102.000000" />
  <attribute name="IntegralH" value="102.000000" />
  <attribute name="DerivativeT" value="-2.470588" />
  <attribute name="DerivativeI" value="-2.470588" />
  <attribute name="DerivativeH" value="-2.470588" />
  <attribute name="Loop Time for DT" value="17.000000" />
  <attribute name="Output H" value="8388608"/>
  <attribute name="Output I" value="200"/>
  <attribute name="Output T" value="4"/>
  <attribute name="Target GC Util Change" value ="20.000000" />
  <attribute name="Current GC Util Change" value="26.000000"/>
  <attribute name="GC Util currently" value="26" />
  <attribute name="CPU Util currently" value="263510714966" />
<allocation-satisfied id="1945" threadId="000000000157E100" bytesRequested="40" />
<af-end id="1946" timestamp="2019-06-16T01:51:50.748" threadId="000000000157EA88" success="true" from="nursery"/>
<exclusive-end id="1947" timestamp="2019-06-16T01:51:50.748" durationms="2.022" />

<exclusive-start id="1948" timestamp="2019-06-16T01:51:50.767" intervalms="21.076">
  <response-info timems="0.038" idlems="0.038" threads="0" lastid="000000000157E100" lastname="Thread-9" />
</exclusive-start>
<af-start id="1949" threadId="000000000157EA88" totalBytesRequested="40" timestamp="2019-06-16T01:51:50.767" intervalms="21.132" type="nursery" />
<percolate-collect id="1950" from="nursery" to="global" reason="failed tenure threshold reached" timestamp="2019-06-16T01:51:50.767"/>
<gc-start id="1951" type="global" contextid="1934" timestamp="2019-06-16T01:51:50.767">
  <mem-info id="1952" free="187392" total="40828928" percent="0">
    <mem type="nursery" free="0" total="36569088" percent="0">
      <mem type="allocate" free="0" total="32899072" percent="0" />
      <mem type="survivor" free="0" total="3670016" percent="0" />
    </mem>
    <mem type="tenure" free="187392" total="4259840" percent="4">
      <mem type="soa" free="0" total="4046848" percent="0" />
      <mem type="loa" free="187392" total="212992" percent="87" />
    </mem>
    <remembered-set count="5238" />
  </mem-info>
</gc-start>
<allocation-stats totalBytes="32076648" >
  <allocated-bytes non-tlh="40" tlh="32076608" />
  <largest-consumer threadName="Thread-7" threadId="0000000001572D00" bytes="12942880" />
</allocation-stats>
<concurrent-halted id="1953" timestamp="2019-06-16T01:51:50.767">
  <halted state="Class scanning incomplete" status="clean trace" />
  <traced bytesTarget="1736853" bytesTotal="1323116" bytesByMutator="833264" bytesByHelper="489852" percent="76" />
  <cards cleaned="2" thresholdBytes="98431" />
</concurrent-halted>
<gc-op id="1954" type="tracing" timems="0.147" contextid="1934" timestamp="2019-06-16T01:51:50.767">
  <trace bytesTraced="55344" workStackOverflowCount="0" />
</gc-op>
<gc-op id="1955" type="rs-scan" timems="0.596" contextid="1934" timestamp="2019-06-16T01:51:50.768">
  <scan objectsFound="1396" bytesTraced="145816" workStackOverflowCount="0" />
</gc-op>
<gc-op id="1956" type="card-cleaning" timems="0.521" contextid="1934" timestamp="2019-06-16T01:51:50.769">
  <card-cleaning cardsCleaned="189" bytesTraced="403284" workStackOverflowCount="0" />
</gc-op>
<gc-op id="1957" type="mark" timems="1.615" contextid="1934" timestamp="2019-06-16T01:51:50.770">
  <trace-info objectcount="32336" scancount="28344" scanbytes="1070664" />
  <finalization candidates="124" enqueued="0" />
  <ownableSynchronizers candidates="3" cleared="0" />
  <references type="soft" candidates="84" cleared="0" enqueued="0" dynamicThreshold="2" maxThreshold="32" />
  <references type="weak" candidates="693" cleared="0" enqueued="0" />
  <references type="phantom" candidates="38" cleared="0" enqueued="0" />
  <stringconstants candidates="4597" cleared="0"  />
</gc-op>
<gc-op id="1958" type="sweep" timems="0.787" contextid="1934" timestamp="2019-06-16T01:51:50.771" />
<mem-info id="1959" free="32406128" total="40828928" percent="79">
  <mem type="nursery" free="31914784" total="36569088" percent="87">
    <mem type="allocate" free="31914784" total="32899072" percent="97" />
    <mem type="survivor" free="0" total="3670016" percent="0" />
  </mem>
  <mem type="tenure" free="491344" total="4259840" percent="11" micro-fragmented="52585" macro-fragmented="0">
    <mem type="soa" free="278352" total="4046848" percent="6" />
    <mem type="loa" free="212992" total="212992" percent="100" />
  </mem>
  <remembered-set count="2711" />
</mem-info>
<gc-op id="1960" type="compact" timems="4.699" contextid="1934" timestamp="2019-06-16T01:51:50.776">
  <compact-info movecount="33531" movebytes="1324760" reason="compact to aid heap contraction" />
</gc-op>
<heap-resize id="1961" type="contract" space="tenure" amount="196608" count="1" timems="0.084" reason="heap reconfiguration" timestamp="2019-06-16T01:51:50.776" />
<gc-end id="1962" type="global" contextid="1934" durationms="9.284" usertimems="24.000" systemtimems="0.000" timestamp="2019-06-16T01:51:50.776" activeThreads="4">
  <mem-info id="1963" free="32285096" total="40632320" percent="79">
    <mem type="nursery" free="31962704" total="36569088" percent="87">
      <mem type="allocate" free="31962704" total="32899072" percent="97" />
      <mem type="survivor" free="0" total="3670016" percent="0" />
    </mem>
    <mem type="tenure" free="322392" total="4063232" percent="7">
      <mem type="soa" free="136024" total="3860480" percent="3" />
      <mem type="loa" free="186368" total="202752" percent="91" />
    </mem>
    <remembered-set count="2711" />
  </mem-info>
</gc-end>
<cycle-end id="1964" type="global" contextid="1934" timestamp="2019-06-16T01:51:50.776" />
  <attribute name="elasticGC enabled" value="1" />
  <attribute name= "numThreadsSpecified" value="4" />
  <attribute name="heapSize specified" value="40828928" />
  <attribute name="Current GC Util" value="158" />
  <attribute name= "Current Time Running" value="3066" />
  <attribute name ="GC Interval" value="200" />
  <attribute name="ProportionalT" value="207.000000" />
  <attribute name="ProportionalI" value="207.000000" />
  <attribute name="ProportionalH" value="207.000000" />
  <attribute name="Current Error" value="138.000000" />
  <attribute name="IntegralT" value="690.000000" />
  <attribute name="IntegralI" value="690.000000" />
  <attribute name="IntegralH" value="690.000000" />
  <attribute name="DerivativeT" value="-4.400000" />
  <attribute name="DerivativeI" value="-4.400000" />
  <attribute name="DerivativeH" value="-4.400000" />
  <attribute name="Loop Time for DT" value="5.000000" />
  <attribute name="Output H" value="8388608"/>
  <attribute name="Output I" value="896"/>
  <attribute name="Output T" value="4"/>
  <attribute name="Target GC Util Change" value ="20.000000" />
  <attribute name="Current GC Util Change" value="158.000000"/>
  <attribute name="GC Util currently" value="158" />
  <attribute name="CPU Util currently" value="967317867943" />
<allocation-satisfied id="1965" threadId="000000000157E100" bytesRequested="40" />
<af-end id="1966" timestamp="2019-06-16T01:51:50.777" threadId="000000000157EA88" success="true" from="nursery"/>
<exclusive-end id="1967" timestamp="2019-06-16T01:51:50.777" durationms="9.708" />

<concurrent-kickoff id="1968" timestamp="2019-06-16T01:51:50.791">
  <kickoff reason="threshold reached" targetBytes="1662698" thresholdFreeBytes="239613"  remainingFree="112168" tenureFreeBytes="322392" nurseryFreeBytes="112168" />
</concurrent-kickoff>
<exclusive-start id="1969" timestamp="2019-06-16T01:51:50.791" intervalms="24.258">
  <response-info timems="0.447" idlems="0.235" threads="1" lastid="0000000001576900" lastname="Thread-10" />
</exclusive-start>
<cycle-start id="1970" type="global" contextid="0" timestamp="2019-06-16T01:51:50.791" intervalms="45.807" />
<exclusive-end id="1971" timestamp="2019-06-16T01:51:50.791" durationms="0.175" />

<exclusive-start id="1972" timestamp="2019-06-16T01:51:50.791" intervalms="0.376">
  <response-info timems="0.023" idlems="0.023" threads="0" lastid="000000000157E100" lastname="Thread-9" />
</exclusive-start>
<af-start id="1973" threadId="000000000157EA88" totalBytesRequested="40" timestamp="2019-06-16T01:51:50.792" intervalms="24.582" type="nursery" />
<cycle-start id="1974" type="scavenge" contextid="0" timestamp="2019-06-16T01:51:50.792" intervalms="45.728" />
<gc-start id="1975" type="scavenge" contextid="1974" timestamp="2019-06-16T01:51:50.792">
  <mem-info id="1976" free="322392" total="40632320" percent="0">
    <mem type="nursery" free="0" total="36569088" percent="0">
      <mem type="allocate" free="0" total="32899072" percent="0" />
      <mem type="survivor" free="0" total="3670016" percent="0" />
    </mem>
    <mem type="tenure" free="322392" total="4063232" percent="7">
      <mem type="soa" free="136024" total="3860480" percent="3" />
      <mem type="loa" free="186368" total="202752" percent="91" />
    </mem>
    <remembered-set count="4487" />
  </mem-info>
</gc-start>
<allocation-stats totalBytes="31959728" >
  <allocated-bytes non-tlh="40" tlh="31959688" />
  <largest-consumer threadName="Thread-8" threadId="000000000157A500" bytes="10695232" />
</allocation-stats>
<gc-op id="1977" type="scavenge" timems="2.049" contextid="1974" timestamp="2019-06-16T01:51:50.794">
  <scavenger-info tenureage="3" tenuremask="fff8" tiltratio="89" />
  <memory-copied type="nursery" objects="34184" bytes="1301560" bytesdiscarded="204344" />
  <memory-copied type="tenure" objects="1862" bytes="67512" bytesdiscarded="16" />
  <copy-failed type="tenure" objects="3566" bytes="152928" />
  <ownableSynchronizers candidates="6" cleared="6" />
</gc-op>
<gc-end id="1978" type="scavenge" contextid="1974" durationms="2.297" usertimems="4.000" systemtimems="0.000" timestamp="2019-06-16T01:51:50.794" activeThreads="4">
  <mem-info id="1979" free="31579536" total="40632320" percent="77">
    <mem type="nursery" free="31393168" total="36569088" percent="85">
      <mem type="allocate" free="31393168" total="32899072" percent="95" />
      <mem type="survivor" free="0" total="3670016" percent="0" />
    </mem>
    <mem type="tenure" free="186368" total="4063232" percent="4">
      <mem type="soa" free="0" total="3860480" percent="0" />
      <mem type="loa" free="186368" total="202752" percent="91" />
    </mem>
    <remembered-set count="4159" />
  </mem-info>
</gc-end>
<cycle-end id="1980" type="scavenge" contextid="1974" timestamp="2019-06-16T01:51:50.794" />
  <attribute name="elasticGC enabled" value="1" />
  <attribute name= "numThreadsSpecified" value="4" />
  <attribute name="heapSize specified" value="40828928" />
  <attribute name="Current GC Util" value="45" />
  <attribute name= "Current Time Running" value="3082" />
  <attribute name ="GC Interval" value="432" />
  <attribute name="ProportionalT" value="37.500000" />
  <attribute name="ProportionalI" value="37.500000" />
  <attribute name="ProportionalH" value="37.500000" />
  <attribute name="Current Error" value="25.000000" />
  <attribute name="IntegralT" value="400.000000" />
  <attribute name="IntegralI" value="400.000000" />
  <attribute name="IntegralH" value="400.000000" />
  <attribute name="DerivativeT" value="-7.062500" />
  <attribute name="DerivativeI" value="-7.062500" />
  <attribute name="DerivativeH" value="-7.062500" />
  <attribute name="Loop Time for DT" value="16.000000" />
  <attribute name="Output H" value="8388608"/>
  <attribute name="Output I" value="432"/>
  <attribute name="Output T" value="4"/>
  <attribute name="Target GC Util Change" value ="20.000000" />
  <attribute name="Current GC Util Change" value="45.000000"/>
  <attribute name="GC Util currently" value="45" />
  <attribute name="CPU Util currently" value="292010783216" />
<allocation-satisfied id="1981" threadId="000000000157E100" bytesRequested="40" />
<af-end id="1982" timestamp="2019-06-16T01:51:50.794" threadId="000000000157EA88" success="true" from="nursery"/>
<exclusive-end id="1983" timestamp="2019-06-16T01:51:50.794" durationms="2.780" />

<exclusive-start id="1984" timestamp="2019-06-16T01:51:50.811" intervalms="19.030">
  <response-info timems="0.029" idlems="0.029" threads="0" lastid="0000000001572D00" lastname="Thread-7" />
</exclusive-start>
<af-start id="1985" threadId="0000000001573688" totalBytesRequested="40" timestamp="2019-06-16T01:51:50.811" intervalms="19.088" type="nursery" />
<percolate-collect id="1986" from="nursery" to="global" reason="failed tenure threshold reached" timestamp="2019-06-16T01:51:50.811"/>
<gc-start id="1987" type="global" contextid="1970" timestamp="2019-06-16T01:51:50.811">
  <mem-info id="1988" free="186368" total="40632320" percent="0">
    <mem type="nursery" free="0" total="36569088" percent="0">
      <mem type="allocate" free="0" total="32899072" percent="0" />
      <mem type="survivor" free="0" total="3670016" percent="0" />
    </mem>
    <mem type="tenure" free="186368" total="4063232" percent="4">
      <mem type="soa" free="0" total="3860480" percent="0" />
      <mem type="loa" free="186368" total="202752" percent="91" />
    </mem>
    <remembered-set count="4225" />
  </mem-info>
</gc-start>
<allocation-stats totalBytes="31392632" >
  <allocated-bytes non-tlh="40" tlh="31392592" />
  <largest-consumer threadName="Thread-8" threadId="000000000157A500" bytes="8879920" />
</allocation-stats>
<heap-resize id="1989" type="loa contract" space="tenure" amount="162816" count="1" timems="0.084" reason="contract on aggressive gc" timestamp="2019-06-16T01:51:50.811" />
<concurrent-halted id="1990" timestamp="2019-06-16T01:51:50.811">
  <halted state="Class scanning incomplete" status="clean trace" />
  <traced bytesTarget="1662698" bytesTotal="1250140" bytesByMutator="674948" bytesByHelper="575192" percent="75" />
  <cards cleaned="28" thresholdBytes="94393" />
</concurrent-halted>
<gc-op id="1991" type="rs-scan" timems="0.364" contextid="1970" timestamp="2019-06-16T01:51:50.811">
  <scan objectsFound="753" bytesTraced="255724" workStackOverflowCount="0" />
</gc-op>
<gc-op id="1992" type="card-cleaning" timems="0.100" contextid="1970" timestamp="2019-06-16T01:51:50.811">
  <card-cleaning cardsCleaned="2" bytesTraced="1992" workStackOverflowCount="0" />
</gc-op>
<gc-op id="1993" type="mark" timems="1.581" contextid="1970" timestamp="2019-06-16T01:51:50.813">
  <trace-info objectcount="19536" scancount="19504" scanbytes="882812" />
  <finalization candidates="124" enqueued="0" />
  <ownableSynchronizers candidates="3" cleared="0" />
  <references type="soft" candidates="84" cleared="0" enqueued="0" dynamicThreshold="2" maxThreshold="32" />
  <references type="weak" candidates="693" cleared="0" enqueued="0" />
  <references type="phantom" candidates="38" cleared="0" enqueued="0" />
  <stringconstants candidates="4597" cleared="0"  />
</gc-op>
<gc-op id="1994" type="classunload" timems="0.002" contextid="1970" timestamp="2019-06-16T01:51:50.813">
  <classunload-info classloadercandidates="8" classloadersunloaded="0" classesunloaded="0" anonymousclassesunloaded="0" quiescems="0.000" setupms="0.001" scanms="0.001" postms="0.000" />
</gc-op>
<gc-op id="1995" type="sweep" timems="0.367" contextid="1970" timestamp="2019-06-16T01:51:50.814" />
<mem-info id="1996" free="32718776" total="40632320" percent="80">
  <mem type="nursery" free="31797976" total="36569088" percent="86">
    <mem type="allocate" free="31797976" total="32899072" percent="96" />
    <mem type="survivor" free="0" total="3670016" percent="0" />
  </mem>
  <mem type="tenure" free="920800" total="4063232" percent="22" micro-fragmented="0" macro-fragmented="0">
    <mem type="soa" free="920800" total="4063232" percent="22" />
    <mem type="loa" free="0" total="0" percent="0" />
  </mem>
  <remembered-set count="789" />
</mem-info>
<gc-op id="1997" type="compact" timems="2.519" contextid="1970" timestamp="2019-06-16T01:51:50.816">
  <compact-info movecount="27042" movebytes="1200368" reason="compact to aid heap contraction" />
</gc-op>
<heap-resize id="1998" type="contract" space="tenure" amount="917504" count="1" timems="0.125" reason="heap reconfiguration" timestamp="2019-06-16T01:51:50.817" />
<gc-end id="1999" type="global" contextid="1970" durationms="6.142" usertimems="4.000" systemtimems="4.000" timestamp="2019-06-16T01:51:50.817" activeThreads="4">
  <mem-info id="2000" free="31832800" total="39714816" percent="80">
    <mem type="nursery" free="31829504" total="36569088" percent="87">
      <mem type="allocate" free="31829504" total="32899072" percent="96" />
      <mem type="survivor" free="0" total="3670016" percent="0" />
    </mem>
    <mem type="tenure" free="3296" total="3145728" percent="0">
      <mem type="soa" free="3296" total="3145728" percent="0" />
      <mem type="loa" free="0" total="0" percent="0" />
    </mem>
    <remembered-set count="789" />
  </mem-info>
</gc-end>
<cycle-end id="2001" type="global" contextid="1970" timestamp="2019-06-16T01:51:50.817" />
  <attribute name="elasticGC enabled" value="1" />
  <attribute name= "numThreadsSpecified" value="4" />
  <attribute name="heapSize specified" value="40632320" />
  <attribute name="Current GC Util" value="168" />
  <attribute name= "Current Time Running" value="3107" />
  <attribute name ="GC Interval" value="432" />
  <attribute name="ProportionalT" value="222.000000" />
  <attribute name="ProportionalI" value="222.000000" />
  <attribute name="ProportionalH" value="222.000000" />
  <attribute name="Current Error" value="148.000000" />
  <attribute name="IntegralT" value="444.000000" />
  <attribute name="IntegralI" value="444.000000" />
  <attribute name="IntegralH" value="444.000000" />
  <attribute name="DerivativeT" value="38.666667" />
  <attribute name="DerivativeI" value="38.666667" />
  <attribute name="DerivativeH" value="38.666667" />
  <attribute name="Loop Time for DT" value="3.000000" />
  <attribute name="Output H" value="8388608"/>
  <attribute name="Output I" value="704"/>
  <attribute name="Output T" value="4"/>
  <attribute name="Target GC Util Change" value ="20.000000" />
  <attribute name="Current GC Util Change" value="168.000000"/>
  <attribute name="GC Util currently" value="168" />
  <attribute name="CPU Util currently" value="1757273251774" />
<allocation-satisfied id="2002" threadId="0000000001572D00" bytesRequested="40" />
<af-end id="2003" timestamp="2019-06-16T01:51:50.817" threadId="0000000001573688" success="true" from="nursery"/>
<exclusive-end id="2004" timestamp="2019-06-16T01:51:50.817" durationms="6.794" />

<concurrent-kickoff id="2005" timestamp="2019-06-16T01:51:50.843">
  <kickoff reason="threshold reached" targetBytes="1235688" thresholdFreeBytes="180635"  remainingFree="110040" tenureFreeBytes="3296" nurseryFreeBytes="110040" />
</concurrent-kickoff>
<exclusive-start id="2006" timestamp="2019-06-16T01:51:50.843" intervalms="32.487">
  <response-info timems="0.103" idlems="0.062" threads="1" lastid="0000000001572D00" lastname="Thread-7" />
</exclusive-start>
<cycle-start id="2007" type="global" contextid="0" timestamp="2019-06-16T01:51:50.843" intervalms="51.916" />
<exclusive-end id="2008" timestamp="2019-06-16T01:51:50.843" durationms="0.187" />

<exclusive-start id="2009" timestamp="2019-06-16T01:51:50.843" intervalms="0.378">
  <response-info timems="0.018" idlems="0.018" threads="0" lastid="0000000001576900" lastname="Thread-10" />
</exclusive-start>
<af-start id="2010" threadId="0000000001577288" totalBytesRequested="40" timestamp="2019-06-16T01:51:50.843" intervalms="32.820" type="nursery" />
<cycle-start id="2011" type="scavenge" contextid="0" timestamp="2019-06-16T01:51:50.844" intervalms="51.907" />
<gc-start id="2012" type="scavenge" contextid="2011" timestamp="2019-06-16T01:51:50.844">
  <mem-info id="2013" free="3296" total="39714816" percent="0">
    <mem type="nursery" free="0" total="36569088" percent="0">
      <mem type="allocate" free="0" total="32899072" percent="0" />
      <mem type="survivor" free="0" total="3670016" percent="0" />
    </mem>
    <mem type="tenure" free="3296" total="3145728" percent="0">
      <mem type="soa" free="3296" total="3145728" percent="0" />
      <mem type="loa" free="0" total="0" percent="0" />
    </mem>
    <remembered-set count="969" />
  </mem-info>
</gc-start>
<allocation-stats totalBytes="31828984" >
  <allocated-bytes non-tlh="40" tlh="31828944" />
  <largest-consumer threadName="Thread-7" threadId="0000000001572D00" bytes="9535448" />
</allocation-stats>
<gc-op id="2014" type="scavenge" timems="1.332" contextid="2011" timestamp="2019-06-16T01:51:50.845">
  <scavenger-info tenureage="5" tenuremask="ffe0" tiltratio="89" />
  <memory-copied type="nursery" objects="29219" bytes="1180544" bytesdiscarded="158080" />
  <memory-copied type="tenure" objects="69" bytes="3288" bytesdiscarded="8" />
  <copy-failed type="tenure" objects="3242" bytes="143520" />
  <ownableSynchronizers candidates="6" cleared="6" />
</gc-op>
<gc-end id="2015" type="scavenge" contextid="2011" durationms="1.546" usertimems="4.000" systemtimems="0.000" timestamp="2019-06-16T01:51:50.845" activeThreads="4">
  <mem-info id="2016" free="31560448" total="39714816" percent="79">
    <mem type="nursery" free="31560448" total="36569088" percent="86">
      <mem type="allocate" free="31560448" total="32899072" percent="95" />
      <mem type="survivor" free="0" total="3670016" percent="0" />
    </mem>
    <mem type="tenure" free="0" total="3145728" percent="0">
      <mem type="soa" free="0" total="3145728" percent="0" />
      <mem type="loa" free="0" total="0" percent="0" />
    </mem>
    <remembered-set count="1017" />
  </mem-info>
</gc-end>
<cycle-end id="2017" type="scavenge" contextid="2011" timestamp="2019-06-16T01:51:50.845" />
  <attribute name="elasticGC enabled" value="1" />
  <attribute name= "numThreadsSpecified" value="4" />
  <attribute name="heapSize specified" value="40632320" />
  <attribute name="Current GC Util" value="28" />
  <attribute name= "Current Time Running" value="3134" />
  <attribute name ="GC Interval" value="224" />
  <attribute name="ProportionalT" value="12.000000" />
  <attribute name="ProportionalI" value="12.000000" />
  <attribute name="ProportionalH" value="12.000000" />
  <attribute name="Current Error" value="8.000000" />
  <attribute name="IntegralT" value="216.000000" />
  <attribute name="IntegralI" value="216.000000" />
  <attribute name="IntegralH" value="216.000000" />
  <attribute name="DerivativeT" value="-5.185185" />
  <attribute name="DerivativeI" value="-5.185185" />
  <attribute name="DerivativeH" value="-5.185185" />
  <attribute name="Loop Time for DT" value="27.000000" />
  <attribute name="Output H" value="8388608"/>
  <attribute name="Output I" value="224"/>
  <attribute name="Output T" value="4"/>
  <attribute name="Target GC Util Change" value ="20.000000" />
  <attribute name="Current GC Util Change" value="28.000000"/>
  <attribute name="GC Util currently" value="28" />
  <attribute name="CPU Util currently" value="169464260685" />
<allocation-satisfied id="2018" threadId="0000000001576900" bytesRequested="40" />
<af-end id="2019" timestamp="2019-06-16T01:51:50.845" threadId="0000000001577288" success="true" from="nursery"/>
<exclusive-end id="2020" timestamp="2019-06-16T01:51:50.845" durationms="2.040" />

<exclusive-start id="2021" timestamp="2019-06-16T01:51:50.866" intervalms="22.360">
  <response-info timems="0.025" idlems="0.025" threads="0" lastid="000000000157E100" lastname="Thread-9" />
</exclusive-start>
<af-start id="2022" threadId="000000000157EA88" totalBytesRequested="40" timestamp="2019-06-16T01:51:50.866" intervalms="22.415" type="nursery" />
<percolate-collect id="2023" from="nursery" to="global" reason="concurrent mark exhausted" timestamp="2019-06-16T01:51:50.866"/>
<gc-start id="2024" type="global" contextid="2007" timestamp="2019-06-16T01:51:50.866">
  <mem-info id="2025" free="0" total="39714816" percent="0">
    <mem type="nursery" free="0" total="36569088" percent="0">
      <mem type="allocate" free="0" total="32899072" percent="0" />
      <mem type="survivor" free="0" total="3670016" percent="0" />
    </mem>
    <mem type="tenure" free="0" total="3145728" percent="0">
      <mem type="soa" free="0" total="3145728" percent="0" />
      <mem type="loa" free="0" total="0" percent="0" />
    </mem>
    <remembered-set count="1181" />
  </mem-info>
</gc-start>
<allocation-stats totalBytes="31560000" >
  <allocated-bytes non-tlh="40" tlh="31559960" />
  <largest-consumer threadName="Thread-9" threadId="000000000157E100" bytes="10846056" />
</allocation-stats>
<concurrent-halted id="2026" timestamp="2019-06-16T01:51:50.866">
  <halted state="Complete" status="exhausted" />
  <traced bytesTarget="1235688" bytesTotal="1265620" bytesByMutator="383680" bytesByHelper="881940" percent="102" />
  <cards cleaned="51" thresholdBytes="71159" />
</concurrent-halted>
<gc-op id="2027" type="rs-scan" timems="0.689" contextid="2007" timestamp="2019-06-16T01:51:50.867">
  <scan objectsFound="1143" bytesTraced="289540" workStackOverflowCount="0" />
</gc-op>
<gc-op id="2028" type="card-cleaning" timems="0.402" contextid="2007" timestamp="2019-06-16T01:51:50.867">
  <card-cleaning cardsCleaned="3" bytesTraced="3360" workStackOverflowCount="0" />
</gc-op>
<gc-op id="2029" type="mark" timems="1.038" contextid="2007" timestamp="2019-06-16T01:51:50.868">
  <trace-info objectcount="18685" scancount="18653" scanbytes="861852" />
  <finalization candidates="124" enqueued="0" />
  <ownableSynchronizers candidates="3" cleared="0" />
  <references type="soft" candidates="84" cleared="0" enqueued="0" dynamicThreshold="0" maxThreshold="32" />
  <references type="weak" candidates="693" cleared="0" enqueued="0" />
  <references type="phantom" candidates="38" cleared="0" enqueued="0" />
  <stringconstants candidates="4597" cleared="0"  />
</gc-op>
<gc-op id="2030" type="sweep" timems="0.761" contextid="2007" timestamp="2019-06-16T01:51:50.869" />
<mem-info id="2031" free="31803888" total="39714816" percent="80">
  <mem type="nursery" free="31803888" total="36569088" percent="86">
    <mem type="allocate" free="31803888" total="32899072" percent="96" />
    <mem type="survivor" free="0" total="3670016" percent="0" />
  </mem>
  <mem type="tenure" free="0" total="3145728" percent="0" micro-fragmented="0" macro-fragmented="0">
    <mem type="soa" free="0" total="3145728" percent="0" />
    <mem type="loa" free="0" total="0" percent="0" />
  </mem>
  <remembered-set count="1181" />
</mem-info>
<gc-op id="2032" type="compact" timems="3.470" contextid="2007" timestamp="2019-06-16T01:51:50.873">
  <compact-info movecount="23519" movebytes="1043616" reason="compact to aid heap contraction" />
</gc-op>
<gc-end id="2033" type="global" contextid="2007" durationms="7.140" usertimems="8.000" systemtimems="4.000" timestamp="2019-06-16T01:51:50.873" activeThreads="4">
  <mem-info id="2034" free="31834144" total="39714816" percent="80">
    <mem type="nursery" free="31834144" total="36569088" percent="87">
      <mem type="allocate" free="31834144" total="32899072" percent="96" />
      <mem type="survivor" free="0" total="3670016" percent="0" />
    </mem>
    <mem type="tenure" free="0" total="3145728" percent="0">
      <mem type="soa" free="0" total="3145728" percent="0" />
      <mem type="loa" free="0" total="0" percent="0" />
    </mem>
    <remembered-set count="1181" />
  </mem-info>
</gc-end>
<cycle-end id="2035" type="global" contextid="2007" timestamp="2019-06-16T01:51:50.873" />
  <attribute name="elasticGC enabled" value="1" />
  <attribute name= "numThreadsSpecified" value="4" />
  <attribute name="heapSize specified" value="39714816" />
  <attribute name="Current GC Util" value="216" />
  <attribute name= "Current Time Running" value="3163" />
  <attribute name ="GC Interval" value="224" />
  <attribute name="ProportionalT" value="294.000000" />
  <attribute name="ProportionalI" value="294.000000" />
  <attribute name="ProportionalH" value="294.000000" />
  <attribute name="Current Error" value="196.000000" />
  <attribute name="IntegralT" value="588.000000" />
  <attribute name="IntegralI" value="588.000000" />
  <attribute name="IntegralH" value="588.000000" />
  <attribute name="DerivativeT" value="7.000000" />
  <attribute name="DerivativeI" value="7.000000" />
  <attribute name="DerivativeH" value="7.000000" />
  <attribute name="Loop Time for DT" value="3.000000" />
  <attribute name="Output H" value="8388608"/>
  <attribute name="Output I" value="896"/>
  <attribute name="Output T" value="4"/>
  <attribute name="Target GC Util Change" value ="20.000000" />
  <attribute name="Current GC Util Change" value="216.000000"/>
  <attribute name="GC Util currently" value="216" />
  <attribute name="CPU Util currently" value="1294646082903" />
<allocation-satisfied id="2036" threadId="000000000157E100" bytesRequested="40" />
<af-end id="2037" timestamp="2019-06-16T01:51:50.873" threadId="000000000157EA88" success="true" from="nursery"/>
<exclusive-end id="2038" timestamp="2019-06-16T01:51:50.874" durationms="7.794" />

<concurrent-kickoff id="2039" timestamp="2019-06-16T01:51:50.887">
  <kickoff reason="threshold reached" targetBytes="1234867" thresholdFreeBytes="180507"  remainingFree="114680" tenureFreeBytes="0" nurseryFreeBytes="114680" />
</concurrent-kickoff>
<exclusive-start id="2040" timestamp="2019-06-16T01:51:50.888" intervalms="21.926">
  <response-info timems="0.028" idlems="0.028" threads="0" lastid="0000000001576900" lastname="Thread-10" />
</exclusive-start>
<cycle-start id="2041" type="global" contextid="0" timestamp="2019-06-16T01:51:50.888" intervalms="44.629" />
<exclusive-end id="2042" timestamp="2019-06-16T01:51:50.888" durationms="0.114" />

<exclusive-start id="2043" timestamp="2019-06-16T01:51:50.888" intervalms="0.331">
  <response-info timems="0.022" idlems="0.022" threads="0" lastid="000000000157A500" lastname="Thread-8" />
</exclusive-start>
<af-start id="2044" threadId="000000000157AE88" totalBytesRequested="40" timestamp="2019-06-16T01:51:50.888" intervalms="22.194" type="nursery" />
<cycle-start id="2045" type="scavenge" contextid="0" timestamp="2019-06-16T01:51:50.888" intervalms="44.604" />
<gc-start id="2046" type="scavenge" contextid="2045" timestamp="2019-06-16T01:51:50.888">
  <mem-info id="2047" free="0" total="39714816" percent="0">
    <mem type="nursery" free="0" total="36569088" percent="0">
      <mem type="allocate" free="0" total="32899072" percent="0" />
      <mem type="survivor" free="0" total="3670016" percent="0" />
    </mem>
    <mem type="tenure" free="0" total="3145728" percent="0">
      <mem type="soa" free="0" total="3145728" percent="0" />
      <mem type="loa" free="0" total="0" percent="0" />
    </mem>
    <remembered-set count="1385" />
  </mem-info>
</gc-start>
<allocation-stats totalBytes="31827464" >
  <allocated-bytes non-tlh="40" tlh="31827424" />
  <largest-consumer threadName="Thread-7" threadId="0000000001572D00" bytes="9648136" />
</allocation-stats>
<gc-op id="2048" type="scavenge" timems="0.674" contextid="2045" timestamp="2019-06-16T01:51:50.889">
  <scavenger-info tenureage="5" tenuremask="ffe0" tiltratio="89" />
  <memory-copied type="nursery" objects="25991" bytes="1103448" bytesdiscarded="212904" />
  <copy-failed type="tenure" objects="3497" bytes="149640" />
  <ownableSynchronizers candidates="6" cleared="6" />
</gc-op>
<gc-end id="2049" type="scavenge" contextid="2045" durationms="1.044" usertimems="0.000" systemtimems="0.000" timestamp="2019-06-16T01:51:50.889" activeThreads="4">
  <mem-info id="2050" free="31582720" total="39714816" percent="79">
    <mem type="nursery" free="31582720" total="36569088" percent="86">
      <mem type="allocate" free="31582720" total="32899072" percent="95" />
      <mem type="survivor" free="0" total="3670016" percent="0" />
    </mem>
    <mem type="tenure" free="0" total="3145728" percent="0">
      <mem type="soa" free="0" total="3145728" percent="0" />
      <mem type="loa" free="0" total="0" percent="0" />
    </mem>
    <remembered-set count="1385" />
  </mem-info>
</gc-end>
<cycle-end id="2051" type="scavenge" contextid="2045" timestamp="2019-06-16T01:51:50.889" />
  <attribute name="elasticGC enabled" value="1" />
  <attribute name= "numThreadsSpecified" value="4" />
  <attribute name="heapSize specified" value="39714816" />
  <attribute name="Current GC Util" value="23" />
  <attribute name= "Current Time Running" value="3178" />
  <attribute name ="GC Interval" value="200" />
  <attribute name="ProportionalT" value="4.500000" />
  <attribute name="ProportionalI" value="4.500000" />
  <attribute name="ProportionalH" value="4.500000" />
  <attribute name="Current Error" value="3.000000" />
  <attribute name="IntegralT" value="45.000000" />
  <attribute name="IntegralI" value="45.000000" />
  <attribute name="IntegralH" value="45.000000" />
  <attribute name="DerivativeT" value="-12.866667" />
  <attribute name="DerivativeI" value="-12.866667" />
  <attribute name="DerivativeH" value="-12.866667" />
  <attribute name="Loop Time for DT" value="15.000000" />
  <attribute name="Output H" value="8388608"/>
  <attribute name="Output I" value="200"/>
  <attribute name="Output T" value="4"/>
  <attribute name="Target GC Util Change" value ="20.000000" />
  <attribute name="Current GC Util Change" value="23.000000"/>
  <attribute name="GC Util currently" value="23" />
  <attribute name="CPU Util currently" value="299931548312" />
<allocation-satisfied id="2052" threadId="000000000157A500" bytesRequested="40" />
<af-end id="2053" timestamp="2019-06-16T01:51:50.890" threadId="000000000157AE88" success="true" from="nursery"/>
<exclusive-end id="2054" timestamp="2019-06-16T01:51:50.890" durationms="1.703" />

<exclusive-start id="2055" timestamp="2019-06-16T01:51:50.909" intervalms="20.952">
  <response-info timems="0.048" idlems="0.048" threads="0" lastid="000000000157E100" lastname="Thread-9" />
</exclusive-start>
<af-start id="2056" threadId="000000000157EA88" totalBytesRequested="40" timestamp="2019-06-16T01:51:50.909" intervalms="21.059" type="nursery" />
<percolate-collect id="2057" from="nursery" to="global" reason="failed tenure threshold reached" timestamp="2019-06-16T01:51:50.909"/>
<gc-start id="2058" type="global" contextid="2041" timestamp="2019-06-16T01:51:50.909">
  <mem-info id="2059" free="0" total="39714816" percent="0">
    <mem type="nursery" free="0" total="36569088" percent="0">
      <mem type="allocate" free="0" total="32899072" percent="0" />
      <mem type="survivor" free="0" total="3670016" percent="0" />
    </mem>
    <mem type="tenure" free="0" total="3145728" percent="0">
      <mem type="soa" free="0" total="3145728" percent="0" />
      <mem type="loa" free="0" total="0" percent="0" />
    </mem>
    <remembered-set count="1514" />
  </mem-info>
</gc-start>
<allocation-stats totalBytes="31582120" >
  <allocated-bytes non-tlh="40" tlh="31582080" />
  <largest-consumer threadName="Thread-9" threadId="000000000157E100" bytes="10845992" />
</allocation-stats>
<concurrent-halted id="2060" timestamp="2019-06-16T01:51:50.909">
  <halted state="Class scanning incomplete" status="clean trace" />
  <traced bytesTarget="1234867" bytesTotal="697996" bytesByMutator="407484" bytesByHelper="290512" percent="56" />
  <cards cleaned="0" thresholdBytes="71108" />
</concurrent-halted>
<gc-op id="2061" type="tracing" timems="0.359" contextid="2041" timestamp="2019-06-16T01:51:50.910">
  <trace bytesTraced="66060" workStackOverflowCount="0" />
</gc-op>
<gc-op id="2062" type="rs-scan" timems="0.679" contextid="2041" timestamp="2019-06-16T01:51:50.910">
  <scan objectsFound="1208" bytesTraced="303140" workStackOverflowCount="0" />
</gc-op>
<gc-op id="2063" type="card-cleaning" timems="0.419" contextid="2041" timestamp="2019-06-16T01:51:50.911">
  <card-cleaning cardsCleaned="40" bytesTraced="36504" workStackOverflowCount="0" />
</gc-op>
<gc-op id="2064" type="mark" timems="2.794" contextid="2041" timestamp="2019-06-16T01:51:50.914">
  <trace-info objectcount="39201" scancount="34910" scanbytes="1377872" />
  <finalization candidates="124" enqueued="0" />
  <ownableSynchronizers candidates="3" cleared="0" />
  <references type="soft" candidates="84" cleared="0" enqueued="0" dynamicThreshold="0" maxThreshold="32" />
  <references type="weak" candidates="693" cleared="0" enqueued="0" />
  <references type="phantom" candidates="38" cleared="0" enqueued="0" />
  <stringconstants candidates="4597" cleared="0"  />
</gc-op>
<gc-op id="2065" type="classunload" timems="0.003" contextid="2041" timestamp="2019-06-16T01:51:50.914">
  <classunload-info classloadercandidates="8" classloadersunloaded="0" classesunloaded="0" anonymousclassesunloaded="0" quiescems="0.000" setupms="0.002" scanms="0.000" postms="0.001" />
</gc-op>
<gc-op id="2066" type="sweep" timems="0.735" contextid="2041" timestamp="2019-06-16T01:51:50.915" />
<mem-info id="2067" free="31739552" total="39714816" percent="79">
  <mem type="nursery" free="31739552" total="36569088" percent="86">
    <mem type="allocate" free="31739552" total="32899072" percent="96" />
    <mem type="survivor" free="0" total="3670016" percent="0" />
  </mem>
  <mem type="tenure" free="0" total="3145728" percent="0" micro-fragmented="0" macro-fragmented="0">
    <mem type="soa" free="0" total="3145728" percent="0" />
    <mem type="loa" free="0" total="0" percent="0" />
  </mem>
  <remembered-set count="1514" />
</mem-info>
<gc-op id="2068" type="compact" timems="3.732" contextid="2041" timestamp="2019-06-16T01:51:50.919">
  <compact-info movecount="27110" movebytes="1129880" reason="compact to aid heap contraction" />
</gc-op>
<gc-end id="2069" type="global" contextid="2041" durationms="9.669" usertimems="20.000" systemtimems="0.000" timestamp="2019-06-16T01:51:50.919" activeThreads="4">
  <mem-info id="2070" free="31769192" total="39714816" percent="79">
    <mem type="nursery" free="31769192" total="36569088" percent="86">
      <mem type="allocate" free="31769192" total="32899072" percent="96" />
      <mem type="survivor" free="0" total="3670016" percent="0" />
    </mem>
    <mem type="tenure" free="0" total="3145728" percent="0">
      <mem type="soa" free="0" total="3145728" percent="0" />
      <mem type="loa" free="0" total="0" percent="0" />
    </mem>
    <remembered-set count="1514" />
  </mem-info>
</gc-end>
<cycle-end id="2071" type="global" contextid="2041" timestamp="2019-06-16T01:51:50.919" />
  <attribute name="elasticGC enabled" value="1" />
  <attribute name= "numThreadsSpecified" value="4" />
  <attribute name="heapSize specified" value="39714816" />
  <attribute name="Current GC Util" value="173" />
  <attribute name= "Current Time Running" value="3209" />
  <attribute name ="GC Interval" value="200" />
  <attribute name="ProportionalT" value="229.500000" />
  <attribute name="ProportionalI" value="229.500000" />
  <attribute name="ProportionalH" value="229.500000" />
  <attribute name="Current Error" value="153.000000" />
  <attribute name="IntegralT" value="612.000000" />
  <attribute name="IntegralI" value="612.000000" />
  <attribute name="IntegralH" value="612.000000" />
  <attribute name="DerivativeT" value="-1.500000" />
  <attribute name="DerivativeI" value="-1.500000" />
  <attribute name="DerivativeH" value="-1.500000" />
  <attribute name="Loop Time for DT" value="4.000000" />
  <attribute name="Output H" value="8388608"/>
  <attribute name="Output I" value="840"/>
  <attribute name="Output T" value="4"/>
  <attribute name="Target GC Util Change" value ="20.000000" />
  <attribute name="Current GC Util Change" value="173.000000"/>
  <attribute name="GC Util currently" value="173" />
  <attribute name="CPU Util currently" value="1189788893393" />
<allocation-satisfied id="2072" threadId="000000000157E100" bytesRequested="40" />
<af-end id="2073" timestamp="2019-06-16T01:51:50.919" threadId="000000000157EA88" success="true" from="nursery"/>
<exclusive-end id="2074" timestamp="2019-06-16T01:51:50.920" durationms="10.599" />

<concurrent-kickoff id="2075" timestamp="2019-06-16T01:51:50.941">
  <kickoff reason="threshold reached" targetBytes="800560" thresholdFreeBytes="120831"  remainingFree="49728" tenureFreeBytes="0" nurseryFreeBytes="49728" />
</concurrent-kickoff>
<exclusive-start id="2076" timestamp="2019-06-16T01:51:50.941" intervalms="32.067">
  <response-info timems="0.122" idlems="0.055" threads="2" lastid="000000000157E100" lastname="Thread-9" />
</exclusive-start>
<af-start id="2077" threadId="000000000157AE88" totalBytesRequested="40" timestamp="2019-06-16T01:51:50.941" intervalms="32.020" type="nursery" />
<cycle-start id="2078" type="scavenge" contextid="0" timestamp="2019-06-16T01:51:50.941" intervalms="53.142" />
<gc-start id="2079" type="scavenge" contextid="2078" timestamp="2019-06-16T01:51:50.941">
  <mem-info id="2080" free="0" total="39714816" percent="0">
    <mem type="nursery" free="0" total="36569088" percent="0">
      <mem type="allocate" free="0" total="32899072" percent="0" />
      <mem type="survivor" free="0" total="3670016" percent="0" />
    </mem>
    <mem type="tenure" free="0" total="3145728" percent="0">
      <mem type="soa" free="0" total="3145728" percent="0" />
      <mem type="loa" free="0" total="0" percent="0" />
    </mem>
    <remembered-set count="1528" />
  </mem-info>
</gc-start>
<allocation-stats totalBytes="31765072" >
  <allocated-bytes non-tlh="40" tlh="31765032" />
  <largest-consumer threadName="Thread-10" threadId="0000000001576900" bytes="14383344" />
</allocation-stats>
<gc-op id="2081" type="scavenge" timems="0.825" contextid="2078" timestamp="2019-06-16T01:51:50.942">
  <scavenger-info tenureage="3" tenuremask="fff8" tiltratio="89" />
  <memory-copied type="nursery" objects="26581" bytes="1188552" bytesdiscarded="138408" />
  <memory-copied type="tenure" objects="5031" bytes="186456" bytesdiscarded="40" />
  <ownableSynchronizers candidates="6" cleared="6" />
  <heap-resize type="expand" space="tenure" amount="262144" count="4" timems="0.046" reason="continue current collection" />
</gc-op>
<gc-end id="2082" type="scavenge" contextid="2078" durationms="1.282" usertimems="4.000" systemtimems="0.000" timestamp="2019-06-16T01:51:50.943" activeThreads="4">
  <mem-info id="2083" free="31572112" total="39976960" percent="78">
    <mem type="nursery" free="31572112" total="36569088" percent="86">
      <mem type="allocate" free="31572112" total="32899072" percent="95" />
      <mem type="survivor" free="0" total="3670016" percent="0" />
    </mem>
    <mem type="tenure" free="0" total="3407872" percent="0">
      <mem type="soa" free="0" total="3407872" percent="0" />
      <mem type="loa" free="0" total="0" percent="0" />
    </mem>
    <remembered-set count="1973" />
  </mem-info>
</gc-end>
<cycle-end id="2084" type="scavenge" contextid="2078" timestamp="2019-06-16T01:51:50.943" />
  <attribute name="elasticGC enabled" value="1" />
  <attribute name= "numThreadsSpecified" value="4" />
  <attribute name="heapSize specified" value="39714816" />
  <attribute name="Current GC Util" value="18" />
  <attribute name= "Current Time Running" value="3232" />
  <attribute name ="GC Interval" value="200" />
  <attribute name="ProportionalT" value="-3.000000" />
  <attribute name="ProportionalI" value="-3.000000" />
  <attribute name="ProportionalH" value="-3.000000" />
  <attribute name="Current Error" value="-2.000000" />
  <attribute name="IntegralT" value="-46.000000" />
  <attribute name="IntegralI" value="-46.000000" />
  <attribute name="IntegralH" value="-46.000000" />
  <attribute name="DerivativeT" value="-6.739130" />
  <attribute name="DerivativeI" value="-6.739130" />
  <attribute name="DerivativeH" value="-6.739130" />
  <attribute name="Loop Time for DT" value="23.000000" />
  <attribute name="Output H" value="2092630016"/>
  <attribute name="Output I" value="200"/>
  <attribute name="Output T" value="4"/>
  <attribute name="Target GC Util Change" value ="20.000000" />
  <attribute name="Current GC Util Change" value="18.000000"/>
  <attribute name="GC Util currently" value="18" />
  <attribute name="CPU Util currently" value="201773407999" />
<allocation-satisfied id="2085" threadId="000000000157A500" bytesRequested="40" />
<af-end id="2086" timestamp="2019-06-16T01:51:50.943" threadId="000000000157AE88" success="true" from="nursery"/>
<exclusive-end id="2087" timestamp="2019-06-16T01:51:50.943" durationms="2.114" />

<exclusive-start id="2088" timestamp="2019-06-16T01:51:50.943" intervalms="2.280">
  <response-info timems="0.031" idlems="0.031" threads="0" lastid="0000000001576900" lastname="Thread-10" />
</exclusive-start>
<cycle-start id="2089" type="global" contextid="0" timestamp="2019-06-16T01:51:50.943" intervalms="55.673" />
<exclusive-end id="2090" timestamp="2019-06-16T01:51:50.943" durationms="0.194" />

<exclusive-start id="2091" timestamp="2019-06-16T01:51:50.963" intervalms="19.909">
  <response-info timems="0.032" idlems="0.032" threads="0" lastid="0000000001576900" lastname="Thread-10" />
</exclusive-start>
<af-start id="2092" threadId="0000000001577288" totalBytesRequested="40" timestamp="2019-06-16T01:51:50.963" intervalms="22.215" type="nursery" />
<cycle-start id="2093" type="scavenge" contextid="0" timestamp="2019-06-16T01:51:50.963" intervalms="22.198" />
<gc-start id="2094" type="scavenge" contextid="2093" timestamp="2019-06-16T01:51:50.964">
  <mem-info id="2095" free="0" total="39976960" percent="0">
    <mem type="nursery" free="0" total="36569088" percent="0">
      <mem type="allocate" free="0" total="32899072" percent="0" />
      <mem type="survivor" free="0" total="3670016" percent="0" />
    </mem>
    <mem type="tenure" free="0" total="3407872" percent="0">
      <mem type="soa" free="0" total="3407872" percent="0" />
      <mem type="loa" free="0" total="0" percent="0" />
    </mem>
    <remembered-set count="1973" />
  </mem-info>
</gc-start>
<allocation-stats totalBytes="31569128" >
  <allocated-bytes non-tlh="40" tlh="31569088" />
  <largest-consumer threadName="Thread-10" threadId="0000000001576900" bytes="10845192" />
</allocation-stats>
<gc-op id="2096" type="scavenge" timems="2.060" contextid="2093" timestamp="2019-06-16T01:51:50.966">
  <scavenger-info tenureage="3" tenuremask="fc08" tiltratio="89" />
  <memory-copied type="nursery" objects="30106" bytes="1272928" bytesdiscarded="163088" />
  <memory-copied type="tenure" objects="580" bytes="13920" bytesdiscarded="0" />
  <heap-resize type="expand" space="tenure" amount="65536" count="1" timems="0.016" reason="continue current collection" />
</gc-op>
<heap-resize id="2097" type="expand" space="nursery" amount="1703936" count="1" timems="0.020" reason="excessive time being spent scavenging" timestamp="2019-06-16T01:51:50.966" />
<gc-end id="2098" type="scavenge" contextid="2093" durationms="2.485" usertimems="4.000" systemtimems="0.000" timestamp="2019-06-16T01:51:50.966" activeThreads="4">
  <mem-info id="2099" free="32996752" total="41746432" percent="79">
    <mem type="nursery" free="32970384" total="38273024" percent="86">
      <mem type="allocate" free="32970384" total="34406400" percent="95" />
      <mem type="survivor" free="0" total="3866624" percent="0" />
    </mem>
    <mem type="tenure" free="26368" total="3473408" percent="0">
      <mem type="soa" free="26368" total="3473408" percent="0" />
      <mem type="loa" free="0" total="0" percent="0" />
    </mem>
    <remembered-set count="1392" />
  </mem-info>
</gc-end>
<cycle-end id="2100" type="scavenge" contextid="2093" timestamp="2019-06-16T01:51:50.966" />
  <attribute name="elasticGC enabled" value="1" />
  <attribute name= "numThreadsSpecified" value="4" />
  <attribute name="heapSize specified" value="39714816" />
  <attribute name="Current GC Util" value="13" />
  <attribute name= "Current Time Running" value="3254" />
  <attribute name ="GC Interval" value="200" />
  <attribute name="ProportionalT" value="-10.500000" />
  <attribute name="ProportionalI" value="-10.500000" />
  <attribute name="ProportionalH" value="-10.500000" />
  <attribute name="Current Error" value="-7.000000" />
  <attribute name="IntegralT" value="-154.000000" />
  <attribute name="IntegralI" value="-154.000000" />
  <attribute name="IntegralH" value="-154.000000" />
  <attribute name="DerivativeT" value="-0.318182" />
  <attribute name="DerivativeI" value="-0.318182" />
  <attribute name="DerivativeH" value="-0.318182" />
  <attribute name="Loop Time for DT" value="22.000000" />
  <attribute name="Output H" value="2092630016"/>
  <attribute name="Output I" value="200"/>
  <attribute name="Output T" value="4"/>
  <attribute name="Target GC Util Change" value ="20.000000" />
  <attribute name="Current GC Util Change" value="13.000000"/>
  <attribute name="GC Util currently" value="13" />
  <attribute name="CPU Util currently" value="208107465874" />
<allocation-satisfied id="2101" threadId="0000000001576900" bytesRequested="40" />
<af-end id="2102" timestamp="2019-06-16T01:51:50.967" threadId="0000000001577288" success="true" from="nursery"/>
<exclusive-end id="2103" timestamp="2019-06-16T01:51:50.967" durationms="4.118" />

<exclusive-start id="2104" timestamp="2019-06-16T01:51:50.968" intervalms="4.517">
  <response-info timems="0.025" idlems="0.025" threads="0" lastid="000000000157A500" lastname="Thread-8" />
</exclusive-start>
<concurrent-collection-start id="2105" timestamp="2019-06-16T01:51:50.968" intervalms="244.433" >
  <concurrent-trace-info reason="card cleaning threshold reached" tracedByMutators="687744" tracedByHelpers="419640" cardsCleaned="4" workStackOverflowCount="0" />
</concurrent-collection-start>
<gc-start id="2106" type="global" contextid="2089" timestamp="2019-06-16T01:51:50.968">
  <mem-info id="2107" free="32800104" total="41746432" percent="78">
    <mem type="nursery" free="32773736" total="38273024" percent="85">
      <mem type="allocate" free="32773736" total="34406400" percent="95" />
      <mem type="survivor" free="0" total="3866624" percent="0" />
    </mem>
    <mem type="tenure" free="26368" total="3473408" percent="0">
      <mem type="soa" free="26368" total="3473408" percent="0" />
      <mem type="loa" free="0" total="0" percent="0" />
    </mem>
    <remembered-set count="1392" />
  </mem-info>
</gc-start>
<allocation-stats totalBytes="196648" >
  <allocated-bytes non-tlh="40" tlh="196608" />
  <largest-consumer threadName="Thread-10" threadId="0000000001576900" bytes="65576" />
</allocation-stats>
<gc-op id="2108" type="rs-scan" timems="0.207" contextid="2089" timestamp="2019-06-16T01:51:50.968">
  <scan objectsFound="41" bytesTraced="3968" workStackOverflowCount="0" />
</gc-op>
<gc-op id="2109" type="card-cleaning" timems="0.095" contextid="2089" timestamp="2019-06-16T01:51:50.968">
  <card-cleaning cardsCleaned="3" bytesTraced="1440" workStackOverflowCount="0" />
</gc-op>
<gc-op id="2110" type="mark" timems="0.714" contextid="2089" timestamp="2019-06-16T01:51:50.969">
  <trace-info objectcount="28112" scancount="28080" scanbytes="1224896" />
  <finalization candidates="124" enqueued="0" />
  <ownableSynchronizers candidates="3" cleared="0" />
  <references type="soft" candidates="84" cleared="0" enqueued="0" dynamicThreshold="0" maxThreshold="32" />
  <references type="weak" candidates="693" cleared="0" enqueued="0" />
  <references type="phantom" candidates="38" cleared="0" enqueued="0" />
  <stringconstants candidates="4597" cleared="0"  />
</gc-op>
<gc-op id="2111" type="sweep" timems="0.169" contextid="2089" timestamp="2019-06-16T01:51:50.969" />
<mem-info id="2112" free="33651128" total="41746432" percent="80">
  <mem type="nursery" free="33189352" total="38273024" percent="86">
    <mem type="allocate" free="33189352" total="34406400" percent="96" />
    <mem type="survivor" free="0" total="3866624" percent="0" />
  </mem>
  <mem type="tenure" free="461776" total="3473408" percent="13" micro-fragmented="0" macro-fragmented="0">
    <mem type="soa" free="461776" total="3473408" percent="13" />
    <mem type="loa" free="0" total="0" percent="0" />
  </mem>
  <remembered-set count="79" />
</mem-info>
<gc-op id="2113" type="compact" timems="3.236" contextid="2089" timestamp="2019-06-16T01:51:50.973">
  <compact-info movecount="27758" movebytes="1216440" reason="compact to aid heap contraction" />
</gc-op>
<heap-resize id="2114" type="contract" space="tenure" amount="458752" count="1" timems="0.081" reason="heap reconfiguration" timestamp="2019-06-16T01:51:50.973" />
<gc-end id="2115" type="global" contextid="2089" durationms="5.132" usertimems="0.000" systemtimems="8.000" timestamp="2019-06-16T01:51:50.973" activeThreads="4">
  <mem-info id="2116" free="33192984" total="41287680" percent="80">
    <mem type="nursery" free="33189960" total="38273024" percent="86">
      <mem type="allocate" free="33189960" total="34406400" percent="96" />
      <mem type="survivor" free="0" total="3866624" percent="0" />
    </mem>
    <mem type="tenure" free="3024" total="3014656" percent="0">
      <mem type="soa" free="3024" total="3014656" percent="0" />
      <mem type="loa" free="0" total="0" percent="0" />
    </mem>
    <remembered-set count="79" />
  </mem-info>
</gc-end>
<cycle-end id="2117" type="global" contextid="2089" timestamp="2019-06-16T01:51:50.973" />
  <attribute name="elasticGC enabled" value="1" />
  <attribute name= "numThreadsSpecified" value="4" />
  <attribute name="heapSize specified" value="41746432" />
  <attribute name="Current GC Util" value="141" />
  <attribute name= "Current Time Running" value="3263" />
  <attribute name ="GC Interval" value="200" />
  <attribute name="ProportionalT" value="181.500000" />
  <attribute name="ProportionalI" value="181.500000" />
  <attribute name="ProportionalH" value="181.500000" />
  <attribute name="Current Error" value="121.000000" />
  <attribute name="IntegralT" value="363.000000" />
  <attribute name="IntegralI" value="363.000000" />
  <attribute name="IntegralH" value="363.000000" />
  <attribute name="DerivativeT" value="40.333333" />
  <attribute name="DerivativeI" value="40.333333" />
  <attribute name="DerivativeH" value="40.333333" />
  <attribute name="Loop Time for DT" value="3.000000" />
  <attribute name="Output H" value="8388608"/>
  <attribute name="Output I" value="584"/>
  <attribute name="Output T" value="4"/>
  <attribute name="Target GC Util Change" value ="20.000000" />
  <attribute name="Current GC Util Change" value="141.000000"/>
  <attribute name="GC Util currently" value="141" />
  <attribute name="CPU Util currently" value="1398775108367" />
<concurrent-collection-end id="2118" timestamp="2019-06-16T01:51:50.973" />
<exclusive-end id="2119" timestamp="2019-06-16T01:51:50.973" durationms="5.449" />

<concurrent-kickoff id="2120" timestamp="2019-06-16T01:51:50.990">
  <kickoff reason="threshold reached" targetBytes="1076855" thresholdFreeBytes="159219"  remainingFree="61512" tenureFreeBytes="3024" nurseryFreeBytes="61512" />
</concurrent-kickoff>
<exclusive-start id="2121" timestamp="2019-06-16T01:51:50.990" intervalms="22.630">
  <response-info timems="0.041" idlems="0.041" threads="0" lastid="0000000001576900" lastname="Thread-10" />
</exclusive-start>
<cycle-start id="2122" type="global" contextid="0" timestamp="2019-06-16T01:51:50.990" intervalms="47.027" />
<exclusive-end id="2123" timestamp="2019-06-16T01:51:50.990" durationms="0.139" />

<exclusive-start id="2124" timestamp="2019-06-16T01:51:50.991" intervalms="0.229">
  <response-info timems="0.019" idlems="0.019" threads="0" lastid="000000000157E100" lastname="Thread-9" />
</exclusive-start>
<af-start id="2125" threadId="000000000157EA88" totalBytesRequested="40" timestamp="2019-06-16T01:51:50.991" intervalms="27.283" type="nursery" />
<cycle-start id="2126" type="scavenge" contextid="0" timestamp="2019-06-16T01:51:50.991" intervalms="27.230" />
<gc-start id="2127" type="scavenge" contextid="2126" timestamp="2019-06-16T01:51:50.991">
  <mem-info id="2128" free="3024" total="41287680" percent="0">
    <mem type="nursery" free="0" total="38273024" percent="0">
      <mem type="allocate" free="0" total="34406400" percent="0" />
      <mem type="survivor" free="0" total="3866624" percent="0" />
    </mem>
    <mem type="tenure" free="3024" total="3014656" percent="0">
      <mem type="soa" free="3024" total="3014656" percent="0" />
      <mem type="loa" free="0" total="0" percent="0" />
    </mem>
    <remembered-set count="79" />
  </mem-info>
</gc-start>
<allocation-stats totalBytes="33185392" >
  <allocated-bytes non-tlh="0" tlh="33185392" />
  <largest-consumer threadName="Thread-10" threadId="0000000001576900" bytes="11774520" />
</allocation-stats>
<gc-op id="2129" type="scavenge" timems="1.093" contextid="2126" timestamp="2019-06-16T01:51:50.992">
  <scavenger-info tenureage="2" tenuremask="ffec" tiltratio="89" />
  <memory-copied type="nursery" objects="9789" bytes="373400" bytesdiscarded="216424" />
  <memory-copied type="tenure" objects="17624" bytes="835104" bytesdiscarded="320" />
  <ownableSynchronizers candidates="6" cleared="6" />
  <heap-resize type="expand" space="tenure" amount="983040" count="15" timems="0.159" reason="continue current collection" />
</gc-op>
<gc-end id="2130" type="scavenge" contextid="2126" durationms="1.284" usertimems="4.000" systemtimems="0.000" timestamp="2019-06-16T01:51:50.992" activeThreads="4">
  <mem-info id="2131" free="33816576" total="42270720" percent="80">
    <mem type="nursery" free="33816576" total="38273024" percent="88">
      <mem type="allocate" free="33816576" total="34406400" percent="98" />
      <mem type="survivor" free="0" total="3866624" percent="0" />
    </mem>
    <mem type="tenure" free="0" total="3997696" percent="0">
      <mem type="soa" free="0" total="3997696" percent="0" />
      <mem type="loa" free="0" total="0" percent="0" />
    </mem>
    <remembered-set count="4606" />
  </mem-info>
</gc-end>
<cycle-end id="2132" type="scavenge" contextid="2126" timestamp="2019-06-16T01:51:50.992" />
  <attribute name="elasticGC enabled" value="1" />
  <attribute name= "numThreadsSpecified" value="4" />
  <attribute name="heapSize specified" value="41746432" />
  <attribute name="Current GC Util" value="11" />
  <attribute name= "Current Time Running" value="3281" />
  <attribute name ="GC Interval" value="200" />
  <attribute name="ProportionalT" value="-13.500000" />
  <attribute name="ProportionalI" value="-13.500000" />
  <attribute name="ProportionalH" value="-13.500000" />
  <attribute name="Current Error" value="-9.000000" />
  <attribute name="IntegralT" value="-162.000000" />
  <attribute name="IntegralI" value="-162.000000" />
  <attribute name="IntegralH" value="-162.000000" />
  <attribute name="DerivativeT" value="-7.222222" />
  <attribute name="DerivativeI" value="-7.222222" />
  <attribute name="DerivativeH" value="-7.222222" />
  <attribute name="Loop Time for DT" value="18.000000" />
  <attribute name="Output H" value="2092630016"/>
  <attribute name="Output I" value="200"/>
  <attribute name="Output T" value="4"/>
  <attribute name="Target GC Util Change" value ="20.000000" />
  <attribute name="Current GC Util Change" value="11.000000"/>
  <attribute name="GC Util currently" value="11" />
  <attribute name="CPU Util currently" value="254135885776" />
<allocation-satisfied id="2133" threadId="000000000157E100" bytesRequested="40" />
<af-end id="2134" timestamp="2019-06-16T01:51:50.992" threadId="000000000157EA88" success="true" from="nursery"/>
<exclusive-end id="2135" timestamp="2019-06-16T01:51:50.992" durationms="1.662" />

<exclusive-start id="2136" timestamp="2019-06-16T01:51:51.014" intervalms="23.073">
  <response-info timems="0.204" idlems="0.185" threads="1" lastid="0000000001572D00" lastname="Thread-7" />
</exclusive-start>
<af-start id="2137" threadId="000000000157EA88" totalBytesRequested="40" timestamp="2019-06-16T01:51:51.014" intervalms="23.134" type="nursery" />
<cycle-start id="2138" type="scavenge" contextid="0" timestamp="2019-06-16T01:51:51.014" intervalms="23.137" />
<gc-start id="2139" type="scavenge" contextid="2138" timestamp="2019-06-16T01:51:51.014">
  <mem-info id="2140" free="0" total="42270720" percent="0">
    <mem type="nursery" free="0" total="38273024" percent="0">
      <mem type="allocate" free="0" total="34406400" percent="0" />
      <mem type="survivor" free="0" total="3866624" percent="0" />
    </mem>
    <mem type="tenure" free="0" total="3997696" percent="0">
      <mem type="soa" free="0" total="3997696" percent="0" />
      <mem type="loa" free="0" total="0" percent="0" />
    </mem>
    <remembered-set count="9410" />
  </mem-info>
</gc-start>
<allocation-stats totalBytes="33815928" >
  <allocated-bytes non-tlh="40" tlh="33815888" />
  <largest-consumer threadName="Thread-10" threadId="0000000001576900" bytes="12156616" />
</allocation-stats>
<gc-op id="2141" type="scavenge" timems="0.873" contextid="2138" timestamp="2019-06-16T01:51:51.015">
  <scavenger-info tenureage="14" tenuremask="4000" tiltratio="89" />
  <memory-copied type="nursery" objects="28685" bytes="1101128" bytesdiscarded="114616" />
</gc-op>
<gc-end id="2142" type="scavenge" contextid="2138" durationms="1.038" usertimems="0.000" systemtimems="0.000" timestamp="2019-06-16T01:51:51.015" activeThreads="4">
  <mem-info id="2143" free="33190656" total="42270720" percent="78">
    <mem type="nursery" free="33190656" total="38273024" percent="86">
      <mem type="allocate" free="33190656" total="34406400" percent="96" />
      <mem type="survivor" free="0" total="3866624" percent="0" />
    </mem>
    <mem type="tenure" free="0" total="3997696" percent="0">
      <mem type="soa" free="0" total="3997696" percent="0" />
      <mem type="loa" free="0" total="0" percent="0" />
    </mem>
    <remembered-set count="9410" />
  </mem-info>
</gc-end>
<cycle-end id="2144" type="scavenge" contextid="2138" timestamp="2019-06-16T01:51:51.015" />
  <attribute name="elasticGC enabled" value="1" />
  <attribute name= "numThreadsSpecified" value="4" />
  <attribute name="heapSize specified" value="41746432" />
  <attribute name="Current GC Util" value="13" />
  <attribute name= "Current Time Running" value="3304" />
  <attribute name ="GC Interval" value="200" />
  <attribute name="ProportionalT" value="-10.500000" />
  <attribute name="ProportionalI" value="-10.500000" />
  <attribute name="ProportionalH" value="-10.500000" />
  <attribute name="Current Error" value="-7.000000" />
  <attribute name="IntegralT" value="-161.000000" />
  <attribute name="IntegralI" value="-161.000000" />
  <attribute name="IntegralH" value="-161.000000" />
  <attribute name="DerivativeT" value="-0.304348" />
  <attribute name="DerivativeI" value="-0.304348" />
  <attribute name="DerivativeH" value="-0.304348" />
  <attribute name="Loop Time for DT" value="23.000000" />
  <attribute name="Output H" value="2092630016"/>
  <attribute name="Output I" value="200"/>
  <attribute name="Output T" value="4"/>
  <attribute name="Target GC Util Change" value ="20.000000" />
  <attribute name="Current GC Util Change" value="13.000000"/>
  <attribute name="GC Util currently" value="13" />
  <attribute name="CPU Util currently" value="198998149586" />
<allocation-satisfied id="2145" threadId="000000000157E100" bytesRequested="40" />
<af-end id="2146" timestamp="2019-06-16T01:51:51.015" threadId="000000000157EA88" success="true" from="nursery"/>
<exclusive-end id="2147" timestamp="2019-06-16T01:51:51.015" durationms="1.541" />

<exclusive-start id="2148" timestamp="2019-06-16T01:51:51.015" intervalms="1.682">
  <response-info timems="0.024" idlems="0.024" threads="0" lastid="000000000157A500" lastname="Thread-8" />
</exclusive-start>
<concurrent-collection-start id="2149" timestamp="2019-06-16T01:51:51.015" intervalms="47.612" >
  <concurrent-trace-info reason="card cleaning threshold reached" tracedByMutators="1332316" tracedByHelpers="977860" cardsCleaned="651" workStackOverflowCount="0" />
</concurrent-collection-start>
<gc-start id="2150" type="global" contextid="2122" timestamp="2019-06-16T01:51:51.015">
  <mem-info id="2151" free="32994008" total="42270720" percent="78">
    <mem type="nursery" free="32994008" total="38273024" percent="86">
      <mem type="allocate" free="32994008" total="34406400" percent="95" />
      <mem type="survivor" free="0" total="3866624" percent="0" />
    </mem>
    <mem type="tenure" free="0" total="3997696" percent="0">
      <mem type="soa" free="0" total="3997696" percent="0" />
      <mem type="loa" free="0" total="0" percent="0" />
    </mem>
    <remembered-set count="9410" />
  </mem-info>
</gc-start>
<allocation-stats totalBytes="196648" >
  <allocated-bytes non-tlh="40" tlh="196608" />
  <largest-consumer threadName="Thread-9" threadId="000000000157E100" bytes="65576" />
</allocation-stats>
<gc-op id="2152" type="rs-scan" timems="0.292" contextid="2122" timestamp="2019-06-16T01:51:51.016">
  <scan objectsFound="9376" bytesTraced="789476" workStackOverflowCount="0" />
</gc-op>
<gc-op id="2153" type="card-cleaning" timems="0.058" contextid="2122" timestamp="2019-06-16T01:51:51.016">
  <card-cleaning cardsCleaned="2" bytesTraced="5392" workStackOverflowCount="0" />
</gc-op>
<gc-op id="2154" type="mark" timems="0.717" contextid="2122" timestamp="2019-06-16T01:51:51.017">
  <trace-info objectcount="17667" scancount="17635" scanbytes="836676" />
  <finalization candidates="124" enqueued="0" />
  <ownableSynchronizers candidates="3" cleared="0" />
  <references type="soft" candidates="84" cleared="0" enqueued="0" dynamicThreshold="0" maxThreshold="32" />
  <references type="weak" candidates="693" cleared="0" enqueued="0" />
  <references type="phantom" candidates="38" cleared="0" enqueued="0" />
  <stringconstants candidates="4597" cleared="0"  />
</gc-op>
<gc-op id="2155" type="sweep" timems="0.217" contextid="2122" timestamp="2019-06-16T01:51:51.017" />
<mem-info id="2156" free="33455480" total="42270720" percent="79">
  <mem type="nursery" free="33304840" total="38273024" percent="87">
    <mem type="allocate" free="33304840" total="34406400" percent="96" />
    <mem type="survivor" free="0" total="3866624" percent="0" />
  </mem>
  <mem type="tenure" free="150640" total="3997696" percent="3" micro-fragmented="0" macro-fragmented="0">
    <mem type="soa" free="150640" total="3997696" percent="3" />
    <mem type="loa" free="0" total="0" percent="0" />
  </mem>
  <remembered-set count="9410" />
</mem-info>
<gc-op id="2157" type="compact" timems="5.245" contextid="2122" timestamp="2019-06-16T01:51:51.022">
  <compact-info movecount="45901" movebytes="1875048" reason="compact to aid heap contraction" />
</gc-op>
<heap-resize id="2158" type="contract" space="tenure" amount="131072" count="1" timems="0.081" reason="heap reconfiguration" timestamp="2019-06-16T01:51:51.023" />
<gc-end id="2159" type="global" contextid="2122" durationms="7.503" usertimems="8.000" systemtimems="4.000" timestamp="2019-06-16T01:51:51.023" activeThreads="4">
  <mem-info id="2160" free="33325120" total="42139648" percent="79">
    <mem type="nursery" free="33305232" total="38273024" percent="87">
      <mem type="allocate" free="33305232" total="34406400" percent="96" />
      <mem type="survivor" free="0" total="3866624" percent="0" />
    </mem>
    <mem type="tenure" free="19888" total="3866624" percent="0">
      <mem type="soa" free="19888" total="3866624" percent="0" />
      <mem type="loa" free="0" total="0" percent="0" />
    </mem>
    <remembered-set count="9410" />
  </mem-info>
</gc-end>
<cycle-end id="2161" type="global" contextid="2122" timestamp="2019-06-16T01:51:51.023" />
  <attribute name="elasticGC enabled" value="1" />
  <attribute name= "numThreadsSpecified" value="4" />
  <attribute name="heapSize specified" value="42270720" />
  <attribute name="Current GC Util" value="56" />
  <attribute name= "Current Time Running" value="3313" />
  <attribute name ="GC Interval" value="200" />
  <attribute name="ProportionalT" value="54.000000" />
  <attribute name="ProportionalI" value="54.000000" />
  <attribute name="ProportionalH" value="54.000000" />
  <attribute name="Current Error" value="36.000000" />
  <attribute name="IntegralT" value="216.000000" />
  <attribute name="IntegralI" value="216.000000" />
  <attribute name="IntegralH" value="216.000000" />
  <attribute name="DerivativeT" value="3.000000" />
  <attribute name="DerivativeI" value="3.000000" />
  <attribute name="DerivativeH" value="3.000000" />
  <attribute name="Loop Time for DT" value="6.000000" />
  <attribute name="Output H" value="8388608"/>
  <attribute name="Output I" value="280"/>
  <attribute name="Output T" value="4"/>
  <attribute name="Target GC Util Change" value ="20.000000" />
  <attribute name="Current GC Util Change" value="56.000000"/>
  <attribute name="GC Util currently" value="56" />
  <attribute name="CPU Util currently" value="851479148439" />
<concurrent-collection-end id="2162" timestamp="2019-06-16T01:51:51.023" />
<exclusive-end id="2163" timestamp="2019-06-16T01:51:51.023" durationms="8.022" />

<concurrent-kickoff id="2164" timestamp="2019-06-16T01:51:51.038">
  <kickoff reason="threshold reached" targetBytes="1550657" thresholdFreeBytes="224556"  remainingFree="176784" tenureFreeBytes="19888" nurseryFreeBytes="176784" />
</concurrent-kickoff>
<exclusive-start id="2165" timestamp="2019-06-16T01:51:51.038" intervalms="23.010">
  <response-info timems="0.114" idlems="0.114" threads="0" lastid="0000000001572D00" lastname="Thread-7" />
</exclusive-start>
<cycle-start id="2166" type="global" contextid="0" timestamp="2019-06-16T01:51:51.038" intervalms="47.980" />
<exclusive-end id="2167" timestamp="2019-06-16T01:51:51.038" durationms="0.111" />

<exclusive-start id="2168" timestamp="2019-06-16T01:51:51.039" intervalms="0.283">
  <response-info timems="0.025" idlems="0.025" threads="0" lastid="000000000157A500" lastname="Thread-8" />
</exclusive-start>
<af-start id="2169" threadId="000000000157AE88" totalBytesRequested="40" timestamp="2019-06-16T01:51:51.039" intervalms="24.924" type="nursery" />
<cycle-start id="2170" type="scavenge" contextid="0" timestamp="2019-06-16T01:51:51.039" intervalms="24.931" />
<gc-start id="2171" type="scavenge" contextid="2170" timestamp="2019-06-16T01:51:51.039">
  <mem-info id="2172" free="19888" total="42139648" percent="0">
    <mem type="nursery" free="0" total="38273024" percent="0">
      <mem type="allocate" free="0" total="34406400" percent="0" />
      <mem type="survivor" free="0" total="3866624" percent="0" />
    </mem>
    <mem type="tenure" free="19888" total="3866624" percent="0">
      <mem type="soa" free="19888" total="3866624" percent="0" />
      <mem type="loa" free="0" total="0" percent="0" />
    </mem>
    <remembered-set count="10369" />
  </mem-info>
</gc-start>
<allocation-stats totalBytes="33302880" >
  <allocated-bytes non-tlh="0" tlh="33302880" />
  <largest-consumer threadName="Thread-10" threadId="0000000001576900" bytes="11189520" />
</allocation-stats>
<gc-op id="2173" type="scavenge" timems="0.832" contextid="2170" timestamp="2019-06-16T01:51:51.040">
  <scavenger-info tenureage="3" tenuremask="4008" tiltratio="89" />
  <memory-copied type="nursery" objects="33709" bytes="1222072" bytesdiscarded="182096" />
  <memory-copied type="tenure" objects="236" bytes="5664" bytesdiscarded="0" />
  <copy-failed type="tenure" objects="2094" bytes="50256" />
  <ownableSynchronizers candidates="6" cleared="6" />
</gc-op>
<gc-end id="2174" type="scavenge" contextid="2170" durationms="1.204" usertimems="0.000" systemtimems="0.000" timestamp="2019-06-16T01:51:51.040" activeThreads="4">
  <mem-info id="2175" free="33002232" total="42139648" percent="78">
    <mem type="nursery" free="33002232" total="38273024" percent="86">
      <mem type="allocate" free="33002232" total="34406400" percent="95" />
      <mem type="survivor" free="0" total="3866624" percent="0" />
    </mem>
    <mem type="tenure" free="0" total="3866624" percent="0">
      <mem type="soa" free="0" total="3866624" percent="0" />
      <mem type="loa" free="0" total="0" percent="0" />
    </mem>
    <remembered-set count="10131" />
  </mem-info>
</gc-end>
<cycle-end id="2176" type="scavenge" contextid="2170" timestamp="2019-06-16T01:51:51.040" />
  <attribute name="elasticGC enabled" value="1" />
  <attribute name= "numThreadsSpecified" value="4" />
  <attribute name="heapSize specified" value="42270720" />
  <attribute name="Current GC Util" value="39" />
  <attribute name= "Current Time Running" value="3329" />
  <attribute name ="GC Interval" value="336" />
  <attribute name="ProportionalT" value="28.500000" />
  <attribute name="ProportionalI" value="28.500000" />
  <attribute name="ProportionalH" value="28.500000" />
  <attribute name="Current Error" value="19.000000" />
  <attribute name="IntegralT" value="304.000000" />
  <attribute name="IntegralI" value="304.000000" />
  <attribute name="IntegralH" value="304.000000" />
  <attribute name="DerivativeT" value="-1.062500" />
  <attribute name="DerivativeI" value="-1.062500" />
  <attribute name="DerivativeH" value="-1.062500" />
  <attribute name="Loop Time for DT" value="16.000000" />
  <attribute name="Output H" value="8388608"/>
  <attribute name="Output I" value="336"/>
  <attribute name="Output T" value="4"/>
  <attribute name="Target GC Util Change" value ="20.000000" />
  <attribute name="Current GC Util Change" value="39.000000"/>
  <attribute name="GC Util currently" value="39" />
  <attribute name="CPU Util currently" value="281824004536" />
<allocation-satisfied id="2177" threadId="000000000157A500" bytesRequested="40" />
<af-end id="2178" timestamp="2019-06-16T01:51:51.040" threadId="000000000157AE88" success="true" from="nursery"/>
<exclusive-end id="2179" timestamp="2019-06-16T01:51:51.040" durationms="1.675" />

<exclusive-start id="2180" timestamp="2019-06-16T01:51:51.059" intervalms="20.476">
  <response-info timems="0.033" idlems="0.033" threads="0" lastid="000000000157A500" lastname="Thread-8" />
</exclusive-start>
<af-start id="2181" threadId="000000000157AE88" totalBytesRequested="40" timestamp="2019-06-16T01:51:51.059" intervalms="20.519" type="nursery" />
<percolate-collect id="2182" from="nursery" to="global" reason="failed tenure threshold reached" timestamp="2019-06-16T01:51:51.059"/>
<gc-start id="2183" type="global" contextid="2166" timestamp="2019-06-16T01:51:51.059">
  <mem-info id="2184" free="0" total="42139648" percent="0">
    <mem type="nursery" free="0" total="38273024" percent="0">
      <mem type="allocate" free="0" total="34406400" percent="0" />
      <mem type="survivor" free="0" total="3866624" percent="0" />
    </mem>
    <mem type="tenure" free="0" total="3866624" percent="0">
      <mem type="soa" free="0" total="3866624" percent="0" />
      <mem type="loa" free="0" total="0" percent="0" />
    </mem>
    <remembered-set count="10672" />
  </mem-info>
</gc-start>
<allocation-stats totalBytes="33000048" >
  <allocated-bytes non-tlh="40" tlh="33000008" />
  <largest-consumer threadName="Thread-10" threadId="0000000001576900" bytes="11107656" />
</allocation-stats>
<concurrent-halted id="2185" timestamp="2019-06-16T01:51:51.059">
  <halted state="Tracing incomplete" status="clean trace" />
  <traced bytesTarget="1550657" bytesTotal="1441708" bytesByMutator="691864" bytesByHelper="749844" percent="92" />
  <cards cleaned="117" thresholdBytes="88461" />
</concurrent-halted>
<gc-op id="2186" type="tracing" timems="0.113" contextid="2166" timestamp="2019-06-16T01:51:51.060">
  <trace bytesTraced="3096" workStackOverflowCount="0" />
</gc-op>
<gc-op id="2187" type="rs-scan" timems="0.217" contextid="2166" timestamp="2019-06-16T01:51:51.060">
  <scan objectsFound="3505" bytesTraced="276148" workStackOverflowCount="0" />
</gc-op>
<gc-op id="2188" type="card-cleaning" timems="0.058" contextid="2166" timestamp="2019-06-16T01:51:51.060">
  <card-cleaning cardsCleaned="2" bytesTraced="832" workStackOverflowCount="0" />
</gc-op>
<gc-op id="2189" type="mark" timems="0.762" contextid="2166" timestamp="2019-06-16T01:51:51.061">
  <trace-info objectcount="20515" scancount="20483" scanbytes="905796" />
  <finalization candidates="124" enqueued="0" />
  <ownableSynchronizers candidates="3" cleared="0" />
  <references type="soft" candidates="84" cleared="0" enqueued="0" dynamicThreshold="0" maxThreshold="32" />
  <references type="weak" candidates="693" cleared="0" enqueued="0" />
  <references type="phantom" candidates="38" cleared="0" enqueued="0" />
  <stringconstants candidates="4597" cleared="0"  />
</gc-op>
<gc-op id="2190" type="sweep" timems="0.295" contextid="2166" timestamp="2019-06-16T01:51:51.061" />
<mem-info id="2191" free="33881568" total="42139648" percent="80">
  <mem type="nursery" free="33306584" total="38273024" percent="87">
    <mem type="allocate" free="33306584" total="34406400" percent="96" />
    <mem type="survivor" free="0" total="3866624" percent="0" />
  </mem>
  <mem type="tenure" free="574984" total="3866624" percent="14" micro-fragmented="0" macro-fragmented="0">
    <mem type="soa" free="574984" total="3866624" percent="14" />
    <mem type="loa" free="0" total="0" percent="0" />
  </mem>
  <remembered-set count="3539" />
</mem-info>
<gc-op id="2192" type="compact" timems="2.965" contextid="2166" timestamp="2019-06-16T01:51:51.064">
  <compact-info movecount="29488" movebytes="1238256" reason="compact to aid heap contraction" />
</gc-op>
<heap-resize id="2193" type="contract" space="tenure" amount="524288" count="1" timems="0.099" reason="heap reconfiguration" timestamp="2019-06-16T01:51:51.065" />
<gc-end id="2194" type="global" contextid="2166" durationms="5.505" usertimems="12.000" systemtimems="0.000" timestamp="2019-06-16T01:51:51.065" activeThreads="4">
  <mem-info id="2195" free="33476768" total="41615360" percent="80">
    <mem type="nursery" free="33426072" total="38273024" percent="87">
      <mem type="allocate" free="33426072" total="34406400" percent="97" />
      <mem type="survivor" free="0" total="3866624" percent="0" />
    </mem>
    <mem type="tenure" free="50696" total="3342336" percent="1">
      <mem type="soa" free="50696" total="3342336" percent="1" />
      <mem type="loa" free="0" total="0" percent="0" />
    </mem>
    <remembered-set count="3539" />
  </mem-info>
</gc-end>
<cycle-end id="2196" type="global" contextid="2166" timestamp="2019-06-16T01:51:51.065" />
  <attribute name="elasticGC enabled" value="1" />
  <attribute name= "numThreadsSpecified" value="4" />
  <attribute name="heapSize specified" value="42139648" />
  <attribute name="Current GC Util" value="148" />
  <attribute name= "Current Time Running" value="3355" />
  <attribute name ="GC Interval" value="336" />
  <attribute name="ProportionalT" value="192.000000" />
  <attribute name="ProportionalI" value="192.000000" />
  <attribute name="ProportionalH" value="192.000000" />
  <attribute name="Current Error" value="128.000000" />
  <attribute name="IntegralT" value="384.000000" />
  <attribute name="IntegralI" value="384.000000" />
  <attribute name="IntegralH" value="384.000000" />
  <attribute name="DerivativeT" value="28.666667" />
  <attribute name="DerivativeI" value="28.666667" />
  <attribute name="DerivativeH" value="28.666667" />
  <attribute name="Loop Time for DT" value="3.000000" />
  <attribute name="Output H" value="8388608"/>
  <attribute name="Output I" value="608"/>
  <attribute name="Output T" value="4"/>
  <attribute name="Target GC Util Change" value ="20.000000" />
  <attribute name="Current GC Util Change" value="148.000000"/>
  <attribute name="GC Util currently" value="148" />
  <attribute name="CPU Util currently" value="1494112561671" />
<allocation-satisfied id="2197" threadId="000000000157A500" bytesRequested="40" />
<af-end id="2198" timestamp="2019-06-16T01:51:51.065" threadId="000000000157AE88" success="true" from="nursery"/>
<exclusive-end id="2199" timestamp="2019-06-16T01:51:51.065" durationms="6.098" />

<concurrent-kickoff id="2200" timestamp="2019-06-16T01:51:51.080">
  <kickoff reason="threshold reached" targetBytes="1331146" thresholdFreeBytes="194230"  remainingFree="133744" tenureFreeBytes="50696" nurseryFreeBytes="133744" />
</concurrent-kickoff>
<exclusive-start id="2201" timestamp="2019-06-16T01:51:51.080" intervalms="20.687">
  <response-info timems="0.061" idlems="0.038" threads="1" lastid="0000000001576900" lastname="Thread-10" />
</exclusive-start>
<cycle-start id="2202" type="global" contextid="0" timestamp="2019-06-16T01:51:51.080" intervalms="41.453" />
<exclusive-end id="2203" timestamp="2019-06-16T01:51:51.080" durationms="0.123" />

<exclusive-start id="2204" timestamp="2019-06-16T01:51:51.080" intervalms="0.297">
  <response-info timems="0.029" idlems="0.029" threads="0" lastid="0000000001572D00" lastname="Thread-7" />
</exclusive-start>
<af-start id="2205" threadId="0000000001573688" totalBytesRequested="40" timestamp="2019-06-16T01:51:51.080" intervalms="20.933" type="nursery" />
<cycle-start id="2206" type="scavenge" contextid="0" timestamp="2019-06-16T01:51:51.080" intervalms="41.444" />
<gc-start id="2207" type="scavenge" contextid="2206" timestamp="2019-06-16T01:51:51.080">
  <mem-info id="2208" free="50696" total="41615360" percent="0">
    <mem type="nursery" free="0" total="38273024" percent="0">
      <mem type="allocate" free="0" total="34406400" percent="0" />
      <mem type="survivor" free="0" total="3866624" percent="0" />
    </mem>
    <mem type="tenure" free="50696" total="3342336" percent="1">
      <mem type="soa" free="50696" total="3342336" percent="1" />
      <mem type="loa" free="0" total="0" percent="0" />
    </mem>
    <remembered-set count="3662" />
  </mem-info>
</gc-start>
<allocation-stats totalBytes="33424464" >
  <allocated-bytes non-tlh="40" tlh="33424424" />
  <largest-consumer threadName="Thread-8" threadId="000000000157A500" bytes="11238864" />
</allocation-stats>
<gc-op id="2209" type="scavenge" timems="1.171" contextid="2206" timestamp="2019-06-16T01:51:51.082">
  <scavenger-info tenureage="2" tenuremask="401c" tiltratio="89" />
  <memory-copied type="nursery" objects="30369" bytes="1265632" bytesdiscarded="231584" />
  <memory-copied type="tenure" objects="1515" bytes="50688" bytesdiscarded="8" />
  <copy-failed type="tenure" objects="10271" bytes="506928" />
  <ownableSynchronizers candidates="6" cleared="6" />
</gc-op>
<gc-end id="2210" type="scavenge" contextid="2206" durationms="1.343" usertimems="4.000" systemtimems="0.000" timestamp="2019-06-16T01:51:51.082" activeThreads="4">
  <mem-info id="2211" free="32909184" total="41615360" percent="79">
    <mem type="nursery" free="32909184" total="38273024" percent="85">
      <mem type="allocate" free="32909184" total="34406400" percent="95" />
      <mem type="survivor" free="0" total="3866624" percent="0" />
    </mem>
    <mem type="tenure" free="0" total="3342336" percent="0">
      <mem type="soa" free="0" total="3342336" percent="0" />
      <mem type="loa" free="0" total="0" percent="0" />
    </mem>
    <remembered-set count="3019" />
  </mem-info>
</gc-end>
<cycle-end id="2212" type="scavenge" contextid="2206" timestamp="2019-06-16T01:51:51.082" />
  <attribute name="elasticGC enabled" value="1" />
  <attribute name= "numThreadsSpecified" value="4" />
  <attribute name="heapSize specified" value="42139648" />
  <attribute name="Current GC Util" value="34" />
  <attribute name= "Current Time Running" value="3371" />
  <attribute name ="GC Interval" value="240" />
  <attribute name="ProportionalT" value="21.000000" />
  <attribute name="ProportionalI" value="21.000000" />
  <attribute name="ProportionalH" value="21.000000" />
  <attribute name="Current Error" value="14.000000" />
  <attribute name="IntegralT" value="224.000000" />
  <attribute name="IntegralI" value="224.000000" />
  <attribute name="IntegralH" value="224.000000" />
  <attribute name="DerivativeT" value="-7.125000" />
  <attribute name="DerivativeI" value="-7.125000" />
  <attribute name="DerivativeH" value="-7.125000" />
  <attribute name="Loop Time for DT" value="16.000000" />
  <attribute name="Output H" value="8388608"/>
  <attribute name="Output I" value="240"/>
  <attribute name="Output T" value="4"/>
  <attribute name="Target GC Util Change" value ="20.000000" />
  <attribute name="Current GC Util Change" value="34.000000"/>
  <attribute name="GC Util currently" value="34" />
  <attribute name="CPU Util currently" value="290157565188" />
<allocation-satisfied id="2213" threadId="0000000001572D00" bytesRequested="40" />
<af-end id="2214" timestamp="2019-06-16T01:51:51.082" threadId="0000000001573688" success="true" from="nursery"/>
<exclusive-end id="2215" timestamp="2019-06-16T01:51:51.082" durationms="1.740" />

<exclusive-start id="2216" timestamp="2019-06-16T01:51:51.103" intervalms="23.118">
  <response-info timems="0.065" idlems="0.065" threads="0" lastid="000000000157E100" lastname="Thread-9" />
</exclusive-start>
<af-start id="2217" threadId="000000000157EA88" totalBytesRequested="40" timestamp="2019-06-16T01:51:51.103" intervalms="23.172" type="nursery" />
<percolate-collect id="2218" from="nursery" to="global" reason="concurrent mark exhausted" timestamp="2019-06-16T01:51:51.103"/>
<gc-start id="2219" type="global" contextid="2202" timestamp="2019-06-16T01:51:51.103">
  <mem-info id="2220" free="0" total="41615360" percent="0">
    <mem type="nursery" free="0" total="38273024" percent="0">
      <mem type="allocate" free="0" total="34406400" percent="0" />
      <mem type="survivor" free="0" total="3866624" percent="0" />
    </mem>
    <mem type="tenure" free="0" total="3342336" percent="0">
      <mem type="soa" free="0" total="3342336" percent="0" />
      <mem type="loa" free="0" total="0" percent="0" />
    </mem>
    <remembered-set count="3199" />
  </mem-info>
</gc-start>
<allocation-stats totalBytes="32908592" >
  <allocated-bytes non-tlh="40" tlh="32908552" />
  <largest-consumer threadName="Thread-8" threadId="000000000157A500" bytes="12691040" />
</allocation-stats>
<concurrent-halted id="2221" timestamp="2019-06-16T01:51:51.104">
  <halted state="Complete" status="exhausted" />
  <traced bytesTarget="1331146" bytesTotal="1116144" bytesByMutator="596268" bytesByHelper="519876" percent="83" />
  <cards cleaned="30" thresholdBytes="76514" />
</concurrent-halted>
<gc-op id="2222" type="rs-scan" timems="0.193" contextid="2202" timestamp="2019-06-16T01:51:51.104">
  <scan objectsFound="54" bytesTraced="4420" workStackOverflowCount="0" />
</gc-op>
<gc-op id="2223" type="card-cleaning" timems="0.095" contextid="2202" timestamp="2019-06-16T01:51:51.104">
  <card-cleaning cardsCleaned="2" bytesTraced="1368" workStackOverflowCount="0" />
</gc-op>
<gc-op id="2224" type="mark" timems="1.337" contextid="2202" timestamp="2019-06-16T01:51:51.105">
  <trace-info objectcount="14222" scancount="14222" scanbytes="616504" />
  <finalization candidates="124" enqueued="0" />
  <ownableSynchronizers candidates="3" cleared="0" />
  <references type="soft" candidates="84" cleared="0" enqueued="0" dynamicThreshold="0" maxThreshold="32" />
  <references type="weak" candidates="693" cleared="0" enqueued="0" />
  <references type="phantom" candidates="38" cleared="0" enqueued="0" />
  <stringconstants candidates="4597" cleared="0"  />
</gc-op>
<gc-op id="2225" type="sweep" timems="0.328" contextid="2202" timestamp="2019-06-16T01:51:51.106" />
<mem-info id="2226" free="34105104" total="41615360" percent="81">
  <mem type="nursery" free="33803056" total="38273024" percent="88">
    <mem type="allocate" free="33803056" total="34406400" percent="98" />
    <mem type="survivor" free="0" total="3866624" percent="0" />
  </mem>
  <mem type="tenure" free="302048" total="3342336" percent="9" micro-fragmented="0" macro-fragmented="0">
    <mem type="soa" free="302048" total="3342336" percent="9" />
    <mem type="loa" free="0" total="0" percent="0" />
  </mem>
  <remembered-set count="533" />
</mem-info>
<gc-op id="2227" type="compact" timems="3.751" contextid="2202" timestamp="2019-06-16T01:51:51.110">
  <compact-info movecount="14186" movebytes="615936" reason="compact to aid heap contraction" />
</gc-op>
<heap-resize id="2228" type="expand" space="tenure" amount="2051014656" count="1" timems="0.019" reason="satisfy allocation request" timestamp="2019-06-16T01:51:51.110" />
<gc-end id="2229" type="global" contextid="2202" durationms="6.440" usertimems="8.000" systemtimems="0.000" timestamp="2019-06-16T01:51:51.110" activeThreads="4">
  <mem-info id="2230" free="2085135824" total="2092630016" percent="99">
    <mem type="nursery" free="33819120" total="38273024" percent="88">
      <mem type="allocate" free="33819120" total="34406400" percent="98" />
      <mem type="survivor" free="0" total="3866624" percent="0" />
    </mem>
    <mem type="tenure" free="2051316704" total="2054356992" percent="99">
      <mem type="soa" free="2051316704" total="2054356992" percent="99" />
      <mem type="loa" free="0" total="0" percent="0" />
    </mem>
    <remembered-set count="533" />
  </mem-info>
</gc-end>
<cycle-end id="2231" type="global" contextid="2202" timestamp="2019-06-16T01:51:51.110" />
  <attribute name="elasticGC enabled" value="1" />
  <attribute name= "numThreadsSpecified" value="4" />
  <attribute name="heapSize specified" value="41615360" />
  <attribute name="Current GC Util" value="0" />
  <attribute name= "Current Time Running" value="3400" />
  <attribute name ="GC Interval" value="240" />
  <attribute name="ProportionalT" value="-30.000000" />
  <attribute name="ProportionalI" value="-30.000000" />
  <attribute name="ProportionalH" value="-30.000000" />
  <attribute name="Current Error" value="-20.000000" />
  <attribute name="IntegralT" value="-80.000000" />
  <attribute name="IntegralI" value="-80.000000" />
  <attribute name="IntegralH" value="-80.000000" />
  <attribute name="DerivativeT" value="-13.000000" />
  <attribute name="DerivativeI" value="-13.000000" />
  <attribute name="DerivativeH" value="-13.000000" />
  <attribute name="Loop Time for DT" value="4.000000" />
  <attribute name="Output H" value="2092630016"/>
  <attribute name="Output I" value="200"/>
  <attribute name="Output T" value="4"/>
  <attribute name="Target GC Util Change" value ="20.000000" />
  <attribute name="Current GC Util Change" value="0.000000"/>
  <attribute name="GC Util currently" value="0" />
  <attribute name="CPU Util currently" value="1210884099438" />
<allocation-satisfied id="2232" threadId="000000000157E100" bytesRequested="40" />
<af-end id="2233" timestamp="2019-06-16T01:51:51.110" threadId="000000000157EA88" success="true" from="nursery"/>
<exclusive-end id="2234" timestamp="2019-06-16T01:51:51.110" durationms="6.970" />

</verbosegc>

