<?xml version="1.0" ?>

<verbosegc xmlns="http://www.ibm.com/j9/verbosegc" version="10b4217_CMPRSS">

<initialized id="1" timestamp="2019-06-17T02:57:38.910">
  <attribute name="gcPolicy" value="-Xgcpolicy:balanced" />
  <attribute name="elasticGC enabled" value="1" />
  <attribute name= "numThreadsSpecified" value="0" />
  <attribute name="heapSize specified" value="0" />
  <attribute name="Current GC Util" value="0" />
  <attribute name= "Current Time Running" value="0" />
  <attribute name ="GC Interval" value="0" />
  <attribute name="ProportionalT" value="0.000000" />
  <attribute name="ProportionalI" value="0.000000" />
  <attribute name="ProportionalH" value="0.000000" />
  <attribute name="IntegralT" value="0.000000" />
  <attribute name="IntegralI" value="0.000000" />
  <attribute name="IntegralH" value="0.000000" />
  <attribute name="DerivativeT" value="0.000000" />
  <attribute name="DerivativeI" value="0.000000" />
  <attribute name="DerivativeH" value="0.000000" />
  <attribute name="Target GC Util Change" value ="0.000000" />
  <attribute name="Current GC Util Change" value="0.000000"/>
  <attribute name="Current Error" value="0.000000" />
  <attribute name="Loop Time for DT" value="0.000000" />
  <attribute name="Output H" value="0"/>
  <attribute name="Output I" value="0"/>
  <attribute name="Output T" value="0"/>
  <attribute name="GC Util currently" value="0" />
  <attribute name="CPU Util currently" value="0" />
  <attribute name="maxHeapSize" value="0x7cb00000" />
  <attribute name="initialHeapSize" value="0x800000" />
  <attribute name="compressedRefs" value="true" />
  <attribute name="compressedRefsDisplacement" value="0x0" />
  <attribute name="compressedRefsShift" value="0x0" />
  <attribute name="pageSize" value="0x1000" />
  <attribute name="pageType" value="not used" />
  <attribute name="requestedPageSize" value="0x1000" />
  <attribute name="requestedPageType" value="not used" />
  <attribute name="gcthreads" value="4" />
  <attribute name="packetListSplit" value="4" />
  <attribute name="cacheListSplit" value="4" />
  <attribute name="splitFreeListSplitAmount" value="1" />
  <attribute name="numaNodes" value="0" />
  <region>
    <attribute name="regionSize" value="1048576" />
    <attribute name="regionCount" value="1995" />
    <attribute name="arrayletLeafSize" value="1048576" />
  </region>
  <system>
    <attribute name="physicalMemory" value="8370958336" />
    <attribute name="numCPUs" value="4" />
    <attribute name="architecture" value="amd64" />
    <attribute name="os" value="Linux" />
    <attribute name="osVersion" value="4.4.0-150-generic" />
  </system>
  <vmargs>
    <vmarg name="-Xoptionsfile=/vagrant/jdk/lib/options.default" />
    <vmarg name="-Xlockword:mode=default,noLockword=java/lang/String,noLockword=java/util/MapEntry,noLockword=java/util/HashMap$Entry,noLockword..." />
    <vmarg name="-Xjcl:jclse29" />
    <vmarg name="-Dcom.ibm.oti.vm.bootstrap.library.path=/vagrant/jdk/lib/compressedrefs:/vagrant/jdk/lib" />
    <vmarg name="-Dsun.boot.library.path=/vagrant/jdk/lib/compressedrefs:/vagrant/jdk/lib" />
    <vmarg name="-Djava.library.path=/vagrant/jdk/lib/compressedrefs:/vagrant/jdk/lib:/usr/lib64:/usr/lib" />
    <vmarg name="-Djava.home=/vagrant/jdk" />
    <vmarg name="-Duser.dir=/vagrant" />
    <vmarg name="-Xgcpolicy:balanced" />
    <vmarg name="-Xgcelastic" />
    <vmarg name="-Xcheck:gc:::elasticGC" />
    <vmarg name="-verbose:gc" />
    <vmarg name="-Xloggc:jdk1.5-1-1.5-default-BAL-4CORE-elasticverbose12avrora.txt" />
    <vmarg name="-Djava.class.path=dacapo-9.12-MR1-bach.jar" />
    <vmarg name="-Dsun.java.command=dacapo-9.12-MR1-bach.jar avrora --size=default" />
    <vmarg name="-Dsun.java.launcher=SUN_STANDARD" />
    <vmarg name="-Dsun.java.launcher.pid=757" />
  </vmargs>
</initialized>

<exclusive-start id="2" timestamp="2019-06-17T02:57:48.752" intervalms="9841.956">
  <response-info timems="0.057" idlems="0.057" threads="0" lastid="00000000013AB700" lastname="main" />
</exclusive-start>
<sys-start reason="explicit" id="3" timestamp="2019-06-17T02:57:48.752" intervalms="9842.451" />
<cycle-start id="4" type="global garbage collect" contextid="0" timestamp="2019-06-17T02:57:48.753" intervalms="9843.232" />
<gc-start id="5" type="global garbage collect" contextid="4" timestamp="2019-06-17T02:57:48.753">
  <mem-info id="6" free="1662824" total="8388608" percent="19">
    <mem type="eden" free="614328" total="7340032" percent="8" />
    <remembered-set count="0" freebytes="334848" totalbytes="334848" percent="100" regionsoverflowed="0" regionsstable="0" regionsrebuilding="0"/>
  </mem-info>
</gc-start>
<allocation-stats totalBytes="6654312" >
  <allocated-bytes non-tlh="529728" tlh="6124584" arrayletleaf="0"/>
  <largest-consumer threadName="main" threadId="00000000013AB700" bytes="6580792" />
</allocation-stats>
<gc-op id="7" type="global mark" timems="4.299" contextid="4" timestamp="2019-06-17T02:57:48.758">
  <trace-info objectcount="17849" scancount="14128" scanbytes="463976" />
  <finalization candidates="14" enqueued="1" />
  <references type="soft" candidates="66" cleared="0" enqueued="0" dynamicThreshold="32" maxThreshold="32" />
  <references type="weak" candidates="553" cleared="411" enqueued="372" />
  <references type="phantom" candidates="99" cleared="41" enqueued="41" />
  <stringconstants candidates="2456" cleared="0"  />
</gc-op>
<gc-op id="8" type="classunload" timems="0.095" contextid="4" timestamp="2019-06-17T02:57:48.758">
  <classunload-info classloadercandidates="6" classloadersunloaded="0" classesunloaded="0" anonymousclassesunloaded="0" quiescems="0.000" setupms="0.095" scanms="0.000" postms="0.000" />
</gc-op>
<gc-op id="9" type="sweep" timems="0.594" contextid="4" timestamp="2019-06-17T02:57:48.760" />
<gc-op id="10" type="compact" timems="5.308" contextid="4" timestamp="2019-06-17T02:57:48.765">
  <compact-info movecount="17842" movebytes="855368" />
  <remembered-set-cleared processed="1068" cleared="1068" durationms="0.118" />
</gc-op>
<gc-end id="11" type="global garbage collect" contextid="4" durationms="12.346" usertimems="12.000" systemtimems="0.000" timestamp="2019-06-17T02:57:48.766" activeThreads="4">
  <mem-info id="12" free="7340032" total="8388608" percent="87">
    <pending-finalizers system="1" default="0" reference="413" classloader="0" />
    <remembered-set count="0" freebytes="334848" totalbytes="334848" percent="100" regionsoverflowed="0" regionsstable="0" regionsrebuilding="0"/>
  </mem-info>
</gc-end>
<cycle-end id="13" type="global garbage collect" contextid="4" timestamp="2019-06-17T02:57:48.766" />
  <attribute name="elasticGC enabled" value="1" />
  <attribute name= "numThreadsSpecified" value="4" />
  <attribute name="heapSize specified" value="0" />
  <attribute name="Current GC Util" value="26" />
  <attribute name= "Current Time Running" value="9723" />
  <attribute name ="GC Interval" value="0" />
  <attribute name="ProportionalT" value="9.000000" />
  <attribute name="ProportionalI" value="9.000000" />
  <attribute name="ProportionalH" value="9.000000" />
  <attribute name="Current Error" value="6.000000" />
  <attribute name="IntegralT" value="-194024.000000" />
  <attribute name="IntegralI" value="-194024.000000" />
  <attribute name="IntegralH" value="-194024.000000" />
  <attribute name="DerivativeT" value="-84.000000" />
  <attribute name="DerivativeI" value="-84.000000" />
  <attribute name="DerivativeH" value="-84.000000" />
  <attribute name="Loop Time for DT" value="1.000000" />
  <attribute name="Output H" value="2091843584"/>
  <attribute name="Output I" value="200"/>
  <attribute name="Output T" value="4"/>
  <attribute name="Target GC Util Change" value ="20.000000" />
  <attribute name="Current GC Util Change" value="26.000000"/>
  <attribute name="GC Util currently" value="26" />
  <attribute name="CPU Util currently" value="5532425457507" />
<sys-end id="14" timestamp="2019-06-17T02:57:48.766" />
<exclusive-end id="15" timestamp="2019-06-17T02:57:48.766" durationms="14.658" />

<exclusive-start id="16" timestamp="2019-06-17T02:57:50.193" intervalms="1441.637">
  <response-info timems="0.039" idlems="0.039" threads="0" lastid="0000000001670500" lastname="node-2" />
</exclusive-start>
<allocation-taxation id="17" taxation-threshold="7340032" timestamp="2019-06-17T02:57:50.193" intervalms="11283.744" />
<cycle-start id="18" type="partial gc" contextid="0" timestamp="2019-06-17T02:57:50.193" intervalms="11283.858" />
<gc-start id="19" type="partial gc" contextid="18" timestamp="2019-06-17T02:57:50.194">
  <mem-info id="20" free="0" total="8388608" percent="0">
    <mem type="eden" free="0" total="7340032" percent="0" />
    <remembered-set count="0" freebytes="334848" totalbytes="334848" percent="100" regionsoverflowed="0" regionsstable="0" regionsrebuilding="0"/>
  </mem-info>
</gc-start>
<allocation-stats totalBytes="7329008" >
  <allocated-bytes non-tlh="172800" tlh="7156208" arrayletleaf="0"/>
  <largest-consumer threadName="main" threadId="00000000013AB700" bytes="6528080" />
</allocation-stats>
<gc-op id="21" type="mark" timems="2.964" contextid="18" timestamp="2019-06-17T02:57:50.197">
  <trace-info objectcount="29325" scancount="25910" scanbytes="1015092" />
  <cardclean-info objects="1183" bytes="40560" />
  <remembered-set-cleared processed="0" cleared="0" durationms="0.047" />
  <references type="weak" candidates="45" cleared="44" enqueued="44" />
  <references type="phantom" candidates="4" cleared="2" enqueued="2" />
  <stringconstants candidates="3831" cleared="0"  />
  <warning details="Mark invoked due to insufficient free space for Copy-Forward" />
</gc-op>
<gc-op id="22" type="classunload" timems="0.002" contextid="18" timestamp="2019-06-17T02:57:50.197">
  <classunload-info classloadercandidates="6" classloadersunloaded="0" classesunloaded="0" anonymousclassesunloaded="0" quiescems="0.000" setupms="0.002" scanms="0.000" postms="0.000" />
</gc-op>
<gc-op id="23" type="sweep" timems="0.868" contextid="18" timestamp="2019-06-17T02:57:50.198" />
<gc-op id="24" type="compact" timems="7.110" contextid="18" timestamp="2019-06-17T02:57:50.206">
  <compact-info movecount="29277" movebytes="1366448" />
  <remembered-set-cleared processed="839" cleared="839" durationms="0.047" />
</gc-op>
<gc-end id="25" type="partial gc" contextid="18" durationms="12.699" usertimems="12.000" systemtimems="0.000" timestamp="2019-06-17T02:57:50.206" activeThreads="4">
  <mem-info id="26" free="5242880" total="8388608" percent="62">
    <mem type="eden" free="727800" total="2097152" percent="34" />
    <pending-finalizers system="0" default="0" reference="46" classloader="0" />
    <remembered-set count="1536" freebytes="328704" totalbytes="334848" percent="98" regionsoverflowed="0" regionsstable="0" regionsrebuilding="0"/>
  </mem-info>
</gc-end>
<cycle-end id="27" type="partial gc" contextid="18" timestamp="2019-06-17T02:57:50.207" />
  <attribute name="elasticGC enabled" value="1" />
  <attribute name= "numThreadsSpecified" value="4" />
  <attribute name="heapSize specified" value="0" />
  <attribute name="Current GC Util" value="52" />
  <attribute name= "Current Time Running" value="11162" />
  <attribute name ="GC Interval" value="0" />
  <attribute name="ProportionalT" value="48.000000" />
  <attribute name="ProportionalI" value="48.000000" />
  <attribute name="ProportionalH" value="48.000000" />
  <attribute name="Current Error" value="32.000000" />
  <attribute name="IntegralT" value="64.000000" />
  <attribute name="IntegralI" value="64.000000" />
  <attribute name="IntegralH" value="64.000000" />
  <attribute name="DerivativeT" value="24.000000" />
  <attribute name="DerivativeI" value="24.000000" />
  <attribute name="DerivativeH" value="24.000000" />
  <attribute name="Loop Time for DT" value="2.000000" />
  <attribute name="Output H" value="8388608"/>
  <attribute name="Output I" value="200"/>
  <attribute name="Output T" value="4"/>
  <attribute name="Target GC Util Change" value ="20.000000" />
  <attribute name="Current GC Util Change" value="52.000000"/>
  <attribute name="GC Util currently" value="52" />
  <attribute name="CPU Util currently" value="3919921747683" />
<exclusive-end id="28" timestamp="2019-06-17T02:57:50.207" durationms="13.496" />

<exclusive-start id="29" timestamp="2019-06-17T02:57:51.872" intervalms="1678.618">
  <response-info timems="0.042" idlems="0.042" threads="0" lastid="000000000166C900" lastname="node-0" />
</exclusive-start>
<allocation-taxation id="30" taxation-threshold="2097152" timestamp="2019-06-17T02:57:51.872" intervalms="1678.590" />
<cycle-start id="31" type="global mark phase" contextid="0" timestamp="2019-06-17T02:57:51.872" intervalms="12962.575" />
<gc-start id="32" type="global mark phase" contextid="31" timestamp="2019-06-17T02:57:51.872">
  <mem-info id="33" free="3145728" total="8388608" percent="37">
    <remembered-set count="1312" freebytes="329600" totalbytes="334848" percent="98" regionsoverflowed="0" regionsstable="0" regionsrebuilding="0"/>
  </mem-info>
</gc-start>
<gc-op id="34" type="mark increment" timems="0.588" contextid="31" timestamp="2019-06-17T02:57:51.873">
  <trace-info objectcount="215" scancount="0" scanbytes="0" />
</gc-op>
<gc-end id="35" type="global mark phase" contextid="31" durationms="0.705" usertimems="0.000" systemtimems="0.000" timestamp="2019-06-17T02:57:51.873" activeThreads="4">
  <mem-info id="36" free="3145728" total="8388608" percent="37">
    <remembered-set count="1312" freebytes="329600" totalbytes="334848" percent="98" regionsoverflowed="0" regionsstable="0" regionsrebuilding="0"/>
  </mem-info>
</gc-end>
<concurrent-start id="37" type="GMP work packet processing" contextid="31" timestamp="2019-06-17T02:57:51.873">
  <concurrent-mark-start scanTarget="18446744073709551615" />
</concurrent-start>
<exclusive-end id="38" timestamp="2019-06-17T02:57:51.877" durationms="5.459" />

<concurrent-end id="39" type="GMP work packet processing" contextid="31" timestamp="2019-06-17T02:57:51.878">
  <concurrent-mark-end bytesScanned="1455720" reasonForTermination="Completed all work in GC phase" />
</concurrent-end>

<exclusive-start id="40" timestamp="2019-06-17T02:57:53.571" intervalms="1698.670">
  <response-info timems="0.022" idlems="0.022" threads="0" lastid="000000000166C900" lastname="node-0" />
</exclusive-start>
<allocation-taxation id="41" taxation-threshold="2097152" timestamp="2019-06-17T02:57:53.571" intervalms="1698.656" />
<cycle-start id="42" type="partial gc" contextid="0" timestamp="2019-06-17T02:57:53.571" intervalms="3377.263" />
<gc-start id="43" type="partial gc" contextid="42" timestamp="2019-06-17T02:57:53.571">
  <mem-info id="44" free="1048576" total="8388608" percent="12">
    <mem type="eden" free="0" total="4194304" percent="0" />
    <remembered-set count="1312" freebytes="329600" totalbytes="334848" percent="98" regionsoverflowed="0" regionsstable="0" regionsrebuilding="0"/>
  </mem-info>
</gc-start>
<allocation-stats totalBytes="4191744" >
  <allocated-bytes non-tlh="0" tlh="4191744" arrayletleaf="0"/>
  <largest-consumer threadName="node-5" threadId="0000000001668D00" bytes="405016" />
</allocation-stats>
<gc-op id="45" type="copy forward" timems="4.978" contextid="42" timestamp="2019-06-17T02:57:53.577">
  <memory-copied type="eden" objects="45" bytes="1576" bytesdiscarded="59544" />
  <memory-copied type="other" objects="29118" bytes="1362728" bytesdiscarded="229984" />
  <memory-cardclean objects="63" bytes="4456" />
  <regions eden="4" other="2" />
  <remembered-set-cleared processed="366" cleared="366" durationms="0.053" />
  <references type="weak" candidates="1" cleared="0" enqueued="0" />
  <references type="phantom" candidates="2" cleared="0" enqueued="0" />
  <stringconstants candidates="3831" cleared="0"  />
  <heap-resize type="expand" space="default" amount="2097152" count="2" timems="0.191" reason="continue current collection" />
</gc-op>
<gc-op id="46" type="classunload" timems="0.002" contextid="42" timestamp="2019-06-17T02:57:53.577">
  <classunload-info classloadercandidates="6" classloadersunloaded="0" classesunloaded="0" anonymousclassesunloaded="0" quiescems="0.000" setupms="0.002" scanms="0.000" postms="0.000" />
</gc-op>
<gc-op id="47" type="compact" timems="0.790" contextid="42" timestamp="2019-06-17T02:57:53.578">
  <compact-info movecount="0" movebytes="0" />
  <remembered-set-cleared processed="1415" cleared="366" durationms="0.053" />
</gc-op>
<gc-end id="48" type="partial gc" contextid="42" durationms="6.897" usertimems="12.000" systemtimems="0.000" timestamp="2019-06-17T02:57:53.578" activeThreads="4">
  <mem-info id="49" free="6291456" total="10485760" percent="60">
    <mem type="eden" free="987456" total="1048576" percent="94" />
    <remembered-set count="1376" freebytes="413056" totalbytes="418560" percent="98" regionsoverflowed="0" regionsstable="0" regionsrebuilding="0"/>
  </mem-info>
</gc-end>
<cycle-end id="50" type="partial gc" contextid="42" timestamp="2019-06-17T02:57:53.578" />
  <attribute name="elasticGC enabled" value="1" />
  <attribute name= "numThreadsSpecified" value="4" />
  <attribute name="heapSize specified" value="0" />
  <attribute name="Current GC Util" value="114" />
  <attribute name= "Current Time Running" value="14540" />
  <attribute name ="GC Interval" value="0" />
  <attribute name="ProportionalT" value="141.000000" />
  <attribute name="ProportionalI" value="141.000000" />
  <attribute name="ProportionalH" value="141.000000" />
  <attribute name="Current Error" value="94.000000" />
  <attribute name="IntegralT" value="470.000000" />
  <attribute name="IntegralI" value="470.000000" />
  <attribute name="IntegralH" value="470.000000" />
  <attribute name="DerivativeT" value="23.400000" />
  <attribute name="DerivativeI" value="23.400000" />
  <attribute name="DerivativeH" value="23.400000" />
  <attribute name="Loop Time for DT" value="5.000000" />
  <attribute name="Output H" value="8388608"/>
  <attribute name="Output I" value="640"/>
  <attribute name="Output T" value="4"/>
  <attribute name="Target GC Util Change" value ="20.000000" />
  <attribute name="Current GC Util Change" value="114.000000"/>
  <attribute name="GC Util currently" value="114" />
  <attribute name="CPU Util currently" value="890257659106" />
<exclusive-end id="51" timestamp="2019-06-17T02:57:53.578" durationms="7.681" />

<exclusive-start id="52" timestamp="2019-06-17T02:57:55.690" intervalms="2119.009">
  <response-info timems="0.034" idlems="0.034" threads="0" lastid="0000000001668D00" lastname="node-5" />
</exclusive-start>
<allocation-taxation id="53" taxation-threshold="3145728" timestamp="2019-06-17T02:57:55.690" intervalms="2118.996" />
<gc-start id="54" type="global mark phase" contextid="31" timestamp="2019-06-17T02:57:55.690">
  <mem-info id="55" free="3145728" total="10485760" percent="30">
    <remembered-set count="992" freebytes="414592" totalbytes="418560" percent="99" regionsoverflowed="0" regionsstable="1" regionsrebuilding="0"/>
  </mem-info>
</gc-start>
<gc-op id="56" type="mark increment" timems="1.123" contextid="31" timestamp="2019-06-17T02:57:55.691">
  <trace-info objectcount="41" scancount="38" scanbytes="21240" />
  <cardclean-info objects="2639" bytes="118872" />
  <finalization candidates="13" enqueued="0" />
  <references type="soft" candidates="66" cleared="0" enqueued="0" dynamicThreshold="19" maxThreshold="32" />
  <references type="weak" candidates="143" cleared="0" enqueued="0" />
  <references type="phantom" candidates="59" cleared="2" enqueued="2" />
  <stringconstants candidates="3831" cleared="0"  />
</gc-op>
<gc-op id="57" type="classunload" timems="0.002" contextid="31" timestamp="2019-06-17T02:57:55.691">
  <classunload-info classloadercandidates="6" classloadersunloaded="0" classesunloaded="0" anonymousclassesunloaded="0" quiescems="0.000" setupms="0.002" scanms="0.000" postms="0.000" />
</gc-op>
<gc-end id="58" type="global mark phase" contextid="31" durationms="1.404" usertimems="0.000" systemtimems="4.000" timestamp="2019-06-17T02:57:55.691" activeThreads="4">
  <mem-info id="59" free="3145728" total="10485760" percent="30">
    <pending-finalizers system="0" default="0" reference="2" classloader="0" />
    <remembered-set count="992" freebytes="414592" totalbytes="418560" percent="99" regionsoverflowed="0" regionsstable="1" regionsrebuilding="0"/>
  </mem-info>
</gc-end>
<cycle-end id="60" type="global mark phase" contextid="31" timestamp="2019-06-17T02:57:55.691" />
  <attribute name="elasticGC enabled" value="1" />
  <attribute name= "numThreadsSpecified" value="4" />
  <attribute name="heapSize specified" value="0" />
  <attribute name="Current GC Util" value="0" />
  <attribute name= "Current Time Running" value="16653" />
  <attribute name ="GC Interval" value="0" />
  <attribute name="ProportionalT" value="-30.000000" />
  <attribute name="ProportionalI" value="-30.000000" />
  <attribute name="ProportionalH" value="-30.000000" />
  <attribute name="Current Error" value="-20.000000" />
  <attribute name="IntegralT" value="0.000000" />
  <attribute name="IntegralI" value="0.000000" />
  <attribute name="IntegralH" value="0.000000" />
  <attribute name="DerivativeT" value="-inf" />
  <attribute name="DerivativeI" value="-inf" />
  <attribute name="DerivativeH" value="-inf" />
  <attribute name="Loop Time for DT" value="0.000000" />
  <attribute name="Output H" value="2091843584"/>
  <attribute name="Output I" value="200"/>
  <attribute name="Output T" value="4"/>
  <attribute name="Target GC Util Change" value ="20.000000" />
  <attribute name="Current GC Util Change" value="0.000000"/>
  <attribute name="GC Util currently" value="0" />
  <attribute name="CPU Util currently" value="51760283932985" />
<exclusive-end id="61" timestamp="2019-06-17T02:57:55.691" durationms="1.861" />

<exclusive-start id="62" timestamp="2019-06-17T02:57:57.913" intervalms="2223.572">
  <response-info timems="0.031" idlems="0.031" threads="0" lastid="0000000001661500" lastname="node-1" />
</exclusive-start>
<allocation-taxation id="63" taxation-threshold="3145728" timestamp="2019-06-17T02:57:57.913" intervalms="2223.567" />
<cycle-start id="64" type="partial gc" contextid="0" timestamp="2019-06-17T02:57:57.913" intervalms="4342.538" />
<gc-start id="65" type="partial gc" contextid="64" timestamp="2019-06-17T02:57:57.914">
  <mem-info id="66" free="0" total="10485760" percent="0">
    <mem type="eden" free="987456" total="7340032" percent="13" />
    <remembered-set count="992" freebytes="414592" totalbytes="418560" percent="99" regionsoverflowed="0" regionsstable="1" regionsrebuilding="0"/>
  </mem-info>
</gc-start>
<allocation-stats totalBytes="6286792" >
  <allocated-bytes non-tlh="0" tlh="6286792" arrayletleaf="0"/>
  <largest-consumer threadName="node-5" threadId="0000000001668D00" bytes="573216" />
</allocation-stats>
<gc-op id="67" type="sweep" timems="0.433" contextid="64" timestamp="2019-06-17T02:57:57.914" />
<gc-op id="68" type="copy forward" timems="0.606" contextid="64" timestamp="2019-06-17T02:57:57.915">
  <memory-copied type="eden" objects="45" bytes="2032" bytesdiscarded="0" />
  <memory-copied type="other" objects="0" bytes="0" bytesdiscarded="0" />
  <memory-cardclean objects="512" bytes="19216" />
  <regions eden="3" other="1" />
  <remembered-set-cleared processed="721" cleared="19" durationms="0.054" />
  <stringconstants candidates="3831" cleared="0"  />
</gc-op>
<gc-op id="69" type="classunload" timems="0.002" contextid="64" timestamp="2019-06-17T02:57:57.915">
  <classunload-info classloadercandidates="6" classloadersunloaded="0" classesunloaded="0" anonymousclassesunloaded="0" quiescems="0.000" setupms="0.001" scanms="0.000" postms="0.000" />
</gc-op>
<gc-end id="70" type="partial gc" contextid="64" durationms="2.188" usertimems="0.000" systemtimems="4.000" timestamp="2019-06-17T02:57:57.916" activeThreads="1">
  <mem-info id="71" free="6291456" total="10485760" percent="60">
    <mem type="eden" free="1046544" total="1048576" percent="99" />
    <remembered-set count="1376" freebytes="413056" totalbytes="418560" percent="98" regionsoverflowed="0" regionsstable="1" regionsrebuilding="0"/>
  </mem-info>
</gc-end>
<cycle-end id="72" type="partial gc" contextid="64" timestamp="2019-06-17T02:57:57.916" />
  <attribute name="elasticGC enabled" value="1" />
  <attribute name= "numThreadsSpecified" value="1" />
  <attribute name="heapSize specified" value="0" />
  <attribute name="Current GC Util" value="46" />
  <attribute name= "Current Time Running" value="18878" />
  <attribute name ="GC Interval" value="0" />
  <attribute name="ProportionalT" value="39.000000" />
  <attribute name="ProportionalI" value="39.000000" />
  <attribute name="ProportionalH" value="39.000000" />
  <attribute name="Current Error" value="26.000000" />
  <attribute name="IntegralT" value="0.000000" />
  <attribute name="IntegralI" value="0.000000" />
  <attribute name="IntegralH" value="0.000000" />
  <attribute name="DerivativeT" value="inf" />
  <attribute name="DerivativeI" value="inf" />
  <attribute name="DerivativeH" value="inf" />
  <attribute name="Loop Time for DT" value="0.000000" />
  <attribute name="Output H" value="8388608"/>
  <attribute name="Output I" value="200"/>
  <attribute name="Output T" value="1"/>
  <attribute name="Target GC Util Change" value ="20.000000" />
  <attribute name="Current GC Util Change" value="46.000000"/>
  <attribute name="GC Util currently" value="46" />
  <attribute name="CPU Util currently" value="20197106070617" />
<exclusive-end id="73" timestamp="2019-06-17T02:57:57.916" durationms="2.968" />

<exclusive-start id="74" timestamp="2019-06-17T02:58:00.122" intervalms="2209.023">
  <response-info timems="0.029" idlems="0.029" threads="0" lastid="0000000001668D00" lastname="node-5" />
</exclusive-start>
<allocation-taxation id="75" taxation-threshold="3145728" timestamp="2019-06-17T02:58:00.122" intervalms="2209.028" />
<cycle-start id="76" type="global mark phase" contextid="0" timestamp="2019-06-17T02:58:00.122" intervalms="8250.100" />
<gc-start id="77" type="global mark phase" contextid="76" timestamp="2019-06-17T02:58:00.122">
  <mem-info id="78" free="3145728" total="10485760" percent="30">
    <remembered-set count="928" freebytes="414848" totalbytes="418560" percent="99" regionsoverflowed="0" regionsstable="1" regionsrebuilding="0"/>
  </mem-info>
</gc-start>
<gc-op id="79" type="mark increment" timems="0.497" contextid="76" timestamp="2019-06-17T02:58:00.123">
  <trace-info objectcount="201" scancount="0" scanbytes="0" />
</gc-op>
<gc-end id="80" type="global mark phase" contextid="76" durationms="0.623" usertimems="0.000" systemtimems="0.000" timestamp="2019-06-17T02:58:00.123" activeThreads="1">
  <mem-info id="81" free="3145728" total="10485760" percent="30">
    <remembered-set count="928" freebytes="414848" totalbytes="418560" percent="99" regionsoverflowed="0" regionsstable="0" regionsrebuilding="1"/>
  </mem-info>
</gc-end>
<concurrent-start id="82" type="GMP work packet processing" contextid="76" timestamp="2019-06-17T02:58:00.123">
  <concurrent-mark-start scanTarget="18446744073709551615" />
</concurrent-start>
<exclusive-end id="83" timestamp="2019-06-17T02:58:00.123" durationms="1.084" />

<concurrent-end id="84" type="GMP work packet processing" contextid="76" timestamp="2019-06-17T02:58:00.126">
  <concurrent-mark-end bytesScanned="1455152" reasonForTermination="Completed all work in GC phase" />
</concurrent-end>

<exclusive-start id="85" timestamp="2019-06-17T02:58:02.204" intervalms="2081.718">
  <response-info timems="0.028" idlems="0.028" threads="0" lastid="0000000001661500" lastname="node-1" />
</exclusive-start>
<allocation-taxation id="86" taxation-threshold="3145728" timestamp="2019-06-17T02:58:02.204" intervalms="2081.718" />
<cycle-start id="87" type="partial gc" contextid="0" timestamp="2019-06-17T02:58:02.204" intervalms="4290.731" />
<gc-start id="88" type="partial gc" contextid="87" timestamp="2019-06-17T02:58:02.204">
  <mem-info id="89" free="0" total="10485760" percent="0">
    <mem type="eden" free="1046544" total="7340032" percent="14" />
    <remembered-set count="1440" freebytes="412800" totalbytes="418560" percent="98" regionsoverflowed="0" regionsstable="0" regionsrebuilding="1"/>
  </mem-info>
</gc-start>
<allocation-stats totalBytes="6288488" >
  <allocated-bytes non-tlh="0" tlh="6288488" arrayletleaf="0"/>
  <largest-consumer threadName="node-4" threadId="0000000001674000" bytes="602064" />
</allocation-stats>
<gc-op id="90" type="mark" timems="0.740" contextid="87" timestamp="2019-06-17T02:58:02.206">
  <trace-info objectcount="41" scancount="39" scanbytes="752" />
  <cardclean-info objects="468" bytes="17064" />
  <remembered-set-cleared processed="1227" cleared="51" durationms="0.072" />
  <stringconstants candidates="3831" cleared="0"  />
  <warning details="Mark invoked due to insufficient free space for Copy-Forward" />
</gc-op>
<gc-op id="91" type="classunload" timems="0.002" contextid="87" timestamp="2019-06-17T02:58:02.206">
  <classunload-info classloadercandidates="6" classloadersunloaded="0" classesunloaded="0" anonymousclassesunloaded="0" quiescems="0.000" setupms="0.001" scanms="0.000" postms="0.000" />
</gc-op>
<gc-op id="92" type="sweep" timems="0.532" contextid="87" timestamp="2019-06-17T02:58:02.206" />
<gc-op id="93" type="compact" timems="0.974" contextid="87" timestamp="2019-06-17T02:58:02.208">
  <compact-info movecount="41" movebytes="1024" />
  <remembered-set-cleared processed="2460" cleared="99" durationms="0.072" />
</gc-op>
<gc-end id="94" type="partial gc" contextid="87" durationms="3.494" usertimems="4.000" systemtimems="0.000" timestamp="2019-06-17T02:58:02.208" activeThreads="4">
  <mem-info id="95" free="6291456" total="10485760" percent="60">
    <mem type="eden" free="1047552" total="1048576" percent="99" />
    <remembered-set count="2368" freebytes="409088" totalbytes="418560" percent="97" regionsoverflowed="0" regionsstable="0" regionsrebuilding="1"/>
  </mem-info>
</gc-end>
<cycle-end id="96" type="partial gc" contextid="87" timestamp="2019-06-17T02:58:02.208" />
  <attribute name="elasticGC enabled" value="1" />
  <attribute name= "numThreadsSpecified" value="4" />
  <attribute name="heapSize specified" value="0" />
  <attribute name="Current GC Util" value="28" />
  <attribute name= "Current Time Running" value="23170" />
  <attribute name ="GC Interval" value="0" />
  <attribute name="ProportionalT" value="12.000000" />
  <attribute name="ProportionalI" value="12.000000" />
  <attribute name="ProportionalH" value="12.000000" />
  <attribute name="Current Error" value="8.000000" />
  <attribute name="IntegralT" value="8.000000" />
  <attribute name="IntegralI" value="8.000000" />
  <attribute name="IntegralH" value="8.000000" />
  <attribute name="DerivativeT" value="12.000000" />
  <attribute name="DerivativeI" value="12.000000" />
  <attribute name="DerivativeH" value="12.000000" />
  <attribute name="Loop Time for DT" value="1.000000" />
  <attribute name="Output H" value="8388608"/>
  <attribute name="Output I" value="200"/>
  <attribute name="Output T" value="4"/>
  <attribute name="Target GC Util Change" value ="20.000000" />
  <attribute name="Current GC Util Change" value="28.000000"/>
  <attribute name="GC Util currently" value="28" />
  <attribute name="CPU Util currently" value="5955826785545" />
<exclusive-end id="97" timestamp="2019-06-17T02:58:02.208" durationms="4.392" />

<exclusive-start id="98" timestamp="2019-06-17T02:58:04.346" intervalms="2142.647">
  <response-info timems="0.027" idlems="0.027" threads="0" lastid="0000000001661500" lastname="node-1" />
</exclusive-start>
<allocation-taxation id="99" taxation-threshold="3145728" timestamp="2019-06-17T02:58:04.347" intervalms="2142.633" />
<gc-start id="100" type="global mark phase" contextid="76" timestamp="2019-06-17T02:58:04.347">
  <mem-info id="101" free="3145728" total="10485760" percent="30">
    <remembered-set count="2368" freebytes="409088" totalbytes="418560" percent="97" regionsoverflowed="0" regionsstable="0" regionsrebuilding="1"/>
  </mem-info>
</gc-start>
<gc-op id="102" type="mark increment" timems="1.084" contextid="76" timestamp="2019-06-17T02:58:04.348">
  <trace-info objectcount="70" scancount="57" scanbytes="1240" />
  <cardclean-info objects="472" bytes="17056" />
  <finalization candidates="13" enqueued="0" />
  <references type="soft" candidates="66" cleared="0" enqueued="0" dynamicThreshold="19" maxThreshold="32" />
  <references type="weak" candidates="143" cleared="0" enqueued="0" />
  <references type="phantom" candidates="57" cleared="0" enqueued="0" />
  <stringconstants candidates="3831" cleared="0"  />
</gc-op>
<gc-op id="103" type="classunload" timems="0.002" contextid="76" timestamp="2019-06-17T02:58:04.348">
  <classunload-info classloadercandidates="6" classloadersunloaded="0" classesunloaded="0" anonymousclassesunloaded="0" quiescems="0.000" setupms="0.002" scanms="0.000" postms="0.000" />
</gc-op>
<gc-end id="104" type="global mark phase" contextid="76" durationms="1.342" usertimems="0.000" systemtimems="0.000" timestamp="2019-06-17T02:58:04.348" activeThreads="4">
  <mem-info id="105" free="3145728" total="10485760" percent="30">
    <remembered-set count="2880" freebytes="407040" totalbytes="418560" percent="97" regionsoverflowed="0" regionsstable="0" regionsrebuilding="0"/>
  </mem-info>
</gc-end>
<cycle-end id="106" type="global mark phase" contextid="76" timestamp="2019-06-17T02:58:04.348" />
  <attribute name="elasticGC enabled" value="1" />
  <attribute name= "numThreadsSpecified" value="4" />
  <attribute name="heapSize specified" value="0" />
  <attribute name="Current GC Util" value="0" />
  <attribute name= "Current Time Running" value="25310" />
  <attribute name ="GC Interval" value="0" />
  <attribute name="ProportionalT" value="-30.000000" />
  <attribute name="ProportionalI" value="-30.000000" />
  <attribute name="ProportionalH" value="-30.000000" />
  <attribute name="Current Error" value="-20.000000" />
  <attribute name="IntegralT" value="0.000000" />
  <attribute name="IntegralI" value="0.000000" />
  <attribute name="IntegralH" value="0.000000" />
  <attribute name="DerivativeT" value="-inf" />
  <attribute name="DerivativeI" value="-inf" />
  <attribute name="DerivativeH" value="-inf" />
  <attribute name="Loop Time for DT" value="0.000000" />
  <attribute name="Output H" value="2091843584"/>
  <attribute name="Output I" value="200"/>
  <attribute name="Output T" value="4"/>
  <attribute name="Target GC Util Change" value ="20.000000" />
  <attribute name="Current GC Util Change" value="0.000000"/>
  <attribute name="GC Util currently" value="0" />
  <attribute name="CPU Util currently" value="63502602755873" />
<exclusive-end id="107" timestamp="2019-06-17T02:58:04.348" durationms="1.871" />

<exclusive-start id="108" timestamp="2019-06-17T02:58:06.546" intervalms="2199.073">
  <response-info timems="0.028" idlems="0.028" threads="0" lastid="0000000001665100" lastname="node-3" />
</exclusive-start>
<allocation-taxation id="109" taxation-threshold="3145728" timestamp="2019-06-17T02:58:06.546" intervalms="2199.082" />
<cycle-start id="110" type="partial gc" contextid="0" timestamp="2019-06-17T02:58:06.546" intervalms="4341.721" />
<gc-start id="111" type="partial gc" contextid="110" timestamp="2019-06-17T02:58:06.546">
  <mem-info id="112" free="0" total="10485760" percent="0">
    <mem type="eden" free="1047552" total="7340032" percent="14" />
    <remembered-set count="1856" freebytes="411136" totalbytes="418560" percent="98" regionsoverflowed="0" regionsstable="1" regionsrebuilding="0"/>
  </mem-info>
</gc-start>
<allocation-stats totalBytes="6288840" >
  <allocated-bytes non-tlh="0" tlh="6288840" arrayletleaf="0"/>
  <largest-consumer threadName="node-5" threadId="0000000001668D00" bytes="602072" />
</allocation-stats>
<gc-op id="113" type="sweep" timems="0.427" contextid="110" timestamp="2019-06-17T02:58:06.547" />
<gc-op id="114" type="copy forward" timems="0.539" contextid="110" timestamp="2019-06-17T02:58:06.548">
  <memory-copied type="eden" objects="35" bytes="600" bytesdiscarded="0" />
  <memory-copied type="other" objects="0" bytes="0" bytesdiscarded="0" />
  <memory-cardclean objects="468" bytes="17088" />
  <regions eden="3" other="1" />
  <remembered-set-cleared processed="720" cleared="12" durationms="0.053" />
  <stringconstants candidates="3831" cleared="0"  />
</gc-op>
<gc-op id="115" type="classunload" timems="0.002" contextid="110" timestamp="2019-06-17T02:58:06.548">
  <classunload-info classloadercandidates="6" classloadersunloaded="0" classesunloaded="0" anonymousclassesunloaded="0" quiescems="0.000" setupms="0.001" scanms="0.000" postms="0.000" />
</gc-op>
<gc-op id="116" type="compact" timems="0.710" contextid="110" timestamp="2019-06-17T02:58:06.549">
  <compact-info movecount="0" movebytes="0" />
  <remembered-set-cleared processed="1467" cleared="12" durationms="0.053" />
</gc-op>
<gc-end id="117" type="partial gc" contextid="110" durationms="2.848" usertimems="0.000" systemtimems="4.000" timestamp="2019-06-17T02:58:06.549" activeThreads="4">
  <mem-info id="118" free="6291456" total="10485760" percent="60">
    <mem type="eden" free="1047976" total="1048576" percent="99" />
    <remembered-set count="896" freebytes="414976" totalbytes="418560" percent="99" regionsoverflowed="0" regionsstable="1" regionsrebuilding="0"/>
  </mem-info>
</gc-end>
<cycle-end id="119" type="partial gc" contextid="110" timestamp="2019-06-17T02:58:06.549" />
  <attribute name="elasticGC enabled" value="1" />
  <attribute name= "numThreadsSpecified" value="4" />
  <attribute name="heapSize specified" value="0" />
  <attribute name="Current GC Util" value="0" />
  <attribute name= "Current Time Running" value="27511" />
  <attribute name ="GC Interval" value="0" />
  <attribute name="ProportionalT" value="-30.000000" />
  <attribute name="ProportionalI" value="-30.000000" />
  <attribute name="ProportionalH" value="-30.000000" />
  <attribute name="Current Error" value="-20.000000" />
  <attribute name="IntegralT" value="-20.000000" />
  <attribute name="IntegralI" value="-20.000000" />
  <attribute name="IntegralH" value="-20.000000" />
  <attribute name="DerivativeT" value="-94.500000" />
  <attribute name="DerivativeI" value="-94.500000" />
  <attribute name="DerivativeH" value="-94.500000" />
  <attribute name="Loop Time for DT" value="1.000000" />
  <attribute name="Output H" value="2091843584"/>
  <attribute name="Output I" value="200"/>
  <attribute name="Output T" value="4"/>
  <attribute name="Target GC Util Change" value ="20.000000" />
  <attribute name="Current GC Util Change" value="0.000000"/>
  <attribute name="GC Util currently" value="0" />
  <attribute name="CPU Util currently" value="5842302846590" />
<exclusive-end id="120" timestamp="2019-06-17T02:58:06.549" durationms="3.934" />

<exclusive-start id="121" timestamp="2019-06-17T02:58:08.811" intervalms="2265.734">
  <response-info timems="0.039" idlems="0.039" threads="0" lastid="0000000001668D00" lastname="node-5" />
</exclusive-start>
<allocation-taxation id="122" taxation-threshold="3145728" timestamp="2019-06-17T02:58:08.812" intervalms="2266.075" />
<cycle-start id="123" type="global mark phase" contextid="0" timestamp="2019-06-17T02:58:08.812" intervalms="8689.520" />
<gc-start id="124" type="global mark phase" contextid="123" timestamp="2019-06-17T02:58:08.812">
  <mem-info id="125" free="3145728" total="10485760" percent="30">
    <remembered-set count="896" freebytes="414976" totalbytes="418560" percent="99" regionsoverflowed="0" regionsstable="1" regionsrebuilding="0"/>
  </mem-info>
</gc-start>
<gc-op id="126" type="mark increment" timems="0.529" contextid="123" timestamp="2019-06-17T02:58:08.813">
  <trace-info objectcount="197" scancount="0" scanbytes="0" />
</gc-op>
<gc-end id="127" type="global mark phase" contextid="123" durationms="0.783" usertimems="4.000" systemtimems="0.000" timestamp="2019-06-17T02:58:08.813" activeThreads="1">
  <mem-info id="128" free="3145728" total="10485760" percent="30">
    <remembered-set count="896" freebytes="414976" totalbytes="418560" percent="99" regionsoverflowed="0" regionsstable="0" regionsrebuilding="1"/>
  </mem-info>
</gc-end>
<concurrent-start id="129" type="GMP work packet processing" contextid="123" timestamp="2019-06-17T02:58:08.813">
  <concurrent-mark-start scanTarget="18446744073709551615" />
</concurrent-start>
<exclusive-end id="130" timestamp="2019-06-17T02:58:08.813" durationms="1.642" />

<concurrent-end id="131" type="GMP work packet processing" contextid="123" timestamp="2019-06-17T02:58:08.814">
  <concurrent-mark-end bytesScanned="1455336" reasonForTermination="Completed all work in GC phase" />
</concurrent-end>

<exclusive-start id="132" timestamp="2019-06-17T02:58:11.166" intervalms="2354.898">
  <response-info timems="0.025" idlems="0.025" threads="0" lastid="0000000001668D00" lastname="node-5" />
</exclusive-start>
<allocation-taxation id="133" taxation-threshold="3145728" timestamp="2019-06-17T02:58:11.166" intervalms="2354.556" />
<cycle-start id="134" type="partial gc" contextid="0" timestamp="2019-06-17T02:58:11.166" intervalms="4620.639" />
<gc-start id="135" type="partial gc" contextid="134" timestamp="2019-06-17T02:58:11.167">
  <mem-info id="136" free="0" total="10485760" percent="0">
    <mem type="eden" free="1047976" total="7340032" percent="14" />
    <remembered-set count="1984" freebytes="410624" totalbytes="418560" percent="98" regionsoverflowed="0" regionsstable="0" regionsrebuilding="1"/>
  </mem-info>
</gc-start>
<allocation-stats totalBytes="6286136" >
  <allocated-bytes non-tlh="0" tlh="6286136" arrayletleaf="0"/>
  <largest-consumer threadName="node-4" threadId="0000000001674000" bytes="610248" />
</allocation-stats>
<gc-op id="137" type="mark" timems="0.730" contextid="134" timestamp="2019-06-17T02:58:11.168">
  <trace-info objectcount="40" scancount="38" scanbytes="728" />
  <cardclean-info objects="468" bytes="17064" />
  <remembered-set-cleared processed="1223" cleared="42" durationms="0.065" />
  <stringconstants candidates="3831" cleared="0"  />
  <warning details="Mark invoked due to insufficient free space for Copy-Forward" />
</gc-op>
<gc-op id="138" type="classunload" timems="0.002" contextid="134" timestamp="2019-06-17T02:58:11.168">
  <classunload-info classloadercandidates="6" classloadersunloaded="0" classesunloaded="0" anonymousclassesunloaded="0" quiescems="0.000" setupms="0.002" scanms="0.000" postms="0.000" />
</gc-op>
<gc-op id="139" type="sweep" timems="0.726" contextid="134" timestamp="2019-06-17T02:58:11.169" />
<gc-op id="140" type="compact" timems="1.514" contextid="134" timestamp="2019-06-17T02:58:11.171">
  <compact-info movecount="40" movebytes="1000" />
  <remembered-set-cleared processed="2464" cleared="91" durationms="0.065" />
</gc-op>
<gc-end id="141" type="partial gc" contextid="134" durationms="4.182" usertimems="8.000" systemtimems="0.000" timestamp="2019-06-17T02:58:11.171" activeThreads="4">
  <mem-info id="142" free="6291456" total="10485760" percent="60">
    <mem type="eden" free="1047576" total="1048576" percent="99" />
    <remembered-set count="2400" freebytes="408960" totalbytes="418560" percent="97" regionsoverflowed="0" regionsstable="0" regionsrebuilding="1"/>
  </mem-info>
</gc-end>
<cycle-end id="143" type="partial gc" contextid="134" timestamp="2019-06-17T02:58:11.171" />
  <attribute name="elasticGC enabled" value="1" />
  <attribute name= "numThreadsSpecified" value="4" />
  <attribute name="heapSize specified" value="0" />
  <attribute name="Current GC Util" value="201" />
  <attribute name= "Current Time Running" value="32132" />
  <attribute name ="GC Interval" value="0" />
  <attribute name="ProportionalT" value="271.500000" />
  <attribute name="ProportionalI" value="271.500000" />
  <attribute name="ProportionalH" value="271.500000" />
  <attribute name="Current Error" value="181.000000" />
  <attribute name="IntegralT" value="181.000000" />
  <attribute name="IntegralI" value="181.000000" />
  <attribute name="IntegralH" value="181.000000" />
  <attribute name="DerivativeT" value="271.500000" />
  <attribute name="DerivativeI" value="271.500000" />
  <attribute name="DerivativeH" value="271.500000" />
  <attribute name="Loop Time for DT" value="1.000000" />
  <attribute name="Output H" value="8388608"/>
  <attribute name="Output I" value="728"/>
  <attribute name="Output T" value="4"/>
  <attribute name="Target GC Util Change" value ="20.000000" />
  <attribute name="Current GC Util Change" value="201.000000"/>
  <attribute name="GC Util currently" value="201" />
  <attribute name="CPU Util currently" value="4939654368885" />
<exclusive-end id="144" timestamp="2019-06-17T02:58:11.171" durationms="4.898" />

<exclusive-start id="145" timestamp="2019-06-17T02:58:13.496" intervalms="2329.836">
  <response-info timems="0.036" idlems="0.036" threads="0" lastid="0000000001668D00" lastname="node-5" />
</exclusive-start>
<allocation-taxation id="146" taxation-threshold="3145728" timestamp="2019-06-17T02:58:13.496" intervalms="2329.847" />
<gc-start id="147" type="global mark phase" contextid="123" timestamp="2019-06-17T02:58:13.496">
  <mem-info id="148" free="3145728" total="10485760" percent="30">
    <remembered-set count="2400" freebytes="408960" totalbytes="418560" percent="97" regionsoverflowed="0" regionsstable="0" regionsrebuilding="1"/>
  </mem-info>
</gc-start>
<gc-op id="149" type="mark increment" timems="1.016" contextid="123" timestamp="2019-06-17T02:58:13.497">
  <trace-info objectcount="39" scancount="39" scanbytes="736" />
  <cardclean-info objects="474" bytes="17136" />
  <finalization candidates="13" enqueued="0" />
  <references type="soft" candidates="66" cleared="0" enqueued="0" dynamicThreshold="19" maxThreshold="32" />
  <references type="weak" candidates="143" cleared="0" enqueued="0" />
  <references type="phantom" candidates="57" cleared="0" enqueued="0" />
  <stringconstants candidates="3831" cleared="0"  />
</gc-op>
<gc-op id="150" type="classunload" timems="0.002" contextid="123" timestamp="2019-06-17T02:58:13.498">
  <classunload-info classloadercandidates="6" classloadersunloaded="0" classesunloaded="0" anonymousclassesunloaded="0" quiescems="0.000" setupms="0.002" scanms="0.000" postms="0.000" />
</gc-op>
<gc-end id="151" type="global mark phase" contextid="123" durationms="1.424" usertimems="0.000" systemtimems="0.000" timestamp="2019-06-17T02:58:13.498" activeThreads="4">
  <mem-info id="152" free="3145728" total="10485760" percent="30">
    <remembered-set count="2912" freebytes="406912" totalbytes="418560" percent="97" regionsoverflowed="0" regionsstable="0" regionsrebuilding="0"/>
  </mem-info>
</gc-end>
<cycle-end id="153" type="global mark phase" contextid="123" timestamp="2019-06-17T02:58:13.498" />
  <attribute name="elasticGC enabled" value="1" />
  <attribute name= "numThreadsSpecified" value="4" />
  <attribute name="heapSize specified" value="0" />
  <attribute name="Current GC Util" value="51" />
  <attribute name= "Current Time Running" value="34460" />
  <attribute name ="GC Interval" value="0" />
  <attribute name="ProportionalT" value="46.500000" />
  <attribute name="ProportionalI" value="46.500000" />
  <attribute name="ProportionalH" value="46.500000" />
  <attribute name="Current Error" value="31.000000" />
  <attribute name="IntegralT" value="0.000000" />
  <attribute name="IntegralI" value="0.000000" />
  <attribute name="IntegralH" value="0.000000" />
  <attribute name="DerivativeT" value="-inf" />
  <attribute name="DerivativeI" value="-inf" />
  <attribute name="DerivativeH" value="-inf" />
  <attribute name="Loop Time for DT" value="0.000000" />
  <attribute name="Output H" value="2091843584"/>
  <attribute name="Output I" value="200"/>
  <attribute name="Output T" value="4"/>
  <attribute name="Target GC Util Change" value ="20.000000" />
  <attribute name="Current GC Util Change" value="51.000000"/>
  <attribute name="GC Util currently" value="51" />
  <attribute name="CPU Util currently" value="43504009366625" />
<exclusive-end id="154" timestamp="2019-06-17T02:58:13.498" durationms="2.041" />

</verbosegc>

