<?xml version="1.0" ?>

<verbosegc xmlns="http://www.ibm.com/j9/verbosegc" version="10b4217_CMPRSS">

<initialized id="1" timestamp="2019-06-15T21:34:28.342">
  <attribute name="gcPolicy" value="-Xgcpolicy:optavgpause" />
  <attribute name="elasticGC enabled" value="1" />
  <attribute name= "numThreadsSpecified" value="0" />
  <attribute name="heapSize specified" value="0" />
  <attribute name="Current GC Util" value="0" />
  <attribute name= "Current Time Running" value="0" />
  <attribute name ="GC Interval" value="0" />
  <attribute name="ProportionalT" value="0.000000" />
  <attribute name="ProportionalI" value="0.000000" />
  <attribute name="ProportionalH" value="0.000000" />
  <attribute name="IntegralT" value="0.000000" />
  <attribute name="IntegralI" value="0.000000" />
  <attribute name="IntegralH" value="0.000000" />
  <attribute name="DerivativeT" value="0.000000" />
  <attribute name="DerivativeI" value="0.000000" />
  <attribute name="DerivativeH" value="0.000000" />
  <attribute name="Target GC Util Change" value ="0.000000" />
  <attribute name="Current GC Util Change" value="0.000000"/>
  <attribute name="Current Error" value="0.000000" />
  <attribute name="Loop Time for DT" value="0.000000" />
  <attribute name="Output H" value="0"/>
  <attribute name="Output I" value="0"/>
  <attribute name="Output T" value="0"/>
  <attribute name="GC Util currently" value="0" />
  <attribute name="CPU Util currently" value="0" />
  <attribute name="maxHeapSize" value="0x7cbc0000" />
  <attribute name="initialHeapSize" value="0x800000" />
  <attribute name="compressedRefs" value="true" />
  <attribute name="compressedRefsDisplacement" value="0x0" />
  <attribute name="compressedRefsShift" value="0x0" />
  <attribute name="pageSize" value="0x1000" />
  <attribute name="pageType" value="not used" />
  <attribute name="requestedPageSize" value="0x1000" />
  <attribute name="requestedPageType" value="not used" />
  <attribute name="gcthreads" value="4" />
  <attribute name="packetListSplit" value="4" />
  <attribute name="cacheListSplit" value="4" />
  <attribute name="splitFreeListSplitAmount" value="1" />
  <attribute name="numaNodes" value="0" />
  <system>
    <attribute name="physicalMemory" value="8370962432" />
    <attribute name="numCPUs" value="4" />
    <attribute name="architecture" value="amd64" />
    <attribute name="os" value="Linux" />
    <attribute name="osVersion" value="4.4.0-148-generic" />
  </system>
  <vmargs>
    <vmarg name="-Xoptionsfile=/vagrant/jdk/lib/options.default" />
    <vmarg name="-Xlockword:mode=default,noLockword=java/lang/String,noLockword=java/util/MapEntry,noLockword=java/util/HashMap$Entry,noLockword..." />
    <vmarg name="-Xjcl:jclse29" />
    <vmarg name="-Dcom.ibm.oti.vm.bootstrap.library.path=/vagrant/jdk/lib/compressedrefs:/vagrant/jdk/lib" />
    <vmarg name="-Dsun.boot.library.path=/vagrant/jdk/lib/compressedrefs:/vagrant/jdk/lib" />
    <vmarg name="-Djava.library.path=/vagrant/jdk/lib/compressedrefs:/vagrant/jdk/lib:/usr/lib64:/usr/lib" />
    <vmarg name="-Djava.home=/vagrant/jdk" />
    <vmarg name="-Duser.dir=/vagrant" />
    <vmarg name="-Xgcpolicy:optavgpause" />
    <vmarg name="-Xgcelastic" />
    <vmarg name="-Xcheck:gc:::elasticGC" />
    <vmarg name="-verbose:gc" />
    <vmarg name="-Xloggc:large-OPTAVGPAUSE-jdk-1.5-1-0.5-verbose1sunflow.txt" />
    <vmarg name="-Djava.class.path=dacapo-9.12-MR1-bach.jar" />
    <vmarg name="-Dsun.java.command=dacapo-9.12-MR1-bach.jar sunflow --size=large" />
    <vmarg name="-Dsun.java.launcher=SUN_STANDARD" />
    <vmarg name="-Dsun.java.launcher.pid=20110" />
  </vmargs>
</initialized>

<exclusive-start id="2" timestamp="2019-06-15T21:34:28.849" intervalms="506.670">
  <response-info timems="0.058" idlems="0.058" threads="0" lastid="0000000001D4D700" lastname="main" />
</exclusive-start>
<af-start id="3" threadId="0000000001D4E088" totalBytesRequested="16" timestamp="2019-06-15T21:34:28.849" intervalms="507.164" />
<cycle-start id="4" type="global" contextid="0" timestamp="2019-06-15T21:34:28.849" intervalms="507.519" />
<gc-start id="5" type="global" contextid="4" timestamp="2019-06-15T21:34:28.850">
  <mem-info id="6" free="418816" total="8388608" percent="4">
    <mem type="tenure" free="418816" total="8388608" percent="4">
      <mem type="soa" free="0" total="7969792" percent="0" />
      <mem type="loa" free="418816" total="418816" percent="100" />
    </mem>
  </mem-info>
</gc-start>
<allocation-stats totalBytes="7963840" >
  <allocated-bytes non-tlh="2337024" tlh="5626816" />
  <largest-consumer threadName="main" threadId="0000000001D4D700" bytes="7887272" />
</allocation-stats>
<gc-op id="7" type="mark" timems="2.560" contextid="4" timestamp="2019-06-15T21:34:28.852">
  <trace-info objectcount="30245" scancount="24296" scanbytes="765412" />
  <finalization candidates="125" enqueued="1" />
  <ownableSynchronizers candidates="3" cleared="0" />
  <references type="soft" candidates="131" cleared="0" enqueued="0" dynamicThreshold="32" maxThreshold="32" />
  <references type="weak" candidates="1321" cleared="568" enqueued="478" />
  <references type="phantom" candidates="106" cleared="42" enqueued="42" />
  <stringconstants candidates="3958" cleared="0"  />
</gc-op>
<gc-op id="8" type="classunload" timems="0.084" contextid="4" timestamp="2019-06-15T21:34:28.853">
  <classunload-info classloadercandidates="7" classloadersunloaded="0" classesunloaded="0" anonymousclassesunloaded="0" quiescems="0.000" setupms="0.083" scanms="0.001" postms="0.000" />
</gc-op>
<gc-op id="9" type="sweep" timems="2.219" contextid="4" timestamp="2019-06-15T21:34:28.855" />
<mem-info id="10" free="4699016" total="8388608" percent="56">
  <mem type="tenure" free="4699016" total="8388608" percent="56" micro-fragmented="403685">
    <mem type="soa" free="4280200" total="7969792" percent="53" />
    <mem type="loa" free="418816" total="418816" percent="100" />
  </mem>
  <pending-finalizers system="1" default="0" reference="520" classloader="0" />
</mem-info>
<gc-op id="11" type="compact" timems="6.386" contextid="4" timestamp="2019-06-15T21:34:28.862">
  <compact-info movecount="30244" movebytes="3170344" reason="compact to aid heap contraction" />
</gc-op>
<heap-resize id="12" type="expand" space="tenure" amount="2084241408" count="1" timems="0.285" reason="satisfy allocation request" timestamp="2019-06-15T21:34:28.863" />
<gc-end id="13" type="global" contextid="4" durationms="13.210" usertimems="12.000" systemtimems="4.000" timestamp="2019-06-15T21:34:28.863" activeThreads="4">
  <mem-info id="14" free="2089394048" total="2092630016" percent="99">
    <mem type="tenure" free="2089394048" total="2092630016" percent="99">
      <mem type="soa" free="1984762752" total="1987998720" percent="99" />
      <mem type="loa" free="104631296" total="104631296" percent="100" />
    </mem>
    <pending-finalizers system="1" default="0" reference="520" classloader="0" />
  </mem-info>
</gc-end>
<cycle-end id="15" type="global" contextid="4" timestamp="2019-06-15T21:34:28.863" />
  <attribute name="elasticGC enabled" value="1" />
  <attribute name= "numThreadsSpecified" value="4" />
  <attribute name="heapSize specified" value="8388608" />
  <attribute name="Current GC Util" value="31" />
  <attribute name= "Current Time Running" value="377" />
  <attribute name ="GC Interval" value="0" />
  <attribute name="ProportionalT" value="16.500000" />
  <attribute name="ProportionalI" value="16.500000" />
  <attribute name="ProportionalH" value="16.500000" />
  <attribute name="Current Error" value="11.000000" />
  <attribute name="IntegralT" value="-7028.000000" />
  <attribute name="IntegralI" value="-7028.000000" />
  <attribute name="IntegralH" value="-7028.000000" />
  <attribute name="DerivativeT" value="0.785714" />
  <attribute name="DerivativeI" value="0.785714" />
  <attribute name="DerivativeH" value="0.785714" />
  <attribute name="Loop Time for DT" value="7.000000" />
  <attribute name="Output H" value="2092630016"/>
  <attribute name="Output I" value="200"/>
  <attribute name="Output T" value="4"/>
  <attribute name="Target GC Util Change" value ="20.000000" />
  <attribute name="Current GC Util Change" value="31.000000"/>
  <attribute name="GC Util currently" value="31" />
  <attribute name="CPU Util currently" value="20" />
<allocation-satisfied id="16" threadId="0000000001D4D700" bytesRequested="16" />
<af-end id="17" timestamp="2019-06-15T21:34:28.863" threadId="0000000001D4E088" success="true" />
<exclusive-end id="18" timestamp="2019-06-15T21:34:28.863" durationms="14.771" />

<exclusive-start id="19" timestamp="2019-06-15T21:34:28.882" intervalms="33.404">
  <response-info timems="0.073" idlems="0.073" threads="0" lastid="0000000001D4D700" lastname="main" />
</exclusive-start>
<sys-start reason="explicit" id="20" timestamp="2019-06-15T21:34:28.882" intervalms="540.203" />
<cycle-start id="21" type="global" contextid="0" timestamp="2019-06-15T21:34:28.882" intervalms="32.820" />
<gc-start id="22" type="global" contextid="21" timestamp="2019-06-15T21:34:28.882">
  <mem-info id="23" free="2085412640" total="2092630016" percent="99">
    <mem type="tenure" free="2085412640" total="2092630016" percent="99">
      <mem type="soa" free="1980781344" total="1987998720" percent="99" />
      <mem type="loa" free="104631296" total="104631296" percent="100" />
    </mem>
  </mem-info>
</gc-start>
<allocation-stats totalBytes="4046544" >
  <allocated-bytes non-tlh="1048672" tlh="2997872" />
  <largest-consumer threadName="main" threadId="0000000001D4D700" bytes="4030472" />
</allocation-stats>
<gc-op id="24" type="mark" timems="8.870" contextid="21" timestamp="2019-06-15T21:34:28.892">
  <trace-info objectcount="29303" scancount="23498" scanbytes="751116" />
  <finalization candidates="124" enqueued="0" />
  <ownableSynchronizers candidates="3" cleared="0" />
  <references type="soft" candidates="131" cleared="0" enqueued="0" dynamicThreshold="31" maxThreshold="32" />
  <references type="weak" candidates="755" cleared="2" enqueued="2" />
  <references type="phantom" candidates="63" cleared="0" enqueued="0" />
  <stringconstants candidates="3958" cleared="0"  />
</gc-op>
<gc-op id="25" type="classunload" timems="0.003" contextid="21" timestamp="2019-06-15T21:34:28.892">
  <classunload-info classloadercandidates="7" classloadersunloaded="0" classesunloaded="0" anonymousclassesunloaded="0" quiescems="0.000" setupms="0.002" scanms="0.000" postms="0.001" />
</gc-op>
<gc-op id="26" type="sweep" timems="1.697" contextid="21" timestamp="2019-06-15T21:34:28.893" />
<mem-info id="27" free="2089206432" total="2092630016" percent="99">
  <mem type="tenure" free="2089206432" total="2092630016" percent="99" micro-fragmented="45373">
    <mem type="soa" free="1984575136" total="1987998720" percent="99" />
    <mem type="loa" free="104631296" total="104631296" percent="100" />
  </mem>
  <pending-finalizers system="0" default="0" reference="2" classloader="0" />
</mem-info>
<gc-op id="28" type="compact" timems="14.128" contextid="21" timestamp="2019-06-15T21:34:28.908">
  <compact-info movecount="18208" movebytes="2917384" reason="compact to aid heap contraction" />
</gc-op>
<gc-end id="29" type="global" contextid="21" durationms="25.767" usertimems="32.000" systemtimems="8.000" timestamp="2019-06-15T21:34:28.908" activeThreads="4">
  <mem-info id="30" free="2089236720" total="2092630016" percent="99">
    <mem type="tenure" free="2089236720" total="2092630016" percent="99">
      <mem type="soa" free="1984605424" total="1987998720" percent="99" />
      <mem type="loa" free="104631296" total="104631296" percent="100" />
    </mem>
    <pending-finalizers system="0" default="0" reference="2" classloader="0" />
  </mem-info>
</gc-end>
<cycle-end id="31" type="global" contextid="21" timestamp="2019-06-15T21:34:28.908" />
  <attribute name="elasticGC enabled" value="1" />
  <attribute name= "numThreadsSpecified" value="4" />
  <attribute name="heapSize specified" value="2092630016" />
  <attribute name="Current GC Util" value="98" />
  <attribute name= "Current Time Running" value="422" />
  <attribute name ="GC Interval" value="0" />
  <attribute name="ProportionalT" value="117.000000" />
  <attribute name="ProportionalI" value="117.000000" />
  <attribute name="ProportionalH" value="117.000000" />
  <attribute name="Current Error" value="78.000000" />
  <attribute name="IntegralT" value="1092.000000" />
  <attribute name="IntegralI" value="1092.000000" />
  <attribute name="IntegralH" value="1092.000000" />
  <attribute name="DerivativeT" value="2.785714" />
  <attribute name="DerivativeI" value="2.785714" />
  <attribute name="DerivativeH" value="2.785714" />
  <attribute name="Loop Time for DT" value="14.000000" />
  <attribute name="Output H" value="8388608"/>
  <attribute name="Output I" value="1216"/>
  <attribute name="Output T" value="4"/>
  <attribute name="Target GC Util Change" value ="20.000000" />
  <attribute name="Current GC Util Change" value="98.000000"/>
  <attribute name="GC Util currently" value="98" />
  <attribute name="CPU Util currently" value="322659879197" />
<sys-end id="32" timestamp="2019-06-15T21:34:28.909" />
<exclusive-end id="33" timestamp="2019-06-15T21:34:28.909" durationms="26.637" />

<exclusive-start id="34" timestamp="2019-06-15T21:34:31.080" intervalms="2197.852">
  <response-info timems="0.040" idlems="0.040" threads="0" lastid="00000000020AA100" lastname="Thread-8" />
</exclusive-start>
<af-start id="35" threadId="00000000020AAA88" totalBytesRequested="40" timestamp="2019-06-15T21:34:31.080" intervalms="2230.996" />
<cycle-start id="36" type="global" contextid="0" timestamp="2019-06-15T21:34:31.080" intervalms="2198.045" />
<gc-start id="37" type="global" contextid="36" timestamp="2019-06-15T21:34:31.081">
  <mem-info id="38" free="104631296" total="2092630016" percent="4">
    <mem type="tenure" free="104631296" total="2092630016" percent="4">
      <mem type="soa" free="0" total="1987998720" percent="0" />
      <mem type="loa" free="104631296" total="104631296" percent="100" />
    </mem>
  </mem-info>
</gc-start>
<allocation-stats totalBytes="1984338568" >
  <allocated-bytes non-tlh="1579232" tlh="1982759336" />
  <largest-consumer threadName="Thread-8" threadId="00000000020AA100" bytes="537316272" />
</allocation-stats>
<gc-op id="39" type="mark" timems="3.499" contextid="36" timestamp="2019-06-15T21:34:31.084">
  <trace-info objectcount="74212" scancount="65746" scanbytes="2467008" />
  <finalization candidates="124" enqueued="0" />
  <ownableSynchronizers candidates="3" cleared="0" />
  <references type="soft" candidates="148" cleared="0" enqueued="0" dynamicThreshold="31" maxThreshold="32" />
  <references type="weak" candidates="798" cleared="29" enqueued="28" />
  <references type="phantom" candidates="65" cleared="2" enqueued="2" />
  <stringconstants candidates="4598" cleared="1"  />
</gc-op>
<gc-op id="40" type="sweep" timems="287.162" contextid="36" timestamp="2019-06-15T21:34:31.372" />
<mem-info id="41" free="2085679984" total="2092630016" percent="99">
  <mem type="tenure" free="2085679984" total="2092630016" percent="99" micro-fragmented="915758">
    <mem type="soa" free="1981048688" total="1987998720" percent="99" />
    <mem type="loa" free="104631296" total="104631296" percent="100" />
  </mem>
  <pending-finalizers system="0" default="0" reference="30" classloader="0" />
</mem-info>
<gc-op id="42" type="compact" timems="13.268" contextid="36" timestamp="2019-06-15T21:34:31.385">
  <compact-info movecount="73588" movebytes="5994936" reason="compact to aid heap contraction" />
</gc-op>
<gc-end id="43" type="global" contextid="36" durationms="305.286" usertimems="308.000" systemtimems="16.000" timestamp="2019-06-15T21:34:31.386" activeThreads="4">
  <mem-info id="44" free="2086553864" total="2092630016" percent="99">
    <mem type="tenure" free="2086553864" total="2092630016" percent="99">
      <mem type="soa" free="1981922568" total="1987998720" percent="99" />
      <mem type="loa" free="104631296" total="104631296" percent="100" />
    </mem>
    <pending-finalizers system="0" default="0" reference="30" classloader="0" />
  </mem-info>
</gc-end>
<cycle-end id="45" type="global" contextid="36" timestamp="2019-06-15T21:34:31.386" />
  <attribute name="elasticGC enabled" value="1" />
  <attribute name= "numThreadsSpecified" value="4" />
  <attribute name="heapSize specified" value="2092630016" />
  <attribute name="Current GC Util" value="163" />
  <attribute name= "Current Time Running" value="2900" />
  <attribute name ="GC Interval" value="0" />
  <attribute name="ProportionalT" value="214.500000" />
  <attribute name="ProportionalI" value="214.500000" />
  <attribute name="ProportionalH" value="214.500000" />
  <attribute name="Current Error" value="143.000000" />
  <attribute name="IntegralT" value="1859.000000" />
  <attribute name="IntegralI" value="1859.000000" />
  <attribute name="IntegralH" value="1859.000000" />
  <attribute name="DerivativeT" value="5.500000" />
  <attribute name="DerivativeI" value="5.500000" />
  <attribute name="DerivativeH" value="5.500000" />
  <attribute name="Loop Time for DT" value="13.000000" />
  <attribute name="Output H" value="8388608"/>
  <attribute name="Output I" value="2080"/>
  <attribute name="Output T" value="4"/>
  <attribute name="Target GC Util Change" value ="20.000000" />
  <attribute name="Current GC Util Change" value="163.000000"/>
  <attribute name="GC Util currently" value="163" />
  <attribute name="CPU Util currently" value="341993153210" />
<allocation-satisfied id="46" threadId="00000000020AA100" bytesRequested="40" />
<af-end id="47" timestamp="2019-06-15T21:34:31.386" threadId="00000000020AAA88" success="true" />
<exclusive-end id="48" timestamp="2019-06-15T21:34:31.386" durationms="306.602" />

<exclusive-start id="49" timestamp="2019-06-15T21:34:32.301" intervalms="1221.612">
  <response-info timems="0.051" idlems="0.028" threads="1" lastid="00000000020A6500" lastname="Thread-7" />
</exclusive-start>
<af-start id="50" threadId="00000000020A3288" totalBytesRequested="40" timestamp="2019-06-15T21:34:32.302" intervalms="1221.544" />
<cycle-start id="51" type="global" contextid="0" timestamp="2019-06-15T21:34:32.302" intervalms="1221.395" />
<gc-start id="52" type="global" contextid="51" timestamp="2019-06-15T21:34:32.302">
  <mem-info id="53" free="104631296" total="2092630016" percent="4">
    <mem type="tenure" free="104631296" total="2092630016" percent="4">
      <mem type="soa" free="0" total="1987998720" percent="0" />
      <mem type="loa" free="104631296" total="104631296" percent="100" />
    </mem>
  </mem-info>
</gc-start>
<allocation-stats totalBytes="1981620688" >
  <allocated-bytes non-tlh="0" tlh="1981620688" />
  <largest-consumer threadName="Thread-9" threadId="000000000209ED00" bytes="628471568" />
</allocation-stats>
<gc-op id="54" type="mark" timems="3.657" contextid="51" timestamp="2019-06-15T21:34:32.306">
  <trace-info objectcount="68863" scancount="60455" scanbytes="2338504" />
  <finalization candidates="124" enqueued="0" />
  <ownableSynchronizers candidates="3" cleared="0" />
  <references type="soft" candidates="148" cleared="0" enqueued="0" dynamicThreshold="31" maxThreshold="32" />
  <references type="weak" candidates="769" cleared="0" enqueued="0" />
  <references type="phantom" candidates="63" cleared="0" enqueued="0" />
  <stringconstants candidates="4597" cleared="0"  />
</gc-op>
<gc-op id="55" type="sweep" timems="434.001" contextid="51" timestamp="2019-06-15T21:34:32.740" />
<mem-info id="56" free="2086709136" total="2092630016" percent="99">
  <mem type="tenure" free="2086709136" total="2092630016" percent="99" micro-fragmented="42176">
    <mem type="soa" free="1982077840" total="1987998720" percent="99" />
    <mem type="loa" free="104631296" total="104631296" percent="100" />
  </mem>
</mem-info>
<gc-op id="57" type="compact" timems="7.486" contextid="51" timestamp="2019-06-15T21:34:32.748">
  <compact-info movecount="47248" movebytes="4594368" reason="compact to aid heap contraction" />
</gc-op>
<gc-end id="58" type="global" contextid="51" durationms="446.491" usertimems="452.000" systemtimems="12.000" timestamp="2019-06-15T21:34:32.748" activeThreads="4">
  <mem-info id="59" free="2086683760" total="2092630016" percent="99">
    <mem type="tenure" free="2086683760" total="2092630016" percent="99">
      <mem type="soa" free="1982052464" total="1987998720" percent="99" />
      <mem type="loa" free="104631296" total="104631296" percent="100" />
    </mem>
  </mem-info>
</gc-end>
<cycle-end id="60" type="global" contextid="51" timestamp="2019-06-15T21:34:32.749" />
  <attribute name="elasticGC enabled" value="1" />
  <attribute name= "numThreadsSpecified" value="4" />
  <attribute name="heapSize specified" value="2092630016" />
  <attribute name="Current GC Util" value="178" />
  <attribute name= "Current Time Running" value="4263" />
  <attribute name ="GC Interval" value="0" />
  <attribute name="ProportionalT" value="237.000000" />
  <attribute name="ProportionalI" value="237.000000" />
  <attribute name="ProportionalH" value="237.000000" />
  <attribute name="Current Error" value="158.000000" />
  <attribute name="IntegralT" value="1264.000000" />
  <attribute name="IntegralI" value="1264.000000" />
  <attribute name="IntegralH" value="1264.000000" />
  <attribute name="DerivativeT" value="9.875000" />
  <attribute name="DerivativeI" value="9.875000" />
  <attribute name="DerivativeH" value="9.875000" />
  <attribute name="Loop Time for DT" value="8.000000" />
  <attribute name="Output H" value="8388608"/>
  <attribute name="Output I" value="1512"/>
  <attribute name="Output T" value="4"/>
  <attribute name="Target GC Util Change" value ="20.000000" />
  <attribute name="Current GC Util Change" value="178.000000"/>
  <attribute name="GC Util currently" value="178" />
  <attribute name="CPU Util currently" value="599049640015" />
<allocation-satisfied id="61" threadId="00000000020A2900" bytesRequested="40" />
<af-end id="62" timestamp="2019-06-15T21:34:32.749" threadId="00000000020A3288" success="true" />
<exclusive-end id="63" timestamp="2019-06-15T21:34:32.749" durationms="447.449" />

<exclusive-start id="64" timestamp="2019-06-15T21:34:33.640" intervalms="1338.760">
  <response-info timems="0.032" idlems="0.032" threads="0" lastid="00000000020A2900" lastname="Thread-10" />
</exclusive-start>
<af-start id="65" threadId="00000000020A3288" totalBytesRequested="24" timestamp="2019-06-15T21:34:33.640" intervalms="1338.754" />
<cycle-start id="66" type="global" contextid="0" timestamp="2019-06-15T21:34:33.641" intervalms="1338.803" />
<gc-start id="67" type="global" contextid="66" timestamp="2019-06-15T21:34:33.641">
  <mem-info id="68" free="104631296" total="2092630016" percent="4">
    <mem type="tenure" free="104631296" total="2092630016" percent="4">
      <mem type="soa" free="0" total="1987998720" percent="0" />
      <mem type="loa" free="104631296" total="104631296" percent="100" />
    </mem>
  </mem-info>
</gc-start>
<allocation-stats totalBytes="1981853808" >
  <allocated-bytes non-tlh="0" tlh="1981853808" />
  <largest-consumer threadName="Thread-7" threadId="00000000020A6500" bytes="545097032" />
</allocation-stats>
<gc-op id="69" type="mark" timems="4.025" contextid="66" timestamp="2019-06-15T21:34:33.645">
  <trace-info objectcount="73168" scancount="64742" scanbytes="2442864" />
  <finalization candidates="124" enqueued="0" />
  <ownableSynchronizers candidates="3" cleared="0" />
  <references type="soft" candidates="148" cleared="0" enqueued="0" dynamicThreshold="31" maxThreshold="32" />
  <references type="weak" candidates="769" cleared="0" enqueued="0" />
  <references type="phantom" candidates="63" cleared="0" enqueued="0" />
  <stringconstants candidates="4597" cleared="0"  />
</gc-op>
<gc-op id="70" type="sweep" timems="350.381" contextid="66" timestamp="2019-06-15T21:34:33.995" />
<mem-info id="71" free="2086156544" total="2092630016" percent="99">
  <mem type="tenure" free="2086156544" total="2092630016" percent="99" micro-fragmented="175973">
    <mem type="soa" free="1981525248" total="1987998720" percent="99" />
    <mem type="loa" free="104631296" total="104631296" percent="100" />
  </mem>
</mem-info>
<gc-op id="72" type="compact" timems="5.984" contextid="66" timestamp="2019-06-15T21:34:34.002">
  <compact-info movecount="28717" movebytes="1240528" reason="compact to aid heap contraction" />
</gc-op>
<gc-end id="73" type="global" contextid="66" durationms="361.723" usertimems="368.000" systemtimems="12.000" timestamp="2019-06-15T21:34:34.002" activeThreads="4">
  <mem-info id="74" free="2086579400" total="2092630016" percent="99">
    <mem type="tenure" free="2086579400" total="2092630016" percent="99">
      <mem type="soa" free="1981948104" total="1987998720" percent="99" />
      <mem type="loa" free="104631296" total="104631296" percent="100" />
    </mem>
  </mem-info>
</gc-end>
<cycle-end id="75" type="global" contextid="66" timestamp="2019-06-15T21:34:34.003" />
  <attribute name="elasticGC enabled" value="1" />
  <attribute name= "numThreadsSpecified" value="4" />
  <attribute name="heapSize specified" value="2092630016" />
  <attribute name="Current GC Util" value="249" />
  <attribute name= "Current Time Running" value="5516" />
  <attribute name ="GC Interval" value="0" />
  <attribute name="ProportionalT" value="343.500000" />
  <attribute name="ProportionalI" value="343.500000" />
  <attribute name="ProportionalH" value="343.500000" />
  <attribute name="Current Error" value="229.000000" />
  <attribute name="IntegralT" value="1374.000000" />
  <attribute name="IntegralI" value="1374.000000" />
  <attribute name="IntegralH" value="1374.000000" />
  <attribute name="DerivativeT" value="19.083333" />
  <attribute name="DerivativeI" value="19.083333" />
  <attribute name="DerivativeH" value="19.083333" />
  <attribute name="Loop Time for DT" value="6.000000" />
  <attribute name="Output H" value="8388608"/>
  <attribute name="Output I" value="1736"/>
  <attribute name="Output T" value="4"/>
  <attribute name="Target GC Util Change" value ="20.000000" />
  <attribute name="Current GC Util Change" value="249.000000"/>
  <attribute name="GC Util currently" value="249" />
  <attribute name="CPU Util currently" value="744932434065" />
<allocation-satisfied id="76" threadId="00000000020A2900" bytesRequested="24" />
<af-end id="77" timestamp="2019-06-15T21:34:34.003" threadId="00000000020A3288" success="true" />
<exclusive-end id="78" timestamp="2019-06-15T21:34:34.003" durationms="362.762" />

</verbosegc>

