<?xml version="1.0" ?>

<verbosegc xmlns="http://www.ibm.com/j9/verbosegc" version="10b4217_CMPRSS">

<initialized id="1" timestamp="2019-06-16T18:10:25.399">
  <attribute name="gcPolicy" value="-Xgcpolicy:gencon" />
  <attribute name="elasticGC enabled" value="1" />
  <attribute name= "numThreadsSpecified" value="0" />
  <attribute name="heapSize specified" value="0" />
  <attribute name="Current GC Util" value="0" />
  <attribute name= "Current Time Running" value="0" />
  <attribute name ="GC Interval" value="0" />
  <attribute name="ProportionalT" value="0.000000" />
  <attribute name="ProportionalI" value="0.000000" />
  <attribute name="ProportionalH" value="0.000000" />
  <attribute name="IntegralT" value="0.000000" />
  <attribute name="IntegralI" value="0.000000" />
  <attribute name="IntegralH" value="0.000000" />
  <attribute name="DerivativeT" value="0.000000" />
  <attribute name="DerivativeI" value="0.000000" />
  <attribute name="DerivativeH" value="0.000000" />
  <attribute name="Target GC Util Change" value ="0.000000" />
  <attribute name="Current GC Util Change" value="0.000000"/>
  <attribute name="Current Error" value="0.000000" />
  <attribute name="Loop Time for DT" value="0.000000" />
  <attribute name="Output H" value="0"/>
  <attribute name="Output I" value="0"/>
  <attribute name="Output T" value="0"/>
  <attribute name="GC Util currently" value="0" />
  <attribute name="CPU Util currently" value="0" />
  <attribute name="maxHeapSize" value="0x7cbc0000" />
  <attribute name="initialHeapSize" value="0x800000" />
  <attribute name="compressedRefs" value="true" />
  <attribute name="compressedRefsDisplacement" value="0x0" />
  <attribute name="compressedRefsShift" value="0x0" />
  <attribute name="pageSize" value="0x1000" />
  <attribute name="pageType" value="not used" />
  <attribute name="requestedPageSize" value="0x1000" />
  <attribute name="requestedPageType" value="not used" />
  <attribute name="gcthreads" value="4" />
  <attribute name="gcthreads Concurrent Mark" value="1" />
  <attribute name="packetListSplit" value="4" />
  <attribute name="cacheListSplit" value="4" />
  <attribute name="splitFreeListSplitAmount" value="1" />
  <attribute name="numaNodes" value="0" />
  <system>
    <attribute name="physicalMemory" value="8370962432" />
    <attribute name="numCPUs" value="4" />
    <attribute name="architecture" value="amd64" />
    <attribute name="os" value="Linux" />
    <attribute name="osVersion" value="4.4.0-148-generic" />
  </system>
  <vmargs>
    <vmarg name="-Xoptionsfile=/vagrant/jdk/lib/options.default" />
    <vmarg name="-Xlockword:mode=default,noLockword=java/lang/String,noLockword=java/util/MapEntry,noLockword=java/util/HashMap$Entry,noLockword..." />
    <vmarg name="-Xjcl:jclse29" />
    <vmarg name="-Dcom.ibm.oti.vm.bootstrap.library.path=/vagrant/jdk/lib/compressedrefs:/vagrant/jdk/lib" />
    <vmarg name="-Dsun.boot.library.path=/vagrant/jdk/lib/compressedrefs:/vagrant/jdk/lib" />
    <vmarg name="-Djava.library.path=/vagrant/jdk/lib/compressedrefs:/vagrant/jdk/lib:/usr/lib64:/usr/lib" />
    <vmarg name="-Djava.home=/vagrant/jdk" />
    <vmarg name="-Duser.dir=/vagrant" />
    <vmarg name="-verbose:gc" />
    <vmarg name="-Xgcelastic" />
    <vmarg name="-Xcheck:gc:::elasticGC" />
    <vmarg name="-Xloggc:default-jdk-1-1-0.5-verbose11avrora.txt" />
    <vmarg name="-Djava.class.path=dacapo-9.12-MR1-bach.jar" />
    <vmarg name="-Dsun.java.command=dacapo-9.12-MR1-bach.jar avrora --size=default" />
    <vmarg name="-Dsun.java.launcher=SUN_STANDARD" />
    <vmarg name="-Dsun.java.launcher.pid=19470" />
  </vmargs>
</initialized>

<exclusive-start id="2" timestamp="2019-06-16T18:10:25.593" intervalms="193.813">
  <response-info timems="0.023" idlems="0.023" threads="0" lastid="0000000001A27700" lastname="main" />
</exclusive-start>
<af-start id="3" threadId="0000000001A28088" totalBytesRequested="7176" timestamp="2019-06-16T18:10:25.593" intervalms="194.040" type="nursery" />
<cycle-start id="4" type="scavenge" contextid="0" timestamp="2019-06-16T18:10:25.594" intervalms="194.730" />
<gc-start id="5" type="scavenge" contextid="4" timestamp="2019-06-16T18:10:25.599">
  <mem-info id="6" free="6062624" total="8388608" percent="72">
    <mem type="nursery" free="0" total="2097152" percent="0">
      <mem type="allocate" free="0" total="1048576" percent="0" />
      <mem type="survivor" free="0" total="1048576" percent="0" />
    </mem>
    <mem type="tenure" free="6062624" total="6291456" percent="96">
      <mem type="soa" free="5748256" total="5977088" percent="96" />
      <mem type="loa" free="314368" total="314368" percent="100" />
    </mem>
    <remembered-set count="3161" />
  </mem-info>
</gc-start>
<allocation-stats totalBytes="1275448" >
  <allocated-bytes non-tlh="344784" tlh="930664" />
  <largest-consumer threadName="main" threadId="0000000001A27700" bytes="1198880" />
</allocation-stats>
<gc-op id="7" type="scavenge" timems="2.073" contextid="4" timestamp="2019-06-16T18:10:25.601">
  <scavenger-info tenureage="2" tenuremask="fffc" tiltratio="50" />
  <memory-copied type="nursery" objects="10578" bytes="479616" bytesdiscarded="166344" />
  <finalization candidates="11" enqueued="0" />
  <references type="soft" candidates="62" cleared="0" enqueued="0" dynamicThreshold="32" maxThreshold="32" />
  <references type="weak" candidates="309" cleared="177" enqueued="141" />
  <references type="phantom" candidates="25" cleared="6" enqueued="6" />
</gc-op>
<gc-end id="8" type="scavenge" contextid="4" durationms="5.598" usertimems="4.000" systemtimems="4.000" timestamp="2019-06-16T18:10:25.605" activeThreads="4">
  <mem-info id="9" free="6463144" total="8388608" percent="77">
    <mem type="nursery" free="400520" total="2097152" percent="19">
      <mem type="allocate" free="400520" total="1048576" percent="38" />
      <mem type="survivor" free="0" total="1048576" percent="0" />
    </mem>
    <mem type="tenure" free="6062624" total="6291456" percent="96">
      <mem type="soa" free="5748256" total="5977088" percent="96" />
      <mem type="loa" free="314368" total="314368" percent="100" />
    </mem>
    <pending-finalizers system="0" default="0" reference="147" classloader="0" />
    <remembered-set count="3161" />
  </mem-info>
</gc-end>
<cycle-end id="10" type="scavenge" contextid="4" timestamp="2019-06-16T18:10:25.605" />
  <attribute name="elasticGC enabled" value="1" />
  <attribute name= "numThreadsSpecified" value="0" />
  <attribute name="heapSize specified" value="0" />
  <attribute name="Current GC Util" value="0" />
  <attribute name= "Current Time Running" value="72" />
  <attribute name ="GC Interval" value="1" />
  <attribute name="ProportionalT" value="0.000000" />
  <attribute name="ProportionalI" value="0.000000" />
  <attribute name="ProportionalH" value="0.000000" />
  <attribute name="Current Error" value="0.000000" />
  <attribute name="IntegralT" value="0.000000" />
  <attribute name="IntegralI" value="0.000000" />
  <attribute name="IntegralH" value="0.000000" />
  <attribute name="DerivativeT" value="0.000000" />
  <attribute name="DerivativeI" value="0.000000" />
  <attribute name="DerivativeH" value="0.000000" />
  <attribute name="Loop Time for DT" value="0.000000" />
  <attribute name="Output H" value="0"/>
  <attribute name="Output I" value="0"/>
  <attribute name="Output T" value="0"/>
  <attribute name="Target GC Util Change" value ="20.000000" />
  <attribute name="Current GC Util Change" value="0.000000"/>
  <attribute name="GC Util currently" value="0" />
  <attribute name="CPU Util currently" value="30" />
<allocation-satisfied id="11" threadId="0000000001A27700" bytesRequested="7176" />
<af-end id="12" timestamp="2019-06-16T18:10:25.605" threadId="0000000001A28088" success="true" from="nursery"/>
<exclusive-end id="13" timestamp="2019-06-16T18:10:25.605" durationms="12.521" />

<exclusive-start id="14" timestamp="2019-06-16T18:10:25.623" intervalms="30.665">
  <response-info timems="0.028" idlems="0.028" threads="0" lastid="0000000001A27700" lastname="main" />
</exclusive-start>
<af-start id="15" threadId="0000000001A28088" totalBytesRequested="72" timestamp="2019-06-16T18:10:25.623" intervalms="30.509" type="nursery" />
<cycle-start id="16" type="scavenge" contextid="0" timestamp="2019-06-16T18:10:25.623" intervalms="29.883" />
<gc-start id="17" type="scavenge" contextid="16" timestamp="2019-06-16T18:10:25.627">
  <mem-info id="18" free="6054888" total="8388608" percent="72">
    <mem type="nursery" free="0" total="2097152" percent="0">
      <mem type="allocate" free="0" total="1048576" percent="0" />
      <mem type="survivor" free="0" total="1048576" percent="0" />
    </mem>
    <mem type="tenure" free="6054888" total="6291456" percent="96">
      <mem type="soa" free="5740520" total="5977088" percent="96" />
      <mem type="loa" free="314368" total="314368" percent="100" />
    </mem>
    <remembered-set count="3262" />
  </mem-info>
</gc-start>
<allocation-stats totalBytes="407120" >
  <allocated-bytes non-tlh="14912" tlh="392208" />
  <largest-consumer threadName="main" threadId="0000000001A27700" bytes="395144" />
</allocation-stats>
<gc-op id="19" type="scavenge" timems="0.883" contextid="16" timestamp="2019-06-16T18:10:25.628">
  <scavenger-info tenureage="5" tenuremask="7fe0" tiltratio="50" />
  <memory-copied type="nursery" objects="10902" bytes="484680" bytesdiscarded="103736" />
  <finalization candidates="11" enqueued="0" />
  <references type="soft" candidates="62" cleared="0" enqueued="0" dynamicThreshold="32" maxThreshold="32" />
  <references type="weak" candidates="237" cleared="93" enqueued="90" />
  <references type="phantom" candidates="35" cleared="11" enqueued="11" />
</gc-op>
<gc-end id="20" type="scavenge" contextid="16" durationms="4.577" usertimems="4.000" systemtimems="0.000" timestamp="2019-06-16T18:10:25.632" activeThreads="4">
  <mem-info id="21" free="6513592" total="8388608" percent="77">
    <mem type="nursery" free="458704" total="2097152" percent="21">
      <mem type="allocate" free="458704" total="1048576" percent="43" />
      <mem type="survivor" free="0" total="1048576" percent="0" />
    </mem>
    <mem type="tenure" free="6054888" total="6291456" percent="96">
      <mem type="soa" free="5740520" total="5977088" percent="96" />
      <mem type="loa" free="314368" total="314368" percent="100" />
    </mem>
    <pending-finalizers system="0" default="0" reference="101" classloader="0" />
    <remembered-set count="3262" />
  </mem-info>
</gc-end>
<cycle-end id="22" type="scavenge" contextid="16" timestamp="2019-06-16T18:10:25.632" />
  <attribute name="elasticGC enabled" value="1" />
  <attribute name= "numThreadsSpecified" value="0" />
  <attribute name="heapSize specified" value="0" />
  <attribute name="Current GC Util" value="39" />
  <attribute name= "Current Time Running" value="100" />
  <attribute name ="GC Interval" value="1" />
  <attribute name="ProportionalT" value="0.000000" />
  <attribute name="ProportionalI" value="0.000000" />
  <attribute name="ProportionalH" value="0.000000" />
  <attribute name="Current Error" value="0.000000" />
  <attribute name="IntegralT" value="0.000000" />
  <attribute name="IntegralI" value="0.000000" />
  <attribute name="IntegralH" value="0.000000" />
  <attribute name="DerivativeT" value="0.000000" />
  <attribute name="DerivativeI" value="0.000000" />
  <attribute name="DerivativeH" value="0.000000" />
  <attribute name="Loop Time for DT" value="72.000000" />
  <attribute name="Output H" value="0"/>
  <attribute name="Output I" value="0"/>
  <attribute name="Output T" value="0"/>
  <attribute name="Target GC Util Change" value ="20.000000" />
  <attribute name="Current GC Util Change" value="39.000000"/>
  <attribute name="GC Util currently" value="39" />
  <attribute name="CPU Util currently" value="7" />
<allocation-satisfied id="23" threadId="0000000001A27700" bytesRequested="72" />
<af-end id="24" timestamp="2019-06-16T18:10:25.632" threadId="0000000001A28088" success="true" from="nursery"/>
<exclusive-end id="25" timestamp="2019-06-16T18:10:25.632" durationms="9.084" />

<exclusive-start id="26" timestamp="2019-06-16T18:10:25.857" intervalms="234.212">
  <response-info timems="0.025" idlems="0.025" threads="0" lastid="0000000001A27700" lastname="main" />
</exclusive-start>
<af-start id="27" threadId="0000000001A28088" totalBytesRequested="40" timestamp="2019-06-16T18:10:25.858" intervalms="234.229" type="nursery" />
<cycle-start id="28" type="scavenge" contextid="0" timestamp="2019-06-16T18:10:25.858" intervalms="234.227" />
<gc-start id="29" type="scavenge" contextid="28" timestamp="2019-06-16T18:10:25.862">
  <mem-info id="30" free="6054888" total="8388608" percent="72">
    <mem type="nursery" free="0" total="2097152" percent="0">
      <mem type="allocate" free="0" total="1048576" percent="0" />
      <mem type="survivor" free="0" total="1048576" percent="0" />
    </mem>
    <mem type="tenure" free="6054888" total="6291456" percent="96">
      <mem type="soa" free="5740520" total="5977088" percent="96" />
      <mem type="loa" free="314368" total="314368" percent="100" />
    </mem>
    <remembered-set count="3262" />
  </mem-info>
</gc-start>
<allocation-stats totalBytes="458408" >
  <allocated-bytes non-tlh="72" tlh="458336" />
  <largest-consumer threadName="main" threadId="0000000001A27700" bytes="450216" />
</allocation-stats>
<gc-op id="31" type="scavenge" timems="0.782" contextid="28" timestamp="2019-06-16T18:10:25.863">
  <scavenger-info tenureage="4" tenuremask="7ff0" tiltratio="50" />
  <memory-copied type="nursery" objects="10856" bytes="484208" bytesdiscarded="128264" />
  <finalization candidates="11" enqueued="0" />
  <references type="soft" candidates="62" cleared="0" enqueued="0" dynamicThreshold="32" maxThreshold="32" />
  <references type="weak" candidates="144" cleared="0" enqueued="0" />
  <references type="phantom" candidates="24" cleared="0" enqueued="0" />
</gc-op>
<gc-end id="32" type="scavenge" contextid="28" durationms="1.080" usertimems="0.000" systemtimems="0.000" timestamp="2019-06-16T18:10:25.863" activeThreads="4">
  <mem-info id="33" free="6489544" total="8388608" percent="77">
    <mem type="nursery" free="434656" total="2097152" percent="20">
      <mem type="allocate" free="434656" total="1048576" percent="41" />
      <mem type="survivor" free="0" total="1048576" percent="0" />
    </mem>
    <mem type="tenure" free="6054888" total="6291456" percent="96">
      <mem type="soa" free="5740520" total="5977088" percent="96" />
      <mem type="loa" free="314368" total="314368" percent="100" />
    </mem>
    <remembered-set count="992" />
  </mem-info>
</gc-end>
<cycle-end id="34" type="scavenge" contextid="28" timestamp="2019-06-16T18:10:25.863" />
  <attribute name="elasticGC enabled" value="1" />
  <attribute name= "numThreadsSpecified" value="4" />
  <attribute name="heapSize specified" value="0" />
  <attribute name="Current GC Util" value="3" />
  <attribute name= "Current Time Running" value="335" />
  <attribute name ="GC Interval" value="200" />
  <attribute name="ProportionalT" value="-17.000000" />
  <attribute name="ProportionalI" value="-17.000000" />
  <attribute name="ProportionalH" value="-17.000000" />
  <attribute name="Current Error" value="-17.000000" />
  <attribute name="IntegralT" value="-3995.000000" />
  <attribute name="IntegralI" value="-3995.000000" />
  <attribute name="IntegralH" value="-3995.000000" />
  <attribute name="DerivativeT" value="-0.036170" />
  <attribute name="DerivativeI" value="-0.036170" />
  <attribute name="DerivativeH" value="-0.036170" />
  <attribute name="Loop Time for DT" value="235.000000" />
  <attribute name="Output H" value="2092630016"/>
  <attribute name="Output I" value="200"/>
  <attribute name="Output T" value="4"/>
  <attribute name="Target GC Util Change" value ="20.000000" />
  <attribute name="Current GC Util Change" value="3.000000"/>
  <attribute name="GC Util currently" value="3" />
  <attribute name="CPU Util currently" value="5" />
<allocation-satisfied id="35" threadId="0000000001A27700" bytesRequested="40" />
<af-end id="36" timestamp="2019-06-16T18:10:25.863" threadId="0000000001A28088" success="true" from="nursery"/>
<exclusive-end id="37" timestamp="2019-06-16T18:10:25.863" durationms="5.601" />

<exclusive-start id="38" timestamp="2019-06-16T18:10:25.934" intervalms="76.437">
  <response-info timems="0.071" idlems="0.071" threads="0" lastid="0000000001A27700" lastname="main" />
</exclusive-start>
<af-start id="39" threadId="0000000001A28088" totalBytesRequested="8184" timestamp="2019-06-16T18:10:25.934" intervalms="76.494" type="nursery" />
<cycle-start id="40" type="scavenge" contextid="0" timestamp="2019-06-16T18:10:25.934" intervalms="76.566" />
<gc-start id="41" type="scavenge" contextid="40" timestamp="2019-06-16T18:10:25.934">
  <mem-info id="42" free="6052896" total="8388608" percent="72">
    <mem type="nursery" free="0" total="2097152" percent="0">
      <mem type="allocate" free="0" total="1048576" percent="0" />
      <mem type="survivor" free="0" total="1048576" percent="0" />
    </mem>
    <mem type="tenure" free="6052896" total="6291456" percent="96">
      <mem type="soa" free="5738528" total="5977088" percent="96" />
      <mem type="loa" free="314368" total="314368" percent="100" />
    </mem>
    <remembered-set count="1016" />
  </mem-info>
</gc-start>
<allocation-stats totalBytes="428608" >
  <allocated-bytes non-tlh="2032" tlh="426576" />
  <largest-consumer threadName="main" threadId="0000000001A27700" bytes="428608" />
</allocation-stats>
<gc-op id="43" type="scavenge" timems="1.346" contextid="40" timestamp="2019-06-16T18:10:25.936">
  <scavenger-info tenureage="3" tenuremask="fff8" tiltratio="50" />
  <memory-copied type="nursery" objects="610" bytes="29832" bytesdiscarded="48488" />
  <memory-copied type="tenure" objects="10293" bytes="460104" bytesdiscarded="32" />
  <finalization candidates="11" enqueued="0" />
  <references type="weak" candidates="89" cleared="72" enqueued="72" />
  <references type="phantom" candidates="17" cleared="9" enqueued="9" />
</gc-op>
<gc-end id="44" type="scavenge" contextid="40" durationms="1.738" usertimems="0.000" systemtimems="0.000" timestamp="2019-06-16T18:10:25.936" activeThreads="4">
  <mem-info id="45" free="6445416" total="8388608" percent="76">
    <mem type="nursery" free="970240" total="2097152" percent="46">
      <mem type="allocate" free="970240" total="1048576" percent="92" />
      <mem type="survivor" free="0" total="1048576" percent="0" />
    </mem>
    <mem type="tenure" free="5475176" total="6291456" percent="87">
      <mem type="soa" free="5160808" total="5977088" percent="86" />
      <mem type="loa" free="314368" total="314368" percent="100" />
    </mem>
    <pending-finalizers system="0" default="0" reference="81" classloader="0" />
    <remembered-set count="132" />
  </mem-info>
</gc-end>
<cycle-end id="46" type="scavenge" contextid="40" timestamp="2019-06-16T18:10:25.936" />
  <attribute name="elasticGC enabled" value="1" />
  <attribute name= "numThreadsSpecified" value="4" />
  <attribute name="heapSize specified" value="0" />
  <attribute name="Current GC Util" value="7" />
  <attribute name= "Current Time Running" value="408" />
  <attribute name ="GC Interval" value="200" />
  <attribute name="ProportionalT" value="-13.000000" />
  <attribute name="ProportionalI" value="-13.000000" />
  <attribute name="ProportionalH" value="-13.000000" />
  <attribute name="Current Error" value="-13.000000" />
  <attribute name="IntegralT" value="-4944.000000" />
  <attribute name="IntegralI" value="-4944.000000" />
  <attribute name="IntegralH" value="-4944.000000" />
  <attribute name="DerivativeT" value="-0.089041" />
  <attribute name="DerivativeI" value="-0.089041" />
  <attribute name="DerivativeH" value="-0.089041" />
  <attribute name="Loop Time for DT" value="73.000000" />
  <attribute name="Output H" value="2092630016"/>
  <attribute name="Output I" value="200"/>
  <attribute name="Output T" value="4"/>
  <attribute name="Target GC Util Change" value ="20.000000" />
  <attribute name="Current GC Util Change" value="7.000000"/>
  <attribute name="GC Util currently" value="7" />
  <attribute name="CPU Util currently" value="1" />
<allocation-satisfied id="47" threadId="0000000001A27700" bytesRequested="8184" />
<af-end id="48" timestamp="2019-06-16T18:10:25.936" threadId="0000000001A28088" success="true" from="nursery"/>
<exclusive-end id="49" timestamp="2019-06-16T18:10:25.936" durationms="2.554" />

<exclusive-start id="50" timestamp="2019-06-16T18:10:26.075" intervalms="140.719">
  <response-info timems="0.027" idlems="0.027" threads="0" lastid="0000000001A27700" lastname="main" />
</exclusive-start>
<af-start id="51" threadId="0000000001A28088" totalBytesRequested="2056" timestamp="2019-06-16T18:10:26.075" intervalms="140.704" type="nursery" />
<cycle-start id="52" type="scavenge" contextid="0" timestamp="2019-06-16T18:10:26.075" intervalms="140.684" />
<gc-start id="53" type="scavenge" contextid="52" timestamp="2019-06-16T18:10:26.075">
  <mem-info id="54" free="5469896" total="8388608" percent="65">
    <mem type="nursery" free="0" total="2097152" percent="0">
      <mem type="allocate" free="0" total="1048576" percent="0" />
      <mem type="survivor" free="0" total="1048576" percent="0" />
    </mem>
    <mem type="tenure" free="5469896" total="6291456" percent="86">
      <mem type="soa" free="5155528" total="5977088" percent="86" />
      <mem type="loa" free="314368" total="314368" percent="100" />
    </mem>
    <remembered-set count="224" />
  </mem-info>
</gc-start>
<allocation-stats totalBytes="971864" >
  <allocated-bytes non-tlh="13464" tlh="958400" />
  <largest-consumer threadName="main" threadId="0000000001A27700" bytes="971864" />
</allocation-stats>
<gc-op id="55" type="scavenge" timems="0.569" contextid="52" timestamp="2019-06-16T18:10:26.076">
  <scavenger-info tenureage="4" tenuremask="fff0" tiltratio="50" />
  <memory-copied type="nursery" objects="758" bytes="111072" bytesdiscarded="39128" />
  <finalization candidates="3" enqueued="1" />
  <references type="soft" candidates="1" cleared="0" enqueued="0" dynamicThreshold="32" maxThreshold="32" />
  <references type="weak" candidates="70" cleared="54" enqueued="54" />
  <references type="phantom" candidates="22" cleared="11" enqueued="11" />
</gc-op>
<gc-end id="56" type="scavenge" contextid="52" durationms="0.869" usertimems="0.000" systemtimems="0.000" timestamp="2019-06-16T18:10:26.076" activeThreads="4">
  <mem-info id="57" free="6368184" total="8388608" percent="75">
    <mem type="nursery" free="898288" total="2097152" percent="42">
      <mem type="allocate" free="898288" total="1048576" percent="85" />
      <mem type="survivor" free="0" total="1048576" percent="0" />
    </mem>
    <mem type="tenure" free="5469896" total="6291456" percent="86">
      <mem type="soa" free="5155528" total="5977088" percent="86" />
      <mem type="loa" free="314368" total="314368" percent="100" />
    </mem>
    <pending-finalizers system="1" default="0" reference="65" classloader="0" />
    <remembered-set count="222" />
  </mem-info>
</gc-end>
<cycle-end id="58" type="scavenge" contextid="52" timestamp="2019-06-16T18:10:26.076" />
  <attribute name="elasticGC enabled" value="1" />
  <attribute name= "numThreadsSpecified" value="4" />
  <attribute name="heapSize specified" value="0" />
  <attribute name="Current GC Util" value="1" />
  <attribute name= "Current Time Running" value="548" />
  <attribute name ="GC Interval" value="200" />
  <attribute name="ProportionalT" value="-19.000000" />
  <attribute name="ProportionalI" value="-19.000000" />
  <attribute name="ProportionalH" value="-19.000000" />
  <attribute name="Current Error" value="-19.000000" />
  <attribute name="IntegralT" value="-7604.000000" />
  <attribute name="IntegralI" value="-7604.000000" />
  <attribute name="IntegralH" value="-7604.000000" />
  <attribute name="DerivativeT" value="-0.067857" />
  <attribute name="DerivativeI" value="-0.067857" />
  <attribute name="DerivativeH" value="-0.067857" />
  <attribute name="Loop Time for DT" value="140.000000" />
  <attribute name="Output H" value="2092630016"/>
  <attribute name="Output I" value="200"/>
  <attribute name="Output T" value="4"/>
  <attribute name="Target GC Util Change" value ="20.000000" />
  <attribute name="Current GC Util Change" value="1.000000"/>
  <attribute name="GC Util currently" value="1" />
  <attribute name="CPU Util currently" value="5" />
<allocation-satisfied id="59" threadId="0000000001A27700" bytesRequested="2056" />
<af-end id="60" timestamp="2019-06-16T18:10:26.076" threadId="0000000001A28088" success="true" from="nursery"/>
<exclusive-end id="61" timestamp="2019-06-16T18:10:26.076" durationms="1.481" />

<exclusive-start id="62" timestamp="2019-06-16T18:10:26.144" intervalms="69.075">
  <response-info timems="0.025" idlems="0.025" threads="0" lastid="0000000001A27700" lastname="main" />
</exclusive-start>
<af-start id="63" threadId="0000000001A28088" totalBytesRequested="2056" timestamp="2019-06-16T18:10:26.144" intervalms="69.014" type="nursery" />
<cycle-start id="64" type="scavenge" contextid="0" timestamp="2019-06-16T18:10:26.144" intervalms="68.959" />
<gc-start id="65" type="scavenge" contextid="64" timestamp="2019-06-16T18:10:26.144">
  <mem-info id="66" free="5469896" total="8388608" percent="65">
    <mem type="nursery" free="0" total="2097152" percent="0">
      <mem type="allocate" free="0" total="1048576" percent="0" />
      <mem type="survivor" free="0" total="1048576" percent="0" />
    </mem>
    <mem type="tenure" free="5469896" total="6291456" percent="86">
      <mem type="soa" free="5155528" total="5977088" percent="86" />
      <mem type="loa" free="314368" total="314368" percent="100" />
    </mem>
    <remembered-set count="223" />
  </mem-info>
</gc-start>
<allocation-stats totalBytes="885792" >
  <allocated-bytes non-tlh="2056" tlh="883736" />
  <largest-consumer threadName="main" threadId="0000000001A27700" bytes="885792" />
</allocation-stats>
<gc-op id="67" type="scavenge" timems="0.295" contextid="64" timestamp="2019-06-16T18:10:26.144">
  <scavenger-info tenureage="3" tenuremask="fff8" tiltratio="50" />
  <memory-copied type="nursery" objects="301" bytes="81680" bytesdiscarded="52136" />
  <memory-copied type="tenure" objects="302" bytes="16080" bytesdiscarded="0" />
  <finalization candidates="2" enqueued="0" />
  <references type="soft" candidates="1" cleared="0" enqueued="0" dynamicThreshold="32" maxThreshold="32" />
  <references type="weak" candidates="2" cleared="0" enqueued="0" />
  <references type="phantom" candidates="5" cleared="0" enqueued="0" />
</gc-op>
<gc-end id="68" type="scavenge" contextid="64" durationms="0.518" usertimems="0.000" systemtimems="0.000" timestamp="2019-06-16T18:10:26.144" activeThreads="4">
  <mem-info id="69" free="6476480" total="8388608" percent="77">
    <mem type="nursery" free="1045752" total="2097152" percent="49">
      <mem type="allocate" free="1045752" total="1179648" percent="88" />
      <mem type="survivor" free="0" total="917504" percent="0" />
    </mem>
    <mem type="tenure" free="5430728" total="6291456" percent="86">
      <mem type="soa" free="5116360" total="5977088" percent="85" />
      <mem type="loa" free="314368" total="314368" percent="100" />
    </mem>
    <remembered-set count="165" />
  </mem-info>
</gc-end>
<cycle-end id="70" type="scavenge" contextid="64" timestamp="2019-06-16T18:10:26.144" />
  <attribute name="elasticGC enabled" value="1" />
  <attribute name= "numThreadsSpecified" value="4" />
  <attribute name="heapSize specified" value="0" />
  <attribute name="Current GC Util" value="1" />
  <attribute name= "Current Time Running" value="617" />
  <attribute name ="GC Interval" value="200" />
  <attribute name="ProportionalT" value="-19.000000" />
  <attribute name="ProportionalI" value="-19.000000" />
  <attribute name="ProportionalH" value="-19.000000" />
  <attribute name="Current Error" value="-19.000000" />
  <attribute name="IntegralT" value="-8915.000000" />
  <attribute name="IntegralI" value="-8915.000000" />
  <attribute name="IntegralH" value="-8915.000000" />
  <attribute name="DerivativeT" value="-0.137681" />
  <attribute name="DerivativeI" value="-0.137681" />
  <attribute name="DerivativeH" value="-0.137681" />
  <attribute name="Loop Time for DT" value="69.000000" />
  <attribute name="Output H" value="2092630016"/>
  <attribute name="Output I" value="200"/>
  <attribute name="Output T" value="4"/>
  <attribute name="Target GC Util Change" value ="20.000000" />
  <attribute name="Current GC Util Change" value="1.000000"/>
  <attribute name="GC Util currently" value="1" />
  <attribute name="CPU Util currently" value="0" />
<allocation-satisfied id="71" threadId="0000000001A27700" bytesRequested="2056" />
<af-end id="72" timestamp="2019-06-16T18:10:26.145" threadId="0000000001A28088" success="true" from="nursery"/>
<exclusive-end id="73" timestamp="2019-06-16T18:10:26.145" durationms="0.931" />

<exclusive-start id="74" timestamp="2019-06-16T18:10:26.225" intervalms="80.865">
  <response-info timems="0.035" idlems="0.035" threads="0" lastid="0000000001A27700" lastname="main" />
</exclusive-start>
<af-start id="75" threadId="0000000001A28088" totalBytesRequested="2056" timestamp="2019-06-16T18:10:26.225" intervalms="80.865" type="nursery" />
<cycle-start id="76" type="scavenge" contextid="0" timestamp="2019-06-16T18:10:26.225" intervalms="80.865" />
<gc-start id="77" type="scavenge" contextid="76" timestamp="2019-06-16T18:10:26.225">
  <mem-info id="78" free="5430728" total="8388608" percent="64">
    <mem type="nursery" free="0" total="2097152" percent="0">
      <mem type="allocate" free="0" total="1179648" percent="0" />
      <mem type="survivor" free="0" total="917504" percent="0" />
    </mem>
    <mem type="tenure" free="5430728" total="6291456" percent="86">
      <mem type="soa" free="5116360" total="5977088" percent="85" />
      <mem type="loa" free="314368" total="314368" percent="100" />
    </mem>
    <remembered-set count="165" />
  </mem-info>
</gc-start>
<allocation-stats totalBytes="1037456" >
  <allocated-bytes non-tlh="2056" tlh="1035400" />
  <largest-consumer threadName="main" threadId="0000000001A27700" bytes="1037456" />
</allocation-stats>
<gc-op id="79" type="scavenge" timems="0.254" contextid="76" timestamp="2019-06-16T18:10:26.225">
  <scavenger-info tenureage="5" tenuremask="ffe0" tiltratio="56" />
  <memory-copied type="nursery" objects="300" bytes="79632" bytesdiscarded="23216" />
  <finalization candidates="2" enqueued="0" />
  <references type="soft" candidates="1" cleared="0" enqueued="0" dynamicThreshold="32" maxThreshold="32" />
  <references type="weak" candidates="2" cleared="0" enqueued="0" />
  <references type="phantom" candidates="5" cleared="0" enqueued="0" />
</gc-op>
<gc-end id="80" type="scavenge" contextid="76" durationms="0.421" usertimems="0.000" systemtimems="0.000" timestamp="2019-06-16T18:10:26.225" activeThreads="4">
  <mem-info id="81" free="6638520" total="8388608" percent="79">
    <mem type="nursery" free="1207792" total="2097152" percent="57">
      <mem type="allocate" free="1207792" total="1310720" percent="92" />
      <mem type="survivor" free="0" total="786432" percent="0" />
    </mem>
    <mem type="tenure" free="5430728" total="6291456" percent="86">
      <mem type="soa" free="5116360" total="5977088" percent="85" />
      <mem type="loa" free="314368" total="314368" percent="100" />
    </mem>
    <remembered-set count="86" />
  </mem-info>
</gc-end>
<cycle-end id="82" type="scavenge" contextid="76" timestamp="2019-06-16T18:10:26.225" />
  <attribute name="elasticGC enabled" value="1" />
  <attribute name= "numThreadsSpecified" value="4" />
  <attribute name="heapSize specified" value="0" />
  <attribute name="Current GC Util" value="0" />
  <attribute name= "Current Time Running" value="698" />
  <attribute name ="GC Interval" value="200" />
  <attribute name="ProportionalT" value="-20.000000" />
  <attribute name="ProportionalI" value="-20.000000" />
  <attribute name="ProportionalH" value="-20.000000" />
  <attribute name="Current Error" value="-20.000000" />
  <attribute name="IntegralT" value="-10535.000000" />
  <attribute name="IntegralI" value="-10535.000000" />
  <attribute name="IntegralH" value="-10535.000000" />
  <attribute name="DerivativeT" value="-0.123457" />
  <attribute name="DerivativeI" value="-0.123457" />
  <attribute name="DerivativeH" value="-0.123457" />
  <attribute name="Loop Time for DT" value="81.000000" />
  <attribute name="Output H" value="2092630016"/>
  <attribute name="Output I" value="200"/>
  <attribute name="Output T" value="4"/>
  <attribute name="Target GC Util Change" value ="20.000000" />
  <attribute name="Current GC Util Change" value="0.000000"/>
  <attribute name="GC Util currently" value="0" />
  <attribute name="CPU Util currently" value="3" />
<allocation-satisfied id="83" threadId="0000000001A27700" bytesRequested="2056" />
<af-end id="84" timestamp="2019-06-16T18:10:26.225" threadId="0000000001A28088" success="true" from="nursery"/>
<exclusive-end id="85" timestamp="2019-06-16T18:10:26.225" durationms="0.832" />

<exclusive-start id="86" timestamp="2019-06-16T18:10:26.314" intervalms="89.593">
  <response-info timems="0.054" idlems="0.054" threads="0" lastid="0000000001A27700" lastname="main" />
</exclusive-start>
<sys-start reason="explicit" id="87" timestamp="2019-06-16T18:10:26.314" intervalms="915.523" />
<cycle-start id="88" type="global" contextid="0" timestamp="2019-06-16T18:10:26.315" intervalms="915.736" />
<gc-start id="89" type="global" contextid="88" timestamp="2019-06-16T18:10:26.315">
  <mem-info id="90" free="5423728" total="8388608" percent="64">
    <mem type="nursery" free="0" total="2097152" percent="0">
      <mem type="allocate" free="0" total="1310720" percent="0" />
      <mem type="survivor" free="0" total="786432" percent="0" />
    </mem>
    <mem type="tenure" free="5423728" total="6291456" percent="86">
      <mem type="soa" free="5109360" total="5977088" percent="85" />
      <mem type="loa" free="314368" total="314368" percent="100" />
    </mem>
    <remembered-set count="164" />
  </mem-info>
</gc-start>
<allocation-stats totalBytes="1203696" >
  <allocated-bytes non-tlh="174240" tlh="1029456" />
  <largest-consumer threadName="main" threadId="0000000001A27700" bytes="1203696" />
</allocation-stats>
<gc-op id="91" type="mark" timems="1.607" contextid="88" timestamp="2019-06-16T18:10:26.316">
  <trace-info objectcount="16928" scancount="13945" scanbytes="446088" />
  <finalization candidates="13" enqueued="0" />
  <references type="soft" candidates="66" cleared="0" enqueued="0" dynamicThreshold="32" maxThreshold="32" />
  <references type="weak" candidates="172" cleared="43" enqueued="35" />
  <references type="phantom" candidates="34" cleared="4" enqueued="4" />
  <stringconstants candidates="2456" cleared="0"  />
</gc-op>
<gc-op id="92" type="classunload" timems="0.105" contextid="88" timestamp="2019-06-16T18:10:26.317">
  <classunload-info classloadercandidates="6" classloadersunloaded="0" classesunloaded="0" anonymousclassesunloaded="0" quiescems="0.000" setupms="0.105" scanms="0.000" postms="0.000" />
</gc-op>
<gc-op id="93" type="sweep" timems="0.559" contextid="88" timestamp="2019-06-16T18:10:26.317" />
<mem-info id="94" free="6598624" total="8388608" percent="78">
  <mem type="nursery" free="1035672" total="2097152" percent="49">
    <mem type="allocate" free="1035672" total="1310720" percent="79" />
    <mem type="survivor" free="0" total="786432" percent="0" />
  </mem>
  <mem type="tenure" free="5562952" total="6291456" percent="88" micro-fragmented="0" macro-fragmented="0">
    <mem type="soa" free="5248584" total="5977088" percent="87" />
    <mem type="loa" free="314368" total="314368" percent="100" />
  </mem>
  <pending-finalizers system="0" default="0" reference="39" classloader="0" />
  <remembered-set count="163" />
</mem-info>
<gc-op id="95" type="compact" timems="3.773" contextid="88" timestamp="2019-06-16T18:10:26.321">
  <compact-info movecount="12505" movebytes="800856" reason="compact to aid heap contraction" />
</gc-op>
<gc-end id="96" type="global" contextid="88" durationms="7.328" usertimems="4.000" systemtimems="8.000" timestamp="2019-06-16T18:10:26.322" activeThreads="4">
  <mem-info id="97" free="6617512" total="8388608" percent="78">
    <mem type="nursery" free="1052488" total="2097152" percent="50">
      <mem type="allocate" free="1052488" total="1310720" percent="80" />
      <mem type="survivor" free="0" total="786432" percent="0" />
    </mem>
    <mem type="tenure" free="5565024" total="6291456" percent="88">
      <mem type="soa" free="5250656" total="5977088" percent="87" />
      <mem type="loa" free="314368" total="314368" percent="100" />
    </mem>
    <pending-finalizers system="0" default="0" reference="39" classloader="0" />
    <remembered-set count="163" />
  </mem-info>
</gc-end>
<cycle-end id="98" type="global" contextid="88" timestamp="2019-06-16T18:10:26.322" />
  <attribute name="elasticGC enabled" value="1" />
  <attribute name= "numThreadsSpecified" value="4" />
  <attribute name="heapSize specified" value="8388608" />
  <attribute name="Current GC Util" value="31" />
  <attribute name= "Current Time Running" value="795" />
  <attribute name ="GC Interval" value="200" />
  <attribute name="ProportionalT" value="11.000000" />
  <attribute name="ProportionalI" value="11.000000" />
  <attribute name="ProportionalH" value="11.000000" />
  <attribute name="Current Error" value="11.000000" />
  <attribute name="IntegralT" value="44.000000" />
  <attribute name="IntegralI" value="44.000000" />
  <attribute name="IntegralH" value="44.000000" />
  <attribute name="DerivativeT" value="1.250000" />
  <attribute name="DerivativeI" value="1.250000" />
  <attribute name="DerivativeH" value="1.250000" />
  <attribute name="Loop Time for DT" value="4.000000" />
  <attribute name="Output H" value="8388608"/>
  <attribute name="Output I" value="200"/>
  <attribute name="Output T" value="4"/>
  <attribute name="Target GC Util Change" value ="20.000000" />
  <attribute name="Current GC Util Change" value="31.000000"/>
  <attribute name="GC Util currently" value="31" />
  <attribute name="CPU Util currently" value="1177149897954" />
<sys-end id="99" timestamp="2019-06-16T18:10:26.322" />
<exclusive-end id="100" timestamp="2019-06-16T18:10:26.322" durationms="8.125" />

<exclusive-start id="101" timestamp="2019-06-16T18:10:26.368" intervalms="53.562">
  <response-info timems="0.028" idlems="0.028" threads="0" lastid="0000000001A27700" lastname="main" />
</exclusive-start>
<af-start id="102" threadId="0000000001A28088" totalBytesRequested="6136" timestamp="2019-06-16T18:10:26.368" intervalms="143.160" type="nursery" />
<cycle-start id="103" type="scavenge" contextid="0" timestamp="2019-06-16T18:10:26.368" intervalms="143.169" />
<gc-start id="104" type="scavenge" contextid="103" timestamp="2019-06-16T18:10:26.368">
  <mem-info id="105" free="5502608" total="8388608" percent="65">
    <mem type="nursery" free="0" total="2097152" percent="0">
      <mem type="allocate" free="0" total="1310720" percent="0" />
      <mem type="survivor" free="0" total="786432" percent="0" />
    </mem>
    <mem type="tenure" free="5502608" total="6291456" percent="87">
      <mem type="soa" free="5188240" total="5977088" percent="86" />
      <mem type="loa" free="314368" total="314368" percent="100" />
    </mem>
    <remembered-set count="563" />
  </mem-info>
</gc-start>
<allocation-stats totalBytes="1108248" >
  <allocated-bytes non-tlh="62416" tlh="1045832" />
  <largest-consumer threadName="main" threadId="0000000001A27700" bytes="1104152" />
</allocation-stats>
<gc-op id="106" type="scavenge" timems="0.525" contextid="103" timestamp="2019-06-16T18:10:26.369">
  <scavenger-info tenureage="3" tenuremask="fff8" tiltratio="62" />
  <memory-copied type="nursery" objects="2276" bytes="299984" bytesdiscarded="94760" />
  <memory-copied type="tenure" objects="231" bytes="57800" bytesdiscarded="0" />
  <finalization candidates="2" enqueued="0" />
  <references type="soft" candidates="3" cleared="0" enqueued="0" dynamicThreshold="28" maxThreshold="32" />
  <references type="weak" candidates="33" cleared="31" enqueued="31" />
  <references type="phantom" candidates="7" cleared="0" enqueued="0" />
</gc-op>
<gc-end id="107" type="scavenge" contextid="103" durationms="0.724" usertimems="0.000" systemtimems="0.000" timestamp="2019-06-16T18:10:26.369" activeThreads="4">
  <mem-info id="108" free="6389304" total="8388608" percent="76">
    <mem type="nursery" free="981432" total="2097152" percent="46">
      <mem type="allocate" free="981432" total="1376256" percent="71" />
      <mem type="survivor" free="0" total="720896" percent="0" />
    </mem>
    <mem type="tenure" free="5407872" total="6291456" percent="85">
      <mem type="soa" free="5093504" total="5977088" percent="85" />
      <mem type="loa" free="314368" total="314368" percent="100" />
    </mem>
    <pending-finalizers system="0" default="0" reference="31" classloader="0" />
    <remembered-set count="543" />
  </mem-info>
</gc-end>
<cycle-end id="109" type="scavenge" contextid="103" timestamp="2019-06-16T18:10:26.369" />
  <attribute name="elasticGC enabled" value="1" />
  <attribute name= "numThreadsSpecified" value="4" />
  <attribute name="heapSize specified" value="8388608" />
  <attribute name="Current GC Util" value="11" />
  <attribute name= "Current Time Running" value="841" />
  <attribute name ="GC Interval" value="200" />
  <attribute name="ProportionalT" value="-9.000000" />
  <attribute name="ProportionalI" value="-9.000000" />
  <attribute name="ProportionalH" value="-9.000000" />
  <attribute name="Current Error" value="-9.000000" />
  <attribute name="IntegralT" value="-414.000000" />
  <attribute name="IntegralI" value="-414.000000" />
  <attribute name="IntegralH" value="-414.000000" />
  <attribute name="DerivativeT" value="-0.217391" />
  <attribute name="DerivativeI" value="-0.217391" />
  <attribute name="DerivativeH" value="-0.217391" />
  <attribute name="Loop Time for DT" value="46.000000" />
  <attribute name="Output H" value="2092630016"/>
  <attribute name="Output I" value="200"/>
  <attribute name="Output T" value="4"/>
  <attribute name="Target GC Util Change" value ="20.000000" />
  <attribute name="Current GC Util Change" value="11.000000"/>
  <attribute name="GC Util currently" value="11" />
  <attribute name="CPU Util currently" value="99003358120" />
<allocation-satisfied id="110" threadId="0000000001A27700" bytesRequested="6136" />
<af-end id="111" timestamp="2019-06-16T18:10:26.369" threadId="0000000001A28088" success="true" from="nursery"/>
<exclusive-end id="112" timestamp="2019-06-16T18:10:26.369" durationms="1.178" />

<exclusive-start id="113" timestamp="2019-06-16T18:10:26.416" intervalms="47.995">
  <response-info timems="0.027" idlems="0.027" threads="0" lastid="0000000001A27700" lastname="main" />
</exclusive-start>
<af-start id="114" threadId="0000000001A28088" totalBytesRequested="1264" timestamp="2019-06-16T18:10:26.416" intervalms="47.988" type="nursery" />
<cycle-start id="115" type="scavenge" contextid="0" timestamp="2019-06-16T18:10:26.416" intervalms="47.983" />
<gc-start id="116" type="scavenge" contextid="115" timestamp="2019-06-16T18:10:26.416">
  <mem-info id="117" free="5377512" total="8388608" percent="64">
    <mem type="nursery" free="0" total="2097152" percent="0">
      <mem type="allocate" free="0" total="1376256" percent="0" />
      <mem type="survivor" free="0" total="720896" percent="0" />
    </mem>
    <mem type="tenure" free="5377512" total="6291456" percent="85">
      <mem type="soa" free="5063144" total="5977088" percent="84" />
      <mem type="loa" free="314368" total="314368" percent="100" />
    </mem>
    <remembered-set count="916" />
  </mem-info>
</gc-start>
<allocation-stats totalBytes="926704" >
  <allocated-bytes non-tlh="36496" tlh="890208" />
  <largest-consumer threadName="main" threadId="0000000001A27700" bytes="926704" />
</allocation-stats>
<gc-op id="118" type="scavenge" timems="0.461" contextid="115" timestamp="2019-06-16T18:10:26.416">
  <scavenger-info tenureage="3" tenuremask="ffc8" tiltratio="65" />
  <memory-copied type="nursery" objects="2435" bytes="353088" bytesdiscarded="28880" />
  <references type="soft" candidates="3" cleared="0" enqueued="0" dynamicThreshold="28" maxThreshold="32" />
  <references type="weak" candidates="4" cleared="2" enqueued="2" />
  <references type="phantom" candidates="8" cleared="0" enqueued="0" />
</gc-op>
<gc-end id="119" type="scavenge" contextid="115" durationms="0.651" usertimems="0.000" systemtimems="0.000" timestamp="2019-06-16T18:10:26.417" activeThreads="4">
  <mem-info id="120" free="6568312" total="8388608" percent="78">
    <mem type="nursery" free="1190800" total="2097152" percent="56">
      <mem type="allocate" free="1190800" total="1572864" percent="75" />
      <mem type="survivor" free="0" total="524288" percent="0" />
    </mem>
    <mem type="tenure" free="5377512" total="6291456" percent="85">
      <mem type="soa" free="5063144" total="5977088" percent="84" />
      <mem type="loa" free="314368" total="314368" percent="100" />
    </mem>
    <pending-finalizers system="0" default="0" reference="2" classloader="0" />
    <remembered-set count="914" />
  </mem-info>
</gc-end>
<cycle-end id="121" type="scavenge" contextid="115" timestamp="2019-06-16T18:10:26.417" />
  <attribute name="elasticGC enabled" value="1" />
  <attribute name= "numThreadsSpecified" value="4" />
  <attribute name="heapSize specified" value="8388608" />
  <attribute name="Current GC Util" value="2" />
  <attribute name= "Current Time Running" value="889" />
  <attribute name ="GC Interval" value="200" />
  <attribute name="ProportionalT" value="-18.000000" />
  <attribute name="ProportionalI" value="-18.000000" />
  <attribute name="ProportionalH" value="-18.000000" />
  <attribute name="Current Error" value="-18.000000" />
  <attribute name="IntegralT" value="-864.000000" />
  <attribute name="IntegralI" value="-864.000000" />
  <attribute name="IntegralH" value="-864.000000" />
  <attribute name="DerivativeT" value="-0.187500" />
  <attribute name="DerivativeI" value="-0.187500" />
  <attribute name="DerivativeH" value="-0.187500" />
  <attribute name="Loop Time for DT" value="48.000000" />
  <attribute name="Output H" value="2092630016"/>
  <attribute name="Output I" value="200"/>
  <attribute name="Output T" value="4"/>
  <attribute name="Target GC Util Change" value ="20.000000" />
  <attribute name="Current GC Util Change" value="2.000000"/>
  <attribute name="GC Util currently" value="2" />
  <attribute name="CPU Util currently" value="96128994090" />
<allocation-satisfied id="122" threadId="0000000001A27700" bytesRequested="1264" />
<af-end id="123" timestamp="2019-06-16T18:10:26.417" threadId="0000000001A28088" success="true" from="nursery"/>
<exclusive-end id="124" timestamp="2019-06-16T18:10:26.417" durationms="1.091" />

<exclusive-start id="125" timestamp="2019-06-16T18:10:26.781" intervalms="365.749">
  <response-info timems="0.050" idlems="0.050" threads="0" lastid="0000000001A27700" lastname="main" />
</exclusive-start>
<af-start id="126" threadId="0000000001A28088" totalBytesRequested="64" timestamp="2019-06-16T18:10:26.782" intervalms="365.856" type="nursery" />
<cycle-start id="127" type="scavenge" contextid="0" timestamp="2019-06-16T18:10:26.782" intervalms="365.940" />
<gc-start id="128" type="scavenge" contextid="127" timestamp="2019-06-16T18:10:26.782">
  <mem-info id="129" free="5356456" total="8388608" percent="63">
    <mem type="nursery" free="0" total="2097152" percent="0">
      <mem type="allocate" free="0" total="1572864" percent="0" />
      <mem type="survivor" free="0" total="524288" percent="0" />
    </mem>
    <mem type="tenure" free="5356456" total="6291456" percent="85">
      <mem type="soa" free="5042088" total="5977088" percent="84" />
      <mem type="loa" free="314368" total="314368" percent="100" />
    </mem>
    <remembered-set count="1199" />
  </mem-info>
</gc-start>
<allocation-stats totalBytes="1210480" >
  <allocated-bytes non-tlh="22320" tlh="1188160" />
  <largest-consumer threadName="main" threadId="0000000001A27700" bytes="1210480" />
</allocation-stats>
<gc-op id="130" type="scavenge" timems="1.450" contextid="127" timestamp="2019-06-16T18:10:26.784">
  <scavenger-info tenureage="3" tenuremask="fff8" tiltratio="75" />
  <memory-copied type="nursery" objects="12756" bytes="469992" bytesdiscarded="54208" />
  <memory-copied type="tenure" objects="824" bytes="183880" bytesdiscarded="0" />
  <copy-failed type="nursery" objects="824" bytes="183880" />
  <references type="soft" candidates="3" cleared="0" enqueued="0" dynamicThreshold="28" maxThreshold="32" />
  <references type="weak" candidates="8" cleared="7" enqueued="7" />
  <references type="phantom" candidates="8" cleared="2" enqueued="2" />
</gc-op>
<gc-end id="131" type="scavenge" contextid="127" durationms="1.859" usertimems="0.000" systemtimems="0.000" timestamp="2019-06-16T18:10:26.784" activeThreads="4">
  <mem-info id="132" free="5715560" total="8388608" percent="68">
    <mem type="nursery" free="524288" total="2097152" percent="25">
      <mem type="allocate" free="524288" total="1048576" percent="50" />
      <mem type="survivor" free="0" total="1048576" percent="0" />
    </mem>
    <mem type="tenure" free="5191272" total="6291456" percent="82">
      <mem type="soa" free="4876904" total="5977088" percent="81" />
      <mem type="loa" free="314368" total="314368" percent="100" />
    </mem>
    <pending-finalizers system="0" default="0" reference="9" classloader="0" />
    <remembered-set count="1677" />
  </mem-info>
</gc-end>
<cycle-end id="133" type="scavenge" contextid="127" timestamp="2019-06-16T18:10:26.784" />
  <attribute name="elasticGC enabled" value="1" />
  <attribute name= "numThreadsSpecified" value="4" />
  <attribute name="heapSize specified" value="8388608" />
  <attribute name="Current GC Util" value="0" />
  <attribute name= "Current Time Running" value="1255" />
  <attribute name ="GC Interval" value="200" />
  <attribute name="ProportionalT" value="-20.000000" />
  <attribute name="ProportionalI" value="-20.000000" />
  <attribute name="ProportionalH" value="-20.000000" />
  <attribute name="Current Error" value="-20.000000" />
  <attribute name="IntegralT" value="-7320.000000" />
  <attribute name="IntegralI" value="-7320.000000" />
  <attribute name="IntegralH" value="-7320.000000" />
  <attribute name="DerivativeT" value="-0.027322" />
  <attribute name="DerivativeI" value="-0.027322" />
  <attribute name="DerivativeH" value="-0.027322" />
  <attribute name="Loop Time for DT" value="366.000000" />
  <attribute name="Output H" value="2092630016"/>
  <attribute name="Output I" value="200"/>
  <attribute name="Output T" value="4"/>
  <attribute name="Target GC Util Change" value ="20.000000" />
  <attribute name="Current GC Util Change" value="0.000000"/>
  <attribute name="GC Util currently" value="0" />
  <attribute name="CPU Util currently" value="4" />
<allocation-satisfied id="134" threadId="0000000001A27700" bytesRequested="64" />
<af-end id="135" timestamp="2019-06-16T18:10:26.784" threadId="0000000001A28088" success="true" from="nursery"/>
<exclusive-end id="136" timestamp="2019-06-16T18:10:26.784" durationms="2.650" />

<exclusive-start id="137" timestamp="2019-06-16T18:10:26.801" intervalms="19.264">
  <response-info timems="0.034" idlems="0.034" threads="0" lastid="0000000001A27700" lastname="main" />
</exclusive-start>
<af-start id="138" threadId="0000000001A28088" totalBytesRequested="768" timestamp="2019-06-16T18:10:26.801" intervalms="19.166" type="nursery" />
<cycle-start id="139" type="scavenge" contextid="0" timestamp="2019-06-16T18:10:26.801" intervalms="19.106" />
<gc-start id="140" type="scavenge" contextid="139" timestamp="2019-06-16T18:10:26.801">
  <mem-info id="141" free="5172448" total="8388608" percent="61">
    <mem type="nursery" free="0" total="2097152" percent="0">
      <mem type="allocate" free="0" total="1048576" percent="0" />
      <mem type="survivor" free="0" total="1048576" percent="0" />
    </mem>
    <mem type="tenure" free="5172448" total="6291456" percent="82">
      <mem type="soa" free="4858080" total="5977088" percent="81" />
      <mem type="loa" free="314368" total="314368" percent="100" />
    </mem>
    <remembered-set count="2054" />
  </mem-info>
</gc-start>
<allocation-stats totalBytes="541848" >
  <allocated-bytes non-tlh="18888" tlh="522960" />
  <largest-consumer threadName="main" threadId="0000000001A27700" bytes="541848" />
</allocation-stats>
<gc-op id="142" type="scavenge" timems="1.408" contextid="139" timestamp="2019-06-16T18:10:26.802">
  <scavenger-info tenureage="3" tenuremask="fff8" tiltratio="50" />
  <memory-copied type="nursery" objects="11428" bytes="375272" bytesdiscarded="107664" />
  <memory-copied type="tenure" objects="2113" bytes="119640" bytesdiscarded="32" />
  <references type="weak" candidates="1" cleared="0" enqueued="0" />
  <references type="phantom" candidates="1" cleared="0" enqueued="0" />
</gc-op>
<gc-end id="143" type="scavenge" contextid="139" durationms="1.612" usertimems="4.000" systemtimems="0.000" timestamp="2019-06-16T18:10:26.803" activeThreads="4">
  <mem-info id="144" free="5519432" total="8388608" percent="65">
    <mem type="nursery" free="631144" total="2097152" percent="30">
      <mem type="allocate" free="631144" total="1114112" percent="56" />
      <mem type="survivor" free="0" total="983040" percent="0" />
    </mem>
    <mem type="tenure" free="4888288" total="6291456" percent="77">
      <mem type="soa" free="4573920" total="5977088" percent="76" />
      <mem type="loa" free="314368" total="314368" percent="100" />
    </mem>
    <remembered-set count="1629" />
  </mem-info>
</gc-end>
<cycle-end id="145" type="scavenge" contextid="139" timestamp="2019-06-16T18:10:26.803" />
  <attribute name="elasticGC enabled" value="1" />
  <attribute name= "numThreadsSpecified" value="4" />
  <attribute name="heapSize specified" value="8388608" />
  <attribute name="Current GC Util" value="15" />
  <attribute name= "Current Time Running" value="1274" />
  <attribute name ="GC Interval" value="200" />
  <attribute name="ProportionalT" value="-5.000000" />
  <attribute name="ProportionalI" value="-5.000000" />
  <attribute name="ProportionalH" value="-5.000000" />
  <attribute name="Current Error" value="-5.000000" />
  <attribute name="IntegralT" value="-95.000000" />
  <attribute name="IntegralI" value="-95.000000" />
  <attribute name="IntegralH" value="-95.000000" />
  <attribute name="DerivativeT" value="-0.131579" />
  <attribute name="DerivativeI" value="-0.131579" />
  <attribute name="DerivativeH" value="-0.131579" />
  <attribute name="Loop Time for DT" value="19.000000" />
  <attribute name="Output H" value="2092630016"/>
  <attribute name="Output I" value="200"/>
  <attribute name="Output T" value="4"/>
  <attribute name="Target GC Util Change" value ="20.000000" />
  <attribute name="Current GC Util Change" value="15.000000"/>
  <attribute name="GC Util currently" value="15" />
  <attribute name="CPU Util currently" value="244507473301" />
<allocation-satisfied id="146" threadId="0000000001A27700" bytesRequested="768" />
<af-end id="147" timestamp="2019-06-16T18:10:26.803" threadId="0000000001A28088" success="true" from="nursery"/>
<exclusive-end id="148" timestamp="2019-06-16T18:10:26.803" durationms="2.081" />

<exclusive-start id="149" timestamp="2019-06-16T18:10:26.973" intervalms="172.049">
  <response-info timems="0.021" idlems="0.021" threads="0" lastid="0000000001A27700" lastname="main" />
</exclusive-start>
<af-start id="150" threadId="0000000001A28088" totalBytesRequested="1168" timestamp="2019-06-16T18:10:26.973" intervalms="172.082" type="nursery" />
<cycle-start id="151" type="scavenge" contextid="0" timestamp="2019-06-16T18:10:26.973" intervalms="172.083" />
<gc-start id="152" type="scavenge" contextid="151" timestamp="2019-06-16T18:10:26.973">
  <mem-info id="153" free="4879328" total="8388608" percent="58">
    <mem type="nursery" free="0" total="2097152" percent="0">
      <mem type="allocate" free="0" total="1114112" percent="0" />
      <mem type="survivor" free="0" total="983040" percent="0" />
    </mem>
    <mem type="tenure" free="4879328" total="6291456" percent="77">
      <mem type="soa" free="4564960" total="5977088" percent="76" />
      <mem type="loa" free="314368" total="314368" percent="100" />
    </mem>
    <remembered-set count="1732" />
  </mem-info>
</gc-start>
<allocation-stats totalBytes="637808" >
  <allocated-bytes non-tlh="104384" tlh="533424" />
  <largest-consumer threadName="main" threadId="0000000001A27700" bytes="637808" />
</allocation-stats>
<gc-op id="154" type="scavenge" timems="1.372" contextid="151" timestamp="2019-06-16T18:10:26.975">
  <scavenger-info tenureage="2" tenuremask="fffc" tiltratio="53" />
  <memory-copied type="nursery" objects="1409" bytes="89992" bytesdiscarded="25232" />
  <memory-copied type="tenure" objects="10600" bytes="348888" bytesdiscarded="24" />
  <references type="weak" candidates="2" cleared="2" enqueued="2" />
</gc-op>
<gc-end id="155" type="scavenge" contextid="151" durationms="1.683" usertimems="4.000" systemtimems="0.000" timestamp="2019-06-16T18:10:26.975" activeThreads="4">
  <mem-info id="156" free="5605008" total="8388608" percent="66">
    <mem type="nursery" free="1064408" total="2097152" percent="50">
      <mem type="allocate" free="1064408" total="1179648" percent="90" />
      <mem type="survivor" free="0" total="917504" percent="0" />
    </mem>
    <mem type="tenure" free="4540600" total="6291456" percent="72">
      <mem type="soa" free="4226232" total="5977088" percent="70" />
      <mem type="loa" free="314368" total="314368" percent="100" />
    </mem>
    <pending-finalizers system="0" default="0" reference="2" classloader="0" />
    <remembered-set count="551" />
  </mem-info>
</gc-end>
<cycle-end id="157" type="scavenge" contextid="151" timestamp="2019-06-16T18:10:26.975" />
  <attribute name="elasticGC enabled" value="1" />
  <attribute name= "numThreadsSpecified" value="4" />
  <attribute name="heapSize specified" value="8388608" />
  <attribute name="Current GC Util" value="1" />
  <attribute name= "Current Time Running" value="1446" />
  <attribute name ="GC Interval" value="200" />
  <attribute name="ProportionalT" value="-19.000000" />
  <attribute name="ProportionalI" value="-19.000000" />
  <attribute name="ProportionalH" value="-19.000000" />
  <attribute name="Current Error" value="-19.000000" />
  <attribute name="IntegralT" value="-3268.000000" />
  <attribute name="IntegralI" value="-3268.000000" />
  <attribute name="IntegralH" value="-3268.000000" />
  <attribute name="DerivativeT" value="-0.055233" />
  <attribute name="DerivativeI" value="-0.055233" />
  <attribute name="DerivativeH" value="-0.055233" />
  <attribute name="Loop Time for DT" value="172.000000" />
  <attribute name="Output H" value="2092630016"/>
  <attribute name="Output I" value="200"/>
  <attribute name="Output T" value="4"/>
  <attribute name="Target GC Util Change" value ="20.000000" />
  <attribute name="Current GC Util Change" value="1.000000"/>
  <attribute name="GC Util currently" value="1" />
  <attribute name="CPU Util currently" value="6" />
<allocation-satisfied id="158" threadId="0000000001A27700" bytesRequested="1168" />
<af-end id="159" timestamp="2019-06-16T18:10:26.975" threadId="0000000001A28088" success="true" from="nursery"/>
<exclusive-end id="160" timestamp="2019-06-16T18:10:26.975" durationms="2.243" />

<exclusive-start id="161" timestamp="2019-06-16T18:10:27.008" intervalms="35.351">
  <response-info timems="0.033" idlems="0.033" threads="0" lastid="0000000001A27700" lastname="main" />
</exclusive-start>
<af-start id="162" threadId="0000000001A28088" totalBytesRequested="8200" timestamp="2019-06-16T18:10:27.008" intervalms="35.324" type="nursery" />
<cycle-start id="163" type="scavenge" contextid="0" timestamp="2019-06-16T18:10:27.008" intervalms="35.298" />
<gc-start id="164" type="scavenge" contextid="163" timestamp="2019-06-16T18:10:27.008">
  <mem-info id="165" free="4515656" total="8388608" percent="53">
    <mem type="nursery" free="0" total="2097152" percent="0">
      <mem type="allocate" free="0" total="1179648" percent="0" />
      <mem type="survivor" free="0" total="917504" percent="0" />
    </mem>
    <mem type="tenure" free="4515656" total="6291456" percent="71">
      <mem type="soa" free="4201288" total="5977088" percent="70" />
      <mem type="loa" free="314368" total="314368" percent="100" />
    </mem>
    <remembered-set count="865" />
  </mem-info>
</gc-start>
<allocation-stats totalBytes="1079944" >
  <allocated-bytes non-tlh="26112" tlh="1053832" />
  <largest-consumer threadName="main" threadId="0000000001A27700" bytes="1079944" />
</allocation-stats>
<gc-op id="166" type="scavenge" timems="0.441" contextid="163" timestamp="2019-06-16T18:10:27.009">
  <scavenger-info tenureage="5" tenuremask="ffe0" tiltratio="56" />
  <memory-copied type="nursery" objects="3219" bytes="155136" bytesdiscarded="192008" />
</gc-op>
<gc-end id="167" type="scavenge" contextid="163" durationms="0.685" usertimems="0.000" systemtimems="0.000" timestamp="2019-06-16T18:10:27.009" activeThreads="4">
  <mem-info id="168" free="5479200" total="8388608" percent="65">
    <mem type="nursery" free="963544" total="2097152" percent="45">
      <mem type="allocate" free="963544" total="1310720" percent="73" />
      <mem type="survivor" free="0" total="786432" percent="0" />
    </mem>
    <mem type="tenure" free="4515656" total="6291456" percent="71">
      <mem type="soa" free="4201288" total="5977088" percent="70" />
      <mem type="loa" free="314368" total="314368" percent="100" />
    </mem>
    <remembered-set count="502" />
  </mem-info>
</gc-end>
<cycle-end id="169" type="scavenge" contextid="163" timestamp="2019-06-16T18:10:27.009" />
  <attribute name="elasticGC enabled" value="1" />
  <attribute name= "numThreadsSpecified" value="4" />
  <attribute name="heapSize specified" value="8388608" />
  <attribute name="Current GC Util" value="8" />
  <attribute name= "Current Time Running" value="1482" />
  <attribute name ="GC Interval" value="200" />
  <attribute name="ProportionalT" value="-12.000000" />
  <attribute name="ProportionalI" value="-12.000000" />
  <attribute name="ProportionalH" value="-12.000000" />
  <attribute name="Current Error" value="-12.000000" />
  <attribute name="IntegralT" value="-432.000000" />
  <attribute name="IntegralI" value="-432.000000" />
  <attribute name="IntegralH" value="-432.000000" />
  <attribute name="DerivativeT" value="-0.166667" />
  <attribute name="DerivativeI" value="-0.166667" />
  <attribute name="DerivativeH" value="-0.166667" />
  <attribute name="Loop Time for DT" value="36.000000" />
  <attribute name="Output H" value="2092630016"/>
  <attribute name="Output I" value="200"/>
  <attribute name="Output T" value="4"/>
  <attribute name="Target GC Util Change" value ="20.000000" />
  <attribute name="Current GC Util Change" value="8.000000"/>
  <attribute name="GC Util currently" value="8" />
  <attribute name="CPU Util currently" value="130863232814" />
<allocation-satisfied id="170" threadId="0000000001A27700" bytesRequested="8200" />
<af-end id="171" timestamp="2019-06-16T18:10:27.009" threadId="0000000001A28088" success="true" from="nursery"/>
<exclusive-end id="172" timestamp="2019-06-16T18:10:27.009" durationms="1.158" />

<exclusive-start id="173" timestamp="2019-06-16T18:10:27.032" intervalms="23.990">
  <response-info timems="0.059" idlems="0.059" threads="0" lastid="0000000001CE4D00" lastname="node-0" />
</exclusive-start>
<af-start id="174" threadId="0000000001CE5688" totalBytesRequested="24" timestamp="2019-06-16T18:10:27.032" intervalms="24.088" type="nursery" />
<cycle-start id="175" type="scavenge" contextid="0" timestamp="2019-06-16T18:10:27.032" intervalms="24.136" />
<gc-start id="176" type="scavenge" contextid="175" timestamp="2019-06-16T18:10:27.033">
  <mem-info id="177" free="4510736" total="8388608" percent="53">
    <mem type="nursery" free="0" total="2097152" percent="0">
      <mem type="allocate" free="0" total="1310720" percent="0" />
      <mem type="survivor" free="0" total="786432" percent="0" />
    </mem>
    <mem type="tenure" free="4510736" total="6291456" percent="71">
      <mem type="soa" free="4196368" total="5977088" percent="70" />
      <mem type="loa" free="314368" total="314368" percent="100" />
    </mem>
    <remembered-set count="577" />
  </mem-info>
</gc-start>
<allocation-stats totalBytes="967720" >
  <allocated-bytes non-tlh="13120" tlh="954600" />
  <largest-consumer threadName="main" threadId="0000000001A27700" bytes="967720" />
</allocation-stats>
<gc-op id="178" type="scavenge" timems="0.794" contextid="175" timestamp="2019-06-16T18:10:27.034">
  <scavenger-info tenureage="4" tenuremask="fff0" tiltratio="62" />
  <memory-copied type="nursery" objects="12373" bytes="728432" bytesdiscarded="57888" />
</gc-op>
<gc-end id="179" type="scavenge" contextid="175" durationms="1.150" usertimems="4.000" systemtimems="0.000" timestamp="2019-06-16T18:10:27.034" activeThreads="4">
  <mem-info id="180" free="4772880" total="8388608" percent="56">
    <mem type="nursery" free="262144" total="2097152" percent="12">
      <mem type="allocate" free="262144" total="1048576" percent="25" />
      <mem type="survivor" free="0" total="1048576" percent="0" />
    </mem>
    <mem type="tenure" free="4510736" total="6291456" percent="71">
      <mem type="soa" free="4196368" total="5977088" percent="70" />
      <mem type="loa" free="314368" total="314368" percent="100" />
    </mem>
    <remembered-set count="493" />
  </mem-info>
</gc-end>
<cycle-end id="181" type="scavenge" contextid="175" timestamp="2019-06-16T18:10:27.034" />
  <attribute name="elasticGC enabled" value="1" />
  <attribute name= "numThreadsSpecified" value="4" />
  <attribute name="heapSize specified" value="8388608" />
  <attribute name="Current GC Util" value="4" />
  <attribute name= "Current Time Running" value="1506" />
  <attribute name ="GC Interval" value="200" />
  <attribute name="ProportionalT" value="-16.000000" />
  <attribute name="ProportionalI" value="-16.000000" />
  <attribute name="ProportionalH" value="-16.000000" />
  <attribute name="Current Error" value="-16.000000" />
  <attribute name="IntegralT" value="-384.000000" />
  <attribute name="IntegralI" value="-384.000000" />
  <attribute name="IntegralH" value="-384.000000" />
  <attribute name="DerivativeT" value="-0.333333" />
  <attribute name="DerivativeI" value="-0.333333" />
  <attribute name="DerivativeH" value="-0.333333" />
  <attribute name="Loop Time for DT" value="24.000000" />
  <attribute name="Output H" value="2092630016"/>
  <attribute name="Output I" value="200"/>
  <attribute name="Output T" value="4"/>
  <attribute name="Target GC Util Change" value ="20.000000" />
  <attribute name="Current GC Util Change" value="4.000000"/>
  <attribute name="GC Util currently" value="4" />
  <attribute name="CPU Util currently" value="189990776578" />
<allocation-satisfied id="182" threadId="0000000001CE4D00" bytesRequested="24" />
<af-end id="183" timestamp="2019-06-16T18:10:27.034" threadId="0000000001CE5688" success="true" from="nursery"/>
<exclusive-end id="184" timestamp="2019-06-16T18:10:27.034" durationms="1.915" />

<exclusive-start id="185" timestamp="2019-06-16T18:10:27.263" intervalms="230.788">
  <response-info timems="0.025" idlems="0.025" threads="0" lastid="0000000001CF4100" lastname="node-1" />
</exclusive-start>
<af-start id="186" threadId="0000000001CF4A88" totalBytesRequested="32" timestamp="2019-06-16T18:10:27.263" intervalms="231.009" type="nursery" />
<cycle-start id="187" type="scavenge" contextid="0" timestamp="2019-06-16T18:10:27.263" intervalms="231.007" />
<gc-start id="188" type="scavenge" contextid="187" timestamp="2019-06-16T18:10:27.264">
  <mem-info id="189" free="4509600" total="8388608" percent="53">
    <mem type="nursery" free="0" total="2097152" percent="0">
      <mem type="allocate" free="0" total="1048576" percent="0" />
      <mem type="survivor" free="0" total="1048576" percent="0" />
    </mem>
    <mem type="tenure" free="4509600" total="6291456" percent="71">
      <mem type="soa" free="4195232" total="5977088" percent="70" />
      <mem type="loa" free="314368" total="314368" percent="100" />
    </mem>
    <remembered-set count="518" />
  </mem-info>
</gc-start>
<allocation-stats totalBytes="262104" >
  <allocated-bytes non-tlh="1160" tlh="260944" />
  <largest-consumer threadName="node-0" threadId="0000000001CE4D00" bytes="111040" />
</allocation-stats>
<gc-op id="190" type="scavenge" timems="0.904" contextid="187" timestamp="2019-06-16T18:10:27.265">
  <scavenger-info tenureage="2" tenuremask="fffc" tiltratio="50" />
  <memory-copied type="nursery" objects="11097" bytes="621376" bytesdiscarded="54688" />
  <memory-copied type="tenure" objects="3208" bytes="154648" bytesdiscarded="40" />
  <references type="weak" candidates="2" cleared="2" enqueued="2" />
</gc-op>
<gc-end id="191" type="scavenge" contextid="187" durationms="1.252" usertimems="0.000" systemtimems="0.000" timestamp="2019-06-16T18:10:27.265" activeThreads="4">
  <mem-info id="192" free="4580200" total="8388608" percent="54">
    <mem type="nursery" free="372424" total="2097152" percent="17">
      <mem type="allocate" free="372424" total="1048576" percent="35" />
      <mem type="survivor" free="0" total="1048576" percent="0" />
    </mem>
    <mem type="tenure" free="4207776" total="6291456" percent="66">
      <mem type="soa" free="3893408" total="5977088" percent="65" />
      <mem type="loa" free="314368" total="314368" percent="100" />
    </mem>
    <pending-finalizers system="0" default="0" reference="2" classloader="0" />
    <remembered-set count="172" />
  </mem-info>
</gc-end>
<cycle-end id="193" type="scavenge" contextid="187" timestamp="2019-06-16T18:10:27.265" />
  <attribute name="elasticGC enabled" value="1" />
  <attribute name= "numThreadsSpecified" value="4" />
  <attribute name="heapSize specified" value="8388608" />
  <attribute name="Current GC Util" value="0" />
  <attribute name= "Current Time Running" value="1737" />
  <attribute name ="GC Interval" value="200" />
  <attribute name="ProportionalT" value="-20.000000" />
  <attribute name="ProportionalI" value="-20.000000" />
  <attribute name="ProportionalH" value="-20.000000" />
  <attribute name="Current Error" value="-20.000000" />
  <attribute name="IntegralT" value="-4620.000000" />
  <attribute name="IntegralI" value="-4620.000000" />
  <attribute name="IntegralH" value="-4620.000000" />
  <attribute name="DerivativeT" value="-0.043290" />
  <attribute name="DerivativeI" value="-0.043290" />
  <attribute name="DerivativeH" value="-0.043290" />
  <attribute name="Loop Time for DT" value="231.000000" />
  <attribute name="Output H" value="2092630016"/>
  <attribute name="Output I" value="200"/>
  <attribute name="Output T" value="4"/>
  <attribute name="Target GC Util Change" value ="20.000000" />
  <attribute name="Current GC Util Change" value="0.000000"/>
  <attribute name="GC Util currently" value="0" />
  <attribute name="CPU Util currently" value="31" />
<allocation-satisfied id="194" threadId="0000000001CF4100" bytesRequested="32" />
<af-end id="195" timestamp="2019-06-16T18:10:27.265" threadId="0000000001CF4A88" success="true" from="nursery"/>
<exclusive-end id="196" timestamp="2019-06-16T18:10:27.265" durationms="2.305" />

<exclusive-start id="197" timestamp="2019-06-16T18:10:27.501" intervalms="238.383">
  <response-info timems="0.025" idlems="0.025" threads="0" lastid="0000000001CEC500" lastname="node-4" />
</exclusive-start>
<af-start id="198" threadId="0000000001CECE88" totalBytesRequested="24" timestamp="2019-06-16T18:10:27.501" intervalms="238.072" type="nursery" />
<cycle-start id="199" type="scavenge" contextid="0" timestamp="2019-06-16T18:10:27.501" intervalms="238.070" />
<gc-start id="200" type="scavenge" contextid="199" timestamp="2019-06-16T18:10:27.502">
  <mem-info id="201" free="4207776" total="8388608" percent="50">
    <mem type="nursery" free="0" total="2097152" percent="0">
      <mem type="allocate" free="0" total="1048576" percent="0" />
      <mem type="survivor" free="0" total="1048576" percent="0" />
    </mem>
    <mem type="tenure" free="4207776" total="6291456" percent="66">
      <mem type="soa" free="3893408" total="5977088" percent="65" />
      <mem type="loa" free="314368" total="314368" percent="100" />
    </mem>
    <remembered-set count="172" />
  </mem-info>
</gc-start>
<allocation-stats totalBytes="372240" >
  <allocated-bytes non-tlh="32" tlh="372208" />
  <largest-consumer threadName="node-2" threadId="0000000001CE1100" bytes="110536" />
</allocation-stats>
<gc-op id="202" type="scavenge" timems="2.986" contextid="199" timestamp="2019-06-16T18:10:27.505">
  <scavenger-info tenureage="2" tenuremask="fffc" tiltratio="50" />
  <memory-copied type="nursery" objects="4793" bytes="115864" bytesdiscarded="1640" />
  <memory-copied type="tenure" objects="9156" bytes="573456" bytesdiscarded="288" />
</gc-op>
<gc-end id="203" type="scavenge" contextid="199" durationms="3.454" usertimems="0.000" systemtimems="0.000" timestamp="2019-06-16T18:10:27.505" activeThreads="4">
  <mem-info id="204" free="4577448" total="8388608" percent="54">
    <mem type="nursery" free="931072" total="2097152" percent="44">
      <mem type="allocate" free="931072" total="1048576" percent="88" />
      <mem type="survivor" free="0" total="1048576" percent="0" />
    </mem>
    <mem type="tenure" free="3646376" total="6291456" percent="57">
      <mem type="soa" free="3332008" total="5977088" percent="55" />
      <mem type="loa" free="314368" total="314368" percent="100" />
    </mem>
    <remembered-set count="130" />
  </mem-info>
</gc-end>
<cycle-end id="205" type="scavenge" contextid="199" timestamp="2019-06-16T18:10:27.505" />
  <attribute name="elasticGC enabled" value="1" />
  <attribute name= "numThreadsSpecified" value="4" />
  <attribute name="heapSize specified" value="8388608" />
  <attribute name="Current GC Util" value="0" />
  <attribute name= "Current Time Running" value="1975" />
  <attribute name ="GC Interval" value="200" />
  <attribute name="ProportionalT" value="-20.000000" />
  <attribute name="ProportionalI" value="-20.000000" />
  <attribute name="ProportionalH" value="-20.000000" />
  <attribute name="Current Error" value="-20.000000" />
  <attribute name="IntegralT" value="-4760.000000" />
  <attribute name="IntegralI" value="-4760.000000" />
  <attribute name="IntegralH" value="-4760.000000" />
  <attribute name="DerivativeT" value="-0.042017" />
  <attribute name="DerivativeI" value="-0.042017" />
  <attribute name="DerivativeH" value="-0.042017" />
  <attribute name="Loop Time for DT" value="238.000000" />
  <attribute name="Output H" value="2092630016"/>
  <attribute name="Output I" value="200"/>
  <attribute name="Output T" value="4"/>
  <attribute name="Target GC Util Change" value ="20.000000" />
  <attribute name="Current GC Util Change" value="0.000000"/>
  <attribute name="GC Util currently" value="0" />
  <attribute name="CPU Util currently" value="22" />
<allocation-satisfied id="206" threadId="0000000001CEC500" bytesRequested="24" />
<af-end id="207" timestamp="2019-06-16T18:10:27.506" threadId="0000000001CECE88" success="true" from="nursery"/>
<exclusive-end id="208" timestamp="2019-06-16T18:10:27.506" durationms="4.329" />

<exclusive-start id="209" timestamp="2019-06-16T18:10:27.956" intervalms="454.297">
  <response-info timems="0.034" idlems="0.034" threads="0" lastid="0000000001CDD500" lastname="node-5" />
</exclusive-start>
<af-start id="210" threadId="0000000001CDDE88" totalBytesRequested="136" timestamp="2019-06-16T18:10:27.956" intervalms="454.296" type="nursery" />
<cycle-start id="211" type="scavenge" contextid="0" timestamp="2019-06-16T18:10:27.956" intervalms="454.299" />
<gc-start id="212" type="scavenge" contextid="211" timestamp="2019-06-16T18:10:27.956">
  <mem-info id="213" free="3646376" total="8388608" percent="43">
    <mem type="nursery" free="0" total="2097152" percent="0">
      <mem type="allocate" free="0" total="1048576" percent="0" />
      <mem type="survivor" free="0" total="1048576" percent="0" />
    </mem>
    <mem type="tenure" free="3646376" total="6291456" percent="57">
      <mem type="soa" free="3332008" total="5977088" percent="55" />
      <mem type="loa" free="314368" total="314368" percent="100" />
    </mem>
    <remembered-set count="141" />
  </mem-info>
</gc-start>
<allocation-stats totalBytes="930520" >
  <allocated-bytes non-tlh="24" tlh="930496" />
  <largest-consumer threadName="node-4" threadId="0000000001CEC500" bytes="180144" />
</allocation-stats>
<gc-op id="214" type="scavenge" timems="2.137" contextid="211" timestamp="2019-06-16T18:10:27.958">
  <scavenger-info tenureage="3" tenuremask="fff8" tiltratio="50" />
  <memory-copied type="nursery" objects="8362" bytes="202424" bytesdiscarded="85576" />
</gc-op>
<gc-end id="215" type="scavenge" contextid="211" durationms="2.571" usertimems="0.000" systemtimems="0.000" timestamp="2019-06-16T18:10:27.958" activeThreads="4">
  <mem-info id="216" free="4472488" total="8388608" percent="53">
    <mem type="nursery" free="826112" total="2097152" percent="39">
      <mem type="allocate" free="826112" total="1114112" percent="74" />
      <mem type="survivor" free="0" total="983040" percent="0" />
    </mem>
    <mem type="tenure" free="3646376" total="6291456" percent="57">
      <mem type="soa" free="3332008" total="5977088" percent="55" />
      <mem type="loa" free="314368" total="314368" percent="100" />
    </mem>
    <remembered-set count="119" />
  </mem-info>
</gc-end>
<cycle-end id="217" type="scavenge" contextid="211" timestamp="2019-06-16T18:10:27.959" />
  <attribute name="elasticGC enabled" value="1" />
  <attribute name= "numThreadsSpecified" value="4" />
  <attribute name="heapSize specified" value="8388608" />
  <attribute name="Current GC Util" value="0" />
  <attribute name= "Current Time Running" value="2429" />
  <attribute name ="GC Interval" value="200" />
  <attribute name="ProportionalT" value="-20.000000" />
  <attribute name="ProportionalI" value="-20.000000" />
  <attribute name="ProportionalH" value="-20.000000" />
  <attribute name="Current Error" value="-20.000000" />
  <attribute name="IntegralT" value="-9080.000000" />
  <attribute name="IntegralI" value="-9080.000000" />
  <attribute name="IntegralH" value="-9080.000000" />
  <attribute name="DerivativeT" value="-0.022026" />
  <attribute name="DerivativeI" value="-0.022026" />
  <attribute name="DerivativeH" value="-0.022026" />
  <attribute name="Loop Time for DT" value="454.000000" />
  <attribute name="Output H" value="2092630016"/>
  <attribute name="Output I" value="200"/>
  <attribute name="Output T" value="4"/>
  <attribute name="Target GC Util Change" value ="20.000000" />
  <attribute name="Current GC Util Change" value="0.000000"/>
  <attribute name="GC Util currently" value="0" />
  <attribute name="CPU Util currently" value="13" />
<allocation-satisfied id="218" threadId="0000000001CDD500" bytesRequested="136" />
<af-end id="219" timestamp="2019-06-16T18:10:27.959" threadId="0000000001CDDE88" success="true" from="nursery"/>
<exclusive-end id="220" timestamp="2019-06-16T18:10:27.959" durationms="3.431" />

<exclusive-start id="221" timestamp="2019-06-16T18:10:28.376" intervalms="420.184">
  <response-info timems="0.021" idlems="0.021" threads="0" lastid="0000000001CDD500" lastname="node-5" />
</exclusive-start>
<af-start id="222" threadId="0000000001CDDE88" totalBytesRequested="368" timestamp="2019-06-16T18:10:28.376" intervalms="420.190" type="nursery" />
<cycle-start id="223" type="scavenge" contextid="0" timestamp="2019-06-16T18:10:28.376" intervalms="420.146" />
<gc-start id="224" type="scavenge" contextid="223" timestamp="2019-06-16T18:10:28.376">
  <mem-info id="225" free="3646376" total="8388608" percent="43">
    <mem type="nursery" free="0" total="2097152" percent="0">
      <mem type="allocate" free="0" total="1114112" percent="0" />
      <mem type="survivor" free="0" total="983040" percent="0" />
    </mem>
    <mem type="tenure" free="3646376" total="6291456" percent="57">
      <mem type="soa" free="3332008" total="5977088" percent="55" />
      <mem type="loa" free="314368" total="314368" percent="100" />
    </mem>
    <remembered-set count="124" />
  </mem-info>
</gc-start>
<allocation-stats totalBytes="825760" >
  <allocated-bytes non-tlh="136" tlh="825624" />
  <largest-consumer threadName="node-4" threadId="0000000001CEC500" bytes="143328" />
</allocation-stats>
<gc-op id="226" type="scavenge" timems="0.969" contextid="223" timestamp="2019-06-16T18:10:28.377">
  <scavenger-info tenureage="2" tenuremask="fffc" tiltratio="53" />
  <memory-copied type="nursery" objects="6457" bytes="157640" bytesdiscarded="77368" />
  <memory-copied type="tenure" objects="4760" bytes="115144" bytesdiscarded="0" />
</gc-op>
<gc-end id="227" type="scavenge" contextid="223" durationms="1.165" usertimems="0.000" systemtimems="0.000" timestamp="2019-06-16T18:10:28.377" activeThreads="4">
  <mem-info id="228" free="4604584" total="8388608" percent="54">
    <mem type="nursery" free="1075712" total="2097152" percent="51">
      <mem type="allocate" free="1075712" total="1310720" percent="82" />
      <mem type="survivor" free="0" total="786432" percent="0" />
    </mem>
    <mem type="tenure" free="3528872" total="6291456" percent="56">
      <mem type="soa" free="3214504" total="5977088" percent="53" />
      <mem type="loa" free="314368" total="314368" percent="100" />
    </mem>
    <remembered-set count="139" />
  </mem-info>
</gc-end>
<cycle-end id="229" type="scavenge" contextid="223" timestamp="2019-06-16T18:10:28.377" />
  <attribute name="elasticGC enabled" value="1" />
  <attribute name= "numThreadsSpecified" value="4" />
  <attribute name="heapSize specified" value="8388608" />
  <attribute name="Current GC Util" value="0" />
  <attribute name= "Current Time Running" value="2849" />
  <attribute name ="GC Interval" value="200" />
  <attribute name="ProportionalT" value="-20.000000" />
  <attribute name="ProportionalI" value="-20.000000" />
  <attribute name="ProportionalH" value="-20.000000" />
  <attribute name="Current Error" value="-20.000000" />
  <attribute name="IntegralT" value="-8400.000000" />
  <attribute name="IntegralI" value="-8400.000000" />
  <attribute name="IntegralH" value="-8400.000000" />
  <attribute name="DerivativeT" value="-0.023810" />
  <attribute name="DerivativeI" value="-0.023810" />
  <attribute name="DerivativeH" value="-0.023810" />
  <attribute name="Loop Time for DT" value="420.000000" />
  <attribute name="Output H" value="2092630016"/>
  <attribute name="Output I" value="200"/>
  <attribute name="Output T" value="4"/>
  <attribute name="Target GC Util Change" value ="20.000000" />
  <attribute name="Current GC Util Change" value="0.000000"/>
  <attribute name="GC Util currently" value="0" />
  <attribute name="CPU Util currently" value="10" />
<allocation-satisfied id="230" threadId="0000000001CDD500" bytesRequested="368" />
<af-end id="231" timestamp="2019-06-16T18:10:28.377" threadId="0000000001CDDE88" success="true" from="nursery"/>
<exclusive-end id="232" timestamp="2019-06-16T18:10:28.377" durationms="1.645" />

<exclusive-start id="233" timestamp="2019-06-16T18:10:28.923" intervalms="546.812">
  <response-info timems="0.025" idlems="0.025" threads="0" lastid="0000000001CE4D00" lastname="node-0" />
</exclusive-start>
<af-start id="234" threadId="0000000001CE5688" totalBytesRequested="16" timestamp="2019-06-16T18:10:28.923" intervalms="546.853" type="nursery" />
<cycle-start id="235" type="scavenge" contextid="0" timestamp="2019-06-16T18:10:28.923" intervalms="546.898" />
<gc-start id="236" type="scavenge" contextid="235" timestamp="2019-06-16T18:10:28.923">
  <mem-info id="237" free="3528872" total="8388608" percent="42">
    <mem type="nursery" free="0" total="2097152" percent="0">
      <mem type="allocate" free="0" total="1310720" percent="0" />
      <mem type="survivor" free="0" total="786432" percent="0" />
    </mem>
    <mem type="tenure" free="3528872" total="6291456" percent="56">
      <mem type="soa" free="3214504" total="5977088" percent="53" />
      <mem type="loa" free="314368" total="314368" percent="100" />
    </mem>
    <remembered-set count="156" />
  </mem-info>
</gc-start>
<allocation-stats totalBytes="1075312" >
  <allocated-bytes non-tlh="368" tlh="1074944" />
  <largest-consumer threadName="node-5" threadId="0000000001CDD500" bytes="184688" />
</allocation-stats>
<gc-op id="238" type="scavenge" timems="0.730" contextid="235" timestamp="2019-06-16T18:10:28.924">
  <scavenger-info tenureage="3" tenuremask="fff8" tiltratio="62" />
  <memory-copied type="nursery" objects="10957" bytes="263336" bytesdiscarded="50008" />
</gc-op>
<gc-end id="239" type="scavenge" contextid="235" durationms="1.072" usertimems="0.000" systemtimems="0.000" timestamp="2019-06-16T18:10:28.924" activeThreads="4">
  <mem-info id="240" free="4591784" total="8388608" percent="54">
    <mem type="nursery" free="1062912" total="2097152" percent="50">
      <mem type="allocate" free="1062912" total="1376256" percent="77" />
      <mem type="survivor" free="0" total="720896" percent="0" />
    </mem>
    <mem type="tenure" free="3528872" total="6291456" percent="56">
      <mem type="soa" free="3214504" total="5977088" percent="53" />
      <mem type="loa" free="314368" total="314368" percent="100" />
    </mem>
    <remembered-set count="136" />
  </mem-info>
</gc-end>
<cycle-end id="241" type="scavenge" contextid="235" timestamp="2019-06-16T18:10:28.924" />
  <attribute name="elasticGC enabled" value="1" />
  <attribute name= "numThreadsSpecified" value="4" />
  <attribute name="heapSize specified" value="8388608" />
  <attribute name="Current GC Util" value="0" />
  <attribute name= "Current Time Running" value="3396" />
  <attribute name ="GC Interval" value="200" />
  <attribute name="ProportionalT" value="-20.000000" />
  <attribute name="ProportionalI" value="-20.000000" />
  <attribute name="ProportionalH" value="-20.000000" />
  <attribute name="Current Error" value="-20.000000" />
  <attribute name="IntegralT" value="-10940.000000" />
  <attribute name="IntegralI" value="-10940.000000" />
  <attribute name="IntegralH" value="-10940.000000" />
  <attribute name="DerivativeT" value="-0.018282" />
  <attribute name="DerivativeI" value="-0.018282" />
  <attribute name="DerivativeH" value="-0.018282" />
  <attribute name="Loop Time for DT" value="547.000000" />
  <attribute name="Output H" value="2092630016"/>
  <attribute name="Output I" value="200"/>
  <attribute name="Output T" value="4"/>
  <attribute name="Target GC Util Change" value ="20.000000" />
  <attribute name="Current GC Util Change" value="0.000000"/>
  <attribute name="GC Util currently" value="0" />
  <attribute name="CPU Util currently" value="10" />
<allocation-satisfied id="242" threadId="0000000001CE4D00" bytesRequested="16" />
<af-end id="243" timestamp="2019-06-16T18:10:28.924" threadId="0000000001CE5688" success="true" from="nursery"/>
<exclusive-end id="244" timestamp="2019-06-16T18:10:28.924" durationms="1.689" />

<exclusive-start id="245" timestamp="2019-06-16T18:10:29.438" intervalms="515.026">
  <response-info timems="0.028" idlems="0.028" threads="0" lastid="0000000001CE8900" lastname="node-3" />
</exclusive-start>
<af-start id="246" threadId="0000000001CE9288" totalBytesRequested="720" timestamp="2019-06-16T18:10:29.438" intervalms="514.969" type="nursery" />
<cycle-start id="247" type="scavenge" contextid="0" timestamp="2019-06-16T18:10:29.438" intervalms="514.917" />
<gc-start id="248" type="scavenge" contextid="247" timestamp="2019-06-16T18:10:29.438">
  <mem-info id="249" free="3528872" total="8388608" percent="42">
    <mem type="nursery" free="0" total="2097152" percent="0">
      <mem type="allocate" free="0" total="1376256" percent="0" />
      <mem type="survivor" free="0" total="720896" percent="0" />
    </mem>
    <mem type="tenure" free="3528872" total="6291456" percent="56">
      <mem type="soa" free="3214504" total="5977088" percent="53" />
      <mem type="loa" free="314368" total="314368" percent="100" />
    </mem>
    <remembered-set count="154" />
  </mem-info>
</gc-start>
<allocation-stats totalBytes="1061568" >
  <allocated-bytes non-tlh="16" tlh="1061552" />
  <largest-consumer threadName="node-4" threadId="0000000001CEC500" bytes="208576" />
</allocation-stats>
<gc-op id="250" type="scavenge" timems="0.918" contextid="247" timestamp="2019-06-16T18:10:29.439">
  <scavenger-info tenureage="3" tenuremask="fff8" tiltratio="65" />
  <memory-copied type="nursery" objects="11321" bytes="273424" bytesdiscarded="39920" />
  <memory-copied type="tenure" objects="3562" bytes="85488" bytesdiscarded="0" />
</gc-op>
<gc-end id="251" type="scavenge" contextid="247" durationms="1.092" usertimems="0.000" systemtimems="0.000" timestamp="2019-06-16T18:10:29.439" activeThreads="4">
  <mem-info id="252" free="4539816" total="8388608" percent="54">
    <mem type="nursery" free="1128448" total="2097152" percent="53">
      <mem type="allocate" free="1128448" total="1441792" percent="78" />
      <mem type="survivor" free="0" total="655360" percent="0" />
    </mem>
    <mem type="tenure" free="3411368" total="6291456" percent="54">
      <mem type="soa" free="3097000" total="5977088" percent="51" />
      <mem type="loa" free="314368" total="314368" percent="100" />
    </mem>
    <remembered-set count="129" />
  </mem-info>
</gc-end>
<cycle-end id="253" type="scavenge" contextid="247" timestamp="2019-06-16T18:10:29.439" />
  <attribute name="elasticGC enabled" value="1" />
  <attribute name= "numThreadsSpecified" value="4" />
  <attribute name="heapSize specified" value="8388608" />
  <attribute name="Current GC Util" value="0" />
  <attribute name= "Current Time Running" value="3911" />
  <attribute name ="GC Interval" value="200" />
  <attribute name="ProportionalT" value="-20.000000" />
  <attribute name="ProportionalI" value="-20.000000" />
  <attribute name="ProportionalH" value="-20.000000" />
  <attribute name="Current Error" value="-20.000000" />
  <attribute name="IntegralT" value="-10300.000000" />
  <attribute name="IntegralI" value="-10300.000000" />
  <attribute name="IntegralH" value="-10300.000000" />
  <attribute name="DerivativeT" value="-0.019417" />
  <attribute name="DerivativeI" value="-0.019417" />
  <attribute name="DerivativeH" value="-0.019417" />
  <attribute name="Loop Time for DT" value="515.000000" />
  <attribute name="Output H" value="2092630016"/>
  <attribute name="Output I" value="200"/>
  <attribute name="Output T" value="4"/>
  <attribute name="Target GC Util Change" value ="20.000000" />
  <attribute name="Current GC Util Change" value="0.000000"/>
  <attribute name="GC Util currently" value="0" />
  <attribute name="CPU Util currently" value="4" />
<allocation-satisfied id="254" threadId="0000000001CE8900" bytesRequested="720" />
<af-end id="255" timestamp="2019-06-16T18:10:29.439" threadId="0000000001CE9288" success="true" from="nursery"/>
<exclusive-end id="256" timestamp="2019-06-16T18:10:29.439" durationms="1.520" />

<exclusive-start id="257" timestamp="2019-06-16T18:10:29.958" intervalms="520.128">
  <response-info timems="0.027" idlems="0.027" threads="0" lastid="0000000001CF4100" lastname="node-1" />
</exclusive-start>
<af-start id="258" threadId="0000000001CF4A88" totalBytesRequested="16" timestamp="2019-06-16T18:10:29.958" intervalms="520.133" type="nursery" />
<cycle-start id="259" type="scavenge" contextid="0" timestamp="2019-06-16T18:10:29.958" intervalms="520.132" />
<gc-start id="260" type="scavenge" contextid="259" timestamp="2019-06-16T18:10:29.958">
  <mem-info id="261" free="3411368" total="8388608" percent="40">
    <mem type="nursery" free="0" total="2097152" percent="0">
      <mem type="allocate" free="0" total="1441792" percent="0" />
      <mem type="survivor" free="0" total="655360" percent="0" />
    </mem>
    <mem type="tenure" free="3411368" total="6291456" percent="54">
      <mem type="soa" free="3097000" total="5977088" percent="51" />
      <mem type="loa" free="314368" total="314368" percent="100" />
    </mem>
    <remembered-set count="146" />
  </mem-info>
</gc-start>
<allocation-stats totalBytes="1127624" >
  <allocated-bytes non-tlh="720" tlh="1126904" />
  <largest-consumer threadName="node-2" threadId="0000000001CE1100" bytes="208880" />
</allocation-stats>
<gc-op id="262" type="scavenge" timems="0.969" contextid="259" timestamp="2019-06-16T18:10:29.959">
  <scavenger-info tenureage="3" tenuremask="fff8" tiltratio="68" />
  <memory-copied type="nursery" objects="13207" bytes="317352" bytesdiscarded="74328" />
  <memory-copied type="tenure" objects="2847" bytes="68328" bytesdiscarded="0" />
</gc-op>
<gc-end id="263" type="scavenge" contextid="259" durationms="1.138" usertimems="0.000" systemtimems="0.000" timestamp="2019-06-16T18:10:29.959" activeThreads="4">
  <mem-info id="264" free="4527016" total="8388608" percent="53">
    <mem type="nursery" free="1115648" total="2097152" percent="53">
      <mem type="allocate" free="1115648" total="1507328" percent="74" />
      <mem type="survivor" free="0" total="589824" percent="0" />
    </mem>
    <mem type="tenure" free="3411368" total="6291456" percent="54">
      <mem type="soa" free="3097000" total="5977088" percent="51" />
      <mem type="loa" free="314368" total="314368" percent="100" />
    </mem>
    <remembered-set count="120" />
  </mem-info>
</gc-end>
<cycle-end id="265" type="scavenge" contextid="259" timestamp="2019-06-16T18:10:29.959" />
  <attribute name="elasticGC enabled" value="1" />
  <attribute name= "numThreadsSpecified" value="4" />
  <attribute name="heapSize specified" value="8388608" />
  <attribute name="Current GC Util" value="0" />
  <attribute name= "Current Time Running" value="4431" />
  <attribute name ="GC Interval" value="200" />
  <attribute name="ProportionalT" value="-20.000000" />
  <attribute name="ProportionalI" value="-20.000000" />
  <attribute name="ProportionalH" value="-20.000000" />
  <attribute name="Current Error" value="-20.000000" />
  <attribute name="IntegralT" value="-10400.000000" />
  <attribute name="IntegralI" value="-10400.000000" />
  <attribute name="IntegralH" value="-10400.000000" />
  <attribute name="DerivativeT" value="-0.019231" />
  <attribute name="DerivativeI" value="-0.019231" />
  <attribute name="DerivativeH" value="-0.019231" />
  <attribute name="Loop Time for DT" value="520.000000" />
  <attribute name="Output H" value="2092630016"/>
  <attribute name="Output I" value="200"/>
  <attribute name="Output T" value="4"/>
  <attribute name="Target GC Util Change" value ="20.000000" />
  <attribute name="Current GC Util Change" value="0.000000"/>
  <attribute name="GC Util currently" value="0" />
  <attribute name="CPU Util currently" value="9" />
<allocation-satisfied id="266" threadId="0000000001CF4100" bytesRequested="16" />
<af-end id="267" timestamp="2019-06-16T18:10:29.959" threadId="0000000001CF4A88" success="true" from="nursery"/>
<exclusive-end id="268" timestamp="2019-06-16T18:10:29.959" durationms="1.543" />

<exclusive-start id="269" timestamp="2019-06-16T18:10:30.500" intervalms="541.818">
  <response-info timems="0.024" idlems="0.024" threads="0" lastid="0000000001CE8900" lastname="node-3" />
</exclusive-start>
<af-start id="270" threadId="0000000001CE9288" totalBytesRequested="24" timestamp="2019-06-16T18:10:30.500" intervalms="541.831" type="nursery" />
<cycle-start id="271" type="scavenge" contextid="0" timestamp="2019-06-16T18:10:30.500" intervalms="541.841" />
<gc-start id="272" type="scavenge" contextid="271" timestamp="2019-06-16T18:10:30.500">
  <mem-info id="273" free="3411368" total="8388608" percent="40">
    <mem type="nursery" free="0" total="2097152" percent="0">
      <mem type="allocate" free="0" total="1507328" percent="0" />
      <mem type="survivor" free="0" total="589824" percent="0" />
    </mem>
    <mem type="tenure" free="3411368" total="6291456" percent="54">
      <mem type="soa" free="3097000" total="5977088" percent="51" />
      <mem type="loa" free="314368" total="314368" percent="100" />
    </mem>
    <remembered-set count="140" />
  </mem-info>
</gc-start>
<allocation-stats totalBytes="1114328" >
  <allocated-bytes non-tlh="16" tlh="1114312" />
  <largest-consumer threadName="node-4" threadId="0000000001CEC500" bytes="208656" />
</allocation-stats>
<gc-op id="274" type="scavenge" timems="2.555" contextid="271" timestamp="2019-06-16T18:10:30.502">
  <scavenger-info tenureage="3" tenuremask="fff8" tiltratio="71" />
  <memory-copied type="nursery" objects="12794" bytes="306816" bytesdiscarded="95616" />
  <memory-copied type="tenure" objects="4510" bytes="108240" bytesdiscarded="8" />
</gc-op>
<gc-end id="275" type="scavenge" contextid="271" durationms="2.963" usertimems="0.000" systemtimems="4.000" timestamp="2019-06-16T18:10:30.503" activeThreads="4">
  <mem-info id="276" free="4368040" total="8388608" percent="52">
    <mem type="nursery" free="1104896" total="2097152" percent="52">
      <mem type="allocate" free="1104896" total="1507328" percent="73" />
      <mem type="survivor" free="0" total="589824" percent="0" />
    </mem>
    <mem type="tenure" free="3263144" total="6291456" percent="51">
      <mem type="soa" free="2948776" total="5977088" percent="49" />
      <mem type="loa" free="314368" total="314368" percent="100" />
    </mem>
    <remembered-set count="119" />
  </mem-info>
</gc-end>
<cycle-end id="277" type="scavenge" contextid="271" timestamp="2019-06-16T18:10:30.503" />
  <attribute name="elasticGC enabled" value="1" />
  <attribute name= "numThreadsSpecified" value="4" />
  <attribute name="heapSize specified" value="8388608" />
  <attribute name="Current GC Util" value="0" />
  <attribute name= "Current Time Running" value="4973" />
  <attribute name ="GC Interval" value="200" />
  <attribute name="ProportionalT" value="-20.000000" />
  <attribute name="ProportionalI" value="-20.000000" />
  <attribute name="ProportionalH" value="-20.000000" />
  <attribute name="Current Error" value="-20.000000" />
  <attribute name="IntegralT" value="-10840.000000" />
  <attribute name="IntegralI" value="-10840.000000" />
  <attribute name="IntegralH" value="-10840.000000" />
  <attribute name="DerivativeT" value="-0.018450" />
  <attribute name="DerivativeI" value="-0.018450" />
  <attribute name="DerivativeH" value="-0.018450" />
  <attribute name="Loop Time for DT" value="542.000000" />
  <attribute name="Output H" value="2092630016"/>
  <attribute name="Output I" value="200"/>
  <attribute name="Output T" value="4"/>
  <attribute name="Target GC Util Change" value ="20.000000" />
  <attribute name="Current GC Util Change" value="0.000000"/>
  <attribute name="GC Util currently" value="0" />
  <attribute name="CPU Util currently" value="4" />
<allocation-satisfied id="278" threadId="0000000001CE8900" bytesRequested="24" />
<af-end id="279" timestamp="2019-06-16T18:10:30.503" threadId="0000000001CE9288" success="true" from="nursery"/>
<exclusive-end id="280" timestamp="2019-06-16T18:10:30.503" durationms="3.687" />

<exclusive-start id="281" timestamp="2019-06-16T18:10:31.059" intervalms="559.028">
  <response-info timems="0.069" idlems="0.069" threads="0" lastid="0000000001CE8900" lastname="node-3" />
</exclusive-start>
<af-start id="282" threadId="0000000001CE9288" totalBytesRequested="24" timestamp="2019-06-16T18:10:31.059" intervalms="559.019" type="nursery" />
<cycle-start id="283" type="scavenge" contextid="0" timestamp="2019-06-16T18:10:31.059" intervalms="559.026" />
<gc-start id="284" type="scavenge" contextid="283" timestamp="2019-06-16T18:10:31.059">
  <mem-info id="285" free="3263144" total="8388608" percent="38">
    <mem type="nursery" free="0" total="2097152" percent="0">
      <mem type="allocate" free="0" total="1507328" percent="0" />
      <mem type="survivor" free="0" total="589824" percent="0" />
    </mem>
    <mem type="tenure" free="3263144" total="6291456" percent="51">
      <mem type="soa" free="2948776" total="5977088" percent="49" />
      <mem type="loa" free="314368" total="314368" percent="100" />
    </mem>
    <remembered-set count="142" />
  </mem-info>
</gc-start>
<allocation-stats totalBytes="1104504" >
  <allocated-bytes non-tlh="24" tlh="1104480" />
  <largest-consumer threadName="node-4" threadId="0000000001CEC500" bytes="208840" />
</allocation-stats>
<gc-op id="286" type="scavenge" timems="1.118" contextid="283" timestamp="2019-06-16T18:10:31.060">
  <scavenger-info tenureage="3" tenuremask="fff8" tiltratio="71" />
  <memory-copied type="nursery" objects="13268" bytes="318192" bytesdiscarded="34320" />
  <memory-copied type="tenure" objects="3916" bytes="93984" bytesdiscarded="0" />
</gc-op>
<gc-end id="287" type="scavenge" contextid="283" durationms="1.561" usertimems="4.000" systemtimems="0.000" timestamp="2019-06-16T18:10:31.060" activeThreads="4">
  <mem-info id="288" free="4405160" total="8388608" percent="52">
    <mem type="nursery" free="1220352" total="2097152" percent="58">
      <mem type="allocate" free="1220352" total="1572864" percent="77" />
      <mem type="survivor" free="0" total="524288" percent="0" />
    </mem>
    <mem type="tenure" free="3184808" total="6291456" percent="50">
      <mem type="soa" free="2870440" total="5977088" percent="48" />
      <mem type="loa" free="314368" total="314368" percent="100" />
    </mem>
    <remembered-set count="117" />
  </mem-info>
</gc-end>
<cycle-end id="289" type="scavenge" contextid="283" timestamp="2019-06-16T18:10:31.061" />
  <attribute name="elasticGC enabled" value="1" />
  <attribute name= "numThreadsSpecified" value="4" />
  <attribute name="heapSize specified" value="8388608" />
  <attribute name="Current GC Util" value="0" />
  <attribute name= "Current Time Running" value="5532" />
  <attribute name ="GC Interval" value="200" />
  <attribute name="ProportionalT" value="-20.000000" />
  <attribute name="ProportionalI" value="-20.000000" />
  <attribute name="ProportionalH" value="-20.000000" />
  <attribute name="Current Error" value="-20.000000" />
  <attribute name="IntegralT" value="-11180.000000" />
  <attribute name="IntegralI" value="-11180.000000" />
  <attribute name="IntegralH" value="-11180.000000" />
  <attribute name="DerivativeT" value="-0.017889" />
  <attribute name="DerivativeI" value="-0.017889" />
  <attribute name="DerivativeH" value="-0.017889" />
  <attribute name="Loop Time for DT" value="559.000000" />
  <attribute name="Output H" value="2092630016"/>
  <attribute name="Output I" value="200"/>
  <attribute name="Output T" value="4"/>
  <attribute name="Target GC Util Change" value ="20.000000" />
  <attribute name="Current GC Util Change" value="0.000000"/>
  <attribute name="GC Util currently" value="0" />
  <attribute name="CPU Util currently" value="8" />
<allocation-satisfied id="290" threadId="0000000001CE8900" bytesRequested="24" />
<af-end id="291" timestamp="2019-06-16T18:10:31.061" threadId="0000000001CE9288" success="true" from="nursery"/>
<exclusive-end id="292" timestamp="2019-06-16T18:10:31.061" durationms="2.292" />

<exclusive-start id="293" timestamp="2019-06-16T18:10:31.610" intervalms="551.808">
  <response-info timems="0.023" idlems="0.023" threads="0" lastid="0000000001CE8900" lastname="node-3" />
</exclusive-start>
<af-start id="294" threadId="0000000001CE9288" totalBytesRequested="32" timestamp="2019-06-16T18:10:31.610" intervalms="551.806" type="nursery" />
<cycle-start id="295" type="scavenge" contextid="0" timestamp="2019-06-16T18:10:31.611" intervalms="551.797" />
<gc-start id="296" type="scavenge" contextid="295" timestamp="2019-06-16T18:10:31.611">
  <mem-info id="297" free="3184808" total="8388608" percent="37">
    <mem type="nursery" free="0" total="2097152" percent="0">
      <mem type="allocate" free="0" total="1572864" percent="0" />
      <mem type="survivor" free="0" total="524288" percent="0" />
    </mem>
    <mem type="tenure" free="3184808" total="6291456" percent="50">
      <mem type="soa" free="2870440" total="5977088" percent="48" />
      <mem type="loa" free="314368" total="314368" percent="100" />
    </mem>
    <remembered-set count="140" />
  </mem-info>
</gc-start>
<allocation-stats totalBytes="1219336" >
  <allocated-bytes non-tlh="24" tlh="1219312" />
  <largest-consumer threadName="node-5" threadId="0000000001CDD500" bytes="208864" />
</allocation-stats>
<gc-op id="298" type="scavenge" timems="1.114" contextid="295" timestamp="2019-06-16T18:10:31.612">
  <scavenger-info tenureage="2" tenuremask="fffc" tiltratio="75" />
  <memory-copied type="nursery" objects="9181" bytes="220104" bytesdiscarded="14904" />
  <memory-copied type="tenure" objects="8848" bytes="212352" bytesdiscarded="0" />
</gc-op>
<gc-end id="299" type="scavenge" contextid="295" durationms="1.375" usertimems="0.000" systemtimems="0.000" timestamp="2019-06-16T18:10:31.612" activeThreads="4">
  <mem-info id="300" free="4287656" total="8388608" percent="51">
    <mem type="nursery" free="1337856" total="2097152" percent="63">
      <mem type="allocate" free="1337856" total="1572864" percent="85" />
      <mem type="survivor" free="0" total="524288" percent="0" />
    </mem>
    <mem type="tenure" free="2949800" total="6291456" percent="46">
      <mem type="soa" free="2635432" total="5977088" percent="44" />
      <mem type="loa" free="314368" total="314368" percent="100" />
    </mem>
    <remembered-set count="117" />
  </mem-info>
</gc-end>
<cycle-end id="301" type="scavenge" contextid="295" timestamp="2019-06-16T18:10:31.612" />
  <attribute name="elasticGC enabled" value="1" />
  <attribute name= "numThreadsSpecified" value="4" />
  <attribute name="heapSize specified" value="8388608" />
  <attribute name="Current GC Util" value="0" />
  <attribute name= "Current Time Running" value="6084" />
  <attribute name ="GC Interval" value="200" />
  <attribute name="ProportionalT" value="-20.000000" />
  <attribute name="ProportionalI" value="-20.000000" />
  <attribute name="ProportionalH" value="-20.000000" />
  <attribute name="Current Error" value="-20.000000" />
  <attribute name="IntegralT" value="-11040.000000" />
  <attribute name="IntegralI" value="-11040.000000" />
  <attribute name="IntegralH" value="-11040.000000" />
  <attribute name="DerivativeT" value="-0.018116" />
  <attribute name="DerivativeI" value="-0.018116" />
  <attribute name="DerivativeH" value="-0.018116" />
  <attribute name="Loop Time for DT" value="552.000000" />
  <attribute name="Output H" value="2092630016"/>
  <attribute name="Output I" value="200"/>
  <attribute name="Output T" value="4"/>
  <attribute name="Target GC Util Change" value ="20.000000" />
  <attribute name="Current GC Util Change" value="0.000000"/>
  <attribute name="GC Util currently" value="0" />
  <attribute name="CPU Util currently" value="3" />
<allocation-satisfied id="302" threadId="0000000001CE8900" bytesRequested="32" />
<af-end id="303" timestamp="2019-06-16T18:10:31.612" threadId="0000000001CE9288" success="true" from="nursery"/>
<exclusive-end id="304" timestamp="2019-06-16T18:10:31.612" durationms="2.100" />

<exclusive-start id="305" timestamp="2019-06-16T18:10:32.174" intervalms="563.504">
  <response-info timems="0.020" idlems="0.020" threads="0" lastid="0000000001CE1100" lastname="node-2" />
</exclusive-start>
<af-start id="306" threadId="0000000001CE1A88" totalBytesRequested="32" timestamp="2019-06-16T18:10:32.174" intervalms="563.498" type="nursery" />
<cycle-start id="307" type="scavenge" contextid="0" timestamp="2019-06-16T18:10:32.174" intervalms="563.492" />
<gc-start id="308" type="scavenge" contextid="307" timestamp="2019-06-16T18:10:32.174">
  <mem-info id="309" free="2949800" total="8388608" percent="35">
    <mem type="nursery" free="0" total="2097152" percent="0">
      <mem type="allocate" free="0" total="1572864" percent="0" />
      <mem type="survivor" free="0" total="524288" percent="0" />
    </mem>
    <mem type="tenure" free="2949800" total="6291456" percent="46">
      <mem type="soa" free="2635432" total="5977088" percent="44" />
      <mem type="loa" free="314368" total="314368" percent="100" />
    </mem>
    <remembered-set count="140" />
  </mem-info>
</gc-start>
<allocation-stats totalBytes="1337312" >
  <allocated-bytes non-tlh="32" tlh="1337280" />
  <largest-consumer threadName="node-4" threadId="0000000001CEC500" bytes="258016" />
</allocation-stats>
<gc-op id="310" type="scavenge" timems="2.475" contextid="307" timestamp="2019-06-16T18:10:32.177">
  <scavenger-info tenureage="2" tenuremask="fffc" tiltratio="75" />
  <memory-copied type="nursery" objects="10697" bytes="256488" bytesdiscarded="84504" />
  <memory-copied type="tenure" objects="4390" bytes="105360" bytesdiscarded="0" />
</gc-op>
<gc-end id="311" type="scavenge" contextid="307" durationms="2.835" usertimems="4.000" systemtimems="0.000" timestamp="2019-06-16T18:10:32.177" activeThreads="4">
  <mem-info id="312" free="4168872" total="8388608" percent="49">
    <mem type="nursery" free="1297408" total="2097152" percent="61">
      <mem type="allocate" free="1297408" total="1638400" percent="79" />
      <mem type="survivor" free="0" total="458752" percent="0" />
    </mem>
    <mem type="tenure" free="2871464" total="6291456" percent="45">
      <mem type="soa" free="2557096" total="5977088" percent="42" />
      <mem type="loa" free="314368" total="314368" percent="100" />
    </mem>
    <remembered-set count="118" />
  </mem-info>
</gc-end>
<cycle-end id="313" type="scavenge" contextid="307" timestamp="2019-06-16T18:10:32.177" />
  <attribute name="elasticGC enabled" value="1" />
  <attribute name= "numThreadsSpecified" value="4" />
  <attribute name="heapSize specified" value="8388608" />
  <attribute name="Current GC Util" value="0" />
  <attribute name= "Current Time Running" value="6647" />
  <attribute name ="GC Interval" value="200" />
  <attribute name="ProportionalT" value="-20.000000" />
  <attribute name="ProportionalI" value="-20.000000" />
  <attribute name="ProportionalH" value="-20.000000" />
  <attribute name="Current Error" value="-20.000000" />
  <attribute name="IntegralT" value="-11260.000000" />
  <attribute name="IntegralI" value="-11260.000000" />
  <attribute name="IntegralH" value="-11260.000000" />
  <attribute name="DerivativeT" value="-0.017762" />
  <attribute name="DerivativeI" value="-0.017762" />
  <attribute name="DerivativeH" value="-0.017762" />
  <attribute name="Loop Time for DT" value="563.000000" />
  <attribute name="Output H" value="2092630016"/>
  <attribute name="Output I" value="200"/>
  <attribute name="Output T" value="4"/>
  <attribute name="Target GC Util Change" value ="20.000000" />
  <attribute name="Current GC Util Change" value="0.000000"/>
  <attribute name="GC Util currently" value="0" />
  <attribute name="CPU Util currently" value="4" />
<allocation-satisfied id="314" threadId="0000000001CE1100" bytesRequested="32" />
<af-end id="315" timestamp="2019-06-16T18:10:32.177" threadId="0000000001CE1A88" success="true" from="nursery"/>
<exclusive-end id="316" timestamp="2019-06-16T18:10:32.177" durationms="3.594" />

<exclusive-start id="317" timestamp="2019-06-16T18:10:32.767" intervalms="593.168">
  <response-info timems="0.024" idlems="0.024" threads="0" lastid="0000000001CE1100" lastname="node-2" />
</exclusive-start>
<af-start id="318" threadId="0000000001CE1A88" totalBytesRequested="32" timestamp="2019-06-16T18:10:32.767" intervalms="593.153" type="nursery" />
<cycle-start id="319" type="scavenge" contextid="0" timestamp="2019-06-16T18:10:32.767" intervalms="593.167" />
<gc-start id="320" type="scavenge" contextid="319" timestamp="2019-06-16T18:10:32.767">
  <mem-info id="321" free="2871464" total="8388608" percent="34">
    <mem type="nursery" free="0" total="2097152" percent="0">
      <mem type="allocate" free="0" total="1638400" percent="0" />
      <mem type="survivor" free="0" total="458752" percent="0" />
    </mem>
    <mem type="tenure" free="2871464" total="6291456" percent="45">
      <mem type="soa" free="2557096" total="5977088" percent="42" />
      <mem type="loa" free="314368" total="314368" percent="100" />
    </mem>
    <remembered-set count="141" />
  </mem-info>
</gc-start>
<allocation-stats totalBytes="1296960" >
  <allocated-bytes non-tlh="32" tlh="1296928" />
  <largest-consumer threadName="node-5" threadId="0000000001CDD500" bytes="233408" />
</allocation-stats>
<gc-op id="322" type="scavenge" timems="2.576" contextid="319" timestamp="2019-06-16T18:10:32.770">
  <scavenger-info tenureage="2" tenuremask="fffc" tiltratio="78" />
  <memory-copied type="nursery" objects="11397" bytes="274472" bytesdiscarded="66520" />
  <memory-copied type="tenure" objects="4761" bytes="114264" bytesdiscarded="16" />
</gc-op>
<gc-end id="323" type="scavenge" contextid="319" durationms="2.935" usertimems="4.000" systemtimems="0.000" timestamp="2019-06-16T18:10:32.770" activeThreads="4">
  <mem-info id="324" free="4090536" total="8388608" percent="48">
    <mem type="nursery" free="1297408" total="2097152" percent="61">
      <mem type="allocate" free="1297408" total="1638400" percent="79" />
      <mem type="survivor" free="0" total="458752" percent="0" />
    </mem>
    <mem type="tenure" free="2793128" total="6291456" percent="44">
      <mem type="soa" free="2478760" total="5977088" percent="41" />
      <mem type="loa" free="314368" total="314368" percent="100" />
    </mem>
    <remembered-set count="125" />
  </mem-info>
</gc-end>
<cycle-end id="325" type="scavenge" contextid="319" timestamp="2019-06-16T18:10:32.770" />
  <attribute name="elasticGC enabled" value="1" />
  <attribute name= "numThreadsSpecified" value="4" />
  <attribute name="heapSize specified" value="8388608" />
  <attribute name="Current GC Util" value="0" />
  <attribute name= "Current Time Running" value="7241" />
  <attribute name ="GC Interval" value="200" />
  <attribute name="ProportionalT" value="-20.000000" />
  <attribute name="ProportionalI" value="-20.000000" />
  <attribute name="ProportionalH" value="-20.000000" />
  <attribute name="Current Error" value="-20.000000" />
  <attribute name="IntegralT" value="-11880.000000" />
  <attribute name="IntegralI" value="-11880.000000" />
  <attribute name="IntegralH" value="-11880.000000" />
  <attribute name="DerivativeT" value="-0.016835" />
  <attribute name="DerivativeI" value="-0.016835" />
  <attribute name="DerivativeH" value="-0.016835" />
  <attribute name="Loop Time for DT" value="594.000000" />
  <attribute name="Output H" value="2092630016"/>
  <attribute name="Output I" value="200"/>
  <attribute name="Output T" value="4"/>
  <attribute name="Target GC Util Change" value ="20.000000" />
  <attribute name="Current GC Util Change" value="0.000000"/>
  <attribute name="GC Util currently" value="0" />
  <attribute name="CPU Util currently" value="6" />
<allocation-satisfied id="326" threadId="0000000001CE1100" bytesRequested="32" />
<af-end id="327" timestamp="2019-06-16T18:10:32.771" threadId="0000000001CE1A88" success="true" from="nursery"/>
<exclusive-end id="328" timestamp="2019-06-16T18:10:32.771" durationms="3.636" />

<exclusive-start id="329" timestamp="2019-06-16T18:10:33.380" intervalms="613.346">
  <response-info timems="0.025" idlems="0.025" threads="0" lastid="0000000001CE4D00" lastname="node-0" />
</exclusive-start>
<af-start id="330" threadId="0000000001CE5688" totalBytesRequested="32" timestamp="2019-06-16T18:10:33.381" intervalms="613.370" type="nursery" />
<cycle-start id="331" type="scavenge" contextid="0" timestamp="2019-06-16T18:10:33.381" intervalms="613.422" />
<gc-start id="332" type="scavenge" contextid="331" timestamp="2019-06-16T18:10:33.381">
  <mem-info id="333" free="2793128" total="8388608" percent="33">
    <mem type="nursery" free="0" total="2097152" percent="0">
      <mem type="allocate" free="0" total="1638400" percent="0" />
      <mem type="survivor" free="0" total="458752" percent="0" />
    </mem>
    <mem type="tenure" free="2793128" total="6291456" percent="44">
      <mem type="soa" free="2478760" total="5977088" percent="41" />
      <mem type="loa" free="314368" total="314368" percent="100" />
    </mem>
    <remembered-set count="140" />
  </mem-info>
</gc-start>
<allocation-stats totalBytes="1297144" >
  <allocated-bytes non-tlh="32" tlh="1297112" />
  <largest-consumer threadName="node-5" threadId="0000000001CDD500" bytes="233472" />
</allocation-stats>
<gc-op id="334" type="scavenge" timems="1.098" contextid="331" timestamp="2019-06-16T18:10:33.382">
  <scavenger-info tenureage="2" tenuremask="7ffc" tiltratio="78" />
  <memory-copied type="nursery" objects="10835" bytes="259800" bytesdiscarded="14376" />
  <memory-copied type="tenure" objects="5906" bytes="141744" bytesdiscarded="0" />
</gc-op>
<gc-end id="335" type="scavenge" contextid="331" durationms="1.469" usertimems="0.000" systemtimems="0.000" timestamp="2019-06-16T18:10:33.382" activeThreads="4">
  <mem-info id="336" free="4066216" total="8388608" percent="48">
    <mem type="nursery" free="1429760" total="2097152" percent="68">
      <mem type="allocate" free="1429760" total="1703936" percent="83" />
      <mem type="survivor" free="0" total="393216" percent="0" />
    </mem>
    <mem type="tenure" free="2636456" total="6291456" percent="41">
      <mem type="soa" free="2322088" total="5977088" percent="38" />
      <mem type="loa" free="314368" total="314368" percent="100" />
    </mem>
    <remembered-set count="117" />
  </mem-info>
</gc-end>
<cycle-end id="337" type="scavenge" contextid="331" timestamp="2019-06-16T18:10:33.382" />
  <attribute name="elasticGC enabled" value="1" />
  <attribute name= "numThreadsSpecified" value="4" />
  <attribute name="heapSize specified" value="8388608" />
  <attribute name="Current GC Util" value="0" />
  <attribute name= "Current Time Running" value="7854" />
  <attribute name ="GC Interval" value="200" />
  <attribute name="ProportionalT" value="-20.000000" />
  <attribute name="ProportionalI" value="-20.000000" />
  <attribute name="ProportionalH" value="-20.000000" />
  <attribute name="Current Error" value="-20.000000" />
  <attribute name="IntegralT" value="-12260.000000" />
  <attribute name="IntegralI" value="-12260.000000" />
  <attribute name="IntegralH" value="-12260.000000" />
  <attribute name="DerivativeT" value="-0.016313" />
  <attribute name="DerivativeI" value="-0.016313" />
  <attribute name="DerivativeH" value="-0.016313" />
  <attribute name="Loop Time for DT" value="613.000000" />
  <attribute name="Output H" value="2092630016"/>
  <attribute name="Output I" value="200"/>
  <attribute name="Output T" value="4"/>
  <attribute name="Target GC Util Change" value ="20.000000" />
  <attribute name="Current GC Util Change" value="0.000000"/>
  <attribute name="GC Util currently" value="0" />
  <attribute name="CPU Util currently" value="3" />
<allocation-satisfied id="338" threadId="0000000001CE4D00" bytesRequested="32" />
<af-end id="339" timestamp="2019-06-16T18:10:33.382" threadId="0000000001CE5688" success="true" from="nursery"/>
<exclusive-end id="340" timestamp="2019-06-16T18:10:33.383" durationms="2.102" />

<exclusive-start id="341" timestamp="2019-06-16T18:10:34.032" intervalms="651.133">
  <response-info timems="0.026" idlems="0.026" threads="0" lastid="0000000001CDD500" lastname="node-5" />
</exclusive-start>
<af-start id="342" threadId="0000000001CDDE88" totalBytesRequested="24" timestamp="2019-06-16T18:10:34.032" intervalms="651.113" type="nursery" />
<cycle-start id="343" type="scavenge" contextid="0" timestamp="2019-06-16T18:10:34.032" intervalms="651.062" />
<gc-start id="344" type="scavenge" contextid="343" timestamp="2019-06-16T18:10:34.032">
  <mem-info id="345" free="2636456" total="8388608" percent="31">
    <mem type="nursery" free="0" total="2097152" percent="0">
      <mem type="allocate" free="0" total="1703936" percent="0" />
      <mem type="survivor" free="0" total="393216" percent="0" />
    </mem>
    <mem type="tenure" free="2636456" total="6291456" percent="41">
      <mem type="soa" free="2322088" total="5977088" percent="38" />
      <mem type="loa" free="314368" total="314368" percent="100" />
    </mem>
    <remembered-set count="140" />
  </mem-info>
</gc-start>
<allocation-stats totalBytes="1429056" >
  <allocated-bytes non-tlh="32" tlh="1429024" />
  <largest-consumer threadName="node-3" threadId="0000000001CE8900" bytes="257984" />
</allocation-stats>
<gc-op id="346" type="scavenge" timems="1.205" contextid="343" timestamp="2019-06-16T18:10:34.033">
  <scavenger-info tenureage="2" tenuremask="7ffc" tiltratio="81" />
  <memory-copied type="nursery" objects="11136" bytes="267760" bytesdiscarded="45584" />
  <memory-copied type="tenure" objects="5448" bytes="130752" bytesdiscarded="0" />
</gc-op>
<gc-end id="347" type="scavenge" contextid="343" durationms="1.672" usertimems="0.000" systemtimems="0.000" timestamp="2019-06-16T18:10:34.033" activeThreads="4">
  <mem-info id="348" free="3870376" total="8388608" percent="46">
    <mem type="nursery" free="1390592" total="2097152" percent="66">
      <mem type="allocate" free="1390592" total="1703936" percent="81" />
      <mem type="survivor" free="0" total="393216" percent="0" />
    </mem>
    <mem type="tenure" free="2479784" total="6291456" percent="39" macro-fragmented="1800196">
      <mem type="soa" free="2165416" total="5977088" percent="36" />
      <mem type="loa" free="314368" total="314368" percent="100" />
    </mem>
    <remembered-set count="124" />
  </mem-info>
</gc-end>
<cycle-end id="349" type="scavenge" contextid="343" timestamp="2019-06-16T18:10:34.034" />
  <attribute name="elasticGC enabled" value="1" />
  <attribute name= "numThreadsSpecified" value="4" />
  <attribute name="heapSize specified" value="8388608" />
  <attribute name="Current GC Util" value="0" />
  <attribute name= "Current Time Running" value="8505" />
  <attribute name ="GC Interval" value="200" />
  <attribute name="ProportionalT" value="-20.000000" />
  <attribute name="ProportionalI" value="-20.000000" />
  <attribute name="ProportionalH" value="-20.000000" />
  <attribute name="Current Error" value="-20.000000" />
  <attribute name="IntegralT" value="-13020.000000" />
  <attribute name="IntegralI" value="-13020.000000" />
  <attribute name="IntegralH" value="-13020.000000" />
  <attribute name="DerivativeT" value="-0.015361" />
  <attribute name="DerivativeI" value="-0.015361" />
  <attribute name="DerivativeH" value="-0.015361" />
  <attribute name="Loop Time for DT" value="651.000000" />
  <attribute name="Output H" value="2092630016"/>
  <attribute name="Output I" value="200"/>
  <attribute name="Output T" value="4"/>
  <attribute name="Target GC Util Change" value ="20.000000" />
  <attribute name="Current GC Util Change" value="0.000000"/>
  <attribute name="GC Util currently" value="0" />
  <attribute name="CPU Util currently" value="5" />
<allocation-satisfied id="350" threadId="0000000001CDD500" bytesRequested="24" />
<af-end id="351" timestamp="2019-06-16T18:10:34.034" threadId="0000000001CDDE88" success="true" from="nursery"/>
<exclusive-end id="352" timestamp="2019-06-16T18:10:34.034" durationms="2.303" />

<exclusive-start id="353" timestamp="2019-06-16T18:10:34.688" intervalms="656.151">
  <response-info timems="0.026" idlems="0.026" threads="0" lastid="0000000001CEC500" lastname="node-4" />
</exclusive-start>
<af-start id="354" threadId="0000000001CECE88" totalBytesRequested="376" timestamp="2019-06-16T18:10:34.688" intervalms="656.152" type="nursery" />
<cycle-start id="355" type="scavenge" contextid="0" timestamp="2019-06-16T18:10:34.688" intervalms="656.139" />
<gc-start id="356" type="scavenge" contextid="355" timestamp="2019-06-16T18:10:34.688">
  <mem-info id="357" free="2479784" total="8388608" percent="29">
    <mem type="nursery" free="0" total="2097152" percent="0">
      <mem type="allocate" free="0" total="1703936" percent="0" />
      <mem type="survivor" free="0" total="393216" percent="0" />
    </mem>
    <mem type="tenure" free="2479784" total="6291456" percent="39">
      <mem type="soa" free="2165416" total="5977088" percent="36" />
      <mem type="loa" free="314368" total="314368" percent="100" />
    </mem>
    <remembered-set count="141" />
  </mem-info>
</gc-start>
<allocation-stats totalBytes="1389760" >
  <allocated-bytes non-tlh="24" tlh="1389736" />
  <largest-consumer threadName="node-5" threadId="0000000001CDD500" bytes="233448" />
</allocation-stats>
<gc-op id="358" type="scavenge" timems="1.892" contextid="355" timestamp="2019-06-16T18:10:34.690">
  <scavenger-info tenureage="2" tenuremask="7ffc" tiltratio="81" />
  <memory-copied type="nursery" objects="11305" bytes="273672" bytesdiscarded="78840" />
  <memory-copied type="tenure" objects="5357" bytes="128568" bytesdiscarded="0" />
</gc-op>
<gc-end id="359" type="scavenge" contextid="355" durationms="2.303" usertimems="4.000" systemtimems="0.000" timestamp="2019-06-16T18:10:34.690" activeThreads="4">
  <mem-info id="360" free="3674536" total="8388608" percent="43">
    <mem type="nursery" free="1351424" total="2097152" percent="64">
      <mem type="allocate" free="1351424" total="1703936" percent="79" />
      <mem type="survivor" free="0" total="393216" percent="0" />
    </mem>
    <mem type="tenure" free="2323112" total="6291456" percent="36" macro-fragmented="1250136">
      <mem type="soa" free="2008744" total="5977088" percent="33" />
      <mem type="loa" free="314368" total="314368" percent="100" />
    </mem>
    <remembered-set count="122" />
  </mem-info>
</gc-end>
<cycle-end id="361" type="scavenge" contextid="355" timestamp="2019-06-16T18:10:34.690" />
  <attribute name="elasticGC enabled" value="1" />
  <attribute name= "numThreadsSpecified" value="4" />
  <attribute name="heapSize specified" value="8388608" />
  <attribute name="Current GC Util" value="0" />
  <attribute name= "Current Time Running" value="9161" />
  <attribute name ="GC Interval" value="200" />
  <attribute name="ProportionalT" value="-20.000000" />
  <attribute name="ProportionalI" value="-20.000000" />
  <attribute name="ProportionalH" value="-20.000000" />
  <attribute name="Current Error" value="-20.000000" />
  <attribute name="IntegralT" value="-13120.000000" />
  <attribute name="IntegralI" value="-13120.000000" />
  <attribute name="IntegralH" value="-13120.000000" />
  <attribute name="DerivativeT" value="-0.015244" />
  <attribute name="DerivativeI" value="-0.015244" />
  <attribute name="DerivativeH" value="-0.015244" />
  <attribute name="Loop Time for DT" value="656.000000" />
  <attribute name="Output H" value="2092630016"/>
  <attribute name="Output I" value="200"/>
  <attribute name="Output T" value="4"/>
  <attribute name="Target GC Util Change" value ="20.000000" />
  <attribute name="Current GC Util Change" value="0.000000"/>
  <attribute name="GC Util currently" value="0" />
  <attribute name="CPU Util currently" value="2" />
<allocation-satisfied id="362" threadId="0000000001CEC500" bytesRequested="376" />
<af-end id="363" timestamp="2019-06-16T18:10:34.691" threadId="0000000001CECE88" success="true" from="nursery"/>
<exclusive-end id="364" timestamp="2019-06-16T18:10:34.691" durationms="3.130" />

<exclusive-start id="365" timestamp="2019-06-16T18:10:35.240" intervalms="552.305">
  <response-info timems="0.023" idlems="0.023" threads="0" lastid="0000000001CE1100" lastname="node-2" />
</exclusive-start>
<af-start id="366" threadId="0000000001CE1A88" totalBytesRequested="32" timestamp="2019-06-16T18:10:35.240" intervalms="552.317" type="nursery" />
<cycle-start id="367" type="scavenge" contextid="0" timestamp="2019-06-16T18:10:35.240" intervalms="552.320" />
<gc-start id="368" type="scavenge" contextid="367" timestamp="2019-06-16T18:10:35.240">
  <mem-info id="369" free="2323112" total="8388608" percent="27">
    <mem type="nursery" free="0" total="2097152" percent="0">
      <mem type="allocate" free="0" total="1703936" percent="0" />
      <mem type="survivor" free="0" total="393216" percent="0" />
    </mem>
    <mem type="tenure" free="2323112" total="6291456" percent="36">
      <mem type="soa" free="2008744" total="5977088" percent="33" />
      <mem type="loa" free="314368" total="314368" percent="100" />
    </mem>
    <remembered-set count="141" />
  </mem-info>
</gc-start>
<allocation-stats totalBytes="1351072" >
  <allocated-bytes non-tlh="376" tlh="1350696" />
  <largest-consumer threadName="node-4" threadId="0000000001CEC500" bytes="233792" />
</allocation-stats>
<gc-op id="370" type="scavenge" timems="1.824" contextid="367" timestamp="2019-06-16T18:10:35.242">
  <scavenger-info tenureage="2" tenuremask="7ffc" tiltratio="81" />
  <memory-copied type="nursery" objects="11336" bytes="271824" bytesdiscarded="41520" />
  <memory-copied type="tenure" objects="5740" bytes="137760" bytesdiscarded="0" />
</gc-op>
<gc-end id="371" type="scavenge" contextid="367" durationms="2.291" usertimems="0.000" systemtimems="0.000" timestamp="2019-06-16T18:10:35.243" activeThreads="4">
  <mem-info id="372" free="3557032" total="8388608" percent="42">
    <mem type="nursery" free="1390592" total="2097152" percent="66">
      <mem type="allocate" free="1390592" total="1703936" percent="81" />
      <mem type="survivor" free="0" total="393216" percent="0" />
    </mem>
    <mem type="tenure" free="2166440" total="6291456" percent="34" macro-fragmented="0">
      <mem type="soa" free="1852072" total="5977088" percent="30" />
      <mem type="loa" free="314368" total="314368" percent="100" />
    </mem>
    <remembered-set count="120" />
  </mem-info>
</gc-end>
<cycle-end id="373" type="scavenge" contextid="367" timestamp="2019-06-16T18:10:35.243" />
  <attribute name="elasticGC enabled" value="1" />
  <attribute name= "numThreadsSpecified" value="4" />
  <attribute name="heapSize specified" value="8388608" />
  <attribute name="Current GC Util" value="0" />
  <attribute name= "Current Time Running" value="9713" />
  <attribute name ="GC Interval" value="200" />
  <attribute name="ProportionalT" value="-20.000000" />
  <attribute name="ProportionalI" value="-20.000000" />
  <attribute name="ProportionalH" value="-20.000000" />
  <attribute name="Current Error" value="-20.000000" />
  <attribute name="IntegralT" value="-11040.000000" />
  <attribute name="IntegralI" value="-11040.000000" />
  <attribute name="IntegralH" value="-11040.000000" />
  <attribute name="DerivativeT" value="-0.018116" />
  <attribute name="DerivativeI" value="-0.018116" />
  <attribute name="DerivativeH" value="-0.018116" />
  <attribute name="Loop Time for DT" value="552.000000" />
  <attribute name="Output H" value="2092630016"/>
  <attribute name="Output I" value="200"/>
  <attribute name="Output T" value="4"/>
  <attribute name="Target GC Util Change" value ="20.000000" />
  <attribute name="Current GC Util Change" value="0.000000"/>
  <attribute name="GC Util currently" value="0" />
  <attribute name="CPU Util currently" value="3" />
<allocation-satisfied id="374" threadId="0000000001CE1100" bytesRequested="32" />
<af-end id="375" timestamp="2019-06-16T18:10:35.243" threadId="0000000001CE1A88" success="true" from="nursery"/>
<exclusive-end id="376" timestamp="2019-06-16T18:10:35.243" durationms="3.233" />

<exclusive-start id="377" timestamp="2019-06-16T18:10:36.003" intervalms="763.223">
  <response-info timems="0.026" idlems="0.026" threads="0" lastid="0000000001CEC500" lastname="node-4" />
</exclusive-start>
<af-start id="378" threadId="0000000001CECE88" totalBytesRequested="32" timestamp="2019-06-16T18:10:36.003" intervalms="763.227" type="nursery" />
<cycle-start id="379" type="scavenge" contextid="0" timestamp="2019-06-16T18:10:36.003" intervalms="763.230" />
<gc-start id="380" type="scavenge" contextid="379" timestamp="2019-06-16T18:10:36.003">
  <mem-info id="381" free="2166440" total="8388608" percent="25">
    <mem type="nursery" free="0" total="2097152" percent="0">
      <mem type="allocate" free="0" total="1703936" percent="0" />
      <mem type="survivor" free="0" total="393216" percent="0" />
    </mem>
    <mem type="tenure" free="2166440" total="6291456" percent="34">
      <mem type="soa" free="1852072" total="5977088" percent="30" />
      <mem type="loa" free="314368" total="314368" percent="100" />
    </mem>
    <remembered-set count="143" />
  </mem-info>
</gc-start>
<allocation-stats totalBytes="1390008" >
  <allocated-bytes non-tlh="32" tlh="1389976" />
  <largest-consumer threadName="node-2" threadId="0000000001CE1100" bytes="239600" />
</allocation-stats>
<gc-op id="382" type="scavenge" timems="1.385" contextid="379" timestamp="2019-06-16T18:10:36.005">
  <scavenger-info tenureage="2" tenuremask="7ffc" tiltratio="81" />
  <memory-copied type="nursery" objects="11709" bytes="281960" bytesdiscarded="70552" />
  <memory-copied type="tenure" objects="5523" bytes="132552" bytesdiscarded="0" />
</gc-op>
<gc-end id="383" type="scavenge" contextid="379" durationms="1.797" usertimems="0.000" systemtimems="4.000" timestamp="2019-06-16T18:10:36.005" activeThreads="4">
  <mem-info id="384" free="3465896" total="8388608" percent="41">
    <mem type="nursery" free="1416960" total="2097152" percent="67">
      <mem type="allocate" free="1416960" total="1769472" percent="80" />
      <mem type="survivor" free="0" total="327680" percent="0" />
    </mem>
    <mem type="tenure" free="2048936" total="6291456" percent="32" macro-fragmented="1500163">
      <mem type="soa" free="1734568" total="5977088" percent="29" />
      <mem type="loa" free="314368" total="314368" percent="100" />
    </mem>
    <remembered-set count="126" />
  </mem-info>
</gc-end>
<cycle-end id="385" type="scavenge" contextid="379" timestamp="2019-06-16T18:10:36.005" />
  <attribute name="elasticGC enabled" value="1" />
  <attribute name= "numThreadsSpecified" value="4" />
  <attribute name="heapSize specified" value="8388608" />
  <attribute name="Current GC Util" value="0" />
  <attribute name= "Current Time Running" value="10477" />
  <attribute name ="GC Interval" value="200" />
  <attribute name="ProportionalT" value="-20.000000" />
  <attribute name="ProportionalI" value="-20.000000" />
  <attribute name="ProportionalH" value="-20.000000" />
  <attribute name="Current Error" value="-20.000000" />
  <attribute name="IntegralT" value="-15280.000000" />
  <attribute name="IntegralI" value="-15280.000000" />
  <attribute name="IntegralH" value="-15280.000000" />
  <attribute name="DerivativeT" value="-0.013089" />
  <attribute name="DerivativeI" value="-0.013089" />
  <attribute name="DerivativeH" value="-0.013089" />
  <attribute name="Loop Time for DT" value="764.000000" />
  <attribute name="Output H" value="2092630016"/>
  <attribute name="Output I" value="200"/>
  <attribute name="Output T" value="4"/>
  <attribute name="Target GC Util Change" value ="20.000000" />
  <attribute name="Current GC Util Change" value="0.000000"/>
  <attribute name="GC Util currently" value="0" />
  <attribute name="CPU Util currently" value="3" />
<allocation-satisfied id="386" threadId="0000000001CEC500" bytesRequested="32" />
<af-end id="387" timestamp="2019-06-16T18:10:36.005" threadId="0000000001CECE88" success="true" from="nursery"/>
<exclusive-end id="388" timestamp="2019-06-16T18:10:36.006" durationms="2.296" />

<exclusive-start id="389" timestamp="2019-06-16T18:10:36.609" intervalms="605.668">
  <response-info timems="0.029" idlems="0.029" threads="0" lastid="0000000001CEC500" lastname="node-4" />
</exclusive-start>
<af-start id="390" threadId="0000000001CECE88" totalBytesRequested="24" timestamp="2019-06-16T18:10:36.609" intervalms="605.669" type="nursery" />
<cycle-start id="391" type="scavenge" contextid="0" timestamp="2019-06-16T18:10:36.609" intervalms="605.667" />
<gc-start id="392" type="scavenge" contextid="391" timestamp="2019-06-16T18:10:36.609">
  <mem-info id="393" free="2048936" total="8388608" percent="24">
    <mem type="nursery" free="0" total="2097152" percent="0">
      <mem type="allocate" free="0" total="1769472" percent="0" />
      <mem type="survivor" free="0" total="327680" percent="0" />
    </mem>
    <mem type="tenure" free="2048936" total="6291456" percent="32">
      <mem type="soa" free="1734568" total="5977088" percent="29" />
      <mem type="loa" free="314368" total="314368" percent="100" />
    </mem>
    <remembered-set count="141" />
  </mem-info>
</gc-start>
<allocation-stats totalBytes="1415304" >
  <allocated-bytes non-tlh="32" tlh="1415272" />
  <largest-consumer threadName="node-5" threadId="0000000001CDD500" bytes="249376" />
</allocation-stats>
<gc-op id="394" type="scavenge" timems="1.410" contextid="391" timestamp="2019-06-16T18:10:36.611">
  <scavenger-info tenureage="2" tenuremask="7ffc" tiltratio="84" />
  <memory-copied type="nursery" objects="11961" bytes="287656" bytesdiscarded="40024" />
  <memory-copied type="tenure" objects="5783" bytes="138792" bytesdiscarded="0" />
</gc-op>
<gc-end id="395" type="scavenge" contextid="391" durationms="1.870" usertimems="0.000" systemtimems="4.000" timestamp="2019-06-16T18:10:36.611" activeThreads="4">
  <mem-info id="396" free="3334056" total="8388608" percent="39">
    <mem type="nursery" free="1441792" total="2097152" percent="68">
      <mem type="allocate" free="1441792" total="1769472" percent="81" />
      <mem type="survivor" free="0" total="327680" percent="0" />
    </mem>
    <mem type="tenure" free="1892264" total="6291456" percent="30" macro-fragmented="723458">
      <mem type="soa" free="1577896" total="5977088" percent="26" />
      <mem type="loa" free="314368" total="314368" percent="100" />
    </mem>
    <remembered-set count="119" />
  </mem-info>
</gc-end>
<cycle-end id="397" type="scavenge" contextid="391" timestamp="2019-06-16T18:10:36.611" />
  <attribute name="elasticGC enabled" value="1" />
  <attribute name= "numThreadsSpecified" value="4" />
  <attribute name="heapSize specified" value="8388608" />
  <attribute name="Current GC Util" value="0" />
  <attribute name= "Current Time Running" value="11082" />
  <attribute name ="GC Interval" value="200" />
  <attribute name="ProportionalT" value="-20.000000" />
  <attribute name="ProportionalI" value="-20.000000" />
  <attribute name="ProportionalH" value="-20.000000" />
  <attribute name="Current Error" value="-20.000000" />
  <attribute name="IntegralT" value="-12100.000000" />
  <attribute name="IntegralI" value="-12100.000000" />
  <attribute name="IntegralH" value="-12100.000000" />
  <attribute name="DerivativeT" value="-0.016529" />
  <attribute name="DerivativeI" value="-0.016529" />
  <attribute name="DerivativeH" value="-0.016529" />
  <attribute name="Loop Time for DT" value="605.000000" />
  <attribute name="Output H" value="2092630016"/>
  <attribute name="Output I" value="200"/>
  <attribute name="Output T" value="4"/>
  <attribute name="Target GC Util Change" value ="20.000000" />
  <attribute name="Current GC Util Change" value="0.000000"/>
  <attribute name="GC Util currently" value="0" />
  <attribute name="CPU Util currently" value="1" />
<allocation-satisfied id="398" threadId="0000000001CEC500" bytesRequested="24" />
<af-end id="399" timestamp="2019-06-16T18:10:36.611" threadId="0000000001CECE88" success="true" from="nursery"/>
<exclusive-end id="400" timestamp="2019-06-16T18:10:36.612" durationms="2.670" />

<exclusive-start id="401" timestamp="2019-06-16T18:10:37.229" intervalms="619.898">
  <response-info timems="0.186" idlems="0.099" threads="1" lastid="0000000001CDD500" lastname="node-5" />
</exclusive-start>
<af-start id="402" threadId="0000000001CECE88" totalBytesRequested="24" timestamp="2019-06-16T18:10:37.229" intervalms="619.886" type="nursery" />
<cycle-start id="403" type="scavenge" contextid="0" timestamp="2019-06-16T18:10:37.229" intervalms="619.875" />
<gc-start id="404" type="scavenge" contextid="403" timestamp="2019-06-16T18:10:37.229">
  <mem-info id="405" free="1892264" total="8388608" percent="22">
    <mem type="nursery" free="0" total="2097152" percent="0">
      <mem type="allocate" free="0" total="1769472" percent="0" />
      <mem type="survivor" free="0" total="327680" percent="0" />
    </mem>
    <mem type="tenure" free="1892264" total="6291456" percent="30">
      <mem type="soa" free="1577896" total="5977088" percent="26" />
      <mem type="loa" free="314368" total="314368" percent="100" />
    </mem>
    <remembered-set count="140" />
  </mem-info>
</gc-start>
<allocation-stats totalBytes="1440792" >
  <allocated-bytes non-tlh="24" tlh="1440768" />
  <largest-consumer threadName="node-5" threadId="0000000001CDD500" bytes="273688" />
</allocation-stats>
<gc-op id="406" type="scavenge" timems="1.889" contextid="403" timestamp="2019-06-16T18:10:37.231">
  <scavenger-info tenureage="2" tenuremask="7ffc" tiltratio="84" />
  <memory-copied type="nursery" objects="10384" bytes="249712" bytesdiscarded="77968" />
  <memory-copied type="tenure" objects="7521" bytes="180504" bytesdiscarded="0" />
  <copy-failed type="nursery" objects="1638" bytes="39312" />
</gc-op>
<gc-end id="407" type="scavenge" contextid="403" durationms="2.398" usertimems="4.000" systemtimems="0.000" timestamp="2019-06-16T18:10:37.231" activeThreads="4">
  <mem-info id="408" free="3177384" total="8388608" percent="37">
    <mem type="nursery" free="1441792" total="2097152" percent="68">
      <mem type="allocate" free="1441792" total="1769472" percent="81" />
      <mem type="survivor" free="0" total="327680" percent="0" />
    </mem>
    <mem type="tenure" free="1735592" total="6291456" percent="27" macro-fragmented="0">
      <mem type="soa" free="1421224" total="5977088" percent="23" />
      <mem type="loa" free="314368" total="314368" percent="100" />
    </mem>
    <remembered-set count="123" />
  </mem-info>
</gc-end>
<cycle-end id="409" type="scavenge" contextid="403" timestamp="2019-06-16T18:10:37.232" />
  <attribute name="elasticGC enabled" value="1" />
  <attribute name= "numThreadsSpecified" value="4" />
  <attribute name="heapSize specified" value="8388608" />
  <attribute name="Current GC Util" value="0" />
  <attribute name= "Current Time Running" value="11702" />
  <attribute name ="GC Interval" value="200" />
  <attribute name="ProportionalT" value="-20.000000" />
  <attribute name="ProportionalI" value="-20.000000" />
  <attribute name="ProportionalH" value="-20.000000" />
  <attribute name="Current Error" value="-20.000000" />
  <attribute name="IntegralT" value="-12400.000000" />
  <attribute name="IntegralI" value="-12400.000000" />
  <attribute name="IntegralH" value="-12400.000000" />
  <attribute name="DerivativeT" value="-0.016129" />
  <attribute name="DerivativeI" value="-0.016129" />
  <attribute name="DerivativeH" value="-0.016129" />
  <attribute name="Loop Time for DT" value="620.000000" />
  <attribute name="Output H" value="2092630016"/>
  <attribute name="Output I" value="200"/>
  <attribute name="Output T" value="4"/>
  <attribute name="Target GC Util Change" value ="20.000000" />
  <attribute name="Current GC Util Change" value="0.000000"/>
  <attribute name="GC Util currently" value="0" />
  <attribute name="CPU Util currently" value="2" />
<allocation-satisfied id="410" threadId="0000000001CEC500" bytesRequested="24" />
<af-end id="411" timestamp="2019-06-16T18:10:37.232" threadId="0000000001CECE88" success="true" from="nursery"/>
<exclusive-end id="412" timestamp="2019-06-16T18:10:37.232" durationms="3.300" />

<exclusive-start id="413" timestamp="2019-06-16T18:10:37.869" intervalms="640.454">
  <response-info timems="0.026" idlems="0.026" threads="0" lastid="0000000001CEC500" lastname="node-4" />
</exclusive-start>
<af-start id="414" threadId="0000000001CECE88" totalBytesRequested="32" timestamp="2019-06-16T18:10:37.869" intervalms="640.470" type="nursery" />
<cycle-start id="415" type="scavenge" contextid="0" timestamp="2019-06-16T18:10:37.869" intervalms="640.484" />
<gc-start id="416" type="scavenge" contextid="415" timestamp="2019-06-16T18:10:37.869">
  <mem-info id="417" free="1735592" total="8388608" percent="20">
    <mem type="nursery" free="0" total="2097152" percent="0">
      <mem type="allocate" free="0" total="1769472" percent="0" />
      <mem type="survivor" free="0" total="327680" percent="0" />
    </mem>
    <mem type="tenure" free="1735592" total="6291456" percent="27">
      <mem type="soa" free="1421224" total="5977088" percent="23" />
      <mem type="loa" free="314368" total="314368" percent="100" />
    </mem>
    <remembered-set count="141" />
  </mem-info>
</gc-start>
<allocation-stats totalBytes="1440472" >
  <allocated-bytes non-tlh="24" tlh="1440448" />
  <largest-consumer threadName="node-5" threadId="0000000001CDD500" bytes="274080" />
</allocation-stats>
<gc-op id="418" type="scavenge" timems="1.372" contextid="415" timestamp="2019-06-16T18:10:37.871">
  <scavenger-info tenureage="2" tenuremask="7ffc" tiltratio="84" />
  <memory-copied type="nursery" objects="10652" bytes="256032" bytesdiscarded="57312" />
  <memory-copied type="tenure" objects="6038" bytes="144912" bytesdiscarded="0" />
</gc-op>
<gc-end id="419" type="scavenge" contextid="415" durationms="1.797" usertimems="0.000" systemtimems="0.000" timestamp="2019-06-16T18:10:37.871" activeThreads="4">
  <mem-info id="420" free="3035048" total="8388608" percent="36">
    <mem type="nursery" free="1456128" total="2097152" percent="69">
      <mem type="allocate" free="1456128" total="1769472" percent="82" />
      <mem type="survivor" free="0" total="327680" percent="0" />
    </mem>
    <mem type="tenure" free="1578920" total="6291456" percent="25" macro-fragmented="1250136">
      <mem type="soa" free="1264552" total="5977088" percent="21" />
      <mem type="loa" free="314368" total="314368" percent="100" />
    </mem>
    <remembered-set count="121" />
  </mem-info>
</gc-end>
<cycle-end id="421" type="scavenge" contextid="415" timestamp="2019-06-16T18:10:37.871" />
  <attribute name="elasticGC enabled" value="1" />
  <attribute name= "numThreadsSpecified" value="4" />
  <attribute name="heapSize specified" value="8388608" />
  <attribute name="Current GC Util" value="0" />
  <attribute name= "Current Time Running" value="12343" />
  <attribute name ="GC Interval" value="200" />
  <attribute name="ProportionalT" value="-20.000000" />
  <attribute name="ProportionalI" value="-20.000000" />
  <attribute name="ProportionalH" value="-20.000000" />
  <attribute name="Current Error" value="-20.000000" />
  <attribute name="IntegralT" value="-12820.000000" />
  <attribute name="IntegralI" value="-12820.000000" />
  <attribute name="IntegralH" value="-12820.000000" />
  <attribute name="DerivativeT" value="-0.015601" />
  <attribute name="DerivativeI" value="-0.015601" />
  <attribute name="DerivativeH" value="-0.015601" />
  <attribute name="Loop Time for DT" value="641.000000" />
  <attribute name="Output H" value="2092630016"/>
  <attribute name="Output I" value="200"/>
  <attribute name="Output T" value="4"/>
  <attribute name="Target GC Util Change" value ="20.000000" />
  <attribute name="Current GC Util Change" value="0.000000"/>
  <attribute name="GC Util currently" value="0" />
  <attribute name="CPU Util currently" value="3" />
<allocation-satisfied id="422" threadId="0000000001CEC500" bytesRequested="32" />
<af-end id="423" timestamp="2019-06-16T18:10:37.872" threadId="0000000001CECE88" success="true" from="nursery"/>
<exclusive-end id="424" timestamp="2019-06-16T18:10:37.872" durationms="2.607" />

<exclusive-start id="425" timestamp="2019-06-16T18:10:38.621" intervalms="751.905">
  <response-info timems="0.035" idlems="0.035" threads="0" lastid="0000000001CEC500" lastname="node-4" />
</exclusive-start>
<af-start id="426" threadId="0000000001CECE88" totalBytesRequested="32" timestamp="2019-06-16T18:10:38.621" intervalms="751.936" type="nursery" />
<cycle-start id="427" type="scavenge" contextid="0" timestamp="2019-06-16T18:10:38.621" intervalms="751.977" />
<gc-start id="428" type="scavenge" contextid="427" timestamp="2019-06-16T18:10:38.621">
  <mem-info id="429" free="1578920" total="8388608" percent="18">
    <mem type="nursery" free="0" total="2097152" percent="0">
      <mem type="allocate" free="0" total="1769472" percent="0" />
      <mem type="survivor" free="0" total="327680" percent="0" />
    </mem>
    <mem type="tenure" free="1578920" total="6291456" percent="25">
      <mem type="soa" free="1264552" total="5977088" percent="21" />
      <mem type="loa" free="314368" total="314368" percent="100" />
    </mem>
    <remembered-set count="141" />
  </mem-info>
</gc-start>
<allocation-stats totalBytes="1454992" >
  <allocated-bytes non-tlh="32" tlh="1454960" />
  <largest-consumer threadName="node-5" threadId="0000000001CDD500" bytes="274376" />
</allocation-stats>
<gc-op id="430" type="scavenge" timems="1.839" contextid="427" timestamp="2019-06-16T18:10:38.623">
  <scavenger-info tenureage="2" tenuremask="7ffc" tiltratio="84" />
  <memory-copied type="nursery" objects="12032" bytes="288528" bytesdiscarded="39152" />
  <memory-copied type="tenure" objects="4710" bytes="113040" bytesdiscarded="0" />
  <copy-failed type="nursery" objects="403" bytes="9672" />
</gc-op>
<gc-end id="431" type="scavenge" contextid="427" durationms="2.289" usertimems="4.000" systemtimems="0.000" timestamp="2019-06-16T18:10:38.624" activeThreads="4">
  <mem-info id="432" free="2837672" total="8388608" percent="33">
    <mem type="nursery" free="1376256" total="2097152" percent="65">
      <mem type="allocate" free="1376256" total="1703936" percent="80" />
      <mem type="survivor" free="0" total="393216" percent="0" />
    </mem>
    <mem type="tenure" free="1461416" total="6291456" percent="23" macro-fragmented="0">
      <mem type="soa" free="1147048" total="5977088" percent="19" />
      <mem type="loa" free="314368" total="314368" percent="100" />
    </mem>
    <remembered-set count="117" />
  </mem-info>
</gc-end>
<cycle-end id="433" type="scavenge" contextid="427" timestamp="2019-06-16T18:10:38.624" />
  <attribute name="elasticGC enabled" value="1" />
  <attribute name= "numThreadsSpecified" value="4" />
  <attribute name="heapSize specified" value="8388608" />
  <attribute name="Current GC Util" value="0" />
  <attribute name= "Current Time Running" value="13095" />
  <attribute name ="GC Interval" value="200" />
  <attribute name="ProportionalT" value="-20.000000" />
  <attribute name="ProportionalI" value="-20.000000" />
  <attribute name="ProportionalH" value="-20.000000" />
  <attribute name="Current Error" value="-20.000000" />
  <attribute name="IntegralT" value="-15040.000000" />
  <attribute name="IntegralI" value="-15040.000000" />
  <attribute name="IntegralH" value="-15040.000000" />
  <attribute name="DerivativeT" value="-0.013298" />
  <attribute name="DerivativeI" value="-0.013298" />
  <attribute name="DerivativeH" value="-0.013298" />
  <attribute name="Loop Time for DT" value="752.000000" />
  <attribute name="Output H" value="2092630016"/>
  <attribute name="Output I" value="200"/>
  <attribute name="Output T" value="4"/>
  <attribute name="Target GC Util Change" value ="20.000000" />
  <attribute name="Current GC Util Change" value="0.000000"/>
  <attribute name="GC Util currently" value="0" />
  <attribute name="CPU Util currently" value="4" />
<allocation-satisfied id="434" threadId="0000000001CEC500" bytesRequested="32" />
<af-end id="435" timestamp="2019-06-16T18:10:38.624" threadId="0000000001CECE88" success="true" from="nursery"/>
<exclusive-end id="436" timestamp="2019-06-16T18:10:38.624" durationms="3.193" />

<exclusive-start id="437" timestamp="2019-06-16T18:10:39.286" intervalms="664.540">
  <response-info timems="0.021" idlems="0.021" threads="0" lastid="0000000001CE4D00" lastname="node-0" />
</exclusive-start>
<af-start id="438" threadId="0000000001CE5688" totalBytesRequested="32" timestamp="2019-06-16T18:10:39.286" intervalms="664.499" type="nursery" />
<cycle-start id="439" type="scavenge" contextid="0" timestamp="2019-06-16T18:10:39.286" intervalms="664.458" />
<gc-start id="440" type="scavenge" contextid="439" timestamp="2019-06-16T18:10:39.286">
  <mem-info id="441" free="1461416" total="8388608" percent="17">
    <mem type="nursery" free="0" total="2097152" percent="0">
      <mem type="allocate" free="0" total="1703936" percent="0" />
      <mem type="survivor" free="0" total="393216" percent="0" />
    </mem>
    <mem type="tenure" free="1461416" total="6291456" percent="23">
      <mem type="soa" free="1147048" total="5977088" percent="19" />
      <mem type="loa" free="314368" total="314368" percent="100" />
    </mem>
    <remembered-set count="140" />
  </mem-info>
</gc-start>
<allocation-stats totalBytes="1375144" >
  <allocated-bytes non-tlh="32" tlh="1375112" />
  <largest-consumer threadName="node-3" threadId="0000000001CE8900" bytes="233424" />
</allocation-stats>
<gc-op id="442" type="scavenge" timems="1.889" contextid="439" timestamp="2019-06-16T18:10:39.288">
  <scavenger-info tenureage="2" tenuremask="7ffc" tiltratio="81" />
  <memory-copied type="nursery" objects="11483" bytes="275352" bytesdiscarded="77160" />
  <memory-copied type="tenure" objects="6309" bytes="151416" bytesdiscarded="0" />
</gc-op>
<gc-end id="443" type="scavenge" contextid="439" durationms="2.307" usertimems="0.000" systemtimems="0.000" timestamp="2019-06-16T18:10:39.288" activeThreads="4">
  <mem-info id="444" free="2656168" total="8388608" percent="31">
    <mem type="nursery" free="1351424" total="2097152" percent="64">
      <mem type="allocate" free="1351424" total="1703936" percent="79" />
      <mem type="survivor" free="0" total="393216" percent="0" />
    </mem>
    <mem type="tenure" free="1304744" total="6291456" percent="20" macro-fragmented="602881">
      <mem type="soa" free="990376" total="5977088" percent="16" />
      <mem type="loa" free="314368" total="314368" percent="100" />
    </mem>
    <remembered-set count="118" />
  </mem-info>
</gc-end>
<cycle-end id="445" type="scavenge" contextid="439" timestamp="2019-06-16T18:10:39.288" />
  <attribute name="elasticGC enabled" value="1" />
  <attribute name= "numThreadsSpecified" value="4" />
  <attribute name="heapSize specified" value="8388608" />
  <attribute name="Current GC Util" value="0" />
  <attribute name= "Current Time Running" value="13759" />
  <attribute name ="GC Interval" value="200" />
  <attribute name="ProportionalT" value="-20.000000" />
  <attribute name="ProportionalI" value="-20.000000" />
  <attribute name="ProportionalH" value="-20.000000" />
  <attribute name="Current Error" value="-20.000000" />
  <attribute name="IntegralT" value="-13280.000000" />
  <attribute name="IntegralI" value="-13280.000000" />
  <attribute name="IntegralH" value="-13280.000000" />
  <attribute name="DerivativeT" value="-0.015060" />
  <attribute name="DerivativeI" value="-0.015060" />
  <attribute name="DerivativeH" value="-0.015060" />
  <attribute name="Loop Time for DT" value="664.000000" />
  <attribute name="Output H" value="2092630016"/>
  <attribute name="Output I" value="200"/>
  <attribute name="Output T" value="4"/>
  <attribute name="Target GC Util Change" value ="20.000000" />
  <attribute name="Current GC Util Change" value="0.000000"/>
  <attribute name="GC Util currently" value="0" />
  <attribute name="CPU Util currently" value="0" />
<allocation-satisfied id="446" threadId="0000000001CE4D00" bytesRequested="32" />
<af-end id="447" timestamp="2019-06-16T18:10:39.289" threadId="0000000001CE5688" success="true" from="nursery"/>
<exclusive-end id="448" timestamp="2019-06-16T18:10:39.289" durationms="3.118" />

<exclusive-start id="449" timestamp="2019-06-16T18:10:39.848" intervalms="562.744">
  <response-info timems="0.040" idlems="0.040" threads="0" lastid="0000000001CE4D00" lastname="node-0" />
</exclusive-start>
<af-start id="450" threadId="0000000001CE5688" totalBytesRequested="16" timestamp="2019-06-16T18:10:39.849" intervalms="562.730" type="nursery" />
<cycle-start id="451" type="scavenge" contextid="0" timestamp="2019-06-16T18:10:39.849" intervalms="562.716" />
<gc-start id="452" type="scavenge" contextid="451" timestamp="2019-06-16T18:10:39.849">
  <mem-info id="453" free="1304744" total="8388608" percent="15">
    <mem type="nursery" free="0" total="2097152" percent="0">
      <mem type="allocate" free="0" total="1703936" percent="0" />
      <mem type="survivor" free="0" total="393216" percent="0" />
    </mem>
    <mem type="tenure" free="1304744" total="6291456" percent="20">
      <mem type="soa" free="990376" total="5977088" percent="16" />
      <mem type="loa" free="314368" total="314368" percent="100" />
    </mem>
    <remembered-set count="141" />
  </mem-info>
</gc-start>
<allocation-stats totalBytes="1350328" >
  <allocated-bytes non-tlh="32" tlh="1350296" />
  <largest-consumer threadName="node-2" threadId="0000000001CE1100" bytes="233424" />
</allocation-stats>
<gc-op id="454" type="scavenge" timems="1.009" contextid="451" timestamp="2019-06-16T18:10:39.850">
  <scavenger-info tenureage="2" tenuremask="7ffc" tiltratio="81" />
  <memory-copied type="nursery" objects="11008" bytes="266272" bytesdiscarded="86240" />
  <memory-copied type="tenure" objects="5693" bytes="136632" bytesdiscarded="0" />
</gc-op>
<gc-end id="455" type="scavenge" contextid="451" durationms="1.229" usertimems="0.000" systemtimems="0.000" timestamp="2019-06-16T18:10:39.850" activeThreads="4">
  <mem-info id="456" free="2538664" total="8388608" percent="30">
    <mem type="nursery" free="1351424" total="2097152" percent="64">
      <mem type="allocate" free="1351424" total="1703936" percent="79" />
      <mem type="survivor" free="0" total="393216" percent="0" />
    </mem>
    <mem type="tenure" free="1187240" total="6291456" percent="18" macro-fragmented="868149">
      <mem type="soa" free="872872" total="5977088" percent="14" />
      <mem type="loa" free="314368" total="314368" percent="100" />
    </mem>
    <remembered-set count="122" />
  </mem-info>
</gc-end>
<cycle-end id="457" type="scavenge" contextid="451" timestamp="2019-06-16T18:10:39.850" />
  <attribute name="elasticGC enabled" value="1" />
  <attribute name= "numThreadsSpecified" value="4" />
  <attribute name="heapSize specified" value="8388608" />
  <attribute name="Current GC Util" value="0" />
  <attribute name= "Current Time Running" value="14322" />
  <attribute name ="GC Interval" value="200" />
  <attribute name="ProportionalT" value="-20.000000" />
  <attribute name="ProportionalI" value="-20.000000" />
  <attribute name="ProportionalH" value="-20.000000" />
  <attribute name="Current Error" value="-20.000000" />
  <attribute name="IntegralT" value="-11260.000000" />
  <attribute name="IntegralI" value="-11260.000000" />
  <attribute name="IntegralH" value="-11260.000000" />
  <attribute name="DerivativeT" value="-0.017762" />
  <attribute name="DerivativeI" value="-0.017762" />
  <attribute name="DerivativeH" value="-0.017762" />
  <attribute name="Loop Time for DT" value="563.000000" />
  <attribute name="Output H" value="2092630016"/>
  <attribute name="Output I" value="200"/>
  <attribute name="Output T" value="4"/>
  <attribute name="Target GC Util Change" value ="20.000000" />
  <attribute name="Current GC Util Change" value="0.000000"/>
  <attribute name="GC Util currently" value="0" />
  <attribute name="CPU Util currently" value="1" />
<allocation-satisfied id="458" threadId="0000000001CE4D00" bytesRequested="16" />
<af-end id="459" timestamp="2019-06-16T18:10:39.850" threadId="0000000001CE5688" success="true" from="nursery"/>
<exclusive-end id="460" timestamp="2019-06-16T18:10:39.850" durationms="1.611" />

<exclusive-start id="461" timestamp="2019-06-16T18:10:40.475" intervalms="626.497">
  <response-info timems="0.027" idlems="0.014" threads="1" lastid="0000000001CF4100" lastname="node-1" />
</exclusive-start>
<af-start id="462" threadId="0000000001CE5688" totalBytesRequested="32" timestamp="2019-06-16T18:10:40.475" intervalms="626.506" type="nursery" />
<cycle-start id="463" type="scavenge" contextid="0" timestamp="2019-06-16T18:10:40.475" intervalms="626.516" />
<gc-start id="464" type="scavenge" contextid="463" timestamp="2019-06-16T18:10:40.475">
  <mem-info id="465" free="1187240" total="8388608" percent="14">
    <mem type="nursery" free="0" total="2097152" percent="0">
      <mem type="allocate" free="0" total="1703936" percent="0" />
      <mem type="survivor" free="0" total="393216" percent="0" />
    </mem>
    <mem type="tenure" free="1187240" total="6291456" percent="18">
      <mem type="soa" free="872872" total="5977088" percent="14" />
      <mem type="loa" free="314368" total="314368" percent="100" />
    </mem>
    <remembered-set count="139" />
  </mem-info>
</gc-start>
<allocation-stats totalBytes="1351032" >
  <allocated-bytes non-tlh="16" tlh="1351016" />
  <largest-consumer threadName="node-1" threadId="0000000001CF4100" bytes="233416" />
</allocation-stats>
<gc-op id="466" type="scavenge" timems="0.996" contextid="463" timestamp="2019-06-16T18:10:40.476">
  <scavenger-info tenureage="2" tenuremask="7ffc" tiltratio="81" />
  <memory-copied type="nursery" objects="10700" bytes="257744" bytesdiscarded="55600" />
  <memory-copied type="tenure" objects="5760" bytes="138240" bytesdiscarded="0" />
</gc-op>
<gc-end id="467" type="scavenge" contextid="463" durationms="1.451" usertimems="4.000" systemtimems="0.000" timestamp="2019-06-16T18:10:40.477" activeThreads="4">
  <mem-info id="468" free="2421160" total="8388608" percent="28">
    <mem type="nursery" free="1390592" total="2097152" percent="66">
      <mem type="allocate" free="1390592" total="1703936" percent="81" />
      <mem type="survivor" free="0" total="393216" percent="0" />
    </mem>
    <mem type="tenure" free="1030568" total="6291456" percent="16" macro-fragmented="418667">
      <mem type="soa" free="716200" total="5977088" percent="11" />
      <mem type="loa" free="314368" total="314368" percent="100" />
    </mem>
    <remembered-set count="123" />
  </mem-info>
</gc-end>
<cycle-end id="469" type="scavenge" contextid="463" timestamp="2019-06-16T18:10:40.477" />
  <attribute name="elasticGC enabled" value="1" />
  <attribute name= "numThreadsSpecified" value="4" />
  <attribute name="heapSize specified" value="8388608" />
  <attribute name="Current GC Util" value="0" />
  <attribute name= "Current Time Running" value="14948" />
  <attribute name ="GC Interval" value="200" />
  <attribute name="ProportionalT" value="-20.000000" />
  <attribute name="ProportionalI" value="-20.000000" />
  <attribute name="ProportionalH" value="-20.000000" />
  <attribute name="Current Error" value="-20.000000" />
  <attribute name="IntegralT" value="-12520.000000" />
  <attribute name="IntegralI" value="-12520.000000" />
  <attribute name="IntegralH" value="-12520.000000" />
  <attribute name="DerivativeT" value="-0.015974" />
  <attribute name="DerivativeI" value="-0.015974" />
  <attribute name="DerivativeH" value="-0.015974" />
  <attribute name="Loop Time for DT" value="626.000000" />
  <attribute name="Output H" value="2092630016"/>
  <attribute name="Output I" value="200"/>
  <attribute name="Output T" value="4"/>
  <attribute name="Target GC Util Change" value ="20.000000" />
  <attribute name="Current GC Util Change" value="0.000000"/>
  <attribute name="GC Util currently" value="0" />
  <attribute name="CPU Util currently" value="0" />
<allocation-satisfied id="470" threadId="0000000001CE4D00" bytesRequested="32" />
<af-end id="471" timestamp="2019-06-16T18:10:40.477" threadId="0000000001CE5688" success="true" from="nursery"/>
<exclusive-end id="472" timestamp="2019-06-16T18:10:40.477" durationms="2.023" />

<exclusive-start id="473" timestamp="2019-06-16T18:10:41.143" intervalms="667.722">
  <response-info timems="0.024" idlems="0.024" threads="0" lastid="0000000001CDD500" lastname="node-5" />
</exclusive-start>
<af-start id="474" threadId="0000000001CDDE88" totalBytesRequested="376" timestamp="2019-06-16T18:10:41.143" intervalms="667.713" type="nursery" />
<cycle-start id="475" type="scavenge" contextid="0" timestamp="2019-06-16T18:10:41.143" intervalms="667.709" />
<gc-start id="476" type="scavenge" contextid="475" timestamp="2019-06-16T18:10:41.143">
  <mem-info id="477" free="1030568" total="8388608" percent="12">
    <mem type="nursery" free="0" total="2097152" percent="0">
      <mem type="allocate" free="0" total="1703936" percent="0" />
      <mem type="survivor" free="0" total="393216" percent="0" />
    </mem>
    <mem type="tenure" free="1030568" total="6291456" percent="16">
      <mem type="soa" free="716200" total="5977088" percent="11" />
      <mem type="loa" free="314368" total="314368" percent="100" />
    </mem>
    <remembered-set count="139" />
  </mem-info>
</gc-start>
<allocation-stats totalBytes="1389152" >
  <allocated-bytes non-tlh="32" tlh="1389120" />
  <largest-consumer threadName="node-0" threadId="0000000001CE4D00" bytes="239576" />
</allocation-stats>
<gc-op id="478" type="scavenge" timems="0.985" contextid="475" timestamp="2019-06-16T18:10:41.144">
  <scavenger-info tenureage="2" tenuremask="7ffc" tiltratio="81" />
  <memory-copied type="nursery" objects="11560" bytes="278176" bytesdiscarded="113504" />
  <memory-copied type="tenure" objects="5200" bytes="124800" bytesdiscarded="0" />
</gc-op>
<gc-end id="479" type="scavenge" contextid="475" durationms="1.400" usertimems="4.000" systemtimems="0.000" timestamp="2019-06-16T18:10:41.144" activeThreads="4">
  <mem-info id="480" free="2225320" total="8388608" percent="26">
    <mem type="nursery" free="1312256" total="2097152" percent="62">
      <mem type="allocate" free="1312256" total="1703936" percent="77" />
      <mem type="survivor" free="0" total="393216" percent="0" />
    </mem>
    <mem type="tenure" free="913064" total="6291456" percent="14" macro-fragmented="348889">
      <mem type="soa" free="598696" total="5977088" percent="10" />
      <mem type="loa" free="314368" total="314368" percent="100" />
    </mem>
    <remembered-set count="118" />
  </mem-info>
</gc-end>
<cycle-end id="481" type="scavenge" contextid="475" timestamp="2019-06-16T18:10:41.144" />
  <attribute name="elasticGC enabled" value="1" />
  <attribute name= "numThreadsSpecified" value="4" />
  <attribute name="heapSize specified" value="8388608" />
  <attribute name="Current GC Util" value="0" />
  <attribute name= "Current Time Running" value="15616" />
  <attribute name ="GC Interval" value="200" />
  <attribute name="ProportionalT" value="-20.000000" />
  <attribute name="ProportionalI" value="-20.000000" />
  <attribute name="ProportionalH" value="-20.000000" />
  <attribute name="Current Error" value="-20.000000" />
  <attribute name="IntegralT" value="-13360.000000" />
  <attribute name="IntegralI" value="-13360.000000" />
  <attribute name="IntegralH" value="-13360.000000" />
  <attribute name="DerivativeT" value="-0.014970" />
  <attribute name="DerivativeI" value="-0.014970" />
  <attribute name="DerivativeH" value="-0.014970" />
  <attribute name="Loop Time for DT" value="668.000000" />
  <attribute name="Output H" value="2092630016"/>
  <attribute name="Output I" value="200"/>
  <attribute name="Output T" value="4"/>
  <attribute name="Target GC Util Change" value ="20.000000" />
  <attribute name="Current GC Util Change" value="0.000000"/>
  <attribute name="GC Util currently" value="0" />
  <attribute name="CPU Util currently" value="1" />
<allocation-satisfied id="482" threadId="0000000001CDD500" bytesRequested="376" />
<af-end id="483" timestamp="2019-06-16T18:10:41.144" threadId="0000000001CDDE88" success="true" from="nursery"/>
<exclusive-end id="484" timestamp="2019-06-16T18:10:41.144" durationms="1.808" />

<exclusive-start id="485" timestamp="2019-06-16T18:10:41.758" intervalms="615.367">
  <response-info timems="0.072" idlems="0.072" threads="0" lastid="0000000001CE1100" lastname="node-2" />
</exclusive-start>
<af-start id="486" threadId="0000000001CE1A88" totalBytesRequested="32" timestamp="2019-06-16T18:10:41.758" intervalms="615.396" type="nursery" />
<cycle-start id="487" type="scavenge" contextid="0" timestamp="2019-06-16T18:10:41.758" intervalms="615.401" />
<gc-start id="488" type="scavenge" contextid="487" timestamp="2019-06-16T18:10:41.758">
  <mem-info id="489" free="913064" total="8388608" percent="10">
    <mem type="nursery" free="0" total="2097152" percent="0">
      <mem type="allocate" free="0" total="1703936" percent="0" />
      <mem type="survivor" free="0" total="393216" percent="0" />
    </mem>
    <mem type="tenure" free="913064" total="6291456" percent="14">
      <mem type="soa" free="598696" total="5977088" percent="10" />
      <mem type="loa" free="314368" total="314368" percent="100" />
    </mem>
    <remembered-set count="139" />
  </mem-info>
</gc-start>
<allocation-stats totalBytes="1309632" >
  <allocated-bytes non-tlh="376" tlh="1309256" />
  <largest-consumer threadName="node-5" threadId="0000000001CDD500" bytes="233312" />
</allocation-stats>
<gc-op id="490" type="scavenge" timems="1.063" contextid="487" timestamp="2019-06-16T18:10:41.759">
  <scavenger-info tenureage="2" tenuremask="7ffc" tiltratio="81" />
  <memory-copied type="nursery" objects="11063" bytes="265272" bytesdiscarded="48072" />
  <memory-copied type="tenure" objects="5457" bytes="130968" bytesdiscarded="0" />
</gc-op>
<gc-end id="491" type="scavenge" contextid="487" durationms="1.663" usertimems="0.000" systemtimems="4.000" timestamp="2019-06-16T18:10:41.760" activeThreads="4">
  <mem-info id="492" free="2251688" total="8388608" percent="26">
    <mem type="nursery" free="1456128" total="2097152" percent="69">
      <mem type="allocate" free="1456128" total="1769472" percent="82" />
      <mem type="survivor" free="0" total="327680" percent="0" />
    </mem>
    <mem type="tenure" free="795560" total="6291456" percent="12" macro-fragmented="0">
      <mem type="soa" free="481192" total="5977088" percent="8" />
      <mem type="loa" free="314368" total="314368" percent="100" />
    </mem>
    <remembered-set count="117" />
  </mem-info>
</gc-end>
<cycle-end id="493" type="scavenge" contextid="487" timestamp="2019-06-16T18:10:41.760" />
  <attribute name="elasticGC enabled" value="1" />
  <attribute name= "numThreadsSpecified" value="4" />
  <attribute name="heapSize specified" value="8388608" />
  <attribute name="Current GC Util" value="0" />
  <attribute name= "Current Time Running" value="16232" />
  <attribute name ="GC Interval" value="200" />
  <attribute name="ProportionalT" value="-20.000000" />
  <attribute name="ProportionalI" value="-20.000000" />
  <attribute name="ProportionalH" value="-20.000000" />
  <attribute name="Current Error" value="-20.000000" />
  <attribute name="IntegralT" value="-12320.000000" />
  <attribute name="IntegralI" value="-12320.000000" />
  <attribute name="IntegralH" value="-12320.000000" />
  <attribute name="DerivativeT" value="-0.016234" />
  <attribute name="DerivativeI" value="-0.016234" />
  <attribute name="DerivativeH" value="-0.016234" />
  <attribute name="Loop Time for DT" value="616.000000" />
  <attribute name="Output H" value="2092630016"/>
  <attribute name="Output I" value="200"/>
  <attribute name="Output T" value="4"/>
  <attribute name="Target GC Util Change" value ="20.000000" />
  <attribute name="Current GC Util Change" value="0.000000"/>
  <attribute name="GC Util currently" value="0" />
  <attribute name="CPU Util currently" value="3" />
<allocation-satisfied id="494" threadId="0000000001CE1100" bytesRequested="32" />
<af-end id="495" timestamp="2019-06-16T18:10:41.760" threadId="0000000001CE1A88" success="true" from="nursery"/>
<exclusive-end id="496" timestamp="2019-06-16T18:10:41.760" durationms="2.415" />

<exclusive-start id="497" timestamp="2019-06-16T18:10:42.430" intervalms="672.064">
  <response-info timems="0.063" idlems="0.063" threads="0" lastid="0000000001CEC500" lastname="node-4" />
</exclusive-start>
<af-start id="498" threadId="0000000001CECE88" totalBytesRequested="32" timestamp="2019-06-16T18:10:42.430" intervalms="672.047" type="nursery" />
<cycle-start id="499" type="scavenge" contextid="0" timestamp="2019-06-16T18:10:42.430" intervalms="672.063" />
<gc-start id="500" type="scavenge" contextid="499" timestamp="2019-06-16T18:10:42.430">
  <mem-info id="501" free="795560" total="8388608" percent="9">
    <mem type="nursery" free="0" total="2097152" percent="0">
      <mem type="allocate" free="0" total="1769472" percent="0" />
      <mem type="survivor" free="0" total="327680" percent="0" />
    </mem>
    <mem type="tenure" free="795560" total="6291456" percent="12">
      <mem type="soa" free="481192" total="5977088" percent="8" />
      <mem type="loa" free="314368" total="314368" percent="100" />
    </mem>
    <remembered-set count="140" />
  </mem-info>
</gc-start>
<allocation-stats totalBytes="1455640" >
  <allocated-bytes non-tlh="32" tlh="1455608" />
  <largest-consumer threadName="node-5" threadId="0000000001CDD500" bytes="264160" />
</allocation-stats>
<gc-op id="502" type="scavenge" timems="1.144" contextid="499" timestamp="2019-06-16T18:10:42.432">
  <scavenger-info tenureage="2" tenuremask="7ffc" tiltratio="84" />
  <memory-copied type="nursery" objects="10863" bytes="260472" bytesdiscarded="52872" />
  <memory-copied type="tenure" objects="6067" bytes="145608" bytesdiscarded="0" />
</gc-op>
<gc-end id="503" type="scavenge" contextid="499" durationms="1.698" usertimems="0.000" systemtimems="0.000" timestamp="2019-06-16T18:10:42.432" activeThreads="4">
  <mem-info id="504" free="2095016" total="8388608" percent="24">
    <mem type="nursery" free="1456128" total="2097152" percent="69">
      <mem type="allocate" free="1456128" total="1769472" percent="82" />
      <mem type="survivor" free="0" total="327680" percent="0" />
    </mem>
    <mem type="tenure" free="638888" total="6291456" percent="10" macro-fragmented="581482">
      <mem type="soa" free="324520" total="5977088" percent="5" />
      <mem type="loa" free="314368" total="314368" percent="100" />
    </mem>
    <remembered-set count="117" />
  </mem-info>
</gc-end>
<cycle-end id="505" type="scavenge" contextid="499" timestamp="2019-06-16T18:10:42.432" />
  <attribute name="elasticGC enabled" value="1" />
  <attribute name= "numThreadsSpecified" value="4" />
  <attribute name="heapSize specified" value="8388608" />
  <attribute name="Current GC Util" value="0" />
  <attribute name= "Current Time Running" value="16904" />
  <attribute name ="GC Interval" value="200" />
  <attribute name="ProportionalT" value="-20.000000" />
  <attribute name="ProportionalI" value="-20.000000" />
  <attribute name="ProportionalH" value="-20.000000" />
  <attribute name="Current Error" value="-20.000000" />
  <attribute name="IntegralT" value="-13440.000000" />
  <attribute name="IntegralI" value="-13440.000000" />
  <attribute name="IntegralH" value="-13440.000000" />
  <attribute name="DerivativeT" value="-0.014881" />
  <attribute name="DerivativeI" value="-0.014881" />
  <attribute name="DerivativeH" value="-0.014881" />
  <attribute name="Loop Time for DT" value="672.000000" />
  <attribute name="Output H" value="2092630016"/>
  <attribute name="Output I" value="200"/>
  <attribute name="Output T" value="4"/>
  <attribute name="Target GC Util Change" value ="20.000000" />
  <attribute name="Current GC Util Change" value="0.000000"/>
  <attribute name="GC Util currently" value="0" />
  <attribute name="CPU Util currently" value="2" />
<allocation-satisfied id="506" threadId="0000000001CEC500" bytesRequested="32" />
<af-end id="507" timestamp="2019-06-16T18:10:42.433" threadId="0000000001CECE88" success="true" from="nursery"/>
<exclusive-end id="508" timestamp="2019-06-16T18:10:42.433" durationms="2.615" />

<exclusive-start id="509" timestamp="2019-06-16T18:10:43.068" intervalms="638.242">
  <response-info timems="0.026" idlems="0.026" threads="0" lastid="0000000001CEC500" lastname="node-4" />
</exclusive-start>
<af-start id="510" threadId="0000000001CECE88" totalBytesRequested="32" timestamp="2019-06-16T18:10:43.068" intervalms="638.238" type="nursery" />
<cycle-start id="511" type="scavenge" contextid="0" timestamp="2019-06-16T18:10:43.068" intervalms="638.217" />
<gc-start id="512" type="scavenge" contextid="511" timestamp="2019-06-16T18:10:43.069">
  <mem-info id="513" free="638888" total="8388608" percent="7">
    <mem type="nursery" free="0" total="2097152" percent="0">
      <mem type="allocate" free="0" total="1769472" percent="0" />
      <mem type="survivor" free="0" total="327680" percent="0" />
    </mem>
    <mem type="tenure" free="638888" total="6291456" percent="10">
      <mem type="soa" free="324520" total="5977088" percent="5" />
      <mem type="loa" free="314368" total="314368" percent="100" />
    </mem>
    <remembered-set count="140" />
  </mem-info>
</gc-start>
<allocation-stats totalBytes="1454832" >
  <allocated-bytes non-tlh="32" tlh="1454800" />
  <largest-consumer threadName="node-5" threadId="0000000001CDD500" bytes="286168" />
</allocation-stats>
<gc-op id="514" type="scavenge" timems="0.987" contextid="511" timestamp="2019-06-16T18:10:43.070">
  <scavenger-info tenureage="2" tenuremask="7ffc" tiltratio="84" />
  <memory-copied type="nursery" objects="10401" bytes="249384" bytesdiscarded="78296" />
  <memory-copied type="tenure" objects="5947" bytes="142728" bytesdiscarded="0" />
  <copy-failed type="nursery" objects="981" bytes="23544" />
</gc-op>
<gc-end id="515" type="scavenge" contextid="511" durationms="1.443" usertimems="4.000" systemtimems="0.000" timestamp="2019-06-16T18:10:43.070" activeThreads="4">
  <mem-info id="516" free="1963176" total="8388608" percent="23">
    <mem type="nursery" free="1441792" total="2097152" percent="68">
      <mem type="allocate" free="1441792" total="1769472" percent="81" />
      <mem type="survivor" free="0" total="327680" percent="0" />
    </mem>
    <mem type="tenure" free="521384" total="6291456" percent="8" macro-fragmented="0">
      <mem type="soa" free="207016" total="5977088" percent="3" />
      <mem type="loa" free="314368" total="314368" percent="100" />
    </mem>
    <remembered-set count="118" />
  </mem-info>
</gc-end>
<cycle-end id="517" type="scavenge" contextid="511" timestamp="2019-06-16T18:10:43.070" />
  <attribute name="elasticGC enabled" value="1" />
  <attribute name= "numThreadsSpecified" value="4" />
  <attribute name="heapSize specified" value="8388608" />
  <attribute name="Current GC Util" value="0" />
  <attribute name= "Current Time Running" value="17542" />
  <attribute name ="GC Interval" value="200" />
  <attribute name="ProportionalT" value="-20.000000" />
  <attribute name="ProportionalI" value="-20.000000" />
  <attribute name="ProportionalH" value="-20.000000" />
  <attribute name="Current Error" value="-20.000000" />
  <attribute name="IntegralT" value="-12760.000000" />
  <attribute name="IntegralI" value="-12760.000000" />
  <attribute name="IntegralH" value="-12760.000000" />
  <attribute name="DerivativeT" value="-0.015674" />
  <attribute name="DerivativeI" value="-0.015674" />
  <attribute name="DerivativeH" value="-0.015674" />
  <attribute name="Loop Time for DT" value="638.000000" />
  <attribute name="Output H" value="2092630016"/>
  <attribute name="Output I" value="200"/>
  <attribute name="Output T" value="4"/>
  <attribute name="Target GC Util Change" value ="20.000000" />
  <attribute name="Current GC Util Change" value="0.000000"/>
  <attribute name="GC Util currently" value="0" />
  <attribute name="CPU Util currently" value="1" />
<allocation-satisfied id="518" threadId="0000000001CEC500" bytesRequested="32" />
<af-end id="519" timestamp="2019-06-16T18:10:43.070" threadId="0000000001CECE88" success="true" from="nursery"/>
<exclusive-end id="520" timestamp="2019-06-16T18:10:43.070" durationms="2.152" />

<concurrent-kickoff id="521" timestamp="2019-06-16T18:10:43.540">
  <kickoff reason="threshold reached" targetBytes="1867303" thresholdFreeBytes="258006"  remainingFree="237536" tenureFreeBytes="521384" nurseryFreeBytes="237536" />
</concurrent-kickoff>
<exclusive-start id="522" timestamp="2019-06-16T18:10:43.540" intervalms="471.993">
  <response-info timems="0.028" idlems="0.028" threads="0" lastid="0000000001CEC500" lastname="node-4" />
</exclusive-start>
<cycle-start id="523" type="global" contextid="0" timestamp="2019-06-16T18:10:43.540" intervalms="17225.853" />
<exclusive-end id="524" timestamp="2019-06-16T18:10:43.540" durationms="0.107" />

<exclusive-start id="525" timestamp="2019-06-16T18:10:43.657" intervalms="116.716">
  <response-info timems="0.198" idlems="0.107" threads="1" lastid="0000000001CEC500" lastname="node-4" />
</exclusive-start>
<af-start id="526" threadId="0000000001CDDE88" totalBytesRequested="720" timestamp="2019-06-16T18:10:43.657" intervalms="588.709" type="nursery" />
<cycle-start id="527" type="scavenge" contextid="0" timestamp="2019-06-16T18:10:43.657" intervalms="588.714" />
<gc-start id="528" type="scavenge" contextid="527" timestamp="2019-06-16T18:10:43.657">
  <mem-info id="529" free="521384" total="8388608" percent="6">
    <mem type="nursery" free="0" total="2097152" percent="0">
      <mem type="allocate" free="0" total="1769472" percent="0" />
      <mem type="survivor" free="0" total="327680" percent="0" />
    </mem>
    <mem type="tenure" free="521384" total="6291456" percent="8">
      <mem type="soa" free="207016" total="5977088" percent="3" />
      <mem type="loa" free="314368" total="314368" percent="100" />
    </mem>
    <remembered-set count="141" />
  </mem-info>
</gc-start>
<allocation-stats totalBytes="1440416" >
  <allocated-bytes non-tlh="32" tlh="1440384" />
  <largest-consumer threadName="node-4" threadId="0000000001CEC500" bytes="274304" />
</allocation-stats>
<gc-op id="530" type="scavenge" timems="1.057" contextid="527" timestamp="2019-06-16T18:10:43.658">
  <scavenger-info tenureage="2" tenuremask="7ffc" tiltratio="84" />
  <memory-copied type="nursery" objects="10333" bytes="251248" bytesdiscarded="76432" />
  <memory-copied type="tenure" objects="6131" bytes="147144" bytesdiscarded="0" />
  <copy-failed type="nursery" objects="264" bytes="6336" />
</gc-op>
<gc-end id="531" type="scavenge" contextid="527" durationms="1.309" usertimems="0.000" systemtimems="0.000" timestamp="2019-06-16T18:10:43.659" activeThreads="4">
  <mem-info id="532" free="1806504" total="8388608" percent="21">
    <mem type="nursery" free="1441792" total="2097152" percent="68">
      <mem type="allocate" free="1441792" total="1769472" percent="81" />
      <mem type="survivor" free="0" total="327680" percent="0" />
    </mem>
    <mem type="tenure" free="364712" total="6291456" percent="5" macro-fragmented="290741">
      <mem type="soa" free="50344" total="5977088" percent="0" />
      <mem type="loa" free="314368" total="314368" percent="100" />
    </mem>
    <remembered-set count="122" />
  </mem-info>
</gc-end>
<cycle-end id="533" type="scavenge" contextid="527" timestamp="2019-06-16T18:10:43.659" />
  <attribute name="elasticGC enabled" value="1" />
  <attribute name= "numThreadsSpecified" value="4" />
  <attribute name="heapSize specified" value="8388608" />
  <attribute name="Current GC Util" value="0" />
  <attribute name= "Current Time Running" value="18130" />
  <attribute name ="GC Interval" value="200" />
  <attribute name="ProportionalT" value="-20.000000" />
  <attribute name="ProportionalI" value="-20.000000" />
  <attribute name="ProportionalH" value="-20.000000" />
  <attribute name="Current Error" value="-20.000000" />
  <attribute name="IntegralT" value="-11760.000000" />
  <attribute name="IntegralI" value="-11760.000000" />
  <attribute name="IntegralH" value="-11760.000000" />
  <attribute name="DerivativeT" value="-0.017007" />
  <attribute name="DerivativeI" value="-0.017007" />
  <attribute name="DerivativeH" value="-0.017007" />
  <attribute name="Loop Time for DT" value="588.000000" />
  <attribute name="Output H" value="2092630016"/>
  <attribute name="Output I" value="200"/>
  <attribute name="Output T" value="4"/>
  <attribute name="Target GC Util Change" value ="20.000000" />
  <attribute name="Current GC Util Change" value="0.000000"/>
  <attribute name="GC Util currently" value="0" />
  <attribute name="CPU Util currently" value="0" />
<allocation-satisfied id="534" threadId="0000000001CDD500" bytesRequested="720" />
<af-end id="535" timestamp="2019-06-16T18:10:43.659" threadId="0000000001CDDE88" success="true" from="nursery"/>
<exclusive-end id="536" timestamp="2019-06-16T18:10:43.659" durationms="1.985" />

<exclusive-start id="537" timestamp="2019-06-16T18:10:44.360" intervalms="702.735">
  <response-info timems="0.047" idlems="0.047" threads="0" lastid="0000000001CEC500" lastname="node-4" />
</exclusive-start>
<af-start id="538" threadId="0000000001CECE88" totalBytesRequested="16" timestamp="2019-06-16T18:10:44.360" intervalms="702.738" type="nursery" />
<percolate-collect id="539" from="nursery" to="global" reason="concurrent mark exhausted" timestamp="2019-06-16T18:10:44.360"/>
<gc-start id="540" type="global" contextid="523" timestamp="2019-06-16T18:10:44.360">
  <mem-info id="541" free="364712" total="8388608" percent="4">
    <mem type="nursery" free="0" total="2097152" percent="0">
      <mem type="allocate" free="0" total="1769472" percent="0" />
      <mem type="survivor" free="0" total="327680" percent="0" />
    </mem>
    <mem type="tenure" free="364712" total="6291456" percent="5">
      <mem type="soa" free="50344" total="5977088" percent="0" />
      <mem type="loa" free="314368" total="314368" percent="100" />
    </mem>
    <remembered-set count="141" />
  </mem-info>
</gc-start>
<allocation-stats totalBytes="1440216" >
  <allocated-bytes non-tlh="720" tlh="1439496" />
  <largest-consumer threadName="node-5" threadId="0000000001CDD500" bytes="273768" />
</allocation-stats>
<concurrent-halted id="542" timestamp="2019-06-16T18:10:44.360">
  <halted state="Complete" status="exhausted" />
  <traced bytesTarget="1867303" bytesTotal="1466892" bytesByMutator="297256" bytesByHelper="1169636" percent="78" />
  <cards cleaned="51" thresholdBytes="101638" />
</concurrent-halted>
<gc-op id="543" type="rs-scan" timems="0.220" contextid="523" timestamp="2019-06-16T18:10:44.360">
  <scan objectsFound="78" bytesTraced="6120" workStackOverflowCount="0" />
</gc-op>
<gc-op id="544" type="card-cleaning" timems="0.158" contextid="523" timestamp="2019-06-16T18:10:44.361">
  <card-cleaning cardsCleaned="7" bytesTraced="3564" workStackOverflowCount="0" />
</gc-op>
<gc-op id="545" type="mark" timems="0.809" contextid="523" timestamp="2019-06-16T18:10:44.361">
  <trace-info objectcount="240" scancount="195" scanbytes="5168" />
  <finalization candidates="13" enqueued="0" />
  <references type="soft" candidates="66" cleared="0" enqueued="0" dynamicThreshold="28" maxThreshold="32" />
  <references type="weak" candidates="130" cleared="0" enqueued="0" />
  <references type="phantom" candidates="32" cleared="2" enqueued="2" />
  <stringconstants candidates="3828" cleared="0"  />
</gc-op>
<gc-op id="546" type="sweep" timems="0.191" contextid="523" timestamp="2019-06-16T18:10:44.362" />
<mem-info id="547" free="5715672" total="8388608" percent="68">
  <mem type="nursery" free="1764152" total="2097152" percent="84">
    <mem type="allocate" free="1764152" total="1769472" percent="99" />
    <mem type="survivor" free="0" total="327680" percent="0" />
  </mem>
  <mem type="tenure" free="3951520" total="6291456" percent="62" micro-fragmented="0" macro-fragmented="2592282">
    <mem type="soa" free="3637152" total="5977088" percent="60" />
    <mem type="loa" free="314368" total="314368" percent="100" />
  </mem>
  <pending-finalizers system="0" default="0" reference="2" classloader="0" />
  <remembered-set count="138" />
</mem-info>
<gc-op id="548" type="compact" timems="13.848" contextid="523" timestamp="2019-06-16T18:10:44.376">
  <compact-info movecount="33968" movebytes="1791520" reason="compact to aid heap contraction" />
</gc-op>
<heap-resize id="549" type="expand" space="tenure" amount="2084241408" count="1" timems="0.033" reason="satisfy allocation request" timestamp="2019-06-16T18:10:44.376" />
<gc-end id="550" type="global" contextid="523" durationms="16.545" usertimems="20.000" systemtimems="0.000" timestamp="2019-06-16T18:10:44.377" activeThreads="4">
  <mem-info id="551" free="2089959496" total="2092630016" percent="99">
    <mem type="nursery" free="1765784" total="2097152" percent="84">
      <mem type="allocate" free="1765784" total="1769472" percent="99" />
      <mem type="survivor" free="0" total="327680" percent="0" />
    </mem>
    <mem type="tenure" free="2088193712" total="2090532864" percent="99">
      <mem type="soa" free="1983667888" total="1986007040" percent="99" />
      <mem type="loa" free="104525824" total="104525824" percent="100" />
    </mem>
    <pending-finalizers system="0" default="0" reference="2" classloader="0" />
    <remembered-set count="138" />
  </mem-info>
</gc-end>
<cycle-end id="552" type="global" contextid="523" timestamp="2019-06-16T18:10:44.377" />
  <attribute name="elasticGC enabled" value="1" />
  <attribute name= "numThreadsSpecified" value="4" />
  <attribute name="heapSize specified" value="8388608" />
  <attribute name="Current GC Util" value="11" />
  <attribute name= "Current Time Running" value="18849" />
  <attribute name ="GC Interval" value="200" />
  <attribute name="ProportionalT" value="-9.000000" />
  <attribute name="ProportionalI" value="-9.000000" />
  <attribute name="ProportionalH" value="-9.000000" />
  <attribute name="Current Error" value="-9.000000" />
  <attribute name="IntegralT" value="-126.000000" />
  <attribute name="IntegralI" value="-126.000000" />
  <attribute name="IntegralH" value="-126.000000" />
  <attribute name="DerivativeT" value="-0.321429" />
  <attribute name="DerivativeI" value="-0.321429" />
  <attribute name="DerivativeH" value="-0.321429" />
  <attribute name="Loop Time for DT" value="14.000000" />
  <attribute name="Output H" value="2092630016"/>
  <attribute name="Output I" value="200"/>
  <attribute name="Output T" value="4"/>
  <attribute name="Target GC Util Change" value ="20.000000" />
  <attribute name="Current GC Util Change" value="11.000000"/>
  <attribute name="GC Util currently" value="11" />
  <attribute name="CPU Util currently" value="328407854527" />
<allocation-satisfied id="553" threadId="0000000001CEC500" bytesRequested="16" />
<af-end id="554" timestamp="2019-06-16T18:10:44.377" threadId="0000000001CECE88" success="true" from="nursery"/>
<exclusive-end id="555" timestamp="2019-06-16T18:10:44.377" durationms="17.300" />

<exclusive-start id="556" timestamp="2019-06-16T18:10:45.114" intervalms="754.138">
  <response-info timems="0.044" idlems="0.023" threads="1" lastid="0000000001CE1100" lastname="node-2" />
</exclusive-start>
<af-start id="557" threadId="0000000001CDDE88" totalBytesRequested="32" timestamp="2019-06-16T18:10:45.114" intervalms="754.145" type="nursery" />
<cycle-start id="558" type="scavenge" contextid="0" timestamp="2019-06-16T18:10:45.114" intervalms="1456.880" />
<gc-start id="559" type="scavenge" contextid="558" timestamp="2019-06-16T18:10:45.114">
  <mem-info id="560" free="2088193712" total="2092630016" percent="99">
    <mem type="nursery" free="0" total="2097152" percent="0">
      <mem type="allocate" free="0" total="1769472" percent="0" />
      <mem type="survivor" free="0" total="327680" percent="0" />
    </mem>
    <mem type="tenure" free="2088193712" total="2090532864" percent="99">
      <mem type="soa" free="1983667888" total="1986007040" percent="99" />
      <mem type="loa" free="104525824" total="104525824" percent="100" />
    </mem>
    <remembered-set count="141" />
  </mem-info>
</gc-start>
<allocation-stats totalBytes="1765008" >
  <allocated-bytes non-tlh="16" tlh="1764992" />
  <largest-consumer threadName="node-4" threadId="0000000001CEC500" bytes="332088" />
</allocation-stats>
<gc-op id="561" type="scavenge" timems="0.180" contextid="558" timestamp="2019-06-16T18:10:45.114">
  <scavenger-info tenureage="2" tenuremask="7ffc" tiltratio="84" />
  <memory-copied type="nursery" objects="50" bytes="3656" bytesdiscarded="113848" />
</gc-op>
<gc-end id="562" type="scavenge" contextid="558" durationms="0.687" usertimems="0.000" systemtimems="0.000" timestamp="2019-06-16T18:10:45.115" activeThreads="4">
  <mem-info id="563" free="2089845680" total="2092630016" percent="99">
    <mem type="nursery" free="1651968" total="2097152" percent="78">
      <mem type="allocate" free="1651968" total="1769472" percent="93" />
      <mem type="survivor" free="0" total="327680" percent="0" />
    </mem>
    <mem type="tenure" free="2088193712" total="2090532864" percent="99" macro-fragmented="1041779">
      <mem type="soa" free="1983667888" total="1986007040" percent="99" />
      <mem type="loa" free="104525824" total="104525824" percent="100" />
    </mem>
    <remembered-set count="122" />
  </mem-info>
</gc-end>
<cycle-end id="564" type="scavenge" contextid="558" timestamp="2019-06-16T18:10:45.115" />
  <attribute name="elasticGC enabled" value="1" />
  <attribute name= "numThreadsSpecified" value="4" />
  <attribute name="heapSize specified" value="8388608" />
  <attribute name="Current GC Util" value="4" />
  <attribute name= "Current Time Running" value="19587" />
  <attribute name ="GC Interval" value="200" />
  <attribute name="ProportionalT" value="-16.000000" />
  <attribute name="ProportionalI" value="-16.000000" />
  <attribute name="ProportionalH" value="-16.000000" />
  <attribute name="Current Error" value="-16.000000" />
  <attribute name="IntegralT" value="-11808.000000" />
  <attribute name="IntegralI" value="-11808.000000" />
  <attribute name="IntegralH" value="-11808.000000" />
  <attribute name="DerivativeT" value="-0.010840" />
  <attribute name="DerivativeI" value="-0.010840" />
  <attribute name="DerivativeH" value="-0.010840" />
  <attribute name="Loop Time for DT" value="738.000000" />
  <attribute name="Output H" value="2092630016"/>
  <attribute name="Output I" value="200"/>
  <attribute name="Output T" value="4"/>
  <attribute name="Target GC Util Change" value ="20.000000" />
  <attribute name="Current GC Util Change" value="4.000000"/>
  <attribute name="GC Util currently" value="4" />
  <attribute name="CPU Util currently" value="2" />
<allocation-satisfied id="565" threadId="0000000001CDD500" bytesRequested="32" />
<af-end id="566" timestamp="2019-06-16T18:10:45.115" threadId="0000000001CDDE88" success="true" from="nursery"/>
<exclusive-end id="567" timestamp="2019-06-16T18:10:45.115" durationms="1.229" />

<exclusive-start id="568" timestamp="2019-06-16T18:10:45.827" intervalms="713.366">
  <response-info timems="0.044" idlems="0.044" threads="0" lastid="0000000001CEC500" lastname="node-4" />
</exclusive-start>
<af-start id="569" threadId="0000000001CECE88" totalBytesRequested="32" timestamp="2019-06-16T18:10:45.827" intervalms="713.395" type="nursery" />
<cycle-start id="570" type="scavenge" contextid="0" timestamp="2019-06-16T18:10:45.828" intervalms="713.444" />
<gc-start id="571" type="scavenge" contextid="570" timestamp="2019-06-16T18:10:45.828">
  <mem-info id="572" free="2088193712" total="2092630016" percent="99">
    <mem type="nursery" free="0" total="2097152" percent="0">
      <mem type="allocate" free="0" total="1769472" percent="0" />
      <mem type="survivor" free="0" total="327680" percent="0" />
    </mem>
    <mem type="tenure" free="2088193712" total="2090532864" percent="99">
      <mem type="soa" free="1983667888" total="1986007040" percent="99" />
      <mem type="loa" free="104525824" total="104525824" percent="100" />
    </mem>
    <remembered-set count="140" />
  </mem-info>
</gc-start>
<allocation-stats totalBytes="1651632" >
  <allocated-bytes non-tlh="32" tlh="1651600" />
  <largest-consumer threadName="node-5" threadId="0000000001CDD500" bytes="307152" />
</allocation-stats>
<gc-op id="573" type="scavenge" timems="0.181" contextid="570" timestamp="2019-06-16T18:10:45.828">
  <scavenger-info tenureage="4" tenuremask="7ff0" tiltratio="84" />
  <memory-copied type="nursery" objects="34" bytes="576" bytesdiscarded="77760" />
</gc-op>
<gc-end id="574" type="scavenge" contextid="570" durationms="0.546" usertimems="0.000" systemtimems="0.000" timestamp="2019-06-16T18:10:45.828" activeThreads="4">
  <mem-info id="575" free="2089950384" total="2092630016" percent="99">
    <mem type="nursery" free="1756672" total="2097152" percent="83">
      <mem type="allocate" free="1756672" total="1835008" percent="95" />
      <mem type="survivor" free="0" total="262144" percent="0" />
    </mem>
    <mem type="tenure" free="2088193712" total="2090532864" percent="99" macro-fragmented="0">
      <mem type="soa" free="1983667888" total="1986007040" percent="99" />
      <mem type="loa" free="104525824" total="104525824" percent="100" />
    </mem>
    <remembered-set count="117" />
  </mem-info>
</gc-end>
<cycle-end id="576" type="scavenge" contextid="570" timestamp="2019-06-16T18:10:45.828" />
  <attribute name="elasticGC enabled" value="1" />
  <attribute name= "numThreadsSpecified" value="4" />
  <attribute name="heapSize specified" value="8388608" />
  <attribute name="Current GC Util" value="0" />
  <attribute name= "Current Time Running" value="20301" />
  <attribute name ="GC Interval" value="200" />
  <attribute name="ProportionalT" value="-20.000000" />
  <attribute name="ProportionalI" value="-20.000000" />
  <attribute name="ProportionalH" value="-20.000000" />
  <attribute name="Current Error" value="-20.000000" />
  <attribute name="IntegralT" value="-14280.000000" />
  <attribute name="IntegralI" value="-14280.000000" />
  <attribute name="IntegralH" value="-14280.000000" />
  <attribute name="DerivativeT" value="-0.014006" />
  <attribute name="DerivativeI" value="-0.014006" />
  <attribute name="DerivativeH" value="-0.014006" />
  <attribute name="Loop Time for DT" value="714.000000" />
  <attribute name="Output H" value="2092630016"/>
  <attribute name="Output I" value="200"/>
  <attribute name="Output T" value="4"/>
  <attribute name="Target GC Util Change" value ="20.000000" />
  <attribute name="Current GC Util Change" value="0.000000"/>
  <attribute name="GC Util currently" value="0" />
  <attribute name="CPU Util currently" value="1" />
<allocation-satisfied id="577" threadId="0000000001CEC500" bytesRequested="32" />
<af-end id="578" timestamp="2019-06-16T18:10:45.828" threadId="0000000001CECE88" success="true" from="nursery"/>
<exclusive-end id="579" timestamp="2019-06-16T18:10:45.828" durationms="1.097" />

<exclusive-start id="580" timestamp="2019-06-16T18:10:46.546" intervalms="718.383">
  <response-info timems="0.028" idlems="0.028" threads="0" lastid="0000000001CEC500" lastname="node-4" />
</exclusive-start>
<af-start id="581" threadId="0000000001CECE88" totalBytesRequested="24" timestamp="2019-06-16T18:10:46.546" intervalms="718.350" type="nursery" />
<cycle-start id="582" type="scavenge" contextid="0" timestamp="2019-06-16T18:10:46.546" intervalms="718.301" />
<gc-start id="583" type="scavenge" contextid="582" timestamp="2019-06-16T18:10:46.546">
  <mem-info id="584" free="2088193712" total="2092630016" percent="99">
    <mem type="nursery" free="0" total="2097152" percent="0">
      <mem type="allocate" free="0" total="1835008" percent="0" />
      <mem type="survivor" free="0" total="262144" percent="0" />
    </mem>
    <mem type="tenure" free="2088193712" total="2090532864" percent="99">
      <mem type="soa" free="1983667888" total="1986007040" percent="99" />
      <mem type="loa" free="104525824" total="104525824" percent="100" />
    </mem>
    <remembered-set count="140" />
  </mem-info>
</gc-start>
<allocation-stats totalBytes="1754616" >
  <allocated-bytes non-tlh="32" tlh="1754584" />
  <largest-consumer threadName="node-5" threadId="0000000001CDD500" bytes="314768" />
</allocation-stats>
<gc-op id="585" type="scavenge" timems="0.330" contextid="582" timestamp="2019-06-16T18:10:46.546">
  <scavenger-info tenureage="5" tenuremask="7fe0" tiltratio="87" />
  <memory-copied type="nursery" objects="46" bytes="2056" bytesdiscarded="76280" />
</gc-op>
<gc-end id="586" type="scavenge" contextid="582" durationms="0.669" usertimems="0.000" systemtimems="4.000" timestamp="2019-06-16T18:10:46.547" activeThreads="4">
  <mem-info id="587" free="2089950384" total="2092630016" percent="99">
    <mem type="nursery" free="1756672" total="2097152" percent="83">
      <mem type="allocate" free="1756672" total="1835008" percent="95" />
      <mem type="survivor" free="0" total="262144" percent="0" />
    </mem>
    <mem type="tenure" free="2088193712" total="2090532864" percent="99" macro-fragmented="3110739">
      <mem type="soa" free="1983667888" total="1986007040" percent="99" />
      <mem type="loa" free="104525824" total="104525824" percent="100" />
    </mem>
    <remembered-set count="123" />
  </mem-info>
</gc-end>
<cycle-end id="588" type="scavenge" contextid="582" timestamp="2019-06-16T18:10:46.547" />
  <attribute name="elasticGC enabled" value="1" />
  <attribute name= "numThreadsSpecified" value="4" />
  <attribute name="heapSize specified" value="8388608" />
  <attribute name="Current GC Util" value="0" />
  <attribute name= "Current Time Running" value="21019" />
  <attribute name ="GC Interval" value="200" />
  <attribute name="ProportionalT" value="-20.000000" />
  <attribute name="ProportionalI" value="-20.000000" />
  <attribute name="ProportionalH" value="-20.000000" />
  <attribute name="Current Error" value="-20.000000" />
  <attribute name="IntegralT" value="-14360.000000" />
  <attribute name="IntegralI" value="-14360.000000" />
  <attribute name="IntegralH" value="-14360.000000" />
  <attribute name="DerivativeT" value="-0.013928" />
  <attribute name="DerivativeI" value="-0.013928" />
  <attribute name="DerivativeH" value="-0.013928" />
  <attribute name="Loop Time for DT" value="718.000000" />
  <attribute name="Output H" value="2092630016"/>
  <attribute name="Output I" value="200"/>
  <attribute name="Output T" value="4"/>
  <attribute name="Target GC Util Change" value ="20.000000" />
  <attribute name="Current GC Util Change" value="0.000000"/>
  <attribute name="GC Util currently" value="0" />
  <attribute name="CPU Util currently" value="0" />
<allocation-satisfied id="589" threadId="0000000001CEC500" bytesRequested="24" />
<af-end id="590" timestamp="2019-06-16T18:10:46.547" threadId="0000000001CECE88" success="true" from="nursery"/>
<exclusive-end id="591" timestamp="2019-06-16T18:10:46.547" durationms="1.093" />

<exclusive-start id="592" timestamp="2019-06-16T18:10:47.345" intervalms="799.622">
  <response-info timems="0.022" idlems="0.022" threads="0" lastid="0000000001CE8900" lastname="node-3" />
</exclusive-start>
<af-start id="593" threadId="0000000001CE9288" totalBytesRequested="32" timestamp="2019-06-16T18:10:47.345" intervalms="799.653" type="nursery" />
<cycle-start id="594" type="scavenge" contextid="0" timestamp="2019-06-16T18:10:47.345" intervalms="799.694" />
<gc-start id="595" type="scavenge" contextid="594" timestamp="2019-06-16T18:10:47.346">
  <mem-info id="596" free="2088193712" total="2092630016" percent="99">
    <mem type="nursery" free="0" total="2097152" percent="0">
      <mem type="allocate" free="0" total="1835008" percent="0" />
      <mem type="survivor" free="0" total="262144" percent="0" />
    </mem>
    <mem type="tenure" free="2088193712" total="2090532864" percent="99">
      <mem type="soa" free="1983667888" total="1986007040" percent="99" />
      <mem type="loa" free="104525824" total="104525824" percent="100" />
    </mem>
    <remembered-set count="138" />
  </mem-info>
</gc-start>
<allocation-stats totalBytes="1755816" >
  <allocated-bytes non-tlh="24" tlh="1755792" />
  <largest-consumer threadName="node-4" threadId="0000000001CEC500" bytes="315336" />
</allocation-stats>
<gc-op id="597" type="scavenge" timems="0.302" contextid="594" timestamp="2019-06-16T18:10:47.346">
  <scavenger-info tenureage="6" tenuremask="7fc0" tiltratio="87" />
  <memory-copied type="nursery" objects="44" bytes="1544" bytesdiscarded="76792" />
</gc-op>
<gc-end id="598" type="scavenge" contextid="594" durationms="1.053" usertimems="0.000" systemtimems="0.000" timestamp="2019-06-16T18:10:47.347" activeThreads="4">
  <mem-info id="599" free="2089950384" total="2092630016" percent="99">
    <mem type="nursery" free="1756672" total="2097152" percent="83">
      <mem type="allocate" free="1756672" total="1835008" percent="95" />
      <mem type="survivor" free="0" total="262144" percent="0" />
    </mem>
    <mem type="tenure" free="2088193712" total="2090532864" percent="99" macro-fragmented="0">
      <mem type="soa" free="1983667888" total="1986007040" percent="99" />
      <mem type="loa" free="104525824" total="104525824" percent="100" />
    </mem>
    <remembered-set count="120" />
  </mem-info>
</gc-end>
<cycle-end id="600" type="scavenge" contextid="594" timestamp="2019-06-16T18:10:47.347" />
  <attribute name="elasticGC enabled" value="1" />
  <attribute name= "numThreadsSpecified" value="4" />
  <attribute name="heapSize specified" value="8388608" />
  <attribute name="Current GC Util" value="0" />
  <attribute name= "Current Time Running" value="21819" />
  <attribute name ="GC Interval" value="200" />
  <attribute name="ProportionalT" value="-20.000000" />
  <attribute name="ProportionalI" value="-20.000000" />
  <attribute name="ProportionalH" value="-20.000000" />
  <attribute name="Current Error" value="-20.000000" />
  <attribute name="IntegralT" value="-16000.000000" />
  <attribute name="IntegralI" value="-16000.000000" />
  <attribute name="IntegralH" value="-16000.000000" />
  <attribute name="DerivativeT" value="-0.012500" />
  <attribute name="DerivativeI" value="-0.012500" />
  <attribute name="DerivativeH" value="-0.012500" />
  <attribute name="Loop Time for DT" value="800.000000" />
  <attribute name="Output H" value="2092630016"/>
  <attribute name="Output I" value="200"/>
  <attribute name="Output T" value="4"/>
  <attribute name="Target GC Util Change" value ="20.000000" />
  <attribute name="Current GC Util Change" value="0.000000"/>
  <attribute name="GC Util currently" value="0" />
  <attribute name="CPU Util currently" value="0" />
<allocation-satisfied id="601" threadId="0000000001CE8900" bytesRequested="32" />
<af-end id="602" timestamp="2019-06-16T18:10:47.347" threadId="0000000001CE9288" success="true" from="nursery"/>
<exclusive-end id="603" timestamp="2019-06-16T18:10:47.347" durationms="1.787" />

<exclusive-start id="604" timestamp="2019-06-16T18:10:48.150" intervalms="804.337">
  <response-info timems="0.030" idlems="0.030" threads="0" lastid="0000000001CE8900" lastname="node-3" />
</exclusive-start>
<af-start id="605" threadId="0000000001CE9288" totalBytesRequested="32" timestamp="2019-06-16T18:10:48.150" intervalms="804.306" type="nursery" />
<cycle-start id="606" type="scavenge" contextid="0" timestamp="2019-06-16T18:10:48.150" intervalms="804.263" />
<gc-start id="607" type="scavenge" contextid="606" timestamp="2019-06-16T18:10:48.150">
  <mem-info id="608" free="2088193712" total="2092630016" percent="99">
    <mem type="nursery" free="0" total="2097152" percent="0">
      <mem type="allocate" free="0" total="1835008" percent="0" />
      <mem type="survivor" free="0" total="262144" percent="0" />
    </mem>
    <mem type="tenure" free="2088193712" total="2090532864" percent="99">
      <mem type="soa" free="1983667888" total="1986007040" percent="99" />
      <mem type="loa" free="104525824" total="104525824" percent="100" />
    </mem>
    <remembered-set count="138" />
  </mem-info>
</gc-start>
<allocation-stats totalBytes="1756056" >
  <allocated-bytes non-tlh="32" tlh="1756024" />
  <largest-consumer threadName="node-5" threadId="0000000001CDD500" bytes="315336" />
</allocation-stats>
<gc-op id="609" type="scavenge" timems="0.885" contextid="606" timestamp="2019-06-16T18:10:48.151">
  <scavenger-info tenureage="7" tenuremask="7f80" tiltratio="87" />
  <memory-copied type="nursery" objects="35" bytes="600" bytesdiscarded="116904" />
</gc-op>
<gc-end id="610" type="scavenge" contextid="606" durationms="1.227" usertimems="0.000" systemtimems="0.000" timestamp="2019-06-16T18:10:48.151" activeThreads="4">
  <mem-info id="611" free="2089911216" total="2092630016" percent="99">
    <mem type="nursery" free="1717504" total="2097152" percent="81">
      <mem type="allocate" free="1717504" total="1835008" percent="93" />
      <mem type="survivor" free="0" total="262144" percent="0" />
    </mem>
    <mem type="tenure" free="2088193712" total="2090532864" percent="99" macro-fragmented="0">
      <mem type="soa" free="1983667888" total="1986007040" percent="99" />
      <mem type="loa" free="104525824" total="104525824" percent="100" />
    </mem>
    <remembered-set count="115" />
  </mem-info>
</gc-end>
<cycle-end id="612" type="scavenge" contextid="606" timestamp="2019-06-16T18:10:48.151" />
  <attribute name="elasticGC enabled" value="1" />
  <attribute name= "numThreadsSpecified" value="4" />
  <attribute name="heapSize specified" value="8388608" />
  <attribute name="Current GC Util" value="0" />
  <attribute name= "Current Time Running" value="22623" />
  <attribute name ="GC Interval" value="200" />
  <attribute name="ProportionalT" value="-20.000000" />
  <attribute name="ProportionalI" value="-20.000000" />
  <attribute name="ProportionalH" value="-20.000000" />
  <attribute name="Current Error" value="-20.000000" />
  <attribute name="IntegralT" value="-16080.000000" />
  <attribute name="IntegralI" value="-16080.000000" />
  <attribute name="IntegralH" value="-16080.000000" />
  <attribute name="DerivativeT" value="-0.012438" />
  <attribute name="DerivativeI" value="-0.012438" />
  <attribute name="DerivativeH" value="-0.012438" />
  <attribute name="Loop Time for DT" value="804.000000" />
  <attribute name="Output H" value="2092630016"/>
  <attribute name="Output I" value="200"/>
  <attribute name="Output T" value="4"/>
  <attribute name="Target GC Util Change" value ="20.000000" />
  <attribute name="Current GC Util Change" value="0.000000"/>
  <attribute name="GC Util currently" value="0" />
  <attribute name="CPU Util currently" value="1" />
<allocation-satisfied id="613" threadId="0000000001CE8900" bytesRequested="32" />
<af-end id="614" timestamp="2019-06-16T18:10:48.151" threadId="0000000001CE9288" success="true" from="nursery"/>
<exclusive-end id="615" timestamp="2019-06-16T18:10:48.151" durationms="1.794" />

<exclusive-start id="616" timestamp="2019-06-16T18:10:48.809" intervalms="659.235">
  <response-info timems="0.024" idlems="0.024" threads="0" lastid="0000000001CE1100" lastname="node-2" />
</exclusive-start>
<af-start id="617" threadId="0000000001CE1A88" totalBytesRequested="24" timestamp="2019-06-16T18:10:48.809" intervalms="659.224" type="nursery" />
<cycle-start id="618" type="scavenge" contextid="0" timestamp="2019-06-16T18:10:48.809" intervalms="659.228" />
<gc-start id="619" type="scavenge" contextid="618" timestamp="2019-06-16T18:10:48.809">
  <mem-info id="620" free="2088193712" total="2092630016" percent="99">
    <mem type="nursery" free="0" total="2097152" percent="0">
      <mem type="allocate" free="0" total="1835008" percent="0" />
      <mem type="survivor" free="0" total="262144" percent="0" />
    </mem>
    <mem type="tenure" free="2088193712" total="2090532864" percent="99">
      <mem type="soa" free="1983667888" total="1986007040" percent="99" />
      <mem type="loa" free="104525824" total="104525824" percent="100" />
    </mem>
    <remembered-set count="138" />
  </mem-info>
</gc-start>
<allocation-stats totalBytes="1716744" >
  <allocated-bytes non-tlh="32" tlh="1716712" />
  <largest-consumer threadName="node-5" threadId="0000000001CDD500" bytes="315288" />
</allocation-stats>
<gc-op id="621" type="scavenge" timems="0.177" contextid="618" timestamp="2019-06-16T18:10:48.809">
  <scavenger-info tenureage="8" tenuremask="7f00" tiltratio="87" />
  <memory-copied type="nursery" objects="48" bytes="2104" bytesdiscarded="76232" />
</gc-op>
<gc-end id="622" type="scavenge" contextid="618" durationms="0.511" usertimems="0.000" systemtimems="0.000" timestamp="2019-06-16T18:10:48.810" activeThreads="4">
  <mem-info id="623" free="2089950384" total="2092630016" percent="99">
    <mem type="nursery" free="1756672" total="2097152" percent="83">
      <mem type="allocate" free="1756672" total="1835008" percent="95" />
      <mem type="survivor" free="0" total="262144" percent="0" />
    </mem>
    <mem type="tenure" free="2088193712" total="2090532864" percent="99" macro-fragmented="0">
      <mem type="soa" free="1983667888" total="1986007040" percent="99" />
      <mem type="loa" free="104525824" total="104525824" percent="100" />
    </mem>
    <remembered-set count="122" />
  </mem-info>
</gc-end>
<cycle-end id="624" type="scavenge" contextid="618" timestamp="2019-06-16T18:10:48.810" />
  <attribute name="elasticGC enabled" value="1" />
  <attribute name= "numThreadsSpecified" value="4" />
  <attribute name="heapSize specified" value="8388608" />
  <attribute name="Current GC Util" value="0" />
  <attribute name= "Current Time Running" value="23282" />
  <attribute name ="GC Interval" value="200" />
  <attribute name="ProportionalT" value="-20.000000" />
  <attribute name="ProportionalI" value="-20.000000" />
  <attribute name="ProportionalH" value="-20.000000" />
  <attribute name="Current Error" value="-20.000000" />
  <attribute name="IntegralT" value="-13180.000000" />
  <attribute name="IntegralI" value="-13180.000000" />
  <attribute name="IntegralH" value="-13180.000000" />
  <attribute name="DerivativeT" value="-0.015175" />
  <attribute name="DerivativeI" value="-0.015175" />
  <attribute name="DerivativeH" value="-0.015175" />
  <attribute name="Loop Time for DT" value="659.000000" />
  <attribute name="Output H" value="2092630016"/>
  <attribute name="Output I" value="200"/>
  <attribute name="Output T" value="4"/>
  <attribute name="Target GC Util Change" value ="20.000000" />
  <attribute name="Current GC Util Change" value="0.000000"/>
  <attribute name="GC Util currently" value="0" />
  <attribute name="CPU Util currently" value="1" />
<allocation-satisfied id="625" threadId="0000000001CE1100" bytesRequested="24" />
<af-end id="626" timestamp="2019-06-16T18:10:48.810" threadId="0000000001CE1A88" success="true" from="nursery"/>
<exclusive-end id="627" timestamp="2019-06-16T18:10:48.810" durationms="1.111" />

<exclusive-start id="628" timestamp="2019-06-16T18:10:49.668" intervalms="859.171">
  <response-info timems="0.023" idlems="0.023" threads="0" lastid="0000000001CE4D00" lastname="node-0" />
</exclusive-start>
<af-start id="629" threadId="0000000001CE5688" totalBytesRequested="32" timestamp="2019-06-16T18:10:49.668" intervalms="859.188" type="nursery" />
<cycle-start id="630" type="scavenge" contextid="0" timestamp="2019-06-16T18:10:49.668" intervalms="859.198" />
<gc-start id="631" type="scavenge" contextid="630" timestamp="2019-06-16T18:10:49.668">
  <mem-info id="632" free="2088193712" total="2092630016" percent="99">
    <mem type="nursery" free="0" total="2097152" percent="0">
      <mem type="allocate" free="0" total="1835008" percent="0" />
      <mem type="survivor" free="0" total="262144" percent="0" />
    </mem>
    <mem type="tenure" free="2088193712" total="2090532864" percent="99">
      <mem type="soa" free="1983667888" total="1986007040" percent="99" />
      <mem type="loa" free="104525824" total="104525824" percent="100" />
    </mem>
    <remembered-set count="138" />
  </mem-info>
</gc-start>
<allocation-stats totalBytes="1755512" >
  <allocated-bytes non-tlh="24" tlh="1755488" />
  <largest-consumer threadName="node-4" threadId="0000000001CEC500" bytes="315328" />
</allocation-stats>
<gc-op id="633" type="scavenge" timems="0.308" contextid="630" timestamp="2019-06-16T18:10:49.669">
  <scavenger-info tenureage="9" tenuremask="7e00" tiltratio="87" />
  <memory-copied type="nursery" objects="35" bytes="600" bytesdiscarded="38568" />
</gc-op>
<gc-end id="634" type="scavenge" contextid="630" durationms="0.841" usertimems="0.000" systemtimems="0.000" timestamp="2019-06-16T18:10:49.669" activeThreads="4">
  <mem-info id="635" free="2089989552" total="2092630016" percent="99">
    <mem type="nursery" free="1795840" total="2097152" percent="85">
      <mem type="allocate" free="1795840" total="1835008" percent="97" />
      <mem type="survivor" free="0" total="262144" percent="0" />
    </mem>
    <mem type="tenure" free="2088193712" total="2090532864" percent="99" macro-fragmented="0">
      <mem type="soa" free="1983667888" total="1986007040" percent="99" />
      <mem type="loa" free="104525824" total="104525824" percent="100" />
    </mem>
    <remembered-set count="115" />
  </mem-info>
</gc-end>
<cycle-end id="636" type="scavenge" contextid="630" timestamp="2019-06-16T18:10:49.669" />
  <attribute name="elasticGC enabled" value="1" />
  <attribute name= "numThreadsSpecified" value="4" />
  <attribute name="heapSize specified" value="8388608" />
  <attribute name="Current GC Util" value="0" />
  <attribute name= "Current Time Running" value="24141" />
  <attribute name ="GC Interval" value="200" />
  <attribute name="ProportionalT" value="-20.000000" />
  <attribute name="ProportionalI" value="-20.000000" />
  <attribute name="ProportionalH" value="-20.000000" />
  <attribute name="Current Error" value="-20.000000" />
  <attribute name="IntegralT" value="-17180.000000" />
  <attribute name="IntegralI" value="-17180.000000" />
  <attribute name="IntegralH" value="-17180.000000" />
  <attribute name="DerivativeT" value="-0.011641" />
  <attribute name="DerivativeI" value="-0.011641" />
  <attribute name="DerivativeH" value="-0.011641" />
  <attribute name="Loop Time for DT" value="859.000000" />
  <attribute name="Output H" value="2092630016"/>
  <attribute name="Output I" value="200"/>
  <attribute name="Output T" value="4"/>
  <attribute name="Target GC Util Change" value ="20.000000" />
  <attribute name="Current GC Util Change" value="0.000000"/>
  <attribute name="GC Util currently" value="0" />
  <attribute name="CPU Util currently" value="2" />
<allocation-satisfied id="637" threadId="0000000001CE4D00" bytesRequested="32" />
<af-end id="638" timestamp="2019-06-16T18:10:49.669" threadId="0000000001CE5688" success="true" from="nursery"/>
<exclusive-end id="639" timestamp="2019-06-16T18:10:49.669" durationms="1.396" />

<exclusive-start id="640" timestamp="2019-06-16T18:10:50.398" intervalms="729.737">
  <response-info timems="0.024" idlems="0.024" threads="0" lastid="0000000001CE8900" lastname="node-3" />
</exclusive-start>
<af-start id="641" threadId="0000000001CE9288" totalBytesRequested="32" timestamp="2019-06-16T18:10:50.398" intervalms="729.739" type="nursery" />
<cycle-start id="642" type="scavenge" contextid="0" timestamp="2019-06-16T18:10:50.398" intervalms="729.742" />
<gc-start id="643" type="scavenge" contextid="642" timestamp="2019-06-16T18:10:50.398">
  <mem-info id="644" free="2088193712" total="2092630016" percent="99">
    <mem type="nursery" free="0" total="2097152" percent="0">
      <mem type="allocate" free="0" total="1835008" percent="0" />
      <mem type="survivor" free="0" total="262144" percent="0" />
    </mem>
    <mem type="tenure" free="2088193712" total="2090532864" percent="99">
      <mem type="soa" free="1983667888" total="1986007040" percent="99" />
      <mem type="loa" free="104525824" total="104525824" percent="100" />
    </mem>
    <remembered-set count="138" />
  </mem-info>
</gc-start>
<allocation-stats totalBytes="1795024" >
  <allocated-bytes non-tlh="32" tlh="1794992" />
  <largest-consumer threadName="node-4" threadId="0000000001CEC500" bytes="315320" />
</allocation-stats>
<gc-op id="645" type="scavenge" timems="0.371" contextid="642" timestamp="2019-06-16T18:10:50.398">
  <scavenger-info tenureage="10" tenuremask="7c00" tiltratio="87" />
  <memory-copied type="nursery" objects="33" bytes="552" bytesdiscarded="38616" />
</gc-op>
<gc-end id="646" type="scavenge" contextid="642" durationms="0.940" usertimems="0.000" systemtimems="0.000" timestamp="2019-06-16T18:10:50.399" activeThreads="4">
  <mem-info id="647" free="2089989552" total="2092630016" percent="99">
    <mem type="nursery" free="1795840" total="2097152" percent="85">
      <mem type="allocate" free="1795840" total="1835008" percent="97" />
      <mem type="survivor" free="0" total="262144" percent="0" />
    </mem>
    <mem type="tenure" free="2088193712" total="2090532864" percent="99" macro-fragmented="1250136">
      <mem type="soa" free="1983667888" total="1986007040" percent="99" />
      <mem type="loa" free="104525824" total="104525824" percent="100" />
    </mem>
    <remembered-set count="115" />
  </mem-info>
</gc-end>
<cycle-end id="648" type="scavenge" contextid="642" timestamp="2019-06-16T18:10:50.399" />
  <attribute name="elasticGC enabled" value="1" />
  <attribute name= "numThreadsSpecified" value="4" />
  <attribute name="heapSize specified" value="8388608" />
  <attribute name="Current GC Util" value="0" />
  <attribute name= "Current Time Running" value="24871" />
  <attribute name ="GC Interval" value="200" />
  <attribute name="ProportionalT" value="-20.000000" />
  <attribute name="ProportionalI" value="-20.000000" />
  <attribute name="ProportionalH" value="-20.000000" />
  <attribute name="Current Error" value="-20.000000" />
  <attribute name="IntegralT" value="-14600.000000" />
  <attribute name="IntegralI" value="-14600.000000" />
  <attribute name="IntegralH" value="-14600.000000" />
  <attribute name="DerivativeT" value="-0.013699" />
  <attribute name="DerivativeI" value="-0.013699" />
  <attribute name="DerivativeH" value="-0.013699" />
  <attribute name="Loop Time for DT" value="730.000000" />
  <attribute name="Output H" value="2092630016"/>
  <attribute name="Output I" value="200"/>
  <attribute name="Output T" value="4"/>
  <attribute name="Target GC Util Change" value ="20.000000" />
  <attribute name="Current GC Util Change" value="0.000000"/>
  <attribute name="GC Util currently" value="0" />
  <attribute name="CPU Util currently" value="0" />
<allocation-satisfied id="649" threadId="0000000001CE8900" bytesRequested="32" />
<af-end id="650" timestamp="2019-06-16T18:10:50.399" threadId="0000000001CE9288" success="true" from="nursery"/>
<exclusive-end id="651" timestamp="2019-06-16T18:10:50.399" durationms="1.638" />

<exclusive-start id="652" timestamp="2019-06-16T18:10:51.227" intervalms="828.847">
  <response-info timems="0.035" idlems="0.035" threads="0" lastid="0000000001CE1100" lastname="node-2" />
</exclusive-start>
<af-start id="653" threadId="0000000001CE1A88" totalBytesRequested="24" timestamp="2019-06-16T18:10:51.227" intervalms="828.859" type="nursery" />
<cycle-start id="654" type="scavenge" contextid="0" timestamp="2019-06-16T18:10:51.227" intervalms="828.857" />
<gc-start id="655" type="scavenge" contextid="654" timestamp="2019-06-16T18:10:51.227">
  <mem-info id="656" free="2088193712" total="2092630016" percent="99">
    <mem type="nursery" free="0" total="2097152" percent="0">
      <mem type="allocate" free="0" total="1835008" percent="0" />
      <mem type="survivor" free="0" total="262144" percent="0" />
    </mem>
    <mem type="tenure" free="2088193712" total="2090532864" percent="99">
      <mem type="soa" free="1983667888" total="1986007040" percent="99" />
      <mem type="loa" free="104525824" total="104525824" percent="100" />
    </mem>
    <remembered-set count="138" />
  </mem-info>
</gc-start>
<allocation-stats totalBytes="1794640" >
  <allocated-bytes non-tlh="32" tlh="1794608" />
  <largest-consumer threadName="node-4" threadId="0000000001CEC500" bytes="315256" />
</allocation-stats>
<gc-op id="657" type="scavenge" timems="0.202" contextid="654" timestamp="2019-06-16T18:10:51.227">
  <scavenger-info tenureage="3" tenuremask="fff8" tiltratio="87" />
  <memory-copied type="nursery" objects="34" bytes="576" bytesdiscarded="77760" />
</gc-op>
<gc-end id="658" type="scavenge" contextid="654" durationms="0.603" usertimems="0.000" systemtimems="0.000" timestamp="2019-06-16T18:10:51.227" activeThreads="4">
  <mem-info id="659" free="2089950384" total="2092630016" percent="99">
    <mem type="nursery" free="1756672" total="2097152" percent="83">
      <mem type="allocate" free="1756672" total="1835008" percent="95" />
      <mem type="survivor" free="0" total="262144" percent="0" />
    </mem>
    <mem type="tenure" free="2088193712" total="2090532864" percent="99" macro-fragmented="0">
      <mem type="soa" free="1983667888" total="1986007040" percent="99" />
      <mem type="loa" free="104525824" total="104525824" percent="100" />
    </mem>
    <remembered-set count="115" />
  </mem-info>
</gc-end>
<cycle-end id="660" type="scavenge" contextid="654" timestamp="2019-06-16T18:10:51.228" />
  <attribute name="elasticGC enabled" value="1" />
  <attribute name= "numThreadsSpecified" value="4" />
  <attribute name="heapSize specified" value="8388608" />
  <attribute name="Current GC Util" value="0" />
  <attribute name= "Current Time Running" value="25700" />
  <attribute name ="GC Interval" value="200" />
  <attribute name="ProportionalT" value="-20.000000" />
  <attribute name="ProportionalI" value="-20.000000" />
  <attribute name="ProportionalH" value="-20.000000" />
  <attribute name="Current Error" value="-20.000000" />
  <attribute name="IntegralT" value="-16580.000000" />
  <attribute name="IntegralI" value="-16580.000000" />
  <attribute name="IntegralH" value="-16580.000000" />
  <attribute name="DerivativeT" value="-0.012063" />
  <attribute name="DerivativeI" value="-0.012063" />
  <attribute name="DerivativeH" value="-0.012063" />
  <attribute name="Loop Time for DT" value="829.000000" />
  <attribute name="Output H" value="2092630016"/>
  <attribute name="Output I" value="200"/>
  <attribute name="Output T" value="4"/>
  <attribute name="Target GC Util Change" value ="20.000000" />
  <attribute name="Current GC Util Change" value="0.000000"/>
  <attribute name="GC Util currently" value="0" />
  <attribute name="CPU Util currently" value="2" />
<allocation-satisfied id="661" threadId="0000000001CE1100" bytesRequested="24" />
<af-end id="662" timestamp="2019-06-16T18:10:51.228" threadId="0000000001CE1A88" success="true" from="nursery"/>
<exclusive-end id="663" timestamp="2019-06-16T18:10:51.228" durationms="1.377" />

<exclusive-start id="664" timestamp="2019-06-16T18:10:51.970" intervalms="743.627">
  <response-info timems="0.030" idlems="0.030" threads="0" lastid="0000000001CE8900" lastname="node-3" />
</exclusive-start>
<af-start id="665" threadId="0000000001CE9288" totalBytesRequested="32" timestamp="2019-06-16T18:10:51.970" intervalms="743.601" type="nursery" />
<cycle-start id="666" type="scavenge" contextid="0" timestamp="2019-06-16T18:10:51.970" intervalms="743.590" />
<gc-start id="667" type="scavenge" contextid="666" timestamp="2019-06-16T18:10:51.970">
  <mem-info id="668" free="2088193712" total="2092630016" percent="99">
    <mem type="nursery" free="0" total="2097152" percent="0">
      <mem type="allocate" free="0" total="1835008" percent="0" />
      <mem type="survivor" free="0" total="262144" percent="0" />
    </mem>
    <mem type="tenure" free="2088193712" total="2090532864" percent="99">
      <mem type="soa" free="1983667888" total="1986007040" percent="99" />
      <mem type="loa" free="104525824" total="104525824" percent="100" />
    </mem>
    <remembered-set count="138" />
  </mem-info>
</gc-start>
<allocation-stats totalBytes="1755984" >
  <allocated-bytes non-tlh="24" tlh="1755960" />
  <largest-consumer threadName="node-5" threadId="0000000001CDD500" bytes="315304" />
</allocation-stats>
<gc-op id="669" type="scavenge" timems="0.173" contextid="666" timestamp="2019-06-16T18:10:51.971">
  <scavenger-info tenureage="3" tenuremask="fff8" tiltratio="87" />
  <memory-copied type="nursery" objects="35" bytes="600" bytesdiscarded="77736" />
</gc-op>
<gc-end id="670" type="scavenge" contextid="666" durationms="0.710" usertimems="0.000" systemtimems="0.000" timestamp="2019-06-16T18:10:51.971" activeThreads="4">
  <mem-info id="671" free="2089950384" total="2092630016" percent="99">
    <mem type="nursery" free="1756672" total="2097152" percent="83">
      <mem type="allocate" free="1756672" total="1835008" percent="95" />
      <mem type="survivor" free="0" total="262144" percent="0" />
    </mem>
    <mem type="tenure" free="2088193712" total="2090532864" percent="99" macro-fragmented="1250136">
      <mem type="soa" free="1983667888" total="1986007040" percent="99" />
      <mem type="loa" free="104525824" total="104525824" percent="100" />
    </mem>
    <remembered-set count="115" />
  </mem-info>
</gc-end>
<cycle-end id="672" type="scavenge" contextid="666" timestamp="2019-06-16T18:10:51.971" />
  <attribute name="elasticGC enabled" value="1" />
  <attribute name= "numThreadsSpecified" value="4" />
  <attribute name="heapSize specified" value="8388608" />
  <attribute name="Current GC Util" value="0" />
  <attribute name= "Current Time Running" value="26444" />
  <attribute name ="GC Interval" value="200" />
  <attribute name="ProportionalT" value="-20.000000" />
  <attribute name="ProportionalI" value="-20.000000" />
  <attribute name="ProportionalH" value="-20.000000" />
  <attribute name="Current Error" value="-20.000000" />
  <attribute name="IntegralT" value="-14880.000000" />
  <attribute name="IntegralI" value="-14880.000000" />
  <attribute name="IntegralH" value="-14880.000000" />
  <attribute name="DerivativeT" value="-0.013441" />
  <attribute name="DerivativeI" value="-0.013441" />
  <attribute name="DerivativeH" value="-0.013441" />
  <attribute name="Loop Time for DT" value="744.000000" />
  <attribute name="Output H" value="2092630016"/>
  <attribute name="Output I" value="200"/>
  <attribute name="Output T" value="4"/>
  <attribute name="Target GC Util Change" value ="20.000000" />
  <attribute name="Current GC Util Change" value="0.000000"/>
  <attribute name="GC Util currently" value="0" />
  <attribute name="CPU Util currently" value="6202114902" />
<allocation-satisfied id="673" threadId="0000000001CE8900" bytesRequested="32" />
<af-end id="674" timestamp="2019-06-16T18:10:51.972" threadId="0000000001CE9288" success="true" from="nursery"/>
<exclusive-end id="675" timestamp="2019-06-16T18:10:51.972" durationms="1.469" />

<exclusive-start id="676" timestamp="2019-06-16T18:10:52.685" intervalms="714.826">
  <response-info timems="0.025" idlems="0.025" threads="0" lastid="0000000001CF4100" lastname="node-1" />
</exclusive-start>
<af-start id="677" threadId="0000000001CF4A88" totalBytesRequested="24" timestamp="2019-06-16T18:10:52.685" intervalms="714.930" type="nursery" />
<cycle-start id="678" type="scavenge" contextid="0" timestamp="2019-06-16T18:10:52.685" intervalms="714.925" />
<gc-start id="679" type="scavenge" contextid="678" timestamp="2019-06-16T18:10:52.685">
  <mem-info id="680" free="2088193712" total="2092630016" percent="99">
    <mem type="nursery" free="0" total="2097152" percent="0">
      <mem type="allocate" free="0" total="1835008" percent="0" />
      <mem type="survivor" free="0" total="262144" percent="0" />
    </mem>
    <mem type="tenure" free="2088193712" total="2090532864" percent="99">
      <mem type="soa" free="1983667888" total="1986007040" percent="99" />
      <mem type="loa" free="104525824" total="104525824" percent="100" />
    </mem>
    <remembered-set count="138" />
  </mem-info>
</gc-start>
<allocation-stats totalBytes="1755480" >
  <allocated-bytes non-tlh="32" tlh="1755448" />
  <largest-consumer threadName="node-4" threadId="0000000001CEC500" bytes="315344" />
</allocation-stats>
<gc-op id="681" type="scavenge" timems="0.161" contextid="678" timestamp="2019-06-16T18:10:52.686">
  <scavenger-info tenureage="3" tenuremask="fff8" tiltratio="87" />
  <memory-copied type="nursery" objects="36" bytes="624" bytesdiscarded="77712" />
</gc-op>
<gc-end id="682" type="scavenge" contextid="678" durationms="0.808" usertimems="0.000" systemtimems="0.000" timestamp="2019-06-16T18:10:52.686" activeThreads="4">
  <mem-info id="683" free="2089950384" total="2092630016" percent="99">
    <mem type="nursery" free="1756672" total="2097152" percent="83">
      <mem type="allocate" free="1756672" total="1835008" percent="95" />
      <mem type="survivor" free="0" total="262144" percent="0" />
    </mem>
    <mem type="tenure" free="2088193712" total="2090532864" percent="99" macro-fragmented="0">
      <mem type="soa" free="1983667888" total="1986007040" percent="99" />
      <mem type="loa" free="104525824" total="104525824" percent="100" />
    </mem>
    <remembered-set count="115" />
  </mem-info>
</gc-end>
<cycle-end id="684" type="scavenge" contextid="678" timestamp="2019-06-16T18:10:52.686" />
  <attribute name="elasticGC enabled" value="1" />
  <attribute name= "numThreadsSpecified" value="4" />
  <attribute name="heapSize specified" value="8388608" />
  <attribute name="Current GC Util" value="0" />
  <attribute name= "Current Time Running" value="27159" />
  <attribute name ="GC Interval" value="200" />
  <attribute name="ProportionalT" value="-20.000000" />
  <attribute name="ProportionalI" value="-20.000000" />
  <attribute name="ProportionalH" value="-20.000000" />
  <attribute name="Current Error" value="-20.000000" />
  <attribute name="IntegralT" value="-14300.000000" />
  <attribute name="IntegralI" value="-14300.000000" />
  <attribute name="IntegralH" value="-14300.000000" />
  <attribute name="DerivativeT" value="-0.013986" />
  <attribute name="DerivativeI" value="-0.013986" />
  <attribute name="DerivativeH" value="-0.013986" />
  <attribute name="Loop Time for DT" value="715.000000" />
  <attribute name="Output H" value="2092630016"/>
  <attribute name="Output I" value="200"/>
  <attribute name="Output T" value="4"/>
  <attribute name="Target GC Util Change" value ="20.000000" />
  <attribute name="Current GC Util Change" value="0.000000"/>
  <attribute name="GC Util currently" value="0" />
  <attribute name="CPU Util currently" value="0" />
<allocation-satisfied id="685" threadId="0000000001CF4100" bytesRequested="24" />
<af-end id="686" timestamp="2019-06-16T18:10:52.687" threadId="0000000001CF4A88" success="true" from="nursery"/>
<exclusive-end id="687" timestamp="2019-06-16T18:10:52.687" durationms="1.693" />

</verbosegc>

