
<?xml version="1.0" ?>

<verbosegc xmlns="http://www.ibm.com/j9/verbosegc" version="6fe7bac_CMPRSS">

<gc check installed>
<initialized id="1" timestamp="2019-08-08T09:53:28.080">
  <attribute name="gcPolicy" value="-Xgcpolicy:gencon" />
  <attribute name="elasticGC enabled" value="1" />
  <attribute name= "numThreadsSpecified" value="0" />
  <attribute name="heapSize specified" value="0" />
  <attribute name="Current GC Util" value="0" />
  <attribute name= "Current Time Running" value="0" />
  <attribute name ="GC Interval" value="0" />
  <attribute name="Target GC Util Change" value ="0.000000" />
  <attribute name="Current GC Util Change" value="0.000000"/>
  <attribute name="Current Error" value="0.000000" />
  <attribute name="Output H" value="0"/>
  <attribute name="Output I" value="0"/>
  <attribute name="Output T" value="0"/>
  <attribute name= "Current Time Running" value="0" />
  <attribute name="GC Util currently" value="0" />
  <attribute name="CPU Util currently" value="0" />
  <attribute name="maxHeapSize" value="0xfa900000" />
  <attribute name="initialHeapSize" value="0x800000" />
  <attribute name="compressedRefs" value="true" />
  <attribute name="compressedRefsDisplacement" value="0x0" />
  <attribute name="compressedRefsShift" value="0x3" />
  <attribute name="pageSize" value="0x1000" />
  <attribute name="pageType" value="not used" />
  <attribute name="requestedPageSize" value="0x1000" />
  <attribute name="requestedPageType" value="not used" />
  <attribute name="gcthreads" value="16" />
  <attribute name="gcthreads Concurrent Mark" value="1" />
  <attribute name="packetListSplit" value="16" />
  <attribute name="cacheListSplit" value="16" />
  <attribute name="splitFreeListSplitAmount" value="2" />
  <attribute name="numaNodes" value="0" />
  <system>
    <attribute name="physicalMemory" value="16815001600" />
    <attribute name="numCPUs" value="16" />
    <attribute name="architecture" value="amd64" />
    <attribute name="os" value="Linux" />
    <attribute name="osVersion" value="4.15.0" />
  </system>
  <vmargs>
    <vmarg name="-Xoptionsfile=/jdk/lib/options.default" />
    <vmarg name="-Xlockword:mode=default,noLockword=java/lang/String,noLockword=java/util/MapEntry,noLockword=java/util/HashMap$Entry,noLockword..." />
    <vmarg name="-Xjcl:jclse29" />
    <vmarg name="-Dcom.ibm.oti.vm.bootstrap.library.path=/jdk/lib/compressedrefs:/jdk/lib" />
    <vmarg name="-Dsun.boot.library.path=/jdk/lib/compressedrefs:/jdk/lib" />
    <vmarg name="-Djava.library.path=/jdk/lib/compressedrefs:/jdk/lib:/usr/lib64:/usr/lib" />
    <vmarg name="-Djava.home=/jdk" />
    <vmarg name="-Duser.dir=/" />
    <vmarg name="-Xgcelastic" />
    <vmarg name="-Xcheck:gc:::elasticGC" />
    <vmarg name="-verbose:gc" />
    <vmarg name="-Djava.class.path=dacapo-9.12-MR1-bach.jar" />
    <vmarg name="-Dsun.java.command=dacapo-9.12-MR1-bach.jar avrora jython pmd sunflow xalan --size=large" />
    <vmarg name="-Dsun.java.launcher=SUN_STANDARD" />
    <vmarg name="-Dsun.java.launcher.pid=1" />
  </vmargs>
</initialized>

<exclusive-start id="2" timestamp="2019-08-08T09:53:28.189" intervalms="108.349">
  <response-info timems="0.010" idlems="0.010" threads="0" lastid="00000000021F7F00" lastname="main" />
</exclusive-start>
<af-start id="3" threadId="00000000021F8888" totalBytesRequested="72" timestamp="2019-08-08T09:53:28.189" intervalms="108.403" type="nursery" />
<cycle-start id="4" type="scavenge" contextid="0" timestamp="2019-08-08T09:53:28.189" intervalms="108.426" />
<gc check: start verifying slots before local gc (1)>
<gc check: finished verifying slots before local gc (1)>
<gc-start id="5" type="scavenge" contextid="4" timestamp="2019-08-08T09:53:28.193">
  <mem-info id="6" free="6064048" total="8388608" percent="72">
    <mem type="nursery" free="0" total="2097152" percent="0">
      <mem type="allocate" free="0" total="1048576" percent="0" />
      <mem type="survivor" free="0" total="1048576" percent="0" />
    </mem>
    <mem type="tenure" free="6064048" total="6291456" percent="96">
      <mem type="soa" free="5749680" total="5977088" percent="96" />
      <mem type="loa" free="314368" total="314368" percent="100" />
    </mem>
    <remembered-set count="3133" />
  </mem-info>
</gc-start>
<allocation-stats totalBytes="1275208" >
  <allocated-bytes non-tlh="268992" tlh="1006216" />
  <largest-consumer threadName="main" threadId="00000000021F7F00" bytes="1190688" />
</allocation-stats>
<gc-op id="7" type="scavenge" timems="1.320" contextid="4" timestamp="2019-08-08T09:53:28.194">
  <scavenger-info tenureage="2" tenuremask="fffc" tiltratio="50" />
  <memory-copied type="nursery" objects="10639" bytes="474032" bytesdiscarded="72792" />
  <finalization candidates="11" enqueued="0" />
  <references type="soft" candidates="62" cleared="0" enqueued="0" dynamicThreshold="32" maxThreshold="32" />
  <references type="weak" candidates="302" cleared="171" enqueued="135" />
  <references type="phantom" candidates="20" cleared="4" enqueued="4" />
</gc-op>
<gc check: start verifying slots after local gc (1)>
<gc check: finished verifying slots after local gc (1)>
<gc-end id="8" type="scavenge" contextid="4" durationms="4.872" usertimems="6.366" systemtimems="0.000" timestamp="2019-08-08T09:53:28.198" activeThreads="16">
  <mem-info id="9" free="6563608" total="8388608" percent="78">
    <mem type="nursery" free="499560" total="2097152" percent="23">
      <mem type="allocate" free="499560" total="1048576" percent="47" />
      <mem type="survivor" free="0" total="1048576" percent="0" />
    </mem>
    <mem type="tenure" free="6064048" total="6291456" percent="96">
      <mem type="soa" free="5749680" total="5977088" percent="96" />
      <mem type="loa" free="314368" total="314368" percent="100" />
    </mem>
    <pending-finalizers system="0" default="0" reference="139" classloader="0" />
    <remembered-set count="3133" />
  </mem-info>
</gc-end>
<cycle-end id="10" type="scavenge" contextid="4" timestamp="2019-08-08T09:53:28.198" />
  <attribute name="elasticGC enabled" value="1" />
  <attribute name= "numThreadsSpecified" value="0" />
  <attribute name="heapSize specified" value="0" />
  <attribute name="Current GC Util" value="0" />
  <attribute name= "Current Time Running" value="45" />
  <attribute name ="GC Interval" value="1" />
  <attribute name="Target GC Util Change" value ="80.000000" />
  <attribute name="Current GC Util Change" value="0.000000"/>
  <attribute name="Current Error" value="0.000000" />
  <attribute name="Output H" value="0"/>
  <attribute name="Output I" value="0"/>
  <attribute name="Output T" value="0"/>
  <attribute name= "Current Time Running" value="45" />
  <attribute name="GC Util currently" value="0" />
  <attribute name="CPU Util currently" value="9" />
<allocation-satisfied id="11" threadId="00000000021F7F00" bytesRequested="72" />
<af-end id="12" timestamp="2019-08-08T09:53:28.198" threadId="00000000021F8888" success="true" from="nursery"/>
<exclusive-end id="13" timestamp="2019-08-08T09:53:28.198" durationms="9.485" />

<exclusive-start id="14" timestamp="2019-08-08T09:53:28.219" intervalms="30.077">
  <response-info timems="0.032" idlems="0.032" threads="0" lastid="00000000021F7F00" lastname="main" />
</exclusive-start>
<af-start id="15" threadId="00000000021F8888" totalBytesRequested="3616" timestamp="2019-08-08T09:53:28.219" intervalms="30.065" type="nursery" />
<cycle-start id="16" type="scavenge" contextid="0" timestamp="2019-08-08T09:53:28.219" intervalms="30.059" />
<gc check: start verifying slots before local gc (2)>
<gc check: finished verifying slots before local gc (2)>
<gc-start id="17" type="scavenge" contextid="16" timestamp="2019-08-08T09:53:28.224">
  <mem-info id="18" free="6054624" total="8388608" percent="72">
    <mem type="nursery" free="0" total="2097152" percent="0">
      <mem type="allocate" free="0" total="1048576" percent="0" />
      <mem type="survivor" free="0" total="1048576" percent="0" />
    </mem>
    <mem type="tenure" free="6054624" total="6291456" percent="96">
      <mem type="soa" free="5740256" total="5977088" percent="96" />
      <mem type="loa" free="314368" total="314368" percent="100" />
    </mem>
    <remembered-set count="3265" />
  </mem-info>
</gc-start>
<allocation-stats totalBytes="507632" >
  <allocated-bytes non-tlh="9496" tlh="498136" />
  <largest-consumer threadName="main" threadId="00000000021F7F00" bytes="495656" />
</allocation-stats>
<gc-op id="19" type="scavenge" timems="3.383" contextid="16" timestamp="2019-08-08T09:53:28.227">
  <scavenger-info tenureage="5" tenuremask="7fe0" tiltratio="50" />
  <memory-copied type="nursery" objects="11054" bytes="494504" bytesdiscarded="81952" />
  <finalization candidates="11" enqueued="0" />
  <references type="soft" candidates="62" cleared="0" enqueued="0" dynamicThreshold="32" maxThreshold="32" />
  <references type="weak" candidates="256" cleared="111" enqueued="108" />
  <references type="phantom" candidates="43" cleared="15" enqueued="15" />
</gc-op>
<gc check: start verifying slots after local gc (2)>
<gc check: finished verifying slots after local gc (2)>
<gc-end id="20" type="scavenge" contextid="16" durationms="9.343" usertimems="10.874" systemtimems="0.000" timestamp="2019-08-08T09:53:28.233" activeThreads="16">
  <mem-info id="21" free="6525176" total="8388608" percent="77">
    <mem type="nursery" free="470552" total="2097152" percent="22">
      <mem type="allocate" free="470552" total="1048576" percent="44" />
      <mem type="survivor" free="0" total="1048576" percent="0" />
    </mem>
    <mem type="tenure" free="6054624" total="6291456" percent="96">
      <mem type="soa" free="5740256" total="5977088" percent="96" />
      <mem type="loa" free="314368" total="314368" percent="100" />
    </mem>
    <pending-finalizers system="0" default="0" reference="123" classloader="0" />
    <remembered-set count="3265" />
  </mem-info>
</gc-end>
<cycle-end id="22" type="scavenge" contextid="16" timestamp="2019-08-08T09:53:28.233" />
  <attribute name="elasticGC enabled" value="1" />
  <attribute name= "numThreadsSpecified" value="0" />
  <attribute name="heapSize specified" value="0" />
  <attribute name="Current GC Util" value="37" />
  <attribute name= "Current Time Running" value="76" />
  <attribute name ="GC Interval" value="1" />
  <attribute name="Target GC Util Change" value ="80.000000" />
  <attribute name="Current GC Util Change" value="37.000000"/>
  <attribute name="Current Error" value="0.000000" />
  <attribute name="Output H" value="0"/>
  <attribute name="Output I" value="0"/>
  <attribute name="Output T" value="0"/>
  <attribute name= "Current Time Running" value="76" />
  <attribute name="GC Util currently" value="37" />
  <attribute name="CPU Util currently" value="13" />
<allocation-satisfied id="23" threadId="00000000021F7F00" bytesRequested="3616" />
<af-end id="24" timestamp="2019-08-08T09:53:28.233" threadId="00000000021F8888" success="true" from="nursery"/>
<exclusive-end id="25" timestamp="2019-08-08T09:53:28.233" durationms="14.873" />

<exclusive-start id="26" timestamp="2019-08-08T09:53:28.247" intervalms="28.631">
  <response-info timems="0.011" idlems="0.011" threads="0" lastid="00000000021F7F00" lastname="main" />
</exclusive-start>
<af-start id="27" threadId="00000000021F8888" totalBytesRequested="2864" timestamp="2019-08-08T09:53:28.247" intervalms="28.629" type="nursery" />
<cycle-start id="28" type="scavenge" contextid="0" timestamp="2019-08-08T09:53:28.247" intervalms="28.630" />
<gc check: start verifying slots before local gc (3)>
<gc check: finished verifying slots before local gc (3)>
<gc-start id="29" type="scavenge" contextid="28" timestamp="2019-08-08T09:53:28.251">
  <mem-info id="30" free="6051912" total="8388608" percent="72">
    <mem type="nursery" free="0" total="2097152" percent="0">
      <mem type="allocate" free="0" total="1048576" percent="0" />
      <mem type="survivor" free="0" total="1048576" percent="0" />
    </mem>
    <mem type="tenure" free="6051912" total="6291456" percent="96">
      <mem type="soa" free="5737544" total="5977088" percent="95" />
      <mem type="loa" free="314368" total="314368" percent="100" />
    </mem>
    <remembered-set count="3298" />
  </mem-info>
</gc-start>
<allocation-stats totalBytes="443240" >
  <allocated-bytes non-tlh="6328" tlh="436912" />
  <largest-consumer threadName="main" threadId="00000000021F7F00" bytes="430952" />
</allocation-stats>
<gc-op id="31" type="scavenge" timems="3.214" contextid="28" timestamp="2019-08-08T09:53:28.254">
  <scavenger-info tenureage="4" tenuremask="7ff0" tiltratio="50" />
  <memory-copied type="nursery" objects="11043" bytes="547320" bytesdiscarded="115360" />
  <finalization candidates="11" enqueued="0" />
  <references type="soft" candidates="62" cleared="0" enqueued="0" dynamicThreshold="32" maxThreshold="32" />
  <references type="weak" candidates="219" cleared="72" enqueued="72" />
  <references type="phantom" candidates="42" cleared="10" enqueued="10" />
</gc-op>
<heap-resize id="32" type="expand" space="nursery" amount="262144" count="1" timems="0.015" reason="excessive time being spent scavenging" timestamp="2019-08-08T09:53:28.254" />
<gc-end id="33" type="scavenge" contextid="28" durationms="3.306" usertimems="4.736" systemtimems="0.000" timestamp="2019-08-08T09:53:28.254" activeThreads="16">
  <mem-info id="34" free="6567320" total="8650752" percent="75">
    <mem type="nursery" free="515408" total="2359296" percent="21">
      <mem type="allocate" free="515408" total="1179648" percent="43" />
      <mem type="survivor" free="0" total="1179648" percent="0" />
    </mem>
    <mem type="tenure" free="6051912" total="6291456" percent="96">
      <mem type="soa" free="5737544" total="5977088" percent="95" />
      <mem type="loa" free="314368" total="314368" percent="100" />
    </mem>
    <pending-finalizers system="0" default="0" reference="82" classloader="0" />
    <remembered-set count="1056" />
  </mem-info>
</gc-end>
<cycle-end id="35" type="scavenge" contextid="28" timestamp="2019-08-08T09:53:28.254" />
  <attribute name="elasticGC enabled" value="1" />
  <attribute name= "numThreadsSpecified" value="16" />
  <attribute name="heapSize specified" value="0" />
  <attribute name="Current GC Util" value="58" />
  <attribute name= "Current Time Running" value="103" />
  <attribute name ="GC Interval" value="2049" />
  <attribute name="Target GC Util Change" value ="80.000000" />
  <attribute name="Current GC Util Change" value="58.000000"/>
  <attribute name="Current Error" value="22.000000" />
  <attribute name="Output H" value="8464320"/>
  <attribute name="Output I" value="2048"/>
  <attribute name="Output T" value="16"/>
  <attribute name= "Current Time Running" value="103" />
  <attribute name="GC Util currently" value="58" />
  <attribute name="CPU Util currently" value="14" />
<allocation-satisfied id="36" threadId="00000000021F7F00" bytesRequested="2864" />
<af-end id="37" timestamp="2019-08-08T09:53:28.254" threadId="00000000021F8888" success="true" from="nursery"/>
<exclusive-end id="38" timestamp="2019-08-08T09:53:28.254" durationms="7.235" />

<exclusive-start id="39" timestamp="2019-08-08T09:53:28.282" intervalms="34.802">
  <response-info timems="0.012" idlems="0.012" threads="0" lastid="00000000021F7F00" lastname="main" />
</exclusive-start>
<af-start id="40" threadId="00000000021F8888" totalBytesRequested="2056" timestamp="2019-08-08T09:53:28.282" intervalms="34.804" type="nursery" />
<cycle-start id="41" type="scavenge" contextid="0" timestamp="2019-08-08T09:53:28.282" intervalms="34.804" />
<gc-start id="42" type="scavenge" contextid="41" timestamp="2019-08-08T09:53:28.282">
  <mem-info id="43" free="6047520" total="8650752" percent="69">
    <mem type="nursery" free="0" total="2359296" percent="0">
      <mem type="allocate" free="0" total="1179648" percent="0" />
      <mem type="survivor" free="0" total="1179648" percent="0" />
    </mem>
    <mem type="tenure" free="6047520" total="6291456" percent="96">
      <mem type="soa" free="5733152" total="5977088" percent="95" />
      <mem type="loa" free="314368" total="314368" percent="100" />
    </mem>
    <remembered-set count="1132" />
  </mem-info>
</gc-start>
<allocation-stats totalBytes="515608" >
  <allocated-bytes non-tlh="7256" tlh="508352" />
  <largest-consumer threadName="main" threadId="00000000021F7F00" bytes="515608" />
</allocation-stats>
<gc-op id="44" type="scavenge" timems="1.788" contextid="41" timestamp="2019-08-08T09:53:28.284">
  <scavenger-info tenureage="3" tenuremask="fff8" tiltratio="50" />
  <memory-copied type="nursery" objects="768" bytes="114208" bytesdiscarded="79792" />
  <memory-copied type="tenure" objects="10379" bytes="465832" bytesdiscarded="880" />
  <finalization candidates="14" enqueued="1" />
  <references type="soft" candidates="1" cleared="0" enqueued="0" dynamicThreshold="32" maxThreshold="32" />
  <references type="weak" candidates="59" cleared="43" enqueued="43" />
  <references type="phantom" candidates="27" cleared="8" enqueued="8" />
</gc-op>
<gc-end id="45" type="scavenge" contextid="41" durationms="1.872" usertimems="3.731" systemtimems="0.000" timestamp="2019-08-08T09:53:28.284" activeThreads="16">
  <mem-info id="46" free="6485072" total="8650752" percent="74">
    <mem type="nursery" free="985560" total="2359296" percent="41">
      <mem type="allocate" free="985560" total="1179648" percent="83" />
      <mem type="survivor" free="0" total="1179648" percent="0" />
    </mem>
    <mem type="tenure" free="5499512" total="6291456" percent="87">
      <mem type="soa" free="5185144" total="5977088" percent="86" />
      <mem type="loa" free="314368" total="314368" percent="100" />
    </mem>
    <pending-finalizers system="1" default="0" reference="51" classloader="0" />
    <remembered-set count="246" />
  </mem-info>
</gc-end>
<cycle-end id="47" type="scavenge" contextid="41" timestamp="2019-08-08T09:53:28.284" />
  <attribute name="elasticGC enabled" value="1" />
  <attribute name= "numThreadsSpecified" value="16" />
  <attribute name="heapSize specified" value="0" />
  <attribute name="Current GC Util" value="27" />
  <attribute name= "Current Time Running" value="134" />
  <attribute name ="GC Interval" value="2145" />
  <attribute name="Target GC Util Change" value ="80.000000" />
  <attribute name="Current GC Util Change" value="27.000000"/>
  <attribute name="Current Error" value="75.000000" />
  <attribute name="Output H" value="8726520"/>
  <attribute name="Output I" value="2144"/>
  <attribute name="Output T" value="16"/>
  <attribute name= "Current Time Running" value="134" />
  <attribute name="GC Util currently" value="27" />
  <attribute name="CPU Util currently" value="8" />
<allocation-satisfied id="48" threadId="00000000021F7F00" bytesRequested="2056" />
<af-end id="49" timestamp="2019-08-08T09:53:28.284" threadId="00000000021F8888" success="true" from="nursery"/>
<exclusive-end id="50" timestamp="2019-08-08T09:53:28.284" durationms="2.013" />

<exclusive-start id="51" timestamp="2019-08-08T09:53:28.301" intervalms="19.331">
  <response-info timems="0.053" idlems="0.053" threads="0" lastid="00000000021F7F00" lastname="main" />
</exclusive-start>
<af-start id="52" threadId="00000000021F8888" totalBytesRequested="2056" timestamp="2019-08-08T09:53:28.301" intervalms="19.330" type="nursery" />
<cycle-start id="53" type="scavenge" contextid="0" timestamp="2019-08-08T09:53:28.301" intervalms="19.335" />
<gc-start id="54" type="scavenge" contextid="53" timestamp="2019-08-08T09:53:28.301">
  <mem-info id="55" free="5499512" total="8650752" percent="63">
    <mem type="nursery" free="0" total="2359296" percent="0">
      <mem type="allocate" free="0" total="1179648" percent="0" />
      <mem type="survivor" free="0" total="1179648" percent="0" />
    </mem>
    <mem type="tenure" free="5499512" total="6291456" percent="87">
      <mem type="soa" free="5185144" total="5977088" percent="86" />
      <mem type="loa" free="314368" total="314368" percent="100" />
    </mem>
    <remembered-set count="246" />
  </mem-info>
</gc-start>
<allocation-stats totalBytes="978752" >
  <allocated-bytes non-tlh="2056" tlh="976696" />
  <largest-consumer threadName="main" threadId="00000000021F7F00" bytes="978752" />
</allocation-stats>
<gc-op id="56" type="scavenge" timems="1.253" contextid="53" timestamp="2019-08-08T09:53:28.303">
  <scavenger-info tenureage="4" tenuremask="fff0" tiltratio="50" />
  <memory-copied type="nursery" objects="639" bytes="97680" bytesdiscarded="31544" />
  <finalization candidates="2" enqueued="0" />
  <references type="soft" candidates="1" cleared="0" enqueued="0" dynamicThreshold="32" maxThreshold="32" />
  <references type="weak" candidates="16" cleared="0" enqueued="0" />
  <references type="phantom" candidates="19" cleared="0" enqueued="0" />
</gc-op>
<gc-end id="57" type="scavenge" contextid="53" durationms="1.320" usertimems="2.785" systemtimems="0.000" timestamp="2019-08-08T09:53:28.303" activeThreads="16">
  <mem-info id="58" free="6549848" total="8650752" percent="75">
    <mem type="nursery" free="1050336" total="2359296" percent="44">
      <mem type="allocate" free="1050336" total="1179648" percent="89" />
      <mem type="survivor" free="0" total="1179648" percent="0" />
    </mem>
    <mem type="tenure" free="5499512" total="6291456" percent="87">
      <mem type="soa" free="5185144" total="5977088" percent="86" />
      <mem type="loa" free="314368" total="314368" percent="100" />
    </mem>
    <remembered-set count="221" />
  </mem-info>
</gc-end>
<cycle-end id="59" type="scavenge" contextid="53" timestamp="2019-08-08T09:53:28.303" />
  <attribute name="elasticGC enabled" value="1" />
  <attribute name= "numThreadsSpecified" value="16" />
  <attribute name="heapSize specified" value="0" />
  <attribute name="Current GC Util" value="19" />
  <attribute name= "Current Time Running" value="154" />
  <attribute name ="GC Interval" value="2257" />
  <attribute name="Target GC Util Change" value ="80.000000" />
  <attribute name="Current GC Util Change" value="19.000000"/>
  <attribute name="Current Error" value="136.000000" />
  <attribute name="Output H" value="8726592"/>
  <attribute name="Output I" value="2256"/>
  <attribute name="Output T" value="16"/>
  <attribute name= "Current Time Running" value="154" />
  <attribute name="GC Util currently" value="19" />
  <attribute name="CPU Util currently" value="59654980562" />
<allocation-satisfied id="60" threadId="00000000021F7F00" bytesRequested="2056" />
<af-end id="61" timestamp="2019-08-08T09:53:28.303" threadId="00000000021F8888" success="true" from="nursery"/>
<exclusive-end id="62" timestamp="2019-08-08T09:53:28.303" durationms="1.469" />

<exclusive-start id="63" timestamp="2019-08-08T09:53:28.322" intervalms="20.372">
  <response-info timems="0.013" idlems="0.013" threads="0" lastid="00000000021F7F00" lastname="main" />
</exclusive-start>
<af-start id="64" threadId="00000000021F8888" totalBytesRequested="2056" timestamp="2019-08-08T09:53:28.322" intervalms="20.394" type="nursery" />
<cycle-start id="65" type="scavenge" contextid="0" timestamp="2019-08-08T09:53:28.322" intervalms="20.391" />
<gc-start id="66" type="scavenge" contextid="65" timestamp="2019-08-08T09:53:28.322">
  <mem-info id="67" free="5499512" total="8650752" percent="63">
    <mem type="nursery" free="0" total="2359296" percent="0">
      <mem type="allocate" free="0" total="1179648" percent="0" />
      <mem type="survivor" free="0" total="1179648" percent="0" />
    </mem>
    <mem type="tenure" free="5499512" total="6291456" percent="87">
      <mem type="soa" free="5185144" total="5977088" percent="86" />
      <mem type="loa" free="314368" total="314368" percent="100" />
    </mem>
    <remembered-set count="221" />
  </mem-info>
</gc-start>
<allocation-stats totalBytes="1046952" >
  <allocated-bytes non-tlh="2056" tlh="1044896" />
  <largest-consumer threadName="main" threadId="00000000021F7F00" bytes="1046952" />
</allocation-stats>
<gc-op id="68" type="scavenge" timems="1.479" contextid="65" timestamp="2019-08-08T09:53:28.323">
  <scavenger-info tenureage="4" tenuremask="fff0" tiltratio="50" />
  <memory-copied type="nursery" objects="316" bytes="81400" bytesdiscarded="32216" />
  <memory-copied type="tenure" objects="323" bytes="16288" bytesdiscarded="0" />
  <finalization candidates="2" enqueued="0" />
  <references type="soft" candidates="1" cleared="0" enqueued="0" dynamicThreshold="32" maxThreshold="32" />
  <references type="weak" candidates="2" cleared="0" enqueued="0" />
  <references type="phantom" candidates="7" cleared="0" enqueued="0" />
</gc-op>
<gc-end id="69" type="scavenge" contextid="65" durationms="1.552" usertimems="2.253" systemtimems="0.000" timestamp="2019-08-08T09:53:28.323" activeThreads="16">
  <mem-info id="70" free="6664280" total="8650752" percent="77">
    <mem type="nursery" free="1197024" total="2359296" percent="50">
      <mem type="allocate" free="1197024" total="1310720" percent="91" />
      <mem type="survivor" free="0" total="1048576" percent="0" />
    </mem>
    <mem type="tenure" free="5467256" total="6291456" percent="86">
      <mem type="soa" free="5152888" total="5977088" percent="86" />
      <mem type="loa" free="314368" total="314368" percent="100" />
    </mem>
    <remembered-set count="123" />
  </mem-info>
</gc-end>
<cycle-end id="71" type="scavenge" contextid="65" timestamp="2019-08-08T09:53:28.323" />
  <attribute name="elasticGC enabled" value="1" />
  <attribute name= "numThreadsSpecified" value="16" />
  <attribute name="heapSize specified" value="0" />
  <attribute name="Current GC Util" value="11" />
  <attribute name= "Current Time Running" value="174" />
  <attribute name ="GC Interval" value="2377" />
  <attribute name="Target GC Util Change" value ="80.000000" />
  <attribute name="Current GC Util Change" value="11.000000"/>
  <attribute name="Current Error" value="205.000000" />
  <attribute name="Output H" value="8726672"/>
  <attribute name="Output I" value="2376"/>
  <attribute name="Output T" value="16"/>
  <attribute name= "Current Time Running" value="174" />
  <attribute name="GC Util currently" value="11" />
  <attribute name="CPU Util currently" value="8" />
<allocation-satisfied id="72" threadId="00000000021F7F00" bytesRequested="2056" />
<af-end id="73" timestamp="2019-08-08T09:53:28.323" threadId="00000000021F8888" success="true" from="nursery"/>
<exclusive-end id="74" timestamp="2019-08-08T09:53:28.323" durationms="1.723" />

<exclusive-start id="75" timestamp="2019-08-08T09:53:28.355" intervalms="33.721">
  <response-info timems="0.015" idlems="0.015" threads="0" lastid="00000000021F7F00" lastname="main" />
</exclusive-start>
<sys-start reason="explicit" id="76" timestamp="2019-08-08T09:53:28.355" intervalms="275.329" />
<cycle-start id="77" type="global" contextid="0" timestamp="2019-08-08T09:53:28.356" intervalms="275.345" />
<gc-start id="78" type="global" contextid="77" timestamp="2019-08-08T09:53:28.356">
  <mem-info id="79" free="5460256" total="8650752" percent="63">
    <mem type="nursery" free="0" total="2359296" percent="0">
      <mem type="allocate" free="0" total="1310720" percent="0" />
      <mem type="survivor" free="0" total="1048576" percent="0" />
    </mem>
    <mem type="tenure" free="5460256" total="6291456" percent="86">
      <mem type="soa" free="5145888" total="5977088" percent="86" />
      <mem type="loa" free="314368" total="314368" percent="100" />
    </mem>
    <remembered-set count="200" />
  </mem-info>
</gc-start>
<allocation-stats totalBytes="1198656" >
  <allocated-bytes non-tlh="174240" tlh="1024416" />
  <largest-consumer threadName="main" threadId="00000000021F7F00" bytes="1198656" />
</allocation-stats>
<gc-op id="80" type="mark" timems="6.305" contextid="77" timestamp="2019-08-08T09:53:28.362">
  <trace-info objectcount="17077" scancount="14068" scanbytes="450836" />
  <finalization candidates="13" enqueued="0" />
  <references type="soft" candidates="66" cleared="0" enqueued="0" dynamicThreshold="32" maxThreshold="32" />
  <references type="weak" candidates="172" cleared="43" enqueued="35" />
  <references type="phantom" candidates="40" cleared="4" enqueued="4" />
  <stringconstants candidates="2455" cleared="0"  />
</gc-op>
<gc-op id="81" type="classunload" timems="0.002" contextid="77" timestamp="2019-08-08T09:53:28.362">
  <classunload-info classloadercandidates="6" classloadersunloaded="0" classesunloaded="0" anonymousclassesunloaded="0" quiescems="0.000" setupms="0.001" scanms="0.001" postms="0.000" />
</gc-op>
<gc-op id="82" type="sweep" timems="1.346" contextid="77" timestamp="2019-08-08T09:53:28.363" />
<mem-info id="83" free="6586280" total="8650752" percent="76">
  <mem type="nursery" free="1030312" total="2359296" percent="43">
    <mem type="allocate" free="1030312" total="1310720" percent="78" />
    <mem type="survivor" free="0" total="1048576" percent="0" />
  </mem>
  <mem type="tenure" free="5555968" total="6291456" percent="88" micro-fragmented="0" macro-fragmented="0">
    <mem type="soa" free="5241600" total="5977088" percent="87" />
    <mem type="loa" free="314368" total="314368" percent="100" />
  </mem>
  <pending-finalizers system="0" default="0" reference="39" classloader="0" />
  <remembered-set count="199" />
</mem-info>
<gc-op id="84" type="compact" timems="4.958" contextid="77" timestamp="2019-08-08T09:53:28.368">
  <compact-info movecount="12656" movebytes="809864" reason="compact to aid heap contraction" />
</gc-op>
<heap-resize id="85" type="expand" space="tenure" amount="131072" count="1" timems="0.016" reason="satisfy allocation request" timestamp="2019-08-08T09:53:28.369" />
<gc-end id="86" type="global" contextid="77" durationms="13.166" usertimems="11.970" systemtimems="3.003" timestamp="2019-08-08T09:53:28.369" activeThreads="16">
  <mem-info id="87" free="6739536" total="8781824" percent="76">
    <mem type="nursery" free="1049640" total="2359296" percent="44">
      <mem type="allocate" free="1049640" total="1310720" percent="80" />
      <mem type="survivor" free="0" total="1048576" percent="0" />
    </mem>
    <mem type="tenure" free="5689896" total="6422528" percent="88">
      <mem type="soa" free="5369384" total="6102016" percent="87" />
      <mem type="loa" free="320512" total="320512" percent="100" />
    </mem>
    <pending-finalizers system="0" default="0" reference="39" classloader="0" />
    <remembered-set count="199" />
  </mem-info>
</gc-end>
<cycle-end id="88" type="global" contextid="77" timestamp="2019-08-08T09:53:28.369" />
  <attribute name="elasticGC enabled" value="1" />
  <attribute name= "numThreadsSpecified" value="16" />
  <attribute name="heapSize specified" value="8650752" />
  <attribute name="Current GC Util" value="56" />
  <attribute name= "Current Time Running" value="220" />
  <attribute name ="GC Interval" value="2377" />
  <attribute name="Target GC Util Change" value ="80.000000" />
  <attribute name="Current GC Util Change" value="56.000000"/>
  <attribute name="Current Error" value="49.000000" />
  <attribute name="Output H" value="8726488"/>
  <attribute name="Output I" value="2096"/>
  <attribute name="Output T" value="16"/>
  <attribute name= "Current Time Running" value="220" />
  <attribute name="GC Util currently" value="56" />
  <attribute name="CPU Util currently" value="231360979688" />
<sys-end id="89" timestamp="2019-08-08T09:53:28.369" />
<exclusive-end id="90" timestamp="2019-08-08T09:53:28.369" durationms="13.306" />

===== DaCapo 9.12-MR1 avrora starting =====
<exclusive-start id="91" timestamp="2019-08-08T09:53:28.402" intervalms="46.733">
  <response-info timems="0.020" idlems="0.020" threads="0" lastid="00000000021F7F00" lastname="main" />
</exclusive-start>
<af-start id="92" threadId="00000000021F8888" totalBytesRequested="2696" timestamp="2019-08-08T09:53:28.402" intervalms="80.447" type="nursery" />
<cycle-start id="93" type="scavenge" contextid="0" timestamp="2019-08-08T09:53:28.402" intervalms="80.453" />
<gc-start id="94" type="scavenge" contextid="93" timestamp="2019-08-08T09:53:28.402">
  <mem-info id="95" free="5626880" total="8781824" percent="64">
    <mem type="nursery" free="0" total="2359296" percent="0">
      <mem type="allocate" free="0" total="1310720" percent="0" />
      <mem type="survivor" free="0" total="1048576" percent="0" />
    </mem>
    <mem type="tenure" free="5626880" total="6422528" percent="87">
      <mem type="soa" free="5306368" total="6102016" percent="86" />
      <mem type="loa" free="320512" total="320512" percent="100" />
    </mem>
    <remembered-set count="609" />
  </mem-info>
</gc-start>
<allocation-stats totalBytes="1110168" >
  <allocated-bytes non-tlh="63016" tlh="1047152" />
  <largest-consumer threadName="main" threadId="00000000021F7F00" bytes="1106072" />
</allocation-stats>
<gc-op id="96" type="scavenge" timems="2.344" contextid="93" timestamp="2019-08-08T09:53:28.405">
  <scavenger-info tenureage="3" tenuremask="ffd8" tiltratio="55" />
  <memory-copied type="nursery" objects="2310" bytes="292128" bytesdiscarded="77576" />
  <memory-copied type="tenure" objects="250" bytes="59728" bytesdiscarded="0" />
  <finalization candidates="2" enqueued="0" />
  <references type="soft" candidates="3" cleared="0" enqueued="0" dynamicThreshold="28" maxThreshold="32" />
  <references type="weak" candidates="32" cleared="31" enqueued="31" />
  <references type="phantom" candidates="6" cleared="0" enqueued="0" />
</gc-op>
<gc-end id="97" type="scavenge" contextid="93" durationms="2.442" usertimems="2.273" systemtimems="0.405" timestamp="2019-08-08T09:53:28.405" activeThreads="16">
  <mem-info id="98" free="6617728" total="8781824" percent="75">
    <mem type="nursery" free="1072016" total="2359296" percent="45">
      <mem type="allocate" free="1072016" total="1441792" percent="74" />
      <mem type="survivor" free="0" total="917504" percent="0" />
    </mem>
    <mem type="tenure" free="5545712" total="6422528" percent="86">
      <mem type="soa" free="5225200" total="6102016" percent="85" />
      <mem type="loa" free="320512" total="320512" percent="100" />
    </mem>
    <pending-finalizers system="0" default="0" reference="31" classloader="0" />
    <remembered-set count="580" />
  </mem-info>
</gc-end>
<cycle-end id="99" type="scavenge" contextid="93" timestamp="2019-08-08T09:53:28.405" />
  <attribute name="elasticGC enabled" value="1" />
  <attribute name= "numThreadsSpecified" value="16" />
  <attribute name="heapSize specified" value="8650752" />
  <attribute name="Current GC Util" value="18" />
  <attribute name= "Current Time Running" value="255" />
  <attribute name ="GC Interval" value="2209" />
  <attribute name="Target GC Util Change" value ="80.000000" />
  <attribute name="Current GC Util Change" value="18.000000"/>
  <attribute name="Current Error" value="111.000000" />
  <attribute name="Output H" value="8857632"/>
  <attribute name="Output I" value="2208"/>
  <attribute name="Output T" value="16"/>
  <attribute name= "Current Time Running" value="255" />
  <attribute name="GC Util currently" value="18" />
  <attribute name="CPU Util currently" value="14" />
<allocation-satisfied id="100" threadId="00000000021F7F00" bytesRequested="2696" />
<af-end id="101" timestamp="2019-08-08T09:53:28.405" threadId="00000000021F8888" success="true" from="nursery"/>
<exclusive-end id="102" timestamp="2019-08-08T09:53:28.405" durationms="2.613" />

<exclusive-start id="103" timestamp="2019-08-08T09:53:28.431" intervalms="29.236">
  <response-info timems="0.013" idlems="0.013" threads="0" lastid="00000000021F7F00" lastname="main" />
</exclusive-start>
<af-start id="104" threadId="00000000021F8888" totalBytesRequested="1264" timestamp="2019-08-08T09:53:28.431" intervalms="29.228" type="nursery" />
<cycle-start id="105" type="scavenge" contextid="0" timestamp="2019-08-08T09:53:28.431" intervalms="29.227" />
<gc-start id="106" type="scavenge" contextid="105" timestamp="2019-08-08T09:53:28.432">
  <mem-info id="107" free="5511048" total="8781824" percent="62">
    <mem type="nursery" free="0" total="2359296" percent="0">
      <mem type="allocate" free="0" total="1441792" percent="0" />
      <mem type="survivor" free="0" total="917504" percent="0" />
    </mem>
    <mem type="tenure" free="5511048" total="6422528" percent="85">
      <mem type="soa" free="5190536" total="6102016" percent="85" />
      <mem type="loa" free="320512" total="320512" percent="100" />
    </mem>
    <remembered-set count="998" />
  </mem-info>
</gc-start>
<allocation-stats totalBytes="1079248" >
  <allocated-bytes non-tlh="37360" tlh="1041888" />
  <largest-consumer threadName="main" threadId="00000000021F7F00" bytes="1079248" />
</allocation-stats>
<gc-op id="108" type="scavenge" timems="1.295" contextid="105" timestamp="2019-08-08T09:53:28.433">
  <scavenger-info tenureage="3" tenuremask="ffc8" tiltratio="61" />
  <memory-copied type="nursery" objects="2481" bytes="352160" bytesdiscarded="81992" />
  <references type="soft" candidates="3" cleared="0" enqueued="0" dynamicThreshold="28" maxThreshold="32" />
  <references type="weak" candidates="3" cleared="2" enqueued="2" />
  <references type="phantom" candidates="7" cleared="0" enqueued="0" />
</gc-op>
<gc-end id="109" type="scavenge" contextid="105" durationms="1.385" usertimems="0.260" systemtimems="2.079" timestamp="2019-08-08T09:53:28.433" activeThreads="16">
  <mem-info id="110" free="6584136" total="8781824" percent="74">
    <mem type="nursery" free="1073088" total="2359296" percent="45">
      <mem type="allocate" free="1073088" total="1507328" percent="71" />
      <mem type="survivor" free="0" total="851968" percent="0" />
    </mem>
    <mem type="tenure" free="5511048" total="6422528" percent="85">
      <mem type="soa" free="5190536" total="6102016" percent="85" />
      <mem type="loa" free="320512" total="320512" percent="100" />
    </mem>
    <pending-finalizers system="0" default="0" reference="2" classloader="0" />
    <remembered-set count="996" />
  </mem-info>
</gc-end>
<cycle-end id="111" type="scavenge" contextid="105" timestamp="2019-08-08T09:53:28.433" />
  <attribute name="elasticGC enabled" value="1" />
  <attribute name= "numThreadsSpecified" value="16" />
  <attribute name="heapSize specified" value="8650752" />
  <attribute name="Current GC Util" value="9" />
  <attribute name= "Current Time Running" value="284" />
  <attribute name ="GC Interval" value="2337" />
  <attribute name="Target GC Util Change" value ="80.000000" />
  <attribute name="Current GC Util Change" value="9.000000"/>
  <attribute name="Current Error" value="182.000000" />
  <attribute name="Output H" value="8857720"/>
  <attribute name="Output I" value="2336"/>
  <attribute name="Output T" value="16"/>
  <attribute name= "Current Time Running" value="284" />
  <attribute name="GC Util currently" value="9" />
  <attribute name="CPU Util currently" value="1" />
<allocation-satisfied id="112" threadId="00000000021F7F00" bytesRequested="1264" />
<af-end id="113" timestamp="2019-08-08T09:53:28.433" threadId="00000000021F8888" success="true" from="nursery"/>
<exclusive-end id="114" timestamp="2019-08-08T09:53:28.433" durationms="1.542" />

<exclusive-start id="115" timestamp="2019-08-08T09:53:28.485" intervalms="53.770">
  <response-info timems="0.046" idlems="0.046" threads="0" lastid="00000000021F7F00" lastname="main" />
</exclusive-start>
<af-start id="116" threadId="00000000021F8888" totalBytesRequested="24" timestamp="2019-08-08T09:53:28.485" intervalms="53.759" type="nursery" />
<cycle-start id="117" type="scavenge" contextid="0" timestamp="2019-08-08T09:53:28.485" intervalms="53.752" />
<gc-start id="118" type="scavenge" contextid="117" timestamp="2019-08-08T09:53:28.485">
  <mem-info id="119" free="5495920" total="8781824" percent="62">
    <mem type="nursery" free="0" total="2359296" percent="0">
      <mem type="allocate" free="0" total="1507328" percent="0" />
      <mem type="survivor" free="0" total="851968" percent="0" />
    </mem>
    <mem type="tenure" free="5495920" total="6422528" percent="85">
      <mem type="soa" free="5175408" total="6102016" percent="84" />
      <mem type="loa" free="320512" total="320512" percent="100" />
    </mem>
    <remembered-set count="1213" />
  </mem-info>
</gc-start>
<allocation-stats totalBytes="1087000" >
  <allocated-bytes non-tlh="77424" tlh="1009576" />
  <largest-consumer threadName="main" threadId="00000000021F7F00" bytes="1087000" />
</allocation-stats>
<gc-op id="120" type="scavenge" timems="2.404" contextid="117" timestamp="2019-08-08T09:53:28.488">
  <scavenger-info tenureage="3" tenuremask="fff8" tiltratio="63" />
  <memory-copied type="nursery" objects="14821" bytes="764952" bytesdiscarded="86960" />
  <memory-copied type="tenure" objects="2" bytes="32" bytesdiscarded="0" />
  <copy-failed type="nursery" objects="2" bytes="32" />
  <references type="soft" candidates="3" cleared="0" enqueued="0" dynamicThreshold="28" maxThreshold="32" />
  <references type="weak" candidates="3" cleared="2" enqueued="2" />
  <references type="phantom" candidates="9" cleared="2" enqueued="2" />
</gc-op>
<gc-end id="121" type="scavenge" contextid="117" durationms="2.499" usertimems="4.186" systemtimems="2.984" timestamp="2019-08-08T09:53:28.488" activeThreads="16">
  <mem-info id="122" free="5807472" total="8781824" percent="66">
    <mem type="nursery" free="327680" total="2359296" percent="13">
      <mem type="allocate" free="327680" total="1179648" percent="27" />
      <mem type="survivor" free="0" total="1179648" percent="0" />
    </mem>
    <mem type="tenure" free="5479792" total="6422528" percent="85">
      <mem type="soa" free="5159280" total="6102016" percent="84" />
      <mem type="loa" free="320512" total="320512" percent="100" />
    </mem>
    <pending-finalizers system="0" default="0" reference="4" classloader="0" />
    <remembered-set count="862" />
  </mem-info>
</gc-end>
<cycle-end id="123" type="scavenge" contextid="117" timestamp="2019-08-08T09:53:28.488" />
  <attribute name="elasticGC enabled" value="1" />
  <attribute name= "numThreadsSpecified" value="16" />
  <attribute name="heapSize specified" value="8650752" />
  <attribute name="Current GC Util" value="4" />
  <attribute name= "Current Time Running" value="337" />
  <attribute name ="GC Interval" value="2473" />
  <attribute name="Target GC Util Change" value ="80.000000" />
  <attribute name="Current GC Util Change" value="4.000000"/>
  <attribute name="Current Error" value="258.000000" />
  <attribute name="Output H" value="8857808"/>
  <attribute name="Output I" value="2472"/>
  <attribute name="Output T" value="16"/>
  <attribute name= "Current Time Running" value="337" />
  <attribute name="GC Util currently" value="4" />
  <attribute name="CPU Util currently" value="12" />
<allocation-satisfied id="124" threadId="00000000021F7F00" bytesRequested="24" />
<af-end id="125" timestamp="2019-08-08T09:53:28.488" threadId="00000000021F8888" success="true" from="nursery"/>
<exclusive-end id="126" timestamp="2019-08-08T09:53:28.488" durationms="2.771" />

<exclusive-start id="127" timestamp="2019-08-08T09:53:28.503" intervalms="17.661">
  <response-info timems="0.044" idlems="0.044" threads="0" lastid="00000000021F7F00" lastname="main" />
</exclusive-start>
<af-start id="128" threadId="00000000021F8888" totalBytesRequested="40" timestamp="2019-08-08T09:53:28.503" intervalms="17.687" type="nursery" />
<cycle-start id="129" type="scavenge" contextid="0" timestamp="2019-08-08T09:53:28.503" intervalms="17.694" />
<gc-start id="130" type="scavenge" contextid="129" timestamp="2019-08-08T09:53:28.503">
  <mem-info id="131" free="5479760" total="8781824" percent="62">
    <mem type="nursery" free="0" total="2359296" percent="0">
      <mem type="allocate" free="0" total="1179648" percent="0" />
      <mem type="survivor" free="0" total="1179648" percent="0" />
    </mem>
    <mem type="tenure" free="5479760" total="6422528" percent="85">
      <mem type="soa" free="5159248" total="6102016" percent="84" />
      <mem type="loa" free="320512" total="320512" percent="100" />
    </mem>
    <remembered-set count="864" />
  </mem-info>
</gc-start>
<allocation-stats totalBytes="327616" >
  <allocated-bytes non-tlh="56" tlh="327560" />
  <largest-consumer threadName="main" threadId="00000000021F7F00" bytes="327616" />
</allocation-stats>
<gc-op id="132" type="scavenge" timems="3.156" contextid="129" timestamp="2019-08-08T09:53:28.506">
  <scavenger-info tenureage="3" tenuremask="fff8" tiltratio="50" />
  <memory-copied type="nursery" objects="21739" bytes="691888" bytesdiscarded="108440" />
  <memory-copied type="tenure" objects="2163" bytes="286520" bytesdiscarded="48" />
  <references type="phantom" candidates="2" cleared="2" enqueued="2" />
</gc-op>
<heap-resize id="133" type="expand" space="nursery" amount="262144" count="1" timems="0.019" reason="excessive time being spent scavenging" timestamp="2019-08-08T09:53:28.506" />
<gc-end id="134" type="scavenge" contextid="129" durationms="3.324" usertimems="2.139" systemtimems="5.876" timestamp="2019-08-08T09:53:28.506" activeThreads="16">
  <mem-info id="135" free="5679392" total="9043968" percent="62">
    <mem type="nursery" free="510384" total="2621440" percent="19">
      <mem type="allocate" free="510384" total="1310720" percent="38" />
      <mem type="survivor" free="0" total="1310720" percent="0" />
    </mem>
    <mem type="tenure" free="5169008" total="6422528" percent="80">
      <mem type="soa" free="4848496" total="6102016" percent="79" />
      <mem type="loa" free="320512" total="320512" percent="100" />
    </mem>
    <pending-finalizers system="0" default="0" reference="2" classloader="0" />
    <remembered-set count="415" />
  </mem-info>
</gc-end>
<cycle-end id="136" type="scavenge" contextid="129" timestamp="2019-08-08T09:53:28.506" />
  <attribute name="elasticGC enabled" value="1" />
  <attribute name= "numThreadsSpecified" value="16" />
  <attribute name="heapSize specified" value="8650752" />
  <attribute name="Current GC Util" value="32" />
  <attribute name= "Current Time Running" value="355" />
  <attribute name ="GC Interval" value="2097" />
  <attribute name="Target GC Util Change" value ="80.000000" />
  <attribute name="Current GC Util Change" value="32.000000"/>
  <attribute name="Current Error" value="48.000000" />
  <attribute name="Output H" value="8857560"/>
  <attribute name="Output I" value="2096"/>
  <attribute name="Output T" value="16"/>
  <attribute name= "Current Time Running" value="355" />
  <attribute name="GC Util currently" value="32" />
  <attribute name="CPU Util currently" value="3" />
<allocation-satisfied id="137" threadId="00000000021F7F00" bytesRequested="40" />
<af-end id="138" timestamp="2019-08-08T09:53:28.506" threadId="00000000021F8888" success="true" from="nursery"/>
<exclusive-end id="139" timestamp="2019-08-08T09:53:28.506" durationms="3.502" />

<exclusive-start id="140" timestamp="2019-08-08T09:53:28.528" intervalms="24.930">
  <response-info timems="0.018" idlems="0.018" threads="0" lastid="00000000021F7F00" lastname="main" />
</exclusive-start>
<af-start id="141" threadId="00000000021F8888" totalBytesRequested="24" timestamp="2019-08-08T09:53:28.528" intervalms="25.025" type="nursery" />
<cycle-start id="142" type="scavenge" contextid="0" timestamp="2019-08-08T09:53:28.528" intervalms="25.019" />
<gc-start id="143" type="scavenge" contextid="142" timestamp="2019-08-08T09:53:28.528">
  <mem-info id="144" free="5168976" total="9043968" percent="57">
    <mem type="nursery" free="0" total="2621440" percent="0">
      <mem type="allocate" free="0" total="1310720" percent="0" />
      <mem type="survivor" free="0" total="1310720" percent="0" />
    </mem>
    <mem type="tenure" free="5168976" total="6422528" percent="80">
      <mem type="soa" free="4848464" total="6102016" percent="79" />
      <mem type="loa" free="320512" total="320512" percent="100" />
    </mem>
    <remembered-set count="419" />
  </mem-info>
</gc-start>
<allocation-stats totalBytes="510320" >
  <allocated-bytes non-tlh="106904" tlh="403416" />
  <largest-consumer threadName="main" threadId="00000000021F7F00" bytes="510320" />
</allocation-stats>
<gc-op id="145" type="scavenge" timems="1.939" contextid="142" timestamp="2019-08-08T09:53:28.530">
  <scavenger-info tenureage="3" tenuremask="fff8" tiltratio="50" />
  <memory-copied type="nursery" objects="31766" bytes="1015536" bytesdiscarded="93256" />
  <memory-copied type="tenure" objects="158" bytes="51096" bytesdiscarded="0" />
  <references type="phantom" candidates="2" cleared="1" enqueued="1" />
</gc-op>
<heap-resize id="146" type="expand" space="nursery" amount="131072" count="1" timems="0.015" reason="excessive time being spent scavenging" timestamp="2019-08-08T09:53:28.530" />
<gc-end id="147" type="scavenge" contextid="142" durationms="2.045" usertimems="3.012" systemtimems="3.756" timestamp="2019-08-08T09:53:28.530" activeThreads="16">
  <mem-info id="148" free="5399528" total="9175040" percent="58">
    <mem type="nursery" free="267456" total="2752512" percent="9">
      <mem type="allocate" free="267456" total="1376256" percent="19" />
      <mem type="survivor" free="0" total="1376256" percent="0" />
    </mem>
    <mem type="tenure" free="5132072" total="6422528" percent="79">
      <mem type="soa" free="4811560" total="6102016" percent="78" />
      <mem type="loa" free="320512" total="320512" percent="100" />
    </mem>
    <pending-finalizers system="0" default="0" reference="1" classloader="0" />
    <remembered-set count="204" />
  </mem-info>
</gc-end>
<cycle-end id="149" type="scavenge" contextid="142" timestamp="2019-08-08T09:53:28.530" />
  <attribute name="elasticGC enabled" value="1" />
  <attribute name= "numThreadsSpecified" value="16" />
  <attribute name="heapSize specified" value="8650752" />
  <attribute name="Current GC Util" value="32" />
  <attribute name= "Current Time Running" value="380" />
  <attribute name ="GC Interval" value="2185" />
  <attribute name="Target GC Util Change" value ="80.000000" />
  <attribute name="Current GC Util Change" value="32.000000"/>
  <attribute name="Current Error" value="96.000000" />
  <attribute name="Output H" value="9119760"/>
  <attribute name="Output I" value="2184"/>
  <attribute name="Output T" value="16"/>
  <attribute name= "Current Time Running" value="380" />
  <attribute name="GC Util currently" value="32" />
  <attribute name="CPU Util currently" value="7" />
<allocation-satisfied id="150" threadId="00000000021F7F00" bytesRequested="24" />
<af-end id="151" timestamp="2019-08-08T09:53:28.530" threadId="00000000021F8888" success="true" from="nursery"/>
<exclusive-end id="152" timestamp="2019-08-08T09:53:28.530" durationms="2.309" />

<exclusive-start id="153" timestamp="2019-08-08T09:53:28.536" intervalms="7.965">
  <response-info timems="0.011" idlems="0.011" threads="0" lastid="00000000021F7F00" lastname="main" />
</exclusive-start>
<af-start id="154" threadId="00000000021F8888" totalBytesRequested="66520" timestamp="2019-08-08T09:53:28.536" intervalms="7.841" type="nursery" />
<cycle-start id="155" type="scavenge" contextid="0" timestamp="2019-08-08T09:53:28.536" intervalms="7.855" />
<gc-start id="156" type="scavenge" contextid="155" timestamp="2019-08-08T09:53:28.536">
  <mem-info id="157" free="5149672" total="9175040" percent="56">
    <mem type="nursery" free="17600" total="2752512" percent="0">
      <mem type="allocate" free="17600" total="1376256" percent="1" />
      <mem type="survivor" free="0" total="1376256" percent="0" />
    </mem>
    <mem type="tenure" free="5132072" total="6422528" percent="79">
      <mem type="soa" free="4811560" total="6102016" percent="78" />
      <mem type="loa" free="320512" total="320512" percent="100" />
    </mem>
    <remembered-set count="206" />
  </mem-info>
</gc-start>
<allocation-stats totalBytes="237392" >
  <allocated-bytes non-tlh="24" tlh="237368" />
  <largest-consumer threadName="main" threadId="00000000021F7F00" bytes="237392" />
</allocation-stats>
<gc-op id="158" type="scavenge" timems="2.509" contextid="155" timestamp="2019-08-08T09:53:28.538">
  <scavenger-info tenureage="3" tenuremask="7ff8" tiltratio="50" />
  <memory-copied type="nursery" objects="24624" bytes="746816" bytesdiscarded="89528" />
  <memory-copied type="tenure" objects="12402" bytes="408544" bytesdiscarded="32" />
  <references type="phantom" candidates="2" cleared="1" enqueued="1" />
</gc-op>
<heap-resize id="159" type="expand" space="nursery" amount="393216" count="1" timems="0.013" reason="excessive time being spent scavenging" timestamp="2019-08-08T09:53:28.538" />
<gc-end id="160" type="scavenge" contextid="155" durationms="2.599" usertimems="7.378" systemtimems="0.266" timestamp="2019-08-08T09:53:28.538" activeThreads="16">
  <mem-info id="161" free="5343160" total="9568256" percent="55">
    <mem type="nursery" free="736520" total="3145728" percent="23">
      <mem type="allocate" free="736520" total="1572864" percent="46" />
      <mem type="survivor" free="0" total="1572864" percent="0" />
    </mem>
    <mem type="tenure" free="4606640" total="6422528" percent="71">
      <mem type="soa" free="4286128" total="6102016" percent="70" />
      <mem type="loa" free="320512" total="320512" percent="100" />
    </mem>
    <pending-finalizers system="0" default="0" reference="1" classloader="0" />
    <remembered-set count="98" />
  </mem-info>
</gc-end>
<cycle-end id="162" type="scavenge" contextid="155" timestamp="2019-08-08T09:53:28.538" />
  <attribute name="elasticGC enabled" value="1" />
  <attribute name= "numThreadsSpecified" value="16" />
  <attribute name="heapSize specified" value="8650752" />
  <attribute name="Current GC Util" value="86" />
  <attribute name= "Current Time Running" value="388" />
  <attribute name ="GC Interval" value="2169" />
  <attribute name="Target GC Util Change" value ="80.000000" />
  <attribute name="Current GC Util Change" value="86.000000"/>
  <attribute name="Current Error" value="90.000000" />
  <attribute name="Output H" value="9250824"/>
  <attribute name="Output I" value="2168"/>
  <attribute name="Output T" value="16"/>
  <attribute name= "Current Time Running" value="388" />
  <attribute name="GC Util currently" value="86" />
  <attribute name="CPU Util currently" value="147400505788" />
<allocation-satisfied id="163" threadId="00000000021F7F00" bytesRequested="66520" />
<af-end id="164" timestamp="2019-08-08T09:53:28.538" threadId="00000000021F8888" success="true" from="nursery"/>
<exclusive-end id="165" timestamp="2019-08-08T09:53:28.538" durationms="2.746" />

<exclusive-start id="166" timestamp="2019-08-08T09:53:28.556" intervalms="20.198">
  <response-info timems="0.039" idlems="0.039" threads="0" lastid="00000000021F7F00" lastname="main" />
</exclusive-start>
<af-start id="167" threadId="00000000021F8888" totalBytesRequested="24" timestamp="2019-08-08T09:53:28.556" intervalms="20.216" type="nursery" />
<cycle-start id="168" type="scavenge" contextid="0" timestamp="2019-08-08T09:53:28.556" intervalms="20.202" />
<gc-start id="169" type="scavenge" contextid="168" timestamp="2019-08-08T09:53:28.556">
  <mem-info id="170" free="4606600" total="9568256" percent="48">
    <mem type="nursery" free="0" total="3145728" percent="0">
      <mem type="allocate" free="0" total="1572864" percent="0" />
      <mem type="survivor" free="0" total="1572864" percent="0" />
    </mem>
    <mem type="tenure" free="4606600" total="6422528" percent="71">
      <mem type="soa" free="4286088" total="6102016" percent="70" />
      <mem type="loa" free="320512" total="320512" percent="100" />
    </mem>
    <remembered-set count="103" />
  </mem-info>
</gc-start>
<allocation-stats totalBytes="736432" >
  <allocated-bytes non-tlh="131808" tlh="604624" />
  <largest-consumer threadName="main" threadId="00000000021F7F00" bytes="736432" />
</allocation-stats>
<gc-op id="171" type="scavenge" timems="2.962" contextid="168" timestamp="2019-08-08T09:53:28.559">
  <scavenger-info tenureage="2" tenuremask="7ffc" tiltratio="50" />
  <memory-copied type="nursery" objects="22487" bytes="712504" bytesdiscarded="161528" />
  <memory-copied type="tenure" objects="19278" bytes="593928" bytesdiscarded="72" />
  <references type="phantom" candidates="3" cleared="2" enqueued="2" />
</gc-op>
<heap-resize id="172" type="expand" space="nursery" amount="262144" count="1" timems="0.013" reason="excessive time being spent scavenging" timestamp="2019-08-08T09:53:28.559" />
<gc-end id="173" type="scavenge" contextid="168" durationms="3.073" usertimems="7.182" systemtimems="2.392" timestamp="2019-08-08T09:53:28.559" activeThreads="16">
  <mem-info id="174" free="4983392" total="9830400" percent="50">
    <mem type="nursery" free="1026512" total="3407872" percent="30">
      <mem type="allocate" free="1026512" total="1900544" percent="54" />
      <mem type="survivor" free="0" total="1507328" percent="0" />
    </mem>
    <mem type="tenure" free="3956880" total="6422528" percent="61">
      <mem type="soa" free="3636368" total="6102016" percent="59" />
      <mem type="loa" free="320512" total="320512" percent="100" />
    </mem>
    <pending-finalizers system="0" default="0" reference="2" classloader="0" />
    <remembered-set count="98" />
  </mem-info>
</gc-end>
<cycle-end id="175" type="scavenge" contextid="168" timestamp="2019-08-08T09:53:28.559" />
  <attribute name="elasticGC enabled" value="1" />
  <attribute name= "numThreadsSpecified" value="16" />
  <attribute name="heapSize specified" value="8650752" />
  <attribute name="Current GC Util" value="38" />
  <attribute name= "Current Time Running" value="408" />
  <attribute name ="GC Interval" value="2249" />
  <attribute name="Target GC Util Change" value ="80.000000" />
  <attribute name="Current GC Util Change" value="38.000000"/>
  <attribute name="Current Error" value="132.000000" />
  <attribute name="Output H" value="9644088"/>
  <attribute name="Output I" value="2248"/>
  <attribute name="Output T" value="16"/>
  <attribute name= "Current Time Running" value="408" />
  <attribute name="GC Util currently" value="38" />
  <attribute name="CPU Util currently" value="57040197098" />
<allocation-satisfied id="176" threadId="00000000021F7F00" bytesRequested="24" />
<af-end id="177" timestamp="2019-08-08T09:53:28.559" threadId="00000000021F8888" success="true" from="nursery"/>
<exclusive-end id="178" timestamp="2019-08-08T09:53:28.559" durationms="3.233" />

<exclusive-start id="179" timestamp="2019-08-08T09:53:28.588" intervalms="31.873">
  <response-info timems="0.074" idlems="0.074" threads="0" lastid="00000000021F7F00" lastname="main" />
</exclusive-start>
<af-start id="180" threadId="00000000021F8888" totalBytesRequested="9856" timestamp="2019-08-08T09:53:28.588" intervalms="31.872" type="nursery" />
<cycle-start id="181" type="scavenge" contextid="0" timestamp="2019-08-08T09:53:28.588" intervalms="31.880" />
<gc-start id="182" type="scavenge" contextid="181" timestamp="2019-08-08T09:53:28.588">
  <mem-info id="183" free="3953024" total="9830400" percent="40">
    <mem type="nursery" free="0" total="3407872" percent="0">
      <mem type="allocate" free="0" total="1900544" percent="0" />
      <mem type="survivor" free="0" total="1507328" percent="0" />
    </mem>
    <mem type="tenure" free="3953024" total="6422528" percent="61">
      <mem type="soa" free="3632512" total="6102016" percent="59" />
      <mem type="loa" free="320512" total="320512" percent="100" />
    </mem>
    <remembered-set count="155" />
  </mem-info>
</gc-start>
<allocation-stats totalBytes="1026488" >
  <allocated-bytes non-tlh="69592" tlh="956896" />
  <largest-consumer threadName="main" threadId="00000000021F7F00" bytes="1026488" />
</allocation-stats>
<gc-op id="184" type="scavenge" timems="3.145" contextid="181" timestamp="2019-08-08T09:53:28.591">
  <scavenger-info tenureage="1" tenuremask="7ffe" tiltratio="55" />
  <memory-copied type="nursery" objects="18322" bytes="586768" bytesdiscarded="145208" />
  <memory-copied type="tenure" objects="22404" bytes="693120" bytesdiscarded="344" />
  <references type="weak" candidates="5" cleared="5" enqueued="5" />
  <references type="phantom" candidates="2" cleared="2" enqueued="2" />
</gc-op>
<heap-resize id="185" type="expand" space="nursery" amount="262144" count="1" timems="0.095" reason="excessive time being spent scavenging" timestamp="2019-08-08T09:53:28.591" />
<gc-end id="186" type="scavenge" contextid="181" durationms="3.357" usertimems="8.738" systemtimems="4.476" timestamp="2019-08-08T09:53:28.591" activeThreads="16">
  <mem-info id="187" free="4690576" total="10092544" percent="46">
    <mem type="nursery" free="1496208" total="3670016" percent="40">
      <mem type="allocate" free="1496208" total="2228224" percent="67" />
      <mem type="survivor" free="0" total="1441792" percent="0" />
    </mem>
    <mem type="tenure" free="3194368" total="6422528" percent="49">
      <mem type="soa" free="2873856" total="6102016" percent="47" />
      <mem type="loa" free="320512" total="320512" percent="100" />
    </mem>
    <pending-finalizers system="0" default="0" reference="7" classloader="0" />
    <remembered-set count="148" />
  </mem-info>
</gc-end>
<cycle-end id="188" type="scavenge" contextid="181" timestamp="2019-08-08T09:53:28.591" />
  <attribute name="elasticGC enabled" value="1" />
  <attribute name= "numThreadsSpecified" value="16" />
  <attribute name="heapSize specified" value="8650752" />
  <attribute name="Current GC Util" value="30" />
  <attribute name= "Current Time Running" value="440" />
  <attribute name ="GC Interval" value="2337" />
  <attribute name="Target GC Util Change" value ="80.000000" />
  <attribute name="Current GC Util Change" value="30.000000"/>
  <attribute name="Current Error" value="182.000000" />
  <attribute name="Output H" value="9906296"/>
  <attribute name="Output I" value="2336"/>
  <attribute name="Output T" value="16"/>
  <attribute name= "Current Time Running" value="440" />
  <attribute name="GC Util currently" value="30" />
  <attribute name="CPU Util currently" value="3" />
<allocation-satisfied id="189" threadId="00000000021F7F00" bytesRequested="9856" />
<af-end id="190" timestamp="2019-08-08T09:53:28.591" threadId="00000000021F8888" success="true" from="nursery"/>
<exclusive-end id="191" timestamp="2019-08-08T09:53:28.591" durationms="3.521" />

<exclusive-start id="192" timestamp="2019-08-08T09:53:28.718" intervalms="129.742">
  <response-info timems="0.040" idlems="0.040" threads="0" lastid="00000000021F7F00" lastname="main" />
</exclusive-start>
<af-start id="193" threadId="00000000021F8888" totalBytesRequested="7176" timestamp="2019-08-08T09:53:28.718" intervalms="129.734" type="nursery" />
<cycle-start id="194" type="scavenge" contextid="0" timestamp="2019-08-08T09:53:28.718" intervalms="129.726" />
<gc-start id="195" type="scavenge" contextid="194" timestamp="2019-08-08T09:53:28.718">
  <mem-info id="196" free="3155584" total="10092544" percent="31">
    <mem type="nursery" free="0" total="3670016" percent="0">
      <mem type="allocate" free="0" total="2228224" percent="0" />
      <mem type="survivor" free="0" total="1441792" percent="0" />
    </mem>
    <mem type="tenure" free="3155584" total="6422528" percent="49">
      <mem type="soa" free="2835072" total="6102016" percent="46" />
      <mem type="loa" free="320512" total="320512" percent="100" />
    </mem>
    <remembered-set count="769" />
  </mem-info>
</gc-start>
<allocation-stats totalBytes="1501832" >
  <allocated-bytes non-tlh="95968" tlh="1405864" />
  <largest-consumer threadName="main" threadId="00000000021F7F00" bytes="1501832" />
</allocation-stats>
<gc-op id="197" type="scavenge" timems="2.196" contextid="194" timestamp="2019-08-08T09:53:28.720">
  <scavenger-info tenureage="1" tenuremask="7ffe" tiltratio="60" />
  <memory-copied type="nursery" objects="1939" bytes="120632" bytesdiscarded="92120" />
  <memory-copied type="tenure" objects="18255" bytes="580464" bytesdiscarded="136" />
  <references type="weak" candidates="3" cleared="2" enqueued="2" />
  <references type="phantom" candidates="1" cleared="0" enqueued="0" />
</gc-op>
<gc-end id="198" type="scavenge" contextid="194" durationms="2.274" usertimems="3.120" systemtimems="3.186" timestamp="2019-08-08T09:53:28.720" activeThreads="16">
  <mem-info id="199" free="4924328" total="10092544" percent="48">
    <mem type="nursery" free="2277584" total="3670016" percent="62">
      <mem type="allocate" free="2277584" total="2490368" percent="91" />
      <mem type="survivor" free="0" total="1179648" percent="0" />
    </mem>
    <mem type="tenure" free="2646744" total="6422528" percent="41">
      <mem type="soa" free="2326232" total="6102016" percent="38" />
      <mem type="loa" free="320512" total="320512" percent="100" />
    </mem>
    <pending-finalizers system="0" default="0" reference="2" classloader="0" />
    <remembered-set count="759" />
  </mem-info>
</gc-end>
<cycle-end id="200" type="scavenge" contextid="194" timestamp="2019-08-08T09:53:28.720" />
  <attribute name="elasticGC enabled" value="1" />
  <attribute name= "numThreadsSpecified" value="16" />
  <attribute name="heapSize specified" value="8650752" />
  <attribute name="Current GC Util" value="8" />
  <attribute name= "Current Time Running" value="570" />
  <attribute name ="GC Interval" value="2465" />
  <attribute name="Target GC Util Change" value ="80.000000" />
  <attribute name="Current GC Util Change" value="8.000000"/>
  <attribute name="Current Error" value="254.000000" />
  <attribute name="Output H" value="10168520"/>
  <attribute name="Output I" value="2464"/>
  <attribute name="Output T" value="16"/>
  <attribute name= "Current Time Running" value="570" />
  <attribute name="GC Util currently" value="8" />
  <attribute name="CPU Util currently" value="13" />
<allocation-satisfied id="201" threadId="00000000021F7F00" bytesRequested="7176" />
<af-end id="202" timestamp="2019-08-08T09:53:28.720" threadId="00000000021F8888" success="true" from="nursery"/>
<exclusive-end id="203" timestamp="2019-08-08T09:53:28.720" durationms="2.486" />

<exclusive-start id="204" timestamp="2019-08-08T09:53:28.756" intervalms="38.663">
  <response-info timems="0.013" idlems="0.013" threads="0" lastid="00000000021F7F00" lastname="main" />
</exclusive-start>
<af-start id="205" threadId="00000000021F8888" totalBytesRequested="61032" timestamp="2019-08-08T09:53:28.756" intervalms="38.658" type="nursery" />
<cycle-start id="206" type="scavenge" contextid="0" timestamp="2019-08-08T09:53:28.756" intervalms="38.656" />
<gc-start id="207" type="scavenge" contextid="206" timestamp="2019-08-08T09:53:28.756">
  <mem-info id="208" free="2630576" total="10092544" percent="26">
    <mem type="nursery" free="0" total="3670016" percent="0">
      <mem type="allocate" free="0" total="2490368" percent="0" />
      <mem type="survivor" free="0" total="1179648" percent="0" />
    </mem>
    <mem type="tenure" free="2630576" total="6422528" percent="40">
      <mem type="soa" free="2310064" total="6102016" percent="37" />
      <mem type="loa" free="320512" total="320512" percent="100" />
    </mem>
    <remembered-set count="980" />
  </mem-info>
</gc-start>
<allocation-stats totalBytes="2242920" >
  <allocated-bytes non-tlh="23344" tlh="2219576" />
  <largest-consumer threadName="main" threadId="00000000021F7F00" bytes="2242920" />
</allocation-stats>
<gc-op id="209" type="scavenge" timems="4.452" contextid="206" timestamp="2019-08-08T09:53:28.761">
  <scavenger-info tenureage="2" tenuremask="7ffc" tiltratio="67" />
  <memory-copied type="nursery" objects="16802" bytes="1157416" bytesdiscarded="22024" />
  <memory-copied type="tenure" objects="5177" bytes="194584" bytesdiscarded="232" />
  <copy-failed type="nursery" objects="5177" bytes="194584" />
</gc-op>
<heap-resize id="210" type="expand" space="nursery" amount="262144" count="1" timems="0.016" reason="excessive time being spent scavenging" timestamp="2019-08-08T09:53:28.761" />
<gc-end id="211" type="scavenge" contextid="206" durationms="4.701" usertimems="10.549" systemtimems="4.340" timestamp="2019-08-08T09:53:28.761" activeThreads="16">
  <mem-info id="212" free="3138368" total="10354688" percent="30">
    <mem type="nursery" free="786432" total="3932160" percent="20">
      <mem type="allocate" free="786432" total="1966080" percent="40" />
      <mem type="survivor" free="0" total="1966080" percent="0" />
    </mem>
    <mem type="tenure" free="2351936" total="6422528" percent="36">
      <mem type="soa" free="2031424" total="6102016" percent="33" />
      <mem type="loa" free="320512" total="320512" percent="100" />
    </mem>
    <remembered-set count="2328" />
  </mem-info>
</gc-end>
<cycle-end id="213" type="scavenge" contextid="206" timestamp="2019-08-08T09:53:28.761" />
  <attribute name="elasticGC enabled" value="1" />
  <attribute name= "numThreadsSpecified" value="16" />
  <attribute name="heapSize specified" value="8650752" />
  <attribute name="Current GC Util" value="15" />
  <attribute name= "Current Time Running" value="609" />
  <attribute name ="GC Interval" value="2129" />
  <attribute name="Target GC Util Change" value ="80.000000" />
  <attribute name="Current GC Util Change" value="15.000000"/>
  <attribute name="Current Error" value="65.000000" />
  <attribute name="Output H" value="10168304"/>
  <attribute name="Output I" value="2128"/>
  <attribute name="Output T" value="16"/>
  <attribute name= "Current Time Running" value="609" />
  <attribute name="GC Util currently" value="15" />
  <attribute name="CPU Util currently" value="4" />
<allocation-satisfied id="214" threadId="00000000021F7F00" bytesRequested="61032" />
<af-end id="215" timestamp="2019-08-08T09:53:28.761" threadId="00000000021F8888" success="true" from="nursery"/>
<exclusive-end id="216" timestamp="2019-08-08T09:53:28.761" durationms="4.871" />

<exclusive-start id="217" timestamp="2019-08-08T09:53:28.774" intervalms="17.696">
  <response-info timems="0.011" idlems="0.011" threads="0" lastid="00000000021F7F00" lastname="main" />
</exclusive-start>
<af-start id="218" threadId="00000000021F8888" totalBytesRequested="32" timestamp="2019-08-08T09:53:28.774" intervalms="17.702" type="nursery" />
<cycle-start id="219" type="scavenge" contextid="0" timestamp="2019-08-08T09:53:28.774" intervalms="17.703" />
<gc-start id="220" type="scavenge" contextid="219" timestamp="2019-08-08T09:53:28.774">
  <mem-info id="221" free="2351936" total="10354688" percent="22">
    <mem type="nursery" free="0" total="3932160" percent="0">
      <mem type="allocate" free="0" total="1966080" percent="0" />
      <mem type="survivor" free="0" total="1966080" percent="0" />
    </mem>
    <mem type="tenure" free="2351936" total="6422528" percent="36">
      <mem type="soa" free="2031424" total="6102016" percent="33" />
      <mem type="loa" free="320512" total="320512" percent="100" />
    </mem>
    <remembered-set count="2336" />
  </mem-info>
</gc-start>
<allocation-stats totalBytes="786392" >
  <allocated-bytes non-tlh="244128" tlh="542264" />
  <largest-consumer threadName="main" threadId="00000000021F7F00" bytes="786392" />
</allocation-stats>
<gc-op id="222" type="scavenge" timems="2.222" contextid="219" timestamp="2019-08-08T09:53:28.776">
  <scavenger-info tenureage="1" tenuremask="fffe" tiltratio="50" />
  <memory-copied type="nursery" objects="8342" bytes="668200" bytesdiscarded="272800" />
  <memory-copied type="tenure" objects="16623" bytes="1154384" bytesdiscarded="1640" />
</gc-op>
<heap-resize id="223" type="expand" space="nursery" amount="262144" count="1" timems="0.016" reason="excessive time being spent scavenging" timestamp="2019-08-08T09:53:28.776" />
<gc-end id="224" type="scavenge" contextid="219" durationms="2.319" usertimems="8.191" systemtimems="0.883" timestamp="2019-08-08T09:53:28.776" activeThreads="16">
  <mem-info id="225" free="2263704" total="10616832" percent="21">
    <mem type="nursery" free="1156088" total="4194304" percent="27">
      <mem type="allocate" free="1156088" total="2097152" percent="55" />
      <mem type="survivor" free="0" total="2097152" percent="0" />
    </mem>
    <mem type="tenure" free="1107616" total="6422528" percent="17">
      <mem type="soa" free="787104" total="6102016" percent="12" />
      <mem type="loa" free="320512" total="320512" percent="100" />
    </mem>
    <remembered-set count="335" />
  </mem-info>
</gc-end>
<cycle-end id="226" type="scavenge" contextid="219" timestamp="2019-08-08T09:53:28.776" />
  <attribute name="elasticGC enabled" value="1" />
  <attribute name= "numThreadsSpecified" value="16" />
  <attribute name="heapSize specified" value="8650752" />
  <attribute name="Current GC Util" value="84" />
  <attribute name= "Current Time Running" value="626" />
  <attribute name ="GC Interval" value="2121" />
  <attribute name="Target GC Util Change" value ="80.000000" />
  <attribute name="Current GC Util Change" value="84.000000"/>
  <attribute name="Current Error" value="61.000000" />
  <attribute name="Output H" value="10430440"/>
  <attribute name="Output I" value="2120"/>
  <attribute name="Output T" value="16"/>
  <attribute name= "Current Time Running" value="626" />
  <attribute name="GC Util currently" value="84" />
  <attribute name="CPU Util currently" value="65213207073" />
<allocation-satisfied id="227" threadId="00000000021F7F00" bytesRequested="32" />
<af-end id="228" timestamp="2019-08-08T09:53:28.776" threadId="00000000021F8888" success="true" from="nursery"/>
<exclusive-end id="229" timestamp="2019-08-08T09:53:28.776" durationms="2.471" />

<concurrent-kickoff id="230" timestamp="2019-08-08T09:53:28.783">
  <kickoff reason="threshold reached" targetBytes="1906205" thresholdFreeBytes="263931"  remainingFree="163872" tenureFreeBytes="1107616" nurseryFreeBytes="163872" />
</concurrent-kickoff>
<exclusive-start id="231" timestamp="2019-08-08T09:53:28.783" intervalms="8.718">
  <response-info timems="0.011" idlems="0.011" threads="0" lastid="00000000021F7F00" lastname="main" />
</exclusive-start>
<cycle-start id="232" type="global" contextid="0" timestamp="2019-08-08T09:53:28.783" intervalms="427.129" />
<exclusive-end id="233" timestamp="2019-08-08T09:53:28.783" durationms="0.012" />

<exclusive-start id="234" timestamp="2019-08-08T09:53:28.785" intervalms="2.816">
  <response-info timems="0.022" idlems="0.022" threads="0" lastid="00000000021F7F00" lastname="main" />
</exclusive-start>
<af-start id="235" threadId="00000000021F8888" totalBytesRequested="32" timestamp="2019-08-08T09:53:28.785" intervalms="11.527" type="nursery" />
<cycle-start id="236" type="scavenge" contextid="0" timestamp="2019-08-08T09:53:28.786" intervalms="11.526" />
<gc-start id="237" type="scavenge" contextid="236" timestamp="2019-08-08T09:53:28.786">
  <mem-info id="238" free="1107616" total="10616832" percent="10">
    <mem type="nursery" free="0" total="4194304" percent="0">
      <mem type="allocate" free="0" total="2097152" percent="0" />
      <mem type="survivor" free="0" total="2097152" percent="0" />
    </mem>
    <mem type="tenure" free="1107616" total="6422528" percent="17">
      <mem type="soa" free="787104" total="6102016" percent="12" />
      <mem type="loa" free="320512" total="320512" percent="100" />
    </mem>
    <remembered-set count="352" />
  </mem-info>
</gc-start>
<allocation-stats totalBytes="1156024" >
  <allocated-bytes non-tlh="127584" tlh="1028440" />
  <largest-consumer threadName="main" threadId="00000000021F7F00" bytes="1156024" />
</allocation-stats>
<gc-op id="239" type="scavenge" timems="2.288" contextid="236" timestamp="2019-08-08T09:53:28.788">
  <scavenger-info tenureage="1" tenuremask="7ffe" tiltratio="50" />
  <memory-copied type="nursery" objects="14753" bytes="961064" bytesdiscarded="252384" />
  <memory-copied type="tenure" objects="8324" bytes="667800" bytesdiscarded="496" />
</gc-op>
<heap-resize id="240" type="expand" space="nursery" amount="393216" count="1" timems="0.017" reason="excessive time being spent scavenging" timestamp="2019-08-08T09:53:28.788" />
<gc-end id="241" type="scavenge" contextid="236" durationms="2.396" usertimems="2.471" systemtimems="4.944" timestamp="2019-08-08T09:53:28.788" activeThreads="16">
  <mem-info id="242" free="1509736" total="11010048" percent="13">
    <mem type="nursery" free="1080176" total="4587520" percent="23">
      <mem type="allocate" free="1080176" total="2293760" percent="47" />
      <mem type="survivor" free="0" total="2293760" percent="0" />
    </mem>
    <mem type="tenure" free="429560" total="6422528" percent="6">
      <mem type="soa" free="109048" total="6102016" percent="1" />
      <mem type="loa" free="320512" total="320512" percent="100" />
    </mem>
    <remembered-set count="150" />
  </mem-info>
</gc-end>
<cycle-end id="243" type="scavenge" contextid="236" timestamp="2019-08-08T09:53:28.788" />
  <attribute name="elasticGC enabled" value="1" />
  <attribute name= "numThreadsSpecified" value="16" />
  <attribute name="heapSize specified" value="8650752" />
  <attribute name="Current GC Util" value="79" />
  <attribute name= "Current Time Running" value="638" />
  <attribute name ="GC Interval" value="2121" />
  <attribute name="Target GC Util Change" value ="80.000000" />
  <attribute name="Current GC Util Change" value="79.000000"/>
  <attribute name="Current Error" value="62.000000" />
  <attribute name="Output H" value="10692584"/>
  <attribute name="Output I" value="2120"/>
  <attribute name="Output T" value="16"/>
  <attribute name= "Current Time Running" value="638" />
  <attribute name="GC Util currently" value="79" />
  <attribute name="CPU Util currently" value="99893385274" />
<allocation-satisfied id="244" threadId="00000000021F7F00" bytesRequested="32" />
<af-end id="245" timestamp="2019-08-08T09:53:28.789" threadId="00000000021F8888" success="true" from="nursery"/>
<exclusive-end id="246" timestamp="2019-08-08T09:53:28.789" durationms="3.163" />

<exclusive-start id="247" timestamp="2019-08-08T09:53:29.530" intervalms="744.679">
  <response-info timems="0.648" idlems="0.437" threads="1" lastid="00000000024E9B00" lastname="node-17" />
</exclusive-start>
<concurrent-collection-start id="248" timestamp="2019-08-08T09:53:29.530" intervalms="1450.023" >
  <concurrent-trace-info reason="card cleaning threshold reached" tracedByMutators="731956" tracedByHelpers="3606148" cardsCleaned="182" workStackOverflowCount="0" />
</concurrent-collection-start>
<gc-start id="249" type="global" contextid="232" timestamp="2019-08-08T09:53:29.530">
  <mem-info id="250" free="459696" total="11010048" percent="4">
    <mem type="nursery" free="31424" total="4587520" percent="0">
      <mem type="allocate" free="31424" total="2293760" percent="1" />
      <mem type="survivor" free="0" total="2293760" percent="0" />
    </mem>
    <mem type="tenure" free="428272" total="6422528" percent="6">
      <mem type="soa" free="107760" total="6102016" percent="1" />
      <mem type="loa" free="320512" total="320512" percent="100" />
    </mem>
    <remembered-set count="267" />
  </mem-info>
</gc-start>
<allocation-stats totalBytes="1047496" >
  <allocated-bytes non-tlh="107416" tlh="940080" />
  <largest-consumer threadName="main" threadId="00000000021F7F00" bytes="348280" />
</allocation-stats>
<gc-op id="251" type="rs-scan" timems="6.579" contextid="232" timestamp="2019-08-08T09:53:29.537">
  <scan objectsFound="185" bytesTraced="14120" workStackOverflowCount="0" />
</gc-op>
<gc-op id="252" type="card-cleaning" timems="3.046" contextid="232" timestamp="2019-08-08T09:53:29.540">
  <card-cleaning cardsCleaned="18" bytesTraced="1146236" workStackOverflowCount="0" />
</gc-op>
<gc-op id="253" type="mark" timems="8.457" contextid="232" timestamp="2019-08-08T09:53:29.548">
  <trace-info objectcount="190" scancount="177" scanbytes="3512" />
  <finalization candidates="13" enqueued="0" />
  <references type="soft" candidates="66" cleared="0" enqueued="0" dynamicThreshold="28" maxThreshold="32" />
  <references type="weak" candidates="132" cleared="2" enqueued="2" />
  <references type="phantom" candidates="39" cleared="3" enqueued="3" />
  <stringconstants candidates="3837" cleared="0"  />
</gc-op>
<gc-op id="254" type="sweep" timems="1.819" contextid="232" timestamp="2019-08-08T09:53:29.550" />
<mem-info id="255" free="1522792" total="11010048" percent="13">
  <mem type="nursery" free="699520" total="4587520" percent="15">
    <mem type="allocate" free="699520" total="2293760" percent="30" />
    <mem type="survivor" free="0" total="2293760" percent="0" />
  </mem>
  <mem type="tenure" free="823272" total="6422528" percent="12" micro-fragmented="2056" macro-fragmented="0">
    <mem type="soa" free="502760" total="6102016" percent="8" />
    <mem type="loa" free="320512" total="320512" percent="100" />
  </mem>
  <pending-finalizers system="0" default="0" reference="5" classloader="0" />
  <remembered-set count="266" />
</mem-info>
<gc-op id="256" type="compact" timems="74.204" contextid="232" timestamp="2019-08-08T09:53:29.625">
  <compact-info movecount="131823" movebytes="6167360" reason="compact to aid heap contraction" />
</gc-op>
<heap-resize id="257" type="expand" space="tenure" amount="131072" count="1" timems="0.018" reason="satisfy allocation request" timestamp="2019-08-08T09:53:29.627" />
<gc-end id="258" type="global" contextid="232" durationms="96.893" usertimems="105.975" systemtimems="14.088" timestamp="2019-08-08T09:53:29.627" activeThreads="16">
  <mem-info id="259" free="1868608" total="11141120" percent="16">
    <mem type="nursery" free="910144" total="4587520" percent="19">
      <mem type="allocate" free="910144" total="2293760" percent="39" />
      <mem type="survivor" free="0" total="2293760" percent="0" />
    </mem>
    <mem type="tenure" free="958464" total="6553600" percent="14">
      <mem type="soa" free="630784" total="6225920" percent="10" />
      <mem type="loa" free="327680" total="327680" percent="100" />
    </mem>
    <pending-finalizers system="0" default="0" reference="5" classloader="0" />
    <remembered-set count="266" />
  </mem-info>
</gc-end>
<cycle-end id="260" type="global" contextid="232" timestamp="2019-08-08T09:53:29.627" />
  <attribute name="elasticGC enabled" value="1" />
  <attribute name= "numThreadsSpecified" value="16" />
  <attribute name="heapSize specified" value="11010048" />
  <attribute name="Current GC Util" value="41" />
  <attribute name= "Current Time Running" value="1477" />
  <attribute name ="GC Interval" value="2121" />
  <attribute name="Target GC Util Change" value ="80.000000" />
  <attribute name="Current GC Util Change" value="41.000000"/>
  <attribute name="Current Error" value="-47.000000" />
  <attribute name="Output H" value="11085680"/>
  <attribute name="Output I" value="1928"/>
  <attribute name="Output T" value="16"/>
  <attribute name= "Current Time Running" value="1477" />
  <attribute name="GC Util currently" value="41" />
  <attribute name="CPU Util currently" value="18" />
<concurrent-collection-end id="261" timestamp="2019-08-08T09:53:29.627" />
<exclusive-end id="262" timestamp="2019-08-08T09:53:29.627" durationms="97.068" />

<concurrent-kickoff id="263" timestamp="2019-08-08T09:53:30.494">
  <kickoff reason="threshold reached" targetBytes="2380643" thresholdFreeBytes="329385"  remainingFree="320320" tenureFreeBytes="958464" nurseryFreeBytes="320320" />
</concurrent-kickoff>
<exclusive-start id="264" timestamp="2019-08-08T09:53:30.494" intervalms="963.777">
  <response-info timems="0.197" idlems="0.197" threads="0" lastid="00000000024F4F00" lastname="node-4" />
</exclusive-start>
<cycle-start id="265" type="global" contextid="0" timestamp="2019-08-08T09:53:30.494" intervalms="1711.274" />
<exclusive-end id="266" timestamp="2019-08-08T09:53:30.494" durationms="0.016" />

<exclusive-start id="267" timestamp="2019-08-08T09:53:31.053" intervalms="558.807">
  <response-info timems="0.193" idlems="0.193" threads="0" lastid="0000000002507A00" lastname="node-2" />
</exclusive-start>
<concurrent-collection-start id="268" timestamp="2019-08-08T09:53:31.053" intervalms="1522.584" >
  <concurrent-trace-info reason="card cleaning threshold reached" tracedByMutators="250240" tracedByHelpers="4023264" cardsCleaned="25" workStackOverflowCount="0" />
</concurrent-collection-start>
<gc-start id="269" type="global" contextid="265" timestamp="2019-08-08T09:53:31.053">
  <mem-info id="270" free="1033024" total="11141120" percent="9">
    <mem type="nursery" free="74560" total="4587520" percent="1">
      <mem type="allocate" free="74560" total="2293760" percent="3" />
      <mem type="survivor" free="0" total="2293760" percent="0" />
    </mem>
    <mem type="tenure" free="958464" total="6553600" percent="14">
      <mem type="soa" free="630784" total="6225920" percent="10" />
      <mem type="loa" free="327680" total="327680" percent="100" />
    </mem>
    <remembered-set count="271" />
  </mem-info>
</gc-start>
<allocation-stats totalBytes="834504" >
  <allocated-bytes non-tlh="0" tlh="834504" />
  <largest-consumer threadName="node-2" threadId="0000000002507A00" bytes="135152" />
</allocation-stats>
<gc-op id="271" type="rs-scan" timems="3.055" contextid="265" timestamp="2019-08-08T09:53:31.056">
  <scan objectsFound="185" bytesTraced="14932" workStackOverflowCount="0" />
</gc-op>
<gc-op id="272" type="card-cleaning" timems="4.091" contextid="265" timestamp="2019-08-08T09:53:31.060">
  <card-cleaning cardsCleaned="15" bytesTraced="1066284" workStackOverflowCount="0" />
</gc-op>
<gc-op id="273" type="mark" timems="8.324" contextid="265" timestamp="2019-08-08T09:53:31.068">
  <trace-info objectcount="351" scancount="310" scanbytes="7332" />
  <finalization candidates="13" enqueued="0" />
  <references type="soft" candidates="66" cleared="0" enqueued="0" dynamicThreshold="4" maxThreshold="32" />
  <references type="weak" candidates="130" cleared="0" enqueued="0" />
  <references type="phantom" candidates="36" cleared="0" enqueued="0" />
  <stringconstants candidates="3837" cleared="0"  />
</gc-op>
<gc-op id="274" type="sweep" timems="4.351" contextid="265" timestamp="2019-08-08T09:53:31.073" />
<mem-info id="275" free="1944672" total="11141120" percent="17">
  <mem type="nursery" free="986208" total="4587520" percent="21">
    <mem type="allocate" free="986208" total="2293760" percent="42" />
    <mem type="survivor" free="0" total="2293760" percent="0" />
  </mem>
  <mem type="tenure" free="958464" total="6553600" percent="14" micro-fragmented="0" macro-fragmented="0">
    <mem type="soa" free="630784" total="6225920" percent="10" />
    <mem type="loa" free="327680" total="327680" percent="100" />
  </mem>
  <remembered-set count="261" />
</mem-info>
<gc-op id="276" type="compact" timems="77.382" contextid="265" timestamp="2019-08-08T09:53:31.150">
  <compact-info movecount="135555" movebytes="6340216" reason="compact to aid heap contraction" />
</gc-op>
<heap-resize id="277" type="expand" space="tenure" amount="131072" count="1" timems="0.020" reason="satisfy allocation request" timestamp="2019-08-08T09:53:31.153" />
<gc-end id="278" type="global" contextid="265" durationms="100.304" usertimems="114.818" systemtimems="20.325" timestamp="2019-08-08T09:53:31.153" activeThreads="16">
  <mem-info id="279" free="2080840" total="11272192" percent="18">
    <mem type="nursery" free="990800" total="4587520" percent="21">
      <mem type="allocate" free="990800" total="2293760" percent="43" />
      <mem type="survivor" free="0" total="2293760" percent="0" />
    </mem>
    <mem type="tenure" free="1090040" total="6684672" percent="16">
      <mem type="soa" free="756216" total="6350848" percent="11" />
      <mem type="loa" free="333824" total="333824" percent="100" />
    </mem>
    <remembered-set count="261" />
  </mem-info>
</gc-end>
<cycle-end id="280" type="global" contextid="265" timestamp="2019-08-08T09:53:31.154" />
  <attribute name="elasticGC enabled" value="1" />
  <attribute name= "numThreadsSpecified" value="16" />
  <attribute name="heapSize specified" value="11141120" />
  <attribute name="Current GC Util" value="123" />
  <attribute name= "Current Time Running" value="3003" />
  <attribute name ="GC Interval" value="2121" />
  <attribute name="Target GC Util Change" value ="80.000000" />
  <attribute name="Current GC Util Change" value="123.000000"/>
  <attribute name="Current Error" value="-29.000000" />
  <attribute name="Output H" value="11216768"/>
  <attribute name="Output I" value="1960"/>
  <attribute name="Output T" value="16"/>
  <attribute name= "Current Time Running" value="3003" />
  <attribute name="GC Util currently" value="123" />
  <attribute name="CPU Util currently" value="2" />
<concurrent-collection-end id="281" timestamp="2019-08-08T09:53:31.154" />
<exclusive-end id="282" timestamp="2019-08-08T09:53:31.154" durationms="100.864" />

<concurrent-kickoff id="283" timestamp="2019-08-08T09:53:31.829">
  <kickoff reason="threshold reached" targetBytes="2778503" thresholdFreeBytes="384331"  remainingFree="372304" tenureFreeBytes="1090040" nurseryFreeBytes="372304" />
</concurrent-kickoff>
<exclusive-start id="284" timestamp="2019-08-08T09:53:31.829" intervalms="776.054">
  <response-info timems="0.108" idlems="0.108" threads="0" lastid="0000000002516A00" lastname="node-0" />
</exclusive-start>
<cycle-start id="285" type="global" contextid="0" timestamp="2019-08-08T09:53:31.829" intervalms="1334.866" />
<exclusive-end id="286" timestamp="2019-08-08T09:53:31.829" durationms="0.020" />

<exclusive-start id="287" timestamp="2019-08-08T09:53:32.035" intervalms="206.689">
  <response-info timems="0.380" idlems="0.380" threads="0" lastid="000000000250B600" lastname="node-8" />
</exclusive-start>
<concurrent-collection-start id="288" timestamp="2019-08-08T09:53:32.036" intervalms="982.758" >
  <concurrent-trace-info reason="card cleaning threshold reached" tracedByMutators="216244" tracedByHelpers="4058908" cardsCleaned="33" workStackOverflowCount="0" />
</concurrent-collection-start>
<gc-start id="289" type="global" contextid="285" timestamp="2019-08-08T09:53:32.036">
  <mem-info id="290" free="1232968" total="11272192" percent="10">
    <mem type="nursery" free="142928" total="4587520" percent="3">
      <mem type="allocate" free="142928" total="2293760" percent="6" />
      <mem type="survivor" free="0" total="2293760" percent="0" />
    </mem>
    <mem type="tenure" free="1090040" total="6684672" percent="16">
      <mem type="soa" free="756216" total="6350848" percent="11" />
      <mem type="loa" free="333824" total="333824" percent="100" />
    </mem>
    <remembered-set count="263" />
  </mem-info>
</gc-start>
<allocation-stats totalBytes="846904" >
  <allocated-bytes non-tlh="0" tlh="846904" />
  <largest-consumer threadName="node-4" threadId="00000000024F4F00" bytes="122856" />
</allocation-stats>
<gc-op id="291" type="rs-scan" timems="2.024" contextid="285" timestamp="2019-08-08T09:53:32.038">
  <scan objectsFound="181" bytesTraced="14748" workStackOverflowCount="0" />
</gc-op>
<gc-op id="292" type="card-cleaning" timems="3.327" contextid="285" timestamp="2019-08-08T09:53:32.041">
  <card-cleaning cardsCleaned="20" bytesTraced="1067252" workStackOverflowCount="0" />
</gc-op>
<gc-op id="293" type="mark" timems="4.357" contextid="285" timestamp="2019-08-08T09:53:32.045">
  <trace-info objectcount="352" scancount="311" scanbytes="7316" />
  <finalization candidates="13" enqueued="0" />
  <references type="soft" candidates="66" cleared="0" enqueued="0" dynamicThreshold="5" maxThreshold="32" />
  <references type="weak" candidates="130" cleared="0" enqueued="0" />
  <references type="phantom" candidates="36" cleared="0" enqueued="0" />
  <stringconstants candidates="3837" cleared="0"  />
</gc-op>
<gc-op id="294" type="sweep" timems="2.090" contextid="285" timestamp="2019-08-08T09:53:32.047" />
<mem-info id="295" free="2078608" total="11272192" percent="18">
  <mem type="nursery" free="988568" total="4587520" percent="21">
    <mem type="allocate" free="988568" total="2293760" percent="43" />
    <mem type="survivor" free="0" total="2293760" percent="0" />
  </mem>
  <mem type="tenure" free="1090040" total="6684672" percent="16" micro-fragmented="0" macro-fragmented="0">
    <mem type="soa" free="756216" total="6350848" percent="11" />
    <mem type="loa" free="333824" total="333824" percent="100" />
  </mem>
  <remembered-set count="261" />
</mem-info>
<gc-op id="296" type="compact" timems="25.901" contextid="285" timestamp="2019-08-08T09:53:32.073">
  <compact-info movecount="38314" movebytes="2320712" reason="compact to aid heap contraction" />
</gc-op>
<heap-resize id="297" type="expand" space="tenure" amount="131072" count="1" timems="0.021" reason="satisfy allocation request" timestamp="2019-08-08T09:53:32.074" />
<gc-end id="298" type="global" contextid="285" durationms="38.952" usertimems="43.590" systemtimems="21.386" timestamp="2019-08-08T09:53:32.075" activeThreads="16">
  <mem-info id="299" free="2213312" total="11403264" percent="19">
    <mem type="nursery" free="992168" total="4587520" percent="21">
      <mem type="allocate" free="992168" total="2293760" percent="43" />
      <mem type="survivor" free="0" total="2293760" percent="0" />
    </mem>
    <mem type="tenure" free="1221144" total="6815744" percent="17">
      <mem type="soa" free="881176" total="6475776" percent="13" />
      <mem type="loa" free="339968" total="339968" percent="100" />
    </mem>
    <remembered-set count="261" />
  </mem-info>
</gc-end>
<cycle-end id="300" type="global" contextid="285" timestamp="2019-08-08T09:53:32.075" />
  <attribute name="elasticGC enabled" value="1" />
  <attribute name= "numThreadsSpecified" value="16" />
  <attribute name="heapSize specified" value="11272192" />
  <attribute name="Current GC Util" value="59" />
  <attribute name= "Current Time Running" value="3926" />
  <attribute name ="GC Interval" value="2121" />
  <attribute name="Target GC Util Change" value ="80.000000" />
  <attribute name="Current GC Util Change" value="59.000000"/>
  <attribute name="Current Error" value="-369.000000" />
  <attribute name="Output H" value="11347448"/>
  <attribute name="Output I" value="1352"/>
  <attribute name="Output T" value="16"/>
  <attribute name= "Current Time Running" value="3926" />
  <attribute name="GC Util currently" value="59" />
  <attribute name="CPU Util currently" value="44413422366" />
<concurrent-collection-end id="301" timestamp="2019-08-08T09:53:32.075" />
<exclusive-end id="302" timestamp="2019-08-08T09:53:32.075" durationms="39.186" />

<concurrent-kickoff id="303" timestamp="2019-08-08T09:53:32.632">
  <kickoff reason="threshold reached" targetBytes="3116295" thresholdFreeBytes="430151"  remainingFree="422824" tenureFreeBytes="1221144" nurseryFreeBytes="422824" />
</concurrent-kickoff>
<exclusive-start id="304" timestamp="2019-08-08T09:53:32.633" intervalms="597.095">
  <response-info timems="0.437" idlems="0.437" threads="0" lastid="00000000024F4F00" lastname="node-4" />
</exclusive-start>
<cycle-start id="305" type="global" contextid="0" timestamp="2019-08-08T09:53:32.633" intervalms="803.803" />
<exclusive-end id="306" timestamp="2019-08-08T09:53:32.633" durationms="0.041" />

<exclusive-start id="307" timestamp="2019-08-08T09:53:32.996" intervalms="363.895">
  <response-info timems="0.016" idlems="0.016" threads="0" lastid="00000000024F4F00" lastname="node-4" />
</exclusive-start>
<concurrent-collection-start id="308" timestamp="2019-08-08T09:53:32.997" intervalms="961.565" >
  <concurrent-trace-info reason="card cleaning threshold reached" tracedByMutators="53288" tracedByHelpers="4224496" cardsCleaned="35" workStackOverflowCount="0" />
</concurrent-collection-start>
<gc-start id="309" type="global" contextid="305" timestamp="2019-08-08T09:53:32.997">
  <mem-info id="310" free="1336768" total="11403264" percent="11">
    <mem type="nursery" free="115624" total="4587520" percent="2">
      <mem type="allocate" free="115624" total="2293760" percent="5" />
      <mem type="survivor" free="0" total="2293760" percent="0" />
    </mem>
    <mem type="tenure" free="1221144" total="6815744" percent="17">
      <mem type="soa" free="881176" total="6475776" percent="13" />
      <mem type="loa" free="339968" total="339968" percent="100" />
    </mem>
    <remembered-set count="263" />
  </mem-info>
</gc-start>
<allocation-stats totalBytes="874880" >
  <allocated-bytes non-tlh="0" tlh="874880" />
  <largest-consumer threadName="node-4" threadId="00000000024F4F00" bytes="106496" />
</allocation-stats>
<gc-op id="311" type="rs-scan" timems="2.625" contextid="305" timestamp="2019-08-08T09:53:33.000">
  <scan objectsFound="178" bytesTraced="14572" workStackOverflowCount="0" />
</gc-op>
<gc-op id="312" type="card-cleaning" timems="2.643" contextid="305" timestamp="2019-08-08T09:53:33.002">
  <card-cleaning cardsCleaned="21" bytesTraced="1067788" workStackOverflowCount="0" />
</gc-op>
<gc-op id="313" type="mark" timems="5.360" contextid="305" timestamp="2019-08-08T09:53:33.008">
  <trace-info objectcount="355" scancount="313" scanbytes="7372" />
  <finalization candidates="13" enqueued="0" />
  <references type="soft" candidates="66" cleared="0" enqueued="0" dynamicThreshold="5" maxThreshold="32" />
  <references type="weak" candidates="130" cleared="0" enqueued="0" />
  <references type="phantom" candidates="36" cleared="0" enqueued="0" />
  <stringconstants candidates="3837" cleared="0"  />
</gc-op>
<gc-op id="314" type="sweep" timems="1.647" contextid="305" timestamp="2019-08-08T09:53:33.010" />
<mem-info id="315" free="2211360" total="11403264" percent="19">
  <mem type="nursery" free="990216" total="4587520" percent="21">
    <mem type="allocate" free="990216" total="2293760" percent="43" />
    <mem type="survivor" free="0" total="2293760" percent="0" />
  </mem>
  <mem type="tenure" free="1221144" total="6815744" percent="17" micro-fragmented="0" macro-fragmented="0">
    <mem type="soa" free="881176" total="6475776" percent="13" />
    <mem type="loa" free="339968" total="339968" percent="100" />
  </mem>
  <remembered-set count="261" />
</mem-info>
<gc-op id="316" type="compact" timems="22.767" contextid="305" timestamp="2019-08-08T09:53:33.032">
  <compact-info movecount="32842" movebytes="2057848" reason="compact to aid heap contraction" />
</gc-op>
<heap-resize id="317" type="expand" space="tenure" amount="131072" count="1" timems="0.017" reason="satisfy allocation request" timestamp="2019-08-08T09:53:33.033" />
<gc-end id="318" type="global" contextid="305" durationms="36.271" usertimems="37.139" systemtimems="24.121" timestamp="2019-08-08T09:53:33.033" activeThreads="16">
  <mem-info id="319" free="2344360" total="11534336" percent="20">
    <mem type="nursery" free="992112" total="4587520" percent="21">
      <mem type="allocate" free="992112" total="2293760" percent="43" />
      <mem type="survivor" free="0" total="2293760" percent="0" />
    </mem>
    <mem type="tenure" free="1352248" total="6946816" percent="19">
      <mem type="soa" free="1005112" total="6599680" percent="15" />
      <mem type="loa" free="347136" total="347136" percent="100" />
    </mem>
    <remembered-set count="261" />
  </mem-info>
</gc-end>
<cycle-end id="320" type="global" contextid="305" timestamp="2019-08-08T09:53:33.033" />
  <attribute name="elasticGC enabled" value="1" />
  <attribute name= "numThreadsSpecified" value="16" />
  <attribute name="heapSize specified" value="11403264" />
  <attribute name="Current GC Util" value="48" />
  <attribute name= "Current Time Running" value="4885" />
  <attribute name ="GC Interval" value="2121" />
  <attribute name="Target GC Util Change" value ="80.000000" />
  <attribute name="Current GC Util Change" value="48.000000"/>
  <attribute name="Current Error" value="32.000000" />
  <attribute name="Output H" value="11478984"/>
  <attribute name="Output I" value="2072"/>
  <attribute name="Output T" value="16"/>
  <attribute name= "Current Time Running" value="4885" />
  <attribute name="GC Util currently" value="48" />
  <attribute name="CPU Util currently" value="50589493369" />
<concurrent-collection-end id="321" timestamp="2019-08-08T09:53:33.033" />
<exclusive-end id="322" timestamp="2019-08-08T09:53:33.033" durationms="37.020" />

<concurrent-kickoff id="323" timestamp="2019-08-08T09:53:33.292">
  <kickoff reason="threshold reached" targetBytes="3400319" thresholdFreeBytes="469528"  remainingFree="463728" tenureFreeBytes="1352248" nurseryFreeBytes="463728" />
</concurrent-kickoff>
<exclusive-start id="324" timestamp="2019-08-08T09:53:33.293" intervalms="296.289">
  <response-info timems="0.234" idlems="0.234" threads="0" lastid="000000000251A600" lastname="node-5" />
</exclusive-start>
<cycle-start id="325" type="global" contextid="0" timestamp="2019-08-08T09:53:33.293" intervalms="660.210" />
<exclusive-end id="326" timestamp="2019-08-08T09:53:33.293" durationms="0.075" />

<exclusive-start id="327" timestamp="2019-08-08T09:53:33.556" intervalms="263.622">
  <response-info timems="1.204" idlems="1.204" threads="0" lastid="0000000002534900" lastname="node-10" />
</exclusive-start>
<concurrent-collection-start id="328" timestamp="2019-08-08T09:53:33.556" intervalms="559.346" >
  <concurrent-trace-info reason="card cleaning threshold reached" tracedByMutators="503824" tracedByHelpers="3777312" cardsCleaned="38" workStackOverflowCount="0" />
</concurrent-collection-start>
<gc-start id="329" type="global" contextid="325" timestamp="2019-08-08T09:53:33.556">
  <mem-info id="330" free="1504680" total="11534336" percent="13">
    <mem type="nursery" free="152432" total="4587520" percent="3">
      <mem type="allocate" free="152432" total="2293760" percent="6" />
      <mem type="survivor" free="0" total="2293760" percent="0" />
    </mem>
    <mem type="tenure" free="1352248" total="6946816" percent="19">
      <mem type="soa" free="1005112" total="6599680" percent="15" />
      <mem type="loa" free="347136" total="347136" percent="100" />
    </mem>
    <remembered-set count="261" />
  </mem-info>
</gc-start>
<allocation-stats totalBytes="839272" >
  <allocated-bytes non-tlh="0" tlh="839272" />
  <largest-consumer threadName="node-8" threadId="000000000250B600" bytes="90104" />
</allocation-stats>
<gc-op id="331" type="rs-scan" timems="2.021" contextid="325" timestamp="2019-08-08T09:53:33.559">
  <scan objectsFound="166" bytesTraced="13644" workStackOverflowCount="0" />
</gc-op>
<gc-op id="332" type="card-cleaning" timems="1.858" contextid="325" timestamp="2019-08-08T09:53:33.560">
  <card-cleaning cardsCleaned="32" bytesTraced="1073556" workStackOverflowCount="0" />
</gc-op>
<gc-op id="333" type="mark" timems="4.456" contextid="325" timestamp="2019-08-08T09:53:33.565">
  <trace-info objectcount="355" scancount="314" scanbytes="7348" />
  <finalization candidates="13" enqueued="0" />
  <references type="soft" candidates="66" cleared="0" enqueued="0" dynamicThreshold="6" maxThreshold="32" />
  <references type="weak" candidates="130" cleared="0" enqueued="0" />
  <references type="phantom" candidates="36" cleared="0" enqueued="0" />
  <stringconstants candidates="3837" cleared="0"  />
</gc-op>
<gc-op id="334" type="sweep" timems="3.081" contextid="325" timestamp="2019-08-08T09:53:33.568" />
<mem-info id="335" free="2335880" total="11534336" percent="20">
  <mem type="nursery" free="983632" total="4587520" percent="21">
    <mem type="allocate" free="983632" total="2293760" percent="42" />
    <mem type="survivor" free="0" total="2293760" percent="0" />
  </mem>
  <mem type="tenure" free="1352248" total="6946816" percent="19" micro-fragmented="0" macro-fragmented="723458">
    <mem type="soa" free="1005112" total="6599680" percent="15" />
    <mem type="loa" free="347136" total="347136" percent="100" />
  </mem>
  <remembered-set count="261" />
</mem-info>
<gc-op id="336" type="compact" timems="14.561" contextid="325" timestamp="2019-08-08T09:53:33.583">
  <compact-info movecount="2480" movebytes="65168" reason="compact to aid heap contraction" />
</gc-op>
<heap-resize id="337" type="expand" space="tenure" amount="131072" count="1" timems="0.016" reason="satisfy allocation request" timestamp="2019-08-08T09:53:33.583" />
<gc-end id="338" type="global" contextid="325" durationms="26.850" usertimems="29.983" systemtimems="23.307" timestamp="2019-08-08T09:53:33.583" activeThreads="16">
  <mem-info id="339" free="2475592" total="11665408" percent="21">
    <mem type="nursery" free="992272" total="4587520" percent="21">
      <mem type="allocate" free="992272" total="2293760" percent="43" />
      <mem type="survivor" free="0" total="2293760" percent="0" />
    </mem>
    <mem type="tenure" free="1483320" total="7077888" percent="20">
      <mem type="soa" free="1130040" total="6724608" percent="16" />
      <mem type="loa" free="353280" total="353280" percent="100" />
    </mem>
    <remembered-set count="261" />
  </mem-info>
</gc-end>
<cycle-end id="340" type="global" contextid="325" timestamp="2019-08-08T09:53:33.583" />
  <attribute name="elasticGC enabled" value="1" />
  <attribute name= "numThreadsSpecified" value="16" />
  <attribute name="heapSize specified" value="11534336" />
  <attribute name="Current GC Util" value="112" />
  <attribute name= "Current Time Running" value="5435" />
  <attribute name ="GC Interval" value="2121" />
  <attribute name="Target GC Util Change" value ="80.000000" />
  <attribute name="Current GC Util Change" value="112.000000"/>
  <attribute name="Current Error" value="-149.000000" />
  <attribute name="Output H" value="11609848"/>
  <attribute name="Output I" value="1744"/>
  <attribute name="Output T" value="16"/>
  <attribute name= "Current Time Running" value="5435" />
  <attribute name="GC Util currently" value="112" />
  <attribute name="CPU Util currently" value="79029773318" />
<concurrent-collection-end id="341" timestamp="2019-08-08T09:53:33.583" />
<exclusive-end id="342" timestamp="2019-08-08T09:53:33.583" durationms="27.016" />

<exclusive-start id="343" timestamp="2019-08-08T09:53:34.111" intervalms="554.176">
  <response-info timems="0.023" idlems="0.023" threads="0" lastid="00000000024F4F00" lastname="node-4" />
</exclusive-start>
<af-start id="344" threadId="00000000024F5888" totalBytesRequested="24" timestamp="2019-08-08T09:53:34.111" intervalms="5325.111" type="nursery" />
<cycle-start id="345" type="scavenge" contextid="0" timestamp="2019-08-08T09:53:34.111" intervalms="5325.147" />
<gc-start id="346" type="scavenge" contextid="345" timestamp="2019-08-08T09:53:34.111">
  <mem-info id="347" free="1483320" total="11665408" percent="12">
    <mem type="nursery" free="0" total="4587520" percent="0">
      <mem type="allocate" free="0" total="2293760" percent="0" />
      <mem type="survivor" free="0" total="2293760" percent="0" />
    </mem>
    <mem type="tenure" free="1483320" total="7077888" percent="20">
      <mem type="soa" free="1130040" total="6724608" percent="16" />
      <mem type="loa" free="353280" total="353280" percent="100" />
    </mem>
    <remembered-set count="261" />
  </mem-info>
</gc-start>
<allocation-stats totalBytes="989288" >
  <allocated-bytes non-tlh="0" tlh="989288" />
  <largest-consumer threadName="node-7" threadId="0000000002503E00" bytes="90088" />
</allocation-stats>
<gc-op id="348" type="scavenge" timems="4.154" contextid="345" timestamp="2019-08-08T09:53:34.115">
  <scavenger-info tenureage="1" tenuremask="7ffe" tiltratio="50" />
  <memory-copied type="nursery" objects="6192" bytes="339872" bytesdiscarded="370672" />
  <memory-copied type="tenure" objects="14715" bytes="960144" bytesdiscarded="5824" />
  <heap-resize type="expand" space="tenure" amount="196608" count="3" timems="0.576" reason="continue current collection" />
</gc-op>
<gc-end id="349" type="scavenge" contextid="345" durationms="4.359" usertimems="3.516" systemtimems="4.359" timestamp="2019-08-08T09:53:34.115" activeThreads="16">
  <mem-info id="350" free="1993040" total="11862016" percent="16">
    <mem type="nursery" free="1583184" total="4587520" percent="34">
      <mem type="allocate" free="1583184" total="2293760" percent="69" />
      <mem type="survivor" free="0" total="2293760" percent="0" />
    </mem>
    <mem type="tenure" free="409856" total="7274496" percent="5" macro-fragmented="348889">
      <mem type="soa" free="46336" total="6910976" percent="0" />
      <mem type="loa" free="363520" total="363520" percent="100" />
    </mem>
    <remembered-set count="243" />
  </mem-info>
</gc-end>
<cycle-end id="351" type="scavenge" contextid="345" timestamp="2019-08-08T09:53:34.115" />
  <attribute name="elasticGC enabled" value="1" />
  <attribute name= "numThreadsSpecified" value="16" />
  <attribute name="heapSize specified" value="11534336" />
  <attribute name="Current GC Util" value="2" />
  <attribute name= "Current Time Running" value="5963" />
  <attribute name ="GC Interval" value="1889" />
  <attribute name="Target GC Util Change" value ="80.000000" />
  <attribute name="Current GC Util Change" value="2.000000"/>
  <attribute name="Current Error" value="-71.000000" />
  <attribute name="Output H" value="11741008"/>
  <attribute name="Output I" value="1888"/>
  <attribute name="Output T" value="16"/>
  <attribute name= "Current Time Running" value="5963" />
  <attribute name="GC Util currently" value="2" />
  <attribute name="CPU Util currently" value="17" />
<allocation-satisfied id="352" threadId="00000000024F4F00" bytesRequested="24" />
<af-end id="353" timestamp="2019-08-08T09:53:34.115" threadId="00000000024F5888" success="true" from="nursery"/>
<exclusive-end id="354" timestamp="2019-08-08T09:53:34.115" durationms="4.798" />

<concurrent-kickoff id="355" timestamp="2019-08-08T09:53:34.613">
  <kickoff reason="threshold reached" targetBytes="3738368" thresholdFreeBytes="516332"  remainingFree="497720" tenureFreeBytes="409856" nurseryFreeBytes="497720" />
</concurrent-kickoff>
<exclusive-start id="356" timestamp="2019-08-08T09:53:34.614" intervalms="503.379">
  <response-info timems="0.653" idlems="0.653" threads="0" lastid="000000000252D100" lastname="node-6" />
</exclusive-start>
<cycle-start id="357" type="global" contextid="0" timestamp="2019-08-08T09:53:34.614" intervalms="1321.149" />
<exclusive-end id="358" timestamp="2019-08-08T09:53:34.614" durationms="0.039" />

<exclusive-start id="359" timestamp="2019-08-08T09:53:34.779" intervalms="164.726">
  <response-info timems="0.391" idlems="0.235" threads="1" lastid="00000000024E5F00" lastname="node-11" />
</exclusive-start>
<concurrent-collection-start id="360" timestamp="2019-08-08T09:53:34.779" intervalms="1222.263" >
  <concurrent-trace-info reason="card cleaning threshold reached" tracedByMutators="79068" tracedByHelpers="4982340" cardsCleaned="49" workStackOverflowCount="0" />
</concurrent-collection-start>
<gc-start id="361" type="global" contextid="357" timestamp="2019-08-08T09:53:34.779">
  <mem-info id="362" free="530744" total="11862016" percent="4">
    <mem type="nursery" free="120888" total="4587520" percent="2">
      <mem type="allocate" free="120888" total="2293760" percent="5" />
      <mem type="survivor" free="0" total="2293760" percent="0" />
    </mem>
    <mem type="tenure" free="409856" total="7274496" percent="5">
      <mem type="soa" free="46336" total="6910976" percent="0" />
      <mem type="loa" free="363520" total="363520" percent="100" />
    </mem>
    <remembered-set count="254" />
  </mem-info>
</gc-start>
<allocation-stats totalBytes="1460992" >
  <allocated-bytes non-tlh="24" tlh="1460968" />
  <largest-consumer threadName="node-10" threadId="0000000002534900" bytes="122800" />
</allocation-stats>
<gc-op id="363" type="rs-scan" timems="2.471" contextid="357" timestamp="2019-08-08T09:53:34.781">
  <scan objectsFound="180" bytesTraced="11408" workStackOverflowCount="0" />
</gc-op>
<gc-op id="364" type="card-cleaning" timems="2.500" contextid="357" timestamp="2019-08-08T09:53:34.784">
  <card-cleaning cardsCleaned="5" bytesTraced="279288" workStackOverflowCount="0" />
</gc-op>
<gc-op id="365" type="mark" timems="11.251" contextid="357" timestamp="2019-08-08T09:53:34.795">
  <trace-info objectcount="392" scancount="339" scanbytes="7996" />
  <finalization candidates="13" enqueued="0" />
  <references type="soft" candidates="66" cleared="20" enqueued="16" dynamicThreshold="6" maxThreshold="32" />
  <references type="weak" candidates="130" cleared="0" enqueued="0" />
  <references type="phantom" candidates="36" cleared="0" enqueued="0" />
  <stringconstants candidates="3837" cleared="0"  />
</gc-op>
<gc-op id="366" type="sweep" timems="7.761" contextid="357" timestamp="2019-08-08T09:53:34.803" />
<mem-info id="367" free="2656744" total="11862016" percent="22">
  <mem type="nursery" free="1938904" total="4587520" percent="42">
    <mem type="allocate" free="1938904" total="2293760" percent="84" />
    <mem type="survivor" free="0" total="2293760" percent="0" />
  </mem>
  <mem type="tenure" free="717840" total="7274496" percent="9" micro-fragmented="0" macro-fragmented="0">
    <mem type="soa" free="354320" total="6910976" percent="5" />
    <mem type="loa" free="363520" total="363520" percent="100" />
  </mem>
  <pending-finalizers system="0" default="0" reference="16" classloader="0" />
  <remembered-set count="254" />
</mem-info>
<gc-op id="368" type="compact" timems="83.877" contextid="357" timestamp="2019-08-08T09:53:34.887">
  <compact-info movecount="138875" movebytes="6620312" reason="compact to aid heap contraction" />
</gc-op>
<heap-resize id="369" type="expand" space="tenure" amount="131072" count="1" timems="0.036" reason="satisfy allocation request" timestamp="2019-08-08T09:53:34.887" />
<gc-end id="370" type="global" contextid="357" durationms="108.812" usertimems="158.556" systemtimems="15.921" timestamp="2019-08-08T09:53:34.888" activeThreads="16">
  <mem-info id="371" free="2800528" total="11993088" percent="23">
    <mem type="nursery" free="1947488" total="4587520" percent="42">
      <mem type="allocate" free="1947488" total="2293760" percent="84" />
      <mem type="survivor" free="0" total="2293760" percent="0" />
    </mem>
    <mem type="tenure" free="853040" total="7405568" percent="11">
      <mem type="soa" free="483376" total="7035904" percent="6" />
      <mem type="loa" free="369664" total="369664" percent="100" />
    </mem>
    <pending-finalizers system="0" default="0" reference="16" classloader="0" />
    <remembered-set count="254" />
  </mem-info>
</gc-end>
<cycle-end id="372" type="global" contextid="357" timestamp="2019-08-08T09:53:34.888" />
  <attribute name="elasticGC enabled" value="1" />
  <attribute name= "numThreadsSpecified" value="16" />
  <attribute name="heapSize specified" value="11862016" />
  <attribute name="Current GC Util" value="15" />
  <attribute name= "Current Time Running" value="6739" />
  <attribute name ="GC Interval" value="1889" />
  <attribute name="Target GC Util Change" value ="80.000000" />
  <attribute name="Current GC Util Change" value="15.000000"/>
  <attribute name="Current Error" value="72.000000" />
  <attribute name="Output H" value="11937784"/>
  <attribute name="Output I" value="2136"/>
  <attribute name="Output T" value="16"/>
  <attribute name= "Current Time Running" value="6739" />
  <attribute name="GC Util currently" value="15" />
  <attribute name="CPU Util currently" value="13741484021" />
<concurrent-collection-end id="373" timestamp="2019-08-08T09:53:34.888" />
<exclusive-end id="374" timestamp="2019-08-08T09:53:34.888" durationms="109.019" />

<concurrent-kickoff id="375" timestamp="2019-08-08T09:53:35.495">
  <kickoff reason="threshold reached" targetBytes="4056339" thresholdFreeBytes="559817"  remainingFree="554848" tenureFreeBytes="853040" nurseryFreeBytes="554848" />
</concurrent-kickoff>
<exclusive-start id="376" timestamp="2019-08-08T09:53:35.496" intervalms="717.613">
  <response-info timems="1.063" idlems="1.063" threads="0" lastid="0000000002538500" lastname="node-13" />
</exclusive-start>
<cycle-start id="377" type="global" contextid="0" timestamp="2019-08-08T09:53:35.496" intervalms="882.401" />
<exclusive-end id="378" timestamp="2019-08-08T09:53:35.496" durationms="0.104" />

<exclusive-start id="379" timestamp="2019-08-08T09:53:35.712" intervalms="215.603">
  <response-info timems="0.495" idlems="0.310" threads="1" lastid="0000000002507A00" lastname="node-2" />
</exclusive-start>
<concurrent-collection-start id="380" timestamp="2019-08-08T09:53:35.712" intervalms="933.202" >
  <concurrent-trace-info reason="card cleaning threshold reached" tracedByMutators="91332" tracedByHelpers="4970608" cardsCleaned="57" workStackOverflowCount="0" />
</concurrent-collection-start>
<gc-start id="381" type="global" contextid="377" timestamp="2019-08-08T09:53:35.712">
  <mem-info id="382" free="1067920" total="11993088" percent="8">
    <mem type="nursery" free="214880" total="4587520" percent="4">
      <mem type="allocate" free="214880" total="2293760" percent="9" />
      <mem type="survivor" free="0" total="2293760" percent="0" />
    </mem>
    <mem type="tenure" free="853040" total="7405568" percent="11">
      <mem type="soa" free="483376" total="7035904" percent="6" />
      <mem type="loa" free="369664" total="369664" percent="100" />
    </mem>
    <remembered-set count="276" />
  </mem-info>
</gc-start>
<allocation-stats totalBytes="1729704" >
  <allocated-bytes non-tlh="0" tlh="1729704" />
  <largest-consumer threadName="node-3" threadId="0000000002530D00" bytes="122848" />
</allocation-stats>
<gc-op id="383" type="rs-scan" timems="3.094" contextid="377" timestamp="2019-08-08T09:53:35.715">
  <scan objectsFound="166" bytesTraced="11136" workStackOverflowCount="0" />
</gc-op>
<gc-op id="384" type="card-cleaning" timems="4.013" contextid="377" timestamp="2019-08-08T09:53:35.719">
  <card-cleaning cardsCleaned="35" bytesTraced="291988" workStackOverflowCount="0" />
</gc-op>
<gc-op id="385" type="mark" timems="5.843" contextid="377" timestamp="2019-08-08T09:53:35.725">
  <trace-info objectcount="375" scancount="334" scanbytes="7892" />
  <finalization candidates="13" enqueued="0" />
  <references type="soft" candidates="46" cleared="1" enqueued="0" dynamicThreshold="3" maxThreshold="32" />
  <references type="weak" candidates="130" cleared="0" enqueued="0" />
  <references type="phantom" candidates="36" cleared="0" enqueued="0" />
  <stringconstants candidates="3837" cleared="0"  />
</gc-op>
<gc-op id="386" type="sweep" timems="3.757" contextid="377" timestamp="2019-08-08T09:53:35.729" />
<mem-info id="387" free="2803464" total="11993088" percent="23">
  <mem type="nursery" free="1950424" total="4587520" percent="42">
    <mem type="allocate" free="1950424" total="2293760" percent="85" />
    <mem type="survivor" free="0" total="2293760" percent="0" />
  </mem>
  <mem type="tenure" free="853040" total="7405568" percent="11" micro-fragmented="2307" macro-fragmented="348889">
    <mem type="soa" free="483376" total="7035904" percent="6" />
    <mem type="loa" free="369664" total="369664" percent="100" />
  </mem>
  <remembered-set count="260" />
</mem-info>
<gc-op id="388" type="compact" timems="82.470" contextid="377" timestamp="2019-08-08T09:53:35.812">
  <compact-info movecount="139629" movebytes="6640216" reason="compact to aid heap contraction" />
</gc-op>
<heap-resize id="389" type="expand" space="tenure" amount="131072" count="1" timems="0.019" reason="satisfy allocation request" timestamp="2019-08-08T09:53:35.813" />
<gc-end id="390" type="global" contextid="377" durationms="100.781" usertimems="111.175" systemtimems="11.638" timestamp="2019-08-08T09:53:35.813" activeThreads="16">
  <mem-info id="391" free="2944592" total="12124160" percent="24">
    <mem type="nursery" free="1957168" total="4587520" percent="42">
      <mem type="allocate" free="1957168" total="2293760" percent="85" />
      <mem type="survivor" free="0" total="2293760" percent="0" />
    </mem>
    <mem type="tenure" free="987424" total="7536640" percent="13">
      <mem type="soa" free="610592" total="7159808" percent="8" />
      <mem type="loa" free="376832" total="376832" percent="100" />
    </mem>
    <remembered-set count="260" />
  </mem-info>
</gc-end>
<cycle-end id="392" type="global" contextid="377" timestamp="2019-08-08T09:53:35.813" />
  <attribute name="elasticGC enabled" value="1" />
  <attribute name= "numThreadsSpecified" value="16" />
  <attribute name="heapSize specified" value="11993088" />
  <attribute name="Current GC Util" value="20" />
  <attribute name= "Current Time Running" value="7664" />
  <attribute name ="GC Interval" value="1889" />
  <attribute name="Target GC Util Change" value ="80.000000" />
  <attribute name="Current GC Util Change" value="20.000000"/>
  <attribute name="Current Error" value="-276.000000" />
  <attribute name="Output H" value="12068456"/>
  <attribute name="Output I" value="1520"/>
  <attribute name="Output T" value="16"/>
  <attribute name= "Current Time Running" value="7664" />
  <attribute name="GC Util currently" value="20" />
  <attribute name="CPU Util currently" value="13973290522" />
<concurrent-collection-end id="393" timestamp="2019-08-08T09:53:35.813" />
<exclusive-end id="394" timestamp="2019-08-08T09:53:35.813" durationms="101.105" />

<concurrent-kickoff id="395" timestamp="2019-08-08T09:53:36.700">
  <kickoff reason="threshold reached" targetBytes="4322204" thresholdFreeBytes="596655"  remainingFree="593200" tenureFreeBytes="987424" nurseryFreeBytes="593200" />
</concurrent-kickoff>
<exclusive-start id="396" timestamp="2019-08-08T09:53:36.701" intervalms="989.423">
  <response-info timems="0.831" idlems="0.831" threads="0" lastid="0000000002503E00" lastname="node-7" />
</exclusive-start>
<cycle-start id="397" type="global" contextid="0" timestamp="2019-08-08T09:53:36.701" intervalms="1204.964" />
<exclusive-end id="398" timestamp="2019-08-08T09:53:36.701" durationms="0.042" />

<exclusive-start id="399" timestamp="2019-08-08T09:53:37.272" intervalms="570.724">
  <response-info timems="0.638" idlems="0.348" threads="1" lastid="000000000252D100" lastname="node-6" />
</exclusive-start>
<concurrent-collection-start id="400" timestamp="2019-08-08T09:53:37.272" intervalms="1560.193" >
  <concurrent-trace-info reason="card cleaning threshold reached" tracedByMutators="900468" tracedByHelpers="4161076" cardsCleaned="59" workStackOverflowCount="0" />
</concurrent-collection-start>
<gc-start id="401" type="global" contextid="397" timestamp="2019-08-08T09:53:37.272">
  <mem-info id="402" free="1158736" total="12124160" percent="9">
    <mem type="nursery" free="171312" total="4587520" percent="3">
      <mem type="allocate" free="171312" total="2293760" percent="7" />
      <mem type="survivor" free="0" total="2293760" percent="0" />
    </mem>
    <mem type="tenure" free="987424" total="7536640" percent="13">
      <mem type="soa" free="610592" total="7159808" percent="8" />
      <mem type="loa" free="376832" total="376832" percent="100" />
    </mem>
    <remembered-set count="263" />
  </mem-info>
</gc-start>
<allocation-stats totalBytes="1784608" >
  <allocated-bytes non-tlh="0" tlh="1784608" />
  <largest-consumer threadName="node-14" threadId="00000000024F1300" bytes="122808" />
</allocation-stats>
<gc-op id="403" type="rs-scan" timems="1.357" contextid="397" timestamp="2019-08-08T09:53:37.274">
  <scan objectsFound="133" bytesTraced="9016" workStackOverflowCount="0" />
</gc-op>
<gc-op id="404" type="card-cleaning" timems="1.166" contextid="397" timestamp="2019-08-08T09:53:37.275">
  <card-cleaning cardsCleaned="58" bytesTraced="302368" workStackOverflowCount="0" />
</gc-op>
<gc-op id="405" type="mark" timems="4.874" contextid="397" timestamp="2019-08-08T09:53:37.280">
  <trace-info objectcount="359" scancount="318" scanbytes="7620" />
  <finalization candidates="13" enqueued="0" />
  <references type="soft" candidates="45" cleared="0" enqueued="0" dynamicThreshold="4" maxThreshold="32" />
  <references type="weak" candidates="130" cleared="0" enqueued="0" />
  <references type="phantom" candidates="36" cleared="0" enqueued="0" />
  <stringconstants candidates="3837" cleared="0"  />
</gc-op>
<gc-op id="406" type="sweep" timems="2.725" contextid="397" timestamp="2019-08-08T09:53:37.282" />
<mem-info id="407" free="2939400" total="12124160" percent="24">
  <mem type="nursery" free="1951976" total="4587520" percent="42">
    <mem type="allocate" free="1951976" total="2293760" percent="85" />
    <mem type="survivor" free="0" total="2293760" percent="0" />
  </mem>
  <mem type="tenure" free="987424" total="7536640" percent="13" micro-fragmented="0" macro-fragmented="0">
    <mem type="soa" free="610592" total="7159808" percent="8" />
    <mem type="loa" free="376832" total="376832" percent="100" />
  </mem>
  <remembered-set count="263" />
</mem-info>
<gc-op id="408" type="compact" timems="22.819" contextid="397" timestamp="2019-08-08T09:53:37.305">
  <compact-info movecount="5673" movebytes="319672" reason="compact to aid heap contraction" />
</gc-op>
<heap-resize id="409" type="expand" space="tenure" amount="131072" count="1" timems="0.032" reason="satisfy allocation request" timestamp="2019-08-08T09:53:37.307" />
<gc-end id="410" type="global" contextid="397" durationms="34.643" usertimems="59.464" systemtimems="22.834" timestamp="2019-08-08T09:53:37.307" activeThreads="16">
  <mem-info id="411" free="3076912" total="12255232" percent="25">
    <mem type="nursery" free="1958416" total="4587520" percent="42">
      <mem type="allocate" free="1958416" total="2293760" percent="85" />
      <mem type="survivor" free="0" total="2293760" percent="0" />
    </mem>
    <mem type="tenure" free="1118496" total="7667712" percent="14">
      <mem type="soa" free="735520" total="7284736" percent="10" />
      <mem type="loa" free="382976" total="382976" percent="100" />
    </mem>
    <remembered-set count="263" />
  </mem-info>
</gc-end>
<cycle-end id="412" type="global" contextid="397" timestamp="2019-08-08T09:53:37.307" />
  <attribute name="elasticGC enabled" value="1" />
  <attribute name= "numThreadsSpecified" value="16" />
  <attribute name="heapSize specified" value="12124160" />
  <attribute name="Current GC Util" value="49" />
  <attribute name= "Current Time Running" value="9158" />
  <attribute name ="GC Interval" value="1889" />
  <attribute name="Target GC Util Change" value ="80.000000" />
  <attribute name="Current GC Util Change" value="49.000000"/>
  <attribute name="Current Error" value="-68.000000" />
  <attribute name="Output H" value="12199768"/>
  <attribute name="Output I" value="1888"/>
  <attribute name="Output T" value="16"/>
  <attribute name= "Current Time Running" value="9158" />
  <attribute name="GC Util currently" value="49" />
  <attribute name="CPU Util currently" value="50464444562" />
<concurrent-collection-end id="413" timestamp="2019-08-08T09:53:37.307" />
<exclusive-end id="414" timestamp="2019-08-08T09:53:37.307" durationms="34.918" />

<concurrent-kickoff id="415" timestamp="2019-08-08T09:53:38.163">
  <kickoff reason="threshold reached" targetBytes="4542073" thresholdFreeBytes="627137"  remainingFree="619024" tenureFreeBytes="1118496" nurseryFreeBytes="619024" />
</concurrent-kickoff>
<exclusive-start id="416" timestamp="2019-08-08T09:53:38.164" intervalms="891.649">
  <response-info timems="0.120" idlems="0.120" threads="0" lastid="0000000002538500" lastname="node-13" />
</exclusive-start>
<cycle-start id="417" type="global" contextid="0" timestamp="2019-08-08T09:53:38.164" intervalms="1462.578" />
<exclusive-end id="418" timestamp="2019-08-08T09:53:38.164" durationms="0.258" />

<exclusive-start id="419" timestamp="2019-08-08T09:53:38.378" intervalms="213.887">
  <response-info timems="0.426" idlems="0.426" threads="0" lastid="0000000002512E00" lastname="node-19" />
</exclusive-start>
<concurrent-collection-start id="420" timestamp="2019-08-08T09:53:38.378" intervalms="1105.523" >
  <concurrent-trace-info reason="card cleaning threshold reached" tracedByMutators="220004" tracedByHelpers="4844832" cardsCleaned="65" workStackOverflowCount="0" />
</concurrent-collection-start>
<gc-start id="421" type="global" contextid="417" timestamp="2019-08-08T09:53:38.378">
  <mem-info id="422" free="1336112" total="12255232" percent="10">
    <mem type="nursery" free="217616" total="4587520" percent="4">
      <mem type="allocate" free="217616" total="2293760" percent="9" />
      <mem type="survivor" free="0" total="2293760" percent="0" />
    </mem>
    <mem type="tenure" free="1118496" total="7667712" percent="14">
      <mem type="soa" free="735520" total="7284736" percent="10" />
      <mem type="loa" free="382976" total="382976" percent="100" />
    </mem>
    <remembered-set count="266" />
  </mem-info>
</gc-start>
<allocation-stats totalBytes="1738376" >
  <allocated-bytes non-tlh="0" tlh="1738376" />
  <largest-consumer threadName="node-0" threadId="0000000002516A00" bytes="106496" />
</allocation-stats>
<gc-op id="423" type="rs-scan" timems="2.841" contextid="417" timestamp="2019-08-08T09:53:38.381">
  <scan objectsFound="149" bytesTraced="10328" workStackOverflowCount="0" />
</gc-op>
<gc-op id="424" type="card-cleaning" timems="5.280" contextid="417" timestamp="2019-08-08T09:53:38.386">
  <card-cleaning cardsCleaned="35" bytesTraced="289052" workStackOverflowCount="0" />
</gc-op>
<gc-op id="425" type="mark" timems="9.220" contextid="417" timestamp="2019-08-08T09:53:38.395">
  <trace-info objectcount="360" scancount="319" scanbytes="7644" />
  <finalization candidates="13" enqueued="0" />
  <references type="soft" candidates="45" cleared="0" enqueued="0" dynamicThreshold="4" maxThreshold="32" />
  <references type="weak" candidates="130" cleared="0" enqueued="0" />
  <references type="phantom" candidates="36" cleared="0" enqueued="0" />
  <stringconstants candidates="3837" cleared="0"  />
</gc-op>
<gc-op id="426" type="sweep" timems="3.594" contextid="417" timestamp="2019-08-08T09:53:38.399" />
<mem-info id="427" free="3071592" total="12255232" percent="25">
  <mem type="nursery" free="1953096" total="4587520" percent="42">
    <mem type="allocate" free="1953096" total="2293760" percent="85" />
    <mem type="survivor" free="0" total="2293760" percent="0" />
  </mem>
  <mem type="tenure" free="1118496" total="7667712" percent="14" micro-fragmented="0" macro-fragmented="56347">
    <mem type="soa" free="735520" total="7284736" percent="10" />
    <mem type="loa" free="382976" total="382976" percent="100" />
  </mem>
  <remembered-set count="265" />
</mem-info>
<gc-op id="428" type="compact" timems="17.964" contextid="417" timestamp="2019-08-08T09:53:38.417">
  <compact-info movecount="18603" movebytes="1197104" reason="compact to aid heap contraction" />
</gc-op>
<heap-resize id="429" type="expand" space="tenure" amount="131072" count="1" timems="0.027" reason="satisfy allocation request" timestamp="2019-08-08T09:53:38.418" />
<gc-end id="430" type="global" contextid="417" durationms="40.536" usertimems="48.374" systemtimems="20.995" timestamp="2019-08-08T09:53:38.418" activeThreads="16">
  <mem-info id="431" free="3208968" total="12386304" percent="25">
    <mem type="nursery" free="1959384" total="4587520" percent="42">
      <mem type="allocate" free="1959384" total="2293760" percent="85" />
      <mem type="survivor" free="0" total="2293760" percent="0" />
    </mem>
    <mem type="tenure" free="1249584" total="7798784" percent="16">
      <mem type="soa" free="860464" total="7409664" percent="11" />
      <mem type="loa" free="389120" total="389120" percent="100" />
    </mem>
    <remembered-set count="265" />
  </mem-info>
</gc-end>
<cycle-end id="432" type="global" contextid="417" timestamp="2019-08-08T09:53:38.418" />
  <attribute name="elasticGC enabled" value="1" />
  <attribute name= "numThreadsSpecified" value="16" />
  <attribute name="heapSize specified" value="12255232" />
  <attribute name="Current GC Util" value="72" />
  <attribute name= "Current Time Running" value="10269" />
  <attribute name ="GC Interval" value="1889" />
  <attribute name="Target GC Util Change" value ="80.000000" />
  <attribute name="Current GC Util Change" value="72.000000"/>
  <attribute name="Current Error" value="8.000000" />
  <attribute name="Output H" value="12330928"/>
  <attribute name="Output I" value="2024"/>
  <attribute name="Output T" value="16"/>
  <attribute name= "Current Time Running" value="10269" />
  <attribute name="GC Util currently" value="72" />
  <attribute name="CPU Util currently" value="64108040427" />
<concurrent-collection-end id="433" timestamp="2019-08-08T09:53:38.418" />
<exclusive-end id="434" timestamp="2019-08-08T09:53:38.418" durationms="40.844" />

<concurrent-kickoff id="435" timestamp="2019-08-08T09:53:39.321">
  <kickoff reason="threshold reached" targetBytes="4723539" thresholdFreeBytes="652307"  remainingFree="632280" tenureFreeBytes="1249584" nurseryFreeBytes="632280" />
</concurrent-kickoff>
<exclusive-start id="436" timestamp="2019-08-08T09:53:39.322" intervalms="944.956">
  <response-info timems="0.902" idlems="0.645" threads="2" lastid="000000000250B600" lastname="node-8" />
</exclusive-start>
<cycle-start id="437" type="global" contextid="0" timestamp="2019-08-08T09:53:39.323" intervalms="1158.642" />
<exclusive-end id="438" timestamp="2019-08-08T09:53:39.323" durationms="0.047" />

<exclusive-start id="439" timestamp="2019-08-08T09:53:39.887" intervalms="564.725">
  <response-info timems="4.156" idlems="4.156" threads="0" lastid="0000000002538500" lastname="node-13" />
</exclusive-start>
<af-start id="440" threadId="0000000002538E88" totalBytesRequested="720" timestamp="2019-08-08T09:53:39.887" intervalms="5776.707" type="nursery" />
<cycle-start id="441" type="scavenge" contextid="0" timestamp="2019-08-08T09:53:39.887" intervalms="5776.694" />
<gc-start id="442" type="scavenge" contextid="441" timestamp="2019-08-08T09:53:39.887">
  <mem-info id="443" free="1249584" total="12386304" percent="10">
    <mem type="nursery" free="0" total="4587520" percent="0">
      <mem type="allocate" free="0" total="2293760" percent="0" />
      <mem type="survivor" free="0" total="2293760" percent="0" />
    </mem>
    <mem type="tenure" free="1249584" total="7798784" percent="16">
      <mem type="soa" free="860464" total="7409664" percent="11" />
      <mem type="loa" free="389120" total="389120" percent="100" />
    </mem>
    <remembered-set count="267" />
  </mem-info>
</gc-start>
<allocation-stats totalBytes="1955632" >
  <allocated-bytes non-tlh="0" tlh="1955632" />
  <largest-consumer threadName="node-12" threadId="00000000024F8B00" bytes="106488" />
</allocation-stats>
<gc-op id="444" type="scavenge" timems="5.177" contextid="441" timestamp="2019-08-08T09:53:39.893">
  <scavenger-info tenureage="1" tenuremask="7ffe" tiltratio="50" />
  <memory-copied type="nursery" objects="163" bytes="15456" bytesdiscarded="168864" />
  <memory-copied type="tenure" objects="5878" bytes="328792" bytesdiscarded="664" />
</gc-op>
<gc-end id="445" type="scavenge" contextid="441" durationms="5.689" usertimems="2.608" systemtimems="6.530" timestamp="2019-08-08T09:53:39.893" activeThreads="16">
  <mem-info id="446" free="3307640" total="12386304" percent="26">
    <mem type="nursery" free="2502656" total="4587520" percent="54">
      <mem type="allocate" free="2502656" total="2686976" percent="93" />
      <mem type="survivor" free="0" total="1900544" percent="0" />
    </mem>
    <mem type="tenure" free="804984" total="7798784" percent="10" macro-fragmented="0">
      <mem type="soa" free="415864" total="7409664" percent="5" />
      <mem type="loa" free="389120" total="389120" percent="100" />
    </mem>
    <remembered-set count="306" />
  </mem-info>
</gc-end>
<cycle-end id="447" type="scavenge" contextid="441" timestamp="2019-08-08T09:53:39.893" />
  <attribute name="elasticGC enabled" value="1" />
  <attribute name= "numThreadsSpecified" value="16" />
  <attribute name="heapSize specified" value="12255232" />
  <attribute name="Current GC Util" value="1" />
  <attribute name= "Current Time Running" value="11740" />
  <attribute name ="GC Interval" value="2169" />
  <attribute name="Target GC Util Change" value ="80.000000" />
  <attribute name="Current GC Util Change" value="1.000000"/>
  <attribute name="Current Error" value="87.000000" />
  <attribute name="Output H" value="12462088"/>
  <attribute name="Output I" value="2168"/>
  <attribute name="Output T" value="16"/>
  <attribute name= "Current Time Running" value="11740" />
  <attribute name="GC Util currently" value="1" />
  <attribute name="CPU Util currently" value="15" />
<allocation-satisfied id="448" threadId="0000000002538500" bytesRequested="720" />
<af-end id="449" timestamp="2019-08-08T09:53:39.893" threadId="0000000002538E88" success="true" from="nursery"/>
<exclusive-end id="450" timestamp="2019-08-08T09:53:39.893" durationms="6.182" />

<exclusive-start id="451" timestamp="2019-08-08T09:53:39.894" intervalms="7.121">
  <response-info timems="0.167" idlems="0.167" threads="0" lastid="00000000024F1300" lastname="node-14" />
</exclusive-start>
<concurrent-collection-start id="452" timestamp="2019-08-08T09:53:39.894" intervalms="1516.795" >
  <concurrent-trace-info reason="card cleaning threshold reached" tracedByMutators="1393764" tracedByHelpers="3986496" cardsCleaned="158" workStackOverflowCount="0" />
</concurrent-collection-start>
<gc-start id="453" type="global" contextid="437" timestamp="2019-08-08T09:53:39.895">
  <mem-info id="454" free="3249576" total="12386304" percent="26">
    <mem type="nursery" free="2444592" total="4587520" percent="53">
      <mem type="allocate" free="2444592" total="2686976" percent="90" />
      <mem type="survivor" free="0" total="1900544" percent="0" />
    </mem>
    <mem type="tenure" free="804984" total="7798784" percent="10">
      <mem type="soa" free="415864" total="7409664" percent="5" />
      <mem type="loa" free="389120" total="389120" percent="100" />
    </mem>
    <remembered-set count="306" />
  </mem-info>
</gc-start>
<allocation-stats totalBytes="58064" >
  <allocated-bytes non-tlh="720" tlh="57344" />
  <largest-consumer threadName="node-0" threadId="0000000002516A00" bytes="20480" />
</allocation-stats>
<gc-op id="455" type="rs-scan" timems="1.958" contextid="437" timestamp="2019-08-08T09:53:39.897">
  <scan objectsFound="213" bytesTraced="12912" workStackOverflowCount="0" />
</gc-op>
<gc-op id="456" type="card-cleaning" timems="1.790" contextid="437" timestamp="2019-08-08T09:53:39.898">
  <card-cleaning cardsCleaned="0" bytesTraced="1296" workStackOverflowCount="0" />
</gc-op>
<gc-op id="457" type="mark" timems="7.835" contextid="437" timestamp="2019-08-08T09:53:39.906">
  <trace-info objectcount="410" scancount="351" scanbytes="8276" />
  <finalization candidates="13" enqueued="0" />
  <references type="soft" candidates="45" cleared="0" enqueued="0" dynamicThreshold="5" maxThreshold="32" />
  <references type="weak" candidates="130" cleared="0" enqueued="0" />
  <references type="phantom" candidates="36" cleared="0" enqueued="0" />
  <stringconstants candidates="3837" cleared="0"  />
</gc-op>
<gc-op id="458" type="sweep" timems="19.869" contextid="437" timestamp="2019-08-08T09:53:39.926" />
<mem-info id="459" free="3589432" total="12386304" percent="28">
  <mem type="nursery" free="2669352" total="4587520" percent="58">
    <mem type="allocate" free="2669352" total="2686976" percent="99" />
    <mem type="survivor" free="0" total="1900544" percent="0" />
  </mem>
  <mem type="tenure" free="920080" total="7798784" percent="11" micro-fragmented="0" macro-fragmented="0">
    <mem type="soa" free="530960" total="7409664" percent="7" />
    <mem type="loa" free="389120" total="389120" percent="100" />
  </mem>
  <remembered-set count="306" />
</mem-info>
<gc-op id="460" type="compact" timems="31.692" contextid="437" timestamp="2019-08-08T09:53:39.958">
  <compact-info movecount="19233" movebytes="1242936" reason="compact to aid heap contraction" />
</gc-op>
<heap-resize id="461" type="expand" space="tenure" amount="131072" count="1" timems="0.024" reason="satisfy allocation request" timestamp="2019-08-08T09:53:39.959" />
<gc-end id="462" type="global" contextid="437" durationms="64.811" usertimems="39.291" systemtimems="57.372" timestamp="2019-08-08T09:53:39.959" activeThreads="16">
  <mem-info id="463" free="3721984" total="12517376" percent="29">
    <mem type="nursery" free="2670120" total="4587520" percent="58">
      <mem type="allocate" free="2670120" total="2686976" percent="99" />
      <mem type="survivor" free="0" total="1900544" percent="0" />
    </mem>
    <mem type="tenure" free="1051864" total="7929856" percent="13">
      <mem type="soa" free="655576" total="7533568" percent="8" />
      <mem type="loa" free="396288" total="396288" percent="100" />
    </mem>
    <remembered-set count="306" />
  </mem-info>
</gc-end>
<cycle-end id="464" type="global" contextid="437" timestamp="2019-08-08T09:53:39.959" />
  <attribute name="elasticGC enabled" value="1" />
  <attribute name= "numThreadsSpecified" value="16" />
  <attribute name="heapSize specified" value="12386304" />
  <attribute name="Current GC Util" value="65" />
  <attribute name= "Current Time Running" value="11810" />
  <attribute name ="GC Interval" value="2169" />
  <attribute name="Target GC Util Change" value ="80.000000" />
  <attribute name="Current GC Util Change" value="65.000000"/>
  <attribute name="Current Error" value="-110.000000" />
  <attribute name="Output H" value="12461864"/>
  <attribute name="Output I" value="1816"/>
  <attribute name="Output T" value="16"/>
  <attribute name= "Current Time Running" value="11810" />
  <attribute name="GC Util currently" value="65" />
  <attribute name="CPU Util currently" value="36292732337" />
<concurrent-collection-end id="465" timestamp="2019-08-08T09:53:39.959" />
<exclusive-end id="466" timestamp="2019-08-08T09:53:39.959" durationms="65.092" />

<concurrent-kickoff id="467" timestamp="2019-08-08T09:53:41.272">
  <kickoff reason="threshold reached" targetBytes="4935838" thresholdFreeBytes="677469"  remainingFree="630312" tenureFreeBytes="1051864" nurseryFreeBytes="630312" />
</concurrent-kickoff>
<exclusive-start id="468" timestamp="2019-08-08T09:53:41.272" intervalms="1377.818">
  <response-info timems="0.575" idlems="0.575" threads="0" lastid="0000000002512E00" lastname="node-19" />
</exclusive-start>
<cycle-start id="469" type="global" contextid="0" timestamp="2019-08-08T09:53:41.272" intervalms="1949.666" />
<exclusive-end id="470" timestamp="2019-08-08T09:53:41.272" durationms="0.048" />

<exclusive-start id="471" timestamp="2019-08-08T09:53:41.630" intervalms="357.874">
  <response-info timems="0.263" idlems="0.263" threads="0" lastid="0000000002500200" lastname="node-20" />
</exclusive-start>
<concurrent-collection-start id="472" timestamp="2019-08-08T09:53:41.630" intervalms="1735.678" >
  <concurrent-trace-info reason="card cleaning threshold reached" tracedByMutators="265732" tracedByHelpers="5147236" cardsCleaned="112" workStackOverflowCount="0" />
</concurrent-collection-start>
<gc-start id="473" type="global" contextid="469" timestamp="2019-08-08T09:53:41.631">
  <mem-info id="474" free="1264384" total="12517376" percent="10">
    <mem type="nursery" free="212520" total="4587520" percent="4">
      <mem type="allocate" free="212520" total="2686976" percent="7" />
      <mem type="survivor" free="0" total="1900544" percent="0" />
    </mem>
    <mem type="tenure" free="1051864" total="7929856" percent="13">
      <mem type="soa" free="655576" total="7533568" percent="8" />
      <mem type="loa" free="396288" total="396288" percent="100" />
    </mem>
    <remembered-set count="420" />
  </mem-info>
</gc-start>
<allocation-stats totalBytes="2453704" >
  <allocated-bytes non-tlh="0" tlh="2453704" />
  <largest-consumer threadName="node-9" threadId="00000000024DE700" bytes="135152" />
</allocation-stats>
<gc-op id="475" type="rs-scan" timems="1.282" contextid="469" timestamp="2019-08-08T09:53:41.632">
  <scan objectsFound="214" bytesTraced="13168" workStackOverflowCount="0" />
</gc-op>
<gc-op id="476" type="card-cleaning" timems="1.614" contextid="469" timestamp="2019-08-08T09:53:41.634">
  <card-cleaning cardsCleaned="34" bytesTraced="17084" workStackOverflowCount="0" />
</gc-op>
<gc-op id="477" type="mark" timems="7.549" contextid="469" timestamp="2019-08-08T09:53:41.641">
  <trace-info objectcount="283" scancount="242" scanbytes="6284" />
  <finalization candidates="13" enqueued="0" />
  <references type="soft" candidates="45" cleared="0" enqueued="0" dynamicThreshold="4" maxThreshold="32" />
  <references type="weak" candidates="130" cleared="0" enqueued="0" />
  <references type="phantom" candidates="36" cleared="0" enqueued="0" />
  <stringconstants candidates="3837" cleared="0"  />
</gc-op>
<gc-op id="478" type="sweep" timems="3.144" contextid="469" timestamp="2019-08-08T09:53:41.645" />
<mem-info id="479" free="3728816" total="12517376" percent="29">
  <mem type="nursery" free="2676952" total="4587520" percent="58">
    <mem type="allocate" free="2676952" total="2686976" percent="99" />
    <mem type="survivor" free="0" total="1900544" percent="0" />
  </mem>
  <mem type="tenure" free="1051864" total="7929856" percent="13" micro-fragmented="770" macro-fragmented="951770">
    <mem type="soa" free="655576" total="7533568" percent="8" />
    <mem type="loa" free="396288" total="396288" percent="100" />
  </mem>
  <remembered-set count="381" />
</mem-info>
<gc-op id="480" type="compact" timems="15.309" contextid="469" timestamp="2019-08-08T09:53:41.660">
  <compact-info movecount="5950" movebytes="331832" reason="compact to aid heap contraction" />
</gc-op>
<heap-resize id="481" type="expand" space="tenure" amount="131072" count="1" timems="0.027" reason="satisfy allocation request" timestamp="2019-08-08T09:53:41.664" />
<gc-end id="482" type="global" contextid="469" durationms="33.737" usertimems="21.600" systemtimems="26.404" timestamp="2019-08-08T09:53:41.665" activeThreads="16">
  <mem-info id="483" free="3866232" total="12648448" percent="30">
    <mem type="nursery" free="2681912" total="4587520" percent="58">
      <mem type="allocate" free="2681912" total="2686976" percent="99" />
      <mem type="survivor" free="0" total="1900544" percent="0" />
    </mem>
    <mem type="tenure" free="1184320" total="8060928" percent="14">
      <mem type="soa" free="781888" total="7658496" percent="10" />
      <mem type="loa" free="402432" total="402432" percent="100" />
    </mem>
    <remembered-set count="381" />
  </mem-info>
</gc-end>
<cycle-end id="484" type="global" contextid="469" timestamp="2019-08-08T09:53:41.667" />
  <attribute name="elasticGC enabled" value="1" />
  <attribute name= "numThreadsSpecified" value="16" />
  <attribute name="heapSize specified" value="12517376" />
  <attribute name="Current GC Util" value="66" />
  <attribute name= "Current Time Running" value="13512" />
  <attribute name ="GC Interval" value="2169" />
  <attribute name="Target GC Util Change" value ="80.000000" />
  <attribute name="Current GC Util Change" value="66.000000"/>
  <attribute name="Current Error" value="-187.000000" />
  <attribute name="Output H" value="12592848"/>
  <attribute name="Output I" value="1680"/>
  <attribute name="Output T" value="16"/>
  <attribute name= "Current Time Running" value="13512" />
  <attribute name="GC Util currently" value="66" />
  <attribute name="CPU Util currently" value="74745391187" />
<concurrent-collection-end id="485" timestamp="2019-08-08T09:53:41.667" />
<exclusive-end id="486" timestamp="2019-08-08T09:53:41.667" durationms="36.685" />

<concurrent-kickoff id="487" timestamp="2019-08-08T09:53:42.551">
  <kickoff reason="threshold reached" targetBytes="5112887" thresholdFreeBytes="702770"  remainingFree="674872" tenureFreeBytes="1184320" nurseryFreeBytes="674872" />
</concurrent-kickoff>
<exclusive-start id="488" timestamp="2019-08-08T09:53:42.551" intervalms="920.947">
  <response-info timems="0.028" idlems="0.016" threads="1" lastid="00000000024DE700" lastname="node-9" />
</exclusive-start>
<cycle-start id="489" type="global" contextid="0" timestamp="2019-08-08T09:53:42.551" intervalms="1278.791" />
<exclusive-end id="490" timestamp="2019-08-08T09:53:42.551" durationms="0.013" />

<exclusive-start id="491" timestamp="2019-08-08T09:53:42.990" intervalms="439.137">
  <response-info timems="0.852" idlems="0.852" threads="0" lastid="0000000002500200" lastname="node-20" />
</exclusive-start>
<af-start id="492" threadId="0000000002500B88" totalBytesRequested="24" timestamp="2019-08-08T09:53:42.990" intervalms="3102.897" type="nursery" />
<percolate-collect id="493" from="nursery" to="global" reason="concurrent mark exhausted" timestamp="2019-08-08T09:53:42.990"/>
<gc-start id="494" type="global" contextid="489" timestamp="2019-08-08T09:53:42.990">
  <mem-info id="495" free="1184320" total="12648448" percent="9">
    <mem type="nursery" free="0" total="4587520" percent="0">
      <mem type="allocate" free="0" total="2686976" percent="0" />
      <mem type="survivor" free="0" total="1900544" percent="0" />
    </mem>
    <mem type="tenure" free="1184320" total="8060928" percent="14">
      <mem type="soa" free="781888" total="7658496" percent="10" />
      <mem type="loa" free="402432" total="402432" percent="100" />
    </mem>
    <remembered-set count="407" />
  </mem-info>
</gc-start>
<allocation-stats totalBytes="2679920" >
  <allocated-bytes non-tlh="0" tlh="2679920" />
  <largest-consumer threadName="node-9" threadId="00000000024DE700" bytes="143344" />
</allocation-stats>
<concurrent-halted id="496" timestamp="2019-08-08T09:53:42.990">
  <halted state="Complete" status="exhausted" />
  <traced bytesTarget="5112887" bytesTotal="5446764" bytesByMutator="953884" bytesByHelper="4492880" percent="106" />
  <cards cleaned="106" thresholdBytes="276848" />
</concurrent-halted>
<gc-op id="497" type="rs-scan" timems="2.711" contextid="489" timestamp="2019-08-08T09:53:42.993">
  <scan objectsFound="99" bytesTraced="7888" workStackOverflowCount="0" />
</gc-op>
<gc-op id="498" type="card-cleaning" timems="1.372" contextid="489" timestamp="2019-08-08T09:53:42.994">
  <card-cleaning cardsCleaned="100" bytesTraced="147520" workStackOverflowCount="0" />
</gc-op>
<gc-op id="499" type="mark" timems="5.763" contextid="489" timestamp="2019-08-08T09:53:43.000">
  <trace-info objectcount="268" scancount="227" scanbytes="5924" />
  <finalization candidates="13" enqueued="0" />
  <references type="soft" candidates="45" cleared="0" enqueued="0" dynamicThreshold="4" maxThreshold="32" />
  <references type="weak" candidates="130" cleared="0" enqueued="0" />
  <references type="phantom" candidates="36" cleared="0" enqueued="0" />
  <stringconstants candidates="3837" cleared="0"  />
</gc-op>
<gc-op id="500" type="sweep" timems="7.689" contextid="489" timestamp="2019-08-08T09:53:43.008" />
<mem-info id="501" free="3857600" total="12648448" percent="30">
  <mem type="nursery" free="2673280" total="4587520" percent="58">
    <mem type="allocate" free="2673280" total="2686976" percent="99" />
    <mem type="survivor" free="0" total="1900544" percent="0" />
  </mem>
  <mem type="tenure" free="1184320" total="8060928" percent="14" micro-fragmented="0" macro-fragmented="0">
    <mem type="soa" free="781888" total="7658496" percent="10" />
    <mem type="loa" free="402432" total="402432" percent="100" />
  </mem>
  <remembered-set count="381" />
</mem-info>
<gc-op id="502" type="compact" timems="16.879" contextid="489" timestamp="2019-08-08T09:53:43.025">
  <compact-info movecount="5200" movebytes="307048" reason="compact to aid heap contraction" />
</gc-op>
<heap-resize id="503" type="expand" space="tenure" amount="131072" count="1" timems="0.021" reason="satisfy allocation request" timestamp="2019-08-08T09:53:43.026" />
<gc-end id="504" type="global" contextid="489" durationms="35.601" usertimems="20.625" systemtimems="35.492" timestamp="2019-08-08T09:53:43.026" activeThreads="16">
  <mem-info id="505" free="3997920" total="12779520" percent="31">
    <mem type="nursery" free="2681920" total="4587520" percent="58">
      <mem type="allocate" free="2681920" total="2686976" percent="99" />
      <mem type="survivor" free="0" total="1900544" percent="0" />
    </mem>
    <mem type="tenure" free="1316000" total="8192000" percent="16">
      <mem type="soa" free="906400" total="7782400" percent="11" />
      <mem type="loa" free="409600" total="409600" percent="100" />
    </mem>
    <remembered-set count="381" />
  </mem-info>
</gc-end>
<cycle-end id="506" type="global" contextid="489" timestamp="2019-08-08T09:53:43.026" />
  <attribute name="elasticGC enabled" value="1" />
  <attribute name= "numThreadsSpecified" value="16" />
  <attribute name="heapSize specified" value="12648448" />
  <attribute name="Current GC Util" value="78" />
  <attribute name= "Current Time Running" value="14877" />
  <attribute name ="GC Interval" value="2169" />
  <attribute name="Target GC Util Change" value ="80.000000" />
  <attribute name="Current GC Util Change" value="78.000000"/>
  <attribute name="Current Error" value="-89.000000" />
  <attribute name="Output H" value="12724032"/>
  <attribute name="Output I" value="1856"/>
  <attribute name="Output T" value="16"/>
  <attribute name= "Current Time Running" value="14877" />
  <attribute name="GC Util currently" value="78" />
  <attribute name="CPU Util currently" value="68239855206" />
<allocation-satisfied id="507" threadId="0000000002500200" bytesRequested="24" />
<af-end id="508" timestamp="2019-08-08T09:53:43.026" threadId="0000000002500B88" success="true" from="nursery"/>
<exclusive-end id="509" timestamp="2019-08-08T09:53:43.026" durationms="36.144" />

<concurrent-kickoff id="510" timestamp="2019-08-08T09:53:43.719">
  <kickoff reason="threshold reached" targetBytes="5263379" thresholdFreeBytes="718151"  remainingFree="715816" tenureFreeBytes="1316000" nurseryFreeBytes="715816" />
</concurrent-kickoff>
<exclusive-start id="511" timestamp="2019-08-08T09:53:43.720" intervalms="729.393">
  <response-info timems="0.175" idlems="0.175" threads="0" lastid="000000000250F200" lastname="node-23" />
</exclusive-start>
<cycle-start id="512" type="global" contextid="0" timestamp="2019-08-08T09:53:43.720" intervalms="1168.532" />
<exclusive-end id="513" timestamp="2019-08-08T09:53:43.720" durationms="0.018" />

<exclusive-start id="514" timestamp="2019-08-08T09:53:44.024" intervalms="304.534">
  <response-info timems="0.366" idlems="0.366" threads="0" lastid="0000000002538500" lastname="node-13" />
</exclusive-start>
<concurrent-collection-start id="515" timestamp="2019-08-08T09:53:44.024" intervalms="2394.051" >
  <concurrent-trace-info reason="card cleaning threshold reached" tracedByMutators="318540" tracedByHelpers="5132100" cardsCleaned="107" workStackOverflowCount="0" />
</concurrent-collection-start>
<gc-start id="516" type="global" contextid="512" timestamp="2019-08-08T09:53:44.024">
  <mem-info id="517" free="1343688" total="12779520" percent="10">
    <mem type="nursery" free="27688" total="4587520" percent="0">
      <mem type="allocate" free="27688" total="2686976" percent="1" />
      <mem type="survivor" free="0" total="1900544" percent="0" />
    </mem>
    <mem type="tenure" free="1316000" total="8192000" percent="16">
      <mem type="soa" free="906400" total="7782400" percent="11" />
      <mem type="loa" free="409600" total="409600" percent="100" />
    </mem>
    <remembered-set count="406" />
  </mem-info>
</gc-start>
<allocation-stats totalBytes="2652008" >
  <allocated-bytes non-tlh="24" tlh="2651984" />
  <largest-consumer threadName="node-16" threadId="000000000251E200" bytes="143320" />
</allocation-stats>
<gc-op id="518" type="rs-scan" timems="1.646" contextid="512" timestamp="2019-08-08T09:53:44.026">
  <scan objectsFound="269" bytesTraced="15008" workStackOverflowCount="0" />
</gc-op>
<gc-op id="519" type="card-cleaning" timems="2.388" contextid="512" timestamp="2019-08-08T09:53:44.028">
  <card-cleaning cardsCleaned="15" bytesTraced="47848" workStackOverflowCount="0" />
</gc-op>
<gc-op id="520" type="mark" timems="3.807" contextid="512" timestamp="2019-08-08T09:53:44.032">
  <trace-info objectcount="290" scancount="249" scanbytes="6452" />
  <finalization candidates="13" enqueued="0" />
  <references type="soft" candidates="45" cleared="0" enqueued="0" dynamicThreshold="5" maxThreshold="32" />
  <references type="weak" candidates="130" cleared="0" enqueued="0" />
  <references type="phantom" candidates="36" cleared="0" enqueued="0" />
  <stringconstants candidates="3837" cleared="0"  />
</gc-op>
<gc-op id="521" type="sweep" timems="4.367" contextid="512" timestamp="2019-08-08T09:53:44.037" />
<mem-info id="522" free="3990768" total="12779520" percent="31">
  <mem type="nursery" free="2674768" total="4587520" percent="58">
    <mem type="allocate" free="2674768" total="2686976" percent="99" />
    <mem type="survivor" free="0" total="1900544" percent="0" />
  </mem>
  <mem type="tenure" free="1316000" total="8192000" percent="16" micro-fragmented="0" macro-fragmented="0">
    <mem type="soa" free="906400" total="7782400" percent="11" />
    <mem type="loa" free="409600" total="409600" percent="100" />
  </mem>
  <remembered-set count="383" />
</mem-info>
<gc-op id="523" type="compact" timems="16.523" contextid="512" timestamp="2019-08-08T09:53:44.053">
  <compact-info movecount="578" movebytes="15520" reason="compact to aid heap contraction" />
</gc-op>
<heap-resize id="524" type="expand" space="tenure" amount="131072" count="1" timems="0.020" reason="satisfy allocation request" timestamp="2019-08-08T09:53:44.056" />
<gc-end id="525" type="global" contextid="512" durationms="32.174" usertimems="20.917" systemtimems="26.002" timestamp="2019-08-08T09:53:44.056" activeThreads="16">
  <mem-info id="526" free="4129592" total="12910592" percent="31">
    <mem type="nursery" free="2681968" total="4587520" percent="58">
      <mem type="allocate" free="2681968" total="2686976" percent="99" />
      <mem type="survivor" free="0" total="1900544" percent="0" />
    </mem>
    <mem type="tenure" free="1447624" total="8323072" percent="17">
      <mem type="soa" free="1031880" total="7907328" percent="13" />
      <mem type="loa" free="415744" total="415744" percent="100" />
    </mem>
    <remembered-set count="383" />
  </mem-info>
</gc-end>
<cycle-end id="527" type="global" contextid="512" timestamp="2019-08-08T09:53:44.057" />
  <attribute name="elasticGC enabled" value="1" />
  <attribute name= "numThreadsSpecified" value="16" />
  <attribute name="heapSize specified" value="12779520" />
  <attribute name="Current GC Util" value="79" />
  <attribute name= "Current Time Running" value="15906" />
  <attribute name ="GC Interval" value="2169" />
  <attribute name="Target GC Util Change" value ="80.000000" />
  <attribute name="Current GC Util Change" value="79.000000"/>
  <attribute name="Current Error" value="-99.000000" />
  <attribute name="Output H" value="12855088"/>
  <attribute name="Output I" value="1832"/>
  <attribute name="Output T" value="16"/>
  <attribute name= "Current Time Running" value="15906" />
  <attribute name="GC Util currently" value="79" />
  <attribute name="CPU Util currently" value="69860172432" />
<concurrent-collection-end id="528" timestamp="2019-08-08T09:53:44.057" />
<exclusive-end id="529" timestamp="2019-08-08T09:53:44.057" durationms="32.732" />

<concurrent-kickoff id="530" timestamp="2019-08-08T09:53:44.643">
  <kickoff reason="threshold reached" targetBytes="5386302" thresholdFreeBytes="736819"  remainingFree="732272" tenureFreeBytes="1447624" nurseryFreeBytes="732272" />
</concurrent-kickoff>
<exclusive-start id="531" timestamp="2019-08-08T09:53:44.643" intervalms="619.099">
  <response-info timems="0.379" idlems="0.379" threads="0" lastid="00000000024F1300" lastname="node-14" />
</exclusive-start>
<cycle-start id="532" type="global" contextid="0" timestamp="2019-08-08T09:53:44.643" intervalms="923.634" />
<exclusive-end id="533" timestamp="2019-08-08T09:53:44.643" durationms="0.018" />

<exclusive-start id="534" timestamp="2019-08-08T09:53:45.034" intervalms="390.611">
  <response-info timems="0.440" idlems="0.440" threads="0" lastid="00000000024F8B00" lastname="node-12" />
</exclusive-start>
<concurrent-collection-start id="535" timestamp="2019-08-08T09:53:45.034" intervalms="1009.893" >
  <concurrent-trace-info reason="card cleaning threshold reached" tracedByMutators="430960" tracedByHelpers="5028688" cardsCleaned="142" workStackOverflowCount="0" />
</concurrent-collection-start>
<gc-start id="536" type="global" contextid="532" timestamp="2019-08-08T09:53:45.034">
  <mem-info id="537" free="1447624" total="12910592" percent="11">
    <mem type="nursery" free="0" total="4587520" percent="0">
      <mem type="allocate" free="0" total="2686976" percent="0" />
      <mem type="survivor" free="0" total="1900544" percent="0" />
    </mem>
    <mem type="tenure" free="1447624" total="8323072" percent="17">
      <mem type="soa" free="1031880" total="7907328" percent="13" />
      <mem type="loa" free="415744" total="415744" percent="100" />
    </mem>
    <remembered-set count="416" />
  </mem-info>
</gc-start>
<allocation-stats totalBytes="2680664" >
  <allocated-bytes non-tlh="0" tlh="2680664" />
  <largest-consumer threadName="node-8" threadId="000000000250B600" bytes="143352" />
</allocation-stats>
<gc-op id="538" type="rs-scan" timems="4.034" contextid="532" timestamp="2019-08-08T09:53:45.038">
  <scan objectsFound="193" bytesTraced="12344" workStackOverflowCount="0" />
</gc-op>
<gc-op id="539" type="card-cleaning" timems="5.362" contextid="532" timestamp="2019-08-08T09:53:45.044">
  <card-cleaning cardsCleaned="40" bytesTraced="73856" workStackOverflowCount="0" />
</gc-op>
<gc-op id="540" type="mark" timems="13.121" contextid="532" timestamp="2019-08-08T09:53:45.057">
  <trace-info objectcount="276" scancount="235" scanbytes="6116" />
  <finalization candidates="13" enqueued="0" />
  <references type="soft" candidates="45" cleared="0" enqueued="0" dynamicThreshold="5" maxThreshold="32" />
  <references type="weak" candidates="130" cleared="0" enqueued="0" />
  <references type="phantom" candidates="36" cleared="0" enqueued="0" />
  <stringconstants candidates="3837" cleared="0"  />
</gc-op>
<gc-op id="541" type="sweep" timems="4.090" contextid="532" timestamp="2019-08-08T09:53:45.061" />
<mem-info id="542" free="4092520" total="12910592" percent="31">
  <mem type="nursery" free="2644896" total="4587520" percent="57">
    <mem type="allocate" free="2644896" total="2686976" percent="98" />
    <mem type="survivor" free="0" total="1900544" percent="0" />
  </mem>
  <mem type="tenure" free="1447624" total="8323072" percent="17" micro-fragmented="0" macro-fragmented="0">
    <mem type="soa" free="1031880" total="7907328" percent="13" />
    <mem type="loa" free="415744" total="415744" percent="100" />
  </mem>
  <remembered-set count="397" />
</mem-info>
<gc-op id="543" type="compact" timems="19.030" contextid="532" timestamp="2019-08-08T09:53:45.080">
  <compact-info movecount="6234" movebytes="337720" reason="compact to aid heap contraction" />
</gc-op>
<heap-resize id="544" type="expand" space="tenure" amount="131072" count="1" timems="0.023" reason="satisfy allocation request" timestamp="2019-08-08T09:53:45.083" />
<gc-end id="545" type="global" contextid="532" durationms="48.478" usertimems="56.118" systemtimems="31.143" timestamp="2019-08-08T09:53:45.083" activeThreads="16">
  <mem-info id="546" free="4250144" total="13041664" percent="32">
    <mem type="nursery" free="2670800" total="4587520" percent="58">
      <mem type="allocate" free="2670800" total="2686976" percent="99" />
      <mem type="survivor" free="0" total="1900544" percent="0" />
    </mem>
    <mem type="tenure" free="1579344" total="8454144" percent="18">
      <mem type="soa" free="1157456" total="8032256" percent="14" />
      <mem type="loa" free="421888" total="421888" percent="100" />
    </mem>
    <remembered-set count="397" />
  </mem-info>
</gc-end>
<cycle-end id="547" type="global" contextid="532" timestamp="2019-08-08T09:53:45.083" />
  <attribute name="elasticGC enabled" value="1" />
  <attribute name= "numThreadsSpecified" value="16" />
  <attribute name="heapSize specified" value="12910592" />
  <attribute name="Current GC Util" value="49" />
  <attribute name= "Current Time Running" value="16932" />
  <attribute name ="GC Interval" value="2169" />
  <attribute name="Target GC Util Change" value ="80.000000" />
  <attribute name="Current GC Util Change" value="49.000000"/>
  <attribute name="Current Error" value="31.000000" />
  <attribute name="Output H" value="12986312"/>
  <attribute name="Output I" value="2064"/>
  <attribute name="Output T" value="16"/>
  <attribute name= "Current Time Running" value="16932" />
  <attribute name="GC Util currently" value="49" />
  <attribute name="CPU Util currently" value="60453518113" />
<concurrent-collection-end id="548" timestamp="2019-08-08T09:53:45.083" />
<exclusive-end id="549" timestamp="2019-08-08T09:53:45.083" durationms="49.123" />

<exclusive-start id="550" timestamp="2019-08-08T09:53:46.050" intervalms="1016.363">
  <response-info timems="0.207" idlems="0.207" threads="0" lastid="00000000024F8B00" lastname="node-12" />
</exclusive-start>
<af-start id="551" threadId="00000000024F9488" totalBytesRequested="16" timestamp="2019-08-08T09:53:46.050" intervalms="3059.981" type="nursery" />
<cycle-start id="552" type="scavenge" contextid="0" timestamp="2019-08-08T09:53:46.050" intervalms="6162.866" />
<gc-start id="553" type="scavenge" contextid="552" timestamp="2019-08-08T09:53:46.050">
  <mem-info id="554" free="1579344" total="13041664" percent="12">
    <mem type="nursery" free="0" total="4587520" percent="0">
      <mem type="allocate" free="0" total="2686976" percent="0" />
      <mem type="survivor" free="0" total="1900544" percent="0" />
    </mem>
    <mem type="tenure" free="1579344" total="8454144" percent="18">
      <mem type="soa" free="1157456" total="8032256" percent="14" />
      <mem type="loa" free="421888" total="421888" percent="100" />
    </mem>
    <remembered-set count="419" />
  </mem-info>
</gc-start>
<allocation-stats totalBytes="2667472" >
  <allocated-bytes non-tlh="0" tlh="2667472" />
  <largest-consumer threadName="node-8" threadId="000000000250B600" bytes="143328" />
</allocation-stats>
<gc-op id="555" type="scavenge" timems="4.795" contextid="552" timestamp="2019-08-08T09:53:46.055">
  <scavenger-info tenureage="2" tenuremask="7ffc" tiltratio="58" />
  <memory-copied type="nursery" objects="1981" bytes="53048" bytesdiscarded="92104" />
</gc-op>
<gc-end id="556" type="scavenge" contextid="552" durationms="4.944" usertimems="0.952" systemtimems="7.214" timestamp="2019-08-08T09:53:46.055" activeThreads="16">
  <mem-info id="557" free="4448848" total="13041664" percent="34">
    <mem type="nursery" free="2869504" total="4587520" percent="62">
      <mem type="allocate" free="2869504" total="3014656" percent="95" />
      <mem type="survivor" free="0" total="1572864" percent="0" />
    </mem>
    <mem type="tenure" free="1579344" total="8454144" percent="18" macro-fragmented="1217038">
      <mem type="soa" free="1157456" total="8032256" percent="14" />
      <mem type="loa" free="421888" total="421888" percent="100" />
    </mem>
    <remembered-set count="328" />
  </mem-info>
</gc-end>
<cycle-end id="558" type="scavenge" contextid="552" timestamp="2019-08-08T09:53:46.055" />
  <attribute name="elasticGC enabled" value="1" />
  <attribute name= "numThreadsSpecified" value="16" />
  <attribute name="heapSize specified" value="12910592" />
  <attribute name="Current GC Util" value="2" />
  <attribute name= "Current Time Running" value="17902" />
  <attribute name ="GC Interval" value="2209" />
  <attribute name="Target GC Util Change" value ="80.000000" />
  <attribute name="Current GC Util Change" value="2.000000"/>
  <attribute name="Current Error" value="109.000000" />
  <attribute name="Output H" value="13117472"/>
  <attribute name="Output I" value="2208"/>
  <attribute name="Output T" value="16"/>
  <attribute name= "Current Time Running" value="17902" />
  <attribute name="GC Util currently" value="2" />
  <attribute name="CPU Util currently" value="11" />
<allocation-satisfied id="559" threadId="00000000024F8B00" bytesRequested="16" />
<af-end id="560" timestamp="2019-08-08T09:53:46.055" threadId="00000000024F9488" success="true" from="nursery"/>
<exclusive-end id="561" timestamp="2019-08-08T09:53:46.055" durationms="5.272" />

<exclusive-start id="562" timestamp="2019-08-08T09:53:47.080" intervalms="1030.093">
  <response-info timems="0.159" idlems="0.159" threads="0" lastid="0000000002534900" lastname="node-10" />
</exclusive-start>
<af-start id="563" threadId="0000000002535288" totalBytesRequested="32" timestamp="2019-08-08T09:53:47.080" intervalms="1030.078" type="nursery" />
<cycle-start id="564" type="scavenge" contextid="0" timestamp="2019-08-08T09:53:47.080" intervalms="1030.079" />
<gc-start id="565" type="scavenge" contextid="564" timestamp="2019-08-08T09:53:47.080">
  <mem-info id="566" free="1579344" total="13041664" percent="12">
    <mem type="nursery" free="0" total="4587520" percent="0">
      <mem type="allocate" free="0" total="3014656" percent="0" />
      <mem type="survivor" free="0" total="1572864" percent="0" />
    </mem>
    <mem type="tenure" free="1579344" total="8454144" percent="18">
      <mem type="soa" free="1157456" total="8032256" percent="14" />
      <mem type="loa" free="421888" total="421888" percent="100" />
    </mem>
    <remembered-set count="406" />
  </mem-info>
</gc-start>
<allocation-stats totalBytes="2864376" >
  <allocated-bytes non-tlh="16" tlh="2864360" />
  <largest-consumer threadName="node-7" threadId="0000000002503E00" bytes="143320" />
</allocation-stats>
<gc-op id="567" type="scavenge" timems="4.362" contextid="564" timestamp="2019-08-08T09:53:47.085">
  <scavenger-info tenureage="3" tenuremask="7ff8" tiltratio="65" />
  <memory-copied type="nursery" objects="3209" bytes="76096" bytesdiscarded="20672" />
</gc-op>
<gc-end id="568" type="scavenge" contextid="564" durationms="4.616" usertimems="3.620" systemtimems="3.609" timestamp="2019-08-08T09:53:47.085" activeThreads="16">
  <mem-info id="569" free="4759376" total="13041664" percent="36">
    <mem type="nursery" free="3180032" total="4587520" percent="69">
      <mem type="allocate" free="3180032" total="3276800" percent="97" />
      <mem type="survivor" free="0" total="1310720" percent="0" />
    </mem>
    <mem type="tenure" free="1579344" total="8454144" percent="18" macro-fragmented="1460446">
      <mem type="soa" free="1157456" total="8032256" percent="14" />
      <mem type="loa" free="421888" total="421888" percent="100" />
    </mem>
    <remembered-set count="329" />
  </mem-info>
</gc-end>
<cycle-end id="570" type="scavenge" contextid="564" timestamp="2019-08-08T09:53:47.085" />
  <attribute name="elasticGC enabled" value="1" />
  <attribute name= "numThreadsSpecified" value="16" />
  <attribute name="heapSize specified" value="12910592" />
  <attribute name="Current GC Util" value="0" />
  <attribute name= "Current Time Running" value="18933" />
  <attribute name ="GC Interval" value="2353" />
  <attribute name="Target GC Util Change" value ="80.000000" />
  <attribute name="Current GC Util Change" value="0.000000"/>
  <attribute name="Current Error" value="189.000000" />
  <attribute name="Output H" value="13117568"/>
  <attribute name="Output I" value="2352"/>
  <attribute name="Output T" value="16"/>
  <attribute name= "Current Time Running" value="18933" />
  <attribute name="GC Util currently" value="0" />
  <attribute name="CPU Util currently" value="11" />
<allocation-satisfied id="571" threadId="0000000002534900" bytesRequested="32" />
<af-end id="572" timestamp="2019-08-08T09:53:47.085" threadId="0000000002535288" success="true" from="nursery"/>
<exclusive-end id="573" timestamp="2019-08-08T09:53:47.085" durationms="5.104" />

<exclusive-start id="574" timestamp="2019-08-08T09:53:48.274" intervalms="1193.970">
  <response-info timems="0.026" idlems="0.026" threads="0" lastid="0000000002516A00" lastname="node-0" />
</exclusive-start>
<af-start id="575" threadId="0000000002517388" totalBytesRequested="32" timestamp="2019-08-08T09:53:48.274" intervalms="1194.014" type="nursery" />
<cycle-start id="576" type="scavenge" contextid="0" timestamp="2019-08-08T09:53:48.274" intervalms="1194.014" />
<gc-start id="577" type="scavenge" contextid="576" timestamp="2019-08-08T09:53:48.274">
  <mem-info id="578" free="1579344" total="13041664" percent="12">
    <mem type="nursery" free="0" total="4587520" percent="0">
      <mem type="allocate" free="0" total="3276800" percent="0" />
      <mem type="survivor" free="0" total="1310720" percent="0" />
    </mem>
    <mem type="tenure" free="1579344" total="8454144" percent="18">
      <mem type="soa" free="1157456" total="8032256" percent="14" />
      <mem type="loa" free="421888" total="421888" percent="100" />
    </mem>
    <remembered-set count="426" />
  </mem-info>
</gc-start>
<allocation-stats totalBytes="3173392" >
  <allocated-bytes non-tlh="32" tlh="3173360" />
  <largest-consumer threadName="node-16" threadId="000000000251E200" bytes="143352" />
</allocation-stats>
<gc-op id="579" type="scavenge" timems="2.584" contextid="576" timestamp="2019-08-08T09:53:48.277">
  <scavenger-info tenureage="4" tenuremask="7ff0" tiltratio="71" />
  <memory-copied type="nursery" objects="5028" bytes="122384" bytesdiscarded="71152" />
</gc-op>
<gc-end id="580" type="scavenge" contextid="576" durationms="2.760" usertimems="3.671" systemtimems="2.586" timestamp="2019-08-08T09:53:48.277" activeThreads="16">
  <mem-info id="581" free="4924752" total="13041664" percent="37">
    <mem type="nursery" free="3345408" total="4587520" percent="72">
      <mem type="allocate" free="3345408" total="3538944" percent="94" />
      <mem type="survivor" free="0" total="1048576" percent="0" />
    </mem>
    <mem type="tenure" free="1579344" total="8454144" percent="18" macro-fragmented="1142125">
      <mem type="soa" free="1157456" total="8032256" percent="14" />
      <mem type="loa" free="421888" total="421888" percent="100" />
    </mem>
    <remembered-set count="373" />
  </mem-info>
</gc-end>
<cycle-end id="582" type="scavenge" contextid="576" timestamp="2019-08-08T09:53:48.277" />
  <attribute name="elasticGC enabled" value="1" />
  <attribute name= "numThreadsSpecified" value="16" />
  <attribute name="heapSize specified" value="12910592" />
  <attribute name="Current GC Util" value="0" />
  <attribute name= "Current Time Running" value="20127" />
  <attribute name ="GC Interval" value="2489" />
  <attribute name="Target GC Util Change" value ="80.000000" />
  <attribute name="Current GC Util Change" value="0.000000"/>
  <attribute name="Current Error" value="269.000000" />
  <attribute name="Output H" value="13117656"/>
  <attribute name="Output I" value="2488"/>
  <attribute name="Output T" value="16"/>
  <attribute name= "Current Time Running" value="20127" />
  <attribute name="GC Util currently" value="0" />
  <attribute name="CPU Util currently" value="11" />
<allocation-satisfied id="583" threadId="0000000002516A00" bytesRequested="32" />
<af-end id="584" timestamp="2019-08-08T09:53:48.277" threadId="0000000002517388" success="true" from="nursery"/>
<exclusive-end id="585" timestamp="2019-08-08T09:53:48.277" durationms="3.097" />

<exclusive-start id="586" timestamp="2019-08-08T09:53:49.409" intervalms="1134.395">
  <response-info timems="0.199" idlems="0.199" threads="0" lastid="00000000024DE700" lastname="node-9" />
</exclusive-start>
<af-start id="587" threadId="00000000024DF088" totalBytesRequested="32" timestamp="2019-08-08T09:53:49.409" intervalms="1134.367" type="nursery" />
<cycle-start id="588" type="scavenge" contextid="0" timestamp="2019-08-08T09:53:49.409" intervalms="1134.373" />
<gc-start id="589" type="scavenge" contextid="588" timestamp="2019-08-08T09:53:49.409">
  <mem-info id="590" free="1579344" total="13041664" percent="12">
    <mem type="nursery" free="0" total="4587520" percent="0">
      <mem type="allocate" free="0" total="3538944" percent="0" />
      <mem type="survivor" free="0" total="1048576" percent="0" />
    </mem>
    <mem type="tenure" free="1579344" total="8454144" percent="18">
      <mem type="soa" free="1157456" total="8032256" percent="14" />
      <mem type="loa" free="421888" total="421888" percent="100" />
    </mem>
    <remembered-set count="451" />
  </mem-info>
</gc-start>
<allocation-stats totalBytes="3327664" >
  <allocated-bytes non-tlh="32" tlh="3327632" />
  <largest-consumer threadName="node-7" threadId="0000000002503E00" bytes="170368" />
</allocation-stats>
<gc-op id="591" type="scavenge" timems="3.620" contextid="588" timestamp="2019-08-08T09:53:49.412">
  <scavenger-info tenureage="3" tenuremask="7fe8" tiltratio="77" />
  <memory-copied type="nursery" objects="4757" bytes="115880" bytesdiscarded="93784" />
  <memory-copied type="tenure" objects="1821" bytes="43704" bytesdiscarded="0" />
</gc-op>
<gc-end id="592" type="scavenge" contextid="588" durationms="3.773" usertimems="0.997" systemtimems="4.717" timestamp="2019-08-08T09:53:49.412" activeThreads="16">
  <mem-info id="593" free="4991312" total="13041664" percent="38">
    <mem type="nursery" free="3460352" total="4587520" percent="75">
      <mem type="allocate" free="3460352" total="3670016" percent="94" />
      <mem type="survivor" free="0" total="917504" percent="0" />
    </mem>
    <mem type="tenure" free="1530960" total="8454144" percent="18" macro-fragmented="1217038">
      <mem type="soa" free="1109072" total="8032256" percent="13" />
      <mem type="loa" free="421888" total="421888" percent="100" />
    </mem>
    <remembered-set count="369" />
  </mem-info>
</gc-end>
<cycle-end id="594" type="scavenge" contextid="588" timestamp="2019-08-08T09:53:49.413" />
  <attribute name="elasticGC enabled" value="1" />
  <attribute name= "numThreadsSpecified" value="16" />
  <attribute name="heapSize specified" value="12910592" />
  <attribute name="Current GC Util" value="0" />
  <attribute name= "Current Time Running" value="21261" />
  <attribute name ="GC Interval" value="2633" />
  <attribute name="Target GC Util Change" value ="80.000000" />
  <attribute name="Current GC Util Change" value="0.000000"/>
  <attribute name="Current Error" value="349.000000" />
  <attribute name="Output H" value="13117752"/>
  <attribute name="Output I" value="2632"/>
  <attribute name="Output T" value="16"/>
  <attribute name= "Current Time Running" value="21261" />
  <attribute name="GC Util currently" value="0" />
  <attribute name="CPU Util currently" value="11" />
<allocation-satisfied id="595" threadId="00000000024DE700" bytesRequested="32" />
<af-end id="596" timestamp="2019-08-08T09:53:49.413" threadId="00000000024DF088" success="true" from="nursery"/>
<exclusive-end id="597" timestamp="2019-08-08T09:53:49.413" durationms="4.016" />

<exclusive-start id="598" timestamp="2019-08-08T09:53:50.706" intervalms="1297.455">
  <response-info timems="0.675" idlems="0.675" threads="0" lastid="0000000002507A00" lastname="node-2" />
</exclusive-start>
<af-start id="599" threadId="0000000002508388" totalBytesRequested="32" timestamp="2019-08-08T09:53:50.706" intervalms="1297.484" type="nursery" />
<cycle-start id="600" type="scavenge" contextid="0" timestamp="2019-08-08T09:53:50.706" intervalms="1297.476" />
<gc-start id="601" type="scavenge" contextid="600" timestamp="2019-08-08T09:53:50.706">
  <mem-info id="602" free="1530960" total="13041664" percent="11">
    <mem type="nursery" free="0" total="4587520" percent="0">
      <mem type="allocate" free="0" total="3670016" percent="0" />
      <mem type="survivor" free="0" total="917504" percent="0" />
    </mem>
    <mem type="tenure" free="1530960" total="8454144" percent="18">
      <mem type="soa" free="1109072" total="8032256" percent="13" />
      <mem type="loa" free="421888" total="421888" percent="100" />
    </mem>
    <remembered-set count="449" />
  </mem-info>
</gc-start>
<allocation-stats totalBytes="3457960" >
  <allocated-bytes non-tlh="32" tlh="3457928" />
  <largest-consumer threadName="node-25" threadId="0000000002525900" bytes="184264" />
</allocation-stats>
<gc-op id="603" type="scavenge" timems="2.795" contextid="600" timestamp="2019-08-08T09:53:50.709">
  <scavenger-info tenureage="3" tenuremask="ffc8" tiltratio="80" />
  <memory-copied type="nursery" objects="5366" bytes="130496" bytesdiscarded="63040" />
  <memory-copied type="tenure" objects="1273" bytes="30552" bytesdiscarded="0" />
</gc-op>
<gc-end id="604" type="scavenge" contextid="600" durationms="3.337" usertimems="9.821" systemtimems="2.217" timestamp="2019-08-08T09:53:50.710" activeThreads="16">
  <mem-info id="605" free="5106256" total="13041664" percent="39">
    <mem type="nursery" free="3607552" total="4587520" percent="78">
      <mem type="allocate" free="3607552" total="3801088" percent="94" />
      <mem type="survivor" free="0" total="786432" percent="0" />
    </mem>
    <mem type="tenure" free="1498704" total="8454144" percent="17" macro-fragmented="1041779">
      <mem type="soa" free="1076816" total="8032256" percent="13" />
      <mem type="loa" free="421888" total="421888" percent="100" />
    </mem>
    <remembered-set count="377" />
  </mem-info>
</gc-end>
<cycle-end id="606" type="scavenge" contextid="600" timestamp="2019-08-08T09:53:50.710" />
  <attribute name="elasticGC enabled" value="1" />
  <attribute name= "numThreadsSpecified" value="16" />
  <attribute name="heapSize specified" value="12910592" />
  <attribute name="Current GC Util" value="0" />
  <attribute name= "Current Time Running" value="22558" />
  <attribute name ="GC Interval" value="2777" />
  <attribute name="Target GC Util Change" value ="80.000000" />
  <attribute name="Current GC Util Change" value="0.000000"/>
  <attribute name="Current Error" value="429.000000" />
  <attribute name="Output H" value="13117840"/>
  <attribute name="Output I" value="2776"/>
  <attribute name="Output T" value="16"/>
  <attribute name= "Current Time Running" value="22558" />
  <attribute name="GC Util currently" value="0" />
  <attribute name="CPU Util currently" value="12" />
<allocation-satisfied id="607" threadId="0000000002507A00" bytesRequested="32" />
<af-end id="608" timestamp="2019-08-08T09:53:50.710" threadId="0000000002508388" success="true" from="nursery"/>
<exclusive-end id="609" timestamp="2019-08-08T09:53:50.710" durationms="3.693" />

<exclusive-start id="610" timestamp="2019-08-08T09:53:52.052" intervalms="1346.301">
  <response-info timems="0.290" idlems="0.290" threads="0" lastid="00000000024F8B00" lastname="node-12" />
</exclusive-start>
<af-start id="611" threadId="00000000024F9488" totalBytesRequested="32" timestamp="2019-08-08T09:53:52.052" intervalms="1346.286" type="nursery" />
<cycle-start id="612" type="scavenge" contextid="0" timestamp="2019-08-08T09:53:52.052" intervalms="1346.285" />
<gc-start id="613" type="scavenge" contextid="612" timestamp="2019-08-08T09:53:52.052">
  <mem-info id="614" free="1498704" total="13041664" percent="11">
    <mem type="nursery" free="0" total="4587520" percent="0">
      <mem type="allocate" free="0" total="3801088" percent="0" />
      <mem type="survivor" free="0" total="786432" percent="0" />
    </mem>
    <mem type="tenure" free="1498704" total="8454144" percent="17">
      <mem type="soa" free="1076816" total="8032256" percent="13" />
      <mem type="loa" free="421888" total="421888" percent="100" />
    </mem>
    <remembered-set count="456" />
  </mem-info>
</gc-start>
<allocation-stats totalBytes="3602616" >
  <allocated-bytes non-tlh="32" tlh="3602584" />
  <largest-consumer threadName="node-16" threadId="000000000251E200" bytes="184256" />
</allocation-stats>
<gc-op id="615" type="scavenge" timems="3.409" contextid="612" timestamp="2019-08-08T09:53:52.056">
  <scavenger-info tenureage="3" tenuremask="ffe8" tiltratio="82" />
  <memory-copied type="nursery" objects="5363" bytes="127792" bytesdiscarded="17360" />
  <memory-copied type="tenure" objects="1792" bytes="43008" bytesdiscarded="0" />
</gc-op>
<gc-end id="616" type="scavenge" contextid="612" durationms="3.671" usertimems="1.649" systemtimems="4.600" timestamp="2019-08-08T09:53:52.056" activeThreads="16">
  <mem-info id="617" free="5237328" total="13041664" percent="40">
    <mem type="nursery" free="3787008" total="4587520" percent="82">
      <mem type="allocate" free="3787008" total="3932160" percent="96" />
      <mem type="survivor" free="0" total="655360" percent="0" />
    </mem>
    <mem type="tenure" free="1450320" total="8454144" percent="17" macro-fragmented="1286816">
      <mem type="soa" free="1028432" total="8032256" percent="12" />
      <mem type="loa" free="421888" total="421888" percent="100" />
    </mem>
    <remembered-set count="358" />
  </mem-info>
</gc-end>
<cycle-end id="618" type="scavenge" contextid="612" timestamp="2019-08-08T09:53:52.056" />
  <attribute name="elasticGC enabled" value="1" />
  <attribute name= "numThreadsSpecified" value="16" />
  <attribute name="heapSize specified" value="12910592" />
  <attribute name="Current GC Util" value="0" />
  <attribute name= "Current Time Running" value="23905" />
  <attribute name ="GC Interval" value="2153" />
  <attribute name="Target GC Util Change" value ="80.000000" />
  <attribute name="Current GC Util Change" value="0.000000"/>
  <attribute name="Current Error" value="80.000000" />
  <attribute name="Output H" value="13117440"/>
  <attribute name="Output I" value="2152"/>
  <attribute name="Output T" value="16"/>
  <attribute name= "Current Time Running" value="23905" />
  <attribute name="GC Util currently" value="0" />
  <attribute name="CPU Util currently" value="11" />
<allocation-satisfied id="619" threadId="00000000024F8B00" bytesRequested="32" />
<af-end id="620" timestamp="2019-08-08T09:53:52.056" threadId="00000000024F9488" success="true" from="nursery"/>
<exclusive-end id="621" timestamp="2019-08-08T09:53:52.056" durationms="3.916" />

<exclusive-start id="622" timestamp="2019-08-08T09:53:53.373" intervalms="1320.220">
  <response-info timems="0.052" idlems="0.052" threads="0" lastid="0000000002530D00" lastname="node-3" />
</exclusive-start>
<af-start id="623" threadId="0000000002531688" totalBytesRequested="32" timestamp="2019-08-08T09:53:53.373" intervalms="1320.210" type="nursery" />
<cycle-start id="624" type="scavenge" contextid="0" timestamp="2019-08-08T09:53:53.373" intervalms="1320.215" />
<gc-start id="625" type="scavenge" contextid="624" timestamp="2019-08-08T09:53:53.373">
  <mem-info id="626" free="1450320" total="13041664" percent="11">
    <mem type="nursery" free="0" total="4587520" percent="0">
      <mem type="allocate" free="0" total="3932160" percent="0" />
      <mem type="survivor" free="0" total="655360" percent="0" />
    </mem>
    <mem type="tenure" free="1450320" total="8454144" percent="17">
      <mem type="soa" free="1028432" total="8032256" percent="12" />
      <mem type="loa" free="421888" total="421888" percent="100" />
    </mem>
    <remembered-set count="462" />
  </mem-info>
</gc-start>
<allocation-stats totalBytes="3783424" >
  <allocated-bytes non-tlh="32" tlh="3783392" />
  <largest-consumer threadName="node-12" threadId="00000000024F8B00" bytes="184336" />
</allocation-stats>
<gc-op id="627" type="scavenge" timems="10.762" contextid="624" timestamp="2019-08-08T09:53:53.383">
  <scavenger-info tenureage="3" tenuremask="ffe8" tiltratio="85" />
  <memory-copied type="nursery" objects="5526" bytes="131704" bytesdiscarded="13448" />
  <memory-copied type="tenure" objects="1550" bytes="37200" bytesdiscarded="0" />
</gc-op>
<gc-end id="628" type="scavenge" contextid="624" durationms="11.201" usertimems="11.035" systemtimems="14.209" timestamp="2019-08-08T09:53:53.384" activeThreads="16">
  <mem-info id="629" free="5303888" total="13041664" percent="40">
    <mem type="nursery" free="3918080" total="4587520" percent="85">
      <mem type="allocate" free="3918080" total="4063232" percent="96" />
      <mem type="survivor" free="0" total="524288" percent="0" />
    </mem>
    <mem type="tenure" free="1385808" total="8454144" percent="16" macro-fragmented="1142125">
      <mem type="soa" free="963920" total="8032256" percent="12" />
      <mem type="loa" free="421888" total="421888" percent="100" />
    </mem>
    <remembered-set count="359" />
  </mem-info>
</gc-end>
<cycle-end id="630" type="scavenge" contextid="624" timestamp="2019-08-08T09:53:53.384" />
  <attribute name="elasticGC enabled" value="1" />
  <attribute name= "numThreadsSpecified" value="16" />
  <attribute name="heapSize specified" value="12910592" />
  <attribute name="Current GC Util" value="0" />
  <attribute name= "Current Time Running" value="25225" />
  <attribute name ="GC Interval" value="2297" />
  <attribute name="Target GC Util Change" value ="80.000000" />
  <attribute name="Current GC Util Change" value="0.000000"/>
  <attribute name="Current Error" value="160.000000" />
  <attribute name="Output H" value="13117528"/>
  <attribute name="Output I" value="2296"/>
  <attribute name="Output T" value="16"/>
  <attribute name= "Current Time Running" value="25225" />
  <attribute name="GC Util currently" value="0" />
  <attribute name="CPU Util currently" value="12" />
<allocation-satisfied id="631" threadId="0000000002530D00" bytesRequested="32" />
<af-end id="632" timestamp="2019-08-08T09:53:53.384" threadId="0000000002531688" success="true" from="nursery"/>
<exclusive-end id="633" timestamp="2019-08-08T09:53:53.384" durationms="11.477" />

<exclusive-start id="634" timestamp="2019-08-08T09:53:55.196" intervalms="1823.725">
  <response-info timems="0.031" idlems="0.031" threads="0" lastid="000000000250B600" lastname="node-8" />
</exclusive-start>
<af-start id="635" threadId="000000000250BF88" totalBytesRequested="32" timestamp="2019-08-08T09:53:55.196" intervalms="1823.730" type="nursery" />
<cycle-start id="636" type="scavenge" contextid="0" timestamp="2019-08-08T09:53:55.197" intervalms="1823.917" />
<gc-start id="637" type="scavenge" contextid="636" timestamp="2019-08-08T09:53:55.197">
  <mem-info id="638" free="1385808" total="13041664" percent="10">
    <mem type="nursery" free="0" total="4587520" percent="0">
      <mem type="allocate" free="0" total="4063232" percent="0" />
      <mem type="survivor" free="0" total="524288" percent="0" />
    </mem>
    <mem type="tenure" free="1385808" total="8454144" percent="16">
      <mem type="soa" free="963920" total="8032256" percent="12" />
      <mem type="loa" free="421888" total="421888" percent="100" />
    </mem>
    <remembered-set count="466" />
  </mem-info>
</gc-start>
<allocation-stats totalBytes="3915544" >
  <allocated-bytes non-tlh="32" tlh="3915512" />
  <largest-consumer threadName="node-9" threadId="00000000024DE700" bytes="208848" />
</allocation-stats>
<gc-op id="639" type="scavenge" timems="2.245" contextid="636" timestamp="2019-08-08T09:53:55.199">
  <scavenger-info tenureage="3" tenuremask="ffe8" tiltratio="88" />
  <memory-copied type="nursery" objects="6205" bytes="150632" bytesdiscarded="75160" />
  <memory-copied type="tenure" objects="1882" bytes="45168" bytesdiscarded="0" />
</gc-op>
<gc-end id="640" type="scavenge" contextid="636" durationms="2.705" usertimems="0.468" systemtimems="4.020" timestamp="2019-08-08T09:53:55.199" activeThreads="16">
  <mem-info id="641" free="5240400" total="13041664" percent="40">
    <mem type="nursery" free="3902976" total="4587520" percent="85">
      <mem type="allocate" free="3902976" total="4128768" percent="94" />
      <mem type="survivor" free="0" total="458752" percent="0" />
    </mem>
    <mem type="tenure" free="1337424" total="8454144" percent="15" macro-fragmented="1217038">
      <mem type="soa" free="915536" total="8032256" percent="11" />
      <mem type="loa" free="421888" total="421888" percent="100" />
    </mem>
    <remembered-set count="377" />
  </mem-info>
</gc-end>
<cycle-end id="642" type="scavenge" contextid="636" timestamp="2019-08-08T09:53:55.199" />
  <attribute name="elasticGC enabled" value="1" />
  <attribute name= "numThreadsSpecified" value="16" />
  <attribute name="heapSize specified" value="12910592" />
  <attribute name="Current GC Util" value="1" />
  <attribute name= "Current Time Running" value="27049" />
  <attribute name ="GC Interval" value="2441" />
  <attribute name="Target GC Util Change" value ="80.000000" />
  <attribute name="Current GC Util Change" value="1.000000"/>
  <attribute name="Current Error" value="239.000000" />
  <attribute name="Output H" value="13117624"/>
  <attribute name="Output I" value="2440"/>
  <attribute name="Output T" value="16"/>
  <attribute name= "Current Time Running" value="27049" />
  <attribute name="GC Util currently" value="1" />
  <attribute name="CPU Util currently" value="15" />
<allocation-satisfied id="643" threadId="000000000250B600" bytesRequested="32" />
<af-end id="644" timestamp="2019-08-08T09:53:55.199" threadId="000000000250BF88" success="true" from="nursery"/>
<exclusive-end id="645" timestamp="2019-08-08T09:53:55.199" durationms="3.186" />

<exclusive-start id="646" timestamp="2019-08-08T09:53:56.868" intervalms="1672.095">
  <response-info timems="0.024" idlems="0.020" threads="1" lastid="0000000002534900" lastname="node-10" />
</exclusive-start>
<af-start id="647" threadId="00000000024F9488" totalBytesRequested="48" timestamp="2019-08-08T09:53:56.868" intervalms="1672.070" type="nursery" />
<cycle-start id="648" type="scavenge" contextid="0" timestamp="2019-08-08T09:53:56.868" intervalms="1671.877" />
<gc-start id="649" type="scavenge" contextid="648" timestamp="2019-08-08T09:53:56.868">
  <mem-info id="650" free="1337424" total="13041664" percent="10">
    <mem type="nursery" free="0" total="4587520" percent="0">
      <mem type="allocate" free="0" total="4128768" percent="0" />
      <mem type="survivor" free="0" total="458752" percent="0" />
    </mem>
    <mem type="tenure" free="1337424" total="8454144" percent="15">
      <mem type="soa" free="915536" total="8032256" percent="11" />
      <mem type="loa" free="421888" total="421888" percent="100" />
    </mem>
    <remembered-set count="473" />
  </mem-info>
</gc-start>
<allocation-stats totalBytes="3900352" >
  <allocated-bytes non-tlh="32" tlh="3900320" />
  <largest-consumer threadName="node-8" threadId="000000000250B600" bytes="208896" />
</allocation-stats>
<gc-op id="651" type="scavenge" timems="4.325" contextid="648" timestamp="2019-08-08T09:53:56.873">
  <scavenger-info tenureage="3" tenuremask="ffe8" tiltratio="90" />
  <memory-copied type="nursery" objects="6586" bytes="161152" bytesdiscarded="64640" />
  <memory-copied type="tenure" objects="1816" bytes="43584" bytesdiscarded="0" />
</gc-op>
<gc-end id="652" type="scavenge" contextid="648" durationms="4.582" usertimems="2.414" systemtimems="4.087" timestamp="2019-08-08T09:53:56.873" activeThreads="16">
  <mem-info id="653" free="5192016" total="13041664" percent="39">
    <mem type="nursery" free="3902976" total="4587520" percent="85">
      <mem type="allocate" free="3902976" total="4128768" percent="94" />
      <mem type="survivor" free="0" total="458752" percent="0" />
    </mem>
    <mem type="tenure" free="1289040" total="8454144" percent="15" macro-fragmented="0">
      <mem type="soa" free="867152" total="8032256" percent="10" />
      <mem type="loa" free="421888" total="421888" percent="100" />
    </mem>
    <remembered-set count="376" />
  </mem-info>
</gc-end>
<cycle-end id="654" type="scavenge" contextid="648" timestamp="2019-08-08T09:53:56.873" />
  <attribute name="elasticGC enabled" value="1" />
  <attribute name= "numThreadsSpecified" value="16" />
  <attribute name="heapSize specified" value="12910592" />
  <attribute name="Current GC Util" value="0" />
  <attribute name= "Current Time Running" value="28721" />
  <attribute name ="GC Interval" value="2585" />
  <attribute name="Target GC Util Change" value ="80.000000" />
  <attribute name="Current GC Util Change" value="0.000000"/>
  <attribute name="Current Error" value="319.000000" />
  <attribute name="Output H" value="13117712"/>
  <attribute name="Output I" value="2584"/>
  <attribute name="Output T" value="16"/>
  <attribute name= "Current Time Running" value="28721" />
  <attribute name="GC Util currently" value="0" />
  <attribute name="CPU Util currently" value="12" />
<allocation-satisfied id="655" threadId="00000000024F8B00" bytesRequested="48" />
<af-end id="656" timestamp="2019-08-08T09:53:56.873" threadId="00000000024F9488" success="true" from="nursery"/>
<exclusive-end id="657" timestamp="2019-08-08T09:53:56.873" durationms="4.779" />

<exclusive-start id="658" timestamp="2019-08-08T09:53:58.273" intervalms="1404.822">
  <response-info timems="0.862" idlems="0.862" threads="0" lastid="000000000251A600" lastname="node-5" />
</exclusive-start>
<af-start id="659" threadId="000000000251AF88" totalBytesRequested="32" timestamp="2019-08-08T09:53:58.273" intervalms="1405.044" type="nursery" />
<cycle-start id="660" type="scavenge" contextid="0" timestamp="2019-08-08T09:53:58.274" intervalms="1405.093" />
<gc-start id="661" type="scavenge" contextid="660" timestamp="2019-08-08T09:53:58.274">
  <mem-info id="662" free="1289040" total="13041664" percent="9">
    <mem type="nursery" free="0" total="4587520" percent="0">
      <mem type="allocate" free="0" total="4128768" percent="0" />
      <mem type="survivor" free="0" total="458752" percent="0" />
    </mem>
    <mem type="tenure" free="1289040" total="8454144" percent="15">
      <mem type="soa" free="867152" total="8032256" percent="10" />
      <mem type="loa" free="421888" total="421888" percent="100" />
    </mem>
    <remembered-set count="475" />
  </mem-info>
</gc-start>
<allocation-stats totalBytes="3898128" >
  <allocated-bytes non-tlh="48" tlh="3898080" />
  <largest-consumer threadName="node-9" threadId="00000000024DE700" bytes="208776" />
</allocation-stats>
<gc-op id="663" type="scavenge" timems="3.312" contextid="660" timestamp="2019-08-08T09:53:58.277">
  <scavenger-info tenureage="3" tenuremask="ffe8" tiltratio="90" />
  <memory-copied type="nursery" objects="6766" bytes="161464" bytesdiscarded="48200" />
  <memory-copied type="tenure" objects="1713" bytes="41112" bytesdiscarded="0" />
</gc-op>
<gc-end id="664" type="scavenge" contextid="660" durationms="3.759" usertimems="0.137" systemtimems="6.074" timestamp="2019-08-08T09:53:58.277" activeThreads="16">
  <mem-info id="665" free="5159760" total="13041664" percent="39">
    <mem type="nursery" free="3919104" total="4587520" percent="85">
      <mem type="allocate" free="3919104" total="4128768" percent="94" />
      <mem type="survivor" free="0" total="458752" percent="0" />
    </mem>
    <mem type="tenure" free="1240656" total="8454144" percent="14" macro-fragmented="502401">
      <mem type="soa" free="818768" total="8032256" percent="10" />
      <mem type="loa" free="421888" total="421888" percent="100" />
    </mem>
    <remembered-set count="370" />
  </mem-info>
</gc-end>
<cycle-end id="666" type="scavenge" contextid="660" timestamp="2019-08-08T09:53:58.278" />
  <attribute name="elasticGC enabled" value="1" />
  <attribute name= "numThreadsSpecified" value="16" />
  <attribute name="heapSize specified" value="12910592" />
  <attribute name="Current GC Util" value="0" />
  <attribute name= "Current Time Running" value="30126" />
  <attribute name ="GC Interval" value="2721" />
  <attribute name="Target GC Util Change" value ="80.000000" />
  <attribute name="Current GC Util Change" value="0.000000"/>
  <attribute name="Current Error" value="399.000000" />
  <attribute name="Output H" value="13117808"/>
  <attribute name="Output I" value="2720"/>
  <attribute name="Output T" value="16"/>
  <attribute name= "Current Time Running" value="30126" />
  <attribute name="GC Util currently" value="0" />
  <attribute name="CPU Util currently" value="12" />
<allocation-satisfied id="667" threadId="000000000251A600" bytesRequested="32" />
<af-end id="668" timestamp="2019-08-08T09:53:58.278" threadId="000000000251AF88" success="true" from="nursery"/>
<exclusive-end id="669" timestamp="2019-08-08T09:53:58.278" durationms="4.440" />

<exclusive-start id="670" timestamp="2019-08-08T09:53:59.777" intervalms="1503.462">
  <response-info timems="0.934" idlems="0.934" threads="0" lastid="00000000024F8B00" lastname="node-12" />
</exclusive-start>
<af-start id="671" threadId="00000000024F9488" totalBytesRequested="16" timestamp="2019-08-08T09:53:59.777" intervalms="1503.260" type="nursery" />
<cycle-start id="672" type="scavenge" contextid="0" timestamp="2019-08-08T09:53:59.777" intervalms="1503.222" />
<gc-start id="673" type="scavenge" contextid="672" timestamp="2019-08-08T09:53:59.777">
  <mem-info id="674" free="1240656" total="13041664" percent="9">
    <mem type="nursery" free="0" total="4587520" percent="0">
      <mem type="allocate" free="0" total="4128768" percent="0" />
      <mem type="survivor" free="0" total="458752" percent="0" />
    </mem>
    <mem type="tenure" free="1240656" total="8454144" percent="14">
      <mem type="soa" free="818768" total="8032256" percent="10" />
      <mem type="loa" free="421888" total="421888" percent="100" />
    </mem>
    <remembered-set count="476" />
  </mem-info>
</gc-start>
<allocation-stats totalBytes="3916648" >
  <allocated-bytes non-tlh="32" tlh="3916616" />
  <largest-consumer threadName="node-9" threadId="00000000024DE700" bytes="208872" />
</allocation-stats>
<gc-op id="675" type="scavenge" timems="3.633" contextid="672" timestamp="2019-08-08T09:53:59.781">
  <scavenger-info tenureage="3" tenuremask="ffe8" tiltratio="90" />
  <memory-copied type="nursery" objects="6285" bytes="153936" bytesdiscarded="104112" />
  <memory-copied type="tenure" objects="2536" bytes="60864" bytesdiscarded="0" />
</gc-op>
<gc-end id="676" type="scavenge" contextid="672" durationms="4.186" usertimems="5.525" systemtimems="2.609" timestamp="2019-08-08T09:53:59.781" activeThreads="16">
  <mem-info id="677" free="5046864" total="13041664" percent="38">
    <mem type="nursery" free="3870720" total="4587520" percent="84">
      <mem type="allocate" free="3870720" total="4128768" percent="93" />
      <mem type="survivor" free="0" total="458752" percent="0" />
    </mem>
    <mem type="tenure" free="1176144" total="8454144" percent="13" macro-fragmented="1021548">
      <mem type="soa" free="754256" total="8032256" percent="9" />
      <mem type="loa" free="421888" total="421888" percent="100" />
    </mem>
    <remembered-set count="372" />
  </mem-info>
</gc-end>
<cycle-end id="678" type="scavenge" contextid="672" timestamp="2019-08-08T09:53:59.781" />
  <attribute name="elasticGC enabled" value="1" />
  <attribute name= "numThreadsSpecified" value="16" />
  <attribute name="heapSize specified" value="12910592" />
  <attribute name="Current GC Util" value="0" />
  <attribute name= "Current Time Running" value="31629" />
  <attribute name ="GC Interval" value="2865" />
  <attribute name="Target GC Util Change" value ="80.000000" />
  <attribute name="Current GC Util Change" value="0.000000"/>
  <attribute name="Current Error" value="479.000000" />
  <attribute name="Output H" value="13117904"/>
  <attribute name="Output I" value="2864"/>
  <attribute name="Output T" value="16"/>
  <attribute name= "Current Time Running" value="31629" />
  <attribute name="GC Util currently" value="0" />
  <attribute name="CPU Util currently" value="12" />
<allocation-satisfied id="679" threadId="00000000024F8B00" bytesRequested="16" />
<af-end id="680" timestamp="2019-08-08T09:53:59.781" threadId="00000000024F9488" success="true" from="nursery"/>
<exclusive-end id="681" timestamp="2019-08-08T09:53:59.781" durationms="4.521" />

<exclusive-start id="682" timestamp="2019-08-08T09:54:01.140" intervalms="1363.833">
  <response-info timems="0.215" idlems="0.215" threads="0" lastid="000000000250B600" lastname="node-8" />
</exclusive-start>
<af-start id="683" threadId="000000000250BF88" totalBytesRequested="32" timestamp="2019-08-08T09:54:01.141" intervalms="1363.813" type="nursery" />
<cycle-start id="684" type="scavenge" contextid="0" timestamp="2019-08-08T09:54:01.141" intervalms="1363.801" />
<gc-start id="685" type="scavenge" contextid="684" timestamp="2019-08-08T09:54:01.141">
  <mem-info id="686" free="1176144" total="13041664" percent="9">
    <mem type="nursery" free="0" total="4587520" percent="0">
      <mem type="allocate" free="0" total="4128768" percent="0" />
      <mem type="survivor" free="0" total="458752" percent="0" />
    </mem>
    <mem type="tenure" free="1176144" total="8454144" percent="13">
      <mem type="soa" free="754256" total="8032256" percent="9" />
      <mem type="loa" free="421888" total="421888" percent="100" />
    </mem>
    <remembered-set count="471" />
  </mem-info>
</gc-start>
<allocation-stats totalBytes="3864736" >
  <allocated-bytes non-tlh="16" tlh="3864720" />
  <largest-consumer threadName="node-7" threadId="0000000002503E00" bytes="208312" />
</allocation-stats>
<gc-op id="687" type="scavenge" timems="3.757" contextid="684" timestamp="2019-08-08T09:54:01.144">
  <scavenger-info tenureage="3" tenuremask="ffe8" tiltratio="90" />
  <memory-copied type="nursery" objects="5831" bytes="141656" bytesdiscarded="84136" />
  <memory-copied type="tenure" objects="2189" bytes="52536" bytesdiscarded="0" />
</gc-op>
<gc-end id="688" type="scavenge" contextid="684" durationms="4.067" usertimems="3.103" systemtimems="5.331" timestamp="2019-08-08T09:54:01.145" activeThreads="16">
  <mem-info id="689" free="5014608" total="13041664" percent="38">
    <mem type="nursery" free="3902976" total="4587520" percent="85">
      <mem type="allocate" free="3902976" total="4128768" percent="94" />
      <mem type="survivor" free="0" total="458752" percent="0" />
    </mem>
    <mem type="tenure" free="1111632" total="8454144" percent="13" macro-fragmented="1021548">
      <mem type="soa" free="689744" total="8032256" percent="8" />
      <mem type="loa" free="421888" total="421888" percent="100" />
    </mem>
    <remembered-set count="387" />
  </mem-info>
</gc-end>
<cycle-end id="690" type="scavenge" contextid="684" timestamp="2019-08-08T09:54:01.145" />
  <attribute name="elasticGC enabled" value="1" />
  <attribute name= "numThreadsSpecified" value="16" />
  <attribute name="heapSize specified" value="12910592" />
  <attribute name="Current GC Util" value="0" />
  <attribute name= "Current Time Running" value="32993" />
  <attribute name ="GC Interval" value="2153" />
  <attribute name="Target GC Util Change" value ="80.000000" />
  <attribute name="Current GC Util Change" value="0.000000"/>
  <attribute name="Current Error" value="80.000000" />
  <attribute name="Output H" value="13117440"/>
  <attribute name="Output I" value="2152"/>
  <attribute name="Output T" value="16"/>
  <attribute name= "Current Time Running" value="32993" />
  <attribute name="GC Util currently" value="0" />
  <attribute name="CPU Util currently" value="11" />
<allocation-satisfied id="691" threadId="000000000250B600" bytesRequested="32" />
<af-end id="692" timestamp="2019-08-08T09:54:01.145" threadId="000000000250BF88" success="true" from="nursery"/>
<exclusive-end id="693" timestamp="2019-08-08T09:54:01.145" durationms="4.608" />

<exclusive-start id="694" timestamp="2019-08-08T09:54:02.815" intervalms="1674.934">
  <response-info timems="0.379" idlems="0.379" threads="0" lastid="0000000002500200" lastname="node-20" />
</exclusive-start>
<af-start id="695" threadId="0000000002500B88" totalBytesRequested="32" timestamp="2019-08-08T09:54:02.815" intervalms="1674.948" type="nursery" />
<cycle-start id="696" type="scavenge" contextid="0" timestamp="2019-08-08T09:54:02.816" intervalms="1675.080" />
<gc-start id="697" type="scavenge" contextid="696" timestamp="2019-08-08T09:54:02.816">
  <mem-info id="698" free="1111632" total="13041664" percent="8">
    <mem type="nursery" free="0" total="4587520" percent="0">
      <mem type="allocate" free="0" total="4128768" percent="0" />
      <mem type="survivor" free="0" total="458752" percent="0" />
    </mem>
    <mem type="tenure" free="1111632" total="8454144" percent="13">
      <mem type="soa" free="689744" total="8032256" percent="8" />
      <mem type="loa" free="421888" total="421888" percent="100" />
    </mem>
    <remembered-set count="472" />
  </mem-info>
</gc-start>
<allocation-stats totalBytes="3901016" >
  <allocated-bytes non-tlh="32" tlh="3900984" />
  <largest-consumer threadName="node-8" threadId="000000000250B600" bytes="208904" />
</allocation-stats>
<gc-op id="699" type="scavenge" timems="4.142" contextid="696" timestamp="2019-08-08T09:54:02.820">
  <scavenger-info tenureage="3" tenuremask="ffe8" tiltratio="90" />
  <memory-copied type="nursery" objects="6100" bytes="148112" bytesdiscarded="77680" />
  <memory-copied type="tenure" objects="1926" bytes="46224" bytesdiscarded="0" />
</gc-op>
<gc-end id="700" type="scavenge" contextid="696" durationms="5.363" usertimems="1.784" systemtimems="7.163" timestamp="2019-08-08T09:54:02.821" activeThreads="16">
  <mem-info id="701" free="4966224" total="13041664" percent="38">
    <mem type="nursery" free="3902976" total="4587520" percent="85">
      <mem type="allocate" free="3902976" total="4128768" percent="94" />
      <mem type="survivor" free="0" total="458752" percent="0" />
    </mem>
    <mem type="tenure" free="1063248" total="8454144" percent="12" macro-fragmented="951770">
      <mem type="soa" free="641360" total="8032256" percent="7" />
      <mem type="loa" free="421888" total="421888" percent="100" />
    </mem>
    <remembered-set count="385" />
  </mem-info>
</gc-end>
<cycle-end id="702" type="scavenge" contextid="696" timestamp="2019-08-08T09:54:02.821" />
  <attribute name="elasticGC enabled" value="1" />
  <attribute name= "numThreadsSpecified" value="16" />
  <attribute name="heapSize specified" value="12910592" />
  <attribute name="Current GC Util" value="0" />
  <attribute name= "Current Time Running" value="34668" />
  <attribute name ="GC Interval" value="2297" />
  <attribute name="Target GC Util Change" value ="80.000000" />
  <attribute name="Current GC Util Change" value="0.000000"/>
  <attribute name="Current Error" value="160.000000" />
  <attribute name="Output H" value="13117528"/>
  <attribute name="Output I" value="2296"/>
  <attribute name="Output T" value="16"/>
  <attribute name= "Current Time Running" value="34668" />
  <attribute name="GC Util currently" value="0" />
  <attribute name="CPU Util currently" value="13" />
<allocation-satisfied id="703" threadId="0000000002500200" bytesRequested="32" />
<af-end id="704" timestamp="2019-08-08T09:54:02.821" threadId="0000000002500B88" success="true" from="nursery"/>
<exclusive-end id="705" timestamp="2019-08-08T09:54:02.821" durationms="5.798" />

<exclusive-start id="706" timestamp="2019-08-08T09:54:04.326" intervalms="1510.634">
  <response-info timems="0.106" idlems="0.106" threads="0" lastid="0000000002521D00" lastname="node-15" />
</exclusive-start>
<af-start id="707" threadId="0000000002522688" totalBytesRequested="24" timestamp="2019-08-08T09:54:04.326" intervalms="1510.635" type="nursery" />
<cycle-start id="708" type="scavenge" contextid="0" timestamp="2019-08-08T09:54:04.326" intervalms="1510.504" />
<gc-start id="709" type="scavenge" contextid="708" timestamp="2019-08-08T09:54:04.326">
  <mem-info id="710" free="1063248" total="13041664" percent="8">
    <mem type="nursery" free="0" total="4587520" percent="0">
      <mem type="allocate" free="0" total="4128768" percent="0" />
      <mem type="survivor" free="0" total="458752" percent="0" />
    </mem>
    <mem type="tenure" free="1063248" total="8454144" percent="12">
      <mem type="soa" free="641360" total="8032256" percent="7" />
      <mem type="loa" free="421888" total="421888" percent="100" />
    </mem>
    <remembered-set count="474" />
  </mem-info>
</gc-start>
<allocation-stats totalBytes="3901240" >
  <allocated-bytes non-tlh="32" tlh="3901208" />
  <largest-consumer threadName="node-7" threadId="0000000002503E00" bytes="208864" />
</allocation-stats>
<gc-op id="711" type="scavenge" timems="2.952" contextid="708" timestamp="2019-08-08T09:54:04.329">
  <scavenger-info tenureage="3" tenuremask="ffe8" tiltratio="90" />
  <memory-copied type="nursery" objects="5958" bytes="144600" bytesdiscarded="48936" />
  <memory-copied type="tenure" objects="2024" bytes="48576" bytesdiscarded="0" />
</gc-op>
<gc-end id="712" type="scavenge" contextid="708" durationms="3.332" usertimems="3.313" systemtimems="3.027" timestamp="2019-08-08T09:54:04.329" activeThreads="16">
  <mem-info id="713" free="4933968" total="13041664" percent="37">
    <mem type="nursery" free="3935232" total="4587520" percent="85">
      <mem type="allocate" free="3935232" total="4128768" percent="95" />
      <mem type="survivor" free="0" total="458752" percent="0" />
    </mem>
    <mem type="tenure" free="998736" total="8454144" percent="11" macro-fragmented="921068">
      <mem type="soa" free="576848" total="8032256" percent="7" />
      <mem type="loa" free="421888" total="421888" percent="100" />
    </mem>
    <remembered-set count="390" />
  </mem-info>
</gc-end>
<cycle-end id="714" type="scavenge" contextid="708" timestamp="2019-08-08T09:54:04.330" />
  <attribute name="elasticGC enabled" value="1" />
  <attribute name= "numThreadsSpecified" value="16" />
  <attribute name="heapSize specified" value="12910592" />
  <attribute name="Current GC Util" value="0" />
  <attribute name= "Current Time Running" value="36178" />
  <attribute name ="GC Interval" value="2441" />
  <attribute name="Target GC Util Change" value ="80.000000" />
  <attribute name="Current GC Util Change" value="0.000000"/>
  <attribute name="Current Error" value="240.000000" />
  <attribute name="Output H" value="13117624"/>
  <attribute name="Output I" value="2440"/>
  <attribute name="Output T" value="16"/>
  <attribute name= "Current Time Running" value="36178" />
  <attribute name="GC Util currently" value="0" />
  <attribute name="CPU Util currently" value="12" />
<allocation-satisfied id="715" threadId="0000000002521D00" bytesRequested="24" />
<af-end id="716" timestamp="2019-08-08T09:54:04.330" threadId="0000000002522688" success="true" from="nursery"/>
<exclusive-end id="717" timestamp="2019-08-08T09:54:04.330" durationms="3.580" />

<exclusive-start id="718" timestamp="2019-08-08T09:54:06.111" intervalms="1784.672">
  <response-info timems="1.223" idlems="1.223" threads="0" lastid="0000000002500200" lastname="node-20" />
</exclusive-start>
<af-start id="719" threadId="0000000002500B88" totalBytesRequested="32" timestamp="2019-08-08T09:54:06.111" intervalms="1784.700" type="nursery" />
<cycle-start id="720" type="scavenge" contextid="0" timestamp="2019-08-08T09:54:06.111" intervalms="1784.707" />
<gc-start id="721" type="scavenge" contextid="720" timestamp="2019-08-08T09:54:06.111">
  <mem-info id="722" free="998736" total="13041664" percent="7">
    <mem type="nursery" free="0" total="4587520" percent="0">
      <mem type="allocate" free="0" total="4128768" percent="0" />
      <mem type="survivor" free="0" total="458752" percent="0" />
    </mem>
    <mem type="tenure" free="998736" total="8454144" percent="11">
      <mem type="soa" free="576848" total="8032256" percent="7" />
      <mem type="loa" free="421888" total="421888" percent="100" />
    </mem>
    <remembered-set count="476" />
  </mem-info>
</gc-start>
<allocation-stats totalBytes="3924464" >
  <allocated-bytes non-tlh="24" tlh="3924440" />
  <largest-consumer threadName="node-7" threadId="0000000002503E00" bytes="208816" />
</allocation-stats>
<gc-op id="723" type="scavenge" timems="4.499" contextid="720" timestamp="2019-08-08T09:54:06.115">
  <scavenger-info tenureage="3" tenuremask="4008" tiltratio="90" />
  <memory-copied type="nursery" objects="6888" bytes="164672" bytesdiscarded="61120" />
  <memory-copied type="tenure" objects="1741" bytes="41784" bytesdiscarded="0" />
</gc-op>
<gc-end id="724" type="scavenge" contextid="720" durationms="4.751" usertimems="7.020" systemtimems="1.470" timestamp="2019-08-08T09:54:06.116" activeThreads="16">
  <mem-info id="725" free="4853328" total="13041664" percent="37">
    <mem type="nursery" free="3902976" total="4587520" percent="85">
      <mem type="allocate" free="3902976" total="4128768" percent="94" />
      <mem type="survivor" free="0" total="458752" percent="0" />
    </mem>
    <mem type="tenure" free="950352" total="8454144" percent="11" macro-fragmented="837334">
      <mem type="soa" free="528464" total="8032256" percent="6" />
      <mem type="loa" free="421888" total="421888" percent="100" />
    </mem>
    <remembered-set count="375" />
  </mem-info>
</gc-end>
<cycle-end id="726" type="scavenge" contextid="720" timestamp="2019-08-08T09:54:06.116" />
  <attribute name="elasticGC enabled" value="1" />
  <attribute name= "numThreadsSpecified" value="16" />
  <attribute name="heapSize specified" value="12910592" />
  <attribute name="Current GC Util" value="0" />
  <attribute name= "Current Time Running" value="37963" />
  <attribute name ="GC Interval" value="2585" />
  <attribute name="Target GC Util Change" value ="80.000000" />
  <attribute name="Current GC Util Change" value="0.000000"/>
  <attribute name="Current Error" value="320.000000" />
  <attribute name="Output H" value="13117720"/>
  <attribute name="Output I" value="2584"/>
  <attribute name="Output T" value="16"/>
  <attribute name= "Current Time Running" value="37963" />
  <attribute name="GC Util currently" value="0" />
  <attribute name="CPU Util currently" value="13" />
<allocation-satisfied id="727" threadId="0000000002500200" bytesRequested="32" />
<af-end id="728" timestamp="2019-08-08T09:54:06.116" threadId="0000000002500B88" success="true" from="nursery"/>
<exclusive-end id="729" timestamp="2019-08-08T09:54:06.116" durationms="5.024" />

<exclusive-start id="730" timestamp="2019-08-08T09:54:07.424" intervalms="1313.542">
  <response-info timems="0.951" idlems="0.640" threads="1" lastid="000000000252D100" lastname="node-6" />
</exclusive-start>
<af-start id="731" threadId="0000000002513788" totalBytesRequested="16" timestamp="2019-08-08T09:54:07.424" intervalms="1313.550" type="nursery" />
<cycle-start id="732" type="scavenge" contextid="0" timestamp="2019-08-08T09:54:07.424" intervalms="1313.555" />
<gc-start id="733" type="scavenge" contextid="732" timestamp="2019-08-08T09:54:07.424">
  <mem-info id="734" free="950352" total="13041664" percent="7">
    <mem type="nursery" free="0" total="4587520" percent="0">
      <mem type="allocate" free="0" total="4128768" percent="0" />
      <mem type="survivor" free="0" total="458752" percent="0" />
    </mem>
    <mem type="tenure" free="950352" total="8454144" percent="11">
      <mem type="soa" free="528464" total="8032256" percent="6" />
      <mem type="loa" free="421888" total="421888" percent="100" />
    </mem>
    <remembered-set count="479" />
  </mem-info>
</gc-start>
<allocation-stats totalBytes="3899968" >
  <allocated-bytes non-tlh="32" tlh="3899936" />
  <largest-consumer threadName="node-9" threadId="00000000024DE700" bytes="208584" />
</allocation-stats>
<gc-op id="735" type="scavenge" timems="4.776" contextid="732" timestamp="2019-08-08T09:54:07.429">
  <scavenger-info tenureage="3" tenuremask="4008" tiltratio="90" />
  <memory-copied type="nursery" objects="6372" bytes="152896" bytesdiscarded="40640" />
  <memory-copied type="tenure" objects="2193" bytes="52632" bytesdiscarded="0" />
</gc-op>
<gc-end id="736" type="scavenge" contextid="732" durationms="5.152" usertimems="3.760" systemtimems="4.986" timestamp="2019-08-08T09:54:07.430" activeThreads="16">
  <mem-info id="737" free="4821072" total="13041664" percent="36">
    <mem type="nursery" free="3935232" total="4587520" percent="85">
      <mem type="allocate" free="3935232" total="4128768" percent="95" />
      <mem type="survivor" free="0" total="458752" percent="0" />
    </mem>
    <mem type="tenure" free="885840" total="8454144" percent="10" macro-fragmented="837334">
      <mem type="soa" free="463952" total="8032256" percent="5" />
      <mem type="loa" free="421888" total="421888" percent="100" />
    </mem>
    <remembered-set count="367" />
  </mem-info>
</gc-end>
<cycle-end id="738" type="scavenge" contextid="732" timestamp="2019-08-08T09:54:07.430" />
  <attribute name="elasticGC enabled" value="1" />
  <attribute name= "numThreadsSpecified" value="16" />
  <attribute name="heapSize specified" value="12910592" />
  <attribute name="Current GC Util" value="0" />
  <attribute name= "Current Time Running" value="39277" />
  <attribute name ="GC Interval" value="2729" />
  <attribute name="Target GC Util Change" value ="80.000000" />
  <attribute name="Current GC Util Change" value="0.000000"/>
  <attribute name="Current Error" value="400.000000" />
  <attribute name="Output H" value="13117808"/>
  <attribute name="Output I" value="2728"/>
  <attribute name="Output T" value="16"/>
  <attribute name= "Current Time Running" value="39277" />
  <attribute name="GC Util currently" value="0" />
  <attribute name="CPU Util currently" value="12" />
<allocation-satisfied id="739" threadId="0000000002512E00" bytesRequested="16" />
<af-end id="740" timestamp="2019-08-08T09:54:07.430" threadId="0000000002513788" success="true" from="nursery"/>
<exclusive-end id="741" timestamp="2019-08-08T09:54:07.430" durationms="5.397" />

<exclusive-start id="742" timestamp="2019-08-08T09:54:08.896" intervalms="1471.492">
  <response-info timems="0.074" idlems="0.074" threads="0" lastid="00000000024F8B00" lastname="node-12" />
</exclusive-start>
<af-start id="743" threadId="00000000024F9488" totalBytesRequested="24" timestamp="2019-08-08T09:54:08.896" intervalms="1471.574" type="nursery" />
<cycle-start id="744" type="scavenge" contextid="0" timestamp="2019-08-08T09:54:08.896" intervalms="1471.572" />
<gc-start id="745" type="scavenge" contextid="744" timestamp="2019-08-08T09:54:08.896">
  <mem-info id="746" free="885840" total="13041664" percent="6">
    <mem type="nursery" free="0" total="4587520" percent="0">
      <mem type="allocate" free="0" total="4128768" percent="0" />
      <mem type="survivor" free="0" total="458752" percent="0" />
    </mem>
    <mem type="tenure" free="885840" total="8454144" percent="10">
      <mem type="soa" free="463952" total="8032256" percent="5" />
      <mem type="loa" free="421888" total="421888" percent="100" />
    </mem>
    <remembered-set count="474" />
  </mem-info>
</gc-start>
<allocation-stats totalBytes="3932464" >
  <allocated-bytes non-tlh="16" tlh="3932448" />
  <largest-consumer threadName="node-9" threadId="00000000024DE700" bytes="208800" />
</allocation-stats>
<gc-op id="747" type="scavenge" timems="3.561" contextid="744" timestamp="2019-08-08T09:54:08.900">
  <scavenger-info tenureage="2" tenuremask="400c" tiltratio="90" />
  <memory-copied type="nursery" objects="3882" bytes="94944" bytesdiscarded="34080" />
  <memory-copied type="tenure" objects="4576" bytes="109824" bytesdiscarded="0" />
</gc-op>
<gc-end id="748" type="scavenge" contextid="744" durationms="3.915" usertimems="8.363" systemtimems="4.086" timestamp="2019-08-08T09:54:08.900" activeThreads="16">
  <mem-info id="749" free="4788816" total="13041664" percent="36">
    <mem type="nursery" free="3999744" total="4587520" percent="87">
      <mem type="allocate" free="3999744" total="4128768" percent="96" />
      <mem type="survivor" free="0" total="458752" percent="0" />
    </mem>
    <mem type="tenure" free="789072" total="8454144" percent="9" macro-fragmented="0">
      <mem type="soa" free="367184" total="8032256" percent="4" />
      <mem type="loa" free="421888" total="421888" percent="100" />
    </mem>
    <remembered-set count="357" />
  </mem-info>
</gc-end>
<cycle-end id="750" type="scavenge" contextid="744" timestamp="2019-08-08T09:54:08.900" />
  <attribute name="elasticGC enabled" value="1" />
  <attribute name= "numThreadsSpecified" value="16" />
  <attribute name="heapSize specified" value="12910592" />
  <attribute name="Current GC Util" value="0" />
  <attribute name= "Current Time Running" value="40748" />
  <attribute name ="GC Interval" value="2873" />
  <attribute name="Target GC Util Change" value ="80.000000" />
  <attribute name="Current GC Util Change" value="0.000000"/>
  <attribute name="Current Error" value="480.000000" />
  <attribute name="Output H" value="13117904"/>
  <attribute name="Output I" value="2872"/>
  <attribute name="Output T" value="16"/>
  <attribute name= "Current Time Running" value="40748" />
  <attribute name="GC Util currently" value="0" />
  <attribute name="CPU Util currently" value="12" />
<allocation-satisfied id="751" threadId="00000000024F8B00" bytesRequested="24" />
<af-end id="752" timestamp="2019-08-08T09:54:08.900" threadId="00000000024F9488" success="true" from="nursery"/>
<exclusive-end id="753" timestamp="2019-08-08T09:54:08.900" durationms="4.330" />

<exclusive-start id="754" timestamp="2019-08-08T09:54:10.697" intervalms="1801.234">
  <response-info timems="0.025" idlems="0.025" threads="0" lastid="00000000024F8B00" lastname="node-12" />
</exclusive-start>
<af-start id="755" threadId="00000000024F9488" totalBytesRequested="32" timestamp="2019-08-08T09:54:10.697" intervalms="1801.139" type="nursery" />
<cycle-start id="756" type="scavenge" contextid="0" timestamp="2019-08-08T09:54:10.697" intervalms="1801.135" />
<gc-start id="757" type="scavenge" contextid="756" timestamp="2019-08-08T09:54:10.697">
  <mem-info id="758" free="789072" total="13041664" percent="6">
    <mem type="nursery" free="0" total="4587520" percent="0">
      <mem type="allocate" free="0" total="4128768" percent="0" />
      <mem type="survivor" free="0" total="458752" percent="0" />
    </mem>
    <mem type="tenure" free="789072" total="8454144" percent="9">
      <mem type="soa" free="367184" total="8032256" percent="4" />
      <mem type="loa" free="421888" total="421888" percent="100" />
    </mem>
    <remembered-set count="444" />
  </mem-info>
</gc-start>
<allocation-stats totalBytes="3995936" >
  <allocated-bytes non-tlh="24" tlh="3995912" />
  <largest-consumer threadName="node-16" threadId="000000000251E200" bytes="208864" />
</allocation-stats>
<gc-op id="759" type="scavenge" timems="2.260" contextid="756" timestamp="2019-08-08T09:54:10.699">
  <scavenger-info tenureage="2" tenuremask="400c" tiltratio="90" />
  <memory-copied type="nursery" objects="4548" bytes="110864" bytesdiscarded="41968" />
  <memory-copied type="tenure" objects="1675" bytes="40200" bytesdiscarded="0" />
</gc-op>
<gc-end id="760" type="scavenge" contextid="756" durationms="2.678" usertimems="3.094" systemtimems="5.075" timestamp="2019-08-08T09:54:10.700" activeThreads="16">
  <mem-info id="761" free="4700496" total="13041664" percent="36">
    <mem type="nursery" free="3975936" total="4587520" percent="86">
      <mem type="allocate" free="3975936" total="4128768" percent="96" />
      <mem type="survivor" free="0" total="458752" percent="0" />
    </mem>
    <mem type="tenure" free="724560" total="8454144" percent="8" macro-fragmented="0">
      <mem type="soa" free="302672" total="8032256" percent="3" />
      <mem type="loa" free="421888" total="421888" percent="100" />
    </mem>
    <remembered-set count="365" />
  </mem-info>
</gc-end>
<cycle-end id="762" type="scavenge" contextid="756" timestamp="2019-08-08T09:54:10.700" />
  <attribute name="elasticGC enabled" value="1" />
  <attribute name= "numThreadsSpecified" value="16" />
  <attribute name="heapSize specified" value="12910592" />
  <attribute name="Current GC Util" value="0" />
  <attribute name= "Current Time Running" value="42549" />
  <attribute name ="GC Interval" value="2153" />
  <attribute name="Target GC Util Change" value ="80.000000" />
  <attribute name="Current GC Util Change" value="0.000000"/>
  <attribute name="Current Error" value="80.000000" />
  <attribute name="Output H" value="13117440"/>
  <attribute name="Output I" value="2152"/>
  <attribute name="Output T" value="16"/>
  <attribute name= "Current Time Running" value="42549" />
  <attribute name="GC Util currently" value="0" />
  <attribute name="CPU Util currently" value="14" />
<allocation-satisfied id="763" threadId="00000000024F8B00" bytesRequested="32" />
<af-end id="764" timestamp="2019-08-08T09:54:10.700" threadId="00000000024F9488" success="true" from="nursery"/>
<exclusive-end id="765" timestamp="2019-08-08T09:54:10.700" durationms="2.941" />

<exclusive-start id="766" timestamp="2019-08-08T09:54:12.413" intervalms="1715.657">
  <response-info timems="0.029" idlems="0.029" threads="0" lastid="0000000002512E00" lastname="node-19" />
</exclusive-start>
<af-start id="767" threadId="0000000002513788" totalBytesRequested="264" timestamp="2019-08-08T09:54:12.413" intervalms="1715.650" type="nursery" />
<cycle-start id="768" type="scavenge" contextid="0" timestamp="2019-08-08T09:54:12.413" intervalms="1715.949" />
<gc-start id="769" type="scavenge" contextid="768" timestamp="2019-08-08T09:54:12.413">
  <mem-info id="770" free="724560" total="13041664" percent="5">
    <mem type="nursery" free="0" total="4587520" percent="0">
      <mem type="allocate" free="0" total="4128768" percent="0" />
      <mem type="survivor" free="0" total="458752" percent="0" />
    </mem>
    <mem type="tenure" free="724560" total="8454144" percent="8">
      <mem type="soa" free="302672" total="8032256" percent="3" />
      <mem type="loa" free="421888" total="421888" percent="100" />
    </mem>
    <remembered-set count="448" />
  </mem-info>
</gc-start>
<allocation-stats totalBytes="3973256" >
  <allocated-bytes non-tlh="32" tlh="3973224" />
  <largest-consumer threadName="node-7" threadId="0000000002503E00" bytes="208864" />
</allocation-stats>
<gc-op id="771" type="scavenge" timems="3.032" contextid="768" timestamp="2019-08-08T09:54:12.416">
  <scavenger-info tenureage="2" tenuremask="4004" tiltratio="90" />
  <memory-copied type="nursery" objects="4641" bytes="117632" bytesdiscarded="92032" />
  <memory-copied type="tenure" objects="2061" bytes="49464" bytesdiscarded="0" />
</gc-op>
<gc-end id="772" type="scavenge" contextid="768" durationms="3.371" usertimems="1.413" systemtimems="2.787" timestamp="2019-08-08T09:54:12.417" activeThreads="16">
  <mem-info id="773" free="4595280" total="13041664" percent="35">
    <mem type="nursery" free="3919104" total="4587520" percent="85">
      <mem type="allocate" free="3919104" total="4128768" percent="94" />
      <mem type="survivor" free="0" total="458752" percent="0" />
    </mem>
    <mem type="tenure" free="676176" total="8454144" percent="7" macro-fragmented="0">
      <mem type="soa" free="254288" total="8032256" percent="3" />
      <mem type="loa" free="421888" total="421888" percent="100" />
    </mem>
    <remembered-set count="347" />
  </mem-info>
</gc-end>
<cycle-end id="774" type="scavenge" contextid="768" timestamp="2019-08-08T09:54:12.417" />
  <attribute name="elasticGC enabled" value="1" />
  <attribute name= "numThreadsSpecified" value="16" />
  <attribute name="heapSize specified" value="12910592" />
  <attribute name="Current GC Util" value="0" />
  <attribute name= "Current Time Running" value="44266" />
  <attribute name ="GC Interval" value="2297" />
  <attribute name="Target GC Util Change" value ="80.000000" />
  <attribute name="Current GC Util Change" value="0.000000"/>
  <attribute name="Current Error" value="160.000000" />
  <attribute name="Output H" value="13117528"/>
  <attribute name="Output I" value="2296"/>
  <attribute name="Output T" value="16"/>
  <attribute name= "Current Time Running" value="44266" />
  <attribute name="GC Util currently" value="0" />
  <attribute name="CPU Util currently" value="12" />
<allocation-satisfied id="775" threadId="0000000002512E00" bytesRequested="264" />
<af-end id="776" timestamp="2019-08-08T09:54:12.418" threadId="0000000002513788" success="true" from="nursery"/>
<exclusive-end id="777" timestamp="2019-08-08T09:54:12.418" durationms="5.154" />

<exclusive-start id="778" timestamp="2019-08-08T09:54:13.937" intervalms="1524.101">
  <response-info timems="0.310" idlems="0.310" threads="0" lastid="0000000002538500" lastname="node-13" />
</exclusive-start>
<af-start id="779" threadId="0000000002538E88" totalBytesRequested="32" timestamp="2019-08-08T09:54:13.937" intervalms="1524.107" type="nursery" />
<cycle-start id="780" type="scavenge" contextid="0" timestamp="2019-08-08T09:54:13.937" intervalms="1523.862" />
<gc-start id="781" type="scavenge" contextid="780" timestamp="2019-08-08T09:54:13.937">
  <mem-info id="782" free="676176" total="13041664" percent="5">
    <mem type="nursery" free="0" total="4587520" percent="0">
      <mem type="allocate" free="0" total="4128768" percent="0" />
      <mem type="survivor" free="0" total="458752" percent="0" />
    </mem>
    <mem type="tenure" free="676176" total="8454144" percent="7">
      <mem type="soa" free="254288" total="8032256" percent="3" />
      <mem type="loa" free="421888" total="421888" percent="100" />
    </mem>
    <remembered-set count="451" />
  </mem-info>
</gc-start>
<allocation-stats totalBytes="3917560" >
  <allocated-bytes non-tlh="264" tlh="3917296" />
  <largest-consumer threadName="node-7" threadId="0000000002503E00" bytes="208856" />
</allocation-stats>
<gc-op id="783" type="scavenge" timems="2.455" contextid="780" timestamp="2019-08-08T09:54:13.939">
  <scavenger-info tenureage="2" tenuremask="4004" tiltratio="90" />
  <memory-copied type="nursery" objects="4288" bytes="102384" bytesdiscarded="58896" />
  <memory-copied type="tenure" objects="2345" bytes="56280" bytesdiscarded="0" />
</gc-op>
<gc-end id="784" type="scavenge" contextid="780" durationms="2.871" usertimems="2.160" systemtimems="3.662" timestamp="2019-08-08T09:54:13.940" activeThreads="16">
  <mem-info id="785" free="4579152" total="13041664" percent="35">
    <mem type="nursery" free="3967488" total="4587520" percent="86">
      <mem type="allocate" free="3967488" total="4128768" percent="96" />
      <mem type="survivor" free="0" total="458752" percent="0" />
    </mem>
    <mem type="tenure" free="611664" total="8454144" percent="7" macro-fragmented="0">
      <mem type="soa" free="189776" total="8032256" percent="2" />
      <mem type="loa" free="421888" total="421888" percent="100" />
    </mem>
    <remembered-set count="343" />
  </mem-info>
</gc-end>
<cycle-end id="786" type="scavenge" contextid="780" timestamp="2019-08-08T09:54:13.940" />
  <attribute name="elasticGC enabled" value="1" />
  <attribute name= "numThreadsSpecified" value="16" />
  <attribute name="heapSize specified" value="12910592" />
  <attribute name="Current GC Util" value="0" />
  <attribute name= "Current Time Running" value="45789" />
  <attribute name ="GC Interval" value="2441" />
  <attribute name="Target GC Util Change" value ="80.000000" />
  <attribute name="Current GC Util Change" value="0.000000"/>
  <attribute name="Current Error" value="240.000000" />
  <attribute name="Output H" value="13117624"/>
  <attribute name="Output I" value="2440"/>
  <attribute name="Output T" value="16"/>
  <attribute name= "Current Time Running" value="45789" />
  <attribute name="GC Util currently" value="0" />
  <attribute name="CPU Util currently" value="12" />
<allocation-satisfied id="787" threadId="0000000002538500" bytesRequested="32" />
<af-end id="788" timestamp="2019-08-08T09:54:13.940" threadId="0000000002538E88" success="true" from="nursery"/>
<exclusive-end id="789" timestamp="2019-08-08T09:54:13.940" durationms="3.181" />

<exclusive-start id="790" timestamp="2019-08-08T09:54:15.269" intervalms="1332.602">
  <response-info timems="9.998" idlems="9.998" threads="0" lastid="000000000250F200" lastname="node-23" />
</exclusive-start>
<af-start id="791" threadId="000000000250FB88" totalBytesRequested="720" timestamp="2019-08-08T09:54:15.269" intervalms="1332.647" type="nursery" />
<cycle-start id="792" type="scavenge" contextid="0" timestamp="2019-08-08T09:54:15.270" intervalms="1332.627" />
<gc-start id="793" type="scavenge" contextid="792" timestamp="2019-08-08T09:54:15.270">
  <mem-info id="794" free="611664" total="13041664" percent="4">
    <mem type="nursery" free="0" total="4587520" percent="0">
      <mem type="allocate" free="0" total="4128768" percent="0" />
      <mem type="survivor" free="0" total="458752" percent="0" />
    </mem>
    <mem type="tenure" free="611664" total="8454144" percent="7">
      <mem type="soa" free="189776" total="8032256" percent="2" />
      <mem type="loa" free="421888" total="421888" percent="100" />
    </mem>
    <remembered-set count="445" />
  </mem-info>
</gc-start>
<allocation-stats totalBytes="3963008" >
  <allocated-bytes non-tlh="32" tlh="3962976" />
  <largest-consumer threadName="node-8" threadId="000000000250B600" bytes="208824" />
</allocation-stats>
<gc-op id="795" type="scavenge" timems="2.176" contextid="792" timestamp="2019-08-08T09:54:15.272">
  <scavenger-info tenureage="2" tenuremask="4004" tiltratio="90" />
  <memory-copied type="nursery" objects="3992" bytes="99592" bytesdiscarded="61688" />
  <memory-copied type="tenure" objects="2141" bytes="51384" bytesdiscarded="0" />
</gc-op>
<gc-end id="796" type="scavenge" contextid="792" durationms="2.647" usertimems="1.885" systemtimems="3.601" timestamp="2019-08-08T09:54:15.272" activeThreads="16">
  <mem-info id="797" free="4514640" total="13041664" percent="34">
    <mem type="nursery" free="3967488" total="4587520" percent="86">
      <mem type="allocate" free="3967488" total="4128768" percent="96" />
      <mem type="survivor" free="0" total="458752" percent="0" />
    </mem>
    <mem type="tenure" free="547152" total="8454144" percent="6" macro-fragmented="0">
      <mem type="soa" free="125264" total="8032256" percent="1" />
      <mem type="loa" free="421888" total="421888" percent="100" />
    </mem>
    <remembered-set count="343" />
  </mem-info>
</gc-end>
<cycle-end id="798" type="scavenge" contextid="792" timestamp="2019-08-08T09:54:15.272" />
  <attribute name="elasticGC enabled" value="1" />
  <attribute name= "numThreadsSpecified" value="16" />
  <attribute name="heapSize specified" value="12910592" />
  <attribute name="Current GC Util" value="0" />
  <attribute name= "Current Time Running" value="47122" />
  <attribute name ="GC Interval" value="2585" />
  <attribute name="Target GC Util Change" value ="80.000000" />
  <attribute name="Current GC Util Change" value="0.000000"/>
  <attribute name="Current Error" value="320.000000" />
  <attribute name="Output H" value="13117720"/>
  <attribute name="Output I" value="2584"/>
  <attribute name="Output T" value="16"/>
  <attribute name= "Current Time Running" value="47122" />
  <attribute name="GC Util currently" value="0" />
  <attribute name="CPU Util currently" value="11" />
<allocation-satisfied id="799" threadId="000000000250F200" bytesRequested="720" />
<af-end id="800" timestamp="2019-08-08T09:54:15.272" threadId="000000000250FB88" success="true" from="nursery"/>
<exclusive-end id="801" timestamp="2019-08-08T09:54:15.272" durationms="2.985" />

<exclusive-start id="802" timestamp="2019-08-08T09:54:16.795" intervalms="1525.574">
  <response-info timems="0.021" idlems="0.021" threads="0" lastid="0000000002534900" lastname="node-10" />
</exclusive-start>
<af-start id="803" threadId="0000000002535288" totalBytesRequested="376" timestamp="2019-08-08T09:54:16.795" intervalms="1525.568" type="nursery" />
<cycle-start id="804" type="scavenge" contextid="0" timestamp="2019-08-08T09:54:16.795" intervalms="1525.836" />
<gc-start id="805" type="scavenge" contextid="804" timestamp="2019-08-08T09:54:16.795">
  <mem-info id="806" free="547152" total="13041664" percent="4">
    <mem type="nursery" free="0" total="4587520" percent="0">
      <mem type="allocate" free="0" total="4128768" percent="0" />
      <mem type="survivor" free="0" total="458752" percent="0" />
    </mem>
    <mem type="tenure" free="547152" total="8454144" percent="6">
      <mem type="soa" free="125264" total="8032256" percent="1" />
      <mem type="loa" free="421888" total="421888" percent="100" />
    </mem>
    <remembered-set count="443" />
  </mem-info>
</gc-start>
<allocation-stats totalBytes="3963040" >
  <allocated-bytes non-tlh="720" tlh="3962320" />
  <largest-consumer threadName="node-9" threadId="00000000024DE700" bytes="208504" />
</allocation-stats>
<gc-op id="807" type="scavenge" timems="4.964" contextid="804" timestamp="2019-08-08T09:54:16.800">
  <scavenger-info tenureage="2" tenuremask="4004" tiltratio="90" />
  <memory-copied type="nursery" objects="3904" bytes="96976" bytesdiscarded="32048" />
  <memory-copied type="tenure" objects="2027" bytes="48648" bytesdiscarded="0" />
</gc-op>
<gc-end id="808" type="scavenge" contextid="804" durationms="6.160" usertimems="1.921" systemtimems="5.314" timestamp="2019-08-08T09:54:16.802" activeThreads="16">
  <mem-info id="809" free="4482384" total="13041664" percent="34">
    <mem type="nursery" free="3999744" total="4587520" percent="87">
      <mem type="allocate" free="3999744" total="4128768" percent="96" />
      <mem type="survivor" free="0" total="458752" percent="0" />
    </mem>
    <mem type="tenure" free="482640" total="8454144" percent="5" macro-fragmented="0">
      <mem type="soa" free="60752" total="8032256" percent="0" />
      <mem type="loa" free="421888" total="421888" percent="100" />
    </mem>
    <remembered-set count="336" />
  </mem-info>
</gc-end>
<cycle-end id="810" type="scavenge" contextid="804" timestamp="2019-08-08T09:54:16.802" />
  <attribute name="elasticGC enabled" value="1" />
  <attribute name= "numThreadsSpecified" value="16" />
  <attribute name="heapSize specified" value="12910592" />
  <attribute name="Current GC Util" value="0" />
  <attribute name= "Current Time Running" value="48648" />
  <attribute name ="GC Interval" value="2729" />
  <attribute name="Target GC Util Change" value ="80.000000" />
  <attribute name="Current GC Util Change" value="0.000000"/>
  <attribute name="Current Error" value="400.000000" />
  <attribute name="Output H" value="13117808"/>
  <attribute name="Output I" value="2728"/>
  <attribute name="Output T" value="16"/>
  <attribute name= "Current Time Running" value="48648" />
  <attribute name="GC Util currently" value="0" />
  <attribute name="CPU Util currently" value="12" />
<allocation-satisfied id="811" threadId="0000000002534900" bytesRequested="376" />
<af-end id="812" timestamp="2019-08-08T09:54:16.802" threadId="0000000002535288" success="true" from="nursery"/>
<exclusive-end id="813" timestamp="2019-08-08T09:54:16.802" durationms="6.942" />

<concurrent-kickoff id="814" timestamp="2019-08-08T09:54:18.222">
  <kickoff reason="threshold reached" targetBytes="5488564" thresholdFreeBytes="751526"  remainingFree="722568" tenureFreeBytes="482640" nurseryFreeBytes="722568" />
</concurrent-kickoff>
<exclusive-start id="815" timestamp="2019-08-08T09:54:18.223" intervalms="1427.821">
  <response-info timems="0.450" idlems="0.450" threads="0" lastid="0000000002538500" lastname="node-13" />
</exclusive-start>
<cycle-start id="816" type="global" contextid="0" timestamp="2019-08-08T09:54:18.223" intervalms="33579.608" />
<exclusive-end id="817" timestamp="2019-08-08T09:54:18.223" durationms="0.186" />

<exclusive-start id="818" timestamp="2019-08-08T09:54:18.663" intervalms="440.483">
  <response-info timems="0.321" idlems="0.321" threads="0" lastid="00000000024F1300" lastname="node-14" />
</exclusive-start>
<concurrent-collection-start id="819" timestamp="2019-08-08T09:54:18.663" intervalms="33629.260" >
  <concurrent-trace-info reason="card cleaning threshold reached" tracedByMutators="542000" tracedByHelpers="4865052" cardsCleaned="114" workStackOverflowCount="0" />
</concurrent-collection-start>
<gc-start id="820" type="global" contextid="816" timestamp="2019-08-08T09:54:18.663">
  <mem-info id="821" free="482640" total="13041664" percent="3">
    <mem type="nursery" free="0" total="4587520" percent="0">
      <mem type="allocate" free="0" total="4128768" percent="0" />
      <mem type="survivor" free="0" total="458752" percent="0" />
    </mem>
    <mem type="tenure" free="482640" total="8454144" percent="5">
      <mem type="soa" free="60752" total="8032256" percent="0" />
      <mem type="loa" free="421888" total="421888" percent="100" />
    </mem>
    <remembered-set count="447" />
  </mem-info>
</gc-start>
<allocation-stats totalBytes="3998200" >
  <allocated-bytes non-tlh="376" tlh="3997824" />
  <largest-consumer threadName="node-14" threadId="00000000024F1300" bytes="208888" />
</allocation-stats>
<heap-resize id="822" type="loa contract" space="tenure" amount="83968" count="1" timems="0.000" reason="contract underutilized loa" timestamp="2019-08-08T09:54:18.664" />
<gc-op id="823" type="rs-scan" timems="1.509" contextid="816" timestamp="2019-08-08T09:54:18.665">
  <scan objectsFound="88" bytesTraced="8304" workStackOverflowCount="0" />
</gc-op>
<gc-op id="824" type="card-cleaning" timems="1.714" contextid="816" timestamp="2019-08-08T09:54:18.667">
  <card-cleaning cardsCleaned="88" bytesTraced="181476" workStackOverflowCount="0" />
</gc-op>
<gc-op id="825" type="mark" timems="4.268" contextid="816" timestamp="2019-08-08T09:54:18.671">
  <trace-info objectcount="305" scancount="258" scanbytes="6524" />
  <finalization candidates="13" enqueued="0" />
  <references type="soft" candidates="45" cleared="0" enqueued="0" dynamicThreshold="5" maxThreshold="32" />
  <references type="weak" candidates="130" cleared="0" enqueued="0" />
  <references type="phantom" candidates="36" cleared="0" enqueued="0" />
  <stringconstants candidates="3837" cleared="0"  />
</gc-op>
<gc-op id="826" type="sweep" timems="3.103" contextid="816" timestamp="2019-08-08T09:54:18.674" />
<mem-info id="827" free="5629952" total="13041664" percent="43">
  <mem type="nursery" free="4036088" total="4587520" percent="87">
    <mem type="allocate" free="4036088" total="4128768" percent="97" />
    <mem type="survivor" free="0" total="458752" percent="0" />
  </mem>
  <mem type="tenure" free="1593864" total="8454144" percent="18" micro-fragmented="0" macro-fragmented="502401">
    <mem type="soa" free="1255944" total="8116224" percent="15" />
    <mem type="loa" free="337920" total="337920" percent="100" />
  </mem>
  <remembered-set count="366" />
</mem-info>
<gc-op id="828" type="compact" timems="20.764" contextid="816" timestamp="2019-08-08T09:54:18.695">
  <compact-info movecount="5762" movebytes="330016" reason="compact to aid heap contraction" />
</gc-op>
<heap-resize id="829" type="expand" space="tenure" amount="131072" count="1" timems="0.025" reason="satisfy allocation request" timestamp="2019-08-08T09:54:18.696" />
<heap-resize id="830" type="loa contract" space="tenure" amount="258048" count="1" timems="0.000" reason="contract to meet minimum soa" timestamp="2019-08-08T09:54:18.696" />
<gc-end id="831" type="global" contextid="816" durationms="33.050" usertimems="27.730" systemtimems="21.563" timestamp="2019-08-08T09:54:18.696" activeThreads="16">
  <mem-info id="832" free="5831952" total="13172736" percent="44">
    <mem type="nursery" free="4106728" total="4587520" percent="89">
      <mem type="allocate" free="4106728" total="4128768" percent="99" />
      <mem type="survivor" free="0" total="458752" percent="0" />
    </mem>
    <mem type="tenure" free="1725224" total="8585216" percent="20">
      <mem type="soa" free="1640232" total="8500224" percent="19" />
      <mem type="loa" free="84992" total="84992" percent="100" />
    </mem>
    <remembered-set count="366" />
  </mem-info>
</gc-end>
<cycle-end id="833" type="global" contextid="816" timestamp="2019-08-08T09:54:18.697" />
  <attribute name="elasticGC enabled" value="1" />
  <attribute name= "numThreadsSpecified" value="16" />
  <attribute name="heapSize specified" value="13041664" />
  <attribute name="Current GC Util" value="78" />
  <attribute name= "Current Time Running" value="50547" />
  <attribute name ="GC Interval" value="2729" />
  <attribute name="Target GC Util Change" value ="80.000000" />
  <attribute name="Current GC Util Change" value="78.000000"/>
  <attribute name="Current Error" value="-114.000000" />
  <attribute name="Output H" value="13117216"/>
  <attribute name="Output I" value="1808"/>
  <attribute name="Output T" value="16"/>
  <attribute name= "Current Time Running" value="50547" />
  <attribute name="GC Util currently" value="78" />
  <attribute name="CPU Util currently" value="55467030330" />
<concurrent-collection-end id="834" timestamp="2019-08-08T09:54:18.697" />
<exclusive-end id="835" timestamp="2019-08-08T09:54:18.697" durationms="33.400" />

<exclusive-start id="836" timestamp="2019-08-08T09:54:20.382" intervalms="1718.525">
  <response-info timems="0.222" idlems="0.222" threads="0" lastid="00000000024F8B00" lastname="node-12" />
</exclusive-start>
<af-start id="837" threadId="00000000024F9488" totalBytesRequested="32" timestamp="2019-08-08T09:54:20.382" intervalms="3587.000" type="nursery" />
<cycle-start id="838" type="scavenge" contextid="0" timestamp="2019-08-08T09:54:20.382" intervalms="3586.866" />
<gc-start id="839" type="scavenge" contextid="838" timestamp="2019-08-08T09:54:20.382">
  <mem-info id="840" free="1725224" total="13172736" percent="13">
    <mem type="nursery" free="0" total="4587520" percent="0">
      <mem type="allocate" free="0" total="4128768" percent="0" />
      <mem type="survivor" free="0" total="458752" percent="0" />
    </mem>
    <mem type="tenure" free="1725224" total="8585216" percent="20">
      <mem type="soa" free="1640232" total="8500224" percent="19" />
      <mem type="loa" free="84992" total="84992" percent="100" />
    </mem>
    <remembered-set count="397" />
  </mem-info>
</gc-start>
<allocation-stats totalBytes="4105184" >
  <allocated-bytes non-tlh="0" tlh="4105184" />
  <largest-consumer threadName="node-8" threadId="000000000250B600" bytes="208864" />
</allocation-stats>
<gc-op id="841" type="scavenge" timems="2.158" contextid="838" timestamp="2019-08-08T09:54:20.384">
  <scavenger-info tenureage="2" tenuremask="4004" tiltratio="90" />
  <memory-copied type="nursery" objects="3141" bytes="74464" bytesdiscarded="38432" />
</gc-op>
<gc-end id="842" type="scavenge" contextid="838" durationms="2.292" usertimems="2.339" systemtimems="2.131" timestamp="2019-08-08T09:54:20.385" activeThreads="16">
  <mem-info id="843" free="5741096" total="13172736" percent="43">
    <mem type="nursery" free="4015872" total="4587520" percent="87">
      <mem type="allocate" free="4015872" total="4128768" percent="97" />
      <mem type="survivor" free="0" total="458752" percent="0" />
    </mem>
    <mem type="tenure" free="1725224" total="8585216" percent="20" macro-fragmented="1500163">
      <mem type="soa" free="1640232" total="8500224" percent="19" />
      <mem type="loa" free="84992" total="84992" percent="100" />
    </mem>
    <remembered-set count="318" />
  </mem-info>
</gc-end>
<cycle-end id="844" type="scavenge" contextid="838" timestamp="2019-08-08T09:54:20.385" />
  <attribute name="elasticGC enabled" value="1" />
  <attribute name= "numThreadsSpecified" value="16" />
  <attribute name="heapSize specified" value="13041664" />
  <attribute name="Current GC Util" value="1" />
  <attribute name= "Current Time Running" value="52235" />
  <attribute name ="GC Interval" value="2153" />
  <attribute name="Target GC Util Change" value ="80.000000" />
  <attribute name="Current GC Util Change" value="1.000000"/>
  <attribute name="Current Error" value="79.000000" />
  <attribute name="Output H" value="13248512"/>
  <attribute name="Output I" value="2152"/>
  <attribute name="Output T" value="16"/>
  <attribute name= "Current Time Running" value="52235" />
  <attribute name="GC Util currently" value="1" />
  <attribute name="CPU Util currently" value="13" />
<allocation-satisfied id="845" threadId="00000000024F8B00" bytesRequested="32" />
<af-end id="846" timestamp="2019-08-08T09:54:20.385" threadId="00000000024F9488" success="true" from="nursery"/>
<exclusive-end id="847" timestamp="2019-08-08T09:54:20.385" durationms="3.083" />

<exclusive-start id="848" timestamp="2019-08-08T09:54:22.186" intervalms="1804.339">
  <response-info timems="0.030" idlems="0.030" threads="0" lastid="0000000002521D00" lastname="node-15" />
</exclusive-start>
<af-start id="849" threadId="0000000002522688" totalBytesRequested="32" timestamp="2019-08-08T09:54:22.186" intervalms="1804.141" type="nursery" />
<cycle-start id="850" type="scavenge" contextid="0" timestamp="2019-08-08T09:54:22.186" intervalms="1803.968" />
<gc-start id="851" type="scavenge" contextid="850" timestamp="2019-08-08T09:54:22.186">
  <mem-info id="852" free="1725224" total="13172736" percent="13">
    <mem type="nursery" free="0" total="4587520" percent="0">
      <mem type="allocate" free="0" total="4128768" percent="0" />
      <mem type="survivor" free="0" total="458752" percent="0" />
    </mem>
    <mem type="tenure" free="1725224" total="8585216" percent="20">
      <mem type="soa" free="1640232" total="8500224" percent="19" />
      <mem type="loa" free="84992" total="84992" percent="100" />
    </mem>
    <remembered-set count="429" />
  </mem-info>
</gc-start>
<allocation-stats totalBytes="4010504" >
  <allocated-bytes non-tlh="32" tlh="4010472" />
  <largest-consumer threadName="node-25" threadId="0000000002525900" bytes="208872" />
</allocation-stats>
<gc-op id="853" type="scavenge" timems="4.691" contextid="850" timestamp="2019-08-08T09:54:22.191">
  <scavenger-info tenureage="14" tenuremask="4000" tiltratio="90" />
  <memory-copied type="nursery" objects="5780" bytes="140432" bytesdiscarded="69232" />
</gc-op>
<gc-end id="854" type="scavenge" contextid="850" durationms="5.077" usertimems="5.785" systemtimems="7.567" timestamp="2019-08-08T09:54:22.191" activeThreads="16">
  <mem-info id="855" free="5644328" total="13172736" percent="42">
    <mem type="nursery" free="3919104" total="4587520" percent="85">
      <mem type="allocate" free="3919104" total="4128768" percent="94" />
      <mem type="survivor" free="0" total="458752" percent="0" />
    </mem>
    <mem type="tenure" free="1725224" total="8585216" percent="20" macro-fragmented="1250136">
      <mem type="soa" free="1640232" total="8500224" percent="19" />
      <mem type="loa" free="84992" total="84992" percent="100" />
    </mem>
    <remembered-set count="374" />
  </mem-info>
</gc-end>
<cycle-end id="856" type="scavenge" contextid="850" timestamp="2019-08-08T09:54:22.191" />
  <attribute name="elasticGC enabled" value="1" />
  <attribute name= "numThreadsSpecified" value="16" />
  <attribute name="heapSize specified" value="13041664" />
  <attribute name="Current GC Util" value="0" />
  <attribute name= "Current Time Running" value="54039" />
  <attribute name ="GC Interval" value="2297" />
  <attribute name="Target GC Util Change" value ="80.000000" />
  <attribute name="Current GC Util Change" value="0.000000"/>
  <attribute name="Current Error" value="159.000000" />
  <attribute name="Output H" value="13248600"/>
  <attribute name="Output I" value="2296"/>
  <attribute name="Output T" value="16"/>
  <attribute name= "Current Time Running" value="54039" />
  <attribute name="GC Util currently" value="0" />
  <attribute name="CPU Util currently" value="13" />
<allocation-satisfied id="857" threadId="0000000002521D00" bytesRequested="32" />
<af-end id="858" timestamp="2019-08-08T09:54:22.191" threadId="0000000002522688" success="true" from="nursery"/>
<exclusive-end id="859" timestamp="2019-08-08T09:54:22.191" durationms="5.376" />

<exclusive-start id="860" timestamp="2019-08-08T09:54:23.814" intervalms="1628.272">
  <response-info timems="0.023" idlems="0.023" threads="0" lastid="0000000002507A00" lastname="node-2" />
</exclusive-start>
<af-start id="861" threadId="0000000002508388" totalBytesRequested="24" timestamp="2019-08-08T09:54:23.815" intervalms="1628.319" type="nursery" />
<cycle-start id="862" type="scavenge" contextid="0" timestamp="2019-08-08T09:54:23.815" intervalms="1628.320" />
<gc-start id="863" type="scavenge" contextid="862" timestamp="2019-08-08T09:54:23.815">
  <mem-info id="864" free="1725224" total="13172736" percent="13">
    <mem type="nursery" free="0" total="4587520" percent="0">
      <mem type="allocate" free="0" total="4128768" percent="0" />
      <mem type="survivor" free="0" total="458752" percent="0" />
    </mem>
    <mem type="tenure" free="1725224" total="8585216" percent="20">
      <mem type="soa" free="1640232" total="8500224" percent="19" />
      <mem type="loa" free="84992" total="84992" percent="100" />
    </mem>
    <remembered-set count="459" />
  </mem-info>
</gc-start>
<allocation-stats totalBytes="3914864" >
  <allocated-bytes non-tlh="32" tlh="3914832" />
  <largest-consumer threadName="node-8" threadId="000000000250B600" bytes="208712" />
</allocation-stats>
<gc-op id="865" type="scavenge" timems="3.680" contextid="862" timestamp="2019-08-08T09:54:23.818">
  <scavenger-info tenureage="14" tenuremask="4000" tiltratio="90" />
  <memory-copied type="nursery" objects="7921" bytes="191824" bytesdiscarded="66224" />
</gc-op>
<gc-end id="866" type="scavenge" contextid="862" durationms="4.092" usertimems="7.972" systemtimems="5.690" timestamp="2019-08-08T09:54:23.819" activeThreads="16">
  <mem-info id="867" free="5595944" total="13172736" percent="42">
    <mem type="nursery" free="3870720" total="4587520" percent="84">
      <mem type="allocate" free="3870720" total="4128768" percent="93" />
      <mem type="survivor" free="0" total="458752" percent="0" />
    </mem>
    <mem type="tenure" free="1725224" total="8585216" percent="20" macro-fragmented="1500163">
      <mem type="soa" free="1640232" total="8500224" percent="19" />
      <mem type="loa" free="84992" total="84992" percent="100" />
    </mem>
    <remembered-set count="403" />
  </mem-info>
</gc-end>
<cycle-end id="868" type="scavenge" contextid="862" timestamp="2019-08-08T09:54:23.819" />
  <attribute name="elasticGC enabled" value="1" />
  <attribute name= "numThreadsSpecified" value="16" />
  <attribute name="heapSize specified" value="13041664" />
  <attribute name="Current GC Util" value="0" />
  <attribute name= "Current Time Running" value="55667" />
  <attribute name ="GC Interval" value="2441" />
  <attribute name="Target GC Util Change" value ="80.000000" />
  <attribute name="Current GC Util Change" value="0.000000"/>
  <attribute name="Current Error" value="239.000000" />
  <attribute name="Output H" value="13248696"/>
  <attribute name="Output I" value="2440"/>
  <attribute name="Output T" value="16"/>
  <attribute name= "Current Time Running" value="55667" />
  <attribute name="GC Util currently" value="0" />
  <attribute name="CPU Util currently" value="12" />
<allocation-satisfied id="869" threadId="0000000002507A00" bytesRequested="24" />
<af-end id="870" timestamp="2019-08-08T09:54:23.819" threadId="0000000002508388" success="true" from="nursery"/>
<exclusive-end id="871" timestamp="2019-08-08T09:54:23.819" durationms="4.417" />

<exclusive-start id="872" timestamp="2019-08-08T09:54:25.176" intervalms="1362.030">
  <response-info timems="0.483" idlems="0.483" threads="0" lastid="00000000024E5F00" lastname="node-11" />
</exclusive-start>
<af-start id="873" threadId="00000000024E6888" totalBytesRequested="32" timestamp="2019-08-08T09:54:25.176" intervalms="1361.938" type="nursery" />
<cycle-start id="874" type="scavenge" contextid="0" timestamp="2019-08-08T09:54:25.176" intervalms="1361.940" />
<gc-start id="875" type="scavenge" contextid="874" timestamp="2019-08-08T09:54:25.177">
  <mem-info id="876" free="1725224" total="13172736" percent="13">
    <mem type="nursery" free="0" total="4587520" percent="0">
      <mem type="allocate" free="0" total="4128768" percent="0" />
      <mem type="survivor" free="0" total="458752" percent="0" />
    </mem>
    <mem type="tenure" free="1725224" total="8585216" percent="20">
      <mem type="soa" free="1640232" total="8500224" percent="19" />
      <mem type="loa" free="84992" total="84992" percent="100" />
    </mem>
    <remembered-set count="487" />
  </mem-info>
</gc-start>
<allocation-stats totalBytes="3867880" >
  <allocated-bytes non-tlh="24" tlh="3867856" />
  <largest-consumer threadName="node-9" threadId="00000000024DE700" bytes="208832" />
</allocation-stats>
<gc-op id="877" type="scavenge" timems="3.811" contextid="874" timestamp="2019-08-08T09:54:25.180">
  <scavenger-info tenureage="3" tenuremask="4008" tiltratio="90" />
  <memory-copied type="nursery" objects="6658" bytes="161560" bytesdiscarded="48104" />
  <memory-copied type="tenure" objects="3026" bytes="72624" bytesdiscarded="0" />
</gc-op>
<gc-end id="878" type="scavenge" contextid="874" durationms="4.073" usertimems="6.558" systemtimems="3.990" timestamp="2019-08-08T09:54:25.181" activeThreads="16">
  <mem-info id="879" free="5563688" total="13172736" percent="42">
    <mem type="nursery" free="3919104" total="4587520" percent="85">
      <mem type="allocate" free="3919104" total="4128768" percent="94" />
      <mem type="survivor" free="0" total="458752" percent="0" />
    </mem>
    <mem type="tenure" free="1644584" total="8585216" percent="19" macro-fragmented="1500163">
      <mem type="soa" free="1559592" total="8500224" percent="18" />
      <mem type="loa" free="84992" total="84992" percent="100" />
    </mem>
    <remembered-set count="393" />
  </mem-info>
</gc-end>
<cycle-end id="880" type="scavenge" contextid="874" timestamp="2019-08-08T09:54:25.181" />
  <attribute name="elasticGC enabled" value="1" />
  <attribute name= "numThreadsSpecified" value="16" />
  <attribute name="heapSize specified" value="13041664" />
  <attribute name="Current GC Util" value="0" />
  <attribute name= "Current Time Running" value="57029" />
  <attribute name ="GC Interval" value="2585" />
  <attribute name="Target GC Util Change" value ="80.000000" />
  <attribute name="Current GC Util Change" value="0.000000"/>
  <attribute name="Current Error" value="319.000000" />
  <attribute name="Output H" value="13248784"/>
  <attribute name="Output I" value="2584"/>
  <attribute name="Output T" value="16"/>
  <attribute name= "Current Time Running" value="57029" />
  <attribute name="GC Util currently" value="0" />
  <attribute name="CPU Util currently" value="11" />
<allocation-satisfied id="881" threadId="00000000024E5F00" bytesRequested="32" />
<af-end id="882" timestamp="2019-08-08T09:54:25.181" threadId="00000000024E6888" success="true" from="nursery"/>
<exclusive-end id="883" timestamp="2019-08-08T09:54:25.181" durationms="4.316" />

<exclusive-start id="884" timestamp="2019-08-08T09:54:26.987" intervalms="1810.743">
  <response-info timems="0.031" idlems="0.018" threads="1" lastid="00000000024ED700" lastname="node-21" />
</exclusive-start>
<af-start id="885" threadId="0000000002535288" totalBytesRequested="48" timestamp="2019-08-08T09:54:26.987" intervalms="1810.831" type="nursery" />
<cycle-start id="886" type="scavenge" contextid="0" timestamp="2019-08-08T09:54:26.987" intervalms="1810.827" />
<gc-start id="887" type="scavenge" contextid="886" timestamp="2019-08-08T09:54:26.987">
  <mem-info id="888" free="1644584" total="13172736" percent="12">
    <mem type="nursery" free="0" total="4587520" percent="0">
      <mem type="allocate" free="0" total="4128768" percent="0" />
      <mem type="survivor" free="0" total="458752" percent="0" />
    </mem>
    <mem type="tenure" free="1644584" total="8585216" percent="19">
      <mem type="soa" free="1559592" total="8500224" percent="18" />
      <mem type="loa" free="84992" total="84992" percent="100" />
    </mem>
    <remembered-set count="475" />
  </mem-info>
</gc-start>
<allocation-stats totalBytes="3916736" >
  <allocated-bytes non-tlh="32" tlh="3916704" />
  <largest-consumer threadName="node-9" threadId="00000000024DE700" bytes="208856" />
</allocation-stats>
<gc-op id="889" type="scavenge" timems="4.580" contextid="886" timestamp="2019-08-08T09:54:26.992">
  <scavenger-info tenureage="3" tenuremask="4008" tiltratio="90" />
  <memory-copied type="nursery" objects="6585" bytes="160864" bytesdiscarded="81056" />
  <memory-copied type="tenure" objects="2612" bytes="62688" bytesdiscarded="0" />
</gc-op>
<gc-end id="890" type="scavenge" contextid="886" durationms="5.001" usertimems="0.000" systemtimems="7.291" timestamp="2019-08-08T09:54:26.992" activeThreads="16">
  <mem-info id="891" free="5466920" total="13172736" percent="41">
    <mem type="nursery" free="3886848" total="4587520" percent="84">
      <mem type="allocate" free="3886848" total="4128768" percent="94" />
      <mem type="survivor" free="0" total="458752" percent="0" />
    </mem>
    <mem type="tenure" free="1580072" total="8585216" percent="18" macro-fragmented="1250136">
      <mem type="soa" free="1495080" total="8500224" percent="17" />
      <mem type="loa" free="84992" total="84992" percent="100" />
    </mem>
    <remembered-set count="360" />
  </mem-info>
</gc-end>
<cycle-end id="892" type="scavenge" contextid="886" timestamp="2019-08-08T09:54:26.992" />
  <attribute name="elasticGC enabled" value="1" />
  <attribute name= "numThreadsSpecified" value="16" />
  <attribute name="heapSize specified" value="13041664" />
  <attribute name="Current GC Util" value="0" />
  <attribute name= "Current Time Running" value="58840" />
  <attribute name ="GC Interval" value="2721" />
  <attribute name="Target GC Util Change" value ="80.000000" />
  <attribute name="Current GC Util Change" value="0.000000"/>
  <attribute name="Current Error" value="399.000000" />
  <attribute name="Output H" value="13248880"/>
  <attribute name="Output I" value="2720"/>
  <attribute name="Output T" value="16"/>
  <attribute name= "Current Time Running" value="58840" />
  <attribute name="GC Util currently" value="0" />
  <attribute name="CPU Util currently" value="13" />
<allocation-satisfied id="893" threadId="0000000002534900" bytesRequested="48" />
<af-end id="894" timestamp="2019-08-08T09:54:26.992" threadId="0000000002535288" success="true" from="nursery"/>
<exclusive-end id="895" timestamp="2019-08-08T09:54:26.992" durationms="5.317" />

<exclusive-start id="896" timestamp="2019-08-08T09:54:28.757" intervalms="1769.623">
  <response-info timems="0.024" idlems="0.024" threads="0" lastid="00000000024ED700" lastname="node-21" />
</exclusive-start>
<af-start id="897" threadId="00000000024EE088" totalBytesRequested="16" timestamp="2019-08-08T09:54:28.757" intervalms="1769.654" type="nursery" />
<cycle-start id="898" type="scavenge" contextid="0" timestamp="2019-08-08T09:54:28.757" intervalms="1769.655" />
<gc-start id="899" type="scavenge" contextid="898" timestamp="2019-08-08T09:54:28.757">
  <mem-info id="900" free="1580072" total="13172736" percent="11">
    <mem type="nursery" free="0" total="4587520" percent="0">
      <mem type="allocate" free="0" total="4128768" percent="0" />
      <mem type="survivor" free="0" total="458752" percent="0" />
    </mem>
    <mem type="tenure" free="1580072" total="8585216" percent="18">
      <mem type="soa" free="1495080" total="8500224" percent="17" />
      <mem type="loa" free="84992" total="84992" percent="100" />
    </mem>
    <remembered-set count="475" />
  </mem-info>
</gc-start>
<allocation-stats totalBytes="3884648" >
  <allocated-bytes non-tlh="48" tlh="3884600" />
  <largest-consumer threadName="node-9" threadId="00000000024DE700" bytes="208856" />
</allocation-stats>
<gc-op id="901" type="scavenge" timems="3.149" contextid="898" timestamp="2019-08-08T09:54:28.760">
  <scavenger-info tenureage="3" tenuremask="4008" tiltratio="90" />
  <memory-copied type="nursery" objects="6749" bytes="165408" bytesdiscarded="76512" />
  <memory-copied type="tenure" objects="2142" bytes="51408" bytesdiscarded="0" />
</gc-op>
<gc-end id="902" type="scavenge" contextid="898" durationms="3.753" usertimems="7.569" systemtimems="3.305" timestamp="2019-08-08T09:54:28.761" activeThreads="16">
  <mem-info id="903" free="5402408" total="13172736" percent="41">
    <mem type="nursery" free="3886848" total="4587520" percent="84">
      <mem type="allocate" free="3886848" total="4128768" percent="94" />
      <mem type="survivor" free="0" total="458752" percent="0" />
    </mem>
    <mem type="tenure" free="1515560" total="8585216" percent="17" macro-fragmented="868149">
      <mem type="soa" free="1430568" total="8500224" percent="16" />
      <mem type="loa" free="84992" total="84992" percent="100" />
    </mem>
    <remembered-set count="375" />
  </mem-info>
</gc-end>
<cycle-end id="904" type="scavenge" contextid="898" timestamp="2019-08-08T09:54:28.761" />
  <attribute name="elasticGC enabled" value="1" />
  <attribute name= "numThreadsSpecified" value="16" />
  <attribute name="heapSize specified" value="13041664" />
  <attribute name="Current GC Util" value="0" />
  <attribute name= "Current Time Running" value="60609" />
  <attribute name ="GC Interval" value="2865" />
  <attribute name="Target GC Util Change" value ="80.000000" />
  <attribute name="Current GC Util Change" value="0.000000"/>
  <attribute name="Current Error" value="479.000000" />
  <attribute name="Output H" value="13248976"/>
  <attribute name="Output I" value="2864"/>
  <attribute name="Output T" value="16"/>
  <attribute name= "Current Time Running" value="60609" />
  <attribute name="GC Util currently" value="0" />
  <attribute name="CPU Util currently" value="12" />
<allocation-satisfied id="905" threadId="00000000024ED700" bytesRequested="16" />
<af-end id="906" timestamp="2019-08-08T09:54:28.761" threadId="00000000024EE088" success="true" from="nursery"/>
<exclusive-end id="907" timestamp="2019-08-08T09:54:28.761" durationms="4.151" />

<exclusive-start id="908" timestamp="2019-08-08T09:54:30.179" intervalms="1422.482">
  <response-info timems="0.187" idlems="0.187" threads="0" lastid="00000000024DE700" lastname="node-9" />
</exclusive-start>
<af-start id="909" threadId="00000000024DF088" totalBytesRequested="720" timestamp="2019-08-08T09:54:30.179" intervalms="1422.366" type="nursery" />
<cycle-start id="910" type="scavenge" contextid="0" timestamp="2019-08-08T09:54:30.179" intervalms="1422.363" />
<gc-start id="911" type="scavenge" contextid="910" timestamp="2019-08-08T09:54:30.179">
  <mem-info id="912" free="1515560" total="13172736" percent="11">
    <mem type="nursery" free="0" total="4587520" percent="0">
      <mem type="allocate" free="0" total="4128768" percent="0" />
      <mem type="survivor" free="0" total="458752" percent="0" />
    </mem>
    <mem type="tenure" free="1515560" total="8585216" percent="17">
      <mem type="soa" free="1430568" total="8500224" percent="16" />
      <mem type="loa" free="84992" total="84992" percent="100" />
    </mem>
    <remembered-set count="476" />
  </mem-info>
</gc-start>
<allocation-stats totalBytes="3881584" >
  <allocated-bytes non-tlh="16" tlh="3881568" />
  <largest-consumer threadName="node-7" threadId="0000000002503E00" bytes="208568" />
</allocation-stats>
<gc-op id="913" type="scavenge" timems="3.052" contextid="910" timestamp="2019-08-08T09:54:30.182">
  <scavenger-info tenureage="14" tenuremask="4000" tiltratio="90" />
  <memory-copied type="nursery" objects="8757" bytes="223584" bytesdiscarded="66720" />
</gc-op>
<gc-end id="914" type="scavenge" contextid="910" durationms="3.626" usertimems="2.934" systemtimems="3.238" timestamp="2019-08-08T09:54:30.183" activeThreads="16">
  <mem-info id="915" free="5354024" total="13172736" percent="40">
    <mem type="nursery" free="3838464" total="4587520" percent="83">
      <mem type="allocate" free="3838464" total="4128768" percent="92" />
      <mem type="survivor" free="0" total="458752" percent="0" />
    </mem>
    <mem type="tenure" free="1515560" total="8585216" percent="17" macro-fragmented="1041779">
      <mem type="soa" free="1430568" total="8500224" percent="16" />
      <mem type="loa" free="84992" total="84992" percent="100" />
    </mem>
    <remembered-set count="405" />
  </mem-info>
</gc-end>
<cycle-end id="916" type="scavenge" contextid="910" timestamp="2019-08-08T09:54:30.183" />
  <attribute name="elasticGC enabled" value="1" />
  <attribute name= "numThreadsSpecified" value="16" />
  <attribute name="heapSize specified" value="13041664" />
  <attribute name="Current GC Util" value="0" />
  <attribute name= "Current Time Running" value="62032" />
  <attribute name ="GC Interval" value="2153" />
  <attribute name="Target GC Util Change" value ="80.000000" />
  <attribute name="Current GC Util Change" value="0.000000"/>
  <attribute name="Current Error" value="80.000000" />
  <attribute name="Output H" value="13248512"/>
  <attribute name="Output I" value="2152"/>
  <attribute name="Output T" value="16"/>
  <attribute name= "Current Time Running" value="62032" />
  <attribute name="GC Util currently" value="0" />
  <attribute name="CPU Util currently" value="11" />
<allocation-satisfied id="917" threadId="00000000024DE700" bytesRequested="720" />
<af-end id="918" timestamp="2019-08-08T09:54:30.183" threadId="00000000024DF088" success="true" from="nursery"/>
<exclusive-end id="919" timestamp="2019-08-08T09:54:30.183" durationms="3.918" />

<exclusive-start id="920" timestamp="2019-08-08T09:54:31.566" intervalms="1386.610">
  <response-info timems="0.023" idlems="0.023" threads="0" lastid="00000000024DE700" lastname="node-9" />
</exclusive-start>
<af-start id="921" threadId="00000000024DF088" totalBytesRequested="16" timestamp="2019-08-08T09:54:31.566" intervalms="1386.635" type="nursery" />
<cycle-start id="922" type="scavenge" contextid="0" timestamp="2019-08-08T09:54:31.566" intervalms="1386.643" />
<gc-start id="923" type="scavenge" contextid="922" timestamp="2019-08-08T09:54:31.566">
  <mem-info id="924" free="1515560" total="13172736" percent="11">
    <mem type="nursery" free="0" total="4587520" percent="0">
      <mem type="allocate" free="0" total="4128768" percent="0" />
      <mem type="survivor" free="0" total="458752" percent="0" />
    </mem>
    <mem type="tenure" free="1515560" total="8585216" percent="17">
      <mem type="soa" free="1430568" total="8500224" percent="16" />
      <mem type="loa" free="84992" total="84992" percent="100" />
    </mem>
    <remembered-set count="503" />
  </mem-info>
</gc-start>
<allocation-stats totalBytes="3837248" >
  <allocated-bytes non-tlh="720" tlh="3836528" />
  <largest-consumer threadName="node-7" threadId="0000000002503E00" bytes="208896" />
</allocation-stats>
<gc-op id="925" type="scavenge" timems="5.972" contextid="922" timestamp="2019-08-08T09:54:31.572">
  <scavenger-info tenureage="3" tenuremask="4018" tiltratio="90" />
  <memory-copied type="nursery" objects="6107" bytes="164792" bytesdiscarded="61000" />
  <memory-copied type="tenure" objects="4311" bytes="103464" bytesdiscarded="0" />
</gc-op>
<gc-end id="926" type="scavenge" contextid="922" durationms="6.431" usertimems="1.515" systemtimems="9.555" timestamp="2019-08-08T09:54:31.572" activeThreads="16">
  <mem-info id="927" free="5305640" total="13172736" percent="40">
    <mem type="nursery" free="3902976" total="4587520" percent="85">
      <mem type="allocate" free="3902976" total="4128768" percent="94" />
      <mem type="survivor" free="0" total="458752" percent="0" />
    </mem>
    <mem type="tenure" free="1402664" total="8585216" percent="16" macro-fragmented="1250136">
      <mem type="soa" free="1317672" total="8500224" percent="15" />
      <mem type="loa" free="84992" total="84992" percent="100" />
    </mem>
    <remembered-set count="373" />
  </mem-info>
</gc-end>
<cycle-end id="928" type="scavenge" contextid="922" timestamp="2019-08-08T09:54:31.572" />
  <attribute name="elasticGC enabled" value="1" />
  <attribute name= "numThreadsSpecified" value="16" />
  <attribute name="heapSize specified" value="13041664" />
  <attribute name="Current GC Util" value="0" />
  <attribute name= "Current Time Running" value="63418" />
  <attribute name ="GC Interval" value="2297" />
  <attribute name="Target GC Util Change" value ="80.000000" />
  <attribute name="Current GC Util Change" value="0.000000"/>
  <attribute name="Current Error" value="160.000000" />
  <attribute name="Output H" value="13248600"/>
  <attribute name="Output I" value="2296"/>
  <attribute name="Output T" value="16"/>
  <attribute name= "Current Time Running" value="63418" />
  <attribute name="GC Util currently" value="0" />
  <attribute name="CPU Util currently" value="11" />
<allocation-satisfied id="929" threadId="00000000024DE700" bytesRequested="16" />
<af-end id="930" timestamp="2019-08-08T09:54:31.573" threadId="00000000024DF088" success="true" from="nursery"/>
<exclusive-end id="931" timestamp="2019-08-08T09:54:31.573" durationms="6.661" />

<exclusive-start id="932" timestamp="2019-08-08T09:54:32.949" intervalms="1383.107">
  <response-info timems="0.143" idlems="0.087" threads="2" lastid="0000000002530D00" lastname="node-3" />
</exclusive-start>
<af-start id="933" threadId="0000000002522688" totalBytesRequested="16" timestamp="2019-08-08T09:54:32.949" intervalms="1383.077" type="nursery" />
<cycle-start id="934" type="scavenge" contextid="0" timestamp="2019-08-08T09:54:32.949" intervalms="1383.071" />
<gc-start id="935" type="scavenge" contextid="934" timestamp="2019-08-08T09:54:32.949">
  <mem-info id="936" free="1402664" total="13172736" percent="10">
    <mem type="nursery" free="0" total="4587520" percent="0">
      <mem type="allocate" free="0" total="4128768" percent="0" />
      <mem type="survivor" free="0" total="458752" percent="0" />
    </mem>
    <mem type="tenure" free="1402664" total="8585216" percent="16">
      <mem type="soa" free="1317672" total="8500224" percent="15" />
      <mem type="loa" free="84992" total="84992" percent="100" />
    </mem>
    <remembered-set count="472" />
  </mem-info>
</gc-start>
<allocation-stats totalBytes="3897040" >
  <allocated-bytes non-tlh="16" tlh="3897024" />
  <largest-consumer threadName="node-7" threadId="0000000002503E00" bytes="208880" />
</allocation-stats>
<gc-op id="937" type="scavenge" timems="3.422" contextid="934" timestamp="2019-08-08T09:54:32.953">
  <scavenger-info tenureage="3" tenuremask="4008" tiltratio="90" />
  <memory-copied type="nursery" objects="5678" bytes="150976" bytesdiscarded="58688" />
  <memory-copied type="tenure" objects="2287" bytes="54888" bytesdiscarded="0" />
</gc-op>
<gc-end id="938" type="scavenge" contextid="934" durationms="3.789" usertimems="0.950" systemtimems="5.833" timestamp="2019-08-08T09:54:32.953" activeThreads="16">
  <mem-info id="939" free="5257256" total="13172736" percent="39">
    <mem type="nursery" free="3919104" total="4587520" percent="85">
      <mem type="allocate" free="3919104" total="4128768" percent="94" />
      <mem type="survivor" free="0" total="458752" percent="0" />
    </mem>
    <mem type="tenure" free="1338152" total="8585216" percent="15" macro-fragmented="1250136">
      <mem type="soa" free="1253160" total="8500224" percent="14" />
      <mem type="loa" free="84992" total="84992" percent="100" />
    </mem>
    <remembered-set count="365" />
  </mem-info>
</gc-end>
<cycle-end id="940" type="scavenge" contextid="934" timestamp="2019-08-08T09:54:32.953" />
  <attribute name="elasticGC enabled" value="1" />
  <attribute name= "numThreadsSpecified" value="16" />
  <attribute name="heapSize specified" value="13041664" />
  <attribute name="Current GC Util" value="0" />
  <attribute name= "Current Time Running" value="64801" />
  <attribute name ="GC Interval" value="2441" />
  <attribute name="Target GC Util Change" value ="80.000000" />
  <attribute name="Current GC Util Change" value="0.000000"/>
  <attribute name="Current Error" value="240.000000" />
  <attribute name="Output H" value="13248696"/>
  <attribute name="Output I" value="2440"/>
  <attribute name="Output T" value="16"/>
  <attribute name= "Current Time Running" value="64801" />
  <attribute name="GC Util currently" value="0" />
  <attribute name="CPU Util currently" value="11" />
<allocation-satisfied id="941" threadId="0000000002521D00" bytesRequested="16" />
<af-end id="942" timestamp="2019-08-08T09:54:32.953" threadId="0000000002522688" success="true" from="nursery"/>
<exclusive-end id="943" timestamp="2019-08-08T09:54:32.953" durationms="3.985" />

<exclusive-start id="944" timestamp="2019-08-08T09:54:34.355" intervalms="1406.440">
  <response-info timems="0.061" idlems="0.061" threads="0" lastid="00000000024E5F00" lastname="node-11" />
</exclusive-start>
<af-start id="945" threadId="00000000024E6888" totalBytesRequested="720" timestamp="2019-08-08T09:54:34.356" intervalms="1406.936" type="nursery" />
<cycle-start id="946" type="scavenge" contextid="0" timestamp="2019-08-08T09:54:34.357" intervalms="1407.626" />
<gc-start id="947" type="scavenge" contextid="946" timestamp="2019-08-08T09:54:34.357">
  <mem-info id="948" free="1338152" total="13172736" percent="10">
    <mem type="nursery" free="0" total="4587520" percent="0">
      <mem type="allocate" free="0" total="4128768" percent="0" />
      <mem type="survivor" free="0" total="458752" percent="0" />
    </mem>
    <mem type="tenure" free="1338152" total="8585216" percent="15">
      <mem type="soa" free="1253160" total="8500224" percent="14" />
      <mem type="loa" free="84992" total="84992" percent="100" />
    </mem>
    <remembered-set count="466" />
  </mem-info>
</gc-start>
<allocation-stats totalBytes="3917632" >
  <allocated-bytes non-tlh="16" tlh="3917616" />
  <largest-consumer threadName="node-20" threadId="0000000002500200" bytes="208840" />
</allocation-stats>
<gc-op id="949" type="scavenge" timems="1.618" contextid="946" timestamp="2019-08-08T09:54:34.358">
  <scavenger-info tenureage="14" tenuremask="4000" tiltratio="90" />
  <memory-copied type="nursery" objects="7664" bytes="187024" bytesdiscarded="71024" />
</gc-op>
<gc-end id="950" type="scavenge" contextid="946" durationms="2.354" usertimems="1.230" systemtimems="2.461" timestamp="2019-08-08T09:54:34.359" activeThreads="16">
  <mem-info id="951" free="5208872" total="13172736" percent="39">
    <mem type="nursery" free="3870720" total="4587520" percent="84">
      <mem type="allocate" free="3870720" total="4128768" percent="93" />
      <mem type="survivor" free="0" total="458752" percent="0" />
    </mem>
    <mem type="tenure" free="1338152" total="8585216" percent="15" macro-fragmented="1041779">
      <mem type="soa" free="1253160" total="8500224" percent="14" />
      <mem type="loa" free="84992" total="84992" percent="100" />
    </mem>
    <remembered-set count="394" />
  </mem-info>
</gc-end>
<cycle-end id="952" type="scavenge" contextid="946" timestamp="2019-08-08T09:54:34.359" />
  <attribute name="elasticGC enabled" value="1" />
  <attribute name= "numThreadsSpecified" value="16" />
  <attribute name="heapSize specified" value="13041664" />
  <attribute name="Current GC Util" value="0" />
  <attribute name= "Current Time Running" value="66209" />
  <attribute name ="GC Interval" value="2585" />
  <attribute name="Target GC Util Change" value ="80.000000" />
  <attribute name="Current GC Util Change" value="0.000000"/>
  <attribute name="Current Error" value="320.000000" />
  <attribute name="Output H" value="13248792"/>
  <attribute name="Output I" value="2584"/>
  <attribute name="Output T" value="16"/>
  <attribute name= "Current Time Running" value="66209" />
  <attribute name="GC Util currently" value="0" />
  <attribute name="CPU Util currently" value="11" />
<allocation-satisfied id="953" threadId="00000000024E5F00" bytesRequested="720" />
<af-end id="954" timestamp="2019-08-08T09:54:34.359" threadId="00000000024E6888" success="true" from="nursery"/>
<exclusive-end id="955" timestamp="2019-08-08T09:54:34.359" durationms="3.740" />

<exclusive-start id="956" timestamp="2019-08-08T09:54:35.969" intervalms="1614.058">
  <response-info timems="0.027" idlems="0.027" threads="0" lastid="00000000024DE700" lastname="node-9" />
</exclusive-start>
<af-start id="957" threadId="00000000024DF088" totalBytesRequested="32" timestamp="2019-08-08T09:54:35.970" intervalms="1613.706" type="nursery" />
<cycle-start id="958" type="scavenge" contextid="0" timestamp="2019-08-08T09:54:35.970" intervalms="1613.032" />
<gc-start id="959" type="scavenge" contextid="958" timestamp="2019-08-08T09:54:35.970">
  <mem-info id="960" free="1338152" total="13172736" percent="10">
    <mem type="nursery" free="0" total="4587520" percent="0">
      <mem type="allocate" free="0" total="4128768" percent="0" />
      <mem type="survivor" free="0" total="458752" percent="0" />
    </mem>
    <mem type="tenure" free="1338152" total="8585216" percent="15">
      <mem type="soa" free="1253160" total="8500224" percent="14" />
      <mem type="loa" free="84992" total="84992" percent="100" />
    </mem>
    <remembered-set count="494" />
  </mem-info>
</gc-start>
<allocation-stats totalBytes="3868240" >
  <allocated-bytes non-tlh="720" tlh="3867520" />
  <largest-consumer threadName="node-8" threadId="000000000250B600" bytes="208728" />
</allocation-stats>
<gc-op id="961" type="scavenge" timems="6.158" contextid="958" timestamp="2019-08-08T09:54:35.976">
  <scavenger-info tenureage="4" tenuremask="4010" tiltratio="90" />
  <memory-copied type="nursery" objects="7875" bytes="190712" bytesdiscarded="35080" />
  <memory-copied type="tenure" objects="1982" bytes="47568" bytesdiscarded="0" />
</gc-op>
<gc-end id="962" type="scavenge" contextid="958" durationms="6.873" usertimems="3.077" systemtimems="6.157" timestamp="2019-08-08T09:54:35.977" activeThreads="16">
  <mem-info id="963" free="5192744" total="13172736" percent="39">
    <mem type="nursery" free="3902976" total="4587520" percent="85">
      <mem type="allocate" free="3902976" total="4128768" percent="94" />
      <mem type="survivor" free="0" total="458752" percent="0" />
    </mem>
    <mem type="tenure" free="1289768" total="8585216" percent="15" macro-fragmented="1041779">
      <mem type="soa" free="1204776" total="8500224" percent="14" />
      <mem type="loa" free="84992" total="84992" percent="100" />
    </mem>
    <remembered-set count="397" />
  </mem-info>
</gc-end>
<cycle-end id="964" type="scavenge" contextid="958" timestamp="2019-08-08T09:54:35.977" />
  <attribute name="elasticGC enabled" value="1" />
  <attribute name= "numThreadsSpecified" value="16" />
  <attribute name="heapSize specified" value="13041664" />
  <attribute name="Current GC Util" value="0" />
  <attribute name= "Current Time Running" value="67822" />
  <attribute name ="GC Interval" value="2729" />
  <attribute name="Target GC Util Change" value ="80.000000" />
  <attribute name="Current GC Util Change" value="0.000000"/>
  <attribute name="Current Error" value="400.000000" />
  <attribute name="Output H" value="13248880"/>
  <attribute name="Output I" value="2728"/>
  <attribute name="Output T" value="16"/>
  <attribute name= "Current Time Running" value="67822" />
  <attribute name="GC Util currently" value="0" />
  <attribute name="CPU Util currently" value="13" />
<allocation-satisfied id="965" threadId="00000000024DE700" bytesRequested="32" />
<af-end id="966" timestamp="2019-08-08T09:54:35.977" threadId="00000000024DF088" success="true" from="nursery"/>
<exclusive-end id="967" timestamp="2019-08-08T09:54:35.977" durationms="7.440" />

<exclusive-start id="968" timestamp="2019-08-08T09:54:37.575" intervalms="1605.084">
  <response-info timems="0.404" idlems="0.404" threads="0" lastid="00000000024F1300" lastname="node-14" />
</exclusive-start>
<af-start id="969" threadId="00000000024F1C88" totalBytesRequested="32" timestamp="2019-08-08T09:54:37.575" intervalms="1604.968" type="nursery" />
<cycle-start id="970" type="scavenge" contextid="0" timestamp="2019-08-08T09:54:37.575" intervalms="1604.982" />
<gc-start id="971" type="scavenge" contextid="970" timestamp="2019-08-08T09:54:37.575">
  <mem-info id="972" free="1289768" total="13172736" percent="9">
    <mem type="nursery" free="0" total="4587520" percent="0">
      <mem type="allocate" free="0" total="4128768" percent="0" />
      <mem type="survivor" free="0" total="458752" percent="0" />
    </mem>
    <mem type="tenure" free="1289768" total="8585216" percent="15">
      <mem type="soa" free="1204776" total="8500224" percent="14" />
      <mem type="loa" free="84992" total="84992" percent="100" />
    </mem>
    <remembered-set count="500" />
  </mem-info>
</gc-start>
<allocation-stats totalBytes="3900776" >
  <allocated-bytes non-tlh="32" tlh="3900744" />
  <largest-consumer threadName="node-8" threadId="000000000250B600" bytes="208592" />
</allocation-stats>
<gc-op id="973" type="scavenge" timems="4.195" contextid="970" timestamp="2019-08-08T09:54:37.580">
  <scavenger-info tenureage="4" tenuremask="4010" tiltratio="90" />
  <memory-copied type="nursery" objects="8389" bytes="203048" bytesdiscarded="55000" />
  <memory-copied type="tenure" objects="1651" bytes="39624" bytesdiscarded="0" />
</gc-op>
<gc-end id="974" type="scavenge" contextid="970" durationms="4.485" usertimems="2.544" systemtimems="3.778" timestamp="2019-08-08T09:54:37.580" activeThreads="16">
  <mem-info id="975" free="5112104" total="13172736" percent="38">
    <mem type="nursery" free="3870720" total="4587520" percent="84">
      <mem type="allocate" free="3870720" total="4128768" percent="93" />
      <mem type="survivor" free="0" total="458752" percent="0" />
    </mem>
    <mem type="tenure" free="1241384" total="8585216" percent="14" macro-fragmented="0">
      <mem type="soa" free="1156392" total="8500224" percent="13" />
      <mem type="loa" free="84992" total="84992" percent="100" />
    </mem>
    <remembered-set count="418" />
  </mem-info>
</gc-end>
<cycle-end id="976" type="scavenge" contextid="970" timestamp="2019-08-08T09:54:37.580" />
  <attribute name="elasticGC enabled" value="1" />
  <attribute name= "numThreadsSpecified" value="16" />
  <attribute name="heapSize specified" value="13041664" />
  <attribute name="Current GC Util" value="0" />
  <attribute name= "Current Time Running" value="69428" />
  <attribute name ="GC Interval" value="2873" />
  <attribute name="Target GC Util Change" value ="80.000000" />
  <attribute name="Current GC Util Change" value="0.000000"/>
  <attribute name="Current Error" value="480.000000" />
  <attribute name="Output H" value="13248976"/>
  <attribute name="Output I" value="2872"/>
  <attribute name="Output T" value="16"/>
  <attribute name= "Current Time Running" value="69428" />
  <attribute name="GC Util currently" value="0" />
  <attribute name="CPU Util currently" value="11" />
<allocation-satisfied id="977" threadId="00000000024F1300" bytesRequested="32" />
<af-end id="978" timestamp="2019-08-08T09:54:37.580" threadId="00000000024F1C88" success="true" from="nursery"/>
<exclusive-end id="979" timestamp="2019-08-08T09:54:37.580" durationms="5.400" />

<exclusive-start id="980" timestamp="2019-08-08T09:54:38.830" intervalms="1255.043">
  <response-info timems="1.309" idlems="1.309" threads="0" lastid="00000000024DE700" lastname="node-9" />
</exclusive-start>
<af-start id="981" threadId="00000000024DF088" totalBytesRequested="16" timestamp="2019-08-08T09:54:38.830" intervalms="1255.017" type="nursery" />
<cycle-start id="982" type="scavenge" contextid="0" timestamp="2019-08-08T09:54:38.830" intervalms="1254.989" />
<gc-start id="983" type="scavenge" contextid="982" timestamp="2019-08-08T09:54:38.830">
  <mem-info id="984" free="1241384" total="13172736" percent="9">
    <mem type="nursery" free="0" total="4587520" percent="0">
      <mem type="allocate" free="0" total="4128768" percent="0" />
      <mem type="survivor" free="0" total="458752" percent="0" />
    </mem>
    <mem type="tenure" free="1241384" total="8585216" percent="14">
      <mem type="soa" free="1156392" total="8500224" percent="13" />
      <mem type="loa" free="84992" total="84992" percent="100" />
    </mem>
    <remembered-set count="498" />
  </mem-info>
</gc-start>
<allocation-stats totalBytes="3865528" >
  <allocated-bytes non-tlh="32" tlh="3865496" />
  <largest-consumer threadName="node-7" threadId="0000000002503E00" bytes="208744" />
</allocation-stats>
<gc-op id="985" type="scavenge" timems="4.697" contextid="982" timestamp="2019-08-08T09:54:38.834">
  <scavenger-info tenureage="4" tenuremask="4010" tiltratio="90" />
  <memory-copied type="nursery" objects="8218" bytes="213248" bytesdiscarded="77056" />
  <memory-copied type="tenure" objects="1867" bytes="44808" bytesdiscarded="0" />
</gc-op>
<gc-end id="986" type="scavenge" contextid="982" durationms="4.884" usertimems="3.310" systemtimems="7.899" timestamp="2019-08-08T09:54:38.835" activeThreads="16">
  <mem-info id="987" free="5031464" total="13172736" percent="38">
    <mem type="nursery" free="3838464" total="4587520" percent="83">
      <mem type="allocate" free="3838464" total="4128768" percent="92" />
      <mem type="survivor" free="0" total="458752" percent="0" />
    </mem>
    <mem type="tenure" free="1193000" total="8585216" percent="13" macro-fragmented="1041779">
      <mem type="soa" free="1108008" total="8500224" percent="13" />
      <mem type="loa" free="84992" total="84992" percent="100" />
    </mem>
    <remembered-set count="400" />
  </mem-info>
</gc-end>
<cycle-end id="988" type="scavenge" contextid="982" timestamp="2019-08-08T09:54:38.835" />
  <attribute name="elasticGC enabled" value="1" />
  <attribute name= "numThreadsSpecified" value="16" />
  <attribute name="heapSize specified" value="13041664" />
  <attribute name="Current GC Util" value="0" />
  <attribute name= "Current Time Running" value="70682" />
  <attribute name ="GC Interval" value="2153" />
  <attribute name="Target GC Util Change" value ="80.000000" />
  <attribute name="Current GC Util Change" value="0.000000"/>
  <attribute name="Current Error" value="80.000000" />
  <attribute name="Output H" value="13248512"/>
  <attribute name="Output I" value="2152"/>
  <attribute name="Output T" value="16"/>
  <attribute name= "Current Time Running" value="70682" />
  <attribute name="GC Util currently" value="0" />
  <attribute name="CPU Util currently" value="10" />
<allocation-satisfied id="989" threadId="00000000024DE700" bytesRequested="16" />
<af-end id="990" timestamp="2019-08-08T09:54:38.835" threadId="00000000024DF088" success="true" from="nursery"/>
<exclusive-end id="991" timestamp="2019-08-08T09:54:38.835" durationms="5.431" />

<exclusive-start id="992" timestamp="2019-08-08T09:54:40.505" intervalms="1675.453">
  <response-info timems="0.090" idlems="0.090" threads="0" lastid="000000000250B600" lastname="node-8" />
</exclusive-start>
<af-start id="993" threadId="000000000250BF88" totalBytesRequested="24" timestamp="2019-08-08T09:54:40.505" intervalms="1675.472" type="nursery" />
<cycle-start id="994" type="scavenge" contextid="0" timestamp="2019-08-08T09:54:40.505" intervalms="1675.475" />
<gc-start id="995" type="scavenge" contextid="994" timestamp="2019-08-08T09:54:40.505">
  <mem-info id="996" free="1193000" total="13172736" percent="9">
    <mem type="nursery" free="0" total="4587520" percent="0">
      <mem type="allocate" free="0" total="4128768" percent="0" />
      <mem type="survivor" free="0" total="458752" percent="0" />
    </mem>
    <mem type="tenure" free="1193000" total="8585216" percent="13">
      <mem type="soa" free="1108008" total="8500224" percent="13" />
      <mem type="loa" free="84992" total="84992" percent="100" />
    </mem>
    <remembered-set count="503" />
  </mem-info>
</gc-start>
<allocation-stats totalBytes="3835456" >
  <allocated-bytes non-tlh="16" tlh="3835440" />
  <largest-consumer threadName="node-9" threadId="00000000024DE700" bytes="208464" />
</allocation-stats>
<gc-op id="997" type="scavenge" timems="3.043" contextid="994" timestamp="2019-08-08T09:54:40.508">
  <scavenger-info tenureage="4" tenuremask="4010" tiltratio="90" />
  <memory-copied type="nursery" objects="8321" bytes="201424" bytesdiscarded="88880" />
  <memory-copied type="tenure" objects="2016" bytes="48384" bytesdiscarded="0" />
</gc-op>
<gc-end id="998" type="scavenge" contextid="994" durationms="3.390" usertimems="1.429" systemtimems="5.483" timestamp="2019-08-08T09:54:40.509" activeThreads="16">
  <mem-info id="999" free="4983080" total="13172736" percent="37">
    <mem type="nursery" free="3838464" total="4587520" percent="83">
      <mem type="allocate" free="3838464" total="4128768" percent="92" />
      <mem type="survivor" free="0" total="458752" percent="0" />
    </mem>
    <mem type="tenure" free="1144616" total="8585216" percent="13" macro-fragmented="723458">
      <mem type="soa" free="1059624" total="8500224" percent="12" />
      <mem type="loa" free="84992" total="84992" percent="100" />
    </mem>
    <remembered-set count="417" />
  </mem-info>
</gc-end>
<cycle-end id="1000" type="scavenge" contextid="994" timestamp="2019-08-08T09:54:40.509" />
  <attribute name="elasticGC enabled" value="1" />
  <attribute name= "numThreadsSpecified" value="16" />
  <attribute name="heapSize specified" value="13041664" />
  <attribute name="Current GC Util" value="0" />
  <attribute name= "Current Time Running" value="72357" />
  <attribute name ="GC Interval" value="2297" />
  <attribute name="Target GC Util Change" value ="80.000000" />
  <attribute name="Current GC Util Change" value="0.000000"/>
  <attribute name="Current Error" value="160.000000" />
  <attribute name="Output H" value="13248600"/>
  <attribute name="Output I" value="2296"/>
  <attribute name="Output T" value="16"/>
  <attribute name= "Current Time Running" value="72357" />
  <attribute name="GC Util currently" value="0" />
  <attribute name="CPU Util currently" value="13" />
<allocation-satisfied id="1001" threadId="000000000250B600" bytesRequested="24" />
<af-end id="1002" timestamp="2019-08-08T09:54:40.509" threadId="000000000250BF88" success="true" from="nursery"/>
<exclusive-end id="1003" timestamp="2019-08-08T09:54:40.509" durationms="3.629" />

<exclusive-start id="1004" timestamp="2019-08-08T09:54:42.046" intervalms="1541.015">
  <response-info timems="0.048" idlems="0.048" threads="0" lastid="000000000250B600" lastname="node-8" />
</exclusive-start>
<af-start id="1005" threadId="000000000250BF88" totalBytesRequested="32" timestamp="2019-08-08T09:54:42.046" intervalms="1541.022" type="nursery" />
<cycle-start id="1006" type="scavenge" contextid="0" timestamp="2019-08-08T09:54:42.046" intervalms="1541.199" />
<gc-start id="1007" type="scavenge" contextid="1006" timestamp="2019-08-08T09:54:42.046">
  <mem-info id="1008" free="1144616" total="13172736" percent="8">
    <mem type="nursery" free="0" total="4587520" percent="0">
      <mem type="allocate" free="0" total="4128768" percent="0" />
      <mem type="survivor" free="0" total="458752" percent="0" />
    </mem>
    <mem type="tenure" free="1144616" total="8585216" percent="13">
      <mem type="soa" free="1059624" total="8500224" percent="12" />
      <mem type="loa" free="84992" total="84992" percent="100" />
    </mem>
    <remembered-set count="502" />
  </mem-info>
</gc-start>
<allocation-stats totalBytes="3836592" >
  <allocated-bytes non-tlh="24" tlh="3836568" />
  <largest-consumer threadName="node-9" threadId="00000000024DE700" bytes="205232" />
</allocation-stats>
<gc-op id="1009" type="scavenge" timems="5.018" contextid="1006" timestamp="2019-08-08T09:54:42.051">
  <scavenger-info tenureage="4" tenuremask="4010" tiltratio="90" />
  <memory-copied type="nursery" objects="8179" bytes="198008" bytesdiscarded="27784" />
  <memory-copied type="tenure" objects="2199" bytes="52776" bytesdiscarded="0" />
</gc-op>
<gc-end id="1010" type="scavenge" contextid="1006" durationms="5.510" usertimems="5.370" systemtimems="5.505" timestamp="2019-08-08T09:54:42.052" activeThreads="16">
  <mem-info id="1011" free="4983080" total="13172736" percent="37">
    <mem type="nursery" free="3902976" total="4587520" percent="85">
      <mem type="allocate" free="3902976" total="4128768" percent="94" />
      <mem type="survivor" free="0" total="458752" percent="0" />
    </mem>
    <mem type="tenure" free="1080104" total="8585216" percent="12" macro-fragmented="418667">
      <mem type="soa" free="995112" total="8500224" percent="11" />
      <mem type="loa" free="84992" total="84992" percent="100" />
    </mem>
    <remembered-set count="418" />
  </mem-info>
</gc-end>
<cycle-end id="1012" type="scavenge" contextid="1006" timestamp="2019-08-08T09:54:42.052" />
  <attribute name="elasticGC enabled" value="1" />
  <attribute name= "numThreadsSpecified" value="16" />
  <attribute name="heapSize specified" value="13041664" />
  <attribute name="Current GC Util" value="0" />
  <attribute name= "Current Time Running" value="73899" />
  <attribute name ="GC Interval" value="2441" />
  <attribute name="Target GC Util Change" value ="80.000000" />
  <attribute name="Current GC Util Change" value="0.000000"/>
  <attribute name="Current Error" value="240.000000" />
  <attribute name="Output H" value="13248696"/>
  <attribute name="Output I" value="2440"/>
  <attribute name="Output T" value="16"/>
  <attribute name= "Current Time Running" value="73899" />
  <attribute name="GC Util currently" value="0" />
  <attribute name="CPU Util currently" value="11" />
<allocation-satisfied id="1013" threadId="000000000250B600" bytesRequested="32" />
<af-end id="1014" timestamp="2019-08-08T09:54:42.052" threadId="000000000250BF88" success="true" from="nursery"/>
<exclusive-end id="1015" timestamp="2019-08-08T09:54:42.052" durationms="6.019" />

<exclusive-start id="1016" timestamp="2019-08-08T09:54:43.819" intervalms="1773.196">
  <response-info timems="1.586" idlems="1.586" threads="0" lastid="00000000024F1300" lastname="node-14" />
</exclusive-start>
<af-start id="1017" threadId="00000000024F1C88" totalBytesRequested="32" timestamp="2019-08-08T09:54:43.819" intervalms="1773.169" type="nursery" />
<cycle-start id="1018" type="scavenge" contextid="0" timestamp="2019-08-08T09:54:43.819" intervalms="1772.986" />
<gc-start id="1019" type="scavenge" contextid="1018" timestamp="2019-08-08T09:54:43.819">
  <mem-info id="1020" free="1080104" total="13172736" percent="8">
    <mem type="nursery" free="0" total="4587520" percent="0">
      <mem type="allocate" free="0" total="4128768" percent="0" />
      <mem type="survivor" free="0" total="458752" percent="0" />
    </mem>
    <mem type="tenure" free="1080104" total="8585216" percent="12">
      <mem type="soa" free="995112" total="8500224" percent="11" />
      <mem type="loa" free="84992" total="84992" percent="100" />
    </mem>
    <remembered-set count="504" />
  </mem-info>
</gc-start>
<allocation-stats totalBytes="3900568" >
  <allocated-bytes non-tlh="32" tlh="3900536" />
  <largest-consumer threadName="node-9" threadId="00000000024DE700" bytes="208592" />
</allocation-stats>
<gc-op id="1021" type="scavenge" timems="3.161" contextid="1018" timestamp="2019-08-08T09:54:43.823">
  <scavenger-info tenureage="4" tenuremask="4010" tiltratio="90" />
  <memory-copied type="nursery" objects="8402" bytes="203360" bytesdiscarded="38560" />
  <memory-copied type="tenure" objects="2165" bytes="51960" bytesdiscarded="0" />
</gc-op>
<gc-end id="1022" type="scavenge" contextid="1018" durationms="3.625" usertimems="1.714" systemtimems="4.768" timestamp="2019-08-08T09:54:43.823" activeThreads="16">
  <mem-info id="1023" free="4918568" total="13172736" percent="37">
    <mem type="nursery" free="3886848" total="4587520" percent="84">
      <mem type="allocate" free="3886848" total="4128768" percent="94" />
      <mem type="survivor" free="0" total="458752" percent="0" />
    </mem>
    <mem type="tenure" free="1031720" total="8585216" percent="12" macro-fragmented="723458">
      <mem type="soa" free="946728" total="8500224" percent="11" />
      <mem type="loa" free="84992" total="84992" percent="100" />
    </mem>
    <remembered-set count="416" />
  </mem-info>
</gc-end>
<cycle-end id="1024" type="scavenge" contextid="1018" timestamp="2019-08-08T09:54:43.823" />
  <attribute name="elasticGC enabled" value="1" />
  <attribute name= "numThreadsSpecified" value="16" />
  <attribute name="heapSize specified" value="13041664" />
  <attribute name="Current GC Util" value="0" />
  <attribute name= "Current Time Running" value="75672" />
  <attribute name ="GC Interval" value="2585" />
  <attribute name="Target GC Util Change" value ="80.000000" />
  <attribute name="Current GC Util Change" value="0.000000"/>
  <attribute name="Current Error" value="320.000000" />
  <attribute name="Output H" value="13248792"/>
  <attribute name="Output I" value="2584"/>
  <attribute name="Output T" value="16"/>
  <attribute name= "Current Time Running" value="75672" />
  <attribute name="GC Util currently" value="0" />
  <attribute name="CPU Util currently" value="12" />
<allocation-satisfied id="1025" threadId="00000000024F1300" bytesRequested="32" />
<af-end id="1026" timestamp="2019-08-08T09:54:43.823" threadId="00000000024F1C88" success="true" from="nursery"/>
<exclusive-end id="1027" timestamp="2019-08-08T09:54:43.823" durationms="3.866" />

<exclusive-start id="1028" timestamp="2019-08-08T09:54:45.449" intervalms="1629.307">
  <response-info timems="0.206" idlems="0.206" threads="0" lastid="000000000251A600" lastname="node-5" />
</exclusive-start>
<af-start id="1029" threadId="000000000251AF88" totalBytesRequested="32" timestamp="2019-08-08T09:54:45.449" intervalms="1629.319" type="nursery" />
<cycle-start id="1030" type="scavenge" contextid="0" timestamp="2019-08-08T09:54:45.449" intervalms="1629.689" />
<gc-start id="1031" type="scavenge" contextid="1030" timestamp="2019-08-08T09:54:45.449">
  <mem-info id="1032" free="1031720" total="13172736" percent="7">
    <mem type="nursery" free="0" total="4587520" percent="0">
      <mem type="allocate" free="0" total="4128768" percent="0" />
      <mem type="survivor" free="0" total="458752" percent="0" />
    </mem>
    <mem type="tenure" free="1031720" total="8585216" percent="12">
      <mem type="soa" free="946728" total="8500224" percent="11" />
      <mem type="loa" free="84992" total="84992" percent="100" />
    </mem>
    <remembered-set count="501" />
  </mem-info>
</gc-start>
<allocation-stats totalBytes="3884792" >
  <allocated-bytes non-tlh="32" tlh="3884760" />
  <largest-consumer threadName="node-7" threadId="0000000002503E00" bytes="208808" />
</allocation-stats>
<gc-op id="1033" type="scavenge" timems="4.249" contextid="1030" timestamp="2019-08-08T09:54:45.454">
  <scavenger-info tenureage="2" tenuremask="4014" tiltratio="90" />
  <memory-copied type="nursery" objects="6969" bytes="168968" bytesdiscarded="40696" />
  <memory-copied type="tenure" objects="3718" bytes="89232" bytesdiscarded="0" />
</gc-op>
<gc-end id="1034" type="scavenge" contextid="1030" durationms="5.337" usertimems="2.272" systemtimems="4.513" timestamp="2019-08-08T09:54:45.454" activeThreads="16">
  <mem-info id="1035" free="4854056" total="13172736" percent="36">
    <mem type="nursery" free="3919104" total="4587520" percent="85">
      <mem type="allocate" free="3919104" total="4128768" percent="94" />
      <mem type="survivor" free="0" total="458752" percent="0" />
    </mem>
    <mem type="tenure" free="934952" total="8585216" percent="10" macro-fragmented="418667">
      <mem type="soa" free="849960" total="8500224" percent="9" />
      <mem type="loa" free="84992" total="84992" percent="100" />
    </mem>
    <remembered-set count="399" />
  </mem-info>
</gc-end>
<cycle-end id="1036" type="scavenge" contextid="1030" timestamp="2019-08-08T09:54:45.455" />
  <attribute name="elasticGC enabled" value="1" />
  <attribute name= "numThreadsSpecified" value="16" />
  <attribute name="heapSize specified" value="13041664" />
  <attribute name="Current GC Util" value="0" />
  <attribute name= "Current Time Running" value="77301" />
  <attribute name ="GC Interval" value="2729" />
  <attribute name="Target GC Util Change" value ="80.000000" />
  <attribute name="Current GC Util Change" value="0.000000"/>
  <attribute name="Current Error" value="400.000000" />
  <attribute name="Output H" value="13248880"/>
  <attribute name="Output I" value="2728"/>
  <attribute name="Output T" value="16"/>
  <attribute name= "Current Time Running" value="77301" />
  <attribute name="GC Util currently" value="0" />
  <attribute name="CPU Util currently" value="12" />
<allocation-satisfied id="1037" threadId="000000000251A600" bytesRequested="32" />
<af-end id="1038" timestamp="2019-08-08T09:54:45.455" threadId="000000000251AF88" success="true" from="nursery"/>
<exclusive-end id="1039" timestamp="2019-08-08T09:54:45.455" durationms="6.000" />

<exclusive-start id="1040" timestamp="2019-08-08T09:54:47.057" intervalms="1608.424">
  <response-info timems="0.052" idlems="0.052" threads="0" lastid="0000000002525900" lastname="node-25" />
</exclusive-start>
<af-start id="1041" threadId="0000000002526288" totalBytesRequested="32" timestamp="2019-08-08T09:54:47.057" intervalms="1608.433" type="nursery" />
<cycle-start id="1042" type="scavenge" contextid="0" timestamp="2019-08-08T09:54:47.057" intervalms="1608.069" />
<gc-start id="1043" type="scavenge" contextid="1042" timestamp="2019-08-08T09:54:47.057">
  <mem-info id="1044" free="934952" total="13172736" percent="7">
    <mem type="nursery" free="0" total="4587520" percent="0">
      <mem type="allocate" free="0" total="4128768" percent="0" />
      <mem type="survivor" free="0" total="458752" percent="0" />
    </mem>
    <mem type="tenure" free="934952" total="8585216" percent="10">
      <mem type="soa" free="849960" total="8500224" percent="9" />
      <mem type="loa" free="84992" total="84992" percent="100" />
    </mem>
    <remembered-set count="483" />
  </mem-info>
</gc-start>
<allocation-stats totalBytes="3915816" >
  <allocated-bytes non-tlh="32" tlh="3915784" />
  <largest-consumer threadName="node-8" threadId="000000000250B600" bytes="208520" />
</allocation-stats>
<gc-op id="1045" type="scavenge" timems="4.978" contextid="1042" timestamp="2019-08-08T09:54:47.062">
  <scavenger-info tenureage="2" tenuremask="401c" tiltratio="90" />
  <memory-copied type="nursery" objects="4616" bytes="112496" bytesdiscarded="48784" />
  <memory-copied type="tenure" objects="4542" bytes="109008" bytesdiscarded="0" />
</gc-op>
<gc-end id="1046" type="scavenge" contextid="1042" durationms="5.181" usertimems="5.636" systemtimems="6.055" timestamp="2019-08-08T09:54:47.062" activeThreads="16">
  <mem-info id="1047" free="4789544" total="13172736" percent="36">
    <mem type="nursery" free="3967488" total="4587520" percent="86">
      <mem type="allocate" free="3967488" total="4128768" percent="96" />
      <mem type="survivor" free="0" total="458752" percent="0" />
    </mem>
    <mem type="tenure" free="822056" total="8585216" percent="9" macro-fragmented="502401">
      <mem type="soa" free="737064" total="8500224" percent="8" />
      <mem type="loa" free="84992" total="84992" percent="100" />
    </mem>
    <remembered-set count="360" />
  </mem-info>
</gc-end>
<cycle-end id="1048" type="scavenge" contextid="1042" timestamp="2019-08-08T09:54:47.062" />
  <attribute name="elasticGC enabled" value="1" />
  <attribute name= "numThreadsSpecified" value="16" />
  <attribute name="heapSize specified" value="13041664" />
  <attribute name="Current GC Util" value="0" />
  <attribute name= "Current Time Running" value="78909" />
  <attribute name ="GC Interval" value="2873" />
  <attribute name="Target GC Util Change" value ="80.000000" />
  <attribute name="Current GC Util Change" value="0.000000"/>
  <attribute name="Current Error" value="480.000000" />
  <attribute name="Output H" value="13248976"/>
  <attribute name="Output I" value="2872"/>
  <attribute name="Output T" value="16"/>
  <attribute name= "Current Time Running" value="78909" />
  <attribute name="GC Util currently" value="0" />
  <attribute name="CPU Util currently" value="11" />
<allocation-satisfied id="1049" threadId="0000000002525900" bytesRequested="32" />
<af-end id="1050" timestamp="2019-08-08T09:54:47.062" threadId="0000000002526288" success="true" from="nursery"/>
<exclusive-end id="1051" timestamp="2019-08-08T09:54:47.062" durationms="5.446" />

<exclusive-start id="1052" timestamp="2019-08-08T09:54:48.604" intervalms="1547.331">
  <response-info timems="0.113" idlems="0.113" threads="0" lastid="000000000251E200" lastname="node-16" />
</exclusive-start>
<af-start id="1053" threadId="000000000251EB88" totalBytesRequested="24" timestamp="2019-08-08T09:54:48.604" intervalms="1547.304" type="nursery" />
<cycle-start id="1054" type="scavenge" contextid="0" timestamp="2019-08-08T09:54:48.604" intervalms="1547.304" />
<gc-start id="1055" type="scavenge" contextid="1054" timestamp="2019-08-08T09:54:48.604">
  <mem-info id="1056" free="822056" total="13172736" percent="6">
    <mem type="nursery" free="0" total="4587520" percent="0">
      <mem type="allocate" free="0" total="4128768" percent="0" />
      <mem type="survivor" free="0" total="458752" percent="0" />
    </mem>
    <mem type="tenure" free="822056" total="8585216" percent="9">
      <mem type="soa" free="737064" total="8500224" percent="8" />
      <mem type="loa" free="84992" total="84992" percent="100" />
    </mem>
    <remembered-set count="439" />
  </mem-info>
</gc-start>
<allocation-stats totalBytes="3964800" >
  <allocated-bytes non-tlh="32" tlh="3964768" />
  <largest-consumer threadName="node-11" threadId="00000000024E5F00" bytes="208848" />
</allocation-stats>
<gc-op id="1057" type="scavenge" timems="6.988" contextid="1054" timestamp="2019-08-08T09:54:48.612">
  <scavenger-info tenureage="2" tenuremask="4004" tiltratio="90" />
  <memory-copied type="nursery" objects="4542" bytes="110728" bytesdiscarded="34424" />
  <memory-copied type="tenure" objects="2285" bytes="54840" bytesdiscarded="0" />
</gc-op>
<gc-end id="1058" type="scavenge" contextid="1054" durationms="8.041" usertimems="3.149" systemtimems="7.526" timestamp="2019-08-08T09:54:48.612" activeThreads="16">
  <mem-info id="1059" free="4725032" total="13172736" percent="35">
    <mem type="nursery" free="3983616" total="4587520" percent="86">
      <mem type="allocate" free="3983616" total="4128768" percent="96" />
      <mem type="survivor" free="0" total="458752" percent="0" />
    </mem>
    <mem type="tenure" free="741416" total="8585216" percent="8" macro-fragmented="418667">
      <mem type="soa" free="656424" total="8500224" percent="7" />
      <mem type="loa" free="84992" total="84992" percent="100" />
    </mem>
    <remembered-set count="357" />
  </mem-info>
</gc-end>
<cycle-end id="1060" type="scavenge" contextid="1054" timestamp="2019-08-08T09:54:48.613" />
  <attribute name="elasticGC enabled" value="1" />
  <attribute name= "numThreadsSpecified" value="16" />
  <attribute name="heapSize specified" value="13041664" />
  <attribute name="Current GC Util" value="0" />
  <attribute name= "Current Time Running" value="80457" />
  <attribute name ="GC Interval" value="2153" />
  <attribute name="Target GC Util Change" value ="80.000000" />
  <attribute name="Current GC Util Change" value="0.000000"/>
  <attribute name="Current Error" value="80.000000" />
  <attribute name="Output H" value="13248512"/>
  <attribute name="Output I" value="2152"/>
  <attribute name="Output T" value="16"/>
  <attribute name= "Current Time Running" value="80457" />
  <attribute name="GC Util currently" value="0" />
  <attribute name="CPU Util currently" value="11" />
<allocation-satisfied id="1061" threadId="000000000251E200" bytesRequested="24" />
<af-end id="1062" timestamp="2019-08-08T09:54:48.613" threadId="000000000251EB88" success="true" from="nursery"/>
<exclusive-end id="1063" timestamp="2019-08-08T09:54:48.613" durationms="8.352" />

<exclusive-start id="1064" timestamp="2019-08-08T09:54:50.127" intervalms="1522.453">
  <response-info timems="0.188" idlems="0.188" threads="0" lastid="0000000002512E00" lastname="node-19" />
</exclusive-start>
<af-start id="1065" threadId="0000000002513788" totalBytesRequested="16" timestamp="2019-08-08T09:54:50.127" intervalms="1522.605" type="nursery" />
<cycle-start id="1066" type="scavenge" contextid="0" timestamp="2019-08-08T09:54:50.127" intervalms="1522.609" />
<gc-start id="1067" type="scavenge" contextid="1066" timestamp="2019-08-08T09:54:50.127">
  <mem-info id="1068" free="741416" total="13172736" percent="5">
    <mem type="nursery" free="0" total="4587520" percent="0">
      <mem type="allocate" free="0" total="4128768" percent="0" />
      <mem type="survivor" free="0" total="458752" percent="0" />
    </mem>
    <mem type="tenure" free="741416" total="8585216" percent="8">
      <mem type="soa" free="656424" total="8500224" percent="7" />
      <mem type="loa" free="84992" total="84992" percent="100" />
    </mem>
    <remembered-set count="441" />
  </mem-info>
</gc-start>
<allocation-stats totalBytes="3982296" >
  <allocated-bytes non-tlh="24" tlh="3982272" />
  <largest-consumer threadName="node-11" threadId="00000000024E5F00" bytes="208872" />
</allocation-stats>
<gc-op id="1069" type="scavenge" timems="1.576" contextid="1066" timestamp="2019-08-08T09:54:50.129">
  <scavenger-info tenureage="2" tenuremask="4004" tiltratio="90" />
  <memory-copied type="nursery" objects="4688" bytes="120480" bytesdiscarded="56928" />
  <memory-copied type="tenure" objects="2189" bytes="52536" bytesdiscarded="0" />
</gc-op>
<gc-end id="1070" type="scavenge" contextid="1066" durationms="2.313" usertimems="2.963" systemtimems="0.707" timestamp="2019-08-08T09:54:50.129" activeThreads="16">
  <mem-info id="1071" free="4628264" total="13172736" percent="35">
    <mem type="nursery" free="3951360" total="4587520" percent="86">
      <mem type="allocate" free="3951360" total="4128768" percent="95" />
      <mem type="survivor" free="0" total="458752" percent="0" />
    </mem>
    <mem type="tenure" free="676904" total="8585216" percent="7" macro-fragmented="502401">
      <mem type="soa" free="591912" total="8500224" percent="6" />
      <mem type="loa" free="84992" total="84992" percent="100" />
    </mem>
    <remembered-set count="341" />
  </mem-info>
</gc-end>
<cycle-end id="1072" type="scavenge" contextid="1066" timestamp="2019-08-08T09:54:50.129" />
  <attribute name="elasticGC enabled" value="1" />
  <attribute name= "numThreadsSpecified" value="16" />
  <attribute name="heapSize specified" value="13041664" />
  <attribute name="Current GC Util" value="0" />
  <attribute name= "Current Time Running" value="81979" />
  <attribute name ="GC Interval" value="2297" />
  <attribute name="Target GC Util Change" value ="80.000000" />
  <attribute name="Current GC Util Change" value="0.000000"/>
  <attribute name="Current Error" value="160.000000" />
  <attribute name="Output H" value="13248600"/>
  <attribute name="Output I" value="2296"/>
  <attribute name="Output T" value="16"/>
  <attribute name= "Current Time Running" value="81979" />
  <attribute name="GC Util currently" value="0" />
  <attribute name="CPU Util currently" value="11" />
<allocation-satisfied id="1073" threadId="0000000002512E00" bytesRequested="16" />
<af-end id="1074" timestamp="2019-08-08T09:54:50.129" threadId="0000000002513788" success="true" from="nursery"/>
<exclusive-end id="1075" timestamp="2019-08-08T09:54:50.129" durationms="2.658" />

<exclusive-start id="1076" timestamp="2019-08-08T09:54:51.724" intervalms="1597.690">
  <response-info timems="0.206" idlems="0.206" threads="0" lastid="0000000002500200" lastname="node-20" />
</exclusive-start>
<af-start id="1077" threadId="0000000002500B88" totalBytesRequested="24" timestamp="2019-08-08T09:54:51.725" intervalms="1597.560" type="nursery" />
<cycle-start id="1078" type="scavenge" contextid="0" timestamp="2019-08-08T09:54:51.725" intervalms="1597.553" />
<gc-start id="1079" type="scavenge" contextid="1078" timestamp="2019-08-08T09:54:51.725">
  <mem-info id="1080" free="676904" total="13172736" percent="5">
    <mem type="nursery" free="0" total="4587520" percent="0">
      <mem type="allocate" free="0" total="4128768" percent="0" />
      <mem type="survivor" free="0" total="458752" percent="0" />
    </mem>
    <mem type="tenure" free="676904" total="8585216" percent="7">
      <mem type="soa" free="591912" total="8500224" percent="6" />
      <mem type="loa" free="84992" total="84992" percent="100" />
    </mem>
    <remembered-set count="442" />
  </mem-info>
</gc-start>
<allocation-stats totalBytes="3947688" >
  <allocated-bytes non-tlh="16" tlh="3947672" />
  <largest-consumer threadName="node-8" threadId="000000000250B600" bytes="208880" />
</allocation-stats>
<gc-op id="1081" type="scavenge" timems="2.362" contextid="1078" timestamp="2019-08-08T09:54:51.727">
  <scavenger-info tenureage="2" tenuremask="4004" tiltratio="90" />
  <memory-copied type="nursery" objects="4743" bytes="115608" bytesdiscarded="61800" />
  <memory-copied type="tenure" objects="2212" bytes="53088" bytesdiscarded="0" />
</gc-op>
<gc-end id="1082" type="scavenge" contextid="1078" durationms="2.734" usertimems="3.251" systemtimems="1.153" timestamp="2019-08-08T09:54:51.727" activeThreads="16">
  <mem-info id="1083" free="4563752" total="13172736" percent="34">
    <mem type="nursery" free="3951360" total="4587520" percent="86">
      <mem type="allocate" free="3951360" total="4128768" percent="95" />
      <mem type="survivor" free="0" total="458752" percent="0" />
    </mem>
    <mem type="tenure" free="612392" total="8585216" percent="7" macro-fragmented="348889">
      <mem type="soa" free="527400" total="8500224" percent="6" />
      <mem type="loa" free="84992" total="84992" percent="100" />
    </mem>
    <remembered-set count="363" />
  </mem-info>
</gc-end>
<cycle-end id="1084" type="scavenge" contextid="1078" timestamp="2019-08-08T09:54:51.727" />
  <attribute name="elasticGC enabled" value="1" />
  <attribute name= "numThreadsSpecified" value="16" />
  <attribute name="heapSize specified" value="13041664" />
  <attribute name="Current GC Util" value="0" />
  <attribute name= "Current Time Running" value="83577" />
  <attribute name ="GC Interval" value="2441" />
  <attribute name="Target GC Util Change" value ="80.000000" />
  <attribute name="Current GC Util Change" value="0.000000"/>
  <attribute name="Current Error" value="240.000000" />
  <attribute name="Output H" value="13248696"/>
  <attribute name="Output I" value="2440"/>
  <attribute name="Output T" value="16"/>
  <attribute name= "Current Time Running" value="83577" />
  <attribute name="GC Util currently" value="0" />
  <attribute name="CPU Util currently" value="11" />
<allocation-satisfied id="1085" threadId="0000000002500200" bytesRequested="24" />
<af-end id="1086" timestamp="2019-08-08T09:54:51.727" threadId="0000000002500B88" success="true" from="nursery"/>
<exclusive-end id="1087" timestamp="2019-08-08T09:54:51.727" durationms="2.967" />

<exclusive-start id="1088" timestamp="2019-08-08T09:54:52.978" intervalms="1253.775">
  <response-info timems="0.201" idlems="0.186" threads="1" lastid="000000000253C100" lastname="node-1" />
</exclusive-start>
<af-start id="1089" threadId="0000000002500B88" totalBytesRequested="24" timestamp="2019-08-08T09:54:52.978" intervalms="1253.766" type="nursery" />
<cycle-start id="1090" type="scavenge" contextid="0" timestamp="2019-08-08T09:54:52.978" intervalms="1253.766" />
<gc-start id="1091" type="scavenge" contextid="1090" timestamp="2019-08-08T09:54:52.978">
  <mem-info id="1092" free="612392" total="13172736" percent="4">
    <mem type="nursery" free="0" total="4587520" percent="0">
      <mem type="allocate" free="0" total="4128768" percent="0" />
      <mem type="survivor" free="0" total="458752" percent="0" />
    </mem>
    <mem type="tenure" free="612392" total="8585216" percent="7">
      <mem type="soa" free="527400" total="8500224" percent="6" />
      <mem type="loa" free="84992" total="84992" percent="100" />
    </mem>
    <remembered-set count="445" />
  </mem-info>
</gc-start>
<allocation-stats totalBytes="3949824" >
  <allocated-bytes non-tlh="24" tlh="3949800" />
  <largest-consumer threadName="node-8" threadId="000000000250B600" bytes="208864" />
</allocation-stats>
<gc-op id="1093" type="scavenge" timems="1.540" contextid="1090" timestamp="2019-08-08T09:54:52.980">
  <scavenger-info tenureage="2" tenuremask="4004" tiltratio="90" />
  <memory-copied type="nursery" objects="4189" bytes="105072" bytesdiscarded="72336" />
  <memory-copied type="tenure" objects="2316" bytes="55584" bytesdiscarded="0" />
</gc-op>
<gc-end id="1094" type="scavenge" contextid="1090" durationms="1.988" usertimems="3.020" systemtimems="0.000" timestamp="2019-08-08T09:54:52.980" activeThreads="16">
  <mem-info id="1095" free="4515368" total="13172736" percent="34">
    <mem type="nursery" free="3951360" total="4587520" percent="86">
      <mem type="allocate" free="3951360" total="4128768" percent="95" />
      <mem type="survivor" free="0" total="458752" percent="0" />
    </mem>
    <mem type="tenure" free="564008" total="8585216" percent="6" macro-fragmented="418667">
      <mem type="soa" free="479016" total="8500224" percent="5" />
      <mem type="loa" free="84992" total="84992" percent="100" />
    </mem>
    <remembered-set count="358" />
  </mem-info>
</gc-end>
<cycle-end id="1096" type="scavenge" contextid="1090" timestamp="2019-08-08T09:54:52.980" />
  <attribute name="elasticGC enabled" value="1" />
  <attribute name= "numThreadsSpecified" value="16" />
  <attribute name="heapSize specified" value="13041664" />
  <attribute name="Current GC Util" value="0" />
  <attribute name= "Current Time Running" value="84831" />
  <attribute name ="GC Interval" value="2585" />
  <attribute name="Target GC Util Change" value ="80.000000" />
  <attribute name="Current GC Util Change" value="0.000000"/>
  <attribute name="Current Error" value="320.000000" />
  <attribute name="Output H" value="13248792"/>
  <attribute name="Output I" value="2584"/>
  <attribute name="Output T" value="16"/>
  <attribute name= "Current Time Running" value="84831" />
  <attribute name="GC Util currently" value="0" />
  <attribute name="CPU Util currently" value="10" />
<allocation-satisfied id="1097" threadId="0000000002500200" bytesRequested="24" />
<af-end id="1098" timestamp="2019-08-08T09:54:52.980" threadId="0000000002500B88" success="true" from="nursery"/>
<exclusive-end id="1099" timestamp="2019-08-08T09:54:52.980" durationms="2.172" />

<exclusive-start id="1100" timestamp="2019-08-08T09:54:54.427" intervalms="1449.093">
  <response-info timems="0.162" idlems="0.162" threads="0" lastid="00000000024F4F00" lastname="node-4" />
</exclusive-start>
<af-start id="1101" threadId="00000000024F5888" totalBytesRequested="32" timestamp="2019-08-08T09:54:54.427" intervalms="1449.091" type="nursery" />
<cycle-start id="1102" type="scavenge" contextid="0" timestamp="2019-08-08T09:54:54.427" intervalms="1449.088" />
<gc-start id="1103" type="scavenge" contextid="1102" timestamp="2019-08-08T09:54:54.427">
  <mem-info id="1104" free="564008" total="13172736" percent="4">
    <mem type="nursery" free="0" total="4587520" percent="0">
      <mem type="allocate" free="0" total="4128768" percent="0" />
      <mem type="survivor" free="0" total="458752" percent="0" />
    </mem>
    <mem type="tenure" free="564008" total="8585216" percent="6">
      <mem type="soa" free="479016" total="8500224" percent="5" />
      <mem type="loa" free="84992" total="84992" percent="100" />
    </mem>
    <remembered-set count="442" />
  </mem-info>
</gc-start>
<allocation-stats totalBytes="3948000" >
  <allocated-bytes non-tlh="24" tlh="3947976" />
  <largest-consumer threadName="node-8" threadId="000000000250B600" bytes="208872" />
</allocation-stats>
<gc-op id="1105" type="scavenge" timems="3.712" contextid="1102" timestamp="2019-08-08T09:54:54.431">
  <scavenger-info tenureage="2" tenuremask="4004" tiltratio="90" />
  <memory-copied type="nursery" objects="3826" bytes="93536" bytesdiscarded="51616" />
  <memory-copied type="tenure" objects="2281" bytes="54744" bytesdiscarded="0" />
</gc-op>
<gc-end id="1106" type="scavenge" contextid="1102" durationms="4.346" usertimems="1.709" systemtimems="3.478" timestamp="2019-08-08T09:54:54.432" activeThreads="16">
  <mem-info id="1107" free="4483112" total="13172736" percent="34">
    <mem type="nursery" free="3983616" total="4587520" percent="86">
      <mem type="allocate" free="3983616" total="4128768" percent="96" />
      <mem type="survivor" free="0" total="458752" percent="0" />
    </mem>
    <mem type="tenure" free="499496" total="8585216" percent="5" macro-fragmented="0">
      <mem type="soa" free="414504" total="8500224" percent="4" />
      <mem type="loa" free="84992" total="84992" percent="100" />
    </mem>
    <remembered-set count="360" />
  </mem-info>
</gc-end>
<cycle-end id="1108" type="scavenge" contextid="1102" timestamp="2019-08-08T09:54:54.432" />
  <attribute name="elasticGC enabled" value="1" />
  <attribute name= "numThreadsSpecified" value="16" />
  <attribute name="heapSize specified" value="13041664" />
  <attribute name="Current GC Util" value="0" />
  <attribute name= "Current Time Running" value="86280" />
  <attribute name ="GC Interval" value="2729" />
  <attribute name="Target GC Util Change" value ="80.000000" />
  <attribute name="Current GC Util Change" value="0.000000"/>
  <attribute name="Current Error" value="400.000000" />
  <attribute name="Output H" value="13248880"/>
  <attribute name="Output I" value="2728"/>
  <attribute name="Output T" value="16"/>
  <attribute name= "Current Time Running" value="86280" />
  <attribute name="GC Util currently" value="0" />
  <attribute name="CPU Util currently" value="11" />
<allocation-satisfied id="1109" threadId="00000000024F4F00" bytesRequested="32" />
<af-end id="1110" timestamp="2019-08-08T09:54:54.432" threadId="00000000024F5888" success="true" from="nursery"/>
<exclusive-end id="1111" timestamp="2019-08-08T09:54:54.432" durationms="4.610" />

<exclusive-start id="1112" timestamp="2019-08-08T09:54:55.669" intervalms="1241.528">
  <response-info timems="0.022" idlems="0.022" threads="0" lastid="000000000250F200" lastname="node-23" />
</exclusive-start>
<af-start id="1113" threadId="000000000250FB88" totalBytesRequested="376" timestamp="2019-08-08T09:54:55.669" intervalms="1241.538" type="nursery" />
<cycle-start id="1114" type="scavenge" contextid="0" timestamp="2019-08-08T09:54:55.669" intervalms="1241.551" />
<gc-start id="1115" type="scavenge" contextid="1114" timestamp="2019-08-08T09:54:55.670">
  <mem-info id="1116" free="499496" total="13172736" percent="3">
    <mem type="nursery" free="0" total="4587520" percent="0">
      <mem type="allocate" free="0" total="4128768" percent="0" />
      <mem type="survivor" free="0" total="458752" percent="0" />
    </mem>
    <mem type="tenure" free="499496" total="8585216" percent="5">
      <mem type="soa" free="414504" total="8500224" percent="4" />
      <mem type="loa" free="84992" total="84992" percent="100" />
    </mem>
    <remembered-set count="441" />
  </mem-info>
</gc-start>
<allocation-stats totalBytes="3979520" >
  <allocated-bytes non-tlh="32" tlh="3979488" />
  <largest-consumer threadName="node-7" threadId="0000000002503E00" bytes="208856" />
</allocation-stats>
<gc-op id="1117" type="scavenge" timems="1.562" contextid="1114" timestamp="2019-08-08T09:54:55.672">
  <scavenger-info tenureage="2" tenuremask="4004" tiltratio="90" />
  <memory-copied type="nursery" objects="3575" bytes="86656" bytesdiscarded="58496" />
  <memory-copied type="tenure" objects="1767" bytes="42408" bytesdiscarded="0" />
</gc-op>
<gc-end id="1118" type="scavenge" contextid="1114" durationms="2.019" usertimems="0.797" systemtimems="1.727" timestamp="2019-08-08T09:54:55.672" activeThreads="16">
  <mem-info id="1119" free="4434728" total="13172736" percent="33">
    <mem type="nursery" free="3983616" total="4587520" percent="86">
      <mem type="allocate" free="3983616" total="4128768" percent="96" />
      <mem type="survivor" free="0" total="458752" percent="0" />
    </mem>
    <mem type="tenure" free="451112" total="8585216" percent="5" macro-fragmented="0">
      <mem type="soa" free="366120" total="8500224" percent="4" />
      <mem type="loa" free="84992" total="84992" percent="100" />
    </mem>
    <remembered-set count="320" />
  </mem-info>
</gc-end>
<cycle-end id="1120" type="scavenge" contextid="1114" timestamp="2019-08-08T09:54:55.672" />
  <attribute name="elasticGC enabled" value="1" />
  <attribute name= "numThreadsSpecified" value="16" />
  <attribute name="heapSize specified" value="13041664" />
  <attribute name="Current GC Util" value="0" />
  <attribute name= "Current Time Running" value="87523" />
  <attribute name ="GC Interval" value="2873" />
  <attribute name="Target GC Util Change" value ="80.000000" />
  <attribute name="Current GC Util Change" value="0.000000"/>
  <attribute name="Current Error" value="480.000000" />
  <attribute name="Output H" value="13248976"/>
  <attribute name="Output I" value="2872"/>
  <attribute name="Output T" value="16"/>
  <attribute name= "Current Time Running" value="87523" />
  <attribute name="GC Util currently" value="0" />
  <attribute name="CPU Util currently" value="9" />
<allocation-satisfied id="1121" threadId="000000000250F200" bytesRequested="376" />
<af-end id="1122" timestamp="2019-08-08T09:54:55.672" threadId="000000000250FB88" success="true" from="nursery"/>
<exclusive-end id="1123" timestamp="2019-08-08T09:54:55.672" durationms="3.575" />

<exclusive-start id="1124" timestamp="2019-08-08T09:54:57.161" intervalms="1492.204">
  <response-info timems="0.079" idlems="0.079" threads="0" lastid="0000000002500200" lastname="node-20" />
</exclusive-start>
<af-start id="1125" threadId="0000000002500B88" totalBytesRequested="24" timestamp="2019-08-08T09:54:57.161" intervalms="1492.263" type="nursery" />
<cycle-start id="1126" type="scavenge" contextid="0" timestamp="2019-08-08T09:54:57.161" intervalms="1492.281" />
<gc-start id="1127" type="scavenge" contextid="1126" timestamp="2019-08-08T09:54:57.161">
  <mem-info id="1128" free="451112" total="13172736" percent="3">
    <mem type="nursery" free="0" total="4587520" percent="0">
      <mem type="allocate" free="0" total="4128768" percent="0" />
      <mem type="survivor" free="0" total="458752" percent="0" />
    </mem>
    <mem type="tenure" free="451112" total="8585216" percent="5">
      <mem type="soa" free="366120" total="8500224" percent="4" />
      <mem type="loa" free="84992" total="84992" percent="100" />
    </mem>
    <remembered-set count="440" />
  </mem-info>
</gc-start>
<allocation-stats totalBytes="3979376" >
  <allocated-bytes non-tlh="376" tlh="3979000" />
  <largest-consumer threadName="node-14" threadId="00000000024F1300" bytes="208864" />
</allocation-stats>
<gc-op id="1129" type="scavenge" timems="4.199" contextid="1126" timestamp="2019-08-08T09:54:57.165">
  <scavenger-info tenureage="2" tenuremask="4004" tiltratio="90" />
  <memory-copied type="nursery" objects="3744" bytes="91576" bytesdiscarded="69704" />
  <memory-copied type="tenure" objects="1917" bytes="46008" bytesdiscarded="0" />
</gc-op>
<gc-end id="1130" type="scavenge" contextid="1126" durationms="4.620" usertimems="1.415" systemtimems="4.164" timestamp="2019-08-08T09:54:57.166" activeThreads="16">
  <mem-info id="1131" free="4370216" total="13172736" percent="33">
    <mem type="nursery" free="3967488" total="4587520" percent="86">
      <mem type="allocate" free="3967488" total="4128768" percent="96" />
      <mem type="survivor" free="0" total="458752" percent="0" />
    </mem>
    <mem type="tenure" free="402728" total="8585216" percent="4" macro-fragmented="0">
      <mem type="soa" free="317736" total="8500224" percent="3" />
      <mem type="loa" free="84992" total="84992" percent="100" />
    </mem>
    <remembered-set count="356" />
  </mem-info>
</gc-end>
<cycle-end id="1132" type="scavenge" contextid="1126" timestamp="2019-08-08T09:54:57.166" />
  <attribute name="elasticGC enabled" value="1" />
  <attribute name= "numThreadsSpecified" value="16" />
  <attribute name="heapSize specified" value="13041664" />
  <attribute name="Current GC Util" value="0" />
  <attribute name= "Current Time Running" value="89014" />
  <attribute name ="GC Interval" value="2153" />
  <attribute name="Target GC Util Change" value ="80.000000" />
  <attribute name="Current GC Util Change" value="0.000000"/>
  <attribute name="Current Error" value="80.000000" />
  <attribute name="Output H" value="13248512"/>
  <attribute name="Output I" value="2152"/>
  <attribute name="Output T" value="16"/>
  <attribute name= "Current Time Running" value="89014" />
  <attribute name="GC Util currently" value="0" />
  <attribute name="CPU Util currently" value="11" />
<allocation-satisfied id="1133" threadId="0000000002500200" bytesRequested="24" />
<af-end id="1134" timestamp="2019-08-08T09:54:57.166" threadId="0000000002500B88" success="true" from="nursery"/>
<exclusive-end id="1135" timestamp="2019-08-08T09:54:57.166" durationms="4.988" />

<exclusive-start id="1136" timestamp="2019-08-08T09:54:58.607" intervalms="1446.199">
  <response-info timems="1.906" idlems="0.971" threads="1" lastid="000000000250B600" lastname="node-8" />
</exclusive-start>
<af-start id="1137" threadId="00000000024E6888" totalBytesRequested="720" timestamp="2019-08-08T09:54:58.607" intervalms="1446.129" type="nursery" />
<cycle-start id="1138" type="scavenge" contextid="0" timestamp="2019-08-08T09:54:58.607" intervalms="1446.098" />
<gc-start id="1139" type="scavenge" contextid="1138" timestamp="2019-08-08T09:54:58.607">
  <mem-info id="1140" free="402728" total="13172736" percent="3">
    <mem type="nursery" free="0" total="4587520" percent="0">
      <mem type="allocate" free="0" total="4128768" percent="0" />
      <mem type="survivor" free="0" total="458752" percent="0" />
    </mem>
    <mem type="tenure" free="402728" total="8585216" percent="4">
      <mem type="soa" free="317736" total="8500224" percent="3" />
      <mem type="loa" free="84992" total="84992" percent="100" />
    </mem>
    <remembered-set count="438" />
  </mem-info>
</gc-start>
<allocation-stats totalBytes="3956120" >
  <allocated-bytes non-tlh="24" tlh="3956096" />
  <largest-consumer threadName="node-9" threadId="00000000024DE700" bytes="208304" />
</allocation-stats>
<gc-op id="1141" type="scavenge" timems="4.882" contextid="1138" timestamp="2019-08-08T09:54:58.612">
  <scavenger-info tenureage="2" tenuremask="4004" tiltratio="90" />
  <memory-copied type="nursery" objects="3961" bytes="102672" bytesdiscarded="26352" />
  <memory-copied type="tenure" objects="1533" bytes="36792" bytesdiscarded="0" />
</gc-op>
<gc-end id="1142" type="scavenge" contextid="1138" durationms="5.563" usertimems="3.598" systemtimems="3.173" timestamp="2019-08-08T09:54:58.613" activeThreads="16">
  <mem-info id="1143" free="4370216" total="13172736" percent="33">
    <mem type="nursery" free="3999744" total="4587520" percent="87">
      <mem type="allocate" free="3999744" total="4128768" percent="96" />
      <mem type="survivor" free="0" total="458752" percent="0" />
    </mem>
    <mem type="tenure" free="370472" total="8585216" percent="4" macro-fragmented="850">
      <mem type="soa" free="285480" total="8500224" percent="3" />
      <mem type="loa" free="84992" total="84992" percent="100" />
    </mem>
    <remembered-set count="340" />
  </mem-info>
</gc-end>
<cycle-end id="1144" type="scavenge" contextid="1138" timestamp="2019-08-08T09:54:58.613" />
  <attribute name="elasticGC enabled" value="1" />
  <attribute name= "numThreadsSpecified" value="16" />
  <attribute name="heapSize specified" value="13041664" />
  <attribute name="Current GC Util" value="0" />
  <attribute name= "Current Time Running" value="90460" />
  <attribute name ="GC Interval" value="2297" />
  <attribute name="Target GC Util Change" value ="80.000000" />
  <attribute name="Current GC Util Change" value="0.000000"/>
  <attribute name="Current Error" value="160.000000" />
  <attribute name="Output H" value="13248600"/>
  <attribute name="Output I" value="2296"/>
  <attribute name="Output T" value="16"/>
  <attribute name= "Current Time Running" value="90460" />
  <attribute name="GC Util currently" value="0" />
  <attribute name="CPU Util currently" value="10" />
<allocation-satisfied id="1145" threadId="00000000024E5F00" bytesRequested="720" />
<af-end id="1146" timestamp="2019-08-08T09:54:58.613" threadId="00000000024E6888" success="true" from="nursery"/>
<exclusive-end id="1147" timestamp="2019-08-08T09:54:58.613" durationms="5.854" />

<exclusive-start id="1148" timestamp="2019-08-08T09:55:00.508" intervalms="1900.259">
  <response-info timems="0.313" idlems="0.313" threads="0" lastid="0000000002521D00" lastname="node-15" />
</exclusive-start>
<af-start id="1149" threadId="0000000002522688" totalBytesRequested="16" timestamp="2019-08-08T09:55:00.508" intervalms="1900.265" type="nursery" />
<cycle-start id="1150" type="scavenge" contextid="0" timestamp="2019-08-08T09:55:00.508" intervalms="1900.266" />
<gc-start id="1151" type="scavenge" contextid="1150" timestamp="2019-08-08T09:55:00.508">
  <mem-info id="1152" free="370472" total="13172736" percent="2">
    <mem type="nursery" free="0" total="4587520" percent="0">
      <mem type="allocate" free="0" total="4128768" percent="0" />
      <mem type="survivor" free="0" total="458752" percent="0" />
    </mem>
    <mem type="tenure" free="370472" total="8585216" percent="4">
      <mem type="soa" free="285480" total="8500224" percent="3" />
      <mem type="loa" free="84992" total="84992" percent="100" />
    </mem>
    <remembered-set count="441" />
  </mem-info>
</gc-start>
<allocation-stats totalBytes="3994272" >
  <allocated-bytes non-tlh="720" tlh="3993552" />
  <largest-consumer threadName="node-19" threadId="0000000002512E00" bytes="208816" />
</allocation-stats>
<gc-op id="1153" type="scavenge" timems="1.983" contextid="1150" timestamp="2019-08-08T09:55:00.510">
  <scavenger-info tenureage="2" tenuremask="4004" tiltratio="90" />
  <memory-copied type="nursery" objects="4535" bytes="110552" bytesdiscarded="50728" />
  <memory-copied type="tenure" objects="2070" bytes="49680" bytesdiscarded="0" />
</gc-op>
<gc-end id="1154" type="scavenge" contextid="1150" durationms="2.574" usertimems="1.844" systemtimems="2.202" timestamp="2019-08-08T09:55:00.510" activeThreads="16">
  <mem-info id="1155" free="4289576" total="13172736" percent="32">
    <mem type="nursery" free="3967488" total="4587520" percent="86">
      <mem type="allocate" free="3967488" total="4128768" percent="96" />
      <mem type="survivor" free="0" total="458752" percent="0" />
    </mem>
    <mem type="tenure" free="322088" total="8585216" percent="3" macro-fragmented="0">
      <mem type="soa" free="237096" total="8500224" percent="2" />
      <mem type="loa" free="84992" total="84992" percent="100" />
    </mem>
    <remembered-set count="348" />
  </mem-info>
</gc-end>
<cycle-end id="1156" type="scavenge" contextid="1150" timestamp="2019-08-08T09:55:00.510" />
  <attribute name="elasticGC enabled" value="1" />
  <attribute name= "numThreadsSpecified" value="16" />
  <attribute name="heapSize specified" value="13041664" />
  <attribute name="Current GC Util" value="0" />
  <attribute name= "Current Time Running" value="92360" />
  <attribute name ="GC Interval" value="2441" />
  <attribute name="Target GC Util Change" value ="80.000000" />
  <attribute name="Current GC Util Change" value="0.000000"/>
  <attribute name="Current Error" value="240.000000" />
  <attribute name="Output H" value="13248696"/>
  <attribute name="Output I" value="2440"/>
  <attribute name="Output T" value="16"/>
  <attribute name= "Current Time Running" value="92360" />
  <attribute name="GC Util currently" value="0" />
  <attribute name="CPU Util currently" value="12" />
<allocation-satisfied id="1157" threadId="0000000002521D00" bytesRequested="16" />
<af-end id="1158" timestamp="2019-08-08T09:55:00.510" threadId="0000000002522688" success="true" from="nursery"/>
<exclusive-end id="1159" timestamp="2019-08-08T09:55:00.510" durationms="2.770" />

<exclusive-start id="1160" timestamp="2019-08-08T09:55:01.887" intervalms="1379.932">
  <response-info timems="0.086" idlems="0.086" threads="0" lastid="0000000002521D00" lastname="node-15" />
</exclusive-start>
<af-start id="1161" threadId="0000000002522688" totalBytesRequested="32" timestamp="2019-08-08T09:55:01.888" intervalms="1379.928" type="nursery" />
<cycle-start id="1162" type="scavenge" contextid="0" timestamp="2019-08-08T09:55:01.888" intervalms="1379.934" />
<gc-start id="1163" type="scavenge" contextid="1162" timestamp="2019-08-08T09:55:01.888">
  <mem-info id="1164" free="322088" total="13172736" percent="2">
    <mem type="nursery" free="0" total="4587520" percent="0">
      <mem type="allocate" free="0" total="4128768" percent="0" />
      <mem type="survivor" free="0" total="458752" percent="0" />
    </mem>
    <mem type="tenure" free="322088" total="8585216" percent="3">
      <mem type="soa" free="237096" total="8500224" percent="2" />
      <mem type="loa" free="84992" total="84992" percent="100" />
    </mem>
    <remembered-set count="446" />
  </mem-info>
</gc-start>
<allocation-stats totalBytes="3966096" >
  <allocated-bytes non-tlh="16" tlh="3966080" />
  <largest-consumer threadName="node-20" threadId="0000000002500200" bytes="208872" />
</allocation-stats>
<gc-op id="1165" type="scavenge" timems="2.017" contextid="1162" timestamp="2019-08-08T09:55:01.890">
  <scavenger-info tenureage="2" tenuremask="4004" tiltratio="90" />
  <memory-copied type="nursery" objects="4841" bytes="115256" bytesdiscarded="94408" />
  <memory-copied type="tenure" objects="1729" bytes="41496" bytesdiscarded="0" />
</gc-op>
<gc-end id="1166" type="scavenge" contextid="1162" durationms="2.462" usertimems="1.164" systemtimems="2.292" timestamp="2019-08-08T09:55:01.890" activeThreads="16">
  <mem-info id="1167" free="4192808" total="13172736" percent="31">
    <mem type="nursery" free="3919104" total="4587520" percent="85">
      <mem type="allocate" free="3919104" total="4128768" percent="94" />
      <mem type="survivor" free="0" total="458752" percent="0" />
    </mem>
    <mem type="tenure" free="273704" total="8585216" percent="3" macro-fragmented="0">
      <mem type="soa" free="188712" total="8500224" percent="2" />
      <mem type="loa" free="84992" total="84992" percent="100" />
    </mem>
    <remembered-set count="331" />
  </mem-info>
</gc-end>
<cycle-end id="1168" type="scavenge" contextid="1162" timestamp="2019-08-08T09:55:01.890" />
  <attribute name="elasticGC enabled" value="1" />
  <attribute name= "numThreadsSpecified" value="16" />
  <attribute name="heapSize specified" value="13041664" />
  <attribute name="Current GC Util" value="0" />
  <attribute name= "Current Time Running" value="93740" />
  <attribute name ="GC Interval" value="2585" />
  <attribute name="Target GC Util Change" value ="80.000000" />
  <attribute name="Current GC Util Change" value="0.000000"/>
  <attribute name="Current Error" value="320.000000" />
  <attribute name="Output H" value="13248792"/>
  <attribute name="Output I" value="2584"/>
  <attribute name="Output T" value="16"/>
  <attribute name= "Current Time Running" value="93740" />
  <attribute name="GC Util currently" value="0" />
  <attribute name="CPU Util currently" value="10" />
<allocation-satisfied id="1169" threadId="0000000002521D00" bytesRequested="32" />
<af-end id="1170" timestamp="2019-08-08T09:55:01.890" threadId="0000000002522688" success="true" from="nursery"/>
<exclusive-end id="1171" timestamp="2019-08-08T09:55:01.890" durationms="2.677" />

<exclusive-start id="1172" timestamp="2019-08-08T09:55:03.293" intervalms="1405.062">
  <response-info timems="0.195" idlems="0.195" threads="0" lastid="0000000002516A00" lastname="node-0" />
</exclusive-start>
<af-start id="1173" threadId="0000000002517388" totalBytesRequested="24" timestamp="2019-08-08T09:55:03.293" intervalms="1405.060" type="nursery" />
<cycle-start id="1174" type="scavenge" contextid="0" timestamp="2019-08-08T09:55:03.293" intervalms="1405.325" />
<gc-start id="1175" type="scavenge" contextid="1174" timestamp="2019-08-08T09:55:03.293">
  <mem-info id="1176" free="273704" total="13172736" percent="2">
    <mem type="nursery" free="0" total="4587520" percent="0">
      <mem type="allocate" free="0" total="4128768" percent="0" />
      <mem type="survivor" free="0" total="458752" percent="0" />
    </mem>
    <mem type="tenure" free="273704" total="8585216" percent="3">
      <mem type="soa" free="188712" total="8500224" percent="2" />
      <mem type="loa" free="84992" total="84992" percent="100" />
    </mem>
    <remembered-set count="446" />
  </mem-info>
</gc-start>
<allocation-stats totalBytes="3915264" >
  <allocated-bytes non-tlh="32" tlh="3915232" />
  <largest-consumer threadName="node-9" threadId="00000000024DE700" bytes="208728" />
</allocation-stats>
<gc-op id="1177" type="scavenge" timems="1.815" contextid="1174" timestamp="2019-08-08T09:55:03.295">
  <scavenger-info tenureage="2" tenuremask="4004" tiltratio="90" />
  <memory-copied type="nursery" objects="4075" bytes="99520" bytesdiscarded="29504" />
  <memory-copied type="tenure" objects="2666" bytes="63984" bytesdiscarded="528" />
</gc-op>
<gc-end id="1178" type="scavenge" contextid="1174" durationms="2.640" usertimems="2.790" systemtimems="1.647" timestamp="2019-08-08T09:55:03.296" activeThreads="16">
  <mem-info id="1179" free="4208936" total="13172736" percent="31">
    <mem type="nursery" free="3999744" total="4587520" percent="87">
      <mem type="allocate" free="3999744" total="4128768" percent="96" />
      <mem type="survivor" free="0" total="458752" percent="0" />
    </mem>
    <mem type="tenure" free="209192" total="8585216" percent="2" macro-fragmented="0">
      <mem type="soa" free="124200" total="8500224" percent="1" />
      <mem type="loa" free="84992" total="84992" percent="100" />
    </mem>
    <remembered-set count="358" />
  </mem-info>
</gc-end>
<cycle-end id="1180" type="scavenge" contextid="1174" timestamp="2019-08-08T09:55:03.296" />
  <attribute name="elasticGC enabled" value="1" />
  <attribute name= "numThreadsSpecified" value="16" />
  <attribute name="heapSize specified" value="13041664" />
  <attribute name="Current GC Util" value="0" />
  <attribute name= "Current Time Running" value="95145" />
  <attribute name ="GC Interval" value="2729" />
  <attribute name="Target GC Util Change" value ="80.000000" />
  <attribute name="Current GC Util Change" value="0.000000"/>
  <attribute name="Current Error" value="400.000000" />
  <attribute name="Output H" value="13248880"/>
  <attribute name="Output I" value="2728"/>
  <attribute name="Output T" value="16"/>
  <attribute name= "Current Time Running" value="95145" />
  <attribute name="GC Util currently" value="0" />
  <attribute name="CPU Util currently" value="10" />
<allocation-satisfied id="1181" threadId="0000000002516A00" bytesRequested="24" />
<af-end id="1182" timestamp="2019-08-08T09:55:03.296" threadId="0000000002517388" success="true" from="nursery"/>
<exclusive-end id="1183" timestamp="2019-08-08T09:55:03.296" durationms="3.159" />

<exclusive-start id="1184" timestamp="2019-08-08T09:55:04.613" intervalms="1320.822">
  <response-info timems="1.076" idlems="1.076" threads="0" lastid="000000000251E200" lastname="node-16" />
</exclusive-start>
<af-start id="1185" threadId="000000000251EB88" totalBytesRequested="32" timestamp="2019-08-08T09:55:04.613" intervalms="1320.849" type="nursery" />
<cycle-start id="1186" type="scavenge" contextid="0" timestamp="2019-08-08T09:55:04.613" intervalms="1320.583" />
<gc-start id="1187" type="scavenge" contextid="1186" timestamp="2019-08-08T09:55:04.613">
  <mem-info id="1188" free="209192" total="13172736" percent="1">
    <mem type="nursery" free="0" total="4587520" percent="0">
      <mem type="allocate" free="0" total="4128768" percent="0" />
      <mem type="survivor" free="0" total="458752" percent="0" />
    </mem>
    <mem type="tenure" free="209192" total="8585216" percent="2">
      <mem type="soa" free="124200" total="8500224" percent="1" />
      <mem type="loa" free="84992" total="84992" percent="100" />
    </mem>
    <remembered-set count="442" />
  </mem-info>
</gc-start>
<allocation-stats totalBytes="3997560" >
  <allocated-bytes non-tlh="24" tlh="3997536" />
  <largest-consumer threadName="node-4" threadId="00000000024F4F00" bytes="208872" />
</allocation-stats>
<gc-op id="1189" type="scavenge" timems="3.613" contextid="1186" timestamp="2019-08-08T09:55:04.617">
  <scavenger-info tenureage="2" tenuremask="4004" tiltratio="90" />
  <memory-copied type="nursery" objects="3667" bytes="89720" bytesdiscarded="87688" />
  <memory-copied type="tenure" objects="2059" bytes="49416" bytesdiscarded="0" />
</gc-op>
<gc-end id="1190" type="scavenge" contextid="1186" durationms="4.112" usertimems="5.813" systemtimems="1.864" timestamp="2019-08-08T09:55:04.618" activeThreads="16">
  <mem-info id="1191" free="4112168" total="13172736" percent="31">
    <mem type="nursery" free="3951360" total="4587520" percent="86">
      <mem type="allocate" free="3951360" total="4128768" percent="95" />
      <mem type="survivor" free="0" total="458752" percent="0" />
    </mem>
    <mem type="tenure" free="160808" total="8585216" percent="1" macro-fragmented="0">
      <mem type="soa" free="75816" total="8500224" percent="0" />
      <mem type="loa" free="84992" total="84992" percent="100" />
    </mem>
    <remembered-set count="358" />
  </mem-info>
</gc-end>
<cycle-end id="1192" type="scavenge" contextid="1186" timestamp="2019-08-08T09:55:04.618" />
  <attribute name="elasticGC enabled" value="1" />
  <attribute name= "numThreadsSpecified" value="16" />
  <attribute name="heapSize specified" value="13041664" />
  <attribute name="Current GC Util" value="0" />
  <attribute name= "Current Time Running" value="96466" />
  <attribute name ="GC Interval" value="2873" />
  <attribute name="Target GC Util Change" value ="80.000000" />
  <attribute name="Current GC Util Change" value="0.000000"/>
  <attribute name="Current Error" value="480.000000" />
  <attribute name="Output H" value="13248976"/>
  <attribute name="Output I" value="2872"/>
  <attribute name="Output T" value="16"/>
  <attribute name= "Current Time Running" value="96466" />
  <attribute name="GC Util currently" value="0" />
  <attribute name="CPU Util currently" value="10" />
<allocation-satisfied id="1193" threadId="000000000251E200" bytesRequested="32" />
<af-end id="1194" timestamp="2019-08-08T09:55:04.618" threadId="000000000251EB88" success="true" from="nursery"/>
<exclusive-end id="1195" timestamp="2019-08-08T09:55:04.618" durationms="4.714" />

<concurrent-kickoff id="1196" timestamp="2019-08-08T09:55:05.693">
  <kickoff reason="threshold reached" targetBytes="5557787" thresholdFreeBytes="762454"  remainingFree="756448" tenureFreeBytes="160808" nurseryFreeBytes="756448" />
</concurrent-kickoff>
<exclusive-start id="1197" timestamp="2019-08-08T09:55:05.694" intervalms="1080.461">
  <response-info timems="0.865" idlems="0.865" threads="0" lastid="00000000024F1300" lastname="node-14" />
</exclusive-start>
<cycle-start id="1198" type="global" contextid="0" timestamp="2019-08-08T09:55:05.694" intervalms="47471.044" />
<exclusive-end id="1199" timestamp="2019-08-08T09:55:05.694" durationms="0.019" />

<exclusive-start id="1200" timestamp="2019-08-08T09:55:06.005" intervalms="310.738">
  <response-info timems="0.660" idlems="0.660" threads="0" lastid="0000000002503E00" lastname="node-7" />
</exclusive-start>
<concurrent-collection-start id="1201" timestamp="2019-08-08T09:55:06.005" intervalms="47341.290" >
  <concurrent-trace-info reason="card cleaning threshold reached" tracedByMutators="122396" tracedByHelpers="5243964" cardsCleaned="109" workStackOverflowCount="0" />
</concurrent-collection-start>
<gc-start id="1202" type="global" contextid="1198" timestamp="2019-08-08T09:55:06.005">
  <mem-info id="1203" free="180008" total="13172736" percent="1">
    <mem type="nursery" free="19200" total="4587520" percent="0">
      <mem type="allocate" free="19200" total="4128768" percent="0" />
      <mem type="survivor" free="0" total="458752" percent="0" />
    </mem>
    <mem type="tenure" free="160808" total="8585216" percent="1">
      <mem type="soa" free="75816" total="8500224" percent="0" />
      <mem type="loa" free="84992" total="84992" percent="100" />
    </mem>
    <remembered-set count="440" />
  </mem-info>
</gc-start>
<allocation-stats totalBytes="3929720" >
  <allocated-bytes non-tlh="32" tlh="3929688" />
  <largest-consumer threadName="node-8" threadId="000000000250B600" bytes="208856" />
</allocation-stats>
<gc-op id="1204" type="rs-scan" timems="1.417" contextid="1198" timestamp="2019-08-08T09:55:06.006">
  <scan objectsFound="185" bytesTraced="12184" workStackOverflowCount="0" />
</gc-op>
<gc-op id="1205" type="card-cleaning" timems="1.373" contextid="1198" timestamp="2019-08-08T09:55:06.007">
  <card-cleaning cardsCleaned="34" bytesTraced="26144" workStackOverflowCount="0" />
</gc-op>
<gc-op id="1206" type="mark" timems="5.660" contextid="1198" timestamp="2019-08-08T09:55:06.013">
  <trace-info objectcount="302" scancount="261" scanbytes="6660" />
  <finalization candidates="13" enqueued="0" />
  <references type="soft" candidates="45" cleared="0" enqueued="0" dynamicThreshold="6" maxThreshold="32" />
  <references type="weak" candidates="130" cleared="0" enqueued="0" />
  <references type="phantom" candidates="36" cleared="0" enqueued="0" />
  <stringconstants candidates="3837" cleared="0"  />
</gc-op>
<gc-op id="1207" type="sweep" timems="3.203" contextid="1198" timestamp="2019-08-08T09:55:06.017" />
<mem-info id="1208" free="5857992" total="13172736" percent="44">
  <mem type="nursery" free="4112200" total="4587520" percent="89">
    <mem type="allocate" free="4112200" total="4128768" percent="99" />
    <mem type="survivor" free="0" total="458752" percent="0" />
  </mem>
  <mem type="tenure" free="1745792" total="8585216" percent="20" micro-fragmented="0" macro-fragmented="723458">
    <mem type="soa" free="1660800" total="8500224" percent="19" />
    <mem type="loa" free="84992" total="84992" percent="100" />
  </mem>
  <remembered-set count="359" />
</mem-info>
<gc-op id="1209" type="compact" timems="16.932" contextid="1198" timestamp="2019-08-08T09:55:06.034">
  <compact-info movecount="1253" movebytes="43272" reason="compact to aid heap contraction" />
</gc-op>
<heap-resize id="1210" type="expand" space="tenure" amount="131072" count="1" timems="0.026" reason="satisfy allocation request" timestamp="2019-08-08T09:55:06.035" />
<gc-end id="1211" type="global" contextid="1198" durationms="30.623" usertimems="18.009" systemtimems="26.299" timestamp="2019-08-08T09:55:06.035" activeThreads="16">
  <mem-info id="1212" free="6000184" total="13303808" percent="45">
    <mem type="nursery" free="4122720" total="4587520" percent="89">
      <mem type="allocate" free="4122720" total="4128768" percent="99" />
      <mem type="survivor" free="0" total="458752" percent="0" />
    </mem>
    <mem type="tenure" free="1877464" total="8716288" percent="21">
      <mem type="soa" free="1790424" total="8629248" percent="20" />
      <mem type="loa" free="87040" total="87040" percent="100" />
    </mem>
    <remembered-set count="359" />
  </mem-info>
</gc-end>
<cycle-end id="1213" type="global" contextid="1198" timestamp="2019-08-08T09:55:06.035" />
  <attribute name="elasticGC enabled" value="1" />
  <attribute name= "numThreadsSpecified" value="16" />
  <attribute name="heapSize specified" value="13172736" />
  <attribute name="Current GC Util" value="65" />
  <attribute name= "Current Time Running" value="97886" />
  <attribute name ="GC Interval" value="2873" />
  <attribute name="Target GC Util Change" value ="80.000000" />
  <attribute name="Current GC Util Change" value="65.000000"/>
  <attribute name="Current Error" value="15.000000" />
  <attribute name="Output H" value="13248440"/>
  <attribute name="Output I" value="2040"/>
  <attribute name="Output T" value="16"/>
  <attribute name= "Current Time Running" value="97886" />
  <attribute name="GC Util currently" value="65" />
  <attribute name="CPU Util currently" value="67876506657" />
<concurrent-collection-end id="1214" timestamp="2019-08-08T09:55:06.035" />
<exclusive-end id="1215" timestamp="2019-08-08T09:55:06.035" durationms="30.798" />

<exclusive-start id="1216" timestamp="2019-08-08T09:55:07.781" intervalms="1776.119">
  <response-info timems="0.116" idlems="0.116" threads="0" lastid="00000000024F1300" lastname="node-14" />
</exclusive-start>
<af-start id="1217" threadId="00000000024F1C88" totalBytesRequested="32" timestamp="2019-08-08T09:55:07.781" intervalms="3167.505" type="nursery" />
<cycle-start id="1218" type="scavenge" contextid="0" timestamp="2019-08-08T09:55:07.781" intervalms="3167.664" />
<gc-start id="1219" type="scavenge" contextid="1218" timestamp="2019-08-08T09:55:07.781">
  <mem-info id="1220" free="1877464" total="13303808" percent="14">
    <mem type="nursery" free="0" total="4587520" percent="0">
      <mem type="allocate" free="0" total="4128768" percent="0" />
      <mem type="survivor" free="0" total="458752" percent="0" />
    </mem>
    <mem type="tenure" free="1877464" total="8716288" percent="21">
      <mem type="soa" free="1790424" total="8629248" percent="20" />
      <mem type="loa" free="87040" total="87040" percent="100" />
    </mem>
    <remembered-set count="389" />
  </mem-info>
</gc-start>
<allocation-stats totalBytes="4118064" >
  <allocated-bytes non-tlh="0" tlh="4118064" />
  <largest-consumer threadName="node-16" threadId="000000000251E200" bytes="208880" />
</allocation-stats>
<gc-op id="1221" type="scavenge" timems="3.400" contextid="1218" timestamp="2019-08-08T09:55:07.785">
  <scavenger-info tenureage="2" tenuremask="4004" tiltratio="90" />
  <memory-copied type="nursery" objects="2680" bytes="63400" bytesdiscarded="17240" />
</gc-op>
<gc-end id="1222" type="scavenge" contextid="1218" durationms="3.803" usertimems="8.674" systemtimems="0.005" timestamp="2019-08-08T09:55:07.785" activeThreads="16">
  <mem-info id="1223" free="5925592" total="13303808" percent="44">
    <mem type="nursery" free="4048128" total="4587520" percent="88">
      <mem type="allocate" free="4048128" total="4128768" percent="98" />
      <mem type="survivor" free="0" total="458752" percent="0" />
    </mem>
    <mem type="tenure" free="1877464" total="8716288" percent="21" macro-fragmented="1250136">
      <mem type="soa" free="1790424" total="8629248" percent="20" />
      <mem type="loa" free="87040" total="87040" percent="100" />
    </mem>
    <remembered-set count="309" />
  </mem-info>
</gc-end>
<cycle-end id="1224" type="scavenge" contextid="1218" timestamp="2019-08-08T09:55:07.785" />
  <attribute name="elasticGC enabled" value="1" />
  <attribute name= "numThreadsSpecified" value="16" />
  <attribute name="heapSize specified" value="13172736" />
  <attribute name="Current GC Util" value="1" />
  <attribute name= "Current Time Running" value="99633" />
  <attribute name ="GC Interval" value="2177" />
  <attribute name="Target GC Util Change" value ="80.000000" />
  <attribute name="Current GC Util Change" value="1.000000"/>
  <attribute name="Current Error" value="94.000000" />
  <attribute name="Output H" value="13379600"/>
  <attribute name="Output I" value="2176"/>
  <attribute name="Output T" value="16"/>
  <attribute name= "Current Time Running" value="99633" />
  <attribute name="GC Util currently" value="1" />
  <attribute name="CPU Util currently" value="13" />
<allocation-satisfied id="1225" threadId="00000000024F1300" bytesRequested="32" />
<af-end id="1226" timestamp="2019-08-08T09:55:07.785" threadId="00000000024F1C88" success="true" from="nursery"/>
<exclusive-end id="1227" timestamp="2019-08-08T09:55:07.785" durationms="4.653" />

<exclusive-start id="1228" timestamp="2019-08-08T09:55:09.492" intervalms="1711.673">
  <response-info timems="1.107" idlems="0.444" threads="2" lastid="0000000002534900" lastname="node-10" />
</exclusive-start>
<af-start id="1229" threadId="0000000002538E88" totalBytesRequested="16" timestamp="2019-08-08T09:55:09.492" intervalms="1711.480" type="nursery" />
<cycle-start id="1230" type="scavenge" contextid="0" timestamp="2019-08-08T09:55:09.492" intervalms="1711.317" />
<gc-start id="1231" type="scavenge" contextid="1230" timestamp="2019-08-08T09:55:09.492">
  <mem-info id="1232" free="1877464" total="13303808" percent="14">
    <mem type="nursery" free="0" total="4587520" percent="0">
      <mem type="allocate" free="0" total="4128768" percent="0" />
      <mem type="survivor" free="0" total="458752" percent="0" />
    </mem>
    <mem type="tenure" free="1877464" total="8716288" percent="21">
      <mem type="soa" free="1790424" total="8629248" percent="20" />
      <mem type="loa" free="87040" total="87040" percent="100" />
    </mem>
    <remembered-set count="417" />
  </mem-info>
</gc-start>
<allocation-stats totalBytes="4041000" >
  <allocated-bytes non-tlh="32" tlh="4040968" />
  <largest-consumer threadName="node-7" threadId="0000000002503E00" bytes="208872" />
</allocation-stats>
<gc-op id="1233" type="scavenge" timems="5.051" contextid="1230" timestamp="2019-08-08T09:55:09.498">
  <scavenger-info tenureage="14" tenuremask="4000" tiltratio="90" />
  <memory-copied type="nursery" objects="4947" bytes="125984" bytesdiscarded="35296" />
</gc-op>
<gc-end id="1234" type="scavenge" contextid="1230" durationms="5.523" usertimems="0.976" systemtimems="3.183" timestamp="2019-08-08T09:55:09.498" activeThreads="16">
  <mem-info id="1235" free="5844952" total="13303808" percent="43">
    <mem type="nursery" free="3967488" total="4587520" percent="86">
      <mem type="allocate" free="3967488" total="4128768" percent="96" />
      <mem type="survivor" free="0" total="458752" percent="0" />
    </mem>
    <mem type="tenure" free="1877464" total="8716288" percent="21" macro-fragmented="1041779">
      <mem type="soa" free="1790424" total="8629248" percent="20" />
      <mem type="loa" free="87040" total="87040" percent="100" />
    </mem>
    <remembered-set count="347" />
  </mem-info>
</gc-end>
<cycle-end id="1236" type="scavenge" contextid="1230" timestamp="2019-08-08T09:55:09.498" />
  <attribute name="elasticGC enabled" value="1" />
  <attribute name= "numThreadsSpecified" value="16" />
  <attribute name="heapSize specified" value="13172736" />
  <attribute name="Current GC Util" value="0" />
  <attribute name= "Current Time Running" value="101345" />
  <attribute name ="GC Interval" value="2321" />
  <attribute name="Target GC Util Change" value ="80.000000" />
  <attribute name="Current GC Util Change" value="0.000000"/>
  <attribute name="Current Error" value="174.000000" />
  <attribute name="Output H" value="13379688"/>
  <attribute name="Output I" value="2320"/>
  <attribute name="Output T" value="16"/>
  <attribute name= "Current Time Running" value="101345" />
  <attribute name="GC Util currently" value="0" />
  <attribute name="CPU Util currently" value="12" />
<allocation-satisfied id="1237" threadId="0000000002538500" bytesRequested="16" />
<af-end id="1238" timestamp="2019-08-08T09:55:09.498" threadId="0000000002538E88" success="true" from="nursery"/>
<exclusive-end id="1239" timestamp="2019-08-08T09:55:09.498" durationms="5.795" />

<exclusive-start id="1240" timestamp="2019-08-08T09:55:10.927" intervalms="1434.227">
  <response-info timems="0.657" idlems="0.657" threads="0" lastid="000000000251E200" lastname="node-16" />
</exclusive-start>
<af-start id="1241" threadId="000000000251EB88" totalBytesRequested="32" timestamp="2019-08-08T09:55:10.927" intervalms="1434.213" type="nursery" />
<cycle-start id="1242" type="scavenge" contextid="0" timestamp="2019-08-08T09:55:10.927" intervalms="1434.219" />
<gc-start id="1243" type="scavenge" contextid="1242" timestamp="2019-08-08T09:55:10.927">
  <mem-info id="1244" free="1877464" total="13303808" percent="14">
    <mem type="nursery" free="0" total="4587520" percent="0">
      <mem type="allocate" free="0" total="4128768" percent="0" />
      <mem type="survivor" free="0" total="458752" percent="0" />
    </mem>
    <mem type="tenure" free="1877464" total="8716288" percent="21">
      <mem type="soa" free="1790424" total="8629248" percent="20" />
      <mem type="loa" free="87040" total="87040" percent="100" />
    </mem>
    <remembered-set count="446" />
  </mem-info>
</gc-start>
<allocation-stats totalBytes="3961920" >
  <allocated-bytes non-tlh="16" tlh="3961904" />
  <largest-consumer threadName="node-8" threadId="000000000250B600" bytes="208832" />
</allocation-stats>
<gc-op id="1245" type="scavenge" timems="5.985" contextid="1242" timestamp="2019-08-08T09:55:10.933">
  <scavenger-info tenureage="14" tenuremask="4000" tiltratio="90" />
  <memory-copied type="nursery" objects="6935" bytes="166808" bytesdiscarded="1384" />
</gc-op>
<gc-end id="1246" type="scavenge" contextid="1242" durationms="6.261" usertimems="8.400" systemtimems="1.992" timestamp="2019-08-08T09:55:10.933" activeThreads="16">
  <mem-info id="1247" free="5838040" total="13303808" percent="43">
    <mem type="nursery" free="3960576" total="4587520" percent="86">
      <mem type="allocate" free="3960576" total="4128768" percent="95" />
      <mem type="survivor" free="0" total="458752" percent="0" />
    </mem>
    <mem type="tenure" free="1877464" total="8716288" percent="21" macro-fragmented="1500163">
      <mem type="soa" free="1790424" total="8629248" percent="20" />
      <mem type="loa" free="87040" total="87040" percent="100" />
    </mem>
    <remembered-set count="377" />
  </mem-info>
</gc-end>
<cycle-end id="1248" type="scavenge" contextid="1242" timestamp="2019-08-08T09:55:10.933" />
  <attribute name="elasticGC enabled" value="1" />
  <attribute name= "numThreadsSpecified" value="16" />
  <attribute name="heapSize specified" value="13172736" />
  <attribute name="Current GC Util" value="0" />
  <attribute name= "Current Time Running" value="102779" />
  <attribute name ="GC Interval" value="2465" />
  <attribute name="Target GC Util Change" value ="80.000000" />
  <attribute name="Current GC Util Change" value="0.000000"/>
  <attribute name="Current Error" value="254.000000" />
  <attribute name="Output H" value="13379784"/>
  <attribute name="Output I" value="2464"/>
  <attribute name="Output T" value="16"/>
  <attribute name= "Current Time Running" value="102779" />
  <attribute name="GC Util currently" value="0" />
  <attribute name="CPU Util currently" value="10" />
<allocation-satisfied id="1249" threadId="000000000251E200" bytesRequested="32" />
<af-end id="1250" timestamp="2019-08-08T09:55:10.933" threadId="000000000251EB88" success="true" from="nursery"/>
<exclusive-end id="1251" timestamp="2019-08-08T09:55:10.933" durationms="6.531" />

<exclusive-start id="1252" timestamp="2019-08-08T09:55:12.102" intervalms="1175.820">
  <response-info timems="0.031" idlems="0.031" threads="0" lastid="000000000251E200" lastname="node-16" />
</exclusive-start>
<af-start id="1253" threadId="000000000251EB88" totalBytesRequested="32" timestamp="2019-08-08T09:55:12.103" intervalms="1176.463" type="nursery" />
<cycle-start id="1254" type="scavenge" contextid="0" timestamp="2019-08-08T09:55:12.103" intervalms="1176.523" />
<gc-start id="1255" type="scavenge" contextid="1254" timestamp="2019-08-08T09:55:12.104">
  <mem-info id="1256" free="1877464" total="13303808" percent="14">
    <mem type="nursery" free="0" total="4587520" percent="0">
      <mem type="allocate" free="0" total="4128768" percent="0" />
      <mem type="survivor" free="0" total="458752" percent="0" />
    </mem>
    <mem type="tenure" free="1877464" total="8716288" percent="21">
      <mem type="soa" free="1790424" total="8629248" percent="20" />
      <mem type="loa" free="87040" total="87040" percent="100" />
    </mem>
    <remembered-set count="472" />
  </mem-info>
</gc-start>
<allocation-stats totalBytes="3954288" >
  <allocated-bytes non-tlh="32" tlh="3954256" />
  <largest-consumer threadName="node-8" threadId="000000000250B600" bytes="208848" />
</allocation-stats>
<gc-op id="1257" type="scavenge" timems="5.748" contextid="1254" timestamp="2019-08-08T09:55:12.110">
  <scavenger-info tenureage="3" tenuremask="4008" tiltratio="90" />
  <memory-copied type="nursery" objects="6117" bytes="148520" bytesdiscarded="68824" />
  <memory-copied type="tenure" objects="2565" bytes="61560" bytesdiscarded="0" />
</gc-op>
<gc-end id="1258" type="scavenge" contextid="1254" durationms="6.228" usertimems="4.505" systemtimems="6.516" timestamp="2019-08-08T09:55:12.110" activeThreads="16">
  <mem-info id="1259" free="5708248" total="13303808" percent="42">
    <mem type="nursery" free="3911424" total="4587520" percent="85">
      <mem type="allocate" free="3911424" total="4128768" percent="94" />
      <mem type="survivor" free="0" total="458752" percent="0" />
    </mem>
    <mem type="tenure" free="1796824" total="8716288" percent="20" macro-fragmented="1500163">
      <mem type="soa" free="1709784" total="8629248" percent="19" />
      <mem type="loa" free="87040" total="87040" percent="100" />
    </mem>
    <remembered-set count="379" />
  </mem-info>
</gc-end>
<cycle-end id="1260" type="scavenge" contextid="1254" timestamp="2019-08-08T09:55:12.110" />
  <attribute name="elasticGC enabled" value="1" />
  <attribute name= "numThreadsSpecified" value="16" />
  <attribute name="heapSize specified" value="13172736" />
  <attribute name="Current GC Util" value="0" />
  <attribute name= "Current Time Running" value="103956" />
  <attribute name ="GC Interval" value="2609" />
  <attribute name="Target GC Util Change" value ="80.000000" />
  <attribute name="Current GC Util Change" value="0.000000"/>
  <attribute name="Current Error" value="334.000000" />
  <attribute name="Output H" value="13379880"/>
  <attribute name="Output I" value="2608"/>
  <attribute name="Output T" value="16"/>
  <attribute name= "Current Time Running" value="103956" />
  <attribute name="GC Util currently" value="0" />
  <attribute name="CPU Util currently" value="9" />
<allocation-satisfied id="1261" threadId="000000000251E200" bytesRequested="32" />
<af-end id="1262" timestamp="2019-08-08T09:55:12.111" threadId="000000000251EB88" success="true" from="nursery"/>
<exclusive-end id="1263" timestamp="2019-08-08T09:55:12.111" durationms="8.245" />

<exclusive-start id="1264" timestamp="2019-08-08T09:55:13.679" intervalms="1576.757">
  <response-info timems="0.731" idlems="0.731" threads="0" lastid="0000000002500200" lastname="node-20" />
</exclusive-start>
<af-start id="1265" threadId="0000000002500B88" totalBytesRequested="720" timestamp="2019-08-08T09:55:13.679" intervalms="1576.126" type="nursery" />
<cycle-start id="1266" type="scavenge" contextid="0" timestamp="2019-08-08T09:55:13.679" intervalms="1576.065" />
<gc-start id="1267" type="scavenge" contextid="1266" timestamp="2019-08-08T09:55:13.679">
  <mem-info id="1268" free="1796824" total="13303808" percent="13">
    <mem type="nursery" free="0" total="4587520" percent="0">
      <mem type="allocate" free="0" total="4128768" percent="0" />
      <mem type="survivor" free="0" total="458752" percent="0" />
    </mem>
    <mem type="tenure" free="1796824" total="8716288" percent="20">
      <mem type="soa" free="1709784" total="8629248" percent="19" />
      <mem type="loa" free="87040" total="87040" percent="100" />
    </mem>
    <remembered-set count="471" />
  </mem-info>
</gc-start>
<allocation-stats totalBytes="3905968" >
  <allocated-bytes non-tlh="32" tlh="3905936" />
  <largest-consumer threadName="node-8" threadId="000000000250B600" bytes="208848" />
</allocation-stats>
<gc-op id="1269" type="scavenge" timems="3.857" contextid="1266" timestamp="2019-08-08T09:55:13.683">
  <scavenger-info tenureage="3" tenuremask="4008" tiltratio="90" />
  <memory-copied type="nursery" objects="5888" bytes="147880" bytesdiscarded="77912" />
  <memory-copied type="tenure" objects="2222" bytes="53328" bytesdiscarded="0" />
</gc-op>
<gc-end id="1270" type="scavenge" contextid="1266" durationms="4.155" usertimems="1.707" systemtimems="4.854" timestamp="2019-08-08T09:55:13.683" activeThreads="16">
  <mem-info id="1271" free="5635288" total="13303808" percent="42">
    <mem type="nursery" free="3902976" total="4587520" percent="85">
      <mem type="allocate" free="3902976" total="4128768" percent="94" />
      <mem type="survivor" free="0" total="458752" percent="0" />
    </mem>
    <mem type="tenure" free="1732312" total="8716288" percent="19" macro-fragmented="1250136">
      <mem type="soa" free="1645272" total="8629248" percent="19" />
      <mem type="loa" free="87040" total="87040" percent="100" />
    </mem>
    <remembered-set count="367" />
  </mem-info>
</gc-end>
<cycle-end id="1272" type="scavenge" contextid="1266" timestamp="2019-08-08T09:55:13.684" />
  <attribute name="elasticGC enabled" value="1" />
  <attribute name= "numThreadsSpecified" value="16" />
  <attribute name="heapSize specified" value="13172736" />
  <attribute name="Current GC Util" value="0" />
  <attribute name= "Current Time Running" value="105531" />
  <attribute name ="GC Interval" value="2753" />
  <attribute name="Target GC Util Change" value ="80.000000" />
  <attribute name="Current GC Util Change" value="0.000000"/>
  <attribute name="Current Error" value="414.000000" />
  <attribute name="Output H" value="13379968"/>
  <attribute name="Output I" value="2752"/>
  <attribute name="Output T" value="16"/>
  <attribute name= "Current Time Running" value="105531" />
  <attribute name="GC Util currently" value="0" />
  <attribute name="CPU Util currently" value="11" />
<allocation-satisfied id="1273" threadId="0000000002500200" bytesRequested="720" />
<af-end id="1274" timestamp="2019-08-08T09:55:13.684" threadId="0000000002500B88" success="true" from="nursery"/>
<exclusive-end id="1275" timestamp="2019-08-08T09:55:13.684" durationms="4.579" />

<exclusive-start id="1276" timestamp="2019-08-08T09:55:15.802" intervalms="2123.322">
  <response-info timems="0.068" idlems="0.068" threads="0" lastid="00000000024FC600" lastname="node-24" />
</exclusive-start>
<af-start id="1277" threadId="00000000024FCF88" totalBytesRequested="32" timestamp="2019-08-08T09:55:15.803" intervalms="2123.318" type="nursery" />
<cycle-start id="1278" type="scavenge" contextid="0" timestamp="2019-08-08T09:55:15.803" intervalms="2123.314" />
<gc-start id="1279" type="scavenge" contextid="1278" timestamp="2019-08-08T09:55:15.803">
  <mem-info id="1280" free="1732312" total="13303808" percent="13">
    <mem type="nursery" free="0" total="4587520" percent="0">
      <mem type="allocate" free="0" total="4128768" percent="0" />
      <mem type="survivor" free="0" total="458752" percent="0" />
    </mem>
    <mem type="tenure" free="1732312" total="8716288" percent="19">
      <mem type="soa" free="1645272" total="8629248" percent="19" />
      <mem type="loa" free="87040" total="87040" percent="100" />
    </mem>
    <remembered-set count="469" />
  </mem-info>
</gc-start>
<allocation-stats totalBytes="3900440" >
  <allocated-bytes non-tlh="720" tlh="3899720" />
  <largest-consumer threadName="node-9" threadId="00000000024DE700" bytes="208784" />
</allocation-stats>
<gc-op id="1281" type="scavenge" timems="2.938" contextid="1278" timestamp="2019-08-08T09:55:15.806">
  <scavenger-info tenureage="3" tenuremask="4008" tiltratio="90" />
  <memory-copied type="nursery" objects="6823" bytes="162832" bytesdiscarded="79088" />
  <memory-copied type="tenure" objects="2020" bytes="48480" bytesdiscarded="0" />
</gc-op>
<gc-end id="1282" type="scavenge" contextid="1278" durationms="3.297" usertimems="9.083" systemtimems="0.441" timestamp="2019-08-08T09:55:15.806" activeThreads="16">
  <mem-info id="1283" free="5554648" total="13303808" percent="41">
    <mem type="nursery" free="3886848" total="4587520" percent="84">
      <mem type="allocate" free="3886848" total="4128768" percent="94" />
      <mem type="survivor" free="0" total="458752" percent="0" />
    </mem>
    <mem type="tenure" free="1667800" total="8716288" percent="19" macro-fragmented="1500163">
      <mem type="soa" free="1580760" total="8629248" percent="18" />
      <mem type="loa" free="87040" total="87040" percent="100" />
    </mem>
    <remembered-set count="370" />
  </mem-info>
</gc-end>
<cycle-end id="1284" type="scavenge" contextid="1278" timestamp="2019-08-08T09:55:15.806" />
  <attribute name="elasticGC enabled" value="1" />
  <attribute name= "numThreadsSpecified" value="16" />
  <attribute name="heapSize specified" value="13172736" />
  <attribute name="Current GC Util" value="0" />
  <attribute name= "Current Time Running" value="107655" />
  <attribute name ="GC Interval" value="2153" />
  <attribute name="Target GC Util Change" value ="80.000000" />
  <attribute name="Current GC Util Change" value="0.000000"/>
  <attribute name="Current Error" value="80.000000" />
  <attribute name="Output H" value="13379584"/>
  <attribute name="Output I" value="2152"/>
  <attribute name="Output T" value="16"/>
  <attribute name= "Current Time Running" value="107655" />
  <attribute name="GC Util currently" value="0" />
  <attribute name="CPU Util currently" value="13" />
<allocation-satisfied id="1285" threadId="00000000024FC600" bytesRequested="32" />
<af-end id="1286" timestamp="2019-08-08T09:55:15.806" threadId="00000000024FCF88" success="true" from="nursery"/>
<exclusive-end id="1287" timestamp="2019-08-08T09:55:15.806" durationms="3.496" />

<exclusive-start id="1288" timestamp="2019-08-08T09:55:17.249" intervalms="1446.139">
  <response-info timems="0.365" idlems="0.365" threads="0" lastid="0000000002521D00" lastname="node-15" />
</exclusive-start>
<af-start id="1289" threadId="0000000002522688" totalBytesRequested="32" timestamp="2019-08-08T09:55:17.249" intervalms="1446.173" type="nursery" />
<cycle-start id="1290" type="scavenge" contextid="0" timestamp="2019-08-08T09:55:17.249" intervalms="1446.184" />
<gc-start id="1291" type="scavenge" contextid="1290" timestamp="2019-08-08T09:55:17.249">
  <mem-info id="1292" free="1667800" total="13303808" percent="12">
    <mem type="nursery" free="0" total="4587520" percent="0">
      <mem type="allocate" free="0" total="4128768" percent="0" />
      <mem type="survivor" free="0" total="458752" percent="0" />
    </mem>
    <mem type="tenure" free="1667800" total="8716288" percent="19">
      <mem type="soa" free="1580760" total="8629248" percent="18" />
      <mem type="loa" free="87040" total="87040" percent="100" />
    </mem>
    <remembered-set count="478" />
  </mem-info>
</gc-start>
<allocation-stats totalBytes="3883240" >
  <allocated-bytes non-tlh="32" tlh="3883208" />
  <largest-consumer threadName="node-9" threadId="00000000024DE700" bytes="208592" />
</allocation-stats>
<gc-op id="1293" type="scavenge" timems="6.126" contextid="1290" timestamp="2019-08-08T09:55:17.255">
  <scavenger-info tenureage="14" tenuremask="4000" tiltratio="90" />
  <memory-copied type="nursery" objects="8672" bytes="209824" bytesdiscarded="39008" />
</gc-op>
<gc-end id="1294" type="scavenge" contextid="1290" durationms="6.469" usertimems="8.857" systemtimems="9.189" timestamp="2019-08-08T09:55:17.255" activeThreads="16">
  <mem-info id="1295" free="5547736" total="13303808" percent="41">
    <mem type="nursery" free="3879936" total="4587520" percent="84">
      <mem type="allocate" free="3879936" total="4128768" percent="93" />
      <mem type="survivor" free="0" total="458752" percent="0" />
    </mem>
    <mem type="tenure" free="1667800" total="8716288" percent="19" macro-fragmented="1500163">
      <mem type="soa" free="1580760" total="8629248" percent="18" />
      <mem type="loa" free="87040" total="87040" percent="100" />
    </mem>
    <remembered-set count="424" />
  </mem-info>
</gc-end>
<cycle-end id="1296" type="scavenge" contextid="1290" timestamp="2019-08-08T09:55:17.255" />
  <attribute name="elasticGC enabled" value="1" />
  <attribute name= "numThreadsSpecified" value="16" />
  <attribute name="heapSize specified" value="13172736" />
  <attribute name="Current GC Util" value="0" />
  <attribute name= "Current Time Running" value="109101" />
  <attribute name ="GC Interval" value="2297" />
  <attribute name="Target GC Util Change" value ="80.000000" />
  <attribute name="Current GC Util Change" value="0.000000"/>
  <attribute name="Current Error" value="160.000000" />
  <attribute name="Output H" value="13379672"/>
  <attribute name="Output I" value="2296"/>
  <attribute name="Output T" value="16"/>
  <attribute name= "Current Time Running" value="109101" />
  <attribute name="GC Util currently" value="0" />
  <attribute name="CPU Util currently" value="11" />
<allocation-satisfied id="1297" threadId="0000000002521D00" bytesRequested="32" />
<af-end id="1298" timestamp="2019-08-08T09:55:17.255" threadId="0000000002522688" success="true" from="nursery"/>
<exclusive-end id="1299" timestamp="2019-08-08T09:55:17.255" durationms="6.745" />

<exclusive-start id="1300" timestamp="2019-08-08T09:55:18.584" intervalms="1335.673">
  <response-info timems="0.036" idlems="0.036" threads="0" lastid="000000000250F200" lastname="node-23" />
</exclusive-start>
<af-start id="1301" threadId="000000000250FB88" totalBytesRequested="24" timestamp="2019-08-08T09:55:18.584" intervalms="1335.623" type="nursery" />
<cycle-start id="1302" type="scavenge" contextid="0" timestamp="2019-08-08T09:55:18.584" intervalms="1335.622" />
<gc-start id="1303" type="scavenge" contextid="1302" timestamp="2019-08-08T09:55:18.584">
  <mem-info id="1304" free="1667800" total="13303808" percent="12">
    <mem type="nursery" free="0" total="4587520" percent="0">
      <mem type="allocate" free="0" total="4128768" percent="0" />
      <mem type="survivor" free="0" total="458752" percent="0" />
    </mem>
    <mem type="tenure" free="1667800" total="8716288" percent="19">
      <mem type="soa" free="1580760" total="8629248" percent="18" />
      <mem type="loa" free="87040" total="87040" percent="100" />
    </mem>
    <remembered-set count="505" />
  </mem-info>
</gc-start>
<allocation-stats totalBytes="3871296" >
  <allocated-bytes non-tlh="32" tlh="3871264" />
  <largest-consumer threadName="node-9" threadId="00000000024DE700" bytes="208856" />
</allocation-stats>
<gc-op id="1305" type="scavenge" timems="4.174" contextid="1302" timestamp="2019-08-08T09:55:18.589">
  <scavenger-info tenureage="3" tenuremask="4018" tiltratio="90" />
  <memory-copied type="nursery" objects="6693" bytes="162408" bytesdiscarded="63384" />
  <memory-copied type="tenure" objects="3710" bytes="89040" bytesdiscarded="0" />
</gc-op>
<gc-end id="1306" type="scavenge" contextid="1302" durationms="4.942" usertimems="5.727" systemtimems="7.607" timestamp="2019-08-08T09:55:18.589" activeThreads="16">
  <mem-info id="1307" free="5474008" total="13303808" percent="41">
    <mem type="nursery" free="3902976" total="4587520" percent="85">
      <mem type="allocate" free="3902976" total="4128768" percent="94" />
      <mem type="survivor" free="0" total="458752" percent="0" />
    </mem>
    <mem type="tenure" free="1571032" total="8716288" percent="18" macro-fragmented="602881">
      <mem type="soa" free="1483992" total="8629248" percent="17" />
      <mem type="loa" free="87040" total="87040" percent="100" />
    </mem>
    <remembered-set count="389" />
  </mem-info>
</gc-end>
<cycle-end id="1308" type="scavenge" contextid="1302" timestamp="2019-08-08T09:55:18.589" />
  <attribute name="elasticGC enabled" value="1" />
  <attribute name= "numThreadsSpecified" value="16" />
  <attribute name="heapSize specified" value="13172736" />
  <attribute name="Current GC Util" value="1" />
  <attribute name= "Current Time Running" value="110437" />
  <attribute name ="GC Interval" value="2441" />
  <attribute name="Target GC Util Change" value ="80.000000" />
  <attribute name="Current GC Util Change" value="1.000000"/>
  <attribute name="Current Error" value="239.000000" />
  <attribute name="Output H" value="13379768"/>
  <attribute name="Output I" value="2440"/>
  <attribute name="Output T" value="16"/>
  <attribute name= "Current Time Running" value="110437" />
  <attribute name="GC Util currently" value="1" />
  <attribute name="CPU Util currently" value="9" />
<allocation-satisfied id="1309" threadId="000000000250F200" bytesRequested="24" />
<af-end id="1310" timestamp="2019-08-08T09:55:18.589" threadId="000000000250FB88" success="true" from="nursery"/>
<exclusive-end id="1311" timestamp="2019-08-08T09:55:18.589" durationms="5.157" />

<exclusive-start id="1312" timestamp="2019-08-08T09:55:20.066" intervalms="1481.902">
  <response-info timems="0.191" idlems="0.191" threads="0" lastid="0000000002521D00" lastname="node-15" />
</exclusive-start>
<af-start id="1313" threadId="0000000002522688" totalBytesRequested="16" timestamp="2019-08-08T09:55:20.066" intervalms="1481.988" type="nursery" />
<cycle-start id="1314" type="scavenge" contextid="0" timestamp="2019-08-08T09:55:20.066" intervalms="1482.019" />
<gc-start id="1315" type="scavenge" contextid="1314" timestamp="2019-08-08T09:55:20.066">
  <mem-info id="1316" free="1571032" total="13303808" percent="11">
    <mem type="nursery" free="0" total="4587520" percent="0">
      <mem type="allocate" free="0" total="4128768" percent="0" />
      <mem type="survivor" free="0" total="458752" percent="0" />
    </mem>
    <mem type="tenure" free="1571032" total="8716288" percent="18">
      <mem type="soa" free="1483992" total="8629248" percent="17" />
      <mem type="loa" free="87040" total="87040" percent="100" />
    </mem>
    <remembered-set count="473" />
  </mem-info>
</gc-start>
<allocation-stats totalBytes="3898240" >
  <allocated-bytes non-tlh="24" tlh="3898216" />
  <largest-consumer threadName="node-8" threadId="000000000250B600" bytes="208872" />
</allocation-stats>
<gc-op id="1317" type="scavenge" timems="7.415" contextid="1314" timestamp="2019-08-08T09:55:20.074">
  <scavenger-info tenureage="3" tenuremask="4008" tiltratio="90" />
  <memory-copied type="nursery" objects="5566" bytes="133336" bytesdiscarded="44072" />
  <memory-copied type="tenure" objects="2998" bytes="71952" bytesdiscarded="0" />
</gc-op>
<gc-end id="1318" type="scavenge" contextid="1314" durationms="8.061" usertimems="3.495" systemtimems="5.944" timestamp="2019-08-08T09:55:20.075" activeThreads="16">
  <mem-info id="1319" free="5441752" total="13303808" percent="40">
    <mem type="nursery" free="3951360" total="4587520" percent="86">
      <mem type="allocate" free="3951360" total="4128768" percent="95" />
      <mem type="survivor" free="0" total="458752" percent="0" />
    </mem>
    <mem type="tenure" free="1490392" total="8716288" percent="17" macro-fragmented="1041779">
      <mem type="soa" free="1403352" total="8629248" percent="16" />
      <mem type="loa" free="87040" total="87040" percent="100" />
    </mem>
    <remembered-set count="363" />
  </mem-info>
</gc-end>
<cycle-end id="1320" type="scavenge" contextid="1314" timestamp="2019-08-08T09:55:20.075" />
  <attribute name="elasticGC enabled" value="1" />
  <attribute name= "numThreadsSpecified" value="16" />
  <attribute name="heapSize specified" value="13172736" />
  <attribute name="Current GC Util" value="0" />
  <attribute name= "Current Time Running" value="111919" />
  <attribute name ="GC Interval" value="2585" />
  <attribute name="Target GC Util Change" value ="80.000000" />
  <attribute name="Current GC Util Change" value="0.000000"/>
  <attribute name="Current Error" value="319.000000" />
  <attribute name="Output H" value="13379856"/>
  <attribute name="Output I" value="2584"/>
  <attribute name="Output T" value="16"/>
  <attribute name= "Current Time Running" value="111919" />
  <attribute name="GC Util currently" value="0" />
  <attribute name="CPU Util currently" value="10" />
<allocation-satisfied id="1321" threadId="0000000002521D00" bytesRequested="16" />
<af-end id="1322" timestamp="2019-08-08T09:55:20.078" threadId="0000000002522688" success="true" from="nursery"/>
<exclusive-end id="1323" timestamp="2019-08-08T09:55:20.078" durationms="11.450" />

<exclusive-start id="1324" timestamp="2019-08-08T09:55:21.860" intervalms="1793.402">
  <response-info timems="0.420" idlems="0.212" threads="1" lastid="00000000024E5F00" lastname="node-11" />
</exclusive-start>
<af-start id="1325" threadId="00000000024F9488" totalBytesRequested="16" timestamp="2019-08-08T09:55:21.860" intervalms="1793.328" type="nursery" />
<cycle-start id="1326" type="scavenge" contextid="0" timestamp="2019-08-08T09:55:21.860" intervalms="1793.285" />
<gc-start id="1327" type="scavenge" contextid="1326" timestamp="2019-08-08T09:55:21.860">
  <mem-info id="1328" free="1490392" total="13303808" percent="11">
    <mem type="nursery" free="0" total="4587520" percent="0">
      <mem type="allocate" free="0" total="4128768" percent="0" />
      <mem type="survivor" free="0" total="458752" percent="0" />
    </mem>
    <mem type="tenure" free="1490392" total="8716288" percent="17">
      <mem type="soa" free="1403352" total="8629248" percent="16" />
      <mem type="loa" free="87040" total="87040" percent="100" />
    </mem>
    <remembered-set count="468" />
  </mem-info>
</gc-start>
<allocation-stats totalBytes="3945056" >
  <allocated-bytes non-tlh="16" tlh="3945040" />
  <largest-consumer threadName="node-8" threadId="000000000250B600" bytes="208872" />
</allocation-stats>
<gc-op id="1329" type="scavenge" timems="2.576" contextid="1326" timestamp="2019-08-08T09:55:21.862">
  <scavenger-info tenureage="14" tenuremask="4000" tiltratio="90" />
  <memory-copied type="nursery" objects="8393" bytes="208000" bytesdiscarded="98432" />
</gc-op>
<gc-end id="1330" type="scavenge" contextid="1326" durationms="3.008" usertimems="0.224" systemtimems="6.697" timestamp="2019-08-08T09:55:21.863" activeThreads="16">
  <mem-info id="1331" free="5312728" total="13303808" percent="39">
    <mem type="nursery" free="3822336" total="4587520" percent="83">
      <mem type="allocate" free="3822336" total="4128768" percent="92" />
      <mem type="survivor" free="0" total="458752" percent="0" />
    </mem>
    <mem type="tenure" free="1490392" total="8716288" percent="17" macro-fragmented="1250136">
      <mem type="soa" free="1403352" total="8629248" percent="16" />
      <mem type="loa" free="87040" total="87040" percent="100" />
    </mem>
    <remembered-set count="396" />
  </mem-info>
</gc-end>
<cycle-end id="1332" type="scavenge" contextid="1326" timestamp="2019-08-08T09:55:21.863" />
  <attribute name="elasticGC enabled" value="1" />
  <attribute name= "numThreadsSpecified" value="16" />
  <attribute name="heapSize specified" value="13172736" />
  <attribute name="Current GC Util" value="0" />
  <attribute name= "Current Time Running" value="113712" />
  <attribute name ="GC Interval" value="2721" />
  <attribute name="Target GC Util Change" value ="80.000000" />
  <attribute name="Current GC Util Change" value="0.000000"/>
  <attribute name="Current Error" value="399.000000" />
  <attribute name="Output H" value="13379952"/>
  <attribute name="Output I" value="2720"/>
  <attribute name="Output T" value="16"/>
  <attribute name= "Current Time Running" value="113712" />
  <attribute name="GC Util currently" value="0" />
  <attribute name="CPU Util currently" value="12" />
<allocation-satisfied id="1333" threadId="00000000024F8B00" bytesRequested="16" />
<af-end id="1334" timestamp="2019-08-08T09:55:21.863" threadId="00000000024F9488" success="true" from="nursery"/>
<exclusive-end id="1335" timestamp="2019-08-08T09:55:21.863" durationms="3.239" />

<exclusive-start id="1336" timestamp="2019-08-08T09:55:23.326" intervalms="1466.170">
  <response-info timems="1.149" idlems="1.149" threads="0" lastid="00000000024DE700" lastname="node-9" />
</exclusive-start>
<af-start id="1337" threadId="00000000024DF088" totalBytesRequested="16" timestamp="2019-08-08T09:55:23.326" intervalms="1466.214" type="nursery" />
<cycle-start id="1338" type="scavenge" contextid="0" timestamp="2019-08-08T09:55:23.326" intervalms="1466.231" />
<gc-start id="1339" type="scavenge" contextid="1338" timestamp="2019-08-08T09:55:23.326">
  <mem-info id="1340" free="1490392" total="13303808" percent="11">
    <mem type="nursery" free="0" total="4587520" percent="0">
      <mem type="allocate" free="0" total="4128768" percent="0" />
      <mem type="survivor" free="0" total="458752" percent="0" />
    </mem>
    <mem type="tenure" free="1490392" total="8716288" percent="17">
      <mem type="soa" free="1403352" total="8629248" percent="16" />
      <mem type="loa" free="87040" total="87040" percent="100" />
    </mem>
    <remembered-set count="497" />
  </mem-info>
</gc-start>
<allocation-stats totalBytes="3818536" >
  <allocated-bytes non-tlh="16" tlh="3818520" />
  <largest-consumer threadName="node-24" threadId="00000000024FC600" bytes="192448" />
</allocation-stats>
<gc-op id="1341" type="scavenge" timems="2.736" contextid="1338" timestamp="2019-08-08T09:55:23.329">
  <scavenger-info tenureage="4" tenuremask="4010" tiltratio="90" />
  <memory-copied type="nursery" objects="8730" bytes="213624" bytesdiscarded="108936" />
  <memory-copied type="tenure" objects="1820" bytes="43680" bytesdiscarded="0" />
</gc-op>
<gc-end id="1342" type="scavenge" contextid="1338" durationms="3.139" usertimems="2.517" systemtimems="2.801" timestamp="2019-08-08T09:55:23.329" activeThreads="16">
  <mem-info id="1343" free="5248216" total="13303808" percent="39">
    <mem type="nursery" free="3806208" total="4587520" percent="82">
      <mem type="allocate" free="3806208" total="4128768" percent="92" />
      <mem type="survivor" free="0" total="458752" percent="0" />
    </mem>
    <mem type="tenure" free="1442008" total="8716288" percent="16" macro-fragmented="868149">
      <mem type="soa" free="1354968" total="8629248" percent="15" />
      <mem type="loa" free="87040" total="87040" percent="100" />
    </mem>
    <remembered-set count="399" />
  </mem-info>
</gc-end>
<cycle-end id="1344" type="scavenge" contextid="1338" timestamp="2019-08-08T09:55:23.329" />
  <attribute name="elasticGC enabled" value="1" />
  <attribute name= "numThreadsSpecified" value="16" />
  <attribute name="heapSize specified" value="13172736" />
  <attribute name="Current GC Util" value="0" />
  <attribute name= "Current Time Running" value="115178" />
  <attribute name ="GC Interval" value="2865" />
  <attribute name="Target GC Util Change" value ="80.000000" />
  <attribute name="Current GC Util Change" value="0.000000"/>
  <attribute name="Current Error" value="479.000000" />
  <attribute name="Output H" value="13380048"/>
  <attribute name="Output I" value="2864"/>
  <attribute name="Output T" value="16"/>
  <attribute name= "Current Time Running" value="115178" />
  <attribute name="GC Util currently" value="0" />
  <attribute name="CPU Util currently" value="10" />
<allocation-satisfied id="1345" threadId="00000000024DE700" bytesRequested="16" />
<af-end id="1346" timestamp="2019-08-08T09:55:23.329" threadId="00000000024DF088" success="true" from="nursery"/>
<exclusive-end id="1347" timestamp="2019-08-08T09:55:23.329" durationms="3.394" />

<exclusive-start id="1348" timestamp="2019-08-08T09:55:24.959" intervalms="1633.260">
  <response-info timems="0.473" idlems="0.473" threads="0" lastid="0000000002503E00" lastname="node-7" />
</exclusive-start>
<af-start id="1349" threadId="0000000002504788" totalBytesRequested="128" timestamp="2019-08-08T09:55:24.959" intervalms="1633.225" type="nursery" />
<cycle-start id="1350" type="scavenge" contextid="0" timestamp="2019-08-08T09:55:24.959" intervalms="1633.215" />
<gc-start id="1351" type="scavenge" contextid="1350" timestamp="2019-08-08T09:55:24.959">
  <mem-info id="1352" free="1442008" total="13303808" percent="10">
    <mem type="nursery" free="0" total="4587520" percent="0">
      <mem type="allocate" free="0" total="4128768" percent="0" />
      <mem type="survivor" free="0" total="458752" percent="0" />
    </mem>
    <mem type="tenure" free="1442008" total="8716288" percent="16">
      <mem type="soa" free="1354968" total="8629248" percent="15" />
      <mem type="loa" free="87040" total="87040" percent="100" />
    </mem>
    <remembered-set count="497" />
  </mem-info>
</gc-start>
<allocation-stats totalBytes="3804464" >
  <allocated-bytes non-tlh="16" tlh="3804448" />
  <largest-consumer threadName="node-8" threadId="000000000250B600" bytes="201376" />
</allocation-stats>
<gc-op id="1353" type="scavenge" timems="2.998" contextid="1350" timestamp="2019-08-08T09:55:24.962">
  <scavenger-info tenureage="4" tenuremask="4010" tiltratio="90" />
  <memory-copied type="nursery" objects="9260" bytes="224152" bytesdiscarded="50024" />
  <memory-copied type="tenure" objects="1731" bytes="41544" bytesdiscarded="0" />
</gc-op>
<gc-end id="1354" type="scavenge" contextid="1350" durationms="3.457" usertimems="5.380" systemtimems="1.479" timestamp="2019-08-08T09:55:24.963" activeThreads="16">
  <mem-info id="1355" free="5248216" total="13303808" percent="39">
    <mem type="nursery" free="3854592" total="4587520" percent="84">
      <mem type="allocate" free="3854592" total="4128768" percent="93" />
      <mem type="survivor" free="0" total="458752" percent="0" />
    </mem>
    <mem type="tenure" free="1393624" total="8716288" percent="15" macro-fragmented="1041779">
      <mem type="soa" free="1306584" total="8629248" percent="15" />
      <mem type="loa" free="87040" total="87040" percent="100" />
    </mem>
    <remembered-set count="404" />
  </mem-info>
</gc-end>
<cycle-end id="1356" type="scavenge" contextid="1350" timestamp="2019-08-08T09:55:24.963" />
  <attribute name="elasticGC enabled" value="1" />
  <attribute name= "numThreadsSpecified" value="16" />
  <attribute name="heapSize specified" value="13172736" />
  <attribute name="Current GC Util" value="0" />
  <attribute name= "Current Time Running" value="116811" />
  <attribute name ="GC Interval" value="2153" />
  <attribute name="Target GC Util Change" value ="80.000000" />
  <attribute name="Current GC Util Change" value="0.000000"/>
  <attribute name="Current Error" value="80.000000" />
  <attribute name="Output H" value="13379584"/>
  <attribute name="Output I" value="2152"/>
  <attribute name="Output T" value="16"/>
  <attribute name= "Current Time Running" value="116811" />
  <attribute name="GC Util currently" value="0" />
  <attribute name="CPU Util currently" value="11" />
<allocation-satisfied id="1357" threadId="0000000002503E00" bytesRequested="128" />
<af-end id="1358" timestamp="2019-08-08T09:55:24.963" threadId="0000000002504788" success="true" from="nursery"/>
<exclusive-end id="1359" timestamp="2019-08-08T09:55:24.963" durationms="3.756" />

<exclusive-start id="1360" timestamp="2019-08-08T09:55:26.382" intervalms="1422.945">
  <response-info timems="0.513" idlems="0.513" threads="0" lastid="0000000002503E00" lastname="node-7" />
</exclusive-start>
<af-start id="1361" threadId="0000000002504788" totalBytesRequested="24" timestamp="2019-08-08T09:55:26.382" intervalms="1422.958" type="nursery" />
<cycle-start id="1362" type="scavenge" contextid="0" timestamp="2019-08-08T09:55:26.382" intervalms="1422.954" />
<gc-start id="1363" type="scavenge" contextid="1362" timestamp="2019-08-08T09:55:26.382">
  <mem-info id="1364" free="1393624" total="13303808" percent="10">
    <mem type="nursery" free="0" total="4587520" percent="0">
      <mem type="allocate" free="0" total="4128768" percent="0" />
      <mem type="survivor" free="0" total="458752" percent="0" />
    </mem>
    <mem type="tenure" free="1393624" total="8716288" percent="15">
      <mem type="soa" free="1306584" total="8629248" percent="15" />
      <mem type="loa" free="87040" total="87040" percent="100" />
    </mem>
    <remembered-set count="502" />
  </mem-info>
</gc-start>
<allocation-stats totalBytes="3852912" >
  <allocated-bytes non-tlh="128" tlh="3852784" />
  <largest-consumer threadName="node-9" threadId="00000000024DE700" bytes="208832" />
</allocation-stats>
<gc-op id="1365" type="scavenge" timems="9.388" contextid="1362" timestamp="2019-08-08T09:55:26.392">
  <scavenger-info tenureage="3" tenuremask="4018" tiltratio="90" />
  <memory-copied type="nursery" objects="6487" bytes="157408" bytesdiscarded="76064" />
  <memory-copied type="tenure" objects="4685" bytes="112440" bytesdiscarded="0" />
</gc-op>
<gc-end id="1366" type="scavenge" contextid="1362" durationms="9.769" usertimems="2.960" systemtimems="11.349" timestamp="2019-08-08T09:55:26.392" activeThreads="16">
  <mem-info id="1367" free="5144536" total="13303808" percent="38">
    <mem type="nursery" free="3895296" total="4587520" percent="84">
      <mem type="allocate" free="3895296" total="4128768" percent="94" />
      <mem type="survivor" free="0" total="458752" percent="0" />
    </mem>
    <mem type="tenure" free="1249240" total="8716288" percent="14" macro-fragmented="1041779">
      <mem type="soa" free="1162200" total="8629248" percent="13" />
      <mem type="loa" free="87040" total="87040" percent="100" />
    </mem>
    <remembered-set count="386" />
  </mem-info>
</gc-end>
<cycle-end id="1368" type="scavenge" contextid="1362" timestamp="2019-08-08T09:55:26.392" />
  <attribute name="elasticGC enabled" value="1" />
  <attribute name= "numThreadsSpecified" value="16" />
  <attribute name="heapSize specified" value="13172736" />
  <attribute name="Current GC Util" value="0" />
  <attribute name= "Current Time Running" value="118234" />
  <attribute name ="GC Interval" value="2297" />
  <attribute name="Target GC Util Change" value ="80.000000" />
  <attribute name="Current GC Util Change" value="0.000000"/>
  <attribute name="Current Error" value="160.000000" />
  <attribute name="Output H" value="13379672"/>
  <attribute name="Output I" value="2296"/>
  <attribute name="Output T" value="16"/>
  <attribute name= "Current Time Running" value="118234" />
  <attribute name="GC Util currently" value="0" />
  <attribute name="CPU Util currently" value="10" />
<allocation-satisfied id="1369" threadId="0000000002503E00" bytesRequested="24" />
<af-end id="1370" timestamp="2019-08-08T09:55:26.392" threadId="0000000002504788" success="true" from="nursery"/>
<exclusive-end id="1371" timestamp="2019-08-08T09:55:26.392" durationms="10.280" />

===== DaCapo 9.12-MR1 avrora PASSED in 119561 msec =====
<exclusive-start id="1372" timestamp="2019-08-08T09:55:27.934" intervalms="1551.759">
  <response-info timems="0.024" idlems="0.024" threads="0" lastid="00000000021F7F00" lastname="main" />
</exclusive-start>
<af-start id="1373" threadId="00000000021F8888" totalBytesRequested="16392" timestamp="2019-08-08T09:55:27.934" intervalms="1551.724" type="nursery" />
<cycle-start id="1374" type="scavenge" contextid="0" timestamp="2019-08-08T09:55:27.934" intervalms="1551.762" />
<gc-start id="1375" type="scavenge" contextid="1374" timestamp="2019-08-08T09:55:27.934">
  <mem-info id="1376" free="1260584" total="13303808" percent="9">
    <mem type="nursery" free="12256" total="4587520" percent="0">
      <mem type="allocate" free="12256" total="4128768" percent="0" />
      <mem type="survivor" free="0" total="458752" percent="0" />
    </mem>
    <mem type="tenure" free="1248328" total="8716288" percent="14">
      <mem type="soa" free="1161288" total="8629248" percent="13" />
      <mem type="loa" free="87040" total="87040" percent="100" />
    </mem>
    <remembered-set count="526" />
  </mem-info>
</gc-start>
<allocation-stats totalBytes="3879472" >
  <allocated-bytes non-tlh="9136" tlh="3870336" />
  <largest-consumer threadName="main" threadId="00000000021F7F00" bytes="115536" />
</allocation-stats>
<gc-op id="1377" type="scavenge" timems="3.012" contextid="1374" timestamp="2019-08-08T09:55:27.937">
  <scavenger-info tenureage="3" tenuremask="4008" tiltratio="90" />
  <memory-copied type="nursery" objects="6350" bytes="171464" bytesdiscarded="14144" />
  <memory-copied type="tenure" objects="2160" bytes="51840" bytesdiscarded="0" />
  <references type="soft" candidates="5" cleared="0" enqueued="0" dynamicThreshold="6" maxThreshold="32" />
  <references type="weak" candidates="4" cleared="3" enqueued="3" />
  <references type="phantom" candidates="4" cleared="2" enqueued="2" />
</gc-op>
<gc-end id="1378" type="scavenge" contextid="1374" durationms="3.143" usertimems="1.890" systemtimems="2.664" timestamp="2019-08-08T09:55:27.937" activeThreads="16">
  <mem-info id="1379" free="5126976" total="13303808" percent="38">
    <mem type="nursery" free="3943160" total="4587520" percent="85">
      <mem type="allocate" free="3943160" total="4128768" percent="95" />
      <mem type="survivor" free="0" total="458752" percent="0" />
    </mem>
    <mem type="tenure" free="1183816" total="8716288" percent="13" macro-fragmented="1041779">
      <mem type="soa" free="1096776" total="8629248" percent="12" />
      <mem type="loa" free="87040" total="87040" percent="100" />
    </mem>
    <pending-finalizers system="0" default="0" reference="5" classloader="0" />
    <remembered-set count="387" />
  </mem-info>
</gc-end>
<cycle-end id="1380" type="scavenge" contextid="1374" timestamp="2019-08-08T09:55:27.937" />
  <attribute name="elasticGC enabled" value="1" />
  <attribute name= "numThreadsSpecified" value="16" />
  <attribute name="heapSize specified" value="13172736" />
  <attribute name="Current GC Util" value="0" />
  <attribute name= "Current Time Running" value="119786" />
  <attribute name ="GC Interval" value="2441" />
  <attribute name="Target GC Util Change" value ="80.000000" />
  <attribute name="Current GC Util Change" value="0.000000"/>
  <attribute name="Current Error" value="240.000000" />
  <attribute name="Output H" value="13379768"/>
  <attribute name="Output I" value="2440"/>
  <attribute name="Output T" value="16"/>
  <attribute name= "Current Time Running" value="119786" />
  <attribute name="GC Util currently" value="0" />
  <attribute name="CPU Util currently" value="11" />
<allocation-satisfied id="1381" threadId="00000000021F7F00" bytesRequested="16392" />
<af-end id="1382" timestamp="2019-08-08T09:55:27.937" threadId="00000000021F8888" success="true" from="nursery"/>
<exclusive-end id="1383" timestamp="2019-08-08T09:55:27.937" durationms="3.426" />

<exclusive-start id="1384" timestamp="2019-08-08T09:55:28.241" intervalms="307.802">
  <response-info timems="0.019" idlems="0.019" threads="0" lastid="00000000021F7F00" lastname="main" />
</exclusive-start>
<af-start id="1385" threadId="00000000021F8888" totalBytesRequested="2056" timestamp="2019-08-08T09:55:28.242" intervalms="307.798" type="nursery" />
<cycle-start id="1386" type="scavenge" contextid="0" timestamp="2019-08-08T09:55:28.242" intervalms="307.753" />
<gc-start id="1387" type="scavenge" contextid="1386" timestamp="2019-08-08T09:55:28.242">
  <mem-info id="1388" free="1183592" total="13303808" percent="8">
    <mem type="nursery" free="0" total="4587520" percent="0">
      <mem type="allocate" free="0" total="4128768" percent="0" />
      <mem type="survivor" free="0" total="458752" percent="0" />
    </mem>
    <mem type="tenure" free="1183592" total="8716288" percent="13">
      <mem type="soa" free="1096552" total="8629248" percent="12" />
      <mem type="loa" free="87040" total="87040" percent="100" />
    </mem>
    <remembered-set count="408" />
  </mem-info>
</gc-start>
<allocation-stats totalBytes="3920040" >
  <allocated-bytes non-tlh="108760" tlh="3811280" />
  <largest-consumer threadName="main" threadId="00000000021F7F00" bytes="3920040" />
</allocation-stats>
<gc-op id="1389" type="scavenge" timems="6.948" contextid="1386" timestamp="2019-08-08T09:55:28.249">
  <scavenger-info tenureage="3" tenuremask="4008" tiltratio="90" />
  <memory-copied type="nursery" objects="4424" bytes="262936" bytesdiscarded="84456" />
  <memory-copied type="tenure" objects="2270" bytes="54480" bytesdiscarded="0" />
  <finalization candidates="1" enqueued="1" />
  <references type="soft" candidates="11" cleared="0" enqueued="0" dynamicThreshold="6" maxThreshold="32" />
  <references type="weak" candidates="14" cleared="13" enqueued="13" />
  <references type="phantom" candidates="13" cleared="10" enqueued="10" />
</gc-op>
<gc-end id="1390" type="scavenge" contextid="1386" durationms="7.187" usertimems="5.374" systemtimems="8.108" timestamp="2019-08-08T09:55:28.249" activeThreads="16">
  <mem-info id="1391" free="4916552" total="13303808" percent="36">
    <mem type="nursery" free="3781344" total="4587520" percent="82">
      <mem type="allocate" free="3781344" total="4128768" percent="91" />
      <mem type="survivor" free="0" total="458752" percent="0" />
    </mem>
    <mem type="tenure" free="1135208" total="8716288" percent="13" macro-fragmented="868149">
      <mem type="soa" free="1048168" total="8629248" percent="12" />
      <mem type="loa" free="87040" total="87040" percent="100" />
    </mem>
    <pending-finalizers system="1" default="0" reference="23" classloader="0" />
    <remembered-set count="316" />
  </mem-info>
</gc-end>
<cycle-end id="1392" type="scavenge" contextid="1386" timestamp="2019-08-08T09:55:28.249" />
  <attribute name="elasticGC enabled" value="1" />
  <attribute name= "numThreadsSpecified" value="16" />
  <attribute name="heapSize specified" value="13172736" />
  <attribute name="Current GC Util" value="1" />
  <attribute name= "Current Time Running" value="120094" />
  <attribute name ="GC Interval" value="2585" />
  <attribute name="Target GC Util Change" value ="80.000000" />
  <attribute name="Current GC Util Change" value="1.000000"/>
  <attribute name="Current Error" value="319.000000" />
  <attribute name="Output H" value="13379856"/>
  <attribute name="Output I" value="2584"/>
  <attribute name="Output T" value="16"/>
  <attribute name= "Current Time Running" value="120094" />
  <attribute name="GC Util currently" value="1" />
  <attribute name="CPU Util currently" value="3746099605" />
<allocation-satisfied id="1393" threadId="00000000021F7F00" bytesRequested="2056" />
<af-end id="1394" timestamp="2019-08-08T09:55:28.249" threadId="00000000021F8888" success="true" from="nursery"/>
<exclusive-end id="1395" timestamp="2019-08-08T09:55:28.249" durationms="7.790" />

<exclusive-start id="1396" timestamp="2019-08-08T09:55:28.414" intervalms="172.050">
  <response-info timems="0.017" idlems="0.017" threads="0" lastid="00000000021F7F00" lastname="main" />
</exclusive-start>
<af-start id="1397" threadId="00000000021F8888" totalBytesRequested="2056" timestamp="2019-08-08T09:55:28.414" intervalms="172.036" type="nursery" />
<cycle-start id="1398" type="scavenge" contextid="0" timestamp="2019-08-08T09:55:28.414" intervalms="172.038" />
<gc-start id="1399" type="scavenge" contextid="1398" timestamp="2019-08-08T09:55:28.414">
  <mem-info id="1400" free="1135208" total="13303808" percent="8">
    <mem type="nursery" free="0" total="4587520" percent="0">
      <mem type="allocate" free="0" total="4128768" percent="0" />
      <mem type="survivor" free="0" total="458752" percent="0" />
    </mem>
    <mem type="tenure" free="1135208" total="8716288" percent="13">
      <mem type="soa" free="1048168" total="8629248" percent="12" />
      <mem type="loa" free="87040" total="87040" percent="100" />
    </mem>
    <remembered-set count="318" />
  </mem-info>
</gc-start>
<allocation-stats totalBytes="3757000" >
  <allocated-bytes non-tlh="2056" tlh="3754944" />
  <largest-consumer threadName="main" threadId="00000000021F7F00" bytes="3757000" />
</allocation-stats>
<gc-op id="1401" type="scavenge" timems="6.996" contextid="1398" timestamp="2019-08-08T09:55:28.421">
  <scavenger-info tenureage="3" tenuremask="4008" tiltratio="90" />
  <memory-copied type="nursery" objects="2462" bytes="84560" bytesdiscarded="12176" />
  <memory-copied type="tenure" objects="1916" bytes="45984" bytesdiscarded="0" />
  <references type="soft" candidates="11" cleared="0" enqueued="0" dynamicThreshold="6" maxThreshold="32" />
  <references type="weak" candidates="1" cleared="0" enqueued="0" />
  <references type="phantom" candidates="3" cleared="0" enqueued="0" />
</gc-op>
<gc-end id="1402" type="scavenge" contextid="1398" durationms="7.435" usertimems="5.159" systemtimems="6.268" timestamp="2019-08-08T09:55:28.421" activeThreads="16">
  <mem-info id="1403" free="5118824" total="13303808" percent="38">
    <mem type="nursery" free="4032000" total="4587520" percent="87">
      <mem type="allocate" free="4032000" total="4128768" percent="97" />
      <mem type="survivor" free="0" total="458752" percent="0" />
    </mem>
    <mem type="tenure" free="1086824" total="8716288" percent="12" macro-fragmented="0">
      <mem type="soa" free="999784" total="8629248" percent="11" />
      <mem type="loa" free="87040" total="87040" percent="100" />
    </mem>
    <remembered-set count="267" />
  </mem-info>
</gc-end>
<cycle-end id="1404" type="scavenge" contextid="1398" timestamp="2019-08-08T09:55:28.421" />
  <attribute name="elasticGC enabled" value="1" />
  <attribute name= "numThreadsSpecified" value="16" />
  <attribute name="heapSize specified" value="13172736" />
  <attribute name="Current GC Util" value="7" />
  <attribute name= "Current Time Running" value="120266" />
  <attribute name ="GC Interval" value="2713" />
  <attribute name="Target GC Util Change" value ="80.000000" />
  <attribute name="Current GC Util Change" value="7.000000"/>
  <attribute name="Current Error" value="392.000000" />
  <attribute name="Output H" value="13379944"/>
  <attribute name="Output I" value="2712"/>
  <attribute name="Output T" value="16"/>
  <attribute name= "Current Time Running" value="120266" />
  <attribute name="GC Util currently" value="7" />
  <attribute name="CPU Util currently" value="6701807940" />
<allocation-satisfied id="1405" threadId="00000000021F7F00" bytesRequested="2056" />
<af-end id="1406" timestamp="2019-08-08T09:55:28.421" threadId="00000000021F8888" success="true" from="nursery"/>
<exclusive-end id="1407" timestamp="2019-08-08T09:55:28.421" durationms="7.828" />

<exclusive-start id="1408" timestamp="2019-08-08T09:55:28.527" intervalms="113.096">
  <response-info timems="0.012" idlems="0.012" threads="0" lastid="00000000021F7F00" lastname="main" />
</exclusive-start>
<af-start id="1409" threadId="00000000021F8888" totalBytesRequested="2400" timestamp="2019-08-08T09:55:28.527" intervalms="113.110" type="nursery" />
<cycle-start id="1410" type="scavenge" contextid="0" timestamp="2019-08-08T09:55:28.527" intervalms="113.114" />
<gc-start id="1411" type="scavenge" contextid="1410" timestamp="2019-08-08T09:55:28.527">
  <mem-info id="1412" free="1075904" total="13303808" percent="8">
    <mem type="nursery" free="0" total="4587520" percent="0">
      <mem type="allocate" free="0" total="4128768" percent="0" />
      <mem type="survivor" free="0" total="458752" percent="0" />
    </mem>
    <mem type="tenure" free="1075904" total="8716288" percent="12">
      <mem type="soa" free="988864" total="8629248" percent="11" />
      <mem type="loa" free="87040" total="87040" percent="100" />
    </mem>
    <remembered-set count="371" />
  </mem-info>
</gc-start>
<allocation-stats totalBytes="3864400" >
  <allocated-bytes non-tlh="463704" tlh="3400696" />
  <largest-consumer threadName="main" threadId="00000000021F7F00" bytes="3864400" />
</allocation-stats>
<gc-op id="1413" type="scavenge" timems="6.771" contextid="1410" timestamp="2019-08-08T09:55:28.534">
  <scavenger-info tenureage="2" tenuremask="400c" tiltratio="90" />
  <memory-copied type="nursery" objects="311" bytes="458056" bytesdiscarded="688" />
  <memory-copied type="tenure" objects="2710" bytes="239096" bytesdiscarded="8" />
  <copy-failed type="nursery" objects="313" bytes="178248" />
  <references type="soft" candidates="3" cleared="0" enqueued="0" dynamicThreshold="6" maxThreshold="32" />
  <references type="weak" candidates="23" cleared="23" enqueued="23" />
  <references type="phantom" candidates="9" cleared="0" enqueued="0" />
</gc-op>
<gc-end id="1414" type="scavenge" contextid="1410" durationms="6.965" usertimems="10.084" systemtimems="4.012" timestamp="2019-08-08T09:55:28.534" activeThreads="16">
  <mem-info id="1415" free="3474456" total="13303808" percent="26">
    <mem type="nursery" free="2686976" total="4587520" percent="58">
      <mem type="allocate" free="2686976" total="3145728" percent="85" />
      <mem type="survivor" free="0" total="1441792" percent="0" />
    </mem>
    <mem type="tenure" free="787480" total="8716288" percent="9" macro-fragmented="684021">
      <mem type="soa" free="700440" total="8629248" percent="8" />
      <mem type="loa" free="87040" total="87040" percent="100" />
    </mem>
    <pending-finalizers system="0" default="0" reference="23" classloader="0" />
    <remembered-set count="226" />
  </mem-info>
</gc-end>
<cycle-end id="1416" type="scavenge" contextid="1410" timestamp="2019-08-08T09:55:28.534" />
  <attribute name="elasticGC enabled" value="1" />
  <attribute name= "numThreadsSpecified" value="16" />
  <attribute name="heapSize specified" value="13172736" />
  <attribute name="Current GC Util" value="10" />
  <attribute name= "Current Time Running" value="120379" />
  <attribute name ="GC Interval" value="2841" />
  <attribute name="Target GC Util Change" value ="80.000000" />
  <attribute name="Current GC Util Change" value="10.000000"/>
  <attribute name="Current Error" value="462.000000" />
  <attribute name="Output H" value="13380024"/>
  <attribute name="Output I" value="2840"/>
  <attribute name="Output T" value="16"/>
  <attribute name= "Current Time Running" value="120379" />
  <attribute name="GC Util currently" value="10" />
  <attribute name="CPU Util currently" value="10188897483" />
<allocation-satisfied id="1417" threadId="00000000021F7F00" bytesRequested="2400" />
<af-end id="1418" timestamp="2019-08-08T09:55:28.534" threadId="00000000021F8888" success="true" from="nursery"/>
<exclusive-end id="1419" timestamp="2019-08-08T09:55:28.534" durationms="7.257" />

WARNING: An illegal reflective access operation has occurred
WARNING: Illegal reflective access by com.google.common.base.internal.Finalizer (file:/./scratch/jar/guava-r07.jar) to field java.lang.Thread.inheritableThreadLocals
WARNING: Please consider reporting this to the maintainers of com.google.common.base.internal.Finalizer
WARNING: Use --illegal-access=warn to enable warnings of further illegal reflective access operations
WARNING: All illegal access operations will be denied in a future release
<exclusive-start id="1420" timestamp="2019-08-08T09:55:28.641" intervalms="114.746">
  <response-info timems="0.103" idlems="0.103" threads="0" lastid="00000000021F7F00" lastname="main" />
</exclusive-start>
<af-start id="1421" threadId="00000000021F8888" totalBytesRequested="1032" timestamp="2019-08-08T09:55:28.641" intervalms="114.734" type="nursery" />
<cycle-start id="1422" type="scavenge" contextid="0" timestamp="2019-08-08T09:55:28.641" intervalms="114.735" />
<gc-start id="1423" type="scavenge" contextid="1422" timestamp="2019-08-08T09:55:28.641">
  <mem-info id="1424" free="733744" total="13303808" percent="5">
    <mem type="nursery" free="0" total="4587520" percent="0">
      <mem type="allocate" free="0" total="3145728" percent="0" />
      <mem type="survivor" free="0" total="1441792" percent="0" />
    </mem>
    <mem type="tenure" free="733744" total="8716288" percent="8">
      <mem type="soa" free="646704" total="8629248" percent="7" />
      <mem type="loa" free="87040" total="87040" percent="100" />
    </mem>
    <remembered-set count="945" />
  </mem-info>
</gc-start>
<allocation-stats totalBytes="2693472" >
  <allocated-bytes non-tlh="56136" tlh="2637336" />
  <largest-consumer threadName="main" threadId="00000000021F7F00" bytes="2693472" />
</allocation-stats>
<gc-op id="1425" type="scavenge" timems="22.039" contextid="1422" timestamp="2019-08-08T09:55:28.664">
  <scavenger-info tenureage="3" tenuremask="ffe8" tiltratio="68" />
  <memory-copied type="nursery" objects="3316" bytes="576600" bytesdiscarded="117808" />
  <finalization candidates="39" enqueued="1" />
  <ownableSynchronizers candidates="17" cleared="0" />
  <references type="soft" candidates="9" cleared="0" enqueued="0" dynamicThreshold="6" maxThreshold="32" />
  <references type="weak" candidates="836" cleared="383" enqueued="279" />
  <references type="phantom" candidates="16" cleared="2" enqueued="2" />
</gc-op>
<heap-resize id="1426" type="expand" space="nursery" amount="524288" count="1" timems="0.023" reason="excessive time being spent scavenging" timestamp="2019-08-08T09:55:28.665" />
<gc-end id="1427" type="scavenge" contextid="1422" durationms="24.523" usertimems="11.636" systemtimems="27.501" timestamp="2019-08-08T09:55:28.666" activeThreads="16">
  <mem-info id="1428" free="3643616" total="13828096" percent="26">
    <mem type="nursery" free="2909872" total="5111808" percent="56">
      <mem type="allocate" free="2909872" total="3604480" percent="80" />
      <mem type="survivor" free="0" total="1507328" percent="0" />
    </mem>
    <mem type="tenure" free="733744" total="8716288" percent="8" macro-fragmented="602881">
      <mem type="soa" free="646704" total="8629248" percent="7" />
      <mem type="loa" free="87040" total="87040" percent="100" />
    </mem>
    <pending-finalizers system="1" default="0" reference="281" classloader="0" />
    <remembered-set count="936" />
  </mem-info>
</gc-end>
<cycle-end id="1429" type="scavenge" contextid="1422" timestamp="2019-08-08T09:55:28.666" />
  <attribute name="elasticGC enabled" value="1" />
  <attribute name= "numThreadsSpecified" value="16" />
  <attribute name="heapSize specified" value="13172736" />
  <attribute name="Current GC Util" value="12" />
  <attribute name= "Current Time Running" value="120494" />
  <attribute name ="GC Interval" value="2137" />
  <attribute name="Target GC Util Change" value ="80.000000" />
  <attribute name="Current GC Util Change" value="12.000000"/>
  <attribute name="Current Error" value="68.000000" />
  <attribute name="Output H" value="13379568"/>
  <attribute name="Output I" value="2136"/>
  <attribute name="Output T" value="16"/>
  <attribute name= "Current Time Running" value="120494" />
  <attribute name="GC Util currently" value="12" />
  <attribute name="CPU Util currently" value="10036591528" />
<allocation-satisfied id="1430" threadId="00000000021F7F00" bytesRequested="1032" />
<af-end id="1431" timestamp="2019-08-08T09:55:28.666" threadId="00000000021F8888" success="true" from="nursery"/>
<exclusive-end id="1432" timestamp="2019-08-08T09:55:28.666" durationms="24.790" />

<exclusive-start id="1433" timestamp="2019-08-08T09:55:28.808" intervalms="166.980">
  <response-info timems="0.104" idlems="0.104" threads="0" lastid="00000000021F7F00" lastname="main" />
</exclusive-start>
<af-start id="1434" threadId="00000000021F8888" totalBytesRequested="520" timestamp="2019-08-08T09:55:28.808" intervalms="167.004" type="nursery" />
<cycle-start id="1435" type="scavenge" contextid="0" timestamp="2019-08-08T09:55:28.808" intervalms="167.004" />
<gc-start id="1436" type="scavenge" contextid="1435" timestamp="2019-08-08T09:55:28.809">
  <mem-info id="1437" free="572544" total="13828096" percent="4">
    <mem type="nursery" free="0" total="5111808" percent="0">
      <mem type="allocate" free="0" total="3604480" percent="0" />
      <mem type="survivor" free="0" total="1507328" percent="0" />
    </mem>
    <mem type="tenure" free="572544" total="8716288" percent="6">
      <mem type="soa" free="485504" total="8629248" percent="5" />
      <mem type="loa" free="87040" total="87040" percent="100" />
    </mem>
    <remembered-set count="2901" />
  </mem-info>
</gc-start>
<allocation-stats totalBytes="3066752" >
  <allocated-bytes non-tlh="162232" tlh="2904520" />
  <largest-consumer threadName="main" threadId="00000000021F7F00" bytes="3054920" />
</allocation-stats>
<gc-op id="1438" type="scavenge" timems="17.203" contextid="1435" timestamp="2019-08-08T09:55:28.826">
  <scavenger-info tenureage="2" tenuremask="fffc" tiltratio="70" />
  <memory-copied type="nursery" objects="10979" bytes="358328" bytesdiscarded="77032" />
  <memory-copied type="tenure" objects="195" bytes="453392" bytesdiscarded="640" />
  <finalization candidates="49" enqueued="0" />
  <ownableSynchronizers candidates="17" cleared="0" />
  <references type="soft" candidates="46" cleared="0" enqueued="0" dynamicThreshold="6" maxThreshold="32" />
  <references type="weak" candidates="1042" cleared="80" enqueued="64" />
  <references type="phantom" candidates="12" cleared="3" enqueued="3" />
</gc-op>
<heap-resize id="1439" type="expand" space="nursery" amount="262144" count="1" timems="0.023" reason="excessive time being spent scavenging" timestamp="2019-08-08T09:55:28.826" />
<gc-end id="1440" type="scavenge" contextid="1435" durationms="17.691" usertimems="10.178" systemtimems="20.193" timestamp="2019-08-08T09:55:28.826" activeThreads="16">
  <mem-info id="1441" free="3791152" total="14090240" percent="26">
    <mem type="nursery" free="3693048" total="5373952" percent="68">
      <mem type="allocate" free="3693048" total="4128768" percent="89" />
      <mem type="survivor" free="0" total="1245184" percent="0" />
    </mem>
    <mem type="tenure" free="98104" total="8716288" percent="1" macro-fragmented="81140">
      <mem type="soa" free="11064" total="8629248" percent="0" />
      <mem type="loa" free="87040" total="87040" percent="100" />
    </mem>
    <pending-finalizers system="0" default="0" reference="67" classloader="0" />
    <remembered-set count="2782" />
  </mem-info>
</gc-end>
<cycle-end id="1442" type="scavenge" contextid="1435" timestamp="2019-08-08T09:55:28.826" />
  <attribute name="elasticGC enabled" value="1" />
  <attribute name= "numThreadsSpecified" value="16" />
  <attribute name="heapSize specified" value="13172736" />
  <attribute name="Current GC Util" value="23" />
  <attribute name= "Current Time Running" value="120661" />
  <attribute name ="GC Interval" value="2233" />
  <attribute name="Target GC Util Change" value ="80.000000" />
  <attribute name="Current GC Util Change" value="23.000000"/>
  <attribute name="Current Error" value="125.000000" />
  <attribute name="Output H" value="13903920"/>
  <attribute name="Output I" value="2232"/>
  <attribute name="Output T" value="16"/>
  <attribute name= "Current Time Running" value="120661" />
  <attribute name="GC Util currently" value="23" />
  <attribute name="CPU Util currently" value="6910971308" />
<allocation-satisfied id="1443" threadId="00000000021F7F00" bytesRequested="520" />
<af-end id="1444" timestamp="2019-08-08T09:55:28.826" threadId="00000000021F8888" success="true" from="nursery"/>
<exclusive-end id="1445" timestamp="2019-08-08T09:55:28.826" durationms="18.007" />

<exclusive-start id="1446" timestamp="2019-08-08T09:55:28.838" intervalms="29.153">
  <response-info timems="0.060" idlems="0.060" threads="0" lastid="00000000021F7F00" lastname="main" />
</exclusive-start>
<af-start id="1447" threadId="00000000021F8888" totalBytesRequested="24" timestamp="2019-08-08T09:55:28.838" intervalms="29.131" type="tenure" />
<cycle-start id="1448" type="global" contextid="0" timestamp="2019-08-08T09:55:28.838" intervalms="23143.784" />
<gc-start id="1449" type="global" contextid="1448" timestamp="2019-08-08T09:55:28.838">
  <mem-info id="1450" free="3333624" total="14090240" percent="23">
    <mem type="nursery" free="3246584" total="5373952" percent="60">
      <mem type="allocate" free="3246584" total="4128768" percent="78" />
      <mem type="survivor" free="0" total="1245184" percent="0" />
    </mem>
    <mem type="tenure" free="87040" total="8716288" percent="0">
      <mem type="soa" free="0" total="8629248" percent="0" />
      <mem type="loa" free="87040" total="87040" percent="100" />
    </mem>
    <remembered-set count="2950" />
  </mem-info>
</gc-start>
<allocation-stats totalBytes="454568" >
  <allocated-bytes non-tlh="10824" tlh="443744" />
  <largest-consumer threadName="main" threadId="00000000021F7F00" bytes="434480" />
</allocation-stats>
<gc-op id="1451" type="mark" timems="9.299" contextid="1448" timestamp="2019-08-08T09:55:28.847">
  <trace-info objectcount="40405" scancount="31565" scanbytes="1018592" />
  <finalization candidates="62" enqueued="0" />
  <ownableSynchronizers candidates="17" cleared="0" />
  <references type="soft" candidates="105" cleared="2" enqueued="2" dynamicThreshold="6" maxThreshold="32" />
  <references type="weak" candidates="1129" cleared="67" enqueued="39" />
  <references type="phantom" candidates="72" cleared="1" enqueued="1" />
  <stringconstants candidates="5814" cleared="0"  />
</gc-op>
<gc-op id="1452" type="sweep" timems="4.738" contextid="1448" timestamp="2019-08-08T09:55:28.852" />
<mem-info id="1453" free="10239224" total="14090240" percent="72">
  <mem type="nursery" free="3727296" total="5373952" percent="69">
    <mem type="allocate" free="3727296" total="4128768" percent="90" />
    <mem type="survivor" free="0" total="1245184" percent="0" />
  </mem>
  <mem type="tenure" free="6511928" total="8716288" percent="74" micro-fragmented="26149" macro-fragmented="9100">
    <mem type="soa" free="6424888" total="8629248" percent="74" />
    <mem type="loa" free="87040" total="87040" percent="100" />
  </mem>
  <pending-finalizers system="0" default="0" reference="42" classloader="0" />
  <remembered-set count="2898" />
</mem-info>
<gc-op id="1454" type="compact" timems="17.861" contextid="1448" timestamp="2019-08-08T09:55:28.870">
  <compact-info movecount="34572" movebytes="2318512" reason="compact to aid heap contraction" />
</gc-op>
<heap-resize id="1455" type="expand" space="tenure" amount="131072" count="1" timems="0.025" reason="satisfy allocation request" timestamp="2019-08-08T09:55:28.873" />
<gc-end id="1456" type="global" contextid="1448" durationms="35.846" usertimems="27.800" systemtimems="39.875" timestamp="2019-08-08T09:55:28.873" activeThreads="16">
  <mem-info id="1457" free="10412704" total="14221312" percent="73">
    <mem type="nursery" free="3740792" total="5373952" percent="69">
      <mem type="allocate" free="3740792" total="4128768" percent="90" />
      <mem type="survivor" free="0" total="1245184" percent="0" />
    </mem>
    <mem type="tenure" free="6671912" total="8847360" percent="75">
      <mem type="soa" free="6583848" total="8759296" percent="75" />
      <mem type="loa" free="88064" total="88064" percent="100" />
    </mem>
    <pending-finalizers system="0" default="0" reference="42" classloader="0" />
    <remembered-set count="2898" />
  </mem-info>
</gc-end>
<cycle-end id="1458" type="global" contextid="1448" timestamp="2019-08-08T09:55:28.873" />
  <attribute name="elasticGC enabled" value="1" />
  <attribute name= "numThreadsSpecified" value="16" />
  <attribute name="heapSize specified" value="14090240" />
  <attribute name="Current GC Util" value="112" />
  <attribute name= "Current Time Running" value="120722" />
  <attribute name ="GC Interval" value="2233" />
  <attribute name="Target GC Util Change" value ="80.000000" />
  <attribute name="Current GC Util Change" value="112.000000"/>
  <attribute name="Current Error" value="-80.000000" />
  <attribute name="Output H" value="14165832"/>
  <attribute name="Output I" value="1872"/>
  <attribute name="Output T" value="16"/>
  <attribute name= "Current Time Running" value="120722" />
  <attribute name="GC Util currently" value="112" />
  <attribute name="CPU Util currently" value="64345847996" />
<allocation-satisfied id="1459" threadId="00000000021F7F00" bytesRequested="24" />
<af-end id="1460" timestamp="2019-08-08T09:55:28.874" threadId="00000000021F8888" success="true" from="tenure-soa"/>
<exclusive-end id="1461" timestamp="2019-08-08T09:55:28.874" durationms="36.025" />

<exclusive-start id="1462" timestamp="2019-08-08T09:55:29.804" intervalms="966.492">
  <response-info timems="0.094" idlems="0.094" threads="0" lastid="00000000021F7F00" lastname="main" />
</exclusive-start>
<af-start id="1463" threadId="00000000021F8888" totalBytesRequested="160" timestamp="2019-08-08T09:55:29.804" intervalms="966.496" type="nursery" />
<cycle-start id="1464" type="scavenge" contextid="0" timestamp="2019-08-08T09:55:29.804" intervalms="995.620" />
<gc-start id="1465" type="scavenge" contextid="1464" timestamp="2019-08-08T09:55:29.804">
  <mem-info id="1466" free="6597888" total="14221312" percent="46">
    <mem type="nursery" free="0" total="5373952" percent="0">
      <mem type="allocate" free="0" total="4128768" percent="0" />
      <mem type="survivor" free="0" total="1245184" percent="0" />
    </mem>
    <mem type="tenure" free="6597888" total="8847360" percent="74">
      <mem type="soa" free="6509824" total="8759296" percent="74" />
      <mem type="loa" free="88064" total="88064" percent="100" />
    </mem>
    <remembered-set count="3724" />
  </mem-info>
</gc-start>
<allocation-stats totalBytes="3810696" >
  <allocated-bytes non-tlh="74048" tlh="3736648" />
  <largest-consumer threadName="main" threadId="00000000021F7F00" bytes="3802504" />
</allocation-stats>
<gc-op id="1467" type="scavenge" timems="7.361" contextid="1464" timestamp="2019-08-08T09:55:29.812">
  <scavenger-info tenureage="4" tenuremask="fff0" tiltratio="76" />
  <memory-copied type="nursery" objects="16251" bytes="579608" bytesdiscarded="93736" />
  <finalization candidates="52" enqueued="0" />
  <ownableSynchronizers candidates="34" cleared="17" />
  <references type="soft" candidates="520" cleared="0" enqueued="0" dynamicThreshold="24" maxThreshold="32" />
  <references type="weak" candidates="1254" cleared="28" enqueued="28" />
  <references type="phantom" candidates="11" cleared="2" enqueued="2" />
</gc-op>
<gc-end id="1468" type="scavenge" contextid="1464" durationms="7.541" usertimems="18.101" systemtimems="0.000" timestamp="2019-08-08T09:55:29.812" activeThreads="16">
  <mem-info id="1469" free="10249216" total="14221312" percent="72">
    <mem type="nursery" free="3651328" total="5373952" percent="67">
      <mem type="allocate" free="3651328" total="4325376" percent="84" />
      <mem type="survivor" free="0" total="1048576" percent="0" />
    </mem>
    <mem type="tenure" free="6597888" total="8847360" percent="74" macro-fragmented="5375357">
      <mem type="soa" free="6509824" total="8759296" percent="74" />
      <mem type="loa" free="88064" total="88064" percent="100" />
    </mem>
    <pending-finalizers system="0" default="0" reference="30" classloader="0" />
    <remembered-set count="3306" />
  </mem-info>
</gc-end>
<cycle-end id="1470" type="scavenge" contextid="1464" timestamp="2019-08-08T09:55:29.812" />
  <attribute name="elasticGC enabled" value="1" />
  <attribute name= "numThreadsSpecified" value="16" />
  <attribute name="heapSize specified" value="14090240" />
  <attribute name="Current GC Util" value="1" />
  <attribute name= "Current Time Running" value="121656" />
  <attribute name ="GC Interval" value="2153" />
  <attribute name="Target GC Util Change" value ="80.000000" />
  <attribute name="Current GC Util Change" value="1.000000"/>
  <attribute name="Current Error" value="79.000000" />
  <attribute name="Output H" value="14297088"/>
  <attribute name="Output I" value="2152"/>
  <attribute name="Output T" value="16"/>
  <attribute name= "Current Time Running" value="121656" />
  <attribute name="GC Util currently" value="1" />
  <attribute name="CPU Util currently" value="4" />
<allocation-satisfied id="1471" threadId="00000000021F7F00" bytesRequested="160" />
<af-end id="1472" timestamp="2019-08-08T09:55:29.812" threadId="00000000021F8888" success="true" from="nursery"/>
<exclusive-end id="1473" timestamp="2019-08-08T09:55:29.812" durationms="7.899" />

<exclusive-start id="1474" timestamp="2019-08-08T09:55:29.927" intervalms="123.453">
  <response-info timems="0.018" idlems="0.018" threads="0" lastid="00000000021F7F00" lastname="main" />
</exclusive-start>
<af-start id="1475" threadId="00000000021F8888" totalBytesRequested="15368" timestamp="2019-08-08T09:55:29.928" intervalms="123.483" type="nursery" />
<cycle-start id="1476" type="scavenge" contextid="0" timestamp="2019-08-08T09:55:29.928" intervalms="123.487" />
<gc-start id="1477" type="scavenge" contextid="1476" timestamp="2019-08-08T09:55:29.928">
  <mem-info id="1478" free="6502176" total="14221312" percent="45">
    <mem type="nursery" free="0" total="5373952" percent="0">
      <mem type="allocate" free="0" total="4325376" percent="0" />
      <mem type="survivor" free="0" total="1048576" percent="0" />
    </mem>
    <mem type="tenure" free="6502176" total="8847360" percent="73">
      <mem type="soa" free="6414112" total="8759296" percent="73" />
      <mem type="loa" free="88064" total="88064" percent="100" />
    </mem>
    <remembered-set count="4182" />
  </mem-info>
</gc-start>
<allocation-stats totalBytes="3740752" >
  <allocated-bytes non-tlh="95872" tlh="3644880" />
  <largest-consumer threadName="main" threadId="00000000021F7F00" bytes="3740752" />
</allocation-stats>
<gc-op id="1479" type="scavenge" timems="9.839" contextid="1476" timestamp="2019-08-08T09:55:29.938">
  <scavenger-info tenureage="4" tenuremask="fff0" tiltratio="80" />
  <memory-copied type="nursery" objects="19023" bytes="703528" bytesdiscarded="117504" />
  <finalization candidates="52" enqueued="0" />
  <ownableSynchronizers candidates="18" cleared="0" />
  <references type="soft" candidates="563" cleared="0" enqueued="0" dynamicThreshold="24" maxThreshold="32" />
  <references type="weak" candidates="1813" cleared="16" enqueued="16" />
  <references type="phantom" candidates="12" cleared="1" enqueued="1" />
</gc-op>
<gc-end id="1480" type="scavenge" contextid="1476" durationms="10.135" usertimems="18.309" systemtimems="0.000" timestamp="2019-08-08T09:55:29.938" activeThreads="16">
  <mem-info id="1481" free="10005632" total="14221312" percent="70">
    <mem type="nursery" free="3503456" total="5373952" percent="65">
      <mem type="allocate" free="3503456" total="4325376" percent="80" />
      <mem type="survivor" free="0" total="1048576" percent="0" />
    </mem>
    <mem type="tenure" free="6502176" total="8847360" percent="73" macro-fragmented="5375357">
      <mem type="soa" free="6414112" total="8759296" percent="73" />
      <mem type="loa" free="88064" total="88064" percent="100" />
    </mem>
    <pending-finalizers system="0" default="0" reference="17" classloader="0" />
    <remembered-set count="2424" />
  </mem-info>
</gc-end>
<cycle-end id="1482" type="scavenge" contextid="1476" timestamp="2019-08-08T09:55:29.938" />
  <attribute name="elasticGC enabled" value="1" />
  <attribute name= "numThreadsSpecified" value="16" />
  <attribute name="heapSize specified" value="14090240" />
  <attribute name="Current GC Util" value="10" />
  <attribute name= "Current Time Running" value="121780" />
  <attribute name ="GC Interval" value="2281" />
  <attribute name="Target GC Util Change" value ="80.000000" />
  <attribute name="Current GC Util Change" value="10.000000"/>
  <attribute name="Current Error" value="149.000000" />
  <attribute name="Output H" value="14297168"/>
  <attribute name="Output I" value="2280"/>
  <attribute name="Output T" value="16"/>
  <attribute name= "Current Time Running" value="121780" />
  <attribute name="GC Util currently" value="10" />
  <attribute name="CPU Util currently" value="9331337476" />
<allocation-satisfied id="1483" threadId="00000000021F7F00" bytesRequested="15368" />
<af-end id="1484" timestamp="2019-08-08T09:55:29.938" threadId="00000000021F8888" success="true" from="nursery"/>
<exclusive-end id="1485" timestamp="2019-08-08T09:55:29.938" durationms="10.473" />

<exclusive-start id="1486" timestamp="2019-08-08T09:55:30.092" intervalms="164.628">
  <response-info timems="0.034" idlems="0.034" threads="0" lastid="00000000021F7F00" lastname="main" />
</exclusive-start>
<af-start id="1487" threadId="00000000021F8888" totalBytesRequested="16392" timestamp="2019-08-08T09:55:30.092" intervalms="164.586" type="nursery" />
<cycle-start id="1488" type="scavenge" contextid="0" timestamp="2019-08-08T09:55:30.092" intervalms="164.581" />
<gc-start id="1489" type="scavenge" contextid="1488" timestamp="2019-08-08T09:55:30.092">
  <mem-info id="1490" free="6422040" total="14221312" percent="45">
    <mem type="nursery" free="0" total="5373952" percent="0">
      <mem type="allocate" free="0" total="4325376" percent="0" />
      <mem type="survivor" free="0" total="1048576" percent="0" />
    </mem>
    <mem type="tenure" free="6422040" total="8847360" percent="72">
      <mem type="soa" free="6333976" total="8759296" percent="72" />
      <mem type="loa" free="88064" total="88064" percent="100" />
    </mem>
    <remembered-set count="3612" />
  </mem-info>
</gc-start>
<allocation-stats totalBytes="3548336" >
  <allocated-bytes non-tlh="357656" tlh="3190680" />
  <largest-consumer threadName="main" threadId="00000000021F7F00" bytes="3478240" />
</allocation-stats>
<gc-op id="1491" type="scavenge" timems="3.830" contextid="1488" timestamp="2019-08-08T09:55:30.096">
  <scavenger-info tenureage="5" tenuremask="ffe0" tiltratio="80" />
  <memory-copied type="nursery" objects="17846" bytes="993832" bytesdiscarded="53440" />
  <memory-copied type="tenure" objects="9086" bytes="298408" bytesdiscarded="336" />
  <copy-failed type="nursery" objects="9086" bytes="299192" />
  <finalization candidates="67" enqueued="0" />
  <ownableSynchronizers candidates="21" cleared="0" />
  <references type="soft" candidates="707" cleared="0" enqueued="0" dynamicThreshold="24" maxThreshold="32" />
  <references type="weak" candidates="1515" cleared="259" enqueued="176" />
  <references type="phantom" candidates="19" cleared="3" enqueued="3" />
</gc-op>
<gc-end id="1492" type="scavenge" contextid="1488" durationms="4.080" usertimems="9.119" systemtimems="0.000" timestamp="2019-08-08T09:55:30.096" activeThreads="16">
  <mem-info id="1493" free="8092696" total="14221312" percent="56">
    <mem type="nursery" free="2031616" total="5373952" percent="37">
      <mem type="allocate" free="2031616" total="3080192" percent="65" />
      <mem type="survivor" free="0" total="2293760" percent="0" />
    </mem>
    <mem type="tenure" free="6061080" total="8847360" percent="68" macro-fragmented="5375357">
      <mem type="soa" free="5973016" total="8759296" percent="68" />
      <mem type="loa" free="88064" total="88064" percent="100" />
    </mem>
    <pending-finalizers system="0" default="0" reference="179" classloader="0" />
    <remembered-set count="6840" />
  </mem-info>
</gc-end>
<cycle-end id="1494" type="scavenge" contextid="1488" timestamp="2019-08-08T09:55:30.096" />
  <attribute name="elasticGC enabled" value="1" />
  <attribute name= "numThreadsSpecified" value="16" />
  <attribute name="heapSize specified" value="14090240" />
  <attribute name="Current GC Util" value="10" />
  <attribute name= "Current Time Running" value="121944" />
  <attribute name ="GC Interval" value="2401" />
  <attribute name="Target GC Util Change" value ="80.000000" />
  <attribute name="Current GC Util Change" value="10.000000"/>
  <attribute name="Current Error" value="219.000000" />
  <attribute name="Output H" value="14297248"/>
  <attribute name="Output I" value="2400"/>
  <attribute name="Output T" value="16"/>
  <attribute name= "Current Time Running" value="121944" />
  <attribute name="GC Util currently" value="10" />
  <attribute name="CPU Util currently" value="7012548428" />
<allocation-satisfied id="1495" threadId="00000000021F7F00" bytesRequested="16392" />
<af-end id="1496" timestamp="2019-08-08T09:55:30.096" threadId="00000000021F8888" success="true" from="nursery"/>
<exclusive-end id="1497" timestamp="2019-08-08T09:55:30.096" durationms="4.340" />

<exclusive-start id="1498" timestamp="2019-08-08T09:55:30.120" intervalms="27.957">
  <response-info timems="0.050" idlems="0.050" threads="0" lastid="00000000021F7F00" lastname="main" />
</exclusive-start>
<af-start id="1499" threadId="00000000021F8888" totalBytesRequested="262168" timestamp="2019-08-08T09:55:30.120" intervalms="27.963" type="nursery" />
<cycle-start id="1500" type="scavenge" contextid="0" timestamp="2019-08-08T09:55:30.120" intervalms="27.969" />
<gc-start id="1501" type="scavenge" contextid="1500" timestamp="2019-08-08T09:55:30.120">
  <mem-info id="1502" free="6266992" total="14221312" percent="44">
    <mem type="nursery" free="221024" total="5373952" percent="4">
      <mem type="allocate" free="221024" total="3080192" percent="7" />
      <mem type="survivor" free="0" total="2293760" percent="0" />
    </mem>
    <mem type="tenure" free="6045968" total="8847360" percent="68">
      <mem type="soa" free="5957904" total="8759296" percent="68" />
      <mem type="loa" free="88064" total="88064" percent="100" />
    </mem>
    <remembered-set count="7080" />
  </mem-info>
</gc-start>
<allocation-stats totalBytes="1767904" >
  <allocated-bytes non-tlh="932776" tlh="835128" />
  <largest-consumer threadName="main" threadId="00000000021F7F00" bytes="1756072" />
</allocation-stats>
<gc-op id="1503" type="scavenge" timems="11.616" contextid="1500" timestamp="2019-08-08T09:55:30.132">
  <scavenger-info tenureage="3" tenuremask="ffd8" tiltratio="57" />
  <memory-copied type="nursery" objects="9278" bytes="1479488" bytesdiscarded="226024" />
  <memory-copied type="tenure" objects="8852" bytes="327352" bytesdiscarded="1368" />
  <finalization candidates="50" enqueued="0" />
  <ownableSynchronizers candidates="21" cleared="0" />
  <references type="soft" candidates="322" cleared="0" enqueued="0" dynamicThreshold="24" maxThreshold="32" />
  <references type="weak" candidates="1010" cleared="1" enqueued="1" />
  <references type="phantom" candidates="13" cleared="0" enqueued="0" />
</gc-op>
<heap-resize id="1504" type="expand" space="nursery" amount="917504" count="1" timems="0.024" reason="excessive time being spent scavenging" timestamp="2019-08-08T09:55:30.132" />
<gc-end id="1505" type="scavenge" contextid="1500" durationms="11.817" usertimems="21.839" systemtimems="0.000" timestamp="2019-08-08T09:55:30.132" activeThreads="16">
  <mem-info id="1506" free="7710616" total="15138816" percent="50">
    <mem type="nursery" free="2094968" total="6291456" percent="33">
      <mem type="allocate" free="2094968" total="3801088" percent="55" />
      <mem type="survivor" free="0" total="2490368" percent="0" />
    </mem>
    <mem type="tenure" free="5615648" total="8847360" percent="63" macro-fragmented="5375357">
      <mem type="soa" free="5527584" total="8759296" percent="63" />
      <mem type="loa" free="88064" total="88064" percent="100" />
    </mem>
    <pending-finalizers system="0" default="0" reference="1" classloader="0" />
    <remembered-set count="4896" />
  </mem-info>
</gc-end>
<cycle-end id="1507" type="scavenge" contextid="1500" timestamp="2019-08-08T09:55:30.132" />
  <attribute name="elasticGC enabled" value="1" />
  <attribute name= "numThreadsSpecified" value="16" />
  <attribute name="heapSize specified" value="14090240" />
  <attribute name="Current GC Util" value="32" />
  <attribute name= "Current Time Running" value="121973" />
  <attribute name ="GC Interval" value="2489" />
  <attribute name="Target GC Util Change" value ="80.000000" />
  <attribute name="Current GC Util Change" value="32.000000"/>
  <attribute name="Current Error" value="267.000000" />
  <attribute name="Output H" value="14297304"/>
  <attribute name="Output I" value="2488"/>
  <attribute name="Output T" value="16"/>
  <attribute name= "Current Time Running" value="121973" />
  <attribute name="GC Util currently" value="32" />
  <attribute name="CPU Util currently" value="41040609146" />
<allocation-satisfied id="1508" threadId="00000000021F7F00" bytesRequested="262168" />
<af-end id="1509" timestamp="2019-08-08T09:55:30.132" threadId="00000000021F8888" success="true" from="nursery"/>
<exclusive-end id="1510" timestamp="2019-08-08T09:55:30.132" durationms="12.113" />

<exclusive-start id="1511" timestamp="2019-08-08T09:55:30.220" intervalms="99.579">
  <response-info timems="0.079" idlems="0.079" threads="0" lastid="00000000021F7F00" lastname="main" />
</exclusive-start>
<af-start id="1512" threadId="00000000021F8888" totalBytesRequested="6488" timestamp="2019-08-08T09:55:30.220" intervalms="99.589" type="nursery" />
<cycle-start id="1513" type="scavenge" contextid="0" timestamp="2019-08-08T09:55:30.220" intervalms="99.584" />
<gc-start id="1514" type="scavenge" contextid="1513" timestamp="2019-08-08T09:55:30.220">
  <mem-info id="1515" free="5593784" total="15138816" percent="36">
    <mem type="nursery" free="0" total="6291456" percent="0">
      <mem type="allocate" free="0" total="3801088" percent="0" />
      <mem type="survivor" free="0" total="2490368" percent="0" />
    </mem>
    <mem type="tenure" free="5593784" total="8847360" percent="63">
      <mem type="soa" free="5505720" total="8759296" percent="62" />
      <mem type="loa" free="88064" total="88064" percent="100" />
    </mem>
    <remembered-set count="5253" />
  </mem-info>
</gc-start>
<allocation-stats totalBytes="2094752" >
  <allocated-bytes non-tlh="284032" tlh="1810720" />
  <largest-consumer threadName="main" threadId="00000000021F7F00" bytes="2094752" />
</allocation-stats>
<gc-op id="1516" type="scavenge" timems="6.419" contextid="1513" timestamp="2019-08-08T09:55:30.226">
  <scavenger-info tenureage="3" tenuremask="ffc8" tiltratio="60" />
  <memory-copied type="nursery" objects="12594" bytes="1382352" bytesdiscarded="203104" />
  <memory-copied type="tenure" objects="2345" bytes="95808" bytesdiscarded="128" />
  <finalization candidates="36" enqueued="0" />
  <ownableSynchronizers candidates="21" cleared="0" />
  <references type="soft" candidates="305" cleared="0" enqueued="0" dynamicThreshold="24" maxThreshold="32" />
  <references type="weak" candidates="662" cleared="2" enqueued="2" />
  <references type="phantom" candidates="7" cleared="0" enqueued="0" />
</gc-op>
<gc-end id="1517" type="scavenge" contextid="1513" durationms="6.619" usertimems="14.095" systemtimems="0.000" timestamp="2019-08-08T09:55:30.226" activeThreads="16">
  <mem-info id="1518" free="8124160" total="15138816" percent="53">
    <mem type="nursery" free="2673992" total="6291456" percent="42">
      <mem type="allocate" free="2673992" total="4259840" percent="62" />
      <mem type="survivor" free="0" total="2031616" percent="0" />
    </mem>
    <mem type="tenure" free="5450168" total="8847360" percent="61" macro-fragmented="4479464">
      <mem type="soa" free="5362104" total="8759296" percent="61" />
      <mem type="loa" free="88064" total="88064" percent="100" />
    </mem>
    <pending-finalizers system="0" default="0" reference="2" classloader="0" />
    <remembered-set count="1603" />
  </mem-info>
</gc-end>
<cycle-end id="1519" type="scavenge" contextid="1513" timestamp="2019-08-08T09:55:30.226" />
  <attribute name="elasticGC enabled" value="1" />
  <attribute name= "numThreadsSpecified" value="16" />
  <attribute name="heapSize specified" value="14090240" />
  <attribute name="Current GC Util" value="21" />
  <attribute name= "Current Time Running" value="122072" />
  <attribute name ="GC Interval" value="2593" />
  <attribute name="Target GC Util Change" value ="80.000000" />
  <attribute name="Current GC Util Change" value="21.000000"/>
  <attribute name="Current Error" value="326.000000" />
  <attribute name="Output H" value="15214872"/>
  <attribute name="Output I" value="2592"/>
  <attribute name="Output T" value="16"/>
  <attribute name= "Current Time Running" value="122072" />
  <attribute name="GC Util currently" value="21" />
  <attribute name="CPU Util currently" value="11589380981" />
<allocation-satisfied id="1520" threadId="00000000021F7F00" bytesRequested="6488" />
<af-end id="1521" timestamp="2019-08-08T09:55:30.226" threadId="00000000021F8888" success="true" from="nursery"/>
<exclusive-end id="1522" timestamp="2019-08-08T09:55:30.226" durationms="6.819" />

<exclusive-start id="1523" timestamp="2019-08-08T09:55:30.294" intervalms="73.951">
  <response-info timems="0.346" idlems="0.346" threads="0" lastid="00000000021F7F00" lastname="main" />
</exclusive-start>
<af-start id="1524" threadId="00000000021F8888" totalBytesRequested="15368" timestamp="2019-08-08T09:55:30.295" intervalms="75.405" type="nursery" />
<cycle-start id="1525" type="scavenge" contextid="0" timestamp="2019-08-08T09:55:30.295" intervalms="75.469" />
<gc-start id="1526" type="scavenge" contextid="1525" timestamp="2019-08-08T09:55:30.295">
  <mem-info id="1527" free="5397472" total="15138816" percent="35">
    <mem type="nursery" free="0" total="6291456" percent="0">
      <mem type="allocate" free="0" total="4259840" percent="0" />
      <mem type="survivor" free="0" total="2031616" percent="0" />
    </mem>
    <mem type="tenure" free="5397472" total="8847360" percent="61">
      <mem type="soa" free="5309408" total="8759296" percent="60" />
      <mem type="loa" free="88064" total="88064" percent="100" />
    </mem>
    <remembered-set count="2252" />
  </mem-info>
</gc-start>
<allocation-stats totalBytes="2716936" >
  <allocated-bytes non-tlh="59184" tlh="2657752" />
  <largest-consumer threadName="main" threadId="00000000021F7F00" bytes="2716936" />
</allocation-stats>
<gc-op id="1528" type="scavenge" timems="15.163" contextid="1525" timestamp="2019-08-08T09:55:30.310">
  <scavenger-info tenureage="3" tenuremask="ff68" tiltratio="67" />
  <memory-copied type="nursery" objects="7186" bytes="881128" bytesdiscarded="167848" />
  <memory-copied type="tenure" objects="6515" bytes="557480" bytesdiscarded="688" />
  <finalization candidates="15" enqueued="0" />
  <ownableSynchronizers candidates="3" cleared="0" />
  <references type="soft" candidates="54" cleared="0" enqueued="0" dynamicThreshold="24" maxThreshold="32" />
  <references type="weak" candidates="311" cleared="0" enqueued="0" />
  <references type="phantom" candidates="1" cleared="0" enqueued="0" />
</gc-op>
<heap-resize id="1529" type="expand" space="nursery" amount="655360" count="1" timems="0.019" reason="excessive time being spent scavenging" timestamp="2019-08-08T09:55:30.310" />
<gc-end id="1530" type="scavenge" contextid="1525" durationms="15.348" usertimems="22.627" systemtimems="0.000" timestamp="2019-08-08T09:55:30.311" activeThreads="16">
  <mem-info id="1531" free="8541216" total="15794176" percent="54">
    <mem type="nursery" free="3669320" total="6946816" percent="52">
      <mem type="allocate" free="3669320" total="4718592" percent="77" />
      <mem type="survivor" free="0" total="2228224" percent="0" />
    </mem>
    <mem type="tenure" free="4871896" total="8847360" percent="55" macro-fragmented="4479464">
      <mem type="soa" free="4783832" total="8759296" percent="54" />
      <mem type="loa" free="88064" total="88064" percent="100" />
    </mem>
    <remembered-set count="1164" />
  </mem-info>
</gc-end>
<cycle-end id="1532" type="scavenge" contextid="1525" timestamp="2019-08-08T09:55:30.311" />
  <attribute name="elasticGC enabled" value="1" />
  <attribute name= "numThreadsSpecified" value="16" />
  <attribute name="heapSize specified" value="14090240" />
  <attribute name="Current GC Util" value="18" />
  <attribute name= "Current Time Running" value="122147" />
  <attribute name ="GC Interval" value="2705" />
  <attribute name="Target GC Util Change" value ="80.000000" />
  <attribute name="Current GC Util Change" value="18.000000"/>
  <attribute name="Current Error" value="388.000000" />
  <attribute name="Output H" value="15214944"/>
  <attribute name="Output I" value="2704"/>
  <attribute name="Output T" value="16"/>
  <attribute name= "Current Time Running" value="122147" />
  <attribute name="GC Util currently" value="18" />
  <attribute name="CPU Util currently" value="15282962353" />
<allocation-satisfied id="1533" threadId="00000000021F7F00" bytesRequested="15368" />
<af-end id="1534" timestamp="2019-08-08T09:55:30.311" threadId="00000000021F8888" success="true" from="nursery"/>
<exclusive-end id="1535" timestamp="2019-08-08T09:55:30.311" durationms="17.483" />

<exclusive-start id="1536" timestamp="2019-08-08T09:55:30.414" intervalms="120.717">
  <response-info timems="0.047" idlems="0.047" threads="0" lastid="00000000021F7F00" lastname="main" />
</exclusive-start>
<af-start id="1537" threadId="00000000021F8888" totalBytesRequested="23272" timestamp="2019-08-08T09:55:30.414" intervalms="119.257" type="nursery" />
<cycle-start id="1538" type="scavenge" contextid="0" timestamp="2019-08-08T09:55:30.414" intervalms="119.193" />
<gc-start id="1539" type="scavenge" contextid="1538" timestamp="2019-08-08T09:55:30.414">
  <mem-info id="1540" free="4823656" total="15794176" percent="30">
    <mem type="nursery" free="0" total="6946816" percent="0">
      <mem type="allocate" free="0" total="4718592" percent="0" />
      <mem type="survivor" free="0" total="2228224" percent="0" />
    </mem>
    <mem type="tenure" free="4823656" total="8847360" percent="54">
      <mem type="soa" free="4735592" total="8759296" percent="54" />
      <mem type="loa" free="88064" total="88064" percent="100" />
    </mem>
    <remembered-set count="1681" />
  </mem-info>
</gc-start>
<allocation-stats totalBytes="3713368" >
  <allocated-bytes non-tlh="63608" tlh="3649760" />
  <largest-consumer threadName="main" threadId="00000000021F7F00" bytes="3713368" />
</allocation-stats>
<gc-op id="1541" type="scavenge" timems="4.619" contextid="1538" timestamp="2019-08-08T09:55:30.419">
  <scavenger-info tenureage="3" tenuremask="ffe8" tiltratio="67" />
  <memory-copied type="nursery" objects="9879" bytes="407632" bytesdiscarded="152184" />
  <memory-copied type="tenure" objects="383" bytes="550968" bytesdiscarded="760" />
  <references type="soft" candidates="54" cleared="0" enqueued="0" dynamicThreshold="24" maxThreshold="32" />
  <references type="weak" candidates="750" cleared="0" enqueued="0" />
</gc-op>
<gc-end id="1542" type="scavenge" contextid="1538" durationms="4.820" usertimems="11.791" systemtimems="0.000" timestamp="2019-08-08T09:55:30.419" activeThreads="16">
  <mem-info id="1543" free="8864592" total="15794176" percent="56">
    <mem type="nursery" free="4617040" total="6946816" percent="66">
      <mem type="allocate" free="4617040" total="5177344" percent="89" />
      <mem type="survivor" free="0" total="1769472" percent="0" />
    </mem>
    <mem type="tenure" free="4247552" total="8847360" percent="48" macro-fragmented="3110739">
      <mem type="soa" free="4159488" total="8759296" percent="47" />
      <mem type="loa" free="88064" total="88064" percent="100" />
    </mem>
    <remembered-set count="1324" />
  </mem-info>
</gc-end>
<cycle-end id="1544" type="scavenge" contextid="1538" timestamp="2019-08-08T09:55:30.419" />
  <attribute name="elasticGC enabled" value="1" />
  <attribute name= "numThreadsSpecified" value="16" />
  <attribute name="heapSize specified" value="14090240" />
  <attribute name="Current GC Util" value="18" />
  <attribute name= "Current Time Running" value="122267" />
  <attribute name ="GC Interval" value="2121" />
  <attribute name="Target GC Util Change" value ="80.000000" />
  <attribute name="Current GC Util Change" value="18.000000"/>
  <attribute name="Current Error" value="62.000000" />
  <attribute name="Output H" value="15869928"/>
  <attribute name="Output I" value="2120"/>
  <attribute name="Output T" value="16"/>
  <attribute name= "Current Time Running" value="122267" />
  <attribute name="GC Util currently" value="18" />
  <attribute name="CPU Util currently" value="9662555187" />
<allocation-satisfied id="1545" threadId="00000000021F7F00" bytesRequested="23272" />
<af-end id="1546" timestamp="2019-08-08T09:55:30.419" threadId="00000000021F8888" success="true" from="nursery"/>
<exclusive-end id="1547" timestamp="2019-08-08T09:55:30.419" durationms="5.024" />

<exclusive-start id="1548" timestamp="2019-08-08T09:55:30.506" intervalms="92.029">
  <response-info timems="0.058" idlems="0.058" threads="0" lastid="00000000021F7F00" lastname="main" />
</exclusive-start>
<af-start id="1549" threadId="00000000021F8888" totalBytesRequested="32" timestamp="2019-08-08T09:55:30.506" intervalms="92.044" type="nursery" />
<cycle-start id="1550" type="scavenge" contextid="0" timestamp="2019-08-08T09:55:30.506" intervalms="92.082" />
<gc-start id="1551" type="scavenge" contextid="1550" timestamp="2019-08-08T09:55:30.507">
  <mem-info id="1552" free="4225472" total="15794176" percent="26">
    <mem type="nursery" free="0" total="6946816" percent="0">
      <mem type="allocate" free="0" total="5177344" percent="0" />
      <mem type="survivor" free="0" total="1769472" percent="0" />
    </mem>
    <mem type="tenure" free="4225472" total="8847360" percent="47">
      <mem type="soa" free="4137408" total="8759296" percent="47" />
      <mem type="loa" free="88064" total="88064" percent="100" />
    </mem>
    <remembered-set count="1563" />
  </mem-info>
</gc-start>
<allocation-stats totalBytes="4638032" >
  <allocated-bytes non-tlh="45352" tlh="4592680" />
  <largest-consumer threadName="main" threadId="00000000021F7F00" bytes="4638032" />
</allocation-stats>
<gc-op id="1553" type="scavenge" timems="5.963" contextid="1550" timestamp="2019-08-08T09:55:30.513">
  <scavenger-info tenureage="3" tenuremask="7008" tiltratio="74" />
  <memory-copied type="nursery" objects="10518" bytes="382760" bytesdiscarded="109824" />
  <memory-copied type="tenure" objects="4966" bytes="226352" bytesdiscarded="328" />
  <references type="soft" candidates="54" cleared="0" enqueued="0" dynamicThreshold="24" maxThreshold="32" />
  <references type="weak" candidates="926" cleared="0" enqueued="0" />
</gc-op>
<gc-end id="1554" type="scavenge" contextid="1550" durationms="6.456" usertimems="12.579" systemtimems="0.000" timestamp="2019-08-08T09:55:30.513" activeThreads="16">
  <mem-info id="1555" free="8919568" total="15794176" percent="56">
    <mem type="nursery" free="4946432" total="6946816" percent="71">
      <mem type="allocate" free="4946432" total="5439488" percent="90" />
      <mem type="survivor" free="0" total="1507328" percent="0" />
    </mem>
    <mem type="tenure" free="3973136" total="8847360" percent="44" macro-fragmented="2592282">
      <mem type="soa" free="3885072" total="8759296" percent="44" />
      <mem type="loa" free="88064" total="88064" percent="100" />
    </mem>
    <remembered-set count="1672" />
  </mem-info>
</gc-end>
<cycle-end id="1556" type="scavenge" contextid="1550" timestamp="2019-08-08T09:55:30.513" />
  <attribute name="elasticGC enabled" value="1" />
  <attribute name= "numThreadsSpecified" value="16" />
  <attribute name="heapSize specified" value="14090240" />
  <attribute name="Current GC Util" value="12" />
  <attribute name= "Current Time Running" value="122359" />
  <attribute name ="GC Interval" value="2241" />
  <attribute name="Target GC Util Change" value ="80.000000" />
  <attribute name="Current GC Util Change" value="12.000000"/>
  <attribute name="Current Error" value="130.000000" />
  <attribute name="Output H" value="15870008"/>
  <attribute name="Output I" value="2240"/>
  <attribute name="Output T" value="16"/>
  <attribute name= "Current Time Running" value="122359" />
  <attribute name="GC Util currently" value="12" />
  <attribute name="CPU Util currently" value="12521896826" />
<allocation-satisfied id="1557" threadId="00000000021F7F00" bytesRequested="32" />
<af-end id="1558" timestamp="2019-08-08T09:55:30.513" threadId="00000000021F8888" success="true" from="nursery"/>
<exclusive-end id="1559" timestamp="2019-08-08T09:55:30.513" durationms="6.801" />

<exclusive-start id="1560" timestamp="2019-08-08T09:55:30.615" intervalms="108.705">
  <response-info timems="0.143" idlems="0.143" threads="0" lastid="00000000021F7F00" lastname="main" />
</exclusive-start>
<af-start id="1561" threadId="00000000021F8888" totalBytesRequested="2888" timestamp="2019-08-08T09:55:30.615" intervalms="108.690" type="nursery" />
<cycle-start id="1562" type="scavenge" contextid="0" timestamp="2019-08-08T09:55:30.615" intervalms="108.652" />
<gc-start id="1563" type="scavenge" contextid="1562" timestamp="2019-08-08T09:55:30.615">
  <mem-info id="1564" free="3952432" total="15794176" percent="25">
    <mem type="nursery" free="0" total="6946816" percent="0">
      <mem type="allocate" free="0" total="5439488" percent="0" />
      <mem type="survivor" free="0" total="1507328" percent="0" />
    </mem>
    <mem type="tenure" free="3952432" total="8847360" percent="44">
      <mem type="soa" free="3864368" total="8759296" percent="44" />
      <mem type="loa" free="88064" total="88064" percent="100" />
    </mem>
    <remembered-set count="2088" />
  </mem-info>
</gc-start>
<allocation-stats totalBytes="4959536" >
  <allocated-bytes non-tlh="20736" tlh="4938800" />
  <largest-consumer threadName="main" threadId="00000000021F7F00" bytes="4959536" />
</allocation-stats>
<gc-op id="1565" type="scavenge" timems="5.632" contextid="1562" timestamp="2019-08-08T09:55:30.621">
  <scavenger-info tenureage="3" tenuremask="6008" tiltratio="78" />
  <memory-copied type="nursery" objects="10465" bytes="451296" bytesdiscarded="47632" />
  <memory-copied type="tenure" objects="1725" bytes="69360" bytesdiscarded="16" />
  <references type="soft" candidates="2" cleared="0" enqueued="0" dynamicThreshold="24" maxThreshold="32" />
  <references type="weak" candidates="678" cleared="5" enqueued="5" />
  <references type="phantom" candidates="1" cleared="0" enqueued="0" />
</gc-op>
<gc-end id="1566" type="scavenge" contextid="1562" durationms="6.067" usertimems="10.177" systemtimems="0.000" timestamp="2019-08-08T09:55:30.621" activeThreads="16">
  <mem-info id="1567" free="8991504" total="15794176" percent="56">
    <mem type="nursery" free="5071328" total="6946816" percent="73">
      <mem type="allocate" free="5071328" total="5570560" percent="91" />
      <mem type="survivor" free="0" total="1376256" percent="0" />
    </mem>
    <mem type="tenure" free="3920176" total="8847360" percent="44" macro-fragmented="3732887">
      <mem type="soa" free="3832112" total="8759296" percent="43" />
      <mem type="loa" free="88064" total="88064" percent="100" />
    </mem>
    <pending-finalizers system="0" default="0" reference="5" classloader="0" />
    <remembered-set count="1480" />
  </mem-info>
</gc-end>
<cycle-end id="1568" type="scavenge" contextid="1562" timestamp="2019-08-08T09:55:30.621" />
  <attribute name="elasticGC enabled" value="1" />
  <attribute name= "numThreadsSpecified" value="16" />
  <attribute name="heapSize specified" value="14090240" />
  <attribute name="Current GC Util" value="11" />
  <attribute name= "Current Time Running" value="122467" />
  <attribute name ="GC Interval" value="2369" />
  <attribute name="Target GC Util Change" value ="80.000000" />
  <attribute name="Current GC Util Change" value="11.000000"/>
  <attribute name="Current Error" value="199.000000" />
  <attribute name="Output H" value="15870088"/>
  <attribute name="Output I" value="2368"/>
  <attribute name="Output T" value="16"/>
  <attribute name= "Current Time Running" value="122467" />
  <attribute name="GC Util currently" value="11" />
  <attribute name="CPU Util currently" value="10623169100" />
<allocation-satisfied id="1569" threadId="00000000021F7F00" bytesRequested="2888" />
<af-end id="1570" timestamp="2019-08-08T09:55:30.621" threadId="00000000021F8888" success="true" from="nursery"/>
<exclusive-end id="1571" timestamp="2019-08-08T09:55:30.621" durationms="6.386" />

<exclusive-start id="1572" timestamp="2019-08-08T09:55:30.738" intervalms="123.043">
  <response-info timems="0.021" idlems="0.021" threads="0" lastid="00000000021F7F00" lastname="main" />
</exclusive-start>
<af-start id="1573" threadId="00000000021F8888" totalBytesRequested="23272" timestamp="2019-08-08T09:55:30.738" intervalms="123.130" type="nursery" />
<cycle-start id="1574" type="scavenge" contextid="0" timestamp="2019-08-08T09:55:30.738" intervalms="123.176" />
<gc-start id="1575" type="scavenge" contextid="1574" timestamp="2019-08-08T09:55:30.738">
  <mem-info id="1576" free="3895368" total="15794176" percent="24">
    <mem type="nursery" free="0" total="6946816" percent="0">
      <mem type="allocate" free="0" total="5570560" percent="0" />
      <mem type="survivor" free="0" total="1376256" percent="0" />
    </mem>
    <mem type="tenure" free="3895368" total="8847360" percent="44">
      <mem type="soa" free="3807304" total="8759296" percent="43" />
      <mem type="loa" free="88064" total="88064" percent="100" />
    </mem>
    <remembered-set count="1731" />
  </mem-info>
</gc-start>
<allocation-stats totalBytes="5093912" >
  <allocated-bytes non-tlh="406408" tlh="4687504" />
  <largest-consumer threadName="main" threadId="00000000021F7F00" bytes="5093912" />
</allocation-stats>
<gc-op id="1577" type="scavenge" timems="6.723" contextid="1574" timestamp="2019-08-08T09:55:30.745">
  <scavenger-info tenureage="14" tenuremask="4000" tiltratio="80" />
  <memory-copied type="nursery" objects="20735" bytes="1204600" bytesdiscarded="82656" />
  <references type="soft" candidates="73" cleared="0" enqueued="0" dynamicThreshold="24" maxThreshold="32" />
  <references type="weak" candidates="752" cleared="0" enqueued="0" />
  <references type="phantom" candidates="1" cleared="0" enqueued="0" />
</gc-op>
<gc-end id="1578" type="scavenge" contextid="1574" durationms="7.008" usertimems="14.205" systemtimems="0.000" timestamp="2019-08-08T09:55:30.745" activeThreads="16">
  <mem-info id="1579" free="7391848" total="15794176" percent="46">
    <mem type="nursery" free="3496480" total="6946816" percent="50">
      <mem type="allocate" free="3496480" total="4784128" percent="73" />
      <mem type="survivor" free="0" total="2162688" percent="0" />
    </mem>
    <mem type="tenure" free="3895368" total="8847360" percent="44" macro-fragmented="3732887">
      <mem type="soa" free="3807304" total="8759296" percent="43" />
      <mem type="loa" free="88064" total="88064" percent="100" />
    </mem>
    <remembered-set count="1506" />
  </mem-info>
</gc-end>
<cycle-end id="1580" type="scavenge" contextid="1574" timestamp="2019-08-08T09:55:30.745" />
  <attribute name="elasticGC enabled" value="1" />
  <attribute name= "numThreadsSpecified" value="16" />
  <attribute name="heapSize specified" value="14090240" />
  <attribute name="Current GC Util" value="8" />
  <attribute name= "Current Time Running" value="122591" />
  <attribute name ="GC Interval" value="2497" />
  <attribute name="Target GC Util Change" value ="80.000000" />
  <attribute name="Current GC Util Change" value="8.000000"/>
  <attribute name="Current Error" value="271.000000" />
  <attribute name="Output H" value="15870168"/>
  <attribute name="Output I" value="2496"/>
  <attribute name="Output T" value="16"/>
  <attribute name= "Current Time Running" value="122591" />
  <attribute name="GC Util currently" value="8" />
  <attribute name="CPU Util currently" value="9350588052" />
<allocation-satisfied id="1581" threadId="00000000021F7F00" bytesRequested="23272" />
<af-end id="1582" timestamp="2019-08-08T09:55:30.746" threadId="00000000021F8888" success="true" from="nursery"/>
<exclusive-end id="1583" timestamp="2019-08-08T09:55:30.746" durationms="7.508" />

<exclusive-start id="1584" timestamp="2019-08-08T09:55:30.783" intervalms="45.121">
  <response-info timems="0.072" idlems="0.072" threads="0" lastid="00000000021F7F00" lastname="main" />
</exclusive-start>
<af-start id="1585" threadId="00000000021F8888" totalBytesRequested="24" timestamp="2019-08-08T09:55:30.783" intervalms="45.104" type="nursery" />
<cycle-start id="1586" type="scavenge" contextid="0" timestamp="2019-08-08T09:55:30.783" intervalms="45.067" />
<gc-start id="1587" type="scavenge" contextid="1586" timestamp="2019-08-08T09:55:30.784">
  <mem-info id="1588" free="3895192" total="15794176" percent="24">
    <mem type="nursery" free="0" total="6946816" percent="0">
      <mem type="allocate" free="0" total="4784128" percent="0" />
      <mem type="survivor" free="0" total="2162688" percent="0" />
    </mem>
    <mem type="tenure" free="3895192" total="8847360" percent="44">
      <mem type="soa" free="3807128" total="8759296" percent="43" />
      <mem type="loa" free="88064" total="88064" percent="100" />
    </mem>
    <remembered-set count="1511" />
  </mem-info>
</gc-start>
<allocation-stats totalBytes="3496136" >
  <allocated-bytes non-tlh="23448" tlh="3472688" />
  <largest-consumer threadName="main" threadId="00000000021F7F00" bytes="3496136" />
</allocation-stats>
<gc-op id="1589" type="scavenge" timems="6.774" contextid="1586" timestamp="2019-08-08T09:55:30.790">
  <scavenger-info tenureage="3" tenuremask="4018" tiltratio="68" />
  <memory-copied type="nursery" objects="17536" bytes="1097536" bytesdiscarded="122872" />
  <memory-copied type="tenure" objects="8421" bytes="305416" bytesdiscarded="616" />
  <references type="soft" candidates="73" cleared="0" enqueued="0" dynamicThreshold="24" maxThreshold="32" />
  <references type="weak" candidates="136" cleared="0" enqueued="0" />
  <references type="phantom" candidates="1" cleared="0" enqueued="0" />
</gc-op>
<heap-resize id="1590" type="expand" space="nursery" amount="655360" count="1" timems="0.022" reason="excessive time being spent scavenging" timestamp="2019-08-08T09:55:30.791" />
<gc-end id="1591" type="scavenge" contextid="1586" durationms="7.586" usertimems="13.339" systemtimems="0.000" timestamp="2019-08-08T09:55:30.791" activeThreads="16">
  <mem-info id="1592" free="7706048" total="16449536" percent="46">
    <mem type="nursery" free="4153384" total="7602176" percent="54">
      <mem type="allocate" free="4153384" total="5373952" percent="77" />
      <mem type="survivor" free="0" total="2228224" percent="0" />
    </mem>
    <mem type="tenure" free="3552664" total="8847360" percent="40" macro-fragmented="3110739">
      <mem type="soa" free="3464600" total="8759296" percent="39" />
      <mem type="loa" free="88064" total="88064" percent="100" />
    </mem>
    <remembered-set count="677" />
  </mem-info>
</gc-end>
<cycle-end id="1593" type="scavenge" contextid="1586" timestamp="2019-08-08T09:55:30.791" />
  <attribute name="elasticGC enabled" value="1" />
  <attribute name= "numThreadsSpecified" value="16" />
  <attribute name="heapSize specified" value="14090240" />
  <attribute name="Current GC Util" value="31" />
  <attribute name= "Current Time Running" value="122636" />
  <attribute name ="GC Interval" value="2585" />
  <attribute name="Target GC Util Change" value ="80.000000" />
  <attribute name="Current GC Util Change" value="31.000000"/>
  <attribute name="Current Error" value="320.000000" />
  <attribute name="Output H" value="15870232"/>
  <attribute name="Output I" value="2584"/>
  <attribute name="Output T" value="16"/>
  <attribute name= "Current Time Running" value="122636" />
  <attribute name="GC Util currently" value="31" />
  <attribute name="CPU Util currently" value="25518141929" />
<allocation-satisfied id="1594" threadId="00000000021F7F00" bytesRequested="24" />
<af-end id="1595" timestamp="2019-08-08T09:55:30.791" threadId="00000000021F8888" success="true" from="nursery"/>
<exclusive-end id="1596" timestamp="2019-08-08T09:55:30.791" durationms="8.218" />

<exclusive-start id="1597" timestamp="2019-08-08T09:55:30.868" intervalms="84.942">
  <response-info timems="0.066" idlems="0.066" threads="0" lastid="00000000021F7F00" lastname="main" />
</exclusive-start>
<af-start id="1598" threadId="00000000021F8888" totalBytesRequested="160" timestamp="2019-08-08T09:55:30.868" intervalms="84.955" type="nursery" />
<cycle-start id="1599" type="scavenge" contextid="0" timestamp="2019-08-08T09:55:30.868" intervalms="85.018" />
<gc-start id="1600" type="scavenge" contextid="1599" timestamp="2019-08-08T09:55:30.869">
  <mem-info id="1601" free="3550496" total="16449536" percent="21">
    <mem type="nursery" free="0" total="7602176" percent="0">
      <mem type="allocate" free="0" total="5373952" percent="0" />
      <mem type="survivor" free="0" total="2228224" percent="0" />
    </mem>
    <mem type="tenure" free="3550496" total="8847360" percent="40">
      <mem type="soa" free="3462432" total="8759296" percent="39" />
      <mem type="loa" free="88064" total="88064" percent="100" />
    </mem>
    <remembered-set count="707" />
  </mem-info>
</gc-start>
<allocation-stats totalBytes="4154776" >
  <allocated-bytes non-tlh="2192" tlh="4152584" />
  <largest-consumer threadName="main" threadId="00000000021F7F00" bytes="4154776" />
</allocation-stats>
<gc-op id="1602" type="scavenge" timems="4.463" contextid="1599" timestamp="2019-08-08T09:55:30.873">
  <scavenger-info tenureage="2" tenuremask="400c" tiltratio="70" />
  <memory-copied type="nursery" objects="15290" bytes="660312" bytesdiscarded="73408" />
  <memory-copied type="tenure" objects="7875" bytes="415560" bytesdiscarded="384" />
  <references type="weak" candidates="20" cleared="0" enqueued="0" />
</gc-op>
<gc-end id="1603" type="scavenge" contextid="1599" durationms="4.744" usertimems="10.958" systemtimems="0.000" timestamp="2019-08-08T09:55:30.873" activeThreads="16">
  <mem-info id="1604" free="8115528" total="16449536" percent="49">
    <mem type="nursery" free="4967888" total="7602176" percent="65">
      <mem type="allocate" free="4967888" total="5701632" percent="87" />
      <mem type="survivor" free="0" total="1900544" percent="0" />
    </mem>
    <mem type="tenure" free="3147640" total="8847360" percent="35" macro-fragmented="2160235">
      <mem type="soa" free="3059576" total="8759296" percent="34" />
      <mem type="loa" free="88064" total="88064" percent="100" />
    </mem>
    <remembered-set count="459" />
  </mem-info>
</gc-end>
<cycle-end id="1605" type="scavenge" contextid="1599" timestamp="2019-08-08T09:55:30.873" />
  <attribute name="elasticGC enabled" value="1" />
  <attribute name= "numThreadsSpecified" value="16" />
  <attribute name="heapSize specified" value="14090240" />
  <attribute name="Current GC Util" value="15" />
  <attribute name= "Current Time Running" value="122721" />
  <attribute name ="GC Interval" value="2697" />
  <attribute name="Target GC Util Change" value ="80.000000" />
  <attribute name="Current GC Util Change" value="15.000000"/>
  <attribute name="Current Error" value="385.000000" />
  <attribute name="Output H" value="16525664"/>
  <attribute name="Output I" value="2696"/>
  <attribute name="Output T" value="16"/>
  <attribute name= "Current Time Running" value="122721" />
  <attribute name="GC Util currently" value="15" />
  <attribute name="CPU Util currently" value="13545577338" />
<allocation-satisfied id="1606" threadId="00000000021F7F00" bytesRequested="160" />
<af-end id="1607" timestamp="2019-08-08T09:55:30.874" threadId="00000000021F8888" success="true" from="nursery"/>
<exclusive-end id="1608" timestamp="2019-08-08T09:55:30.874" durationms="5.412" />

<exclusive-start id="1609" timestamp="2019-08-08T09:55:30.980" intervalms="112.216">
  <response-info timems="0.326" idlems="0.326" threads="0" lastid="00000000021F7F00" lastname="main" />
</exclusive-start>
<af-start id="1610" threadId="00000000021F8888" totalBytesRequested="32" timestamp="2019-08-08T09:55:30.980" intervalms="112.197" type="nursery" />
<cycle-start id="1611" type="scavenge" contextid="0" timestamp="2019-08-08T09:55:30.981" intervalms="112.192" />
<gc-start id="1612" type="scavenge" contextid="1611" timestamp="2019-08-08T09:55:30.981">
  <mem-info id="1613" free="3090272" total="16449536" percent="18">
    <mem type="nursery" free="0" total="7602176" percent="0">
      <mem type="allocate" free="0" total="5701632" percent="0" />
      <mem type="survivor" free="0" total="1900544" percent="0" />
    </mem>
    <mem type="tenure" free="3090272" total="8847360" percent="34">
      <mem type="soa" free="3002208" total="8759296" percent="34" />
      <mem type="loa" free="88064" total="88064" percent="100" />
    </mem>
    <remembered-set count="1069" />
  </mem-info>
</gc-start>
<allocation-stats totalBytes="5024128" >
  <allocated-bytes non-tlh="323080" tlh="4701048" />
  <largest-consumer threadName="main" threadId="00000000021F7F00" bytes="5024128" />
</allocation-stats>
<gc-op id="1614" type="scavenge" timems="3.421" contextid="1611" timestamp="2019-08-08T09:55:30.984">
  <scavenger-info tenureage="14" tenuremask="4000" tiltratio="75" />
  <memory-copied type="nursery" objects="20210" bytes="1158784" bytesdiscarded="124688" />
  <references type="soft" candidates="224" cleared="0" enqueued="0" dynamicThreshold="24" maxThreshold="32" />
  <references type="weak" candidates="464" cleared="18" enqueued="12" />
  <references type="phantom" candidates="1" cleared="0" enqueued="0" />
</gc-op>
<gc-end id="1615" type="scavenge" contextid="1611" durationms="4.128" usertimems="7.363" systemtimems="0.000" timestamp="2019-08-08T09:55:30.985" activeThreads="16">
  <mem-info id="1616" free="7442664" total="16449536" percent="45">
    <mem type="nursery" free="4352392" total="7602176" percent="57">
      <mem type="allocate" free="4352392" total="5636096" percent="77" />
      <mem type="survivor" free="0" total="1966080" percent="0" />
    </mem>
    <mem type="tenure" free="3090272" total="8847360" percent="34" macro-fragmented="2592282">
      <mem type="soa" free="3002208" total="8759296" percent="34" />
      <mem type="loa" free="88064" total="88064" percent="100" />
    </mem>
    <pending-finalizers system="0" default="0" reference="12" classloader="0" />
    <remembered-set count="1063" />
  </mem-info>
</gc-end>
<cycle-end id="1617" type="scavenge" contextid="1611" timestamp="2019-08-08T09:55:30.985" />
  <attribute name="elasticGC enabled" value="1" />
  <attribute name= "numThreadsSpecified" value="16" />
  <attribute name="heapSize specified" value="14090240" />
  <attribute name="Current GC Util" value="9" />
  <attribute name= "Current Time Running" value="122833" />
  <attribute name ="GC Interval" value="2137" />
  <attribute name="Target GC Util Change" value ="80.000000" />
  <attribute name="Current GC Util Change" value="9.000000"/>
  <attribute name="Current Error" value="71.000000" />
  <attribute name="Output H" value="16525304"/>
  <attribute name="Output I" value="2136"/>
  <attribute name="Output T" value="16"/>
  <attribute name= "Current Time Running" value="122833" />
  <attribute name="GC Util currently" value="9" />
  <attribute name="CPU Util currently" value="10296129837" />
<allocation-satisfied id="1618" threadId="00000000021F7F00" bytesRequested="32" />
<af-end id="1619" timestamp="2019-08-08T09:55:30.985" threadId="00000000021F8888" success="true" from="nursery"/>
<exclusive-end id="1620" timestamp="2019-08-08T09:55:30.985" durationms="4.731" />

<exclusive-start id="1621" timestamp="2019-08-08T09:55:31.017" intervalms="36.810">
  <response-info timems="0.195" idlems="0.195" threads="0" lastid="00000000021F7F00" lastname="main" />
</exclusive-start>
<af-start id="1622" threadId="00000000021F8888" totalBytesRequested="16" timestamp="2019-08-08T09:55:31.018" intervalms="37.201" type="nursery" />
<cycle-start id="1623" type="scavenge" contextid="0" timestamp="2019-08-08T09:55:31.018" intervalms="37.171" />
<gc-start id="1624" type="scavenge" contextid="1623" timestamp="2019-08-08T09:55:31.018">
  <mem-info id="1625" free="3087720" total="16449536" percent="18">
    <mem type="nursery" free="0" total="7602176" percent="0">
      <mem type="allocate" free="0" total="5636096" percent="0" />
      <mem type="survivor" free="0" total="1966080" percent="0" />
    </mem>
    <mem type="tenure" free="3087720" total="8847360" percent="34">
      <mem type="soa" free="2999656" total="8759296" percent="34" />
      <mem type="loa" free="88064" total="88064" percent="100" />
    </mem>
    <remembered-set count="1096" />
  </mem-info>
</gc-start>
<allocation-stats totalBytes="4354488" >
  <allocated-bytes non-tlh="2584" tlh="4351904" />
  <largest-consumer threadName="main" threadId="00000000021F7F00" bytes="4350392" />
</allocation-stats>
<gc-op id="1626" type="scavenge" timems="7.218" contextid="1623" timestamp="2019-08-08T09:55:31.025">
  <scavenger-info tenureage="3" tenuremask="4008" tiltratio="74" />
  <memory-copied type="nursery" objects="20681" bytes="914184" bytesdiscarded="75856" />
  <memory-copied type="tenure" objects="4913" bytes="192312" bytesdiscarded="568" />
  <references type="soft" candidates="224" cleared="0" enqueued="0" dynamicThreshold="24" maxThreshold="32" />
  <references type="weak" candidates="460" cleared="0" enqueued="0" />
</gc-op>
<heap-resize id="1627" type="expand" space="nursery" amount="786432" count="1" timems="0.018" reason="excessive time being spent scavenging" timestamp="2019-08-08T09:55:31.026" />
<gc-end id="1628" type="scavenge" contextid="1623" durationms="7.795" usertimems="12.453" systemtimems="0.000" timestamp="2019-08-08T09:55:31.026" activeThreads="16">
  <mem-info id="1629" free="8172432" total="17235968" percent="47">
    <mem type="nursery" free="5301288" total="8388608" percent="63">
      <mem type="allocate" free="5301288" total="6291456" percent="84" />
      <mem type="survivor" free="0" total="2097152" percent="0" />
    </mem>
    <mem type="tenure" free="2871144" total="8847360" percent="32" macro-fragmented="2592282">
      <mem type="soa" free="2783080" total="8759296" percent="31" />
      <mem type="loa" free="88064" total="88064" percent="100" />
    </mem>
    <remembered-set count="995" />
  </mem-info>
</gc-end>
<cycle-end id="1630" type="scavenge" contextid="1623" timestamp="2019-08-08T09:55:31.026" />
  <attribute name="elasticGC enabled" value="1" />
  <attribute name= "numThreadsSpecified" value="16" />
  <attribute name="heapSize specified" value="14090240" />
  <attribute name="Current GC Util" value="19" />
  <attribute name= "Current Time Running" value="122870" />
  <attribute name ="GC Interval" value="2249" />
  <attribute name="Target GC Util Change" value ="80.000000" />
  <attribute name="Current GC Util Change" value="19.000000"/>
  <attribute name="Current Error" value="132.000000" />
  <attribute name="Output H" value="16525368"/>
  <attribute name="Output I" value="2248"/>
  <attribute name="Output T" value="16"/>
  <attribute name= "Current Time Running" value="122870" />
  <attribute name="GC Util currently" value="19" />
  <attribute name="CPU Util currently" value="30896694445" />
<allocation-satisfied id="1631" threadId="00000000021F7F00" bytesRequested="16" />
<af-end id="1632" timestamp="2019-08-08T09:55:31.026" threadId="00000000021F8888" success="true" from="nursery"/>
<exclusive-end id="1633" timestamp="2019-08-08T09:55:31.026" durationms="8.962" />

<exclusive-start id="1634" timestamp="2019-08-08T09:55:31.140" intervalms="122.643">
  <response-info timems="0.097" idlems="0.097" threads="0" lastid="00000000021F7F00" lastname="main" />
</exclusive-start>
<sys-start reason="explicit" id="1635" timestamp="2019-08-08T09:55:31.140" intervalms="122784.530" />
<cycle-start id="1636" type="global" contextid="0" timestamp="2019-08-08T09:55:31.140" intervalms="2302.550" />
<gc-start id="1637" type="global" contextid="1636" timestamp="2019-08-08T09:55:31.140">
  <mem-info id="1638" free="3082864" total="17235968" percent="17">
    <mem type="nursery" free="244120" total="8388608" percent="2">
      <mem type="allocate" free="244120" total="6291456" percent="3" />
      <mem type="survivor" free="0" total="2097152" percent="0" />
    </mem>
    <mem type="tenure" free="2838744" total="8847360" percent="32">
      <mem type="soa" free="2750680" total="8759296" percent="31" />
      <mem type="loa" free="88064" total="88064" percent="100" />
    </mem>
    <remembered-set count="1536" />
  </mem-info>
</gc-start>
<allocation-stats totalBytes="5086424" >
  <allocated-bytes non-tlh="432432" tlh="4653992" />
  <largest-consumer threadName="main" threadId="00000000021F7F00" bytes="5086424" />
</allocation-stats>
<gc-op id="1639" type="mark" timems="18.365" contextid="1636" timestamp="2019-08-08T09:55:31.159">
  <trace-info objectcount="75583" scancount="62982" scanbytes="2137092" />
  <finalization candidates="80" enqueued="0" />
  <ownableSynchronizers candidates="21" cleared="0" />
  <references type="soft" candidates="1630" cleared="0" enqueued="0" dynamicThreshold="24" maxThreshold="32" />
  <references type="weak" candidates="4658" cleared="274" enqueued="177" />
  <references type="phantom" candidates="77" cleared="1" enqueued="1" />
  <stringconstants candidates="10077" cleared="1394"  />
</gc-op>
<gc-op id="1640" type="classunload" timems="5.973" contextid="1636" timestamp="2019-08-08T09:55:31.165">
  <classunload-info classloadercandidates="18" classloadersunloaded="2" classesunloaded="509" anonymousclassesunloaded="0" quiescems="0.000" setupms="1.786" scanms="4.182" postms="0.005" />
</gc-op>
<gc-op id="1641" type="sweep" timems="2.523" contextid="1636" timestamp="2019-08-08T09:55:31.168" />
<mem-info id="1642" free="10416832" total="17235968" percent="60">
  <mem type="nursery" free="5826504" total="8388608" percent="69">
    <mem type="allocate" free="5826504" total="6291456" percent="92" />
    <mem type="survivor" free="0" total="2097152" percent="0" />
  </mem>
  <mem type="tenure" free="4590328" total="8847360" percent="51" micro-fragmented="92272" macro-fragmented="56347">
    <mem type="soa" free="4502264" total="8759296" percent="51" />
    <mem type="loa" free="88064" total="88064" percent="100" />
  </mem>
  <pending-finalizers system="0" default="0" reference="178" classloader="0" />
  <remembered-set count="1257" />
</mem-info>
<gc-op id="1643" type="compact" timems="54.205" contextid="1636" timestamp="2019-08-08T09:55:31.223">
  <compact-info movecount="69546" movebytes="4296664" reason="compact to aid heap contraction" />
</gc-op>
<heap-resize id="1644" type="expand" space="tenure" amount="131072" count="1" timems="0.023" reason="satisfy allocation request" timestamp="2019-08-08T09:55:31.225" />
<gc-end id="1645" type="global" contextid="1636" durationms="84.852" usertimems="123.040" systemtimems="0.000" timestamp="2019-08-08T09:55:31.225" activeThreads="16">
  <mem-info id="1646" free="10722592" total="17367040" percent="61">
    <mem type="nursery" free="5944240" total="8388608" percent="70">
      <mem type="allocate" free="5944240" total="6291456" percent="94" />
      <mem type="survivor" free="0" total="2097152" percent="0" />
    </mem>
    <mem type="tenure" free="4778352" total="8978432" percent="53">
      <mem type="soa" free="4689264" total="8889344" percent="52" />
      <mem type="loa" free="89088" total="89088" percent="100" />
    </mem>
    <pending-finalizers system="0" default="0" reference="178" classloader="0" />
    <remembered-set count="1257" />
  </mem-info>
</gc-end>
<cycle-end id="1647" type="global" contextid="1636" timestamp="2019-08-08T09:55:31.226" />
  <attribute name="elasticGC enabled" value="1" />
  <attribute name= "numThreadsSpecified" value="16" />
  <attribute name="heapSize specified" value="17235968" />
  <attribute name="Current GC Util" value="75" />
  <attribute name= "Current Time Running" value="123075" />
  <attribute name ="GC Interval" value="2249" />
  <attribute name="Target GC Util Change" value ="80.000000" />
  <attribute name="Current GC Util Change" value="75.000000"/>
  <attribute name="Current Error" value="131.000000" />
  <attribute name="Output H" value="17311800"/>
  <attribute name="Output I" value="2248"/>
  <attribute name="Output T" value="16"/>
  <attribute name= "Current Time Running" value="123075" />
  <attribute name="GC Util currently" value="75" />
  <attribute name="CPU Util currently" value="21158657459" />
<sys-end id="1648" timestamp="2019-08-08T09:55:31.227" />
<exclusive-end id="1649" timestamp="2019-08-08T09:55:31.227" durationms="86.750" />

===== DaCapo 9.12-MR1 jython starting =====
<exclusive-start id="1650" timestamp="2019-08-08T09:55:31.376" intervalms="235.789">
  <response-info timems="0.018" idlems="0.018" threads="0" lastid="00000000021F7F00" lastname="main" />
</exclusive-start>
<af-start id="1651" threadId="00000000021F8888" totalBytesRequested="24" timestamp="2019-08-08T09:55:31.376" intervalms="358.007" type="nursery" />
<cycle-start id="1652" type="scavenge" contextid="0" timestamp="2019-08-08T09:55:31.376" intervalms="357.970" />
<gc-start id="1653" type="scavenge" contextid="1652" timestamp="2019-08-08T09:55:31.376">
  <mem-info id="1654" free="4777512" total="17367040" percent="27">
    <mem type="nursery" free="0" total="8388608" percent="0">
      <mem type="allocate" free="0" total="6291456" percent="0" />
      <mem type="survivor" free="0" total="2097152" percent="0" />
    </mem>
    <mem type="tenure" free="4777512" total="8978432" percent="53">
      <mem type="soa" free="4688424" total="8889344" percent="52" />
      <mem type="loa" free="89088" total="89088" percent="100" />
    </mem>
    <remembered-set count="1448" />
  </mem-info>
</gc-start>
<allocation-stats totalBytes="5944168" >
  <allocated-bytes non-tlh="528544" tlh="5415624" />
  <largest-consumer threadName="main" threadId="00000000021F7F00" bytes="5931824" />
</allocation-stats>
<gc-op id="1655" type="scavenge" timems="8.064" contextid="1652" timestamp="2019-08-08T09:55:31.384">
  <scavenger-info tenureage="3" tenuremask="4008" tiltratio="75" />
  <memory-copied type="nursery" objects="23472" bytes="1555792" bytesdiscarded="70824" />
  <memory-copied type="tenure" objects="56" bytes="1752" bytesdiscarded="0" />
  <ownableSynchronizers candidates="42" cleared="42" />
  <references type="soft" candidates="547" cleared="0" enqueued="0" dynamicThreshold="17" maxThreshold="32" />
  <references type="weak" candidates="685" cleared="4" enqueued="4" />
  <references type="phantom" candidates="5" cleared="1" enqueued="1" />
</gc-op>
<gc-end id="1656" type="scavenge" contextid="1652" durationms="8.438" usertimems="16.475" systemtimems="0.000" timestamp="2019-08-08T09:55:31.384" activeThreads="16">
  <mem-info id="1657" free="9032640" total="17367040" percent="52">
    <mem type="nursery" free="4271256" total="8388608" percent="50">
      <mem type="allocate" free="4271256" total="5898240" percent="72" />
      <mem type="survivor" free="0" total="2490368" percent="0" />
    </mem>
    <mem type="tenure" free="4761384" total="8978432" percent="53" macro-fragmented="2592282">
      <mem type="soa" free="4672296" total="8889344" percent="52" />
      <mem type="loa" free="89088" total="89088" percent="100" />
    </mem>
    <pending-finalizers system="0" default="0" reference="5" classloader="0" />
    <remembered-set count="929" />
  </mem-info>
</gc-end>
<cycle-end id="1658" type="scavenge" contextid="1652" timestamp="2019-08-08T09:55:31.384" />
  <attribute name="elasticGC enabled" value="1" />
  <attribute name= "numThreadsSpecified" value="16" />
  <attribute name="heapSize specified" value="17235968" />
  <attribute name="Current GC Util" value="31" />
  <attribute name= "Current Time Running" value="123228" />
  <attribute name ="GC Interval" value="2097" />
  <attribute name="Target GC Util Change" value ="80.000000" />
  <attribute name="Current GC Util Change" value="31.000000"/>
  <attribute name="Current Error" value="49.000000" />
  <attribute name="Output H" value="17442776"/>
  <attribute name="Output I" value="2096"/>
  <attribute name="Output T" value="16"/>
  <attribute name= "Current Time Running" value="123228" />
  <attribute name="GC Util currently" value="31" />
  <attribute name="CPU Util currently" value="7539226380" />
<allocation-satisfied id="1659" threadId="00000000021F7F00" bytesRequested="24" />
<af-end id="1660" timestamp="2019-08-08T09:55:31.384" threadId="00000000021F8888" success="true" from="nursery"/>
<exclusive-end id="1661" timestamp="2019-08-08T09:55:31.384" durationms="8.678" />

<exclusive-start id="1662" timestamp="2019-08-08T09:55:31.403" intervalms="27.011">
  <response-info timems="0.025" idlems="0.025" threads="0" lastid="00000000021F7F00" lastname="main" />
</exclusive-start>
<af-start id="1663" threadId="00000000021F8888" totalBytesRequested="32" timestamp="2019-08-08T09:55:31.403" intervalms="27.009" type="nursery" />
<cycle-start id="1664" type="scavenge" contextid="0" timestamp="2019-08-08T09:55:31.403" intervalms="27.009" />
<gc-start id="1665" type="scavenge" contextid="1664" timestamp="2019-08-08T09:55:31.403">
  <mem-info id="1666" free="4761384" total="17367040" percent="27">
    <mem type="nursery" free="0" total="8388608" percent="0">
      <mem type="allocate" free="0" total="5898240" percent="0" />
      <mem type="survivor" free="0" total="2490368" percent="0" />
    </mem>
    <mem type="tenure" free="4761384" total="8978432" percent="53">
      <mem type="soa" free="4672296" total="8889344" percent="52" />
      <mem type="loa" free="89088" total="89088" percent="100" />
    </mem>
    <remembered-set count="930" />
  </mem-info>
</gc-start>
<allocation-stats totalBytes="4270744" >
  <allocated-bytes non-tlh="24" tlh="4270720" />
  <largest-consumer threadName="main" threadId="00000000021F7F00" bytes="4270744" />
</allocation-stats>
<gc-op id="1667" type="scavenge" timems="4.951" contextid="1664" timestamp="2019-08-08T09:55:31.408">
  <scavenger-info tenureage="14" tenuremask="4000" tiltratio="70" />
  <memory-copied type="nursery" objects="29717" bytes="1786264" bytesdiscarded="68896" />
  <references type="soft" candidates="547" cleared="0" enqueued="0" dynamicThreshold="17" maxThreshold="32" />
  <references type="weak" candidates="681" cleared="0" enqueued="0" />
  <references type="phantom" candidates="4" cleared="0" enqueued="0" />
</gc-op>
<heap-resize id="1668" type="expand" space="nursery" amount="917504" count="1" timems="0.022" reason="excessive time being spent scavenging" timestamp="2019-08-08T09:55:31.408" />
<gc-end id="1669" type="scavenge" contextid="1664" durationms="5.499" usertimems="10.027" systemtimems="0.000" timestamp="2019-08-08T09:55:31.408" activeThreads="16">
  <mem-info id="1670" free="9393920" total="18284544" percent="51">
    <mem type="nursery" free="4632536" total="9306112" percent="49">
      <mem type="allocate" free="4632536" total="6488064" percent="71" />
      <mem type="survivor" free="0" total="2818048" percent="0" />
    </mem>
    <mem type="tenure" free="4761384" total="8978432" percent="53" macro-fragmented="4479464">
      <mem type="soa" free="4672296" total="8889344" percent="52" />
      <mem type="loa" free="89088" total="89088" percent="100" />
    </mem>
    <remembered-set count="894" />
  </mem-info>
</gc-end>
<cycle-end id="1671" type="scavenge" contextid="1664" timestamp="2019-08-08T09:55:31.408" />
  <attribute name="elasticGC enabled" value="1" />
  <attribute name= "numThreadsSpecified" value="16" />
  <attribute name="heapSize specified" value="17235968" />
  <attribute name="Current GC Util" value="60" />
  <attribute name= "Current Time Running" value="123255" />
  <attribute name ="GC Interval" value="2137" />
  <attribute name="Target GC Util Change" value ="80.000000" />
  <attribute name="Current GC Util Change" value="60.000000"/>
  <attribute name="Current Error" value="69.000000" />
  <attribute name="Output H" value="17442800"/>
  <attribute name="Output I" value="2136"/>
  <attribute name="Output T" value="16"/>
  <attribute name= "Current Time Running" value="123255" />
  <attribute name="GC Util currently" value="60" />
  <attribute name="CPU Util currently" value="42661151118" />
<allocation-satisfied id="1672" threadId="00000000021F7F00" bytesRequested="32" />
<af-end id="1673" timestamp="2019-08-08T09:55:31.408" threadId="00000000021F8888" success="true" from="nursery"/>
<exclusive-end id="1674" timestamp="2019-08-08T09:55:31.408" durationms="5.701" />

<exclusive-start id="1675" timestamp="2019-08-08T09:55:31.463" intervalms="60.453">
  <response-info timems="0.963" idlems="0.573" threads="1" lastid="000000000221D600" lastname="IProfiler" />
</exclusive-start>
<af-start id="1676" threadId="00000000021F8888" totalBytesRequested="104" timestamp="2019-08-08T09:55:31.463" intervalms="60.440" type="nursery" />
<cycle-start id="1677" type="scavenge" contextid="0" timestamp="2019-08-08T09:55:31.463" intervalms="60.442" />
<gc-start id="1678" type="scavenge" contextid="1677" timestamp="2019-08-08T09:55:31.463">
  <mem-info id="1679" free="4761384" total="18284544" percent="26">
    <mem type="nursery" free="0" total="9306112" percent="0">
      <mem type="allocate" free="0" total="6488064" percent="0" />
      <mem type="survivor" free="0" total="2818048" percent="0" />
    </mem>
    <mem type="tenure" free="4761384" total="8978432" percent="53">
      <mem type="soa" free="4672296" total="8889344" percent="52" />
      <mem type="loa" free="89088" total="89088" percent="100" />
    </mem>
    <remembered-set count="894" />
  </mem-info>
</gc-start>
<allocation-stats totalBytes="4631576" >
  <allocated-bytes non-tlh="32" tlh="4631544" />
  <largest-consumer threadName="main" threadId="00000000021F7F00" bytes="4631576" />
</allocation-stats>
<gc-op id="1680" type="scavenge" timems="7.694" contextid="1677" timestamp="2019-08-08T09:55:31.471">
  <scavenger-info tenureage="2" tenuremask="4014" tiltratio="69" />
  <memory-copied type="nursery" objects="15614" bytes="666848" bytesdiscarded="126752" />
  <memory-copied type="tenure" objects="16995" bytes="981648" bytesdiscarded="1496" />
  <references type="weak" candidates="18" cleared="0" enqueued="0" />
</gc-op>
<heap-resize id="1681" type="expand" space="nursery" amount="524288" count="1" timems="0.023" reason="excessive time being spent scavenging" timestamp="2019-08-08T09:55:31.471" />
<gc-end id="1682" type="scavenge" contextid="1677" durationms="8.324" usertimems="24.471" systemtimems="0.000" timestamp="2019-08-08T09:55:31.472" activeThreads="16">
  <mem-info id="1683" free="10156792" total="18808832" percent="54">
    <mem type="nursery" free="6415352" total="9830400" percent="65">
      <mem type="allocate" free="6415352" total="7208960" percent="88" />
      <mem type="survivor" free="0" total="2621440" percent="0" />
    </mem>
    <mem type="tenure" free="3741440" total="8978432" percent="41" macro-fragmented="196632">
      <mem type="soa" free="3652352" total="8889344" percent="41" />
      <mem type="loa" free="89088" total="89088" percent="100" />
    </mem>
    <remembered-set count="533" />
  </mem-info>
</gc-end>
<cycle-end id="1684" type="scavenge" contextid="1677" timestamp="2019-08-08T09:55:31.472" />
  <attribute name="elasticGC enabled" value="1" />
  <attribute name= "numThreadsSpecified" value="16" />
  <attribute name="heapSize specified" value="17235968" />
  <attribute name="Current GC Util" value="15" />
  <attribute name= "Current Time Running" value="123315" />
  <attribute name ="GC Interval" value="2249" />
  <attribute name="Target GC Util Change" value ="80.000000" />
  <attribute name="Current GC Util Change" value="15.000000"/>
  <attribute name="Current Error" value="134.000000" />
  <attribute name="Output H" value="18360384"/>
  <attribute name="Output I" value="2248"/>
  <attribute name="Output T" value="16"/>
  <attribute name= "Current Time Running" value="123315" />
  <attribute name="GC Util currently" value="15" />
  <attribute name="CPU Util currently" value="19070787642" />
<allocation-satisfied id="1685" threadId="00000000021F7F00" bytesRequested="104" />
<af-end id="1686" timestamp="2019-08-08T09:55:31.472" threadId="00000000021F8888" success="true" from="nursery"/>
<exclusive-end id="1687" timestamp="2019-08-08T09:55:31.472" durationms="8.575" />

<exclusive-start id="1688" timestamp="2019-08-08T09:55:31.570" intervalms="106.510">
  <response-info timems="0.190" idlems="0.190" threads="0" lastid="00000000021F7F00" lastname="main" />
</exclusive-start>
<af-start id="1689" threadId="00000000021F8888" totalBytesRequested="24" timestamp="2019-08-08T09:55:31.570" intervalms="106.495" type="nursery" />
<cycle-start id="1690" type="scavenge" contextid="0" timestamp="2019-08-08T09:55:31.570" intervalms="106.500" />
<gc-start id="1691" type="scavenge" contextid="1690" timestamp="2019-08-08T09:55:31.570">
  <mem-info id="1692" free="3599784" total="18808832" percent="19">
    <mem type="nursery" free="0" total="9830400" percent="0">
      <mem type="allocate" free="0" total="7208960" percent="0" />
      <mem type="survivor" free="0" total="2621440" percent="0" />
    </mem>
    <mem type="tenure" free="3599784" total="8978432" percent="40">
      <mem type="soa" free="3510696" total="8889344" percent="39" />
      <mem type="loa" free="89088" total="89088" percent="100" />
    </mem>
    <remembered-set count="2907" />
  </mem-info>
</gc-start>
<allocation-stats totalBytes="6555320" >
  <allocated-bytes non-tlh="387032" tlh="6168288" />
  <largest-consumer threadName="main" threadId="00000000021F7F00" bytes="6555320" />
</allocation-stats>
<gc-op id="1693" type="scavenge" timems="5.325" contextid="1690" timestamp="2019-08-08T09:55:31.575">
  <scavenger-info tenureage="14" tenuremask="4000" tiltratio="73" />
  <memory-copied type="nursery" objects="26830" bytes="1413120" bytesdiscarded="122824" />
  <references type="soft" candidates="57" cleared="0" enqueued="0" dynamicThreshold="17" maxThreshold="32" />
  <references type="weak" candidates="173" cleared="29" enqueued="20" />
  <references type="phantom" candidates="1" cleared="0" enqueued="0" />
</gc-op>
<gc-end id="1694" type="scavenge" contextid="1690" durationms="5.563" usertimems="17.753" systemtimems="0.000" timestamp="2019-08-08T09:55:31.575" activeThreads="16">
  <mem-info id="1695" free="9469256" total="18808832" percent="50">
    <mem type="nursery" free="5869472" total="9830400" percent="59">
      <mem type="allocate" free="5869472" total="7405568" percent="79" />
      <mem type="survivor" free="0" total="2424832" percent="0" />
    </mem>
    <mem type="tenure" free="3599784" total="8978432" percent="40" macro-fragmented="3110739">
      <mem type="soa" free="3510696" total="8889344" percent="39" />
      <mem type="loa" free="89088" total="89088" percent="100" />
    </mem>
    <pending-finalizers system="0" default="0" reference="20" classloader="0" />
    <remembered-set count="2892" />
  </mem-info>
</gc-end>
<cycle-end id="1696" type="scavenge" contextid="1690" timestamp="2019-08-08T09:55:31.575" />
  <attribute name="elasticGC enabled" value="1" />
  <attribute name= "numThreadsSpecified" value="16" />
  <attribute name="heapSize specified" value="17235968" />
  <attribute name="Current GC Util" value="15" />
  <attribute name= "Current Time Running" value="123422" />
  <attribute name ="GC Interval" value="2369" />
  <attribute name="Target GC Util Change" value ="80.000000" />
  <attribute name="Current GC Util Change" value="15.000000"/>
  <attribute name="Current Error" value="199.000000" />
  <attribute name="Output H" value="18884744"/>
  <attribute name="Output I" value="2368"/>
  <attribute name="Output T" value="16"/>
  <attribute name= "Current Time Running" value="123422" />
  <attribute name="GC Util currently" value="15" />
  <attribute name="CPU Util currently" value="10815514078" />
<allocation-satisfied id="1697" threadId="00000000021F7F00" bytesRequested="24" />
<af-end id="1698" timestamp="2019-08-08T09:55:31.575" threadId="00000000021F8888" success="true" from="nursery"/>
<exclusive-end id="1699" timestamp="2019-08-08T09:55:31.575" durationms="5.778" />

<exclusive-start id="1700" timestamp="2019-08-08T09:55:31.643" intervalms="73.367">
  <response-info timems="0.212" idlems="0.212" threads="0" lastid="00000000021F7F00" lastname="main" />
</exclusive-start>
<af-start id="1701" threadId="00000000021F8888" totalBytesRequested="40" timestamp="2019-08-08T09:55:31.643" intervalms="73.401" type="nursery" />
<cycle-start id="1702" type="scavenge" contextid="0" timestamp="2019-08-08T09:55:31.643" intervalms="73.400" />
<gc-start id="1703" type="scavenge" contextid="1702" timestamp="2019-08-08T09:55:31.643">
  <mem-info id="1704" free="3580152" total="18808832" percent="19">
    <mem type="nursery" free="0" total="9830400" percent="0">
      <mem type="allocate" free="0" total="7405568" percent="0" />
      <mem type="survivor" free="0" total="2424832" percent="0" />
    </mem>
    <mem type="tenure" free="3580152" total="8978432" percent="39">
      <mem type="soa" free="3491064" total="8889344" percent="39" />
      <mem type="loa" free="89088" total="89088" percent="100" />
    </mem>
    <remembered-set count="3010" />
  </mem-info>
</gc-start>
<allocation-stats totalBytes="5888112" >
  <allocated-bytes non-tlh="219664" tlh="5668448" />
  <largest-consumer threadName="main" threadId="00000000021F7F00" bytes="5884016" />
</allocation-stats>
<gc-op id="1705" type="scavenge" timems="5.391" contextid="1702" timestamp="2019-08-08T09:55:31.649">
  <scavenger-info tenureage="3" tenuremask="4008" tiltratio="75" />
  <memory-copied type="nursery" objects="18359" bytes="1036448" bytesdiscarded="61736" />
  <memory-copied type="tenure" objects="5854" bytes="220248" bytesdiscarded="216" />
  <references type="soft" candidates="89" cleared="0" enqueued="0" dynamicThreshold="17" maxThreshold="32" />
  <references type="weak" candidates="152" cleared="2" enqueued="2" />
  <references type="phantom" candidates="1" cleared="0" enqueued="0" />
</gc-op>
<gc-end id="1706" type="scavenge" contextid="1702" durationms="5.751" usertimems="11.412" systemtimems="0.000" timestamp="2019-08-08T09:55:31.649" activeThreads="16">
  <mem-info id="1707" free="9793448" total="18808832" percent="52">
    <mem type="nursery" free="6438320" total="9830400" percent="65">
      <mem type="allocate" free="6438320" total="7536640" percent="85" />
      <mem type="survivor" free="0" total="2293760" percent="0" />
    </mem>
    <mem type="tenure" free="3355128" total="8978432" percent="37" macro-fragmented="2592282">
      <mem type="soa" free="3266040" total="8889344" percent="36" />
      <mem type="loa" free="89088" total="89088" percent="100" />
    </mem>
    <pending-finalizers system="0" default="0" reference="2" classloader="0" />
    <remembered-set count="2879" />
  </mem-info>
</gc-end>
<cycle-end id="1708" type="scavenge" contextid="1702" timestamp="2019-08-08T09:55:31.649" />
  <attribute name="elasticGC enabled" value="1" />
  <attribute name= "numThreadsSpecified" value="16" />
  <attribute name="heapSize specified" value="17235968" />
  <attribute name="Current GC Util" value="15" />
  <attribute name= "Current Time Running" value="123495" />
  <attribute name ="GC Interval" value="2481" />
  <attribute name="Target GC Util Change" value ="80.000000" />
  <attribute name="Current GC Util Change" value="15.000000"/>
  <attribute name="Current Error" value="264.000000" />
  <attribute name="Output H" value="18884816"/>
  <attribute name="Output I" value="2480"/>
  <attribute name="Output T" value="16"/>
  <attribute name= "Current Time Running" value="123495" />
  <attribute name="GC Util currently" value="15" />
  <attribute name="CPU Util currently" value="15726756965" />
<allocation-satisfied id="1709" threadId="00000000021F7F00" bytesRequested="40" />
<af-end id="1710" timestamp="2019-08-08T09:55:31.649" threadId="00000000021F8888" success="true" from="nursery"/>
<exclusive-end id="1711" timestamp="2019-08-08T09:55:31.649" durationms="6.011" />

<exclusive-start id="1712" timestamp="2019-08-08T09:55:31.694" intervalms="51.425">
  <response-info timems="0.107" idlems="0.107" threads="0" lastid="00000000021F7F00" lastname="main" />
</exclusive-start>
<af-start id="1713" threadId="00000000021F8888" totalBytesRequested="32" timestamp="2019-08-08T09:55:31.694" intervalms="51.415" type="nursery" />
<cycle-start id="1714" type="scavenge" contextid="0" timestamp="2019-08-08T09:55:31.694" intervalms="51.410" />
<gc-start id="1715" type="scavenge" contextid="1714" timestamp="2019-08-08T09:55:31.695">
  <mem-info id="1716" free="3337408" total="18808832" percent="17">
    <mem type="nursery" free="0" total="9830400" percent="0">
      <mem type="allocate" free="0" total="7536640" percent="0" />
      <mem type="survivor" free="0" total="2293760" percent="0" />
    </mem>
    <mem type="tenure" free="3337408" total="8978432" percent="37">
      <mem type="soa" free="3248320" total="8889344" percent="36" />
      <mem type="loa" free="89088" total="89088" percent="100" />
    </mem>
    <remembered-set count="2964" />
  </mem-info>
</gc-start>
<allocation-stats totalBytes="6455232" >
  <allocated-bytes non-tlh="217768" tlh="6237464" />
  <largest-consumer threadName="main" threadId="00000000021F7F00" bytes="6451136" />
</allocation-stats>
<gc-op id="1717" type="scavenge" timems="6.564" contextid="1714" timestamp="2019-08-08T09:55:31.701">
  <scavenger-info tenureage="3" tenuremask="4008" tiltratio="76" />
  <memory-copied type="nursery" objects="17072" bytes="1073208" bytesdiscarded="124496" />
  <memory-copied type="tenure" objects="3258" bytes="123064" bytesdiscarded="32" />
  <references type="soft" candidates="90" cleared="0" enqueued="0" dynamicThreshold="17" maxThreshold="32" />
  <references type="weak" candidates="194" cleared="0" enqueued="0" />
  <references type="phantom" candidates="1" cleared="0" enqueued="0" />
</gc-op>
<heap-resize id="1718" type="expand" space="nursery" amount="655360" count="1" timems="0.019" reason="excessive time being spent scavenging" timestamp="2019-08-08T09:55:31.702" />
<gc-end id="1719" type="scavenge" contextid="1714" durationms="7.089" usertimems="17.172" systemtimems="0.000" timestamp="2019-08-08T09:55:31.702" activeThreads="16">
  <mem-info id="1720" free="10112648" total="19464192" percent="51">
    <mem type="nursery" free="6994120" total="10485760" percent="66">
      <mem type="allocate" free="6994120" total="8192000" percent="85" />
      <mem type="survivor" free="0" total="2293760" percent="0" />
    </mem>
    <mem type="tenure" free="3118528" total="8978432" percent="34" macro-fragmented="2592282">
      <mem type="soa" free="3029440" total="8889344" percent="34" />
      <mem type="loa" free="89088" total="89088" percent="100" />
    </mem>
    <remembered-set count="412" />
  </mem-info>
</gc-end>
<cycle-end id="1721" type="scavenge" contextid="1714" timestamp="2019-08-08T09:55:31.702" />
  <attribute name="elasticGC enabled" value="1" />
  <attribute name= "numThreadsSpecified" value="16" />
  <attribute name="heapSize specified" value="17235968" />
  <attribute name="Current GC Util" value="21" />
  <attribute name= "Current Time Running" value="123547" />
  <attribute name ="GC Interval" value="2593" />
  <attribute name="Target GC Util Change" value ="80.000000" />
  <attribute name="Current GC Util Change" value="21.000000"/>
  <attribute name="Current Error" value="323.000000" />
  <attribute name="Output H" value="18884888"/>
  <attribute name="Output I" value="2592"/>
  <attribute name="Output T" value="16"/>
  <attribute name= "Current Time Running" value="123547" />
  <attribute name="GC Util currently" value="21" />
  <attribute name="CPU Util currently" value="22403382700" />
<allocation-satisfied id="1722" threadId="00000000021F7F00" bytesRequested="32" />
<af-end id="1723" timestamp="2019-08-08T09:55:31.702" threadId="00000000021F8888" success="true" from="nursery"/>
<exclusive-end id="1724" timestamp="2019-08-08T09:55:31.702" durationms="7.414" />

<exclusive-start id="1725" timestamp="2019-08-08T09:55:31.723" intervalms="28.368">
  <response-info timems="0.051" idlems="0.051" threads="0" lastid="00000000021F7F00" lastname="main" />
</exclusive-start>
<af-start id="1726" threadId="00000000021F8888" totalBytesRequested="48" timestamp="2019-08-08T09:55:31.723" intervalms="28.352" type="nursery" />
<cycle-start id="1727" type="scavenge" contextid="0" timestamp="2019-08-08T09:55:31.723" intervalms="28.361" />
<gc-start id="1728" type="scavenge" contextid="1727" timestamp="2019-08-08T09:55:31.723">
  <mem-info id="1729" free="3118528" total="19464192" percent="16">
    <mem type="nursery" free="0" total="10485760" percent="0">
      <mem type="allocate" free="0" total="8192000" percent="0" />
      <mem type="survivor" free="0" total="2293760" percent="0" />
    </mem>
    <mem type="tenure" free="3118528" total="8978432" percent="34">
      <mem type="soa" free="3029440" total="8889344" percent="34" />
      <mem type="loa" free="89088" total="89088" percent="100" />
    </mem>
    <remembered-set count="412" />
  </mem-info>
</gc-start>
<allocation-stats totalBytes="6993368" >
  <allocated-bytes non-tlh="32" tlh="6993336" />
  <largest-consumer threadName="main" threadId="00000000021F7F00" bytes="6993368" />
</allocation-stats>
<gc-op id="1730" type="scavenge" timems="7.187" contextid="1727" timestamp="2019-08-08T09:55:31.730">
  <scavenger-info tenureage="3" tenuremask="4008" tiltratio="78" />
  <memory-copied type="nursery" objects="15549" bytes="985320" bytesdiscarded="130824" />
  <memory-copied type="tenure" objects="7604" bytes="314704" bytesdiscarded="1080" />
  <references type="soft" candidates="33" cleared="0" enqueued="0" dynamicThreshold="17" maxThreshold="32" />
  <references type="weak" candidates="68" cleared="0" enqueued="0" />
  <references type="phantom" candidates="1" cleared="0" enqueued="0" />
</gc-op>
<heap-resize id="1731" type="expand" space="nursery" amount="1310720" count="1" timems="0.017" reason="excessive time being spent scavenging" timestamp="2019-08-08T09:55:31.730" />
<gc-end id="1732" type="scavenge" contextid="1727" durationms="7.604" usertimems="14.804" systemtimems="0.000" timestamp="2019-08-08T09:55:31.731" activeThreads="16">
  <mem-info id="1733" free="11250288" total="20774912" percent="54">
    <mem type="nursery" free="8452016" total="11796480" percent="71">
      <mem type="allocate" free="8452016" total="9568256" percent="88" />
      <mem type="survivor" free="0" total="2228224" percent="0" />
    </mem>
    <mem type="tenure" free="2798272" total="8978432" percent="31" macro-fragmented="2592282">
      <mem type="soa" free="2709184" total="8889344" percent="30" />
      <mem type="loa" free="89088" total="89088" percent="100" />
    </mem>
    <remembered-set count="213" />
  </mem-info>
</gc-end>
<cycle-end id="1734" type="scavenge" contextid="1727" timestamp="2019-08-08T09:55:31.732" />
  <attribute name="elasticGC enabled" value="1" />
  <attribute name= "numThreadsSpecified" value="16" />
  <attribute name="heapSize specified" value="17235968" />
  <attribute name="Current GC Util" value="44" />
  <attribute name= "Current Time Running" value="123575" />
  <attribute name ="GC Interval" value="2073" />
  <attribute name="Target GC Util Change" value ="80.000000" />
  <attribute name="Current GC Util Change" value="44.000000"/>
  <attribute name="Current Error" value="36.000000" />
  <attribute name="Output H" value="19539920"/>
  <attribute name="Output I" value="2072"/>
  <attribute name="Output T" value="16"/>
  <attribute name= "Current Time Running" value="123575" />
  <attribute name="GC Util currently" value="44" />
  <attribute name="CPU Util currently" value="40660715345" />
<allocation-satisfied id="1735" threadId="00000000021F7F00" bytesRequested="48" />
<af-end id="1736" timestamp="2019-08-08T09:55:31.732" threadId="00000000021F8888" success="true" from="nursery"/>
<exclusive-end id="1737" timestamp="2019-08-08T09:55:31.732" durationms="9.090" />

<exclusive-start id="1738" timestamp="2019-08-08T09:55:31.786" intervalms="63.011">
  <response-info timems="0.121" idlems="0.121" threads="0" lastid="00000000021F7F00" lastname="main" />
</exclusive-start>
<af-start id="1739" threadId="00000000021F8888" totalBytesRequested="32" timestamp="2019-08-08T09:55:31.786" intervalms="63.185" type="nursery" />
<cycle-start id="1740" type="scavenge" contextid="0" timestamp="2019-08-08T09:55:31.786" intervalms="63.250" />
<gc-start id="1741" type="scavenge" contextid="1740" timestamp="2019-08-08T09:55:31.786">
  <mem-info id="1742" free="2794512" total="20774912" percent="13">
    <mem type="nursery" free="0" total="11796480" percent="0">
      <mem type="allocate" free="0" total="9568256" percent="0" />
      <mem type="survivor" free="0" total="2228224" percent="0" />
    </mem>
    <mem type="tenure" free="2794512" total="8978432" percent="31">
      <mem type="soa" free="2705424" total="8889344" percent="30" />
      <mem type="loa" free="89088" total="89088" percent="100" />
    </mem>
    <remembered-set count="290" />
  </mem-info>
</gc-start>
<allocation-stats totalBytes="8454040" >
  <allocated-bytes non-tlh="203816" tlh="8250224" />
  <largest-consumer threadName="main" threadId="00000000021F7F00" bytes="8454040" />
</allocation-stats>
<gc-op id="1743" type="scavenge" timems="8.868" contextid="1740" timestamp="2019-08-08T09:55:31.795">
  <scavenger-info tenureage="14" tenuremask="4000" tiltratio="81" />
  <memory-copied type="nursery" objects="4166" bytes="428888" bytesdiscarded="9176" />
  <references type="soft" candidates="43" cleared="0" enqueued="0" dynamicThreshold="17" maxThreshold="32" />
  <references type="weak" candidates="70" cleared="0" enqueued="0" />
  <references type="phantom" candidates="1" cleared="0" enqueued="0" />
</gc-op>
<heap-resize id="1744" type="expand" space="nursery" amount="786432" count="1" timems="0.017" reason="excessive time being spent scavenging" timestamp="2019-08-08T09:55:31.795" />
<gc-end id="1745" type="scavenge" contextid="1740" durationms="9.422" usertimems="13.269" systemtimems="0.000" timestamp="2019-08-08T09:55:31.796" activeThreads="16">
  <mem-info id="1746" free="12973144" total="21561344" percent="60">
    <mem type="nursery" free="10178632" total="12582912" percent="80">
      <mem type="allocate" free="10178632" total="10616832" percent="95" />
      <mem type="survivor" free="0" total="1966080" percent="0" />
    </mem>
    <mem type="tenure" free="2794512" total="8978432" percent="31" macro-fragmented="2160235">
      <mem type="soa" free="2705424" total="8889344" percent="30" />
      <mem type="loa" free="89088" total="89088" percent="100" />
    </mem>
    <remembered-set count="213" />
  </mem-info>
</gc-end>
<cycle-end id="1747" type="scavenge" contextid="1740" timestamp="2019-08-08T09:55:31.796" />
  <attribute name="elasticGC enabled" value="1" />
  <attribute name= "numThreadsSpecified" value="16" />
  <attribute name="heapSize specified" value="17235968" />
  <attribute name="Current GC Util" value="24" />
  <attribute name= "Current Time Running" value="123638" />
  <attribute name ="GC Interval" value="2177" />
  <attribute name="Target GC Util Change" value ="80.000000" />
  <attribute name="Current GC Util Change" value="24.000000"/>
  <attribute name="Current Error" value="92.000000" />
  <attribute name="Output H" value="20850704"/>
  <attribute name="Output I" value="2176"/>
  <attribute name="Output T" value="16"/>
  <attribute name= "Current Time Running" value="123638" />
  <attribute name="GC Util currently" value="24" />
  <attribute name="CPU Util currently" value="18245444644" />
<allocation-satisfied id="1748" threadId="00000000021F7F00" bytesRequested="32" />
<af-end id="1749" timestamp="2019-08-08T09:55:31.796" threadId="00000000021F8888" success="true" from="nursery"/>
<exclusive-end id="1750" timestamp="2019-08-08T09:55:31.796" durationms="9.866" />

<exclusive-start id="1751" timestamp="2019-08-08T09:55:31.861" intervalms="74.957">
  <response-info timems="0.021" idlems="0.021" threads="0" lastid="00000000021F7F00" lastname="main" />
</exclusive-start>
<af-start id="1752" threadId="00000000021F8888" totalBytesRequested="40" timestamp="2019-08-08T09:55:31.861" intervalms="74.787" type="nursery" />
<cycle-start id="1753" type="scavenge" contextid="0" timestamp="2019-08-08T09:55:31.861" intervalms="74.789" />
<gc-start id="1754" type="scavenge" contextid="1753" timestamp="2019-08-08T09:55:31.861">
  <mem-info id="1755" free="2781216" total="21561344" percent="12">
    <mem type="nursery" free="0" total="12582912" percent="0">
      <mem type="allocate" free="0" total="10616832" percent="0" />
      <mem type="survivor" free="0" total="1966080" percent="0" />
    </mem>
    <mem type="tenure" free="2781216" total="8978432" percent="30">
      <mem type="soa" free="2692128" total="8889344" percent="30" />
      <mem type="loa" free="89088" total="89088" percent="100" />
    </mem>
    <remembered-set count="425" />
  </mem-info>
</gc-start>
<allocation-stats totalBytes="10189984" >
  <allocated-bytes non-tlh="278880" tlh="9911104" />
  <largest-consumer threadName="main" threadId="00000000021F7F00" bytes="10189984" />
</allocation-stats>
<gc-op id="1756" type="scavenge" timems="3.093" contextid="1753" timestamp="2019-08-08T09:55:31.864">
  <scavenger-info tenureage="14" tenuremask="4000" tiltratio="84" />
  <memory-copied type="nursery" objects="17819" bytes="1107408" bytesdiscarded="152752" />
  <references type="soft" candidates="44" cleared="0" enqueued="0" dynamicThreshold="17" maxThreshold="32" />
  <references type="weak" candidates="281" cleared="0" enqueued="0" />
  <references type="phantom" candidates="1" cleared="0" enqueued="0" />
</gc-op>
<gc-end id="1757" type="scavenge" contextid="1753" durationms="3.406" usertimems="6.019" systemtimems="0.000" timestamp="2019-08-08T09:55:31.864" activeThreads="16">
  <mem-info id="1758" free="12006624" total="21561344" percent="55">
    <mem type="nursery" free="9225408" total="12582912" percent="73">
      <mem type="allocate" free="9225408" total="10485760" percent="87" />
      <mem type="survivor" free="0" total="2097152" percent="0" />
    </mem>
    <mem type="tenure" free="2781216" total="8978432" percent="30" macro-fragmented="2592282">
      <mem type="soa" free="2692128" total="8889344" percent="30" />
      <mem type="loa" free="89088" total="89088" percent="100" />
    </mem>
    <remembered-set count="421" />
  </mem-info>
</gc-end>
<cycle-end id="1759" type="scavenge" contextid="1753" timestamp="2019-08-08T09:55:31.864" />
  <attribute name="elasticGC enabled" value="1" />
  <attribute name= "numThreadsSpecified" value="16" />
  <attribute name="heapSize specified" value="17235968" />
  <attribute name="Current GC Util" value="16" />
  <attribute name= "Current Time Running" value="123713" />
  <attribute name ="GC Interval" value="2289" />
  <attribute name="Target GC Util Change" value ="80.000000" />
  <attribute name="Current GC Util Change" value="16.000000"/>
  <attribute name="Current Error" value="156.000000" />
  <attribute name="Output H" value="21637208"/>
  <attribute name="Output I" value="2288"/>
  <attribute name="Output T" value="16"/>
  <attribute name= "Current Time Running" value="123713" />
  <attribute name="GC Util currently" value="16" />
  <attribute name="CPU Util currently" value="15416989039" />
<allocation-satisfied id="1760" threadId="00000000021F7F00" bytesRequested="40" />
<af-end id="1761" timestamp="2019-08-08T09:55:31.864" threadId="00000000021F8888" success="true" from="nursery"/>
<exclusive-end id="1762" timestamp="2019-08-08T09:55:31.864" durationms="3.687" />

<exclusive-start id="1763" timestamp="2019-08-08T09:55:31.909" intervalms="47.912">
  <response-info timems="0.053" idlems="0.053" threads="0" lastid="00000000021F7F00" lastname="main" />
</exclusive-start>
<af-start id="1764" threadId="00000000021F8888" totalBytesRequested="48" timestamp="2019-08-08T09:55:31.909" intervalms="47.936" type="nursery" />
<cycle-start id="1765" type="scavenge" contextid="0" timestamp="2019-08-08T09:55:31.909" intervalms="47.864" />
<gc-start id="1766" type="scavenge" contextid="1765" timestamp="2019-08-08T09:55:31.909">
  <mem-info id="1767" free="2781216" total="21561344" percent="12">
    <mem type="nursery" free="0" total="12582912" percent="0">
      <mem type="allocate" free="0" total="10485760" percent="0" />
      <mem type="survivor" free="0" total="2097152" percent="0" />
    </mem>
    <mem type="tenure" free="2781216" total="8978432" percent="30">
      <mem type="soa" free="2692128" total="8889344" percent="30" />
      <mem type="loa" free="89088" total="89088" percent="100" />
    </mem>
    <remembered-set count="421" />
  </mem-info>
</gc-start>
<allocation-stats totalBytes="9224456" >
  <allocated-bytes non-tlh="40" tlh="9224416" />
  <largest-consumer threadName="main" threadId="00000000021F7F00" bytes="9224456" />
</allocation-stats>
<gc-op id="1768" type="scavenge" timems="7.057" contextid="1765" timestamp="2019-08-08T09:55:31.916">
  <scavenger-info tenureage="14" tenuremask="4000" tiltratio="83" />
  <memory-copied type="nursery" objects="30568" bytes="1571848" bytesdiscarded="135832" />
  <references type="soft" candidates="44" cleared="0" enqueued="0" dynamicThreshold="17" maxThreshold="32" />
  <references type="weak" candidates="281" cleared="0" enqueued="0" />
  <references type="phantom" candidates="1" cleared="0" enqueued="0" />
</gc-op>
<heap-resize id="1769" type="expand" space="nursery" amount="917504" count="1" timems="0.019" reason="excessive time being spent scavenging" timestamp="2019-08-08T09:55:31.916" />
<gc-end id="1770" type="scavenge" contextid="1765" durationms="7.574" usertimems="20.283" systemtimems="0.000" timestamp="2019-08-08T09:55:31.916" activeThreads="16">
  <mem-info id="1771" free="11952344" total="22478848" percent="53">
    <mem type="nursery" free="9171128" total="13500416" percent="67">
      <mem type="allocate" free="9171128" total="10878976" percent="84" />
      <mem type="survivor" free="0" total="2621440" percent="0" />
    </mem>
    <mem type="tenure" free="2781216" total="8978432" percent="30" macro-fragmented="2592282">
      <mem type="soa" free="2692128" total="8889344" percent="30" />
      <mem type="loa" free="89088" total="89088" percent="100" />
    </mem>
    <remembered-set count="357" />
  </mem-info>
</gc-end>
<cycle-end id="1772" type="scavenge" contextid="1765" timestamp="2019-08-08T09:55:31.916" />
  <attribute name="elasticGC enabled" value="1" />
  <attribute name= "numThreadsSpecified" value="16" />
  <attribute name="heapSize specified" value="17235968" />
  <attribute name="Current GC Util" value="12" />
  <attribute name= "Current Time Running" value="123761" />
  <attribute name ="GC Interval" value="2409" />
  <attribute name="Target GC Util Change" value ="80.000000" />
  <attribute name="Current GC Util Change" value="12.000000"/>
  <attribute name="Current Error" value="224.000000" />
  <attribute name="Output H" value="21637288"/>
  <attribute name="Output I" value="2408"/>
  <attribute name="Output T" value="16"/>
  <attribute name= "Current Time Running" value="123761" />
  <attribute name="GC Util currently" value="12" />
  <attribute name="CPU Util currently" value="24006270850" />
<allocation-satisfied id="1773" threadId="00000000021F7F00" bytesRequested="48" />
<af-end id="1774" timestamp="2019-08-08T09:55:31.916" threadId="00000000021F8888" success="true" from="nursery"/>
<exclusive-end id="1775" timestamp="2019-08-08T09:55:31.916" durationms="7.823" />

<exclusive-start id="1776" timestamp="2019-08-08T09:55:32.013" intervalms="104.797">
  <response-info timems="0.048" idlems="0.048" threads="0" lastid="00000000021F7F00" lastname="main" />
</exclusive-start>
<af-start id="1777" threadId="00000000021F8888" totalBytesRequested="56" timestamp="2019-08-08T09:55:32.013" intervalms="104.761" type="nursery" />
<cycle-start id="1778" type="scavenge" contextid="0" timestamp="2019-08-08T09:55:32.013" intervalms="104.757" />
<gc-start id="1779" type="scavenge" contextid="1778" timestamp="2019-08-08T09:55:32.014">
  <mem-info id="1780" free="2756712" total="22478848" percent="12">
    <mem type="nursery" free="0" total="13500416" percent="0">
      <mem type="allocate" free="0" total="10878976" percent="0" />
      <mem type="survivor" free="0" total="2621440" percent="0" />
    </mem>
    <mem type="tenure" free="2756712" total="8978432" percent="30">
      <mem type="soa" free="2667624" total="8889344" percent="30" />
      <mem type="loa" free="89088" total="89088" percent="100" />
    </mem>
    <remembered-set count="673" />
  </mem-info>
</gc-start>
<allocation-stats totalBytes="9193408" >
  <allocated-bytes non-tlh="224560" tlh="8968848" />
  <largest-consumer threadName="main" threadId="00000000021F7F00" bytes="9193408" />
</allocation-stats>
<gc-op id="1781" type="scavenge" timems="7.573" contextid="1778" timestamp="2019-08-08T09:55:32.021">
  <scavenger-info tenureage="2" tenuremask="4004" tiltratio="80" />
  <memory-copied type="nursery" objects="8585" bytes="370640" bytesdiscarded="83360" />
  <memory-copied type="tenure" objects="885" bytes="28712" bytesdiscarded="0" />
  <references type="soft" candidates="67" cleared="0" enqueued="0" dynamicThreshold="17" maxThreshold="32" />
  <references type="weak" candidates="252" cleared="2" enqueued="2" />
</gc-op>
<gc-end id="1782" type="scavenge" contextid="1778" durationms="7.944" usertimems="11.166" systemtimems="0.000" timestamp="2019-08-08T09:55:32.021" activeThreads="16">
  <mem-info id="1783" free="13493088" total="22478848" percent="60">
    <mem type="nursery" free="10752504" total="13500416" percent="79">
      <mem type="allocate" free="10752504" total="11206656" percent="95" />
      <mem type="survivor" free="0" total="2293760" percent="0" />
    </mem>
    <mem type="tenure" free="2740584" total="8978432" percent="30" macro-fragmented="2592282">
      <mem type="soa" free="2651496" total="8889344" percent="29" />
      <mem type="loa" free="89088" total="89088" percent="100" />
    </mem>
    <pending-finalizers system="0" default="0" reference="2" classloader="0" />
    <remembered-set count="491" />
  </mem-info>
</gc-end>
<cycle-end id="1784" type="scavenge" contextid="1778" timestamp="2019-08-08T09:55:32.022" />
  <attribute name="elasticGC enabled" value="1" />
  <attribute name= "numThreadsSpecified" value="16" />
  <attribute name="heapSize specified" value="17235968" />
  <attribute name="Current GC Util" value="10" />
  <attribute name= "Current Time Running" value="123866" />
  <attribute name ="GC Interval" value="2537" />
  <attribute name="Target GC Util Change" value ="80.000000" />
  <attribute name="Current GC Util Change" value="10.000000"/>
  <attribute name="Current Error" value="294.000000" />
  <attribute name="Output H" value="22554872"/>
  <attribute name="Output I" value="2536"/>
  <attribute name="Output T" value="16"/>
  <attribute name= "Current Time Running" value="123866" />
  <attribute name="GC Util currently" value="10" />
  <attribute name="CPU Util currently" value="11020465490" />
<allocation-satisfied id="1785" threadId="00000000021F7F00" bytesRequested="56" />
<af-end id="1786" timestamp="2019-08-08T09:55:32.022" threadId="00000000021F8888" success="true" from="nursery"/>
<exclusive-end id="1787" timestamp="2019-08-08T09:55:32.022" durationms="8.850" />

<exclusive-start id="1788" timestamp="2019-08-08T09:55:32.133" intervalms="120.052">
  <response-info timems="0.059" idlems="0.059" threads="0" lastid="00000000021F7F00" lastname="main" />
</exclusive-start>
<af-start id="1789" threadId="00000000021F8888" totalBytesRequested="40" timestamp="2019-08-08T09:55:32.134" intervalms="120.055" type="nursery" />
<cycle-start id="1790" type="scavenge" contextid="0" timestamp="2019-08-08T09:55:32.134" intervalms="120.057" />
<gc-start id="1791" type="scavenge" contextid="1790" timestamp="2019-08-08T09:55:32.134">
  <mem-info id="1792" free="2727032" total="22478848" percent="12">
    <mem type="nursery" free="0" total="13500416" percent="0">
      <mem type="allocate" free="0" total="11206656" percent="0" />
      <mem type="survivor" free="0" total="2293760" percent="0" />
    </mem>
    <mem type="tenure" free="2727032" total="8978432" percent="30">
      <mem type="soa" free="2637944" total="8889344" percent="29" />
      <mem type="loa" free="89088" total="89088" percent="100" />
    </mem>
    <remembered-set count="687" />
  </mem-info>
</gc-start>
<allocation-stats totalBytes="10763200" >
  <allocated-bytes non-tlh="479168" tlh="10284032" />
  <largest-consumer threadName="main" threadId="00000000021F7F00" bytes="10759104" />
</allocation-stats>
<gc-op id="1793" type="scavenge" timems="4.428" contextid="1790" timestamp="2019-08-08T09:55:32.138">
  <scavenger-info tenureage="7" tenuremask="4080" tiltratio="83" />
  <memory-copied type="nursery" objects="16607" bytes="986640" bytesdiscarded="49368" />
  <memory-copied type="tenure" objects="534" bytes="22264" bytesdiscarded="136" />
  <finalization candidates="1" enqueued="1" />
  <references type="soft" candidates="37" cleared="0" enqueued="0" dynamicThreshold="17" maxThreshold="32" />
  <references type="weak" candidates="385" cleared="13" enqueued="13" />
  <references type="phantom" candidates="1" cleared="0" enqueued="0" />
</gc-op>
<gc-end id="1794" type="scavenge" contextid="1790" durationms="5.492" usertimems="13.424" systemtimems="0.000" timestamp="2019-08-08T09:55:32.139" activeThreads="16">
  <mem-info id="1795" free="12869240" total="22478848" percent="57">
    <mem type="nursery" free="10235904" total="13500416" percent="75">
      <mem type="allocate" free="10235904" total="11272192" percent="90" />
      <mem type="survivor" free="0" total="2228224" percent="0" />
    </mem>
    <mem type="tenure" free="2633336" total="8978432" percent="29" macro-fragmented="0">
      <mem type="soa" free="2544248" total="8889344" percent="28" />
      <mem type="loa" free="89088" total="89088" percent="100" />
    </mem>
    <pending-finalizers system="0" default="1" reference="13" classloader="0" />
    <remembered-set count="675" />
  </mem-info>
</gc-end>
<cycle-end id="1796" type="scavenge" contextid="1790" timestamp="2019-08-08T09:55:32.139" />
  <attribute name="elasticGC enabled" value="1" />
  <attribute name= "numThreadsSpecified" value="16" />
  <attribute name="heapSize specified" value="17235968" />
  <attribute name="Current GC Util" value="9" />
  <attribute name= "Current Time Running" value="123986" />
  <attribute name ="GC Interval" value="2665" />
  <attribute name="Target GC Util Change" value ="80.000000" />
  <attribute name="Current GC Util Change" value="9.000000"/>
  <attribute name="Current Error" value="365.000000" />
  <attribute name="Output H" value="22554952"/>
  <attribute name="Output I" value="2664"/>
  <attribute name="Output T" value="16"/>
  <attribute name= "Current Time Running" value="123986" />
  <attribute name="GC Util currently" value="9" />
  <attribute name="CPU Util currently" value="9601840709" />
<allocation-satisfied id="1797" threadId="00000000021F7F00" bytesRequested="40" />
<af-end id="1798" timestamp="2019-08-08T09:55:32.139" threadId="00000000021F8888" success="true" from="nursery"/>
<exclusive-end id="1799" timestamp="2019-08-08T09:55:32.139" durationms="5.867" />

<exclusive-start id="1800" timestamp="2019-08-08T09:55:32.222" intervalms="88.752">
  <response-info timems="0.094" idlems="0.094" threads="0" lastid="00000000021F7F00" lastname="main" />
</exclusive-start>
<af-start id="1801" threadId="00000000021F8888" totalBytesRequested="32" timestamp="2019-08-08T09:55:32.222" intervalms="88.780" type="nursery" />
<cycle-start id="1802" type="scavenge" contextid="0" timestamp="2019-08-08T09:55:32.222" intervalms="88.779" />
<gc-start id="1803" type="scavenge" contextid="1802" timestamp="2019-08-08T09:55:32.222">
  <mem-info id="1804" free="2616376" total="22478848" percent="11">
    <mem type="nursery" free="0" total="13500416" percent="0">
      <mem type="allocate" free="0" total="11272192" percent="0" />
      <mem type="survivor" free="0" total="2228224" percent="0" />
    </mem>
    <mem type="tenure" free="2616376" total="8978432" percent="29">
      <mem type="soa" free="2527288" total="8889344" percent="28" />
      <mem type="loa" free="89088" total="89088" percent="100" />
    </mem>
    <remembered-set count="820" />
  </mem-info>
</gc-start>
<allocation-stats totalBytes="10251080" >
  <allocated-bytes non-tlh="879192" tlh="9371888" />
  <largest-consumer threadName="main" threadId="00000000021F7F00" bytes="10242768" />
</allocation-stats>
<gc-op id="1805" type="scavenge" timems="3.770" contextid="1802" timestamp="2019-08-08T09:55:32.226">
  <scavenger-info tenureage="14" tenuremask="4000" tiltratio="83" />
  <memory-copied type="nursery" objects="14599" bytes="1337344" bytesdiscarded="134216" />
  <references type="soft" candidates="62" cleared="0" enqueued="0" dynamicThreshold="17" maxThreshold="32" />
  <references type="weak" candidates="381" cleared="2" enqueued="2" />
  <references type="phantom" candidates="2" cleared="0" enqueued="0" />
</gc-op>
<gc-end id="1806" type="scavenge" contextid="1802" durationms="4.261" usertimems="9.234" systemtimems="0.000" timestamp="2019-08-08T09:55:32.227" activeThreads="16">
  <mem-info id="1807" free="12547736" total="22478848" percent="55">
    <mem type="nursery" free="9931360" total="13500416" percent="73">
      <mem type="allocate" free="9931360" total="11403264" percent="87" />
      <mem type="survivor" free="0" total="2097152" percent="0" />
    </mem>
    <mem type="tenure" free="2616376" total="8978432" percent="29" macro-fragmented="2160235">
      <mem type="soa" free="2527288" total="8889344" percent="28" />
      <mem type="loa" free="89088" total="89088" percent="100" />
    </mem>
    <pending-finalizers system="0" default="0" reference="2" classloader="0" />
    <remembered-set count="517" />
  </mem-info>
</gc-end>
<cycle-end id="1808" type="scavenge" contextid="1802" timestamp="2019-08-08T09:55:32.227" />
  <attribute name="elasticGC enabled" value="1" />
  <attribute name= "numThreadsSpecified" value="16" />
  <attribute name="heapSize specified" value="17235968" />
  <attribute name="Current GC Util" value="9" />
  <attribute name= "Current Time Running" value="124075" />
  <attribute name ="GC Interval" value="2137" />
  <attribute name="Target GC Util Change" value ="80.000000" />
  <attribute name="Current GC Util Change" value="9.000000"/>
  <attribute name="Current Error" value="71.000000" />
  <attribute name="Output H" value="22554616"/>
  <attribute name="Output I" value="2136"/>
  <attribute name="Output T" value="16"/>
  <attribute name= "Current Time Running" value="124075" />
  <attribute name="GC Util currently" value="9" />
  <attribute name="CPU Util currently" value="12981127120" />
<allocation-satisfied id="1809" threadId="00000000021F7F00" bytesRequested="32" />
<af-end id="1810" timestamp="2019-08-08T09:55:32.227" threadId="00000000021F8888" success="true" from="nursery"/>
<exclusive-end id="1811" timestamp="2019-08-08T09:55:32.227" durationms="4.562" />

<exclusive-start id="1812" timestamp="2019-08-08T09:55:32.277" intervalms="54.509">
  <response-info timems="0.121" idlems="0.121" threads="0" lastid="00000000021F7F00" lastname="main" />
</exclusive-start>
<af-start id="1813" threadId="00000000021F8888" totalBytesRequested="1032" timestamp="2019-08-08T09:55:32.277" intervalms="54.508" type="nursery" />
<cycle-start id="1814" type="scavenge" contextid="0" timestamp="2019-08-08T09:55:32.277" intervalms="54.593" />
<gc-start id="1815" type="scavenge" contextid="1814" timestamp="2019-08-08T09:55:32.277">
  <mem-info id="1816" free="2579624" total="22478848" percent="11">
    <mem type="nursery" free="0" total="13500416" percent="0">
      <mem type="allocate" free="0" total="11403264" percent="0" />
      <mem type="survivor" free="0" total="2097152" percent="0" />
    </mem>
    <mem type="tenure" free="2579624" total="8978432" percent="28">
      <mem type="soa" free="2490536" total="8889344" percent="28" />
      <mem type="loa" free="89088" total="89088" percent="100" />
    </mem>
    <remembered-set count="685" />
  </mem-info>
</gc-start>
<allocation-stats totalBytes="9966160" >
  <allocated-bytes non-tlh="36784" tlh="9929376" />
  <largest-consumer threadName="main" threadId="00000000021F7F00" bytes="9966160" />
</allocation-stats>
<gc-op id="1817" type="scavenge" timems="4.074" contextid="1814" timestamp="2019-08-08T09:55:32.281">
  <scavenger-info tenureage="14" tenuremask="4000" tiltratio="84" />
  <memory-copied type="nursery" objects="7345" bytes="548656" bytesdiscarded="88384" />
  <memory-copied type="tenure" objects="66" bytes="4008" bytesdiscarded="0" />
  <references type="soft" candidates="136" cleared="0" enqueued="0" dynamicThreshold="17" maxThreshold="32" />
  <references type="weak" candidates="363" cleared="0" enqueued="0" />
  <references type="phantom" candidates="1" cleared="0" enqueued="0" />
</gc-op>
<heap-resize id="1818" type="expand" space="nursery" amount="655360" count="1" timems="0.027" reason="excessive time being spent scavenging" timestamp="2019-08-08T09:55:32.282" />
<gc-end id="1819" type="scavenge" contextid="1814" durationms="4.971" usertimems="8.063" systemtimems="0.000" timestamp="2019-08-08T09:55:32.282" activeThreads="16">
  <mem-info id="1820" free="13896152" total="23134208" percent="60">
    <mem type="nursery" free="11355696" total="14155776" percent="80">
      <mem type="allocate" free="11355696" total="11993088" percent="94" />
      <mem type="survivor" free="0" total="2162688" percent="0" />
    </mem>
    <mem type="tenure" free="2540456" total="8978432" percent="28" macro-fragmented="2160235">
      <mem type="soa" free="2451368" total="8889344" percent="27" />
      <mem type="loa" free="89088" total="89088" percent="100" />
    </mem>
    <remembered-set count="514" />
  </mem-info>
</gc-end>
<cycle-end id="1821" type="scavenge" contextid="1814" timestamp="2019-08-08T09:55:32.282" />
  <attribute name="elasticGC enabled" value="1" />
  <attribute name= "numThreadsSpecified" value="16" />
  <attribute name="heapSize specified" value="17235968" />
  <attribute name="Current GC Util" value="14" />
  <attribute name= "Current Time Running" value="124129" />
  <attribute name ="GC Interval" value="2257" />
  <attribute name="Target GC Util Change" value ="80.000000" />
  <attribute name="Current GC Util Change" value="14.000000"/>
  <attribute name="Current Error" value="137.000000" />
  <attribute name="Output H" value="22554688"/>
  <attribute name="Output I" value="2256"/>
  <attribute name="Output T" value="16"/>
  <attribute name= "Current Time Running" value="124129" />
  <attribute name="GC Util currently" value="14" />
  <attribute name="CPU Util currently" value="21145509733" />
<allocation-satisfied id="1822" threadId="00000000021F7F00" bytesRequested="1032" />
<af-end id="1823" timestamp="2019-08-08T09:55:32.282" threadId="00000000021F8888" success="true" from="nursery"/>
<exclusive-end id="1824" timestamp="2019-08-08T09:55:32.282" durationms="5.321" />

<exclusive-start id="1825" timestamp="2019-08-08T09:55:32.348" intervalms="71.337">
  <response-info timems="0.354" idlems="0.354" threads="0" lastid="00000000021F7F00" lastname="main" />
</exclusive-start>
<af-start id="1826" threadId="00000000021F8888" totalBytesRequested="16" timestamp="2019-08-08T09:55:32.348" intervalms="71.527" type="nursery" />
<cycle-start id="1827" type="scavenge" contextid="0" timestamp="2019-08-08T09:55:32.348" intervalms="71.451" />
<gc-start id="1828" type="scavenge" contextid="1827" timestamp="2019-08-08T09:55:32.349">
  <mem-info id="1829" free="2524064" total="23134208" percent="10">
    <mem type="nursery" free="0" total="14155776" percent="0">
      <mem type="allocate" free="0" total="11993088" percent="0" />
      <mem type="survivor" free="0" total="2162688" percent="0" />
    </mem>
    <mem type="tenure" free="2524064" total="8978432" percent="28">
      <mem type="soa" free="2434976" total="8889344" percent="27" />
      <mem type="loa" free="89088" total="89088" percent="100" />
    </mem>
    <remembered-set count="847" />
  </mem-info>
</gc-start>
<allocation-stats totalBytes="11370744" >
  <allocated-bytes non-tlh="417440" tlh="10953304" />
  <largest-consumer threadName="main" threadId="00000000021F7F00" bytes="11370744" />
</allocation-stats>
<gc-op id="1830" type="scavenge" timems="3.153" contextid="1827" timestamp="2019-08-08T09:55:32.352">
  <scavenger-info tenureage="9" tenuremask="4200" tiltratio="84" />
  <memory-copied type="nursery" objects="12526" bytes="502288" bytesdiscarded="98328" />
  <memory-copied type="tenure" objects="321" bytes="12456" bytesdiscarded="0" />
  <references type="soft" candidates="153" cleared="0" enqueued="0" dynamicThreshold="17" maxThreshold="32" />
  <references type="weak" candidates="568" cleared="10" enqueued="10" />
</gc-op>
<gc-end id="1831" type="scavenge" contextid="1827" durationms="3.440" usertimems="6.442" systemtimems="0.000" timestamp="2019-08-08T09:55:32.352" activeThreads="16">
  <mem-info id="1832" free="14309272" total="23134208" percent="61">
    <mem type="nursery" free="11785208" total="14155776" percent="83">
      <mem type="allocate" free="11785208" total="12386304" percent="95" />
      <mem type="survivor" free="0" total="1769472" percent="0" />
    </mem>
    <mem type="tenure" free="2524064" total="8978432" percent="28" macro-fragmented="2160235">
      <mem type="soa" free="2434976" total="8889344" percent="27" />
      <mem type="loa" free="89088" total="89088" percent="100" />
    </mem>
    <pending-finalizers system="0" default="0" reference="10" classloader="0" />
    <remembered-set count="710" />
  </mem-info>
</gc-end>
<cycle-end id="1833" type="scavenge" contextid="1827" timestamp="2019-08-08T09:55:32.352" />
  <attribute name="elasticGC enabled" value="1" />
  <attribute name= "numThreadsSpecified" value="16" />
  <attribute name="heapSize specified" value="17235968" />
  <attribute name="Current GC Util" value="11" />
  <attribute name= "Current Time Running" value="124201" />
  <attribute name ="GC Interval" value="2377" />
  <attribute name="Target GC Util Change" value ="80.000000" />
  <attribute name="Current GC Util Change" value="11.000000"/>
  <attribute name="Current Error" value="206.000000" />
  <attribute name="Output H" value="23210128"/>
  <attribute name="Output I" value="2376"/>
  <attribute name="Output T" value="16"/>
  <attribute name= "Current Time Running" value="124201" />
  <attribute name="GC Util currently" value="11" />
  <attribute name="CPU Util currently" value="16030455810" />
<allocation-satisfied id="1834" threadId="00000000021F7F00" bytesRequested="16" />
<af-end id="1835" timestamp="2019-08-08T09:55:32.352" threadId="00000000021F8888" success="true" from="nursery"/>
<exclusive-end id="1836" timestamp="2019-08-08T09:55:32.352" durationms="4.378" />

<exclusive-start id="1837" timestamp="2019-08-08T09:55:32.422" intervalms="74.186">
  <response-info timems="0.021" idlems="0.021" threads="0" lastid="00000000021F7F00" lastname="main" />
</exclusive-start>
<af-start id="1838" threadId="00000000021F8888" totalBytesRequested="56" timestamp="2019-08-08T09:55:32.422" intervalms="73.979" type="nursery" />
<cycle-start id="1839" type="scavenge" contextid="0" timestamp="2019-08-08T09:55:32.422" intervalms="73.969" />
<gc-start id="1840" type="scavenge" contextid="1839" timestamp="2019-08-08T09:55:32.422">
  <mem-info id="1841" free="2510576" total="23134208" percent="10">
    <mem type="nursery" free="0" total="14155776" percent="0">
      <mem type="allocate" free="0" total="12386304" percent="0" />
      <mem type="survivor" free="0" total="1769472" percent="0" />
    </mem>
    <mem type="tenure" free="2510576" total="8978432" percent="27">
      <mem type="soa" free="2421488" total="8889344" percent="27" />
      <mem type="loa" free="89088" total="89088" percent="100" />
    </mem>
    <remembered-set count="808" />
  </mem-info>
</gc-start>
<allocation-stats totalBytes="11795944" >
  <allocated-bytes non-tlh="613528" tlh="11182416" />
  <largest-consumer threadName="main" threadId="00000000021F7F00" bytes="11795944" />
</allocation-stats>
<gc-op id="1842" type="scavenge" timems="3.708" contextid="1839" timestamp="2019-08-08T09:55:32.426">
  <scavenger-info tenureage="14" tenuremask="4000" tiltratio="87" />
  <memory-copied type="nursery" objects="17025" bytes="689920" bytesdiscarded="81176" />
  <references type="soft" candidates="156" cleared="0" enqueued="0" dynamicThreshold="17" maxThreshold="32" />
  <references type="weak" candidates="579" cleared="0" enqueued="0" />
</gc-op>
<gc-end id="1843" type="scavenge" contextid="1839" durationms="4.018" usertimems="9.580" systemtimems="0.000" timestamp="2019-08-08T09:55:32.426" activeThreads="16">
  <mem-info id="1844" free="14256360" total="23134208" percent="61">
    <mem type="nursery" free="11745784" total="14155776" percent="82">
      <mem type="allocate" free="11745784" total="12517376" percent="93" />
      <mem type="survivor" free="0" total="1638400" percent="0" />
    </mem>
    <mem type="tenure" free="2510576" total="8978432" percent="27" macro-fragmented="0">
      <mem type="soa" free="2421488" total="8889344" percent="27" />
      <mem type="loa" free="89088" total="89088" percent="100" />
    </mem>
    <remembered-set count="641" />
  </mem-info>
</gc-end>
<cycle-end id="1845" type="scavenge" contextid="1839" timestamp="2019-08-08T09:55:32.427" />
  <attribute name="elasticGC enabled" value="1" />
  <attribute name= "numThreadsSpecified" value="16" />
  <attribute name="heapSize specified" value="17235968" />
  <attribute name="Current GC Util" value="8" />
  <attribute name= "Current Time Running" value="124275" />
  <attribute name ="GC Interval" value="2505" />
  <attribute name="Target GC Util Change" value ="80.000000" />
  <attribute name="Current GC Util Change" value="8.000000"/>
  <attribute name="Current Error" value="278.000000" />
  <attribute name="Output H" value="23210216"/>
  <attribute name="Output I" value="2504"/>
  <attribute name="Output T" value="16"/>
  <attribute name= "Current Time Running" value="124275" />
  <attribute name="GC Util currently" value="8" />
  <attribute name="CPU Util currently" value="15671753707" />
<allocation-satisfied id="1846" threadId="00000000021F7F00" bytesRequested="56" />
<af-end id="1847" timestamp="2019-08-08T09:55:32.427" threadId="00000000021F8888" success="true" from="nursery"/>
<exclusive-end id="1848" timestamp="2019-08-08T09:55:32.427" durationms="4.309" />

<exclusive-start id="1849" timestamp="2019-08-08T09:55:32.486" intervalms="63.477">
  <response-info timems="0.024" idlems="0.024" threads="0" lastid="00000000021F7F00" lastname="main" />
</exclusive-start>
<af-start id="1850" threadId="00000000021F8888" totalBytesRequested="48" timestamp="2019-08-08T09:55:32.486" intervalms="63.464" type="nursery" />
<cycle-start id="1851" type="scavenge" contextid="0" timestamp="2019-08-08T09:55:32.486" intervalms="63.492" />
<gc-start id="1852" type="scavenge" contextid="1851" timestamp="2019-08-08T09:55:32.486">
  <mem-info id="1853" free="2493448" total="23134208" percent="10">
    <mem type="nursery" free="0" total="14155776" percent="0">
      <mem type="allocate" free="0" total="12517376" percent="0" />
      <mem type="survivor" free="0" total="1638400" percent="0" />
    </mem>
    <mem type="tenure" free="2493448" total="8978432" percent="27">
      <mem type="soa" free="2404360" total="8889344" percent="27" />
      <mem type="loa" free="89088" total="89088" percent="100" />
    </mem>
    <remembered-set count="804" />
  </mem-info>
</gc-start>
<allocation-stats totalBytes="11760112" >
  <allocated-bytes non-tlh="617208" tlh="11142904" />
  <largest-consumer threadName="main" threadId="00000000021F7F00" bytes="11760112" />
</allocation-stats>
<gc-op id="1854" type="scavenge" timems="4.135" contextid="1851" timestamp="2019-08-08T09:55:32.490">
  <scavenger-info tenureage="6" tenuremask="4040" tiltratio="88" />
  <memory-copied type="nursery" objects="21087" bytes="1146672" bytesdiscarded="154256" />
  <memory-copied type="tenure" objects="1611" bytes="55616" bytesdiscarded="0" />
  <references type="soft" candidates="168" cleared="0" enqueued="0" dynamicThreshold="17" maxThreshold="32" />
  <references type="weak" candidates="492" cleared="2" enqueued="2" />
  <references type="phantom" candidates="1" cleared="0" enqueued="0" />
</gc-op>
<gc-end id="1855" type="scavenge" contextid="1851" durationms="4.305" usertimems="8.955" systemtimems="0.000" timestamp="2019-08-08T09:55:32.490" activeThreads="16">
  <mem-info id="1856" free="13447120" total="23134208" percent="58">
    <mem type="nursery" free="10953672" total="14155776" percent="77">
      <mem type="allocate" free="10953672" total="12255232" percent="89" />
      <mem type="survivor" free="0" total="1900544" percent="0" />
    </mem>
    <mem type="tenure" free="2493448" total="8978432" percent="27" macro-fragmented="1800196">
      <mem type="soa" free="2404360" total="8889344" percent="27" />
      <mem type="loa" free="89088" total="89088" percent="100" />
    </mem>
    <pending-finalizers system="0" default="0" reference="2" classloader="0" />
    <remembered-set count="482" />
  </mem-info>
</gc-end>
<cycle-end id="1857" type="scavenge" contextid="1851" timestamp="2019-08-08T09:55:32.490" />
  <attribute name="elasticGC enabled" value="1" />
  <attribute name= "numThreadsSpecified" value="16" />
  <attribute name="heapSize specified" value="17235968" />
  <attribute name="Current GC Util" value="14" />
  <attribute name= "Current Time Running" value="124338" />
  <attribute name ="GC Interval" value="2625" />
  <attribute name="Target GC Util Change" value ="80.000000" />
  <attribute name="Current GC Util Change" value="14.000000"/>
  <attribute name="Current Error" value="344.000000" />
  <attribute name="Output H" value="23210288"/>
  <attribute name="Output I" value="2624"/>
  <attribute name="Output T" value="16"/>
  <attribute name= "Current Time Running" value="124338" />
  <attribute name="GC Util currently" value="14" />
  <attribute name="CPU Util currently" value="18170043742" />
<allocation-satisfied id="1858" threadId="00000000021F7F00" bytesRequested="48" />
<af-end id="1859" timestamp="2019-08-08T09:55:32.490" threadId="00000000021F8888" success="true" from="nursery"/>
<exclusive-end id="1860" timestamp="2019-08-08T09:55:32.490" durationms="4.575" />

<exclusive-start id="1861" timestamp="2019-08-08T09:55:32.517" intervalms="31.620">
  <response-info timems="0.536" idlems="0.536" threads="0" lastid="00000000021F7F00" lastname="main" />
</exclusive-start>
<af-start id="1862" threadId="00000000021F8888" totalBytesRequested="48" timestamp="2019-08-08T09:55:32.517" intervalms="31.630" type="nursery" />
<cycle-start id="1863" type="scavenge" contextid="0" timestamp="2019-08-08T09:55:32.517" intervalms="31.607" />
<gc-start id="1864" type="scavenge" contextid="1863" timestamp="2019-08-08T09:55:32.517">
  <mem-info id="1865" free="2493448" total="23134208" percent="10">
    <mem type="nursery" free="0" total="14155776" percent="0">
      <mem type="allocate" free="0" total="12255232" percent="0" />
      <mem type="survivor" free="0" total="1900544" percent="0" />
    </mem>
    <mem type="tenure" free="2493448" total="8978432" percent="27">
      <mem type="soa" free="2404360" total="8889344" percent="27" />
      <mem type="loa" free="89088" total="89088" percent="100" />
    </mem>
    <remembered-set count="483" />
  </mem-info>
</gc-start>
<allocation-stats totalBytes="10952592" >
  <allocated-bytes non-tlh="48" tlh="10952544" />
  <largest-consumer threadName="main" threadId="00000000021F7F00" bytes="10948496" />
</allocation-stats>
<gc-op id="1866" type="scavenge" timems="7.566" contextid="1863" timestamp="2019-08-08T09:55:32.525">
  <scavenger-info tenureage="14" tenuremask="4000" tiltratio="86" />
  <memory-copied type="nursery" objects="23070" bytes="934000" bytesdiscarded="128392" />
  <references type="soft" candidates="168" cleared="0" enqueued="0" dynamicThreshold="17" maxThreshold="32" />
  <references type="weak" candidates="488" cleared="0" enqueued="0" />
</gc-op>
<heap-resize id="1867" type="expand" space="nursery" amount="1835008" count="1" timems="0.025" reason="excessive time being spent scavenging" timestamp="2019-08-08T09:55:32.525" />
<gc-end id="1868" type="scavenge" contextid="1863" durationms="8.124" usertimems="23.528" systemtimems="0.000" timestamp="2019-08-08T09:55:32.526" activeThreads="16">
  <mem-info id="1869" free="15389672" total="24969216" percent="61">
    <mem type="nursery" free="12896224" total="15990784" percent="80">
      <mem type="allocate" free="12896224" total="13959168" percent="92" />
      <mem type="survivor" free="0" total="2031616" percent="0" />
    </mem>
    <mem type="tenure" free="2493448" total="8978432" percent="27" macro-fragmented="1800196">
      <mem type="soa" free="2404360" total="8889344" percent="27" />
      <mem type="loa" free="89088" total="89088" percent="100" />
    </mem>
    <remembered-set count="394" />
  </mem-info>
</gc-end>
<cycle-end id="1870" type="scavenge" contextid="1863" timestamp="2019-08-08T09:55:32.526" />
  <attribute name="elasticGC enabled" value="1" />
  <attribute name= "numThreadsSpecified" value="16" />
  <attribute name="heapSize specified" value="17235968" />
  <attribute name="Current GC Util" value="29" />
  <attribute name= "Current Time Running" value="124370" />
  <attribute name ="GC Interval" value="2721" />
  <attribute name="Target GC Util Change" value ="80.000000" />
  <attribute name="Current GC Util Change" value="29.000000"/>
  <attribute name="Current Error" value="395.000000" />
  <attribute name="Output H" value="23210344"/>
  <attribute name="Output I" value="2720"/>
  <attribute name="Output T" value="16"/>
  <attribute name= "Current Time Running" value="124370" />
  <attribute name="GC Util currently" value="29" />
  <attribute name="CPU Util currently" value="36508456070" />
<allocation-satisfied id="1871" threadId="00000000021F7F00" bytesRequested="48" />
<af-end id="1872" timestamp="2019-08-08T09:55:32.526" threadId="00000000021F8888" success="true" from="nursery"/>
<exclusive-end id="1873" timestamp="2019-08-08T09:55:32.526" durationms="8.405" />

<exclusive-start id="1874" timestamp="2019-08-08T09:55:32.569" intervalms="51.974">
  <response-info timems="0.019" idlems="0.019" threads="0" lastid="00000000021F7F00" lastname="main" />
</exclusive-start>
<af-start id="1875" threadId="00000000021F8888" totalBytesRequested="24" timestamp="2019-08-08T09:55:32.569" intervalms="52.025" type="nursery" />
<cycle-start id="1876" type="scavenge" contextid="0" timestamp="2019-08-08T09:55:32.569" intervalms="52.020" />
<gc-start id="1877" type="scavenge" contextid="1876" timestamp="2019-08-08T09:55:32.569">
  <mem-info id="1878" free="2492688" total="24969216" percent="9">
    <mem type="nursery" free="0" total="15990784" percent="0">
      <mem type="allocate" free="0" total="13959168" percent="0" />
      <mem type="survivor" free="0" total="2031616" percent="0" />
    </mem>
    <mem type="tenure" free="2492688" total="8978432" percent="27">
      <mem type="soa" free="2403600" total="8889344" percent="27" />
      <mem type="loa" free="89088" total="89088" percent="100" />
    </mem>
    <remembered-set count="408" />
  </mem-info>
</gc-start>
<allocation-stats totalBytes="12895040" >
  <allocated-bytes non-tlh="266360" tlh="12628680" />
  <largest-consumer threadName="main" threadId="00000000021F7F00" bytes="12895040" />
</allocation-stats>
<gc-op id="1879" type="scavenge" timems="6.710" contextid="1876" timestamp="2019-08-08T09:55:32.576">
  <scavenger-info tenureage="7" tenuremask="4880" tiltratio="87" />
  <memory-copied type="nursery" objects="28957" bytes="1466824" bytesdiscarded="170136" />
  <memory-copied type="tenure" objects="1026" bytes="36336" bytesdiscarded="624" />
  <references type="soft" candidates="157" cleared="0" enqueued="0" dynamicThreshold="17" maxThreshold="32" />
  <references type="weak" candidates="366" cleared="0" enqueued="0" />
  <references type="phantom" candidates="1" cleared="0" enqueued="0" />
</gc-op>
<heap-resize id="1880" type="expand" space="nursery" amount="1048576" count="1" timems="0.020" reason="excessive time being spent scavenging" timestamp="2019-08-08T09:55:32.577" />
<gc-end id="1881" type="scavenge" contextid="1876" durationms="7.288" usertimems="12.684" systemtimems="0.000" timestamp="2019-08-08T09:55:32.577" activeThreads="16">
  <mem-info id="1882" free="15332800" total="26017792" percent="58">
    <mem type="nursery" free="12911536" total="17039360" percent="75">
      <mem type="allocate" free="12911536" total="14548992" percent="88" />
      <mem type="survivor" free="0" total="2490368" percent="0" />
    </mem>
    <mem type="tenure" free="2421264" total="8978432" percent="26" macro-fragmented="2160235">
      <mem type="soa" free="2332176" total="8889344" percent="26" />
      <mem type="loa" free="89088" total="89088" percent="100" />
    </mem>
    <remembered-set count="191" />
  </mem-info>
</gc-end>
<cycle-end id="1883" type="scavenge" contextid="1876" timestamp="2019-08-08T09:55:32.577" />
  <attribute name="elasticGC enabled" value="1" />
  <attribute name= "numThreadsSpecified" value="16" />
  <attribute name="heapSize specified" value="17235968" />
  <attribute name="Current GC Util" value="30" />
  <attribute name= "Current Time Running" value="124422" />
  <attribute name ="GC Interval" value="2105" />
  <attribute name="Target GC Util Change" value ="80.000000" />
  <attribute name="Current GC Util Change" value="30.000000"/>
  <attribute name="Current Error" value="50.000000" />
  <attribute name="Output H" value="25044960"/>
  <attribute name="Output I" value="2104"/>
  <attribute name="Output T" value="16"/>
  <attribute name= "Current Time Running" value="124422" />
  <attribute name="GC Util currently" value="30" />
  <attribute name="CPU Util currently" value="22165393637" />
<allocation-satisfied id="1884" threadId="00000000021F7F00" bytesRequested="24" />
<af-end id="1885" timestamp="2019-08-08T09:55:32.577" threadId="00000000021F8888" success="true" from="nursery"/>
<exclusive-end id="1886" timestamp="2019-08-08T09:55:32.577" durationms="7.598" />

<exclusive-start id="1887" timestamp="2019-08-08T09:55:32.619" intervalms="49.320">
  <response-info timems="0.500" idlems="0.500" threads="0" lastid="00000000021F7F00" lastname="main" />
</exclusive-start>
<af-start id="1888" threadId="00000000021F8888" totalBytesRequested="32" timestamp="2019-08-08T09:55:32.619" intervalms="49.275" type="nursery" />
<cycle-start id="1889" type="scavenge" contextid="0" timestamp="2019-08-08T09:55:32.619" intervalms="49.279" />
<gc-start id="1890" type="scavenge" contextid="1889" timestamp="2019-08-08T09:55:32.619">
  <mem-info id="1891" free="2420888" total="26017792" percent="9">
    <mem type="nursery" free="0" total="17039360" percent="0">
      <mem type="allocate" free="0" total="14548992" percent="0" />
      <mem type="survivor" free="0" total="2490368" percent="0" />
    </mem>
    <mem type="tenure" free="2420888" total="8978432" percent="26">
      <mem type="soa" free="2331800" total="8889344" percent="26" />
      <mem type="loa" free="89088" total="89088" percent="100" />
    </mem>
    <remembered-set count="197" />
  </mem-info>
</gc-start>
<allocation-stats totalBytes="12910528" >
  <allocated-bytes non-tlh="200408" tlh="12710120" />
  <largest-consumer threadName="main" threadId="00000000021F7F00" bytes="12910528" />
</allocation-stats>
<gc-op id="1892" type="scavenge" timems="9.127" contextid="1889" timestamp="2019-08-08T09:55:32.628">
  <scavenger-info tenureage="5" tenuremask="4060" tiltratio="85" />
  <memory-copied type="nursery" objects="13754" bytes="806680" bytesdiscarded="45184" />
  <memory-copied type="tenure" objects="3647" bytes="118968" bytesdiscarded="112" />
  <references type="soft" candidates="66" cleared="0" enqueued="0" dynamicThreshold="17" maxThreshold="32" />
  <references type="weak" candidates="141" cleared="0" enqueued="0" />
  <references type="phantom" candidates="1" cleared="0" enqueued="0" />
</gc-op>
<heap-resize id="1893" type="expand" space="nursery" amount="1441792" count="1" timems="0.022" reason="excessive time being spent scavenging" timestamp="2019-08-08T09:55:32.629" />
<gc-end id="1894" type="scavenge" contextid="1889" durationms="9.994" usertimems="15.345" systemtimems="0.000" timestamp="2019-08-08T09:55:32.629" activeThreads="16">
  <mem-info id="1895" free="17452952" total="27459584" percent="63">
    <mem type="nursery" free="15204096" total="18481152" percent="82">
      <mem type="allocate" free="15204096" total="16056320" percent="94" />
      <mem type="survivor" free="0" total="2424832" percent="0" />
    </mem>
    <mem type="tenure" free="2248856" total="8978432" percent="25" macro-fragmented="1800196">
      <mem type="soa" free="2159768" total="8889344" percent="24" />
      <mem type="loa" free="89088" total="89088" percent="100" />
    </mem>
    <remembered-set count="263" />
  </mem-info>
</gc-end>
<cycle-end id="1896" type="scavenge" contextid="1889" timestamp="2019-08-08T09:55:32.629" />
  <attribute name="elasticGC enabled" value="1" />
  <attribute name= "numThreadsSpecified" value="16" />
  <attribute name="heapSize specified" value="17235968" />
  <attribute name="Current GC Util" value="25" />
  <attribute name= "Current Time Running" value="124471" />
  <attribute name ="GC Interval" value="2201" />
  <attribute name="Target GC Util Change" value ="80.000000" />
  <attribute name="Current GC Util Change" value="25.000000"/>
  <attribute name="Current Error" value="105.000000" />
  <attribute name="Output H" value="26093600"/>
  <attribute name="Output I" value="2200"/>
  <attribute name="Output T" value="16"/>
  <attribute name= "Current Time Running" value="124471" />
  <attribute name="GC Util currently" value="25" />
  <attribute name="CPU Util currently" value="23215416631" />
<allocation-satisfied id="1897" threadId="00000000021F7F00" bytesRequested="32" />
<af-end id="1898" timestamp="2019-08-08T09:55:32.629" threadId="00000000021F8888" success="true" from="nursery"/>
<exclusive-end id="1899" timestamp="2019-08-08T09:55:32.629" durationms="10.299" />

<exclusive-start id="1900" timestamp="2019-08-08T09:55:32.682" intervalms="63.427">
  <response-info timems="0.015" idlems="0.015" threads="0" lastid="00000000021F7F00" lastname="main" />
</exclusive-start>
<af-start id="1901" threadId="00000000021F8888" totalBytesRequested="48" timestamp="2019-08-08T09:55:32.682" intervalms="63.421" type="nursery" />
<cycle-start id="1902" type="scavenge" contextid="0" timestamp="2019-08-08T09:55:32.682" intervalms="63.423" />
<gc-start id="1903" type="scavenge" contextid="1902" timestamp="2019-08-08T09:55:32.682">
  <mem-info id="1904" free="2246840" total="27459584" percent="8">
    <mem type="nursery" free="0" total="18481152" percent="0">
      <mem type="allocate" free="0" total="16056320" percent="0" />
      <mem type="survivor" free="0" total="2424832" percent="0" />
    </mem>
    <mem type="tenure" free="2246840" total="8978432" percent="25">
      <mem type="soa" free="2157752" total="8889344" percent="24" />
      <mem type="loa" free="89088" total="89088" percent="100" />
    </mem>
    <remembered-set count="278" />
  </mem-info>
</gc-start>
<allocation-stats totalBytes="15204336" >
  <allocated-bytes non-tlh="202056" tlh="15002280" />
  <largest-consumer threadName="main" threadId="00000000021F7F00" bytes="15204336" />
</allocation-stats>
<gc-op id="1905" type="scavenge" timems="3.039" contextid="1902" timestamp="2019-08-08T09:55:32.685">
  <scavenger-info tenureage="14" tenuremask="4000" tiltratio="86" />
  <memory-copied type="nursery" objects="16053" bytes="654816" bytesdiscarded="84952" />
  <references type="soft" candidates="67" cleared="0" enqueued="0" dynamicThreshold="17" maxThreshold="32" />
  <references type="weak" candidates="149" cleared="0" enqueued="0" />
</gc-op>
<gc-end id="1906" type="scavenge" contextid="1902" durationms="3.534" usertimems="5.858" systemtimems="0.000" timestamp="2019-08-08T09:55:32.686" activeThreads="16">
  <mem-info id="1907" free="18021792" total="27459584" percent="65">
    <mem type="nursery" free="15774952" total="18481152" percent="85">
      <mem type="allocate" free="15774952" total="16515072" percent="95" />
      <mem type="survivor" free="0" total="1966080" percent="0" />
    </mem>
    <mem type="tenure" free="2246840" total="8978432" percent="25" macro-fragmented="9100">
      <mem type="soa" free="2157752" total="8889344" percent="24" />
      <mem type="loa" free="89088" total="89088" percent="100" />
    </mem>
    <remembered-set count="264" />
  </mem-info>
</gc-end>
<cycle-end id="1908" type="scavenge" contextid="1902" timestamp="2019-08-08T09:55:32.686" />
  <attribute name="elasticGC enabled" value="1" />
  <attribute name= "numThreadsSpecified" value="16" />
  <attribute name="heapSize specified" value="17235968" />
  <attribute name="Current GC Util" value="22" />
  <attribute name= "Current Time Running" value="124534" />
  <attribute name ="GC Interval" value="2305" />
  <attribute name="Target GC Util Change" value ="80.000000" />
  <attribute name="Current GC Util Change" value="22.000000"/>
  <attribute name="Current Error" value="163.000000" />
  <attribute name="Output H" value="27535456"/>
  <attribute name="Output I" value="2304"/>
  <attribute name="Output T" value="16"/>
  <attribute name= "Current Time Running" value="124534" />
  <attribute name="GC Util currently" value="22" />
  <attribute name="CPU Util currently" value="18287539263" />
<allocation-satisfied id="1909" threadId="00000000021F7F00" bytesRequested="48" />
<af-end id="1910" timestamp="2019-08-08T09:55:32.686" threadId="00000000021F8888" success="true" from="nursery"/>
<exclusive-end id="1911" timestamp="2019-08-08T09:55:32.686" durationms="3.998" />

<exclusive-start id="1912" timestamp="2019-08-08T09:55:32.723" intervalms="40.965">
  <response-info timems="0.023" idlems="0.023" threads="0" lastid="00000000021F7F00" lastname="main" />
</exclusive-start>
<af-start id="1913" threadId="00000000021F8888" totalBytesRequested="48" timestamp="2019-08-08T09:55:32.723" intervalms="40.986" type="nursery" />
<cycle-start id="1914" type="scavenge" contextid="0" timestamp="2019-08-08T09:55:32.723" intervalms="40.980" />
<gc-start id="1915" type="scavenge" contextid="1914" timestamp="2019-08-08T09:55:32.723">
  <mem-info id="1916" free="2246408" total="27459584" percent="8">
    <mem type="nursery" free="0" total="18481152" percent="0">
      <mem type="allocate" free="0" total="16515072" percent="0" />
      <mem type="survivor" free="0" total="1966080" percent="0" />
    </mem>
    <mem type="tenure" free="2246408" total="8978432" percent="25">
      <mem type="soa" free="2157320" total="8889344" percent="24" />
      <mem type="loa" free="89088" total="89088" percent="100" />
    </mem>
    <remembered-set count="273" />
  </mem-info>
</gc-start>
<allocation-stats totalBytes="15773840" >
  <allocated-bytes non-tlh="200488" tlh="15573352" />
  <largest-consumer threadName="main" threadId="00000000021F7F00" bytes="15773840" />
</allocation-stats>
<gc-op id="1917" type="scavenge" timems="5.599" contextid="1914" timestamp="2019-08-08T09:55:32.729">
  <scavenger-info tenureage="9" tenuremask="4200" tiltratio="89" />
  <memory-copied type="nursery" objects="25716" bytes="1278784" bytesdiscarded="79792" />
  <memory-copied type="tenure" objects="699" bytes="24760" bytesdiscarded="0" />
  <references type="soft" candidates="43" cleared="0" enqueued="0" dynamicThreshold="17" maxThreshold="32" />
  <references type="weak" candidates="146" cleared="0" enqueued="0" />
  <references type="phantom" candidates="1" cleared="0" enqueued="0" />
</gc-op>
<heap-resize id="1918" type="expand" space="nursery" amount="1179648" count="1" timems="0.019" reason="excessive time being spent scavenging" timestamp="2019-08-08T09:55:32.729" />
<gc-end id="1919" type="scavenge" contextid="1914" durationms="6.131" usertimems="11.121" systemtimems="0.000" timestamp="2019-08-08T09:55:32.729" activeThreads="16">
  <mem-info id="1920" free="18099656" total="28639232" percent="63">
    <mem type="nursery" free="15877056" total="19660800" percent="80">
      <mem type="allocate" free="15877056" total="17235968" percent="92" />
      <mem type="survivor" free="0" total="2424832" percent="0" />
    </mem>
    <mem type="tenure" free="2222600" total="8978432" percent="24" macro-fragmented="0">
      <mem type="soa" free="2133512" total="8889344" percent="24" />
      <mem type="loa" free="89088" total="89088" percent="100" />
    </mem>
    <remembered-set count="163" />
  </mem-info>
</gc-end>
<cycle-end id="1921" type="scavenge" contextid="1914" timestamp="2019-08-08T09:55:32.729" />
  <attribute name="elasticGC enabled" value="1" />
  <attribute name= "numThreadsSpecified" value="16" />
  <attribute name="heapSize specified" value="17235968" />
  <attribute name="Current GC Util" value="14" />
  <attribute name= "Current Time Running" value="124575" />
  <attribute name ="GC Interval" value="2425" />
  <attribute name="Target GC Util Change" value ="80.000000" />
  <attribute name="Current GC Util Change" value="14.000000"/>
  <attribute name="Current Error" value="229.000000" />
  <attribute name="Output H" value="27535528"/>
  <attribute name="Output I" value="2424"/>
  <attribute name="Output T" value="16"/>
  <attribute name= "Current Time Running" value="124575" />
  <attribute name="GC Util currently" value="14" />
  <attribute name="CPU Util currently" value="28132341835" />
<allocation-satisfied id="1922" threadId="00000000021F7F00" bytesRequested="48" />
<af-end id="1923" timestamp="2019-08-08T09:55:32.729" threadId="00000000021F8888" success="true" from="nursery"/>
<exclusive-end id="1924" timestamp="2019-08-08T09:55:32.729" durationms="6.359" />

<exclusive-start id="1925" timestamp="2019-08-08T09:55:32.784" intervalms="61.235">
  <response-info timems="0.096" idlems="0.096" threads="0" lastid="00000000021F7F00" lastname="main" />
</exclusive-start>
<af-start id="1926" threadId="00000000021F8888" totalBytesRequested="24" timestamp="2019-08-08T09:55:32.784" intervalms="61.245" type="nursery" />
<cycle-start id="1927" type="scavenge" contextid="0" timestamp="2019-08-08T09:55:32.784" intervalms="61.255" />
<gc-start id="1928" type="scavenge" contextid="1927" timestamp="2019-08-08T09:55:32.784">
  <mem-info id="1929" free="2220936" total="28639232" percent="7">
    <mem type="nursery" free="0" total="19660800" percent="0">
      <mem type="allocate" free="0" total="17235968" percent="0" />
      <mem type="survivor" free="0" total="2424832" percent="0" />
    </mem>
    <mem type="tenure" free="2220936" total="8978432" percent="24">
      <mem type="soa" free="2131848" total="8889344" percent="23" />
      <mem type="loa" free="89088" total="89088" percent="100" />
    </mem>
    <remembered-set count="195" />
  </mem-info>
</gc-start>
<allocation-stats totalBytes="15876216" >
  <allocated-bytes non-tlh="601736" tlh="15274480" />
  <largest-consumer threadName="main" threadId="00000000021F7F00" bytes="15876216" />
</allocation-stats>
<gc-op id="1930" type="scavenge" timems="14.421" contextid="1927" timestamp="2019-08-08T09:55:32.799">
  <scavenger-info tenureage="14" tenuremask="4000" tiltratio="87" />
  <memory-copied type="nursery" objects="11031" bytes="680128" bytesdiscarded="89616" />
  <references type="soft" candidates="46" cleared="0" enqueued="0" dynamicThreshold="17" maxThreshold="32" />
  <references type="weak" candidates="163" cleared="0" enqueued="0" />
  <references type="phantom" candidates="1" cleared="0" enqueued="0" />
</gc-op>
<heap-resize id="1931" type="expand" space="nursery" amount="1835008" count="1" timems="0.023" reason="excessive time being spent scavenging" timestamp="2019-08-08T09:55:32.799" />
<gc-end id="1932" type="scavenge" contextid="1927" durationms="15.019" usertimems="30.219" systemtimems="0.000" timestamp="2019-08-08T09:55:32.799" activeThreads="16">
  <mem-info id="1933" free="20652816" total="30474240" percent="67">
    <mem type="nursery" free="18431880" total="21495808" percent="85">
      <mem type="allocate" free="18431880" total="19202048" percent="95" />
      <mem type="survivor" free="0" total="2293760" percent="0" />
    </mem>
    <mem type="tenure" free="2220936" total="8978432" percent="24" macro-fragmented="15725">
      <mem type="soa" free="2131848" total="8889344" percent="23" />
      <mem type="loa" free="89088" total="89088" percent="100" />
    </mem>
    <remembered-set count="182" />
  </mem-info>
</gc-end>
<cycle-end id="1934" type="scavenge" contextid="1927" timestamp="2019-08-08T09:55:32.800" />
  <attribute name="elasticGC enabled" value="1" />
  <attribute name= "numThreadsSpecified" value="16" />
  <attribute name="heapSize specified" value="17235968" />
  <attribute name="Current GC Util" value="17" />
  <attribute name= "Current Time Running" value="124637" />
  <attribute name ="GC Interval" value="2537" />
  <attribute name="Target GC Util Change" value ="80.000000" />
  <attribute name="Current GC Util Change" value="17.000000"/>
  <attribute name="Current Error" value="292.000000" />
  <attribute name="Output H" value="28715256"/>
  <attribute name="Output I" value="2536"/>
  <attribute name="Output T" value="16"/>
  <attribute name= "Current Time Running" value="124637" />
  <attribute name="GC Util currently" value="17" />
  <attribute name="CPU Util currently" value="18816849293" />
<allocation-satisfied id="1935" threadId="00000000021F7F00" bytesRequested="24" />
<af-end id="1936" timestamp="2019-08-08T09:55:32.800" threadId="00000000021F8888" success="true" from="nursery"/>
<exclusive-end id="1937" timestamp="2019-08-08T09:55:32.800" durationms="15.309" />

<exclusive-start id="1938" timestamp="2019-08-08T09:55:32.859" intervalms="74.247">
  <response-info timems="0.260" idlems="0.260" threads="0" lastid="00000000021F7F00" lastname="main" />
</exclusive-start>
<af-start id="1939" threadId="00000000021F8888" totalBytesRequested="200008" timestamp="2019-08-08T09:55:32.859" intervalms="74.225" type="nursery" />
<cycle-start id="1940" type="scavenge" contextid="0" timestamp="2019-08-08T09:55:32.859" intervalms="74.219" />
<gc-start id="1941" type="scavenge" contextid="1940" timestamp="2019-08-08T09:55:32.859">
  <mem-info id="1942" free="2220152" total="30474240" percent="7">
    <mem type="nursery" free="0" total="21495808" percent="0">
      <mem type="allocate" free="0" total="19202048" percent="0" />
      <mem type="survivor" free="0" total="2293760" percent="0" />
    </mem>
    <mem type="tenure" free="2220152" total="8978432" percent="24">
      <mem type="soa" free="2131064" total="8889344" percent="23" />
      <mem type="loa" free="89088" total="89088" percent="100" />
    </mem>
    <remembered-set count="195" />
  </mem-info>
</gc-start>
<allocation-stats totalBytes="18429864" >
  <allocated-bytes non-tlh="200816" tlh="18229048" />
  <largest-consumer threadName="main" threadId="00000000021F7F00" bytes="18429864" />
</allocation-stats>
<gc-op id="1943" type="scavenge" timems="8.068" contextid="1940" timestamp="2019-08-08T09:55:32.867">
  <scavenger-info tenureage="7" tenuremask="4180" tiltratio="89" />
  <memory-copied type="nursery" objects="2311" bytes="114576" bytesdiscarded="133760" />
  <memory-copied type="tenure" objects="1850" bytes="64160" bytesdiscarded="48" />
  <references type="soft" candidates="9" cleared="0" enqueued="0" dynamicThreshold="17" maxThreshold="32" />
  <references type="weak" candidates="57" cleared="0" enqueued="0" />
  <references type="phantom" candidates="1" cleared="0" enqueued="0" />
</gc-op>
<heap-resize id="1944" type="expand" space="nursery" amount="1179648" count="1" timems="0.018" reason="excessive time being spent scavenging" timestamp="2019-08-08T09:55:32.867" />
<gc-end id="1945" type="scavenge" contextid="1940" durationms="8.600" usertimems="19.399" systemtimems="0.000" timestamp="2019-08-08T09:55:32.867" activeThreads="16">
  <mem-info id="1946" free="22289520" total="31653888" percent="70">
    <mem type="nursery" free="20133112" total="22675456" percent="88">
      <mem type="allocate" free="20133112" total="20381696" percent="98" />
      <mem type="survivor" free="0" total="2293760" percent="0" />
    </mem>
    <mem type="tenure" free="2156408" total="8978432" percent="24" macro-fragmented="1800196">
      <mem type="soa" free="2067320" total="8889344" percent="23" />
      <mem type="loa" free="89088" total="89088" percent="100" />
    </mem>
    <remembered-set count="158" />
  </mem-info>
</gc-end>
<cycle-end id="1947" type="scavenge" contextid="1940" timestamp="2019-08-08T09:55:32.867" />
  <attribute name="elasticGC enabled" value="1" />
  <attribute name= "numThreadsSpecified" value="16" />
  <attribute name="heapSize specified" value="17235968" />
  <attribute name="Current GC Util" value="21" />
  <attribute name= "Current Time Running" value="124711" />
  <attribute name ="GC Interval" value="2641" />
  <attribute name="Target GC Util Change" value ="80.000000" />
  <attribute name="Current GC Util Change" value="21.000000"/>
  <attribute name="Current Error" value="351.000000" />
  <attribute name="Output H" value="30550328"/>
  <attribute name="Output I" value="2640"/>
  <attribute name="Output T" value="16"/>
  <attribute name= "Current Time Running" value="124711" />
  <attribute name="GC Util currently" value="21" />
  <attribute name="CPU Util currently" value="15540363447" />
<allocation-satisfied id="1948" threadId="00000000021F7F00" bytesRequested="200008" />
<af-end id="1949" timestamp="2019-08-08T09:55:32.868" threadId="00000000021F8888" success="true" from="nursery"/>
<exclusive-end id="1950" timestamp="2019-08-08T09:55:32.868" durationms="9.114" />

<exclusive-start id="1951" timestamp="2019-08-08T09:55:32.930" intervalms="71.125">
  <response-info timems="0.059" idlems="0.059" threads="0" lastid="00000000021F7F00" lastname="main" />
</exclusive-start>
<af-start id="1952" threadId="00000000021F8888" totalBytesRequested="4512" timestamp="2019-08-08T09:55:32.930" intervalms="71.133" type="nursery" />
<cycle-start id="1953" type="scavenge" contextid="0" timestamp="2019-08-08T09:55:32.930" intervalms="71.135" />
<gc-start id="1954" type="scavenge" contextid="1953" timestamp="2019-08-08T09:55:32.930">
  <mem-info id="1955" free="2155560" total="31653888" percent="6">
    <mem type="nursery" free="0" total="22675456" percent="0">
      <mem type="allocate" free="0" total="20381696" percent="0" />
      <mem type="survivor" free="0" total="2293760" percent="0" />
    </mem>
    <mem type="tenure" free="2155560" total="8978432" percent="24">
      <mem type="soa" free="2066472" total="8889344" percent="23" />
      <mem type="loa" free="89088" total="89088" percent="100" />
    </mem>
    <remembered-set count="177" />
  </mem-info>
</gc-start>
<allocation-stats totalBytes="20130688" >
  <allocated-bytes non-tlh="400864" tlh="19729824" />
  <largest-consumer threadName="main" threadId="00000000021F7F00" bytes="20130688" />
</allocation-stats>
<gc-op id="1956" type="scavenge" timems="7.270" contextid="1953" timestamp="2019-08-08T09:55:32.937">
  <scavenger-info tenureage="14" tenuremask="4000" tiltratio="89" />
  <memory-copied type="nursery" objects="3701" bytes="406624" bytesdiscarded="43192" />
  <references type="soft" candidates="10" cleared="0" enqueued="0" dynamicThreshold="17" maxThreshold="32" />
  <references type="weak" candidates="67" cleared="0" enqueued="0" />
  <references type="phantom" candidates="1" cleared="0" enqueued="0" />
</gc-op>
<heap-resize id="1957" type="expand" space="nursery" amount="1048576" count="1" timems="0.019" reason="excessive time being spent scavenging" timestamp="2019-08-08T09:55:32.938" />
<gc-end id="1958" type="scavenge" contextid="1953" durationms="7.806" usertimems="14.071" systemtimems="0.000" timestamp="2019-08-08T09:55:32.938" activeThreads="16">
  <mem-info id="1959" free="23004664" total="32702464" percent="70">
    <mem type="nursery" free="20849104" total="23724032" percent="87">
      <mem type="allocate" free="20849104" total="21299200" percent="97" />
      <mem type="survivor" free="0" total="2424832" percent="0" />
    </mem>
    <mem type="tenure" free="2155560" total="8978432" percent="24" macro-fragmented="0">
      <mem type="soa" free="2066472" total="8889344" percent="23" />
      <mem type="loa" free="89088" total="89088" percent="100" />
    </mem>
    <remembered-set count="149" />
  </mem-info>
</gc-end>
<cycle-end id="1960" type="scavenge" contextid="1953" timestamp="2019-08-08T09:55:32.938" />
  <attribute name="elasticGC enabled" value="1" />
  <attribute name= "numThreadsSpecified" value="16" />
  <attribute name="heapSize specified" value="17235968" />
  <attribute name="Current GC Util" value="19" />
  <attribute name= "Current Time Running" value="124782" />
  <attribute name ="GC Interval" value="2121" />
  <attribute name="Target GC Util Change" value ="80.000000" />
  <attribute name="Current GC Util Change" value="19.000000"/>
  <attribute name="Current Error" value="61.000000" />
  <attribute name="Output H" value="31729640"/>
  <attribute name="Output I" value="2120"/>
  <attribute name="Output T" value="16"/>
  <attribute name= "Current Time Running" value="124782" />
  <attribute name="GC Util currently" value="19" />
  <attribute name="CPU Util currently" value="16176924383" />
<allocation-satisfied id="1961" threadId="00000000021F7F00" bytesRequested="4512" />
<af-end id="1962" timestamp="2019-08-08T09:55:32.938" threadId="00000000021F8888" success="true" from="nursery"/>
<exclusive-end id="1963" timestamp="2019-08-08T09:55:32.938" durationms="8.409" />

<exclusive-start id="1964" timestamp="2019-08-08T09:55:33.048" intervalms="117.868">
  <response-info timems="0.182" idlems="0.182" threads="0" lastid="00000000021F7F00" lastname="main" />
</exclusive-start>
<af-start id="1965" threadId="00000000021F8888" totalBytesRequested="32" timestamp="2019-08-08T09:55:33.048" intervalms="117.870" type="nursery" />
<cycle-start id="1966" type="scavenge" contextid="0" timestamp="2019-08-08T09:55:33.048" intervalms="117.872" />
<gc-start id="1967" type="scavenge" contextid="1966" timestamp="2019-08-08T09:55:33.048">
  <mem-info id="1968" free="2152880" total="32702464" percent="6">
    <mem type="nursery" free="0" total="23724032" percent="0">
      <mem type="allocate" free="0" total="21299200" percent="0" />
      <mem type="survivor" free="0" total="2424832" percent="0" />
    </mem>
    <mem type="tenure" free="2152880" total="8978432" percent="23">
      <mem type="soa" free="2063792" total="8889344" percent="23" />
      <mem type="loa" free="89088" total="89088" percent="100" />
    </mem>
    <remembered-set count="199" />
  </mem-info>
</gc-start>
<allocation-stats totalBytes="20849208" >
  <allocated-bytes non-tlh="1007232" tlh="19841976" />
  <largest-consumer threadName="main" threadId="00000000021F7F00" bytes="20849208" />
</allocation-stats>
<gc-op id="1969" type="scavenge" timems="5.205" contextid="1966" timestamp="2019-08-08T09:55:33.053">
  <scavenger-info tenureage="14" tenuremask="4000" tiltratio="89" />
  <memory-copied type="nursery" objects="6144" bytes="563024" bytesdiscarded="106216" />
  <references type="soft" candidates="15" cleared="0" enqueued="0" dynamicThreshold="17" maxThreshold="32" />
  <references type="weak" candidates="97" cleared="0" enqueued="0" />
  <references type="phantom" candidates="1" cleared="0" enqueued="0" />
</gc-op>
<gc-end id="1970" type="scavenge" contextid="1966" durationms="5.684" usertimems="17.895" systemtimems="0.000" timestamp="2019-08-08T09:55:33.053" activeThreads="16">
  <mem-info id="1971" free="22782440" total="32702464" percent="69">
    <mem type="nursery" free="20629560" total="23724032" percent="86">
      <mem type="allocate" free="20629560" total="21299200" percent="96" />
      <mem type="survivor" free="0" total="2424832" percent="0" />
    </mem>
    <mem type="tenure" free="2152880" total="8978432" percent="23" macro-fragmented="0">
      <mem type="soa" free="2063792" total="8889344" percent="23" />
      <mem type="loa" free="89088" total="89088" percent="100" />
    </mem>
    <remembered-set count="187" />
  </mem-info>
</gc-end>
<cycle-end id="1972" type="scavenge" contextid="1966" timestamp="2019-08-08T09:55:33.053" />
  <attribute name="elasticGC enabled" value="1" />
  <attribute name= "numThreadsSpecified" value="16" />
  <attribute name="heapSize specified" value="17235968" />
  <attribute name="Current GC Util" value="12" />
  <attribute name= "Current Time Running" value="124900" />
  <attribute name ="GC Interval" value="2241" />
  <attribute name="Target GC Util Change" value ="80.000000" />
  <attribute name="Current GC Util Change" value="12.000000"/>
  <attribute name="Current Error" value="129.000000" />
  <attribute name="Output H" value="32778296"/>
  <attribute name="Output I" value="2240"/>
  <attribute name="Output T" value="16"/>
  <attribute name= "Current Time Running" value="124900" />
  <attribute name="GC Util currently" value="12" />
  <attribute name="CPU Util currently" value="9788603990" />
<allocation-satisfied id="1973" threadId="00000000021F7F00" bytesRequested="32" />
<af-end id="1974" timestamp="2019-08-08T09:55:33.053" threadId="00000000021F8888" success="true" from="nursery"/>
<exclusive-end id="1975" timestamp="2019-08-08T09:55:33.053" durationms="5.991" />

<exclusive-start id="1976" timestamp="2019-08-08T09:55:33.142" intervalms="94.269">
  <response-info timems="0.121" idlems="0.121" threads="0" lastid="00000000021F7F00" lastname="main" />
</exclusive-start>
<af-start id="1977" threadId="00000000021F8888" totalBytesRequested="32776" timestamp="2019-08-08T09:55:33.142" intervalms="94.295" type="nursery" />
<cycle-start id="1978" type="scavenge" contextid="0" timestamp="2019-08-08T09:55:33.142" intervalms="94.292" />
<gc-start id="1979" type="scavenge" contextid="1978" timestamp="2019-08-08T09:55:33.142">
  <mem-info id="1980" free="2152272" total="32702464" percent="6">
    <mem type="nursery" free="0" total="23724032" percent="0">
      <mem type="allocate" free="0" total="21299200" percent="0" />
      <mem type="survivor" free="0" total="2424832" percent="0" />
    </mem>
    <mem type="tenure" free="2152272" total="8978432" percent="23">
      <mem type="soa" free="2063184" total="8889344" percent="23" />
      <mem type="loa" free="89088" total="89088" percent="100" />
    </mem>
    <remembered-set count="198" />
  </mem-info>
</gc-start>
<allocation-stats totalBytes="20616320" >
  <allocated-bytes non-tlh="200648" tlh="20415672" />
  <largest-consumer threadName="main" threadId="00000000021F7F00" bytes="20616320" />
</allocation-stats>
<gc-op id="1981" type="scavenge" timems="4.782" contextid="1978" timestamp="2019-08-08T09:55:33.147">
  <scavenger-info tenureage="7" tenuremask="4080" tiltratio="89" />
  <memory-copied type="nursery" objects="2690" bytes="336816" bytesdiscarded="79912" />
  <memory-copied type="tenure" objects="829" bytes="25416" bytesdiscarded="0" />
  <references type="soft" candidates="15" cleared="0" enqueued="0" dynamicThreshold="17" maxThreshold="32" />
  <references type="weak" candidates="89" cleared="0" enqueued="0" />
  <references type="phantom" candidates="1" cleared="0" enqueued="0" />
</gc-op>
<gc-end id="1982" type="scavenge" contextid="1978" durationms="5.438" usertimems="12.998" systemtimems="0.000" timestamp="2019-08-08T09:55:33.147" activeThreads="16">
  <mem-info id="1983" free="23002096" total="32702464" percent="70">
    <mem type="nursery" free="20882080" total="23724032" percent="88">
      <mem type="allocate" free="20882080" total="21299200" percent="98" />
      <mem type="survivor" free="0" total="2424832" percent="0" />
    </mem>
    <mem type="tenure" free="2120016" total="8978432" percent="23" macro-fragmented="0">
      <mem type="soa" free="2030928" total="8889344" percent="22" />
      <mem type="loa" free="89088" total="89088" percent="100" />
    </mem>
    <remembered-set count="233" />
  </mem-info>
</gc-end>
<cycle-end id="1984" type="scavenge" contextid="1978" timestamp="2019-08-08T09:55:33.147" />
  <attribute name="elasticGC enabled" value="1" />
  <attribute name= "numThreadsSpecified" value="16" />
  <attribute name="heapSize specified" value="17235968" />
  <attribute name="Current GC Util" value="9" />
  <attribute name= "Current Time Running" value="124994" />
  <attribute name ="GC Interval" value="2369" />
  <attribute name="Target GC Util Change" value ="80.000000" />
  <attribute name="Current GC Util Change" value="9.000000"/>
  <attribute name="Current Error" value="200.000000" />
  <attribute name="Output H" value="32778376"/>
  <attribute name="Output I" value="2368"/>
  <attribute name="Output T" value="16"/>
  <attribute name= "Current Time Running" value="124994" />
  <attribute name="GC Util currently" value="9" />
  <attribute name="CPU Util currently" value="12228509962" />
<allocation-satisfied id="1985" threadId="00000000021F7F00" bytesRequested="32776" />
<af-end id="1986" timestamp="2019-08-08T09:55:33.148" threadId="00000000021F8888" success="true" from="nursery"/>
<exclusive-end id="1987" timestamp="2019-08-08T09:55:33.148" durationms="5.742" />

<exclusive-start id="1988" timestamp="2019-08-08T09:55:33.213" intervalms="71.327">
  <response-info timems="0.125" idlems="0.125" threads="0" lastid="00000000021F7F00" lastname="main" />
</exclusive-start>
<af-start id="1989" threadId="00000000021F8888" totalBytesRequested="72" timestamp="2019-08-08T09:55:33.213" intervalms="71.277" type="nursery" />
<cycle-start id="1990" type="scavenge" contextid="0" timestamp="2019-08-08T09:55:33.213" intervalms="71.271" />
<gc-start id="1991" type="scavenge" contextid="1990" timestamp="2019-08-08T09:55:33.213">
  <mem-info id="1992" free="2118840" total="32702464" percent="6">
    <mem type="nursery" free="0" total="23724032" percent="0">
      <mem type="allocate" free="0" total="21299200" percent="0" />
      <mem type="survivor" free="0" total="2424832" percent="0" />
    </mem>
    <mem type="tenure" free="2118840" total="8978432" percent="23">
      <mem type="soa" free="2029752" total="8889344" percent="22" />
      <mem type="loa" free="89088" total="89088" percent="100" />
    </mem>
    <remembered-set count="256" />
  </mem-info>
</gc-start>
<allocation-stats totalBytes="20880168" >
  <allocated-bytes non-tlh="233960" tlh="20646208" />
  <largest-consumer threadName="main" threadId="00000000021F7F00" bytes="20880168" />
</allocation-stats>
<gc-op id="1993" type="scavenge" timems="10.726" contextid="1990" timestamp="2019-08-08T09:55:33.224">
  <scavenger-info tenureage="9" tenuremask="4200" tiltratio="89" />
  <memory-copied type="nursery" objects="12256" bytes="514872" bytesdiscarded="131168" />
  <memory-copied type="tenure" objects="139" bytes="4904" bytesdiscarded="16" />
  <references type="soft" candidates="15" cleared="0" enqueued="0" dynamicThreshold="17" maxThreshold="32" />
  <references type="weak" candidates="89" cleared="0" enqueued="0" />
</gc-op>
<heap-resize id="1994" type="expand" space="nursery" amount="1835008" count="1" timems="0.024" reason="excessive time being spent scavenging" timestamp="2019-08-08T09:55:33.224" />
<gc-end id="1995" type="scavenge" contextid="1990" durationms="11.508" usertimems="34.506" systemtimems="0.000" timestamp="2019-08-08T09:55:33.225" activeThreads="16">
  <mem-info id="1996" free="24378544" total="34537472" percent="70">
    <mem type="nursery" free="22291192" total="25559040" percent="87">
      <mem type="allocate" free="22291192" total="22937600" percent="97" />
      <mem type="survivor" free="0" total="2621440" percent="0" />
    </mem>
    <mem type="tenure" free="2087352" total="8978432" percent="23" macro-fragmented="0">
      <mem type="soa" free="1998264" total="8889344" percent="22" />
      <mem type="loa" free="89088" total="89088" percent="100" />
    </mem>
    <remembered-set count="157" />
  </mem-info>
</gc-end>
<cycle-end id="1997" type="scavenge" contextid="1990" timestamp="2019-08-08T09:55:33.225" />
  <attribute name="elasticGC enabled" value="1" />
  <attribute name= "numThreadsSpecified" value="16" />
  <attribute name="heapSize specified" value="17235968" />
  <attribute name="Current GC Util" value="10" />
  <attribute name= "Current Time Running" value="125065" />
  <attribute name ="GC Interval" value="2497" />
  <attribute name="Target GC Util Change" value ="80.000000" />
  <attribute name="Current GC Util Change" value="10.000000"/>
  <attribute name="Current Error" value="270.000000" />
  <attribute name="Output H" value="32778456"/>
  <attribute name="Output I" value="2496"/>
  <attribute name="Output T" value="16"/>
  <attribute name= "Current Time Running" value="125065" />
  <attribute name="GC Util currently" value="10" />
  <attribute name="CPU Util currently" value="16182547111" />
<allocation-satisfied id="1998" threadId="00000000021F7F00" bytesRequested="72" />
<af-end id="1999" timestamp="2019-08-08T09:55:33.225" threadId="00000000021F8888" success="true" from="nursery"/>
<exclusive-end id="2000" timestamp="2019-08-08T09:55:33.225" durationms="11.843" />

<exclusive-start id="2001" timestamp="2019-08-08T09:55:33.358" intervalms="144.972">
  <response-info timems="0.966" idlems="0.966" threads="0" lastid="00000000021F7F00" lastname="main" />
</exclusive-start>
<af-start id="2002" threadId="00000000021F8888" totalBytesRequested="1932752" timestamp="2019-08-08T09:55:33.358" intervalms="145.000" type="nursery" />
<cycle-start id="2003" type="scavenge" contextid="0" timestamp="2019-08-08T09:55:33.358" intervalms="145.008" />
<gc-start id="2004" type="scavenge" contextid="2003" timestamp="2019-08-08T09:55:33.358">
  <mem-info id="2005" free="2696032" total="34537472" percent="7">
    <mem type="nursery" free="674160" total="25559040" percent="2">
      <mem type="allocate" free="674160" total="22937600" percent="2" />
      <mem type="survivor" free="0" total="2621440" percent="0" />
    </mem>
    <mem type="tenure" free="2021872" total="8978432" percent="22">
      <mem type="soa" free="1932784" total="8889344" percent="21" />
      <mem type="loa" free="89088" total="89088" percent="100" />
    </mem>
    <remembered-set count="929" />
  </mem-info>
</gc-start>
<allocation-stats totalBytes="21678704" >
  <allocated-bytes non-tlh="1697504" tlh="19981200" />
  <largest-consumer threadName="main" threadId="00000000021F7F00" bytes="21678704" />
</allocation-stats>
<gc-op id="2006" type="scavenge" timems="6.575" contextid="2003" timestamp="2019-08-08T09:55:33.365">
  <scavenger-info tenureage="14" tenuremask="4000" tiltratio="89" />
  <memory-copied type="nursery" objects="10706" bytes="1386832" bytesdiscarded="106120" />
  <finalization candidates="3" enqueued="1" />
  <references type="soft" candidates="793" cleared="0" enqueued="0" dynamicThreshold="17" maxThreshold="32" />
  <references type="weak" candidates="221" cleared="23" enqueued="23" />
  <references type="phantom" candidates="3" cleared="0" enqueued="0" />
</gc-op>
<gc-end id="2007" type="scavenge" contextid="2003" durationms="7.075" usertimems="22.420" systemtimems="0.000" timestamp="2019-08-08T09:55:33.365" activeThreads="16">
  <mem-info id="2008" free="23531256" total="34537472" percent="68">
    <mem type="nursery" free="21509384" total="25559040" percent="84">
      <mem type="allocate" free="21509384" total="23003136" percent="93" />
      <mem type="survivor" free="0" total="2555904" percent="0" />
    </mem>
    <mem type="tenure" free="2021872" total="8978432" percent="22" macro-fragmented="7583">
      <mem type="soa" free="1932784" total="8889344" percent="21" />
      <mem type="loa" free="89088" total="89088" percent="100" />
    </mem>
    <pending-finalizers system="0" default="1" reference="23" classloader="0" />
    <remembered-set count="915" />
  </mem-info>
</gc-end>
<cycle-end id="2009" type="scavenge" contextid="2003" timestamp="2019-08-08T09:55:33.365" />
  <attribute name="elasticGC enabled" value="1" />
  <attribute name= "numThreadsSpecified" value="16" />
  <attribute name="heapSize specified" value="17235968" />
  <attribute name="Current GC Util" value="20" />
  <attribute name= "Current Time Running" value="125210" />
  <attribute name ="GC Interval" value="2601" />
  <attribute name="Target GC Util Change" value ="80.000000" />
  <attribute name="Current GC Util Change" value="20.000000"/>
  <attribute name="Current Error" value="330.000000" />
  <attribute name="Output H" value="34613536"/>
  <attribute name="Output I" value="2600"/>
  <attribute name="Output T" value="16"/>
  <attribute name= "Current Time Running" value="125210" />
  <attribute name="GC Util currently" value="20" />
  <attribute name="CPU Util currently" value="7948439021" />
<allocation-satisfied id="2010" threadId="00000000021F7F00" bytesRequested="1932752" />
<af-end id="2011" timestamp="2019-08-08T09:55:33.366" threadId="00000000021F8888" success="true" from="nursery"/>
<exclusive-end id="2012" timestamp="2019-08-08T09:55:33.366" durationms="7.515" />

<exclusive-start id="2013" timestamp="2019-08-08T09:55:33.856" intervalms="497.600">
  <response-info timems="3.310" idlems="3.310" threads="0" lastid="00000000021F7F00" lastname="main" />
</exclusive-start>
<af-start id="2014" threadId="00000000021F8888" totalBytesRequested="704" timestamp="2019-08-08T09:55:33.856" intervalms="497.590" type="nursery" />
<cycle-start id="2015" type="scavenge" contextid="0" timestamp="2019-08-08T09:55:33.856" intervalms="497.588" />
<gc-start id="2016" type="scavenge" contextid="2015" timestamp="2019-08-08T09:55:33.856">
  <mem-info id="2017" free="2021104" total="34537472" percent="5">
    <mem type="nursery" free="0" total="25559040" percent="0">
      <mem type="allocate" free="0" total="23003136" percent="0" />
      <mem type="survivor" free="0" total="2555904" percent="0" />
    </mem>
    <mem type="tenure" free="2021104" total="8978432" percent="22">
      <mem type="soa" free="1932016" total="8889344" percent="21" />
      <mem type="loa" free="89088" total="89088" percent="100" />
    </mem>
    <remembered-set count="928" />
  </mem-info>
</gc-start>
<allocation-stats totalBytes="21490368" >
  <allocated-bytes non-tlh="1933520" tlh="19556848" />
  <largest-consumer threadName="main" threadId="00000000021F7F00" bytes="21486272" />
</allocation-stats>
<gc-op id="2018" type="scavenge" timems="9.499" contextid="2015" timestamp="2019-08-08T09:55:33.865">
  <scavenger-info tenureage="9" tenuremask="4200" tiltratio="90" />
  <memory-copied type="nursery" objects="19809" bytes="2539520" bytesdiscarded="15904" />
  <memory-copied type="tenure" objects="27764" bytes="750200" bytesdiscarded="240" />
  <copy-failed type="nursery" objects="27474" bytes="739712" />
  <finalization candidates="2" enqueued="1" />
  <references type="soft" candidates="131" cleared="0" enqueued="0" dynamicThreshold="17" maxThreshold="32" />
  <references type="weak" candidates="183" cleared="0" enqueued="0" />
  <references type="phantom" candidates="2" cleared="0" enqueued="0" />
</gc-op>
<gc-end id="2019" type="scavenge" contextid="2015" durationms="10.254" usertimems="23.172" systemtimems="0.000" timestamp="2019-08-08T09:55:33.866" activeThreads="16">
  <mem-info id="2020" free="18119656" total="34537472" percent="52">
    <mem type="nursery" free="16777216" total="25559040" percent="65">
      <mem type="allocate" free="16777216" total="19333120" percent="86" />
      <mem type="survivor" free="0" total="6225920" percent="0" />
    </mem>
    <mem type="tenure" free="1342440" total="8978432" percent="14" macro-fragmented="0">
      <mem type="soa" free="1253352" total="8889344" percent="14" />
      <mem type="loa" free="89088" total="89088" percent="100" />
    </mem>
    <pending-finalizers system="0" default="1" reference="0" classloader="0" />
    <remembered-set count="3304" />
  </mem-info>
</gc-end>
<cycle-end id="2021" type="scavenge" contextid="2015" timestamp="2019-08-08T09:55:33.866" />
  <attribute name="elasticGC enabled" value="1" />
  <attribute name= "numThreadsSpecified" value="16" />
  <attribute name="heapSize specified" value="17235968" />
  <attribute name="Current GC Util" value="2" />
  <attribute name= "Current Time Running" value="125708" />
  <attribute name ="GC Interval" value="2737" />
  <attribute name="Target GC Util Change" value ="80.000000" />
  <attribute name="Current GC Util Change" value="2.000000"/>
  <attribute name="Current Error" value="408.000000" />
  <attribute name="Output H" value="34613624"/>
  <attribute name="Output I" value="2736"/>
  <attribute name="Output T" value="16"/>
  <attribute name= "Current Time Running" value="125708" />
  <attribute name="GC Util currently" value="2" />
  <attribute name="CPU Util currently" value="2316791782" />
<allocation-satisfied id="2022" threadId="00000000021F7F00" bytesRequested="704" />
<af-end id="2023" timestamp="2019-08-08T09:55:33.866" threadId="00000000021F8888" success="true" from="nursery"/>
<exclusive-end id="2024" timestamp="2019-08-08T09:55:33.866" durationms="10.585" />

<exclusive-start id="2025" timestamp="2019-08-08T09:55:34.020" intervalms="164.336">
  <response-info timems="0.068" idlems="0.068" threads="0" lastid="00000000021F7F00" lastname="main" />
</exclusive-start>
<af-start id="2026" threadId="00000000021F8888" totalBytesRequested="664" timestamp="2019-08-08T09:55:34.020" intervalms="164.326" type="nursery" />
<cycle-start id="2027" type="scavenge" contextid="0" timestamp="2019-08-08T09:55:34.020" intervalms="164.325" />
<gc-start id="2028" type="scavenge" contextid="2027" timestamp="2019-08-08T09:55:34.020">
  <mem-info id="2029" free="1342440" total="34537472" percent="3">
    <mem type="nursery" free="0" total="25559040" percent="0">
      <mem type="allocate" free="0" total="19333120" percent="0" />
      <mem type="survivor" free="0" total="6225920" percent="0" />
    </mem>
    <mem type="tenure" free="1342440" total="8978432" percent="14">
      <mem type="soa" free="1253352" total="8889344" percent="14" />
      <mem type="loa" free="89088" total="89088" percent="100" />
    </mem>
    <remembered-set count="3379" />
  </mem-info>
</gc-start>
<allocation-stats totalBytes="16759336" >
  <allocated-bytes non-tlh="704" tlh="16758632" />
  <largest-consumer threadName="main" threadId="00000000021F7F00" bytes="16759336" />
</allocation-stats>
<gc-op id="2030" type="scavenge" timems="8.541" contextid="2027" timestamp="2019-08-08T09:55:34.029">
  <scavenger-info tenureage="7" tenuremask="4380" tiltratio="75" />
  <memory-copied type="nursery" objects="54555" bytes="3377888" bytesdiscarded="84656" />
  <memory-copied type="tenure" objects="1003" bytes="35624" bytesdiscarded="0" />
  <references type="soft" candidates="125" cleared="0" enqueued="0" dynamicThreshold="17" maxThreshold="32" />
  <references type="weak" candidates="150" cleared="0" enqueued="0" />
  <references type="phantom" candidates="2" cleared="0" enqueued="0" />
</gc-op>
<gc-end id="2031" type="scavenge" contextid="2027" durationms="8.980" usertimems="21.425" systemtimems="0.000" timestamp="2019-08-08T09:55:34.029" activeThreads="16">
  <mem-info id="2032" free="18757392" total="34537472" percent="54">
    <mem type="nursery" free="17508648" total="25559040" percent="68">
      <mem type="allocate" free="17508648" total="20971520" percent="83" />
      <mem type="survivor" free="0" total="4587520" percent="0" />
    </mem>
    <mem type="tenure" free="1248744" total="8978432" percent="13" macro-fragmented="0">
      <mem type="soa" free="1159656" total="8889344" percent="13" />
      <mem type="loa" free="89088" total="89088" percent="100" />
    </mem>
    <remembered-set count="2679" />
  </mem-info>
</gc-end>
<cycle-end id="2033" type="scavenge" contextid="2027" timestamp="2019-08-08T09:55:34.029" />
  <attribute name="elasticGC enabled" value="1" />
  <attribute name= "numThreadsSpecified" value="16" />
  <attribute name="heapSize specified" value="17235968" />
  <attribute name="Current GC Util" value="13" />
  <attribute name= "Current Time Running" value="125872" />
  <attribute name ="GC Interval" value="2129" />
  <attribute name="Target GC Util Change" value ="80.000000" />
  <attribute name="Current GC Util Change" value="13.000000"/>
  <attribute name="Current Error" value="67.000000" />
  <attribute name="Output H" value="34613232"/>
  <attribute name="Output I" value="2128"/>
  <attribute name="Output T" value="16"/>
  <attribute name= "Current Time Running" value="125872" />
  <attribute name="GC Util currently" value="13" />
  <attribute name="CPU Util currently" value="7018844648" />
<allocation-satisfied id="2034" threadId="00000000021F7F00" bytesRequested="664" />
<af-end id="2035" timestamp="2019-08-08T09:55:34.029" threadId="00000000021F8888" success="true" from="nursery"/>
<exclusive-end id="2036" timestamp="2019-08-08T09:55:34.029" durationms="9.233" />

<exclusive-start id="2037" timestamp="2019-08-08T09:55:34.135" intervalms="115.319">
  <response-info timems="1.055" idlems="1.055" threads="0" lastid="00000000021F7F00" lastname="main" />
</exclusive-start>
<af-start id="2038" threadId="00000000021F8888" totalBytesRequested="648" timestamp="2019-08-08T09:55:34.135" intervalms="115.316" type="nursery" />
<cycle-start id="2039" type="scavenge" contextid="0" timestamp="2019-08-08T09:55:34.135" intervalms="115.322" />
<gc-start id="2040" type="scavenge" contextid="2039" timestamp="2019-08-08T09:55:34.135">
  <mem-info id="2041" free="1248744" total="34537472" percent="3">
    <mem type="nursery" free="0" total="25559040" percent="0">
      <mem type="allocate" free="0" total="20971520" percent="0" />
      <mem type="survivor" free="0" total="4587520" percent="0" />
    </mem>
    <mem type="tenure" free="1248744" total="8978432" percent="13">
      <mem type="soa" free="1159656" total="8889344" percent="13" />
      <mem type="loa" free="89088" total="89088" percent="100" />
    </mem>
    <remembered-set count="2709" />
  </mem-info>
</gc-start>
<allocation-stats totalBytes="17491576" >
  <allocated-bytes non-tlh="664" tlh="17490912" />
  <largest-consumer threadName="main" threadId="00000000021F7F00" bytes="17491576" />
</allocation-stats>
<gc-op id="2042" type="scavenge" timems="8.915" contextid="2039" timestamp="2019-08-08T09:55:34.144">
  <scavenger-info tenureage="2" tenuremask="4044" tiltratio="82" />
  <memory-copied type="nursery" objects="74636" bytes="1936928" bytesdiscarded="161312" />
  <memory-copied type="tenure" objects="14713" bytes="2325192" bytesdiscarded="168" />
  <references type="soft" candidates="124" cleared="0" enqueued="0" dynamicThreshold="17" maxThreshold="32" />
  <references type="weak" candidates="108" cleared="0" enqueued="0" />
  <references type="phantom" candidates="2" cleared="0" enqueued="0" />
  <heap-resize type="expand" space="tenure" amount="1966080" count="1" timems="0.027" reason="continue current collection" />
</gc-op>
<heap-resize id="2043" type="expand" space="nursery" amount="1048576" count="1" timems="0.023" reason="excessive time being spent scavenging" timestamp="2019-08-08T09:55:34.145" />
<gc-end id="2044" type="scavenge" contextid="2039" durationms="9.489" usertimems="48.910" systemtimems="0.000" timestamp="2019-08-08T09:55:34.145" activeThreads="16">
  <mem-info id="2045" free="20723208" total="37552128" percent="55">
    <mem type="nursery" free="19790576" total="26607616" percent="74">
      <mem type="allocate" free="19790576" total="21889024" percent="90" />
      <mem type="survivor" free="0" total="4718592" percent="0" />
    </mem>
    <mem type="tenure" free="932632" total="10944512" percent="8" macro-fragmented="723458">
      <mem type="soa" free="824088" total="10835968" percent="7" />
      <mem type="loa" free="108544" total="108544" percent="100" />
    </mem>
    <remembered-set count="1463" />
  </mem-info>
</gc-end>
<cycle-end id="2046" type="scavenge" contextid="2039" timestamp="2019-08-08T09:55:34.145" />
  <attribute name="elasticGC enabled" value="1" />
  <attribute name= "numThreadsSpecified" value="16" />
  <attribute name="heapSize specified" value="17235968" />
  <attribute name="Current GC Util" value="16" />
  <attribute name= "Current Time Running" value="125988" />
  <attribute name ="GC Interval" value="2249" />
  <attribute name="Target GC Util Change" value ="80.000000" />
  <attribute name="Current GC Util Change" value="16.000000"/>
  <attribute name="Current Error" value="131.000000" />
  <attribute name="Output H" value="34613304"/>
  <attribute name="Output I" value="2248"/>
  <attribute name="Output T" value="16"/>
  <attribute name= "Current Time Running" value="125988" />
  <attribute name="GC Util currently" value="16" />
  <attribute name="CPU Util currently" value="9996933795" />
<allocation-satisfied id="2047" threadId="00000000021F7F00" bytesRequested="648" />
<af-end id="2048" timestamp="2019-08-08T09:55:34.145" threadId="00000000021F8888" success="true" from="nursery"/>
<exclusive-end id="2049" timestamp="2019-08-08T09:55:34.145" durationms="9.773" />

<concurrent-kickoff id="2050" timestamp="2019-08-08T09:55:34.226">
  <kickoff reason="threshold reached" targetBytes="7036707" thresholdFreeBytes="972407"  remainingFree="957168" tenureFreeBytes="932632" nurseryFreeBytes="957168" />
</concurrent-kickoff>
<exclusive-start id="2051" timestamp="2019-08-08T09:55:34.226" intervalms="90.649">
  <response-info timems="0.135" idlems="0.135" threads="0" lastid="00000000021F7F00" lastname="main" />
</exclusive-start>
<cycle-start id="2052" type="global" contextid="0" timestamp="2019-08-08T09:55:34.226" intervalms="3085.849" />
<exclusive-end id="2053" timestamp="2019-08-08T09:55:34.226" durationms="0.016" />

<exclusive-start id="2054" timestamp="2019-08-08T09:55:34.232" intervalms="6.374">
  <response-info timems="0.016" idlems="0.016" threads="0" lastid="00000000021F7F00" lastname="main" />
</exclusive-start>
<concurrent-collection-start id="2055" timestamp="2019-08-08T09:55:34.232" intervalms="28227.912" >
  <concurrent-trace-info reason="card cleaning threshold reached" tracedByMutators="865112" tracedByHelpers="1976080" cardsCleaned="10" workStackOverflowCount="0" />
</concurrent-collection-start>
<gc-start id="2056" type="global" contextid="2052" timestamp="2019-08-08T09:55:34.233">
  <mem-info id="2057" free="1103368" total="37552128" percent="2">
    <mem type="nursery" free="170736" total="26607616" percent="0">
      <mem type="allocate" free="170736" total="21889024" percent="0" />
      <mem type="survivor" free="0" total="4718592" percent="0" />
    </mem>
    <mem type="tenure" free="932632" total="10944512" percent="8">
      <mem type="soa" free="824088" total="10835968" percent="7" />
      <mem type="loa" free="108544" total="108544" percent="100" />
    </mem>
    <remembered-set count="1721" />
  </mem-info>
</gc-start>
<allocation-stats totalBytes="19604392" >
  <allocated-bytes non-tlh="648" tlh="19603744" />
  <largest-consumer threadName="main" threadId="00000000021F7F00" bytes="19604392" />
</allocation-stats>
<gc-op id="2058" type="rs-scan" timems="4.784" contextid="2052" timestamp="2019-08-08T09:55:34.237">
  <scan objectsFound="158" bytesTraced="21572" workStackOverflowCount="0" />
</gc-op>
<gc-op id="2059" type="card-cleaning" timems="3.505" contextid="2052" timestamp="2019-08-08T09:55:34.241">
  <card-cleaning cardsCleaned="5" bytesTraced="3366928" workStackOverflowCount="0" />
</gc-op>
<gc-op id="2060" type="mark" timems="20.358" contextid="2052" timestamp="2019-08-08T09:55:34.261">
  <trace-info objectcount="445" scancount="437" scanbytes="11736" />
  <finalization candidates="81" enqueued="0" />
  <ownableSynchronizers candidates="21" cleared="0" />
  <references type="soft" candidates="2706" cleared="0" enqueued="0" dynamicThreshold="17" maxThreshold="32" />
  <references type="weak" candidates="5384" cleared="7" enqueued="4" />
  <references type="phantom" candidates="78" cleared="1" enqueued="1" />
  <stringconstants candidates="13341" cleared="25"  />
</gc-op>
<gc-op id="2061" type="classunload" timems="0.540" contextid="2052" timestamp="2019-08-08T09:55:34.262">
  <classunload-info classloadercandidates="59" classloadersunloaded="4" classesunloaded="4" anonymousclassesunloaded="0" quiescems="0.000" setupms="0.509" scanms="0.025" postms="0.006" />
</gc-op>
<gc-op id="2062" type="sweep" timems="4.920" contextid="2052" timestamp="2019-08-08T09:55:34.267" />
<mem-info id="2063" free="20480536" total="37552128" percent="54">
  <mem type="nursery" free="18123312" total="26607616" percent="68">
    <mem type="allocate" free="18123312" total="21889024" percent="82" />
    <mem type="survivor" free="0" total="4718592" percent="0" />
  </mem>
  <mem type="tenure" free="2357224" total="10944512" percent="21" micro-fragmented="34396" macro-fragmented="777122">
    <mem type="soa" free="2248680" total="10835968" percent="20" />
    <mem type="loa" free="108544" total="108544" percent="100" />
  </mem>
  <pending-finalizers system="0" default="0" reference="5" classloader="0" />
  <remembered-set count="1664" />
</mem-info>
<gc-op id="2064" type="compact" timems="50.568" contextid="2052" timestamp="2019-08-08T09:55:34.318">
  <compact-info movecount="249630" movebytes="10967440" reason="compact to aid heap contraction" />
</gc-op>
<heap-resize id="2065" type="expand" space="tenure" amount="131072" count="1" timems="0.020" reason="satisfy allocation request" timestamp="2019-08-08T09:55:34.320" />
<gc-end id="2066" type="global" contextid="2052" durationms="87.852" usertimems="161.788" systemtimems="0.000" timestamp="2019-08-08T09:55:34.320" activeThreads="16">
  <mem-info id="2067" free="21469800" total="37683200" percent="56">
    <mem type="nursery" free="18946264" total="26607616" percent="71">
      <mem type="allocate" free="18946264" total="21889024" percent="86" />
      <mem type="survivor" free="0" total="4718592" percent="0" />
    </mem>
    <mem type="tenure" free="2523536" total="11075584" percent="22">
      <mem type="soa" free="2412944" total="10964992" percent="22" />
      <mem type="loa" free="110592" total="110592" percent="100" />
    </mem>
    <pending-finalizers system="0" default="0" reference="5" classloader="0" />
    <remembered-set count="1664" />
  </mem-info>
</gc-end>
<cycle-end id="2068" type="global" contextid="2052" timestamp="2019-08-08T09:55:34.320" />
  <attribute name="elasticGC enabled" value="1" />
  <attribute name= "numThreadsSpecified" value="16" />
  <attribute name="heapSize specified" value="37552128" />
  <attribute name="Current GC Util" value="92" />
  <attribute name= "Current Time Running" value="126170" />
  <attribute name ="GC Interval" value="2249" />
  <attribute name="Target GC Util Change" value ="80.000000" />
  <attribute name="Current GC Util Change" value="92.000000"/>
  <attribute name="Current Error" value="-95.000000" />
  <attribute name="Output H" value="37627704"/>
  <attribute name="Output I" value="1840"/>
  <attribute name="Output T" value="16"/>
  <attribute name= "Current Time Running" value="126170" />
  <attribute name="GC Util currently" value="92" />
  <attribute name="CPU Util currently" value="22766618631" />
<concurrent-collection-end id="2069" timestamp="2019-08-08T09:55:34.320" />
<exclusive-end id="2070" timestamp="2019-08-08T09:55:34.320" durationms="88.116" />

<exclusive-start id="2071" timestamp="2019-08-08T09:55:34.372" intervalms="139.482">
  <response-info timems="0.064" idlems="0.064" threads="0" lastid="00000000021F7F00" lastname="main" />
</exclusive-start>
<af-start id="2072" threadId="00000000021F8888" totalBytesRequested="48" timestamp="2019-08-08T09:55:34.372" intervalms="236.518" type="nursery" />
<cycle-start id="2073" type="scavenge" contextid="0" timestamp="2019-08-08T09:55:34.372" intervalms="236.507" />
<gc-start id="2074" type="scavenge" contextid="2073" timestamp="2019-08-08T09:55:34.372">
  <mem-info id="2075" free="2523536" total="37683200" percent="6">
    <mem type="nursery" free="0" total="26607616" percent="0">
      <mem type="allocate" free="0" total="21889024" percent="0" />
      <mem type="survivor" free="0" total="4718592" percent="0" />
    </mem>
    <mem type="tenure" free="2523536" total="11075584" percent="22">
      <mem type="soa" free="2412944" total="10964992" percent="22" />
      <mem type="loa" free="110592" total="110592" percent="100" />
    </mem>
    <remembered-set count="1773" />
  </mem-info>
</gc-start>
<allocation-stats totalBytes="18928896" >
  <allocated-bytes non-tlh="65544" tlh="18863352" />
  <largest-consumer threadName="main" threadId="00000000021F7F00" bytes="18924800" />
</allocation-stats>
<gc-op id="2076" type="scavenge" timems="26.645" contextid="2073" timestamp="2019-08-08T09:55:34.399">
  <scavenger-info tenureage="4" tenuremask="4110" tiltratio="82" />
  <memory-copied type="nursery" objects="152505" bytes="3873376" bytesdiscarded="288896" />
  <memory-copied type="tenure" objects="3156" bytes="126984" bytesdiscarded="56" />
  <ownableSynchronizers candidates="42" cleared="42" />
  <references type="soft" candidates="2" cleared="0" enqueued="0" dynamicThreshold="7" maxThreshold="32" />
  <references type="weak" candidates="8" cleared="0" enqueued="0" />
</gc-op>
<heap-resize id="2077" type="expand" space="nursery" amount="1179648" count="1" timems="0.018" reason="excessive time being spent scavenging" timestamp="2019-08-08T09:55:34.399" />
<gc-end id="2078" type="scavenge" contextid="2073" durationms="27.045" usertimems="124.363" systemtimems="0.000" timestamp="2019-08-08T09:55:34.399" activeThreads="16">
  <mem-info id="2079" free="19165312" total="38862848" percent="49">
    <mem type="nursery" free="16809200" total="27787264" percent="60">
      <mem type="allocate" free="16809200" total="20971520" percent="80" />
      <mem type="survivor" free="0" total="6815744" percent="0" />
    </mem>
    <mem type="tenure" free="2356112" total="11075584" percent="21" macro-fragmented="2160235">
      <mem type="soa" free="2245520" total="10964992" percent="20" />
      <mem type="loa" free="110592" total="110592" percent="100" />
    </mem>
    <remembered-set count="776" />
  </mem-info>
</gc-end>
<cycle-end id="2080" type="scavenge" contextid="2073" timestamp="2019-08-08T09:55:34.399" />
  <attribute name="elasticGC enabled" value="1" />
  <attribute name= "numThreadsSpecified" value="16" />
  <attribute name="heapSize specified" value="37552128" />
  <attribute name="Current GC Util" value="111" />
  <attribute name= "Current Time Running" value="126224" />
  <attribute name ="GC Interval" value="1785" />
  <attribute name="Target GC Util Change" value ="80.000000" />
  <attribute name="Current GC Util Change" value="111.000000"/>
  <attribute name="Current Error" value="-126.000000" />
  <attribute name="Output H" value="37758736"/>
  <attribute name="Output I" value="1784"/>
  <attribute name="Output T" value="16"/>
  <attribute name= "Current Time Running" value="126224" />
  <attribute name="GC Util currently" value="111" />
  <attribute name="CPU Util currently" value="21308639697" />
<allocation-satisfied id="2081" threadId="00000000021F7F00" bytesRequested="48" />
<af-end id="2082" timestamp="2019-08-08T09:55:34.399" threadId="00000000021F8888" success="true" from="nursery"/>
<exclusive-end id="2083" timestamp="2019-08-08T09:55:34.399" durationms="27.280" />

<exclusive-start id="2084" timestamp="2019-08-08T09:55:34.446" intervalms="74.012">
  <response-info timems="0.014" idlems="0.014" threads="0" lastid="00000000021F7F00" lastname="main" />
</exclusive-start>
<af-start id="2085" threadId="00000000021F8888" totalBytesRequested="16" timestamp="2019-08-08T09:55:34.446" intervalms="73.994" type="nursery" />
<cycle-start id="2086" type="scavenge" contextid="0" timestamp="2019-08-08T09:55:34.446" intervalms="73.993" />
<gc-start id="2087" type="scavenge" contextid="2086" timestamp="2019-08-08T09:55:34.446">
  <mem-info id="2088" free="2356112" total="38862848" percent="6">
    <mem type="nursery" free="0" total="27787264" percent="0">
      <mem type="allocate" free="0" total="20971520" percent="0" />
      <mem type="survivor" free="0" total="6815744" percent="0" />
    </mem>
    <mem type="tenure" free="2356112" total="11075584" percent="21">
      <mem type="soa" free="2245520" total="10964992" percent="20" />
      <mem type="loa" free="110592" total="110592" percent="100" />
    </mem>
    <remembered-set count="814" />
  </mem-info>
</gc-start>
<allocation-stats totalBytes="16790376" >
  <allocated-bytes non-tlh="48" tlh="16790328" />
  <largest-consumer threadName="main" threadId="00000000021F7F00" bytes="16790376" />
</allocation-stats>
<gc-op id="2089" type="scavenge" timems="10.312" contextid="2086" timestamp="2019-08-08T09:55:34.456">
  <scavenger-info tenureage="3" tenuremask="4008" tiltratio="75" />
  <memory-copied type="nursery" objects="151154" bytes="3852848" bytesdiscarded="283312" />
  <memory-copied type="tenure" objects="35431" bytes="857568" bytesdiscarded="280" />
  <references type="soft" candidates="2" cleared="0" enqueued="0" dynamicThreshold="7" maxThreshold="32" />
  <references type="weak" candidates="8" cleared="0" enqueued="0" />
</gc-op>
<heap-resize id="2090" type="expand" space="nursery" amount="2359296" count="1" timems="0.024" reason="excessive time being spent scavenging" timestamp="2019-08-08T09:55:34.457" />
<gc-end id="2091" type="scavenge" contextid="2086" durationms="11.387" usertimems="41.362" systemtimems="0.000" timestamp="2019-08-08T09:55:34.457" activeThreads="16">
  <mem-info id="2092" free="21714048" total="41222144" percent="52">
    <mem type="nursery" free="20505328" total="30146560" percent="68">
      <mem type="allocate" free="20505328" total="24641536" percent="83" />
      <mem type="survivor" free="0" total="5505024" percent="0" />
    </mem>
    <mem type="tenure" free="1208720" total="11075584" percent="10" macro-fragmented="0">
      <mem type="soa" free="1098128" total="10964992" percent="10" />
      <mem type="loa" free="110592" total="110592" percent="100" />
    </mem>
    <remembered-set count="1032" />
  </mem-info>
</gc-end>
<cycle-end id="2093" type="scavenge" contextid="2086" timestamp="2019-08-08T09:55:34.457" />
  <attribute name="elasticGC enabled" value="1" />
  <attribute name= "numThreadsSpecified" value="16" />
  <attribute name="heapSize specified" value="37552128" />
  <attribute name="Current GC Util" value="167" />
  <attribute name= "Current Time Running" value="126298" />
  <attribute name ="GC Interval" value="1633" />
  <attribute name="Target GC Util Change" value ="80.000000" />
  <attribute name="Current GC Util Change" value="167.000000"/>
  <attribute name="Current Error" value="-213.000000" />
  <attribute name="Output H" value="38938288"/>
  <attribute name="Output I" value="1632"/>
  <attribute name="Output T" value="16"/>
  <attribute name= "Current Time Running" value="126298" />
  <attribute name="GC Util currently" value="167" />
  <attribute name="CPU Util currently" value="15580665437" />
<allocation-satisfied id="2094" threadId="00000000021F7F00" bytesRequested="16" />
<af-end id="2095" timestamp="2019-08-08T09:55:34.458" threadId="00000000021F8888" success="true" from="nursery"/>
<exclusive-end id="2096" timestamp="2019-08-08T09:55:34.458" durationms="11.715" />

<concurrent-kickoff id="2097" timestamp="2019-08-08T09:55:34.499">
  <kickoff reason="threshold reached" targetBytes="6222442" thresholdFreeBytes="863089"  remainingFree="844528" tenureFreeBytes="1208720" nurseryFreeBytes="844528" />
</concurrent-kickoff>
<exclusive-start id="2098" timestamp="2019-08-08T09:55:34.499" intervalms="53.337">
  <response-info timems="0.014" idlems="0.014" threads="0" lastid="00000000021F7F00" lastname="main" />
</exclusive-start>
<cycle-start id="2099" type="global" contextid="0" timestamp="2019-08-08T09:55:34.499" intervalms="273.204" />
<exclusive-end id="2100" timestamp="2019-08-08T09:55:34.499" durationms="0.013" />

<exclusive-start id="2101" timestamp="2019-08-08T09:55:34.506" intervalms="7.023">
  <response-info timems="0.023" idlems="0.023" threads="0" lastid="00000000021F7F00" lastname="main" />
</exclusive-start>
<af-start id="2102" threadId="00000000021F8888" totalBytesRequested="88" timestamp="2019-08-08T09:55:34.506" intervalms="60.387" type="nursery" />
<percolate-collect id="2103" from="nursery" to="global" reason="concurrent mark exhausted" timestamp="2019-08-08T09:55:34.506"/>
<gc-start id="2104" type="global" contextid="2099" timestamp="2019-08-08T09:55:34.506">
  <mem-info id="2105" free="1208720" total="41222144" percent="2">
    <mem type="nursery" free="0" total="30146560" percent="0">
      <mem type="allocate" free="0" total="24641536" percent="0" />
      <mem type="survivor" free="0" total="5505024" percent="0" />
    </mem>
    <mem type="tenure" free="1208720" total="11075584" percent="10">
      <mem type="soa" free="1098128" total="10964992" percent="10" />
      <mem type="loa" free="110592" total="110592" percent="100" />
    </mem>
    <remembered-set count="1203" />
  </mem-info>
</gc-start>
<allocation-stats totalBytes="20485696" >
  <allocated-bytes non-tlh="16" tlh="20485680" />
  <largest-consumer threadName="main" threadId="00000000021F7F00" bytes="20485696" />
</allocation-stats>
<concurrent-halted id="2106" timestamp="2019-08-08T09:55:34.506">
  <halted state="Complete" status="exhausted" />
  <traced bytesTarget="6222442" bytesTotal="3150684" bytesByMutator="869224" bytesByHelper="2281460" percent="50" />
  <cards cleaned="8" thresholdBytes="340004" />
</concurrent-halted>
<gc-op id="2107" type="rs-scan" timems="2.544" contextid="2099" timestamp="2019-08-08T09:55:34.509">
  <scan objectsFound="113" bytesTraced="11620" workStackOverflowCount="0" />
</gc-op>
<gc-op id="2108" type="card-cleaning" timems="4.870" contextid="2099" timestamp="2019-08-08T09:55:34.514">
  <card-cleaning cardsCleaned="5" bytesTraced="5439372" workStackOverflowCount="0" />
</gc-op>
<gc-op id="2109" type="mark" timems="7.135" contextid="2099" timestamp="2019-08-08T09:55:34.521">
  <trace-info objectcount="184" scancount="179" scanbytes="4820" />
  <finalization candidates="81" enqueued="0" />
  <ownableSynchronizers candidates="21" cleared="0" />
  <references type="soft" candidates="2706" cleared="0" enqueued="0" dynamicThreshold="7" maxThreshold="32" />
  <references type="weak" candidates="5376" cleared="0" enqueued="0" />
  <references type="phantom" candidates="77" cleared="0" enqueued="0" />
  <stringconstants candidates="13316" cleared="0"  />
</gc-op>
<gc-op id="2110" type="sweep" timems="3.200" contextid="2099" timestamp="2019-08-08T09:55:34.524" />
<mem-info id="2111" free="20505656" total="41222144" percent="49">
  <mem type="nursery" free="18965320" total="30146560" percent="62">
    <mem type="allocate" free="18965320" total="24641536" percent="76" />
    <mem type="survivor" free="0" total="5505024" percent="0" />
  </mem>
  <mem type="tenure" free="1540336" total="11075584" percent="13" micro-fragmented="2311" macro-fragmented="0">
    <mem type="soa" free="1429744" total="10964992" percent="13" />
    <mem type="loa" free="110592" total="110592" percent="100" />
  </mem>
  <remembered-set count="868" />
</mem-info>
<gc-op id="2112" type="compact" timems="51.085" contextid="2099" timestamp="2019-08-08T09:55:34.576">
  <compact-info movecount="328956" movebytes="11640824" reason="compact to aid heap contraction" />
</gc-op>
<heap-resize id="2113" type="expand" space="tenure" amount="131072" count="1" timems="0.049" reason="satisfy allocation request" timestamp="2019-08-08T09:55:34.577" />
<gc-end id="2114" type="global" contextid="2099" durationms="70.499" usertimems="140.517" systemtimems="0.000" timestamp="2019-08-08T09:55:34.577" activeThreads="16">
  <mem-info id="2115" free="21442464" total="41353216" percent="51">
    <mem type="nursery" free="19761288" total="30146560" percent="65">
      <mem type="allocate" free="19761288" total="24641536" percent="80" />
      <mem type="survivor" free="0" total="5505024" percent="0" />
    </mem>
    <mem type="tenure" free="1681176" total="11206656" percent="15">
      <mem type="soa" free="1569560" total="11095040" percent="14" />
      <mem type="loa" free="111616" total="111616" percent="100" />
    </mem>
    <remembered-set count="868" />
  </mem-info>
</gc-end>
<cycle-end id="2116" type="global" contextid="2099" timestamp="2019-08-08T09:55:34.577" />
  <attribute name="elasticGC enabled" value="1" />
  <attribute name= "numThreadsSpecified" value="16" />
  <attribute name="heapSize specified" value="41222144" />
  <attribute name="Current GC Util" value="104" />
  <attribute name= "Current Time Running" value="126428" />
  <attribute name ="GC Interval" value="1633" />
  <attribute name="Target GC Util Change" value ="80.000000" />
  <attribute name="Current GC Util Change" value="104.000000"/>
  <attribute name="Current Error" value="-258.000000" />
  <attribute name="Output H" value="41297528"/>
  <attribute name="Output I" value="1552"/>
  <attribute name="Output T" value="16"/>
  <attribute name= "Current Time Running" value="126428" />
  <attribute name="GC Util currently" value="104" />
  <attribute name="CPU Util currently" value="22548502559" />
<allocation-satisfied id="2117" threadId="00000000021F7F00" bytesRequested="88" />
<af-end id="2118" timestamp="2019-08-08T09:55:34.577" threadId="00000000021F8888" success="true" from="nursery"/>
<exclusive-end id="2119" timestamp="2019-08-08T09:55:34.577" durationms="70.741" />

<exclusive-start id="2120" timestamp="2019-08-08T09:55:34.619" intervalms="113.257">
  <response-info timems="0.018" idlems="0.018" threads="0" lastid="00000000021F7F00" lastname="main" />
</exclusive-start>
<af-start id="2121" threadId="00000000021F8888" totalBytesRequested="48" timestamp="2019-08-08T09:55:34.620" intervalms="113.227" type="nursery" />
<cycle-start id="2122" type="scavenge" contextid="0" timestamp="2019-08-08T09:55:34.620" intervalms="173.615" />
<gc-start id="2123" type="scavenge" contextid="2122" timestamp="2019-08-08T09:55:34.620">
  <mem-info id="2124" free="1681176" total="41353216" percent="4">
    <mem type="nursery" free="0" total="30146560" percent="0">
      <mem type="allocate" free="0" total="24641536" percent="0" />
      <mem type="survivor" free="0" total="5505024" percent="0" />
    </mem>
    <mem type="tenure" free="1681176" total="11206656" percent="15">
      <mem type="soa" free="1569560" total="11095040" percent="14" />
      <mem type="loa" free="111616" total="111616" percent="100" />
    </mem>
    <remembered-set count="976" />
  </mem-info>
</gc-start>
<allocation-stats totalBytes="19740832" >
  <allocated-bytes non-tlh="262248" tlh="19478584" />
  <largest-consumer threadName="main" threadId="00000000021F7F00" bytes="19740832" />
</allocation-stats>
<gc-op id="2125" type="scavenge" timems="6.029" contextid="2122" timestamp="2019-08-08T09:55:34.626">
  <scavenger-info tenureage="2" tenuremask="410c" tiltratio="81" />
  <memory-copied type="nursery" objects="117629" bytes="3153432" bytesdiscarded="205280" />
  <memory-copied type="tenure" objects="115697" bytes="2848392" bytesdiscarded="1328" />
  <ownableSynchronizers candidates="42" cleared="42" />
  <references type="soft" candidates="1" cleared="0" enqueued="0" dynamicThreshold="4" maxThreshold="32" />
  <heap-resize type="expand" space="tenure" amount="1441792" count="22" timems="0.341" reason="continue current collection" />
</gc-op>
<gc-end id="2126" type="scavenge" contextid="2122" durationms="6.452" usertimems="32.165" systemtimems="0.000" timestamp="2019-08-08T09:55:34.626" activeThreads="16">
  <mem-info id="2127" free="21973744" total="42795008" percent="51">
    <mem type="nursery" free="21807088" total="30146560" percent="72">
      <mem type="allocate" free="21807088" total="25165824" percent="86" />
      <mem type="survivor" free="0" total="4980736" percent="0" />
    </mem>
    <mem type="tenure" free="166656" total="12648448" percent="1" macro-fragmented="46956">
      <mem type="soa" free="40704" total="12522496" percent="0" />
      <mem type="loa" free="125952" total="125952" percent="100" />
    </mem>
    <remembered-set count="2279" />
  </mem-info>
</gc-end>
<cycle-end id="2128" type="scavenge" contextid="2122" timestamp="2019-08-08T09:55:34.626" />
  <attribute name="elasticGC enabled" value="1" />
  <attribute name= "numThreadsSpecified" value="16" />
  <attribute name="heapSize specified" value="41222144" />
  <attribute name="Current GC Util" value="266" />
  <attribute name= "Current Time Running" value="126472" />
  <attribute name ="GC Interval" value="1681" />
  <attribute name="Target GC Util Change" value ="80.000000" />
  <attribute name="Current GC Util Change" value="266.000000"/>
  <attribute name="Current Error" value="-186.000000" />
  <attribute name="Output H" value="41428688"/>
  <attribute name="Output I" value="1680"/>
  <attribute name="Output T" value="16"/>
  <attribute name= "Current Time Running" value="126472" />
  <attribute name="GC Util currently" value="266" />
  <attribute name="CPU Util currently" value="26304464854" />
<allocation-satisfied id="2129" threadId="00000000021F7F00" bytesRequested="48" />
<af-end id="2130" timestamp="2019-08-08T09:55:34.626" threadId="00000000021F8888" success="true" from="nursery"/>
<exclusive-end id="2131" timestamp="2019-08-08T09:55:34.626" durationms="6.695" />

<concurrent-kickoff id="2132" timestamp="2019-08-08T09:55:34.678">
  <kickoff reason="threshold reached" targetBytes="6425217" thresholdFreeBytes="890572"  remainingFree="835568" tenureFreeBytes="166656" nurseryFreeBytes="835568" />
</concurrent-kickoff>
<exclusive-start id="2133" timestamp="2019-08-08T09:55:34.679" intervalms="59.092">
  <response-info timems="0.024" idlems="0.024" threads="0" lastid="00000000021F7F00" lastname="main" />
</exclusive-start>
<cycle-start id="2134" type="global" contextid="0" timestamp="2019-08-08T09:55:34.679" intervalms="179.373" />
<exclusive-end id="2135" timestamp="2019-08-08T09:55:34.679" durationms="0.016" />

<exclusive-start id="2136" timestamp="2019-08-08T09:55:34.686" intervalms="7.908">
  <response-info timems="0.019" idlems="0.019" threads="0" lastid="00000000021F7F00" lastname="main" />
</exclusive-start>
<concurrent-collection-start id="2137" timestamp="2019-08-08T09:55:34.687" intervalms="454.157" >
  <concurrent-trace-info reason="card cleaning threshold reached" tracedByMutators="858080" tracedByHelpers="2298144" cardsCleaned="9" workStackOverflowCount="0" />
</concurrent-collection-start>
<gc-start id="2138" type="global" contextid="2134" timestamp="2019-08-08T09:55:34.687">
  <mem-info id="2139" free="166656" total="42795008" percent="0">
    <mem type="nursery" free="0" total="30146560" percent="0">
      <mem type="allocate" free="0" total="25165824" percent="0" />
      <mem type="survivor" free="0" total="4980736" percent="0" />
    </mem>
    <mem type="tenure" free="166656" total="12648448" percent="1">
      <mem type="soa" free="40704" total="12522496" percent="0" />
      <mem type="loa" free="125952" total="125952" percent="100" />
    </mem>
    <remembered-set count="3202" />
  </mem-info>
</gc-start>
<allocation-stats totalBytes="21784296" >
  <allocated-bytes non-tlh="48" tlh="21784248" />
  <largest-consumer threadName="main" threadId="00000000021F7F00" bytes="21784296" />
</allocation-stats>
<gc-op id="2140" type="rs-scan" timems="1.626" contextid="2134" timestamp="2019-08-08T09:55:34.688">
  <scan objectsFound="103" bytesTraced="8668" workStackOverflowCount="0" />
</gc-op>
<gc-op id="2141" type="card-cleaning" timems="4.307" contextid="2134" timestamp="2019-08-08T09:55:34.693">
  <card-cleaning cardsCleaned="5" bytesTraced="7247072" workStackOverflowCount="0" />
</gc-op>
<gc-op id="2142" type="mark" timems="9.291" contextid="2134" timestamp="2019-08-08T09:55:34.702">
  <trace-info objectcount="145" scancount="144" scanbytes="3640" />
  <finalization candidates="81" enqueued="0" />
  <ownableSynchronizers candidates="21" cleared="0" />
  <references type="soft" candidates="2706" cleared="9" enqueued="7" dynamicThreshold="4" maxThreshold="32" />
  <references type="weak" candidates="5376" cleared="0" enqueued="0" />
  <references type="phantom" candidates="77" cleared="0" enqueued="0" />
  <stringconstants candidates="13316" cleared="0"  />
</gc-op>
<gc-op id="2143" type="sweep" timems="5.501" contextid="2134" timestamp="2019-08-08T09:55:34.708" />
<mem-info id="2144" free="20198512" total="42795008" percent="47">
  <mem type="nursery" free="19925288" total="30146560" percent="66">
    <mem type="allocate" free="19925288" total="25165824" percent="79" />
    <mem type="survivor" free="0" total="4980736" percent="0" />
  </mem>
  <mem type="tenure" free="273224" total="12648448" percent="2" micro-fragmented="18471" macro-fragmented="0">
    <mem type="soa" free="147272" total="12522496" percent="1" />
    <mem type="loa" free="125952" total="125952" percent="100" />
  </mem>
  <pending-finalizers system="0" default="0" reference="7" classloader="0" />
  <remembered-set count="2939" />
</mem-info>
<gc-op id="2145" type="compact" timems="93.323" contextid="2134" timestamp="2019-08-08T09:55:34.801">
  <compact-info movecount="446149" movebytes="15807392" reason="compact to aid heap contraction" />
</gc-op>
<heap-resize id="2146" type="expand" space="tenure" amount="131072" count="1" timems="0.021" reason="satisfy allocation request" timestamp="2019-08-08T09:55:34.803" />
<gc-end id="2147" type="global" contextid="2134" durationms="115.967" usertimems="205.288" systemtimems="0.000" timestamp="2019-08-08T09:55:34.803" activeThreads="8">
  <mem-info id="2148" free="21292064" total="42926080" percent="49">
    <mem type="nursery" free="20869400" total="30146560" percent="69">
      <mem type="allocate" free="20869400" total="25165824" percent="82" />
      <mem type="survivor" free="0" total="4980736" percent="0" />
    </mem>
    <mem type="tenure" free="422664" total="12779520" percent="3">
      <mem type="soa" free="295688" total="12652544" percent="2" />
      <mem type="loa" free="126976" total="126976" percent="100" />
    </mem>
    <pending-finalizers system="0" default="0" reference="7" classloader="0" />
    <remembered-set count="2939" />
  </mem-info>
</gc-end>
<cycle-end id="2149" type="global" contextid="2134" timestamp="2019-08-08T09:55:34.803" />
  <attribute name="elasticGC enabled" value="1" />
  <attribute name= "numThreadsSpecified" value="8" />
  <attribute name="heapSize specified" value="42795008" />
  <attribute name="Current GC Util" value="70" />
  <attribute name= "Current Time Running" value="126654" />
  <attribute name ="GC Interval" value="1681" />
  <attribute name="Target GC Util Change" value ="80.000000" />
  <attribute name="Current GC Util Change" value="70.000000"/>
  <attribute name="Current Error" value="-18.000000" />
  <attribute name="Output H" value="42870672"/>
  <attribute name="Output I" value="1976"/>
  <attribute name="Output T" value="8"/>
  <attribute name= "Current Time Running" value="126654" />
  <attribute name="GC Util currently" value="70" />
  <attribute name="CPU Util currently" value="12349860492" />
<concurrent-collection-end id="2150" timestamp="2019-08-08T09:55:34.803" />
<exclusive-end id="2151" timestamp="2019-08-08T09:55:34.803" durationms="116.266" />

<concurrent-kickoff id="2152" timestamp="2019-08-08T09:55:34.845">
  <kickoff reason="threshold reached" targetBytes="5934803" thresholdFreeBytes="824445"  remainingFree="717080" tenureFreeBytes="422664" nurseryFreeBytes="717080" />
</concurrent-kickoff>
<exclusive-start id="2153" timestamp="2019-08-08T09:55:34.845" intervalms="158.910">
  <response-info timems="0.019" idlems="0.019" threads="0" lastid="00000000021F7F00" lastname="main" />
</exclusive-start>
<cycle-start id="2154" type="global" contextid="0" timestamp="2019-08-08T09:55:34.845" intervalms="166.816" />
<exclusive-end id="2155" timestamp="2019-08-08T09:55:34.845" durationms="0.012" />

<exclusive-start id="2156" timestamp="2019-08-08T09:55:34.853" intervalms="7.967">
  <response-info timems="0.572" idlems="0.572" threads="0" lastid="00000000021F7F00" lastname="main" />
</exclusive-start>
<af-start id="2157" threadId="00000000021F8888" totalBytesRequested="32" timestamp="2019-08-08T09:55:34.853" intervalms="233.971" type="nursery" />
<percolate-collect id="2158" from="nursery" to="global" reason="concurrent mark exhausted" timestamp="2019-08-08T09:55:34.853"/>
<gc-start id="2159" type="global" contextid="2154" timestamp="2019-08-08T09:55:34.854">
  <mem-info id="2160" free="422664" total="42926080" percent="0">
    <mem type="nursery" free="0" total="30146560" percent="0">
      <mem type="allocate" free="0" total="25165824" percent="0" />
      <mem type="survivor" free="0" total="4980736" percent="0" />
    </mem>
    <mem type="tenure" free="422664" total="12779520" percent="3">
      <mem type="soa" free="295688" total="12652544" percent="2" />
      <mem type="loa" free="126976" total="126976" percent="100" />
    </mem>
    <remembered-set count="3198" />
  </mem-info>
</gc-start>
<allocation-stats totalBytes="20846736" >
  <allocated-bytes non-tlh="0" tlh="20846736" />
  <largest-consumer threadName="main" threadId="00000000021F7F00" bytes="20846736" />
</allocation-stats>
<concurrent-halted id="2161" timestamp="2019-08-08T09:55:34.854">
  <halted state="Complete" status="exhausted" />
  <traced bytesTarget="5934803" bytesTotal="3000896" bytesByMutator="1191072" bytesByHelper="1809824" percent="50" />
  <cards cleaned="8" thresholdBytes="324781" />
</concurrent-halted>
<gc-op id="2162" type="rs-scan" timems="3.829" contextid="2154" timestamp="2019-08-08T09:55:34.857">
  <scan objectsFound="107" bytesTraced="9020" workStackOverflowCount="0" />
</gc-op>
<gc-op id="2163" type="card-cleaning" timems="6.203" contextid="2154" timestamp="2019-08-08T09:55:34.864">
  <card-cleaning cardsCleaned="7" bytesTraced="8104076" workStackOverflowCount="0" />
</gc-op>
<gc-op id="2164" type="mark" timems="6.625" contextid="2154" timestamp="2019-08-08T09:55:34.871">
  <trace-info objectcount="161" scancount="158" scanbytes="4128" />
  <finalization candidates="81" enqueued="0" />
  <ownableSynchronizers candidates="21" cleared="0" />
  <references type="soft" candidates="2697" cleared="868" enqueued="853" dynamicThreshold="1" maxThreshold="32" />
  <references type="weak" candidates="5376" cleared="0" enqueued="0" />
  <references type="phantom" candidates="77" cleared="0" enqueued="0" />
  <stringconstants candidates="13316" cleared="5"  />
</gc-op>
<gc-op id="2165" type="sweep" timems="4.883" contextid="2154" timestamp="2019-08-08T09:55:34.876" />
<mem-info id="2166" free="19380984" total="42926080" percent="45">
  <mem type="nursery" free="18844992" total="30146560" percent="62">
    <mem type="allocate" free="18844992" total="25165824" percent="74" />
    <mem type="survivor" free="0" total="4980736" percent="0" />
  </mem>
  <mem type="tenure" free="535992" total="12779520" percent="4" micro-fragmented="36210" macro-fragmented="0">
    <mem type="soa" free="409016" total="12652544" percent="3" />
    <mem type="loa" free="126976" total="126976" percent="100" />
  </mem>
  <pending-finalizers system="0" default="0" reference="853" classloader="0" />
  <remembered-set count="3186" />
</mem-info>
<gc-op id="2167" type="compact" timems="88.158" contextid="2154" timestamp="2019-08-08T09:55:34.964">
  <compact-info movecount="444430" movebytes="15692800" reason="compact to aid heap contraction" />
</gc-op>
<heap-resize id="2168" type="expand" space="tenure" amount="131072" count="1" timems="0.022" reason="satisfy allocation request" timestamp="2019-08-08T09:55:34.967" />
<gc-end id="2169" type="global" contextid="2154" durationms="113.192" usertimems="212.968" systemtimems="0.000" timestamp="2019-08-08T09:55:34.967" activeThreads="16">
  <mem-info id="2170" free="20499416" total="43057152" percent="47">
    <mem type="nursery" free="19769960" total="30146560" percent="65">
      <mem type="allocate" free="19769960" total="25165824" percent="78" />
      <mem type="survivor" free="0" total="4980736" percent="0" />
    </mem>
    <mem type="tenure" free="729456" total="12910592" percent="5">
      <mem type="soa" free="600432" total="12781568" percent="4" />
      <mem type="loa" free="129024" total="129024" percent="100" />
    </mem>
    <pending-finalizers system="0" default="0" reference="853" classloader="0" />
    <remembered-set count="3186" />
  </mem-info>
</gc-end>
<cycle-end id="2171" type="global" contextid="2154" timestamp="2019-08-08T09:55:34.967" />
  <attribute name="elasticGC enabled" value="1" />
  <attribute name= "numThreadsSpecified" value="16" />
  <attribute name="heapSize specified" value="42926080" />
  <attribute name="Current GC Util" value="80" />
  <attribute name= "Current Time Running" value="126817" />
  <attribute name ="GC Interval" value="1681" />
  <attribute name="Target GC Util Change" value ="80.000000" />
  <attribute name="Current GC Util Change" value="80.000000"/>
  <attribute name="Current Error" value="-155.000000" />
  <attribute name="Output H" value="43001584"/>
  <attribute name="Output I" value="1736"/>
  <attribute name="Output T" value="16"/>
  <attribute name= "Current Time Running" value="126817" />
  <attribute name="GC Util currently" value="80" />
  <attribute name="CPU Util currently" value="13069731553" />
<allocation-satisfied id="2172" threadId="00000000021F7F00" bytesRequested="32" />
<af-end id="2173" timestamp="2019-08-08T09:55:34.967" threadId="00000000021F8888" success="true" from="nursery"/>
<exclusive-end id="2174" timestamp="2019-08-08T09:55:34.967" durationms="113.862" />

<concurrent-kickoff id="2175" timestamp="2019-08-08T09:55:35.048">
  <kickoff reason="threshold reached" targetBytes="5457658" thresholdFreeBytes="758684"  remainingFree="687584" tenureFreeBytes="729456" nurseryFreeBytes="687584" />
</concurrent-kickoff>
<exclusive-start id="2176" timestamp="2019-08-08T09:55:35.049" intervalms="195.343">
  <response-info timems="0.410" idlems="0.410" threads="0" lastid="00000000021F7F00" lastname="main" />
</exclusive-start>
<cycle-start id="2177" type="global" contextid="0" timestamp="2019-08-08T09:55:35.049" intervalms="203.351" />
<exclusive-end id="2178" timestamp="2019-08-08T09:55:35.049" durationms="0.058" />

<exclusive-start id="2179" timestamp="2019-08-08T09:55:35.058" intervalms="9.105">
  <response-info timems="0.368" idlems="0.368" threads="0" lastid="00000000021F7F00" lastname="main" />
</exclusive-start>
<af-start id="2180" threadId="00000000021F8888" totalBytesRequested="16" timestamp="2019-08-08T09:55:35.058" intervalms="204.383" type="nursery" />
<percolate-collect id="2181" from="nursery" to="global" reason="concurrent mark exhausted" timestamp="2019-08-08T09:55:35.058"/>
<gc-start id="2182" type="global" contextid="2177" timestamp="2019-08-08T09:55:35.058">
  <mem-info id="2183" free="729456" total="43057152" percent="1">
    <mem type="nursery" free="0" total="30146560" percent="0">
      <mem type="allocate" free="0" total="25165824" percent="0" />
      <mem type="survivor" free="0" total="4980736" percent="0" />
    </mem>
    <mem type="tenure" free="729456" total="12910592" percent="5">
      <mem type="soa" free="600432" total="12781568" percent="4" />
      <mem type="loa" free="129024" total="129024" percent="100" />
    </mem>
    <remembered-set count="4487" />
  </mem-info>
</gc-start>
<allocation-stats totalBytes="19765232" >
  <allocated-bytes non-tlh="1875088" tlh="17890144" />
  <largest-consumer threadName="main" threadId="00000000021F7F00" bytes="19761136" />
</allocation-stats>
<concurrent-halted id="2184" timestamp="2019-08-08T09:55:35.058">
  <halted state="Complete" status="exhausted" />
  <traced bytesTarget="5457658" bytesTotal="2908760" bytesByMutator="886952" bytesByHelper="2021808" percent="53" />
  <cards cleaned="2" thresholdBytes="298875" />
</concurrent-halted>
<gc-op id="2185" type="rs-scan" timems="1.694" contextid="2177" timestamp="2019-08-08T09:55:35.060">
  <scan objectsFound="277" bytesTraced="39052" workStackOverflowCount="0" />
</gc-op>
<gc-op id="2186" type="card-cleaning" timems="7.058" contextid="2177" timestamp="2019-08-08T09:55:35.067">
  <card-cleaning cardsCleaned="1" bytesTraced="9068476" workStackOverflowCount="0" />
</gc-op>
<gc-op id="2187" type="mark" timems="6.989" contextid="2177" timestamp="2019-08-08T09:55:35.074">
  <trace-info objectcount="178" scancount="170" scanbytes="4596" />
  <finalization candidates="82" enqueued="1" />
  <ownableSynchronizers candidates="21" cleared="0" />
  <references type="soft" candidates="1829" cleared="0" enqueued="0" dynamicThreshold="1" maxThreshold="32" />
  <references type="weak" candidates="5378" cleared="0" enqueued="0" />
  <references type="phantom" candidates="77" cleared="0" enqueued="0" />
  <stringconstants candidates="13311" cleared="172"  />
</gc-op>
<gc-op id="2188" type="sweep" timems="5.716" contextid="2177" timestamp="2019-08-08T09:55:35.080" />
<mem-info id="2189" free="18956248" total="43057152" percent="44">
  <mem type="nursery" free="16277536" total="30146560" percent="53">
    <mem type="allocate" free="16277536" total="25165824" percent="64" />
    <mem type="survivor" free="0" total="4980736" percent="0" />
  </mem>
  <mem type="tenure" free="2678712" total="12910592" percent="20" micro-fragmented="75177" macro-fragmented="0">
    <mem type="soa" free="2549688" total="12781568" percent="19" />
    <mem type="loa" free="129024" total="129024" percent="100" />
  </mem>
  <pending-finalizers system="0" default="1" reference="0" classloader="0" />
  <remembered-set count="3555" />
</mem-info>
<gc-op id="2190" type="compact" timems="76.737" contextid="2177" timestamp="2019-08-08T09:55:35.157">
  <compact-info movecount="481680" movebytes="15866120" reason="compact to aid heap contraction" />
</gc-op>
<heap-resize id="2191" type="expand" space="tenure" amount="131072" count="1" timems="0.022" reason="satisfy allocation request" timestamp="2019-08-08T09:55:35.158" />
<gc-end id="2192" type="global" contextid="2177" durationms="100.581" usertimems="208.482" systemtimems="0.000" timestamp="2019-08-08T09:55:35.159" activeThreads="16">
  <mem-info id="2193" free="20441784" total="43188224" percent="47">
    <mem type="nursery" free="17548888" total="30146560" percent="58">
      <mem type="allocate" free="17548888" total="25165824" percent="69" />
      <mem type="survivor" free="0" total="4980736" percent="0" />
    </mem>
    <mem type="tenure" free="2892896" total="13041664" percent="22">
      <mem type="soa" free="2762848" total="12911616" percent="21" />
      <mem type="loa" free="130048" total="130048" percent="100" />
    </mem>
    <pending-finalizers system="0" default="1" reference="0" classloader="0" />
    <remembered-set count="3555" />
  </mem-info>
</gc-end>
<cycle-end id="2194" type="global" contextid="2177" timestamp="2019-08-08T09:55:35.159" />
  <attribute name="elasticGC enabled" value="1" />
  <attribute name= "numThreadsSpecified" value="16" />
  <attribute name="heapSize specified" value="43057152" />
  <attribute name="Current GC Util" value="89" />
  <attribute name= "Current Time Running" value="127009" />
  <attribute name ="GC Interval" value="1681" />
  <attribute name="Target GC Util Change" value ="80.000000" />
  <attribute name="Current GC Util Change" value="89.000000"/>
  <attribute name="Current Error" value="-581.000000" />
  <attribute name="Output H" value="43132168"/>
  <attribute name="Output I" value="976"/>
  <attribute name="Output T" value="16"/>
  <attribute name= "Current Time Running" value="127009" />
  <attribute name="GC Util currently" value="89" />
  <attribute name="CPU Util currently" value="15013845867" />
<allocation-satisfied id="2195" threadId="00000000021F7F00" bytesRequested="16" />
<af-end id="2196" timestamp="2019-08-08T09:55:35.159" threadId="00000000021F8888" success="true" from="nursery"/>
<exclusive-end id="2197" timestamp="2019-08-08T09:55:35.159" durationms="101.132" />

<exclusive-start id="2198" timestamp="2019-08-08T09:55:35.252" intervalms="193.841">
  <response-info timems="0.190" idlems="0.190" threads="0" lastid="00000000021F7F00" lastname="main" />
</exclusive-start>
<af-start id="2199" threadId="00000000021F8888" totalBytesRequested="32" timestamp="2019-08-08T09:55:35.252" intervalms="194.072" type="nursery" />
<cycle-start id="2200" type="scavenge" contextid="0" timestamp="2019-08-08T09:55:35.252" intervalms="632.437" />
<gc-start id="2201" type="scavenge" contextid="2200" timestamp="2019-08-08T09:55:35.252">
  <mem-info id="2202" free="2892896" total="43188224" percent="6">
    <mem type="nursery" free="0" total="30146560" percent="0">
      <mem type="allocate" free="0" total="25165824" percent="0" />
      <mem type="survivor" free="0" total="4980736" percent="0" />
    </mem>
    <mem type="tenure" free="2892896" total="13041664" percent="22">
      <mem type="soa" free="2762848" total="12911616" percent="21" />
      <mem type="loa" free="130048" total="130048" percent="100" />
    </mem>
    <remembered-set count="3556" />
  </mem-info>
</gc-start>
<allocation-stats totalBytes="17546696" >
  <allocated-bytes non-tlh="131096" tlh="17415600" />
  <largest-consumer threadName="main" threadId="00000000021F7F00" bytes="17546696" />
</allocation-stats>
<gc-op id="2203" type="scavenge" timems="15.812" contextid="2200" timestamp="2019-08-08T09:55:35.268">
  <scavenger-info tenureage="2" tenuremask="4104" tiltratio="83" />
  <memory-copied type="nursery" objects="137543" bytes="4980112" bytesdiscarded="624" />
  <memory-copied type="tenure" objects="153517" bytes="3662440" bytesdiscarded="1000" />
  <copy-failed type="nursery" objects="119402" bytes="2821408" />
  <ownableSynchronizers candidates="42" cleared="42" />
  <references type="weak" candidates="6" cleared="0" enqueued="0" />
  <heap-resize type="expand" space="tenure" amount="1179648" count="9" timems="3.945" reason="continue current collection" />
</gc-op>
<gc-end id="2204" type="scavenge" contextid="2200" durationms="16.629" usertimems="58.456" systemtimems="0.000" timestamp="2019-08-08T09:55:35.269" activeThreads="16">
  <mem-info id="2205" free="10414336" total="44367872" percent="23">
    <mem type="nursery" free="10223616" total="30146560" percent="33">
      <mem type="allocate" free="10223616" total="15204352" percent="67" />
      <mem type="survivor" free="0" total="14942208" percent="0" />
    </mem>
    <mem type="tenure" free="190720" total="14221312" percent="1" macro-fragmented="0">
      <mem type="soa" free="49408" total="14080000" percent="0" />
      <mem type="loa" free="141312" total="141312" percent="100" />
    </mem>
    <remembered-set count="6873" />
  </mem-info>
</gc-end>
<cycle-end id="2206" type="scavenge" contextid="2200" timestamp="2019-08-08T09:55:35.269" />
  <attribute name="elasticGC enabled" value="1" />
  <attribute name= "numThreadsSpecified" value="16" />
  <attribute name="heapSize specified" value="43057152" />
  <attribute name="Current GC Util" value="166" />
  <attribute name= "Current Time Running" value="127104" />
  <attribute name ="GC Interval" value="825" />
  <attribute name="Target GC Util Change" value ="80.000000" />
  <attribute name="Current GC Util Change" value="166.000000"/>
  <attribute name="Current Error" value="-667.000000" />
  <attribute name="Output H" value="43263136"/>
  <attribute name="Output I" value="824"/>
  <attribute name="Output T" value="16"/>
  <attribute name= "Current Time Running" value="127104" />
  <attribute name="GC Util currently" value="166" />
  <attribute name="CPU Util currently" value="12152570207" />
<allocation-satisfied id="2207" threadId="00000000021F7F00" bytesRequested="32" />
<af-end id="2208" timestamp="2019-08-08T09:55:35.269" threadId="00000000021F8888" success="true" from="nursery"/>
<exclusive-end id="2209" timestamp="2019-08-08T09:55:35.269" durationms="17.178" />

-------------------------------------------------------------------------------
PYBENCH 2.0
-------------------------------------------------------------------------------
* using Python 2.5.2
* system check interval set to maximum: 2147483647
* using timer: time.time

Calibrating tests. Please wait...

Running 4 round(s) of the suite at warp factor 10:

<concurrent-kickoff id="2210" timestamp="2019-08-08T09:55:35.409">
  <kickoff reason="threshold reached" targetBytes="5407885" thresholdFreeBytes="753016"  remainingFree="688096" tenureFreeBytes="169864" nurseryFreeBytes="688096" />
</concurrent-kickoff>
<exclusive-start id="2211" timestamp="2019-08-08T09:55:35.410" intervalms="158.031">
  <response-info timems="0.224" idlems="0.224" threads="0" lastid="00000000021F7F00" lastname="main" />
</exclusive-start>
<cycle-start id="2212" type="global" contextid="0" timestamp="2019-08-08T09:55:35.410" intervalms="361.089" />
<exclusive-end id="2213" timestamp="2019-08-08T09:55:35.410" durationms="0.169" />

<exclusive-start id="2214" timestamp="2019-08-08T09:55:35.423" intervalms="13.738">
  <response-info timems="0.065" idlems="0.065" threads="0" lastid="00000000021F7F00" lastname="main" />
</exclusive-start>
<af-start id="2215" threadId="00000000021F8888" totalBytesRequested="16" timestamp="2019-08-08T09:55:35.423" intervalms="171.515" type="nursery" />
<percolate-collect id="2216" from="nursery" to="global" reason="concurrent mark exhausted" timestamp="2019-08-08T09:55:35.423"/>
<gc-start id="2217" type="global" contextid="2212" timestamp="2019-08-08T09:55:35.424">
  <mem-info id="2218" free="169864" total="44367872" percent="0">
    <mem type="nursery" free="0" total="30146560" percent="0">
      <mem type="allocate" free="0" total="15204352" percent="0" />
      <mem type="survivor" free="0" total="14942208" percent="0" />
    </mem>
    <mem type="tenure" free="169864" total="14221312" percent="1">
      <mem type="soa" free="28552" total="14080000" percent="0" />
      <mem type="loa" free="141312" total="141312" percent="100" />
    </mem>
    <remembered-set count="7786" />
  </mem-info>
</gc-start>
<allocation-stats totalBytes="10243672" >
  <allocated-bytes non-tlh="20888" tlh="10222784" />
  <largest-consumer threadName="main" threadId="00000000021F7F00" bytes="10243672" />
</allocation-stats>
<concurrent-halted id="2219" timestamp="2019-08-08T09:55:35.424">
  <halted state="Complete" status="exhausted" />
  <traced bytesTarget="5407885" bytesTotal="2898368" bytesByMutator="403820" bytesByHelper="2494548" percent="53" />
  <cards cleaned="0" thresholdBytes="296642" />
</concurrent-halted>
<gc-op id="2220" type="rs-scan" timems="2.532" contextid="2212" timestamp="2019-08-08T09:55:35.426">
  <scan objectsFound="214" bytesTraced="20060" workStackOverflowCount="0" />
</gc-op>
<gc-op id="2221" type="card-cleaning" timems="8.850" contextid="2212" timestamp="2019-08-08T09:55:35.435">
  <card-cleaning cardsCleaned="0" bytesTraced="10561448" workStackOverflowCount="0" />
</gc-op>
<gc-op id="2222" type="mark" timems="9.045" contextid="2212" timestamp="2019-08-08T09:55:35.444">
  <trace-info objectcount="340" scancount="324" scanbytes="9660" />
  <finalization candidates="81" enqueued="1" />
  <ownableSynchronizers candidates="21" cleared="0" />
  <references type="soft" candidates="4181" cleared="0" enqueued="0" dynamicThreshold="7" maxThreshold="32" />
  <references type="weak" candidates="5440" cleared="8" enqueued="5" />
  <references type="phantom" candidates="77" cleared="0" enqueued="0" />
  <stringconstants candidates="13649" cleared="5"  />
</gc-op>
<gc-op id="2223" type="sweep" timems="4.068" contextid="2212" timestamp="2019-08-08T09:55:35.449" />
<mem-info id="2224" free="10843472" total="44367872" percent="24">
  <mem type="nursery" free="10455248" total="30146560" percent="34">
    <mem type="allocate" free="10455248" total="15204352" percent="68" />
    <mem type="survivor" free="0" total="14942208" percent="0" />
  </mem>
  <mem type="tenure" free="388224" total="14221312" percent="2" micro-fragmented="3075" macro-fragmented="0">
    <mem type="soa" free="246912" total="14080000" percent="1" />
    <mem type="loa" free="141312" total="141312" percent="100" />
  </mem>
  <pending-finalizers system="0" default="1" reference="5" classloader="0" />
  <remembered-set count="7722" />
</mem-info>
<gc-op id="2225" type="compact" timems="146.221" contextid="2212" timestamp="2019-08-08T09:55:35.595">
  <compact-info movecount="588761" movebytes="17448296" reason="compact to aid heap contraction" />
</gc-op>
<heap-resize id="2226" type="expand" space="tenure" amount="131072" count="1" timems="0.022" reason="satisfy allocation request" timestamp="2019-08-08T09:55:35.597" />
<gc-end id="2227" type="global" contextid="2212" durationms="173.179" usertimems="271.198" systemtimems="0.000" timestamp="2019-08-08T09:55:35.597" activeThreads="16">
  <mem-info id="2228" free="11487808" total="44498944" percent="25">
    <mem type="nursery" free="10961920" total="30146560" percent="36">
      <mem type="allocate" free="10961920" total="15204352" percent="72" />
      <mem type="survivor" free="0" total="14942208" percent="0" />
    </mem>
    <mem type="tenure" free="525888" total="14352384" percent="3">
      <mem type="soa" free="382528" total="14209024" percent="2" />
      <mem type="loa" free="143360" total="143360" percent="100" />
    </mem>
    <pending-finalizers system="0" default="1" reference="5" classloader="0" />
    <remembered-set count="7722" />
  </mem-info>
</gc-end>
<cycle-end id="2229" type="global" contextid="2212" timestamp="2019-08-08T09:55:35.597" />
  <attribute name="elasticGC enabled" value="1" />
  <attribute name= "numThreadsSpecified" value="16" />
  <attribute name="heapSize specified" value="44367872" />
  <attribute name="Current GC Util" value="51" />
  <attribute name= "Current Time Running" value="127448" />
  <attribute name ="GC Interval" value="825" />
  <attribute name="Target GC Util Change" value ="80.000000" />
  <attribute name="Current GC Util Change" value="51.000000"/>
  <attribute name="Current Error" value="-324.000000" />
  <attribute name="Output H" value="44443184"/>
  <attribute name="Output I" value="1432"/>
  <attribute name="Output T" value="16"/>
  <attribute name= "Current Time Running" value="127448" />
  <attribute name="GC Util currently" value="51" />
  <attribute name="CPU Util currently" value="7884013012" />
<allocation-satisfied id="2230" threadId="00000000021F7F00" bytesRequested="16" />
<af-end id="2231" timestamp="2019-08-08T09:55:35.597" threadId="00000000021F8888" success="true" from="nursery"/>
<exclusive-end id="2232" timestamp="2019-08-08T09:55:35.597" durationms="173.365" />

<concurrent-kickoff id="2233" timestamp="2019-08-08T09:55:35.649">
  <kickoff reason="threshold reached" targetBytes="5010333" thresholdFreeBytes="698845"  remainingFree="635888" tenureFreeBytes="525888" nurseryFreeBytes="635888" />
</concurrent-kickoff>
<exclusive-start id="2234" timestamp="2019-08-08T09:55:35.649" intervalms="225.881">
  <response-info timems="0.015" idlems="0.015" threads="0" lastid="00000000021F7F00" lastname="main" />
</exclusive-start>
<cycle-start id="2235" type="global" contextid="0" timestamp="2019-08-08T09:55:35.649" intervalms="239.466" />
<exclusive-end id="2236" timestamp="2019-08-08T09:55:35.649" durationms="0.012" />

<exclusive-start id="2237" timestamp="2019-08-08T09:55:35.657" intervalms="8.188">
  <response-info timems="0.023" idlems="0.023" threads="0" lastid="00000000021F7F00" lastname="main" />
</exclusive-start>
<af-start id="2238" threadId="00000000021F8888" totalBytesRequested="24" timestamp="2019-08-08T09:55:35.658" intervalms="234.060" type="nursery" />
<cycle-start id="2239" type="scavenge" contextid="0" timestamp="2019-08-08T09:55:35.658" intervalms="405.603" />
<gc-start id="2240" type="scavenge" contextid="2239" timestamp="2019-08-08T09:55:35.658">
  <mem-info id="2241" free="525888" total="44498944" percent="1">
    <mem type="nursery" free="0" total="30146560" percent="0">
      <mem type="allocate" free="0" total="15204352" percent="0" />
      <mem type="survivor" free="0" total="14942208" percent="0" />
    </mem>
    <mem type="tenure" free="525888" total="14352384" percent="3">
      <mem type="soa" free="382528" total="14209024" percent="2" />
      <mem type="loa" free="143360" total="143360" percent="100" />
    </mem>
    <remembered-set count="7724" />
  </mem-info>
</gc-start>
<allocation-stats totalBytes="10961488" >
  <allocated-bytes non-tlh="16" tlh="10961472" />
  <largest-consumer threadName="main" threadId="00000000021F7F00" bytes="10957392" />
</allocation-stats>
<gc-op id="2242" type="scavenge" timems="13.010" contextid="2239" timestamp="2019-08-08T09:55:35.671">
  <scavenger-info tenureage="2" tenuremask="fdf4" tiltratio="50" />
  <memory-copied type="nursery" objects="102299" bytes="2662712" bytesdiscarded="312512" />
  <memory-copied type="tenure" objects="51849" bytes="1540704" bytesdiscarded="256" />
  <ownableSynchronizers candidates="42" cleared="42" />
  <references type="soft" candidates="2352" cleared="919" enqueued="919" dynamicThreshold="1" maxThreshold="32" />
  <references type="weak" candidates="74" cleared="0" enqueued="0" />
  <heap-resize type="expand" space="tenure" amount="1769472" count="9" timems="1.170" reason="continue current collection" />
</gc-op>
<gc-end id="2243" type="scavenge" contextid="2239" durationms="13.627" usertimems="33.779" systemtimems="0.000" timestamp="2019-08-08T09:55:35.671" activeThreads="16">
  <mem-info id="2244" free="13610992" total="46268416" percent="29">
    <mem type="nursery" free="13343216" total="30146560" percent="44">
      <mem type="allocate" free="13343216" total="16318464" percent="81" />
      <mem type="survivor" free="0" total="13828096" percent="0" />
    </mem>
    <mem type="tenure" free="267776" total="16121856" percent="1" macro-fragmented="0">
      <mem type="soa" free="107008" total="15961088" percent="0" />
      <mem type="loa" free="160768" total="160768" percent="100" />
    </mem>
    <pending-finalizers system="0" default="0" reference="919" classloader="0" />
    <remembered-set count="5029" />
  </mem-info>
</gc-end>
<cycle-end id="2245" type="scavenge" contextid="2239" timestamp="2019-08-08T09:55:35.671" />
  <attribute name="elasticGC enabled" value="1" />
  <attribute name= "numThreadsSpecified" value="16" />
  <attribute name="heapSize specified" value="44367872" />
  <attribute name="Current GC Util" value="462" />
  <attribute name= "Current Time Running" value="127510" />
  <attribute name ="GC Interval" value="1329" />
  <attribute name="Target GC Util Change" value ="80.000000" />
  <attribute name="Current GC Util Change" value="462.000000"/>
  <attribute name="Current Error" value="-382.000000" />
  <attribute name="Output H" value="44574184"/>
  <attribute name="Output I" value="1328"/>
  <attribute name="Output T" value="16"/>
  <attribute name= "Current Time Running" value="127510" />
  <attribute name="GC Util currently" value="462" />
  <attribute name="CPU Util currently" value="18536348651" />
<allocation-satisfied id="2246" threadId="00000000021F7F00" bytesRequested="24" />
<af-end id="2247" timestamp="2019-08-08T09:55:35.671" threadId="00000000021F8888" success="true" from="nursery"/>
<exclusive-end id="2248" timestamp="2019-08-08T09:55:35.671" durationms="13.913" />

<exclusive-start id="2249" timestamp="2019-08-08T09:55:35.794" intervalms="136.485">
  <response-info timems="0.046" idlems="0.046" threads="0" lastid="00000000021F7F00" lastname="main" />
</exclusive-start>
<concurrent-collection-start id="2250" timestamp="2019-08-08T09:55:35.794" intervalms="1107.348" >
  <concurrent-trace-info reason="card cleaning threshold reached" tracedByMutators="3894864" tracedByHelpers="6250528" cardsCleaned="11" workStackOverflowCount="0" />
</concurrent-collection-start>
<gc-start id="2251" type="global" contextid="2235" timestamp="2019-08-08T09:55:35.794">
  <mem-info id="2252" free="267776" total="46268416" percent="0">
    <mem type="nursery" free="0" total="30146560" percent="0">
      <mem type="allocate" free="0" total="16318464" percent="0" />
      <mem type="survivor" free="0" total="13828096" percent="0" />
    </mem>
    <mem type="tenure" free="267776" total="16121856" percent="1">
      <mem type="soa" free="107008" total="15961088" percent="0" />
      <mem type="loa" free="160768" total="160768" percent="100" />
    </mem>
    <remembered-set count="5030" />
  </mem-info>
</gc-start>
<allocation-stats totalBytes="13340632" >
  <allocated-bytes non-tlh="24" tlh="13340608" />
  <largest-consumer threadName="main" threadId="00000000021F7F00" bytes="13301240" />
</allocation-stats>
<gc-op id="2253" type="rs-scan" timems="3.883" contextid="2235" timestamp="2019-08-08T09:55:35.798">
  <scan objectsFound="4262" bytesTraced="3665476" workStackOverflowCount="0" />
</gc-op>
<gc-op id="2254" type="card-cleaning" timems="3.141" contextid="2235" timestamp="2019-08-08T09:55:35.801">
  <card-cleaning cardsCleaned="0" bytesTraced="14420" workStackOverflowCount="0" />
</gc-op>
<gc-op id="2255" type="mark" timems="9.269" contextid="2235" timestamp="2019-08-08T09:55:35.811">
  <trace-info objectcount="329" scancount="319" scanbytes="9872" />
  <finalization candidates="80" enqueued="0" />
  <ownableSynchronizers candidates="21" cleared="0" />
  <references type="soft" candidates="3262" cleared="1" enqueued="1" dynamicThreshold="1" maxThreshold="32" />
  <references type="weak" candidates="5436" cleared="0" enqueued="0" />
  <references type="phantom" candidates="77" cleared="1" enqueued="1" />
  <stringconstants candidates="13644" cleared="50"  />
</gc-op>
<gc-op id="2256" type="sweep" timems="3.069" contextid="2235" timestamp="2019-08-08T09:55:35.814" />
<mem-info id="2257" free="14435536" total="46268416" percent="31">
  <mem type="nursery" free="13668304" total="30146560" percent="45">
    <mem type="allocate" free="13668304" total="16318464" percent="83" />
    <mem type="survivor" free="0" total="13828096" percent="0" />
  </mem>
  <mem type="tenure" free="767232" total="16121856" percent="4" micro-fragmented="0" macro-fragmented="0">
    <mem type="soa" free="606464" total="15961088" percent="3" />
    <mem type="loa" free="160768" total="160768" percent="100" />
  </mem>
  <pending-finalizers system="0" default="0" reference="2" classloader="0" />
  <remembered-set count="4980" />
</mem-info>
<gc-op id="2258" type="compact" timems="133.917" contextid="2235" timestamp="2019-08-08T09:55:35.948">
  <compact-info movecount="566510" movebytes="15798072" reason="compact to aid heap contraction" />
</gc-op>
<heap-resize id="2259" type="expand" space="tenure" amount="131072" count="1" timems="0.024" reason="satisfy allocation request" timestamp="2019-08-08T09:55:35.955" />
<gc-end id="2260" type="global" contextid="2235" durationms="161.036" usertimems="223.311" systemtimems="0.000" timestamp="2019-08-08T09:55:35.955" activeThreads="16">
  <mem-info id="2261" free="14572312" total="46399488" percent="31">
    <mem type="nursery" free="13673672" total="30146560" percent="45">
      <mem type="allocate" free="13673672" total="16318464" percent="83" />
      <mem type="survivor" free="0" total="13828096" percent="0" />
    </mem>
    <mem type="tenure" free="898640" total="16252928" percent="5">
      <mem type="soa" free="736848" total="16091136" percent="4" />
      <mem type="loa" free="161792" total="161792" percent="100" />
    </mem>
    <pending-finalizers system="0" default="0" reference="2" classloader="0" />
    <remembered-set count="4980" />
  </mem-info>
</gc-end>
<cycle-end id="2262" type="global" contextid="2235" timestamp="2019-08-08T09:55:35.955" />
  <attribute name="elasticGC enabled" value="1" />
  <attribute name= "numThreadsSpecified" value="16" />
  <attribute name="heapSize specified" value="46268416" />
  <attribute name="Current GC Util" value="33" />
  <attribute name= "Current Time Running" value="127800" />
  <attribute name ="GC Interval" value="1329" />
  <attribute name="Target GC Util Change" value ="80.000000" />
  <attribute name="Current GC Util Change" value="33.000000"/>
  <attribute name="Current Error" value="-58.000000" />
  <attribute name="Output H" value="46344032"/>
  <attribute name="Output I" value="1912"/>
  <attribute name="Output T" value="16"/>
  <attribute name= "Current Time Running" value="127800" />
  <attribute name="GC Util currently" value="33" />
  <attribute name="CPU Util currently" value="8607361038" />
<concurrent-collection-end id="2263" timestamp="2019-08-08T09:55:35.955" />
<exclusive-end id="2264" timestamp="2019-08-08T09:55:35.955" durationms="161.218" />

<concurrent-kickoff id="2265" timestamp="2019-08-08T09:55:36.030">
  <kickoff reason="threshold reached" targetBytes="6535727" thresholdFreeBytes="844837"  remainingFree="730312" tenureFreeBytes="898640" nurseryFreeBytes="730312" />
</concurrent-kickoff>
<exclusive-start id="2266" timestamp="2019-08-08T09:55:36.030" intervalms="236.524">
  <response-info timems="0.066" idlems="0.066" threads="0" lastid="00000000021F7F00" lastname="main" />
</exclusive-start>
<cycle-start id="2267" type="global" contextid="0" timestamp="2019-08-08T09:55:36.030" intervalms="381.204" />
<exclusive-end id="2268" timestamp="2019-08-08T09:55:36.030" durationms="0.020" />

<exclusive-start id="2269" timestamp="2019-08-08T09:55:36.048" intervalms="17.338">
  <response-info timems="0.067" idlems="0.067" threads="0" lastid="00000000021F7F00" lastname="main" />
</exclusive-start>
<af-start id="2270" threadId="00000000021F8888" totalBytesRequested="32" timestamp="2019-08-08T09:55:36.048" intervalms="390.358" type="nursery" />
<cycle-start id="2271" type="scavenge" contextid="0" timestamp="2019-08-08T09:55:36.048" intervalms="390.322" />
<gc-start id="2272" type="scavenge" contextid="2271" timestamp="2019-08-08T09:55:36.048">
  <mem-info id="2273" free="898640" total="46399488" percent="1">
    <mem type="nursery" free="0" total="30146560" percent="0">
      <mem type="allocate" free="0" total="16318464" percent="0" />
      <mem type="survivor" free="0" total="13828096" percent="0" />
    </mem>
    <mem type="tenure" free="898640" total="16252928" percent="5">
      <mem type="soa" free="736848" total="16091136" percent="4" />
      <mem type="loa" free="161792" total="161792" percent="100" />
    </mem>
    <remembered-set count="4983" />
  </mem-info>
</gc-start>
<allocation-stats totalBytes="13671568" >
  <allocated-bytes non-tlh="0" tlh="13671568" />
  <largest-consumer threadName="main" threadId="00000000021F7F00" bytes="13671568" />
</allocation-stats>
<gc-op id="2274" type="scavenge" timems="4.782" contextid="2271" timestamp="2019-08-08T09:55:36.053">
  <scavenger-info tenureage="4" tenuremask="fff0" tiltratio="54" />
  <memory-copied type="nursery" objects="101506" bytes="2644736" bytesdiscarded="143600" />
  <ownableSynchronizers candidates="42" cleared="42" />
  <references type="soft" candidates="1433" cleared="0" enqueued="0" dynamicThreshold="1" maxThreshold="32" />
  <references type="weak" candidates="78" cleared="0" enqueued="0" />
</gc-op>
<gc-end id="2275" type="scavenge" contextid="2271" durationms="5.227" usertimems="19.604" systemtimems="0.000" timestamp="2019-08-08T09:55:36.053" activeThreads="16">
  <mem-info id="2276" free="16525896" total="46399488" percent="35">
    <mem type="nursery" free="15627256" total="30146560" percent="51">
      <mem type="allocate" free="15627256" total="18415616" percent="84" />
      <mem type="survivor" free="0" total="11730944" percent="0" />
    </mem>
    <mem type="tenure" free="898640" total="16252928" percent="5" macro-fragmented="418667">
      <mem type="soa" free="736848" total="16091136" percent="4" />
      <mem type="loa" free="161792" total="161792" percent="100" />
    </mem>
    <remembered-set count="4963" />
  </mem-info>
</gc-end>
<cycle-end id="2277" type="scavenge" contextid="2271" timestamp="2019-08-08T09:55:36.053" />
  <attribute name="elasticGC enabled" value="1" />
  <attribute name= "numThreadsSpecified" value="16" />
  <attribute name="heapSize specified" value="46268416" />
  <attribute name="Current GC Util" value="141" />
  <attribute name= "Current Time Running" value="127900" />
  <attribute name ="GC Interval" value="1801" />
  <attribute name="Target GC Util Change" value ="80.000000" />
  <attribute name="Current GC Util Change" value="141.000000"/>
  <attribute name="Current Error" value="-119.000000" />
  <attribute name="Output H" value="46475032"/>
  <attribute name="Output I" value="1800"/>
  <attribute name="Output T" value="16"/>
  <attribute name= "Current Time Running" value="127900" />
  <attribute name="GC Util currently" value="141" />
  <attribute name="CPU Util currently" value="11554416685" />
<allocation-satisfied id="2278" threadId="00000000021F7F00" bytesRequested="32" />
<af-end id="2279" timestamp="2019-08-08T09:55:36.053" threadId="00000000021F8888" success="true" from="nursery"/>
<exclusive-end id="2280" timestamp="2019-08-08T09:55:36.053" durationms="5.475" />

<exclusive-start id="2281" timestamp="2019-08-08T09:55:36.055" intervalms="7.309">
  <response-info timems="0.424" idlems="0.424" threads="0" lastid="00000000021F7F00" lastname="main" />
</exclusive-start>
<concurrent-collection-start id="2282" timestamp="2019-08-08T09:55:36.055" intervalms="261.151" >
  <concurrent-trace-info reason="card cleaning threshold reached" tracedByMutators="3559976" tracedByHelpers="6547036" cardsCleaned="17" workStackOverflowCount="0" />
</concurrent-collection-start>
<gc-start id="2283" type="global" contextid="2267" timestamp="2019-08-08T09:55:36.055">
  <mem-info id="2284" free="16390696" total="46399488" percent="35">
    <mem type="nursery" free="15492056" total="30146560" percent="51">
      <mem type="allocate" free="15492056" total="18415616" percent="84" />
      <mem type="survivor" free="0" total="11730944" percent="0" />
    </mem>
    <mem type="tenure" free="898640" total="16252928" percent="5">
      <mem type="soa" free="736848" total="16091136" percent="4" />
      <mem type="loa" free="161792" total="161792" percent="100" />
    </mem>
    <remembered-set count="4963" />
  </mem-info>
</gc-start>
<allocation-stats totalBytes="135192" >
  <allocated-bytes non-tlh="32" tlh="135160" />
  <largest-consumer threadName="main" threadId="00000000021F7F00" bytes="135192" />
</allocation-stats>
<gc-op id="2285" type="rs-scan" timems="5.602" contextid="2267" timestamp="2019-08-08T09:55:36.061">
  <scan objectsFound="4918" bytesTraced="3660924" workStackOverflowCount="0" />
</gc-op>
<gc-op id="2286" type="card-cleaning" timems="1.171" contextid="2267" timestamp="2019-08-08T09:55:36.062">
  <card-cleaning cardsCleaned="0" bytesTraced="29548" workStackOverflowCount="0" />
</gc-op>
<gc-op id="2287" type="mark" timems="5.305" contextid="2267" timestamp="2019-08-08T09:55:36.067">
  <trace-info objectcount="1652" scancount="1483" scanbytes="43028" />
  <finalization candidates="80" enqueued="0" />
  <ownableSynchronizers candidates="21" cleared="0" />
  <references type="soft" candidates="3261" cleared="0" enqueued="0" dynamicThreshold="1" maxThreshold="32" />
  <references type="weak" candidates="5432" cleared="0" enqueued="0" />
  <references type="phantom" candidates="76" cleared="0" enqueued="0" />
  <stringconstants candidates="13594" cleared="0"  />
</gc-op>
<gc-op id="2288" type="sweep" timems="3.454" contextid="2267" timestamp="2019-08-08T09:55:36.071" />
<mem-info id="2289" free="16668968" total="46399488" percent="35">
  <mem type="nursery" free="15770328" total="30146560" percent="52">
    <mem type="allocate" free="15770328" total="18415616" percent="85" />
    <mem type="survivor" free="0" total="11730944" percent="0" />
  </mem>
  <mem type="tenure" free="898640" total="16252928" percent="5" micro-fragmented="0" macro-fragmented="418667">
    <mem type="soa" free="736848" total="16091136" percent="4" />
    <mem type="loa" free="161792" total="161792" percent="100" />
  </mem>
  <remembered-set count="4962" />
</mem-info>
<gc-op id="2290" type="compact" timems="106.614" contextid="2267" timestamp="2019-08-08T09:55:36.178">
  <compact-info movecount="503375" movebytes="12829792" reason="compact to aid heap contraction" />
</gc-op>
<heap-resize id="2291" type="expand" space="tenure" amount="131072" count="1" timems="0.026" reason="satisfy allocation request" timestamp="2019-08-08T09:55:36.181" />
<gc-end id="2292" type="global" contextid="2267" durationms="125.766" usertimems="171.963" systemtimems="0.000" timestamp="2019-08-08T09:55:36.181" activeThreads="16">
  <mem-info id="2293" free="16800712" total="46530560" percent="36">
    <mem type="nursery" free="15770824" total="30146560" percent="52">
      <mem type="allocate" free="15770824" total="18415616" percent="85" />
      <mem type="survivor" free="0" total="11730944" percent="0" />
    </mem>
    <mem type="tenure" free="1029888" total="16384000" percent="6">
      <mem type="soa" free="866048" total="16220160" percent="5" />
      <mem type="loa" free="163840" total="163840" percent="100" />
    </mem>
    <remembered-set count="4962" />
  </mem-info>
</gc-end>
<cycle-end id="2294" type="global" contextid="2267" timestamp="2019-08-08T09:55:36.181" />
  <attribute name="elasticGC enabled" value="1" />
  <attribute name= "numThreadsSpecified" value="16" />
  <attribute name="heapSize specified" value="46399488" />
  <attribute name="Current GC Util" value="37" />
  <attribute name= "Current Time Running" value="128030" />
  <attribute name ="GC Interval" value="1801" />
  <attribute name="Target GC Util Change" value ="80.000000" />
  <attribute name="Current GC Util Change" value="37.000000"/>
  <attribute name="Current Error" value="-148.000000" />
  <attribute name="Output H" value="46475000"/>
  <attribute name="Output I" value="1744"/>
  <attribute name="Output T" value="16"/>
  <attribute name= "Current Time Running" value="128030" />
  <attribute name="GC Util currently" value="37" />
  <attribute name="CPU Util currently" value="10761728533" />
<concurrent-collection-end id="2295" timestamp="2019-08-08T09:55:36.181" />
<exclusive-end id="2296" timestamp="2019-08-08T09:55:36.181" durationms="125.910" />

<concurrent-kickoff id="2297" timestamp="2019-08-08T09:55:38.909">
  <kickoff reason="threshold reached" targetBytes="7281482" thresholdFreeBytes="954547"  remainingFree="910536" tenureFreeBytes="1029824" nurseryFreeBytes="910536" />
</concurrent-kickoff>
<exclusive-start id="2298" timestamp="2019-08-08T09:55:38.911" intervalms="2855.454">
  <response-info timems="0.793" idlems="0.793" threads="0" lastid="00000000021F7F00" lastname="main" />
</exclusive-start>
<cycle-start id="2299" type="global" contextid="0" timestamp="2019-08-08T09:55:38.911" intervalms="2880.532" />
<exclusive-end id="2300" timestamp="2019-08-08T09:55:38.911" durationms="0.455" />

<exclusive-start id="2301" timestamp="2019-08-08T09:55:38.927" intervalms="16.410">
  <response-info timems="0.023" idlems="0.023" threads="0" lastid="00000000021F7F00" lastname="main" />
</exclusive-start>
<af-start id="2302" threadId="00000000021F8888" totalBytesRequested="1168" timestamp="2019-08-08T09:55:38.928" intervalms="2879.688" type="nursery" />
<percolate-collect id="2303" from="nursery" to="global" reason="concurrent mark exhausted" timestamp="2019-08-08T09:55:38.928"/>
<gc-start id="2304" type="global" contextid="2299" timestamp="2019-08-08T09:55:38.928">
  <mem-info id="2305" free="1029824" total="46530560" percent="2">
    <mem type="nursery" free="0" total="30146560" percent="0">
      <mem type="allocate" free="0" total="18415616" percent="0" />
      <mem type="survivor" free="0" total="11730944" percent="0" />
    </mem>
    <mem type="tenure" free="1029824" total="16384000" percent="6">
      <mem type="soa" free="865984" total="16220160" percent="5" />
      <mem type="loa" free="163840" total="163840" percent="100" />
    </mem>
    <remembered-set count="4964" />
  </mem-info>
</gc-start>
<allocation-stats totalBytes="15758664" >
  <allocated-bytes non-tlh="64" tlh="15758600" />
  <largest-consumer threadName="main" threadId="00000000021F7F00" bytes="15758664" />
</allocation-stats>
<concurrent-halted id="2306" timestamp="2019-08-08T09:55:38.928">
  <halted state="Complete" status="exhausted" />
  <traced bytesTarget="7281482" bytesTotal="10129944" bytesByMutator="4247844" bytesByHelper="5882100" percent="139" />
  <cards cleaned="0" thresholdBytes="376033" />
</concurrent-halted>
<gc-op id="2307" type="rs-scan" timems="5.659" contextid="2299" timestamp="2019-08-08T09:55:38.934">
  <scan objectsFound="4919" bytesTraced="3662324" workStackOverflowCount="0" />
</gc-op>
<gc-op id="2308" type="card-cleaning" timems="1.202" contextid="2299" timestamp="2019-08-08T09:55:38.935">
  <card-cleaning cardsCleaned="0" bytesTraced="29548" workStackOverflowCount="0" />
</gc-op>
<gc-op id="2309" type="mark" timems="12.711" contextid="2299" timestamp="2019-08-08T09:55:38.948">
  <trace-info objectcount="331" scancount="321" scanbytes="9904" />
  <finalization candidates="80" enqueued="0" />
  <ownableSynchronizers candidates="21" cleared="0" />
  <references type="soft" candidates="3261" cleared="0" enqueued="0" dynamicThreshold="2" maxThreshold="32" />
  <references type="weak" candidates="5432" cleared="0" enqueued="0" />
  <references type="phantom" candidates="76" cleared="0" enqueued="0" />
  <stringconstants candidates="13595" cleared="0"  />
</gc-op>
<gc-op id="2310" type="sweep" timems="9.564" contextid="2299" timestamp="2019-08-08T09:55:38.958" />
<mem-info id="2311" free="16796488" total="46530560" percent="36">
  <mem type="nursery" free="15766664" total="30146560" percent="52">
    <mem type="allocate" free="15766664" total="18415616" percent="85" />
    <mem type="survivor" free="0" total="11730944" percent="0" />
  </mem>
  <mem type="tenure" free="1029824" total="16384000" percent="6" micro-fragmented="0" macro-fragmented="0">
    <mem type="soa" free="865984" total="16220160" percent="5" />
    <mem type="loa" free="163840" total="163840" percent="100" />
  </mem>
  <remembered-set count="4964" />
</mem-info>
<gc-op id="2312" type="compact" timems="112.885" contextid="2299" timestamp="2019-08-08T09:55:39.071">
  <compact-info movecount="502141" movebytes="12791472" reason="compact to aid heap contraction" />
</gc-op>
<heap-resize id="2313" type="expand" space="tenure" amount="131072" count="1" timems="0.024" reason="satisfy allocation request" timestamp="2019-08-08T09:55:39.072" />
<gc-end id="2314" type="global" contextid="2299" durationms="144.174" usertimems="197.262" systemtimems="0.000" timestamp="2019-08-08T09:55:39.072" activeThreads="16">
  <mem-info id="2315" free="16929200" total="46661632" percent="36">
    <mem type="nursery" free="15768176" total="30146560" percent="52">
      <mem type="allocate" free="15768176" total="18415616" percent="85" />
      <mem type="survivor" free="0" total="11730944" percent="0" />
    </mem>
    <mem type="tenure" free="1161024" total="16515072" percent="7">
      <mem type="soa" free="996160" total="16350208" percent="6" />
      <mem type="loa" free="164864" total="164864" percent="100" />
    </mem>
    <remembered-set count="4964" />
  </mem-info>
</gc-end>
<cycle-end id="2316" type="global" contextid="2299" timestamp="2019-08-08T09:55:39.072" />
  <attribute name="elasticGC enabled" value="1" />
  <attribute name= "numThreadsSpecified" value="16" />
  <attribute name="heapSize specified" value="46530560" />
  <attribute name="Current GC Util" value="34" />
  <attribute name= "Current Time Running" value="130923" />
  <attribute name ="GC Interval" value="1801" />
  <attribute name="Target GC Util Change" value ="80.000000" />
  <attribute name="Current GC Util Change" value="34.000000"/>
  <attribute name="Current Error" value="-155.000000" />
  <attribute name="Output H" value="46606064"/>
  <attribute name="Output I" value="1736"/>
  <attribute name="Output T" value="16"/>
  <attribute name= "Current Time Running" value="130923" />
  <attribute name="GC Util currently" value="34" />
  <attribute name="CPU Util currently" value="10207676485" />
<allocation-satisfied id="2317" threadId="00000000021F7F00" bytesRequested="1168" />
<af-end id="2318" timestamp="2019-08-08T09:55:39.072" threadId="00000000021F8888" success="true" from="nursery"/>
<exclusive-end id="2319" timestamp="2019-08-08T09:55:39.072" durationms="145.456" />

<concurrent-kickoff id="2320" timestamp="2019-08-08T09:55:39.080">
  <kickoff reason="threshold reached" targetBytes="7899406" thresholdFreeBytes="1047449"  remainingFree="988640" tenureFreeBytes="1161024" nurseryFreeBytes="988640" />
</concurrent-kickoff>
<exclusive-start id="2321" timestamp="2019-08-08T09:55:39.081" intervalms="153.520">
  <response-info timems="0.053" idlems="0.053" threads="0" lastid="00000000021F7F00" lastname="main" />
</exclusive-start>
<cycle-start id="2322" type="global" contextid="0" timestamp="2019-08-08T09:55:39.081" intervalms="169.494" />
<exclusive-end id="2323" timestamp="2019-08-08T09:55:39.081" durationms="0.016" />

<exclusive-start id="2324" timestamp="2019-08-08T09:55:39.093" intervalms="12.173">
  <response-info timems="0.033" idlems="0.033" threads="0" lastid="00000000021F7F00" lastname="main" />
</exclusive-start>
<af-start id="2325" threadId="00000000021F8888" totalBytesRequested="1168" timestamp="2019-08-08T09:55:39.093" intervalms="165.186" type="nursery" />
<percolate-collect id="2326" from="nursery" to="global" reason="concurrent mark exhausted" timestamp="2019-08-08T09:55:39.093"/>
<gc-start id="2327" type="global" contextid="2322" timestamp="2019-08-08T09:55:39.093">
  <mem-info id="2328" free="1161024" total="46661632" percent="2">
    <mem type="nursery" free="0" total="30146560" percent="0">
      <mem type="allocate" free="0" total="18415616" percent="0" />
      <mem type="survivor" free="0" total="11730944" percent="0" />
    </mem>
    <mem type="tenure" free="1161024" total="16515072" percent="7">
      <mem type="soa" free="996160" total="16350208" percent="6" />
      <mem type="loa" free="164864" total="164864" percent="100" />
    </mem>
    <remembered-set count="4964" />
  </mem-info>
</gc-start>
<allocation-stats totalBytes="15706768" >
  <allocated-bytes non-tlh="1168" tlh="15705600" />
  <largest-consumer threadName="main" threadId="00000000021F7F00" bytes="15706768" />
</allocation-stats>
<concurrent-halted id="2329" timestamp="2019-08-08T09:55:39.093">
  <halted state="Complete" status="exhausted" />
  <traced bytesTarget="7899406" bytesTotal="10129944" bytesByMutator="4602992" bytesByHelper="5526952" percent="128" />
  <cards cleaned="0" thresholdBytes="412631" />
</concurrent-halted>
<gc-op id="2330" type="rs-scan" timems="6.562" contextid="2322" timestamp="2019-08-08T09:55:39.099">
  <scan objectsFound="4919" bytesTraced="3662324" workStackOverflowCount="0" />
</gc-op>
<gc-op id="2331" type="card-cleaning" timems="4.651" contextid="2322" timestamp="2019-08-08T09:55:39.104">
  <card-cleaning cardsCleaned="0" bytesTraced="29548" workStackOverflowCount="0" />
</gc-op>
<gc-op id="2332" type="mark" timems="11.075" contextid="2322" timestamp="2019-08-08T09:55:39.115">
  <trace-info objectcount="331" scancount="321" scanbytes="9904" />
  <finalization candidates="80" enqueued="0" />
  <ownableSynchronizers candidates="21" cleared="0" />
  <references type="soft" candidates="3261" cleared="0" enqueued="0" dynamicThreshold="2" maxThreshold="32" />
  <references type="weak" candidates="5432" cleared="0" enqueued="0" />
  <references type="phantom" candidates="76" cleared="0" enqueued="0" />
  <stringconstants candidates="13595" cleared="0"  />
</gc-op>
<gc-op id="2333" type="sweep" timems="3.076" contextid="2322" timestamp="2019-08-08T09:55:39.118" />
<mem-info id="2334" free="16929200" total="46661632" percent="36">
  <mem type="nursery" free="15768176" total="30146560" percent="52">
    <mem type="allocate" free="15768176" total="18415616" percent="85" />
    <mem type="survivor" free="0" total="11730944" percent="0" />
  </mem>
  <mem type="tenure" free="1161024" total="16515072" percent="7" micro-fragmented="0" macro-fragmented="418667">
    <mem type="soa" free="996160" total="16350208" percent="6" />
    <mem type="loa" free="164864" total="164864" percent="100" />
  </mem>
  <remembered-set count="4964" />
</mem-info>
<gc-op id="2335" type="compact" timems="29.331" contextid="2322" timestamp="2019-08-08T09:55:39.148">
  <compact-info movecount="1" movebytes="32" reason="compact to aid heap contraction" />
</gc-op>
<heap-resize id="2336" type="expand" space="tenure" amount="131072" count="1" timems="0.021" reason="satisfy allocation request" timestamp="2019-08-08T09:55:39.151" />
<gc-end id="2337" type="global" contextid="2322" durationms="58.001" usertimems="81.597" systemtimems="0.000" timestamp="2019-08-08T09:55:39.151" activeThreads="16">
  <mem-info id="2338" free="17060272" total="46792704" percent="36">
    <mem type="nursery" free="15768176" total="30146560" percent="52">
      <mem type="allocate" free="15768176" total="18415616" percent="85" />
      <mem type="survivor" free="0" total="11730944" percent="0" />
    </mem>
    <mem type="tenure" free="1292096" total="16646144" percent="7">
      <mem type="soa" free="1126208" total="16480256" percent="6" />
      <mem type="loa" free="165888" total="165888" percent="100" />
    </mem>
    <remembered-set count="4964" />
  </mem-info>
</gc-end>
<cycle-end id="2339" type="global" contextid="2322" timestamp="2019-08-08T09:55:39.151" />
  <attribute name="elasticGC enabled" value="1" />
  <attribute name= "numThreadsSpecified" value="16" />
  <attribute name="heapSize specified" value="46661632" />
  <attribute name="Current GC Util" value="67" />
  <attribute name= "Current Time Running" value="131000" />
  <attribute name ="GC Interval" value="1801" />
  <attribute name="Target GC Util Change" value ="80.000000" />
  <attribute name="Current GC Util Change" value="67.000000"/>
  <attribute name="Current Error" value="12.000000" />
  <attribute name="Output H" value="46737328"/>
  <attribute name="Output I" value="2032"/>
  <attribute name="Output T" value="16"/>
  <attribute name= "Current Time Running" value="131000" />
  <attribute name="GC Util currently" value="67" />
  <attribute name="CPU Util currently" value="39251103042" />
<allocation-satisfied id="2340" threadId="00000000021F7F00" bytesRequested="1168" />
<af-end id="2341" timestamp="2019-08-08T09:55:39.151" threadId="00000000021F8888" success="true" from="nursery"/>
<exclusive-end id="2342" timestamp="2019-08-08T09:55:39.151" durationms="58.357" />

<concurrent-kickoff id="2343" timestamp="2019-08-08T09:55:39.159">
  <kickoff reason="threshold reached" targetBytes="8404901" thresholdFreeBytes="1124714"  remainingFree="1119712" tenureFreeBytes="1292096" nurseryFreeBytes="1119712" />
</concurrent-kickoff>
<exclusive-start id="2344" timestamp="2019-08-08T09:55:39.159" intervalms="66.250">
  <response-info timems="0.052" idlems="0.052" threads="0" lastid="00000000021F7F00" lastname="main" />
</exclusive-start>
<cycle-start id="2345" type="global" contextid="0" timestamp="2019-08-08T09:55:39.159" intervalms="78.444" />
<exclusive-end id="2346" timestamp="2019-08-08T09:55:39.159" durationms="0.038" />

<exclusive-start id="2347" timestamp="2019-08-08T09:55:39.171" intervalms="12.057">
  <response-info timems="0.289" idlems="0.289" threads="0" lastid="00000000021F7F00" lastname="main" />
</exclusive-start>
<af-start id="2348" threadId="00000000021F8888" totalBytesRequested="1168" timestamp="2019-08-08T09:55:39.171" intervalms="78.308" type="nursery" />
<cycle-start id="2349" type="scavenge" contextid="0" timestamp="2019-08-08T09:55:39.171" intervalms="3123.185" />
<gc-start id="2350" type="scavenge" contextid="2349" timestamp="2019-08-08T09:55:39.171">
  <mem-info id="2351" free="1292096" total="46792704" percent="2">
    <mem type="nursery" free="0" total="30146560" percent="0">
      <mem type="allocate" free="0" total="18415616" percent="0" />
      <mem type="survivor" free="0" total="11730944" percent="0" />
    </mem>
    <mem type="tenure" free="1292096" total="16646144" percent="7">
      <mem type="soa" free="1126208" total="16480256" percent="6" />
      <mem type="loa" free="165888" total="165888" percent="100" />
    </mem>
    <remembered-set count="4964" />
  </mem-info>
</gc-start>
<allocation-stats totalBytes="15706768" >
  <allocated-bytes non-tlh="1168" tlh="15705600" />
  <largest-consumer threadName="main" threadId="00000000021F7F00" bytes="15706768" />
</allocation-stats>
<gc-op id="2352" type="scavenge" timems="7.130" contextid="2349" timestamp="2019-08-08T09:55:39.178">
  <scavenger-info tenureage="3" tenuremask="fff8" tiltratio="61" />
  <memory-copied type="nursery" objects="15929" bytes="415712" bytesdiscarded="300280" />
  <memory-copied type="tenure" objects="85644" bytes="2231704" bytesdiscarded="568" />
  <ownableSynchronizers candidates="42" cleared="42" />
  <references type="soft" candidates="1433" cleared="0" enqueued="0" dynamicThreshold="2" maxThreshold="32" />
  <references type="weak" candidates="76" cleared="0" enqueued="0" />
  <heap-resize type="expand" space="tenure" amount="1310720" count="10" timems="1.376" reason="continue current collection" />
</gc-op>
<gc-end id="2353" type="scavenge" contextid="2349" durationms="7.645" usertimems="29.334" systemtimems="0.000" timestamp="2019-08-08T09:55:39.179" activeThreads="16">
  <mem-info id="2354" free="19648272" total="48103424" percent="40">
    <mem type="nursery" free="19403536" total="30146560" percent="64">
      <mem type="allocate" free="19403536" total="20119552" percent="96" />
      <mem type="survivor" free="0" total="10027008" percent="0" />
    </mem>
    <mem type="tenure" free="244736" total="17956864" percent="1" macro-fragmented="0">
      <mem type="soa" free="65536" total="17777664" percent="0" />
      <mem type="loa" free="179200" total="179200" percent="100" />
    </mem>
    <remembered-set count="782" />
  </mem-info>
</gc-end>
<cycle-end id="2355" type="scavenge" contextid="2349" timestamp="2019-08-08T09:55:39.179" />
  <attribute name="elasticGC enabled" value="1" />
  <attribute name= "numThreadsSpecified" value="16" />
  <attribute name="heapSize specified" value="46661632" />
  <attribute name="Current GC Util" value="320" />
  <attribute name= "Current Time Running" value="131023" />
  <attribute name ="GC Interval" value="1585" />
  <attribute name="Target GC Util Change" value ="80.000000" />
  <attribute name="Current GC Util Change" value="320.000000"/>
  <attribute name="Current Error" value="-240.000000" />
  <attribute name="Output H" value="46868112"/>
  <attribute name="Output I" value="1584"/>
  <attribute name="Output T" value="16"/>
  <attribute name= "Current Time Running" value="131023" />
  <attribute name="GC Util currently" value="320" />
  <attribute name="CPU Util currently" value="49690221849" />
<allocation-satisfied id="2356" threadId="00000000021F7F00" bytesRequested="1168" />
<af-end id="2357" timestamp="2019-08-08T09:55:39.179" threadId="00000000021F8888" success="true" from="nursery"/>
<exclusive-end id="2358" timestamp="2019-08-08T09:55:39.179" durationms="7.967" />

<exclusive-start id="2359" timestamp="2019-08-08T09:55:39.179" intervalms="8.480">
  <response-info timems="0.222" idlems="0.222" threads="0" lastid="00000000021F7F00" lastname="main" />
</exclusive-start>
<concurrent-collection-start id="2360" timestamp="2019-08-08T09:55:39.180" intervalms="3124.358" >
  <concurrent-trace-info reason="card cleaning threshold reached" tracedByMutators="4385584" tracedByHelpers="5744360" cardsCleaned="0" workStackOverflowCount="0" />
</concurrent-collection-start>
<gc-start id="2361" type="global" contextid="2345" timestamp="2019-08-08T09:55:39.180">
  <mem-info id="2362" free="19581568" total="48103424" percent="40">
    <mem type="nursery" free="19336832" total="30146560" percent="64">
      <mem type="allocate" free="19336832" total="20119552" percent="96" />
      <mem type="survivor" free="0" total="10027008" percent="0" />
    </mem>
    <mem type="tenure" free="244736" total="17956864" percent="1">
      <mem type="soa" free="65536" total="17777664" percent="0" />
      <mem type="loa" free="179200" total="179200" percent="100" />
    </mem>
    <remembered-set count="782" />
  </mem-info>
</gc-start>
<allocation-stats totalBytes="66704" >
  <allocated-bytes non-tlh="1168" tlh="65536" />
  <largest-consumer threadName="main" threadId="00000000021F7F00" bytes="66704" />
</allocation-stats>
<gc-op id="2363" type="rs-scan" timems="1.685" contextid="2345" timestamp="2019-08-08T09:55:39.181">
  <scan objectsFound="106" bytesTraced="15108" workStackOverflowCount="0" />
</gc-op>
<gc-op id="2364" type="card-cleaning" timems="3.726" contextid="2345" timestamp="2019-08-08T09:55:39.185">
  <card-cleaning cardsCleaned="2254" bytesTraced="4522688" workStackOverflowCount="0" />
</gc-op>
<gc-op id="2365" type="mark" timems="8.317" contextid="2345" timestamp="2019-08-08T09:55:39.193">
  <trace-info objectcount="333" scancount="323" scanbytes="9920" />
  <finalization candidates="80" enqueued="0" />
  <ownableSynchronizers candidates="21" cleared="0" />
  <references type="soft" candidates="3261" cleared="0" enqueued="0" dynamicThreshold="2" maxThreshold="32" />
  <references type="weak" candidates="5432" cleared="0" enqueued="0" />
  <references type="phantom" candidates="76" cleared="0" enqueued="0" />
  <stringconstants candidates="13595" cleared="0"  />
</gc-op>
<gc-op id="2366" type="sweep" timems="5.360" contextid="2345" timestamp="2019-08-08T09:55:39.199" />
<mem-info id="2367" free="20073128" total="48103424" percent="41">
  <mem type="nursery" free="19702584" total="30146560" percent="65">
    <mem type="allocate" free="19702584" total="20119552" percent="97" />
    <mem type="survivor" free="0" total="10027008" percent="0" />
  </mem>
  <mem type="tenure" free="370544" total="17956864" percent="2" micro-fragmented="0" macro-fragmented="0">
    <mem type="soa" free="191344" total="17777664" percent="1" />
    <mem type="loa" free="179200" total="179200" percent="100" />
  </mem>
  <remembered-set count="782" />
</mem-info>
<gc-op id="2368" type="compact" timems="46.882" contextid="2345" timestamp="2019-08-08T09:55:39.246">
  <compact-info movecount="101043" movebytes="2631336" reason="compact to aid heap contraction" />
</gc-op>
<heap-resize id="2369" type="expand" space="tenure" amount="131072" count="1" timems="0.026" reason="satisfy allocation request" timestamp="2019-08-08T09:55:39.247" />
<gc-end id="2370" type="global" contextid="2345" durationms="67.524" usertimems="114.346" systemtimems="0.000" timestamp="2019-08-08T09:55:39.247" activeThreads="16">
  <mem-info id="2371" free="20204816" total="48234496" percent="41">
    <mem type="nursery" free="19702632" total="30146560" percent="65">
      <mem type="allocate" free="19702632" total="20119552" percent="97" />
      <mem type="survivor" free="0" total="10027008" percent="0" />
    </mem>
    <mem type="tenure" free="502184" total="18087936" percent="2">
      <mem type="soa" free="321960" total="17907712" percent="1" />
      <mem type="loa" free="180224" total="180224" percent="100" />
    </mem>
    <remembered-set count="782" />
  </mem-info>
</gc-end>
<cycle-end id="2372" type="global" contextid="2345" timestamp="2019-08-08T09:55:39.247" />
  <attribute name="elasticGC enabled" value="1" />
  <attribute name= "numThreadsSpecified" value="16" />
  <attribute name="heapSize specified" value="48103424" />
  <attribute name="Current GC Util" value="54" />
  <attribute name= "Current Time Running" value="131098" />
  <attribute name ="GC Interval" value="1585" />
  <attribute name="Target GC Util Change" value ="80.000000" />
  <attribute name="Current GC Util Change" value="54.000000"/>
  <attribute name="Current Error" value="-43.000000" />
  <attribute name="Output H" value="48179056"/>
  <attribute name="Output I" value="1936"/>
  <attribute name="Output T" value="16"/>
  <attribute name= "Current Time Running" value="131098" />
  <attribute name="GC Util currently" value="54" />
  <attribute name="CPU Util currently" value="24570286319" />
<concurrent-collection-end id="2373" timestamp="2019-08-08T09:55:39.247" />
<exclusive-end id="2374" timestamp="2019-08-08T09:55:39.247" durationms="67.681" />

<concurrent-kickoff id="2375" timestamp="2019-08-08T09:55:39.259">
  <kickoff reason="threshold reached" targetBytes="9342101" thresholdFreeBytes="1258910"  remainingFree="1172328" tenureFreeBytes="502184" nurseryFreeBytes="1172328" />
</concurrent-kickoff>
<exclusive-start id="2376" timestamp="2019-08-08T09:55:39.260" intervalms="80.330">
  <response-info timems="0.603" idlems="0.603" threads="0" lastid="00000000021F7F00" lastname="main" />
</exclusive-start>
<cycle-start id="2377" type="global" contextid="0" timestamp="2019-08-08T09:55:39.260" intervalms="100.847" />
<exclusive-end id="2378" timestamp="2019-08-08T09:55:39.260" durationms="0.018" />

<exclusive-start id="2379" timestamp="2019-08-08T09:55:39.281" intervalms="21.237">
  <response-info timems="0.110" idlems="0.110" threads="0" lastid="00000000021F7F00" lastname="main" />
</exclusive-start>
<af-start id="2380" threadId="00000000021F8888" totalBytesRequested="1168" timestamp="2019-08-08T09:55:39.281" intervalms="110.026" type="nursery" />
<cycle-start id="2381" type="scavenge" contextid="0" timestamp="2019-08-08T09:55:39.281" intervalms="110.025" />
<gc-start id="2382" type="scavenge" contextid="2381" timestamp="2019-08-08T09:55:39.281">
  <mem-info id="2383" free="502184" total="48234496" percent="1">
    <mem type="nursery" free="0" total="30146560" percent="0">
      <mem type="allocate" free="0" total="20119552" percent="0" />
      <mem type="survivor" free="0" total="10027008" percent="0" />
    </mem>
    <mem type="tenure" free="502184" total="18087936" percent="2">
      <mem type="soa" free="321960" total="17907712" percent="1" />
      <mem type="loa" free="180224" total="180224" percent="100" />
    </mem>
    <remembered-set count="782" />
  </mem-info>
</gc-start>
<allocation-stats totalBytes="19623344" >
  <allocated-bytes non-tlh="0" tlh="19623344" />
  <largest-consumer threadName="main" threadId="00000000021F7F00" bytes="19623344" />
</allocation-stats>
<gc-op id="2384" type="scavenge" timems="10.215" contextid="2381" timestamp="2019-08-08T09:55:39.291">
  <scavenger-info tenureage="3" tenuremask="ffe8" tiltratio="66" />
  <memory-copied type="nursery" objects="96" bytes="6608" bytesdiscarded="95536" />
  <memory-copied type="tenure" objects="15833" bytes="409104" bytesdiscarded="88" />
  <ownableSynchronizers candidates="42" cleared="42" />
  <references type="weak" candidates="8" cleared="0" enqueued="0" />
  <heap-resize type="expand" space="tenure" amount="393216" count="2" timems="0.046" reason="continue current collection" />
</gc-op>
<heap-resize id="2385" type="expand" space="nursery" amount="1310720" count="1" timems="0.019" reason="excessive time being spent scavenging" timestamp="2019-08-08T09:55:39.292" />
<gc-end id="2386" type="scavenge" contextid="2381" durationms="10.603" usertimems="19.714" systemtimems="0.000" timestamp="2019-08-08T09:55:39.292" activeThreads="16">
  <mem-info id="2387" free="23182080" total="49938432" percent="46">
    <mem type="nursery" free="22835456" total="31457280" percent="72">
      <mem type="allocate" free="22835456" total="22937600" percent="99" />
      <mem type="survivor" free="0" total="8519680" percent="0" />
    </mem>
    <mem type="tenure" free="346624" total="18481152" percent="1" macro-fragmented="257053">
      <mem type="soa" free="162304" total="18296832" percent="0" />
      <mem type="loa" free="184320" total="184320" percent="100" />
    </mem>
    <remembered-set count="133" />
  </mem-info>
</gc-end>
<cycle-end id="2388" type="scavenge" contextid="2381" timestamp="2019-08-08T09:55:39.292" />
  <attribute name="elasticGC enabled" value="1" />
  <attribute name= "numThreadsSpecified" value="16" />
  <attribute name="heapSize specified" value="48103424" />
  <attribute name="Current GC Util" value="137" />
  <attribute name= "Current Time Running" value="131133" />
  <attribute name ="GC Interval" value="1833" />
  <attribute name="Target GC Util Change" value ="80.000000" />
  <attribute name="Current GC Util Change" value="137.000000"/>
  <attribute name="Current Error" value="-100.000000" />
  <attribute name="Output H" value="48310064"/>
  <attribute name="Output I" value="1832"/>
  <attribute name="Output T" value="16"/>
  <attribute name= "Current Time Running" value="131133" />
  <attribute name="GC Util currently" value="137" />
  <attribute name="CPU Util currently" value="32646294985" />
<allocation-satisfied id="2389" threadId="00000000021F7F00" bytesRequested="1168" />
<af-end id="2390" timestamp="2019-08-08T09:55:39.292" threadId="00000000021F8888" success="true" from="nursery"/>
<exclusive-end id="2391" timestamp="2019-08-08T09:55:39.292" durationms="10.939" />

<exclusive-start id="2392" timestamp="2019-08-08T09:55:39.293" intervalms="12.378">
  <response-info timems="0.175" idlems="0.175" threads="0" lastid="00000000021F7F00" lastname="main" />
</exclusive-start>
<concurrent-collection-start id="2393" timestamp="2019-08-08T09:55:39.293" intervalms="113.942" >
  <concurrent-trace-info reason="card cleaning threshold reached" tracedByMutators="6820932" tracedByHelpers="6770932" cardsCleaned="212" workStackOverflowCount="0" />
</concurrent-collection-start>
<gc-start id="2394" type="global" contextid="2377" timestamp="2019-08-08T09:55:39.294">
  <mem-info id="2395" free="23045744" total="49938432" percent="46">
    <mem type="nursery" free="22699120" total="31457280" percent="72">
      <mem type="allocate" free="22699120" total="22937600" percent="98" />
      <mem type="survivor" free="0" total="8519680" percent="0" />
    </mem>
    <mem type="tenure" free="346624" total="18481152" percent="1">
      <mem type="soa" free="162304" total="18296832" percent="0" />
      <mem type="loa" free="184320" total="184320" percent="100" />
    </mem>
    <remembered-set count="133" />
  </mem-info>
</gc-start>
<allocation-stats totalBytes="136160" >
  <allocated-bytes non-tlh="1168" tlh="134992" />
  <largest-consumer threadName="main" threadId="00000000021F7F00" bytes="136160" />
</allocation-stats>
<gc-op id="2396" type="rs-scan" timems="3.421" contextid="2377" timestamp="2019-08-08T09:55:39.297">
  <scan objectsFound="70" bytesTraced="7924" workStackOverflowCount="0" />
</gc-op>
<gc-op id="2397" type="card-cleaning" timems="2.029" contextid="2377" timestamp="2019-08-08T09:55:39.299">
  <card-cleaning cardsCleaned="0" bytesTraced="53504" workStackOverflowCount="0" />
</gc-op>
<gc-op id="2398" type="mark" timems="11.489" contextid="2377" timestamp="2019-08-08T09:55:39.311">
  <trace-info objectcount="332" scancount="322" scanbytes="9904" />
  <finalization candidates="80" enqueued="0" />
  <ownableSynchronizers candidates="21" cleared="0" />
  <references type="soft" candidates="3261" cleared="0" enqueued="0" dynamicThreshold="0" maxThreshold="32" />
  <references type="weak" candidates="5432" cleared="0" enqueued="0" />
  <references type="phantom" candidates="76" cleared="0" enqueued="0" />
  <stringconstants candidates="13595" cleared="0"  />
</gc-op>
<gc-op id="2399" type="sweep" timems="1.399" contextid="2377" timestamp="2019-08-08T09:55:39.312" />
<mem-info id="2400" free="23415800" total="49938432" percent="46">
  <mem type="nursery" free="22929616" total="31457280" percent="72">
    <mem type="allocate" free="22929616" total="22937600" percent="99" />
    <mem type="survivor" free="0" total="8519680" percent="0" />
  </mem>
  <mem type="tenure" free="486184" total="18481152" percent="2" micro-fragmented="0" macro-fragmented="0">
    <mem type="soa" free="301864" total="18296832" percent="1" />
    <mem type="loa" free="184320" total="184320" percent="100" />
  </mem>
  <remembered-set count="133" />
</mem-info>
<gc-op id="2401" type="compact" timems="42.114" contextid="2377" timestamp="2019-08-08T09:55:39.354">
  <compact-info movecount="15507" movebytes="400792" reason="compact to aid heap contraction" />
</gc-op>
<heap-resize id="2402" type="expand" space="tenure" amount="131072" count="1" timems="0.024" reason="satisfy allocation request" timestamp="2019-08-08T09:55:39.355" />
<gc-end id="2403" type="global" contextid="2377" durationms="61.945" usertimems="79.234" systemtimems="0.000" timestamp="2019-08-08T09:55:39.355" activeThreads="16">
  <mem-info id="2404" free="23547168" total="50069504" percent="47">
    <mem type="nursery" free="22929824" total="31457280" percent="72">
      <mem type="allocate" free="22929824" total="22937600" percent="99" />
      <mem type="survivor" free="0" total="8519680" percent="0" />
    </mem>
    <mem type="tenure" free="617344" total="18612224" percent="3">
      <mem type="soa" free="432000" total="18426880" percent="2" />
      <mem type="loa" free="185344" total="185344" percent="100" />
    </mem>
    <remembered-set count="133" />
  </mem-info>
</gc-end>
<cycle-end id="2405" type="global" contextid="2377" timestamp="2019-08-08T09:55:39.355" />
  <attribute name="elasticGC enabled" value="1" />
  <attribute name= "numThreadsSpecified" value="16" />
  <attribute name="heapSize specified" value="49938432" />
  <attribute name="Current GC Util" value="52" />
  <attribute name= "Current Time Running" value="131207" />
  <attribute name ="GC Interval" value="1833" />
  <attribute name="Target GC Util Change" value ="80.000000" />
  <attribute name="Current GC Util Change" value="52.000000"/>
  <attribute name="Current Error" value="85.000000" />
  <attribute name="Output H" value="50014216"/>
  <attribute name="Output I" value="2160"/>
  <attribute name="Output T" value="16"/>
  <attribute name= "Current Time Running" value="131207" />
  <attribute name="GC Util currently" value="52" />
  <attribute name="CPU Util currently" value="27344642517" />
<concurrent-collection-end id="2406" timestamp="2019-08-08T09:55:39.356" />
<exclusive-end id="2407" timestamp="2019-08-08T09:55:39.356" durationms="62.106" />

<concurrent-kickoff id="2408" timestamp="2019-08-08T09:55:39.383">
  <kickoff reason="threshold reached" targetBytes="10405150" thresholdFreeBytes="1402922"  remainingFree="1384864" tenureFreeBytes="617344" nurseryFreeBytes="1384864" />
</concurrent-kickoff>
<exclusive-start id="2409" timestamp="2019-08-08T09:55:39.383" intervalms="89.719">
  <response-info timems="0.135" idlems="0.135" threads="0" lastid="00000000021F7F00" lastname="main" />
</exclusive-start>
<cycle-start id="2410" type="global" contextid="0" timestamp="2019-08-08T09:55:39.383" intervalms="123.336" />
<exclusive-end id="2411" timestamp="2019-08-08T09:55:39.383" durationms="0.021" />

<exclusive-start id="2412" timestamp="2019-08-08T09:55:39.401" intervalms="17.536">
  <response-info timems="0.107" idlems="0.107" threads="0" lastid="00000000021F7F00" lastname="main" />
</exclusive-start>
<af-start id="2413" threadId="00000000021F8888" totalBytesRequested="1168" timestamp="2019-08-08T09:55:39.401" intervalms="119.651" type="nursery" />
<percolate-collect id="2414" from="nursery" to="global" reason="concurrent mark exhausted" timestamp="2019-08-08T09:55:39.401"/>
<gc-start id="2415" type="global" contextid="2410" timestamp="2019-08-08T09:55:39.401">
  <mem-info id="2416" free="617344" total="50069504" percent="1">
    <mem type="nursery" free="0" total="31457280" percent="0">
      <mem type="allocate" free="0" total="22937600" percent="0" />
      <mem type="survivor" free="0" total="8519680" percent="0" />
    </mem>
    <mem type="tenure" free="617344" total="18612224" percent="3">
      <mem type="soa" free="432000" total="18426880" percent="2" />
      <mem type="loa" free="185344" total="185344" percent="100" />
    </mem>
    <remembered-set count="133" />
  </mem-info>
</gc-start>
<allocation-stats totalBytes="22847136" >
  <allocated-bytes non-tlh="0" tlh="22847136" />
  <largest-consumer threadName="main" threadId="00000000021F7F00" bytes="22847136" />
</allocation-stats>
<concurrent-halted id="2417" timestamp="2019-08-08T09:55:39.401">
  <halted state="Complete" status="exhausted" />
  <traced bytesTarget="10405150" bytesTotal="13393588" bytesByMutator="5979604" bytesByHelper="7413984" percent="128" />
  <cards cleaned="0" thresholdBytes="552666" />
</concurrent-halted>
<gc-op id="2418" type="rs-scan" timems="5.857" contextid="2410" timestamp="2019-08-08T09:55:39.407">
  <scan objectsFound="100" bytesTraced="9292" workStackOverflowCount="0" />
</gc-op>
<gc-op id="2419" type="card-cleaning" timems="4.725" contextid="2410" timestamp="2019-08-08T09:55:39.412">
  <card-cleaning cardsCleaned="0" bytesTraced="11392" workStackOverflowCount="0" />
</gc-op>
<gc-op id="2420" type="mark" timems="8.902" contextid="2410" timestamp="2019-08-08T09:55:39.421">
  <trace-info objectcount="286" scancount="275" scanbytes="8228" />
  <finalization candidates="80" enqueued="0" />
  <ownableSynchronizers candidates="21" cleared="0" />
  <references type="soft" candidates="3261" cleared="0" enqueued="0" dynamicThreshold="1" maxThreshold="32" />
  <references type="weak" candidates="5432" cleared="0" enqueued="0" />
  <references type="phantom" candidates="76" cleared="0" enqueued="0" />
  <stringconstants candidates="13595" cleared="0"  />
</gc-op>
<gc-op id="2421" type="sweep" timems="4.444" contextid="2410" timestamp="2019-08-08T09:55:39.425" />
<mem-info id="2422" free="23548112" total="50069504" percent="47">
  <mem type="nursery" free="22930768" total="31457280" percent="72">
    <mem type="allocate" free="22930768" total="22937600" percent="99" />
    <mem type="survivor" free="0" total="8519680" percent="0" />
  </mem>
  <mem type="tenure" free="617344" total="18612224" percent="3" micro-fragmented="0" macro-fragmented="0">
    <mem type="soa" free="432000" total="18426880" percent="2" />
    <mem type="loa" free="185344" total="185344" percent="100" />
  </mem>
  <remembered-set count="133" />
</mem-info>
<gc-op id="2423" type="compact" timems="39.799" contextid="2410" timestamp="2019-08-08T09:55:39.465">
  <compact-info movecount="97" movebytes="6632" reason="compact to aid heap contraction" />
</gc-op>
<heap-resize id="2424" type="expand" space="tenure" amount="131072" count="1" timems="0.029" reason="satisfy allocation request" timestamp="2019-08-08T09:55:39.467" />
<gc-end id="2425" type="global" contextid="2410" durationms="65.555" usertimems="82.841" systemtimems="0.000" timestamp="2019-08-08T09:55:39.467" activeThreads="16">
  <mem-info id="2426" free="23679384" total="50200576" percent="47">
    <mem type="nursery" free="22930968" total="31457280" percent="72">
      <mem type="allocate" free="22930968" total="22937600" percent="99" />
      <mem type="survivor" free="0" total="8519680" percent="0" />
    </mem>
    <mem type="tenure" free="748416" total="18743296" percent="3">
      <mem type="soa" free="561024" total="18555904" percent="3" />
      <mem type="loa" free="187392" total="187392" percent="100" />
    </mem>
    <remembered-set count="133" />
  </mem-info>
</gc-end>
<cycle-end id="2427" type="global" contextid="2410" timestamp="2019-08-08T09:55:39.467" />
  <attribute name="elasticGC enabled" value="1" />
  <attribute name= "numThreadsSpecified" value="16" />
  <attribute name="heapSize specified" value="50069504" />
  <attribute name="Current GC Util" value="45" />
  <attribute name= "Current Time Running" value="131317" />
  <attribute name ="GC Interval" value="1833" />
  <attribute name="Target GC Util Change" value ="80.000000" />
  <attribute name="Current GC Util Change" value="45.000000"/>
  <attribute name="Current Error" value="-108.000000" />
  <attribute name="Output H" value="50145064"/>
  <attribute name="Output I" value="1816"/>
  <attribute name="Output T" value="16"/>
  <attribute name= "Current Time Running" value="131317" />
  <attribute name="GC Util currently" value="45" />
  <attribute name="CPU Util currently" value="28910639608" />
<allocation-satisfied id="2428" threadId="00000000021F7F00" bytesRequested="1168" />
<af-end id="2429" timestamp="2019-08-08T09:55:39.467" threadId="00000000021F8888" success="true" from="nursery"/>
<exclusive-end id="2430" timestamp="2019-08-08T09:55:39.467" durationms="66.347" />

<concurrent-kickoff id="2431" timestamp="2019-08-08T09:55:39.506">
  <kickoff reason="threshold reached" targetBytes="11065254" thresholdFreeBytes="1500150"  remainingFree="1466760" tenureFreeBytes="748416" nurseryFreeBytes="1466760" />
</concurrent-kickoff>
<exclusive-start id="2432" timestamp="2019-08-08T09:55:39.507" intervalms="106.475">
  <response-info timems="1.194" idlems="1.194" threads="0" lastid="00000000021F7F00" lastname="main" />
</exclusive-start>
<cycle-start id="2433" type="global" contextid="0" timestamp="2019-08-08T09:55:39.507" intervalms="124.013" />
<exclusive-end id="2434" timestamp="2019-08-08T09:55:39.507" durationms="0.024" />

<exclusive-start id="2435" timestamp="2019-08-08T09:55:39.534" intervalms="26.904">
  <response-info timems="0.049" idlems="0.049" threads="0" lastid="00000000021F7F00" lastname="main" />
</exclusive-start>
<af-start id="2436" threadId="00000000021F8888" totalBytesRequested="1168" timestamp="2019-08-08T09:55:39.534" intervalms="133.362" type="nursery" />
<cycle-start id="2437" type="scavenge" contextid="0" timestamp="2019-08-08T09:55:39.534" intervalms="253.008" />
<gc-start id="2438" type="scavenge" contextid="2437" timestamp="2019-08-08T09:55:39.534">
  <mem-info id="2439" free="748416" total="50200576" percent="1">
    <mem type="nursery" free="0" total="31457280" percent="0">
      <mem type="allocate" free="0" total="22937600" percent="0" />
      <mem type="survivor" free="0" total="8519680" percent="0" />
    </mem>
    <mem type="tenure" free="748416" total="18743296" percent="3">
      <mem type="soa" free="561024" total="18555904" percent="3" />
      <mem type="loa" free="187392" total="187392" percent="100" />
    </mem>
    <remembered-set count="133" />
  </mem-info>
</gc-start>
<allocation-stats totalBytes="22852648" >
  <allocated-bytes non-tlh="1168" tlh="22851480" />
  <largest-consumer threadName="main" threadId="00000000021F7F00" bytes="22852648" />
</allocation-stats>
<gc-op id="2440" type="scavenge" timems="2.812" contextid="2437" timestamp="2019-08-08T09:55:39.537">
  <scavenger-info tenureage="2" tenuremask="ffec" tiltratio="72" />
  <memory-copied type="nursery" objects="2" bytes="56" bytesdiscarded="23752" />
  <memory-copied type="tenure" objects="95" bytes="6576" bytesdiscarded="0" />
  <ownableSynchronizers candidates="42" cleared="42" />
</gc-op>
<gc-end id="2441" type="scavenge" contextid="2437" durationms="3.241" usertimems="7.421" systemtimems="0.000" timestamp="2019-08-08T09:55:39.537" activeThreads="16">
  <mem-info id="2442" free="25637760" total="50200576" percent="51">
    <mem type="nursery" free="24945408" total="31457280" percent="79">
      <mem type="allocate" free="24945408" total="24969216" percent="99" />
      <mem type="survivor" free="0" total="6488064" percent="0" />
    </mem>
    <mem type="tenure" free="692352" total="18743296" percent="3" macro-fragmented="348889">
      <mem type="soa" free="504960" total="18555904" percent="2" />
      <mem type="loa" free="187392" total="187392" percent="100" />
    </mem>
    <remembered-set count="120" />
  </mem-info>
</gc-end>
<cycle-end id="2443" type="scavenge" contextid="2437" timestamp="2019-08-08T09:55:39.537" />
  <attribute name="elasticGC enabled" value="1" />
  <attribute name= "numThreadsSpecified" value="16" />
  <attribute name="heapSize specified" value="50069504" />
  <attribute name="Current GC Util" value="102" />
  <attribute name= "Current Time Running" value="131386" />
  <attribute name ="GC Interval" value="1777" />
  <attribute name="Target GC Util Change" value ="80.000000" />
  <attribute name="Current GC Util Change" value="102.000000"/>
  <attribute name="Current Error" value="-130.000000" />
  <attribute name="Output H" value="50276112"/>
  <attribute name="Output I" value="1776"/>
  <attribute name="Output T" value="16"/>
  <attribute name= "Current Time Running" value="131386" />
  <attribute name="GC Util currently" value="102" />
  <attribute name="CPU Util currently" value="16703927127" />
<allocation-satisfied id="2444" threadId="00000000021F7F00" bytesRequested="1168" />
<af-end id="2445" timestamp="2019-08-08T09:55:39.538" threadId="00000000021F8888" success="true" from="nursery"/>
<exclusive-end id="2446" timestamp="2019-08-08T09:55:39.538" durationms="3.640" />

<exclusive-start id="2447" timestamp="2019-08-08T09:55:39.538" intervalms="4.260">
  <response-info timems="0.106" idlems="0.106" threads="0" lastid="00000000021F7F00" lastname="main" />
</exclusive-start>
<concurrent-collection-start id="2448" timestamp="2019-08-08T09:55:39.538" intervalms="244.908" >
  <concurrent-trace-info reason="card cleaning threshold reached" tracedByMutators="7291072" tracedByHelpers="6076644" cardsCleaned="0" workStackOverflowCount="0" />
</concurrent-collection-start>
<gc-start id="2449" type="global" contextid="2433" timestamp="2019-08-08T09:55:39.538">
  <mem-info id="2450" free="25501424" total="50200576" percent="50">
    <mem type="nursery" free="24809072" total="31457280" percent="78">
      <mem type="allocate" free="24809072" total="24969216" percent="99" />
      <mem type="survivor" free="0" total="6488064" percent="0" />
    </mem>
    <mem type="tenure" free="692352" total="18743296" percent="3">
      <mem type="soa" free="504960" total="18555904" percent="2" />
      <mem type="loa" free="187392" total="187392" percent="100" />
    </mem>
    <remembered-set count="120" />
  </mem-info>
</gc-start>
<allocation-stats totalBytes="136184" >
  <allocated-bytes non-tlh="1168" tlh="135016" />
  <largest-consumer threadName="main" threadId="00000000021F7F00" bytes="136184" />
</allocation-stats>
<gc-op id="2451" type="rs-scan" timems="2.789" contextid="2433" timestamp="2019-08-08T09:55:39.541">
  <scan objectsFound="75" bytesTraced="6108" workStackOverflowCount="0" />
</gc-op>
<gc-op id="2452" type="card-cleaning" timems="1.125" contextid="2433" timestamp="2019-08-08T09:55:39.542">
  <card-cleaning cardsCleaned="10" bytesTraced="17488" workStackOverflowCount="0" />
</gc-op>
<gc-op id="2453" type="mark" timems="7.770" contextid="2433" timestamp="2019-08-08T09:55:39.550">
  <trace-info objectcount="1366" scancount="1196" scanbytes="34100" />
  <finalization candidates="80" enqueued="0" />
  <ownableSynchronizers candidates="21" cleared="0" />
  <references type="soft" candidates="3261" cleared="0" enqueued="0" dynamicThreshold="1" maxThreshold="32" />
  <references type="weak" candidates="5432" cleared="0" enqueued="0" />
  <references type="phantom" candidates="76" cleared="0" enqueued="0" />
  <stringconstants candidates="13595" cleared="0"  />
</gc-op>
<gc-op id="2454" type="sweep" timems="4.113" contextid="2433" timestamp="2019-08-08T09:55:39.554" />
<mem-info id="2455" free="25709680" total="50200576" percent="51">
  <mem type="nursery" free="24967840" total="31457280" percent="79">
    <mem type="allocate" free="24967840" total="24969216" percent="99" />
    <mem type="survivor" free="0" total="6488064" percent="0" />
  </mem>
  <mem type="tenure" free="741840" total="18743296" percent="3" micro-fragmented="0" macro-fragmented="0">
    <mem type="soa" free="554448" total="18555904" percent="2" />
    <mem type="loa" free="187392" total="187392" percent="100" />
  </mem>
  <remembered-set count="120" />
</mem-info>
<gc-op id="2456" type="compact" timems="45.295" contextid="2433" timestamp="2019-08-08T09:55:39.600">
  <compact-info movecount="9" movebytes="1416" reason="compact to aid heap contraction" />
</gc-op>
<heap-resize id="2457" type="expand" space="tenure" amount="131072" count="1" timems="0.020" reason="satisfy allocation request" timestamp="2019-08-08T09:55:39.601" />
<gc-end id="2458" type="global" contextid="2433" durationms="62.751" usertimems="86.518" systemtimems="0.000" timestamp="2019-08-08T09:55:39.601" activeThreads="8">
  <mem-info id="2459" free="25840904" total="50331648" percent="51">
    <mem type="nursery" free="24967992" total="31457280" percent="79">
      <mem type="allocate" free="24967992" total="24969216" percent="99" />
      <mem type="survivor" free="0" total="6488064" percent="0" />
    </mem>
    <mem type="tenure" free="872912" total="18874368" percent="4">
      <mem type="soa" free="684496" total="18685952" percent="3" />
      <mem type="loa" free="188416" total="188416" percent="100" />
    </mem>
    <remembered-set count="120" />
  </mem-info>
</gc-end>
<cycle-end id="2460" type="global" contextid="2433" timestamp="2019-08-08T09:55:39.601" />
  <attribute name="elasticGC enabled" value="1" />
  <attribute name= "numThreadsSpecified" value="8" />
  <attribute name="heapSize specified" value="50200576" />
  <attribute name="Current GC Util" value="97" />
  <attribute name= "Current Time Running" value="131452" />
  <attribute name ="GC Interval" value="1777" />
  <attribute name="Target GC Util Change" value ="80.000000" />
  <attribute name="Current GC Util Change" value="97.000000"/>
  <attribute name="Current Error" value="-17.000000" />
  <attribute name="Output H" value="50276240"/>
  <attribute name="Output I" value="1984"/>
  <attribute name="Output T" value="8"/>
  <attribute name= "Current Time Running" value="131452" />
  <attribute name="GC Util currently" value="97" />
  <attribute name="CPU Util currently" value="25440178595" />
<concurrent-collection-end id="2461" timestamp="2019-08-08T09:55:39.601" />
<exclusive-end id="2462" timestamp="2019-08-08T09:55:39.601" durationms="62.934" />

<concurrent-kickoff id="2463" timestamp="2019-08-08T09:55:39.613">
  <kickoff reason="threshold reached" targetBytes="11598616" thresholdFreeBytes="1576675"  remainingFree="1456952" tenureFreeBytes="872912" nurseryFreeBytes="1456952" />
</concurrent-kickoff>
<exclusive-start id="2464" timestamp="2019-08-08T09:55:39.613" intervalms="75.194">
  <response-info timems="0.204" idlems="0.204" threads="0" lastid="00000000021F7F00" lastname="main" />
</exclusive-start>
<cycle-start id="2465" type="global" contextid="0" timestamp="2019-08-08T09:55:39.614" intervalms="106.352" />
<exclusive-end id="2466" timestamp="2019-08-08T09:55:39.614" durationms="0.014" />

<exclusive-start id="2467" timestamp="2019-08-08T09:55:39.638" intervalms="24.803">
  <response-info timems="0.053" idlems="0.053" threads="0" lastid="00000000021F7F00" lastname="main" />
</exclusive-start>
<concurrent-collection-start id="2468" timestamp="2019-08-08T09:55:39.638" intervalms="99.995" >
  <concurrent-trace-info reason="card cleaning threshold reached" tracedByMutators="7245436" tracedByHelpers="6155864" cardsCleaned="1" workStackOverflowCount="0" />
</concurrent-collection-start>
<gc-start id="2469" type="global" contextid="2465" timestamp="2019-08-08T09:55:39.638">
  <mem-info id="2470" free="872912" total="50331648" percent="1">
    <mem type="nursery" free="0" total="31457280" percent="0">
      <mem type="allocate" free="0" total="24969216" percent="0" />
      <mem type="survivor" free="0" total="6488064" percent="0" />
    </mem>
    <mem type="tenure" free="872912" total="18874368" percent="4">
      <mem type="soa" free="684496" total="18685952" percent="3" />
      <mem type="loa" free="188416" total="188416" percent="100" />
    </mem>
    <remembered-set count="120" />
  </mem-info>
</gc-start>
<allocation-stats totalBytes="24879264" >
  <allocated-bytes non-tlh="0" tlh="24879264" />
  <largest-consumer threadName="main" threadId="00000000021F7F00" bytes="24879264" />
</allocation-stats>
<gc-op id="2471" type="rs-scan" timems="2.325" contextid="2465" timestamp="2019-08-08T09:55:39.641">
  <scan objectsFound="87" bytesTraced="6528" workStackOverflowCount="0" />
</gc-op>
<gc-op id="2472" type="card-cleaning" timems="2.271" contextid="2465" timestamp="2019-08-08T09:55:39.643">
  <card-cleaning cardsCleaned="1" bytesTraced="528" workStackOverflowCount="0" />
</gc-op>
<gc-op id="2473" type="mark" timems="9.680" contextid="2465" timestamp="2019-08-08T09:55:39.653">
  <trace-info objectcount="286" scancount="257" scanbytes="6244" />
  <finalization candidates="80" enqueued="0" />
  <ownableSynchronizers candidates="21" cleared="0" />
  <references type="soft" candidates="3261" cleared="0" enqueued="0" dynamicThreshold="1" maxThreshold="32" />
  <references type="weak" candidates="5432" cleared="0" enqueued="0" />
  <references type="phantom" candidates="76" cleared="0" enqueued="0" />
  <stringconstants candidates="13595" cleared="0"  />
</gc-op>
<gc-op id="2474" type="sweep" timems="1.826" contextid="2465" timestamp="2019-08-08T09:55:39.655" />
<mem-info id="2475" free="25840472" total="50331648" percent="51">
  <mem type="nursery" free="24967560" total="31457280" percent="79">
    <mem type="allocate" free="24967560" total="24969216" percent="99" />
    <mem type="survivor" free="0" total="6488064" percent="0" />
  </mem>
  <mem type="tenure" free="872912" total="18874368" percent="4" micro-fragmented="0" macro-fragmented="0">
    <mem type="soa" free="684496" total="18685952" percent="3" />
    <mem type="loa" free="188416" total="188416" percent="100" />
  </mem>
  <remembered-set count="120" />
</mem-info>
<gc-op id="2476" type="compact" timems="52.930" contextid="2465" timestamp="2019-08-08T09:55:39.708">
  <compact-info movecount="3" movebytes="1224" reason="compact to aid heap contraction" />
</gc-op>
<heap-resize id="2477" type="expand" space="tenure" amount="131072" count="1" timems="0.026" reason="satisfy allocation request" timestamp="2019-08-08T09:55:39.709" />
<gc-end id="2478" type="global" contextid="2465" durationms="70.652" usertimems="84.715" systemtimems="0.000" timestamp="2019-08-08T09:55:39.709" activeThreads="16">
  <mem-info id="2479" free="25971976" total="50462720" percent="51">
    <mem type="nursery" free="24967992" total="31457280" percent="79">
      <mem type="allocate" free="24967992" total="24969216" percent="99" />
      <mem type="survivor" free="0" total="6488064" percent="0" />
    </mem>
    <mem type="tenure" free="1003984" total="19005440" percent="5">
      <mem type="soa" free="814544" total="18816000" percent="4" />
      <mem type="loa" free="189440" total="189440" percent="100" />
    </mem>
    <remembered-set count="120" />
  </mem-info>
</gc-end>
<cycle-end id="2480" type="global" contextid="2465" timestamp="2019-08-08T09:55:39.709" />
  <attribute name="elasticGC enabled" value="1" />
  <attribute name= "numThreadsSpecified" value="16" />
  <attribute name="heapSize specified" value="50331648" />
  <attribute name="Current GC Util" value="33" />
  <attribute name= "Current Time Running" value="131560" />
  <attribute name ="GC Interval" value="1777" />
  <attribute name="Target GC Util Change" value ="80.000000" />
  <attribute name="Current GC Util Change" value="33.000000"/>
  <attribute name="Current Error" value="-5.000000" />
  <attribute name="Output H" value="50407328"/>
  <attribute name="Output I" value="2000"/>
  <attribute name="Output T" value="16"/>
  <attribute name= "Current Time Running" value="131560" />
  <attribute name="GC Util currently" value="33" />
  <attribute name="CPU Util currently" value="21757588014" />
<concurrent-collection-end id="2481" timestamp="2019-08-08T09:55:39.709" />
<exclusive-end id="2482" timestamp="2019-08-08T09:55:39.709" durationms="70.842" />

<concurrent-kickoff id="2483" timestamp="2019-08-08T09:55:39.717">
  <kickoff reason="threshold reached" targetBytes="12038868" thresholdFreeBytes="1642825"  remainingFree="1538872" tenureFreeBytes="1003984" nurseryFreeBytes="1538872" />
</concurrent-kickoff>
<exclusive-start id="2484" timestamp="2019-08-08T09:55:39.717" intervalms="78.583">
  <response-info timems="0.043" idlems="0.043" threads="0" lastid="00000000021F7F00" lastname="main" />
</exclusive-start>
<cycle-start id="2485" type="global" contextid="0" timestamp="2019-08-08T09:55:39.717" intervalms="103.394" />
<exclusive-end id="2486" timestamp="2019-08-08T09:55:39.717" durationms="0.023" />

<exclusive-start id="2487" timestamp="2019-08-08T09:55:39.739" intervalms="21.880">
  <response-info timems="0.021" idlems="0.021" threads="0" lastid="00000000021F7F00" lastname="main" />
</exclusive-start>
<af-start id="2488" threadId="00000000021F8888" totalBytesRequested="1168" timestamp="2019-08-08T09:55:39.739" intervalms="204.755" type="nursery" />
<percolate-collect id="2489" from="nursery" to="global" reason="concurrent mark exhausted" timestamp="2019-08-08T09:55:39.739"/>
<gc-start id="2490" type="global" contextid="2485" timestamp="2019-08-08T09:55:39.739">
  <mem-info id="2491" free="1003984" total="50462720" percent="1">
    <mem type="nursery" free="0" total="31457280" percent="0">
      <mem type="allocate" free="0" total="24969216" percent="0" />
      <mem type="survivor" free="0" total="6488064" percent="0" />
    </mem>
    <mem type="tenure" free="1003984" total="19005440" percent="5">
      <mem type="soa" free="814544" total="18816000" percent="4" />
      <mem type="loa" free="189440" total="189440" percent="100" />
    </mem>
    <remembered-set count="120" />
  </mem-info>
</gc-start>
<allocation-stats totalBytes="24882608" >
  <allocated-bytes non-tlh="0" tlh="24882608" />
  <largest-consumer threadName="main" threadId="00000000021F7F00" bytes="24882608" />
</allocation-stats>
<concurrent-halted id="2492" timestamp="2019-08-08T09:55:39.739">
  <halted state="Complete" status="exhausted" />
  <traced bytesTarget="12038868" bytesTotal="13405324" bytesByMutator="6352508" bytesByHelper="7052816" percent="111" />
  <cards cleaned="2" thresholdBytes="647173" />
</concurrent-halted>
<gc-op id="2493" type="rs-scan" timems="2.120" contextid="2485" timestamp="2019-08-08T09:55:39.741">
  <scan objectsFound="87" bytesTraced="6528" workStackOverflowCount="0" />
</gc-op>
<gc-op id="2494" type="card-cleaning" timems="2.367" contextid="2485" timestamp="2019-08-08T09:55:39.743">
  <card-cleaning cardsCleaned="1" bytesTraced="528" workStackOverflowCount="0" />
</gc-op>
<gc-op id="2495" type="mark" timems="5.546" contextid="2485" timestamp="2019-08-08T09:55:39.749">
  <trace-info objectcount="113" scancount="110" scanbytes="2724" />
  <finalization candidates="80" enqueued="0" />
  <ownableSynchronizers candidates="21" cleared="0" />
  <references type="soft" candidates="3261" cleared="0" enqueued="0" dynamicThreshold="1" maxThreshold="32" />
  <references type="weak" candidates="5432" cleared="0" enqueued="0" />
  <references type="phantom" candidates="76" cleared="0" enqueued="0" />
  <stringconstants candidates="13595" cleared="0"  />
</gc-op>
<gc-op id="2496" type="sweep" timems="5.105" contextid="2485" timestamp="2019-08-08T09:55:39.754" />
<mem-info id="2497" free="25973144" total="50462720" percent="51">
  <mem type="nursery" free="24969160" total="31457280" percent="79">
    <mem type="allocate" free="24969160" total="24969216" percent="99" />
    <mem type="survivor" free="0" total="6488064" percent="0" />
  </mem>
  <mem type="tenure" free="1003984" total="19005440" percent="5" micro-fragmented="0" macro-fragmented="7583">
    <mem type="soa" free="814544" total="18816000" percent="4" />
    <mem type="loa" free="189440" total="189440" percent="100" />
  </mem>
  <remembered-set count="120" />
</mem-info>
<gc-op id="2498" type="compact" timems="34.840" contextid="2485" timestamp="2019-08-08T09:55:39.789">
  <compact-info movecount="2" movebytes="56" reason="compact to aid heap contraction" />
</gc-op>
<heap-resize id="2499" type="expand" space="tenure" amount="131072" count="1" timems="0.030" reason="satisfy allocation request" timestamp="2019-08-08T09:55:39.792" />
<gc-end id="2500" type="global" contextid="2485" durationms="53.056" usertimems="76.962" systemtimems="0.000" timestamp="2019-08-08T09:55:39.792" activeThreads="16">
  <mem-info id="2501" free="26104216" total="50593792" percent="51">
    <mem type="nursery" free="24969160" total="31457280" percent="79">
      <mem type="allocate" free="24969160" total="24969216" percent="99" />
      <mem type="survivor" free="0" total="6488064" percent="0" />
    </mem>
    <mem type="tenure" free="1135056" total="19136512" percent="5">
      <mem type="soa" free="944592" total="18946048" percent="4" />
      <mem type="loa" free="190464" total="190464" percent="100" />
    </mem>
    <remembered-set count="120" />
  </mem-info>
</gc-end>
<cycle-end id="2502" type="global" contextid="2485" timestamp="2019-08-08T09:55:39.792" />
  <attribute name="elasticGC enabled" value="1" />
  <attribute name= "numThreadsSpecified" value="16" />
  <attribute name="heapSize specified" value="50462720" />
  <attribute name="Current GC Util" value="53" />
  <attribute name= "Current Time Running" value="131642" />
  <attribute name ="GC Interval" value="1777" />
  <attribute name="Target GC Util Change" value ="80.000000" />
  <attribute name="Current GC Util Change" value="53.000000"/>
  <attribute name="Current Error" value="-108.000000" />
  <attribute name="Output H" value="50538280"/>
  <attribute name="Output I" value="1816"/>
  <attribute name="Output T" value="16"/>
  <attribute name= "Current Time Running" value="131642" />
  <attribute name="GC Util currently" value="53" />
  <attribute name="CPU Util currently" value="32999986008" />
<allocation-satisfied id="2503" threadId="00000000021F7F00" bytesRequested="1168" />
<af-end id="2504" timestamp="2019-08-08T09:55:39.792" threadId="00000000021F8888" success="true" from="nursery"/>
<exclusive-end id="2505" timestamp="2019-08-08T09:55:39.792" durationms="53.288" />

<concurrent-kickoff id="2506" timestamp="2019-08-08T09:55:39.800">
  <kickoff reason="threshold reached" targetBytes="12396340" thresholdFreeBytes="1696788"  remainingFree="1669944" tenureFreeBytes="1135056" nurseryFreeBytes="1669944" />
</concurrent-kickoff>
<exclusive-start id="2507" timestamp="2019-08-08T09:55:39.800" intervalms="60.894">
  <response-info timems="0.021" idlems="0.021" threads="0" lastid="00000000021F7F00" lastname="main" />
</exclusive-start>
<cycle-start id="2508" type="global" contextid="0" timestamp="2019-08-08T09:55:39.800" intervalms="82.766" />
<exclusive-end id="2509" timestamp="2019-08-08T09:55:39.800" durationms="0.013" />

<exclusive-start id="2510" timestamp="2019-08-08T09:55:39.819" intervalms="19.425">
  <response-info timems="0.022" idlems="0.022" threads="0" lastid="00000000021F7F00" lastname="main" />
</exclusive-start>
<concurrent-collection-start id="2511" timestamp="2019-08-08T09:55:39.819" intervalms="180.789" >
  <concurrent-trace-info reason="card cleaning threshold reached" tracedByMutators="5905748" tracedByHelpers="7499072" cardsCleaned="1" workStackOverflowCount="0" />
</concurrent-collection-start>
<gc-start id="2512" type="global" contextid="2508" timestamp="2019-08-08T09:55:39.819">
  <mem-info id="2513" free="1232136" total="50593792" percent="2">
    <mem type="nursery" free="97080" total="31457280" percent="0">
      <mem type="allocate" free="97080" total="24969216" percent="0" />
      <mem type="survivor" free="0" total="6488064" percent="0" />
    </mem>
    <mem type="tenure" free="1135056" total="19136512" percent="5">
      <mem type="soa" free="944592" total="18946048" percent="4" />
      <mem type="loa" free="190464" total="190464" percent="100" />
    </mem>
    <remembered-set count="120" />
  </mem-info>
</gc-start>
<allocation-stats totalBytes="24788064" >
  <allocated-bytes non-tlh="1168" tlh="24786896" />
  <largest-consumer threadName="main" threadId="00000000021F7F00" bytes="24788064" />
</allocation-stats>
<gc-op id="2514" type="rs-scan" timems="3.103" contextid="2508" timestamp="2019-08-08T09:55:39.822">
  <scan objectsFound="87" bytesTraced="6528" workStackOverflowCount="0" />
</gc-op>
<gc-op id="2515" type="card-cleaning" timems="2.593" contextid="2508" timestamp="2019-08-08T09:55:39.825">
  <card-cleaning cardsCleaned="1" bytesTraced="528" workStackOverflowCount="0" />
</gc-op>
<gc-op id="2516" type="mark" timems="16.538" contextid="2508" timestamp="2019-08-08T09:55:39.842">
  <trace-info objectcount="114" scancount="111" scanbytes="2724" />
  <finalization candidates="80" enqueued="0" />
  <ownableSynchronizers candidates="21" cleared="0" />
  <references type="soft" candidates="3261" cleared="0" enqueued="0" dynamicThreshold="1" maxThreshold="32" />
  <references type="weak" candidates="5432" cleared="0" enqueued="0" />
  <references type="phantom" candidates="76" cleared="0" enqueued="0" />
  <stringconstants candidates="13595" cleared="0"  />
</gc-op>
<gc-op id="2517" type="sweep" timems="16.622" contextid="2508" timestamp="2019-08-08T09:55:39.858" />
<mem-info id="2518" free="26102616" total="50593792" percent="51">
  <mem type="nursery" free="24967560" total="31457280" percent="79">
    <mem type="allocate" free="24967560" total="24969216" percent="99" />
    <mem type="survivor" free="0" total="6488064" percent="0" />
  </mem>
  <mem type="tenure" free="1135056" total="19136512" percent="5" micro-fragmented="0" macro-fragmented="0">
    <mem type="soa" free="944592" total="18946048" percent="4" />
    <mem type="loa" free="190464" total="190464" percent="100" />
  </mem>
  <remembered-set count="120" />
</mem-info>
<gc-op id="2519" type="compact" timems="53.099" contextid="2508" timestamp="2019-08-08T09:55:39.912">
  <compact-info movecount="3" movebytes="1224" reason="compact to aid heap contraction" />
</gc-op>
<heap-resize id="2520" type="expand" space="tenure" amount="131072" count="1" timems="0.047" reason="satisfy allocation request" timestamp="2019-08-08T09:55:39.913" />
<gc-end id="2521" type="global" contextid="2508" durationms="93.861" usertimems="107.122" systemtimems="0.000" timestamp="2019-08-08T09:55:39.913" activeThreads="16">
  <mem-info id="2522" free="26234120" total="50724864" percent="51">
    <mem type="nursery" free="24967992" total="31457280" percent="79">
      <mem type="allocate" free="24967992" total="24969216" percent="99" />
      <mem type="survivor" free="0" total="6488064" percent="0" />
    </mem>
    <mem type="tenure" free="1266128" total="19267584" percent="6">
      <mem type="soa" free="1073616" total="19075072" percent="5" />
      <mem type="loa" free="192512" total="192512" percent="100" />
    </mem>
    <remembered-set count="120" />
  </mem-info>
</gc-end>
<cycle-end id="2523" type="global" contextid="2508" timestamp="2019-08-08T09:55:39.913" />
  <attribute name="elasticGC enabled" value="1" />
  <attribute name= "numThreadsSpecified" value="16" />
  <attribute name="heapSize specified" value="50593792" />
  <attribute name="Current GC Util" value="46" />
  <attribute name= "Current Time Running" value="131764" />
  <attribute name ="GC Interval" value="1777" />
  <attribute name="Target GC Util Change" value ="80.000000" />
  <attribute name="Current GC Util Change" value="46.000000"/>
  <attribute name="Current Error" value="-93.000000" />
  <attribute name="Output H" value="50669368"/>
  <attribute name="Output I" value="1848"/>
  <attribute name="Output T" value="16"/>
  <attribute name= "Current Time Running" value="131764" />
  <attribute name="GC Util currently" value="46" />
  <attribute name="CPU Util currently" value="21772714011" />
<concurrent-collection-end id="2524" timestamp="2019-08-08T09:55:39.913" />
<exclusive-end id="2525" timestamp="2019-08-08T09:55:39.913" durationms="94.158" />

<concurrent-kickoff id="2526" timestamp="2019-08-08T09:55:39.922">
  <kickoff reason="threshold reached" targetBytes="12684939" thresholdFreeBytes="1740544"  remainingFree="1669944" tenureFreeBytes="1266128" nurseryFreeBytes="1669944" />
</concurrent-kickoff>
<exclusive-start id="2527" timestamp="2019-08-08T09:55:39.923" intervalms="104.217">
  <response-info timems="0.323" idlems="0.323" threads="0" lastid="00000000021F7F00" lastname="main" />
</exclusive-start>
<cycle-start id="2528" type="global" contextid="0" timestamp="2019-08-08T09:55:39.923" intervalms="123.703" />
<exclusive-end id="2529" timestamp="2019-08-08T09:55:39.923" durationms="0.081" />

<exclusive-start id="2530" timestamp="2019-08-08T09:55:39.943" intervalms="19.404">
  <response-info timems="0.154" idlems="0.154" threads="0" lastid="00000000021F7F00" lastname="main" />
</exclusive-start>
<concurrent-collection-start id="2531" timestamp="2019-08-08T09:55:39.943" intervalms="123.657" >
  <concurrent-trace-info reason="card cleaning threshold reached" tracedByMutators="6235984" tracedByHelpers="7165432" cardsCleaned="1" workStackOverflowCount="0" />
</concurrent-collection-start>
<gc-start id="2532" type="global" contextid="2528" timestamp="2019-08-08T09:55:39.943">
  <mem-info id="2533" free="1266128" total="50724864" percent="2">
    <mem type="nursery" free="0" total="31457280" percent="0">
      <mem type="allocate" free="0" total="24969216" percent="0" />
      <mem type="survivor" free="0" total="6488064" percent="0" />
    </mem>
    <mem type="tenure" free="1266128" total="19267584" percent="6">
      <mem type="soa" free="1073616" total="19075072" percent="5" />
      <mem type="loa" free="192512" total="192512" percent="100" />
    </mem>
    <remembered-set count="120" />
  </mem-info>
</gc-start>
<allocation-stats totalBytes="24883568" >
  <allocated-bytes non-tlh="0" tlh="24883568" />
  <largest-consumer threadName="main" threadId="00000000021F7F00" bytes="24883568" />
</allocation-stats>
<gc-op id="2534" type="rs-scan" timems="3.599" contextid="2528" timestamp="2019-08-08T09:55:39.947">
  <scan objectsFound="87" bytesTraced="6528" workStackOverflowCount="0" />
</gc-op>
<gc-op id="2535" type="card-cleaning" timems="1.472" contextid="2528" timestamp="2019-08-08T09:55:39.948">
  <card-cleaning cardsCleaned="1" bytesTraced="528" workStackOverflowCount="0" />
</gc-op>
<gc-op id="2536" type="mark" timems="12.552" contextid="2528" timestamp="2019-08-08T09:55:39.961">
  <trace-info objectcount="267" scancount="242" scanbytes="6128" />
  <finalization candidates="80" enqueued="0" />
  <ownableSynchronizers candidates="21" cleared="0" />
  <references type="soft" candidates="3261" cleared="0" enqueued="0" dynamicThreshold="2" maxThreshold="32" />
  <references type="weak" candidates="5432" cleared="0" enqueued="0" />
  <references type="phantom" candidates="76" cleared="0" enqueued="0" />
  <stringconstants candidates="13595" cleared="0"  />
</gc-op>
<gc-op id="2537" type="sweep" timems="4.729" contextid="2528" timestamp="2019-08-08T09:55:39.966" />
<mem-info id="2538" free="26233712" total="50724864" percent="51">
  <mem type="nursery" free="24967584" total="31457280" percent="79">
    <mem type="allocate" free="24967584" total="24969216" percent="99" />
    <mem type="survivor" free="0" total="6488064" percent="0" />
  </mem>
  <mem type="tenure" free="1266128" total="19267584" percent="6" micro-fragmented="0" macro-fragmented="0">
    <mem type="soa" free="1073616" total="19075072" percent="5" />
    <mem type="loa" free="192512" total="192512" percent="100" />
  </mem>
  <remembered-set count="120" />
</mem-info>
<gc-op id="2539" type="compact" timems="42.210" contextid="2528" timestamp="2019-08-08T09:55:40.010">
  <compact-info movecount="3" movebytes="1224" reason="compact to aid heap contraction" />
</gc-op>
<heap-resize id="2540" type="expand" space="tenure" amount="131072" count="1" timems="0.024" reason="satisfy allocation request" timestamp="2019-08-08T09:55:40.011" />
<gc-end id="2541" type="global" contextid="2528" durationms="68.375" usertimems="75.956" systemtimems="0.000" timestamp="2019-08-08T09:55:40.011" activeThreads="16">
  <mem-info id="2542" free="26365192" total="50855936" percent="51">
    <mem type="nursery" free="24967992" total="31457280" percent="79">
      <mem type="allocate" free="24967992" total="24969216" percent="99" />
      <mem type="survivor" free="0" total="6488064" percent="0" />
    </mem>
    <mem type="tenure" free="1397200" total="19398656" percent="7">
      <mem type="soa" free="1203664" total="19205120" percent="6" />
      <mem type="loa" free="193536" total="193536" percent="100" />
    </mem>
    <remembered-set count="120" />
  </mem-info>
</gc-end>
<cycle-end id="2543" type="global" contextid="2528" timestamp="2019-08-08T09:55:40.011" />
  <attribute name="elasticGC enabled" value="1" />
  <attribute name= "numThreadsSpecified" value="16" />
  <attribute name="heapSize specified" value="50724864" />
  <attribute name="Current GC Util" value="52" />
  <attribute name= "Current Time Running" value="131862" />
  <attribute name ="GC Interval" value="1777" />
  <attribute name="Target GC Util Change" value ="80.000000" />
  <attribute name="Current GC Util Change" value="52.000000"/>
  <attribute name="Current Error" value="77.000000" />
  <attribute name="Output H" value="50800632"/>
  <attribute name="Output I" value="2152"/>
  <attribute name="Output T" value="16"/>
  <attribute name= "Current Time Running" value="131862" />
  <attribute name="GC Util currently" value="52" />
  <attribute name="CPU Util currently" value="27286898227" />
<concurrent-collection-end id="2544" timestamp="2019-08-08T09:55:40.011" />
<exclusive-end id="2545" timestamp="2019-08-08T09:55:40.011" durationms="68.589" />

<concurrent-kickoff id="2546" timestamp="2019-08-08T09:55:40.017">
  <kickoff reason="threshold reached" targetBytes="12916795" thresholdFreeBytes="1775018"  remainingFree="1669944" tenureFreeBytes="1397200" nurseryFreeBytes="1669944" />
</concurrent-kickoff>
<exclusive-start id="2547" timestamp="2019-08-08T09:55:40.017" intervalms="74.795">
  <response-info timems="0.226" idlems="0.226" threads="0" lastid="00000000021F7F00" lastname="main" />
</exclusive-start>
<cycle-start id="2548" type="global" contextid="0" timestamp="2019-08-08T09:55:40.018" intervalms="94.220" />
<exclusive-end id="2549" timestamp="2019-08-08T09:55:40.018" durationms="0.098" />

<exclusive-start id="2550" timestamp="2019-08-08T09:55:40.037" intervalms="19.006">
  <response-info timems="0.078" idlems="0.078" threads="0" lastid="00000000021F7F00" lastname="main" />
</exclusive-start>
<concurrent-collection-start id="2551" timestamp="2019-08-08T09:55:40.037" intervalms="93.744" >
  <concurrent-trace-info reason="card cleaning threshold reached" tracedByMutators="7021744" tracedByHelpers="6381108" cardsCleaned="1" workStackOverflowCount="0" />
</concurrent-collection-start>
<gc-start id="2552" type="global" contextid="2548" timestamp="2019-08-08T09:55:40.037">
  <mem-info id="2553" free="1494280" total="50855936" percent="2">
    <mem type="nursery" free="97080" total="31457280" percent="0">
      <mem type="allocate" free="97080" total="24969216" percent="0" />
      <mem type="survivor" free="0" total="6488064" percent="0" />
    </mem>
    <mem type="tenure" free="1397200" total="19398656" percent="7">
      <mem type="soa" free="1203664" total="19205120" percent="6" />
      <mem type="loa" free="193536" total="193536" percent="100" />
    </mem>
    <remembered-set count="120" />
  </mem-info>
</gc-start>
<allocation-stats totalBytes="24786896" >
  <allocated-bytes non-tlh="0" tlh="24786896" />
  <largest-consumer threadName="main" threadId="00000000021F7F00" bytes="24786896" />
</allocation-stats>
<gc-op id="2554" type="rs-scan" timems="3.254" contextid="2548" timestamp="2019-08-08T09:55:40.040">
  <scan objectsFound="87" bytesTraced="6528" workStackOverflowCount="0" />
</gc-op>
<gc-op id="2555" type="card-cleaning" timems="2.232" contextid="2548" timestamp="2019-08-08T09:55:40.042">
  <card-cleaning cardsCleaned="1" bytesTraced="528" workStackOverflowCount="0" />
</gc-op>
<gc-op id="2556" type="mark" timems="6.685" contextid="2548" timestamp="2019-08-08T09:55:40.049">
  <trace-info objectcount="200" scancount="187" scanbytes="4692" />
  <finalization candidates="80" enqueued="0" />
  <ownableSynchronizers candidates="21" cleared="0" />
  <references type="soft" candidates="3261" cleared="0" enqueued="0" dynamicThreshold="2" maxThreshold="32" />
  <references type="weak" candidates="5432" cleared="0" enqueued="0" />
  <references type="phantom" candidates="76" cleared="0" enqueued="0" />
  <stringconstants candidates="13595" cleared="0"  />
</gc-op>
<gc-op id="2557" type="sweep" timems="3.832" contextid="2548" timestamp="2019-08-08T09:55:40.053" />
<mem-info id="2558" free="26364760" total="50855936" percent="51">
  <mem type="nursery" free="24967560" total="31457280" percent="79">
    <mem type="allocate" free="24967560" total="24969216" percent="99" />
    <mem type="survivor" free="0" total="6488064" percent="0" />
  </mem>
  <mem type="tenure" free="1397200" total="19398656" percent="7" micro-fragmented="0" macro-fragmented="418667">
    <mem type="soa" free="1203664" total="19205120" percent="6" />
    <mem type="loa" free="193536" total="193536" percent="100" />
  </mem>
  <remembered-set count="120" />
</mem-info>
<gc-op id="2559" type="compact" timems="34.363" contextid="2548" timestamp="2019-08-08T09:55:40.087">
  <compact-info movecount="3" movebytes="1224" reason="compact to aid heap contraction" />
</gc-op>
<heap-resize id="2560" type="expand" space="tenure" amount="131072" count="1" timems="0.021" reason="satisfy allocation request" timestamp="2019-08-08T09:55:40.089" />
<gc-end id="2561" type="global" contextid="2548" durationms="52.153" usertimems="130.118" systemtimems="0.000" timestamp="2019-08-08T09:55:40.089" activeThreads="16">
  <mem-info id="2562" free="26496264" total="50987008" percent="51">
    <mem type="nursery" free="24967992" total="31457280" percent="79">
      <mem type="allocate" free="24967992" total="24969216" percent="99" />
      <mem type="survivor" free="0" total="6488064" percent="0" />
    </mem>
    <mem type="tenure" free="1528272" total="19529728" percent="7">
      <mem type="soa" free="1333712" total="19335168" percent="6" />
      <mem type="loa" free="194560" total="194560" percent="100" />
    </mem>
    <remembered-set count="120" />
  </mem-info>
</gc-end>
<cycle-end id="2563" type="global" contextid="2548" timestamp="2019-08-08T09:55:40.089" />
  <attribute name="elasticGC enabled" value="1" />
  <attribute name= "numThreadsSpecified" value="16" />
  <attribute name="heapSize specified" value="50855936" />
  <attribute name="Current GC Util" value="30" />
  <attribute name= "Current Time Running" value="131940" />
  <attribute name ="GC Interval" value="1777" />
  <attribute name="Target GC Util Change" value ="80.000000" />
  <attribute name="Current GC Util Change" value="30.000000"/>
  <attribute name="Current Error" value="-341.000000" />
  <attribute name="Output H" value="50931224"/>
  <attribute name="Output I" value="1400"/>
  <attribute name="Output T" value="16"/>
  <attribute name= "Current Time Running" value="131940" />
  <attribute name="GC Util currently" value="30" />
  <attribute name="CPU Util currently" value="33530108075" />
<concurrent-collection-end id="2564" timestamp="2019-08-08T09:55:40.089" />
<exclusive-end id="2565" timestamp="2019-08-08T09:55:40.089" durationms="52.354" />

<concurrent-kickoff id="2566" timestamp="2019-08-08T09:55:40.100">
  <kickoff reason="threshold reached" targetBytes="13103503" thresholdFreeBytes="1803651"  remainingFree="1801016" tenureFreeBytes="1528272" nurseryFreeBytes="1801016" />
</concurrent-kickoff>
<exclusive-start id="2567" timestamp="2019-08-08T09:55:40.100" intervalms="63.752">
  <response-info timems="0.064" idlems="0.064" threads="0" lastid="00000000021F7F00" lastname="main" />
</exclusive-start>
<cycle-start id="2568" type="global" contextid="0" timestamp="2019-08-08T09:55:40.100" intervalms="82.681" />
<exclusive-end id="2569" timestamp="2019-08-08T09:55:40.100" durationms="0.022" />

<exclusive-start id="2570" timestamp="2019-08-08T09:55:40.115" intervalms="14.965">
  <response-info timems="0.093" idlems="0.093" threads="0" lastid="00000000021F7F00" lastname="main" />
</exclusive-start>
<concurrent-collection-start id="2571" timestamp="2019-08-08T09:55:40.115" intervalms="78.730" >
  <concurrent-trace-info reason="card cleaning threshold reached" tracedByMutators="5886732" tracedByHelpers="7518088" cardsCleaned="1" workStackOverflowCount="0" />
</concurrent-collection-start>
<gc-start id="2572" type="global" contextid="2568" timestamp="2019-08-08T09:55:40.115">
  <mem-info id="2573" free="1625352" total="50987008" percent="3">
    <mem type="nursery" free="97080" total="31457280" percent="0">
      <mem type="allocate" free="97080" total="24969216" percent="0" />
      <mem type="survivor" free="0" total="6488064" percent="0" />
    </mem>
    <mem type="tenure" free="1528272" total="19529728" percent="7">
      <mem type="soa" free="1333712" total="19335168" percent="6" />
      <mem type="loa" free="194560" total="194560" percent="100" />
    </mem>
    <remembered-set count="120" />
  </mem-info>
</gc-start>
<allocation-stats totalBytes="24786896" >
  <allocated-bytes non-tlh="0" tlh="24786896" />
  <largest-consumer threadName="main" threadId="00000000021F7F00" bytes="24786896" />
</allocation-stats>
<gc-op id="2574" type="rs-scan" timems="1.340" contextid="2568" timestamp="2019-08-08T09:55:40.117">
  <scan objectsFound="87" bytesTraced="6528" workStackOverflowCount="0" />
</gc-op>
<gc-op id="2575" type="card-cleaning" timems="1.134" contextid="2568" timestamp="2019-08-08T09:55:40.118">
  <card-cleaning cardsCleaned="1" bytesTraced="528" workStackOverflowCount="0" />
</gc-op>
<gc-op id="2576" type="mark" timems="8.048" contextid="2568" timestamp="2019-08-08T09:55:40.126">
  <trace-info objectcount="114" scancount="111" scanbytes="2724" />
  <finalization candidates="80" enqueued="0" />
  <ownableSynchronizers candidates="21" cleared="0" />
  <references type="soft" candidates="3261" cleared="0" enqueued="0" dynamicThreshold="2" maxThreshold="32" />
  <references type="weak" candidates="5432" cleared="0" enqueued="0" />
  <references type="phantom" candidates="76" cleared="0" enqueued="0" />
  <stringconstants candidates="13595" cleared="0"  />
</gc-op>
<gc-op id="2577" type="sweep" timems="5.052" contextid="2568" timestamp="2019-08-08T09:55:40.131" />
<mem-info id="2578" free="26495832" total="50987008" percent="51">
  <mem type="nursery" free="24967560" total="31457280" percent="79">
    <mem type="allocate" free="24967560" total="24969216" percent="99" />
    <mem type="survivor" free="0" total="6488064" percent="0" />
  </mem>
  <mem type="tenure" free="1528272" total="19529728" percent="7" micro-fragmented="0" macro-fragmented="0">
    <mem type="soa" free="1333712" total="19335168" percent="6" />
    <mem type="loa" free="194560" total="194560" percent="100" />
  </mem>
  <remembered-set count="120" />
</mem-info>
<gc-op id="2579" type="compact" timems="33.896" contextid="2568" timestamp="2019-08-08T09:55:40.165">
  <compact-info movecount="3" movebytes="1224" reason="compact to aid heap contraction" />
</gc-op>
<heap-resize id="2580" type="expand" space="tenure" amount="131072" count="1" timems="0.025" reason="satisfy allocation request" timestamp="2019-08-08T09:55:40.170" />
<gc-end id="2581" type="global" contextid="2568" durationms="54.294" usertimems="115.252" systemtimems="0.000" timestamp="2019-08-08T09:55:40.170" activeThreads="16">
  <mem-info id="2582" free="26627336" total="51118080" percent="52">
    <mem type="nursery" free="24967992" total="31457280" percent="79">
      <mem type="allocate" free="24967992" total="24969216" percent="99" />
      <mem type="survivor" free="0" total="6488064" percent="0" />
    </mem>
    <mem type="tenure" free="1659344" total="19660800" percent="8">
      <mem type="soa" free="1462736" total="19464192" percent="7" />
      <mem type="loa" free="196608" total="196608" percent="100" />
    </mem>
    <remembered-set count="120" />
  </mem-info>
</gc-end>
<cycle-end id="2583" type="global" contextid="2568" timestamp="2019-08-08T09:55:40.170" />
  <attribute name="elasticGC enabled" value="1" />
  <attribute name= "numThreadsSpecified" value="16" />
  <attribute name="heapSize specified" value="50987008" />
  <attribute name="Current GC Util" value="42" />
  <attribute name= "Current Time Running" value="132018" />
  <attribute name ="GC Interval" value="1777" />
  <attribute name="Target GC Util Change" value ="80.000000" />
  <attribute name="Current GC Util Change" value="42.000000"/>
  <attribute name="Current Error" value="38.000000" />
  <attribute name="Output H" value="51062736"/>
  <attribute name="Output I" value="2080"/>
  <attribute name="Output T" value="16"/>
  <attribute name= "Current Time Running" value="132018" />
  <attribute name="GC Util currently" value="42" />
  <attribute name="CPU Util currently" value="33985185869" />
<concurrent-collection-end id="2584" timestamp="2019-08-08T09:55:40.170" />
<exclusive-end id="2585" timestamp="2019-08-08T09:55:40.170" durationms="54.472" />

<concurrent-kickoff id="2586" timestamp="2019-08-08T09:55:40.176">
  <kickoff reason="threshold reached" targetBytes="13253713" thresholdFreeBytes="1826736"  remainingFree="1801016" tenureFreeBytes="1659344" nurseryFreeBytes="1801016" />
</concurrent-kickoff>
<exclusive-start id="2587" timestamp="2019-08-08T09:55:40.176" intervalms="60.784">
  <response-info timems="0.115" idlems="0.115" threads="0" lastid="00000000021F7F00" lastname="main" />
</exclusive-start>
<cycle-start id="2588" type="global" contextid="0" timestamp="2019-08-08T09:55:40.176" intervalms="75.794" />
<exclusive-end id="2589" timestamp="2019-08-08T09:55:40.176" durationms="0.067" />

<exclusive-start id="2590" timestamp="2019-08-08T09:55:40.194" intervalms="17.538">
  <response-info timems="0.141" idlems="0.141" threads="0" lastid="00000000021F7F00" lastname="main" />
</exclusive-start>
<concurrent-collection-start id="2591" timestamp="2019-08-08T09:55:40.194" intervalms="78.325" >
  <concurrent-trace-info reason="card cleaning threshold reached" tracedByMutators="6125572" tracedByHelpers="7278768" cardsCleaned="1" workStackOverflowCount="0" />
</concurrent-collection-start>
<gc-start id="2592" type="global" contextid="2588" timestamp="2019-08-08T09:55:40.194">
  <mem-info id="2593" free="1756424" total="51118080" percent="3">
    <mem type="nursery" free="97080" total="31457280" percent="0">
      <mem type="allocate" free="97080" total="24969216" percent="0" />
      <mem type="survivor" free="0" total="6488064" percent="0" />
    </mem>
    <mem type="tenure" free="1659344" total="19660800" percent="8">
      <mem type="soa" free="1462736" total="19464192" percent="7" />
      <mem type="loa" free="196608" total="196608" percent="100" />
    </mem>
    <remembered-set count="120" />
  </mem-info>
</gc-start>
<allocation-stats totalBytes="24786896" >
  <allocated-bytes non-tlh="0" tlh="24786896" />
  <largest-consumer threadName="main" threadId="00000000021F7F00" bytes="24786896" />
</allocation-stats>
<gc-op id="2594" type="rs-scan" timems="2.720" contextid="2588" timestamp="2019-08-08T09:55:40.196">
  <scan objectsFound="87" bytesTraced="6528" workStackOverflowCount="0" />
</gc-op>
<gc-op id="2595" type="card-cleaning" timems="2.468" contextid="2588" timestamp="2019-08-08T09:55:40.199">
  <card-cleaning cardsCleaned="1" bytesTraced="528" workStackOverflowCount="0" />
</gc-op>
<gc-op id="2596" type="mark" timems="6.868" contextid="2588" timestamp="2019-08-08T09:55:40.206">
  <trace-info objectcount="114" scancount="111" scanbytes="2724" />
  <finalization candidates="80" enqueued="0" />
  <ownableSynchronizers candidates="21" cleared="0" />
  <references type="soft" candidates="3261" cleared="0" enqueued="0" dynamicThreshold="2" maxThreshold="32" />
  <references type="weak" candidates="5432" cleared="0" enqueued="0" />
  <references type="phantom" candidates="76" cleared="0" enqueued="0" />
  <stringconstants candidates="13595" cleared="0"  />
</gc-op>
<gc-op id="2597" type="sweep" timems="7.320" contextid="2588" timestamp="2019-08-08T09:55:40.213" />
<mem-info id="2598" free="26626904" total="51118080" percent="52">
  <mem type="nursery" free="24967560" total="31457280" percent="79">
    <mem type="allocate" free="24967560" total="24969216" percent="99" />
    <mem type="survivor" free="0" total="6488064" percent="0" />
  </mem>
  <mem type="tenure" free="1659344" total="19660800" percent="8" micro-fragmented="0" macro-fragmented="0">
    <mem type="soa" free="1462736" total="19464192" percent="7" />
    <mem type="loa" free="196608" total="196608" percent="100" />
  </mem>
  <remembered-set count="120" />
</mem-info>
<gc-op id="2599" type="compact" timems="38.248" contextid="2588" timestamp="2019-08-08T09:55:40.252">
  <compact-info movecount="3" movebytes="1224" reason="compact to aid heap contraction" />
</gc-op>
<heap-resize id="2600" type="expand" space="tenure" amount="131072" count="1" timems="0.026" reason="satisfy allocation request" timestamp="2019-08-08T09:55:40.254" />
<gc-end id="2601" type="global" contextid="2588" durationms="60.233" usertimems="102.173" systemtimems="0.000" timestamp="2019-08-08T09:55:40.254" activeThreads="16">
  <mem-info id="2602" free="26758408" total="51249152" percent="52">
    <mem type="nursery" free="24967992" total="31457280" percent="79">
      <mem type="allocate" free="24967992" total="24969216" percent="99" />
      <mem type="survivor" free="0" total="6488064" percent="0" />
    </mem>
    <mem type="tenure" free="1790416" total="19791872" percent="9">
      <mem type="soa" free="1592784" total="19594240" percent="8" />
      <mem type="loa" free="197632" total="197632" percent="100" />
    </mem>
    <remembered-set count="120" />
  </mem-info>
</gc-end>
<cycle-end id="2603" type="global" contextid="2588" timestamp="2019-08-08T09:55:40.254" />
  <attribute name="elasticGC enabled" value="1" />
  <attribute name= "numThreadsSpecified" value="16" />
  <attribute name="heapSize specified" value="51118080" />
  <attribute name="Current GC Util" value="57" />
  <attribute name= "Current Time Running" value="132104" />
  <attribute name ="GC Interval" value="1777" />
  <attribute name="Target GC Util Change" value ="80.000000" />
  <attribute name="Current GC Util Change" value="57.000000"/>
  <attribute name="Current Error" value="-31.000000" />
  <attribute name="Output H" value="51193728"/>
  <attribute name="Output I" value="1960"/>
  <attribute name="Output T" value="16"/>
  <attribute name= "Current Time Running" value="132104" />
  <attribute name="GC Util currently" value="57" />
  <attribute name="CPU Util currently" value="30109856633" />
<concurrent-collection-end id="2604" timestamp="2019-08-08T09:55:40.254" />
<exclusive-end id="2605" timestamp="2019-08-08T09:55:40.254" durationms="60.464" />

<concurrent-kickoff id="2606" timestamp="2019-08-08T09:55:40.260">
  <kickoff reason="threshold reached" targetBytes="13373849" thresholdFreeBytes="1844161"  remainingFree="1801016" tenureFreeBytes="1790416" nurseryFreeBytes="1801016" />
</concurrent-kickoff>
<exclusive-start id="2607" timestamp="2019-08-08T09:55:40.260" intervalms="66.460">
  <response-info timems="0.101" idlems="0.101" threads="0" lastid="00000000021F7F00" lastname="main" />
</exclusive-start>
<cycle-start id="2608" type="global" contextid="0" timestamp="2019-08-08T09:55:40.260" intervalms="83.949" />
<exclusive-end id="2609" timestamp="2019-08-08T09:55:40.260" durationms="0.019" />

<exclusive-start id="2610" timestamp="2019-08-08T09:55:40.280" intervalms="19.512">
  <response-info timems="0.101" idlems="0.101" threads="0" lastid="00000000021F7F00" lastname="main" />
</exclusive-start>
<concurrent-collection-start id="2611" timestamp="2019-08-08T09:55:40.280" intervalms="85.990" >
  <concurrent-trace-info reason="card cleaning threshold reached" tracedByMutators="5652404" tracedByHelpers="7716160" cardsCleaned="1" workStackOverflowCount="0" />
</concurrent-collection-start>
<gc-start id="2612" type="global" contextid="2608" timestamp="2019-08-08T09:55:40.280">
  <mem-info id="2613" free="2018568" total="51249152" percent="3">
    <mem type="nursery" free="228152" total="31457280" percent="0">
      <mem type="allocate" free="228152" total="24969216" percent="0" />
      <mem type="survivor" free="0" total="6488064" percent="0" />
    </mem>
    <mem type="tenure" free="1790416" total="19791872" percent="9">
      <mem type="soa" free="1592784" total="19594240" percent="8" />
      <mem type="loa" free="197632" total="197632" percent="100" />
    </mem>
    <remembered-set count="120" />
  </mem-info>
</gc-start>
<allocation-stats totalBytes="24656256" >
  <allocated-bytes non-tlh="0" tlh="24656256" />
  <largest-consumer threadName="main" threadId="00000000021F7F00" bytes="24656256" />
</allocation-stats>
<gc-op id="2614" type="rs-scan" timems="1.640" contextid="2608" timestamp="2019-08-08T09:55:40.281">
  <scan objectsFound="87" bytesTraced="6528" workStackOverflowCount="0" />
</gc-op>
<gc-op id="2615" type="card-cleaning" timems="2.184" contextid="2608" timestamp="2019-08-08T09:55:40.284">
  <card-cleaning cardsCleaned="1" bytesTraced="528" workStackOverflowCount="0" />
</gc-op>
<gc-op id="2616" type="mark" timems="17.875" contextid="2608" timestamp="2019-08-08T09:55:40.301">
  <trace-info objectcount="1625" scancount="1422" scanbytes="38980" />
  <finalization candidates="80" enqueued="0" />
  <ownableSynchronizers candidates="21" cleared="0" />
  <references type="soft" candidates="3261" cleared="0" enqueued="0" dynamicThreshold="2" maxThreshold="32" />
  <references type="weak" candidates="5432" cleared="0" enqueued="0" />
  <references type="phantom" candidates="76" cleared="0" enqueued="0" />
  <stringconstants candidates="13595" cleared="0"  />
</gc-op>
<gc-op id="2617" type="sweep" timems="6.040" contextid="2608" timestamp="2019-08-08T09:55:40.307" />
<mem-info id="2618" free="26757976" total="51249152" percent="52">
  <mem type="nursery" free="24967560" total="31457280" percent="79">
    <mem type="allocate" free="24967560" total="24969216" percent="99" />
    <mem type="survivor" free="0" total="6488064" percent="0" />
  </mem>
  <mem type="tenure" free="1790416" total="19791872" percent="9" micro-fragmented="0" macro-fragmented="0">
    <mem type="soa" free="1592784" total="19594240" percent="8" />
    <mem type="loa" free="197632" total="197632" percent="100" />
  </mem>
  <remembered-set count="120" />
</mem-info>
<gc-op id="2619" type="compact" timems="32.490" contextid="2608" timestamp="2019-08-08T09:55:40.340">
  <compact-info movecount="3" movebytes="1224" reason="compact to aid heap contraction" />
</gc-op>
<heap-resize id="2620" type="expand" space="tenure" amount="131072" count="1" timems="0.021" reason="satisfy allocation request" timestamp="2019-08-08T09:55:40.342" />
<gc-end id="2621" type="global" contextid="2608" durationms="61.995" usertimems="141.204" systemtimems="0.000" timestamp="2019-08-08T09:55:40.342" activeThreads="16">
  <mem-info id="2622" free="26889480" total="51380224" percent="52">
    <mem type="nursery" free="24967992" total="31457280" percent="79">
      <mem type="allocate" free="24967992" total="24969216" percent="99" />
      <mem type="survivor" free="0" total="6488064" percent="0" />
    </mem>
    <mem type="tenure" free="1921488" total="19922944" percent="9">
      <mem type="soa" free="1722832" total="19724288" percent="8" />
      <mem type="loa" free="198656" total="198656" percent="100" />
    </mem>
    <remembered-set count="120" />
  </mem-info>
</gc-end>
<cycle-end id="2623" type="global" contextid="2608" timestamp="2019-08-08T09:55:40.342" />
  <attribute name="elasticGC enabled" value="1" />
  <attribute name= "numThreadsSpecified" value="16" />
  <attribute name="heapSize specified" value="51249152" />
  <attribute name="Current GC Util" value="36" />
  <attribute name= "Current Time Running" value="132193" />
  <attribute name ="GC Interval" value="1777" />
  <attribute name="Target GC Util Change" value ="80.000000" />
  <attribute name="Current GC Util Change" value="36.000000"/>
  <attribute name="Current Error" value="-81.000000" />
  <attribute name="Output H" value="51324744"/>
  <attribute name="Output I" value="1864"/>
  <attribute name="Output T" value="16"/>
  <attribute name= "Current Time Running" value="132193" />
  <attribute name="GC Util currently" value="36" />
  <attribute name="CPU Util currently" value="35430324455" />
<concurrent-collection-end id="2624" timestamp="2019-08-08T09:55:40.342" />
<exclusive-end id="2625" timestamp="2019-08-08T09:55:40.342" durationms="62.191" />

<concurrent-kickoff id="2626" timestamp="2019-08-08T09:55:40.348">
  <kickoff reason="threshold reached" targetBytes="13462561" thresholdFreeBytes="1858193"  remainingFree="1801016" tenureFreeBytes="1921488" nurseryFreeBytes="1801016" />
</concurrent-kickoff>
<exclusive-start id="2627" timestamp="2019-08-08T09:55:40.348" intervalms="68.505">
  <response-info timems="0.055" idlems="0.055" threads="0" lastid="00000000021F7F00" lastname="main" />
</exclusive-start>
<cycle-start id="2628" type="global" contextid="0" timestamp="2019-08-08T09:55:40.348" intervalms="88.021" />
<exclusive-end id="2629" timestamp="2019-08-08T09:55:40.348" durationms="0.021" />

<exclusive-start id="2630" timestamp="2019-08-08T09:55:40.364" intervalms="16.070">
  <response-info timems="0.317" idlems="0.317" threads="0" lastid="00000000021F7F00" lastname="main" />
</exclusive-start>
<concurrent-collection-start id="2631" timestamp="2019-08-08T09:55:40.364" intervalms="84.557" >
  <concurrent-trace-info reason="card cleaning threshold reached" tracedByMutators="5922092" tracedByHelpers="7478288" cardsCleaned="2" workStackOverflowCount="0" />
</concurrent-collection-start>
<gc-start id="2632" type="global" contextid="2628" timestamp="2019-08-08T09:55:40.364">
  <mem-info id="2633" free="1921488" total="51380224" percent="3">
    <mem type="nursery" free="0" total="31457280" percent="0">
      <mem type="allocate" free="0" total="24969216" percent="0" />
      <mem type="survivor" free="0" total="6488064" percent="0" />
    </mem>
    <mem type="tenure" free="1921488" total="19922944" percent="9">
      <mem type="soa" free="1722832" total="19724288" percent="8" />
      <mem type="loa" free="198656" total="198656" percent="100" />
    </mem>
    <remembered-set count="120" />
  </mem-info>
</gc-start>
<allocation-stats totalBytes="24883544" >
  <allocated-bytes non-tlh="0" tlh="24883544" />
  <largest-consumer threadName="main" threadId="00000000021F7F00" bytes="24883544" />
</allocation-stats>
<gc-op id="2634" type="rs-scan" timems="2.070" contextid="2628" timestamp="2019-08-08T09:55:40.366">
  <scan objectsFound="87" bytesTraced="6528" workStackOverflowCount="0" />
</gc-op>
<gc-op id="2635" type="card-cleaning" timems="1.028" contextid="2628" timestamp="2019-08-08T09:55:40.367">
  <card-cleaning cardsCleaned="1" bytesTraced="528" workStackOverflowCount="0" />
</gc-op>
<gc-op id="2636" type="mark" timems="3.822" contextid="2628" timestamp="2019-08-08T09:55:40.371">
  <trace-info objectcount="270" scancount="258" scanbytes="7668" />
  <finalization candidates="80" enqueued="0" />
  <ownableSynchronizers candidates="21" cleared="0" />
  <references type="soft" candidates="3261" cleared="0" enqueued="0" dynamicThreshold="3" maxThreshold="32" />
  <references type="weak" candidates="5432" cleared="0" enqueued="0" />
  <references type="phantom" candidates="76" cleared="0" enqueued="0" />
  <stringconstants candidates="13595" cleared="0"  />
</gc-op>
<gc-op id="2637" type="sweep" timems="2.247" contextid="2628" timestamp="2019-08-08T09:55:40.373" />
<mem-info id="2638" free="26889048" total="51380224" percent="52">
  <mem type="nursery" free="24967560" total="31457280" percent="79">
    <mem type="allocate" free="24967560" total="24969216" percent="99" />
    <mem type="survivor" free="0" total="6488064" percent="0" />
  </mem>
  <mem type="tenure" free="1921488" total="19922944" percent="9" micro-fragmented="0" macro-fragmented="0">
    <mem type="soa" free="1722832" total="19724288" percent="8" />
    <mem type="loa" free="198656" total="198656" percent="100" />
  </mem>
  <remembered-set count="120" />
</mem-info>
<gc-op id="2639" type="compact" timems="29.377" contextid="2628" timestamp="2019-08-08T09:55:40.403">
  <compact-info movecount="3" movebytes="1224" reason="compact to aid heap contraction" />
</gc-op>
<heap-resize id="2640" type="expand" space="tenure" amount="131072" count="1" timems="0.027" reason="satisfy allocation request" timestamp="2019-08-08T09:55:40.404" />
<gc-end id="2641" type="global" contextid="2628" durationms="40.326" usertimems="57.581" systemtimems="0.000" timestamp="2019-08-08T09:55:40.405" activeThreads="16">
  <mem-info id="2642" free="27020552" total="51511296" percent="52">
    <mem type="nursery" free="24967992" total="31457280" percent="79">
      <mem type="allocate" free="24967992" total="24969216" percent="99" />
      <mem type="survivor" free="0" total="6488064" percent="0" />
    </mem>
    <mem type="tenure" free="2052560" total="20054016" percent="10">
      <mem type="soa" free="1852880" total="19854336" percent="9" />
      <mem type="loa" free="199680" total="199680" percent="100" />
    </mem>
    <remembered-set count="120" />
  </mem-info>
</gc-end>
<cycle-end id="2643" type="global" contextid="2628" timestamp="2019-08-08T09:55:40.405" />
  <attribute name="elasticGC enabled" value="1" />
  <attribute name= "numThreadsSpecified" value="16" />
  <attribute name="heapSize specified" value="51380224" />
  <attribute name="Current GC Util" value="36" />
  <attribute name= "Current Time Running" value="132255" />
  <attribute name ="GC Interval" value="1777" />
  <attribute name="Target GC Util Change" value ="80.000000" />
  <attribute name="Current GC Util Change" value="36.000000"/>
  <attribute name="Current Error" value="-148.000000" />
  <attribute name="Output H" value="51455736"/>
  <attribute name="Output I" value="1744"/>
  <attribute name="Output T" value="16"/>
  <attribute name= "Current Time Running" value="132255" />
  <attribute name="GC Util currently" value="36" />
  <attribute name="CPU Util currently" value="39204170642" />
<concurrent-collection-end id="2644" timestamp="2019-08-08T09:55:40.405" />
<exclusive-end id="2645" timestamp="2019-08-08T09:55:40.405" durationms="40.530" />

<concurrent-kickoff id="2646" timestamp="2019-08-08T09:55:40.413">
  <kickoff reason="threshold reached" targetBytes="13539851" thresholdFreeBytes="1870299"  remainingFree="1801016" tenureFreeBytes="2052560" nurseryFreeBytes="1801016" />
</concurrent-kickoff>
<exclusive-start id="2647" timestamp="2019-08-08T09:55:40.413" intervalms="48.651">
  <response-info timems="0.115" idlems="0.115" threads="0" lastid="00000000021F7F00" lastname="main" />
</exclusive-start>
<cycle-start id="2648" type="global" contextid="0" timestamp="2019-08-08T09:55:40.413" intervalms="64.728" />
<exclusive-end id="2649" timestamp="2019-08-08T09:55:40.413" durationms="0.029" />

<exclusive-start id="2650" timestamp="2019-08-08T09:55:40.429" intervalms="16.676">
  <response-info timems="0.228" idlems="0.228" threads="0" lastid="00000000021F7F00" lastname="main" />
</exclusive-start>
<af-start id="2651" threadId="00000000021F8888" totalBytesRequested="1168" timestamp="2019-08-08T09:55:40.429" intervalms="690.633" type="nursery" />
<percolate-collect id="2652" from="nursery" to="global" reason="concurrent mark exhausted" timestamp="2019-08-08T09:55:40.429"/>
<gc-start id="2653" type="global" contextid="2648" timestamp="2019-08-08T09:55:40.430">
  <mem-info id="2654" free="2052560" total="51511296" percent="3">
    <mem type="nursery" free="0" total="31457280" percent="0">
      <mem type="allocate" free="0" total="24969216" percent="0" />
      <mem type="survivor" free="0" total="6488064" percent="0" />
    </mem>
    <mem type="tenure" free="2052560" total="20054016" percent="10">
      <mem type="soa" free="1852880" total="19854336" percent="9" />
      <mem type="loa" free="199680" total="199680" percent="100" />
    </mem>
    <remembered-set count="120" />
  </mem-info>
</gc-start>
<allocation-stats totalBytes="24882608" >
  <allocated-bytes non-tlh="0" tlh="24882608" />
  <largest-consumer threadName="main" threadId="00000000021F7F00" bytes="24882608" />
</allocation-stats>
<concurrent-halted id="2655" timestamp="2019-08-08T09:55:40.430">
  <halted state="Complete" status="exhausted" />
  <traced bytesTarget="13539851" bytesTotal="13404340" bytesByMutator="5997936" bytesByHelper="7406404" percent="98" />
  <cards cleaned="1" thresholdBytes="736784" />
</concurrent-halted>
<gc-op id="2656" type="rs-scan" timems="1.445" contextid="2648" timestamp="2019-08-08T09:55:40.431">
  <scan objectsFound="87" bytesTraced="6528" workStackOverflowCount="0" />
</gc-op>
<gc-op id="2657" type="card-cleaning" timems="1.636" contextid="2648" timestamp="2019-08-08T09:55:40.433">
  <card-cleaning cardsCleaned="1" bytesTraced="528" workStackOverflowCount="0" />
</gc-op>
<gc-op id="2658" type="mark" timems="6.294" contextid="2648" timestamp="2019-08-08T09:55:40.439">
  <trace-info objectcount="113" scancount="110" scanbytes="2724" />
  <finalization candidates="80" enqueued="0" />
  <ownableSynchronizers candidates="21" cleared="0" />
  <references type="soft" candidates="3261" cleared="0" enqueued="0" dynamicThreshold="3" maxThreshold="32" />
  <references type="weak" candidates="5432" cleared="0" enqueued="0" />
  <references type="phantom" candidates="76" cleared="0" enqueued="0" />
  <stringconstants candidates="13595" cleared="0"  />
</gc-op>
<gc-op id="2659" type="sweep" timems="2.187" contextid="2648" timestamp="2019-08-08T09:55:40.441" />
<mem-info id="2660" free="27021720" total="51511296" percent="52">
  <mem type="nursery" free="24969160" total="31457280" percent="79">
    <mem type="allocate" free="24969160" total="24969216" percent="99" />
    <mem type="survivor" free="0" total="6488064" percent="0" />
  </mem>
  <mem type="tenure" free="2052560" total="20054016" percent="10" micro-fragmented="0" macro-fragmented="0">
    <mem type="soa" free="1852880" total="19854336" percent="9" />
    <mem type="loa" free="199680" total="199680" percent="100" />
  </mem>
  <remembered-set count="120" />
</mem-info>
<gc-op id="2661" type="compact" timems="31.583" contextid="2648" timestamp="2019-08-08T09:55:40.473">
  <compact-info movecount="2" movebytes="56" reason="compact to aid heap contraction" />
</gc-op>
<heap-resize id="2662" type="expand" space="tenure" amount="131072" count="1" timems="0.022" reason="satisfy allocation request" timestamp="2019-08-08T09:55:40.474" />
<gc-end id="2663" type="global" contextid="2648" durationms="44.878" usertimems="105.089" systemtimems="0.000" timestamp="2019-08-08T09:55:40.474" activeThreads="16">
  <mem-info id="2664" free="27152792" total="51642368" percent="52">
    <mem type="nursery" free="24969160" total="31457280" percent="79">
      <mem type="allocate" free="24969160" total="24969216" percent="99" />
      <mem type="survivor" free="0" total="6488064" percent="0" />
    </mem>
    <mem type="tenure" free="2183632" total="20185088" percent="10">
      <mem type="soa" free="1981904" total="19983360" percent="9" />
      <mem type="loa" free="201728" total="201728" percent="100" />
    </mem>
    <remembered-set count="120" />
  </mem-info>
</gc-end>
<cycle-end id="2665" type="global" contextid="2648" timestamp="2019-08-08T09:55:40.474" />
  <attribute name="elasticGC enabled" value="1" />
  <attribute name= "numThreadsSpecified" value="16" />
  <attribute name="heapSize specified" value="51511296" />
  <attribute name="Current GC Util" value="114" />
  <attribute name= "Current Time Running" value="132325" />
  <attribute name ="GC Interval" value="1777" />
  <attribute name="Target GC Util Change" value ="80.000000" />
  <attribute name="Current GC Util Change" value="114.000000"/>
  <attribute name="Current Error" value="-223.000000" />
  <attribute name="Output H" value="51586720"/>
  <attribute name="Output I" value="1616"/>
  <attribute name="Output T" value="16"/>
  <attribute name= "Current Time Running" value="132325" />
  <attribute name="GC Util currently" value="114" />
  <attribute name="CPU Util currently" value="36371615275" />
<allocation-satisfied id="2666" threadId="00000000021F7F00" bytesRequested="1168" />
<af-end id="2667" timestamp="2019-08-08T09:55:40.475" threadId="00000000021F8888" success="true" from="nursery"/>
<exclusive-end id="2668" timestamp="2019-08-08T09:55:40.475" durationms="45.154" />

<exclusive-start id="2669" timestamp="2019-08-08T09:55:40.481" intervalms="51.715">
  <response-info timems="0.138" idlems="0.138" threads="0" lastid="00000000021F7F00" lastname="main" />
</exclusive-start>
<af-start id="2670" threadId="00000000021F8888" totalBytesRequested="1168" timestamp="2019-08-08T09:55:40.481" intervalms="51.738" type="nursery" />
<cycle-start id="2671" type="scavenge" contextid="0" timestamp="2019-08-08T09:55:40.481" intervalms="947.133" />
<gc-start id="2672" type="scavenge" contextid="2671" timestamp="2019-08-08T09:55:40.481">
  <mem-info id="2673" free="2183632" total="51642368" percent="4">
    <mem type="nursery" free="0" total="31457280" percent="0">
      <mem type="allocate" free="0" total="24969216" percent="0" />
      <mem type="survivor" free="0" total="6488064" percent="0" />
    </mem>
    <mem type="tenure" free="2183632" total="20185088" percent="10">
      <mem type="soa" free="1981904" total="19983360" percent="9" />
      <mem type="loa" free="201728" total="201728" percent="100" />
    </mem>
    <remembered-set count="120" />
  </mem-info>
</gc-start>
<allocation-stats totalBytes="24883776" >
  <allocated-bytes non-tlh="1168" tlh="24882608" />
  <largest-consumer threadName="main" threadId="00000000021F7F00" bytes="24883776" />
</allocation-stats>
<gc-op id="2674" type="scavenge" timems="3.015" contextid="2671" timestamp="2019-08-08T09:55:40.484">
  <scavenger-info tenureage="5" tenuremask="ffe0" tiltratio="79" />
  <memory-copied type="nursery" objects="2" bytes="56" bytesdiscarded="32200" />
  <ownableSynchronizers candidates="42" cleared="42" />
</gc-op>
<gc-end id="2675" type="scavenge" contextid="2671" durationms="3.556" usertimems="10.268" systemtimems="0.000" timestamp="2019-08-08T09:55:40.485" activeThreads="16">
  <mem-info id="2676" free="28365776" total="51642368" percent="54">
    <mem type="nursery" free="26182144" total="31457280" percent="83">
      <mem type="allocate" free="26182144" total="26214400" percent="99" />
      <mem type="survivor" free="0" total="5242880" percent="0" />
    </mem>
    <mem type="tenure" free="2183632" total="20185088" percent="10" macro-fragmented="0">
      <mem type="soa" free="1981904" total="19983360" percent="9" />
      <mem type="loa" free="201728" total="201728" percent="100" />
    </mem>
    <remembered-set count="120" />
  </mem-info>
</gc-end>
<cycle-end id="2677" type="scavenge" contextid="2671" timestamp="2019-08-08T09:55:40.485" />
  <attribute name="elasticGC enabled" value="1" />
  <attribute name= "numThreadsSpecified" value="16" />
  <attribute name="heapSize specified" value="51511296" />
  <attribute name="Current GC Util" value="184" />
  <attribute name= "Current Time Running" value="132334" />
  <attribute name ="GC Interval" value="1425" />
  <attribute name="Target GC Util Change" value ="80.000000" />
  <attribute name="Current GC Util Change" value="184.000000"/>
  <attribute name="Current Error" value="-327.000000" />
  <attribute name="Output H" value="51717672"/>
  <attribute name="Output I" value="1424"/>
  <attribute name="Output T" value="16"/>
  <attribute name= "Current Time Running" value="132334" />
  <attribute name="GC Util currently" value="184" />
  <attribute name="CPU Util currently" value="140911110861" />
<allocation-satisfied id="2678" threadId="00000000021F7F00" bytesRequested="1168" />
<af-end id="2679" timestamp="2019-08-08T09:55:40.485" threadId="00000000021F8888" success="true" from="nursery"/>
<exclusive-end id="2680" timestamp="2019-08-08T09:55:40.485" durationms="3.854" />

<exclusive-start id="2681" timestamp="2019-08-08T09:55:40.492" intervalms="10.512">
  <response-info timems="0.074" idlems="0.074" threads="0" lastid="00000000021F7F00" lastname="main" />
</exclusive-start>
<af-start id="2682" threadId="00000000021F8888" totalBytesRequested="1168" timestamp="2019-08-08T09:55:40.492" intervalms="10.553" type="nursery" />
<cycle-start id="2683" type="scavenge" contextid="0" timestamp="2019-08-08T09:55:40.492" intervalms="10.549" />
<gc-start id="2684" type="scavenge" contextid="2683" timestamp="2019-08-08T09:55:40.492">
  <mem-info id="2685" free="2183632" total="51642368" percent="4">
    <mem type="nursery" free="0" total="31457280" percent="0">
      <mem type="allocate" free="0" total="26214400" percent="0" />
      <mem type="survivor" free="0" total="5242880" percent="0" />
    </mem>
    <mem type="tenure" free="2183632" total="20185088" percent="10">
      <mem type="soa" free="1981904" total="19983360" percent="9" />
      <mem type="loa" free="201728" total="201728" percent="100" />
    </mem>
    <remembered-set count="120" />
  </mem-info>
</gc-start>
<allocation-stats totalBytes="26092824" >
  <allocated-bytes non-tlh="1168" tlh="26091656" />
  <largest-consumer threadName="main" threadId="00000000021F7F00" bytes="26092824" />
</allocation-stats>
<gc-op id="2686" type="scavenge" timems="2.434" contextid="2683" timestamp="2019-08-08T09:55:40.494">
  <scavenger-info tenureage="3" tenuremask="fff8" tiltratio="83" />
  <memory-copied type="nursery" objects="2" bytes="56" bytesdiscarded="32200" />
</gc-op>
<heap-resize id="2687" type="expand" space="nursery" amount="4587520" count="1" timems="0.018" reason="excessive time being spent scavenging" timestamp="2019-08-08T09:55:40.495" />
<gc-end id="2688" type="scavenge" contextid="2683" durationms="3.114" usertimems="6.969" systemtimems="0.000" timestamp="2019-08-08T09:55:40.495" activeThreads="16">
  <mem-info id="2689" free="33346512" total="56229888" percent="59">
    <mem type="nursery" free="31162880" total="36044800" percent="86">
      <mem type="allocate" free="31162880" total="31195136" percent="99" />
      <mem type="survivor" free="0" total="4849664" percent="0" />
    </mem>
    <mem type="tenure" free="2183632" total="20185088" percent="10" macro-fragmented="0">
      <mem type="soa" free="1981904" total="19983360" percent="9" />
      <mem type="loa" free="201728" total="201728" percent="100" />
    </mem>
    <remembered-set count="120" />
  </mem-info>
</gc-end>
<cycle-end id="2690" type="scavenge" contextid="2683" timestamp="2019-08-08T09:55:40.495" />
  <attribute name="elasticGC enabled" value="1" />
  <attribute name= "numThreadsSpecified" value="16" />
  <attribute name="heapSize specified" value="51511296" />
  <attribute name="Current GC Util" value="61" />
  <attribute name= "Current Time Running" value="132344" />
  <attribute name ="GC Interval" value="2049" />
  <attribute name="Target GC Util Change" value ="80.000000" />
  <attribute name="Current GC Util Change" value="61.000000"/>
  <attribute name="Current Error" value="19.000000" />
  <attribute name="Output H" value="51718072"/>
  <attribute name="Output I" value="2048"/>
  <attribute name="Output T" value="16"/>
  <attribute name= "Current Time Running" value="132344" />
  <attribute name="GC Util currently" value="61" />
  <attribute name="CPU Util currently" value="108070659551" />
<allocation-satisfied id="2691" threadId="00000000021F7F00" bytesRequested="1168" />
<af-end id="2692" timestamp="2019-08-08T09:55:40.495" threadId="00000000021F8888" success="true" from="nursery"/>
<exclusive-end id="2693" timestamp="2019-08-08T09:55:40.495" durationms="3.529" />

<exclusive-start id="2694" timestamp="2019-08-08T09:55:40.504" intervalms="12.332">
  <response-info timems="0.550" idlems="0.550" threads="0" lastid="00000000021F7F00" lastname="main" />
</exclusive-start>
<af-start id="2695" threadId="00000000021F8888" totalBytesRequested="1168" timestamp="2019-08-08T09:55:40.504" intervalms="12.312" type="nursery" />
<cycle-start id="2696" type="scavenge" contextid="0" timestamp="2019-08-08T09:55:40.504" intervalms="12.316" />
<gc-start id="2697" type="scavenge" contextid="2696" timestamp="2019-08-08T09:55:40.504">
  <mem-info id="2698" free="2183632" total="56229888" percent="3">
    <mem type="nursery" free="0" total="36044800" percent="0">
      <mem type="allocate" free="0" total="31195136" percent="0" />
      <mem type="survivor" free="0" total="4849664" percent="0" />
    </mem>
    <mem type="tenure" free="2183632" total="20185088" percent="10">
      <mem type="soa" free="1981904" total="19983360" percent="9" />
      <mem type="loa" free="201728" total="201728" percent="100" />
    </mem>
    <remembered-set count="120" />
  </mem-info>
</gc-start>
<allocation-stats totalBytes="31057264" >
  <allocated-bytes non-tlh="1168" tlh="31056096" />
  <largest-consumer threadName="main" threadId="00000000021F7F00" bytes="31057264" />
</allocation-stats>
<gc-op id="2699" type="scavenge" timems="2.003" contextid="2696" timestamp="2019-08-08T09:55:40.506">
  <scavenger-info tenureage="3" tenuremask="fff8" tiltratio="86" />
  <memory-copied type="nursery" objects="2" bytes="56" bytesdiscarded="32200" />
</gc-op>
<heap-resize id="2700" type="expand" space="nursery" amount="3014656" count="1" timems="0.025" reason="excessive time being spent scavenging" timestamp="2019-08-08T09:55:40.506" />
<gc-end id="2701" type="scavenge" contextid="2696" durationms="2.576" usertimems="5.851" systemtimems="0.000" timestamp="2019-08-08T09:55:40.507" activeThreads="16">
  <mem-info id="2702" free="37278672" total="59244544" percent="62">
    <mem type="nursery" free="35095040" total="39059456" percent="89">
      <mem type="allocate" free="35095040" total="35127296" percent="99" />
      <mem type="survivor" free="0" total="3932160" percent="0" />
    </mem>
    <mem type="tenure" free="2183632" total="20185088" percent="10" macro-fragmented="0">
      <mem type="soa" free="1981904" total="19983360" percent="9" />
      <mem type="loa" free="201728" total="201728" percent="100" />
    </mem>
    <remembered-set count="120" />
  </mem-info>
</gc-end>
<cycle-end id="2703" type="scavenge" contextid="2696" timestamp="2019-08-08T09:55:40.507" />
  <attribute name="elasticGC enabled" value="1" />
  <attribute name= "numThreadsSpecified" value="16" />
  <attribute name="heapSize specified" value="51511296" />
  <attribute name="Current GC Util" value="32" />
  <attribute name= "Current Time Running" value="132356" />
  <attribute name ="GC Interval" value="2129" />
  <attribute name="Target GC Util Change" value ="80.000000" />
  <attribute name="Current GC Util Change" value="32.000000"/>
  <attribute name="Current Error" value="67.000000" />
  <attribute name="Output H" value="56305648"/>
  <attribute name="Output I" value="2128"/>
  <attribute name="Output T" value="16"/>
  <attribute name= "Current Time Running" value="132356" />
  <attribute name="GC Util currently" value="32" />
  <attribute name="CPU Util currently" value="94614466836" />
<allocation-satisfied id="2704" threadId="00000000021F7F00" bytesRequested="1168" />
<af-end id="2705" timestamp="2019-08-08T09:55:40.507" threadId="00000000021F8888" success="true" from="nursery"/>
<exclusive-end id="2706" timestamp="2019-08-08T09:55:40.507" durationms="2.941" />

<exclusive-start id="2707" timestamp="2019-08-08T09:55:40.520" intervalms="16.460">
  <response-info timems="0.045" idlems="0.045" threads="0" lastid="00000000021F7F00" lastname="main" />
</exclusive-start>
<af-start id="2708" threadId="00000000021F8888" totalBytesRequested="1168" timestamp="2019-08-08T09:55:40.520" intervalms="16.406" type="nursery" />
<cycle-start id="2709" type="scavenge" contextid="0" timestamp="2019-08-08T09:55:40.521" intervalms="16.400" />
<gc-start id="2710" type="scavenge" contextid="2709" timestamp="2019-08-08T09:55:40.521">
  <mem-info id="2711" free="2183632" total="59244544" percent="3">
    <mem type="nursery" free="0" total="39059456" percent="0">
      <mem type="allocate" free="0" total="35127296" percent="0" />
      <mem type="survivor" free="0" total="3932160" percent="0" />
    </mem>
    <mem type="tenure" free="2183632" total="20185088" percent="10">
      <mem type="soa" free="1981904" total="19983360" percent="9" />
      <mem type="loa" free="201728" total="201728" percent="100" />
    </mem>
    <remembered-set count="120" />
  </mem-info>
</gc-start>
<allocation-stats totalBytes="34976560" >
  <allocated-bytes non-tlh="1168" tlh="34975392" />
  <largest-consumer threadName="main" threadId="00000000021F7F00" bytes="34976560" />
</allocation-stats>
<gc-op id="2712" type="scavenge" timems="6.680" contextid="2709" timestamp="2019-08-08T09:55:40.527">
  <scavenger-info tenureage="3" tenuremask="fff8" tiltratio="89" />
  <memory-copied type="nursery" objects="2" bytes="56" bytesdiscarded="32200" />
</gc-op>
<heap-resize id="2713" type="expand" space="nursery" amount="6291456" count="1" timems="0.022" reason="excessive time being spent scavenging" timestamp="2019-08-08T09:55:40.528" />
<gc-end id="2714" type="scavenge" contextid="2709" durationms="7.762" usertimems="20.252" systemtimems="0.000" timestamp="2019-08-08T09:55:40.528" activeThreads="16">
  <mem-info id="2715" free="42914768" total="65536000" percent="65">
    <mem type="nursery" free="40731136" total="45350912" percent="89">
      <mem type="allocate" free="40731136" total="40763392" percent="99" />
      <mem type="survivor" free="0" total="4587520" percent="0" />
    </mem>
    <mem type="tenure" free="2183632" total="20185088" percent="10" macro-fragmented="0">
      <mem type="soa" free="1981904" total="19983360" percent="9" />
      <mem type="loa" free="201728" total="201728" percent="100" />
    </mem>
    <remembered-set count="120" />
  </mem-info>
</gc-end>
<cycle-end id="2716" type="scavenge" contextid="2709" timestamp="2019-08-08T09:55:40.528" />
  <attribute name="elasticGC enabled" value="1" />
  <attribute name= "numThreadsSpecified" value="16" />
  <attribute name="heapSize specified" value="51511296" />
  <attribute name="Current GC Util" value="19" />
  <attribute name= "Current Time Running" value="132373" />
  <attribute name ="GC Interval" value="2241" />
  <attribute name="Target GC Util Change" value ="80.000000" />
  <attribute name="Current GC Util Change" value="19.000000"/>
  <attribute name="Current Error" value="128.000000" />
  <attribute name="Output H" value="59320376"/>
  <attribute name="Output I" value="2240"/>
  <attribute name="Output T" value="16"/>
  <attribute name= "Current Time Running" value="132373" />
  <attribute name="GC Util currently" value="19" />
  <attribute name="CPU Util currently" value="70448370179" />
<allocation-satisfied id="2717" threadId="00000000021F7F00" bytesRequested="1168" />
<af-end id="2718" timestamp="2019-08-08T09:55:40.528" threadId="00000000021F8888" success="true" from="nursery"/>
<exclusive-end id="2719" timestamp="2019-08-08T09:55:40.528" durationms="8.006" />

<exclusive-start id="2720" timestamp="2019-08-08T09:55:40.540" intervalms="19.191">
  <response-info timems="0.085" idlems="0.085" threads="0" lastid="00000000021F7F00" lastname="main" />
</exclusive-start>
<af-start id="2721" threadId="00000000021F8888" totalBytesRequested="1168" timestamp="2019-08-08T09:55:40.540" intervalms="19.270" type="nursery" />
<cycle-start id="2722" type="scavenge" contextid="0" timestamp="2019-08-08T09:55:40.540" intervalms="19.323" />
<gc-start id="2723" type="scavenge" contextid="2722" timestamp="2019-08-08T09:55:40.540">
  <mem-info id="2724" free="2183632" total="65536000" percent="3">
    <mem type="nursery" free="0" total="45350912" percent="0">
      <mem type="allocate" free="0" total="40763392" percent="0" />
      <mem type="survivor" free="0" total="4587520" percent="0" />
    </mem>
    <mem type="tenure" free="2183632" total="20185088" percent="10">
      <mem type="soa" free="1981904" total="19983360" percent="9" />
      <mem type="loa" free="201728" total="201728" percent="100" />
    </mem>
    <remembered-set count="120" />
  </mem-info>
</gc-start>
<allocation-stats totalBytes="40594176" >
  <allocated-bytes non-tlh="1168" tlh="40593008" />
  <largest-consumer threadName="main" threadId="00000000021F7F00" bytes="40594176" />
</allocation-stats>
<gc-op id="2725" type="scavenge" timems="1.867" contextid="2722" timestamp="2019-08-08T09:55:40.542">
  <scavenger-info tenureage="3" tenuremask="fff8" tiltratio="89" />
  <memory-copied type="nursery" objects="2" bytes="56" bytesdiscarded="16072" />
</gc-op>
<heap-resize id="2726" type="expand" space="nursery" amount="3014656" count="1" timems="0.074" reason="excessive time being spent scavenging" timestamp="2019-08-08T09:55:40.542" />
<gc-end id="2727" type="scavenge" contextid="2722" durationms="2.604" usertimems="4.976" systemtimems="0.000" timestamp="2019-08-08T09:55:40.543" activeThreads="16">
  <mem-info id="2728" free="45617872" total="68550656" percent="66">
    <mem type="nursery" free="43434240" total="48365568" percent="89">
      <mem type="allocate" free="43434240" total="43450368" percent="99" />
      <mem type="survivor" free="0" total="4915200" percent="0" />
    </mem>
    <mem type="tenure" free="2183632" total="20185088" percent="10" macro-fragmented="0">
      <mem type="soa" free="1981904" total="19983360" percent="9" />
      <mem type="loa" free="201728" total="201728" percent="100" />
    </mem>
    <remembered-set count="120" />
  </mem-info>
</gc-end>
<cycle-end id="2729" type="scavenge" contextid="2722" timestamp="2019-08-08T09:55:40.543" />
  <attribute name="elasticGC enabled" value="1" />
  <attribute name= "numThreadsSpecified" value="16" />
  <attribute name="heapSize specified" value="51511296" />
  <attribute name="Current GC Util" value="57" />
  <attribute name= "Current Time Running" value="132392" />
  <attribute name ="GC Interval" value="2281" />
  <attribute name="Target GC Util Change" value ="80.000000" />
  <attribute name="Current GC Util Change" value="57.000000"/>
  <attribute name="Current Error" value="151.000000" />
  <attribute name="Output H" value="65611856"/>
  <attribute name="Output I" value="2280"/>
  <attribute name="Output T" value="16"/>
  <attribute name= "Current Time Running" value="132392" />
  <attribute name="GC Util currently" value="57" />
  <attribute name="CPU Util currently" value="59205422636" />
<allocation-satisfied id="2730" threadId="00000000021F7F00" bytesRequested="1168" />
<af-end id="2731" timestamp="2019-08-08T09:55:40.543" threadId="00000000021F8888" success="true" from="nursery"/>
<exclusive-end id="2732" timestamp="2019-08-08T09:55:40.543" durationms="2.996" />

<exclusive-start id="2733" timestamp="2019-08-08T09:55:40.557" intervalms="17.289">
  <response-info timems="0.130" idlems="0.130" threads="0" lastid="00000000021F7F00" lastname="main" />
</exclusive-start>
<af-start id="2734" threadId="00000000021F8888" totalBytesRequested="1168" timestamp="2019-08-08T09:55:40.557" intervalms="17.245" type="nursery" />
<cycle-start id="2735" type="scavenge" contextid="0" timestamp="2019-08-08T09:55:40.557" intervalms="17.196" />
<gc-start id="2736" type="scavenge" contextid="2735" timestamp="2019-08-08T09:55:40.557">
  <mem-info id="2737" free="2183632" total="68550656" percent="3">
    <mem type="nursery" free="0" total="48365568" percent="0">
      <mem type="allocate" free="0" total="43450368" percent="0" />
      <mem type="survivor" free="0" total="4915200" percent="0" />
    </mem>
    <mem type="tenure" free="2183632" total="20185088" percent="10">
      <mem type="soa" free="1981904" total="19983360" percent="9" />
      <mem type="loa" free="201728" total="201728" percent="100" />
    </mem>
    <remembered-set count="120" />
  </mem-info>
</gc-start>
<allocation-stats totalBytes="43288408" >
  <allocated-bytes non-tlh="1168" tlh="43287240" />
  <largest-consumer threadName="main" threadId="00000000021F7F00" bytes="43288408" />
</allocation-stats>
<gc-op id="2738" type="scavenge" timems="1.054" contextid="2735" timestamp="2019-08-08T09:55:40.558">
  <scavenger-info tenureage="3" tenuremask="fff8" tiltratio="89" />
  <memory-copied type="nursery" objects="2" bytes="56" bytesdiscarded="32200" />
</gc-op>
<gc-end id="2739" type="scavenge" contextid="2735" durationms="1.296" usertimems="2.928" systemtimems="0.000" timestamp="2019-08-08T09:55:40.558" activeThreads="16">
  <mem-info id="2740" free="45667280" total="68550656" percent="66">
    <mem type="nursery" free="43483648" total="48365568" percent="89">
      <mem type="allocate" free="43483648" total="43515904" percent="99" />
      <mem type="survivor" free="0" total="4849664" percent="0" />
    </mem>
    <mem type="tenure" free="2183632" total="20185088" percent="10" macro-fragmented="0">
      <mem type="soa" free="1981904" total="19983360" percent="9" />
      <mem type="loa" free="201728" total="201728" percent="100" />
    </mem>
    <remembered-set count="120" />
  </mem-info>
</gc-end>
<cycle-end id="2741" type="scavenge" contextid="2735" timestamp="2019-08-08T09:55:40.558" />
  <attribute name="elasticGC enabled" value="1" />
  <attribute name= "numThreadsSpecified" value="16" />
  <attribute name="heapSize specified" value="51511296" />
  <attribute name="Current GC Util" value="19" />
  <attribute name= "Current Time Running" value="132409" />
  <attribute name ="GC Interval" value="2393" />
  <attribute name="Target GC Util Change" value ="80.000000" />
  <attribute name="Current GC Util Change" value="19.000000"/>
  <attribute name="Current Error" value="212.000000" />
  <attribute name="Output H" value="68626584"/>
  <attribute name="Output I" value="2392"/>
  <attribute name="Output T" value="16"/>
  <attribute name= "Current Time Running" value="132409" />
  <attribute name="GC Util currently" value="19" />
  <attribute name="CPU Util currently" value="67625250792" />
<allocation-satisfied id="2742" threadId="00000000021F7F00" bytesRequested="1168" />
<af-end id="2743" timestamp="2019-08-08T09:55:40.558" threadId="00000000021F8888" success="true" from="nursery"/>
<exclusive-end id="2744" timestamp="2019-08-08T09:55:40.558" durationms="1.560" />

<exclusive-start id="2745" timestamp="2019-08-08T09:55:40.574" intervalms="17.451">
  <response-info timems="0.269" idlems="0.269" threads="0" lastid="00000000021F7F00" lastname="main" />
</exclusive-start>
<af-start id="2746" threadId="00000000021F8888" totalBytesRequested="1168" timestamp="2019-08-08T09:55:40.574" intervalms="17.425" type="nursery" />
<cycle-start id="2747" type="scavenge" contextid="0" timestamp="2019-08-08T09:55:40.574" intervalms="17.419" />
<gc-start id="2748" type="scavenge" contextid="2747" timestamp="2019-08-08T09:55:40.574">
  <mem-info id="2749" free="2183632" total="68550656" percent="3">
    <mem type="nursery" free="0" total="48365568" percent="0">
      <mem type="allocate" free="0" total="43515904" percent="0" />
      <mem type="survivor" free="0" total="4849664" percent="0" />
    </mem>
    <mem type="tenure" free="2183632" total="20185088" percent="10">
      <mem type="soa" free="1981904" total="19983360" percent="9" />
      <mem type="loa" free="201728" total="201728" percent="100" />
    </mem>
    <remembered-set count="120" />
  </mem-info>
</gc-start>
<allocation-stats totalBytes="43337688" >
  <allocated-bytes non-tlh="1168" tlh="43336520" />
  <largest-consumer threadName="main" threadId="00000000021F7F00" bytes="43337688" />
</allocation-stats>
<gc-op id="2750" type="scavenge" timems="7.083" contextid="2747" timestamp="2019-08-08T09:55:40.582">
  <scavenger-info tenureage="3" tenuremask="fff8" tiltratio="89" />
  <memory-copied type="nursery" objects="2" bytes="56" bytesdiscarded="16072" />
</gc-op>
<heap-resize id="2751" type="expand" space="nursery" amount="7602176" count="1" timems="0.026" reason="excessive time being spent scavenging" timestamp="2019-08-08T09:55:40.582" />
<gc-end id="2752" type="scavenge" contextid="2747" durationms="7.411" usertimems="13.923" systemtimems="0.000" timestamp="2019-08-08T09:55:40.582" activeThreads="16">
  <mem-info id="2753" free="52499152" total="76152832" percent="68">
    <mem type="nursery" free="50315520" total="55967744" percent="89">
      <mem type="allocate" free="50315520" total="50331648" percent="99" />
      <mem type="survivor" free="0" total="5636096" percent="0" />
    </mem>
    <mem type="tenure" free="2183632" total="20185088" percent="10" macro-fragmented="0">
      <mem type="soa" free="1981904" total="19983360" percent="9" />
      <mem type="loa" free="201728" total="201728" percent="100" />
    </mem>
    <remembered-set count="120" />
  </mem-info>
</gc-end>
<cycle-end id="2754" type="scavenge" contextid="2747" timestamp="2019-08-08T09:55:40.582" />
  <attribute name="elasticGC enabled" value="1" />
  <attribute name= "numThreadsSpecified" value="16" />
  <attribute name="heapSize specified" value="51511296" />
  <attribute name="Current GC Util" value="11" />
  <attribute name= "Current Time Running" value="132427" />
  <attribute name ="GC Interval" value="2513" />
  <attribute name="Target GC Util Change" value ="80.000000" />
  <attribute name="Current GC Util Change" value="11.000000"/>
  <attribute name="Current Error" value="281.000000" />
  <attribute name="Output H" value="68626664"/>
  <attribute name="Output I" value="2512"/>
  <attribute name="Output T" value="16"/>
  <attribute name= "Current Time Running" value="132427" />
  <attribute name="GC Util currently" value="11" />
  <attribute name="CPU Util currently" value="66226368043" />
<allocation-satisfied id="2755" threadId="00000000021F7F00" bytesRequested="1168" />
<af-end id="2756" timestamp="2019-08-08T09:55:40.582" threadId="00000000021F8888" success="true" from="nursery"/>
<exclusive-end id="2757" timestamp="2019-08-08T09:55:40.582" durationms="7.681" />

<exclusive-start id="2758" timestamp="2019-08-08T09:55:40.630" intervalms="55.793">
  <response-info timems="1.414" idlems="1.414" threads="0" lastid="00000000021F7F00" lastname="main" />
</exclusive-start>
<af-start id="2759" threadId="00000000021F8888" totalBytesRequested="1168" timestamp="2019-08-08T09:55:40.630" intervalms="55.793" type="nursery" />
<cycle-start id="2760" type="scavenge" contextid="0" timestamp="2019-08-08T09:55:40.630" intervalms="55.798" />
<gc-start id="2761" type="scavenge" contextid="2760" timestamp="2019-08-08T09:55:40.630">
  <mem-info id="2762" free="2183632" total="76152832" percent="2">
    <mem type="nursery" free="0" total="55967744" percent="0">
      <mem type="allocate" free="0" total="50331648" percent="0" />
      <mem type="survivor" free="0" total="5636096" percent="0" />
    </mem>
    <mem type="tenure" free="2183632" total="20185088" percent="10">
      <mem type="soa" free="1981904" total="19983360" percent="9" />
      <mem type="loa" free="201728" total="201728" percent="100" />
    </mem>
    <remembered-set count="125" />
  </mem-info>
</gc-start>
<allocation-stats totalBytes="50062216" >
  <allocated-bytes non-tlh="1168" tlh="50061048" />
  <largest-consumer threadName="main" threadId="00000000021F7F00" bytes="50062216" />
</allocation-stats>
<gc-op id="2763" type="scavenge" timems="3.225" contextid="2760" timestamp="2019-08-08T09:55:40.634">
  <scavenger-info tenureage="3" tenuremask="fff8" tiltratio="89" />
  <memory-copied type="nursery" objects="28" bytes="1960" bytesdiscarded="30296" />
</gc-op>
<gc-end id="2764" type="scavenge" contextid="2760" durationms="3.786" usertimems="6.252" systemtimems="0.000" timestamp="2019-08-08T09:55:40.634" activeThreads="16">
  <mem-info id="2765" free="52483024" total="76152832" percent="68">
    <mem type="nursery" free="50299392" total="55967744" percent="89">
      <mem type="allocate" free="50299392" total="50331648" percent="99" />
      <mem type="survivor" free="0" total="5636096" percent="0" />
    </mem>
    <mem type="tenure" free="2183632" total="20185088" percent="10" macro-fragmented="0">
      <mem type="soa" free="1981904" total="19983360" percent="9" />
      <mem type="loa" free="201728" total="201728" percent="100" />
    </mem>
    <remembered-set count="125" />
  </mem-info>
</gc-end>
<cycle-end id="2766" type="scavenge" contextid="2760" timestamp="2019-08-08T09:55:40.634" />
  <attribute name="elasticGC enabled" value="1" />
  <attribute name= "numThreadsSpecified" value="16" />
  <attribute name="heapSize specified" value="51511296" />
  <attribute name="Current GC Util" value="11" />
  <attribute name= "Current Time Running" value="132483" />
  <attribute name ="GC Interval" value="2137" />
  <attribute name="Target GC Util Change" value ="80.000000" />
  <attribute name="Current GC Util Change" value="11.000000"/>
  <attribute name="Current Error" value="69.000000" />
  <attribute name="Output H" value="76228592"/>
  <attribute name="Output I" value="2136"/>
  <attribute name="Output T" value="16"/>
  <attribute name= "Current Time Running" value="132483" />
  <attribute name="GC Util currently" value="11" />
  <attribute name="CPU Util currently" value="20656505676" />
<allocation-satisfied id="2767" threadId="00000000021F7F00" bytesRequested="1168" />
<af-end id="2768" timestamp="2019-08-08T09:55:40.634" threadId="00000000021F8888" success="true" from="nursery"/>
<exclusive-end id="2769" timestamp="2019-08-08T09:55:40.634" durationms="4.270" />

<exclusive-start id="2770" timestamp="2019-08-08T09:55:40.657" intervalms="26.574">
  <response-info timems="0.021" idlems="0.021" threads="0" lastid="00000000021F7F00" lastname="main" />
</exclusive-start>
<af-start id="2771" threadId="00000000021F8888" totalBytesRequested="1168" timestamp="2019-08-08T09:55:40.657" intervalms="26.583" type="nursery" />
<cycle-start id="2772" type="scavenge" contextid="0" timestamp="2019-08-08T09:55:40.657" intervalms="26.581" />
<gc-start id="2773" type="scavenge" contextid="2772" timestamp="2019-08-08T09:55:40.657">
  <mem-info id="2774" free="2183632" total="76152832" percent="2">
    <mem type="nursery" free="0" total="55967744" percent="0">
      <mem type="allocate" free="0" total="50331648" percent="0" />
      <mem type="survivor" free="0" total="5636096" percent="0" />
    </mem>
    <mem type="tenure" free="2183632" total="20185088" percent="10">
      <mem type="soa" free="1981904" total="19983360" percent="9" />
      <mem type="loa" free="201728" total="201728" percent="100" />
    </mem>
    <remembered-set count="125" />
  </mem-info>
</gc-start>
<allocation-stats totalBytes="49973192" >
  <allocated-bytes non-tlh="1168" tlh="49972024" />
  <largest-consumer threadName="main" threadId="00000000021F7F00" bytes="49973192" />
</allocation-stats>
<gc-op id="2775" type="scavenge" timems="2.874" contextid="2772" timestamp="2019-08-08T09:55:40.660">
  <scavenger-info tenureage="3" tenuremask="fff8" tiltratio="89" />
  <memory-copied type="nursery" objects="29" bytes="1984" bytesdiscarded="30272" />
</gc-op>
<heap-resize id="2776" type="expand" space="nursery" amount="3407872" count="1" timems="0.022" reason="excessive time being spent scavenging" timestamp="2019-08-08T09:55:40.660" />
<gc-end id="2777" type="scavenge" contextid="2772" durationms="4.066" usertimems="5.665" systemtimems="0.000" timestamp="2019-08-08T09:55:40.661" activeThreads="16">
  <mem-info id="2778" free="55497680" total="79560704" percent="69">
    <mem type="nursery" free="53314048" total="59375616" percent="89">
      <mem type="allocate" free="53314048" total="53346304" percent="99" />
      <mem type="survivor" free="0" total="6029312" percent="0" />
    </mem>
    <mem type="tenure" free="2183632" total="20185088" percent="10" macro-fragmented="0">
      <mem type="soa" free="1981904" total="19983360" percent="9" />
      <mem type="loa" free="201728" total="201728" percent="100" />
    </mem>
    <remembered-set count="114" />
  </mem-info>
</gc-end>
<cycle-end id="2779" type="scavenge" contextid="2772" timestamp="2019-08-08T09:55:40.661" />
  <attribute name="elasticGC enabled" value="1" />
  <attribute name= "numThreadsSpecified" value="16" />
  <attribute name="heapSize specified" value="51511296" />
  <attribute name="Current GC Util" value="22" />
  <attribute name= "Current Time Running" value="132509" />
  <attribute name ="GC Interval" value="2241" />
  <attribute name="Target GC Util Change" value ="80.000000" />
  <attribute name="Current GC Util Change" value="22.000000"/>
  <attribute name="Current Error" value="127.000000" />
  <attribute name="Output H" value="76228664"/>
  <attribute name="Output I" value="2240"/>
  <attribute name="Output T" value="16"/>
  <attribute name= "Current Time Running" value="132509" />
  <attribute name="GC Util currently" value="22" />
  <attribute name="CPU Util currently" value="43299230403" />
<allocation-satisfied id="2780" threadId="00000000021F7F00" bytesRequested="1168" />
<af-end id="2781" timestamp="2019-08-08T09:55:40.661" threadId="00000000021F8888" success="true" from="nursery"/>
<exclusive-end id="2782" timestamp="2019-08-08T09:55:40.661" durationms="4.390" />

<exclusive-start id="2783" timestamp="2019-08-08T09:55:40.677" intervalms="20.413">
  <response-info timems="0.157" idlems="0.157" threads="0" lastid="00000000021F7F00" lastname="main" />
</exclusive-start>
<af-start id="2784" threadId="00000000021F8888" totalBytesRequested="1168" timestamp="2019-08-08T09:55:40.677" intervalms="20.394" type="nursery" />
<cycle-start id="2785" type="scavenge" contextid="0" timestamp="2019-08-08T09:55:40.677" intervalms="20.401" />
<gc-start id="2786" type="scavenge" contextid="2785" timestamp="2019-08-08T09:55:40.677">
  <mem-info id="2787" free="2183632" total="79560704" percent="2">
    <mem type="nursery" free="0" total="59375616" percent="0">
      <mem type="allocate" free="0" total="53346304" percent="0" />
      <mem type="survivor" free="0" total="6029312" percent="0" />
    </mem>
    <mem type="tenure" free="2183632" total="20185088" percent="10">
      <mem type="soa" free="1981904" total="19983360" percent="9" />
      <mem type="loa" free="201728" total="201728" percent="100" />
    </mem>
    <remembered-set count="114" />
  </mem-info>
</gc-start>
<allocation-stats totalBytes="52980896" >
  <allocated-bytes non-tlh="1168" tlh="52979728" />
  <largest-consumer threadName="main" threadId="00000000021F7F00" bytes="52980896" />
</allocation-stats>
<gc-op id="2788" type="scavenge" timems="2.013" contextid="2785" timestamp="2019-08-08T09:55:40.679">
  <scavenger-info tenureage="3" tenuremask="fff8" tiltratio="89" />
  <memory-copied type="nursery" objects="29" bytes="1984" bytesdiscarded="30272" />
</gc-op>
<heap-resize id="2789" type="expand" space="nursery" amount="2752512" count="1" timems="0.022" reason="excessive time being spent scavenging" timestamp="2019-08-08T09:55:40.679" />
<gc-end id="2790" type="scavenge" contextid="2785" durationms="2.363" usertimems="3.359" systemtimems="0.000" timestamp="2019-08-08T09:55:40.680" activeThreads="16">
  <mem-info id="2791" free="57988048" total="82313216" percent="70">
    <mem type="nursery" free="55804416" total="62128128" percent="89">
      <mem type="allocate" free="55804416" total="55836672" percent="99" />
      <mem type="survivor" free="0" total="6291456" percent="0" />
    </mem>
    <mem type="tenure" free="2183632" total="20185088" percent="10" macro-fragmented="0">
      <mem type="soa" free="1981904" total="19983360" percent="9" />
      <mem type="loa" free="201728" total="201728" percent="100" />
    </mem>
    <remembered-set count="114" />
  </mem-info>
</gc-end>
<cycle-end id="2792" type="scavenge" contextid="2785" timestamp="2019-08-08T09:55:40.680" />
  <attribute name="elasticGC enabled" value="1" />
  <attribute name= "numThreadsSpecified" value="16" />
  <attribute name="heapSize specified" value="51511296" />
  <attribute name="Current GC Util" value="26" />
  <attribute name= "Current Time Running" value="132530" />
  <attribute name ="GC Interval" value="2337" />
  <attribute name="Target GC Util Change" value ="80.000000" />
  <attribute name="Current GC Util Change" value="26.000000"/>
  <attribute name="Current Error" value="181.000000" />
  <attribute name="Output H" value="79636600"/>
  <attribute name="Output I" value="2336"/>
  <attribute name="Output T" value="16"/>
  <attribute name= "Current Time Running" value="132530" />
  <attribute name="GC Util currently" value="26" />
  <attribute name="CPU Util currently" value="56610172117" />
<allocation-satisfied id="2793" threadId="00000000021F7F00" bytesRequested="1168" />
<af-end id="2794" timestamp="2019-08-08T09:55:40.680" threadId="00000000021F8888" success="true" from="nursery"/>
<exclusive-end id="2795" timestamp="2019-08-08T09:55:40.680" durationms="2.559" />

<exclusive-start id="2796" timestamp="2019-08-08T09:55:40.695" intervalms="17.496">
  <response-info timems="0.131" idlems="0.131" threads="0" lastid="00000000021F7F00" lastname="main" />
</exclusive-start>
<af-start id="2797" threadId="00000000021F8888" totalBytesRequested="1168" timestamp="2019-08-08T09:55:40.695" intervalms="17.832" type="nursery" />
<cycle-start id="2798" type="scavenge" contextid="0" timestamp="2019-08-08T09:55:40.695" intervalms="17.823" />
<gc-start id="2799" type="scavenge" contextid="2798" timestamp="2019-08-08T09:55:40.695">
  <mem-info id="2800" free="2183632" total="82313216" percent="2">
    <mem type="nursery" free="0" total="62128128" percent="0">
      <mem type="allocate" free="0" total="55836672" percent="0" />
      <mem type="survivor" free="0" total="6291456" percent="0" />
    </mem>
    <mem type="tenure" free="2183632" total="20185088" percent="10">
      <mem type="soa" free="1981904" total="19983360" percent="9" />
      <mem type="loa" free="201728" total="201728" percent="100" />
    </mem>
    <remembered-set count="114" />
  </mem-info>
</gc-start>
<allocation-stats totalBytes="55454416" >
  <allocated-bytes non-tlh="1168" tlh="55453248" />
  <largest-consumer threadName="main" threadId="00000000021F7F00" bytes="55454416" />
</allocation-stats>
<gc-op id="2801" type="scavenge" timems="2.130" contextid="2798" timestamp="2019-08-08T09:55:40.697">
  <scavenger-info tenureage="3" tenuremask="fff8" tiltratio="89" />
  <memory-copied type="nursery" objects="2" bytes="64" bytesdiscarded="16064" />
  <memory-copied type="tenure" objects="27" bytes="1920" bytesdiscarded="0" />
</gc-op>
<heap-resize id="2802" type="expand" space="nursery" amount="3276800" count="1" timems="0.021" reason="excessive time being spent scavenging" timestamp="2019-08-08T09:55:40.697" />
<gc-end id="2803" type="scavenge" contextid="2798" durationms="2.587" usertimems="2.918" systemtimems="0.000" timestamp="2019-08-08T09:55:40.698" activeThreads="16">
  <mem-info id="2804" free="60986576" total="85590016" percent="71">
    <mem type="nursery" free="58835200" total="65404928" percent="89">
      <mem type="allocate" free="58835200" total="58851328" percent="99" />
      <mem type="survivor" free="0" total="6553600" percent="0" />
    </mem>
    <mem type="tenure" free="2151376" total="20185088" percent="10" macro-fragmented="0">
      <mem type="soa" free="1949648" total="19983360" percent="9" />
      <mem type="loa" free="201728" total="201728" percent="100" />
    </mem>
    <remembered-set count="119" />
  </mem-info>
</gc-end>
<cycle-end id="2805" type="scavenge" contextid="2798" timestamp="2019-08-08T09:55:40.698" />
  <attribute name="elasticGC enabled" value="1" />
  <attribute name= "numThreadsSpecified" value="16" />
  <attribute name="heapSize specified" value="51511296" />
  <attribute name="Current GC Util" value="19" />
  <attribute name= "Current Time Running" value="132547" />
  <attribute name ="GC Interval" value="2441" />
  <attribute name="Target GC Util Change" value ="80.000000" />
  <attribute name="Current GC Util Change" value="19.000000"/>
  <attribute name="Current Error" value="242.000000" />
  <attribute name="Output H" value="82389176"/>
  <attribute name="Output I" value="2440"/>
  <attribute name="Output T" value="16"/>
  <attribute name= "Current Time Running" value="132547" />
  <attribute name="GC Util currently" value="19" />
  <attribute name="CPU Util currently" value="64759241176" />
<allocation-satisfied id="2806" threadId="00000000021F7F00" bytesRequested="1168" />
<af-end id="2807" timestamp="2019-08-08T09:55:40.698" threadId="00000000021F8888" success="true" from="nursery"/>
<exclusive-end id="2808" timestamp="2019-08-08T09:55:40.698" durationms="3.272" />

<exclusive-start id="2809" timestamp="2019-08-08T09:55:40.718" intervalms="23.576">
  <response-info timems="0.426" idlems="0.426" threads="0" lastid="00000000021F7F00" lastname="main" />
</exclusive-start>
<af-start id="2810" threadId="00000000021F8888" totalBytesRequested="1168" timestamp="2019-08-08T09:55:40.718" intervalms="23.243" type="nursery" />
<cycle-start id="2811" type="scavenge" contextid="0" timestamp="2019-08-08T09:55:40.718" intervalms="23.255" />
<gc-start id="2812" type="scavenge" contextid="2811" timestamp="2019-08-08T09:55:40.719">
  <mem-info id="2813" free="2151376" total="85590016" percent="2">
    <mem type="nursery" free="0" total="65404928" percent="0">
      <mem type="allocate" free="0" total="58851328" percent="0" />
      <mem type="survivor" free="0" total="6553600" percent="0" />
    </mem>
    <mem type="tenure" free="2151376" total="20185088" percent="10">
      <mem type="soa" free="1949648" total="19983360" percent="9" />
      <mem type="loa" free="201728" total="201728" percent="100" />
    </mem>
    <remembered-set count="119" />
  </mem-info>
</gc-start>
<allocation-stats totalBytes="58466312" >
  <allocated-bytes non-tlh="1168" tlh="58465144" />
  <largest-consumer threadName="main" threadId="00000000021F7F00" bytes="58466312" />
</allocation-stats>
<gc-op id="2814" type="scavenge" timems="2.607" contextid="2811" timestamp="2019-08-08T09:55:40.721">
  <scavenger-info tenureage="3" tenuremask="ffe8" tiltratio="89" />
  <memory-copied type="nursery" objects="2" bytes="64" bytesdiscarded="32192" />
</gc-op>
<heap-resize id="2815" type="expand" space="nursery" amount="2359296" count="1" timems="0.025" reason="excessive time being spent scavenging" timestamp="2019-08-08T09:55:40.721" />
<gc-end id="2816" type="scavenge" contextid="2811" durationms="2.970" usertimems="3.515" systemtimems="0.000" timestamp="2019-08-08T09:55:40.721" activeThreads="16">
  <mem-info id="2817" free="63067600" total="87949312" percent="71">
    <mem type="nursery" free="60916224" total="67764224" percent="89">
      <mem type="allocate" free="60916224" total="60948480" percent="99" />
      <mem type="survivor" free="0" total="6815744" percent="0" />
    </mem>
    <mem type="tenure" free="2151376" total="20185088" percent="10" macro-fragmented="0">
      <mem type="soa" free="1949648" total="19983360" percent="9" />
      <mem type="loa" free="201728" total="201728" percent="100" />
    </mem>
    <remembered-set count="119" />
  </mem-info>
</gc-end>
<cycle-end id="2818" type="scavenge" contextid="2811" timestamp="2019-08-08T09:55:40.722" />
  <attribute name="elasticGC enabled" value="1" />
  <attribute name= "numThreadsSpecified" value="16" />
  <attribute name="heapSize specified" value="51511296" />
  <attribute name="Current GC Util" value="13" />
  <attribute name= "Current Time Running" value="132571" />
  <attribute name ="GC Interval" value="2561" />
  <attribute name="Target GC Util Change" value ="80.000000" />
  <attribute name="Current GC Util Change" value="13.000000"/>
  <attribute name="Current Error" value="309.000000" />
  <attribute name="Output H" value="85666056"/>
  <attribute name="Output I" value="2560"/>
  <attribute name="Output T" value="16"/>
  <attribute name= "Current Time Running" value="132571" />
  <attribute name="GC Util currently" value="13" />
  <attribute name="CPU Util currently" value="49031700979" />
<allocation-satisfied id="2819" threadId="00000000021F7F00" bytesRequested="1168" />
<af-end id="2820" timestamp="2019-08-08T09:55:40.722" threadId="00000000021F8888" success="true" from="nursery"/>
<exclusive-end id="2821" timestamp="2019-08-08T09:55:40.722" durationms="3.742" />

<exclusive-start id="2822" timestamp="2019-08-08T09:55:40.737" intervalms="19.176">
  <response-info timems="0.105" idlems="0.105" threads="0" lastid="00000000021F7F00" lastname="main" />
</exclusive-start>
<af-start id="2823" threadId="00000000021F8888" totalBytesRequested="1168" timestamp="2019-08-08T09:55:40.737" intervalms="19.176" type="nursery" />
<cycle-start id="2824" type="scavenge" contextid="0" timestamp="2019-08-08T09:55:40.737" intervalms="19.163" />
<gc-start id="2825" type="scavenge" contextid="2824" timestamp="2019-08-08T09:55:40.738">
  <mem-info id="2826" free="2151376" total="87949312" percent="2">
    <mem type="nursery" free="0" total="67764224" percent="0">
      <mem type="allocate" free="0" total="60948480" percent="0" />
      <mem type="survivor" free="0" total="6815744" percent="0" />
    </mem>
    <mem type="tenure" free="2151376" total="20185088" percent="10">
      <mem type="soa" free="1949648" total="19983360" percent="9" />
      <mem type="loa" free="201728" total="201728" percent="100" />
    </mem>
    <remembered-set count="119" />
  </mem-info>
</gc-start>
<allocation-stats totalBytes="60535424" >
  <allocated-bytes non-tlh="1168" tlh="60534256" />
  <largest-consumer threadName="main" threadId="00000000021F7F00" bytes="60535424" />
</allocation-stats>
<gc-op id="2827" type="scavenge" timems="1.630" contextid="2824" timestamp="2019-08-08T09:55:40.739">
  <scavenger-info tenureage="3" tenuremask="fff8" tiltratio="89" />
  <memory-copied type="nursery" objects="2" bytes="64" bytesdiscarded="16064" />
</gc-op>
<gc-end id="2828" type="scavenge" contextid="2824" durationms="1.937" usertimems="2.250" systemtimems="0.000" timestamp="2019-08-08T09:55:40.739" activeThreads="16">
  <mem-info id="2829" free="63083728" total="87949312" percent="71">
    <mem type="nursery" free="60932352" total="67764224" percent="89">
      <mem type="allocate" free="60932352" total="60948480" percent="99" />
      <mem type="survivor" free="0" total="6815744" percent="0" />
    </mem>
    <mem type="tenure" free="2151376" total="20185088" percent="10" macro-fragmented="0">
      <mem type="soa" free="1949648" total="19983360" percent="9" />
      <mem type="loa" free="201728" total="201728" percent="100" />
    </mem>
    <remembered-set count="119" />
  </mem-info>
</gc-end>
<cycle-end id="2830" type="scavenge" contextid="2824" timestamp="2019-08-08T09:55:40.740" />
  <attribute name="elasticGC enabled" value="1" />
  <attribute name= "numThreadsSpecified" value="16" />
  <attribute name="heapSize specified" value="51511296" />
  <attribute name="Current GC Util" value="20" />
  <attribute name= "Current Time Running" value="132590" />
  <attribute name ="GC Interval" value="2673" />
  <attribute name="Target GC Util Change" value ="80.000000" />
  <attribute name="Current GC Util Change" value="20.000000"/>
  <attribute name="Current Error" value="369.000000" />
  <attribute name="Output H" value="88025424"/>
  <attribute name="Output I" value="2672"/>
  <attribute name="Output T" value="16"/>
  <attribute name= "Current Time Running" value="132590" />
  <attribute name="GC Util currently" value="20" />
  <attribute name="CPU Util currently" value="60978728365" />
<allocation-satisfied id="2831" threadId="00000000021F7F00" bytesRequested="1168" />
<af-end id="2832" timestamp="2019-08-08T09:55:40.740" threadId="00000000021F8888" success="true" from="nursery"/>
<exclusive-end id="2833" timestamp="2019-08-08T09:55:40.740" durationms="2.141" />

<exclusive-start id="2834" timestamp="2019-08-08T09:55:40.758" intervalms="20.505">
  <response-info timems="0.099" idlems="0.099" threads="0" lastid="00000000021F7F00" lastname="main" />
</exclusive-start>
<af-start id="2835" threadId="00000000021F8888" totalBytesRequested="1168" timestamp="2019-08-08T09:55:40.758" intervalms="20.503" type="nursery" />
<cycle-start id="2836" type="scavenge" contextid="0" timestamp="2019-08-08T09:55:40.758" intervalms="20.661" />
<gc-start id="2837" type="scavenge" contextid="2836" timestamp="2019-08-08T09:55:40.758">
  <mem-info id="2838" free="2151376" total="87949312" percent="2">
    <mem type="nursery" free="0" total="67764224" percent="0">
      <mem type="allocate" free="0" total="60948480" percent="0" />
      <mem type="survivor" free="0" total="6815744" percent="0" />
    </mem>
    <mem type="tenure" free="2151376" total="20185088" percent="10">
      <mem type="soa" free="1949648" total="19983360" percent="9" />
      <mem type="loa" free="201728" total="201728" percent="100" />
    </mem>
    <remembered-set count="119" />
  </mem-info>
</gc-start>
<allocation-stats totalBytes="60551544" >
  <allocated-bytes non-tlh="1168" tlh="60550376" />
  <largest-consumer threadName="main" threadId="00000000021F7F00" bytes="60551544" />
</allocation-stats>
<gc-op id="2839" type="scavenge" timems="1.311" contextid="2836" timestamp="2019-08-08T09:55:40.760">
  <scavenger-info tenureage="3" tenuremask="fff8" tiltratio="89" />
  <memory-copied type="nursery" objects="2" bytes="64" bytesdiscarded="32192" />
</gc-op>
<gc-end id="2840" type="scavenge" contextid="2836" durationms="1.770" usertimems="2.160" systemtimems="0.000" timestamp="2019-08-08T09:55:40.760" activeThreads="16">
  <mem-info id="2841" free="63067600" total="87949312" percent="71">
    <mem type="nursery" free="60916224" total="67764224" percent="89">
      <mem type="allocate" free="60916224" total="60948480" percent="99" />
      <mem type="survivor" free="0" total="6815744" percent="0" />
    </mem>
    <mem type="tenure" free="2151376" total="20185088" percent="10" macro-fragmented="0">
      <mem type="soa" free="1949648" total="19983360" percent="9" />
      <mem type="loa" free="201728" total="201728" percent="100" />
    </mem>
    <remembered-set count="119" />
  </mem-info>
</gc-end>
<cycle-end id="2842" type="scavenge" contextid="2836" timestamp="2019-08-08T09:55:40.760" />
  <attribute name="elasticGC enabled" value="1" />
  <attribute name= "numThreadsSpecified" value="16" />
  <attribute name="heapSize specified" value="51511296" />
  <attribute name="Current GC Util" value="11" />
  <attribute name= "Current Time Running" value="132610" />
  <attribute name ="GC Interval" value="2137" />
  <attribute name="Target GC Util Change" value ="80.000000" />
  <attribute name="Current GC Util Change" value="11.000000"/>
  <attribute name="Current Error" value="69.000000" />
  <attribute name="Output H" value="88025072"/>
  <attribute name="Output I" value="2136"/>
  <attribute name="Output T" value="16"/>
  <attribute name= "Current Time Running" value="132610" />
  <attribute name="GC Util currently" value="11" />
  <attribute name="CPU Util currently" value="55751621905" />
<allocation-satisfied id="2843" threadId="00000000021F7F00" bytesRequested="1168" />
<af-end id="2844" timestamp="2019-08-08T09:55:40.760" threadId="00000000021F8888" success="true" from="nursery"/>
<exclusive-end id="2845" timestamp="2019-08-08T09:55:40.760" durationms="2.262" />

<exclusive-start id="2846" timestamp="2019-08-08T09:55:41.108" intervalms="350.023">
  <response-info timems="0.142" idlems="0.142" threads="0" lastid="00000000021F7F00" lastname="main" />
</exclusive-start>
<af-start id="2847" threadId="00000000021F8888" totalBytesRequested="32" timestamp="2019-08-08T09:55:41.108" intervalms="350.028" type="nursery" />
<cycle-start id="2848" type="scavenge" contextid="0" timestamp="2019-08-08T09:55:41.108" intervalms="349.877" />
<gc-start id="2849" type="scavenge" contextid="2848" timestamp="2019-08-08T09:55:41.108">
  <mem-info id="2850" free="2151376" total="87949312" percent="2">
    <mem type="nursery" free="0" total="67764224" percent="0">
      <mem type="allocate" free="0" total="60948480" percent="0" />
      <mem type="survivor" free="0" total="6815744" percent="0" />
    </mem>
    <mem type="tenure" free="2151376" total="20185088" percent="10">
      <mem type="soa" free="1949648" total="19983360" percent="9" />
      <mem type="loa" free="201728" total="201728" percent="100" />
    </mem>
    <remembered-set count="129" />
  </mem-info>
</gc-start>
<allocation-stats totalBytes="60903680" >
  <allocated-bytes non-tlh="1168" tlh="60902512" />
  <largest-consumer threadName="main" threadId="00000000021F7F00" bytes="60903680" />
</allocation-stats>
<gc-op id="2851" type="scavenge" timems="1.544" contextid="2848" timestamp="2019-08-08T09:55:41.110">
  <scavenger-info tenureage="3" tenuremask="fff8" tiltratio="89" />
  <memory-copied type="nursery" objects="248" bytes="8016" bytesdiscarded="64128" />
  <references type="weak" candidates="37" cleared="0" enqueued="0" />
</gc-op>
<gc-end id="2852" type="scavenge" contextid="2848" durationms="1.899" usertimems="5.309" systemtimems="0.000" timestamp="2019-08-08T09:55:41.110" activeThreads="16">
  <mem-info id="2853" free="63027664" total="87949312" percent="71">
    <mem type="nursery" free="60876288" total="67764224" percent="89">
      <mem type="allocate" free="60876288" total="60948480" percent="99" />
      <mem type="survivor" free="0" total="6815744" percent="0" />
    </mem>
    <mem type="tenure" free="2151376" total="20185088" percent="10" macro-fragmented="0">
      <mem type="soa" free="1949648" total="19983360" percent="9" />
      <mem type="loa" free="201728" total="201728" percent="100" />
    </mem>
    <remembered-set count="129" />
  </mem-info>
</gc-end>
<cycle-end id="2854" type="scavenge" contextid="2848" timestamp="2019-08-08T09:55:41.110" />
  <attribute name="elasticGC enabled" value="1" />
  <attribute name= "numThreadsSpecified" value="16" />
  <attribute name="heapSize specified" value="51511296" />
  <attribute name="Current GC Util" value="0" />
  <attribute name= "Current Time Running" value="132960" />
  <attribute name ="GC Interval" value="2281" />
  <attribute name="Target GC Util Change" value ="80.000000" />
  <attribute name="Current GC Util Change" value="0.000000"/>
  <attribute name="Current Error" value="149.000000" />
  <attribute name="Output H" value="88025168"/>
  <attribute name="Output I" value="2280"/>
  <attribute name="Output T" value="16"/>
  <attribute name= "Current Time Running" value="132960" />
  <attribute name="GC Util currently" value="0" />
  <attribute name="CPU Util currently" value="3295152382" />
<allocation-satisfied id="2855" threadId="00000000021F7F00" bytesRequested="32" />
<af-end id="2856" timestamp="2019-08-08T09:55:41.110" threadId="00000000021F8888" success="true" from="nursery"/>
<exclusive-end id="2857" timestamp="2019-08-08T09:55:41.110" durationms="2.161" />

<exclusive-start id="2858" timestamp="2019-08-08T09:55:41.277" intervalms="169.146">
  <response-info timems="3.600" idlems="1.958" threads="1" lastid="0000000002206F00" lastname="JIT Compilation Thread-3" />
</exclusive-start>
<af-start id="2859" threadId="00000000021F8888" totalBytesRequested="296" timestamp="2019-08-08T09:55:41.277" intervalms="169.144" type="nursery" />
<cycle-start id="2860" type="scavenge" contextid="0" timestamp="2019-08-08T09:55:41.277" intervalms="169.139" />
<gc-start id="2861" type="scavenge" contextid="2860" timestamp="2019-08-08T09:55:41.277">
  <mem-info id="2862" free="2151376" total="87949312" percent="2">
    <mem type="nursery" free="0" total="67764224" percent="0">
      <mem type="allocate" free="0" total="60948480" percent="0" />
      <mem type="survivor" free="0" total="6815744" percent="0" />
    </mem>
    <mem type="tenure" free="2151376" total="20185088" percent="10">
      <mem type="soa" free="1949648" total="19983360" percent="9" />
      <mem type="loa" free="201728" total="201728" percent="100" />
    </mem>
    <remembered-set count="131" />
  </mem-info>
</gc-start>
<allocation-stats totalBytes="60858528" >
  <allocated-bytes non-tlh="32" tlh="60858496" />
  <largest-consumer threadName="main" threadId="00000000021F7F00" bytes="60858528" />
</allocation-stats>
<gc-op id="2863" type="scavenge" timems="2.029" contextid="2860" timestamp="2019-08-08T09:55:41.279">
  <scavenger-info tenureage="3" tenuremask="fff8" tiltratio="89" />
  <memory-copied type="nursery" objects="82" bytes="2624" bytesdiscarded="53440" />
  <references type="weak" candidates="37" cleared="7" enqueued="3" />
</gc-op>
<gc-end id="2864" type="scavenge" contextid="2860" durationms="2.261" usertimems="3.758" systemtimems="0.000" timestamp="2019-08-08T09:55:41.279" activeThreads="16">
  <mem-info id="2865" free="63043792" total="87949312" percent="71">
    <mem type="nursery" free="60892416" total="67764224" percent="89">
      <mem type="allocate" free="60892416" total="60948480" percent="99" />
      <mem type="survivor" free="0" total="6815744" percent="0" />
    </mem>
    <mem type="tenure" free="2151376" total="20185088" percent="10" macro-fragmented="0">
      <mem type="soa" free="1949648" total="19983360" percent="9" />
      <mem type="loa" free="201728" total="201728" percent="100" />
    </mem>
    <pending-finalizers system="0" default="0" reference="3" classloader="0" />
    <remembered-set count="121" />
  </mem-info>
</gc-end>
<cycle-end id="2866" type="scavenge" contextid="2860" timestamp="2019-08-08T09:55:41.280" />
  <attribute name="elasticGC enabled" value="1" />
  <attribute name= "numThreadsSpecified" value="16" />
  <attribute name="heapSize specified" value="51511296" />
  <attribute name="Current GC Util" value="1" />
  <attribute name= "Current Time Running" value="133129" />
  <attribute name ="GC Interval" value="2417" />
  <attribute name="Target GC Util Change" value ="80.000000" />
  <attribute name="Current GC Util Change" value="1.000000"/>
  <attribute name="Current Error" value="228.000000" />
  <attribute name="Output H" value="88025256"/>
  <attribute name="Output I" value="2416"/>
  <attribute name="Output T" value="16"/>
  <attribute name= "Current Time Running" value="133129" />
  <attribute name="GC Util currently" value="1" />
  <attribute name="CPU Util currently" value="6817917704" />
<allocation-satisfied id="2867" threadId="00000000021F7F00" bytesRequested="296" />
<af-end id="2868" timestamp="2019-08-08T09:55:41.280" threadId="00000000021F8888" success="true" from="nursery"/>
<exclusive-end id="2869" timestamp="2019-08-08T09:55:41.280" durationms="2.478" />

<exclusive-start id="2870" timestamp="2019-08-08T09:55:41.347" intervalms="70.305">
  <response-info timems="0.070" idlems="0.070" threads="0" lastid="00000000021F7F00" lastname="main" />
</exclusive-start>
<af-start id="2871" threadId="00000000021F8888" totalBytesRequested="176" timestamp="2019-08-08T09:55:41.347" intervalms="70.298" type="nursery" />
<cycle-start id="2872" type="scavenge" contextid="0" timestamp="2019-08-08T09:55:41.347" intervalms="70.303" />
<gc-start id="2873" type="scavenge" contextid="2872" timestamp="2019-08-08T09:55:41.348">
  <mem-info id="2874" free="2151376" total="87949312" percent="2">
    <mem type="nursery" free="0" total="67764224" percent="0">
      <mem type="allocate" free="0" total="60948480" percent="0" />
      <mem type="survivor" free="0" total="6815744" percent="0" />
    </mem>
    <mem type="tenure" free="2151376" total="20185088" percent="10">
      <mem type="soa" free="1949648" total="19983360" percent="9" />
      <mem type="loa" free="201728" total="201728" percent="100" />
    </mem>
    <remembered-set count="122" />
  </mem-info>
</gc-start>
<allocation-stats totalBytes="60861064" >
  <allocated-bytes non-tlh="296" tlh="60860768" />
  <largest-consumer threadName="main" threadId="00000000021F7F00" bytes="60856968" />
</allocation-stats>
<gc-op id="2875" type="scavenge" timems="3.522" contextid="2872" timestamp="2019-08-08T09:55:41.351">
  <scavenger-info tenureage="3" tenuremask="fff8" tiltratio="89" />
  <memory-copied type="nursery" objects="83" bytes="3024" bytesdiscarded="29232" />
  <references type="weak" candidates="30" cleared="0" enqueued="0" />
</gc-op>
<gc-end id="2876" type="scavenge" contextid="2872" durationms="3.792" usertimems="4.600" systemtimems="0.000" timestamp="2019-08-08T09:55:41.351" activeThreads="16">
  <mem-info id="2877" free="63067600" total="87949312" percent="71">
    <mem type="nursery" free="60916224" total="67764224" percent="89">
      <mem type="allocate" free="60916224" total="60948480" percent="99" />
      <mem type="survivor" free="0" total="6815744" percent="0" />
    </mem>
    <mem type="tenure" free="2151376" total="20185088" percent="10" macro-fragmented="0">
      <mem type="soa" free="1949648" total="19983360" percent="9" />
      <mem type="loa" free="201728" total="201728" percent="100" />
    </mem>
    <remembered-set count="122" />
  </mem-info>
</gc-end>
<cycle-end id="2878" type="scavenge" contextid="2872" timestamp="2019-08-08T09:55:41.351" />
  <attribute name="elasticGC enabled" value="1" />
  <attribute name= "numThreadsSpecified" value="16" />
  <attribute name="heapSize specified" value="51511296" />
  <attribute name="Current GC Util" value="5" />
  <attribute name= "Current Time Running" value="133200" />
  <attribute name ="GC Interval" value="2553" />
  <attribute name="Target GC Util Change" value ="80.000000" />
  <attribute name="Current GC Util Change" value="5.000000"/>
  <attribute name="Current Error" value="303.000000" />
  <attribute name="Output H" value="88025344"/>
  <attribute name="Output I" value="2552"/>
  <attribute name="Output T" value="16"/>
  <attribute name= "Current Time Running" value="133200" />
  <attribute name="GC Util currently" value="5" />
  <attribute name="CPU Util currently" value="16380433747" />
<allocation-satisfied id="2879" threadId="00000000021F7F00" bytesRequested="176" />
<af-end id="2880" timestamp="2019-08-08T09:55:41.351" threadId="00000000021F8888" success="true" from="nursery"/>
<exclusive-end id="2881" timestamp="2019-08-08T09:55:41.351" durationms="4.031" />

<exclusive-start id="2882" timestamp="2019-08-08T09:55:41.421" intervalms="73.354">
  <response-info timems="0.044" idlems="0.044" threads="0" lastid="00000000021F7F00" lastname="main" />
</exclusive-start>
<af-start id="2883" threadId="00000000021F8888" totalBytesRequested="16" timestamp="2019-08-08T09:55:41.421" intervalms="73.434" type="nursery" />
<cycle-start id="2884" type="scavenge" contextid="0" timestamp="2019-08-08T09:55:41.421" intervalms="73.429" />
<gc-start id="2885" type="scavenge" contextid="2884" timestamp="2019-08-08T09:55:41.421">
  <mem-info id="2886" free="2151376" total="87949312" percent="2">
    <mem type="nursery" free="0" total="67764224" percent="0">
      <mem type="allocate" free="0" total="60948480" percent="0" />
      <mem type="survivor" free="0" total="6815744" percent="0" />
    </mem>
    <mem type="tenure" free="2151376" total="20185088" percent="10">
      <mem type="soa" free="1949648" total="19983360" percent="9" />
      <mem type="loa" free="201728" total="201728" percent="100" />
    </mem>
    <remembered-set count="122" />
  </mem-info>
</gc-start>
<allocation-stats totalBytes="60885144" >
  <allocated-bytes non-tlh="176" tlh="60884968" />
  <largest-consumer threadName="main" threadId="00000000021F7F00" bytes="60885144" />
</allocation-stats>
<gc-op id="2887" type="scavenge" timems="2.095" contextid="2884" timestamp="2019-08-08T09:55:41.423">
  <scavenger-info tenureage="3" tenuremask="fff8" tiltratio="89" />
  <memory-copied type="nursery" objects="27" bytes="1552" bytesdiscarded="38384" />
  <memory-copied type="tenure" objects="58" bytes="1648" bytesdiscarded="0" />
</gc-op>
<gc-end id="2888" type="scavenge" contextid="2884" durationms="2.369" usertimems="6.565" systemtimems="0.000" timestamp="2019-08-08T09:55:41.423" activeThreads="16">
  <mem-info id="2889" free="63012304" total="87949312" percent="71">
    <mem type="nursery" free="60908544" total="67764224" percent="89">
      <mem type="allocate" free="60908544" total="60948480" percent="99" />
      <mem type="survivor" free="0" total="6815744" percent="0" />
    </mem>
    <mem type="tenure" free="2103760" total="20185088" percent="10" macro-fragmented="0">
      <mem type="soa" free="1902032" total="19983360" percent="9" />
      <mem type="loa" free="201728" total="201728" percent="100" />
    </mem>
    <remembered-set count="113" />
  </mem-info>
</gc-end>
<cycle-end id="2890" type="scavenge" contextid="2884" timestamp="2019-08-08T09:55:41.423" />
  <attribute name="elasticGC enabled" value="1" />
  <attribute name= "numThreadsSpecified" value="16" />
  <attribute name="heapSize specified" value="51511296" />
  <attribute name="Current GC Util" value="6" />
  <attribute name= "Current Time Running" value="133273" />
  <attribute name ="GC Interval" value="2689" />
  <attribute name="Target GC Util Change" value ="80.000000" />
  <attribute name="Current GC Util Change" value="6.000000"/>
  <attribute name="Current Error" value="377.000000" />
  <attribute name="Output H" value="88025432"/>
  <attribute name="Output I" value="2688"/>
  <attribute name="Output T" value="16"/>
  <attribute name= "Current Time Running" value="133273" />
  <attribute name="GC Util currently" value="6" />
  <attribute name="CPU Util currently" value="15718056183" />
<allocation-satisfied id="2891" threadId="00000000021F7F00" bytesRequested="16" />
<af-end id="2892" timestamp="2019-08-08T09:55:41.423" threadId="00000000021F8888" success="true" from="nursery"/>
<exclusive-end id="2893" timestamp="2019-08-08T09:55:41.423" durationms="2.652" />

<exclusive-start id="2894" timestamp="2019-08-08T09:55:41.487" intervalms="66.483">
  <response-info timems="0.047" idlems="0.047" threads="0" lastid="00000000021F7F00" lastname="main" />
</exclusive-start>
<af-start id="2895" threadId="00000000021F8888" totalBytesRequested="232" timestamp="2019-08-08T09:55:41.487" intervalms="66.409" type="nursery" />
<cycle-start id="2896" type="scavenge" contextid="0" timestamp="2019-08-08T09:55:41.487" intervalms="66.408" />
<gc-start id="2897" type="scavenge" contextid="2896" timestamp="2019-08-08T09:55:41.488">
  <mem-info id="2898" free="2103760" total="87949312" percent="2">
    <mem type="nursery" free="0" total="67764224" percent="0">
      <mem type="allocate" free="0" total="60948480" percent="0" />
      <mem type="survivor" free="0" total="6815744" percent="0" />
    </mem>
    <mem type="tenure" free="2103760" total="20185088" percent="10">
      <mem type="soa" free="1902032" total="19983360" percent="9" />
      <mem type="loa" free="201728" total="201728" percent="100" />
    </mem>
    <remembered-set count="113" />
  </mem-info>
</gc-start>
<allocation-stats totalBytes="60876840" >
  <allocated-bytes non-tlh="16" tlh="60876824" />
  <largest-consumer threadName="main" threadId="00000000021F7F00" bytes="60876840" />
</allocation-stats>
<gc-op id="2899" type="scavenge" timems="7.059" contextid="2896" timestamp="2019-08-08T09:55:41.495">
  <scavenger-info tenureage="3" tenuremask="ffe8" tiltratio="89" />
  <memory-copied type="nursery" objects="7" bytes="864" bytesdiscarded="31392" />
  <memory-copied type="tenure" objects="18" bytes="568" bytesdiscarded="0" />
</gc-op>
<heap-resize id="2900" type="expand" space="nursery" amount="3670016" count="1" timems="0.018" reason="excessive time being spent scavenging" timestamp="2019-08-08T09:55:41.495" />
<gc-end id="2901" type="scavenge" contextid="2896" durationms="7.456" usertimems="17.932" systemtimems="0.000" timestamp="2019-08-08T09:55:41.495" activeThreads="16">
  <mem-info id="2902" free="66280656" total="91619328" percent="72">
    <mem type="nursery" free="64193024" total="71434240" percent="89">
      <mem type="allocate" free="64193024" total="64225280" percent="99" />
      <mem type="survivor" free="0" total="7208960" percent="0" />
    </mem>
    <mem type="tenure" free="2087632" total="20185088" percent="10" macro-fragmented="13104">
      <mem type="soa" free="1885904" total="19983360" percent="9" />
      <mem type="loa" free="201728" total="201728" percent="100" />
    </mem>
    <remembered-set count="115" />
  </mem-info>
</gc-end>
<cycle-end id="2903" type="scavenge" contextid="2896" timestamp="2019-08-08T09:55:41.495" />
  <attribute name="elasticGC enabled" value="1" />
  <attribute name= "numThreadsSpecified" value="16" />
  <attribute name="heapSize specified" value="51511296" />
  <attribute name="Current GC Util" value="6" />
  <attribute name= "Current Time Running" value="133340" />
  <attribute name ="GC Interval" value="2817" />
  <attribute name="Target GC Util Change" value ="80.000000" />
  <attribute name="Current GC Util Change" value="6.000000"/>
  <attribute name="Current Error" value="451.000000" />
  <attribute name="Output H" value="88025512"/>
  <attribute name="Output I" value="2816"/>
  <attribute name="Output T" value="16"/>
  <attribute name= "Current Time Running" value="133340" />
  <attribute name="GC Util currently" value="6" />
  <attribute name="CPU Util currently" value="17266286637" />
<allocation-satisfied id="2904" threadId="00000000021F7F00" bytesRequested="232" />
<af-end id="2905" timestamp="2019-08-08T09:55:41.495" threadId="00000000021F8888" success="true" from="nursery"/>
<exclusive-end id="2906" timestamp="2019-08-08T09:55:41.495" durationms="7.948" />

<exclusive-start id="2907" timestamp="2019-08-08T09:55:41.588" intervalms="101.145">
  <response-info timems="0.109" idlems="0.109" threads="0" lastid="00000000021F7F00" lastname="main" />
</exclusive-start>
<af-start id="2908" threadId="00000000021F8888" totalBytesRequested="192" timestamp="2019-08-08T09:55:41.588" intervalms="101.151" type="nursery" />
<cycle-start id="2909" type="scavenge" contextid="0" timestamp="2019-08-08T09:55:41.588" intervalms="101.162" />
<gc-start id="2910" type="scavenge" contextid="2909" timestamp="2019-08-08T09:55:41.589">
  <mem-info id="2911" free="2087632" total="91619328" percent="2">
    <mem type="nursery" free="0" total="71434240" percent="0">
      <mem type="allocate" free="0" total="64225280" percent="0" />
      <mem type="survivor" free="0" total="7208960" percent="0" />
    </mem>
    <mem type="tenure" free="2087632" total="20185088" percent="10">
      <mem type="soa" free="1885904" total="19983360" percent="9" />
      <mem type="loa" free="201728" total="201728" percent="100" />
    </mem>
    <remembered-set count="120" />
  </mem-info>
</gc-start>
<allocation-stats totalBytes="64147288" >
  <allocated-bytes non-tlh="232" tlh="64147056" />
  <largest-consumer threadName="main" threadId="00000000021F7F00" bytes="64147288" />
</allocation-stats>
<gc-op id="2912" type="scavenge" timems="2.037" contextid="2909" timestamp="2019-08-08T09:55:41.591">
  <scavenger-info tenureage="3" tenuremask="ffe8" tiltratio="89" />
  <memory-copied type="nursery" objects="29" bytes="1288" bytesdiscarded="14840" />
  <memory-copied type="tenure" objects="1" bytes="520" bytesdiscarded="0" />
</gc-op>
<gc-end id="2913" type="scavenge" contextid="2909" durationms="2.277" usertimems="4.677" systemtimems="0.000" timestamp="2019-08-08T09:55:41.591" activeThreads="16">
  <mem-info id="2914" free="66362320" total="91619328" percent="72">
    <mem type="nursery" free="64274688" total="71434240" percent="89">
      <mem type="allocate" free="64274688" total="64290816" percent="99" />
      <mem type="survivor" free="0" total="7143424" percent="0" />
    </mem>
    <mem type="tenure" free="2087632" total="20185088" percent="10" macro-fragmented="0">
      <mem type="soa" free="1885904" total="19983360" percent="9" />
      <mem type="loa" free="201728" total="201728" percent="100" />
    </mem>
    <remembered-set count="119" />
  </mem-info>
</gc-end>
<cycle-end id="2915" type="scavenge" contextid="2909" timestamp="2019-08-08T09:55:41.591" />
  <attribute name="elasticGC enabled" value="1" />
  <attribute name= "numThreadsSpecified" value="16" />
  <attribute name="heapSize specified" value="51511296" />
  <attribute name="Current GC Util" value="9" />
  <attribute name= "Current Time Running" value="133441" />
  <attribute name ="GC Interval" value="2137" />
  <attribute name="Target GC Util Change" value ="80.000000" />
  <attribute name="Current GC Util Change" value="9.000000"/>
  <attribute name="Current Error" value="71.000000" />
  <attribute name="Output H" value="91695096"/>
  <attribute name="Output I" value="2136"/>
  <attribute name="Output T" value="16"/>
  <attribute name= "Current Time Running" value="133441" />
  <attribute name="GC Util currently" value="9" />
  <attribute name="CPU Util currently" value="11429916676" />
<allocation-satisfied id="2916" threadId="00000000021F7F00" bytesRequested="192" />
<af-end id="2917" timestamp="2019-08-08T09:55:41.591" threadId="00000000021F8888" success="true" from="nursery"/>
<exclusive-end id="2918" timestamp="2019-08-08T09:55:41.591" durationms="2.532" />

<exclusive-start id="2919" timestamp="2019-08-08T09:55:41.695" intervalms="106.216">
  <response-info timems="0.930" idlems="0.930" threads="0" lastid="00000000021F7F00" lastname="main" />
</exclusive-start>
<af-start id="2920" threadId="00000000021F8888" totalBytesRequested="32" timestamp="2019-08-08T09:55:41.695" intervalms="106.226" type="nursery" />
<cycle-start id="2921" type="scavenge" contextid="0" timestamp="2019-08-08T09:55:41.695" intervalms="106.221" />
<gc-start id="2922" type="scavenge" contextid="2921" timestamp="2019-08-08T09:55:41.695">
  <mem-info id="2923" free="2087632" total="91619328" percent="2">
    <mem type="nursery" free="0" total="71434240" percent="0">
      <mem type="allocate" free="0" total="64290816" percent="0" />
      <mem type="survivor" free="0" total="7143424" percent="0" />
    </mem>
    <mem type="tenure" free="2087632" total="20185088" percent="10">
      <mem type="soa" free="1885904" total="19983360" percent="9" />
      <mem type="loa" free="201728" total="201728" percent="100" />
    </mem>
    <remembered-set count="121" />
  </mem-info>
</gc-start>
<allocation-stats totalBytes="64220712" >
  <allocated-bytes non-tlh="192" tlh="64220520" />
  <largest-consumer threadName="main" threadId="00000000021F7F00" bytes="64220712" />
</allocation-stats>
<gc-op id="2924" type="scavenge" timems="2.026" contextid="2921" timestamp="2019-08-08T09:55:41.697">
  <scavenger-info tenureage="3" tenuremask="ffe8" tiltratio="90" />
  <memory-copied type="nursery" objects="56" bytes="2416" bytesdiscarded="29840" />
</gc-op>
<gc-end id="2925" type="scavenge" contextid="2921" durationms="2.325" usertimems="5.111" systemtimems="0.000" timestamp="2019-08-08T09:55:41.697" activeThreads="16">
  <mem-info id="2926" free="66346192" total="91619328" percent="72">
    <mem type="nursery" free="64258560" total="71434240" percent="89">
      <mem type="allocate" free="64258560" total="64290816" percent="99" />
      <mem type="survivor" free="0" total="7143424" percent="0" />
    </mem>
    <mem type="tenure" free="2087632" total="20185088" percent="10" macro-fragmented="0">
      <mem type="soa" free="1885904" total="19983360" percent="9" />
      <mem type="loa" free="201728" total="201728" percent="100" />
    </mem>
    <remembered-set count="116" />
  </mem-info>
</gc-end>
<cycle-end id="2927" type="scavenge" contextid="2921" timestamp="2019-08-08T09:55:41.697" />
  <attribute name="elasticGC enabled" value="1" />
  <attribute name= "numThreadsSpecified" value="16" />
  <attribute name="heapSize specified" value="51511296" />
  <attribute name="Current GC Util" value="2" />
  <attribute name= "Current Time Running" value="133547" />
  <attribute name ="GC Interval" value="2281" />
  <attribute name="Target GC Util Change" value ="80.000000" />
  <attribute name="Current GC Util Change" value="2.000000"/>
  <attribute name="Current Error" value="149.000000" />
  <attribute name="Output H" value="91695184"/>
  <attribute name="Output I" value="2280"/>
  <attribute name="Output T" value="16"/>
  <attribute name= "Current Time Running" value="133547" />
  <attribute name="GC Util currently" value="2" />
  <attribute name="CPU Util currently" value="10858314473" />
<allocation-satisfied id="2928" threadId="00000000021F7F00" bytesRequested="32" />
<af-end id="2929" timestamp="2019-08-08T09:55:41.697" threadId="00000000021F8888" success="true" from="nursery"/>
<exclusive-end id="2930" timestamp="2019-08-08T09:55:41.697" durationms="2.561" />

<exclusive-start id="2931" timestamp="2019-08-08T09:55:41.919" intervalms="224.201">
  <response-info timems="0.021" idlems="0.021" threads="0" lastid="00000000021F7F00" lastname="main" />
</exclusive-start>
<af-start id="2932" threadId="00000000021F8888" totalBytesRequested="32" timestamp="2019-08-08T09:55:41.919" intervalms="224.604" type="nursery" />
<cycle-start id="2933" type="scavenge" contextid="0" timestamp="2019-08-08T09:55:41.919" intervalms="224.602" />
<gc-start id="2934" type="scavenge" contextid="2933" timestamp="2019-08-08T09:55:41.919">
  <mem-info id="2935" free="2087632" total="91619328" percent="2">
    <mem type="nursery" free="0" total="71434240" percent="0">
      <mem type="allocate" free="0" total="64290816" percent="0" />
      <mem type="survivor" free="0" total="7143424" percent="0" />
    </mem>
    <mem type="tenure" free="2087632" total="20185088" percent="10">
      <mem type="soa" free="1885904" total="19983360" percent="9" />
      <mem type="loa" free="201728" total="201728" percent="100" />
    </mem>
    <remembered-set count="116" />
  </mem-info>
</gc-start>
<allocation-stats totalBytes="64245080" >
  <allocated-bytes non-tlh="32" tlh="64245048" />
  <largest-consumer threadName="main" threadId="00000000021F7F00" bytes="64245080" />
</allocation-stats>
<gc-op id="2936" type="scavenge" timems="2.819" contextid="2933" timestamp="2019-08-08T09:55:41.922">
  <scavenger-info tenureage="3" tenuremask="fff8" tiltratio="90" />
  <memory-copied type="nursery" objects="41" bytes="1608" bytesdiscarded="30648" />
</gc-op>
<gc-end id="2937" type="scavenge" contextid="2933" durationms="3.084" usertimems="3.985" systemtimems="0.000" timestamp="2019-08-08T09:55:41.922" activeThreads="16">
  <mem-info id="2938" free="66346192" total="91619328" percent="72">
    <mem type="nursery" free="64258560" total="71434240" percent="89">
      <mem type="allocate" free="64258560" total="64290816" percent="99" />
      <mem type="survivor" free="0" total="7143424" percent="0" />
    </mem>
    <mem type="tenure" free="2087632" total="20185088" percent="10" macro-fragmented="0">
      <mem type="soa" free="1885904" total="19983360" percent="9" />
      <mem type="loa" free="201728" total="201728" percent="100" />
    </mem>
    <remembered-set count="116" />
  </mem-info>
</gc-end>
<cycle-end id="2939" type="scavenge" contextid="2933" timestamp="2019-08-08T09:55:41.922" />
  <attribute name="elasticGC enabled" value="1" />
  <attribute name= "numThreadsSpecified" value="16" />
  <attribute name="heapSize specified" value="51511296" />
  <attribute name="Current GC Util" value="1" />
  <attribute name= "Current Time Running" value="133772" />
  <attribute name ="GC Interval" value="2417" />
  <attribute name="Target GC Util Change" value ="80.000000" />
  <attribute name="Current GC Util Change" value="1.000000"/>
  <attribute name="Current Error" value="228.000000" />
  <attribute name="Output H" value="91695272"/>
  <attribute name="Output I" value="2416"/>
  <attribute name="Output T" value="16"/>
  <attribute name= "Current Time Running" value="133772" />
  <attribute name="GC Util currently" value="1" />
  <attribute name="CPU Util currently" value="5133545034" />
<allocation-satisfied id="2940" threadId="00000000021F7F00" bytesRequested="32" />
<af-end id="2941" timestamp="2019-08-08T09:55:41.922" threadId="00000000021F8888" success="true" from="nursery"/>
<exclusive-end id="2942" timestamp="2019-08-08T09:55:41.922" durationms="3.712" />

<exclusive-start id="2943" timestamp="2019-08-08T09:55:43.730" intervalms="1811.599">
  <response-info timems="0.453" idlems="0.453" threads="0" lastid="00000000021F7F00" lastname="main" />
</exclusive-start>
<af-start id="2944" threadId="00000000021F8888" totalBytesRequested="14120" timestamp="2019-08-08T09:55:43.730" intervalms="1811.187" type="nursery" />
<cycle-start id="2945" type="scavenge" contextid="0" timestamp="2019-08-08T09:55:43.730" intervalms="1811.186" />
<gc-start id="2946" type="scavenge" contextid="2945" timestamp="2019-08-08T09:55:43.731">
  <mem-info id="2947" free="2087632" total="91619328" percent="2">
    <mem type="nursery" free="0" total="71434240" percent="0">
      <mem type="allocate" free="0" total="64290816" percent="0" />
      <mem type="survivor" free="0" total="7143424" percent="0" />
    </mem>
    <mem type="tenure" free="2087632" total="20185088" percent="10">
      <mem type="soa" free="1885904" total="19983360" percent="9" />
      <mem type="loa" free="201728" total="201728" percent="100" />
    </mem>
    <remembered-set count="128" />
  </mem-info>
</gc-start>
<allocation-stats totalBytes="61201048" >
  <allocated-bytes non-tlh="32" tlh="61201016" />
  <largest-consumer threadName="main" threadId="00000000021F7F00" bytes="61201048" />
</allocation-stats>
<gc-op id="2948" type="scavenge" timems="1.168" contextid="2945" timestamp="2019-08-08T09:55:43.732">
  <scavenger-info tenureage="3" tenuremask="fff8" tiltratio="90" />
  <memory-copied type="nursery" objects="80" bytes="36824" bytesdiscarded="29784" />
  <memory-copied type="tenure" objects="12" bytes="560" bytesdiscarded="0" />
</gc-op>
<gc-end id="2949" type="scavenge" contextid="2945" durationms="1.840" usertimems="5.960" systemtimems="0.000" timestamp="2019-08-08T09:55:43.732" activeThreads="16">
  <mem-info id="2950" free="66311840" total="91619328" percent="72">
    <mem type="nursery" free="64224208" total="71434240" percent="89">
      <mem type="allocate" free="64224208" total="64290816" percent="99" />
      <mem type="survivor" free="0" total="7143424" percent="0" />
    </mem>
    <mem type="tenure" free="2087632" total="20185088" percent="10" macro-fragmented="6319">
      <mem type="soa" free="1885904" total="19983360" percent="9" />
      <mem type="loa" free="201728" total="201728" percent="100" />
    </mem>
    <remembered-set count="124" />
  </mem-info>
</gc-end>
<cycle-end id="2951" type="scavenge" contextid="2945" timestamp="2019-08-08T09:55:43.733" />
  <attribute name="elasticGC enabled" value="1" />
  <attribute name= "numThreadsSpecified" value="16" />
  <attribute name="heapSize specified" value="51511296" />
  <attribute name="Current GC Util" value="0" />
  <attribute name= "Current Time Running" value="135583" />
  <attribute name ="GC Interval" value="2561" />
  <attribute name="Target GC Util Change" value ="80.000000" />
  <attribute name="Current GC Util Change" value="0.000000"/>
  <attribute name="Current Error" value="308.000000" />
  <attribute name="Output H" value="91695368"/>
  <attribute name="Output I" value="2560"/>
  <attribute name="Output T" value="16"/>
  <attribute name= "Current Time Running" value="135583" />
  <attribute name="GC Util currently" value="0" />
  <attribute name="CPU Util currently" value="1" />
<allocation-satisfied id="2952" threadId="00000000021F7F00" bytesRequested="14120" />
<af-end id="2953" timestamp="2019-08-08T09:55:43.733" threadId="00000000021F8888" success="true" from="nursery"/>
<exclusive-end id="2954" timestamp="2019-08-08T09:55:43.733" durationms="2.229" />

<exclusive-start id="2955" timestamp="2019-08-08T09:55:44.709" intervalms="978.664">
  <response-info timems="0.425" idlems="0.425" threads="0" lastid="00000000021F7F00" lastname="main" />
</exclusive-start>
<af-start id="2956" threadId="00000000021F8888" totalBytesRequested="32" timestamp="2019-08-08T09:55:44.709" intervalms="978.751" type="nursery" />
<cycle-start id="2957" type="scavenge" contextid="0" timestamp="2019-08-08T09:55:44.709" intervalms="978.757" />
<gc-start id="2958" type="scavenge" contextid="2957" timestamp="2019-08-08T09:55:44.709">
  <mem-info id="2959" free="2087632" total="91619328" percent="2">
    <mem type="nursery" free="0" total="71434240" percent="0">
      <mem type="allocate" free="0" total="64290816" percent="0" />
      <mem type="survivor" free="0" total="7143424" percent="0" />
    </mem>
    <mem type="tenure" free="2087632" total="20185088" percent="10">
      <mem type="soa" free="1885904" total="19983360" percent="9" />
      <mem type="loa" free="201728" total="201728" percent="100" />
    </mem>
    <remembered-set count="134" />
  </mem-info>
</gc-start>
<allocation-stats totalBytes="64217592" >
  <allocated-bytes non-tlh="14120" tlh="64203472" />
  <largest-consumer threadName="main" threadId="00000000021F7F00" bytes="64217592" />
</allocation-stats>
<gc-op id="2960" type="scavenge" timems="2.333" contextid="2957" timestamp="2019-08-08T09:55:44.712">
  <scavenger-info tenureage="5" tenuremask="ffe0" tiltratio="90" />
  <memory-copied type="nursery" objects="102" bytes="2776" bytesdiscarded="13352" />
</gc-op>
<gc-end id="2961" type="scavenge" contextid="2957" durationms="2.994" usertimems="6.586" systemtimems="0.000" timestamp="2019-08-08T09:55:44.712" activeThreads="16">
  <mem-info id="2962" free="66362320" total="91619328" percent="72">
    <mem type="nursery" free="64274688" total="71434240" percent="89">
      <mem type="allocate" free="64274688" total="64290816" percent="99" />
      <mem type="survivor" free="0" total="7143424" percent="0" />
    </mem>
    <mem type="tenure" free="2087632" total="20185088" percent="10" macro-fragmented="0">
      <mem type="soa" free="1885904" total="19983360" percent="9" />
      <mem type="loa" free="201728" total="201728" percent="100" />
    </mem>
    <remembered-set count="134" />
  </mem-info>
</gc-end>
<cycle-end id="2963" type="scavenge" contextid="2957" timestamp="2019-08-08T09:55:44.712" />
  <attribute name="elasticGC enabled" value="1" />
  <attribute name= "numThreadsSpecified" value="16" />
  <attribute name="heapSize specified" value="51511296" />
  <attribute name="Current GC Util" value="0" />
  <attribute name= "Current Time Running" value="136561" />
  <attribute name ="GC Interval" value="2705" />
  <attribute name="Target GC Util Change" value ="80.000000" />
  <attribute name="Current GC Util Change" value="0.000000"/>
  <attribute name="Current Error" value="388.000000" />
  <attribute name="Output H" value="91695456"/>
  <attribute name="Output I" value="2704"/>
  <attribute name="Output T" value="16"/>
  <attribute name= "Current Time Running" value="136561" />
  <attribute name="GC Util currently" value="0" />
  <attribute name="CPU Util currently" value="1177953146" />
<allocation-satisfied id="2964" threadId="00000000021F7F00" bytesRequested="32" />
<af-end id="2965" timestamp="2019-08-08T09:55:44.712" threadId="00000000021F8888" success="true" from="nursery"/>
<exclusive-end id="2966" timestamp="2019-08-08T09:55:44.712" durationms="3.361" />

<exclusive-start id="2967" timestamp="2019-08-08T09:55:45.259" intervalms="550.457">
  <response-info timems="1.300" idlems="1.300" threads="0" lastid="00000000021F7F00" lastname="main" />
</exclusive-start>
<af-start id="2968" threadId="00000000021F8888" totalBytesRequested="80" timestamp="2019-08-08T09:55:45.260" intervalms="550.377" type="nursery" />
<cycle-start id="2969" type="scavenge" contextid="0" timestamp="2019-08-08T09:55:45.260" intervalms="550.377" />
<gc-start id="2970" type="scavenge" contextid="2969" timestamp="2019-08-08T09:55:45.260">
  <mem-info id="2971" free="2087600" total="91619328" percent="2">
    <mem type="nursery" free="0" total="71434240" percent="0">
      <mem type="allocate" free="0" total="64290816" percent="0" />
      <mem type="survivor" free="0" total="7143424" percent="0" />
    </mem>
    <mem type="tenure" free="2087600" total="20185088" percent="10">
      <mem type="soa" free="1885872" total="19983360" percent="9" />
      <mem type="loa" free="201728" total="201728" percent="100" />
    </mem>
    <remembered-set count="139" />
  </mem-info>
</gc-start>
<allocation-stats totalBytes="64262192" >
  <allocated-bytes non-tlh="64" tlh="64262128" />
  <largest-consumer threadName="main" threadId="00000000021F7F00" bytes="64262192" />
</allocation-stats>
<gc-op id="2972" type="scavenge" timems="1.722" contextid="2969" timestamp="2019-08-08T09:55:45.261">
  <scavenger-info tenureage="3" tenuremask="fff8" tiltratio="90" />
  <memory-copied type="nursery" objects="121" bytes="3496" bytesdiscarded="28760" />
  <memory-copied type="tenure" objects="7" bytes="160" bytesdiscarded="0" />
</gc-op>
<gc-end id="2973" type="scavenge" contextid="2969" durationms="2.312" usertimems="6.887" systemtimems="0.000" timestamp="2019-08-08T09:55:45.262" activeThreads="16">
  <mem-info id="2974" free="66346160" total="91619328" percent="72">
    <mem type="nursery" free="64258560" total="71434240" percent="89">
      <mem type="allocate" free="64258560" total="64290816" percent="99" />
      <mem type="survivor" free="0" total="7143424" percent="0" />
    </mem>
    <mem type="tenure" free="2087600" total="20185088" percent="10" macro-fragmented="0">
      <mem type="soa" free="1885872" total="19983360" percent="9" />
      <mem type="loa" free="201728" total="201728" percent="100" />
    </mem>
    <remembered-set count="137" />
  </mem-info>
</gc-end>
<cycle-end id="2975" type="scavenge" contextid="2969" timestamp="2019-08-08T09:55:45.262" />
  <attribute name="elasticGC enabled" value="1" />
  <attribute name= "numThreadsSpecified" value="16" />
  <attribute name="heapSize specified" value="51511296" />
  <attribute name="Current GC Util" value="0" />
  <attribute name= "Current Time Running" value="137112" />
  <attribute name ="GC Interval" value="2849" />
  <attribute name="Target GC Util Change" value ="80.000000" />
  <attribute name="Current GC Util Change" value="0.000000"/>
  <attribute name="Current Error" value="468.000000" />
  <attribute name="Output H" value="91695552"/>
  <attribute name="Output I" value="2848"/>
  <attribute name="Output T" value="16"/>
  <attribute name= "Current Time Running" value="137112" />
  <attribute name="GC Util currently" value="0" />
  <attribute name="CPU Util currently" value="2094707212" />
<allocation-satisfied id="2976" threadId="00000000021F7F00" bytesRequested="80" />
<af-end id="2977" timestamp="2019-08-08T09:55:45.262" threadId="00000000021F8888" success="true" from="nursery"/>
<exclusive-end id="2978" timestamp="2019-08-08T09:55:45.262" durationms="2.579" />

<exclusive-start id="2979" timestamp="2019-08-08T09:55:45.940" intervalms="680.315">
  <response-info timems="0.110" idlems="0.110" threads="0" lastid="00000000021F7F00" lastname="main" />
</exclusive-start>
<af-start id="2980" threadId="00000000021F8888" totalBytesRequested="32" timestamp="2019-08-08T09:55:45.940" intervalms="680.301" type="nursery" />
<cycle-start id="2981" type="scavenge" contextid="0" timestamp="2019-08-08T09:55:45.940" intervalms="680.292" />
<gc-start id="2982" type="scavenge" contextid="2981" timestamp="2019-08-08T09:55:45.940">
  <mem-info id="2983" free="2087600" total="91619328" percent="2">
    <mem type="nursery" free="0" total="71434240" percent="0">
      <mem type="allocate" free="0" total="64290816" percent="0" />
      <mem type="survivor" free="0" total="7143424" percent="0" />
    </mem>
    <mem type="tenure" free="2087600" total="20185088" percent="10">
      <mem type="soa" free="1885872" total="19983360" percent="9" />
      <mem type="loa" free="201728" total="201728" percent="100" />
    </mem>
    <remembered-set count="140" />
  </mem-info>
</gc-start>
<allocation-stats totalBytes="64241736" >
  <allocated-bytes non-tlh="80" tlh="64241656" />
  <largest-consumer threadName="main" threadId="00000000021F7F00" bytes="64241736" />
</allocation-stats>
<gc-op id="2984" type="scavenge" timems="4.123" contextid="2981" timestamp="2019-08-08T09:55:45.944">
  <scavenger-info tenureage="3" tenuremask="ffd8" tiltratio="90" />
  <memory-copied type="nursery" objects="81" bytes="2304" bytesdiscarded="29952" />
  <memory-copied type="tenure" objects="42" bytes="960" bytesdiscarded="0" />
</gc-op>
<gc-end id="2985" type="scavenge" contextid="2981" durationms="4.620" usertimems="11.966" systemtimems="0.000" timestamp="2019-08-08T09:55:45.945" activeThreads="16">
  <mem-info id="2986" free="66346160" total="91619328" percent="72">
    <mem type="nursery" free="64258560" total="71434240" percent="89">
      <mem type="allocate" free="64258560" total="64290816" percent="99" />
      <mem type="survivor" free="0" total="7143424" percent="0" />
    </mem>
    <mem type="tenure" free="2087600" total="20185088" percent="10" macro-fragmented="0">
      <mem type="soa" free="1885872" total="19983360" percent="9" />
      <mem type="loa" free="201728" total="201728" percent="100" />
    </mem>
    <remembered-set count="127" />
  </mem-info>
</gc-end>
<cycle-end id="2987" type="scavenge" contextid="2981" timestamp="2019-08-08T09:55:45.945" />
  <attribute name="elasticGC enabled" value="1" />
  <attribute name= "numThreadsSpecified" value="16" />
  <attribute name="heapSize specified" value="51511296" />
  <attribute name="Current GC Util" value="0" />
  <attribute name= "Current Time Running" value="137792" />
  <attribute name ="GC Interval" value="2153" />
  <attribute name="Target GC Util Change" value ="80.000000" />
  <attribute name="Current GC Util Change" value="0.000000"/>
  <attribute name="Current Error" value="80.000000" />
  <attribute name="Output H" value="91695104"/>
  <attribute name="Output I" value="2152"/>
  <attribute name="Output T" value="16"/>
  <attribute name= "Current Time Running" value="137792" />
  <attribute name="GC Util currently" value="0" />
  <attribute name="CPU Util currently" value="1694773017" />
<allocation-satisfied id="2988" threadId="00000000021F7F00" bytesRequested="32" />
<af-end id="2989" timestamp="2019-08-08T09:55:45.945" threadId="00000000021F8888" success="true" from="nursery"/>
<exclusive-end id="2990" timestamp="2019-08-08T09:55:45.945" durationms="4.922" />

<exclusive-start id="2991" timestamp="2019-08-08T09:55:46.165" intervalms="225.571">
  <response-info timems="0.710" idlems="0.710" threads="0" lastid="00000000021F7F00" lastname="main" />
</exclusive-start>
<af-start id="2992" threadId="00000000021F8888" totalBytesRequested="32" timestamp="2019-08-08T09:55:46.166" intervalms="225.890" type="nursery" />
<cycle-start id="2993" type="scavenge" contextid="0" timestamp="2019-08-08T09:55:46.166" intervalms="225.898" />
<gc-start id="2994" type="scavenge" contextid="2993" timestamp="2019-08-08T09:55:46.166">
  <mem-info id="2995" free="2087600" total="91619328" percent="2">
    <mem type="nursery" free="0" total="71434240" percent="0">
      <mem type="allocate" free="0" total="64290816" percent="0" />
      <mem type="survivor" free="0" total="7143424" percent="0" />
    </mem>
    <mem type="tenure" free="2087600" total="20185088" percent="10">
      <mem type="soa" free="1885872" total="19983360" percent="9" />
      <mem type="loa" free="201728" total="201728" percent="100" />
    </mem>
    <remembered-set count="131" />
  </mem-info>
</gc-start>
<allocation-stats totalBytes="64250232" >
  <allocated-bytes non-tlh="32" tlh="64250200" />
  <largest-consumer threadName="main" threadId="00000000021F7F00" bytes="64250232" />
</allocation-stats>
<gc-op id="2996" type="scavenge" timems="1.552" contextid="2993" timestamp="2019-08-08T09:55:46.167">
  <scavenger-info tenureage="3" tenuremask="ffe8" tiltratio="90" />
  <memory-copied type="nursery" objects="55" bytes="1504" bytesdiscarded="30752" />
  <memory-copied type="tenure" objects="38" bytes="1072" bytesdiscarded="0" />
</gc-op>
<gc-end id="2997" type="scavenge" contextid="2993" durationms="2.091" usertimems="5.210" systemtimems="0.000" timestamp="2019-08-08T09:55:46.168" activeThreads="16">
  <mem-info id="2998" free="66346160" total="91619328" percent="72">
    <mem type="nursery" free="64258560" total="71434240" percent="89">
      <mem type="allocate" free="64258560" total="64290816" percent="99" />
      <mem type="survivor" free="0" total="7143424" percent="0" />
    </mem>
    <mem type="tenure" free="2087600" total="20185088" percent="10" macro-fragmented="0">
      <mem type="soa" free="1885872" total="19983360" percent="9" />
      <mem type="loa" free="201728" total="201728" percent="100" />
    </mem>
    <remembered-set count="121" />
  </mem-info>
</gc-end>
<cycle-end id="2999" type="scavenge" contextid="2993" timestamp="2019-08-08T09:55:46.168" />
  <attribute name="elasticGC enabled" value="1" />
  <attribute name= "numThreadsSpecified" value="16" />
  <attribute name="heapSize specified" value="51511296" />
  <attribute name="Current GC Util" value="3" />
  <attribute name= "Current Time Running" value="138018" />
  <attribute name ="GC Interval" value="2289" />
  <attribute name="Target GC Util Change" value ="80.000000" />
  <attribute name="Current GC Util Change" value="3.000000"/>
  <attribute name="Current Error" value="157.000000" />
  <attribute name="Output H" value="91695192"/>
  <attribute name="Output I" value="2288"/>
  <attribute name="Output T" value="16"/>
  <attribute name= "Current Time Running" value="138018" />
  <attribute name="GC Util currently" value="3" />
  <attribute name="CPU Util currently" value="5101795149" />
<allocation-satisfied id="3000" threadId="00000000021F7F00" bytesRequested="32" />
<af-end id="3001" timestamp="2019-08-08T09:55:46.168" threadId="00000000021F8888" success="true" from="nursery"/>
<exclusive-end id="3002" timestamp="2019-08-08T09:55:46.168" durationms="2.676" />

<exclusive-start id="3003" timestamp="2019-08-08T09:55:47.227" intervalms="1061.548">
  <response-info timems="0.420" idlems="0.420" threads="0" lastid="00000000021F7F00" lastname="main" />
</exclusive-start>
<af-start id="3004" threadId="00000000021F8888" totalBytesRequested="24" timestamp="2019-08-08T09:55:47.227" intervalms="1061.290" type="nursery" />
<cycle-start id="3005" type="scavenge" contextid="0" timestamp="2019-08-08T09:55:47.227" intervalms="1061.288" />
<gc-start id="3006" type="scavenge" contextid="3005" timestamp="2019-08-08T09:55:47.227">
  <mem-info id="3007" free="2087600" total="91619328" percent="2">
    <mem type="nursery" free="0" total="71434240" percent="0">
      <mem type="allocate" free="0" total="64290816" percent="0" />
      <mem type="survivor" free="0" total="7143424" percent="0" />
    </mem>
    <mem type="tenure" free="2087600" total="20185088" percent="10">
      <mem type="soa" free="1885872" total="19983360" percent="9" />
      <mem type="loa" free="201728" total="201728" percent="100" />
    </mem>
    <remembered-set count="127" />
  </mem-info>
</gc-start>
<allocation-stats totalBytes="64254872" >
  <allocated-bytes non-tlh="32" tlh="64254840" />
  <largest-consumer threadName="main" threadId="00000000021F7F00" bytes="64254872" />
</allocation-stats>
<gc-op id="3008" type="scavenge" timems="2.678" contextid="3005" timestamp="2019-08-08T09:55:47.230">
  <scavenger-info tenureage="3" tenuremask="ffe8" tiltratio="90" />
  <memory-copied type="nursery" objects="55" bytes="1424" bytesdiscarded="30832" />
  <memory-copied type="tenure" objects="15" bytes="368" bytesdiscarded="0" />
</gc-op>
<gc-end id="3009" type="scavenge" contextid="3005" durationms="3.179" usertimems="6.468" systemtimems="0.000" timestamp="2019-08-08T09:55:47.230" activeThreads="16">
  <mem-info id="3010" free="66346160" total="91619328" percent="72">
    <mem type="nursery" free="64258560" total="71434240" percent="89">
      <mem type="allocate" free="64258560" total="64290816" percent="99" />
      <mem type="survivor" free="0" total="7143424" percent="0" />
    </mem>
    <mem type="tenure" free="2087600" total="20185088" percent="10" macro-fragmented="0">
      <mem type="soa" free="1885872" total="19983360" percent="9" />
      <mem type="loa" free="201728" total="201728" percent="100" />
    </mem>
    <remembered-set count="122" />
  </mem-info>
</gc-end>
<cycle-end id="3011" type="scavenge" contextid="3005" timestamp="2019-08-08T09:55:47.230" />
  <attribute name="elasticGC enabled" value="1" />
  <attribute name= "numThreadsSpecified" value="16" />
  <attribute name="heapSize specified" value="51511296" />
  <attribute name="Current GC Util" value="0" />
  <attribute name= "Current Time Running" value="139079" />
  <attribute name ="GC Interval" value="2433" />
  <attribute name="Target GC Util Change" value ="80.000000" />
  <attribute name="Current GC Util Change" value="0.000000"/>
  <attribute name="Current Error" value="237.000000" />
  <attribute name="Output H" value="91695288"/>
  <attribute name="Output I" value="2432"/>
  <attribute name="Output T" value="16"/>
  <attribute name= "Current Time Running" value="139079" />
  <attribute name="GC Util currently" value="0" />
  <attribute name="CPU Util currently" value="1086403856" />
<allocation-satisfied id="3012" threadId="00000000021F7F00" bytesRequested="24" />
<af-end id="3013" timestamp="2019-08-08T09:55:47.230" threadId="00000000021F8888" success="true" from="nursery"/>
<exclusive-end id="3014" timestamp="2019-08-08T09:55:47.230" durationms="3.568" />

<exclusive-start id="3015" timestamp="2019-08-08T09:55:49.290" intervalms="2062.601">
  <response-info timems="0.090" idlems="0.090" threads="0" lastid="00000000021F7F00" lastname="main" />
</exclusive-start>
<af-start id="3016" threadId="00000000021F8888" totalBytesRequested="24" timestamp="2019-08-08T09:55:49.290" intervalms="2062.552" type="nursery" />
<cycle-start id="3017" type="scavenge" contextid="0" timestamp="2019-08-08T09:55:49.290" intervalms="2062.552" />
<gc-start id="3018" type="scavenge" contextid="3017" timestamp="2019-08-08T09:55:49.290">
  <mem-info id="3019" free="2087600" total="91619328" percent="2">
    <mem type="nursery" free="0" total="71434240" percent="0">
      <mem type="allocate" free="0" total="64290816" percent="0" />
      <mem type="survivor" free="0" total="7143424" percent="0" />
    </mem>
    <mem type="tenure" free="2087600" total="20185088" percent="10">
      <mem type="soa" free="1885872" total="19983360" percent="9" />
      <mem type="loa" free="201728" total="201728" percent="100" />
    </mem>
    <remembered-set count="131" />
  </mem-info>
</gc-start>
<allocation-stats totalBytes="64254056" >
  <allocated-bytes non-tlh="24" tlh="64254032" />
  <largest-consumer threadName="main" threadId="00000000021F7F00" bytes="64254056" />
</allocation-stats>
<gc-op id="3020" type="scavenge" timems="1.919" contextid="3017" timestamp="2019-08-08T09:55:49.292">
  <scavenger-info tenureage="3" tenuremask="ffe8" tiltratio="90" />
  <memory-copied type="nursery" objects="80" bytes="2016" bytesdiscarded="54048" />
  <memory-copied type="tenure" objects="7" bytes="160" bytesdiscarded="0" />
  <references type="weak" candidates="2" cleared="0" enqueued="0" />
</gc-op>
<gc-end id="3021" type="scavenge" contextid="3017" durationms="2.454" usertimems="6.090" systemtimems="0.000" timestamp="2019-08-08T09:55:49.292" activeThreads="16">
  <mem-info id="3022" free="66322352" total="91619328" percent="72">
    <mem type="nursery" free="64234752" total="71434240" percent="89">
      <mem type="allocate" free="64234752" total="64290816" percent="99" />
      <mem type="survivor" free="0" total="7143424" percent="0" />
    </mem>
    <mem type="tenure" free="2087600" total="20185088" percent="10" macro-fragmented="0">
      <mem type="soa" free="1885872" total="19983360" percent="9" />
      <mem type="loa" free="201728" total="201728" percent="100" />
    </mem>
    <remembered-set count="129" />
  </mem-info>
</gc-end>
<cycle-end id="3023" type="scavenge" contextid="3017" timestamp="2019-08-08T09:55:49.292" />
  <attribute name="elasticGC enabled" value="1" />
  <attribute name= "numThreadsSpecified" value="16" />
  <attribute name="heapSize specified" value="51511296" />
  <attribute name="Current GC Util" value="0" />
  <attribute name= "Current Time Running" value="141142" />
  <attribute name ="GC Interval" value="2577" />
  <attribute name="Target GC Util Change" value ="80.000000" />
  <attribute name="Current GC Util Change" value="0.000000"/>
  <attribute name="Current Error" value="317.000000" />
  <attribute name="Output H" value="91695376"/>
  <attribute name="Output I" value="2576"/>
  <attribute name="Output T" value="16"/>
  <attribute name= "Current Time Running" value="141142" />
  <attribute name="GC Util currently" value="0" />
  <attribute name="CPU Util currently" value="6" />
<allocation-satisfied id="3024" threadId="00000000021F7F00" bytesRequested="24" />
<af-end id="3025" timestamp="2019-08-08T09:55:49.292" threadId="00000000021F8888" success="true" from="nursery"/>
<exclusive-end id="3026" timestamp="2019-08-08T09:55:49.292" durationms="2.679" />

<exclusive-start id="3027" timestamp="2019-08-08T09:55:49.633" intervalms="343.372">
  <response-info timems="0.208" idlems="0.208" threads="0" lastid="00000000021F7F00" lastname="main" />
</exclusive-start>
<af-start id="3028" threadId="00000000021F8888" totalBytesRequested="32" timestamp="2019-08-08T09:55:49.633" intervalms="343.360" type="nursery" />
<cycle-start id="3029" type="scavenge" contextid="0" timestamp="2019-08-08T09:55:49.633" intervalms="343.354" />
<gc-start id="3030" type="scavenge" contextid="3029" timestamp="2019-08-08T09:55:49.633">
  <mem-info id="3031" free="2087600" total="91619328" percent="2">
    <mem type="nursery" free="0" total="71434240" percent="0">
      <mem type="allocate" free="0" total="64290816" percent="0" />
      <mem type="survivor" free="0" total="7143424" percent="0" />
    </mem>
    <mem type="tenure" free="2087600" total="20185088" percent="10">
      <mem type="soa" free="1885872" total="19983360" percent="9" />
      <mem type="loa" free="201728" total="201728" percent="100" />
    </mem>
    <remembered-set count="133" />
  </mem-info>
</gc-start>
<allocation-stats totalBytes="64230344" >
  <allocated-bytes non-tlh="24" tlh="64230320" />
  <largest-consumer threadName="main" threadId="00000000021F7F00" bytes="64230344" />
</allocation-stats>
<gc-op id="3032" type="scavenge" timems="2.271" contextid="3029" timestamp="2019-08-08T09:55:49.635">
  <scavenger-info tenureage="3" tenuremask="ffe8" tiltratio="90" />
  <memory-copied type="nursery" objects="85" bytes="2192" bytesdiscarded="30064" />
  <memory-copied type="tenure" objects="14" bytes="320" bytesdiscarded="0" />
  <references type="weak" candidates="2" cleared="0" enqueued="0" />
</gc-op>
<gc-end id="3033" type="scavenge" contextid="3029" durationms="2.704" usertimems="7.612" systemtimems="0.000" timestamp="2019-08-08T09:55:49.636" activeThreads="16">
  <mem-info id="3034" free="66346160" total="91619328" percent="72">
    <mem type="nursery" free="64258560" total="71434240" percent="89">
      <mem type="allocate" free="64258560" total="64290816" percent="99" />
      <mem type="survivor" free="0" total="7143424" percent="0" />
    </mem>
    <mem type="tenure" free="2087600" total="20185088" percent="10" macro-fragmented="0">
      <mem type="soa" free="1885872" total="19983360" percent="9" />
      <mem type="loa" free="201728" total="201728" percent="100" />
    </mem>
    <remembered-set count="129" />
  </mem-info>
</gc-end>
<cycle-end id="3035" type="scavenge" contextid="3029" timestamp="2019-08-08T09:55:49.636" />
  <attribute name="elasticGC enabled" value="1" />
  <attribute name= "numThreadsSpecified" value="16" />
  <attribute name="heapSize specified" value="51511296" />
  <attribute name="Current GC Util" value="1" />
  <attribute name= "Current Time Running" value="141485" />
  <attribute name ="GC Interval" value="2721" />
  <attribute name="Target GC Util Change" value ="80.000000" />
  <attribute name="Current GC Util Change" value="1.000000"/>
  <attribute name="Current Error" value="396.000000" />
  <attribute name="Output H" value="91695472"/>
  <attribute name="Output I" value="2720"/>
  <attribute name="Output T" value="16"/>
  <attribute name= "Current Time Running" value="141485" />
  <attribute name="GC Util currently" value="1" />
  <attribute name="CPU Util currently" value="3357727527" />
<allocation-satisfied id="3036" threadId="00000000021F7F00" bytesRequested="32" />
<af-end id="3037" timestamp="2019-08-08T09:55:49.636" threadId="00000000021F8888" success="true" from="nursery"/>
<exclusive-end id="3038" timestamp="2019-08-08T09:55:49.636" durationms="2.955" />

<exclusive-start id="3039" timestamp="2019-08-08T09:55:50.932" intervalms="1299.523">
  <response-info timems="0.184" idlems="0.184" threads="0" lastid="00000000021F7F00" lastname="main" />
</exclusive-start>
<af-start id="3040" threadId="00000000021F8888" totalBytesRequested="112" timestamp="2019-08-08T09:55:50.932" intervalms="1299.518" type="nursery" />
<cycle-start id="3041" type="scavenge" contextid="0" timestamp="2019-08-08T09:55:50.932" intervalms="1299.524" />
<gc-start id="3042" type="scavenge" contextid="3041" timestamp="2019-08-08T09:55:50.933">
  <mem-info id="3043" free="2087240" total="91619328" percent="2">
    <mem type="nursery" free="0" total="71434240" percent="0">
      <mem type="allocate" free="0" total="64290816" percent="0" />
      <mem type="survivor" free="0" total="7143424" percent="0" />
    </mem>
    <mem type="tenure" free="2087240" total="20185088" percent="10">
      <mem type="soa" free="1885512" total="19983360" percent="9" />
      <mem type="loa" free="201728" total="201728" percent="100" />
    </mem>
    <remembered-set count="141" />
  </mem-info>
</gc-start>
<allocation-stats totalBytes="64247512" >
  <allocated-bytes non-tlh="392" tlh="64247120" />
  <largest-consumer threadName="main" threadId="00000000021F7F00" bytes="64247512" />
</allocation-stats>
<gc-op id="3044" type="scavenge" timems="7.052" contextid="3041" timestamp="2019-08-08T09:55:50.940">
  <scavenger-info tenureage="3" tenuremask="ffe8" tiltratio="90" />
  <memory-copied type="nursery" objects="98" bytes="3248" bytesdiscarded="36688" />
  <memory-copied type="tenure" objects="21" bytes="480" bytesdiscarded="0" />
  <references type="weak" candidates="6" cleared="0" enqueued="0" />
</gc-op>
<gc-end id="3045" type="scavenge" contextid="3041" durationms="7.599" usertimems="15.560" systemtimems="0.000" timestamp="2019-08-08T09:55:50.940" activeThreads="16">
  <mem-info id="3046" free="66338120" total="91619328" percent="72">
    <mem type="nursery" free="64250880" total="71434240" percent="89">
      <mem type="allocate" free="64250880" total="64290816" percent="99" />
      <mem type="survivor" free="0" total="7143424" percent="0" />
    </mem>
    <mem type="tenure" free="2087240" total="20185088" percent="10" macro-fragmented="0">
      <mem type="soa" free="1885512" total="19983360" percent="9" />
      <mem type="loa" free="201728" total="201728" percent="100" />
    </mem>
    <remembered-set count="135" />
  </mem-info>
</gc-end>
<cycle-end id="3047" type="scavenge" contextid="3041" timestamp="2019-08-08T09:55:50.940" />
  <attribute name="elasticGC enabled" value="1" />
  <attribute name= "numThreadsSpecified" value="16" />
  <attribute name="heapSize specified" value="51511296" />
  <attribute name="Current GC Util" value="0" />
  <attribute name= "Current Time Running" value="142785" />
  <attribute name ="GC Interval" value="2865" />
  <attribute name="Target GC Util Change" value ="80.000000" />
  <attribute name="Current GC Util Change" value="0.000000"/>
  <attribute name="Current Error" value="476.000000" />
  <attribute name="Output H" value="91695560"/>
  <attribute name="Output I" value="2864"/>
  <attribute name="Output T" value="16"/>
  <attribute name= "Current Time Running" value="142785" />
  <attribute name="GC Util currently" value="0" />
  <attribute name="CPU Util currently" value="887194316" />
<allocation-satisfied id="3048" threadId="00000000021F7F00" bytesRequested="112" />
<af-end id="3049" timestamp="2019-08-08T09:55:50.940" threadId="00000000021F8888" success="true" from="nursery"/>
<exclusive-end id="3050" timestamp="2019-08-08T09:55:50.940" durationms="7.860" />

<exclusive-start id="3051" timestamp="2019-08-08T09:55:51.263" intervalms="330.268">
  <response-info timems="0.545" idlems="0.545" threads="0" lastid="00000000021F7F00" lastname="main" />
</exclusive-start>
<af-start id="3052" threadId="00000000021F8888" totalBytesRequested="520" timestamp="2019-08-08T09:55:51.263" intervalms="330.311" type="nursery" />
<cycle-start id="3053" type="scavenge" contextid="0" timestamp="2019-08-08T09:55:51.263" intervalms="330.366" />
<gc-start id="3054" type="scavenge" contextid="3053" timestamp="2019-08-08T09:55:51.263">
  <mem-info id="3055" free="2087240" total="91619328" percent="2">
    <mem type="nursery" free="0" total="71434240" percent="0">
      <mem type="allocate" free="0" total="64290816" percent="0" />
      <mem type="survivor" free="0" total="7143424" percent="0" />
    </mem>
    <mem type="tenure" free="2087240" total="20185088" percent="10">
      <mem type="soa" free="1885512" total="19983360" percent="9" />
      <mem type="loa" free="201728" total="201728" percent="100" />
    </mem>
    <remembered-set count="135" />
  </mem-info>
</gc-start>
<allocation-stats totalBytes="64173752" >
  <allocated-bytes non-tlh="112" tlh="64173640" />
  <largest-consumer threadName="main" threadId="00000000021F7F00" bytes="64173752" />
</allocation-stats>
<gc-op id="3056" type="scavenge" timems="6.410" contextid="3053" timestamp="2019-08-08T09:55:51.269">
  <scavenger-info tenureage="3" tenuremask="ffe8" tiltratio="90" />
  <memory-copied type="nursery" objects="68" bytes="2544" bytesdiscarded="53520" />
  <memory-copied type="tenure" objects="30" bytes="704" bytesdiscarded="0" />
  <references type="weak" candidates="4" cleared="0" enqueued="0" />
</gc-op>
<gc-end id="3057" type="scavenge" contextid="3053" durationms="7.199" usertimems="19.553" systemtimems="0.000" timestamp="2019-08-08T09:55:51.270" activeThreads="16">
  <mem-info id="3058" free="66282056" total="91619328" percent="72">
    <mem type="nursery" free="64234752" total="71434240" percent="89">
      <mem type="allocate" free="64234752" total="64290816" percent="99" />
      <mem type="survivor" free="0" total="7143424" percent="0" />
    </mem>
    <mem type="tenure" free="2047304" total="20185088" percent="10" macro-fragmented="0">
      <mem type="soa" free="1845576" total="19983360" percent="9" />
      <mem type="loa" free="201728" total="201728" percent="100" />
    </mem>
    <remembered-set count="127" />
  </mem-info>
</gc-end>
<cycle-end id="3059" type="scavenge" contextid="3053" timestamp="2019-08-08T09:55:51.270" />
  <attribute name="elasticGC enabled" value="1" />
  <attribute name= "numThreadsSpecified" value="16" />
  <attribute name="heapSize specified" value="51511296" />
  <attribute name="Current GC Util" value="4" />
  <attribute name= "Current Time Running" value="143115" />
  <attribute name ="GC Interval" value="2145" />
  <attribute name="Target GC Util Change" value ="80.000000" />
  <attribute name="Current GC Util Change" value="4.000000"/>
  <attribute name="Current Error" value="76.000000" />
  <attribute name="Output H" value="91695096"/>
  <attribute name="Output I" value="2144"/>
  <attribute name="Output T" value="16"/>
  <attribute name= "Current Time Running" value="143115" />
  <attribute name="GC Util currently" value="4" />
  <attribute name="CPU Util currently" value="3489447225" />
<allocation-satisfied id="3060" threadId="00000000021F7F00" bytesRequested="520" />
<af-end id="3061" timestamp="2019-08-08T09:55:51.270" threadId="00000000021F8888" success="true" from="nursery"/>
<exclusive-end id="3062" timestamp="2019-08-08T09:55:51.270" durationms="7.572" />

<exclusive-start id="3063" timestamp="2019-08-08T09:55:51.752" intervalms="489.492">
  <response-info timems="0.131" idlems="0.131" threads="0" lastid="00000000021F7F00" lastname="main" />
</exclusive-start>
<af-start id="3064" threadId="00000000021F8888" totalBytesRequested="32" timestamp="2019-08-08T09:55:51.752" intervalms="489.540" type="nursery" />
<cycle-start id="3065" type="scavenge" contextid="0" timestamp="2019-08-08T09:55:51.752" intervalms="489.481" />
<gc-start id="3066" type="scavenge" contextid="3065" timestamp="2019-08-08T09:55:51.752">
  <mem-info id="3067" free="2047304" total="91619328" percent="2">
    <mem type="nursery" free="0" total="71434240" percent="0">
      <mem type="allocate" free="0" total="64290816" percent="0" />
      <mem type="survivor" free="0" total="7143424" percent="0" />
    </mem>
    <mem type="tenure" free="2047304" total="20185088" percent="10">
      <mem type="soa" free="1845576" total="19983360" percent="9" />
      <mem type="loa" free="201728" total="201728" percent="100" />
    </mem>
    <remembered-set count="131" />
  </mem-info>
</gc-start>
<allocation-stats totalBytes="64182960" >
  <allocated-bytes non-tlh="520" tlh="64182440" />
  <largest-consumer threadName="main" threadId="00000000021F7F00" bytes="64182960" />
</allocation-stats>
<gc-op id="3068" type="scavenge" timems="2.944" contextid="3065" timestamp="2019-08-08T09:55:51.755">
  <scavenger-info tenureage="3" tenuremask="ffe8" tiltratio="90" />
  <memory-copied type="nursery" objects="69" bytes="2464" bytesdiscarded="77408" />
  <memory-copied type="tenure" objects="14" bytes="320" bytesdiscarded="0" />
  <references type="weak" candidates="18" cleared="0" enqueued="0" />
</gc-op>
<gc-end id="3069" type="scavenge" contextid="3065" durationms="3.547" usertimems="8.209" systemtimems="0.000" timestamp="2019-08-08T09:55:51.756" activeThreads="16">
  <mem-info id="3070" free="66242120" total="91619328" percent="72">
    <mem type="nursery" free="64210944" total="71434240" percent="89">
      <mem type="allocate" free="64210944" total="64290816" percent="99" />
      <mem type="survivor" free="0" total="7143424" percent="0" />
    </mem>
    <mem type="tenure" free="2031176" total="20185088" percent="10" macro-fragmented="0">
      <mem type="soa" free="1829448" total="19983360" percent="9" />
      <mem type="loa" free="201728" total="201728" percent="100" />
    </mem>
    <remembered-set count="127" />
  </mem-info>
</gc-end>
<cycle-end id="3071" type="scavenge" contextid="3065" timestamp="2019-08-08T09:55:51.756" />
  <attribute name="elasticGC enabled" value="1" />
  <attribute name= "numThreadsSpecified" value="16" />
  <attribute name="heapSize specified" value="51511296" />
  <attribute name="Current GC Util" value="1" />
  <attribute name= "Current Time Running" value="143605" />
  <attribute name ="GC Interval" value="2289" />
  <attribute name="Target GC Util Change" value ="80.000000" />
  <attribute name="Current GC Util Change" value="1.000000"/>
  <attribute name="Current Error" value="155.000000" />
  <attribute name="Output H" value="91695192"/>
  <attribute name="Output I" value="2288"/>
  <attribute name="Output T" value="16"/>
  <attribute name= "Current Time Running" value="143605" />
  <attribute name="GC Util currently" value="1" />
  <attribute name="CPU Util currently" value="2355368468" />
<allocation-satisfied id="3072" threadId="00000000021F7F00" bytesRequested="32" />
<af-end id="3073" timestamp="2019-08-08T09:55:51.756" threadId="00000000021F8888" success="true" from="nursery"/>
<exclusive-end id="3074" timestamp="2019-08-08T09:55:51.756" durationms="3.877" />

<exclusive-start id="3075" timestamp="2019-08-08T09:55:51.807" intervalms="54.801">
  <response-info timems="0.117" idlems="0.117" threads="0" lastid="00000000021F7F00" lastname="main" />
</exclusive-start>
<af-start id="3076" threadId="00000000021F8888" totalBytesRequested="584" timestamp="2019-08-08T09:55:51.807" intervalms="54.734" type="nursery" />
<cycle-start id="3077" type="scavenge" contextid="0" timestamp="2019-08-08T09:55:51.807" intervalms="54.739" />
<gc-start id="3078" type="scavenge" contextid="3077" timestamp="2019-08-08T09:55:51.807">
  <mem-info id="3079" free="2031176" total="91619328" percent="2">
    <mem type="nursery" free="0" total="71434240" percent="0">
      <mem type="allocate" free="0" total="64290816" percent="0" />
      <mem type="survivor" free="0" total="7143424" percent="0" />
    </mem>
    <mem type="tenure" free="2031176" total="20185088" percent="10">
      <mem type="soa" free="1829448" total="19983360" percent="9" />
      <mem type="loa" free="201728" total="201728" percent="100" />
    </mem>
    <remembered-set count="127" />
  </mem-info>
</gc-start>
<allocation-stats totalBytes="64096576" >
  <allocated-bytes non-tlh="32" tlh="64096544" />
  <largest-consumer threadName="main" threadId="00000000021F7F00" bytes="64096576" />
</allocation-stats>
<gc-op id="3080" type="scavenge" timems="2.538" contextid="3077" timestamp="2019-08-08T09:55:51.810">
  <scavenger-info tenureage="5" tenuremask="ffe0" tiltratio="90" />
  <memory-copied type="nursery" objects="71" bytes="2512" bytesdiscarded="53552" />
  <references type="weak" candidates="18" cleared="0" enqueued="0" />
</gc-op>
<gc-end id="3081" type="scavenge" contextid="3077" durationms="2.967" usertimems="6.789" systemtimems="0.000" timestamp="2019-08-08T09:55:51.810" activeThreads="16">
  <mem-info id="3082" free="66265928" total="91619328" percent="72">
    <mem type="nursery" free="64234752" total="71434240" percent="89">
      <mem type="allocate" free="64234752" total="64290816" percent="99" />
      <mem type="survivor" free="0" total="7143424" percent="0" />
    </mem>
    <mem type="tenure" free="2031176" total="20185088" percent="10" macro-fragmented="6319">
      <mem type="soa" free="1829448" total="19983360" percent="9" />
      <mem type="loa" free="201728" total="201728" percent="100" />
    </mem>
    <remembered-set count="124" />
  </mem-info>
</gc-end>
<cycle-end id="3083" type="scavenge" contextid="3077" timestamp="2019-08-08T09:55:51.810" />
  <attribute name="elasticGC enabled" value="1" />
  <attribute name= "numThreadsSpecified" value="16" />
  <attribute name="heapSize specified" value="51511296" />
  <attribute name="Current GC Util" value="10" />
  <attribute name= "Current Time Running" value="143659" />
  <attribute name ="GC Interval" value="2417" />
  <attribute name="Target GC Util Change" value ="80.000000" />
  <attribute name="Current GC Util Change" value="10.000000"/>
  <attribute name="Current Error" value="225.000000" />
  <attribute name="Output H" value="91695272"/>
  <attribute name="Output I" value="2416"/>
  <attribute name="Output T" value="16"/>
  <attribute name= "Current Time Running" value="143659" />
  <attribute name="GC Util currently" value="10" />
  <attribute name="CPU Util currently" value="21076625001" />
<allocation-satisfied id="3084" threadId="00000000021F7F00" bytesRequested="584" />
<af-end id="3085" timestamp="2019-08-08T09:55:51.810" threadId="00000000021F8888" success="true" from="nursery"/>
<exclusive-end id="3086" timestamp="2019-08-08T09:55:51.810" durationms="3.299" />

<exclusive-start id="3087" timestamp="2019-08-08T09:55:51.851" intervalms="44.340">
  <response-info timems="0.361" idlems="0.361" threads="0" lastid="00000000021F7F00" lastname="main" />
</exclusive-start>
<af-start id="3088" threadId="00000000021F8888" totalBytesRequested="32" timestamp="2019-08-08T09:55:51.851" intervalms="44.388" type="nursery" />
<cycle-start id="3089" type="scavenge" contextid="0" timestamp="2019-08-08T09:55:51.851" intervalms="44.389" />
<gc-start id="3090" type="scavenge" contextid="3089" timestamp="2019-08-08T09:55:51.852">
  <mem-info id="3091" free="2031176" total="91619328" percent="2">
    <mem type="nursery" free="0" total="71434240" percent="0">
      <mem type="allocate" free="0" total="64290816" percent="0" />
      <mem type="survivor" free="0" total="7143424" percent="0" />
    </mem>
    <mem type="tenure" free="2031176" total="20185088" percent="10">
      <mem type="soa" free="1829448" total="19983360" percent="9" />
      <mem type="loa" free="201728" total="201728" percent="100" />
    </mem>
    <remembered-set count="124" />
  </mem-info>
</gc-start>
<allocation-stats totalBytes="64120808" >
  <allocated-bytes non-tlh="584" tlh="64120224" />
  <largest-consumer threadName="main" threadId="00000000021F7F00" bytes="64120808" />
</allocation-stats>
<gc-op id="3092" type="scavenge" timems="3.060" contextid="3089" timestamp="2019-08-08T09:55:51.855">
  <scavenger-info tenureage="3" tenuremask="fff8" tiltratio="90" />
  <memory-copied type="nursery" objects="44" bytes="1856" bytesdiscarded="61888" />
  <memory-copied type="tenure" objects="25" bytes="608" bytesdiscarded="0" />
  <references type="weak" candidates="14" cleared="0" enqueued="0" />
</gc-op>
<gc-end id="3093" type="scavenge" contextid="3089" durationms="3.838" usertimems="12.549" systemtimems="0.000" timestamp="2019-08-08T09:55:51.855" activeThreads="16">
  <mem-info id="3094" free="66258248" total="91619328" percent="72">
    <mem type="nursery" free="64227072" total="71434240" percent="89">
      <mem type="allocate" free="64227072" total="64290816" percent="99" />
      <mem type="survivor" free="0" total="7143424" percent="0" />
    </mem>
    <mem type="tenure" free="2031176" total="20185088" percent="10" macro-fragmented="0">
      <mem type="soa" free="1829448" total="19983360" percent="9" />
      <mem type="loa" free="201728" total="201728" percent="100" />
    </mem>
    <remembered-set count="118" />
  </mem-info>
</gc-end>
<cycle-end id="3095" type="scavenge" contextid="3089" timestamp="2019-08-08T09:55:51.855" />
  <attribute name="elasticGC enabled" value="1" />
  <attribute name= "numThreadsSpecified" value="16" />
  <attribute name="heapSize specified" value="51511296" />
  <attribute name="Current GC Util" value="9" />
  <attribute name= "Current Time Running" value="143704" />
  <attribute name ="GC Interval" value="2537" />
  <attribute name="Target GC Util Change" value ="80.000000" />
  <attribute name="Current GC Util Change" value="9.000000"/>
  <attribute name="Current Error" value="296.000000" />
  <attribute name="Output H" value="91695352"/>
  <attribute name="Output I" value="2536"/>
  <attribute name="Output T" value="16"/>
  <attribute name= "Current Time Running" value="143704" />
  <attribute name="GC Util currently" value="9" />
  <attribute name="CPU Util currently" value="25976245898" />
<allocation-satisfied id="3096" threadId="00000000021F7F00" bytesRequested="32" />
<af-end id="3097" timestamp="2019-08-08T09:55:51.855" threadId="00000000021F8888" success="true" from="nursery"/>
<exclusive-end id="3098" timestamp="2019-08-08T09:55:51.855" durationms="4.154" />

<exclusive-start id="3099" timestamp="2019-08-08T09:55:52.059" intervalms="207.431">
  <response-info timems="2.942" idlems="1.505" threads="1" lastid="00000000021FF700" lastname="JIT Compilation Thread-1" />
</exclusive-start>
<af-start id="3100" threadId="00000000021F8888" totalBytesRequested="464" timestamp="2019-08-08T09:55:52.059" intervalms="207.410" type="nursery" />
<cycle-start id="3101" type="scavenge" contextid="0" timestamp="2019-08-08T09:55:52.059" intervalms="207.409" />
<gc-start id="3102" type="scavenge" contextid="3101" timestamp="2019-08-08T09:55:52.059">
  <mem-info id="3103" free="2031176" total="91619328" percent="2">
    <mem type="nursery" free="0" total="71434240" percent="0">
      <mem type="allocate" free="0" total="64290816" percent="0" />
      <mem type="survivor" free="0" total="7143424" percent="0" />
    </mem>
    <mem type="tenure" free="2031176" total="20185088" percent="10">
      <mem type="soa" free="1829448" total="19983360" percent="9" />
      <mem type="loa" free="201728" total="201728" percent="100" />
    </mem>
    <remembered-set count="122" />
  </mem-info>
</gc-start>
<allocation-stats totalBytes="64125344" >
  <allocated-bytes non-tlh="32" tlh="64125312" />
  <largest-consumer threadName="main" threadId="00000000021F7F00" bytes="64125344" />
</allocation-stats>
<gc-op id="3104" type="scavenge" timems="2.415" contextid="3101" timestamp="2019-08-08T09:55:52.061">
  <scavenger-info tenureage="3" tenuremask="ffd8" tiltratio="90" />
  <memory-copied type="nursery" objects="40" bytes="1584" bytesdiscarded="30672" />
  <memory-copied type="tenure" objects="28" bytes="768" bytesdiscarded="0" />
</gc-op>
<gc-end id="3105" type="scavenge" contextid="3101" durationms="3.050" usertimems="7.339" systemtimems="0.000" timestamp="2019-08-08T09:55:52.062" activeThreads="16">
  <mem-info id="3106" free="66273608" total="91619328" percent="72">
    <mem type="nursery" free="64258560" total="71434240" percent="89">
      <mem type="allocate" free="64258560" total="64290816" percent="99" />
      <mem type="survivor" free="0" total="7143424" percent="0" />
    </mem>
    <mem type="tenure" free="2015048" total="20185088" percent="9" macro-fragmented="6319">
      <mem type="soa" free="1813320" total="19983360" percent="9" />
      <mem type="loa" free="201728" total="201728" percent="100" />
    </mem>
    <remembered-set count="117" />
  </mem-info>
</gc-end>
<cycle-end id="3107" type="scavenge" contextid="3101" timestamp="2019-08-08T09:55:52.062" />
  <attribute name="elasticGC enabled" value="1" />
  <attribute name= "numThreadsSpecified" value="16" />
  <attribute name="heapSize specified" value="51511296" />
  <attribute name="Current GC Util" value="2" />
  <attribute name= "Current Time Running" value="143911" />
  <attribute name ="GC Interval" value="2681" />
  <attribute name="Target GC Util Change" value ="80.000000" />
  <attribute name="Current GC Util Change" value="2.000000"/>
  <attribute name="Current Error" value="374.000000" />
  <attribute name="Output H" value="91695440"/>
  <attribute name="Output I" value="2680"/>
  <attribute name="Output T" value="16"/>
  <attribute name= "Current Time Running" value="143911" />
  <attribute name="GC Util currently" value="2" />
  <attribute name="CPU Util currently" value="5558199516" />
<allocation-satisfied id="3108" threadId="00000000021F7F00" bytesRequested="464" />
<af-end id="3109" timestamp="2019-08-08T09:55:52.062" threadId="00000000021F8888" success="true" from="nursery"/>
<exclusive-end id="3110" timestamp="2019-08-08T09:55:52.062" durationms="3.345" />

<exclusive-start id="3111" timestamp="2019-08-08T09:55:52.249" intervalms="190.056">
  <response-info timems="0.320" idlems="0.320" threads="0" lastid="00000000021F7F00" lastname="main" />
</exclusive-start>
<af-start id="3112" threadId="00000000021F8888" totalBytesRequested="16" timestamp="2019-08-08T09:55:52.249" intervalms="190.014" type="nursery" />
<cycle-start id="3113" type="scavenge" contextid="0" timestamp="2019-08-08T09:55:52.249" intervalms="190.010" />
<gc-start id="3114" type="scavenge" contextid="3113" timestamp="2019-08-08T09:55:52.249">
  <mem-info id="3115" free="2015048" total="91619328" percent="2">
    <mem type="nursery" free="0" total="71434240" percent="0">
      <mem type="allocate" free="0" total="64290816" percent="0" />
      <mem type="survivor" free="0" total="7143424" percent="0" />
    </mem>
    <mem type="tenure" free="2015048" total="20185088" percent="9">
      <mem type="soa" free="1813320" total="19983360" percent="9" />
      <mem type="loa" free="201728" total="201728" percent="100" />
    </mem>
    <remembered-set count="119" />
  </mem-info>
</gc-start>
<allocation-stats totalBytes="64196768" >
  <allocated-bytes non-tlh="464" tlh="64196304" />
  <largest-consumer threadName="main" threadId="00000000021F7F00" bytes="64196768" />
</allocation-stats>
<gc-op id="3116" type="scavenge" timems="2.208" contextid="3113" timestamp="2019-08-08T09:55:52.251">
  <scavenger-info tenureage="3" tenuremask="ffe8" tiltratio="90" />
  <memory-copied type="nursery" objects="46" bytes="1824" bytesdiscarded="30432" />
</gc-op>
<gc-end id="3117" type="scavenge" contextid="3113" durationms="3.286" usertimems="8.905" systemtimems="0.000" timestamp="2019-08-08T09:55:52.252" activeThreads="16">
  <mem-info id="3118" free="66273608" total="91619328" percent="72">
    <mem type="nursery" free="64258560" total="71434240" percent="89">
      <mem type="allocate" free="64258560" total="64290816" percent="99" />
      <mem type="survivor" free="0" total="7143424" percent="0" />
    </mem>
    <mem type="tenure" free="2015048" total="20185088" percent="9" macro-fragmented="0">
      <mem type="soa" free="1813320" total="19983360" percent="9" />
      <mem type="loa" free="201728" total="201728" percent="100" />
    </mem>
    <remembered-set count="116" />
  </mem-info>
</gc-end>
<cycle-end id="3119" type="scavenge" contextid="3113" timestamp="2019-08-08T09:55:52.252" />
  <attribute name="elasticGC enabled" value="1" />
  <attribute name= "numThreadsSpecified" value="16" />
  <attribute name="heapSize specified" value="51511296" />
  <attribute name="Current GC Util" value="2" />
  <attribute name= "Current Time Running" value="144101" />
  <attribute name ="GC Interval" value="2817" />
  <attribute name="Target GC Util Change" value ="80.000000" />
  <attribute name="Current GC Util Change" value="2.000000"/>
  <attribute name="Current Error" value="452.000000" />
  <attribute name="Output H" value="91695536"/>
  <attribute name="Output I" value="2816"/>
  <attribute name="Output T" value="16"/>
  <attribute name= "Current Time Running" value="144101" />
  <attribute name="GC Util currently" value="2" />
  <attribute name="CPU Util currently" value="6067643633" />
<allocation-satisfied id="3120" threadId="00000000021F7F00" bytesRequested="16" />
<af-end id="3121" timestamp="2019-08-08T09:55:52.252" threadId="00000000021F8888" success="true" from="nursery"/>
<exclusive-end id="3122" timestamp="2019-08-08T09:55:52.252" durationms="3.546" />

<exclusive-start id="3123" timestamp="2019-08-08T09:55:52.501" intervalms="252.328">
  <response-info timems="0.100" idlems="0.100" threads="0" lastid="00000000021F7F00" lastname="main" />
</exclusive-start>
<af-start id="3124" threadId="00000000021F8888" totalBytesRequested="16" timestamp="2019-08-08T09:55:52.501" intervalms="252.370" type="nursery" />
<cycle-start id="3125" type="scavenge" contextid="0" timestamp="2019-08-08T09:55:52.501" intervalms="252.377" />
<gc-start id="3126" type="scavenge" contextid="3125" timestamp="2019-08-08T09:55:52.501">
  <mem-info id="3127" free="2010152" total="91619328" percent="2">
    <mem type="nursery" free="0" total="71434240" percent="0">
      <mem type="allocate" free="0" total="64290816" percent="0" />
      <mem type="survivor" free="0" total="7143424" percent="0" />
    </mem>
    <mem type="tenure" free="2010152" total="20185088" percent="9">
      <mem type="soa" free="1808424" total="19983360" percent="9" />
      <mem type="loa" free="201728" total="201728" percent="100" />
    </mem>
    <remembered-set count="236" />
  </mem-info>
</gc-start>
<allocation-stats totalBytes="64205232" >
  <allocated-bytes non-tlh="4912" tlh="64200320" />
  <largest-consumer threadName="main" threadId="00000000021F7F00" bytes="64205232" />
</allocation-stats>
<gc-op id="3128" type="scavenge" timems="2.836" contextid="3125" timestamp="2019-08-08T09:55:52.504">
  <scavenger-info tenureage="3" tenuremask="fff8" tiltratio="90" />
  <memory-copied type="nursery" objects="980" bytes="51904" bytesdiscarded="80712" />
  <references type="soft" candidates="16" cleared="0" enqueued="0" dynamicThreshold="3" maxThreshold="32" />
  <references type="weak" candidates="64" cleared="18" enqueued="11" />
</gc-op>
<gc-end id="3129" type="scavenge" contextid="3125" durationms="3.227" usertimems="8.450" systemtimems="0.000" timestamp="2019-08-08T09:55:52.505" activeThreads="16">
  <mem-info id="3130" free="66168352" total="91619328" percent="72">
    <mem type="nursery" free="64158200" total="71434240" percent="89">
      <mem type="allocate" free="64158200" total="64290816" percent="99" />
      <mem type="survivor" free="0" total="7143424" percent="0" />
    </mem>
    <mem type="tenure" free="2010152" total="20185088" percent="9" macro-fragmented="0">
      <mem type="soa" free="1808424" total="19983360" percent="9" />
      <mem type="loa" free="201728" total="201728" percent="100" />
    </mem>
    <pending-finalizers system="0" default="0" reference="11" classloader="0" />
    <remembered-set count="219" />
  </mem-info>
</gc-end>
<cycle-end id="3131" type="scavenge" contextid="3125" timestamp="2019-08-08T09:55:52.505" />
  <attribute name="elasticGC enabled" value="1" />
  <attribute name= "numThreadsSpecified" value="16" />
  <attribute name="heapSize specified" value="51511296" />
  <attribute name="Current GC Util" value="2" />
  <attribute name= "Current Time Running" value="144354" />
  <attribute name ="GC Interval" value="2153" />
  <attribute name="Target GC Util Change" value ="80.000000" />
  <attribute name="Current GC Util Change" value="2.000000"/>
  <attribute name="Current Error" value="78.000000" />
  <attribute name="Output H" value="91695104"/>
  <attribute name="Output I" value="2152"/>
  <attribute name="Output T" value="16"/>
  <attribute name= "Current Time Running" value="144354" />
  <attribute name="GC Util currently" value="2" />
  <attribute name="CPU Util currently" value="4568529626" />
<allocation-satisfied id="3132" threadId="00000000021F7F00" bytesRequested="16" />
<af-end id="3133" timestamp="2019-08-08T09:55:52.505" threadId="00000000021F8888" success="true" from="nursery"/>
<exclusive-end id="3134" timestamp="2019-08-08T09:55:52.505" durationms="3.508" />

<exclusive-start id="3135" timestamp="2019-08-08T09:55:52.661" intervalms="159.428">
  <response-info timems="0.410" idlems="0.410" threads="0" lastid="00000000021F7F00" lastname="main" />
</exclusive-start>
<af-start id="3136" threadId="00000000021F8888" totalBytesRequested="1016" timestamp="2019-08-08T09:55:52.661" intervalms="159.438" type="nursery" />
<cycle-start id="3137" type="scavenge" contextid="0" timestamp="2019-08-08T09:55:52.661" intervalms="159.434" />
<gc-start id="3138" type="scavenge" contextid="3137" timestamp="2019-08-08T09:55:52.661">
  <mem-info id="3139" free="2010152" total="91619328" percent="2">
    <mem type="nursery" free="0" total="71434240" percent="0">
      <mem type="allocate" free="0" total="64290816" percent="0" />
      <mem type="survivor" free="0" total="7143424" percent="0" />
    </mem>
    <mem type="tenure" free="2010152" total="20185088" percent="9">
      <mem type="soa" free="1808424" total="19983360" percent="9" />
      <mem type="loa" free="201728" total="201728" percent="100" />
    </mem>
    <remembered-set count="221" />
  </mem-info>
</gc-start>
<allocation-stats totalBytes="64070840" >
  <allocated-bytes non-tlh="16" tlh="64070824" />
  <largest-consumer threadName="main" threadId="00000000021F7F00" bytes="64066744" />
</allocation-stats>
<gc-op id="3140" type="scavenge" timems="2.980" contextid="3137" timestamp="2019-08-08T09:55:52.664">
  <scavenger-info tenureage="3" tenuremask="fff8" tiltratio="90" />
  <memory-copied type="nursery" objects="963" bytes="53864" bytesdiscarded="80000" />
  <memory-copied type="tenure" objects="14" bytes="320" bytesdiscarded="0" />
  <references type="soft" candidates="16" cleared="0" enqueued="0" dynamicThreshold="3" maxThreshold="32" />
  <references type="weak" candidates="46" cleared="0" enqueued="0" />
</gc-op>
<gc-end id="3141" type="scavenge" contextid="3137" durationms="3.442" usertimems="4.708" systemtimems="0.000" timestamp="2019-08-08T09:55:52.664" activeThreads="16">
  <mem-info id="3142" free="66167104" total="91619328" percent="72">
    <mem type="nursery" free="64156952" total="71434240" percent="89">
      <mem type="allocate" free="64156952" total="64290816" percent="99" />
      <mem type="survivor" free="0" total="7143424" percent="0" />
    </mem>
    <mem type="tenure" free="2010152" total="20185088" percent="9" macro-fragmented="0">
      <mem type="soa" free="1808424" total="19983360" percent="9" />
      <mem type="loa" free="201728" total="201728" percent="100" />
    </mem>
    <remembered-set count="216" />
  </mem-info>
</gc-end>
<cycle-end id="3143" type="scavenge" contextid="3137" timestamp="2019-08-08T09:55:52.664" />
  <attribute name="elasticGC enabled" value="1" />
  <attribute name= "numThreadsSpecified" value="16" />
  <attribute name="heapSize specified" value="51511296" />
  <attribute name="Current GC Util" value="2" />
  <attribute name= "Current Time Running" value="144513" />
  <attribute name ="GC Interval" value="2289" />
  <attribute name="Target GC Util Change" value ="80.000000" />
  <attribute name="Current GC Util Change" value="2.000000"/>
  <attribute name="Current Error" value="156.000000" />
  <attribute name="Output H" value="91695192"/>
  <attribute name="Output I" value="2288"/>
  <attribute name="Output T" value="16"/>
  <attribute name= "Current Time Running" value="144513" />
  <attribute name="GC Util currently" value="2" />
  <attribute name="CPU Util currently" value="7228636305" />
<allocation-satisfied id="3144" threadId="00000000021F7F00" bytesRequested="1016" />
<af-end id="3145" timestamp="2019-08-08T09:55:52.664" threadId="00000000021F8888" success="true" from="nursery"/>
<exclusive-end id="3146" timestamp="2019-08-08T09:55:52.664" durationms="3.740" />

<exclusive-start id="3147" timestamp="2019-08-08T09:55:53.609" intervalms="948.139">
  <response-info timems="0.121" idlems="0.121" threads="0" lastid="00000000021F7F00" lastname="main" />
</exclusive-start>
<af-start id="3148" threadId="00000000021F8888" totalBytesRequested="80" timestamp="2019-08-08T09:55:53.609" intervalms="948.087" type="nursery" />
<cycle-start id="3149" type="scavenge" contextid="0" timestamp="2019-08-08T09:55:53.609" intervalms="948.107" />
<gc-start id="3150" type="scavenge" contextid="3149" timestamp="2019-08-08T09:55:53.609">
  <mem-info id="3151" free="2010152" total="91619328" percent="2">
    <mem type="nursery" free="0" total="71434240" percent="0">
      <mem type="allocate" free="0" total="64290816" percent="0" />
      <mem type="survivor" free="0" total="7143424" percent="0" />
    </mem>
    <mem type="tenure" free="2010152" total="20185088" percent="9">
      <mem type="soa" free="1808424" total="19983360" percent="9" />
      <mem type="loa" free="201728" total="201728" percent="100" />
    </mem>
    <remembered-set count="220" />
  </mem-info>
</gc-start>
<allocation-stats totalBytes="64144656" >
  <allocated-bytes non-tlh="1016" tlh="64143640" />
  <largest-consumer threadName="main" threadId="00000000021F7F00" bytes="64144656" />
</allocation-stats>
<gc-op id="3152" type="scavenge" timems="1.977" contextid="3149" timestamp="2019-08-08T09:55:53.611">
  <scavenger-info tenureage="3" tenuremask="ffe8" tiltratio="90" />
  <memory-copied type="nursery" objects="989" bytes="49664" bytesdiscarded="67592" />
  <memory-copied type="tenure" objects="7" bytes="160" bytesdiscarded="0" />
  <references type="soft" candidates="16" cleared="0" enqueued="0" dynamicThreshold="3" maxThreshold="32" />
  <references type="weak" candidates="80" cleared="0" enqueued="0" />
</gc-op>
<gc-end id="3153" type="scavenge" contextid="3149" durationms="2.441" usertimems="5.430" systemtimems="0.000" timestamp="2019-08-08T09:55:53.611" activeThreads="16">
  <mem-info id="3154" free="66183712" total="91619328" percent="72">
    <mem type="nursery" free="64173560" total="71434240" percent="89">
      <mem type="allocate" free="64173560" total="64290816" percent="99" />
      <mem type="survivor" free="0" total="7143424" percent="0" />
    </mem>
    <mem type="tenure" free="2010152" total="20185088" percent="9" macro-fragmented="0">
      <mem type="soa" free="1808424" total="19983360" percent="9" />
      <mem type="loa" free="201728" total="201728" percent="100" />
    </mem>
    <remembered-set count="175" />
  </mem-info>
</gc-end>
<cycle-end id="3155" type="scavenge" contextid="3149" timestamp="2019-08-08T09:55:53.611" />
  <attribute name="elasticGC enabled" value="1" />
  <attribute name= "numThreadsSpecified" value="16" />
  <attribute name="heapSize specified" value="51511296" />
  <attribute name="Current GC Util" value="0" />
  <attribute name= "Current Time Running" value="145461" />
  <attribute name ="GC Interval" value="2433" />
  <attribute name="Target GC Util Change" value ="80.000000" />
  <attribute name="Current GC Util Change" value="0.000000"/>
  <attribute name="Current Error" value="236.000000" />
  <attribute name="Output H" value="91695280"/>
  <attribute name="Output I" value="2432"/>
  <attribute name="Output T" value="16"/>
  <attribute name= "Current Time Running" value="145461" />
  <attribute name="GC Util currently" value="0" />
  <attribute name="CPU Util currently" value="1216046850" />
<allocation-satisfied id="3156" threadId="00000000021F7F00" bytesRequested="80" />
<af-end id="3157" timestamp="2019-08-08T09:55:53.611" threadId="00000000021F8888" success="true" from="nursery"/>
<exclusive-end id="3158" timestamp="2019-08-08T09:55:53.611" durationms="2.729" />

<exclusive-start id="3159" timestamp="2019-08-08T09:55:53.807" intervalms="198.415">
  <response-info timems="0.134" idlems="0.134" threads="0" lastid="00000000021F7F00" lastname="main" />
</exclusive-start>
<af-start id="3160" threadId="00000000021F8888" totalBytesRequested="80" timestamp="2019-08-08T09:55:53.807" intervalms="198.400" type="nursery" />
<cycle-start id="3161" type="scavenge" contextid="0" timestamp="2019-08-08T09:55:53.807" intervalms="198.374" />
<gc-start id="3162" type="scavenge" contextid="3161" timestamp="2019-08-08T09:55:53.807">
  <mem-info id="3163" free="2010152" total="91619328" percent="2">
    <mem type="nursery" free="0" total="71434240" percent="0">
      <mem type="allocate" free="0" total="64290816" percent="0" />
      <mem type="survivor" free="0" total="7143424" percent="0" />
    </mem>
    <mem type="tenure" free="2010152" total="20185088" percent="9">
      <mem type="soa" free="1808424" total="19983360" percent="9" />
      <mem type="loa" free="201728" total="201728" percent="100" />
    </mem>
    <remembered-set count="175" />
  </mem-info>
</gc-start>
<allocation-stats totalBytes="64161488" >
  <allocated-bytes non-tlh="80" tlh="64161408" />
  <largest-consumer threadName="main" threadId="00000000021F7F00" bytes="64161488" />
</allocation-stats>
<gc-op id="3164" type="scavenge" timems="3.020" contextid="3161" timestamp="2019-08-08T09:55:53.810">
  <scavenger-info tenureage="5" tenuremask="ffe0" tiltratio="90" />
  <memory-copied type="nursery" objects="988" bytes="49584" bytesdiscarded="44128" />
  <references type="soft" candidates="16" cleared="0" enqueued="0" dynamicThreshold="3" maxThreshold="32" />
  <references type="weak" candidates="80" cleared="0" enqueued="0" />
</gc-op>
<gc-end id="3165" type="scavenge" contextid="3161" durationms="3.536" usertimems="9.264" systemtimems="0.000" timestamp="2019-08-08T09:55:53.811" activeThreads="16">
  <mem-info id="3166" free="66207256" total="91619328" percent="72">
    <mem type="nursery" free="64197104" total="71434240" percent="89">
      <mem type="allocate" free="64197104" total="64290816" percent="99" />
      <mem type="survivor" free="0" total="7143424" percent="0" />
    </mem>
    <mem type="tenure" free="2010152" total="20185088" percent="9" macro-fragmented="6319">
      <mem type="soa" free="1808424" total="19983360" percent="9" />
      <mem type="loa" free="201728" total="201728" percent="100" />
    </mem>
    <remembered-set count="175" />
  </mem-info>
</gc-end>
<cycle-end id="3167" type="scavenge" contextid="3161" timestamp="2019-08-08T09:55:53.811" />
  <attribute name="elasticGC enabled" value="1" />
  <attribute name= "numThreadsSpecified" value="16" />
  <attribute name="heapSize specified" value="51511296" />
  <attribute name="Current GC Util" value="1" />
  <attribute name= "Current Time Running" value="145660" />
  <attribute name ="GC Interval" value="2577" />
  <attribute name="Target GC Util Change" value ="80.000000" />
  <attribute name="Current GC Util Change" value="1.000000"/>
  <attribute name="Current Error" value="315.000000" />
  <attribute name="Output H" value="91695376"/>
  <attribute name="Output I" value="2576"/>
  <attribute name="Output T" value="16"/>
  <attribute name= "Current Time Running" value="145660" />
  <attribute name="GC Util currently" value="1" />
  <attribute name="CPU Util currently" value="5811681752" />
<allocation-satisfied id="3168" threadId="00000000021F7F00" bytesRequested="80" />
<af-end id="3169" timestamp="2019-08-08T09:55:53.811" threadId="00000000021F8888" success="true" from="nursery"/>
<exclusive-end id="3170" timestamp="2019-08-08T09:55:53.811" durationms="3.754" />

<exclusive-start id="3171" timestamp="2019-08-08T09:55:54.011" intervalms="204.051">
  <response-info timems="0.021" idlems="0.021" threads="0" lastid="00000000021F7F00" lastname="main" />
</exclusive-start>
<af-start id="3172" threadId="00000000021F8888" totalBytesRequested="24" timestamp="2019-08-08T09:55:54.011" intervalms="204.121" type="nursery" />
<cycle-start id="3173" type="scavenge" contextid="0" timestamp="2019-08-08T09:55:54.011" intervalms="204.121" />
<gc-start id="3174" type="scavenge" contextid="3173" timestamp="2019-08-08T09:55:54.011">
  <mem-info id="3175" free="2010152" total="91619328" percent="2">
    <mem type="nursery" free="0" total="71434240" percent="0">
      <mem type="allocate" free="0" total="64290816" percent="0" />
      <mem type="survivor" free="0" total="7143424" percent="0" />
    </mem>
    <mem type="tenure" free="2010152" total="20185088" percent="9">
      <mem type="soa" free="1808424" total="19983360" percent="9" />
      <mem type="loa" free="201728" total="201728" percent="100" />
    </mem>
    <remembered-set count="175" />
  </mem-info>
</gc-start>
<allocation-stats totalBytes="64185352" >
  <allocated-bytes non-tlh="80" tlh="64185272" />
  <largest-consumer threadName="main" threadId="00000000021F7F00" bytes="64185352" />
</allocation-stats>
<gc-op id="3176" type="scavenge" timems="2.142" contextid="3173" timestamp="2019-08-08T09:55:54.014">
  <scavenger-info tenureage="3" tenuremask="fff8" tiltratio="90" />
  <memory-copied type="nursery" objects="69" bytes="2208" bytesdiscarded="85344" />
  <memory-copied type="tenure" objects="924" bytes="47608" bytesdiscarded="24" />
  <references type="weak" candidates="34" cleared="0" enqueued="0" />
</gc-op>
<gc-end id="3177" type="scavenge" contextid="3173" durationms="2.682" usertimems="4.152" systemtimems="0.000" timestamp="2019-08-08T09:55:54.014" activeThreads="16">
  <mem-info id="3178" free="66149600" total="91619328" percent="72">
    <mem type="nursery" free="64203264" total="71434240" percent="89">
      <mem type="allocate" free="64203264" total="64290816" percent="99" />
      <mem type="survivor" free="0" total="7143424" percent="0" />
    </mem>
    <mem type="tenure" free="1946336" total="20185088" percent="9" macro-fragmented="0">
      <mem type="soa" free="1744608" total="19983360" percent="8" />
      <mem type="loa" free="201728" total="201728" percent="100" />
    </mem>
    <remembered-set count="115" />
  </mem-info>
</gc-end>
<cycle-end id="3179" type="scavenge" contextid="3173" timestamp="2019-08-08T09:55:54.014" />
  <attribute name="elasticGC enabled" value="1" />
  <attribute name= "numThreadsSpecified" value="16" />
  <attribute name="heapSize specified" value="51511296" />
  <attribute name="Current GC Util" value="2" />
  <attribute name= "Current Time Running" value="145864" />
  <attribute name ="GC Interval" value="2713" />
  <attribute name="Target GC Util Change" value ="80.000000" />
  <attribute name="Current GC Util Change" value="2.000000"/>
  <attribute name="Current Error" value="393.000000" />
  <attribute name="Output H" value="91695464"/>
  <attribute name="Output I" value="2712"/>
  <attribute name="Output T" value="16"/>
  <attribute name= "Current Time Running" value="145864" />
  <attribute name="GC Util currently" value="2" />
  <attribute name="CPU Util currently" value="5649486916" />
<allocation-satisfied id="3180" threadId="00000000021F7F00" bytesRequested="24" />
<af-end id="3181" timestamp="2019-08-08T09:55:54.014" threadId="00000000021F8888" success="true" from="nursery"/>
<exclusive-end id="3182" timestamp="2019-08-08T09:55:54.014" durationms="3.003" />

<exclusive-start id="3183" timestamp="2019-08-08T09:55:54.131" intervalms="119.339">
  <response-info timems="0.021" idlems="0.021" threads="0" lastid="00000000021F7F00" lastname="main" />
</exclusive-start>
<af-start id="3184" threadId="00000000021F8888" totalBytesRequested="584" timestamp="2019-08-08T09:55:54.131" intervalms="119.268" type="nursery" />
<cycle-start id="3185" type="scavenge" contextid="0" timestamp="2019-08-08T09:55:54.131" intervalms="119.267" />
<gc-start id="3186" type="scavenge" contextid="3185" timestamp="2019-08-08T09:55:54.131">
  <mem-info id="3187" free="1946336" total="91619328" percent="2">
    <mem type="nursery" free="0" total="71434240" percent="0">
      <mem type="allocate" free="0" total="64290816" percent="0" />
      <mem type="survivor" free="0" total="7143424" percent="0" />
    </mem>
    <mem type="tenure" free="1946336" total="20185088" percent="9">
      <mem type="soa" free="1744608" total="19983360" percent="8" />
      <mem type="loa" free="201728" total="201728" percent="100" />
    </mem>
    <remembered-set count="117" />
  </mem-info>
</gc-start>
<allocation-stats totalBytes="64148648" >
  <allocated-bytes non-tlh="24" tlh="64148624" />
  <largest-consumer threadName="main" threadId="00000000021F7F00" bytes="64148648" />
</allocation-stats>
<gc-op id="3188" type="scavenge" timems="2.668" contextid="3185" timestamp="2019-08-08T09:55:54.133">
  <scavenger-info tenureage="3" tenuremask="ffc8" tiltratio="90" />
  <memory-copied type="nursery" objects="26" bytes="1344" bytesdiscarded="30912" />
  <memory-copied type="tenure" objects="48" bytes="1408" bytesdiscarded="0" />
</gc-op>
<gc-end id="3189" type="scavenge" contextid="3185" durationms="3.140" usertimems="4.118" systemtimems="0.000" timestamp="2019-08-08T09:55:54.134" activeThreads="16">
  <mem-info id="3190" free="66204896" total="91619328" percent="72">
    <mem type="nursery" free="64258560" total="71434240" percent="89">
      <mem type="allocate" free="64258560" total="64290816" percent="99" />
      <mem type="survivor" free="0" total="7143424" percent="0" />
    </mem>
    <mem type="tenure" free="1946336" total="20185088" percent="9" macro-fragmented="0">
      <mem type="soa" free="1744608" total="19983360" percent="8" />
      <mem type="loa" free="201728" total="201728" percent="100" />
    </mem>
    <remembered-set count="112" />
  </mem-info>
</gc-end>
<cycle-end id="3191" type="scavenge" contextid="3185" timestamp="2019-08-08T09:55:54.134" />
  <attribute name="elasticGC enabled" value="1" />
  <attribute name= "numThreadsSpecified" value="16" />
  <attribute name="heapSize specified" value="51511296" />
  <attribute name="Current GC Util" value="3" />
  <attribute name= "Current Time Running" value="145983" />
  <attribute name ="GC Interval" value="2849" />
  <attribute name="Target GC Util Change" value ="80.000000" />
  <attribute name="Current GC Util Change" value="3.000000"/>
  <attribute name="Current Error" value="470.000000" />
  <attribute name="Output H" value="91695552"/>
  <attribute name="Output I" value="2848"/>
  <attribute name="Output T" value="16"/>
  <attribute name= "Current Time Running" value="145983" />
  <attribute name="GC Util currently" value="3" />
  <attribute name="CPU Util currently" value="9666817476" />
<allocation-satisfied id="3192" threadId="00000000021F7F00" bytesRequested="584" />
<af-end id="3193" timestamp="2019-08-08T09:55:54.134" threadId="00000000021F8888" success="true" from="nursery"/>
<exclusive-end id="3194" timestamp="2019-08-08T09:55:54.134" durationms="3.365" />

<exclusive-start id="3195" timestamp="2019-08-08T09:55:54.168" intervalms="37.145">
  <response-info timems="0.016" idlems="0.016" threads="0" lastid="00000000021F7F00" lastname="main" />
</exclusive-start>
<af-start id="3196" threadId="00000000021F8888" totalBytesRequested="544" timestamp="2019-08-08T09:55:54.168" intervalms="37.184" type="nursery" />
<cycle-start id="3197" type="scavenge" contextid="0" timestamp="2019-08-08T09:55:54.168" intervalms="37.187" />
<gc-start id="3198" type="scavenge" contextid="3197" timestamp="2019-08-08T09:55:54.168">
  <mem-info id="3199" free="1946336" total="91619328" percent="2">
    <mem type="nursery" free="0" total="71434240" percent="0">
      <mem type="allocate" free="0" total="64290816" percent="0" />
      <mem type="survivor" free="0" total="7143424" percent="0" />
    </mem>
    <mem type="tenure" free="1946336" total="20185088" percent="9">
      <mem type="soa" free="1744608" total="19983360" percent="8" />
      <mem type="loa" free="201728" total="201728" percent="100" />
    </mem>
    <remembered-set count="112" />
  </mem-info>
</gc-start>
<allocation-stats totalBytes="64169960" >
  <allocated-bytes non-tlh="584" tlh="64169376" />
  <largest-consumer threadName="main" threadId="00000000021F7F00" bytes="64169960" />
</allocation-stats>
<gc-op id="3200" type="scavenge" timems="2.369" contextid="3197" timestamp="2019-08-08T09:55:54.170">
  <scavenger-info tenureage="3" tenuremask="ffe8" tiltratio="90" />
  <memory-copied type="nursery" objects="26" bytes="1344" bytesdiscarded="30912" />
</gc-op>
<gc-end id="3201" type="scavenge" contextid="3197" durationms="2.747" usertimems="3.766" systemtimems="0.000" timestamp="2019-08-08T09:55:54.171" activeThreads="16">
  <mem-info id="3202" free="66204896" total="91619328" percent="72">
    <mem type="nursery" free="64258560" total="71434240" percent="89">
      <mem type="allocate" free="64258560" total="64290816" percent="99" />
      <mem type="survivor" free="0" total="7143424" percent="0" />
    </mem>
    <mem type="tenure" free="1946336" total="20185088" percent="9" macro-fragmented="0">
      <mem type="soa" free="1744608" total="19983360" percent="8" />
      <mem type="loa" free="201728" total="201728" percent="100" />
    </mem>
    <remembered-set count="112" />
  </mem-info>
</gc-end>
<cycle-end id="3203" type="scavenge" contextid="3197" timestamp="2019-08-08T09:55:54.171" />
  <attribute name="elasticGC enabled" value="1" />
  <attribute name= "numThreadsSpecified" value="16" />
  <attribute name="heapSize specified" value="51511296" />
  <attribute name="Current GC Util" value="10" />
  <attribute name= "Current Time Running" value="146020" />
  <attribute name ="GC Interval" value="2137" />
  <attribute name="Target GC Util Change" value ="80.000000" />
  <attribute name="Current GC Util Change" value="10.000000"/>
  <attribute name="Current Error" value="70.000000" />
  <attribute name="Output H" value="91695088"/>
  <attribute name="Output I" value="2136"/>
  <attribute name="Output T" value="16"/>
  <attribute name= "Current Time Running" value="146020" />
  <attribute name="GC Util currently" value="10" />
  <attribute name="CPU Util currently" value="30954445126" />
<allocation-satisfied id="3204" threadId="00000000021F7F00" bytesRequested="544" />
<af-end id="3205" timestamp="2019-08-08T09:55:54.171" threadId="00000000021F8888" success="true" from="nursery"/>
<exclusive-end id="3206" timestamp="2019-08-08T09:55:54.171" durationms="3.345" />

<exclusive-start id="3207" timestamp="2019-08-08T09:55:54.208" intervalms="40.617">
  <response-info timems="0.062" idlems="0.062" threads="0" lastid="00000000021F7F00" lastname="main" />
</exclusive-start>
<af-start id="3208" threadId="00000000021F8888" totalBytesRequested="488" timestamp="2019-08-08T09:55:54.208" intervalms="40.597" type="nursery" />
<cycle-start id="3209" type="scavenge" contextid="0" timestamp="2019-08-08T09:55:54.208" intervalms="40.595" />
<gc-start id="3210" type="scavenge" contextid="3209" timestamp="2019-08-08T09:55:54.208">
  <mem-info id="3211" free="1946336" total="91619328" percent="2">
    <mem type="nursery" free="0" total="71434240" percent="0">
      <mem type="allocate" free="0" total="64290816" percent="0" />
      <mem type="survivor" free="0" total="7143424" percent="0" />
    </mem>
    <mem type="tenure" free="1946336" total="20185088" percent="9">
      <mem type="soa" free="1744608" total="19983360" percent="8" />
      <mem type="loa" free="201728" total="201728" percent="100" />
    </mem>
    <remembered-set count="112" />
  </mem-info>
</gc-start>
<allocation-stats totalBytes="64169920" >
  <allocated-bytes non-tlh="544" tlh="64169376" />
  <largest-consumer threadName="main" threadId="00000000021F7F00" bytes="64169920" />
</allocation-stats>
<gc-op id="3212" type="scavenge" timems="1.254" contextid="3209" timestamp="2019-08-08T09:55:54.210">
  <scavenger-info tenureage="3" tenuremask="fff8" tiltratio="90" />
  <memory-copied type="nursery" objects="26" bytes="1344" bytesdiscarded="30912" />
</gc-op>
<gc-end id="3213" type="scavenge" contextid="3209" durationms="1.879" usertimems="5.162" systemtimems="0.000" timestamp="2019-08-08T09:55:54.210" activeThreads="16">
  <mem-info id="3214" free="66204896" total="91619328" percent="72">
    <mem type="nursery" free="64258560" total="71434240" percent="89">
      <mem type="allocate" free="64258560" total="64290816" percent="99" />
      <mem type="survivor" free="0" total="7143424" percent="0" />
    </mem>
    <mem type="tenure" free="1946336" total="20185088" percent="9" macro-fragmented="0">
      <mem type="soa" free="1744608" total="19983360" percent="8" />
      <mem type="loa" free="201728" total="201728" percent="100" />
    </mem>
    <remembered-set count="112" />
  </mem-info>
</gc-end>
<cycle-end id="3215" type="scavenge" contextid="3209" timestamp="2019-08-08T09:55:54.210" />
  <attribute name="elasticGC enabled" value="1" />
  <attribute name= "numThreadsSpecified" value="16" />
  <attribute name="heapSize specified" value="51511296" />
  <attribute name="Current GC Util" value="9" />
  <attribute name= "Current Time Running" value="146061" />
  <attribute name ="GC Interval" value="2265" />
  <attribute name="Target GC Util Change" value ="80.000000" />
  <attribute name="Current GC Util Change" value="9.000000"/>
  <attribute name="Current Error" value="141.000000" />
  <attribute name="Output H" value="91695176"/>
  <attribute name="Output I" value="2264"/>
  <attribute name="Output T" value="16"/>
  <attribute name= "Current Time Running" value="146061" />
  <attribute name="GC Util currently" value="9" />
  <attribute name="CPU Util currently" value="28440088645" />
<allocation-satisfied id="3216" threadId="00000000021F7F00" bytesRequested="488" />
<af-end id="3217" timestamp="2019-08-08T09:55:54.210" threadId="00000000021F8888" success="true" from="nursery"/>
<exclusive-end id="3218" timestamp="2019-08-08T09:55:54.210" durationms="2.096" />

* Round 1 done in 18.898 seconds.
<exclusive-start id="3219" timestamp="2019-08-08T09:55:54.285" intervalms="76.807">
  <response-info timems="0.058" idlems="0.058" threads="0" lastid="00000000021F7F00" lastname="main" />
</exclusive-start>
<af-start id="3220" threadId="00000000021F8888" totalBytesRequested="32" timestamp="2019-08-08T09:55:54.285" intervalms="76.805" type="nursery" />
<cycle-start id="3221" type="scavenge" contextid="0" timestamp="2019-08-08T09:55:54.285" intervalms="76.813" />
<gc-start id="3222" type="scavenge" contextid="3221" timestamp="2019-08-08T09:55:54.285">
  <mem-info id="3223" free="1943296" total="91619328" percent="2">
    <mem type="nursery" free="0" total="71434240" percent="0">
      <mem type="allocate" free="0" total="64290816" percent="0" />
      <mem type="survivor" free="0" total="7143424" percent="0" />
    </mem>
    <mem type="tenure" free="1943296" total="20185088" percent="9">
      <mem type="soa" free="1741568" total="19983360" percent="8" />
      <mem type="loa" free="201728" total="201728" percent="100" />
    </mem>
    <remembered-set count="181" />
  </mem-info>
</gc-start>
<allocation-stats totalBytes="64229896" >
  <allocated-bytes non-tlh="3528" tlh="64226368" />
  <largest-consumer threadName="main" threadId="00000000021F7F00" bytes="64229896" />
</allocation-stats>
<gc-op id="3224" type="scavenge" timems="2.030" contextid="3221" timestamp="2019-08-08T09:55:54.287">
  <scavenger-info tenureage="3" tenuremask="fff8" tiltratio="90" />
  <memory-copied type="nursery" objects="536" bytes="17944" bytesdiscarded="14312" />
  <memory-copied type="tenure" objects="7" bytes="160" bytesdiscarded="0" />
  <references type="soft" candidates="8" cleared="0" enqueued="0" dynamicThreshold="3" maxThreshold="32" />
  <references type="weak" candidates="14" cleared="6" enqueued="4" />
</gc-op>
<gc-end id="3225" type="scavenge" contextid="3221" durationms="2.449" usertimems="6.023" systemtimems="0.000" timestamp="2019-08-08T09:55:54.288" activeThreads="16">
  <mem-info id="3226" free="66201856" total="91619328" percent="72">
    <mem type="nursery" free="64258560" total="71434240" percent="89">
      <mem type="allocate" free="64258560" total="64290816" percent="99" />
      <mem type="survivor" free="0" total="7143424" percent="0" />
    </mem>
    <mem type="tenure" free="1943296" total="20185088" percent="9" macro-fragmented="723458">
      <mem type="soa" free="1741568" total="19983360" percent="8" />
      <mem type="loa" free="201728" total="201728" percent="100" />
    </mem>
    <pending-finalizers system="0" default="0" reference="4" classloader="0" />
    <remembered-set count="179" />
  </mem-info>
</gc-end>
<cycle-end id="3227" type="scavenge" contextid="3221" timestamp="2019-08-08T09:55:54.288" />
  <attribute name="elasticGC enabled" value="1" />
  <attribute name= "numThreadsSpecified" value="16" />
  <attribute name="heapSize specified" value="51511296" />
  <attribute name="Current GC Util" value="3" />
  <attribute name= "Current Time Running" value="146137" />
  <attribute name ="GC Interval" value="2401" />
  <attribute name="Target GC Util Change" value ="80.000000" />
  <attribute name="Current GC Util Change" value="3.000000"/>
  <attribute name="Current Error" value="218.000000" />
  <attribute name="Output H" value="91695264"/>
  <attribute name="Output I" value="2400"/>
  <attribute name="Output T" value="16"/>
  <attribute name= "Current Time Running" value="146137" />
  <attribute name="GC Util currently" value="3" />
  <attribute name="CPU Util currently" value="15011002964" />
<allocation-satisfied id="3228" threadId="00000000021F7F00" bytesRequested="32" />
<af-end id="3229" timestamp="2019-08-08T09:55:54.288" threadId="00000000021F8888" success="true" from="nursery"/>
<exclusive-end id="3230" timestamp="2019-08-08T09:55:54.288" durationms="2.889" />

<exclusive-start id="3231" timestamp="2019-08-08T09:55:54.526" intervalms="241.311">
  <response-info timems="0.023" idlems="0.023" threads="0" lastid="00000000021F7F00" lastname="main" />
</exclusive-start>
<af-start id="3232" threadId="00000000021F8888" totalBytesRequested="1168" timestamp="2019-08-08T09:55:54.526" intervalms="241.311" type="nursery" />
<cycle-start id="3233" type="scavenge" contextid="0" timestamp="2019-08-08T09:55:54.526" intervalms="241.304" />
<gc-start id="3234" type="scavenge" contextid="3233" timestamp="2019-08-08T09:55:54.527">
  <mem-info id="3235" free="1943296" total="91619328" percent="2">
    <mem type="nursery" free="0" total="71434240" percent="0">
      <mem type="allocate" free="0" total="64290816" percent="0" />
      <mem type="survivor" free="0" total="7143424" percent="0" />
    </mem>
    <mem type="tenure" free="1943296" total="20185088" percent="9">
      <mem type="soa" free="1741568" total="19983360" percent="8" />
      <mem type="loa" free="201728" total="201728" percent="100" />
    </mem>
    <remembered-set count="196" />
  </mem-info>
</gc-start>
<allocation-stats totalBytes="64071376" >
  <allocated-bytes non-tlh="32" tlh="64071344" />
  <largest-consumer threadName="main" threadId="00000000021F7F00" bytes="64067280" />
</allocation-stats>
<gc-op id="3236" type="scavenge" timems="2.832" contextid="3233" timestamp="2019-08-08T09:55:54.529">
  <scavenger-info tenureage="3" tenuremask="ffe8" tiltratio="90" />
  <memory-copied type="nursery" objects="582" bytes="20544" bytesdiscarded="27840" />
  <references type="soft" candidates="8" cleared="0" enqueued="0" dynamicThreshold="3" maxThreshold="32" />
  <references type="weak" candidates="8" cleared="0" enqueued="0" />
</gc-op>
<gc-end id="3237" type="scavenge" contextid="3233" durationms="3.208" usertimems="4.895" systemtimems="0.000" timestamp="2019-08-08T09:55:54.530" activeThreads="16">
  <mem-info id="3238" free="66185728" total="91619328" percent="72">
    <mem type="nursery" free="64242432" total="71434240" percent="89">
      <mem type="allocate" free="64242432" total="64290816" percent="99" />
      <mem type="survivor" free="0" total="7143424" percent="0" />
    </mem>
    <mem type="tenure" free="1943296" total="20185088" percent="9" macro-fragmented="868149">
      <mem type="soa" free="1741568" total="19983360" percent="8" />
      <mem type="loa" free="201728" total="201728" percent="100" />
    </mem>
    <remembered-set count="194" />
  </mem-info>
</gc-end>
<cycle-end id="3239" type="scavenge" contextid="3233" timestamp="2019-08-08T09:55:54.530" />
  <attribute name="elasticGC enabled" value="1" />
  <attribute name= "numThreadsSpecified" value="16" />
  <attribute name="heapSize specified" value="51511296" />
  <attribute name="Current GC Util" value="1" />
  <attribute name= "Current Time Running" value="146379" />
  <attribute name ="GC Interval" value="2545" />
  <attribute name="Target GC Util Change" value ="80.000000" />
  <attribute name="Current GC Util Change" value="1.000000"/>
  <attribute name="Current Error" value="297.000000" />
  <attribute name="Output H" value="91695352"/>
  <attribute name="Output I" value="2544"/>
  <attribute name="Output T" value="16"/>
  <attribute name= "Current Time Running" value="146379" />
  <attribute name="GC Util currently" value="1" />
  <attribute name="CPU Util currently" value="4777340235" />
<allocation-satisfied id="3240" threadId="00000000021F7F00" bytesRequested="1168" />
<af-end id="3241" timestamp="2019-08-08T09:55:54.530" threadId="00000000021F8888" success="true" from="nursery"/>
<exclusive-end id="3242" timestamp="2019-08-08T09:55:54.530" durationms="3.521" />

<exclusive-start id="3243" timestamp="2019-08-08T09:55:54.539" intervalms="12.174">
  <response-info timems="0.023" idlems="0.023" threads="0" lastid="00000000021F7F00" lastname="main" />
</exclusive-start>
<af-start id="3244" threadId="00000000021F8888" totalBytesRequested="1168" timestamp="2019-08-08T09:55:54.539" intervalms="12.167" type="nursery" />
<cycle-start id="3245" type="scavenge" contextid="0" timestamp="2019-08-08T09:55:54.539" intervalms="12.170" />
<gc-start id="3246" type="scavenge" contextid="3245" timestamp="2019-08-08T09:55:54.539">
  <mem-info id="3247" free="1943296" total="91619328" percent="2">
    <mem type="nursery" free="0" total="71434240" percent="0">
      <mem type="allocate" free="0" total="64290816" percent="0" />
      <mem type="survivor" free="0" total="7143424" percent="0" />
    </mem>
    <mem type="tenure" free="1943296" total="20185088" percent="9">
      <mem type="soa" free="1741568" total="19983360" percent="8" />
      <mem type="loa" free="201728" total="201728" percent="100" />
    </mem>
    <remembered-set count="194" />
  </mem-info>
</gc-start>
<allocation-stats totalBytes="64026528" >
  <allocated-bytes non-tlh="1168" tlh="64025360" />
  <largest-consumer threadName="main" threadId="00000000021F7F00" bytes="64026528" />
</allocation-stats>
<gc-op id="3248" type="scavenge" timems="1.904" contextid="3245" timestamp="2019-08-08T09:55:54.541">
  <scavenger-info tenureage="3" tenuremask="fff8" tiltratio="90" />
  <memory-copied type="nursery" objects="583" bytes="20568" bytesdiscarded="27816" />
  <references type="soft" candidates="8" cleared="0" enqueued="0" dynamicThreshold="3" maxThreshold="32" />
  <references type="weak" candidates="8" cleared="0" enqueued="0" />
</gc-op>
<heap-resize id="3249" type="expand" space="nursery" amount="6946816" count="1" timems="0.020" reason="excessive time being spent scavenging" timestamp="2019-08-08T09:55:54.542" />
<gc-end id="3250" type="scavenge" contextid="3245" durationms="3.258" usertimems="4.357" systemtimems="0.000" timestamp="2019-08-08T09:55:54.542" activeThreads="16">
  <mem-info id="3251" free="72411648" total="98566144" percent="73">
    <mem type="nursery" free="70468352" total="78381056" percent="89">
      <mem type="allocate" free="70468352" total="70516736" percent="99" />
      <mem type="survivor" free="0" total="7864320" percent="0" />
    </mem>
    <mem type="tenure" free="1943296" total="20185088" percent="9" macro-fragmented="7583">
      <mem type="soa" free="1741568" total="19983360" percent="8" />
      <mem type="loa" free="201728" total="201728" percent="100" />
    </mem>
    <remembered-set count="162" />
  </mem-info>
</gc-end>
<cycle-end id="3252" type="scavenge" contextid="3245" timestamp="2019-08-08T09:55:54.542" />
  <attribute name="elasticGC enabled" value="1" />
  <attribute name= "numThreadsSpecified" value="16" />
  <attribute name="heapSize specified" value="51511296" />
  <attribute name="Current GC Util" value="38" />
  <attribute name= "Current Time Running" value="146391" />
  <attribute name ="GC Interval" value="2617" />
  <attribute name="Target GC Util Change" value ="80.000000" />
  <attribute name="Current GC Util Change" value="38.000000"/>
  <attribute name="Current Error" value="339.000000" />
  <attribute name="Output H" value="91695400"/>
  <attribute name="Output I" value="2616"/>
  <attribute name="Output T" value="16"/>
  <attribute name= "Current Time Running" value="146391" />
  <attribute name="GC Util currently" value="38" />
  <attribute name="CPU Util currently" value="94823747993" />
<allocation-satisfied id="3253" threadId="00000000021F7F00" bytesRequested="1168" />
<af-end id="3254" timestamp="2019-08-08T09:55:54.542" threadId="00000000021F8888" success="true" from="nursery"/>
<exclusive-end id="3255" timestamp="2019-08-08T09:55:54.542" durationms="3.471" />

<exclusive-start id="3256" timestamp="2019-08-08T09:55:54.551" intervalms="12.150">
  <response-info timems="0.025" idlems="0.025" threads="0" lastid="00000000021F7F00" lastname="main" />
</exclusive-start>
<af-start id="3257" threadId="00000000021F8888" totalBytesRequested="1168" timestamp="2019-08-08T09:55:54.551" intervalms="12.338" type="nursery" />
<cycle-start id="3258" type="scavenge" contextid="0" timestamp="2019-08-08T09:55:54.551" intervalms="12.340" />
<gc-start id="3259" type="scavenge" contextid="3258" timestamp="2019-08-08T09:55:54.551">
  <mem-info id="3260" free="1943296" total="98566144" percent="1">
    <mem type="nursery" free="0" total="78381056" percent="0">
      <mem type="allocate" free="0" total="70516736" percent="0" />
      <mem type="survivor" free="0" total="7864320" percent="0" />
    </mem>
    <mem type="tenure" free="1943296" total="20185088" percent="9">
      <mem type="soa" free="1741568" total="19983360" percent="8" />
      <mem type="loa" free="201728" total="201728" percent="100" />
    </mem>
    <remembered-set count="162" />
  </mem-info>
</gc-start>
<allocation-stats totalBytes="70232856" >
  <allocated-bytes non-tlh="1168" tlh="70231688" />
  <largest-consumer threadName="main" threadId="00000000021F7F00" bytes="70232856" />
</allocation-stats>
<gc-op id="3261" type="scavenge" timems="1.569" contextid="3258" timestamp="2019-08-08T09:55:54.553">
  <scavenger-info tenureage="2" tenuremask="fffc" tiltratio="89" />
  <memory-copied type="nursery" objects="2" bytes="56" bytesdiscarded="32200" />
  <memory-copied type="tenure" objects="581" bytes="20512" bytesdiscarded="16" />
</gc-op>
<heap-resize id="3262" type="expand" space="nursery" amount="3014656" count="1" timems="0.015" reason="excessive time being spent scavenging" timestamp="2019-08-08T09:55:54.553" />
<gc-end id="3263" type="scavenge" contextid="3258" durationms="2.101" usertimems="3.788" systemtimems="0.000" timestamp="2019-08-08T09:55:54.553" activeThreads="16">
  <mem-info id="3264" free="75098624" total="101580800" percent="73">
    <mem type="nursery" free="73171456" total="81395712" percent="89">
      <mem type="allocate" free="73171456" total="73203712" percent="99" />
      <mem type="survivor" free="0" total="8192000" percent="0" />
    </mem>
    <mem type="tenure" free="1927168" total="20185088" percent="9" macro-fragmented="0">
      <mem type="soa" free="1725440" total="19983360" percent="8" />
      <mem type="loa" free="201728" total="201728" percent="100" />
    </mem>
    <remembered-set count="120" />
  </mem-info>
</gc-end>
<cycle-end id="3265" type="scavenge" contextid="3258" timestamp="2019-08-08T09:55:54.553" />
  <attribute name="elasticGC enabled" value="1" />
  <attribute name= "numThreadsSpecified" value="16" />
  <attribute name="heapSize specified" value="51511296" />
  <attribute name="Current GC Util" value="26" />
  <attribute name= "Current Time Running" value="146403" />
  <attribute name ="GC Interval" value="2713" />
  <attribute name="Target GC Util Change" value ="80.000000" />
  <attribute name="Current GC Util Change" value="26.000000"/>
  <attribute name="Current Error" value="393.000000" />
  <attribute name="Output H" value="98642280"/>
  <attribute name="Output I" value="2712"/>
  <attribute name="Output T" value="16"/>
  <attribute name= "Current Time Running" value="146403" />
  <attribute name="GC Util currently" value="26" />
  <attribute name="CPU Util currently" value="93211626237" />
<allocation-satisfied id="3266" threadId="00000000021F7F00" bytesRequested="1168" />
<af-end id="3267" timestamp="2019-08-08T09:55:54.553" threadId="00000000021F8888" success="true" from="nursery"/>
<exclusive-end id="3268" timestamp="2019-08-08T09:55:54.553" durationms="2.497" />

<exclusive-start id="3269" timestamp="2019-08-08T09:55:54.564" intervalms="13.274">
  <response-info timems="0.021" idlems="0.021" threads="0" lastid="00000000021F7F00" lastname="main" />
</exclusive-start>
<af-start id="3270" threadId="00000000021F8888" totalBytesRequested="1168" timestamp="2019-08-08T09:55:54.564" intervalms="13.111" type="nursery" />
<cycle-start id="3271" type="scavenge" contextid="0" timestamp="2019-08-08T09:55:54.564" intervalms="13.111" />
<gc-start id="3272" type="scavenge" contextid="3271" timestamp="2019-08-08T09:55:54.564">
  <mem-info id="3273" free="1927168" total="101580800" percent="1">
    <mem type="nursery" free="0" total="81395712" percent="0">
      <mem type="allocate" free="0" total="73203712" percent="0" />
      <mem type="survivor" free="0" total="8192000" percent="0" />
    </mem>
    <mem type="tenure" free="1927168" total="20185088" percent="9">
      <mem type="soa" free="1725440" total="19983360" percent="8" />
      <mem type="loa" free="201728" total="201728" percent="100" />
    </mem>
    <remembered-set count="120" />
  </mem-info>
</gc-start>
<allocation-stats totalBytes="72928320" >
  <allocated-bytes non-tlh="1168" tlh="72927152" />
  <largest-consumer threadName="main" threadId="00000000021F7F00" bytes="72928320" />
</allocation-stats>
<gc-op id="3274" type="scavenge" timems="2.567" contextid="3271" timestamp="2019-08-08T09:55:54.567">
  <scavenger-info tenureage="5" tenuremask="ffe0" tiltratio="89" />
  <memory-copied type="nursery" objects="2" bytes="56" bytesdiscarded="32200" />
</gc-op>
<heap-resize id="3275" type="expand" space="nursery" amount="8126464" count="1" timems="0.019" reason="excessive time being spent scavenging" timestamp="2019-08-08T09:55:54.567" />
<gc-end id="3276" type="scavenge" contextid="3271" durationms="3.229" usertimems="4.310" systemtimems="0.000" timestamp="2019-08-08T09:55:54.567" activeThreads="16">
  <mem-info id="3277" free="82373120" total="109707264" percent="75">
    <mem type="nursery" free="80445952" total="89522176" percent="89">
      <mem type="allocate" free="80445952" total="80478208" percent="99" />
      <mem type="survivor" free="0" total="9043968" percent="0" />
    </mem>
    <mem type="tenure" free="1927168" total="20185088" percent="9" macro-fragmented="0">
      <mem type="soa" free="1725440" total="19983360" percent="8" />
      <mem type="loa" free="201728" total="201728" percent="100" />
    </mem>
    <remembered-set count="120" />
  </mem-info>
</gc-end>
<cycle-end id="3278" type="scavenge" contextid="3271" timestamp="2019-08-08T09:55:54.568" />
  <attribute name="elasticGC enabled" value="1" />
  <attribute name= "numThreadsSpecified" value="16" />
  <attribute name="heapSize specified" value="51511296" />
  <attribute name="Current GC Util" value="26" />
  <attribute name= "Current Time Running" value="146416" />
  <attribute name ="GC Interval" value="2105" />
  <attribute name="Target GC Util Change" value ="80.000000" />
  <attribute name="Current GC Util Change" value="26.000000"/>
  <attribute name="Current Error" value="54.000000" />
  <attribute name="Output H" value="101656544"/>
  <attribute name="Output I" value="2104"/>
  <attribute name="Output T" value="16"/>
  <attribute name= "Current Time Running" value="146416" />
  <attribute name="GC Util currently" value="26" />
  <attribute name="CPU Util currently" value="88285355726" />
<allocation-satisfied id="3279" threadId="00000000021F7F00" bytesRequested="1168" />
<af-end id="3280" timestamp="2019-08-08T09:55:54.568" threadId="00000000021F8888" success="true" from="nursery"/>
<exclusive-end id="3281" timestamp="2019-08-08T09:55:54.568" durationms="3.675" />

<exclusive-start id="3282" timestamp="2019-08-08T09:55:54.582" intervalms="17.936">
  <response-info timems="0.025" idlems="0.025" threads="0" lastid="00000000021F7F00" lastname="main" />
</exclusive-start>
<af-start id="3283" threadId="00000000021F8888" totalBytesRequested="1168" timestamp="2019-08-08T09:55:54.582" intervalms="17.973" type="nursery" />
<cycle-start id="3284" type="scavenge" contextid="0" timestamp="2019-08-08T09:55:54.582" intervalms="17.974" />
<gc-start id="3285" type="scavenge" contextid="3284" timestamp="2019-08-08T09:55:54.582">
  <mem-info id="3286" free="1927168" total="109707264" percent="1">
    <mem type="nursery" free="0" total="89522176" percent="0">
      <mem type="allocate" free="0" total="80478208" percent="0" />
      <mem type="survivor" free="0" total="9043968" percent="0" />
    </mem>
    <mem type="tenure" free="1927168" total="20185088" percent="9">
      <mem type="soa" free="1725440" total="19983360" percent="8" />
      <mem type="loa" free="201728" total="201728" percent="100" />
    </mem>
    <remembered-set count="120" />
  </mem-info>
</gc-start>
<allocation-stats totalBytes="80178984" >
  <allocated-bytes non-tlh="1168" tlh="80177816" />
  <largest-consumer threadName="main" threadId="00000000021F7F00" bytes="80178984" />
</allocation-stats>
<gc-op id="3287" type="scavenge" timems="1.253" contextid="3284" timestamp="2019-08-08T09:55:54.583">
  <scavenger-info tenureage="3" tenuremask="fff8" tiltratio="89" />
  <memory-copied type="nursery" objects="2" bytes="56" bytesdiscarded="32200" />
</gc-op>
<gc-end id="3288" type="scavenge" contextid="3284" durationms="1.454" usertimems="2.135" systemtimems="0.000" timestamp="2019-08-08T09:55:54.584" activeThreads="16">
  <mem-info id="3289" free="82438656" total="109707264" percent="75">
    <mem type="nursery" free="80511488" total="89522176" percent="89">
      <mem type="allocate" free="80511488" total="80543744" percent="99" />
      <mem type="survivor" free="0" total="8978432" percent="0" />
    </mem>
    <mem type="tenure" free="1927168" total="20185088" percent="9" macro-fragmented="0">
      <mem type="soa" free="1725440" total="19983360" percent="8" />
      <mem type="loa" free="201728" total="201728" percent="100" />
    </mem>
    <remembered-set count="120" />
  </mem-info>
</gc-end>
<cycle-end id="3290" type="scavenge" contextid="3284" timestamp="2019-08-08T09:55:54.584" />
  <attribute name="elasticGC enabled" value="1" />
  <attribute name= "numThreadsSpecified" value="16" />
  <attribute name="heapSize specified" value="51511296" />
  <attribute name="Current GC Util" value="22" />
  <attribute name= "Current Time Running" value="146434" />
  <attribute name ="GC Interval" value="2209" />
  <attribute name="Target GC Util Change" value ="80.000000" />
  <attribute name="Current GC Util Change" value="22.000000"/>
  <attribute name="Current Error" value="112.000000" />
  <attribute name="Output H" value="109783080"/>
  <attribute name="Output I" value="2208"/>
  <attribute name="Output T" value="16"/>
  <attribute name= "Current Time Running" value="146434" />
  <attribute name="GC Util currently" value="22" />
  <attribute name="CPU Util currently" value="64087690279" />
<allocation-satisfied id="3291" threadId="00000000021F7F00" bytesRequested="1168" />
<af-end id="3292" timestamp="2019-08-08T09:55:54.584" threadId="00000000021F8888" success="true" from="nursery"/>
<exclusive-end id="3293" timestamp="2019-08-08T09:55:54.584" durationms="1.759" />

<exclusive-start id="3294" timestamp="2019-08-08T09:55:54.595" intervalms="13.149">
  <response-info timems="0.025" idlems="0.025" threads="0" lastid="00000000021F7F00" lastname="main" />
</exclusive-start>
<af-start id="3295" threadId="00000000021F8888" totalBytesRequested="1168" timestamp="2019-08-08T09:55:54.595" intervalms="13.129" type="nursery" />
<cycle-start id="3296" type="scavenge" contextid="0" timestamp="2019-08-08T09:55:54.595" intervalms="13.129" />
<gc-start id="3297" type="scavenge" contextid="3296" timestamp="2019-08-08T09:55:54.595">
  <mem-info id="3298" free="1927168" total="109707264" percent="1">
    <mem type="nursery" free="0" total="89522176" percent="0">
      <mem type="allocate" free="0" total="80543744" percent="0" />
      <mem type="survivor" free="0" total="8978432" percent="0" />
    </mem>
    <mem type="tenure" free="1927168" total="20185088" percent="9">
      <mem type="soa" free="1725440" total="19983360" percent="8" />
      <mem type="loa" free="201728" total="201728" percent="100" />
    </mem>
    <remembered-set count="120" />
  </mem-info>
</gc-start>
<allocation-stats totalBytes="80244304" >
  <allocated-bytes non-tlh="1168" tlh="80243136" />
  <largest-consumer threadName="main" threadId="00000000021F7F00" bytes="80244304" />
</allocation-stats>
<gc-op id="3299" type="scavenge" timems="3.514" contextid="3296" timestamp="2019-08-08T09:55:54.599">
  <scavenger-info tenureage="3" tenuremask="fff8" tiltratio="89" />
  <memory-copied type="nursery" objects="2" bytes="56" bytesdiscarded="32200" />
</gc-op>
<heap-resize id="3300" type="expand" space="nursery" amount="9437184" count="1" timems="0.023" reason="excessive time being spent scavenging" timestamp="2019-08-08T09:55:54.599" />
<gc-end id="3301" type="scavenge" contextid="3296" durationms="3.817" usertimems="5.888" systemtimems="0.000" timestamp="2019-08-08T09:55:54.599" activeThreads="16">
  <mem-info id="3302" free="90892800" total="119144448" percent="76">
    <mem type="nursery" free="88965632" total="98959360" percent="89">
      <mem type="allocate" free="88965632" total="88997888" percent="99" />
      <mem type="survivor" free="0" total="9961472" percent="0" />
    </mem>
    <mem type="tenure" free="1927168" total="20185088" percent="9" macro-fragmented="0">
      <mem type="soa" free="1725440" total="19983360" percent="8" />
      <mem type="loa" free="201728" total="201728" percent="100" />
    </mem>
    <remembered-set count="120" />
  </mem-info>
</gc-end>
<cycle-end id="3303" type="scavenge" contextid="3296" timestamp="2019-08-08T09:55:54.599" />
  <attribute name="elasticGC enabled" value="1" />
  <attribute name= "numThreadsSpecified" value="16" />
  <attribute name="heapSize specified" value="51511296" />
  <attribute name="Current GC Util" value="17" />
  <attribute name= "Current Time Running" value="146448" />
  <attribute name ="GC Interval" value="2321" />
  <attribute name="Target GC Util Change" value ="80.000000" />
  <attribute name="Current GC Util Change" value="17.000000"/>
  <attribute name="Current Error" value="175.000000" />
  <attribute name="Output H" value="109783152"/>
  <attribute name="Output I" value="2320"/>
  <attribute name="Output T" value="16"/>
  <attribute name= "Current Time Running" value="146448" />
  <attribute name="GC Util currently" value="17" />
  <attribute name="CPU Util currently" value="87518692897" />
<allocation-satisfied id="3304" threadId="00000000021F7F00" bytesRequested="1168" />
<af-end id="3305" timestamp="2019-08-08T09:55:54.599" threadId="00000000021F8888" success="true" from="nursery"/>
<exclusive-end id="3306" timestamp="2019-08-08T09:55:54.599" durationms="4.112" />

<exclusive-start id="3307" timestamp="2019-08-08T09:55:54.610" intervalms="15.230">
  <response-info timems="0.028" idlems="0.028" threads="0" lastid="00000000021F7F00" lastname="main" />
</exclusive-start>
<af-start id="3308" threadId="00000000021F8888" totalBytesRequested="1168" timestamp="2019-08-08T09:55:54.610" intervalms="15.300" type="nursery" />
<cycle-start id="3309" type="scavenge" contextid="0" timestamp="2019-08-08T09:55:54.610" intervalms="15.298" />
<gc-start id="3310" type="scavenge" contextid="3309" timestamp="2019-08-08T09:55:54.611">
  <mem-info id="3311" free="1927168" total="119144448" percent="1">
    <mem type="nursery" free="0" total="98959360" percent="0">
      <mem type="allocate" free="0" total="88997888" percent="0" />
      <mem type="survivor" free="0" total="9961472" percent="0" />
    </mem>
    <mem type="tenure" free="1927168" total="20185088" percent="9">
      <mem type="soa" free="1725440" total="19983360" percent="8" />
      <mem type="loa" free="201728" total="201728" percent="100" />
    </mem>
    <remembered-set count="120" />
  </mem-info>
</gc-start>
<allocation-stats totalBytes="88670776" >
  <allocated-bytes non-tlh="1168" tlh="88669608" />
  <largest-consumer threadName="main" threadId="00000000021F7F00" bytes="88670776" />
</allocation-stats>
<gc-op id="3312" type="scavenge" timems="2.458" contextid="3309" timestamp="2019-08-08T09:55:54.613">
  <scavenger-info tenureage="3" tenuremask="fff8" tiltratio="89" />
  <memory-copied type="nursery" objects="2" bytes="56" bytesdiscarded="32200" />
</gc-op>
<heap-resize id="3313" type="expand" space="nursery" amount="6422528" count="1" timems="0.016" reason="excessive time being spent scavenging" timestamp="2019-08-08T09:55:54.613" />
<gc-end id="3314" type="scavenge" contextid="3309" durationms="2.697" usertimems="4.603" systemtimems="0.000" timestamp="2019-08-08T09:55:54.613" activeThreads="16">
  <mem-info id="3315" free="96725504" total="125566976" percent="77">
    <mem type="nursery" free="94798336" total="105381888" percent="89">
      <mem type="allocate" free="94798336" total="94830592" percent="99" />
      <mem type="survivor" free="0" total="10551296" percent="0" />
    </mem>
    <mem type="tenure" free="1927168" total="20185088" percent="9" macro-fragmented="0">
      <mem type="soa" free="1725440" total="19983360" percent="8" />
      <mem type="loa" free="201728" total="201728" percent="100" />
    </mem>
    <remembered-set count="120" />
  </mem-info>
</gc-end>
<cycle-end id="3316" type="scavenge" contextid="3309" timestamp="2019-08-08T09:55:54.613" />
  <attribute name="elasticGC enabled" value="1" />
  <attribute name= "numThreadsSpecified" value="16" />
  <attribute name="heapSize specified" value="51511296" />
  <attribute name="Current GC Util" value="39" />
  <attribute name= "Current Time Running" value="146463" />
  <attribute name ="GC Interval" value="2401" />
  <attribute name="Target GC Util Change" value ="80.000000" />
  <attribute name="Current GC Util Change" value="39.000000"/>
  <attribute name="Current Error" value="216.000000" />
  <attribute name="Output H" value="119220384"/>
  <attribute name="Output I" value="2400"/>
  <attribute name="Output T" value="16"/>
  <attribute name= "Current Time Running" value="146463" />
  <attribute name="GC Util currently" value="39" />
  <attribute name="CPU Util currently" value="75552380042" />
<allocation-satisfied id="3317" threadId="00000000021F7F00" bytesRequested="1168" />
<af-end id="3318" timestamp="2019-08-08T09:55:54.613" threadId="00000000021F8888" success="true" from="nursery"/>
<exclusive-end id="3319" timestamp="2019-08-08T09:55:54.613" durationms="3.101" />

<exclusive-start id="3320" timestamp="2019-08-08T09:55:54.630" intervalms="19.266">
  <response-info timems="0.033" idlems="0.033" threads="0" lastid="00000000021F7F00" lastname="main" />
</exclusive-start>
<af-start id="3321" threadId="00000000021F8888" totalBytesRequested="1168" timestamp="2019-08-08T09:55:54.630" intervalms="19.191" type="nursery" />
<cycle-start id="3322" type="scavenge" contextid="0" timestamp="2019-08-08T09:55:54.630" intervalms="19.193" />
<gc-start id="3323" type="scavenge" contextid="3322" timestamp="2019-08-08T09:55:54.630">
  <mem-info id="3324" free="1927168" total="125566976" percent="1">
    <mem type="nursery" free="0" total="105381888" percent="0">
      <mem type="allocate" free="0" total="94830592" percent="0" />
      <mem type="survivor" free="0" total="10551296" percent="0" />
    </mem>
    <mem type="tenure" free="1927168" total="20185088" percent="9">
      <mem type="soa" free="1725440" total="19983360" percent="8" />
      <mem type="loa" free="201728" total="201728" percent="100" />
    </mem>
    <remembered-set count="120" />
  </mem-info>
</gc-start>
<allocation-stats totalBytes="94484376" >
  <allocated-bytes non-tlh="1168" tlh="94483208" />
  <largest-consumer threadName="main" threadId="00000000021F7F00" bytes="94484376" />
</allocation-stats>
<gc-op id="3325" type="scavenge" timems="1.424" contextid="3322" timestamp="2019-08-08T09:55:54.631">
  <scavenger-info tenureage="3" tenuremask="fff8" tiltratio="89" />
  <memory-copied type="nursery" objects="2" bytes="56" bytesdiscarded="32200" />
</gc-op>
<gc-end id="3326" type="scavenge" contextid="3322" durationms="1.638" usertimems="2.580" systemtimems="0.000" timestamp="2019-08-08T09:55:54.631" activeThreads="16">
  <mem-info id="3327" free="96725504" total="125566976" percent="77">
    <mem type="nursery" free="94798336" total="105381888" percent="89">
      <mem type="allocate" free="94798336" total="94830592" percent="99" />
      <mem type="survivor" free="0" total="10551296" percent="0" />
    </mem>
    <mem type="tenure" free="1927168" total="20185088" percent="9" macro-fragmented="0">
      <mem type="soa" free="1725440" total="19983360" percent="8" />
      <mem type="loa" free="201728" total="201728" percent="100" />
    </mem>
    <remembered-set count="120" />
  </mem-info>
</gc-end>
<cycle-end id="3328" type="scavenge" contextid="3322" timestamp="2019-08-08T09:55:54.631" />
  <attribute name="elasticGC enabled" value="1" />
  <attribute name= "numThreadsSpecified" value="16" />
  <attribute name="heapSize specified" value="51511296" />
  <attribute name="Current GC Util" value="25" />
  <attribute name= "Current Time Running" value="146482" />
  <attribute name ="GC Interval" value="2497" />
  <attribute name="Target GC Util Change" value ="80.000000" />
  <attribute name="Current GC Util Change" value="25.000000"/>
  <attribute name="Current Error" value="271.000000" />
  <attribute name="Output H" value="125642968"/>
  <attribute name="Output I" value="2496"/>
  <attribute name="Output T" value="16"/>
  <attribute name= "Current Time Running" value="146482" />
  <attribute name="GC Util currently" value="25" />
  <attribute name="CPU Util currently" value="60004733154" />
<allocation-satisfied id="3329" threadId="00000000021F7F00" bytesRequested="1168" />
<af-end id="3330" timestamp="2019-08-08T09:55:54.631" threadId="00000000021F8888" success="true" from="nursery"/>
<exclusive-end id="3331" timestamp="2019-08-08T09:55:54.631" durationms="1.920" />

<exclusive-start id="3332" timestamp="2019-08-08T09:55:54.644" intervalms="14.718">
  <response-info timems="0.023" idlems="0.023" threads="0" lastid="00000000021F7F00" lastname="main" />
</exclusive-start>
<af-start id="3333" threadId="00000000021F8888" totalBytesRequested="1168" timestamp="2019-08-08T09:55:54.644" intervalms="14.746" type="nursery" />
<cycle-start id="3334" type="scavenge" contextid="0" timestamp="2019-08-08T09:55:54.644" intervalms="14.745" />
<gc-start id="3335" type="scavenge" contextid="3334" timestamp="2019-08-08T09:55:54.644">
  <mem-info id="3336" free="1927168" total="125566976" percent="1">
    <mem type="nursery" free="0" total="105381888" percent="0">
      <mem type="allocate" free="0" total="94830592" percent="0" />
      <mem type="survivor" free="0" total="10551296" percent="0" />
    </mem>
    <mem type="tenure" free="1927168" total="20185088" percent="9">
      <mem type="soa" free="1725440" total="19983360" percent="8" />
      <mem type="loa" free="201728" total="201728" percent="100" />
    </mem>
    <remembered-set count="125" />
  </mem-info>
</gc-start>
<allocation-stats totalBytes="94224104" >
  <allocated-bytes non-tlh="1168" tlh="94222936" />
  <largest-consumer threadName="main" threadId="00000000021F7F00" bytes="94224104" />
</allocation-stats>
<gc-op id="3337" type="scavenge" timems="1.385" contextid="3334" timestamp="2019-08-08T09:55:54.646">
  <scavenger-info tenureage="3" tenuremask="fff8" tiltratio="89" />
  <memory-copied type="nursery" objects="28" bytes="1960" bytesdiscarded="30296" />
</gc-op>
<heap-resize id="3338" type="expand" space="nursery" amount="4063232" count="1" timems="0.024" reason="excessive time being spent scavenging" timestamp="2019-08-08T09:55:54.646" />
<gc-end id="3339" type="scavenge" contextid="3334" durationms="1.709" usertimems="2.331" systemtimems="0.000" timestamp="2019-08-08T09:55:54.646" activeThreads="16">
  <mem-info id="3340" free="100329984" total="129630208" percent="77">
    <mem type="nursery" free="98402816" total="109445120" percent="89">
      <mem type="allocate" free="98402816" total="98435072" percent="99" />
      <mem type="survivor" free="0" total="11010048" percent="0" />
    </mem>
    <mem type="tenure" free="1927168" total="20185088" percent="9" macro-fragmented="0">
      <mem type="soa" free="1725440" total="19983360" percent="8" />
      <mem type="loa" free="201728" total="201728" percent="100" />
    </mem>
    <remembered-set count="125" />
  </mem-info>
</gc-end>
<cycle-end id="3341" type="scavenge" contextid="3334" timestamp="2019-08-08T09:55:54.646" />
  <attribute name="elasticGC enabled" value="1" />
  <attribute name= "numThreadsSpecified" value="16" />
  <attribute name="heapSize specified" value="51511296" />
  <attribute name="Current GC Util" value="14" />
  <attribute name= "Current Time Running" value="146497" />
  <attribute name ="GC Interval" value="2617" />
  <attribute name="Target GC Util Change" value ="80.000000" />
  <attribute name="Current GC Util Change" value="14.000000"/>
  <attribute name="Current Error" value="337.000000" />
  <attribute name="Output H" value="125643048"/>
  <attribute name="Output I" value="2616"/>
  <attribute name="Output T" value="16"/>
  <attribute name= "Current Time Running" value="146497" />
  <attribute name="GC Util currently" value="14" />
  <attribute name="CPU Util currently" value="78333611812" />
<allocation-satisfied id="3342" threadId="00000000021F7F00" bytesRequested="1168" />
<af-end id="3343" timestamp="2019-08-08T09:55:54.646" threadId="00000000021F8888" success="true" from="nursery"/>
<exclusive-end id="3344" timestamp="2019-08-08T09:55:54.646" durationms="1.995" />

<exclusive-start id="3345" timestamp="2019-08-08T09:55:54.660" intervalms="16.157">
  <response-info timems="0.025" idlems="0.025" threads="0" lastid="00000000021F7F00" lastname="main" />
</exclusive-start>
<af-start id="3346" threadId="00000000021F8888" totalBytesRequested="1168" timestamp="2019-08-08T09:55:54.661" intervalms="16.141" type="nursery" />
<cycle-start id="3347" type="scavenge" contextid="0" timestamp="2019-08-08T09:55:54.661" intervalms="16.146" />
<gc-start id="3348" type="scavenge" contextid="3347" timestamp="2019-08-08T09:55:54.661">
  <mem-info id="3349" free="1927168" total="129630208" percent="1">
    <mem type="nursery" free="0" total="109445120" percent="0">
      <mem type="allocate" free="0" total="98435072" percent="0" />
      <mem type="survivor" free="0" total="11010048" percent="0" />
    </mem>
    <mem type="tenure" free="1927168" total="20185088" percent="9">
      <mem type="soa" free="1725440" total="19983360" percent="8" />
      <mem type="loa" free="201728" total="201728" percent="100" />
    </mem>
    <remembered-set count="125" />
  </mem-info>
</gc-start>
<allocation-stats totalBytes="97785808" >
  <allocated-bytes non-tlh="1168" tlh="97784640" />
  <largest-consumer threadName="main" threadId="00000000021F7F00" bytes="97785808" />
</allocation-stats>
<gc-op id="3350" type="scavenge" timems="2.008" contextid="3347" timestamp="2019-08-08T09:55:54.663">
  <scavenger-info tenureage="3" tenuremask="fff8" tiltratio="89" />
  <memory-copied type="nursery" objects="28" bytes="1960" bytesdiscarded="30296" />
</gc-op>
<heap-resize id="3351" type="expand" space="nursery" amount="6029312" count="1" timems="0.020" reason="excessive time being spent scavenging" timestamp="2019-08-08T09:55:54.663" />
<gc-end id="3352" type="scavenge" contextid="3347" durationms="2.538" usertimems="3.510" systemtimems="0.000" timestamp="2019-08-08T09:55:54.663" activeThreads="16">
  <mem-info id="3353" free="105769472" total="135659520" percent="77">
    <mem type="nursery" free="103842304" total="115474432" percent="89">
      <mem type="allocate" free="103842304" total="103874560" percent="99" />
      <mem type="survivor" free="0" total="11599872" percent="0" />
    </mem>
    <mem type="tenure" free="1927168" total="20185088" percent="9" macro-fragmented="0">
      <mem type="soa" free="1725440" total="19983360" percent="8" />
      <mem type="loa" free="201728" total="201728" percent="100" />
    </mem>
    <remembered-set count="115" />
  </mem-info>
</gc-end>
<cycle-end id="3354" type="scavenge" contextid="3347" timestamp="2019-08-08T09:55:54.663" />
  <attribute name="elasticGC enabled" value="1" />
  <attribute name= "numThreadsSpecified" value="16" />
  <attribute name="heapSize specified" value="51511296" />
  <attribute name="Current GC Util" value="15" />
  <attribute name= "Current Time Running" value="146513" />
  <attribute name ="GC Interval" value="2129" />
  <attribute name="Target GC Util Change" value ="80.000000" />
  <attribute name="Current GC Util Change" value="15.000000"/>
  <attribute name="Current Error" value="65.000000" />
  <attribute name="Output H" value="129705968"/>
  <attribute name="Output I" value="2128"/>
  <attribute name="Output T" value="16"/>
  <attribute name= "Current Time Running" value="146513" />
  <attribute name="GC Util currently" value="15" />
  <attribute name="CPU Util currently" value="70741676809" />
<allocation-satisfied id="3355" threadId="00000000021F7F00" bytesRequested="1168" />
<af-end id="3356" timestamp="2019-08-08T09:55:54.663" threadId="00000000021F8888" success="true" from="nursery"/>
<exclusive-end id="3357" timestamp="2019-08-08T09:55:54.663" durationms="2.808" />

<exclusive-start id="3358" timestamp="2019-08-08T09:55:54.677" intervalms="16.215">
  <response-info timems="0.028" idlems="0.028" threads="0" lastid="00000000021F7F00" lastname="main" />
</exclusive-start>
<af-start id="3359" threadId="00000000021F8888" totalBytesRequested="1168" timestamp="2019-08-08T09:55:54.677" intervalms="16.224" type="nursery" />
<cycle-start id="3360" type="scavenge" contextid="0" timestamp="2019-08-08T09:55:54.677" intervalms="16.293" />
<gc-start id="3361" type="scavenge" contextid="3360" timestamp="2019-08-08T09:55:54.677">
  <mem-info id="3362" free="1927168" total="135659520" percent="1">
    <mem type="nursery" free="0" total="115474432" percent="0">
      <mem type="allocate" free="0" total="103874560" percent="0" />
      <mem type="survivor" free="0" total="11599872" percent="0" />
    </mem>
    <mem type="tenure" free="1927168" total="20185088" percent="9">
      <mem type="soa" free="1725440" total="19983360" percent="8" />
      <mem type="loa" free="201728" total="201728" percent="100" />
    </mem>
    <remembered-set count="115" />
  </mem-info>
</gc-start>
<allocation-stats totalBytes="103191816" >
  <allocated-bytes non-tlh="1168" tlh="103190648" />
  <largest-consumer threadName="main" threadId="00000000021F7F00" bytes="103191816" />
</allocation-stats>
<gc-op id="3363" type="scavenge" timems="5.567" contextid="3360" timestamp="2019-08-08T09:55:54.683">
  <scavenger-info tenureage="3" tenuremask="fff8" tiltratio="89" />
  <memory-copied type="nursery" objects="28" bytes="1960" bytesdiscarded="14168" />
</gc-op>
<heap-resize id="3364" type="expand" space="nursery" amount="14417920" count="1" timems="0.023" reason="excessive time being spent scavenging" timestamp="2019-08-08T09:55:54.683" />
<gc-end id="3365" type="scavenge" contextid="3360" durationms="5.818" usertimems="5.587" systemtimems="0.000" timestamp="2019-08-08T09:55:54.683" activeThreads="16">
  <mem-info id="3366" free="118761728" total="150077440" percent="79">
    <mem type="nursery" free="116834560" total="129892352" percent="89">
      <mem type="allocate" free="116834560" total="116850688" percent="99" />
      <mem type="survivor" free="0" total="13041664" percent="0" />
    </mem>
    <mem type="tenure" free="1927168" total="20185088" percent="9" macro-fragmented="0">
      <mem type="soa" free="1725440" total="19983360" percent="8" />
      <mem type="loa" free="201728" total="201728" percent="100" />
    </mem>
    <remembered-set count="115" />
  </mem-info>
</gc-end>
<cycle-end id="3367" type="scavenge" contextid="3360" timestamp="2019-08-08T09:55:54.683" />
  <attribute name="elasticGC enabled" value="1" />
  <attribute name= "numThreadsSpecified" value="16" />
  <attribute name="heapSize specified" value="51511296" />
  <attribute name="Current GC Util" value="20" />
  <attribute name= "Current Time Running" value="146529" />
  <attribute name ="GC Interval" value="2233" />
  <attribute name="Target GC Util Change" value ="80.000000" />
  <attribute name="Current GC Util Change" value="20.000000"/>
  <attribute name="Current Error" value="125.000000" />
  <attribute name="Output H" value="135735344"/>
  <attribute name="Output I" value="2232"/>
  <attribute name="Output T" value="16"/>
  <attribute name= "Current Time Running" value="146529" />
  <attribute name="GC Util currently" value="20" />
  <attribute name="CPU Util currently" value="71487119686" />
<allocation-satisfied id="3368" threadId="00000000021F7F00" bytesRequested="1168" />
<af-end id="3369" timestamp="2019-08-08T09:55:54.683" threadId="00000000021F8888" success="true" from="nursery"/>
<exclusive-end id="3370" timestamp="2019-08-08T09:55:54.683" durationms="6.495" />

<exclusive-start id="3371" timestamp="2019-08-08T09:55:54.729" intervalms="51.868">
  <response-info timems="0.018" idlems="0.018" threads="0" lastid="00000000021F7F00" lastname="main" />
</exclusive-start>
<af-start id="3372" threadId="00000000021F8888" totalBytesRequested="24" timestamp="2019-08-08T09:55:54.729" intervalms="51.892" type="nursery" />
<cycle-start id="3373" type="scavenge" contextid="0" timestamp="2019-08-08T09:55:54.729" intervalms="51.820" />
<gc-start id="3374" type="scavenge" contextid="3373" timestamp="2019-08-08T09:55:54.729">
  <mem-info id="3375" free="1927168" total="150077440" percent="1">
    <mem type="nursery" free="0" total="129892352" percent="0">
      <mem type="allocate" free="0" total="116850688" percent="0" />
      <mem type="survivor" free="0" total="13041664" percent="0" />
    </mem>
    <mem type="tenure" free="1927168" total="20185088" percent="9">
      <mem type="soa" free="1725440" total="19983360" percent="8" />
      <mem type="loa" free="201728" total="201728" percent="100" />
    </mem>
    <remembered-set count="117" />
  </mem-info>
</gc-start>
<allocation-stats totalBytes="116808808" >
  <allocated-bytes non-tlh="1168" tlh="116807640" />
  <largest-consumer threadName="main" threadId="00000000021F7F00" bytes="116808808" />
</allocation-stats>
<gc-op id="3376" type="scavenge" timems="1.988" contextid="3373" timestamp="2019-08-08T09:55:54.731">
  <scavenger-info tenureage="3" tenuremask="fff8" tiltratio="89" />
  <memory-copied type="nursery" objects="149" bytes="4920" bytesdiscarded="27336" />
  <memory-copied type="tenure" objects="7" bytes="160" bytesdiscarded="0" />
</gc-op>
<gc-end id="3377" type="scavenge" contextid="3373" durationms="2.290" usertimems="3.562" systemtimems="0.000" timestamp="2019-08-08T09:55:54.731" activeThreads="16">
  <mem-info id="3378" free="118745600" total="150077440" percent="79">
    <mem type="nursery" free="116818432" total="129892352" percent="89">
      <mem type="allocate" free="116818432" total="116850688" percent="99" />
      <mem type="survivor" free="0" total="13041664" percent="0" />
    </mem>
    <mem type="tenure" free="1927168" total="20185088" percent="9" macro-fragmented="0">
      <mem type="soa" free="1725440" total="19983360" percent="8" />
      <mem type="loa" free="201728" total="201728" percent="100" />
    </mem>
    <remembered-set count="113" />
  </mem-info>
</gc-end>
<cycle-end id="3379" type="scavenge" contextid="3373" timestamp="2019-08-08T09:55:54.731" />
  <attribute name="elasticGC enabled" value="1" />
  <attribute name= "numThreadsSpecified" value="16" />
  <attribute name="heapSize specified" value="51511296" />
  <attribute name="Current GC Util" value="10" />
  <attribute name= "Current Time Running" value="146581" />
  <attribute name ="GC Interval" value="2361" />
  <attribute name="Target GC Util Change" value ="80.000000" />
  <attribute name="Current GC Util Change" value="10.000000"/>
  <attribute name="Current Error" value="195.000000" />
  <attribute name="Output H" value="150153352"/>
  <attribute name="Output I" value="2360"/>
  <attribute name="Output T" value="16"/>
  <attribute name= "Current Time Running" value="146581" />
  <attribute name="GC Util currently" value="10" />
  <attribute name="CPU Util currently" value="22173758806" />
<allocation-satisfied id="3380" threadId="00000000021F7F00" bytesRequested="24" />
<af-end id="3381" timestamp="2019-08-08T09:55:54.731" threadId="00000000021F8888" success="true" from="nursery"/>
<exclusive-end id="3382" timestamp="2019-08-08T09:55:54.731" durationms="2.573" />

<exclusive-start id="3383" timestamp="2019-08-08T09:55:54.829" intervalms="100.366">
  <response-info timems="0.115" idlems="0.115" threads="0" lastid="00000000021F7F00" lastname="main" />
</exclusive-start>
<af-start id="3384" threadId="00000000021F8888" totalBytesRequested="176" timestamp="2019-08-08T09:55:54.829" intervalms="100.302" type="nursery" />
<cycle-start id="3385" type="scavenge" contextid="0" timestamp="2019-08-08T09:55:54.829" intervalms="100.300" />
<gc-start id="3386" type="scavenge" contextid="3385" timestamp="2019-08-08T09:55:54.829">
  <mem-info id="3387" free="1927168" total="150077440" percent="1">
    <mem type="nursery" free="0" total="129892352" percent="0">
      <mem type="allocate" free="0" total="116850688" percent="0" />
      <mem type="survivor" free="0" total="13041664" percent="0" />
    </mem>
    <mem type="tenure" free="1927168" total="20185088" percent="9">
      <mem type="soa" free="1725440" total="19983360" percent="8" />
      <mem type="loa" free="201728" total="201728" percent="100" />
    </mem>
    <remembered-set count="121" />
  </mem-info>
</gc-start>
<allocation-stats totalBytes="116782616" >
  <allocated-bytes non-tlh="24" tlh="116782592" />
  <largest-consumer threadName="main" threadId="00000000021F7F00" bytes="116782616" />
</allocation-stats>
<gc-op id="3388" type="scavenge" timems="3.261" contextid="3385" timestamp="2019-08-08T09:55:54.832">
  <scavenger-info tenureage="3" tenuremask="ffe8" tiltratio="89" />
  <memory-copied type="nursery" objects="78" bytes="2360" bytesdiscarded="53656" />
  <references type="weak" candidates="37" cleared="7" enqueued="3" />
</gc-op>
<gc-end id="3389" type="scavenge" contextid="3385" durationms="3.627" usertimems="4.942" systemtimems="0.000" timestamp="2019-08-08T09:55:54.833" activeThreads="16">
  <mem-info id="3390" free="118721792" total="150077440" percent="79">
    <mem type="nursery" free="116794624" total="129892352" percent="89">
      <mem type="allocate" free="116794624" total="116850688" percent="99" />
      <mem type="survivor" free="0" total="13041664" percent="0" />
    </mem>
    <mem type="tenure" free="1927168" total="20185088" percent="9" macro-fragmented="0">
      <mem type="soa" free="1725440" total="19983360" percent="8" />
      <mem type="loa" free="201728" total="201728" percent="100" />
    </mem>
    <pending-finalizers system="0" default="0" reference="3" classloader="0" />
    <remembered-set count="121" />
  </mem-info>
</gc-end>
<cycle-end id="3391" type="scavenge" contextid="3385" timestamp="2019-08-08T09:55:54.833" />
  <attribute name="elasticGC enabled" value="1" />
  <attribute name= "numThreadsSpecified" value="16" />
  <attribute name="heapSize specified" value="51511296" />
  <attribute name="Current GC Util" value="3" />
  <attribute name= "Current Time Running" value="146681" />
  <attribute name ="GC Interval" value="2497" />
  <attribute name="Target GC Util Change" value ="80.000000" />
  <attribute name="Current GC Util Change" value="3.000000"/>
  <attribute name="Current Error" value="272.000000" />
  <attribute name="Output H" value="150153440"/>
  <attribute name="Output I" value="2496"/>
  <attribute name="Output T" value="16"/>
  <attribute name= "Current Time Running" value="146681" />
  <attribute name="GC Util currently" value="3" />
  <attribute name="CPU Util currently" value="11504766200" />
<allocation-satisfied id="3392" threadId="00000000021F7F00" bytesRequested="176" />
<af-end id="3393" timestamp="2019-08-08T09:55:54.833" threadId="00000000021F8888" success="true" from="nursery"/>
<exclusive-end id="3394" timestamp="2019-08-08T09:55:54.833" durationms="3.877" />

<exclusive-start id="3395" timestamp="2019-08-08T09:55:54.857" intervalms="28.508">
  <response-info timems="0.017" idlems="0.017" threads="0" lastid="00000000021F7F00" lastname="main" />
</exclusive-start>
<af-start id="3396" threadId="00000000021F8888" totalBytesRequested="256" timestamp="2019-08-08T09:55:54.858" intervalms="28.541" type="nursery" />
<cycle-start id="3397" type="scavenge" contextid="0" timestamp="2019-08-08T09:55:54.858" intervalms="28.540" />
<gc-start id="3398" type="scavenge" contextid="3397" timestamp="2019-08-08T09:55:54.858">
  <mem-info id="3399" free="1927168" total="150077440" percent="1">
    <mem type="nursery" free="0" total="129892352" percent="0">
      <mem type="allocate" free="0" total="116850688" percent="0" />
      <mem type="survivor" free="0" total="13041664" percent="0" />
    </mem>
    <mem type="tenure" free="1927168" total="20185088" percent="9">
      <mem type="soa" free="1725440" total="19983360" percent="8" />
      <mem type="loa" free="201728" total="201728" percent="100" />
    </mem>
    <remembered-set count="122" />
  </mem-info>
</gc-start>
<allocation-stats totalBytes="116735344" >
  <allocated-bytes non-tlh="176" tlh="116735168" />
  <largest-consumer threadName="main" threadId="00000000021F7F00" bytes="116735344" />
</allocation-stats>
<gc-op id="3400" type="scavenge" timems="1.865" contextid="3397" timestamp="2019-08-08T09:55:54.859">
  <scavenger-info tenureage="3" tenuremask="fff8" tiltratio="89" />
  <memory-copied type="nursery" objects="78" bytes="2488" bytesdiscarded="61256" />
  <references type="weak" candidates="30" cleared="0" enqueued="0" />
</gc-op>
<gc-end id="3401" type="scavenge" contextid="3397" durationms="2.058" usertimems="3.407" systemtimems="0.000" timestamp="2019-08-08T09:55:54.860" activeThreads="16">
  <mem-info id="3402" free="118714112" total="150077440" percent="79">
    <mem type="nursery" free="116786944" total="129892352" percent="89">
      <mem type="allocate" free="116786944" total="116850688" percent="99" />
      <mem type="survivor" free="0" total="13041664" percent="0" />
    </mem>
    <mem type="tenure" free="1927168" total="20185088" percent="9" macro-fragmented="0">
      <mem type="soa" free="1725440" total="19983360" percent="8" />
      <mem type="loa" free="201728" total="201728" percent="100" />
    </mem>
    <remembered-set count="122" />
  </mem-info>
</gc-end>
<cycle-end id="3403" type="scavenge" contextid="3397" timestamp="2019-08-08T09:55:54.860" />
  <attribute name="elasticGC enabled" value="1" />
  <attribute name= "numThreadsSpecified" value="16" />
  <attribute name="heapSize specified" value="51511296" />
  <attribute name="Current GC Util" value="17" />
  <attribute name= "Current Time Running" value="146710" />
  <attribute name ="GC Interval" value="2609" />
  <attribute name="Target GC Util Change" value ="80.000000" />
  <attribute name="Current GC Util Change" value="17.000000"/>
  <attribute name="Current Error" value="335.000000" />
  <attribute name="Output H" value="150153512"/>
  <attribute name="Output I" value="2608"/>
  <attribute name="Output T" value="16"/>
  <attribute name= "Current Time Running" value="146710" />
  <attribute name="GC Util currently" value="17" />
  <attribute name="CPU Util currently" value="40532539706" />
<allocation-satisfied id="3404" threadId="00000000021F7F00" bytesRequested="256" />
<af-end id="3405" timestamp="2019-08-08T09:55:54.860" threadId="00000000021F8888" success="true" from="nursery"/>
<exclusive-end id="3406" timestamp="2019-08-08T09:55:54.860" durationms="2.321" />

<exclusive-start id="3407" timestamp="2019-08-08T09:55:54.888" intervalms="30.537">
  <response-info timems="0.019" idlems="0.019" threads="0" lastid="00000000021F7F00" lastname="main" />
</exclusive-start>
<af-start id="3408" threadId="00000000021F8888" totalBytesRequested="40" timestamp="2019-08-08T09:55:54.888" intervalms="30.504" type="nursery" />
<cycle-start id="3409" type="scavenge" contextid="0" timestamp="2019-08-08T09:55:54.888" intervalms="30.500" />
<gc-start id="3410" type="scavenge" contextid="3409" timestamp="2019-08-08T09:55:54.888">
  <mem-info id="3411" free="1927168" total="150077440" percent="1">
    <mem type="nursery" free="0" total="129892352" percent="0">
      <mem type="allocate" free="0" total="116850688" percent="0" />
      <mem type="survivor" free="0" total="13041664" percent="0" />
    </mem>
    <mem type="tenure" free="1927168" total="20185088" percent="9">
      <mem type="soa" free="1725440" total="19983360" percent="8" />
      <mem type="loa" free="201728" total="201728" percent="100" />
    </mem>
    <remembered-set count="124" />
  </mem-info>
</gc-start>
<allocation-stats totalBytes="116709976" >
  <allocated-bytes non-tlh="256" tlh="116709720" />
  <largest-consumer threadName="main" threadId="00000000021F7F00" bytes="116709976" />
</allocation-stats>
<gc-op id="3412" type="scavenge" timems="3.680" contextid="3409" timestamp="2019-08-08T09:55:54.892">
  <scavenger-info tenureage="3" tenuremask="fff8" tiltratio="89" />
  <memory-copied type="nursery" objects="77" bytes="2336" bytesdiscarded="53728" />
  <memory-copied type="tenure" objects="6" bytes="136" bytesdiscarded="0" />
  <references type="weak" candidates="30" cleared="0" enqueued="0" />
</gc-op>
<heap-resize id="3413" type="expand" space="nursery" amount="6160384" count="1" timems="0.021" reason="excessive time being spent scavenging" timestamp="2019-08-08T09:55:54.892" />
<gc-end id="3414" type="scavenge" contextid="3409" durationms="4.095" usertimems="4.620" systemtimems="0.000" timestamp="2019-08-08T09:55:54.892" activeThreads="16">
  <mem-info id="3415" free="124226816" total="156237824" percent="79">
    <mem type="nursery" free="122299648" total="136052736" percent="89">
      <mem type="allocate" free="122299648" total="122355712" percent="99" />
      <mem type="survivor" free="0" total="13697024" percent="0" />
    </mem>
    <mem type="tenure" free="1927168" total="20185088" percent="9" macro-fragmented="0">
      <mem type="soa" free="1725440" total="19983360" percent="8" />
      <mem type="loa" free="201728" total="201728" percent="100" />
    </mem>
    <remembered-set count="122" />
  </mem-info>
</gc-end>
<cycle-end id="3416" type="scavenge" contextid="3409" timestamp="2019-08-08T09:55:54.892" />
  <attribute name="elasticGC enabled" value="1" />
  <attribute name= "numThreadsSpecified" value="16" />
  <attribute name="heapSize specified" value="51511296" />
  <attribute name="Current GC Util" value="11" />
  <attribute name= "Current Time Running" value="146740" />
  <attribute name ="GC Interval" value="2737" />
  <attribute name="Target GC Util Change" value ="80.000000" />
  <attribute name="Current GC Util Change" value="11.000000"/>
  <attribute name="Current Error" value="404.000000" />
  <attribute name="Output H" value="150153592"/>
  <attribute name="Output I" value="2736"/>
  <attribute name="Output T" value="16"/>
  <attribute name= "Current Time Running" value="146740" />
  <attribute name="GC Util currently" value="11" />
  <attribute name="CPU Util currently" value="37790144735" />
<allocation-satisfied id="3417" threadId="00000000021F7F00" bytesRequested="40" />
<af-end id="3418" timestamp="2019-08-08T09:55:54.892" threadId="00000000021F8888" success="true" from="nursery"/>
<exclusive-end id="3419" timestamp="2019-08-08T09:55:54.892" durationms="4.328" />

<exclusive-start id="3420" timestamp="2019-08-08T09:55:54.943" intervalms="55.135">
  <response-info timems="0.024" idlems="0.024" threads="0" lastid="00000000021F7F00" lastname="main" />
</exclusive-start>
<af-start id="3421" threadId="00000000021F8888" totalBytesRequested="24" timestamp="2019-08-08T09:55:54.943" intervalms="55.194" type="nursery" />
<cycle-start id="3422" type="scavenge" contextid="0" timestamp="2019-08-08T09:55:54.943" intervalms="55.192" />
<gc-start id="3423" type="scavenge" contextid="3422" timestamp="2019-08-08T09:55:54.943">
  <mem-info id="3424" free="1927168" total="156237824" percent="1">
    <mem type="nursery" free="0" total="136052736" percent="0">
      <mem type="allocate" free="0" total="122355712" percent="0" />
      <mem type="survivor" free="0" total="13697024" percent="0" />
    </mem>
    <mem type="tenure" free="1927168" total="20185088" percent="9">
      <mem type="soa" free="1725440" total="19983360" percent="8" />
      <mem type="loa" free="201728" total="201728" percent="100" />
    </mem>
    <remembered-set count="124" />
  </mem-info>
</gc-start>
<allocation-stats totalBytes="122244952" >
  <allocated-bytes non-tlh="40" tlh="122244912" />
  <largest-consumer threadName="main" threadId="00000000021F7F00" bytes="122244952" />
</allocation-stats>
<gc-op id="3425" type="scavenge" timems="2.592" contextid="3422" timestamp="2019-08-08T09:55:54.946">
  <scavenger-info tenureage="5" tenuremask="ffe0" tiltratio="89" />
  <memory-copied type="nursery" objects="98" bytes="3184" bytesdiscarded="76688" />
  <references type="weak" candidates="30" cleared="0" enqueued="0" />
</gc-op>
<gc-end id="3426" type="scavenge" contextid="3422" durationms="2.829" usertimems="4.062" systemtimems="0.000" timestamp="2019-08-08T09:55:54.946" activeThreads="16">
  <mem-info id="3427" free="124268544" total="156237824" percent="79">
    <mem type="nursery" free="122341376" total="136052736" percent="89">
      <mem type="allocate" free="122341376" total="122421248" percent="99" />
      <mem type="survivor" free="0" total="13631488" percent="0" />
    </mem>
    <mem type="tenure" free="1927168" total="20185088" percent="9" macro-fragmented="0">
      <mem type="soa" free="1725440" total="19983360" percent="8" />
      <mem type="loa" free="201728" total="201728" percent="100" />
    </mem>
    <remembered-set count="124" />
  </mem-info>
</gc-end>
<cycle-end id="3428" type="scavenge" contextid="3422" timestamp="2019-08-08T09:55:54.946" />
  <attribute name="elasticGC enabled" value="1" />
  <attribute name= "numThreadsSpecified" value="16" />
  <attribute name="heapSize specified" value="51511296" />
  <attribute name="Current GC Util" value="8" />
  <attribute name= "Current Time Running" value="146795" />
  <attribute name ="GC Interval" value="2137" />
  <attribute name="Target GC Util Change" value ="80.000000" />
  <attribute name="Current GC Util Change" value="8.000000"/>
  <attribute name="Current Error" value="72.000000" />
  <attribute name="Output H" value="156313592"/>
  <attribute name="Output I" value="2136"/>
  <attribute name="Output T" value="16"/>
  <attribute name= "Current Time Running" value="146795" />
  <attribute name="GC Util currently" value="8" />
  <attribute name="CPU Util currently" value="20891234808" />
<allocation-satisfied id="3429" threadId="00000000021F7F00" bytesRequested="24" />
<af-end id="3430" timestamp="2019-08-08T09:55:54.946" threadId="00000000021F8888" success="true" from="nursery"/>
<exclusive-end id="3431" timestamp="2019-08-08T09:55:54.946" durationms="3.196" />

<exclusive-start id="3432" timestamp="2019-08-08T09:55:55.386" intervalms="442.939">
  <response-info timems="0.020" idlems="0.020" threads="0" lastid="00000000021F7F00" lastname="main" />
</exclusive-start>
<af-start id="3433" threadId="00000000021F8888" totalBytesRequested="80" timestamp="2019-08-08T09:55:55.386" intervalms="442.862" type="nursery" />
<cycle-start id="3434" type="scavenge" contextid="0" timestamp="2019-08-08T09:55:55.386" intervalms="442.863" />
<gc-start id="3435" type="scavenge" contextid="3434" timestamp="2019-08-08T09:55:55.386">
  <mem-info id="3436" free="1927168" total="156237824" percent="1">
    <mem type="nursery" free="0" total="136052736" percent="0">
      <mem type="allocate" free="0" total="122421248" percent="0" />
      <mem type="survivor" free="0" total="13631488" percent="0" />
    </mem>
    <mem type="tenure" free="1927168" total="20185088" percent="9">
      <mem type="soa" free="1725440" total="19983360" percent="8" />
      <mem type="loa" free="201728" total="201728" percent="100" />
    </mem>
    <remembered-set count="148" />
  </mem-info>
</gc-start>
<allocation-stats totalBytes="122328824" >
  <allocated-bytes non-tlh="24" tlh="122328800" />
  <largest-consumer threadName="main" threadId="00000000021F7F00" bytes="122328824" />
</allocation-stats>
<gc-op id="3437" type="scavenge" timems="1.510" contextid="3434" timestamp="2019-08-08T09:55:55.388">
  <scavenger-info tenureage="3" tenuremask="fff8" tiltratio="89" />
  <memory-copied type="nursery" objects="89" bytes="2272" bytesdiscarded="13856" />
  <memory-copied type="tenure" objects="55" bytes="1576" bytesdiscarded="0" />
</gc-op>
<gc-end id="3438" type="scavenge" contextid="3434" durationms="1.885" usertimems="2.507" systemtimems="0.000" timestamp="2019-08-08T09:55:55.388" activeThreads="16">
  <mem-info id="3439" free="124332288" total="156237824" percent="79">
    <mem type="nursery" free="122405120" total="136052736" percent="89">
      <mem type="allocate" free="122405120" total="122421248" percent="99" />
      <mem type="survivor" free="0" total="13631488" percent="0" />
    </mem>
    <mem type="tenure" free="1927168" total="20185088" percent="9" macro-fragmented="0">
      <mem type="soa" free="1725440" total="19983360" percent="8" />
      <mem type="loa" free="201728" total="201728" percent="100" />
    </mem>
    <remembered-set count="139" />
  </mem-info>
</gc-end>
<cycle-end id="3440" type="scavenge" contextid="3434" timestamp="2019-08-08T09:55:55.388" />
  <attribute name="elasticGC enabled" value="1" />
  <attribute name= "numThreadsSpecified" value="16" />
  <attribute name="heapSize specified" value="51511296" />
  <attribute name="Current GC Util" value="0" />
  <attribute name= "Current Time Running" value="147238" />
  <attribute name ="GC Interval" value="2281" />
  <attribute name="Target GC Util Change" value ="80.000000" />
  <attribute name="Current GC Util Change" value="0.000000"/>
  <attribute name="Current Error" value="152.000000" />
  <attribute name="Output H" value="156313680"/>
  <attribute name="Output I" value="2280"/>
  <attribute name="Output T" value="16"/>
  <attribute name= "Current Time Running" value="147238" />
  <attribute name="GC Util currently" value="0" />
  <attribute name="CPU Util currently" value="2603305247" />
<allocation-satisfied id="3441" threadId="00000000021F7F00" bytesRequested="80" />
<af-end id="3442" timestamp="2019-08-08T09:55:55.388" threadId="00000000021F8888" success="true" from="nursery"/>
<exclusive-end id="3443" timestamp="2019-08-08T09:55:55.388" durationms="2.107" />

<exclusive-start id="3444" timestamp="2019-08-08T09:55:55.527" intervalms="140.615">
  <response-info timems="0.017" idlems="0.017" threads="0" lastid="00000000021F7F00" lastname="main" />
</exclusive-start>
<af-start id="3445" threadId="00000000021F8888" totalBytesRequested="24" timestamp="2019-08-08T09:55:55.527" intervalms="140.615" type="nursery" />
<cycle-start id="3446" type="scavenge" contextid="0" timestamp="2019-08-08T09:55:55.527" intervalms="140.622" />
<gc-start id="3447" type="scavenge" contextid="3446" timestamp="2019-08-08T09:55:55.527">
  <mem-info id="3448" free="1927168" total="156237824" percent="1">
    <mem type="nursery" free="0" total="136052736" percent="0">
      <mem type="allocate" free="0" total="122421248" percent="0" />
      <mem type="survivor" free="0" total="13631488" percent="0" />
    </mem>
    <mem type="tenure" free="1927168" total="20185088" percent="9">
      <mem type="soa" free="1725440" total="19983360" percent="8" />
      <mem type="loa" free="201728" total="201728" percent="100" />
    </mem>
    <remembered-set count="145" />
  </mem-info>
</gc-start>
<allocation-stats totalBytes="122376856" >
  <allocated-bytes non-tlh="80" tlh="122376776" />
  <largest-consumer threadName="main" threadId="00000000021F7F00" bytes="122376856" />
</allocation-stats>
<gc-op id="3449" type="scavenge" timems="0.826" contextid="3446" timestamp="2019-08-08T09:55:55.528">
  <scavenger-info tenureage="3" tenuremask="ffd8" tiltratio="89" />
  <memory-copied type="nursery" objects="111" bytes="2856" bytesdiscarded="29400" />
  <memory-copied type="tenure" objects="6" bytes="136" bytesdiscarded="0" />
</gc-op>
<gc-end id="3450" type="scavenge" contextid="3446" durationms="1.165" usertimems="1.695" systemtimems="0.000" timestamp="2019-08-08T09:55:55.528" activeThreads="16">
  <mem-info id="3451" free="124316160" total="156237824" percent="79">
    <mem type="nursery" free="122388992" total="136052736" percent="89">
      <mem type="allocate" free="122388992" total="122421248" percent="99" />
      <mem type="survivor" free="0" total="13631488" percent="0" />
    </mem>
    <mem type="tenure" free="1927168" total="20185088" percent="9" macro-fragmented="0">
      <mem type="soa" free="1725440" total="19983360" percent="8" />
      <mem type="loa" free="201728" total="201728" percent="100" />
    </mem>
    <remembered-set count="143" />
  </mem-info>
</gc-end>
<cycle-end id="3452" type="scavenge" contextid="3446" timestamp="2019-08-08T09:55:55.528" />
  <attribute name="elasticGC enabled" value="1" />
  <attribute name= "numThreadsSpecified" value="16" />
  <attribute name="heapSize specified" value="51511296" />
  <attribute name="Current GC Util" value="1" />
  <attribute name= "Current Time Running" value="147379" />
  <attribute name ="GC Interval" value="2425" />
  <attribute name="Target GC Util Change" value ="80.000000" />
  <attribute name="Current GC Util Change" value="1.000000"/>
  <attribute name="Current Error" value="231.000000" />
  <attribute name="Output H" value="156313776"/>
  <attribute name="Output I" value="2424"/>
  <attribute name="Output T" value="16"/>
  <attribute name= "Current Time Running" value="147379" />
  <attribute name="GC Util currently" value="1" />
  <attribute name="CPU Util currently" value="8192189381" />
<allocation-satisfied id="3453" threadId="00000000021F7F00" bytesRequested="24" />
<af-end id="3454" timestamp="2019-08-08T09:55:55.528" threadId="00000000021F8888" success="true" from="nursery"/>
<exclusive-end id="3455" timestamp="2019-08-08T09:55:55.528" durationms="1.393" />

<exclusive-start id="3456" timestamp="2019-08-08T09:55:55.665" intervalms="138.651">
  <response-info timems="0.019" idlems="0.019" threads="0" lastid="00000000021F7F00" lastname="main" />
</exclusive-start>
<af-start id="3457" threadId="00000000021F8888" totalBytesRequested="24" timestamp="2019-08-08T09:55:55.665" intervalms="138.648" type="nursery" />
<cycle-start id="3458" type="scavenge" contextid="0" timestamp="2019-08-08T09:55:55.665" intervalms="138.642" />
<gc-start id="3459" type="scavenge" contextid="3458" timestamp="2019-08-08T09:55:55.665">
  <mem-info id="3460" free="1927168" total="156237824" percent="1">
    <mem type="nursery" free="0" total="136052736" percent="0">
      <mem type="allocate" free="0" total="122421248" percent="0" />
      <mem type="survivor" free="0" total="13631488" percent="0" />
    </mem>
    <mem type="tenure" free="1927168" total="20185088" percent="9">
      <mem type="soa" free="1725440" total="19983360" percent="8" />
      <mem type="loa" free="201728" total="201728" percent="100" />
    </mem>
    <remembered-set count="153" />
  </mem-info>
</gc-start>
<allocation-stats totalBytes="122376776" >
  <allocated-bytes non-tlh="24" tlh="122376752" />
  <largest-consumer threadName="main" threadId="00000000021F7F00" bytes="122376776" />
</allocation-stats>
<gc-op id="3461" type="scavenge" timems="0.804" contextid="3458" timestamp="2019-08-08T09:55:55.666">
  <scavenger-info tenureage="3" tenuremask="ffe8" tiltratio="89" />
  <memory-copied type="nursery" objects="125" bytes="3104" bytesdiscarded="29152" />
  <memory-copied type="tenure" objects="6" bytes="136" bytesdiscarded="0" />
</gc-op>
<gc-end id="3462" type="scavenge" contextid="3458" durationms="1.058" usertimems="1.861" systemtimems="0.000" timestamp="2019-08-08T09:55:55.666" activeThreads="16">
  <mem-info id="3463" free="124316160" total="156237824" percent="79">
    <mem type="nursery" free="122388992" total="136052736" percent="89">
      <mem type="allocate" free="122388992" total="122421248" percent="99" />
      <mem type="survivor" free="0" total="13631488" percent="0" />
    </mem>
    <mem type="tenure" free="1927168" total="20185088" percent="9" macro-fragmented="0">
      <mem type="soa" free="1725440" total="19983360" percent="8" />
      <mem type="loa" free="201728" total="201728" percent="100" />
    </mem>
    <remembered-set count="151" />
  </mem-info>
</gc-end>
<cycle-end id="3464" type="scavenge" contextid="3458" timestamp="2019-08-08T09:55:55.667" />
  <attribute name="elasticGC enabled" value="1" />
  <attribute name= "numThreadsSpecified" value="16" />
  <attribute name="heapSize specified" value="51511296" />
  <attribute name="Current GC Util" value="1" />
  <attribute name= "Current Time Running" value="147518" />
  <attribute name ="GC Interval" value="2569" />
  <attribute name="Target GC Util Change" value ="80.000000" />
  <attribute name="Current GC Util Change" value="1.000000"/>
  <attribute name="Current Error" value="310.000000" />
  <attribute name="Output H" value="156313864"/>
  <attribute name="Output I" value="2568"/>
  <attribute name="Output T" value="16"/>
  <attribute name= "Current Time Running" value="147518" />
  <attribute name="GC Util currently" value="1" />
  <attribute name="CPU Util currently" value="8322899743" />
<allocation-satisfied id="3465" threadId="00000000021F7F00" bytesRequested="24" />
<af-end id="3466" timestamp="2019-08-08T09:55:55.667" threadId="00000000021F8888" success="true" from="nursery"/>
<exclusive-end id="3467" timestamp="2019-08-08T09:55:55.667" durationms="1.277" />

<exclusive-start id="3468" timestamp="2019-08-08T09:55:55.846" intervalms="181.132">
  <response-info timems="0.013" idlems="0.013" threads="0" lastid="00000000021F7F00" lastname="main" />
</exclusive-start>
<af-start id="3469" threadId="00000000021F8888" totalBytesRequested="16" timestamp="2019-08-08T09:55:55.846" intervalms="181.135" type="nursery" />
<cycle-start id="3470" type="scavenge" contextid="0" timestamp="2019-08-08T09:55:55.846" intervalms="181.133" />
<gc-start id="3471" type="scavenge" contextid="3470" timestamp="2019-08-08T09:55:55.847">
  <mem-info id="3472" free="1927168" total="156237824" percent="1">
    <mem type="nursery" free="0" total="136052736" percent="0">
      <mem type="allocate" free="0" total="122421248" percent="0" />
      <mem type="survivor" free="0" total="13631488" percent="0" />
    </mem>
    <mem type="tenure" free="1927168" total="20185088" percent="9">
      <mem type="soa" free="1725440" total="19983360" percent="8" />
      <mem type="loa" free="201728" total="201728" percent="100" />
    </mem>
    <remembered-set count="161" />
  </mem-info>
</gc-start>
<allocation-stats totalBytes="122380352" >
  <allocated-bytes non-tlh="24" tlh="122380328" />
  <largest-consumer threadName="main" threadId="00000000021F7F00" bytes="122380352" />
</allocation-stats>
<gc-op id="3473" type="scavenge" timems="0.935" contextid="3470" timestamp="2019-08-08T09:55:55.848">
  <scavenger-info tenureage="3" tenuremask="ffe8" tiltratio="89" />
  <memory-copied type="nursery" objects="100" bytes="2480" bytesdiscarded="29776" />
  <memory-copied type="tenure" objects="64" bytes="1528" bytesdiscarded="0" />
</gc-op>
<gc-end id="3474" type="scavenge" contextid="3470" durationms="1.148" usertimems="1.678" systemtimems="0.000" timestamp="2019-08-08T09:55:55.848" activeThreads="16">
  <mem-info id="3475" free="124316160" total="156237824" percent="79">
    <mem type="nursery" free="122388992" total="136052736" percent="89">
      <mem type="allocate" free="122388992" total="122421248" percent="99" />
      <mem type="survivor" free="0" total="13631488" percent="0" />
    </mem>
    <mem type="tenure" free="1927168" total="20185088" percent="9" macro-fragmented="0">
      <mem type="soa" free="1725440" total="19983360" percent="8" />
      <mem type="loa" free="201728" total="201728" percent="100" />
    </mem>
    <remembered-set count="138" />
  </mem-info>
</gc-end>
<cycle-end id="3476" type="scavenge" contextid="3470" timestamp="2019-08-08T09:55:55.848" />
  <attribute name="elasticGC enabled" value="1" />
  <attribute name= "numThreadsSpecified" value="16" />
  <attribute name="heapSize specified" value="51511296" />
  <attribute name="Current GC Util" value="1" />
  <attribute name= "Current Time Running" value="147699" />
  <attribute name ="GC Interval" value="2705" />
  <attribute name="Target GC Util Change" value ="80.000000" />
  <attribute name="Current GC Util Change" value="1.000000"/>
  <attribute name="Current Error" value="389.000000" />
  <attribute name="Output H" value="156313960"/>
  <attribute name="Output I" value="2704"/>
  <attribute name="Output T" value="16"/>
  <attribute name= "Current Time Running" value="147699" />
  <attribute name="GC Util currently" value="1" />
  <attribute name="CPU Util currently" value="6364318554" />
<allocation-satisfied id="3477" threadId="00000000021F7F00" bytesRequested="16" />
<af-end id="3478" timestamp="2019-08-08T09:55:55.848" threadId="00000000021F8888" success="true" from="nursery"/>
<exclusive-end id="3479" timestamp="2019-08-08T09:55:55.848" durationms="1.347" />

<exclusive-start id="3480" timestamp="2019-08-08T09:55:56.022" intervalms="175.330">
  <response-info timems="0.019" idlems="0.019" threads="0" lastid="00000000021F7F00" lastname="main" />
</exclusive-start>
<af-start id="3481" threadId="00000000021F8888" totalBytesRequested="32" timestamp="2019-08-08T09:55:56.022" intervalms="175.446" type="nursery" />
<cycle-start id="3482" type="scavenge" contextid="0" timestamp="2019-08-08T09:55:56.022" intervalms="175.451" />
<gc-start id="3483" type="scavenge" contextid="3482" timestamp="2019-08-08T09:55:56.022">
  <mem-info id="3484" free="1927168" total="156237824" percent="1">
    <mem type="nursery" free="0" total="136052736" percent="0">
      <mem type="allocate" free="0" total="122421248" percent="0" />
      <mem type="survivor" free="0" total="13631488" percent="0" />
    </mem>
    <mem type="tenure" free="1927168" total="20185088" percent="9">
      <mem type="soa" free="1725440" total="19983360" percent="8" />
      <mem type="loa" free="201728" total="201728" percent="100" />
    </mem>
    <remembered-set count="146" />
  </mem-info>
</gc-start>
<allocation-stats totalBytes="122356200" >
  <allocated-bytes non-tlh="16" tlh="122356184" />
  <largest-consumer threadName="main" threadId="00000000021F7F00" bytes="122356200" />
</allocation-stats>
<gc-op id="3485" type="scavenge" timems="2.042" contextid="3482" timestamp="2019-08-08T09:55:56.024">
  <scavenger-info tenureage="3" tenuremask="ffe8" tiltratio="89" />
  <memory-copied type="nursery" objects="112" bytes="3488" bytesdiscarded="28768" />
  <memory-copied type="tenure" objects="19" bytes="456" bytesdiscarded="0" />
</gc-op>
<gc-end id="3486" type="scavenge" contextid="3482" durationms="2.280" usertimems="2.218" systemtimems="0.000" timestamp="2019-08-08T09:55:56.024" activeThreads="16">
  <mem-info id="3487" free="124316160" total="156237824" percent="79">
    <mem type="nursery" free="122388992" total="136052736" percent="89">
      <mem type="allocate" free="122388992" total="122421248" percent="99" />
      <mem type="survivor" free="0" total="13631488" percent="0" />
    </mem>
    <mem type="tenure" free="1927168" total="20185088" percent="9" macro-fragmented="0">
      <mem type="soa" free="1725440" total="19983360" percent="8" />
      <mem type="loa" free="201728" total="201728" percent="100" />
    </mem>
    <remembered-set count="139" />
  </mem-info>
</gc-end>
<cycle-end id="3488" type="scavenge" contextid="3482" timestamp="2019-08-08T09:55:56.024" />
  <attribute name="elasticGC enabled" value="1" />
  <attribute name= "numThreadsSpecified" value="16" />
  <attribute name="heapSize specified" value="51511296" />
  <attribute name="Current GC Util" value="1" />
  <attribute name= "Current Time Running" value="147874" />
  <attribute name ="GC Interval" value="2849" />
  <attribute name="Target GC Util Change" value ="80.000000" />
  <attribute name="Current GC Util Change" value="1.000000"/>
  <attribute name="Current Error" value="468.000000" />
  <attribute name="Output H" value="156314048"/>
  <attribute name="Output I" value="2848"/>
  <attribute name="Output T" value="16"/>
  <attribute name= "Current Time Running" value="147874" />
  <attribute name="GC Util currently" value="1" />
  <attribute name="CPU Util currently" value="6570341732" />
<allocation-satisfied id="3489" threadId="00000000021F7F00" bytesRequested="32" />
<af-end id="3490" timestamp="2019-08-08T09:55:56.024" threadId="00000000021F8888" success="true" from="nursery"/>
<exclusive-end id="3491" timestamp="2019-08-08T09:55:56.024" durationms="2.603" />

<exclusive-start id="3492" timestamp="2019-08-08T09:55:56.097" intervalms="75.242">
  <response-info timems="0.019" idlems="0.019" threads="0" lastid="00000000021F7F00" lastname="main" />
</exclusive-start>
<af-start id="3493" threadId="00000000021F8888" totalBytesRequested="488" timestamp="2019-08-08T09:55:56.097" intervalms="75.134" type="nursery" />
<cycle-start id="3494" type="scavenge" contextid="0" timestamp="2019-08-08T09:55:56.097" intervalms="75.132" />
<gc-start id="3495" type="scavenge" contextid="3494" timestamp="2019-08-08T09:55:56.097">
  <mem-info id="3496" free="1927168" total="156237824" percent="1">
    <mem type="nursery" free="0" total="136052736" percent="0">
      <mem type="allocate" free="0" total="122421248" percent="0" />
      <mem type="survivor" free="0" total="13631488" percent="0" />
    </mem>
    <mem type="tenure" free="1927168" total="20185088" percent="9">
      <mem type="soa" free="1725440" total="19983360" percent="8" />
      <mem type="loa" free="201728" total="201728" percent="100" />
    </mem>
    <remembered-set count="143" />
  </mem-info>
</gc-start>
<allocation-stats totalBytes="122262984" >
  <allocated-bytes non-tlh="32" tlh="122262952" />
  <largest-consumer threadName="main" threadId="00000000021F7F00" bytes="122262984" />
</allocation-stats>
<gc-op id="3497" type="scavenge" timems="1.248" contextid="3494" timestamp="2019-08-08T09:55:56.098">
  <scavenger-info tenureage="3" tenuremask="f808" tiltratio="89" />
  <memory-copied type="nursery" objects="84" bytes="2632" bytesdiscarded="29624" />
  <memory-copied type="tenure" objects="30" bytes="680" bytesdiscarded="0" />
</gc-op>
<gc-end id="3498" type="scavenge" contextid="3494" durationms="1.463" usertimems="2.009" systemtimems="0.000" timestamp="2019-08-08T09:55:56.099" activeThreads="16">
  <mem-info id="3499" free="124316160" total="156237824" percent="79">
    <mem type="nursery" free="122388992" total="136052736" percent="89">
      <mem type="allocate" free="122388992" total="122421248" percent="99" />
      <mem type="survivor" free="0" total="13631488" percent="0" />
    </mem>
    <mem type="tenure" free="1927168" total="20185088" percent="9" macro-fragmented="0">
      <mem type="soa" free="1725440" total="19983360" percent="8" />
      <mem type="loa" free="201728" total="201728" percent="100" />
    </mem>
    <remembered-set count="133" />
  </mem-info>
</gc-end>
<cycle-end id="3500" type="scavenge" contextid="3494" timestamp="2019-08-08T09:55:56.099" />
  <attribute name="elasticGC enabled" value="1" />
  <attribute name= "numThreadsSpecified" value="16" />
  <attribute name="heapSize specified" value="51511296" />
  <attribute name="Current GC Util" value="2" />
  <attribute name= "Current Time Running" value="147949" />
  <attribute name ="GC Interval" value="2153" />
  <attribute name="Target GC Util Change" value ="80.000000" />
  <attribute name="Current GC Util Change" value="2.000000"/>
  <attribute name="Current Error" value="78.000000" />
  <attribute name="Output H" value="156313600"/>
  <attribute name="Output I" value="2152"/>
  <attribute name="Output T" value="16"/>
  <attribute name= "Current Time Running" value="147949" />
  <attribute name="GC Util currently" value="2" />
  <attribute name="CPU Util currently" value="15345944955" />
<allocation-satisfied id="3501" threadId="00000000021F7F00" bytesRequested="488" />
<af-end id="3502" timestamp="2019-08-08T09:55:56.099" threadId="00000000021F8888" success="true" from="nursery"/>
<exclusive-end id="3503" timestamp="2019-08-08T09:55:56.099" durationms="1.693" />

<exclusive-start id="3504" timestamp="2019-08-08T09:55:56.115" intervalms="18.051">
  <response-info timems="0.017" idlems="0.017" threads="0" lastid="00000000021F7F00" lastname="main" />
</exclusive-start>
<af-start id="3505" threadId="00000000021F8888" totalBytesRequested="584" timestamp="2019-08-08T09:55:56.115" intervalms="18.043" type="nursery" />
<cycle-start id="3506" type="scavenge" contextid="0" timestamp="2019-08-08T09:55:56.115" intervalms="18.041" />
<gc-start id="3507" type="scavenge" contextid="3506" timestamp="2019-08-08T09:55:56.115">
  <mem-info id="3508" free="1927168" total="156237824" percent="1">
    <mem type="nursery" free="0" total="136052736" percent="0">
      <mem type="allocate" free="0" total="122421248" percent="0" />
      <mem type="survivor" free="0" total="13631488" percent="0" />
    </mem>
    <mem type="tenure" free="1927168" total="20185088" percent="9">
      <mem type="soa" free="1725440" total="19983360" percent="8" />
      <mem type="loa" free="201728" total="201728" percent="100" />
    </mem>
    <remembered-set count="133" />
  </mem-info>
</gc-start>
<allocation-stats totalBytes="122170248" >
  <allocated-bytes non-tlh="488" tlh="122169760" />
  <largest-consumer threadName="main" threadId="00000000021F7F00" bytes="122170248" />
</allocation-stats>
<gc-op id="3509" type="scavenge" timems="0.818" contextid="3506" timestamp="2019-08-08T09:55:56.116">
  <scavenger-info tenureage="3" tenuremask="f008" tiltratio="89" />
  <memory-copied type="nursery" objects="54" bytes="1952" bytesdiscarded="30304" />
  <memory-copied type="tenure" objects="30" bytes="680" bytesdiscarded="0" />
</gc-op>
<gc-end id="3510" type="scavenge" contextid="3506" durationms="1.044" usertimems="1.577" systemtimems="0.000" timestamp="2019-08-08T09:55:56.116" activeThreads="16">
  <mem-info id="3511" free="124316160" total="156237824" percent="79">
    <mem type="nursery" free="122388992" total="136052736" percent="89">
      <mem type="allocate" free="122388992" total="122421248" percent="99" />
      <mem type="survivor" free="0" total="13631488" percent="0" />
    </mem>
    <mem type="tenure" free="1927168" total="20185088" percent="9" macro-fragmented="0">
      <mem type="soa" free="1725440" total="19983360" percent="8" />
      <mem type="loa" free="201728" total="201728" percent="100" />
    </mem>
    <remembered-set count="123" />
  </mem-info>
</gc-end>
<cycle-end id="3512" type="scavenge" contextid="3506" timestamp="2019-08-08T09:55:56.116" />
  <attribute name="elasticGC enabled" value="1" />
  <attribute name= "numThreadsSpecified" value="16" />
  <attribute name="heapSize specified" value="51511296" />
  <attribute name="Current GC Util" value="11" />
  <attribute name= "Current Time Running" value="147967" />
  <attribute name ="GC Interval" value="2273" />
  <attribute name="Target GC Util Change" value ="80.000000" />
  <attribute name="Current GC Util Change" value="11.000000"/>
  <attribute name="Current Error" value="147.000000" />
  <attribute name="Output H" value="156313680"/>
  <attribute name="Output I" value="2272"/>
  <attribute name="Output T" value="16"/>
  <attribute name= "Current Time Running" value="147967" />
  <attribute name="GC Util currently" value="11" />
  <attribute name="CPU Util currently" value="64028917376" />
<allocation-satisfied id="3513" threadId="00000000021F7F00" bytesRequested="584" />
<af-end id="3514" timestamp="2019-08-08T09:55:56.116" threadId="00000000021F8888" success="true" from="nursery"/>
<exclusive-end id="3515" timestamp="2019-08-08T09:55:56.116" durationms="1.244" />

<exclusive-start id="3516" timestamp="2019-08-08T09:55:56.215" intervalms="99.468">
  <response-info timems="0.015" idlems="0.015" threads="0" lastid="00000000021F7F00" lastname="main" />
</exclusive-start>
<af-start id="3517" threadId="00000000021F8888" totalBytesRequested="208" timestamp="2019-08-08T09:55:56.215" intervalms="99.459" type="nursery" />
<cycle-start id="3518" type="scavenge" contextid="0" timestamp="2019-08-08T09:55:56.215" intervalms="99.459" />
<gc-start id="3519" type="scavenge" contextid="3518" timestamp="2019-08-08T09:55:56.215">
  <mem-info id="3520" free="1927168" total="156237824" percent="1">
    <mem type="nursery" free="0" total="136052736" percent="0">
      <mem type="allocate" free="0" total="122421248" percent="0" />
      <mem type="survivor" free="0" total="13631488" percent="0" />
    </mem>
    <mem type="tenure" free="1927168" total="20185088" percent="9">
      <mem type="soa" free="1725440" total="19983360" percent="8" />
      <mem type="loa" free="201728" total="201728" percent="100" />
    </mem>
    <remembered-set count="129" />
  </mem-info>
</gc-start>
<allocation-stats totalBytes="122279208" >
  <allocated-bytes non-tlh="584" tlh="122278624" />
  <largest-consumer threadName="main" threadId="00000000021F7F00" bytes="122279208" />
</allocation-stats>
<gc-op id="3521" type="scavenge" timems="1.033" contextid="3518" timestamp="2019-08-08T09:55:56.216">
  <scavenger-info tenureage="3" tenuremask="e008" tiltratio="89" />
  <memory-copied type="nursery" objects="53" bytes="1896" bytesdiscarded="30360" />
  <memory-copied type="tenure" objects="24" bytes="544" bytesdiscarded="0" />
</gc-op>
<gc-end id="3522" type="scavenge" contextid="3518" durationms="1.296" usertimems="1.685" systemtimems="0.000" timestamp="2019-08-08T09:55:56.216" activeThreads="16">
  <mem-info id="3523" free="124316160" total="156237824" percent="79">
    <mem type="nursery" free="122388992" total="136052736" percent="89">
      <mem type="allocate" free="122388992" total="122421248" percent="99" />
      <mem type="survivor" free="0" total="13631488" percent="0" />
    </mem>
    <mem type="tenure" free="1927168" total="20185088" percent="9" macro-fragmented="0">
      <mem type="soa" free="1725440" total="19983360" percent="8" />
      <mem type="loa" free="201728" total="201728" percent="100" />
    </mem>
    <remembered-set count="121" />
  </mem-info>
</gc-end>
<cycle-end id="3524" type="scavenge" contextid="3518" timestamp="2019-08-08T09:55:56.216" />
  <attribute name="elasticGC enabled" value="1" />
  <attribute name= "numThreadsSpecified" value="16" />
  <attribute name="heapSize specified" value="51511296" />
  <attribute name="Current GC Util" value="1" />
  <attribute name= "Current Time Running" value="148067" />
  <attribute name ="GC Interval" value="2417" />
  <attribute name="Target GC Util Change" value ="80.000000" />
  <attribute name="Current GC Util Change" value="1.000000"/>
  <attribute name="Current Error" value="226.000000" />
  <attribute name="Output H" value="156313768"/>
  <attribute name="Output I" value="2416"/>
  <attribute name="Output T" value="16"/>
  <attribute name= "Current Time Running" value="148067" />
  <attribute name="GC Util currently" value="1" />
  <attribute name="CPU Util currently" value="11593056899" />
<allocation-satisfied id="3525" threadId="00000000021F7F00" bytesRequested="208" />
<af-end id="3526" timestamp="2019-08-08T09:55:56.216" threadId="00000000021F8888" success="true" from="nursery"/>
<exclusive-end id="3527" timestamp="2019-08-08T09:55:56.216" durationms="1.533" />

<exclusive-start id="3528" timestamp="2019-08-08T09:55:56.453" intervalms="238.740">
  <response-info timems="0.055" idlems="0.055" threads="0" lastid="00000000021F7F00" lastname="main" />
</exclusive-start>
<af-start id="3529" threadId="00000000021F8888" totalBytesRequested="80" timestamp="2019-08-08T09:55:56.453" intervalms="238.763" type="nursery" />
<cycle-start id="3530" type="scavenge" contextid="0" timestamp="2019-08-08T09:55:56.453" intervalms="238.770" />
<gc-start id="3531" type="scavenge" contextid="3530" timestamp="2019-08-08T09:55:56.453">
  <mem-info id="3532" free="1927168" total="156237824" percent="1">
    <mem type="nursery" free="0" total="136052736" percent="0">
      <mem type="allocate" free="0" total="122421248" percent="0" />
      <mem type="survivor" free="0" total="13631488" percent="0" />
    </mem>
    <mem type="tenure" free="1927168" total="20185088" percent="9">
      <mem type="soa" free="1725440" total="19983360" percent="8" />
      <mem type="loa" free="201728" total="201728" percent="100" />
    </mem>
    <remembered-set count="127" />
  </mem-info>
</gc-start>
<allocation-stats totalBytes="122262408" >
  <allocated-bytes non-tlh="208" tlh="122262200" />
  <largest-consumer threadName="main" threadId="00000000021F7F00" bytes="122262408" />
</allocation-stats>
<gc-op id="3533" type="scavenge" timems="0.870" contextid="3530" timestamp="2019-08-08T09:55:56.454">
  <scavenger-info tenureage="11" tenuremask="e800" tiltratio="89" />
  <memory-copied type="nursery" objects="64" bytes="1712" bytesdiscarded="30544" />
</gc-op>
<gc-end id="3534" type="scavenge" contextid="3530" durationms="1.262" usertimems="2.456" systemtimems="0.000" timestamp="2019-08-08T09:55:56.455" activeThreads="16">
  <mem-info id="3535" free="124316160" total="156237824" percent="79">
    <mem type="nursery" free="122388992" total="136052736" percent="89">
      <mem type="allocate" free="122388992" total="122421248" percent="99" />
      <mem type="survivor" free="0" total="13631488" percent="0" />
    </mem>
    <mem type="tenure" free="1927168" total="20185088" percent="9" macro-fragmented="0">
      <mem type="soa" free="1725440" total="19983360" percent="8" />
      <mem type="loa" free="201728" total="201728" percent="100" />
    </mem>
    <remembered-set count="126" />
  </mem-info>
</gc-end>
<cycle-end id="3536" type="scavenge" contextid="3530" timestamp="2019-08-08T09:55:56.455" />
  <attribute name="elasticGC enabled" value="1" />
  <attribute name= "numThreadsSpecified" value="16" />
  <attribute name="heapSize specified" value="51511296" />
  <attribute name="Current GC Util" value="0" />
  <attribute name= "Current Time Running" value="148306" />
  <attribute name ="GC Interval" value="2561" />
  <attribute name="Target GC Util Change" value ="80.000000" />
  <attribute name="Current GC Util Change" value="0.000000"/>
  <attribute name="Current Error" value="306.000000" />
  <attribute name="Output H" value="156313864"/>
  <attribute name="Output I" value="2560"/>
  <attribute name="Output T" value="16"/>
  <attribute name= "Current Time Running" value="148306" />
  <attribute name="GC Util currently" value="0" />
  <attribute name="CPU Util currently" value="4828166320" />
<allocation-satisfied id="3537" threadId="00000000021F7F00" bytesRequested="80" />
<af-end id="3538" timestamp="2019-08-08T09:55:56.455" threadId="00000000021F8888" success="true" from="nursery"/>
<exclusive-end id="3539" timestamp="2019-08-08T09:55:56.455" durationms="1.490" />

<exclusive-start id="3540" timestamp="2019-08-08T09:55:56.762" intervalms="308.518">
  <response-info timems="0.015" idlems="0.015" threads="0" lastid="00000000021F7F00" lastname="main" />
</exclusive-start>
<af-start id="3541" threadId="00000000021F8888" totalBytesRequested="80" timestamp="2019-08-08T09:55:56.762" intervalms="308.515" type="nursery" />
<cycle-start id="3542" type="scavenge" contextid="0" timestamp="2019-08-08T09:55:56.762" intervalms="308.508" />
<gc-start id="3543" type="scavenge" contextid="3542" timestamp="2019-08-08T09:55:56.762">
  <mem-info id="3544" free="1927168" total="156237824" percent="1">
    <mem type="nursery" free="0" total="136052736" percent="0">
      <mem type="allocate" free="0" total="122421248" percent="0" />
      <mem type="survivor" free="0" total="13631488" percent="0" />
    </mem>
    <mem type="tenure" free="1927168" total="20185088" percent="9">
      <mem type="soa" free="1725440" total="19983360" percent="8" />
      <mem type="loa" free="201728" total="201728" percent="100" />
    </mem>
    <remembered-set count="126" />
  </mem-info>
</gc-start>
<allocation-stats totalBytes="122366408" >
  <allocated-bytes non-tlh="80" tlh="122366328" />
  <largest-consumer threadName="main" threadId="00000000021F7F00" bytes="122366408" />
</allocation-stats>
<gc-op id="3545" type="scavenge" timems="2.542" contextid="3542" timestamp="2019-08-08T09:55:56.764">
  <scavenger-info tenureage="12" tenuremask="d000" tiltratio="89" />
  <memory-copied type="nursery" objects="63" bytes="1640" bytesdiscarded="30616" />
</gc-op>
<gc-end id="3546" type="scavenge" contextid="3542" durationms="4.176" usertimems="5.548" systemtimems="0.000" timestamp="2019-08-08T09:55:56.766" activeThreads="16">
  <mem-info id="3547" free="124316160" total="156237824" percent="79">
    <mem type="nursery" free="122388992" total="136052736" percent="89">
      <mem type="allocate" free="122388992" total="122421248" percent="99" />
      <mem type="survivor" free="0" total="13631488" percent="0" />
    </mem>
    <mem type="tenure" free="1927168" total="20185088" percent="9" macro-fragmented="418667">
      <mem type="soa" free="1725440" total="19983360" percent="8" />
      <mem type="loa" free="201728" total="201728" percent="100" />
    </mem>
    <remembered-set count="126" />
  </mem-info>
</gc-end>
<cycle-end id="3548" type="scavenge" contextid="3542" timestamp="2019-08-08T09:55:56.766" />
  <attribute name="elasticGC enabled" value="1" />
  <attribute name= "numThreadsSpecified" value="16" />
  <attribute name="heapSize specified" value="51511296" />
  <attribute name="Current GC Util" value="0" />
  <attribute name= "Current Time Running" value="148614" />
  <attribute name ="GC Interval" value="2705" />
  <attribute name="Target GC Util Change" value ="80.000000" />
  <attribute name="Current GC Util Change" value="0.000000"/>
  <attribute name="Current Error" value="386.000000" />
  <attribute name="Output H" value="156313952"/>
  <attribute name="Output I" value="2704"/>
  <attribute name="Output T" value="16"/>
  <attribute name= "Current Time Running" value="148614" />
  <attribute name="GC Util currently" value="0" />
  <attribute name="CPU Util currently" value="3736890321" />
<allocation-satisfied id="3549" threadId="00000000021F7F00" bytesRequested="80" />
<af-end id="3550" timestamp="2019-08-08T09:55:56.766" threadId="00000000021F8888" success="true" from="nursery"/>
<exclusive-end id="3551" timestamp="2019-08-08T09:55:56.766" durationms="4.415" />

<exclusive-start id="3552" timestamp="2019-08-08T09:55:56.894" intervalms="132.693">
  <response-info timems="0.016" idlems="0.016" threads="0" lastid="00000000021F7F00" lastname="main" />
</exclusive-start>
<af-start id="3553" threadId="00000000021F8888" totalBytesRequested="40" timestamp="2019-08-08T09:55:56.895" intervalms="132.686" type="nursery" />
<cycle-start id="3554" type="scavenge" contextid="0" timestamp="2019-08-08T09:55:56.895" intervalms="132.690" />
<gc-start id="3555" type="scavenge" contextid="3554" timestamp="2019-08-08T09:55:56.895">
  <mem-info id="3556" free="1927168" total="156237824" percent="1">
    <mem type="nursery" free="0" total="136052736" percent="0">
      <mem type="allocate" free="0" total="122421248" percent="0" />
      <mem type="survivor" free="0" total="13631488" percent="0" />
    </mem>
    <mem type="tenure" free="1927168" total="20185088" percent="9">
      <mem type="soa" free="1725440" total="19983360" percent="8" />
      <mem type="loa" free="201728" total="201728" percent="100" />
    </mem>
    <remembered-set count="128" />
  </mem-info>
</gc-start>
<allocation-stats totalBytes="122305376" >
  <allocated-bytes non-tlh="80" tlh="122305296" />
  <largest-consumer threadName="main" threadId="00000000021F7F00" bytes="122305376" />
</allocation-stats>
<gc-op id="3557" type="scavenge" timems="0.931" contextid="3554" timestamp="2019-08-08T09:55:56.896">
  <scavenger-info tenureage="3" tenuremask="e028" tiltratio="89" />
  <memory-copied type="nursery" objects="41" bytes="1672" bytesdiscarded="30584" />
  <memory-copied type="tenure" objects="30" bytes="680" bytesdiscarded="0" />
</gc-op>
<gc-end id="3558" type="scavenge" contextid="3554" durationms="1.457" usertimems="1.570" systemtimems="0.000" timestamp="2019-08-08T09:55:56.896" activeThreads="16">
  <mem-info id="3559" free="124316160" total="156237824" percent="79">
    <mem type="nursery" free="122388992" total="136052736" percent="89">
      <mem type="allocate" free="122388992" total="122421248" percent="99" />
      <mem type="survivor" free="0" total="13631488" percent="0" />
    </mem>
    <mem type="tenure" free="1927168" total="20185088" percent="9" macro-fragmented="0">
      <mem type="soa" free="1725440" total="19983360" percent="8" />
      <mem type="loa" free="201728" total="201728" percent="100" />
    </mem>
    <remembered-set count="118" />
  </mem-info>
</gc-end>
<cycle-end id="3560" type="scavenge" contextid="3554" timestamp="2019-08-08T09:55:56.896" />
  <attribute name="elasticGC enabled" value="1" />
  <attribute name= "numThreadsSpecified" value="16" />
  <attribute name="heapSize specified" value="51511296" />
  <attribute name="Current GC Util" value="4" />
  <attribute name= "Current Time Running" value="148747" />
  <attribute name ="GC Interval" value="2841" />
  <attribute name="Target GC Util Change" value ="80.000000" />
  <attribute name="Current GC Util Change" value="4.000000"/>
  <attribute name="Current Error" value="462.000000" />
  <attribute name="Output H" value="156314040"/>
  <attribute name="Output I" value="2840"/>
  <attribute name="Output T" value="16"/>
  <attribute name= "Current Time Running" value="148747" />
  <attribute name="GC Util currently" value="4" />
  <attribute name="CPU Util currently" value="8689869277" />
<allocation-satisfied id="3561" threadId="00000000021F7F00" bytesRequested="40" />
<af-end id="3562" timestamp="2019-08-08T09:55:56.896" threadId="00000000021F8888" success="true" from="nursery"/>
<exclusive-end id="3563" timestamp="2019-08-08T09:55:56.896" durationms="1.701" />

<exclusive-start id="3564" timestamp="2019-08-08T09:55:56.915" intervalms="20.408">
  <response-info timems="0.018" idlems="0.018" threads="0" lastid="00000000021F7F00" lastname="main" />
</exclusive-start>
<af-start id="3565" threadId="00000000021F8888" totalBytesRequested="32" timestamp="2019-08-08T09:55:56.915" intervalms="20.406" type="nursery" />
<cycle-start id="3566" type="scavenge" contextid="0" timestamp="2019-08-08T09:55:56.915" intervalms="20.402" />
<gc-start id="3567" type="scavenge" contextid="3566" timestamp="2019-08-08T09:55:56.915">
  <mem-info id="3568" free="1927168" total="156237824" percent="1">
    <mem type="nursery" free="0" total="136052736" percent="0">
      <mem type="allocate" free="0" total="122421248" percent="0" />
      <mem type="survivor" free="0" total="13631488" percent="0" />
    </mem>
    <mem type="tenure" free="1927168" total="20185088" percent="9">
      <mem type="soa" free="1725440" total="19983360" percent="8" />
      <mem type="loa" free="201728" total="201728" percent="100" />
    </mem>
    <remembered-set count="118" />
  </mem-info>
</gc-start>
<allocation-stats totalBytes="122221296" >
  <allocated-bytes non-tlh="40" tlh="122221256" />
  <largest-consumer threadName="main" threadId="00000000021F7F00" bytes="122221296" />
</allocation-stats>
<gc-op id="3569" type="scavenge" timems="0.658" contextid="3566" timestamp="2019-08-08T09:55:56.916">
  <scavenger-info tenureage="14" tenuremask="4000" tiltratio="89" />
  <memory-copied type="nursery" objects="40" bytes="1640" bytesdiscarded="30616" />
</gc-op>
<gc-end id="3570" type="scavenge" contextid="3566" durationms="1.153" usertimems="1.675" systemtimems="0.000" timestamp="2019-08-08T09:55:56.916" activeThreads="16">
  <mem-info id="3571" free="124316160" total="156237824" percent="79">
    <mem type="nursery" free="122388992" total="136052736" percent="89">
      <mem type="allocate" free="122388992" total="122421248" percent="99" />
      <mem type="survivor" free="0" total="13631488" percent="0" />
    </mem>
    <mem type="tenure" free="1927168" total="20185088" percent="9" macro-fragmented="0">
      <mem type="soa" free="1725440" total="19983360" percent="8" />
      <mem type="loa" free="201728" total="201728" percent="100" />
    </mem>
    <remembered-set count="118" />
  </mem-info>
</gc-end>
<cycle-end id="3572" type="scavenge" contextid="3566" timestamp="2019-08-08T09:55:56.916" />
  <attribute name="elasticGC enabled" value="1" />
  <attribute name= "numThreadsSpecified" value="16" />
  <attribute name="heapSize specified" value="51511296" />
  <attribute name="Current GC Util" value="7" />
  <attribute name= "Current Time Running" value="148767" />
  <attribute name ="GC Interval" value="2145" />
  <attribute name="Target GC Util Change" value ="80.000000" />
  <attribute name="Current GC Util Change" value="7.000000"/>
  <attribute name="Current Error" value="73.000000" />
  <attribute name="Output H" value="156313592"/>
  <attribute name="Output I" value="2144"/>
  <attribute name="Output T" value="16"/>
  <attribute name= "Current Time Running" value="148767" />
  <attribute name="GC Util currently" value="7" />
  <attribute name="CPU Util currently" value="56556070756" />
<allocation-satisfied id="3573" threadId="00000000021F7F00" bytesRequested="32" />
<af-end id="3574" timestamp="2019-08-08T09:55:56.916" threadId="00000000021F8888" success="true" from="nursery"/>
<exclusive-end id="3575" timestamp="2019-08-08T09:55:56.916" durationms="1.375" />

* Round 2 done in 2.685 seconds.
<exclusive-start id="3576" timestamp="2019-08-08T09:55:57.162" intervalms="247.589">
  <response-info timems="0.024" idlems="0.024" threads="0" lastid="00000000021F7F00" lastname="main" />
</exclusive-start>
<af-start id="3577" threadId="00000000021F8888" totalBytesRequested="1168" timestamp="2019-08-08T09:55:57.163" intervalms="247.590" type="nursery" />
<cycle-start id="3578" type="scavenge" contextid="0" timestamp="2019-08-08T09:55:57.163" intervalms="247.593" />
<gc-start id="3579" type="scavenge" contextid="3578" timestamp="2019-08-08T09:55:57.163">
  <mem-info id="3580" free="1927168" total="156237824" percent="1">
    <mem type="nursery" free="0" total="136052736" percent="0">
      <mem type="allocate" free="0" total="122421248" percent="0" />
      <mem type="survivor" free="0" total="13631488" percent="0" />
    </mem>
    <mem type="tenure" free="1927168" total="20185088" percent="9">
      <mem type="soa" free="1725440" total="19983360" percent="8" />
      <mem type="loa" free="201728" total="201728" percent="100" />
    </mem>
    <remembered-set count="139" />
  </mem-info>
</gc-start>
<allocation-stats totalBytes="122170848" >
  <allocated-bytes non-tlh="32" tlh="122170816" />
  <largest-consumer threadName="main" threadId="00000000021F7F00" bytes="122170848" />
</allocation-stats>
<gc-op id="3581" type="scavenge" timems="1.039" contextid="3578" timestamp="2019-08-08T09:55:57.164">
  <scavenger-info tenureage="4" tenuremask="c010" tiltratio="89" />
  <memory-copied type="nursery" objects="93" bytes="3680" bytesdiscarded="28576" />
  <memory-copied type="tenure" objects="18" bytes="408" bytesdiscarded="0" />
</gc-op>
<gc-end id="3582" type="scavenge" contextid="3578" durationms="1.594" usertimems="2.005" systemtimems="0.000" timestamp="2019-08-08T09:55:57.164" activeThreads="16">
  <mem-info id="3583" free="124316160" total="156237824" percent="79">
    <mem type="nursery" free="122388992" total="136052736" percent="89">
      <mem type="allocate" free="122388992" total="122421248" percent="99" />
      <mem type="survivor" free="0" total="13631488" percent="0" />
    </mem>
    <mem type="tenure" free="1927168" total="20185088" percent="9" macro-fragmented="0">
      <mem type="soa" free="1725440" total="19983360" percent="8" />
      <mem type="loa" free="201728" total="201728" percent="100" />
    </mem>
    <remembered-set count="133" />
  </mem-info>
</gc-end>
<cycle-end id="3584" type="scavenge" contextid="3578" timestamp="2019-08-08T09:55:57.164" />
  <attribute name="elasticGC enabled" value="1" />
  <attribute name= "numThreadsSpecified" value="16" />
  <attribute name="heapSize specified" value="51511296" />
  <attribute name="Current GC Util" value="0" />
  <attribute name= "Current Time Running" value="149015" />
  <attribute name ="GC Interval" value="2289" />
  <attribute name="Target GC Util Change" value ="80.000000" />
  <attribute name="Current GC Util Change" value="0.000000"/>
  <attribute name="Current Error" value="153.000000" />
  <attribute name="Output H" value="156313680"/>
  <attribute name="Output I" value="2288"/>
  <attribute name="Output T" value="16"/>
  <attribute name= "Current Time Running" value="149015" />
  <attribute name="GC Util currently" value="0" />
  <attribute name="CPU Util currently" value="4655876183" />
<allocation-satisfied id="3585" threadId="00000000021F7F00" bytesRequested="1168" />
<af-end id="3586" timestamp="2019-08-08T09:55:57.164" threadId="00000000021F8888" success="true" from="nursery"/>
<exclusive-end id="3587" timestamp="2019-08-08T09:55:57.164" durationms="1.848" />

<exclusive-start id="3588" timestamp="2019-08-08T09:55:57.178" intervalms="15.498">
  <response-info timems="0.022" idlems="0.022" threads="0" lastid="00000000021F7F00" lastname="main" />
</exclusive-start>
<af-start id="3589" threadId="00000000021F8888" totalBytesRequested="1168" timestamp="2019-08-08T09:55:57.178" intervalms="15.510" type="nursery" />
<cycle-start id="3590" type="scavenge" contextid="0" timestamp="2019-08-08T09:55:57.178" intervalms="15.510" />
<gc-start id="3591" type="scavenge" contextid="3590" timestamp="2019-08-08T09:55:57.178">
  <mem-info id="3592" free="1927168" total="156237824" percent="1">
    <mem type="nursery" free="0" total="136052736" percent="0">
      <mem type="allocate" free="0" total="122421248" percent="0" />
      <mem type="survivor" free="0" total="13631488" percent="0" />
    </mem>
    <mem type="tenure" free="1927168" total="20185088" percent="9">
      <mem type="soa" free="1725440" total="19983360" percent="8" />
      <mem type="loa" free="201728" total="201728" percent="100" />
    </mem>
    <remembered-set count="133" />
  </mem-info>
</gc-start>
<allocation-stats totalBytes="121983880" >
  <allocated-bytes non-tlh="1168" tlh="121982712" />
  <largest-consumer threadName="main" threadId="00000000021F7F00" bytes="121983880" />
</allocation-stats>
<gc-op id="3593" type="scavenge" timems="1.031" contextid="3590" timestamp="2019-08-08T09:55:57.179">
  <scavenger-info tenureage="14" tenuremask="c000" tiltratio="89" />
  <memory-copied type="nursery" objects="94" bytes="3704" bytesdiscarded="28552" />
</gc-op>
<gc-end id="3594" type="scavenge" contextid="3590" durationms="1.412" usertimems="1.901" systemtimems="0.000" timestamp="2019-08-08T09:55:57.180" activeThreads="16">
  <mem-info id="3595" free="124316160" total="156237824" percent="79">
    <mem type="nursery" free="122388992" total="136052736" percent="89">
      <mem type="allocate" free="122388992" total="122421248" percent="99" />
      <mem type="survivor" free="0" total="13631488" percent="0" />
    </mem>
    <mem type="tenure" free="1927168" total="20185088" percent="9" macro-fragmented="0">
      <mem type="soa" free="1725440" total="19983360" percent="8" />
      <mem type="loa" free="201728" total="201728" percent="100" />
    </mem>
    <remembered-set count="132" />
  </mem-info>
</gc-end>
<cycle-end id="3596" type="scavenge" contextid="3590" timestamp="2019-08-08T09:55:57.180" />
  <attribute name="elasticGC enabled" value="1" />
  <attribute name= "numThreadsSpecified" value="16" />
  <attribute name="heapSize specified" value="51511296" />
  <attribute name="Current GC Util" value="11" />
  <attribute name= "Current Time Running" value="149030" />
  <attribute name ="GC Interval" value="2409" />
  <attribute name="Target GC Util Change" value ="80.000000" />
  <attribute name="Current GC Util Change" value="11.000000"/>
  <attribute name="Current Error" value="222.000000" />
  <attribute name="Output H" value="156313760"/>
  <attribute name="Output I" value="2408"/>
  <attribute name="Output T" value="16"/>
  <attribute name= "Current Time Running" value="149030" />
  <attribute name="GC Util currently" value="11" />
  <attribute name="CPU Util currently" value="74352648494" />
<allocation-satisfied id="3597" threadId="00000000021F7F00" bytesRequested="1168" />
<af-end id="3598" timestamp="2019-08-08T09:55:57.180" threadId="00000000021F8888" success="true" from="nursery"/>
<exclusive-end id="3599" timestamp="2019-08-08T09:55:57.180" durationms="1.667" />

<exclusive-start id="3600" timestamp="2019-08-08T09:55:57.193" intervalms="15.354">
  <response-info timems="0.021" idlems="0.021" threads="0" lastid="00000000021F7F00" lastname="main" />
</exclusive-start>
<af-start id="3601" threadId="00000000021F8888" totalBytesRequested="1168" timestamp="2019-08-08T09:55:57.193" intervalms="15.332" type="nursery" />
<cycle-start id="3602" type="scavenge" contextid="0" timestamp="2019-08-08T09:55:57.193" intervalms="15.332" />
<gc-start id="3603" type="scavenge" contextid="3602" timestamp="2019-08-08T09:55:57.193">
  <mem-info id="3604" free="1927168" total="156237824" percent="1">
    <mem type="nursery" free="0" total="136052736" percent="0">
      <mem type="allocate" free="0" total="122421248" percent="0" />
      <mem type="survivor" free="0" total="13631488" percent="0" />
    </mem>
    <mem type="tenure" free="1927168" total="20185088" percent="9">
      <mem type="soa" free="1725440" total="19983360" percent="8" />
      <mem type="loa" free="201728" total="201728" percent="100" />
    </mem>
    <remembered-set count="132" />
  </mem-info>
</gc-start>
<allocation-stats totalBytes="121984696" >
  <allocated-bytes non-tlh="1168" tlh="121983528" />
  <largest-consumer threadName="main" threadId="00000000021F7F00" bytes="121984696" />
</allocation-stats>
<gc-op id="3605" type="scavenge" timems="1.680" contextid="3602" timestamp="2019-08-08T09:55:57.195">
  <scavenger-info tenureage="2" tenuremask="c004" tiltratio="89" />
  <memory-copied type="nursery" objects="8" bytes="192" bytesdiscarded="32064" />
  <memory-copied type="tenure" objects="86" bytes="3512" bytesdiscarded="360" />
</gc-op>
<heap-resize id="3606" type="expand" space="nursery" amount="9699328" count="1" timems="0.016" reason="excessive time being spent scavenging" timestamp="2019-08-08T09:55:57.195" />
<gc-end id="3607" type="scavenge" contextid="3602" durationms="2.187" usertimems="2.326" systemtimems="0.000" timestamp="2019-08-08T09:55:57.196" activeThreads="16">
  <mem-info id="3608" free="133016320" total="165937152" percent="80">
    <mem type="nursery" free="131105280" total="145752064" percent="89">
      <mem type="allocate" free="131105280" total="131137536" percent="99" />
      <mem type="survivor" free="0" total="14614528" percent="0" />
    </mem>
    <mem type="tenure" free="1911040" total="20185088" percent="9" macro-fragmented="0">
      <mem type="soa" free="1709312" total="19983360" percent="8" />
      <mem type="loa" free="201728" total="201728" percent="100" />
    </mem>
    <remembered-set count="121" />
  </mem-info>
</gc-end>
<cycle-end id="3609" type="scavenge" contextid="3602" timestamp="2019-08-08T09:55:57.196" />
  <attribute name="elasticGC enabled" value="1" />
  <attribute name= "numThreadsSpecified" value="16" />
  <attribute name="heapSize specified" value="51511296" />
  <attribute name="Current GC Util" value="12" />
  <attribute name= "Current Time Running" value="149046" />
  <attribute name ="GC Interval" value="2529" />
  <attribute name="Target GC Util Change" value ="80.000000" />
  <attribute name="Current GC Util Change" value="12.000000"/>
  <attribute name="Current Error" value="290.000000" />
  <attribute name="Output H" value="156313840"/>
  <attribute name="Output I" value="2528"/>
  <attribute name="Output T" value="16"/>
  <attribute name= "Current Time Running" value="149046" />
  <attribute name="GC Util currently" value="12" />
  <attribute name="CPU Util currently" value="75031360860" />
<allocation-satisfied id="3610" threadId="00000000021F7F00" bytesRequested="1168" />
<af-end id="3611" timestamp="2019-08-08T09:55:57.196" threadId="00000000021F8888" success="true" from="nursery"/>
<exclusive-end id="3612" timestamp="2019-08-08T09:55:57.196" durationms="2.457" />

<exclusive-start id="3613" timestamp="2019-08-08T09:55:57.215" intervalms="21.538">
  <response-info timems="0.022" idlems="0.022" threads="0" lastid="00000000021F7F00" lastname="main" />
</exclusive-start>
<af-start id="3614" threadId="00000000021F8888" totalBytesRequested="1168" timestamp="2019-08-08T09:55:57.215" intervalms="21.545" type="nursery" />
<cycle-start id="3615" type="scavenge" contextid="0" timestamp="2019-08-08T09:55:57.215" intervalms="21.550" />
<gc-start id="3616" type="scavenge" contextid="3615" timestamp="2019-08-08T09:55:57.215">
  <mem-info id="3617" free="1911040" total="165937152" percent="1">
    <mem type="nursery" free="0" total="145752064" percent="0">
      <mem type="allocate" free="0" total="131137536" percent="0" />
      <mem type="survivor" free="0" total="14614528" percent="0" />
    </mem>
    <mem type="tenure" free="1911040" total="20185088" percent="9">
      <mem type="soa" free="1709312" total="19983360" percent="8" />
      <mem type="loa" free="201728" total="201728" percent="100" />
    </mem>
    <remembered-set count="121" />
  </mem-info>
</gc-start>
<allocation-stats totalBytes="130672472" >
  <allocated-bytes non-tlh="1168" tlh="130671304" />
  <largest-consumer threadName="main" threadId="00000000021F7F00" bytes="130672472" />
</allocation-stats>
<gc-op id="3618" type="scavenge" timems="0.957" contextid="3615" timestamp="2019-08-08T09:55:57.216">
  <scavenger-info tenureage="5" tenuremask="e020" tiltratio="89" />
  <memory-copied type="nursery" objects="2" bytes="56" bytesdiscarded="32200" />
  <memory-copied type="tenure" objects="6" bytes="136" bytesdiscarded="0" />
</gc-op>
<gc-end id="3619" type="scavenge" contextid="3615" durationms="1.447" usertimems="2.143" systemtimems="0.000" timestamp="2019-08-08T09:55:57.216" activeThreads="16">
  <mem-info id="3620" free="133000192" total="165937152" percent="80">
    <mem type="nursery" free="131105280" total="145752064" percent="89">
      <mem type="allocate" free="131105280" total="131137536" percent="99" />
      <mem type="survivor" free="0" total="14614528" percent="0" />
    </mem>
    <mem type="tenure" free="1894912" total="20185088" percent="9" macro-fragmented="0">
      <mem type="soa" free="1693184" total="19983360" percent="8" />
      <mem type="loa" free="201728" total="201728" percent="100" />
    </mem>
    <remembered-set count="119" />
  </mem-info>
</gc-end>
<cycle-end id="3621" type="scavenge" contextid="3615" timestamp="2019-08-08T09:55:57.216" />
  <attribute name="elasticGC enabled" value="1" />
  <attribute name= "numThreadsSpecified" value="16" />
  <attribute name="heapSize specified" value="51511296" />
  <attribute name="Current GC Util" value="10" />
  <attribute name= "Current Time Running" value="149067" />
  <attribute name ="GC Interval" value="2657" />
  <attribute name="Target GC Util Change" value ="80.000000" />
  <attribute name="Current GC Util Change" value="10.000000"/>
  <attribute name="Current Error" value="360.000000" />
  <attribute name="Output H" value="166013248"/>
  <attribute name="Output I" value="2656"/>
  <attribute name="Output T" value="16"/>
  <attribute name= "Current Time Running" value="149067" />
  <attribute name="GC Util currently" value="10" />
  <attribute name="CPU Util currently" value="53622433368" />
<allocation-satisfied id="3622" threadId="00000000021F7F00" bytesRequested="1168" />
<af-end id="3623" timestamp="2019-08-08T09:55:57.217" threadId="00000000021F8888" success="true" from="nursery"/>
<exclusive-end id="3624" timestamp="2019-08-08T09:55:57.217" durationms="1.689" />

<exclusive-start id="3625" timestamp="2019-08-08T09:55:57.234" intervalms="19.035">
  <response-info timems="0.046" idlems="0.046" threads="0" lastid="00000000021F7F00" lastname="main" />
</exclusive-start>
<af-start id="3626" threadId="00000000021F8888" totalBytesRequested="1168" timestamp="2019-08-08T09:55:57.234" intervalms="19.051" type="nursery" />
<cycle-start id="3627" type="scavenge" contextid="0" timestamp="2019-08-08T09:55:57.234" intervalms="19.052" />
<gc-start id="3628" type="scavenge" contextid="3627" timestamp="2019-08-08T09:55:57.234">
  <mem-info id="3629" free="1894912" total="165937152" percent="1">
    <mem type="nursery" free="0" total="145752064" percent="0">
      <mem type="allocate" free="0" total="131137536" percent="0" />
      <mem type="survivor" free="0" total="14614528" percent="0" />
    </mem>
    <mem type="tenure" free="1894912" total="20185088" percent="9">
      <mem type="soa" free="1693184" total="19983360" percent="8" />
      <mem type="loa" free="201728" total="201728" percent="100" />
    </mem>
    <remembered-set count="119" />
  </mem-info>
</gc-start>
<allocation-stats totalBytes="130672448" >
  <allocated-bytes non-tlh="1168" tlh="130671280" />
  <largest-consumer threadName="main" threadId="00000000021F7F00" bytes="130672448" />
</allocation-stats>
<gc-op id="3630" type="scavenge" timems="0.908" contextid="3627" timestamp="2019-08-08T09:55:57.235">
  <scavenger-info tenureage="10" tenuremask="f400" tiltratio="89" />
  <memory-copied type="nursery" objects="2" bytes="56" bytesdiscarded="32200" />
</gc-op>
<gc-end id="3631" type="scavenge" contextid="3627" durationms="1.414" usertimems="1.938" systemtimems="0.000" timestamp="2019-08-08T09:55:57.235" activeThreads="16">
  <mem-info id="3632" free="133000192" total="165937152" percent="80">
    <mem type="nursery" free="131105280" total="145752064" percent="89">
      <mem type="allocate" free="131105280" total="131137536" percent="99" />
      <mem type="survivor" free="0" total="14614528" percent="0" />
    </mem>
    <mem type="tenure" free="1894912" total="20185088" percent="9" macro-fragmented="0">
      <mem type="soa" free="1693184" total="19983360" percent="8" />
      <mem type="loa" free="201728" total="201728" percent="100" />
    </mem>
    <remembered-set count="119" />
  </mem-info>
</gc-end>
<cycle-end id="3633" type="scavenge" contextid="3627" timestamp="2019-08-08T09:55:57.236" />
  <attribute name="elasticGC enabled" value="1" />
  <attribute name= "numThreadsSpecified" value="16" />
  <attribute name="heapSize specified" value="51511296" />
  <attribute name="Current GC Util" value="10" />
  <attribute name= "Current Time Running" value="149086" />
  <attribute name ="GC Interval" value="2777" />
  <attribute name="Target GC Util Change" value ="80.000000" />
  <attribute name="Current GC Util Change" value="10.000000"/>
  <attribute name="Current Error" value="430.000000" />
  <attribute name="Output H" value="166013328"/>
  <attribute name="Output I" value="2776"/>
  <attribute name="Output T" value="16"/>
  <attribute name= "Current Time Running" value="149086" />
  <attribute name="GC Util currently" value="10" />
  <attribute name="CPU Util currently" value="60456527784" />
<allocation-satisfied id="3634" threadId="00000000021F7F00" bytesRequested="1168" />
<af-end id="3635" timestamp="2019-08-08T09:55:57.236" threadId="00000000021F8888" success="true" from="nursery"/>
<exclusive-end id="3636" timestamp="2019-08-08T09:55:57.236" durationms="1.682" />

<exclusive-start id="3637" timestamp="2019-08-08T09:55:57.255" intervalms="20.632">
  <response-info timems="0.020" idlems="0.020" threads="0" lastid="00000000021F7F00" lastname="main" />
</exclusive-start>
<af-start id="3638" threadId="00000000021F8888" totalBytesRequested="1168" timestamp="2019-08-08T09:55:57.255" intervalms="20.634" type="nursery" />
<cycle-start id="3639" type="scavenge" contextid="0" timestamp="2019-08-08T09:55:57.255" intervalms="20.630" />
<gc-start id="3640" type="scavenge" contextid="3639" timestamp="2019-08-08T09:55:57.255">
  <mem-info id="3641" free="1894912" total="165937152" percent="1">
    <mem type="nursery" free="0" total="145752064" percent="0">
      <mem type="allocate" free="0" total="131137536" percent="0" />
      <mem type="survivor" free="0" total="14614528" percent="0" />
    </mem>
    <mem type="tenure" free="1894912" total="20185088" percent="9">
      <mem type="soa" free="1693184" total="19983360" percent="8" />
      <mem type="loa" free="201728" total="201728" percent="100" />
    </mem>
    <remembered-set count="124" />
  </mem-info>
</gc-start>
<allocation-stats totalBytes="130431712" >
  <allocated-bytes non-tlh="1168" tlh="130430544" />
  <largest-consumer threadName="main" threadId="00000000021F7F00" bytes="130431712" />
</allocation-stats>
<gc-op id="3642" type="scavenge" timems="0.792" contextid="3639" timestamp="2019-08-08T09:55:57.255">
  <scavenger-info tenureage="3" tenuremask="fff8" tiltratio="89" />
  <memory-copied type="nursery" objects="28" bytes="1968" bytesdiscarded="30288" />
</gc-op>
<gc-end id="3643" type="scavenge" contextid="3639" durationms="1.389" usertimems="1.759" systemtimems="0.000" timestamp="2019-08-08T09:55:57.256" activeThreads="16">
  <mem-info id="3644" free="133000192" total="165937152" percent="80">
    <mem type="nursery" free="131105280" total="145752064" percent="89">
      <mem type="allocate" free="131105280" total="131137536" percent="99" />
      <mem type="survivor" free="0" total="14614528" percent="0" />
    </mem>
    <mem type="tenure" free="1894912" total="20185088" percent="9" macro-fragmented="0">
      <mem type="soa" free="1693184" total="19983360" percent="8" />
      <mem type="loa" free="201728" total="201728" percent="100" />
    </mem>
    <remembered-set count="124" />
  </mem-info>
</gc-end>
<cycle-end id="3645" type="scavenge" contextid="3639" timestamp="2019-08-08T09:55:57.256" />
  <attribute name="elasticGC enabled" value="1" />
  <attribute name= "numThreadsSpecified" value="16" />
  <attribute name="heapSize specified" value="51511296" />
  <attribute name="Current GC Util" value="8" />
  <attribute name= "Current Time Running" value="149107" />
  <attribute name ="GC Interval" value="2137" />
  <attribute name="Target GC Util Change" value ="80.000000" />
  <attribute name="Current GC Util Change" value="8.000000"/>
  <attribute name="Current Error" value="72.000000" />
  <attribute name="Output H" value="166012920"/>
  <attribute name="Output I" value="2136"/>
  <attribute name="Output T" value="16"/>
  <attribute name= "Current Time Running" value="149107" />
  <attribute name="GC Util currently" value="8" />
  <attribute name="CPU Util currently" value="55929319817" />
<allocation-satisfied id="3646" threadId="00000000021F7F00" bytesRequested="1168" />
<af-end id="3647" timestamp="2019-08-08T09:55:57.256" threadId="00000000021F8888" success="true" from="nursery"/>
<exclusive-end id="3648" timestamp="2019-08-08T09:55:57.256" durationms="1.662" />

<exclusive-start id="3649" timestamp="2019-08-08T09:55:57.274" intervalms="19.165">
  <response-info timems="0.024" idlems="0.024" threads="0" lastid="00000000021F7F00" lastname="main" />
</exclusive-start>
<af-start id="3650" threadId="00000000021F8888" totalBytesRequested="1168" timestamp="2019-08-08T09:55:57.274" intervalms="19.146" type="nursery" />
<cycle-start id="3651" type="scavenge" contextid="0" timestamp="2019-08-08T09:55:57.274" intervalms="19.147" />
<gc-start id="3652" type="scavenge" contextid="3651" timestamp="2019-08-08T09:55:57.274">
  <mem-info id="3653" free="1894912" total="165937152" percent="1">
    <mem type="nursery" free="0" total="145752064" percent="0">
      <mem type="allocate" free="0" total="131137536" percent="0" />
      <mem type="survivor" free="0" total="14614528" percent="0" />
    </mem>
    <mem type="tenure" free="1894912" total="20185088" percent="9">
      <mem type="soa" free="1693184" total="19983360" percent="8" />
      <mem type="loa" free="201728" total="201728" percent="100" />
    </mem>
    <remembered-set count="124" />
  </mem-info>
</gc-start>
<allocation-stats totalBytes="130282664" >
  <allocated-bytes non-tlh="1168" tlh="130281496" />
  <largest-consumer threadName="main" threadId="00000000021F7F00" bytes="130282664" />
</allocation-stats>
<gc-op id="3654" type="scavenge" timems="3.401" contextid="3651" timestamp="2019-08-08T09:55:57.277">
  <scavenger-info tenureage="3" tenuremask="fff8" tiltratio="89" />
  <memory-copied type="nursery" objects="28" bytes="1968" bytesdiscarded="30288" />
</gc-op>
<heap-resize id="3655" type="expand" space="nursery" amount="11403264" count="1" timems="0.022" reason="excessive time being spent scavenging" timestamp="2019-08-08T09:55:57.278" />
<gc-end id="3656" type="scavenge" contextid="3651" durationms="4.107" usertimems="7.041" systemtimems="0.000" timestamp="2019-08-08T09:55:57.278" activeThreads="16">
  <mem-info id="3657" free="143223808" total="177340416" percent="80">
    <mem type="nursery" free="141328896" total="157155328" percent="89">
      <mem type="allocate" free="141328896" total="141361152" percent="99" />
      <mem type="survivor" free="0" total="15794176" percent="0" />
    </mem>
    <mem type="tenure" free="1894912" total="20185088" percent="9" macro-fragmented="0">
      <mem type="soa" free="1693184" total="19983360" percent="8" />
      <mem type="loa" free="201728" total="201728" percent="100" />
    </mem>
    <remembered-set count="114" />
  </mem-info>
</gc-end>
<cycle-end id="3658" type="scavenge" contextid="3651" timestamp="2019-08-08T09:55:57.278" />
  <attribute name="elasticGC enabled" value="1" />
  <attribute name= "numThreadsSpecified" value="16" />
  <attribute name="heapSize specified" value="51511296" />
  <attribute name="Current GC Util" value="8" />
  <attribute name= "Current Time Running" value="149126" />
  <attribute name ="GC Interval" value="2273" />
  <attribute name="Target GC Util Change" value ="80.000000" />
  <attribute name="Current GC Util Change" value="8.000000"/>
  <attribute name="Current Error" value="144.000000" />
  <attribute name="Output H" value="166013000"/>
  <attribute name="Output I" value="2272"/>
  <attribute name="Output T" value="16"/>
  <attribute name= "Current Time Running" value="149126" />
  <attribute name="GC Util currently" value="8" />
  <attribute name="CPU Util currently" value="60219675331" />
<allocation-satisfied id="3659" threadId="00000000021F7F00" bytesRequested="1168" />
<af-end id="3660" timestamp="2019-08-08T09:55:57.278" threadId="00000000021F8888" success="true" from="nursery"/>
<exclusive-end id="3661" timestamp="2019-08-08T09:55:57.278" durationms="4.343" />

<exclusive-start id="3662" timestamp="2019-08-08T09:55:57.300" intervalms="26.261">
  <response-info timems="0.022" idlems="0.022" threads="0" lastid="00000000021F7F00" lastname="main" />
</exclusive-start>
<af-start id="3663" threadId="00000000021F8888" totalBytesRequested="1168" timestamp="2019-08-08T09:55:57.300" intervalms="26.260" type="nursery" />
<cycle-start id="3664" type="scavenge" contextid="0" timestamp="2019-08-08T09:55:57.300" intervalms="26.261" />
<gc-start id="3665" type="scavenge" contextid="3664" timestamp="2019-08-08T09:55:57.300">
  <mem-info id="3666" free="1894912" total="177340416" percent="1">
    <mem type="nursery" free="0" total="157155328" percent="0">
      <mem type="allocate" free="0" total="141361152" percent="0" />
      <mem type="survivor" free="0" total="15794176" percent="0" />
    </mem>
    <mem type="tenure" free="1894912" total="20185088" percent="9">
      <mem type="soa" free="1693184" total="19983360" percent="8" />
      <mem type="loa" free="201728" total="201728" percent="100" />
    </mem>
    <remembered-set count="114" />
  </mem-info>
</gc-start>
<allocation-stats totalBytes="140443416" >
  <allocated-bytes non-tlh="1168" tlh="140442248" />
  <largest-consumer threadName="main" threadId="00000000021F7F00" bytes="140443416" />
</allocation-stats>
<gc-op id="3667" type="scavenge" timems="3.403" contextid="3664" timestamp="2019-08-08T09:55:57.304">
  <scavenger-info tenureage="3" tenuremask="fff8" tiltratio="89" />
  <memory-copied type="nursery" objects="28" bytes="1968" bytesdiscarded="30288" />
</gc-op>
<heap-resize id="3668" type="expand" space="nursery" amount="7995392" count="1" timems="0.021" reason="excessive time being spent scavenging" timestamp="2019-08-08T09:55:57.304" />
<gc-end id="3669" type="scavenge" contextid="3664" durationms="4.119" usertimems="8.241" systemtimems="0.000" timestamp="2019-08-08T09:55:57.304" activeThreads="16">
  <mem-info id="3670" free="150432768" total="185335808" percent="81">
    <mem type="nursery" free="148537856" total="165150720" percent="89">
      <mem type="allocate" free="148537856" total="148570112" percent="99" />
      <mem type="survivor" free="0" total="16580608" percent="0" />
    </mem>
    <mem type="tenure" free="1894912" total="20185088" percent="9" macro-fragmented="0">
      <mem type="soa" free="1693184" total="19983360" percent="8" />
      <mem type="loa" free="201728" total="201728" percent="100" />
    </mem>
    <remembered-set count="114" />
  </mem-info>
</gc-end>
<cycle-end id="3671" type="scavenge" contextid="3664" timestamp="2019-08-08T09:55:57.304" />
  <attribute name="elasticGC enabled" value="1" />
  <attribute name= "numThreadsSpecified" value="16" />
  <attribute name="heapSize specified" value="51511296" />
  <attribute name="Current GC Util" value="22" />
  <attribute name= "Current Time Running" value="149152" />
  <attribute name ="GC Interval" value="2369" />
  <attribute name="Target GC Util Change" value ="80.000000" />
  <attribute name="Current GC Util Change" value="22.000000"/>
  <attribute name="Current Error" value="202.000000" />
  <attribute name="Output H" value="177416336"/>
  <attribute name="Output I" value="2368"/>
  <attribute name="Output T" value="16"/>
  <attribute name= "Current Time Running" value="149152" />
  <attribute name="GC Util currently" value="22" />
  <attribute name="CPU Util currently" value="43836046193" />
<allocation-satisfied id="3672" threadId="00000000021F7F00" bytesRequested="1168" />
<af-end id="3673" timestamp="2019-08-08T09:55:57.304" threadId="00000000021F8888" success="true" from="nursery"/>
<exclusive-end id="3674" timestamp="2019-08-08T09:55:57.304" durationms="4.380" />

<exclusive-start id="3675" timestamp="2019-08-08T09:55:57.434" intervalms="134.183">
  <response-info timems="0.020" idlems="0.020" threads="0" lastid="00000000021F7F00" lastname="main" />
</exclusive-start>
<af-start id="3676" threadId="00000000021F8888" totalBytesRequested="312" timestamp="2019-08-08T09:55:57.434" intervalms="134.184" type="nursery" />
<cycle-start id="3677" type="scavenge" contextid="0" timestamp="2019-08-08T09:55:57.434" intervalms="134.178" />
<gc-start id="3678" type="scavenge" contextid="3677" timestamp="2019-08-08T09:55:57.434">
  <mem-info id="3679" free="1894912" total="185335808" percent="1">
    <mem type="nursery" free="0" total="165150720" percent="0">
      <mem type="allocate" free="0" total="148570112" percent="0" />
      <mem type="survivor" free="0" total="16580608" percent="0" />
    </mem>
    <mem type="tenure" free="1894912" total="20185088" percent="9">
      <mem type="soa" free="1693184" total="19983360" percent="8" />
      <mem type="loa" free="201728" total="201728" percent="100" />
    </mem>
    <remembered-set count="123" />
  </mem-info>
</gc-start>
<allocation-stats totalBytes="148500088" >
  <allocated-bytes non-tlh="1168" tlh="148498920" />
  <largest-consumer threadName="main" threadId="00000000021F7F00" bytes="148500088" />
</allocation-stats>
<gc-op id="3680" type="scavenge" timems="1.162" contextid="3677" timestamp="2019-08-08T09:55:57.435">
  <scavenger-info tenureage="3" tenuremask="fff8" tiltratio="89" />
  <memory-copied type="nursery" objects="78" bytes="2520" bytesdiscarded="61176" />
  <memory-copied type="tenure" objects="7" bytes="168" bytesdiscarded="0" />
  <references type="weak" candidates="37" cleared="7" enqueued="3" />
</gc-op>
<gc-end id="3681" type="scavenge" contextid="3677" durationms="1.507" usertimems="2.371" systemtimems="0.000" timestamp="2019-08-08T09:55:57.436" activeThreads="16">
  <mem-info id="3682" free="150466816" total="185335808" percent="81">
    <mem type="nursery" free="148571904" total="165150720" percent="89">
      <mem type="allocate" free="148571904" total="148635648" percent="99" />
      <mem type="survivor" free="0" total="16515072" percent="0" />
    </mem>
    <mem type="tenure" free="1894912" total="20185088" percent="9" macro-fragmented="0">
      <mem type="soa" free="1693184" total="19983360" percent="8" />
      <mem type="loa" free="201728" total="201728" percent="100" />
    </mem>
    <pending-finalizers system="0" default="0" reference="3" classloader="0" />
    <remembered-set count="119" />
  </mem-info>
</gc-end>
<cycle-end id="3683" type="scavenge" contextid="3677" timestamp="2019-08-08T09:55:57.436" />
  <attribute name="elasticGC enabled" value="1" />
  <attribute name= "numThreadsSpecified" value="16" />
  <attribute name="heapSize specified" value="51511296" />
  <attribute name="Current GC Util" value="6" />
  <attribute name= "Current Time Running" value="149286" />
  <attribute name ="GC Interval" value="2505" />
  <attribute name="Target GC Util Change" value ="80.000000" />
  <attribute name="Current GC Util Change" value="6.000000"/>
  <attribute name="Current Error" value="276.000000" />
  <attribute name="Output H" value="185411808"/>
  <attribute name="Output I" value="2504"/>
  <attribute name="Output T" value="16"/>
  <attribute name= "Current Time Running" value="149286" />
  <attribute name="GC Util currently" value="6" />
  <attribute name="CPU Util currently" value="8595562999" />
<allocation-satisfied id="3684" threadId="00000000021F7F00" bytesRequested="312" />
<af-end id="3685" timestamp="2019-08-08T09:55:57.436" threadId="00000000021F8888" success="true" from="nursery"/>
<exclusive-end id="3686" timestamp="2019-08-08T09:55:57.436" durationms="1.695" />

<exclusive-start id="3687" timestamp="2019-08-08T09:55:57.469" intervalms="34.446">
  <response-info timems="0.020" idlems="0.020" threads="0" lastid="00000000021F7F00" lastname="main" />
</exclusive-start>
<af-start id="3688" threadId="00000000021F8888" totalBytesRequested="32" timestamp="2019-08-08T09:55:57.469" intervalms="34.439" type="nursery" />
<cycle-start id="3689" type="scavenge" contextid="0" timestamp="2019-08-08T09:55:57.469" intervalms="34.482" />
<gc-start id="3690" type="scavenge" contextid="3689" timestamp="2019-08-08T09:55:57.469">
  <mem-info id="3691" free="1894912" total="185335808" percent="1">
    <mem type="nursery" free="0" total="165150720" percent="0">
      <mem type="allocate" free="0" total="148635648" percent="0" />
      <mem type="survivor" free="0" total="16515072" percent="0" />
    </mem>
    <mem type="tenure" free="1894912" total="20185088" percent="9">
      <mem type="soa" free="1693184" total="19983360" percent="8" />
      <mem type="loa" free="201728" total="201728" percent="100" />
    </mem>
    <remembered-set count="120" />
  </mem-info>
</gc-start>
<allocation-stats totalBytes="148496552" >
  <allocated-bytes non-tlh="312" tlh="148496240" />
  <largest-consumer threadName="main" threadId="00000000021F7F00" bytes="148496552" />
</allocation-stats>
<gc-op id="3692" type="scavenge" timems="1.665" contextid="3689" timestamp="2019-08-08T09:55:57.471">
  <scavenger-info tenureage="3" tenuremask="ffe8" tiltratio="90" />
  <memory-copied type="nursery" objects="77" bytes="2256" bytesdiscarded="62256" />
  <references type="weak" candidates="30" cleared="0" enqueued="0" />
</gc-op>
<gc-end id="3693" type="scavenge" contextid="3689" durationms="2.554" usertimems="4.125" systemtimems="0.000" timestamp="2019-08-08T09:55:57.471" activeThreads="16">
  <mem-info id="3694" free="150466048" total="185335808" percent="81">
    <mem type="nursery" free="148571136" total="165150720" percent="89">
      <mem type="allocate" free="148571136" total="148635648" percent="99" />
      <mem type="survivor" free="0" total="16515072" percent="0" />
    </mem>
    <mem type="tenure" free="1894912" total="20185088" percent="9" macro-fragmented="0">
      <mem type="soa" free="1693184" total="19983360" percent="8" />
      <mem type="loa" free="201728" total="201728" percent="100" />
    </mem>
    <remembered-set count="120" />
  </mem-info>
</gc-end>
<cycle-end id="3695" type="scavenge" contextid="3689" timestamp="2019-08-08T09:55:57.471" />
  <attribute name="elasticGC enabled" value="1" />
  <attribute name= "numThreadsSpecified" value="16" />
  <attribute name="heapSize specified" value="51511296" />
  <attribute name="Current GC Util" value="7" />
  <attribute name= "Current Time Running" value="149321" />
  <attribute name ="GC Interval" value="2633" />
  <attribute name="Target GC Util Change" value ="80.000000" />
  <attribute name="Current GC Util Change" value="7.000000"/>
  <attribute name="Current Error" value="349.000000" />
  <attribute name="Output H" value="185411896"/>
  <attribute name="Output I" value="2632"/>
  <attribute name="Output T" value="16"/>
  <attribute name= "Current Time Running" value="149321" />
  <attribute name="GC Util currently" value="7" />
  <attribute name="CPU Util currently" value="33093401654" />
<allocation-satisfied id="3696" threadId="00000000021F7F00" bytesRequested="32" />
<af-end id="3697" timestamp="2019-08-08T09:55:57.471" threadId="00000000021F8888" success="true" from="nursery"/>
<exclusive-end id="3698" timestamp="2019-08-08T09:55:57.471" durationms="2.862" />

<exclusive-start id="3699" timestamp="2019-08-08T09:55:57.507" intervalms="38.897">
  <response-info timems="0.016" idlems="0.016" threads="0" lastid="00000000021F7F00" lastname="main" />
</exclusive-start>
<af-start id="3700" threadId="00000000021F8888" totalBytesRequested="64" timestamp="2019-08-08T09:55:57.508" intervalms="38.900" type="nursery" />
<cycle-start id="3701" type="scavenge" contextid="0" timestamp="2019-08-08T09:55:57.508" intervalms="38.854" />
<gc-start id="3702" type="scavenge" contextid="3701" timestamp="2019-08-08T09:55:57.508">
  <mem-info id="3703" free="1894912" total="185335808" percent="1">
    <mem type="nursery" free="0" total="165150720" percent="0">
      <mem type="allocate" free="0" total="148635648" percent="0" />
      <mem type="survivor" free="0" total="16515072" percent="0" />
    </mem>
    <mem type="tenure" free="1894912" total="20185088" percent="9">
      <mem type="soa" free="1693184" total="19983360" percent="8" />
      <mem type="loa" free="201728" total="201728" percent="100" />
    </mem>
    <remembered-set count="124" />
  </mem-info>
</gc-start>
<allocation-stats totalBytes="148459808" >
  <allocated-bytes non-tlh="32" tlh="148459776" />
  <largest-consumer threadName="main" threadId="00000000021F7F00" bytes="148459808" />
</allocation-stats>
<gc-op id="3704" type="scavenge" timems="1.712" contextid="3701" timestamp="2019-08-08T09:55:57.509">
  <scavenger-info tenureage="3" tenuremask="fff8" tiltratio="90" />
  <memory-copied type="nursery" objects="103" bytes="3328" bytesdiscarded="52736" />
  <references type="weak" candidates="30" cleared="0" enqueued="0" />
</gc-op>
<gc-end id="3705" type="scavenge" contextid="3701" durationms="2.136" usertimems="2.664" systemtimems="0.000" timestamp="2019-08-08T09:55:57.510" activeThreads="16">
  <mem-info id="3706" free="150474496" total="185335808" percent="81">
    <mem type="nursery" free="148579584" total="165150720" percent="89">
      <mem type="allocate" free="148579584" total="148635648" percent="99" />
      <mem type="survivor" free="0" total="16515072" percent="0" />
    </mem>
    <mem type="tenure" free="1894912" total="20185088" percent="9" macro-fragmented="0">
      <mem type="soa" free="1693184" total="19983360" percent="8" />
      <mem type="loa" free="201728" total="201728" percent="100" />
    </mem>
    <remembered-set count="124" />
  </mem-info>
</gc-end>
<cycle-end id="3707" type="scavenge" contextid="3701" timestamp="2019-08-08T09:55:57.510" />
  <attribute name="elasticGC enabled" value="1" />
  <attribute name= "numThreadsSpecified" value="16" />
  <attribute name="heapSize specified" value="51511296" />
  <attribute name="Current GC Util" value="10" />
  <attribute name= "Current Time Running" value="149360" />
  <attribute name ="GC Interval" value="2761" />
  <attribute name="Target GC Util Change" value ="80.000000" />
  <attribute name="Current GC Util Change" value="10.000000"/>
  <attribute name="Current Error" value="419.000000" />
  <attribute name="Output H" value="185411976"/>
  <attribute name="Output I" value="2760"/>
  <attribute name="Output T" value="16"/>
  <attribute name= "Current Time Running" value="149360" />
  <attribute name="GC Util currently" value="10" />
  <attribute name="CPU Util currently" value="29954336968" />
<allocation-satisfied id="3708" threadId="00000000021F7F00" bytesRequested="64" />
<af-end id="3709" timestamp="2019-08-08T09:55:57.510" threadId="00000000021F8888" success="true" from="nursery"/>
<exclusive-end id="3710" timestamp="2019-08-08T09:55:57.510" durationms="2.332" />

<exclusive-start id="3711" timestamp="2019-08-08T09:55:57.757" intervalms="249.111">
  <response-info timems="0.024" idlems="0.024" threads="0" lastid="00000000021F7F00" lastname="main" />
</exclusive-start>
<af-start id="3712" threadId="00000000021F8888" totalBytesRequested="19024" timestamp="2019-08-08T09:55:57.757" intervalms="249.144" type="nursery" />
<cycle-start id="3713" type="scavenge" contextid="0" timestamp="2019-08-08T09:55:57.757" intervalms="249.155" />
<gc-start id="3714" type="scavenge" contextid="3713" timestamp="2019-08-08T09:55:57.757">
  <mem-info id="3715" free="1894912" total="185335808" percent="1">
    <mem type="nursery" free="0" total="165150720" percent="0">
      <mem type="allocate" free="0" total="148635648" percent="0" />
      <mem type="survivor" free="0" total="16515072" percent="0" />
    </mem>
    <mem type="tenure" free="1894912" total="20185088" percent="9">
      <mem type="soa" free="1693184" total="19983360" percent="8" />
      <mem type="loa" free="201728" total="201728" percent="100" />
    </mem>
    <remembered-set count="136" />
  </mem-info>
</gc-start>
<allocation-stats totalBytes="144499920" >
  <allocated-bytes non-tlh="64" tlh="144499856" />
  <largest-consumer threadName="main" threadId="00000000021F7F00" bytes="144499920" />
</allocation-stats>
<gc-op id="3716" type="scavenge" timems="1.460" contextid="3713" timestamp="2019-08-08T09:55:57.758">
  <scavenger-info tenureage="4" tenuremask="fff0" tiltratio="90" />
  <memory-copied type="nursery" objects="140" bytes="43296" bytesdiscarded="114800" />
  <references type="weak" candidates="30" cleared="0" enqueued="0" />
</gc-op>
<gc-end id="3717" type="scavenge" contextid="3713" durationms="1.879" usertimems="2.956" systemtimems="0.000" timestamp="2019-08-08T09:55:57.759" activeThreads="16">
  <mem-info id="3718" free="150372464" total="185335808" percent="81">
    <mem type="nursery" free="148477552" total="165150720" percent="89">
      <mem type="allocate" free="148477552" total="148635648" percent="99" />
      <mem type="survivor" free="0" total="16515072" percent="0" />
    </mem>
    <mem type="tenure" free="1894912" total="20185088" percent="9" macro-fragmented="0">
      <mem type="soa" free="1693184" total="19983360" percent="8" />
      <mem type="loa" free="201728" total="201728" percent="100" />
    </mem>
    <remembered-set count="136" />
  </mem-info>
</gc-end>
<cycle-end id="3719" type="scavenge" contextid="3713" timestamp="2019-08-08T09:55:57.759" />
  <attribute name="elasticGC enabled" value="1" />
  <attribute name= "numThreadsSpecified" value="16" />
  <attribute name="heapSize specified" value="51511296" />
  <attribute name="Current GC Util" value="1" />
  <attribute name= "Current Time Running" value="149609" />
  <attribute name ="GC Interval" value="2153" />
  <attribute name="Target GC Util Change" value ="80.000000" />
  <attribute name="Current GC Util Change" value="1.000000"/>
  <attribute name="Current Error" value="79.000000" />
  <attribute name="Output H" value="185411584"/>
  <attribute name="Output I" value="2152"/>
  <attribute name="Output T" value="16"/>
  <attribute name= "Current Time Running" value="149609" />
  <attribute name="GC Util currently" value="1" />
  <attribute name="CPU Util currently" value="4625005863" />
<allocation-satisfied id="3720" threadId="00000000021F7F00" bytesRequested="19024" />
<af-end id="3721" timestamp="2019-08-08T09:55:57.759" threadId="00000000021F8888" success="true" from="nursery"/>
<exclusive-end id="3722" timestamp="2019-08-08T09:55:57.759" durationms="2.224" />

<exclusive-start id="3723" timestamp="2019-08-08T09:55:58.010" intervalms="253.146">
  <response-info timems="0.018" idlems="0.018" threads="0" lastid="00000000021F7F00" lastname="main" />
</exclusive-start>
<af-start id="3724" threadId="00000000021F8888" totalBytesRequested="80" timestamp="2019-08-08T09:55:58.010" intervalms="253.118" type="nursery" />
<cycle-start id="3725" type="scavenge" contextid="0" timestamp="2019-08-08T09:55:58.010" intervalms="253.141" />
<gc-start id="3726" type="scavenge" contextid="3725" timestamp="2019-08-08T09:55:58.010">
  <mem-info id="3727" free="1894912" total="185335808" percent="1">
    <mem type="nursery" free="0" total="165150720" percent="0">
      <mem type="allocate" free="0" total="148635648" percent="0" />
      <mem type="survivor" free="0" total="16515072" percent="0" />
    </mem>
    <mem type="tenure" free="1894912" total="20185088" percent="9">
      <mem type="soa" free="1693184" total="19983360" percent="8" />
      <mem type="loa" free="201728" total="201728" percent="100" />
    </mem>
    <remembered-set count="152" />
  </mem-info>
</gc-start>
<allocation-stats totalBytes="148446728" >
  <allocated-bytes non-tlh="19024" tlh="148427704" />
  <largest-consumer threadName="main" threadId="00000000021F7F00" bytes="148446728" />
</allocation-stats>
<gc-op id="3728" type="scavenge" timems="0.812" contextid="3725" timestamp="2019-08-08T09:55:58.011">
  <scavenger-info tenureage="3" tenuremask="fff8" tiltratio="90" />
  <memory-copied type="nursery" objects="111" bytes="3136" bytesdiscarded="29120" />
  <memory-copied type="tenure" objects="61" bytes="1736" bytesdiscarded="0" />
</gc-op>
<gc-end id="3729" type="scavenge" contextid="3725" durationms="1.360" usertimems="2.504" systemtimems="0.000" timestamp="2019-08-08T09:55:58.011" activeThreads="16">
  <mem-info id="3730" free="150482176" total="185335808" percent="81">
    <mem type="nursery" free="148603392" total="165150720" percent="89">
      <mem type="allocate" free="148603392" total="148635648" percent="99" />
      <mem type="survivor" free="0" total="16515072" percent="0" />
    </mem>
    <mem type="tenure" free="1878784" total="20185088" percent="9" macro-fragmented="0">
      <mem type="soa" free="1677056" total="19983360" percent="8" />
      <mem type="loa" free="201728" total="201728" percent="100" />
    </mem>
    <remembered-set count="142" />
  </mem-info>
</gc-end>
<cycle-end id="3731" type="scavenge" contextid="3725" timestamp="2019-08-08T09:55:58.011" />
  <attribute name="elasticGC enabled" value="1" />
  <attribute name= "numThreadsSpecified" value="16" />
  <attribute name="heapSize specified" value="51511296" />
  <attribute name="Current GC Util" value="1" />
  <attribute name= "Current Time Running" value="149862" />
  <attribute name ="GC Interval" value="2297" />
  <attribute name="Target GC Util Change" value ="80.000000" />
  <attribute name="Current GC Util Change" value="1.000000"/>
  <attribute name="Current Error" value="158.000000" />
  <attribute name="Output H" value="185411672"/>
  <attribute name="Output I" value="2296"/>
  <attribute name="Output T" value="16"/>
  <attribute name= "Current Time Running" value="149862" />
  <attribute name="GC Util currently" value="1" />
  <attribute name="CPU Util currently" value="4556572821" />
<allocation-satisfied id="3732" threadId="00000000021F7F00" bytesRequested="80" />
<af-end id="3733" timestamp="2019-08-08T09:55:58.011" threadId="00000000021F8888" success="true" from="nursery"/>
<exclusive-end id="3734" timestamp="2019-08-08T09:55:58.011" durationms="1.584" />

<exclusive-start id="3735" timestamp="2019-08-08T09:55:58.183" intervalms="173.130">
  <response-info timems="0.023" idlems="0.023" threads="0" lastid="00000000021F7F00" lastname="main" />
</exclusive-start>
<af-start id="3736" threadId="00000000021F8888" totalBytesRequested="24" timestamp="2019-08-08T09:55:58.183" intervalms="173.120" type="nursery" />
<cycle-start id="3737" type="scavenge" contextid="0" timestamp="2019-08-08T09:55:58.183" intervalms="173.091" />
<gc-start id="3738" type="scavenge" contextid="3737" timestamp="2019-08-08T09:55:58.183">
  <mem-info id="3739" free="1878784" total="185335808" percent="1">
    <mem type="nursery" free="0" total="165150720" percent="0">
      <mem type="allocate" free="0" total="148635648" percent="0" />
      <mem type="survivor" free="0" total="16515072" percent="0" />
    </mem>
    <mem type="tenure" free="1878784" total="20185088" percent="9">
      <mem type="soa" free="1677056" total="19983360" percent="8" />
      <mem type="loa" free="201728" total="201728" percent="100" />
    </mem>
    <remembered-set count="152" />
  </mem-info>
</gc-start>
<allocation-stats totalBytes="148587160" >
  <allocated-bytes non-tlh="80" tlh="148587080" />
  <largest-consumer threadName="main" threadId="00000000021F7F00" bytes="148587160" />
</allocation-stats>
<gc-op id="3740" type="scavenge" timems="2.215" contextid="3737" timestamp="2019-08-08T09:55:58.185">
  <scavenger-info tenureage="3" tenuremask="ffd8" tiltratio="90" />
  <memory-copied type="nursery" objects="125" bytes="3408" bytesdiscarded="28848" />
  <memory-copied type="tenure" objects="12" bytes="288" bytesdiscarded="0" />
</gc-op>
<gc-end id="3741" type="scavenge" contextid="3737" durationms="2.731" usertimems="4.615" systemtimems="0.000" timestamp="2019-08-08T09:55:58.186" activeThreads="16">
  <mem-info id="3742" free="150482176" total="185335808" percent="81">
    <mem type="nursery" free="148603392" total="165150720" percent="89">
      <mem type="allocate" free="148603392" total="148635648" percent="99" />
      <mem type="survivor" free="0" total="16515072" percent="0" />
    </mem>
    <mem type="tenure" free="1878784" total="20185088" percent="9" macro-fragmented="0">
      <mem type="soa" free="1677056" total="19983360" percent="8" />
      <mem type="loa" free="201728" total="201728" percent="100" />
    </mem>
    <remembered-set count="148" />
  </mem-info>
</gc-end>
<cycle-end id="3743" type="scavenge" contextid="3737" timestamp="2019-08-08T09:55:58.186" />
  <attribute name="elasticGC enabled" value="1" />
  <attribute name= "numThreadsSpecified" value="16" />
  <attribute name="heapSize specified" value="51511296" />
  <attribute name="Current GC Util" value="1" />
  <attribute name= "Current Time Running" value="150035" />
  <attribute name ="GC Interval" value="2433" />
  <attribute name="Target GC Util Change" value ="80.000000" />
  <attribute name="Current GC Util Change" value="1.000000"/>
  <attribute name="Current Error" value="237.000000" />
  <attribute name="Output H" value="185411768"/>
  <attribute name="Output I" value="2432"/>
  <attribute name="Output T" value="16"/>
  <attribute name= "Current Time Running" value="150035" />
  <attribute name="GC Util currently" value="1" />
  <attribute name="CPU Util currently" value="6659756980" />
<allocation-satisfied id="3744" threadId="00000000021F7F00" bytesRequested="24" />
<af-end id="3745" timestamp="2019-08-08T09:55:58.186" threadId="00000000021F8888" success="true" from="nursery"/>
<exclusive-end id="3746" timestamp="2019-08-08T09:55:58.186" durationms="3.018" />

<exclusive-start id="3747" timestamp="2019-08-08T09:55:58.435" intervalms="252.014">
  <response-info timems="0.014" idlems="0.014" threads="0" lastid="00000000021F7F00" lastname="main" />
</exclusive-start>
<af-start id="3748" threadId="00000000021F8888" totalBytesRequested="32" timestamp="2019-08-08T09:55:58.435" intervalms="252.018" type="nursery" />
<cycle-start id="3749" type="scavenge" contextid="0" timestamp="2019-08-08T09:55:58.435" intervalms="252.014" />
<gc-start id="3750" type="scavenge" contextid="3749" timestamp="2019-08-08T09:55:58.435">
  <mem-info id="3751" free="1878784" total="185335808" percent="1">
    <mem type="nursery" free="0" total="165150720" percent="0">
      <mem type="allocate" free="0" total="148635648" percent="0" />
      <mem type="survivor" free="0" total="16515072" percent="0" />
    </mem>
    <mem type="tenure" free="1878784" total="20185088" percent="9">
      <mem type="soa" free="1677056" total="19983360" percent="8" />
      <mem type="loa" free="201728" total="201728" percent="100" />
    </mem>
    <remembered-set count="162" />
  </mem-info>
</gc-start>
<allocation-stats totalBytes="148593344" >
  <allocated-bytes non-tlh="24" tlh="148593320" />
  <largest-consumer threadName="main" threadId="00000000021F7F00" bytes="148593344" />
</allocation-stats>
<gc-op id="3752" type="scavenge" timems="1.233" contextid="3749" timestamp="2019-08-08T09:55:58.436">
  <scavenger-info tenureage="3" tenuremask="ffe8" tiltratio="90" />
  <memory-copied type="nursery" objects="132" bytes="3464" bytesdiscarded="28792" />
  <memory-copied type="tenure" objects="36" bytes="864" bytesdiscarded="0" />
</gc-op>
<gc-end id="3753" type="scavenge" contextid="3749" durationms="1.662" usertimems="2.018" systemtimems="0.000" timestamp="2019-08-08T09:55:58.437" activeThreads="16">
  <mem-info id="3754" free="150482176" total="185335808" percent="81">
    <mem type="nursery" free="148603392" total="165150720" percent="89">
      <mem type="allocate" free="148603392" total="148635648" percent="99" />
      <mem type="survivor" free="0" total="16515072" percent="0" />
    </mem>
    <mem type="tenure" free="1878784" total="20185088" percent="9" macro-fragmented="0">
      <mem type="soa" free="1677056" total="19983360" percent="8" />
      <mem type="loa" free="201728" total="201728" percent="100" />
    </mem>
    <remembered-set count="150" />
  </mem-info>
</gc-end>
<cycle-end id="3755" type="scavenge" contextid="3749" timestamp="2019-08-08T09:55:58.437" />
  <attribute name="elasticGC enabled" value="1" />
  <attribute name= "numThreadsSpecified" value="16" />
  <attribute name="heapSize specified" value="51511296" />
  <attribute name="Current GC Util" value="1" />
  <attribute name= "Current Time Running" value="150287" />
  <attribute name ="GC Interval" value="2577" />
  <attribute name="Target GC Util Change" value ="80.000000" />
  <attribute name="Current GC Util Change" value="1.000000"/>
  <attribute name="Current Error" value="316.000000" />
  <attribute name="Output H" value="185411856"/>
  <attribute name="Output I" value="2576"/>
  <attribute name="Output T" value="16"/>
  <attribute name= "Current Time Running" value="150287" />
  <attribute name="GC Util currently" value="1" />
  <attribute name="CPU Util currently" value="4575203611" />
<allocation-satisfied id="3756" threadId="00000000021F7F00" bytesRequested="32" />
<af-end id="3757" timestamp="2019-08-08T09:55:58.437" threadId="00000000021F8888" success="true" from="nursery"/>
<exclusive-end id="3758" timestamp="2019-08-08T09:55:58.437" durationms="1.848" />

<exclusive-start id="3759" timestamp="2019-08-08T09:55:58.625" intervalms="190.639">
  <response-info timems="0.020" idlems="0.020" threads="0" lastid="00000000021F7F00" lastname="main" />
</exclusive-start>
<af-start id="3760" threadId="00000000021F8888" totalBytesRequested="32" timestamp="2019-08-08T09:55:58.626" intervalms="190.639" type="nursery" />
<cycle-start id="3761" type="scavenge" contextid="0" timestamp="2019-08-08T09:55:58.626" intervalms="190.641" />
<gc-start id="3762" type="scavenge" contextid="3761" timestamp="2019-08-08T09:55:58.626">
  <mem-info id="3763" free="1878784" total="185335808" percent="1">
    <mem type="nursery" free="0" total="165150720" percent="0">
      <mem type="allocate" free="0" total="148635648" percent="0" />
      <mem type="survivor" free="0" total="16515072" percent="0" />
    </mem>
    <mem type="tenure" free="1878784" total="20185088" percent="9">
      <mem type="soa" free="1677056" total="19983360" percent="8" />
      <mem type="loa" free="201728" total="201728" percent="100" />
    </mem>
    <remembered-set count="158" />
  </mem-info>
</gc-start>
<allocation-stats totalBytes="148556560" >
  <allocated-bytes non-tlh="32" tlh="148556528" />
  <largest-consumer threadName="main" threadId="00000000021F7F00" bytes="148556560" />
</allocation-stats>
<gc-op id="3764" type="scavenge" timems="4.508" contextid="3761" timestamp="2019-08-08T09:55:58.630">
  <scavenger-info tenureage="3" tenuremask="ffe8" tiltratio="90" />
  <memory-copied type="nursery" objects="115" bytes="2920" bytesdiscarded="29336" />
  <memory-copied type="tenure" objects="41" bytes="1080" bytesdiscarded="0" />
</gc-op>
<gc-end id="3765" type="scavenge" contextid="3761" durationms="5.041" usertimems="7.405" systemtimems="0.000" timestamp="2019-08-08T09:55:58.631" activeThreads="16">
  <mem-info id="3766" free="150482176" total="185335808" percent="81">
    <mem type="nursery" free="148603392" total="165150720" percent="89">
      <mem type="allocate" free="148603392" total="148635648" percent="99" />
      <mem type="survivor" free="0" total="16515072" percent="0" />
    </mem>
    <mem type="tenure" free="1878784" total="20185088" percent="9" macro-fragmented="0">
      <mem type="soa" free="1677056" total="19983360" percent="8" />
      <mem type="loa" free="201728" total="201728" percent="100" />
    </mem>
    <remembered-set count="142" />
  </mem-info>
</gc-end>
<cycle-end id="3767" type="scavenge" contextid="3761" timestamp="2019-08-08T09:55:58.631" />
  <attribute name="elasticGC enabled" value="1" />
  <attribute name= "numThreadsSpecified" value="16" />
  <attribute name="heapSize specified" value="51511296" />
  <attribute name="Current GC Util" value="1" />
  <attribute name= "Current Time Running" value="150478" />
  <attribute name ="GC Interval" value="2721" />
  <attribute name="Target GC Util Change" value ="80.000000" />
  <attribute name="Current GC Util Change" value="1.000000"/>
  <attribute name="Current Error" value="395.000000" />
  <attribute name="Output H" value="185411944"/>
  <attribute name="Output I" value="2720"/>
  <attribute name="Output T" value="16"/>
  <attribute name= "Current Time Running" value="150478" />
  <attribute name="GC Util currently" value="1" />
  <attribute name="CPU Util currently" value="6046858442" />
<allocation-satisfied id="3768" threadId="00000000021F7F00" bytesRequested="32" />
<af-end id="3769" timestamp="2019-08-08T09:55:58.631" threadId="00000000021F8888" success="true" from="nursery"/>
<exclusive-end id="3770" timestamp="2019-08-08T09:55:58.631" durationms="5.373" />

<exclusive-start id="3771" timestamp="2019-08-08T09:55:58.664" intervalms="38.033">
  <response-info timems="0.014" idlems="0.014" threads="0" lastid="00000000021F7F00" lastname="main" />
</exclusive-start>
<af-start id="3772" threadId="00000000021F8888" totalBytesRequested="544" timestamp="2019-08-08T09:55:58.664" intervalms="38.033" type="nursery" />
<cycle-start id="3773" type="scavenge" contextid="0" timestamp="2019-08-08T09:55:58.664" intervalms="38.032" />
<gc-start id="3774" type="scavenge" contextid="3773" timestamp="2019-08-08T09:55:58.664">
  <mem-info id="3775" free="1878784" total="185335808" percent="1">
    <mem type="nursery" free="0" total="165150720" percent="0">
      <mem type="allocate" free="0" total="148635648" percent="0" />
      <mem type="survivor" free="0" total="16515072" percent="0" />
    </mem>
    <mem type="tenure" free="1878784" total="20185088" percent="9">
      <mem type="soa" free="1677056" total="19983360" percent="8" />
      <mem type="loa" free="201728" total="201728" percent="100" />
    </mem>
    <remembered-set count="144" />
  </mem-info>
</gc-start>
<allocation-stats totalBytes="148365312" >
  <allocated-bytes non-tlh="32" tlh="148365280" />
  <largest-consumer threadName="main" threadId="00000000021F7F00" bytes="148365312" />
</allocation-stats>
<gc-op id="3776" type="scavenge" timems="1.625" contextid="3773" timestamp="2019-08-08T09:55:58.665">
  <scavenger-info tenureage="3" tenuremask="ffe8" tiltratio="90" />
  <memory-copied type="nursery" objects="90" bytes="2864" bytesdiscarded="13264" />
  <memory-copied type="tenure" objects="30" bytes="720" bytesdiscarded="0" />
</gc-op>
<gc-end id="3777" type="scavenge" contextid="3773" durationms="2.058" usertimems="3.011" systemtimems="0.000" timestamp="2019-08-08T09:55:58.666" activeThreads="16">
  <mem-info id="3778" free="150498304" total="185335808" percent="81">
    <mem type="nursery" free="148619520" total="165150720" percent="89">
      <mem type="allocate" free="148619520" total="148635648" percent="99" />
      <mem type="survivor" free="0" total="16515072" percent="0" />
    </mem>
    <mem type="tenure" free="1878784" total="20185088" percent="9" macro-fragmented="2539">
      <mem type="soa" free="1677056" total="19983360" percent="8" />
      <mem type="loa" free="201728" total="201728" percent="100" />
    </mem>
    <remembered-set count="134" />
  </mem-info>
</gc-end>
<cycle-end id="3779" type="scavenge" contextid="3773" timestamp="2019-08-08T09:55:58.666" />
  <attribute name="elasticGC enabled" value="1" />
  <attribute name= "numThreadsSpecified" value="16" />
  <attribute name="heapSize specified" value="51511296" />
  <attribute name="Current GC Util" value="19" />
  <attribute name= "Current Time Running" value="150516" />
  <attribute name ="GC Interval" value="2825" />
  <attribute name="Target GC Util Change" value ="80.000000" />
  <attribute name="Current GC Util Change" value="19.000000"/>
  <attribute name="Current Error" value="456.000000" />
  <attribute name="Output H" value="185412016"/>
  <attribute name="Output I" value="2824"/>
  <attribute name="Output T" value="16"/>
  <attribute name= "Current Time Running" value="150516" />
  <attribute name="GC Util currently" value="19" />
  <attribute name="CPU Util currently" value="30315728445" />
<allocation-satisfied id="3780" threadId="00000000021F7F00" bytesRequested="544" />
<af-end id="3781" timestamp="2019-08-08T09:55:58.666" threadId="00000000021F8888" success="true" from="nursery"/>
<exclusive-end id="3782" timestamp="2019-08-08T09:55:58.666" durationms="2.300" />

<exclusive-start id="3783" timestamp="2019-08-08T09:55:58.778" intervalms="114.111">
  <response-info timems="0.028" idlems="0.028" threads="0" lastid="00000000021F7F00" lastname="main" />
</exclusive-start>
<af-start id="3784" threadId="00000000021F8888" totalBytesRequested="32" timestamp="2019-08-08T09:55:58.778" intervalms="114.134" type="nursery" />
<cycle-start id="3785" type="scavenge" contextid="0" timestamp="2019-08-08T09:55:58.778" intervalms="114.145" />
<gc-start id="3786" type="scavenge" contextid="3785" timestamp="2019-08-08T09:55:58.778">
  <mem-info id="3787" free="1878784" total="185335808" percent="1">
    <mem type="nursery" free="0" total="165150720" percent="0">
      <mem type="allocate" free="0" total="148635648" percent="0" />
      <mem type="survivor" free="0" total="16515072" percent="0" />
    </mem>
    <mem type="tenure" free="1878784" total="20185088" percent="9">
      <mem type="soa" free="1677056" total="19983360" percent="8" />
      <mem type="loa" free="201728" total="201728" percent="100" />
    </mem>
    <remembered-set count="140" />
  </mem-info>
</gc-start>
<allocation-stats totalBytes="148437752" >
  <allocated-bytes non-tlh="544" tlh="148437208" />
  <largest-consumer threadName="main" threadId="00000000021F7F00" bytes="148437752" />
</allocation-stats>
<gc-op id="3788" type="scavenge" timems="1.408" contextid="3785" timestamp="2019-08-08T09:55:58.779">
  <scavenger-info tenureage="3" tenuremask="ffe8" tiltratio="90" />
  <memory-copied type="nursery" objects="70" bytes="2336" bytesdiscarded="29920" />
  <memory-copied type="tenure" objects="42" bytes="1008" bytesdiscarded="0" />
</gc-op>
<gc-end id="3789" type="scavenge" contextid="3785" durationms="1.806" usertimems="3.008" systemtimems="0.000" timestamp="2019-08-08T09:55:58.780" activeThreads="16">
  <mem-info id="3790" free="150482176" total="185335808" percent="81">
    <mem type="nursery" free="148603392" total="165150720" percent="89">
      <mem type="allocate" free="148603392" total="148635648" percent="99" />
      <mem type="survivor" free="0" total="16515072" percent="0" />
    </mem>
    <mem type="tenure" free="1878784" total="20185088" percent="9" macro-fragmented="0">
      <mem type="soa" free="1677056" total="19983360" percent="8" />
      <mem type="loa" free="201728" total="201728" percent="100" />
    </mem>
    <remembered-set count="126" />
  </mem-info>
</gc-end>
<cycle-end id="3791" type="scavenge" contextid="3785" timestamp="2019-08-08T09:55:58.780" />
  <attribute name="elasticGC enabled" value="1" />
  <attribute name= "numThreadsSpecified" value="16" />
  <attribute name="heapSize specified" value="51511296" />
  <attribute name="Current GC Util" value="2" />
  <attribute name= "Current Time Running" value="150630" />
  <attribute name ="GC Interval" value="2153" />
  <attribute name="Target GC Util Change" value ="80.000000" />
  <attribute name="Current GC Util Change" value="2.000000"/>
  <attribute name="Current Error" value="78.000000" />
  <attribute name="Output H" value="185411584"/>
  <attribute name="Output I" value="2152"/>
  <attribute name="Output T" value="16"/>
  <attribute name= "Current Time Running" value="150630" />
  <attribute name="GC Util currently" value="2" />
  <attribute name="CPU Util currently" value="10100943095" />
<allocation-satisfied id="3792" threadId="00000000021F7F00" bytesRequested="32" />
<af-end id="3793" timestamp="2019-08-08T09:55:58.780" threadId="00000000021F8888" success="true" from="nursery"/>
<exclusive-end id="3794" timestamp="2019-08-08T09:55:58.780" durationms="2.067" />

<exclusive-start id="3795" timestamp="2019-08-08T09:55:58.960" intervalms="182.463">
  <response-info timems="0.020" idlems="0.020" threads="0" lastid="00000000021F7F00" lastname="main" />
</exclusive-start>
<af-start id="3796" threadId="00000000021F8888" totalBytesRequested="80" timestamp="2019-08-08T09:55:58.960" intervalms="182.459" type="nursery" />
<cycle-start id="3797" type="scavenge" contextid="0" timestamp="2019-08-08T09:55:58.960" intervalms="182.451" />
<gc-start id="3798" type="scavenge" contextid="3797" timestamp="2019-08-08T09:55:58.960">
  <mem-info id="3799" free="1878784" total="185335808" percent="1">
    <mem type="nursery" free="0" total="165150720" percent="0">
      <mem type="allocate" free="0" total="148635648" percent="0" />
      <mem type="survivor" free="0" total="16515072" percent="0" />
    </mem>
    <mem type="tenure" free="1878784" total="20185088" percent="9">
      <mem type="soa" free="1677056" total="19983360" percent="8" />
      <mem type="loa" free="201728" total="201728" percent="100" />
    </mem>
    <remembered-set count="132" />
  </mem-info>
</gc-start>
<allocation-stats totalBytes="148465032" >
  <allocated-bytes non-tlh="32" tlh="148465000" />
  <largest-consumer threadName="main" threadId="00000000021F7F00" bytes="148465032" />
</allocation-stats>
<gc-op id="3800" type="scavenge" timems="2.905" contextid="3797" timestamp="2019-08-08T09:55:58.963">
  <scavenger-info tenureage="3" tenuremask="ffe8" tiltratio="90" />
  <memory-copied type="nursery" objects="60" bytes="1752" bytesdiscarded="30504" />
  <memory-copied type="tenure" objects="24" bytes="576" bytesdiscarded="0" />
</gc-op>
<gc-end id="3801" type="scavenge" contextid="3797" durationms="3.363" usertimems="4.543" systemtimems="0.000" timestamp="2019-08-08T09:55:58.964" activeThreads="16">
  <mem-info id="3802" free="150482176" total="185335808" percent="81">
    <mem type="nursery" free="148603392" total="165150720" percent="89">
      <mem type="allocate" free="148603392" total="148635648" percent="99" />
      <mem type="survivor" free="0" total="16515072" percent="0" />
    </mem>
    <mem type="tenure" free="1878784" total="20185088" percent="9" macro-fragmented="0">
      <mem type="soa" free="1677056" total="19983360" percent="8" />
      <mem type="loa" free="201728" total="201728" percent="100" />
    </mem>
    <remembered-set count="124" />
  </mem-info>
</gc-end>
<cycle-end id="3803" type="scavenge" contextid="3797" timestamp="2019-08-08T09:55:58.964" />
  <attribute name="elasticGC enabled" value="1" />
  <attribute name= "numThreadsSpecified" value="16" />
  <attribute name="heapSize specified" value="51511296" />
  <attribute name="Current GC Util" value="1" />
  <attribute name= "Current Time Running" value="150812" />
  <attribute name ="GC Interval" value="2289" />
  <attribute name="Target GC Util Change" value ="80.000000" />
  <attribute name="Current GC Util Change" value="1.000000"/>
  <attribute name="Current Error" value="157.000000" />
  <attribute name="Output H" value="185411672"/>
  <attribute name="Output I" value="2288"/>
  <attribute name="Output T" value="16"/>
  <attribute name= "Current Time Running" value="150812" />
  <attribute name="GC Util currently" value="1" />
  <attribute name="CPU Util currently" value="6319648114" />
<allocation-satisfied id="3804" threadId="00000000021F7F00" bytesRequested="80" />
<af-end id="3805" timestamp="2019-08-08T09:55:58.964" threadId="00000000021F8888" success="true" from="nursery"/>
<exclusive-end id="3806" timestamp="2019-08-08T09:55:58.964" durationms="3.627" />

<exclusive-start id="3807" timestamp="2019-08-08T09:55:59.238" intervalms="277.556">
  <response-info timems="0.020" idlems="0.020" threads="0" lastid="00000000021F7F00" lastname="main" />
</exclusive-start>
<af-start id="3808" threadId="00000000021F8888" totalBytesRequested="80" timestamp="2019-08-08T09:55:59.238" intervalms="277.547" type="nursery" />
<cycle-start id="3809" type="scavenge" contextid="0" timestamp="2019-08-08T09:55:59.238" intervalms="277.544" />
<gc-start id="3810" type="scavenge" contextid="3809" timestamp="2019-08-08T09:55:59.238">
  <mem-info id="3811" free="1878784" total="185335808" percent="1">
    <mem type="nursery" free="0" total="165150720" percent="0">
      <mem type="allocate" free="0" total="148635648" percent="0" />
      <mem type="survivor" free="0" total="16515072" percent="0" />
    </mem>
    <mem type="tenure" free="1878784" total="20185088" percent="9">
      <mem type="soa" free="1677056" total="19983360" percent="8" />
      <mem type="loa" free="201728" total="201728" percent="100" />
    </mem>
    <remembered-set count="124" />
  </mem-info>
</gc-start>
<allocation-stats totalBytes="148576440" >
  <allocated-bytes non-tlh="80" tlh="148576360" />
  <largest-consumer threadName="main" threadId="00000000021F7F00" bytes="148576440" />
</allocation-stats>
<gc-op id="3812" type="scavenge" timems="1.189" contextid="3809" timestamp="2019-08-08T09:55:59.239">
  <scavenger-info tenureage="3" tenuremask="ffe8" tiltratio="90" />
  <memory-copied type="nursery" objects="53" bytes="1512" bytesdiscarded="30744" />
  <memory-copied type="tenure" objects="6" bytes="144" bytesdiscarded="0" />
</gc-op>
<gc-end id="3813" type="scavenge" contextid="3809" durationms="1.836" usertimems="2.651" systemtimems="0.000" timestamp="2019-08-08T09:55:59.240" activeThreads="16">
  <mem-info id="3814" free="150482176" total="185335808" percent="81">
    <mem type="nursery" free="148603392" total="165150720" percent="89">
      <mem type="allocate" free="148603392" total="148635648" percent="99" />
      <mem type="survivor" free="0" total="16515072" percent="0" />
    </mem>
    <mem type="tenure" free="1878784" total="20185088" percent="9" macro-fragmented="0">
      <mem type="soa" free="1677056" total="19983360" percent="8" />
      <mem type="loa" free="201728" total="201728" percent="100" />
    </mem>
    <remembered-set count="122" />
  </mem-info>
</gc-end>
<cycle-end id="3815" type="scavenge" contextid="3809" timestamp="2019-08-08T09:55:59.240" />
  <attribute name="elasticGC enabled" value="1" />
  <attribute name= "numThreadsSpecified" value="16" />
  <attribute name="heapSize specified" value="51511296" />
  <attribute name="Current GC Util" value="1" />
  <attribute name= "Current Time Running" value="151090" />
  <attribute name ="GC Interval" value="2433" />
  <attribute name="Target GC Util Change" value ="80.000000" />
  <attribute name="Current GC Util Change" value="1.000000"/>
  <attribute name="Current Error" value="236.000000" />
  <attribute name="Output H" value="185411760"/>
  <attribute name="Output I" value="2432"/>
  <attribute name="Output T" value="16"/>
  <attribute name= "Current Time Running" value="151090" />
  <attribute name="GC Util currently" value="1" />
  <attribute name="CPU Util currently" value="4152095376" />
<allocation-satisfied id="3816" threadId="00000000021F7F00" bytesRequested="80" />
<af-end id="3817" timestamp="2019-08-08T09:55:59.240" threadId="00000000021F8888" success="true" from="nursery"/>
<exclusive-end id="3818" timestamp="2019-08-08T09:55:59.240" durationms="2.117" />

<exclusive-start id="3819" timestamp="2019-08-08T09:55:59.348" intervalms="109.905">
  <response-info timems="0.019" idlems="0.019" threads="0" lastid="00000000021F7F00" lastname="main" />
</exclusive-start>
<af-start id="3820" threadId="00000000021F8888" totalBytesRequested="40" timestamp="2019-08-08T09:55:59.348" intervalms="109.916" type="nursery" />
<cycle-start id="3821" type="scavenge" contextid="0" timestamp="2019-08-08T09:55:59.348" intervalms="109.924" />
<gc-start id="3822" type="scavenge" contextid="3821" timestamp="2019-08-08T09:55:59.348">
  <mem-info id="3823" free="1878784" total="185335808" percent="1">
    <mem type="nursery" free="0" total="165150720" percent="0">
      <mem type="allocate" free="0" total="148635648" percent="0" />
      <mem type="survivor" free="0" total="16515072" percent="0" />
    </mem>
    <mem type="tenure" free="1878784" total="20185088" percent="9">
      <mem type="soa" free="1677056" total="19983360" percent="8" />
      <mem type="loa" free="201728" total="201728" percent="100" />
    </mem>
    <remembered-set count="124" />
  </mem-info>
</gc-start>
<allocation-stats totalBytes="148449328" >
  <allocated-bytes non-tlh="80" tlh="148449248" />
  <largest-consumer threadName="main" threadId="00000000021F7F00" bytes="148449328" />
</allocation-stats>
<gc-op id="3824" type="scavenge" timems="1.382" contextid="3821" timestamp="2019-08-08T09:55:59.349">
  <scavenger-info tenureage="3" tenuremask="ffe8" tiltratio="90" />
  <memory-copied type="nursery" objects="41" bytes="1704" bytesdiscarded="30552" />
  <memory-copied type="tenure" objects="18" bytes="432" bytesdiscarded="0" />
</gc-op>
<gc-end id="3825" type="scavenge" contextid="3821" durationms="1.894" usertimems="2.667" systemtimems="0.000" timestamp="2019-08-08T09:55:59.350" activeThreads="16">
  <mem-info id="3826" free="150482176" total="185335808" percent="81">
    <mem type="nursery" free="148603392" total="165150720" percent="89">
      <mem type="allocate" free="148603392" total="148635648" percent="99" />
      <mem type="survivor" free="0" total="16515072" percent="0" />
    </mem>
    <mem type="tenure" free="1878784" total="20185088" percent="9" macro-fragmented="418667">
      <mem type="soa" free="1677056" total="19983360" percent="8" />
      <mem type="loa" free="201728" total="201728" percent="100" />
    </mem>
    <remembered-set count="118" />
  </mem-info>
</gc-end>
<cycle-end id="3827" type="scavenge" contextid="3821" timestamp="2019-08-08T09:55:59.350" />
  <attribute name="elasticGC enabled" value="1" />
  <attribute name= "numThreadsSpecified" value="16" />
  <attribute name="heapSize specified" value="51511296" />
  <attribute name="Current GC Util" value="2" />
  <attribute name= "Current Time Running" value="151200" />
  <attribute name ="GC Interval" value="2569" />
  <attribute name="Target GC Util Change" value ="80.000000" />
  <attribute name="Current GC Util Change" value="2.000000"/>
  <attribute name="Current Error" value="314.000000" />
  <attribute name="Output H" value="185411856"/>
  <attribute name="Output I" value="2568"/>
  <attribute name="Output T" value="16"/>
  <attribute name= "Current Time Running" value="151200" />
  <attribute name="GC Util currently" value="2" />
  <attribute name="CPU Util currently" value="10499819857" />
<allocation-satisfied id="3828" threadId="00000000021F7F00" bytesRequested="40" />
<af-end id="3829" timestamp="2019-08-08T09:55:59.350" threadId="00000000021F8888" success="true" from="nursery"/>
<exclusive-end id="3830" timestamp="2019-08-08T09:55:59.350" durationms="2.184" />

* Round 3 done in 2.451 seconds.
<exclusive-start id="3831" timestamp="2019-08-08T09:55:59.647" intervalms="299.841">
  <response-info timems="0.024" idlems="0.024" threads="0" lastid="00000000021F7F00" lastname="main" />
</exclusive-start>
<af-start id="3832" threadId="00000000021F8888" totalBytesRequested="1168" timestamp="2019-08-08T09:55:59.647" intervalms="299.830" type="nursery" />
<cycle-start id="3833" type="scavenge" contextid="0" timestamp="2019-08-08T09:55:59.647" intervalms="299.827" />
<gc-start id="3834" type="scavenge" contextid="3833" timestamp="2019-08-08T09:55:59.648">
  <mem-info id="3835" free="1878784" total="185335808" percent="1">
    <mem type="nursery" free="0" total="165150720" percent="0">
      <mem type="allocate" free="0" total="148635648" percent="0" />
      <mem type="survivor" free="0" total="16515072" percent="0" />
    </mem>
    <mem type="tenure" free="1878784" total="20185088" percent="9">
      <mem type="soa" free="1677056" total="19983360" percent="8" />
      <mem type="loa" free="201728" total="201728" percent="100" />
    </mem>
    <remembered-set count="139" />
  </mem-info>
</gc-start>
<allocation-stats totalBytes="148444216" >
  <allocated-bytes non-tlh="40" tlh="148444176" />
  <largest-consumer threadName="main" threadId="00000000021F7F00" bytes="148444216" />
</allocation-stats>
<gc-op id="3836" type="scavenge" timems="1.565" contextid="3833" timestamp="2019-08-08T09:55:59.649">
  <scavenger-info tenureage="5" tenuremask="ffe0" tiltratio="90" />
  <memory-copied type="nursery" objects="111" bytes="4136" bytesdiscarded="28120" />
</gc-op>
<gc-end id="3837" type="scavenge" contextid="3833" durationms="2.003" usertimems="3.555" systemtimems="0.000" timestamp="2019-08-08T09:55:59.650" activeThreads="16">
  <mem-info id="3838" free="150482176" total="185335808" percent="81">
    <mem type="nursery" free="148603392" total="165150720" percent="89">
      <mem type="allocate" free="148603392" total="148635648" percent="99" />
      <mem type="survivor" free="0" total="16515072" percent="0" />
    </mem>
    <mem type="tenure" free="1878784" total="20185088" percent="9" macro-fragmented="9100">
      <mem type="soa" free="1677056" total="19983360" percent="8" />
      <mem type="loa" free="201728" total="201728" percent="100" />
    </mem>
    <remembered-set count="139" />
  </mem-info>
</gc-end>
<cycle-end id="3839" type="scavenge" contextid="3833" timestamp="2019-08-08T09:55:59.650" />
  <attribute name="elasticGC enabled" value="1" />
  <attribute name= "numThreadsSpecified" value="16" />
  <attribute name="heapSize specified" value="51511296" />
  <attribute name="Current GC Util" value="0" />
  <attribute name= "Current Time Running" value="151500" />
  <attribute name ="GC Interval" value="2713" />
  <attribute name="Target GC Util Change" value ="80.000000" />
  <attribute name="Current GC Util Change" value="0.000000"/>
  <attribute name="Current Error" value="394.000000" />
  <attribute name="Output H" value="185411944"/>
  <attribute name="Output I" value="2712"/>
  <attribute name="Output T" value="16"/>
  <attribute name= "Current Time Running" value="151500" />
  <attribute name="GC Util currently" value="0" />
  <attribute name="CPU Util currently" value="3844951526" />
<allocation-satisfied id="3840" threadId="00000000021F7F00" bytesRequested="1168" />
<af-end id="3841" timestamp="2019-08-08T09:55:59.650" threadId="00000000021F8888" success="true" from="nursery"/>
<exclusive-end id="3842" timestamp="2019-08-08T09:55:59.650" durationms="2.306" />

<exclusive-start id="3843" timestamp="2019-08-08T09:55:59.668" intervalms="20.835">
  <response-info timems="0.027" idlems="0.027" threads="0" lastid="00000000021F7F00" lastname="main" />
</exclusive-start>
<af-start id="3844" threadId="00000000021F8888" totalBytesRequested="1168" timestamp="2019-08-08T09:55:59.668" intervalms="20.858" type="nursery" />
<cycle-start id="3845" type="scavenge" contextid="0" timestamp="2019-08-08T09:55:59.668" intervalms="20.862" />
<gc-start id="3846" type="scavenge" contextid="3845" timestamp="2019-08-08T09:55:59.668">
  <mem-info id="3847" free="1878784" total="185335808" percent="1">
    <mem type="nursery" free="0" total="165150720" percent="0">
      <mem type="allocate" free="0" total="148635648" percent="0" />
      <mem type="survivor" free="0" total="16515072" percent="0" />
    </mem>
    <mem type="tenure" free="1878784" total="20185088" percent="9">
      <mem type="soa" free="1677056" total="19983360" percent="8" />
      <mem type="loa" free="201728" total="201728" percent="100" />
    </mem>
    <remembered-set count="139" />
  </mem-info>
</gc-start>
<allocation-stats totalBytes="148096616" >
  <allocated-bytes non-tlh="1168" tlh="148095448" />
  <largest-consumer threadName="main" threadId="00000000021F7F00" bytes="148096616" />
</allocation-stats>
<gc-op id="3848" type="scavenge" timems="2.075" contextid="3845" timestamp="2019-08-08T09:55:59.671">
  <scavenger-info tenureage="3" tenuremask="fff8" tiltratio="90" />
  <memory-copied type="nursery" objects="94" bytes="3728" bytesdiscarded="12400" />
  <memory-copied type="tenure" objects="18" bytes="432" bytesdiscarded="0" />
</gc-op>
<heap-resize id="3849" type="expand" space="nursery" amount="7864320" count="1" timems="0.025" reason="excessive time being spent scavenging" timestamp="2019-08-08T09:55:59.671" />
<gc-end id="3850" type="scavenge" contextid="3845" durationms="2.952" usertimems="4.371" systemtimems="0.000" timestamp="2019-08-08T09:55:59.671" activeThreads="16">
  <mem-info id="3851" free="157576192" total="193200128" percent="81">
    <mem type="nursery" free="155697408" total="173015040" percent="89">
      <mem type="allocate" free="155697408" total="155713536" percent="99" />
      <mem type="survivor" free="0" total="17301504" percent="0" />
    </mem>
    <mem type="tenure" free="1878784" total="20185088" percent="9" macro-fragmented="0">
      <mem type="soa" free="1677056" total="19983360" percent="8" />
      <mem type="loa" free="201728" total="201728" percent="100" />
    </mem>
    <remembered-set count="132" />
  </mem-info>
</gc-end>
<cycle-end id="3852" type="scavenge" contextid="3845" timestamp="2019-08-08T09:55:59.671" />
  <attribute name="elasticGC enabled" value="1" />
  <attribute name= "numThreadsSpecified" value="16" />
  <attribute name="heapSize specified" value="51511296" />
  <attribute name="Current GC Util" value="16" />
  <attribute name= "Current Time Running" value="151521" />
  <attribute name ="GC Interval" value="2833" />
  <attribute name="Target GC Util Change" value ="80.000000" />
  <attribute name="Current GC Util Change" value="16.000000"/>
  <attribute name="Current Error" value="458.000000" />
  <attribute name="Output H" value="185412016"/>
  <attribute name="Output I" value="2832"/>
  <attribute name="Output T" value="16"/>
  <attribute name= "Current Time Running" value="151521" />
  <attribute name="GC Util currently" value="16" />
  <attribute name="CPU Util currently" value="55218988690" />
<allocation-satisfied id="3853" threadId="00000000021F7F00" bytesRequested="1168" />
<af-end id="3854" timestamp="2019-08-08T09:55:59.671" threadId="00000000021F8888" success="true" from="nursery"/>
<exclusive-end id="3855" timestamp="2019-08-08T09:55:59.671" durationms="3.248" />

<exclusive-start id="3856" timestamp="2019-08-08T09:55:59.695" intervalms="26.367">
  <response-info timems="0.026" idlems="0.026" threads="0" lastid="00000000021F7F00" lastname="main" />
</exclusive-start>
<af-start id="3857" threadId="00000000021F8888" totalBytesRequested="1168" timestamp="2019-08-08T09:55:59.695" intervalms="26.358" type="nursery" />
<cycle-start id="3858" type="scavenge" contextid="0" timestamp="2019-08-08T09:55:59.695" intervalms="26.357" />
<gc-start id="3859" type="scavenge" contextid="3858" timestamp="2019-08-08T09:55:59.695">
  <mem-info id="3860" free="1878784" total="193200128" percent="0">
    <mem type="nursery" free="0" total="173015040" percent="0">
      <mem type="allocate" free="0" total="155713536" percent="0" />
      <mem type="survivor" free="0" total="17301504" percent="0" />
    </mem>
    <mem type="tenure" free="1878784" total="20185088" percent="9">
      <mem type="soa" free="1677056" total="19983360" percent="8" />
      <mem type="loa" free="201728" total="201728" percent="100" />
    </mem>
    <remembered-set count="132" />
  </mem-info>
</gc-start>
<allocation-stats totalBytes="155184016" >
  <allocated-bytes non-tlh="1168" tlh="155182848" />
  <largest-consumer threadName="main" threadId="00000000021F7F00" bytes="155184016" />
</allocation-stats>
<gc-op id="3861" type="scavenge" timems="1.417" contextid="3858" timestamp="2019-08-08T09:55:59.696">
  <scavenger-info tenureage="2" tenuremask="ffdc" tiltratio="90" />
  <memory-copied type="nursery" objects="2" bytes="56" bytesdiscarded="32200" />
  <memory-copied type="tenure" objects="92" bytes="3672" bytesdiscarded="0" />
</gc-op>
<gc-end id="3862" type="scavenge" contextid="3858" durationms="1.942" usertimems="2.612" systemtimems="0.000" timestamp="2019-08-08T09:55:59.697" activeThreads="16">
  <mem-info id="3863" free="157560064" total="193200128" percent="81">
    <mem type="nursery" free="155681280" total="173015040" percent="89">
      <mem type="allocate" free="155681280" total="155713536" percent="99" />
      <mem type="survivor" free="0" total="17301504" percent="0" />
    </mem>
    <mem type="tenure" free="1878784" total="20185088" percent="9" macro-fragmented="0">
      <mem type="soa" free="1677056" total="19983360" percent="8" />
      <mem type="loa" free="201728" total="201728" percent="100" />
    </mem>
    <remembered-set count="119" />
  </mem-info>
</gc-end>
<cycle-end id="3864" type="scavenge" contextid="3858" timestamp="2019-08-08T09:55:59.697" />
  <attribute name="elasticGC enabled" value="1" />
  <attribute name= "numThreadsSpecified" value="16" />
  <attribute name="heapSize specified" value="51511296" />
  <attribute name="Current GC Util" value="15" />
  <attribute name= "Current Time Running" value="151547" />
  <attribute name ="GC Interval" value="2129" />
  <attribute name="Target GC Util Change" value ="80.000000" />
  <attribute name="Current GC Util Change" value="15.000000"/>
  <attribute name="Current Error" value="65.000000" />
  <attribute name="Output H" value="193275888"/>
  <attribute name="Output I" value="2128"/>
  <attribute name="Output T" value="16"/>
  <attribute name= "Current Time Running" value="151547" />
  <attribute name="GC Util currently" value="15" />
  <attribute name="CPU Util currently" value="43689345614" />
<allocation-satisfied id="3865" threadId="00000000021F7F00" bytesRequested="1168" />
<af-end id="3866" timestamp="2019-08-08T09:55:59.697" threadId="00000000021F8888" success="true" from="nursery"/>
<exclusive-end id="3867" timestamp="2019-08-08T09:55:59.697" durationms="2.200" />

<exclusive-start id="3868" timestamp="2019-08-08T09:55:59.719" intervalms="23.894">
  <response-info timems="0.026" idlems="0.026" threads="0" lastid="00000000021F7F00" lastname="main" />
</exclusive-start>
<af-start id="3869" threadId="00000000021F8888" totalBytesRequested="1168" timestamp="2019-08-08T09:55:59.719" intervalms="23.890" type="nursery" />
<cycle-start id="3870" type="scavenge" contextid="0" timestamp="2019-08-08T09:55:59.719" intervalms="23.890" />
<gc-start id="3871" type="scavenge" contextid="3870" timestamp="2019-08-08T09:55:59.719">
  <mem-info id="3872" free="1878784" total="193200128" percent="0">
    <mem type="nursery" free="0" total="173015040" percent="0">
      <mem type="allocate" free="0" total="155713536" percent="0" />
      <mem type="survivor" free="0" total="17301504" percent="0" />
    </mem>
    <mem type="tenure" free="1878784" total="20185088" percent="9">
      <mem type="soa" free="1677056" total="19983360" percent="8" />
      <mem type="loa" free="201728" total="201728" percent="100" />
    </mem>
    <remembered-set count="119" />
  </mem-info>
</gc-start>
<allocation-stats totalBytes="155168000" >
  <allocated-bytes non-tlh="1168" tlh="155166832" />
  <largest-consumer threadName="main" threadId="00000000021F7F00" bytes="155168000" />
</allocation-stats>
<gc-op id="3873" type="scavenge" timems="0.988" contextid="3870" timestamp="2019-08-08T09:55:59.720">
  <scavenger-info tenureage="5" tenuremask="ffe0" tiltratio="90" />
  <memory-copied type="nursery" objects="2" bytes="56" bytesdiscarded="32200" />
</gc-op>
<gc-end id="3874" type="scavenge" contextid="3870" durationms="1.628" usertimems="2.494" systemtimems="0.000" timestamp="2019-08-08T09:55:59.720" activeThreads="16">
  <mem-info id="3875" free="157560064" total="193200128" percent="81">
    <mem type="nursery" free="155681280" total="173015040" percent="89">
      <mem type="allocate" free="155681280" total="155713536" percent="99" />
      <mem type="survivor" free="0" total="17301504" percent="0" />
    </mem>
    <mem type="tenure" free="1878784" total="20185088" percent="9" macro-fragmented="0">
      <mem type="soa" free="1677056" total="19983360" percent="8" />
      <mem type="loa" free="201728" total="201728" percent="100" />
    </mem>
    <remembered-set count="119" />
  </mem-info>
</gc-end>
<cycle-end id="3876" type="scavenge" contextid="3870" timestamp="2019-08-08T09:55:59.720" />
  <attribute name="elasticGC enabled" value="1" />
  <attribute name= "numThreadsSpecified" value="16" />
  <attribute name="heapSize specified" value="51511296" />
  <attribute name="Current GC Util" value="10" />
  <attribute name= "Current Time Running" value="151571" />
  <attribute name ="GC Interval" value="2257" />
  <attribute name="Target GC Util Change" value ="80.000000" />
  <attribute name="Current GC Util Change" value="10.000000"/>
  <attribute name="Current Error" value="135.000000" />
  <attribute name="Output H" value="193275968"/>
  <attribute name="Output I" value="2256"/>
  <attribute name="Output T" value="16"/>
  <attribute name= "Current Time Running" value="151571" />
  <attribute name="GC Util currently" value="10" />
  <attribute name="CPU Util currently" value="48246630717" />
<allocation-satisfied id="3877" threadId="00000000021F7F00" bytesRequested="1168" />
<af-end id="3878" timestamp="2019-08-08T09:55:59.720" threadId="00000000021F8888" success="true" from="nursery"/>
<exclusive-end id="3879" timestamp="2019-08-08T09:55:59.720" durationms="1.982" />

<exclusive-start id="3880" timestamp="2019-08-08T09:55:59.745" intervalms="26.183">
  <response-info timems="0.027" idlems="0.027" threads="0" lastid="00000000021F7F00" lastname="main" />
</exclusive-start>
<af-start id="3881" threadId="00000000021F8888" totalBytesRequested="1168" timestamp="2019-08-08T09:55:59.745" intervalms="26.186" type="nursery" />
<cycle-start id="3882" type="scavenge" contextid="0" timestamp="2019-08-08T09:55:59.745" intervalms="26.368" />
<gc-start id="3883" type="scavenge" contextid="3882" timestamp="2019-08-08T09:55:59.745">
  <mem-info id="3884" free="1878784" total="193200128" percent="0">
    <mem type="nursery" free="0" total="173015040" percent="0">
      <mem type="allocate" free="0" total="155713536" percent="0" />
      <mem type="survivor" free="0" total="17301504" percent="0" />
    </mem>
    <mem type="tenure" free="1878784" total="20185088" percent="9">
      <mem type="soa" free="1677056" total="19983360" percent="8" />
      <mem type="loa" free="201728" total="201728" percent="100" />
    </mem>
    <remembered-set count="124" />
  </mem-info>
</gc-start>
<allocation-stats totalBytes="155135048" >
  <allocated-bytes non-tlh="1168" tlh="155133880" />
  <largest-consumer threadName="main" threadId="00000000021F7F00" bytes="155135048" />
</allocation-stats>
<gc-op id="3885" type="scavenge" timems="2.798" contextid="3882" timestamp="2019-08-08T09:55:59.748">
  <scavenger-info tenureage="3" tenuremask="fff8" tiltratio="90" />
  <memory-copied type="nursery" objects="27" bytes="1944" bytesdiscarded="14184" />
</gc-op>
<heap-resize id="3886" type="expand" space="nursery" amount="9699328" count="1" timems="0.016" reason="excessive time being spent scavenging" timestamp="2019-08-08T09:55:59.748" />
<gc-end id="3887" type="scavenge" contextid="3882" durationms="3.252" usertimems="2.915" systemtimems="0.000" timestamp="2019-08-08T09:55:59.748" activeThreads="16">
  <mem-info id="3888" free="166292480" total="202899456" percent="81">
    <mem type="nursery" free="164413696" total="182714368" percent="89">
      <mem type="allocate" free="164413696" total="164429824" percent="99" />
      <mem type="survivor" free="0" total="18284544" percent="0" />
    </mem>
    <mem type="tenure" free="1878784" total="20185088" percent="9" macro-fragmented="0">
      <mem type="soa" free="1677056" total="19983360" percent="8" />
      <mem type="loa" free="201728" total="201728" percent="100" />
    </mem>
    <remembered-set count="124" />
  </mem-info>
</gc-end>
<cycle-end id="3889" type="scavenge" contextid="3882" timestamp="2019-08-08T09:55:59.748" />
  <attribute name="elasticGC enabled" value="1" />
  <attribute name= "numThreadsSpecified" value="16" />
  <attribute name="heapSize specified" value="51511296" />
  <attribute name="Current GC Util" value="8" />
  <attribute name= "Current Time Running" value="151597" />
  <attribute name ="GC Interval" value="2385" />
  <attribute name="Target GC Util Change" value ="80.000000" />
  <attribute name="Current GC Util Change" value="8.000000"/>
  <attribute name="Current Error" value="207.000000" />
  <attribute name="Output H" value="193276048"/>
  <attribute name="Output I" value="2384"/>
  <attribute name="Output T" value="16"/>
  <attribute name= "Current Time Running" value="151597" />
  <attribute name="GC Util currently" value="8" />
  <attribute name="CPU Util currently" value="43825776599" />
<allocation-satisfied id="3890" threadId="00000000021F7F00" bytesRequested="1168" />
<af-end id="3891" timestamp="2019-08-08T09:55:59.748" threadId="00000000021F8888" success="true" from="nursery"/>
<exclusive-end id="3892" timestamp="2019-08-08T09:55:59.748" durationms="3.697" />

<exclusive-start id="3893" timestamp="2019-08-08T09:55:59.769" intervalms="24.743">
  <response-info timems="0.020" idlems="0.020" threads="0" lastid="00000000021F7F00" lastname="main" />
</exclusive-start>
<af-start id="3894" threadId="00000000021F8888" totalBytesRequested="1168" timestamp="2019-08-08T09:55:59.769" intervalms="24.744" type="nursery" />
<cycle-start id="3895" type="scavenge" contextid="0" timestamp="2019-08-08T09:55:59.770" intervalms="24.562" />
<gc-start id="3896" type="scavenge" contextid="3895" timestamp="2019-08-08T09:55:59.770">
  <mem-info id="3897" free="1878784" total="202899456" percent="0">
    <mem type="nursery" free="0" total="182714368" percent="0">
      <mem type="allocate" free="0" total="164429824" percent="0" />
      <mem type="survivor" free="0" total="18284544" percent="0" />
    </mem>
    <mem type="tenure" free="1878784" total="20185088" percent="9">
      <mem type="soa" free="1677056" total="19983360" percent="8" />
      <mem type="loa" free="201728" total="201728" percent="100" />
    </mem>
    <remembered-set count="124" />
  </mem-info>
</gc-start>
<allocation-stats totalBytes="163365856" >
  <allocated-bytes non-tlh="1168" tlh="163364688" />
  <largest-consumer threadName="main" threadId="00000000021F7F00" bytes="163365856" />
</allocation-stats>
<gc-op id="3898" type="scavenge" timems="1.900" contextid="3895" timestamp="2019-08-08T09:55:59.772">
  <scavenger-info tenureage="3" tenuremask="fff8" tiltratio="89" />
  <memory-copied type="nursery" objects="28" bytes="1968" bytesdiscarded="30288" />
</gc-op>
<heap-resize id="3899" type="expand" space="nursery" amount="6684672" count="1" timems="0.026" reason="excessive time being spent scavenging" timestamp="2019-08-08T09:55:59.772" />
<gc-end id="3900" type="scavenge" contextid="3895" durationms="2.664" usertimems="3.579" systemtimems="0.000" timestamp="2019-08-08T09:55:59.772" activeThreads="16">
  <mem-info id="3901" free="172240128" total="209584128" percent="82">
    <mem type="nursery" free="170361344" total="189399040" percent="89">
      <mem type="allocate" free="170361344" total="170393600" percent="99" />
      <mem type="survivor" free="0" total="19005440" percent="0" />
    </mem>
    <mem type="tenure" free="1878784" total="20185088" percent="9" macro-fragmented="3657">
      <mem type="soa" free="1677056" total="19983360" percent="8" />
      <mem type="loa" free="201728" total="201728" percent="100" />
    </mem>
    <remembered-set count="114" />
  </mem-info>
</gc-end>
<cycle-end id="3902" type="scavenge" contextid="3895" timestamp="2019-08-08T09:55:59.772" />
  <attribute name="elasticGC enabled" value="1" />
  <attribute name= "numThreadsSpecified" value="16" />
  <attribute name="heapSize specified" value="51511296" />
  <attribute name="Current GC Util" value="10" />
  <attribute name= "Current Time Running" value="151622" />
  <attribute name ="GC Interval" value="2505" />
  <attribute name="Target GC Util Change" value ="80.000000" />
  <attribute name="Current GC Util Change" value="10.000000"/>
  <attribute name="Current Error" value="277.000000" />
  <attribute name="Output H" value="202975456"/>
  <attribute name="Output I" value="2504"/>
  <attribute name="Output T" value="16"/>
  <attribute name= "Current Time Running" value="151622" />
  <attribute name="GC Util currently" value="10" />
  <attribute name="CPU Util currently" value="46750638166" />
<allocation-satisfied id="3903" threadId="00000000021F7F00" bytesRequested="1168" />
<af-end id="3904" timestamp="2019-08-08T09:55:59.772" threadId="00000000021F8888" success="true" from="nursery"/>
<exclusive-end id="3905" timestamp="2019-08-08T09:55:59.772" durationms="2.975" />

<exclusive-start id="3906" timestamp="2019-08-08T09:55:59.802" intervalms="32.944">
  <response-info timems="0.027" idlems="0.027" threads="0" lastid="00000000021F7F00" lastname="main" />
</exclusive-start>
<af-start id="3907" threadId="00000000021F8888" totalBytesRequested="1168" timestamp="2019-08-08T09:55:59.802" intervalms="32.953" type="nursery" />
<cycle-start id="3908" type="scavenge" contextid="0" timestamp="2019-08-08T09:55:59.802" intervalms="32.955" />
<gc-start id="3909" type="scavenge" contextid="3908" timestamp="2019-08-08T09:55:59.803">
  <mem-info id="3910" free="1878784" total="209584128" percent="0">
    <mem type="nursery" free="0" total="189399040" percent="0">
      <mem type="allocate" free="0" total="170393600" percent="0" />
      <mem type="survivor" free="0" total="19005440" percent="0" />
    </mem>
    <mem type="tenure" free="1878784" total="20185088" percent="9">
      <mem type="soa" free="1677056" total="19983360" percent="8" />
      <mem type="loa" free="201728" total="201728" percent="100" />
    </mem>
    <remembered-set count="114" />
  </mem-info>
</gc-start>
<allocation-stats totalBytes="169293280" >
  <allocated-bytes non-tlh="1168" tlh="169292112" />
  <largest-consumer threadName="main" threadId="00000000021F7F00" bytes="169293280" />
</allocation-stats>
<gc-op id="3911" type="scavenge" timems="2.434" contextid="3908" timestamp="2019-08-08T09:55:59.805">
  <scavenger-info tenureage="13" tenuremask="e000" tiltratio="89" />
  <memory-copied type="nursery" objects="28" bytes="1968" bytesdiscarded="30288" />
</gc-op>
<gc-end id="3912" type="scavenge" contextid="3908" durationms="2.848" usertimems="4.843" systemtimems="0.000" timestamp="2019-08-08T09:55:59.805" activeThreads="16">
  <mem-info id="3913" free="172305664" total="209584128" percent="82">
    <mem type="nursery" free="170426880" total="189399040" percent="89">
      <mem type="allocate" free="170426880" total="170459136" percent="99" />
      <mem type="survivor" free="0" total="18939904" percent="0" />
    </mem>
    <mem type="tenure" free="1878784" total="20185088" percent="9" macro-fragmented="13104">
      <mem type="soa" free="1677056" total="19983360" percent="8" />
      <mem type="loa" free="201728" total="201728" percent="100" />
    </mem>
    <remembered-set count="114" />
  </mem-info>
</gc-end>
<cycle-end id="3914" type="scavenge" contextid="3908" timestamp="2019-08-08T09:55:59.805" />
  <attribute name="elasticGC enabled" value="1" />
  <attribute name= "numThreadsSpecified" value="16" />
  <attribute name="heapSize specified" value="51511296" />
  <attribute name="Current GC Util" value="10" />
  <attribute name= "Current Time Running" value="151655" />
  <attribute name ="GC Interval" value="2633" />
  <attribute name="Target GC Util Change" value ="80.000000" />
  <attribute name="Current GC Util Change" value="10.000000"/>
  <attribute name="Current Error" value="347.000000" />
  <attribute name="Output H" value="209660208"/>
  <attribute name="Output I" value="2632"/>
  <attribute name="Output T" value="16"/>
  <attribute name= "Current Time Running" value="151655" />
  <attribute name="GC Util currently" value="10" />
  <attribute name="CPU Util currently" value="35087013105" />
<allocation-satisfied id="3915" threadId="00000000021F7F00" bytesRequested="1168" />
<af-end id="3916" timestamp="2019-08-08T09:55:59.806" threadId="00000000021F8888" success="true" from="nursery"/>
<exclusive-end id="3917" timestamp="2019-08-08T09:55:59.806" durationms="3.147" />

<exclusive-start id="3918" timestamp="2019-08-08T09:55:59.970" intervalms="167.525">
  <response-info timems="0.024" idlems="0.024" threads="0" lastid="00000000021F7F00" lastname="main" />
</exclusive-start>
<af-start id="3919" threadId="00000000021F8888" totalBytesRequested="32" timestamp="2019-08-08T09:55:59.970" intervalms="167.501" type="nursery" />
<cycle-start id="3920" type="scavenge" contextid="0" timestamp="2019-08-08T09:55:59.970" intervalms="167.506" />
<gc-start id="3921" type="scavenge" contextid="3920" timestamp="2019-08-08T09:55:59.970">
  <mem-info id="3922" free="1878784" total="209584128" percent="0">
    <mem type="nursery" free="0" total="189399040" percent="0">
      <mem type="allocate" free="0" total="170459136" percent="0" />
      <mem type="survivor" free="0" total="18939904" percent="0" />
    </mem>
    <mem type="tenure" free="1878784" total="20185088" percent="9">
      <mem type="soa" free="1677056" total="19983360" percent="8" />
      <mem type="loa" free="201728" total="201728" percent="100" />
    </mem>
    <remembered-set count="123" />
  </mem-info>
</gc-start>
<allocation-stats totalBytes="170377896" >
  <allocated-bytes non-tlh="1168" tlh="170376728" />
  <largest-consumer threadName="main" threadId="00000000021F7F00" bytes="170377896" />
</allocation-stats>
<gc-op id="3923" type="scavenge" timems="1.579" contextid="3920" timestamp="2019-08-08T09:55:59.972">
  <scavenger-info tenureage="3" tenuremask="f008" tiltratio="90" />
  <memory-copied type="nursery" objects="77" bytes="2280" bytesdiscarded="53736" />
  <memory-copied type="tenure" objects="7" bytes="168" bytesdiscarded="0" />
  <references type="weak" candidates="37" cleared="7" enqueued="3" />
</gc-op>
<gc-end id="3924" type="scavenge" contextid="3920" durationms="2.269" usertimems="2.928" systemtimems="0.000" timestamp="2019-08-08T09:55:59.972" activeThreads="16">
  <mem-info id="3925" free="172281856" total="209584128" percent="82">
    <mem type="nursery" free="170403072" total="189399040" percent="89">
      <mem type="allocate" free="170403072" total="170459136" percent="99" />
      <mem type="survivor" free="0" total="18939904" percent="0" />
    </mem>
    <mem type="tenure" free="1878784" total="20185088" percent="9" macro-fragmented="0">
      <mem type="soa" free="1677056" total="19983360" percent="8" />
      <mem type="loa" free="201728" total="201728" percent="100" />
    </mem>
    <pending-finalizers system="0" default="0" reference="3" classloader="0" />
    <remembered-set count="119" />
  </mem-info>
</gc-end>
<cycle-end id="3926" type="scavenge" contextid="3920" timestamp="2019-08-08T09:55:59.972" />
  <attribute name="elasticGC enabled" value="1" />
  <attribute name= "numThreadsSpecified" value="16" />
  <attribute name="heapSize specified" value="51511296" />
  <attribute name="Current GC Util" value="2" />
  <attribute name= "Current Time Running" value="151822" />
  <attribute name ="GC Interval" value="2769" />
  <attribute name="Target GC Util Change" value ="80.000000" />
  <attribute name="Current GC Util Change" value="2.000000"/>
  <attribute name="Current Error" value="425.000000" />
  <attribute name="Output H" value="209660304"/>
  <attribute name="Output I" value="2768"/>
  <attribute name="Output T" value="16"/>
  <attribute name= "Current Time Running" value="151822" />
  <attribute name="GC Util currently" value="2" />
  <attribute name="CPU Util currently" value="6882945664" />
<allocation-satisfied id="3927" threadId="00000000021F7F00" bytesRequested="32" />
<af-end id="3928" timestamp="2019-08-08T09:55:59.972" threadId="00000000021F8888" success="true" from="nursery"/>
<exclusive-end id="3929" timestamp="2019-08-08T09:55:59.972" durationms="2.601" />

<exclusive-start id="3930" timestamp="2019-08-08T09:56:00.023" intervalms="53.486">
  <response-info timems="0.025" idlems="0.025" threads="0" lastid="00000000021F7F00" lastname="main" />
</exclusive-start>
<af-start id="3931" threadId="00000000021F8888" totalBytesRequested="32" timestamp="2019-08-08T09:56:00.023" intervalms="53.497" type="nursery" />
<cycle-start id="3932" type="scavenge" contextid="0" timestamp="2019-08-08T09:56:00.023" intervalms="53.490" />
<gc-start id="3933" type="scavenge" contextid="3932" timestamp="2019-08-08T09:56:00.024">
  <mem-info id="3934" free="1878784" total="209584128" percent="0">
    <mem type="nursery" free="0" total="189399040" percent="0">
      <mem type="allocate" free="0" total="170459136" percent="0" />
      <mem type="survivor" free="0" total="18939904" percent="0" />
    </mem>
    <mem type="tenure" free="1878784" total="20185088" percent="9">
      <mem type="soa" free="1677056" total="19983360" percent="8" />
      <mem type="loa" free="201728" total="201728" percent="100" />
    </mem>
    <remembered-set count="120" />
  </mem-info>
</gc-start>
<allocation-stats totalBytes="170316200" >
  <allocated-bytes non-tlh="32" tlh="170316168" />
  <largest-consumer threadName="main" threadId="00000000021F7F00" bytes="170316200" />
</allocation-stats>
<gc-op id="3935" type="scavenge" timems="2.343" contextid="3932" timestamp="2019-08-08T09:56:00.026">
  <scavenger-info tenureage="10" tenuremask="f400" tiltratio="90" />
  <memory-copied type="nursery" objects="77" bytes="2288" bytesdiscarded="69904" />
  <references type="weak" candidates="30" cleared="0" enqueued="0" />
</gc-op>
<gc-end id="3936" type="scavenge" contextid="3932" durationms="2.915" usertimems="2.869" systemtimems="0.000" timestamp="2019-08-08T09:56:00.026" activeThreads="16">
  <mem-info id="3937" free="172265728" total="209584128" percent="82">
    <mem type="nursery" free="170386944" total="189399040" percent="89">
      <mem type="allocate" free="170386944" total="170459136" percent="99" />
      <mem type="survivor" free="0" total="18939904" percent="0" />
    </mem>
    <mem type="tenure" free="1878784" total="20185088" percent="9" macro-fragmented="0">
      <mem type="soa" free="1677056" total="19983360" percent="8" />
      <mem type="loa" free="201728" total="201728" percent="100" />
    </mem>
    <remembered-set count="120" />
  </mem-info>
</gc-end>
<cycle-end id="3938" type="scavenge" contextid="3932" timestamp="2019-08-08T09:56:00.027" />
  <attribute name="elasticGC enabled" value="1" />
  <attribute name= "numThreadsSpecified" value="16" />
  <attribute name="heapSize specified" value="51511296" />
  <attribute name="Current GC Util" value="5" />
  <attribute name= "Current Time Running" value="151876" />
  <attribute name ="GC Interval" value="2145" />
  <attribute name="Target GC Util Change" value ="80.000000" />
  <attribute name="Current GC Util Change" value="5.000000"/>
  <attribute name="Current Error" value="75.000000" />
  <attribute name="Output H" value="209659896"/>
  <attribute name="Output I" value="2144"/>
  <attribute name="Output T" value="16"/>
  <attribute name= "Current Time Running" value="151876" />
  <attribute name="GC Util currently" value="5" />
  <attribute name="CPU Util currently" value="21548181840" />
<allocation-satisfied id="3939" threadId="00000000021F7F00" bytesRequested="32" />
<af-end id="3940" timestamp="2019-08-08T09:56:00.027" threadId="00000000021F8888" success="true" from="nursery"/>
<exclusive-end id="3941" timestamp="2019-08-08T09:56:00.027" durationms="3.197" />

<exclusive-start id="3942" timestamp="2019-08-08T09:56:00.082" intervalms="59.020">
  <response-info timems="0.021" idlems="0.021" threads="0" lastid="00000000021F7F00" lastname="main" />
</exclusive-start>
<af-start id="3943" threadId="00000000021F8888" totalBytesRequested="24" timestamp="2019-08-08T09:56:00.082" intervalms="59.012" type="nursery" />
<cycle-start id="3944" type="scavenge" contextid="0" timestamp="2019-08-08T09:56:00.082" intervalms="59.007" />
<gc-start id="3945" type="scavenge" contextid="3944" timestamp="2019-08-08T09:56:00.083">
  <mem-info id="3946" free="1878784" total="209584128" percent="0">
    <mem type="nursery" free="0" total="189399040" percent="0">
      <mem type="allocate" free="0" total="170459136" percent="0" />
      <mem type="survivor" free="0" total="18939904" percent="0" />
    </mem>
    <mem type="tenure" free="1878784" total="20185088" percent="9">
      <mem type="soa" free="1677056" total="19983360" percent="8" />
      <mem type="loa" free="201728" total="201728" percent="100" />
    </mem>
    <remembered-set count="124" />
  </mem-info>
</gc-start>
<allocation-stats totalBytes="170283688" >
  <allocated-bytes non-tlh="32" tlh="170283656" />
  <largest-consumer threadName="main" threadId="00000000021F7F00" bytes="170283688" />
</allocation-stats>
<gc-op id="3947" type="scavenge" timems="2.385" contextid="3944" timestamp="2019-08-08T09:56:00.085">
  <scavenger-info tenureage="3" tenuremask="fff8" tiltratio="90" />
  <memory-copied type="nursery" objects="109" bytes="3632" bytesdiscarded="52432" />
  <references type="weak" candidates="30" cleared="0" enqueued="0" />
</gc-op>
<gc-end id="3948" type="scavenge" contextid="3944" durationms="2.811" usertimems="4.702" systemtimems="0.000" timestamp="2019-08-08T09:56:00.085" activeThreads="16">
  <mem-info id="3949" free="172281856" total="209584128" percent="82">
    <mem type="nursery" free="170403072" total="189399040" percent="89">
      <mem type="allocate" free="170403072" total="170459136" percent="99" />
      <mem type="survivor" free="0" total="18939904" percent="0" />
    </mem>
    <mem type="tenure" free="1878784" total="20185088" percent="9" macro-fragmented="2116">
      <mem type="soa" free="1677056" total="19983360" percent="8" />
      <mem type="loa" free="201728" total="201728" percent="100" />
    </mem>
    <remembered-set count="124" />
  </mem-info>
</gc-end>
<cycle-end id="3950" type="scavenge" contextid="3944" timestamp="2019-08-08T09:56:00.085" />
  <attribute name="elasticGC enabled" value="1" />
  <attribute name= "numThreadsSpecified" value="16" />
  <attribute name="heapSize specified" value="51511296" />
  <attribute name="Current GC Util" value="4" />
  <attribute name= "Current Time Running" value="151935" />
  <attribute name ="GC Interval" value="2281" />
  <attribute name="Target GC Util Change" value ="80.000000" />
  <attribute name="Current GC Util Change" value="4.000000"/>
  <attribute name="Current Error" value="151.000000" />
  <attribute name="Output H" value="209659984"/>
  <attribute name="Output I" value="2280"/>
  <attribute name="Output T" value="16"/>
  <attribute name= "Current Time Running" value="151935" />
  <attribute name="GC Util currently" value="4" />
  <attribute name="CPU Util currently" value="19553283422" />
<allocation-satisfied id="3951" threadId="00000000021F7F00" bytesRequested="24" />
<af-end id="3952" timestamp="2019-08-08T09:56:00.085" threadId="00000000021F8888" success="true" from="nursery"/>
<exclusive-end id="3953" timestamp="2019-08-08T09:56:00.085" durationms="3.072" />

<exclusive-start id="3954" timestamp="2019-08-08T09:56:00.494" intervalms="412.030">
  <response-info timems="0.018" idlems="0.018" threads="0" lastid="00000000021F7F00" lastname="main" />
</exclusive-start>
<af-start id="3955" threadId="00000000021F8888" totalBytesRequested="80" timestamp="2019-08-08T09:56:00.494" intervalms="412.021" type="nursery" />
<cycle-start id="3956" type="scavenge" contextid="0" timestamp="2019-08-08T09:56:00.494" intervalms="412.016" />
<gc-start id="3957" type="scavenge" contextid="3956" timestamp="2019-08-08T09:56:00.495">
  <mem-info id="3958" free="1878784" total="209584128" percent="0">
    <mem type="nursery" free="0" total="189399040" percent="0">
      <mem type="allocate" free="0" total="170459136" percent="0" />
      <mem type="survivor" free="0" total="18939904" percent="0" />
    </mem>
    <mem type="tenure" free="1878784" total="20185088" percent="9">
      <mem type="soa" free="1677056" total="19983360" percent="8" />
      <mem type="loa" free="201728" total="201728" percent="100" />
    </mem>
    <remembered-set count="150" />
  </mem-info>
</gc-start>
<allocation-stats totalBytes="170382288" >
  <allocated-bytes non-tlh="24" tlh="170382264" />
  <largest-consumer threadName="main" threadId="00000000021F7F00" bytes="170382288" />
</allocation-stats>
<gc-op id="3959" type="scavenge" timems="1.113" contextid="3956" timestamp="2019-08-08T09:56:00.496">
  <scavenger-info tenureage="4" tenuremask="fff0" tiltratio="90" />
  <memory-copied type="nursery" objects="185" bytes="5184" bytesdiscarded="58560" />
  <references type="weak" candidates="30" cleared="0" enqueued="0" />
</gc-op>
<gc-end id="3960" type="scavenge" contextid="3956" durationms="1.352" usertimems="1.990" systemtimems="0.000" timestamp="2019-08-08T09:56:00.496" activeThreads="16">
  <mem-info id="3961" free="172274176" total="209584128" percent="82">
    <mem type="nursery" free="170395392" total="189399040" percent="89">
      <mem type="allocate" free="170395392" total="170459136" percent="99" />
      <mem type="survivor" free="0" total="18939904" percent="0" />
    </mem>
    <mem type="tenure" free="1878784" total="20185088" percent="9" macro-fragmented="0">
      <mem type="soa" free="1677056" total="19983360" percent="8" />
      <mem type="loa" free="201728" total="201728" percent="100" />
    </mem>
    <remembered-set count="150" />
  </mem-info>
</gc-end>
<cycle-end id="3962" type="scavenge" contextid="3956" timestamp="2019-08-08T09:56:00.496" />
  <attribute name="elasticGC enabled" value="1" />
  <attribute name= "numThreadsSpecified" value="16" />
  <attribute name="heapSize specified" value="51511296" />
  <attribute name="Current GC Util" value="1" />
  <attribute name= "Current Time Running" value="152347" />
  <attribute name ="GC Interval" value="2425" />
  <attribute name="Target GC Util Change" value ="80.000000" />
  <attribute name="Current GC Util Change" value="1.000000"/>
  <attribute name="Current Error" value="230.000000" />
  <attribute name="Output H" value="209660080"/>
  <attribute name="Output I" value="2424"/>
  <attribute name="Output T" value="16"/>
  <attribute name= "Current Time Running" value="152347" />
  <attribute name="GC Util currently" value="1" />
  <attribute name="CPU Util currently" value="2798440516" />
<allocation-satisfied id="3963" threadId="00000000021F7F00" bytesRequested="80" />
<af-end id="3964" timestamp="2019-08-08T09:56:00.496" threadId="00000000021F8888" success="true" from="nursery"/>
<exclusive-end id="3965" timestamp="2019-08-08T09:56:00.496" durationms="1.530" />

<exclusive-start id="3966" timestamp="2019-08-08T09:56:00.678" intervalms="183.570">
  <response-info timems="0.016" idlems="0.016" threads="0" lastid="00000000021F7F00" lastname="main" />
</exclusive-start>
<af-start id="3967" threadId="00000000021F8888" totalBytesRequested="80" timestamp="2019-08-08T09:56:00.678" intervalms="183.576" type="nursery" />
<cycle-start id="3968" type="scavenge" contextid="0" timestamp="2019-08-08T09:56:00.678" intervalms="183.579" />
<gc-start id="3969" type="scavenge" contextid="3968" timestamp="2019-08-08T09:56:00.678">
  <mem-info id="3970" free="1878784" total="209584128" percent="0">
    <mem type="nursery" free="0" total="189399040" percent="0">
      <mem type="allocate" free="0" total="170459136" percent="0" />
      <mem type="survivor" free="0" total="18939904" percent="0" />
    </mem>
    <mem type="tenure" free="1878784" total="20185088" percent="9">
      <mem type="soa" free="1677056" total="19983360" percent="8" />
      <mem type="loa" free="201728" total="201728" percent="100" />
    </mem>
    <remembered-set count="158" />
  </mem-info>
</gc-start>
<allocation-stats totalBytes="170361824" >
  <allocated-bytes non-tlh="80" tlh="170361744" />
  <largest-consumer threadName="main" threadId="00000000021F7F00" bytes="170361824" />
</allocation-stats>
<gc-op id="3971" type="scavenge" timems="0.745" contextid="3968" timestamp="2019-08-08T09:56:00.679">
  <scavenger-info tenureage="3" tenuremask="fff8" tiltratio="90" />
  <memory-copied type="nursery" objects="132" bytes="3480" bytesdiscarded="28776" />
  <memory-copied type="tenure" objects="61" bytes="1736" bytesdiscarded="0" />
</gc-op>
<gc-end id="3972" type="scavenge" contextid="3968" durationms="0.919" usertimems="1.405" systemtimems="0.000" timestamp="2019-08-08T09:56:00.679" activeThreads="16">
  <mem-info id="3973" free="172305664" total="209584128" percent="82">
    <mem type="nursery" free="170426880" total="189399040" percent="89">
      <mem type="allocate" free="170426880" total="170459136" percent="99" />
      <mem type="survivor" free="0" total="18939904" percent="0" />
    </mem>
    <mem type="tenure" free="1878784" total="20185088" percent="9" macro-fragmented="0">
      <mem type="soa" free="1677056" total="19983360" percent="8" />
      <mem type="loa" free="201728" total="201728" percent="100" />
    </mem>
    <remembered-set count="148" />
  </mem-info>
</gc-end>
<cycle-end id="3974" type="scavenge" contextid="3968" timestamp="2019-08-08T09:56:00.679" />
  <attribute name="elasticGC enabled" value="1" />
  <attribute name= "numThreadsSpecified" value="16" />
  <attribute name="heapSize specified" value="51511296" />
  <attribute name="Current GC Util" value="1" />
  <attribute name= "Current Time Running" value="152530" />
  <attribute name ="GC Interval" value="2561" />
  <attribute name="Target GC Util Change" value ="80.000000" />
  <attribute name="Current GC Util Change" value="1.000000"/>
  <attribute name="Current Error" value="309.000000" />
  <attribute name="Output H" value="209660168"/>
  <attribute name="Output I" value="2560"/>
  <attribute name="Output T" value="16"/>
  <attribute name= "Current Time Running" value="152530" />
  <attribute name="GC Util currently" value="1" />
  <attribute name="CPU Util currently" value="6279066153" />
<allocation-satisfied id="3975" threadId="00000000021F7F00" bytesRequested="80" />
<af-end id="3976" timestamp="2019-08-08T09:56:00.679" threadId="00000000021F8888" success="true" from="nursery"/>
<exclusive-end id="3977" timestamp="2019-08-08T09:56:00.679" durationms="1.120" />

<exclusive-start id="3978" timestamp="2019-08-08T09:56:00.915" intervalms="237.278">
  <response-info timems="0.020" idlems="0.020" threads="0" lastid="00000000021F7F00" lastname="main" />
</exclusive-start>
<af-start id="3979" threadId="00000000021F8888" totalBytesRequested="32" timestamp="2019-08-08T09:56:00.915" intervalms="237.314" type="nursery" />
<cycle-start id="3980" type="scavenge" contextid="0" timestamp="2019-08-08T09:56:00.915" intervalms="237.404" />
<gc-start id="3981" type="scavenge" contextid="3980" timestamp="2019-08-08T09:56:00.916">
  <mem-info id="3982" free="1878784" total="209584128" percent="0">
    <mem type="nursery" free="0" total="189399040" percent="0">
      <mem type="allocate" free="0" total="170459136" percent="0" />
      <mem type="survivor" free="0" total="18939904" percent="0" />
    </mem>
    <mem type="tenure" free="1878784" total="20185088" percent="9">
      <mem type="soa" free="1677056" total="19983360" percent="8" />
      <mem type="loa" free="201728" total="201728" percent="100" />
    </mem>
    <remembered-set count="166" />
  </mem-info>
</gc-start>
<allocation-stats totalBytes="170416352" >
  <allocated-bytes non-tlh="80" tlh="170416272" />
  <largest-consumer threadName="main" threadId="00000000021F7F00" bytes="170416352" />
</allocation-stats>
<gc-op id="3983" type="scavenge" timems="2.268" contextid="3980" timestamp="2019-08-08T09:56:00.918">
  <scavenger-info tenureage="3" tenuremask="ffd8" tiltratio="90" />
  <memory-copied type="nursery" objects="169" bytes="4360" bytesdiscarded="27896" />
  <memory-copied type="tenure" objects="12" bytes="288" bytesdiscarded="0" />
</gc-op>
<gc-end id="3984" type="scavenge" contextid="3980" durationms="2.448" usertimems="4.947" systemtimems="0.000" timestamp="2019-08-08T09:56:00.918" activeThreads="16">
  <mem-info id="3985" free="172305664" total="209584128" percent="82">
    <mem type="nursery" free="170426880" total="189399040" percent="89">
      <mem type="allocate" free="170426880" total="170459136" percent="99" />
      <mem type="survivor" free="0" total="18939904" percent="0" />
    </mem>
    <mem type="tenure" free="1878784" total="20185088" percent="9" macro-fragmented="418667">
      <mem type="soa" free="1677056" total="19983360" percent="8" />
      <mem type="loa" free="201728" total="201728" percent="100" />
    </mem>
    <remembered-set count="162" />
  </mem-info>
</gc-end>
<cycle-end id="3986" type="scavenge" contextid="3980" timestamp="2019-08-08T09:56:00.918" />
  <attribute name="elasticGC enabled" value="1" />
  <attribute name= "numThreadsSpecified" value="16" />
  <attribute name="heapSize specified" value="51511296" />
  <attribute name="Current GC Util" value="0" />
  <attribute name= "Current Time Running" value="152768" />
  <attribute name ="GC Interval" value="2705" />
  <attribute name="Target GC Util Change" value ="80.000000" />
  <attribute name="Current GC Util Change" value="0.000000"/>
  <attribute name="Current Error" value="389.000000" />
  <attribute name="Output H" value="209660264"/>
  <attribute name="Output I" value="2704"/>
  <attribute name="Output T" value="16"/>
  <attribute name= "Current Time Running" value="152768" />
  <attribute name="GC Util currently" value="0" />
  <attribute name="CPU Util currently" value="4856492865" />
<allocation-satisfied id="3987" threadId="00000000021F7F00" bytesRequested="32" />
<af-end id="3988" timestamp="2019-08-08T09:56:00.918" threadId="00000000021F8888" success="true" from="nursery"/>
<exclusive-end id="3989" timestamp="2019-08-08T09:56:00.918" durationms="2.794" />

<exclusive-start id="3990" timestamp="2019-08-08T09:56:01.134" intervalms="218.995">
  <response-info timems="0.027" idlems="0.027" threads="0" lastid="00000000021F7F00" lastname="main" />
</exclusive-start>
<af-start id="3991" threadId="00000000021F8888" totalBytesRequested="32" timestamp="2019-08-08T09:56:01.134" intervalms="218.957" type="nursery" />
<cycle-start id="3992" type="scavenge" contextid="0" timestamp="2019-08-08T09:56:01.134" intervalms="218.865" />
<gc-start id="3993" type="scavenge" contextid="3992" timestamp="2019-08-08T09:56:01.134">
  <mem-info id="3994" free="1878784" total="209584128" percent="0">
    <mem type="nursery" free="0" total="189399040" percent="0">
      <mem type="allocate" free="0" total="170459136" percent="0" />
      <mem type="survivor" free="0" total="18939904" percent="0" />
    </mem>
    <mem type="tenure" free="1878784" total="20185088" percent="9">
      <mem type="soa" free="1677056" total="19983360" percent="8" />
      <mem type="loa" free="201728" total="201728" percent="100" />
    </mem>
    <remembered-set count="172" />
  </mem-info>
</gc-start>
<allocation-stats totalBytes="170378088" >
  <allocated-bytes non-tlh="32" tlh="170378056" />
  <largest-consumer threadName="main" threadId="00000000021F7F00" bytes="170378088" />
</allocation-stats>
<gc-op id="3995" type="scavenge" timems="2.309" contextid="3992" timestamp="2019-08-08T09:56:01.137">
  <scavenger-info tenureage="3" tenuremask="fd08" tiltratio="90" />
  <memory-copied type="nursery" objects="127" bytes="3776" bytesdiscarded="28480" />
  <memory-copied type="tenure" objects="70" bytes="1752" bytesdiscarded="0" />
</gc-op>
<gc-end id="3996" type="scavenge" contextid="3992" durationms="2.549" usertimems="4.524" systemtimems="0.000" timestamp="2019-08-08T09:56:01.137" activeThreads="16">
  <mem-info id="3997" free="172305664" total="209584128" percent="82">
    <mem type="nursery" free="170426880" total="189399040" percent="89">
      <mem type="allocate" free="170426880" total="170459136" percent="99" />
      <mem type="survivor" free="0" total="18939904" percent="0" />
    </mem>
    <mem type="tenure" free="1878784" total="20185088" percent="9" macro-fragmented="4388">
      <mem type="soa" free="1677056" total="19983360" percent="8" />
      <mem type="loa" free="201728" total="201728" percent="100" />
    </mem>
    <remembered-set count="147" />
  </mem-info>
</gc-end>
<cycle-end id="3998" type="scavenge" contextid="3992" timestamp="2019-08-08T09:56:01.137" />
  <attribute name="elasticGC enabled" value="1" />
  <attribute name= "numThreadsSpecified" value="16" />
  <attribute name="heapSize specified" value="51511296" />
  <attribute name="Current GC Util" value="2" />
  <attribute name= "Current Time Running" value="152987" />
  <attribute name ="GC Interval" value="2849" />
  <attribute name="Target GC Util Change" value ="80.000000" />
  <attribute name="Current GC Util Change" value="2.000000"/>
  <attribute name="Current Error" value="467.000000" />
  <attribute name="Output H" value="209660352"/>
  <attribute name="Output I" value="2848"/>
  <attribute name="Output T" value="16"/>
  <attribute name= "Current Time Running" value="152987" />
  <attribute name="GC Util currently" value="2" />
  <attribute name="CPU Util currently" value="5268214959" />
<allocation-satisfied id="3999" threadId="00000000021F7F00" bytesRequested="32" />
<af-end id="4000" timestamp="2019-08-08T09:56:01.137" threadId="00000000021F8888" success="true" from="nursery"/>
<exclusive-end id="4001" timestamp="2019-08-08T09:56:01.137" durationms="2.763" />

<exclusive-start id="4002" timestamp="2019-08-08T09:56:01.158" intervalms="23.966">
  <response-info timems="0.023" idlems="0.023" threads="0" lastid="00000000021F7F00" lastname="main" />
</exclusive-start>
<af-start id="4003" threadId="00000000021F8888" totalBytesRequested="32" timestamp="2019-08-08T09:56:01.158" intervalms="23.968" type="nursery" />
<cycle-start id="4004" type="scavenge" contextid="0" timestamp="2019-08-08T09:56:01.158" intervalms="23.970" />
<gc-start id="4005" type="scavenge" contextid="4004" timestamp="2019-08-08T09:56:01.158">
  <mem-info id="4006" free="1878784" total="209584128" percent="0">
    <mem type="nursery" free="0" total="189399040" percent="0">
      <mem type="allocate" free="0" total="170459136" percent="0" />
      <mem type="survivor" free="0" total="18939904" percent="0" />
    </mem>
    <mem type="tenure" free="1878784" total="20185088" percent="9">
      <mem type="soa" free="1677056" total="19983360" percent="8" />
      <mem type="loa" free="201728" total="201728" percent="100" />
    </mem>
    <remembered-set count="147" />
  </mem-info>
</gc-start>
<allocation-stats totalBytes="170135232" >
  <allocated-bytes non-tlh="32" tlh="170135200" />
  <largest-consumer threadName="main" threadId="00000000021F7F00" bytes="170135232" />
</allocation-stats>
<gc-op id="4007" type="scavenge" timems="0.699" contextid="4004" timestamp="2019-08-08T09:56:01.159">
  <scavenger-info tenureage="3" tenuremask="f808" tiltratio="90" />
  <memory-copied type="nursery" objects="103" bytes="3176" bytesdiscarded="12952" />
  <memory-copied type="tenure" objects="25" bytes="624" bytesdiscarded="0" />
</gc-op>
<gc-end id="4008" type="scavenge" contextid="4004" durationms="0.898" usertimems="1.533" systemtimems="0.000" timestamp="2019-08-08T09:56:01.159" activeThreads="16">
  <mem-info id="4009" free="172321792" total="209584128" percent="82">
    <mem type="nursery" free="170443008" total="189399040" percent="89">
      <mem type="allocate" free="170443008" total="170459136" percent="99" />
      <mem type="survivor" free="0" total="18939904" percent="0" />
    </mem>
    <mem type="tenure" free="1878784" total="20185088" percent="9" macro-fragmented="0">
      <mem type="soa" free="1677056" total="19983360" percent="8" />
      <mem type="loa" free="201728" total="201728" percent="100" />
    </mem>
    <remembered-set count="138" />
  </mem-info>
</gc-end>
<cycle-end id="4010" type="scavenge" contextid="4004" timestamp="2019-08-08T09:56:01.159" />
  <attribute name="elasticGC enabled" value="1" />
  <attribute name= "numThreadsSpecified" value="16" />
  <attribute name="heapSize specified" value="51511296" />
  <attribute name="Current GC Util" value="19" />
  <attribute name= "Current Time Running" value="153011" />
  <attribute name ="GC Interval" value="2121" />
  <attribute name="Target GC Util Change" value ="80.000000" />
  <attribute name="Current GC Util Change" value="19.000000"/>
  <attribute name="Current Error" value="61.000000" />
  <attribute name="Output H" value="209659880"/>
  <attribute name="Output I" value="2120"/>
  <attribute name="Output T" value="16"/>
  <attribute name= "Current Time Running" value="153011" />
  <attribute name="GC Util currently" value="19" />
  <attribute name="CPU Util currently" value="48056237088" />
<allocation-satisfied id="4011" threadId="00000000021F7F00" bytesRequested="32" />
<af-end id="4012" timestamp="2019-08-08T09:56:01.159" threadId="00000000021F8888" success="true" from="nursery"/>
<exclusive-end id="4013" timestamp="2019-08-08T09:56:01.159" durationms="1.113" />

<exclusive-start id="4014" timestamp="2019-08-08T09:56:01.302" intervalms="143.725">
  <response-info timems="0.023" idlems="0.023" threads="0" lastid="00000000021F7F00" lastname="main" />
</exclusive-start>
<af-start id="4015" threadId="00000000021F8888" totalBytesRequested="1008" timestamp="2019-08-08T09:56:01.302" intervalms="143.733" type="nursery" />
<cycle-start id="4016" type="scavenge" contextid="0" timestamp="2019-08-08T09:56:01.302" intervalms="143.737" />
<gc-start id="4017" type="scavenge" contextid="4016" timestamp="2019-08-08T09:56:01.302">
  <mem-info id="4018" free="1878784" total="209584128" percent="0">
    <mem type="nursery" free="0" total="189399040" percent="0">
      <mem type="allocate" free="0" total="170459136" percent="0" />
      <mem type="survivor" free="0" total="18939904" percent="0" />
    </mem>
    <mem type="tenure" free="1878784" total="20185088" percent="9">
      <mem type="soa" free="1677056" total="19983360" percent="8" />
      <mem type="loa" free="201728" total="201728" percent="100" />
    </mem>
    <remembered-set count="147" />
  </mem-info>
</gc-start>
<allocation-stats totalBytes="170270376" >
  <allocated-bytes non-tlh="32" tlh="170270344" />
  <largest-consumer threadName="main" threadId="00000000021F7F00" bytes="170270376" />
</allocation-stats>
<gc-op id="4019" type="scavenge" timems="3.738" contextid="4016" timestamp="2019-08-08T09:56:01.306">
  <scavenger-info tenureage="3" tenuremask="fe08" tiltratio="90" />
  <memory-copied type="nursery" objects="85" bytes="5408" bytesdiscarded="26848" />
  <memory-copied type="tenure" objects="54" bytes="1296" bytesdiscarded="0" />
  <references type="weak" candidates="2" cleared="0" enqueued="0" />
</gc-op>
<gc-end id="4020" type="scavenge" contextid="4016" durationms="3.925" usertimems="3.737" systemtimems="0.000" timestamp="2019-08-08T09:56:01.306" activeThreads="16">
  <mem-info id="4021" free="172305664" total="209584128" percent="82">
    <mem type="nursery" free="170426880" total="189399040" percent="89">
      <mem type="allocate" free="170426880" total="170459136" percent="99" />
      <mem type="survivor" free="0" total="18939904" percent="0" />
    </mem>
    <mem type="tenure" free="1878784" total="20185088" percent="9" macro-fragmented="0">
      <mem type="soa" free="1677056" total="19983360" percent="8" />
      <mem type="loa" free="201728" total="201728" percent="100" />
    </mem>
    <remembered-set count="129" />
  </mem-info>
</gc-end>
<cycle-end id="4022" type="scavenge" contextid="4016" timestamp="2019-08-08T09:56:01.306" />
  <attribute name="elasticGC enabled" value="1" />
  <attribute name= "numThreadsSpecified" value="16" />
  <attribute name="heapSize specified" value="51511296" />
  <attribute name="Current GC Util" value="1" />
  <attribute name= "Current Time Running" value="153154" />
  <attribute name ="GC Interval" value="2265" />
  <attribute name="Target GC Util Change" value ="80.000000" />
  <attribute name="Current GC Util Change" value="1.000000"/>
  <attribute name="Current Error" value="140.000000" />
  <attribute name="Output H" value="209659976"/>
  <attribute name="Output I" value="2264"/>
  <attribute name="Output T" value="16"/>
  <attribute name= "Current Time Running" value="153154" />
  <attribute name="GC Util currently" value="1" />
  <attribute name="CPU Util currently" value="8019114360" />
<allocation-satisfied id="4023" threadId="00000000021F7F00" bytesRequested="1008" />
<af-end id="4024" timestamp="2019-08-08T09:56:01.306" threadId="00000000021F8888" success="true" from="nursery"/>
<exclusive-end id="4025" timestamp="2019-08-08T09:56:01.306" durationms="4.195" />

<exclusive-start id="4026" timestamp="2019-08-08T09:56:01.646" intervalms="343.616">
  <response-info timems="0.017" idlems="0.017" threads="0" lastid="00000000021F7F00" lastname="main" />
</exclusive-start>
<af-start id="4027" threadId="00000000021F8888" totalBytesRequested="80" timestamp="2019-08-08T09:56:01.646" intervalms="343.606" type="nursery" />
<cycle-start id="4028" type="scavenge" contextid="0" timestamp="2019-08-08T09:56:01.646" intervalms="343.602" />
<gc-start id="4029" type="scavenge" contextid="4028" timestamp="2019-08-08T09:56:01.646">
  <mem-info id="4030" free="1878784" total="209584128" percent="0">
    <mem type="nursery" free="0" total="189399040" percent="0">
      <mem type="allocate" free="0" total="170459136" percent="0" />
      <mem type="survivor" free="0" total="18939904" percent="0" />
    </mem>
    <mem type="tenure" free="1878784" total="20185088" percent="9">
      <mem type="soa" free="1677056" total="19983360" percent="8" />
      <mem type="loa" free="201728" total="201728" percent="100" />
    </mem>
    <remembered-set count="133" />
  </mem-info>
</gc-start>
<allocation-stats totalBytes="170317704" >
  <allocated-bytes non-tlh="1008" tlh="170316696" />
  <largest-consumer threadName="main" threadId="00000000021F7F00" bytes="170317704" />
</allocation-stats>
<gc-op id="4031" type="scavenge" timems="1.368" contextid="4028" timestamp="2019-08-08T09:56:01.647">
  <scavenger-info tenureage="5" tenuremask="ffe0" tiltratio="90" />
  <memory-copied type="nursery" objects="86" bytes="2312" bytesdiscarded="46072" />
  <references type="weak" candidates="2" cleared="0" enqueued="0" />
</gc-op>
<gc-end id="4032" type="scavenge" contextid="4028" durationms="1.587" usertimems="3.180" systemtimems="0.000" timestamp="2019-08-08T09:56:01.647" activeThreads="16">
  <mem-info id="4033" free="172289536" total="209584128" percent="82">
    <mem type="nursery" free="170410752" total="189399040" percent="89">
      <mem type="allocate" free="170410752" total="170459136" percent="99" />
      <mem type="survivor" free="0" total="18939904" percent="0" />
    </mem>
    <mem type="tenure" free="1878784" total="20185088" percent="9" macro-fragmented="8208">
      <mem type="soa" free="1677056" total="19983360" percent="8" />
      <mem type="loa" free="201728" total="201728" percent="100" />
    </mem>
    <remembered-set count="133" />
  </mem-info>
</gc-end>
<cycle-end id="4034" type="scavenge" contextid="4028" timestamp="2019-08-08T09:56:01.647" />
  <attribute name="elasticGC enabled" value="1" />
  <attribute name= "numThreadsSpecified" value="16" />
  <attribute name="heapSize specified" value="51511296" />
  <attribute name="Current GC Util" value="0" />
  <attribute name= "Current Time Running" value="153498" />
  <attribute name ="GC Interval" value="2409" />
  <attribute name="Target GC Util Change" value ="80.000000" />
  <attribute name="Current GC Util Change" value="0.000000"/>
  <attribute name="Current Error" value="220.000000" />
  <attribute name="Output H" value="209660064"/>
  <attribute name="Output I" value="2408"/>
  <attribute name="Output T" value="16"/>
  <attribute name= "Current Time Running" value="153498" />
  <attribute name="GC Util currently" value="0" />
  <attribute name="CPU Util currently" value="3355599046" />
<allocation-satisfied id="4035" threadId="00000000021F7F00" bytesRequested="80" />
<af-end id="4036" timestamp="2019-08-08T09:56:01.647" threadId="00000000021F8888" success="true" from="nursery"/>
<exclusive-end id="4037" timestamp="2019-08-08T09:56:01.647" durationms="1.804" />

<exclusive-start id="4038" timestamp="2019-08-08T09:56:01.882" intervalms="236.524">
  <response-info timems="0.021" idlems="0.021" threads="0" lastid="00000000021F7F00" lastname="main" />
</exclusive-start>
<af-start id="4039" threadId="00000000021F8888" totalBytesRequested="544" timestamp="2019-08-08T09:56:01.882" intervalms="236.532" type="nursery" />
<cycle-start id="4040" type="scavenge" contextid="0" timestamp="2019-08-08T09:56:01.882" intervalms="236.537" />
<gc-start id="4041" type="scavenge" contextid="4040" timestamp="2019-08-08T09:56:01.882">
  <mem-info id="4042" free="1878784" total="209584128" percent="0">
    <mem type="nursery" free="0" total="189399040" percent="0">
      <mem type="allocate" free="0" total="170459136" percent="0" />
      <mem type="survivor" free="0" total="18939904" percent="0" />
    </mem>
    <mem type="tenure" free="1878784" total="20185088" percent="9">
      <mem type="soa" free="1677056" total="19983360" percent="8" />
      <mem type="loa" free="201728" total="201728" percent="100" />
    </mem>
    <remembered-set count="135" />
  </mem-info>
</gc-start>
<allocation-stats totalBytes="170316616" >
  <allocated-bytes non-tlh="80" tlh="170316536" />
  <largest-consumer threadName="main" threadId="00000000021F7F00" bytes="170316616" />
</allocation-stats>
<gc-op id="4043" type="scavenge" timems="0.798" contextid="4040" timestamp="2019-08-08T09:56:01.883">
  <scavenger-info tenureage="4" tenuremask="fa10" tiltratio="90" />
  <memory-copied type="nursery" objects="63" bytes="2256" bytesdiscarded="46128" />
  <memory-copied type="tenure" objects="30" bytes="720" bytesdiscarded="0" />
  <references type="weak" candidates="2" cleared="0" enqueued="0" />
</gc-op>
<gc-end id="4044" type="scavenge" contextid="4040" durationms="1.048" usertimems="1.560" systemtimems="0.000" timestamp="2019-08-08T09:56:01.883" activeThreads="16">
  <mem-info id="4045" free="172289536" total="209584128" percent="82">
    <mem type="nursery" free="170410752" total="189399040" percent="89">
      <mem type="allocate" free="170410752" total="170459136" percent="99" />
      <mem type="survivor" free="0" total="18939904" percent="0" />
    </mem>
    <mem type="tenure" free="1878784" total="20185088" percent="9" macro-fragmented="0">
      <mem type="soa" free="1677056" total="19983360" percent="8" />
      <mem type="loa" free="201728" total="201728" percent="100" />
    </mem>
    <remembered-set count="125" />
  </mem-info>
</gc-end>
<cycle-end id="4046" type="scavenge" contextid="4040" timestamp="2019-08-08T09:56:01.883" />
  <attribute name="elasticGC enabled" value="1" />
  <attribute name= "numThreadsSpecified" value="16" />
  <attribute name="heapSize specified" value="51511296" />
  <attribute name="Current GC Util" value="1" />
  <attribute name= "Current Time Running" value="153735" />
  <attribute name ="GC Interval" value="2545" />
  <attribute name="Target GC Util Change" value ="80.000000" />
  <attribute name="Current GC Util Change" value="1.000000"/>
  <attribute name="Current Error" value="299.000000" />
  <attribute name="Output H" value="209660160"/>
  <attribute name="Output I" value="2544"/>
  <attribute name="Output T" value="16"/>
  <attribute name= "Current Time Running" value="153735" />
  <attribute name="GC Util currently" value="1" />
  <attribute name="CPU Util currently" value="4873922115" />
<allocation-satisfied id="4047" threadId="00000000021F7F00" bytesRequested="544" />
<af-end id="4048" timestamp="2019-08-08T09:56:01.883" threadId="00000000021F8888" success="true" from="nursery"/>
<exclusive-end id="4049" timestamp="2019-08-08T09:56:01.883" durationms="1.291" />

* Round 4 done in 2.531 seconds.

-------------------------------------------------------------------------------
Benchmark: 2019-08-08 09:55:35
-------------------------------------------------------------------------------

    Rounds: 4
    Warp:   10
    Timer:  time.time

Test                             minimum  average  operation  overhead
-------------------------------------------------------------------------------
          BuiltinFunctionCalls:     19ms    107ms    0.21us    0.000ms
           BuiltinMethodLookup:     54ms    187ms    0.18us    0.000ms
                 CompareFloats:     16ms    211ms    0.18us    0.000ms
         CompareFloatsIntegers:     18ms    114ms    0.13us    0.000ms
               CompareIntegers:     25ms     92ms    0.05us    0.000ms
        CompareInternedStrings:     37ms    175ms    0.12us    0.000ms
                  CompareLongs:     16ms     64ms    0.06us    0.000ms
                CompareStrings:     30ms     84ms    0.08us    0.000ms
                CompareUnicode:     21ms     61ms    0.08us    0.000ms
                 ConcatStrings:     88ms    495ms    0.99us    0.000ms
                 ConcatUnicode:     64ms     93ms    0.31us    0.000ms
               CreateInstances:     47ms     84ms    0.75us    0.000ms
            CreateNewInstances:     68ms    133ms    1.59us    0.000ms
       CreateStringsWithConcat:     57ms    118ms    0.12us    0.000ms
       CreateUnicodeWithConcat:     19ms     49ms    0.12us    0.000ms
                  DictCreation:     35ms    110ms    0.27us    0.000ms
             DictWithFloatKeys:     16ms    142ms    0.16us    0.000ms
           DictWithIntegerKeys:     20ms     69ms    0.06us    0.000ms
            DictWithStringKeys:     21ms     72ms    0.06us    0.000ms
                      ForLoops:    106ms    195ms    7.81us    0.000ms
                    IfThenElse:     22ms    108ms    0.08us    0.000ms
                   ListSlicing:      7ms     25ms    1.82us    0.000ms
                NestedForLoops:     92ms    130ms    0.09us    0.000ms
          NormalClassAttribute:     26ms     96ms    0.08us    0.000ms
       NormalInstanceAttribute:     24ms     78ms    0.07us    0.000ms
           PythonFunctionCalls:     26ms    107ms    0.32us    0.000ms
             PythonMethodCalls:     34ms     95ms    0.42us    0.000ms
                     Recursion:     41ms    178ms    3.56us    0.000ms
                  SecondImport:     36ms     94ms    0.94us    0.000ms
           SecondPackageImport:     34ms     50ms    0.50us    0.000ms
         SecondSubmoduleImport:     55ms     89ms    0.89us    0.000ms
       SimpleComplexArithmetic:     15ms    121ms    0.14us    0.000ms
        SimpleDictManipulation:     27ms    111ms    0.09us    0.000ms
         SimpleFloatArithmetic:     20ms    183ms    0.14us    0.000ms
      SimpleIntFloatArithmetic:     21ms    149ms    0.11us    0.000ms
       SimpleIntegerArithmetic:     22ms    110ms    0.08us    0.000ms
        SimpleListManipulation:     40ms    149ms    0.13us    0.000ms
          SimpleLongArithmetic:     24ms    100ms    0.15us    0.000ms
                    SmallLists:     45ms     91ms    0.13us    0.000ms
                   SmallTuples:     49ms    152ms    0.28us    0.000ms
         SpecialClassAttribute:     28ms     86ms    0.07us    0.000ms
      SpecialInstanceAttribute:     26ms     86ms    0.07us    0.000ms
                StringMappings:     65ms    262ms    1.04us    0.000ms
              StringPredicates:     42ms    128ms    0.18us    0.000ms
                 StringSlicing:     30ms     62ms    0.11us    0.000ms
                     TryExcept:      2ms     30ms    0.01us    0.000ms
                TryRaiseExcept:     81ms    121ms    1.88us    0.000ms
                  TupleSlicing:     21ms     41ms    0.16us    0.000ms
               UnicodeMappings:     97ms    182ms    5.04us    0.000ms
             UnicodePredicates:     55ms    121ms    0.22us    0.000ms
             UnicodeProperties:    385ms    592ms    1.48us    0.000ms
                UnicodeSlicing:     31ms     60ms    0.12us    0.000ms
-------------------------------------------------------------------------------
Totals:                           2300ms   6641ms

===== DaCapo 9.12-MR1 jython PASSED in 30691 msec =====
<exclusive-start id="4050" timestamp="2019-08-08T09:56:02.104" intervalms="221.961">
  <response-info timems="0.118" idlems="0.118" threads="0" lastid="00000000021F7F00" lastname="main" />
</exclusive-start>
<af-start id="4051" threadId="00000000021F8888" totalBytesRequested="57832" timestamp="2019-08-08T09:56:02.104" intervalms="221.949" type="nursery" />
<cycle-start id="4052" type="scavenge" contextid="0" timestamp="2019-08-08T09:56:02.104" intervalms="221.946" />
<gc-start id="4053" type="scavenge" contextid="4052" timestamp="2019-08-08T09:56:02.104">
  <mem-info id="4054" free="1841648" total="209584128" percent="0">
    <mem type="nursery" free="0" total="189399040" percent="0">
      <mem type="allocate" free="0" total="170459136" percent="0" />
      <mem type="survivor" free="0" total="18939904" percent="0" />
    </mem>
    <mem type="tenure" free="1841648" total="20185088" percent="9">
      <mem type="soa" free="1639920" total="19983360" percent="8" />
      <mem type="loa" free="201728" total="201728" percent="100" />
    </mem>
    <remembered-set count="664" />
  </mem-info>
</gc-start>
<allocation-stats totalBytes="165572776" >
  <allocated-bytes non-tlh="205816" tlh="165366960" />
  <largest-consumer threadName="main" threadId="00000000021F7F00" bytes="165572776" />
</allocation-stats>
<gc-op id="4055" type="scavenge" timems="2.768" contextid="4052" timestamp="2019-08-08T09:56:02.107">
  <scavenger-info tenureage="3" tenuremask="f008" tiltratio="90" />
  <memory-copied type="nursery" objects="4022" bytes="601424" bytesdiscarded="63800" />
  <memory-copied type="tenure" objects="26" bytes="640" bytesdiscarded="0" />
  <finalization candidates="1" enqueued="1" />
  <ownableSynchronizers candidates="3" cleared="3" />
  <references type="soft" candidates="16" cleared="0" enqueued="0" dynamicThreshold="3" maxThreshold="32" />
  <references type="weak" candidates="79" cleared="62" enqueued="60" />
  <references type="phantom" candidates="38" cleared="11" enqueued="11" />
</gc-op>
<gc-end id="4056" type="scavenge" contextid="4052" durationms="3.160" usertimems="7.998" systemtimems="0.000" timestamp="2019-08-08T09:56:02.107" activeThreads="16">
  <mem-info id="4057" free="171635432" total="209584128" percent="81">
    <mem type="nursery" free="169793784" total="189399040" percent="89">
      <mem type="allocate" free="169793784" total="170459136" percent="99" />
      <mem type="survivor" free="0" total="18939904" percent="0" />
    </mem>
    <mem type="tenure" free="1841648" total="20185088" percent="9" macro-fragmented="0">
      <mem type="soa" free="1639920" total="19983360" percent="8" />
      <mem type="loa" free="201728" total="201728" percent="100" />
    </mem>
    <pending-finalizers system="1" default="0" reference="71" classloader="0" />
    <remembered-set count="646" />
  </mem-info>
</gc-end>
<cycle-end id="4058" type="scavenge" contextid="4052" timestamp="2019-08-08T09:56:02.107" />
  <attribute name="elasticGC enabled" value="1" />
  <attribute name= "numThreadsSpecified" value="16" />
  <attribute name="heapSize specified" value="51511296" />
  <attribute name="Current GC Util" value="0" />
  <attribute name= "Current Time Running" value="153956" />
  <attribute name ="GC Interval" value="2689" />
  <attribute name="Target GC Util Change" value ="80.000000" />
  <attribute name="Current GC Util Change" value="0.000000"/>
  <attribute name="Current Error" value="379.000000" />
  <attribute name="Output H" value="209660248"/>
  <attribute name="Output I" value="2688"/>
  <attribute name="Output T" value="16"/>
  <attribute name= "Current Time Running" value="153956" />
  <attribute name="GC Util currently" value="0" />
  <attribute name="CPU Util currently" value="5194558177" />
<allocation-satisfied id="4059" threadId="00000000021F7F00" bytesRequested="57832" />
<af-end id="4060" timestamp="2019-08-08T09:56:02.108" threadId="00000000021F8888" success="true" from="nursery"/>
<exclusive-end id="4061" timestamp="2019-08-08T09:56:02.108" durationms="3.452" />

<exclusive-start id="4062" timestamp="2019-08-08T09:56:02.121" intervalms="16.780">
  <response-info timems="0.209" idlems="0.209" threads="0" lastid="00000000021F7F00" lastname="main" />
</exclusive-start>
<sys-start reason="explicit" id="4063" timestamp="2019-08-08T09:56:02.121" intervalms="30980.883" />
<cycle-start id="4064" type="global" contextid="0" timestamp="2019-08-08T09:56:02.121" intervalms="21708.166" />
<gc-start id="4065" type="global" contextid="4064" timestamp="2019-08-08T09:56:02.121">
  <mem-info id="4066" free="26578824" total="209584128" percent="12">
    <mem type="nursery" free="24737176" total="189399040" percent="13">
      <mem type="allocate" free="24737176" total="170459136" percent="14" />
      <mem type="survivor" free="0" total="18939904" percent="0" />
    </mem>
    <mem type="tenure" free="1841648" total="20185088" percent="9">
      <mem type="soa" free="1639920" total="19983360" percent="8" />
      <mem type="loa" free="201728" total="201728" percent="100" />
    </mem>
    <remembered-set count="649" />
  </mem-info>
</gc-start>
<allocation-stats totalBytes="135032464" >
  <allocated-bytes non-tlh="73954144" tlh="61078320" />
  <largest-consumer threadName="main" threadId="00000000021F7F00" bytes="135028368" />
</allocation-stats>
<gc-op id="4067" type="mark" timems="19.625" contextid="4064" timestamp="2019-08-08T09:56:02.141">
  <trace-info objectcount="600287" scancount="520574" scanbytes="13398360" />
  <finalization candidates="80" enqueued="0" />
  <ownableSynchronizers candidates="21" cleared="0" />
  <references type="soft" candidates="3301" cleared="1433" enqueued="722" dynamicThreshold="3" maxThreshold="32" />
  <references type="weak" candidates="5607" cleared="8" enqueued="5" />
  <references type="phantom" candidates="100" cleared="0" enqueued="0" />
  <stringconstants candidates="14083" cleared="392"  />
</gc-op>
<gc-op id="4068" type="classunload" timems="0.583" contextid="4064" timestamp="2019-08-08T09:56:02.142">
  <classunload-info classloadercandidates="56" classloadersunloaded="2" classesunloaded="2" anonymousclassesunloaded="0" quiescems="0.407" setupms="0.557" scanms="0.021" postms="0.005" />
</gc-op>
<gc-op id="4069" type="sweep" timems="2.086" contextid="4064" timestamp="2019-08-08T09:56:02.144" />
<mem-info id="4070" free="172161912" total="209584128" percent="82">
  <mem type="nursery" free="170005096" total="189399040" percent="89">
    <mem type="allocate" free="170005096" total="170459136" percent="99" />
    <mem type="survivor" free="0" total="18939904" percent="0" />
  </mem>
  <mem type="tenure" free="2156816" total="20185088" percent="10" micro-fragmented="47577" macro-fragmented="418667">
    <mem type="soa" free="1955088" total="19983360" percent="9" />
    <mem type="loa" free="201728" total="201728" percent="100" />
  </mem>
  <pending-finalizers system="0" default="0" reference="727" classloader="0" />
  <remembered-set count="619" />
</mem-info>
<gc-op id="4071" type="compact" timems="150.133" contextid="4064" timestamp="2019-08-08T09:56:02.294">
  <compact-info movecount="594078" movebytes="18100032" reason="compact to aid heap contraction" />
</gc-op>
<heap-resize id="4072" type="expand" space="tenure" amount="131072" count="1" timems="0.025" reason="satisfy allocation request" timestamp="2019-08-08T09:56:02.295" />
<gc-end id="4073" type="global" contextid="4064" durationms="174.229" usertimems="239.398" systemtimems="0.000" timestamp="2019-08-08T09:56:02.295" activeThreads="16">
  <mem-info id="4074" free="172346136" total="209715200" percent="82">
    <mem type="nursery" free="170007544" total="189399040" percent="89">
      <mem type="allocate" free="170007544" total="170459136" percent="99" />
      <mem type="survivor" free="0" total="18939904" percent="0" />
    </mem>
    <mem type="tenure" free="2338592" total="20316160" percent="11">
      <mem type="soa" free="2135840" total="20113408" percent="10" />
      <mem type="loa" free="202752" total="202752" percent="100" />
    </mem>
    <pending-finalizers system="0" default="0" reference="727" classloader="0" />
    <remembered-set count="619" />
  </mem-info>
</gc-end>
<cycle-end id="4075" type="global" contextid="4064" timestamp="2019-08-08T09:56:02.295" />
  <attribute name="elasticGC enabled" value="1" />
  <attribute name= "numThreadsSpecified" value="16" />
  <attribute name="heapSize specified" value="209584128" />
  <attribute name="Current GC Util" value="11" />
  <attribute name= "Current Time Running" value="154147" />
  <attribute name ="GC Interval" value="2689" />
  <attribute name="Target GC Util Change" value ="80.000000" />
  <attribute name="Current GC Util Change" value="11.000000"/>
  <attribute name="Current Error" value="-245.000000" />
  <attribute name="Output H" value="209659528"/>
  <attribute name="Output I" value="1576"/>
  <attribute name="Output T" value="16"/>
  <attribute name= "Current Time Running" value="154147" />
  <attribute name="GC Util currently" value="11" />
  <attribute name="CPU Util currently" value="7677231459" />
<sys-end id="4076" timestamp="2019-08-08T09:56:02.295" />
<exclusive-end id="4077" timestamp="2019-08-08T09:56:02.295" durationms="174.454" />

===== DaCapo 9.12-MR1 pmd starting =====
<exclusive-start id="4078" timestamp="2019-08-08T09:56:03.949" intervalms="1828.171">
  <response-info timems="0.341" idlems="0.341" threads="0" lastid="00000000024E2300" lastname="PmdThread 12" />
</exclusive-start>
<af-start id="4079" threadId="00000000024E2C88" totalBytesRequested="40" timestamp="2019-08-08T09:56:03.949" intervalms="1844.977" type="nursery" />
<cycle-start id="4080" type="scavenge" contextid="0" timestamp="2019-08-08T09:56:03.949" intervalms="1844.989" />
<gc-start id="4081" type="scavenge" contextid="4080" timestamp="2019-08-08T09:56:03.949">
  <mem-info id="4082" free="2126400" total="209715200" percent="1">
    <mem type="nursery" free="0" total="189399040" percent="0">
      <mem type="allocate" free="0" total="170459136" percent="0" />
      <mem type="survivor" free="0" total="18939904" percent="0" />
    </mem>
    <mem type="tenure" free="2126400" total="20316160" percent="10">
      <mem type="soa" free="1923648" total="20113408" percent="9" />
      <mem type="loa" free="202752" total="202752" percent="100" />
    </mem>
    <remembered-set count="3914" />
  </mem-info>
</gc-start>
<allocation-stats totalBytes="170108288" >
  <allocated-bytes non-tlh="619712" tlh="169488576" />
  <largest-consumer threadName="PmdThread 4" threadId="0000000002500200" bytes="19612352" />
</allocation-stats>
<gc-op id="4083" type="scavenge" timems="16.249" contextid="4080" timestamp="2019-08-08T09:56:03.965">
  <scavenger-info tenureage="3" tenuremask="ffe8" tiltratio="90" />
  <memory-copied type="nursery" objects="357263" bytes="16035192" bytesdiscarded="196888" />
  <finalization candidates="4" enqueued="0" />
  <ownableSynchronizers candidates="61" cleared="42" />
  <references type="soft" candidates="171" cleared="0" enqueued="0" dynamicThreshold="3" maxThreshold="32" />
  <references type="weak" candidates="2163" cleared="1750" enqueued="1682" />
  <references type="phantom" candidates="566" cleared="268" enqueued="268" />
</gc-op>
<gc-end id="4084" type="scavenge" contextid="4080" durationms="16.878" usertimems="106.277" systemtimems="0.000" timestamp="2019-08-08T09:56:03.966" activeThreads="16">
  <mem-info id="4085" free="144786808" total="209715200" percent="69">
    <mem type="nursery" free="142660408" total="189399040" percent="75">
      <mem type="allocate" free="142660408" total="158924800" percent="89" />
      <mem type="survivor" free="0" total="30474240" percent="0" />
    </mem>
    <mem type="tenure" free="2126400" total="20316160" percent="10" macro-fragmented="1800196">
      <mem type="soa" free="1923648" total="20113408" percent="9" />
      <mem type="loa" free="202752" total="202752" percent="100" />
    </mem>
    <pending-finalizers system="0" default="0" reference="1950" classloader="0" />
    <remembered-set count="3883" />
  </mem-info>
</gc-end>
<cycle-end id="4086" type="scavenge" contextid="4080" timestamp="2019-08-08T09:56:03.966" />
  <attribute name="elasticGC enabled" value="1" />
  <attribute name= "numThreadsSpecified" value="16" />
  <attribute name="heapSize specified" value="209584128" />
  <attribute name="Current GC Util" value="9" />
  <attribute name= "Current Time Running" value="155801" />
  <attribute name ="GC Interval" value="1705" />
  <attribute name="Target GC Util Change" value ="80.000000" />
  <attribute name="Current GC Util Change" value="9.000000"/>
  <attribute name="Current Error" value="-174.000000" />
  <attribute name="Output H" value="209790680"/>
  <attribute name="Output I" value="1704"/>
  <attribute name="Output T" value="16"/>
  <attribute name= "Current Time Running" value="155801" />
  <attribute name="GC Util currently" value="9" />
  <attribute name="CPU Util currently" value="14" />
<allocation-satisfied id="4087" threadId="00000000024E2300" bytesRequested="40" />
<af-end id="4088" timestamp="2019-08-08T09:56:03.966" threadId="00000000024E2C88" success="true" from="nursery"/>
<exclusive-end id="4089" timestamp="2019-08-08T09:56:03.966" durationms="17.352" />

<exclusive-start id="4090" timestamp="2019-08-08T09:56:04.984" intervalms="1034.981">
  <response-info timems="8.320" idlems="8.320" threads="0" lastid="000000000253C100" lastname="PmdThread 14" />
</exclusive-start>
<af-start id="4091" threadId="000000000253CA88" totalBytesRequested="32" timestamp="2019-08-08T09:56:04.984" intervalms="1035.013" type="nursery" />
<cycle-start id="4092" type="scavenge" contextid="0" timestamp="2019-08-08T09:56:04.984" intervalms="1035.005" />
<gc-start id="4093" type="scavenge" contextid="4092" timestamp="2019-08-08T09:56:04.984">
  <mem-info id="4094" free="2105304" total="209715200" percent="1">
    <mem type="nursery" free="0" total="189399040" percent="0">
      <mem type="allocate" free="0" total="158924800" percent="0" />
      <mem type="survivor" free="0" total="30474240" percent="0" />
    </mem>
    <mem type="tenure" free="2105304" total="20316160" percent="10">
      <mem type="soa" free="1902552" total="20113408" percent="9" />
      <mem type="loa" free="202752" total="202752" percent="100" />
    </mem>
    <remembered-set count="4118" />
  </mem-info>
</gc-start>
<allocation-stats totalBytes="142623592" >
  <allocated-bytes non-tlh="21136" tlh="142602456" />
  <largest-consumer threadName="PmdThread 12" threadId="00000000024E2300" bytes="24736264" />
</allocation-stats>
<gc-op id="4095" type="scavenge" timems="15.828" contextid="4092" timestamp="2019-08-08T09:56:05.000">
  <scavenger-info tenureage="5" tenuremask="ffe0" tiltratio="83" />
  <memory-copied type="nursery" objects="525431" bytes="22093096" bytesdiscarded="352032" />
  <finalization candidates="4" enqueued="0" />
  <ownableSynchronizers candidates="19" cleared="0" />
  <references type="soft" candidates="171" cleared="0" enqueued="0" dynamicThreshold="3" maxThreshold="32" />
  <references type="weak" candidates="1614" cleared="1200" enqueued="1199" />
  <references type="phantom" candidates="429" cleared="130" enqueued="130" />
</gc-op>
<gc-end id="4096" type="scavenge" contextid="4092" durationms="16.238" usertimems="98.254" systemtimems="0.000" timestamp="2019-08-08T09:56:05.000" activeThreads="16">
  <mem-info id="4097" free="135832576" total="209715200" percent="64">
    <mem type="nursery" free="133727272" total="189399040" percent="70">
      <mem type="allocate" free="133727272" total="156237824" percent="85" />
      <mem type="survivor" free="0" total="33161216" percent="0" />
    </mem>
    <mem type="tenure" free="2105304" total="20316160" percent="10" macro-fragmented="1500163">
      <mem type="soa" free="1902552" total="20113408" percent="9" />
      <mem type="loa" free="202752" total="202752" percent="100" />
    </mem>
    <pending-finalizers system="0" default="0" reference="1329" classloader="0" />
    <remembered-set count="3668" />
  </mem-info>
</gc-end>
<cycle-end id="4098" type="scavenge" contextid="4092" timestamp="2019-08-08T09:56:05.001" />
  <attribute name="elasticGC enabled" value="1" />
  <attribute name= "numThreadsSpecified" value="16" />
  <attribute name="heapSize specified" value="209584128" />
  <attribute name="Current GC Util" value="7" />
  <attribute name= "Current Time Running" value="156836" />
  <attribute name ="GC Interval" value="1833" />
  <attribute name="Target GC Util Change" value ="80.000000" />
  <attribute name="Current GC Util Change" value="7.000000"/>
  <attribute name="Current Error" value="-101.000000" />
  <attribute name="Output H" value="209790768"/>
  <attribute name="Output I" value="1832"/>
  <attribute name="Output T" value="16"/>
  <attribute name= "Current Time Running" value="156836" />
  <attribute name="GC Util currently" value="7" />
  <attribute name="CPU Util currently" value="1113922070" />
<allocation-satisfied id="4099" threadId="000000000253C100" bytesRequested="32" />
<af-end id="4100" timestamp="2019-08-08T09:56:05.001" threadId="000000000253CA88" success="true" from="nursery"/>
<exclusive-end id="4101" timestamp="2019-08-08T09:56:05.001" durationms="16.594" />

<exclusive-start id="4102" timestamp="2019-08-08T09:56:05.693" intervalms="709.281">
  <response-info timems="0.743" idlems="0.743" threads="0" lastid="00000000024ED700" lastname="PmdThread 1" />
</exclusive-start>
<af-start id="4103" threadId="00000000024EE088" totalBytesRequested="16" timestamp="2019-08-08T09:56:05.693" intervalms="709.235" type="nursery" />
<cycle-start id="4104" type="scavenge" contextid="0" timestamp="2019-08-08T09:56:05.693" intervalms="709.230" />
<gc-start id="4105" type="scavenge" contextid="4104" timestamp="2019-08-08T09:56:05.693">
  <mem-info id="4106" free="2080216" total="209715200" percent="0">
    <mem type="nursery" free="0" total="189399040" percent="0">
      <mem type="allocate" free="0" total="156237824" percent="0" />
      <mem type="survivor" free="0" total="33161216" percent="0" />
    </mem>
    <mem type="tenure" free="2080216" total="20316160" percent="10">
      <mem type="soa" free="1877464" total="20113408" percent="9" />
      <mem type="loa" free="202752" total="202752" percent="100" />
    </mem>
    <remembered-set count="3916" />
  </mem-info>
</gc-start>
<allocation-stats totalBytes="133696944" >
  <allocated-bytes non-tlh="468320" tlh="133228624" />
  <largest-consumer threadName="PmdThread 2" threadId="00000000024E9B00" bytes="21329184" />
</allocation-stats>
<gc-op id="4107" type="scavenge" timems="25.254" contextid="4104" timestamp="2019-08-08T09:56:05.719">
  <scavenger-info tenureage="3" tenuremask="fff8" tiltratio="82" />
  <memory-copied type="nursery" objects="422884" bytes="18316936" bytesdiscarded="354360" />
  <memory-copied type="tenure" objects="2002" bytes="374024" bytesdiscarded="864" />
  <finalization candidates="4" enqueued="0" />
  <ownableSynchronizers candidates="19" cleared="0" />
  <references type="soft" candidates="155" cleared="0" enqueued="0" dynamicThreshold="3" maxThreshold="32" />
  <references type="weak" candidates="1953" cleared="1548" enqueued="1537" />
  <references type="phantom" candidates="447" cleared="172" enqueued="172" />
</gc-op>
<gc-end id="4108" type="scavenge" contextid="4104" durationms="25.913" usertimems="131.202" systemtimems="29.302" timestamp="2019-08-08T09:56:05.719" activeThreads="16">
  <mem-info id="4109" free="140283728" total="209715200" percent="66">
    <mem type="nursery" free="138854256" total="189399040" percent="73">
      <mem type="allocate" free="138854256" total="157548544" percent="88" />
      <mem type="survivor" free="0" total="31850496" percent="0" />
    </mem>
    <mem type="tenure" free="1429472" total="20316160" percent="7" macro-fragmented="602881">
      <mem type="soa" free="1226720" total="20113408" percent="6" />
      <mem type="loa" free="202752" total="202752" percent="100" />
    </mem>
    <pending-finalizers system="0" default="0" reference="1709" classloader="0" />
    <remembered-set count="1396" />
  </mem-info>
</gc-end>
<cycle-end id="4110" type="scavenge" contextid="4104" timestamp="2019-08-08T09:56:05.719" />
  <attribute name="elasticGC enabled" value="1" />
  <attribute name= "numThreadsSpecified" value="16" />
  <attribute name="heapSize specified" value="209584128" />
  <attribute name="Current GC Util" value="13" />
  <attribute name= "Current Time Running" value="157546" />
  <attribute name ="GC Interval" value="1953" />
  <attribute name="Target GC Util Change" value ="80.000000" />
  <attribute name="Current GC Util Change" value="13.000000"/>
  <attribute name="Current Error" value="-34.000000" />
  <attribute name="Output H" value="209790848"/>
  <attribute name="Output I" value="1952"/>
  <attribute name="Output T" value="16"/>
  <attribute name= "Current Time Running" value="157546" />
  <attribute name="GC Util currently" value="13" />
  <attribute name="CPU Util currently" value="1625659675" />
<allocation-satisfied id="4111" threadId="00000000024ED700" bytesRequested="16" />
<af-end id="4112" timestamp="2019-08-08T09:56:05.719" threadId="00000000024EE088" success="true" from="nursery"/>
<exclusive-end id="4113" timestamp="2019-08-08T09:56:05.719" durationms="26.193" />

<exclusive-start id="4114" timestamp="2019-08-08T09:56:06.870" intervalms="1177.188">
  <response-info timems="0.160" idlems="0.160" threads="0" lastid="00000000024E2300" lastname="PmdThread 12" />
</exclusive-start>
<af-start id="4115" threadId="00000000024E2C88" totalBytesRequested="24" timestamp="2019-08-08T09:56:06.871" intervalms="1177.187" type="nursery" />
<cycle-start id="4116" type="scavenge" contextid="0" timestamp="2019-08-08T09:56:06.871" intervalms="1177.192" />
<gc-start id="4117" type="scavenge" contextid="4116" timestamp="2019-08-08T09:56:06.871">
  <mem-info id="4118" free="1405488" total="209715200" percent="0">
    <mem type="nursery" free="0" total="189399040" percent="0">
      <mem type="allocate" free="0" total="157548544" percent="0" />
      <mem type="survivor" free="0" total="31850496" percent="0" />
    </mem>
    <mem type="tenure" free="1405488" total="20316160" percent="6">
      <mem type="soa" free="1202736" total="20113408" percent="5" />
      <mem type="loa" free="202752" total="202752" percent="100" />
    </mem>
    <remembered-set count="1686" />
  </mem-info>
</gc-start>
<allocation-stats totalBytes="138781168" >
  <allocated-bytes non-tlh="24000" tlh="138757168" />
  <largest-consumer threadName="PmdThread 12" threadId="00000000024E2300" bytes="46083568" />
</allocation-stats>
<gc-op id="4119" type="scavenge" timems="14.419" contextid="4116" timestamp="2019-08-08T09:56:06.885">
  <scavenger-info tenureage="5" tenuremask="ffe0" tiltratio="83" />
  <memory-copied type="nursery" objects="390421" bytes="15807816" bytesdiscarded="314120" />
  <finalization candidates="4" enqueued="0" />
  <ownableSynchronizers candidates="19" cleared="15" />
  <references type="soft" candidates="142" cleared="0" enqueued="0" dynamicThreshold="3" maxThreshold="32" />
  <references type="weak" candidates="3014" cleared="2683" enqueued="2683" />
  <references type="phantom" candidates="432" cleared="162" enqueued="162" />
</gc-op>
<gc-end id="4120" type="scavenge" contextid="4116" durationms="14.897" usertimems="78.183" systemtimems="0.000" timestamp="2019-08-08T09:56:06.886" activeThreads="16">
  <mem-info id="4121" free="144748776" total="209715200" percent="69">
    <mem type="nursery" free="143343288" total="189399040" percent="75">
      <mem type="allocate" free="143343288" total="159514624" percent="89" />
      <mem type="survivor" free="0" total="29884416" percent="0" />
    </mem>
    <mem type="tenure" free="1405488" total="20316160" percent="6" macro-fragmented="18870">
      <mem type="soa" free="1202736" total="20113408" percent="5" />
      <mem type="loa" free="202752" total="202752" percent="100" />
    </mem>
    <pending-finalizers system="0" default="0" reference="2845" classloader="0" />
    <remembered-set count="1581" />
  </mem-info>
</gc-end>
<cycle-end id="4122" type="scavenge" contextid="4116" timestamp="2019-08-08T09:56:06.887" />
  <attribute name="elasticGC enabled" value="1" />
  <attribute name= "numThreadsSpecified" value="16" />
  <attribute name="heapSize specified" value="209584128" />
  <attribute name="Current GC Util" value="13" />
  <attribute name= "Current Time Running" value="158723" />
  <attribute name ="GC Interval" value="2129" />
  <attribute name="Target GC Util Change" value ="80.000000" />
  <attribute name="Current GC Util Change" value="13.000000"/>
  <attribute name="Current Error" value="67.000000" />
  <attribute name="Output H" value="209790960"/>
  <attribute name="Output I" value="2128"/>
  <attribute name="Output T" value="16"/>
  <attribute name= "Current Time Running" value="158723" />
  <attribute name="GC Util currently" value="13" />
  <attribute name="CPU Util currently" value="979388316" />
<allocation-satisfied id="4123" threadId="00000000024E2300" bytesRequested="24" />
<af-end id="4124" timestamp="2019-08-08T09:56:06.887" threadId="00000000024E2C88" success="true" from="nursery"/>
<exclusive-end id="4125" timestamp="2019-08-08T09:56:06.887" durationms="16.392" />

===== DaCapo 9.12-MR1 pmd PASSED in 4801 msec =====
Using scaled threading model. 16 processors detected, 16 threads used to drive the workload, in a possible range of [1,512]
<exclusive-start id="4126" timestamp="2019-08-08T09:56:07.262" intervalms="391.540">
  <response-info timems="0.046" idlems="0.046" threads="0" lastid="00000000021F7F00" lastname="main" />
</exclusive-start>
<sys-start reason="explicit" id="4127" timestamp="2019-08-08T09:56:07.262" intervalms="5141.150" />
<cycle-start id="4128" type="global" contextid="0" timestamp="2019-08-08T09:56:07.262" intervalms="5141.145" />
<gc-start id="4129" type="global" contextid="4128" timestamp="2019-08-08T09:56:07.262">
  <mem-info id="4130" free="108508160" total="209715200" percent="51">
    <mem type="nursery" free="107138696" total="189399040" percent="56">
      <mem type="allocate" free="107138696" total="159514624" percent="67" />
      <mem type="survivor" free="0" total="29884416" percent="0" />
    </mem>
    <mem type="tenure" free="1369464" total="20316160" percent="6">
      <mem type="soa" free="1166712" total="20113408" percent="5" />
      <mem type="loa" free="202752" total="202752" percent="100" />
    </mem>
    <remembered-set count="2235" />
  </mem-info>
</gc-start>
<allocation-stats totalBytes="36234648" >
  <allocated-bytes non-tlh="2919656" tlh="33314992" />
  <largest-consumer threadName="main" threadId="00000000021F7F00" bytes="9662776" />
</allocation-stats>
<gc-op id="4131" type="mark" timems="14.192" contextid="4128" timestamp="2019-08-08T09:56:07.276">
  <trace-info objectcount="609060" scancount="528056" scanbytes="13682716" />
  <finalization candidates="152" enqueued="1" />
  <ownableSynchronizers candidates="27" cleared="4" />
  <references type="soft" candidates="1907" cleared="0" enqueued="0" dynamicThreshold="3" maxThreshold="32" />
  <references type="weak" candidates="6139" cleared="79" enqueued="54" />
  <references type="phantom" candidates="383" cleared="14" enqueued="14" />
  <stringconstants candidates="15834" cleared="1779"  />
</gc-op>
<gc-op id="4132" type="classunload" timems="14.232" contextid="4128" timestamp="2019-08-08T09:56:07.291">
  <classunload-info classloadercandidates="63" classloadersunloaded="9" classesunloaded="1011" anonymousclassesunloaded="0" quiescems="0.000" setupms="6.433" scanms="7.785" postms="0.014" />
</gc-op>
<gc-op id="4133" type="sweep" timems="4.278" contextid="4128" timestamp="2019-08-08T09:56:07.295" />
<mem-info id="4134" free="158727088" total="209715200" percent="75">
  <mem type="nursery" free="156823040" total="189399040" percent="82">
    <mem type="allocate" free="156823040" total="159514624" percent="98" />
    <mem type="survivor" free="0" total="29884416" percent="0" />
  </mem>
  <mem type="tenure" free="1904048" total="20316160" percent="9" micro-fragmented="768" macro-fragmented="602881">
    <mem type="soa" free="1701296" total="20113408" percent="8" />
    <mem type="loa" free="202752" total="202752" percent="100" />
  </mem>
  <pending-finalizers system="1" default="0" reference="68" classloader="0" />
  <remembered-set count="1013" />
</mem-info>
<gc-op id="4135" type="compact" timems="177.196" contextid="4128" timestamp="2019-08-08T09:56:07.473">
  <compact-info movecount="602353" movebytes="20665248" reason="compact to aid heap contraction" />
</gc-op>
<heap-resize id="4136" type="expand" space="tenure" amount="131072" count="1" timems="0.022" reason="satisfy allocation request" timestamp="2019-08-08T09:56:07.474" />
<gc-end id="4137" type="global" contextid="4128" durationms="211.743" usertimems="268.161" systemtimems="0.000" timestamp="2019-08-08T09:56:07.474" activeThreads="16">
  <mem-info id="4138" free="159013952" total="209846272" percent="75">
    <mem type="nursery" free="156954208" total="189399040" percent="82">
      <mem type="allocate" free="156954208" total="159514624" percent="98" />
      <mem type="survivor" free="0" total="29884416" percent="0" />
    </mem>
    <mem type="tenure" free="2059744" total="20447232" percent="10">
      <mem type="soa" free="1855968" total="20243456" percent="9" />
      <mem type="loa" free="203776" total="203776" percent="100" />
    </mem>
    <pending-finalizers system="1" default="0" reference="68" classloader="0" />
    <remembered-set count="1013" />
  </mem-info>
</gc-end>
<cycle-end id="4139" type="global" contextid="4128" timestamp="2019-08-08T09:56:07.477" />
  <attribute name="elasticGC enabled" value="1" />
  <attribute name= "numThreadsSpecified" value="16" />
  <attribute name="heapSize specified" value="209715200" />
  <attribute name="Current GC Util" value="11" />
  <attribute name= "Current Time Running" value="159325" />
  <attribute name ="GC Interval" value="2129" />
  <attribute name="Target GC Util Change" value ="80.000000" />
  <attribute name="Current GC Util Change" value="11.000000"/>
  <attribute name="Current Error" value="67.000000" />
  <attribute name="Output H" value="209790960"/>
  <attribute name="Output I" value="2128"/>
  <attribute name="Output T" value="16"/>
  <attribute name= "Current Time Running" value="159325" />
  <attribute name="GC Util currently" value="11" />
  <attribute name="CPU Util currently" value="6494226062" />
<sys-end id="4140" timestamp="2019-08-08T09:56:07.477" />
<exclusive-end id="4141" timestamp="2019-08-08T09:56:07.477" durationms="215.209" />

===== DaCapo 9.12-MR1 sunflow starting =====
<exclusive-start id="4142" timestamp="2019-08-08T09:56:08.199" intervalms="937.026">
  <response-info timems="1.801" idlems="1.801" threads="0" lastid="0000000002534900" lastname="Thread-32" />
</exclusive-start>
<af-start id="4143" threadId="0000000002535288" totalBytesRequested="40" timestamp="2019-08-08T09:56:08.199" intervalms="1328.584" type="nursery" />
<cycle-start id="4144" type="scavenge" contextid="0" timestamp="2019-08-08T09:56:08.199" intervalms="1328.589" />
<gc-start id="4145" type="scavenge" contextid="4144" timestamp="2019-08-08T09:56:08.199">
  <mem-info id="4146" free="1997192" total="209846272" percent="0">
    <mem type="nursery" free="0" total="189399040" percent="0">
      <mem type="allocate" free="0" total="159514624" percent="0" />
      <mem type="survivor" free="0" total="29884416" percent="0" />
    </mem>
    <mem type="tenure" free="1997192" total="20447232" percent="9">
      <mem type="soa" free="1793416" total="20243456" percent="8" />
      <mem type="loa" free="203776" total="203776" percent="100" />
    </mem>
    <remembered-set count="1868" />
  </mem-info>
</gc-start>
<allocation-stats totalBytes="156920624" >
  <allocated-bytes non-tlh="3326248" tlh="153594376" />
  <largest-consumer threadName="Thread-33" threadId="0000000002521D00" bytes="18068264" />
</allocation-stats>
<gc-op id="4147" type="scavenge" timems="6.837" contextid="4144" timestamp="2019-08-08T09:56:08.206">
  <scavenger-info tenureage="5" tenuremask="ffe0" tiltratio="84" />
  <memory-copied type="nursery" objects="128375" bytes="9230256" bytesdiscarded="134416" />
  <finalization candidates="71" enqueued="0" />
  <ownableSynchronizers candidates="44" cleared="42" />
  <references type="soft" candidates="57" cleared="0" enqueued="0" dynamicThreshold="3" maxThreshold="32" />
  <references type="weak" candidates="507" cleared="29" enqueued="27" />
  <references type="phantom" candidates="274" cleared="0" enqueued="0" />
</gc-op>
<gc-end id="4148" type="scavenge" contextid="4144" durationms="7.252" usertimems="16.287" systemtimems="7.260" timestamp="2019-08-08T09:56:08.206" activeThreads="16">
  <mem-info id="4149" free="154309328" total="209846272" percent="73">
    <mem type="nursery" free="152312136" total="189399040" percent="80">
      <mem type="allocate" free="152312136" total="161677312" percent="94" />
      <mem type="survivor" free="0" total="27721728" percent="0" />
    </mem>
    <mem type="tenure" free="1997192" total="20447232" percent="9" macro-fragmented="723458">
      <mem type="soa" free="1793416" total="20243456" percent="8" />
      <mem type="loa" free="203776" total="203776" percent="100" />
    </mem>
    <pending-finalizers system="0" default="0" reference="27" classloader="0" />
    <remembered-set count="1843" />
  </mem-info>
</gc-end>
<cycle-end id="4150" type="scavenge" contextid="4144" timestamp="2019-08-08T09:56:08.207" />
  <attribute name="elasticGC enabled" value="1" />
  <attribute name= "numThreadsSpecified" value="16" />
  <attribute name="heapSize specified" value="209715200" />
  <attribute name="Current GC Util" value="26" />
  <attribute name= "Current Time Running" value="160051" />
  <attribute name ="GC Interval" value="2225" />
  <attribute name="Target GC Util Change" value ="80.000000" />
  <attribute name="Current GC Util Change" value="26.000000"/>
  <attribute name="Current Error" value="121.000000" />
  <attribute name="Output H" value="209922096"/>
  <attribute name="Output I" value="2224"/>
  <attribute name="Output T" value="16"/>
  <attribute name= "Current Time Running" value="160051" />
  <attribute name="GC Util currently" value="26" />
  <attribute name="CPU Util currently" value="1587721886" />
<allocation-satisfied id="4151" threadId="0000000002534900" bytesRequested="40" />
<af-end id="4152" timestamp="2019-08-08T09:56:08.207" threadId="0000000002535288" success="true" from="nursery"/>
<exclusive-end id="4153" timestamp="2019-08-08T09:56:08.207" durationms="7.732" />

<exclusive-start id="4154" timestamp="2019-08-08T09:56:08.566" intervalms="367.173">
  <response-info timems="0.606" idlems="0.179" threads="7" lastid="0000000002521D00" lastname="Thread-33" />
</exclusive-start>
<af-start id="4155" threadId="0000000002517388" totalBytesRequested="40" timestamp="2019-08-08T09:56:08.566" intervalms="367.164" type="nursery" />
<cycle-start id="4156" type="scavenge" contextid="0" timestamp="2019-08-08T09:56:08.566" intervalms="367.159" />
<gc-start id="4157" type="scavenge" contextid="4156" timestamp="2019-08-08T09:56:08.566">
  <mem-info id="4158" free="1997192" total="209846272" percent="0">
    <mem type="nursery" free="0" total="189399040" percent="0">
      <mem type="allocate" free="0" total="161677312" percent="0" />
      <mem type="survivor" free="0" total="27721728" percent="0" />
    </mem>
    <mem type="tenure" free="1997192" total="20447232" percent="9">
      <mem type="soa" free="1793416" total="20243456" percent="8" />
      <mem type="loa" free="203776" total="203776" percent="100" />
    </mem>
    <remembered-set count="1844" />
  </mem-info>
</gc-start>
<allocation-stats totalBytes="152293712" >
  <allocated-bytes non-tlh="40" tlh="152293672" />
  <largest-consumer threadName="Thread-33" threadId="0000000002521D00" bytes="17397872" />
</allocation-stats>
<gc-op id="4159" type="scavenge" timems="9.469" contextid="4156" timestamp="2019-08-08T09:56:08.576">
  <scavenger-info tenureage="6" tenuremask="ffc0" tiltratio="85" />
  <memory-copied type="nursery" objects="129481" bytes="9256176" bytesdiscarded="238488" />
  <finalization candidates="71" enqueued="0" />
  <ownableSynchronizers candidates="2" cleared="0" />
  <references type="soft" candidates="57" cleared="0" enqueued="0" dynamicThreshold="3" maxThreshold="32" />
  <references type="weak" candidates="478" cleared="0" enqueued="0" />
  <references type="phantom" candidates="274" cleared="0" enqueued="0" />
</gc-op>
<gc-end id="4160" type="scavenge" contextid="4156" durationms="9.950" usertimems="32.666" systemtimems="7.036" timestamp="2019-08-08T09:56:08.576" activeThreads="16">
  <mem-info id="4161" free="157521696" total="209846272" percent="75">
    <mem type="nursery" free="155524504" total="189399040" percent="82">
      <mem type="allocate" free="155524504" total="165019648" percent="94" />
      <mem type="survivor" free="0" total="24379392" percent="0" />
    </mem>
    <mem type="tenure" free="1997192" total="20447232" percent="9" macro-fragmented="0">
      <mem type="soa" free="1793416" total="20243456" percent="8" />
      <mem type="loa" free="203776" total="203776" percent="100" />
    </mem>
    <remembered-set count="1780" />
  </mem-info>
</gc-end>
<cycle-end id="4162" type="scavenge" contextid="4156" timestamp="2019-08-08T09:56:08.577" />
  <attribute name="elasticGC enabled" value="1" />
  <attribute name= "numThreadsSpecified" value="16" />
  <attribute name="heapSize specified" value="209715200" />
  <attribute name="Current GC Util" value="6" />
  <attribute name= "Current Time Running" value="160419" />
  <attribute name ="GC Interval" value="2145" />
  <attribute name="Target GC Util Change" value ="80.000000" />
  <attribute name="Current GC Util Change" value="6.000000"/>
  <attribute name="Current Error" value="74.000000" />
  <attribute name="Output H" value="209922040"/>
  <attribute name="Output I" value="2144"/>
  <attribute name="Output T" value="16"/>
  <attribute name= "Current Time Running" value="160419" />
  <attribute name="GC Util currently" value="6" />
  <attribute name="CPU Util currently" value="3139115801" />
<allocation-satisfied id="4163" threadId="0000000002516A00" bytesRequested="40" />
<af-end id="4164" timestamp="2019-08-08T09:56:08.577" threadId="0000000002517388" success="true" from="nursery"/>
<exclusive-end id="4165" timestamp="2019-08-08T09:56:08.577" durationms="10.422" />

<exclusive-start id="4166" timestamp="2019-08-08T09:56:08.890" intervalms="323.942">
  <response-info timems="11.007" idlems="11.007" threads="0" lastid="00000000024E2300" lastname="Thread-27" />
</exclusive-start>
<af-start id="4167" threadId="00000000024E2C88" totalBytesRequested="40" timestamp="2019-08-08T09:56:08.890" intervalms="323.942" type="nursery" />
<cycle-start id="4168" type="scavenge" contextid="0" timestamp="2019-08-08T09:56:08.890" intervalms="323.939" />
<gc-start id="4169" type="scavenge" contextid="4168" timestamp="2019-08-08T09:56:08.890">
  <mem-info id="4170" free="1997192" total="209846272" percent="0">
    <mem type="nursery" free="0" total="189399040" percent="0">
      <mem type="allocate" free="0" total="165019648" percent="0" />
      <mem type="survivor" free="0" total="24379392" percent="0" />
    </mem>
    <mem type="tenure" free="1997192" total="20447232" percent="9">
      <mem type="soa" free="1793416" total="20243456" percent="8" />
      <mem type="loa" free="203776" total="203776" percent="100" />
    </mem>
    <remembered-set count="1780" />
  </mem-info>
</gc-start>
<allocation-stats totalBytes="155505800" >
  <allocated-bytes non-tlh="40" tlh="155505760" />
  <largest-consumer threadName="Thread-25" threadId="000000000250F200" bytes="19232368" />
</allocation-stats>
<gc-op id="4171" type="scavenge" timems="8.193" contextid="4168" timestamp="2019-08-08T09:56:08.899">
  <scavenger-info tenureage="3" tenuremask="fff8" tiltratio="87" />
  <memory-copied type="nursery" objects="129240" bytes="9107160" bytesdiscarded="424968" />
  <memory-copied type="tenure" objects="5856" bytes="284368" bytesdiscarded="560" />
  <finalization candidates="71" enqueued="0" />
  <ownableSynchronizers candidates="2" cleared="0" />
  <references type="soft" candidates="51" cleared="0" enqueued="0" dynamicThreshold="3" maxThreshold="32" />
  <references type="weak" candidates="177" cleared="0" enqueued="0" />
  <references type="phantom" candidates="10" cleared="0" enqueued="0" />
</gc-op>
<gc-end id="4172" type="scavenge" contextid="4168" durationms="8.728" usertimems="32.720" systemtimems="2.005" timestamp="2019-08-08T09:56:08.899" activeThreads="16">
  <mem-info id="4173" free="159300568" total="209846272" percent="75">
    <mem type="nursery" free="158108504" total="189399040" percent="83">
      <mem type="allocate" free="158108504" total="167641088" percent="94" />
      <mem type="survivor" free="0" total="21757952" percent="0" />
    </mem>
    <mem type="tenure" free="1192064" total="20447232" percent="5" macro-fragmented="5266">
      <mem type="soa" free="988288" total="20243456" percent="4" />
      <mem type="loa" free="203776" total="203776" percent="100" />
    </mem>
    <remembered-set count="555" />
  </mem-info>
</gc-end>
<cycle-end id="4174" type="scavenge" contextid="4168" timestamp="2019-08-08T09:56:08.899" />
  <attribute name="elasticGC enabled" value="1" />
  <attribute name= "numThreadsSpecified" value="16" />
  <attribute name="heapSize specified" value="209715200" />
  <attribute name="Current GC Util" value="9" />
  <attribute name= "Current Time Running" value="160743" />
  <attribute name ="GC Interval" value="2273" />
  <attribute name="Target GC Util Change" value ="80.000000" />
  <attribute name="Current GC Util Change" value="9.000000"/>
  <attribute name="Current Error" value="145.000000" />
  <attribute name="Output H" value="209922120"/>
  <attribute name="Output I" value="2272"/>
  <attribute name="Output T" value="16"/>
  <attribute name= "Current Time Running" value="160743" />
  <attribute name="GC Util currently" value="9" />
  <attribute name="CPU Util currently" value="3560278482" />
<allocation-satisfied id="4175" threadId="00000000024E2300" bytesRequested="40" />
<af-end id="4176" timestamp="2019-08-08T09:56:08.899" threadId="00000000024E2C88" success="true" from="nursery"/>
<exclusive-end id="4177" timestamp="2019-08-08T09:56:08.899" durationms="9.192" />

<exclusive-start id="4178" timestamp="2019-08-08T09:56:09.194" intervalms="303.857">
  <response-info timems="14.539" idlems="14.539" threads="0" lastid="000000000251E200" lastname="Thread-22" />
</exclusive-start>
<af-start id="4179" threadId="000000000251EB88" totalBytesRequested="40" timestamp="2019-08-08T09:56:09.194" intervalms="303.854" type="nursery" />
<cycle-start id="4180" type="scavenge" contextid="0" timestamp="2019-08-08T09:56:09.194" intervalms="303.854" />
<gc-start id="4181" type="scavenge" contextid="4180" timestamp="2019-08-08T09:56:09.194">
  <mem-info id="4182" free="1192064" total="209846272" percent="0">
    <mem type="nursery" free="0" total="189399040" percent="0">
      <mem type="allocate" free="0" total="167641088" percent="0" />
      <mem type="survivor" free="0" total="21757952" percent="0" />
    </mem>
    <mem type="tenure" free="1192064" total="20447232" percent="5">
      <mem type="soa" free="988288" total="20243456" percent="4" />
      <mem type="loa" free="203776" total="203776" percent="100" />
    </mem>
    <remembered-set count="555" />
  </mem-info>
</gc-start>
<allocation-stats totalBytes="158090776" >
  <allocated-bytes non-tlh="40" tlh="158090736" />
  <largest-consumer threadName="Thread-29" threadId="00000000024DE700" bytes="18970576" />
</allocation-stats>
<gc-op id="4183" type="scavenge" timems="10.789" contextid="4180" timestamp="2019-08-08T09:56:09.205">
  <scavenger-info tenureage="8" tenuremask="ff00" tiltratio="88" />
  <memory-copied type="nursery" objects="133940" bytes="9085792" bytesdiscarded="361800" />
  <finalization candidates="67" enqueued="0" />
  <ownableSynchronizers candidates="2" cleared="0" />
  <references type="soft" candidates="51" cleared="0" enqueued="0" dynamicThreshold="3" maxThreshold="32" />
  <references type="weak" candidates="177" cleared="0" enqueued="0" />
  <references type="phantom" candidates="10" cleared="0" enqueued="0" />
</gc-op>
<gc-end id="4184" type="scavenge" contextid="4180" durationms="14.972" usertimems="33.611" systemtimems="0.000" timestamp="2019-08-08T09:56:09.209" activeThreads="16">
  <mem-info id="4185" free="161547792" total="209846272" percent="76">
    <mem type="nursery" free="160355728" total="189399040" percent="84">
      <mem type="allocate" free="160355728" total="169803776" percent="94" />
      <mem type="survivor" free="0" total="19595264" percent="0" />
    </mem>
    <mem type="tenure" free="1192064" total="20447232" percent="5" macro-fragmented="602881">
      <mem type="soa" free="988288" total="20243456" percent="4" />
      <mem type="loa" free="203776" total="203776" percent="100" />
    </mem>
    <remembered-set count="555" />
  </mem-info>
</gc-end>
<cycle-end id="4186" type="scavenge" contextid="4180" timestamp="2019-08-08T09:56:09.209" />
  <attribute name="elasticGC enabled" value="1" />
  <attribute name= "numThreadsSpecified" value="16" />
  <attribute name="heapSize specified" value="209715200" />
  <attribute name="Current GC Util" value="10" />
  <attribute name= "Current Time Running" value="161046" />
  <attribute name ="GC Interval" value="2393" />
  <attribute name="Target GC Util Change" value ="80.000000" />
  <attribute name="Current GC Util Change" value="10.000000"/>
  <attribute name="Current Error" value="215.000000" />
  <attribute name="Output H" value="209922200"/>
  <attribute name="Output I" value="2392"/>
  <attribute name="Output T" value="16"/>
  <attribute name= "Current Time Running" value="161046" />
  <attribute name="GC Util currently" value="10" />
  <attribute name="CPU Util currently" value="3794350197" />
<allocation-satisfied id="4187" threadId="000000000251E200" bytesRequested="40" />
<af-end id="4188" timestamp="2019-08-08T09:56:09.209" threadId="000000000251EB88" success="true" from="nursery"/>
<exclusive-end id="4189" timestamp="2019-08-08T09:56:09.209" durationms="15.411" />

<exclusive-start id="4190" timestamp="2019-08-08T09:56:09.524" intervalms="330.021">
  <response-info timems="7.837" idlems="7.837" threads="0" lastid="00000000024FC600" lastname="Thread-34" />
</exclusive-start>
<af-start id="4191" threadId="00000000024FCF88" totalBytesRequested="24" timestamp="2019-08-08T09:56:09.524" intervalms="330.024" type="nursery" />
<cycle-start id="4192" type="scavenge" contextid="0" timestamp="2019-08-08T09:56:09.524" intervalms="330.036" />
<gc-start id="4193" type="scavenge" contextid="4192" timestamp="2019-08-08T09:56:09.524">
  <mem-info id="4194" free="1192064" total="209846272" percent="0">
    <mem type="nursery" free="0" total="189399040" percent="0">
      <mem type="allocate" free="0" total="169803776" percent="0" />
      <mem type="survivor" free="0" total="19595264" percent="0" />
    </mem>
    <mem type="tenure" free="1192064" total="20447232" percent="5">
      <mem type="soa" free="988288" total="20243456" percent="4" />
      <mem type="loa" free="203776" total="203776" percent="100" />
    </mem>
    <remembered-set count="555" />
  </mem-info>
</gc-start>
<allocation-stats totalBytes="160341832" >
  <allocated-bytes non-tlh="40" tlh="160341792" />
  <largest-consumer threadName="Thread-28" threadId="00000000024E5F00" bytes="17791624" />
</allocation-stats>
<gc-op id="4195" type="scavenge" timems="16.817" contextid="4192" timestamp="2019-08-08T09:56:09.541">
  <scavenger-info tenureage="5" tenuremask="ffe0" tiltratio="89" />
  <memory-copied type="nursery" objects="123964" bytes="8980360" bytesdiscarded="179848" />
  <finalization candidates="67" enqueued="0" />
  <ownableSynchronizers candidates="2" cleared="0" />
  <references type="soft" candidates="51" cleared="0" enqueued="0" dynamicThreshold="3" maxThreshold="32" />
  <references type="weak" candidates="177" cleared="0" enqueued="0" />
  <references type="phantom" candidates="10" cleared="0" enqueued="0" />
</gc-op>
<gc-end id="4196" type="scavenge" contextid="4192" durationms="17.283" usertimems="30.330" systemtimems="15.867" timestamp="2019-08-08T09:56:09.541" activeThreads="16">
  <mem-info id="4197" free="162490536" total="209846272" percent="77">
    <mem type="nursery" free="161298472" total="189399040" percent="85">
      <mem type="allocate" free="161298472" total="170459136" percent="94" />
      <mem type="survivor" free="0" total="18939904" percent="0" />
    </mem>
    <mem type="tenure" free="1192064" total="20447232" percent="5" macro-fragmented="723458">
      <mem type="soa" free="988288" total="20243456" percent="4" />
      <mem type="loa" free="203776" total="203776" percent="100" />
    </mem>
    <remembered-set count="555" />
  </mem-info>
</gc-end>
<cycle-end id="4198" type="scavenge" contextid="4192" timestamp="2019-08-08T09:56:09.542" />
  <attribute name="elasticGC enabled" value="1" />
  <attribute name= "numThreadsSpecified" value="16" />
  <attribute name="heapSize specified" value="209715200" />
  <attribute name="Current GC Util" value="10" />
  <attribute name= "Current Time Running" value="161376" />
  <attribute name ="GC Interval" value="2521" />
  <attribute name="Target GC Util Change" value ="80.000000" />
  <attribute name="Current GC Util Change" value="10.000000"/>
  <attribute name="Current Error" value="285.000000" />
  <attribute name="Output H" value="209922288"/>
  <attribute name="Output I" value="2520"/>
  <attribute name="Output T" value="16"/>
  <attribute name= "Current Time Running" value="161376" />
  <attribute name="GC Util currently" value="10" />
  <attribute name="CPU Util currently" value="3493328506" />
<allocation-satisfied id="4199" threadId="00000000024FC600" bytesRequested="24" />
<af-end id="4200" timestamp="2019-08-08T09:56:09.542" threadId="00000000024FCF88" success="true" from="nursery"/>
<exclusive-end id="4201" timestamp="2019-08-08T09:56:09.542" durationms="18.202" />

<exclusive-start id="4202" timestamp="2019-08-08T09:56:09.774" intervalms="250.351">
  <response-info timems="4.911" idlems="4.911" threads="0" lastid="0000000002503E00" lastname="Thread-31" />
</exclusive-start>
<af-start id="4203" threadId="0000000002504788" totalBytesRequested="40" timestamp="2019-08-08T09:56:09.774" intervalms="250.344" type="nursery" />
<cycle-start id="4204" type="scavenge" contextid="0" timestamp="2019-08-08T09:56:09.774" intervalms="250.333" />
<gc-start id="4205" type="scavenge" contextid="4204" timestamp="2019-08-08T09:56:09.775">
  <mem-info id="4206" free="1192064" total="209846272" percent="0">
    <mem type="nursery" free="0" total="189399040" percent="0">
      <mem type="allocate" free="0" total="170459136" percent="0" />
      <mem type="survivor" free="0" total="18939904" percent="0" />
    </mem>
    <mem type="tenure" free="1192064" total="20447232" percent="5">
      <mem type="soa" free="988288" total="20243456" percent="4" />
      <mem type="loa" free="203776" total="203776" percent="100" />
    </mem>
    <remembered-set count="555" />
  </mem-info>
</gc-start>
<allocation-stats totalBytes="161279176" >
  <allocated-bytes non-tlh="24" tlh="161279152" />
  <largest-consumer threadName="Thread-25" threadId="000000000250F200" bytes="20543344" />
</allocation-stats>
<gc-op id="4207" type="scavenge" timems="8.730" contextid="4204" timestamp="2019-08-08T09:56:09.783">
  <scavenger-info tenureage="6" tenuremask="ffc0" tiltratio="90" />
  <memory-copied type="nursery" objects="122632" bytes="8949224" bytesdiscarded="286392" />
  <finalization candidates="67" enqueued="0" />
  <ownableSynchronizers candidates="2" cleared="0" />
  <references type="soft" candidates="51" cleared="0" enqueued="0" dynamicThreshold="3" maxThreshold="32" />
  <references type="weak" candidates="177" cleared="0" enqueued="0" />
  <references type="phantom" candidates="10" cleared="0" enqueued="0" />
</gc-op>
<gc-end id="4208" type="scavenge" contextid="4204" durationms="9.235" usertimems="20.214" systemtimems="5.606" timestamp="2019-08-08T09:56:09.784" activeThreads="16">
  <mem-info id="4209" free="162415128" total="209846272" percent="77">
    <mem type="nursery" free="161223064" total="189399040" percent="85">
      <mem type="allocate" free="161223064" total="170459136" percent="94" />
      <mem type="survivor" free="0" total="18939904" percent="0" />
    </mem>
    <mem type="tenure" free="1192064" total="20447232" percent="5" macro-fragmented="0">
      <mem type="soa" free="988288" total="20243456" percent="4" />
      <mem type="loa" free="203776" total="203776" percent="100" />
    </mem>
    <remembered-set count="555" />
  </mem-info>
</gc-end>
<cycle-end id="4210" type="scavenge" contextid="4204" timestamp="2019-08-08T09:56:09.784" />
  <attribute name="elasticGC enabled" value="1" />
  <attribute name= "numThreadsSpecified" value="16" />
  <attribute name="heapSize specified" value="209715200" />
  <attribute name="Current GC Util" value="12" />
  <attribute name= "Current Time Running" value="161627" />
  <attribute name ="GC Interval" value="2641" />
  <attribute name="Target GC Util Change" value ="80.000000" />
  <attribute name="Current GC Util Change" value="12.000000"/>
  <attribute name="Current Error" value="353.000000" />
  <attribute name="Output H" value="209922360"/>
  <attribute name="Output I" value="2640"/>
  <attribute name="Output T" value="16"/>
  <attribute name= "Current Time Running" value="161627" />
  <attribute name="GC Util currently" value="12" />
  <attribute name="CPU Util currently" value="4605581486" />
<allocation-satisfied id="4211" threadId="0000000002503E00" bytesRequested="40" />
<af-end id="4212" timestamp="2019-08-08T09:56:09.784" threadId="0000000002504788" success="true" from="nursery"/>
<exclusive-end id="4213" timestamp="2019-08-08T09:56:09.784" durationms="9.745" />

<exclusive-start id="4214" timestamp="2019-08-08T09:56:10.014" intervalms="239.558">
  <response-info timems="0.512" idlems="0.291" threads="8" lastid="00000000024E9B00" lastname="Thread-35" />
</exclusive-start>
<af-start id="4215" threadId="00000000024DF088" totalBytesRequested="40" timestamp="2019-08-08T09:56:10.014" intervalms="239.573" type="nursery" />
<cycle-start id="4216" type="scavenge" contextid="0" timestamp="2019-08-08T09:56:10.014" intervalms="239.580" />
<gc-start id="4217" type="scavenge" contextid="4216" timestamp="2019-08-08T09:56:10.014">
  <mem-info id="4218" free="1192064" total="209846272" percent="0">
    <mem type="nursery" free="0" total="189399040" percent="0">
      <mem type="allocate" free="0" total="170459136" percent="0" />
      <mem type="survivor" free="0" total="18939904" percent="0" />
    </mem>
    <mem type="tenure" free="1192064" total="20447232" percent="5">
      <mem type="soa" free="988288" total="20243456" percent="4" />
      <mem type="loa" free="203776" total="203776" percent="100" />
    </mem>
    <remembered-set count="555" />
  </mem-info>
</gc-start>
<allocation-stats totalBytes="161208144" >
  <allocated-bytes non-tlh="40" tlh="161208104" />
  <largest-consumer threadName="Thread-24" threadId="0000000002500200" bytes="17135920" />
</allocation-stats>
<gc-op id="4219" type="scavenge" timems="9.688" contextid="4216" timestamp="2019-08-08T09:56:10.024">
  <scavenger-info tenureage="7" tenuremask="ff80" tiltratio="90" />
  <memory-copied type="nursery" objects="129635" bytes="9116896" bytesdiscarded="253912" />
  <finalization candidates="67" enqueued="0" />
  <ownableSynchronizers candidates="2" cleared="0" />
  <references type="soft" candidates="51" cleared="0" enqueued="0" dynamicThreshold="3" maxThreshold="32" />
  <references type="weak" candidates="177" cleared="0" enqueued="0" />
  <references type="phantom" candidates="10" cleared="0" enqueued="0" />
</gc-op>
<gc-end id="4220" type="scavenge" contextid="4216" durationms="9.869" usertimems="16.537" systemtimems="0.945" timestamp="2019-08-08T09:56:10.024" activeThreads="16">
  <mem-info id="4221" free="162279936" total="209846272" percent="77">
    <mem type="nursery" free="161087872" total="189399040" percent="85">
      <mem type="allocate" free="161087872" total="170459136" percent="94" />
      <mem type="survivor" free="0" total="18939904" percent="0" />
    </mem>
    <mem type="tenure" free="1192064" total="20447232" percent="5" macro-fragmented="723458">
      <mem type="soa" free="988288" total="20243456" percent="4" />
      <mem type="loa" free="203776" total="203776" percent="100" />
    </mem>
    <remembered-set count="555" />
  </mem-info>
</gc-end>
<cycle-end id="4222" type="scavenge" contextid="4216" timestamp="2019-08-08T09:56:10.024" />
  <attribute name="elasticGC enabled" value="1" />
  <attribute name= "numThreadsSpecified" value="16" />
  <attribute name="heapSize specified" value="209715200" />
  <attribute name="Current GC Util" value="8" />
  <attribute name= "Current Time Running" value="161866" />
  <attribute name ="GC Interval" value="2769" />
  <attribute name="Target GC Util Change" value ="80.000000" />
  <attribute name="Current GC Util Change" value="8.000000"/>
  <attribute name="Current Error" value="425.000000" />
  <attribute name="Output H" value="209922448"/>
  <attribute name="Output I" value="2768"/>
  <attribute name="Output T" value="16"/>
  <attribute name= "Current Time Running" value="161866" />
  <attribute name="GC Util currently" value="8" />
  <attribute name="CPU Util currently" value="4812099193" />
<allocation-satisfied id="4223" threadId="00000000024DE700" bytesRequested="40" />
<af-end id="4224" timestamp="2019-08-08T09:56:10.024" threadId="00000000024DF088" success="true" from="nursery"/>
<exclusive-end id="4225" timestamp="2019-08-08T09:56:10.024" durationms="10.279" />

<exclusive-start id="4226" timestamp="2019-08-08T09:56:10.515" intervalms="501.132">
  <response-info timems="2.505" idlems="1.261" threads="1" lastid="000000000250F200" lastname="Thread-25" />
</exclusive-start>
<af-start id="4227" threadId="0000000002538E88" totalBytesRequested="40" timestamp="2019-08-08T09:56:10.515" intervalms="501.128" type="nursery" />
<cycle-start id="4228" type="scavenge" contextid="0" timestamp="2019-08-08T09:56:10.515" intervalms="501.128" />
<gc-start id="4229" type="scavenge" contextid="4228" timestamp="2019-08-08T09:56:10.515">
  <mem-info id="4230" free="1192064" total="209846272" percent="0">
    <mem type="nursery" free="0" total="189399040" percent="0">
      <mem type="allocate" free="0" total="170459136" percent="0" />
      <mem type="survivor" free="0" total="18939904" percent="0" />
    </mem>
    <mem type="tenure" free="1192064" total="20447232" percent="5">
      <mem type="soa" free="988288" total="20243456" percent="4" />
      <mem type="loa" free="203776" total="203776" percent="100" />
    </mem>
    <remembered-set count="555" />
  </mem-info>
</gc-start>
<allocation-stats totalBytes="161074336" >
  <allocated-bytes non-tlh="40" tlh="161074296" />
  <largest-consumer threadName="Thread-21" threadId="0000000002507A00" bytes="18577912" />
</allocation-stats>
<gc-op id="4231" type="scavenge" timems="9.419" contextid="4228" timestamp="2019-08-08T09:56:10.525">
  <scavenger-info tenureage="5" tenuremask="ffe0" tiltratio="90" />
  <memory-copied type="nursery" objects="113766" bytes="7031216" bytesdiscarded="391240" />
  <memory-copied type="tenure" objects="16626" bytes="2104248" bytesdiscarded="848" />
  <copy-failed type="tenure" objects="2" bytes="2097168" />
  <finalization candidates="67" enqueued="0" />
  <ownableSynchronizers candidates="2" cleared="0" />
  <heap-resize type="expand" space="tenure" amount="983040" count="12" timems="4.048" reason="continue current collection" />
</gc-op>
<gc-end id="4232" type="scavenge" contextid="4228" durationms="9.613" usertimems="28.767" systemtimems="10.105" timestamp="2019-08-08T09:56:10.525" activeThreads="16">
  <mem-info id="4233" free="163250696" total="210829312" percent="77">
    <mem type="nursery" free="163036680" total="189399040" percent="86">
      <mem type="allocate" free="163036680" total="170459136" percent="95" />
      <mem type="survivor" free="0" total="18939904" percent="0" />
    </mem>
    <mem type="tenure" free="214016" total="21430272" percent="0" macro-fragmented="201903">
      <mem type="soa" free="0" total="21216256" percent="0" />
      <mem type="loa" free="214016" total="214016" percent="100" />
    </mem>
    <remembered-set count="205" />
  </mem-info>
</gc-end>
<cycle-end id="4234" type="scavenge" contextid="4228" timestamp="2019-08-08T09:56:10.525" />
  <attribute name="elasticGC enabled" value="1" />
  <attribute name= "numThreadsSpecified" value="16" />
  <attribute name="heapSize specified" value="209715200" />
  <attribute name="Current GC Util" value="3" />
  <attribute name= "Current Time Running" value="162367" />
  <attribute name ="GC Interval" value="2153" />
  <attribute name="Target GC Util Change" value ="80.000000" />
  <attribute name="Current GC Util Change" value="3.000000"/>
  <attribute name="Current Error" value="77.000000" />
  <attribute name="Output H" value="209922040"/>
  <attribute name="Output I" value="2152"/>
  <attribute name="Output T" value="16"/>
  <attribute name= "Current Time Running" value="162367" />
  <attribute name="GC Util currently" value="3" />
  <attribute name="CPU Util currently" value="2300597563" />
<allocation-satisfied id="4235" threadId="0000000002538500" bytesRequested="40" />
<af-end id="4236" timestamp="2019-08-08T09:56:10.525" threadId="0000000002538E88" success="true" from="nursery"/>
<exclusive-end id="4237" timestamp="2019-08-08T09:56:10.525" durationms="9.986" />

<concurrent-kickoff id="4238" timestamp="2019-08-08T09:56:11.111">
  <kickoff reason="next scavenge will percolate" targetBytes="14441117" thresholdFreeBytes="2036215"  remainingFree="1949192" tenureFreeBytes="214016" nurseryFreeBytes="1949192" />
</concurrent-kickoff>
<exclusive-start id="4239" timestamp="2019-08-08T09:56:11.119" intervalms="603.789">
  <response-info timems="6.535" idlems="3.257" threads="2" lastid="0000000002538500" lastname="Thread-26" />
</exclusive-start>
<cycle-start id="4240" type="global" contextid="0" timestamp="2019-08-08T09:56:11.119" intervalms="3856.819" />
<exclusive-end id="4241" timestamp="2019-08-08T09:56:11.119" durationms="0.047" />

<exclusive-start id="4242" timestamp="2019-08-08T09:56:11.128" intervalms="9.048">
  <response-info timems="3.951" idlems="2.013" threads="1" lastid="0000000002538500" lastname="Thread-26" />
</exclusive-start>
<af-start id="4243" threadId="00000000024EE088" totalBytesRequested="48" timestamp="2019-08-08T09:56:11.128" intervalms="612.846" type="nursery" />
<percolate-collect id="4244" from="nursery" to="global" reason="failed tenure threshold reached" timestamp="2019-08-08T09:56:11.128"/>
<gc-start id="4245" type="global" contextid="4240" timestamp="2019-08-08T09:56:11.128">
  <mem-info id="4246" free="214016" total="210829312" percent="0">
    <mem type="nursery" free="0" total="189399040" percent="0">
      <mem type="allocate" free="0" total="170459136" percent="0" />
      <mem type="survivor" free="0" total="18939904" percent="0" />
    </mem>
    <mem type="tenure" free="214016" total="21430272" percent="0">
      <mem type="soa" free="0" total="21216256" percent="0" />
      <mem type="loa" free="214016" total="214016" percent="100" />
    </mem>
    <remembered-set count="205" />
  </mem-info>
</gc-start>
<allocation-stats totalBytes="163022544" >
  <allocated-bytes non-tlh="40" tlh="163022504" />
  <largest-consumer threadName="Thread-29" threadId="00000000024DE700" bytes="16349840" />
</allocation-stats>
<heap-resize id="4247" type="loa expand" space="tenure" amount="214016" count="1" timems="0.001" reason="expand on failed allocate" timestamp="2019-08-08T09:56:11.128" />
<concurrent-halted id="4248" timestamp="2019-08-08T09:56:11.128">
  <halted state="Class scanning incomplete" status="clean trace" />
  <traced bytesTarget="14441117" bytesTotal="8656516" bytesByMutator="7783672" bytesByHelper="872844" percent="59" />
  <cards cleaned="0" thresholdBytes="802145" />
</concurrent-halted>
<gc-op id="4249" type="tracing" timems="3.017" contextid="4240" timestamp="2019-08-08T09:56:11.131">
  <trace bytesTraced="5239312" workStackOverflowCount="0" />
</gc-op>
<gc-op id="4250" type="rs-scan" timems="1.662" contextid="4240" timestamp="2019-08-08T09:56:11.133">
  <scan objectsFound="89" bytesTraced="8960" workStackOverflowCount="0" />
</gc-op>
<gc-op id="4251" type="card-cleaning" timems="1.079" contextid="4240" timestamp="2019-08-08T09:56:11.134">
  <card-cleaning cardsCleaned="10" bytesTraced="28052" workStackOverflowCount="0" />
</gc-op>
<gc-op id="4252" type="mark" timems="7.385" contextid="4240" timestamp="2019-08-08T09:56:11.141">
  <trace-info objectcount="109911" scancount="109397" scanbytes="4840484" />
  <finalization candidates="151" enqueued="0" />
  <ownableSynchronizers candidates="23" cleared="0" />
  <references type="soft" candidates="1922" cleared="0" enqueued="0" dynamicThreshold="3" maxThreshold="32" />
  <references type="weak" candidates="6071" cleared="0" enqueued="0" />
  <references type="phantom" candidates="351" cleared="0" enqueued="0" />
  <stringconstants candidates="14613" cleared="1"  />
</gc-op>
<gc-op id="4253" type="sweep" timems="7.558" contextid="4240" timestamp="2019-08-08T09:56:11.149" />
<mem-info id="4254" free="164392664" total="210829312" percent="77">
  <mem type="nursery" free="163628776" total="189399040" percent="86">
    <mem type="allocate" free="163628776" total="170459136" percent="95" />
    <mem type="survivor" free="0" total="18939904" percent="0" />
  </mem>
  <mem type="tenure" free="763888" total="21430272" percent="3" micro-fragmented="3086" macro-fragmented="0">
    <mem type="soa" free="527872" total="21002240" percent="2" />
    <mem type="loa" free="236016" total="428032" percent="55" />
  </mem>
  <remembered-set count="205" />
</mem-info>
<gc-op id="4255" type="compact" timems="175.447" contextid="4240" timestamp="2019-08-08T09:56:11.325">
  <compact-info movecount="719336" movebytes="27021136" reason="compact to aid heap contraction" />
</gc-op>
<heap-resize id="4256" type="expand" space="tenure" amount="131072" count="1" timems="0.018" reason="satisfy allocation request" timestamp="2019-08-08T09:56:11.326" />
<heap-resize id="4257" type="loa contract" space="tenure" amount="216064" count="1" timems="0.001" reason="contract to meet minimum soa" timestamp="2019-08-08T09:56:11.326" />
<gc-end id="4258" type="global" contextid="4240" durationms="197.601" usertimems="278.560" systemtimems="0.000" timestamp="2019-08-08T09:56:11.326" activeThreads="16">
  <mem-info id="4259" free="164754744" total="210960384" percent="78">
    <mem type="nursery" free="163810008" total="189399040" percent="86">
      <mem type="allocate" free="163810008" total="170459136" percent="96" />
      <mem type="survivor" free="0" total="18939904" percent="0" />
    </mem>
    <mem type="tenure" free="944736" total="21561344" percent="4">
      <mem type="soa" free="729696" total="21346304" percent="3" />
      <mem type="loa" free="215040" total="215040" percent="100" />
    </mem>
    <remembered-set count="205" />
  </mem-info>
</gc-end>
<cycle-end id="4260" type="global" contextid="4240" timestamp="2019-08-08T09:56:11.326" />
  <attribute name="elasticGC enabled" value="1" />
  <attribute name= "numThreadsSpecified" value="16" />
  <attribute name="heapSize specified" value="210829312" />
  <attribute name="Current GC Util" value="18" />
  <attribute name= "Current Time Running" value="163177" />
  <attribute name ="GC Interval" value="2153" />
  <attribute name="Target GC Util Change" value ="80.000000" />
  <attribute name="Current GC Util Change" value="18.000000"/>
  <attribute name="Current Error" value="-34.000000" />
  <attribute name="Output H" value="210904960"/>
  <attribute name="Output I" value="1952"/>
  <attribute name="Output T" value="16"/>
  <attribute name= "Current Time Running" value="163177" />
  <attribute name="GC Util currently" value="18" />
  <attribute name="CPU Util currently" value="6570167991" />
<allocation-satisfied id="4261" threadId="00000000024ED700" bytesRequested="48" />
<af-end id="4262" timestamp="2019-08-08T09:56:11.326" threadId="00000000024EE088" success="true" from="nursery"/>
<exclusive-end id="4263" timestamp="2019-08-08T09:56:11.326" durationms="197.884" />

<concurrent-kickoff id="4264" timestamp="2019-08-08T09:56:11.847">
  <kickoff reason="threshold reached" targetBytes="13417577" thresholdFreeBytes="1895999"  remainingFree="1785160" tenureFreeBytes="944736" nurseryFreeBytes="1785160" />
</concurrent-kickoff>
<exclusive-start id="4265" timestamp="2019-08-08T09:56:11.864" intervalms="736.102">
  <response-info timems="16.267" idlems="16.267" threads="0" lastid="00000000024E9B00" lastname="Thread-35" />
</exclusive-start>
<cycle-start id="4266" type="global" contextid="0" timestamp="2019-08-08T09:56:11.864" intervalms="745.155" />
<exclusive-end id="4267" timestamp="2019-08-08T09:56:11.864" durationms="0.341" />

<exclusive-start id="4268" timestamp="2019-08-08T09:56:11.875" intervalms="11.212">
  <response-info timems="2.271" idlems="2.271" threads="0" lastid="0000000002534900" lastname="Thread-32" />
</exclusive-start>
<af-start id="4269" threadId="0000000002535288" totalBytesRequested="40" timestamp="2019-08-08T09:56:11.875" intervalms="747.290" type="nursery" />
<cycle-start id="4270" type="scavenge" contextid="0" timestamp="2019-08-08T09:56:11.875" intervalms="1360.126" />
<gc-start id="4271" type="scavenge" contextid="4270" timestamp="2019-08-08T09:56:11.875">
  <mem-info id="4272" free="944736" total="210960384" percent="0">
    <mem type="nursery" free="0" total="189399040" percent="0">
      <mem type="allocate" free="0" total="170459136" percent="0" />
      <mem type="survivor" free="0" total="18939904" percent="0" />
    </mem>
    <mem type="tenure" free="944736" total="21561344" percent="4">
      <mem type="soa" free="729696" total="21346304" percent="3" />
      <mem type="loa" free="215040" total="215040" percent="100" />
    </mem>
    <remembered-set count="205" />
  </mem-info>
</gc-start>
<allocation-stats totalBytes="163790592" >
  <allocated-bytes non-tlh="48" tlh="163790544" />
  <largest-consumer threadName="Thread-25" threadId="000000000250F200" bytes="15713848" />
</allocation-stats>
<gc-op id="4273" type="scavenge" timems="6.288" contextid="4270" timestamp="2019-08-08T09:56:11.882">
  <scavenger-info tenureage="4" tenuremask="ff70" tiltratio="90" />
  <memory-copied type="nursery" objects="104683" bytes="6675440" bytesdiscarded="259552" />
  <memory-copied type="tenure" objects="5270" bytes="263856" bytesdiscarded="48" />
  <copy-failed type="tenure" objects="2" bytes="2097168" />
  <ownableSynchronizers candidates="46" cleared="46" />
  <heap-resize type="expand" space="tenure" amount="262144" count="1" timems="0.025" reason="continue current collection" />
</gc-op>
<gc-end id="4274" type="scavenge" contextid="4270" durationms="6.914" usertimems="24.343" systemtimems="3.570" timestamp="2019-08-08T09:56:11.882" activeThreads="8">
  <mem-info id="4275" free="164367760" total="211222528" percent="77">
    <mem type="nursery" free="163524144" total="189399040" percent="86">
      <mem type="allocate" free="163524144" total="170459136" percent="95" />
      <mem type="survivor" free="0" total="18939904" percent="0" />
    </mem>
    <mem type="tenure" free="843616" total="21823488" percent="3" macro-fragmented="41488">
      <mem type="soa" free="625504" total="21605376" percent="2" />
      <mem type="loa" free="218112" total="218112" percent="100" />
    </mem>
    <remembered-set count="3728" />
  </mem-info>
</gc-end>
<cycle-end id="4276" type="scavenge" contextid="4270" timestamp="2019-08-08T09:56:11.883" />
  <attribute name="elasticGC enabled" value="1" />
  <attribute name= "numThreadsSpecified" value="8" />
  <attribute name="heapSize specified" value="210829312" />
  <attribute name="Current GC Util" value="63" />
  <attribute name= "Current Time Running" value="163728" />
  <attribute name ="GC Interval" value="1985" />
  <attribute name="Target GC Util Change" value ="80.000000" />
  <attribute name="Current GC Util Change" value="63.000000"/>
  <attribute name="Current Error" value="-17.000000" />
  <attribute name="Output H" value="211036048"/>
  <attribute name="Output I" value="1984"/>
  <attribute name="Output T" value="8"/>
  <attribute name= "Current Time Running" value="163728" />
  <attribute name="GC Util currently" value="63" />
  <attribute name="CPU Util currently" value="2093465780" />
<allocation-satisfied id="4277" threadId="0000000002534900" bytesRequested="40" />
<af-end id="4278" timestamp="2019-08-08T09:56:11.885" threadId="0000000002535288" success="true" from="nursery"/>
<exclusive-end id="4279" timestamp="2019-08-08T09:56:11.885" durationms="10.121" />

<exclusive-start id="4280" timestamp="2019-08-08T09:56:11.902" intervalms="26.717">
  <response-info timems="7.282" idlems="7.282" threads="0" lastid="0000000002516A00" lastname="Thread-36" />
</exclusive-start>
<concurrent-collection-start id="4281" timestamp="2019-08-08T09:56:11.902" intervalms="31537.847" >
  <concurrent-trace-info reason="card cleaning threshold reached" tracedByMutators="10406984" tracedByHelpers="3577224" cardsCleaned="18" workStackOverflowCount="0" />
</concurrent-collection-start>
<gc-start id="4282" type="global" contextid="4266" timestamp="2019-08-08T09:56:11.902">
  <mem-info id="4283" free="160062824" total="211222528" percent="75">
    <mem type="nursery" free="159219208" total="189399040" percent="84">
      <mem type="allocate" free="159219208" total="170459136" percent="93" />
      <mem type="survivor" free="0" total="18939904" percent="0" />
    </mem>
    <mem type="tenure" free="843616" total="21823488" percent="3">
      <mem type="soa" free="625504" total="21605376" percent="2" />
      <mem type="loa" free="218112" total="218112" percent="100" />
    </mem>
    <remembered-set count="3730" />
  </mem-info>
</gc-start>
<allocation-stats totalBytes="4304248" >
  <allocated-bytes non-tlh="40" tlh="4304208" />
  <largest-consumer threadName="Thread-34" threadId="00000000024FC600" bytes="839536" />
</allocation-stats>
<gc-op id="4284" type="rs-scan" timems="1.812" contextid="4266" timestamp="2019-08-08T09:56:11.904">
  <scan objectsFound="94" bytesTraced="9216" workStackOverflowCount="0" />
</gc-op>
<gc-op id="4285" type="card-cleaning" timems="0.941" contextid="4266" timestamp="2019-08-08T09:56:11.905">
  <card-cleaning cardsCleaned="16" bytesTraced="7288" workStackOverflowCount="0" />
</gc-op>
<gc-op id="4286" type="mark" timems="5.428" contextid="4266" timestamp="2019-08-08T09:56:11.910">
  <trace-info objectcount="112906" scancount="112683" scanbytes="4918152" />
  <finalization candidates="151" enqueued="0" />
  <ownableSynchronizers candidates="23" cleared="0" />
  <references type="soft" candidates="1922" cleared="67" enqueued="60" dynamicThreshold="1" maxThreshold="32" />
  <references type="weak" candidates="6071" cleared="0" enqueued="0" />
  <references type="phantom" candidates="351" cleared="0" enqueued="0" />
  <stringconstants candidates="14612" cleared="0"  />
</gc-op>
<gc-op id="4287" type="sweep" timems="2.501" contextid="4266" timestamp="2019-08-08T09:56:11.913" />
<mem-info id="4288" free="164972424" total="211222528" percent="78">
  <mem type="nursery" free="163700632" total="189399040" percent="86">
    <mem type="allocate" free="163700632" total="170459136" percent="96" />
    <mem type="survivor" free="0" total="18939904" percent="0" />
  </mem>
  <mem type="tenure" free="1271792" total="21823488" percent="5" micro-fragmented="769" macro-fragmented="602881">
    <mem type="soa" free="1053680" total="21605376" percent="4" />
    <mem type="loa" free="218112" total="218112" percent="100" />
  </mem>
  <pending-finalizers system="0" default="0" reference="60" classloader="0" />
  <remembered-set count="3730" />
</mem-info>
<gc-op id="4289" type="compact" timems="33.396" contextid="4266" timestamp="2019-08-08T09:56:11.947">
  <compact-info movecount="131468" movebytes="8318088" reason="compact to aid heap contraction" />
</gc-op>
<heap-resize id="4290" type="expand" space="tenure" amount="131072" count="1" timems="0.023" reason="satisfy allocation request" timestamp="2019-08-08T09:56:11.947" />
<gc-end id="4291" type="global" contextid="4266" durationms="45.150" usertimems="77.631" systemtimems="2.929" timestamp="2019-08-08T09:56:11.947" activeThreads="16">
  <mem-info id="4292" free="165183048" total="211353600" percent="78">
    <mem type="nursery" free="163769488" total="189399040" percent="86">
      <mem type="allocate" free="163769488" total="170459136" percent="96" />
      <mem type="survivor" free="0" total="18939904" percent="0" />
    </mem>
    <mem type="tenure" free="1413560" total="21954560" percent="6">
      <mem type="soa" free="1194424" total="21735424" percent="5" />
      <mem type="loa" free="219136" total="219136" percent="100" />
    </mem>
    <pending-finalizers system="0" default="0" reference="60" classloader="0" />
    <remembered-set count="3730" />
  </mem-info>
</gc-end>
<cycle-end id="4293" type="global" contextid="4266" timestamp="2019-08-08T09:56:11.947" />
  <attribute name="elasticGC enabled" value="1" />
  <attribute name= "numThreadsSpecified" value="16" />
  <attribute name="heapSize specified" value="211222528" />
  <attribute name="Current GC Util" value="77" />
  <attribute name= "Current Time Running" value="163799" />
  <attribute name ="GC Interval" value="1985" />
  <attribute name="Target GC Util Change" value ="80.000000" />
  <attribute name="Current GC Util Change" value="77.000000"/>
  <attribute name="Current Error" value="-145.000000" />
  <attribute name="Output H" value="211298048"/>
  <attribute name="Output I" value="1752"/>
  <attribute name="Output T" value="16"/>
  <attribute name= "Current Time Running" value="163799" />
  <attribute name="GC Util currently" value="77" />
  <attribute name="CPU Util currently" value="34491289022" />
<concurrent-collection-end id="4294" timestamp="2019-08-08T09:56:11.948" />
<exclusive-end id="4295" timestamp="2019-08-08T09:56:11.948" durationms="45.621" />

<exclusive-start id="4296" timestamp="2019-08-08T09:56:12.516" intervalms="614.404">
  <response-info timems="5.423" idlems="5.423" threads="0" lastid="0000000002516A00" lastname="Thread-36" />
</exclusive-start>
<af-start id="4297" threadId="0000000002517388" totalBytesRequested="40" timestamp="2019-08-08T09:56:12.516" intervalms="641.125" type="nursery" />
<cycle-start id="4298" type="scavenge" contextid="0" timestamp="2019-08-08T09:56:12.516" intervalms="641.127" />
<gc-start id="4299" type="scavenge" contextid="4298" timestamp="2019-08-08T09:56:12.516">
  <mem-info id="4300" free="1413560" total="211353600" percent="0">
    <mem type="nursery" free="0" total="189399040" percent="0">
      <mem type="allocate" free="0" total="170459136" percent="0" />
      <mem type="survivor" free="0" total="18939904" percent="0" />
    </mem>
    <mem type="tenure" free="1413560" total="21954560" percent="6">
      <mem type="soa" free="1194424" total="21735424" percent="5" />
      <mem type="loa" free="219136" total="219136" percent="100" />
    </mem>
    <remembered-set count="4410" />
  </mem-info>
</gc-start>
<allocation-stats totalBytes="163758160" >
  <allocated-bytes non-tlh="0" tlh="163758160" />
  <largest-consumer threadName="Thread-26" threadId="0000000002538500" bytes="18135880" />
</allocation-stats>
<gc-op id="4301" type="scavenge" timems="3.853" contextid="4298" timestamp="2019-08-08T09:56:12.520">
  <scavenger-info tenureage="7" tenuremask="ff80" tiltratio="90" />
  <memory-copied type="nursery" objects="102588" bytes="5444392" bytesdiscarded="353888" />
  <memory-copied type="tenure" objects="1" bytes="1048584" bytesdiscarded="0" />
  <copy-failed type="tenure" objects="1" bytes="1048584" />
  <ownableSynchronizers candidates="46" cleared="46" />
  <heap-resize type="expand" space="tenure" amount="262144" count="1" timems="0.032" reason="continue current collection" />
</gc-op>
<gc-end id="4302" type="scavenge" contextid="4298" durationms="4.407" usertimems="22.182" systemtimems="1.312" timestamp="2019-08-08T09:56:12.521" activeThreads="16">
  <mem-info id="4303" free="165287976" total="211615744" percent="78">
    <mem type="nursery" free="164660856" total="189399040" percent="86">
      <mem type="allocate" free="164660856" total="170459136" percent="96" />
      <mem type="survivor" free="0" total="18939904" percent="0" />
    </mem>
    <mem type="tenure" free="627120" total="22216704" percent="2" macro-fragmented="0">
      <mem type="soa" free="405936" total="21995520" percent="1" />
      <mem type="loa" free="221184" total="221184" percent="100" />
    </mem>
    <remembered-set count="4323" />
  </mem-info>
</gc-end>
<cycle-end id="4304" type="scavenge" contextid="4298" timestamp="2019-08-08T09:56:12.521" />
  <attribute name="elasticGC enabled" value="1" />
  <attribute name= "numThreadsSpecified" value="16" />
  <attribute name="heapSize specified" value="211222528" />
  <attribute name="Current GC Util" value="6" />
  <attribute name= "Current Time Running" value="164369" />
  <attribute name ="GC Interval" value="1889" />
  <attribute name="Target GC Util Change" value ="80.000000" />
  <attribute name="Current GC Util Change" value="6.000000"/>
  <attribute name="Current Error" value="-71.000000" />
  <attribute name="Output H" value="211429200"/>
  <attribute name="Output I" value="1888"/>
  <attribute name="Output T" value="16"/>
  <attribute name= "Current Time Running" value="164369" />
  <attribute name="GC Util currently" value="6" />
  <attribute name="CPU Util currently" value="2023746806" />
<allocation-satisfied id="4305" threadId="0000000002516A00" bytesRequested="40" />
<af-end id="4306" timestamp="2019-08-08T09:56:12.521" threadId="0000000002517388" success="true" from="nursery"/>
<exclusive-end id="4307" timestamp="2019-08-08T09:56:12.521" durationms="4.671" />

<concurrent-kickoff id="4308" timestamp="2019-08-08T09:56:12.945">
  <kickoff reason="next scavenge will percolate" targetBytes="13907872" thresholdFreeBytes="1961103"  remainingFree="1869432" tenureFreeBytes="627120" nurseryFreeBytes="1869432" />
</concurrent-kickoff>
<exclusive-start id="4309" timestamp="2019-08-08T09:56:12.951" intervalms="435.094">
  <response-info timems="5.967" idlems="5.967" threads="0" lastid="0000000002507A00" lastname="Thread-21" />
</exclusive-start>
<cycle-start id="4310" type="global" contextid="0" timestamp="2019-08-08T09:56:12.951" intervalms="1087.407" />
<exclusive-end id="4311" timestamp="2019-08-08T09:56:12.951" durationms="0.043" />

<exclusive-start id="4312" timestamp="2019-08-08T09:56:12.973" intervalms="21.231">
  <response-info timems="3.730" idlems="1.901" threads="1" lastid="0000000002500200" lastname="Thread-24" />
</exclusive-start>
<af-start id="4313" threadId="00000000024EA488" totalBytesRequested="40" timestamp="2019-08-08T09:56:12.973" intervalms="456.332" type="nursery" />
<percolate-collect id="4314" from="nursery" to="global" reason="failed tenure threshold reached" timestamp="2019-08-08T09:56:12.973"/>
<gc-start id="4315" type="global" contextid="4310" timestamp="2019-08-08T09:56:12.973">
  <mem-info id="4316" free="627120" total="211615744" percent="0">
    <mem type="nursery" free="0" total="189399040" percent="0">
      <mem type="allocate" free="0" total="170459136" percent="0" />
      <mem type="survivor" free="0" total="18939904" percent="0" />
    </mem>
    <mem type="tenure" free="627120" total="22216704" percent="2">
      <mem type="soa" free="405936" total="21995520" percent="1" />
      <mem type="loa" free="221184" total="221184" percent="100" />
    </mem>
    <remembered-set count="4498" />
  </mem-info>
</gc-start>
<allocation-stats totalBytes="164655128" >
  <allocated-bytes non-tlh="40" tlh="164655088" />
  <largest-consumer threadName="Thread-21" threadId="0000000002507A00" bytes="15826504" />
</allocation-stats>
<heap-resize id="4317" type="loa expand" space="tenure" amount="222208" count="1" timems="0.001" reason="expand on failed allocate" timestamp="2019-08-08T09:56:12.973" />
<concurrent-halted id="4318" timestamp="2019-08-08T09:56:12.973">
  <halted state="Class scanning incomplete" status="clean trace" />
  <traced bytesTarget="13907872" bytesTotal="5554760" bytesByMutator="5191048" bytesByHelper="363712" percent="39" />
  <cards cleaned="0" thresholdBytes="772555" />
</concurrent-halted>
<gc-op id="4319" type="tracing" timems="7.013" contextid="4310" timestamp="2019-08-08T09:56:12.980">
  <trace bytesTraced="8346376" workStackOverflowCount="0" />
</gc-op>
<gc-op id="4320" type="rs-scan" timems="1.248" contextid="4310" timestamp="2019-08-08T09:56:12.981">
  <scan objectsFound="91" bytesTraced="7600" workStackOverflowCount="0" />
</gc-op>
<gc-op id="4321" type="card-cleaning" timems="0.964" contextid="4310" timestamp="2019-08-08T09:56:12.982">
  <card-cleaning cardsCleaned="14" bytesTraced="5492" workStackOverflowCount="0" />
</gc-op>
<gc-op id="4322" type="mark" timems="7.310" contextid="4310" timestamp="2019-08-08T09:56:12.989">
  <trace-info objectcount="114210" scancount="114130" scanbytes="4951556" />
  <finalization candidates="151" enqueued="0" />
  <ownableSynchronizers candidates="23" cleared="0" />
  <references type="soft" candidates="1855" cleared="0" enqueued="0" dynamicThreshold="2" maxThreshold="32" />
  <references type="weak" candidates="6071" cleared="0" enqueued="0" />
  <references type="phantom" candidates="351" cleared="0" enqueued="0" />
  <stringconstants candidates="14612" cleared="0"  />
</gc-op>
<gc-op id="4323" type="sweep" timems="2.853" contextid="4310" timestamp="2019-08-08T09:56:12.992" />
<mem-info id="4324" free="165326376" total="211615744" percent="78">
  <mem type="nursery" free="164435400" total="189399040" percent="86">
    <mem type="allocate" free="164435400" total="170459136" percent="96" />
    <mem type="survivor" free="0" total="18939904" percent="0" />
  </mem>
  <mem type="tenure" free="890976" total="22216704" percent="4" micro-fragmented="3077" macro-fragmented="0">
    <mem type="soa" free="447584" total="21773312" percent="2" />
    <mem type="loa" free="443392" total="443392" percent="100" />
  </mem>
  <remembered-set count="196" />
</mem-info>
<gc-op id="4325" type="compact" timems="32.798" contextid="4310" timestamp="2019-08-08T09:56:13.025">
  <compact-info movecount="131701" movebytes="9362128" reason="compact to aid heap contraction" />
</gc-op>
<heap-resize id="4326" type="expand" space="tenure" amount="131072" count="1" timems="0.025" reason="satisfy allocation request" timestamp="2019-08-08T09:56:13.027" />
<heap-resize id="4327" type="loa contract" space="tenure" amount="223232" count="1" timems="0.001" reason="contract to meet minimum soa" timestamp="2019-08-08T09:56:13.027" />
<gc-end id="4328" type="global" contextid="4310" durationms="54.417" usertimems="169.671" systemtimems="1.717" timestamp="2019-08-08T09:56:13.027" activeThreads="16">
  <mem-info id="4329" free="165563872" total="211746816" percent="78">
    <mem type="nursery" free="164532456" total="189399040" percent="86">
      <mem type="allocate" free="164532456" total="170459136" percent="96" />
      <mem type="survivor" free="0" total="18939904" percent="0" />
    </mem>
    <mem type="tenure" free="1031416" total="22347776" percent="4">
      <mem type="soa" free="808184" total="22124544" percent="3" />
      <mem type="loa" free="223232" total="223232" percent="100" />
    </mem>
    <remembered-set count="196" />
  </mem-info>
</gc-end>
<cycle-end id="4330" type="global" contextid="4310" timestamp="2019-08-08T09:56:13.027" />
  <attribute name="elasticGC enabled" value="1" />
  <attribute name= "numThreadsSpecified" value="16" />
  <attribute name="heapSize specified" value="211615744" />
  <attribute name="Current GC Util" value="91" />
  <attribute name= "Current Time Running" value="164878" />
  <attribute name ="GC Interval" value="1889" />
  <attribute name="Target GC Util Change" value ="80.000000" />
  <attribute name="Current GC Util Change" value="91.000000"/>
  <attribute name="Current Error" value="-98.000000" />
  <attribute name="Output H" value="211691312"/>
  <attribute name="Output I" value="1840"/>
  <attribute name="Output T" value="16"/>
  <attribute name= "Current Time Running" value="164878" />
  <attribute name="GC Util currently" value="91" />
  <attribute name="CPU Util currently" value="35107499935" />
<allocation-satisfied id="4331" threadId="00000000024E9B00" bytesRequested="40" />
<af-end id="4332" timestamp="2019-08-08T09:56:13.027" threadId="00000000024EA488" success="true" from="nursery"/>
<exclusive-end id="4333" timestamp="2019-08-08T09:56:13.027" durationms="54.687" />

<concurrent-kickoff id="4334" timestamp="2019-08-08T09:56:13.172">
  <kickoff reason="threshold reached" targetBytes="12354169" thresholdFreeBytes="1748491"  remainingFree="1722600" tenureFreeBytes="1031416" nurseryFreeBytes="1722600" />
</concurrent-kickoff>
<exclusive-start id="4335" timestamp="2019-08-08T09:56:13.185" intervalms="212.767">
  <response-info timems="13.311" idlems="13.311" threads="0" lastid="0000000002534900" lastname="Thread-32" />
</exclusive-start>
<cycle-start id="4336" type="global" contextid="0" timestamp="2019-08-08T09:56:13.185" intervalms="234.017" />
<exclusive-end id="4337" timestamp="2019-08-08T09:56:13.186" durationms="0.159" />

<exclusive-start id="4338" timestamp="2019-08-08T09:56:13.188" intervalms="2.455">
  <response-info timems="0.654" idlems="0.368" threads="2" lastid="0000000002529500" lastname="Thread-23" />
</exclusive-start>
<af-start id="4339" threadId="00000000024EA488" totalBytesRequested="40" timestamp="2019-08-08T09:56:13.188" intervalms="215.244" type="nursery" />
<cycle-start id="4340" type="scavenge" contextid="0" timestamp="2019-08-08T09:56:13.188" intervalms="671.573" />
<gc-start id="4341" type="scavenge" contextid="4340" timestamp="2019-08-08T09:56:13.188">
  <mem-info id="4342" free="1031416" total="211746816" percent="0">
    <mem type="nursery" free="0" total="189399040" percent="0">
      <mem type="allocate" free="0" total="170459136" percent="0" />
      <mem type="survivor" free="0" total="18939904" percent="0" />
    </mem>
    <mem type="tenure" free="1031416" total="22347776" percent="4">
      <mem type="soa" free="808184" total="22124544" percent="3" />
      <mem type="loa" free="223232" total="223232" percent="100" />
    </mem>
    <remembered-set count="196" />
  </mem-info>
</gc-start>
<allocation-stats totalBytes="164517480" >
  <allocated-bytes non-tlh="40" tlh="164517440" />
  <largest-consumer threadName="Thread-26" threadId="0000000002538500" bytes="21330160" />
</allocation-stats>
<gc-op id="4343" type="scavenge" timems="3.191" contextid="4340" timestamp="2019-08-08T09:56:13.191">
  <scavenger-info tenureage="4" tenuremask="4410" tiltratio="90" />
  <memory-copied type="nursery" objects="108622" bytes="4674600" bytesdiscarded="335784" />
  <memory-copied type="tenure" objects="5009" bytes="1306152" bytesdiscarded="472" />
  <ownableSynchronizers candidates="46" cleared="46" />
  <heap-resize type="expand" space="tenure" amount="589824" count="6" timems="0.087" reason="continue current collection" />
</gc-op>
<gc-end id="4344" type="scavenge" contextid="4340" durationms="3.735" usertimems="17.326" systemtimems="0.344" timestamp="2019-08-08T09:56:13.192" activeThreads="16">
  <mem-info id="4345" free="165678128" total="212336640" percent="78">
    <mem type="nursery" free="165448752" total="189399040" percent="87">
      <mem type="allocate" free="165448752" total="170459136" percent="97" />
      <mem type="survivor" free="0" total="18939904" percent="0" />
    </mem>
    <mem type="tenure" free="229376" total="22937600" percent="1" macro-fragmented="201903">
      <mem type="soa" free="0" total="22708224" percent="0" />
      <mem type="loa" free="229376" total="229376" percent="100" />
    </mem>
    <remembered-set count="2161" />
  </mem-info>
</gc-end>
<cycle-end id="4346" type="scavenge" contextid="4340" timestamp="2019-08-08T09:56:13.192" />
  <attribute name="elasticGC enabled" value="1" />
  <attribute name= "numThreadsSpecified" value="16" />
  <attribute name="heapSize specified" value="211615744" />
  <attribute name="Current GC Util" value="42" />
  <attribute name= "Current Time Running" value="165040" />
  <attribute name ="GC Interval" value="1905" />
  <attribute name="Target GC Util Change" value ="80.000000" />
  <attribute name="Current GC Util Change" value="42.000000"/>
  <attribute name="Current Error" value="-60.000000" />
  <attribute name="Output H" value="211822432"/>
  <attribute name="Output I" value="1904"/>
  <attribute name="Output T" value="16"/>
  <attribute name= "Current Time Running" value="165040" />
  <attribute name="GC Util currently" value="42" />
  <attribute name="CPU Util currently" value="7085665392" />
<allocation-satisfied id="4347" threadId="00000000024E9B00" bytesRequested="40" />
<af-end id="4348" timestamp="2019-08-08T09:56:13.194" threadId="00000000024EA488" success="true" from="nursery"/>
<exclusive-end id="4349" timestamp="2019-08-08T09:56:13.194" durationms="6.608" />

<exclusive-start id="4350" timestamp="2019-08-08T09:56:13.211" intervalms="23.282">
  <response-info timems="0.745" idlems="0.351" threads="3" lastid="00000000024E5F00" lastname="Thread-28" />
</exclusive-start>
<concurrent-collection-start id="4351" timestamp="2019-08-08T09:56:13.211" intervalms="1309.243" >
  <concurrent-trace-info reason="card cleaning threshold reached" tracedByMutators="10629152" tracedByHelpers="3584204" cardsCleaned="23" workStackOverflowCount="0" />
</concurrent-collection-start>
<gc-start id="4352" type="global" contextid="4336" timestamp="2019-08-08T09:56:13.211">
  <mem-info id="4353" free="157269000" total="212336640" percent="74">
    <mem type="nursery" free="157039624" total="189399040" percent="82">
      <mem type="allocate" free="157039624" total="170459136" percent="92" />
      <mem type="survivor" free="0" total="18939904" percent="0" />
    </mem>
    <mem type="tenure" free="229376" total="22937600" percent="1">
      <mem type="soa" free="0" total="22708224" percent="0" />
      <mem type="loa" free="229376" total="229376" percent="100" />
    </mem>
    <remembered-set count="2161" />
  </mem-info>
</gc-start>
<allocation-stats totalBytes="8407688" >
  <allocated-bytes non-tlh="40" tlh="8407648" />
  <largest-consumer threadName="Thread-36" threadId="0000000002516A00" bytes="1290056" />
</allocation-stats>
<gc-op id="4354" type="rs-scan" timems="1.556" contextid="4336" timestamp="2019-08-08T09:56:13.213">
  <scan objectsFound="2070" bytesTraced="173788" workStackOverflowCount="0" />
</gc-op>
<gc-op id="4355" type="card-cleaning" timems="1.191" contextid="4336" timestamp="2019-08-08T09:56:13.214">
  <card-cleaning cardsCleaned="12" bytesTraced="8184" workStackOverflowCount="0" />
</gc-op>
<gc-op id="4356" type="mark" timems="4.228" contextid="4336" timestamp="2019-08-08T09:56:13.218">
  <trace-info objectcount="110765" scancount="110297" scanbytes="4723060" />
  <finalization candidates="151" enqueued="0" />
  <ownableSynchronizers candidates="23" cleared="0" />
  <references type="soft" candidates="1855" cleared="0" enqueued="0" dynamicThreshold="1" maxThreshold="32" />
  <references type="weak" candidates="6071" cleared="0" enqueued="0" />
  <references type="phantom" candidates="351" cleared="0" enqueued="0" />
  <stringconstants candidates="14612" cleared="0"  />
</gc-op>
<gc-op id="4357" type="sweep" timems="2.088" contextid="4336" timestamp="2019-08-08T09:56:13.221" />
<mem-info id="4358" free="166007112" total="212336640" percent="78">
  <mem type="nursery" free="165692496" total="189399040" percent="87">
    <mem type="allocate" free="165692496" total="170459136" percent="97" />
    <mem type="survivor" free="0" total="18939904" percent="0" />
  </mem>
  <mem type="tenure" free="314616" total="22937600" percent="1" micro-fragmented="0" macro-fragmented="273975">
    <mem type="soa" free="85240" total="22708224" percent="0" />
    <mem type="loa" free="229376" total="229376" percent="100" />
  </mem>
  <remembered-set count="2161" />
</mem-info>
<gc-op id="4359" type="compact" timems="34.872" contextid="4336" timestamp="2019-08-08T09:56:13.255">
  <compact-info movecount="113892" movebytes="4911056" reason="compact to aid heap contraction" />
</gc-op>
<heap-resize id="4360" type="expand" space="tenure" amount="131072" count="1" timems="0.022" reason="satisfy allocation request" timestamp="2019-08-08T09:56:13.256" />
<gc-end id="4361" type="global" contextid="4336" durationms="44.905" usertimems="70.506" systemtimems="8.090" timestamp="2019-08-08T09:56:13.256" activeThreads="16">
  <mem-info id="4362" free="166216456" total="212467712" percent="78">
    <mem type="nursery" free="165770296" total="189399040" percent="87">
      <mem type="allocate" free="165770296" total="170459136" percent="97" />
      <mem type="survivor" free="0" total="18939904" percent="0" />
    </mem>
    <mem type="tenure" free="446160" total="23068672" percent="1">
      <mem type="soa" free="215760" total="22838272" percent="0" />
      <mem type="loa" free="230400" total="230400" percent="100" />
    </mem>
    <remembered-set count="2161" />
  </mem-info>
</gc-end>
<cycle-end id="4363" type="global" contextid="4336" timestamp="2019-08-08T09:56:13.256" />
  <attribute name="elasticGC enabled" value="1" />
  <attribute name= "numThreadsSpecified" value="16" />
  <attribute name="heapSize specified" value="212336640" />
  <attribute name="Current GC Util" value="63" />
  <attribute name= "Current Time Running" value="165108" />
  <attribute name ="GC Interval" value="1905" />
  <attribute name="Target GC Util Change" value ="80.000000" />
  <attribute name="Current GC Util Change" value="63.000000"/>
  <attribute name="Current Error" value="-239.000000" />
  <attribute name="Output H" value="212412048"/>
  <attribute name="Output I" value="1584"/>
  <attribute name="Output T" value="16"/>
  <attribute name= "Current Time Running" value="165108" />
  <attribute name="GC Util currently" value="63" />
  <attribute name="CPU Util currently" value="33019131401" />
<concurrent-collection-end id="4364" timestamp="2019-08-08T09:56:13.256" />
<exclusive-end id="4365" timestamp="2019-08-08T09:56:13.256" durationms="45.283" />

<concurrent-kickoff id="4366" timestamp="2019-08-08T09:56:13.389">
  <kickoff reason="threshold reached" targetBytes="13054705" thresholdFreeBytes="1833938"  remainingFree="1819704" tenureFreeBytes="446160" nurseryFreeBytes="1819704" />
</concurrent-kickoff>
<exclusive-start id="4367" timestamp="2019-08-08T09:56:13.392" intervalms="180.403">
  <response-info timems="1.861" idlems="1.861" threads="0" lastid="0000000002521D00" lastname="Thread-33" />
</exclusive-start>
<cycle-start id="4368" type="global" contextid="0" timestamp="2019-08-08T09:56:13.392" intervalms="206.135" />
<exclusive-end id="4369" timestamp="2019-08-08T09:56:13.392" durationms="0.042" />

<exclusive-start id="4370" timestamp="2019-08-08T09:56:13.393" intervalms="1.286">
  <response-info timems="0.339" idlems="0.339" threads="0" lastid="00000000024E2300" lastname="Thread-27" />
</exclusive-start>
<af-start id="4371" threadId="00000000024E2C88" totalBytesRequested="40" timestamp="2019-08-08T09:56:13.393" intervalms="204.950" type="nursery" />
<cycle-start id="4372" type="scavenge" contextid="0" timestamp="2019-08-08T09:56:13.393" intervalms="204.960" />
<gc-start id="4373" type="scavenge" contextid="4372" timestamp="2019-08-08T09:56:13.393">
  <mem-info id="4374" free="446160" total="212467712" percent="0">
    <mem type="nursery" free="0" total="189399040" percent="0">
      <mem type="allocate" free="0" total="170459136" percent="0" />
      <mem type="survivor" free="0" total="18939904" percent="0" />
    </mem>
    <mem type="tenure" free="446160" total="23068672" percent="1">
      <mem type="soa" free="215760" total="22838272" percent="0" />
      <mem type="loa" free="230400" total="230400" percent="100" />
    </mem>
    <remembered-set count="2752" />
  </mem-info>
</gc-start>
<allocation-stats totalBytes="165734752" >
  <allocated-bytes non-tlh="0" tlh="165734752" />
  <largest-consumer threadName="Thread-32" threadId="0000000002534900" bytes="18956720" />
</allocation-stats>
<gc-op id="4375" type="scavenge" timems="7.253" contextid="4372" timestamp="2019-08-08T09:56:13.400">
  <scavenger-info tenureage="14" tenuremask="4000" tiltratio="90" />
  <memory-copied type="nursery" objects="98853" bytes="4440512" bytesdiscarded="92224" />
  <ownableSynchronizers candidates="46" cleared="46" />
</gc-op>
<gc-end id="4376" type="scavenge" contextid="4372" durationms="7.827" usertimems="24.789" systemtimems="0.000" timestamp="2019-08-08T09:56:13.401" activeThreads="16">
  <mem-info id="4377" free="166372560" total="212467712" percent="78">
    <mem type="nursery" free="165926400" total="189399040" percent="87">
      <mem type="allocate" free="165926400" total="170459136" percent="97" />
      <mem type="survivor" free="0" total="18939904" percent="0" />
    </mem>
    <mem type="tenure" free="446160" total="23068672" percent="1" macro-fragmented="0">
      <mem type="soa" free="215760" total="22838272" percent="0" />
      <mem type="loa" free="230400" total="230400" percent="100" />
    </mem>
    <remembered-set count="2732" />
  </mem-info>
</gc-end>
<cycle-end id="4378" type="scavenge" contextid="4372" timestamp="2019-08-08T09:56:13.401" />
  <attribute name="elasticGC enabled" value="1" />
  <attribute name= "numThreadsSpecified" value="16" />
  <attribute name="heapSize specified" value="212336640" />
  <attribute name="Current GC Util" value="28" />
  <attribute name= "Current Time Running" value="165245" />
  <attribute name ="GC Interval" value="1681" />
  <attribute name="Target GC Util Change" value ="80.000000" />
  <attribute name="Current GC Util Change" value="28.000000"/>
  <attribute name="Current Error" value="-187.000000" />
  <attribute name="Output H" value="212543184"/>
  <attribute name="Output I" value="1680"/>
  <attribute name="Output T" value="16"/>
  <attribute name= "Current Time Running" value="165245" />
  <attribute name="GC Util currently" value="28" />
  <attribute name="CPU Util currently" value="8381211237" />
<allocation-satisfied id="4379" threadId="00000000024E2300" bytesRequested="40" />
<af-end id="4380" timestamp="2019-08-08T09:56:13.401" threadId="00000000024E2C88" success="true" from="nursery"/>
<exclusive-end id="4381" timestamp="2019-08-08T09:56:13.401" durationms="8.161" />

<exclusive-start id="4382" timestamp="2019-08-08T09:56:13.444" intervalms="51.637">
  <response-info timems="6.055" idlems="6.055" threads="0" lastid="000000000250F200" lastname="Thread-25" />
</exclusive-start>
<concurrent-collection-start id="4383" timestamp="2019-08-08T09:56:13.445" intervalms="233.569" >
  <concurrent-trace-info reason="card cleaning threshold reached" tracedByMutators="11587040" tracedByHelpers="1168444" cardsCleaned="18" workStackOverflowCount="0" />
</concurrent-collection-start>
<gc-start id="4384" type="global" contextid="4368" timestamp="2019-08-08T09:56:13.445">
  <mem-info id="4385" free="122434728" total="212467712" percent="57">
    <mem type="nursery" free="121988568" total="189399040" percent="64">
      <mem type="allocate" free="121988568" total="170459136" percent="71" />
      <mem type="survivor" free="0" total="18939904" percent="0" />
    </mem>
    <mem type="tenure" free="446160" total="23068672" percent="1">
      <mem type="soa" free="215760" total="22838272" percent="0" />
      <mem type="loa" free="230400" total="230400" percent="100" />
    </mem>
    <remembered-set count="2988" />
  </mem-info>
</gc-start>
<allocation-stats totalBytes="43936912" >
  <allocated-bytes non-tlh="40" tlh="43936872" />
  <largest-consumer threadName="Thread-29" threadId="00000000024DE700" bytes="5603208" />
</allocation-stats>
<gc-op id="4386" type="rs-scan" timems="1.203" contextid="4368" timestamp="2019-08-08T09:56:13.446">
  <scan objectsFound="2310" bytesTraced="189916" workStackOverflowCount="0" />
</gc-op>
<gc-op id="4387" type="card-cleaning" timems="0.697" contextid="4368" timestamp="2019-08-08T09:56:13.447">
  <card-cleaning cardsCleaned="96" bytesTraced="65312" workStackOverflowCount="0" />
</gc-op>
<gc-op id="4388" type="mark" timems="14.585" contextid="4368" timestamp="2019-08-08T09:56:13.462">
  <trace-info objectcount="160218" scancount="147160" scanbytes="5982884" />
  <finalization candidates="151" enqueued="0" />
  <ownableSynchronizers candidates="23" cleared="0" />
  <references type="soft" candidates="1855" cleared="0" enqueued="0" dynamicThreshold="0" maxThreshold="32" />
  <references type="weak" candidates="6071" cleared="0" enqueued="0" />
  <references type="phantom" candidates="351" cleared="0" enqueued="0" />
  <stringconstants candidates="14612" cleared="0"  />
</gc-op>
<gc-op id="4389" type="sweep" timems="4.614" contextid="4368" timestamp="2019-08-08T09:56:13.466" />
<mem-info id="4390" free="166293792" total="212467712" percent="78">
  <mem type="nursery" free="165847632" total="189399040" percent="87">
    <mem type="allocate" free="165847632" total="170459136" percent="97" />
    <mem type="survivor" free="0" total="18939904" percent="0" />
  </mem>
  <mem type="tenure" free="446160" total="23068672" percent="1" micro-fragmented="0" macro-fragmented="0">
    <mem type="soa" free="215760" total="22838272" percent="0" />
    <mem type="loa" free="230400" total="230400" percent="100" />
  </mem>
  <remembered-set count="2988" />
</mem-info>
<gc-op id="4391" type="compact" timems="32.993" contextid="4368" timestamp="2019-08-08T09:56:13.500">
  <compact-info movecount="101880" movebytes="4513128" reason="compact to aid heap contraction" />
</gc-op>
<heap-resize id="4392" type="expand" space="tenure" amount="131072" count="1" timems="0.024" reason="satisfy allocation request" timestamp="2019-08-08T09:56:13.501" />
<gc-end id="4393" type="global" contextid="4368" durationms="56.024" usertimems="77.670" systemtimems="12.163" timestamp="2019-08-08T09:56:13.501" activeThreads="16">
  <mem-info id="4394" free="166523240" total="212598784" percent="78">
    <mem type="nursery" free="165946008" total="189399040" percent="87">
      <mem type="allocate" free="165946008" total="170459136" percent="97" />
      <mem type="survivor" free="0" total="18939904" percent="0" />
    </mem>
    <mem type="tenure" free="577232" total="23199744" percent="2">
      <mem type="soa" free="345808" total="22968320" percent="1" />
      <mem type="loa" free="231424" total="231424" percent="100" />
    </mem>
    <remembered-set count="2988" />
  </mem-info>
</gc-end>
<cycle-end id="4395" type="global" contextid="4368" timestamp="2019-08-08T09:56:13.501" />
  <attribute name="elasticGC enabled" value="1" />
  <attribute name= "numThreadsSpecified" value="16" />
  <attribute name="heapSize specified" value="212467712" />
  <attribute name="Current GC Util" value="106" />
  <attribute name= "Current Time Running" value="165352" />
  <attribute name ="GC Interval" value="1681" />
  <attribute name="Target GC Util Change" value ="80.000000" />
  <attribute name="Current GC Util Change" value="106.000000"/>
  <attribute name="Current Error" value="-140.000000" />
  <attribute name="Output H" value="212543232"/>
  <attribute name="Output I" value="1760"/>
  <attribute name="Output T" value="16"/>
  <attribute name= "Current Time Running" value="165352" />
  <attribute name="GC Util currently" value="106" />
  <attribute name="CPU Util currently" value="34915607165" />
<concurrent-collection-end id="4396" timestamp="2019-08-08T09:56:13.501" />
<exclusive-end id="4397" timestamp="2019-08-08T09:56:13.501" durationms="56.621" />

<concurrent-kickoff id="4398" timestamp="2019-08-08T09:56:13.609">
  <kickoff reason="threshold reached" targetBytes="13073430" thresholdFreeBytes="1666901"  remainingFree="1579120" tenureFreeBytes="577232" nurseryFreeBytes="1579120" />
</concurrent-kickoff>
<exclusive-start id="4399" timestamp="2019-08-08T09:56:13.617" intervalms="172.992">
  <response-info timems="4.845" idlems="0.720" threads="6" lastid="00000000024ED700" lastname="Thread-30" />
</exclusive-start>
<cycle-start id="4400" type="global" contextid="0" timestamp="2019-08-08T09:56:13.618" intervalms="225.915" />
<exclusive-end id="4401" timestamp="2019-08-08T09:56:13.618" durationms="0.039" />

<exclusive-start id="4402" timestamp="2019-08-08T09:56:13.619" intervalms="1.450">
  <response-info timems="0.330" idlems="0.264" threads="1" lastid="0000000002534900" lastname="Thread-32" />
</exclusive-start>
<af-start id="4403" threadId="0000000002538E88" totalBytesRequested="40" timestamp="2019-08-08T09:56:13.619" intervalms="226.058" type="nursery" />
<cycle-start id="4404" type="scavenge" contextid="0" timestamp="2019-08-08T09:56:13.619" intervalms="226.051" />
<gc-start id="4405" type="scavenge" contextid="4404" timestamp="2019-08-08T09:56:13.619">
  <mem-info id="4406" free="577232" total="212598784" percent="0">
    <mem type="nursery" free="0" total="189399040" percent="0">
      <mem type="allocate" free="0" total="170459136" percent="0" />
      <mem type="survivor" free="0" total="18939904" percent="0" />
    </mem>
    <mem type="tenure" free="577232" total="23199744" percent="2">
      <mem type="soa" free="345808" total="22968320" percent="1" />
      <mem type="loa" free="231424" total="231424" percent="100" />
    </mem>
    <remembered-set count="3663" />
  </mem-info>
</gc-start>
<allocation-stats totalBytes="165937512" >
  <allocated-bytes non-tlh="0" tlh="165937512" />
  <largest-consumer threadName="Thread-30" threadId="00000000024ED700" bytes="23952232" />
</allocation-stats>
<gc-op id="4407" type="scavenge" timems="3.122" contextid="4404" timestamp="2019-08-08T09:56:13.622">
  <scavenger-info tenureage="14" tenuremask="4000" tiltratio="90" />
  <memory-copied type="nursery" objects="108824" bytes="4680368" bytesdiscarded="533944" />
  <ownableSynchronizers candidates="46" cleared="46" />
</gc-op>
<gc-end id="4408" type="scavenge" contextid="4404" durationms="3.646" usertimems="13.935" systemtimems="0.692" timestamp="2019-08-08T09:56:13.623" activeThreads="16">
  <mem-info id="4409" free="165822056" total="212598784" percent="77">
    <mem type="nursery" free="165244824" total="189399040" percent="87">
      <mem type="allocate" free="165244824" total="170459136" percent="96" />
      <mem type="survivor" free="0" total="18939904" percent="0" />
    </mem>
    <mem type="tenure" free="577232" total="23199744" percent="2" macro-fragmented="0">
      <mem type="soa" free="345808" total="22968320" percent="1" />
      <mem type="loa" free="231424" total="231424" percent="100" />
    </mem>
    <remembered-set count="3663" />
  </mem-info>
</gc-end>
<cycle-end id="4410" type="scavenge" contextid="4404" timestamp="2019-08-08T09:56:13.623" />
  <attribute name="elasticGC enabled" value="1" />
  <attribute name= "numThreadsSpecified" value="16" />
  <attribute name="heapSize specified" value="212467712" />
  <attribute name="Current GC Util" value="24" />
  <attribute name= "Current Time Running" value="165471" />
  <attribute name ="GC Interval" value="2113" />
  <attribute name="Target GC Util Change" value ="80.000000" />
  <attribute name="Current GC Util Change" value="24.000000"/>
  <attribute name="Current Error" value="56.000000" />
  <attribute name="Output H" value="212674528"/>
  <attribute name="Output I" value="2112"/>
  <attribute name="Output T" value="16"/>
  <attribute name= "Current Time Running" value="165471" />
  <attribute name="GC Util currently" value="24" />
  <attribute name="CPU Util currently" value="9662519051" />
<allocation-satisfied id="4411" threadId="0000000002538500" bytesRequested="40" />
<af-end id="4412" timestamp="2019-08-08T09:56:13.623" threadId="0000000002538E88" success="true" from="nursery"/>
<exclusive-end id="4413" timestamp="2019-08-08T09:56:13.623" durationms="3.913" />

<exclusive-start id="4414" timestamp="2019-08-08T09:56:13.800" intervalms="181.191">
  <response-info timems="5.492" idlems="5.492" threads="0" lastid="00000000024E2300" lastname="Thread-27" />
</exclusive-start>
<af-start id="4415" threadId="00000000024E2C88" totalBytesRequested="40" timestamp="2019-08-08T09:56:13.800" intervalms="181.205" type="nursery" />
<cycle-start id="4416" type="scavenge" contextid="0" timestamp="2019-08-08T09:56:13.800" intervalms="181.338" />
<gc-start id="4417" type="scavenge" contextid="4416" timestamp="2019-08-08T09:56:13.801">
  <mem-info id="4418" free="577232" total="212598784" percent="0">
    <mem type="nursery" free="0" total="189399040" percent="0">
      <mem type="allocate" free="0" total="170459136" percent="0" />
      <mem type="survivor" free="0" total="18939904" percent="0" />
    </mem>
    <mem type="tenure" free="577232" total="23199744" percent="2">
      <mem type="soa" free="345808" total="22968320" percent="1" />
      <mem type="loa" free="231424" total="231424" percent="100" />
    </mem>
    <remembered-set count="4023" />
  </mem-info>
</gc-start>
<allocation-stats totalBytes="165239568" >
  <allocated-bytes non-tlh="40" tlh="165239528" />
  <largest-consumer threadName="Thread-27" threadId="00000000024E2300" bytes="20544816" />
</allocation-stats>
<gc-op id="4419" type="scavenge" timems="7.468" contextid="4416" timestamp="2019-08-08T09:56:13.808">
  <scavenger-info tenureage="5" tenuremask="4020" tiltratio="90" />
  <memory-copied type="nursery" objects="85904" bytes="3446744" bytesdiscarded="534376" />
  <memory-copied type="tenure" objects="24580" bytes="1139424" bytesdiscarded="256" />
  <heap-resize type="expand" space="tenure" amount="1179648" count="18" timems="4.137" reason="continue current collection" />
</gc-op>
<gc-end id="4420" type="scavenge" contextid="4416" durationms="8.033" usertimems="25.802" systemtimems="1.883" timestamp="2019-08-08T09:56:13.809" activeThreads="16">
  <mem-info id="4421" free="166721728" total="213778432" percent="77">
    <mem type="nursery" free="166478016" total="189399040" percent="87">
      <mem type="allocate" free="166478016" total="170459136" percent="97" />
      <mem type="survivor" free="0" total="18939904" percent="0" />
    </mem>
    <mem type="tenure" free="243712" total="24379392" percent="0" macro-fragmented="0">
      <mem type="soa" free="0" total="24135680" percent="0" />
      <mem type="loa" free="243712" total="243712" percent="100" />
    </mem>
    <remembered-set count="12550" />
  </mem-info>
</gc-end>
<cycle-end id="4422" type="scavenge" contextid="4416" timestamp="2019-08-08T09:56:13.809" />
  <attribute name="elasticGC enabled" value="1" />
  <attribute name= "numThreadsSpecified" value="16" />
  <attribute name="heapSize specified" value="212467712" />
  <attribute name="Current GC Util" value="8" />
  <attribute name= "Current Time Running" value="165653" />
  <attribute name ="GC Interval" value="2241" />
  <attribute name="Target GC Util Change" value ="80.000000" />
  <attribute name="Current GC Util Change" value="8.000000"/>
  <attribute name="Current Error" value="128.000000" />
  <attribute name="Output H" value="212674616"/>
  <attribute name="Output I" value="2240"/>
  <attribute name="Output T" value="16"/>
  <attribute name= "Current Time Running" value="165653" />
  <attribute name="GC Util currently" value="8" />
  <attribute name="CPU Util currently" value="6347727837" />
<allocation-satisfied id="4423" threadId="00000000024E2300" bytesRequested="40" />
<af-end id="4424" timestamp="2019-08-08T09:56:13.811" threadId="00000000024E2C88" success="true" from="nursery"/>
<exclusive-end id="4425" timestamp="2019-08-08T09:56:13.811" durationms="11.280" />

<exclusive-start id="4426" timestamp="2019-08-08T09:56:13.813" intervalms="13.027">
  <response-info timems="0.207" idlems="0.074" threads="2" lastid="0000000002534900" lastname="Thread-32" />
</exclusive-start>
<concurrent-collection-start id="4427" timestamp="2019-08-08T09:56:13.813" intervalms="368.396" >
  <concurrent-trace-info reason="card cleaning threshold reached" tracedByMutators="13896184" tracedByHelpers="389172" cardsCleaned="113" workStackOverflowCount="0" />
</concurrent-collection-start>
<gc-start id="4428" type="global" contextid="4400" timestamp="2019-08-08T09:56:13.813">
  <mem-info id="4429" free="165857432" total="213778432" percent="77">
    <mem type="nursery" free="165613720" total="189399040" percent="87">
      <mem type="allocate" free="165613720" total="170459136" percent="97" />
      <mem type="survivor" free="0" total="18939904" percent="0" />
    </mem>
    <mem type="tenure" free="243712" total="24379392" percent="0">
      <mem type="soa" free="0" total="24135680" percent="0" />
      <mem type="loa" free="243712" total="243712" percent="100" />
    </mem>
    <remembered-set count="12566" />
  </mem-info>
</gc-start>
<allocation-stats totalBytes="864296" >
  <allocated-bytes non-tlh="40" tlh="864256" />
  <largest-consumer threadName="Thread-28" threadId="00000000024E5F00" bytes="208896" />
</allocation-stats>
<gc-op id="4430" type="rs-scan" timems="1.032" contextid="4400" timestamp="2019-08-08T09:56:13.814">
  <scan objectsFound="2301" bytesTraced="189460" workStackOverflowCount="0" />
</gc-op>
<gc-op id="4431" type="card-cleaning" timems="0.869" contextid="4400" timestamp="2019-08-08T09:56:13.815">
  <card-cleaning cardsCleaned="178" bytesTraced="130672" workStackOverflowCount="0" />
</gc-op>
<gc-op id="4432" type="mark" timems="3.829" contextid="4400" timestamp="2019-08-08T09:56:13.819">
  <trace-info objectcount="106948" scancount="106915" scanbytes="4498888" />
  <finalization candidates="151" enqueued="0" />
  <ownableSynchronizers candidates="23" cleared="0" />
  <references type="soft" candidates="1855" cleared="0" enqueued="0" dynamicThreshold="0" maxThreshold="32" />
  <references type="weak" candidates="6071" cleared="0" enqueued="0" />
  <references type="phantom" candidates="351" cleared="0" enqueued="0" />
  <stringconstants candidates="14612" cleared="0"  />
</gc-op>
<gc-op id="4433" type="sweep" timems="1.537" contextid="4400" timestamp="2019-08-08T09:56:13.821" />
<mem-info id="4434" free="167601960" total="213778432" percent="78">
  <mem type="nursery" free="166984760" total="189399040" percent="88">
    <mem type="allocate" free="166984760" total="170459136" percent="97" />
    <mem type="survivor" free="0" total="18939904" percent="0" />
  </mem>
  <mem type="tenure" free="617200" total="24379392" percent="2" micro-fragmented="0" macro-fragmented="0">
    <mem type="soa" free="373488" total="24135680" percent="1" />
    <mem type="loa" free="243712" total="243712" percent="100" />
  </mem>
  <remembered-set count="12566" />
</mem-info>
<gc-op id="4435" type="compact" timems="29.246" contextid="4400" timestamp="2019-08-08T09:56:13.850">
  <compact-info movecount="104935" movebytes="4352408" reason="compact to aid heap contraction" />
</gc-op>
<heap-resize id="4436" type="expand" space="tenure" amount="131072" count="1" timems="0.030" reason="satisfy allocation request" timestamp="2019-08-08T09:56:13.851" />
<gc-end id="4437" type="global" contextid="4400" durationms="37.452" usertimems="52.915" systemtimems="14.262" timestamp="2019-08-08T09:56:13.851" activeThreads="16">
  <mem-info id="4438" free="167760808" total="213909504" percent="78">
    <mem type="nursery" free="167012280" total="189399040" percent="88">
      <mem type="allocate" free="167012280" total="170459136" percent="97" />
      <mem type="survivor" free="0" total="18939904" percent="0" />
    </mem>
    <mem type="tenure" free="748528" total="24510464" percent="3">
      <mem type="soa" free="503792" total="24265728" percent="2" />
      <mem type="loa" free="244736" total="244736" percent="100" />
    </mem>
    <remembered-set count="12566" />
  </mem-info>
</gc-end>
<cycle-end id="4439" type="global" contextid="4400" timestamp="2019-08-08T09:56:13.851" />
  <attribute name="elasticGC enabled" value="1" />
  <attribute name= "numThreadsSpecified" value="16" />
  <attribute name="heapSize specified" value="213778432" />
  <attribute name="Current GC Util" value="61" />
  <attribute name= "Current Time Running" value="165702" />
  <attribute name ="GC Interval" value="2241" />
  <attribute name="Target GC Util Change" value ="80.000000" />
  <attribute name="Current GC Util Change" value="61.000000"/>
  <attribute name="Current Error" value="-271.000000" />
  <attribute name="Output H" value="213853800"/>
  <attribute name="Output I" value="1528"/>
  <attribute name="Output T" value="16"/>
  <attribute name= "Current Time Running" value="165702" />
  <attribute name="GC Util currently" value="61" />
  <attribute name="CPU Util currently" value="39380466783" />
<concurrent-collection-end id="4440" timestamp="2019-08-08T09:56:13.851" />
<exclusive-end id="4441" timestamp="2019-08-08T09:56:13.851" durationms="37.707" />

<concurrent-kickoff id="4442" timestamp="2019-08-08T09:56:13.963">
  <kickoff reason="threshold reached" targetBytes="13926053" thresholdFreeBytes="1792005"  remainingFree="1761832" tenureFreeBytes="748528" nurseryFreeBytes="1761832" />
</concurrent-kickoff>
<exclusive-start id="4443" timestamp="2019-08-08T09:56:13.965" intervalms="152.337">
  <response-info timems="1.951" idlems="0.976" threads="1" lastid="00000000024DE700" lastname="Thread-29" />
</exclusive-start>
<cycle-start id="4444" type="global" contextid="0" timestamp="2019-08-08T09:56:13.966" intervalms="348.002" />
<exclusive-end id="4445" timestamp="2019-08-08T09:56:13.966" durationms="0.038" />

<exclusive-start id="4446" timestamp="2019-08-08T09:56:13.968" intervalms="2.304">
  <response-info timems="0.862" idlems="0.862" threads="0" lastid="00000000024E9B00" lastname="Thread-35" />
</exclusive-start>
<af-start id="4447" threadId="00000000024EA488" totalBytesRequested="24" timestamp="2019-08-08T09:56:13.968" intervalms="167.654" type="nursery" />
<cycle-start id="4448" type="scavenge" contextid="0" timestamp="2019-08-08T09:56:13.968" intervalms="167.520" />
<gc-start id="4449" type="scavenge" contextid="4448" timestamp="2019-08-08T09:56:13.968">
  <mem-info id="4450" free="748528" total="213909504" percent="0">
    <mem type="nursery" free="0" total="189399040" percent="0">
      <mem type="allocate" free="0" total="170459136" percent="0" />
      <mem type="survivor" free="0" total="18939904" percent="0" />
    </mem>
    <mem type="tenure" free="748528" total="24510464" percent="3">
      <mem type="soa" free="503792" total="24265728" percent="2" />
      <mem type="loa" free="244736" total="244736" percent="100" />
    </mem>
    <remembered-set count="15176" />
  </mem-info>
</gc-start>
<allocation-stats totalBytes="166990152" >
  <allocated-bytes non-tlh="0" tlh="166990152" />
  <largest-consumer threadName="Thread-27" threadId="00000000024E2300" bytes="33599264" />
</allocation-stats>
<gc-op id="4451" type="scavenge" timems="6.312" contextid="4448" timestamp="2019-08-08T09:56:13.974">
  <scavenger-info tenureage="5" tenuremask="40a0" tiltratio="90" />
  <memory-copied type="nursery" objects="76872" bytes="2949856" bytesdiscarded="590624" />
  <memory-copied type="tenure" objects="19266" bytes="876000" bytesdiscarded="328" />
  <ownableSynchronizers candidates="46" cleared="46" />
  <heap-resize type="expand" space="tenure" amount="655360" count="10" timems="1.027" reason="continue current collection" />
</gc-op>
<gc-end id="4452" type="scavenge" contextid="4448" durationms="6.809" usertimems="25.505" systemtimems="3.138" timestamp="2019-08-08T09:56:13.975" activeThreads="16">
  <mem-info id="4453" free="167202816" total="214564864" percent="77">
    <mem type="nursery" free="166918656" total="189399040" percent="88">
      <mem type="allocate" free="166918656" total="170459136" percent="97" />
      <mem type="survivor" free="0" total="18939904" percent="0" />
    </mem>
    <mem type="tenure" free="284160" total="25165824" percent="1" macro-fragmented="0">
      <mem type="soa" free="33280" total="24914944" percent="0" />
      <mem type="loa" free="250880" total="250880" percent="100" />
    </mem>
    <remembered-set count="20078" />
  </mem-info>
</gc-end>
<cycle-end id="4454" type="scavenge" contextid="4448" timestamp="2019-08-08T09:56:13.975" />
  <attribute name="elasticGC enabled" value="1" />
  <attribute name= "numThreadsSpecified" value="16" />
  <attribute name="heapSize specified" value="213778432" />
  <attribute name="Current GC Util" value="26" />
  <attribute name= "Current Time Running" value="165820" />
  <attribute name ="GC Interval" value="1625" />
  <attribute name="Target GC Util Change" value ="80.000000" />
  <attribute name="Current GC Util Change" value="26.000000"/>
  <attribute name="Current Error" value="-217.000000" />
  <attribute name="Output H" value="213984936"/>
  <attribute name="Output I" value="1624"/>
  <attribute name="Output T" value="16"/>
  <attribute name= "Current Time Running" value="165820" />
  <attribute name="GC Util currently" value="26" />
  <attribute name="CPU Util currently" value="9786624755" />
<allocation-satisfied id="4455" threadId="00000000024E9B00" bytesRequested="24" />
<af-end id="4456" timestamp="2019-08-08T09:56:13.977" threadId="00000000024EA488" success="true" from="nursery"/>
<exclusive-end id="4457" timestamp="2019-08-08T09:56:13.977" durationms="9.451" />

<exclusive-start id="4458" timestamp="2019-08-08T09:56:14.018" intervalms="50.447">
  <response-info timems="16.784" idlems="16.784" threads="0" lastid="000000000251E200" lastname="Thread-22" />
</exclusive-start>
<concurrent-collection-start id="4459" timestamp="2019-08-08T09:56:14.018" intervalms="205.104" >
  <concurrent-trace-info reason="card cleaning threshold reached" tracedByMutators="11965292" tracedByHelpers="3866988" cardsCleaned="420" workStackOverflowCount="0" />
</concurrent-collection-start>
<gc-start id="4460" type="global" contextid="4444" timestamp="2019-08-08T09:56:14.018">
  <mem-info id="4461" free="123117544" total="214564864" percent="57">
    <mem type="nursery" free="122833384" total="189399040" percent="64">
      <mem type="allocate" free="122833384" total="170459136" percent="72" />
      <mem type="survivor" free="0" total="18939904" percent="0" />
    </mem>
    <mem type="tenure" free="284160" total="25165824" percent="1">
      <mem type="soa" free="33280" total="24914944" percent="0" />
      <mem type="loa" free="250880" total="250880" percent="100" />
    </mem>
    <remembered-set count="21018" />
  </mem-info>
</gc-start>
<allocation-stats totalBytes="44081800" >
  <allocated-bytes non-tlh="24" tlh="44081776" />
  <largest-consumer threadName="Thread-31" threadId="0000000002503E00" bytes="5471896" />
</allocation-stats>
<gc-op id="4462" type="rs-scan" timems="2.147" contextid="4444" timestamp="2019-08-08T09:56:14.021">
  <scan objectsFound="15242" bytesTraced="1233360" workStackOverflowCount="0" />
</gc-op>
<gc-op id="4463" type="card-cleaning" timems="2.032" contextid="4444" timestamp="2019-08-08T09:56:14.023">
  <card-cleaning cardsCleaned="291" bytesTraced="103656" workStackOverflowCount="0" />
</gc-op>
<gc-op id="4464" type="mark" timems="5.936" contextid="4444" timestamp="2019-08-08T09:56:14.029">
  <trace-info objectcount="80270" scancount="79790" scanbytes="3304744" />
  <finalization candidates="151" enqueued="0" />
  <ownableSynchronizers candidates="23" cleared="0" />
  <references type="soft" candidates="1855" cleared="0" enqueued="0" dynamicThreshold="0" maxThreshold="32" />
  <references type="weak" candidates="6071" cleared="0" enqueued="0" />
  <references type="phantom" candidates="351" cleared="0" enqueued="0" />
  <stringconstants candidates="14612" cleared="0"  />
</gc-op>
<gc-op id="4465" type="sweep" timems="2.296" contextid="4444" timestamp="2019-08-08T09:56:14.031" />
<mem-info id="4466" free="167861520" total="214564864" percent="78">
  <mem type="nursery" free="167333960" total="189399040" percent="88">
    <mem type="allocate" free="167333960" total="170459136" percent="98" />
    <mem type="survivor" free="0" total="18939904" percent="0" />
  </mem>
  <mem type="tenure" free="527560" total="25165824" percent="2" micro-fragmented="0" macro-fragmented="0">
    <mem type="soa" free="276680" total="24914944" percent="1" />
    <mem type="loa" free="250880" total="250880" percent="100" />
  </mem>
  <remembered-set count="21018" />
</mem-info>
<gc-op id="4467" type="compact" timems="41.834" contextid="4444" timestamp="2019-08-08T09:56:14.073">
  <compact-info movecount="92040" movebytes="3722528" reason="compact to aid heap contraction" />
</gc-op>
<heap-resize id="4468" type="expand" space="tenure" amount="131072" count="1" timems="0.025" reason="satisfy allocation request" timestamp="2019-08-08T09:56:14.074" />
<gc-end id="4469" type="global" contextid="4444" durationms="55.467" usertimems="76.769" systemtimems="17.299" timestamp="2019-08-08T09:56:14.074" activeThreads="16">
  <mem-info id="4470" free="168100832" total="214695936" percent="78">
    <mem type="nursery" free="167441872" total="189399040" percent="88">
      <mem type="allocate" free="167441872" total="170459136" percent="98" />
      <mem type="survivor" free="0" total="18939904" percent="0" />
    </mem>
    <mem type="tenure" free="658960" total="25296896" percent="2">
      <mem type="soa" free="406032" total="25043968" percent="1" />
      <mem type="loa" free="252928" total="252928" percent="100" />
    </mem>
    <remembered-set count="21018" />
  </mem-info>
</gc-end>
<cycle-end id="4471" type="global" contextid="4444" timestamp="2019-08-08T09:56:14.074" />
  <attribute name="elasticGC enabled" value="1" />
  <attribute name= "numThreadsSpecified" value="16" />
  <attribute name="heapSize specified" value="214564864" />
  <attribute name="Current GC Util" value="57" />
  <attribute name= "Current Time Running" value="165925" />
  <attribute name ="GC Interval" value="1625" />
  <attribute name="Target GC Util Change" value ="80.000000" />
  <attribute name="Current GC Util Change" value="57.000000"/>
  <attribute name="Current Error" value="-464.000000" />
  <attribute name="Output H" value="214640016"/>
  <attribute name="Output I" value="1184"/>
  <attribute name="Output T" value="16"/>
  <attribute name= "Current Time Running" value="165925" />
  <attribute name="GC Util currently" value="57" />
  <attribute name="CPU Util currently" value="27521953065" />
<concurrent-collection-end id="4472" timestamp="2019-08-08T09:56:14.074" />
<exclusive-end id="4473" timestamp="2019-08-08T09:56:14.074" durationms="55.708" />

<concurrent-kickoff id="4474" timestamp="2019-08-08T09:56:14.196">
  <kickoff reason="threshold reached" targetBytes="14692033" thresholdFreeBytes="1917823"  remainingFree="1792912" tenureFreeBytes="658960" nurseryFreeBytes="1792912" />
</concurrent-kickoff>
<exclusive-start id="4475" timestamp="2019-08-08T09:56:14.216" intervalms="197.468">
  <response-info timems="18.408" idlems="18.408" threads="0" lastid="0000000002500200" lastname="Thread-24" />
</exclusive-start>
<cycle-start id="4476" type="global" contextid="0" timestamp="2019-08-08T09:56:14.216" intervalms="250.516" />
<exclusive-end id="4477" timestamp="2019-08-08T09:56:14.216" durationms="0.347" />

<exclusive-start id="4478" timestamp="2019-08-08T09:56:14.217" intervalms="1.252">
  <response-info timems="0.241" idlems="0.241" threads="0" lastid="000000000251E200" lastname="Thread-22" />
</exclusive-start>
<af-start id="4479" threadId="000000000251EB88" totalBytesRequested="24" timestamp="2019-08-08T09:56:14.217" intervalms="249.255" type="nursery" />
<cycle-start id="4480" type="scavenge" contextid="0" timestamp="2019-08-08T09:56:14.217" intervalms="249.276" />
<gc-start id="4481" type="scavenge" contextid="4480" timestamp="2019-08-08T09:56:14.217">
  <mem-info id="4482" free="658960" total="214695936" percent="0">
    <mem type="nursery" free="0" total="189399040" percent="0">
      <mem type="allocate" free="0" total="170459136" percent="0" />
      <mem type="survivor" free="0" total="18939904" percent="0" />
    </mem>
    <mem type="tenure" free="658960" total="25296896" percent="2">
      <mem type="soa" free="406032" total="25043968" percent="1" />
      <mem type="loa" free="252928" total="252928" percent="100" />
    </mem>
    <remembered-set count="24814" />
  </mem-info>
</gc-start>
<allocation-stats totalBytes="167432032" >
  <allocated-bytes non-tlh="0" tlh="167432032" />
  <largest-consumer threadName="Thread-29" threadId="00000000024DE700" bytes="22046000" />
</allocation-stats>
<gc-op id="4483" type="scavenge" timems="6.893" contextid="4480" timestamp="2019-08-08T09:56:14.224">
  <scavenger-info tenureage="5" tenuremask="4020" tiltratio="90" />
  <memory-copied type="nursery" objects="99538" bytes="3906312" bytesdiscarded="680472" />
  <memory-copied type="tenure" objects="11550" bytes="414576" bytesdiscarded="40" />
  <ownableSynchronizers candidates="46" cleared="46" />
  <heap-resize type="expand" space="tenure" amount="327680" count="5" timems="3.924" reason="continue current collection" />
</gc-op>
<gc-end id="4484" type="scavenge" contextid="4480" durationms="7.513" usertimems="27.018" systemtimems="2.907" timestamp="2019-08-08T09:56:14.225" activeThreads="16">
  <mem-info id="4485" free="166128352" total="215023616" percent="77">
    <mem type="nursery" free="165872352" total="189399040" percent="87">
      <mem type="allocate" free="165872352" total="170459136" percent="97" />
      <mem type="survivor" free="0" total="18939904" percent="0" />
    </mem>
    <mem type="tenure" free="256000" total="25624576" percent="0" macro-fragmented="0">
      <mem type="soa" free="0" total="25368576" percent="0" />
      <mem type="loa" free="256000" total="256000" percent="100" />
    </mem>
    <remembered-set count="20807" />
  </mem-info>
</gc-end>
<cycle-end id="4486" type="scavenge" contextid="4480" timestamp="2019-08-08T09:56:14.225" />
  <attribute name="elasticGC enabled" value="1" />
  <attribute name= "numThreadsSpecified" value="16" />
  <attribute name="heapSize specified" value="214564864" />
  <attribute name="Current GC Util" value="29" />
  <attribute name= "Current Time Running" value="166069" />
  <attribute name ="GC Interval" value="1273" />
  <attribute name="Target GC Util Change" value ="80.000000" />
  <attribute name="Current GC Util Change" value="29.000000"/>
  <attribute name="Current Error" value="-413.000000" />
  <attribute name="Output H" value="214771144"/>
  <attribute name="Output I" value="1272"/>
  <attribute name="Output T" value="16"/>
  <attribute name= "Current Time Running" value="166069" />
  <attribute name="GC Util currently" value="29" />
  <attribute name="CPU Util currently" value="7993170170" />
<allocation-satisfied id="4487" threadId="000000000251E200" bytesRequested="24" />
<af-end id="4488" timestamp="2019-08-08T09:56:14.227" threadId="000000000251EB88" success="true" from="nursery"/>
<exclusive-end id="4489" timestamp="2019-08-08T09:56:14.228" durationms="10.551" />

<exclusive-start id="4490" timestamp="2019-08-08T09:56:14.240" intervalms="22.960">
  <response-info timems="0.217" idlems="0.111" threads="1" lastid="0000000002503E00" lastname="Thread-31" />
</exclusive-start>
<concurrent-collection-start id="4491" timestamp="2019-08-08T09:56:14.240" intervalms="221.674" >
  <concurrent-trace-info reason="card cleaning threshold reached" tracedByMutators="13723100" tracedByHelpers="1431756" cardsCleaned="147" workStackOverflowCount="0" />
</concurrent-collection-start>
<gc-start id="4492" type="global" contextid="4476" timestamp="2019-08-08T09:56:14.240">
  <mem-info id="4493" free="151730888" total="215023616" percent="70">
    <mem type="nursery" free="151474888" total="189399040" percent="79">
      <mem type="allocate" free="151474888" total="170459136" percent="88" />
      <mem type="survivor" free="0" total="18939904" percent="0" />
    </mem>
    <mem type="tenure" free="256000" total="25624576" percent="0">
      <mem type="soa" free="0" total="25368576" percent="0" />
      <mem type="loa" free="256000" total="256000" percent="100" />
    </mem>
    <remembered-set count="20902" />
  </mem-info>
</gc-start>
<allocation-stats totalBytes="14396200" >
  <allocated-bytes non-tlh="24" tlh="14396176" />
  <largest-consumer threadName="Thread-25" threadId="000000000250F200" bytes="2064216" />
</allocation-stats>
<gc-op id="4494" type="rs-scan" timems="2.308" contextid="4476" timestamp="2019-08-08T09:56:14.242">
  <scan objectsFound="8773" bytesTraced="721952" workStackOverflowCount="0" />
</gc-op>
<gc-op id="4495" type="card-cleaning" timems="0.859" contextid="4476" timestamp="2019-08-08T09:56:14.243">
  <card-cleaning cardsCleaned="41" bytesTraced="27576" workStackOverflowCount="0" />
</gc-op>
<gc-op id="4496" type="mark" timems="5.861" contextid="4476" timestamp="2019-08-08T09:56:14.249">
  <trace-info objectcount="88300" scancount="87819" scanbytes="3772320" />
  <finalization candidates="151" enqueued="0" />
  <ownableSynchronizers candidates="23" cleared="0" />
  <references type="soft" candidates="1855" cleared="0" enqueued="0" dynamicThreshold="0" maxThreshold="32" />
  <references type="weak" candidates="6071" cleared="0" enqueued="0" />
  <references type="phantom" candidates="351" cleared="0" enqueued="0" />
  <stringconstants candidates="14612" cleared="0"  />
</gc-op>
<gc-op id="4497" type="sweep" timems="1.558" contextid="4476" timestamp="2019-08-08T09:56:14.251" />
<mem-info id="4498" free="168499336" total="215023616" percent="78">
  <mem type="nursery" free="166690640" total="189399040" percent="88">
    <mem type="allocate" free="166690640" total="170459136" percent="97" />
    <mem type="survivor" free="0" total="18939904" percent="0" />
  </mem>
  <mem type="tenure" free="1808696" total="25624576" percent="7" micro-fragmented="4626" macro-fragmented="0">
    <mem type="soa" free="1552696" total="25368576" percent="6" />
    <mem type="loa" free="256000" total="256000" percent="100" />
  </mem>
  <remembered-set count="11764" />
</mem-info>
<gc-op id="4499" type="compact" timems="36.580" contextid="4476" timestamp="2019-08-08T09:56:14.288">
  <compact-info movecount="120155" movebytes="5089712" reason="compact to aid heap contraction" />
</gc-op>
<heap-resize id="4500" type="expand" space="tenure" amount="131072" count="1" timems="0.023" reason="satisfy allocation request" timestamp="2019-08-08T09:56:14.288" />
<gc-end id="4501" type="global" contextid="4476" durationms="48.468" usertimems="63.892" systemtimems="8.561" timestamp="2019-08-08T09:56:14.289" activeThreads="16">
  <mem-info id="4502" free="168759744" total="215154688" percent="78">
    <mem type="nursery" free="166811920" total="189399040" percent="88">
      <mem type="allocate" free="166811920" total="170459136" percent="97" />
      <mem type="survivor" free="0" total="18939904" percent="0" />
    </mem>
    <mem type="tenure" free="1947824" total="25755648" percent="7">
      <mem type="soa" free="1690800" total="25498624" percent="6" />
      <mem type="loa" free="257024" total="257024" percent="100" />
    </mem>
    <remembered-set count="11764" />
  </mem-info>
</gc-end>
<cycle-end id="4503" type="global" contextid="4476" timestamp="2019-08-08T09:56:14.289" />
  <attribute name="elasticGC enabled" value="1" />
  <attribute name= "numThreadsSpecified" value="16" />
  <attribute name="heapSize specified" value="215023616" />
  <attribute name="Current GC Util" value="52" />
  <attribute name= "Current Time Running" value="166140" />
  <attribute name ="GC Interval" value="1273" />
  <attribute name="Target GC Util Change" value ="80.000000" />
  <attribute name="Current GC Util Change" value="52.000000"/>
  <attribute name="Current Error" value="28.000000" />
  <attribute name="Output H" value="215099328"/>
  <attribute name="Output I" value="2064"/>
  <attribute name="Output T" value="16"/>
  <attribute name= "Current Time Running" value="166140" />
  <attribute name="GC Util currently" value="52" />
  <attribute name="CPU Util currently" value="31483709512" />
<concurrent-collection-end id="4504" timestamp="2019-08-08T09:56:14.289" />
<exclusive-end id="4505" timestamp="2019-08-08T09:56:14.289" durationms="48.669" />

<exclusive-start id="4506" timestamp="2019-08-08T09:56:14.387" intervalms="146.671">
  <response-info timems="0.465" idlems="0.465" threads="0" lastid="0000000002507A00" lastname="Thread-21" />
</exclusive-start>
<af-start id="4507" threadId="0000000002508388" totalBytesRequested="40" timestamp="2019-08-08T09:56:14.387" intervalms="169.582" type="nursery" />
<cycle-start id="4508" type="scavenge" contextid="0" timestamp="2019-08-08T09:56:14.387" intervalms="169.562" />
<gc-start id="4509" type="scavenge" contextid="4508" timestamp="2019-08-08T09:56:14.387">
  <mem-info id="4510" free="1947824" total="215154688" percent="0">
    <mem type="nursery" free="0" total="189399040" percent="0">
      <mem type="allocate" free="0" total="170459136" percent="0" />
      <mem type="survivor" free="0" total="18939904" percent="0" />
    </mem>
    <mem type="tenure" free="1947824" total="25755648" percent="7">
      <mem type="soa" free="1690800" total="25498624" percent="6" />
      <mem type="loa" free="257024" total="257024" percent="100" />
    </mem>
    <remembered-set count="13527" />
  </mem-info>
</gc-start>
<allocation-stats totalBytes="166805752" >
  <allocated-bytes non-tlh="0" tlh="166805752" />
  <largest-consumer threadName="Thread-22" threadId="000000000251E200" bytes="21331240" />
</allocation-stats>
<gc-op id="4511" type="scavenge" timems="3.751" contextid="4508" timestamp="2019-08-08T09:56:14.391">
  <scavenger-info tenureage="14" tenuremask="4000" tiltratio="90" />
  <memory-copied type="nursery" objects="105839" bytes="4332272" bytesdiscarded="329008" />
  <ownableSynchronizers candidates="46" cleared="46" />
</gc-op>
<gc-end id="4512" type="scavenge" contextid="4508" durationms="4.368" usertimems="13.792" systemtimems="2.090" timestamp="2019-08-08T09:56:14.391" activeThreads="16">
  <mem-info id="4513" free="167745680" total="215154688" percent="77">
    <mem type="nursery" free="165797856" total="189399040" percent="87">
      <mem type="allocate" free="165797856" total="170459136" percent="97" />
      <mem type="survivor" free="0" total="18939904" percent="0" />
    </mem>
    <mem type="tenure" free="1947824" total="25755648" percent="7" macro-fragmented="0">
      <mem type="soa" free="1690800" total="25498624" percent="6" />
      <mem type="loa" free="257024" total="257024" percent="100" />
    </mem>
    <remembered-set count="13527" />
  </mem-info>
</gc-end>
<cycle-end id="4514" type="scavenge" contextid="4508" timestamp="2019-08-08T09:56:14.391" />
  <attribute name="elasticGC enabled" value="1" />
  <attribute name= "numThreadsSpecified" value="16" />
  <attribute name="heapSize specified" value="215023616" />
  <attribute name="Current GC Util" value="34" />
  <attribute name= "Current Time Running" value="166239" />
  <attribute name ="GC Interval" value="2145" />
  <attribute name="Target GC Util Change" value ="80.000000" />
  <attribute name="Current GC Util Change" value="34.000000"/>
  <attribute name="Current Error" value="74.000000" />
  <attribute name="Output H" value="215230456"/>
  <attribute name="Output I" value="2144"/>
  <attribute name="Output T" value="16"/>
  <attribute name= "Current Time Running" value="166239" />
  <attribute name="GC Util currently" value="34" />
  <attribute name="CPU Util currently" value="11613596466" />
<allocation-satisfied id="4515" threadId="0000000002507A00" bytesRequested="40" />
<af-end id="4516" timestamp="2019-08-08T09:56:14.391" threadId="0000000002508388" success="true" from="nursery"/>
<exclusive-end id="4517" timestamp="2019-08-08T09:56:14.391" durationms="4.706" />

<exclusive-start id="4518" timestamp="2019-08-08T09:56:14.536" intervalms="149.353">
  <response-info timems="1.899" idlems="0.928" threads="3" lastid="0000000002521D00" lastname="Thread-33" />
</exclusive-start>
<af-start id="4519" threadId="0000000002538E88" totalBytesRequested="40" timestamp="2019-08-08T09:56:14.536" intervalms="149.329" type="nursery" />
<cycle-start id="4520" type="scavenge" contextid="0" timestamp="2019-08-08T09:56:14.536" intervalms="149.330" />
<gc-start id="4521" type="scavenge" contextid="4520" timestamp="2019-08-08T09:56:14.536">
  <mem-info id="4522" free="1947824" total="215154688" percent="0">
    <mem type="nursery" free="0" total="189399040" percent="0">
      <mem type="allocate" free="0" total="170459136" percent="0" />
      <mem type="survivor" free="0" total="18939904" percent="0" />
    </mem>
    <mem type="tenure" free="1947824" total="25755648" percent="7">
      <mem type="soa" free="1690800" total="25498624" percent="6" />
      <mem type="loa" free="257024" total="257024" percent="100" />
    </mem>
    <remembered-set count="14673" />
  </mem-info>
</gc-start>
<allocation-stats totalBytes="165761664" >
  <allocated-bytes non-tlh="40" tlh="165761624" />
  <largest-consumer threadName="Thread-27" threadId="00000000024E2300" bytes="20017160" />
</allocation-stats>
<gc-op id="4523" type="scavenge" timems="7.802" contextid="4520" timestamp="2019-08-08T09:56:14.544">
  <scavenger-info tenureage="14" tenuremask="4000" tiltratio="90" />
  <memory-copied type="nursery" objects="113654" bytes="4656280" bytesdiscarded="247616" />
</gc-op>
<gc-end id="4524" type="scavenge" contextid="4520" durationms="8.252" usertimems="18.800" systemtimems="2.190" timestamp="2019-08-08T09:56:14.544" activeThreads="16">
  <mem-info id="4525" free="167503064" total="215154688" percent="77">
    <mem type="nursery" free="165555240" total="189399040" percent="87">
      <mem type="allocate" free="165555240" total="170459136" percent="97" />
      <mem type="survivor" free="0" total="18939904" percent="0" />
    </mem>
    <mem type="tenure" free="1947824" total="25755648" percent="7" macro-fragmented="868149">
      <mem type="soa" free="1690800" total="25498624" percent="6" />
      <mem type="loa" free="257024" total="257024" percent="100" />
    </mem>
    <remembered-set count="14671" />
  </mem-info>
</gc-end>
<cycle-end id="4526" type="scavenge" contextid="4520" timestamp="2019-08-08T09:56:14.544" />
  <attribute name="elasticGC enabled" value="1" />
  <attribute name= "numThreadsSpecified" value="16" />
  <attribute name="heapSize specified" value="215023616" />
  <attribute name="Current GC Util" value="10" />
  <attribute name= "Current Time Running" value="166388" />
  <attribute name ="GC Interval" value="2273" />
  <attribute name="Target GC Util Change" value ="80.000000" />
  <attribute name="Current GC Util Change" value="10.000000"/>
  <attribute name="Current Error" value="144.000000" />
  <attribute name="Output H" value="215230536"/>
  <attribute name="Output I" value="2272"/>
  <attribute name="Output T" value="16"/>
  <attribute name= "Current Time Running" value="166388" />
  <attribute name="GC Util currently" value="10" />
  <attribute name="CPU Util currently" value="7721160273" />
<allocation-satisfied id="4527" threadId="0000000002538500" bytesRequested="40" />
<af-end id="4528" timestamp="2019-08-08T09:56:14.544" threadId="0000000002538E88" success="true" from="nursery"/>
<exclusive-end id="4529" timestamp="2019-08-08T09:56:14.544" durationms="8.515" />

<exclusive-start id="4530" timestamp="2019-08-08T09:56:14.715" intervalms="179.318">
  <response-info timems="4.016" idlems="4.016" threads="0" lastid="0000000002503E00" lastname="Thread-31" />
</exclusive-start>
<af-start id="4531" threadId="0000000002504788" totalBytesRequested="40" timestamp="2019-08-08T09:56:14.715" intervalms="179.339" type="nursery" />
<cycle-start id="4532" type="scavenge" contextid="0" timestamp="2019-08-08T09:56:14.715" intervalms="179.351" />
<gc-start id="4533" type="scavenge" contextid="4532" timestamp="2019-08-08T09:56:14.715">
  <mem-info id="4534" free="1947824" total="215154688" percent="0">
    <mem type="nursery" free="0" total="189399040" percent="0">
      <mem type="allocate" free="0" total="170459136" percent="0" />
      <mem type="survivor" free="0" total="18939904" percent="0" />
    </mem>
    <mem type="tenure" free="1947824" total="25755648" percent="7">
      <mem type="soa" free="1690800" total="25498624" percent="6" />
      <mem type="loa" free="257024" total="257024" percent="100" />
    </mem>
    <remembered-set count="15332" />
  </mem-info>
</gc-start>
<allocation-stats totalBytes="165550816" >
  <allocated-bytes non-tlh="40" tlh="165550776" />
  <largest-consumer threadName="Thread-29" threadId="00000000024DE700" bytes="16481808" />
</allocation-stats>
<gc-op id="4535" type="scavenge" timems="5.027" contextid="4532" timestamp="2019-08-08T09:56:14.721">
  <scavenger-info tenureage="14" tenuremask="4000" tiltratio="90" />
  <memory-copied type="nursery" objects="109543" bytes="4558928" bytesdiscarded="217456" />
</gc-op>
<gc-end id="4536" type="scavenge" contextid="4532" durationms="5.561" usertimems="13.180" systemtimems="0.014" timestamp="2019-08-08T09:56:14.721" activeThreads="16">
  <mem-info id="4537" free="167630576" total="215154688" percent="77">
    <mem type="nursery" free="165682752" total="189399040" percent="87">
      <mem type="allocate" free="165682752" total="170459136" percent="97" />
      <mem type="survivor" free="0" total="18939904" percent="0" />
    </mem>
    <mem type="tenure" free="1947824" total="25755648" percent="7" macro-fragmented="868149">
      <mem type="soa" free="1690800" total="25498624" percent="6" />
      <mem type="loa" free="257024" total="257024" percent="100" />
    </mem>
    <remembered-set count="15330" />
  </mem-info>
</gc-end>
<cycle-end id="4538" type="scavenge" contextid="4532" timestamp="2019-08-08T09:56:14.721" />
  <attribute name="elasticGC enabled" value="1" />
  <attribute name= "numThreadsSpecified" value="16" />
  <attribute name="heapSize specified" value="215023616" />
  <attribute name="Current GC Util" value="11" />
  <attribute name= "Current Time Running" value="166568" />
  <attribute name ="GC Interval" value="2393" />
  <attribute name="Target GC Util Change" value ="80.000000" />
  <attribute name="Current GC Util Change" value="11.000000"/>
  <attribute name="Current Error" value="213.000000" />
  <attribute name="Output H" value="215230616"/>
  <attribute name="Output I" value="2392"/>
  <attribute name="Output T" value="16"/>
  <attribute name= "Current Time Running" value="166568" />
  <attribute name="GC Util currently" value="11" />
  <attribute name="CPU Util currently" value="6428421925" />
<allocation-satisfied id="4539" threadId="0000000002503E00" bytesRequested="40" />
<af-end id="4540" timestamp="2019-08-08T09:56:14.721" threadId="0000000002504788" success="true" from="nursery"/>
<exclusive-end id="4541" timestamp="2019-08-08T09:56:14.721" durationms="5.852" />

<exclusive-start id="4542" timestamp="2019-08-08T09:56:14.872" intervalms="156.367">
  <response-info timems="1.011" idlems="1.011" threads="0" lastid="0000000002521D00" lastname="Thread-33" />
</exclusive-start>
<af-start id="4543" threadId="0000000002522688" totalBytesRequested="40" timestamp="2019-08-08T09:56:14.872" intervalms="156.344" type="nursery" />
<cycle-start id="4544" type="scavenge" contextid="0" timestamp="2019-08-08T09:56:14.872" intervalms="156.398" />
<gc-start id="4545" type="scavenge" contextid="4544" timestamp="2019-08-08T09:56:14.872">
  <mem-info id="4546" free="1947824" total="215154688" percent="0">
    <mem type="nursery" free="0" total="189399040" percent="0">
      <mem type="allocate" free="0" total="170459136" percent="0" />
      <mem type="survivor" free="0" total="18939904" percent="0" />
    </mem>
    <mem type="tenure" free="1947824" total="25755648" percent="7">
      <mem type="soa" free="1690800" total="25498624" percent="6" />
      <mem type="loa" free="257024" total="257024" percent="100" />
    </mem>
    <remembered-set count="15613" />
  </mem-info>
</gc-start>
<allocation-stats totalBytes="165679432" >
  <allocated-bytes non-tlh="40" tlh="165679392" />
  <largest-consumer threadName="Thread-32" threadId="0000000002534900" bytes="17923768" />
</allocation-stats>
<gc-op id="4547" type="scavenge" timems="7.441" contextid="4544" timestamp="2019-08-08T09:56:14.879">
  <scavenger-info tenureage="14" tenuremask="4000" tiltratio="90" />
  <memory-copied type="nursery" objects="125281" bytes="5072184" bytesdiscarded="173784" />
</gc-op>
<gc-end id="4548" type="scavenge" contextid="4544" durationms="8.061" usertimems="26.526" systemtimems="0.000" timestamp="2019-08-08T09:56:14.880" activeThreads="16">
  <mem-info id="4549" free="167160992" total="215154688" percent="77">
    <mem type="nursery" free="165213168" total="189399040" percent="87">
      <mem type="allocate" free="165213168" total="170459136" percent="96" />
      <mem type="survivor" free="0" total="18939904" percent="0" />
    </mem>
    <mem type="tenure" free="1947824" total="25755648" percent="7" macro-fragmented="502401">
      <mem type="soa" free="1690800" total="25498624" percent="6" />
      <mem type="loa" free="257024" total="257024" percent="100" />
    </mem>
    <remembered-set count="15612" />
  </mem-info>
</gc-end>
<cycle-end id="4550" type="scavenge" contextid="4544" timestamp="2019-08-08T09:56:14.880" />
  <attribute name="elasticGC enabled" value="1" />
  <attribute name= "numThreadsSpecified" value="16" />
  <attribute name="heapSize specified" value="215023616" />
  <attribute name="Current GC Util" value="7" />
  <attribute name= "Current Time Running" value="166724" />
  <attribute name ="GC Interval" value="2521" />
  <attribute name="Target GC Util Change" value ="80.000000" />
  <attribute name="Current GC Util Change" value="7.000000"/>
  <attribute name="Current Error" value="286.000000" />
  <attribute name="Output H" value="215230704"/>
  <attribute name="Output I" value="2520"/>
  <attribute name="Output T" value="16"/>
  <attribute name= "Current Time Running" value="166724" />
  <attribute name="GC Util currently" value="7" />
  <attribute name="CPU Util currently" value="7366169426" />
<allocation-satisfied id="4551" threadId="0000000002521D00" bytesRequested="40" />
<af-end id="4552" timestamp="2019-08-08T09:56:14.880" threadId="0000000002522688" success="true" from="nursery"/>
<exclusive-end id="4553" timestamp="2019-08-08T09:56:14.880" durationms="8.595" />

<exclusive-start id="4554" timestamp="2019-08-08T09:56:15.056" intervalms="184.266">
  <response-info timems="2.387" idlems="2.387" threads="0" lastid="0000000002521D00" lastname="Thread-33" />
</exclusive-start>
<af-start id="4555" threadId="0000000002522688" totalBytesRequested="40" timestamp="2019-08-08T09:56:15.056" intervalms="184.336" type="nursery" />
<cycle-start id="4556" type="scavenge" contextid="0" timestamp="2019-08-08T09:56:15.056" intervalms="184.281" />
<gc-start id="4557" type="scavenge" contextid="4556" timestamp="2019-08-08T09:56:15.056">
  <mem-info id="4558" free="1947824" total="215154688" percent="0">
    <mem type="nursery" free="0" total="189399040" percent="0">
      <mem type="allocate" free="0" total="170459136" percent="0" />
      <mem type="survivor" free="0" total="18939904" percent="0" />
    </mem>
    <mem type="tenure" free="1947824" total="25755648" percent="7">
      <mem type="soa" free="1690800" total="25498624" percent="6" />
      <mem type="loa" free="257024" total="257024" percent="100" />
    </mem>
    <remembered-set count="15694" />
  </mem-info>
</gc-start>
<allocation-stats totalBytes="165210552" >
  <allocated-bytes non-tlh="40" tlh="165210512" />
  <largest-consumer threadName="Thread-33" threadId="0000000002521D00" bytes="19952536" />
</allocation-stats>
<gc-op id="4559" type="scavenge" timems="6.083" contextid="4556" timestamp="2019-08-08T09:56:15.062">
  <scavenger-info tenureage="3" tenuremask="4018" tiltratio="90" />
  <memory-copied type="nursery" objects="90541" bytes="3414056" bytesdiscarded="587224" />
  <memory-copied type="tenure" objects="40071" bytes="1785960" bytesdiscarded="240" />
  <heap-resize type="expand" space="tenure" amount="786432" count="12" timems="0.160" reason="continue current collection" />
</gc-op>
<gc-end id="4560" type="scavenge" contextid="4556" durationms="6.675" usertimems="28.225" systemtimems="0.429" timestamp="2019-08-08T09:56:15.063" activeThreads="16">
  <mem-info id="4561" free="166723072" total="215941120" percent="77">
    <mem type="nursery" free="166457856" total="189399040" percent="87">
      <mem type="allocate" free="166457856" total="170459136" percent="97" />
      <mem type="survivor" free="0" total="18939904" percent="0" />
    </mem>
    <mem type="tenure" free="265216" total="26542080" percent="0" macro-fragmented="0">
      <mem type="soa" free="0" total="26276864" percent="0" />
      <mem type="loa" free="265216" total="265216" percent="100" />
    </mem>
    <remembered-set count="26454" />
  </mem-info>
</gc-end>
<cycle-end id="4562" type="scavenge" contextid="4556" timestamp="2019-08-08T09:56:15.063" />
  <attribute name="elasticGC enabled" value="1" />
  <attribute name= "numThreadsSpecified" value="16" />
  <attribute name="heapSize specified" value="215023616" />
  <attribute name="Current GC Util" value="10" />
  <attribute name= "Current Time Running" value="166908" />
  <attribute name ="GC Interval" value="2649" />
  <attribute name="Target GC Util Change" value ="80.000000" />
  <attribute name="Current GC Util Change" value="10.000000"/>
  <attribute name="Current Error" value="356.000000" />
  <attribute name="Output H" value="215230784"/>
  <attribute name="Output I" value="2648"/>
  <attribute name="Output T" value="16"/>
  <attribute name= "Current Time Running" value="166908" />
  <attribute name="GC Util currently" value="10" />
  <attribute name="CPU Util currently" value="6258963553" />
<allocation-satisfied id="4563" threadId="0000000002521D00" bytesRequested="40" />
<af-end id="4564" timestamp="2019-08-08T09:56:15.063" threadId="0000000002522688" success="true" from="nursery"/>
<exclusive-end id="4565" timestamp="2019-08-08T09:56:15.063" durationms="7.088" />

<concurrent-kickoff id="4566" timestamp="2019-08-08T09:56:15.257">
  <kickoff reason="threshold reached" targetBytes="15475823" thresholdFreeBytes="2035729"  remainingFree="1962456" tenureFreeBytes="265216" nurseryFreeBytes="1962456" />
</concurrent-kickoff>
<exclusive-start id="4567" timestamp="2019-08-08T09:56:15.264" intervalms="208.338">
  <response-info timems="4.791" idlems="4.791" threads="0" lastid="0000000002521D00" lastname="Thread-33" />
</exclusive-start>
<cycle-start id="4568" type="global" contextid="0" timestamp="2019-08-08T09:56:15.264" intervalms="1048.226" />
<exclusive-end id="4569" timestamp="2019-08-08T09:56:15.264" durationms="0.151" />

<exclusive-start id="4570" timestamp="2019-08-08T09:56:15.267" intervalms="3.120">
  <response-info timems="1.944" idlems="1.944" threads="0" lastid="0000000002521D00" lastname="Thread-33" />
</exclusive-start>
<af-start id="4571" threadId="0000000002522688" totalBytesRequested="24" timestamp="2019-08-08T09:56:15.267" intervalms="211.394" type="nursery" />
<cycle-start id="4572" type="scavenge" contextid="0" timestamp="2019-08-08T09:56:15.267" intervalms="211.394" />
<gc-start id="4573" type="scavenge" contextid="4572" timestamp="2019-08-08T09:56:15.268">
  <mem-info id="4574" free="265216" total="215941120" percent="0">
    <mem type="nursery" free="0" total="189399040" percent="0">
      <mem type="allocate" free="0" total="170459136" percent="0" />
      <mem type="survivor" free="0" total="18939904" percent="0" />
    </mem>
    <mem type="tenure" free="265216" total="26542080" percent="0">
      <mem type="soa" free="0" total="26276864" percent="0" />
      <mem type="loa" free="265216" total="265216" percent="100" />
    </mem>
    <remembered-set count="30240" />
  </mem-info>
</gc-start>
<allocation-stats totalBytes="166454888" >
  <allocated-bytes non-tlh="40" tlh="166454848" />
  <largest-consumer threadName="Thread-30" threadId="00000000024ED700" bytes="17137312" />
</allocation-stats>
<gc-op id="4575" type="scavenge" timems="3.669" contextid="4572" timestamp="2019-08-08T09:56:15.271">
  <scavenger-info tenureage="14" tenuremask="4000" tiltratio="90" />
  <memory-copied type="nursery" objects="99014" bytes="3754664" bytesdiscarded="280864" />
</gc-op>
<gc-end id="4576" type="scavenge" contextid="4572" durationms="4.165" usertimems="15.674" systemtimems="0.949" timestamp="2019-08-08T09:56:15.272" activeThreads="16">
  <mem-info id="4577" free="166688824" total="215941120" percent="77">
    <mem type="nursery" free="166423608" total="189399040" percent="87">
      <mem type="allocate" free="166423608" total="170459136" percent="97" />
      <mem type="survivor" free="0" total="18939904" percent="0" />
    </mem>
    <mem type="tenure" free="265216" total="26542080" percent="0" macro-fragmented="0">
      <mem type="soa" free="0" total="26276864" percent="0" />
      <mem type="loa" free="265216" total="265216" percent="100" />
    </mem>
    <remembered-set count="30240" />
  </mem-info>
</gc-end>
<cycle-end id="4578" type="scavenge" contextid="4572" timestamp="2019-08-08T09:56:15.272" />
  <attribute name="elasticGC enabled" value="1" />
  <attribute name= "numThreadsSpecified" value="16" />
  <attribute name="heapSize specified" value="215023616" />
  <attribute name="Current GC Util" value="10" />
  <attribute name= "Current Time Running" value="167120" />
  <attribute name ="GC Interval" value="2137" />
  <attribute name="Target GC Util Change" value ="80.000000" />
  <attribute name="Current GC Util Change" value="10.000000"/>
  <attribute name="Current Error" value="70.000000" />
  <attribute name="Output H" value="216016880"/>
  <attribute name="Output I" value="2136"/>
  <attribute name="Output T" value="16"/>
  <attribute name= "Current Time Running" value="167120" />
  <attribute name="GC Util currently" value="10" />
  <attribute name="CPU Util currently" value="5453803360" />
<allocation-satisfied id="4579" threadId="0000000002521D00" bytesRequested="24" />
<af-end id="4580" timestamp="2019-08-08T09:56:15.272" threadId="0000000002522688" success="true" from="nursery"/>
<exclusive-end id="4581" timestamp="2019-08-08T09:56:15.272" durationms="4.615" />

<exclusive-start id="4582" timestamp="2019-08-08T09:56:15.501" intervalms="233.456">
  <response-info timems="2.274" idlems="2.274" threads="0" lastid="0000000002500200" lastname="Thread-24" />
</exclusive-start>
<af-start id="4583" threadId="0000000002500B88" totalBytesRequested="40" timestamp="2019-08-08T09:56:15.501" intervalms="233.491" type="nursery" />
<cycle-start id="4584" type="scavenge" contextid="0" timestamp="2019-08-08T09:56:15.501" intervalms="233.491" />
<gc-start id="4585" type="scavenge" contextid="4584" timestamp="2019-08-08T09:56:15.501">
  <mem-info id="4586" free="265216" total="215941120" percent="0">
    <mem type="nursery" free="0" total="189399040" percent="0">
      <mem type="allocate" free="0" total="170459136" percent="0" />
      <mem type="survivor" free="0" total="18939904" percent="0" />
    </mem>
    <mem type="tenure" free="265216" total="26542080" percent="0">
      <mem type="soa" free="0" total="26276864" percent="0" />
      <mem type="loa" free="265216" total="265216" percent="100" />
    </mem>
    <remembered-set count="32104" />
  </mem-info>
</gc-start>
<allocation-stats totalBytes="166409880" >
  <allocated-bytes non-tlh="24" tlh="166409856" />
  <largest-consumer threadName="Thread-21" threadId="0000000002507A00" bytes="15956728" />
</allocation-stats>
<gc-op id="4587" type="scavenge" timems="4.209" contextid="4584" timestamp="2019-08-08T09:56:15.505">
  <scavenger-info tenureage="14" tenuremask="4000" tiltratio="90" />
  <memory-copied type="nursery" objects="110171" bytes="4160032" bytesdiscarded="456128" />
</gc-op>
<gc-end id="4588" type="scavenge" contextid="4584" durationms="4.726" usertimems="17.698" systemtimems="1.931" timestamp="2019-08-08T09:56:15.506" activeThreads="16">
  <mem-info id="4589" free="166108192" total="215941120" percent="76">
    <mem type="nursery" free="165842976" total="189399040" percent="87">
      <mem type="allocate" free="165842976" total="170459136" percent="97" />
      <mem type="survivor" free="0" total="18939904" percent="0" />
    </mem>
    <mem type="tenure" free="265216" total="26542080" percent="0" macro-fragmented="0">
      <mem type="soa" free="0" total="26276864" percent="0" />
      <mem type="loa" free="265216" total="265216" percent="100" />
    </mem>
    <remembered-set count="32103" />
  </mem-info>
</gc-end>
<cycle-end id="4590" type="scavenge" contextid="4584" timestamp="2019-08-08T09:56:15.506" />
  <attribute name="elasticGC enabled" value="1" />
  <attribute name= "numThreadsSpecified" value="16" />
  <attribute name="heapSize specified" value="215023616" />
  <attribute name="Current GC Util" value="7" />
  <attribute name= "Current Time Running" value="167353" />
  <attribute name ="GC Interval" value="2265" />
  <attribute name="Target GC Util Change" value ="80.000000" />
  <attribute name="Current GC Util Change" value="7.000000"/>
  <attribute name="Current Error" value="143.000000" />
  <attribute name="Output H" value="216016968"/>
  <attribute name="Output I" value="2264"/>
  <attribute name="Output T" value="16"/>
  <attribute name= "Current Time Running" value="167353" />
  <attribute name="GC Util currently" value="7" />
  <attribute name="CPU Util currently" value="4938076413" />
<allocation-satisfied id="4591" threadId="0000000002500200" bytesRequested="40" />
<af-end id="4592" timestamp="2019-08-08T09:56:15.513" threadId="0000000002500B88" success="true" from="nursery"/>
<exclusive-end id="4593" timestamp="2019-08-08T09:56:15.513" durationms="12.493" />

<exclusive-start id="4594" timestamp="2019-08-08T09:56:15.539" intervalms="37.792">
  <response-info timems="3.831" idlems="3.831" threads="0" lastid="00000000024DE700" lastname="Thread-29" />
</exclusive-start>
<concurrent-collection-start id="4595" timestamp="2019-08-08T09:56:15.539" intervalms="1298.703" >
  <concurrent-trace-info reason="card cleaning threshold reached" tracedByMutators="13738824" tracedByHelpers="2203536" cardsCleaned="503" workStackOverflowCount="0" />
</concurrent-collection-start>
<gc-start id="4596" type="global" contextid="4568" timestamp="2019-08-08T09:56:15.539">
  <mem-info id="4597" free="157711352" total="215941120" percent="73">
    <mem type="nursery" free="157446136" total="189399040" percent="83">
      <mem type="allocate" free="157446136" total="170459136" percent="92" />
      <mem type="survivor" free="0" total="18939904" percent="0" />
    </mem>
    <mem type="tenure" free="265216" total="26542080" percent="0">
      <mem type="soa" free="0" total="26276864" percent="0" />
      <mem type="loa" free="265216" total="265216" percent="100" />
    </mem>
    <remembered-set count="32203" />
  </mem-info>
</gc-start>
<allocation-stats totalBytes="8394520" >
  <allocated-bytes non-tlh="40" tlh="8394480" />
  <largest-consumer threadName="Thread-33" threadId="0000000002521D00" bytes="2076192" />
</allocation-stats>
<gc-op id="4598" type="rs-scan" timems="2.871" contextid="4568" timestamp="2019-08-08T09:56:15.542">
  <scan objectsFound="16727" bytesTraced="1388768" workStackOverflowCount="0" />
</gc-op>
<gc-op id="4599" type="card-cleaning" timems="1.128" contextid="4568" timestamp="2019-08-08T09:56:15.543">
  <card-cleaning cardsCleaned="47" bytesTraced="34584" workStackOverflowCount="0" />
</gc-op>
<gc-op id="4600" type="mark" timems="4.765" contextid="4568" timestamp="2019-08-08T09:56:15.548">
  <trace-info objectcount="76345" scancount="76312" scanbytes="3484808" />
  <finalization candidates="151" enqueued="0" />
  <ownableSynchronizers candidates="23" cleared="0" />
  <references type="soft" candidates="1855" cleared="0" enqueued="0" dynamicThreshold="2" maxThreshold="32" />
  <references type="weak" candidates="6071" cleared="0" enqueued="0" />
  <references type="phantom" candidates="351" cleared="0" enqueued="0" />
  <stringconstants candidates="14612" cleared="0"  />
</gc-op>
<gc-op id="4601" type="sweep" timems="2.754" contextid="4568" timestamp="2019-08-08T09:56:15.551" />
<mem-info id="4602" free="168817880" total="215941120" percent="78">
  <mem type="nursery" free="166355696" total="189399040" percent="87">
    <mem type="allocate" free="166355696" total="170459136" percent="97" />
    <mem type="survivor" free="0" total="18939904" percent="0" />
  </mem>
  <mem type="tenure" free="2462184" total="26542080" percent="9" micro-fragmented="44193" macro-fragmented="71224">
    <mem type="soa" free="2196968" total="26276864" percent="8" />
    <mem type="loa" free="265216" total="265216" percent="100" />
  </mem>
  <remembered-set count="17066" />
</mem-info>
<gc-op id="4603" type="compact" timems="33.872" contextid="4568" timestamp="2019-08-08T09:56:15.585">
  <compact-info movecount="128185" movebytes="5546528" reason="compact to aid heap contraction" />
</gc-op>
<heap-resize id="4604" type="expand" space="tenure" amount="131072" count="1" timems="0.019" reason="satisfy allocation request" timestamp="2019-08-08T09:56:15.585" />
<gc-end id="4605" type="global" contextid="4568" durationms="46.575" usertimems="82.666" systemtimems="4.380" timestamp="2019-08-08T09:56:15.585" activeThreads="16">
  <mem-info id="4606" free="169169432" total="216072192" percent="78">
    <mem type="nursery" free="166526416" total="189399040" percent="87">
      <mem type="allocate" free="166526416" total="170459136" percent="97" />
      <mem type="survivor" free="0" total="18939904" percent="0" />
    </mem>
    <mem type="tenure" free="2643016" total="26673152" percent="9">
      <mem type="soa" free="2376776" total="26406912" percent="9" />
      <mem type="loa" free="266240" total="266240" percent="100" />
    </mem>
    <remembered-set count="17066" />
  </mem-info>
</gc-end>
<cycle-end id="4607" type="global" contextid="4568" timestamp="2019-08-08T09:56:15.585" />
  <attribute name="elasticGC enabled" value="1" />
  <attribute name= "numThreadsSpecified" value="16" />
  <attribute name="heapSize specified" value="215941120" />
  <attribute name="Current GC Util" value="91" />
  <attribute name= "Current Time Running" value="167437" />
  <attribute name ="GC Interval" value="2265" />
  <attribute name="Target GC Util Change" value ="80.000000" />
  <attribute name="Current GC Util Change" value="91.000000"/>
  <attribute name="Current Error" value="-232.000000" />
  <attribute name="Output H" value="216016536"/>
  <attribute name="Output I" value="1600"/>
  <attribute name="Output T" value="16"/>
  <attribute name= "Current Time Running" value="167437" />
  <attribute name="GC Util currently" value="91" />
  <attribute name="CPU Util currently" value="34050407956" />
<concurrent-collection-end id="4608" timestamp="2019-08-08T09:56:15.585" />
<exclusive-end id="4609" timestamp="2019-08-08T09:56:15.585" durationms="46.863" />

<exclusive-start id="4610" timestamp="2019-08-08T09:56:15.753" intervalms="213.920">
  <response-info timems="6.587" idlems="4.399" threads="2" lastid="00000000024E5F00" lastname="Thread-28" />
</exclusive-start>
<af-start id="4611" threadId="000000000251EB88" totalBytesRequested="24" timestamp="2019-08-08T09:56:15.753" intervalms="251.673" type="nursery" />
<cycle-start id="4612" type="scavenge" contextid="0" timestamp="2019-08-08T09:56:15.753" intervalms="252.493" />
<gc-start id="4613" type="scavenge" contextid="4612" timestamp="2019-08-08T09:56:15.754">
  <mem-info id="4614" free="2643016" total="216072192" percent="1">
    <mem type="nursery" free="0" total="189399040" percent="0">
      <mem type="allocate" free="0" total="170459136" percent="0" />
      <mem type="survivor" free="0" total="18939904" percent="0" />
    </mem>
    <mem type="tenure" free="2643016" total="26673152" percent="9">
      <mem type="soa" free="2376776" total="26406912" percent="9" />
      <mem type="loa" free="266240" total="266240" percent="100" />
    </mem>
    <remembered-set count="18773" />
  </mem-info>
</gc-start>
<allocation-stats totalBytes="166515576" >
  <allocated-bytes non-tlh="0" tlh="166515576" />
  <largest-consumer threadName="Thread-30" threadId="00000000024ED700" bytes="19716920" />
</allocation-stats>
<gc-op id="4615" type="scavenge" timems="5.137" contextid="4612" timestamp="2019-08-08T09:56:15.759">
  <scavenger-info tenureage="14" tenuremask="4000" tiltratio="90" />
  <memory-copied type="nursery" objects="118678" bytes="4638560" bytesdiscarded="506128" />
  <ownableSynchronizers candidates="46" cleared="46" />
</gc-op>
<gc-end id="4616" type="scavenge" contextid="4612" durationms="5.721" usertimems="20.195" systemtimems="0.000" timestamp="2019-08-08T09:56:15.759" activeThreads="16">
  <mem-info id="4617" free="167957464" total="216072192" percent="77">
    <mem type="nursery" free="165314448" total="189399040" percent="87">
      <mem type="allocate" free="165314448" total="170459136" percent="96" />
      <mem type="survivor" free="0" total="18939904" percent="0" />
    </mem>
    <mem type="tenure" free="2643016" total="26673152" percent="9" macro-fragmented="1500163">
      <mem type="soa" free="2376776" total="26406912" percent="9" />
      <mem type="loa" free="266240" total="266240" percent="100" />
    </mem>
    <remembered-set count="18772" />
  </mem-info>
</gc-end>
<cycle-end id="4618" type="scavenge" contextid="4612" timestamp="2019-08-08T09:56:15.759" />
  <attribute name="elasticGC enabled" value="1" />
  <attribute name= "numThreadsSpecified" value="16" />
  <attribute name="heapSize specified" value="215941120" />
  <attribute name="Current GC Util" value="20" />
  <attribute name= "Current Time Running" value="167606" />
  <attribute name ="GC Interval" value="1705" />
  <attribute name="Target GC Util Change" value ="80.000000" />
  <attribute name="Current GC Util Change" value="20.000000"/>
  <attribute name="Current Error" value="-172.000000" />
  <attribute name="Output H" value="216147680"/>
  <attribute name="Output I" value="1704"/>
  <attribute name="Output T" value="16"/>
  <attribute name= "Current Time Running" value="167606" />
  <attribute name="GC Util currently" value="20" />
  <attribute name="CPU Util currently" value="6821647936" />
<allocation-satisfied id="4619" threadId="000000000251E200" bytesRequested="24" />
<af-end id="4620" timestamp="2019-08-08T09:56:15.759" threadId="000000000251EB88" success="true" from="nursery"/>
<exclusive-end id="4621" timestamp="2019-08-08T09:56:15.759" durationms="6.929" />

<exclusive-start id="4622" timestamp="2019-08-08T09:56:15.924" intervalms="171.492">
  <response-info timems="1.383" idlems="0.466" threads="2" lastid="0000000002529500" lastname="Thread-23" />
</exclusive-start>
<af-start id="4623" threadId="00000000024FCF88" totalBytesRequested="40" timestamp="2019-08-08T09:56:15.924" intervalms="171.885" type="nursery" />
<cycle-start id="4624" type="scavenge" contextid="0" timestamp="2019-08-08T09:56:15.925" intervalms="171.082" />
<gc-start id="4625" type="scavenge" contextid="4624" timestamp="2019-08-08T09:56:15.925">
  <mem-info id="4626" free="2643016" total="216072192" percent="1">
    <mem type="nursery" free="0" total="189399040" percent="0">
      <mem type="allocate" free="0" total="170459136" percent="0" />
      <mem type="survivor" free="0" total="18939904" percent="0" />
    </mem>
    <mem type="tenure" free="2643016" total="26673152" percent="9">
      <mem type="soa" free="2376776" total="26406912" percent="9" />
      <mem type="loa" free="266240" total="266240" percent="100" />
    </mem>
    <remembered-set count="20103" />
  </mem-info>
</gc-start>
<allocation-stats totalBytes="165302568" >
  <allocated-bytes non-tlh="24" tlh="165302544" />
  <largest-consumer threadName="Thread-36" threadId="0000000002516A00" bytes="17267288" />
</allocation-stats>
<gc-op id="4627" type="scavenge" timems="4.385" contextid="4624" timestamp="2019-08-08T09:56:15.929">
  <scavenger-info tenureage="14" tenuremask="4000" tiltratio="90" />
  <memory-copied type="nursery" objects="120424" bytes="4818384" bytesdiscarded="259176" />
</gc-op>
<gc-end id="4628" type="scavenge" contextid="4624" durationms="4.740" usertimems="14.819" systemtimems="0.193" timestamp="2019-08-08T09:56:15.929" activeThreads="16">
  <mem-info id="4629" free="168024592" total="216072192" percent="77">
    <mem type="nursery" free="165381576" total="189399040" percent="87">
      <mem type="allocate" free="165381576" total="170459136" percent="97" />
      <mem type="survivor" free="0" total="18939904" percent="0" />
    </mem>
    <mem type="tenure" free="2643016" total="26673152" percent="9" macro-fragmented="0">
      <mem type="soa" free="2376776" total="26406912" percent="9" />
      <mem type="loa" free="266240" total="266240" percent="100" />
    </mem>
    <remembered-set count="20100" />
  </mem-info>
</gc-end>
<cycle-end id="4630" type="scavenge" contextid="4624" timestamp="2019-08-08T09:56:15.929" />
  <attribute name="elasticGC enabled" value="1" />
  <attribute name= "numThreadsSpecified" value="16" />
  <attribute name="heapSize specified" value="215941120" />
  <attribute name="Current GC Util" value="11" />
  <attribute name= "Current Time Running" value="167777" />
  <attribute name ="GC Interval" value="1833" />
  <attribute name="Target GC Util Change" value ="80.000000" />
  <attribute name="Current GC Util Change" value="11.000000"/>
  <attribute name="Current Error" value="-103.000000" />
  <attribute name="Output H" value="216147760"/>
  <attribute name="Output I" value="1832"/>
  <attribute name="Output T" value="16"/>
  <attribute name= "Current Time Running" value="167777" />
  <attribute name="GC Util currently" value="11" />
  <attribute name="CPU Util currently" value="6738708095" />
<allocation-satisfied id="4631" threadId="00000000024FC600" bytesRequested="40" />
<af-end id="4632" timestamp="2019-08-08T09:56:15.930" threadId="00000000024FCF88" success="true" from="nursery"/>
<exclusive-end id="4633" timestamp="2019-08-08T09:56:15.930" durationms="5.499" />

<exclusive-start id="4634" timestamp="2019-08-08T09:56:16.111" intervalms="186.852">
  <response-info timems="6.094" idlems="4.920" threads="1" lastid="0000000002500200" lastname="Thread-24" />
</exclusive-start>
<af-start id="4635" threadId="0000000002535288" totalBytesRequested="40" timestamp="2019-08-08T09:56:16.111" intervalms="186.523" type="nursery" />
<cycle-start id="4636" type="scavenge" contextid="0" timestamp="2019-08-08T09:56:16.111" intervalms="186.533" />
<gc-start id="4637" type="scavenge" contextid="4636" timestamp="2019-08-08T09:56:16.111">
  <mem-info id="4638" free="2643016" total="216072192" percent="1">
    <mem type="nursery" free="0" total="189399040" percent="0">
      <mem type="allocate" free="0" total="170459136" percent="0" />
      <mem type="survivor" free="0" total="18939904" percent="0" />
    </mem>
    <mem type="tenure" free="2643016" total="26673152" percent="9">
      <mem type="soa" free="2376776" total="26406912" percent="9" />
      <mem type="loa" free="266240" total="266240" percent="100" />
    </mem>
    <remembered-set count="20999" />
  </mem-info>
</gc-start>
<allocation-stats totalBytes="165360320" >
  <allocated-bytes non-tlh="40" tlh="165360280" />
  <largest-consumer threadName="Thread-28" threadId="00000000024E5F00" bytes="16611344" />
</allocation-stats>
<gc-op id="4639" type="scavenge" timems="4.573" contextid="4636" timestamp="2019-08-08T09:56:16.116">
  <scavenger-info tenureage="14" tenuremask="4000" tiltratio="90" />
  <memory-copied type="nursery" objects="123351" bytes="4889712" bytesdiscarded="565272" />
  <memory-copied type="tenure" objects="356" bytes="8544" bytesdiscarded="0" />
</gc-op>
<gc-end id="4640" type="scavenge" contextid="4636" durationms="5.002" usertimems="21.981" systemtimems="0.000" timestamp="2019-08-08T09:56:16.116" activeThreads="16">
  <mem-info id="4641" free="167422144" total="216072192" percent="77">
    <mem type="nursery" free="165004152" total="189399040" percent="87">
      <mem type="allocate" free="165004152" total="170459136" percent="96" />
      <mem type="survivor" free="0" total="18939904" percent="0" />
    </mem>
    <mem type="tenure" free="2417992" total="26673152" percent="9" macro-fragmented="0">
      <mem type="soa" free="2151752" total="26406912" percent="8" />
      <mem type="loa" free="266240" total="266240" percent="100" />
    </mem>
    <remembered-set count="20642" />
  </mem-info>
</gc-end>
<cycle-end id="4642" type="scavenge" contextid="4636" timestamp="2019-08-08T09:56:16.116" />
  <attribute name="elasticGC enabled" value="1" />
  <attribute name= "numThreadsSpecified" value="16" />
  <attribute name="heapSize specified" value="215941120" />
  <attribute name="Current GC Util" value="8" />
  <attribute name= "Current Time Running" value="167964" />
  <attribute name ="GC Interval" value="1961" />
  <attribute name="Target GC Util Change" value ="80.000000" />
  <attribute name="Current GC Util Change" value="8.000000"/>
  <attribute name="Current Error" value="-31.000000" />
  <attribute name="Output H" value="216147840"/>
  <attribute name="Output I" value="1960"/>
  <attribute name="Output T" value="16"/>
  <attribute name= "Current Time Running" value="167964" />
  <attribute name="GC Util currently" value="8" />
  <attribute name="CPU Util currently" value="6179493278" />
<allocation-satisfied id="4643" threadId="0000000002534900" bytesRequested="40" />
<af-end id="4644" timestamp="2019-08-08T09:56:16.116" threadId="0000000002535288" success="true" from="nursery"/>
<exclusive-end id="4645" timestamp="2019-08-08T09:56:16.116" durationms="5.610" />

<exclusive-start id="4646" timestamp="2019-08-08T09:56:16.257" intervalms="146.612">
  <response-info timems="0.255" idlems="0.255" threads="0" lastid="0000000002500200" lastname="Thread-24" />
</exclusive-start>
<af-start id="4647" threadId="0000000002500B88" totalBytesRequested="40" timestamp="2019-08-08T09:56:16.258" intervalms="146.559" type="nursery" />
<cycle-start id="4648" type="scavenge" contextid="0" timestamp="2019-08-08T09:56:16.258" intervalms="146.523" />
<gc-start id="4649" type="scavenge" contextid="4648" timestamp="2019-08-08T09:56:16.258">
  <mem-info id="4650" free="2417992" total="216072192" percent="1">
    <mem type="nursery" free="0" total="189399040" percent="0">
      <mem type="allocate" free="0" total="170459136" percent="0" />
      <mem type="survivor" free="0" total="18939904" percent="0" />
    </mem>
    <mem type="tenure" free="2417992" total="26673152" percent="9">
      <mem type="soa" free="2151752" total="26406912" percent="8" />
      <mem type="loa" free="266240" total="266240" percent="100" />
    </mem>
    <remembered-set count="21025" />
  </mem-info>
</gc-start>
<allocation-stats totalBytes="164998944" >
  <allocated-bytes non-tlh="40" tlh="164998904" />
  <largest-consumer threadName="Thread-36" threadId="0000000002516A00" bytes="19234280" />
</allocation-stats>
<gc-op id="4651" type="scavenge" timems="5.159" contextid="4648" timestamp="2019-08-08T09:56:16.263">
  <scavenger-info tenureage="14" tenuremask="4000" tiltratio="90" />
  <memory-copied type="nursery" objects="127847" bytes="5134480" bytesdiscarded="376856" />
  <memory-copied type="tenure" objects="306" bytes="7344" bytesdiscarded="0" />
</gc-op>
<gc-end id="4652" type="scavenge" contextid="4648" durationms="5.647" usertimems="17.226" systemtimems="2.887" timestamp="2019-08-08T09:56:16.263" activeThreads="16">
  <mem-info id="4653" free="167194528" total="216072192" percent="77">
    <mem type="nursery" free="164947800" total="189399040" percent="87">
      <mem type="allocate" free="164947800" total="170459136" percent="96" />
      <mem type="survivor" free="0" total="18939904" percent="0" />
    </mem>
    <mem type="tenure" free="2246728" total="26673152" percent="8" macro-fragmented="0">
      <mem type="soa" free="1980488" total="26406912" percent="7" />
      <mem type="loa" free="266240" total="266240" percent="100" />
    </mem>
    <remembered-set count="20719" />
  </mem-info>
</gc-end>
<cycle-end id="4654" type="scavenge" contextid="4648" timestamp="2019-08-08T09:56:16.263" />
  <attribute name="elasticGC enabled" value="1" />
  <attribute name= "numThreadsSpecified" value="16" />
  <attribute name="heapSize specified" value="215941120" />
  <attribute name="Current GC Util" value="15" />
  <attribute name= "Current Time Running" value="168110" />
  <attribute name ="GC Interval" value="2129" />
  <attribute name="Target GC Util Change" value ="80.000000" />
  <attribute name="Current GC Util Change" value="15.000000"/>
  <attribute name="Current Error" value="65.000000" />
  <attribute name="Output H" value="216147952"/>
  <attribute name="Output I" value="2128"/>
  <attribute name="Output T" value="16"/>
  <attribute name= "Current Time Running" value="168110" />
  <attribute name="GC Util currently" value="15" />
  <attribute name="CPU Util currently" value="7862561862" />
<allocation-satisfied id="4655" threadId="0000000002500200" bytesRequested="40" />
<af-end id="4656" timestamp="2019-08-08T09:56:16.264" threadId="0000000002500B88" success="true" from="nursery"/>
<exclusive-end id="4657" timestamp="2019-08-08T09:56:16.264" durationms="6.046" />

<exclusive-start id="4658" timestamp="2019-08-08T09:56:16.439" intervalms="181.601">
  <response-info timems="0.670" idlems="0.670" threads="0" lastid="0000000002538500" lastname="Thread-26" />
</exclusive-start>
<af-start id="4659" threadId="0000000002538E88" totalBytesRequested="40" timestamp="2019-08-08T09:56:16.439" intervalms="181.628" type="nursery" />
<cycle-start id="4660" type="scavenge" contextid="0" timestamp="2019-08-08T09:56:16.439" intervalms="181.671" />
<gc-start id="4661" type="scavenge" contextid="4660" timestamp="2019-08-08T09:56:16.439">
  <mem-info id="4662" free="2246728" total="216072192" percent="1">
    <mem type="nursery" free="0" total="189399040" percent="0">
      <mem type="allocate" free="0" total="170459136" percent="0" />
      <mem type="survivor" free="0" total="18939904" percent="0" />
    </mem>
    <mem type="tenure" free="2246728" total="26673152" percent="8">
      <mem type="soa" free="1980488" total="26406912" percent="7" />
      <mem type="loa" free="266240" total="266240" percent="100" />
    </mem>
    <remembered-set count="21208" />
  </mem-info>
</gc-start>
<allocation-stats totalBytes="164942296" >
  <allocated-bytes non-tlh="40" tlh="164942256" />
  <largest-consumer threadName="Thread-31" threadId="0000000002503E00" bytes="20151216" />
</allocation-stats>
<gc-op id="4663" type="scavenge" timems="4.437" contextid="4660" timestamp="2019-08-08T09:56:16.444">
  <scavenger-info tenureage="9" tenuremask="4200" tiltratio="90" />
  <memory-copied type="nursery" objects="119109" bytes="4787872" bytesdiscarded="506120" />
  <memory-copied type="tenure" objects="9166" bytes="357360" bytesdiscarded="0" />
</gc-op>
<gc-end id="4664" type="scavenge" contextid="4660" durationms="5.023" usertimems="18.926" systemtimems="4.522" timestamp="2019-08-08T09:56:16.444" activeThreads="16">
  <mem-info id="4665" free="166747424" total="216072192" percent="77">
    <mem type="nursery" free="165165144" total="189399040" percent="87">
      <mem type="allocate" free="165165144" total="170459136" percent="96" />
      <mem type="survivor" free="0" total="18939904" percent="0" />
    </mem>
    <mem type="tenure" free="1582280" total="26673152" percent="5" macro-fragmented="1250136">
      <mem type="soa" free="1316040" total="26406912" percent="4" />
      <mem type="loa" free="266240" total="266240" percent="100" />
    </mem>
    <remembered-set count="21154" />
  </mem-info>
</gc-end>
<cycle-end id="4666" type="scavenge" contextid="4660" timestamp="2019-08-08T09:56:16.444" />
  <attribute name="elasticGC enabled" value="1" />
  <attribute name= "numThreadsSpecified" value="16" />
  <attribute name="heapSize specified" value="215941120" />
  <attribute name="Current GC Util" value="11" />
  <attribute name= "Current Time Running" value="168292" />
  <attribute name ="GC Interval" value="2249" />
  <attribute name="Target GC Util Change" value ="80.000000" />
  <attribute name="Current GC Util Change" value="11.000000"/>
  <attribute name="Current Error" value="134.000000" />
  <attribute name="Output H" value="216148032"/>
  <attribute name="Output I" value="2248"/>
  <attribute name="Output T" value="16"/>
  <attribute name= "Current Time Running" value="168292" />
  <attribute name="GC Util currently" value="11" />
  <attribute name="CPU Util currently" value="6344346154" />
<allocation-satisfied id="4667" threadId="0000000002538500" bytesRequested="40" />
<af-end id="4668" timestamp="2019-08-08T09:56:16.444" threadId="0000000002538E88" success="true" from="nursery"/>
<exclusive-end id="4669" timestamp="2019-08-08T09:56:16.444" durationms="5.402" />

<exclusive-start id="4670" timestamp="2019-08-08T09:56:16.645" intervalms="205.925">
  <response-info timems="6.420" idlems="6.420" threads="0" lastid="000000000251E200" lastname="Thread-22" />
</exclusive-start>
<af-start id="4671" threadId="000000000251EB88" totalBytesRequested="40" timestamp="2019-08-08T09:56:16.645" intervalms="205.916" type="nursery" />
<cycle-start id="4672" type="scavenge" contextid="0" timestamp="2019-08-08T09:56:16.645" intervalms="205.877" />
<gc-start id="4673" type="scavenge" contextid="4672" timestamp="2019-08-08T09:56:16.645">
  <mem-info id="4674" free="1582280" total="216072192" percent="0">
    <mem type="nursery" free="0" total="189399040" percent="0">
      <mem type="allocate" free="0" total="170459136" percent="0" />
      <mem type="survivor" free="0" total="18939904" percent="0" />
    </mem>
    <mem type="tenure" free="1582280" total="26673152" percent="5">
      <mem type="soa" free="1316040" total="26406912" percent="4" />
      <mem type="loa" free="266240" total="266240" percent="100" />
    </mem>
    <remembered-set count="22034" />
  </mem-info>
</gc-start>
<allocation-stats totalBytes="165162608" >
  <allocated-bytes non-tlh="40" tlh="165162568" />
  <largest-consumer threadName="Thread-31" threadId="0000000002503E00" bytes="22117896" />
</allocation-stats>
<gc-op id="4675" type="scavenge" timems="13.261" contextid="4672" timestamp="2019-08-08T09:56:16.659">
  <scavenger-info tenureage="14" tenuremask="4000" tiltratio="90" />
  <memory-copied type="nursery" objects="132985" bytes="5396904" bytesdiscarded="475560" />
  <memory-copied type="tenure" objects="132" bytes="3168" bytesdiscarded="0" />
</gc-op>
<gc-end id="4676" type="scavenge" contextid="4672" durationms="13.805" usertimems="37.842" systemtimems="2.600" timestamp="2019-08-08T09:56:16.659" activeThreads="16">
  <mem-info id="4677" free="166168952" total="216072192" percent="76">
    <mem type="nursery" free="164586672" total="189399040" percent="86">
      <mem type="allocate" free="164586672" total="170459136" percent="96" />
      <mem type="survivor" free="0" total="18939904" percent="0" />
    </mem>
    <mem type="tenure" free="1582280" total="26673152" percent="5" macro-fragmented="868149">
      <mem type="soa" free="1316040" total="26406912" percent="4" />
      <mem type="loa" free="266240" total="266240" percent="100" />
    </mem>
    <remembered-set count="21902" />
  </mem-info>
</gc-end>
<cycle-end id="4678" type="scavenge" contextid="4672" timestamp="2019-08-08T09:56:16.659" />
  <attribute name="elasticGC enabled" value="1" />
  <attribute name= "numThreadsSpecified" value="16" />
  <attribute name="heapSize specified" value="215941120" />
  <attribute name="Current GC Util" value="11" />
  <attribute name= "Current Time Running" value="168497" />
  <attribute name ="GC Interval" value="2377" />
  <attribute name="Target GC Util Change" value ="80.000000" />
  <attribute name="Current GC Util Change" value="11.000000"/>
  <attribute name="Current Error" value="203.000000" />
  <attribute name="Output H" value="216148112"/>
  <attribute name="Output I" value="2376"/>
  <attribute name="Output T" value="16"/>
  <attribute name= "Current Time Running" value="168497" />
  <attribute name="GC Util currently" value="11" />
  <attribute name="CPU Util currently" value="5607597608" />
<allocation-satisfied id="4679" threadId="000000000251E200" bytesRequested="40" />
<af-end id="4680" timestamp="2019-08-08T09:56:16.659" threadId="000000000251EB88" success="true" from="nursery"/>
<exclusive-end id="4681" timestamp="2019-08-08T09:56:16.659" durationms="14.246" />

<exclusive-start id="4682" timestamp="2019-08-08T09:56:16.828" intervalms="182.971">
  <response-info timems="0.864" idlems="0.481" threads="1" lastid="0000000002500200" lastname="Thread-24" />
</exclusive-start>
<af-start id="4683" threadId="0000000002535288" totalBytesRequested="24" timestamp="2019-08-08T09:56:16.828" intervalms="182.950" type="nursery" />
<cycle-start id="4684" type="scavenge" contextid="0" timestamp="2019-08-08T09:56:16.828" intervalms="182.945" />
<gc-start id="4685" type="scavenge" contextid="4684" timestamp="2019-08-08T09:56:16.828">
  <mem-info id="4686" free="1582280" total="216072192" percent="0">
    <mem type="nursery" free="0" total="189399040" percent="0">
      <mem type="allocate" free="0" total="170459136" percent="0" />
      <mem type="survivor" free="0" total="18939904" percent="0" />
    </mem>
    <mem type="tenure" free="1582280" total="26673152" percent="5">
      <mem type="soa" free="1316040" total="26406912" percent="4" />
      <mem type="loa" free="266240" total="266240" percent="100" />
    </mem>
    <remembered-set count="21902" />
  </mem-info>
</gc-start>
<allocation-stats totalBytes="164565856" >
  <allocated-bytes non-tlh="40" tlh="164565816" />
  <largest-consumer threadName="Thread-26" threadId="0000000002538500" bytes="19232504" />
</allocation-stats>
<gc-op id="4687" type="scavenge" timems="7.431" contextid="4684" timestamp="2019-08-08T09:56:16.836">
  <scavenger-info tenureage="14" tenuremask="4000" tiltratio="90" />
  <memory-copied type="nursery" objects="133818" bytes="5416064" bytesdiscarded="592984" />
  <memory-copied type="tenure" objects="142" bytes="3408" bytesdiscarded="0" />
</gc-op>
<gc-end id="4688" type="scavenge" contextid="4684" durationms="7.773" usertimems="24.443" systemtimems="0.000" timestamp="2019-08-08T09:56:16.836" activeThreads="16">
  <mem-info id="4689" free="166032368" total="216072192" percent="76">
    <mem type="nursery" free="164450088" total="189399040" percent="86">
      <mem type="allocate" free="164450088" total="170459136" percent="96" />
      <mem type="survivor" free="0" total="18939904" percent="0" />
    </mem>
    <mem type="tenure" free="1582280" total="26673152" percent="5" macro-fragmented="602881">
      <mem type="soa" free="1316040" total="26406912" percent="4" />
      <mem type="loa" free="266240" total="266240" percent="100" />
    </mem>
    <remembered-set count="21758" />
  </mem-info>
</gc-end>
<cycle-end id="4690" type="scavenge" contextid="4684" timestamp="2019-08-08T09:56:16.836" />
  <attribute name="elasticGC enabled" value="1" />
  <attribute name= "numThreadsSpecified" value="16" />
  <attribute name="heapSize specified" value="215941120" />
  <attribute name="Current GC Util" value="19" />
  <attribute name= "Current Time Running" value="168680" />
  <attribute name ="GC Interval" value="2481" />
  <attribute name="Target GC Util Change" value ="80.000000" />
  <attribute name="Current GC Util Change" value="19.000000"/>
  <attribute name="Current Error" value="264.000000" />
  <attribute name="Output H" value="216148176"/>
  <attribute name="Output I" value="2480"/>
  <attribute name="Output T" value="16"/>
  <attribute name= "Current Time Running" value="168680" />
  <attribute name="GC Util currently" value="19" />
  <attribute name="CPU Util currently" value="6303468147" />
<allocation-satisfied id="4691" threadId="0000000002534900" bytesRequested="24" />
<af-end id="4692" timestamp="2019-08-08T09:56:16.836" threadId="0000000002535288" success="true" from="nursery"/>
<exclusive-end id="4693" timestamp="2019-08-08T09:56:16.836" durationms="8.043" />

<exclusive-start id="4694" timestamp="2019-08-08T09:56:17.009" intervalms="180.550">
  <response-info timems="5.600" idlems="3.340" threads="2" lastid="0000000002529500" lastname="Thread-23" />
</exclusive-start>
<af-start id="4695" threadId="0000000002538E88" totalBytesRequested="40" timestamp="2019-08-08T09:56:17.009" intervalms="181.079" type="nursery" />
<cycle-start id="4696" type="scavenge" contextid="0" timestamp="2019-08-08T09:56:17.009" intervalms="181.252" />
<gc-start id="4697" type="scavenge" contextid="4696" timestamp="2019-08-08T09:56:17.009">
  <mem-info id="4698" free="1582280" total="216072192" percent="0">
    <mem type="nursery" free="0" total="189399040" percent="0">
      <mem type="allocate" free="0" total="170459136" percent="0" />
      <mem type="survivor" free="0" total="18939904" percent="0" />
    </mem>
    <mem type="tenure" free="1582280" total="26673152" percent="5">
      <mem type="soa" free="1316040" total="26406912" percent="4" />
      <mem type="loa" free="266240" total="266240" percent="100" />
    </mem>
    <remembered-set count="21758" />
  </mem-info>
</gc-start>
<allocation-stats totalBytes="164437912" >
  <allocated-bytes non-tlh="24" tlh="164437888" />
  <largest-consumer threadName="Thread-29" threadId="00000000024DE700" bytes="19233456" />
</allocation-stats>
<gc-op id="4699" type="scavenge" timems="53.782" contextid="4696" timestamp="2019-08-08T09:56:17.063">
  <scavenger-info tenureage="14" tenuremask="4000" tiltratio="90" />
  <memory-copied type="nursery" objects="133402" bytes="5406592" bytesdiscarded="217520" />
</gc-op>
<heap-resize id="4700" type="expand" space="nursery" amount="23855104" count="1" timems="0.024" reason="excessive time being spent scavenging" timestamp="2019-08-08T09:56:17.063" />
<gc-end id="4701" type="scavenge" contextid="4696" durationms="54.026" usertimems="67.191" systemtimems="51.553" timestamp="2019-08-08T09:56:17.063" activeThreads="16">
  <mem-info id="4702" free="187847576" total="239927296" percent="78">
    <mem type="nursery" free="186265296" total="213254144" percent="87">
      <mem type="allocate" free="186265296" total="191889408" percent="97" />
      <mem type="survivor" free="0" total="21364736" percent="0" />
    </mem>
    <mem type="tenure" free="1582280" total="26673152" percent="5" macro-fragmented="1250136">
      <mem type="soa" free="1316040" total="26406912" percent="4" />
      <mem type="loa" free="266240" total="266240" percent="100" />
    </mem>
    <remembered-set count="21758" />
  </mem-info>
</gc-end>
<cycle-end id="4703" type="scavenge" contextid="4696" timestamp="2019-08-08T09:56:17.063" />
  <attribute name="elasticGC enabled" value="1" />
  <attribute name= "numThreadsSpecified" value="16" />
  <attribute name="heapSize specified" value="215941120" />
  <attribute name="Current GC Util" value="13" />
  <attribute name= "Current Time Running" value="168862" />
  <attribute name ="GC Interval" value="2601" />
  <attribute name="Target GC Util Change" value ="80.000000" />
  <attribute name="Current GC Util Change" value="13.000000"/>
  <attribute name="Current Error" value="331.000000" />
  <attribute name="Output H" value="216148256"/>
  <attribute name="Output I" value="2600"/>
  <attribute name="Output T" value="16"/>
  <attribute name= "Current Time Running" value="168862" />
  <attribute name="GC Util currently" value="13" />
  <attribute name="CPU Util currently" value="6359714692" />
<allocation-satisfied id="4704" threadId="0000000002538500" bytesRequested="40" />
<af-end id="4705" timestamp="2019-08-08T09:56:17.064" threadId="0000000002538E88" success="true" from="nursery"/>
<exclusive-end id="4706" timestamp="2019-08-08T09:56:17.064" durationms="55.012" />

<exclusive-start id="4707" timestamp="2019-08-08T09:56:17.305" intervalms="296.077">
  <response-info timems="2.420" idlems="1.726" threads="2" lastid="0000000002500200" lastname="Thread-24" />
</exclusive-start>
<af-start id="4708" threadId="000000000250FB88" totalBytesRequested="40" timestamp="2019-08-08T09:56:17.305" intervalms="295.546" type="nursery" />
<cycle-start id="4709" type="scavenge" contextid="0" timestamp="2019-08-08T09:56:17.305" intervalms="295.594" />
<gc-start id="4710" type="scavenge" contextid="4709" timestamp="2019-08-08T09:56:17.305">
  <mem-info id="4711" free="1582280" total="239927296" percent="0">
    <mem type="nursery" free="0" total="213254144" percent="0">
      <mem type="allocate" free="0" total="191889408" percent="0" />
      <mem type="survivor" free="0" total="21364736" percent="0" />
    </mem>
    <mem type="tenure" free="1582280" total="26673152" percent="5">
      <mem type="soa" free="1316040" total="26406912" percent="4" />
      <mem type="loa" free="266240" total="266240" percent="100" />
    </mem>
    <remembered-set count="21758" />
  </mem-info>
</gc-start>
<allocation-stats totalBytes="186253808" >
  <allocated-bytes non-tlh="40" tlh="186253768" />
  <largest-consumer threadName="Thread-31" threadId="0000000002503E00" bytes="24607240" />
</allocation-stats>
<gc-op id="4712" type="scavenge" timems="6.953" contextid="4709" timestamp="2019-08-08T09:56:17.312">
  <scavenger-info tenureage="11" tenuremask="5800" tiltratio="89" />
  <memory-copied type="nursery" objects="143613" bytes="5652432" bytesdiscarded="258792" />
  <memory-copied type="tenure" objects="7510" bytes="180240" bytesdiscarded="248" />
</gc-op>
<gc-end id="4713" type="scavenge" contextid="4709" durationms="7.289" usertimems="21.880" systemtimems="2.547" timestamp="2019-08-08T09:56:17.312" activeThreads="16">
  <mem-info id="4714" free="187264784" total="239927296" percent="78">
    <mem type="nursery" free="185978184" total="213254144" percent="87">
      <mem type="allocate" free="185978184" total="191889408" percent="96" />
      <mem type="survivor" free="0" total="21364736" percent="0" />
    </mem>
    <mem type="tenure" free="1286600" total="26673152" percent="4" macro-fragmented="868149">
      <mem type="soa" free="1020360" total="26406912" percent="3" />
      <mem type="loa" free="266240" total="266240" percent="100" />
    </mem>
    <remembered-set count="14248" />
  </mem-info>
</gc-end>
<cycle-end id="4715" type="scavenge" contextid="4709" timestamp="2019-08-08T09:56:17.312" />
  <attribute name="elasticGC enabled" value="1" />
  <attribute name= "numThreadsSpecified" value="16" />
  <attribute name="heapSize specified" value="215941120" />
  <attribute name="Current GC Util" value="40" />
  <attribute name= "Current Time Running" value="169157" />
  <attribute name ="GC Interval" value="2673" />
  <attribute name="Target GC Util Change" value ="80.000000" />
  <attribute name="Current GC Util Change" value="40.000000"/>
  <attribute name="Current Error" value="371.000000" />
  <attribute name="Output H" value="240003408"/>
  <attribute name="Output I" value="2672"/>
  <attribute name="Output T" value="16"/>
  <attribute name= "Current Time Running" value="169157" />
  <attribute name="GC Util currently" value="40" />
  <attribute name="CPU Util currently" value="3899375689" />
<allocation-satisfied id="4716" threadId="000000000250F200" bytesRequested="40" />
<af-end id="4717" timestamp="2019-08-08T09:56:17.312" threadId="000000000250FB88" success="true" from="nursery"/>
<exclusive-end id="4718" timestamp="2019-08-08T09:56:17.312" durationms="7.841" />

<exclusive-start id="4719" timestamp="2019-08-08T09:56:17.455" intervalms="150.662">
  <response-info timems="5.147" idlems="5.147" threads="0" lastid="0000000002529500" lastname="Thread-23" />
</exclusive-start>
<af-start id="4720" threadId="0000000002529E88" totalBytesRequested="24" timestamp="2019-08-08T09:56:17.455" intervalms="150.702" type="nursery" />
<cycle-start id="4721" type="scavenge" contextid="0" timestamp="2019-08-08T09:56:17.455" intervalms="150.489" />
<gc-start id="4722" type="scavenge" contextid="4721" timestamp="2019-08-08T09:56:17.455">
  <mem-info id="4723" free="1286600" total="239927296" percent="0">
    <mem type="nursery" free="0" total="213254144" percent="0">
      <mem type="allocate" free="0" total="191889408" percent="0" />
      <mem type="survivor" free="0" total="21364736" percent="0" />
    </mem>
    <mem type="tenure" free="1286600" total="26673152" percent="4">
      <mem type="soa" free="1020360" total="26406912" percent="3" />
      <mem type="loa" free="266240" total="266240" percent="100" />
    </mem>
    <remembered-set count="14248" />
  </mem-info>
</gc-start>
<allocation-stats totalBytes="185973408" >
  <allocated-bytes non-tlh="40" tlh="185973368" />
  <largest-consumer threadName="Thread-26" threadId="0000000002538500" bytes="21200216" />
</allocation-stats>
<gc-op id="4724" type="scavenge" timems="8.925" contextid="4721" timestamp="2019-08-08T09:56:17.464">
  <scavenger-info tenureage="4" tenuremask="4290" tiltratio="89" />
  <memory-copied type="nursery" objects="92519" bytes="3739136" bytesdiscarded="789088" />
  <memory-copied type="tenure" objects="35859" bytes="1547496" bytesdiscarded="336" />
  <heap-resize type="expand" space="tenure" amount="393216" count="6" timems="0.292" reason="continue current collection" />
</gc-op>
<gc-end id="4725" type="scavenge" contextid="4721" durationms="9.204" usertimems="27.787" systemtimems="8.879" timestamp="2019-08-08T09:56:17.465" activeThreads="16">
  <mem-info id="4726" free="187647648" total="240320512" percent="78">
    <mem type="nursery" free="187361184" total="213254144" percent="87">
      <mem type="allocate" free="187361184" total="191889408" percent="97" />
      <mem type="survivor" free="0" total="21364736" percent="0" />
    </mem>
    <mem type="tenure" free="286464" total="27066368" percent="1" macro-fragmented="0">
      <mem type="soa" free="16128" total="26796032" percent="0" />
      <mem type="loa" free="270336" total="270336" percent="100" />
    </mem>
    <remembered-set count="21881" />
  </mem-info>
</gc-end>
<cycle-end id="4727" type="scavenge" contextid="4721" timestamp="2019-08-08T09:56:17.465" />
  <attribute name="elasticGC enabled" value="1" />
  <attribute name= "numThreadsSpecified" value="16" />
  <attribute name="heapSize specified" value="215941120" />
  <attribute name="Current GC Util" value="16" />
  <attribute name= "Current Time Running" value="169308" />
  <attribute name ="GC Interval" value="2129" />
  <attribute name="Target GC Util Change" value ="80.000000" />
  <attribute name="Current GC Util Change" value="16.000000"/>
  <attribute name="Current Error" value="64.000000" />
  <attribute name="Output H" value="240003056"/>
  <attribute name="Output I" value="2128"/>
  <attribute name="Output T" value="16"/>
  <attribute name= "Current Time Running" value="169308" />
  <attribute name="GC Util currently" value="16" />
  <attribute name="CPU Util currently" value="7666930886" />
<allocation-satisfied id="4728" threadId="0000000002529500" bytesRequested="24" />
<af-end id="4729" timestamp="2019-08-08T09:56:17.465" threadId="0000000002529E88" success="true" from="nursery"/>
<exclusive-end id="4730" timestamp="2019-08-08T09:56:17.465" durationms="9.649" />

<concurrent-kickoff id="4731" timestamp="2019-08-08T09:56:17.651">
  <kickoff reason="threshold reached" targetBytes="15903900" thresholdFreeBytes="2107599"  remainingFree="2094984" tenureFreeBytes="286464" nurseryFreeBytes="2094984" />
</concurrent-kickoff>
<exclusive-start id="4732" timestamp="2019-08-08T09:56:17.668" intervalms="212.377">
  <response-info timems="12.506" idlems="1.116" threads="13" lastid="0000000002521D00" lastname="Thread-33" />
</exclusive-start>
<cycle-start id="4733" type="global" contextid="0" timestamp="2019-08-08T09:56:17.668" intervalms="2403.400" />
<exclusive-end id="4734" timestamp="2019-08-08T09:56:17.668" durationms="0.034" />

<exclusive-start id="4735" timestamp="2019-08-08T09:56:17.670" intervalms="2.320">
  <response-info timems="1.455" idlems="1.455" threads="0" lastid="000000000250F200" lastname="Thread-25" />
</exclusive-start>
<af-start id="4736" threadId="000000000250FB88" totalBytesRequested="40" timestamp="2019-08-08T09:56:17.670" intervalms="214.662" type="nursery" />
<cycle-start id="4737" type="scavenge" contextid="0" timestamp="2019-08-08T09:56:17.670" intervalms="214.665" />
<gc-start id="4738" type="scavenge" contextid="4737" timestamp="2019-08-08T09:56:17.670">
  <mem-info id="4739" free="286464" total="240320512" percent="0">
    <mem type="nursery" free="0" total="213254144" percent="0">
      <mem type="allocate" free="0" total="191889408" percent="0" />
      <mem type="survivor" free="0" total="21364736" percent="0" />
    </mem>
    <mem type="tenure" free="286464" total="27066368" percent="1">
      <mem type="soa" free="16128" total="26796032" percent="0" />
      <mem type="loa" free="270336" total="270336" percent="100" />
    </mem>
    <remembered-set count="24825" />
  </mem-info>
</gc-start>
<allocation-stats totalBytes="187337296" >
  <allocated-bytes non-tlh="24" tlh="187337272" />
  <largest-consumer threadName="Thread-23" threadId="0000000002529500" bytes="20543048" />
</allocation-stats>
<gc-op id="4740" type="scavenge" timems="6.674" contextid="4737" timestamp="2019-08-08T09:56:17.677">
  <scavenger-info tenureage="14" tenuremask="4000" tiltratio="89" />
  <memory-copied type="nursery" objects="99205" bytes="3903368" bytesdiscarded="383176" />
</gc-op>
<gc-end id="4741" type="scavenge" contextid="4737" durationms="7.055" usertimems="22.034" systemtimems="0.000" timestamp="2019-08-08T09:56:17.677" activeThreads="16">
  <mem-info id="4742" free="187889328" total="240320512" percent="78">
    <mem type="nursery" free="187602864" total="213254144" percent="87">
      <mem type="allocate" free="187602864" total="191889408" percent="97" />
      <mem type="survivor" free="0" total="21364736" percent="0" />
    </mem>
    <mem type="tenure" free="286464" total="27066368" percent="1" macro-fragmented="0">
      <mem type="soa" free="16128" total="26796032" percent="0" />
      <mem type="loa" free="270336" total="270336" percent="100" />
    </mem>
    <remembered-set count="24825" />
  </mem-info>
</gc-end>
<cycle-end id="4743" type="scavenge" contextid="4737" timestamp="2019-08-08T09:56:17.677" />
  <attribute name="elasticGC enabled" value="1" />
  <attribute name= "numThreadsSpecified" value="16" />
  <attribute name="heapSize specified" value="215941120" />
  <attribute name="Current GC Util" value="17" />
  <attribute name= "Current Time Running" value="169522" />
  <attribute name ="GC Interval" value="2241" />
  <attribute name="Target GC Util Change" value ="80.000000" />
  <attribute name="Current GC Util Change" value="17.000000"/>
  <attribute name="Current Error" value="127.000000" />
  <attribute name="Output H" value="240396344"/>
  <attribute name="Output I" value="2240"/>
  <attribute name="Output T" value="16"/>
  <attribute name= "Current Time Running" value="169522" />
  <attribute name="GC Util currently" value="17" />
  <attribute name="CPU Util currently" value="5369828546" />
<allocation-satisfied id="4744" threadId="000000000250F200" bytesRequested="40" />
<af-end id="4745" timestamp="2019-08-08T09:56:17.680" threadId="000000000250FB88" success="true" from="nursery"/>
<exclusive-end id="4746" timestamp="2019-08-08T09:56:17.680" durationms="10.147" />

<exclusive-start id="4747" timestamp="2019-08-08T09:56:17.891" intervalms="221.441">
  <response-info timems="6.611" idlems="6.611" threads="0" lastid="0000000002534900" lastname="Thread-32" />
</exclusive-start>
<af-start id="4748" threadId="0000000002535288" totalBytesRequested="40" timestamp="2019-08-08T09:56:17.892" intervalms="221.509" type="nursery" />
<cycle-start id="4749" type="scavenge" contextid="0" timestamp="2019-08-08T09:56:17.892" intervalms="221.496" />
<gc-start id="4750" type="scavenge" contextid="4749" timestamp="2019-08-08T09:56:17.892">
  <mem-info id="4751" free="286464" total="240320512" percent="0">
    <mem type="nursery" free="0" total="213254144" percent="0">
      <mem type="allocate" free="0" total="191889408" percent="0" />
      <mem type="survivor" free="0" total="21364736" percent="0" />
    </mem>
    <mem type="tenure" free="286464" total="27066368" percent="1">
      <mem type="soa" free="16128" total="26796032" percent="0" />
      <mem type="loa" free="270336" total="270336" percent="100" />
    </mem>
    <remembered-set count="26936" />
  </mem-info>
</gc-start>
<allocation-stats totalBytes="187599592" >
  <allocated-bytes non-tlh="40" tlh="187599552" />
  <largest-consumer threadName="Thread-36" threadId="0000000002516A00" bytes="19234464" />
</allocation-stats>
<gc-op id="4752" type="scavenge" timems="5.613" contextid="4749" timestamp="2019-08-08T09:56:17.897">
  <scavenger-info tenureage="12" tenuremask="7000" tiltratio="89" />
  <memory-copied type="nursery" objects="118161" bytes="4766384" bytesdiscarded="161320" />
  <memory-copied type="tenure" objects="6435" bytes="154440" bytesdiscarded="16" />
  <heap-resize type="expand" space="tenure" amount="65536" count="1" timems="0.022" reason="continue current collection" />
</gc-op>
<gc-end id="4753" type="scavenge" contextid="4749" durationms="5.864" usertimems="22.226" systemtimems="0.023" timestamp="2019-08-08T09:56:17.898" activeThreads="16">
  <mem-info id="4754" free="187232040" total="240386048" percent="77">
    <mem type="nursery" free="186961704" total="213254144" percent="87">
      <mem type="allocate" free="186961704" total="191889408" percent="97" />
      <mem type="survivor" free="0" total="21364736" percent="0" />
    </mem>
    <mem type="tenure" free="270336" total="27131904" percent="0" macro-fragmented="0">
      <mem type="soa" free="0" total="26861568" percent="0" />
      <mem type="loa" free="270336" total="270336" percent="100" />
    </mem>
    <remembered-set count="21521" />
  </mem-info>
</gc-end>
<cycle-end id="4755" type="scavenge" contextid="4749" timestamp="2019-08-08T09:56:17.898" />
  <attribute name="elasticGC enabled" value="1" />
  <attribute name= "numThreadsSpecified" value="16" />
  <attribute name="heapSize specified" value="215941120" />
  <attribute name="Current GC Util" value="10" />
  <attribute name= "Current Time Running" value="169744" />
  <attribute name ="GC Interval" value="2361" />
  <attribute name="Target GC Util Change" value ="80.000000" />
  <attribute name="Current GC Util Change" value="10.000000"/>
  <attribute name="Current Error" value="197.000000" />
  <attribute name="Output H" value="240396424"/>
  <attribute name="Output I" value="2360"/>
  <attribute name="Output T" value="16"/>
  <attribute name= "Current Time Running" value="169744" />
  <attribute name="GC Util currently" value="10" />
  <attribute name="CPU Util currently" value="5205087000" />
<allocation-satisfied id="4756" threadId="0000000002534900" bytesRequested="40" />
<af-end id="4757" timestamp="2019-08-08T09:56:17.898" threadId="0000000002535288" success="true" from="nursery"/>
<exclusive-end id="4758" timestamp="2019-08-08T09:56:17.898" durationms="6.241" />

<exclusive-start id="4759" timestamp="2019-08-08T09:56:17.902" intervalms="10.548">
  <response-info timems="3.851" idlems="3.851" threads="0" lastid="00000000024E9B00" lastname="Thread-35" />
</exclusive-start>
<concurrent-collection-start id="4760" timestamp="2019-08-08T09:56:17.902" intervalms="2363.333" >
  <concurrent-trace-info reason="card cleaning threshold reached" tracedByMutators="12949032" tracedByHelpers="2100408" cardsCleaned="421" workStackOverflowCount="0" />
</concurrent-collection-start>
<gc-start id="4761" type="global" contextid="4733" timestamp="2019-08-08T09:56:17.902">
  <mem-info id="4762" free="180776704" total="240386048" percent="75">
    <mem type="nursery" free="180506368" total="213254144" percent="84">
      <mem type="allocate" free="180506368" total="191889408" percent="94" />
      <mem type="survivor" free="0" total="21364736" percent="0" />
    </mem>
    <mem type="tenure" free="270336" total="27131904" percent="0">
      <mem type="soa" free="0" total="26861568" percent="0" />
      <mem type="loa" free="270336" total="270336" percent="100" />
    </mem>
    <remembered-set count="21538" />
  </mem-info>
</gc-start>
<allocation-stats totalBytes="6453888" >
  <allocated-bytes non-tlh="40" tlh="6453848" />
  <largest-consumer threadName="Thread-34" threadId="00000000024FC600" bytes="737144" />
</allocation-stats>
<gc-op id="4763" type="rs-scan" timems="1.958" contextid="4733" timestamp="2019-08-08T09:56:17.904">
  <scan objectsFound="8797" bytesTraced="749820" workStackOverflowCount="0" />
</gc-op>
<gc-op id="4764" type="card-cleaning" timems="6.572" contextid="4733" timestamp="2019-08-08T09:56:17.911">
  <card-cleaning cardsCleaned="18" bytesTraced="17792" workStackOverflowCount="0" />
</gc-op>
<gc-op id="4765" type="mark" timems="7.040" contextid="4733" timestamp="2019-08-08T09:56:17.918">
  <trace-info objectcount="93076" scancount="93043" scanbytes="4162912" />
  <finalization candidates="151" enqueued="0" />
  <ownableSynchronizers candidates="23" cleared="0" />
  <references type="soft" candidates="1855" cleared="0" enqueued="0" dynamicThreshold="3" maxThreshold="32" />
  <references type="weak" candidates="6071" cleared="0" enqueued="0" />
  <references type="phantom" candidates="351" cleared="0" enqueued="0" />
  <stringconstants candidates="14612" cleared="0"  />
</gc-op>
<gc-op id="4766" type="sweep" timems="7.187" contextid="4733" timestamp="2019-08-08T09:56:17.925" />
<mem-info id="4767" free="191310720" total="240386048" percent="79">
  <mem type="nursery" free="187347088" total="213254144" percent="87">
    <mem type="allocate" free="187347088" total="191889408" percent="97" />
    <mem type="survivor" free="0" total="21364736" percent="0" />
  </mem>
  <mem type="tenure" free="3963632" total="27131904" percent="14" micro-fragmented="0" macro-fragmented="0">
    <mem type="soa" free="3693296" total="26861568" percent="13" />
    <mem type="loa" free="270336" total="270336" percent="100" />
  </mem>
  <remembered-set count="8919" />
</mem-info>
<gc-op id="4768" type="compact" timems="31.665" contextid="4733" timestamp="2019-08-08T09:56:17.957">
  <compact-info movecount="118788" movebytes="5182584" reason="compact to aid heap contraction" />
</gc-op>
<heap-resize id="4769" type="expand" space="tenure" amount="131072" count="1" timems="0.020" reason="satisfy allocation request" timestamp="2019-08-08T09:56:17.958" />
<gc-end id="4770" type="global" contextid="4733" durationms="55.482" usertimems="75.730" systemtimems="20.717" timestamp="2019-08-08T09:56:17.958" activeThreads="16">
  <mem-info id="4771" free="191572936" total="240517120" percent="79">
    <mem type="nursery" free="187478016" total="213254144" percent="87">
      <mem type="allocate" free="187478016" total="191889408" percent="97" />
      <mem type="survivor" free="0" total="21364736" percent="0" />
    </mem>
    <mem type="tenure" free="4094920" total="27262976" percent="15">
      <mem type="soa" free="3822536" total="26990592" percent="14" />
      <mem type="loa" free="272384" total="272384" percent="100" />
    </mem>
    <remembered-set count="8919" />
  </mem-info>
</gc-end>
<cycle-end id="4772" type="global" contextid="4733" timestamp="2019-08-08T09:56:17.958" />
  <attribute name="elasticGC enabled" value="1" />
  <attribute name= "numThreadsSpecified" value="16" />
  <attribute name="heapSize specified" value="240386048" />
  <attribute name="Current GC Util" value="86" />
  <attribute name= "Current Time Running" value="169809" />
  <attribute name ="GC Interval" value="2361" />
  <attribute name="Target GC Util Change" value ="80.000000" />
  <attribute name="Current GC Util Change" value="86.000000"/>
  <attribute name="Current Error" value="-216.000000" />
  <attribute name="Output H" value="240461480"/>
  <attribute name="Output I" value="1624"/>
  <attribute name="Output T" value="16"/>
  <attribute name= "Current Time Running" value="169809" />
  <attribute name="GC Util currently" value="86" />
  <attribute name="CPU Util currently" value="36378812694" />
<concurrent-collection-end id="4773" timestamp="2019-08-08T09:56:17.958" />
<exclusive-end id="4774" timestamp="2019-08-08T09:56:17.958" durationms="55.692" />

<exclusive-start id="4775" timestamp="2019-08-08T09:56:18.133" intervalms="231.065">
  <response-info timems="7.955" idlems="7.955" threads="0" lastid="0000000002521D00" lastname="Thread-33" />
</exclusive-start>
<af-start id="4776" threadId="0000000002522688" totalBytesRequested="40" timestamp="2019-08-08T09:56:18.133" intervalms="241.605" type="nursery" />
<cycle-start id="4777" type="scavenge" contextid="0" timestamp="2019-08-08T09:56:18.133" intervalms="241.611" />
<gc-start id="4778" type="scavenge" contextid="4777" timestamp="2019-08-08T09:56:18.133">
  <mem-info id="4779" free="4094920" total="240517120" percent="1">
    <mem type="nursery" free="0" total="213254144" percent="0">
      <mem type="allocate" free="0" total="191889408" percent="0" />
      <mem type="survivor" free="0" total="21364736" percent="0" />
    </mem>
    <mem type="tenure" free="4094920" total="27262976" percent="15">
      <mem type="soa" free="3822536" total="26990592" percent="14" />
      <mem type="loa" free="272384" total="272384" percent="100" />
    </mem>
    <remembered-set count="10278" />
  </mem-info>
</gc-start>
<allocation-stats totalBytes="187446392" >
  <allocated-bytes non-tlh="0" tlh="187446392" />
  <largest-consumer threadName="Thread-27" threadId="00000000024E2300" bytes="19272944" />
</allocation-stats>
<gc-op id="4780" type="scavenge" timems="6.328" contextid="4777" timestamp="2019-08-08T09:56:18.140">
  <scavenger-info tenureage="3" tenuremask="4808" tiltratio="89" />
  <memory-copied type="nursery" objects="100439" bytes="3792008" bytesdiscarded="476968" />
  <memory-copied type="tenure" objects="22335" bytes="1085544" bytesdiscarded="72" />
  <ownableSynchronizers candidates="46" cleared="46" />
</gc-op>
<gc-end id="4781" type="scavenge" contextid="4777" durationms="7.185" usertimems="21.966" systemtimems="0.000" timestamp="2019-08-08T09:56:18.140" activeThreads="16">
  <mem-info id="4782" free="190070992" total="240517120" percent="79">
    <mem type="nursery" free="187620432" total="213254144" percent="87">
      <mem type="allocate" free="187620432" total="191889408" percent="97" />
      <mem type="survivor" free="0" total="21364736" percent="0" />
    </mem>
    <mem type="tenure" free="2450560" total="27262976" percent="8" macro-fragmented="0">
      <mem type="soa" free="2178176" total="26990592" percent="8" />
      <mem type="loa" free="272384" total="272384" percent="100" />
    </mem>
    <remembered-set count="17983" />
  </mem-info>
</gc-end>
<cycle-end id="4783" type="scavenge" contextid="4777" timestamp="2019-08-08T09:56:18.141" />
  <attribute name="elasticGC enabled" value="1" />
  <attribute name= "numThreadsSpecified" value="16" />
  <attribute name="heapSize specified" value="240386048" />
  <attribute name="Current GC Util" value="19" />
  <attribute name= "Current Time Running" value="169985" />
  <attribute name ="GC Interval" value="1737" />
  <attribute name="Target GC Util Change" value ="80.000000" />
  <attribute name="Current GC Util Change" value="19.000000"/>
  <attribute name="Current Error" value="-155.000000" />
  <attribute name="Output H" value="240592624"/>
  <attribute name="Output I" value="1736"/>
  <attribute name="Output T" value="16"/>
  <attribute name= "Current Time Running" value="169985" />
  <attribute name="GC Util currently" value="19" />
  <attribute name="CPU Util currently" value="6543428997" />
<allocation-satisfied id="4784" threadId="0000000002521D00" bytesRequested="40" />
<af-end id="4785" timestamp="2019-08-08T09:56:18.141" threadId="0000000002522688" success="true" from="nursery"/>
<exclusive-end id="4786" timestamp="2019-08-08T09:56:18.141" durationms="7.566" />

<exclusive-start id="4787" timestamp="2019-08-08T09:56:18.288" intervalms="154.774">
  <response-info timems="5.853" idlems="5.853" threads="0" lastid="00000000024E5F00" lastname="Thread-28" />
</exclusive-start>
<af-start id="4788" threadId="00000000024E6888" totalBytesRequested="40" timestamp="2019-08-08T09:56:18.288" intervalms="155.038" type="nursery" />
<cycle-start id="4789" type="scavenge" contextid="0" timestamp="2019-08-08T09:56:18.288" intervalms="155.041" />
<gc-start id="4790" type="scavenge" contextid="4789" timestamp="2019-08-08T09:56:18.288">
  <mem-info id="4791" free="2450560" total="240517120" percent="1">
    <mem type="nursery" free="0" total="213254144" percent="0">
      <mem type="allocate" free="0" total="191889408" percent="0" />
      <mem type="survivor" free="0" total="21364736" percent="0" />
    </mem>
    <mem type="tenure" free="2450560" total="27262976" percent="8">
      <mem type="soa" free="2178176" total="26990592" percent="8" />
      <mem type="loa" free="272384" total="272384" percent="100" />
    </mem>
    <remembered-set count="21601" />
  </mem-info>
</gc-start>
<allocation-stats totalBytes="187616616" >
  <allocated-bytes non-tlh="40" tlh="187616576" />
  <largest-consumer threadName="Thread-31" threadId="0000000002503E00" bytes="18316944" />
</allocation-stats>
<gc-op id="4792" type="scavenge" timems="6.941" contextid="4789" timestamp="2019-08-08T09:56:18.295">
  <scavenger-info tenureage="14" tenuremask="4000" tiltratio="89" />
  <memory-copied type="nursery" objects="98270" bytes="3876784" bytesdiscarded="336944" />
</gc-op>
<gc-end id="4793" type="scavenge" contextid="4789" durationms="7.124" usertimems="13.154" systemtimems="4.240" timestamp="2019-08-08T09:56:18.295" activeThreads="16">
  <mem-info id="4794" free="190126240" total="240517120" percent="79">
    <mem type="nursery" free="187675680" total="213254144" percent="88">
      <mem type="allocate" free="187675680" total="191889408" percent="97" />
      <mem type="survivor" free="0" total="21364736" percent="0" />
    </mem>
    <mem type="tenure" free="2450560" total="27262976" percent="8" macro-fragmented="2160235">
      <mem type="soa" free="2178176" total="26990592" percent="8" />
      <mem type="loa" free="272384" total="272384" percent="100" />
    </mem>
    <remembered-set count="21601" />
  </mem-info>
</gc-end>
<cycle-end id="4795" type="scavenge" contextid="4789" timestamp="2019-08-08T09:56:18.295" />
  <attribute name="elasticGC enabled" value="1" />
  <attribute name= "numThreadsSpecified" value="16" />
  <attribute name="heapSize specified" value="240386048" />
  <attribute name="Current GC Util" value="14" />
  <attribute name= "Current Time Running" value="170141" />
  <attribute name ="GC Interval" value="1857" />
  <attribute name="Target GC Util Change" value ="80.000000" />
  <attribute name="Current GC Util Change" value="14.000000"/>
  <attribute name="Current Error" value="-89.000000" />
  <attribute name="Output H" value="240592704"/>
  <attribute name="Output I" value="1856"/>
  <attribute name="Output T" value="16"/>
  <attribute name= "Current Time Running" value="170141" />
  <attribute name="GC Util currently" value="14" />
  <attribute name="CPU Util currently" value="7435078239" />
<allocation-satisfied id="4796" threadId="00000000024E5F00" bytesRequested="40" />
<af-end id="4797" timestamp="2019-08-08T09:56:18.296" threadId="00000000024E6888" success="true" from="nursery"/>
<exclusive-end id="4798" timestamp="2019-08-08T09:56:18.296" durationms="7.757" />

<exclusive-start id="4799" timestamp="2019-08-08T09:56:18.490" intervalms="202.455">
  <response-info timems="14.217" idlems="14.217" threads="0" lastid="0000000002503E00" lastname="Thread-31" />
</exclusive-start>
<af-start id="4800" threadId="0000000002504788" totalBytesRequested="40" timestamp="2019-08-08T09:56:18.490" intervalms="202.121" type="nursery" />
<cycle-start id="4801" type="scavenge" contextid="0" timestamp="2019-08-08T09:56:18.490" intervalms="202.113" />
<gc-start id="4802" type="scavenge" contextid="4801" timestamp="2019-08-08T09:56:18.490">
  <mem-info id="4803" free="2450560" total="240517120" percent="1">
    <mem type="nursery" free="0" total="213254144" percent="0">
      <mem type="allocate" free="0" total="191889408" percent="0" />
      <mem type="survivor" free="0" total="21364736" percent="0" />
    </mem>
    <mem type="tenure" free="2450560" total="27262976" percent="8">
      <mem type="soa" free="2178176" total="26990592" percent="8" />
      <mem type="loa" free="272384" total="272384" percent="100" />
    </mem>
    <remembered-set count="23972" />
  </mem-info>
</gc-start>
<allocation-stats totalBytes="187632792" >
  <allocated-bytes non-tlh="40" tlh="187632752" />
  <largest-consumer threadName="Thread-28" threadId="00000000024E5F00" bytes="19754688" />
</allocation-stats>
<gc-op id="4804" type="scavenge" timems="5.682" contextid="4801" timestamp="2019-08-08T09:56:18.496">
  <scavenger-info tenureage="14" tenuremask="4000" tiltratio="89" />
  <memory-copied type="nursery" objects="118647" bytes="4501280" bytesdiscarded="240064" />
</gc-op>
<gc-end id="4805" type="scavenge" contextid="4801" durationms="5.873" usertimems="16.081" systemtimems="0.000" timestamp="2019-08-08T09:56:18.496" activeThreads="16">
  <mem-info id="4806" free="189598624" total="240517120" percent="78">
    <mem type="nursery" free="187148064" total="213254144" percent="87">
      <mem type="allocate" free="187148064" total="191889408" percent="97" />
      <mem type="survivor" free="0" total="21364736" percent="0" />
    </mem>
    <mem type="tenure" free="2450560" total="27262976" percent="8" macro-fragmented="1800196">
      <mem type="soa" free="2178176" total="26990592" percent="8" />
      <mem type="loa" free="272384" total="272384" percent="100" />
    </mem>
    <remembered-set count="23971" />
  </mem-info>
</gc-end>
<cycle-end id="4807" type="scavenge" contextid="4801" timestamp="2019-08-08T09:56:18.496" />
  <attribute name="elasticGC enabled" value="1" />
  <attribute name= "numThreadsSpecified" value="16" />
  <attribute name="heapSize specified" value="240386048" />
  <attribute name="Current GC Util" value="8" />
  <attribute name= "Current Time Running" value="170343" />
  <attribute name ="GC Interval" value="2137" />
  <attribute name="Target GC Util Change" value ="80.000000" />
  <attribute name="Current GC Util Change" value="8.000000"/>
  <attribute name="Current Error" value="72.000000" />
  <attribute name="Output H" value="240592888"/>
  <attribute name="Output I" value="2136"/>
  <attribute name="Output T" value="16"/>
  <attribute name= "Current Time Running" value="170343" />
  <attribute name="GC Util currently" value="8" />
  <attribute name="CPU Util currently" value="5704469472" />
<allocation-satisfied id="4808" threadId="0000000002503E00" bytesRequested="40" />
<af-end id="4809" timestamp="2019-08-08T09:56:18.496" threadId="0000000002504788" success="true" from="nursery"/>
<exclusive-end id="4810" timestamp="2019-08-08T09:56:18.496" durationms="6.140" />

<exclusive-start id="4811" timestamp="2019-08-08T09:56:18.725" intervalms="234.737">
  <response-info timems="6.032" idlems="6.032" threads="0" lastid="00000000024DE700" lastname="Thread-29" />
</exclusive-start>
<af-start id="4812" threadId="00000000024DF088" totalBytesRequested="40" timestamp="2019-08-08T09:56:18.725" intervalms="234.887" type="nursery" />
<cycle-start id="4813" type="scavenge" contextid="0" timestamp="2019-08-08T09:56:18.725" intervalms="234.890" />
<gc-start id="4814" type="scavenge" contextid="4813" timestamp="2019-08-08T09:56:18.725">
  <mem-info id="4815" free="2450560" total="240517120" percent="1">
    <mem type="nursery" free="0" total="213254144" percent="0">
      <mem type="allocate" free="0" total="191889408" percent="0" />
      <mem type="survivor" free="0" total="21364736" percent="0" />
    </mem>
    <mem type="tenure" free="2450560" total="27262976" percent="8">
      <mem type="soa" free="2178176" total="26990592" percent="8" />
      <mem type="loa" free="272384" total="272384" percent="100" />
    </mem>
    <remembered-set count="25520" />
  </mem-info>
</gc-start>
<allocation-stats totalBytes="187143696" >
  <allocated-bytes non-tlh="40" tlh="187143656" />
  <largest-consumer threadName="Thread-30" threadId="00000000024ED700" bytes="19627552" />
</allocation-stats>
<gc-op id="4816" type="scavenge" timems="11.748" contextid="4813" timestamp="2019-08-08T09:56:18.737">
  <scavenger-info tenureage="14" tenuremask="4000" tiltratio="89" />
  <memory-copied type="nursery" objects="118207" bytes="4628544" bytesdiscarded="390192" />
</gc-op>
<gc-end id="4817" type="scavenge" contextid="4813" durationms="12.265" usertimems="32.255" systemtimems="3.072" timestamp="2019-08-08T09:56:18.738" activeThreads="16">
  <mem-info id="4818" free="189321232" total="240517120" percent="78">
    <mem type="nursery" free="186870672" total="213254144" percent="87">
      <mem type="allocate" free="186870672" total="191889408" percent="97" />
      <mem type="survivor" free="0" total="21364736" percent="0" />
    </mem>
    <mem type="tenure" free="2450560" total="27262976" percent="8" macro-fragmented="1500163">
      <mem type="soa" free="2178176" total="26990592" percent="8" />
      <mem type="loa" free="272384" total="272384" percent="100" />
    </mem>
    <remembered-set count="25519" />
  </mem-info>
</gc-end>
<cycle-end id="4819" type="scavenge" contextid="4813" timestamp="2019-08-08T09:56:18.738" />
  <attribute name="elasticGC enabled" value="1" />
  <attribute name= "numThreadsSpecified" value="16" />
  <attribute name="heapSize specified" value="240386048" />
  <attribute name="Current GC Util" value="6" />
  <attribute name= "Current Time Running" value="170578" />
  <attribute name ="GC Interval" value="2273" />
  <attribute name="Target GC Util Change" value ="80.000000" />
  <attribute name="Current GC Util Change" value="6.000000"/>
  <attribute name="Current Error" value="146.000000" />
  <attribute name="Output H" value="240592968"/>
  <attribute name="Output I" value="2272"/>
  <attribute name="Output T" value="16"/>
  <attribute name= "Current Time Running" value="170578" />
  <attribute name="GC Util currently" value="6" />
  <attribute name="CPU Util currently" value="4909030743" />
<allocation-satisfied id="4820" threadId="00000000024DE700" bytesRequested="40" />
<af-end id="4821" timestamp="2019-08-08T09:56:18.738" threadId="00000000024DF088" success="true" from="nursery"/>
<exclusive-end id="4822" timestamp="2019-08-08T09:56:18.738" durationms="13.055" />

<exclusive-start id="4823" timestamp="2019-08-08T09:56:18.956" intervalms="230.546">
  <response-info timems="2.018" idlems="1.049" threads="1" lastid="00000000024FC600" lastname="Thread-34" />
</exclusive-start>
<af-start id="4824" threadId="0000000002508388" totalBytesRequested="40" timestamp="2019-08-08T09:56:18.956" intervalms="230.416" type="nursery" />
<cycle-start id="4825" type="scavenge" contextid="0" timestamp="2019-08-08T09:56:18.956" intervalms="230.911" />
<gc-start id="4826" type="scavenge" contextid="4825" timestamp="2019-08-08T09:56:18.956">
  <mem-info id="4827" free="2450560" total="240517120" percent="1">
    <mem type="nursery" free="0" total="213254144" percent="0">
      <mem type="allocate" free="0" total="191889408" percent="0" />
      <mem type="survivor" free="0" total="21364736" percent="0" />
    </mem>
    <mem type="tenure" free="2450560" total="27262976" percent="8">
      <mem type="soa" free="2178176" total="26990592" percent="8" />
      <mem type="loa" free="272384" total="272384" percent="100" />
    </mem>
    <remembered-set count="26738" />
  </mem-info>
</gc-start>
<allocation-stats totalBytes="186857584" >
  <allocated-bytes non-tlh="40" tlh="186857544" />
  <largest-consumer threadName="Thread-30" threadId="00000000024ED700" bytes="23389520" />
</allocation-stats>
<gc-op id="4828" type="scavenge" timems="24.014" contextid="4825" timestamp="2019-08-08T09:56:18.980">
  <scavenger-info tenureage="14" tenuremask="4000" tiltratio="89" />
  <memory-copied type="nursery" objects="119757" bytes="4665584" bytesdiscarded="637360" />
</gc-op>
<heap-resize id="4829" type="expand" space="nursery" amount="11927552" count="1" timems="0.018" reason="excessive time being spent scavenging" timestamp="2019-08-08T09:56:18.981" />
<gc-end id="4830" type="scavenge" contextid="4825" durationms="24.512" usertimems="68.794" systemtimems="41.359" timestamp="2019-08-08T09:56:18.981" activeThreads="16">
  <mem-info id="4831" free="199719392" total="252444672" percent="79">
    <mem type="nursery" free="197268832" total="225181696" percent="87">
      <mem type="allocate" free="197268832" total="202571776" percent="97" />
      <mem type="survivor" free="0" total="22609920" percent="0" />
    </mem>
    <mem type="tenure" free="2450560" total="27262976" percent="8" macro-fragmented="1500163">
      <mem type="soa" free="2178176" total="26990592" percent="8" />
      <mem type="loa" free="272384" total="272384" percent="100" />
    </mem>
    <remembered-set count="26737" />
  </mem-info>
</gc-end>
<cycle-end id="4832" type="scavenge" contextid="4825" timestamp="2019-08-08T09:56:18.981" />
  <attribute name="elasticGC enabled" value="1" />
  <attribute name= "numThreadsSpecified" value="16" />
  <attribute name="heapSize specified" value="240386048" />
  <attribute name="Current GC Util" value="15" />
  <attribute name= "Current Time Running" value="170809" />
  <attribute name ="GC Interval" value="2385" />
  <attribute name="Target GC Util Change" value ="80.000000" />
  <attribute name="Current GC Util Change" value="15.000000"/>
  <attribute name="Current Error" value="211.000000" />
  <attribute name="Output H" value="240593048"/>
  <attribute name="Output I" value="2384"/>
  <attribute name="Output T" value="16"/>
  <attribute name= "Current Time Running" value="170809" />
  <attribute name="GC Util currently" value="15" />
  <attribute name="CPU Util currently" value="4990882987" />
<allocation-satisfied id="4833" threadId="0000000002507A00" bytesRequested="40" />
<af-end id="4834" timestamp="2019-08-08T09:56:18.981" threadId="0000000002508388" success="true" from="nursery"/>
<exclusive-end id="4835" timestamp="2019-08-08T09:56:18.981" durationms="25.865" />

<exclusive-start id="4836" timestamp="2019-08-08T09:56:19.185" intervalms="229.911">
  <response-info timems="16.318" idlems="8.166" threads="1" lastid="0000000002538500" lastname="Thread-26" />
</exclusive-start>
<af-start id="4837" threadId="0000000002529E88" totalBytesRequested="40" timestamp="2019-08-08T09:56:19.186" intervalms="229.906" type="nursery" />
<cycle-start id="4838" type="scavenge" contextid="0" timestamp="2019-08-08T09:56:19.186" intervalms="229.419" />
<gc-start id="4839" type="scavenge" contextid="4838" timestamp="2019-08-08T09:56:19.186">
  <mem-info id="4840" free="2450560" total="252444672" percent="0">
    <mem type="nursery" free="0" total="225181696" percent="0">
      <mem type="allocate" free="0" total="202571776" percent="0" />
      <mem type="survivor" free="0" total="22609920" percent="0" />
    </mem>
    <mem type="tenure" free="2450560" total="27262976" percent="8">
      <mem type="soa" free="2178176" total="26990592" percent="8" />
      <mem type="loa" free="272384" total="272384" percent="100" />
    </mem>
    <remembered-set count="27893" />
  </mem-info>
</gc-start>
<allocation-stats totalBytes="197265048" >
  <allocated-bytes non-tlh="40" tlh="197265008" />
  <largest-consumer threadName="Thread-33" threadId="0000000002521D00" bytes="20151656" />
</allocation-stats>
<gc-op id="4841" type="scavenge" timems="10.658" contextid="4838" timestamp="2019-08-08T09:56:19.196">
  <scavenger-info tenureage="14" tenuremask="4000" tiltratio="89" />
  <memory-copied type="nursery" objects="141808" bytes="5468232" bytesdiscarded="500520" />
  <memory-copied type="tenure" objects="231" bytes="5544" bytesdiscarded="0" />
</gc-op>
<gc-end id="4842" type="scavenge" contextid="4838" durationms="11.018" usertimems="31.147" systemtimems="4.916" timestamp="2019-08-08T09:56:19.197" activeThreads="16">
  <mem-info id="4843" free="199119120" total="252444672" percent="78">
    <mem type="nursery" free="196668560" total="225181696" percent="87">
      <mem type="allocate" free="196668560" total="202637312" percent="97" />
      <mem type="survivor" free="0" total="22544384" percent="0" />
    </mem>
    <mem type="tenure" free="2450560" total="27262976" percent="8" macro-fragmented="2160235">
      <mem type="soa" free="2178176" total="26990592" percent="8" />
      <mem type="loa" free="272384" total="272384" percent="100" />
    </mem>
    <remembered-set count="27662" />
  </mem-info>
</gc-end>
<cycle-end id="4844" type="scavenge" contextid="4838" timestamp="2019-08-08T09:56:19.197" />
  <attribute name="elasticGC enabled" value="1" />
  <attribute name= "numThreadsSpecified" value="16" />
  <attribute name="heapSize specified" value="240386048" />
  <attribute name="Current GC Util" value="48" />
  <attribute name= "Current Time Running" value="171038" />
  <attribute name ="GC Interval" value="2449" />
  <attribute name="Target GC Util Change" value ="80.000000" />
  <attribute name="Current GC Util Change" value="48.000000"/>
  <attribute name="Current Error" value="243.000000" />
  <attribute name="Output H" value="252520632"/>
  <attribute name="Output I" value="2448"/>
  <attribute name="Output T" value="16"/>
  <attribute name= "Current Time Running" value="171038" />
  <attribute name="GC Util currently" value="48" />
  <attribute name="CPU Util currently" value="5024283998" />
<allocation-satisfied id="4845" threadId="0000000002529500" bytesRequested="40" />
<af-end id="4846" timestamp="2019-08-08T09:56:19.197" threadId="0000000002529E88" success="true" from="nursery"/>
<exclusive-end id="4847" timestamp="2019-08-08T09:56:19.197" durationms="11.324" />

<exclusive-start id="4848" timestamp="2019-08-08T09:56:19.404" intervalms="218.244">
  <response-info timems="7.144" idlems="7.144" threads="0" lastid="0000000002521D00" lastname="Thread-33" />
</exclusive-start>
<af-start id="4849" threadId="0000000002522688" totalBytesRequested="40" timestamp="2019-08-08T09:56:19.405" intervalms="219.059" type="nursery" />
<cycle-start id="4850" type="scavenge" contextid="0" timestamp="2019-08-08T09:56:19.405" intervalms="219.058" />
<gc-start id="4851" type="scavenge" contextid="4850" timestamp="2019-08-08T09:56:19.405">
  <mem-info id="4852" free="2450560" total="252444672" percent="0">
    <mem type="nursery" free="0" total="225181696" percent="0">
      <mem type="allocate" free="0" total="202637312" percent="0" />
      <mem type="survivor" free="0" total="22544384" percent="0" />
    </mem>
    <mem type="tenure" free="2450560" total="27262976" percent="8">
      <mem type="soa" free="2178176" total="26990592" percent="8" />
      <mem type="loa" free="272384" total="272384" percent="100" />
    </mem>
    <remembered-set count="27994" />
  </mem-info>
</gc-start>
<allocation-stats totalBytes="196655368" >
  <allocated-bytes non-tlh="40" tlh="196655328" />
  <largest-consumer threadName="Thread-25" threadId="000000000250F200" bytes="26572992" />
</allocation-stats>
<gc-op id="4853" type="scavenge" timems="7.922" contextid="4850" timestamp="2019-08-08T09:56:19.413">
  <scavenger-info tenureage="14" tenuremask="4000" tiltratio="89" />
  <memory-copied type="nursery" objects="146290" bytes="5576672" bytesdiscarded="516304" />
  <memory-copied type="tenure" objects="262" bytes="6288" bytesdiscarded="0" />
</gc-op>
<gc-end id="4854" type="scavenge" contextid="4850" durationms="8.297" usertimems="33.559" systemtimems="0.695" timestamp="2019-08-08T09:56:19.413" activeThreads="16">
  <mem-info id="4855" free="198863568" total="252444672" percent="78">
    <mem type="nursery" free="196544336" total="225181696" percent="87">
      <mem type="allocate" free="196544336" total="202637312" percent="96" />
      <mem type="survivor" free="0" total="22544384" percent="0" />
    </mem>
    <mem type="tenure" free="2319232" total="27262976" percent="8" macro-fragmented="1500163">
      <mem type="soa" free="2046848" total="26990592" percent="7" />
      <mem type="loa" free="272384" total="272384" percent="100" />
    </mem>
    <remembered-set count="27730" />
  </mem-info>
</gc-end>
<cycle-end id="4856" type="scavenge" contextid="4850" timestamp="2019-08-08T09:56:19.413" />
  <attribute name="elasticGC enabled" value="1" />
  <attribute name= "numThreadsSpecified" value="16" />
  <attribute name="heapSize specified" value="240386048" />
  <attribute name="Current GC Util" value="16" />
  <attribute name= "Current Time Running" value="171257" />
  <attribute name ="GC Interval" value="2561" />
  <attribute name="Target GC Util Change" value ="80.000000" />
  <attribute name="Current GC Util Change" value="16.000000"/>
  <attribute name="Current Error" value="307.000000" />
  <attribute name="Output H" value="252520712"/>
  <attribute name="Output I" value="2560"/>
  <attribute name="Output T" value="16"/>
  <attribute name= "Current Time Running" value="171257" />
  <attribute name="GC Util currently" value="16" />
  <attribute name="CPU Util currently" value="5260504751" />
<allocation-satisfied id="4857" threadId="0000000002521D00" bytesRequested="40" />
<af-end id="4858" timestamp="2019-08-08T09:56:19.413" threadId="0000000002522688" success="true" from="nursery"/>
<exclusive-end id="4859" timestamp="2019-08-08T09:56:19.413" durationms="9.644" />

<exclusive-start id="4860" timestamp="2019-08-08T09:56:19.683" intervalms="279.624">
  <response-info timems="8.678" idlems="8.678" threads="0" lastid="0000000002534900" lastname="Thread-32" />
</exclusive-start>
<af-start id="4861" threadId="0000000002535288" totalBytesRequested="40" timestamp="2019-08-08T09:56:19.683" intervalms="278.801" type="nursery" />
<cycle-start id="4862" type="scavenge" contextid="0" timestamp="2019-08-08T09:56:19.683" intervalms="278.798" />
<gc-start id="4863" type="scavenge" contextid="4862" timestamp="2019-08-08T09:56:19.683">
  <mem-info id="4864" free="2319232" total="252444672" percent="0">
    <mem type="nursery" free="0" total="225181696" percent="0">
      <mem type="allocate" free="0" total="202637312" percent="0" />
      <mem type="survivor" free="0" total="22544384" percent="0" />
    </mem>
    <mem type="tenure" free="2319232" total="27262976" percent="8">
      <mem type="soa" free="2046848" total="26990592" percent="7" />
      <mem type="loa" free="272384" total="272384" percent="100" />
    </mem>
    <remembered-set count="28355" />
  </mem-info>
</gc-start>
<allocation-stats totalBytes="196541704" >
  <allocated-bytes non-tlh="40" tlh="196541664" />
  <largest-consumer threadName="Thread-31" threadId="0000000002503E00" bytes="21593848" />
</allocation-stats>
<gc-op id="4865" type="scavenge" timems="25.381" contextid="4862" timestamp="2019-08-08T09:56:19.709">
  <scavenger-info tenureage="14" tenuremask="4000" tiltratio="89" />
  <memory-copied type="nursery" objects="83771" bytes="2836440" bytesdiscarded="184872" />
</gc-op>
<heap-resize id="4866" type="expand" space="nursery" amount="11010048" count="1" timems="0.021" reason="excessive time being spent scavenging" timestamp="2019-08-08T09:56:19.713" />
<gc-end id="4867" type="scavenge" contextid="4862" durationms="29.756" usertimems="38.255" systemtimems="16.733" timestamp="2019-08-08T09:56:19.713" activeThreads="16">
  <mem-info id="4868" free="211831168" total="263454720" percent="80">
    <mem type="nursery" free="209511936" total="236191744" percent="88">
      <mem type="allocate" free="209511936" total="212533248" percent="98" />
      <mem type="survivor" free="0" total="23658496" percent="0" />
    </mem>
    <mem type="tenure" free="2319232" total="27262976" percent="8" macro-fragmented="1250136">
      <mem type="soa" free="2046848" total="26990592" percent="7" />
      <mem type="loa" free="272384" total="272384" percent="100" />
    </mem>
    <remembered-set count="28354" />
  </mem-info>
</gc-end>
<cycle-end id="4869" type="scavenge" contextid="4862" timestamp="2019-08-08T09:56:19.713" />
  <attribute name="elasticGC enabled" value="1" />
  <attribute name= "numThreadsSpecified" value="16" />
  <attribute name="heapSize specified" value="240386048" />
  <attribute name="Current GC Util" value="12" />
  <attribute name= "Current Time Running" value="171536" />
  <attribute name ="GC Interval" value="2681" />
  <attribute name="Target GC Util Change" value ="80.000000" />
  <attribute name="Current GC Util Change" value="12.000000"/>
  <attribute name="Current Error" value="375.000000" />
  <attribute name="Output H" value="252520792"/>
  <attribute name="Output I" value="2680"/>
  <attribute name="Output T" value="16"/>
  <attribute name= "Current Time Running" value="171536" />
  <attribute name="GC Util currently" value="12" />
  <attribute name="CPU Util currently" value="4138974438" />
<allocation-satisfied id="4870" threadId="0000000002534900" bytesRequested="40" />
<af-end id="4871" timestamp="2019-08-08T09:56:19.713" threadId="0000000002535288" success="true" from="nursery"/>
<exclusive-end id="4872" timestamp="2019-08-08T09:56:19.713" durationms="30.112" />

===== DaCapo 9.12-MR1 sunflow PASSED in 12321 msec =====
Using scaled threading model. 16 processors detected, 16 threads used to drive the workload, in a possible range of [1,1000]
<exclusive-start id="4873" timestamp="2019-08-08T09:56:20.141" intervalms="457.769">
  <response-info timems="0.120" idlems="0.077" threads="1" lastid="00000000021FF700" lastname="JIT Compilation Thread-1" />
</exclusive-start>
<sys-start reason="explicit" id="4874" timestamp="2019-08-08T09:56:20.141" intervalms="12879.087" />
<cycle-start id="4875" type="global" contextid="0" timestamp="2019-08-08T09:56:20.141" intervalms="2473.505" />
<gc-start id="4876" type="global" contextid="4875" timestamp="2019-08-08T09:56:20.141">
  <mem-info id="4877" free="131666440" total="263454720" percent="49">
    <mem type="nursery" free="129481600" total="236191744" percent="54">
      <mem type="allocate" free="129481600" total="212533248" percent="60" />
      <mem type="survivor" free="0" total="23658496" percent="0" />
    </mem>
    <mem type="tenure" free="2184840" total="27262976" percent="8">
      <mem type="soa" free="1912456" total="26990592" percent="7" />
      <mem type="loa" free="272384" total="272384" percent="100" />
    </mem>
    <remembered-set count="29917" />
  </mem-info>
</gc-start>
<allocation-stats totalBytes="80141816" >
  <allocated-bytes non-tlh="493472" tlh="79648344" />
  <largest-consumer threadName="main" threadId="00000000021F7F00" bytes="11440344" />
</allocation-stats>
<gc-op id="4878" type="mark" timems="16.414" contextid="4875" timestamp="2019-08-08T09:56:20.158">
  <trace-info objectcount="622582" scancount="538480" scanbytes="14132704" />
  <finalization candidates="154" enqueued="1" />
  <ownableSynchronizers candidates="23" cleared="0" />
  <references type="soft" candidates="1945" cleared="7" enqueued="7" dynamicThreshold="4" maxThreshold="32" />
  <references type="weak" candidates="6180" cleared="96" enqueued="96" />
  <references type="phantom" candidates="399" cleared="10" enqueued="10" />
  <stringconstants candidates="15610" cleared="22"  />
</gc-op>
<gc-op id="4879" type="classunload" timems="0.013" contextid="4875" timestamp="2019-08-08T09:56:20.158">
  <classunload-info classloadercandidates="67" classloadersunloaded="0" classesunloaded="0" anonymousclassesunloaded="0" quiescems="0.673" setupms="0.012" scanms="0.001" postms="0.000" />
</gc-op>
<gc-op id="4880" type="sweep" timems="2.354" contextid="4875" timestamp="2019-08-08T09:56:20.161" />
<mem-info id="4881" free="217150440" total="263454720" percent="82">
  <mem type="nursery" free="210977832" total="236191744" percent="89">
    <mem type="allocate" free="210977832" total="212533248" percent="99" />
    <mem type="survivor" free="0" total="23658496" percent="0" />
  </mem>
  <mem type="tenure" free="6172608" total="27262976" percent="22" micro-fragmented="7441" macro-fragmented="0">
    <mem type="soa" free="5900224" total="26990592" percent="21" />
    <mem type="loa" free="272384" total="272384" percent="100" />
  </mem>
  <pending-finalizers system="1" default="0" reference="113" classloader="0" />
  <remembered-set count="1620" />
</mem-info>
<gc-op id="4882" type="compact" timems="27.284" contextid="4875" timestamp="2019-08-08T09:56:20.189">
  <compact-info movecount="27253" movebytes="3298328" reason="compact to aid heap contraction" />
</gc-op>
<heap-resize id="4883" type="expand" space="tenure" amount="131072" count="1" timems="0.022" reason="satisfy allocation request" timestamp="2019-08-08T09:56:20.190" />
<gc-end id="4884" type="global" contextid="4875" durationms="48.342" usertimems="98.766" systemtimems="0.000" timestamp="2019-08-08T09:56:20.190" activeThreads="16">
  <mem-info id="4885" free="217723480" total="263585792" percent="82">
    <mem type="nursery" free="211414392" total="236191744" percent="89">
      <mem type="allocate" free="211414392" total="212533248" percent="99" />
      <mem type="survivor" free="0" total="23658496" percent="0" />
    </mem>
    <mem type="tenure" free="6309088" total="27394048" percent="23">
      <mem type="soa" free="6035680" total="27120640" percent="22" />
      <mem type="loa" free="273408" total="273408" percent="100" />
    </mem>
    <pending-finalizers system="1" default="0" reference="113" classloader="0" />
    <remembered-set count="1620" />
  </mem-info>
</gc-end>
<cycle-end id="4886" type="global" contextid="4875" timestamp="2019-08-08T09:56:20.190" />
  <attribute name="elasticGC enabled" value="1" />
  <attribute name= "numThreadsSpecified" value="16" />
  <attribute name="heapSize specified" value="263454720" />
  <attribute name="Current GC Util" value="49" />
  <attribute name= "Current Time Running" value="172041" />
  <attribute name ="GC Interval" value="2681" />
  <attribute name="Target GC Util Change" value ="80.000000" />
  <attribute name="Current GC Util Change" value="49.000000"/>
  <attribute name="Current Error" value="-153.000000" />
  <attribute name="Output H" value="263530224"/>
  <attribute name="Output I" value="1736"/>
  <attribute name="Output T" value="16"/>
  <attribute name= "Current Time Running" value="172041" />
  <attribute name="GC Util currently" value="49" />
  <attribute name="CPU Util currently" value="42213671754" />
<sys-end id="4887" timestamp="2019-08-08T09:56:20.190" />
<exclusive-end id="4888" timestamp="2019-08-08T09:56:20.190" durationms="48.957" />

===== DaCapo 9.12-MR1 xalan starting =====
<exclusive-start id="4889" timestamp="2019-08-08T09:56:21.755" intervalms="1614.104">
  <response-info timems="1.939" idlems="1.939" threads="0" lastid="0000000002530D00" lastname="Thread-40" />
</exclusive-start>
<af-start id="4890" threadId="0000000002531688" totalBytesRequested="16392" timestamp="2019-08-08T09:56:21.755" intervalms="2071.882" type="nursery" />
<cycle-start id="4891" type="scavenge" contextid="0" timestamp="2019-08-08T09:56:21.755" intervalms="2071.888" />
<gc-start id="4892" type="scavenge" contextid="4891" timestamp="2019-08-08T09:56:21.755">
  <mem-info id="4893" free="6266400" total="263585792" percent="2">
    <mem type="nursery" free="0" total="236191744" percent="0">
      <mem type="allocate" free="0" total="212533248" percent="0" />
      <mem type="survivor" free="0" total="23658496" percent="0" />
    </mem>
    <mem type="tenure" free="6266400" total="27394048" percent="22">
      <mem type="soa" free="5992992" total="27120640" percent="22" />
      <mem type="loa" free="273408" total="273408" percent="100" />
    </mem>
    <remembered-set count="2297" />
  </mem-info>
</gc-start>
<allocation-stats totalBytes="211170176" >
  <allocated-bytes non-tlh="1143776" tlh="210026400" />
  <largest-consumer threadName="Thread-50" threadId="00000000024E5F00" bytes="17670640" />
</allocation-stats>
<gc-op id="4894" type="scavenge" timems="10.296" contextid="4891" timestamp="2019-08-08T09:56:21.766">
  <scavenger-info tenureage="5" tenuremask="4420" tiltratio="89" />
  <memory-copied type="nursery" objects="46624" bytes="5271864" bytesdiscarded="454928" />
  <finalization candidates="6" enqueued="3" />
  <ownableSynchronizers candidates="46" cleared="46" />
  <references type="soft" candidates="116" cleared="0" enqueued="0" dynamicThreshold="7" maxThreshold="32" />
  <references type="weak" candidates="109" cleared="26" enqueued="22" />
  <references type="phantom" candidates="70" cleared="0" enqueued="0" />
</gc-op>
<gc-end id="4895" type="scavenge" contextid="4891" durationms="10.932" usertimems="22.992" systemtimems="4.075" timestamp="2019-08-08T09:56:21.766" activeThreads="16">
  <mem-info id="4896" free="213071504" total="263585792" percent="80">
    <mem type="nursery" free="206805104" total="236191744" percent="87">
      <mem type="allocate" free="206805104" total="212533248" percent="97" />
      <mem type="survivor" free="0" total="23658496" percent="0" />
    </mem>
    <mem type="tenure" free="6266400" total="27394048" percent="22" macro-fragmented="2592282">
      <mem type="soa" free="5992992" total="27120640" percent="22" />
      <mem type="loa" free="273408" total="273408" percent="100" />
    </mem>
    <pending-finalizers system="3" default="0" reference="22" classloader="0" />
    <remembered-set count="2188" />
  </mem-info>
</gc-end>
<cycle-end id="4897" type="scavenge" contextid="4891" timestamp="2019-08-08T09:56:21.767" />
  <attribute name="elasticGC enabled" value="1" />
  <attribute name= "numThreadsSpecified" value="16" />
  <attribute name="heapSize specified" value="263454720" />
  <attribute name="Current GC Util" value="2" />
  <attribute name= "Current Time Running" value="173608" />
  <attribute name ="GC Interval" value="1881" />
  <attribute name="Target GC Util Change" value ="80.000000" />
  <attribute name="Current GC Util Change" value="2.000000"/>
  <attribute name="Current Error" value="-75.000000" />
  <attribute name="Output H" value="263661392"/>
  <attribute name="Output I" value="1880"/>
  <attribute name="Output T" value="16"/>
  <attribute name= "Current Time Running" value="173608" />
  <attribute name="GC Util currently" value="2" />
  <attribute name="CPU Util currently" value="735751910" />
<allocation-satisfied id="4898" threadId="0000000002530D00" bytesRequested="16392" />
<af-end id="4899" timestamp="2019-08-08T09:56:21.767" threadId="0000000002531688" success="true" from="nursery"/>
<exclusive-end id="4900" timestamp="2019-08-08T09:56:21.767" durationms="11.405" />

<exclusive-start id="4901" timestamp="2019-08-08T09:56:22.508" intervalms="752.682">
  <response-info timems="17.946" idlems="17.946" threads="0" lastid="0000000002525900" lastname="Thread-43" />
</exclusive-start>
<af-start id="4902" threadId="0000000002526288" totalBytesRequested="2056" timestamp="2019-08-08T09:56:22.510" intervalms="754.829" type="nursery" />
<cycle-start id="4903" type="scavenge" contextid="0" timestamp="2019-08-08T09:56:22.510" intervalms="754.933" />
<gc-start id="4904" type="scavenge" contextid="4903" timestamp="2019-08-08T09:56:22.511">
  <mem-info id="4905" free="6266400" total="263585792" percent="2">
    <mem type="nursery" free="0" total="236191744" percent="0">
      <mem type="allocate" free="0" total="212533248" percent="0" />
      <mem type="survivor" free="0" total="23658496" percent="0" />
    </mem>
    <mem type="tenure" free="6266400" total="27394048" percent="22">
      <mem type="soa" free="5992992" total="27120640" percent="22" />
      <mem type="loa" free="273408" total="273408" percent="100" />
    </mem>
    <remembered-set count="2189" />
  </mem-info>
</gc-start>
<allocation-stats totalBytes="206631048" >
  <allocated-bytes non-tlh="16392" tlh="206614656" />
  <largest-consumer threadName="Thread-51" threadId="00000000024ED700" bytes="25890352" />
</allocation-stats>
<gc-op id="4906" type="scavenge" timems="6.051" contextid="4903" timestamp="2019-08-08T09:56:22.517">
  <scavenger-info tenureage="14" tenuremask="4000" tiltratio="89" />
  <memory-copied type="nursery" objects="47828" bytes="5760560" bytesdiscarded="483192" />
  <finalization candidates="3" enqueued="0" />
  <references type="soft" candidates="116" cleared="0" enqueued="0" dynamicThreshold="7" maxThreshold="32" />
  <references type="weak" candidates="83" cleared="0" enqueued="0" />
  <references type="phantom" candidates="67" cleared="0" enqueued="0" />
</gc-op>
<gc-end id="4907" type="scavenge" contextid="4903" durationms="6.804" usertimems="8.657" systemtimems="1.976" timestamp="2019-08-08T09:56:22.517" activeThreads="16">
  <mem-info id="4908" free="212554648" total="263585792" percent="80">
    <mem type="nursery" free="206288248" total="236191744" percent="87">
      <mem type="allocate" free="206288248" total="212533248" percent="97" />
      <mem type="survivor" free="0" total="23658496" percent="0" />
    </mem>
    <mem type="tenure" free="6266400" total="27394048" percent="22" macro-fragmented="0">
      <mem type="soa" free="5992992" total="27120640" percent="22" />
      <mem type="loa" free="273408" total="273408" percent="100" />
    </mem>
    <remembered-set count="2186" />
  </mem-info>
</gc-end>
<cycle-end id="4909" type="scavenge" contextid="4903" timestamp="2019-08-08T09:56:22.517" />
  <attribute name="elasticGC enabled" value="1" />
  <attribute name= "numThreadsSpecified" value="16" />
  <attribute name="heapSize specified" value="263454720" />
  <attribute name="Current GC Util" value="1" />
  <attribute name= "Current Time Running" value="174363" />
  <attribute name ="GC Interval" value="2017" />
  <attribute name="Target GC Util Change" value ="80.000000" />
  <attribute name="Current GC Util Change" value="1.000000"/>
  <attribute name="Current Error" value="4.000000" />
  <attribute name="Output H" value="263661480"/>
  <attribute name="Output I" value="2016"/>
  <attribute name="Output T" value="16"/>
  <attribute name= "Current Time Running" value="174363" />
  <attribute name="GC Util currently" value="1" />
  <attribute name="CPU Util currently" value="1526067766" />
<allocation-satisfied id="4910" threadId="0000000002525900" bytesRequested="2056" />
<af-end id="4911" timestamp="2019-08-08T09:56:22.517" threadId="0000000002526288" success="true" from="nursery"/>
<exclusive-end id="4912" timestamp="2019-08-08T09:56:22.517" durationms="9.607" />

<exclusive-start id="4913" timestamp="2019-08-08T09:56:23.089" intervalms="581.300">
  <response-info timems="1.366" idlems="0.782" threads="2" lastid="0000000002521D00" lastname="Thread-52" />
</exclusive-start>
<af-start id="4914" threadId="0000000002517388" totalBytesRequested="16392" timestamp="2019-08-08T09:56:23.089" intervalms="579.136" type="nursery" />
<cycle-start id="4915" type="scavenge" contextid="0" timestamp="2019-08-08T09:56:23.089" intervalms="579.020" />
<gc-start id="4916" type="scavenge" contextid="4915" timestamp="2019-08-08T09:56:23.089">
  <mem-info id="4917" free="6266400" total="263585792" percent="2">
    <mem type="nursery" free="0" total="236191744" percent="0">
      <mem type="allocate" free="0" total="212533248" percent="0" />
      <mem type="survivor" free="0" total="23658496" percent="0" />
    </mem>
    <mem type="tenure" free="6266400" total="27394048" percent="22">
      <mem type="soa" free="5992992" total="27120640" percent="22" />
      <mem type="loa" free="273408" total="273408" percent="100" />
    </mem>
    <remembered-set count="2186" />
  </mem-info>
</gc-start>
<allocation-stats totalBytes="206098640" >
  <allocated-bytes non-tlh="2056" tlh="206096584" />
  <largest-consumer threadName="Thread-46" threadId="000000000250F200" bytes="21122264" />
</allocation-stats>
<gc-op id="4918" type="scavenge" timems="9.028" contextid="4915" timestamp="2019-08-08T09:56:23.098">
  <scavenger-info tenureage="14" tenuremask="4000" tiltratio="89" />
  <memory-copied type="nursery" objects="46688" bytes="5554648" bytesdiscarded="198024" />
  <finalization candidates="3" enqueued="0" />
  <references type="soft" candidates="116" cleared="0" enqueued="0" dynamicThreshold="7" maxThreshold="32" />
  <references type="weak" candidates="85" cleared="0" enqueued="0" />
  <references type="phantom" candidates="73" cleared="0" enqueued="0" />
</gc-op>
<gc-end id="4919" type="scavenge" contextid="4915" durationms="9.271" usertimems="11.719" systemtimems="1.837" timestamp="2019-08-08T09:56:23.099" activeThreads="16">
  <mem-info id="4920" free="213045728" total="263585792" percent="80">
    <mem type="nursery" free="206779328" total="236191744" percent="87">
      <mem type="allocate" free="206779328" total="212533248" percent="97" />
      <mem type="survivor" free="0" total="23658496" percent="0" />
    </mem>
    <mem type="tenure" free="6266400" total="27394048" percent="22" macro-fragmented="4479464">
      <mem type="soa" free="5992992" total="27120640" percent="22" />
      <mem type="loa" free="273408" total="273408" percent="100" />
    </mem>
    <remembered-set count="820" />
  </mem-info>
</gc-end>
<cycle-end id="4921" type="scavenge" contextid="4915" timestamp="2019-08-08T09:56:23.099" />
  <attribute name="elasticGC enabled" value="1" />
  <attribute name= "numThreadsSpecified" value="16" />
  <attribute name="heapSize specified" value="263454720" />
  <attribute name="Current GC Util" value="1" />
  <attribute name= "Current Time Running" value="174942" />
  <attribute name ="GC Interval" value="2153" />
  <attribute name="Target GC Util Change" value ="80.000000" />
  <attribute name="Current GC Util Change" value="1.000000"/>
  <attribute name="Current Error" value="79.000000" />
  <attribute name="Output H" value="263661568"/>
  <attribute name="Output I" value="2152"/>
  <attribute name="Output T" value="16"/>
  <attribute name= "Current Time Running" value="174942" />
  <attribute name="GC Util currently" value="1" />
  <attribute name="CPU Util currently" value="1993495359" />
<allocation-satisfied id="4922" threadId="0000000002516A00" bytesRequested="16392" />
<af-end id="4923" timestamp="2019-08-08T09:56:23.099" threadId="0000000002517388" success="true" from="nursery"/>
<exclusive-end id="4924" timestamp="2019-08-08T09:56:23.099" durationms="9.596" />

<exclusive-start id="4925" timestamp="2019-08-08T09:56:23.693" intervalms="603.833">
  <response-info timems="5.317" idlems="5.317" threads="0" lastid="0000000002525900" lastname="Thread-43" />
</exclusive-start>
<af-start id="4926" threadId="0000000002526288" totalBytesRequested="40" timestamp="2019-08-08T09:56:23.693" intervalms="603.846" type="nursery" />
<cycle-start id="4927" type="scavenge" contextid="0" timestamp="2019-08-08T09:56:23.693" intervalms="603.860" />
<gc-start id="4928" type="scavenge" contextid="4927" timestamp="2019-08-08T09:56:23.693">
  <mem-info id="4929" free="6266400" total="263585792" percent="2">
    <mem type="nursery" free="0" total="236191744" percent="0">
      <mem type="allocate" free="0" total="212533248" percent="0" />
      <mem type="survivor" free="0" total="23658496" percent="0" />
    </mem>
    <mem type="tenure" free="6266400" total="27394048" percent="22">
      <mem type="soa" free="5992992" total="27120640" percent="22" />
      <mem type="loa" free="273408" total="273408" percent="100" />
    </mem>
    <remembered-set count="820" />
  </mem-info>
</gc-start>
<allocation-stats totalBytes="206534440" >
  <allocated-bytes non-tlh="16392" tlh="206518048" />
  <largest-consumer threadName="Thread-37" threadId="000000000250B600" bytes="17805304" />
</allocation-stats>
<gc-op id="4930" type="scavenge" timems="10.842" contextid="4927" timestamp="2019-08-08T09:56:23.704">
  <scavenger-info tenureage="3" tenuremask="4008" tiltratio="89" />
  <memory-copied type="nursery" objects="10179" bytes="3983544" bytesdiscarded="477936" />
  <memory-copied type="tenure" objects="37610" bytes="2068128" bytesdiscarded="2448" />
  <finalization candidates="3" enqueued="0" />
  <references type="weak" candidates="1" cleared="0" enqueued="0" />
  <references type="phantom" candidates="6" cleared="0" enqueued="0" />
</gc-op>
<gc-end id="4931" type="scavenge" contextid="4927" durationms="11.074" usertimems="32.971" systemtimems="0.000" timestamp="2019-08-08T09:56:23.704" activeThreads="16">
  <mem-info id="4932" free="212011552" total="263585792" percent="80">
    <mem type="nursery" free="208071488" total="236191744" percent="88">
      <mem type="allocate" free="208071488" total="212533248" percent="97" />
      <mem type="survivor" free="0" total="23658496" percent="0" />
    </mem>
    <mem type="tenure" free="3940064" total="27394048" percent="14" macro-fragmented="2160235">
      <mem type="soa" free="3666656" total="27120640" percent="13" />
      <mem type="loa" free="273408" total="273408" percent="100" />
    </mem>
    <remembered-set count="472" />
  </mem-info>
</gc-end>
<cycle-end id="4933" type="scavenge" contextid="4927" timestamp="2019-08-08T09:56:23.705" />
  <attribute name="elasticGC enabled" value="1" />
  <attribute name= "numThreadsSpecified" value="16" />
  <attribute name="heapSize specified" value="263454720" />
  <attribute name="Current GC Util" value="2" />
  <attribute name= "Current Time Running" value="175545" />
  <attribute name ="GC Interval" value="2289" />
  <attribute name="Target GC Util Change" value ="80.000000" />
  <attribute name="Current GC Util Change" value="2.000000"/>
  <attribute name="Current Error" value="157.000000" />
  <attribute name="Output H" value="263661656"/>
  <attribute name="Output I" value="2288"/>
  <attribute name="Output T" value="16"/>
  <attribute name= "Current Time Running" value="175545" />
  <attribute name="GC Util currently" value="2" />
  <attribute name="CPU Util currently" value="1909239847" />
<allocation-satisfied id="4934" threadId="0000000002525900" bytesRequested="40" />
<af-end id="4935" timestamp="2019-08-08T09:56:23.705" threadId="0000000002526288" success="true" from="nursery"/>
<exclusive-end id="4936" timestamp="2019-08-08T09:56:23.705" durationms="12.226" />

<exclusive-start id="4937" timestamp="2019-08-08T09:56:24.402" intervalms="708.935">
  <response-info timems="1.144" idlems="1.144" threads="0" lastid="0000000002525900" lastname="Thread-43" />
</exclusive-start>
<af-start id="4938" threadId="0000000002526288" totalBytesRequested="8200" timestamp="2019-08-08T09:56:24.402" intervalms="708.943" type="nursery" />
<cycle-start id="4939" type="scavenge" contextid="0" timestamp="2019-08-08T09:56:24.402" intervalms="708.946" />
<gc-start id="4940" type="scavenge" contextid="4939" timestamp="2019-08-08T09:56:24.402">
  <mem-info id="4941" free="3940064" total="263585792" percent="1">
    <mem type="nursery" free="0" total="236191744" percent="0">
      <mem type="allocate" free="0" total="212533248" percent="0" />
      <mem type="survivor" free="0" total="23658496" percent="0" />
    </mem>
    <mem type="tenure" free="3940064" total="27394048" percent="14">
      <mem type="soa" free="3666656" total="27120640" percent="13" />
      <mem type="loa" free="273408" total="273408" percent="100" />
    </mem>
    <remembered-set count="1074" />
  </mem-info>
</gc-start>
<allocation-stats totalBytes="207826464" >
  <allocated-bytes non-tlh="32816" tlh="207793648" />
  <largest-consumer threadName="Thread-46" threadId="000000000250F200" bytes="19290552" />
</allocation-stats>
<gc-op id="4942" type="scavenge" timems="13.645" contextid="4939" timestamp="2019-08-08T09:56:24.416">
  <scavenger-info tenureage="14" tenuremask="4000" tiltratio="89" />
  <memory-copied type="nursery" objects="9254" bytes="3686776" bytesdiscarded="480992" />
  <references type="phantom" candidates="5" cleared="0" enqueued="0" />
</gc-op>
<gc-end id="4943" type="scavenge" contextid="4939" durationms="13.859" usertimems="31.829" systemtimems="3.037" timestamp="2019-08-08T09:56:24.416" activeThreads="16">
  <mem-info id="4944" free="212305280" total="263585792" percent="80">
    <mem type="nursery" free="208365216" total="236191744" percent="88">
      <mem type="allocate" free="208365216" total="212533248" percent="98" />
      <mem type="survivor" free="0" total="23658496" percent="0" />
    </mem>
    <mem type="tenure" free="3940064" total="27394048" percent="14" macro-fragmented="2160235">
      <mem type="soa" free="3666656" total="27120640" percent="13" />
      <mem type="loa" free="273408" total="273408" percent="100" />
    </mem>
    <remembered-set count="462" />
  </mem-info>
</gc-end>
<cycle-end id="4945" type="scavenge" contextid="4939" timestamp="2019-08-08T09:56:24.417" />
  <attribute name="elasticGC enabled" value="1" />
  <attribute name= "numThreadsSpecified" value="16" />
  <attribute name="heapSize specified" value="263454720" />
  <attribute name="Current GC Util" value="2" />
  <attribute name= "Current Time Running" value="176254" />
  <attribute name ="GC Interval" value="2433" />
  <attribute name="Target GC Util Change" value ="80.000000" />
  <attribute name="Current GC Util Change" value="2.000000"/>
  <attribute name="Current Error" value="235.000000" />
  <attribute name="Output H" value="263661744"/>
  <attribute name="Output I" value="2432"/>
  <attribute name="Output T" value="16"/>
  <attribute name= "Current Time Running" value="176254" />
  <attribute name="GC Util currently" value="2" />
  <attribute name="CPU Util currently" value="1626229903" />
<allocation-satisfied id="4946" threadId="0000000002525900" bytesRequested="8200" />
<af-end id="4947" timestamp="2019-08-08T09:56:24.418" threadId="0000000002526288" success="true" from="nursery"/>
<exclusive-end id="4948" timestamp="2019-08-08T09:56:24.418" durationms="15.603" />

<exclusive-start id="4949" timestamp="2019-08-08T09:56:24.846" intervalms="444.072">
  <response-info timems="2.904" idlems="0.834" threads="7" lastid="0000000002521D00" lastname="Thread-52" />
</exclusive-start>
<af-start id="4950" threadId="00000000024EE088" totalBytesRequested="112" timestamp="2019-08-08T09:56:24.846" intervalms="444.063" type="nursery" />
<cycle-start id="4951" type="scavenge" contextid="0" timestamp="2019-08-08T09:56:24.846" intervalms="444.051" />
<gc-start id="4952" type="scavenge" contextid="4951" timestamp="2019-08-08T09:56:24.846">
  <mem-info id="4953" free="3940064" total="263585792" percent="1">
    <mem type="nursery" free="0" total="236191744" percent="0">
      <mem type="allocate" free="0" total="212533248" percent="0" />
      <mem type="survivor" free="0" total="23658496" percent="0" />
    </mem>
    <mem type="tenure" free="3940064" total="27394048" percent="14">
      <mem type="soa" free="3666656" total="27120640" percent="13" />
      <mem type="loa" free="273408" total="273408" percent="100" />
    </mem>
    <remembered-set count="1055" />
  </mem-info>
</gc-start>
<allocation-stats totalBytes="208108840" >
  <allocated-bytes non-tlh="8200" tlh="208100640" />
  <largest-consumer threadName="Thread-47" threadId="0000000002507A00" bytes="21096104" />
</allocation-stats>
<gc-op id="4954" type="scavenge" timems="5.147" contextid="4951" timestamp="2019-08-08T09:56:24.851">
  <scavenger-info tenureage="14" tenuremask="4000" tiltratio="89" />
  <memory-copied type="nursery" objects="9357" bytes="3528112" bytesdiscarded="357072" />
  <references type="phantom" candidates="5" cleared="0" enqueued="0" />
</gc-op>
<gc-end id="4955" type="scavenge" contextid="4951" durationms="5.672" usertimems="17.518" systemtimems="4.096" timestamp="2019-08-08T09:56:24.852" activeThreads="16">
  <mem-info id="4956" free="212587864" total="263585792" percent="80">
    <mem type="nursery" free="208647800" total="236191744" percent="88">
      <mem type="allocate" free="208647800" total="212533248" percent="98" />
      <mem type="survivor" free="0" total="23658496" percent="0" />
    </mem>
    <mem type="tenure" free="3940064" total="27394048" percent="14" macro-fragmented="2160235">
      <mem type="soa" free="3666656" total="27120640" percent="13" />
      <mem type="loa" free="273408" total="273408" percent="100" />
    </mem>
    <remembered-set count="415" />
  </mem-info>
</gc-end>
<cycle-end id="4957" type="scavenge" contextid="4951" timestamp="2019-08-08T09:56:24.855" />
  <attribute name="elasticGC enabled" value="1" />
  <attribute name= "numThreadsSpecified" value="16" />
  <attribute name="heapSize specified" value="263454720" />
  <attribute name="Current GC Util" value="3" />
  <attribute name= "Current Time Running" value="176698" />
  <attribute name ="GC Interval" value="2569" />
  <attribute name="Target GC Util Change" value ="80.000000" />
  <attribute name="Current GC Util Change" value="3.000000"/>
  <attribute name="Current Error" value="312.000000" />
  <attribute name="Output H" value="263661832"/>
  <attribute name="Output I" value="2568"/>
  <attribute name="Output T" value="16"/>
  <attribute name= "Current Time Running" value="176698" />
  <attribute name="GC Util currently" value="3" />
  <attribute name="CPU Util currently" value="2596433820" />
<allocation-satisfied id="4958" threadId="00000000024ED700" bytesRequested="112" />
<af-end id="4959" timestamp="2019-08-08T09:56:24.856" threadId="00000000024EE088" success="true" from="nursery"/>
<exclusive-end id="4960" timestamp="2019-08-08T09:56:24.856" durationms="9.626" />

<exclusive-start id="4961" timestamp="2019-08-08T09:56:25.144" intervalms="297.990">
  <response-info timems="7.699" idlems="7.699" threads="0" lastid="000000000250B600" lastname="Thread-37" />
</exclusive-start>
<af-start id="4962" threadId="000000000250BF88" totalBytesRequested="48" timestamp="2019-08-08T09:56:25.144" intervalms="297.979" type="nursery" />
<cycle-start id="4963" type="scavenge" contextid="0" timestamp="2019-08-08T09:56:25.144" intervalms="297.977" />
<gc-start id="4964" type="scavenge" contextid="4963" timestamp="2019-08-08T09:56:25.144">
  <mem-info id="4965" free="3940064" total="263585792" percent="1">
    <mem type="nursery" free="0" total="236191744" percent="0">
      <mem type="allocate" free="0" total="212533248" percent="0" />
      <mem type="survivor" free="0" total="23658496" percent="0" />
    </mem>
    <mem type="tenure" free="3940064" total="27394048" percent="14">
      <mem type="soa" free="3666656" total="27120640" percent="13" />
      <mem type="loa" free="273408" total="273408" percent="100" />
    </mem>
    <remembered-set count="987" />
  </mem-info>
</gc-start>
<allocation-stats totalBytes="208374496" >
  <allocated-bytes non-tlh="112" tlh="208374384" />
  <largest-consumer threadName="Thread-39" threadId="000000000252D100" bytes="21947560" />
</allocation-stats>
<gc-op id="4966" type="scavenge" timems="4.212" contextid="4963" timestamp="2019-08-08T09:56:25.148">
  <scavenger-info tenureage="14" tenuremask="4000" tiltratio="89" />
  <memory-copied type="nursery" objects="9842" bytes="3861448" bytesdiscarded="262720" />
  <references type="phantom" candidates="11" cleared="0" enqueued="0" />
</gc-op>
<gc-end id="4967" type="scavenge" contextid="4963" durationms="4.555" usertimems="12.904" systemtimems="4.815" timestamp="2019-08-08T09:56:25.149" activeThreads="16">
  <mem-info id="4968" free="212348824" total="263585792" percent="80">
    <mem type="nursery" free="208408760" total="236191744" percent="88">
      <mem type="allocate" free="208408760" total="212533248" percent="98" />
      <mem type="survivor" free="0" total="23658496" percent="0" />
    </mem>
    <mem type="tenure" free="3940064" total="27394048" percent="14" macro-fragmented="2592282">
      <mem type="soa" free="3666656" total="27120640" percent="13" />
      <mem type="loa" free="273408" total="273408" percent="100" />
    </mem>
    <remembered-set count="402" />
  </mem-info>
</gc-end>
<cycle-end id="4969" type="scavenge" contextid="4963" timestamp="2019-08-08T09:56:25.150" />
  <attribute name="elasticGC enabled" value="1" />
  <attribute name= "numThreadsSpecified" value="16" />
  <attribute name="heapSize specified" value="263454720" />
  <attribute name="Current GC Util" value="5" />
  <attribute name= "Current Time Running" value="176996" />
  <attribute name ="GC Interval" value="2705" />
  <attribute name="Target GC Util Change" value ="80.000000" />
  <attribute name="Current GC Util Change" value="5.000000"/>
  <attribute name="Current Error" value="387.000000" />
  <attribute name="Output H" value="263661920"/>
  <attribute name="Output I" value="2704"/>
  <attribute name="Output T" value="16"/>
  <attribute name= "Current Time Running" value="176996" />
  <attribute name="GC Util currently" value="5" />
  <attribute name="CPU Util currently" value="3869176413" />
<allocation-satisfied id="4970" threadId="000000000250B600" bytesRequested="48" />
<af-end id="4971" timestamp="2019-08-08T09:56:25.150" threadId="000000000250BF88" success="true" from="nursery"/>
<exclusive-end id="4972" timestamp="2019-08-08T09:56:25.150" durationms="5.560" />

<exclusive-start id="4973" timestamp="2019-08-08T09:56:25.595" intervalms="451.154">
  <response-info timems="7.612" idlems="7.612" threads="0" lastid="0000000002500200" lastname="Thread-44" />
</exclusive-start>
<af-start id="4974" threadId="0000000002500B88" totalBytesRequested="48" timestamp="2019-08-08T09:56:25.595" intervalms="451.178" type="nursery" />
<cycle-start id="4975" type="scavenge" contextid="0" timestamp="2019-08-08T09:56:25.595" intervalms="451.183" />
<gc-start id="4976" type="scavenge" contextid="4975" timestamp="2019-08-08T09:56:25.595">
  <mem-info id="4977" free="3940064" total="263585792" percent="1">
    <mem type="nursery" free="0" total="236191744" percent="0">
      <mem type="allocate" free="0" total="212533248" percent="0" />
      <mem type="survivor" free="0" total="23658496" percent="0" />
    </mem>
    <mem type="tenure" free="3940064" total="27394048" percent="14">
      <mem type="soa" free="3666656" total="27120640" percent="13" />
      <mem type="loa" free="273408" total="273408" percent="100" />
    </mem>
    <remembered-set count="991" />
  </mem-info>
</gc-start>
<allocation-stats totalBytes="208207016" >
  <allocated-bytes non-tlh="48" tlh="208206968" />
  <largest-consumer threadName="Thread-39" threadId="000000000252D100" bytes="25854016" />
</allocation-stats>
<gc-op id="4978" type="scavenge" timems="12.468" contextid="4975" timestamp="2019-08-08T09:56:25.608">
  <scavenger-info tenureage="14" tenuremask="4000" tiltratio="89" />
  <memory-copied type="nursery" objects="8700" bytes="3357312" bytesdiscarded="9232" />
  <references type="phantom" candidates="10" cleared="0" enqueued="0" />
</gc-op>
<gc-end id="4979" type="scavenge" contextid="4975" durationms="12.946" usertimems="25.697" systemtimems="0.000" timestamp="2019-08-08T09:56:25.608" activeThreads="16">
  <mem-info id="4980" free="213106456" total="263585792" percent="80">
    <mem type="nursery" free="209166392" total="236191744" percent="88">
      <mem type="allocate" free="209166392" total="212533248" percent="98" />
      <mem type="survivor" free="0" total="23658496" percent="0" />
    </mem>
    <mem type="tenure" free="3940064" total="27394048" percent="14" macro-fragmented="2592282">
      <mem type="soa" free="3666656" total="27120640" percent="13" />
      <mem type="loa" free="273408" total="273408" percent="100" />
    </mem>
    <remembered-set count="391" />
  </mem-info>
</gc-end>
<cycle-end id="4981" type="scavenge" contextid="4975" timestamp="2019-08-08T09:56:25.609" />
  <attribute name="elasticGC enabled" value="1" />
  <attribute name= "numThreadsSpecified" value="16" />
  <attribute name="heapSize specified" value="263454720" />
  <attribute name="Current GC Util" value="2" />
  <attribute name= "Current Time Running" value="177448" />
  <attribute name ="GC Interval" value="2841" />
  <attribute name="Target GC Util Change" value ="80.000000" />
  <attribute name="Current GC Util Change" value="2.000000"/>
  <attribute name="Current Error" value="465.000000" />
  <attribute name="Output H" value="263662008"/>
  <attribute name="Output I" value="2840"/>
  <attribute name="Output T" value="16"/>
  <attribute name= "Current Time Running" value="177448" />
  <attribute name="GC Util currently" value="2" />
  <attribute name="CPU Util currently" value="2554990868" />
<allocation-satisfied id="4982" threadId="0000000002500200" bytesRequested="48" />
<af-end id="4983" timestamp="2019-08-08T09:56:25.609" threadId="0000000002500B88" success="true" from="nursery"/>
<exclusive-end id="4984" timestamp="2019-08-08T09:56:25.609" durationms="13.680" />

<exclusive-start id="4985" timestamp="2019-08-08T09:56:25.979" intervalms="384.269">
  <response-info timems="3.492" idlems="3.492" threads="0" lastid="0000000002507A00" lastname="Thread-47" />
</exclusive-start>
<af-start id="4986" threadId="0000000002508388" totalBytesRequested="24" timestamp="2019-08-08T09:56:25.980" intervalms="384.273" type="nursery" />
<cycle-start id="4987" type="scavenge" contextid="0" timestamp="2019-08-08T09:56:25.980" intervalms="384.279" />
<gc-start id="4988" type="scavenge" contextid="4987" timestamp="2019-08-08T09:56:25.980">
  <mem-info id="4989" free="3940064" total="263585792" percent="1">
    <mem type="nursery" free="0" total="236191744" percent="0">
      <mem type="allocate" free="0" total="212533248" percent="0" />
      <mem type="survivor" free="0" total="23658496" percent="0" />
    </mem>
    <mem type="tenure" free="3940064" total="27394048" percent="14">
      <mem type="soa" free="3666656" total="27120640" percent="13" />
      <mem type="loa" free="273408" total="273408" percent="100" />
    </mem>
    <remembered-set count="984" />
  </mem-info>
</gc-start>
<allocation-stats totalBytes="209034760" >
  <allocated-bytes non-tlh="48" tlh="209034712" />
  <largest-consumer threadName="Thread-37" threadId="000000000250B600" bytes="23808720" />
</allocation-stats>
<gc-op id="4990" type="scavenge" timems="8.207" contextid="4987" timestamp="2019-08-08T09:56:25.988">
  <scavenger-info tenureage="14" tenuremask="4000" tiltratio="89" />
  <memory-copied type="nursery" objects="10157" bytes="3962280" bytesdiscarded="590232" />
  <references type="phantom" candidates="6" cleared="0" enqueued="0" />
</gc-op>
<gc-end id="4991" type="scavenge" contextid="4987" durationms="8.600" usertimems="14.274" systemtimems="0.000" timestamp="2019-08-08T09:56:25.988" activeThreads="16">
  <mem-info id="4992" free="211920520" total="263585792" percent="80">
    <mem type="nursery" free="207980456" total="236191744" percent="88">
      <mem type="allocate" free="207980456" total="212533248" percent="97" />
      <mem type="survivor" free="0" total="23658496" percent="0" />
    </mem>
    <mem type="tenure" free="3940064" total="27394048" percent="14" macro-fragmented="1800196">
      <mem type="soa" free="3666656" total="27120640" percent="13" />
      <mem type="loa" free="273408" total="273408" percent="100" />
    </mem>
    <remembered-set count="359" />
  </mem-info>
</gc-end>
<cycle-end id="4993" type="scavenge" contextid="4987" timestamp="2019-08-08T09:56:25.988" />
  <attribute name="elasticGC enabled" value="1" />
  <attribute name= "numThreadsSpecified" value="16" />
  <attribute name="heapSize specified" value="263454720" />
  <attribute name="Current GC Util" value="2" />
  <attribute name= "Current Time Running" value="177832" />
  <attribute name ="GC Interval" value="2153" />
  <attribute name="Target GC Util Change" value ="80.000000" />
  <attribute name="Current GC Util Change" value="2.000000"/>
  <attribute name="Current Error" value="78.000000" />
  <attribute name="Output H" value="263661568"/>
  <attribute name="Output I" value="2152"/>
  <attribute name="Output T" value="16"/>
  <attribute name= "Current Time Running" value="177832" />
  <attribute name="GC Util currently" value="2" />
  <attribute name="CPU Util currently" value="2999990960" />
<allocation-satisfied id="4994" threadId="0000000002507A00" bytesRequested="24" />
<af-end id="4995" timestamp="2019-08-08T09:56:25.988" threadId="0000000002508388" success="true" from="nursery"/>
<exclusive-end id="4996" timestamp="2019-08-08T09:56:25.988" durationms="8.920" />

<exclusive-start id="4997" timestamp="2019-08-08T09:56:26.370" intervalms="390.829">
  <response-info timems="2.337" idlems="2.337" threads="0" lastid="00000000024E5F00" lastname="Thread-50" />
</exclusive-start>
<af-start id="4998" threadId="00000000024E6888" totalBytesRequested="16392" timestamp="2019-08-08T09:56:26.370" intervalms="390.798" type="nursery" />
<cycle-start id="4999" type="scavenge" contextid="0" timestamp="2019-08-08T09:56:26.370" intervalms="390.805" />
<gc-start id="5000" type="scavenge" contextid="4999" timestamp="2019-08-08T09:56:26.371">
  <mem-info id="5001" free="3940064" total="263585792" percent="1">
    <mem type="nursery" free="0" total="236191744" percent="0">
      <mem type="allocate" free="0" total="212533248" percent="0" />
      <mem type="survivor" free="0" total="23658496" percent="0" />
    </mem>
    <mem type="tenure" free="3940064" total="27394048" percent="14">
      <mem type="soa" free="3666656" total="27120640" percent="13" />
      <mem type="loa" free="273408" total="273408" percent="100" />
    </mem>
    <remembered-set count="980" />
  </mem-info>
</gc-start>
<allocation-stats totalBytes="207730320" >
  <allocated-bytes non-tlh="24" tlh="207730296" />
  <largest-consumer threadName="Thread-51" threadId="00000000024ED700" bytes="23171272" />
</allocation-stats>
<gc-op id="5002" type="scavenge" timems="12.112" contextid="4999" timestamp="2019-08-08T09:56:26.383">
  <scavenger-info tenureage="14" tenuremask="4000" tiltratio="89" />
  <memory-copied type="nursery" objects="9590" bytes="3703232" bytesdiscarded="344296" />
  <references type="weak" candidates="1" cleared="0" enqueued="0" />
  <references type="phantom" candidates="5" cleared="0" enqueued="0" />
</gc-op>
<gc-end id="5003" type="scavenge" contextid="4999" durationms="12.684" usertimems="9.670" systemtimems="5.124" timestamp="2019-08-08T09:56:26.383" activeThreads="16">
  <mem-info id="5004" free="212425520" total="263585792" percent="80">
    <mem type="nursery" free="208485456" total="236191744" percent="88">
      <mem type="allocate" free="208485456" total="212533248" percent="98" />
      <mem type="survivor" free="0" total="23658496" percent="0" />
    </mem>
    <mem type="tenure" free="3940064" total="27394048" percent="14" macro-fragmented="2592282">
      <mem type="soa" free="3666656" total="27120640" percent="13" />
      <mem type="loa" free="273408" total="273408" percent="100" />
    </mem>
    <remembered-set count="395" />
  </mem-info>
</gc-end>
<cycle-end id="5005" type="scavenge" contextid="4999" timestamp="2019-08-08T09:56:26.384" />
  <attribute name="elasticGC enabled" value="1" />
  <attribute name= "numThreadsSpecified" value="16" />
  <attribute name="heapSize specified" value="263454720" />
  <attribute name="Current GC Util" value="2" />
  <attribute name= "Current Time Running" value="178223" />
  <attribute name ="GC Interval" value="2289" />
  <attribute name="Target GC Util Change" value ="80.000000" />
  <attribute name="Current GC Util Change" value="2.000000"/>
  <attribute name="Current Error" value="156.000000" />
  <attribute name="Output H" value="263661656"/>
  <attribute name="Output I" value="2288"/>
  <attribute name="Output T" value="16"/>
  <attribute name= "Current Time Running" value="178223" />
  <attribute name="GC Util currently" value="2" />
  <attribute name="CPU Util currently" value="2950315305" />
<allocation-satisfied id="5006" threadId="00000000024E5F00" bytesRequested="16392" />
<af-end id="5007" timestamp="2019-08-08T09:56:26.384" threadId="00000000024E6888" success="true" from="nursery"/>
<exclusive-end id="5008" timestamp="2019-08-08T09:56:26.384" durationms="13.385" />

<exclusive-start id="5009" timestamp="2019-08-08T09:56:26.592" intervalms="221.831">
  <response-info timems="0.972" idlems="0.972" threads="0" lastid="00000000024E5F00" lastname="Thread-50" />
</exclusive-start>
<af-start id="5010" threadId="00000000024E6888" totalBytesRequested="48" timestamp="2019-08-08T09:56:26.592" intervalms="221.833" type="nursery" />
<cycle-start id="5011" type="scavenge" contextid="0" timestamp="2019-08-08T09:56:26.592" intervalms="221.811" />
<gc-start id="5012" type="scavenge" contextid="5011" timestamp="2019-08-08T09:56:26.592">
  <mem-info id="5013" free="3940064" total="263585792" percent="1">
    <mem type="nursery" free="0" total="236191744" percent="0">
      <mem type="allocate" free="0" total="212533248" percent="0" />
      <mem type="survivor" free="0" total="23658496" percent="0" />
    </mem>
    <mem type="tenure" free="3940064" total="27394048" percent="14">
      <mem type="soa" free="3666656" total="27120640" percent="13" />
      <mem type="loa" free="273408" total="273408" percent="100" />
    </mem>
    <remembered-set count="983" />
  </mem-info>
</gc-start>
<allocation-stats totalBytes="208350136" >
  <allocated-bytes non-tlh="16392" tlh="208333744" />
  <largest-consumer threadName="Thread-46" threadId="000000000250F200" bytes="29198808" />
</allocation-stats>
<gc-op id="5014" type="scavenge" timems="8.276" contextid="5011" timestamp="2019-08-08T09:56:26.601">
  <scavenger-info tenureage="14" tenuremask="4000" tiltratio="89" />
  <memory-copied type="nursery" objects="10018" bytes="3892704" bytesdiscarded="421240" />
  <references type="weak" candidates="1" cleared="0" enqueued="0" />
  <references type="phantom" candidates="7" cleared="0" enqueued="0" />
</gc-op>
<gc-end id="5015" type="scavenge" contextid="5011" durationms="8.459" usertimems="15.928" systemtimems="2.585" timestamp="2019-08-08T09:56:26.601" activeThreads="16">
  <mem-info id="5016" free="212159096" total="263585792" percent="80">
    <mem type="nursery" free="208219032" total="236191744" percent="88">
      <mem type="allocate" free="208219032" total="212533248" percent="97" />
      <mem type="survivor" free="0" total="23658496" percent="0" />
    </mem>
    <mem type="tenure" free="3940064" total="27394048" percent="14" macro-fragmented="2160235">
      <mem type="soa" free="3666656" total="27120640" percent="13" />
      <mem type="loa" free="273408" total="273408" percent="100" />
    </mem>
    <remembered-set count="390" />
  </mem-info>
</gc-end>
<cycle-end id="5017" type="scavenge" contextid="5011" timestamp="2019-08-08T09:56:26.601" />
  <attribute name="elasticGC enabled" value="1" />
  <attribute name= "numThreadsSpecified" value="16" />
  <attribute name="heapSize specified" value="263454720" />
  <attribute name="Current GC Util" value="6" />
  <attribute name= "Current Time Running" value="178444" />
  <attribute name ="GC Interval" value="2425" />
  <attribute name="Target GC Util Change" value ="80.000000" />
  <attribute name="Current GC Util Change" value="6.000000"/>
  <attribute name="Current Error" value="230.000000" />
  <attribute name="Output H" value="263661744"/>
  <attribute name="Output I" value="2424"/>
  <attribute name="Output T" value="16"/>
  <attribute name= "Current Time Running" value="178444" />
  <attribute name="GC Util currently" value="6" />
  <attribute name="CPU Util currently" value="5199938906" />
<allocation-satisfied id="5018" threadId="00000000024E5F00" bytesRequested="48" />
<af-end id="5019" timestamp="2019-08-08T09:56:26.601" threadId="00000000024E6888" success="true" from="nursery"/>
<exclusive-end id="5020" timestamp="2019-08-08T09:56:26.602" durationms="9.424" />

<exclusive-start id="5021" timestamp="2019-08-08T09:56:26.837" intervalms="244.693">
  <response-info timems="0.260" idlems="0.260" threads="0" lastid="00000000024E2300" lastname="Thread-45" />
</exclusive-start>
<af-start id="5022" threadId="00000000024E2C88" totalBytesRequested="2056" timestamp="2019-08-08T09:56:26.837" intervalms="244.693" type="nursery" />
<cycle-start id="5023" type="scavenge" contextid="0" timestamp="2019-08-08T09:56:26.837" intervalms="244.694" />
<gc-start id="5024" type="scavenge" contextid="5023" timestamp="2019-08-08T09:56:26.837">
  <mem-info id="5025" free="3940064" total="263585792" percent="1">
    <mem type="nursery" free="0" total="236191744" percent="0">
      <mem type="allocate" free="0" total="212533248" percent="0" />
      <mem type="survivor" free="0" total="23658496" percent="0" />
    </mem>
    <mem type="tenure" free="3940064" total="27394048" percent="14">
      <mem type="soa" free="3666656" total="27120640" percent="13" />
      <mem type="loa" free="273408" total="273408" percent="100" />
    </mem>
    <remembered-set count="994" />
  </mem-info>
</gc-start>
<allocation-stats totalBytes="207946896" >
  <allocated-bytes non-tlh="48" tlh="207946848" />
  <largest-consumer threadName="Thread-49" threadId="0000000002516A00" bytes="31872648" />
</allocation-stats>
<gc-op id="5026" type="scavenge" timems="3.738" contextid="5023" timestamp="2019-08-08T09:56:26.841">
  <scavenger-info tenureage="14" tenuremask="4000" tiltratio="89" />
  <memory-copied type="nursery" objects="10078" bytes="3887384" bytesdiscarded="436264" />
  <references type="phantom" candidates="6" cleared="0" enqueued="0" />
</gc-op>
<gc-end id="5027" type="scavenge" contextid="5023" durationms="4.083" usertimems="11.419" systemtimems="2.594" timestamp="2019-08-08T09:56:26.841" activeThreads="16">
  <mem-info id="5028" free="212149384" total="263585792" percent="80">
    <mem type="nursery" free="208209320" total="236191744" percent="88">
      <mem type="allocate" free="208209320" total="212533248" percent="97" />
      <mem type="survivor" free="0" total="23658496" percent="0" />
    </mem>
    <mem type="tenure" free="3940064" total="27394048" percent="14" macro-fragmented="1500163">
      <mem type="soa" free="3666656" total="27120640" percent="13" />
      <mem type="loa" free="273408" total="273408" percent="100" />
    </mem>
    <remembered-set count="412" />
  </mem-info>
</gc-end>
<cycle-end id="5029" type="scavenge" contextid="5023" timestamp="2019-08-08T09:56:26.841" />
  <attribute name="elasticGC enabled" value="1" />
  <attribute name= "numThreadsSpecified" value="16" />
  <attribute name="heapSize specified" value="263454720" />
  <attribute name="Current GC Util" value="4" />
  <attribute name= "Current Time Running" value="178689" />
  <attribute name ="GC Interval" value="2561" />
  <attribute name="Target GC Util Change" value ="80.000000" />
  <attribute name="Current GC Util Change" value="4.000000"/>
  <attribute name="Current Error" value="306.000000" />
  <attribute name="Output H" value="263661832"/>
  <attribute name="Output I" value="2560"/>
  <attribute name="Output T" value="16"/>
  <attribute name= "Current Time Running" value="178689" />
  <attribute name="GC Util currently" value="4" />
  <attribute name="CPU Util currently" value="4710259908" />
<allocation-satisfied id="5030" threadId="00000000024E2300" bytesRequested="2056" />
<af-end id="5031" timestamp="2019-08-08T09:56:26.842" threadId="00000000024E2C88" success="true" from="nursery"/>
<exclusive-end id="5032" timestamp="2019-08-08T09:56:26.842" durationms="4.767" />

<exclusive-start id="5033" timestamp="2019-08-08T09:56:27.034" intervalms="197.482">
  <response-info timems="0.649" idlems="0.649" threads="0" lastid="00000000024E2300" lastname="Thread-45" />
</exclusive-start>
<af-start id="5034" threadId="00000000024E2C88" totalBytesRequested="16392" timestamp="2019-08-08T09:56:27.034" intervalms="197.536" type="nursery" />
<cycle-start id="5035" type="scavenge" contextid="0" timestamp="2019-08-08T09:56:27.034" intervalms="197.613" />
<gc-start id="5036" type="scavenge" contextid="5035" timestamp="2019-08-08T09:56:27.035">
  <mem-info id="5037" free="3940064" total="263585792" percent="1">
    <mem type="nursery" free="0" total="236191744" percent="0">
      <mem type="allocate" free="0" total="212533248" percent="0" />
      <mem type="survivor" free="0" total="23658496" percent="0" />
    </mem>
    <mem type="tenure" free="3940064" total="27394048" percent="14">
      <mem type="soa" free="3666656" total="27120640" percent="13" />
      <mem type="loa" free="273408" total="273408" percent="100" />
    </mem>
    <remembered-set count="991" />
  </mem-info>
</gc-start>
<allocation-stats totalBytes="208030952" >
  <allocated-bytes non-tlh="2056" tlh="208028896" />
  <largest-consumer threadName="Thread-49" threadId="0000000002516A00" bytes="24896432" />
</allocation-stats>
<gc-op id="5038" type="scavenge" timems="2.844" contextid="5035" timestamp="2019-08-08T09:56:27.039">
  <scavenger-info tenureage="14" tenuremask="4000" tiltratio="89" />
  <memory-copied type="nursery" objects="9081" bytes="3605568" bytesdiscarded="292008" />
  <references type="weak" candidates="1" cleared="0" enqueued="0" />
  <references type="phantom" candidates="5" cleared="0" enqueued="0" />
</gc-op>
<gc-end id="5039" type="scavenge" contextid="5035" durationms="4.416" usertimems="11.353" systemtimems="3.706" timestamp="2019-08-08T09:56:27.039" activeThreads="16">
  <mem-info id="5040" free="212575480" total="263585792" percent="80">
    <mem type="nursery" free="208635416" total="236191744" percent="88">
      <mem type="allocate" free="208635416" total="212533248" percent="98" />
      <mem type="survivor" free="0" total="23658496" percent="0" />
    </mem>
    <mem type="tenure" free="3940064" total="27394048" percent="14" macro-fragmented="2160235">
      <mem type="soa" free="3666656" total="27120640" percent="13" />
      <mem type="loa" free="273408" total="273408" percent="100" />
    </mem>
    <remembered-set count="390" />
  </mem-info>
</gc-end>
<cycle-end id="5041" type="scavenge" contextid="5035" timestamp="2019-08-08T09:56:27.040" />
  <attribute name="elasticGC enabled" value="1" />
  <attribute name= "numThreadsSpecified" value="16" />
  <attribute name="heapSize specified" value="263454720" />
  <attribute name="Current GC Util" value="5" />
  <attribute name= "Current Time Running" value="178888" />
  <attribute name ="GC Interval" value="2689" />
  <attribute name="Target GC Util Change" value ="80.000000" />
  <attribute name="Current GC Util Change" value="5.000000"/>
  <attribute name="Current Error" value="381.000000" />
  <attribute name="Output H" value="263661912"/>
  <attribute name="Output I" value="2688"/>
  <attribute name="Output T" value="16"/>
  <attribute name= "Current Time Running" value="178888" />
  <attribute name="GC Util currently" value="5" />
  <attribute name="CPU Util currently" value="5798940150" />
<allocation-satisfied id="5042" threadId="00000000024E2300" bytesRequested="16392" />
<af-end id="5043" timestamp="2019-08-08T09:56:27.040" threadId="00000000024E2C88" success="true" from="nursery"/>
<exclusive-end id="5044" timestamp="2019-08-08T09:56:27.040" durationms="5.418" />

<exclusive-start id="5045" timestamp="2019-08-08T09:56:27.233" intervalms="198.831">
  <response-info timems="1.850" idlems="1.684" threads="3" lastid="00000000024ED700" lastname="Thread-51" />
</exclusive-start>
<af-start id="5046" threadId="0000000002531688" totalBytesRequested="8200" timestamp="2019-08-08T09:56:27.235" intervalms="200.548" type="nursery" />
<cycle-start id="5047" type="scavenge" contextid="0" timestamp="2019-08-08T09:56:27.235" intervalms="200.494" />
<gc-start id="5048" type="scavenge" contextid="5047" timestamp="2019-08-08T09:56:27.235">
  <mem-info id="5049" free="3940064" total="263585792" percent="1">
    <mem type="nursery" free="0" total="236191744" percent="0">
      <mem type="allocate" free="0" total="212533248" percent="0" />
      <mem type="survivor" free="0" total="23658496" percent="0" />
    </mem>
    <mem type="tenure" free="3940064" total="27394048" percent="14">
      <mem type="soa" free="3666656" total="27120640" percent="13" />
      <mem type="loa" free="273408" total="273408" percent="100" />
    </mem>
    <remembered-set count="998" />
  </mem-info>
</gc-start>
<allocation-stats totalBytes="208431408" >
  <allocated-bytes non-tlh="16392" tlh="208415016" />
  <largest-consumer threadName="Thread-50" threadId="00000000024E5F00" bytes="21469608" />
</allocation-stats>
<gc-op id="5050" type="scavenge" timems="4.471" contextid="5047" timestamp="2019-08-08T09:56:27.240">
  <scavenger-info tenureage="14" tenuremask="4000" tiltratio="89" />
  <memory-copied type="nursery" objects="8961" bytes="3647648" bytesdiscarded="479016" />
  <references type="phantom" candidates="12" cleared="0" enqueued="0" />
</gc-op>
<gc-end id="5051" type="scavenge" contextid="5047" durationms="6.552" usertimems="11.016" systemtimems="4.468" timestamp="2019-08-08T09:56:27.242" activeThreads="16">
  <mem-info id="5052" free="212346320" total="263585792" percent="80">
    <mem type="nursery" free="208406256" total="236191744" percent="88">
      <mem type="allocate" free="208406256" total="212533248" percent="98" />
      <mem type="survivor" free="0" total="23658496" percent="0" />
    </mem>
    <mem type="tenure" free="3940064" total="27394048" percent="14" macro-fragmented="2592282">
      <mem type="soa" free="3666656" total="27120640" percent="13" />
      <mem type="loa" free="273408" total="273408" percent="100" />
    </mem>
    <remembered-set count="406" />
  </mem-info>
</gc-end>
<cycle-end id="5053" type="scavenge" contextid="5047" timestamp="2019-08-08T09:56:27.242" />
  <attribute name="elasticGC enabled" value="1" />
  <attribute name= "numThreadsSpecified" value="16" />
  <attribute name="heapSize specified" value="263454720" />
  <attribute name="Current GC Util" value="5" />
  <attribute name= "Current Time Running" value="179087" />
  <attribute name ="GC Interval" value="2825" />
  <attribute name="Target GC Util Change" value ="80.000000" />
  <attribute name="Current GC Util Change" value="5.000000"/>
  <attribute name="Current Error" value="456.000000" />
  <attribute name="Output H" value="263662000"/>
  <attribute name="Output I" value="2824"/>
  <attribute name="Output T" value="16"/>
  <attribute name= "Current Time Running" value="179087" />
  <attribute name="GC Util currently" value="5" />
  <attribute name="CPU Util currently" value="5786791998" />
<allocation-satisfied id="5054" threadId="0000000002530D00" bytesRequested="8200" />
<af-end id="5055" timestamp="2019-08-08T09:56:27.242" threadId="0000000002531688" success="true" from="nursery"/>
<exclusive-end id="5056" timestamp="2019-08-08T09:56:27.242" durationms="8.611" />

<exclusive-start id="5057" timestamp="2019-08-08T09:56:27.502" intervalms="268.702">
  <response-info timems="0.289" idlems="0.103" threads="7" lastid="000000000250F200" lastname="Thread-46" />
</exclusive-start>
<af-start id="5058" threadId="00000000024EA488" totalBytesRequested="136" timestamp="2019-08-08T09:56:27.502" intervalms="266.939" type="nursery" />
<cycle-start id="5059" type="scavenge" contextid="0" timestamp="2019-08-08T09:56:27.502" intervalms="266.925" />
<gc-start id="5060" type="scavenge" contextid="5059" timestamp="2019-08-08T09:56:27.502">
  <mem-info id="5061" free="3940064" total="263585792" percent="1">
    <mem type="nursery" free="0" total="236191744" percent="0">
      <mem type="allocate" free="0" total="212533248" percent="0" />
      <mem type="survivor" free="0" total="23658496" percent="0" />
    </mem>
    <mem type="tenure" free="3940064" total="27394048" percent="14">
      <mem type="soa" free="3666656" total="27120640" percent="13" />
      <mem type="loa" free="273408" total="273408" percent="100" />
    </mem>
    <remembered-set count="1007" />
  </mem-info>
</gc-start>
<allocation-stats totalBytes="208237816" >
  <allocated-bytes non-tlh="8200" tlh="208229616" />
  <largest-consumer threadName="Thread-43" threadId="0000000002525900" bytes="20222504" />
</allocation-stats>
<gc-op id="5062" type="scavenge" timems="2.566" contextid="5059" timestamp="2019-08-08T09:56:27.505">
  <scavenger-info tenureage="14" tenuremask="4000" tiltratio="89" />
  <memory-copied type="nursery" objects="10521" bytes="3994192" bytesdiscarded="587120" />
  <references type="phantom" candidates="5" cleared="0" enqueued="0" />
</gc-op>
<gc-end id="5063" type="scavenge" contextid="5059" durationms="2.841" usertimems="5.368" systemtimems="1.628" timestamp="2019-08-08T09:56:27.505" activeThreads="16">
  <mem-info id="5064" free="211891728" total="263585792" percent="80">
    <mem type="nursery" free="207951664" total="236191744" percent="88">
      <mem type="allocate" free="207951664" total="212533248" percent="97" />
      <mem type="survivor" free="0" total="23658496" percent="0" />
    </mem>
    <mem type="tenure" free="3940064" total="27394048" percent="14" macro-fragmented="1500163">
      <mem type="soa" free="3666656" total="27120640" percent="13" />
      <mem type="loa" free="273408" total="273408" percent="100" />
    </mem>
    <remembered-set count="424" />
  </mem-info>
</gc-end>
<cycle-end id="5065" type="scavenge" contextid="5059" timestamp="2019-08-08T09:56:27.505" />
  <attribute name="elasticGC enabled" value="1" />
  <attribute name= "numThreadsSpecified" value="16" />
  <attribute name="heapSize specified" value="263454720" />
  <attribute name="Current GC Util" value="3" />
  <attribute name= "Current Time Running" value="179354" />
  <attribute name ="GC Interval" value="2153" />
  <attribute name="Target GC Util Change" value ="80.000000" />
  <attribute name="Current GC Util Change" value="3.000000"/>
  <attribute name="Current Error" value="77.000000" />
  <attribute name="Output H" value="263661560"/>
  <attribute name="Output I" value="2152"/>
  <attribute name="Output T" value="16"/>
  <attribute name= "Current Time Running" value="179354" />
  <attribute name="GC Util currently" value="3" />
  <attribute name="CPU Util currently" value="4318369109" />
<allocation-satisfied id="5066" threadId="00000000024E9B00" bytesRequested="136" />
<af-end id="5067" timestamp="2019-08-08T09:56:27.505" threadId="00000000024EA488" success="true" from="nursery"/>
<exclusive-end id="5068" timestamp="2019-08-08T09:56:27.505" durationms="3.433" />

<exclusive-start id="5069" timestamp="2019-08-08T09:56:27.698" intervalms="196.100">
  <response-info timems="1.987" idlems="1.025" threads="1" lastid="00000000024E9B00" lastname="Thread-48" />
</exclusive-start>
<af-start id="5070" threadId="0000000002500B88" totalBytesRequested="48" timestamp="2019-08-08T09:56:27.698" intervalms="196.117" type="nursery" />
<cycle-start id="5071" type="scavenge" contextid="0" timestamp="2019-08-08T09:56:27.698" intervalms="196.124" />
<gc-start id="5072" type="scavenge" contextid="5071" timestamp="2019-08-08T09:56:27.698">
  <mem-info id="5073" free="3940064" total="263585792" percent="1">
    <mem type="nursery" free="0" total="236191744" percent="0">
      <mem type="allocate" free="0" total="212533248" percent="0" />
      <mem type="survivor" free="0" total="23658496" percent="0" />
    </mem>
    <mem type="tenure" free="3940064" total="27394048" percent="14">
      <mem type="soa" free="3666656" total="27120640" percent="13" />
      <mem type="loa" free="273408" total="273408" percent="100" />
    </mem>
    <remembered-set count="995" />
  </mem-info>
</gc-start>
<allocation-stats totalBytes="207721600" >
  <allocated-bytes non-tlh="136" tlh="207721464" />
  <largest-consumer threadName="Thread-51" threadId="00000000024ED700" bytes="28049776" />
</allocation-stats>
<gc-op id="5074" type="scavenge" timems="2.615" contextid="5071" timestamp="2019-08-08T09:56:27.701">
  <scavenger-info tenureage="14" tenuremask="4000" tiltratio="89" />
  <memory-copied type="nursery" objects="10155" bytes="3899696" bytesdiscarded="259648" />
  <memory-copied type="tenure" objects="169" bytes="9696" bytesdiscarded="0" />
  <references type="phantom" candidates="5" cleared="0" enqueued="0" />
</gc-op>
<gc-end id="5075" type="scavenge" contextid="5071" durationms="3.102" usertimems="5.491" systemtimems="1.333" timestamp="2019-08-08T09:56:27.701" activeThreads="16">
  <mem-info id="5076" free="212297560" total="263585792" percent="80">
    <mem type="nursery" free="208373624" total="236191744" percent="88">
      <mem type="allocate" free="208373624" total="212533248" percent="98" />
      <mem type="survivor" free="0" total="23658496" percent="0" />
    </mem>
    <mem type="tenure" free="3923936" total="27394048" percent="14" macro-fragmented="0">
      <mem type="soa" free="3650528" total="27120640" percent="13" />
      <mem type="loa" free="273408" total="273408" percent="100" />
    </mem>
    <remembered-set count="399" />
  </mem-info>
</gc-end>
<cycle-end id="5077" type="scavenge" contextid="5071" timestamp="2019-08-08T09:56:27.701" />
  <attribute name="elasticGC enabled" value="1" />
  <attribute name= "numThreadsSpecified" value="16" />
  <attribute name="heapSize specified" value="263454720" />
  <attribute name="Current GC Util" value="3" />
  <attribute name= "Current Time Running" value="179550" />
  <attribute name ="GC Interval" value="2289" />
  <attribute name="Target GC Util Change" value ="80.000000" />
  <attribute name="Current GC Util Change" value="3.000000"/>
  <attribute name="Current Error" value="154.000000" />
  <attribute name="Output H" value="263661656"/>
  <attribute name="Output I" value="2288"/>
  <attribute name="Output T" value="16"/>
  <attribute name= "Current Time Running" value="179550" />
  <attribute name="GC Util currently" value="3" />
  <attribute name="CPU Util currently" value="5879118441" />
<allocation-satisfied id="5078" threadId="0000000002500200" bytesRequested="48" />
<af-end id="5079" timestamp="2019-08-08T09:56:27.701" threadId="0000000002500B88" success="true" from="nursery"/>
<exclusive-end id="5080" timestamp="2019-08-08T09:56:27.701" durationms="3.432" />

<exclusive-start id="5081" timestamp="2019-08-08T09:56:28.157" intervalms="459.275">
  <response-info timems="36.157" idlems="36.157" threads="0" lastid="000000000250F200" lastname="Thread-46" />
</exclusive-start>
<af-start id="5082" threadId="000000000250FB88" totalBytesRequested="16392" timestamp="2019-08-08T09:56:28.163" intervalms="464.562" type="nursery" />
<cycle-start id="5083" type="scavenge" contextid="0" timestamp="2019-08-08T09:56:28.163" intervalms="464.558" />
<gc-start id="5084" type="scavenge" contextid="5083" timestamp="2019-08-08T09:56:28.163">
  <mem-info id="5085" free="3923936" total="263585792" percent="1">
    <mem type="nursery" free="0" total="236191744" percent="0">
      <mem type="allocate" free="0" total="212533248" percent="0" />
      <mem type="survivor" free="0" total="23658496" percent="0" />
    </mem>
    <mem type="tenure" free="3923936" total="27394048" percent="14">
      <mem type="soa" free="3650528" total="27120640" percent="13" />
      <mem type="loa" free="273408" total="273408" percent="100" />
    </mem>
    <remembered-set count="971" />
  </mem-info>
</gc-start>
<allocation-stats totalBytes="208207248" >
  <allocated-bytes non-tlh="48" tlh="208207200" />
  <largest-consumer threadName="Thread-41" threadId="00000000024F1300" bytes="23580016" />
</allocation-stats>
<gc-op id="5086" type="scavenge" timems="109.085" contextid="5083" timestamp="2019-08-08T09:56:28.272">
  <scavenger-info tenureage="14" tenuremask="4000" tiltratio="89" />
  <memory-copied type="nursery" objects="9430" bytes="3869320" bytesdiscarded="189896" />
  <memory-copied type="tenure" objects="52" bytes="3680" bytesdiscarded="0" />
</gc-op>
<heap-resize id="5087" type="expand" space="nursery" amount="22020096" count="1" timems="0.256" reason="excessive time being spent scavenging" timestamp="2019-08-08T09:56:28.272" />
<gc-end id="5088" type="scavenge" contextid="5083" durationms="109.563" usertimems="111.995" systemtimems="86.568" timestamp="2019-08-08T09:56:28.272" activeThreads="16">
  <mem-info id="5089" free="232173456" total="285605888" percent="81">
    <mem type="nursery" free="228265648" total="258211840" percent="88">
      <mem type="allocate" free="228265648" total="232325120" percent="98" />
      <mem type="survivor" free="0" total="25886720" percent="0" />
    </mem>
    <mem type="tenure" free="3907808" total="27394048" percent="14" macro-fragmented="2160235">
      <mem type="soa" free="3634400" total="27120640" percent="13" />
      <mem type="loa" free="273408" total="273408" percent="100" />
    </mem>
    <remembered-set count="339" />
  </mem-info>
</gc-end>
<cycle-end id="5090" type="scavenge" contextid="5083" timestamp="2019-08-08T09:56:28.272" />
  <attribute name="elasticGC enabled" value="1" />
  <attribute name= "numThreadsSpecified" value="16" />
  <attribute name="heapSize specified" value="263454720" />
  <attribute name="Current GC Util" value="1" />
  <attribute name= "Current Time Running" value="180015" />
  <attribute name ="GC Interval" value="2425" />
  <attribute name="Target GC Util Change" value ="80.000000" />
  <attribute name="Current GC Util Change" value="1.000000"/>
  <attribute name="Current Error" value="233.000000" />
  <attribute name="Output H" value="263661744"/>
  <attribute name="Output I" value="2424"/>
  <attribute name="Output T" value="16"/>
  <attribute name= "Current Time Running" value="180015" />
  <attribute name="GC Util currently" value="1" />
  <attribute name="CPU Util currently" value="2481949474" />
<allocation-satisfied id="5091" threadId="000000000250F200" bytesRequested="16392" />
<af-end id="5092" timestamp="2019-08-08T09:56:28.272" threadId="000000000250FB88" success="true" from="nursery"/>
<exclusive-end id="5093" timestamp="2019-08-08T09:56:28.272" durationms="115.145" />

<exclusive-start id="5094" timestamp="2019-08-08T09:56:28.441" intervalms="284.086">
  <response-info timems="2.484" idlems="1.255" threads="1" lastid="000000000252D100" lastname="Thread-39" />
</exclusive-start>
<af-start id="5095" threadId="00000000024EA488" totalBytesRequested="32776" timestamp="2019-08-08T09:56:28.441" intervalms="278.772" type="nursery" />
<cycle-start id="5096" type="scavenge" contextid="0" timestamp="2019-08-08T09:56:28.441" intervalms="278.765" />
<gc-start id="5097" type="scavenge" contextid="5096" timestamp="2019-08-08T09:56:28.441">
  <mem-info id="5098" free="3907808" total="285605888" percent="1">
    <mem type="nursery" free="0" total="258211840" percent="0">
      <mem type="allocate" free="0" total="232325120" percent="0" />
      <mem type="survivor" free="0" total="25886720" percent="0" />
    </mem>
    <mem type="tenure" free="3907808" total="27394048" percent="14">
      <mem type="soa" free="3634400" total="27120640" percent="13" />
      <mem type="loa" free="273408" total="273408" percent="100" />
    </mem>
    <remembered-set count="967" />
  </mem-info>
</gc-start>
<allocation-stats totalBytes="228008224" >
  <allocated-bytes non-tlh="49168" tlh="227959056" />
  <largest-consumer threadName="Thread-37" threadId="000000000250B600" bytes="26848808" />
</allocation-stats>
<gc-op id="5099" type="scavenge" timems="4.117" contextid="5096" timestamp="2019-08-08T09:56:28.446">
  <scavenger-info tenureage="14" tenuremask="4000" tiltratio="89" />
  <memory-copied type="nursery" objects="9347" bytes="3734640" bytesdiscarded="642504" />
  <memory-copied type="tenure" objects="24" bytes="1360" bytesdiscarded="0" />
  <references type="phantom" candidates="3" cleared="0" enqueued="0" />
</gc-op>
<gc-end id="5100" type="scavenge" contextid="5096" durationms="4.652" usertimems="13.098" systemtimems="2.574" timestamp="2019-08-08T09:56:28.446" activeThreads="16">
  <mem-info id="5101" free="231904912" total="285605888" percent="81">
    <mem type="nursery" free="228013232" total="258211840" percent="88">
      <mem type="allocate" free="228013232" total="232390656" percent="98" />
      <mem type="survivor" free="0" total="25821184" percent="0" />
    </mem>
    <mem type="tenure" free="3891680" total="27394048" percent="14" macro-fragmented="2592282">
      <mem type="soa" free="3618272" total="27120640" percent="13" />
      <mem type="loa" free="273408" total="273408" percent="100" />
    </mem>
    <remembered-set count="373" />
  </mem-info>
</gc-end>
<cycle-end id="5102" type="scavenge" contextid="5096" timestamp="2019-08-08T09:56:28.446" />
  <attribute name="elasticGC enabled" value="1" />
  <attribute name= "numThreadsSpecified" value="16" />
  <attribute name="heapSize specified" value="263454720" />
  <attribute name="Current GC Util" value="44" />
  <attribute name= "Current Time Running" value="180294" />
  <attribute name ="GC Interval" value="2489" />
  <attribute name="Target GC Util Change" value ="80.000000" />
  <attribute name="Current GC Util Change" value="44.000000"/>
  <attribute name="Current Error" value="269.000000" />
  <attribute name="Output H" value="285681880"/>
  <attribute name="Output I" value="2488"/>
  <attribute name="Output T" value="16"/>
  <attribute name= "Current Time Running" value="180294" />
  <attribute name="GC Util currently" value="44" />
  <attribute name="CPU Util currently" value="4134334342" />
<allocation-satisfied id="5103" threadId="00000000024E9B00" bytesRequested="32776" />
<af-end id="5104" timestamp="2019-08-08T09:56:28.446" threadId="00000000024EA488" success="true" from="nursery"/>
<exclusive-end id="5105" timestamp="2019-08-08T09:56:28.446" durationms="4.972" />

<exclusive-start id="5106" timestamp="2019-08-08T09:56:28.622" intervalms="181.039">
  <response-info timems="1.206" idlems="1.206" threads="0" lastid="000000000250F200" lastname="Thread-46" />
</exclusive-start>
<af-start id="5107" threadId="000000000250FB88" totalBytesRequested="8200" timestamp="2019-08-08T09:56:28.622" intervalms="181.066" type="nursery" />
<cycle-start id="5108" type="scavenge" contextid="0" timestamp="2019-08-08T09:56:28.622" intervalms="181.064" />
<gc-start id="5109" type="scavenge" contextid="5108" timestamp="2019-08-08T09:56:28.622">
  <mem-info id="5110" free="3891680" total="285605888" percent="1">
    <mem type="nursery" free="0" total="258211840" percent="0">
      <mem type="allocate" free="0" total="232390656" percent="0" />
      <mem type="survivor" free="0" total="25821184" percent="0" />
    </mem>
    <mem type="tenure" free="3891680" total="27394048" percent="14">
      <mem type="soa" free="3618272" total="27120640" percent="13" />
      <mem type="loa" free="273408" total="273408" percent="100" />
    </mem>
    <remembered-set count="955" />
  </mem-info>
</gc-start>
<allocation-stats totalBytes="227868552" >
  <allocated-bytes non-tlh="32776" tlh="227835776" />
  <largest-consumer threadName="Thread-46" threadId="000000000250F200" bytes="28972968" />
</allocation-stats>
<gc-op id="5111" type="scavenge" timems="8.789" contextid="5108" timestamp="2019-08-08T09:56:28.631">
  <scavenger-info tenureage="14" tenuremask="4000" tiltratio="90" />
  <memory-copied type="nursery" objects="10665" bytes="4201568" bytesdiscarded="722752" />
  <memory-copied type="tenure" objects="10" bytes="1040" bytesdiscarded="0" />
  <references type="phantom" candidates="2" cleared="0" enqueued="0" />
</gc-op>
<gc-end id="5112" type="scavenge" contextid="5108" durationms="9.361" usertimems="15.231" systemtimems="10.082" timestamp="2019-08-08T09:56:28.632" activeThreads="16">
  <mem-info id="5113" free="231357744" total="285605888" percent="81">
    <mem type="nursery" free="227466064" total="258211840" percent="88">
      <mem type="allocate" free="227466064" total="232390656" percent="97" />
      <mem type="survivor" free="0" total="25821184" percent="0" />
    </mem>
    <mem type="tenure" free="3891680" total="27394048" percent="14" macro-fragmented="1800196">
      <mem type="soa" free="3618272" total="27120640" percent="13" />
      <mem type="loa" free="273408" total="273408" percent="100" />
    </mem>
    <remembered-set count="381" />
  </mem-info>
</gc-end>
<cycle-end id="5114" type="scavenge" contextid="5108" timestamp="2019-08-08T09:56:28.632" />
  <attribute name="elasticGC enabled" value="1" />
  <attribute name= "numThreadsSpecified" value="16" />
  <attribute name="heapSize specified" value="263454720" />
  <attribute name="Current GC Util" value="7" />
  <attribute name= "Current Time Running" value="180475" />
  <attribute name ="GC Interval" value="2625" />
  <attribute name="Target GC Util Change" value ="80.000000" />
  <attribute name="Current GC Util Change" value="7.000000"/>
  <attribute name="Current Error" value="342.000000" />
  <attribute name="Output H" value="285681968"/>
  <attribute name="Output I" value="2624"/>
  <attribute name="Output T" value="16"/>
  <attribute name= "Current Time Running" value="180475" />
  <attribute name="GC Util currently" value="7" />
  <attribute name="CPU Util currently" value="6369836931" />
<allocation-satisfied id="5115" threadId="000000000250F200" bytesRequested="8200" />
<af-end id="5116" timestamp="2019-08-08T09:56:28.632" threadId="000000000250FB88" success="true" from="nursery"/>
<exclusive-end id="5117" timestamp="2019-08-08T09:56:28.632" durationms="9.964" />

<exclusive-start id="5118" timestamp="2019-08-08T09:56:28.919" intervalms="296.271">
  <response-info timems="4.783" idlems="4.783" threads="0" lastid="00000000024ED700" lastname="Thread-51" />
</exclusive-start>
<af-start id="5119" threadId="00000000024EE088" totalBytesRequested="48" timestamp="2019-08-08T09:56:28.919" intervalms="296.240" type="nursery" />
<cycle-start id="5120" type="scavenge" contextid="0" timestamp="2019-08-08T09:56:28.919" intervalms="296.242" />
<gc-start id="5121" type="scavenge" contextid="5120" timestamp="2019-08-08T09:56:28.919">
  <mem-info id="5122" free="3891680" total="285605888" percent="1">
    <mem type="nursery" free="0" total="258211840" percent="0">
      <mem type="allocate" free="0" total="232390656" percent="0" />
      <mem type="survivor" free="0" total="25821184" percent="0" />
    </mem>
    <mem type="tenure" free="3891680" total="27394048" percent="14">
      <mem type="soa" free="3618272" total="27120640" percent="13" />
      <mem type="loa" free="273408" total="273408" percent="100" />
    </mem>
    <remembered-set count="949" />
  </mem-info>
</gc-start>
<allocation-stats totalBytes="227238896" >
  <allocated-bytes non-tlh="8200" tlh="227230696" />
  <largest-consumer threadName="Thread-39" threadId="000000000252D100" bytes="31839008" />
</allocation-stats>
<gc-op id="5123" type="scavenge" timems="5.445" contextid="5120" timestamp="2019-08-08T09:56:28.924">
  <scavenger-info tenureage="14" tenuremask="4000" tiltratio="90" />
  <memory-copied type="nursery" objects="10105" bytes="3917328" bytesdiscarded="471312" />
  <memory-copied type="tenure" objects="14" bytes="1416" bytesdiscarded="0" />
  <references type="phantom" candidates="2" cleared="0" enqueued="0" />
</gc-op>
<gc-end id="5124" type="scavenge" contextid="5120" durationms="5.793" usertimems="13.008" systemtimems="3.511" timestamp="2019-08-08T09:56:28.925" activeThreads="16">
  <mem-info id="5125" free="231877304" total="285605888" percent="81">
    <mem type="nursery" free="228001752" total="258211840" percent="88">
      <mem type="allocate" free="228001752" total="232390656" percent="98" />
      <mem type="survivor" free="0" total="25821184" percent="0" />
    </mem>
    <mem type="tenure" free="3875552" total="27394048" percent="14" macro-fragmented="2592282">
      <mem type="soa" free="3602144" total="27120640" percent="13" />
      <mem type="loa" free="273408" total="273408" percent="100" />
    </mem>
    <remembered-set count="375" />
  </mem-info>
</gc-end>
<cycle-end id="5126" type="scavenge" contextid="5120" timestamp="2019-08-08T09:56:28.925" />
  <attribute name="elasticGC enabled" value="1" />
  <attribute name= "numThreadsSpecified" value="16" />
  <attribute name="heapSize specified" value="263454720" />
  <attribute name="Current GC Util" value="5" />
  <attribute name= "Current Time Running" value="180771" />
  <attribute name ="GC Interval" value="2753" />
  <attribute name="Target GC Util Change" value ="80.000000" />
  <attribute name="Current GC Util Change" value="5.000000"/>
  <attribute name="Current Error" value="417.000000" />
  <attribute name="Output H" value="285682056"/>
  <attribute name="Output I" value="2752"/>
  <attribute name="Output T" value="16"/>
  <attribute name= "Current Time Running" value="180771" />
  <attribute name="GC Util currently" value="5" />
  <attribute name="CPU Util currently" value="3888562180" />
<allocation-satisfied id="5127" threadId="00000000024ED700" bytesRequested="48" />
<af-end id="5128" timestamp="2019-08-08T09:56:28.926" threadId="00000000024EE088" success="true" from="nursery"/>
<exclusive-end id="5129" timestamp="2019-08-08T09:56:28.926" durationms="7.688" />

<exclusive-start id="5130" timestamp="2019-08-08T09:56:29.162" intervalms="243.146">
  <response-info timems="0.168" idlems="0.168" threads="0" lastid="00000000024E2300" lastname="Thread-45" />
</exclusive-start>
<af-start id="5131" threadId="00000000024E2C88" totalBytesRequested="16392" timestamp="2019-08-08T09:56:29.162" intervalms="243.164" type="nursery" />
<cycle-start id="5132" type="scavenge" contextid="0" timestamp="2019-08-08T09:56:29.162" intervalms="243.180" />
<gc-start id="5133" type="scavenge" contextid="5132" timestamp="2019-08-08T09:56:29.162">
  <mem-info id="5134" free="3875552" total="285605888" percent="1">
    <mem type="nursery" free="0" total="258211840" percent="0">
      <mem type="allocate" free="0" total="232390656" percent="0" />
      <mem type="survivor" free="0" total="25821184" percent="0" />
    </mem>
    <mem type="tenure" free="3875552" total="27394048" percent="14">
      <mem type="soa" free="3602144" total="27120640" percent="13" />
      <mem type="loa" free="273408" total="273408" percent="100" />
    </mem>
    <remembered-set count="964" />
  </mem-info>
</gc-start>
<allocation-stats totalBytes="227765592" >
  <allocated-bytes non-tlh="48" tlh="227765544" />
  <largest-consumer threadName="Thread-43" threadId="0000000002525900" bytes="25823224" />
</allocation-stats>
<gc-op id="5135" type="scavenge" timems="17.786" contextid="5132" timestamp="2019-08-08T09:56:29.180">
  <scavenger-info tenureage="14" tenuremask="4000" tiltratio="90" />
  <memory-copied type="nursery" objects="10043" bytes="3957864" bytesdiscarded="964600" />
  <references type="phantom" candidates="1" cleared="0" enqueued="0" />
</gc-op>
<gc-end id="5136" type="scavenge" contextid="5132" durationms="18.282" usertimems="32.490" systemtimems="5.452" timestamp="2019-08-08T09:56:29.180" activeThreads="16">
  <mem-info id="5137" free="231343480" total="285605888" percent="81">
    <mem type="nursery" free="227467928" total="258211840" percent="88">
      <mem type="allocate" free="227467928" total="232390656" percent="97" />
      <mem type="survivor" free="0" total="25821184" percent="0" />
    </mem>
    <mem type="tenure" free="3875552" total="27394048" percent="14" macro-fragmented="2160235">
      <mem type="soa" free="3602144" total="27120640" percent="13" />
      <mem type="loa" free="273408" total="273408" percent="100" />
    </mem>
    <remembered-set count="358" />
  </mem-info>
</gc-end>
<cycle-end id="5138" type="scavenge" contextid="5132" timestamp="2019-08-08T09:56:29.180" />
  <attribute name="elasticGC enabled" value="1" />
  <attribute name= "numThreadsSpecified" value="16" />
  <attribute name="heapSize specified" value="263454720" />
  <attribute name="Current GC Util" value="6" />
  <attribute name= "Current Time Running" value="181014" />
  <attribute name ="GC Interval" value="2145" />
  <attribute name="Target GC Util Change" value ="80.000000" />
  <attribute name="Current GC Util Change" value="6.000000"/>
  <attribute name="Current Error" value="74.000000" />
  <attribute name="Output H" value="285681656"/>
  <attribute name="Output I" value="2144"/>
  <attribute name="Output T" value="16"/>
  <attribute name= "Current Time Running" value="181014" />
  <attribute name="GC Util currently" value="6" />
  <attribute name="CPU Util currently" value="4744663263" />
<allocation-satisfied id="5139" threadId="00000000024E2300" bytesRequested="16392" />
<af-end id="5140" timestamp="2019-08-08T09:56:29.180" threadId="00000000024E2C88" success="true" from="nursery"/>
<exclusive-end id="5141" timestamp="2019-08-08T09:56:29.180" durationms="18.646" />

<exclusive-start id="5142" timestamp="2019-08-08T09:56:29.325" intervalms="163.328">
  <response-info timems="1.999" idlems="1.999" threads="0" lastid="00000000024E9B00" lastname="Thread-48" />
</exclusive-start>
<af-start id="5143" threadId="00000000024EA488" totalBytesRequested="32776" timestamp="2019-08-08T09:56:29.325" intervalms="163.323" type="nursery" />
<cycle-start id="5144" type="scavenge" contextid="0" timestamp="2019-08-08T09:56:29.325" intervalms="163.312" />
<gc-start id="5145" type="scavenge" contextid="5144" timestamp="2019-08-08T09:56:29.325">
  <mem-info id="5146" free="3875552" total="285605888" percent="1">
    <mem type="nursery" free="0" total="258211840" percent="0">
      <mem type="allocate" free="0" total="232390656" percent="0" />
      <mem type="survivor" free="0" total="25821184" percent="0" />
    </mem>
    <mem type="tenure" free="3875552" total="27394048" percent="14">
      <mem type="soa" free="3602144" total="27120640" percent="13" />
      <mem type="loa" free="273408" total="273408" percent="100" />
    </mem>
    <remembered-set count="949" />
  </mem-info>
</gc-start>
<allocation-stats totalBytes="227201440" >
  <allocated-bytes non-tlh="49168" tlh="227152272" />
  <largest-consumer threadName="Thread-48" threadId="00000000024E9B00" bytes="28169600" />
</allocation-stats>
<gc-op id="5147" type="scavenge" timems="14.738" contextid="5144" timestamp="2019-08-08T09:56:29.340">
  <scavenger-info tenureage="14" tenuremask="4000" tiltratio="90" />
  <memory-copied type="nursery" objects="9428" bytes="3818536" bytesdiscarded="141480" />
  <memory-copied type="tenure" objects="35" bytes="3664" bytesdiscarded="0" />
  <references type="phantom" candidates="3" cleared="0" enqueued="0" />
</gc-op>
<heap-resize id="5148" type="expand" space="nursery" amount="14548992" count="1" timems="0.023" reason="excessive time being spent scavenging" timestamp="2019-08-08T09:56:29.340" />
<gc-end id="5149" type="scavenge" contextid="5144" durationms="15.192" usertimems="14.806" systemtimems="14.362" timestamp="2019-08-08T09:56:29.340" activeThreads="16">
  <mem-info id="5150" free="245347576" total="300154880" percent="81">
    <mem type="nursery" free="241472024" total="272760832" percent="88">
      <mem type="allocate" free="241472024" total="245432320" percent="98" />
      <mem type="survivor" free="0" total="27328512" percent="0" />
    </mem>
    <mem type="tenure" free="3875552" total="27394048" percent="14" macro-fragmented="1250136">
      <mem type="soa" free="3602144" total="27120640" percent="13" />
      <mem type="loa" free="273408" total="273408" percent="100" />
    </mem>
    <remembered-set count="346" />
  </mem-info>
</gc-end>
<cycle-end id="5151" type="scavenge" contextid="5144" timestamp="2019-08-08T09:56:29.341" />
  <attribute name="elasticGC enabled" value="1" />
  <attribute name= "numThreadsSpecified" value="16" />
  <attribute name="heapSize specified" value="263454720" />
  <attribute name="Current GC Util" value="13" />
  <attribute name= "Current Time Running" value="181177" />
  <attribute name ="GC Interval" value="2265" />
  <attribute name="Target GC Util Change" value ="80.000000" />
  <attribute name="Current GC Util Change" value="13.000000"/>
  <attribute name="Current Error" value="141.000000" />
  <attribute name="Output H" value="285681736"/>
  <attribute name="Output I" value="2264"/>
  <attribute name="Output T" value="16"/>
  <attribute name= "Current Time Running" value="181177" />
  <attribute name="GC Util currently" value="13" />
  <attribute name="CPU Util currently" value="7062512552" />
<allocation-satisfied id="5152" threadId="00000000024E9B00" bytesRequested="32776" />
<af-end id="5153" timestamp="2019-08-08T09:56:29.341" threadId="00000000024EA488" success="true" from="nursery"/>
<exclusive-end id="5154" timestamp="2019-08-08T09:56:29.341" durationms="15.528" />

<exclusive-start id="5155" timestamp="2019-08-08T09:56:29.599" intervalms="273.566">
  <response-info timems="7.405" idlems="3.723" threads="1" lastid="0000000002500200" lastname="Thread-44" />
</exclusive-start>
<af-start id="5156" threadId="00000000024EE088" totalBytesRequested="48" timestamp="2019-08-08T09:56:29.599" intervalms="273.576" type="nursery" />
<cycle-start id="5157" type="scavenge" contextid="0" timestamp="2019-08-08T09:56:29.599" intervalms="273.582" />
<gc-start id="5158" type="scavenge" contextid="5157" timestamp="2019-08-08T09:56:29.599">
  <mem-info id="5159" free="3875552" total="300154880" percent="1">
    <mem type="nursery" free="0" total="272760832" percent="0">
      <mem type="allocate" free="0" total="245432320" percent="0" />
      <mem type="survivor" free="0" total="27328512" percent="0" />
    </mem>
    <mem type="tenure" free="3875552" total="27394048" percent="14">
      <mem type="soa" free="3602144" total="27120640" percent="13" />
      <mem type="loa" free="273408" total="273408" percent="100" />
    </mem>
    <remembered-set count="948" />
  </mem-info>
</gc-start>
<allocation-stats totalBytes="241280112" >
  <allocated-bytes non-tlh="32776" tlh="241247336" />
  <largest-consumer threadName="Thread-42" threadId="00000000024F4F00" bytes="28396656" />
</allocation-stats>
<gc-op id="5160" type="scavenge" timems="11.043" contextid="5157" timestamp="2019-08-08T09:56:29.610">
  <scavenger-info tenureage="14" tenuremask="4000" tiltratio="89" />
  <memory-copied type="nursery" objects="10356" bytes="3957944" bytesdiscarded="323024" />
  <references type="phantom" candidates="2" cleared="0" enqueued="0" />
</gc-op>
<gc-end id="5161" type="scavenge" contextid="5157" durationms="11.479" usertimems="3.178" systemtimems="8.254" timestamp="2019-08-08T09:56:29.610" activeThreads="16">
  <mem-info id="5162" free="245026632" total="300154880" percent="81">
    <mem type="nursery" free="241151080" total="272760832" percent="88">
      <mem type="allocate" free="241151080" total="245432320" percent="98" />
      <mem type="survivor" free="0" total="27328512" percent="0" />
    </mem>
    <mem type="tenure" free="3875552" total="27394048" percent="14" macro-fragmented="2592282">
      <mem type="soa" free="3602144" total="27120640" percent="13" />
      <mem type="loa" free="273408" total="273408" percent="100" />
    </mem>
    <remembered-set count="359" />
  </mem-info>
</gc-end>
<cycle-end id="5163" type="scavenge" contextid="5157" timestamp="2019-08-08T09:56:29.610" />
  <attribute name="elasticGC enabled" value="1" />
  <attribute name= "numThreadsSpecified" value="16" />
  <attribute name="heapSize specified" value="263454720" />
  <attribute name="Current GC Util" value="10" />
  <attribute name= "Current Time Running" value="181451" />
  <attribute name ="GC Interval" value="2385" />
  <attribute name="Target GC Util Change" value ="80.000000" />
  <attribute name="Current GC Util Change" value="10.000000"/>
  <attribute name="Current Error" value="211.000000" />
  <attribute name="Output H" value="300230808"/>
  <attribute name="Output I" value="2384"/>
  <attribute name="Output T" value="16"/>
  <attribute name= "Current Time Running" value="181451" />
  <attribute name="GC Util currently" value="10" />
  <attribute name="CPU Util currently" value="4214629410" />
<allocation-satisfied id="5164" threadId="00000000024ED700" bytesRequested="48" />
<af-end id="5165" timestamp="2019-08-08T09:56:29.610" threadId="00000000024EE088" success="true" from="nursery"/>
<exclusive-end id="5166" timestamp="2019-08-08T09:56:29.610" durationms="11.805" />

<exclusive-start id="5167" timestamp="2019-08-08T09:56:29.944" intervalms="345.473">
  <response-info timems="0.644" idlems="0.463" threads="4" lastid="00000000024E9B00" lastname="Thread-48" />
</exclusive-start>
<af-start id="5168" threadId="000000000253CA88" totalBytesRequested="16392" timestamp="2019-08-08T09:56:29.944" intervalms="345.457" type="nursery" />
<cycle-start id="5169" type="scavenge" contextid="0" timestamp="2019-08-08T09:56:29.944" intervalms="345.442" />
<gc-start id="5170" type="scavenge" contextid="5169" timestamp="2019-08-08T09:56:29.944">
  <mem-info id="5171" free="3875552" total="300154880" percent="1">
    <mem type="nursery" free="0" total="272760832" percent="0">
      <mem type="allocate" free="0" total="245432320" percent="0" />
      <mem type="survivor" free="0" total="27328512" percent="0" />
    </mem>
    <mem type="tenure" free="3875552" total="27394048" percent="14">
      <mem type="soa" free="3602144" total="27120640" percent="13" />
      <mem type="loa" free="273408" total="273408" percent="100" />
    </mem>
    <remembered-set count="954" />
  </mem-info>
</gc-start>
<allocation-stats totalBytes="240946200" >
  <allocated-bytes non-tlh="48" tlh="240946152" />
  <largest-consumer threadName="Thread-51" threadId="00000000024ED700" bytes="26554808" />
</allocation-stats>
<gc-op id="5172" type="scavenge" timems="5.883" contextid="5169" timestamp="2019-08-08T09:56:29.950">
  <scavenger-info tenureage="14" tenuremask="4000" tiltratio="89" />
  <memory-copied type="nursery" objects="10332" bytes="3846000" bytesdiscarded="115816" />
  <memory-copied type="tenure" objects="9" bytes="920" bytesdiscarded="0" />
</gc-op>
<gc-end id="5173" type="scavenge" contextid="5169" durationms="6.453" usertimems="14.101" systemtimems="0.000" timestamp="2019-08-08T09:56:29.951" activeThreads="16">
  <mem-info id="5174" free="245329672" total="300154880" percent="81">
    <mem type="nursery" free="241470248" total="272760832" percent="88">
      <mem type="allocate" free="241470248" total="245432320" percent="98" />
      <mem type="survivor" free="0" total="27328512" percent="0" />
    </mem>
    <mem type="tenure" free="3859424" total="27394048" percent="14" macro-fragmented="2160235">
      <mem type="soa" free="3586016" total="27120640" percent="13" />
      <mem type="loa" free="273408" total="273408" percent="100" />
    </mem>
    <remembered-set count="347" />
  </mem-info>
</gc-end>
<cycle-end id="5175" type="scavenge" contextid="5169" timestamp="2019-08-08T09:56:29.951" />
  <attribute name="elasticGC enabled" value="1" />
  <attribute name= "numThreadsSpecified" value="16" />
  <attribute name="heapSize specified" value="263454720" />
  <attribute name="Current GC Util" value="3" />
  <attribute name= "Current Time Running" value="181796" />
  <attribute name ="GC Interval" value="2529" />
  <attribute name="Target GC Util Change" value ="80.000000" />
  <attribute name="Current GC Util Change" value="3.000000"/>
  <attribute name="Current Error" value="288.000000" />
  <attribute name="Output H" value="300230896"/>
  <attribute name="Output I" value="2528"/>
  <attribute name="Output T" value="16"/>
  <attribute name= "Current Time Running" value="181796" />
  <attribute name="GC Util currently" value="3" />
  <attribute name="CPU Util currently" value="3337438912" />
<allocation-satisfied id="5176" threadId="000000000253C100" bytesRequested="16392" />
<af-end id="5177" timestamp="2019-08-08T09:56:29.951" threadId="000000000253CA88" success="true" from="nursery"/>
<exclusive-end id="5178" timestamp="2019-08-08T09:56:29.951" durationms="6.859" />

<exclusive-start id="5179" timestamp="2019-08-08T09:56:30.228" intervalms="283.936">
  <response-info timems="0.900" idlems="0.402" threads="11" lastid="0000000002521D00" lastname="Thread-52" />
</exclusive-start>
<af-start id="5180" threadId="0000000002531688" totalBytesRequested="2056" timestamp="2019-08-08T09:56:30.228" intervalms="283.945" type="nursery" />
<cycle-start id="5181" type="scavenge" contextid="0" timestamp="2019-08-08T09:56:30.228" intervalms="283.964" />
<gc-start id="5182" type="scavenge" contextid="5181" timestamp="2019-08-08T09:56:30.228">
  <mem-info id="5183" free="3859424" total="300154880" percent="1">
    <mem type="nursery" free="0" total="272760832" percent="0">
      <mem type="allocate" free="0" total="245432320" percent="0" />
      <mem type="survivor" free="0" total="27328512" percent="0" />
    </mem>
    <mem type="tenure" free="3859424" total="27394048" percent="14">
      <mem type="soa" free="3586016" total="27120640" percent="13" />
      <mem type="loa" free="273408" total="273408" percent="100" />
    </mem>
    <remembered-set count="957" />
  </mem-info>
</gc-start>
<allocation-stats totalBytes="241168936" >
  <allocated-bytes non-tlh="16392" tlh="241152544" />
  <largest-consumer threadName="Thread-51" threadId="00000000024ED700" bytes="25833360" />
</allocation-stats>
<gc-op id="5184" type="scavenge" timems="7.714" contextid="5181" timestamp="2019-08-08T09:56:30.236">
  <scavenger-info tenureage="14" tenuremask="4000" tiltratio="89" />
  <memory-copied type="nursery" objects="5694" bytes="2588920" bytesdiscarded="812288" />
  <references type="weak" candidates="1" cleared="0" enqueued="0" />
  <references type="phantom" candidates="10" cleared="0" enqueued="0" />
</gc-op>
<gc-end id="5185" type="scavenge" contextid="5181" durationms="8.196" usertimems="14.788" systemtimems="0.976" timestamp="2019-08-08T09:56:30.236" activeThreads="16">
  <mem-info id="5186" free="245890216" total="300154880" percent="81">
    <mem type="nursery" free="242030792" total="272760832" percent="88">
      <mem type="allocate" free="242030792" total="245432320" percent="98" />
      <mem type="survivor" free="0" total="27328512" percent="0" />
    </mem>
    <mem type="tenure" free="3859424" total="27394048" percent="14" macro-fragmented="2592282">
      <mem type="soa" free="3586016" total="27120640" percent="13" />
      <mem type="loa" free="273408" total="273408" percent="100" />
    </mem>
    <remembered-set count="314" />
  </mem-info>
</gc-end>
<cycle-end id="5187" type="scavenge" contextid="5181" timestamp="2019-08-08T09:56:30.236" />
  <attribute name="elasticGC enabled" value="1" />
  <attribute name= "numThreadsSpecified" value="16" />
  <attribute name="heapSize specified" value="263454720" />
  <attribute name="Current GC Util" value="2" />
  <attribute name= "Current Time Running" value="182080" />
  <attribute name ="GC Interval" value="2665" />
  <attribute name="Target GC Util Change" value ="80.000000" />
  <attribute name="Current GC Util Change" value="2.000000"/>
  <attribute name="Current Error" value="366.000000" />
  <attribute name="Output H" value="300230984"/>
  <attribute name="Output I" value="2664"/>
  <attribute name="Output T" value="16"/>
  <attribute name= "Current Time Running" value="182080" />
  <attribute name="GC Util currently" value="2" />
  <attribute name="CPU Util currently" value="4059803864" />
<allocation-satisfied id="5188" threadId="0000000002530D00" bytesRequested="2056" />
<af-end id="5189" timestamp="2019-08-08T09:56:30.237" threadId="0000000002531688" success="true" from="nursery"/>
<exclusive-end id="5190" timestamp="2019-08-08T09:56:30.237" durationms="9.127" />

<exclusive-start id="5191" timestamp="2019-08-08T09:56:30.459" intervalms="230.573">
  <response-info timems="1.361" idlems="1.361" threads="0" lastid="00000000024ED700" lastname="Thread-51" />
</exclusive-start>
<af-start id="5192" threadId="00000000024EE088" totalBytesRequested="16392" timestamp="2019-08-08T09:56:30.459" intervalms="230.584" type="nursery" />
<cycle-start id="5193" type="scavenge" contextid="0" timestamp="2019-08-08T09:56:30.459" intervalms="230.698" />
<gc-start id="5194" type="scavenge" contextid="5193" timestamp="2019-08-08T09:56:30.459">
  <mem-info id="5195" free="3859424" total="300154880" percent="1">
    <mem type="nursery" free="0" total="272760832" percent="0">
      <mem type="allocate" free="0" total="245432320" percent="0" />
      <mem type="survivor" free="0" total="27328512" percent="0" />
    </mem>
    <mem type="tenure" free="3859424" total="27394048" percent="14">
      <mem type="soa" free="3586016" total="27120640" percent="13" />
      <mem type="loa" free="273408" total="273408" percent="100" />
    </mem>
    <remembered-set count="955" />
  </mem-info>
</gc-start>
<allocation-stats totalBytes="241888600" >
  <allocated-bytes non-tlh="2056" tlh="241886544" />
  <largest-consumer threadName="Thread-51" threadId="00000000024ED700" bytes="28759360" />
</allocation-stats>
<gc-op id="5196" type="scavenge" timems="4.587" contextid="5193" timestamp="2019-08-08T09:56:30.464">
  <scavenger-info tenureage="14" tenuremask="4000" tiltratio="89" />
  <memory-copied type="nursery" objects="9535" bytes="3697792" bytesdiscarded="513280" />
  <memory-copied type="tenure" objects="9" bytes="936" bytesdiscarded="0" />
  <references type="phantom" candidates="2" cleared="0" enqueued="0" />
</gc-op>
<gc-end id="5197" type="scavenge" contextid="5193" durationms="5.110" usertimems="9.560" systemtimems="3.037" timestamp="2019-08-08T09:56:30.464" activeThreads="16">
  <mem-info id="5198" free="245080400" total="300154880" percent="81">
    <mem type="nursery" free="241220976" total="272760832" percent="88">
      <mem type="allocate" free="241220976" total="245432320" percent="98" />
      <mem type="survivor" free="0" total="27328512" percent="0" />
    </mem>
    <mem type="tenure" free="3859424" total="27394048" percent="14" macro-fragmented="2592282">
      <mem type="soa" free="3586016" total="27120640" percent="13" />
      <mem type="loa" free="273408" total="273408" percent="100" />
    </mem>
    <remembered-set count="342" />
  </mem-info>
</gc-end>
<cycle-end id="5199" type="scavenge" contextid="5193" timestamp="2019-08-08T09:56:30.464" />
  <attribute name="elasticGC enabled" value="1" />
  <attribute name= "numThreadsSpecified" value="16" />
  <attribute name="heapSize specified" value="263454720" />
  <attribute name="Current GC Util" value="4" />
  <attribute name= "Current Time Running" value="182311" />
  <attribute name ="GC Interval" value="2801" />
  <attribute name="Target GC Util Change" value ="80.000000" />
  <attribute name="Current GC Util Change" value="4.000000"/>
  <attribute name="Current Error" value="442.000000" />
  <attribute name="Output H" value="300231072"/>
  <attribute name="Output I" value="2800"/>
  <attribute name="Output T" value="16"/>
  <attribute name= "Current Time Running" value="182311" />
  <attribute name="GC Util currently" value="4" />
  <attribute name="CPU Util currently" value="4995596498" />
<allocation-satisfied id="5200" threadId="00000000024ED700" bytesRequested="16392" />
<af-end id="5201" timestamp="2019-08-08T09:56:30.464" threadId="00000000024EE088" success="true" from="nursery"/>
<exclusive-end id="5202" timestamp="2019-08-08T09:56:30.464" durationms="5.730" />

<exclusive-start id="5203" timestamp="2019-08-08T09:56:30.687" intervalms="228.508">
  <response-info timems="5.194" idlems="5.194" threads="0" lastid="0000000002521D00" lastname="Thread-52" />
</exclusive-start>
<af-start id="5204" threadId="0000000002522688" totalBytesRequested="2056" timestamp="2019-08-08T09:56:30.687" intervalms="228.510" type="nursery" />
<cycle-start id="5205" type="scavenge" contextid="0" timestamp="2019-08-08T09:56:30.687" intervalms="228.387" />
<gc-start id="5206" type="scavenge" contextid="5205" timestamp="2019-08-08T09:56:30.687">
  <mem-info id="5207" free="3859424" total="300154880" percent="1">
    <mem type="nursery" free="0" total="272760832" percent="0">
      <mem type="allocate" free="0" total="245432320" percent="0" />
      <mem type="survivor" free="0" total="27328512" percent="0" />
    </mem>
    <mem type="tenure" free="3859424" total="27394048" percent="14">
      <mem type="soa" free="3586016" total="27120640" percent="13" />
      <mem type="loa" free="273408" total="273408" percent="100" />
    </mem>
    <remembered-set count="934" />
  </mem-info>
</gc-start>
<allocation-stats totalBytes="240993680" >
  <allocated-bytes non-tlh="16392" tlh="240977288" />
  <largest-consumer threadName="Thread-42" threadId="00000000024F4F00" bytes="30291816" />
</allocation-stats>
<gc-op id="5208" type="scavenge" timems="35.103" contextid="5205" timestamp="2019-08-08T09:56:30.722">
  <scavenger-info tenureage="14" tenuremask="4000" tiltratio="89" />
  <memory-copied type="nursery" objects="10308" bytes="3935392" bytesdiscarded="471432" />
  <memory-copied type="tenure" objects="8" bytes="848" bytesdiscarded="0" />
  <references type="weak" candidates="1" cleared="0" enqueued="0" />
  <references type="phantom" candidates="3" cleared="0" enqueued="0" />
</gc-op>
<heap-resize id="5209" type="expand" space="nursery" amount="17825792" count="1" timems="0.019" reason="excessive time being spent scavenging" timestamp="2019-08-08T09:56:30.723" />
<gc-end id="5210" type="scavenge" contextid="5205" durationms="35.613" usertimems="35.798" systemtimems="34.108" timestamp="2019-08-08T09:56:30.723" activeThreads="16">
  <mem-info id="5211" free="260859296" total="317980672" percent="82">
    <mem type="nursery" free="257016000" total="290586624" percent="88">
      <mem type="allocate" free="257016000" total="261423104" percent="98" />
      <mem type="survivor" free="0" total="29163520" percent="0" />
    </mem>
    <mem type="tenure" free="3843296" total="27394048" percent="14" macro-fragmented="2592282">
      <mem type="soa" free="3569888" total="27120640" percent="13" />
      <mem type="loa" free="273408" total="273408" percent="100" />
    </mem>
    <remembered-set count="335" />
  </mem-info>
</gc-end>
<cycle-end id="5212" type="scavenge" contextid="5205" timestamp="2019-08-08T09:56:30.723" />
  <attribute name="elasticGC enabled" value="1" />
  <attribute name= "numThreadsSpecified" value="16" />
  <attribute name="heapSize specified" value="263454720" />
  <attribute name="Current GC Util" value="3" />
  <attribute name= "Current Time Running" value="182540" />
  <attribute name ="GC Interval" value="2153" />
  <attribute name="Target GC Util Change" value ="80.000000" />
  <attribute name="Current GC Util Change" value="3.000000"/>
  <attribute name="Current Error" value="77.000000" />
  <attribute name="Output H" value="300230648"/>
  <attribute name="Output I" value="2152"/>
  <attribute name="Output T" value="16"/>
  <attribute name= "Current Time Running" value="182540" />
  <attribute name="GC Util currently" value="3" />
  <attribute name="CPU Util currently" value="5050671305" />
<allocation-satisfied id="5213" threadId="0000000002521D00" bytesRequested="2056" />
<af-end id="5214" timestamp="2019-08-08T09:56:30.723" threadId="0000000002522688" success="true" from="nursery"/>
<exclusive-end id="5215" timestamp="2019-08-08T09:56:30.723" durationms="35.947" />

<exclusive-start id="5216" timestamp="2019-08-08T09:56:30.929" intervalms="241.473">
  <response-info timems="0.158" idlems="0.059" threads="2" lastid="0000000002521D00" lastname="Thread-52" />
</exclusive-start>
<af-start id="5217" threadId="0000000002531688" totalBytesRequested="2056" timestamp="2019-08-08T09:56:30.929" intervalms="241.444" type="nursery" />
<cycle-start id="5218" type="scavenge" contextid="0" timestamp="2019-08-08T09:56:30.929" intervalms="241.431" />
<gc-start id="5219" type="scavenge" contextid="5218" timestamp="2019-08-08T09:56:30.929">
  <mem-info id="5220" free="3843296" total="317980672" percent="1">
    <mem type="nursery" free="0" total="290586624" percent="0">
      <mem type="allocate" free="0" total="261423104" percent="0" />
      <mem type="survivor" free="0" total="29163520" percent="0" />
    </mem>
    <mem type="tenure" free="3843296" total="27394048" percent="14">
      <mem type="soa" free="3569888" total="27120640" percent="13" />
      <mem type="loa" free="273408" total="273408" percent="100" />
    </mem>
    <remembered-set count="956" />
  </mem-info>
</gc-start>
<allocation-stats totalBytes="256823224" >
  <allocated-bytes non-tlh="34832" tlh="256788392" />
  <largest-consumer threadName="Thread-51" threadId="00000000024ED700" bytes="26467056" />
</allocation-stats>
<gc-op id="5221" type="scavenge" timems="4.253" contextid="5218" timestamp="2019-08-08T09:56:30.933">
  <scavenger-info tenureage="14" tenuremask="4000" tiltratio="89" />
  <memory-copied type="nursery" objects="10321" bytes="4004896" bytesdiscarded="475656" />
  <memory-copied type="tenure" objects="2" bytes="208" bytesdiscarded="0" />
  <references type="phantom" candidates="3" cleared="0" enqueued="0" />
</gc-op>
<gc-end id="5222" type="scavenge" contextid="5218" durationms="4.905" usertimems="9.312" systemtimems="7.642" timestamp="2019-08-08T09:56:30.934" activeThreads="16">
  <mem-info id="5223" free="260834976" total="317980672" percent="82">
    <mem type="nursery" free="257007808" total="290586624" percent="88">
      <mem type="allocate" free="257007808" total="261488640" percent="98" />
      <mem type="survivor" free="0" total="29097984" percent="0" />
    </mem>
    <mem type="tenure" free="3827168" total="27394048" percent="13" macro-fragmented="2160235">
      <mem type="soa" free="3553760" total="27120640" percent="13" />
      <mem type="loa" free="273408" total="273408" percent="100" />
    </mem>
    <remembered-set count="350" />
  </mem-info>
</gc-end>
<cycle-end id="5224" type="scavenge" contextid="5218" timestamp="2019-08-08T09:56:30.934" />
  <attribute name="elasticGC enabled" value="1" />
  <attribute name= "numThreadsSpecified" value="16" />
  <attribute name="heapSize specified" value="263454720" />
  <attribute name="Current GC Util" value="16" />
  <attribute name= "Current Time Running" value="182781" />
  <attribute name ="GC Interval" value="2265" />
  <attribute name="Target GC Util Change" value ="80.000000" />
  <attribute name="Current GC Util Change" value="16.000000"/>
  <attribute name="Current Error" value="141.000000" />
  <attribute name="Output H" value="318056520"/>
  <attribute name="Output I" value="2264"/>
  <attribute name="Output T" value="16"/>
  <attribute name= "Current Time Running" value="182781" />
  <attribute name="GC Util currently" value="16" />
  <attribute name="CPU Util currently" value="4770612816" />
<allocation-satisfied id="5225" threadId="0000000002530D00" bytesRequested="2056" />
<af-end id="5226" timestamp="2019-08-08T09:56:30.934" threadId="0000000002531688" success="true" from="nursery"/>
<exclusive-end id="5227" timestamp="2019-08-08T09:56:30.934" durationms="5.205" />

<exclusive-start id="5228" timestamp="2019-08-08T09:56:31.128" intervalms="199.418">
  <response-info timems="5.700" idlems="5.700" threads="0" lastid="00000000024E5F00" lastname="Thread-50" />
</exclusive-start>
<af-start id="5229" threadId="00000000024E6888" totalBytesRequested="272" timestamp="2019-08-08T09:56:31.128" intervalms="199.479" type="nursery" />
<cycle-start id="5230" type="scavenge" contextid="0" timestamp="2019-08-08T09:56:31.128" intervalms="199.507" />
<gc-start id="5231" type="scavenge" contextid="5230" timestamp="2019-08-08T09:56:31.128">
  <mem-info id="5232" free="3827168" total="317980672" percent="1">
    <mem type="nursery" free="0" total="290586624" percent="0">
      <mem type="allocate" free="0" total="261488640" percent="0" />
      <mem type="survivor" free="0" total="29097984" percent="0" />
    </mem>
    <mem type="tenure" free="3827168" total="27394048" percent="13">
      <mem type="soa" free="3553760" total="27120640" percent="13" />
      <mem type="loa" free="273408" total="273408" percent="100" />
    </mem>
    <remembered-set count="946" />
  </mem-info>
</gc-start>
<allocation-stats totalBytes="256815832" >
  <allocated-bytes non-tlh="2056" tlh="256813776" />
  <largest-consumer threadName="Thread-41" threadId="00000000024F1300" bytes="27450928" />
</allocation-stats>
<gc-op id="5233" type="scavenge" timems="7.763" contextid="5230" timestamp="2019-08-08T09:56:31.137">
  <scavenger-info tenureage="14" tenuremask="4000" tiltratio="89" />
  <memory-copied type="nursery" objects="9582" bytes="3809296" bytesdiscarded="381976" />
  <memory-copied type="tenure" objects="27" bytes="2712" bytesdiscarded="0" />
  <references type="weak" candidates="1" cleared="0" enqueued="0" />
  <references type="phantom" candidates="4" cleared="0" enqueued="0" />
</gc-op>
<gc-end id="5234" type="scavenge" contextid="5230" durationms="9.002" usertimems="16.781" systemtimems="5.020" timestamp="2019-08-08T09:56:31.137" activeThreads="16">
  <mem-info id="5235" free="261108136" total="317980672" percent="82">
    <mem type="nursery" free="257297096" total="290586624" percent="88">
      <mem type="allocate" free="257297096" total="261488640" percent="98" />
      <mem type="survivor" free="0" total="29097984" percent="0" />
    </mem>
    <mem type="tenure" free="3811040" total="27394048" percent="13" macro-fragmented="1800196">
      <mem type="soa" free="3537632" total="27120640" percent="13" />
      <mem type="loa" free="273408" total="273408" percent="100" />
    </mem>
    <remembered-set count="332" />
  </mem-info>
</gc-end>
<cycle-end id="5236" type="scavenge" contextid="5230" timestamp="2019-08-08T09:56:31.137" />
  <attribute name="elasticGC enabled" value="1" />
  <attribute name= "numThreadsSpecified" value="16" />
  <attribute name="heapSize specified" value="263454720" />
  <attribute name="Current GC Util" value="7" />
  <attribute name= "Current Time Running" value="182981" />
  <attribute name ="GC Interval" value="2393" />
  <attribute name="Target GC Util Change" value ="80.000000" />
  <attribute name="Current GC Util Change" value="7.000000"/>
  <attribute name="Current Error" value="214.000000" />
  <attribute name="Output H" value="318056600"/>
  <attribute name="Output I" value="2392"/>
  <attribute name="Output T" value="16"/>
  <attribute name= "Current Time Running" value="182981" />
  <attribute name="GC Util currently" value="7" />
  <attribute name="CPU Util currently" value="5760704382" />
<allocation-satisfied id="5237" threadId="00000000024E5F00" bytesRequested="272" />
<af-end id="5238" timestamp="2019-08-08T09:56:31.137" threadId="00000000024E6888" success="true" from="nursery"/>
<exclusive-end id="5239" timestamp="2019-08-08T09:56:31.137" durationms="9.448" />

<exclusive-start id="5240" timestamp="2019-08-08T09:56:31.379" intervalms="251.457">
  <response-info timems="0.140" idlems="0.132" threads="1" lastid="000000000250F200" lastname="Thread-46" />
</exclusive-start>
<af-start id="5241" threadId="00000000024E6888" totalBytesRequested="16392" timestamp="2019-08-08T09:56:31.380" intervalms="251.497" type="nursery" />
<cycle-start id="5242" type="scavenge" contextid="0" timestamp="2019-08-08T09:56:31.381" intervalms="252.547" />
<gc-start id="5243" type="scavenge" contextid="5242" timestamp="2019-08-08T09:56:31.381">
  <mem-info id="5244" free="3811040" total="317980672" percent="1">
    <mem type="nursery" free="0" total="290586624" percent="0">
      <mem type="allocate" free="0" total="261488640" percent="0" />
      <mem type="survivor" free="0" total="29097984" percent="0" />
    </mem>
    <mem type="tenure" free="3811040" total="27394048" percent="13">
      <mem type="soa" free="3537632" total="27120640" percent="13" />
      <mem type="loa" free="273408" total="273408" percent="100" />
    </mem>
    <remembered-set count="953" />
  </mem-info>
</gc-start>
<allocation-stats totalBytes="256956248" >
  <allocated-bytes non-tlh="272" tlh="256955976" />
  <largest-consumer threadName="Thread-41" threadId="00000000024F1300" bytes="29801888" />
</allocation-stats>
<gc-op id="5245" type="scavenge" timems="3.523" contextid="5242" timestamp="2019-08-08T09:56:31.385">
  <scavenger-info tenureage="14" tenuremask="4000" tiltratio="89" />
  <memory-copied type="nursery" objects="9182" bytes="3577864" bytesdiscarded="274488" />
  <memory-copied type="tenure" objects="4" bytes="416" bytesdiscarded="0" />
  <references type="weak" candidates="2" cleared="0" enqueued="0" />
  <references type="phantom" candidates="4" cleared="0" enqueued="0" />
</gc-op>
<gc-end id="5246" type="scavenge" contextid="5242" durationms="4.168" usertimems="8.270" systemtimems="2.549" timestamp="2019-08-08T09:56:31.385" activeThreads="16">
  <mem-info id="5247" free="261447064" total="317980672" percent="82">
    <mem type="nursery" free="257636024" total="290586624" percent="88">
      <mem type="allocate" free="257636024" total="261488640" percent="98" />
      <mem type="survivor" free="0" total="29097984" percent="0" />
    </mem>
    <mem type="tenure" free="3811040" total="27394048" percent="13" macro-fragmented="2160235">
      <mem type="soa" free="3537632" total="27120640" percent="13" />
      <mem type="loa" free="273408" total="273408" percent="100" />
    </mem>
    <remembered-set count="322" />
  </mem-info>
</gc-end>
<cycle-end id="5248" type="scavenge" contextid="5242" timestamp="2019-08-08T09:56:31.385" />
  <attribute name="elasticGC enabled" value="1" />
  <attribute name= "numThreadsSpecified" value="16" />
  <attribute name="heapSize specified" value="263454720" />
  <attribute name="Current GC Util" value="7" />
  <attribute name= "Current Time Running" value="183233" />
  <attribute name ="GC Interval" value="2521" />
  <attribute name="Target GC Util Change" value ="80.000000" />
  <attribute name="Current GC Util Change" value="7.000000"/>
  <attribute name="Current Error" value="287.000000" />
  <attribute name="Output H" value="318056688"/>
  <attribute name="Output I" value="2520"/>
  <attribute name="Output T" value="16"/>
  <attribute name= "Current Time Running" value="183233" />
  <attribute name="GC Util currently" value="7" />
  <attribute name="CPU Util currently" value="4573538834" />
<allocation-satisfied id="5249" threadId="00000000024E5F00" bytesRequested="16392" />
<af-end id="5250" timestamp="2019-08-08T09:56:31.385" threadId="00000000024E6888" success="true" from="nursery"/>
<exclusive-end id="5251" timestamp="2019-08-08T09:56:31.386" durationms="6.071" />

<exclusive-start id="5252" timestamp="2019-08-08T09:56:31.594" intervalms="214.246">
  <response-info timems="11.767" idlems="11.767" threads="0" lastid="00000000024ED700" lastname="Thread-51" />
</exclusive-start>
<af-start id="5253" threadId="00000000024EE088" totalBytesRequested="16392" timestamp="2019-08-08T09:56:31.594" intervalms="214.326" type="nursery" />
<cycle-start id="5254" type="scavenge" contextid="0" timestamp="2019-08-08T09:56:31.594" intervalms="213.256" />
<gc-start id="5255" type="scavenge" contextid="5254" timestamp="2019-08-08T09:56:31.594">
  <mem-info id="5256" free="3811040" total="317980672" percent="1">
    <mem type="nursery" free="0" total="290586624" percent="0">
      <mem type="allocate" free="0" total="261488640" percent="0" />
      <mem type="survivor" free="0" total="29097984" percent="0" />
    </mem>
    <mem type="tenure" free="3811040" total="27394048" percent="13">
      <mem type="soa" free="3537632" total="27120640" percent="13" />
      <mem type="loa" free="273408" total="273408" percent="100" />
    </mem>
    <remembered-set count="950" />
  </mem-info>
</gc-start>
<allocation-stats totalBytes="257381040" >
  <allocated-bytes non-tlh="16392" tlh="257364648" />
  <largest-consumer threadName="Thread-41" threadId="00000000024F1300" bytes="28038488" />
</allocation-stats>
<gc-op id="5257" type="scavenge" timems="11.034" contextid="5254" timestamp="2019-08-08T09:56:31.605">
  <scavenger-info tenureage="14" tenuremask="4000" tiltratio="89" />
  <memory-copied type="nursery" objects="9568" bytes="3798368" bytesdiscarded="505240" />
  <memory-copied type="tenure" objects="4" bytes="448" bytesdiscarded="0" />
  <references type="phantom" candidates="2" cleared="0" enqueued="0" />
</gc-op>
<gc-end id="5258" type="scavenge" contextid="5254" durationms="11.659" usertimems="31.445" systemtimems="24.655" timestamp="2019-08-08T09:56:31.606" activeThreads="16">
  <mem-info id="5259" free="260995800" total="317980672" percent="82">
    <mem type="nursery" free="257184760" total="290586624" percent="88">
      <mem type="allocate" free="257184760" total="261488640" percent="98" />
      <mem type="survivor" free="0" total="29097984" percent="0" />
    </mem>
    <mem type="tenure" free="3811040" total="27394048" percent="13" macro-fragmented="32608">
      <mem type="soa" free="3537632" total="27120640" percent="13" />
      <mem type="loa" free="273408" total="273408" percent="100" />
    </mem>
    <remembered-set count="324" />
  </mem-info>
</gc-end>
<cycle-end id="5260" type="scavenge" contextid="5254" timestamp="2019-08-08T09:56:31.606" />
  <attribute name="elasticGC enabled" value="1" />
  <attribute name= "numThreadsSpecified" value="16" />
  <attribute name="heapSize specified" value="263454720" />
  <attribute name="Current GC Util" value="4" />
  <attribute name= "Current Time Running" value="183446" />
  <attribute name ="GC Interval" value="2657" />
  <attribute name="Target GC Util Change" value ="80.000000" />
  <attribute name="Current GC Util Change" value="4.000000"/>
  <attribute name="Current Error" value="363.000000" />
  <attribute name="Output H" value="318056776"/>
  <attribute name="Output I" value="2656"/>
  <attribute name="Output T" value="16"/>
  <attribute name= "Current Time Running" value="183446" />
  <attribute name="GC Util currently" value="4" />
  <attribute name="CPU Util currently" value="5415996942" />
<allocation-satisfied id="5261" threadId="00000000024ED700" bytesRequested="16392" />
<af-end id="5262" timestamp="2019-08-08T09:56:31.606" threadId="00000000024EE088" success="true" from="nursery"/>
<exclusive-end id="5263" timestamp="2019-08-08T09:56:31.606" durationms="12.177" />

<exclusive-start id="5264" timestamp="2019-08-08T09:56:31.767" intervalms="172.916">
  <response-info timems="0.285" idlems="0.285" threads="0" lastid="00000000024F4F00" lastname="Thread-42" />
</exclusive-start>
<af-start id="5265" threadId="00000000024F5888" totalBytesRequested="2056" timestamp="2019-08-08T09:56:31.767" intervalms="173.127" type="nursery" />
<cycle-start id="5266" type="scavenge" contextid="0" timestamp="2019-08-08T09:56:31.767" intervalms="173.153" />
<gc-start id="5267" type="scavenge" contextid="5266" timestamp="2019-08-08T09:56:31.767">
  <mem-info id="5268" free="3811040" total="317980672" percent="1">
    <mem type="nursery" free="0" total="290586624" percent="0">
      <mem type="allocate" free="0" total="261488640" percent="0" />
      <mem type="survivor" free="0" total="29097984" percent="0" />
    </mem>
    <mem type="tenure" free="3811040" total="27394048" percent="13">
      <mem type="soa" free="3537632" total="27120640" percent="13" />
      <mem type="loa" free="273408" total="273408" percent="100" />
    </mem>
    <remembered-set count="943" />
  </mem-info>
</gc-start>
<allocation-stats totalBytes="257018240" >
  <allocated-bytes non-tlh="16392" tlh="257001848" />
  <largest-consumer threadName="Thread-46" threadId="000000000250F200" bytes="33784120" />
</allocation-stats>
<gc-op id="5269" type="scavenge" timems="5.101" contextid="5266" timestamp="2019-08-08T09:56:31.772">
  <scavenger-info tenureage="14" tenuremask="4000" tiltratio="89" />
  <memory-copied type="nursery" objects="9629" bytes="3844104" bytesdiscarded="198168" />
  <memory-copied type="tenure" objects="2" bytes="216" bytesdiscarded="0" />
  <references type="weak" candidates="1" cleared="0" enqueued="0" />
  <references type="phantom" candidates="2" cleared="0" enqueued="0" />
</gc-op>
<gc-end id="5270" type="scavenge" contextid="5266" durationms="5.556" usertimems="8.724" systemtimems="3.455" timestamp="2019-08-08T09:56:31.773" activeThreads="16">
  <mem-info id="5271" free="261241024" total="317980672" percent="82">
    <mem type="nursery" free="257446112" total="290586624" percent="88">
      <mem type="allocate" free="257446112" total="261488640" percent="98" />
      <mem type="survivor" free="0" total="29097984" percent="0" />
    </mem>
    <mem type="tenure" free="3794912" total="27394048" percent="13" macro-fragmented="2592282">
      <mem type="soa" free="3521504" total="27120640" percent="12" />
      <mem type="loa" free="273408" total="273408" percent="100" />
    </mem>
    <remembered-set count="331" />
  </mem-info>
</gc-end>
<cycle-end id="5272" type="scavenge" contextid="5266" timestamp="2019-08-08T09:56:31.773" />
  <attribute name="elasticGC enabled" value="1" />
  <attribute name= "numThreadsSpecified" value="16" />
  <attribute name="heapSize specified" value="263454720" />
  <attribute name="Current GC Util" value="29" />
  <attribute name= "Current Time Running" value="183619" />
  <attribute name ="GC Interval" value="2753" />
  <attribute name="Target GC Util Change" value ="80.000000" />
  <attribute name="Current GC Util Change" value="29.000000"/>
  <attribute name="Current Error" value="414.000000" />
  <attribute name="Output H" value="318056832"/>
  <attribute name="Output I" value="2752"/>
  <attribute name="Output T" value="16"/>
  <attribute name= "Current Time Running" value="183619" />
  <attribute name="GC Util currently" value="29" />
  <attribute name="CPU Util currently" value="6656526566" />
<allocation-satisfied id="5273" threadId="00000000024F4F00" bytesRequested="2056" />
<af-end id="5274" timestamp="2019-08-08T09:56:31.774" threadId="00000000024F5888" success="true" from="nursery"/>
<exclusive-end id="5275" timestamp="2019-08-08T09:56:31.774" durationms="7.128" />

<exclusive-start id="5276" timestamp="2019-08-08T09:56:31.978" intervalms="211.849">
  <response-info timems="0.870" idlems="0.330" threads="2" lastid="0000000002507A00" lastname="Thread-47" />
</exclusive-start>
<af-start id="5277" threadId="00000000024E6888" totalBytesRequested="2056" timestamp="2019-08-08T09:56:31.979" intervalms="211.472" type="nursery" />
<cycle-start id="5278" type="scavenge" contextid="0" timestamp="2019-08-08T09:56:31.979" intervalms="211.445" />
<gc-start id="5279" type="scavenge" contextid="5278" timestamp="2019-08-08T09:56:31.979">
  <mem-info id="5280" free="3794912" total="317980672" percent="1">
    <mem type="nursery" free="0" total="290586624" percent="0">
      <mem type="allocate" free="0" total="261488640" percent="0" />
      <mem type="survivor" free="0" total="29097984" percent="0" />
    </mem>
    <mem type="tenure" free="3794912" total="27394048" percent="13">
      <mem type="soa" free="3521504" total="27120640" percent="12" />
      <mem type="loa" free="273408" total="273408" percent="100" />
    </mem>
    <remembered-set count="942" />
  </mem-info>
</gc-start>
<allocation-stats totalBytes="257198640" >
  <allocated-bytes non-tlh="2056" tlh="257196584" />
  <largest-consumer threadName="Thread-46" threadId="000000000250F200" bytes="29112736" />
</allocation-stats>
<gc-op id="5281" type="scavenge" timems="4.532" contextid="5278" timestamp="2019-08-08T09:56:31.983">
  <scavenger-info tenureage="14" tenuremask="4000" tiltratio="89" />
  <memory-copied type="nursery" objects="9979" bytes="3958368" bytesdiscarded="415832" />
  <memory-copied type="tenure" objects="4" bytes="432" bytesdiscarded="0" />
  <references type="phantom" candidates="3" cleared="0" enqueued="0" />
</gc-op>
<gc-end id="5282" type="scavenge" contextid="5278" durationms="4.905" usertimems="4.955" systemtimems="4.730" timestamp="2019-08-08T09:56:31.984" activeThreads="16">
  <mem-info id="5283" free="260909072" total="317980672" percent="82">
    <mem type="nursery" free="257114160" total="290586624" percent="88">
      <mem type="allocate" free="257114160" total="261488640" percent="98" />
      <mem type="survivor" free="0" total="29097984" percent="0" />
    </mem>
    <mem type="tenure" free="3794912" total="27394048" percent="13" macro-fragmented="2160235">
      <mem type="soa" free="3521504" total="27120640" percent="12" />
      <mem type="loa" free="273408" total="273408" percent="100" />
    </mem>
    <remembered-set count="342" />
  </mem-info>
</gc-end>
<cycle-end id="5284" type="scavenge" contextid="5278" timestamp="2019-08-08T09:56:31.984" />
  <attribute name="elasticGC enabled" value="1" />
  <attribute name= "numThreadsSpecified" value="16" />
  <attribute name="heapSize specified" value="263454720" />
  <attribute name="Current GC Util" value="5" />
  <attribute name= "Current Time Running" value="183831" />
  <attribute name ="GC Interval" value="2145" />
  <attribute name="Target GC Util Change" value ="80.000000" />
  <attribute name="Current GC Util Change" value="5.000000"/>
  <attribute name="Current Error" value="75.000000" />
  <attribute name="Output H" value="318056440"/>
  <attribute name="Output I" value="2144"/>
  <attribute name="Output T" value="16"/>
  <attribute name= "Current Time Running" value="183831" />
  <attribute name="GC Util currently" value="5" />
  <attribute name="CPU Util currently" value="5451610638" />
<allocation-satisfied id="5285" threadId="00000000024E5F00" bytesRequested="2056" />
<af-end id="5286" timestamp="2019-08-08T09:56:31.984" threadId="00000000024E6888" success="true" from="nursery"/>
<exclusive-end id="5287" timestamp="2019-08-08T09:56:31.984" durationms="5.244" />

<exclusive-start id="5288" timestamp="2019-08-08T09:56:32.272" intervalms="293.114">
  <response-info timems="1.313" idlems="0.678" threads="1" lastid="0000000002500200" lastname="Thread-44" />
</exclusive-start>
<af-start id="5289" threadId="00000000024F1C88" totalBytesRequested="32776" timestamp="2019-08-08T09:56:32.272" intervalms="293.121" type="nursery" />
<cycle-start id="5290" type="scavenge" contextid="0" timestamp="2019-08-08T09:56:32.272" intervalms="293.123" />
<gc-start id="5291" type="scavenge" contextid="5290" timestamp="2019-08-08T09:56:32.272">
  <mem-info id="5292" free="3794912" total="317980672" percent="1">
    <mem type="nursery" free="0" total="290586624" percent="0">
      <mem type="allocate" free="0" total="261488640" percent="0" />
      <mem type="survivor" free="0" total="29097984" percent="0" />
    </mem>
    <mem type="tenure" free="3794912" total="27394048" percent="13">
      <mem type="soa" free="3521504" total="27120640" percent="12" />
      <mem type="loa" free="273408" total="273408" percent="100" />
    </mem>
    <remembered-set count="946" />
  </mem-info>
</gc-start>
<allocation-stats totalBytes="256852240" >
  <allocated-bytes non-tlh="2056" tlh="256850184" />
  <largest-consumer threadName="Thread-46" threadId="000000000250F200" bytes="31319304" />
</allocation-stats>
<gc-op id="5293" type="scavenge" timems="15.142" contextid="5290" timestamp="2019-08-08T09:56:32.287">
  <scavenger-info tenureage="14" tenuremask="4000" tiltratio="89" />
  <memory-copied type="nursery" objects="10249" bytes="4149768" bytesdiscarded="484752" />
  <memory-copied type="tenure" objects="3" bytes="328" bytesdiscarded="0" />
  <references type="weak" candidates="1" cleared="0" enqueued="0" />
  <references type="phantom" candidates="1" cleared="0" enqueued="0" />
</gc-op>
<gc-end id="5294" type="scavenge" contextid="5290" durationms="16.348" usertimems="26.924" systemtimems="7.114" timestamp="2019-08-08T09:56:32.288" activeThreads="16">
  <mem-info id="5295" free="260632632" total="317980672" percent="81">
    <mem type="nursery" free="256853848" total="290586624" percent="88">
      <mem type="allocate" free="256853848" total="261488640" percent="98" />
      <mem type="survivor" free="0" total="29097984" percent="0" />
    </mem>
    <mem type="tenure" free="3778784" total="27394048" percent="13" macro-fragmented="2160235">
      <mem type="soa" free="3505376" total="27120640" percent="12" />
      <mem type="loa" free="273408" total="273408" percent="100" />
    </mem>
    <remembered-set count="319" />
  </mem-info>
</gc-end>
<cycle-end id="5296" type="scavenge" contextid="5290" timestamp="2019-08-08T09:56:32.288" />
  <attribute name="elasticGC enabled" value="1" />
  <attribute name= "numThreadsSpecified" value="16" />
  <attribute name="heapSize specified" value="263454720" />
  <attribute name="Current GC Util" value="3" />
  <attribute name= "Current Time Running" value="184124" />
  <attribute name ="GC Interval" value="2281" />
  <attribute name="Target GC Util Change" value ="80.000000" />
  <attribute name="Current GC Util Change" value="3.000000"/>
  <attribute name="Current Error" value="152.000000" />
  <attribute name="Output H" value="318056528"/>
  <attribute name="Output I" value="2280"/>
  <attribute name="Output T" value="16"/>
  <attribute name= "Current Time Running" value="184124" />
  <attribute name="GC Util currently" value="3" />
  <attribute name="CPU Util currently" value="3934155008" />
<allocation-satisfied id="5297" threadId="00000000024F1300" bytesRequested="32776" />
<af-end id="5298" timestamp="2019-08-08T09:56:32.288" threadId="00000000024F1C88" success="true" from="nursery"/>
<exclusive-end id="5299" timestamp="2019-08-08T09:56:32.288" durationms="16.893" />

<exclusive-start id="5300" timestamp="2019-08-08T09:56:32.697" intervalms="425.484">
  <response-info timems="1.757" idlems="0.484" threads="3" lastid="00000000024E2300" lastname="Thread-45" />
</exclusive-start>
<af-start id="5301" threadId="00000000024EA488" totalBytesRequested="48" timestamp="2019-08-08T09:56:32.697" intervalms="425.620" type="nursery" />
<cycle-start id="5302" type="scavenge" contextid="0" timestamp="2019-08-08T09:56:32.697" intervalms="425.626" />
<gc-start id="5303" type="scavenge" contextid="5302" timestamp="2019-08-08T09:56:32.697">
  <mem-info id="5304" free="3778784" total="317980672" percent="1">
    <mem type="nursery" free="0" total="290586624" percent="0">
      <mem type="allocate" free="0" total="261488640" percent="0" />
      <mem type="survivor" free="0" total="29097984" percent="0" />
    </mem>
    <mem type="tenure" free="3778784" total="27394048" percent="13">
      <mem type="soa" free="3505376" total="27120640" percent="12" />
      <mem type="loa" free="273408" total="273408" percent="100" />
    </mem>
    <remembered-set count="950" />
  </mem-info>
</gc-start>
<allocation-stats totalBytes="256733568" >
  <allocated-bytes non-tlh="32776" tlh="256700792" />
  <largest-consumer threadName="Thread-46" threadId="000000000250F200" bytes="30159424" />
</allocation-stats>
<gc-op id="5305" type="scavenge" timems="9.749" contextid="5302" timestamp="2019-08-08T09:56:32.707">
  <scavenger-info tenureage="14" tenuremask="4000" tiltratio="89" />
  <memory-copied type="nursery" objects="10544" bytes="4150776" bytesdiscarded="728008" />
  <memory-copied type="tenure" objects="3" bytes="280" bytesdiscarded="0" />
  <references type="weak" candidates="1" cleared="0" enqueued="0" />
  <references type="phantom" candidates="1" cleared="0" enqueued="0" />
</gc-op>
<gc-end id="5306" type="scavenge" contextid="5302" durationms="9.943" usertimems="21.262" systemtimems="2.862" timestamp="2019-08-08T09:56:32.707" activeThreads="16">
  <mem-info id="5307" free="260388384" total="317980672" percent="81">
    <mem type="nursery" free="256609600" total="290586624" percent="88">
      <mem type="allocate" free="256609600" total="261488640" percent="98" />
      <mem type="survivor" free="0" total="29097984" percent="0" />
    </mem>
    <mem type="tenure" free="3778784" total="27394048" percent="13" macro-fragmented="2592282">
      <mem type="soa" free="3505376" total="27120640" percent="12" />
      <mem type="loa" free="273408" total="273408" percent="100" />
    </mem>
    <remembered-set count="298" />
  </mem-info>
</gc-end>
<cycle-end id="5308" type="scavenge" contextid="5302" timestamp="2019-08-08T09:56:32.707" />
  <attribute name="elasticGC enabled" value="1" />
  <attribute name= "numThreadsSpecified" value="16" />
  <attribute name="heapSize specified" value="263454720" />
  <attribute name="Current GC Util" value="4" />
  <attribute name= "Current Time Running" value="184550" />
  <attribute name ="GC Interval" value="2417" />
  <attribute name="Target GC Util Change" value ="80.000000" />
  <attribute name="Current GC Util Change" value="4.000000"/>
  <attribute name="Current Error" value="228.000000" />
  <attribute name="Output H" value="318056616"/>
  <attribute name="Output I" value="2416"/>
  <attribute name="Output T" value="16"/>
  <attribute name= "Current Time Running" value="184550" />
  <attribute name="GC Util currently" value="4" />
  <attribute name="CPU Util currently" value="2708937953" />
<allocation-satisfied id="5309" threadId="00000000024E9B00" bytesRequested="48" />
<af-end id="5310" timestamp="2019-08-08T09:56:32.707" threadId="00000000024EA488" success="true" from="nursery"/>
<exclusive-end id="5311" timestamp="2019-08-08T09:56:32.707" durationms="10.412" />

<exclusive-start id="5312" timestamp="2019-08-08T09:56:32.944" intervalms="247.341">
  <response-info timems="7.025" idlems="4.789" threads="3" lastid="00000000024F4F00" lastname="Thread-42" />
</exclusive-start>
<af-start id="5313" threadId="0000000002517388" totalBytesRequested="16392" timestamp="2019-08-08T09:56:32.944" intervalms="247.241" type="nursery" />
<cycle-start id="5314" type="scavenge" contextid="0" timestamp="2019-08-08T09:56:32.945" intervalms="247.366" />
<gc-start id="5315" type="scavenge" contextid="5314" timestamp="2019-08-08T09:56:32.945">
  <mem-info id="5316" free="3778784" total="317980672" percent="1">
    <mem type="nursery" free="0" total="290586624" percent="0">
      <mem type="allocate" free="0" total="261488640" percent="0" />
      <mem type="survivor" free="0" total="29097984" percent="0" />
    </mem>
    <mem type="tenure" free="3778784" total="27394048" percent="13">
      <mem type="soa" free="3505376" total="27120640" percent="12" />
      <mem type="loa" free="273408" total="273408" percent="100" />
    </mem>
    <remembered-set count="947" />
  </mem-info>
</gc-start>
<allocation-stats totalBytes="256401392" >
  <allocated-bytes non-tlh="48" tlh="256401344" />
  <largest-consumer threadName="Thread-51" threadId="00000000024ED700" bytes="30017040" />
</allocation-stats>
<gc-op id="5317" type="scavenge" timems="14.325" contextid="5314" timestamp="2019-08-08T09:56:32.959">
  <scavenger-info tenureage="14" tenuremask="4000" tiltratio="89" />
  <memory-copied type="nursery" objects="9420" bytes="3821488" bytesdiscarded="310360" />
  <references type="phantom" candidates="1" cleared="0" enqueued="0" />
</gc-op>
<gc-end id="5318" type="scavenge" contextid="5314" durationms="14.609" usertimems="20.767" systemtimems="1.274" timestamp="2019-08-08T09:56:32.960" activeThreads="16">
  <mem-info id="5319" free="261135312" total="317980672" percent="82">
    <mem type="nursery" free="257356528" total="290586624" percent="88">
      <mem type="allocate" free="257356528" total="261488640" percent="98" />
      <mem type="survivor" free="0" total="29097984" percent="0" />
    </mem>
    <mem type="tenure" free="3778784" total="27394048" percent="13" macro-fragmented="2160235">
      <mem type="soa" free="3505376" total="27120640" percent="12" />
      <mem type="loa" free="273408" total="273408" percent="100" />
    </mem>
    <remembered-set count="316" />
  </mem-info>
</gc-end>
<cycle-end id="5320" type="scavenge" contextid="5314" timestamp="2019-08-08T09:56:32.960" />
  <attribute name="elasticGC enabled" value="1" />
  <attribute name= "numThreadsSpecified" value="16" />
  <attribute name="heapSize specified" value="263454720" />
  <attribute name="Current GC Util" value="5" />
  <attribute name= "Current Time Running" value="184797" />
  <attribute name ="GC Interval" value="2553" />
  <attribute name="Target GC Util Change" value ="80.000000" />
  <attribute name="Current GC Util Change" value="5.000000"/>
  <attribute name="Current Error" value="303.000000" />
  <attribute name="Output H" value="318056704"/>
  <attribute name="Output I" value="2552"/>
  <attribute name="Output T" value="16"/>
  <attribute name= "Current Time Running" value="184797" />
  <attribute name="GC Util currently" value="5" />
  <attribute name="CPU Util currently" value="4654985566" />
<allocation-satisfied id="5321" threadId="0000000002516A00" bytesRequested="16392" />
<af-end id="5322" timestamp="2019-08-08T09:56:32.960" threadId="0000000002517388" success="true" from="nursery"/>
<exclusive-end id="5323" timestamp="2019-08-08T09:56:32.960" durationms="15.663" />

<exclusive-start id="5324" timestamp="2019-08-08T09:56:33.250" intervalms="306.024">
  <response-info timems="8.719" idlems="4.413" threads="1" lastid="00000000024F4F00" lastname="Thread-42" />
</exclusive-start>
<af-start id="5325" threadId="0000000002508388" totalBytesRequested="16392" timestamp="2019-08-08T09:56:33.253" intervalms="308.304" type="nursery" />
<cycle-start id="5326" type="scavenge" contextid="0" timestamp="2019-08-08T09:56:33.253" intervalms="308.292" />
<gc-start id="5327" type="scavenge" contextid="5326" timestamp="2019-08-08T09:56:33.253">
  <mem-info id="5328" free="3778784" total="317980672" percent="1">
    <mem type="nursery" free="0" total="290586624" percent="0">
      <mem type="allocate" free="0" total="261488640" percent="0" />
      <mem type="survivor" free="0" total="29097984" percent="0" />
    </mem>
    <mem type="tenure" free="3778784" total="27394048" percent="13">
      <mem type="soa" free="3505376" total="27120640" percent="12" />
      <mem type="loa" free="273408" total="273408" percent="100" />
    </mem>
    <remembered-set count="948" />
  </mem-info>
</gc-start>
<allocation-stats totalBytes="257146432" >
  <allocated-bytes non-tlh="16392" tlh="257130040" />
  <largest-consumer threadName="Thread-46" threadId="000000000250F200" bytes="28355064" />
</allocation-stats>
<gc-op id="5329" type="scavenge" timems="8.960" contextid="5326" timestamp="2019-08-08T09:56:33.262">
  <scavenger-info tenureage="14" tenuremask="4000" tiltratio="89" />
  <memory-copied type="nursery" objects="10132" bytes="4096656" bytesdiscarded="77648" />
  <references type="phantom" candidates="1" cleared="0" enqueued="0" />
</gc-op>
<gc-end id="5330" type="scavenge" contextid="5326" durationms="9.240" usertimems="12.911" systemtimems="4.284" timestamp="2019-08-08T09:56:33.262" activeThreads="16">
  <mem-info id="5331" free="261092856" total="317980672" percent="82">
    <mem type="nursery" free="257314072" total="290586624" percent="88">
      <mem type="allocate" free="257314072" total="261488640" percent="98" />
      <mem type="survivor" free="0" total="29097984" percent="0" />
    </mem>
    <mem type="tenure" free="3778784" total="27394048" percent="13" macro-fragmented="1800196">
      <mem type="soa" free="3505376" total="27120640" percent="12" />
      <mem type="loa" free="273408" total="273408" percent="100" />
    </mem>
    <remembered-set count="332" />
  </mem-info>
</gc-end>
<cycle-end id="5332" type="scavenge" contextid="5326" timestamp="2019-08-08T09:56:33.262" />
  <attribute name="elasticGC enabled" value="1" />
  <attribute name= "numThreadsSpecified" value="16" />
  <attribute name="heapSize specified" value="263454720" />
  <attribute name="Current GC Util" value="2" />
  <attribute name= "Current Time Running" value="185105" />
  <attribute name ="GC Interval" value="2689" />
  <attribute name="Target GC Util Change" value ="80.000000" />
  <attribute name="Current GC Util Change" value="2.000000"/>
  <attribute name="Current Error" value="381.000000" />
  <attribute name="Output H" value="318056792"/>
  <attribute name="Output I" value="2688"/>
  <attribute name="Output T" value="16"/>
  <attribute name= "Current Time Running" value="185105" />
  <attribute name="GC Util currently" value="2" />
  <attribute name="CPU Util currently" value="3742974642" />
<allocation-satisfied id="5333" threadId="0000000002507A00" bytesRequested="16392" />
<af-end id="5334" timestamp="2019-08-08T09:56:33.262" threadId="0000000002508388" success="true" from="nursery"/>
<exclusive-end id="5335" timestamp="2019-08-08T09:56:33.262" durationms="12.023" />

<exclusive-start id="5336" timestamp="2019-08-08T09:56:34.423" intervalms="1172.128">
  <response-info timems="10.087" idlems="1.933" threads="6" lastid="00000000024ED700" lastname="Thread-51" />
</exclusive-start>
<af-start id="5337" threadId="000000000253CA88" totalBytesRequested="2056" timestamp="2019-08-08T09:56:34.423" intervalms="1169.804" type="nursery" />
<cycle-start id="5338" type="scavenge" contextid="0" timestamp="2019-08-08T09:56:34.423" intervalms="1169.683" />
<gc-start id="5339" type="scavenge" contextid="5338" timestamp="2019-08-08T09:56:34.423">
  <mem-info id="5340" free="3778784" total="317980672" percent="1">
    <mem type="nursery" free="0" total="290586624" percent="0">
      <mem type="allocate" free="0" total="261488640" percent="0" />
      <mem type="survivor" free="0" total="29097984" percent="0" />
    </mem>
    <mem type="tenure" free="3778784" total="27394048" percent="13">
      <mem type="soa" free="3505376" total="27120640" percent="12" />
      <mem type="loa" free="273408" total="273408" percent="100" />
    </mem>
    <remembered-set count="965" />
  </mem-info>
</gc-start>
<allocation-stats totalBytes="257040184" >
  <allocated-bytes non-tlh="16392" tlh="257023792" />
  <largest-consumer threadName="Thread-48" threadId="00000000024E9B00" bytes="27233400" />
</allocation-stats>
<gc-op id="5341" type="scavenge" timems="10.091" contextid="5338" timestamp="2019-08-08T09:56:34.433">
  <scavenger-info tenureage="14" tenuremask="4000" tiltratio="89" />
  <memory-copied type="nursery" objects="8221" bytes="3433280" bytesdiscarded="415056" />
  <memory-copied type="tenure" objects="8" bytes="848" bytesdiscarded="0" />
  <references type="weak" candidates="1" cleared="0" enqueued="0" />
  <references type="phantom" candidates="10" cleared="0" enqueued="0" />
</gc-op>
<gc-end id="5342" type="scavenge" contextid="5338" durationms="10.631" usertimems="20.622" systemtimems="13.176" timestamp="2019-08-08T09:56:34.433" activeThreads="16">
  <mem-info id="5343" free="261418760" total="317980672" percent="82">
    <mem type="nursery" free="257639976" total="290586624" percent="88">
      <mem type="allocate" free="257639976" total="261488640" percent="98" />
      <mem type="survivor" free="0" total="29097984" percent="0" />
    </mem>
    <mem type="tenure" free="3778784" total="27394048" percent="13" macro-fragmented="0">
      <mem type="soa" free="3505376" total="27120640" percent="12" />
      <mem type="loa" free="273408" total="273408" percent="100" />
    </mem>
    <remembered-set count="299" />
  </mem-info>
</gc-end>
<cycle-end id="5344" type="scavenge" contextid="5338" timestamp="2019-08-08T09:56:34.436" />
  <attribute name="elasticGC enabled" value="1" />
  <attribute name= "numThreadsSpecified" value="16" />
  <attribute name="heapSize specified" value="263454720" />
  <attribute name="Current GC Util" value="0" />
  <attribute name= "Current Time Running" value="186275" />
  <attribute name ="GC Interval" value="2833" />
  <attribute name="Target GC Util Change" value ="80.000000" />
  <attribute name="Current GC Util Change" value="0.000000"/>
  <attribute name="Current Error" value="461.000000" />
  <attribute name="Output H" value="318056888"/>
  <attribute name="Output I" value="2832"/>
  <attribute name="Output T" value="16"/>
  <attribute name= "Current Time Running" value="186275" />
  <attribute name="GC Util currently" value="0" />
  <attribute name="CPU Util currently" value="985548481" />
<allocation-satisfied id="5345" threadId="000000000253C100" bytesRequested="2056" />
<af-end id="5346" timestamp="2019-08-08T09:56:34.436" threadId="000000000253CA88" success="true" from="nursery"/>
<exclusive-end id="5347" timestamp="2019-08-08T09:56:34.436" durationms="13.157" />

<exclusive-start id="5348" timestamp="2019-08-08T09:56:34.907" intervalms="484.754">
  <response-info timems="3.166" idlems="3.166" threads="0" lastid="0000000002530D00" lastname="Thread-40" />
</exclusive-start>
<af-start id="5349" threadId="0000000002531688" totalBytesRequested="8200" timestamp="2019-08-08T09:56:34.907" intervalms="484.779" type="nursery" />
<cycle-start id="5350" type="scavenge" contextid="0" timestamp="2019-08-08T09:56:34.907" intervalms="484.790" />
<gc-start id="5351" type="scavenge" contextid="5350" timestamp="2019-08-08T09:56:34.908">
  <mem-info id="5352" free="3778784" total="317980672" percent="1">
    <mem type="nursery" free="0" total="290586624" percent="0">
      <mem type="allocate" free="0" total="261488640" percent="0" />
      <mem type="survivor" free="0" total="29097984" percent="0" />
    </mem>
    <mem type="tenure" free="3778784" total="27394048" percent="13">
      <mem type="soa" free="3505376" total="27120640" percent="12" />
      <mem type="loa" free="273408" total="273408" percent="100" />
    </mem>
    <remembered-set count="946" />
  </mem-info>
</gc-start>
<allocation-stats totalBytes="257413416" >
  <allocated-bytes non-tlh="2056" tlh="257411360" />
  <largest-consumer threadName="Thread-52" threadId="0000000002521D00" bytes="21245416" />
</allocation-stats>
<gc-op id="5353" type="scavenge" timems="9.931" contextid="5350" timestamp="2019-08-08T09:56:34.917">
  <scavenger-info tenureage="14" tenuremask="4000" tiltratio="89" />
  <memory-copied type="nursery" objects="10007" bytes="4046944" bytesdiscarded="692736" />
  <memory-copied type="tenure" objects="1" bytes="104" bytesdiscarded="0" />
  <references type="phantom" candidates="3" cleared="0" enqueued="0" />
</gc-op>
<gc-end id="5354" type="scavenge" contextid="5350" durationms="10.826" usertimems="18.479" systemtimems="12.661" timestamp="2019-08-08T09:56:34.918" activeThreads="16">
  <mem-info id="5355" free="260527464" total="317980672" percent="81">
    <mem type="nursery" free="256748680" total="290586624" percent="88">
      <mem type="allocate" free="256748680" total="261488640" percent="98" />
      <mem type="survivor" free="0" total="29097984" percent="0" />
    </mem>
    <mem type="tenure" free="3778784" total="27394048" percent="13" macro-fragmented="2592282">
      <mem type="soa" free="3505376" total="27120640" percent="12" />
      <mem type="loa" free="273408" total="273408" percent="100" />
    </mem>
    <remembered-set count="326" />
  </mem-info>
</gc-end>
<cycle-end id="5356" type="scavenge" contextid="5350" timestamp="2019-08-08T09:56:34.920" />
  <attribute name="elasticGC enabled" value="1" />
  <attribute name= "numThreadsSpecified" value="16" />
  <attribute name="heapSize specified" value="263454720" />
  <attribute name="Current GC Util" value="5" />
  <attribute name= "Current Time Running" value="186760" />
  <attribute name ="GC Interval" value="2145" />
  <attribute name="Target GC Util Change" value ="80.000000" />
  <attribute name="Current GC Util Change" value="5.000000"/>
  <attribute name="Current Error" value="75.000000" />
  <attribute name="Output H" value="318056440"/>
  <attribute name="Output I" value="2144"/>
  <attribute name="Output T" value="16"/>
  <attribute name= "Current Time Running" value="186760" />
  <attribute name="GC Util currently" value="5" />
  <attribute name="CPU Util currently" value="2379065196" />
<allocation-satisfied id="5357" threadId="0000000002530D00" bytesRequested="8200" />
<af-end id="5358" timestamp="2019-08-08T09:56:34.920" threadId="0000000002531688" success="true" from="nursery"/>
<exclusive-end id="5359" timestamp="2019-08-08T09:56:34.920" durationms="12.950" />

===== DaCapo 9.12-MR1 xalan PASSED in 15017 msec =====
</verbosegc>

