
<?xml version="1.0" ?>

<verbosegc xmlns="http://www.ibm.com/j9/verbosegc" version="6fe7bac_CMPRSS">

<gc check installed>
<initialized id="1" timestamp="2019-08-08T09:20:08.783">
  <attribute name="gcPolicy" value="-Xgcpolicy:gencon" />
  <attribute name="elasticGC enabled" value="1" />
  <attribute name= "numThreadsSpecified" value="0" />
  <attribute name="heapSize specified" value="0" />
  <attribute name="Current GC Util" value="0" />
  <attribute name= "Current Time Running" value="0" />
  <attribute name ="GC Interval" value="0" />
  <attribute name="Target GC Util Change" value ="0.000000" />
  <attribute name="Current GC Util Change" value="0.000000"/>
  <attribute name="Current Error" value="0.000000" />
  <attribute name="Output H" value="0"/>
  <attribute name="Output I" value="0"/>
  <attribute name="Output T" value="0"/>
  <attribute name= "Current Time Running" value="0" />
  <attribute name="GC Util currently" value="0" />
  <attribute name="CPU Util currently" value="0" />
  <attribute name="maxHeapSize" value="0xfa900000" />
  <attribute name="initialHeapSize" value="0x800000" />
  <attribute name="compressedRefs" value="true" />
  <attribute name="compressedRefsDisplacement" value="0x0" />
  <attribute name="compressedRefsShift" value="0x3" />
  <attribute name="pageSize" value="0x1000" />
  <attribute name="pageType" value="not used" />
  <attribute name="requestedPageSize" value="0x1000" />
  <attribute name="requestedPageType" value="not used" />
  <attribute name="gcthreads" value="16" />
  <attribute name="gcthreads Concurrent Mark" value="1" />
  <attribute name="packetListSplit" value="16" />
  <attribute name="cacheListSplit" value="16" />
  <attribute name="splitFreeListSplitAmount" value="2" />
  <attribute name="numaNodes" value="0" />
  <system>
    <attribute name="physicalMemory" value="16815001600" />
    <attribute name="numCPUs" value="16" />
    <attribute name="architecture" value="amd64" />
    <attribute name="os" value="Linux" />
    <attribute name="osVersion" value="4.15.0" />
  </system>
  <vmargs>
    <vmarg name="-Xoptionsfile=/jdk/lib/options.default" />
    <vmarg name="-Xlockword:mode=default,noLockword=java/lang/String,noLockword=java/util/MapEntry,noLockword=java/util/HashMap$Entry,noLockword..." />
    <vmarg name="-Xjcl:jclse29" />
    <vmarg name="-Dcom.ibm.oti.vm.bootstrap.library.path=/jdk/lib/compressedrefs:/jdk/lib" />
    <vmarg name="-Dsun.boot.library.path=/jdk/lib/compressedrefs:/jdk/lib" />
    <vmarg name="-Djava.library.path=/jdk/lib/compressedrefs:/jdk/lib:/usr/lib64:/usr/lib" />
    <vmarg name="-Djava.home=/jdk" />
    <vmarg name="-Duser.dir=/" />
    <vmarg name="-Xgcelastic" />
    <vmarg name="-Xcheck:gc:::elasticGC" />
    <vmarg name="-verbose:gc" />
    <vmarg name="-Djava.class.path=dacapo-9.12-MR1-bach.jar" />
    <vmarg name="-Dsun.java.command=dacapo-9.12-MR1-bach.jar avrora jython pmd sunflow xalan --size=large" />
    <vmarg name="-Dsun.java.launcher=SUN_STANDARD" />
    <vmarg name="-Dsun.java.launcher.pid=1" />
  </vmargs>
</initialized>

<exclusive-start id="2" timestamp="2019-08-08T09:20:08.889" intervalms="105.825">
  <response-info timems="0.044" idlems="0.044" threads="0" lastid="0000000000AEAF00" lastname="main" />
</exclusive-start>
<af-start id="3" threadId="0000000000AEB888" totalBytesRequested="72" timestamp="2019-08-08T09:20:08.889" intervalms="105.944" type="nursery" />
<cycle-start id="4" type="scavenge" contextid="0" timestamp="2019-08-08T09:20:08.889" intervalms="105.969" />
<gc check: start verifying slots before local gc (1)>
<gc check: finished verifying slots before local gc (1)>
<gc-start id="5" type="scavenge" contextid="4" timestamp="2019-08-08T09:20:08.895">
  <mem-info id="6" free="6064048" total="8388608" percent="72">
    <mem type="nursery" free="0" total="2097152" percent="0">
      <mem type="allocate" free="0" total="1048576" percent="0" />
      <mem type="survivor" free="0" total="1048576" percent="0" />
    </mem>
    <mem type="tenure" free="6064048" total="6291456" percent="96">
      <mem type="soa" free="5749680" total="5977088" percent="96" />
      <mem type="loa" free="314368" total="314368" percent="100" />
    </mem>
    <remembered-set count="3133" />
  </mem-info>
</gc-start>
<allocation-stats totalBytes="1275184" >
  <allocated-bytes non-tlh="268992" tlh="1006192" />
  <largest-consumer threadName="main" threadId="0000000000AEAF00" bytes="1190664" />
</allocation-stats>
<gc-op id="7" type="scavenge" timems="1.767" contextid="4" timestamp="2019-08-08T09:20:08.897">
  <scavenger-info tenureage="2" tenuremask="fffc" tiltratio="50" />
  <memory-copied type="nursery" objects="10639" bytes="474032" bytesdiscarded="75608" />
  <finalization candidates="11" enqueued="0" />
  <references type="soft" candidates="62" cleared="0" enqueued="0" dynamicThreshold="32" maxThreshold="32" />
  <references type="weak" candidates="302" cleared="171" enqueued="135" />
  <references type="phantom" candidates="20" cleared="4" enqueued="4" />
</gc-op>
<gc check: start verifying slots after local gc (1)>
<gc check: finished verifying slots after local gc (1)>
<gc-end id="8" type="scavenge" contextid="4" durationms="5.885" usertimems="7.661" systemtimems="0.084" timestamp="2019-08-08T09:20:08.901" activeThreads="16">
  <mem-info id="9" free="6560792" total="8388608" percent="78">
    <mem type="nursery" free="496744" total="2097152" percent="23">
      <mem type="allocate" free="496744" total="1048576" percent="47" />
      <mem type="survivor" free="0" total="1048576" percent="0" />
    </mem>
    <mem type="tenure" free="6064048" total="6291456" percent="96">
      <mem type="soa" free="5749680" total="5977088" percent="96" />
      <mem type="loa" free="314368" total="314368" percent="100" />
    </mem>
    <pending-finalizers system="0" default="0" reference="139" classloader="0" />
    <remembered-set count="3133" />
  </mem-info>
</gc-end>
<cycle-end id="10" type="scavenge" contextid="4" timestamp="2019-08-08T09:20:08.901" />
  <attribute name="elasticGC enabled" value="1" />
  <attribute name= "numThreadsSpecified" value="0" />
  <attribute name="heapSize specified" value="0" />
  <attribute name="Current GC Util" value="0" />
  <attribute name= "Current Time Running" value="49" />
  <attribute name ="GC Interval" value="1" />
  <attribute name="Target GC Util Change" value ="80.000000" />
  <attribute name="Current GC Util Change" value="0.000000"/>
  <attribute name="Current Error" value="0.000000" />
  <attribute name="Output H" value="0"/>
  <attribute name="Output I" value="0"/>
  <attribute name="Output T" value="0"/>
  <attribute name= "Current Time Running" value="49" />
  <attribute name="GC Util currently" value="0" />
  <attribute name="CPU Util currently" value="10" />
<allocation-satisfied id="11" threadId="0000000000AEAF00" bytesRequested="72" />
<af-end id="12" timestamp="2019-08-08T09:20:08.901" threadId="0000000000AEB888" success="true" from="nursery"/>
<exclusive-end id="13" timestamp="2019-08-08T09:20:08.901" durationms="12.020" />

<exclusive-start id="14" timestamp="2019-08-08T09:20:08.933" intervalms="43.494">
  <response-info timems="0.015" idlems="0.015" threads="0" lastid="0000000000AEAF00" lastname="main" />
</exclusive-start>
<af-start id="15" threadId="0000000000AEB888" totalBytesRequested="3616" timestamp="2019-08-08T09:20:08.933" intervalms="43.442" type="nursery" />
<cycle-start id="16" type="scavenge" contextid="0" timestamp="2019-08-08T09:20:08.933" intervalms="43.439" />
<gc check: start verifying slots before local gc (2)>
<gc check: finished verifying slots before local gc (2)>
<gc-start id="17" type="scavenge" contextid="16" timestamp="2019-08-08T09:20:08.940">
  <mem-info id="18" free="6054624" total="8388608" percent="72">
    <mem type="nursery" free="0" total="2097152" percent="0">
      <mem type="allocate" free="0" total="1048576" percent="0" />
      <mem type="survivor" free="0" total="1048576" percent="0" />
    </mem>
    <mem type="tenure" free="6054624" total="6291456" percent="96">
      <mem type="soa" free="5740256" total="5977088" percent="96" />
      <mem type="loa" free="314368" total="314368" percent="100" />
    </mem>
    <remembered-set count="3265" />
  </mem-info>
</gc-start>
<allocation-stats totalBytes="503040" >
  <allocated-bytes non-tlh="9496" tlh="493544" />
  <largest-consumer threadName="main" threadId="0000000000AEAF00" bytes="491064" />
</allocation-stats>
<gc-op id="19" type="scavenge" timems="7.242" contextid="16" timestamp="2019-08-08T09:20:08.948">
  <scavenger-info tenureage="5" tenuremask="7fe0" tiltratio="50" />
  <memory-copied type="nursery" objects="11047" bytes="494248" bytesdiscarded="49696" />
  <finalization candidates="11" enqueued="0" />
  <references type="soft" candidates="62" cleared="0" enqueued="0" dynamicThreshold="32" maxThreshold="32" />
  <references type="weak" candidates="255" cleared="110" enqueued="107" />
  <references type="phantom" candidates="41" cleared="14" enqueued="14" />
</gc-op>
<heap-resize id="20" type="expand" space="nursery" amount="131072" count="1" timems="0.015" reason="excessive time being spent scavenging" timestamp="2019-08-08T09:20:08.948" />
<gc check: start verifying slots after local gc (2)>
<gc check: finished verifying slots after local gc (2)>
<gc-end id="21" type="scavenge" contextid="16" durationms="10.839" usertimems="13.593" systemtimems="0.000" timestamp="2019-08-08T09:20:08.951" activeThreads="16">
  <mem-info id="22" free="6623224" total="8519680" percent="77">
    <mem type="nursery" free="568600" total="2228224" percent="25">
      <mem type="allocate" free="568600" total="1114112" percent="51" />
      <mem type="survivor" free="0" total="1114112" percent="0" />
    </mem>
    <mem type="tenure" free="6054624" total="6291456" percent="96">
      <mem type="soa" free="5740256" total="5977088" percent="96" />
      <mem type="loa" free="314368" total="314368" percent="100" />
    </mem>
    <pending-finalizers system="0" default="0" reference="121" classloader="0" />
    <remembered-set count="3265" />
  </mem-info>
</gc-end>
<cycle-end id="23" type="scavenge" contextid="16" timestamp="2019-08-08T09:20:08.951" />
  <attribute name="elasticGC enabled" value="1" />
  <attribute name= "numThreadsSpecified" value="0" />
  <attribute name="heapSize specified" value="0" />
  <attribute name="Current GC Util" value="32" />
  <attribute name= "Current Time Running" value="94" />
  <attribute name ="GC Interval" value="1" />
  <attribute name="Target GC Util Change" value ="80.000000" />
  <attribute name="Current GC Util Change" value="32.000000"/>
  <attribute name="Current Error" value="0.000000" />
  <attribute name="Output H" value="0"/>
  <attribute name="Output I" value="0"/>
  <attribute name="Output T" value="0"/>
  <attribute name= "Current Time Running" value="94" />
  <attribute name="GC Util currently" value="32" />
  <attribute name="CPU Util currently" value="14" />
<allocation-satisfied id="24" threadId="0000000000AEAF00" bytesRequested="3616" />
<af-end id="25" timestamp="2019-08-08T09:20:08.951" threadId="0000000000AEB888" success="true" from="nursery"/>
<exclusive-end id="26" timestamp="2019-08-08T09:20:08.951" durationms="18.460" />

<exclusive-start id="27" timestamp="2019-08-08T09:20:08.966" intervalms="32.940">
  <response-info timems="0.034" idlems="0.034" threads="0" lastid="0000000000AEAF00" lastname="main" />
</exclusive-start>
<af-start id="28" threadId="0000000000AEB888" totalBytesRequested="8200" timestamp="2019-08-08T09:20:08.966" intervalms="32.902" type="nursery" />
<cycle-start id="29" type="scavenge" contextid="0" timestamp="2019-08-08T09:20:08.966" intervalms="32.896" />
<gc check: start verifying slots before local gc (3)>
<gc check: finished verifying slots before local gc (3)>
<gc-start id="30" type="scavenge" contextid="29" timestamp="2019-08-08T09:20:08.970">
  <mem-info id="31" free="6048504" total="8519680" percent="70">
    <mem type="nursery" free="0" total="2228224" percent="0">
      <mem type="allocate" free="0" total="1114112" percent="0" />
      <mem type="survivor" free="0" total="1114112" percent="0" />
    </mem>
    <mem type="tenure" free="6048504" total="6291456" percent="96">
      <mem type="soa" free="5734136" total="5977088" percent="95" />
      <mem type="loa" free="314368" total="314368" percent="100" />
    </mem>
    <remembered-set count="3359" />
  </mem-info>
</gc-start>
<allocation-stats totalBytes="551976" >
  <allocated-bytes non-tlh="24760" tlh="527216" />
  <largest-consumer threadName="main" threadId="0000000000AEAF00" bytes="543784" />
</allocation-stats>
<gc-op id="32" type="scavenge" timems="6.709" contextid="29" timestamp="2019-08-08T09:20:08.976">
  <scavenger-info tenureage="4" tenuremask="7ff0" tiltratio="50" />
  <memory-copied type="nursery" objects="11239" bytes="503776" bytesdiscarded="155272" />
  <finalization candidates="12" enqueued="0" />
  <references type="soft" candidates="63" cleared="0" enqueued="0" dynamicThreshold="32" maxThreshold="32" />
  <references type="weak" candidates="256" cleared="111" enqueued="111" />
  <references type="phantom" candidates="50" cleared="18" enqueued="18" />
</gc-op>
<heap-resize id="33" type="expand" space="nursery" amount="262144" count="1" timems="0.011" reason="excessive time being spent scavenging" timestamp="2019-08-08T09:20:08.976" />
<gc-end id="34" type="scavenge" contextid="29" durationms="6.783" usertimems="9.676" systemtimems="0.127" timestamp="2019-08-08T09:20:08.977" activeThreads="16">
  <mem-info id="35" free="6633064" total="8781824" percent="75">
    <mem type="nursery" free="584560" total="2490368" percent="23">
      <mem type="allocate" free="584560" total="1245184" percent="46" />
      <mem type="survivor" free="0" total="1245184" percent="0" />
    </mem>
    <mem type="tenure" free="6048504" total="6291456" percent="96">
      <mem type="soa" free="5734136" total="5977088" percent="95" />
      <mem type="loa" free="314368" total="314368" percent="100" />
    </mem>
    <pending-finalizers system="0" default="0" reference="129" classloader="0" />
    <remembered-set count="1117" />
  </mem-info>
</gc-end>
<cycle-end id="36" type="scavenge" contextid="29" timestamp="2019-08-08T09:20:08.977" />
  <attribute name="elasticGC enabled" value="1" />
  <attribute name= "numThreadsSpecified" value="16" />
  <attribute name="heapSize specified" value="0" />
  <attribute name="Current GC Util" value="71" />
  <attribute name= "Current Time Running" value="123" />
  <attribute name ="GC Interval" value="2025" />
  <attribute name="Target GC Util Change" value ="80.000000" />
  <attribute name="Current GC Util Change" value="71.000000"/>
  <attribute name="Current Error" value="9.000000" />
  <attribute name="Output H" value="8595376"/>
  <attribute name="Output I" value="2024"/>
  <attribute name="Output T" value="16"/>
  <attribute name= "Current Time Running" value="123" />
  <attribute name="GC Util currently" value="71" />
  <attribute name="CPU Util currently" value="7" />
<allocation-satisfied id="37" threadId="0000000000AEAF00" bytesRequested="8200" />
<af-end id="38" timestamp="2019-08-08T09:20:08.977" threadId="0000000000AEB888" success="true" from="nursery"/>
<exclusive-end id="39" timestamp="2019-08-08T09:20:08.977" durationms="10.895" />

<exclusive-start id="40" timestamp="2019-08-08T09:20:09.003" intervalms="37.392">
  <response-info timems="0.013" idlems="0.013" threads="0" lastid="0000000000AEAF00" lastname="main" />
</exclusive-start>
<af-start id="41" threadId="0000000000AEB888" totalBytesRequested="2056" timestamp="2019-08-08T09:20:09.003" intervalms="37.405" type="nursery" />
<cycle-start id="42" type="scavenge" contextid="0" timestamp="2019-08-08T09:20:09.003" intervalms="37.408" />
<gc-start id="43" type="scavenge" contextid="42" timestamp="2019-08-08T09:20:09.003">
  <mem-info id="44" free="6047520" total="8781824" percent="68">
    <mem type="nursery" free="0" total="2490368" percent="0">
      <mem type="allocate" free="0" total="1245184" percent="0" />
      <mem type="survivor" free="0" total="1245184" percent="0" />
    </mem>
    <mem type="tenure" free="6047520" total="6291456" percent="96">
      <mem type="soa" free="5733152" total="5977088" percent="95" />
      <mem type="loa" free="314368" total="314368" percent="100" />
    </mem>
    <remembered-set count="1132" />
  </mem-info>
</gc-start>
<allocation-stats totalBytes="583160" >
  <allocated-bytes non-tlh="9184" tlh="573976" />
  <largest-consumer threadName="main" threadId="0000000000AEAF00" bytes="579064" />
</allocation-stats>
<gc-op id="45" type="scavenge" timems="3.020" contextid="42" timestamp="2019-08-08T09:20:09.006">
  <scavenger-info tenureage="3" tenuremask="fff8" tiltratio="50" />
  <memory-copied type="nursery" objects="658" bytes="108592" bytesdiscarded="122272" />
  <memory-copied type="tenure" objects="10379" bytes="465832" bytesdiscarded="1096" />
  <finalization candidates="14" enqueued="1" />
  <references type="soft" candidates="1" cleared="0" enqueued="0" dynamicThreshold="32" maxThreshold="32" />
  <references type="weak" candidates="21" cleared="5" enqueued="5" />
  <references type="phantom" candidates="20" cleared="1" enqueued="1" />
</gc-op>
<heap-resize id="46" type="expand" space="nursery" amount="131072" count="1" timems="0.013" reason="excessive time being spent scavenging" timestamp="2019-08-08T09:20:09.006" />
<gc-end id="47" type="scavenge" contextid="42" durationms="3.100" usertimems="2.069" systemtimems="3.242" timestamp="2019-08-08T09:20:09.006" activeThreads="16">
  <mem-info id="48" free="6583120" total="8912896" percent="73">
    <mem type="nursery" free="1079768" total="2621440" percent="41">
      <mem type="allocate" free="1079768" total="1310720" percent="82" />
      <mem type="survivor" free="0" total="1310720" percent="0" />
    </mem>
    <mem type="tenure" free="5503352" total="6291456" percent="87">
      <mem type="soa" free="5188984" total="5977088" percent="86" />
      <mem type="loa" free="314368" total="314368" percent="100" />
    </mem>
    <pending-finalizers system="1" default="0" reference="6" classloader="0" />
    <remembered-set count="246" />
  </mem-info>
</gc-end>
<cycle-end id="49" type="scavenge" contextid="42" timestamp="2019-08-08T09:20:09.006" />
  <attribute name="elasticGC enabled" value="1" />
  <attribute name= "numThreadsSpecified" value="16" />
  <attribute name="heapSize specified" value="0" />
  <attribute name="Current GC Util" value="40" />
  <attribute name= "Current Time Running" value="157" />
  <attribute name ="GC Interval" value="2097" />
  <attribute name="Target GC Util Change" value ="80.000000" />
  <attribute name="Current GC Util Change" value="40.000000"/>
  <attribute name="Current Error" value="49.000000" />
  <attribute name="Output H" value="8857560"/>
  <attribute name="Output I" value="2096"/>
  <attribute name="Output T" value="16"/>
  <attribute name= "Current Time Running" value="157" />
  <attribute name="GC Util currently" value="40" />
  <attribute name="CPU Util currently" value="5" />
<allocation-satisfied id="50" threadId="0000000000AEAF00" bytesRequested="2056" />
<af-end id="51" timestamp="2019-08-08T09:20:09.006" threadId="0000000000AEB888" success="true" from="nursery"/>
<exclusive-end id="52" timestamp="2019-08-08T09:20:09.006" durationms="3.257" />

<exclusive-start id="53" timestamp="2019-08-08T09:20:09.028" intervalms="25.195">
  <response-info timems="0.014" idlems="0.014" threads="0" lastid="0000000000AEAF00" lastname="main" />
</exclusive-start>
<af-start id="54" threadId="0000000000AEB888" totalBytesRequested="2056" timestamp="2019-08-08T09:20:09.028" intervalms="25.208" type="nursery" />
<cycle-start id="55" type="scavenge" contextid="0" timestamp="2019-08-08T09:20:09.028" intervalms="25.209" />
<gc-start id="56" type="scavenge" contextid="55" timestamp="2019-08-08T09:20:09.028">
  <mem-info id="57" free="5503352" total="8912896" percent="61">
    <mem type="nursery" free="0" total="2621440" percent="0">
      <mem type="allocate" free="0" total="1310720" percent="0" />
      <mem type="survivor" free="0" total="1310720" percent="0" />
    </mem>
    <mem type="tenure" free="5503352" total="6291456" percent="87">
      <mem type="soa" free="5188984" total="5977088" percent="86" />
      <mem type="loa" free="314368" total="314368" percent="100" />
    </mem>
    <remembered-set count="246" />
  </mem-info>
</gc-start>
<allocation-stats totalBytes="1074776" >
  <allocated-bytes non-tlh="2056" tlh="1072720" />
  <largest-consumer threadName="main" threadId="0000000000AEAF00" bytes="1074776" />
</allocation-stats>
<gc-op id="58" type="scavenge" timems="1.682" contextid="55" timestamp="2019-08-08T09:20:09.030">
  <scavenger-info tenureage="3" tenuremask="fff8" tiltratio="50" />
  <memory-copied type="nursery" objects="311" bytes="81232" bytesdiscarded="39544" />
  <memory-copied type="tenure" objects="321" bytes="16184" bytesdiscarded="32" />
  <finalization candidates="2" enqueued="0" />
  <references type="soft" candidates="1" cleared="0" enqueued="0" dynamicThreshold="32" maxThreshold="32" />
  <references type="weak" candidates="2" cleared="0" enqueued="0" />
  <references type="phantom" candidates="8" cleared="0" enqueued="0" />
</gc-op>
<gc-end id="59" type="scavenge" contextid="55" durationms="1.752" usertimems="1.468" systemtimems="0.777" timestamp="2019-08-08T09:20:09.030" activeThreads="16">
  <mem-info id="60" free="6702688" total="8912896" percent="75">
    <mem type="nursery" free="1255400" total="2621440" percent="47">
      <mem type="allocate" free="1255400" total="1376256" percent="91" />
      <mem type="survivor" free="0" total="1245184" percent="0" />
    </mem>
    <mem type="tenure" free="5447288" total="6291456" percent="86">
      <mem type="soa" free="5132920" total="5977088" percent="85" />
      <mem type="loa" free="314368" total="314368" percent="100" />
    </mem>
    <remembered-set count="135" />
  </mem-info>
</gc-end>
<cycle-end id="61" type="scavenge" contextid="55" timestamp="2019-08-08T09:20:09.030" />
  <attribute name="elasticGC enabled" value="1" />
  <attribute name= "numThreadsSpecified" value="16" />
  <attribute name="heapSize specified" value="0" />
  <attribute name="Current GC Util" value="21" />
  <attribute name= "Current Time Running" value="182" />
  <attribute name ="GC Interval" value="2201" />
  <attribute name="Target GC Util Change" value ="80.000000" />
  <attribute name="Current GC Util Change" value="21.000000"/>
  <attribute name="Current Error" value="108.000000" />
  <attribute name="Output H" value="8988704"/>
  <attribute name="Output I" value="2200"/>
  <attribute name="Output T" value="16"/>
  <attribute name= "Current Time Running" value="182" />
  <attribute name="GC Util currently" value="21" />
  <attribute name="CPU Util currently" value="45761247694" />
<allocation-satisfied id="62" threadId="0000000000AEAF00" bytesRequested="2056" />
<af-end id="63" timestamp="2019-08-08T09:20:09.030" threadId="0000000000AEB888" success="true" from="nursery"/>
<exclusive-end id="64" timestamp="2019-08-08T09:20:09.030" durationms="1.909" />

<exclusive-start id="65" timestamp="2019-08-08T09:20:09.053" intervalms="25.100">
  <response-info timems="0.013" idlems="0.013" threads="0" lastid="0000000000AEAF00" lastname="main" />
</exclusive-start>
<af-start id="66" threadId="0000000000AEB888" totalBytesRequested="2056" timestamp="2019-08-08T09:20:09.053" intervalms="25.090" type="nursery" />
<cycle-start id="67" type="scavenge" contextid="0" timestamp="2019-08-08T09:20:09.053" intervalms="25.088" />
<gc-start id="68" type="scavenge" contextid="67" timestamp="2019-08-08T09:20:09.053">
  <mem-info id="69" free="5447288" total="8912896" percent="61">
    <mem type="nursery" free="0" total="2621440" percent="0">
      <mem type="allocate" free="0" total="1376256" percent="0" />
      <mem type="survivor" free="0" total="1245184" percent="0" />
    </mem>
    <mem type="tenure" free="5447288" total="6291456" percent="86">
      <mem type="soa" free="5132920" total="5977088" percent="85" />
      <mem type="loa" free="314368" total="314368" percent="100" />
    </mem>
    <remembered-set count="135" />
  </mem-info>
</gc-start>
<allocation-stats totalBytes="1237264" >
  <allocated-bytes non-tlh="2056" tlh="1235208" />
  <largest-consumer threadName="main" threadId="0000000000AEAF00" bytes="1237264" />
</allocation-stats>
<gc-op id="70" type="scavenge" timems="4.564" contextid="67" timestamp="2019-08-08T09:20:09.058">
  <scavenger-info tenureage="3" tenuremask="ffe8" tiltratio="52" />
  <memory-copied type="nursery" objects="117" bytes="72736" bytesdiscarded="720" />
  <memory-copied type="tenure" objects="194" bytes="8456" bytesdiscarded="8" />
  <finalization candidates="2" enqueued="0" />
  <references type="weak" candidates="1" cleared="0" enqueued="0" />
  <references type="phantom" candidates="4" cleared="0" enqueued="0" />
</gc-op>
<heap-resize id="71" type="expand" space="nursery" amount="262144" count="1" timems="0.012" reason="excessive time being spent scavenging" timestamp="2019-08-08T09:20:09.058" />
<gc-end id="72" type="scavenge" contextid="67" durationms="4.653" usertimems="3.780" systemtimems="0.939" timestamp="2019-08-08T09:20:09.058" activeThreads="16">
  <mem-info id="73" free="7127120" total="9175040" percent="77">
    <mem type="nursery" free="1695960" total="2883584" percent="58">
      <mem type="allocate" free="1695960" total="1769472" percent="95" />
      <mem type="survivor" free="0" total="1114112" percent="0" />
    </mem>
    <mem type="tenure" free="5431160" total="6291456" percent="86">
      <mem type="soa" free="5116792" total="5977088" percent="85" />
      <mem type="loa" free="314368" total="314368" percent="100" />
    </mem>
    <remembered-set count="106" />
  </mem-info>
</gc-end>
<cycle-end id="74" type="scavenge" contextid="67" timestamp="2019-08-08T09:20:09.058" />
  <attribute name="elasticGC enabled" value="1" />
  <attribute name= "numThreadsSpecified" value="16" />
  <attribute name="heapSize specified" value="0" />
  <attribute name="Current GC Util" value="8" />
  <attribute name= "Current Time Running" value="207" />
  <attribute name ="GC Interval" value="2337" />
  <attribute name="Target GC Util Change" value ="80.000000" />
  <attribute name="Current GC Util Change" value="8.000000"/>
  <attribute name="Current Error" value="180.000000" />
  <attribute name="Output H" value="8988784"/>
  <attribute name="Output I" value="2336"/>
  <attribute name="Output T" value="16"/>
  <attribute name= "Current Time Running" value="207" />
  <attribute name="GC Util currently" value="8" />
  <attribute name="CPU Util currently" value="3" />
<allocation-satisfied id="75" threadId="0000000000AEAF00" bytesRequested="2056" />
<af-end id="76" timestamp="2019-08-08T09:20:09.058" threadId="0000000000AEB888" success="true" from="nursery"/>
<exclusive-end id="77" timestamp="2019-08-08T09:20:09.058" durationms="4.791" />

<exclusive-start id="78" timestamp="2019-08-08T09:20:09.084" intervalms="30.519">
  <response-info timems="0.015" idlems="0.015" threads="0" lastid="0000000000AEAF00" lastname="main" />
</exclusive-start>
<sys-start reason="explicit" id="79" timestamp="2019-08-08T09:20:09.084" intervalms="300.508" />
<cycle-start id="80" type="global" contextid="0" timestamp="2019-08-08T09:20:09.084" intervalms="300.524" />
<gc-start id="81" type="global" contextid="80" timestamp="2019-08-08T09:20:09.084">
  <mem-info id="82" free="6308464" total="9175040" percent="68">
    <mem type="nursery" free="884304" total="2883584" percent="30">
      <mem type="allocate" free="884304" total="1769472" percent="49" />
      <mem type="survivor" free="0" total="1114112" percent="0" />
    </mem>
    <mem type="tenure" free="5424160" total="6291456" percent="86">
      <mem type="soa" free="5109792" total="5977088" percent="85" />
      <mem type="loa" free="314368" total="314368" percent="100" />
    </mem>
    <remembered-set count="185" />
  </mem-info>
</gc-start>
<allocation-stats totalBytes="807256" >
  <allocated-bytes non-tlh="187176" tlh="620080" />
  <largest-consumer threadName="main" threadId="0000000000AEAF00" bytes="807256" />
</allocation-stats>
<gc-op id="83" type="mark" timems="9.081" contextid="80" timestamp="2019-08-08T09:20:09.093">
  <trace-info objectcount="17077" scancount="14068" scanbytes="450836" />
  <finalization candidates="13" enqueued="0" />
  <references type="soft" candidates="66" cleared="0" enqueued="0" dynamicThreshold="32" maxThreshold="32" />
  <references type="weak" candidates="172" cleared="43" enqueued="35" />
  <references type="phantom" candidates="40" cleared="4" enqueued="4" />
  <stringconstants candidates="2455" cleared="0"  />
</gc-op>
<gc-op id="84" type="classunload" timems="0.003" contextid="80" timestamp="2019-08-08T09:20:09.093">
  <classunload-info classloadercandidates="6" classloadersunloaded="0" classesunloaded="0" anonymousclassesunloaded="0" quiescems="0.000" setupms="0.002" scanms="0.000" postms="0.001" />
</gc-op>
<gc-op id="85" type="sweep" timems="1.024" contextid="80" timestamp="2019-08-08T09:20:09.094" />
<mem-info id="86" free="7044984" total="9175040" percent="76">
  <mem type="nursery" free="1497648" total="2883584" percent="51">
    <mem type="allocate" free="1497648" total="1769472" percent="84" />
    <mem type="survivor" free="0" total="1114112" percent="0" />
  </mem>
  <mem type="tenure" free="5547336" total="6291456" percent="88" micro-fragmented="0" macro-fragmented="0">
    <mem type="soa" free="5232968" total="5977088" percent="87" />
    <mem type="loa" free="314368" total="314368" percent="100" />
  </mem>
  <pending-finalizers system="0" default="0" reference="39" classloader="0" />
  <remembered-set count="182" />
</mem-info>
<gc-op id="87" type="compact" timems="6.217" contextid="80" timestamp="2019-08-08T09:20:09.100">
  <compact-info movecount="12656" movebytes="809864" reason="compact to aid heap contraction" />
</gc-op>
<heap-resize id="88" type="expand" space="tenure" amount="131072" count="1" timems="0.015" reason="satisfy allocation request" timestamp="2019-08-08T09:20:09.101" />
<gc-end id="89" type="global" contextid="80" durationms="16.745" usertimems="13.074" systemtimems="13.153" timestamp="2019-08-08T09:20:09.101" activeThreads="16">
  <mem-info id="90" free="7198288" total="9306112" percent="77">
    <mem type="nursery" free="1516720" total="2883584" percent="52">
      <mem type="allocate" free="1516720" total="1769472" percent="85" />
      <mem type="survivor" free="0" total="1114112" percent="0" />
    </mem>
    <mem type="tenure" free="5681568" total="6422528" percent="88">
      <mem type="soa" free="5361056" total="6102016" percent="87" />
      <mem type="loa" free="320512" total="320512" percent="100" />
    </mem>
    <pending-finalizers system="0" default="0" reference="39" classloader="0" />
    <remembered-set count="182" />
  </mem-info>
</gc-end>
<cycle-end id="91" type="global" contextid="80" timestamp="2019-08-08T09:20:09.101" />
  <attribute name="elasticGC enabled" value="1" />
  <attribute name= "numThreadsSpecified" value="16" />
  <attribute name="heapSize specified" value="9175040" />
  <attribute name="Current GC Util" value="66" />
  <attribute name= "Current Time Running" value="254" />
  <attribute name ="GC Interval" value="2337" />
  <attribute name="Target GC Util Change" value ="80.000000" />
  <attribute name="Current GC Util Change" value="66.000000"/>
  <attribute name="Current Error" value="-86.000000" />
  <attribute name="Output H" value="9250624"/>
  <attribute name="Output I" value="1856"/>
  <attribute name="Output T" value="16"/>
  <attribute name= "Current Time Running" value="254" />
  <attribute name="GC Util currently" value="66" />
  <attribute name="CPU Util currently" value="184731473676" />
<sys-end id="92" timestamp="2019-08-08T09:20:09.101" />
<exclusive-end id="93" timestamp="2019-08-08T09:20:09.101" durationms="16.960" />

===== DaCapo 9.12-MR1 avrora starting =====
<exclusive-start id="94" timestamp="2019-08-08T09:20:09.137" intervalms="52.829">
  <response-info timems="0.063" idlems="0.063" threads="0" lastid="0000000000AEAF00" lastname="main" />
</exclusive-start>
<af-start id="95" threadId="0000000000AEB888" totalBytesRequested="38072" timestamp="2019-08-08T09:20:09.137" intervalms="83.403" type="nursery" />
<cycle-start id="96" type="scavenge" contextid="0" timestamp="2019-08-08T09:20:09.137" intervalms="83.404" />
<gc-start id="97" type="scavenge" contextid="96" timestamp="2019-08-08T09:20:09.137">
  <mem-info id="98" free="5598080" total="9306112" percent="60">
    <mem type="nursery" free="0" total="2883584" percent="0">
      <mem type="allocate" free="0" total="1769472" percent="0" />
      <mem type="survivor" free="0" total="1114112" percent="0" />
    </mem>
    <mem type="tenure" free="5598080" total="6422528" percent="87">
      <mem type="soa" free="5277568" total="6102016" percent="86" />
      <mem type="loa" free="320512" total="320512" percent="100" />
    </mem>
    <remembered-set count="860" />
  </mem-info>
</gc-start>
<allocation-stats totalBytes="1577096" >
  <allocated-bytes non-tlh="83488" tlh="1493608" />
  <largest-consumer threadName="main" threadId="0000000000AEAF00" bytes="1573000" />
</allocation-stats>
<gc-op id="99" type="scavenge" timems="0.869" contextid="96" timestamp="2019-08-08T09:20:09.138">
  <scavenger-info tenureage="3" tenuremask="ffe8" tiltratio="61" />
  <memory-copied type="nursery" objects="2528" bytes="424528" bytesdiscarded="2224" />
  <memory-copied type="tenure" objects="61" bytes="51424" bytesdiscarded="0" />
  <finalization candidates="1" enqueued="0" />
  <references type="soft" candidates="3" cleared="0" enqueued="0" dynamicThreshold="28" maxThreshold="32" />
  <references type="weak" candidates="35" cleared="33" enqueued="33" />
  <references type="phantom" candidates="8" cleared="0" enqueued="0" />
</gc-op>
<gc-end id="100" type="scavenge" contextid="96" durationms="1.020" usertimems="0.146" systemtimems="1.153" timestamp="2019-08-08T09:20:09.138" activeThreads="1">
  <mem-info id="101" free="7014640" total="9306112" percent="75">
    <mem type="nursery" free="1473672" total="2883584" percent="51">
      <mem type="allocate" free="1473672" total="1900544" percent="77" />
      <mem type="survivor" free="0" total="983040" percent="0" />
    </mem>
    <mem type="tenure" free="5540968" total="6422528" percent="86">
      <mem type="soa" free="5220456" total="6102016" percent="85" />
      <mem type="loa" free="320512" total="320512" percent="100" />
    </mem>
    <pending-finalizers system="0" default="0" reference="33" classloader="0" />
    <remembered-set count="848" />
  </mem-info>
</gc-end>
<cycle-end id="102" type="scavenge" contextid="96" timestamp="2019-08-08T09:20:09.138" />
  <attribute name="elasticGC enabled" value="1" />
  <attribute name= "numThreadsSpecified" value="1" />
  <attribute name="heapSize specified" value="9175040" />
  <attribute name="Current GC Util" value="17" />
  <attribute name= "Current Time Running" value="290" />
  <attribute name ="GC Interval" value="1969" />
  <attribute name="Target GC Util Change" value ="80.000000" />
  <attribute name="Current GC Util Change" value="17.000000"/>
  <attribute name="Current Error" value="-23.000000" />
  <attribute name="Output H" value="9381768"/>
  <attribute name="Output I" value="1968"/>
  <attribute name="Output T" value="1"/>
  <attribute name= "Current Time Running" value="290" />
  <attribute name="GC Util currently" value="17" />
  <attribute name="CPU Util currently" value="3" />
<allocation-satisfied id="103" threadId="0000000000AEAF00" bytesRequested="38072" />
<af-end id="104" timestamp="2019-08-08T09:20:09.138" threadId="0000000000AEB888" success="true" from="nursery"/>
<exclusive-end id="105" timestamp="2019-08-08T09:20:09.138" durationms="1.277" />

<exclusive-start id="106" timestamp="2019-08-08T09:20:09.186" intervalms="49.408">
  <response-info timems="0.047" idlems="0.047" threads="0" lastid="0000000000AEAF00" lastname="main" />
</exclusive-start>
<af-start id="107" threadId="0000000000AEB888" totalBytesRequested="40" timestamp="2019-08-08T09:20:09.186" intervalms="49.345" type="nursery" />
<cycle-start id="108" type="scavenge" contextid="0" timestamp="2019-08-08T09:20:09.186" intervalms="49.343" />
<gc-start id="109" type="scavenge" contextid="108" timestamp="2019-08-08T09:20:09.186">
  <mem-info id="110" free="5511688" total="9306112" percent="59">
    <mem type="nursery" free="0" total="2883584" percent="0">
      <mem type="allocate" free="0" total="1900544" percent="0" />
      <mem type="survivor" free="0" total="983040" percent="0" />
    </mem>
    <mem type="tenure" free="5511688" total="6422528" percent="85">
      <mem type="soa" free="5191176" total="6102016" percent="85" />
      <mem type="loa" free="320512" total="320512" percent="100" />
    </mem>
    <remembered-set count="1216" />
  </mem-info>
</gc-start>
<allocation-stats totalBytes="1501440" >
  <allocated-bytes non-tlh="67352" tlh="1434088" />
  <largest-consumer threadName="main" threadId="0000000000AEAF00" bytes="1501440" />
</allocation-stats>
<gc-op id="111" type="scavenge" timems="1.805" contextid="108" timestamp="2019-08-08T09:20:09.188">
  <scavenger-info tenureage="3" tenuremask="ffe8" tiltratio="65" />
  <memory-copied type="nursery" objects="12890" bytes="635032" bytesdiscarded="64408" />
  <references type="soft" candidates="3" cleared="0" enqueued="0" dynamicThreshold="28" maxThreshold="32" />
  <references type="weak" candidates="3" cleared="2" enqueued="2" />
  <references type="phantom" candidates="8" cleared="1" enqueued="1" />
</gc-op>
<gc-end id="112" type="scavenge" contextid="108" durationms="1.887" usertimems="1.113" systemtimems="4.363" timestamp="2019-08-08T09:20:09.188" activeThreads="16">
  <mem-info id="113" free="6647200" total="9306112" percent="71">
    <mem type="nursery" free="1135512" total="2883584" percent="39">
      <mem type="allocate" free="1135512" total="1835008" percent="61" />
      <mem type="survivor" free="0" total="1048576" percent="0" />
    </mem>
    <mem type="tenure" free="5511688" total="6422528" percent="85">
      <mem type="soa" free="5191176" total="6102016" percent="85" />
      <mem type="loa" free="320512" total="320512" percent="100" />
    </mem>
    <pending-finalizers system="0" default="0" reference="3" classloader="0" />
    <remembered-set count="1213" />
  </mem-info>
</gc-end>
<cycle-end id="114" type="scavenge" contextid="108" timestamp="2019-08-08T09:20:09.188" />
  <attribute name="elasticGC enabled" value="1" />
  <attribute name= "numThreadsSpecified" value="16" />
  <attribute name="heapSize specified" value="9175040" />
  <attribute name="Current GC Util" value="2" />
  <attribute name= "Current Time Running" value="340" />
  <attribute name ="GC Interval" value="2113" />
  <attribute name="Target GC Util Change" value ="80.000000" />
  <attribute name="Current GC Util Change" value="2.000000"/>
  <attribute name="Current Error" value="55.000000" />
  <attribute name="Output H" value="9381856"/>
  <attribute name="Output I" value="2112"/>
  <attribute name="Output T" value="16"/>
  <attribute name= "Current Time Running" value="340" />
  <attribute name="GC Util currently" value="2" />
  <attribute name="CPU Util currently" value="9" />
<allocation-satisfied id="115" threadId="0000000000AEAF00" bytesRequested="40" />
<af-end id="116" timestamp="2019-08-08T09:20:09.188" threadId="0000000000AEB888" success="true" from="nursery"/>
<exclusive-end id="117" timestamp="2019-08-08T09:20:09.188" durationms="2.123" />

<exclusive-start id="118" timestamp="2019-08-08T09:20:09.231" intervalms="44.625">
  <response-info timems="0.018" idlems="0.018" threads="0" lastid="0000000000AEAF00" lastname="main" />
</exclusive-start>
<af-start id="119" threadId="0000000000AEB888" totalBytesRequested="888" timestamp="2019-08-08T09:20:09.231" intervalms="44.656" type="nursery" />
<cycle-start id="120" type="scavenge" contextid="0" timestamp="2019-08-08T09:20:09.231" intervalms="44.659" />
<gc-start id="121" type="scavenge" contextid="120" timestamp="2019-08-08T09:20:09.231">
  <mem-info id="122" free="5511584" total="9306112" percent="59">
    <mem type="nursery" free="0" total="2883584" percent="0">
      <mem type="allocate" free="0" total="1835008" percent="0" />
      <mem type="survivor" free="0" total="1048576" percent="0" />
    </mem>
    <mem type="tenure" free="5511584" total="6422528" percent="85">
      <mem type="soa" free="5191072" total="6102016" percent="85" />
      <mem type="loa" free="320512" total="320512" percent="100" />
    </mem>
    <remembered-set count="1217" />
  </mem-info>
</gc-start>
<allocation-stats totalBytes="1135008" >
  <allocated-bytes non-tlh="61176" tlh="1073832" />
  <largest-consumer threadName="main" threadId="0000000000AEAF00" bytes="1135008" />
</allocation-stats>
<gc-op id="123" type="scavenge" timems="5.193" contextid="120" timestamp="2019-08-08T09:20:09.236">
  <scavenger-info tenureage="3" tenuremask="fff8" tiltratio="63" />
  <memory-copied type="nursery" objects="19985" bytes="1032952" bytesdiscarded="15568" />
  <memory-copied type="tenure" objects="18519" bytes="418424" bytesdiscarded="8" />
  <copy-failed type="nursery" objects="18519" bytes="418424" />
  <references type="soft" candidates="3" cleared="0" enqueued="0" dynamicThreshold="28" maxThreshold="32" />
  <references type="weak" candidates="1" cleared="0" enqueued="0" />
  <references type="phantom" candidates="11" cleared="4" enqueued="4" />
</gc-op>
<heap-resize id="124" type="expand" space="nursery" amount="131072" count="1" timems="0.014" reason="excessive time being spent scavenging" timestamp="2019-08-08T09:20:09.236" />
<gc-end id="125" type="scavenge" contextid="120" durationms="5.314" usertimems="9.405" systemtimems="5.005" timestamp="2019-08-08T09:20:09.236" activeThreads="16">
  <mem-info id="126" free="5238432" total="9437184" percent="55">
    <mem type="nursery" free="458752" total="3014656" percent="15">
      <mem type="allocate" free="458752" total="1507328" percent="30" />
      <mem type="survivor" free="0" total="1507328" percent="0" />
    </mem>
    <mem type="tenure" free="4779680" total="6422528" percent="74">
      <mem type="soa" free="4459168" total="6102016" percent="73" />
      <mem type="loa" free="320512" total="320512" percent="100" />
    </mem>
    <pending-finalizers system="0" default="0" reference="4" classloader="0" />
    <remembered-set count="18578" />
  </mem-info>
</gc-end>
<cycle-end id="127" type="scavenge" contextid="120" timestamp="2019-08-08T09:20:09.236" />
  <attribute name="elasticGC enabled" value="1" />
  <attribute name= "numThreadsSpecified" value="16" />
  <attribute name="heapSize specified" value="9175040" />
  <attribute name="Current GC Util" value="10" />
  <attribute name= "Current Time Running" value="384" />
  <attribute name ="GC Interval" value="2233" />
  <attribute name="Target GC Util Change" value ="80.000000" />
  <attribute name="Current GC Util Change" value="10.000000"/>
  <attribute name="Current Error" value="125.000000" />
  <attribute name="Output H" value="9381936"/>
  <attribute name="Output I" value="2232"/>
  <attribute name="Output T" value="16"/>
  <attribute name= "Current Time Running" value="384" />
  <attribute name="GC Util currently" value="10" />
  <attribute name="CPU Util currently" value="7" />
<allocation-satisfied id="128" threadId="0000000000AEAF00" bytesRequested="888" />
<af-end id="129" timestamp="2019-08-08T09:20:09.236" threadId="0000000000AEB888" success="true" from="nursery"/>
<exclusive-end id="130" timestamp="2019-08-08T09:20:09.236" durationms="5.515" />

<exclusive-start id="131" timestamp="2019-08-08T09:20:09.252" intervalms="21.334">
  <response-info timems="0.040" idlems="0.040" threads="0" lastid="0000000000AEAF00" lastname="main" />
</exclusive-start>
<af-start id="132" threadId="0000000000AEB888" totalBytesRequested="64" timestamp="2019-08-08T09:20:09.252" intervalms="21.306" type="nursery" />
<cycle-start id="133" type="scavenge" contextid="0" timestamp="2019-08-08T09:20:09.252" intervalms="21.304" />
<gc-start id="134" type="scavenge" contextid="133" timestamp="2019-08-08T09:20:09.252">
  <mem-info id="135" free="4779640" total="9437184" percent="50">
    <mem type="nursery" free="0" total="3014656" percent="0">
      <mem type="allocate" free="0" total="1507328" percent="0" />
      <mem type="survivor" free="0" total="1507328" percent="0" />
    </mem>
    <mem type="tenure" free="4779640" total="6422528" percent="74">
      <mem type="soa" free="4459128" total="6102016" percent="73" />
      <mem type="loa" free="320512" total="320512" percent="100" />
    </mem>
    <remembered-set count="18580" />
  </mem-info>
</gc-start>
<allocation-stats totalBytes="458680" >
  <allocated-bytes non-tlh="67448" tlh="391232" />
  <largest-consumer threadName="main" threadId="0000000000AEAF00" bytes="458680" />
</allocation-stats>
<gc-op id="136" type="scavenge" timems="4.664" contextid="133" timestamp="2019-08-08T09:20:09.257">
  <scavenger-info tenureage="3" tenuremask="fff8" tiltratio="50" />
  <memory-copied type="nursery" objects="28444" bytes="1050440" bytesdiscarded="217496" />
  <memory-copied type="tenure" objects="2298" bytes="337384" bytesdiscarded="344" />
  <references type="phantom" candidates="2" cleared="2" enqueued="2" />
</gc-op>
<heap-resize id="137" type="expand" space="nursery" amount="393216" count="1" timems="0.016" reason="excessive time being spent scavenging" timestamp="2019-08-08T09:20:09.257" />
<gc-end id="138" type="scavenge" contextid="133" durationms="4.775" usertimems="7.148" systemtimems="1.679" timestamp="2019-08-08T09:20:09.257" activeThreads="16">
  <mem-info id="139" free="4865312" total="9830400" percent="49">
    <mem type="nursery" free="435992" total="3407872" percent="12">
      <mem type="allocate" free="435992" total="1703936" percent="25" />
      <mem type="survivor" free="0" total="1703936" percent="0" />
    </mem>
    <mem type="tenure" free="4429320" total="6422528" percent="68">
      <mem type="soa" free="4108808" total="6102016" percent="67" />
      <mem type="loa" free="320512" total="320512" percent="100" />
    </mem>
    <pending-finalizers system="0" default="0" reference="2" classloader="0" />
    <remembered-set count="18184" />
  </mem-info>
</gc-end>
<cycle-end id="140" type="scavenge" contextid="133" timestamp="2019-08-08T09:20:09.257" />
  <attribute name="elasticGC enabled" value="1" />
  <attribute name= "numThreadsSpecified" value="16" />
  <attribute name="heapSize specified" value="9175040" />
  <attribute name="Current GC Util" value="67" />
  <attribute name= "Current Time Running" value="406" />
  <attribute name ="GC Interval" value="2033" />
  <attribute name="Target GC Util Change" value ="80.000000" />
  <attribute name="Current GC Util Change" value="67.000000"/>
  <attribute name="Current Error" value="13.000000" />
  <attribute name="Output H" value="9512880"/>
  <attribute name="Output I" value="2032"/>
  <attribute name="Output T" value="16"/>
  <attribute name= "Current Time Running" value="406" />
  <attribute name="GC Util currently" value="67" />
  <attribute name="CPU Util currently" value="54097645645" />
<allocation-satisfied id="141" threadId="0000000000AEAF00" bytesRequested="64" />
<af-end id="142" timestamp="2019-08-08T09:20:09.257" threadId="0000000000AEB888" success="true" from="nursery"/>
<exclusive-end id="143" timestamp="2019-08-08T09:20:09.257" durationms="4.942" />

<exclusive-start id="144" timestamp="2019-08-08T09:20:09.275" intervalms="22.846">
  <response-info timems="0.228" idlems="0.228" threads="0" lastid="0000000000AEAF00" lastname="main" />
</exclusive-start>
<af-start id="145" threadId="0000000000AEB888" totalBytesRequested="5568" timestamp="2019-08-08T09:20:09.275" intervalms="22.857" type="nursery" />
<cycle-start id="146" type="scavenge" contextid="0" timestamp="2019-08-08T09:20:09.275" intervalms="22.860" />
<gc-start id="147" type="scavenge" contextid="146" timestamp="2019-08-08T09:20:09.275">
  <mem-info id="148" free="4429320" total="9830400" percent="45">
    <mem type="nursery" free="0" total="3407872" percent="0">
      <mem type="allocate" free="0" total="1703936" percent="0" />
      <mem type="survivor" free="0" total="1703936" percent="0" />
    </mem>
    <mem type="tenure" free="4429320" total="6422528" percent="68">
      <mem type="soa" free="4108808" total="6102016" percent="67" />
      <mem type="loa" free="320512" total="320512" percent="100" />
    </mem>
    <remembered-set count="18187" />
  </mem-info>
</gc-start>
<allocation-stats totalBytes="431000" >
  <allocated-bytes non-tlh="65312" tlh="365688" />
  <largest-consumer threadName="main" threadId="0000000000AEAF00" bytes="431000" />
</allocation-stats>
<gc-op id="149" type="scavenge" timems="4.797" contextid="146" timestamp="2019-08-08T09:20:09.280">
  <scavenger-info tenureage="3" tenuremask="fff8" tiltratio="50" />
  <memory-copied type="nursery" objects="30414" bytes="1135464" bytesdiscarded="158336" />
  <memory-copied type="tenure" objects="7630" bytes="221072" bytesdiscarded="8" />
  <references type="phantom" candidates="2" cleared="1" enqueued="1" />
</gc-op>
<heap-resize id="150" type="expand" space="nursery" amount="393216" count="1" timems="0.015" reason="excessive time being spent scavenging" timestamp="2019-08-08T09:20:09.280" />
<gc-end id="151" type="scavenge" contextid="146" durationms="4.893" usertimems="9.441" systemtimems="2.054" timestamp="2019-08-08T09:20:09.280" activeThreads="16">
  <mem-info id="152" free="4760496" total="10223616" percent="46">
    <mem type="nursery" free="606744" total="3801088" percent="15">
      <mem type="allocate" free="606744" total="1900544" percent="31" />
      <mem type="survivor" free="0" total="1900544" percent="0" />
    </mem>
    <mem type="tenure" free="4153752" total="6422528" percent="64">
      <mem type="soa" free="3833240" total="6102016" percent="62" />
      <mem type="loa" free="320512" total="320512" percent="100" />
    </mem>
    <pending-finalizers system="0" default="0" reference="1" classloader="0" />
    <remembered-set count="625" />
  </mem-info>
</gc-end>
<cycle-end id="153" type="scavenge" contextid="146" timestamp="2019-08-08T09:20:09.280" />
  <attribute name="elasticGC enabled" value="1" />
  <attribute name= "numThreadsSpecified" value="16" />
  <attribute name="heapSize specified" value="9175040" />
  <attribute name="Current GC Util" value="37" />
  <attribute name= "Current Time Running" value="429" />
  <attribute name ="GC Interval" value="2113" />
  <attribute name="Target GC Util Change" value ="80.000000" />
  <attribute name="Current GC Util Change" value="37.000000"/>
  <attribute name="Current Error" value="56.000000" />
  <attribute name="Output H" value="9906144"/>
  <attribute name="Output I" value="2112"/>
  <attribute name="Output T" value="16"/>
  <attribute name= "Current Time Running" value="429" />
  <attribute name="GC Util currently" value="37" />
  <attribute name="CPU Util currently" value="50446958737" />
<allocation-satisfied id="154" threadId="0000000000AEAF00" bytesRequested="5568" />
<af-end id="155" timestamp="2019-08-08T09:20:09.280" threadId="0000000000AEB888" success="true" from="nursery"/>
<exclusive-end id="156" timestamp="2019-08-08T09:20:09.280" durationms="5.077" />

<exclusive-start id="157" timestamp="2019-08-08T09:20:09.298" intervalms="22.896">
  <response-info timems="0.069" idlems="0.069" threads="0" lastid="0000000000AEAF00" lastname="main" />
</exclusive-start>
<af-start id="158" threadId="0000000000AEB888" totalBytesRequested="24" timestamp="2019-08-08T09:20:09.298" intervalms="22.883" type="nursery" />
<cycle-start id="159" type="scavenge" contextid="0" timestamp="2019-08-08T09:20:09.298" intervalms="22.880" />
<gc-start id="160" type="scavenge" contextid="159" timestamp="2019-08-08T09:20:09.298">
  <mem-info id="161" free="4153752" total="10223616" percent="40">
    <mem type="nursery" free="0" total="3801088" percent="0">
      <mem type="allocate" free="0" total="1900544" percent="0" />
      <mem type="survivor" free="0" total="1900544" percent="0" />
    </mem>
    <mem type="tenure" free="4153752" total="6422528" percent="64">
      <mem type="soa" free="3833240" total="6102016" percent="62" />
      <mem type="loa" free="320512" total="320512" percent="100" />
    </mem>
    <remembered-set count="628" />
  </mem-info>
</gc-start>
<allocation-stats totalBytes="606632" >
  <allocated-bytes non-tlh="111664" tlh="494968" />
  <largest-consumer threadName="main" threadId="0000000000AEAF00" bytes="606632" />
</allocation-stats>
<gc-op id="162" type="scavenge" timems="2.988" contextid="159" timestamp="2019-08-08T09:20:09.301">
  <scavenger-info tenureage="2" tenuremask="7ffc" tiltratio="50" />
  <memory-copied type="nursery" objects="23636" bytes="793184" bytesdiscarded="332480" />
  <memory-copied type="tenure" objects="20076" bytes="780208" bytesdiscarded="512" />
  <references type="phantom" candidates="3" cleared="2" enqueued="2" />
</gc-op>
<heap-resize id="163" type="expand" space="nursery" amount="262144" count="1" timems="0.018" reason="excessive time being spent scavenging" timestamp="2019-08-08T09:20:09.301" />
<gc-end id="164" type="scavenge" contextid="159" durationms="3.107" usertimems="8.452" systemtimems="0.251" timestamp="2019-08-08T09:20:09.301" activeThreads="16">
  <mem-info id="165" free="4363840" total="10485760" percent="41">
    <mem type="nursery" free="905952" total="4063232" percent="22">
      <mem type="allocate" free="905952" total="2031616" percent="44" />
      <mem type="survivor" free="0" total="2031616" percent="0" />
    </mem>
    <mem type="tenure" free="3457888" total="6422528" percent="53">
      <mem type="soa" free="3137376" total="6102016" percent="51" />
      <mem type="loa" free="320512" total="320512" percent="100" />
    </mem>
    <pending-finalizers system="0" default="0" reference="2" classloader="0" />
    <remembered-set count="131" />
  </mem-info>
</gc-end>
<cycle-end id="166" type="scavenge" contextid="159" timestamp="2019-08-08T09:20:09.301" />
  <attribute name="elasticGC enabled" value="1" />
  <attribute name= "numThreadsSpecified" value="16" />
  <attribute name="heapSize specified" value="9175040" />
  <attribute name="Current GC Util" value="31" />
  <attribute name= "Current Time Running" value="452" />
  <attribute name ="GC Interval" value="2201" />
  <attribute name="Target GC Util Change" value ="80.000000" />
  <attribute name="Current GC Util Change" value="31.000000"/>
  <attribute name="Current Error" value="105.000000" />
  <attribute name="Output H" value="10299424"/>
  <attribute name="Output I" value="2200"/>
  <attribute name="Output T" value="16"/>
  <attribute name= "Current Time Running" value="452" />
  <attribute name="GC Util currently" value="31" />
  <attribute name="CPU Util currently" value="50350558705" />
<allocation-satisfied id="167" threadId="0000000000AEAF00" bytesRequested="24" />
<af-end id="168" timestamp="2019-08-08T09:20:09.301" threadId="0000000000AEB888" success="true" from="nursery"/>
<exclusive-end id="169" timestamp="2019-08-08T09:20:09.301" durationms="3.257" />

<exclusive-start id="170" timestamp="2019-08-08T09:20:09.320" intervalms="21.803">
  <response-info timems="0.014" idlems="0.014" threads="0" lastid="0000000000AEAF00" lastname="main" />
</exclusive-start>
<af-start id="171" threadId="0000000000AEB888" totalBytesRequested="47328" timestamp="2019-08-08T09:20:09.320" intervalms="21.821" type="nursery" />
<cycle-start id="172" type="scavenge" contextid="0" timestamp="2019-08-08T09:20:09.320" intervalms="21.826" />
<gc-start id="173" type="scavenge" contextid="172" timestamp="2019-08-08T09:20:09.320">
  <mem-info id="174" free="3436552" total="10485760" percent="32">
    <mem type="nursery" free="0" total="4063232" percent="0">
      <mem type="allocate" free="0" total="2031616" percent="0" />
      <mem type="survivor" free="0" total="2031616" percent="0" />
    </mem>
    <mem type="tenure" free="3436552" total="6422528" percent="53">
      <mem type="soa" free="3116040" total="6102016" percent="51" />
      <mem type="loa" free="320512" total="320512" percent="100" />
    </mem>
    <remembered-set count="547" />
  </mem-info>
</gc-start>
<allocation-stats totalBytes="853984" >
  <allocated-bytes non-tlh="21360" tlh="832624" />
  <largest-consumer threadName="main" threadId="0000000000AEAF00" bytes="853984" />
</allocation-stats>
<gc-op id="175" type="scavenge" timems="2.238" contextid="172" timestamp="2019-08-08T09:20:09.322">
  <scavenger-info tenureage="1" tenuremask="7ffe" tiltratio="50" />
  <memory-copied type="nursery" objects="3626" bytes="174792" bytesdiscarded="118520" />
  <memory-copied type="tenure" objects="23559" bytes="790480" bytesdiscarded="136" />
  <references type="weak" candidates="6" cleared="5" enqueued="5" />
  <references type="phantom" candidates="1" cleared="0" enqueued="0" />
</gc-op>
<heap-resize id="176" type="expand" space="nursery" amount="262144" count="1" timems="0.013" reason="excessive time being spent scavenging" timestamp="2019-08-08T09:20:09.322" />
<gc-end id="177" type="scavenge" contextid="172" durationms="2.347" usertimems="1.754" systemtimems="4.618" timestamp="2019-08-08T09:20:09.322" activeThreads="16">
  <mem-info id="178" free="4662976" total="10747904" percent="43">
    <mem type="nursery" free="2000408" total="4325376" percent="46">
      <mem type="allocate" free="2000408" total="2293760" percent="87" />
      <mem type="survivor" free="0" total="2031616" percent="0" />
    </mem>
    <mem type="tenure" free="2662568" total="6422528" percent="41">
      <mem type="soa" free="2342056" total="6102016" percent="38" />
      <mem type="loa" free="320512" total="320512" percent="100" />
    </mem>
    <pending-finalizers system="0" default="0" reference="5" classloader="0" />
    <remembered-set count="509" />
  </mem-info>
</gc-end>
<cycle-end id="179" type="scavenge" contextid="172" timestamp="2019-08-08T09:20:09.322" />
  <attribute name="elasticGC enabled" value="1" />
  <attribute name= "numThreadsSpecified" value="16" />
  <attribute name="heapSize specified" value="9175040" />
  <attribute name="Current GC Util" value="37" />
  <attribute name= "Current Time Running" value="473" />
  <attribute name ="GC Interval" value="2273" />
  <attribute name="Target GC Util Change" value ="80.000000" />
  <attribute name="Current GC Util Change" value="37.000000"/>
  <attribute name="Current Error" value="148.000000" />
  <attribute name="Output H" value="10561616"/>
  <attribute name="Output I" value="2272"/>
  <attribute name="Output T" value="16"/>
  <attribute name= "Current Time Running" value="473" />
  <attribute name="GC Util currently" value="37" />
  <attribute name="CPU Util currently" value="52729748558" />
<allocation-satisfied id="180" threadId="0000000000AEAF00" bytesRequested="47328" />
<af-end id="181" timestamp="2019-08-08T09:20:09.322" threadId="0000000000AEB888" success="true" from="nursery"/>
<exclusive-end id="182" timestamp="2019-08-08T09:20:09.322" durationms="2.533" />

<exclusive-start id="183" timestamp="2019-08-08T09:20:09.448" intervalms="128.570">
  <response-info timems="0.017" idlems="0.017" threads="0" lastid="0000000000AEAF00" lastname="main" />
</exclusive-start>
<af-start id="184" threadId="0000000000AEB888" totalBytesRequested="36904" timestamp="2019-08-08T09:20:09.448" intervalms="128.571" type="nursery" />
<cycle-start id="185" type="scavenge" contextid="0" timestamp="2019-08-08T09:20:09.448" intervalms="128.568" />
<gc-start id="186" type="scavenge" contextid="185" timestamp="2019-08-08T09:20:09.448">
  <mem-info id="187" free="2625096" total="10747904" percent="24">
    <mem type="nursery" free="0" total="4325376" percent="0">
      <mem type="allocate" free="0" total="2293760" percent="0" />
      <mem type="survivor" free="0" total="2031616" percent="0" />
    </mem>
    <mem type="tenure" free="2625096" total="6422528" percent="40">
      <mem type="soa" free="2304584" total="6102016" percent="37" />
      <mem type="loa" free="320512" total="320512" percent="100" />
    </mem>
    <remembered-set count="966" />
  </mem-info>
</gc-start>
<allocation-stats totalBytes="1999632" >
  <allocated-bytes non-tlh="84800" tlh="1914832" />
  <largest-consumer threadName="main" threadId="0000000000AEAF00" bytes="1999632" />
</allocation-stats>
<gc-op id="188" type="scavenge" timems="2.066" contextid="185" timestamp="2019-08-08T09:20:09.450">
  <scavenger-info tenureage="2" tenuremask="7ffc" tiltratio="53" />
  <memory-copied type="nursery" objects="8285" bytes="372432" bytesdiscarded="96456" />
  <references type="weak" candidates="2" cleared="2" enqueued="2" />
</gc-op>
<gc-end id="189" type="scavenge" contextid="185" durationms="2.135" usertimems="0.355" systemtimems="4.515" timestamp="2019-08-08T09:20:09.450" activeThreads="16">
  <mem-info id="190" free="4777560" total="10747904" percent="44">
    <mem type="nursery" free="2152464" total="4325376" percent="49">
      <mem type="allocate" free="2152464" total="2621440" percent="82" />
      <mem type="survivor" free="0" total="1703936" percent="0" />
    </mem>
    <mem type="tenure" free="2625096" total="6422528" percent="40">
      <mem type="soa" free="2304584" total="6102016" percent="37" />
      <mem type="loa" free="320512" total="320512" percent="100" />
    </mem>
    <pending-finalizers system="0" default="0" reference="2" classloader="0" />
    <remembered-set count="956" />
  </mem-info>
</gc-end>
<cycle-end id="191" type="scavenge" contextid="185" timestamp="2019-08-08T09:20:09.450" />
  <attribute name="elasticGC enabled" value="1" />
  <attribute name= "numThreadsSpecified" value="16" />
  <attribute name="heapSize specified" value="9175040" />
  <attribute name="Current GC Util" value="4" />
  <attribute name= "Current Time Running" value="602" />
  <attribute name ="GC Interval" value="2409" />
  <attribute name="Target GC Util Change" value ="80.000000" />
  <attribute name="Current GC Util Change" value="4.000000"/>
  <attribute name="Current Error" value="224.000000" />
  <attribute name="Output H" value="10823848"/>
  <attribute name="Output I" value="2408"/>
  <attribute name="Output T" value="16"/>
  <attribute name= "Current Time Running" value="602" />
  <attribute name="GC Util currently" value="4" />
  <attribute name="CPU Util currently" value="14" />
<allocation-satisfied id="192" threadId="0000000000AEAF00" bytesRequested="36904" />
<af-end id="193" timestamp="2019-08-08T09:20:09.451" threadId="0000000000AEB888" success="true" from="nursery"/>
<exclusive-end id="194" timestamp="2019-08-08T09:20:09.451" durationms="2.320" />

<exclusive-start id="195" timestamp="2019-08-08T09:20:09.489" intervalms="40.827">
  <response-info timems="0.010" idlems="0.010" threads="0" lastid="0000000000AEAF00" lastname="main" />
</exclusive-start>
<af-start id="196" threadId="0000000000AEB888" totalBytesRequested="61032" timestamp="2019-08-08T09:20:09.489" intervalms="40.817" type="nursery" />
<cycle-start id="197" type="scavenge" contextid="0" timestamp="2019-08-08T09:20:09.489" intervalms="40.815" />
<gc-start id="198" type="scavenge" contextid="197" timestamp="2019-08-08T09:20:09.489">
  <mem-info id="199" free="2625096" total="10747904" percent="24">
    <mem type="nursery" free="0" total="4325376" percent="0">
      <mem type="allocate" free="0" total="2621440" percent="0" />
      <mem type="survivor" free="0" total="1703936" percent="0" />
    </mem>
    <mem type="tenure" free="2625096" total="6422528" percent="40">
      <mem type="soa" free="2304584" total="6102016" percent="37" />
      <mem type="loa" free="320512" total="320512" percent="100" />
    </mem>
    <remembered-set count="984" />
  </mem-info>
</gc-start>
<allocation-stats totalBytes="2103064" >
  <allocated-bytes non-tlh="110712" tlh="1992352" />
  <largest-consumer threadName="main" threadId="0000000000AEAF00" bytes="2103064" />
</allocation-stats>
<gc-op id="200" type="scavenge" timems="2.209" contextid="197" timestamp="2019-08-08T09:20:09.491">
  <scavenger-info tenureage="2" tenuremask="7ffc" tiltratio="60" />
  <memory-copied type="nursery" objects="20806" bytes="1643032" bytesdiscarded="60648" />
  <memory-copied type="tenure" objects="12797" bytes="490512" bytesdiscarded="1056" />
  <copy-failed type="nursery" objects="9330" bytes="398856" />
</gc-op>
<gc-end id="201" type="scavenge" contextid="197" durationms="2.288" usertimems="7.575" systemtimems="0.274" timestamp="2019-08-08T09:20:09.491" activeThreads="16">
  <mem-info id="202" free="2614768" total="10747904" percent="24">
    <mem type="nursery" free="458752" total="4325376" percent="10">
      <mem type="allocate" free="458752" total="2162688" percent="21" />
      <mem type="survivor" free="0" total="2162688" percent="0" />
    </mem>
    <mem type="tenure" free="2156016" total="6422528" percent="33">
      <mem type="soa" free="1835504" total="6102016" percent="30" />
      <mem type="loa" free="320512" total="320512" percent="100" />
    </mem>
    <remembered-set count="4059" />
  </mem-info>
</gc-end>
<cycle-end id="203" type="scavenge" contextid="197" timestamp="2019-08-08T09:20:09.491" />
  <attribute name="elasticGC enabled" value="1" />
  <attribute name= "numThreadsSpecified" value="16" />
  <attribute name="heapSize specified" value="9175040" />
  <attribute name="Current GC Util" value="12" />
  <attribute name= "Current Time Running" value="643" />
  <attribute name ="GC Interval" value="2537" />
  <attribute name="Target GC Util Change" value ="80.000000" />
  <attribute name="Current GC Util Change" value="12.000000"/>
  <attribute name="Current Error" value="292.000000" />
  <attribute name="Output H" value="10823928"/>
  <attribute name="Output I" value="2536"/>
  <attribute name="Output T" value="16"/>
  <attribute name= "Current Time Running" value="643" />
  <attribute name="GC Util currently" value="12" />
  <attribute name="CPU Util currently" value="28246595913" />
<allocation-satisfied id="204" threadId="0000000000AEAF00" bytesRequested="61032" />
<af-end id="205" timestamp="2019-08-08T09:20:09.491" threadId="0000000000AEB888" success="true" from="nursery"/>
<exclusive-end id="206" timestamp="2019-08-08T09:20:09.491" durationms="2.441" />

<exclusive-start id="207" timestamp="2019-08-08T09:20:09.496" intervalms="6.925">
  <response-info timems="0.011" idlems="0.011" threads="0" lastid="0000000000AEAF00" lastname="main" />
</exclusive-start>
<af-start id="208" threadId="0000000000AEB888" totalBytesRequested="67280" timestamp="2019-08-08T09:20:09.496" intervalms="6.913" type="nursery" />
<cycle-start id="209" type="scavenge" contextid="0" timestamp="2019-08-08T09:20:09.496" intervalms="6.910" />
<gc-start id="210" type="scavenge" contextid="209" timestamp="2019-08-08T09:20:09.496">
  <mem-info id="211" free="2172808" total="10747904" percent="20">
    <mem type="nursery" free="16792" total="4325376" percent="0">
      <mem type="allocate" free="16792" total="2162688" percent="0" />
      <mem type="survivor" free="0" total="2162688" percent="0" />
    </mem>
    <mem type="tenure" free="2156016" total="6422528" percent="33">
      <mem type="soa" free="1835504" total="6102016" percent="30" />
      <mem type="loa" free="320512" total="320512" percent="100" />
    </mem>
    <remembered-set count="4065" />
  </mem-info>
</gc-start>
<allocation-stats totalBytes="441936" >
  <allocated-bytes non-tlh="61032" tlh="380904" />
  <largest-consumer threadName="main" threadId="0000000000AEAF00" bytes="441936" />
</allocation-stats>
<gc-op id="212" type="scavenge" timems="3.171" contextid="209" timestamp="2019-08-08T09:20:09.499">
  <scavenger-info tenureage="1" tenuremask="fffe" tiltratio="50" />
  <memory-copied type="nursery" objects="5587" bytes="304352" bytesdiscarded="199480" />
  <memory-copied type="tenure" objects="20646" bytes="1640472" bytesdiscarded="1208" />
</gc-op>
<heap-resize id="213" type="expand" space="nursery" amount="1048576" count="1" timems="0.015" reason="excessive time being spent scavenging" timestamp="2019-08-08T09:20:09.499" />
<gc-end id="214" type="scavenge" contextid="209" durationms="3.286" usertimems="6.225" systemtimems="2.357" timestamp="2019-08-08T09:20:09.499" activeThreads="16">
  <mem-info id="215" free="2656584" total="11796480" percent="22">
    <mem type="nursery" free="2183096" total="5373952" percent="40">
      <mem type="allocate" free="2183096" total="2686976" percent="81" />
      <mem type="survivor" free="0" total="2686976" percent="0" />
    </mem>
    <mem type="tenure" free="473488" total="6422528" percent="7">
      <mem type="soa" free="152976" total="6102016" percent="2" />
      <mem type="loa" free="320512" total="320512" percent="100" />
    </mem>
    <remembered-set count="120" />
  </mem-info>
</gc-end>
<cycle-end id="216" type="scavenge" contextid="209" timestamp="2019-08-08T09:20:09.499" />
  <attribute name="elasticGC enabled" value="1" />
  <attribute name= "numThreadsSpecified" value="16" />
  <attribute name="heapSize specified" value="9175040" />
  <attribute name="Current GC Util" value="115" />
  <attribute name= "Current Time Running" value="650" />
  <attribute name ="GC Interval" value="1953" />
  <attribute name="Target GC Util Change" value ="80.000000" />
  <attribute name="Current GC Util Change" value="115.000000"/>
  <attribute name="Current Error" value="-35.000000" />
  <attribute name="Output H" value="10823544"/>
  <attribute name="Output I" value="1952"/>
  <attribute name="Output T" value="16"/>
  <attribute name= "Current Time Running" value="650" />
  <attribute name="GC Util currently" value="115" />
  <attribute name="CPU Util currently" value="167133866930" />
<allocation-satisfied id="217" threadId="0000000000AEAF00" bytesRequested="67280" />
<af-end id="218" timestamp="2019-08-08T09:20:09.499" threadId="0000000000AEB888" success="true" from="nursery"/>
<exclusive-end id="219" timestamp="2019-08-08T09:20:09.499" durationms="3.401" />

<concurrent-kickoff id="220" timestamp="2019-08-08T09:20:10.591">
  <kickoff reason="threshold reached" targetBytes="1906205" thresholdFreeBytes="264248"  remainingFree="249896" tenureFreeBytes="472200" nurseryFreeBytes="249896" />
</concurrent-kickoff>
<exclusive-start id="221" timestamp="2019-08-08T09:20:10.593" intervalms="1096.864">
  <response-info timems="1.575" idlems="1.115" threads="1" lastid="0000000000DD8F00" lastname="node-17" />
</exclusive-start>
<cycle-start id="222" type="global" contextid="0" timestamp="2019-08-08T09:20:10.593" intervalms="1508.891" />
<exclusive-end id="223" timestamp="2019-08-08T09:20:10.593" durationms="0.036" />

<exclusive-start id="224" timestamp="2019-08-08T09:20:10.869" intervalms="276.295">
  <response-info timems="0.377" idlems="0.377" threads="0" lastid="0000000000DDCB00" lastname="node-3" />
</exclusive-start>
<concurrent-collection-start id="225" timestamp="2019-08-08T09:20:10.869" intervalms="2085.760" >
  <concurrent-trace-info reason="card cleaning threshold reached" tracedByMutators="109364" tracedByHelpers="4187492" cardsCleaned="16" workStackOverflowCount="0" />
</concurrent-collection-start>
<gc-start id="226" type="global" contextid="222" timestamp="2019-08-08T09:20:10.869">
  <mem-info id="227" free="525488" total="11796480" percent="4">
    <mem type="nursery" free="53288" total="5373952" percent="0">
      <mem type="allocate" free="53288" total="2686976" percent="1" />
      <mem type="survivor" free="0" total="2686976" percent="0" />
    </mem>
    <mem type="tenure" free="472200" total="6422528" percent="7">
      <mem type="soa" free="151688" total="6102016" percent="2" />
      <mem type="loa" free="320512" total="320512" percent="100" />
    </mem>
    <remembered-set count="259" />
  </mem-info>
</gc-start>
<allocation-stats totalBytes="2127904" >
  <allocated-bytes non-tlh="305600" tlh="1822304" />
  <largest-consumer threadName="main" threadId="0000000000AEAF00" bytes="1175280" />
</allocation-stats>
<gc-op id="228" type="rs-scan" timems="3.622" contextid="222" timestamp="2019-08-08T09:20:10.873">
  <scan objectsFound="173" bytesTraced="1033484" workStackOverflowCount="0" />
</gc-op>
<gc-op id="229" type="card-cleaning" timems="1.437" contextid="222" timestamp="2019-08-08T09:20:10.874">
  <card-cleaning cardsCleaned="8" bytesTraced="17620" workStackOverflowCount="0" />
</gc-op>
<gc-op id="230" type="mark" timems="6.259" contextid="222" timestamp="2019-08-08T09:20:10.881">
  <trace-info objectcount="356" scancount="313" scanbytes="7396" />
  <finalization candidates="13" enqueued="0" />
  <references type="soft" candidates="66" cleared="0" enqueued="0" dynamicThreshold="28" maxThreshold="32" />
  <references type="weak" candidates="132" cleared="2" enqueued="2" />
  <references type="phantom" candidates="39" cleared="3" enqueued="3" />
  <stringconstants candidates="3837" cleared="0"  />
</gc-op>
<gc-op id="231" type="sweep" timems="2.779" contextid="222" timestamp="2019-08-08T09:20:10.884" />
<mem-info id="232" free="2033264" total="11796480" percent="17">
  <mem type="nursery" free="1258360" total="5373952" percent="23">
    <mem type="allocate" free="1258360" total="2686976" percent="46" />
    <mem type="survivor" free="0" total="2686976" percent="0" />
  </mem>
  <mem type="tenure" free="774904" total="6422528" percent="12" micro-fragmented="0" macro-fragmented="0">
    <mem type="soa" free="454392" total="6102016" percent="7" />
    <mem type="loa" free="320512" total="320512" percent="100" />
  </mem>
  <pending-finalizers system="0" default="0" reference="5" classloader="0" />
  <remembered-set count="246" />
</mem-info>
<gc-op id="233" type="compact" timems="69.391" contextid="222" timestamp="2019-08-08T09:20:10.953">
  <compact-info movecount="139823" movebytes="6580152" reason="compact to aid heap contraction" />
</gc-op>
<heap-resize id="234" type="expand" space="tenure" amount="131072" count="1" timems="0.020" reason="satisfy allocation request" timestamp="2019-08-08T09:20:10.954" />
<gc-end id="235" type="global" contextid="222" durationms="84.536" usertimems="92.053" systemtimems="7.227" timestamp="2019-08-08T09:20:10.954" activeThreads="16">
  <mem-info id="236" free="2340520" total="11927552" percent="19">
    <mem type="nursery" free="1429920" total="5373952" percent="26">
      <mem type="allocate" free="1429920" total="2686976" percent="53" />
      <mem type="survivor" free="0" total="2686976" percent="0" />
    </mem>
    <mem type="tenure" free="910600" total="6553600" percent="13">
      <mem type="soa" free="582920" total="6225920" percent="9" />
      <mem type="loa" free="327680" total="327680" percent="100" />
    </mem>
    <pending-finalizers system="0" default="0" reference="5" classloader="0" />
    <remembered-set count="246" />
  </mem-info>
</gc-end>
<cycle-end id="237" type="global" contextid="222" timestamp="2019-08-08T09:20:10.954" />
  <attribute name="elasticGC enabled" value="1" />
  <attribute name= "numThreadsSpecified" value="16" />
  <attribute name="heapSize specified" value="11796480" />
  <attribute name="Current GC Util" value="31" />
  <attribute name= "Current Time Running" value="2107" />
  <attribute name ="GC Interval" value="1953" />
  <attribute name="Target GC Util Change" value ="80.000000" />
  <attribute name="Current GC Util Change" value="31.000000"/>
  <attribute name="Current Error" value="72.000000" />
  <attribute name="Output H" value="11872248"/>
  <attribute name="Output I" value="2136"/>
  <attribute name="Output T" value="16"/>
  <attribute name= "Current Time Running" value="2107" />
  <attribute name="GC Util currently" value="31" />
  <attribute name="CPU Util currently" value="9" />
<concurrent-collection-end id="238" timestamp="2019-08-08T09:20:10.954" />
<exclusive-end id="239" timestamp="2019-08-08T09:20:10.954" durationms="84.998" />

<concurrent-kickoff id="240" timestamp="2019-08-08T09:20:12.917">
  <kickoff reason="threshold reached" targetBytes="2372717" thresholdFreeBytes="328575"  remainingFree="295328" tenureFreeBytes="910600" nurseryFreeBytes="295328" />
</concurrent-kickoff>
<exclusive-start id="241" timestamp="2019-08-08T09:20:12.918" intervalms="2048.757">
  <response-info timems="0.458" idlems="0.458" threads="0" lastid="0000000000E27900" lastname="node-0" />
</exclusive-start>
<cycle-start id="242" type="global" contextid="0" timestamp="2019-08-08T09:20:12.918" intervalms="2325.047" />
<exclusive-end id="243" timestamp="2019-08-08T09:20:12.918" durationms="0.030" />

<exclusive-start id="244" timestamp="2019-08-08T09:20:13.323" intervalms="405.573">
  <response-info timems="0.400" idlems="0.221" threads="1" lastid="0000000000E27900" lastname="node-0" />
</exclusive-start>
<concurrent-collection-start id="245" timestamp="2019-08-08T09:20:13.324" intervalms="2454.328" >
  <concurrent-trace-info reason="card cleaning threshold reached" tracedByMutators="108932" tracedByHelpers="4193868" cardsCleaned="31" workStackOverflowCount="0" />
</concurrent-collection-start>
<gc-start id="246" type="global" contextid="242" timestamp="2019-08-08T09:20:13.324">
  <mem-info id="247" free="997032" total="11927552" percent="8">
    <mem type="nursery" free="86432" total="5373952" percent="1">
      <mem type="allocate" free="86432" total="2686976" percent="3" />
      <mem type="survivor" free="0" total="2686976" percent="0" />
    </mem>
    <mem type="tenure" free="910600" total="6553600" percent="13">
      <mem type="soa" free="582920" total="6225920" percent="9" />
      <mem type="loa" free="327680" total="327680" percent="100" />
    </mem>
    <remembered-set count="253" />
  </mem-info>
</gc-start>
<allocation-stats totalBytes="1341000" >
  <allocated-bytes non-tlh="0" tlh="1341000" />
  <largest-consumer threadName="node-2" threadId="0000000000E11200" bytes="200488" />
</allocation-stats>
<gc-op id="248" type="rs-scan" timems="2.906" contextid="242" timestamp="2019-08-08T09:20:13.326">
  <scan objectsFound="153" bytesTraced="1032220" workStackOverflowCount="0" />
</gc-op>
<gc-op id="249" type="card-cleaning" timems="1.052" contextid="242" timestamp="2019-08-08T09:20:13.328">
  <card-cleaning cardsCleaned="33" bytesTraced="28144" workStackOverflowCount="0" />
</gc-op>
<gc-op id="250" type="mark" timems="2.785" contextid="242" timestamp="2019-08-08T09:20:13.330">
  <trace-info objectcount="354" scancount="313" scanbytes="7404" />
  <finalization candidates="13" enqueued="0" />
  <references type="soft" candidates="66" cleared="0" enqueued="0" dynamicThreshold="4" maxThreshold="32" />
  <references type="weak" candidates="130" cleared="0" enqueued="0" />
  <references type="phantom" candidates="36" cleared="0" enqueued="0" />
  <stringconstants candidates="3837" cleared="0"  />
</gc-op>
<gc-op id="251" type="sweep" timems="2.831" contextid="242" timestamp="2019-08-08T09:20:13.333" />
<mem-info id="252" free="2335880" total="11927552" percent="19">
  <mem type="nursery" free="1425280" total="5373952" percent="26">
    <mem type="allocate" free="1425280" total="2686976" percent="53" />
    <mem type="survivor" free="0" total="2686976" percent="0" />
  </mem>
  <mem type="tenure" free="910600" total="6553600" percent="13" micro-fragmented="0" macro-fragmented="348889">
    <mem type="soa" free="582920" total="6225920" percent="9" />
    <mem type="loa" free="327680" total="327680" percent="100" />
  </mem>
  <remembered-set count="246" />
</mem-info>
<gc-op id="253" type="compact" timems="61.175" contextid="242" timestamp="2019-08-08T09:20:13.395">
  <compact-info movecount="119483" movebytes="5548456" reason="compact to aid heap contraction" />
</gc-op>
<heap-resize id="254" type="expand" space="tenure" amount="131072" count="1" timems="0.022" reason="satisfy allocation request" timestamp="2019-08-08T09:20:13.396" />
<gc-end id="255" type="global" contextid="242" durationms="72.579" usertimems="81.978" systemtimems="8.551" timestamp="2019-08-08T09:20:13.396" activeThreads="16">
  <mem-info id="256" free="2474008" total="12058624" percent="20">
    <mem type="nursery" free="1432128" total="5373952" percent="26">
      <mem type="allocate" free="1432128" total="2686976" percent="53" />
      <mem type="survivor" free="0" total="2686976" percent="0" />
    </mem>
    <mem type="tenure" free="1041880" total="6684672" percent="15">
      <mem type="soa" free="708056" total="6350848" percent="11" />
      <mem type="loa" free="333824" total="333824" percent="100" />
    </mem>
    <remembered-set count="246" />
  </mem-info>
</gc-end>
<cycle-end id="257" type="global" contextid="242" timestamp="2019-08-08T09:20:13.396" />
  <attribute name="elasticGC enabled" value="1" />
  <attribute name= "numThreadsSpecified" value="16" />
  <attribute name="heapSize specified" value="11927552" />
  <attribute name="Current GC Util" value="27" />
  <attribute name= "Current Time Running" value="4548" />
  <attribute name ="GC Interval" value="1953" />
  <attribute name="Target GC Util Change" value ="80.000000" />
  <attribute name="Current GC Util Change" value="27.000000"/>
  <attribute name="Current Error" value="6.000000" />
  <attribute name="Output H" value="12003240"/>
  <attribute name="Output I" value="2024"/>
  <attribute name="Output T" value="16"/>
  <attribute name= "Current Time Running" value="4548" />
  <attribute name="GC Util currently" value="27" />
  <attribute name="CPU Util currently" value="18809353795" />
<concurrent-collection-end id="258" timestamp="2019-08-08T09:20:13.396" />
<exclusive-end id="259" timestamp="2019-08-08T09:20:13.396" durationms="73.039" />

<concurrent-kickoff id="260" timestamp="2019-08-08T09:20:14.615">
  <kickoff reason="threshold reached" targetBytes="2776292" thresholdFreeBytes="384293"  remainingFree="354880" tenureFreeBytes="1041880" nurseryFreeBytes="354880" />
</concurrent-kickoff>
<exclusive-start id="261" timestamp="2019-08-08T09:20:14.615" intervalms="1291.991">
  <response-info timems="0.514" idlems="0.514" threads="0" lastid="0000000000E11200" lastname="node-2" />
</exclusive-start>
<cycle-start id="262" type="global" contextid="0" timestamp="2019-08-08T09:20:14.616" intervalms="1697.599" />
<exclusive-end id="263" timestamp="2019-08-08T09:20:14.616" durationms="0.072" />

<exclusive-start id="264" timestamp="2019-08-08T09:20:14.911" intervalms="295.339">
  <response-info timems="0.636" idlems="0.636" threads="0" lastid="0000000000DDCB00" lastname="node-3" />
</exclusive-start>
<concurrent-collection-start id="265" timestamp="2019-08-08T09:20:14.911" intervalms="1587.330" >
  <concurrent-trace-info reason="card cleaning threshold reached" tracedByMutators="217696" tracedByHelpers="4088776" cardsCleaned="41" workStackOverflowCount="0" />
</concurrent-collection-start>
<gc-start id="266" type="global" contextid="262" timestamp="2019-08-08T09:20:14.911">
  <mem-info id="267" free="1142808" total="12058624" percent="9">
    <mem type="nursery" free="100928" total="5373952" percent="1">
      <mem type="allocate" free="100928" total="2686976" percent="3" />
      <mem type="survivor" free="0" total="2686976" percent="0" />
    </mem>
    <mem type="tenure" free="1041880" total="6684672" percent="15">
      <mem type="soa" free="708056" total="6350848" percent="11" />
      <mem type="loa" free="333824" total="333824" percent="100" />
    </mem>
    <remembered-set count="247" />
  </mem-info>
</gc-start>
<allocation-stats totalBytes="1328456" >
  <allocated-bytes non-tlh="0" tlh="1328456" />
  <largest-consumer threadName="node-5" threadId="0000000000DE0700" bytes="143336" />
</allocation-stats>
<gc-op id="268" type="rs-scan" timems="2.432" contextid="262" timestamp="2019-08-08T09:20:14.913">
  <scan objectsFound="148" bytesTraced="1032076" workStackOverflowCount="0" />
</gc-op>
<gc-op id="269" type="card-cleaning" timems="1.642" contextid="262" timestamp="2019-08-08T09:20:14.915">
  <card-cleaning cardsCleaned="36" bytesTraced="27184" workStackOverflowCount="0" />
</gc-op>
<gc-op id="270" type="mark" timems="2.795" contextid="262" timestamp="2019-08-08T09:20:14.918">
  <trace-info objectcount="356" scancount="313" scanbytes="7388" />
  <finalization candidates="13" enqueued="0" />
  <references type="soft" candidates="66" cleared="0" enqueued="0" dynamicThreshold="4" maxThreshold="32" />
  <references type="weak" candidates="130" cleared="0" enqueued="0" />
  <references type="phantom" candidates="36" cleared="0" enqueued="0" />
  <stringconstants candidates="3837" cleared="0"  />
</gc-op>
<gc-op id="271" type="sweep" timems="3.901" contextid="262" timestamp="2019-08-08T09:20:14.922" />
<mem-info id="272" free="2471440" total="12058624" percent="20">
  <mem type="nursery" free="1429560" total="5373952" percent="26">
    <mem type="allocate" free="1429560" total="2686976" percent="53" />
    <mem type="survivor" free="0" total="2686976" percent="0" />
  </mem>
  <mem type="tenure" free="1041880" total="6684672" percent="15" micro-fragmented="0" macro-fragmented="502401">
    <mem type="soa" free="708056" total="6350848" percent="11" />
    <mem type="loa" free="333824" total="333824" percent="100" />
  </mem>
  <remembered-set count="245" />
</mem-info>
<gc-op id="273" type="compact" timems="25.005" contextid="262" timestamp="2019-08-08T09:20:14.947">
  <compact-info movecount="24378" movebytes="1714920" reason="compact to aid heap contraction" />
</gc-op>
<heap-resize id="274" type="expand" space="tenure" amount="131072" count="1" timems="0.023" reason="satisfy allocation request" timestamp="2019-08-08T09:20:14.948" />
<gc-end id="275" type="global" contextid="262" durationms="37.254" usertimems="42.767" systemtimems="7.345" timestamp="2019-08-08T09:20:14.948" activeThreads="16">
  <mem-info id="276" free="2607048" total="12189696" percent="21">
    <mem type="nursery" free="1434064" total="5373952" percent="26">
      <mem type="allocate" free="1434064" total="2686976" percent="53" />
      <mem type="survivor" free="0" total="2686976" percent="0" />
    </mem>
    <mem type="tenure" free="1172984" total="6815744" percent="17">
      <mem type="soa" free="833016" total="6475776" percent="12" />
      <mem type="loa" free="339968" total="339968" percent="100" />
    </mem>
    <remembered-set count="245" />
  </mem-info>
</gc-end>
<cycle-end id="277" type="global" contextid="262" timestamp="2019-08-08T09:20:14.948" />
  <attribute name="elasticGC enabled" value="1" />
  <attribute name= "numThreadsSpecified" value="16" />
  <attribute name="heapSize specified" value="12058624" />
  <attribute name="Current GC Util" value="50" />
  <attribute name= "Current Time Running" value="6101" />
  <attribute name ="GC Interval" value="1953" />
  <attribute name="Target GC Util Change" value ="80.000000" />
  <attribute name="Current GC Util Change" value="50.000000"/>
  <attribute name="Current Error" value="-41.000000" />
  <attribute name="Output H" value="12134264"/>
  <attribute name="Output I" value="1936"/>
  <attribute name="Output T" value="16"/>
  <attribute name= "Current Time Running" value="6101" />
  <attribute name="GC Util currently" value="50" />
  <attribute name="CPU Util currently" value="46061996586" />
<concurrent-collection-end id="278" timestamp="2019-08-08T09:20:14.949" />
<exclusive-end id="279" timestamp="2019-08-08T09:20:14.949" durationms="37.733" />

<concurrent-kickoff id="280" timestamp="2019-08-08T09:20:15.597">
  <kickoff reason="threshold reached" targetBytes="3120088" thresholdFreeBytes="431795"  remainingFree="430544" tenureFreeBytes="1172984" nurseryFreeBytes="430544" />
</concurrent-kickoff>
<exclusive-start id="281" timestamp="2019-08-08T09:20:15.598" intervalms="687.692">
  <response-info timems="0.593" idlems="0.593" threads="0" lastid="0000000000DFAA00" lastname="node-8" />
</exclusive-start>
<cycle-start id="282" type="global" contextid="0" timestamp="2019-08-08T09:20:15.598" intervalms="982.996" />
<exclusive-end id="283" timestamp="2019-08-08T09:20:15.599" durationms="0.027" />

<exclusive-start id="284" timestamp="2019-08-08T09:20:15.829" intervalms="230.304">
  <response-info timems="0.387" idlems="0.387" threads="0" lastid="0000000000DE0700" lastname="node-5" />
</exclusive-start>
<concurrent-collection-start id="285" timestamp="2019-08-08T09:20:15.829" intervalms="918.064" >
  <concurrent-trace-info reason="card cleaning threshold reached" tracedByMutators="322316" tracedByHelpers="3985660" cardsCleaned="46" workStackOverflowCount="0" />
</concurrent-collection-start>
<gc-start id="286" type="global" contextid="282" timestamp="2019-08-08T09:20:15.829">
  <mem-info id="287" free="1292232" total="12189696" percent="10">
    <mem type="nursery" free="119248" total="5373952" percent="2">
      <mem type="allocate" free="119248" total="2686976" percent="4" />
      <mem type="survivor" free="0" total="2686976" percent="0" />
    </mem>
    <mem type="tenure" free="1172984" total="6815744" percent="17">
      <mem type="soa" free="833016" total="6475776" percent="12" />
      <mem type="loa" free="339968" total="339968" percent="100" />
    </mem>
    <remembered-set count="245" />
  </mem-info>
</gc-start>
<allocation-stats totalBytes="1312936" >
  <allocated-bytes non-tlh="0" tlh="1312936" />
  <largest-consumer threadName="node-9" threadId="0000000000DD1700" bytes="122816" />
</allocation-stats>
<gc-op id="288" type="rs-scan" timems="3.770" contextid="282" timestamp="2019-08-08T09:20:15.833">
  <scan objectsFound="155" bytesTraced="1032708" workStackOverflowCount="0" />
</gc-op>
<gc-op id="289" type="card-cleaning" timems="4.385" contextid="282" timestamp="2019-08-08T09:20:15.837">
  <card-cleaning cardsCleaned="32" bytesTraced="23320" workStackOverflowCount="0" />
</gc-op>
<gc-op id="290" type="mark" timems="4.717" contextid="282" timestamp="2019-08-08T09:20:15.842">
  <trace-info objectcount="383" scancount="331" scanbytes="7676" />
  <finalization candidates="13" enqueued="0" />
  <references type="soft" candidates="66" cleared="0" enqueued="0" dynamicThreshold="5" maxThreshold="32" />
  <references type="weak" candidates="130" cleared="0" enqueued="0" />
  <references type="phantom" candidates="36" cleared="0" enqueued="0" />
  <stringconstants candidates="3837" cleared="0"  />
</gc-op>
<gc-op id="291" type="sweep" timems="3.452" contextid="282" timestamp="2019-08-08T09:20:15.846" />
<mem-info id="292" free="2595600" total="12189696" percent="21">
  <mem type="nursery" free="1422616" total="5373952" percent="26">
    <mem type="allocate" free="1422616" total="2686976" percent="52" />
    <mem type="survivor" free="0" total="2686976" percent="0" />
  </mem>
  <mem type="tenure" free="1172984" total="6815744" percent="17" micro-fragmented="0" macro-fragmented="502401">
    <mem type="soa" free="833016" total="6475776" percent="12" />
    <mem type="loa" free="339968" total="339968" percent="100" />
  </mem>
  <remembered-set count="245" />
</mem-info>
<gc-op id="293" type="compact" timems="12.419" contextid="282" timestamp="2019-08-08T09:20:15.858">
  <compact-info movecount="2405" movebytes="69544" reason="compact to aid heap contraction" />
</gc-op>
<heap-resize id="294" type="expand" space="tenure" amount="131072" count="1" timems="0.019" reason="satisfy allocation request" timestamp="2019-08-08T09:20:15.859" />
<gc-end id="295" type="global" contextid="282" durationms="30.355" usertimems="16.046" systemtimems="26.745" timestamp="2019-08-08T09:20:15.859" activeThreads="16">
  <mem-info id="296" free="2732344" total="12320768" percent="22">
    <mem type="nursery" free="1428288" total="5373952" percent="26">
      <mem type="allocate" free="1428288" total="2686976" percent="53" />
      <mem type="survivor" free="0" total="2686976" percent="0" />
    </mem>
    <mem type="tenure" free="1304056" total="6946816" percent="18">
      <mem type="soa" free="956920" total="6599680" percent="14" />
      <mem type="loa" free="347136" total="347136" percent="100" />
    </mem>
    <remembered-set count="245" />
  </mem-info>
</gc-end>
<cycle-end id="297" type="global" contextid="282" timestamp="2019-08-08T09:20:15.859" />
  <attribute name="elasticGC enabled" value="1" />
  <attribute name= "numThreadsSpecified" value="16" />
  <attribute name="heapSize specified" value="12189696" />
  <attribute name="Current GC Util" value="101" />
  <attribute name= "Current Time Running" value="7012" />
  <attribute name ="GC Interval" value="1953" />
  <attribute name="Target GC Util Change" value ="80.000000" />
  <attribute name="Current GC Util Change" value="101.000000"/>
  <attribute name="Current Error" value="44.000000" />
  <attribute name="Output H" value="12265432"/>
  <attribute name="Output I" value="2088"/>
  <attribute name="Output T" value="16"/>
  <attribute name= "Current Time Running" value="7012" />
  <attribute name="GC Util currently" value="101" />
  <attribute name="CPU Util currently" value="92616894790" />
<concurrent-collection-end id="298" timestamp="2019-08-08T09:20:15.859" />
<exclusive-end id="299" timestamp="2019-08-08T09:20:15.859" durationms="30.705" />

<concurrent-kickoff id="300" timestamp="2019-08-08T09:20:16.148">
  <kickoff reason="threshold reached" targetBytes="3409260" thresholdFreeBytes="471760"  remainingFree="461632" tenureFreeBytes="1304056" nurseryFreeBytes="461632" />
</concurrent-kickoff>
<exclusive-start id="301" timestamp="2019-08-08T09:20:16.150" intervalms="321.149">
  <response-info timems="1.281" idlems="1.281" threads="0" lastid="0000000000E11200" lastname="node-2" />
</exclusive-start>
<cycle-start id="302" type="global" contextid="0" timestamp="2019-08-08T09:20:16.150" intervalms="551.444" />
<exclusive-end id="303" timestamp="2019-08-08T09:20:16.150" durationms="0.019" />

<exclusive-start id="304" timestamp="2019-08-08T09:20:16.406" intervalms="256.169">
  <response-info timems="0.171" idlems="0.171" threads="0" lastid="0000000000E27900" lastname="node-0" />
</exclusive-start>
<concurrent-collection-start id="305" timestamp="2019-08-08T09:20:16.406" intervalms="577.337" >
  <concurrent-trace-info reason="card cleaning threshold reached" tracedByMutators="347200" tracedByHelpers="3972488" cardsCleaned="72" workStackOverflowCount="0" />
</concurrent-collection-start>
<gc-start id="306" type="global" contextid="302" timestamp="2019-08-08T09:20:16.406">
  <mem-info id="307" free="1405240" total="12320768" percent="11">
    <mem type="nursery" free="101184" total="5373952" percent="1">
      <mem type="allocate" free="101184" total="2686976" percent="3" />
      <mem type="survivor" free="0" total="2686976" percent="0" />
    </mem>
    <mem type="tenure" free="1304056" total="6946816" percent="18">
      <mem type="soa" free="956920" total="6599680" percent="14" />
      <mem type="loa" free="347136" total="347136" percent="100" />
    </mem>
    <remembered-set count="245" />
  </mem-info>
</gc-start>
<allocation-stats totalBytes="1326112" >
  <allocated-bytes non-tlh="0" tlh="1326112" />
  <largest-consumer threadName="node-0" threadId="0000000000E27900" bytes="106480" />
</allocation-stats>
<gc-op id="308" type="rs-scan" timems="2.714" contextid="302" timestamp="2019-08-08T09:20:16.409">
  <scan objectsFound="155" bytesTraced="1032708" workStackOverflowCount="0" />
</gc-op>
<gc-op id="309" type="card-cleaning" timems="1.482" contextid="302" timestamp="2019-08-08T09:20:16.411">
  <card-cleaning cardsCleaned="35" bytesTraced="23828" workStackOverflowCount="0" />
</gc-op>
<gc-op id="310" type="mark" timems="9.478" contextid="302" timestamp="2019-08-08T09:20:16.420">
  <trace-info objectcount="362" scancount="321" scanbytes="7524" />
  <finalization candidates="13" enqueued="0" />
  <references type="soft" candidates="66" cleared="0" enqueued="0" dynamicThreshold="6" maxThreshold="32" />
  <references type="weak" candidates="130" cleared="0" enqueued="0" />
  <references type="phantom" candidates="36" cleared="0" enqueued="0" />
  <stringconstants candidates="3837" cleared="0"  />
</gc-op>
<gc-op id="311" type="sweep" timems="4.193" contextid="302" timestamp="2019-08-08T09:20:16.424" />
<mem-info id="312" free="2731264" total="12320768" percent="22">
  <mem type="nursery" free="1427208" total="5373952" percent="26">
    <mem type="allocate" free="1427208" total="2686976" percent="53" />
    <mem type="survivor" free="0" total="2686976" percent="0" />
  </mem>
  <mem type="tenure" free="1304056" total="6946816" percent="18" micro-fragmented="0" macro-fragmented="0">
    <mem type="soa" free="956920" total="6599680" percent="14" />
    <mem type="loa" free="347136" total="347136" percent="100" />
  </mem>
  <remembered-set count="245" />
</mem-info>
<gc-op id="313" type="compact" timems="20.887" contextid="302" timestamp="2019-08-08T09:20:16.445">
  <compact-info movecount="2352" movebytes="60576" reason="compact to aid heap contraction" />
</gc-op>
<heap-resize id="314" type="expand" space="tenure" amount="131072" count="1" timems="0.020" reason="satisfy allocation request" timestamp="2019-08-08T09:20:16.448" />
<gc-end id="315" type="global" contextid="302" durationms="42.935" usertimems="26.137" systemtimems="43.125" timestamp="2019-08-08T09:20:16.449" activeThreads="16">
  <mem-info id="316" free="2872208" total="12451840" percent="23">
    <mem type="nursery" free="1437080" total="5373952" percent="26">
      <mem type="allocate" free="1437080" total="2686976" percent="53" />
      <mem type="survivor" free="0" total="2686976" percent="0" />
    </mem>
    <mem type="tenure" free="1435128" total="7077888" percent="20">
      <mem type="soa" free="1081848" total="6724608" percent="16" />
      <mem type="loa" free="353280" total="353280" percent="100" />
    </mem>
    <remembered-set count="245" />
  </mem-info>
</gc-end>
<cycle-end id="317" type="global" contextid="302" timestamp="2019-08-08T09:20:16.449" />
  <attribute name="elasticGC enabled" value="1" />
  <attribute name= "numThreadsSpecified" value="16" />
  <attribute name="heapSize specified" value="12320768" />
  <attribute name="Current GC Util" value="94" />
  <attribute name= "Current Time Running" value="7599" />
  <attribute name ="GC Interval" value="1953" />
  <attribute name="Target GC Util Change" value ="80.000000" />
  <attribute name="Current GC Util Change" value="94.000000"/>
  <attribute name="Current Error" value="-69.000000" />
  <attribute name="Output H" value="12396376"/>
  <attribute name="Output I" value="1888"/>
  <attribute name="Output T" value="16"/>
  <attribute name= "Current Time Running" value="7599" />
  <attribute name="GC Util currently" value="94" />
  <attribute name="CPU Util currently" value="55116677092" />
<concurrent-collection-end id="318" timestamp="2019-08-08T09:20:16.449" />
<exclusive-end id="319" timestamp="2019-08-08T09:20:16.449" durationms="43.347" />

<concurrent-kickoff id="320" timestamp="2019-08-08T09:20:16.869">
  <kickoff reason="threshold reached" targetBytes="3652807" thresholdFreeBytes="501783"  remainingFree="490904" tenureFreeBytes="1435128" nurseryFreeBytes="490904" />
</concurrent-kickoff>
<exclusive-start id="321" timestamp="2019-08-08T09:20:16.869" intervalms="463.336">
  <response-info timems="0.321" idlems="0.321" threads="0" lastid="0000000000E2B500" lastname="node-4" />
</exclusive-start>
<cycle-start id="322" type="global" contextid="0" timestamp="2019-08-08T09:20:16.869" intervalms="719.508" />
<exclusive-end id="323" timestamp="2019-08-08T09:20:16.869" durationms="0.021" />

<exclusive-start id="324" timestamp="2019-08-08T09:20:17.122" intervalms="252.440">
  <response-info timems="1.376" idlems="1.376" threads="0" lastid="0000000000DD1700" lastname="node-9" />
</exclusive-start>
<concurrent-collection-start id="325" timestamp="2019-08-08T09:20:17.122" intervalms="715.757" >
  <concurrent-trace-info reason="card cleaning threshold reached" tracedByMutators="367740" tracedByHelpers="3940364" cardsCleaned="53" workStackOverflowCount="0" />
</concurrent-collection-start>
<gc-start id="326" type="global" contextid="322" timestamp="2019-08-08T09:20:17.122">
  <mem-info id="327" free="1553296" total="12451840" percent="12">
    <mem type="nursery" free="118168" total="5373952" percent="2">
      <mem type="allocate" free="118168" total="2686976" percent="4" />
      <mem type="survivor" free="0" total="2686976" percent="0" />
    </mem>
    <mem type="tenure" free="1435128" total="7077888" percent="20">
      <mem type="soa" free="1081848" total="6724608" percent="16" />
      <mem type="loa" free="353280" total="353280" percent="100" />
    </mem>
    <remembered-set count="245" />
  </mem-info>
</gc-start>
<allocation-stats totalBytes="1316120" >
  <allocated-bytes non-tlh="0" tlh="1316120" />
  <largest-consumer threadName="node-9" threadId="0000000000DD1700" bytes="106240" />
</allocation-stats>
<gc-op id="328" type="rs-scan" timems="3.910" contextid="322" timestamp="2019-08-08T09:20:17.126">
  <scan objectsFound="125" bytesTraced="1030668" workStackOverflowCount="0" />
</gc-op>
<gc-op id="329" type="card-cleaning" timems="2.130" contextid="322" timestamp="2019-08-08T09:20:17.128">
  <card-cleaning cardsCleaned="53" bytesTraced="31456" workStackOverflowCount="0" />
</gc-op>
<gc-op id="330" type="mark" timems="9.812" contextid="322" timestamp="2019-08-08T09:20:17.138">
  <trace-info objectcount="376" scancount="335" scanbytes="8028" />
  <finalization candidates="13" enqueued="0" />
  <references type="soft" candidates="66" cleared="20" enqueued="16" dynamicThreshold="6" maxThreshold="32" />
  <references type="weak" candidates="130" cleared="0" enqueued="0" />
  <references type="phantom" candidates="36" cleared="0" enqueued="0" />
  <stringconstants candidates="3837" cleared="0"  />
</gc-op>
<gc-op id="331" type="sweep" timems="3.761" contextid="322" timestamp="2019-08-08T09:20:17.142" />
<mem-info id="332" free="2865192" total="12451840" percent="23">
  <mem type="nursery" free="1430064" total="5373952" percent="26">
    <mem type="allocate" free="1430064" total="2686976" percent="53" />
    <mem type="survivor" free="0" total="2686976" percent="0" />
  </mem>
  <mem type="tenure" free="1435128" total="7077888" percent="20" micro-fragmented="0" macro-fragmented="723458">
    <mem type="soa" free="1081848" total="6724608" percent="16" />
    <mem type="loa" free="353280" total="353280" percent="100" />
  </mem>
  <pending-finalizers system="0" default="0" reference="16" classloader="0" />
  <remembered-set count="245" />
</mem-info>
<gc-op id="333" type="compact" timems="69.179" contextid="322" timestamp="2019-08-08T09:20:17.211">
  <compact-info movecount="116327" movebytes="5216232" reason="compact to aid heap contraction" />
</gc-op>
<heap-resize id="334" type="expand" space="tenure" amount="131072" count="1" timems="0.021" reason="satisfy allocation request" timestamp="2019-08-08T09:20:17.212" />
<gc-end id="335" type="global" contextid="322" durationms="89.850" usertimems="84.205" systemtimems="36.151" timestamp="2019-08-08T09:20:17.212" activeThreads="16">
  <mem-info id="336" free="3006240" total="12582912" percent="23">
    <mem type="nursery" free="1437728" total="5373952" percent="26">
      <mem type="allocate" free="1437728" total="2686976" percent="53" />
      <mem type="survivor" free="0" total="2686976" percent="0" />
    </mem>
    <mem type="tenure" free="1568512" total="7208960" percent="21">
      <mem type="soa" free="1208064" total="6848512" percent="17" />
      <mem type="loa" free="360448" total="360448" percent="100" />
    </mem>
    <pending-finalizers system="0" default="0" reference="16" classloader="0" />
    <remembered-set count="245" />
  </mem-info>
</gc-end>
<cycle-end id="337" type="global" contextid="322" timestamp="2019-08-08T09:20:17.212" />
  <attribute name="elasticGC enabled" value="1" />
  <attribute name= "numThreadsSpecified" value="16" />
  <attribute name="heapSize specified" value="12451840" />
  <attribute name="Current GC Util" value="36" />
  <attribute name= "Current Time Running" value="8365" />
  <attribute name ="GC Interval" value="1953" />
  <attribute name="Target GC Util Change" value ="80.000000" />
  <attribute name="Current GC Util Change" value="36.000000"/>
  <attribute name="Current Error" value="44.000000" />
  <attribute name="Output H" value="12527576"/>
  <attribute name="Output I" value="2088"/>
  <attribute name="Output T" value="16"/>
  <attribute name= "Current Time Running" value="8365" />
  <attribute name="GC Util currently" value="36" />
  <attribute name="CPU Util currently" value="16654968432" />
<concurrent-collection-end id="338" timestamp="2019-08-08T09:20:17.212" />
<exclusive-end id="339" timestamp="2019-08-08T09:20:17.212" durationms="90.182" />

<concurrent-kickoff id="340" timestamp="2019-08-08T09:20:17.639">
  <kickoff reason="threshold reached" targetBytes="3850844" thresholdFreeBytes="526439"  remainingFree="507936" tenureFreeBytes="1568512" nurseryFreeBytes="507936" />
</concurrent-kickoff>
<exclusive-start id="341" timestamp="2019-08-08T09:20:17.639" intervalms="517.338">
  <response-info timems="0.300" idlems="0.300" threads="0" lastid="0000000000E20100" lastname="node-6" />
</exclusive-start>
<cycle-start id="342" type="global" contextid="0" timestamp="2019-08-08T09:20:17.639" intervalms="769.879" />
<exclusive-end id="343" timestamp="2019-08-08T09:20:17.639" durationms="0.134" />

<exclusive-start id="344" timestamp="2019-08-08T09:20:18.044" intervalms="404.408">
  <response-info timems="4.196" idlems="4.196" threads="0" lastid="0000000000E11200" lastname="node-2" />
</exclusive-start>
<concurrent-collection-start id="345" timestamp="2019-08-08T09:20:18.044" intervalms="921.679" >
  <concurrent-trace-info reason="card cleaning threshold reached" tracedByMutators="180492" tracedByHelpers="4125584" cardsCleaned="56" workStackOverflowCount="0" />
</concurrent-collection-start>
<gc-start id="346" type="global" contextid="342" timestamp="2019-08-08T09:20:18.044">
  <mem-info id="347" free="1736480" total="12582912" percent="13">
    <mem type="nursery" free="167968" total="5373952" percent="3">
      <mem type="allocate" free="167968" total="2686976" percent="6" />
      <mem type="survivor" free="0" total="2686976" percent="0" />
    </mem>
    <mem type="tenure" free="1568512" total="7208960" percent="21">
      <mem type="soa" free="1208064" total="6848512" percent="17" />
      <mem type="loa" free="360448" total="360448" percent="100" />
    </mem>
    <remembered-set count="261" />
  </mem-info>
</gc-start>
<allocation-stats totalBytes="1268560" >
  <allocated-bytes non-tlh="0" tlh="1268560" />
  <largest-consumer threadName="node-4" threadId="0000000000E2B500" bytes="90112" />
</allocation-stats>
<gc-op id="348" type="rs-scan" timems="4.173" contextid="342" timestamp="2019-08-08T09:20:18.048">
  <scan objectsFound="173" bytesTraced="1033124" workStackOverflowCount="0" />
</gc-op>
<gc-op id="349" type="card-cleaning" timems="2.907" contextid="342" timestamp="2019-08-08T09:20:18.051">
  <card-cleaning cardsCleaned="4" bytesTraced="9612" workStackOverflowCount="0" />
</gc-op>
<gc-op id="350" type="mark" timems="7.803" contextid="342" timestamp="2019-08-08T09:20:18.059">
  <trace-info objectcount="372" scancount="331" scanbytes="7924" />
  <finalization candidates="13" enqueued="0" />
  <references type="soft" candidates="46" cleared="1" enqueued="0" dynamicThreshold="6" maxThreshold="32" />
  <references type="weak" candidates="130" cleared="0" enqueued="0" />
  <references type="phantom" candidates="36" cleared="0" enqueued="0" />
  <stringconstants candidates="3837" cleared="0"  />
</gc-op>
<gc-op id="351" type="sweep" timems="2.834" contextid="342" timestamp="2019-08-08T09:20:18.062" />
<mem-info id="352" free="2991744" total="12582912" percent="23">
  <mem type="nursery" free="1423232" total="5373952" percent="26">
    <mem type="allocate" free="1423232" total="2686976" percent="52" />
    <mem type="survivor" free="0" total="2686976" percent="0" />
  </mem>
  <mem type="tenure" free="1568512" total="7208960" percent="21" micro-fragmented="0" macro-fragmented="1390668">
    <mem type="soa" free="1208064" total="6848512" percent="17" />
    <mem type="loa" free="360448" total="360448" percent="100" />
  </mem>
  <remembered-set count="245" />
</mem-info>
<gc-op id="353" type="compact" timems="71.957" contextid="342" timestamp="2019-08-08T09:20:18.134">
  <compact-info movecount="121852" movebytes="5449688" reason="compact to aid heap contraction" />
</gc-op>
<heap-resize id="354" type="expand" space="tenure" amount="131072" count="1" timems="0.019" reason="satisfy allocation request" timestamp="2019-08-08T09:20:18.135" />
<gc-end id="355" type="global" contextid="342" durationms="90.912" usertimems="91.667" systemtimems="12.813" timestamp="2019-08-08T09:20:18.135" activeThreads="16">
  <mem-info id="356" free="3141688" total="12713984" percent="24">
    <mem type="nursery" free="1438792" total="5373952" percent="26">
      <mem type="allocate" free="1438792" total="2686976" percent="53" />
      <mem type="survivor" free="0" total="2686976" percent="0" />
    </mem>
    <mem type="tenure" free="1702896" total="7340032" percent="23">
      <mem type="soa" free="1336304" total="6973440" percent="19" />
      <mem type="loa" free="366592" total="366592" percent="100" />
    </mem>
    <remembered-set count="245" />
  </mem-info>
</gc-end>
<cycle-end id="357" type="global" contextid="342" timestamp="2019-08-08T09:20:18.135" />
  <attribute name="elasticGC enabled" value="1" />
  <attribute name= "numThreadsSpecified" value="16" />
  <attribute name="heapSize specified" value="12582912" />
  <attribute name="Current GC Util" value="25" />
  <attribute name= "Current Time Running" value="9288" />
  <attribute name ="GC Interval" value="1953" />
  <attribute name="Target GC Util Change" value ="80.000000" />
  <attribute name="Current GC Util Change" value="25.000000"/>
  <attribute name="Current Error" value="63.000000" />
  <attribute name="Output H" value="12658664"/>
  <attribute name="Output I" value="2120"/>
  <attribute name="Output T" value="16"/>
  <attribute name= "Current Time Running" value="9288" />
  <attribute name="GC Util currently" value="25" />
  <attribute name="CPU Util currently" value="16016443269" />
<concurrent-collection-end id="358" timestamp="2019-08-08T09:20:18.135" />
<exclusive-end id="359" timestamp="2019-08-08T09:20:18.135" durationms="91.101" />

<exclusive-start id="360" timestamp="2019-08-08T09:20:18.998" intervalms="954.736">
  <response-info timems="0.027" idlems="0.027" threads="0" lastid="0000000000E20100" lastname="node-6" />
</exclusive-start>
<af-start id="361" threadId="0000000000E20A88" totalBytesRequested="32" timestamp="2019-08-08T09:20:18.999" intervalms="9502.905" type="nursery" />
<cycle-start id="362" type="scavenge" contextid="0" timestamp="2019-08-08T09:20:18.999" intervalms="9502.939" />
<gc-start id="363" type="scavenge" contextid="362" timestamp="2019-08-08T09:20:18.999">
  <mem-info id="364" free="1702896" total="12713984" percent="13">
    <mem type="nursery" free="0" total="5373952" percent="0">
      <mem type="allocate" free="0" total="2686976" percent="0" />
      <mem type="survivor" free="0" total="2686976" percent="0" />
    </mem>
    <mem type="tenure" free="1702896" total="7340032" percent="23">
      <mem type="soa" free="1336304" total="6973440" percent="19" />
      <mem type="loa" free="366592" total="366592" percent="100" />
    </mem>
    <remembered-set count="245" />
  </mem-info>
</gc-start>
<allocation-stats totalBytes="1431528" >
  <allocated-bytes non-tlh="0" tlh="1431528" />
  <largest-consumer threadName="node-2" threadId="0000000000E11200" bytes="90080" />
</allocation-stats>
<gc-op id="365" type="scavenge" timems="2.605" contextid="362" timestamp="2019-08-08T09:20:19.002">
  <scavenger-info tenureage="1" tenuremask="fffe" tiltratio="50" />
  <memory-copied type="nursery" objects="14609" bytes="943448" bytesdiscarded="441816" />
  <memory-copied type="tenure" objects="5418" bytes="301600" bytesdiscarded="56" />
</gc-op>
<gc-end id="366" type="scavenge" contextid="362" durationms="3.415" usertimems="3.806" systemtimems="4.661" timestamp="2019-08-08T09:20:19.002" activeThreads="16">
  <mem-info id="367" free="2562864" total="12713984" percent="20">
    <mem type="nursery" free="1301616" total="5373952" percent="24">
      <mem type="allocate" free="1301616" total="2686976" percent="48" />
      <mem type="survivor" free="0" total="2686976" percent="0" />
    </mem>
    <mem type="tenure" free="1261248" total="7340032" percent="17" macro-fragmented="0">
      <mem type="soa" free="894656" total="6973440" percent="12" />
      <mem type="loa" free="366592" total="366592" percent="100" />
    </mem>
    <remembered-set count="212" />
  </mem-info>
</gc-end>
<cycle-end id="368" type="scavenge" contextid="362" timestamp="2019-08-08T09:20:19.003" />
  <attribute name="elasticGC enabled" value="1" />
  <attribute name= "numThreadsSpecified" value="16" />
  <attribute name="heapSize specified" value="12582912" />
  <attribute name="Current GC Util" value="8" />
  <attribute name= "Current Time Running" value="10153" />
  <attribute name ="GC Interval" value="2257" />
  <attribute name="Target GC Util Change" value ="80.000000" />
  <attribute name="Current GC Util Change" value="8.000000"/>
  <attribute name="Current Error" value="135.000000" />
  <attribute name="Output H" value="12789824"/>
  <attribute name="Output I" value="2256"/>
  <attribute name="Output T" value="16"/>
  <attribute name= "Current Time Running" value="10153" />
  <attribute name="GC Util currently" value="8" />
  <attribute name="CPU Util currently" value="15" />
<allocation-satisfied id="369" threadId="0000000000E20100" bytesRequested="32" />
<af-end id="370" timestamp="2019-08-08T09:20:19.003" threadId="0000000000E20A88" success="true" from="nursery"/>
<exclusive-end id="371" timestamp="2019-08-08T09:20:19.003" durationms="4.341" />

<concurrent-kickoff id="372" timestamp="2019-08-08T09:20:19.352">
  <kickoff reason="threshold reached" targetBytes="4012854" thresholdFreeBytes="549898"  remainingFree="539728" tenureFreeBytes="1261248" nurseryFreeBytes="539728" />
</concurrent-kickoff>
<exclusive-start id="373" timestamp="2019-08-08T09:20:19.352" intervalms="353.646">
  <response-info timems="0.076" idlems="0.076" threads="0" lastid="0000000000DEBB00" lastname="node-13" />
</exclusive-start>
<cycle-start id="374" type="global" contextid="0" timestamp="2019-08-08T09:20:19.352" intervalms="1712.689" />
<exclusive-end id="375" timestamp="2019-08-08T09:20:19.352" durationms="0.021" />

<exclusive-start id="376" timestamp="2019-08-08T09:20:19.596" intervalms="243.702">
  <response-info timems="0.553" idlems="0.297" threads="1" lastid="0000000000DFE600" lastname="node-16" />
</exclusive-start>
<concurrent-collection-start id="377" timestamp="2019-08-08T09:20:19.596" intervalms="1552.080" >
  <concurrent-trace-info reason="card cleaning threshold reached" tracedByMutators="197176" tracedByHelpers="4353936" cardsCleaned="59" workStackOverflowCount="0" />
</concurrent-collection-start>
<gc-start id="378" type="global" contextid="374" timestamp="2019-08-08T09:20:19.596">
  <mem-info id="379" free="1448720" total="12713984" percent="11">
    <mem type="nursery" free="187472" total="5373952" percent="3">
      <mem type="allocate" free="187472" total="2686976" percent="6" />
      <mem type="survivor" free="0" total="2686976" percent="0" />
    </mem>
    <mem type="tenure" free="1261248" total="7340032" percent="17">
      <mem type="soa" free="894656" total="6973440" percent="12" />
      <mem type="loa" free="366592" total="366592" percent="100" />
    </mem>
    <remembered-set count="235" />
  </mem-info>
</gc-start>
<allocation-stats totalBytes="1113160" >
  <allocated-bytes non-tlh="32" tlh="1113128" />
  <largest-consumer threadName="node-8" threadId="0000000000DFAA00" bytes="90096" />
</allocation-stats>
<gc-op id="380" type="rs-scan" timems="2.555" contextid="374" timestamp="2019-08-08T09:20:19.599">
  <scan objectsFound="115" bytesTraced="787036" workStackOverflowCount="0" />
</gc-op>
<gc-op id="381" type="card-cleaning" timems="1.158" contextid="374" timestamp="2019-08-08T09:20:19.600">
  <card-cleaning cardsCleaned="58" bytesTraced="32732" workStackOverflowCount="0" />
</gc-op>
<gc-op id="382" type="mark" timems="7.079" contextid="374" timestamp="2019-08-08T09:20:19.607">
  <trace-info objectcount="363" scancount="322" scanbytes="7668" />
  <finalization candidates="13" enqueued="0" />
  <references type="soft" candidates="45" cleared="0" enqueued="0" dynamicThreshold="7" maxThreshold="32" />
  <references type="weak" candidates="130" cleared="0" enqueued="0" />
  <references type="phantom" candidates="36" cleared="0" enqueued="0" />
  <stringconstants candidates="3837" cleared="0"  />
</gc-op>
<gc-op id="383" type="sweep" timems="5.901" contextid="374" timestamp="2019-08-08T09:20:19.613" />
<mem-info id="384" free="3134560" total="12713984" percent="24">
  <mem type="nursery" free="1733384" total="5373952" percent="32">
    <mem type="allocate" free="1733384" total="2686976" percent="64" />
    <mem type="survivor" free="0" total="2686976" percent="0" />
  </mem>
  <mem type="tenure" free="1401176" total="7340032" percent="19" micro-fragmented="0" macro-fragmented="0">
    <mem type="soa" free="1034584" total="6973440" percent="14" />
    <mem type="loa" free="366592" total="366592" percent="100" />
  </mem>
  <remembered-set count="235" />
</mem-info>
<gc-op id="385" type="compact" timems="24.339" contextid="374" timestamp="2019-08-08T09:20:19.637">
  <compact-info movecount="19563" movebytes="1230944" reason="compact to aid heap contraction" />
</gc-op>
<heap-resize id="386" type="expand" space="tenure" amount="131072" count="1" timems="0.022" reason="satisfy allocation request" timestamp="2019-08-08T09:20:19.639" />
<gc-end id="387" type="global" contextid="374" durationms="42.690" usertimems="29.273" systemtimems="27.925" timestamp="2019-08-08T09:20:19.639" activeThreads="16">
  <mem-info id="388" free="3273752" total="12845056" percent="25">
    <mem type="nursery" free="1741432" total="5373952" percent="32">
      <mem type="allocate" free="1741432" total="2686976" percent="64" />
      <mem type="survivor" free="0" total="2686976" percent="0" />
    </mem>
    <mem type="tenure" free="1532320" total="7471104" percent="20">
      <mem type="soa" free="1159584" total="7098368" percent="16" />
      <mem type="loa" free="372736" total="372736" percent="100" />
    </mem>
    <remembered-set count="235" />
  </mem-info>
</gc-end>
<cycle-end id="389" type="global" contextid="374" timestamp="2019-08-08T09:20:19.639" />
  <attribute name="elasticGC enabled" value="1" />
  <attribute name= "numThreadsSpecified" value="16" />
  <attribute name="heapSize specified" value="12713984" />
  <attribute name="Current GC Util" value="93" />
  <attribute name= "Current Time Running" value="10791" />
  <attribute name ="GC Interval" value="2257" />
  <attribute name="Target GC Util Change" value ="80.000000" />
  <attribute name="Current GC Util Change" value="93.000000"/>
  <attribute name="Current Error" value="-123.000000" />
  <attribute name="Output H" value="12789528"/>
  <attribute name="Output I" value="1792"/>
  <attribute name="Output T" value="16"/>
  <attribute name= "Current Time Running" value="10791" />
  <attribute name="GC Util currently" value="93" />
  <attribute name="CPU Util currently" value="46920885033" />
<concurrent-collection-end id="390" timestamp="2019-08-08T09:20:19.639" />
<exclusive-end id="391" timestamp="2019-08-08T09:20:19.639" durationms="42.997" />

<exclusive-start id="392" timestamp="2019-08-08T09:20:20.657" intervalms="1060.916">
  <response-info timems="0.025" idlems="0.025" threads="0" lastid="0000000000DF3200" lastname="node-7" />
</exclusive-start>
<af-start id="393" threadId="0000000000DF3B88" totalBytesRequested="32" timestamp="2019-08-08T09:20:20.657" intervalms="1657.789" type="nursery" />
<cycle-start id="394" type="scavenge" contextid="0" timestamp="2019-08-08T09:20:20.657" intervalms="1657.766" />
<gc-start id="395" type="scavenge" contextid="394" timestamp="2019-08-08T09:20:20.657">
  <mem-info id="396" free="1532320" total="12845056" percent="11">
    <mem type="nursery" free="0" total="5373952" percent="0">
      <mem type="allocate" free="0" total="2686976" percent="0" />
      <mem type="survivor" free="0" total="2686976" percent="0" />
    </mem>
    <mem type="tenure" free="1532320" total="7471104" percent="20">
      <mem type="soa" free="1159584" total="7098368" percent="16" />
      <mem type="loa" free="372736" total="372736" percent="100" />
    </mem>
    <remembered-set count="237" />
  </mem-info>
</gc-start>
<allocation-stats totalBytes="1740080" >
  <allocated-bytes non-tlh="0" tlh="1740080" />
  <largest-consumer threadName="node-19" threadId="0000000000E18900" bytes="102336" />
</allocation-stats>
<gc-op id="397" type="scavenge" timems="3.363" contextid="394" timestamp="2019-08-08T09:20:20.660">
  <scavenger-info tenureage="1" tenuremask="fffe" tiltratio="50" />
  <memory-copied type="nursery" objects="104" bytes="1720" bytesdiscarded="101960" />
  <memory-copied type="tenure" objects="14454" bytes="939856" bytesdiscarded="224" />
</gc-op>
<gc-end id="398" type="scavenge" contextid="394" durationms="3.666" usertimems="3.038" systemtimems="2.932" timestamp="2019-08-08T09:20:20.660" activeThreads="16">
  <mem-info id="399" free="2956032" total="12845056" percent="23">
    <mem type="nursery" free="2583296" total="5373952" percent="48">
      <mem type="allocate" free="2583296" total="2686976" percent="96" />
      <mem type="survivor" free="0" total="2686976" percent="0" />
    </mem>
    <mem type="tenure" free="372736" total="7471104" percent="4" macro-fragmented="348889">
      <mem type="soa" free="0" total="7098368" percent="0" />
      <mem type="loa" free="372736" total="372736" percent="100" />
    </mem>
    <remembered-set count="295" />
  </mem-info>
</gc-end>
<cycle-end id="400" type="scavenge" contextid="394" timestamp="2019-08-08T09:20:20.661" />
  <attribute name="elasticGC enabled" value="1" />
  <attribute name= "numThreadsSpecified" value="16" />
  <attribute name="heapSize specified" value="12713984" />
  <attribute name="Current GC Util" value="1" />
  <attribute name= "Current Time Running" value="11811" />
  <attribute name ="GC Interval" value="1937" />
  <attribute name="Target GC Util Change" value ="80.000000" />
  <attribute name="Current GC Util Change" value="1.000000"/>
  <attribute name="Current Error" value="-44.000000" />
  <attribute name="Output H" value="12920688"/>
  <attribute name="Output I" value="1936"/>
  <attribute name="Output T" value="16"/>
  <attribute name= "Current Time Running" value="11811" />
  <attribute name="GC Util currently" value="1" />
  <attribute name="CPU Util currently" value="15" />
<allocation-satisfied id="401" threadId="0000000000DF3200" bytesRequested="32" />
<af-end id="402" timestamp="2019-08-08T09:20:20.661" threadId="0000000000DF3B88" success="true" from="nursery"/>
<exclusive-end id="403" timestamp="2019-08-08T09:20:20.661" durationms="4.033" />

<concurrent-kickoff id="404" timestamp="2019-08-08T09:20:21.603">
  <kickoff reason="threshold reached" targetBytes="4191009" thresholdFreeBytes="575369"  remainingFree="572128" tenureFreeBytes="372736" nurseryFreeBytes="572128" />
</concurrent-kickoff>
<exclusive-start id="405" timestamp="2019-08-08T09:20:21.604" intervalms="947.147">
  <response-info timems="0.244" idlems="0.244" threads="0" lastid="0000000000E0D600" lastname="node-15" />
</exclusive-start>
<cycle-start id="406" type="global" contextid="0" timestamp="2019-08-08T09:20:21.604" intervalms="2251.827" />
<exclusive-end id="407" timestamp="2019-08-08T09:20:21.604" durationms="0.083" />

<exclusive-start id="408" timestamp="2019-08-08T09:20:21.789" intervalms="185.036">
  <response-info timems="0.071" idlems="0.071" threads="0" lastid="0000000000DE7F00" lastname="node-23" />
</exclusive-start>
<concurrent-collection-start id="409" timestamp="2019-08-08T09:20:21.789" intervalms="2193.105" >
  <concurrent-trace-info reason="card cleaning threshold reached" tracedByMutators="1643668" tracedByHelpers="3732288" cardsCleaned="162" workStackOverflowCount="0" />
</concurrent-collection-start>
<gc-start id="410" type="global" contextid="406" timestamp="2019-08-08T09:20:21.789">
  <mem-info id="411" free="449248" total="12845056" percent="3">
    <mem type="nursery" free="76512" total="5373952" percent="1">
      <mem type="allocate" free="76512" total="2686976" percent="2" />
      <mem type="survivor" free="0" total="2686976" percent="0" />
    </mem>
    <mem type="tenure" free="372736" total="7471104" percent="4">
      <mem type="soa" free="0" total="7098368" percent="0" />
      <mem type="loa" free="372736" total="372736" percent="100" />
    </mem>
    <remembered-set count="403" />
  </mem-info>
</gc-start>
<allocation-stats totalBytes="2505536" >
  <allocated-bytes non-tlh="32" tlh="2505504" />
  <largest-consumer threadName="node-15" threadId="0000000000E0D600" bytes="122872" />
</allocation-stats>
<gc-op id="412" type="rs-scan" timems="2.353" contextid="406" timestamp="2019-08-08T09:20:21.791">
  <scan objectsFound="127" bytesTraced="9648" workStackOverflowCount="0" />
</gc-op>
<gc-op id="413" type="card-cleaning" timems="2.055" contextid="406" timestamp="2019-08-08T09:20:21.793">
  <card-cleaning cardsCleaned="61" bytesTraced="37240" workStackOverflowCount="0" />
</gc-op>
<gc-op id="414" type="mark" timems="7.294" contextid="406" timestamp="2019-08-08T09:20:21.801">
  <trace-info objectcount="262" scancount="221" scanbytes="5780" />
  <finalization candidates="13" enqueued="0" />
  <references type="soft" candidates="45" cleared="0" enqueued="0" dynamicThreshold="6" maxThreshold="32" />
  <references type="weak" candidates="130" cleared="0" enqueued="0" />
  <references type="phantom" candidates="36" cleared="0" enqueued="0" />
  <stringconstants candidates="3837" cleared="0"  />
</gc-op>
<gc-op id="415" type="sweep" timems="4.088" contextid="406" timestamp="2019-08-08T09:20:21.805" />
<mem-info id="416" free="3222304" total="12845056" percent="25">
  <mem type="nursery" free="2629984" total="5373952" percent="48">
    <mem type="allocate" free="2629984" total="2686976" percent="97" />
    <mem type="survivor" free="0" total="2686976" percent="0" />
  </mem>
  <mem type="tenure" free="592320" total="7471104" percent="7" micro-fragmented="0" macro-fragmented="348889">
    <mem type="soa" free="219584" total="7098368" percent="3" />
    <mem type="loa" free="372736" total="372736" percent="100" />
  </mem>
  <remembered-set count="378" />
</mem-info>
<gc-op id="417" type="compact" timems="22.811" contextid="406" timestamp="2019-08-08T09:20:21.828">
  <compact-info movecount="14518" movebytes="937248" reason="compact to aid heap contraction" />
</gc-op>
<heap-resize id="418" type="expand" space="tenure" amount="131072" count="1" timems="0.019" reason="satisfy allocation request" timestamp="2019-08-08T09:20:21.829" />
<gc-end id="419" type="global" contextid="406" durationms="39.997" usertimems="55.195" systemtimems="16.703" timestamp="2019-08-08T09:20:21.829" activeThreads="16">
  <mem-info id="420" free="3402000" total="12976128" percent="26">
    <mem type="nursery" free="2677504" total="5373952" percent="49">
      <mem type="allocate" free="2677504" total="2686976" percent="99" />
      <mem type="survivor" free="0" total="2686976" percent="0" />
    </mem>
    <mem type="tenure" free="724496" total="7602176" percent="9">
      <mem type="soa" free="344592" total="7222272" percent="4" />
      <mem type="loa" free="379904" total="379904" percent="100" />
    </mem>
    <remembered-set count="378" />
  </mem-info>
</gc-end>
<cycle-end id="421" type="global" contextid="406" timestamp="2019-08-08T09:20:21.831" />
  <attribute name="elasticGC enabled" value="1" />
  <attribute name= "numThreadsSpecified" value="16" />
  <attribute name="heapSize specified" value="12845056" />
  <attribute name="Current GC Util" value="34" />
  <attribute name= "Current Time Running" value="12982" />
  <attribute name ="GC Interval" value="1937" />
  <attribute name="Target GC Util Change" value ="80.000000" />
  <attribute name="Current GC Util Change" value="34.000000"/>
  <attribute name="Current Error" value="191.000000" />
  <attribute name="Output H" value="12920960"/>
  <attribute name="Output I" value="2352"/>
  <attribute name="Output T" value="16"/>
  <attribute name= "Current Time Running" value="12982" />
  <attribute name="GC Util currently" value="34" />
  <attribute name="CPU Util currently" value="50495657607" />
<concurrent-collection-end id="422" timestamp="2019-08-08T09:20:21.831" />
<exclusive-end id="423" timestamp="2019-08-08T09:20:21.831" durationms="41.763" />

<concurrent-kickoff id="424" timestamp="2019-08-08T09:20:22.833">
  <kickoff reason="threshold reached" targetBytes="4495709" thresholdFreeBytes="617259"  remainingFree="600832" tenureFreeBytes="724496" nurseryFreeBytes="600832" />
</concurrent-kickoff>
<exclusive-start id="425" timestamp="2019-08-08T09:20:22.834" intervalms="1044.848">
  <response-info timems="0.567" idlems="0.567" threads="0" lastid="0000000000E2B500" lastname="node-4" />
</exclusive-start>
<cycle-start id="426" type="global" contextid="0" timestamp="2019-08-08T09:20:22.834" intervalms="1229.836" />
<exclusive-end id="427" timestamp="2019-08-08T09:20:22.834" durationms="0.036" />

<exclusive-start id="428" timestamp="2019-08-08T09:20:23.112" intervalms="277.848">
  <response-info timems="0.141" idlems="0.141" threads="0" lastid="0000000000DEBB00" lastname="node-13" />
</exclusive-start>
<concurrent-collection-start id="429" timestamp="2019-08-08T09:20:23.112" intervalms="1322.689" >
  <concurrent-trace-info reason="card cleaning threshold reached" tracedByMutators="563112" tracedByHelpers="4818436" cardsCleaned="187" workStackOverflowCount="0" />
</concurrent-collection-start>
<gc-start id="430" type="global" contextid="426" timestamp="2019-08-08T09:20:23.112">
  <mem-info id="431" free="874768" total="12976128" percent="6">
    <mem type="nursery" free="150272" total="5373952" percent="2">
      <mem type="allocate" free="150272" total="2686976" percent="5" />
      <mem type="survivor" free="0" total="2686976" percent="0" />
    </mem>
    <mem type="tenure" free="724496" total="7602176" percent="9">
      <mem type="soa" free="344592" total="7222272" percent="4" />
      <mem type="loa" free="379904" total="379904" percent="100" />
    </mem>
    <remembered-set count="415" />
  </mem-info>
</gc-start>
<allocation-stats totalBytes="2526080" >
  <allocated-bytes non-tlh="0" tlh="2526080" />
  <largest-consumer threadName="node-7" threadId="0000000000DF3200" bytes="143344" />
</allocation-stats>
<gc-op id="432" type="rs-scan" timems="1.357" contextid="426" timestamp="2019-08-08T09:20:23.113">
  <scan objectsFound="152" bytesTraced="10640" workStackOverflowCount="0" />
</gc-op>
<gc-op id="433" type="card-cleaning" timems="0.940" contextid="426" timestamp="2019-08-08T09:20:23.114">
  <card-cleaning cardsCleaned="55" bytesTraced="34352" workStackOverflowCount="0" />
</gc-op>
<gc-op id="434" type="mark" timems="5.200" contextid="426" timestamp="2019-08-08T09:20:23.119">
  <trace-info objectcount="266" scancount="225" scanbytes="5876" />
  <finalization candidates="13" enqueued="0" />
  <references type="soft" candidates="45" cleared="0" enqueued="0" dynamicThreshold="3" maxThreshold="32" />
  <references type="weak" candidates="130" cleared="0" enqueued="0" />
  <references type="phantom" candidates="36" cleared="0" enqueued="0" />
  <stringconstants candidates="3837" cleared="0"  />
</gc-op>
<gc-op id="435" type="sweep" timems="3.915" contextid="426" timestamp="2019-08-08T09:20:23.123" />
<mem-info id="436" free="3350176" total="12976128" percent="25">
  <mem type="nursery" free="2625680" total="5373952" percent="48">
    <mem type="allocate" free="2625680" total="2686976" percent="97" />
    <mem type="survivor" free="0" total="2686976" percent="0" />
  </mem>
  <mem type="tenure" free="724496" total="7602176" percent="9" micro-fragmented="1281" macro-fragmented="0">
    <mem type="soa" free="344592" total="7222272" percent="4" />
    <mem type="loa" free="379904" total="379904" percent="100" />
  </mem>
  <remembered-set count="384" />
</mem-info>
<gc-op id="437" type="compact" timems="20.842" contextid="426" timestamp="2019-08-08T09:20:23.144">
  <compact-info movecount="14391" movebytes="866920" reason="compact to aid heap contraction" />
</gc-op>
<heap-resize id="438" type="expand" space="tenure" amount="131072" count="1" timems="0.029" reason="satisfy allocation request" timestamp="2019-08-08T09:20:23.148" />
<gc-end id="439" type="global" contextid="426" durationms="36.057" usertimems="27.762" systemtimems="12.964" timestamp="2019-08-08T09:20:23.148" activeThreads="8">
  <mem-info id="440" free="3530656" total="13107200" percent="26">
    <mem type="nursery" free="2674168" total="5373952" percent="49">
      <mem type="allocate" free="2674168" total="2686976" percent="99" />
      <mem type="survivor" free="0" total="2686976" percent="0" />
    </mem>
    <mem type="tenure" free="856488" total="7733248" percent="11">
      <mem type="soa" free="470440" total="7347200" percent="6" />
      <mem type="loa" free="386048" total="386048" percent="100" />
    </mem>
    <remembered-set count="384" />
  </mem-info>
</gc-end>
<cycle-end id="441" type="global" contextid="426" timestamp="2019-08-08T09:20:23.148" />
  <attribute name="elasticGC enabled" value="1" />
  <attribute name= "numThreadsSpecified" value="8" />
  <attribute name="heapSize specified" value="12976128" />
  <attribute name="Current GC Util" value="99" />
  <attribute name= "Current Time Running" value="14298" />
  <attribute name ="GC Interval" value="1937" />
  <attribute name="Target GC Util Change" value ="80.000000" />
  <attribute name="Current GC Util Change" value="99.000000"/>
  <attribute name="Current Error" value="-19.000000" />
  <attribute name="Output H" value="13051792"/>
  <attribute name="Output I" value="1976"/>
  <attribute name="Output T" value="8"/>
  <attribute name= "Current Time Running" value="14298" />
  <attribute name="GC Util currently" value="99" />
  <attribute name="CPU Util currently" value="55252106194" />
<concurrent-collection-end id="442" timestamp="2019-08-08T09:20:23.149" />
<exclusive-end id="443" timestamp="2019-08-08T09:20:23.149" durationms="37.691" />

<concurrent-kickoff id="444" timestamp="2019-08-08T09:20:23.896">
  <kickoff reason="threshold reached" targetBytes="4748864" thresholdFreeBytes="652242"  remainingFree="630264" tenureFreeBytes="856488" nurseryFreeBytes="630264" />
</concurrent-kickoff>
<exclusive-start id="445" timestamp="2019-08-08T09:20:23.897" intervalms="785.307">
  <response-info timems="0.436" idlems="0.373" threads="2" lastid="0000000000DFE600" lastname="node-16" />
</exclusive-start>
<cycle-start id="446" type="global" contextid="0" timestamp="2019-08-08T09:20:23.897" intervalms="1063.191" />
<exclusive-end id="447" timestamp="2019-08-08T09:20:23.897" durationms="0.095" />

<exclusive-start id="448" timestamp="2019-08-08T09:20:24.104" intervalms="207.581">
  <response-info timems="0.020" idlems="0.020" threads="0" lastid="0000000000E18900" lastname="node-19" />
</exclusive-start>
<concurrent-collection-start id="449" timestamp="2019-08-08T09:20:24.104" intervalms="992.905" >
  <concurrent-trace-info reason="card cleaning threshold reached" tracedByMutators="970080" tracedByHelpers="4375712" cardsCleaned="102" workStackOverflowCount="0" />
</concurrent-collection-start>
<gc-start id="450" type="global" contextid="446" timestamp="2019-08-08T09:20:24.105">
  <mem-info id="451" free="1011616" total="13107200" percent="7">
    <mem type="nursery" free="155128" total="5373952" percent="2">
      <mem type="allocate" free="155128" total="2686976" percent="5" />
      <mem type="survivor" free="0" total="2686976" percent="0" />
    </mem>
    <mem type="tenure" free="856488" total="7733248" percent="11">
      <mem type="soa" free="470440" total="7347200" percent="6" />
      <mem type="loa" free="386048" total="386048" percent="100" />
    </mem>
    <remembered-set count="404" />
  </mem-info>
</gc-start>
<allocation-stats totalBytes="2516168" >
  <allocated-bytes non-tlh="0" tlh="2516168" />
  <largest-consumer threadName="node-7" threadId="0000000000DF3200" bytes="143320" />
</allocation-stats>
<gc-op id="452" type="rs-scan" timems="2.176" contextid="446" timestamp="2019-08-08T09:20:24.107">
  <scan objectsFound="151" bytesTraced="10672" workStackOverflowCount="0" />
</gc-op>
<gc-op id="453" type="card-cleaning" timems="2.394" contextid="446" timestamp="2019-08-08T09:20:24.109">
  <card-cleaning cardsCleaned="54" bytesTraced="34316" workStackOverflowCount="0" />
</gc-op>
<gc-op id="454" type="mark" timems="3.974" contextid="446" timestamp="2019-08-08T09:20:24.113">
  <trace-info objectcount="302" scancount="251" scanbytes="6460" />
  <finalization candidates="13" enqueued="0" />
  <references type="soft" candidates="45" cleared="0" enqueued="0" dynamicThreshold="3" maxThreshold="32" />
  <references type="weak" candidates="130" cleared="0" enqueued="0" />
  <references type="phantom" candidates="36" cleared="0" enqueued="0" />
  <stringconstants candidates="3837" cleared="0"  />
</gc-op>
<gc-op id="455" type="sweep" timems="2.427" contextid="446" timestamp="2019-08-08T09:20:24.116" />
<mem-info id="456" free="3483536" total="13107200" percent="26">
  <mem type="nursery" free="2627048" total="5373952" percent="48">
    <mem type="allocate" free="2627048" total="2686976" percent="97" />
    <mem type="survivor" free="0" total="2686976" percent="0" />
  </mem>
  <mem type="tenure" free="856488" total="7733248" percent="11" micro-fragmented="0" macro-fragmented="767556">
    <mem type="soa" free="470440" total="7347200" percent="6" />
    <mem type="loa" free="386048" total="386048" percent="100" />
  </mem>
  <remembered-set count="382" />
</mem-info>
<gc-op id="457" type="compact" timems="17.410" contextid="446" timestamp="2019-08-08T09:20:24.133">
  <compact-info movecount="11263" movebytes="538384" reason="compact to aid heap contraction" />
</gc-op>
<heap-resize id="458" type="expand" space="tenure" amount="131072" count="1" timems="0.028" reason="satisfy allocation request" timestamp="2019-08-08T09:20:24.135" />
<gc-end id="459" type="global" contextid="446" durationms="30.568" usertimems="20.841" systemtimems="20.838" timestamp="2019-08-08T09:20:24.135" activeThreads="16">
  <mem-info id="460" free="3657328" total="13238272" percent="27">
    <mem type="nursery" free="2669248" total="5373952" percent="49">
      <mem type="allocate" free="2669248" total="2686976" percent="99" />
      <mem type="survivor" free="0" total="2686976" percent="0" />
    </mem>
    <mem type="tenure" free="988080" total="7864320" percent="12">
      <mem type="soa" free="594864" total="7471104" percent="7" />
      <mem type="loa" free="393216" total="393216" percent="100" />
    </mem>
    <remembered-set count="382" />
  </mem-info>
</gc-end>
<cycle-end id="461" type="global" contextid="446" timestamp="2019-08-08T09:20:24.135" />
  <attribute name="elasticGC enabled" value="1" />
  <attribute name= "numThreadsSpecified" value="16" />
  <attribute name="heapSize specified" value="13107200" />
  <attribute name="Current GC Util" value="36" />
  <attribute name= "Current Time Running" value="15287" />
  <attribute name ="GC Interval" value="1937" />
  <attribute name="Target GC Util Change" value ="80.000000" />
  <attribute name="Current GC Util Change" value="36.000000"/>
  <attribute name="Current Error" value="42.000000" />
  <attribute name="Output H" value="13182928"/>
  <attribute name="Output I" value="2088"/>
  <attribute name="Output T" value="16"/>
  <attribute name= "Current Time Running" value="15287" />
  <attribute name="GC Util currently" value="36" />
  <attribute name="CPU Util currently" value="65955615169" />
<concurrent-collection-end id="462" timestamp="2019-08-08T09:20:24.135" />
<exclusive-end id="463" timestamp="2019-08-08T09:20:24.135" durationms="30.820" />

<concurrent-kickoff id="464" timestamp="2019-08-08T09:20:25.002">
  <kickoff reason="threshold reached" targetBytes="4946223" thresholdFreeBytes="677909"  remainingFree="654016" tenureFreeBytes="988080" nurseryFreeBytes="654016" />
</concurrent-kickoff>
<exclusive-start id="465" timestamp="2019-08-08T09:20:25.002" intervalms="897.798">
  <response-info timems="0.124" idlems="0.124" threads="0" lastid="0000000000E20100" lastname="node-6" />
</exclusive-start>
<cycle-start id="466" type="global" contextid="0" timestamp="2019-08-08T09:20:25.002" intervalms="1105.327" />
<exclusive-end id="467" timestamp="2019-08-08T09:20:25.002" durationms="0.019" />

<exclusive-start id="468" timestamp="2019-08-08T09:20:25.202" intervalms="200.177">
  <response-info timems="0.041" idlems="0.041" threads="0" lastid="0000000000DD1700" lastname="node-9" />
</exclusive-start>
<concurrent-collection-start id="469" timestamp="2019-08-08T09:20:25.202" intervalms="1097.958" >
  <concurrent-trace-info reason="card cleaning threshold reached" tracedByMutators="459824" tracedByHelpers="4884012" cardsCleaned="100" workStackOverflowCount="0" />
</concurrent-collection-start>
<gc-start id="470" type="global" contextid="466" timestamp="2019-08-08T09:20:25.202">
  <mem-info id="471" free="1203824" total="13238272" percent="9">
    <mem type="nursery" free="215744" total="5373952" percent="4">
      <mem type="allocate" free="215744" total="2686976" percent="8" />
      <mem type="survivor" free="0" total="2686976" percent="0" />
    </mem>
    <mem type="tenure" free="988080" total="7864320" percent="12">
      <mem type="soa" free="594864" total="7471104" percent="7" />
      <mem type="loa" free="393216" total="393216" percent="100" />
    </mem>
    <remembered-set count="406" />
  </mem-info>
</gc-start>
<allocation-stats totalBytes="2449792" >
  <allocated-bytes non-tlh="0" tlh="2449792" />
  <largest-consumer threadName="node-9" threadId="0000000000DD1700" bytes="143304" />
</allocation-stats>
<gc-op id="472" type="rs-scan" timems="1.726" contextid="466" timestamp="2019-08-08T09:20:25.204">
  <scan objectsFound="111" bytesTraced="9152" workStackOverflowCount="0" />
</gc-op>
<gc-op id="473" type="card-cleaning" timems="2.039" contextid="466" timestamp="2019-08-08T09:20:25.206">
  <card-cleaning cardsCleaned="78" bytesTraced="40148" workStackOverflowCount="0" />
</gc-op>
<gc-op id="474" type="mark" timems="7.446" contextid="466" timestamp="2019-08-08T09:20:25.214">
  <trace-info objectcount="275" scancount="234" scanbytes="6084" />
  <finalization candidates="13" enqueued="0" />
  <references type="soft" candidates="45" cleared="0" enqueued="0" dynamicThreshold="4" maxThreshold="32" />
  <references type="weak" candidates="130" cleared="0" enqueued="0" />
  <references type="phantom" candidates="36" cleared="0" enqueued="0" />
  <stringconstants candidates="3837" cleared="0"  />
</gc-op>
<gc-op id="475" type="sweep" timems="2.929" contextid="466" timestamp="2019-08-08T09:20:25.217" />
<mem-info id="476" free="3628648" total="13238272" percent="27">
  <mem type="nursery" free="2640568" total="5373952" percent="49">
    <mem type="allocate" free="2640568" total="2686976" percent="98" />
    <mem type="survivor" free="0" total="2686976" percent="0" />
  </mem>
  <mem type="tenure" free="988080" total="7864320" percent="12" micro-fragmented="0" macro-fragmented="704304">
    <mem type="soa" free="594864" total="7471104" percent="7" />
    <mem type="loa" free="393216" total="393216" percent="100" />
  </mem>
  <remembered-set count="387" />
</mem-info>
<gc-op id="477" type="compact" timems="15.655" contextid="466" timestamp="2019-08-08T09:20:25.233">
  <compact-info movecount="11148" movebytes="530344" reason="compact to aid heap contraction" />
</gc-op>
<heap-resize id="478" type="expand" space="tenure" amount="131072" count="1" timems="0.022" reason="satisfy allocation request" timestamp="2019-08-08T09:20:25.233" />
<gc-end id="479" type="global" contextid="466" durationms="30.811" usertimems="19.242" systemtimems="16.727" timestamp="2019-08-08T09:20:25.233" activeThreads="16">
  <mem-info id="480" free="3796440" total="13369344" percent="28">
    <mem type="nursery" free="2676832" total="5373952" percent="49">
      <mem type="allocate" free="2676832" total="2686976" percent="99" />
      <mem type="survivor" free="0" total="2686976" percent="0" />
    </mem>
    <mem type="tenure" free="1119608" total="7995392" percent="14">
      <mem type="soa" free="720248" total="7596032" percent="9" />
      <mem type="loa" free="399360" total="399360" percent="100" />
    </mem>
    <remembered-set count="387" />
  </mem-info>
</gc-end>
<cycle-end id="481" type="global" contextid="466" timestamp="2019-08-08T09:20:25.233" />
  <attribute name="elasticGC enabled" value="1" />
  <attribute name= "numThreadsSpecified" value="16" />
  <attribute name="heapSize specified" value="13238272" />
  <attribute name="Current GC Util" value="0" />
  <attribute name= "Current Time Running" value="16386" />
  <attribute name ="GC Interval" value="1937" />
  <attribute name="Target GC Util Change" value ="80.000000" />
  <attribute name="Current GC Util Change" value="0.000000"/>
  <attribute name="Current Error" value="58.000000" />
  <attribute name="Output H" value="13314024"/>
  <attribute name="Output I" value="2112"/>
  <attribute name="Output T" value="16"/>
  <attribute name= "Current Time Running" value="16386" />
  <attribute name="GC Util currently" value="0" />
  <attribute name="CPU Util currently" value="74229435647" />
<concurrent-collection-end id="482" timestamp="2019-08-08T09:20:25.234" />
<exclusive-end id="483" timestamp="2019-08-08T09:20:25.234" durationms="31.309" />

<concurrent-kickoff id="484" timestamp="2019-08-08T09:20:25.730">
  <kickoff reason="threshold reached" targetBytes="5106970" thresholdFreeBytes="701196"  remainingFree="694368" tenureFreeBytes="1119608" nurseryFreeBytes="694368" />
</concurrent-kickoff>
<exclusive-start id="485" timestamp="2019-08-08T09:20:25.731" intervalms="528.349">
  <response-info timems="0.512" idlems="0.268" threads="1" lastid="0000000000E20100" lastname="node-6" />
</exclusive-start>
<cycle-start id="486" type="global" contextid="0" timestamp="2019-08-08T09:20:25.731" intervalms="728.532" />
<exclusive-end id="487" timestamp="2019-08-08T09:20:25.731" durationms="0.026" />

<exclusive-start id="488" timestamp="2019-08-08T09:20:26.027" intervalms="296.476">
  <response-info timems="0.070" idlems="0.070" threads="0" lastid="0000000000DFAA00" lastname="node-8" />
</exclusive-start>
<concurrent-collection-start id="489" timestamp="2019-08-08T09:20:26.027" intervalms="824.821" >
  <concurrent-trace-info reason="card cleaning threshold reached" tracedByMutators="126204" tracedByHelpers="5228868" cardsCleaned="113" workStackOverflowCount="0" />
</concurrent-collection-start>
<gc-start id="490" type="global" contextid="486" timestamp="2019-08-08T09:20:26.027">
  <mem-info id="491" free="1342936" total="13369344" percent="10">
    <mem type="nursery" free="223328" total="5373952" percent="4">
      <mem type="allocate" free="223328" total="2686976" percent="8" />
      <mem type="survivor" free="0" total="2686976" percent="0" />
    </mem>
    <mem type="tenure" free="1119608" total="7995392" percent="14">
      <mem type="soa" free="720248" total="7596032" percent="9" />
      <mem type="loa" free="399360" total="399360" percent="100" />
    </mem>
    <remembered-set count="406" />
  </mem-info>
</gc-start>
<allocation-stats totalBytes="2452480" >
  <allocated-bytes non-tlh="0" tlh="2452480" />
  <largest-consumer threadName="node-9" threadId="0000000000DD1700" bytes="143328" />
</allocation-stats>
<gc-op id="492" type="rs-scan" timems="1.578" contextid="486" timestamp="2019-08-08T09:20:26.029">
  <scan objectsFound="159" bytesTraced="10800" workStackOverflowCount="0" />
</gc-op>
<gc-op id="493" type="card-cleaning" timems="6.578" contextid="486" timestamp="2019-08-08T09:20:26.035">
  <card-cleaning cardsCleaned="51" bytesTraced="24972" workStackOverflowCount="0" />
</gc-op>
<gc-op id="494" type="mark" timems="4.162" contextid="486" timestamp="2019-08-08T09:20:26.040">
  <trace-info objectcount="268" scancount="227" scanbytes="5916" />
  <finalization candidates="13" enqueued="0" />
  <references type="soft" candidates="45" cleared="0" enqueued="0" dynamicThreshold="4" maxThreshold="32" />
  <references type="weak" candidates="130" cleared="0" enqueued="0" />
  <references type="phantom" candidates="36" cleared="0" enqueued="0" />
  <stringconstants candidates="3837" cleared="0"  />
</gc-op>
<gc-op id="495" type="sweep" timems="2.927" contextid="486" timestamp="2019-08-08T09:20:26.043" />
<mem-info id="496" free="3796480" total="13369344" percent="28">
  <mem type="nursery" free="2676872" total="5373952" percent="49">
    <mem type="allocate" free="2676872" total="2686976" percent="99" />
    <mem type="survivor" free="0" total="2686976" percent="0" />
  </mem>
  <mem type="tenure" free="1119608" total="7995392" percent="14" micro-fragmented="0" macro-fragmented="201903">
    <mem type="soa" free="720248" total="7596032" percent="9" />
    <mem type="loa" free="399360" total="399360" percent="100" />
  </mem>
  <remembered-set count="384" />
</mem-info>
<gc-op id="497" type="compact" timems="18.863" contextid="486" timestamp="2019-08-08T09:20:26.062">
  <compact-info movecount="10914" movebytes="524720" reason="compact to aid heap contraction" />
</gc-op>
<heap-resize id="498" type="expand" space="tenure" amount="131072" count="1" timems="0.020" reason="satisfy allocation request" timestamp="2019-08-08T09:20:26.064" />
<gc-end id="499" type="global" contextid="486" durationms="36.871" usertimems="25.320" systemtimems="20.070" timestamp="2019-08-08T09:20:26.064" activeThreads="16">
  <mem-info id="500" free="3933136" total="13500416" percent="29">
    <mem type="nursery" free="2681928" total="5373952" percent="49">
      <mem type="allocate" free="2681928" total="2686976" percent="99" />
      <mem type="survivor" free="0" total="2686976" percent="0" />
    </mem>
    <mem type="tenure" free="1251208" total="8126464" percent="15">
      <mem type="soa" free="845704" total="7720960" percent="10" />
      <mem type="loa" free="405504" total="405504" percent="100" />
    </mem>
    <remembered-set count="384" />
  </mem-info>
</gc-end>
<cycle-end id="501" type="global" contextid="486" timestamp="2019-08-08T09:20:26.064" />
  <attribute name="elasticGC enabled" value="1" />
  <attribute name= "numThreadsSpecified" value="16" />
  <attribute name="heapSize specified" value="13369344" />
  <attribute name="Current GC Util" value="72" />
  <attribute name= "Current Time Running" value="17216" />
  <attribute name ="GC Interval" value="1937" />
  <attribute name="Target GC Util Change" value ="80.000000" />
  <attribute name="Current GC Util Change" value="72.000000"/>
  <attribute name="Current Error" value="58.000000" />
  <attribute name="Output H" value="13445096"/>
  <attribute name="Output I" value="2112"/>
  <attribute name="Output T" value="16"/>
  <attribute name= "Current Time Running" value="17216" />
  <attribute name="GC Util currently" value="72" />
  <attribute name="CPU Util currently" value="60925873105" />
<concurrent-collection-end id="502" timestamp="2019-08-08T09:20:26.064" />
<exclusive-end id="503" timestamp="2019-08-08T09:20:26.064" durationms="37.105" />

<concurrent-kickoff id="504" timestamp="2019-08-08T09:20:26.809">
  <kickoff reason="threshold reached" targetBytes="5240935" thresholdFreeBytes="720482"  remainingFree="703560" tenureFreeBytes="1251208" nurseryFreeBytes="703560" />
</concurrent-kickoff>
<exclusive-start id="505" timestamp="2019-08-08T09:20:26.811" intervalms="783.525">
  <response-info timems="1.391" idlems="0.469" threads="2" lastid="0000000000DFE600" lastname="node-16" />
</exclusive-start>
<cycle-start id="506" type="global" contextid="0" timestamp="2019-08-08T09:20:26.811" intervalms="1079.993" />
<exclusive-end id="507" timestamp="2019-08-08T09:20:26.811" durationms="0.018" />

<exclusive-start id="508" timestamp="2019-08-08T09:20:27.159" intervalms="348.394">
  <response-info timems="1.496" idlems="0.755" threads="3" lastid="0000000000DD5300" lastname="node-12" />
</exclusive-start>
<af-start id="509" threadId="0000000000E0A388" totalBytesRequested="24" timestamp="2019-08-08T09:20:27.159" intervalms="6502.515" type="nursery" />
<cycle-start id="510" type="scavenge" contextid="0" timestamp="2019-08-08T09:20:27.159" intervalms="6502.515" />
<gc-start id="511" type="scavenge" contextid="510" timestamp="2019-08-08T09:20:27.160">
  <mem-info id="512" free="1251208" total="13500416" percent="9">
    <mem type="nursery" free="0" total="5373952" percent="0">
      <mem type="allocate" free="0" total="2686976" percent="0" />
      <mem type="survivor" free="0" total="2686976" percent="0" />
    </mem>
    <mem type="tenure" free="1251208" total="8126464" percent="15">
      <mem type="soa" free="845704" total="7720960" percent="10" />
      <mem type="loa" free="405504" total="405504" percent="100" />
    </mem>
    <remembered-set count="420" />
  </mem-info>
</gc-start>
<allocation-stats totalBytes="2678384" >
  <allocated-bytes non-tlh="0" tlh="2678384" />
  <largest-consumer threadName="node-7" threadId="0000000000DF3200" bytes="143344" />
</allocation-stats>
<gc-op id="513" type="scavenge" timems="1.958" contextid="510" timestamp="2019-08-08T09:20:27.162">
  <scavenger-info tenureage="2" tenuremask="fffc" tiltratio="50" />
  <memory-copied type="nursery" objects="1820" bytes="45408" bytesdiscarded="67488" />
</gc-op>
<gc-end id="514" type="scavenge" contextid="510" durationms="2.536" usertimems="1.652" systemtimems="1.699" timestamp="2019-08-08T09:20:27.162" activeThreads="16">
  <mem-info id="515" free="3956360" total="13500416" percent="29">
    <mem type="nursery" free="2705152" total="5373952" percent="50">
      <mem type="allocate" free="2705152" total="2818048" percent="95" />
      <mem type="survivor" free="0" total="2555904" percent="0" />
    </mem>
    <mem type="tenure" free="1251208" total="8126464" percent="15" macro-fragmented="0">
      <mem type="soa" free="845704" total="7720960" percent="10" />
      <mem type="loa" free="405504" total="405504" percent="100" />
    </mem>
    <remembered-set count="335" />
  </mem-info>
</gc-end>
<cycle-end id="516" type="scavenge" contextid="510" timestamp="2019-08-08T09:20:27.162" />
  <attribute name="elasticGC enabled" value="1" />
  <attribute name= "numThreadsSpecified" value="16" />
  <attribute name="heapSize specified" value="13369344" />
  <attribute name="Current GC Util" value="1" />
  <attribute name= "Current Time Running" value="18313" />
  <attribute name ="GC Interval" value="2257" />
  <attribute name="Target GC Util Change" value ="80.000000" />
  <attribute name="Current GC Util Change" value="1.000000"/>
  <attribute name="Current Error" value="137.000000" />
  <attribute name="Output H" value="13576256"/>
  <attribute name="Output I" value="2256"/>
  <attribute name="Output T" value="16"/>
  <attribute name= "Current Time Running" value="18313" />
  <attribute name="GC Util currently" value="1" />
  <attribute name="CPU Util currently" value="15" />
<allocation-satisfied id="517" threadId="0000000000E09A00" bytesRequested="24" />
<af-end id="518" timestamp="2019-08-08T09:20:27.163" threadId="0000000000E0A388" success="true" from="nursery"/>
<exclusive-end id="519" timestamp="2019-08-08T09:20:27.163" durationms="3.463" />

<exclusive-start id="520" timestamp="2019-08-08T09:20:27.163" intervalms="4.095">
  <response-info timems="0.098" idlems="0.098" threads="0" lastid="0000000000E23D00" lastname="node-20" />
</exclusive-start>
<concurrent-collection-start id="521" timestamp="2019-08-08T09:20:27.163" intervalms="1136.009" >
  <concurrent-trace-info reason="card cleaning threshold reached" tracedByMutators="1002252" tracedByHelpers="4308844" cardsCleaned="125" workStackOverflowCount="0" />
</concurrent-collection-start>
<gc-start id="522" type="global" contextid="506" timestamp="2019-08-08T09:20:27.163">
  <mem-info id="523" free="3915376" total="13500416" percent="29">
    <mem type="nursery" free="2664168" total="5373952" percent="49">
      <mem type="allocate" free="2664168" total="2818048" percent="94" />
      <mem type="survivor" free="0" total="2555904" percent="0" />
    </mem>
    <mem type="tenure" free="1251208" total="8126464" percent="15">
      <mem type="soa" free="845704" total="7720960" percent="10" />
      <mem type="loa" free="405504" total="405504" percent="100" />
    </mem>
    <remembered-set count="337" />
  </mem-info>
</gc-start>
<allocation-stats totalBytes="40984" >
  <allocated-bytes non-tlh="24" tlh="40960" />
  <largest-consumer threadName="node-21" threadId="0000000000E09A00" bytes="20504" />
</allocation-stats>
<gc-op id="524" type="rs-scan" timems="1.095" contextid="506" timestamp="2019-08-08T09:20:27.164">
  <scan objectsFound="122" bytesTraced="9056" workStackOverflowCount="0" />
</gc-op>
<gc-op id="525" type="card-cleaning" timems="1.197" contextid="506" timestamp="2019-08-08T09:20:27.166">
  <card-cleaning cardsCleaned="71" bytesTraced="78548" workStackOverflowCount="0" />
</gc-op>
<gc-op id="526" type="mark" timems="4.785" contextid="506" timestamp="2019-08-08T09:20:27.171">
  <trace-info objectcount="285" scancount="244" scanbytes="6340" />
  <finalization candidates="13" enqueued="0" />
  <references type="soft" candidates="45" cleared="0" enqueued="0" dynamicThreshold="4" maxThreshold="32" />
  <references type="weak" candidates="130" cleared="0" enqueued="0" />
  <references type="phantom" candidates="36" cleared="0" enqueued="0" />
  <stringconstants candidates="3837" cleared="0"  />
</gc-op>
<gc-op id="527" type="sweep" timems="2.499" contextid="506" timestamp="2019-08-08T09:20:27.173" />
<mem-info id="528" free="4062560" total="13500416" percent="30">
  <mem type="nursery" free="2811352" total="5373952" percent="52">
    <mem type="allocate" free="2811352" total="2818048" percent="99" />
    <mem type="survivor" free="0" total="2555904" percent="0" />
  </mem>
  <mem type="tenure" free="1251208" total="8126464" percent="15" micro-fragmented="0" macro-fragmented="0">
    <mem type="soa" free="845704" total="7720960" percent="10" />
    <mem type="loa" free="405504" total="405504" percent="100" />
  </mem>
  <remembered-set count="311" />
</mem-info>
<gc-op id="529" type="compact" timems="21.905" contextid="506" timestamp="2019-08-08T09:20:27.195">
  <compact-info movecount="14126" movebytes="930304" reason="compact to aid heap contraction" />
</gc-op>
<heap-resize id="530" type="expand" space="tenure" amount="131072" count="1" timems="0.022" reason="satisfy allocation request" timestamp="2019-08-08T09:20:27.196" />
<gc-end id="531" type="global" contextid="506" durationms="32.471" usertimems="18.926" systemtimems="20.347" timestamp="2019-08-08T09:20:27.196" activeThreads="16">
  <mem-info id="532" free="4195792" total="13631488" percent="30">
    <mem type="nursery" free="2812576" total="5373952" percent="52">
      <mem type="allocate" free="2812576" total="2818048" percent="99" />
      <mem type="survivor" free="0" total="2555904" percent="0" />
    </mem>
    <mem type="tenure" free="1383216" total="8257536" percent="16">
      <mem type="soa" free="970544" total="7844864" percent="12" />
      <mem type="loa" free="412672" total="412672" percent="100" />
    </mem>
    <remembered-set count="311" />
  </mem-info>
</gc-end>
<cycle-end id="533" type="global" contextid="506" timestamp="2019-08-08T09:20:27.196" />
  <attribute name="elasticGC enabled" value="1" />
  <attribute name= "numThreadsSpecified" value="16" />
  <attribute name="heapSize specified" value="13500416" />
  <attribute name="Current GC Util" value="49" />
  <attribute name= "Current Time Running" value="18349" />
  <attribute name ="GC Interval" value="2257" />
  <attribute name="Target GC Util Change" value ="80.000000" />
  <attribute name="Current GC Util Change" value="49.000000"/>
  <attribute name="Current Error" value="111.000000" />
  <attribute name="Output H" value="13576224"/>
  <attribute name="Output I" value="2208"/>
  <attribute name="Output T" value="16"/>
  <attribute name= "Current Time Running" value="18349" />
  <attribute name="GC Util currently" value="49" />
  <attribute name="CPU Util currently" value="52569426967" />
<concurrent-collection-end id="534" timestamp="2019-08-08T09:20:27.196" />
<exclusive-end id="535" timestamp="2019-08-08T09:20:27.196" durationms="32.677" />

<concurrent-kickoff id="536" timestamp="2019-08-08T09:20:28.025">
  <kickoff reason="threshold reached" targetBytes="5340193" thresholdFreeBytes="733899"  remainingFree="707232" tenureFreeBytes="1383216" nurseryFreeBytes="707232" />
</concurrent-kickoff>
<exclusive-start id="537" timestamp="2019-08-08T09:20:28.025" intervalms="861.790">
  <response-info timems="0.029" idlems="0.016" threads="1" lastid="0000000000E09A00" lastname="node-21" />
</exclusive-start>
<cycle-start id="538" type="global" contextid="0" timestamp="2019-08-08T09:20:28.025" intervalms="1214.281" />
<exclusive-end id="539" timestamp="2019-08-08T09:20:28.025" durationms="0.018" />

<exclusive-start id="540" timestamp="2019-08-08T09:20:28.357" intervalms="331.536">
  <response-info timems="0.023" idlems="0.023" threads="0" lastid="0000000000E05E00" lastname="node-10" />
</exclusive-start>
<af-start id="541" threadId="0000000000E06788" totalBytesRequested="376" timestamp="2019-08-08T09:20:28.357" intervalms="1197.371" type="nursery" />
<percolate-collect id="542" from="nursery" to="global" reason="concurrent mark exhausted" timestamp="2019-08-08T09:20:28.357"/>
<gc-start id="543" type="global" contextid="538" timestamp="2019-08-08T09:20:28.357">
  <mem-info id="544" free="1383216" total="13631488" percent="10">
    <mem type="nursery" free="0" total="5373952" percent="0">
      <mem type="allocate" free="0" total="2818048" percent="0" />
      <mem type="survivor" free="0" total="2555904" percent="0" />
    </mem>
    <mem type="tenure" free="1383216" total="8257536" percent="16">
      <mem type="soa" free="970544" total="7844864" percent="12" />
      <mem type="loa" free="412672" total="412672" percent="100" />
    </mem>
    <remembered-set count="383" />
  </mem-info>
</gc-start>
<allocation-stats totalBytes="2808096" >
  <allocated-bytes non-tlh="0" tlh="2808096" />
  <largest-consumer threadName="node-20" threadId="0000000000E23D00" bytes="135144" />
</allocation-stats>
<heap-resize id="545" type="loa contract" space="tenure" amount="82944" count="1" timems="0.000" reason="contract underutilized loa" timestamp="2019-08-08T09:20:28.357" />
<concurrent-halted id="546" timestamp="2019-08-08T09:20:28.357">
  <halted state="Complete" status="exhausted" />
  <traced bytesTarget="5340193" bytesTotal="5302356" bytesByMutator="338756" bytesByHelper="4963600" percent="99" />
  <cards cleaned="101" thresholdBytes="289111" />
</concurrent-halted>
<gc-op id="547" type="rs-scan" timems="3.414" contextid="538" timestamp="2019-08-08T09:20:28.360">
  <scan objectsFound="152" bytesTraced="10472" workStackOverflowCount="0" />
</gc-op>
<gc-op id="548" type="card-cleaning" timems="2.797" contextid="538" timestamp="2019-08-08T09:20:28.363">
  <card-cleaning cardsCleaned="46" bytesTraced="66668" workStackOverflowCount="0" />
</gc-op>
<gc-op id="549" type="mark" timems="2.583" contextid="538" timestamp="2019-08-08T09:20:28.366">
  <trace-info objectcount="296" scancount="248" scanbytes="6340" />
  <finalization candidates="13" enqueued="0" />
  <references type="soft" candidates="45" cleared="0" enqueued="0" dynamicThreshold="5" maxThreshold="32" />
  <references type="weak" candidates="130" cleared="0" enqueued="0" />
  <references type="phantom" candidates="36" cleared="0" enqueued="0" />
  <stringconstants candidates="3837" cleared="0"  />
</gc-op>
<gc-op id="550" type="sweep" timems="1.024" contextid="538" timestamp="2019-08-08T09:20:28.367" />
<mem-info id="551" free="4187464" total="13631488" percent="30">
  <mem type="nursery" free="2804248" total="5373952" percent="52">
    <mem type="allocate" free="2804248" total="2818048" percent="99" />
    <mem type="survivor" free="0" total="2555904" percent="0" />
  </mem>
  <mem type="tenure" free="1383216" total="8257536" percent="16" micro-fragmented="0" macro-fragmented="723458">
    <mem type="soa" free="1053488" total="7927808" percent="13" />
    <mem type="loa" free="329728" total="329728" percent="100" />
  </mem>
  <remembered-set count="358" />
</mem-info>
<gc-op id="552" type="compact" timems="14.737" contextid="538" timestamp="2019-08-08T09:20:28.381">
  <compact-info movecount="13145" movebytes="830200" reason="compact to aid heap contraction" />
</gc-op>
<heap-resize id="553" type="expand" space="tenure" amount="131072" count="1" timems="0.021" reason="satisfy allocation request" timestamp="2019-08-08T09:20:28.383" />
<heap-resize id="554" type="loa contract" space="tenure" amount="251904" count="1" timems="0.000" reason="contract to meet minimum soa" timestamp="2019-08-08T09:20:28.383" />
<gc-end id="555" type="global" contextid="538" durationms="26.035" usertimems="20.805" systemtimems="11.462" timestamp="2019-08-08T09:20:28.383" activeThreads="16">
  <mem-info id="556" free="4323680" total="13762560" percent="31">
    <mem type="nursery" free="2808792" total="5373952" percent="52">
      <mem type="allocate" free="2808792" total="2818048" percent="99" />
      <mem type="survivor" free="0" total="2555904" percent="0" />
    </mem>
    <mem type="tenure" free="1514888" total="8388608" percent="18">
      <mem type="soa" free="1431944" total="8305664" percent="17" />
      <mem type="loa" free="82944" total="82944" percent="100" />
    </mem>
    <remembered-set count="358" />
  </mem-info>
</gc-end>
<cycle-end id="557" type="global" contextid="538" timestamp="2019-08-08T09:20:28.383" />
  <attribute name="elasticGC enabled" value="1" />
  <attribute name= "numThreadsSpecified" value="16" />
  <attribute name="heapSize specified" value="13631488" />
  <attribute name="Current GC Util" value="32" />
  <attribute name= "Current Time Running" value="19535" />
  <attribute name ="GC Interval" value="2257" />
  <attribute name="Target GC Util Change" value ="80.000000" />
  <attribute name="Current GC Util Change" value="32.000000"/>
  <attribute name="Current Error" value="48.000000" />
  <attribute name="Output H" value="13707224"/>
  <attribute name="Output I" value="2096"/>
  <attribute name="Output T" value="16"/>
  <attribute name= "Current Time Running" value="19535" />
  <attribute name="GC Util currently" value="32" />
  <attribute name="CPU Util currently" value="78087680509" />
<allocation-satisfied id="558" threadId="0000000000E05E00" bytesRequested="376" />
<af-end id="559" timestamp="2019-08-08T09:20:28.383" threadId="0000000000E06788" success="true" from="nursery"/>
<exclusive-end id="560" timestamp="2019-08-08T09:20:28.383" durationms="26.223" />

<exclusive-start id="561" timestamp="2019-08-08T09:20:29.918" intervalms="1561.626">
  <response-info timems="0.168" idlems="0.168" threads="0" lastid="0000000000DEF600" lastname="node-11" />
</exclusive-start>
<af-start id="562" threadId="0000000000DEFF88" totalBytesRequested="16" timestamp="2019-08-08T09:20:29.918" intervalms="1561.631" type="nursery" />
<cycle-start id="563" type="scavenge" contextid="0" timestamp="2019-08-08T09:20:29.918" intervalms="2758.999" />
<gc-start id="564" type="scavenge" contextid="563" timestamp="2019-08-08T09:20:29.918">
  <mem-info id="565" free="1514888" total="13762560" percent="11">
    <mem type="nursery" free="0" total="5373952" percent="0">
      <mem type="allocate" free="0" total="2818048" percent="0" />
      <mem type="survivor" free="0" total="2555904" percent="0" />
    </mem>
    <mem type="tenure" free="1514888" total="8388608" percent="18">
      <mem type="soa" free="1431944" total="8305664" percent="17" />
      <mem type="loa" free="82944" total="82944" percent="100" />
    </mem>
    <remembered-set count="388" />
  </mem-info>
</gc-start>
<allocation-stats totalBytes="2805832" >
  <allocated-bytes non-tlh="376" tlh="2805456" />
  <largest-consumer threadName="node-12" threadId="0000000000DD5300" bytes="143336" />
</allocation-stats>
<gc-op id="566" type="scavenge" timems="3.187" contextid="563" timestamp="2019-08-08T09:20:29.921">
  <scavenger-info tenureage="3" tenuremask="fff8" tiltratio="52" />
  <memory-copied type="nursery" objects="2329" bytes="67488" bytesdiscarded="29280" />
</gc-op>
<gc-end id="567" type="scavenge" contextid="563" durationms="3.484" usertimems="5.340" systemtimems="0.413" timestamp="2019-08-08T09:20:29.922" activeThreads="16">
  <mem-info id="568" free="4694920" total="13762560" percent="34">
    <mem type="nursery" free="3180032" total="5373952" percent="59">
      <mem type="allocate" free="3180032" total="3276800" percent="97" />
      <mem type="survivor" free="0" total="2097152" percent="0" />
    </mem>
    <mem type="tenure" free="1514888" total="8388608" percent="18" macro-fragmented="868149">
      <mem type="soa" free="1431944" total="8305664" percent="17" />
      <mem type="loa" free="82944" total="82944" percent="100" />
    </mem>
    <remembered-set count="316" />
  </mem-info>
</gc-end>
<cycle-end id="569" type="scavenge" contextid="563" timestamp="2019-08-08T09:20:29.922" />
  <attribute name="elasticGC enabled" value="1" />
  <attribute name= "numThreadsSpecified" value="16" />
  <attribute name="heapSize specified" value="13631488" />
  <attribute name="Current GC Util" value="2" />
  <attribute name= "Current Time Running" value="21072" />
  <attribute name ="GC Interval" value="2241" />
  <attribute name="Target GC Util Change" value ="80.000000" />
  <attribute name="Current GC Util Change" value="2.000000"/>
  <attribute name="Current Error" value="126.000000" />
  <attribute name="Output H" value="13838392"/>
  <attribute name="Output I" value="2240"/>
  <attribute name="Output T" value="16"/>
  <attribute name= "Current Time Running" value="21072" />
  <attribute name="GC Util currently" value="2" />
  <attribute name="CPU Util currently" value="14" />
<allocation-satisfied id="570" threadId="0000000000DEF600" bytesRequested="16" />
<af-end id="571" timestamp="2019-08-08T09:20:29.922" threadId="0000000000DEFF88" success="true" from="nursery"/>
<exclusive-end id="572" timestamp="2019-08-08T09:20:29.922" durationms="3.791" />

<exclusive-start id="573" timestamp="2019-08-08T09:20:31.198" intervalms="1279.564">
  <response-info timems="2.193" idlems="1.244" threads="1" lastid="0000000000E0D600" lastname="node-15" />
</exclusive-start>
<af-start id="574" threadId="0000000000E2FA88" totalBytesRequested="32" timestamp="2019-08-08T09:20:31.198" intervalms="1280.031" type="nursery" />
<cycle-start id="575" type="scavenge" contextid="0" timestamp="2019-08-08T09:20:31.198" intervalms="1280.070" />
<gc-start id="576" type="scavenge" contextid="575" timestamp="2019-08-08T09:20:31.198">
  <mem-info id="577" free="1514888" total="13762560" percent="11">
    <mem type="nursery" free="0" total="5373952" percent="0">
      <mem type="allocate" free="0" total="3276800" percent="0" />
      <mem type="survivor" free="0" total="2097152" percent="0" />
    </mem>
    <mem type="tenure" free="1514888" total="8388608" percent="18">
      <mem type="soa" free="1431944" total="8305664" percent="17" />
      <mem type="loa" free="82944" total="82944" percent="100" />
    </mem>
    <remembered-set count="411" />
  </mem-info>
</gc-start>
<allocation-stats totalBytes="3177336" >
  <allocated-bytes non-tlh="16" tlh="3177320" />
  <largest-consumer threadName="node-11" threadId="0000000000DEF600" bytes="163288" />
</allocation-stats>
<gc-op id="578" type="scavenge" timems="2.908" contextid="575" timestamp="2019-08-08T09:20:31.201">
  <scavenger-info tenureage="3" tenuremask="fff8" tiltratio="60" />
  <memory-copied type="nursery" objects="4103" bytes="100184" bytesdiscarded="61096" />
</gc-op>
<gc-end id="579" type="scavenge" contextid="575" durationms="3.136" usertimems="1.386" systemtimems="1.420" timestamp="2019-08-08T09:20:31.201" activeThreads="16">
  <mem-info id="580" free="5023624" total="13762560" percent="36">
    <mem type="nursery" free="3508736" total="5373952" percent="65">
      <mem type="allocate" free="3508736" total="3670016" percent="95" />
      <mem type="survivor" free="0" total="1703936" percent="0" />
    </mem>
    <mem type="tenure" free="1514888" total="8388608" percent="18" macro-fragmented="868149">
      <mem type="soa" free="1431944" total="8305664" percent="17" />
      <mem type="loa" free="82944" total="82944" percent="100" />
    </mem>
    <remembered-set count="356" />
  </mem-info>
</gc-end>
<cycle-end id="581" type="scavenge" contextid="575" timestamp="2019-08-08T09:20:31.202" />
  <attribute name="elasticGC enabled" value="1" />
  <attribute name= "numThreadsSpecified" value="16" />
  <attribute name="heapSize specified" value="13631488" />
  <attribute name="Current GC Util" value="0" />
  <attribute name= "Current Time Running" value="22352" />
  <attribute name ="GC Interval" value="2377" />
  <attribute name="Target GC Util Change" value ="80.000000" />
  <attribute name="Current GC Util Change" value="0.000000"/>
  <attribute name="Current Error" value="206.000000" />
  <attribute name="Output H" value="13838480"/>
  <attribute name="Output I" value="2376"/>
  <attribute name="Output T" value="16"/>
  <attribute name= "Current Time Running" value="22352" />
  <attribute name="GC Util currently" value="0" />
  <attribute name="CPU Util currently" value="13" />
<allocation-satisfied id="582" threadId="0000000000E2F100" bytesRequested="32" />
<af-end id="583" timestamp="2019-08-08T09:20:31.202" threadId="0000000000E2FA88" success="true" from="nursery"/>
<exclusive-end id="584" timestamp="2019-08-08T09:20:31.202" durationms="4.057" />

<exclusive-start id="585" timestamp="2019-08-08T09:20:32.956" intervalms="1758.690">
  <response-info timems="0.358" idlems="0.358" threads="0" lastid="0000000000E02200" lastname="node-25" />
</exclusive-start>
<af-start id="586" threadId="0000000000E02B88" totalBytesRequested="16" timestamp="2019-08-08T09:20:32.956" intervalms="1758.217" type="nursery" />
<cycle-start id="587" type="scavenge" contextid="0" timestamp="2019-08-08T09:20:32.956" intervalms="1758.178" />
<gc-start id="588" type="scavenge" contextid="587" timestamp="2019-08-08T09:20:32.957">
  <mem-info id="589" free="1514888" total="13762560" percent="11">
    <mem type="nursery" free="0" total="5373952" percent="0">
      <mem type="allocate" free="0" total="3670016" percent="0" />
      <mem type="survivor" free="0" total="1703936" percent="0" />
    </mem>
    <mem type="tenure" free="1514888" total="8388608" percent="18">
      <mem type="soa" free="1431944" total="8305664" percent="17" />
      <mem type="loa" free="82944" total="82944" percent="100" />
    </mem>
    <remembered-set count="445" />
  </mem-info>
</gc-start>
<allocation-stats totalBytes="3506240" >
  <allocated-bytes non-tlh="32" tlh="3506208" />
  <largest-consumer threadName="node-21" threadId="0000000000E09A00" bytes="184280" />
</allocation-stats>
<gc-op id="590" type="scavenge" timems="0.988" contextid="587" timestamp="2019-08-08T09:20:32.958">
  <scavenger-info tenureage="3" tenuremask="fff8" tiltratio="68" />
  <memory-copied type="nursery" objects="6495" bytes="162488" bytesdiscarded="63304" />
</gc-op>
<gc-end id="591" type="scavenge" contextid="587" durationms="1.108" usertimems="3.047" systemtimems="0.000" timestamp="2019-08-08T09:20:32.958" activeThreads="16">
  <mem-info id="592" free="5221256" total="13762560" percent="37">
    <mem type="nursery" free="3706368" total="5373952" percent="68">
      <mem type="allocate" free="3706368" total="3932160" percent="94" />
      <mem type="survivor" free="0" total="1441792" percent="0" />
    </mem>
    <mem type="tenure" free="1514888" total="8388608" percent="18" macro-fragmented="1250136">
      <mem type="soa" free="1431944" total="8305664" percent="17" />
      <mem type="loa" free="82944" total="82944" percent="100" />
    </mem>
    <remembered-set count="388" />
  </mem-info>
</gc-end>
<cycle-end id="593" type="scavenge" contextid="587" timestamp="2019-08-08T09:20:32.958" />
  <attribute name="elasticGC enabled" value="1" />
  <attribute name= "numThreadsSpecified" value="16" />
  <attribute name="heapSize specified" value="13631488" />
  <attribute name="Current GC Util" value="0" />
  <attribute name= "Current Time Running" value="24110" />
  <attribute name ="GC Interval" value="2521" />
  <attribute name="Target GC Util Change" value ="80.000000" />
  <attribute name="Current GC Util Change" value="0.000000"/>
  <attribute name="Current Error" value="286.000000" />
  <attribute name="Output H" value="13838576"/>
  <attribute name="Output I" value="2520"/>
  <attribute name="Output T" value="16"/>
  <attribute name= "Current Time Running" value="24110" />
  <attribute name="GC Util currently" value="0" />
  <attribute name="CPU Util currently" value="16" />
<allocation-satisfied id="594" threadId="0000000000E02200" bytesRequested="16" />
<af-end id="595" timestamp="2019-08-08T09:20:32.958" threadId="0000000000E02B88" success="true" from="nursery"/>
<exclusive-end id="596" timestamp="2019-08-08T09:20:32.958" durationms="1.262" />

<exclusive-start id="597" timestamp="2019-08-08T09:20:34.448" intervalms="1491.926">
  <response-info timems="0.036" idlems="0.036" threads="0" lastid="0000000000E05E00" lastname="node-10" />
</exclusive-start>
<af-start id="598" threadId="0000000000E06788" totalBytesRequested="24" timestamp="2019-08-08T09:20:34.448" intervalms="1491.950" type="nursery" />
<cycle-start id="599" type="scavenge" contextid="0" timestamp="2019-08-08T09:20:34.448" intervalms="1491.960" />
<gc-start id="600" type="scavenge" contextid="599" timestamp="2019-08-08T09:20:34.448">
  <mem-info id="601" free="1514888" total="13762560" percent="11">
    <mem type="nursery" free="0" total="5373952" percent="0">
      <mem type="allocate" free="0" total="3932160" percent="0" />
      <mem type="survivor" free="0" total="1441792" percent="0" />
    </mem>
    <mem type="tenure" free="1514888" total="8388608" percent="18">
      <mem type="soa" free="1431944" total="8305664" percent="17" />
      <mem type="loa" free="82944" total="82944" percent="100" />
    </mem>
    <remembered-set count="476" />
  </mem-info>
</gc-start>
<allocation-stats totalBytes="3700552" >
  <allocated-bytes non-tlh="16" tlh="3700536" />
  <largest-consumer threadName="node-20" threadId="0000000000E23D00" bytes="184272" />
</allocation-stats>
<gc-op id="602" type="scavenge" timems="1.336" contextid="599" timestamp="2019-08-08T09:20:34.450">
  <scavenger-info tenureage="3" tenuremask="fff8" tiltratio="73" />
  <memory-copied type="nursery" objects="6472" bytes="172344" bytesdiscarded="37320" />
  <memory-copied type="tenure" objects="2173" bytes="52152" bytesdiscarded="0" />
</gc-op>
<gc-end id="603" type="scavenge" contextid="599" durationms="1.696" usertimems="0.000" systemtimems="2.392" timestamp="2019-08-08T09:20:34.450" activeThreads="16">
  <mem-info id="604" free="5435016" total="13762560" percent="39">
    <mem type="nursery" free="3984640" total="5373952" percent="74">
      <mem type="allocate" free="3984640" total="4194304" percent="95" />
      <mem type="survivor" free="0" total="1179648" percent="0" />
    </mem>
    <mem type="tenure" free="1450376" total="8388608" percent="17" macro-fragmented="1250136">
      <mem type="soa" free="1367432" total="8305664" percent="16" />
      <mem type="loa" free="82944" total="82944" percent="100" />
    </mem>
    <remembered-set count="379" />
  </mem-info>
</gc-end>
<cycle-end id="605" type="scavenge" contextid="599" timestamp="2019-08-08T09:20:34.450" />
  <attribute name="elasticGC enabled" value="1" />
  <attribute name= "numThreadsSpecified" value="16" />
  <attribute name="heapSize specified" value="13631488" />
  <attribute name="Current GC Util" value="0" />
  <attribute name= "Current Time Running" value="25602" />
  <attribute name ="GC Interval" value="2665" />
  <attribute name="Target GC Util Change" value ="80.000000" />
  <attribute name="Current GC Util Change" value="0.000000"/>
  <attribute name="Current Error" value="366.000000" />
  <attribute name="Output H" value="13838664"/>
  <attribute name="Output I" value="2664"/>
  <attribute name="Output T" value="16"/>
  <attribute name= "Current Time Running" value="25602" />
  <attribute name="GC Util currently" value="0" />
  <attribute name="CPU Util currently" value="14" />
<allocation-satisfied id="606" threadId="0000000000E05E00" bytesRequested="24" />
<af-end id="607" timestamp="2019-08-08T09:20:34.450" threadId="0000000000E06788" success="true" from="nursery"/>
<exclusive-end id="608" timestamp="2019-08-08T09:20:34.450" durationms="1.929" />

<exclusive-start id="609" timestamp="2019-08-08T09:20:36.944" intervalms="2495.819">
  <response-info timems="0.178" idlems="0.178" threads="0" lastid="0000000000DDCB00" lastname="node-3" />
</exclusive-start>
<af-start id="610" threadId="0000000000DDD488" totalBytesRequested="32" timestamp="2019-08-08T09:20:36.944" intervalms="2495.860" type="nursery" />
<cycle-start id="611" type="scavenge" contextid="0" timestamp="2019-08-08T09:20:36.944" intervalms="2495.855" />
<gc-start id="612" type="scavenge" contextid="611" timestamp="2019-08-08T09:20:36.944">
  <mem-info id="613" free="1450376" total="13762560" percent="10">
    <mem type="nursery" free="0" total="5373952" percent="0">
      <mem type="allocate" free="0" total="4194304" percent="0" />
      <mem type="survivor" free="0" total="1179648" percent="0" />
    </mem>
    <mem type="tenure" free="1450376" total="8388608" percent="17">
      <mem type="soa" free="1367432" total="8305664" percent="16" />
      <mem type="loa" free="82944" total="82944" percent="100" />
    </mem>
    <remembered-set count="494" />
  </mem-info>
</gc-start>
<allocation-stats totalBytes="3974288" >
  <allocated-bytes non-tlh="24" tlh="3974264" />
  <largest-consumer threadName="node-8" threadId="0000000000DFAA00" bytes="208872" />
</allocation-stats>
<gc-op id="614" type="scavenge" timems="2.448" contextid="611" timestamp="2019-08-08T09:20:36.947">
  <scavenger-info tenureage="3" tenuremask="ffe8" tiltratio="78" />
  <memory-copied type="nursery" objects="8255" bytes="199832" bytesdiscarded="74344" />
  <memory-copied type="tenure" objects="1788" bytes="42912" bytesdiscarded="0" />
</gc-op>
<gc-end id="615" type="scavenge" contextid="611" durationms="2.670" usertimems="7.575" systemtimems="0.729" timestamp="2019-08-08T09:20:36.947" activeThreads="16">
  <mem-info id="616" free="5518728" total="13762560" percent="40">
    <mem type="nursery" free="4116736" total="5373952" percent="76">
      <mem type="allocate" free="4116736" total="4390912" percent="93" />
      <mem type="survivor" free="0" total="983040" percent="0" />
    </mem>
    <mem type="tenure" free="1401992" total="8388608" percent="16" macro-fragmented="1041779">
      <mem type="soa" free="1319048" total="8305664" percent="15" />
      <mem type="loa" free="82944" total="82944" percent="100" />
    </mem>
    <remembered-set count="416" />
  </mem-info>
</gc-end>
<cycle-end id="617" type="scavenge" contextid="611" timestamp="2019-08-08T09:20:36.947" />
  <attribute name="elasticGC enabled" value="1" />
  <attribute name= "numThreadsSpecified" value="16" />
  <attribute name="heapSize specified" value="13631488" />
  <attribute name="Current GC Util" value="0" />
  <attribute name= "Current Time Running" value="28098" />
  <attribute name ="GC Interval" value="2809" />
  <attribute name="Target GC Util Change" value ="80.000000" />
  <attribute name="Current GC Util Change" value="0.000000"/>
  <attribute name="Current Error" value="446.000000" />
  <attribute name="Output H" value="13838760"/>
  <attribute name="Output I" value="2808"/>
  <attribute name="Output T" value="16"/>
  <attribute name= "Current Time Running" value="28098" />
  <attribute name="GC Util currently" value="0" />
  <attribute name="CPU Util currently" value="16" />
<allocation-satisfied id="618" threadId="0000000000DDCB00" bytesRequested="32" />
<af-end id="619" timestamp="2019-08-08T09:20:36.947" threadId="0000000000DDD488" success="true" from="nursery"/>
<exclusive-end id="620" timestamp="2019-08-08T09:20:36.947" durationms="2.915" />

<exclusive-start id="621" timestamp="2019-08-08T09:20:38.886" intervalms="1942.311">
  <response-info timems="0.962" idlems="0.962" threads="0" lastid="0000000000E05E00" lastname="node-10" />
</exclusive-start>
<af-start id="622" threadId="0000000000E06788" totalBytesRequested="720" timestamp="2019-08-08T09:20:38.887" intervalms="1942.246" type="nursery" />
<cycle-start id="623" type="scavenge" contextid="0" timestamp="2019-08-08T09:20:38.887" intervalms="1942.245" />
<gc-start id="624" type="scavenge" contextid="623" timestamp="2019-08-08T09:20:38.887">
  <mem-info id="625" free="1401992" total="13762560" percent="10">
    <mem type="nursery" free="0" total="5373952" percent="0">
      <mem type="allocate" free="0" total="4390912" percent="0" />
      <mem type="survivor" free="0" total="983040" percent="0" />
    </mem>
    <mem type="tenure" free="1401992" total="8388608" percent="16">
      <mem type="soa" free="1319048" total="8305664" percent="15" />
      <mem type="loa" free="82944" total="82944" percent="100" />
    </mem>
    <remembered-set count="510" />
  </mem-info>
</gc-start>
<allocation-stats totalBytes="4113960" >
  <allocated-bytes non-tlh="32" tlh="4113928" />
  <largest-consumer threadName="node-9" threadId="0000000000DD1700" bytes="208880" />
</allocation-stats>
<gc-op id="626" type="scavenge" timems="2.001" contextid="623" timestamp="2019-08-08T09:20:38.889">
  <scavenger-info tenureage="3" tenuremask="ffe8" tiltratio="81" />
  <memory-copied type="nursery" objects="8532" bytes="210640" bytesdiscarded="31280" />
  <memory-copied type="tenure" objects="2366" bytes="56784" bytesdiscarded="0" />
</gc-op>
<gc-end id="627" type="scavenge" contextid="623" durationms="2.320" usertimems="3.593" systemtimems="0.944" timestamp="2019-08-08T09:20:38.889" activeThreads="16">
  <mem-info id="628" free="5617544" total="13762560" percent="40">
    <mem type="nursery" free="4280064" total="5373952" percent="79">
      <mem type="allocate" free="4280064" total="4521984" percent="94" />
      <mem type="survivor" free="0" total="851968" percent="0" />
    </mem>
    <mem type="tenure" free="1337480" total="8388608" percent="15" macro-fragmented="1250136">
      <mem type="soa" free="1254536" total="8305664" percent="15" />
      <mem type="loa" free="82944" total="82944" percent="100" />
    </mem>
    <remembered-set count="403" />
  </mem-info>
</gc-end>
<cycle-end id="629" type="scavenge" contextid="623" timestamp="2019-08-08T09:20:38.889" />
  <attribute name="elasticGC enabled" value="1" />
  <attribute name= "numThreadsSpecified" value="16" />
  <attribute name="heapSize specified" value="13631488" />
  <attribute name="Current GC Util" value="0" />
  <attribute name= "Current Time Running" value="30040" />
  <attribute name ="GC Interval" value="2153" />
  <attribute name="Target GC Util Change" value ="80.000000" />
  <attribute name="Current GC Util Change" value="0.000000"/>
  <attribute name="Current Error" value="80.000000" />
  <attribute name="Output H" value="13838336"/>
  <attribute name="Output I" value="2152"/>
  <attribute name="Output T" value="16"/>
  <attribute name= "Current Time Running" value="30040" />
  <attribute name="GC Util currently" value="0" />
  <attribute name="CPU Util currently" value="15" />
<allocation-satisfied id="630" threadId="0000000000E05E00" bytesRequested="720" />
<af-end id="631" timestamp="2019-08-08T09:20:38.889" threadId="0000000000E06788" success="true" from="nursery"/>
<exclusive-end id="632" timestamp="2019-08-08T09:20:38.889" durationms="2.563" />

<exclusive-start id="633" timestamp="2019-08-08T09:20:40.973" intervalms="2086.715">
  <response-info timems="0.487" idlems="0.487" threads="0" lastid="0000000000DEBB00" lastname="node-13" />
</exclusive-start>
<af-start id="634" threadId="0000000000DEC488" totalBytesRequested="24" timestamp="2019-08-08T09:20:40.973" intervalms="2086.742" type="nursery" />
<cycle-start id="635" type="scavenge" contextid="0" timestamp="2019-08-08T09:20:40.973" intervalms="2086.747" />
<gc-start id="636" type="scavenge" contextid="635" timestamp="2019-08-08T09:20:40.973">
  <mem-info id="637" free="1337480" total="13762560" percent="9">
    <mem type="nursery" free="0" total="5373952" percent="0">
      <mem type="allocate" free="0" total="4521984" percent="0" />
      <mem type="survivor" free="0" total="851968" percent="0" />
    </mem>
    <mem type="tenure" free="1337480" total="8388608" percent="15">
      <mem type="soa" free="1254536" total="8305664" percent="15" />
      <mem type="loa" free="82944" total="82944" percent="100" />
    </mem>
    <remembered-set count="511" />
  </mem-info>
</gc-start>
<allocation-stats totalBytes="4274616" >
  <allocated-bytes non-tlh="720" tlh="4273896" />
  <largest-consumer threadName="node-10" threadId="0000000000E05E00" bytes="209576" />
</allocation-stats>
<gc-op id="638" type="scavenge" timems="2.183" contextid="635" timestamp="2019-08-08T09:20:40.976">
  <scavenger-info tenureage="3" tenuremask="ffe8" tiltratio="84" />
  <memory-copied type="nursery" objects="8963" bytes="216824" bytesdiscarded="40456" />
  <memory-copied type="tenure" objects="2132" bytes="51168" bytesdiscarded="0" />
</gc-op>
<gc-end id="639" type="scavenge" contextid="635" durationms="2.373" usertimems="4.441" systemtimems="0.257" timestamp="2019-08-08T09:20:40.976" activeThreads="16">
  <mem-info id="640" free="5661064" total="13762560" percent="41">
    <mem type="nursery" free="4395776" total="5373952" percent="81">
      <mem type="allocate" free="4395776" total="4653056" percent="94" />
      <mem type="survivor" free="0" total="720896" percent="0" />
    </mem>
    <mem type="tenure" free="1265288" total="8388608" percent="15" macro-fragmented="723458">
      <mem type="soa" free="1182344" total="8305664" percent="14" />
      <mem type="loa" free="82944" total="82944" percent="100" />
    </mem>
    <remembered-set count="420" />
  </mem-info>
</gc-end>
<cycle-end id="641" type="scavenge" contextid="635" timestamp="2019-08-08T09:20:40.976" />
  <attribute name="elasticGC enabled" value="1" />
  <attribute name= "numThreadsSpecified" value="16" />
  <attribute name="heapSize specified" value="13631488" />
  <attribute name="Current GC Util" value="0" />
  <attribute name= "Current Time Running" value="32127" />
  <attribute name ="GC Interval" value="2297" />
  <attribute name="Target GC Util Change" value ="80.000000" />
  <attribute name="Current GC Util Change" value="0.000000"/>
  <attribute name="Current Error" value="160.000000" />
  <attribute name="Output H" value="13838424"/>
  <attribute name="Output I" value="2296"/>
  <attribute name="Output T" value="16"/>
  <attribute name= "Current Time Running" value="32127" />
  <attribute name="GC Util currently" value="0" />
  <attribute name="CPU Util currently" value="16" />
<allocation-satisfied id="642" threadId="0000000000DEBB00" bytesRequested="24" />
<af-end id="643" timestamp="2019-08-08T09:20:40.976" threadId="0000000000DEC488" success="true" from="nursery"/>
<exclusive-end id="644" timestamp="2019-08-08T09:20:40.976" durationms="2.764" />

<exclusive-start id="645" timestamp="2019-08-08T09:20:42.872" intervalms="1898.876">
  <response-info timems="0.022" idlems="0.022" threads="0" lastid="0000000000DFE600" lastname="node-16" />
</exclusive-start>
<af-start id="646" threadId="0000000000DFEF88" totalBytesRequested="48" timestamp="2019-08-08T09:20:42.872" intervalms="1898.854" type="nursery" />
<cycle-start id="647" type="scavenge" contextid="0" timestamp="2019-08-08T09:20:42.872" intervalms="1898.847" />
<gc-start id="648" type="scavenge" contextid="647" timestamp="2019-08-08T09:20:42.872">
  <mem-info id="649" free="1265288" total="13762560" percent="9">
    <mem type="nursery" free="0" total="5373952" percent="0">
      <mem type="allocate" free="0" total="4653056" percent="0" />
      <mem type="survivor" free="0" total="720896" percent="0" />
    </mem>
    <mem type="tenure" free="1265288" total="8388608" percent="15">
      <mem type="soa" free="1182344" total="8305664" percent="14" />
      <mem type="loa" free="82944" total="82944" percent="100" />
    </mem>
    <remembered-set count="514" />
  </mem-info>
</gc-start>
<allocation-stats totalBytes="4392936" >
  <allocated-bytes non-tlh="24" tlh="4392912" />
  <largest-consumer threadName="node-20" threadId="0000000000E23D00" bytes="208880" />
</allocation-stats>
<gc-op id="650" type="scavenge" timems="1.522" contextid="647" timestamp="2019-08-08T09:20:42.874">
  <scavenger-info tenureage="3" tenuremask="ffe8" tiltratio="86" />
  <memory-copied type="nursery" objects="8017" bytes="199272" bytesdiscarded="42648" />
  <memory-copied type="tenure" objects="3615" bytes="86760" bytesdiscarded="0" />
</gc-op>
<gc-end id="651" type="scavenge" contextid="647" durationms="2.144" usertimems="1.641" systemtimems="0.561" timestamp="2019-08-08T09:20:42.874" activeThreads="16">
  <mem-info id="652" free="5645192" total="13762560" percent="41">
    <mem type="nursery" free="4476672" total="5373952" percent="83">
      <mem type="allocate" free="4476672" total="4718592" percent="94" />
      <mem type="survivor" free="0" total="655360" percent="0" />
    </mem>
    <mem type="tenure" free="1168520" total="8388608" percent="13" macro-fragmented="1041779">
      <mem type="soa" free="1085576" total="8305664" percent="13" />
      <mem type="loa" free="82944" total="82944" percent="100" />
    </mem>
    <remembered-set count="393" />
  </mem-info>
</gc-end>
<cycle-end id="653" type="scavenge" contextid="647" timestamp="2019-08-08T09:20:42.874" />
  <attribute name="elasticGC enabled" value="1" />
  <attribute name= "numThreadsSpecified" value="16" />
  <attribute name="heapSize specified" value="13631488" />
  <attribute name="Current GC Util" value="0" />
  <attribute name= "Current Time Running" value="34026" />
  <attribute name ="GC Interval" value="2441" />
  <attribute name="Target GC Util Change" value ="80.000000" />
  <attribute name="Current GC Util Change" value="0.000000"/>
  <attribute name="Current Error" value="240.000000" />
  <attribute name="Output H" value="13838520"/>
  <attribute name="Output I" value="2440"/>
  <attribute name="Output T" value="16"/>
  <attribute name= "Current Time Running" value="34026" />
  <attribute name="GC Util currently" value="0" />
  <attribute name="CPU Util currently" value="15" />
<allocation-satisfied id="654" threadId="0000000000DFE600" bytesRequested="48" />
<af-end id="655" timestamp="2019-08-08T09:20:42.874" threadId="0000000000DFEF88" success="true" from="nursery"/>
<exclusive-end id="656" timestamp="2019-08-08T09:20:42.874" durationms="2.431" />

<exclusive-start id="657" timestamp="2019-08-08T09:20:44.966" intervalms="2093.467">
  <response-info timems="0.231" idlems="0.231" threads="0" lastid="0000000000E23D00" lastname="node-20" />
</exclusive-start>
<af-start id="658" threadId="0000000000E24688" totalBytesRequested="24" timestamp="2019-08-08T09:20:44.966" intervalms="2093.537" type="nursery" />
<cycle-start id="659" type="scavenge" contextid="0" timestamp="2019-08-08T09:20:44.966" intervalms="2093.578" />
<gc-start id="660" type="scavenge" contextid="659" timestamp="2019-08-08T09:20:44.966">
  <mem-info id="661" free="1168520" total="13762560" percent="8">
    <mem type="nursery" free="0" total="5373952" percent="0">
      <mem type="allocate" free="0" total="4718592" percent="0" />
      <mem type="survivor" free="0" total="655360" percent="0" />
    </mem>
    <mem type="tenure" free="1168520" total="8388608" percent="13">
      <mem type="soa" free="1085576" total="8305664" percent="13" />
      <mem type="loa" free="82944" total="82944" percent="100" />
    </mem>
    <remembered-set count="512" />
  </mem-info>
</gc-start>
<allocation-stats totalBytes="4471248" >
  <allocated-bytes non-tlh="48" tlh="4471200" />
  <largest-consumer threadName="node-16" threadId="0000000000DFE600" bytes="208896" />
</allocation-stats>
<gc-op id="662" type="scavenge" timems="2.750" contextid="659" timestamp="2019-08-08T09:20:44.969">
  <scavenger-info tenureage="3" tenuremask="ffe8" tiltratio="87" />
  <memory-copied type="nursery" objects="8083" bytes="195704" bytesdiscarded="26248" />
  <memory-copied type="tenure" objects="2629" bytes="63096" bytesdiscarded="0" />
</gc-op>
<gc-end id="663" type="scavenge" contextid="659" durationms="3.343" usertimems="5.613" systemtimems="0.000" timestamp="2019-08-08T09:20:44.969" activeThreads="16">
  <mem-info id="664" free="5627016" total="13762560" percent="40">
    <mem type="nursery" free="4562176" total="5373952" percent="84">
      <mem type="allocate" free="4562176" total="4784128" percent="95" />
      <mem type="survivor" free="0" total="589824" percent="0" />
    </mem>
    <mem type="tenure" free="1064840" total="8388608" percent="12" macro-fragmented="868149">
      <mem type="soa" free="981896" total="8305664" percent="11" />
      <mem type="loa" free="82944" total="82944" percent="100" />
    </mem>
    <remembered-set count="417" />
  </mem-info>
</gc-end>
<cycle-end id="665" type="scavenge" contextid="659" timestamp="2019-08-08T09:20:44.969" />
  <attribute name="elasticGC enabled" value="1" />
  <attribute name= "numThreadsSpecified" value="16" />
  <attribute name="heapSize specified" value="13631488" />
  <attribute name="Current GC Util" value="0" />
  <attribute name= "Current Time Running" value="36119" />
  <attribute name ="GC Interval" value="2585" />
  <attribute name="Target GC Util Change" value ="80.000000" />
  <attribute name="Current GC Util Change" value="0.000000"/>
  <attribute name="Current Error" value="320.000000" />
  <attribute name="Output H" value="13838616"/>
  <attribute name="Output I" value="2584"/>
  <attribute name="Output T" value="16"/>
  <attribute name= "Current Time Running" value="36119" />
  <attribute name="GC Util currently" value="0" />
  <attribute name="CPU Util currently" value="16" />
<allocation-satisfied id="666" threadId="0000000000E23D00" bytesRequested="24" />
<af-end id="667" timestamp="2019-08-08T09:20:44.969" threadId="0000000000E24688" success="true" from="nursery"/>
<exclusive-end id="668" timestamp="2019-08-08T09:20:44.969" durationms="3.819" />

<exclusive-start id="669" timestamp="2019-08-08T09:20:47.607" intervalms="2641.409">
  <response-info timems="0.022" idlems="0.022" threads="0" lastid="0000000000DE0700" lastname="node-5" />
</exclusive-start>
<af-start id="670" threadId="0000000000DE1088" totalBytesRequested="24" timestamp="2019-08-08T09:20:47.607" intervalms="2641.376" type="nursery" />
<cycle-start id="671" type="scavenge" contextid="0" timestamp="2019-08-08T09:20:47.607" intervalms="2641.344" />
<gc-start id="672" type="scavenge" contextid="671" timestamp="2019-08-08T09:20:47.607">
  <mem-info id="673" free="1064840" total="13762560" percent="7">
    <mem type="nursery" free="0" total="5373952" percent="0">
      <mem type="allocate" free="0" total="4784128" percent="0" />
      <mem type="survivor" free="0" total="589824" percent="0" />
    </mem>
    <mem type="tenure" free="1064840" total="8388608" percent="12">
      <mem type="soa" free="981896" total="8305664" percent="11" />
      <mem type="loa" free="82944" total="82944" percent="100" />
    </mem>
    <remembered-set count="515" />
  </mem-info>
</gc-start>
<allocation-stats totalBytes="4560768" >
  <allocated-bytes non-tlh="24" tlh="4560744" />
  <largest-consumer threadName="node-20" threadId="0000000000E23D00" bytes="208880" />
</allocation-stats>
<gc-op id="674" type="scavenge" timems="3.973" contextid="671" timestamp="2019-08-08T09:20:47.611">
  <scavenger-info tenureage="3" tenuremask="ffe8" tiltratio="89" />
  <memory-copied type="nursery" objects="9165" bytes="221672" bytesdiscarded="17176" />
  <memory-copied type="tenure" objects="2579" bytes="61896" bytesdiscarded="0" />
</gc-op>
<gc-end id="675" type="scavenge" contextid="671" durationms="5.298" usertimems="5.958" systemtimems="5.211" timestamp="2019-08-08T09:20:47.612" activeThreads="16">
  <mem-info id="676" free="5491080" total="13762560" percent="39">
    <mem type="nursery" free="4545280" total="5373952" percent="84">
      <mem type="allocate" free="4545280" total="4784128" percent="95" />
      <mem type="survivor" free="0" total="589824" percent="0" />
    </mem>
    <mem type="tenure" free="945800" total="8388608" percent="11" macro-fragmented="502401">
      <mem type="soa" free="862856" total="8305664" percent="10" />
      <mem type="loa" free="82944" total="82944" percent="100" />
    </mem>
    <remembered-set count="427" />
  </mem-info>
</gc-end>
<cycle-end id="677" type="scavenge" contextid="671" timestamp="2019-08-08T09:20:47.613" />
  <attribute name="elasticGC enabled" value="1" />
  <attribute name= "numThreadsSpecified" value="16" />
  <attribute name="heapSize specified" value="13631488" />
  <attribute name="Current GC Util" value="0" />
  <attribute name= "Current Time Running" value="38761" />
  <attribute name ="GC Interval" value="2729" />
  <attribute name="Target GC Util Change" value ="80.000000" />
  <attribute name="Current GC Util Change" value="0.000000"/>
  <attribute name="Current Error" value="400.000000" />
  <attribute name="Output H" value="13838704"/>
  <attribute name="Output I" value="2728"/>
  <attribute name="Output T" value="16"/>
  <attribute name= "Current Time Running" value="38761" />
  <attribute name="GC Util currently" value="0" />
  <attribute name="CPU Util currently" value="16" />
<allocation-satisfied id="678" threadId="0000000000DE0700" bytesRequested="24" />
<af-end id="679" timestamp="2019-08-08T09:20:47.613" threadId="0000000000DE1088" success="true" from="nursery"/>
<exclusive-end id="680" timestamp="2019-08-08T09:20:47.613" durationms="5.713" />

<exclusive-start id="681" timestamp="2019-08-08T09:20:49.145" intervalms="1538.233">
  <response-info timems="0.163" idlems="0.163" threads="0" lastid="0000000000E18900" lastname="node-19" />
</exclusive-start>
<af-start id="682" threadId="0000000000E19288" totalBytesRequested="136" timestamp="2019-08-08T09:20:49.145" intervalms="1538.210" type="nursery" />
<cycle-start id="683" type="scavenge" contextid="0" timestamp="2019-08-08T09:20:49.145" intervalms="1538.209" />
<gc-start id="684" type="scavenge" contextid="683" timestamp="2019-08-08T09:20:49.145">
  <mem-info id="685" free="945800" total="13762560" percent="6">
    <mem type="nursery" free="0" total="5373952" percent="0">
      <mem type="allocate" free="0" total="4784128" percent="0" />
      <mem type="survivor" free="0" total="589824" percent="0" />
    </mem>
    <mem type="tenure" free="945800" total="8388608" percent="11">
      <mem type="soa" free="862856" total="8305664" percent="10" />
      <mem type="loa" free="82944" total="82944" percent="100" />
    </mem>
    <remembered-set count="519" />
  </mem-info>
</gc-start>
<allocation-stats totalBytes="4538568" >
  <allocated-bytes non-tlh="24" tlh="4538544" />
  <largest-consumer threadName="node-9" threadId="0000000000DD1700" bytes="208880" />
</allocation-stats>
<gc-op id="686" type="scavenge" timems="1.303" contextid="683" timestamp="2019-08-08T09:20:49.147">
  <scavenger-info tenureage="3" tenuremask="ffe8" tiltratio="89" />
  <memory-copied type="nursery" objects="8601" bytes="207352" bytesdiscarded="50696" />
  <memory-copied type="tenure" objects="2662" bytes="63888" bytesdiscarded="624" />
</gc-op>
<gc-end id="687" type="scavenge" contextid="683" durationms="1.499" usertimems="3.035" systemtimems="0.000" timestamp="2019-08-08T09:20:49.147" activeThreads="16">
  <mem-info id="688" free="5407368" total="13762560" percent="39">
    <mem type="nursery" free="4526080" total="5373952" percent="84">
      <mem type="allocate" free="4526080" total="4784128" percent="94" />
      <mem type="survivor" free="0" total="589824" percent="0" />
    </mem>
    <mem type="tenure" free="881288" total="8388608" percent="10" macro-fragmented="502401">
      <mem type="soa" free="798344" total="8305664" percent="9" />
      <mem type="loa" free="82944" total="82944" percent="100" />
    </mem>
    <remembered-set count="414" />
  </mem-info>
</gc-end>
<cycle-end id="689" type="scavenge" contextid="683" timestamp="2019-08-08T09:20:49.147" />
  <attribute name="elasticGC enabled" value="1" />
  <attribute name= "numThreadsSpecified" value="16" />
  <attribute name="heapSize specified" value="13631488" />
  <attribute name="Current GC Util" value="0" />
  <attribute name= "Current Time Running" value="40299" />
  <attribute name ="GC Interval" value="2873" />
  <attribute name="Target GC Util Change" value ="80.000000" />
  <attribute name="Current GC Util Change" value="0.000000"/>
  <attribute name="Current Error" value="480.000000" />
  <attribute name="Output H" value="13838800"/>
  <attribute name="Output I" value="2872"/>
  <attribute name="Output T" value="16"/>
  <attribute name= "Current Time Running" value="40299" />
  <attribute name="GC Util currently" value="0" />
  <attribute name="CPU Util currently" value="14" />
<allocation-satisfied id="690" threadId="0000000000E18900" bytesRequested="136" />
<af-end id="691" timestamp="2019-08-08T09:20:49.147" threadId="0000000000E19288" success="true" from="nursery"/>
<exclusive-end id="692" timestamp="2019-08-08T09:20:49.147" durationms="1.712" />

<exclusive-start id="693" timestamp="2019-08-08T09:20:51.407" intervalms="2261.544">
  <response-info timems="0.100" idlems="0.100" threads="0" lastid="0000000000E1C500" lastname="node-1" />
</exclusive-start>
<af-start id="694" threadId="0000000000E1CE88" totalBytesRequested="32" timestamp="2019-08-08T09:20:51.407" intervalms="2261.527" type="nursery" />
<cycle-start id="695" type="scavenge" contextid="0" timestamp="2019-08-08T09:20:51.407" intervalms="2261.656" />
<gc-start id="696" type="scavenge" contextid="695" timestamp="2019-08-08T09:20:51.407">
  <mem-info id="697" free="881288" total="13762560" percent="6">
    <mem type="nursery" free="0" total="5373952" percent="0">
      <mem type="allocate" free="0" total="4784128" percent="0" />
      <mem type="survivor" free="0" total="589824" percent="0" />
    </mem>
    <mem type="tenure" free="881288" total="8388608" percent="10">
      <mem type="soa" free="798344" total="8305664" percent="9" />
      <mem type="loa" free="82944" total="82944" percent="100" />
    </mem>
    <remembered-set count="518" />
  </mem-info>
</gc-start>
<allocation-stats totalBytes="4524472" >
  <allocated-bytes non-tlh="136" tlh="4524336" />
  <largest-consumer threadName="node-19" threadId="0000000000E18900" bytes="208960" />
</allocation-stats>
<gc-op id="698" type="scavenge" timems="3.525" contextid="695" timestamp="2019-08-08T09:20:51.411">
  <scavenger-info tenureage="3" tenuremask="ffe8" tiltratio="89" />
  <memory-copied type="nursery" objects="9146" bytes="221216" bytesdiscarded="19936" />
  <memory-copied type="tenure" objects="2702" bytes="64848" bytesdiscarded="0" />
</gc-op>
<gc-end id="699" type="scavenge" contextid="695" durationms="3.731" usertimems="4.753" systemtimems="4.115" timestamp="2019-08-08T09:20:51.411" activeThreads="16">
  <mem-info id="700" free="5312904" total="13762560" percent="38">
    <mem type="nursery" free="4542976" total="5373952" percent="84">
      <mem type="allocate" free="4542976" total="4784128" percent="94" />
      <mem type="survivor" free="0" total="589824" percent="0" />
    </mem>
    <mem type="tenure" free="769928" total="8388608" percent="9" macro-fragmented="0">
      <mem type="soa" free="686984" total="8305664" percent="8" />
      <mem type="loa" free="82944" total="82944" percent="100" />
    </mem>
    <remembered-set count="424" />
  </mem-info>
</gc-end>
<cycle-end id="701" type="scavenge" contextid="695" timestamp="2019-08-08T09:20:51.411" />
  <attribute name="elasticGC enabled" value="1" />
  <attribute name= "numThreadsSpecified" value="16" />
  <attribute name="heapSize specified" value="13631488" />
  <attribute name="Current GC Util" value="0" />
  <attribute name= "Current Time Running" value="42561" />
  <attribute name ="GC Interval" value="2153" />
  <attribute name="Target GC Util Change" value ="80.000000" />
  <attribute name="Current GC Util Change" value="0.000000"/>
  <attribute name="Current Error" value="80.000000" />
  <attribute name="Output H" value="13838336"/>
  <attribute name="Output I" value="2152"/>
  <attribute name="Output T" value="16"/>
  <attribute name= "Current Time Running" value="42561" />
  <attribute name="GC Util currently" value="0" />
  <attribute name="CPU Util currently" value="15" />
<allocation-satisfied id="702" threadId="0000000000E1C500" bytesRequested="32" />
<af-end id="703" timestamp="2019-08-08T09:20:51.411" threadId="0000000000E1CE88" success="true" from="nursery"/>
<exclusive-end id="704" timestamp="2019-08-08T09:20:51.411" durationms="4.041" />

<exclusive-start id="705" timestamp="2019-08-08T09:20:53.501" intervalms="2093.990">
  <response-info timems="0.542" idlems="0.542" threads="0" lastid="0000000000DE0700" lastname="node-5" />
</exclusive-start>
<af-start id="706" threadId="0000000000DE1088" totalBytesRequested="32" timestamp="2019-08-08T09:20:53.501" intervalms="2094.043" type="nursery" />
<cycle-start id="707" type="scavenge" contextid="0" timestamp="2019-08-08T09:20:53.501" intervalms="2094.094" />
<gc-start id="708" type="scavenge" contextid="707" timestamp="2019-08-08T09:20:53.501">
  <mem-info id="709" free="769928" total="13762560" percent="5">
    <mem type="nursery" free="0" total="5373952" percent="0">
      <mem type="allocate" free="0" total="4784128" percent="0" />
      <mem type="survivor" free="0" total="589824" percent="0" />
    </mem>
    <mem type="tenure" free="769928" total="8388608" percent="9">
      <mem type="soa" free="686984" total="8305664" percent="8" />
      <mem type="loa" free="82944" total="82944" percent="100" />
    </mem>
    <remembered-set count="519" />
  </mem-info>
</gc-start>
<allocation-stats totalBytes="4537640" >
  <allocated-bytes non-tlh="32" tlh="4537608" />
  <largest-consumer threadName="node-14" threadId="0000000000DE4300" bytes="208864" />
</allocation-stats>
<gc-op id="710" type="scavenge" timems="10.239" contextid="707" timestamp="2019-08-08T09:20:53.511">
  <scavenger-info tenureage="3" tenuremask="ffe8" tiltratio="89" />
  <memory-copied type="nursery" objects="8435" bytes="202472" bytesdiscarded="39448" />
  <memory-copied type="tenure" objects="3660" bytes="87840" bytesdiscarded="0" />
</gc-op>
<gc-end id="711" type="scavenge" contextid="707" durationms="11.306" usertimems="7.993" systemtimems="4.536" timestamp="2019-08-08T09:20:53.512" activeThreads="16">
  <mem-info id="712" free="5263752" total="13762560" percent="38">
    <mem type="nursery" free="4542208" total="5373952" percent="84">
      <mem type="allocate" free="4542208" total="4784128" percent="94" />
      <mem type="survivor" free="0" total="589824" percent="0" />
    </mem>
    <mem type="tenure" free="721544" total="8388608" percent="8" macro-fragmented="1763">
      <mem type="soa" free="638600" total="8305664" percent="7" />
      <mem type="loa" free="82944" total="82944" percent="100" />
    </mem>
    <remembered-set count="405" />
  </mem-info>
</gc-end>
<cycle-end id="713" type="scavenge" contextid="707" timestamp="2019-08-08T09:20:53.512" />
  <attribute name="elasticGC enabled" value="1" />
  <attribute name= "numThreadsSpecified" value="16" />
  <attribute name="heapSize specified" value="13631488" />
  <attribute name="Current GC Util" value="0" />
  <attribute name= "Current Time Running" value="44655" />
  <attribute name ="GC Interval" value="2297" />
  <attribute name="Target GC Util Change" value ="80.000000" />
  <attribute name="Current GC Util Change" value="0.000000"/>
  <attribute name="Current Error" value="160.000000" />
  <attribute name="Output H" value="13838424"/>
  <attribute name="Output I" value="2296"/>
  <attribute name="Output T" value="16"/>
  <attribute name= "Current Time Running" value="44655" />
  <attribute name="GC Util currently" value="0" />
  <attribute name="CPU Util currently" value="15" />
<allocation-satisfied id="714" threadId="0000000000DE0700" bytesRequested="32" />
<af-end id="715" timestamp="2019-08-08T09:20:53.513" threadId="0000000000DE1088" success="true" from="nursery"/>
<exclusive-end id="716" timestamp="2019-08-08T09:20:53.513" durationms="11.887" />

<exclusive-start id="717" timestamp="2019-08-08T09:20:55.400" intervalms="1899.357">
  <response-info timems="0.080" idlems="0.056" threads="1" lastid="0000000000DDCB00" lastname="node-3" />
</exclusive-start>
<af-start id="718" threadId="0000000000E20A88" totalBytesRequested="24" timestamp="2019-08-08T09:20:55.400" intervalms="1899.313" type="nursery" />
<cycle-start id="719" type="scavenge" contextid="0" timestamp="2019-08-08T09:20:55.400" intervalms="1899.124" />
<gc-start id="720" type="scavenge" contextid="719" timestamp="2019-08-08T09:20:55.400">
  <mem-info id="721" free="721544" total="13762560" percent="5">
    <mem type="nursery" free="0" total="5373952" percent="0">
      <mem type="allocate" free="0" total="4784128" percent="0" />
      <mem type="survivor" free="0" total="589824" percent="0" />
    </mem>
    <mem type="tenure" free="721544" total="8388608" percent="8">
      <mem type="soa" free="638600" total="8305664" percent="7" />
      <mem type="loa" free="82944" total="82944" percent="100" />
    </mem>
    <remembered-set count="516" />
  </mem-info>
</gc-start>
<allocation-stats totalBytes="4539264" >
  <allocated-bytes non-tlh="32" tlh="4539232" />
  <largest-consumer threadName="node-23" threadId="0000000000DE7F00" bytes="208888" />
</allocation-stats>
<gc-op id="722" type="scavenge" timems="1.967" contextid="719" timestamp="2019-08-08T09:20:55.402">
  <scavenger-info tenureage="3" tenuremask="4008" tiltratio="89" />
  <memory-copied type="nursery" objects="9002" bytes="217760" bytesdiscarded="56416" />
  <memory-copied type="tenure" objects="2106" bytes="50544" bytesdiscarded="0" />
</gc-op>
<gc-end id="723" type="scavenge" contextid="719" durationms="2.482" usertimems="2.588" systemtimems="1.276" timestamp="2019-08-08T09:20:55.403" activeThreads="16">
  <mem-info id="724" free="5166984" total="13762560" percent="37">
    <mem type="nursery" free="4509952" total="5373952" percent="83">
      <mem type="allocate" free="4509952" total="4784128" percent="94" />
      <mem type="survivor" free="0" total="589824" percent="0" />
    </mem>
    <mem type="tenure" free="657032" total="8388608" percent="7" macro-fragmented="0">
      <mem type="soa" free="574088" total="8305664" percent="6" />
      <mem type="loa" free="82944" total="82944" percent="100" />
    </mem>
    <remembered-set count="426" />
  </mem-info>
</gc-end>
<cycle-end id="725" type="scavenge" contextid="719" timestamp="2019-08-08T09:20:55.403" />
  <attribute name="elasticGC enabled" value="1" />
  <attribute name= "numThreadsSpecified" value="16" />
  <attribute name="heapSize specified" value="13631488" />
  <attribute name="Current GC Util" value="0" />
  <attribute name= "Current Time Running" value="46554" />
  <attribute name ="GC Interval" value="2441" />
  <attribute name="Target GC Util Change" value ="80.000000" />
  <attribute name="Current GC Util Change" value="0.000000"/>
  <attribute name="Current Error" value="240.000000" />
  <attribute name="Output H" value="13838520"/>
  <attribute name="Output I" value="2440"/>
  <attribute name="Output T" value="16"/>
  <attribute name= "Current Time Running" value="46554" />
  <attribute name="GC Util currently" value="0" />
  <attribute name="CPU Util currently" value="14" />
<allocation-satisfied id="726" threadId="0000000000E20100" bytesRequested="24" />
<af-end id="727" timestamp="2019-08-08T09:20:55.403" threadId="0000000000E20A88" success="true" from="nursery"/>
<exclusive-end id="728" timestamp="2019-08-08T09:20:55.403" durationms="2.690" />

<exclusive-start id="729" timestamp="2019-08-08T09:20:57.401" intervalms="2001.161">
  <response-info timems="0.023" idlems="0.023" threads="0" lastid="0000000000E0D600" lastname="node-15" />
</exclusive-start>
<af-start id="730" threadId="0000000000E0DF88" totalBytesRequested="32" timestamp="2019-08-08T09:20:57.401" intervalms="2001.221" type="nursery" />
<cycle-start id="731" type="scavenge" contextid="0" timestamp="2019-08-08T09:20:57.401" intervalms="2001.266" />
<gc-start id="732" type="scavenge" contextid="731" timestamp="2019-08-08T09:20:57.401">
  <mem-info id="733" free="657032" total="13762560" percent="4">
    <mem type="nursery" free="0" total="5373952" percent="0">
      <mem type="allocate" free="0" total="4784128" percent="0" />
      <mem type="survivor" free="0" total="589824" percent="0" />
    </mem>
    <mem type="tenure" free="657032" total="8388608" percent="7">
      <mem type="soa" free="574088" total="8305664" percent="6" />
      <mem type="loa" free="82944" total="82944" percent="100" />
    </mem>
    <remembered-set count="524" />
  </mem-info>
</gc-start>
<allocation-stats totalBytes="4504728" >
  <allocated-bytes non-tlh="24" tlh="4504704" />
  <largest-consumer threadName="node-12" threadId="0000000000DD5300" bytes="208888" />
</allocation-stats>
<gc-op id="734" type="scavenge" timems="1.592" contextid="731" timestamp="2019-08-08T09:20:57.403">
  <scavenger-info tenureage="3" tenuremask="4008" tiltratio="89" />
  <memory-copied type="nursery" objects="8597" bytes="208040" bytesdiscarded="66136" />
  <memory-copied type="tenure" objects="3238" bytes="77712" bytesdiscarded="0" />
</gc-op>
<gc-end id="735" type="scavenge" contextid="731" durationms="2.059" usertimems="7.351" systemtimems="0.454" timestamp="2019-08-08T09:20:57.403" activeThreads="16">
  <mem-info id="736" free="5086344" total="13762560" percent="36">
    <mem type="nursery" free="4509952" total="5373952" percent="83">
      <mem type="allocate" free="4509952" total="4784128" percent="94" />
      <mem type="survivor" free="0" total="589824" percent="0" />
    </mem>
    <mem type="tenure" free="576392" total="8388608" percent="6" macro-fragmented="418667">
      <mem type="soa" free="493448" total="8305664" percent="5" />
      <mem type="loa" free="82944" total="82944" percent="100" />
    </mem>
    <remembered-set count="423" />
  </mem-info>
</gc-end>
<cycle-end id="737" type="scavenge" contextid="731" timestamp="2019-08-08T09:20:57.404" />
  <attribute name="elasticGC enabled" value="1" />
  <attribute name= "numThreadsSpecified" value="16" />
  <attribute name="heapSize specified" value="13631488" />
  <attribute name="Current GC Util" value="0" />
  <attribute name= "Current Time Running" value="48555" />
  <attribute name ="GC Interval" value="2585" />
  <attribute name="Target GC Util Change" value ="80.000000" />
  <attribute name="Current GC Util Change" value="0.000000"/>
  <attribute name="Current Error" value="320.000000" />
  <attribute name="Output H" value="13838616"/>
  <attribute name="Output I" value="2584"/>
  <attribute name="Output T" value="16"/>
  <attribute name= "Current Time Running" value="48555" />
  <attribute name="GC Util currently" value="0" />
  <attribute name="CPU Util currently" value="15" />
<allocation-satisfied id="738" threadId="0000000000E0D600" bytesRequested="32" />
<af-end id="739" timestamp="2019-08-08T09:20:57.404" threadId="0000000000E0DF88" success="true" from="nursery"/>
<exclusive-end id="740" timestamp="2019-08-08T09:20:57.404" durationms="2.518" />

<exclusive-start id="741" timestamp="2019-08-08T09:20:59.643" intervalms="2242.204">
  <response-info timems="0.659" idlems="0.659" threads="0" lastid="0000000000E1C500" lastname="node-1" />
</exclusive-start>
<af-start id="742" threadId="0000000000E1CE88" totalBytesRequested="16" timestamp="2019-08-08T09:20:59.644" intervalms="2242.169" type="nursery" />
<cycle-start id="743" type="scavenge" contextid="0" timestamp="2019-08-08T09:20:59.644" intervalms="2242.131" />
<gc-start id="744" type="scavenge" contextid="743" timestamp="2019-08-08T09:20:59.644">
  <mem-info id="745" free="576392" total="13762560" percent="4">
    <mem type="nursery" free="0" total="5373952" percent="0">
      <mem type="allocate" free="0" total="4784128" percent="0" />
      <mem type="survivor" free="0" total="589824" percent="0" />
    </mem>
    <mem type="tenure" free="576392" total="8388608" percent="6">
      <mem type="soa" free="493448" total="8305664" percent="5" />
      <mem type="loa" free="82944" total="82944" percent="100" />
    </mem>
    <remembered-set count="520" />
  </mem-info>
</gc-start>
<allocation-stats totalBytes="4494624" >
  <allocated-bytes non-tlh="32" tlh="4494592" />
  <largest-consumer threadName="node-24" threadId="0000000000E2F100" bytes="208912" />
</allocation-stats>
<gc-op id="746" type="scavenge" timems="3.817" contextid="743" timestamp="2019-08-08T09:20:59.647">
  <scavenger-info tenureage="3" tenuremask="4008" tiltratio="89" />
  <memory-copied type="nursery" objects="8676" bytes="215600" bytesdiscarded="74704" />
  <memory-copied type="tenure" objects="2966" bytes="71184" bytesdiscarded="0" />
</gc-op>
<gc-end id="747" type="scavenge" contextid="743" durationms="4.421" usertimems="2.959" systemtimems="3.419" timestamp="2019-08-08T09:20:59.648" activeThreads="16">
  <mem-info id="748" free="5021832" total="13762560" percent="36">
    <mem type="nursery" free="4493824" total="5373952" percent="83">
      <mem type="allocate" free="4493824" total="4784128" percent="93" />
      <mem type="survivor" free="0" total="589824" percent="0" />
    </mem>
    <mem type="tenure" free="528008" total="8388608" percent="6" macro-fragmented="418667">
      <mem type="soa" free="445064" total="8305664" percent="5" />
      <mem type="loa" free="82944" total="82944" percent="100" />
    </mem>
    <remembered-set count="407" />
  </mem-info>
</gc-end>
<cycle-end id="749" type="scavenge" contextid="743" timestamp="2019-08-08T09:20:59.648" />
  <attribute name="elasticGC enabled" value="1" />
  <attribute name= "numThreadsSpecified" value="16" />
  <attribute name="heapSize specified" value="13631488" />
  <attribute name="Current GC Util" value="0" />
  <attribute name= "Current Time Running" value="50797" />
  <attribute name ="GC Interval" value="2729" />
  <attribute name="Target GC Util Change" value ="80.000000" />
  <attribute name="Current GC Util Change" value="0.000000"/>
  <attribute name="Current Error" value="400.000000" />
  <attribute name="Output H" value="13838704"/>
  <attribute name="Output I" value="2728"/>
  <attribute name="Output T" value="16"/>
  <attribute name= "Current Time Running" value="50797" />
  <attribute name="GC Util currently" value="0" />
  <attribute name="CPU Util currently" value="16" />
<allocation-satisfied id="750" threadId="0000000000E1C500" bytesRequested="16" />
<af-end id="751" timestamp="2019-08-08T09:20:59.648" threadId="0000000000E1CE88" success="true" from="nursery"/>
<exclusive-end id="752" timestamp="2019-08-08T09:20:59.648" durationms="4.736" />

<exclusive-start id="753" timestamp="2019-08-08T09:21:02.359" intervalms="2715.123">
  <response-info timems="0.592" idlems="0.592" threads="0" lastid="0000000000E05E00" lastname="node-10" />
</exclusive-start>
<af-start id="754" threadId="0000000000E06788" totalBytesRequested="24" timestamp="2019-08-08T09:21:02.359" intervalms="2715.104" type="nursery" />
<cycle-start id="755" type="scavenge" contextid="0" timestamp="2019-08-08T09:21:02.359" intervalms="2715.100" />
<gc-start id="756" type="scavenge" contextid="755" timestamp="2019-08-08T09:21:02.359">
  <mem-info id="757" free="528008" total="13762560" percent="3">
    <mem type="nursery" free="0" total="5373952" percent="0">
      <mem type="allocate" free="0" total="4784128" percent="0" />
      <mem type="survivor" free="0" total="589824" percent="0" />
    </mem>
    <mem type="tenure" free="528008" total="8388608" percent="6">
      <mem type="soa" free="445064" total="8305664" percent="5" />
      <mem type="loa" free="82944" total="82944" percent="100" />
    </mem>
    <remembered-set count="526" />
  </mem-info>
</gc-start>
<allocation-stats totalBytes="4489848" >
  <allocated-bytes non-tlh="16" tlh="4489832" />
  <largest-consumer threadName="node-7" threadId="0000000000DF3200" bytes="208872" />
</allocation-stats>
<gc-op id="758" type="scavenge" timems="3.812" contextid="755" timestamp="2019-08-08T09:21:02.363">
  <scavenger-info tenureage="2" tenuremask="400c" tiltratio="89" />
  <memory-copied type="nursery" objects="6982" bytes="169280" bytesdiscarded="56512" />
  <memory-copied type="tenure" objects="5489" bytes="131736" bytesdiscarded="0" />
</gc-op>
<gc-end id="759" type="scavenge" contextid="755" durationms="4.305" usertimems="3.020" systemtimems="3.498" timestamp="2019-08-08T09:21:02.363" activeThreads="16">
  <mem-info id="760" free="4941192" total="13762560" percent="35">
    <mem type="nursery" free="4558336" total="5373952" percent="84">
      <mem type="allocate" free="4558336" total="4784128" percent="95" />
      <mem type="survivor" free="0" total="589824" percent="0" />
    </mem>
    <mem type="tenure" free="382856" total="8388608" percent="4" macro-fragmented="0">
      <mem type="soa" free="299912" total="8305664" percent="3" />
      <mem type="loa" free="82944" total="82944" percent="100" />
    </mem>
    <remembered-set count="392" />
  </mem-info>
</gc-end>
<cycle-end id="761" type="scavenge" contextid="755" timestamp="2019-08-08T09:21:02.363" />
  <attribute name="elasticGC enabled" value="1" />
  <attribute name= "numThreadsSpecified" value="16" />
  <attribute name="heapSize specified" value="13631488" />
  <attribute name="Current GC Util" value="0" />
  <attribute name= "Current Time Running" value="53513" />
  <attribute name ="GC Interval" value="2873" />
  <attribute name="Target GC Util Change" value ="80.000000" />
  <attribute name="Current GC Util Change" value="0.000000"/>
  <attribute name="Current Error" value="480.000000" />
  <attribute name="Output H" value="13838800"/>
  <attribute name="Output I" value="2872"/>
  <attribute name="Output T" value="16"/>
  <attribute name= "Current Time Running" value="53513" />
  <attribute name="GC Util currently" value="0" />
  <attribute name="CPU Util currently" value="17" />
<allocation-satisfied id="762" threadId="0000000000E05E00" bytesRequested="24" />
<af-end id="763" timestamp="2019-08-08T09:21:02.363" threadId="0000000000E06788" success="true" from="nursery"/>
<exclusive-end id="764" timestamp="2019-08-08T09:21:02.363" durationms="4.509" />

<exclusive-start id="765" timestamp="2019-08-08T09:21:04.319" intervalms="1960.775">
  <response-info timems="0.331" idlems="0.169" threads="1" lastid="0000000000DFE600" lastname="node-16" />
</exclusive-start>
<af-start id="766" threadId="0000000000E19288" totalBytesRequested="16" timestamp="2019-08-08T09:21:04.319" intervalms="1960.772" type="nursery" />
<cycle-start id="767" type="scavenge" contextid="0" timestamp="2019-08-08T09:21:04.319" intervalms="1960.772" />
<gc-start id="768" type="scavenge" contextid="767" timestamp="2019-08-08T09:21:04.319">
  <mem-info id="769" free="382856" total="13762560" percent="2">
    <mem type="nursery" free="0" total="5373952" percent="0">
      <mem type="allocate" free="0" total="4784128" percent="0" />
      <mem type="survivor" free="0" total="589824" percent="0" />
    </mem>
    <mem type="tenure" free="382856" total="8388608" percent="4">
      <mem type="soa" free="299912" total="8305664" percent="3" />
      <mem type="loa" free="82944" total="82944" percent="100" />
    </mem>
    <remembered-set count="488" />
  </mem-info>
</gc-start>
<allocation-stats totalBytes="4553672" >
  <allocated-bytes non-tlh="24" tlh="4553648" />
  <largest-consumer threadName="node-10" threadId="0000000000E05E00" bytes="208872" />
</allocation-stats>
<gc-op id="770" type="scavenge" timems="2.289" contextid="767" timestamp="2019-08-08T09:21:04.322">
  <scavenger-info tenureage="2" tenuremask="400c" tiltratio="89" />
  <memory-copied type="nursery" objects="6701" bytes="176064" bytesdiscarded="49728" />
  <memory-copied type="tenure" objects="3027" bytes="72648" bytesdiscarded="0" />
</gc-op>
<gc-end id="771" type="scavenge" contextid="767" durationms="3.026" usertimems="1.581" systemtimems="3.151" timestamp="2019-08-08T09:21:04.322" activeThreads="16">
  <mem-info id="772" free="4860552" total="13762560" percent="35">
    <mem type="nursery" free="4558336" total="5373952" percent="84">
      <mem type="allocate" free="4558336" total="4784128" percent="95" />
      <mem type="survivor" free="0" total="589824" percent="0" />
    </mem>
    <mem type="tenure" free="302216" total="8388608" percent="3" macro-fragmented="81140">
      <mem type="soa" free="219272" total="8305664" percent="2" />
      <mem type="loa" free="82944" total="82944" percent="100" />
    </mem>
    <remembered-set count="370" />
  </mem-info>
</gc-end>
<cycle-end id="773" type="scavenge" contextid="767" timestamp="2019-08-08T09:21:04.323" />
  <attribute name="elasticGC enabled" value="1" />
  <attribute name= "numThreadsSpecified" value="16" />
  <attribute name="heapSize specified" value="13631488" />
  <attribute name="Current GC Util" value="0" />
  <attribute name= "Current Time Running" value="55473" />
  <attribute name ="GC Interval" value="2153" />
  <attribute name="Target GC Util Change" value ="80.000000" />
  <attribute name="Current GC Util Change" value="0.000000"/>
  <attribute name="Current Error" value="80.000000" />
  <attribute name="Output H" value="13838336"/>
  <attribute name="Output I" value="2152"/>
  <attribute name="Output T" value="16"/>
  <attribute name= "Current Time Running" value="55473" />
  <attribute name="GC Util currently" value="0" />
  <attribute name="CPU Util currently" value="16" />
<allocation-satisfied id="774" threadId="0000000000E18900" bytesRequested="16" />
<af-end id="775" timestamp="2019-08-08T09:21:04.323" threadId="0000000000E19288" success="true" from="nursery"/>
<exclusive-end id="776" timestamp="2019-08-08T09:21:04.323" durationms="3.328" />

<exclusive-start id="777" timestamp="2019-08-08T09:21:06.294" intervalms="1975.124">
  <response-info timems="0.028" idlems="0.028" threads="0" lastid="0000000000E27900" lastname="node-0" />
</exclusive-start>
<af-start id="778" threadId="0000000000E28288" totalBytesRequested="24" timestamp="2019-08-08T09:21:06.297" intervalms="1977.864" type="nursery" />
<cycle-start id="779" type="scavenge" contextid="0" timestamp="2019-08-08T09:21:06.297" intervalms="1977.913" />
<gc-start id="780" type="scavenge" contextid="779" timestamp="2019-08-08T09:21:06.297">
  <mem-info id="781" free="302216" total="13762560" percent="2">
    <mem type="nursery" free="0" total="5373952" percent="0">
      <mem type="allocate" free="0" total="4784128" percent="0" />
      <mem type="survivor" free="0" total="589824" percent="0" />
    </mem>
    <mem type="tenure" free="302216" total="8388608" percent="3">
      <mem type="soa" free="219272" total="8305664" percent="2" />
      <mem type="loa" free="82944" total="82944" percent="100" />
    </mem>
    <remembered-set count="481" />
  </mem-info>
</gc-start>
<allocation-stats totalBytes="4551000" >
  <allocated-bytes non-tlh="16" tlh="4550984" />
  <largest-consumer threadName="node-15" threadId="0000000000E0D600" bytes="208872" />
</allocation-stats>
<gc-op id="782" type="scavenge" timems="4.886" contextid="779" timestamp="2019-08-08T09:21:06.302">
  <scavenger-info tenureage="2" tenuremask="4004" tiltratio="89" />
  <memory-copied type="nursery" objects="5721" bytes="139016" bytesdiscarded="62200" />
  <memory-copied type="tenure" objects="3815" bytes="91560" bytesdiscarded="0" />
</gc-op>
<gc-end id="783" type="scavenge" contextid="779" durationms="5.223" usertimems="1.746" systemtimems="4.784" timestamp="2019-08-08T09:21:06.303" activeThreads="16">
  <mem-info id="784" free="4756104" total="13762560" percent="34">
    <mem type="nursery" free="4582912" total="5373952" percent="85">
      <mem type="allocate" free="4582912" total="4784128" percent="95" />
      <mem type="survivor" free="0" total="589824" percent="0" />
    </mem>
    <mem type="tenure" free="173192" total="8388608" percent="2" macro-fragmented="0">
      <mem type="soa" free="90248" total="8305664" percent="1" />
      <mem type="loa" free="82944" total="82944" percent="100" />
    </mem>
    <remembered-set count="380" />
  </mem-info>
</gc-end>
<cycle-end id="785" type="scavenge" contextid="779" timestamp="2019-08-08T09:21:06.303" />
  <attribute name="elasticGC enabled" value="1" />
  <attribute name= "numThreadsSpecified" value="16" />
  <attribute name="heapSize specified" value="13631488" />
  <attribute name="Current GC Util" value="0" />
  <attribute name= "Current Time Running" value="57451" />
  <attribute name ="GC Interval" value="2297" />
  <attribute name="Target GC Util Change" value ="80.000000" />
  <attribute name="Current GC Util Change" value="0.000000"/>
  <attribute name="Current Error" value="160.000000" />
  <attribute name="Output H" value="13838424"/>
  <attribute name="Output I" value="2296"/>
  <attribute name="Output T" value="16"/>
  <attribute name= "Current Time Running" value="57451" />
  <attribute name="GC Util currently" value="0" />
  <attribute name="CPU Util currently" value="16" />
<allocation-satisfied id="786" threadId="0000000000E27900" bytesRequested="24" />
<af-end id="787" timestamp="2019-08-08T09:21:06.303" threadId="0000000000E28288" success="true" from="nursery"/>
<exclusive-end id="788" timestamp="2019-08-08T09:21:06.303" durationms="8.262" />

<concurrent-kickoff id="789" timestamp="2019-08-08T09:21:08.576">
  <kickoff reason="threshold reached" targetBytes="5416931" thresholdFreeBytes="742457"  remainingFree="724456" tenureFreeBytes="173192" nurseryFreeBytes="724456" />
</concurrent-kickoff>
<exclusive-start id="790" timestamp="2019-08-08T09:21:08.577" intervalms="2282.248">
  <response-info timems="0.566" idlems="0.566" threads="0" lastid="0000000000DF3200" lastname="node-7" />
</exclusive-start>
<cycle-start id="791" type="global" contextid="0" timestamp="2019-08-08T09:21:08.577" intervalms="40551.712" />
<exclusive-end id="792" timestamp="2019-08-08T09:21:08.577" durationms="0.034" />

<exclusive-start id="793" timestamp="2019-08-08T09:21:08.783" intervalms="205.854">
  <response-info timems="1.581" idlems="1.581" threads="0" lastid="0000000000DE0700" lastname="node-5" />
</exclusive-start>
<concurrent-collection-start id="794" timestamp="2019-08-08T09:21:08.783" intervalms="41619.417" >
  <concurrent-trace-info reason="card cleaning threshold reached" tracedByMutators="3454364" tracedByHelpers="1845872" cardsCleaned="106" workStackOverflowCount="0" />
</concurrent-collection-start>
<gc-start id="795" type="global" contextid="791" timestamp="2019-08-08T09:21:08.783">
  <mem-info id="796" free="336520" total="13762560" percent="2">
    <mem type="nursery" free="163328" total="5373952" percent="3">
      <mem type="allocate" free="163328" total="4784128" percent="3" />
      <mem type="survivor" free="0" total="589824" percent="0" />
    </mem>
    <mem type="tenure" free="173192" total="8388608" percent="2">
      <mem type="soa" free="90248" total="8305664" percent="1" />
      <mem type="loa" free="82944" total="82944" percent="100" />
    </mem>
    <remembered-set count="481" />
  </mem-info>
</gc-start>
<allocation-stats totalBytes="4415568" >
  <allocated-bytes non-tlh="24" tlh="4415544" />
  <largest-consumer threadName="node-15" threadId="0000000000E0D600" bytes="208864" />
</allocation-stats>
<gc-op id="797" type="rs-scan" timems="2.010" contextid="791" timestamp="2019-08-08T09:21:08.785">
  <scan objectsFound="90" bytesTraced="8280" workStackOverflowCount="0" />
</gc-op>
<gc-op id="798" type="card-cleaning" timems="0.609" contextid="791" timestamp="2019-08-08T09:21:08.786">
  <card-cleaning cardsCleaned="78" bytesTraced="61008" workStackOverflowCount="0" />
</gc-op>
<gc-op id="799" type="mark" timems="3.284" contextid="791" timestamp="2019-08-08T09:21:08.789">
  <trace-info objectcount="279" scancount="238" scanbytes="6188" />
  <finalization candidates="13" enqueued="0" />
  <references type="soft" candidates="45" cleared="0" enqueued="0" dynamicThreshold="5" maxThreshold="32" />
  <references type="weak" candidates="130" cleared="0" enqueued="0" />
  <references type="phantom" candidates="36" cleared="0" enqueued="0" />
  <stringconstants candidates="3837" cleared="0"  />
</gc-op>
<gc-op id="800" type="sweep" timems="1.155" contextid="791" timestamp="2019-08-08T09:21:08.790" />
<mem-info id="801" free="6310848" total="13762560" percent="45">
  <mem type="nursery" free="4777768" total="5373952" percent="88">
    <mem type="allocate" free="4777768" total="4784128" percent="99" />
    <mem type="survivor" free="0" total="589824" percent="0" />
  </mem>
  <mem type="tenure" free="1533080" total="8388608" percent="18" micro-fragmented="0" macro-fragmented="1041779">
    <mem type="soa" free="1450136" total="8305664" percent="17" />
    <mem type="loa" free="82944" total="82944" percent="100" />
  </mem>
  <remembered-set count="357" />
</mem-info>
<gc-op id="802" type="compact" timems="19.200" contextid="791" timestamp="2019-08-08T09:21:08.809">
  <compact-info movecount="12366" movebytes="805168" reason="compact to aid heap contraction" />
</gc-op>
<heap-resize id="803" type="expand" space="tenure" amount="131072" count="1" timems="0.025" reason="satisfy allocation request" timestamp="2019-08-08T09:21:08.810" />
<gc-end id="804" type="global" contextid="791" durationms="27.541" usertimems="19.045" systemtimems="15.903" timestamp="2019-08-08T09:21:08.810" activeThreads="1">
  <mem-info id="805" free="6445864" total="13893632" percent="46">
    <mem type="nursery" free="4781712" total="5373952" percent="88">
      <mem type="allocate" free="4781712" total="4784128" percent="99" />
      <mem type="survivor" free="0" total="589824" percent="0" />
    </mem>
    <mem type="tenure" free="1664152" total="8519680" percent="19">
      <mem type="soa" free="1579160" total="8434688" percent="18" />
      <mem type="loa" free="84992" total="84992" percent="100" />
    </mem>
    <remembered-set count="357" />
  </mem-info>
</gc-end>
<cycle-end id="806" type="global" contextid="791" timestamp="2019-08-08T09:21:08.810" />
  <attribute name="elasticGC enabled" value="1" />
  <attribute name= "numThreadsSpecified" value="1" />
  <attribute name="heapSize specified" value="13762560" />
  <attribute name="Current GC Util" value="40" />
  <attribute name= "Current Time Running" value="59963" />
  <attribute name ="GC Interval" value="2297" />
  <attribute name="Target GC Util Change" value ="80.000000" />
  <attribute name="Current GC Util Change" value="40.000000"/>
  <attribute name="Current Error" value="-23.000000" />
  <attribute name="Output H" value="13838216"/>
  <attribute name="Output I" value="1968"/>
  <attribute name="Output T" value="1"/>
  <attribute name= "Current Time Running" value="59963" />
  <attribute name="GC Util currently" value="40" />
  <attribute name="CPU Util currently" value="59955397928" />
<concurrent-collection-end id="807" timestamp="2019-08-08T09:21:08.810" />
<exclusive-end id="808" timestamp="2019-08-08T09:21:08.810" durationms="27.831" />

<exclusive-start id="809" timestamp="2019-08-08T09:21:11.087" intervalms="2304.749">
  <response-info timems="0.253" idlems="0.253" threads="0" lastid="0000000000DD1700" lastname="node-9" />
</exclusive-start>
<af-start id="810" threadId="0000000000DD2088" totalBytesRequested="16" timestamp="2019-08-08T09:21:11.087" intervalms="4790.152" type="nursery" />
<cycle-start id="811" type="scavenge" contextid="0" timestamp="2019-08-08T09:21:11.087" intervalms="4790.165" />
<gc-start id="812" type="scavenge" contextid="811" timestamp="2019-08-08T09:21:11.088">
  <mem-info id="813" free="1664152" total="13893632" percent="11">
    <mem type="nursery" free="0" total="5373952" percent="0">
      <mem type="allocate" free="0" total="4784128" percent="0" />
      <mem type="survivor" free="0" total="589824" percent="0" />
    </mem>
    <mem type="tenure" free="1664152" total="8519680" percent="19">
      <mem type="soa" free="1579160" total="8434688" percent="18" />
      <mem type="loa" free="84992" total="84992" percent="100" />
    </mem>
    <remembered-set count="403" />
  </mem-info>
</gc-start>
<allocation-stats totalBytes="4777608" >
  <allocated-bytes non-tlh="0" tlh="4777608" />
  <largest-consumer threadName="node-20" threadId="0000000000E23D00" bytes="208880" />
</allocation-stats>
<gc-op id="814" type="scavenge" timems="2.043" contextid="811" timestamp="2019-08-08T09:21:11.090">
  <scavenger-info tenureage="2" tenuremask="4004" tiltratio="89" />
  <memory-copied type="nursery" objects="3141" bytes="77432" bytesdiscarded="67720" />
</gc-op>
<gc-end id="815" type="scavenge" contextid="811" durationms="2.697" usertimems="3.858" systemtimems="1.181" timestamp="2019-08-08T09:21:11.090" activeThreads="16">
  <mem-info id="816" free="6303128" total="13893632" percent="45">
    <mem type="nursery" free="4638976" total="5373952" percent="86">
      <mem type="allocate" free="4638976" total="4784128" percent="96" />
      <mem type="survivor" free="0" total="589824" percent="0" />
    </mem>
    <mem type="tenure" free="1664152" total="8519680" percent="19" macro-fragmented="502401">
      <mem type="soa" free="1579160" total="8434688" percent="18" />
      <mem type="loa" free="84992" total="84992" percent="100" />
    </mem>
    <remembered-set count="329" />
  </mem-info>
</gc-end>
<cycle-end id="817" type="scavenge" contextid="811" timestamp="2019-08-08T09:21:11.090" />
  <attribute name="elasticGC enabled" value="1" />
  <attribute name= "numThreadsSpecified" value="16" />
  <attribute name="heapSize specified" value="13762560" />
  <attribute name="Current GC Util" value="0" />
  <attribute name= "Current Time Running" value="62241" />
  <attribute name ="GC Interval" value="2113" />
  <attribute name="Target GC Util Change" value ="80.000000" />
  <attribute name="Current GC Util Change" value="0.000000"/>
  <attribute name="Current Error" value="57.000000" />
  <attribute name="Output H" value="13969384"/>
  <attribute name="Output I" value="2112"/>
  <attribute name="Output T" value="16"/>
  <attribute name= "Current Time Running" value="62241" />
  <attribute name="GC Util currently" value="0" />
  <attribute name="CPU Util currently" value="15" />
<allocation-satisfied id="818" threadId="0000000000DD1700" bytesRequested="16" />
<af-end id="819" timestamp="2019-08-08T09:21:11.090" threadId="0000000000DD2088" success="true" from="nursery"/>
<exclusive-end id="820" timestamp="2019-08-08T09:21:11.090" durationms="3.008" />

<exclusive-start id="821" timestamp="2019-08-08T09:21:12.710" intervalms="1622.392">
  <response-info timems="0.022" idlems="0.022" threads="0" lastid="0000000000DDCB00" lastname="node-3" />
</exclusive-start>
<af-start id="822" threadId="0000000000DDD488" totalBytesRequested="32" timestamp="2019-08-08T09:21:12.710" intervalms="1622.361" type="nursery" />
<cycle-start id="823" type="scavenge" contextid="0" timestamp="2019-08-08T09:21:12.710" intervalms="1622.304" />
<gc-start id="824" type="scavenge" contextid="823" timestamp="2019-08-08T09:21:12.710">
  <mem-info id="825" free="1664152" total="13893632" percent="11">
    <mem type="nursery" free="0" total="5373952" percent="0">
      <mem type="allocate" free="0" total="4784128" percent="0" />
      <mem type="survivor" free="0" total="589824" percent="0" />
    </mem>
    <mem type="tenure" free="1664152" total="8519680" percent="19">
      <mem type="soa" free="1579160" total="8434688" percent="18" />
      <mem type="loa" free="84992" total="84992" percent="100" />
    </mem>
    <remembered-set count="439" />
  </mem-info>
</gc-start>
<allocation-stats totalBytes="4633576" >
  <allocated-bytes non-tlh="16" tlh="4633560" />
  <largest-consumer threadName="node-9" threadId="0000000000DD1700" bytes="208904" />
</allocation-stats>
<gc-op id="826" type="scavenge" timems="3.623" contextid="823" timestamp="2019-08-08T09:21:12.714">
  <scavenger-info tenureage="14" tenuremask="4000" tiltratio="89" />
  <memory-copied type="nursery" objects="5482" bytes="133280" bytesdiscarded="44128" />
</gc-op>
<gc-end id="827" type="scavenge" contextid="823" durationms="4.313" usertimems="2.029" systemtimems="4.085" timestamp="2019-08-08T09:21:12.714" activeThreads="16">
  <mem-info id="828" free="6270872" total="13893632" percent="45">
    <mem type="nursery" free="4606720" total="5373952" percent="85">
      <mem type="allocate" free="4606720" total="4784128" percent="96" />
      <mem type="survivor" free="0" total="589824" percent="0" />
    </mem>
    <mem type="tenure" free="1664152" total="8519680" percent="19" macro-fragmented="868149">
      <mem type="soa" free="1579160" total="8434688" percent="18" />
      <mem type="loa" free="84992" total="84992" percent="100" />
    </mem>
    <remembered-set count="381" />
  </mem-info>
</gc-end>
<cycle-end id="829" type="scavenge" contextid="823" timestamp="2019-08-08T09:21:12.714" />
  <attribute name="elasticGC enabled" value="1" />
  <attribute name= "numThreadsSpecified" value="16" />
  <attribute name="heapSize specified" value="13762560" />
  <attribute name="Current GC Util" value="0" />
  <attribute name= "Current Time Running" value="63864" />
  <attribute name ="GC Interval" value="2257" />
  <attribute name="Target GC Util Change" value ="80.000000" />
  <attribute name="Current GC Util Change" value="0.000000"/>
  <attribute name="Current Error" value="137.000000" />
  <attribute name="Output H" value="13969472"/>
  <attribute name="Output I" value="2256"/>
  <attribute name="Output T" value="16"/>
  <attribute name= "Current Time Running" value="63864" />
  <attribute name="GC Util currently" value="0" />
  <attribute name="CPU Util currently" value="14" />
<allocation-satisfied id="830" threadId="0000000000DDCB00" bytesRequested="32" />
<af-end id="831" timestamp="2019-08-08T09:21:12.714" threadId="0000000000DDD488" success="true" from="nursery"/>
<exclusive-end id="832" timestamp="2019-08-08T09:21:12.714" durationms="4.547" />

<exclusive-start id="833" timestamp="2019-08-08T09:21:15.004" intervalms="2293.979">
  <response-info timems="0.472" idlems="0.239" threads="1" lastid="0000000000E05E00" lastname="node-10" />
</exclusive-start>
<af-start id="834" threadId="0000000000E11B88" totalBytesRequested="16" timestamp="2019-08-08T09:21:15.004" intervalms="2293.997" type="nursery" />
<cycle-start id="835" type="scavenge" contextid="0" timestamp="2019-08-08T09:21:15.004" intervalms="2294.436" />
<gc-start id="836" type="scavenge" contextid="835" timestamp="2019-08-08T09:21:15.004">
  <mem-info id="837" free="1664152" total="13893632" percent="11">
    <mem type="nursery" free="0" total="5373952" percent="0">
      <mem type="allocate" free="0" total="4784128" percent="0" />
      <mem type="survivor" free="0" total="589824" percent="0" />
    </mem>
    <mem type="tenure" free="1664152" total="8519680" percent="19">
      <mem type="soa" free="1579160" total="8434688" percent="18" />
      <mem type="loa" free="84992" total="84992" percent="100" />
    </mem>
    <remembered-set count="477" />
  </mem-info>
</gc-start>
<allocation-stats totalBytes="4602112" >
  <allocated-bytes non-tlh="32" tlh="4602080" />
  <largest-consumer threadName="node-13" threadId="0000000000DEBB00" bytes="208880" />
</allocation-stats>
<gc-op id="838" type="scavenge" timems="3.160" contextid="835" timestamp="2019-08-08T09:21:15.008">
  <scavenger-info tenureage="14" tenuremask="4000" tiltratio="89" />
  <memory-copied type="nursery" objects="8343" bytes="206808" bytesdiscarded="83496" />
</gc-op>
<gc-end id="839" type="scavenge" contextid="835" durationms="3.853" usertimems="1.256" systemtimems="5.126" timestamp="2019-08-08T09:21:15.008" activeThreads="16">
  <mem-info id="840" free="6157976" total="13893632" percent="44">
    <mem type="nursery" free="4493824" total="5373952" percent="83">
      <mem type="allocate" free="4493824" total="4784128" percent="93" />
      <mem type="survivor" free="0" total="589824" percent="0" />
    </mem>
    <mem type="tenure" free="1664152" total="8519680" percent="19" macro-fragmented="723458">
      <mem type="soa" free="1579160" total="8434688" percent="18" />
      <mem type="loa" free="84992" total="84992" percent="100" />
    </mem>
    <remembered-set count="404" />
  </mem-info>
</gc-end>
<cycle-end id="841" type="scavenge" contextid="835" timestamp="2019-08-08T09:21:15.008" />
  <attribute name="elasticGC enabled" value="1" />
  <attribute name= "numThreadsSpecified" value="16" />
  <attribute name="heapSize specified" value="13762560" />
  <attribute name="Current GC Util" value="0" />
  <attribute name= "Current Time Running" value="66158" />
  <attribute name ="GC Interval" value="2401" />
  <attribute name="Target GC Util Change" value ="80.000000" />
  <attribute name="Current GC Util Change" value="0.000000"/>
  <attribute name="Current Error" value="217.000000" />
  <attribute name="Output H" value="13969568"/>
  <attribute name="Output I" value="2400"/>
  <attribute name="Output T" value="16"/>
  <attribute name= "Current Time Running" value="66158" />
  <attribute name="GC Util currently" value="0" />
  <attribute name="CPU Util currently" value="15" />
<allocation-satisfied id="842" threadId="0000000000E11200" bytesRequested="16" />
<af-end id="843" timestamp="2019-08-08T09:21:15.008" threadId="0000000000E11B88" success="true" from="nursery"/>
<exclusive-end id="844" timestamp="2019-08-08T09:21:15.008" durationms="4.667" />

<exclusive-start id="845" timestamp="2019-08-08T09:21:17.699" intervalms="2694.924">
  <response-info timems="0.026" idlems="0.026" threads="0" lastid="0000000000DE0700" lastname="node-5" />
</exclusive-start>
<af-start id="846" threadId="0000000000DE1088" totalBytesRequested="32" timestamp="2019-08-08T09:21:17.699" intervalms="2694.903" type="nursery" />
<cycle-start id="847" type="scavenge" contextid="0" timestamp="2019-08-08T09:21:17.699" intervalms="2694.467" />
<gc-start id="848" type="scavenge" contextid="847" timestamp="2019-08-08T09:21:17.699">
  <mem-info id="849" free="1664152" total="13893632" percent="11">
    <mem type="nursery" free="0" total="5373952" percent="0">
      <mem type="allocate" free="0" total="4784128" percent="0" />
      <mem type="survivor" free="0" total="589824" percent="0" />
    </mem>
    <mem type="tenure" free="1664152" total="8519680" percent="19">
      <mem type="soa" free="1579160" total="8434688" percent="18" />
      <mem type="loa" free="84992" total="84992" percent="100" />
    </mem>
    <remembered-set count="520" />
  </mem-info>
</gc-start>
<allocation-stats totalBytes="4489832" >
  <allocated-bytes non-tlh="16" tlh="4489816" />
  <largest-consumer threadName="node-14" threadId="0000000000DE4300" bytes="208872" />
</allocation-stats>
<gc-op id="850" type="scavenge" timems="2.110" contextid="847" timestamp="2019-08-08T09:21:17.701">
  <scavenger-info tenureage="3" tenuremask="4008" tiltratio="89" />
  <memory-copied type="nursery" objects="8672" bytes="209840" bytesdiscarded="32080" />
  <memory-copied type="tenure" objects="2998" bytes="71952" bytesdiscarded="0" />
</gc-op>
<gc-end id="851" type="scavenge" contextid="847" durationms="2.536" usertimems="2.534" systemtimems="3.883" timestamp="2019-08-08T09:21:17.701" activeThreads="16">
  <mem-info id="852" free="6125720" total="13893632" percent="44">
    <mem type="nursery" free="4542208" total="5373952" percent="84">
      <mem type="allocate" free="4542208" total="4784128" percent="94" />
      <mem type="survivor" free="0" total="589824" percent="0" />
    </mem>
    <mem type="tenure" free="1583512" total="8519680" percent="18" macro-fragmented="1250136">
      <mem type="soa" free="1498520" total="8434688" percent="17" />
      <mem type="loa" free="84992" total="84992" percent="100" />
    </mem>
    <remembered-set count="421" />
  </mem-info>
</gc-end>
<cycle-end id="853" type="scavenge" contextid="847" timestamp="2019-08-08T09:21:17.701" />
  <attribute name="elasticGC enabled" value="1" />
  <attribute name= "numThreadsSpecified" value="16" />
  <attribute name="heapSize specified" value="13762560" />
  <attribute name="Current GC Util" value="0" />
  <attribute name= "Current Time Running" value="68852" />
  <attribute name ="GC Interval" value="2153" />
  <attribute name="Target GC Util Change" value ="80.000000" />
  <attribute name="Current GC Util Change" value="0.000000"/>
  <attribute name="Current Error" value="80.000000" />
  <attribute name="Output H" value="13969408"/>
  <attribute name="Output I" value="2152"/>
  <attribute name="Output T" value="16"/>
  <attribute name= "Current Time Running" value="68852" />
  <attribute name="GC Util currently" value="0" />
  <attribute name="CPU Util currently" value="16" />
<allocation-satisfied id="854" threadId="0000000000DE0700" bytesRequested="32" />
<af-end id="855" timestamp="2019-08-08T09:21:17.701" threadId="0000000000DE1088" success="true" from="nursery"/>
<exclusive-end id="856" timestamp="2019-08-08T09:21:17.701" durationms="2.770" />

<exclusive-start id="857" timestamp="2019-08-08T09:21:19.616" intervalms="1917.106">
  <response-info timems="0.441" idlems="0.214" threads="2" lastid="0000000000DF3200" lastname="node-7" />
</exclusive-start>
<af-start id="858" threadId="0000000000E24688" totalBytesRequested="32" timestamp="2019-08-08T09:21:19.616" intervalms="1917.284" type="nursery" />
<cycle-start id="859" type="scavenge" contextid="0" timestamp="2019-08-08T09:21:19.616" intervalms="1917.279" />
<gc-start id="860" type="scavenge" contextid="859" timestamp="2019-08-08T09:21:19.616">
  <mem-info id="861" free="1583512" total="13893632" percent="11">
    <mem type="nursery" free="0" total="5373952" percent="0">
      <mem type="allocate" free="0" total="4784128" percent="0" />
      <mem type="survivor" free="0" total="589824" percent="0" />
    </mem>
    <mem type="tenure" free="1583512" total="8519680" percent="18">
      <mem type="soa" free="1498520" total="8434688" percent="17" />
      <mem type="loa" free="84992" total="84992" percent="100" />
    </mem>
    <remembered-set count="516" />
  </mem-info>
</gc-start>
<allocation-stats totalBytes="4539256" >
  <allocated-bytes non-tlh="32" tlh="4539224" />
  <largest-consumer threadName="node-14" threadId="0000000000DE4300" bytes="208864" />
</allocation-stats>
<gc-op id="862" type="scavenge" timems="3.301" contextid="859" timestamp="2019-08-08T09:21:19.619">
  <scavenger-info tenureage="14" tenuremask="4000" tiltratio="89" />
  <memory-copied type="nursery" objects="11187" bytes="267736" bytesdiscarded="54824" />
</gc-op>
<gc-end id="863" type="scavenge" contextid="859" durationms="3.680" usertimems="3.247" systemtimems="2.631" timestamp="2019-08-08T09:21:19.620" activeThreads="16">
  <mem-info id="864" free="6045080" total="13893632" percent="43">
    <mem type="nursery" free="4461568" total="5373952" percent="83">
      <mem type="allocate" free="4461568" total="4784128" percent="93" />
      <mem type="survivor" free="0" total="589824" percent="0" />
    </mem>
    <mem type="tenure" free="1583512" total="8519680" percent="18" macro-fragmented="723458">
      <mem type="soa" free="1498520" total="8434688" percent="17" />
      <mem type="loa" free="84992" total="84992" percent="100" />
    </mem>
    <remembered-set count="422" />
  </mem-info>
</gc-end>
<cycle-end id="865" type="scavenge" contextid="859" timestamp="2019-08-08T09:21:19.620" />
  <attribute name="elasticGC enabled" value="1" />
  <attribute name= "numThreadsSpecified" value="16" />
  <attribute name="heapSize specified" value="13762560" />
  <attribute name="Current GC Util" value="0" />
  <attribute name= "Current Time Running" value="70770" />
  <attribute name ="GC Interval" value="2297" />
  <attribute name="Target GC Util Change" value ="80.000000" />
  <attribute name="Current GC Util Change" value="0.000000"/>
  <attribute name="Current Error" value="160.000000" />
  <attribute name="Output H" value="13969496"/>
  <attribute name="Output I" value="2296"/>
  <attribute name="Output T" value="16"/>
  <attribute name= "Current Time Running" value="70770" />
  <attribute name="GC Util currently" value="0" />
  <attribute name="CPU Util currently" value="14" />
<allocation-satisfied id="866" threadId="0000000000E23D00" bytesRequested="32" />
<af-end id="867" timestamp="2019-08-08T09:21:19.620" threadId="0000000000E24688" success="true" from="nursery"/>
<exclusive-end id="868" timestamp="2019-08-08T09:21:19.620" durationms="4.087" />

<exclusive-start id="869" timestamp="2019-08-08T09:21:21.846" intervalms="2230.698">
  <response-info timems="0.822" idlems="0.822" threads="0" lastid="0000000000DE4300" lastname="node-14" />
</exclusive-start>
<af-start id="870" threadId="0000000000DE4C88" totalBytesRequested="32" timestamp="2019-08-08T09:21:21.848" intervalms="2232.195" type="nursery" />
<cycle-start id="871" type="scavenge" contextid="0" timestamp="2019-08-08T09:21:21.848" intervalms="2232.201" />
<gc-start id="872" type="scavenge" contextid="871" timestamp="2019-08-08T09:21:21.848">
  <mem-info id="873" free="1583512" total="13893632" percent="11">
    <mem type="nursery" free="0" total="5373952" percent="0">
      <mem type="allocate" free="0" total="4784128" percent="0" />
      <mem type="survivor" free="0" total="589824" percent="0" />
    </mem>
    <mem type="tenure" free="1583512" total="8519680" percent="18">
      <mem type="soa" free="1498520" total="8434688" percent="17" />
      <mem type="loa" free="84992" total="84992" percent="100" />
    </mem>
    <remembered-set count="555" />
  </mem-info>
</gc-start>
<allocation-stats totalBytes="4455712" >
  <allocated-bytes non-tlh="32" tlh="4455680" />
  <largest-consumer threadName="node-8" threadId="0000000000DFAA00" bytes="208872" />
</allocation-stats>
<gc-op id="874" type="scavenge" timems="3.940" contextid="871" timestamp="2019-08-08T09:21:21.852">
  <scavenger-info tenureage="3" tenuremask="4018" tiltratio="89" />
  <memory-copied type="nursery" objects="8871" bytes="214616" bytesdiscarded="27304" />
  <memory-copied type="tenure" objects="5189" bytes="124536" bytesdiscarded="0" />
</gc-op>
<gc-end id="875" type="scavenge" contextid="871" durationms="4.474" usertimems="7.318" systemtimems="1.411" timestamp="2019-08-08T09:21:21.853" activeThreads="16">
  <mem-info id="876" free="5989784" total="13893632" percent="43">
    <mem type="nursery" free="4542208" total="5373952" percent="84">
      <mem type="allocate" free="4542208" total="4784128" percent="94" />
      <mem type="survivor" free="0" total="589824" percent="0" />
    </mem>
    <mem type="tenure" free="1447576" total="8519680" percent="16" macro-fragmented="868149">
      <mem type="soa" free="1362584" total="8434688" percent="16" />
      <mem type="loa" free="84992" total="84992" percent="100" />
    </mem>
    <remembered-set count="423" />
  </mem-info>
</gc-end>
<cycle-end id="877" type="scavenge" contextid="871" timestamp="2019-08-08T09:21:21.853" />
  <attribute name="elasticGC enabled" value="1" />
  <attribute name= "numThreadsSpecified" value="16" />
  <attribute name="heapSize specified" value="13762560" />
  <attribute name="Current GC Util" value="0" />
  <attribute name= "Current Time Running" value="73002" />
  <attribute name ="GC Interval" value="2441" />
  <attribute name="Target GC Util Change" value ="80.000000" />
  <attribute name="Current GC Util Change" value="0.000000"/>
  <attribute name="Current Error" value="240.000000" />
  <attribute name="Output H" value="13969592"/>
  <attribute name="Output I" value="2440"/>
  <attribute name="Output T" value="16"/>
  <attribute name= "Current Time Running" value="73002" />
  <attribute name="GC Util currently" value="0" />
  <attribute name="CPU Util currently" value="16" />
<allocation-satisfied id="878" threadId="0000000000DE4300" bytesRequested="32" />
<af-end id="879" timestamp="2019-08-08T09:21:21.853" threadId="0000000000DE4C88" success="true" from="nursery"/>
<exclusive-end id="880" timestamp="2019-08-08T09:21:21.853" durationms="6.971" />

<exclusive-start id="881" timestamp="2019-08-08T09:21:24.305" intervalms="2458.184">
  <response-info timems="0.194" idlems="0.194" threads="0" lastid="0000000000E2F100" lastname="node-24" />
</exclusive-start>
<af-start id="882" threadId="0000000000E2FA88" totalBytesRequested="16" timestamp="2019-08-08T09:21:24.305" intervalms="2456.532" type="nursery" />
<cycle-start id="883" type="scavenge" contextid="0" timestamp="2019-08-08T09:21:24.305" intervalms="2456.687" />
<gc-start id="884" type="scavenge" contextid="883" timestamp="2019-08-08T09:21:24.305">
  <mem-info id="885" free="1447576" total="13893632" percent="10">
    <mem type="nursery" free="0" total="5373952" percent="0">
      <mem type="allocate" free="0" total="4784128" percent="0" />
      <mem type="survivor" free="0" total="589824" percent="0" />
    </mem>
    <mem type="tenure" free="1447576" total="8519680" percent="16">
      <mem type="soa" free="1362584" total="8434688" percent="16" />
      <mem type="loa" free="84992" total="84992" percent="100" />
    </mem>
    <remembered-set count="522" />
  </mem-info>
</gc-start>
<allocation-stats totalBytes="4538768" >
  <allocated-bytes non-tlh="32" tlh="4538736" />
  <largest-consumer threadName="node-14" threadId="0000000000DE4300" bytes="208904" />
</allocation-stats>
<gc-op id="886" type="scavenge" timems="4.427" contextid="883" timestamp="2019-08-08T09:21:24.309">
  <scavenger-info tenureage="3" tenuremask="4008" tiltratio="89" />
  <memory-copied type="nursery" objects="8830" bytes="225120" bytesdiscarded="2976" />
  <memory-copied type="tenure" objects="3341" bytes="80184" bytesdiscarded="0" />
</gc-op>
<gc-end id="887" type="scavenge" contextid="883" durationms="5.465" usertimems="3.598" systemtimems="3.187" timestamp="2019-08-08T09:21:24.310" activeThreads="16">
  <mem-info id="888" free="5899928" total="13893632" percent="42">
    <mem type="nursery" free="4556032" total="5373952" percent="84">
      <mem type="allocate" free="4556032" total="4784128" percent="95" />
      <mem type="survivor" free="0" total="589824" percent="0" />
    </mem>
    <mem type="tenure" free="1343896" total="8519680" percent="15" macro-fragmented="1041779">
      <mem type="soa" free="1258904" total="8434688" percent="14" />
      <mem type="loa" free="84992" total="84992" percent="100" />
    </mem>
    <remembered-set count="407" />
  </mem-info>
</gc-end>
<cycle-end id="889" type="scavenge" contextid="883" timestamp="2019-08-08T09:21:24.310" />
  <attribute name="elasticGC enabled" value="1" />
  <attribute name= "numThreadsSpecified" value="16" />
  <attribute name="heapSize specified" value="13762560" />
  <attribute name="Current GC Util" value="0" />
  <attribute name= "Current Time Running" value="75459" />
  <attribute name ="GC Interval" value="2585" />
  <attribute name="Target GC Util Change" value ="80.000000" />
  <attribute name="Current GC Util Change" value="0.000000"/>
  <attribute name="Current Error" value="320.000000" />
  <attribute name="Output H" value="13969688"/>
  <attribute name="Output I" value="2584"/>
  <attribute name="Output T" value="16"/>
  <attribute name= "Current Time Running" value="75459" />
  <attribute name="GC Util currently" value="0" />
  <attribute name="CPU Util currently" value="15" />
<allocation-satisfied id="890" threadId="0000000000E2F100" bytesRequested="16" />
<af-end id="891" timestamp="2019-08-08T09:21:24.311" threadId="0000000000E2FA88" success="true" from="nursery"/>
<exclusive-end id="892" timestamp="2019-08-08T09:21:24.311" durationms="6.047" />

<exclusive-start id="893" timestamp="2019-08-08T09:21:26.673" intervalms="2368.708">
  <response-info timems="0.193" idlems="0.193" threads="0" lastid="0000000000DE0700" lastname="node-5" />
</exclusive-start>
<af-start id="894" threadId="0000000000DE1088" totalBytesRequested="16" timestamp="2019-08-08T09:21:26.673" intervalms="2368.674" type="nursery" />
<cycle-start id="895" type="scavenge" contextid="0" timestamp="2019-08-08T09:21:26.673" intervalms="2368.511" />
<gc-start id="896" type="scavenge" contextid="895" timestamp="2019-08-08T09:21:26.673">
  <mem-info id="897" free="1343896" total="13893632" percent="9">
    <mem type="nursery" free="0" total="5373952" percent="0">
      <mem type="allocate" free="0" total="4784128" percent="0" />
      <mem type="survivor" free="0" total="589824" percent="0" />
    </mem>
    <mem type="tenure" free="1343896" total="8519680" percent="15">
      <mem type="soa" free="1258904" total="8434688" percent="14" />
      <mem type="loa" free="84992" total="84992" percent="100" />
    </mem>
    <remembered-set count="519" />
  </mem-info>
</gc-start>
<allocation-stats totalBytes="4548744" >
  <allocated-bytes non-tlh="16" tlh="4548728" />
  <largest-consumer threadName="node-9" threadId="0000000000DD1700" bytes="208872" />
</allocation-stats>
<gc-op id="898" type="scavenge" timems="2.438" contextid="895" timestamp="2019-08-08T09:21:26.676">
  <scavenger-info tenureage="14" tenuremask="4000" tiltratio="89" />
  <memory-copied type="nursery" objects="11967" bytes="301320" bytesdiscarded="85752" />
</gc-op>
<gc-end id="899" type="scavenge" contextid="895" durationms="2.780" usertimems="6.095" systemtimems="0.233" timestamp="2019-08-08T09:21:26.676" activeThreads="16">
  <mem-info id="900" free="5740952" total="13893632" percent="41">
    <mem type="nursery" free="4397056" total="5373952" percent="81">
      <mem type="allocate" free="4397056" total="4784128" percent="91" />
      <mem type="survivor" free="0" total="589824" percent="0" />
    </mem>
    <mem type="tenure" free="1343896" total="8519680" percent="15" macro-fragmented="0">
      <mem type="soa" free="1258904" total="8434688" percent="14" />
      <mem type="loa" free="84992" total="84992" percent="100" />
    </mem>
    <remembered-set count="448" />
  </mem-info>
</gc-end>
<cycle-end id="901" type="scavenge" contextid="895" timestamp="2019-08-08T09:21:26.676" />
  <attribute name="elasticGC enabled" value="1" />
  <attribute name= "numThreadsSpecified" value="16" />
  <attribute name="heapSize specified" value="13762560" />
  <attribute name="Current GC Util" value="0" />
  <attribute name= "Current Time Running" value="77827" />
  <attribute name ="GC Interval" value="2729" />
  <attribute name="Target GC Util Change" value ="80.000000" />
  <attribute name="Current GC Util Change" value="0.000000"/>
  <attribute name="Current Error" value="400.000000" />
  <attribute name="Output H" value="13969776"/>
  <attribute name="Output I" value="2728"/>
  <attribute name="Output T" value="16"/>
  <attribute name= "Current Time Running" value="77827" />
  <attribute name="GC Util currently" value="0" />
  <attribute name="CPU Util currently" value="15" />
<allocation-satisfied id="902" threadId="0000000000DE0700" bytesRequested="16" />
<af-end id="903" timestamp="2019-08-08T09:21:26.676" threadId="0000000000DE1088" success="true" from="nursery"/>
<exclusive-end id="904" timestamp="2019-08-08T09:21:26.676" durationms="3.024" />

<exclusive-start id="905" timestamp="2019-08-08T09:21:28.640" intervalms="1966.552">
  <response-info timems="0.447" idlems="0.447" threads="0" lastid="0000000000E18900" lastname="node-19" />
</exclusive-start>
<af-start id="906" threadId="0000000000E19288" totalBytesRequested="16" timestamp="2019-08-08T09:21:28.640" intervalms="1966.544" type="nursery" />
<cycle-start id="907" type="scavenge" contextid="0" timestamp="2019-08-08T09:21:28.640" intervalms="1966.544" />
<gc-start id="908" type="scavenge" contextid="907" timestamp="2019-08-08T09:21:28.640">
  <mem-info id="909" free="1343896" total="13893632" percent="9">
    <mem type="nursery" free="0" total="5373952" percent="0">
      <mem type="allocate" free="0" total="4784128" percent="0" />
      <mem type="survivor" free="0" total="589824" percent="0" />
    </mem>
    <mem type="tenure" free="1343896" total="8519680" percent="15">
      <mem type="soa" free="1258904" total="8434688" percent="14" />
      <mem type="loa" free="84992" total="84992" percent="100" />
    </mem>
    <remembered-set count="555" />
  </mem-info>
</gc-start>
<allocation-stats totalBytes="4395264" >
  <allocated-bytes non-tlh="16" tlh="4395248" />
  <largest-consumer threadName="node-10" threadId="0000000000E05E00" bytes="208888" />
</allocation-stats>
<gc-op id="910" type="scavenge" timems="2.058" contextid="907" timestamp="2019-08-08T09:21:28.642">
  <scavenger-info tenureage="3" tenuremask="4018" tiltratio="89" />
  <memory-copied type="nursery" objects="9500" bytes="238104" bytesdiscarded="84456" />
  <memory-copied type="tenure" objects="5388" bytes="129312" bytesdiscarded="0" />
</gc-op>
<gc-end id="911" type="scavenge" contextid="907" durationms="2.338" usertimems="1.138" systemtimems="3.558" timestamp="2019-08-08T09:21:28.642" activeThreads="16">
  <mem-info id="912" free="5660312" total="13893632" percent="40">
    <mem type="nursery" free="4461568" total="5373952" percent="83">
      <mem type="allocate" free="4461568" total="4784128" percent="93" />
      <mem type="survivor" free="0" total="589824" percent="0" />
    </mem>
    <mem type="tenure" free="1198744" total="8519680" percent="14" macro-fragmented="1041779">
      <mem type="soa" free="1113752" total="8434688" percent="13" />
      <mem type="loa" free="84992" total="84992" percent="100" />
    </mem>
    <remembered-set count="405" />
  </mem-info>
</gc-end>
<cycle-end id="913" type="scavenge" contextid="907" timestamp="2019-08-08T09:21:28.642" />
  <attribute name="elasticGC enabled" value="1" />
  <attribute name= "numThreadsSpecified" value="16" />
  <attribute name="heapSize specified" value="13762560" />
  <attribute name="Current GC Util" value="0" />
  <attribute name= "Current Time Running" value="79794" />
  <attribute name ="GC Interval" value="2873" />
  <attribute name="Target GC Util Change" value ="80.000000" />
  <attribute name="Current GC Util Change" value="0.000000"/>
  <attribute name="Current Error" value="480.000000" />
  <attribute name="Output H" value="13969872"/>
  <attribute name="Output I" value="2872"/>
  <attribute name="Output T" value="16"/>
  <attribute name= "Current Time Running" value="79794" />
  <attribute name="GC Util currently" value="0" />
  <attribute name="CPU Util currently" value="16" />
<allocation-satisfied id="914" threadId="0000000000E18900" bytesRequested="16" />
<af-end id="915" timestamp="2019-08-08T09:21:28.642" threadId="0000000000E19288" success="true" from="nursery"/>
<exclusive-end id="916" timestamp="2019-08-08T09:21:28.642" durationms="2.655" />

<exclusive-start id="917" timestamp="2019-08-08T09:21:31.042" intervalms="2402.345">
  <response-info timems="0.493" idlems="0.493" threads="0" lastid="0000000000E0D600" lastname="node-15" />
</exclusive-start>
<af-start id="918" threadId="0000000000E0DF88" totalBytesRequested="32" timestamp="2019-08-08T09:21:31.042" intervalms="2402.363" type="nursery" />
<cycle-start id="919" type="scavenge" contextid="0" timestamp="2019-08-08T09:21:31.042" intervalms="2402.359" />
<gc-start id="920" type="scavenge" contextid="919" timestamp="2019-08-08T09:21:31.042">
  <mem-info id="921" free="1198744" total="13893632" percent="8">
    <mem type="nursery" free="0" total="5373952" percent="0">
      <mem type="allocate" free="0" total="4784128" percent="0" />
      <mem type="survivor" free="0" total="589824" percent="0" />
    </mem>
    <mem type="tenure" free="1198744" total="8519680" percent="14">
      <mem type="soa" free="1113752" total="8434688" percent="13" />
      <mem type="loa" free="84992" total="84992" percent="100" />
    </mem>
    <remembered-set count="522" />
  </mem-info>
</gc-start>
<allocation-stats totalBytes="4456320" >
  <allocated-bytes non-tlh="16" tlh="4456304" />
  <largest-consumer threadName="node-25" threadId="0000000000E02200" bytes="208864" />
</allocation-stats>
<gc-op id="922" type="scavenge" timems="3.165" contextid="919" timestamp="2019-08-08T09:21:31.045">
  <scavenger-info tenureage="3" tenuremask="4008" tiltratio="89" />
  <memory-copied type="nursery" objects="9844" bytes="237968" bytesdiscarded="52336" />
  <memory-copied type="tenure" objects="3269" bytes="78456" bytesdiscarded="0" />
</gc-op>
<gc-end id="923" type="scavenge" contextid="919" durationms="4.272" usertimems="2.840" systemtimems="3.089" timestamp="2019-08-08T09:21:31.047" activeThreads="16">
  <mem-info id="924" free="5611928" total="13893632" percent="40">
    <mem type="nursery" free="4493824" total="5373952" percent="83">
      <mem type="allocate" free="4493824" total="4784128" percent="93" />
      <mem type="survivor" free="0" total="589824" percent="0" />
    </mem>
    <mem type="tenure" free="1118104" total="8519680" percent="13" macro-fragmented="868149">
      <mem type="soa" free="1033112" total="8434688" percent="12" />
      <mem type="loa" free="84992" total="84992" percent="100" />
    </mem>
    <remembered-set count="420" />
  </mem-info>
</gc-end>
<cycle-end id="925" type="scavenge" contextid="919" timestamp="2019-08-08T09:21:31.047" />
  <attribute name="elasticGC enabled" value="1" />
  <attribute name= "numThreadsSpecified" value="16" />
  <attribute name="heapSize specified" value="13762560" />
  <attribute name="Current GC Util" value="0" />
  <attribute name= "Current Time Running" value="82196" />
  <attribute name ="GC Interval" value="2153" />
  <attribute name="Target GC Util Change" value ="80.000000" />
  <attribute name="Current GC Util Change" value="0.000000"/>
  <attribute name="Current Error" value="80.000000" />
  <attribute name="Output H" value="13969408"/>
  <attribute name="Output I" value="2152"/>
  <attribute name="Output T" value="16"/>
  <attribute name= "Current Time Running" value="82196" />
  <attribute name="GC Util currently" value="0" />
  <attribute name="CPU Util currently" value="16" />
<allocation-satisfied id="926" threadId="0000000000E0D600" bytesRequested="32" />
<af-end id="927" timestamp="2019-08-08T09:21:31.047" threadId="0000000000E0DF88" success="true" from="nursery"/>
<exclusive-end id="928" timestamp="2019-08-08T09:21:31.047" durationms="4.562" />

<exclusive-start id="929" timestamp="2019-08-08T09:21:32.786" intervalms="1743.510">
  <response-info timems="0.304" idlems="0.168" threads="1" lastid="0000000000DE7F00" lastname="node-23" />
</exclusive-start>
<af-start id="930" threadId="0000000000E28288" totalBytesRequested="24" timestamp="2019-08-08T09:21:32.786" intervalms="1743.594" type="nursery" />
<cycle-start id="931" type="scavenge" contextid="0" timestamp="2019-08-08T09:21:32.786" intervalms="1743.602" />
<gc-start id="932" type="scavenge" contextid="931" timestamp="2019-08-08T09:21:32.786">
  <mem-info id="933" free="1118104" total="13893632" percent="8">
    <mem type="nursery" free="0" total="5373952" percent="0">
      <mem type="allocate" free="0" total="4784128" percent="0" />
      <mem type="survivor" free="0" total="589824" percent="0" />
    </mem>
    <mem type="tenure" free="1118104" total="8519680" percent="13">
      <mem type="soa" free="1033112" total="8434688" percent="12" />
      <mem type="loa" free="84992" total="84992" percent="100" />
    </mem>
    <remembered-set count="511" />
  </mem-info>
</gc-start>
<allocation-stats totalBytes="4487112" >
  <allocated-bytes non-tlh="32" tlh="4487080" />
  <largest-consumer threadName="node-15" threadId="0000000000E0D600" bytes="208880" />
</allocation-stats>
<gc-op id="934" type="scavenge" timems="3.404" contextid="931" timestamp="2019-08-08T09:21:32.789">
  <scavenger-info tenureage="3" tenuremask="4008" tiltratio="89" />
  <memory-copied type="nursery" objects="8954" bytes="216672" bytesdiscarded="57504" />
  <memory-copied type="tenure" objects="3132" bytes="75168" bytesdiscarded="0" />
</gc-op>
<gc-end id="935" type="scavenge" contextid="931" durationms="3.923" usertimems="8.933" systemtimems="0.672" timestamp="2019-08-08T09:21:32.790" activeThreads="16">
  <mem-info id="936" free="5547416" total="13893632" percent="39">
    <mem type="nursery" free="4509952" total="5373952" percent="83">
      <mem type="allocate" free="4509952" total="4784128" percent="94" />
      <mem type="survivor" free="0" total="589824" percent="0" />
    </mem>
    <mem type="tenure" free="1037464" total="8519680" percent="12" macro-fragmented="723458">
      <mem type="soa" free="952472" total="8434688" percent="11" />
      <mem type="loa" free="84992" total="84992" percent="100" />
    </mem>
    <remembered-set count="413" />
  </mem-info>
</gc-end>
<cycle-end id="937" type="scavenge" contextid="931" timestamp="2019-08-08T09:21:32.790" />
  <attribute name="elasticGC enabled" value="1" />
  <attribute name= "numThreadsSpecified" value="16" />
  <attribute name="heapSize specified" value="13762560" />
  <attribute name="Current GC Util" value="0" />
  <attribute name= "Current Time Running" value="83940" />
  <attribute name ="GC Interval" value="2297" />
  <attribute name="Target GC Util Change" value ="80.000000" />
  <attribute name="Current GC Util Change" value="0.000000"/>
  <attribute name="Current Error" value="160.000000" />
  <attribute name="Output H" value="13969496"/>
  <attribute name="Output I" value="2296"/>
  <attribute name="Output T" value="16"/>
  <attribute name= "Current Time Running" value="83940" />
  <attribute name="GC Util currently" value="0" />
  <attribute name="CPU Util currently" value="14" />
<allocation-satisfied id="938" threadId="0000000000E27900" bytesRequested="24" />
<af-end id="939" timestamp="2019-08-08T09:21:32.790" threadId="0000000000E28288" success="true" from="nursery"/>
<exclusive-end id="940" timestamp="2019-08-08T09:21:32.790" durationms="4.246" />

<exclusive-start id="941" timestamp="2019-08-08T09:21:34.725" intervalms="1939.043">
  <response-info timems="0.019" idlems="0.019" threads="0" lastid="0000000000DD5300" lastname="node-12" />
</exclusive-start>
<af-start id="942" threadId="0000000000DD5C88" totalBytesRequested="32" timestamp="2019-08-08T09:21:34.725" intervalms="1938.982" type="nursery" />
<cycle-start id="943" type="scavenge" contextid="0" timestamp="2019-08-08T09:21:34.725" intervalms="1938.975" />
<gc-start id="944" type="scavenge" contextid="943" timestamp="2019-08-08T09:21:34.725">
  <mem-info id="945" free="1037464" total="13893632" percent="7">
    <mem type="nursery" free="0" total="5373952" percent="0">
      <mem type="allocate" free="0" total="4784128" percent="0" />
      <mem type="survivor" free="0" total="589824" percent="0" />
    </mem>
    <mem type="tenure" free="1037464" total="8519680" percent="12">
      <mem type="soa" free="952472" total="8434688" percent="11" />
      <mem type="loa" free="84992" total="84992" percent="100" />
    </mem>
    <remembered-set count="509" />
  </mem-info>
</gc-start>
<allocation-stats totalBytes="4506048" >
  <allocated-bytes non-tlh="24" tlh="4506024" />
  <largest-consumer threadName="node-3" threadId="0000000000DDCB00" bytes="208880" />
</allocation-stats>
<gc-op id="946" type="scavenge" timems="2.115" contextid="943" timestamp="2019-08-08T09:21:34.727">
  <scavenger-info tenureage="3" tenuremask="4008" tiltratio="89" />
  <memory-copied type="nursery" objects="8766" bytes="212096" bytesdiscarded="29824" />
  <memory-copied type="tenure" objects="2934" bytes="70416" bytesdiscarded="0" />
</gc-op>
<gc-end id="947" type="scavenge" contextid="943" durationms="2.521" usertimems="1.501" systemtimems="3.047" timestamp="2019-08-08T09:21:34.727" activeThreads="16">
  <mem-info id="948" free="5499032" total="13893632" percent="39">
    <mem type="nursery" free="4542208" total="5373952" percent="84">
      <mem type="allocate" free="4542208" total="4784128" percent="94" />
      <mem type="survivor" free="0" total="589824" percent="0" />
    </mem>
    <mem type="tenure" free="956824" total="8519680" percent="11" macro-fragmented="868149">
      <mem type="soa" free="871832" total="8434688" percent="10" />
      <mem type="loa" free="84992" total="84992" percent="100" />
    </mem>
    <remembered-set count="418" />
  </mem-info>
</gc-end>
<cycle-end id="949" type="scavenge" contextid="943" timestamp="2019-08-08T09:21:34.727" />
  <attribute name="elasticGC enabled" value="1" />
  <attribute name= "numThreadsSpecified" value="16" />
  <attribute name="heapSize specified" value="13762560" />
  <attribute name="Current GC Util" value="0" />
  <attribute name= "Current Time Running" value="85879" />
  <attribute name ="GC Interval" value="2441" />
  <attribute name="Target GC Util Change" value ="80.000000" />
  <attribute name="Current GC Util Change" value="0.000000"/>
  <attribute name="Current Error" value="240.000000" />
  <attribute name="Output H" value="13969592"/>
  <attribute name="Output I" value="2440"/>
  <attribute name="Output T" value="16"/>
  <attribute name= "Current Time Running" value="85879" />
  <attribute name="GC Util currently" value="0" />
  <attribute name="CPU Util currently" value="15" />
<allocation-satisfied id="950" threadId="0000000000DD5300" bytesRequested="32" />
<af-end id="951" timestamp="2019-08-08T09:21:34.728" threadId="0000000000DD5C88" success="true" from="nursery"/>
<exclusive-end id="952" timestamp="2019-08-08T09:21:34.728" durationms="2.779" />

<exclusive-start id="953" timestamp="2019-08-08T09:21:36.116" intervalms="1391.588">
  <response-info timems="0.683" idlems="0.683" threads="0" lastid="0000000000DE0700" lastname="node-5" />
</exclusive-start>
<af-start id="954" threadId="0000000000DE1088" totalBytesRequested="16" timestamp="2019-08-08T09:21:36.116" intervalms="1391.580" type="nursery" />
<cycle-start id="955" type="scavenge" contextid="0" timestamp="2019-08-08T09:21:36.116" intervalms="1391.583" />
<gc-start id="956" type="scavenge" contextid="955" timestamp="2019-08-08T09:21:36.116">
  <mem-info id="957" free="956824" total="13893632" percent="6">
    <mem type="nursery" free="0" total="5373952" percent="0">
      <mem type="allocate" free="0" total="4784128" percent="0" />
      <mem type="survivor" free="0" total="589824" percent="0" />
    </mem>
    <mem type="tenure" free="956824" total="8519680" percent="11">
      <mem type="soa" free="871832" total="8434688" percent="10" />
      <mem type="loa" free="84992" total="84992" percent="100" />
    </mem>
    <remembered-set count="507" />
  </mem-info>
</gc-start>
<allocation-stats totalBytes="4536848" >
  <allocated-bytes non-tlh="32" tlh="4536816" />
  <largest-consumer threadName="node-6" threadId="0000000000E20100" bytes="217056" />
</allocation-stats>
<gc-op id="958" type="scavenge" timems="2.952" contextid="955" timestamp="2019-08-08T09:21:36.119">
  <scavenger-info tenureage="3" tenuremask="4008" tiltratio="89" />
  <memory-copied type="nursery" objects="7104" bytes="182624" bytesdiscarded="43168" />
  <memory-copied type="tenure" objects="3636" bytes="87264" bytesdiscarded="0" />
</gc-op>
<gc-end id="959" type="scavenge" contextid="955" durationms="3.505" usertimems="3.887" systemtimems="1.175" timestamp="2019-08-08T09:21:36.120" activeThreads="16">
  <mem-info id="960" free="5434520" total="13893632" percent="39">
    <mem type="nursery" free="4558336" total="5373952" percent="84">
      <mem type="allocate" free="4558336" total="4784128" percent="95" />
      <mem type="survivor" free="0" total="589824" percent="0" />
    </mem>
    <mem type="tenure" free="876184" total="8519680" percent="10" macro-fragmented="0">
      <mem type="soa" free="791192" total="8434688" percent="9" />
      <mem type="loa" free="84992" total="84992" percent="100" />
    </mem>
    <remembered-set count="391" />
  </mem-info>
</gc-end>
<cycle-end id="961" type="scavenge" contextid="955" timestamp="2019-08-08T09:21:36.120" />
  <attribute name="elasticGC enabled" value="1" />
  <attribute name= "numThreadsSpecified" value="16" />
  <attribute name="heapSize specified" value="13762560" />
  <attribute name="Current GC Util" value="0" />
  <attribute name= "Current Time Running" value="87270" />
  <attribute name ="GC Interval" value="2585" />
  <attribute name="Target GC Util Change" value ="80.000000" />
  <attribute name="Current GC Util Change" value="0.000000"/>
  <attribute name="Current Error" value="320.000000" />
  <attribute name="Output H" value="13969688"/>
  <attribute name="Output I" value="2584"/>
  <attribute name="Output T" value="16"/>
  <attribute name= "Current Time Running" value="87270" />
  <attribute name="GC Util currently" value="0" />
  <attribute name="CPU Util currently" value="13" />
<allocation-satisfied id="962" threadId="0000000000DE0700" bytesRequested="16" />
<af-end id="963" timestamp="2019-08-08T09:21:36.120" threadId="0000000000DE1088" success="true" from="nursery"/>
<exclusive-end id="964" timestamp="2019-08-08T09:21:36.120" durationms="3.821" />

<exclusive-start id="965" timestamp="2019-08-08T09:21:38.169" intervalms="2053.134">
  <response-info timems="1.778" idlems="1.054" threads="1" lastid="0000000000E05E00" lastname="node-10" />
</exclusive-start>
<af-start id="966" threadId="0000000000E1CE88" totalBytesRequested="16" timestamp="2019-08-08T09:21:38.170" intervalms="2053.264" type="nursery" />
<cycle-start id="967" type="scavenge" contextid="0" timestamp="2019-08-08T09:21:38.170" intervalms="2053.264" />
<gc-start id="968" type="scavenge" contextid="967" timestamp="2019-08-08T09:21:38.170">
  <mem-info id="969" free="876184" total="13893632" percent="6">
    <mem type="nursery" free="0" total="5373952" percent="0">
      <mem type="allocate" free="0" total="4784128" percent="0" />
      <mem type="survivor" free="0" total="589824" percent="0" />
    </mem>
    <mem type="tenure" free="876184" total="8519680" percent="10">
      <mem type="soa" free="791192" total="8434688" percent="9" />
      <mem type="loa" free="84992" total="84992" percent="100" />
    </mem>
    <remembered-set count="503" />
  </mem-info>
</gc-start>
<allocation-stats totalBytes="4552280" >
  <allocated-bytes non-tlh="16" tlh="4552264" />
  <largest-consumer threadName="node-8" threadId="0000000000DFAA00" bytes="208872" />
</allocation-stats>
<gc-op id="970" type="scavenge" timems="2.574" contextid="967" timestamp="2019-08-08T09:21:38.172">
  <scavenger-info tenureage="14" tenuremask="4000" tiltratio="89" />
  <memory-copied type="nursery" objects="10005" bytes="259264" bytesdiscarded="50168" />
</gc-op>
<gc-end id="971" type="scavenge" contextid="967" durationms="2.895" usertimems="1.842" systemtimems="2.500" timestamp="2019-08-08T09:21:38.173" activeThreads="16">
  <mem-info id="972" free="5350880" total="13893632" percent="38">
    <mem type="nursery" free="4474696" total="5373952" percent="83">
      <mem type="allocate" free="4474696" total="4784128" percent="93" />
      <mem type="survivor" free="0" total="589824" percent="0" />
    </mem>
    <mem type="tenure" free="876184" total="8519680" percent="10" macro-fragmented="348889">
      <mem type="soa" free="791192" total="8434688" percent="9" />
      <mem type="loa" free="84992" total="84992" percent="100" />
    </mem>
    <remembered-set count="428" />
  </mem-info>
</gc-end>
<cycle-end id="973" type="scavenge" contextid="967" timestamp="2019-08-08T09:21:38.173" />
  <attribute name="elasticGC enabled" value="1" />
  <attribute name= "numThreadsSpecified" value="16" />
  <attribute name="heapSize specified" value="13762560" />
  <attribute name="Current GC Util" value="0" />
  <attribute name= "Current Time Running" value="89323" />
  <attribute name ="GC Interval" value="2729" />
  <attribute name="Target GC Util Change" value ="80.000000" />
  <attribute name="Current GC Util Change" value="0.000000"/>
  <attribute name="Current Error" value="400.000000" />
  <attribute name="Output H" value="13969776"/>
  <attribute name="Output I" value="2728"/>
  <attribute name="Output T" value="16"/>
  <attribute name= "Current Time Running" value="89323" />
  <attribute name="GC Util currently" value="0" />
  <attribute name="CPU Util currently" value="15" />
<allocation-satisfied id="974" threadId="0000000000E1C500" bytesRequested="16" />
<af-end id="975" timestamp="2019-08-08T09:21:38.173" threadId="0000000000E1CE88" success="true" from="nursery"/>
<exclusive-end id="976" timestamp="2019-08-08T09:21:38.173" durationms="3.250" />

<exclusive-start id="977" timestamp="2019-08-08T09:21:40.659" intervalms="2489.756">
  <response-info timems="0.985" idlems="0.687" threads="2" lastid="0000000000E05E00" lastname="node-10" />
</exclusive-start>
<af-start id="978" threadId="0000000000E28288" totalBytesRequested="720" timestamp="2019-08-08T09:21:40.659" intervalms="2489.643" type="nursery" />
<cycle-start id="979" type="scavenge" contextid="0" timestamp="2019-08-08T09:21:40.659" intervalms="2489.648" />
<gc-start id="980" type="scavenge" contextid="979" timestamp="2019-08-08T09:21:40.659">
  <mem-info id="981" free="876184" total="13893632" percent="6">
    <mem type="nursery" free="0" total="5373952" percent="0">
      <mem type="allocate" free="0" total="4784128" percent="0" />
      <mem type="survivor" free="0" total="589824" percent="0" />
    </mem>
    <mem type="tenure" free="876184" total="8519680" percent="10">
      <mem type="soa" free="791192" total="8434688" percent="9" />
      <mem type="loa" free="84992" total="84992" percent="100" />
    </mem>
    <remembered-set count="542" />
  </mem-info>
</gc-start>
<allocation-stats totalBytes="4469312" >
  <allocated-bytes non-tlh="16" tlh="4469296" />
  <largest-consumer threadName="node-7" threadId="0000000000DF3200" bytes="208888" />
</allocation-stats>
<gc-op id="982" type="scavenge" timems="3.914" contextid="979" timestamp="2019-08-08T09:21:40.663">
  <scavenger-info tenureage="3" tenuremask="4018" tiltratio="89" />
  <memory-copied type="nursery" objects="8388" bytes="216008" bytesdiscarded="25912" />
  <memory-copied type="tenure" objects="4988" bytes="119712" bytesdiscarded="0" />
</gc-op>
<gc-end id="983" type="scavenge" contextid="979" durationms="4.208" usertimems="1.566" systemtimems="3.198" timestamp="2019-08-08T09:21:40.664" activeThreads="16">
  <mem-info id="984" free="5289368" total="13893632" percent="38">
    <mem type="nursery" free="4542208" total="5373952" percent="84">
      <mem type="allocate" free="4542208" total="4784128" percent="94" />
      <mem type="survivor" free="0" total="589824" percent="0" />
    </mem>
    <mem type="tenure" free="747160" total="8519680" percent="8" macro-fragmented="418667">
      <mem type="soa" free="662168" total="8434688" percent="7" />
      <mem type="loa" free="84992" total="84992" percent="100" />
    </mem>
    <remembered-set count="399" />
  </mem-info>
</gc-end>
<cycle-end id="985" type="scavenge" contextid="979" timestamp="2019-08-08T09:21:40.664" />
  <attribute name="elasticGC enabled" value="1" />
  <attribute name= "numThreadsSpecified" value="16" />
  <attribute name="heapSize specified" value="13762560" />
  <attribute name="Current GC Util" value="0" />
  <attribute name= "Current Time Running" value="91813" />
  <attribute name ="GC Interval" value="2873" />
  <attribute name="Target GC Util Change" value ="80.000000" />
  <attribute name="Current GC Util Change" value="0.000000"/>
  <attribute name="Current Error" value="480.000000" />
  <attribute name="Output H" value="13969872"/>
  <attribute name="Output I" value="2872"/>
  <attribute name="Output T" value="16"/>
  <attribute name= "Current Time Running" value="91813" />
  <attribute name="GC Util currently" value="0" />
  <attribute name="CPU Util currently" value="16" />
<allocation-satisfied id="986" threadId="0000000000E27900" bytesRequested="720" />
<af-end id="987" timestamp="2019-08-08T09:21:40.664" threadId="0000000000E28288" success="true" from="nursery"/>
<exclusive-end id="988" timestamp="2019-08-08T09:21:40.664" durationms="4.504" />

<exclusive-start id="989" timestamp="2019-08-08T09:21:42.483" intervalms="1824.091">
  <response-info timems="0.021" idlems="0.021" threads="0" lastid="0000000000E1C500" lastname="node-1" />
</exclusive-start>
<af-start id="990" threadId="0000000000E1CE88" totalBytesRequested="24" timestamp="2019-08-08T09:21:42.483" intervalms="1824.048" type="nursery" />
<cycle-start id="991" type="scavenge" contextid="0" timestamp="2019-08-08T09:21:42.483" intervalms="1824.039" />
<gc-start id="992" type="scavenge" contextid="991" timestamp="2019-08-08T09:21:42.483">
  <mem-info id="993" free="747160" total="13893632" percent="5">
    <mem type="nursery" free="0" total="5373952" percent="0">
      <mem type="allocate" free="0" total="4784128" percent="0" />
      <mem type="survivor" free="0" total="589824" percent="0" />
    </mem>
    <mem type="tenure" free="747160" total="8519680" percent="8">
      <mem type="soa" free="662168" total="8434688" percent="7" />
      <mem type="loa" free="84992" total="84992" percent="100" />
    </mem>
    <remembered-set count="509" />
  </mem-info>
</gc-start>
<allocation-stats totalBytes="4536696" >
  <allocated-bytes non-tlh="720" tlh="4535976" />
  <largest-consumer threadName="node-15" threadId="0000000000E0D600" bytes="217064" />
</allocation-stats>
<gc-op id="994" type="scavenge" timems="3.144" contextid="991" timestamp="2019-08-08T09:21:42.487">
  <scavenger-info tenureage="14" tenuremask="4000" tiltratio="89" />
  <memory-copied type="nursery" objects="10849" bytes="262088" bytesdiscarded="76600" />
</gc-op>
<gc-end id="995" type="scavenge" contextid="991" durationms="3.660" usertimems="3.992" systemtimems="2.720" timestamp="2019-08-08T09:21:42.487" activeThreads="16">
  <mem-info id="996" free="5192600" total="13893632" percent="37">
    <mem type="nursery" free="4445440" total="5373952" percent="82">
      <mem type="allocate" free="4445440" total="4784128" percent="92" />
      <mem type="survivor" free="0" total="589824" percent="0" />
    </mem>
    <mem type="tenure" free="747160" total="8519680" percent="8" macro-fragmented="0">
      <mem type="soa" free="662168" total="8434688" percent="7" />
      <mem type="loa" free="84992" total="84992" percent="100" />
    </mem>
    <remembered-set count="453" />
  </mem-info>
</gc-end>
<cycle-end id="997" type="scavenge" contextid="991" timestamp="2019-08-08T09:21:42.487" />
  <attribute name="elasticGC enabled" value="1" />
  <attribute name= "numThreadsSpecified" value="16" />
  <attribute name="heapSize specified" value="13762560" />
  <attribute name="Current GC Util" value="0" />
  <attribute name= "Current Time Running" value="93637" />
  <attribute name ="GC Interval" value="2153" />
  <attribute name="Target GC Util Change" value ="80.000000" />
  <attribute name="Current GC Util Change" value="0.000000"/>
  <attribute name="Current Error" value="80.000000" />
  <attribute name="Output H" value="13969408"/>
  <attribute name="Output I" value="2152"/>
  <attribute name="Output T" value="16"/>
  <attribute name= "Current Time Running" value="93637" />
  <attribute name="GC Util currently" value="0" />
  <attribute name="CPU Util currently" value="14" />
<allocation-satisfied id="998" threadId="0000000000E1C500" bytesRequested="24" />
<af-end id="999" timestamp="2019-08-08T09:21:42.487" threadId="0000000000E1CE88" success="true" from="nursery"/>
<exclusive-end id="1000" timestamp="2019-08-08T09:21:42.487" durationms="3.875" />

<exclusive-start id="1001" timestamp="2019-08-08T09:21:44.275" intervalms="1791.864">
  <response-info timems="0.039" idlems="0.039" threads="0" lastid="0000000000DE0700" lastname="node-5" />
</exclusive-start>
<af-start id="1002" threadId="0000000000DE1088" totalBytesRequested="48" timestamp="2019-08-08T09:21:44.275" intervalms="1791.859" type="nursery" />
<cycle-start id="1003" type="scavenge" contextid="0" timestamp="2019-08-08T09:21:44.275" intervalms="1791.860" />
<gc-start id="1004" type="scavenge" contextid="1003" timestamp="2019-08-08T09:21:44.275">
  <mem-info id="1005" free="747160" total="13893632" percent="5">
    <mem type="nursery" free="0" total="5373952" percent="0">
      <mem type="allocate" free="0" total="4784128" percent="0" />
      <mem type="survivor" free="0" total="589824" percent="0" />
    </mem>
    <mem type="tenure" free="747160" total="8519680" percent="8">
      <mem type="soa" free="662168" total="8434688" percent="7" />
      <mem type="loa" free="84992" total="84992" percent="100" />
    </mem>
    <remembered-set count="548" />
  </mem-info>
</gc-start>
<allocation-stats totalBytes="4439416" >
  <allocated-bytes non-tlh="24" tlh="4439392" />
  <largest-consumer threadName="node-4" threadId="0000000000E2B500" bytes="208840" />
</allocation-stats>
<gc-op id="1006" type="scavenge" timems="1.676" contextid="1003" timestamp="2019-08-08T09:21:44.277">
  <scavenger-info tenureage="2" tenuremask="401c" tiltratio="89" />
  <memory-copied type="nursery" objects="5125" bytes="132992" bytesdiscarded="32896" />
  <memory-copied type="tenure" objects="8208" bytes="196992" bytesdiscarded="0" />
</gc-op>
<gc-end id="1007" type="scavenge" contextid="1003" durationms="2.144" usertimems="4.283" systemtimems="0.000" timestamp="2019-08-08T09:21:44.277" activeThreads="16">
  <mem-info id="1008" free="5136536" total="13893632" percent="36">
    <mem type="nursery" free="4618240" total="5373952" percent="85">
      <mem type="allocate" free="4618240" total="4784128" percent="96" />
      <mem type="survivor" free="0" total="589824" percent="0" />
    </mem>
    <mem type="tenure" free="518296" total="8519680" percent="6" macro-fragmented="0">
      <mem type="soa" free="433304" total="8434688" percent="5" />
      <mem type="loa" free="84992" total="84992" percent="100" />
    </mem>
    <remembered-set count="357" />
  </mem-info>
</gc-end>
<cycle-end id="1009" type="scavenge" contextid="1003" timestamp="2019-08-08T09:21:44.277" />
  <attribute name="elasticGC enabled" value="1" />
  <attribute name= "numThreadsSpecified" value="16" />
  <attribute name="heapSize specified" value="13762560" />
  <attribute name="Current GC Util" value="0" />
  <attribute name= "Current Time Running" value="95429" />
  <attribute name ="GC Interval" value="2297" />
  <attribute name="Target GC Util Change" value ="80.000000" />
  <attribute name="Current GC Util Change" value="0.000000"/>
  <attribute name="Current Error" value="160.000000" />
  <attribute name="Output H" value="13969496"/>
  <attribute name="Output I" value="2296"/>
  <attribute name="Output T" value="16"/>
  <attribute name= "Current Time Running" value="95429" />
  <attribute name="GC Util currently" value="0" />
  <attribute name="CPU Util currently" value="14" />
<allocation-satisfied id="1010" threadId="0000000000DE0700" bytesRequested="48" />
<af-end id="1011" timestamp="2019-08-08T09:21:44.277" threadId="0000000000DE1088" success="true" from="nursery"/>
<exclusive-end id="1012" timestamp="2019-08-08T09:21:44.277" durationms="2.321" />

<exclusive-start id="1013" timestamp="2019-08-08T09:21:46.118" intervalms="1842.449">
  <response-info timems="0.219" idlems="0.219" threads="0" lastid="0000000000E20100" lastname="node-6" />
</exclusive-start>
<af-start id="1014" threadId="0000000000E20A88" totalBytesRequested="32" timestamp="2019-08-08T09:21:46.118" intervalms="1842.458" type="nursery" />
<cycle-start id="1015" type="scavenge" contextid="0" timestamp="2019-08-08T09:21:46.118" intervalms="1842.462" />
<gc-start id="1016" type="scavenge" contextid="1015" timestamp="2019-08-08T09:21:46.118">
  <mem-info id="1017" free="518296" total="13893632" percent="3">
    <mem type="nursery" free="0" total="5373952" percent="0">
      <mem type="allocate" free="0" total="4784128" percent="0" />
      <mem type="survivor" free="0" total="589824" percent="0" />
    </mem>
    <mem type="tenure" free="518296" total="8519680" percent="6">
      <mem type="soa" free="433304" total="8434688" percent="5" />
      <mem type="loa" free="84992" total="84992" percent="100" />
    </mem>
    <remembered-set count="470" />
  </mem-info>
</gc-start>
<allocation-stats totalBytes="4612656" >
  <allocated-bytes non-tlh="48" tlh="4612608" />
  <largest-consumer threadName="node-7" threadId="0000000000DF3200" bytes="208864" />
</allocation-stats>
<gc-op id="1018" type="scavenge" timems="2.577" contextid="1015" timestamp="2019-08-08T09:21:46.120">
  <scavenger-info tenureage="2" tenuremask="400c" tiltratio="89" />
  <memory-copied type="nursery" objects="5146" bytes="125216" bytesdiscarded="10720" />
  <memory-copied type="tenure" objects="2501" bytes="60024" bytesdiscarded="0" />
</gc-op>
<gc-end id="1019" type="scavenge" contextid="1015" durationms="3.016" usertimems="4.321" systemtimems="0.423" timestamp="2019-08-08T09:21:46.121" activeThreads="16">
  <mem-info id="1020" free="5070488" total="13893632" percent="36">
    <mem type="nursery" free="4648192" total="5373952" percent="86">
      <mem type="allocate" free="4648192" total="4784128" percent="97" />
      <mem type="survivor" free="0" total="589824" percent="0" />
    </mem>
    <mem type="tenure" free="422296" total="8519680" percent="4" macro-fragmented="0">
      <mem type="soa" free="337304" total="8434688" percent="3" />
      <mem type="loa" free="84992" total="84992" percent="100" />
    </mem>
    <remembered-set count="377" />
  </mem-info>
</gc-end>
<cycle-end id="1021" type="scavenge" contextid="1015" timestamp="2019-08-08T09:21:46.121" />
  <attribute name="elasticGC enabled" value="1" />
  <attribute name= "numThreadsSpecified" value="16" />
  <attribute name="heapSize specified" value="13762560" />
  <attribute name="Current GC Util" value="0" />
  <attribute name= "Current Time Running" value="97271" />
  <attribute name ="GC Interval" value="2441" />
  <attribute name="Target GC Util Change" value ="80.000000" />
  <attribute name="Current GC Util Change" value="0.000000"/>
  <attribute name="Current Error" value="240.000000" />
  <attribute name="Output H" value="13969592"/>
  <attribute name="Output I" value="2440"/>
  <attribute name="Output T" value="16"/>
  <attribute name= "Current Time Running" value="97271" />
  <attribute name="GC Util currently" value="0" />
  <attribute name="CPU Util currently" value="14" />
<allocation-satisfied id="1022" threadId="0000000000E20100" bytesRequested="32" />
<af-end id="1023" timestamp="2019-08-08T09:21:46.121" threadId="0000000000E20A88" success="true" from="nursery"/>
<exclusive-end id="1024" timestamp="2019-08-08T09:21:46.121" durationms="3.255" />

<exclusive-start id="1025" timestamp="2019-08-08T09:21:49.036" intervalms="2918.761">
  <response-info timems="1.649" idlems="1.649" threads="0" lastid="0000000000DE0700" lastname="node-5" />
</exclusive-start>
<af-start id="1026" threadId="0000000000DE1088" totalBytesRequested="24" timestamp="2019-08-08T09:21:49.037" intervalms="2918.845" type="nursery" />
<cycle-start id="1027" type="scavenge" contextid="0" timestamp="2019-08-08T09:21:49.037" intervalms="2918.841" />
<gc-start id="1028" type="scavenge" contextid="1027" timestamp="2019-08-08T09:21:49.037">
  <mem-info id="1029" free="422296" total="13893632" percent="3">
    <mem type="nursery" free="0" total="5373952" percent="0">
      <mem type="allocate" free="0" total="4784128" percent="0" />
      <mem type="survivor" free="0" total="589824" percent="0" />
    </mem>
    <mem type="tenure" free="422296" total="8519680" percent="4">
      <mem type="soa" free="337304" total="8434688" percent="3" />
      <mem type="loa" free="84992" total="84992" percent="100" />
    </mem>
    <remembered-set count="480" />
  </mem-info>
</gc-start>
<allocation-stats totalBytes="4638656" >
  <allocated-bytes non-tlh="32" tlh="4638624" />
  <largest-consumer threadName="node-0" threadId="0000000000E27900" bytes="208888" />
</allocation-stats>
<gc-op id="1030" type="scavenge" timems="2.169" contextid="1027" timestamp="2019-08-08T09:21:49.039">
  <scavenger-info tenureage="2" tenuremask="4004" tiltratio="89" />
  <memory-copied type="nursery" objects="6799" bytes="165064" bytesdiscarded="92984" />
  <memory-copied type="tenure" objects="2450" bytes="58800" bytesdiscarded="0" />
</gc-op>
<gc-end id="1031" type="scavenge" contextid="1027" durationms="2.575" usertimems="4.816" systemtimems="0.235" timestamp="2019-08-08T09:21:49.039" activeThreads="16">
  <mem-info id="1032" free="4899992" total="13893632" percent="35">
    <mem type="nursery" free="4526080" total="5373952" percent="84">
      <mem type="allocate" free="4526080" total="4784128" percent="94" />
      <mem type="survivor" free="0" total="589824" percent="0" />
    </mem>
    <mem type="tenure" free="373912" total="8519680" percent="4" macro-fragmented="0">
      <mem type="soa" free="288920" total="8434688" percent="3" />
      <mem type="loa" free="84992" total="84992" percent="100" />
    </mem>
    <remembered-set count="372" />
  </mem-info>
</gc-end>
<cycle-end id="1033" type="scavenge" contextid="1027" timestamp="2019-08-08T09:21:49.039" />
  <attribute name="elasticGC enabled" value="1" />
  <attribute name= "numThreadsSpecified" value="16" />
  <attribute name="heapSize specified" value="13762560" />
  <attribute name="Current GC Util" value="0" />
  <attribute name= "Current Time Running" value="100190" />
  <attribute name ="GC Interval" value="2585" />
  <attribute name="Target GC Util Change" value ="80.000000" />
  <attribute name="Current GC Util Change" value="0.000000"/>
  <attribute name="Current Error" value="320.000000" />
  <attribute name="Output H" value="13969688"/>
  <attribute name="Output I" value="2584"/>
  <attribute name="Output T" value="16"/>
  <attribute name= "Current Time Running" value="100190" />
  <attribute name="GC Util currently" value="0" />
  <attribute name="CPU Util currently" value="16" />
<allocation-satisfied id="1034" threadId="0000000000DE0700" bytesRequested="24" />
<af-end id="1035" timestamp="2019-08-08T09:21:49.039" threadId="0000000000DE1088" success="true" from="nursery"/>
<exclusive-end id="1036" timestamp="2019-08-08T09:21:49.039" durationms="2.950" />

<exclusive-start id="1037" timestamp="2019-08-08T09:21:50.592" intervalms="1555.825">
  <response-info timems="0.028" idlems="0.028" threads="0" lastid="0000000000E20100" lastname="node-6" />
</exclusive-start>
<af-start id="1038" threadId="0000000000E20A88" totalBytesRequested="376" timestamp="2019-08-08T09:21:50.592" intervalms="1555.759" type="nursery" />
<cycle-start id="1039" type="scavenge" contextid="0" timestamp="2019-08-08T09:21:50.592" intervalms="1555.773" />
<gc-start id="1040" type="scavenge" contextid="1039" timestamp="2019-08-08T09:21:50.592">
  <mem-info id="1041" free="373912" total="13893632" percent="2">
    <mem type="nursery" free="0" total="5373952" percent="0">
      <mem type="allocate" free="0" total="4784128" percent="0" />
      <mem type="survivor" free="0" total="589824" percent="0" />
    </mem>
    <mem type="tenure" free="373912" total="8519680" percent="4">
      <mem type="soa" free="288920" total="8434688" percent="3" />
      <mem type="loa" free="84992" total="84992" percent="100" />
    </mem>
    <remembered-set count="477" />
  </mem-info>
</gc-start>
<allocation-stats totalBytes="4518472" >
  <allocated-bytes non-tlh="24" tlh="4518448" />
  <largest-consumer threadName="node-24" threadId="0000000000E2F100" bytes="208872" />
</allocation-stats>
<gc-op id="1042" type="scavenge" timems="4.908" contextid="1039" timestamp="2019-08-08T09:21:50.597">
  <scavenger-info tenureage="2" tenuremask="4004" tiltratio="89" />
  <memory-copied type="nursery" objects="6484" bytes="163744" bytesdiscarded="45920" />
  <memory-copied type="tenure" objects="2554" bytes="61296" bytesdiscarded="0" />
</gc-op>
<gc-end id="1043" type="scavenge" contextid="1039" durationms="5.893" usertimems="3.958" systemtimems="2.632" timestamp="2019-08-08T09:21:50.598" activeThreads="16">
  <mem-info id="1044" free="4899992" total="13893632" percent="35">
    <mem type="nursery" free="4574464" total="5373952" percent="85">
      <mem type="allocate" free="4574464" total="4784128" percent="95" />
      <mem type="survivor" free="0" total="589824" percent="0" />
    </mem>
    <mem type="tenure" free="325528" total="8519680" percent="3" macro-fragmented="590">
      <mem type="soa" free="240536" total="8434688" percent="2" />
      <mem type="loa" free="84992" total="84992" percent="100" />
    </mem>
    <remembered-set count="358" />
  </mem-info>
</gc-end>
<cycle-end id="1045" type="scavenge" contextid="1039" timestamp="2019-08-08T09:21:50.598" />
  <attribute name="elasticGC enabled" value="1" />
  <attribute name= "numThreadsSpecified" value="16" />
  <attribute name="heapSize specified" value="13762560" />
  <attribute name="Current GC Util" value="0" />
  <attribute name= "Current Time Running" value="101746" />
  <attribute name ="GC Interval" value="2729" />
  <attribute name="Target GC Util Change" value ="80.000000" />
  <attribute name="Current GC Util Change" value="0.000000"/>
  <attribute name="Current Error" value="400.000000" />
  <attribute name="Output H" value="13969776"/>
  <attribute name="Output I" value="2728"/>
  <attribute name="Output T" value="16"/>
  <attribute name= "Current Time Running" value="101746" />
  <attribute name="GC Util currently" value="0" />
  <attribute name="CPU Util currently" value="14" />
<allocation-satisfied id="1046" threadId="0000000000E20100" bytesRequested="376" />
<af-end id="1047" timestamp="2019-08-08T09:21:50.599" threadId="0000000000E20A88" success="true" from="nursery"/>
<exclusive-end id="1048" timestamp="2019-08-08T09:21:50.599" durationms="6.360" />

<exclusive-start id="1049" timestamp="2019-08-08T09:21:52.276" intervalms="1683.345">
  <response-info timems="0.306" idlems="0.306" threads="0" lastid="0000000000E11200" lastname="node-2" />
</exclusive-start>
<af-start id="1050" threadId="0000000000E11B88" totalBytesRequested="32" timestamp="2019-08-08T09:21:52.276" intervalms="1683.317" type="nursery" />
<cycle-start id="1051" type="scavenge" contextid="0" timestamp="2019-08-08T09:21:52.276" intervalms="1683.307" />
<gc-start id="1052" type="scavenge" contextid="1051" timestamp="2019-08-08T09:21:52.276">
  <mem-info id="1053" free="325528" total="13893632" percent="2">
    <mem type="nursery" free="0" total="5373952" percent="0">
      <mem type="allocate" free="0" total="4784128" percent="0" />
      <mem type="survivor" free="0" total="589824" percent="0" />
    </mem>
    <mem type="tenure" free="325528" total="8519680" percent="3">
      <mem type="soa" free="240536" total="8434688" percent="2" />
      <mem type="loa" free="84992" total="84992" percent="100" />
    </mem>
    <remembered-set count="481" />
  </mem-info>
</gc-start>
<allocation-stats totalBytes="4568648" >
  <allocated-bytes non-tlh="376" tlh="4568272" />
  <largest-consumer threadName="node-5" threadId="0000000000DE0700" bytes="208880" />
</allocation-stats>
<gc-op id="1054" type="scavenge" timems="2.496" contextid="1051" timestamp="2019-08-08T09:21:52.278">
  <scavenger-info tenureage="2" tenuremask="4004" tiltratio="89" />
  <memory-copied type="nursery" objects="4789" bytes="116648" bytesdiscarded="76888" />
  <memory-copied type="tenure" objects="4101" bytes="98424" bytesdiscarded="0" />
</gc-op>
<gc-end id="1055" type="scavenge" contextid="1051" durationms="2.746" usertimems="5.537" systemtimems="0.147" timestamp="2019-08-08T09:21:52.278" activeThreads="16">
  <mem-info id="1056" free="4803224" total="13893632" percent="34">
    <mem type="nursery" free="4590592" total="5373952" percent="85">
      <mem type="allocate" free="4590592" total="4784128" percent="95" />
      <mem type="survivor" free="0" total="589824" percent="0" />
    </mem>
    <mem type="tenure" free="212632" total="8519680" percent="2" macro-fragmented="0">
      <mem type="soa" free="127640" total="8434688" percent="1" />
      <mem type="loa" free="84992" total="84992" percent="100" />
    </mem>
    <remembered-set count="370" />
  </mem-info>
</gc-end>
<cycle-end id="1057" type="scavenge" contextid="1051" timestamp="2019-08-08T09:21:52.278" />
  <attribute name="elasticGC enabled" value="1" />
  <attribute name= "numThreadsSpecified" value="16" />
  <attribute name="heapSize specified" value="13762560" />
  <attribute name="Current GC Util" value="0" />
  <attribute name= "Current Time Running" value="103429" />
  <attribute name ="GC Interval" value="2873" />
  <attribute name="Target GC Util Change" value ="80.000000" />
  <attribute name="Current GC Util Change" value="0.000000"/>
  <attribute name="Current Error" value="480.000000" />
  <attribute name="Output H" value="13969872"/>
  <attribute name="Output I" value="2872"/>
  <attribute name="Output T" value="16"/>
  <attribute name= "Current Time Running" value="103429" />
  <attribute name="GC Util currently" value="0" />
  <attribute name="CPU Util currently" value="14" />
<allocation-satisfied id="1058" threadId="0000000000E11200" bytesRequested="32" />
<af-end id="1059" timestamp="2019-08-08T09:21:52.278" threadId="0000000000E11B88" success="true" from="nursery"/>
<exclusive-end id="1060" timestamp="2019-08-08T09:21:52.278" durationms="2.924" />

<concurrent-kickoff id="1061" timestamp="2019-08-08T09:21:54.431">
  <kickoff reason="threshold reached" targetBytes="5477676" thresholdFreeBytes="751723"  remainingFree="732128" tenureFreeBytes="212632" nurseryFreeBytes="732128" />
</concurrent-kickoff>
<exclusive-start id="1062" timestamp="2019-08-08T09:21:54.432" intervalms="2156.050">
  <response-info timems="0.965" idlems="0.648" threads="2" lastid="0000000000E23D00" lastname="node-20" />
</exclusive-start>
<cycle-start id="1063" type="global" contextid="0" timestamp="2019-08-08T09:21:54.432" intervalms="45854.918" />
<exclusive-end id="1064" timestamp="2019-08-08T09:21:54.432" durationms="0.047" />

<exclusive-start id="1065" timestamp="2019-08-08T09:21:54.958" intervalms="525.909">
  <response-info timems="0.170" idlems="0.170" threads="0" lastid="0000000000E27900" lastname="node-0" />
</exclusive-start>
<af-start id="1066" threadId="0000000000E28288" totalBytesRequested="32" timestamp="2019-08-08T09:21:54.958" intervalms="2682.072" type="nursery" />
<percolate-collect id="1067" from="nursery" to="global" reason="concurrent mark exhausted" timestamp="2019-08-08T09:21:54.958"/>
<gc-start id="1068" type="global" contextid="1063" timestamp="2019-08-08T09:21:54.958">
  <mem-info id="1069" free="212632" total="13893632" percent="1">
    <mem type="nursery" free="0" total="5373952" percent="0">
      <mem type="allocate" free="0" total="4784128" percent="0" />
      <mem type="survivor" free="0" total="589824" percent="0" />
    </mem>
    <mem type="tenure" free="212632" total="8519680" percent="2">
      <mem type="soa" free="127640" total="8434688" percent="1" />
      <mem type="loa" free="84992" total="84992" percent="100" />
    </mem>
    <remembered-set count="472" />
  </mem-info>
</gc-start>
<allocation-stats totalBytes="4587568" >
  <allocated-bytes non-tlh="32" tlh="4587536" />
  <largest-consumer threadName="node-20" threadId="0000000000E23D00" bytes="208880" />
</allocation-stats>
<concurrent-halted id="1070" timestamp="2019-08-08T09:21:54.958">
  <halted state="Complete" status="exhausted" />
  <traced bytesTarget="5477676" bytesTotal="5333656" bytesByMutator="970112" bytesByHelper="4363544" percent="97" />
  <cards cleaned="180" thresholdBytes="296133" />
</concurrent-halted>
<gc-op id="1071" type="rs-scan" timems="2.526" contextid="1063" timestamp="2019-08-08T09:21:54.960">
  <scan objectsFound="68" bytesTraced="6384" workStackOverflowCount="0" />
</gc-op>
<gc-op id="1072" type="card-cleaning" timems="1.940" contextid="1063" timestamp="2019-08-08T09:21:54.962">
  <card-cleaning cardsCleaned="98" bytesTraced="51512" workStackOverflowCount="0" />
</gc-op>
<gc-op id="1073" type="mark" timems="6.029" contextid="1063" timestamp="2019-08-08T09:21:54.968">
  <trace-info objectcount="269" scancount="228" scanbytes="5948" />
  <finalization candidates="13" enqueued="0" />
  <references type="soft" candidates="45" cleared="0" enqueued="0" dynamicThreshold="6" maxThreshold="32" />
  <references type="weak" candidates="130" cleared="0" enqueued="0" />
  <references type="phantom" candidates="36" cleared="0" enqueued="0" />
  <stringconstants candidates="3837" cleared="0"  />
</gc-op>
<gc-op id="1074" type="sweep" timems="2.525" contextid="1063" timestamp="2019-08-08T09:21:54.971" />
<mem-info id="1075" free="6453480" total="13893632" percent="46">
  <mem type="nursery" free="4768640" total="5373952" percent="88">
    <mem type="allocate" free="4768640" total="4784128" percent="99" />
    <mem type="survivor" free="0" total="589824" percent="0" />
  </mem>
  <mem type="tenure" free="1684840" total="8519680" percent="19" micro-fragmented="0" macro-fragmented="1500163">
    <mem type="soa" free="1599848" total="8434688" percent="18" />
    <mem type="loa" free="84992" total="84992" percent="100" />
  </mem>
  <remembered-set count="355" />
</mem-info>
<gc-op id="1076" type="compact" timems="15.266" contextid="1063" timestamp="2019-08-08T09:21:54.986">
  <compact-info movecount="950" movebytes="38536" reason="compact to aid heap contraction" />
</gc-op>
<heap-resize id="1077" type="expand" space="tenure" amount="131072" count="1" timems="0.022" reason="satisfy allocation request" timestamp="2019-08-08T09:21:54.987" />
<gc-end id="1078" type="global" contextid="1063" durationms="29.770" usertimems="21.589" systemtimems="19.084" timestamp="2019-08-08T09:21:54.987" activeThreads="16">
  <mem-info id="1079" free="6594696" total="14024704" percent="47">
    <mem type="nursery" free="4778784" total="5373952" percent="88">
      <mem type="allocate" free="4778784" total="4784128" percent="99" />
      <mem type="survivor" free="0" total="589824" percent="0" />
    </mem>
    <mem type="tenure" free="1815912" total="8650752" percent="20">
      <mem type="soa" free="1729896" total="8564736" percent="20" />
      <mem type="loa" free="86016" total="86016" percent="100" />
    </mem>
    <remembered-set count="355" />
  </mem-info>
</gc-end>
<cycle-end id="1080" type="global" contextid="1063" timestamp="2019-08-08T09:21:54.988" />
  <attribute name="elasticGC enabled" value="1" />
  <attribute name= "numThreadsSpecified" value="16" />
  <attribute name="heapSize specified" value="13893632" />
  <attribute name="Current GC Util" value="60" />
  <attribute name= "Current Time Running" value="106140" />
  <attribute name ="GC Interval" value="2873" />
  <attribute name="Target GC Util Change" value ="80.000000" />
  <attribute name="Current GC Util Change" value="60.000000"/>
  <attribute name="Current Error" value="20.000000" />
  <attribute name="Output H" value="13969336"/>
  <attribute name="Output I" value="2048"/>
  <attribute name="Output T" value="16"/>
  <attribute name= "Current Time Running" value="106140" />
  <attribute name="GC Util currently" value="60" />
  <attribute name="CPU Util currently" value="75252877763" />
<allocation-satisfied id="1081" threadId="0000000000E27900" bytesRequested="32" />
<af-end id="1082" timestamp="2019-08-08T09:21:54.988" threadId="0000000000E28288" success="true" from="nursery"/>
<exclusive-end id="1083" timestamp="2019-08-08T09:21:54.988" durationms="30.066" />

<exclusive-start id="1084" timestamp="2019-08-08T09:21:57.389" intervalms="2431.186">
  <response-info timems="1.196" idlems="1.196" threads="0" lastid="0000000000DFAA00" lastname="node-8" />
</exclusive-start>
<af-start id="1085" threadId="0000000000DFB388" totalBytesRequested="16" timestamp="2019-08-08T09:21:57.389" intervalms="2431.099" type="nursery" />
<cycle-start id="1086" type="scavenge" contextid="0" timestamp="2019-08-08T09:21:57.389" intervalms="5113.166" />
<gc-start id="1087" type="scavenge" contextid="1086" timestamp="2019-08-08T09:21:57.389">
  <mem-info id="1088" free="1815912" total="14024704" percent="12">
    <mem type="nursery" free="0" total="5373952" percent="0">
      <mem type="allocate" free="0" total="4784128" percent="0" />
      <mem type="survivor" free="0" total="589824" percent="0" />
    </mem>
    <mem type="tenure" free="1815912" total="8650752" percent="20">
      <mem type="soa" free="1729896" total="8564736" percent="20" />
      <mem type="loa" free="86016" total="86016" percent="100" />
    </mem>
    <remembered-set count="402" />
  </mem-info>
</gc-start>
<allocation-stats totalBytes="4775304" >
  <allocated-bytes non-tlh="32" tlh="4775272" />
  <largest-consumer threadName="node-24" threadId="0000000000E2F100" bytes="208880" />
</allocation-stats>
<gc-op id="1089" type="scavenge" timems="2.000" contextid="1086" timestamp="2019-08-08T09:21:57.391">
  <scavenger-info tenureage="2" tenuremask="4004" tiltratio="89" />
  <memory-copied type="nursery" objects="3201" bytes="79920" bytesdiscarded="49104" />
</gc-op>
<gc-end id="1090" type="scavenge" contextid="1086" durationms="2.201" usertimems="0.387" systemtimems="3.561" timestamp="2019-08-08T09:21:57.391" activeThreads="16">
  <mem-info id="1091" free="6471016" total="14024704" percent="46">
    <mem type="nursery" free="4655104" total="5373952" percent="86">
      <mem type="allocate" free="4655104" total="4784128" percent="97" />
      <mem type="survivor" free="0" total="589824" percent="0" />
    </mem>
    <mem type="tenure" free="1815912" total="8650752" percent="20" macro-fragmented="1250136">
      <mem type="soa" free="1729896" total="8564736" percent="20" />
      <mem type="loa" free="86016" total="86016" percent="100" />
    </mem>
    <remembered-set count="329" />
  </mem-info>
</gc-end>
<cycle-end id="1092" type="scavenge" contextid="1086" timestamp="2019-08-08T09:21:57.391" />
  <attribute name="elasticGC enabled" value="1" />
  <attribute name= "numThreadsSpecified" value="16" />
  <attribute name="heapSize specified" value="13893632" />
  <attribute name="Current GC Util" value="1" />
  <attribute name= "Current Time Running" value="108542" />
  <attribute name ="GC Interval" value="2185" />
  <attribute name="Target GC Util Change" value ="80.000000" />
  <attribute name="Current GC Util Change" value="1.000000"/>
  <attribute name="Current Error" value="99.000000" />
  <attribute name="Output H" value="14100504"/>
  <attribute name="Output I" value="2184"/>
  <attribute name="Output T" value="16"/>
  <attribute name= "Current Time Running" value="108542" />
  <attribute name="GC Util currently" value="1" />
  <attribute name="CPU Util currently" value="16" />
<allocation-satisfied id="1093" threadId="0000000000DFAA00" bytesRequested="16" />
<af-end id="1094" timestamp="2019-08-08T09:21:57.391" threadId="0000000000DFB388" success="true" from="nursery"/>
<exclusive-end id="1095" timestamp="2019-08-08T09:21:57.391" durationms="2.499" />

<exclusive-start id="1096" timestamp="2019-08-08T09:21:59.213" intervalms="1824.609">
  <response-info timems="1.923" idlems="1.068" threads="1" lastid="0000000000DE4300" lastname="node-14" />
</exclusive-start>
<af-start id="1097" threadId="0000000000E20A88" totalBytesRequested="368" timestamp="2019-08-08T09:21:59.214" intervalms="1824.858" type="nursery" />
<cycle-start id="1098" type="scavenge" contextid="0" timestamp="2019-08-08T09:21:59.214" intervalms="1824.885" />
<gc-start id="1099" type="scavenge" contextid="1098" timestamp="2019-08-08T09:21:59.214">
  <mem-info id="1100" free="1815912" total="14024704" percent="12">
    <mem type="nursery" free="0" total="5373952" percent="0">
      <mem type="allocate" free="0" total="4784128" percent="0" />
      <mem type="survivor" free="0" total="589824" percent="0" />
    </mem>
    <mem type="tenure" free="1815912" total="8650752" percent="20">
      <mem type="soa" free="1729896" total="8564736" percent="20" />
      <mem type="loa" free="86016" total="86016" percent="100" />
    </mem>
    <remembered-set count="440" />
  </mem-info>
</gc-start>
<allocation-stats totalBytes="4648928" >
  <allocated-bytes non-tlh="16" tlh="4648912" />
  <largest-consumer threadName="node-19" threadId="0000000000E18900" bytes="212968" />
</allocation-stats>
<gc-op id="1101" type="scavenge" timems="1.551" contextid="1098" timestamp="2019-08-08T09:21:59.215">
  <scavenger-info tenureage="14" tenuremask="4000" tiltratio="89" />
  <memory-copied type="nursery" objects="5624" bytes="143184" bytesdiscarded="50352" />
</gc-op>
<gc-end id="1102" type="scavenge" contextid="1098" durationms="2.111" usertimems="2.827" systemtimems="0.430" timestamp="2019-08-08T09:21:59.216" activeThreads="16">
  <mem-info id="1103" free="6406504" total="14024704" percent="45">
    <mem type="nursery" free="4590592" total="5373952" percent="85">
      <mem type="allocate" free="4590592" total="4784128" percent="95" />
      <mem type="survivor" free="0" total="589824" percent="0" />
    </mem>
    <mem type="tenure" free="1815912" total="8650752" percent="20" macro-fragmented="1250136">
      <mem type="soa" free="1729896" total="8564736" percent="20" />
      <mem type="loa" free="86016" total="86016" percent="100" />
    </mem>
    <remembered-set count="366" />
  </mem-info>
</gc-end>
<cycle-end id="1104" type="scavenge" contextid="1098" timestamp="2019-08-08T09:21:59.216" />
  <attribute name="elasticGC enabled" value="1" />
  <attribute name= "numThreadsSpecified" value="16" />
  <attribute name="heapSize specified" value="13893632" />
  <attribute name="Current GC Util" value="0" />
  <attribute name= "Current Time Running" value="110367" />
  <attribute name ="GC Interval" value="2329" />
  <attribute name="Target GC Util Change" value ="80.000000" />
  <attribute name="Current GC Util Change" value="0.000000"/>
  <attribute name="Current Error" value="179.000000" />
  <attribute name="Output H" value="14100592"/>
  <attribute name="Output I" value="2328"/>
  <attribute name="Output T" value="16"/>
  <attribute name= "Current Time Running" value="110367" />
  <attribute name="GC Util currently" value="0" />
  <attribute name="CPU Util currently" value="14" />
<allocation-satisfied id="1105" threadId="0000000000E20100" bytesRequested="368" />
<af-end id="1106" timestamp="2019-08-08T09:21:59.216" threadId="0000000000E20A88" success="true" from="nursery"/>
<exclusive-end id="1107" timestamp="2019-08-08T09:21:59.216" durationms="2.733" />

<exclusive-start id="1108" timestamp="2019-08-08T09:22:01.592" intervalms="2379.151">
  <response-info timems="0.028" idlems="0.028" threads="0" lastid="0000000000E11200" lastname="node-2" />
</exclusive-start>
<af-start id="1109" threadId="0000000000E11B88" totalBytesRequested="32" timestamp="2019-08-08T09:22:01.593" intervalms="2378.894" type="nursery" />
<cycle-start id="1110" type="scavenge" contextid="0" timestamp="2019-08-08T09:22:01.593" intervalms="2378.875" />
<gc-start id="1111" type="scavenge" contextid="1110" timestamp="2019-08-08T09:22:01.593">
  <mem-info id="1112" free="1815912" total="14024704" percent="12">
    <mem type="nursery" free="0" total="5373952" percent="0">
      <mem type="allocate" free="0" total="4784128" percent="0" />
      <mem type="survivor" free="0" total="589824" percent="0" />
    </mem>
    <mem type="tenure" free="1815912" total="8650752" percent="20">
      <mem type="soa" free="1729896" total="8564736" percent="20" />
      <mem type="loa" free="86016" total="86016" percent="100" />
    </mem>
    <remembered-set count="481" />
  </mem-info>
</gc-start>
<allocation-stats totalBytes="4584288" >
  <allocated-bytes non-tlh="368" tlh="4583920" />
  <largest-consumer threadName="node-9" threadId="0000000000DD1700" bytes="208880" />
</allocation-stats>
<gc-op id="1113" type="scavenge" timems="3.234" contextid="1110" timestamp="2019-08-08T09:22:01.596">
  <scavenger-info tenureage="14" tenuremask="4000" tiltratio="89" />
  <memory-copied type="nursery" objects="9225" bytes="223112" bytesdiscarded="51064" />
</gc-op>
<gc-end id="1114" type="scavenge" contextid="1110" durationms="4.003" usertimems="2.251" systemtimems="4.351" timestamp="2019-08-08T09:22:01.597" activeThreads="16">
  <mem-info id="1115" free="6325864" total="14024704" percent="45">
    <mem type="nursery" free="4509952" total="5373952" percent="83">
      <mem type="allocate" free="4509952" total="4784128" percent="94" />
      <mem type="survivor" free="0" total="589824" percent="0" />
    </mem>
    <mem type="tenure" free="1815912" total="8650752" percent="20" macro-fragmented="502401">
      <mem type="soa" free="1729896" total="8564736" percent="20" />
      <mem type="loa" free="86016" total="86016" percent="100" />
    </mem>
    <remembered-set count="425" />
  </mem-info>
</gc-end>
<cycle-end id="1116" type="scavenge" contextid="1110" timestamp="2019-08-08T09:22:01.597" />
  <attribute name="elasticGC enabled" value="1" />
  <attribute name= "numThreadsSpecified" value="16" />
  <attribute name="heapSize specified" value="13893632" />
  <attribute name="Current GC Util" value="0" />
  <attribute name= "Current Time Running" value="112746" />
  <attribute name ="GC Interval" value="2473" />
  <attribute name="Target GC Util Change" value ="80.000000" />
  <attribute name="Current GC Util Change" value="0.000000"/>
  <attribute name="Current Error" value="259.000000" />
  <attribute name="Output H" value="14100688"/>
  <attribute name="Output I" value="2472"/>
  <attribute name="Output T" value="16"/>
  <attribute name= "Current Time Running" value="112746" />
  <attribute name="GC Util currently" value="0" />
  <attribute name="CPU Util currently" value="16" />
<allocation-satisfied id="1117" threadId="0000000000E11200" bytesRequested="32" />
<af-end id="1118" timestamp="2019-08-08T09:22:01.597" threadId="0000000000E11B88" success="true" from="nursery"/>
<exclusive-end id="1119" timestamp="2019-08-08T09:22:01.597" durationms="4.308" />

<exclusive-start id="1120" timestamp="2019-08-08T09:22:04.005" intervalms="2412.840">
  <response-info timems="0.381" idlems="0.381" threads="0" lastid="0000000000E2B500" lastname="node-4" />
</exclusive-start>
<af-start id="1121" threadId="0000000000E2BE88" totalBytesRequested="376" timestamp="2019-08-08T09:22:04.005" intervalms="2412.835" type="nursery" />
<cycle-start id="1122" type="scavenge" contextid="0" timestamp="2019-08-08T09:22:04.005" intervalms="2412.883" />
<gc-start id="1123" type="scavenge" contextid="1122" timestamp="2019-08-08T09:22:04.005">
  <mem-info id="1124" free="1815912" total="14024704" percent="12">
    <mem type="nursery" free="0" total="5373952" percent="0">
      <mem type="allocate" free="0" total="4784128" percent="0" />
      <mem type="survivor" free="0" total="589824" percent="0" />
    </mem>
    <mem type="tenure" free="1815912" total="8650752" percent="20">
      <mem type="soa" free="1729896" total="8564736" percent="20" />
      <mem type="loa" free="86016" total="86016" percent="100" />
    </mem>
    <remembered-set count="524" />
  </mem-info>
</gc-start>
<allocation-stats totalBytes="4501920" >
  <allocated-bytes non-tlh="32" tlh="4501888" />
  <largest-consumer threadName="node-0" threadId="0000000000E27900" bytes="208880" />
</allocation-stats>
<gc-op id="1125" type="scavenge" timems="1.739" contextid="1122" timestamp="2019-08-08T09:22:04.007">
  <scavenger-info tenureage="3" tenuremask="4008" tiltratio="89" />
  <memory-copied type="nursery" objects="9774" bytes="247888" bytesdiscarded="90800" />
  <memory-copied type="tenure" objects="3055" bytes="73320" bytesdiscarded="0" />
</gc-op>
<gc-end id="1126" type="scavenge" contextid="1122" durationms="2.121" usertimems="1.959" systemtimems="2.327" timestamp="2019-08-08T09:22:04.008" activeThreads="16">
  <mem-info id="1127" free="6180712" total="14024704" percent="44">
    <mem type="nursery" free="4445440" total="5373952" percent="82">
      <mem type="allocate" free="4445440" total="4784128" percent="92" />
      <mem type="survivor" free="0" total="589824" percent="0" />
    </mem>
    <mem type="tenure" free="1735272" total="8650752" percent="20" macro-fragmented="1500163">
      <mem type="soa" free="1649256" total="8564736" percent="19" />
      <mem type="loa" free="86016" total="86016" percent="100" />
    </mem>
    <remembered-set count="409" />
  </mem-info>
</gc-end>
<cycle-end id="1128" type="scavenge" contextid="1122" timestamp="2019-08-08T09:22:04.008" />
  <attribute name="elasticGC enabled" value="1" />
  <attribute name= "numThreadsSpecified" value="16" />
  <attribute name="heapSize specified" value="13893632" />
  <attribute name="Current GC Util" value="0" />
  <attribute name= "Current Time Running" value="115159" />
  <attribute name ="GC Interval" value="2617" />
  <attribute name="Target GC Util Change" value ="80.000000" />
  <attribute name="Current GC Util Change" value="0.000000"/>
  <attribute name="Current Error" value="339.000000" />
  <attribute name="Output H" value="14100776"/>
  <attribute name="Output I" value="2616"/>
  <attribute name="Output T" value="16"/>
  <attribute name= "Current Time Running" value="115159" />
  <attribute name="GC Util currently" value="0" />
  <attribute name="CPU Util currently" value="15" />
<allocation-satisfied id="1129" threadId="0000000000E2B500" bytesRequested="376" />
<af-end id="1130" timestamp="2019-08-08T09:22:04.008" threadId="0000000000E2BE88" success="true" from="nursery"/>
<exclusive-end id="1131" timestamp="2019-08-08T09:22:04.008" durationms="2.426" />

<exclusive-start id="1132" timestamp="2019-08-08T09:22:05.754" intervalms="1748.666">
  <response-info timems="0.044" idlems="0.044" threads="0" lastid="0000000000E27900" lastname="node-0" />
</exclusive-start>
<af-start id="1133" threadId="0000000000E28288" totalBytesRequested="720" timestamp="2019-08-08T09:22:05.754" intervalms="1748.653" type="nursery" />
<cycle-start id="1134" type="scavenge" contextid="0" timestamp="2019-08-08T09:22:05.754" intervalms="1748.596" />
<gc-start id="1135" type="scavenge" contextid="1134" timestamp="2019-08-08T09:22:05.754">
  <mem-info id="1136" free="1735272" total="14024704" percent="12">
    <mem type="nursery" free="0" total="5373952" percent="0">
      <mem type="allocate" free="0" total="4784128" percent="0" />
      <mem type="survivor" free="0" total="589824" percent="0" />
    </mem>
    <mem type="tenure" free="1735272" total="8650752" percent="20">
      <mem type="soa" free="1649256" total="8564736" percent="19" />
      <mem type="loa" free="86016" total="86016" percent="100" />
    </mem>
    <remembered-set count="518" />
  </mem-info>
</gc-start>
<allocation-stats totalBytes="4435560" >
  <allocated-bytes non-tlh="376" tlh="4435184" />
  <largest-consumer threadName="node-16" threadId="0000000000DFE600" bytes="208808" />
</allocation-stats>
<gc-op id="1137" type="scavenge" timems="2.288" contextid="1134" timestamp="2019-08-08T09:22:05.756">
  <scavenger-info tenureage="14" tenuremask="4000" tiltratio="89" />
  <memory-copied type="nursery" objects="12556" bytes="316152" bytesdiscarded="70920" />
</gc-op>
<gc-end id="1138" type="scavenge" contextid="1134" durationms="2.907" usertimems="2.943" systemtimems="0.715" timestamp="2019-08-08T09:22:05.757" activeThreads="16">
  <mem-info id="1139" free="6132328" total="14024704" percent="43">
    <mem type="nursery" free="4397056" total="5373952" percent="81">
      <mem type="allocate" free="4397056" total="4784128" percent="91" />
      <mem type="survivor" free="0" total="589824" percent="0" />
    </mem>
    <mem type="tenure" free="1735272" total="8650752" percent="20" macro-fragmented="1250136">
      <mem type="soa" free="1649256" total="8564736" percent="19" />
      <mem type="loa" free="86016" total="86016" percent="100" />
    </mem>
    <remembered-set count="445" />
  </mem-info>
</gc-end>
<cycle-end id="1140" type="scavenge" contextid="1134" timestamp="2019-08-08T09:22:05.757" />
  <attribute name="elasticGC enabled" value="1" />
  <attribute name= "numThreadsSpecified" value="16" />
  <attribute name="heapSize specified" value="13893632" />
  <attribute name="Current GC Util" value="0" />
  <attribute name= "Current Time Running" value="116908" />
  <attribute name ="GC Interval" value="2761" />
  <attribute name="Target GC Util Change" value ="80.000000" />
  <attribute name="Current GC Util Change" value="0.000000"/>
  <attribute name="Current Error" value="419.000000" />
  <attribute name="Output H" value="14100872"/>
  <attribute name="Output I" value="2760"/>
  <attribute name="Output T" value="16"/>
  <attribute name= "Current Time Running" value="116908" />
  <attribute name="GC Util currently" value="0" />
  <attribute name="CPU Util currently" value="14" />
<allocation-satisfied id="1141" threadId="0000000000E27900" bytesRequested="720" />
<af-end id="1142" timestamp="2019-08-08T09:22:05.757" threadId="0000000000E28288" success="true" from="nursery"/>
<exclusive-end id="1143" timestamp="2019-08-08T09:22:05.757" durationms="3.140" />

===== DaCapo 9.12-MR1 avrora PASSED in 117917 msec =====
<exclusive-start id="1144" timestamp="2019-08-08T09:22:07.220" intervalms="1466.189">
  <response-info timems="0.113" idlems="0.113" threads="0" lastid="0000000000AEAF00" lastname="main" />
</exclusive-start>
<af-start id="1145" threadId="0000000000AEB888" totalBytesRequested="2056" timestamp="2019-08-08T09:22:07.220" intervalms="1466.186" type="nursery" />
<cycle-start id="1146" type="scavenge" contextid="0" timestamp="2019-08-08T09:22:07.220" intervalms="1466.183" />
<gc-start id="1147" type="scavenge" contextid="1146" timestamp="2019-08-08T09:22:07.220">
  <mem-info id="1148" free="1734136" total="14024704" percent="12">
    <mem type="nursery" free="0" total="5373952" percent="0">
      <mem type="allocate" free="0" total="4784128" percent="0" />
      <mem type="survivor" free="0" total="589824" percent="0" />
    </mem>
    <mem type="tenure" free="1734136" total="8650752" percent="20">
      <mem type="soa" free="1648120" total="8564736" percent="19" />
      <mem type="loa" free="86016" total="86016" percent="100" />
    </mem>
    <remembered-set count="617" />
  </mem-info>
</gc-start>
<allocation-stats totalBytes="4370056" >
  <allocated-bytes non-tlh="69496" tlh="4300560" />
  <largest-consumer threadName="main" threadId="0000000000AEAF00" bytes="1618744" />
</allocation-stats>
<gc-op id="1149" type="scavenge" timems="5.421" contextid="1146" timestamp="2019-08-08T09:22:07.226">
  <scavenger-info tenureage="3" tenuremask="4018" tiltratio="89" />
  <memory-copied type="nursery" objects="8545" bytes="362184" bytesdiscarded="27448" />
  <memory-copied type="tenure" objects="6028" bytes="144672" bytesdiscarded="480" />
  <finalization candidates="1" enqueued="1" />
  <references type="soft" candidates="11" cleared="0" enqueued="0" dynamicThreshold="6" maxThreshold="32" />
  <references type="weak" candidates="17" cleared="16" enqueued="16" />
  <references type="phantom" candidates="16" cleared="12" enqueued="12" />
</gc-op>
<gc-end id="1150" type="scavenge" contextid="1146" durationms="5.958" usertimems="3.216" systemtimems="6.130" timestamp="2019-08-08T09:22:07.226" activeThreads="16">
  <mem-info id="1151" free="5983448" total="14024704" percent="42">
    <mem type="nursery" free="4394464" total="5373952" percent="81">
      <mem type="allocate" free="4394464" total="4784128" percent="91" />
      <mem type="survivor" free="0" total="589824" percent="0" />
    </mem>
    <mem type="tenure" free="1588984" total="8650752" percent="18" macro-fragmented="0">
      <mem type="soa" free="1502968" total="8564736" percent="17" />
      <mem type="loa" free="86016" total="86016" percent="100" />
    </mem>
    <pending-finalizers system="1" default="0" reference="28" classloader="0" />
    <remembered-set count="430" />
  </mem-info>
</gc-end>
<cycle-end id="1152" type="scavenge" contextid="1146" timestamp="2019-08-08T09:22:07.226" />
  <attribute name="elasticGC enabled" value="1" />
  <attribute name= "numThreadsSpecified" value="16" />
  <attribute name="heapSize specified" value="13893632" />
  <attribute name="Current GC Util" value="0" />
  <attribute name= "Current Time Running" value="118374" />
  <attribute name ="GC Interval" value="2153" />
  <attribute name="Target GC Util Change" value ="80.000000" />
  <attribute name="Current GC Util Change" value="0.000000"/>
  <attribute name="Current Error" value="80.000000" />
  <attribute name="Output H" value="14100480"/>
  <attribute name="Output I" value="2152"/>
  <attribute name="Output T" value="16"/>
  <attribute name= "Current Time Running" value="118374" />
  <attribute name="GC Util currently" value="0" />
  <attribute name="CPU Util currently" value="14" />
<allocation-satisfied id="1153" threadId="0000000000AEAF00" bytesRequested="2056" />
<af-end id="1154" timestamp="2019-08-08T09:22:07.227" threadId="0000000000AEB888" success="true" from="nursery"/>
<exclusive-end id="1155" timestamp="2019-08-08T09:22:07.227" durationms="6.362" />

<exclusive-start id="1156" timestamp="2019-08-08T09:22:07.483" intervalms="263.029">
  <response-info timems="0.015" idlems="0.015" threads="0" lastid="0000000000AEAF00" lastname="main" />
</exclusive-start>
<af-start id="1157" threadId="0000000000AEB888" totalBytesRequested="2056" timestamp="2019-08-08T09:22:07.483" intervalms="263.023" type="nursery" />
<cycle-start id="1158" type="scavenge" contextid="0" timestamp="2019-08-08T09:22:07.483" intervalms="263.022" />
<gc-start id="1159" type="scavenge" contextid="1158" timestamp="2019-08-08T09:22:07.483">
  <mem-info id="1160" free="1588984" total="14024704" percent="11">
    <mem type="nursery" free="0" total="5373952" percent="0">
      <mem type="allocate" free="0" total="4784128" percent="0" />
      <mem type="survivor" free="0" total="589824" percent="0" />
    </mem>
    <mem type="tenure" free="1588984" total="8650752" percent="18">
      <mem type="soa" free="1502968" total="8564736" percent="17" />
      <mem type="loa" free="86016" total="86016" percent="100" />
    </mem>
    <remembered-set count="433" />
  </mem-info>
</gc-start>
<allocation-stats totalBytes="4375448" >
  <allocated-bytes non-tlh="2056" tlh="4373392" />
  <largest-consumer threadName="main" threadId="0000000000AEAF00" bytes="4375448" />
</allocation-stats>
<gc-op id="1161" type="scavenge" timems="8.610" contextid="1158" timestamp="2019-08-08T09:22:07.492">
  <scavenger-info tenureage="3" tenuremask="4008" tiltratio="89" />
  <memory-copied type="nursery" objects="4905" bytes="141208" bytesdiscarded="44368" />
  <memory-copied type="tenure" objects="3573" bytes="85752" bytesdiscarded="0" />
  <references type="soft" candidates="11" cleared="0" enqueued="0" dynamicThreshold="6" maxThreshold="32" />
  <references type="weak" candidates="1" cleared="0" enqueued="0" />
  <references type="phantom" candidates="3" cleared="0" enqueued="0" />
</gc-op>
<gc-end id="1162" type="scavenge" contextid="1158" durationms="8.921" usertimems="4.850" systemtimems="0.270" timestamp="2019-08-08T09:22:07.492" activeThreads="16">
  <mem-info id="1163" free="6090736" total="14024704" percent="43">
    <mem type="nursery" free="4598520" total="5373952" percent="85">
      <mem type="allocate" free="4598520" total="4784128" percent="96" />
      <mem type="survivor" free="0" total="589824" percent="0" />
    </mem>
    <mem type="tenure" free="1492216" total="8650752" percent="17" macro-fragmented="0">
      <mem type="soa" free="1406200" total="8564736" percent="16" />
      <mem type="loa" free="86016" total="86016" percent="100" />
    </mem>
    <remembered-set count="312" />
  </mem-info>
</gc-end>
<cycle-end id="1164" type="scavenge" contextid="1158" timestamp="2019-08-08T09:22:07.492" />
  <attribute name="elasticGC enabled" value="1" />
  <attribute name= "numThreadsSpecified" value="16" />
  <attribute name="heapSize specified" value="13893632" />
  <attribute name="Current GC Util" value="3" />
  <attribute name= "Current Time Running" value="118637" />
  <attribute name ="GC Interval" value="2289" />
  <attribute name="Target GC Util Change" value ="80.000000" />
  <attribute name="Current GC Util Change" value="3.000000"/>
  <attribute name="Current Error" value="157.000000" />
  <attribute name="Output H" value="14100568"/>
  <attribute name="Output I" value="2288"/>
  <attribute name="Output T" value="16"/>
  <attribute name= "Current Time Running" value="118637" />
  <attribute name="GC Util currently" value="3" />
  <attribute name="CPU Util currently" value="4383327910" />
<allocation-satisfied id="1165" threadId="0000000000AEAF00" bytesRequested="2056" />
<af-end id="1166" timestamp="2019-08-08T09:22:07.492" threadId="0000000000AEB888" success="true" from="nursery"/>
<exclusive-end id="1167" timestamp="2019-08-08T09:22:07.492" durationms="9.239" />

<exclusive-start id="1168" timestamp="2019-08-08T09:22:07.614" intervalms="130.396">
  <response-info timems="0.032" idlems="0.032" threads="0" lastid="0000000000AEAF00" lastname="main" />
</exclusive-start>
<af-start id="1169" threadId="0000000000AEB888" totalBytesRequested="1032" timestamp="2019-08-08T09:22:07.614" intervalms="130.396" type="nursery" />
<cycle-start id="1170" type="scavenge" contextid="0" timestamp="2019-08-08T09:22:07.614" intervalms="130.397" />
<gc-start id="1171" type="scavenge" contextid="1170" timestamp="2019-08-08T09:22:07.614">
  <mem-info id="1172" free="1491296" total="14024704" percent="10">
    <mem type="nursery" free="0" total="5373952" percent="0">
      <mem type="allocate" free="0" total="4784128" percent="0" />
      <mem type="survivor" free="0" total="589824" percent="0" />
    </mem>
    <mem type="tenure" free="1491296" total="8650752" percent="17">
      <mem type="soa" free="1405280" total="8564736" percent="16" />
      <mem type="loa" free="86016" total="86016" percent="100" />
    </mem>
    <remembered-set count="328" />
  </mem-info>
</gc-start>
<allocation-stats totalBytes="4497544" >
  <allocated-bytes non-tlh="517768" tlh="3979776" />
  <largest-consumer threadName="main" threadId="0000000000AEAF00" bytes="4497544" />
</allocation-stats>
<gc-op id="1173" type="scavenge" timems="6.976" contextid="1170" timestamp="2019-08-08T09:22:07.621">
  <scavenger-info tenureage="3" tenuremask="4008" tiltratio="89" />
  <memory-copied type="nursery" objects="2523" bytes="542808" bytesdiscarded="46984" />
  <memory-copied type="tenure" objects="2834" bytes="292864" bytesdiscarded="8" />
  <copy-failed type="nursery" objects="59" bytes="226280" />
  <references type="soft" candidates="12" cleared="0" enqueued="0" dynamicThreshold="6" maxThreshold="32" />
  <references type="weak" candidates="4" cleared="4" enqueued="4" />
  <references type="phantom" candidates="30" cleared="0" enqueued="0" />
</gc-op>
<gc-end id="1174" type="scavenge" contextid="1170" durationms="8.686" usertimems="6.410" systemtimems="4.808" timestamp="2019-08-08T09:22:07.622" activeThreads="16">
  <mem-info id="1175" free="4221864" total="14024704" percent="30">
    <mem type="nursery" free="3080192" total="5373952" percent="57">
      <mem type="allocate" free="3080192" total="3670016" percent="83" />
      <mem type="survivor" free="0" total="1703936" percent="0" />
    </mem>
    <mem type="tenure" free="1141672" total="8650752" percent="13" macro-fragmented="1041779">
      <mem type="soa" free="1055656" total="8564736" percent="12" />
      <mem type="loa" free="86016" total="86016" percent="100" />
    </mem>
    <pending-finalizers system="0" default="0" reference="4" classloader="0" />
    <remembered-set count="291" />
  </mem-info>
</gc-end>
<cycle-end id="1176" type="scavenge" contextid="1170" timestamp="2019-08-08T09:22:07.623" />
  <attribute name="elasticGC enabled" value="1" />
  <attribute name= "numThreadsSpecified" value="16" />
  <attribute name="heapSize specified" value="13893632" />
  <attribute name="Current GC Util" value="4" />
  <attribute name= "Current Time Running" value="118767" />
  <attribute name ="GC Interval" value="2425" />
  <attribute name="Target GC Util Change" value ="80.000000" />
  <attribute name="Current GC Util Change" value="4.000000"/>
  <attribute name="Current Error" value="233.000000" />
  <attribute name="Output H" value="14100656"/>
  <attribute name="Output I" value="2424"/>
  <attribute name="Output T" value="16"/>
  <attribute name= "Current Time Running" value="118767" />
  <attribute name="GC Util currently" value="4" />
  <attribute name="CPU Util currently" value="8842297542" />
<allocation-satisfied id="1177" threadId="0000000000AEAF00" bytesRequested="1032" />
<af-end id="1178" timestamp="2019-08-08T09:22:07.623" threadId="0000000000AEB888" success="true" from="nursery"/>
<exclusive-end id="1179" timestamp="2019-08-08T09:22:07.623" durationms="9.169" />

WARNING: An illegal reflective access operation has occurred
WARNING: Illegal reflective access by com.google.common.base.internal.Finalizer (file:/./scratch/jar/guava-r07.jar) to field java.lang.Thread.inheritableThreadLocals
WARNING: Please consider reporting this to the maintainers of com.google.common.base.internal.Finalizer
WARNING: Use --illegal-access=warn to enable warnings of further illegal reflective access operations
WARNING: All illegal access operations will be denied in a future release
<exclusive-start id="1180" timestamp="2019-08-08T09:22:07.706" intervalms="92.585">
  <response-info timems="0.016" idlems="0.016" threads="0" lastid="0000000000AEAF00" lastname="main" />
</exclusive-start>
<af-start id="1181" threadId="0000000000AEB888" totalBytesRequested="49816" timestamp="2019-08-08T09:22:07.706" intervalms="92.587" type="nursery" />
<cycle-start id="1182" type="scavenge" contextid="0" timestamp="2019-08-08T09:22:07.706" intervalms="92.591" />
<gc-start id="1183" type="scavenge" contextid="1182" timestamp="2019-08-08T09:22:07.706">
  <mem-info id="1184" free="1092032" total="14024704" percent="7">
    <mem type="nursery" free="0" total="5373952" percent="0">
      <mem type="allocate" free="0" total="3670016" percent="0" />
      <mem type="survivor" free="0" total="1703936" percent="0" />
    </mem>
    <mem type="tenure" free="1092032" total="8650752" percent="12">
      <mem type="soa" free="1006016" total="8564736" percent="11" />
      <mem type="loa" free="86016" total="86016" percent="100" />
    </mem>
    <remembered-set count="910" />
  </mem-info>
</gc-start>
<allocation-stats totalBytes="3089528" >
  <allocated-bytes non-tlh="50672" tlh="3038856" />
  <largest-consumer threadName="main" threadId="0000000000AEAF00" bytes="3089528" />
</allocation-stats>
<gc-op id="1185" type="scavenge" timems="8.573" contextid="1182" timestamp="2019-08-08T09:22:07.715">
  <scavenger-info tenureage="5" tenuremask="ffe0" tiltratio="68" />
  <memory-copied type="nursery" objects="5393" bytes="655992" bytesdiscarded="40184" />
  <finalization candidates="39" enqueued="1" />
  <ownableSynchronizers candidates="17" cleared="0" />
  <references type="soft" candidates="20" cleared="0" enqueued="0" dynamicThreshold="6" maxThreshold="32" />
  <references type="weak" candidates="757" cleared="382" enqueued="280" />
  <references type="phantom" candidates="37" cleared="2" enqueued="2" />
</gc-op>
<heap-resize id="1186" type="expand" space="nursery" amount="393216" count="1" timems="0.021" reason="excessive time being spent scavenging" timestamp="2019-08-08T09:22:07.715" />
<gc-end id="1187" type="scavenge" contextid="1182" durationms="9.170" usertimems="3.852" systemtimems="1.053" timestamp="2019-08-08T09:22:07.715" activeThreads="16">
  <mem-info id="1188" free="4458872" total="14417920" percent="30">
    <mem type="nursery" free="3366840" total="5767168" percent="58">
      <mem type="allocate" free="3366840" total="4063232" percent="82" />
      <mem type="survivor" free="0" total="1703936" percent="0" />
    </mem>
    <mem type="tenure" free="1092032" total="8650752" percent="12" macro-fragmented="868149">
      <mem type="soa" free="1006016" total="8564736" percent="11" />
      <mem type="loa" free="86016" total="86016" percent="100" />
    </mem>
    <pending-finalizers system="1" default="0" reference="282" classloader="0" />
    <remembered-set count="905" />
  </mem-info>
</gc-end>
<cycle-end id="1189" type="scavenge" contextid="1182" timestamp="2019-08-08T09:22:07.716" />
  <attribute name="elasticGC enabled" value="1" />
  <attribute name= "numThreadsSpecified" value="16" />
  <attribute name="heapSize specified" value="13893632" />
  <attribute name="Current GC Util" value="11" />
  <attribute name= "Current Time Running" value="118860" />
  <attribute name ="GC Interval" value="2553" />
  <attribute name="Target GC Util Change" value ="80.000000" />
  <attribute name="Current GC Util Change" value="11.000000"/>
  <attribute name="Current Error" value="302.000000" />
  <attribute name="Output H" value="14100736"/>
  <attribute name="Output I" value="2552"/>
  <attribute name="Output T" value="16"/>
  <attribute name= "Current Time Running" value="118860" />
  <attribute name="GC Util currently" value="11" />
  <attribute name="CPU Util currently" value="12438271524" />
<allocation-satisfied id="1190" threadId="0000000000AEAF00" bytesRequested="49816" />
<af-end id="1191" timestamp="2019-08-08T09:22:07.716" threadId="0000000000AEB888" success="true" from="nursery"/>
<exclusive-end id="1192" timestamp="2019-08-08T09:22:07.716" durationms="9.589" />

<exclusive-start id="1193" timestamp="2019-08-08T09:22:07.834" intervalms="127.537">
  <response-info timems="0.047" idlems="0.047" threads="0" lastid="0000000000AEAF00" lastname="main" />
</exclusive-start>
<af-start id="1194" threadId="0000000000AEB888" totalBytesRequested="1656" timestamp="2019-08-08T09:22:07.834" intervalms="127.533" type="nursery" />
<cycle-start id="1195" type="scavenge" contextid="0" timestamp="2019-08-08T09:22:07.834" intervalms="127.529" />
<gc-start id="1196" type="scavenge" contextid="1195" timestamp="2019-08-08T09:22:07.834">
  <mem-info id="1197" free="932392" total="14417920" percent="6">
    <mem type="nursery" free="0" total="5767168" percent="0">
      <mem type="allocate" free="0" total="4063232" percent="0" />
      <mem type="survivor" free="0" total="1703936" percent="0" />
    </mem>
    <mem type="tenure" free="932392" total="8650752" percent="10">
      <mem type="soa" free="846376" total="8564736" percent="9" />
      <mem type="loa" free="86016" total="86016" percent="100" />
    </mem>
    <remembered-set count="2897" />
  </mem-info>
</gc-start>
<allocation-stats totalBytes="3522248" >
  <allocated-bytes non-tlh="209456" tlh="3312792" />
  <largest-consumer threadName="main" threadId="0000000000AEAF00" bytes="3510416" />
</allocation-stats>
<gc-op id="1198" type="scavenge" timems="3.335" contextid="1195" timestamp="2019-08-08T09:22:07.837">
  <scavenger-info tenureage="3" tenuremask="fff8" tiltratio="70" />
  <memory-copied type="nursery" objects="11042" bytes="761224" bytesdiscarded="78992" />
  <memory-copied type="tenure" objects="2063" bytes="52824" bytesdiscarded="24" />
  <finalization candidates="49" enqueued="0" />
  <ownableSynchronizers candidates="17" cleared="0" />
  <references type="soft" candidates="48" cleared="0" enqueued="0" dynamicThreshold="6" maxThreshold="32" />
  <references type="weak" candidates="1039" cleared="96" enqueued="78" />
  <references type="phantom" candidates="40" cleared="2" enqueued="2" />
</gc-op>
<gc-end id="1199" type="scavenge" contextid="1195" durationms="3.764" usertimems="4.157" systemtimems="3.100" timestamp="2019-08-08T09:22:07.838" activeThreads="16">
  <mem-info id="1200" free="4559528" total="14417920" percent="31">
    <mem type="nursery" free="3746944" total="5767168" percent="64">
      <mem type="allocate" free="3746944" total="4587520" percent="81" />
      <mem type="survivor" free="0" total="1179648" percent="0" />
    </mem>
    <mem type="tenure" free="812584" total="8650752" percent="9" macro-fragmented="502401">
      <mem type="soa" free="726568" total="8564736" percent="8" />
      <mem type="loa" free="86016" total="86016" percent="100" />
    </mem>
    <pending-finalizers system="0" default="0" reference="80" classloader="0" />
    <remembered-set count="2729" />
  </mem-info>
</gc-end>
<cycle-end id="1201" type="scavenge" contextid="1195" timestamp="2019-08-08T09:22:07.838" />
  <attribute name="elasticGC enabled" value="1" />
  <attribute name= "numThreadsSpecified" value="16" />
  <attribute name="heapSize specified" value="13893632" />
  <attribute name="Current GC Util" value="3" />
  <attribute name= "Current Time Running" value="118987" />
  <attribute name ="GC Interval" value="2689" />
  <attribute name="Target GC Util Change" value ="80.000000" />
  <attribute name="Current GC Util Change" value="3.000000"/>
  <attribute name="Current Error" value="379.000000" />
  <attribute name="Output H" value="14494040"/>
  <attribute name="Output I" value="2688"/>
  <attribute name="Output T" value="16"/>
  <attribute name= "Current Time Running" value="118987" />
  <attribute name="GC Util currently" value="3" />
  <attribute name="CPU Util currently" value="9043160392" />
<allocation-satisfied id="1202" threadId="0000000000AEAF00" bytesRequested="1656" />
<af-end id="1203" timestamp="2019-08-08T09:22:07.838" threadId="0000000000AEB888" success="true" from="nursery"/>
<exclusive-end id="1204" timestamp="2019-08-08T09:22:07.838" durationms="4.194" />

<exclusive-start id="1205" timestamp="2019-08-08T09:22:08.613" intervalms="779.101">
  <response-info timems="0.029" idlems="0.029" threads="0" lastid="0000000000AEAF00" lastname="main" />
</exclusive-start>
<af-start id="1206" threadId="0000000000AEB888" totalBytesRequested="3472" timestamp="2019-08-08T09:22:08.613" intervalms="779.117" type="nursery" />
<cycle-start id="1207" type="scavenge" contextid="0" timestamp="2019-08-08T09:22:08.613" intervalms="779.116" />
<gc-start id="1208" type="scavenge" contextid="1207" timestamp="2019-08-08T09:22:08.613">
  <mem-info id="1209" free="734136" total="14417920" percent="5">
    <mem type="nursery" free="0" total="5767168" percent="0">
      <mem type="allocate" free="0" total="4587520" percent="0" />
      <mem type="survivor" free="0" total="1179648" percent="0" />
    </mem>
    <mem type="tenure" free="734136" total="8650752" percent="8">
      <mem type="soa" free="648120" total="8564736" percent="7" />
      <mem type="loa" free="86016" total="86016" percent="100" />
    </mem>
    <remembered-set count="3650" />
  </mem-info>
</gc-start>
<allocation-stats totalBytes="3818288" >
  <allocated-bytes non-tlh="80104" tlh="3738184" />
  <largest-consumer threadName="main" threadId="0000000000AEAF00" bytes="3798200" />
</allocation-stats>
<gc-op id="1210" type="scavenge" timems="3.180" contextid="1207" timestamp="2019-08-08T09:22:08.616">
  <scavenger-info tenureage="3" tenuremask="ffd8" tiltratio="79" />
  <memory-copied type="nursery" objects="16191" bytes="560536" bytesdiscarded="89584" />
  <memory-copied type="tenure" objects="384" bytes="408328" bytesdiscarded="24" />
  <finalization candidates="49" enqueued="0" />
  <ownableSynchronizers candidates="17" cleared="0" />
  <references type="soft" candidates="520" cleared="0" enqueued="0" dynamicThreshold="6" maxThreshold="32" />
  <references type="weak" candidates="1260" cleared="30" enqueued="30" />
  <references type="phantom" candidates="12" cleared="3" enqueued="3" />
</gc-op>
<gc-end id="1211" type="scavenge" contextid="1207" durationms="3.761" usertimems="8.205" systemtimems="0.000" timestamp="2019-08-08T09:22:08.617" activeThreads="16">
  <mem-info id="1212" free="4333232" total="14417920" percent="30">
    <mem type="nursery" free="4002304" total="5767168" percent="69">
      <mem type="allocate" free="4002304" total="4653056" percent="86" />
      <mem type="survivor" free="0" total="1114112" percent="0" />
    </mem>
    <mem type="tenure" free="330928" total="8650752" percent="3" macro-fragmented="0">
      <mem type="soa" free="244912" total="8564736" percent="2" />
      <mem type="loa" free="86016" total="86016" percent="100" />
    </mem>
    <pending-finalizers system="0" default="0" reference="33" classloader="0" />
    <remembered-set count="3320" />
  </mem-info>
</gc-end>
<cycle-end id="1213" type="scavenge" contextid="1207" timestamp="2019-08-08T09:22:08.617" />
  <attribute name="elasticGC enabled" value="1" />
  <attribute name= "numThreadsSpecified" value="16" />
  <attribute name="heapSize specified" value="13893632" />
  <attribute name="Current GC Util" value="0" />
  <attribute name= "Current Time Running" value="119767" />
  <attribute name ="GC Interval" value="2833" />
  <attribute name="Target GC Util Change" value ="80.000000" />
  <attribute name="Current GC Util Change" value="0.000000"/>
  <attribute name="Current Error" value="459.000000" />
  <attribute name="Output H" value="14494136"/>
  <attribute name="Output I" value="2832"/>
  <attribute name="Output T" value="16"/>
  <attribute name= "Current Time Running" value="119767" />
  <attribute name="GC Util currently" value="0" />
  <attribute name="CPU Util currently" value="4" />
<allocation-satisfied id="1214" threadId="0000000000AEAF00" bytesRequested="3472" />
<af-end id="1215" timestamp="2019-08-08T09:22:08.617" threadId="0000000000AEB888" success="true" from="nursery"/>
<exclusive-end id="1216" timestamp="2019-08-08T09:22:08.617" durationms="4.107" />

<concurrent-kickoff id="1217" timestamp="2019-08-08T09:22:08.695">
  <kickoff reason="threshold reached" targetBytes="5536482" thresholdFreeBytes="760340"  remainingFree="754800" tenureFreeBytes="252904" nurseryFreeBytes="754800" />
</concurrent-kickoff>
<exclusive-start id="1218" timestamp="2019-08-08T09:22:08.695" intervalms="81.798">
  <response-info timems="0.017" idlems="0.017" threads="0" lastid="0000000000AEAF00" lastname="main" />
</exclusive-start>
<cycle-start id="1219" type="global" contextid="0" timestamp="2019-08-08T09:22:08.695" intervalms="14262.968" />
<exclusive-end id="1220" timestamp="2019-08-08T09:22:08.695" durationms="0.015" />

<exclusive-start id="1221" timestamp="2019-08-08T09:22:08.705" intervalms="10.884">
  <response-info timems="0.015" idlems="0.015" threads="0" lastid="0000000000AEAF00" lastname="main" />
</exclusive-start>
<concurrent-collection-start id="1222" timestamp="2019-08-08T09:22:08.706" intervalms="59922.842" >
  <concurrent-trace-info reason="card cleaning threshold reached" tracedByMutators="7456" tracedByHelpers="723944" cardsCleaned="27" workStackOverflowCount="0" />
</concurrent-collection-start>
<gc-start id="1223" type="global" contextid="1219" timestamp="2019-08-08T09:22:08.706">
  <mem-info id="1224" free="508472" total="14417920" percent="3">
    <mem type="nursery" free="266752" total="5767168" percent="4">
      <mem type="allocate" free="266752" total="4653056" percent="5" />
      <mem type="survivor" free="0" total="1114112" percent="0" />
    </mem>
    <mem type="tenure" free="241720" total="8650752" percent="2">
      <mem type="soa" free="155704" total="8564736" percent="1" />
      <mem type="loa" free="86016" total="86016" percent="100" />
    </mem>
    <remembered-set count="4139" />
  </mem-info>
</gc-start>
<allocation-stats totalBytes="3798672" >
  <allocated-bytes non-tlh="92680" tlh="3705992" />
  <largest-consumer threadName="main" threadId="0000000000AEAF00" bytes="3790480" />
</allocation-stats>
<gc-op id="1225" type="rs-scan" timems="1.124" contextid="1219" timestamp="2019-08-08T09:22:08.707">
  <scan objectsFound="3680" bytesTraced="365932" workStackOverflowCount="0" />
</gc-op>
<gc-op id="1226" type="card-cleaning" timems="0.689" contextid="1219" timestamp="2019-08-08T09:22:08.707">
  <card-cleaning cardsCleaned="3" bytesTraced="24292" workStackOverflowCount="0" />
</gc-op>
<gc-op id="1227" type="mark" timems="9.888" contextid="1219" timestamp="2019-08-08T09:22:08.717">
  <trace-info objectcount="12215" scancount="10773" scanbytes="338776" />
  <finalization candidates="65" enqueued="0" />
  <ownableSynchronizers candidates="17" cleared="0" />
  <references type="soft" candidates="622" cleared="2" enqueued="2" dynamicThreshold="6" maxThreshold="32" />
  <references type="weak" candidates="1841" cleared="82" enqueued="54" />
  <references type="phantom" candidates="74" cleared="2" enqueued="2" />
  <stringconstants candidates="6713" cleared="0"  />
</gc-op>
<gc-op id="1228" type="classunload" timems="0.003" contextid="1219" timestamp="2019-08-08T09:22:08.717">
  <classunload-info classloadercandidates="11" classloadersunloaded="0" classesunloaded="0" anonymousclassesunloaded="0" quiescems="0.000" setupms="0.002" scanms="0.001" postms="0.000" />
</gc-op>
<gc-op id="1229" type="sweep" timems="1.041" contextid="1219" timestamp="2019-08-08T09:22:08.719" />
<mem-info id="1230" free="10260240" total="14417920" percent="71">
  <mem type="nursery" free="3943536" total="5767168" percent="68">
    <mem type="allocate" free="3943536" total="4653056" percent="84" />
    <mem type="survivor" free="0" total="1114112" percent="0" />
  </mem>
  <mem type="tenure" free="6316704" total="8650752" percent="73" micro-fragmented="17217" macro-fragmented="20464">
    <mem type="soa" free="6230688" total="8564736" percent="72" />
    <mem type="loa" free="86016" total="86016" percent="100" />
  </mem>
  <pending-finalizers system="0" default="0" reference="58" classloader="0" />
  <remembered-set count="4089" />
</mem-info>
<gc-op id="1231" type="compact" timems="7.846" contextid="1219" timestamp="2019-08-08T09:22:08.727">
  <compact-info movecount="43761" movebytes="2730400" reason="compact to aid heap contraction" />
</gc-op>
<heap-resize id="1232" type="expand" space="tenure" amount="131072" count="1" timems="0.020" reason="satisfy allocation request" timestamp="2019-08-08T09:22:08.727" />
<gc-end id="1233" type="global" contextid="1219" durationms="21.764" usertimems="39.551" systemtimems="0.000" timestamp="2019-08-08T09:22:08.727" activeThreads="16">
  <mem-info id="1234" free="10459576" total="14548992" percent="71">
    <mem type="nursery" free="3990544" total="5767168" percent="69">
      <mem type="allocate" free="3990544" total="4653056" percent="85" />
      <mem type="survivor" free="0" total="1114112" percent="0" />
    </mem>
    <mem type="tenure" free="6469032" total="8781824" percent="73">
      <mem type="soa" free="6381992" total="8694784" percent="73" />
      <mem type="loa" free="87040" total="87040" percent="100" />
    </mem>
    <pending-finalizers system="0" default="0" reference="58" classloader="0" />
    <remembered-set count="4089" />
  </mem-info>
</gc-end>
<cycle-end id="1235" type="global" contextid="1219" timestamp="2019-08-08T09:22:08.727" />
  <attribute name="elasticGC enabled" value="1" />
  <attribute name= "numThreadsSpecified" value="16" />
  <attribute name="heapSize specified" value="14417920" />
  <attribute name="Current GC Util" value="133" />
  <attribute name= "Current Time Running" value="119880" />
  <attribute name ="GC Interval" value="2833" />
  <attribute name="Target GC Util Change" value ="80.000000" />
  <attribute name="Current GC Util Change" value="133.000000"/>
  <attribute name="Current Error" value="-53.000000" />
  <attribute name="Output H" value="14493544"/>
  <attribute name="Output I" value="1920"/>
  <attribute name="Output T" value="16"/>
  <attribute name= "Current Time Running" value="119880" />
  <attribute name="GC Util currently" value="133" />
  <attribute name="CPU Util currently" value="146665852822" />
<concurrent-collection-end id="1236" timestamp="2019-08-08T09:22:08.727" />
<exclusive-end id="1237" timestamp="2019-08-08T09:22:08.727" durationms="21.915" />

<exclusive-start id="1238" timestamp="2019-08-08T09:22:08.882" intervalms="176.097">
  <response-info timems="0.014" idlems="0.014" threads="0" lastid="0000000000AEAF00" lastname="main" />
</exclusive-start>
<af-start id="1239" threadId="0000000000AEB888" totalBytesRequested="2192" timestamp="2019-08-08T09:22:08.882" intervalms="268.764" type="nursery" />
<cycle-start id="1240" type="scavenge" contextid="0" timestamp="2019-08-08T09:22:08.882" intervalms="268.765" />
<gc-start id="1241" type="scavenge" contextid="1240" timestamp="2019-08-08T09:22:08.882">
  <mem-info id="1242" free="6364824" total="14548992" percent="43">
    <mem type="nursery" free="0" total="5767168" percent="0">
      <mem type="allocate" free="0" total="4653056" percent="0" />
      <mem type="survivor" free="0" total="1114112" percent="0" />
    </mem>
    <mem type="tenure" free="6364824" total="8781824" percent="72">
      <mem type="soa" free="6277784" total="8694784" percent="72" />
      <mem type="loa" free="87040" total="87040" percent="100" />
    </mem>
    <remembered-set count="5470" />
  </mem-info>
</gc-start>
<allocation-stats totalBytes="4052624" >
  <allocated-bytes non-tlh="366360" tlh="3686264" />
  <largest-consumer threadName="main" threadId="0000000000AEAF00" bytes="3978432" />
</allocation-stats>
<gc-op id="1243" type="scavenge" timems="2.450" contextid="1240" timestamp="2019-08-08T09:22:08.884">
  <scavenger-info tenureage="3" tenuremask="ffe8" tiltratio="80" />
  <memory-copied type="nursery" objects="20710" bytes="1084768" bytesdiscarded="27480" />
  <memory-copied type="tenure" objects="6573" bytes="246648" bytesdiscarded="136" />
  <copy-failed type="nursery" objects="4455" bytes="162080" />
  <finalization candidates="67" enqueued="0" />
  <ownableSynchronizers candidates="21" cleared="0" />
  <references type="soft" candidates="870" cleared="0" enqueued="0" dynamicThreshold="23" maxThreshold="32" />
  <references type="weak" candidates="1192" cleared="248" enqueued="168" />
  <references type="phantom" candidates="11" cleared="2" enqueued="2" />
</gc-op>
<gc-end id="1244" type="scavenge" contextid="1240" durationms="2.862" usertimems="7.435" systemtimems="0.000" timestamp="2019-08-08T09:22:08.885" activeThreads="16">
  <mem-info id="1245" free="8329112" total="14548992" percent="57">
    <mem type="nursery" free="2293760" total="5767168" percent="39">
      <mem type="allocate" free="2293760" total="3407872" percent="67" />
      <mem type="survivor" free="0" total="2359296" percent="0" />
    </mem>
    <mem type="tenure" free="6035352" total="8781824" percent="68" macro-fragmented="3110739">
      <mem type="soa" free="5948312" total="8694784" percent="68" />
      <mem type="loa" free="87040" total="87040" percent="100" />
    </mem>
    <pending-finalizers system="0" default="0" reference="170" classloader="0" />
    <remembered-set count="5373" />
  </mem-info>
</gc-end>
<cycle-end id="1246" type="scavenge" contextid="1240" timestamp="2019-08-08T09:22:08.885" />
  <attribute name="elasticGC enabled" value="1" />
  <attribute name= "numThreadsSpecified" value="16" />
  <attribute name="heapSize specified" value="14417920" />
  <attribute name="Current GC Util" value="6" />
  <attribute name= "Current Time Running" value="120035" />
  <attribute name ="GC Interval" value="2049" />
  <attribute name="Target GC Util Change" value ="80.000000" />
  <attribute name="Current GC Util Change" value="6.000000"/>
  <attribute name="Current Error" value="21.000000" />
  <attribute name="Output H" value="14624696"/>
  <attribute name="Output I" value="2048"/>
  <attribute name="Output T" value="16"/>
  <attribute name= "Current Time Running" value="120035" />
  <attribute name="GC Util currently" value="6" />
  <attribute name="CPU Util currently" value="7438352511" />
<allocation-satisfied id="1247" threadId="0000000000AEAF00" bytesRequested="2192" />
<af-end id="1248" timestamp="2019-08-08T09:22:08.885" threadId="0000000000AEB888" success="true" from="nursery"/>
<exclusive-end id="1249" timestamp="2019-08-08T09:22:08.885" durationms="3.153" />

<exclusive-start id="1250" timestamp="2019-08-08T09:22:08.912" intervalms="30.543">
  <response-info timems="0.048" idlems="0.048" threads="0" lastid="0000000000AEAF00" lastname="main" />
</exclusive-start>
<af-start id="1251" threadId="0000000000AEB888" totalBytesRequested="262168" timestamp="2019-08-08T09:22:08.912" intervalms="30.552" type="nursery" />
<cycle-start id="1252" type="scavenge" contextid="0" timestamp="2019-08-08T09:22:08.912" intervalms="30.558" />
<gc-start id="1253" type="scavenge" contextid="1252" timestamp="2019-08-08T09:22:08.912">
  <mem-info id="1254" free="6238968" total="14548992" percent="42">
    <mem type="nursery" free="222720" total="5767168" percent="3">
      <mem type="allocate" free="222720" total="3407872" percent="6" />
      <mem type="survivor" free="0" total="2359296" percent="0" />
    </mem>
    <mem type="tenure" free="6016248" total="8781824" percent="68">
      <mem type="soa" free="5929208" total="8694784" percent="68" />
      <mem type="loa" free="87040" total="87040" percent="100" />
    </mem>
    <remembered-set count="5672" />
  </mem-info>
</gc-start>
<allocation-stats totalBytes="2042448" >
  <allocated-bytes non-tlh="939168" tlh="1103280" />
  <largest-consumer threadName="main" threadId="0000000000AEAF00" bytes="2022360" />
</allocation-stats>
<gc-op id="1255" type="scavenge" timems="8.940" contextid="1252" timestamp="2019-08-08T09:22:08.921">
  <scavenger-info tenureage="5" tenuremask="ffe0" tiltratio="59" />
  <memory-copied type="nursery" objects="20725" bytes="1863112" bytesdiscarded="100048" />
  <finalization candidates="28" enqueued="0" />
  <ownableSynchronizers candidates="4" cleared="0" />
  <references type="soft" candidates="879" cleared="0" enqueued="0" dynamicThreshold="23" maxThreshold="32" />
  <references type="weak" candidates="963" cleared="13" enqueued="10" />
  <references type="phantom" candidates="13" cleared="1" enqueued="1" />
</gc-op>
<heap-resize id="1256" type="expand" space="nursery" amount="786432" count="1" timems="0.019" reason="excessive time being spent scavenging" timestamp="2019-08-08T09:22:08.921" />
<gc-end id="1257" type="scavenge" contextid="1252" durationms="9.344" usertimems="10.794" systemtimems="0.000" timestamp="2019-08-08T09:22:08.922" activeThreads="16">
  <mem-info id="1258" free="7328624" total="15335424" percent="47">
    <mem type="nursery" free="1312376" total="6553600" percent="20">
      <mem type="allocate" free="1312376" total="3276800" percent="40" />
      <mem type="survivor" free="0" total="3276800" percent="0" />
    </mem>
    <mem type="tenure" free="6016248" total="8781824" percent="68" macro-fragmented="5375357">
      <mem type="soa" free="5929208" total="8694784" percent="68" />
      <mem type="loa" free="87040" total="87040" percent="100" />
    </mem>
    <pending-finalizers system="0" default="0" reference="11" classloader="0" />
    <remembered-set count="4820" />
  </mem-info>
</gc-end>
<cycle-end id="1259" type="scavenge" contextid="1252" timestamp="2019-08-08T09:22:08.922" />
  <attribute name="elasticGC enabled" value="1" />
  <attribute name= "numThreadsSpecified" value="16" />
  <attribute name="heapSize specified" value="14417920" />
  <attribute name="Current GC Util" value="24" />
  <attribute name= "Current Time Running" value="120066" />
  <attribute name ="GC Interval" value="2153" />
  <attribute name="Target GC Util Change" value ="80.000000" />
  <attribute name="Current GC Util Change" value="24.000000"/>
  <attribute name="Current Error" value="77.000000" />
  <attribute name="Output H" value="14624760"/>
  <attribute name="Output I" value="2152"/>
  <attribute name="Output T" value="16"/>
  <attribute name= "Current Time Running" value="120066" />
  <attribute name="GC Util currently" value="24" />
  <attribute name="CPU Util currently" value="37733092034" />
<allocation-satisfied id="1260" threadId="0000000000AEAF00" bytesRequested="262168" />
<af-end id="1261" timestamp="2019-08-08T09:22:08.922" threadId="0000000000AEB888" success="true" from="nursery"/>
<exclusive-end id="1262" timestamp="2019-08-08T09:22:08.922" durationms="9.588" />

<exclusive-start id="1263" timestamp="2019-08-08T09:22:08.953" intervalms="40.910">
  <response-info timems="0.015" idlems="0.015" threads="0" lastid="0000000000AEAF00" lastname="main" />
</exclusive-start>
<af-start id="1264" threadId="0000000000AEB888" totalBytesRequested="7176" timestamp="2019-08-08T09:22:08.953" intervalms="40.901" type="nursery" />
<cycle-start id="1265" type="scavenge" contextid="0" timestamp="2019-08-08T09:22:08.953" intervalms="40.894" />
<gc-start id="1266" type="scavenge" contextid="1265" timestamp="2019-08-08T09:22:08.953">
  <mem-info id="1267" free="6001016" total="15335424" percent="39">
    <mem type="nursery" free="0" total="6553600" percent="0">
      <mem type="allocate" free="0" total="3276800" percent="0" />
      <mem type="survivor" free="0" total="3276800" percent="0" />
    </mem>
    <mem type="tenure" free="6001016" total="8781824" percent="68">
      <mem type="soa" free="5913976" total="8694784" percent="68" />
      <mem type="loa" free="87040" total="87040" percent="100" />
    </mem>
    <remembered-set count="5090" />
  </mem-info>
</gc-start>
<allocation-stats totalBytes="1290896" >
  <allocated-bytes non-tlh="286416" tlh="1004480" />
  <largest-consumer threadName="main" threadId="0000000000AEAF00" bytes="1282704" />
</allocation-stats>
<gc-op id="1268" type="scavenge" timems="4.324" contextid="1265" timestamp="2019-08-08T09:22:08.957">
  <scavenger-info tenureage="3" tenuremask="fff8" tiltratio="50" />
  <memory-copied type="nursery" objects="11293" bytes="1286432" bytesdiscarded="46512" />
  <memory-copied type="tenure" objects="10910" bytes="363096" bytesdiscarded="264" />
  <finalization candidates="28" enqueued="0" />
  <ownableSynchronizers candidates="4" cleared="0" />
  <references type="soft" candidates="380" cleared="0" enqueued="0" dynamicThreshold="23" maxThreshold="32" />
  <references type="weak" candidates="808" cleared="1" enqueued="1" />
  <references type="phantom" candidates="8" cleared="0" enqueued="0" />
</gc-op>
<heap-resize id="1269" type="expand" space="nursery" amount="393216" count="1" timems="0.014" reason="excessive time being spent scavenging" timestamp="2019-08-08T09:22:08.958" />
<gc-end id="1270" type="scavenge" contextid="1265" durationms="4.784" usertimems="8.288" systemtimems="0.000" timestamp="2019-08-08T09:22:08.958" activeThreads="16">
  <mem-info id="1271" free="8245352" total="15728640" percent="52">
    <mem type="nursery" free="2663832" total="6946816" percent="38">
      <mem type="allocate" free="2663832" total="3997696" percent="66" />
      <mem type="survivor" free="0" total="2949120" percent="0" />
    </mem>
    <mem type="tenure" free="5581520" total="8781824" percent="63" macro-fragmented="4479464">
      <mem type="soa" free="5494480" total="8694784" percent="63" />
      <mem type="loa" free="87040" total="87040" percent="100" />
    </mem>
    <pending-finalizers system="0" default="0" reference="1" classloader="0" />
    <remembered-set count="1633" />
  </mem-info>
</gc-end>
<cycle-end id="1272" type="scavenge" contextid="1265" timestamp="2019-08-08T09:22:08.958" />
  <attribute name="elasticGC enabled" value="1" />
  <attribute name= "numThreadsSpecified" value="16" />
  <attribute name="heapSize specified" value="14417920" />
  <attribute name="Current GC Util" value="23" />
  <attribute name= "Current Time Running" value="120107" />
  <attribute name ="GC Interval" value="2249" />
  <attribute name="Target GC Util Change" value ="80.000000" />
  <attribute name="Current GC Util Change" value="23.000000"/>
  <attribute name="Current Error" value="134.000000" />
  <attribute name="Output H" value="15411264"/>
  <attribute name="Output I" value="2248"/>
  <attribute name="Output T" value="16"/>
  <attribute name= "Current Time Running" value="120107" />
  <attribute name="GC Util currently" value="23" />
  <attribute name="CPU Util currently" value="28189031552" />
<allocation-satisfied id="1273" threadId="0000000000AEAF00" bytesRequested="7176" />
<af-end id="1274" timestamp="2019-08-08T09:22:08.958" threadId="0000000000AEB888" success="true" from="nursery"/>
<exclusive-end id="1275" timestamp="2019-08-08T09:22:08.958" durationms="5.097" />

<exclusive-start id="1276" timestamp="2019-08-08T09:22:09.040" intervalms="87.321">
  <response-info timems="0.016" idlems="0.016" threads="0" lastid="0000000000AEAF00" lastname="main" />
</exclusive-start>
<af-start id="1277" threadId="0000000000AEB888" totalBytesRequested="832" timestamp="2019-08-08T09:22:09.040" intervalms="87.323" type="nursery" />
<cycle-start id="1278" type="scavenge" contextid="0" timestamp="2019-08-08T09:22:09.040" intervalms="87.323" />
<gc-start id="1279" type="scavenge" contextid="1278" timestamp="2019-08-08T09:22:09.040">
  <mem-info id="1280" free="5536088" total="15728640" percent="35">
    <mem type="nursery" free="0" total="6946816" percent="0">
      <mem type="allocate" free="0" total="3997696" percent="0" />
      <mem type="survivor" free="0" total="2949120" percent="0" />
    </mem>
    <mem type="tenure" free="5536088" total="8781824" percent="63">
      <mem type="soa" free="5449048" total="8694784" percent="62" />
      <mem type="loa" free="87040" total="87040" percent="100" />
    </mem>
    <remembered-set count="2215" />
  </mem-info>
</gc-start>
<allocation-stats totalBytes="2705344" >
  <allocated-bytes non-tlh="52608" tlh="2652736" />
  <largest-consumer threadName="main" threadId="0000000000AEAF00" bytes="2705344" />
</allocation-stats>
<gc-op id="1281" type="scavenge" timems="3.191" contextid="1278" timestamp="2019-08-08T09:22:09.044">
  <scavenger-info tenureage="3" tenuremask="ffc8" tiltratio="57" />
  <memory-copied type="nursery" objects="6934" bytes="851536" bytesdiscarded="100608" />
  <memory-copied type="tenure" objects="9168" bytes="657552" bytesdiscarded="632" />
  <finalization candidates="18" enqueued="0" />
  <ownableSynchronizers candidates="4" cleared="0" />
  <references type="soft" candidates="63" cleared="0" enqueued="0" dynamicThreshold="23" maxThreshold="32" />
  <references type="weak" candidates="256" cleared="1" enqueued="1" />
  <references type="phantom" candidates="2" cleared="0" enqueued="0" />
</gc-op>
<gc-end id="1282" type="scavenge" contextid="1278" durationms="3.615" usertimems="6.679" systemtimems="0.000" timestamp="2019-08-08T09:22:09.044" activeThreads="16">
  <mem-info id="1283" free="8364752" total="15728640" percent="53">
    <mem type="nursery" free="3504024" total="6946816" percent="50">
      <mem type="allocate" free="3504024" total="4456448" percent="78" />
      <mem type="survivor" free="0" total="2490368" percent="0" />
    </mem>
    <mem type="tenure" free="4860728" total="8781824" percent="55" macro-fragmented="3732887">
      <mem type="soa" free="4773688" total="8694784" percent="54" />
      <mem type="loa" free="87040" total="87040" percent="100" />
    </mem>
    <pending-finalizers system="0" default="0" reference="1" classloader="0" />
    <remembered-set count="1042" />
  </mem-info>
</gc-end>
<cycle-end id="1284" type="scavenge" contextid="1278" timestamp="2019-08-08T09:22:09.044" />
  <attribute name="elasticGC enabled" value="1" />
  <attribute name= "numThreadsSpecified" value="16" />
  <attribute name="heapSize specified" value="14417920" />
  <attribute name="Current GC Util" value="9" />
  <attribute name= "Current Time Running" value="120194" />
  <attribute name ="GC Interval" value="2377" />
  <attribute name="Target GC Util Change" value ="80.000000" />
  <attribute name="Current GC Util Change" value="9.000000"/>
  <attribute name="Current Error" value="205.000000" />
  <attribute name="Output H" value="15804560"/>
  <attribute name="Output I" value="2376"/>
  <attribute name="Output T" value="16"/>
  <attribute name= "Current Time Running" value="120194" />
  <attribute name="GC Util currently" value="9" />
  <attribute name="CPU Util currently" value="13204007897" />
<allocation-satisfied id="1285" threadId="0000000000AEAF00" bytesRequested="832" />
<af-end id="1286" timestamp="2019-08-08T09:22:09.044" threadId="0000000000AEB888" success="true" from="nursery"/>
<exclusive-end id="1287" timestamp="2019-08-08T09:22:09.044" durationms="3.852" />

<exclusive-start id="1288" timestamp="2019-08-08T09:22:09.126" intervalms="85.418">
  <response-info timems="0.021" idlems="0.021" threads="0" lastid="0000000000AEAF00" lastname="main" />
</exclusive-start>
<af-start id="1289" threadId="0000000000AEB888" totalBytesRequested="23280" timestamp="2019-08-08T09:22:09.126" intervalms="85.453" type="nursery" />
<cycle-start id="1290" type="scavenge" contextid="0" timestamp="2019-08-08T09:22:09.126" intervalms="85.458" />
<gc-start id="1291" type="scavenge" contextid="1290" timestamp="2019-08-08T09:22:09.126">
  <mem-info id="1292" free="4809048" total="15728640" percent="30">
    <mem type="nursery" free="0" total="6946816" percent="0">
      <mem type="allocate" free="0" total="4456448" percent="0" />
      <mem type="survivor" free="0" total="2490368" percent="0" />
    </mem>
    <mem type="tenure" free="4809048" total="8781824" percent="54">
      <mem type="soa" free="4722008" total="8694784" percent="54" />
      <mem type="loa" free="87040" total="87040" percent="100" />
    </mem>
    <remembered-set count="1619" />
  </mem-info>
</gc-start>
<allocation-stats totalBytes="3536960" >
  <allocated-bytes non-tlh="52512" tlh="3484448" />
  <largest-consumer threadName="main" threadId="0000000000AEAF00" bytes="3536960" />
</allocation-stats>
<gc-op id="1293" type="scavenge" timems="2.435" contextid="1290" timestamp="2019-08-08T09:22:09.128">
  <scavenger-info tenureage="3" tenuremask="ffe8" tiltratio="64" />
  <memory-copied type="nursery" objects="9090" bytes="380248" bytesdiscarded="72256" />
  <memory-copied type="tenure" objects="588" bytes="566384" bytesdiscarded="200" />
  <references type="soft" candidates="54" cleared="0" enqueued="0" dynamicThreshold="23" maxThreshold="32" />
  <references type="weak" candidates="718" cleared="0" enqueued="0" />
</gc-op>
<gc-end id="1294" type="scavenge" contextid="1290" durationms="2.704" usertimems="5.680" systemtimems="0.000" timestamp="2019-08-08T09:22:09.129" activeThreads="16">
  <mem-info id="1295" free="8475792" total="15728640" percent="53">
    <mem type="nursery" free="4265632" total="6946816" percent="61">
      <mem type="allocate" free="4265632" total="4718592" percent="90" />
      <mem type="survivor" free="0" total="2228224" percent="0" />
    </mem>
    <mem type="tenure" free="4210160" total="8781824" percent="47" macro-fragmented="2592282">
      <mem type="soa" free="4123120" total="8694784" percent="47" />
      <mem type="loa" free="87040" total="87040" percent="100" />
    </mem>
    <remembered-set count="1309" />
  </mem-info>
</gc-end>
<cycle-end id="1296" type="scavenge" contextid="1290" timestamp="2019-08-08T09:22:09.129" />
  <attribute name="elasticGC enabled" value="1" />
  <attribute name= "numThreadsSpecified" value="16" />
  <attribute name="heapSize specified" value="14417920" />
  <attribute name="Current GC Util" value="7" />
  <attribute name= "Current Time Running" value="120280" />
  <attribute name ="GC Interval" value="2505" />
  <attribute name="Target GC Util Change" value ="80.000000" />
  <attribute name="Current GC Util Change" value="7.000000"/>
  <attribute name="Current Error" value="278.000000" />
  <attribute name="Output H" value="15804648"/>
  <attribute name="Output I" value="2504"/>
  <attribute name="Output T" value="16"/>
  <attribute name= "Current Time Running" value="120280" />
  <attribute name="GC Util currently" value="7" />
  <attribute name="CPU Util currently" value="13486507804" />
<allocation-satisfied id="1297" threadId="0000000000AEAF00" bytesRequested="23280" />
<af-end id="1298" timestamp="2019-08-08T09:22:09.129" threadId="0000000000AEB888" success="true" from="nursery"/>
<exclusive-end id="1299" timestamp="2019-08-08T09:22:09.129" durationms="3.130" />

<exclusive-start id="1300" timestamp="2019-08-08T09:22:09.193" intervalms="67.192">
  <response-info timems="0.016" idlems="0.016" threads="0" lastid="0000000000AEAF00" lastname="main" />
</exclusive-start>
<af-start id="1301" threadId="0000000000AEB888" totalBytesRequested="15368" timestamp="2019-08-08T09:22:09.193" intervalms="67.173" type="nursery" />
<cycle-start id="1302" type="scavenge" contextid="0" timestamp="2019-08-08T09:22:09.193" intervalms="67.208" />
<gc-start id="1303" type="scavenge" contextid="1302" timestamp="2019-08-08T09:22:09.193">
  <mem-info id="1304" free="4186368" total="15728640" percent="26">
    <mem type="nursery" free="0" total="6946816" percent="0">
      <mem type="allocate" free="0" total="4718592" percent="0" />
      <mem type="survivor" free="0" total="2228224" percent="0" />
    </mem>
    <mem type="tenure" free="4186368" total="8781824" percent="47">
      <mem type="soa" free="4099328" total="8694784" percent="47" />
      <mem type="loa" free="87040" total="87040" percent="100" />
    </mem>
    <remembered-set count="1560" />
  </mem-info>
</gc-start>
<allocation-stats totalBytes="4256224" >
  <allocated-bytes non-tlh="47072" tlh="4209152" />
  <largest-consumer threadName="main" threadId="0000000000AEAF00" bytes="4256224" />
</allocation-stats>
<gc-op id="1305" type="scavenge" timems="6.217" contextid="1302" timestamp="2019-08-08T09:22:09.199">
  <scavenger-info tenureage="2" tenuremask="ffec" tiltratio="67" />
  <memory-copied type="nursery" objects="7669" bytes="303384" bytesdiscarded="76712" />
  <memory-copied type="tenure" objects="6285" bytes="282664" bytesdiscarded="104" />
  <references type="weak" candidates="639" cleared="0" enqueued="0" />
  <references type="phantom" candidates="1" cleared="0" enqueued="0" />
</gc-op>
<heap-resize id="1306" type="expand" space="nursery" amount="393216" count="1" timems="0.027" reason="excessive time being spent scavenging" timestamp="2019-08-08T09:22:09.199" />
<gc-end id="1307" type="scavenge" contextid="1302" durationms="6.438" usertimems="11.091" systemtimems="0.000" timestamp="2019-08-08T09:22:09.200" activeThreads="16">
  <mem-info id="1308" free="8816736" total="16121856" percent="54">
    <mem type="nursery" free="4928016" total="7340032" percent="67">
      <mem type="allocate" free="4928016" total="5308416" percent="92" />
      <mem type="survivor" free="0" total="2031616" percent="0" />
    </mem>
    <mem type="tenure" free="3888720" total="8781824" percent="44" macro-fragmented="3732887">
      <mem type="soa" free="3801680" total="8694784" percent="43" />
      <mem type="loa" free="87040" total="87040" percent="100" />
    </mem>
    <remembered-set count="1497" />
  </mem-info>
</gc-end>
<cycle-end id="1309" type="scavenge" contextid="1302" timestamp="2019-08-08T09:22:09.200" />
  <attribute name="elasticGC enabled" value="1" />
  <attribute name= "numThreadsSpecified" value="16" />
  <attribute name="heapSize specified" value="14417920" />
  <attribute name="Current GC Util" value="8" />
  <attribute name= "Current Time Running" value="120347" />
  <attribute name ="GC Interval" value="2137" />
  <attribute name="Target GC Util Change" value ="80.000000" />
  <attribute name="Current GC Util Change" value="8.000000"/>
  <attribute name="Current Error" value="72.000000" />
  <attribute name="Output H" value="15804408"/>
  <attribute name="Output I" value="2136"/>
  <attribute name="Output T" value="16"/>
  <attribute name= "Current Time Running" value="120347" />
  <attribute name="GC Util currently" value="8" />
  <attribute name="CPU Util currently" value="17114049887" />
<allocation-satisfied id="1310" threadId="0000000000AEAF00" bytesRequested="15368" />
<af-end id="1311" timestamp="2019-08-08T09:22:09.200" threadId="0000000000AEB888" success="true" from="nursery"/>
<exclusive-end id="1312" timestamp="2019-08-08T09:22:09.200" durationms="6.728" />

<exclusive-start id="1313" timestamp="2019-08-08T09:22:09.299" intervalms="106.493">
  <response-info timems="0.033" idlems="0.033" threads="0" lastid="0000000000AEAF00" lastname="main" />
</exclusive-start>
<af-start id="1314" threadId="0000000000AEB888" totalBytesRequested="56" timestamp="2019-08-08T09:22:09.299" intervalms="106.474" type="nursery" />
<cycle-start id="1315" type="scavenge" contextid="0" timestamp="2019-08-08T09:22:09.300" intervalms="106.457" />
<gc-start id="1316" type="scavenge" contextid="1315" timestamp="2019-08-08T09:22:09.300">
  <mem-info id="1317" free="3861104" total="16121856" percent="23">
    <mem type="nursery" free="0" total="7340032" percent="0">
      <mem type="allocate" free="0" total="5308416" percent="0" />
      <mem type="survivor" free="0" total="2031616" percent="0" />
    </mem>
    <mem type="tenure" free="3861104" total="8781824" percent="43">
      <mem type="soa" free="3774064" total="8694784" percent="43" />
      <mem type="loa" free="87040" total="87040" percent="100" />
    </mem>
    <remembered-set count="2112" />
  </mem-info>
</gc-start>
<allocation-stats totalBytes="4952616" >
  <allocated-bytes non-tlh="42984" tlh="4909632" />
  <largest-consumer threadName="main" threadId="0000000000AEAF00" bytes="4952616" />
</allocation-stats>
<gc-op id="1318" type="scavenge" timems="3.804" contextid="1315" timestamp="2019-08-08T09:22:09.303">
  <scavenger-info tenureage="13" tenuremask="6000" tiltratio="72" />
  <memory-copied type="nursery" objects="14257" bytes="560376" bytesdiscarded="65464" />
  <references type="soft" candidates="2" cleared="0" enqueued="0" dynamicThreshold="23" maxThreshold="32" />
  <references type="weak" candidates="765" cleared="5" enqueued="5" />
</gc-op>
<gc-end id="1319" type="scavenge" contextid="1315" durationms="3.941" usertimems="9.863" systemtimems="0.000" timestamp="2019-08-08T09:22:09.304" activeThreads="16">
  <mem-info id="1320" free="8871000" total="16121856" percent="55">
    <mem type="nursery" free="5009896" total="7340032" percent="68">
      <mem type="allocate" free="5009896" total="5636096" percent="88" />
      <mem type="survivor" free="0" total="1703936" percent="0" />
    </mem>
    <mem type="tenure" free="3861104" total="8781824" percent="43" macro-fragmented="3732887">
      <mem type="soa" free="3774064" total="8694784" percent="43" />
      <mem type="loa" free="87040" total="87040" percent="100" />
    </mem>
    <pending-finalizers system="0" default="0" reference="5" classloader="0" />
    <remembered-set count="1581" />
  </mem-info>
</gc-end>
<cycle-end id="1321" type="scavenge" contextid="1315" timestamp="2019-08-08T09:22:09.304" />
  <attribute name="elasticGC enabled" value="1" />
  <attribute name= "numThreadsSpecified" value="16" />
  <attribute name="heapSize specified" value="14417920" />
  <attribute name="Current GC Util" value="10" />
  <attribute name= "Current Time Running" value="120453" />
  <attribute name ="GC Interval" value="2265" />
  <attribute name="Target GC Util Change" value ="80.000000" />
  <attribute name="Current GC Util Change" value="10.000000"/>
  <attribute name="Current Error" value="142.000000" />
  <attribute name="Output H" value="16197704"/>
  <attribute name="Output I" value="2264"/>
  <attribute name="Output T" value="16"/>
  <attribute name= "Current Time Running" value="120453" />
  <attribute name="GC Util currently" value="10" />
  <attribute name="CPU Util currently" value="10838722868" />
<allocation-satisfied id="1322" threadId="0000000000AEAF00" bytesRequested="56" />
<af-end id="1323" timestamp="2019-08-08T09:22:09.304" threadId="0000000000AEB888" success="true" from="nursery"/>
<exclusive-end id="1324" timestamp="2019-08-08T09:22:09.304" durationms="4.153" />

<exclusive-start id="1325" timestamp="2019-08-08T09:22:09.386" intervalms="86.519">
  <response-info timems="0.035" idlems="0.035" threads="0" lastid="0000000000AEAF00" lastname="main" />
</exclusive-start>
<af-start id="1326" threadId="0000000000AEB888" totalBytesRequested="32" timestamp="2019-08-08T09:22:09.386" intervalms="86.524" type="nursery" />
<cycle-start id="1327" type="scavenge" contextid="0" timestamp="2019-08-08T09:22:09.386" intervalms="86.503" />
<gc-start id="1328" type="scavenge" contextid="1327" timestamp="2019-08-08T09:22:09.386">
  <mem-info id="1329" free="3839048" total="16121856" percent="23">
    <mem type="nursery" free="0" total="7340032" percent="0">
      <mem type="allocate" free="0" total="5636096" percent="0" />
      <mem type="survivor" free="0" total="1703936" percent="0" />
    </mem>
    <mem type="tenure" free="3839048" total="8781824" percent="43">
      <mem type="soa" free="3752008" total="8694784" percent="43" />
      <mem type="loa" free="87040" total="87040" percent="100" />
    </mem>
    <remembered-set count="1817" />
  </mem-info>
</gc-start>
<allocation-stats totalBytes="5030584" >
  <allocated-bytes non-tlh="222120" tlh="4808464" />
  <largest-consumer threadName="main" threadId="0000000000AEAF00" bytes="5030584" />
</allocation-stats>
<gc-op id="1330" type="scavenge" timems="2.147" contextid="1327" timestamp="2019-08-08T09:22:09.388">
  <scavenger-info tenureage="14" tenuremask="4000" tiltratio="76" />
  <memory-copied type="nursery" objects="19499" bytes="1144288" bytesdiscarded="85904" />
  <references type="soft" candidates="73" cleared="0" enqueued="0" dynamicThreshold="23" maxThreshold="32" />
  <references type="weak" candidates="806" cleared="0" enqueued="0" />
  <references type="phantom" candidates="1" cleared="0" enqueued="0" />
</gc-op>
<gc-end id="1331" type="scavenge" contextid="1327" durationms="2.274" usertimems="5.292" systemtimems="0.000" timestamp="2019-08-08T09:22:09.388" activeThreads="16">
  <mem-info id="1332" free="7916864" total="16121856" percent="49">
    <mem type="nursery" free="4077816" total="7340032" percent="55">
      <mem type="allocate" free="4077816" total="5308416" percent="76" />
      <mem type="survivor" free="0" total="2031616" percent="0" />
    </mem>
    <mem type="tenure" free="3839048" total="8781824" percent="43" macro-fragmented="3732887">
      <mem type="soa" free="3752008" total="8694784" percent="43" />
      <mem type="loa" free="87040" total="87040" percent="100" />
    </mem>
    <remembered-set count="1571" />
  </mem-info>
</gc-end>
<cycle-end id="1333" type="scavenge" contextid="1327" timestamp="2019-08-08T09:22:09.388" />
  <attribute name="elasticGC enabled" value="1" />
  <attribute name= "numThreadsSpecified" value="16" />
  <attribute name="heapSize specified" value="14417920" />
  <attribute name="Current GC Util" value="7" />
  <attribute name= "Current Time Running" value="120540" />
  <attribute name ="GC Interval" value="2393" />
  <attribute name="Target GC Util Change" value ="80.000000" />
  <attribute name="Current GC Util Change" value="7.000000"/>
  <attribute name="Current Error" value="215.000000" />
  <attribute name="Output H" value="16197784"/>
  <attribute name="Output I" value="2392"/>
  <attribute name="Output T" value="16"/>
  <attribute name= "Current Time Running" value="120540" />
  <attribute name="GC Util currently" value="7" />
  <attribute name="CPU Util currently" value="13350662555" />
<allocation-satisfied id="1334" threadId="0000000000AEAF00" bytesRequested="32" />
<af-end id="1335" timestamp="2019-08-08T09:22:09.388" threadId="0000000000AEB888" success="true" from="nursery"/>
<exclusive-end id="1336" timestamp="2019-08-08T09:22:09.388" durationms="2.464" />

<exclusive-start id="1337" timestamp="2019-08-08T09:22:09.438" intervalms="52.252">
  <response-info timems="0.056" idlems="0.056" threads="0" lastid="0000000000AEAF00" lastname="main" />
</exclusive-start>
<af-start id="1338" threadId="0000000000AEB888" totalBytesRequested="48" timestamp="2019-08-08T09:22:09.438" intervalms="52.268" type="nursery" />
<cycle-start id="1339" type="scavenge" contextid="0" timestamp="2019-08-08T09:22:09.438" intervalms="52.274" />
<gc-start id="1340" type="scavenge" contextid="1339" timestamp="2019-08-08T09:22:09.438">
  <mem-info id="1341" free="3834288" total="16121856" percent="23">
    <mem type="nursery" free="0" total="7340032" percent="0">
      <mem type="allocate" free="0" total="5308416" percent="0" />
      <mem type="survivor" free="0" total="2031616" percent="0" />
    </mem>
    <mem type="tenure" free="3834288" total="8781824" percent="43">
      <mem type="soa" free="3747248" total="8694784" percent="43" />
      <mem type="loa" free="87040" total="87040" percent="100" />
    </mem>
    <remembered-set count="1627" />
  </mem-info>
</gc-start>
<allocation-stats totalBytes="4081744" >
  <allocated-bytes non-tlh="4792" tlh="4076952" />
  <largest-consumer threadName="main" threadId="0000000000AEAF00" bytes="4081744" />
</allocation-stats>
<gc-op id="1342" type="scavenge" timems="5.031" contextid="1339" timestamp="2019-08-08T09:22:09.443">
  <scavenger-info tenureage="3" tenuremask="4018" tiltratio="72" />
  <memory-copied type="nursery" objects="17819" bytes="1101864" bytesdiscarded="108440" />
  <memory-copied type="tenure" objects="7196" bytes="260072" bytesdiscarded="104" />
  <references type="soft" candidates="73" cleared="0" enqueued="0" dynamicThreshold="23" maxThreshold="32" />
  <references type="weak" candidates="206" cleared="0" enqueued="0" />
  <references type="phantom" candidates="1" cleared="0" enqueued="0" />
</gc-op>
<heap-resize id="1343" type="expand" space="nursery" amount="393216" count="1" timems="0.022" reason="excessive time being spent scavenging" timestamp="2019-08-08T09:22:09.444" />
<gc-end id="1344" type="scavenge" contextid="1339" durationms="5.258" usertimems="13.426" systemtimems="0.000" timestamp="2019-08-08T09:22:09.444" activeThreads="16">
  <mem-info id="1345" free="8056616" total="16515072" percent="48">
    <mem type="nursery" free="4491128" total="7733248" percent="58">
      <mem type="allocate" free="4491128" total="5701632" percent="78" />
      <mem type="survivor" free="0" total="2031616" percent="0" />
    </mem>
    <mem type="tenure" free="3565488" total="8781824" percent="40" macro-fragmented="2160235">
      <mem type="soa" free="3478448" total="8694784" percent="40" />
      <mem type="loa" free="87040" total="87040" percent="100" />
    </mem>
    <remembered-set count="852" />
  </mem-info>
</gc-end>
<cycle-end id="1346" type="scavenge" contextid="1339" timestamp="2019-08-08T09:22:09.444" />
  <attribute name="elasticGC enabled" value="1" />
  <attribute name= "numThreadsSpecified" value="16" />
  <attribute name="heapSize specified" value="14417920" />
  <attribute name="Current GC Util" value="10" />
  <attribute name= "Current Time Running" value="120592" />
  <attribute name ="GC Interval" value="2521" />
  <attribute name="Target GC Util Change" value ="80.000000" />
  <attribute name="Current GC Util Change" value="10.000000"/>
  <attribute name="Current Error" value="285.000000" />
  <attribute name="Output H" value="16197872"/>
  <attribute name="Output I" value="2520"/>
  <attribute name="Output T" value="16"/>
  <attribute name= "Current Time Running" value="120592" />
  <attribute name="GC Util currently" value="10" />
  <attribute name="CPU Util currently" value="22037929657" />
<allocation-satisfied id="1347" threadId="0000000000AEAF00" bytesRequested="48" />
<af-end id="1348" timestamp="2019-08-08T09:22:09.444" threadId="0000000000AEB888" success="true" from="nursery"/>
<exclusive-end id="1349" timestamp="2019-08-08T09:22:09.444" durationms="5.728" />

<exclusive-start id="1350" timestamp="2019-08-08T09:22:09.502" intervalms="63.429">
  <response-info timems="0.072" idlems="0.072" threads="0" lastid="0000000000AEAF00" lastname="main" />
</exclusive-start>
<af-start id="1351" threadId="0000000000AEB888" totalBytesRequested="16" timestamp="2019-08-08T09:22:09.502" intervalms="63.416" type="nursery" />
<cycle-start id="1352" type="scavenge" contextid="0" timestamp="2019-08-08T09:22:09.502" intervalms="63.411" />
<gc-start id="1353" type="scavenge" contextid="1352" timestamp="2019-08-08T09:22:09.502">
  <mem-info id="1354" free="3563320" total="16515072" percent="21">
    <mem type="nursery" free="0" total="7733248" percent="0">
      <mem type="allocate" free="0" total="5701632" percent="0" />
      <mem type="survivor" free="0" total="2031616" percent="0" />
    </mem>
    <mem type="tenure" free="3563320" total="8781824" percent="40">
      <mem type="soa" free="3476280" total="8694784" percent="39" />
      <mem type="loa" free="87040" total="87040" percent="100" />
    </mem>
    <remembered-set count="881" />
  </mem-info>
</gc-start>
<allocation-stats totalBytes="4492040" >
  <allocated-bytes non-tlh="2216" tlh="4489824" />
  <largest-consumer threadName="main" threadId="0000000000AEAF00" bytes="4492040" />
</allocation-stats>
<gc-op id="1355" type="scavenge" timems="3.685" contextid="1352" timestamp="2019-08-08T09:22:09.506">
  <scavenger-info tenureage="2" tenuremask="400c" tiltratio="73" />
  <memory-copied type="nursery" objects="15634" bytes="662624" bytesdiscarded="100232" />
  <memory-copied type="tenure" objects="7939" bytes="402760" bytesdiscarded="120" />
  <references type="weak" candidates="54" cleared="0" enqueued="0" />
</gc-op>
<gc-end id="1356" type="scavenge" contextid="1352" durationms="3.988" usertimems="7.430" systemtimems="0.000" timestamp="2019-08-08T09:22:09.506" activeThreads="16">
  <mem-info id="1357" free="8288152" total="16515072" percent="50">
    <mem type="nursery" free="5200888" total="7733248" percent="67">
      <mem type="allocate" free="5200888" total="5963776" percent="87" />
      <mem type="survivor" free="0" total="1769472" percent="0" />
    </mem>
    <mem type="tenure" free="3087264" total="8781824" percent="35" macro-fragmented="1500163">
      <mem type="soa" free="3000224" total="8694784" percent="34" />
      <mem type="loa" free="87040" total="87040" percent="100" />
    </mem>
    <remembered-set count="507" />
  </mem-info>
</gc-end>
<cycle-end id="1358" type="scavenge" contextid="1352" timestamp="2019-08-08T09:22:09.507" />
  <attribute name="elasticGC enabled" value="1" />
  <attribute name= "numThreadsSpecified" value="16" />
  <attribute name="heapSize specified" value="14417920" />
  <attribute name="Current GC Util" value="16" />
  <attribute name= "Current Time Running" value="120655" />
  <attribute name ="GC Interval" value="2633" />
  <attribute name="Target GC Util Change" value ="80.000000" />
  <attribute name="Current GC Util Change" value="16.000000"/>
  <attribute name="Current Error" value="349.000000" />
  <attribute name="Output H" value="16591160"/>
  <attribute name="Output I" value="2632"/>
  <attribute name="Output T" value="16"/>
  <attribute name= "Current Time Running" value="120655" />
  <attribute name="GC Util currently" value="16" />
  <attribute name="CPU Util currently" value="18159534781" />
<allocation-satisfied id="1359" threadId="0000000000AEAF00" bytesRequested="16" />
<af-end id="1360" timestamp="2019-08-08T09:22:09.507" threadId="0000000000AEB888" success="true" from="nursery"/>
<exclusive-end id="1361" timestamp="2019-08-08T09:22:09.507" durationms="5.606" />

<exclusive-start id="1362" timestamp="2019-08-08T09:22:09.589" intervalms="87.022">
  <response-info timems="0.015" idlems="0.015" threads="0" lastid="0000000000AEAF00" lastname="main" />
</exclusive-start>
<af-start id="1363" threadId="0000000000AEB888" totalBytesRequested="24" timestamp="2019-08-08T09:22:09.589" intervalms="87.046" type="nursery" />
<cycle-start id="1364" type="scavenge" contextid="0" timestamp="2019-08-08T09:22:09.589" intervalms="87.120" />
<gc-start id="1365" type="scavenge" contextid="1364" timestamp="2019-08-08T09:22:09.589">
  <mem-info id="1366" free="3029896" total="16515072" percent="18">
    <mem type="nursery" free="0" total="7733248" percent="0">
      <mem type="allocate" free="0" total="5963776" percent="0" />
      <mem type="survivor" free="0" total="1769472" percent="0" />
    </mem>
    <mem type="tenure" free="3029896" total="8781824" percent="34">
      <mem type="soa" free="2942856" total="8694784" percent="33" />
      <mem type="loa" free="87040" total="87040" percent="100" />
    </mem>
    <remembered-set count="1111" />
  </mem-info>
</gc-start>
<allocation-stats totalBytes="5256800" >
  <allocated-bytes non-tlh="322936" tlh="4933864" />
  <largest-consumer threadName="main" threadId="0000000000AEAF00" bytes="5256800" />
</allocation-stats>
<gc-op id="1367" type="scavenge" timems="3.130" contextid="1364" timestamp="2019-08-08T09:22:09.592">
  <scavenger-info tenureage="14" tenuremask="4000" tiltratio="77" />
  <memory-copied type="nursery" objects="21160" bytes="1207424" bytesdiscarded="127720" />
  <references type="soft" candidates="224" cleared="0" enqueued="0" dynamicThreshold="23" maxThreshold="32" />
  <references type="weak" candidates="448" cleared="18" enqueued="12" />
  <references type="phantom" candidates="1" cleared="0" enqueued="0" />
</gc-op>
<gc-end id="1368" type="scavenge" contextid="1364" durationms="3.307" usertimems="7.572" systemtimems="0.000" timestamp="2019-08-08T09:22:09.592" activeThreads="16">
  <mem-info id="1369" free="7330608" total="16515072" percent="44">
    <mem type="nursery" free="4300712" total="7733248" percent="55">
      <mem type="allocate" free="4300712" total="5636096" percent="76" />
      <mem type="survivor" free="0" total="2097152" percent="0" />
    </mem>
    <mem type="tenure" free="3029896" total="8781824" percent="34" macro-fragmented="2592282">
      <mem type="soa" free="2942856" total="8694784" percent="33" />
      <mem type="loa" free="87040" total="87040" percent="100" />
    </mem>
    <pending-finalizers system="0" default="0" reference="12" classloader="0" />
    <remembered-set count="1056" />
  </mem-info>
</gc-end>
<cycle-end id="1370" type="scavenge" contextid="1364" timestamp="2019-08-08T09:22:09.592" />
  <attribute name="elasticGC enabled" value="1" />
  <attribute name= "numThreadsSpecified" value="16" />
  <attribute name="heapSize specified" value="14417920" />
  <attribute name="Current GC Util" value="10" />
  <attribute name= "Current Time Running" value="120743" />
  <attribute name ="GC Interval" value="2761" />
  <attribute name="Target GC Util Change" value ="80.000000" />
  <attribute name="Current GC Util Change" value="10.000000"/>
  <attribute name="Current Error" value="419.000000" />
  <attribute name="Output H" value="16591240"/>
  <attribute name="Output I" value="2760"/>
  <attribute name="Output T" value="16"/>
  <attribute name= "Current Time Running" value="120743" />
  <attribute name="GC Util currently" value="10" />
  <attribute name="CPU Util currently" value="13246786258" />
<allocation-satisfied id="1371" threadId="0000000000AEAF00" bytesRequested="24" />
<af-end id="1372" timestamp="2019-08-08T09:22:09.592" threadId="0000000000AEB888" success="true" from="nursery"/>
<exclusive-end id="1373" timestamp="2019-08-08T09:22:09.592" durationms="3.674" />

<exclusive-start id="1374" timestamp="2019-08-08T09:22:09.618" intervalms="29.563">
  <response-info timems="0.018" idlems="0.018" threads="0" lastid="0000000000AEAF00" lastname="main" />
</exclusive-start>
<af-start id="1375" threadId="0000000000AEB888" totalBytesRequested="24" timestamp="2019-08-08T09:22:09.618" intervalms="29.548" type="nursery" />
<cycle-start id="1376" type="scavenge" contextid="0" timestamp="2019-08-08T09:22:09.618" intervalms="29.484" />
<gc-start id="1377" type="scavenge" contextid="1376" timestamp="2019-08-08T09:22:09.618">
  <mem-info id="1378" free="3027344" total="16515072" percent="18">
    <mem type="nursery" free="0" total="7733248" percent="0">
      <mem type="allocate" free="0" total="5636096" percent="0" />
      <mem type="survivor" free="0" total="2097152" percent="0" />
    </mem>
    <mem type="tenure" free="3027344" total="8781824" percent="34">
      <mem type="soa" free="2940304" total="8694784" percent="33" />
      <mem type="loa" free="87040" total="87040" percent="100" />
    </mem>
    <remembered-set count="1088" />
  </mem-info>
</gc-start>
<allocation-stats totalBytes="4302776" >
  <allocated-bytes non-tlh="2576" tlh="4300200" />
  <largest-consumer threadName="main" threadId="0000000000AEAF00" bytes="4298680" />
</allocation-stats>
<gc-op id="1379" type="scavenge" timems="2.607" contextid="1376" timestamp="2019-08-08T09:22:09.621">
  <scavenger-info tenureage="3" tenuremask="4008" tiltratio="72" />
  <memory-copied type="nursery" objects="20623" bytes="897008" bytesdiscarded="69224" />
  <memory-copied type="tenure" objects="5316" bytes="214248" bytesdiscarded="176" />
  <references type="soft" candidates="224" cleared="0" enqueued="0" dynamicThreshold="23" maxThreshold="32" />
  <references type="weak" candidates="410" cleared="0" enqueued="0" />
</gc-op>
<heap-resize id="1380" type="expand" space="nursery" amount="393216" count="1" timems="0.016" reason="excessive time being spent scavenging" timestamp="2019-08-08T09:22:09.621" />
<gc-end id="1381" type="scavenge" contextid="1376" durationms="2.857" usertimems="4.784" systemtimems="0.000" timestamp="2019-08-08T09:22:09.621" activeThreads="16">
  <mem-info id="1382" free="7899832" total="16908288" percent="46">
    <mem type="nursery" free="5062952" total="8126464" percent="62">
      <mem type="allocate" free="5062952" total="6029312" percent="83" />
      <mem type="survivor" free="0" total="2097152" percent="0" />
    </mem>
    <mem type="tenure" free="2836880" total="8781824" percent="32" macro-fragmented="2160235">
      <mem type="soa" free="2749840" total="8694784" percent="31" />
      <mem type="loa" free="87040" total="87040" percent="100" />
    </mem>
    <remembered-set count="985" />
  </mem-info>
</gc-end>
<cycle-end id="1383" type="scavenge" contextid="1376" timestamp="2019-08-08T09:22:09.621" />
  <attribute name="elasticGC enabled" value="1" />
  <attribute name= "numThreadsSpecified" value="16" />
  <attribute name="heapSize specified" value="14417920" />
  <attribute name="Current GC Util" value="26" />
  <attribute name= "Current Time Running" value="120772" />
  <attribute name ="GC Interval" value="2105" />
  <attribute name="Target GC Util Change" value ="80.000000" />
  <attribute name="Current GC Util Change" value="26.000000"/>
  <attribute name="Current Error" value="54.000000" />
  <attribute name="Output H" value="16590816"/>
  <attribute name="Output I" value="2104"/>
  <attribute name="Output T" value="16"/>
  <attribute name= "Current Time Running" value="120772" />
  <attribute name="GC Util currently" value="26" />
  <attribute name="CPU Util currently" value="39022081867" />
<allocation-satisfied id="1384" threadId="0000000000AEAF00" bytesRequested="24" />
<af-end id="1385" timestamp="2019-08-08T09:22:09.621" threadId="0000000000AEB888" success="true" from="nursery"/>
<exclusive-end id="1386" timestamp="2019-08-08T09:22:09.621" durationms="3.111" />

<exclusive-start id="1387" timestamp="2019-08-08T09:22:09.693" intervalms="74.968">
  <response-info timems="0.060" idlems="0.060" threads="0" lastid="0000000000AEAF00" lastname="main" />
</exclusive-start>
<af-start id="1388" threadId="0000000000AEB888" totalBytesRequested="200008" timestamp="2019-08-08T09:22:09.693" intervalms="74.950" type="nursery" />
<cycle-start id="1389" type="scavenge" contextid="0" timestamp="2019-08-08T09:22:09.693" intervalms="74.939" />
<gc-start id="1390" type="scavenge" contextid="1389" timestamp="2019-08-08T09:22:09.693">
  <mem-info id="1391" free="2888032" total="16908288" percent="17">
    <mem type="nursery" free="82216" total="8126464" percent="1">
      <mem type="allocate" free="82216" total="6029312" percent="1" />
      <mem type="survivor" free="0" total="2097152" percent="0" />
    </mem>
    <mem type="tenure" free="2805816" total="8781824" percent="31">
      <mem type="soa" free="2718776" total="8694784" percent="31" />
      <mem type="loa" free="87040" total="87040" percent="100" />
    </mem>
    <remembered-set count="1512" />
  </mem-info>
</gc-start>
<allocation-stats totalBytes="5009688" >
  <allocated-bytes non-tlh="231096" tlh="4778592" />
  <largest-consumer threadName="main" threadId="0000000000AEAF00" bytes="5009688" />
</allocation-stats>
<gc-op id="1392" type="scavenge" timems="3.973" contextid="1389" timestamp="2019-08-08T09:22:09.697">
  <scavenger-info tenureage="3" tenuremask="4008" tiltratio="74" />
  <memory-copied type="nursery" objects="9719" bytes="430776" bytesdiscarded="96096" />
  <memory-copied type="tenure" objects="4590" bytes="184160" bytesdiscarded="200" />
  <references type="soft" candidates="545" cleared="0" enqueued="0" dynamicThreshold="23" maxThreshold="32" />
  <references type="weak" candidates="666" cleared="33" enqueued="25" />
  <references type="phantom" candidates="1" cleared="0" enqueued="0" />
</gc-op>
<gc-end id="1393" type="scavenge" contextid="1389" durationms="4.166" usertimems="7.587" systemtimems="0.000" timestamp="2019-08-08T09:22:09.697" activeThreads="16">
  <mem-info id="1394" free="8466504" total="16908288" percent="50">
    <mem type="nursery" free="5829648" total="8126464" percent="71">
      <mem type="allocate" free="5829648" total="6356992" percent="91" />
      <mem type="survivor" free="0" total="1769472" percent="0" />
    </mem>
    <mem type="tenure" free="2636856" total="8781824" percent="30" macro-fragmented="1500163">
      <mem type="soa" free="2549816" total="8694784" percent="29" />
      <mem type="loa" free="87040" total="87040" percent="100" />
    </mem>
    <pending-finalizers system="0" default="0" reference="25" classloader="0" />
    <remembered-set count="828" />
  </mem-info>
</gc-end>
<cycle-end id="1395" type="scavenge" contextid="1389" timestamp="2019-08-08T09:22:09.698" />
  <attribute name="elasticGC enabled" value="1" />
  <attribute name= "numThreadsSpecified" value="16" />
  <attribute name="heapSize specified" value="14417920" />
  <attribute name="Current GC Util" value="6" />
  <attribute name= "Current Time Running" value="120847" />
  <attribute name ="GC Interval" value="2241" />
  <attribute name="Target GC Util Change" value ="80.000000" />
  <attribute name="Current GC Util Change" value="6.000000"/>
  <attribute name="Current Error" value="128.000000" />
  <attribute name="Output H" value="16984120"/>
  <attribute name="Output I" value="2240"/>
  <attribute name="Output T" value="16"/>
  <attribute name= "Current Time Running" value="120847" />
  <attribute name="GC Util currently" value="6" />
  <attribute name="CPU Util currently" value="15401977534" />
<allocation-satisfied id="1396" threadId="0000000000AEAF00" bytesRequested="200008" />
<af-end id="1397" timestamp="2019-08-08T09:22:09.698" threadId="0000000000AEB888" success="true" from="nursery"/>
<exclusive-end id="1398" timestamp="2019-08-08T09:22:09.698" durationms="4.414" />

<exclusive-start id="1399" timestamp="2019-08-08T09:22:09.704" intervalms="10.780">
  <response-info timems="0.016" idlems="0.016" threads="0" lastid="0000000000AEAF00" lastname="main" />
</exclusive-start>
<sys-start reason="explicit" id="1400" timestamp="2019-08-08T09:22:09.704" intervalms="120620.142" />
<cycle-start id="1401" type="global" contextid="0" timestamp="2019-08-08T09:22:09.704" intervalms="1009.510" />
<gc-start id="1402" type="global" contextid="1401" timestamp="2019-08-08T09:22:09.704">
  <mem-info id="1403" free="8048072" total="16908288" percent="47">
    <mem type="nursery" free="5412552" total="8126464" percent="66">
      <mem type="allocate" free="5412552" total="6356992" percent="85" />
      <mem type="survivor" free="0" total="1769472" percent="0" />
    </mem>
    <mem type="tenure" free="2635520" total="8781824" percent="30">
      <mem type="soa" free="2548480" total="8694784" percent="29" />
      <mem type="loa" free="87040" total="87040" percent="100" />
    </mem>
    <remembered-set count="852" />
  </mem-info>
</gc-start>
<allocation-stats totalBytes="417272" >
  <allocated-bytes non-tlh="201344" tlh="215928" />
  <largest-consumer threadName="main" threadId="0000000000AEAF00" bytes="413176" />
</allocation-stats>
<gc-op id="1404" type="mark" timems="9.781" contextid="1401" timestamp="2019-08-08T09:22:09.714">
  <trace-info objectcount="75528" scancount="62935" scanbytes="2137316" />
  <finalization candidates="80" enqueued="0" />
  <ownableSynchronizers candidates="21" cleared="0" />
  <references type="soft" candidates="1630" cleared="0" enqueued="0" dynamicThreshold="23" maxThreshold="32" />
  <references type="weak" candidates="4617" cleared="241" enqueued="152" />
  <references type="phantom" candidates="77" cleared="1" enqueued="1" />
  <stringconstants candidates="10077" cleared="1394"  />
</gc-op>
<gc-op id="1405" type="classunload" timems="6.811" contextid="1401" timestamp="2019-08-08T09:22:09.721">
  <classunload-info classloadercandidates="18" classloadersunloaded="2" classesunloaded="509" anonymousclassesunloaded="0" quiescems="0.000" setupms="2.004" scanms="4.800" postms="0.007" />
</gc-op>
<gc-op id="1406" type="sweep" timems="2.227" contextid="1401" timestamp="2019-08-08T09:22:09.723" />
<mem-info id="1407" free="10545728" total="16908288" percent="62">
  <mem type="nursery" free="6010008" total="8126464" percent="73">
    <mem type="allocate" free="6010008" total="6356992" percent="94" />
    <mem type="survivor" free="0" total="1769472" percent="0" />
  </mem>
  <mem type="tenure" free="4535720" total="8781824" percent="51" micro-fragmented="50668" macro-fragmented="0">
    <mem type="soa" free="4448680" total="8694784" percent="51" />
    <mem type="loa" free="87040" total="87040" percent="100" />
  </mem>
  <pending-finalizers system="0" default="0" reference="153" classloader="0" />
  <remembered-set count="757" />
</mem-info>
<gc-op id="1408" type="compact" timems="23.012" contextid="1401" timestamp="2019-08-08T09:22:09.746">
  <compact-info movecount="69452" movebytes="4295496" reason="compact to aid heap contraction" />
</gc-op>
<heap-resize id="1409" type="expand" space="tenure" amount="131072" count="1" timems="0.020" reason="satisfy allocation request" timestamp="2019-08-08T09:22:09.747" />
<gc-end id="1410" type="global" contextid="1401" durationms="42.982" usertimems="66.446" systemtimems="0.000" timestamp="2019-08-08T09:22:09.747" activeThreads="16">
  <mem-info id="1411" free="10722752" total="17039360" percent="62">
    <mem type="nursery" free="6013792" total="8126464" percent="74">
      <mem type="allocate" free="6013792" total="6356992" percent="94" />
      <mem type="survivor" free="0" total="1769472" percent="0" />
    </mem>
    <mem type="tenure" free="4708960" total="8912896" percent="52">
      <mem type="soa" free="4619872" total="8823808" percent="52" />
      <mem type="loa" free="89088" total="89088" percent="100" />
    </mem>
    <pending-finalizers system="0" default="0" reference="153" classloader="0" />
    <remembered-set count="757" />
  </mem-info>
</gc-end>
<cycle-end id="1412" type="global" contextid="1401" timestamp="2019-08-08T09:22:09.748" />
  <attribute name="elasticGC enabled" value="1" />
  <attribute name= "numThreadsSpecified" value="16" />
  <attribute name="heapSize specified" value="16908288" />
  <attribute name="Current GC Util" value="69" />
  <attribute name= "Current Time Running" value="120900" />
  <attribute name ="GC Interval" value="2241" />
  <attribute name="Target GC Util Change" value ="80.000000" />
  <attribute name="Current GC Util Change" value="69.000000"/>
  <attribute name="Current Error" value="58.000000" />
  <attribute name="Output H" value="16984040"/>
  <attribute name="Output I" value="2112"/>
  <attribute name="Output T" value="16"/>
  <attribute name= "Current Time Running" value="120900" />
  <attribute name="GC Util currently" value="69" />
  <attribute name="CPU Util currently" value="50033181036" />
<sys-end id="1413" timestamp="2019-08-08T09:22:09.748" />
<exclusive-end id="1414" timestamp="2019-08-08T09:22:09.748" durationms="43.944" />

===== DaCapo 9.12-MR1 jython starting =====
<exclusive-start id="1415" timestamp="2019-08-08T09:22:09.799" intervalms="94.673">
  <response-info timems="0.058" idlems="0.058" threads="0" lastid="0000000000AEAF00" lastname="main" />
</exclusive-start>
<af-start id="1416" threadId="0000000000AEB888" totalBytesRequested="32" timestamp="2019-08-08T09:22:09.799" intervalms="105.456" type="nursery" />
<cycle-start id="1417" type="scavenge" contextid="0" timestamp="2019-08-08T09:22:09.799" intervalms="105.456" />
<gc-start id="1418" type="scavenge" contextid="1417" timestamp="2019-08-08T09:22:09.799">
  <mem-info id="1419" free="4708120" total="17039360" percent="27">
    <mem type="nursery" free="0" total="8126464" percent="0">
      <mem type="allocate" free="0" total="6356992" percent="0" />
      <mem type="survivor" free="0" total="1769472" percent="0" />
    </mem>
    <mem type="tenure" free="4708120" total="8912896" percent="52">
      <mem type="soa" free="4619032" total="8823808" percent="52" />
      <mem type="loa" free="89088" total="89088" percent="100" />
    </mem>
    <remembered-set count="948" />
  </mem-info>
</gc-start>
<allocation-stats totalBytes="6013912" >
  <allocated-bytes non-tlh="561320" tlh="5452592" />
  <largest-consumer threadName="main" threadId="0000000000AEAF00" bytes="6001568" />
</allocation-stats>
<gc-op id="1420" type="scavenge" timems="4.471" contextid="1417" timestamp="2019-08-08T09:22:09.803">
  <scavenger-info tenureage="14" tenuremask="4000" tiltratio="78" />
  <memory-copied type="nursery" objects="23573" bytes="1558784" bytesdiscarded="88808" />
  <ownableSynchronizers candidates="42" cleared="42" />
  <references type="soft" candidates="547" cleared="0" enqueued="0" dynamicThreshold="16" maxThreshold="32" />
  <references type="weak" candidates="637" cleared="4" enqueued="4" />
  <references type="phantom" candidates="5" cleared="1" enqueued="1" />
</gc-op>
<gc-end id="1421" type="scavenge" contextid="1417" durationms="4.614" usertimems="12.171" systemtimems="0.000" timestamp="2019-08-08T09:22:09.803" activeThreads="16">
  <mem-info id="1422" free="8237504" total="17039360" percent="48">
    <mem type="nursery" free="3529384" total="8126464" percent="43">
      <mem type="allocate" free="3529384" total="5177344" percent="68" />
      <mem type="survivor" free="0" total="2949120" percent="0" />
    </mem>
    <mem type="tenure" free="4708120" total="8912896" percent="52" macro-fragmented="4479464">
      <mem type="soa" free="4619032" total="8823808" percent="52" />
      <mem type="loa" free="89088" total="89088" percent="100" />
    </mem>
    <pending-finalizers system="0" default="0" reference="5" classloader="0" />
    <remembered-set count="902" />
  </mem-info>
</gc-end>
<cycle-end id="1423" type="scavenge" contextid="1417" timestamp="2019-08-08T09:22:09.804" />
  <attribute name="elasticGC enabled" value="1" />
  <attribute name= "numThreadsSpecified" value="16" />
  <attribute name="heapSize specified" value="16908288" />
  <attribute name="Current GC Util" value="57" />
  <attribute name= "Current Time Running" value="120953" />
  <attribute name ="GC Interval" value="2057" />
  <attribute name="Target GC Util Change" value ="80.000000" />
  <attribute name="Current GC Util Change" value="57.000000"/>
  <attribute name="Current Error" value="23.000000" />
  <attribute name="Output H" value="17115072"/>
  <attribute name="Output I" value="2056"/>
  <attribute name="Output T" value="16"/>
  <attribute name= "Current Time Running" value="120953" />
  <attribute name="GC Util currently" value="57" />
  <attribute name="CPU Util currently" value="21933747622" />
<allocation-satisfied id="1424" threadId="0000000000AEAF00" bytesRequested="32" />
<af-end id="1425" timestamp="2019-08-08T09:22:09.804" threadId="0000000000AEB888" success="true" from="nursery"/>
<exclusive-end id="1426" timestamp="2019-08-08T09:22:09.804" durationms="4.914" />

<exclusive-start id="1427" timestamp="2019-08-08T09:22:09.814" intervalms="15.238">
  <response-info timems="0.017" idlems="0.017" threads="0" lastid="0000000000AEAF00" lastname="main" />
</exclusive-start>
<af-start id="1428" threadId="0000000000AEB888" totalBytesRequested="40" timestamp="2019-08-08T09:22:09.814" intervalms="15.237" type="nursery" />
<cycle-start id="1429" type="scavenge" contextid="0" timestamp="2019-08-08T09:22:09.814" intervalms="15.237" />
<gc-start id="1430" type="scavenge" contextid="1429" timestamp="2019-08-08T09:22:09.814">
  <mem-info id="1431" free="4708120" total="17039360" percent="27">
    <mem type="nursery" free="0" total="8126464" percent="0">
      <mem type="allocate" free="0" total="5177344" percent="0" />
      <mem type="survivor" free="0" total="2949120" percent="0" />
    </mem>
    <mem type="tenure" free="4708120" total="8912896" percent="52">
      <mem type="soa" free="4619032" total="8823808" percent="52" />
      <mem type="loa" free="89088" total="89088" percent="100" />
    </mem>
    <remembered-set count="903" />
  </mem-info>
</gc-start>
<allocation-stats totalBytes="3529120" >
  <allocated-bytes non-tlh="32" tlh="3529088" />
  <largest-consumer threadName="main" threadId="0000000000AEAF00" bytes="3529120" />
</allocation-stats>
<gc-op id="1432" type="scavenge" timems="4.867" contextid="1429" timestamp="2019-08-08T09:22:09.819">
  <scavenger-info tenureage="13" tenuremask="6000" tiltratio="63" />
  <memory-copied type="nursery" objects="28745" bytes="1749576" bytesdiscarded="81584" />
  <references type="soft" candidates="547" cleared="0" enqueued="0" dynamicThreshold="16" maxThreshold="32" />
  <references type="weak" candidates="633" cleared="0" enqueued="0" />
  <references type="phantom" candidates="4" cleared="0" enqueued="0" />
</gc-op>
<heap-resize id="1433" type="expand" space="nursery" amount="1179648" count="1" timems="0.023" reason="excessive time being spent scavenging" timestamp="2019-08-08T09:22:09.819" />
<gc-end id="1434" type="scavenge" contextid="1429" durationms="5.048" usertimems="11.618" systemtimems="0.000" timestamp="2019-08-08T09:22:09.819" activeThreads="16">
  <mem-info id="1435" free="9299120" total="18219008" percent="51">
    <mem type="nursery" free="4591000" total="9306112" percent="49">
      <mem type="allocate" free="4591000" total="6422528" percent="71" />
      <mem type="survivor" free="0" total="2883584" percent="0" />
    </mem>
    <mem type="tenure" free="4708120" total="8912896" percent="52" macro-fragmented="4479464">
      <mem type="soa" free="4619032" total="8823808" percent="52" />
      <mem type="loa" free="89088" total="89088" percent="100" />
    </mem>
    <remembered-set count="505" />
  </mem-info>
</gc-end>
<cycle-end id="1436" type="scavenge" contextid="1429" timestamp="2019-08-08T09:22:09.819" />
  <attribute name="elasticGC enabled" value="1" />
  <attribute name= "numThreadsSpecified" value="16" />
  <attribute name="heapSize specified" value="16908288" />
  <attribute name="Current GC Util" value="78" />
  <attribute name= "Current Time Running" value="120968" />
  <attribute name ="GC Interval" value="2057" />
  <attribute name="Target GC Util Change" value ="80.000000" />
  <attribute name="Current GC Util Change" value="78.000000"/>
  <attribute name="Current Error" value="25.000000" />
  <attribute name="Output H" value="17115072"/>
  <attribute name="Output I" value="2056"/>
  <attribute name="Output T" value="16"/>
  <attribute name= "Current Time Running" value="120968" />
  <attribute name="GC Util currently" value="78" />
  <attribute name="CPU Util currently" value="76263814492" />
<allocation-satisfied id="1437" threadId="0000000000AEAF00" bytesRequested="40" />
<af-end id="1438" timestamp="2019-08-08T09:22:09.819" threadId="0000000000AEB888" success="true" from="nursery"/>
<exclusive-end id="1439" timestamp="2019-08-08T09:22:09.819" durationms="5.298" />

<exclusive-start id="1440" timestamp="2019-08-08T09:22:09.847" intervalms="33.592">
  <response-info timems="0.024" idlems="0.024" threads="0" lastid="0000000000AEAF00" lastname="main" />
</exclusive-start>
<af-start id="1441" threadId="0000000000AEB888" totalBytesRequested="72" timestamp="2019-08-08T09:22:09.848" intervalms="33.603" type="nursery" />
<cycle-start id="1442" type="scavenge" contextid="0" timestamp="2019-08-08T09:22:09.848" intervalms="33.606" />
<gc-start id="1443" type="scavenge" contextid="1442" timestamp="2019-08-08T09:22:09.848">
  <mem-info id="1444" free="4708120" total="18219008" percent="25">
    <mem type="nursery" free="0" total="9306112" percent="0">
      <mem type="allocate" free="0" total="6422528" percent="0" />
      <mem type="survivor" free="0" total="2883584" percent="0" />
    </mem>
    <mem type="tenure" free="4708120" total="8912896" percent="52">
      <mem type="soa" free="4619032" total="8823808" percent="52" />
      <mem type="loa" free="89088" total="89088" percent="100" />
    </mem>
    <remembered-set count="505" />
  </mem-info>
</gc-start>
<allocation-stats totalBytes="4590408" >
  <allocated-bytes non-tlh="40" tlh="4590368" />
  <largest-consumer threadName="main" threadId="0000000000AEAF00" bytes="4590408" />
</allocation-stats>
<gc-op id="1445" type="scavenge" timems="5.727" contextid="1442" timestamp="2019-08-08T09:22:09.853">
  <scavenger-info tenureage="2" tenuremask="602c" tiltratio="69" />
  <memory-copied type="nursery" objects="13604" bytes="559512" bytesdiscarded="136832" />
  <memory-copied type="tenure" objects="17133" bytes="985808" bytesdiscarded="1312" />
  <references type="weak" candidates="18" cleared="0" enqueued="0" />
</gc-op>
<heap-resize id="1446" type="expand" space="nursery" amount="655360" count="1" timems="0.018" reason="excessive time being spent scavenging" timestamp="2019-08-08T09:22:09.854" />
<gc-end id="1447" type="scavenge" contextid="1442" durationms="5.972" usertimems="14.160" systemtimems="0.000" timestamp="2019-08-08T09:22:09.854" activeThreads="16">
  <mem-info id="1448" free="10229976" total="18874368" percent="54">
    <mem type="nursery" free="6643680" total="9961472" percent="66">
      <mem type="allocate" free="6643680" total="7340032" percent="90" />
      <mem type="survivor" free="0" total="2621440" percent="0" />
    </mem>
    <mem type="tenure" free="3586296" total="8912896" percent="40" macro-fragmented="3110739">
      <mem type="soa" free="3497208" total="8823808" percent="39" />
      <mem type="loa" free="89088" total="89088" percent="100" />
    </mem>
    <remembered-set count="531" />
  </mem-info>
</gc-end>
<cycle-end id="1449" type="scavenge" contextid="1442" timestamp="2019-08-08T09:22:09.854" />
  <attribute name="elasticGC enabled" value="1" />
  <attribute name= "numThreadsSpecified" value="16" />
  <attribute name="heapSize specified" value="16908288" />
  <attribute name="Current GC Util" value="34" />
  <attribute name= "Current Time Running" value="121001" />
  <attribute name ="GC Interval" value="2137" />
  <attribute name="Target GC Util Change" value ="80.000000" />
  <attribute name="Current GC Util Change" value="34.000000"/>
  <attribute name="Current Error" value="71.000000" />
  <attribute name="Output H" value="18294776"/>
  <attribute name="Output I" value="2136"/>
  <attribute name="Output T" value="16"/>
  <attribute name= "Current Time Running" value="121001" />
  <attribute name="GC Util currently" value="34" />
  <attribute name="CPU Util currently" value="34253152891" />
<allocation-satisfied id="1450" threadId="0000000000AEAF00" bytesRequested="72" />
<af-end id="1451" timestamp="2019-08-08T09:22:09.854" threadId="0000000000AEB888" success="true" from="nursery"/>
<exclusive-end id="1452" timestamp="2019-08-08T09:22:09.854" durationms="6.767" />

<exclusive-start id="1453" timestamp="2019-08-08T09:22:10.086" intervalms="238.609">
  <response-info timems="0.020" idlems="0.020" threads="0" lastid="0000000000AEAF00" lastname="main" />
</exclusive-start>
<af-start id="1454" threadId="0000000000AEB888" totalBytesRequested="32" timestamp="2019-08-08T09:22:10.086" intervalms="238.602" type="nursery" />
<cycle-start id="1455" type="scavenge" contextid="0" timestamp="2019-08-08T09:22:10.086" intervalms="238.601" />
<gc-start id="1456" type="scavenge" contextid="1455" timestamp="2019-08-08T09:22:10.086">
  <mem-info id="1457" free="3444640" total="18874368" percent="18">
    <mem type="nursery" free="0" total="9961472" percent="0">
      <mem type="allocate" free="0" total="7340032" percent="0" />
      <mem type="survivor" free="0" total="2621440" percent="0" />
    </mem>
    <mem type="tenure" free="3444640" total="8912896" percent="38">
      <mem type="soa" free="3355552" total="8823808" percent="38" />
      <mem type="loa" free="89088" total="89088" percent="100" />
    </mem>
    <remembered-set count="2900" />
  </mem-info>
</gc-start>
<allocation-stats totalBytes="6783944" >
  <allocated-bytes non-tlh="341736" tlh="6442208" />
  <largest-consumer threadName="main" threadId="0000000000AEAF00" bytes="6783944" />
</allocation-stats>
<gc-op id="1458" type="scavenge" timems="3.033" contextid="1455" timestamp="2019-08-08T09:22:10.089">
  <scavenger-info tenureage="14" tenuremask="4000" tiltratio="73" />
  <memory-copied type="nursery" objects="25195" bytes="1343128" bytesdiscarded="69704" />
  <references type="soft" candidates="57" cleared="0" enqueued="0" dynamicThreshold="16" maxThreshold="32" />
  <references type="weak" candidates="141" cleared="29" enqueued="20" />
  <references type="phantom" candidates="1" cleared="0" enqueued="0" />
</gc-op>
<gc-end id="1459" type="scavenge" contextid="1455" durationms="3.189" usertimems="6.669" systemtimems="0.000" timestamp="2019-08-08T09:22:10.089" activeThreads="16">
  <mem-info id="1460" free="9568296" total="18874368" percent="50">
    <mem type="nursery" free="6123656" total="9961472" percent="61">
      <mem type="allocate" free="6123656" total="7536640" percent="81" />
      <mem type="survivor" free="0" total="2424832" percent="0" />
    </mem>
    <mem type="tenure" free="3444640" total="8912896" percent="38" macro-fragmented="3110739">
      <mem type="soa" free="3355552" total="8823808" percent="38" />
      <mem type="loa" free="89088" total="89088" percent="100" />
    </mem>
    <pending-finalizers system="0" default="0" reference="20" classloader="0" />
    <remembered-set count="2884" />
  </mem-info>
</gc-end>
<cycle-end id="1461" type="scavenge" contextid="1455" timestamp="2019-08-08T09:22:10.090" />
  <attribute name="elasticGC enabled" value="1" />
  <attribute name= "numThreadsSpecified" value="16" />
  <attribute name="heapSize specified" value="16908288" />
  <attribute name="Current GC Util" value="5" />
  <attribute name= "Current Time Running" value="121240" />
  <attribute name ="GC Interval" value="2273" />
  <attribute name="Target GC Util Change" value ="80.000000" />
  <attribute name="Current GC Util Change" value="5.000000"/>
  <attribute name="Current Error" value="146.000000" />
  <attribute name="Output H" value="18950216"/>
  <attribute name="Output I" value="2272"/>
  <attribute name="Output T" value="16"/>
  <attribute name= "Current Time Running" value="121240" />
  <attribute name="GC Util currently" value="5" />
  <attribute name="CPU Util currently" value="4833062149" />
<allocation-satisfied id="1462" threadId="0000000000AEAF00" bytesRequested="32" />
<af-end id="1463" timestamp="2019-08-08T09:22:10.090" threadId="0000000000AEB888" success="true" from="nursery"/>
<exclusive-end id="1464" timestamp="2019-08-08T09:22:10.090" durationms="3.455" />

<exclusive-start id="1465" timestamp="2019-08-08T09:22:10.126" intervalms="39.980">
  <response-info timems="0.018" idlems="0.018" threads="0" lastid="0000000000AEAF00" lastname="main" />
</exclusive-start>
<af-start id="1466" threadId="0000000000AEB888" totalBytesRequested="32" timestamp="2019-08-08T09:22:10.126" intervalms="40.019" type="nursery" />
<cycle-start id="1467" type="scavenge" contextid="0" timestamp="2019-08-08T09:22:10.126" intervalms="40.017" />
<gc-start id="1468" type="scavenge" contextid="1467" timestamp="2019-08-08T09:22:10.126">
  <mem-info id="1469" free="3425008" total="18874368" percent="18">
    <mem type="nursery" free="0" total="9961472" percent="0">
      <mem type="allocate" free="0" total="7536640" percent="0" />
      <mem type="survivor" free="0" total="2424832" percent="0" />
    </mem>
    <mem type="tenure" free="3425008" total="8912896" percent="38">
      <mem type="soa" free="3335920" total="8823808" percent="37" />
      <mem type="loa" free="89088" total="89088" percent="100" />
    </mem>
    <remembered-set count="3003" />
  </mem-info>
</gc-start>
<allocation-stats totalBytes="6141952" >
  <allocated-bytes non-tlh="219672" tlh="5922280" />
  <largest-consumer threadName="main" threadId="0000000000AEAF00" bytes="6137856" />
</allocation-stats>
<gc-op id="1470" type="scavenge" timems="3.807" contextid="1467" timestamp="2019-08-08T09:22:10.130">
  <scavenger-info tenureage="3" tenuremask="4008" tiltratio="75" />
  <memory-copied type="nursery" objects="18387" bytes="1039560" bytesdiscarded="88360" />
  <memory-copied type="tenure" objects="4810" bytes="180704" bytesdiscarded="160" />
  <references type="soft" candidates="89" cleared="0" enqueued="0" dynamicThreshold="16" maxThreshold="32" />
  <references type="weak" candidates="120" cleared="2" enqueued="2" />
  <references type="phantom" candidates="1" cleared="0" enqueued="0" />
</gc-op>
<gc-end id="1471" type="scavenge" contextid="1467" durationms="4.038" usertimems="9.200" systemtimems="0.000" timestamp="2019-08-08T09:22:10.130" activeThreads="16">
  <mem-info id="1472" free="9803384" total="18874368" percent="51">
    <mem type="nursery" free="6539656" total="9961472" percent="65">
      <mem type="allocate" free="6539656" total="7667712" percent="85" />
      <mem type="survivor" free="0" total="2293760" percent="0" />
    </mem>
    <mem type="tenure" free="3263728" total="8912896" percent="36" macro-fragmented="1800196">
      <mem type="soa" free="3174640" total="8823808" percent="35" />
      <mem type="loa" free="89088" total="89088" percent="100" />
    </mem>
    <pending-finalizers system="0" default="0" reference="2" classloader="0" />
    <remembered-set count="2957" />
  </mem-info>
</gc-end>
<cycle-end id="1473" type="scavenge" contextid="1467" timestamp="2019-08-08T09:22:10.130" />
  <attribute name="elasticGC enabled" value="1" />
  <attribute name= "numThreadsSpecified" value="16" />
  <attribute name="heapSize specified" value="16908288" />
  <attribute name="Current GC Util" value="16" />
  <attribute name= "Current Time Running" value="121280" />
  <attribute name ="GC Interval" value="2385" />
  <attribute name="Target GC Util Change" value ="80.000000" />
  <attribute name="Current GC Util Change" value="16.000000"/>
  <attribute name="Current Error" value="210.000000" />
  <attribute name="Output H" value="18950296"/>
  <attribute name="Output I" value="2384"/>
  <attribute name="Output T" value="16"/>
  <attribute name= "Current Time Running" value="121280" />
  <attribute name="GC Util currently" value="16" />
  <attribute name="CPU Util currently" value="28804196559" />
<allocation-satisfied id="1474" threadId="0000000000AEAF00" bytesRequested="32" />
<af-end id="1475" timestamp="2019-08-08T09:22:10.130" threadId="0000000000AEB888" success="true" from="nursery"/>
<exclusive-end id="1476" timestamp="2019-08-08T09:22:10.130" durationms="4.291" />

<exclusive-start id="1477" timestamp="2019-08-08T09:22:10.168" intervalms="41.765">
  <response-info timems="0.127" idlems="0.127" threads="0" lastid="0000000000AEAF00" lastname="main" />
</exclusive-start>
<af-start id="1478" threadId="0000000000AEB888" totalBytesRequested="32" timestamp="2019-08-08T09:22:10.168" intervalms="41.724" type="nursery" />
<cycle-start id="1479" type="scavenge" contextid="0" timestamp="2019-08-08T09:22:10.168" intervalms="41.732" />
<gc-start id="1480" type="scavenge" contextid="1479" timestamp="2019-08-08T09:22:10.168">
  <mem-info id="1481" free="3246008" total="18874368" percent="17">
    <mem type="nursery" free="0" total="9961472" percent="0">
      <mem type="allocate" free="0" total="7667712" percent="0" />
      <mem type="survivor" free="0" total="2293760" percent="0" />
    </mem>
    <mem type="tenure" free="3246008" total="8912896" percent="36">
      <mem type="soa" free="3156920" total="8823808" percent="35" />
      <mem type="loa" free="89088" total="89088" percent="100" />
    </mem>
    <remembered-set count="3046" />
  </mem-info>
</gc-start>
<allocation-stats totalBytes="6556568" >
  <allocated-bytes non-tlh="217760" tlh="6338808" />
  <largest-consumer threadName="main" threadId="0000000000AEAF00" bytes="6552472" />
</allocation-stats>
<gc-op id="1482" type="scavenge" timems="3.298" contextid="1479" timestamp="2019-08-08T09:22:10.171">
  <scavenger-info tenureage="3" tenuremask="4008" tiltratio="76" />
  <memory-copied type="nursery" objects="16800" bytes="1061544" bytesdiscarded="102592" />
  <memory-copied type="tenure" objects="4113" bytes="155472" bytesdiscarded="136" />
  <references type="soft" candidates="90" cleared="0" enqueued="0" dynamicThreshold="16" maxThreshold="32" />
  <references type="weak" candidates="136" cleared="0" enqueued="0" />
  <references type="phantom" candidates="1" cleared="0" enqueued="0" />
</gc-op>
<heap-resize id="1483" type="expand" space="nursery" amount="524288" count="1" timems="0.020" reason="excessive time being spent scavenging" timestamp="2019-08-08T09:22:10.171" />
<gc-end id="1484" type="scavenge" contextid="1479" durationms="3.482" usertimems="9.297" systemtimems="0.000" timestamp="2019-08-08T09:22:10.171" activeThreads="16">
  <mem-info id="1485" free="10133408" total="19398656" percent="52">
    <mem type="nursery" free="7093224" total="10485760" percent="67">
      <mem type="allocate" free="7093224" total="8257536" percent="85" />
      <mem type="survivor" free="0" total="2228224" percent="0" />
    </mem>
    <mem type="tenure" free="3040184" total="8912896" percent="34" macro-fragmented="2160235">
      <mem type="soa" free="2951096" total="8823808" percent="33" />
      <mem type="loa" free="89088" total="89088" percent="100" />
    </mem>
    <remembered-set count="446" />
  </mem-info>
</gc-end>
<cycle-end id="1486" type="scavenge" contextid="1479" timestamp="2019-08-08T09:22:10.172" />
  <attribute name="elasticGC enabled" value="1" />
  <attribute name= "numThreadsSpecified" value="16" />
  <attribute name="heapSize specified" value="16908288" />
  <attribute name="Current GC Util" value="21" />
  <attribute name= "Current Time Running" value="121322" />
  <attribute name ="GC Interval" value="2489" />
  <attribute name="Target GC Util Change" value ="80.000000" />
  <attribute name="Current GC Util Change" value="21.000000"/>
  <attribute name="Current Error" value="269.000000" />
  <attribute name="Output H" value="18950360"/>
  <attribute name="Output I" value="2488"/>
  <attribute name="Output T" value="16"/>
  <attribute name= "Current Time Running" value="121322" />
  <attribute name="GC Util currently" value="21" />
  <attribute name="CPU Util currently" value="27627843077" />
<allocation-satisfied id="1487" threadId="0000000000AEAF00" bytesRequested="32" />
<af-end id="1488" timestamp="2019-08-08T09:22:10.172" threadId="0000000000AEB888" success="true" from="nursery"/>
<exclusive-end id="1489" timestamp="2019-08-08T09:22:10.172" durationms="3.725" />

<exclusive-start id="1490" timestamp="2019-08-08T09:22:10.190" intervalms="21.719">
  <response-info timems="0.019" idlems="0.019" threads="0" lastid="0000000000AEAF00" lastname="main" />
</exclusive-start>
<af-start id="1491" threadId="0000000000AEB888" totalBytesRequested="32" timestamp="2019-08-08T09:22:10.190" intervalms="21.717" type="nursery" />
<cycle-start id="1492" type="scavenge" contextid="0" timestamp="2019-08-08T09:22:10.190" intervalms="21.708" />
<gc-start id="1493" type="scavenge" contextid="1492" timestamp="2019-08-08T09:22:10.190">
  <mem-info id="1494" free="3040184" total="19398656" percent="15">
    <mem type="nursery" free="0" total="10485760" percent="0">
      <mem type="allocate" free="0" total="8257536" percent="0" />
      <mem type="survivor" free="0" total="2228224" percent="0" />
    </mem>
    <mem type="tenure" free="3040184" total="8912896" percent="34">
      <mem type="soa" free="2951096" total="8823808" percent="33" />
      <mem type="loa" free="89088" total="89088" percent="100" />
    </mem>
    <remembered-set count="446" />
  </mem-info>
</gc-start>
<allocation-stats totalBytes="7092504" >
  <allocated-bytes non-tlh="32" tlh="7092472" />
  <largest-consumer threadName="main" threadId="0000000000AEAF00" bytes="7092504" />
</allocation-stats>
<gc-op id="1495" type="scavenge" timems="4.621" contextid="1492" timestamp="2019-08-08T09:22:10.194">
  <scavenger-info tenureage="3" tenuremask="4008" tiltratio="78" />
  <memory-copied type="nursery" objects="15403" bytes="977648" bytesdiscarded="159232" />
  <memory-copied type="tenure" objects="7578" bytes="312904" bytesdiscarded="1424" />
  <references type="soft" candidates="33" cleared="0" enqueued="0" dynamicThreshold="16" maxThreshold="32" />
  <references type="weak" candidates="42" cleared="0" enqueued="0" />
  <references type="phantom" candidates="1" cleared="0" enqueued="0" />
</gc-op>
<heap-resize id="1496" type="expand" space="nursery" amount="917504" count="1" timems="0.022" reason="excessive time being spent scavenging" timestamp="2019-08-08T09:22:10.194" />
<gc-end id="1497" type="scavenge" contextid="1492" durationms="4.804" usertimems="9.845" systemtimems="0.000" timestamp="2019-08-08T09:22:10.194" activeThreads="16">
  <mem-info id="1498" free="10821976" total="20316160" percent="53">
    <mem type="nursery" free="8103600" total="11403264" percent="71">
      <mem type="allocate" free="8103600" total="9240576" percent="87" />
      <mem type="survivor" free="0" total="2162688" percent="0" />
    </mem>
    <mem type="tenure" free="2718376" total="8912896" percent="30" macro-fragmented="1800196">
      <mem type="soa" free="2629288" total="8823808" percent="29" />
      <mem type="loa" free="89088" total="89088" percent="100" />
    </mem>
    <remembered-set count="212" />
  </mem-info>
</gc-end>
<cycle-end id="1499" type="scavenge" contextid="1492" timestamp="2019-08-08T09:22:10.195" />
  <attribute name="elasticGC enabled" value="1" />
  <attribute name= "numThreadsSpecified" value="16" />
  <attribute name="heapSize specified" value="16908288" />
  <attribute name="Current GC Util" value="42" />
  <attribute name= "Current Time Running" value="121343" />
  <attribute name ="GC Interval" value="2081" />
  <attribute name="Target GC Util Change" value ="80.000000" />
  <attribute name="Current GC Util Change" value="42.000000"/>
  <attribute name="Current Error" value="38.000000" />
  <attribute name="Output H" value="19474384"/>
  <attribute name="Output I" value="2080"/>
  <attribute name="Output T" value="16"/>
  <attribute name= "Current Time Running" value="121343" />
  <attribute name="GC Util currently" value="42" />
  <attribute name="CPU Util currently" value="53013780920" />
<allocation-satisfied id="1500" threadId="0000000000AEAF00" bytesRequested="32" />
<af-end id="1501" timestamp="2019-08-08T09:22:10.195" threadId="0000000000AEB888" success="true" from="nursery"/>
<exclusive-end id="1502" timestamp="2019-08-08T09:22:10.195" durationms="5.009" />

<exclusive-start id="1503" timestamp="2019-08-08T09:22:10.231" intervalms="40.985">
  <response-info timems="0.051" idlems="0.051" threads="0" lastid="0000000000AEAF00" lastname="main" />
</exclusive-start>
<af-start id="1504" threadId="0000000000AEB888" totalBytesRequested="32" timestamp="2019-08-08T09:22:10.231" intervalms="40.987" type="nursery" />
<cycle-start id="1505" type="scavenge" contextid="0" timestamp="2019-08-08T09:22:10.231" intervalms="40.988" />
<gc-start id="1506" type="scavenge" contextid="1505" timestamp="2019-08-08T09:22:10.231">
  <mem-info id="1507" free="2714616" total="20316160" percent="13">
    <mem type="nursery" free="0" total="11403264" percent="0">
      <mem type="allocate" free="0" total="9240576" percent="0" />
      <mem type="survivor" free="0" total="2162688" percent="0" />
    </mem>
    <mem type="tenure" free="2714616" total="8912896" percent="30">
      <mem type="soa" free="2625528" total="8823808" percent="29" />
      <mem type="loa" free="89088" total="89088" percent="100" />
    </mem>
    <remembered-set count="290" />
  </mem-info>
</gc-start>
<allocation-stats totalBytes="8106352" >
  <allocated-bytes non-tlh="203800" tlh="7902552" />
  <largest-consumer threadName="main" threadId="0000000000AEAF00" bytes="8106352" />
</allocation-stats>
<gc-op id="1508" type="scavenge" timems="2.402" contextid="1505" timestamp="2019-08-08T09:22:10.233">
  <scavenger-info tenureage="9" tenuremask="4200" tiltratio="81" />
  <memory-copied type="nursery" objects="3572" bytes="404952" bytesdiscarded="114952" />
  <memory-copied type="tenure" objects="66" bytes="4008" bytesdiscarded="0" />
  <references type="soft" candidates="43" cleared="0" enqueued="0" dynamicThreshold="16" maxThreshold="32" />
  <references type="weak" candidates="64" cleared="0" enqueued="0" />
  <references type="phantom" candidates="1" cleared="0" enqueued="0" />
</gc-op>
<gc-end id="1509" type="scavenge" contextid="1505" durationms="2.571" usertimems="6.015" systemtimems="0.000" timestamp="2019-08-08T09:22:10.233" activeThreads="16">
  <mem-info id="1510" free="11828376" total="20316160" percent="58">
    <mem type="nursery" free="9113760" total="11403264" percent="79">
      <mem type="allocate" free="9113760" total="9633792" percent="94" />
      <mem type="survivor" free="0" total="1769472" percent="0" />
    </mem>
    <mem type="tenure" free="2714616" total="8912896" percent="30" macro-fragmented="2592282">
      <mem type="soa" free="2625528" total="8823808" percent="29" />
      <mem type="loa" free="89088" total="89088" percent="100" />
    </mem>
    <remembered-set count="204" />
  </mem-info>
</gc-end>
<cycle-end id="1511" type="scavenge" contextid="1505" timestamp="2019-08-08T09:22:10.233" />
  <attribute name="elasticGC enabled" value="1" />
  <attribute name= "numThreadsSpecified" value="16" />
  <attribute name="heapSize specified" value="16908288" />
  <attribute name="Current GC Util" value="23" />
  <attribute name= "Current Time Running" value="121384" />
  <attribute name ="GC Interval" value="2185" />
  <attribute name="Target GC Util Change" value ="80.000000" />
  <attribute name="Current GC Util Change" value="23.000000"/>
  <attribute name="Current Error" value="95.000000" />
  <attribute name="Output H" value="20391952"/>
  <attribute name="Output I" value="2184"/>
  <attribute name="Output T" value="16"/>
  <attribute name= "Current Time Running" value="121384" />
  <attribute name="GC Util currently" value="23" />
  <attribute name="CPU Util currently" value="28149048519" />
<allocation-satisfied id="1512" threadId="0000000000AEAF00" bytesRequested="32" />
<af-end id="1513" timestamp="2019-08-08T09:22:10.233" threadId="0000000000AEB888" success="true" from="nursery"/>
<exclusive-end id="1514" timestamp="2019-08-08T09:22:10.233" durationms="2.753" />

<exclusive-start id="1515" timestamp="2019-08-08T09:22:10.290" intervalms="59.082">
  <response-info timems="0.207" idlems="0.207" threads="0" lastid="0000000000AEAF00" lastname="main" />
</exclusive-start>
<af-start id="1516" threadId="0000000000AEB888" totalBytesRequested="32" timestamp="2019-08-08T09:22:10.290" intervalms="59.130" type="nursery" />
<cycle-start id="1517" type="scavenge" contextid="0" timestamp="2019-08-08T09:22:10.290" intervalms="59.132" />
<gc-start id="1518" type="scavenge" contextid="1517" timestamp="2019-08-08T09:22:10.290">
  <mem-info id="1519" free="2701320" total="20316160" percent="13">
    <mem type="nursery" free="0" total="11403264" percent="0">
      <mem type="allocate" free="0" total="9633792" percent="0" />
      <mem type="survivor" free="0" total="1769472" percent="0" />
    </mem>
    <mem type="tenure" free="2701320" total="8912896" percent="30">
      <mem type="soa" free="2612232" total="8823808" percent="29" />
      <mem type="loa" free="89088" total="89088" percent="100" />
    </mem>
    <remembered-set count="419" />
  </mem-info>
</gc-start>
<allocation-stats totalBytes="9125352" >
  <allocated-bytes non-tlh="278880" tlh="8846472" />
  <largest-consumer threadName="main" threadId="0000000000AEAF00" bytes="9125352" />
</allocation-stats>
<gc-op id="1520" type="scavenge" timems="4.278" contextid="1517" timestamp="2019-08-08T09:22:10.294">
  <scavenger-info tenureage="14" tenuremask="4000" tiltratio="84" />
  <memory-copied type="nursery" objects="15096" bytes="1007176" bytesdiscarded="88640" />
  <references type="soft" candidates="44" cleared="0" enqueued="0" dynamicThreshold="16" maxThreshold="32" />
  <references type="weak" candidates="269" cleared="0" enqueued="0" />
  <references type="phantom" candidates="1" cleared="0" enqueued="0" />
</gc-op>
<gc-end id="1521" type="scavenge" contextid="1517" durationms="4.409" usertimems="9.239" systemtimems="0.000" timestamp="2019-08-08T09:22:10.294" activeThreads="16">
  <mem-info id="1522" free="11173576" total="20316160" percent="54">
    <mem type="nursery" free="8472256" total="11403264" percent="74">
      <mem type="allocate" free="8472256" total="9568256" percent="88" />
      <mem type="survivor" free="0" total="1835008" percent="0" />
    </mem>
    <mem type="tenure" free="2701320" total="8912896" percent="30" macro-fragmented="2592282">
      <mem type="soa" free="2612232" total="8823808" percent="29" />
      <mem type="loa" free="89088" total="89088" percent="100" />
    </mem>
    <remembered-set count="415" />
  </mem-info>
</gc-end>
<cycle-end id="1523" type="scavenge" contextid="1517" timestamp="2019-08-08T09:22:10.294" />
  <attribute name="elasticGC enabled" value="1" />
  <attribute name= "numThreadsSpecified" value="16" />
  <attribute name="heapSize specified" value="16908288" />
  <attribute name="Current GC Util" value="8" />
  <attribute name= "Current Time Running" value="121443" />
  <attribute name ="GC Interval" value="2313" />
  <attribute name="Target GC Util Change" value ="80.000000" />
  <attribute name="Current GC Util Change" value="8.000000"/>
  <attribute name="Current Error" value="167.000000" />
  <attribute name="Output H" value="20392032"/>
  <attribute name="Output I" value="2312"/>
  <attribute name="Output T" value="16"/>
  <attribute name= "Current Time Running" value="121443" />
  <attribute name="GC Util currently" value="8" />
  <attribute name="CPU Util currently" value="19482425951" />
<allocation-satisfied id="1524" threadId="0000000000AEAF00" bytesRequested="32" />
<af-end id="1525" timestamp="2019-08-08T09:22:10.294" threadId="0000000000AEB888" success="true" from="nursery"/>
<exclusive-end id="1526" timestamp="2019-08-08T09:22:10.294" durationms="4.713" />

<exclusive-start id="1527" timestamp="2019-08-08T09:22:10.313" intervalms="23.828">
  <response-info timems="0.018" idlems="0.018" threads="0" lastid="0000000000AEAF00" lastname="main" />
</exclusive-start>
<af-start id="1528" threadId="0000000000AEB888" totalBytesRequested="24" timestamp="2019-08-08T09:22:10.314" intervalms="23.785" type="nursery" />
<cycle-start id="1529" type="scavenge" contextid="0" timestamp="2019-08-08T09:22:10.314" intervalms="23.785" />
<gc-start id="1530" type="scavenge" contextid="1529" timestamp="2019-08-08T09:22:10.314">
  <mem-info id="1531" free="2701320" total="20316160" percent="13">
    <mem type="nursery" free="0" total="11403264" percent="0">
      <mem type="allocate" free="0" total="9568256" percent="0" />
      <mem type="survivor" free="0" total="1835008" percent="0" />
    </mem>
    <mem type="tenure" free="2701320" total="8912896" percent="30">
      <mem type="soa" free="2612232" total="8823808" percent="29" />
      <mem type="loa" free="89088" total="89088" percent="100" />
    </mem>
    <remembered-set count="415" />
  </mem-info>
</gc-start>
<allocation-stats totalBytes="8471488" >
  <allocated-bytes non-tlh="32" tlh="8471456" />
  <largest-consumer threadName="main" threadId="0000000000AEAF00" bytes="8471488" />
</allocation-stats>
<gc-op id="1532" type="scavenge" timems="3.430" contextid="1529" timestamp="2019-08-08T09:22:10.317">
  <scavenger-info tenureage="14" tenuremask="4000" tiltratio="83" />
  <memory-copied type="nursery" objects="27445" bytes="1455832" bytesdiscarded="129240" />
  <references type="soft" candidates="44" cleared="0" enqueued="0" dynamicThreshold="16" maxThreshold="32" />
  <references type="weak" candidates="269" cleared="0" enqueued="0" />
  <references type="phantom" candidates="1" cleared="0" enqueued="0" />
</gc-op>
<heap-resize id="1533" type="expand" space="nursery" amount="917504" count="1" timems="0.017" reason="excessive time being spent scavenging" timestamp="2019-08-08T09:22:10.317" />
<gc-end id="1534" type="scavenge" contextid="1529" durationms="3.730" usertimems="8.044" systemtimems="0.000" timestamp="2019-08-08T09:22:10.317" activeThreads="16">
  <mem-info id="1535" free="11012024" total="21233664" percent="51">
    <mem type="nursery" free="8310704" total="12320768" percent="67">
      <mem type="allocate" free="8310704" total="9895936" percent="83" />
      <mem type="survivor" free="0" total="2424832" percent="0" />
    </mem>
    <mem type="tenure" free="2701320" total="8912896" percent="30" macro-fragmented="1800196">
      <mem type="soa" free="2612232" total="8823808" percent="29" />
      <mem type="loa" free="89088" total="89088" percent="100" />
    </mem>
    <remembered-set count="351" />
  </mem-info>
</gc-end>
<cycle-end id="1536" type="scavenge" contextid="1529" timestamp="2019-08-08T09:22:10.317" />
  <attribute name="elasticGC enabled" value="1" />
  <attribute name= "numThreadsSpecified" value="16" />
  <attribute name="heapSize specified" value="16908288" />
  <attribute name="Current GC Util" value="39" />
  <attribute name= "Current Time Running" value="121467" />
  <attribute name ="GC Interval" value="2385" />
  <attribute name="Target GC Util Change" value ="80.000000" />
  <attribute name="Current GC Util Change" value="39.000000"/>
  <attribute name="Current Error" value="208.000000" />
  <attribute name="Output H" value="20392080"/>
  <attribute name="Output I" value="2384"/>
  <attribute name="Output T" value="16"/>
  <attribute name= "Current Time Running" value="121467" />
  <attribute name="GC Util currently" value="39" />
  <attribute name="CPU Util currently" value="48540989005" />
<allocation-satisfied id="1537" threadId="0000000000AEAF00" bytesRequested="24" />
<af-end id="1538" timestamp="2019-08-08T09:22:10.317" threadId="0000000000AEB888" success="true" from="nursery"/>
<exclusive-end id="1539" timestamp="2019-08-08T09:22:10.317" durationms="3.947" />

<exclusive-start id="1540" timestamp="2019-08-08T09:22:10.369" intervalms="55.640">
  <response-info timems="0.082" idlems="0.082" threads="0" lastid="0000000000AEAF00" lastname="main" />
</exclusive-start>
<af-start id="1541" threadId="0000000000AEB888" totalBytesRequested="88" timestamp="2019-08-08T09:22:10.369" intervalms="55.673" type="nursery" />
<cycle-start id="1542" type="scavenge" contextid="0" timestamp="2019-08-08T09:22:10.369" intervalms="55.672" />
<gc-start id="1543" type="scavenge" contextid="1542" timestamp="2019-08-08T09:22:10.369">
  <mem-info id="1544" free="2677000" total="21233664" percent="12">
    <mem type="nursery" free="0" total="12320768" percent="0">
      <mem type="allocate" free="0" total="9895936" percent="0" />
      <mem type="survivor" free="0" total="2424832" percent="0" />
    </mem>
    <mem type="tenure" free="2677000" total="8912896" percent="30">
      <mem type="soa" free="2587912" total="8823808" percent="29" />
      <mem type="loa" free="89088" total="89088" percent="100" />
    </mem>
    <remembered-set count="665" />
  </mem-info>
</gc-start>
<allocation-stats totalBytes="8333264" >
  <allocated-bytes non-tlh="24344" tlh="8308920" />
  <largest-consumer threadName="main" threadId="0000000000AEAF00" bytes="8333264" />
</allocation-stats>
<gc-op id="1545" type="scavenge" timems="3.198" contextid="1542" timestamp="2019-08-08T09:22:10.373">
  <scavenger-info tenureage="2" tenuremask="4004" tiltratio="80" />
  <memory-copied type="nursery" objects="2726" bytes="103488" bytesdiscarded="56112" />
  <memory-copied type="tenure" objects="874" bytes="28344" bytesdiscarded="0" />
  <references type="soft" candidates="53" cleared="0" enqueued="0" dynamicThreshold="16" maxThreshold="32" />
  <references type="weak" candidates="282" cleared="2" enqueued="2" />
</gc-op>
<gc-end id="1546" type="scavenge" contextid="1542" durationms="3.473" usertimems="8.548" systemtimems="0.000" timestamp="2019-08-08T09:22:10.373" activeThreads="16">
  <mem-info id="1547" free="12643080" total="21233664" percent="59">
    <mem type="nursery" free="9998336" total="12320768" percent="81">
      <mem type="allocate" free="9998336" total="10158080" percent="98" />
      <mem type="survivor" free="0" total="2162688" percent="0" />
    </mem>
    <mem type="tenure" free="2644744" total="8912896" percent="29" macro-fragmented="0">
      <mem type="soa" free="2555656" total="8823808" percent="28" />
      <mem type="loa" free="89088" total="89088" percent="100" />
    </mem>
    <pending-finalizers system="0" default="0" reference="2" classloader="0" />
    <remembered-set count="481" />
  </mem-info>
</gc-end>
<cycle-end id="1548" type="scavenge" contextid="1542" timestamp="2019-08-08T09:22:10.373" />
  <attribute name="elasticGC enabled" value="1" />
  <attribute name= "numThreadsSpecified" value="16" />
  <attribute name="heapSize specified" value="16908288" />
  <attribute name="Current GC Util" value="14" />
  <attribute name= "Current Time Running" value="121523" />
  <attribute name ="GC Interval" value="2505" />
  <attribute name="Target GC Util Change" value ="80.000000" />
  <attribute name="Current GC Util Change" value="14.000000"/>
  <attribute name="Current Error" value="274.000000" />
  <attribute name="Output H" value="21309664"/>
  <attribute name="Output I" value="2504"/>
  <attribute name="Output T" value="16"/>
  <attribute name= "Current Time Running" value="121523" />
  <attribute name="GC Util currently" value="14" />
  <attribute name="CPU Util currently" value="20706848758" />
<allocation-satisfied id="1549" threadId="0000000000AEAF00" bytesRequested="88" />
<af-end id="1550" timestamp="2019-08-08T09:22:10.373" threadId="0000000000AEB888" success="true" from="nursery"/>
<exclusive-end id="1551" timestamp="2019-08-08T09:22:10.373" durationms="3.833" />

<exclusive-start id="1552" timestamp="2019-08-08T09:22:10.460" intervalms="90.808">
  <response-info timems="0.104" idlems="0.104" threads="0" lastid="0000000000AEAF00" lastname="main" />
</exclusive-start>
<af-start id="1553" threadId="0000000000AEB888" totalBytesRequested="48" timestamp="2019-08-08T09:22:10.460" intervalms="90.771" type="nursery" />
<cycle-start id="1554" type="scavenge" contextid="0" timestamp="2019-08-08T09:22:10.460" intervalms="90.771" />
<gc-start id="1555" type="scavenge" contextid="1554" timestamp="2019-08-08T09:22:10.460">
  <mem-info id="1556" free="2631008" total="21233664" percent="12">
    <mem type="nursery" free="0" total="12320768" percent="0">
      <mem type="allocate" free="0" total="10158080" percent="0" />
      <mem type="survivor" free="0" total="2162688" percent="0" />
    </mem>
    <mem type="tenure" free="2631008" total="8912896" percent="29">
      <mem type="soa" free="2541920" total="8823808" percent="28" />
      <mem type="loa" free="89088" total="89088" percent="100" />
    </mem>
    <remembered-set count="681" />
  </mem-info>
</gc-start>
<allocation-stats totalBytes="10009048" >
  <allocated-bytes non-tlh="613848" tlh="9395200" />
  <largest-consumer threadName="main" threadId="0000000000AEAF00" bytes="10004952" />
</allocation-stats>
<gc-op id="1557" type="scavenge" timems="3.276" contextid="1554" timestamp="2019-08-08T09:22:10.463">
  <scavenger-info tenureage="7" tenuremask="4080" tiltratio="82" />
  <memory-copied type="nursery" objects="10658" bytes="767312" bytesdiscarded="117928" />
  <memory-copied type="tenure" objects="534" bytes="22264" bytesdiscarded="0" />
  <finalization candidates="1" enqueued="1" />
  <references type="soft" candidates="37" cleared="0" enqueued="0" dynamicThreshold="16" maxThreshold="32" />
  <references type="weak" candidates="444" cleared="13" enqueued="13" />
  <references type="phantom" candidates="1" cleared="0" enqueued="0" />
</gc-op>
<gc-end id="1558" type="scavenge" contextid="1554" durationms="3.426" usertimems="10.425" systemtimems="0.000" timestamp="2019-08-08T09:22:10.463" activeThreads="16">
  <mem-info id="1559" free="12002392" total="21233664" percent="56">
    <mem type="nursery" free="9403640" total="12320768" percent="76">
      <mem type="allocate" free="9403640" total="10289152" percent="91" />
      <mem type="survivor" free="0" total="2031616" percent="0" />
    </mem>
    <mem type="tenure" free="2598752" total="8912896" percent="29" macro-fragmented="1800196">
      <mem type="soa" free="2509664" total="8823808" percent="28" />
      <mem type="loa" free="89088" total="89088" percent="100" />
    </mem>
    <pending-finalizers system="0" default="1" reference="13" classloader="0" />
    <remembered-set count="669" />
  </mem-info>
</gc-end>
<cycle-end id="1560" type="scavenge" contextid="1554" timestamp="2019-08-08T09:22:10.464" />
  <attribute name="elasticGC enabled" value="1" />
  <attribute name= "numThreadsSpecified" value="16" />
  <attribute name="heapSize specified" value="16908288" />
  <attribute name="Current GC Util" value="5" />
  <attribute name= "Current Time Running" value="121614" />
  <attribute name ="GC Interval" value="2633" />
  <attribute name="Target GC Util Change" value ="80.000000" />
  <attribute name="Current GC Util Change" value="5.000000"/>
  <attribute name="Current Error" value="349.000000" />
  <attribute name="Output H" value="21309752"/>
  <attribute name="Output I" value="2632"/>
  <attribute name="Output T" value="16"/>
  <attribute name= "Current Time Running" value="121614" />
  <attribute name="GC Util currently" value="5" />
  <attribute name="CPU Util currently" value="12705442940" />
<allocation-satisfied id="1561" threadId="0000000000AEAF00" bytesRequested="48" />
<af-end id="1562" timestamp="2019-08-08T09:22:10.464" threadId="0000000000AEB888" success="true" from="nursery"/>
<exclusive-end id="1563" timestamp="2019-08-08T09:22:10.464" durationms="3.641" />

<exclusive-start id="1564" timestamp="2019-08-08T09:22:10.504" intervalms="44.205">
  <response-info timems="0.019" idlems="0.019" threads="0" lastid="0000000000AEAF00" lastname="main" />
</exclusive-start>
<af-start id="1565" threadId="0000000000AEB888" totalBytesRequested="24" timestamp="2019-08-08T09:22:10.504" intervalms="44.207" type="nursery" />
<cycle-start id="1566" type="scavenge" contextid="0" timestamp="2019-08-08T09:22:10.504" intervalms="44.208" />
<gc-start id="1567" type="scavenge" contextid="1566" timestamp="2019-08-08T09:22:10.504">
  <mem-info id="1568" free="2586840" total="21233664" percent="12">
    <mem type="nursery" free="0" total="12320768" percent="0">
      <mem type="allocate" free="0" total="10289152" percent="0" />
      <mem type="survivor" free="0" total="2031616" percent="0" />
    </mem>
    <mem type="tenure" free="2586840" total="8912896" percent="29">
      <mem type="soa" free="2497752" total="8823808" percent="28" />
      <mem type="loa" free="89088" total="89088" percent="100" />
    </mem>
    <remembered-set count="784" />
  </mem-info>
</gc-start>
<allocation-stats totalBytes="9413840" >
  <allocated-bytes non-tlh="411976" tlh="9001864" />
  <largest-consumer threadName="main" threadId="0000000000AEAF00" bytes="9405528" />
</allocation-stats>
<gc-op id="1569" type="scavenge" timems="2.401" contextid="1566" timestamp="2019-08-08T09:22:10.507">
  <scavenger-info tenureage="14" tenuremask="4000" tiltratio="83" />
  <memory-copied type="nursery" objects="8824" bytes="876152" bytesdiscarded="98304" />
  <references type="soft" candidates="61" cleared="0" enqueued="0" dynamicThreshold="16" maxThreshold="32" />
  <references type="weak" candidates="438" cleared="0" enqueued="0" />
  <references type="phantom" candidates="2" cleared="0" enqueued="0" />
</gc-op>
<gc-end id="1570" type="scavenge" contextid="1566" durationms="2.677" usertimems="6.188" systemtimems="0.000" timestamp="2019-08-08T09:22:10.507" activeThreads="16">
  <mem-info id="1571" free="12032296" total="21233664" percent="56">
    <mem type="nursery" free="9445456" total="12320768" percent="76">
      <mem type="allocate" free="9445456" total="10420224" percent="90" />
      <mem type="survivor" free="0" total="1900544" percent="0" />
    </mem>
    <mem type="tenure" free="2586840" total="8912896" percent="29" macro-fragmented="1800196">
      <mem type="soa" free="2497752" total="8823808" percent="28" />
      <mem type="loa" free="89088" total="89088" percent="100" />
    </mem>
    <remembered-set count="486" />
  </mem-info>
</gc-end>
<cycle-end id="1572" type="scavenge" contextid="1566" timestamp="2019-08-08T09:22:10.507" />
  <attribute name="elasticGC enabled" value="1" />
  <attribute name= "numThreadsSpecified" value="16" />
  <attribute name="heapSize specified" value="16908288" />
  <attribute name="Current GC Util" value="16" />
  <attribute name= "Current Time Running" value="121658" />
  <attribute name ="GC Interval" value="2129" />
  <attribute name="Target GC Util Change" value ="80.000000" />
  <attribute name="Current GC Util Change" value="16.000000"/>
  <attribute name="Current Error" value="64.000000" />
  <attribute name="Output H" value="21309424"/>
  <attribute name="Output I" value="2128"/>
  <attribute name="Output T" value="16"/>
  <attribute name= "Current Time Running" value="121658" />
  <attribute name="GC Util currently" value="16" />
  <attribute name="CPU Util currently" value="26069740400" />
<allocation-satisfied id="1573" threadId="0000000000AEAF00" bytesRequested="24" />
<af-end id="1574" timestamp="2019-08-08T09:22:10.507" threadId="0000000000AEB888" success="true" from="nursery"/>
<exclusive-end id="1575" timestamp="2019-08-08T09:22:10.507" durationms="2.908" />

<exclusive-start id="1576" timestamp="2019-08-08T09:22:10.561" intervalms="57.084">
  <response-info timems="0.075" idlems="0.075" threads="0" lastid="0000000000AEAF00" lastname="main" />
</exclusive-start>
<af-start id="1577" threadId="0000000000AEB888" totalBytesRequested="32" timestamp="2019-08-08T09:22:10.561" intervalms="57.081" type="nursery" />
<cycle-start id="1578" type="scavenge" contextid="0" timestamp="2019-08-08T09:22:10.561" intervalms="57.080" />
<gc-start id="1579" type="scavenge" contextid="1578" timestamp="2019-08-08T09:22:10.561">
  <mem-info id="1580" free="2581792" total="21233664" percent="12">
    <mem type="nursery" free="0" total="12320768" percent="0">
      <mem type="allocate" free="0" total="10420224" percent="0" />
      <mem type="survivor" free="0" total="1900544" percent="0" />
    </mem>
    <mem type="tenure" free="2581792" total="8912896" percent="28">
      <mem type="soa" free="2492704" total="8823808" percent="28" />
      <mem type="loa" free="89088" total="89088" percent="100" />
    </mem>
    <remembered-set count="518" />
  </mem-info>
</gc-start>
<allocation-stats totalBytes="9449552" >
  <allocated-bytes non-tlh="467248" tlh="8982304" />
  <largest-consumer threadName="main" threadId="0000000000AEAF00" bytes="9449552" />
</allocation-stats>
<gc-op id="1581" type="scavenge" timems="4.445" contextid="1578" timestamp="2019-08-08T09:22:10.566">
  <scavenger-info tenureage="14" tenuremask="4000" tiltratio="84" />
  <memory-copied type="nursery" objects="23456" bytes="1684992" bytesdiscarded="130944" />
  <references type="soft" candidates="62" cleared="0" enqueued="0" dynamicThreshold="16" maxThreshold="32" />
  <references type="weak" candidates="440" cleared="2" enqueued="2" />
  <references type="phantom" candidates="2" cleared="0" enqueued="0" />
</gc-op>
<heap-resize id="1582" type="expand" space="nursery" amount="524288" count="1" timems="0.026" reason="excessive time being spent scavenging" timestamp="2019-08-08T09:22:10.566" />
<gc-end id="1583" type="scavenge" contextid="1578" durationms="4.756" usertimems="13.108" systemtimems="0.000" timestamp="2019-08-08T09:22:10.566" activeThreads="16">
  <mem-info id="1584" free="10661464" total="21757952" percent="49">
    <mem type="nursery" free="8079672" total="12845056" percent="62">
      <mem type="allocate" free="8079672" total="9895936" percent="81" />
      <mem type="survivor" free="0" total="2949120" percent="0" />
    </mem>
    <mem type="tenure" free="2581792" total="8912896" percent="28" macro-fragmented="2160235">
      <mem type="soa" free="2492704" total="8823808" percent="28" />
      <mem type="loa" free="89088" total="89088" percent="100" />
    </mem>
    <pending-finalizers system="0" default="0" reference="2" classloader="0" />
    <remembered-set count="352" />
  </mem-info>
</gc-end>
<cycle-end id="1585" type="scavenge" contextid="1578" timestamp="2019-08-08T09:22:10.566" />
  <attribute name="elasticGC enabled" value="1" />
  <attribute name= "numThreadsSpecified" value="16" />
  <attribute name="heapSize specified" value="16908288" />
  <attribute name="Current GC Util" value="10" />
  <attribute name= "Current Time Running" value="121715" />
  <attribute name ="GC Interval" value="2249" />
  <attribute name="Target GC Util Change" value ="80.000000" />
  <attribute name="Current GC Util Change" value="10.000000"/>
  <attribute name="Current Error" value="134.000000" />
  <attribute name="Output H" value="21309504"/>
  <attribute name="Output I" value="2248"/>
  <attribute name="Output T" value="16"/>
  <attribute name= "Current Time Running" value="121715" />
  <attribute name="GC Util currently" value="10" />
  <attribute name="CPU Util currently" value="20199568776" />
<allocation-satisfied id="1586" threadId="0000000000AEAF00" bytesRequested="32" />
<af-end id="1587" timestamp="2019-08-08T09:22:10.566" threadId="0000000000AEB888" success="true" from="nursery"/>
<exclusive-end id="1588" timestamp="2019-08-08T09:22:10.566" durationms="5.104" />

<exclusive-start id="1589" timestamp="2019-08-08T09:22:10.624" intervalms="62.969">
  <response-info timems="0.020" idlems="0.020" threads="0" lastid="0000000000AEAF00" lastname="main" />
</exclusive-start>
<af-start id="1590" threadId="0000000000AEB888" totalBytesRequested="24" timestamp="2019-08-08T09:22:10.624" intervalms="62.979" type="nursery" />
<cycle-start id="1591" type="scavenge" contextid="0" timestamp="2019-08-08T09:22:10.624" intervalms="62.982" />
<gc-start id="1592" type="scavenge" contextid="1591" timestamp="2019-08-08T09:22:10.624">
  <mem-info id="1593" free="2543184" total="21757952" percent="11">
    <mem type="nursery" free="0" total="12845056" percent="0">
      <mem type="allocate" free="0" total="9895936" percent="0" />
      <mem type="survivor" free="0" total="2949120" percent="0" />
    </mem>
    <mem type="tenure" free="2543184" total="8912896" percent="28">
      <mem type="soa" free="2454096" total="8823808" percent="27" />
      <mem type="loa" free="89088" total="89088" percent="100" />
    </mem>
    <remembered-set count="560" />
  </mem-info>
</gc-start>
<allocation-stats totalBytes="8115328" >
  <allocated-bytes non-tlh="238648" tlh="7876680" />
  <largest-consumer threadName="main" threadId="0000000000AEAF00" bytes="8115328" />
</allocation-stats>
<gc-op id="1594" type="scavenge" timems="2.764" contextid="1591" timestamp="2019-08-08T09:22:10.627">
  <scavenger-info tenureage="14" tenuremask="4000" tiltratio="77" />
  <memory-copied type="nursery" objects="11154" bytes="1005816" bytesdiscarded="159152" />
  <references type="soft" candidates="152" cleared="0" enqueued="0" dynamicThreshold="16" maxThreshold="32" />
  <references type="weak" candidates="636" cleared="9" enqueued="9" />
  <references type="phantom" candidates="2" cleared="0" enqueued="0" />
</gc-op>
<gc-end id="1595" type="scavenge" contextid="1591" durationms="3.324" usertimems="6.457" systemtimems="0.000" timestamp="2019-08-08T09:22:10.628" activeThreads="16">
  <mem-info id="1596" free="11601376" total="21757952" percent="53">
    <mem type="nursery" free="9058192" total="12845056" percent="70">
      <mem type="allocate" free="9058192" total="10223616" percent="88" />
      <mem type="survivor" free="0" total="2621440" percent="0" />
    </mem>
    <mem type="tenure" free="2543184" total="8912896" percent="28" macro-fragmented="0">
      <mem type="soa" free="2454096" total="8823808" percent="27" />
      <mem type="loa" free="89088" total="89088" percent="100" />
    </mem>
    <pending-finalizers system="0" default="0" reference="9" classloader="0" />
    <remembered-set count="450" />
  </mem-info>
</gc-end>
<cycle-end id="1597" type="scavenge" contextid="1591" timestamp="2019-08-08T09:22:10.628" />
  <attribute name="elasticGC enabled" value="1" />
  <attribute name= "numThreadsSpecified" value="16" />
  <attribute name="heapSize specified" value="16908288" />
  <attribute name="Current GC Util" value="17" />
  <attribute name= "Current Time Running" value="121778" />
  <attribute name ="GC Interval" value="2361" />
  <attribute name="Target GC Util Change" value ="80.000000" />
  <attribute name="Current GC Util Change" value="17.000000"/>
  <attribute name="Current Error" value="197.000000" />
  <attribute name="Output H" value="21833864"/>
  <attribute name="Output I" value="2360"/>
  <attribute name="Output T" value="16"/>
  <attribute name= "Current Time Running" value="121778" />
  <attribute name="GC Util currently" value="17" />
  <attribute name="CPU Util currently" value="18238385403" />
<allocation-satisfied id="1598" threadId="0000000000AEAF00" bytesRequested="24" />
<af-end id="1599" timestamp="2019-08-08T09:22:10.628" threadId="0000000000AEB888" success="true" from="nursery"/>
<exclusive-end id="1600" timestamp="2019-08-08T09:22:10.628" durationms="3.586" />

<exclusive-start id="1601" timestamp="2019-08-08T09:22:10.668" intervalms="43.355">
  <response-info timems="0.011" idlems="0.011" threads="0" lastid="0000000000AEAF00" lastname="main" />
</exclusive-start>
<af-start id="1602" threadId="0000000000AEB888" totalBytesRequested="200008" timestamp="2019-08-08T09:22:10.668" intervalms="43.347" type="nursery" />
<cycle-start id="1603" type="scavenge" contextid="0" timestamp="2019-08-08T09:22:10.668" intervalms="43.344" />
<gc-start id="1604" type="scavenge" contextid="1603" timestamp="2019-08-08T09:22:10.668">
  <mem-info id="1605" free="2521776" total="21757952" percent="11">
    <mem type="nursery" free="0" total="12845056" percent="0">
      <mem type="allocate" free="0" total="10223616" percent="0" />
      <mem type="survivor" free="0" total="2621440" percent="0" />
    </mem>
    <mem type="tenure" free="2521776" total="8912896" percent="28">
      <mem type="soa" free="2432688" total="8823808" percent="27" />
      <mem type="loa" free="89088" total="89088" percent="100" />
    </mem>
    <remembered-set count="774" />
  </mem-info>
</gc-start>
<allocation-stats totalBytes="9063896" >
  <allocated-bytes non-tlh="221440" tlh="8842456" />
  <largest-consumer threadName="main" threadId="0000000000AEAF00" bytes="9063896" />
</allocation-stats>
<gc-op id="1606" type="scavenge" timems="3.319" contextid="1603" timestamp="2019-08-08T09:22:10.671">
  <scavenger-info tenureage="3" tenuremask="4108" tiltratio="79" />
  <memory-copied type="nursery" objects="6749" bytes="264416" bytesdiscarded="63856" />
  <memory-copied type="tenure" objects="900" bytes="33376" bytesdiscarded="704" />
  <references type="soft" candidates="121" cleared="0" enqueued="0" dynamicThreshold="16" maxThreshold="32" />
  <references type="weak" candidates="636" cleared="1" enqueued="1" />
  <references type="phantom" candidates="1" cleared="0" enqueued="0" />
</gc-op>
<gc-end id="1607" type="scavenge" contextid="1603" durationms="3.591" usertimems="6.203" systemtimems="0.000" timestamp="2019-08-08T09:22:10.671" activeThreads="16">
  <mem-info id="1608" free="12662688" total="21757952" percent="58">
    <mem type="nursery" free="10157040" total="12845056" percent="79">
      <mem type="allocate" free="10157040" total="10485760" percent="96" />
      <mem type="survivor" free="0" total="2359296" percent="0" />
    </mem>
    <mem type="tenure" free="2505648" total="8912896" percent="28" macro-fragmented="2160235">
      <mem type="soa" free="2416560" total="8823808" percent="27" />
      <mem type="loa" free="89088" total="89088" percent="100" />
    </mem>
    <pending-finalizers system="0" default="0" reference="1" classloader="0" />
    <remembered-set count="774" />
  </mem-info>
</gc-end>
<cycle-end id="1609" type="scavenge" contextid="1603" timestamp="2019-08-08T09:22:10.671" />
  <attribute name="elasticGC enabled" value="1" />
  <attribute name= "numThreadsSpecified" value="16" />
  <attribute name="heapSize specified" value="16908288" />
  <attribute name="Current GC Util" value="15" />
  <attribute name= "Current Time Running" value="121821" />
  <attribute name ="GC Interval" value="2481" />
  <attribute name="Target GC Util Change" value ="80.000000" />
  <attribute name="Current GC Util Change" value="15.000000"/>
  <attribute name="Current Error" value="262.000000" />
  <attribute name="Output H" value="21833936"/>
  <attribute name="Output I" value="2480"/>
  <attribute name="Output T" value="16"/>
  <attribute name= "Current Time Running" value="121821" />
  <attribute name="GC Util currently" value="15" />
  <attribute name="CPU Util currently" value="26707011475" />
<allocation-satisfied id="1610" threadId="0000000000AEAF00" bytesRequested="200008" />
<af-end id="1611" timestamp="2019-08-08T09:22:10.671" threadId="0000000000AEB888" success="true" from="nursery"/>
<exclusive-end id="1612" timestamp="2019-08-08T09:22:10.671" durationms="3.829" />

<exclusive-start id="1613" timestamp="2019-08-08T09:22:10.727" intervalms="59.880">
  <response-info timems="0.042" idlems="0.042" threads="0" lastid="0000000000AEAF00" lastname="main" />
</exclusive-start>
<af-start id="1614" threadId="0000000000AEB888" totalBytesRequested="32" timestamp="2019-08-08T09:22:10.727" intervalms="59.888" type="nursery" />
<cycle-start id="1615" type="scavenge" contextid="0" timestamp="2019-08-08T09:22:10.727" intervalms="59.894" />
<gc-start id="1616" type="scavenge" contextid="1615" timestamp="2019-08-08T09:22:10.728">
  <mem-info id="1617" free="2499144" total="21757952" percent="11">
    <mem type="nursery" free="0" total="12845056" percent="0">
      <mem type="allocate" free="0" total="10485760" percent="0" />
      <mem type="survivor" free="0" total="2359296" percent="0" />
    </mem>
    <mem type="tenure" free="2499144" total="8912896" percent="28">
      <mem type="soa" free="2410056" total="8823808" percent="27" />
      <mem type="loa" free="89088" total="89088" percent="100" />
    </mem>
    <remembered-set count="837" />
  </mem-info>
</gc-start>
<allocation-stats totalBytes="10161160" >
  <allocated-bytes non-tlh="606528" tlh="9554632" />
  <largest-consumer threadName="main" threadId="0000000000AEAF00" bytes="10161160" />
</allocation-stats>
<gc-op id="1618" type="scavenge" timems="3.500" contextid="1615" timestamp="2019-08-08T09:22:10.731">
  <scavenger-info tenureage="6" tenuremask="4040" tiltratio="81" />
  <memory-copied type="nursery" objects="14750" bytes="842536" bytesdiscarded="31352" />
  <memory-copied type="tenure" objects="1507" bytes="53168" bytesdiscarded="712" />
  <references type="soft" candidates="113" cleared="0" enqueued="0" dynamicThreshold="16" maxThreshold="32" />
  <references type="weak" candidates="442" cleared="0" enqueued="0" />
  <references type="phantom" candidates="1" cleared="0" enqueued="0" />
</gc-op>
<gc-end id="1619" type="scavenge" contextid="1615" durationms="3.719" usertimems="8.061" systemtimems="0.000" timestamp="2019-08-08T09:22:10.731" activeThreads="16">
  <mem-info id="1620" free="12184552" total="21757952" percent="56">
    <mem type="nursery" free="9742504" total="12845056" percent="75">
      <mem type="allocate" free="9742504" total="10616832" percent="91" />
      <mem type="survivor" free="0" total="2228224" percent="0" />
    </mem>
    <mem type="tenure" free="2442048" total="8912896" percent="27" macro-fragmented="1800196">
      <mem type="soa" free="2352960" total="8823808" percent="26" />
      <mem type="loa" free="89088" total="89088" percent="100" />
    </mem>
    <remembered-set count="660" />
  </mem-info>
</gc-end>
<cycle-end id="1621" type="scavenge" contextid="1615" timestamp="2019-08-08T09:22:10.731" />
  <attribute name="elasticGC enabled" value="1" />
  <attribute name= "numThreadsSpecified" value="16" />
  <attribute name="heapSize specified" value="16908288" />
  <attribute name="Current GC Util" value="10" />
  <attribute name= "Current Time Running" value="121881" />
  <attribute name ="GC Interval" value="2609" />
  <attribute name="Target GC Util Change" value ="80.000000" />
  <attribute name="Current GC Util Change" value="10.000000"/>
  <attribute name="Current Error" value="332.000000" />
  <attribute name="Output H" value="21834016"/>
  <attribute name="Output I" value="2608"/>
  <attribute name="Output T" value="16"/>
  <attribute name= "Current Time Running" value="121881" />
  <attribute name="GC Util currently" value="10" />
  <attribute name="CPU Util currently" value="19266835065" />
<allocation-satisfied id="1622" threadId="0000000000AEAF00" bytesRequested="32" />
<af-end id="1623" timestamp="2019-08-08T09:22:10.731" threadId="0000000000AEB888" success="true" from="nursery"/>
<exclusive-end id="1624" timestamp="2019-08-08T09:22:10.731" durationms="3.968" />

<exclusive-start id="1625" timestamp="2019-08-08T09:22:10.786" intervalms="58.718">
  <response-info timems="0.086" idlems="0.086" threads="0" lastid="0000000000AEAF00" lastname="main" />
</exclusive-start>
<af-start id="1626" threadId="0000000000AEB888" totalBytesRequested="24" timestamp="2019-08-08T09:22:10.786" intervalms="58.710" type="nursery" />
<cycle-start id="1627" type="scavenge" contextid="0" timestamp="2019-08-08T09:22:10.786" intervalms="58.705" />
<gc-start id="1628" type="scavenge" contextid="1627" timestamp="2019-08-08T09:22:10.786">
  <mem-info id="1629" free="2424808" total="21757952" percent="11">
    <mem type="nursery" free="0" total="12845056" percent="0">
      <mem type="allocate" free="0" total="10616832" percent="0" />
      <mem type="survivor" free="0" total="2228224" percent="0" />
    </mem>
    <mem type="tenure" free="2424808" total="8912896" percent="27">
      <mem type="soa" free="2335720" total="8823808" percent="26" />
      <mem type="loa" free="89088" total="89088" percent="100" />
    </mem>
    <remembered-set count="825" />
  </mem-info>
</gc-start>
<allocation-stats totalBytes="9758456" >
  <allocated-bytes non-tlh="617296" tlh="9141160" />
  <largest-consumer threadName="main" threadId="0000000000AEAF00" bytes="9758456" />
</allocation-stats>
<gc-op id="1630" type="scavenge" timems="3.838" contextid="1627" timestamp="2019-08-08T09:22:10.790">
  <scavenger-info tenureage="12" tenuremask="5000" tiltratio="82" />
  <memory-copied type="nursery" objects="17212" bytes="1004736" bytesdiscarded="90680" />
  <memory-copied type="tenure" objects="292" bytes="10424" bytesdiscarded="56" />
  <references type="soft" candidates="148" cleared="0" enqueued="0" dynamicThreshold="16" maxThreshold="32" />
  <references type="weak" candidates="483" cleared="2" enqueued="2" />
  <references type="phantom" candidates="1" cleared="0" enqueued="0" />
</gc-op>
<gc-end id="1631" type="scavenge" contextid="1627" durationms="4.112" usertimems="10.829" systemtimems="0.000" timestamp="2019-08-08T09:22:10.790" activeThreads="16">
  <mem-info id="1632" free="12060600" total="21757952" percent="55">
    <mem type="nursery" free="9651920" total="12845056" percent="75">
      <mem type="allocate" free="9651920" total="10747904" percent="89" />
      <mem type="survivor" free="0" total="2097152" percent="0" />
    </mem>
    <mem type="tenure" free="2408680" total="8912896" percent="27" macro-fragmented="0">
      <mem type="soa" free="2319592" total="8823808" percent="26" />
      <mem type="loa" free="89088" total="89088" percent="100" />
    </mem>
    <pending-finalizers system="0" default="0" reference="2" classloader="0" />
    <remembered-set count="466" />
  </mem-info>
</gc-end>
<cycle-end id="1633" type="scavenge" contextid="1627" timestamp="2019-08-08T09:22:10.790" />
  <attribute name="elasticGC enabled" value="1" />
  <attribute name= "numThreadsSpecified" value="16" />
  <attribute name="heapSize specified" value="16908288" />
  <attribute name="Current GC Util" value="13" />
  <attribute name= "Current Time Running" value="121940" />
  <attribute name ="GC Interval" value="2721" />
  <attribute name="Target GC Util Change" value ="80.000000" />
  <attribute name="Current GC Util Change" value="13.000000"/>
  <attribute name="Current Error" value="399.000000" />
  <attribute name="Output H" value="21834096"/>
  <attribute name="Output I" value="2720"/>
  <attribute name="Output T" value="16"/>
  <attribute name= "Current Time Running" value="121940" />
  <attribute name="GC Util currently" value="13" />
  <attribute name="CPU Util currently" value="19639201686" />
<allocation-satisfied id="1634" threadId="0000000000AEAF00" bytesRequested="24" />
<af-end id="1635" timestamp="2019-08-08T09:22:10.790" threadId="0000000000AEB888" success="true" from="nursery"/>
<exclusive-end id="1636" timestamp="2019-08-08T09:22:10.790" durationms="4.322" />

<exclusive-start id="1637" timestamp="2019-08-08T09:22:10.811" intervalms="24.607">
  <response-info timems="0.071" idlems="0.071" threads="0" lastid="0000000000AEAF00" lastname="main" />
</exclusive-start>
<af-start id="1638" threadId="0000000000AEB888" totalBytesRequested="56" timestamp="2019-08-08T09:22:10.811" intervalms="24.599" type="nursery" />
<cycle-start id="1639" type="scavenge" contextid="0" timestamp="2019-08-08T09:22:10.811" intervalms="24.649" />
<gc-start id="1640" type="scavenge" contextid="1639" timestamp="2019-08-08T09:22:10.811">
  <mem-info id="1641" free="2408680" total="21757952" percent="11">
    <mem type="nursery" free="0" total="12845056" percent="0">
      <mem type="allocate" free="0" total="10747904" percent="0" />
      <mem type="survivor" free="0" total="2097152" percent="0" />
    </mem>
    <mem type="tenure" free="2408680" total="8912896" percent="27">
      <mem type="soa" free="2319592" total="8823808" percent="26" />
      <mem type="loa" free="89088" total="89088" percent="100" />
    </mem>
    <remembered-set count="467" />
  </mem-info>
</gc-start>
<allocation-stats totalBytes="9650984" >
  <allocated-bytes non-tlh="24" tlh="9650960" />
  <largest-consumer threadName="main" threadId="0000000000AEAF00" bytes="9646888" />
</allocation-stats>
<gc-op id="1642" type="scavenge" timems="4.864" contextid="1639" timestamp="2019-08-08T09:22:10.816">
  <scavenger-info tenureage="14" tenuremask="4000" tiltratio="83" />
  <memory-copied type="nursery" objects="26778" bytes="1356824" bytesdiscarded="179992" />
  <references type="soft" candidates="148" cleared="0" enqueued="0" dynamicThreshold="16" maxThreshold="32" />
  <references type="weak" candidates="479" cleared="0" enqueued="0" />
  <references type="phantom" candidates="1" cleared="0" enqueued="0" />
</gc-op>
<heap-resize id="1643" type="expand" space="nursery" amount="1441792" count="1" timems="0.018" reason="excessive time being spent scavenging" timestamp="2019-08-08T09:22:10.816" />
<gc-end id="1644" type="scavenge" contextid="1639" durationms="5.109" usertimems="14.072" systemtimems="0.000" timestamp="2019-08-08T09:22:10.816" activeThreads="16">
  <mem-info id="1645" free="12798896" total="23199744" percent="55">
    <mem type="nursery" free="10390216" total="14286848" percent="72">
      <mem type="allocate" free="10390216" total="11927552" percent="87" />
      <mem type="survivor" free="0" total="2359296" percent="0" />
    </mem>
    <mem type="tenure" free="2408680" total="8912896" percent="27" macro-fragmented="2160235">
      <mem type="soa" free="2319592" total="8823808" percent="26" />
      <mem type="loa" free="89088" total="89088" percent="100" />
    </mem>
    <remembered-set count="414" />
  </mem-info>
</gc-end>
<cycle-end id="1646" type="scavenge" contextid="1639" timestamp="2019-08-08T09:22:10.816" />
  <attribute name="elasticGC enabled" value="1" />
  <attribute name= "numThreadsSpecified" value="16" />
  <attribute name="heapSize specified" value="16908288" />
  <attribute name="Current GC Util" value="42" />
  <attribute name= "Current Time Running" value="121964" />
  <attribute name ="GC Interval" value="2081" />
  <attribute name="Target GC Util Change" value ="80.000000" />
  <attribute name="Current GC Util Change" value="42.000000"/>
  <attribute name="Current Error" value="38.000000" />
  <attribute name="Output H" value="21833680"/>
  <attribute name="Output I" value="2080"/>
  <attribute name="Output T" value="16"/>
  <attribute name= "Current Time Running" value="121964" />
  <attribute name="GC Util currently" value="42" />
  <attribute name="CPU Util currently" value="46827673891" />
<allocation-satisfied id="1647" threadId="0000000000AEAF00" bytesRequested="56" />
<af-end id="1648" timestamp="2019-08-08T09:22:10.816" threadId="0000000000AEB888" success="true" from="nursery"/>
<exclusive-end id="1649" timestamp="2019-08-08T09:22:10.816" durationms="5.398" />

<exclusive-start id="1650" timestamp="2019-08-08T09:22:10.873" intervalms="62.507">
  <response-info timems="0.052" idlems="0.052" threads="0" lastid="0000000000AEAF00" lastname="main" />
</exclusive-start>
<af-start id="1651" threadId="0000000000AEB888" totalBytesRequested="24" timestamp="2019-08-08T09:22:10.873" intervalms="62.524" type="nursery" />
<cycle-start id="1652" type="scavenge" contextid="0" timestamp="2019-08-08T09:22:10.873" intervalms="62.480" />
<gc-start id="1653" type="scavenge" contextid="1652" timestamp="2019-08-08T09:22:10.873">
  <mem-info id="1654" free="2407920" total="23199744" percent="10">
    <mem type="nursery" free="0" total="14286848" percent="0">
      <mem type="allocate" free="0" total="11927552" percent="0" />
      <mem type="survivor" free="0" total="2359296" percent="0" />
    </mem>
    <mem type="tenure" free="2407920" total="8912896" percent="27">
      <mem type="soa" free="2318832" total="8823808" percent="26" />
      <mem type="loa" free="89088" total="89088" percent="100" />
    </mem>
    <remembered-set count="426" />
  </mem-info>
</gc-start>
<allocation-stats totalBytes="10389712" >
  <allocated-bytes non-tlh="200824" tlh="10188888" />
  <largest-consumer threadName="main" threadId="0000000000AEAF00" bytes="10389712" />
</allocation-stats>
<gc-op id="1655" type="scavenge" timems="4.178" contextid="1652" timestamp="2019-08-08T09:22:10.878">
  <scavenger-info tenureage="2" tenuremask="4124" tiltratio="83" />
  <memory-copied type="nursery" objects="14903" bytes="954848" bytesdiscarded="118888" />
  <memory-copied type="tenure" objects="4456" bytes="156848" bytesdiscarded="104" />
  <references type="soft" candidates="7" cleared="0" enqueued="0" dynamicThreshold="16" maxThreshold="32" />
  <references type="weak" candidates="71" cleared="0" enqueued="0" />
  <references type="phantom" candidates="1" cleared="0" enqueued="0" />
</gc-op>
<gc-end id="1656" type="scavenge" contextid="1652" durationms="4.374" usertimems="14.633" systemtimems="0.000" timestamp="2019-08-08T09:22:10.878" activeThreads="16">
  <mem-info id="1657" free="13503392" total="23199744" percent="58">
    <mem type="nursery" free="11246768" total="14286848" percent="78">
      <mem type="allocate" free="11246768" total="12320768" percent="91" />
      <mem type="survivor" free="0" total="1966080" percent="0" />
    </mem>
    <mem type="tenure" free="2256624" total="8912896" percent="25" macro-fragmented="2160235">
      <mem type="soa" free="2167536" total="8823808" percent="24" />
      <mem type="loa" free="89088" total="89088" percent="100" />
    </mem>
    <remembered-set count="267" />
  </mem-info>
</gc-end>
<cycle-end id="1658" type="scavenge" contextid="1652" timestamp="2019-08-08T09:22:10.878" />
  <attribute name="elasticGC enabled" value="1" />
  <attribute name= "numThreadsSpecified" value="16" />
  <attribute name="heapSize specified" value="16908288" />
  <attribute name="Current GC Util" value="16" />
  <attribute name= "Current Time Running" value="122027" />
  <attribute name ="GC Interval" value="2193" />
  <attribute name="Target GC Util Change" value ="80.000000" />
  <attribute name="Current GC Util Change" value="16.000000"/>
  <attribute name="Current Error" value="102.000000" />
  <attribute name="Output H" value="23275544"/>
  <attribute name="Output I" value="2192"/>
  <attribute name="Output T" value="16"/>
  <attribute name= "Current Time Running" value="122027" />
  <attribute name="GC Util currently" value="16" />
  <attribute name="CPU Util currently" value="18443782588" />
<allocation-satisfied id="1659" threadId="0000000000AEAF00" bytesRequested="24" />
<af-end id="1660" timestamp="2019-08-08T09:22:10.878" threadId="0000000000AEB888" success="true" from="nursery"/>
<exclusive-end id="1661" timestamp="2019-08-08T09:22:10.878" durationms="4.750" />

<exclusive-start id="1662" timestamp="2019-08-08T09:22:10.929" intervalms="55.439">
  <response-info timems="0.044" idlems="0.044" threads="0" lastid="0000000000AEAF00" lastname="main" />
</exclusive-start>
<af-start id="1663" threadId="0000000000AEB888" totalBytesRequested="32" timestamp="2019-08-08T09:22:10.929" intervalms="55.429" type="nursery" />
<cycle-start id="1664" type="scavenge" contextid="0" timestamp="2019-08-08T09:22:10.929" intervalms="55.421" />
<gc-start id="1665" type="scavenge" contextid="1664" timestamp="2019-08-08T09:22:10.929">
  <mem-info id="1666" free="2256248" total="23199744" percent="9">
    <mem type="nursery" free="0" total="14286848" percent="0">
      <mem type="allocate" free="0" total="12320768" percent="0" />
      <mem type="survivor" free="0" total="1966080" percent="0" />
    </mem>
    <mem type="tenure" free="2256248" total="8912896" percent="25">
      <mem type="soa" free="2167160" total="8823808" percent="24" />
      <mem type="loa" free="89088" total="89088" percent="100" />
    </mem>
    <remembered-set count="276" />
  </mem-info>
</gc-start>
<allocation-stats totalBytes="11245312" >
  <allocated-bytes non-tlh="200408" tlh="11044904" />
  <largest-consumer threadName="main" threadId="0000000000AEAF00" bytes="11245312" />
</allocation-stats>
<gc-op id="1667" type="scavenge" timems="3.153" contextid="1664" timestamp="2019-08-08T09:22:10.932">
  <scavenger-info tenureage="14" tenuremask="4000" tiltratio="86" />
  <memory-copied type="nursery" objects="7692" bytes="576384" bytesdiscarded="203280" />
  <references type="soft" candidates="8" cleared="0" enqueued="0" dynamicThreshold="16" maxThreshold="32" />
  <references type="weak" candidates="87" cleared="0" enqueued="0" />
  <references type="phantom" candidates="1" cleared="0" enqueued="0" />
</gc-op>
<gc-end id="1668" type="scavenge" contextid="1664" durationms="3.405" usertimems="7.803" systemtimems="0.000" timestamp="2019-08-08T09:22:10.932" activeThreads="16">
  <mem-info id="1669" free="13928136" total="23199744" percent="60">
    <mem type="nursery" free="11671888" total="14286848" percent="81">
      <mem type="allocate" free="11671888" total="12451840" percent="93" />
      <mem type="survivor" free="0" total="1835008" percent="0" />
    </mem>
    <mem type="tenure" free="2256248" total="8912896" percent="25" macro-fragmented="18870">
      <mem type="soa" free="2167160" total="8823808" percent="24" />
      <mem type="loa" free="89088" total="89088" percent="100" />
    </mem>
    <remembered-set count="275" />
  </mem-info>
</gc-end>
<cycle-end id="1670" type="scavenge" contextid="1664" timestamp="2019-08-08T09:22:10.932" />
  <attribute name="elasticGC enabled" value="1" />
  <attribute name= "numThreadsSpecified" value="16" />
  <attribute name="heapSize specified" value="16908288" />
  <attribute name="Current GC Util" value="18" />
  <attribute name= "Current Time Running" value="122082" />
  <attribute name ="GC Interval" value="2305" />
  <attribute name="Target GC Util Change" value ="80.000000" />
  <attribute name="Current GC Util Change" value="18.000000"/>
  <attribute name="Current Error" value="164.000000" />
  <attribute name="Output H" value="23275616"/>
  <attribute name="Output I" value="2304"/>
  <attribute name="Output T" value="16"/>
  <attribute name= "Current Time Running" value="122082" />
  <attribute name="GC Util currently" value="18" />
  <attribute name="CPU Util currently" value="20779414758" />
<allocation-satisfied id="1671" threadId="0000000000AEAF00" bytesRequested="32" />
<af-end id="1672" timestamp="2019-08-08T09:22:10.932" threadId="0000000000AEB888" success="true" from="nursery"/>
<exclusive-end id="1673" timestamp="2019-08-08T09:22:10.932" durationms="3.691" />

<exclusive-start id="1674" timestamp="2019-08-08T09:22:10.954" intervalms="24.878">
  <response-info timems="0.020" idlems="0.020" threads="0" lastid="0000000000AEAF00" lastname="main" />
</exclusive-start>
<af-start id="1675" threadId="0000000000AEB888" totalBytesRequested="48" timestamp="2019-08-08T09:22:10.954" intervalms="24.881" type="nursery" />
<cycle-start id="1676" type="scavenge" contextid="0" timestamp="2019-08-08T09:22:10.954" intervalms="24.882" />
<gc-start id="1677" type="scavenge" contextid="1676" timestamp="2019-08-08T09:22:10.954">
  <mem-info id="1678" free="2256248" total="23199744" percent="9">
    <mem type="nursery" free="0" total="14286848" percent="0">
      <mem type="allocate" free="0" total="12451840" percent="0" />
      <mem type="survivor" free="0" total="1835008" percent="0" />
    </mem>
    <mem type="tenure" free="2256248" total="8912896" percent="25">
      <mem type="soa" free="2167160" total="8823808" percent="24" />
      <mem type="loa" free="89088" total="89088" percent="100" />
    </mem>
    <remembered-set count="275" />
  </mem-info>
</gc-start>
<allocation-stats totalBytes="11670856" >
  <allocated-bytes non-tlh="32" tlh="11670824" />
  <largest-consumer threadName="main" threadId="0000000000AEAF00" bytes="11670856" />
</allocation-stats>
<gc-op id="1679" type="scavenge" timems="3.448" contextid="1676" timestamp="2019-08-08T09:22:10.957">
  <scavenger-info tenureage="6" tenuremask="4040" tiltratio="87" />
  <memory-copied type="nursery" objects="14696" bytes="842536" bytesdiscarded="112192" />
  <memory-copied type="tenure" objects="1639" bytes="47816" bytesdiscarded="8" />
  <references type="soft" candidates="5" cleared="0" enqueued="0" dynamicThreshold="16" maxThreshold="32" />
  <references type="weak" candidates="36" cleared="0" enqueued="0" />
  <references type="phantom" candidates="1" cleared="0" enqueued="0" />
</gc-op>
<heap-resize id="1680" type="expand" space="nursery" amount="1048576" count="1" timems="0.023" reason="excessive time being spent scavenging" timestamp="2019-08-08T09:22:10.957" />
<gc-end id="1681" type="scavenge" contextid="1676" durationms="3.644" usertimems="8.679" systemtimems="0.000" timestamp="2019-08-08T09:22:10.957" activeThreads="16">
  <mem-info id="1682" free="14704752" total="24248320" percent="60">
    <mem type="nursery" free="12479992" total="15335424" percent="81">
      <mem type="allocate" free="12479992" total="13434880" percent="92" />
      <mem type="survivor" free="0" total="1900544" percent="0" />
    </mem>
    <mem type="tenure" free="2224760" total="8912896" percent="24" macro-fragmented="1800196">
      <mem type="soa" free="2135672" total="8823808" percent="24" />
      <mem type="loa" free="89088" total="89088" percent="100" />
    </mem>
    <remembered-set count="250" />
  </mem-info>
</gc-end>
<cycle-end id="1683" type="scavenge" contextid="1676" timestamp="2019-08-08T09:22:10.957" />
  <attribute name="elasticGC enabled" value="1" />
  <attribute name= "numThreadsSpecified" value="16" />
  <attribute name="heapSize specified" value="16908288" />
  <attribute name="Current GC Util" value="30" />
  <attribute name= "Current Time Running" value="122107" />
  <attribute name ="GC Interval" value="2393" />
  <attribute name="Target GC Util Change" value ="80.000000" />
  <attribute name="Current GC Util Change" value="30.000000"/>
  <attribute name="Current Error" value="214.000000" />
  <attribute name="Output H" value="23275672"/>
  <attribute name="Output I" value="2392"/>
  <attribute name="Output T" value="16"/>
  <attribute name= "Current Time Running" value="122107" />
  <attribute name="GC Util currently" value="30" />
  <attribute name="CPU Util currently" value="46437983994" />
<allocation-satisfied id="1684" threadId="0000000000AEAF00" bytesRequested="48" />
<af-end id="1685" timestamp="2019-08-08T09:22:10.957" threadId="0000000000AEB888" success="true" from="nursery"/>
<exclusive-end id="1686" timestamp="2019-08-08T09:22:10.957" durationms="3.906" />

<exclusive-start id="1687" timestamp="2019-08-08T09:22:10.994" intervalms="40.785">
  <response-info timems="0.046" idlems="0.046" threads="0" lastid="0000000000AEAF00" lastname="main" />
</exclusive-start>
<af-start id="1688" threadId="0000000000AEB888" totalBytesRequested="26880" timestamp="2019-08-08T09:22:10.994" intervalms="40.782" type="nursery" />
<cycle-start id="1689" type="scavenge" contextid="0" timestamp="2019-08-08T09:22:10.994" intervalms="40.781" />
<gc-start id="1690" type="scavenge" contextid="1689" timestamp="2019-08-08T09:22:10.994">
  <mem-info id="1691" free="2222744" total="24248320" percent="9">
    <mem type="nursery" free="0" total="15335424" percent="0">
      <mem type="allocate" free="0" total="13434880" percent="0" />
      <mem type="survivor" free="0" total="1900544" percent="0" />
    </mem>
    <mem type="tenure" free="2222744" total="8912896" percent="24">
      <mem type="soa" free="2133656" total="8823808" percent="24" />
      <mem type="loa" free="89088" total="89088" percent="100" />
    </mem>
    <remembered-set count="266" />
  </mem-info>
</gc-start>
<allocation-stats totalBytes="12473464" >
  <allocated-bytes non-tlh="202072" tlh="12271392" />
  <largest-consumer threadName="main" threadId="0000000000AEAF00" bytes="12473464" />
</allocation-stats>
<gc-op id="1692" type="scavenge" timems="3.608" contextid="1689" timestamp="2019-08-08T09:22:10.998">
  <scavenger-info tenureage="14" tenuremask="4000" tiltratio="87" />
  <memory-copied type="nursery" objects="6565" bytes="284888" bytesdiscarded="19872" />
  <references type="soft" candidates="6" cleared="0" enqueued="0" dynamicThreshold="16" maxThreshold="32" />
  <references type="weak" candidates="44" cleared="0" enqueued="0" />
</gc-op>
<gc-end id="1693" type="scavenge" contextid="1689" durationms="3.837" usertimems="8.596" systemtimems="0.000" timestamp="2019-08-08T09:22:10.998" activeThreads="16">
  <mem-info id="1694" free="15680392" total="24248320" percent="64">
    <mem type="nursery" free="13457648" total="15335424" percent="87">
      <mem type="allocate" free="13457648" total="13762560" percent="97" />
      <mem type="survivor" free="0" total="1572864" percent="0" />
    </mem>
    <mem type="tenure" free="2222744" total="8912896" percent="24" macro-fragmented="1020">
      <mem type="soa" free="2133656" total="8823808" percent="24" />
      <mem type="loa" free="89088" total="89088" percent="100" />
    </mem>
    <remembered-set count="259" />
  </mem-info>
</gc-end>
<cycle-end id="1695" type="scavenge" contextid="1689" timestamp="2019-08-08T09:22:10.998" />
  <attribute name="elasticGC enabled" value="1" />
  <attribute name= "numThreadsSpecified" value="16" />
  <attribute name="heapSize specified" value="16908288" />
  <attribute name="Current GC Util" value="21" />
  <attribute name= "Current Time Running" value="122148" />
  <attribute name ="GC Interval" value="2497" />
  <attribute name="Target GC Util Change" value ="80.000000" />
  <attribute name="Current GC Util Change" value="21.000000"/>
  <attribute name="Current Error" value="273.000000" />
  <attribute name="Output H" value="24324320"/>
  <attribute name="Output I" value="2496"/>
  <attribute name="Output T" value="16"/>
  <attribute name= "Current Time Running" value="122148" />
  <attribute name="GC Util currently" value="21" />
  <attribute name="CPU Util currently" value="28291178761" />
<allocation-satisfied id="1696" threadId="0000000000AEAF00" bytesRequested="26880" />
<af-end id="1697" timestamp="2019-08-08T09:22:10.998" threadId="0000000000AEB888" success="true" from="nursery"/>
<exclusive-end id="1698" timestamp="2019-08-08T09:22:10.998" durationms="4.060" />

<exclusive-start id="1699" timestamp="2019-08-08T09:22:11.037" intervalms="42.661">
  <response-info timems="0.109" idlems="0.109" threads="0" lastid="0000000000AEAF00" lastname="main" />
</exclusive-start>
<af-start id="1700" threadId="0000000000AEB888" totalBytesRequested="32" timestamp="2019-08-08T09:22:11.037" intervalms="42.665" type="nursery" />
<cycle-start id="1701" type="scavenge" contextid="0" timestamp="2019-08-08T09:22:11.037" intervalms="42.666" />
<gc-start id="1702" type="scavenge" contextid="1701" timestamp="2019-08-08T09:22:11.037">
  <mem-info id="1703" free="2222312" total="24248320" percent="9">
    <mem type="nursery" free="0" total="15335424" percent="0">
      <mem type="allocate" free="0" total="13762560" percent="0" />
      <mem type="survivor" free="0" total="1572864" percent="0" />
    </mem>
    <mem type="tenure" free="2222312" total="8912896" percent="24">
      <mem type="soa" free="2133224" total="8823808" percent="24" />
      <mem type="loa" free="89088" total="89088" percent="100" />
    </mem>
    <remembered-set count="270" />
  </mem-info>
</gc-start>
<allocation-stats totalBytes="13455624" >
  <allocated-bytes non-tlh="227320" tlh="13228304" />
  <largest-consumer threadName="main" threadId="0000000000AEAF00" bytes="13455624" />
</allocation-stats>
<gc-op id="1704" type="scavenge" timems="5.525" contextid="1701" timestamp="2019-08-08T09:22:11.043">
  <scavenger-info tenureage="14" tenuremask="4000" tiltratio="89" />
  <memory-copied type="nursery" objects="22421" bytes="1162216" bytesdiscarded="123544" />
  <references type="soft" candidates="7" cleared="0" enqueued="0" dynamicThreshold="16" maxThreshold="32" />
  <references type="weak" candidates="50" cleared="0" enqueued="0" />
  <references type="phantom" candidates="1" cleared="0" enqueued="0" />
</gc-op>
<heap-resize id="1705" type="expand" space="nursery" amount="1048576" count="1" timems="0.026" reason="excessive time being spent scavenging" timestamp="2019-08-08T09:22:11.043" />
<gc-end id="1706" type="scavenge" contextid="1701" durationms="5.942" usertimems="24.462" systemtimems="0.000" timestamp="2019-08-08T09:22:11.043" activeThreads="16">
  <mem-info id="1707" free="14829976" total="25296896" percent="58">
    <mem type="nursery" free="12607664" total="16384000" percent="76">
      <mem type="allocate" free="12607664" total="13893632" percent="90" />
      <mem type="survivor" free="0" total="2490368" percent="0" />
    </mem>
    <mem type="tenure" free="2222312" total="8912896" percent="24" macro-fragmented="0">
      <mem type="soa" free="2133224" total="8823808" percent="24" />
      <mem type="loa" free="89088" total="89088" percent="100" />
    </mem>
    <remembered-set count="268" />
  </mem-info>
</gc-end>
<cycle-end id="1708" type="scavenge" contextid="1701" timestamp="2019-08-08T09:22:11.043" />
  <attribute name="elasticGC enabled" value="1" />
  <attribute name= "numThreadsSpecified" value="16" />
  <attribute name="heapSize specified" value="16908288" />
  <attribute name="Current GC Util" value="20" />
  <attribute name= "Current Time Running" value="122191" />
  <attribute name ="GC Interval" value="2609" />
  <attribute name="Target GC Util Change" value ="80.000000" />
  <attribute name="Current GC Util Change" value="20.000000"/>
  <attribute name="Current Error" value="333.000000" />
  <attribute name="Output H" value="24324384"/>
  <attribute name="Output I" value="2608"/>
  <attribute name="Output T" value="16"/>
  <attribute name= "Current Time Running" value="122191" />
  <attribute name="GC Util currently" value="20" />
  <attribute name="CPU Util currently" value="26954052157" />
<allocation-satisfied id="1709" threadId="0000000000AEAF00" bytesRequested="32" />
<af-end id="1710" timestamp="2019-08-08T09:22:11.043" threadId="0000000000AEB888" success="true" from="nursery"/>
<exclusive-end id="1711" timestamp="2019-08-08T09:22:11.043" durationms="6.215" />

<exclusive-start id="1712" timestamp="2019-08-08T09:22:11.081" intervalms="44.220">
  <response-info timems="0.130" idlems="0.130" threads="0" lastid="0000000000AEAF00" lastname="main" />
</exclusive-start>
<af-start id="1713" threadId="0000000000AEB888" totalBytesRequested="32" timestamp="2019-08-08T09:22:11.081" intervalms="44.227" type="nursery" />
<cycle-start id="1714" type="scavenge" contextid="0" timestamp="2019-08-08T09:22:11.081" intervalms="44.234" />
<gc-start id="1715" type="scavenge" contextid="1714" timestamp="2019-08-08T09:22:11.081">
  <mem-info id="1716" free="2220648" total="25296896" percent="8">
    <mem type="nursery" free="0" total="16384000" percent="0">
      <mem type="allocate" free="0" total="13893632" percent="0" />
      <mem type="survivor" free="0" total="2490368" percent="0" />
    </mem>
    <mem type="tenure" free="2220648" total="8912896" percent="24">
      <mem type="soa" free="2131560" total="8823808" percent="24" />
      <mem type="loa" free="89088" total="89088" percent="100" />
    </mem>
    <remembered-set count="301" />
  </mem-info>
</gc-start>
<allocation-stats totalBytes="12606904" >
  <allocated-bytes non-tlh="601720" tlh="12005184" />
  <largest-consumer threadName="main" threadId="0000000000AEAF00" bytes="12606904" />
</allocation-stats>
<gc-op id="1717" type="scavenge" timems="6.071" contextid="1714" timestamp="2019-08-08T09:22:11.087">
  <scavenger-info tenureage="8" tenuremask="4900" tiltratio="84" />
  <memory-copied type="nursery" objects="5366" bytes="472712" bytesdiscarded="158712" />
  <memory-copied type="tenure" objects="429" bytes="14104" bytesdiscarded="32" />
  <references type="soft" candidates="7" cleared="0" enqueued="0" dynamicThreshold="16" maxThreshold="32" />
  <references type="weak" candidates="47" cleared="0" enqueued="0" />
  <references type="phantom" candidates="1" cleared="0" enqueued="0" />
</gc-op>
<heap-resize id="1718" type="expand" space="nursery" amount="1048576" count="1" timems="0.025" reason="excessive time being spent scavenging" timestamp="2019-08-08T09:22:11.088" />
<gc-end id="1719" type="scavenge" contextid="1714" durationms="6.740" usertimems="22.721" systemtimems="0.000" timestamp="2019-08-08T09:22:11.088" activeThreads="16">
  <mem-info id="1720" free="16769552" total="26345472" percent="63">
    <mem type="nursery" free="14572712" total="17432576" percent="83">
      <mem type="allocate" free="14572712" total="15204352" percent="95" />
      <mem type="survivor" free="0" total="2228224" percent="0" />
    </mem>
    <mem type="tenure" free="2196840" total="8912896" percent="24" macro-fragmented="5266">
      <mem type="soa" free="2107752" total="8823808" percent="23" />
      <mem type="loa" free="89088" total="89088" percent="100" />
    </mem>
    <remembered-set count="152" />
  </mem-info>
</gc-end>
<cycle-end id="1721" type="scavenge" contextid="1714" timestamp="2019-08-08T09:22:11.088" />
  <attribute name="elasticGC enabled" value="1" />
  <attribute name= "numThreadsSpecified" value="16" />
  <attribute name="heapSize specified" value="16908288" />
  <attribute name="Current GC Util" value="30" />
  <attribute name= "Current Time Running" value="122235" />
  <attribute name ="GC Interval" value="2105" />
  <attribute name="Target GC Util Change" value ="80.000000" />
  <attribute name="Current GC Util Change" value="30.000000"/>
  <attribute name="Current Error" value="50.000000" />
  <attribute name="Output H" value="25372640"/>
  <attribute name="Output I" value="2104"/>
  <attribute name="Output T" value="16"/>
  <attribute name= "Current Time Running" value="122235" />
  <attribute name="GC Util currently" value="30" />
  <attribute name="CPU Util currently" value="26117940263" />
<allocation-satisfied id="1722" threadId="0000000000AEAF00" bytesRequested="32" />
<af-end id="1723" timestamp="2019-08-08T09:22:11.088" threadId="0000000000AEB888" success="true" from="nursery"/>
<exclusive-end id="1724" timestamp="2019-08-08T09:22:11.088" durationms="7.028" />

<exclusive-start id="1725" timestamp="2019-08-08T09:22:11.139" intervalms="57.912">
  <response-info timems="0.085" idlems="0.085" threads="0" lastid="0000000000AEAF00" lastname="main" />
</exclusive-start>
<af-start id="1726" threadId="0000000000AEB888" totalBytesRequested="48" timestamp="2019-08-08T09:22:11.139" intervalms="57.902" type="nursery" />
<cycle-start id="1727" type="scavenge" contextid="0" timestamp="2019-08-08T09:22:11.139" intervalms="57.895" />
<gc-start id="1728" type="scavenge" contextid="1727" timestamp="2019-08-08T09:22:11.139">
  <mem-info id="1729" free="2196416" total="26345472" percent="8">
    <mem type="nursery" free="0" total="17432576" percent="0">
      <mem type="allocate" free="0" total="15204352" percent="0" />
      <mem type="survivor" free="0" total="2228224" percent="0" />
    </mem>
    <mem type="tenure" free="2196416" total="8912896" percent="24">
      <mem type="soa" free="2107328" total="8823808" percent="23" />
      <mem type="loa" free="89088" total="89088" percent="100" />
    </mem>
    <remembered-set count="161" />
  </mem-info>
</gc-start>
<allocation-stats totalBytes="14571824" >
  <allocated-bytes non-tlh="200464" tlh="14371360" />
  <largest-consumer threadName="main" threadId="0000000000AEAF00" bytes="14571824" />
</allocation-stats>
<gc-op id="1730" type="scavenge" timems="3.223" contextid="1727" timestamp="2019-08-08T09:22:11.142">
  <scavenger-info tenureage="14" tenuremask="4000" tiltratio="87" />
  <memory-copied type="nursery" objects="10495" bytes="706288" bytesdiscarded="150832" />
  <references type="soft" candidates="8" cleared="0" enqueued="0" dynamicThreshold="16" maxThreshold="32" />
  <references type="weak" candidates="53" cleared="0" enqueued="0" />
  <references type="phantom" candidates="1" cleared="0" enqueued="0" />
</gc-op>
<gc-end id="1731" type="scavenge" contextid="1727" durationms="3.455" usertimems="14.475" systemtimems="0.000" timestamp="2019-08-08T09:22:11.143" activeThreads="16">
  <mem-info id="1732" free="16805560" total="26345472" percent="63">
    <mem type="nursery" free="14609144" total="17432576" percent="83">
      <mem type="allocate" free="14609144" total="15466496" percent="94" />
      <mem type="survivor" free="0" total="1966080" percent="0" />
    </mem>
    <mem type="tenure" free="2196416" total="8912896" percent="24" macro-fragmented="0">
      <mem type="soa" free="2107328" total="8823808" percent="23" />
      <mem type="loa" free="89088" total="89088" percent="100" />
    </mem>
    <remembered-set count="154" />
  </mem-info>
</gc-end>
<cycle-end id="1733" type="scavenge" contextid="1727" timestamp="2019-08-08T09:22:11.143" />
  <attribute name="elasticGC enabled" value="1" />
  <attribute name= "numThreadsSpecified" value="16" />
  <attribute name="heapSize specified" value="16908288" />
  <attribute name="Current GC Util" value="27" />
  <attribute name= "Current Time Running" value="122293" />
  <attribute name ="GC Interval" value="2193" />
  <attribute name="Target GC Util Change" value ="80.000000" />
  <attribute name="Current GC Util Change" value="27.000000"/>
  <attribute name="Current Error" value="103.000000" />
  <attribute name="Output H" value="26421272"/>
  <attribute name="Output I" value="2192"/>
  <attribute name="Output T" value="16"/>
  <attribute name= "Current Time Running" value="122293" />
  <attribute name="GC Util currently" value="27" />
  <attribute name="CPU Util currently" value="19917737338" />
<allocation-satisfied id="1734" threadId="0000000000AEAF00" bytesRequested="48" />
<af-end id="1735" timestamp="2019-08-08T09:22:11.143" threadId="0000000000AEB888" success="true" from="nursery"/>
<exclusive-end id="1736" timestamp="2019-08-08T09:22:11.143" durationms="3.780" />

<exclusive-start id="1737" timestamp="2019-08-08T09:22:11.178" intervalms="39.186">
  <response-info timems="0.019" idlems="0.019" threads="0" lastid="0000000000AEAF00" lastname="main" />
</exclusive-start>
<af-start id="1738" threadId="0000000000AEB888" totalBytesRequested="48" timestamp="2019-08-08T09:22:11.178" intervalms="39.193" type="nursery" />
<cycle-start id="1739" type="scavenge" contextid="0" timestamp="2019-08-08T09:22:11.178" intervalms="39.193" />
<gc-start id="1740" type="scavenge" contextid="1739" timestamp="2019-08-08T09:22:11.178">
  <mem-info id="1741" free="2196056" total="26345472" percent="8">
    <mem type="nursery" free="0" total="17432576" percent="0">
      <mem type="allocate" free="0" total="15466496" percent="0" />
      <mem type="survivor" free="0" total="1966080" percent="0" />
    </mem>
    <mem type="tenure" free="2196056" total="8912896" percent="24">
      <mem type="soa" free="2106968" total="8823808" percent="23" />
      <mem type="loa" free="89088" total="89088" percent="100" />
    </mem>
    <remembered-set count="161" />
  </mem-info>
</gc-start>
<allocation-stats totalBytes="14607112" >
  <allocated-bytes non-tlh="200416" tlh="14406696" />
  <largest-consumer threadName="main" threadId="0000000000AEAF00" bytes="14607112" />
</allocation-stats>
<gc-op id="1742" type="scavenge" timems="3.611" contextid="1739" timestamp="2019-08-08T09:22:11.182">
  <scavenger-info tenureage="14" tenuremask="4000" tiltratio="88" />
  <memory-copied type="nursery" objects="10723" bytes="712464" bytesdiscarded="46144" />
  <references type="soft" candidates="9" cleared="0" enqueued="0" dynamicThreshold="16" maxThreshold="32" />
  <references type="weak" candidates="57" cleared="0" enqueued="0" />
  <references type="phantom" candidates="1" cleared="0" enqueued="0" />
</gc-op>
<heap-resize id="1743" type="expand" space="nursery" amount="786432" count="1" timems="0.022" reason="excessive time being spent scavenging" timestamp="2019-08-08T09:22:11.182" />
<gc-end id="1744" type="scavenge" contextid="1739" durationms="3.907" usertimems="6.262" systemtimems="0.000" timestamp="2019-08-08T09:22:11.182" activeThreads="16">
  <mem-info id="1745" free="17755656" total="27131904" percent="65">
    <mem type="nursery" free="15559600" total="18219008" percent="85">
      <mem type="allocate" free="15559600" total="16318464" percent="95" />
      <mem type="survivor" free="0" total="1900544" percent="0" />
    </mem>
    <mem type="tenure" free="2196056" total="8912896" percent="24" macro-fragmented="0">
      <mem type="soa" free="2106968" total="8823808" percent="23" />
      <mem type="loa" free="89088" total="89088" percent="100" />
    </mem>
    <remembered-set count="133" />
  </mem-info>
</gc-end>
<cycle-end id="1746" type="scavenge" contextid="1739" timestamp="2019-08-08T09:22:11.182" />
  <attribute name="elasticGC enabled" value="1" />
  <attribute name= "numThreadsSpecified" value="16" />
  <attribute name="heapSize specified" value="16908288" />
  <attribute name="Current GC Util" value="22" />
  <attribute name= "Current Time Running" value="122332" />
  <attribute name ="GC Interval" value="2297" />
  <attribute name="Target GC Util Change" value ="80.000000" />
  <attribute name="Current GC Util Change" value="22.000000"/>
  <attribute name="Current Error" value="161.000000" />
  <attribute name="Output H" value="26421344"/>
  <attribute name="Output I" value="2296"/>
  <attribute name="Output T" value="16"/>
  <attribute name= "Current Time Running" value="122332" />
  <attribute name="GC Util currently" value="22" />
  <attribute name="CPU Util currently" value="29418880751" />
<allocation-satisfied id="1747" threadId="0000000000AEAF00" bytesRequested="48" />
<af-end id="1748" timestamp="2019-08-08T09:22:11.182" threadId="0000000000AEB888" success="true" from="nursery"/>
<exclusive-end id="1749" timestamp="2019-08-08T09:22:11.182" durationms="4.142" />

<exclusive-start id="1750" timestamp="2019-08-08T09:22:11.234" intervalms="55.930">
  <response-info timems="0.194" idlems="0.114" threads="1" lastid="0000000000AEEB00" lastname="JIT Compilation Thread-0" />
</exclusive-start>
<af-start id="1751" threadId="0000000000AEB888" totalBytesRequested="40" timestamp="2019-08-08T09:22:11.234" intervalms="55.942" type="nursery" />
<cycle-start id="1752" type="scavenge" contextid="0" timestamp="2019-08-08T09:22:11.234" intervalms="55.948" />
<gc-start id="1753" type="scavenge" contextid="1752" timestamp="2019-08-08T09:22:11.234">
  <mem-info id="1754" free="2195208" total="27131904" percent="8">
    <mem type="nursery" free="0" total="18219008" percent="0">
      <mem type="allocate" free="0" total="16318464" percent="0" />
      <mem type="survivor" free="0" total="1900544" percent="0" />
    </mem>
    <mem type="tenure" free="2195208" total="8912896" percent="24">
      <mem type="soa" free="2106120" total="8823808" percent="23" />
      <mem type="loa" free="89088" total="89088" percent="100" />
    </mem>
    <remembered-set count="152" />
  </mem-info>
</gc-start>
<allocation-stats totalBytes="15558768" >
  <allocated-bytes non-tlh="200904" tlh="15357864" />
  <largest-consumer threadName="main" threadId="0000000000AEAF00" bytes="15558768" />
</allocation-stats>
<gc-op id="1755" type="scavenge" timems="8.187" contextid="1752" timestamp="2019-08-08T09:22:11.243">
  <scavenger-info tenureage="14" tenuremask="4000" tiltratio="89" />
  <memory-copied type="nursery" objects="10351" bytes="678552" bytesdiscarded="75584" />
  <references type="soft" candidates="10" cleared="0" enqueued="0" dynamicThreshold="16" maxThreshold="32" />
  <references type="weak" candidates="67" cleared="0" enqueued="0" />
  <references type="phantom" candidates="1" cleared="0" enqueued="0" />
</gc-op>
<heap-resize id="1756" type="expand" space="nursery" amount="1179648" count="1" timems="0.019" reason="excessive time being spent scavenging" timestamp="2019-08-08T09:22:11.243" />
<gc-end id="1757" type="scavenge" contextid="1752" durationms="8.376" usertimems="14.983" systemtimems="0.000" timestamp="2019-08-08T09:22:11.243" activeThreads="16">
  <mem-info id="1758" free="18873368" total="28311552" percent="66">
    <mem type="nursery" free="16678160" total="19398656" percent="85">
      <mem type="allocate" free="16678160" total="17432576" percent="95" />
      <mem type="survivor" free="0" total="1966080" percent="0" />
    </mem>
    <mem type="tenure" free="2195208" total="8912896" percent="24" macro-fragmented="1800196">
      <mem type="soa" free="2106120" total="8823808" percent="23" />
      <mem type="loa" free="89088" total="89088" percent="100" />
    </mem>
    <remembered-set count="145" />
  </mem-info>
</gc-end>
<cycle-end id="1759" type="scavenge" contextid="1752" timestamp="2019-08-08T09:22:11.243" />
  <attribute name="elasticGC enabled" value="1" />
  <attribute name= "numThreadsSpecified" value="16" />
  <attribute name="heapSize specified" value="16908288" />
  <attribute name="Current GC Util" value="10" />
  <attribute name= "Current Time Running" value="122388" />
  <attribute name ="GC Interval" value="2425" />
  <attribute name="Target GC Util Change" value ="80.000000" />
  <attribute name="Current GC Util Change" value="10.000000"/>
  <attribute name="Current Error" value="231.000000" />
  <attribute name="Output H" value="27207856"/>
  <attribute name="Output I" value="2424"/>
  <attribute name="Output T" value="16"/>
  <attribute name= "Current Time Running" value="122388" />
  <attribute name="GC Util currently" value="10" />
  <attribute name="CPU Util currently" value="20596341944" />
<allocation-satisfied id="1760" threadId="0000000000AEAF00" bytesRequested="40" />
<af-end id="1761" timestamp="2019-08-08T09:22:11.243" threadId="0000000000AEB888" success="true" from="nursery"/>
<exclusive-end id="1762" timestamp="2019-08-08T09:22:11.243" durationms="8.617" />

<exclusive-start id="1763" timestamp="2019-08-08T09:22:11.302" intervalms="67.935">
  <response-info timems="0.105" idlems="0.105" threads="0" lastid="0000000000AEAF00" lastname="main" />
</exclusive-start>
<af-start id="1764" threadId="0000000000AEB888" totalBytesRequested="32" timestamp="2019-08-08T09:22:11.302" intervalms="67.928" type="nursery" />
<cycle-start id="1765" type="scavenge" contextid="0" timestamp="2019-08-08T09:22:11.302" intervalms="67.932" />
<gc-start id="1766" type="scavenge" contextid="1765" timestamp="2019-08-08T09:22:11.302">
  <mem-info id="1767" free="2193688" total="28311552" percent="7">
    <mem type="nursery" free="0" total="19398656" percent="0">
      <mem type="allocate" free="0" total="17432576" percent="0" />
      <mem type="survivor" free="0" total="1966080" percent="0" />
    </mem>
    <mem type="tenure" free="2193688" total="8912896" percent="24">
      <mem type="soa" free="2104600" total="8823808" percent="23" />
      <mem type="loa" free="89088" total="89088" percent="100" />
    </mem>
    <remembered-set count="171" />
  </mem-info>
</gc-start>
<allocation-stats totalBytes="16677064" >
  <allocated-bytes non-tlh="801592" tlh="15875472" />
  <largest-consumer threadName="main" threadId="0000000000AEAF00" bytes="16677064" />
</allocation-stats>
<gc-op id="1768" type="scavenge" timems="4.656" contextid="1765" timestamp="2019-08-08T09:22:11.307">
  <scavenger-info tenureage="8" tenuremask="4300" tiltratio="89" />
  <memory-copied type="nursery" objects="18921" bytes="1020784" bytesdiscarded="93264" />
  <memory-copied type="tenure" objects="971" bytes="30448" bytesdiscarded="8" />
  <references type="soft" candidates="12" cleared="0" enqueued="0" dynamicThreshold="16" maxThreshold="32" />
  <references type="weak" candidates="63" cleared="0" enqueued="0" />
  <references type="phantom" candidates="1" cleared="0" enqueued="0" />
</gc-op>
<gc-end id="1769" type="scavenge" contextid="1765" durationms="4.826" usertimems="12.657" systemtimems="0.000" timestamp="2019-08-08T09:22:11.307" activeThreads="16">
  <mem-info id="1770" free="18448144" total="28311552" percent="65">
    <mem type="nursery" free="16318200" total="19398656" percent="84">
      <mem type="allocate" free="16318200" total="17432576" percent="93" />
      <mem type="survivor" free="0" total="1966080" percent="0" />
    </mem>
    <mem type="tenure" free="2129944" total="8912896" percent="23" macro-fragmented="1800196">
      <mem type="soa" free="2040856" total="8823808" percent="23" />
      <mem type="loa" free="89088" total="89088" percent="100" />
    </mem>
    <remembered-set count="163" />
  </mem-info>
</gc-end>
<cycle-end id="1771" type="scavenge" contextid="1765" timestamp="2019-08-08T09:22:11.307" />
  <attribute name="elasticGC enabled" value="1" />
  <attribute name= "numThreadsSpecified" value="16" />
  <attribute name="heapSize specified" value="16908288" />
  <attribute name="Current GC Util" value="22" />
  <attribute name= "Current Time Running" value="122456" />
  <attribute name ="GC Interval" value="2529" />
  <attribute name="Target GC Util Change" value ="80.000000" />
  <attribute name="Current GC Util Change" value="22.000000"/>
  <attribute name="Current Error" value="289.000000" />
  <attribute name="Output H" value="28387568"/>
  <attribute name="Output I" value="2528"/>
  <attribute name="Output T" value="16"/>
  <attribute name= "Current Time Running" value="122456" />
  <attribute name="GC Util currently" value="22" />
  <attribute name="CPU Util currently" value="16973426845" />
<allocation-satisfied id="1772" threadId="0000000000AEAF00" bytesRequested="32" />
<af-end id="1773" timestamp="2019-08-08T09:22:11.307" threadId="0000000000AEB888" success="true" from="nursery"/>
<exclusive-end id="1774" timestamp="2019-08-08T09:22:11.307" durationms="5.077" />

<exclusive-start id="1775" timestamp="2019-08-08T09:22:11.361" intervalms="58.458">
  <response-info timems="0.164" idlems="0.164" threads="0" lastid="0000000000AEAF00" lastname="main" />
</exclusive-start>
<af-start id="1776" threadId="0000000000AEB888" totalBytesRequested="24" timestamp="2019-08-08T09:22:11.361" intervalms="58.447" type="nursery" />
<cycle-start id="1777" type="scavenge" contextid="0" timestamp="2019-08-08T09:22:11.361" intervalms="58.437" />
<gc-start id="1778" type="scavenge" contextid="1777" timestamp="2019-08-08T09:22:11.361">
  <mem-info id="1779" free="2128784" total="28311552" percent="7">
    <mem type="nursery" free="0" total="19398656" percent="0">
      <mem type="allocate" free="0" total="17432576" percent="0" />
      <mem type="survivor" free="0" total="1966080" percent="0" />
    </mem>
    <mem type="tenure" free="2128784" total="8912896" percent="23">
      <mem type="soa" free="2039696" total="8823808" percent="23" />
      <mem type="loa" free="89088" total="89088" percent="100" />
    </mem>
    <remembered-set count="188" />
  </mem-info>
</gc-start>
<allocation-stats totalBytes="16317560" >
  <allocated-bytes non-tlh="266744" tlh="16050816" />
  <largest-consumer threadName="main" threadId="0000000000AEAF00" bytes="16317560" />
</allocation-stats>
<gc-op id="1780" type="scavenge" timems="3.562" contextid="1777" timestamp="2019-08-08T09:22:11.365">
  <scavenger-info tenureage="14" tenuremask="4000" tiltratio="89" />
  <memory-copied type="nursery" objects="19140" bytes="1095528" bytesdiscarded="80776" />
  <references type="soft" candidates="13" cleared="0" enqueued="0" dynamicThreshold="16" maxThreshold="32" />
  <references type="weak" candidates="77" cleared="0" enqueued="0" />
  <references type="phantom" candidates="1" cleared="0" enqueued="0" />
</gc-op>
<gc-end id="1781" type="scavenge" contextid="1777" durationms="3.938" usertimems="14.602" systemtimems="0.000" timestamp="2019-08-08T09:22:11.365" activeThreads="16">
  <mem-info id="1782" free="18384704" total="28311552" percent="64">
    <mem type="nursery" free="16255920" total="19398656" percent="83">
      <mem type="allocate" free="16255920" total="17432576" percent="93" />
      <mem type="survivor" free="0" total="1966080" percent="0" />
    </mem>
    <mem type="tenure" free="2128784" total="8912896" percent="23" macro-fragmented="1800196">
      <mem type="soa" free="2039696" total="8823808" percent="23" />
      <mem type="loa" free="89088" total="89088" percent="100" />
    </mem>
    <remembered-set count="170" />
  </mem-info>
</gc-end>
<cycle-end id="1783" type="scavenge" contextid="1777" timestamp="2019-08-08T09:22:11.365" />
  <attribute name="elasticGC enabled" value="1" />
  <attribute name= "numThreadsSpecified" value="16" />
  <attribute name="heapSize specified" value="16908288" />
  <attribute name="Current GC Util" value="18" />
  <attribute name= "Current Time Running" value="122515" />
  <attribute name ="GC Interval" value="2641" />
  <attribute name="Target GC Util Change" value ="80.000000" />
  <attribute name="Current GC Util Change" value="18.000000"/>
  <attribute name="Current Error" value="351.000000" />
  <attribute name="Output H" value="28387640"/>
  <attribute name="Output I" value="2640"/>
  <attribute name="Output T" value="16"/>
  <attribute name= "Current Time Running" value="122515" />
  <attribute name="GC Util currently" value="18" />
  <attribute name="CPU Util currently" value="19653840340" />
<allocation-satisfied id="1784" threadId="0000000000AEAF00" bytesRequested="24" />
<af-end id="1785" timestamp="2019-08-08T09:22:11.365" threadId="0000000000AEB888" success="true" from="nursery"/>
<exclusive-end id="1786" timestamp="2019-08-08T09:22:11.365" durationms="4.246" />

<exclusive-start id="1787" timestamp="2019-08-08T09:22:11.423" intervalms="62.475">
  <response-info timems="0.071" idlems="0.071" threads="0" lastid="0000000000AEAF00" lastname="main" />
</exclusive-start>
<af-start id="1788" threadId="0000000000AEB888" totalBytesRequested="32" timestamp="2019-08-08T09:22:11.423" intervalms="62.474" type="nursery" />
<cycle-start id="1789" type="scavenge" contextid="0" timestamp="2019-08-08T09:22:11.423" intervalms="62.475" />
<gc-start id="1790" type="scavenge" contextid="1789" timestamp="2019-08-08T09:22:11.423">
  <mem-info id="1791" free="2128176" total="28311552" percent="7">
    <mem type="nursery" free="0" total="19398656" percent="0">
      <mem type="allocate" free="0" total="17432576" percent="0" />
      <mem type="survivor" free="0" total="1966080" percent="0" />
    </mem>
    <mem type="tenure" free="2128176" total="8912896" percent="23">
      <mem type="soa" free="2039088" total="8823808" percent="23" />
      <mem type="loa" free="89088" total="89088" percent="100" />
    </mem>
    <remembered-set count="181" />
  </mem-info>
</gc-start>
<allocation-stats totalBytes="16254800" >
  <allocated-bytes non-tlh="200640" tlh="16054160" />
  <largest-consumer threadName="main" threadId="0000000000AEAF00" bytes="16254800" />
</allocation-stats>
<gc-op id="1792" type="scavenge" timems="2.429" contextid="1789" timestamp="2019-08-08T09:22:11.426">
  <scavenger-info tenureage="8" tenuremask="4100" tiltratio="89" />
  <memory-copied type="nursery" objects="14930" bytes="873528" bytesdiscarded="115736" />
  <memory-copied type="tenure" objects="293" bytes="10840" bytesdiscarded="0" />
  <references type="soft" candidates="13" cleared="0" enqueued="0" dynamicThreshold="16" maxThreshold="32" />
  <references type="weak" candidates="77" cleared="0" enqueued="0" />
  <references type="phantom" candidates="1" cleared="0" enqueued="0" />
</gc-op>
<gc-end id="1793" type="scavenge" contextid="1789" durationms="2.602" usertimems="6.149" systemtimems="0.000" timestamp="2019-08-08T09:22:11.426" activeThreads="16">
  <mem-info id="1794" free="18571136" total="28311552" percent="65">
    <mem type="nursery" free="16442960" total="19398656" percent="84">
      <mem type="allocate" free="16442960" total="17432576" percent="94" />
      <mem type="survivor" free="0" total="1966080" percent="0" />
    </mem>
    <mem type="tenure" free="2128176" total="8912896" percent="23" macro-fragmented="1800196">
      <mem type="soa" free="2039088" total="8823808" percent="23" />
      <mem type="loa" free="89088" total="89088" percent="100" />
    </mem>
    <remembered-set count="161" />
  </mem-info>
</gc-end>
<cycle-end id="1795" type="scavenge" contextid="1789" timestamp="2019-08-08T09:22:11.426" />
  <attribute name="elasticGC enabled" value="1" />
  <attribute name= "numThreadsSpecified" value="16" />
  <attribute name="heapSize specified" value="16908288" />
  <attribute name="Current GC Util" value="13" />
  <attribute name= "Current Time Running" value="122577" />
  <attribute name ="GC Interval" value="2129" />
  <attribute name="Target GC Util Change" value ="80.000000" />
  <attribute name="Current GC Util Change" value="13.000000"/>
  <attribute name="Current Error" value="67.000000" />
  <attribute name="Output H" value="28387312"/>
  <attribute name="Output I" value="2128"/>
  <attribute name="Output T" value="16"/>
  <attribute name= "Current Time Running" value="122577" />
  <attribute name="GC Util currently" value="13" />
  <attribute name="CPU Util currently" value="18518364061" />
<allocation-satisfied id="1796" threadId="0000000000AEAF00" bytesRequested="32" />
<af-end id="1797" timestamp="2019-08-08T09:22:11.426" threadId="0000000000AEB888" success="true" from="nursery"/>
<exclusive-end id="1798" timestamp="2019-08-08T09:22:11.426" durationms="2.866" />

<exclusive-start id="1799" timestamp="2019-08-08T09:22:11.525" intervalms="101.530">
  <response-info timems="0.069" idlems="0.069" threads="0" lastid="0000000000AEAF00" lastname="main" />
</exclusive-start>
<af-start id="1800" threadId="0000000000AEB888" totalBytesRequested="32" timestamp="2019-08-08T09:22:11.525" intervalms="101.532" type="nursery" />
<cycle-start id="1801" type="scavenge" contextid="0" timestamp="2019-08-08T09:22:11.525" intervalms="101.531" />
<gc-start id="1802" type="scavenge" contextid="1801" timestamp="2019-08-08T09:22:11.525">
  <mem-info id="1803" free="2095256" total="28311552" percent="7">
    <mem type="nursery" free="0" total="19398656" percent="0">
      <mem type="allocate" free="0" total="17432576" percent="0" />
      <mem type="survivor" free="0" total="1966080" percent="0" />
    </mem>
    <mem type="tenure" free="2095256" total="8912896" percent="23">
      <mem type="soa" free="2006168" total="8823808" percent="22" />
      <mem type="loa" free="89088" total="89088" percent="100" />
    </mem>
    <remembered-set count="703" />
  </mem-info>
</gc-start>
<allocation-stats totalBytes="16472192" >
  <allocated-bytes non-tlh="632976" tlh="15839216" />
  <largest-consumer threadName="main" threadId="0000000000AEAF00" bytes="16472192" />
</allocation-stats>
<gc-op id="1804" type="scavenge" timems="4.600" contextid="1801" timestamp="2019-08-08T09:22:11.529">
  <scavenger-info tenureage="14" tenuremask="4000" tiltratio="89" />
  <memory-copied type="nursery" objects="12747" bytes="854312" bytesdiscarded="112232" />
  <references type="soft" candidates="647" cleared="0" enqueued="0" dynamicThreshold="16" maxThreshold="32" />
  <references type="weak" candidates="142" cleared="19" enqueued="19" />
  <references type="phantom" candidates="1" cleared="0" enqueued="0" />
</gc-op>
<gc-end id="1805" type="scavenge" contextid="1801" durationms="4.900" usertimems="15.884" systemtimems="0.000" timestamp="2019-08-08T09:22:11.530" activeThreads="16">
  <mem-info id="1806" free="18560744" total="28311552" percent="65">
    <mem type="nursery" free="16465488" total="19398656" percent="84">
      <mem type="allocate" free="16465488" total="17432576" percent="94" />
      <mem type="survivor" free="0" total="1966080" percent="0" />
    </mem>
    <mem type="tenure" free="2095256" total="8912896" percent="23" macro-fragmented="708">
      <mem type="soa" free="2006168" total="8823808" percent="22" />
      <mem type="loa" free="89088" total="89088" percent="100" />
    </mem>
    <pending-finalizers system="0" default="0" reference="19" classloader="0" />
    <remembered-set count="680" />
  </mem-info>
</gc-end>
<cycle-end id="1807" type="scavenge" contextid="1801" timestamp="2019-08-08T09:22:11.530" />
  <attribute name="elasticGC enabled" value="1" />
  <attribute name= "numThreadsSpecified" value="16" />
  <attribute name="heapSize specified" value="16908288" />
  <attribute name="Current GC Util" value="6" />
  <attribute name= "Current Time Running" value="122678" />
  <attribute name ="GC Interval" value="2265" />
  <attribute name="Target GC Util Change" value ="80.000000" />
  <attribute name="Current GC Util Change" value="6.000000"/>
  <attribute name="Current Error" value="141.000000" />
  <attribute name="Output H" value="28387400"/>
  <attribute name="Output I" value="2264"/>
  <attribute name="Output T" value="16"/>
  <attribute name= "Current Time Running" value="122678" />
  <attribute name="GC Util currently" value="6" />
  <attribute name="CPU Util currently" value="11349652340" />
<allocation-satisfied id="1808" threadId="0000000000AEAF00" bytesRequested="32" />
<af-end id="1809" timestamp="2019-08-08T09:22:11.530" threadId="0000000000AEB888" success="true" from="nursery"/>
<exclusive-end id="1810" timestamp="2019-08-08T09:22:11.530" durationms="5.268" />

<exclusive-start id="1811" timestamp="2019-08-08T09:22:11.591" intervalms="66.267">
  <response-info timems="0.063" idlems="0.063" threads="0" lastid="0000000000AEAF00" lastname="main" />
</exclusive-start>
<af-start id="1812" threadId="0000000000AEB888" totalBytesRequested="966384" timestamp="2019-08-08T09:22:11.591" intervalms="66.277" type="nursery" />
<cycle-start id="1813" type="scavenge" contextid="0" timestamp="2019-08-08T09:22:11.591" intervalms="66.283" />
<gc-start id="1814" type="scavenge" contextid="1813" timestamp="2019-08-08T09:22:11.591">
  <mem-info id="1815" free="2762568" total="28311552" percent="9">
    <mem type="nursery" free="700648" total="19398656" percent="3">
      <mem type="allocate" free="700648" total="17432576" percent="4" />
      <mem type="survivor" free="0" total="1966080" percent="0" />
    </mem>
    <mem type="tenure" free="2061920" total="8912896" percent="23">
      <mem type="soa" free="1972832" total="8823808" percent="22" />
      <mem type="loa" free="89088" total="89088" percent="100" />
    </mem>
    <remembered-set count="923" />
  </mem-info>
</gc-start>
<allocation-stats totalBytes="15791096" >
  <allocated-bytes non-tlh="233376" tlh="15557720" />
  <largest-consumer threadName="main" threadId="0000000000AEAF00" bytes="15791096" />
</allocation-stats>
<gc-op id="1816" type="scavenge" timems="3.505" contextid="1813" timestamp="2019-08-08T09:22:11.595">
  <scavenger-info tenureage="8" tenuremask="4100" tiltratio="89" />
  <memory-copied type="nursery" objects="9792" bytes="383960" bytesdiscarded="74184" />
  <memory-copied type="tenure" objects="554" bytes="20128" bytesdiscarded="64" />
  <finalization candidates="3" enqueued="1" />
  <references type="soft" candidates="789" cleared="0" enqueued="0" dynamicThreshold="16" maxThreshold="32" />
  <references type="weak" candidates="170" cleared="4" enqueued="4" />
  <references type="phantom" candidates="2" cleared="0" enqueued="0" />
</gc-op>
<gc-end id="1817" type="scavenge" contextid="1813" durationms="3.702" usertimems="7.891" systemtimems="0.000" timestamp="2019-08-08T09:22:11.595" activeThreads="16">
  <mem-info id="1818" free="19003480" total="28311552" percent="67">
    <mem type="nursery" free="16973816" total="19398656" percent="87">
      <mem type="allocate" free="16973816" total="17432576" percent="97" />
      <mem type="survivor" free="0" total="1966080" percent="0" />
    </mem>
    <mem type="tenure" free="2029664" total="8912896" percent="22" macro-fragmented="1800196">
      <mem type="soa" free="1940576" total="8823808" percent="21" />
      <mem type="loa" free="89088" total="89088" percent="100" />
    </mem>
    <pending-finalizers system="0" default="1" reference="4" classloader="0" />
    <remembered-set count="929" />
  </mem-info>
</gc-end>
<cycle-end id="1819" type="scavenge" contextid="1813" timestamp="2019-08-08T09:22:11.595" />
  <attribute name="elasticGC enabled" value="1" />
  <attribute name= "numThreadsSpecified" value="16" />
  <attribute name="heapSize specified" value="16908288" />
  <attribute name="Current GC Util" value="16" />
  <attribute name= "Current Time Running" value="122745" />
  <attribute name ="GC Interval" value="2377" />
  <attribute name="Target GC Util Change" value ="80.000000" />
  <attribute name="Current GC Util Change" value="16.000000"/>
  <attribute name="Current Error" value="205.000000" />
  <attribute name="Output H" value="28387472"/>
  <attribute name="Output I" value="2376"/>
  <attribute name="Output T" value="16"/>
  <attribute name= "Current Time Running" value="122745" />
  <attribute name="GC Util currently" value="16" />
  <attribute name="CPU Util currently" value="17407385419" />
<allocation-satisfied id="1820" threadId="0000000000AEAF00" bytesRequested="966384" />
<af-end id="1821" timestamp="2019-08-08T09:22:11.595" threadId="0000000000AEB888" success="true" from="nursery"/>
<exclusive-end id="1822" timestamp="2019-08-08T09:22:11.595" durationms="4.345" />

<exclusive-start id="1823" timestamp="2019-08-08T09:22:11.937" intervalms="345.682">
  <response-info timems="0.161" idlems="0.161" threads="0" lastid="0000000000AEAF00" lastname="main" />
</exclusive-start>
<af-start id="1824" threadId="0000000000AEB888" totalBytesRequested="32" timestamp="2019-08-08T09:22:11.937" intervalms="345.698" type="nursery" />
<cycle-start id="1825" type="scavenge" contextid="0" timestamp="2019-08-08T09:22:11.937" intervalms="345.696" />
<gc-start id="1826" type="scavenge" contextid="1825" timestamp="2019-08-08T09:22:11.937">
  <mem-info id="1827" free="2028496" total="28311552" percent="7">
    <mem type="nursery" free="0" total="19398656" percent="0">
      <mem type="allocate" free="0" total="17432576" percent="0" />
      <mem type="survivor" free="0" total="1966080" percent="0" />
    </mem>
    <mem type="tenure" free="2028496" total="8912896" percent="22">
      <mem type="soa" free="1939408" total="8823808" percent="21" />
      <mem type="loa" free="89088" total="89088" percent="100" />
    </mem>
    <remembered-set count="951" />
  </mem-info>
</gc-start>
<allocation-stats totalBytes="16959208" >
  <allocated-bytes non-tlh="2900304" tlh="14058904" />
  <largest-consumer threadName="main" threadId="0000000000AEAF00" bytes="16955112" />
</allocation-stats>
<gc-op id="1828" type="scavenge" timems="6.812" contextid="1825" timestamp="2019-08-08T09:22:11.944">
  <scavenger-info tenureage="10" tenuremask="4400" tiltratio="89" />
  <memory-copied type="nursery" objects="34883" bytes="1024200" bytesdiscarded="96856" />
  <memory-copied type="tenure" objects="163" bytes="1938424" bytesdiscarded="0" />
  <copy-failed type="nursery" objects="1" bytes="1932752" />
  <finalization candidates="2" enqueued="1" />
  <references type="soft" candidates="788" cleared="0" enqueued="0" dynamicThreshold="16" maxThreshold="32" />
  <references type="weak" candidates="171" cleared="0" enqueued="0" />
  <references type="phantom" candidates="2" cleared="0" enqueued="0" />
</gc-op>
<gc-end id="1829" type="scavenge" contextid="1825" durationms="6.998" usertimems="16.995" systemtimems="0.000" timestamp="2019-08-08T09:22:11.944" activeThreads="16">
  <mem-info id="1830" free="11688176" total="28311552" percent="41">
    <mem type="nursery" free="11592432" total="19398656" percent="59">
      <mem type="allocate" free="11592432" total="12713984" percent="91" />
      <mem type="survivor" free="0" total="6684672" percent="0" />
    </mem>
    <mem type="tenure" free="95744" total="8912896" percent="1" macro-fragmented="67617">
      <mem type="soa" free="6656" total="8823808" percent="0" />
      <mem type="loa" free="89088" total="89088" percent="100" />
    </mem>
    <pending-finalizers system="0" default="1" reference="0" classloader="0" />
    <remembered-set count="411" />
  </mem-info>
</gc-end>
<cycle-end id="1831" type="scavenge" contextid="1825" timestamp="2019-08-08T09:22:11.944" />
  <attribute name="elasticGC enabled" value="1" />
  <attribute name= "numThreadsSpecified" value="16" />
  <attribute name="heapSize specified" value="16908288" />
  <attribute name="Current GC Util" value="2" />
  <attribute name= "Current Time Running" value="123090" />
  <attribute name ="GC Interval" value="2521" />
  <attribute name="Target GC Util Change" value ="80.000000" />
  <attribute name="Current GC Util Change" value="2.000000"/>
  <attribute name="Current Error" value="283.000000" />
  <attribute name="Output H" value="28387560"/>
  <attribute name="Output I" value="2520"/>
  <attribute name="Output T" value="16"/>
  <attribute name= "Current Time Running" value="123090" />
  <attribute name="GC Util currently" value="2" />
  <attribute name="CPU Util currently" value="1" />
<allocation-satisfied id="1832" threadId="0000000000AEAF00" bytesRequested="32" />
<af-end id="1833" timestamp="2019-08-08T09:22:11.944" threadId="0000000000AEB888" success="true" from="nursery"/>
<exclusive-end id="1834" timestamp="2019-08-08T09:22:11.944" durationms="7.318" />

<concurrent-kickoff id="1835" timestamp="2019-08-08T09:22:12.103">
  <kickoff reason="threshold reached" targetBytes="4342815" thresholdFreeBytes="601915"  remainingFree="484048" tenureFreeBytes="95744" nurseryFreeBytes="484048" />
</concurrent-kickoff>
<exclusive-start id="1836" timestamp="2019-08-08T09:22:12.104" intervalms="167.069">
  <response-info timems="0.128" idlems="0.128" threads="0" lastid="0000000000AEAF00" lastname="main" />
</exclusive-start>
<cycle-start id="1837" type="global" contextid="0" timestamp="2019-08-08T09:22:12.104" intervalms="2399.567" />
<exclusive-end id="1838" timestamp="2019-08-08T09:22:12.104" durationms="0.033" />

<exclusive-start id="1839" timestamp="2019-08-08T09:22:12.116" intervalms="12.203">
  <response-info timems="0.199" idlems="0.199" threads="0" lastid="0000000000AEAF00" lastname="main" />
</exclusive-start>
<af-start id="1840" threadId="0000000000AEB888" totalBytesRequested="32" timestamp="2019-08-08T09:22:12.116" intervalms="179.246" type="nursery" />
<cycle-start id="1841" type="scavenge" contextid="0" timestamp="2019-08-08T09:22:12.116" intervalms="179.246" />
<gc-start id="1842" type="scavenge" contextid="1841" timestamp="2019-08-08T09:22:12.116">
  <mem-info id="1843" free="95744" total="28311552" percent="0">
    <mem type="nursery" free="0" total="19398656" percent="0">
      <mem type="allocate" free="0" total="12713984" percent="0" />
      <mem type="survivor" free="0" total="6684672" percent="0" />
    </mem>
    <mem type="tenure" free="95744" total="8912896" percent="1">
      <mem type="soa" free="6656" total="8823808" percent="0" />
      <mem type="loa" free="89088" total="89088" percent="100" />
    </mem>
    <remembered-set count="411" />
  </mem-info>
</gc-start>
<allocation-stats totalBytes="11580760" >
  <allocated-bytes non-tlh="32" tlh="11580728" />
  <largest-consumer threadName="main" threadId="0000000000AEAF00" bytes="11580760" />
</allocation-stats>
<gc-op id="1844" type="scavenge" timems="8.058" contextid="1841" timestamp="2019-08-08T09:22:12.124">
  <scavenger-info tenureage="3" tenuremask="4208" tiltratio="65" />
  <memory-copied type="nursery" objects="52385" bytes="1376464" bytesdiscarded="31976" />
  <memory-copied type="tenure" objects="5958" bytes="228688" bytesdiscarded="104" />
  <finalization candidates="1" enqueued="0" />
  <references type="soft" candidates="153" cleared="0" enqueued="0" dynamicThreshold="16" maxThreshold="32" />
  <references type="weak" candidates="123" cleared="0" enqueued="0" />
  <references type="phantom" candidates="2" cleared="0" enqueued="0" />
  <heap-resize type="expand" space="tenure" amount="262144" count="4" timems="0.045" reason="continue current collection" />
</gc-op>
<gc-end id="1845" type="scavenge" contextid="1841" durationms="8.254" usertimems="16.273" systemtimems="0.000" timestamp="2019-08-08T09:22:12.124" activeThreads="16">
  <mem-info id="1846" free="12051704" total="28573696" percent="42">
    <mem type="nursery" free="11960568" total="19398656" percent="61">
      <mem type="allocate" free="11960568" total="13369344" percent="89" />
      <mem type="survivor" free="0" total="6029312" percent="0" />
    </mem>
    <mem type="tenure" free="91136" total="9175040" percent="0" macro-fragmented="67617">
      <mem type="soa" free="0" total="9083904" percent="0" />
      <mem type="loa" free="91136" total="91136" percent="100" />
    </mem>
    <remembered-set count="220" />
  </mem-info>
</gc-end>
<cycle-end id="1847" type="scavenge" contextid="1841" timestamp="2019-08-08T09:22:12.124" />
  <attribute name="elasticGC enabled" value="1" />
  <attribute name= "numThreadsSpecified" value="16" />
  <attribute name="heapSize specified" value="16908288" />
  <attribute name="Current GC Util" value="7" />
  <attribute name= "Current Time Running" value="123270" />
  <attribute name ="GC Interval" value="2649" />
  <attribute name="Target GC Util Change" value ="80.000000" />
  <attribute name="Current GC Util Change" value="7.000000"/>
  <attribute name="Current Error" value="356.000000" />
  <attribute name="Output H" value="28387648"/>
  <attribute name="Output I" value="2648"/>
  <attribute name="Output T" value="16"/>
  <attribute name= "Current Time Running" value="123270" />
  <attribute name="GC Util currently" value="7" />
  <attribute name="CPU Util currently" value="6432331314" />
<allocation-satisfied id="1848" threadId="0000000000AEAF00" bytesRequested="32" />
<af-end id="1849" timestamp="2019-08-08T09:22:12.124" threadId="0000000000AEB888" success="true" from="nursery"/>
<exclusive-end id="1850" timestamp="2019-08-08T09:22:12.124" durationms="8.517" />

<exclusive-start id="1851" timestamp="2019-08-08T09:22:12.128" intervalms="12.585">
  <response-info timems="0.154" idlems="0.154" threads="0" lastid="0000000000AEAF00" lastname="main" />
</exclusive-start>
<concurrent-collection-start id="1852" timestamp="2019-08-08T09:22:12.129" intervalms="3422.984" >
  <concurrent-trace-info reason="card cleaning threshold reached" tracedByMutators="416784" tracedByHelpers="2620920" cardsCleaned="61" workStackOverflowCount="0" />
</concurrent-collection-start>
<gc-start id="1853" type="global" contextid="1837" timestamp="2019-08-08T09:22:12.129">
  <mem-info id="1854" free="11764952" total="28573696" percent="41">
    <mem type="nursery" free="11673816" total="19398656" percent="60">
      <mem type="allocate" free="11673816" total="13369344" percent="87" />
      <mem type="survivor" free="0" total="6029312" percent="0" />
    </mem>
    <mem type="tenure" free="91136" total="9175040" percent="0">
      <mem type="soa" free="0" total="9083904" percent="0" />
      <mem type="loa" free="91136" total="91136" percent="100" />
    </mem>
    <remembered-set count="220" />
  </mem-info>
</gc-start>
<allocation-stats totalBytes="286704" >
  <allocated-bytes non-tlh="32" tlh="286672" />
  <largest-consumer threadName="main" threadId="0000000000AEAF00" bytes="286704" />
</allocation-stats>
<gc-op id="1855" type="rs-scan" timems="6.713" contextid="1837" timestamp="2019-08-08T09:22:12.135">
  <scan objectsFound="146" bytesTraced="15916" workStackOverflowCount="0" />
</gc-op>
<gc-op id="1856" type="card-cleaning" timems="5.829" contextid="1837" timestamp="2019-08-08T09:22:12.141">
  <card-cleaning cardsCleaned="1" bytesTraced="1156368" workStackOverflowCount="0" />
</gc-op>
<gc-op id="1857" type="mark" timems="10.783" contextid="1837" timestamp="2019-08-08T09:22:12.152">
  <trace-info objectcount="570" scancount="565" scanbytes="16316" />
  <finalization candidates="81" enqueued="0" />
  <ownableSynchronizers candidates="21" cleared="0" />
  <references type="soft" candidates="2708" cleared="0" enqueued="0" dynamicThreshold="16" maxThreshold="32" />
  <references type="weak" candidates="5420" cleared="7" enqueued="4" />
  <references type="phantom" candidates="78" cleared="1" enqueued="1" />
  <stringconstants candidates="13341" cleared="21"  />
</gc-op>
<gc-op id="1858" type="classunload" timems="0.614" contextid="1837" timestamp="2019-08-08T09:22:12.153">
  <classunload-info classloadercandidates="59" classloadersunloaded="2" classesunloaded="2" anonymousclassesunloaded="0" quiescems="0.000" setupms="0.591" scanms="0.018" postms="0.005" />
</gc-op>
<gc-op id="1859" type="sweep" timems="0.977" contextid="1837" timestamp="2019-08-08T09:22:12.154" />
<mem-info id="1860" free="13462360" total="28573696" percent="47">
  <mem type="nursery" free="11974720" total="19398656" percent="61">
    <mem type="allocate" free="11974720" total="13369344" percent="89" />
    <mem type="survivor" free="0" total="6029312" percent="0" />
  </mem>
  <mem type="tenure" free="1487640" total="9175040" percent="16" micro-fragmented="47941" macro-fragmented="817425">
    <mem type="soa" free="1396504" total="9083904" percent="15" />
    <mem type="loa" free="91136" total="91136" percent="100" />
  </mem>
  <pending-finalizers system="0" default="0" reference="5" classloader="0" />
  <remembered-set count="219" />
</mem-info>
<gc-op id="1861" type="compact" timems="38.217" contextid="1837" timestamp="2019-08-08T09:22:12.192">
  <compact-info movecount="156243" movebytes="8738912" reason="compact to aid heap contraction" />
</gc-op>
<heap-resize id="1862" type="expand" space="tenure" amount="131072" count="1" timems="0.020" reason="satisfy allocation request" timestamp="2019-08-08T09:22:12.193" />
<gc-end id="1863" type="global" contextid="1837" durationms="64.246" usertimems="106.337" systemtimems="0.000" timestamp="2019-08-08T09:22:12.193" activeThreads="16">
  <mem-info id="1864" free="13632728" total="28704768" percent="47">
    <mem type="nursery" free="11983504" total="19398656" percent="61">
      <mem type="allocate" free="11983504" total="13369344" percent="89" />
      <mem type="survivor" free="0" total="6029312" percent="0" />
    </mem>
    <mem type="tenure" free="1649224" total="9306112" percent="17">
      <mem type="soa" free="1557064" total="9213952" percent="16" />
      <mem type="loa" free="92160" total="92160" percent="100" />
    </mem>
    <pending-finalizers system="0" default="0" reference="5" classloader="0" />
    <remembered-set count="219" />
  </mem-info>
</gc-end>
<cycle-end id="1865" type="global" contextid="1837" timestamp="2019-08-08T09:22:12.193" />
  <attribute name="elasticGC enabled" value="1" />
  <attribute name= "numThreadsSpecified" value="16" />
  <attribute name="heapSize specified" value="28573696" />
  <attribute name="Current GC Util" value="96" />
  <attribute name= "Current Time Running" value="123346" />
  <attribute name ="GC Interval" value="2649" />
  <attribute name="Target GC Util Change" value ="80.000000" />
  <attribute name="Current GC Util Change" value="96.000000"/>
  <attribute name="Current Error" value="43.000000" />
  <attribute name="Output H" value="28649432"/>
  <attribute name="Output I" value="2088"/>
  <attribute name="Output T" value="16"/>
  <attribute name= "Current Time Running" value="123346" />
  <attribute name="GC Util currently" value="96" />
  <attribute name="CPU Util currently" value="30177883205" />
<concurrent-collection-end id="1866" timestamp="2019-08-08T09:22:12.193" />
<exclusive-end id="1867" timestamp="2019-08-08T09:22:12.193" durationms="64.462" />

<exclusive-start id="1868" timestamp="2019-08-08T09:22:12.306" intervalms="177.314">
  <response-info timems="0.107" idlems="0.107" threads="0" lastid="0000000000AEAF00" lastname="main" />
</exclusive-start>
<af-start id="1869" threadId="0000000000AEB888" totalBytesRequested="664" timestamp="2019-08-08T09:22:12.306" intervalms="189.941" type="nursery" />
<cycle-start id="1870" type="scavenge" contextid="0" timestamp="2019-08-08T09:22:12.306" intervalms="189.947" />
<gc-start id="1871" type="scavenge" contextid="1870" timestamp="2019-08-08T09:22:12.306">
  <mem-info id="1872" free="1649224" total="28704768" percent="5">
    <mem type="nursery" free="0" total="19398656" percent="0">
      <mem type="allocate" free="0" total="13369344" percent="0" />
      <mem type="survivor" free="0" total="6029312" percent="0" />
    </mem>
    <mem type="tenure" free="1649224" total="9306112" percent="17">
      <mem type="soa" free="1557064" total="9213952" percent="16" />
      <mem type="loa" free="92160" total="92160" percent="100" />
    </mem>
    <remembered-set count="227" />
  </mem-info>
</gc-start>
<allocation-stats totalBytes="11965832" >
  <allocated-bytes non-tlh="0" tlh="11965832" />
  <largest-consumer threadName="main" threadId="0000000000AEAF00" bytes="11961736" />
</allocation-stats>
<gc-op id="1873" type="scavenge" timems="10.205" contextid="1870" timestamp="2019-08-08T09:22:12.316">
  <scavenger-info tenureage="7" tenuremask="4380" tiltratio="68" />
  <memory-copied type="nursery" objects="77270" bytes="1986640" bytesdiscarded="33792" />
  <memory-copied type="tenure" objects="804" bytes="27616" bytesdiscarded="0" />
  <finalization candidates="1" enqueued="0" />
  <ownableSynchronizers candidates="42" cleared="42" />
  <references type="soft" candidates="147" cleared="0" enqueued="0" dynamicThreshold="5" maxThreshold="32" />
  <references type="weak" candidates="99" cleared="0" enqueued="0" />
  <references type="phantom" candidates="2" cleared="0" enqueued="0" />
</gc-op>
<gc-end id="1874" type="scavenge" contextid="1870" durationms="10.501" usertimems="24.001" systemtimems="0.000" timestamp="2019-08-08T09:22:12.316" activeThreads="16">
  <mem-info id="1875" free="13516344" total="28704768" percent="47">
    <mem type="nursery" free="11938544" total="19398656" percent="61">
      <mem type="allocate" free="11938544" total="13959168" percent="85" />
      <mem type="survivor" free="0" total="5439488" percent="0" />
    </mem>
    <mem type="tenure" free="1577800" total="9306112" percent="16" macro-fragmented="418667">
      <mem type="soa" free="1485640" total="9213952" percent="16" />
      <mem type="loa" free="92160" total="92160" percent="100" />
    </mem>
    <remembered-set count="198" />
  </mem-info>
</gc-end>
<cycle-end id="1876" type="scavenge" contextid="1870" timestamp="2019-08-08T09:22:12.317" />
  <attribute name="elasticGC enabled" value="1" />
  <attribute name= "numThreadsSpecified" value="16" />
  <attribute name="heapSize specified" value="28573696" />
  <attribute name="Current GC Util" value="35" />
  <attribute name= "Current Time Running" value="123460" />
  <attribute name ="GC Interval" value="2089" />
  <attribute name="Target GC Util Change" value ="80.000000" />
  <attribute name="Current GC Util Change" value="35.000000"/>
  <attribute name="Current Error" value="45.000000" />
  <attribute name="Output H" value="28780504"/>
  <attribute name="Output I" value="2088"/>
  <attribute name="Output T" value="16"/>
  <attribute name= "Current Time Running" value="123460" />
  <attribute name="GC Util currently" value="35" />
  <attribute name="CPU Util currently" value="10102922994" />
<allocation-satisfied id="1877" threadId="0000000000AEAF00" bytesRequested="664" />
<af-end id="1878" timestamp="2019-08-08T09:22:12.317" threadId="0000000000AEB888" success="true" from="nursery"/>
<exclusive-end id="1879" timestamp="2019-08-08T09:22:12.317" durationms="10.810" />

<exclusive-start id="1880" timestamp="2019-08-08T09:22:12.378" intervalms="72.088">
  <response-info timems="0.102" idlems="0.102" threads="0" lastid="0000000000AEAF00" lastname="main" />
</exclusive-start>
<af-start id="1881" threadId="0000000000AEB888" totalBytesRequested="24" timestamp="2019-08-08T09:22:12.378" intervalms="72.069" type="nursery" />
<cycle-start id="1882" type="scavenge" contextid="0" timestamp="2019-08-08T09:22:12.378" intervalms="72.066" />
<gc-start id="1883" type="scavenge" contextid="1882" timestamp="2019-08-08T09:22:12.378">
  <mem-info id="1884" free="1577800" total="28704768" percent="5">
    <mem type="nursery" free="0" total="19398656" percent="0">
      <mem type="allocate" free="0" total="13959168" percent="0" />
      <mem type="survivor" free="0" total="5439488" percent="0" />
    </mem>
    <mem type="tenure" free="1577800" total="9306112" percent="16">
      <mem type="soa" free="1485640" total="9213952" percent="16" />
      <mem type="loa" free="92160" total="92160" percent="100" />
    </mem>
    <remembered-set count="198" />
  </mem-info>
</gc-start>
<allocation-stats totalBytes="11925256" >
  <allocated-bytes non-tlh="664" tlh="11924592" />
  <largest-consumer threadName="main" threadId="0000000000AEAF00" bytes="11925256" />
</allocation-stats>
<gc-op id="1885" type="scavenge" timems="8.225" contextid="1882" timestamp="2019-08-08T09:22:12.386">
  <scavenger-info tenureage="3" tenuremask="4008" tiltratio="71" />
  <memory-copied type="nursery" objects="76148" bytes="1961096" bytesdiscarded="108744" />
  <memory-copied type="tenure" objects="24735" bytes="618200" bytesdiscarded="88" />
  <finalization candidates="1" enqueued="0" />
  <references type="soft" candidates="147" cleared="0" enqueued="0" dynamicThreshold="5" maxThreshold="32" />
  <references type="weak" candidates="88" cleared="0" enqueued="0" />
  <references type="phantom" candidates="1" cleared="0" enqueued="0" />
</gc-op>
<heap-resize id="1886" type="expand" space="nursery" amount="1310720" count="1" timems="0.027" reason="excessive time being spent scavenging" timestamp="2019-08-08T09:22:12.386" />
<gc-end id="1887" type="scavenge" contextid="1882" durationms="8.503" usertimems="32.860" systemtimems="0.000" timestamp="2019-08-08T09:22:12.387" activeThreads="16">
  <mem-info id="1888" free="14267960" total="30015488" percent="47">
    <mem type="nursery" free="13462000" total="20709376" percent="65">
      <mem type="allocate" free="13462000" total="15532032" percent="86" />
      <mem type="survivor" free="0" total="5177344" percent="0" />
    </mem>
    <mem type="tenure" free="805960" total="9306112" percent="8" macro-fragmented="418667">
      <mem type="soa" free="713800" total="9213952" percent="7" />
      <mem type="loa" free="92160" total="92160" percent="100" />
    </mem>
    <remembered-set count="339" />
  </mem-info>
</gc-end>
<cycle-end id="1889" type="scavenge" contextid="1882" timestamp="2019-08-08T09:22:12.387" />
  <attribute name="elasticGC enabled" value="1" />
  <attribute name= "numThreadsSpecified" value="16" />
  <attribute name="heapSize specified" value="28573696" />
  <attribute name="Current GC Util" value="27" />
  <attribute name= "Current Time Running" value="123532" />
  <attribute name ="GC Interval" value="2185" />
  <attribute name="Target GC Util Change" value ="80.000000" />
  <attribute name="Current GC Util Change" value="27.000000"/>
  <attribute name="Current Error" value="98.000000" />
  <attribute name="Output H" value="28780568"/>
  <attribute name="Output I" value="2184"/>
  <attribute name="Output T" value="16"/>
  <attribute name= "Current Time Running" value="123532" />
  <attribute name="GC Util currently" value="27" />
  <attribute name="CPU Util currently" value="16028244869" />
<allocation-satisfied id="1890" threadId="0000000000AEAF00" bytesRequested="24" />
<af-end id="1891" timestamp="2019-08-08T09:22:12.387" threadId="0000000000AEB888" success="true" from="nursery"/>
<exclusive-end id="1892" timestamp="2019-08-08T09:22:12.387" durationms="8.839" />

<concurrent-kickoff id="1893" timestamp="2019-08-08T09:22:12.489">
  <kickoff reason="threshold reached" targetBytes="4289635" thresholdFreeBytes="595762"  remainingFree="485872" tenureFreeBytes="805960" nurseryFreeBytes="485872" />
</concurrent-kickoff>
<exclusive-start id="1894" timestamp="2019-08-08T09:22:12.489" intervalms="111.617">
  <response-info timems="0.275" idlems="0.275" threads="0" lastid="0000000000AEAF00" lastname="main" />
</exclusive-start>
<cycle-start id="1895" type="global" contextid="0" timestamp="2019-08-08T09:22:12.489" intervalms="385.809" />
<exclusive-end id="1896" timestamp="2019-08-08T09:22:12.489" durationms="0.037" />

<exclusive-start id="1897" timestamp="2019-08-08T09:22:12.508" intervalms="18.829">
  <response-info timems="0.151" idlems="0.151" threads="0" lastid="0000000000AEAF00" lastname="main" />
</exclusive-start>
<af-start id="1898" threadId="0000000000AEB888" totalBytesRequested="32" timestamp="2019-08-08T09:22:12.508" intervalms="130.420" type="nursery" />
<cycle-start id="1899" type="scavenge" contextid="0" timestamp="2019-08-08T09:22:12.508" intervalms="130.417" />
<gc-start id="1900" type="scavenge" contextid="1899" timestamp="2019-08-08T09:22:12.508">
  <mem-info id="1901" free="805960" total="30015488" percent="2">
    <mem type="nursery" free="0" total="20709376" percent="0">
      <mem type="allocate" free="0" total="15532032" percent="0" />
      <mem type="survivor" free="0" total="5177344" percent="0" />
    </mem>
    <mem type="tenure" free="805960" total="9306112" percent="8">
      <mem type="soa" free="713800" total="9213952" percent="7" />
      <mem type="loa" free="92160" total="92160" percent="100" />
    </mem>
    <remembered-set count="386" />
  </mem-info>
</gc-start>
<allocation-stats totalBytes="13448416" >
  <allocated-bytes non-tlh="24" tlh="13448392" />
  <largest-consumer threadName="main" threadId="0000000000AEAF00" bytes="13448416" />
</allocation-stats>
<gc-op id="1902" type="scavenge" timems="7.837" contextid="1899" timestamp="2019-08-08T09:22:12.516">
  <scavenger-info tenureage="2" tenuremask="4104" tiltratio="75" />
  <memory-copied type="nursery" objects="77592" bytes="1965704" bytesdiscarded="182744" />
  <memory-copied type="tenure" objects="26025" bytes="665072" bytesdiscarded="152" />
  <finalization candidates="1" enqueued="0" />
  <references type="soft" candidates="146" cleared="0" enqueued="0" dynamicThreshold="5" maxThreshold="32" />
  <references type="weak" candidates="72" cleared="0" enqueued="0" />
  <references type="phantom" candidates="1" cleared="0" enqueued="0" />
  <heap-resize type="expand" space="tenure" amount="65536" count="1" timems="0.021" reason="continue current collection" />
</gc-op>
<gc-end id="1903" type="scavenge" contextid="1899" durationms="8.101" usertimems="27.098" systemtimems="0.000" timestamp="2019-08-08T09:22:12.517" activeThreads="16">
  <mem-info id="1904" free="14296056" total="30081024" percent="47">
    <mem type="nursery" free="14169848" total="20709376" percent="68">
      <mem type="allocate" free="14169848" total="16318464" percent="86" />
      <mem type="survivor" free="0" total="4390912" percent="0" />
    </mem>
    <mem type="tenure" free="126208" total="9371648" percent="1" macro-fragmented="81140">
      <mem type="soa" free="33024" total="9278464" percent="0" />
      <mem type="loa" free="93184" total="93184" percent="100" />
    </mem>
    <remembered-set count="532" />
  </mem-info>
</gc-end>
<cycle-end id="1905" type="scavenge" contextid="1899" timestamp="2019-08-08T09:22:12.517" />
  <attribute name="elasticGC enabled" value="1" />
  <attribute name= "numThreadsSpecified" value="16" />
  <attribute name="heapSize specified" value="28573696" />
  <attribute name="Current GC Util" value="18" />
  <attribute name= "Current Time Running" value="123662" />
  <attribute name ="GC Interval" value="2297" />
  <attribute name="Target GC Util Change" value ="80.000000" />
  <attribute name="Current GC Util Change" value="18.000000"/>
  <attribute name="Current Error" value="160.000000" />
  <attribute name="Output H" value="30091352"/>
  <attribute name="Output I" value="2296"/>
  <attribute name="Output T" value="16"/>
  <attribute name= "Current Time Running" value="123662" />
  <attribute name="GC Util currently" value="18" />
  <attribute name="CPU Util currently" value="8845119838" />
<allocation-satisfied id="1906" threadId="0000000000AEAF00" bytesRequested="32" />
<af-end id="1907" timestamp="2019-08-08T09:22:12.517" threadId="0000000000AEB888" success="true" from="nursery"/>
<exclusive-end id="1908" timestamp="2019-08-08T09:22:12.517" durationms="8.549" />

<exclusive-start id="1909" timestamp="2019-08-08T09:22:12.528" intervalms="19.787">
  <response-info timems="6.494" idlems="3.272" threads="1" lastid="0000000000AF6300" lastname="JIT Compilation Thread-2" />
</exclusive-start>
<concurrent-collection-start id="1910" timestamp="2019-08-08T09:22:12.528" intervalms="399.652" >
  <concurrent-trace-info reason="card cleaning threshold reached" tracedByMutators="1252988" tracedByHelpers="1816716" cardsCleaned="4" workStackOverflowCount="0" />
</concurrent-collection-start>
<gc-start id="1911" type="global" contextid="1895" timestamp="2019-08-08T09:22:12.528">
  <mem-info id="1912" free="14087128" total="30081024" percent="46">
    <mem type="nursery" free="13960920" total="20709376" percent="67">
      <mem type="allocate" free="13960920" total="16318464" percent="85" />
      <mem type="survivor" free="0" total="4390912" percent="0" />
    </mem>
    <mem type="tenure" free="126208" total="9371648" percent="1">
      <mem type="soa" free="33024" total="9278464" percent="0" />
      <mem type="loa" free="93184" total="93184" percent="100" />
    </mem>
    <remembered-set count="533" />
  </mem-info>
</gc-start>
<allocation-stats totalBytes="208720" >
  <allocated-bytes non-tlh="32" tlh="208688" />
  <largest-consumer threadName="main" threadId="0000000000AEAF00" bytes="208720" />
</allocation-stats>
<gc-op id="1913" type="rs-scan" timems="1.148" contextid="1895" timestamp="2019-08-08T09:22:12.530">
  <scan objectsFound="145" bytesTraced="16524" workStackOverflowCount="0" />
</gc-op>
<gc-op id="1914" type="card-cleaning" timems="2.485" contextid="1895" timestamp="2019-08-08T09:22:12.532">
  <card-cleaning cardsCleaned="9" bytesTraced="2746256" workStackOverflowCount="0" />
</gc-op>
<gc-op id="1915" type="mark" timems="3.775" contextid="1895" timestamp="2019-08-08T09:22:12.536">
  <trace-info objectcount="382" scancount="373" scanbytes="10708" />
  <finalization candidates="81" enqueued="0" />
  <ownableSynchronizers candidates="21" cleared="0" />
  <references type="soft" candidates="2708" cleared="0" enqueued="0" dynamicThreshold="5" maxThreshold="32" />
  <references type="weak" candidates="5412" cleared="0" enqueued="0" />
  <references type="phantom" candidates="77" cleared="0" enqueued="0" />
  <stringconstants candidates="13320" cleared="0"  />
</gc-op>
<gc-op id="1916" type="sweep" timems="3.976" contextid="1895" timestamp="2019-08-08T09:22:12.540" />
<mem-info id="1917" free="14738960" total="30081024" percent="48">
  <mem type="nursery" free="14335496" total="20709376" percent="69">
    <mem type="allocate" free="14335496" total="16318464" percent="87" />
    <mem type="survivor" free="0" total="4390912" percent="0" />
  </mem>
  <mem type="tenure" free="403464" total="9371648" percent="4" micro-fragmented="1296" macro-fragmented="0">
    <mem type="soa" free="310280" total="9278464" percent="3" />
    <mem type="loa" free="93184" total="93184" percent="100" />
  </mem>
  <remembered-set count="533" />
</mem-info>
<gc-op id="1918" type="compact" timems="49.318" contextid="1895" timestamp="2019-08-08T09:22:12.590">
  <compact-info movecount="206120" movebytes="8720384" reason="compact to aid heap contraction" />
</gc-op>
<heap-resize id="1919" type="expand" space="tenure" amount="131072" count="1" timems="0.023" reason="satisfy allocation request" timestamp="2019-08-08T09:22:12.590" />
<gc-end id="1920" type="global" contextid="1895" durationms="61.757" usertimems="115.315" systemtimems="0.000" timestamp="2019-08-08T09:22:12.590" activeThreads="16">
  <mem-info id="1921" free="14879272" total="30212096" percent="49">
    <mem type="nursery" free="14344376" total="20709376" percent="69">
      <mem type="allocate" free="14344376" total="16318464" percent="87" />
      <mem type="survivor" free="0" total="4390912" percent="0" />
    </mem>
    <mem type="tenure" free="534896" total="9502720" percent="5">
      <mem type="soa" free="440688" total="9408512" percent="4" />
      <mem type="loa" free="94208" total="94208" percent="100" />
    </mem>
    <remembered-set count="533" />
  </mem-info>
</gc-end>
<cycle-end id="1922" type="global" contextid="1895" timestamp="2019-08-08T09:22:12.590" />
  <attribute name="elasticGC enabled" value="1" />
  <attribute name= "numThreadsSpecified" value="16" />
  <attribute name="heapSize specified" value="30081024" />
  <attribute name="Current GC Util" value="76" />
  <attribute name= "Current Time Running" value="123743" />
  <attribute name ="GC Interval" value="2297" />
  <attribute name="Target GC Util Change" value ="80.000000" />
  <attribute name="Current GC Util Change" value="76.000000"/>
  <attribute name="Current Error" value="-519.000000" />
  <attribute name="Output H" value="30156112"/>
  <attribute name="Output I" value="1088"/>
  <attribute name="Output T" value="16"/>
  <attribute name= "Current Time Running" value="123743" />
  <attribute name="GC Util currently" value="76" />
  <attribute name="CPU Util currently" value="23358555516" />
<concurrent-collection-end id="1923" timestamp="2019-08-08T09:22:12.590" />
<exclusive-end id="1924" timestamp="2019-08-08T09:22:12.590" durationms="62.234" />

<concurrent-kickoff id="1925" timestamp="2019-08-08T09:22:12.655">
  <kickoff reason="threshold reached" targetBytes="4211667" thresholdFreeBytes="584644"  remainingFree="569528" tenureFreeBytes="534896" nurseryFreeBytes="569528" />
</concurrent-kickoff>
<exclusive-start id="1926" timestamp="2019-08-08T09:22:12.655" intervalms="126.534">
  <response-info timems="0.025" idlems="0.025" threads="0" lastid="0000000000AEAF00" lastname="main" />
</exclusive-start>
<cycle-start id="1927" type="global" contextid="0" timestamp="2019-08-08T09:22:12.655" intervalms="165.135" />
<exclusive-end id="1928" timestamp="2019-08-08T09:22:12.655" durationms="0.018" />

<exclusive-start id="1929" timestamp="2019-08-08T09:22:12.662" intervalms="7.718">
  <response-info timems="0.041" idlems="0.041" threads="0" lastid="0000000000AEAF00" lastname="main" />
</exclusive-start>
<af-start id="1930" threadId="0000000000AEB888" totalBytesRequested="32" timestamp="2019-08-08T09:22:12.662" intervalms="154.042" type="nursery" />
<cycle-start id="1931" type="scavenge" contextid="0" timestamp="2019-08-08T09:22:12.662" intervalms="154.039" />
<gc-start id="1932" type="scavenge" contextid="1931" timestamp="2019-08-08T09:22:12.662">
  <mem-info id="1933" free="534896" total="30212096" percent="1">
    <mem type="nursery" free="0" total="20709376" percent="0">
      <mem type="allocate" free="0" total="16318464" percent="0" />
      <mem type="survivor" free="0" total="4390912" percent="0" />
    </mem>
    <mem type="tenure" free="534896" total="9502720" percent="5">
      <mem type="soa" free="440688" total="9408512" percent="4" />
      <mem type="loa" free="94208" total="94208" percent="100" />
    </mem>
    <remembered-set count="952" />
  </mem-info>
</gc-start>
<allocation-stats totalBytes="14329368" >
  <allocated-bytes non-tlh="0" tlh="14329368" />
  <largest-consumer threadName="main" threadId="0000000000AEAF00" bytes="14329368" />
</allocation-stats>
<gc-op id="1934" type="scavenge" timems="7.321" contextid="1931" timestamp="2019-08-08T09:22:12.670">
  <scavenger-info tenureage="2" tenuremask="4054" tiltratio="78" />
  <memory-copied type="nursery" objects="58758" bytes="1588680" bytesdiscarded="227376" />
  <memory-copied type="tenure" objects="49371" bytes="1242248" bytesdiscarded="648" />
  <finalization candidates="1" enqueued="0" />
  <ownableSynchronizers candidates="42" cleared="42" />
  <references type="soft" candidates="1" cleared="1" enqueued="1" dynamicThreshold="1" maxThreshold="32" />
  <references type="weak" candidates="8" cleared="0" enqueued="0" />
  <heap-resize type="expand" space="tenure" amount="1048576" count="16" timems="1.965" reason="continue current collection" />
</gc-op>
<gc-end id="1935" type="scavenge" contextid="1931" durationms="7.659" usertimems="23.984" systemtimems="0.000" timestamp="2019-08-08T09:22:12.670" activeThreads="16">
  <mem-info id="1936" free="15033328" total="31260672" percent="48">
    <mem type="nursery" free="14895600" total="20709376" percent="71">
      <mem type="allocate" free="14895600" total="16711680" percent="89" />
      <mem type="survivor" free="0" total="3997696" percent="0" />
    </mem>
    <mem type="tenure" free="137728" total="10551296" percent="1" macro-fragmented="0">
      <mem type="soa" free="32256" total="10445824" percent="0" />
      <mem type="loa" free="105472" total="105472" percent="100" />
    </mem>
    <pending-finalizers system="0" default="0" reference="1" classloader="0" />
    <remembered-set count="972" />
  </mem-info>
</gc-end>
<cycle-end id="1937" type="scavenge" contextid="1931" timestamp="2019-08-08T09:22:12.670" />
  <attribute name="elasticGC enabled" value="1" />
  <attribute name= "numThreadsSpecified" value="16" />
  <attribute name="heapSize specified" value="30081024" />
  <attribute name="Current GC Util" value="69" />
  <attribute name= "Current Time Running" value="123816" />
  <attribute name ="GC Interval" value="1105" />
  <attribute name="Target GC Util Change" value ="80.000000" />
  <attribute name="Current GC Util Change" value="69.000000"/>
  <attribute name="Current Error" value="-508.000000" />
  <attribute name="Output H" value="30287192"/>
  <attribute name="Output I" value="1104"/>
  <attribute name="Output T" value="16"/>
  <attribute name= "Current Time Running" value="123816" />
  <attribute name="GC Util currently" value="69" />
  <attribute name="CPU Util currently" value="15809945721" />
<allocation-satisfied id="1938" threadId="0000000000AEAF00" bytesRequested="32" />
<af-end id="1939" timestamp="2019-08-08T09:22:12.670" threadId="0000000000AEB888" success="true" from="nursery"/>
<exclusive-end id="1940" timestamp="2019-08-08T09:22:12.670" durationms="7.930" />

<exclusive-start id="1941" timestamp="2019-08-08T09:22:12.670" intervalms="7.992">
  <response-info timems="0.011" idlems="0.011" threads="0" lastid="0000000000AEAF00" lastname="main" />
</exclusive-start>
<concurrent-collection-start id="1942" timestamp="2019-08-08T09:22:12.670" intervalms="142.186" >
  <concurrent-trace-info reason="card cleaning threshold reached" tracedByMutators="992428" tracedByHelpers="1936564" cardsCleaned="6" workStackOverflowCount="0" />
</concurrent-collection-start>
<gc-start id="1943" type="global" contextid="1927" timestamp="2019-08-08T09:22:12.670">
  <mem-info id="1944" free="14967760" total="31260672" percent="47">
    <mem type="nursery" free="14830032" total="20709376" percent="71">
      <mem type="allocate" free="14830032" total="16711680" percent="88" />
      <mem type="survivor" free="0" total="3997696" percent="0" />
    </mem>
    <mem type="tenure" free="137728" total="10551296" percent="1">
      <mem type="soa" free="32256" total="10445824" percent="0" />
      <mem type="loa" free="105472" total="105472" percent="100" />
    </mem>
    <pending-finalizers system="0" default="0" reference="1" classloader="0" />
    <remembered-set count="972" />
  </mem-info>
</gc-start>
<allocation-stats totalBytes="65568" >
  <allocated-bytes non-tlh="32" tlh="65536" />
  <largest-consumer threadName="main" threadId="0000000000AEAF00" bytes="65568" />
</allocation-stats>
<gc-op id="1945" type="rs-scan" timems="1.316" contextid="1927" timestamp="2019-08-08T09:22:12.672">
  <scan objectsFound="100" bytesTraced="10956" workStackOverflowCount="0" />
</gc-op>
<gc-op id="1946" type="card-cleaning" timems="4.029" contextid="1927" timestamp="2019-08-08T09:22:12.676">
  <card-cleaning cardsCleaned="39" bytesTraced="3361236" workStackOverflowCount="0" />
</gc-op>
<gc-op id="1947" type="mark" timems="9.991" contextid="1927" timestamp="2019-08-08T09:22:12.686">
  <trace-info objectcount="350" scancount="337" scanbytes="9440" />
  <finalization candidates="81" enqueued="0" />
  <ownableSynchronizers candidates="21" cleared="0" />
  <references type="soft" candidates="2707" cleared="878" enqueued="861" dynamicThreshold="1" maxThreshold="32" />
  <references type="weak" candidates="5412" cleared="0" enqueued="0" />
  <references type="phantom" candidates="77" cleared="0" enqueued="0" />
  <stringconstants candidates="13320" cleared="5"  />
</gc-op>
<gc-op id="1948" type="sweep" timems="6.863" contextid="1927" timestamp="2019-08-08T09:22:12.693" />
<mem-info id="1949" free="15611504" total="31260672" percent="49">
  <mem type="nursery" free="15122704" total="20709376" percent="73">
    <mem type="allocate" free="15122704" total="16711680" percent="90" />
    <mem type="survivor" free="0" total="3997696" percent="0" />
  </mem>
  <mem type="tenure" free="488800" total="10551296" percent="4" micro-fragmented="70445" macro-fragmented="0">
    <mem type="soa" free="383328" total="10445824" percent="3" />
    <mem type="loa" free="105472" total="105472" percent="100" />
  </mem>
  <pending-finalizers system="0" default="0" reference="862" classloader="0" />
  <remembered-set count="519" />
</mem-info>
<gc-op id="1950" type="compact" timems="65.948" contextid="1927" timestamp="2019-08-08T09:22:12.759">
  <compact-info movecount="248858" movebytes="10728400" reason="compact to aid heap contraction" />
</gc-op>
<heap-resize id="1951" type="expand" space="tenure" amount="131072" count="1" timems="0.023" reason="satisfy allocation request" timestamp="2019-08-08T09:22:12.760" />
<gc-end id="1952" type="global" contextid="1927" durationms="89.335" usertimems="136.655" systemtimems="0.000" timestamp="2019-08-08T09:22:12.760" activeThreads="16">
  <mem-info id="1953" free="15820440" total="31391744" percent="50">
    <mem type="nursery" free="15123608" total="20709376" percent="73">
      <mem type="allocate" free="15123608" total="16711680" percent="90" />
      <mem type="survivor" free="0" total="3997696" percent="0" />
    </mem>
    <mem type="tenure" free="696832" total="10682368" percent="6">
      <mem type="soa" free="590336" total="10575872" percent="5" />
      <mem type="loa" free="106496" total="106496" percent="100" />
    </mem>
    <pending-finalizers system="0" default="0" reference="862" classloader="0" />
    <remembered-set count="519" />
  </mem-info>
</gc-end>
<cycle-end id="1954" type="global" contextid="1927" timestamp="2019-08-08T09:22:12.760" />
  <attribute name="elasticGC enabled" value="1" />
  <attribute name= "numThreadsSpecified" value="16" />
  <attribute name="heapSize specified" value="31260672" />
  <attribute name="Current GC Util" value="61" />
  <attribute name= "Current Time Running" value="123913" />
  <attribute name ="GC Interval" value="1105" />
  <attribute name="Target GC Util Change" value ="80.000000" />
  <attribute name="Current GC Util Change" value="61.000000"/>
  <attribute name="Current Error" value="-129.000000" />
  <attribute name="Output H" value="31336208"/>
  <attribute name="Output I" value="1784"/>
  <attribute name="Output T" value="16"/>
  <attribute name= "Current Time Running" value="123913" />
  <attribute name="GC Util currently" value="61" />
  <attribute name="CPU Util currently" value="17469232163" />
<concurrent-collection-end id="1955" timestamp="2019-08-08T09:22:12.760" />
<exclusive-end id="1956" timestamp="2019-08-08T09:22:12.760" durationms="89.561" />

<concurrent-kickoff id="1957" timestamp="2019-08-08T09:22:12.802">
  <kickoff reason="threshold reached" targetBytes="4450736" thresholdFreeBytes="618300"  remainingFree="521368" tenureFreeBytes="696832" nurseryFreeBytes="521368" />
</concurrent-kickoff>
<exclusive-start id="1958" timestamp="2019-08-08T09:22:12.802" intervalms="131.836">
  <response-info timems="0.064" idlems="0.064" threads="0" lastid="0000000000AEAF00" lastname="main" />
</exclusive-start>
<cycle-start id="1959" type="global" contextid="0" timestamp="2019-08-08T09:22:12.802" intervalms="147.546" />
<exclusive-end id="1960" timestamp="2019-08-08T09:22:12.802" durationms="0.018" />

<exclusive-start id="1961" timestamp="2019-08-08T09:22:12.809" intervalms="7.072">
  <response-info timems="0.025" idlems="0.025" threads="0" lastid="0000000000AEAF00" lastname="main" />
</exclusive-start>
<af-start id="1962" threadId="0000000000AEB888" totalBytesRequested="16" timestamp="2019-08-08T09:22:12.809" intervalms="146.922" type="nursery" />
<cycle-start id="1963" type="scavenge" contextid="0" timestamp="2019-08-08T09:22:12.809" intervalms="146.929" />
<gc-start id="1964" type="scavenge" contextid="1963" timestamp="2019-08-08T09:22:12.809">
  <mem-info id="1965" free="696832" total="31391744" percent="2">
    <mem type="nursery" free="0" total="20709376" percent="0">
      <mem type="allocate" free="0" total="16711680" percent="0" />
      <mem type="survivor" free="0" total="3997696" percent="0" />
    </mem>
    <mem type="tenure" free="696832" total="10682368" percent="6">
      <mem type="soa" free="590336" total="10575872" percent="5" />
      <mem type="loa" free="106496" total="106496" percent="100" />
    </mem>
    <remembered-set count="1804" />
  </mem-info>
</gc-start>
<allocation-stats totalBytes="15109048" >
  <allocated-bytes non-tlh="0" tlh="15109048" />
  <largest-consumer threadName="main" threadId="0000000000AEAF00" bytes="15104952" />
</allocation-stats>
<gc-op id="1966" type="scavenge" timems="11.412" contextid="1963" timestamp="2019-08-08T09:22:12.821">
  <scavenger-info tenureage="2" tenuremask="4004" tiltratio="80" />
  <memory-copied type="nursery" objects="63537" bytes="1708536" bytesdiscarded="205824" />
  <memory-copied type="tenure" objects="27403" bytes="668912" bytesdiscarded="128" />
  <ownableSynchronizers candidates="42" cleared="42" />
  <references type="weak" candidates="8" cleared="0" enqueued="0" />
  <heap-resize type="expand" space="tenure" amount="327680" count="5" timems="0.080" reason="continue current collection" />
</gc-op>
<heap-resize id="1967" type="expand" space="nursery" amount="917504" count="1" timems="0.022" reason="excessive time being spent scavenging" timestamp="2019-08-08T09:22:12.821" />
<gc-end id="1968" type="scavenge" contextid="1963" durationms="11.779" usertimems="66.380" systemtimems="0.000" timestamp="2019-08-08T09:22:12.821" activeThreads="16">
  <mem-info id="1969" free="16020976" total="32636928" percent="49">
    <mem type="nursery" free="15911408" total="21626880" percent="73">
      <mem type="allocate" free="15911408" total="17825792" percent="89" />
      <mem type="survivor" free="0" total="3801088" percent="0" />
    </mem>
    <mem type="tenure" free="109568" total="11010048" percent="0" macro-fragmented="0">
      <mem type="soa" free="0" total="10900480" percent="0" />
      <mem type="loa" free="109568" total="109568" percent="100" />
    </mem>
    <remembered-set count="1523" />
  </mem-info>
</gc-end>
<cycle-end id="1970" type="scavenge" contextid="1963" timestamp="2019-08-08T09:22:12.821" />
  <attribute name="elasticGC enabled" value="1" />
  <attribute name= "numThreadsSpecified" value="16" />
  <attribute name="heapSize specified" value="31260672" />
  <attribute name="Current GC Util" value="138" />
  <attribute name= "Current Time Running" value="123963" />
  <attribute name ="GC Interval" value="1913" />
  <attribute name="Target GC Util Change" value ="80.000000" />
  <attribute name="Current GC Util Change" value="138.000000"/>
  <attribute name="Current Error" value="-58.000000" />
  <attribute name="Output H" value="31467360"/>
  <attribute name="Output I" value="1912"/>
  <attribute name="Output T" value="16"/>
  <attribute name= "Current Time Running" value="123963" />
  <attribute name="GC Util currently" value="138" />
  <attribute name="CPU Util currently" value="22811689474" />
<allocation-satisfied id="1971" threadId="0000000000AEAF00" bytesRequested="16" />
<af-end id="1972" timestamp="2019-08-08T09:22:12.821" threadId="0000000000AEB888" success="true" from="nursery"/>
<exclusive-end id="1973" timestamp="2019-08-08T09:22:12.821" durationms="12.217" />

<exclusive-start id="1974" timestamp="2019-08-08T09:22:12.822" intervalms="12.639">
  <response-info timems="0.011" idlems="0.011" threads="0" lastid="0000000000AEAF00" lastname="main" />
</exclusive-start>
<concurrent-collection-start id="1975" timestamp="2019-08-08T09:22:12.822" intervalms="151.561" >
  <concurrent-trace-info reason="card cleaning threshold reached" tracedByMutators="754164" tracedByHelpers="2159436" cardsCleaned="9" workStackOverflowCount="0" />
</concurrent-collection-start>
<gc-start id="1976" type="global" contextid="1959" timestamp="2019-08-08T09:22:12.822">
  <mem-info id="1977" free="15885792" total="32636928" percent="48">
    <mem type="nursery" free="15776224" total="21626880" percent="72">
      <mem type="allocate" free="15776224" total="17825792" percent="88" />
      <mem type="survivor" free="0" total="3801088" percent="0" />
    </mem>
    <mem type="tenure" free="109568" total="11010048" percent="0">
      <mem type="soa" free="0" total="10900480" percent="0" />
      <mem type="loa" free="109568" total="109568" percent="100" />
    </mem>
    <remembered-set count="1523" />
  </mem-info>
</gc-start>
<allocation-stats totalBytes="135184" >
  <allocated-bytes non-tlh="16" tlh="135168" />
  <largest-consumer threadName="main" threadId="0000000000AEAF00" bytes="135184" />
</allocation-stats>
<gc-op id="1978" type="rs-scan" timems="1.968" contextid="1959" timestamp="2019-08-08T09:22:12.824">
  <scan objectsFound="114" bytesTraced="11444" workStackOverflowCount="0" />
</gc-op>
<gc-op id="1979" type="card-cleaning" timems="6.309" contextid="1959" timestamp="2019-08-08T09:22:12.830">
  <card-cleaning cardsCleaned="144" bytesTraced="3970520" workStackOverflowCount="0" />
</gc-op>
<gc-op id="1980" type="mark" timems="6.645" contextid="1959" timestamp="2019-08-08T09:22:12.837">
  <trace-info objectcount="233" scancount="221" scanbytes="6048" />
  <finalization candidates="81" enqueued="0" />
  <ownableSynchronizers candidates="21" cleared="0" />
  <references type="soft" candidates="1829" cleared="0" enqueued="0" dynamicThreshold="2" maxThreshold="32" />
  <references type="weak" candidates="5412" cleared="0" enqueued="0" />
  <references type="phantom" candidates="77" cleared="0" enqueued="0" />
  <stringconstants candidates="13315" cleared="172"  />
</gc-op>
<gc-op id="1981" type="sweep" timems="2.548" contextid="1959" timestamp="2019-08-08T09:22:12.840" />
<mem-info id="1982" free="16485072" total="32636928" percent="50">
  <mem type="nursery" free="16108648" total="21626880" percent="74">
    <mem type="allocate" free="16108648" total="17825792" percent="90" />
    <mem type="survivor" free="0" total="3801088" percent="0" />
  </mem>
  <mem type="tenure" free="376424" total="11010048" percent="3" micro-fragmented="80126" macro-fragmented="0">
    <mem type="soa" free="266856" total="10900480" percent="2" />
    <mem type="loa" free="109568" total="109568" percent="100" />
  </mem>
  <remembered-set count="672" />
</mem-info>
<gc-op id="1983" type="compact" timems="69.793" contextid="1959" timestamp="2019-08-08T09:22:12.909">
  <compact-info movecount="277736" movebytes="11193776" reason="compact to aid heap contraction" />
</gc-op>
<heap-resize id="1984" type="expand" space="tenure" amount="131072" count="1" timems="0.021" reason="satisfy allocation request" timestamp="2019-08-08T09:22:12.910" />
<gc-end id="1985" type="global" contextid="1959" durationms="88.311" usertimems="142.735" systemtimems="0.000" timestamp="2019-08-08T09:22:12.910" activeThreads="16">
  <mem-info id="1986" free="16701624" total="32768000" percent="50">
    <mem type="nursery" free="16114072" total="21626880" percent="74">
      <mem type="allocate" free="16114072" total="17825792" percent="90" />
      <mem type="survivor" free="0" total="3801088" percent="0" />
    </mem>
    <mem type="tenure" free="587552" total="11141120" percent="5">
      <mem type="soa" free="476960" total="11030528" percent="4" />
      <mem type="loa" free="110592" total="110592" percent="100" />
    </mem>
    <remembered-set count="672" />
  </mem-info>
</gc-end>
<cycle-end id="1987" type="global" contextid="1959" timestamp="2019-08-08T09:22:12.910" />
  <attribute name="elasticGC enabled" value="1" />
  <attribute name= "numThreadsSpecified" value="16" />
  <attribute name="heapSize specified" value="32636928" />
  <attribute name="Current GC Util" value="53" />
  <attribute name= "Current Time Running" value="124063" />
  <attribute name ="GC Interval" value="1913" />
  <attribute name="Target GC Util Change" value ="80.000000" />
  <attribute name="Current GC Util Change" value="53.000000"/>
  <attribute name="Current Error" value="-48.000000" />
  <attribute name="Output H" value="32712560"/>
  <attribute name="Output I" value="1928"/>
  <attribute name="Output T" value="16"/>
  <attribute name= "Current Time Running" value="124063" />
  <attribute name="GC Util currently" value="53" />
  <attribute name="CPU Util currently" value="16508921143" />
<concurrent-collection-end id="1988" timestamp="2019-08-08T09:22:12.910" />
<exclusive-end id="1989" timestamp="2019-08-08T09:22:12.910" durationms="88.444" />

<concurrent-kickoff id="1990" timestamp="2019-08-08T09:22:12.947">
  <kickoff reason="threshold reached" targetBytes="4358878" thresholdFreeBytes="605485"  remainingFree="598424" tenureFreeBytes="587552" nurseryFreeBytes="598424" />
</concurrent-kickoff>
<exclusive-start id="1991" timestamp="2019-08-08T09:22:12.947" intervalms="125.626">
  <response-info timems="0.022" idlems="0.022" threads="0" lastid="0000000000AEAF00" lastname="main" />
</exclusive-start>
<cycle-start id="1992" type="global" contextid="0" timestamp="2019-08-08T09:22:12.948" intervalms="145.345" />
<exclusive-end id="1993" timestamp="2019-08-08T09:22:12.948" durationms="0.027" />

<exclusive-start id="1994" timestamp="2019-08-08T09:22:12.955" intervalms="7.549">
  <response-info timems="0.020" idlems="0.020" threads="0" lastid="0000000000AEAF00" lastname="main" />
</exclusive-start>
<af-start id="1995" threadId="0000000000AEB888" totalBytesRequested="16" timestamp="2019-08-08T09:22:12.955" intervalms="145.792" type="nursery" />
<cycle-start id="1996" type="scavenge" contextid="0" timestamp="2019-08-08T09:22:12.955" intervalms="145.789" />
<gc-start id="1997" type="scavenge" contextid="1996" timestamp="2019-08-08T09:22:12.955">
  <mem-info id="1998" free="587552" total="32768000" percent="1">
    <mem type="nursery" free="0" total="21626880" percent="0">
      <mem type="allocate" free="0" total="17825792" percent="0" />
      <mem type="survivor" free="0" total="3801088" percent="0" />
    </mem>
    <mem type="tenure" free="587552" total="11141120" percent="5">
      <mem type="soa" free="476960" total="11030528" percent="4" />
      <mem type="loa" free="110592" total="110592" percent="100" />
    </mem>
    <remembered-set count="899" />
  </mem-info>
</gc-start>
<allocation-stats totalBytes="16096856" >
  <allocated-bytes non-tlh="0" tlh="16096856" />
  <largest-consumer threadName="main" threadId="0000000000AEAF00" bytes="16096856" />
</allocation-stats>
<gc-op id="1999" type="scavenge" timems="10.000" contextid="1996" timestamp="2019-08-08T09:22:12.965">
  <scavenger-info tenureage="2" tenuremask="4004" tiltratio="82" />
  <memory-copied type="nursery" objects="65142" bytes="1601920" bytesdiscarded="401000" />
  <memory-copied type="tenure" objects="31062" bytes="910712" bytesdiscarded="736" />
  <ownableSynchronizers candidates="42" cleared="42" />
  <references type="weak" candidates="8" cleared="0" enqueued="0" />
  <heap-resize type="expand" space="tenure" amount="720896" count="11" timems="0.217" reason="continue current collection" />
</gc-op>
<gc-end id="2000" type="scavenge" contextid="1996" durationms="10.227" usertimems="38.145" systemtimems="0.000" timestamp="2019-08-08T09:22:12.965" activeThreads="16">
  <mem-info id="2001" free="16425728" total="33488896" percent="49">
    <mem type="nursery" free="16281600" total="21626880" percent="75">
      <mem type="allocate" free="16281600" total="18284544" percent="89" />
      <mem type="survivor" free="0" total="3342336" percent="0" />
    </mem>
    <mem type="tenure" free="144128" total="11862016" percent="1" macro-fragmented="81140">
      <mem type="soa" free="26368" total="11744256" percent="0" />
      <mem type="loa" free="117760" total="117760" percent="100" />
    </mem>
    <remembered-set count="892" />
  </mem-info>
</gc-end>
<cycle-end id="2002" type="scavenge" contextid="1996" timestamp="2019-08-08T09:22:12.965" />
  <attribute name="elasticGC enabled" value="1" />
  <attribute name= "numThreadsSpecified" value="16" />
  <attribute name="heapSize specified" value="32636928" />
  <attribute name="Current GC Util" value="162" />
  <attribute name= "Current Time Running" value="124109" />
  <attribute name ="GC Interval" value="1777" />
  <attribute name="Target GC Util Change" value ="80.000000" />
  <attribute name="Current GC Util Change" value="162.000000"/>
  <attribute name="Current Error" value="-130.000000" />
  <attribute name="Output H" value="32843536"/>
  <attribute name="Output I" value="1776"/>
  <attribute name="Output T" value="16"/>
  <attribute name= "Current Time Running" value="124109" />
  <attribute name="GC Util currently" value="162" />
  <attribute name="CPU Util currently" value="25231440695" />
<allocation-satisfied id="2003" threadId="0000000000AEAF00" bytesRequested="16" />
<af-end id="2004" timestamp="2019-08-08T09:22:12.966" threadId="0000000000AEB888" success="true" from="nursery"/>
<exclusive-end id="2005" timestamp="2019-08-08T09:22:12.966" durationms="10.508" />

<exclusive-start id="2006" timestamp="2019-08-08T09:22:12.966" intervalms="10.576">
  <response-info timems="0.018" idlems="0.018" threads="0" lastid="0000000000AEAF00" lastname="main" />
</exclusive-start>
<concurrent-collection-start id="2007" timestamp="2019-08-08T09:22:12.966" intervalms="143.740" >
  <concurrent-trace-info reason="card cleaning threshold reached" tracedByMutators="1623416" tracedByHelpers="1290328" cardsCleaned="10" workStackOverflowCount="0" />
</concurrent-collection-start>
<gc-start id="2008" type="global" contextid="1992" timestamp="2019-08-08T09:22:12.966">
  <mem-info id="2009" free="16360176" total="33488896" percent="48">
    <mem type="nursery" free="16216048" total="21626880" percent="74">
      <mem type="allocate" free="16216048" total="18284544" percent="88" />
      <mem type="survivor" free="0" total="3342336" percent="0" />
    </mem>
    <mem type="tenure" free="144128" total="11862016" percent="1">
      <mem type="soa" free="26368" total="11744256" percent="0" />
      <mem type="loa" free="117760" total="117760" percent="100" />
    </mem>
    <remembered-set count="892" />
  </mem-info>
</gc-start>
<allocation-stats totalBytes="65552" >
  <allocated-bytes non-tlh="16" tlh="65536" />
  <largest-consumer threadName="main" threadId="0000000000AEAF00" bytes="65552" />
</allocation-stats>
<gc-op id="2010" type="rs-scan" timems="3.187" contextid="1992" timestamp="2019-08-08T09:22:12.969">
  <scan objectsFound="116" bytesTraced="11452" workStackOverflowCount="0" />
</gc-op>
<gc-op id="2011" type="card-cleaning" timems="3.766" contextid="1992" timestamp="2019-08-08T09:22:12.973">
  <card-cleaning cardsCleaned="5" bytesTraced="4561704" workStackOverflowCount="0" />
</gc-op>
<gc-op id="2012" type="mark" timems="6.455" contextid="1992" timestamp="2019-08-08T09:22:12.979">
  <trace-info objectcount="197" scancount="187" scanbytes="5276" />
  <finalization candidates="81" enqueued="0" />
  <ownableSynchronizers candidates="21" cleared="0" />
  <references type="soft" candidates="1829" cleared="0" enqueued="0" dynamicThreshold="1" maxThreshold="32" />
  <references type="weak" candidates="5412" cleared="0" enqueued="0" />
  <references type="phantom" candidates="77" cleared="0" enqueued="0" />
  <stringconstants candidates="13143" cleared="0"  />
</gc-op>
<gc-op id="2013" type="sweep" timems="4.169" contextid="1992" timestamp="2019-08-08T09:22:12.984" />
<mem-info id="2014" free="17079200" total="33488896" percent="50">
  <mem type="nursery" free="16682200" total="21626880" percent="77">
    <mem type="allocate" free="16682200" total="18284544" percent="91" />
    <mem type="survivor" free="0" total="3342336" percent="0" />
  </mem>
  <mem type="tenure" free="397000" total="11862016" percent="3" micro-fragmented="0" macro-fragmented="0">
    <mem type="soa" free="279240" total="11744256" percent="2" />
    <mem type="loa" free="117760" total="117760" percent="100" />
  </mem>
  <remembered-set count="892" />
</mem-info>
<gc-op id="2015" type="compact" timems="24.075" contextid="1992" timestamp="2019-08-08T09:22:13.008">
  <compact-info movecount="95668" movebytes="2496560" reason="compact to aid heap contraction" />
</gc-op>
<heap-resize id="2016" type="expand" space="tenure" amount="131072" count="1" timems="0.020" reason="satisfy allocation request" timestamp="2019-08-08T09:22:13.009" />
<gc-end id="2017" type="global" contextid="1992" durationms="42.927" usertimems="88.106" systemtimems="0.000" timestamp="2019-08-08T09:22:13.009" activeThreads="16">
  <mem-info id="2018" free="17211360" total="33619968" percent="51">
    <mem type="nursery" free="16682552" total="21626880" percent="77">
      <mem type="allocate" free="16682552" total="18284544" percent="91" />
      <mem type="survivor" free="0" total="3342336" percent="0" />
    </mem>
    <mem type="tenure" free="528808" total="11993088" percent="4">
      <mem type="soa" free="409000" total="11873280" percent="3" />
      <mem type="loa" free="119808" total="119808" percent="100" />
    </mem>
    <remembered-set count="892" />
  </mem-info>
</gc-end>
<cycle-end id="2019" type="global" contextid="1992" timestamp="2019-08-08T09:22:13.009" />
  <attribute name="elasticGC enabled" value="1" />
  <attribute name= "numThreadsSpecified" value="16" />
  <attribute name="heapSize specified" value="33488896" />
  <attribute name="Current GC Util" value="107" />
  <attribute name= "Current Time Running" value="124162" />
  <attribute name ="GC Interval" value="1777" />
  <attribute name="Target GC Util Change" value ="80.000000" />
  <attribute name="Current GC Util Change" value="107.000000"/>
  <attribute name="Current Error" value="-353.000000" />
  <attribute name="Output H" value="33564176"/>
  <attribute name="Output I" value="1384"/>
  <attribute name="Output T" value="16"/>
  <attribute name= "Current Time Running" value="124162" />
  <attribute name="GC Util currently" value="107" />
  <attribute name="CPU Util currently" value="47826982169" />
<concurrent-collection-end id="2020" timestamp="2019-08-08T09:22:13.009" />
<exclusive-end id="2021" timestamp="2019-08-08T09:22:13.009" durationms="43.049" />

<concurrent-kickoff id="2022" timestamp="2019-08-08T09:22:13.041">
  <kickoff reason="threshold reached" targetBytes="4389179" thresholdFreeBytes="609449"  remainingFree="511544" tenureFreeBytes="528808" nurseryFreeBytes="511544" />
</concurrent-kickoff>
<exclusive-start id="2023" timestamp="2019-08-08T09:22:13.041" intervalms="75.776">
  <response-info timems="0.024" idlems="0.024" threads="0" lastid="0000000000AEAF00" lastname="main" />
</exclusive-start>
<cycle-start id="2024" type="global" contextid="0" timestamp="2019-08-08T09:22:13.041" intervalms="93.914" />
<exclusive-end id="2025" timestamp="2019-08-08T09:22:13.041" durationms="0.041" />

<exclusive-start id="2026" timestamp="2019-08-08T09:22:13.047" intervalms="5.128">
  <response-info timems="0.037" idlems="0.037" threads="0" lastid="0000000000AEAF00" lastname="main" />
</exclusive-start>
<af-start id="2027" threadId="0000000000AEB888" totalBytesRequested="16" timestamp="2019-08-08T09:22:13.047" intervalms="91.491" type="nursery" />
<cycle-start id="2028" type="scavenge" contextid="0" timestamp="2019-08-08T09:22:13.047" intervalms="91.489" />
<gc-start id="2029" type="scavenge" contextid="2028" timestamp="2019-08-08T09:22:13.047">
  <mem-info id="2030" free="528808" total="33619968" percent="1">
    <mem type="nursery" free="0" total="21626880" percent="0">
      <mem type="allocate" free="0" total="18284544" percent="0" />
      <mem type="survivor" free="0" total="3342336" percent="0" />
    </mem>
    <mem type="tenure" free="528808" total="11993088" percent="4">
      <mem type="soa" free="409000" total="11873280" percent="3" />
      <mem type="loa" free="119808" total="119808" percent="100" />
    </mem>
    <remembered-set count="1478" />
  </mem-info>
</gc-start>
<allocation-stats totalBytes="16665368" >
  <allocated-bytes non-tlh="0" tlh="16665368" />
  <largest-consumer threadName="main" threadId="0000000000AEAF00" bytes="16665368" />
</allocation-stats>
<gc-op id="2031" type="scavenge" timems="5.377" contextid="2028" timestamp="2019-08-08T09:22:13.052">
  <scavenger-info tenureage="2" tenuremask="4004" tiltratio="84" />
  <memory-copied type="nursery" objects="67424" bytes="1661880" bytesdiscarded="271920" />
  <memory-copied type="tenure" objects="32223" bytes="789040" bytesdiscarded="232" />
  <ownableSynchronizers candidates="42" cleared="42" />
  <references type="weak" candidates="8" cleared="0" enqueued="0" />
  <heap-resize type="expand" space="tenure" amount="655360" count="5" timems="1.407" reason="continue current collection" />
</gc-op>
<gc-end id="2032" type="scavenge" contextid="2028" durationms="5.777" usertimems="21.487" systemtimems="0.000" timestamp="2019-08-08T09:22:13.052" activeThreads="16">
  <mem-info id="2033" free="16836608" total="34275328" percent="49">
    <mem type="nursery" free="16612864" total="21626880" percent="76">
      <mem type="allocate" free="16612864" total="18546688" percent="89" />
      <mem type="survivor" free="0" total="3080192" percent="0" />
    </mem>
    <mem type="tenure" free="223744" total="12648448" percent="1" macro-fragmented="148757">
      <mem type="soa" free="97792" total="12522496" percent="0" />
      <mem type="loa" free="125952" total="125952" percent="100" />
    </mem>
    <remembered-set count="1295" />
  </mem-info>
</gc-end>
<cycle-end id="2034" type="scavenge" contextid="2028" timestamp="2019-08-08T09:22:13.053" />
  <attribute name="elasticGC enabled" value="1" />
  <attribute name= "numThreadsSpecified" value="16" />
  <attribute name="heapSize specified" value="33488896" />
  <attribute name="Current GC Util" value="87" />
  <attribute name= "Current Time Running" value="124201" />
  <attribute name ="GC Interval" value="1369" />
  <attribute name="Target GC Util Change" value ="80.000000" />
  <attribute name="Current GC Util Change" value="87.000000"/>
  <attribute name="Current Error" value="-360.000000" />
  <attribute name="Output H" value="33695240"/>
  <attribute name="Output I" value="1368"/>
  <attribute name="Output T" value="16"/>
  <attribute name= "Current Time Running" value="124201" />
  <attribute name="GC Util currently" value="87" />
  <attribute name="CPU Util currently" value="29631368350" />
<allocation-satisfied id="2035" threadId="0000000000AEAF00" bytesRequested="16" />
<af-end id="2036" timestamp="2019-08-08T09:22:13.053" threadId="0000000000AEB888" success="true" from="nursery"/>
<exclusive-end id="2037" timestamp="2019-08-08T09:22:13.053" durationms="6.315" />

<exclusive-start id="2038" timestamp="2019-08-08T09:22:13.059" intervalms="12.351">
  <response-info timems="0.027" idlems="0.027" threads="0" lastid="0000000000AEAF00" lastname="main" />
</exclusive-start>
<concurrent-collection-start id="2039" timestamp="2019-08-08T09:22:13.059" intervalms="93.291" >
  <concurrent-trace-info reason="card cleaning threshold reached" tracedByMutators="3283116" tracedByHelpers="3721936" cardsCleaned="68" workStackOverflowCount="0" />
</concurrent-collection-start>
<gc-start id="2040" type="global" contextid="2024" timestamp="2019-08-08T09:22:13.059">
  <mem-info id="2041" free="16291824" total="34275328" percent="47">
    <mem type="nursery" free="16068080" total="21626880" percent="74">
      <mem type="allocate" free="16068080" total="18546688" percent="86" />
      <mem type="survivor" free="0" total="3080192" percent="0" />
    </mem>
    <mem type="tenure" free="223744" total="12648448" percent="1">
      <mem type="soa" free="97792" total="12522496" percent="0" />
      <mem type="loa" free="125952" total="125952" percent="100" />
    </mem>
    <remembered-set count="1330" />
  </mem-info>
</gc-start>
<allocation-stats totalBytes="543864" >
  <allocated-bytes non-tlh="16" tlh="543848" />
  <largest-consumer threadName="main" threadId="0000000000AEAF00" bytes="543864" />
</allocation-stats>
<gc-op id="2042" type="rs-scan" timems="3.228" contextid="2024" timestamp="2019-08-08T09:22:13.062">
  <scan objectsFound="1275" bytesTraced="1283348" workStackOverflowCount="0" />
</gc-op>
<gc-op id="2043" type="card-cleaning" timems="2.120" contextid="2024" timestamp="2019-08-08T09:22:13.064">
  <card-cleaning cardsCleaned="16" bytesTraced="262480" workStackOverflowCount="0" />
</gc-op>
<gc-op id="2044" type="mark" timems="6.466" contextid="2024" timestamp="2019-08-08T09:22:13.071">
  <trace-info objectcount="672" scancount="588" scanbytes="16592" />
  <finalization candidates="81" enqueued="0" />
  <ownableSynchronizers candidates="21" cleared="0" />
  <references type="soft" candidates="1829" cleared="0" enqueued="0" dynamicThreshold="1" maxThreshold="32" />
  <references type="weak" candidates="5412" cleared="0" enqueued="0" />
  <references type="phantom" candidates="77" cleared="0" enqueued="0" />
  <stringconstants candidates="13143" cleared="0"  />
</gc-op>
<gc-op id="2045" type="sweep" timems="2.945" contextid="2024" timestamp="2019-08-08T09:22:13.074" />
<mem-info id="2046" free="17235912" total="34275328" percent="50">
  <mem type="nursery" free="16841016" total="21626880" percent="77">
    <mem type="allocate" free="16841016" total="18546688" percent="90" />
    <mem type="survivor" free="0" total="3080192" percent="0" />
  </mem>
  <mem type="tenure" free="394896" total="12648448" percent="3" micro-fragmented="768" macro-fragmented="0">
    <mem type="soa" free="268944" total="12522496" percent="2" />
    <mem type="loa" free="125952" total="125952" percent="100" />
  </mem>
  <remembered-set count="1330" />
</mem-info>
<gc-op id="2047" type="compact" timems="31.449" contextid="2024" timestamp="2019-08-08T09:22:13.106">
  <compact-info movecount="98115" movebytes="2407456" reason="compact to aid heap contraction" />
</gc-op>
<heap-resize id="2048" type="expand" space="tenure" amount="131072" count="1" timems="0.023" reason="satisfy allocation request" timestamp="2019-08-08T09:22:13.107" />
<gc-end id="2049" type="global" contextid="2024" durationms="48.009" usertimems="77.121" systemtimems="0.000" timestamp="2019-08-08T09:22:13.107" activeThreads="16">
  <mem-info id="2050" free="17388344" total="34406400" percent="50">
    <mem type="nursery" free="16862144" total="21626880" percent="77">
      <mem type="allocate" free="16862144" total="18546688" percent="90" />
      <mem type="survivor" free="0" total="3080192" percent="0" />
    </mem>
    <mem type="tenure" free="526200" total="12779520" percent="4">
      <mem type="soa" free="399224" total="12652544" percent="3" />
      <mem type="loa" free="126976" total="126976" percent="100" />
    </mem>
    <remembered-set count="1330" />
  </mem-info>
</gc-end>
<cycle-end id="2051" type="global" contextid="2024" timestamp="2019-08-08T09:22:13.107" />
  <attribute name="elasticGC enabled" value="1" />
  <attribute name= "numThreadsSpecified" value="16" />
  <attribute name="heapSize specified" value="34275328" />
  <attribute name="Current GC Util" value="82" />
  <attribute name= "Current Time Running" value="124259" />
  <attribute name ="GC Interval" value="1369" />
  <attribute name="Target GC Util Change" value ="80.000000" />
  <attribute name="Current GC Util Change" value="82.000000"/>
  <attribute name="Current Error" value="-13.000000" />
  <attribute name="Output H" value="34351000"/>
  <attribute name="Output I" value="1992"/>
  <attribute name="Output T" value="16"/>
  <attribute name= "Current Time Running" value="124259" />
  <attribute name="GC Util currently" value="82" />
  <attribute name="CPU Util currently" value="36624199554" />
<concurrent-collection-end id="2052" timestamp="2019-08-08T09:22:13.107" />
<exclusive-end id="2053" timestamp="2019-08-08T09:22:13.107" durationms="48.237" />

<concurrent-kickoff id="2054" timestamp="2019-08-08T09:22:13.138">
  <kickoff reason="threshold reached" targetBytes="5127122" thresholdFreeBytes="710657"  remainingFree="682944" tenureFreeBytes="526200" nurseryFreeBytes="682944" />
</concurrent-kickoff>
<exclusive-start id="2055" timestamp="2019-08-08T09:22:13.138" intervalms="79.413">
  <response-info timems="0.022" idlems="0.022" threads="0" lastid="0000000000AEAF00" lastname="main" />
</exclusive-start>
<cycle-start id="2056" type="global" contextid="0" timestamp="2019-08-08T09:22:13.138" intervalms="96.871" />
<exclusive-end id="2057" timestamp="2019-08-08T09:22:13.138" durationms="0.019" />

<exclusive-start id="2058" timestamp="2019-08-08T09:22:13.152" intervalms="13.278">
  <response-info timems="0.016" idlems="0.016" threads="0" lastid="0000000000AEAF00" lastname="main" />
</exclusive-start>
<af-start id="2059" threadId="0000000000AEB888" totalBytesRequested="664" timestamp="2019-08-08T09:22:13.152" intervalms="105.228" type="nursery" />
<percolate-collect id="2060" from="nursery" to="global" reason="concurrent mark exhausted" timestamp="2019-08-08T09:22:13.152"/>
<gc-start id="2061" type="global" contextid="2056" timestamp="2019-08-08T09:22:13.152">
  <mem-info id="2062" free="526200" total="34406400" percent="1">
    <mem type="nursery" free="0" total="21626880" percent="0">
      <mem type="allocate" free="0" total="18546688" percent="0" />
      <mem type="survivor" free="0" total="3080192" percent="0" />
    </mem>
    <mem type="tenure" free="526200" total="12779520" percent="4">
      <mem type="soa" free="399224" total="12652544" percent="3" />
      <mem type="loa" free="126976" total="126976" percent="100" />
    </mem>
    <remembered-set count="2684" />
  </mem-info>
</gc-start>
<allocation-stats totalBytes="16842248" >
  <allocated-bytes non-tlh="0" tlh="16842248" />
  <largest-consumer threadName="main" threadId="0000000000AEAF00" bytes="16842248" />
</allocation-stats>
<concurrent-halted id="2063" timestamp="2019-08-08T09:22:13.152">
  <halted state="Complete" status="exhausted" />
  <traced bytesTarget="5127122" bytesTotal="7076016" bytesByMutator="4537660" bytesByHelper="2538356" percent="138" />
  <cards cleaned="24" thresholdBytes="279955" />
</concurrent-halted>
<gc-op id="2064" type="rs-scan" timems="4.721" contextid="2056" timestamp="2019-08-08T09:22:13.157">
  <scan objectsFound="2637" bytesTraced="721248" workStackOverflowCount="0" />
</gc-op>
<gc-op id="2065" type="card-cleaning" timems="2.530" contextid="2056" timestamp="2019-08-08T09:22:13.159">
  <card-cleaning cardsCleaned="7" bytesTraced="1534440" workStackOverflowCount="0" />
</gc-op>
<gc-op id="2066" type="mark" timems="7.932" contextid="2056" timestamp="2019-08-08T09:22:13.167">
  <trace-info objectcount="193" scancount="183" scanbytes="5204" />
  <finalization candidates="81" enqueued="0" />
  <ownableSynchronizers candidates="21" cleared="0" />
  <references type="soft" candidates="1829" cleared="0" enqueued="0" dynamicThreshold="1" maxThreshold="32" />
  <references type="weak" candidates="5412" cleared="0" enqueued="0" />
  <references type="phantom" candidates="77" cleared="0" enqueued="0" />
  <stringconstants candidates="13143" cleared="0"  />
</gc-op>
<gc-op id="2067" type="sweep" timems="7.406" contextid="2056" timestamp="2019-08-08T09:22:13.175" />
<mem-info id="2068" free="15887600" total="34406400" percent="46">
  <mem type="nursery" free="15361400" total="21626880" percent="71">
    <mem type="allocate" free="15361400" total="18546688" percent="82" />
    <mem type="survivor" free="0" total="3080192" percent="0" />
  </mem>
  <mem type="tenure" free="526200" total="12779520" percent="4" micro-fragmented="0" macro-fragmented="0">
    <mem type="soa" free="399224" total="12652544" percent="3" />
    <mem type="loa" free="126976" total="126976" percent="100" />
  </mem>
  <remembered-set count="2684" />
</mem-info>
<gc-op id="2069" type="compact" timems="25.935" contextid="2056" timestamp="2019-08-08T09:22:13.201">
  <compact-info movecount="100375" movebytes="2449840" reason="compact to aid heap contraction" />
</gc-op>
<heap-resize id="2070" type="expand" space="tenure" amount="131072" count="1" timems="0.024" reason="satisfy allocation request" timestamp="2019-08-08T09:22:13.202" />
<gc-end id="2071" type="global" contextid="2056" durationms="50.174" usertimems="104.731" systemtimems="0.000" timestamp="2019-08-08T09:22:13.202" activeThreads="16">
  <mem-info id="2072" free="16714280" total="34537472" percent="48">
    <mem type="nursery" free="16057008" total="21626880" percent="74">
      <mem type="allocate" free="16057008" total="18546688" percent="86" />
      <mem type="survivor" free="0" total="3080192" percent="0" />
    </mem>
    <mem type="tenure" free="657272" total="12910592" percent="5">
      <mem type="soa" free="528248" total="12781568" percent="4" />
      <mem type="loa" free="129024" total="129024" percent="100" />
    </mem>
    <remembered-set count="2684" />
  </mem-info>
</gc-end>
<cycle-end id="2073" type="global" contextid="2056" timestamp="2019-08-08T09:22:13.202" />
  <attribute name="elasticGC enabled" value="1" />
  <attribute name= "numThreadsSpecified" value="16" />
  <attribute name="heapSize specified" value="34406400" />
  <attribute name="Current GC Util" value="231" />
  <attribute name= "Current Time Running" value="124355" />
  <attribute name ="GC Interval" value="1369" />
  <attribute name="Target GC Util Change" value ="80.000000" />
  <attribute name="Current GC Util Change" value="231.000000"/>
  <attribute name="Current Error" value="-151.000000" />
  <attribute name="Output H" value="34481912"/>
  <attribute name="Output I" value="1744"/>
  <attribute name="Output T" value="16"/>
  <attribute name= "Current Time Running" value="124355" />
  <attribute name="GC Util currently" value="231" />
  <attribute name="CPU Util currently" value="44604680535" />
<allocation-satisfied id="2074" threadId="0000000000AEAF00" bytesRequested="664" />
<af-end id="2075" timestamp="2019-08-08T09:22:13.202" threadId="0000000000AEB888" success="true" from="nursery"/>
<exclusive-end id="2076" timestamp="2019-08-08T09:22:13.202" durationms="50.620" />

<concurrent-kickoff id="2077" timestamp="2019-08-08T09:22:13.243">
  <kickoff reason="threshold reached" targetBytes="5555778" thresholdFreeBytes="768666"  remainingFree="753672" tenureFreeBytes="657272" nurseryFreeBytes="753672" />
</concurrent-kickoff>
<exclusive-start id="2078" timestamp="2019-08-08T09:22:13.243" intervalms="91.858">
  <response-info timems="0.021" idlems="0.021" threads="0" lastid="0000000000AEAF00" lastname="main" />
</exclusive-start>
<cycle-start id="2079" type="global" contextid="0" timestamp="2019-08-08T09:22:13.243" intervalms="105.162" />
<exclusive-end id="2080" timestamp="2019-08-08T09:22:13.243" durationms="0.047" />

<exclusive-start id="2081" timestamp="2019-08-08T09:22:13.251" intervalms="7.099">
  <response-info timems="0.018" idlems="0.018" threads="0" lastid="0000000000AEAF00" lastname="main" />
</exclusive-start>
<af-start id="2082" threadId="0000000000AEB888" totalBytesRequested="656" timestamp="2019-08-08T09:22:13.251" intervalms="98.763" type="nursery" />
<percolate-collect id="2083" from="nursery" to="global" reason="concurrent mark exhausted" timestamp="2019-08-08T09:22:13.251"/>
<gc-start id="2084" type="global" contextid="2079" timestamp="2019-08-08T09:22:13.251">
  <mem-info id="2085" free="657272" total="34537472" percent="1">
    <mem type="nursery" free="0" total="21626880" percent="0">
      <mem type="allocate" free="0" total="18546688" percent="0" />
      <mem type="survivor" free="0" total="3080192" percent="0" />
    </mem>
    <mem type="tenure" free="657272" total="12910592" percent="5">
      <mem type="soa" free="528248" total="12781568" percent="4" />
      <mem type="loa" free="129024" total="129024" percent="100" />
    </mem>
    <remembered-set count="2952" />
  </mem-info>
</gc-start>
<allocation-stats totalBytes="16038952" >
  <allocated-bytes non-tlh="262824" tlh="15776128" />
  <largest-consumer threadName="main" threadId="0000000000AEAF00" bytes="16038952" />
</allocation-stats>
<concurrent-halted id="2086" timestamp="2019-08-08T09:22:13.251">
  <halted state="Complete" status="exhausted" />
  <traced bytesTarget="5555778" bytesTotal="2915304" bytesByMutator="775712" bytesByHelper="2139592" percent="52" />
  <cards cleaned="10" thresholdBytes="302807" />
</concurrent-halted>
<gc-op id="2087" type="rs-scan" timems="1.039" contextid="2079" timestamp="2019-08-08T09:22:13.252">
  <scan objectsFound="106" bytesTraced="11212" workStackOverflowCount="0" />
</gc-op>
<gc-op id="2088" type="card-cleaning" timems="4.821" contextid="2079" timestamp="2019-08-08T09:22:13.257">
  <card-cleaning cardsCleaned="11" bytesTraced="6706784" workStackOverflowCount="0" />
</gc-op>
<gc-op id="2089" type="mark" timems="4.801" contextid="2079" timestamp="2019-08-08T09:22:13.262">
  <trace-info objectcount="188" scancount="179" scanbytes="5116" />
  <finalization candidates="81" enqueued="0" />
  <ownableSynchronizers candidates="21" cleared="0" />
  <references type="soft" candidates="1829" cleared="0" enqueued="0" dynamicThreshold="1" maxThreshold="32" />
  <references type="weak" candidates="5412" cleared="0" enqueued="0" />
  <references type="phantom" candidates="77" cleared="0" enqueued="0" />
  <stringconstants candidates="13143" cleared="0"  />
</gc-op>
<gc-op id="2090" type="sweep" timems="4.067" contextid="2079" timestamp="2019-08-08T09:22:13.266" />
<mem-info id="2091" free="15077528" total="34537472" percent="43">
  <mem type="nursery" free="14289168" total="21626880" percent="66">
    <mem type="allocate" free="14289168" total="18546688" percent="77" />
    <mem type="survivor" free="0" total="3080192" percent="0" />
  </mem>
  <mem type="tenure" free="788360" total="12910592" percent="6" micro-fragmented="40000" macro-fragmented="0">
    <mem type="soa" free="659336" total="12781568" percent="5" />
    <mem type="loa" free="129024" total="129024" percent="100" />
  </mem>
  <remembered-set count="2111" />
</mem-info>
<gc-op id="2092" type="compact" timems="76.609" contextid="2079" timestamp="2019-08-08T09:22:13.343">
  <compact-info movecount="322622" movebytes="8249520" reason="compact to aid heap contraction" />
</gc-op>
<heap-resize id="2093" type="expand" space="tenure" amount="131072" count="1" timems="0.025" reason="satisfy allocation request" timestamp="2019-08-08T09:22:13.344" />
<gc-end id="2094" type="global" contextid="2079" durationms="93.074" usertimems="110.553" systemtimems="0.000" timestamp="2019-08-08T09:22:13.344" activeThreads="16">
  <mem-info id="2095" free="15865368" total="34668544" percent="45">
    <mem type="nursery" free="14904752" total="21626880" percent="68">
      <mem type="allocate" free="14904752" total="18546688" percent="80" />
      <mem type="survivor" free="0" total="3080192" percent="0" />
    </mem>
    <mem type="tenure" free="960616" total="13041664" percent="7">
      <mem type="soa" free="830568" total="12911616" percent="6" />
      <mem type="loa" free="130048" total="130048" percent="100" />
    </mem>
    <remembered-set count="2111" />
  </mem-info>
</gc-end>
<cycle-end id="2096" type="global" contextid="2079" timestamp="2019-08-08T09:22:13.344" />
  <attribute name="elasticGC enabled" value="1" />
  <attribute name= "numThreadsSpecified" value="16" />
  <attribute name="heapSize specified" value="34537472" />
  <attribute name="Current GC Util" value="0" />
  <attribute name= "Current Time Running" value="124496" />
  <attribute name ="GC Interval" value="1369" />
  <attribute name="Target GC Util Change" value ="80.000000" />
  <attribute name="Current GC Util Change" value="0.000000"/>
  <attribute name="Current Error" value="56.000000" />
  <attribute name="Output H" value="34613216"/>
  <attribute name="Output I" value="2112"/>
  <attribute name="Output T" value="16"/>
  <attribute name= "Current Time Running" value="124496" />
  <attribute name="GC Util currently" value="0" />
  <attribute name="CPU Util currently" value="15048472268" />
<allocation-satisfied id="2097" threadId="0000000000AEAF00" bytesRequested="656" />
<af-end id="2098" timestamp="2019-08-08T09:22:13.344" threadId="0000000000AEB888" success="true" from="nursery"/>
<exclusive-end id="2099" timestamp="2019-08-08T09:22:13.344" durationms="93.571" />

<concurrent-kickoff id="2100" timestamp="2019-08-08T09:22:13.371">
  <kickoff reason="threshold reached" targetBytes="5092123" thresholdFreeBytes="704760"  remainingFree="650016" tenureFreeBytes="960616" nurseryFreeBytes="650016" />
</concurrent-kickoff>
<exclusive-start id="2101" timestamp="2019-08-08T09:22:13.371" intervalms="120.764">
  <response-info timems="0.018" idlems="0.018" threads="0" lastid="0000000000AEAF00" lastname="main" />
</exclusive-start>
<cycle-start id="2102" type="global" contextid="0" timestamp="2019-08-08T09:22:13.371" intervalms="127.835" />
<exclusive-end id="2103" timestamp="2019-08-08T09:22:13.371" durationms="0.013" />

<exclusive-start id="2104" timestamp="2019-08-08T09:22:13.377" intervalms="5.519">
  <response-info timems="0.014" idlems="0.014" threads="0" lastid="0000000000AEAF00" lastname="main" />
</exclusive-start>
<af-start id="2105" threadId="0000000000AEB888" totalBytesRequested="664" timestamp="2019-08-08T09:22:13.377" intervalms="126.274" type="nursery" />
<cycle-start id="2106" type="scavenge" contextid="0" timestamp="2019-08-08T09:22:13.377" intervalms="330.276" />
<gc-start id="2107" type="scavenge" contextid="2106" timestamp="2019-08-08T09:22:13.377">
  <mem-info id="2108" free="960616" total="34668544" percent="2">
    <mem type="nursery" free="0" total="21626880" percent="0">
      <mem type="allocate" free="0" total="18546688" percent="0" />
      <mem type="survivor" free="0" total="3080192" percent="0" />
    </mem>
    <mem type="tenure" free="960616" total="13041664" percent="7">
      <mem type="soa" free="830568" total="12911616" percent="6" />
      <mem type="loa" free="130048" total="130048" percent="100" />
    </mem>
    <remembered-set count="2924" />
  </mem-info>
</gc-start>
<allocation-stats totalBytes="14888744" >
  <allocated-bytes non-tlh="656" tlh="14888088" />
  <largest-consumer threadName="main" threadId="0000000000AEAF00" bytes="14888744" />
</allocation-stats>
<gc-op id="2109" type="scavenge" timems="7.756" contextid="2106" timestamp="2019-08-08T09:22:13.385">
  <scavenger-info tenureage="2" tenuremask="4004" tiltratio="85" />
  <memory-copied type="nursery" objects="113158" bytes="3079456" bytesdiscarded="712" />
  <memory-copied type="tenure" objects="54275" bytes="1325992" bytesdiscarded="504" />
  <copy-failed type="nursery" objects="21789" bytes="526984" />
  <ownableSynchronizers candidates="42" cleared="42" />
  <references type="weak" candidates="8" cleared="0" enqueued="0" />
  <heap-resize type="expand" space="tenure" amount="524288" count="4" timems="0.056" reason="continue current collection" />
</gc-op>
<gc-end id="2110" type="scavenge" contextid="2106" durationms="8.106" usertimems="21.947" systemtimems="0.000" timestamp="2019-08-08T09:22:13.385" activeThreads="16">
  <mem-info id="2111" free="11997184" total="35192832" percent="34">
    <mem type="nursery" free="11862016" total="21626880" percent="54">
      <mem type="allocate" free="11862016" total="14942208" percent="79" />
      <mem type="survivor" free="0" total="6684672" percent="0" />
    </mem>
    <mem type="tenure" free="135168" total="13565952" percent="0" macro-fragmented="81140">
      <mem type="soa" free="0" total="13430784" percent="0" />
      <mem type="loa" free="135168" total="135168" percent="100" />
    </mem>
    <remembered-set count="4511" />
  </mem-info>
</gc-end>
<cycle-end id="2112" type="scavenge" contextid="2106" timestamp="2019-08-08T09:22:13.385" />
  <attribute name="elasticGC enabled" value="1" />
  <attribute name= "numThreadsSpecified" value="16" />
  <attribute name="heapSize specified" value="34537472" />
  <attribute name="Current GC Util" value="494" />
  <attribute name= "Current Time Running" value="124531" />
  <attribute name ="GC Interval" value="1377" />
  <attribute name="Target GC Util Change" value ="80.000000" />
  <attribute name="Current GC Util Change" value="494.000000"/>
  <attribute name="Current Error" value="-358.000000" />
  <attribute name="Output H" value="34743816"/>
  <attribute name="Output I" value="1376"/>
  <attribute name="Output T" value="16"/>
  <attribute name= "Current Time Running" value="124531" />
  <attribute name="GC Util currently" value="494" />
  <attribute name="CPU Util currently" value="33597641674" />
<allocation-satisfied id="2113" threadId="0000000000AEAF00" bytesRequested="664" />
<af-end id="2114" timestamp="2019-08-08T09:22:13.385" threadId="0000000000AEB888" success="true" from="nursery"/>
<exclusive-end id="2115" timestamp="2019-08-08T09:22:13.385" durationms="8.356" />

<exclusive-start id="2116" timestamp="2019-08-08T09:22:13.385" intervalms="8.567">
  <response-info timems="0.033" idlems="0.033" threads="0" lastid="0000000000AEAF00" lastname="main" />
</exclusive-start>
<concurrent-collection-start id="2117" timestamp="2019-08-08T09:22:13.385" intervalms="326.473" >
  <concurrent-trace-info reason="card cleaning threshold reached" tracedByMutators="746356" tracedByHelpers="2168948" cardsCleaned="10" workStackOverflowCount="0" />
</concurrent-collection-start>
<gc-start id="2118" type="global" contextid="2102" timestamp="2019-08-08T09:22:13.385">
  <mem-info id="2119" free="11930984" total="35192832" percent="33">
    <mem type="nursery" free="11795816" total="21626880" percent="54">
      <mem type="allocate" free="11795816" total="14942208" percent="78" />
      <mem type="survivor" free="0" total="6684672" percent="0" />
    </mem>
    <mem type="tenure" free="135168" total="13565952" percent="0">
      <mem type="soa" free="0" total="13430784" percent="0" />
      <mem type="loa" free="135168" total="135168" percent="100" />
    </mem>
    <remembered-set count="4511" />
  </mem-info>
</gc-start>
<allocation-stats totalBytes="66200" >
  <allocated-bytes non-tlh="664" tlh="65536" />
  <largest-consumer threadName="main" threadId="0000000000AEAF00" bytes="66200" />
</allocation-stats>
<gc-op id="2120" type="rs-scan" timems="0.956" contextid="2102" timestamp="2019-08-08T09:22:13.386">
  <scan objectsFound="106" bytesTraced="11212" workStackOverflowCount="0" />
</gc-op>
<gc-op id="2121" type="card-cleaning" timems="3.787" contextid="2102" timestamp="2019-08-08T09:22:13.390">
  <card-cleaning cardsCleaned="5" bytesTraced="7334276" workStackOverflowCount="0" />
</gc-op>
<gc-op id="2122" type="mark" timems="4.015" contextid="2102" timestamp="2019-08-08T09:22:13.394">
  <trace-info objectcount="193" scancount="183" scanbytes="5184" />
  <finalization candidates="81" enqueued="0" />
  <ownableSynchronizers candidates="21" cleared="0" />
  <references type="soft" candidates="1829" cleared="0" enqueued="0" dynamicThreshold="2" maxThreshold="32" />
  <references type="weak" candidates="5412" cleared="0" enqueued="0" />
  <references type="phantom" candidates="77" cleared="0" enqueued="0" />
  <stringconstants candidates="13143" cleared="0"  />
</gc-op>
<gc-op id="2123" type="sweep" timems="2.265" contextid="2102" timestamp="2019-08-08T09:22:13.397" />
<mem-info id="2124" free="12019744" total="35192832" percent="34">
  <mem type="nursery" free="11861336" total="21626880" percent="54">
    <mem type="allocate" free="11861336" total="14942208" percent="79" />
    <mem type="survivor" free="0" total="6684672" percent="0" />
  </mem>
  <mem type="tenure" free="158408" total="13565952" percent="1" micro-fragmented="0" macro-fragmented="1020">
    <mem type="soa" free="23240" total="13430784" percent="0" />
    <mem type="loa" free="135168" total="135168" percent="100" />
  </mem>
  <remembered-set count="4511" />
</mem-info>
<gc-op id="2125" type="compact" timems="34.316" contextid="2102" timestamp="2019-08-08T09:22:13.431">
  <compact-info movecount="166585" movebytes="4380984" reason="compact to aid heap contraction" />
</gc-op>
<heap-resize id="2126" type="expand" space="tenure" amount="131072" count="1" timems="0.026" reason="satisfy allocation request" timestamp="2019-08-08T09:22:13.432" />
<gc-end id="2127" type="global" contextid="2102" durationms="46.372" usertimems="92.179" systemtimems="0.000" timestamp="2019-08-08T09:22:13.432" activeThreads="16">
  <mem-info id="2128" free="12152720" total="35323904" percent="34">
    <mem type="nursery" free="11862736" total="21626880" percent="54">
      <mem type="allocate" free="11862736" total="14942208" percent="79" />
      <mem type="survivor" free="0" total="6684672" percent="0" />
    </mem>
    <mem type="tenure" free="289984" total="13697024" percent="2">
      <mem type="soa" free="153792" total="13560832" percent="1" />
      <mem type="loa" free="136192" total="136192" percent="100" />
    </mem>
    <remembered-set count="4511" />
  </mem-info>
</gc-end>
<cycle-end id="2129" type="global" contextid="2102" timestamp="2019-08-08T09:22:13.432" />
  <attribute name="elasticGC enabled" value="1" />
  <attribute name= "numThreadsSpecified" value="16" />
  <attribute name="heapSize specified" value="35192832" />
  <attribute name="Current GC Util" value="156" />
  <attribute name= "Current Time Running" value="124585" />
  <attribute name ="GC Interval" value="1377" />
  <attribute name="Target GC Util Change" value ="80.000000" />
  <attribute name="Current GC Util Change" value="156.000000"/>
  <attribute name="Current Error" value="-500.000000" />
  <attribute name="Output H" value="35267936"/>
  <attribute name="Output I" value="1120"/>
  <attribute name="Output T" value="16"/>
  <attribute name= "Current Time Running" value="124585" />
  <attribute name="GC Util currently" value="156" />
  <attribute name="CPU Util currently" value="33540118560" />
<concurrent-collection-end id="2130" timestamp="2019-08-08T09:22:13.432" />
<exclusive-end id="2131" timestamp="2019-08-08T09:22:13.432" durationms="46.549" />

<concurrent-kickoff id="2132" timestamp="2019-08-08T09:22:13.458">
  <kickoff reason="threshold reached" targetBytes="4901783" thresholdFreeBytes="678458"  remainingFree="672464" tenureFreeBytes="289984" nurseryFreeBytes="672464" />
</concurrent-kickoff>
<exclusive-start id="2133" timestamp="2019-08-08T09:22:13.458" intervalms="72.501">
  <response-info timems="0.019" idlems="0.019" threads="0" lastid="0000000000AEAF00" lastname="main" />
</exclusive-start>
<cycle-start id="2134" type="global" contextid="0" timestamp="2019-08-08T09:22:13.458" intervalms="86.588" />
<exclusive-end id="2135" timestamp="2019-08-08T09:22:13.458" durationms="0.014" />

<exclusive-start id="2136" timestamp="2019-08-08T09:22:13.463" intervalms="5.530">
  <response-info timems="0.019" idlems="0.019" threads="0" lastid="0000000000AEAF00" lastname="main" />
</exclusive-start>
<af-start id="2137" threadId="0000000000AEB888" totalBytesRequested="656" timestamp="2019-08-08T09:22:13.463" intervalms="86.602" type="nursery" />
<percolate-collect id="2138" from="nursery" to="global" reason="concurrent mark exhausted" timestamp="2019-08-08T09:22:13.463"/>
<gc-start id="2139" type="global" contextid="2134" timestamp="2019-08-08T09:22:13.464">
  <mem-info id="2140" free="289984" total="35323904" percent="0">
    <mem type="nursery" free="0" total="21626880" percent="0">
      <mem type="allocate" free="0" total="14942208" percent="0" />
      <mem type="survivor" free="0" total="6684672" percent="0" />
    </mem>
    <mem type="tenure" free="289984" total="13697024" percent="2">
      <mem type="soa" free="153792" total="13560832" percent="1" />
      <mem type="loa" free="136192" total="136192" percent="100" />
    </mem>
    <remembered-set count="4679" />
  </mem-info>
</gc-start>
<allocation-stats totalBytes="11848376" >
  <allocated-bytes non-tlh="0" tlh="11848376" />
  <largest-consumer threadName="main" threadId="0000000000AEAF00" bytes="11848376" />
</allocation-stats>
<concurrent-halted id="2141" timestamp="2019-08-08T09:22:13.464">
  <halted state="Complete" status="exhausted" />
  <traced bytesTarget="4901783" bytesTotal="2915232" bytesByMutator="760760" bytesByHelper="2154472" percent="59" />
  <cards cleaned="11" thresholdBytes="267271" />
</concurrent-halted>
<gc-op id="2142" type="rs-scan" timems="1.579" contextid="2134" timestamp="2019-08-08T09:22:13.465">
  <scan objectsFound="106" bytesTraced="11212" workStackOverflowCount="0" />
</gc-op>
<gc-op id="2143" type="card-cleaning" timems="12.233" contextid="2134" timestamp="2019-08-08T09:22:13.477">
  <card-cleaning cardsCleaned="9" bytesTraced="7810800" workStackOverflowCount="0" />
</gc-op>
<gc-op id="2144" type="mark" timems="3.137" contextid="2134" timestamp="2019-08-08T09:22:13.481">
  <trace-info objectcount="196" scancount="186" scanbytes="5328" />
  <finalization candidates="81" enqueued="0" />
  <ownableSynchronizers candidates="21" cleared="0" />
  <references type="soft" candidates="1829" cleared="1" enqueued="1" dynamicThreshold="0" maxThreshold="32" />
  <references type="weak" candidates="5412" cleared="0" enqueued="0" />
  <references type="phantom" candidates="77" cleared="0" enqueued="0" />
  <stringconstants candidates="13143" cleared="0"  />
</gc-op>
<gc-op id="2145" type="sweep" timems="1.732" contextid="2134" timestamp="2019-08-08T09:22:13.482" />
<mem-info id="2146" free="11060672" total="35323904" percent="31">
  <mem type="nursery" free="10770688" total="21626880" percent="49">
    <mem type="allocate" free="10770688" total="14942208" percent="72" />
    <mem type="survivor" free="0" total="6684672" percent="0" />
  </mem>
  <mem type="tenure" free="289984" total="13697024" percent="2" micro-fragmented="0" macro-fragmented="0">
    <mem type="soa" free="153792" total="13560832" percent="1" />
    <mem type="loa" free="136192" total="136192" percent="100" />
  </mem>
  <pending-finalizers system="0" default="0" reference="1" classloader="0" />
  <remembered-set count="4679" />
</mem-info>
<gc-op id="2147" type="compact" timems="82.700" contextid="2134" timestamp="2019-08-08T09:22:13.565">
  <compact-info movecount="456058" movebytes="15098656" reason="compact to aid heap contraction" />
</gc-op>
<heap-resize id="2148" type="expand" space="tenure" amount="131072" count="1" timems="0.022" reason="satisfy allocation request" timestamp="2019-08-08T09:22:13.566" />
<gc-end id="2149" type="global" contextid="2134" durationms="102.277" usertimems="148.381" systemtimems="0.000" timestamp="2019-08-08T09:22:13.566" activeThreads="16">
  <mem-info id="2150" free="11669456" total="35454976" percent="32">
    <mem type="nursery" free="11248320" total="21626880" percent="52">
      <mem type="allocate" free="11248320" total="14942208" percent="75" />
      <mem type="survivor" free="0" total="6684672" percent="0" />
    </mem>
    <mem type="tenure" free="421136" total="13828096" percent="3">
      <mem type="soa" free="282896" total="13689856" percent="2" />
      <mem type="loa" free="138240" total="138240" percent="100" />
    </mem>
    <pending-finalizers system="0" default="0" reference="1" classloader="0" />
    <remembered-set count="4679" />
  </mem-info>
</gc-end>
<cycle-end id="2151" type="global" contextid="2134" timestamp="2019-08-08T09:22:13.566" />
  <attribute name="elasticGC enabled" value="1" />
  <attribute name= "numThreadsSpecified" value="16" />
  <attribute name="heapSize specified" value="35323904" />
  <attribute name="Current GC Util" value="52" />
  <attribute name= "Current Time Running" value="124719" />
  <attribute name ="GC Interval" value="1377" />
  <attribute name="Target GC Util Change" value ="80.000000" />
  <attribute name="Current GC Util Change" value="52.000000"/>
  <attribute name="Current Error" value="-86.000000" />
  <attribute name="Output H" value="35399488"/>
  <attribute name="Output I" value="1856"/>
  <attribute name="Output T" value="16"/>
  <attribute name= "Current Time Running" value="124719" />
  <attribute name="GC Util currently" value="52" />
  <attribute name="CPU Util currently" value="13934578531" />
<allocation-satisfied id="2152" threadId="0000000000AEAF00" bytesRequested="656" />
<af-end id="2153" timestamp="2019-08-08T09:22:13.566" threadId="0000000000AEB888" success="true" from="nursery"/>
<exclusive-end id="2154" timestamp="2019-08-08T09:22:13.566" durationms="102.498" />

<concurrent-kickoff id="2155" timestamp="2019-08-08T09:22:13.586">
  <kickoff reason="threshold reached" targetBytes="4566478" thresholdFreeBytes="632373"  remainingFree="532528" tenureFreeBytes="421136" nurseryFreeBytes="532528" />
</concurrent-kickoff>
<exclusive-start id="2156" timestamp="2019-08-08T09:22:13.586" intervalms="122.558">
  <response-info timems="0.019" idlems="0.019" threads="0" lastid="0000000000AEAF00" lastname="main" />
</exclusive-start>
<cycle-start id="2157" type="global" contextid="0" timestamp="2019-08-08T09:22:13.586" intervalms="128.090" />
<exclusive-end id="2158" timestamp="2019-08-08T09:22:13.586" durationms="0.017" />

<exclusive-start id="2159" timestamp="2019-08-08T09:22:13.591" intervalms="4.749">
  <response-info timems="0.012" idlems="0.012" threads="0" lastid="0000000000AEAF00" lastname="main" />
</exclusive-start>
<af-start id="2160" threadId="0000000000AEB888" totalBytesRequested="32" timestamp="2019-08-08T09:22:13.591" intervalms="127.291" type="nursery" />
<percolate-collect id="2161" from="nursery" to="global" reason="concurrent mark exhausted" timestamp="2019-08-08T09:22:13.591"/>
<gc-start id="2162" type="global" contextid="2157" timestamp="2019-08-08T09:22:13.591">
  <mem-info id="2163" free="421136" total="35454976" percent="1">
    <mem type="nursery" free="0" total="21626880" percent="0">
      <mem type="allocate" free="0" total="14942208" percent="0" />
      <mem type="survivor" free="0" total="6684672" percent="0" />
    </mem>
    <mem type="tenure" free="421136" total="13828096" percent="3">
      <mem type="soa" free="282896" total="13689856" percent="2" />
      <mem type="loa" free="138240" total="138240" percent="100" />
    </mem>
    <remembered-set count="4966" />
  </mem-info>
</gc-start>
<allocation-stats totalBytes="11239352" >
  <allocated-bytes non-tlh="656" tlh="11238696" />
  <largest-consumer threadName="main" threadId="0000000000AEAF00" bytes="11239352" />
</allocation-stats>
<concurrent-halted id="2164" timestamp="2019-08-08T09:22:13.591">
  <halted state="Complete" status="exhausted" />
  <traced bytesTarget="4566478" bytesTotal="2914368" bytesByMutator="882636" bytesByHelper="2031732" percent="63" />
  <cards cleaned="35" thresholdBytes="249116" />
</concurrent-halted>
<gc-op id="2165" type="rs-scan" timems="0.636" contextid="2157" timestamp="2019-08-08T09:22:13.591">
  <scan objectsFound="113" bytesTraced="12528" workStackOverflowCount="0" />
</gc-op>
<gc-op id="2166" type="card-cleaning" timems="4.018" contextid="2157" timestamp="2019-08-08T09:22:13.596">
  <card-cleaning cardsCleaned="14" bytesTraced="8281624" workStackOverflowCount="0" />
</gc-op>
<gc-op id="2167" type="mark" timems="3.054" contextid="2157" timestamp="2019-08-08T09:22:13.599">
  <trace-info objectcount="190" scancount="180" scanbytes="5120" />
  <finalization candidates="81" enqueued="0" />
  <ownableSynchronizers candidates="21" cleared="0" />
  <references type="soft" candidates="1837" cleared="9" enqueued="9" dynamicThreshold="0" maxThreshold="32" />
  <references type="weak" candidates="5415" cleared="3" enqueued="3" />
  <references type="phantom" candidates="77" cleared="0" enqueued="0" />
  <stringconstants candidates="13143" cleared="0"  />
</gc-op>
<gc-op id="2168" type="sweep" timems="1.715" contextid="2157" timestamp="2019-08-08T09:22:13.600" />
<mem-info id="2169" free="10598912" total="35454976" percent="29">
  <mem type="nursery" free="10177776" total="21626880" percent="47">
    <mem type="allocate" free="10177776" total="14942208" percent="68" />
    <mem type="survivor" free="0" total="6684672" percent="0" />
  </mem>
  <mem type="tenure" free="421136" total="13828096" percent="3" micro-fragmented="1025" macro-fragmented="0">
    <mem type="soa" free="282896" total="13689856" percent="2" />
    <mem type="loa" free="138240" total="138240" percent="100" />
  </mem>
  <pending-finalizers system="0" default="0" reference="12" classloader="0" />
  <remembered-set count="4965" />
</mem-info>
<gc-op id="2170" type="compact" timems="78.567" contextid="2157" timestamp="2019-08-08T09:22:13.679">
  <compact-info movecount="472047" movebytes="15410464" reason="compact to aid heap contraction" />
</gc-op>
<heap-resize id="2171" type="expand" space="tenure" amount="131072" count="1" timems="0.020" reason="satisfy allocation request" timestamp="2019-08-08T09:22:13.680" />
<gc-end id="2172" type="global" contextid="2157" durationms="89.220" usertimems="162.530" systemtimems="0.000" timestamp="2019-08-08T09:22:13.680" activeThreads="16">
  <mem-info id="2173" free="11207888" total="35586048" percent="31">
    <mem type="nursery" free="10654800" total="21626880" percent="49">
      <mem type="allocate" free="10654800" total="14942208" percent="71" />
      <mem type="survivor" free="0" total="6684672" percent="0" />
    </mem>
    <mem type="tenure" free="553088" total="13959168" percent="3">
      <mem type="soa" free="413824" total="13819904" percent="2" />
      <mem type="loa" free="139264" total="139264" percent="100" />
    </mem>
    <pending-finalizers system="0" default="0" reference="12" classloader="0" />
    <remembered-set count="4965" />
  </mem-info>
</gc-end>
<cycle-end id="2174" type="global" contextid="2157" timestamp="2019-08-08T09:22:13.680" />
  <attribute name="elasticGC enabled" value="1" />
  <attribute name= "numThreadsSpecified" value="16" />
  <attribute name="heapSize specified" value="35454976" />
  <attribute name="Current GC Util" value="64" />
  <attribute name= "Current Time Running" value="124833" />
  <attribute name ="GC Interval" value="1377" />
  <attribute name="Target GC Util Change" value ="80.000000" />
  <attribute name="Current GC Util Change" value="64.000000"/>
  <attribute name="Current Error" value="-517.000000" />
  <attribute name="Output H" value="35530064"/>
  <attribute name="Output I" value="1088"/>
  <attribute name="Output T" value="16"/>
  <attribute name= "Current Time Running" value="124833" />
  <attribute name="GC Util currently" value="64" />
  <attribute name="CPU Util currently" value="14667201792" />
<allocation-satisfied id="2175" threadId="0000000000AEAF00" bytesRequested="32" />
<af-end id="2176" timestamp="2019-08-08T09:22:13.680" threadId="0000000000AEB888" success="true" from="nursery"/>
<exclusive-end id="2177" timestamp="2019-08-08T09:22:13.680" durationms="89.410" />

<concurrent-kickoff id="2178" timestamp="2019-08-08T09:22:13.724">
  <kickoff reason="threshold reached" targetBytes="4285602" thresholdFreeBytes="595171"  remainingFree="489416" tenureFreeBytes="553088" nurseryFreeBytes="489416" />
</concurrent-kickoff>
<exclusive-start id="2179" timestamp="2019-08-08T09:22:13.724" intervalms="133.781">
  <response-info timems="0.020" idlems="0.020" threads="0" lastid="0000000000AEAF00" lastname="main" />
</exclusive-start>
<cycle-start id="2180" type="global" contextid="0" timestamp="2019-08-08T09:22:13.725" intervalms="138.547" />
<exclusive-end id="2181" timestamp="2019-08-08T09:22:13.725" durationms="0.039" />

<exclusive-start id="2182" timestamp="2019-08-08T09:22:13.733" intervalms="8.035">
  <response-info timems="0.106" idlems="0.106" threads="0" lastid="0000000000AEAF00" lastname="main" />
</exclusive-start>
<af-start id="2183" threadId="0000000000AEB888" totalBytesRequested="96" timestamp="2019-08-08T09:22:13.733" intervalms="141.838" type="nursery" />
<cycle-start id="2184" type="scavenge" contextid="0" timestamp="2019-08-08T09:22:13.733" intervalms="355.725" />
<gc-start id="2185" type="scavenge" contextid="2184" timestamp="2019-08-08T09:22:13.733">
  <mem-info id="2186" free="553088" total="35586048" percent="1">
    <mem type="nursery" free="0" total="21626880" percent="0">
      <mem type="allocate" free="0" total="14942208" percent="0" />
      <mem type="survivor" free="0" total="6684672" percent="0" />
    </mem>
    <mem type="tenure" free="553088" total="13959168" percent="3">
      <mem type="soa" free="413824" total="13819904" percent="2" />
      <mem type="loa" free="139264" total="139264" percent="100" />
    </mem>
    <remembered-set count="5025" />
  </mem-info>
</gc-start>
<allocation-stats totalBytes="10653152" >
  <allocated-bytes non-tlh="1809544" tlh="8843608" />
  <largest-consumer threadName="main" threadId="0000000000AEAF00" bytes="10653152" />
</allocation-stats>
<gc-op id="2187" type="scavenge" timems="7.949" contextid="2184" timestamp="2019-08-08T09:22:13.741">
  <scavenger-info tenureage="2" tenuremask="4004" tiltratio="69" />
  <memory-copied type="nursery" objects="148913" bytes="5186072" bytesdiscarded="239112" />
  <memory-copied type="tenure" objects="33368" bytes="824952" bytesdiscarded="688" />
  <finalization candidates="1" enqueued="1" />
  <ownableSynchronizers candidates="42" cleared="42" />
  <references type="soft" candidates="9" cleared="0" enqueued="0" dynamicThreshold="1" maxThreshold="32" />
  <references type="weak" candidates="17" cleared="3" enqueued="3" />
  <heap-resize type="expand" space="tenure" amount="917504" count="7" timems="1.845" reason="continue current collection" />
</gc-op>
<gc-end id="2188" type="scavenge" contextid="2184" durationms="8.229" usertimems="27.699" systemtimems="0.000" timestamp="2019-08-08T09:22:13.741" activeThreads="16">
  <mem-info id="2189" free="8583600" total="36503552" percent="23">
    <mem type="nursery" free="8337328" total="21626880" percent="38">
      <mem type="allocate" free="8337328" total="13762560" percent="60" />
      <mem type="survivor" free="0" total="7864320" percent="0" />
    </mem>
    <mem type="tenure" free="246272" total="14876672" percent="1" macro-fragmented="0">
      <mem type="soa" free="97792" total="14728192" percent="0" />
      <mem type="loa" free="148480" total="148480" percent="100" />
    </mem>
    <pending-finalizers system="0" default="1" reference="3" classloader="0" />
    <remembered-set count="4566" />
  </mem-info>
</gc-end>
<cycle-end id="2190" type="scavenge" contextid="2184" timestamp="2019-08-08T09:22:13.741" />
  <attribute name="elasticGC enabled" value="1" />
  <attribute name= "numThreadsSpecified" value="16" />
  <attribute name="heapSize specified" value="35454976" />
  <attribute name="Current GC Util" value="315" />
  <attribute name= "Current Time Running" value="124886" />
  <attribute name ="GC Interval" value="1593" />
  <attribute name="Target GC Util Change" value ="80.000000" />
  <attribute name="Current GC Util Change" value="315.000000"/>
  <attribute name="Current Error" value="-235.000000" />
  <attribute name="Output H" value="35661464"/>
  <attribute name="Output I" value="1592"/>
  <attribute name="Output T" value="16"/>
  <attribute name= "Current Time Running" value="124886" />
  <attribute name="GC Util currently" value="315" />
  <attribute name="CPU Util currently" value="21514441058" />
<allocation-satisfied id="2191" threadId="0000000000AEAF00" bytesRequested="96" />
<af-end id="2192" timestamp="2019-08-08T09:22:13.741" threadId="0000000000AEB888" success="true" from="nursery"/>
<exclusive-end id="2193" timestamp="2019-08-08T09:22:13.741" durationms="8.647" />

<exclusive-start id="2194" timestamp="2019-08-08T09:22:13.742" intervalms="9.211">
  <response-info timems="0.032" idlems="0.032" threads="0" lastid="0000000000AEAF00" lastname="main" />
</exclusive-start>
<concurrent-collection-start id="2195" timestamp="2019-08-08T09:22:13.742" intervalms="356.360" >
  <concurrent-trace-info reason="card cleaning threshold reached" tracedByMutators="299980" tracedByHelpers="2615268" cardsCleaned="5" workStackOverflowCount="0" />
</concurrent-collection-start>
<gc-start id="2196" type="global" contextid="2180" timestamp="2019-08-08T09:22:13.742">
  <mem-info id="2197" free="8448336" total="36503552" percent="23">
    <mem type="nursery" free="8202064" total="21626880" percent="37">
      <mem type="allocate" free="8202064" total="13762560" percent="59" />
      <mem type="survivor" free="0" total="7864320" percent="0" />
    </mem>
    <mem type="tenure" free="246272" total="14876672" percent="1">
      <mem type="soa" free="97792" total="14728192" percent="0" />
      <mem type="loa" free="148480" total="148480" percent="100" />
    </mem>
    <remembered-set count="4566" />
  </mem-info>
</gc-start>
<allocation-stats totalBytes="135256" >
  <allocated-bytes non-tlh="96" tlh="135160" />
  <largest-consumer threadName="main" threadId="0000000000AEAF00" bytes="135256" />
</allocation-stats>
<gc-op id="2198" type="rs-scan" timems="0.718" contextid="2180" timestamp="2019-08-08T09:22:13.743">
  <scan objectsFound="114" bytesTraced="12104" workStackOverflowCount="0" />
</gc-op>
<gc-op id="2199" type="card-cleaning" timems="6.391" contextid="2180" timestamp="2019-08-08T09:22:13.749">
  <card-cleaning cardsCleaned="1" bytesTraced="8782180" workStackOverflowCount="0" />
</gc-op>
<gc-op id="2200" type="mark" timems="3.286" contextid="2180" timestamp="2019-08-08T09:22:13.752">
  <trace-info objectcount="183" scancount="174" scanbytes="4988" />
  <finalization candidates="81" enqueued="0" />
  <ownableSynchronizers candidates="21" cleared="0" />
  <references type="soft" candidates="1837" cleared="0" enqueued="0" dynamicThreshold="1" maxThreshold="32" />
  <references type="weak" candidates="5416" cleared="0" enqueued="0" />
  <references type="phantom" candidates="77" cleared="0" enqueued="0" />
  <stringconstants candidates="13143" cleared="0"  />
</gc-op>
<gc-op id="2201" type="sweep" timems="1.651" contextid="2180" timestamp="2019-08-08T09:22:13.754" />
<mem-info id="2202" free="11153416" total="36503552" percent="30">
  <mem type="nursery" free="8575712" total="21626880" percent="39">
    <mem type="allocate" free="8575712" total="13762560" percent="62" />
    <mem type="survivor" free="0" total="7864320" percent="0" />
  </mem>
  <mem type="tenure" free="2577704" total="14876672" percent="17" micro-fragmented="0" macro-fragmented="0">
    <mem type="soa" free="2429224" total="14728192" percent="16" />
    <mem type="loa" free="148480" total="148480" percent="100" />
  </mem>
  <remembered-set count="4563" />
</mem-info>
<gc-op id="2203" type="compact" timems="67.791" contextid="2180" timestamp="2019-08-08T09:22:13.822">
  <compact-info movecount="442229" movebytes="12669312" reason="compact to aid heap contraction" />
</gc-op>
<heap-resize id="2204" type="expand" space="tenure" amount="131072" count="1" timems="0.021" reason="satisfy allocation request" timestamp="2019-08-08T09:22:13.823" />
<gc-end id="2205" type="global" contextid="2180" durationms="80.899" usertimems="145.798" systemtimems="0.000" timestamp="2019-08-08T09:22:13.823" activeThreads="16">
  <mem-info id="2206" free="11295200" total="36634624" percent="30">
    <mem type="nursery" free="8585064" total="21626880" percent="39">
      <mem type="allocate" free="8585064" total="13762560" percent="62" />
      <mem type="survivor" free="0" total="7864320" percent="0" />
    </mem>
    <mem type="tenure" free="2710136" total="15007744" percent="18">
      <mem type="soa" free="2560632" total="14858240" percent="17" />
      <mem type="loa" free="149504" total="149504" percent="100" />
    </mem>
    <remembered-set count="4563" />
  </mem-info>
</gc-end>
<cycle-end id="2207" type="global" contextid="2180" timestamp="2019-08-08T09:22:13.823" />
  <attribute name="elasticGC enabled" value="1" />
  <attribute name= "numThreadsSpecified" value="16" />
  <attribute name="heapSize specified" value="36503552" />
  <attribute name="Current GC Util" value="67" />
  <attribute name= "Current Time Running" value="124976" />
  <attribute name ="GC Interval" value="1593" />
  <attribute name="Target GC Util Change" value ="80.000000" />
  <attribute name="Current GC Util Change" value="67.000000"/>
  <attribute name="Current Error" value="-104.000000" />
  <attribute name="Output H" value="36579112"/>
  <attribute name="Output I" value="1824"/>
  <attribute name="Output T" value="16"/>
  <attribute name= "Current Time Running" value="124976" />
  <attribute name="GC Util currently" value="67" />
  <attribute name="CPU Util currently" value="16985674327" />
<concurrent-collection-end id="2208" timestamp="2019-08-08T09:22:13.823" />
<exclusive-end id="2209" timestamp="2019-08-08T09:22:13.823" durationms="81.077" />

<exclusive-start id="2210" timestamp="2019-08-08T09:22:13.856" intervalms="114.708">
  <response-info timems="0.038" idlems="0.038" threads="0" lastid="0000000000AEAF00" lastname="main" />
</exclusive-start>
<af-start id="2211" threadId="0000000000AEB888" totalBytesRequested="96" timestamp="2019-08-08T09:22:13.856" intervalms="123.912" type="nursery" />
<cycle-start id="2212" type="scavenge" contextid="0" timestamp="2019-08-08T09:22:13.857" intervalms="123.905" />
<gc-start id="2213" type="scavenge" contextid="2212" timestamp="2019-08-08T09:22:13.857">
  <mem-info id="2214" free="2710136" total="36634624" percent="7">
    <mem type="nursery" free="0" total="21626880" percent="0">
      <mem type="allocate" free="0" total="13762560" percent="0" />
      <mem type="survivor" free="0" total="7864320" percent="0" />
    </mem>
    <mem type="tenure" free="2710136" total="15007744" percent="18">
      <mem type="soa" free="2560632" total="14858240" percent="17" />
      <mem type="loa" free="149504" total="149504" percent="100" />
    </mem>
    <remembered-set count="4563" />
  </mem-info>
</gc-start>
<allocation-stats totalBytes="8583968" >
  <allocated-bytes non-tlh="0" tlh="8583968" />
  <largest-consumer threadName="main" threadId="0000000000AEAF00" bytes="8583968" />
</allocation-stats>
<gc-op id="2215" type="scavenge" timems="4.787" contextid="2212" timestamp="2019-08-08T09:22:13.861">
  <scavenger-info tenureage="2" tenuremask="6004" tiltratio="63" />
  <memory-copied type="nursery" objects="90435" bytes="3432456" bytesdiscarded="174912" />
  <memory-copied type="tenure" objects="79734" bytes="2252288" bytesdiscarded="336" />
  <ownableSynchronizers candidates="42" cleared="42" />
  <references type="soft" candidates="9" cleared="0" enqueued="0" dynamicThreshold="5" maxThreshold="32" />
  <references type="weak" candidates="6" cleared="0" enqueued="0" />
</gc-op>
<gc-end id="2216" type="scavenge" contextid="2212" durationms="4.921" usertimems="24.207" systemtimems="0.000" timestamp="2019-08-08T09:22:13.861" activeThreads="16">
  <mem-info id="2217" free="10778912" total="36634624" percent="29">
    <mem type="nursery" free="10482872" total="21626880" percent="48">
      <mem type="allocate" free="10482872" total="14090240" percent="74" />
      <mem type="survivor" free="0" total="7536640" percent="0" />
    </mem>
    <mem type="tenure" free="296040" total="15007744" percent="1" macro-fragmented="280422">
      <mem type="soa" free="146536" total="14858240" percent="0" />
      <mem type="loa" free="149504" total="149504" percent="100" />
    </mem>
    <remembered-set count="1417" />
  </mem-info>
</gc-end>
<cycle-end id="2218" type="scavenge" contextid="2212" timestamp="2019-08-08T09:22:13.862" />
  <attribute name="elasticGC enabled" value="1" />
  <attribute name= "numThreadsSpecified" value="16" />
  <attribute name="heapSize specified" value="36503552" />
  <attribute name="Current GC Util" value="218" />
  <attribute name= "Current Time Running" value="125010" />
  <attribute name ="GC Interval" value="1577" />
  <attribute name="Target GC Util Change" value ="80.000000" />
  <attribute name="Current GC Util Change" value="218.000000"/>
  <attribute name="Current Error" value="-242.000000" />
  <attribute name="Output H" value="36710032"/>
  <attribute name="Output I" value="1576"/>
  <attribute name="Output T" value="16"/>
  <attribute name= "Current Time Running" value="125010" />
  <attribute name="GC Util currently" value="218" />
  <attribute name="CPU Util currently" value="33334394854" />
<allocation-satisfied id="2219" threadId="0000000000AEAF00" bytesRequested="96" />
<af-end id="2220" timestamp="2019-08-08T09:22:13.862" threadId="0000000000AEB888" success="true" from="nursery"/>
<exclusive-end id="2221" timestamp="2019-08-08T09:22:13.862" durationms="5.152" />

<concurrent-kickoff id="2222" timestamp="2019-08-08T09:22:13.885">
  <kickoff reason="threshold reached" targetBytes="4249433" thresholdFreeBytes="591374"  remainingFree="586928" tenureFreeBytes="296040" nurseryFreeBytes="586928" />
</concurrent-kickoff>
<exclusive-start id="2223" timestamp="2019-08-08T09:22:13.885" intervalms="28.837">
  <response-info timems="0.013" idlems="0.013" threads="0" lastid="0000000000AEAF00" lastname="main" />
</exclusive-start>
<cycle-start id="2224" type="global" contextid="0" timestamp="2019-08-08T09:22:13.885" intervalms="160.770" />
<exclusive-end id="2225" timestamp="2019-08-08T09:22:13.885" durationms="0.012" />

<exclusive-start id="2226" timestamp="2019-08-08T09:22:13.892" intervalms="6.872">
  <response-info timems="0.023" idlems="0.023" threads="0" lastid="0000000000AEAF00" lastname="main" />
</exclusive-start>
<af-start id="2227" threadId="0000000000AEB888" totalBytesRequested="32" timestamp="2019-08-08T09:22:13.892" intervalms="35.723" type="nursery" />
<cycle-start id="2228" type="scavenge" contextid="0" timestamp="2019-08-08T09:22:13.892" intervalms="35.730" />
<gc-start id="2229" type="scavenge" contextid="2228" timestamp="2019-08-08T09:22:13.892">
  <mem-info id="2230" free="296040" total="36634624" percent="0">
    <mem type="nursery" free="0" total="21626880" percent="0">
      <mem type="allocate" free="0" total="14090240" percent="0" />
      <mem type="survivor" free="0" total="7536640" percent="0" />
    </mem>
    <mem type="tenure" free="296040" total="15007744" percent="1">
      <mem type="soa" free="146536" total="14858240" percent="0" />
      <mem type="loa" free="149504" total="149504" percent="100" />
    </mem>
    <remembered-set count="1418" />
  </mem-info>
</gc-start>
<allocation-stats totalBytes="10481280" >
  <allocated-bytes non-tlh="131176" tlh="10350104" />
  <largest-consumer threadName="main" threadId="0000000000AEAF00" bytes="10481280" />
</allocation-stats>
<gc-op id="2231" type="scavenge" timems="5.727" contextid="2228" timestamp="2019-08-08T09:22:13.898">
  <scavenger-info tenureage="13" tenuremask="6000" tiltratio="65" />
  <memory-copied type="nursery" objects="116264" bytes="4076584" bytesdiscarded="113448" />
  <references type="soft" candidates="9" cleared="0" enqueued="0" dynamicThreshold="5" maxThreshold="32" />
  <references type="weak" candidates="6" cleared="0" enqueued="0" />
</gc-op>
<heap-resize id="2232" type="expand" space="nursery" amount="1703936" count="1" timems="0.025" reason="excessive time being spent scavenging" timestamp="2019-08-08T09:22:13.898" />
<gc-end id="2233" type="scavenge" contextid="2228" durationms="6.020" usertimems="18.940" systemtimems="0.000" timestamp="2019-08-08T09:22:13.898" activeThreads="16">
  <mem-info id="2234" free="11703576" total="38338560" percent="30">
    <mem type="nursery" free="11407536" total="23330816" percent="48">
      <mem type="allocate" free="11407536" total="15597568" percent="73" />
      <mem type="survivor" free="0" total="7733248" percent="0" />
    </mem>
    <mem type="tenure" free="296040" total="15007744" percent="1" macro-fragmented="0">
      <mem type="soa" free="146536" total="14858240" percent="0" />
      <mem type="loa" free="149504" total="149504" percent="100" />
    </mem>
    <remembered-set count="1418" />
  </mem-info>
</gc-end>
<cycle-end id="2235" type="scavenge" contextid="2228" timestamp="2019-08-08T09:22:13.898" />
  <attribute name="elasticGC enabled" value="1" />
  <attribute name= "numThreadsSpecified" value="16" />
  <attribute name="heapSize specified" value="36503552" />
  <attribute name="Current GC Util" value="68" />
  <attribute name= "Current Time Running" value="125046" />
  <attribute name ="GC Interval" value="1601" />
  <attribute name="Target GC Util Change" value ="80.000000" />
  <attribute name="Current GC Util Change" value="68.000000"/>
  <attribute name="Current Error" value="-230.000000" />
  <attribute name="Output H" value="36710040"/>
  <attribute name="Output I" value="1600"/>
  <attribute name="Output T" value="16"/>
  <attribute name= "Current Time Running" value="125046" />
  <attribute name="GC Util currently" value="68" />
  <attribute name="CPU Util currently" value="32255750433" />
<allocation-satisfied id="2236" threadId="0000000000AEAF00" bytesRequested="32" />
<af-end id="2237" timestamp="2019-08-08T09:22:13.898" threadId="0000000000AEB888" success="true" from="nursery"/>
<exclusive-end id="2238" timestamp="2019-08-08T09:22:13.898" durationms="6.273" />

-------------------------------------------------------------------------------
PYBENCH 2.0
-------------------------------------------------------------------------------
* using Python 2.5.2
* system check interval set to maximum: 2147483647
* using timer: time.time

Calibrating tests. Please wait...

Running 4 round(s) of the suite at warp factor 10:

<exclusive-start id="2239" timestamp="2019-08-08T09:22:14.017" intervalms="125.273">
  <response-info timems="0.069" idlems="0.069" threads="0" lastid="0000000000AEAF00" lastname="main" />
</exclusive-start>
<af-start id="2240" threadId="0000000000AEB888" totalBytesRequested="24" timestamp="2019-08-08T09:22:14.017" intervalms="125.259" type="nursery" />
<cycle-start id="2241" type="scavenge" contextid="0" timestamp="2019-08-08T09:22:14.017" intervalms="125.250" />
<gc-start id="2242" type="scavenge" contextid="2241" timestamp="2019-08-08T09:22:14.018">
  <mem-info id="2243" free="275184" total="38338560" percent="0">
    <mem type="nursery" free="0" total="23330816" percent="0">
      <mem type="allocate" free="0" total="15597568" percent="0" />
      <mem type="survivor" free="0" total="7733248" percent="0" />
    </mem>
    <mem type="tenure" free="275184" total="15007744" percent="1">
      <mem type="soa" free="125680" total="14858240" percent="0" />
      <mem type="loa" free="149504" total="149504" percent="100" />
    </mem>
    <remembered-set count="2043" />
  </mem-info>
</gc-start>
<allocation-stats totalBytes="11427064" >
  <allocated-bytes non-tlh="20888" tlh="11406176" />
  <largest-consumer threadName="main" threadId="0000000000AEAF00" bytes="11427064" />
</allocation-stats>
<gc-op id="2244" type="scavenge" timems="5.941" contextid="2241" timestamp="2019-08-08T09:22:14.024">
  <scavenger-info tenureage="3" tenuremask="6008" tiltratio="66" />
  <memory-copied type="nursery" objects="73436" bytes="1855464" bytesdiscarded="279304" />
  <memory-copied type="tenure" objects="68747" bytes="1674016" bytesdiscarded="1104" />
  <references type="soft" candidates="2352" cleared="0" enqueued="0" dynamicThreshold="5" maxThreshold="32" />
  <references type="weak" candidates="76" cleared="6" enqueued="4" />
  <heap-resize type="expand" space="tenure" amount="1703936" count="13" timems="0.994" reason="continue current collection" />
</gc-op>
<gc-end id="2245" type="scavenge" contextid="2241" durationms="6.111" usertimems="28.426" systemtimems="0.000" timestamp="2019-08-08T09:22:14.024" activeThreads="16">
  <mem-info id="2246" free="14612728" total="40042496" percent="36">
    <mem type="nursery" free="14445816" total="23330816" percent="61">
      <mem type="allocate" free="14445816" total="16580608" percent="87" />
      <mem type="survivor" free="0" total="6750208" percent="0" />
    </mem>
    <mem type="tenure" free="166912" total="16711680" percent="0" macro-fragmented="116842">
      <mem type="soa" free="0" total="16544768" percent="0" />
      <mem type="loa" free="166912" total="166912" percent="100" />
    </mem>
    <pending-finalizers system="0" default="0" reference="4" classloader="0" />
    <remembered-set count="1300" />
  </mem-info>
</gc-end>
<cycle-end id="2247" type="scavenge" contextid="2241" timestamp="2019-08-08T09:22:14.024" />
  <attribute name="elasticGC enabled" value="1" />
  <attribute name= "numThreadsSpecified" value="16" />
  <attribute name="heapSize specified" value="36503552" />
  <attribute name="Current GC Util" value="14" />
  <attribute name= "Current Time Running" value="125171" />
  <attribute name ="GC Interval" value="1721" />
  <attribute name="Target GC Util Change" value ="80.000000" />
  <attribute name="Current GC Util Change" value="14.000000"/>
  <attribute name="Current Error" value="-164.000000" />
  <attribute name="Output H" value="38414056"/>
  <attribute name="Output I" value="1720"/>
  <attribute name="Output T" value="16"/>
  <attribute name= "Current Time Running" value="125171" />
  <attribute name="GC Util currently" value="14" />
  <attribute name="CPU Util currently" value="9206229649" />
<allocation-satisfied id="2248" threadId="0000000000AEAF00" bytesRequested="24" />
<af-end id="2249" timestamp="2019-08-08T09:22:14.024" threadId="0000000000AEB888" success="true" from="nursery"/>
<exclusive-end id="2250" timestamp="2019-08-08T09:22:14.024" durationms="6.338" />

<exclusive-start id="2251" timestamp="2019-08-08T09:22:14.032" intervalms="14.703">
  <response-info timems="0.256" idlems="0.256" threads="0" lastid="0000000000AEAF00" lastname="main" />
</exclusive-start>
<concurrent-collection-start id="2252" timestamp="2019-08-08T09:22:14.032" intervalms="290.420" >
  <concurrent-trace-info reason="card cleaning threshold reached" tracedByMutators="6429524" tracedByHelpers="5422968" cardsCleaned="980" workStackOverflowCount="0" />
</concurrent-collection-start>
<gc-start id="2253" type="global" contextid="2224" timestamp="2019-08-08T09:22:14.032">
  <mem-info id="2254" free="14321888" total="40042496" percent="35">
    <mem type="nursery" free="14154976" total="23330816" percent="60">
      <mem type="allocate" free="14154976" total="16580608" percent="85" />
      <mem type="survivor" free="0" total="6750208" percent="0" />
    </mem>
    <mem type="tenure" free="166912" total="16711680" percent="0">
      <mem type="soa" free="0" total="16544768" percent="0" />
      <mem type="loa" free="166912" total="166912" percent="100" />
    </mem>
    <remembered-set count="1301" />
  </mem-info>
</gc-start>
<allocation-stats totalBytes="290824" >
  <allocated-bytes non-tlh="24" tlh="290800" />
  <largest-consumer threadName="main" threadId="0000000000AEAF00" bytes="286728" />
</allocation-stats>
<gc-op id="2255" type="rs-scan" timems="3.224" contextid="2224" timestamp="2019-08-08T09:22:14.035">
  <scan objectsFound="741" bytesTraced="2296408" workStackOverflowCount="0" />
</gc-op>
<gc-op id="2256" type="card-cleaning" timems="0.985" contextid="2224" timestamp="2019-08-08T09:22:14.036">
  <card-cleaning cardsCleaned="0" bytesTraced="0" workStackOverflowCount="0" />
</gc-op>
<gc-op id="2257" type="mark" timems="4.845" contextid="2224" timestamp="2019-08-08T09:22:14.041">
  <trace-info objectcount="1286" scancount="1179" scanbytes="37092" />
  <finalization candidates="81" enqueued="0" />
  <ownableSynchronizers candidates="21" cleared="0" />
  <references type="soft" candidates="4189" cleared="0" enqueued="0" dynamicThreshold="5" maxThreshold="32" />
  <references type="weak" candidates="5486" cleared="2" enqueued="1" />
  <references type="phantom" candidates="77" cleared="0" enqueued="0" />
  <stringconstants candidates="13653" cleared="5"  />
</gc-op>
<gc-op id="2258" type="sweep" timems="2.060" contextid="2224" timestamp="2019-08-08T09:22:14.043" />
<mem-info id="2259" free="15189536" total="40042496" percent="37">
  <mem type="nursery" free="14724088" total="23330816" percent="63">
    <mem type="allocate" free="14724088" total="16580608" percent="88" />
    <mem type="survivor" free="0" total="6750208" percent="0" />
  </mem>
  <mem type="tenure" free="465448" total="16711680" percent="2" micro-fragmented="2561" macro-fragmented="0">
    <mem type="soa" free="298536" total="16544768" percent="1" />
    <mem type="loa" free="166912" total="166912" percent="100" />
  </mem>
  <pending-finalizers system="0" default="0" reference="1" classloader="0" />
  <remembered-set count="1294" />
</mem-info>
<gc-op id="2260" type="compact" timems="59.812" contextid="2224" timestamp="2019-08-08T09:22:14.103">
  <compact-info movecount="220666" movebytes="5746584" reason="compact to aid heap contraction" />
</gc-op>
<heap-resize id="2261" type="expand" space="tenure" amount="131072" count="1" timems="0.021" reason="satisfy allocation request" timestamp="2019-08-08T09:22:14.104" />
<gc-end id="2262" type="global" contextid="2224" durationms="71.804" usertimems="109.681" systemtimems="0.000" timestamp="2019-08-08T09:22:14.104" activeThreads="16">
  <mem-info id="2263" free="15323112" total="40173568" percent="38">
    <mem type="nursery" free="14724776" total="23330816" percent="63">
      <mem type="allocate" free="14724776" total="16580608" percent="88" />
      <mem type="survivor" free="0" total="6750208" percent="0" />
    </mem>
    <mem type="tenure" free="598336" total="16842752" percent="3">
      <mem type="soa" free="430400" total="16674816" percent="2" />
      <mem type="loa" free="167936" total="167936" percent="100" />
    </mem>
    <pending-finalizers system="0" default="0" reference="1" classloader="0" />
    <remembered-set count="1294" />
  </mem-info>
</gc-end>
<cycle-end id="2264" type="global" contextid="2224" timestamp="2019-08-08T09:22:14.104" />
  <attribute name="elasticGC enabled" value="1" />
  <attribute name= "numThreadsSpecified" value="16" />
  <attribute name="heapSize specified" value="40042496" />
  <attribute name="Current GC Util" value="51" />
  <attribute name= "Current Time Running" value="125257" />
  <attribute name ="GC Interval" value="1721" />
  <attribute name="Target GC Util Change" value ="80.000000" />
  <attribute name="Current GC Util Change" value="51.000000"/>
  <attribute name="Current Error" value="-135.000000" />
  <attribute name="Output H" value="40118024"/>
  <attribute name="Output I" value="1768"/>
  <attribute name="Output T" value="16"/>
  <attribute name= "Current Time Running" value="125257" />
  <attribute name="GC Util currently" value="51" />
  <attribute name="CPU Util currently" value="19264655949" />
<concurrent-collection-end id="2265" timestamp="2019-08-08T09:22:14.104" />
<exclusive-end id="2266" timestamp="2019-08-08T09:22:14.104" durationms="71.975" />

<concurrent-kickoff id="2267" timestamp="2019-08-08T09:22:14.159">
  <kickoff reason="threshold reached" targetBytes="6131667" thresholdFreeBytes="850734"  remainingFree="818856" tenureFreeBytes="598336" nurseryFreeBytes="818856" />
</concurrent-kickoff>
<exclusive-start id="2268" timestamp="2019-08-08T09:22:14.159" intervalms="127.347">
  <response-info timems="0.051" idlems="0.051" threads="0" lastid="0000000000AEAF00" lastname="main" />
</exclusive-start>
<cycle-start id="2269" type="global" contextid="0" timestamp="2019-08-08T09:22:14.159" intervalms="274.196" />
<exclusive-end id="2270" timestamp="2019-08-08T09:22:14.159" durationms="0.015" />

<exclusive-start id="2271" timestamp="2019-08-08T09:22:14.176" intervalms="16.184">
  <response-info timems="0.042" idlems="0.042" threads="0" lastid="0000000000AEAF00" lastname="main" />
</exclusive-start>
<af-start id="2272" threadId="0000000000AEB888" totalBytesRequested="32" timestamp="2019-08-08T09:22:14.176" intervalms="158.234" type="nursery" />
<percolate-collect id="2273" from="nursery" to="global" reason="concurrent mark exhausted" timestamp="2019-08-08T09:22:14.176"/>
<gc-start id="2274" type="global" contextid="2269" timestamp="2019-08-08T09:22:14.176">
  <mem-info id="2275" free="598336" total="40173568" percent="1">
    <mem type="nursery" free="0" total="23330816" percent="0">
      <mem type="allocate" free="0" total="16580608" percent="0" />
      <mem type="survivor" free="0" total="6750208" percent="0" />
    </mem>
    <mem type="tenure" free="598336" total="16842752" percent="3">
      <mem type="soa" free="430400" total="16674816" percent="2" />
      <mem type="loa" free="167936" total="167936" percent="100" />
    </mem>
    <remembered-set count="1295" />
  </mem-info>
</gc-start>
<allocation-stats totalBytes="14724208" >
  <allocated-bytes non-tlh="0" tlh="14724208" />
  <largest-consumer threadName="main" threadId="0000000000AEAF00" bytes="14724208" />
</allocation-stats>
<concurrent-halted id="2276" timestamp="2019-08-08T09:22:14.176">
  <halted state="Complete" status="exhausted" />
  <traced bytesTarget="6131667" bytesTotal="11130484" bytesByMutator="4405340" bytesByHelper="6725144" percent="181" />
  <cards cleaned="0" thresholdBytes="335137" />
</concurrent-halted>
<gc-op id="2277" type="rs-scan" timems="0.849" contextid="2269" timestamp="2019-08-08T09:22:14.177">
  <scan objectsFound="206" bytesTraced="21316" workStackOverflowCount="0" />
</gc-op>
<gc-op id="2278" type="card-cleaning" timems="2.695" contextid="2269" timestamp="2019-08-08T09:22:14.179">
  <card-cleaning cardsCleaned="0" bytesTraced="2233324" workStackOverflowCount="0" />
</gc-op>
<gc-op id="2279" type="mark" timems="5.869" contextid="2269" timestamp="2019-08-08T09:22:14.185">
  <trace-info objectcount="2916" scancount="2571" scanbytes="71340" />
  <finalization candidates="81" enqueued="1" />
  <ownableSynchronizers candidates="21" cleared="0" />
  <references type="soft" candidates="4189" cleared="928" enqueued="928" dynamicThreshold="1" maxThreshold="32" />
  <references type="weak" candidates="5462" cleared="0" enqueued="0" />
  <references type="phantom" candidates="77" cleared="0" enqueued="0" />
  <stringconstants candidates="13648" cleared="0"  />
</gc-op>
<gc-op id="2280" type="sweep" timems="7.610" contextid="2269" timestamp="2019-08-08T09:22:14.193" />
<mem-info id="2281" free="15350408" total="40173568" percent="38">
  <mem type="nursery" free="14739416" total="23330816" percent="63">
    <mem type="allocate" free="14739416" total="16580608" percent="88" />
    <mem type="survivor" free="0" total="6750208" percent="0" />
  </mem>
  <mem type="tenure" free="610992" total="16842752" percent="3" micro-fragmented="1537" macro-fragmented="0">
    <mem type="soa" free="443056" total="16674816" percent="2" />
    <mem type="loa" free="167936" total="167936" percent="100" />
  </mem>
  <pending-finalizers system="0" default="1" reference="928" classloader="0" />
  <remembered-set count="1248" />
</mem-info>
<gc-op id="2282" type="compact" timems="153.660" contextid="2269" timestamp="2019-08-08T09:22:14.347">
  <compact-info movecount="586583" movebytes="17379320" reason="compact to aid heap contraction" />
</gc-op>
<heap-resize id="2283" type="expand" space="tenure" amount="131072" count="1" timems="0.019" reason="satisfy allocation request" timestamp="2019-08-08T09:22:14.348" />
<gc-end id="2284" type="global" contextid="2269" durationms="172.210" usertimems="274.744" systemtimems="0.000" timestamp="2019-08-08T09:22:14.348" activeThreads="16">
  <mem-info id="2285" free="15519832" total="40304640" percent="38">
    <mem type="nursery" free="14772216" total="23330816" percent="63">
      <mem type="allocate" free="14772216" total="16580608" percent="89" />
      <mem type="survivor" free="0" total="6750208" percent="0" />
    </mem>
    <mem type="tenure" free="747616" total="16973824" percent="4">
      <mem type="soa" free="578656" total="16804864" percent="3" />
      <mem type="loa" free="168960" total="168960" percent="100" />
    </mem>
    <pending-finalizers system="0" default="1" reference="928" classloader="0" />
    <remembered-set count="1248" />
  </mem-info>
</gc-end>
<cycle-end id="2286" type="global" contextid="2269" timestamp="2019-08-08T09:22:14.348" />
  <attribute name="elasticGC enabled" value="1" />
  <attribute name= "numThreadsSpecified" value="16" />
  <attribute name="heapSize specified" value="40173568" />
  <attribute name="Current GC Util" value="24" />
  <attribute name= "Current Time Running" value="125500" />
  <attribute name ="GC Interval" value="1721" />
  <attribute name="Target GC Util Change" value ="80.000000" />
  <attribute name="Current GC Util Change" value="24.000000"/>
  <attribute name="Current Error" value="56.000000" />
  <attribute name="Output H" value="40249312"/>
  <attribute name="Output I" value="2112"/>
  <attribute name="Output T" value="16"/>
  <attribute name= "Current Time Running" value="125500" />
  <attribute name="GC Util currently" value="24" />
  <attribute name="CPU Util currently" value="7501502049" />
<allocation-satisfied id="2287" threadId="0000000000AEAF00" bytesRequested="32" />
<af-end id="2288" timestamp="2019-08-08T09:22:14.348" threadId="0000000000AEB888" success="true" from="nursery"/>
<exclusive-end id="2289" timestamp="2019-08-08T09:22:14.348" durationms="172.442" />

<concurrent-kickoff id="2290" timestamp="2019-08-08T09:22:14.451">
  <kickoff reason="threshold reached" targetBytes="7160927" thresholdFreeBytes="992535"  remainingFree="870360" tenureFreeBytes="747616" nurseryFreeBytes="870360" />
</concurrent-kickoff>
<exclusive-start id="2291" timestamp="2019-08-08T09:22:14.451" intervalms="275.246">
  <response-info timems="0.081" idlems="0.081" threads="0" lastid="0000000000AEAF00" lastname="main" />
</exclusive-start>
<cycle-start id="2292" type="global" contextid="0" timestamp="2019-08-08T09:22:14.451" intervalms="291.440" />
<exclusive-end id="2293" timestamp="2019-08-08T09:22:14.451" durationms="0.024" />

<exclusive-start id="2294" timestamp="2019-08-08T09:22:14.468" intervalms="17.394">
  <response-info timems="0.019" idlems="0.019" threads="0" lastid="0000000000AEAF00" lastname="main" />
</exclusive-start>
<af-start id="2295" threadId="0000000000AEB888" totalBytesRequested="32" timestamp="2019-08-08T09:22:14.468" intervalms="292.643" type="nursery" />
<cycle-start id="2296" type="scavenge" contextid="0" timestamp="2019-08-08T09:22:14.468" intervalms="450.877" />
<gc-start id="2297" type="scavenge" contextid="2296" timestamp="2019-08-08T09:22:14.468">
  <mem-info id="2298" free="747616" total="40304640" percent="1">
    <mem type="nursery" free="0" total="23330816" percent="0">
      <mem type="allocate" free="0" total="16580608" percent="0" />
      <mem type="survivor" free="0" total="6750208" percent="0" />
    </mem>
    <mem type="tenure" free="747616" total="16973824" percent="4">
      <mem type="soa" free="578656" total="16804864" percent="3" />
      <mem type="loa" free="168960" total="168960" percent="100" />
    </mem>
    <remembered-set count="1267" />
  </mem-info>
</gc-start>
<allocation-stats totalBytes="14769320" >
  <allocated-bytes non-tlh="32" tlh="14769288" />
  <largest-consumer threadName="main" threadId="0000000000AEAF00" bytes="14729928" />
</allocation-stats>
<gc-op id="2299" type="scavenge" timems="3.613" contextid="2296" timestamp="2019-08-08T09:22:14.472">
  <scavenger-info tenureage="2" tenuremask="600c" tiltratio="71" />
  <memory-copied type="nursery" objects="24015" bytes="595640" bytesdiscarded="170032" />
  <memory-copied type="tenure" objects="47466" bytes="1194736" bytesdiscarded="560" />
  <ownableSynchronizers candidates="42" cleared="42" />
  <references type="soft" candidates="1433" cleared="0" enqueued="0" dynamicThreshold="1" maxThreshold="32" />
  <references type="weak" candidates="70" cleared="0" enqueued="0" />
  <heap-resize type="expand" space="tenure" amount="917504" count="7" timems="1.051" reason="continue current collection" />
</gc-op>
<gc-end id="2300" type="scavenge" contextid="2296" durationms="3.852" usertimems="12.973" systemtimems="0.000" timestamp="2019-08-08T09:22:14.472" activeThreads="16">
  <mem-info id="2301" free="17024512" total="41222144" percent="41">
    <mem type="nursery" free="16732416" total="23330816" percent="71">
      <mem type="allocate" free="16732416" total="17498112" percent="95" />
      <mem type="survivor" free="0" total="5832704" percent="0" />
    </mem>
    <mem type="tenure" free="292096" total="17891328" percent="1" macro-fragmented="0">
      <mem type="soa" free="113920" total="17713152" percent="0" />
      <mem type="loa" free="178176" total="178176" percent="100" />
    </mem>
    <remembered-set count="1647" />
  </mem-info>
</gc-end>
<cycle-end id="2302" type="scavenge" contextid="2296" timestamp="2019-08-08T09:22:14.472" />
  <attribute name="elasticGC enabled" value="1" />
  <attribute name= "numThreadsSpecified" value="16" />
  <attribute name="heapSize specified" value="40173568" />
  <attribute name="Current GC Util" value="258" />
  <attribute name= "Current Time Running" value="125622" />
  <attribute name ="GC Interval" value="1793" />
  <attribute name="Target GC Util Change" value ="80.000000" />
  <attribute name="Current GC Util Change" value="258.000000"/>
  <attribute name="Current Error" value="-122.000000" />
  <attribute name="Output H" value="40380184"/>
  <attribute name="Output I" value="1792"/>
  <attribute name="Output T" value="16"/>
  <attribute name= "Current Time Running" value="125622" />
  <attribute name="GC Util currently" value="258" />
  <attribute name="CPU Util currently" value="9484452488" />
<allocation-satisfied id="2303" threadId="0000000000AEAF00" bytesRequested="32" />
<af-end id="2304" timestamp="2019-08-08T09:22:14.472" threadId="0000000000AEB888" success="true" from="nursery"/>
<exclusive-end id="2305" timestamp="2019-08-08T09:22:14.472" durationms="4.074" />

<exclusive-start id="2306" timestamp="2019-08-08T09:22:14.475" intervalms="7.063">
  <response-info timems="0.124" idlems="0.124" threads="0" lastid="0000000000AEAF00" lastname="main" />
</exclusive-start>
<concurrent-collection-start id="2307" timestamp="2019-08-08T09:22:14.475" intervalms="443.219" >
  <concurrent-trace-info reason="card cleaning threshold reached" tracedByMutators="6839956" tracedByHelpers="5974672" cardsCleaned="19" workStackOverflowCount="0" />
</concurrent-collection-start>
<gc-start id="2308" type="global" contextid="2292" timestamp="2019-08-08T09:22:14.475">
  <mem-info id="2309" free="16889312" total="41222144" percent="40">
    <mem type="nursery" free="16597216" total="23330816" percent="71">
      <mem type="allocate" free="16597216" total="17498112" percent="94" />
      <mem type="survivor" free="0" total="5832704" percent="0" />
    </mem>
    <mem type="tenure" free="292096" total="17891328" percent="1">
      <mem type="soa" free="113920" total="17713152" percent="0" />
      <mem type="loa" free="178176" total="178176" percent="100" />
    </mem>
    <remembered-set count="1647" />
  </mem-info>
</gc-start>
<allocation-stats totalBytes="135184" >
  <allocated-bytes non-tlh="32" tlh="135152" />
  <largest-consumer threadName="main" threadId="0000000000AEAF00" bytes="135184" />
</allocation-stats>
<gc-op id="2310" type="rs-scan" timems="2.788" contextid="2292" timestamp="2019-08-08T09:22:14.478">
  <scan objectsFound="1166" bytesTraced="769820" workStackOverflowCount="0" />
</gc-op>
<gc-op id="2311" type="card-cleaning" timems="0.790" contextid="2292" timestamp="2019-08-08T09:22:14.479">
  <card-cleaning cardsCleaned="0" bytesTraced="2464" workStackOverflowCount="0" />
</gc-op>
<gc-op id="2312" type="mark" timems="3.264" contextid="2292" timestamp="2019-08-08T09:22:14.482">
  <trace-info objectcount="407" scancount="392" scanbytes="12480" />
  <finalization candidates="80" enqueued="0" />
  <ownableSynchronizers candidates="21" cleared="0" />
  <references type="soft" candidates="3261" cleared="0" enqueued="0" dynamicThreshold="1" maxThreshold="32" />
  <references type="weak" candidates="5462" cleared="0" enqueued="0" />
  <references type="phantom" candidates="77" cleared="1" enqueued="1" />
  <stringconstants candidates="13648" cleared="50"  />
</gc-op>
<gc-op id="2313" type="sweep" timems="1.671" contextid="2292" timestamp="2019-08-08T09:22:14.484" />
<mem-info id="2314" free="17383192" total="41222144" percent="42">
  <mem type="nursery" free="16900904" total="23330816" percent="72">
    <mem type="allocate" free="16900904" total="17498112" percent="96" />
    <mem type="survivor" free="0" total="5832704" percent="0" />
  </mem>
  <mem type="tenure" free="482288" total="17891328" percent="2" micro-fragmented="514" macro-fragmented="0">
    <mem type="soa" free="304112" total="17713152" percent="1" />
    <mem type="loa" free="178176" total="178176" percent="100" />
  </mem>
  <pending-finalizers system="0" default="0" reference="1" classloader="0" />
  <remembered-set count="1593" />
</mem-info>
<gc-op id="2315" type="compact" timems="113.120" contextid="2292" timestamp="2019-08-08T09:22:14.597">
  <compact-info movecount="538239" movebytes="14397288" reason="compact to aid heap contraction" />
</gc-op>
<heap-resize id="2316" type="expand" space="tenure" amount="131072" count="1" timems="0.022" reason="satisfy allocation request" timestamp="2019-08-08T09:22:14.598" />
<gc-end id="2317" type="global" contextid="2292" durationms="122.371" usertimems="142.248" systemtimems="0.000" timestamp="2019-08-08T09:22:14.598" activeThreads="16">
  <mem-info id="2318" free="17517712" total="41353216" percent="42">
    <mem type="nursery" free="16902416" total="23330816" percent="72">
      <mem type="allocate" free="16902416" total="17498112" percent="96" />
      <mem type="survivor" free="0" total="5832704" percent="0" />
    </mem>
    <mem type="tenure" free="615296" total="18022400" percent="3">
      <mem type="soa" free="435072" total="17842176" percent="2" />
      <mem type="loa" free="180224" total="180224" percent="100" />
    </mem>
    <pending-finalizers system="0" default="0" reference="1" classloader="0" />
    <remembered-set count="1593" />
  </mem-info>
</gc-end>
<cycle-end id="2319" type="global" contextid="2292" timestamp="2019-08-08T09:22:14.598" />
  <attribute name="elasticGC enabled" value="1" />
  <attribute name= "numThreadsSpecified" value="16" />
  <attribute name="heapSize specified" value="41222144" />
  <attribute name="Current GC Util" value="12" />
  <attribute name= "Current Time Running" value="125751" />
  <attribute name ="GC Interval" value="1793" />
  <attribute name="Target GC Util Change" value ="80.000000" />
  <attribute name="Current GC Util Change" value="12.000000"/>
  <attribute name="Current Error" value="-109.000000" />
  <attribute name="Output H" value="41297704"/>
  <attribute name="Output I" value="1816"/>
  <attribute name="Output T" value="16"/>
  <attribute name= "Current Time Running" value="125751" />
  <attribute name="GC Util currently" value="12" />
  <attribute name="CPU Util currently" value="10187327299" />
<concurrent-collection-end id="2320" timestamp="2019-08-08T09:22:14.598" />
<exclusive-end id="2321" timestamp="2019-08-08T09:22:14.598" durationms="122.519" />

<concurrent-kickoff id="2322" timestamp="2019-08-08T09:22:14.676">
  <kickoff reason="threshold reached" targetBytes="8634089" thresholdFreeBytes="1180532"  remainingFree="1124624" tenureFreeBytes="615296" nurseryFreeBytes="1124624" />
</concurrent-kickoff>
<exclusive-start id="2323" timestamp="2019-08-08T09:22:14.676" intervalms="200.897">
  <response-info timems="0.040" idlems="0.040" threads="0" lastid="0000000000AEAF00" lastname="main" />
</exclusive-start>
<cycle-start id="2324" type="global" contextid="0" timestamp="2019-08-08T09:22:14.676" intervalms="225.353" />
<exclusive-end id="2325" timestamp="2019-08-08T09:22:14.676" durationms="0.026" />

<exclusive-start id="2326" timestamp="2019-08-08T09:22:14.695" intervalms="18.346">
  <response-info timems="0.035" idlems="0.035" threads="0" lastid="0000000000AEAF00" lastname="main" />
</exclusive-start>
<af-start id="2327" threadId="0000000000AEB888" totalBytesRequested="32" timestamp="2019-08-08T09:22:14.695" intervalms="226.305" type="nursery" />
<cycle-start id="2328" type="scavenge" contextid="0" timestamp="2019-08-08T09:22:14.695" intervalms="226.305" />
<gc-start id="2329" type="scavenge" contextid="2328" timestamp="2019-08-08T09:22:14.695">
  <mem-info id="2330" free="615296" total="41353216" percent="1">
    <mem type="nursery" free="0" total="23330816" percent="0">
      <mem type="allocate" free="0" total="17498112" percent="0" />
      <mem type="survivor" free="0" total="5832704" percent="0" />
    </mem>
    <mem type="tenure" free="615296" total="18022400" percent="3">
      <mem type="soa" free="435072" total="17842176" percent="2" />
      <mem type="loa" free="180224" total="180224" percent="100" />
    </mem>
    <remembered-set count="1595" />
  </mem-info>
</gc-start>
<allocation-stats totalBytes="16899816" >
  <allocated-bytes non-tlh="0" tlh="16899816" />
  <largest-consumer threadName="main" threadId="0000000000AEAF00" bytes="16899816" />
</allocation-stats>
<gc-op id="2331" type="scavenge" timems="3.727" contextid="2328" timestamp="2019-08-08T09:22:14.698">
  <scavenger-info tenureage="14" tenuremask="4000" tiltratio="75" />
  <memory-copied type="nursery" objects="24015" bytes="595640" bytesdiscarded="53296" />
  <ownableSynchronizers candidates="42" cleared="42" />
  <references type="soft" candidates="1433" cleared="0" enqueued="0" dynamicThreshold="1" maxThreshold="32" />
  <references type="weak" candidates="70" cleared="0" enqueued="0" />
</gc-op>
<gc-end id="2332" type="scavenge" contextid="2328" durationms="4.097" usertimems="6.962" systemtimems="0.000" timestamp="2019-08-08T09:22:14.699" activeThreads="16">
  <mem-info id="2333" free="18513024" total="41353216" percent="44">
    <mem type="nursery" free="17897728" total="23330816" percent="76">
      <mem type="allocate" free="17897728" total="18546688" percent="96" />
      <mem type="survivor" free="0" total="4784128" percent="0" />
    </mem>
    <mem type="tenure" free="615296" total="18022400" percent="3" macro-fragmented="168253">
      <mem type="soa" free="435072" total="17842176" percent="2" />
      <mem type="loa" free="180224" total="180224" percent="100" />
    </mem>
    <remembered-set count="1131" />
  </mem-info>
</gc-end>
<cycle-end id="2334" type="scavenge" contextid="2328" timestamp="2019-08-08T09:22:14.699" />
  <attribute name="elasticGC enabled" value="1" />
  <attribute name= "numThreadsSpecified" value="16" />
  <attribute name="heapSize specified" value="41222144" />
  <attribute name="Current GC Util" value="119" />
  <attribute name= "Current Time Running" value="125848" />
  <attribute name ="GC Interval" value="1745" />
  <attribute name="Target GC Util Change" value ="80.000000" />
  <attribute name="Current GC Util Change" value="119.000000"/>
  <attribute name="Current Error" value="-148.000000" />
  <attribute name="Output H" value="41428728"/>
  <attribute name="Output I" value="1744"/>
  <attribute name="Output T" value="16"/>
  <attribute name= "Current Time Running" value="125848" />
  <attribute name="GC Util currently" value="119" />
  <attribute name="CPU Util currently" value="11845138243" />
<allocation-satisfied id="2335" threadId="0000000000AEAF00" bytesRequested="32" />
<af-end id="2336" timestamp="2019-08-08T09:22:14.699" threadId="0000000000AEB888" success="true" from="nursery"/>
<exclusive-end id="2337" timestamp="2019-08-08T09:22:14.699" durationms="4.368" />

<exclusive-start id="2338" timestamp="2019-08-08T09:22:14.700" intervalms="4.940">
  <response-info timems="0.049" idlems="0.049" threads="0" lastid="0000000000AEAF00" lastname="main" />
</exclusive-start>
<concurrent-collection-start id="2339" timestamp="2019-08-08T09:22:14.700" intervalms="224.185" >
  <concurrent-trace-info reason="card cleaning threshold reached" tracedByMutators="5002752" tracedByHelpers="7804824" cardsCleaned="14" workStackOverflowCount="0" />
</concurrent-collection-start>
<gc-start id="2340" type="global" contextid="2324" timestamp="2019-08-08T09:22:14.700">
  <mem-info id="2341" free="18377824" total="41353216" percent="44">
    <mem type="nursery" free="17762528" total="23330816" percent="76">
      <mem type="allocate" free="17762528" total="18546688" percent="95" />
      <mem type="survivor" free="0" total="4784128" percent="0" />
    </mem>
    <mem type="tenure" free="615296" total="18022400" percent="3">
      <mem type="soa" free="435072" total="17842176" percent="2" />
      <mem type="loa" free="180224" total="180224" percent="100" />
    </mem>
    <remembered-set count="1131" />
  </mem-info>
</gc-start>
<allocation-stats totalBytes="135192" >
  <allocated-bytes non-tlh="32" tlh="135160" />
  <largest-consumer threadName="main" threadId="0000000000AEAF00" bytes="135192" />
</allocation-stats>
<gc-op id="2342" type="rs-scan" timems="3.279" contextid="2324" timestamp="2019-08-08T09:22:14.704">
  <scan objectsFound="1093" bytesTraced="768076" workStackOverflowCount="0" />
</gc-op>
<gc-op id="2343" type="card-cleaning" timems="4.309" contextid="2324" timestamp="2019-08-08T09:22:14.708">
  <card-cleaning cardsCleaned="0" bytesTraced="2464" workStackOverflowCount="0" />
</gc-op>
<gc-op id="2344" type="mark" timems="5.262" contextid="2324" timestamp="2019-08-08T09:22:14.713">
  <trace-info objectcount="407" scancount="392" scanbytes="12480" />
  <finalization candidates="80" enqueued="0" />
  <ownableSynchronizers candidates="21" cleared="0" />
  <references type="soft" candidates="3261" cleared="0" enqueued="0" dynamicThreshold="1" maxThreshold="32" />
  <references type="weak" candidates="5462" cleared="0" enqueued="0" />
  <references type="phantom" candidates="76" cleared="0" enqueued="0" />
  <stringconstants candidates="13598" cleared="0"  />
</gc-op>
<gc-op id="2345" type="sweep" timems="3.306" contextid="2324" timestamp="2019-08-08T09:22:14.717" />
<mem-info id="2346" free="18566080" total="41353216" percent="44">
  <mem type="nursery" free="17950784" total="23330816" percent="76">
    <mem type="allocate" free="17950784" total="18546688" percent="96" />
    <mem type="survivor" free="0" total="4784128" percent="0" />
  </mem>
  <mem type="tenure" free="615296" total="18022400" percent="3" micro-fragmented="0" macro-fragmented="201903">
    <mem type="soa" free="435072" total="17842176" percent="2" />
    <mem type="loa" free="180224" total="180224" percent="100" />
  </mem>
  <remembered-set count="1130" />
</mem-info>
<gc-op id="2347" type="compact" timems="94.806" contextid="2324" timestamp="2019-08-08T09:22:14.811">
  <compact-info movecount="446522" movebytes="11300312" reason="compact to aid heap contraction" />
</gc-op>
<heap-resize id="2348" type="expand" space="tenure" amount="131072" count="1" timems="0.019" reason="satisfy allocation request" timestamp="2019-08-08T09:22:14.812" />
<gc-end id="2349" type="global" contextid="2324" durationms="112.475" usertimems="135.059" systemtimems="0.000" timestamp="2019-08-08T09:22:14.812" activeThreads="16">
  <mem-info id="2350" free="18697408" total="41484288" percent="45">
    <mem type="nursery" free="17950992" total="23330816" percent="76">
      <mem type="allocate" free="17950992" total="18546688" percent="96" />
      <mem type="survivor" free="0" total="4784128" percent="0" />
    </mem>
    <mem type="tenure" free="746416" total="18153472" percent="4">
      <mem type="soa" free="565168" total="17972224" percent="3" />
      <mem type="loa" free="181248" total="181248" percent="100" />
    </mem>
    <remembered-set count="1130" />
  </mem-info>
</gc-end>
<cycle-end id="2351" type="global" contextid="2324" timestamp="2019-08-08T09:22:14.812" />
  <attribute name="elasticGC enabled" value="1" />
  <attribute name= "numThreadsSpecified" value="16" />
  <attribute name="heapSize specified" value="41353216" />
  <attribute name="Current GC Util" value="11" />
  <attribute name= "Current Time Running" value="125965" />
  <attribute name ="GC Interval" value="1745" />
  <attribute name="Target GC Util Change" value ="80.000000" />
  <attribute name="Current GC Util Change" value="11.000000"/>
  <attribute name="Current Error" value="-69.000000" />
  <attribute name="Output H" value="41428824"/>
  <attribute name="Output I" value="1888"/>
  <attribute name="Output T" value="16"/>
  <attribute name= "Current Time Running" value="125965" />
  <attribute name="GC Util currently" value="11" />
  <attribute name="CPU Util currently" value="12157051344" />
<concurrent-collection-end id="2352" timestamp="2019-08-08T09:22:14.812" />
<exclusive-end id="2353" timestamp="2019-08-08T09:22:14.812" durationms="112.632" />

<concurrent-kickoff id="2354" timestamp="2019-08-08T09:22:16.891">
  <kickoff reason="threshold reached" targetBytes="9521507" thresholdFreeBytes="1304697"  remainingFree="1255696" tenureFreeBytes="746352" nurseryFreeBytes="1255696" />
</concurrent-kickoff>
<exclusive-start id="2355" timestamp="2019-08-08T09:22:16.891" intervalms="2191.854">
  <response-info timems="0.022" idlems="0.022" threads="0" lastid="0000000000AEAF00" lastname="main" />
</exclusive-start>
<cycle-start id="2356" type="global" contextid="0" timestamp="2019-08-08T09:22:16.891" intervalms="2215.133" />
<exclusive-end id="2357" timestamp="2019-08-08T09:22:16.891" durationms="0.018" />

<exclusive-start id="2358" timestamp="2019-08-08T09:22:16.906" intervalms="14.889">
  <response-info timems="0.039" idlems="0.039" threads="0" lastid="0000000000AEAF00" lastname="main" />
</exclusive-start>
<concurrent-collection-start id="2359" timestamp="2019-08-08T09:22:16.906" intervalms="2206.758" >
  <concurrent-trace-info reason="card cleaning threshold reached" tracedByMutators="4052600" tracedByHelpers="8751632" cardsCleaned="0" workStackOverflowCount="0" />
</concurrent-collection-start>
<gc-start id="2360" type="global" contextid="2356" timestamp="2019-08-08T09:22:16.906">
  <mem-info id="2361" free="953472" total="41484288" percent="2">
    <mem type="nursery" free="207120" total="23330816" percent="0">
      <mem type="allocate" free="207120" total="18546688" percent="1" />
      <mem type="survivor" free="0" total="4784128" percent="0" />
    </mem>
    <mem type="tenure" free="746352" total="18153472" percent="4">
      <mem type="soa" free="565104" total="17972224" percent="3" />
      <mem type="loa" free="181248" total="181248" percent="100" />
    </mem>
    <remembered-set count="1132" />
  </mem-info>
</gc-start>
<allocation-stats totalBytes="17701752" >
  <allocated-bytes non-tlh="64" tlh="17701688" />
  <largest-consumer threadName="main" threadId="0000000000AEAF00" bytes="17701752" />
</allocation-stats>
<gc-op id="2362" type="rs-scan" timems="2.068" contextid="2356" timestamp="2019-08-08T09:22:16.908">
  <scan objectsFound="1094" bytesTraced="769300" workStackOverflowCount="0" />
</gc-op>
<gc-op id="2363" type="card-cleaning" timems="0.610" contextid="2356" timestamp="2019-08-08T09:22:16.909">
  <card-cleaning cardsCleaned="0" bytesTraced="2592" workStackOverflowCount="0" />
</gc-op>
<gc-op id="2364" type="mark" timems="3.354" contextid="2356" timestamp="2019-08-08T09:22:16.913">
  <trace-info objectcount="408" scancount="393" scanbytes="12480" />
  <finalization candidates="80" enqueued="0" />
  <ownableSynchronizers candidates="21" cleared="0" />
  <references type="soft" candidates="3261" cleared="0" enqueued="0" dynamicThreshold="1" maxThreshold="32" />
  <references type="weak" candidates="5462" cleared="0" enqueued="0" />
  <references type="phantom" candidates="76" cleared="0" enqueued="0" />
  <stringconstants candidates="13599" cleared="0"  />
</gc-op>
<gc-op id="2365" type="sweep" timems="1.576" contextid="2356" timestamp="2019-08-08T09:22:16.914" />
<mem-info id="2366" free="18691608" total="41484288" percent="45">
  <mem type="nursery" free="17945256" total="23330816" percent="76">
    <mem type="allocate" free="17945256" total="18546688" percent="96" />
    <mem type="survivor" free="0" total="4784128" percent="0" />
  </mem>
  <mem type="tenure" free="746352" total="18153472" percent="4" micro-fragmented="0" macro-fragmented="0">
    <mem type="soa" free="565104" total="17972224" percent="3" />
    <mem type="loa" free="181248" total="181248" percent="100" />
  </mem>
  <remembered-set count="1132" />
</mem-info>
<gc-op id="2367" type="compact" timems="23.861" contextid="2356" timestamp="2019-08-08T09:22:16.938">
  <compact-info movecount="24079" movebytes="599384" reason="compact to aid heap contraction" />
</gc-op>
<heap-resize id="2368" type="expand" space="tenure" amount="131072" count="1" timems="0.025" reason="satisfy allocation request" timestamp="2019-08-08T09:22:16.939" />
<gc-end id="2369" type="global" contextid="2356" durationms="32.677" usertimems="50.779" systemtimems="0.000" timestamp="2019-08-08T09:22:16.939" activeThreads="16">
  <mem-info id="2370" free="18824728" total="41615360" percent="45">
    <mem type="nursery" free="17947304" total="23330816" percent="76">
      <mem type="allocate" free="17947304" total="18546688" percent="96" />
      <mem type="survivor" free="0" total="4784128" percent="0" />
    </mem>
    <mem type="tenure" free="877424" total="18284544" percent="4">
      <mem type="soa" free="695152" total="18102272" percent="3" />
      <mem type="loa" free="182272" total="182272" percent="100" />
    </mem>
    <remembered-set count="1132" />
  </mem-info>
</gc-end>
<cycle-end id="2371" type="global" contextid="2356" timestamp="2019-08-08T09:22:16.939" />
  <attribute name="elasticGC enabled" value="1" />
  <attribute name= "numThreadsSpecified" value="16" />
  <attribute name="heapSize specified" value="41484288" />
  <attribute name="Current GC Util" value="50" />
  <attribute name= "Current Time Running" value="128092" />
  <attribute name ="GC Interval" value="1745" />
  <attribute name="Target GC Util Change" value ="80.000000" />
  <attribute name="Current GC Util Change" value="50.000000"/>
  <attribute name="Current Error" value="-51.000000" />
  <attribute name="Output H" value="41559912"/>
  <attribute name="Output I" value="1920"/>
  <attribute name="Output T" value="16"/>
  <attribute name= "Current Time Running" value="128092" />
  <attribute name="GC Util currently" value="50" />
  <attribute name="CPU Util currently" value="48242002181" />
<concurrent-collection-end id="2372" timestamp="2019-08-08T09:22:16.939" />
<exclusive-end id="2373" timestamp="2019-08-08T09:22:16.939" durationms="32.865" />

<concurrent-kickoff id="2374" timestamp="2019-08-08T09:22:16.950">
  <kickoff reason="threshold reached" targetBytes="10243898" thresholdFreeBytes="1406333"  remainingFree="1333928" tenureFreeBytes="877424" nurseryFreeBytes="1333928" />
</concurrent-kickoff>
<exclusive-start id="2375" timestamp="2019-08-08T09:22:16.950" intervalms="43.895">
  <response-info timems="0.029" idlems="0.029" threads="0" lastid="0000000000AEAF00" lastname="main" />
</exclusive-start>
<cycle-start id="2376" type="global" contextid="0" timestamp="2019-08-08T09:22:16.950" intervalms="58.787" />
<exclusive-end id="2377" timestamp="2019-08-08T09:22:16.950" durationms="0.020" />

<exclusive-start id="2378" timestamp="2019-08-08T09:22:16.982" intervalms="31.813">
  <response-info timems="0.017" idlems="0.017" threads="0" lastid="0000000000AEAF00" lastname="main" />
</exclusive-start>
<concurrent-collection-start id="2379" timestamp="2019-08-08T09:22:16.982" intervalms="75.701" >
  <concurrent-trace-info reason="card cleaning threshold reached" tracedByMutators="3163004" tracedByHelpers="9641228" cardsCleaned="0" workStackOverflowCount="0" />
</concurrent-collection-start>
<gc-start id="2380" type="global" contextid="2376" timestamp="2019-08-08T09:22:16.982">
  <mem-info id="2381" free="1031704" total="41615360" percent="2">
    <mem type="nursery" free="154280" total="23330816" percent="0">
      <mem type="allocate" free="154280" total="18546688" percent="0" />
      <mem type="survivor" free="0" total="4784128" percent="0" />
    </mem>
    <mem type="tenure" free="877424" total="18284544" percent="4">
      <mem type="soa" free="695152" total="18102272" percent="3" />
      <mem type="loa" free="182272" total="182272" percent="100" />
    </mem>
    <remembered-set count="1132" />
  </mem-info>
</gc-start>
<allocation-stats totalBytes="17725328" >
  <allocated-bytes non-tlh="0" tlh="17725328" />
  <largest-consumer threadName="main" threadId="0000000000AEAF00" bytes="17725328" />
</allocation-stats>
<gc-op id="2382" type="rs-scan" timems="20.876" contextid="2376" timestamp="2019-08-08T09:22:17.003">
  <scan objectsFound="1094" bytesTraced="769300" workStackOverflowCount="0" />
</gc-op>
<gc-op id="2383" type="card-cleaning" timems="9.520" contextid="2376" timestamp="2019-08-08T09:22:17.013">
  <card-cleaning cardsCleaned="0" bytesTraced="2592" workStackOverflowCount="0" />
</gc-op>
<gc-op id="2384" type="mark" timems="10.904" contextid="2376" timestamp="2019-08-08T09:22:17.031">
  <trace-info objectcount="408" scancount="393" scanbytes="12480" />
  <finalization candidates="80" enqueued="0" />
  <ownableSynchronizers candidates="21" cleared="0" />
  <references type="soft" candidates="3261" cleared="0" enqueued="0" dynamicThreshold="1" maxThreshold="32" />
  <references type="weak" candidates="5462" cleared="0" enqueued="0" />
  <references type="phantom" candidates="76" cleared="0" enqueued="0" />
  <stringconstants candidates="13599" cleared="0"  />
</gc-op>
<gc-op id="2385" type="sweep" timems="8.995" contextid="2376" timestamp="2019-08-08T09:22:17.040" />
<mem-info id="2386" free="18824248" total="41615360" percent="45">
  <mem type="nursery" free="17946824" total="23330816" percent="76">
    <mem type="allocate" free="17946824" total="18546688" percent="96" />
    <mem type="survivor" free="0" total="4784128" percent="0" />
  </mem>
  <mem type="tenure" free="877424" total="18284544" percent="4" micro-fragmented="0" macro-fragmented="0">
    <mem type="soa" free="695152" total="18102272" percent="3" />
    <mem type="loa" free="182272" total="182272" percent="100" />
  </mem>
  <remembered-set count="1132" />
</mem-info>
<gc-op id="2387" type="compact" timems="31.691" contextid="2376" timestamp="2019-08-08T09:22:17.072">
  <compact-info movecount="2" movebytes="1200" reason="compact to aid heap contraction" />
</gc-op>
<heap-resize id="2388" type="expand" space="tenure" amount="131072" count="1" timems="0.021" reason="satisfy allocation request" timestamp="2019-08-08T09:22:17.072" />
<gc-end id="2389" type="global" contextid="2376" durationms="90.409" usertimems="113.375" systemtimems="0.000" timestamp="2019-08-08T09:22:17.073" activeThreads="16">
  <mem-info id="2390" free="18955800" total="41746432" percent="45">
    <mem type="nursery" free="17947304" total="23330816" percent="76">
      <mem type="allocate" free="17947304" total="18546688" percent="96" />
      <mem type="survivor" free="0" total="4784128" percent="0" />
    </mem>
    <mem type="tenure" free="1008496" total="18415616" percent="5">
      <mem type="soa" free="825200" total="18232320" percent="4" />
      <mem type="loa" free="183296" total="183296" percent="100" />
    </mem>
    <remembered-set count="1132" />
  </mem-info>
</gc-end>
<cycle-end id="2391" type="global" contextid="2376" timestamp="2019-08-08T09:22:17.073" />
  <attribute name="elasticGC enabled" value="1" />
  <attribute name= "numThreadsSpecified" value="16" />
  <attribute name="heapSize specified" value="41615360" />
  <attribute name="Current GC Util" value="31" />
  <attribute name= "Current Time Running" value="128226" />
  <attribute name ="GC Interval" value="1745" />
  <attribute name="Target GC Util Change" value ="80.000000" />
  <attribute name="Current GC Util Change" value="31.000000"/>
  <attribute name="Current Error" value="49.000000" />
  <attribute name="Output H" value="41691096"/>
  <attribute name="Output I" value="2096"/>
  <attribute name="Output T" value="16"/>
  <attribute name= "Current Time Running" value="128226" />
  <attribute name="GC Util currently" value="31" />
  <attribute name="CPU Util currently" value="36360808910" />
<concurrent-collection-end id="2392" timestamp="2019-08-08T09:22:17.073" />
<exclusive-end id="2393" timestamp="2019-08-08T09:22:17.073" durationms="90.580" />

<concurrent-kickoff id="2394" timestamp="2019-08-08T09:22:17.080">
  <kickoff reason="threshold reached" targetBytes="10830535" thresholdFreeBytes="1488863"  remainingFree="1465000" tenureFreeBytes="1008496" nurseryFreeBytes="1465000" />
</concurrent-kickoff>
<exclusive-start id="2395" timestamp="2019-08-08T09:22:17.081" intervalms="98.633">
  <response-info timems="0.201" idlems="0.158" threads="1" lastid="0000000000B10600" lastname="IProfiler" />
</exclusive-start>
<cycle-start id="2396" type="global" contextid="0" timestamp="2019-08-08T09:22:17.081" intervalms="130.455" />
<exclusive-end id="2397" timestamp="2019-08-08T09:22:17.081" durationms="0.034" />

<exclusive-start id="2398" timestamp="2019-08-08T09:22:17.096" intervalms="15.372">
  <response-info timems="0.062" idlems="0.062" threads="0" lastid="0000000000AEAF00" lastname="main" />
</exclusive-start>
<concurrent-collection-start id="2399" timestamp="2019-08-08T09:22:17.096" intervalms="114.001" >
  <concurrent-trace-info reason="card cleaning threshold reached" tracedByMutators="6133604" tracedByHelpers="6670628" cardsCleaned="0" workStackOverflowCount="0" />
</concurrent-collection-start>
<gc-start id="2400" type="global" contextid="2396" timestamp="2019-08-08T09:22:17.096">
  <mem-info id="2401" free="1008496" total="41746432" percent="2">
    <mem type="nursery" free="0" total="23330816" percent="0">
      <mem type="allocate" free="0" total="18546688" percent="0" />
      <mem type="survivor" free="0" total="4784128" percent="0" />
    </mem>
    <mem type="tenure" free="1008496" total="18415616" percent="5">
      <mem type="soa" free="825200" total="18232320" percent="4" />
      <mem type="loa" free="183296" total="183296" percent="100" />
    </mem>
    <remembered-set count="1132" />
  </mem-info>
</gc-start>
<allocation-stats totalBytes="17878648" >
  <allocated-bytes non-tlh="0" tlh="17878648" />
  <largest-consumer threadName="main" threadId="0000000000AEAF00" bytes="17878648" />
</allocation-stats>
<gc-op id="2402" type="rs-scan" timems="1.467" contextid="2396" timestamp="2019-08-08T09:22:17.098">
  <scan objectsFound="1094" bytesTraced="769300" workStackOverflowCount="0" />
</gc-op>
<gc-op id="2403" type="card-cleaning" timems="1.429" contextid="2396" timestamp="2019-08-08T09:22:17.099">
  <card-cleaning cardsCleaned="0" bytesTraced="2592" workStackOverflowCount="0" />
</gc-op>
<gc-op id="2404" type="mark" timems="3.106" contextid="2396" timestamp="2019-08-08T09:22:17.102">
  <trace-info objectcount="408" scancount="393" scanbytes="12480" />
  <finalization candidates="80" enqueued="0" />
  <ownableSynchronizers candidates="21" cleared="0" />
  <references type="soft" candidates="3261" cleared="0" enqueued="0" dynamicThreshold="1" maxThreshold="32" />
  <references type="weak" candidates="5462" cleared="0" enqueued="0" />
  <references type="phantom" candidates="76" cleared="0" enqueued="0" />
  <stringconstants candidates="13599" cleared="0"  />
</gc-op>
<gc-op id="2405" type="sweep" timems="1.076" contextid="2396" timestamp="2019-08-08T09:22:17.103" />
<mem-info id="2406" free="18955320" total="41746432" percent="45">
  <mem type="nursery" free="17946824" total="23330816" percent="76">
    <mem type="allocate" free="17946824" total="18546688" percent="96" />
    <mem type="survivor" free="0" total="4784128" percent="0" />
  </mem>
  <mem type="tenure" free="1008496" total="18415616" percent="5" micro-fragmented="0" macro-fragmented="0">
    <mem type="soa" free="825200" total="18232320" percent="4" />
    <mem type="loa" free="183296" total="183296" percent="100" />
  </mem>
  <remembered-set count="1132" />
</mem-info>
<gc-op id="2407" type="compact" timems="22.947" contextid="2396" timestamp="2019-08-08T09:22:17.126">
  <compact-info movecount="2" movebytes="1200" reason="compact to aid heap contraction" />
</gc-op>
<heap-resize id="2408" type="expand" space="tenure" amount="131072" count="1" timems="0.023" reason="satisfy allocation request" timestamp="2019-08-08T09:22:17.127" />
<gc-end id="2409" type="global" contextid="2396" durationms="31.053" usertimems="44.842" systemtimems="0.000" timestamp="2019-08-08T09:22:17.127" activeThreads="16">
  <mem-info id="2410" free="19086872" total="41877504" percent="45">
    <mem type="nursery" free="17947304" total="23330816" percent="76">
      <mem type="allocate" free="17947304" total="18546688" percent="96" />
      <mem type="survivor" free="0" total="4784128" percent="0" />
    </mem>
    <mem type="tenure" free="1139568" total="18546688" percent="6">
      <mem type="soa" free="954224" total="18361344" percent="5" />
      <mem type="loa" free="185344" total="185344" percent="100" />
    </mem>
    <remembered-set count="1132" />
  </mem-info>
</gc-end>
<cycle-end id="2411" type="global" contextid="2396" timestamp="2019-08-08T09:22:17.127" />
  <attribute name="elasticGC enabled" value="1" />
  <attribute name= "numThreadsSpecified" value="16" />
  <attribute name="heapSize specified" value="41746432" />
  <attribute name="Current GC Util" value="34" />
  <attribute name= "Current Time Running" value="128280" />
  <attribute name ="GC Interval" value="1745" />
  <attribute name="Target GC Util Change" value ="80.000000" />
  <attribute name="Current GC Util Change" value="34.000000"/>
  <attribute name="Current Error" value="-5.000000" />
  <attribute name="Output H" value="41822112"/>
  <attribute name="Output I" value="2000"/>
  <attribute name="Output T" value="16"/>
  <attribute name= "Current Time Running" value="128280" />
  <attribute name="GC Util currently" value="34" />
  <attribute name="CPU Util currently" value="50195769186" />
<concurrent-collection-end id="2412" timestamp="2019-08-08T09:22:17.127" />
<exclusive-end id="2413" timestamp="2019-08-08T09:22:17.127" durationms="31.220" />

<concurrent-kickoff id="2414" timestamp="2019-08-08T09:22:17.139">
  <kickoff reason="threshold reached" targetBytes="11305530" thresholdFreeBytes="1556225"  remainingFree="1465000" tenureFreeBytes="1139568" nurseryFreeBytes="1465000" />
</concurrent-kickoff>
<exclusive-start id="2415" timestamp="2019-08-08T09:22:17.139" intervalms="43.401">
  <response-info timems="0.061" idlems="0.061" threads="0" lastid="0000000000AEAF00" lastname="main" />
</exclusive-start>
<cycle-start id="2416" type="global" contextid="0" timestamp="2019-08-08T09:22:17.139" intervalms="58.762" />
<exclusive-end id="2417" timestamp="2019-08-08T09:22:17.139" durationms="0.019" />

<exclusive-start id="2418" timestamp="2019-08-08T09:22:17.157" intervalms="17.128">
  <response-info timems="0.136" idlems="0.136" threads="0" lastid="0000000000AEAF00" lastname="main" />
</exclusive-start>
<concurrent-collection-start id="2419" timestamp="2019-08-08T09:22:17.157" intervalms="60.537" >
  <concurrent-trace-info reason="card cleaning threshold reached" tracedByMutators="4824076" tracedByHelpers="7955460" cardsCleaned="0" workStackOverflowCount="0" />
</concurrent-collection-start>
<gc-start id="2420" type="global" contextid="2416" timestamp="2019-08-08T09:22:17.157">
  <mem-info id="2421" free="1139568" total="41877504" percent="2">
    <mem type="nursery" free="0" total="23330816" percent="0">
      <mem type="allocate" free="0" total="18546688" percent="0" />
      <mem type="survivor" free="0" total="4784128" percent="0" />
    </mem>
    <mem type="tenure" free="1139568" total="18546688" percent="6">
      <mem type="soa" free="954224" total="18361344" percent="5" />
      <mem type="loa" free="185344" total="185344" percent="100" />
    </mem>
    <remembered-set count="1132" />
  </mem-info>
</gc-start>
<allocation-stats totalBytes="17882152" >
  <allocated-bytes non-tlh="0" tlh="17882152" />
  <largest-consumer threadName="main" threadId="0000000000AEAF00" bytes="17882152" />
</allocation-stats>
<gc-op id="2422" type="rs-scan" timems="1.425" contextid="2416" timestamp="2019-08-08T09:22:17.158">
  <scan objectsFound="1094" bytesTraced="769340" workStackOverflowCount="0" />
</gc-op>
<gc-op id="2423" type="card-cleaning" timems="0.463" contextid="2416" timestamp="2019-08-08T09:22:17.159">
  <card-cleaning cardsCleaned="0" bytesTraced="2592" workStackOverflowCount="0" />
</gc-op>
<gc-op id="2424" type="mark" timems="2.144" contextid="2416" timestamp="2019-08-08T09:22:17.161">
  <trace-info objectcount="1531" scancount="1334" scanbytes="37160" />
  <finalization candidates="80" enqueued="0" />
  <ownableSynchronizers candidates="21" cleared="0" />
  <references type="soft" candidates="3261" cleared="0" enqueued="0" dynamicThreshold="1" maxThreshold="32" />
  <references type="weak" candidates="5462" cleared="0" enqueued="0" />
  <references type="phantom" candidates="76" cleared="0" enqueued="0" />
  <stringconstants candidates="13599" cleared="0"  />
</gc-op>
<gc-op id="2425" type="sweep" timems="1.089" contextid="2416" timestamp="2019-08-08T09:22:17.162" />
<mem-info id="2426" free="19086416" total="41877504" percent="45">
  <mem type="nursery" free="17946848" total="23330816" percent="76">
    <mem type="allocate" free="17946848" total="18546688" percent="96" />
    <mem type="survivor" free="0" total="4784128" percent="0" />
  </mem>
  <mem type="tenure" free="1139568" total="18546688" percent="6" micro-fragmented="0" macro-fragmented="3047">
    <mem type="soa" free="954224" total="18361344" percent="5" />
    <mem type="loa" free="185344" total="185344" percent="100" />
  </mem>
  <remembered-set count="1132" />
</mem-info>
<gc-op id="2427" type="compact" timems="30.718" contextid="2416" timestamp="2019-08-08T09:22:17.193">
  <compact-info movecount="3" movebytes="1224" reason="compact to aid heap contraction" />
</gc-op>
<heap-resize id="2428" type="expand" space="tenure" amount="131072" count="1" timems="0.021" reason="satisfy allocation request" timestamp="2019-08-08T09:22:17.193" />
<gc-end id="2429" type="global" contextid="2416" durationms="36.799" usertimems="46.322" systemtimems="0.000" timestamp="2019-08-08T09:22:17.193" activeThreads="16">
  <mem-info id="2430" free="19217920" total="42008576" percent="45">
    <mem type="nursery" free="17947280" total="23330816" percent="76">
      <mem type="allocate" free="17947280" total="18546688" percent="96" />
      <mem type="survivor" free="0" total="4784128" percent="0" />
    </mem>
    <mem type="tenure" free="1270640" total="18677760" percent="6">
      <mem type="soa" free="1084272" total="18491392" percent="5" />
      <mem type="loa" free="186368" total="186368" percent="100" />
    </mem>
    <remembered-set count="1132" />
  </mem-info>
</gc-end>
<cycle-end id="2431" type="global" contextid="2416" timestamp="2019-08-08T09:22:17.193" />
  <attribute name="elasticGC enabled" value="1" />
  <attribute name= "numThreadsSpecified" value="16" />
  <attribute name="heapSize specified" value="41877504" />
  <attribute name="Current GC Util" value="19" />
  <attribute name= "Current Time Running" value="128347" />
  <attribute name ="GC Interval" value="1745" />
  <attribute name="Target GC Util Change" value ="80.000000" />
  <attribute name="Current GC Util Change" value="19.000000"/>
  <attribute name="Current Error" value="-54.000000" />
  <attribute name="Output H" value="41953128"/>
  <attribute name="Output I" value="1912"/>
  <attribute name="Output T" value="16"/>
  <attribute name= "Current Time Running" value="128347" />
  <attribute name="GC Util currently" value="19" />
  <attribute name="CPU Util currently" value="37480526975" />
<concurrent-collection-end id="2432" timestamp="2019-08-08T09:22:17.194" />
<exclusive-end id="2433" timestamp="2019-08-08T09:22:17.194" durationms="36.974" />

<concurrent-kickoff id="2434" timestamp="2019-08-08T09:22:17.200">
  <kickoff reason="threshold reached" targetBytes="11684134" thresholdFreeBytes="1610085"  remainingFree="1596048" tenureFreeBytes="1270640" nurseryFreeBytes="1596048" />
</concurrent-kickoff>
<exclusive-start id="2435" timestamp="2019-08-08T09:22:17.201" intervalms="44.390">
  <response-info timems="0.403" idlems="0.403" threads="0" lastid="0000000000AEAF00" lastname="main" />
</exclusive-start>
<cycle-start id="2436" type="global" contextid="0" timestamp="2019-08-08T09:22:17.201" intervalms="61.524" />
<exclusive-end id="2437" timestamp="2019-08-08T09:22:17.201" durationms="0.024" />

<exclusive-start id="2438" timestamp="2019-08-08T09:22:17.217" intervalms="16.325">
  <response-info timems="0.045" idlems="0.045" threads="0" lastid="0000000000AEAF00" lastname="main" />
</exclusive-start>
<concurrent-collection-start id="2439" timestamp="2019-08-08T09:22:17.217" intervalms="60.709" >
  <concurrent-trace-info reason="card cleaning threshold reached" tracedByMutators="7173780" tracedByHelpers="5612276" cardsCleaned="0" workStackOverflowCount="0" />
</concurrent-collection-start>
<gc-start id="2440" type="global" contextid="2436" timestamp="2019-08-08T09:22:17.217">
  <mem-info id="2441" free="1270640" total="42008576" percent="3">
    <mem type="nursery" free="0" total="23330816" percent="0">
      <mem type="allocate" free="0" total="18546688" percent="0" />
      <mem type="survivor" free="0" total="4784128" percent="0" />
    </mem>
    <mem type="tenure" free="1270640" total="18677760" percent="6">
      <mem type="soa" free="1084272" total="18491392" percent="5" />
      <mem type="loa" free="186368" total="186368" percent="100" />
    </mem>
    <remembered-set count="1132" />
  </mem-info>
</gc-start>
<allocation-stats totalBytes="17885584" >
  <allocated-bytes non-tlh="0" tlh="17885584" />
  <largest-consumer threadName="main" threadId="0000000000AEAF00" bytes="17885584" />
</allocation-stats>
<gc-op id="2442" type="rs-scan" timems="1.516" contextid="2436" timestamp="2019-08-08T09:22:17.219">
  <scan objectsFound="1094" bytesTraced="769324" workStackOverflowCount="0" />
</gc-op>
<gc-op id="2443" type="card-cleaning" timems="0.161" contextid="2436" timestamp="2019-08-08T09:22:17.219">
  <card-cleaning cardsCleaned="0" bytesTraced="2592" workStackOverflowCount="0" />
</gc-op>
<gc-op id="2444" type="mark" timems="6.784" contextid="2436" timestamp="2019-08-08T09:22:17.226">
  <trace-info objectcount="951" scancount="912" scanbytes="30656" />
  <finalization candidates="80" enqueued="0" />
  <ownableSynchronizers candidates="21" cleared="0" />
  <references type="soft" candidates="3261" cleared="0" enqueued="0" dynamicThreshold="2" maxThreshold="32" />
  <references type="weak" candidates="5462" cleared="0" enqueued="0" />
  <references type="phantom" candidates="76" cleared="0" enqueued="0" />
  <stringconstants candidates="13599" cleared="0"  />
</gc-op>
<gc-op id="2445" type="sweep" timems="0.784" contextid="2436" timestamp="2019-08-08T09:22:17.227" />
<mem-info id="2446" free="19217512" total="42008576" percent="45">
  <mem type="nursery" free="17946872" total="23330816" percent="76">
    <mem type="allocate" free="17946872" total="18546688" percent="96" />
    <mem type="survivor" free="0" total="4784128" percent="0" />
  </mem>
  <mem type="tenure" free="1270640" total="18677760" percent="6" micro-fragmented="0" macro-fragmented="418667">
    <mem type="soa" free="1084272" total="18491392" percent="5" />
    <mem type="loa" free="186368" total="186368" percent="100" />
  </mem>
  <remembered-set count="1132" />
</mem-info>
<gc-op id="2447" type="compact" timems="21.541" contextid="2436" timestamp="2019-08-08T09:22:17.249">
  <compact-info movecount="3" movebytes="1224" reason="compact to aid heap contraction" />
</gc-op>
<heap-resize id="2448" type="expand" space="tenure" amount="131072" count="1" timems="0.019" reason="satisfy allocation request" timestamp="2019-08-08T09:22:17.249" />
<gc-end id="2449" type="global" contextid="2436" durationms="31.808" usertimems="46.706" systemtimems="0.000" timestamp="2019-08-08T09:22:17.249" activeThreads="16">
  <mem-info id="2450" free="19348992" total="42139648" percent="45">
    <mem type="nursery" free="17947280" total="23330816" percent="76">
      <mem type="allocate" free="17947280" total="18546688" percent="96" />
      <mem type="survivor" free="0" total="4784128" percent="0" />
    </mem>
    <mem type="tenure" free="1401712" total="18808832" percent="7">
      <mem type="soa" free="1214320" total="18621440" percent="6" />
      <mem type="loa" free="187392" total="187392" percent="100" />
    </mem>
    <remembered-set count="1132" />
  </mem-info>
</gc-end>
<cycle-end id="2451" type="global" contextid="2436" timestamp="2019-08-08T09:22:17.249" />
  <attribute name="elasticGC enabled" value="1" />
  <attribute name= "numThreadsSpecified" value="16" />
  <attribute name="heapSize specified" value="42008576" />
  <attribute name="Current GC Util" value="25" />
  <attribute name= "Current Time Running" value="128402" />
  <attribute name ="GC Interval" value="1745" />
  <attribute name="Target GC Util Change" value ="80.000000" />
  <attribute name="Current GC Util Change" value="25.000000"/>
  <attribute name="Current Error" value="111.000000" />
  <attribute name="Output H" value="42084384"/>
  <attribute name="Output I" value="2208"/>
  <attribute name="Output T" value="16"/>
  <attribute name= "Current Time Running" value="128402" />
  <attribute name="GC Util currently" value="25" />
  <attribute name="CPU Util currently" value="53415029162" />
<concurrent-collection-end id="2452" timestamp="2019-08-08T09:22:17.249" />
<exclusive-end id="2453" timestamp="2019-08-08T09:22:17.249" durationms="31.985" />

<concurrent-kickoff id="2454" timestamp="2019-08-08T09:22:17.257">
  <kickoff reason="threshold reached" targetBytes="11990567" thresholdFreeBytes="1653765"  remainingFree="1596048" tenureFreeBytes="1401712" nurseryFreeBytes="1596048" />
</concurrent-kickoff>
<exclusive-start id="2455" timestamp="2019-08-08T09:22:17.257" intervalms="40.035">
  <response-info timems="0.078" idlems="0.078" threads="0" lastid="0000000000AEAF00" lastname="main" />
</exclusive-start>
<cycle-start id="2456" type="global" contextid="0" timestamp="2019-08-08T09:22:17.257" intervalms="56.358" />
<exclusive-end id="2457" timestamp="2019-08-08T09:22:17.257" durationms="0.021" />

<exclusive-start id="2458" timestamp="2019-08-08T09:22:17.275" intervalms="17.830">
  <response-info timems="0.017" idlems="0.017" threads="0" lastid="0000000000AEAF00" lastname="main" />
</exclusive-start>
<concurrent-collection-start id="2459" timestamp="2019-08-08T09:22:17.275" intervalms="57.862" >
  <concurrent-trace-info reason="card cleaning threshold reached" tracedByMutators="7810468" tracedByHelpers="4993764" cardsCleaned="0" workStackOverflowCount="0" />
</concurrent-collection-start>
<gc-start id="2460" type="global" contextid="2456" timestamp="2019-08-08T09:22:17.275">
  <mem-info id="2461" free="1401712" total="42139648" percent="3">
    <mem type="nursery" free="0" total="23330816" percent="0">
      <mem type="allocate" free="0" total="18546688" percent="0" />
      <mem type="survivor" free="0" total="4784128" percent="0" />
    </mem>
    <mem type="tenure" free="1401712" total="18808832" percent="7">
      <mem type="soa" free="1214320" total="18621440" percent="6" />
      <mem type="loa" free="187392" total="187392" percent="100" />
    </mem>
    <remembered-set count="1132" />
  </mem-info>
</gc-start>
<allocation-stats totalBytes="17885560" >
  <allocated-bytes non-tlh="0" tlh="17885560" />
  <largest-consumer threadName="main" threadId="0000000000AEAF00" bytes="17885560" />
</allocation-stats>
<gc-op id="2462" type="rs-scan" timems="1.292" contextid="2456" timestamp="2019-08-08T09:22:17.277">
  <scan objectsFound="1094" bytesTraced="769324" workStackOverflowCount="0" />
</gc-op>
<gc-op id="2463" type="card-cleaning" timems="1.525" contextid="2456" timestamp="2019-08-08T09:22:17.278">
  <card-cleaning cardsCleaned="0" bytesTraced="2592" workStackOverflowCount="0" />
</gc-op>
<gc-op id="2464" type="mark" timems="3.527" contextid="2456" timestamp="2019-08-08T09:22:17.282">
  <trace-info objectcount="408" scancount="393" scanbytes="12480" />
  <finalization candidates="80" enqueued="0" />
  <ownableSynchronizers candidates="21" cleared="0" />
  <references type="soft" candidates="3261" cleared="0" enqueued="0" dynamicThreshold="2" maxThreshold="32" />
  <references type="weak" candidates="5462" cleared="0" enqueued="0" />
  <references type="phantom" candidates="76" cleared="0" enqueued="0" />
  <stringconstants candidates="13599" cleared="0"  />
</gc-op>
<gc-op id="2465" type="sweep" timems="1.650" contextid="2456" timestamp="2019-08-08T09:22:17.283" />
<mem-info id="2466" free="19348560" total="42139648" percent="45">
  <mem type="nursery" free="17946848" total="23330816" percent="76">
    <mem type="allocate" free="17946848" total="18546688" percent="96" />
    <mem type="survivor" free="0" total="4784128" percent="0" />
  </mem>
  <mem type="tenure" free="1401712" total="18808832" percent="7" micro-fragmented="0" macro-fragmented="0">
    <mem type="soa" free="1214320" total="18621440" percent="6" />
    <mem type="loa" free="187392" total="187392" percent="100" />
  </mem>
  <remembered-set count="1132" />
</mem-info>
<gc-op id="2467" type="compact" timems="30.877" contextid="2456" timestamp="2019-08-08T09:22:17.314">
  <compact-info movecount="3" movebytes="1224" reason="compact to aid heap contraction" />
</gc-op>
<heap-resize id="2468" type="expand" space="tenure" amount="131072" count="1" timems="0.029" reason="satisfy allocation request" timestamp="2019-08-08T09:22:17.315" />
<gc-end id="2469" type="global" contextid="2456" durationms="40.305" usertimems="63.685" systemtimems="0.000" timestamp="2019-08-08T09:22:17.316" activeThreads="16">
  <mem-info id="2470" free="19480064" total="42270720" percent="46">
    <mem type="nursery" free="17947280" total="23330816" percent="76">
      <mem type="allocate" free="17947280" total="18546688" percent="96" />
      <mem type="survivor" free="0" total="4784128" percent="0" />
    </mem>
    <mem type="tenure" free="1532784" total="18939904" percent="8">
      <mem type="soa" free="1344368" total="18751488" percent="7" />
      <mem type="loa" free="188416" total="188416" percent="100" />
    </mem>
    <remembered-set count="1132" />
  </mem-info>
</gc-end>
<cycle-end id="2471" type="global" contextid="2456" timestamp="2019-08-08T09:22:17.316" />
  <attribute name="elasticGC enabled" value="1" />
  <attribute name= "numThreadsSpecified" value="16" />
  <attribute name="heapSize specified" value="42139648" />
  <attribute name="Current GC Util" value="78" />
  <attribute name= "Current Time Running" value="128468" />
  <attribute name ="GC Interval" value="1745" />
  <attribute name="Target GC Util Change" value ="80.000000" />
  <attribute name="Current GC Util Change" value="78.000000"/>
  <attribute name="Current Error" value="-226.000000" />
  <attribute name="Output H" value="42215072"/>
  <attribute name="Output I" value="1608"/>
  <attribute name="Output T" value="16"/>
  <attribute name= "Current Time Running" value="128468" />
  <attribute name="GC Util currently" value="78" />
  <attribute name="CPU Util currently" value="37305018201" />
<concurrent-collection-end id="2472" timestamp="2019-08-08T09:22:17.316" />
<exclusive-end id="2473" timestamp="2019-08-08T09:22:17.316" durationms="40.476" />

<concurrent-kickoff id="2474" timestamp="2019-08-08T09:22:17.325">
  <kickoff reason="threshold reached" targetBytes="12240744" thresholdFreeBytes="1689469"  remainingFree="1596048" tenureFreeBytes="1532784" nurseryFreeBytes="1596048" />
</concurrent-kickoff>
<exclusive-start id="2475" timestamp="2019-08-08T09:22:17.326" intervalms="51.237">
  <response-info timems="0.781" idlems="0.781" threads="0" lastid="0000000000AEAF00" lastname="main" />
</exclusive-start>
<cycle-start id="2476" type="global" contextid="0" timestamp="2019-08-08T09:22:17.326" intervalms="69.174" />
<exclusive-end id="2477" timestamp="2019-08-08T09:22:17.326" durationms="0.137" />

<exclusive-start id="2478" timestamp="2019-08-08T09:22:17.341" intervalms="14.994">
  <response-info timems="0.062" idlems="0.062" threads="0" lastid="0000000000AEAF00" lastname="main" />
</exclusive-start>
<concurrent-collection-start id="2479" timestamp="2019-08-08T09:22:17.341" intervalms="66.279" >
  <concurrent-trace-info reason="card cleaning threshold reached" tracedByMutators="5609884" tracedByHelpers="7190544" cardsCleaned="0" workStackOverflowCount="0" />
</concurrent-collection-start>
<gc-start id="2480" type="global" contextid="2476" timestamp="2019-08-08T09:22:17.341">
  <mem-info id="2481" free="1532784" total="42270720" percent="3">
    <mem type="nursery" free="0" total="23330816" percent="0">
      <mem type="allocate" free="0" total="18546688" percent="0" />
      <mem type="survivor" free="0" total="4784128" percent="0" />
    </mem>
    <mem type="tenure" free="1532784" total="18939904" percent="8">
      <mem type="soa" free="1344368" total="18751488" percent="7" />
      <mem type="loa" free="188416" total="188416" percent="100" />
    </mem>
    <remembered-set count="1132" />
  </mem-info>
</gc-start>
<allocation-stats totalBytes="17885584" >
  <allocated-bytes non-tlh="0" tlh="17885584" />
  <largest-consumer threadName="main" threadId="0000000000AEAF00" bytes="17885584" />
</allocation-stats>
<gc-op id="2482" type="rs-scan" timems="2.386" contextid="2476" timestamp="2019-08-08T09:22:17.344">
  <scan objectsFound="1094" bytesTraced="769324" workStackOverflowCount="0" />
</gc-op>
<gc-op id="2483" type="card-cleaning" timems="0.996" contextid="2476" timestamp="2019-08-08T09:22:17.345">
  <card-cleaning cardsCleaned="0" bytesTraced="2592" workStackOverflowCount="0" />
</gc-op>
<gc-op id="2484" type="mark" timems="5.960" contextid="2476" timestamp="2019-08-08T09:22:17.351">
  <trace-info objectcount="569" scancount="536" scanbytes="16284" />
  <finalization candidates="80" enqueued="0" />
  <ownableSynchronizers candidates="21" cleared="0" />
  <references type="soft" candidates="3261" cleared="0" enqueued="0" dynamicThreshold="2" maxThreshold="32" />
  <references type="weak" candidates="5462" cleared="0" enqueued="0" />
  <references type="phantom" candidates="76" cleared="0" enqueued="0" />
  <stringconstants candidates="13599" cleared="0"  />
</gc-op>
<gc-op id="2485" type="sweep" timems="4.472" contextid="2476" timestamp="2019-08-08T09:22:17.355" />
<mem-info id="2486" free="19479632" total="42270720" percent="46">
  <mem type="nursery" free="17946848" total="23330816" percent="76">
    <mem type="allocate" free="17946848" total="18546688" percent="96" />
    <mem type="survivor" free="0" total="4784128" percent="0" />
  </mem>
  <mem type="tenure" free="1532784" total="18939904" percent="8" micro-fragmented="0" macro-fragmented="0">
    <mem type="soa" free="1344368" total="18751488" percent="7" />
    <mem type="loa" free="188416" total="188416" percent="100" />
  </mem>
  <remembered-set count="1132" />
</mem-info>
<gc-op id="2487" type="compact" timems="26.211" contextid="2476" timestamp="2019-08-08T09:22:17.382">
  <compact-info movecount="3" movebytes="1224" reason="compact to aid heap contraction" />
</gc-op>
<heap-resize id="2488" type="expand" space="tenure" amount="131072" count="1" timems="0.025" reason="satisfy allocation request" timestamp="2019-08-08T09:22:17.383" />
<gc-end id="2489" type="global" contextid="2476" durationms="41.460" usertimems="64.661" systemtimems="0.000" timestamp="2019-08-08T09:22:17.383" activeThreads="16">
  <mem-info id="2490" free="19611136" total="42401792" percent="46">
    <mem type="nursery" free="17947280" total="23330816" percent="76">
      <mem type="allocate" free="17947280" total="18546688" percent="96" />
      <mem type="survivor" free="0" total="4784128" percent="0" />
    </mem>
    <mem type="tenure" free="1663856" total="19070976" percent="8">
      <mem type="soa" free="1473392" total="18880512" percent="7" />
      <mem type="loa" free="190464" total="190464" percent="100" />
    </mem>
    <remembered-set count="1132" />
  </mem-info>
</gc-end>
<cycle-end id="2491" type="global" contextid="2476" timestamp="2019-08-08T09:22:17.383" />
  <attribute name="elasticGC enabled" value="1" />
  <attribute name= "numThreadsSpecified" value="16" />
  <attribute name="heapSize specified" value="42270720" />
  <attribute name="Current GC Util" value="41" />
  <attribute name= "Current Time Running" value="128535" />
  <attribute name ="GC Interval" value="1745" />
  <attribute name="Target GC Util Change" value ="80.000000" />
  <attribute name="Current GC Util Change" value="41.000000"/>
  <attribute name="Current Error" value="89.000000" />
  <attribute name="Output H" value="42346504"/>
  <attribute name="Output I" value="2168"/>
  <attribute name="Output T" value="16"/>
  <attribute name= "Current Time Running" value="128535" />
  <attribute name="GC Util currently" value="41" />
  <attribute name="CPU Util currently" value="43936117826" />
<concurrent-collection-end id="2492" timestamp="2019-08-08T09:22:17.383" />
<exclusive-end id="2493" timestamp="2019-08-08T09:22:17.383" durationms="41.699" />

<concurrent-kickoff id="2494" timestamp="2019-08-08T09:22:17.393">
  <kickoff reason="threshold reached" targetBytes="12440809" thresholdFreeBytes="1718071"  remainingFree="1596048" tenureFreeBytes="1663856" nurseryFreeBytes="1596048" />
</concurrent-kickoff>
<exclusive-start id="2495" timestamp="2019-08-08T09:22:17.393" intervalms="51.955">
  <response-info timems="0.082" idlems="0.082" threads="0" lastid="0000000000AEAF00" lastname="main" />
</exclusive-start>
<cycle-start id="2496" type="global" contextid="0" timestamp="2019-08-08T09:22:17.393" intervalms="66.849" />
<exclusive-end id="2497" timestamp="2019-08-08T09:22:17.393" durationms="0.034" />

<exclusive-start id="2498" timestamp="2019-08-08T09:22:17.413" intervalms="19.309">
  <response-info timems="0.049" idlems="0.049" threads="0" lastid="0000000000AEAF00" lastname="main" />
</exclusive-start>
<concurrent-collection-start id="2499" timestamp="2019-08-08T09:22:17.413" intervalms="71.224" >
  <concurrent-trace-info reason="card cleaning threshold reached" tracedByMutators="5184440" tracedByHelpers="7619792" cardsCleaned="0" workStackOverflowCount="0" />
</concurrent-collection-start>
<gc-start id="2500" type="global" contextid="2496" timestamp="2019-08-08T09:22:17.413">
  <mem-info id="2501" free="1687040" total="42401792" percent="3">
    <mem type="nursery" free="23184" total="23330816" percent="0">
      <mem type="allocate" free="23184" total="18546688" percent="0" />
      <mem type="survivor" free="0" total="4784128" percent="0" />
    </mem>
    <mem type="tenure" free="1663856" total="19070976" percent="8">
      <mem type="soa" free="1473392" total="18880512" percent="7" />
      <mem type="loa" free="190464" total="190464" percent="100" />
    </mem>
    <remembered-set count="1132" />
  </mem-info>
</gc-start>
<allocation-stats totalBytes="17862832" >
  <allocated-bytes non-tlh="0" tlh="17862832" />
  <largest-consumer threadName="main" threadId="0000000000AEAF00" bytes="17862832" />
</allocation-stats>
<gc-op id="2502" type="rs-scan" timems="2.718" contextid="2496" timestamp="2019-08-08T09:22:17.415">
  <scan objectsFound="1094" bytesTraced="769324" workStackOverflowCount="0" />
</gc-op>
<gc-op id="2503" type="card-cleaning" timems="0.710" contextid="2496" timestamp="2019-08-08T09:22:17.416">
  <card-cleaning cardsCleaned="0" bytesTraced="2592" workStackOverflowCount="0" />
</gc-op>
<gc-op id="2504" type="mark" timems="4.208" contextid="2496" timestamp="2019-08-08T09:22:17.420">
  <trace-info objectcount="408" scancount="393" scanbytes="12480" />
  <finalization candidates="80" enqueued="0" />
  <ownableSynchronizers candidates="21" cleared="0" />
  <references type="soft" candidates="3261" cleared="0" enqueued="0" dynamicThreshold="2" maxThreshold="32" />
  <references type="weak" candidates="5462" cleared="0" enqueued="0" />
  <references type="phantom" candidates="76" cleared="0" enqueued="0" />
  <stringconstants candidates="13599" cleared="0"  />
</gc-op>
<gc-op id="2505" type="sweep" timems="1.773" contextid="2496" timestamp="2019-08-08T09:22:17.422" />
<mem-info id="2506" free="19610704" total="42401792" percent="46">
  <mem type="nursery" free="17946848" total="23330816" percent="76">
    <mem type="allocate" free="17946848" total="18546688" percent="96" />
    <mem type="survivor" free="0" total="4784128" percent="0" />
  </mem>
  <mem type="tenure" free="1663856" total="19070976" percent="8" micro-fragmented="0" macro-fragmented="0">
    <mem type="soa" free="1473392" total="18880512" percent="7" />
    <mem type="loa" free="190464" total="190464" percent="100" />
  </mem>
  <remembered-set count="1132" />
</mem-info>
<gc-op id="2507" type="compact" timems="28.657" contextid="2496" timestamp="2019-08-08T09:22:17.451">
  <compact-info movecount="3" movebytes="1224" reason="compact to aid heap contraction" />
</gc-op>
<heap-resize id="2508" type="expand" space="tenure" amount="131072" count="1" timems="0.027" reason="satisfy allocation request" timestamp="2019-08-08T09:22:17.454" />
<gc-end id="2509" type="global" contextid="2496" durationms="41.328" usertimems="52.611" systemtimems="0.000" timestamp="2019-08-08T09:22:17.454" activeThreads="16">
  <mem-info id="2510" free="19742208" total="42532864" percent="46">
    <mem type="nursery" free="17947280" total="23330816" percent="76">
      <mem type="allocate" free="17947280" total="18546688" percent="96" />
      <mem type="survivor" free="0" total="4784128" percent="0" />
    </mem>
    <mem type="tenure" free="1794928" total="19202048" percent="9">
      <mem type="soa" free="1603440" total="19010560" percent="8" />
      <mem type="loa" free="191488" total="191488" percent="100" />
    </mem>
    <remembered-set count="1132" />
  </mem-info>
</gc-end>
<cycle-end id="2511" type="global" contextid="2496" timestamp="2019-08-08T09:22:17.454" />
  <attribute name="elasticGC enabled" value="1" />
  <attribute name= "numThreadsSpecified" value="16" />
  <attribute name="heapSize specified" value="42401792" />
  <attribute name="Current GC Util" value="28" />
  <attribute name= "Current Time Running" value="128605" />
  <attribute name ="GC Interval" value="1745" />
  <attribute name="Target GC Util Change" value ="80.000000" />
  <attribute name="Current GC Util Change" value="28.000000"/>
  <attribute name="Current Error" value="52.000000" />
  <attribute name="Output H" value="42477536"/>
  <attribute name="Output I" value="2104"/>
  <attribute name="Output T" value="16"/>
  <attribute name= "Current Time Running" value="128605" />
  <attribute name="GC Util currently" value="28" />
  <attribute name="CPU Util currently" value="40174114299" />
<concurrent-collection-end id="2512" timestamp="2019-08-08T09:22:17.454" />
<exclusive-end id="2513" timestamp="2019-08-08T09:22:17.454" durationms="41.512" />

<concurrent-kickoff id="2514" timestamp="2019-08-08T09:22:17.459">
  <kickoff reason="threshold reached" targetBytes="12601924" thresholdFreeBytes="1741131"  remainingFree="1727120" tenureFreeBytes="1794928" nurseryFreeBytes="1727120" />
</concurrent-kickoff>
<exclusive-start id="2515" timestamp="2019-08-08T09:22:17.460" intervalms="47.336">
  <response-info timems="0.392" idlems="0.392" threads="0" lastid="0000000000AEAF00" lastname="main" />
</exclusive-start>
<cycle-start id="2516" type="global" contextid="0" timestamp="2019-08-08T09:22:17.460" intervalms="66.634" />
<exclusive-end id="2517" timestamp="2019-08-08T09:22:17.460" durationms="0.018" />

<exclusive-start id="2518" timestamp="2019-08-08T09:22:17.476" intervalms="16.357">
  <response-info timems="0.084" idlems="0.084" threads="0" lastid="0000000000AEAF00" lastname="main" />
</exclusive-start>
<concurrent-collection-start id="2519" timestamp="2019-08-08T09:22:17.476" intervalms="63.701" >
  <concurrent-trace-info reason="card cleaning threshold reached" tracedByMutators="6485728" tracedByHelpers="6307936" cardsCleaned="0" workStackOverflowCount="0" />
</concurrent-collection-start>
<gc-start id="2520" type="global" contextid="2516" timestamp="2019-08-08T09:22:17.476">
  <mem-info id="2521" free="1818112" total="42532864" percent="4">
    <mem type="nursery" free="23184" total="23330816" percent="0">
      <mem type="allocate" free="23184" total="18546688" percent="0" />
      <mem type="survivor" free="0" total="4784128" percent="0" />
    </mem>
    <mem type="tenure" free="1794928" total="19202048" percent="9">
      <mem type="soa" free="1603440" total="19010560" percent="8" />
      <mem type="loa" free="191488" total="191488" percent="100" />
    </mem>
    <remembered-set count="1132" />
  </mem-info>
</gc-start>
<allocation-stats totalBytes="17862832" >
  <allocated-bytes non-tlh="0" tlh="17862832" />
  <largest-consumer threadName="main" threadId="0000000000AEAF00" bytes="17862832" />
</allocation-stats>
<gc-op id="2522" type="rs-scan" timems="1.645" contextid="2516" timestamp="2019-08-08T09:22:17.478">
  <scan objectsFound="1094" bytesTraced="769340" workStackOverflowCount="0" />
</gc-op>
<gc-op id="2523" type="card-cleaning" timems="0.948" contextid="2516" timestamp="2019-08-08T09:22:17.479">
  <card-cleaning cardsCleaned="0" bytesTraced="2592" workStackOverflowCount="0" />
</gc-op>
<gc-op id="2524" type="mark" timems="3.666" contextid="2516" timestamp="2019-08-08T09:22:17.483">
  <trace-info objectcount="864" scancount="772" scanbytes="23032" />
  <finalization candidates="80" enqueued="0" />
  <ownableSynchronizers candidates="21" cleared="0" />
  <references type="soft" candidates="3261" cleared="0" enqueued="0" dynamicThreshold="2" maxThreshold="32" />
  <references type="weak" candidates="5462" cleared="0" enqueued="0" />
  <references type="phantom" candidates="76" cleared="0" enqueued="0" />
  <stringconstants candidates="13599" cleared="0"  />
</gc-op>
<gc-op id="2525" type="sweep" timems="2.033" contextid="2516" timestamp="2019-08-08T09:22:17.485" />
<mem-info id="2526" free="19741776" total="42532864" percent="46">
  <mem type="nursery" free="17946848" total="23330816" percent="76">
    <mem type="allocate" free="17946848" total="18546688" percent="96" />
    <mem type="survivor" free="0" total="4784128" percent="0" />
  </mem>
  <mem type="tenure" free="1794928" total="19202048" percent="9" micro-fragmented="0" macro-fragmented="0">
    <mem type="soa" free="1603440" total="19010560" percent="8" />
    <mem type="loa" free="191488" total="191488" percent="100" />
  </mem>
  <remembered-set count="1132" />
</mem-info>
<gc-op id="2527" type="compact" timems="25.416" contextid="2516" timestamp="2019-08-08T09:22:17.510">
  <compact-info movecount="3" movebytes="1224" reason="compact to aid heap contraction" />
</gc-op>
<heap-resize id="2528" type="expand" space="tenure" amount="131072" count="1" timems="0.019" reason="satisfy allocation request" timestamp="2019-08-08T09:22:17.511" />
<gc-end id="2529" type="global" contextid="2516" durationms="34.649" usertimems="49.647" systemtimems="0.000" timestamp="2019-08-08T09:22:17.511" activeThreads="16">
  <mem-info id="2530" free="19873280" total="42663936" percent="46">
    <mem type="nursery" free="17947280" total="23330816" percent="76">
      <mem type="allocate" free="17947280" total="18546688" percent="96" />
      <mem type="survivor" free="0" total="4784128" percent="0" />
    </mem>
    <mem type="tenure" free="1926000" total="19333120" percent="9">
      <mem type="soa" free="1733488" total="19140608" percent="9" />
      <mem type="loa" free="192512" total="192512" percent="100" />
    </mem>
    <remembered-set count="1132" />
  </mem-info>
</gc-end>
<cycle-end id="2531" type="global" contextid="2516" timestamp="2019-08-08T09:22:17.511" />
  <attribute name="elasticGC enabled" value="1" />
  <attribute name= "numThreadsSpecified" value="16" />
  <attribute name="heapSize specified" value="42532864" />
  <attribute name="Current GC Util" value="37" />
  <attribute name= "Current Time Running" value="128664" />
  <attribute name ="GC Interval" value="1745" />
  <attribute name="Target GC Util Change" value ="80.000000" />
  <attribute name="Current GC Util Change" value="37.000000"/>
  <attribute name="Current Error" value="-32.000000" />
  <attribute name="Output H" value="42608512"/>
  <attribute name="Output I" value="1952"/>
  <attribute name="Output T" value="16"/>
  <attribute name= "Current Time Running" value="128664" />
  <attribute name="GC Util currently" value="37" />
  <attribute name="CPU Util currently" value="45298748991" />
<concurrent-collection-end id="2532" timestamp="2019-08-08T09:22:17.512" />
<exclusive-end id="2533" timestamp="2019-08-08T09:22:17.513" durationms="36.206" />

<exclusive-start id="2534" timestamp="2019-08-08T09:22:17.516" intervalms="40.145">
  <response-info timems="0.044" idlems="0.044" threads="0" lastid="0000000000AEAF00" lastname="main" />
</exclusive-start>
<af-start id="2535" threadId="0000000000AEB888" totalBytesRequested="1168" timestamp="2019-08-08T09:22:17.517" intervalms="2821.842" type="nursery" />
<cycle-start id="2536" type="scavenge" contextid="0" timestamp="2019-08-08T09:22:17.517" intervalms="2821.846" />
<gc-start id="2537" type="scavenge" contextid="2536" timestamp="2019-08-08T09:22:17.517">
  <mem-info id="2538" free="1926000" total="42663936" percent="4">
    <mem type="nursery" free="0" total="23330816" percent="0">
      <mem type="allocate" free="0" total="18546688" percent="0" />
      <mem type="survivor" free="0" total="4784128" percent="0" />
    </mem>
    <mem type="tenure" free="1926000" total="19333120" percent="9">
      <mem type="soa" free="1733488" total="19140608" percent="9" />
      <mem type="loa" free="192512" total="192512" percent="100" />
    </mem>
    <remembered-set count="1132" />
  </mem-info>
</gc-start>
<allocation-stats totalBytes="17884576" >
  <allocated-bytes non-tlh="0" tlh="17884576" />
  <largest-consumer threadName="main" threadId="0000000000AEAF00" bytes="17884576" />
</allocation-stats>
<gc-op id="2539" type="scavenge" timems="3.465" contextid="2536" timestamp="2019-08-08T09:22:17.520">
  <scavenger-info tenureage="3" tenuremask="4008" tiltratio="79" />
  <memory-copied type="nursery" objects="92" bytes="6960" bytesdiscarded="51384" />
  <memory-copied type="tenure" objects="23987" bytes="591256" bytesdiscarded="376" />
  <ownableSynchronizers candidates="42" cleared="42" />
  <references type="weak" candidates="2" cleared="0" enqueued="0" />
</gc-op>
<gc-end id="2540" type="scavenge" contextid="2536" durationms="3.689" usertimems="7.261" systemtimems="0.000" timestamp="2019-08-08T09:22:17.520" activeThreads="16">
  <mem-info id="2541" free="20533360" total="42663936" percent="48">
    <mem type="nursery" free="19274776" total="23330816" percent="82">
      <mem type="allocate" free="19274776" total="19333120" percent="99" />
      <mem type="survivor" free="0" total="3997696" percent="0" />
    </mem>
    <mem type="tenure" free="1258584" total="19333120" percent="6" macro-fragmented="418667">
      <mem type="soa" free="1066072" total="19140608" percent="5" />
      <mem type="loa" free="192512" total="192512" percent="100" />
    </mem>
    <remembered-set count="134" />
  </mem-info>
</gc-end>
<cycle-end id="2542" type="scavenge" contextid="2536" timestamp="2019-08-08T09:22:17.520" />
  <attribute name="elasticGC enabled" value="1" />
  <attribute name= "numThreadsSpecified" value="16" />
  <attribute name="heapSize specified" value="42532864" />
  <attribute name="Current GC Util" value="454" />
  <attribute name= "Current Time Running" value="128670" />
  <attribute name ="GC Interval" value="1289" />
  <attribute name="Target GC Util Change" value ="80.000000" />
  <attribute name="Current GC Util Change" value="454.000000"/>
  <attribute name="Current Error" value="-406.000000" />
  <attribute name="Output H" value="42739152"/>
  <attribute name="Output I" value="1288"/>
  <attribute name="Output T" value="16"/>
  <attribute name= "Current Time Running" value="128670" />
  <attribute name="GC Util currently" value="454" />
  <attribute name="CPU Util currently" value="187158869880" />
<allocation-satisfied id="2543" threadId="0000000000AEAF00" bytesRequested="1168" />
<af-end id="2544" timestamp="2019-08-08T09:22:17.520" threadId="0000000000AEB888" success="true" from="nursery"/>
<exclusive-end id="2545" timestamp="2019-08-08T09:22:17.520" durationms="3.982" />

<concurrent-kickoff id="2546" timestamp="2019-08-08T09:22:17.525">
  <kickoff reason="threshold reached" targetBytes="12728640" thresholdFreeBytes="1759306"  remainingFree="1742728" tenureFreeBytes="1258584" nurseryFreeBytes="1742728" />
</concurrent-kickoff>
<exclusive-start id="2547" timestamp="2019-08-08T09:22:17.525" intervalms="8.924">
  <response-info timems="0.077" idlems="0.077" threads="0" lastid="0000000000AEAF00" lastname="main" />
</exclusive-start>
<cycle-start id="2548" type="global" contextid="0" timestamp="2019-08-08T09:22:17.525" intervalms="65.460" />
<exclusive-end id="2549" timestamp="2019-08-08T09:22:17.525" durationms="0.053" />

<exclusive-start id="2550" timestamp="2019-08-08T09:22:17.541" intervalms="15.350">
  <response-info timems="0.059" idlems="0.059" threads="0" lastid="0000000000AEAF00" lastname="main" />
</exclusive-start>
<concurrent-collection-start id="2551" timestamp="2019-08-08T09:22:17.541" intervalms="64.528" >
  <concurrent-trace-info reason="card cleaning threshold reached" tracedByMutators="6308632" tracedByHelpers="7087312" cardsCleaned="0" workStackOverflowCount="0" />
</concurrent-collection-start>
<gc-start id="2552" type="global" contextid="2548" timestamp="2019-08-08T09:22:17.541">
  <mem-info id="2553" free="1258584" total="42663936" percent="2">
    <mem type="nursery" free="0" total="23330816" percent="0">
      <mem type="allocate" free="0" total="19333120" percent="0" />
      <mem type="survivor" free="0" total="3997696" percent="0" />
    </mem>
    <mem type="tenure" free="1258584" total="19333120" percent="6">
      <mem type="soa" free="1066072" total="19140608" percent="5" />
      <mem type="loa" free="192512" total="192512" percent="100" />
    </mem>
    <remembered-set count="134" />
  </mem-info>
</gc-start>
<allocation-stats totalBytes="19208784" >
  <allocated-bytes non-tlh="1168" tlh="19207616" />
  <largest-consumer threadName="main" threadId="0000000000AEAF00" bytes="19208784" />
</allocation-stats>
<gc-op id="2554" type="rs-scan" timems="1.003" contextid="2548" timestamp="2019-08-08T09:22:17.542">
  <scan objectsFound="101" bytesTraced="9316" workStackOverflowCount="0" />
</gc-op>
<gc-op id="2555" type="card-cleaning" timems="0.683" contextid="2548" timestamp="2019-08-08T09:22:17.543">
  <card-cleaning cardsCleaned="0" bytesTraced="11720" workStackOverflowCount="0" />
</gc-op>
<gc-op id="2556" type="mark" timems="5.770" contextid="2548" timestamp="2019-08-08T09:22:17.548">
  <trace-info objectcount="292" scancount="281" scanbytes="8936" />
  <finalization candidates="80" enqueued="0" />
  <ownableSynchronizers candidates="21" cleared="0" />
  <references type="soft" candidates="3261" cleared="0" enqueued="0" dynamicThreshold="3" maxThreshold="32" />
  <references type="weak" candidates="5462" cleared="0" enqueued="0" />
  <references type="phantom" candidates="76" cleared="0" enqueued="0" />
  <stringconstants candidates="13599" cleared="0"  />
</gc-op>
<gc-op id="2557" type="sweep" timems="2.209" contextid="2548" timestamp="2019-08-08T09:22:17.551" />
<mem-info id="2558" free="20658848" total="42663936" percent="48">
  <mem type="nursery" free="19324504" total="23330816" percent="82">
    <mem type="allocate" free="19324504" total="19333120" percent="99" />
    <mem type="survivor" free="0" total="3997696" percent="0" />
  </mem>
  <mem type="tenure" free="1334344" total="19333120" percent="6" micro-fragmented="0" macro-fragmented="0">
    <mem type="soa" free="1141832" total="19140608" percent="5" />
    <mem type="loa" free="192512" total="192512" percent="100" />
  </mem>
  <remembered-set count="134" />
</mem-info>
<gc-op id="2559" type="compact" timems="32.546" contextid="2548" timestamp="2019-08-08T09:22:17.583">
  <compact-info movecount="22872" movebytes="566760" reason="compact to aid heap contraction" />
</gc-op>
<heap-resize id="2560" type="expand" space="tenure" amount="131072" count="1" timems="0.018" reason="satisfy allocation request" timestamp="2019-08-08T09:22:17.585" />
<gc-end id="2561" type="global" contextid="2548" durationms="43.924" usertimems="61.878" systemtimems="0.000" timestamp="2019-08-08T09:22:17.585" activeThreads="16">
  <mem-info id="2562" free="20790784" total="42795008" percent="48">
    <mem type="nursery" free="19324992" total="23330816" percent="82">
      <mem type="allocate" free="19324992" total="19333120" percent="99" />
      <mem type="survivor" free="0" total="3997696" percent="0" />
    </mem>
    <mem type="tenure" free="1465792" total="19464192" percent="7">
      <mem type="soa" free="1271232" total="19269632" percent="6" />
      <mem type="loa" free="194560" total="194560" percent="100" />
    </mem>
    <remembered-set count="134" />
  </mem-info>
</gc-end>
<cycle-end id="2563" type="global" contextid="2548" timestamp="2019-08-08T09:22:17.585" />
  <attribute name="elasticGC enabled" value="1" />
  <attribute name= "numThreadsSpecified" value="16" />
  <attribute name="heapSize specified" value="42663936" />
  <attribute name="Current GC Util" value="46" />
  <attribute name= "Current Time Running" value="128737" />
  <attribute name ="GC Interval" value="1289" />
  <attribute name="Target GC Util Change" value ="80.000000" />
  <attribute name="Current GC Util Change" value="46.000000"/>
  <attribute name="Current Error" value="-57.000000" />
  <attribute name="Output H" value="42739552"/>
  <attribute name="Output I" value="1912"/>
  <attribute name="Output T" value="16"/>
  <attribute name= "Current Time Running" value="128737" />
  <attribute name="GC Util currently" value="46" />
  <attribute name="CPU Util currently" value="35400324091" />
<concurrent-collection-end id="2564" timestamp="2019-08-08T09:22:17.585" />
<exclusive-end id="2565" timestamp="2019-08-08T09:22:17.585" durationms="44.231" />

<concurrent-kickoff id="2566" timestamp="2019-08-08T09:22:17.589">
  <kickoff reason="threshold reached" targetBytes="12948645" thresholdFreeBytes="1790152"  remainingFree="1663040" tenureFreeBytes="1465792" nurseryFreeBytes="1663040" />
</concurrent-kickoff>
<exclusive-start id="2567" timestamp="2019-08-08T09:22:17.589" intervalms="48.308">
  <response-info timems="0.073" idlems="0.073" threads="0" lastid="0000000000AEAF00" lastname="main" />
</exclusive-start>
<cycle-start id="2568" type="global" contextid="0" timestamp="2019-08-08T09:22:17.589" intervalms="63.624" />
<exclusive-end id="2569" timestamp="2019-08-08T09:22:17.589" durationms="0.019" />

<exclusive-start id="2570" timestamp="2019-08-08T09:22:17.604" intervalms="14.867">
  <response-info timems="0.088" idlems="0.088" threads="0" lastid="0000000000AEAF00" lastname="main" />
</exclusive-start>
<concurrent-collection-start id="2571" timestamp="2019-08-08T09:22:17.604" intervalms="63.053" >
  <concurrent-trace-info reason="card cleaning threshold reached" tracedByMutators="6162476" tracedByHelpers="7192520" cardsCleaned="0" workStackOverflowCount="0" />
</concurrent-collection-start>
<gc-start id="2572" type="global" contextid="2568" timestamp="2019-08-08T09:22:17.604">
  <mem-info id="2573" free="1465792" total="42795008" percent="3">
    <mem type="nursery" free="0" total="23330816" percent="0">
      <mem type="allocate" free="0" total="19333120" percent="0" />
      <mem type="survivor" free="0" total="3997696" percent="0" />
    </mem>
    <mem type="tenure" free="1465792" total="19464192" percent="7">
      <mem type="soa" free="1271232" total="19269632" percent="6" />
      <mem type="loa" free="194560" total="194560" percent="100" />
    </mem>
    <remembered-set count="134" />
  </mem-info>
</gc-start>
<allocation-stats totalBytes="19259000" >
  <allocated-bytes non-tlh="0" tlh="19259000" />
  <largest-consumer threadName="main" threadId="0000000000AEAF00" bytes="19259000" />
</allocation-stats>
<gc-op id="2574" type="rs-scan" timems="2.413" contextid="2568" timestamp="2019-08-08T09:22:17.606">
  <scan objectsFound="101" bytesTraced="9316" workStackOverflowCount="0" />
</gc-op>
<gc-op id="2575" type="card-cleaning" timems="0.960" contextid="2568" timestamp="2019-08-08T09:22:17.607">
  <card-cleaning cardsCleaned="0" bytesTraced="11720" workStackOverflowCount="0" />
</gc-op>
<gc-op id="2576" type="mark" timems="3.554" contextid="2568" timestamp="2019-08-08T09:22:17.611">
  <trace-info objectcount="1846" scancount="1654" scanbytes="49884" />
  <finalization candidates="80" enqueued="0" />
  <ownableSynchronizers candidates="21" cleared="0" />
  <references type="soft" candidates="3261" cleared="0" enqueued="0" dynamicThreshold="2" maxThreshold="32" />
  <references type="weak" candidates="5462" cleared="0" enqueued="0" />
  <references type="phantom" candidates="76" cleared="0" enqueued="0" />
  <stringconstants candidates="13599" cleared="0"  />
</gc-op>
<gc-op id="2577" type="sweep" timems="1.490" contextid="2568" timestamp="2019-08-08T09:22:17.613" />
<mem-info id="2578" free="20790352" total="42795008" percent="48">
  <mem type="nursery" free="19324560" total="23330816" percent="82">
    <mem type="allocate" free="19324560" total="19333120" percent="99" />
    <mem type="survivor" free="0" total="3997696" percent="0" />
  </mem>
  <mem type="tenure" free="1465792" total="19464192" percent="7" micro-fragmented="0" macro-fragmented="0">
    <mem type="soa" free="1271232" total="19269632" percent="6" />
    <mem type="loa" free="194560" total="194560" percent="100" />
  </mem>
  <remembered-set count="134" />
</mem-info>
<gc-op id="2579" type="compact" timems="31.507" contextid="2568" timestamp="2019-08-08T09:22:17.644">
  <compact-info movecount="3" movebytes="1224" reason="compact to aid heap contraction" />
</gc-op>
<heap-resize id="2580" type="expand" space="tenure" amount="131072" count="1" timems="0.045" reason="satisfy allocation request" timestamp="2019-08-08T09:22:17.645" />
<gc-end id="2581" type="global" contextid="2568" durationms="40.713" usertimems="59.745" systemtimems="0.000" timestamp="2019-08-08T09:22:17.645" activeThreads="16">
  <mem-info id="2582" free="20921856" total="42926080" percent="48">
    <mem type="nursery" free="19324992" total="23330816" percent="82">
      <mem type="allocate" free="19324992" total="19333120" percent="99" />
      <mem type="survivor" free="0" total="3997696" percent="0" />
    </mem>
    <mem type="tenure" free="1596864" total="19595264" percent="8">
      <mem type="soa" free="1401280" total="19399680" percent="7" />
      <mem type="loa" free="195584" total="195584" percent="100" />
    </mem>
    <remembered-set count="134" />
  </mem-info>
</gc-end>
<cycle-end id="2583" type="global" contextid="2568" timestamp="2019-08-08T09:22:17.645" />
  <attribute name="elasticGC enabled" value="1" />
  <attribute name= "numThreadsSpecified" value="16" />
  <attribute name="heapSize specified" value="42795008" />
  <attribute name="Current GC Util" value="28" />
  <attribute name= "Current Time Running" value="128798" />
  <attribute name ="GC Interval" value="1289" />
  <attribute name="Target GC Util Change" value ="80.000000" />
  <attribute name="Current GC Util Change" value="28.000000"/>
  <attribute name="Current Error" value="-529.000000" />
  <attribute name="Output H" value="42870080"/>
  <attribute name="Output I" value="1064"/>
  <attribute name="Output T" value="16"/>
  <attribute name= "Current Time Running" value="128798" />
  <attribute name="GC Util currently" value="28" />
  <attribute name="CPU Util currently" value="36555434140" />
<concurrent-collection-end id="2584" timestamp="2019-08-08T09:22:17.645" />
<exclusive-end id="2585" timestamp="2019-08-08T09:22:17.645" durationms="40.933" />

<concurrent-kickoff id="2586" timestamp="2019-08-08T09:22:17.650">
  <kickoff reason="threshold reached" targetBytes="13117730" thresholdFreeBytes="1813903"  remainingFree="1794112" tenureFreeBytes="1596864" nurseryFreeBytes="1794112" />
</concurrent-kickoff>
<exclusive-start id="2587" timestamp="2019-08-08T09:22:17.650" intervalms="46.208">
  <response-info timems="0.195" idlems="0.195" threads="0" lastid="0000000000AEAF00" lastname="main" />
</exclusive-start>
<cycle-start id="2588" type="global" contextid="0" timestamp="2019-08-08T09:22:17.650" intervalms="61.074" />
<exclusive-end id="2589" timestamp="2019-08-08T09:22:17.650" durationms="0.019" />

<exclusive-start id="2590" timestamp="2019-08-08T09:22:17.669" intervalms="19.182">
  <response-info timems="0.047" idlems="0.047" threads="0" lastid="0000000000AEAF00" lastname="main" />
</exclusive-start>
<af-start id="2591" threadId="0000000000AEB888" totalBytesRequested="1168" timestamp="2019-08-08T09:22:17.669" intervalms="152.829" type="nursery" />
<percolate-collect id="2592" from="nursery" to="global" reason="concurrent mark exhausted" timestamp="2019-08-08T09:22:17.669"/>
<gc-start id="2593" type="global" contextid="2588" timestamp="2019-08-08T09:22:17.669">
  <mem-info id="2594" free="1596864" total="42926080" percent="3">
    <mem type="nursery" free="0" total="23330816" percent="0">
      <mem type="allocate" free="0" total="19333120" percent="0" />
      <mem type="survivor" free="0" total="3997696" percent="0" />
    </mem>
    <mem type="tenure" free="1596864" total="19595264" percent="8">
      <mem type="soa" free="1401280" total="19399680" percent="7" />
      <mem type="loa" free="195584" total="195584" percent="100" />
    </mem>
    <remembered-set count="134" />
  </mem-info>
</gc-start>
<allocation-stats totalBytes="19258808" >
  <allocated-bytes non-tlh="0" tlh="19258808" />
  <largest-consumer threadName="main" threadId="0000000000AEAF00" bytes="19258808" />
</allocation-stats>
<concurrent-halted id="2595" timestamp="2019-08-08T09:22:17.669">
  <halted state="Complete" status="exhausted" />
  <traced bytesTarget="13117730" bytesTotal="13376216" bytesByMutator="6243828" bytesByHelper="7132388" percent="101" />
  <cards cleaned="0" thresholdBytes="714567" />
</concurrent-halted>
<gc-op id="2596" type="rs-scan" timems="0.625" contextid="2588" timestamp="2019-08-08T09:22:17.670">
  <scan objectsFound="101" bytesTraced="9316" workStackOverflowCount="0" />
</gc-op>
<gc-op id="2597" type="card-cleaning" timems="0.421" contextid="2588" timestamp="2019-08-08T09:22:17.671">
  <card-cleaning cardsCleaned="0" bytesTraced="11720" workStackOverflowCount="0" />
</gc-op>
<gc-op id="2598" type="mark" timems="2.689" contextid="2588" timestamp="2019-08-08T09:22:17.673">
  <trace-info objectcount="901" scancount="855" scanbytes="28664" />
  <finalization candidates="80" enqueued="0" />
  <ownableSynchronizers candidates="21" cleared="0" />
  <references type="soft" candidates="3261" cleared="0" enqueued="0" dynamicThreshold="2" maxThreshold="32" />
  <references type="weak" candidates="5462" cleared="0" enqueued="0" />
  <references type="phantom" candidates="76" cleared="0" enqueued="0" />
  <stringconstants candidates="13599" cleared="0"  />
</gc-op>
<gc-op id="2599" type="sweep" timems="1.211" contextid="2588" timestamp="2019-08-08T09:22:17.674" />
<mem-info id="2600" free="20922832" total="42926080" percent="48">
  <mem type="nursery" free="19325968" total="23330816" percent="82">
    <mem type="allocate" free="19325968" total="19333120" percent="99" />
    <mem type="survivor" free="0" total="3997696" percent="0" />
  </mem>
  <mem type="tenure" free="1596864" total="19595264" percent="8" micro-fragmented="0" macro-fragmented="0">
    <mem type="soa" free="1401280" total="19399680" percent="7" />
    <mem type="loa" free="195584" total="195584" percent="100" />
  </mem>
  <remembered-set count="134" />
</mem-info>
<gc-op id="2601" type="compact" timems="28.900" contextid="2588" timestamp="2019-08-08T09:22:17.704">
  <compact-info movecount="2" movebytes="56" reason="compact to aid heap contraction" />
</gc-op>
<heap-resize id="2602" type="expand" space="tenure" amount="131072" count="1" timems="0.114" reason="satisfy allocation request" timestamp="2019-08-08T09:22:17.704" />
<gc-end id="2603" type="global" contextid="2588" durationms="34.953" usertimems="78.981" systemtimems="0.000" timestamp="2019-08-08T09:22:17.704" activeThreads="16">
  <mem-info id="2604" free="21054096" total="43057152" percent="48">
    <mem type="nursery" free="19326160" total="23330816" percent="82">
      <mem type="allocate" free="19326160" total="19333120" percent="99" />
      <mem type="survivor" free="0" total="3997696" percent="0" />
    </mem>
    <mem type="tenure" free="1727936" total="19726336" percent="8">
      <mem type="soa" free="1531328" total="19529728" percent="7" />
      <mem type="loa" free="196608" total="196608" percent="100" />
    </mem>
    <remembered-set count="134" />
  </mem-info>
</gc-end>
<cycle-end id="2605" type="global" contextid="2588" timestamp="2019-08-08T09:22:17.704" />
  <attribute name="elasticGC enabled" value="1" />
  <attribute name= "numThreadsSpecified" value="16" />
  <attribute name="heapSize specified" value="42926080" />
  <attribute name="Current GC Util" value="27" />
  <attribute name= "Current Time Running" value="128857" />
  <attribute name ="GC Interval" value="1289" />
  <attribute name="Target GC Util Change" value ="80.000000" />
  <attribute name="Current GC Util Change" value="27.000000"/>
  <attribute name="Current Error" value="-116.000000" />
  <attribute name="Output H" value="43001632"/>
  <attribute name="Output I" value="1808"/>
  <attribute name="Output T" value="16"/>
  <attribute name= "Current Time Running" value="128857" />
  <attribute name="GC Util currently" value="27" />
  <attribute name="CPU Util currently" value="39841105460" />
<allocation-satisfied id="2606" threadId="0000000000AEAF00" bytesRequested="1168" />
<af-end id="2607" timestamp="2019-08-08T09:22:17.704" threadId="0000000000AEB888" success="true" from="nursery"/>
<exclusive-end id="2608" timestamp="2019-08-08T09:22:17.704" durationms="35.146" />

<concurrent-kickoff id="2609" timestamp="2019-08-08T09:22:17.708">
  <kickoff reason="threshold reached" targetBytes="13257969" thresholdFreeBytes="1833603"  remainingFree="1794112" tenureFreeBytes="1727936" nurseryFreeBytes="1794112" />
</concurrent-kickoff>
<exclusive-start id="2610" timestamp="2019-08-08T09:22:17.708" intervalms="38.992">
  <response-info timems="0.177" idlems="0.177" threads="0" lastid="0000000000AEAF00" lastname="main" />
</exclusive-start>
<cycle-start id="2611" type="global" contextid="0" timestamp="2019-08-08T09:22:17.708" intervalms="58.183" />
<exclusive-end id="2612" timestamp="2019-08-08T09:22:17.708" durationms="0.026" />

<exclusive-start id="2613" timestamp="2019-08-08T09:22:17.725" intervalms="17.095">
  <response-info timems="0.245" idlems="0.245" threads="0" lastid="0000000000AEAF00" lastname="main" />
</exclusive-start>
<concurrent-collection-start id="2614" timestamp="2019-08-08T09:22:17.725" intervalms="121.472" >
  <concurrent-trace-info reason="card cleaning threshold reached" tracedByMutators="6016608" tracedByHelpers="7351172" cardsCleaned="0" workStackOverflowCount="0" />
</concurrent-collection-start>
<gc-start id="2615" type="global" contextid="2611" timestamp="2019-08-08T09:22:17.725">
  <mem-info id="2616" free="1727936" total="43057152" percent="4">
    <mem type="nursery" free="0" total="23330816" percent="0">
      <mem type="allocate" free="0" total="19333120" percent="0" />
      <mem type="survivor" free="0" total="3997696" percent="0" />
    </mem>
    <mem type="tenure" free="1727936" total="19726336" percent="8">
      <mem type="soa" free="1531328" total="19529728" percent="7" />
      <mem type="loa" free="196608" total="196608" percent="100" />
    </mem>
    <remembered-set count="134" />
  </mem-info>
</gc-start>
<allocation-stats totalBytes="19260168" >
  <allocated-bytes non-tlh="1168" tlh="19259000" />
  <largest-consumer threadName="main" threadId="0000000000AEAF00" bytes="19260168" />
</allocation-stats>
<gc-op id="2617" type="rs-scan" timems="0.753" contextid="2611" timestamp="2019-08-08T09:22:17.726">
  <scan objectsFound="101" bytesTraced="9316" workStackOverflowCount="0" />
</gc-op>
<gc-op id="2618" type="card-cleaning" timems="1.030" contextid="2611" timestamp="2019-08-08T09:22:17.727">
  <card-cleaning cardsCleaned="0" bytesTraced="11720" workStackOverflowCount="0" />
</gc-op>
<gc-op id="2619" type="mark" timems="4.937" contextid="2611" timestamp="2019-08-08T09:22:17.732">
  <trace-info objectcount="1320" scancount="1190" scanbytes="37100" />
  <finalization candidates="80" enqueued="0" />
  <ownableSynchronizers candidates="21" cleared="0" />
  <references type="soft" candidates="3261" cleared="0" enqueued="0" dynamicThreshold="2" maxThreshold="32" />
  <references type="weak" candidates="5462" cleared="0" enqueued="0" />
  <references type="phantom" candidates="76" cleared="0" enqueued="0" />
  <stringconstants candidates="13599" cleared="0"  />
</gc-op>
<gc-op id="2620" type="sweep" timems="1.650" contextid="2611" timestamp="2019-08-08T09:22:17.734" />
<mem-info id="2621" free="21052496" total="43057152" percent="48">
  <mem type="nursery" free="19324560" total="23330816" percent="82">
    <mem type="allocate" free="19324560" total="19333120" percent="99" />
    <mem type="survivor" free="0" total="3997696" percent="0" />
  </mem>
  <mem type="tenure" free="1727936" total="19726336" percent="8" micro-fragmented="0" macro-fragmented="0">
    <mem type="soa" free="1531328" total="19529728" percent="7" />
    <mem type="loa" free="196608" total="196608" percent="100" />
  </mem>
  <remembered-set count="134" />
</mem-info>
<gc-op id="2622" type="compact" timems="25.221" contextid="2611" timestamp="2019-08-08T09:22:17.759">
  <compact-info movecount="3" movebytes="1224" reason="compact to aid heap contraction" />
</gc-op>
<heap-resize id="2623" type="expand" space="tenure" amount="131072" count="1" timems="0.019" reason="satisfy allocation request" timestamp="2019-08-08T09:22:17.760" />
<gc-end id="2624" type="global" contextid="2611" durationms="34.984" usertimems="86.361" systemtimems="0.000" timestamp="2019-08-08T09:22:17.760" activeThreads="16">
  <mem-info id="2625" free="21184000" total="43188224" percent="49">
    <mem type="nursery" free="19324992" total="23330816" percent="82">
      <mem type="allocate" free="19324992" total="19333120" percent="99" />
      <mem type="survivor" free="0" total="3997696" percent="0" />
    </mem>
    <mem type="tenure" free="1859008" total="19857408" percent="9">
      <mem type="soa" free="1661376" total="19659776" percent="8" />
      <mem type="loa" free="197632" total="197632" percent="100" />
    </mem>
    <remembered-set count="134" />
  </mem-info>
</gc-end>
<cycle-end id="2626" type="global" contextid="2611" timestamp="2019-08-08T09:22:17.760" />
  <attribute name="elasticGC enabled" value="1" />
  <attribute name= "numThreadsSpecified" value="16" />
  <attribute name="heapSize specified" value="43057152" />
  <attribute name="Current GC Util" value="35" />
  <attribute name= "Current Time Running" value="128913" />
  <attribute name ="GC Interval" value="1289" />
  <attribute name="Target GC Util Change" value ="80.000000" />
  <attribute name="Current GC Util Change" value="35.000000"/>
  <attribute name="Current Error" value="45.000000" />
  <attribute name="Output H" value="43132888"/>
  <attribute name="Output I" value="2088"/>
  <attribute name="Output T" value="16"/>
  <attribute name= "Current Time Running" value="128913" />
  <attribute name="GC Util currently" value="35" />
  <attribute name="CPU Util currently" value="45663920234" />
<concurrent-collection-end id="2627" timestamp="2019-08-08T09:22:17.761" />
<exclusive-end id="2628" timestamp="2019-08-08T09:22:17.761" durationms="35.158" />

<exclusive-start id="2629" timestamp="2019-08-08T09:22:17.766" intervalms="40.561">
  <response-info timems="0.210" idlems="0.210" threads="0" lastid="0000000000AEAF00" lastname="main" />
</exclusive-start>
<af-start id="2630" threadId="0000000000AEB888" totalBytesRequested="1168" timestamp="2019-08-08T09:22:17.766" intervalms="96.699" type="nursery" />
<cycle-start id="2631" type="scavenge" contextid="0" timestamp="2019-08-08T09:22:17.766" intervalms="249.525" />
<gc-start id="2632" type="scavenge" contextid="2631" timestamp="2019-08-08T09:22:17.766">
  <mem-info id="2633" free="1859008" total="43188224" percent="4">
    <mem type="nursery" free="0" total="23330816" percent="0">
      <mem type="allocate" free="0" total="19333120" percent="0" />
      <mem type="survivor" free="0" total="3997696" percent="0" />
    </mem>
    <mem type="tenure" free="1859008" total="19857408" percent="9">
      <mem type="soa" free="1661376" total="19659776" percent="8" />
      <mem type="loa" free="197632" total="197632" percent="100" />
    </mem>
    <remembered-set count="134" />
  </mem-info>
</gc-start>
<allocation-stats totalBytes="19258784" >
  <allocated-bytes non-tlh="0" tlh="19258784" />
  <largest-consumer threadName="main" threadId="0000000000AEAF00" bytes="19258784" />
</allocation-stats>
<gc-op id="2634" type="scavenge" timems="2.935" contextid="2631" timestamp="2019-08-08T09:22:17.769">
  <scavenger-info tenureage="14" tenuremask="4000" tiltratio="82" />
  <memory-copied type="nursery" objects="92" bytes="6960" bytesdiscarded="32976" />
  <ownableSynchronizers candidates="42" cleared="42" />
  <references type="weak" candidates="2" cleared="0" enqueued="0" />
</gc-op>
<gc-end id="2635" type="scavenge" contextid="2631" durationms="3.495" usertimems="7.662" systemtimems="0.000" timestamp="2019-08-08T09:22:17.770" activeThreads="16">
  <mem-info id="2636" free="21938624" total="43188224" percent="50">
    <mem type="nursery" free="20079616" total="23330816" percent="86">
      <mem type="allocate" free="20079616" total="20119552" percent="99" />
      <mem type="survivor" free="0" total="3211264" percent="0" />
    </mem>
    <mem type="tenure" free="1859008" total="19857408" percent="9" macro-fragmented="0">
      <mem type="soa" free="1661376" total="19659776" percent="8" />
      <mem type="loa" free="197632" total="197632" percent="100" />
    </mem>
    <remembered-set count="134" />
  </mem-info>
</gc-end>
<cycle-end id="2637" type="scavenge" contextid="2631" timestamp="2019-08-08T09:22:17.770" />
  <attribute name="elasticGC enabled" value="1" />
  <attribute name= "numThreadsSpecified" value="16" />
  <attribute name="heapSize specified" value="43057152" />
  <attribute name="Current GC Util" value="409" />
  <attribute name= "Current Time Running" value="128920" />
  <attribute name ="GC Interval" value="1505" />
  <attribute name="Target GC Util Change" value ="80.000000" />
  <attribute name="Current GC Util Change" value="409.000000"/>
  <attribute name="Current Error" value="-284.000000" />
  <attribute name="Output H" value="43263584"/>
  <attribute name="Output I" value="1504"/>
  <attribute name="Output T" value="16"/>
  <attribute name= "Current Time Running" value="128920" />
  <attribute name="GC Util currently" value="409" />
  <attribute name="CPU Util currently" value="169363963464" />
<allocation-satisfied id="2638" threadId="0000000000AEAF00" bytesRequested="1168" />
<af-end id="2639" timestamp="2019-08-08T09:22:17.770" threadId="0000000000AEB888" success="true" from="nursery"/>
<exclusive-end id="2640" timestamp="2019-08-08T09:22:17.770" durationms="3.832" />

<exclusive-start id="2641" timestamp="2019-08-08T09:22:17.776" intervalms="9.760">
  <response-info timems="0.080" idlems="0.080" threads="0" lastid="0000000000AEAF00" lastname="main" />
</exclusive-start>
<af-start id="2642" threadId="0000000000AEB888" totalBytesRequested="1168" timestamp="2019-08-08T09:22:17.776" intervalms="9.752" type="nursery" />
<cycle-start id="2643" type="scavenge" contextid="0" timestamp="2019-08-08T09:22:17.776" intervalms="9.809" />
<gc-start id="2644" type="scavenge" contextid="2643" timestamp="2019-08-08T09:22:17.776">
  <mem-info id="2645" free="1859008" total="43188224" percent="4">
    <mem type="nursery" free="0" total="23330816" percent="0">
      <mem type="allocate" free="0" total="20119552" percent="0" />
      <mem type="survivor" free="0" total="3211264" percent="0" />
    </mem>
    <mem type="tenure" free="1859008" total="19857408" percent="9">
      <mem type="soa" free="1661376" total="19659776" percent="8" />
      <mem type="loa" free="197632" total="197632" percent="100" />
    </mem>
    <remembered-set count="134" />
  </mem-info>
</gc-start>
<allocation-stats totalBytes="20009320" >
  <allocated-bytes non-tlh="1168" tlh="20008152" />
  <largest-consumer threadName="main" threadId="0000000000AEAF00" bytes="20009320" />
</allocation-stats>
<gc-op id="2646" type="scavenge" timems="3.043" contextid="2643" timestamp="2019-08-08T09:22:17.779">
  <scavenger-info tenureage="3" tenuremask="fff8" tiltratio="86" />
  <memory-copied type="nursery" objects="81" bytes="3168" bytesdiscarded="36768" />
  <memory-copied type="tenure" objects="11" bytes="3792" bytesdiscarded="0" />
</gc-op>
<heap-resize id="2647" type="expand" space="nursery" amount="3932160" count="1" timems="0.017" reason="excessive time being spent scavenging" timestamp="2019-08-08T09:22:17.779" />
<gc-end id="2648" type="scavenge" contextid="2643" durationms="3.561" usertimems="7.119" systemtimems="0.000" timestamp="2019-08-08T09:22:17.779" activeThreads="16">
  <mem-info id="2649" free="26109120" total="47120384" percent="55">
    <mem type="nursery" free="24273920" total="27262976" percent="89">
      <mem type="allocate" free="24273920" total="24313856" percent="99" />
      <mem type="survivor" free="0" total="2949120" percent="0" />
    </mem>
    <mem type="tenure" free="1835200" total="19857408" percent="9" macro-fragmented="0">
      <mem type="soa" free="1637568" total="19659776" percent="8" />
      <mem type="loa" free="197632" total="197632" percent="100" />
    </mem>
    <remembered-set count="128" />
  </mem-info>
</gc-end>
<cycle-end id="2650" type="scavenge" contextid="2643" timestamp="2019-08-08T09:22:17.780" />
  <attribute name="elasticGC enabled" value="1" />
  <attribute name= "numThreadsSpecified" value="16" />
  <attribute name="heapSize specified" value="43057152" />
  <attribute name="Current GC Util" value="46" />
  <attribute name= "Current Time Running" value="128930" />
  <attribute name ="GC Interval" value="1569" />
  <attribute name="Target GC Util Change" value ="80.000000" />
  <attribute name="Current GC Util Change" value="46.000000"/>
  <attribute name="Current Error" value="-250.000000" />
  <attribute name="Output H" value="43263616"/>
  <attribute name="Output I" value="1568"/>
  <attribute name="Output T" value="16"/>
  <attribute name= "Current Time Running" value="128930" />
  <attribute name="GC Util currently" value="46" />
  <attribute name="CPU Util currently" value="118692289438" />
<allocation-satisfied id="2651" threadId="0000000000AEAF00" bytesRequested="1168" />
<af-end id="2652" timestamp="2019-08-08T09:22:17.780" threadId="0000000000AEB888" success="true" from="nursery"/>
<exclusive-end id="2653" timestamp="2019-08-08T09:22:17.780" durationms="4.010" />

<exclusive-start id="2654" timestamp="2019-08-08T09:22:17.789" intervalms="12.964">
  <response-info timems="0.054" idlems="0.054" threads="0" lastid="0000000000AEAF00" lastname="main" />
</exclusive-start>
<af-start id="2655" threadId="0000000000AEB888" totalBytesRequested="1168" timestamp="2019-08-08T09:22:17.789" intervalms="12.936" type="nursery" />
<cycle-start id="2656" type="scavenge" contextid="0" timestamp="2019-08-08T09:22:17.789" intervalms="12.884" />
<gc-start id="2657" type="scavenge" contextid="2656" timestamp="2019-08-08T09:22:17.789">
  <mem-info id="2658" free="1835200" total="47120384" percent="3">
    <mem type="nursery" free="0" total="27262976" percent="0">
      <mem type="allocate" free="0" total="24313856" percent="0" />
      <mem type="survivor" free="0" total="2949120" percent="0" />
    </mem>
    <mem type="tenure" free="1835200" total="19857408" percent="9">
      <mem type="soa" free="1637568" total="19659776" percent="8" />
      <mem type="loa" free="197632" total="197632" percent="100" />
    </mem>
    <remembered-set count="128" />
  </mem-info>
</gc-start>
<allocation-stats totalBytes="24189896" >
  <allocated-bytes non-tlh="1168" tlh="24188728" />
  <largest-consumer threadName="main" threadId="0000000000AEAF00" bytes="24189896" />
</allocation-stats>
<gc-op id="2659" type="scavenge" timems="1.135" contextid="2656" timestamp="2019-08-08T09:22:17.790">
  <scavenger-info tenureage="3" tenuremask="ffd8" tiltratio="89" />
  <memory-copied type="nursery" objects="2" bytes="56" bytesdiscarded="32200" />
  <memory-copied type="tenure" objects="79" bytes="3112" bytesdiscarded="0" />
</gc-op>
<heap-resize id="2660" type="expand" space="nursery" amount="1179648" count="1" timems="0.017" reason="excessive time being spent scavenging" timestamp="2019-08-08T09:22:17.790" />
<gc-end id="2661" type="scavenge" contextid="2656" durationms="1.589" usertimems="2.213" systemtimems="0.000" timestamp="2019-08-08T09:22:17.790" activeThreads="16">
  <mem-info id="2662" free="27345856" total="48300032" percent="56">
    <mem type="nursery" free="25526784" total="28442624" percent="89">
      <mem type="allocate" free="25526784" total="25559040" percent="99" />
      <mem type="survivor" free="0" total="2883584" percent="0" />
    </mem>
    <mem type="tenure" free="1819072" total="19857408" percent="9" macro-fragmented="0">
      <mem type="soa" free="1621440" total="19659776" percent="8" />
      <mem type="loa" free="197632" total="197632" percent="100" />
    </mem>
    <remembered-set count="120" />
  </mem-info>
</gc-end>
<cycle-end id="2663" type="scavenge" contextid="2656" timestamp="2019-08-08T09:22:17.790" />
  <attribute name="elasticGC enabled" value="1" />
  <attribute name= "numThreadsSpecified" value="16" />
  <attribute name="heapSize specified" value="43057152" />
  <attribute name="Current GC Util" value="49" />
  <attribute name= "Current Time Running" value="128942" />
  <attribute name ="GC Interval" value="1625" />
  <attribute name="Target GC Util Change" value ="80.000000" />
  <attribute name="Current GC Util Change" value="49.000000"/>
  <attribute name="Current Error" value="-219.000000" />
  <attribute name="Output H" value="47195816"/>
  <attribute name="Output I" value="1624"/>
  <attribute name="Output T" value="16"/>
  <attribute name= "Current Time Running" value="128942" />
  <attribute name="GC Util currently" value="49" />
  <attribute name="CPU Util currently" value="89169062543" />
<allocation-satisfied id="2664" threadId="0000000000AEAF00" bytesRequested="1168" />
<af-end id="2665" timestamp="2019-08-08T09:22:17.790" threadId="0000000000AEB888" success="true" from="nursery"/>
<exclusive-end id="2666" timestamp="2019-08-08T09:22:17.790" durationms="1.832" />

<exclusive-start id="2667" timestamp="2019-08-08T09:22:17.799" intervalms="9.875">
  <response-info timems="0.052" idlems="0.052" threads="0" lastid="0000000000AEAF00" lastname="main" />
</exclusive-start>
<af-start id="2668" threadId="0000000000AEB888" totalBytesRequested="1168" timestamp="2019-08-08T09:22:17.799" intervalms="9.874" type="nursery" />
<cycle-start id="2669" type="scavenge" contextid="0" timestamp="2019-08-08T09:22:17.799" intervalms="9.873" />
<gc-start id="2670" type="scavenge" contextid="2669" timestamp="2019-08-08T09:22:17.799">
  <mem-info id="2671" free="1819072" total="48300032" percent="3">
    <mem type="nursery" free="0" total="28442624" percent="0">
      <mem type="allocate" free="0" total="25559040" percent="0" />
      <mem type="survivor" free="0" total="2883584" percent="0" />
    </mem>
    <mem type="tenure" free="1819072" total="19857408" percent="9">
      <mem type="soa" free="1621440" total="19659776" percent="8" />
      <mem type="loa" free="197632" total="197632" percent="100" />
    </mem>
    <remembered-set count="120" />
  </mem-info>
</gc-start>
<allocation-stats totalBytes="25439600" >
  <allocated-bytes non-tlh="1168" tlh="25438432" />
  <largest-consumer threadName="main" threadId="0000000000AEAF00" bytes="25439600" />
</allocation-stats>
<gc-op id="2672" type="scavenge" timems="0.738" contextid="2669" timestamp="2019-08-08T09:22:17.799">
  <scavenger-info tenureage="3" tenuremask="ffe8" tiltratio="89" />
  <memory-copied type="nursery" objects="2" bytes="56" bytesdiscarded="32200" />
</gc-op>
<heap-resize id="2673" type="expand" space="nursery" amount="1441792" count="1" timems="0.075" reason="excessive time being spent scavenging" timestamp="2019-08-08T09:22:17.800" />
<gc-end id="2674" type="scavenge" contextid="2669" durationms="1.352" usertimems="3.058" systemtimems="0.000" timestamp="2019-08-08T09:22:17.800" activeThreads="16">
  <mem-info id="2675" free="28591040" total="49741824" percent="57">
    <mem type="nursery" free="26771968" total="29884416" percent="89">
      <mem type="allocate" free="26771968" total="26804224" percent="99" />
      <mem type="survivor" free="0" total="3080192" percent="0" />
    </mem>
    <mem type="tenure" free="1819072" total="19857408" percent="9" macro-fragmented="0">
      <mem type="soa" free="1621440" total="19659776" percent="8" />
      <mem type="loa" free="197632" total="197632" percent="100" />
    </mem>
    <remembered-set count="120" />
  </mem-info>
</gc-end>
<cycle-end id="2676" type="scavenge" contextid="2669" timestamp="2019-08-08T09:22:17.800" />
  <attribute name="elasticGC enabled" value="1" />
  <attribute name= "numThreadsSpecified" value="16" />
  <attribute name="heapSize specified" value="43057152" />
  <attribute name="Current GC Util" value="18" />
  <attribute name= "Current Time Running" value="128952" />
  <attribute name ="GC Interval" value="1729" />
  <attribute name="Target GC Util Change" value ="80.000000" />
  <attribute name="Current GC Util Change" value="18.000000"/>
  <attribute name="Current Error" value="-157.000000" />
  <attribute name="Output H" value="48375536"/>
  <attribute name="Output I" value="1728"/>
  <attribute name="Output T" value="16"/>
  <attribute name= "Current Time Running" value="128952" />
  <attribute name="GC Util currently" value="18" />
  <attribute name="CPU Util currently" value="116979126402" />
<allocation-satisfied id="2677" threadId="0000000000AEAF00" bytesRequested="1168" />
<af-end id="2678" timestamp="2019-08-08T09:22:17.800" threadId="0000000000AEB888" success="true" from="nursery"/>
<exclusive-end id="2679" timestamp="2019-08-08T09:22:17.800" durationms="1.605" />

<exclusive-start id="2680" timestamp="2019-08-08T09:22:17.809" intervalms="10.932">
  <response-info timems="0.332" idlems="0.332" threads="0" lastid="0000000000AEAF00" lastname="main" />
</exclusive-start>
<af-start id="2681" threadId="0000000000AEB888" totalBytesRequested="1168" timestamp="2019-08-08T09:22:17.810" intervalms="10.926" type="nursery" />
<cycle-start id="2682" type="scavenge" contextid="0" timestamp="2019-08-08T09:22:17.810" intervalms="10.925" />
<gc-start id="2683" type="scavenge" contextid="2682" timestamp="2019-08-08T09:22:17.810">
  <mem-info id="2684" free="1819072" total="49741824" percent="3">
    <mem type="nursery" free="0" total="29884416" percent="0">
      <mem type="allocate" free="0" total="26804224" percent="0" />
      <mem type="survivor" free="0" total="3080192" percent="0" />
    </mem>
    <mem type="tenure" free="1819072" total="19857408" percent="9">
      <mem type="soa" free="1621440" total="19659776" percent="8" />
      <mem type="loa" free="197632" total="197632" percent="100" />
    </mem>
    <remembered-set count="120" />
  </mem-info>
</gc-start>
<allocation-stats totalBytes="26680728" >
  <allocated-bytes non-tlh="1168" tlh="26679560" />
  <largest-consumer threadName="main" threadId="0000000000AEAF00" bytes="26680728" />
</allocation-stats>
<gc-op id="2685" type="scavenge" timems="1.264" contextid="2682" timestamp="2019-08-08T09:22:17.811">
  <scavenger-info tenureage="3" tenuremask="fff8" tiltratio="89" />
  <memory-copied type="nursery" objects="2" bytes="56" bytesdiscarded="16072" />
</gc-op>
<heap-resize id="2686" type="expand" space="nursery" amount="1179648" count="1" timems="0.015" reason="excessive time being spent scavenging" timestamp="2019-08-08T09:22:17.811" />
<gc-end id="2687" type="scavenge" contextid="2682" durationms="1.831" usertimems="3.942" systemtimems="0.000" timestamp="2019-08-08T09:22:17.811" activeThreads="16">
  <mem-info id="2688" free="29721280" total="50921472" percent="58">
    <mem type="nursery" free="27902208" total="31064064" percent="89">
      <mem type="allocate" free="27902208" total="27918336" percent="99" />
      <mem type="survivor" free="0" total="3145728" percent="0" />
    </mem>
    <mem type="tenure" free="1819072" total="19857408" percent="9" macro-fragmented="0">
      <mem type="soa" free="1621440" total="19659776" percent="8" />
      <mem type="loa" free="197632" total="197632" percent="100" />
    </mem>
    <remembered-set count="120" />
  </mem-info>
</gc-end>
<cycle-end id="2689" type="scavenge" contextid="2682" timestamp="2019-08-08T09:22:17.812" />
  <attribute name="elasticGC enabled" value="1" />
  <attribute name= "numThreadsSpecified" value="16" />
  <attribute name="heapSize specified" value="43057152" />
  <attribute name="Current GC Util" value="16" />
  <attribute name= "Current Time Running" value="128963" />
  <attribute name ="GC Interval" value="1849" />
  <attribute name="Target GC Util Change" value ="80.000000" />
  <attribute name="Current GC Util Change" value="16.000000"/>
  <attribute name="Current Error" value="-93.000000" />
  <attribute name="Output H" value="49817400"/>
  <attribute name="Output I" value="1848"/>
  <attribute name="Output T" value="16"/>
  <attribute name= "Current Time Running" value="128963" />
  <attribute name="GC Util currently" value="16" />
  <attribute name="CPU Util currently" value="105260985616" />
<allocation-satisfied id="2690" threadId="0000000000AEAF00" bytesRequested="1168" />
<af-end id="2691" timestamp="2019-08-08T09:22:17.812" threadId="0000000000AEB888" success="true" from="nursery"/>
<exclusive-end id="2692" timestamp="2019-08-08T09:22:17.812" durationms="2.085" />

<exclusive-start id="2693" timestamp="2019-08-08T09:22:17.820" intervalms="10.692">
  <response-info timems="0.047" idlems="0.047" threads="0" lastid="0000000000AEAF00" lastname="main" />
</exclusive-start>
<af-start id="2694" threadId="0000000000AEB888" totalBytesRequested="1168" timestamp="2019-08-08T09:22:17.820" intervalms="10.693" type="nursery" />
<cycle-start id="2695" type="scavenge" contextid="0" timestamp="2019-08-08T09:22:17.820" intervalms="10.691" />
<gc-start id="2696" type="scavenge" contextid="2695" timestamp="2019-08-08T09:22:17.820">
  <mem-info id="2697" free="1819072" total="50921472" percent="3">
    <mem type="nursery" free="0" total="31064064" percent="0">
      <mem type="allocate" free="0" total="27918336" percent="0" />
      <mem type="survivor" free="0" total="3145728" percent="0" />
    </mem>
    <mem type="tenure" free="1819072" total="19857408" percent="9">
      <mem type="soa" free="1621440" total="19659776" percent="8" />
      <mem type="loa" free="197632" total="197632" percent="100" />
    </mem>
    <remembered-set count="120" />
  </mem-info>
</gc-start>
<allocation-stats totalBytes="27807232" >
  <allocated-bytes non-tlh="1168" tlh="27806064" />
  <largest-consumer threadName="main" threadId="0000000000AEAF00" bytes="27807232" />
</allocation-stats>
<gc-op id="2698" type="scavenge" timems="1.977" contextid="2695" timestamp="2019-08-08T09:22:17.822">
  <scavenger-info tenureage="3" tenuremask="fff8" tiltratio="89" />
  <memory-copied type="nursery" objects="2" bytes="56" bytesdiscarded="32200" />
</gc-op>
<heap-resize id="2699" type="expand" space="nursery" amount="2621440" count="1" timems="0.022" reason="excessive time being spent scavenging" timestamp="2019-08-08T09:22:17.823" />
<gc-end id="2700" type="scavenge" contextid="2695" durationms="2.553" usertimems="8.172" systemtimems="0.000" timestamp="2019-08-08T09:22:17.823" activeThreads="16">
  <mem-info id="2701" free="32064448" total="53542912" percent="59">
    <mem type="nursery" free="30245376" total="33685504" percent="89">
      <mem type="allocate" free="30245376" total="30277632" percent="99" />
      <mem type="survivor" free="0" total="3407872" percent="0" />
    </mem>
    <mem type="tenure" free="1819072" total="19857408" percent="9" macro-fragmented="0">
      <mem type="soa" free="1621440" total="19659776" percent="8" />
      <mem type="loa" free="197632" total="197632" percent="100" />
    </mem>
    <remembered-set count="120" />
  </mem-info>
</gc-end>
<cycle-end id="2702" type="scavenge" contextid="2695" timestamp="2019-08-08T09:22:17.823" />
  <attribute name="elasticGC enabled" value="1" />
  <attribute name= "numThreadsSpecified" value="16" />
  <attribute name="heapSize specified" value="43057152" />
  <attribute name="Current GC Util" value="20" />
  <attribute name= "Current Time Running" value="128974" />
  <attribute name ="GC Interval" value="2121" />
  <attribute name="Target GC Util Change" value ="80.000000" />
  <attribute name="Current GC Util Change" value="20.000000"/>
  <attribute name="Current Error" value="60.000000" />
  <attribute name="Output H" value="50997224"/>
  <attribute name="Output I" value="2120"/>
  <attribute name="Output T" value="16"/>
  <attribute name= "Current Time Running" value="128974" />
  <attribute name="GC Util currently" value="20" />
  <attribute name="CPU Util currently" value="108263191775" />
<allocation-satisfied id="2703" threadId="0000000000AEAF00" bytesRequested="1168" />
<af-end id="2704" timestamp="2019-08-08T09:22:17.823" threadId="0000000000AEB888" success="true" from="nursery"/>
<exclusive-end id="2705" timestamp="2019-08-08T09:22:17.823" durationms="2.812" />

<exclusive-start id="2706" timestamp="2019-08-08T09:22:17.830" intervalms="9.685">
  <response-info timems="0.050" idlems="0.050" threads="0" lastid="0000000000AEAF00" lastname="main" />
</exclusive-start>
<af-start id="2707" threadId="0000000000AEB888" totalBytesRequested="1168" timestamp="2019-08-08T09:22:17.830" intervalms="9.732" type="nursery" />
<cycle-start id="2708" type="scavenge" contextid="0" timestamp="2019-08-08T09:22:17.830" intervalms="9.743" />
<gc-start id="2709" type="scavenge" contextid="2708" timestamp="2019-08-08T09:22:17.830">
  <mem-info id="2710" free="1819072" total="53542912" percent="3">
    <mem type="nursery" free="0" total="33685504" percent="0">
      <mem type="allocate" free="0" total="30277632" percent="0" />
      <mem type="survivor" free="0" total="3407872" percent="0" />
    </mem>
    <mem type="tenure" free="1819072" total="19857408" percent="9">
      <mem type="soa" free="1621440" total="19659776" percent="8" />
      <mem type="loa" free="197632" total="197632" percent="100" />
    </mem>
    <remembered-set count="120" />
  </mem-info>
</gc-start>
<allocation-stats totalBytes="30142760" >
  <allocated-bytes non-tlh="1168" tlh="30141592" />
  <largest-consumer threadName="main" threadId="0000000000AEAF00" bytes="30142760" />
</allocation-stats>
<gc-op id="2711" type="scavenge" timems="0.679" contextid="2708" timestamp="2019-08-08T09:22:17.831">
  <scavenger-info tenureage="3" tenuremask="fff8" tiltratio="89" />
  <memory-copied type="nursery" objects="2" bytes="56" bytesdiscarded="32200" />
</gc-op>
<heap-resize id="2712" type="expand" space="nursery" amount="1966080" count="1" timems="0.016" reason="excessive time being spent scavenging" timestamp="2019-08-08T09:22:17.831" />
<gc-end id="2713" type="scavenge" contextid="2708" durationms="1.181" usertimems="2.758" systemtimems="0.000" timestamp="2019-08-08T09:22:17.831" activeThreads="16">
  <mem-info id="2714" free="33833920" total="55508992" percent="60">
    <mem type="nursery" free="32014848" total="35651584" percent="89">
      <mem type="allocate" free="32014848" total="32047104" percent="99" />
      <mem type="survivor" free="0" total="3604480" percent="0" />
    </mem>
    <mem type="tenure" free="1819072" total="19857408" percent="9" macro-fragmented="0">
      <mem type="soa" free="1621440" total="19659776" percent="8" />
      <mem type="loa" free="197632" total="197632" percent="100" />
    </mem>
    <remembered-set count="120" />
  </mem-info>
</gc-end>
<cycle-end id="2715" type="scavenge" contextid="2708" timestamp="2019-08-08T09:22:17.831" />
  <attribute name="elasticGC enabled" value="1" />
  <attribute name= "numThreadsSpecified" value="16" />
  <attribute name="heapSize specified" value="43057152" />
  <attribute name="Current GC Util" value="53" />
  <attribute name= "Current Time Running" value="128984" />
  <attribute name ="GC Interval" value="2169" />
  <attribute name="Target GC Util Change" value ="80.000000" />
  <attribute name="Current GC Util Change" value="53.000000"/>
  <attribute name="Current Error" value="87.000000" />
  <attribute name="Output H" value="53618696"/>
  <attribute name="Output I" value="2168"/>
  <attribute name="Output T" value="16"/>
  <attribute name= "Current Time Running" value="128984" />
  <attribute name="GC Util currently" value="53" />
  <attribute name="CPU Util currently" value="118169673107" />
<allocation-satisfied id="2716" threadId="0000000000AEAF00" bytesRequested="1168" />
<af-end id="2717" timestamp="2019-08-08T09:22:17.831" threadId="0000000000AEB888" success="true" from="nursery"/>
<exclusive-end id="2718" timestamp="2019-08-08T09:22:17.831" durationms="1.474" />

<exclusive-start id="2719" timestamp="2019-08-08T09:22:17.841" intervalms="11.135">
  <response-info timems="0.079" idlems="0.079" threads="0" lastid="0000000000AEAF00" lastname="main" />
</exclusive-start>
<af-start id="2720" threadId="0000000000AEB888" totalBytesRequested="1168" timestamp="2019-08-08T09:22:17.841" intervalms="11.085" type="nursery" />
<cycle-start id="2721" type="scavenge" contextid="0" timestamp="2019-08-08T09:22:17.841" intervalms="11.077" />
<gc-start id="2722" type="scavenge" contextid="2721" timestamp="2019-08-08T09:22:17.841">
  <mem-info id="2723" free="1819072" total="55508992" percent="3">
    <mem type="nursery" free="0" total="35651584" percent="0">
      <mem type="allocate" free="0" total="32047104" percent="0" />
      <mem type="survivor" free="0" total="3604480" percent="0" />
    </mem>
    <mem type="tenure" free="1819072" total="19857408" percent="9">
      <mem type="soa" free="1621440" total="19659776" percent="8" />
      <mem type="loa" free="197632" total="197632" percent="100" />
    </mem>
    <remembered-set count="120" />
  </mem-info>
</gc-start>
<allocation-stats totalBytes="31906448" >
  <allocated-bytes non-tlh="1168" tlh="31905280" />
  <largest-consumer threadName="main" threadId="0000000000AEAF00" bytes="31906448" />
</allocation-stats>
<gc-op id="2724" type="scavenge" timems="3.940" contextid="2721" timestamp="2019-08-08T09:22:17.845">
  <scavenger-info tenureage="3" tenuremask="fff8" tiltratio="89" />
  <memory-copied type="nursery" objects="2" bytes="56" bytesdiscarded="32200" />
</gc-op>
<heap-resize id="2725" type="expand" space="nursery" amount="4849664" count="1" timems="0.017" reason="excessive time being spent scavenging" timestamp="2019-08-08T09:22:17.845" />
<gc-end id="2726" type="scavenge" contextid="2721" durationms="4.222" usertimems="11.444" systemtimems="0.000" timestamp="2019-08-08T09:22:17.845" activeThreads="16">
  <mem-info id="2727" free="38159296" total="60358656" percent="63">
    <mem type="nursery" free="36340224" total="40501248" percent="89">
      <mem type="allocate" free="36340224" total="36372480" percent="99" />
      <mem type="survivor" free="0" total="4128768" percent="0" />
    </mem>
    <mem type="tenure" free="1819072" total="19857408" percent="9" macro-fragmented="0">
      <mem type="soa" free="1621440" total="19659776" percent="8" />
      <mem type="loa" free="197632" total="197632" percent="100" />
    </mem>
    <remembered-set count="120" />
  </mem-info>
</gc-end>
<cycle-end id="2728" type="scavenge" contextid="2721" timestamp="2019-08-08T09:22:17.845" />
  <attribute name="elasticGC enabled" value="1" />
  <attribute name= "numThreadsSpecified" value="16" />
  <attribute name="heapSize specified" value="43057152" />
  <attribute name="Current GC Util" value="14" />
  <attribute name= "Current Time Running" value="128995" />
  <attribute name ="GC Interval" value="2289" />
  <attribute name="Target GC Util Change" value ="80.000000" />
  <attribute name="Current GC Util Change" value="14.000000"/>
  <attribute name="Current Error" value="153.000000" />
  <attribute name="Output H" value="55584848"/>
  <attribute name="Output I" value="2288"/>
  <attribute name="Output T" value="16"/>
  <attribute name= "Current Time Running" value="128995" />
  <attribute name="GC Util currently" value="14" />
  <attribute name="CPU Util currently" value="104335094503" />
<allocation-satisfied id="2729" threadId="0000000000AEAF00" bytesRequested="1168" />
<af-end id="2730" timestamp="2019-08-08T09:22:17.845" threadId="0000000000AEB888" success="true" from="nursery"/>
<exclusive-end id="2731" timestamp="2019-08-08T09:22:17.845" durationms="4.446" />

<exclusive-start id="2732" timestamp="2019-08-08T09:22:17.858" intervalms="16.689">
  <response-info timems="0.055" idlems="0.055" threads="0" lastid="0000000000AEAF00" lastname="main" />
</exclusive-start>
<af-start id="2733" threadId="0000000000AEB888" totalBytesRequested="1168" timestamp="2019-08-08T09:22:17.858" intervalms="16.723" type="nursery" />
<cycle-start id="2734" type="scavenge" contextid="0" timestamp="2019-08-08T09:22:17.858" intervalms="16.871" />
<gc-start id="2735" type="scavenge" contextid="2734" timestamp="2019-08-08T09:22:17.858">
  <mem-info id="2736" free="1819072" total="60358656" percent="3">
    <mem type="nursery" free="0" total="40501248" percent="0">
      <mem type="allocate" free="0" total="36372480" percent="0" />
      <mem type="survivor" free="0" total="4128768" percent="0" />
    </mem>
    <mem type="tenure" free="1819072" total="19857408" percent="9">
      <mem type="soa" free="1621440" total="19659776" percent="8" />
      <mem type="loa" free="197632" total="197632" percent="100" />
    </mem>
    <remembered-set count="120" />
  </mem-info>
</gc-start>
<allocation-stats totalBytes="36217640" >
  <allocated-bytes non-tlh="1168" tlh="36216472" />
  <largest-consumer threadName="main" threadId="0000000000AEAF00" bytes="36217640" />
</allocation-stats>
<gc-op id="2737" type="scavenge" timems="1.543" contextid="2734" timestamp="2019-08-08T09:22:17.860">
  <scavenger-info tenureage="3" tenuremask="fff8" tiltratio="89" />
  <memory-copied type="nursery" objects="2" bytes="56" bytesdiscarded="32200" />
</gc-op>
<heap-resize id="2738" type="expand" space="nursery" amount="2621440" count="1" timems="0.017" reason="excessive time being spent scavenging" timestamp="2019-08-08T09:22:17.860" />
<gc-end id="2739" type="scavenge" contextid="2734" durationms="2.253" usertimems="5.255" systemtimems="0.000" timestamp="2019-08-08T09:22:17.860" activeThreads="16">
  <mem-info id="2740" free="40584128" total="62980096" percent="64">
    <mem type="nursery" free="38765056" total="43122688" percent="89">
      <mem type="allocate" free="38765056" total="38797312" percent="99" />
      <mem type="survivor" free="0" total="4325376" percent="0" />
    </mem>
    <mem type="tenure" free="1819072" total="19857408" percent="9" macro-fragmented="0">
      <mem type="soa" free="1621440" total="19659776" percent="8" />
      <mem type="loa" free="197632" total="197632" percent="100" />
    </mem>
    <remembered-set count="120" />
  </mem-info>
</gc-end>
<cycle-end id="2741" type="scavenge" contextid="2734" timestamp="2019-08-08T09:22:17.860" />
  <attribute name="elasticGC enabled" value="1" />
  <attribute name= "numThreadsSpecified" value="16" />
  <attribute name="heapSize specified" value="43057152" />
  <attribute name="Current GC Util" value="40" />
  <attribute name= "Current Time Running" value="129012" />
  <attribute name ="GC Interval" value="2353" />
  <attribute name="Target GC Util Change" value ="80.000000" />
  <attribute name="Current GC Util Change" value="40.000000"/>
  <attribute name="Current Error" value="193.000000" />
  <attribute name="Output H" value="60434560"/>
  <attribute name="Output I" value="2352"/>
  <attribute name="Output T" value="16"/>
  <attribute name= "Current Time Running" value="129012" />
  <attribute name="GC Util currently" value="40" />
  <attribute name="CPU Util currently" value="67669229656" />
<allocation-satisfied id="2742" threadId="0000000000AEAF00" bytesRequested="1168" />
<af-end id="2743" timestamp="2019-08-08T09:22:17.860" threadId="0000000000AEB888" success="true" from="nursery"/>
<exclusive-end id="2744" timestamp="2019-08-08T09:22:17.860" durationms="2.789" />

<exclusive-start id="2745" timestamp="2019-08-08T09:22:17.868" intervalms="10.780">
  <response-info timems="0.046" idlems="0.046" threads="0" lastid="0000000000AEAF00" lastname="main" />
</exclusive-start>
<af-start id="2746" threadId="0000000000AEB888" totalBytesRequested="1168" timestamp="2019-08-08T09:22:17.869" intervalms="10.752" type="nursery" />
<cycle-start id="2747" type="scavenge" contextid="0" timestamp="2019-08-08T09:22:17.869" intervalms="10.599" />
<gc-start id="2748" type="scavenge" contextid="2747" timestamp="2019-08-08T09:22:17.869">
  <mem-info id="2749" free="1819072" total="62980096" percent="2">
    <mem type="nursery" free="0" total="43122688" percent="0">
      <mem type="allocate" free="0" total="38797312" percent="0" />
      <mem type="survivor" free="0" total="4325376" percent="0" />
    </mem>
    <mem type="tenure" free="1819072" total="19857408" percent="9">
      <mem type="soa" free="1621440" total="19659776" percent="8" />
      <mem type="loa" free="197632" total="197632" percent="100" />
    </mem>
    <remembered-set count="120" />
  </mem-info>
</gc-start>
<allocation-stats totalBytes="38634552" >
  <allocated-bytes non-tlh="1168" tlh="38633384" />
  <largest-consumer threadName="main" threadId="0000000000AEAF00" bytes="38634552" />
</allocation-stats>
<gc-op id="2750" type="scavenge" timems="1.088" contextid="2747" timestamp="2019-08-08T09:22:17.870">
  <scavenger-info tenureage="3" tenuremask="fff8" tiltratio="89" />
  <memory-copied type="nursery" objects="2" bytes="56" bytesdiscarded="32200" />
</gc-op>
<heap-resize id="2751" type="expand" space="nursery" amount="1835008" count="1" timems="0.016" reason="excessive time being spent scavenging" timestamp="2019-08-08T09:22:17.870" />
<gc-end id="2752" type="scavenge" contextid="2747" durationms="1.748" usertimems="4.096" systemtimems="0.000" timestamp="2019-08-08T09:22:17.870" activeThreads="16">
  <mem-info id="2753" free="42222528" total="64815104" percent="65">
    <mem type="nursery" free="40403456" total="44957696" percent="89">
      <mem type="allocate" free="40403456" total="40435712" percent="99" />
      <mem type="survivor" free="0" total="4521984" percent="0" />
    </mem>
    <mem type="tenure" free="1819072" total="19857408" percent="9" macro-fragmented="0">
      <mem type="soa" free="1621440" total="19659776" percent="8" />
      <mem type="loa" free="197632" total="197632" percent="100" />
    </mem>
    <remembered-set count="120" />
  </mem-info>
</gc-end>
<cycle-end id="2754" type="scavenge" contextid="2747" timestamp="2019-08-08T09:22:17.870" />
  <attribute name="elasticGC enabled" value="1" />
  <attribute name= "numThreadsSpecified" value="16" />
  <attribute name="heapSize specified" value="43057152" />
  <attribute name="Current GC Util" value="28" />
  <attribute name= "Current Time Running" value="129022" />
  <attribute name ="GC Interval" value="2449" />
  <attribute name="Target GC Util Change" value ="80.000000" />
  <attribute name="Current GC Util Change" value="28.000000"/>
  <attribute name="Current Error" value="245.000000" />
  <attribute name="Output H" value="63056064"/>
  <attribute name="Output I" value="2448"/>
  <attribute name="Output T" value="16"/>
  <attribute name= "Current Time Running" value="129022" />
  <attribute name="GC Util currently" value="28" />
  <attribute name="CPU Util currently" value="109578494203" />
<allocation-satisfied id="2755" threadId="0000000000AEAF00" bytesRequested="1168" />
<af-end id="2756" timestamp="2019-08-08T09:22:17.870" threadId="0000000000AEB888" success="true" from="nursery"/>
<exclusive-end id="2757" timestamp="2019-08-08T09:22:17.870" durationms="1.967" />

<exclusive-start id="2758" timestamp="2019-08-08T09:22:17.884" intervalms="15.184">
  <response-info timems="0.068" idlems="0.068" threads="0" lastid="0000000000AEAF00" lastname="main" />
</exclusive-start>
<af-start id="2759" threadId="0000000000AEB888" totalBytesRequested="1168" timestamp="2019-08-08T09:22:17.884" intervalms="15.185" type="nursery" />
<cycle-start id="2760" type="scavenge" contextid="0" timestamp="2019-08-08T09:22:17.884" intervalms="15.451" />
<gc-start id="2761" type="scavenge" contextid="2760" timestamp="2019-08-08T09:22:17.884">
  <mem-info id="2762" free="1819072" total="64815104" percent="2">
    <mem type="nursery" free="0" total="44957696" percent="0">
      <mem type="allocate" free="0" total="40435712" percent="0" />
      <mem type="survivor" free="0" total="4521984" percent="0" />
    </mem>
    <mem type="tenure" free="1819072" total="19857408" percent="9">
      <mem type="soa" free="1621440" total="19659776" percent="8" />
      <mem type="loa" free="197632" total="197632" percent="100" />
    </mem>
    <remembered-set count="120" />
  </mem-info>
</gc-start>
<allocation-stats totalBytes="40267600" >
  <allocated-bytes non-tlh="1168" tlh="40266432" />
  <largest-consumer threadName="main" threadId="0000000000AEAF00" bytes="40267600" />
</allocation-stats>
<gc-op id="2763" type="scavenge" timems="1.534" contextid="2760" timestamp="2019-08-08T09:22:17.886">
  <scavenger-info tenureage="3" tenuremask="fff8" tiltratio="89" />
  <memory-copied type="nursery" objects="2" bytes="56" bytesdiscarded="32200" />
</gc-op>
<gc-end id="2764" type="scavenge" contextid="2760" durationms="1.746" usertimems="5.002" systemtimems="0.000" timestamp="2019-08-08T09:22:17.886" activeThreads="16">
  <mem-info id="2765" free="42222528" total="64815104" percent="65">
    <mem type="nursery" free="40403456" total="44957696" percent="89">
      <mem type="allocate" free="40403456" total="40435712" percent="99" />
      <mem type="survivor" free="0" total="4521984" percent="0" />
    </mem>
    <mem type="tenure" free="1819072" total="19857408" percent="9" macro-fragmented="418667">
      <mem type="soa" free="1621440" total="19659776" percent="8" />
      <mem type="loa" free="197632" total="197632" percent="100" />
    </mem>
    <remembered-set count="120" />
  </mem-info>
</gc-end>
<cycle-end id="2766" type="scavenge" contextid="2760" timestamp="2019-08-08T09:22:17.886" />
  <attribute name="elasticGC enabled" value="1" />
  <attribute name= "numThreadsSpecified" value="16" />
  <attribute name="heapSize specified" value="43057152" />
  <attribute name="Current GC Util" value="15" />
  <attribute name= "Current Time Running" value="129038" />
  <attribute name ="GC Interval" value="2569" />
  <attribute name="Target GC Util Change" value ="80.000000" />
  <attribute name="Current GC Util Change" value="15.000000"/>
  <attribute name="Current Error" value="310.000000" />
  <attribute name="Output H" value="64891144"/>
  <attribute name="Output I" value="2568"/>
  <attribute name="Output T" value="16"/>
  <attribute name= "Current Time Running" value="129038" />
  <attribute name="GC Util currently" value="15" />
  <attribute name="CPU Util currently" value="74614239486" />
<allocation-satisfied id="2767" threadId="0000000000AEAF00" bytesRequested="1168" />
<af-end id="2768" timestamp="2019-08-08T09:22:17.886" threadId="0000000000AEB888" success="true" from="nursery"/>
<exclusive-end id="2769" timestamp="2019-08-08T09:22:17.886" durationms="2.299" />

<exclusive-start id="2770" timestamp="2019-08-08T09:22:17.898" intervalms="14.452">
  <response-info timems="0.159" idlems="0.159" threads="0" lastid="0000000000AEAF00" lastname="main" />
</exclusive-start>
<af-start id="2771" threadId="0000000000AEB888" totalBytesRequested="1168" timestamp="2019-08-08T09:22:17.898" intervalms="14.454" type="nursery" />
<cycle-start id="2772" type="scavenge" contextid="0" timestamp="2019-08-08T09:22:17.898" intervalms="14.195" />
<gc-start id="2773" type="scavenge" contextid="2772" timestamp="2019-08-08T09:22:17.898">
  <mem-info id="2774" free="1819072" total="64815104" percent="2">
    <mem type="nursery" free="0" total="44957696" percent="0">
      <mem type="allocate" free="0" total="40435712" percent="0" />
      <mem type="survivor" free="0" total="4521984" percent="0" />
    </mem>
    <mem type="tenure" free="1819072" total="19857408" percent="9">
      <mem type="soa" free="1621440" total="19659776" percent="8" />
      <mem type="loa" free="197632" total="197632" percent="100" />
    </mem>
    <remembered-set count="120" />
  </mem-info>
</gc-start>
<allocation-stats totalBytes="40267576" >
  <allocated-bytes non-tlh="1168" tlh="40266408" />
  <largest-consumer threadName="main" threadId="0000000000AEAF00" bytes="40267576" />
</allocation-stats>
<gc-op id="2775" type="scavenge" timems="2.005" contextid="2772" timestamp="2019-08-08T09:22:17.900">
  <scavenger-info tenureage="3" tenuremask="fff8" tiltratio="89" />
  <memory-copied type="nursery" objects="2" bytes="56" bytesdiscarded="32200" />
</gc-op>
<heap-resize id="2776" type="expand" space="nursery" amount="3538944" count="1" timems="0.019" reason="excessive time being spent scavenging" timestamp="2019-08-08T09:22:17.901" />
<gc-end id="2777" type="scavenge" contextid="2772" durationms="2.512" usertimems="7.751" systemtimems="0.000" timestamp="2019-08-08T09:22:17.901" activeThreads="16">
  <mem-info id="2778" free="45368256" total="68354048" percent="66">
    <mem type="nursery" free="43549184" total="48496640" percent="89">
      <mem type="allocate" free="43549184" total="43581440" percent="99" />
      <mem type="survivor" free="0" total="4915200" percent="0" />
    </mem>
    <mem type="tenure" free="1819072" total="19857408" percent="9" macro-fragmented="10920">
      <mem type="soa" free="1621440" total="19659776" percent="8" />
      <mem type="loa" free="197632" total="197632" percent="100" />
    </mem>
    <remembered-set count="120" />
  </mem-info>
</gc-end>
<cycle-end id="2779" type="scavenge" contextid="2772" timestamp="2019-08-08T09:22:17.901" />
  <attribute name="elasticGC enabled" value="1" />
  <attribute name= "numThreadsSpecified" value="16" />
  <attribute name="heapSize specified" value="43057152" />
  <attribute name="Current GC Util" value="26" />
  <attribute name= "Current Time Running" value="129052" />
  <attribute name ="GC Interval" value="2105" />
  <attribute name="Target GC Util Change" value ="80.000000" />
  <attribute name="Current GC Util Change" value="26.000000"/>
  <attribute name="Current Error" value="54.000000" />
  <attribute name="Output H" value="64890848"/>
  <attribute name="Output I" value="2104"/>
  <attribute name="Output T" value="16"/>
  <attribute name= "Current Time Running" value="129052" />
  <attribute name="GC Util currently" value="26" />
  <attribute name="CPU Util currently" value="81593789547" />
<allocation-satisfied id="2780" threadId="0000000000AEAF00" bytesRequested="1168" />
<af-end id="2781" timestamp="2019-08-08T09:22:17.901" threadId="0000000000AEB888" success="true" from="nursery"/>
<exclusive-end id="2782" timestamp="2019-08-08T09:22:17.901" durationms="2.949" />

<exclusive-start id="2783" timestamp="2019-08-08T09:22:17.931" intervalms="32.611">
  <response-info timems="0.143" idlems="0.143" threads="0" lastid="0000000000AEAF00" lastname="main" />
</exclusive-start>
<af-start id="2784" threadId="0000000000AEB888" totalBytesRequested="1168" timestamp="2019-08-08T09:22:17.931" intervalms="32.614" type="nursery" />
<cycle-start id="2785" type="scavenge" contextid="0" timestamp="2019-08-08T09:22:17.931" intervalms="32.615" />
<gc-start id="2786" type="scavenge" contextid="2785" timestamp="2019-08-08T09:22:17.931">
  <mem-info id="2787" free="1819072" total="68354048" percent="2">
    <mem type="nursery" free="0" total="48496640" percent="0">
      <mem type="allocate" free="0" total="43581440" percent="0" />
      <mem type="survivor" free="0" total="4915200" percent="0" />
    </mem>
    <mem type="tenure" free="1819072" total="19857408" percent="9">
      <mem type="soa" free="1621440" total="19659776" percent="8" />
      <mem type="loa" free="197632" total="197632" percent="100" />
    </mem>
    <remembered-set count="125" />
  </mem-info>
</gc-start>
<allocation-stats totalBytes="43285128" >
  <allocated-bytes non-tlh="1168" tlh="43283960" />
  <largest-consumer threadName="main" threadId="0000000000AEAF00" bytes="43285128" />
</allocation-stats>
<gc-op id="2788" type="scavenge" timems="2.014" contextid="2785" timestamp="2019-08-08T09:22:17.933">
  <scavenger-info tenureage="3" tenuremask="fff8" tiltratio="89" />
  <memory-copied type="nursery" objects="28" bytes="1960" bytesdiscarded="30296" />
</gc-op>
<gc-end id="2789" type="scavenge" contextid="2785" durationms="2.407" usertimems="6.484" systemtimems="0.000" timestamp="2019-08-08T09:22:17.933" activeThreads="16">
  <mem-info id="2790" free="45433792" total="68354048" percent="66">
    <mem type="nursery" free="43614720" total="48496640" percent="89">
      <mem type="allocate" free="43614720" total="43646976" percent="99" />
      <mem type="survivor" free="0" total="4849664" percent="0" />
    </mem>
    <mem type="tenure" free="1819072" total="19857408" percent="9" macro-fragmented="0">
      <mem type="soa" free="1621440" total="19659776" percent="8" />
      <mem type="loa" free="197632" total="197632" percent="100" />
    </mem>
    <remembered-set count="125" />
  </mem-info>
</gc-end>
<cycle-end id="2791" type="scavenge" contextid="2785" timestamp="2019-08-08T09:22:17.933" />
  <attribute name="elasticGC enabled" value="1" />
  <attribute name= "numThreadsSpecified" value="16" />
  <attribute name="heapSize specified" value="43057152" />
  <attribute name="Current GC Util" value="16" />
  <attribute name= "Current Time Running" value="129085" />
  <attribute name ="GC Interval" value="2225" />
  <attribute name="Target GC Util Change" value ="80.000000" />
  <attribute name="Current GC Util Change" value="16.000000"/>
  <attribute name="Current Error" value="118.000000" />
  <attribute name="Output H" value="68429864"/>
  <attribute name="Output I" value="2224"/>
  <attribute name="Output T" value="16"/>
  <attribute name= "Current Time Running" value="129085" />
  <attribute name="GC Util currently" value="16" />
  <attribute name="CPU Util currently" value="35198283654" />
<allocation-satisfied id="2792" threadId="0000000000AEAF00" bytesRequested="1168" />
<af-end id="2793" timestamp="2019-08-08T09:22:17.933" threadId="0000000000AEB888" success="true" from="nursery"/>
<exclusive-end id="2794" timestamp="2019-08-08T09:22:17.933" durationms="2.727" />

<exclusive-start id="2795" timestamp="2019-08-08T09:22:17.959" intervalms="28.452">
  <response-info timems="0.043" idlems="0.043" threads="0" lastid="0000000000AEAF00" lastname="main" />
</exclusive-start>
<af-start id="2796" threadId="0000000000AEB888" totalBytesRequested="1168" timestamp="2019-08-08T09:22:17.959" intervalms="28.445" type="nursery" />
<cycle-start id="2797" type="scavenge" contextid="0" timestamp="2019-08-08T09:22:17.959" intervalms="28.439" />
<gc-start id="2798" type="scavenge" contextid="2797" timestamp="2019-08-08T09:22:17.959">
  <mem-info id="2799" free="1819072" total="68354048" percent="2">
    <mem type="nursery" free="0" total="48496640" percent="0">
      <mem type="allocate" free="0" total="43646976" percent="0" />
      <mem type="survivor" free="0" total="4849664" percent="0" />
    </mem>
    <mem type="tenure" free="1819072" total="19857408" percent="9">
      <mem type="soa" free="1621440" total="19659776" percent="8" />
      <mem type="loa" free="197632" total="197632" percent="100" />
    </mem>
    <remembered-set count="125" />
  </mem-info>
</gc-start>
<allocation-stats totalBytes="43333456" >
  <allocated-bytes non-tlh="1168" tlh="43332288" />
  <largest-consumer threadName="main" threadId="0000000000AEAF00" bytes="43333456" />
</allocation-stats>
<gc-op id="2800" type="scavenge" timems="1.687" contextid="2797" timestamp="2019-08-08T09:22:17.961">
  <scavenger-info tenureage="3" tenuremask="fff8" tiltratio="90" />
  <memory-copied type="nursery" objects="29" bytes="1984" bytesdiscarded="30272" />
</gc-op>
<gc-end id="2801" type="scavenge" contextid="2797" durationms="2.060" usertimems="5.502" systemtimems="0.000" timestamp="2019-08-08T09:22:17.961" activeThreads="16">
  <mem-info id="2802" free="45433792" total="68354048" percent="66">
    <mem type="nursery" free="43614720" total="48496640" percent="89">
      <mem type="allocate" free="43614720" total="43646976" percent="99" />
      <mem type="survivor" free="0" total="4849664" percent="0" />
    </mem>
    <mem type="tenure" free="1819072" total="19857408" percent="9" macro-fragmented="0">
      <mem type="soa" free="1621440" total="19659776" percent="8" />
      <mem type="loa" free="197632" total="197632" percent="100" />
    </mem>
    <remembered-set count="114" />
  </mem-info>
</gc-end>
<cycle-end id="2803" type="scavenge" contextid="2797" timestamp="2019-08-08T09:22:17.961" />
  <attribute name="elasticGC enabled" value="1" />
  <attribute name= "numThreadsSpecified" value="16" />
  <attribute name="heapSize specified" value="43057152" />
  <attribute name="Current GC Util" value="16" />
  <attribute name= "Current Time Running" value="129113" />
  <attribute name ="GC Interval" value="2337" />
  <attribute name="Target GC Util Change" value ="80.000000" />
  <attribute name="Current GC Util Change" value="16.000000"/>
  <attribute name="Current Error" value="182.000000" />
  <attribute name="Output H" value="68429944"/>
  <attribute name="Output I" value="2336"/>
  <attribute name="Output T" value="16"/>
  <attribute name= "Current Time Running" value="129113" />
  <attribute name="GC Util currently" value="16" />
  <attribute name="CPU Util currently" value="40775661451" />
<allocation-satisfied id="2804" threadId="0000000000AEAF00" bytesRequested="1168" />
<af-end id="2805" timestamp="2019-08-08T09:22:17.961" threadId="0000000000AEB888" success="true" from="nursery"/>
<exclusive-end id="2806" timestamp="2019-08-08T09:22:17.961" durationms="2.302" />

<exclusive-start id="2807" timestamp="2019-08-08T09:22:17.985" intervalms="25.827">
  <response-info timems="0.050" idlems="0.050" threads="0" lastid="0000000000AEAF00" lastname="main" />
</exclusive-start>
<af-start id="2808" threadId="0000000000AEB888" totalBytesRequested="1168" timestamp="2019-08-08T09:22:17.985" intervalms="25.894" type="nursery" />
<cycle-start id="2809" type="scavenge" contextid="0" timestamp="2019-08-08T09:22:17.985" intervalms="25.892" />
<gc-start id="2810" type="scavenge" contextid="2809" timestamp="2019-08-08T09:22:17.985">
  <mem-info id="2811" free="1819072" total="68354048" percent="2">
    <mem type="nursery" free="0" total="48496640" percent="0">
      <mem type="allocate" free="0" total="43646976" percent="0" />
      <mem type="survivor" free="0" total="4849664" percent="0" />
    </mem>
    <mem type="tenure" free="1819072" total="19857408" percent="9">
      <mem type="soa" free="1621440" total="19659776" percent="8" />
      <mem type="loa" free="197632" total="197632" percent="100" />
    </mem>
    <remembered-set count="114" />
  </mem-info>
</gc-start>
<allocation-stats totalBytes="43342376" >
  <allocated-bytes non-tlh="1168" tlh="43341208" />
  <largest-consumer threadName="main" threadId="0000000000AEAF00" bytes="43342376" />
</allocation-stats>
<gc-op id="2812" type="scavenge" timems="2.099" contextid="2809" timestamp="2019-08-08T09:22:17.987">
  <scavenger-info tenureage="3" tenuremask="fff8" tiltratio="90" />
  <memory-copied type="nursery" objects="29" bytes="1984" bytesdiscarded="30272" />
</gc-op>
<heap-resize id="2813" type="expand" space="nursery" amount="2097152" count="1" timems="0.021" reason="excessive time being spent scavenging" timestamp="2019-08-08T09:22:17.988" />
<gc-end id="2814" type="scavenge" contextid="2809" durationms="2.725" usertimems="6.739" systemtimems="0.000" timestamp="2019-08-08T09:22:17.988" activeThreads="16">
  <mem-info id="2815" free="47268800" total="70451200" percent="67">
    <mem type="nursery" free="45449728" total="50593792" percent="89">
      <mem type="allocate" free="45449728" total="45481984" percent="99" />
      <mem type="survivor" free="0" total="5111808" percent="0" />
    </mem>
    <mem type="tenure" free="1819072" total="19857408" percent="9" macro-fragmented="0">
      <mem type="soa" free="1621440" total="19659776" percent="8" />
      <mem type="loa" free="197632" total="197632" percent="100" />
    </mem>
    <remembered-set count="114" />
  </mem-info>
</gc-end>
<cycle-end id="2816" type="scavenge" contextid="2809" timestamp="2019-08-08T09:22:17.988" />
  <attribute name="elasticGC enabled" value="1" />
  <attribute name= "numThreadsSpecified" value="16" />
  <attribute name="heapSize specified" value="43057152" />
  <attribute name="Current GC Util" value="13" />
  <attribute name= "Current Time Running" value="129139" />
  <attribute name ="GC Interval" value="2457" />
  <attribute name="Target GC Util Change" value ="80.000000" />
  <attribute name="Current GC Util Change" value="13.000000"/>
  <attribute name="Current Error" value="249.000000" />
  <attribute name="Output H" value="68430016"/>
  <attribute name="Output I" value="2456"/>
  <attribute name="Output T" value="16"/>
  <attribute name= "Current Time Running" value="129139" />
  <attribute name="GC Util currently" value="13" />
  <attribute name="CPU Util currently" value="44516243446" />
<allocation-satisfied id="2817" threadId="0000000000AEAF00" bytesRequested="1168" />
<af-end id="2818" timestamp="2019-08-08T09:22:17.988" threadId="0000000000AEB888" success="true" from="nursery"/>
<exclusive-end id="2819" timestamp="2019-08-08T09:22:17.988" durationms="3.021" />

<exclusive-start id="2820" timestamp="2019-08-08T09:22:18.011" intervalms="25.536">
  <response-info timems="0.083" idlems="0.083" threads="0" lastid="0000000000AEAF00" lastname="main" />
</exclusive-start>
<af-start id="2821" threadId="0000000000AEB888" totalBytesRequested="1168" timestamp="2019-08-08T09:22:18.011" intervalms="25.485" type="nursery" />
<cycle-start id="2822" type="scavenge" contextid="0" timestamp="2019-08-08T09:22:18.011" intervalms="25.494" />
<gc-start id="2823" type="scavenge" contextid="2822" timestamp="2019-08-08T09:22:18.011">
  <mem-info id="2824" free="1819072" total="70451200" percent="2">
    <mem type="nursery" free="0" total="50593792" percent="0">
      <mem type="allocate" free="0" total="45481984" percent="0" />
      <mem type="survivor" free="0" total="5111808" percent="0" />
    </mem>
    <mem type="tenure" free="1819072" total="19857408" percent="9">
      <mem type="soa" free="1621440" total="19659776" percent="8" />
      <mem type="loa" free="197632" total="197632" percent="100" />
    </mem>
    <remembered-set count="114" />
  </mem-info>
</gc-start>
<allocation-stats totalBytes="45164632" >
  <allocated-bytes non-tlh="1168" tlh="45163464" />
  <largest-consumer threadName="main" threadId="0000000000AEAF00" bytes="45164632" />
</allocation-stats>
<gc-op id="2825" type="scavenge" timems="1.132" contextid="2822" timestamp="2019-08-08T09:22:18.012">
  <scavenger-info tenureage="3" tenuremask="fff8" tiltratio="89" />
  <memory-copied type="nursery" objects="2" bytes="64" bytesdiscarded="16064" />
  <memory-copied type="tenure" objects="27" bytes="1920" bytesdiscarded="0" />
</gc-op>
<gc-end id="2826" type="scavenge" contextid="2822" durationms="1.559" usertimems="3.785" systemtimems="0.000" timestamp="2019-08-08T09:22:18.012" activeThreads="16">
  <mem-info id="2827" free="47284928" total="70451200" percent="67">
    <mem type="nursery" free="45465856" total="50593792" percent="89">
      <mem type="allocate" free="45465856" total="45481984" percent="99" />
      <mem type="survivor" free="0" total="5111808" percent="0" />
    </mem>
    <mem type="tenure" free="1819072" total="19857408" percent="9" macro-fragmented="0">
      <mem type="soa" free="1621440" total="19659776" percent="8" />
      <mem type="loa" free="197632" total="197632" percent="100" />
    </mem>
    <remembered-set count="119" />
  </mem-info>
</gc-end>
<cycle-end id="2828" type="scavenge" contextid="2822" timestamp="2019-08-08T09:22:18.012" />
  <attribute name="elasticGC enabled" value="1" />
  <attribute name= "numThreadsSpecified" value="16" />
  <attribute name="heapSize specified" value="43057152" />
  <attribute name="Current GC Util" value="15" />
  <attribute name= "Current Time Running" value="129164" />
  <attribute name ="GC Interval" value="2569" />
  <attribute name="Target GC Util Change" value ="80.000000" />
  <attribute name="Current GC Util Change" value="15.000000"/>
  <attribute name="Current Error" value="314.000000" />
  <attribute name="Output H" value="70527248"/>
  <attribute name="Output I" value="2568"/>
  <attribute name="Output T" value="16"/>
  <attribute name= "Current Time Running" value="129164" />
  <attribute name="GC Util currently" value="15" />
  <attribute name="CPU Util currently" value="44888223255" />
<allocation-satisfied id="2829" threadId="0000000000AEAF00" bytesRequested="1168" />
<af-end id="2830" timestamp="2019-08-08T09:22:18.012" threadId="0000000000AEB888" success="true" from="nursery"/>
<exclusive-end id="2831" timestamp="2019-08-08T09:22:18.012" durationms="1.988" />

<exclusive-start id="2832" timestamp="2019-08-08T09:22:18.039" intervalms="28.130">
  <response-info timems="0.054" idlems="0.054" threads="0" lastid="0000000000AEAF00" lastname="main" />
</exclusive-start>
<af-start id="2833" threadId="0000000000AEB888" totalBytesRequested="1168" timestamp="2019-08-08T09:22:18.039" intervalms="28.178" type="nursery" />
<cycle-start id="2834" type="scavenge" contextid="0" timestamp="2019-08-08T09:22:18.039" intervalms="28.174" />
<gc-start id="2835" type="scavenge" contextid="2834" timestamp="2019-08-08T09:22:18.039">
  <mem-info id="2836" free="1819072" total="70451200" percent="2">
    <mem type="nursery" free="0" total="50593792" percent="0">
      <mem type="allocate" free="0" total="45481984" percent="0" />
      <mem type="survivor" free="0" total="5111808" percent="0" />
    </mem>
    <mem type="tenure" free="1819072" total="19857408" percent="9">
      <mem type="soa" free="1621440" total="19659776" percent="8" />
      <mem type="loa" free="197632" total="197632" percent="100" />
    </mem>
    <remembered-set count="119" />
  </mem-info>
</gc-start>
<allocation-stats totalBytes="45181992" >
  <allocated-bytes non-tlh="1168" tlh="45180824" />
  <largest-consumer threadName="main" threadId="0000000000AEAF00" bytes="45181992" />
</allocation-stats>
<gc-op id="2837" type="scavenge" timems="0.639" contextid="2834" timestamp="2019-08-08T09:22:18.040">
  <scavenger-info tenureage="3" tenuremask="ffe8" tiltratio="89" />
  <memory-copied type="nursery" objects="2" bytes="64" bytesdiscarded="32192" />
</gc-op>
<gc-end id="2838" type="scavenge" contextid="2834" durationms="1.111" usertimems="2.577" systemtimems="0.000" timestamp="2019-08-08T09:22:18.040" activeThreads="16">
  <mem-info id="2839" free="47268800" total="70451200" percent="67">
    <mem type="nursery" free="45449728" total="50593792" percent="89">
      <mem type="allocate" free="45449728" total="45481984" percent="99" />
      <mem type="survivor" free="0" total="5111808" percent="0" />
    </mem>
    <mem type="tenure" free="1819072" total="19857408" percent="9" macro-fragmented="0">
      <mem type="soa" free="1621440" total="19659776" percent="8" />
      <mem type="loa" free="197632" total="197632" percent="100" />
    </mem>
    <remembered-set count="119" />
  </mem-info>
</gc-end>
<cycle-end id="2840" type="scavenge" contextid="2834" timestamp="2019-08-08T09:22:18.040" />
  <attribute name="elasticGC enabled" value="1" />
  <attribute name= "numThreadsSpecified" value="16" />
  <attribute name="heapSize specified" value="43057152" />
  <attribute name="Current GC Util" value="9" />
  <attribute name= "Current Time Running" value="129192" />
  <attribute name ="GC Interval" value="2697" />
  <attribute name="Target GC Util Change" value ="80.000000" />
  <attribute name="Current GC Util Change" value="9.000000"/>
  <attribute name="Current Error" value="385.000000" />
  <attribute name="Output H" value="70527328"/>
  <attribute name="Output I" value="2696"/>
  <attribute name="Output T" value="16"/>
  <attribute name= "Current Time Running" value="129192" />
  <attribute name="GC Util currently" value="9" />
  <attribute name="CPU Util currently" value="41166607231" />
<allocation-satisfied id="2841" threadId="0000000000AEAF00" bytesRequested="1168" />
<af-end id="2842" timestamp="2019-08-08T09:22:18.040" threadId="0000000000AEB888" success="true" from="nursery"/>
<exclusive-end id="2843" timestamp="2019-08-08T09:22:18.040" durationms="1.428" />

<exclusive-start id="2844" timestamp="2019-08-08T09:22:18.062" intervalms="23.054">
  <response-info timems="0.164" idlems="0.164" threads="0" lastid="0000000000AEAF00" lastname="main" />
</exclusive-start>
<af-start id="2845" threadId="0000000000AEB888" totalBytesRequested="1168" timestamp="2019-08-08T09:22:18.062" intervalms="23.011" type="nursery" />
<cycle-start id="2846" type="scavenge" contextid="0" timestamp="2019-08-08T09:22:18.062" intervalms="23.019" />
<gc-start id="2847" type="scavenge" contextid="2846" timestamp="2019-08-08T09:22:18.062">
  <mem-info id="2848" free="1819072" total="70451200" percent="2">
    <mem type="nursery" free="0" total="50593792" percent="0">
      <mem type="allocate" free="0" total="45481984" percent="0" />
      <mem type="survivor" free="0" total="5111808" percent="0" />
    </mem>
    <mem type="tenure" free="1819072" total="19857408" percent="9">
      <mem type="soa" free="1621440" total="19659776" percent="8" />
      <mem type="loa" free="197632" total="197632" percent="100" />
    </mem>
    <remembered-set count="119" />
  </mem-info>
</gc-start>
<allocation-stats totalBytes="45164632" >
  <allocated-bytes non-tlh="1168" tlh="45163464" />
  <largest-consumer threadName="main" threadId="0000000000AEAF00" bytes="45164632" />
</allocation-stats>
<gc-op id="2849" type="scavenge" timems="0.935" contextid="2846" timestamp="2019-08-08T09:22:18.063">
  <scavenger-info tenureage="3" tenuremask="fff8" tiltratio="89" />
  <memory-copied type="nursery" objects="2" bytes="64" bytesdiscarded="32192" />
</gc-op>
<gc-end id="2850" type="scavenge" contextid="2846" durationms="1.543" usertimems="3.671" systemtimems="0.000" timestamp="2019-08-08T09:22:18.063" activeThreads="16">
  <mem-info id="2851" free="47268800" total="70451200" percent="67">
    <mem type="nursery" free="45449728" total="50593792" percent="89">
      <mem type="allocate" free="45449728" total="45481984" percent="99" />
      <mem type="survivor" free="0" total="5111808" percent="0" />
    </mem>
    <mem type="tenure" free="1819072" total="19857408" percent="9" macro-fragmented="12312">
      <mem type="soa" free="1621440" total="19659776" percent="8" />
      <mem type="loa" free="197632" total="197632" percent="100" />
    </mem>
    <remembered-set count="119" />
  </mem-info>
</gc-end>
<cycle-end id="2852" type="scavenge" contextid="2846" timestamp="2019-08-08T09:22:18.064" />
  <attribute name="elasticGC enabled" value="1" />
  <attribute name= "numThreadsSpecified" value="16" />
  <attribute name="heapSize specified" value="43057152" />
  <attribute name="Current GC Util" value="6" />
  <attribute name= "Current Time Running" value="129216" />
  <attribute name ="GC Interval" value="2145" />
  <attribute name="Target GC Util Change" value ="80.000000" />
  <attribute name="Current GC Util Change" value="6.000000"/>
  <attribute name="Current Error" value="74.000000" />
  <attribute name="Output H" value="70526968"/>
  <attribute name="Output I" value="2144"/>
  <attribute name="Output T" value="16"/>
  <attribute name= "Current Time Running" value="129216" />
  <attribute name="GC Util currently" value="6" />
  <attribute name="CPU Util currently" value="49663919514" />
<allocation-satisfied id="2853" threadId="0000000000AEAF00" bytesRequested="1168" />
<af-end id="2854" timestamp="2019-08-08T09:22:18.064" threadId="0000000000AEB888" success="true" from="nursery"/>
<exclusive-end id="2855" timestamp="2019-08-08T09:22:18.064" durationms="1.885" />

<exclusive-start id="2856" timestamp="2019-08-08T09:22:18.090" intervalms="28.044">
  <response-info timems="0.045" idlems="0.045" threads="0" lastid="0000000000AEAF00" lastname="main" />
</exclusive-start>
<af-start id="2857" threadId="0000000000AEB888" totalBytesRequested="1168" timestamp="2019-08-08T09:22:18.090" intervalms="28.022" type="nursery" />
<cycle-start id="2858" type="scavenge" contextid="0" timestamp="2019-08-08T09:22:18.090" intervalms="28.012" />
<gc-start id="2859" type="scavenge" contextid="2858" timestamp="2019-08-08T09:22:18.090">
  <mem-info id="2860" free="1819072" total="70451200" percent="2">
    <mem type="nursery" free="0" total="50593792" percent="0">
      <mem type="allocate" free="0" total="45481984" percent="0" />
      <mem type="survivor" free="0" total="5111808" percent="0" />
    </mem>
    <mem type="tenure" free="1819072" total="19857408" percent="9">
      <mem type="soa" free="1621440" total="19659776" percent="8" />
      <mem type="loa" free="197632" total="197632" percent="100" />
    </mem>
    <remembered-set count="119" />
  </mem-info>
</gc-start>
<allocation-stats totalBytes="45165896" >
  <allocated-bytes non-tlh="1168" tlh="45164728" />
  <largest-consumer threadName="main" threadId="0000000000AEAF00" bytes="45165896" />
</allocation-stats>
<gc-op id="2861" type="scavenge" timems="0.805" contextid="2858" timestamp="2019-08-08T09:22:18.091">
  <scavenger-info tenureage="3" tenuremask="fff8" tiltratio="89" />
  <memory-copied type="nursery" objects="2" bytes="64" bytesdiscarded="32192" />
</gc-op>
<gc-end id="2862" type="scavenge" contextid="2858" durationms="1.259" usertimems="2.667" systemtimems="0.000" timestamp="2019-08-08T09:22:18.091" activeThreads="16">
  <mem-info id="2863" free="47268800" total="70451200" percent="67">
    <mem type="nursery" free="45449728" total="50593792" percent="89">
      <mem type="allocate" free="45449728" total="45481984" percent="99" />
      <mem type="survivor" free="0" total="5111808" percent="0" />
    </mem>
    <mem type="tenure" free="1819072" total="19857408" percent="9" macro-fragmented="0">
      <mem type="soa" free="1621440" total="19659776" percent="8" />
      <mem type="loa" free="197632" total="197632" percent="100" />
    </mem>
    <remembered-set count="119" />
  </mem-info>
</gc-end>
<cycle-end id="2864" type="scavenge" contextid="2858" timestamp="2019-08-08T09:22:18.091" />
  <attribute name="elasticGC enabled" value="1" />
  <attribute name= "numThreadsSpecified" value="16" />
  <attribute name="heapSize specified" value="43057152" />
  <attribute name="Current GC Util" value="8" />
  <attribute name= "Current Time Running" value="129243" />
  <attribute name ="GC Interval" value="2273" />
  <attribute name="Target GC Util Change" value ="80.000000" />
  <attribute name="Current GC Util Change" value="8.000000"/>
  <attribute name="Current Error" value="146.000000" />
  <attribute name="Output H" value="70527048"/>
  <attribute name="Output I" value="2272"/>
  <attribute name="Output T" value="16"/>
  <attribute name= "Current Time Running" value="129243" />
  <attribute name="GC Util currently" value="8" />
  <attribute name="CPU Util currently" value="41487865200" />
<allocation-satisfied id="2865" threadId="0000000000AEAF00" bytesRequested="1168" />
<af-end id="2866" timestamp="2019-08-08T09:22:18.091" threadId="0000000000AEB888" success="true" from="nursery"/>
<exclusive-end id="2867" timestamp="2019-08-08T09:22:18.091" durationms="1.481" />

<exclusive-start id="2868" timestamp="2019-08-08T09:22:18.115" intervalms="25.130">
  <response-info timems="0.102" idlems="0.102" threads="0" lastid="0000000000AEAF00" lastname="main" />
</exclusive-start>
<af-start id="2869" threadId="0000000000AEB888" totalBytesRequested="1168" timestamp="2019-08-08T09:22:18.115" intervalms="25.138" type="nursery" />
<cycle-start id="2870" type="scavenge" contextid="0" timestamp="2019-08-08T09:22:18.115" intervalms="25.143" />
<gc-start id="2871" type="scavenge" contextid="2870" timestamp="2019-08-08T09:22:18.115">
  <mem-info id="2872" free="1819072" total="70451200" percent="2">
    <mem type="nursery" free="0" total="50593792" percent="0">
      <mem type="allocate" free="0" total="45481984" percent="0" />
      <mem type="survivor" free="0" total="5111808" percent="0" />
    </mem>
    <mem type="tenure" free="1819072" total="19857408" percent="9">
      <mem type="soa" free="1621440" total="19659776" percent="8" />
      <mem type="loa" free="197632" total="197632" percent="100" />
    </mem>
    <remembered-set count="119" />
  </mem-info>
</gc-start>
<allocation-stats totalBytes="45164632" >
  <allocated-bytes non-tlh="1168" tlh="45163464" />
  <largest-consumer threadName="main" threadId="0000000000AEAF00" bytes="45164632" />
</allocation-stats>
<gc-op id="2873" type="scavenge" timems="0.979" contextid="2870" timestamp="2019-08-08T09:22:18.116">
  <scavenger-info tenureage="3" tenuremask="fff8" tiltratio="89" />
  <memory-copied type="nursery" objects="2" bytes="64" bytesdiscarded="32192" />
</gc-op>
<gc-end id="2874" type="scavenge" contextid="2870" durationms="1.521" usertimems="3.546" systemtimems="0.000" timestamp="2019-08-08T09:22:18.117" activeThreads="16">
  <mem-info id="2875" free="47268800" total="70451200" percent="67">
    <mem type="nursery" free="45449728" total="50593792" percent="89">
      <mem type="allocate" free="45449728" total="45481984" percent="99" />
      <mem type="survivor" free="0" total="5111808" percent="0" />
    </mem>
    <mem type="tenure" free="1819072" total="19857408" percent="9" macro-fragmented="0">
      <mem type="soa" free="1621440" total="19659776" percent="8" />
      <mem type="loa" free="197632" total="197632" percent="100" />
    </mem>
    <remembered-set count="119" />
  </mem-info>
</gc-end>
<cycle-end id="2876" type="scavenge" contextid="2870" timestamp="2019-08-08T09:22:18.117" />
  <attribute name="elasticGC enabled" value="1" />
  <attribute name= "numThreadsSpecified" value="16" />
  <attribute name="heapSize specified" value="43057152" />
  <attribute name="Current GC Util" value="6" />
  <attribute name= "Current Time Running" value="129269" />
  <attribute name ="GC Interval" value="2409" />
  <attribute name="Target GC Util Change" value ="80.000000" />
  <attribute name="Current GC Util Change" value="6.000000"/>
  <attribute name="Current Error" value="220.000000" />
  <attribute name="Output H" value="70527136"/>
  <attribute name="Output I" value="2408"/>
  <attribute name="Output T" value="16"/>
  <attribute name= "Current Time Running" value="129269" />
  <attribute name="GC Util currently" value="6" />
  <attribute name="CPU Util currently" value="45798829907" />
<allocation-satisfied id="2877" threadId="0000000000AEAF00" bytesRequested="1168" />
<af-end id="2878" timestamp="2019-08-08T09:22:18.117" threadId="0000000000AEB888" success="true" from="nursery"/>
<exclusive-end id="2879" timestamp="2019-08-08T09:22:18.117" durationms="1.809" />

<exclusive-start id="2880" timestamp="2019-08-08T09:22:18.261" intervalms="145.703">
  <response-info timems="0.093" idlems="0.093" threads="0" lastid="0000000000AEAF00" lastname="main" />
</exclusive-start>
<af-start id="2881" threadId="0000000000AEB888" totalBytesRequested="24" timestamp="2019-08-08T09:22:18.261" intervalms="145.706" type="nursery" />
<cycle-start id="2882" type="scavenge" contextid="0" timestamp="2019-08-08T09:22:18.261" intervalms="145.707" />
<gc-start id="2883" type="scavenge" contextid="2882" timestamp="2019-08-08T09:22:18.261">
  <mem-info id="2884" free="1819072" total="70451200" percent="2">
    <mem type="nursery" free="0" total="50593792" percent="0">
      <mem type="allocate" free="0" total="45481984" percent="0" />
      <mem type="survivor" free="0" total="5111808" percent="0" />
    </mem>
    <mem type="tenure" free="1819072" total="19857408" percent="9">
      <mem type="soa" free="1621440" total="19659776" percent="8" />
      <mem type="loa" free="197632" total="197632" percent="100" />
    </mem>
    <remembered-set count="124" />
  </mem-info>
</gc-start>
<allocation-stats totalBytes="45438248" >
  <allocated-bytes non-tlh="1168" tlh="45437080" />
  <largest-consumer threadName="main" threadId="0000000000AEAF00" bytes="45438248" />
</allocation-stats>
<gc-op id="2885" type="scavenge" timems="4.322" contextid="2882" timestamp="2019-08-08T09:22:18.265">
  <scavenger-info tenureage="3" tenuremask="fff8" tiltratio="89" />
  <memory-copied type="nursery" objects="151" bytes="4968" bytesdiscarded="27288" />
</gc-op>
<gc-end id="2886" type="scavenge" contextid="2882" durationms="4.940" usertimems="12.624" systemtimems="0.000" timestamp="2019-08-08T09:22:18.266" activeThreads="16">
  <mem-info id="2887" free="47268800" total="70451200" percent="67">
    <mem type="nursery" free="45449728" total="50593792" percent="89">
      <mem type="allocate" free="45449728" total="45481984" percent="99" />
      <mem type="survivor" free="0" total="5111808" percent="0" />
    </mem>
    <mem type="tenure" free="1819072" total="19857408" percent="9" macro-fragmented="418667">
      <mem type="soa" free="1621440" total="19659776" percent="8" />
      <mem type="loa" free="197632" total="197632" percent="100" />
    </mem>
    <remembered-set count="124" />
  </mem-info>
</gc-end>
<cycle-end id="2888" type="scavenge" contextid="2882" timestamp="2019-08-08T09:22:18.266" />
  <attribute name="elasticGC enabled" value="1" />
  <attribute name= "numThreadsSpecified" value="16" />
  <attribute name="heapSize specified" value="43057152" />
  <attribute name="Current GC Util" value="1" />
  <attribute name= "Current Time Running" value="129415" />
  <attribute name ="GC Interval" value="2545" />
  <attribute name="Target GC Util Change" value ="80.000000" />
  <attribute name="Current GC Util Change" value="1.000000"/>
  <attribute name="Current Error" value="299.000000" />
  <attribute name="Output H" value="70527232"/>
  <attribute name="Output I" value="2544"/>
  <attribute name="Output T" value="16"/>
  <attribute name= "Current Time Running" value="129415" />
  <attribute name="GC Util currently" value="1" />
  <attribute name="CPU Util currently" value="7904963512" />
<allocation-satisfied id="2889" threadId="0000000000AEAF00" bytesRequested="24" />
<af-end id="2890" timestamp="2019-08-08T09:22:18.266" threadId="0000000000AEB888" success="true" from="nursery"/>
<exclusive-end id="2891" timestamp="2019-08-08T09:22:18.266" durationms="5.220" />

<exclusive-start id="2892" timestamp="2019-08-08T09:22:18.526" intervalms="265.617">
  <response-info timems="0.046" idlems="0.046" threads="0" lastid="0000000000AEAF00" lastname="main" />
</exclusive-start>
<af-start id="2893" threadId="0000000000AEB888" totalBytesRequested="24" timestamp="2019-08-08T09:22:18.526" intervalms="265.601" type="nursery" />
<cycle-start id="2894" type="scavenge" contextid="0" timestamp="2019-08-08T09:22:18.526" intervalms="265.596" />
<gc-start id="2895" type="scavenge" contextid="2894" timestamp="2019-08-08T09:22:18.526">
  <mem-info id="2896" free="1819072" total="70451200" percent="2">
    <mem type="nursery" free="0" total="50593792" percent="0">
      <mem type="allocate" free="0" total="45481984" percent="0" />
      <mem type="survivor" free="0" total="5111808" percent="0" />
    </mem>
    <mem type="tenure" free="1819072" total="19857408" percent="9">
      <mem type="soa" free="1621440" total="19659776" percent="8" />
      <mem type="loa" free="197632" total="197632" percent="100" />
    </mem>
    <remembered-set count="130" />
  </mem-info>
</gc-start>
<allocation-stats totalBytes="45443448" >
  <allocated-bytes non-tlh="24" tlh="45443424" />
  <largest-consumer threadName="main" threadId="0000000000AEAF00" bytes="45443448" />
</allocation-stats>
<gc-op id="2897" type="scavenge" timems="1.896" contextid="2894" timestamp="2019-08-08T09:22:18.528">
  <scavenger-info tenureage="3" tenuremask="fff8" tiltratio="89" />
  <memory-copied type="nursery" objects="244" bytes="7904" bytesdiscarded="64240" />
  <references type="weak" candidates="37" cleared="0" enqueued="0" />
</gc-op>
<gc-end id="2898" type="scavenge" contextid="2894" durationms="2.401" usertimems="6.030" systemtimems="0.000" timestamp="2019-08-08T09:22:18.529" activeThreads="16">
  <mem-info id="2899" free="47228864" total="70451200" percent="67">
    <mem type="nursery" free="45409792" total="50593792" percent="89">
      <mem type="allocate" free="45409792" total="45481984" percent="99" />
      <mem type="survivor" free="0" total="5111808" percent="0" />
    </mem>
    <mem type="tenure" free="1819072" total="19857408" percent="9" macro-fragmented="0">
      <mem type="soa" free="1621440" total="19659776" percent="8" />
      <mem type="loa" free="197632" total="197632" percent="100" />
    </mem>
    <remembered-set count="120" />
  </mem-info>
</gc-end>
<cycle-end id="2900" type="scavenge" contextid="2894" timestamp="2019-08-08T09:22:18.529" />
  <attribute name="elasticGC enabled" value="1" />
  <attribute name= "numThreadsSpecified" value="16" />
  <attribute name="heapSize specified" value="43057152" />
  <attribute name="Current GC Util" value="0" />
  <attribute name= "Current Time Running" value="129680" />
  <attribute name ="GC Interval" value="2689" />
  <attribute name="Target GC Util Change" value ="80.000000" />
  <attribute name="Current GC Util Change" value="0.000000"/>
  <attribute name="Current Error" value="379.000000" />
  <attribute name="Output H" value="70527320"/>
  <attribute name="Output I" value="2688"/>
  <attribute name="Output T" value="16"/>
  <attribute name= "Current Time Running" value="129680" />
  <attribute name="GC Util currently" value="0" />
  <attribute name="CPU Util currently" value="4343648780" />
<allocation-satisfied id="2901" threadId="0000000000AEAF00" bytesRequested="24" />
<af-end id="2902" timestamp="2019-08-08T09:22:18.529" threadId="0000000000AEB888" success="true" from="nursery"/>
<exclusive-end id="2903" timestamp="2019-08-08T09:22:18.529" durationms="2.711" />

<exclusive-start id="2904" timestamp="2019-08-08T09:22:18.624" intervalms="97.762">
  <response-info timems="0.059" idlems="0.059" threads="0" lastid="0000000000AEAF00" lastname="main" />
</exclusive-start>
<af-start id="2905" threadId="0000000000AEB888" totalBytesRequested="16" timestamp="2019-08-08T09:22:18.624" intervalms="97.753" type="nursery" />
<cycle-start id="2906" type="scavenge" contextid="0" timestamp="2019-08-08T09:22:18.624" intervalms="97.750" />
<gc-start id="2907" type="scavenge" contextid="2906" timestamp="2019-08-08T09:22:18.624">
  <mem-info id="2908" free="1819072" total="70451200" percent="2">
    <mem type="nursery" free="0" total="50593792" percent="0">
      <mem type="allocate" free="0" total="45481984" percent="0" />
      <mem type="survivor" free="0" total="5111808" percent="0" />
    </mem>
    <mem type="tenure" free="1819072" total="19857408" percent="9">
      <mem type="soa" free="1621440" total="19659776" percent="8" />
      <mem type="loa" free="197632" total="197632" percent="100" />
    </mem>
    <remembered-set count="122" />
  </mem-info>
</gc-start>
<allocation-stats totalBytes="45393664" >
  <allocated-bytes non-tlh="24" tlh="45393640" />
  <largest-consumer threadName="main" threadId="0000000000AEAF00" bytes="45393664" />
</allocation-stats>
<gc-op id="2909" type="scavenge" timems="1.777" contextid="2906" timestamp="2019-08-08T09:22:18.626">
  <scavenger-info tenureage="3" tenuremask="fff8" tiltratio="89" />
  <memory-copied type="nursery" objects="84" bytes="2736" bytesdiscarded="69456" />
  <references type="weak" candidates="37" cleared="7" enqueued="3" />
</gc-op>
<gc-end id="2910" type="scavenge" contextid="2906" durationms="2.244" usertimems="4.733" systemtimems="0.000" timestamp="2019-08-08T09:22:18.626" activeThreads="16">
  <mem-info id="2911" free="47228864" total="70451200" percent="67">
    <mem type="nursery" free="45409792" total="50593792" percent="89">
      <mem type="allocate" free="45409792" total="45481984" percent="99" />
      <mem type="survivor" free="0" total="5111808" percent="0" />
    </mem>
    <mem type="tenure" free="1819072" total="19857408" percent="9" macro-fragmented="0">
      <mem type="soa" free="1621440" total="19659776" percent="8" />
      <mem type="loa" free="197632" total="197632" percent="100" />
    </mem>
    <pending-finalizers system="0" default="0" reference="3" classloader="0" />
    <remembered-set count="122" />
  </mem-info>
</gc-end>
<cycle-end id="2912" type="scavenge" contextid="2906" timestamp="2019-08-08T09:22:18.626" />
  <attribute name="elasticGC enabled" value="1" />
  <attribute name= "numThreadsSpecified" value="16" />
  <attribute name="heapSize specified" value="43057152" />
  <attribute name="Current GC Util" value="3" />
  <attribute name= "Current Time Running" value="129778" />
  <attribute name ="GC Interval" value="2825" />
  <attribute name="Target GC Util Change" value ="80.000000" />
  <attribute name="Current GC Util Change" value="3.000000"/>
  <attribute name="Current Error" value="456.000000" />
  <attribute name="Output H" value="70527408"/>
  <attribute name="Output I" value="2824"/>
  <attribute name="Output T" value="16"/>
  <attribute name= "Current Time Running" value="129778" />
  <attribute name="GC Util currently" value="3" />
  <attribute name="CPU Util currently" value="11794566523" />
<allocation-satisfied id="2913" threadId="0000000000AEAF00" bytesRequested="16" />
<af-end id="2914" timestamp="2019-08-08T09:22:18.626" threadId="0000000000AEB888" success="true" from="nursery"/>
<exclusive-end id="2915" timestamp="2019-08-08T09:22:18.626" durationms="2.464" />

<exclusive-start id="2916" timestamp="2019-08-08T09:22:18.667" intervalms="42.618">
  <response-info timems="0.049" idlems="0.049" threads="0" lastid="0000000000AEAF00" lastname="main" />
</exclusive-start>
<af-start id="2917" threadId="0000000000AEB888" totalBytesRequested="16" timestamp="2019-08-08T09:22:18.667" intervalms="42.628" type="nursery" />
<cycle-start id="2918" type="scavenge" contextid="0" timestamp="2019-08-08T09:22:18.667" intervalms="42.629" />
<gc-start id="2919" type="scavenge" contextid="2918" timestamp="2019-08-08T09:22:18.667">
  <mem-info id="2920" free="1819072" total="70451200" percent="2">
    <mem type="nursery" free="0" total="50593792" percent="0">
      <mem type="allocate" free="0" total="45481984" percent="0" />
      <mem type="survivor" free="0" total="5111808" percent="0" />
    </mem>
    <mem type="tenure" free="1819072" total="19857408" percent="9">
      <mem type="soa" free="1621440" total="19659776" percent="8" />
      <mem type="loa" free="197632" total="197632" percent="100" />
    </mem>
    <remembered-set count="123" />
  </mem-info>
</gc-start>
<allocation-stats totalBytes="45386176" >
  <allocated-bytes non-tlh="16" tlh="45386160" />
  <largest-consumer threadName="main" threadId="0000000000AEAF00" bytes="45382080" />
</allocation-stats>
<gc-op id="2921" type="scavenge" timems="1.732" contextid="2918" timestamp="2019-08-08T09:22:18.668">
  <scavenger-info tenureage="3" tenuremask="fff8" tiltratio="89" />
  <memory-copied type="nursery" objects="76" bytes="2856" bytesdiscarded="84696" />
  <memory-copied type="tenure" objects="8" bytes="184" bytesdiscarded="0" />
  <references type="weak" candidates="30" cleared="0" enqueued="0" />
</gc-op>
<gc-end id="2922" type="scavenge" contextid="2918" durationms="2.263" usertimems="5.564" systemtimems="0.000" timestamp="2019-08-08T09:22:18.669" activeThreads="16">
  <mem-info id="2923" free="47213504" total="70451200" percent="67">
    <mem type="nursery" free="45394432" total="50593792" percent="89">
      <mem type="allocate" free="45394432" total="45481984" percent="99" />
      <mem type="survivor" free="0" total="5111808" percent="0" />
    </mem>
    <mem type="tenure" free="1819072" total="19857408" percent="9" macro-fragmented="0">
      <mem type="soa" free="1621440" total="19659776" percent="8" />
      <mem type="loa" free="197632" total="197632" percent="100" />
    </mem>
    <remembered-set count="119" />
  </mem-info>
</gc-end>
<cycle-end id="2924" type="scavenge" contextid="2918" timestamp="2019-08-08T09:22:18.669" />
  <attribute name="elasticGC enabled" value="1" />
  <attribute name= "numThreadsSpecified" value="16" />
  <attribute name="heapSize specified" value="43057152" />
  <attribute name="Current GC Util" value="6" />
  <attribute name= "Current Time Running" value="129820" />
  <attribute name ="GC Interval" value="2145" />
  <attribute name="Target GC Util Change" value ="80.000000" />
  <attribute name="Current GC Util Change" value="6.000000"/>
  <attribute name="Current Error" value="74.000000" />
  <attribute name="Output H" value="70526968"/>
  <attribute name="Output I" value="2144"/>
  <attribute name="Output T" value="16"/>
  <attribute name= "Current Time Running" value="129820" />
  <attribute name="GC Util currently" value="6" />
  <attribute name="CPU Util currently" value="27019524070" />
<allocation-satisfied id="2925" threadId="0000000000AEAF00" bytesRequested="16" />
<af-end id="2926" timestamp="2019-08-08T09:22:18.669" threadId="0000000000AEB888" success="true" from="nursery"/>
<exclusive-end id="2927" timestamp="2019-08-08T09:22:18.669" durationms="2.482" />

<exclusive-start id="2928" timestamp="2019-08-08T09:22:18.712" intervalms="45.685">
  <response-info timems="0.121" idlems="0.121" threads="0" lastid="0000000000AEAF00" lastname="main" />
</exclusive-start>
<af-start id="2929" threadId="0000000000AEB888" totalBytesRequested="16" timestamp="2019-08-08T09:22:18.712" intervalms="45.696" type="nursery" />
<cycle-start id="2930" type="scavenge" contextid="0" timestamp="2019-08-08T09:22:18.712" intervalms="45.700" />
<gc-start id="2931" type="scavenge" contextid="2930" timestamp="2019-08-08T09:22:18.712">
  <mem-info id="2932" free="1819072" total="70451200" percent="2">
    <mem type="nursery" free="0" total="50593792" percent="0">
      <mem type="allocate" free="0" total="45481984" percent="0" />
      <mem type="survivor" free="0" total="5111808" percent="0" />
    </mem>
    <mem type="tenure" free="1819072" total="19857408" percent="9">
      <mem type="soa" free="1621440" total="19659776" percent="8" />
      <mem type="loa" free="197632" total="197632" percent="100" />
    </mem>
    <remembered-set count="119" />
  </mem-info>
</gc-start>
<allocation-stats totalBytes="45370680" >
  <allocated-bytes non-tlh="16" tlh="45370664" />
  <largest-consumer threadName="main" threadId="0000000000AEAF00" bytes="45370680" />
</allocation-stats>
<gc-op id="2933" type="scavenge" timems="1.638" contextid="2930" timestamp="2019-08-08T09:22:18.714">
  <scavenger-info tenureage="3" tenuremask="ffe8" tiltratio="89" />
  <memory-copied type="nursery" objects="28" bytes="1808" bytesdiscarded="61936" />
  <memory-copied type="tenure" objects="48" bytes="1400" bytesdiscarded="0" />
  <references type="weak" candidates="2" cleared="0" enqueued="0" />
</gc-op>
<gc-end id="2934" type="scavenge" contextid="2930" durationms="2.083" usertimems="5.667" systemtimems="0.000" timestamp="2019-08-08T09:22:18.714" activeThreads="16">
  <mem-info id="2935" free="47181248" total="70451200" percent="66">
    <mem type="nursery" free="45418240" total="50593792" percent="89">
      <mem type="allocate" free="45418240" total="45481984" percent="99" />
      <mem type="survivor" free="0" total="5111808" percent="0" />
    </mem>
    <mem type="tenure" free="1763008" total="19857408" percent="8" macro-fragmented="10920">
      <mem type="soa" free="1565376" total="19659776" percent="7" />
      <mem type="loa" free="197632" total="197632" percent="100" />
    </mem>
    <remembered-set count="114" />
  </mem-info>
</gc-end>
<cycle-end id="2936" type="scavenge" contextid="2930" timestamp="2019-08-08T09:22:18.715" />
  <attribute name="elasticGC enabled" value="1" />
  <attribute name= "numThreadsSpecified" value="16" />
  <attribute name="heapSize specified" value="43057152" />
  <attribute name="Current GC Util" value="7" />
  <attribute name= "Current Time Running" value="129866" />
  <attribute name ="GC Interval" value="2273" />
  <attribute name="Target GC Util Change" value ="80.000000" />
  <attribute name="Current GC Util Change" value="7.000000"/>
  <attribute name="Current Error" value="147.000000" />
  <attribute name="Output H" value="70527056"/>
  <attribute name="Output I" value="2272"/>
  <attribute name="Output T" value="16"/>
  <attribute name= "Current Time Running" value="129866" />
  <attribute name="GC Util currently" value="7" />
  <attribute name="CPU Util currently" value="25235952441" />
<allocation-satisfied id="2937" threadId="0000000000AEAF00" bytesRequested="16" />
<af-end id="2938" timestamp="2019-08-08T09:22:18.715" threadId="0000000000AEB888" success="true" from="nursery"/>
<exclusive-end id="2939" timestamp="2019-08-08T09:22:18.715" durationms="2.357" />

<exclusive-start id="2940" timestamp="2019-08-08T09:22:18.749" intervalms="36.817">
  <response-info timems="0.044" idlems="0.044" threads="0" lastid="0000000000AEAF00" lastname="main" />
</exclusive-start>
<af-start id="2941" threadId="0000000000AEB888" totalBytesRequested="216" timestamp="2019-08-08T09:22:18.749" intervalms="36.808" type="nursery" />
<cycle-start id="2942" type="scavenge" contextid="0" timestamp="2019-08-08T09:22:18.749" intervalms="36.810" />
<gc-start id="2943" type="scavenge" contextid="2942" timestamp="2019-08-08T09:22:18.749">
  <mem-info id="2944" free="1763008" total="70451200" percent="2">
    <mem type="nursery" free="0" total="50593792" percent="0">
      <mem type="allocate" free="0" total="45481984" percent="0" />
      <mem type="survivor" free="0" total="5111808" percent="0" />
    </mem>
    <mem type="tenure" free="1763008" total="19857408" percent="8">
      <mem type="soa" free="1565376" total="19659776" percent="7" />
      <mem type="loa" free="197632" total="197632" percent="100" />
    </mem>
    <remembered-set count="114" />
  </mem-info>
</gc-start>
<allocation-stats totalBytes="45393896" >
  <allocated-bytes non-tlh="16" tlh="45393880" />
  <largest-consumer threadName="main" threadId="0000000000AEAF00" bytes="45393896" />
</allocation-stats>
<gc-op id="2945" type="scavenge" timems="1.949" contextid="2942" timestamp="2019-08-08T09:22:18.751">
  <scavenger-info tenureage="3" tenuremask="ffe8" tiltratio="89" />
  <memory-copied type="nursery" objects="7" bytes="856" bytesdiscarded="46760" />
  <memory-copied type="tenure" objects="20" bytes="632" bytesdiscarded="0" />
</gc-op>
<gc-end id="2946" type="scavenge" contextid="2942" durationms="2.461" usertimems="4.550" systemtimems="0.000" timestamp="2019-08-08T09:22:18.752" activeThreads="16">
  <mem-info id="2947" free="47173568" total="70451200" percent="66">
    <mem type="nursery" free="45434368" total="50593792" percent="89">
      <mem type="allocate" free="45434368" total="45481984" percent="99" />
      <mem type="survivor" free="0" total="5111808" percent="0" />
    </mem>
    <mem type="tenure" free="1739200" total="19857408" percent="8" macro-fragmented="0">
      <mem type="soa" free="1541568" total="19659776" percent="7" />
      <mem type="loa" free="197632" total="197632" percent="100" />
    </mem>
    <remembered-set count="115" />
  </mem-info>
</gc-end>
<cycle-end id="2948" type="scavenge" contextid="2942" timestamp="2019-08-08T09:22:18.752" />
  <attribute name="elasticGC enabled" value="1" />
  <attribute name= "numThreadsSpecified" value="16" />
  <attribute name="heapSize specified" value="43057152" />
  <attribute name="Current GC Util" value="9" />
  <attribute name= "Current Time Running" value="129903" />
  <attribute name ="GC Interval" value="2401" />
  <attribute name="Target GC Util Change" value ="80.000000" />
  <attribute name="Current GC Util Change" value="9.000000"/>
  <attribute name="Current Error" value="218.000000" />
  <attribute name="Output H" value="70527136"/>
  <attribute name="Output I" value="2400"/>
  <attribute name="Output T" value="16"/>
  <attribute name= "Current Time Running" value="129903" />
  <attribute name="GC Util currently" value="9" />
  <attribute name="CPU Util currently" value="31305258923" />
<allocation-satisfied id="2949" threadId="0000000000AEAF00" bytesRequested="216" />
<af-end id="2950" timestamp="2019-08-08T09:22:18.752" threadId="0000000000AEB888" success="true" from="nursery"/>
<exclusive-end id="2951" timestamp="2019-08-08T09:22:18.752" durationms="2.874" />

<exclusive-start id="2952" timestamp="2019-08-08T09:22:18.764" intervalms="14.636">
  <response-info timems="0.021" idlems="0.021" threads="0" lastid="0000000000AEAF00" lastname="main" />
</exclusive-start>
<af-start id="2953" threadId="0000000000AEB888" totalBytesRequested="272" timestamp="2019-08-08T09:22:18.764" intervalms="14.781" type="nursery" />
<cycle-start id="2954" type="scavenge" contextid="0" timestamp="2019-08-08T09:22:18.764" intervalms="14.791" />
<gc-start id="2955" type="scavenge" contextid="2954" timestamp="2019-08-08T09:22:18.764">
  <mem-info id="2956" free="1739200" total="70451200" percent="2">
    <mem type="nursery" free="0" total="50593792" percent="0">
      <mem type="allocate" free="0" total="45481984" percent="0" />
      <mem type="survivor" free="0" total="5111808" percent="0" />
    </mem>
    <mem type="tenure" free="1739200" total="19857408" percent="8">
      <mem type="soa" free="1541568" total="19659776" percent="7" />
      <mem type="loa" free="197632" total="197632" percent="100" />
    </mem>
    <remembered-set count="115" />
  </mem-info>
</gc-start>
<allocation-stats totalBytes="45410936" >
  <allocated-bytes non-tlh="216" tlh="45410720" />
  <largest-consumer threadName="main" threadId="0000000000AEAF00" bytes="45410936" />
</allocation-stats>
<gc-op id="2957" type="scavenge" timems="1.530" contextid="2954" timestamp="2019-08-08T09:22:18.766">
  <scavenger-info tenureage="3" tenuremask="ffe8" tiltratio="89" />
  <memory-copied type="nursery" objects="6" bytes="384" bytesdiscarded="15744" />
  <memory-copied type="tenure" objects="1" bytes="520" bytesdiscarded="0" />
</gc-op>
<heap-resize id="2958" type="expand" space="nursery" amount="2228224" count="1" timems="0.020" reason="excessive time being spent scavenging" timestamp="2019-08-08T09:22:18.766" />
<gc-end id="2959" type="scavenge" contextid="2954" durationms="2.052" usertimems="3.166" systemtimems="0.000" timestamp="2019-08-08T09:22:18.766" activeThreads="16">
  <mem-info id="2960" free="49171136" total="72679424" percent="67">
    <mem type="nursery" free="47431936" total="52822016" percent="89">
      <mem type="allocate" free="47431936" total="47448064" percent="99" />
      <mem type="survivor" free="0" total="5373952" percent="0" />
    </mem>
    <mem type="tenure" free="1739200" total="19857408" percent="8" macro-fragmented="0">
      <mem type="soa" free="1541568" total="19659776" percent="7" />
      <mem type="loa" free="197632" total="197632" percent="100" />
    </mem>
    <remembered-set count="114" />
  </mem-info>
</gc-end>
<cycle-end id="2961" type="scavenge" contextid="2954" timestamp="2019-08-08T09:22:18.766" />
  <attribute name="elasticGC enabled" value="1" />
  <attribute name= "numThreadsSpecified" value="16" />
  <attribute name="heapSize specified" value="43057152" />
  <attribute name="Current GC Util" value="16" />
  <attribute name= "Current Time Running" value="129918" />
  <attribute name ="GC Interval" value="2513" />
  <attribute name="Target GC Util Change" value ="80.000000" />
  <attribute name="Current GC Util Change" value="16.000000"/>
  <attribute name="Current Error" value="282.000000" />
  <attribute name="Output H" value="70527208"/>
  <attribute name="Output I" value="2512"/>
  <attribute name="Output T" value="16"/>
  <attribute name= "Current Time Running" value="129918" />
  <attribute name="GC Util currently" value="16" />
  <attribute name="CPU Util currently" value="78026808533" />
<allocation-satisfied id="2962" threadId="0000000000AEAF00" bytesRequested="272" />
<af-end id="2963" timestamp="2019-08-08T09:22:18.766" threadId="0000000000AEB888" success="true" from="nursery"/>
<exclusive-end id="2964" timestamp="2019-08-08T09:22:18.766" durationms="2.467" />

<exclusive-start id="2965" timestamp="2019-08-08T09:22:18.798" intervalms="34.268">
  <response-info timems="0.189" idlems="0.189" threads="0" lastid="0000000000AEAF00" lastname="main" />
</exclusive-start>
<af-start id="2966" threadId="0000000000AEB888" totalBytesRequested="304" timestamp="2019-08-08T09:22:18.798" intervalms="34.146" type="nursery" />
<cycle-start id="2967" type="scavenge" contextid="0" timestamp="2019-08-08T09:22:18.798" intervalms="34.135" />
<gc-start id="2968" type="scavenge" contextid="2967" timestamp="2019-08-08T09:22:18.798">
  <mem-info id="2969" free="1739200" total="72679424" percent="2">
    <mem type="nursery" free="0" total="52822016" percent="0">
      <mem type="allocate" free="0" total="47448064" percent="0" />
      <mem type="survivor" free="0" total="5373952" percent="0" />
    </mem>
    <mem type="tenure" free="1739200" total="19857408" percent="8">
      <mem type="soa" free="1541568" total="19659776" percent="7" />
      <mem type="loa" free="197632" total="197632" percent="100" />
    </mem>
    <remembered-set count="119" />
  </mem-info>
</gc-start>
<allocation-stats totalBytes="47402328" >
  <allocated-bytes non-tlh="272" tlh="47402056" />
  <largest-consumer threadName="main" threadId="0000000000AEAF00" bytes="47402328" />
</allocation-stats>
<gc-op id="2970" type="scavenge" timems="1.995" contextid="2967" timestamp="2019-08-08T09:22:18.800">
  <scavenger-info tenureage="3" tenuremask="ffe8" tiltratio="89" />
  <memory-copied type="nursery" objects="29" bytes="1400" bytesdiscarded="30856" />
</gc-op>
<gc-end id="2971" type="scavenge" contextid="2967" durationms="2.393" usertimems="3.634" systemtimems="0.000" timestamp="2019-08-08T09:22:18.801" activeThreads="16">
  <mem-info id="2972" free="49220544" total="72679424" percent="67">
    <mem type="nursery" free="47481344" total="52822016" percent="89">
      <mem type="allocate" free="47481344" total="47513600" percent="99" />
      <mem type="survivor" free="0" total="5308416" percent="0" />
    </mem>
    <mem type="tenure" free="1739200" total="19857408" percent="8" macro-fragmented="0">
      <mem type="soa" free="1541568" total="19659776" percent="7" />
      <mem type="loa" free="197632" total="197632" percent="100" />
    </mem>
    <remembered-set count="119" />
  </mem-info>
</gc-end>
<cycle-end id="2973" type="scavenge" contextid="2967" timestamp="2019-08-08T09:22:18.801" />
  <attribute name="elasticGC enabled" value="1" />
  <attribute name= "numThreadsSpecified" value="16" />
  <attribute name="heapSize specified" value="43057152" />
  <attribute name="Current GC Util" value="9" />
  <attribute name= "Current Time Running" value="129952" />
  <attribute name ="GC Interval" value="2641" />
  <attribute name="Target GC Util Change" value ="80.000000" />
  <attribute name="Current GC Util Change" value="9.000000"/>
  <attribute name="Current Error" value="353.000000" />
  <attribute name="Output H" value="72755512"/>
  <attribute name="Output I" value="2640"/>
  <attribute name="Output T" value="16"/>
  <attribute name= "Current Time Running" value="129952" />
  <attribute name="GC Util currently" value="9" />
  <attribute name="CPU Util currently" value="33795921598" />
<allocation-satisfied id="2974" threadId="0000000000AEAF00" bytesRequested="304" />
<af-end id="2975" timestamp="2019-08-08T09:22:18.801" threadId="0000000000AEB888" success="true" from="nursery"/>
<exclusive-end id="2976" timestamp="2019-08-08T09:22:18.801" durationms="2.649" />

<exclusive-start id="2977" timestamp="2019-08-08T09:22:18.858" intervalms="60.198">
  <response-info timems="0.129" idlems="0.129" threads="0" lastid="0000000000AEAF00" lastname="main" />
</exclusive-start>
<af-start id="2978" threadId="0000000000AEB888" totalBytesRequested="168" timestamp="2019-08-08T09:22:18.858" intervalms="60.176" type="nursery" />
<cycle-start id="2979" type="scavenge" contextid="0" timestamp="2019-08-08T09:22:18.858" intervalms="60.178" />
<gc-start id="2980" type="scavenge" contextid="2979" timestamp="2019-08-08T09:22:18.858">
  <mem-info id="2981" free="1739200" total="72679424" percent="2">
    <mem type="nursery" free="0" total="52822016" percent="0">
      <mem type="allocate" free="0" total="47513600" percent="0" />
      <mem type="survivor" free="0" total="5308416" percent="0" />
    </mem>
    <mem type="tenure" free="1739200" total="19857408" percent="8">
      <mem type="soa" free="1541568" total="19659776" percent="7" />
      <mem type="loa" free="197632" total="197632" percent="100" />
    </mem>
    <remembered-set count="119" />
  </mem-info>
</gc-start>
<allocation-stats totalBytes="47437672" >
  <allocated-bytes non-tlh="304" tlh="47437368" />
  <largest-consumer threadName="main" threadId="0000000000AEAF00" bytes="47437672" />
</allocation-stats>
<gc-op id="2982" type="scavenge" timems="3.223" contextid="2979" timestamp="2019-08-08T09:22:18.862">
  <scavenger-info tenureage="3" tenuremask="fff8" tiltratio="89" />
  <memory-copied type="nursery" objects="29" bytes="1264" bytesdiscarded="30992" />
</gc-op>
<gc-end id="2983" type="scavenge" contextid="2979" durationms="3.718" usertimems="10.200" systemtimems="0.000" timestamp="2019-08-08T09:22:18.862" activeThreads="16">
  <mem-info id="2984" free="49220544" total="72679424" percent="67">
    <mem type="nursery" free="47481344" total="52822016" percent="89">
      <mem type="allocate" free="47481344" total="47513600" percent="99" />
      <mem type="survivor" free="0" total="5308416" percent="0" />
    </mem>
    <mem type="tenure" free="1739200" total="19857408" percent="8" macro-fragmented="0">
      <mem type="soa" free="1541568" total="19659776" percent="7" />
      <mem type="loa" free="197632" total="197632" percent="100" />
    </mem>
    <remembered-set count="114" />
  </mem-info>
</gc-end>
<cycle-end id="2985" type="scavenge" contextid="2979" timestamp="2019-08-08T09:22:18.862" />
  <attribute name="elasticGC enabled" value="1" />
  <attribute name= "numThreadsSpecified" value="16" />
  <attribute name="heapSize specified" value="43057152" />
  <attribute name="Current GC Util" value="5" />
  <attribute name= "Current Time Running" value="130012" />
  <attribute name ="GC Interval" value="2777" />
  <attribute name="Target GC Util Change" value ="80.000000" />
  <attribute name="Current GC Util Change" value="5.000000"/>
  <attribute name="Current Error" value="428.000000" />
  <attribute name="Output H" value="72755600"/>
  <attribute name="Output I" value="2776"/>
  <attribute name="Output T" value="16"/>
  <attribute name= "Current Time Running" value="130012" />
  <attribute name="GC Util currently" value="5" />
  <attribute name="CPU Util currently" value="19153914656" />
<allocation-satisfied id="2986" threadId="0000000000AEAF00" bytesRequested="168" />
<af-end id="2987" timestamp="2019-08-08T09:22:18.862" threadId="0000000000AEB888" success="true" from="nursery"/>
<exclusive-end id="2988" timestamp="2019-08-08T09:22:18.862" durationms="3.954" />

<exclusive-start id="2989" timestamp="2019-08-08T09:22:18.979" intervalms="120.641">
  <response-info timems="0.053" idlems="0.053" threads="0" lastid="0000000000AEAF00" lastname="main" />
</exclusive-start>
<af-start id="2990" threadId="0000000000AEB888" totalBytesRequested="24" timestamp="2019-08-08T09:22:18.979" intervalms="120.705" type="nursery" />
<cycle-start id="2991" type="scavenge" contextid="0" timestamp="2019-08-08T09:22:18.979" intervalms="120.706" />
<gc-start id="2992" type="scavenge" contextid="2991" timestamp="2019-08-08T09:22:18.979">
  <mem-info id="2993" free="1739200" total="72679424" percent="2">
    <mem type="nursery" free="0" total="52822016" percent="0">
      <mem type="allocate" free="0" total="47513600" percent="0" />
      <mem type="survivor" free="0" total="5308416" percent="0" />
    </mem>
    <mem type="tenure" free="1739200" total="19857408" percent="8">
      <mem type="soa" free="1541568" total="19659776" percent="7" />
      <mem type="loa" free="197632" total="197632" percent="100" />
    </mem>
    <remembered-set count="116" />
  </mem-info>
</gc-start>
<allocation-stats totalBytes="47451624" >
  <allocated-bytes non-tlh="168" tlh="47451456" />
  <largest-consumer threadName="main" threadId="0000000000AEAF00" bytes="47451624" />
</allocation-stats>
<gc-op id="2994" type="scavenge" timems="1.012" contextid="2991" timestamp="2019-08-08T09:22:18.980">
  <scavenger-info tenureage="3" tenuremask="fff8" tiltratio="89" />
  <memory-copied type="nursery" objects="61" bytes="2696" bytesdiscarded="29560" />
</gc-op>
<gc-end id="2995" type="scavenge" contextid="2991" durationms="1.233" usertimems="3.237" systemtimems="0.000" timestamp="2019-08-08T09:22:18.980" activeThreads="16">
  <mem-info id="2996" free="49220544" total="72679424" percent="67">
    <mem type="nursery" free="47481344" total="52822016" percent="89">
      <mem type="allocate" free="47481344" total="47513600" percent="99" />
      <mem type="survivor" free="0" total="5308416" percent="0" />
    </mem>
    <mem type="tenure" free="1739200" total="19857408" percent="8" macro-fragmented="0">
      <mem type="soa" free="1541568" total="19659776" percent="7" />
      <mem type="loa" free="197632" total="197632" percent="100" />
    </mem>
    <remembered-set count="116" />
  </mem-info>
</gc-end>
<cycle-end id="2997" type="scavenge" contextid="2991" timestamp="2019-08-08T09:22:18.980" />
  <attribute name="elasticGC enabled" value="1" />
  <attribute name= "numThreadsSpecified" value="16" />
  <attribute name="heapSize specified" value="43057152" />
  <attribute name="Current GC Util" value="6" />
  <attribute name= "Current Time Running" value="130133" />
  <attribute name ="GC Interval" value="2145" />
  <attribute name="Target GC Util Change" value ="80.000000" />
  <attribute name="Current GC Util Change" value="6.000000"/>
  <attribute name="Current Error" value="74.000000" />
  <attribute name="Output H" value="72755192"/>
  <attribute name="Output I" value="2144"/>
  <attribute name="Output T" value="16"/>
  <attribute name= "Current Time Running" value="130133" />
  <attribute name="GC Util currently" value="6" />
  <attribute name="CPU Util currently" value="9550645277" />
<allocation-satisfied id="2998" threadId="0000000000AEAF00" bytesRequested="24" />
<af-end id="2999" timestamp="2019-08-08T09:22:18.980" threadId="0000000000AEB888" success="true" from="nursery"/>
<exclusive-end id="3000" timestamp="2019-08-08T09:22:18.980" durationms="1.530" />

<exclusive-start id="3001" timestamp="2019-08-08T09:22:19.132" intervalms="153.656">
  <response-info timems="0.113" idlems="0.113" threads="0" lastid="0000000000AEAF00" lastname="main" />
</exclusive-start>
<af-start id="3002" threadId="0000000000AEB888" totalBytesRequested="64" timestamp="2019-08-08T09:22:19.133" intervalms="153.595" type="nursery" />
<cycle-start id="3003" type="scavenge" contextid="0" timestamp="2019-08-08T09:22:19.133" intervalms="153.587" />
<gc-start id="3004" type="scavenge" contextid="3003" timestamp="2019-08-08T09:22:19.133">
  <mem-info id="3005" free="1739200" total="72679424" percent="2">
    <mem type="nursery" free="0" total="52822016" percent="0">
      <mem type="allocate" free="0" total="47513600" percent="0" />
      <mem type="survivor" free="0" total="5308416" percent="0" />
    </mem>
    <mem type="tenure" free="1739200" total="19857408" percent="8">
      <mem type="soa" free="1541568" total="19659776" percent="7" />
      <mem type="loa" free="197632" total="197632" percent="100" />
    </mem>
    <remembered-set count="116" />
  </mem-info>
</gc-start>
<allocation-stats totalBytes="47471168" >
  <allocated-bytes non-tlh="24" tlh="47471144" />
  <largest-consumer threadName="main" threadId="0000000000AEAF00" bytes="47471168" />
</allocation-stats>
<gc-op id="3006" type="scavenge" timems="1.490" contextid="3003" timestamp="2019-08-08T09:22:19.134">
  <scavenger-info tenureage="4" tenuremask="fff0" tiltratio="89" />
  <memory-copied type="nursery" objects="54" bytes="2256" bytesdiscarded="30000" />
</gc-op>
<gc-end id="3007" type="scavenge" contextid="3003" durationms="3.347" usertimems="8.112" systemtimems="0.000" timestamp="2019-08-08T09:22:19.136" activeThreads="16">
  <mem-info id="3008" free="49220544" total="72679424" percent="67">
    <mem type="nursery" free="47481344" total="52822016" percent="89">
      <mem type="allocate" free="47481344" total="47513600" percent="99" />
      <mem type="survivor" free="0" total="5308416" percent="0" />
    </mem>
    <mem type="tenure" free="1739200" total="19857408" percent="8" macro-fragmented="10920">
      <mem type="soa" free="1541568" total="19659776" percent="7" />
      <mem type="loa" free="197632" total="197632" percent="100" />
    </mem>
    <remembered-set count="116" />
  </mem-info>
</gc-end>
<cycle-end id="3009" type="scavenge" contextid="3003" timestamp="2019-08-08T09:22:19.136" />
  <attribute name="elasticGC enabled" value="1" />
  <attribute name= "numThreadsSpecified" value="16" />
  <attribute name="heapSize specified" value="43057152" />
  <attribute name="Current GC Util" value="1" />
  <attribute name= "Current Time Running" value="130286" />
  <attribute name ="GC Interval" value="2289" />
  <attribute name="Target GC Util Change" value ="80.000000" />
  <attribute name="Current GC Util Change" value="1.000000"/>
  <attribute name="Current Error" value="153.000000" />
  <attribute name="Output H" value="72755280"/>
  <attribute name="Output I" value="2288"/>
  <attribute name="Output T" value="16"/>
  <attribute name= "Current Time Running" value="130286" />
  <attribute name="GC Util currently" value="1" />
  <attribute name="CPU Util currently" value="7503251751" />
<allocation-satisfied id="3010" threadId="0000000000AEAF00" bytesRequested="64" />
<af-end id="3011" timestamp="2019-08-08T09:22:19.136" threadId="0000000000AEB888" success="true" from="nursery"/>
<exclusive-end id="3012" timestamp="2019-08-08T09:22:19.136" durationms="3.624" />

<exclusive-start id="3013" timestamp="2019-08-08T09:22:21.086" intervalms="1953.162">
  <response-info timems="0.074" idlems="0.074" threads="0" lastid="0000000000AEAF00" lastname="main" />
</exclusive-start>
<af-start id="3014" threadId="0000000000AEB888" totalBytesRequested="9000" timestamp="2019-08-08T09:22:21.086" intervalms="1953.164" type="nursery" />
<cycle-start id="3015" type="scavenge" contextid="0" timestamp="2019-08-08T09:22:21.086" intervalms="1953.169" />
<gc-start id="3016" type="scavenge" contextid="3015" timestamp="2019-08-08T09:22:21.086">
  <mem-info id="3017" free="1739200" total="72679424" percent="2">
    <mem type="nursery" free="0" total="52822016" percent="0">
      <mem type="allocate" free="0" total="47513600" percent="0" />
      <mem type="survivor" free="0" total="5308416" percent="0" />
    </mem>
    <mem type="tenure" free="1739200" total="19857408" percent="8">
      <mem type="soa" free="1541568" total="19659776" percent="7" />
      <mem type="loa" free="197632" total="197632" percent="100" />
    </mem>
    <remembered-set count="128" />
  </mem-info>
</gc-start>
<allocation-stats totalBytes="45755088" >
  <allocated-bytes non-tlh="64" tlh="45755024" />
  <largest-consumer threadName="main" threadId="0000000000AEAF00" bytes="45755088" />
</allocation-stats>
<gc-op id="3018" type="scavenge" timems="4.481" contextid="3015" timestamp="2019-08-08T09:22:21.090">
  <scavenger-info tenureage="3" tenuremask="fff8" tiltratio="89" />
  <memory-copied type="nursery" objects="78" bytes="8824" bytesdiscarded="29432" />
  <memory-copied type="tenure" objects="12" bytes="560" bytesdiscarded="0" />
</gc-op>
<gc-end id="3019" type="scavenge" contextid="3015" durationms="4.798" usertimems="6.250" systemtimems="0.000" timestamp="2019-08-08T09:22:21.091" activeThreads="16">
  <mem-info id="3020" free="49214544" total="72679424" percent="67">
    <mem type="nursery" free="47475344" total="52822016" percent="89">
      <mem type="allocate" free="47475344" total="47513600" percent="99" />
      <mem type="survivor" free="0" total="5308416" percent="0" />
    </mem>
    <mem type="tenure" free="1739200" total="19857408" percent="8" macro-fragmented="0">
      <mem type="soa" free="1541568" total="19659776" percent="7" />
      <mem type="loa" free="197632" total="197632" percent="100" />
    </mem>
    <remembered-set count="124" />
  </mem-info>
</gc-end>
<cycle-end id="3021" type="scavenge" contextid="3015" timestamp="2019-08-08T09:22:21.091" />
  <attribute name="elasticGC enabled" value="1" />
  <attribute name= "numThreadsSpecified" value="16" />
  <attribute name="heapSize specified" value="43057152" />
  <attribute name="Current GC Util" value="0" />
  <attribute name= "Current Time Running" value="132239" />
  <attribute name ="GC Interval" value="2425" />
  <attribute name="Target GC Util Change" value ="80.000000" />
  <attribute name="Current GC Util Change" value="0.000000"/>
  <attribute name="Current Error" value="233.000000" />
  <attribute name="Output H" value="72755376"/>
  <attribute name="Output I" value="2424"/>
  <attribute name="Output T" value="16"/>
  <attribute name= "Current Time Running" value="132239" />
  <attribute name="GC Util currently" value="0" />
  <attribute name="CPU Util currently" value="17" />
<allocation-satisfied id="3022" threadId="0000000000AEAF00" bytesRequested="9000" />
<af-end id="3023" timestamp="2019-08-08T09:22:21.091" threadId="0000000000AEB888" success="true" from="nursery"/>
<exclusive-end id="3024" timestamp="2019-08-08T09:22:21.091" durationms="5.273" />

<exclusive-start id="3025" timestamp="2019-08-08T09:22:21.268" intervalms="182.122">
  <response-info timems="0.087" idlems="0.087" threads="0" lastid="0000000000AEAF00" lastname="main" />
</exclusive-start>
<af-start id="3026" threadId="0000000000AEB888" totalBytesRequested="32" timestamp="2019-08-08T09:22:21.268" intervalms="182.127" type="nursery" />
<cycle-start id="3027" type="scavenge" contextid="0" timestamp="2019-08-08T09:22:21.268" intervalms="182.122" />
<gc-start id="3028" type="scavenge" contextid="3027" timestamp="2019-08-08T09:22:21.268">
  <mem-info id="3029" free="1739200" total="72679424" percent="2">
    <mem type="nursery" free="0" total="52822016" percent="0">
      <mem type="allocate" free="0" total="47513600" percent="0" />
      <mem type="survivor" free="0" total="5308416" percent="0" />
    </mem>
    <mem type="tenure" free="1739200" total="19857408" percent="8">
      <mem type="soa" free="1541568" total="19659776" percent="7" />
      <mem type="loa" free="197632" total="197632" percent="100" />
    </mem>
    <remembered-set count="126" />
  </mem-info>
</gc-start>
<allocation-stats totalBytes="47469984" >
  <allocated-bytes non-tlh="9000" tlh="47460984" />
  <largest-consumer threadName="main" threadId="0000000000AEAF00" bytes="47469984" />
</allocation-stats>
<gc-op id="3030" type="scavenge" timems="1.051" contextid="3027" timestamp="2019-08-08T09:22:21.269">
  <scavenger-info tenureage="4" tenuremask="ffd0" tiltratio="89" />
  <memory-copied type="nursery" objects="182" bytes="8504" bytesdiscarded="39880" />
</gc-op>
<gc-end id="3031" type="scavenge" contextid="3027" durationms="1.435" usertimems="2.956" systemtimems="0.000" timestamp="2019-08-08T09:22:21.269" activeThreads="16">
  <mem-info id="3032" free="49204416" total="72679424" percent="67">
    <mem type="nursery" free="47465216" total="52822016" percent="89">
      <mem type="allocate" free="47465216" total="47513600" percent="99" />
      <mem type="survivor" free="0" total="5308416" percent="0" />
    </mem>
    <mem type="tenure" free="1739200" total="19857408" percent="8" macro-fragmented="0">
      <mem type="soa" free="1541568" total="19659776" percent="7" />
      <mem type="loa" free="197632" total="197632" percent="100" />
    </mem>
    <remembered-set count="126" />
  </mem-info>
</gc-end>
<cycle-end id="3033" type="scavenge" contextid="3027" timestamp="2019-08-08T09:22:21.269" />
  <attribute name="elasticGC enabled" value="1" />
  <attribute name= "numThreadsSpecified" value="16" />
  <attribute name="heapSize specified" value="43057152" />
  <attribute name="Current GC Util" value="1" />
  <attribute name= "Current Time Running" value="132422" />
  <attribute name ="GC Interval" value="2569" />
  <attribute name="Target GC Util Change" value ="80.000000" />
  <attribute name="Current GC Util Change" value="1.000000"/>
  <attribute name="Current Error" value="312.000000" />
  <attribute name="Output H" value="72755464"/>
  <attribute name="Output I" value="2568"/>
  <attribute name="Output T" value="16"/>
  <attribute name= "Current Time Running" value="132422" />
  <attribute name="GC Util currently" value="1" />
  <attribute name="CPU Util currently" value="6333340742" />
<allocation-satisfied id="3034" threadId="0000000000AEAF00" bytesRequested="32" />
<af-end id="3035" timestamp="2019-08-08T09:22:21.269" threadId="0000000000AEB888" success="true" from="nursery"/>
<exclusive-end id="3036" timestamp="2019-08-08T09:22:21.269" durationms="1.680" />

<exclusive-start id="3037" timestamp="2019-08-08T09:22:22.107" intervalms="839.286">
  <response-info timems="0.059" idlems="0.059" threads="0" lastid="0000000000AEAF00" lastname="main" />
</exclusive-start>
<af-start id="3038" threadId="0000000000AEB888" totalBytesRequested="24" timestamp="2019-08-08T09:22:22.107" intervalms="839.323" type="nursery" />
<cycle-start id="3039" type="scavenge" contextid="0" timestamp="2019-08-08T09:22:22.107" intervalms="839.331" />
<gc-start id="3040" type="scavenge" contextid="3039" timestamp="2019-08-08T09:22:22.107">
  <mem-info id="3041" free="1739200" total="72679424" percent="2">
    <mem type="nursery" free="0" total="52822016" percent="0">
      <mem type="allocate" free="0" total="47513600" percent="0" />
      <mem type="survivor" free="0" total="5308416" percent="0" />
    </mem>
    <mem type="tenure" free="1739200" total="19857408" percent="8">
      <mem type="soa" free="1541568" total="19659776" percent="7" />
      <mem type="loa" free="197632" total="197632" percent="100" />
    </mem>
    <remembered-set count="134" />
  </mem-info>
</gc-start>
<allocation-stats totalBytes="47459696" >
  <allocated-bytes non-tlh="32" tlh="47459664" />
  <largest-consumer threadName="main" threadId="0000000000AEAF00" bytes="47459696" />
</allocation-stats>
<gc-op id="3042" type="scavenge" timems="1.076" contextid="3039" timestamp="2019-08-08T09:22:22.108">
  <scavenger-info tenureage="3" tenuremask="fff8" tiltratio="89" />
  <memory-copied type="nursery" objects="95" bytes="2608" bytesdiscarded="29648" />
  <memory-copied type="tenure" objects="7" bytes="160" bytesdiscarded="0" />
</gc-op>
<gc-end id="3043" type="scavenge" contextid="3039" durationms="1.479" usertimems="3.143" systemtimems="0.000" timestamp="2019-08-08T09:22:22.109" activeThreads="16">
  <mem-info id="3044" free="49220544" total="72679424" percent="67">
    <mem type="nursery" free="47481344" total="52822016" percent="89">
      <mem type="allocate" free="47481344" total="47513600" percent="99" />
      <mem type="survivor" free="0" total="5308416" percent="0" />
    </mem>
    <mem type="tenure" free="1739200" total="19857408" percent="8" macro-fragmented="723458">
      <mem type="soa" free="1541568" total="19659776" percent="7" />
      <mem type="loa" free="197632" total="197632" percent="100" />
    </mem>
    <remembered-set count="132" />
  </mem-info>
</gc-end>
<cycle-end id="3045" type="scavenge" contextid="3039" timestamp="2019-08-08T09:22:22.109" />
  <attribute name="elasticGC enabled" value="1" />
  <attribute name= "numThreadsSpecified" value="16" />
  <attribute name="heapSize specified" value="43057152" />
  <attribute name="Current GC Util" value="0" />
  <attribute name= "Current Time Running" value="133261" />
  <attribute name ="GC Interval" value="2713" />
  <attribute name="Target GC Util Change" value ="80.000000" />
  <attribute name="Current GC Util Change" value="0.000000"/>
  <attribute name="Current Error" value="392.000000" />
  <attribute name="Output H" value="72755560"/>
  <attribute name="Output I" value="2712"/>
  <attribute name="Output T" value="16"/>
  <attribute name= "Current Time Running" value="133261" />
  <attribute name="GC Util currently" value="0" />
  <attribute name="CPU Util currently" value="1373552258" />
<allocation-satisfied id="3046" threadId="0000000000AEAF00" bytesRequested="24" />
<af-end id="3047" timestamp="2019-08-08T09:22:22.109" threadId="0000000000AEB888" success="true" from="nursery"/>
<exclusive-end id="3048" timestamp="2019-08-08T09:22:22.109" durationms="1.779" />

<exclusive-start id="3049" timestamp="2019-08-08T09:22:22.438" intervalms="330.871">
  <response-info timems="0.044" idlems="0.044" threads="0" lastid="0000000000AEAF00" lastname="main" />
</exclusive-start>
<af-start id="3050" threadId="0000000000AEB888" totalBytesRequested="80" timestamp="2019-08-08T09:22:22.438" intervalms="330.821" type="nursery" />
<cycle-start id="3051" type="scavenge" contextid="0" timestamp="2019-08-08T09:22:22.438" intervalms="330.811" />
<gc-start id="3052" type="scavenge" contextid="3051" timestamp="2019-08-08T09:22:22.438">
  <mem-info id="3053" free="1739168" total="72679424" percent="2">
    <mem type="nursery" free="0" total="52822016" percent="0">
      <mem type="allocate" free="0" total="47513600" percent="0" />
      <mem type="survivor" free="0" total="5308416" percent="0" />
    </mem>
    <mem type="tenure" free="1739168" total="19857408" percent="8">
      <mem type="soa" free="1541536" total="19659776" percent="7" />
      <mem type="loa" free="197632" total="197632" percent="100" />
    </mem>
    <remembered-set count="137" />
  </mem-info>
</gc-start>
<allocation-stats totalBytes="47472184" >
  <allocated-bytes non-tlh="56" tlh="47472128" />
  <largest-consumer threadName="main" threadId="0000000000AEAF00" bytes="47472184" />
</allocation-stats>
<gc-op id="3054" type="scavenge" timems="3.800" contextid="3051" timestamp="2019-08-08T09:22:22.442">
  <scavenger-info tenureage="3" tenuremask="ffd8" tiltratio="89" />
  <memory-copied type="nursery" objects="77" bytes="2440" bytesdiscarded="29816" />
  <memory-copied type="tenure" objects="42" bytes="960" bytesdiscarded="0" />
</gc-op>
<gc-end id="3055" type="scavenge" contextid="3051" durationms="4.208" usertimems="7.338" systemtimems="0.000" timestamp="2019-08-08T09:22:22.442" activeThreads="16">
  <mem-info id="3056" free="49220512" total="72679424" percent="67">
    <mem type="nursery" free="47481344" total="52822016" percent="89">
      <mem type="allocate" free="47481344" total="47513600" percent="99" />
      <mem type="survivor" free="0" total="5308416" percent="0" />
    </mem>
    <mem type="tenure" free="1739168" total="19857408" percent="8" macro-fragmented="0">
      <mem type="soa" free="1541536" total="19659776" percent="7" />
      <mem type="loa" free="197632" total="197632" percent="100" />
    </mem>
    <remembered-set count="125" />
  </mem-info>
</gc-end>
<cycle-end id="3057" type="scavenge" contextid="3051" timestamp="2019-08-08T09:22:22.442" />
  <attribute name="elasticGC enabled" value="1" />
  <attribute name= "numThreadsSpecified" value="16" />
  <attribute name="heapSize specified" value="43057152" />
  <attribute name="Current GC Util" value="0" />
  <attribute name= "Current Time Running" value="133592" />
  <attribute name ="GC Interval" value="2857" />
  <attribute name="Target GC Util Change" value ="80.000000" />
  <attribute name="Current GC Util Change" value="0.000000"/>
  <attribute name="Current Error" value="472.000000" />
  <attribute name="Output H" value="72755656"/>
  <attribute name="Output I" value="2856"/>
  <attribute name="Output T" value="16"/>
  <attribute name= "Current Time Running" value="133592" />
  <attribute name="GC Util currently" value="0" />
  <attribute name="CPU Util currently" value="3485640700" />
<allocation-satisfied id="3058" threadId="0000000000AEAF00" bytesRequested="80" />
<af-end id="3059" timestamp="2019-08-08T09:22:22.442" threadId="0000000000AEB888" success="true" from="nursery"/>
<exclusive-end id="3060" timestamp="2019-08-08T09:22:22.442" durationms="4.429" />

<exclusive-start id="3061" timestamp="2019-08-08T09:22:23.060" intervalms="622.022">
  <response-info timems="5.407" idlems="2.731" threads="1" lastid="0000000000AF2700" lastname="JIT Compilation Thread-1" />
</exclusive-start>
<af-start id="3062" threadId="0000000000AEB888" totalBytesRequested="32" timestamp="2019-08-08T09:22:23.060" intervalms="622.037" type="nursery" />
<cycle-start id="3063" type="scavenge" contextid="0" timestamp="2019-08-08T09:22:23.060" intervalms="622.047" />
<gc-start id="3064" type="scavenge" contextid="3063" timestamp="2019-08-08T09:22:23.060">
  <mem-info id="3065" free="1739168" total="72679424" percent="2">
    <mem type="nursery" free="0" total="52822016" percent="0">
      <mem type="allocate" free="0" total="47513600" percent="0" />
      <mem type="survivor" free="0" total="5308416" percent="0" />
    </mem>
    <mem type="tenure" free="1739168" total="19857408" percent="8">
      <mem type="soa" free="1541536" total="19659776" percent="7" />
      <mem type="loa" free="197632" total="197632" percent="100" />
    </mem>
    <remembered-set count="127" />
  </mem-info>
</gc-start>
<allocation-stats totalBytes="47463664" >
  <allocated-bytes non-tlh="80" tlh="47463584" />
  <largest-consumer threadName="main" threadId="0000000000AEAF00" bytes="47463664" />
</allocation-stats>
<gc-op id="3066" type="scavenge" timems="4.227" contextid="3063" timestamp="2019-08-08T09:22:23.064">
  <scavenger-info tenureage="3" tenuremask="ffe8" tiltratio="89" />
  <memory-copied type="nursery" objects="74" bytes="2144" bytesdiscarded="30112" />
  <memory-copied type="tenure" objects="7" bytes="160" bytesdiscarded="0" />
</gc-op>
<gc-end id="3067" type="scavenge" contextid="3063" durationms="4.911" usertimems="4.213" systemtimems="0.000" timestamp="2019-08-08T09:22:23.065" activeThreads="16">
  <mem-info id="3068" free="49204384" total="72679424" percent="67">
    <mem type="nursery" free="47481344" total="52822016" percent="89">
      <mem type="allocate" free="47481344" total="47513600" percent="99" />
      <mem type="survivor" free="0" total="5308416" percent="0" />
    </mem>
    <mem type="tenure" free="1723040" total="19857408" percent="8" macro-fragmented="0">
      <mem type="soa" free="1525408" total="19659776" percent="7" />
      <mem type="loa" free="197632" total="197632" percent="100" />
    </mem>
    <remembered-set count="125" />
  </mem-info>
</gc-end>
<cycle-end id="3069" type="scavenge" contextid="3063" timestamp="2019-08-08T09:22:23.065" />
  <attribute name="elasticGC enabled" value="1" />
  <attribute name= "numThreadsSpecified" value="16" />
  <attribute name="heapSize specified" value="43057152" />
  <attribute name="Current GC Util" value="0" />
  <attribute name= "Current Time Running" value="134214" />
  <attribute name ="GC Interval" value="2153" />
  <attribute name="Target GC Util Change" value ="80.000000" />
  <attribute name="Current GC Util Change" value="0.000000"/>
  <attribute name="Current Error" value="80.000000" />
  <attribute name="Output H" value="72755200"/>
  <attribute name="Output I" value="2152"/>
  <attribute name="Output T" value="16"/>
  <attribute name= "Current Time Running" value="134214" />
  <attribute name="GC Util currently" value="0" />
  <attribute name="CPU Util currently" value="1853309437" />
<allocation-satisfied id="3070" threadId="0000000000AEAF00" bytesRequested="32" />
<af-end id="3071" timestamp="2019-08-08T09:22:23.065" threadId="0000000000AEB888" success="true" from="nursery"/>
<exclusive-end id="3072" timestamp="2019-08-08T09:22:23.065" durationms="5.186" />

<exclusive-start id="3073" timestamp="2019-08-08T09:22:23.353" intervalms="293.286">
  <response-info timems="0.130" idlems="0.130" threads="0" lastid="0000000000AEAF00" lastname="main" />
</exclusive-start>
<af-start id="3074" threadId="0000000000AEB888" totalBytesRequested="32" timestamp="2019-08-08T09:22:23.353" intervalms="293.274" type="nursery" />
<cycle-start id="3075" type="scavenge" contextid="0" timestamp="2019-08-08T09:22:23.353" intervalms="293.264" />
<gc-start id="3076" type="scavenge" contextid="3075" timestamp="2019-08-08T09:22:23.353">
  <mem-info id="3077" free="1723040" total="72679424" percent="2">
    <mem type="nursery" free="0" total="52822016" percent="0">
      <mem type="allocate" free="0" total="47513600" percent="0" />
      <mem type="survivor" free="0" total="5308416" percent="0" />
    </mem>
    <mem type="tenure" free="1723040" total="19857408" percent="8">
      <mem type="soa" free="1525408" total="19659776" percent="7" />
      <mem type="loa" free="197632" total="197632" percent="100" />
    </mem>
    <remembered-set count="128" />
  </mem-info>
</gc-start>
<allocation-stats totalBytes="47477920" >
  <allocated-bytes non-tlh="32" tlh="47477888" />
  <largest-consumer threadName="main" threadId="0000000000AEAF00" bytes="47477920" />
</allocation-stats>
<gc-op id="3078" type="scavenge" timems="1.072" contextid="3075" timestamp="2019-08-08T09:22:23.355">
  <scavenger-info tenureage="3" tenuremask="ffe8" tiltratio="89" />
  <memory-copied type="nursery" objects="50" bytes="1392" bytesdiscarded="30864" />
  <memory-copied type="tenure" objects="31" bytes="912" bytesdiscarded="0" />
</gc-op>
<gc-end id="3079" type="scavenge" contextid="3075" durationms="1.608" usertimems="4.857" systemtimems="0.000" timestamp="2019-08-08T09:22:23.355" activeThreads="16">
  <mem-info id="3080" free="49204384" total="72679424" percent="67">
    <mem type="nursery" free="47481344" total="52822016" percent="89">
      <mem type="allocate" free="47481344" total="47513600" percent="99" />
      <mem type="survivor" free="0" total="5308416" percent="0" />
    </mem>
    <mem type="tenure" free="1723040" total="19857408" percent="8" macro-fragmented="0">
      <mem type="soa" free="1525408" total="19659776" percent="7" />
      <mem type="loa" free="197632" total="197632" percent="100" />
    </mem>
    <remembered-set count="119" />
  </mem-info>
</gc-end>
<cycle-end id="3081" type="scavenge" contextid="3075" timestamp="2019-08-08T09:22:23.355" />
  <attribute name="elasticGC enabled" value="1" />
  <attribute name= "numThreadsSpecified" value="16" />
  <attribute name="heapSize specified" value="43057152" />
  <attribute name="Current GC Util" value="1" />
  <attribute name= "Current Time Running" value="134507" />
  <attribute name ="GC Interval" value="2297" />
  <attribute name="Target GC Util Change" value ="80.000000" />
  <attribute name="Current GC Util Change" value="1.000000"/>
  <attribute name="Current Error" value="159.000000" />
  <attribute name="Output H" value="72755288"/>
  <attribute name="Output I" value="2296"/>
  <attribute name="Output T" value="16"/>
  <attribute name= "Current Time Running" value="134507" />
  <attribute name="GC Util currently" value="1" />
  <attribute name="CPU Util currently" value="3929568481" />
<allocation-satisfied id="3082" threadId="0000000000AEAF00" bytesRequested="32" />
<af-end id="3083" timestamp="2019-08-08T09:22:23.355" threadId="0000000000AEB888" success="true" from="nursery"/>
<exclusive-end id="3084" timestamp="2019-08-08T09:22:23.355" durationms="2.043" />

<exclusive-start id="3085" timestamp="2019-08-08T09:22:23.486" intervalms="132.452">
  <response-info timems="0.084" idlems="0.084" threads="0" lastid="0000000000AEAF00" lastname="main" />
</exclusive-start>
<af-start id="3086" threadId="0000000000AEB888" totalBytesRequested="32" timestamp="2019-08-08T09:22:23.486" intervalms="132.462" type="nursery" />
<cycle-start id="3087" type="scavenge" contextid="0" timestamp="2019-08-08T09:22:23.486" intervalms="132.472" />
<gc-start id="3088" type="scavenge" contextid="3087" timestamp="2019-08-08T09:22:23.486">
  <mem-info id="3089" free="1723040" total="72679424" percent="2">
    <mem type="nursery" free="0" total="52822016" percent="0">
      <mem type="allocate" free="0" total="47513600" percent="0" />
      <mem type="survivor" free="0" total="5308416" percent="0" />
    </mem>
    <mem type="tenure" free="1723040" total="19857408" percent="8">
      <mem type="soa" free="1525408" total="19659776" percent="7" />
      <mem type="loa" free="197632" total="197632" percent="100" />
    </mem>
    <remembered-set count="121" />
  </mem-info>
</gc-start>
<allocation-stats totalBytes="47474064" >
  <allocated-bytes non-tlh="32" tlh="47474032" />
  <largest-consumer threadName="main" threadId="0000000000AEAF00" bytes="47474064" />
</allocation-stats>
<gc-op id="3090" type="scavenge" timems="2.571" contextid="3087" timestamp="2019-08-08T09:22:23.488">
  <scavenger-info tenureage="3" tenuremask="ffe8" tiltratio="89" />
  <memory-copied type="nursery" objects="40" bytes="1136" bytesdiscarded="31120" />
  <memory-copied type="tenure" objects="15" bytes="368" bytesdiscarded="0" />
</gc-op>
<gc-end id="3091" type="scavenge" contextid="3087" durationms="2.945" usertimems="10.308" systemtimems="0.000" timestamp="2019-08-08T09:22:23.489" activeThreads="16">
  <mem-info id="3092" free="49188256" total="72679424" percent="67">
    <mem type="nursery" free="47481344" total="52822016" percent="89">
      <mem type="allocate" free="47481344" total="47513600" percent="99" />
      <mem type="survivor" free="0" total="5308416" percent="0" />
    </mem>
    <mem type="tenure" free="1706912" total="19857408" percent="8" macro-fragmented="0">
      <mem type="soa" free="1509280" total="19659776" percent="7" />
      <mem type="loa" free="197632" total="197632" percent="100" />
    </mem>
    <remembered-set count="116" />
  </mem-info>
</gc-end>
<cycle-end id="3093" type="scavenge" contextid="3087" timestamp="2019-08-08T09:22:23.489" />
  <attribute name="elasticGC enabled" value="1" />
  <attribute name= "numThreadsSpecified" value="16" />
  <attribute name="heapSize specified" value="43057152" />
  <attribute name="Current GC Util" value="1" />
  <attribute name= "Current Time Running" value="134640" />
  <attribute name ="GC Interval" value="2441" />
  <attribute name="Target GC Util Change" value ="80.000000" />
  <attribute name="Current GC Util Change" value="1.000000"/>
  <attribute name="Current Error" value="238.000000" />
  <attribute name="Output H" value="72755384"/>
  <attribute name="Output I" value="2440"/>
  <attribute name="Output T" value="16"/>
  <attribute name= "Current Time Running" value="134640" />
  <attribute name="GC Util currently" value="1" />
  <attribute name="CPU Util currently" value="8704510086" />
<allocation-satisfied id="3094" threadId="0000000000AEAF00" bytesRequested="32" />
<af-end id="3095" timestamp="2019-08-08T09:22:23.489" threadId="0000000000AEB888" success="true" from="nursery"/>
<exclusive-end id="3096" timestamp="2019-08-08T09:22:23.489" durationms="3.394" />

<exclusive-start id="3097" timestamp="2019-08-08T09:22:24.018" intervalms="532.425">
  <response-info timems="0.108" idlems="0.108" threads="0" lastid="0000000000AEAF00" lastname="main" />
</exclusive-start>
<af-start id="3098" threadId="0000000000AEB888" totalBytesRequested="24" timestamp="2019-08-08T09:22:24.018" intervalms="532.418" type="nursery" />
<cycle-start id="3099" type="scavenge" contextid="0" timestamp="2019-08-08T09:22:24.018" intervalms="532.451" />
<gc-start id="3100" type="scavenge" contextid="3099" timestamp="2019-08-08T09:22:24.018">
  <mem-info id="3101" free="1706912" total="72679424" percent="2">
    <mem type="nursery" free="0" total="52822016" percent="0">
      <mem type="allocate" free="0" total="47513600" percent="0" />
      <mem type="survivor" free="0" total="5308416" percent="0" />
    </mem>
    <mem type="tenure" free="1706912" total="19857408" percent="8">
      <mem type="soa" free="1509280" total="19659776" percent="7" />
      <mem type="loa" free="197632" total="197632" percent="100" />
    </mem>
    <remembered-set count="120" />
  </mem-info>
</gc-start>
<allocation-stats totalBytes="47479000" >
  <allocated-bytes non-tlh="32" tlh="47478968" />
  <largest-consumer threadName="main" threadId="0000000000AEAF00" bytes="47479000" />
</allocation-stats>
<gc-op id="3102" type="scavenge" timems="1.070" contextid="3099" timestamp="2019-08-08T09:22:24.019">
  <scavenger-info tenureage="3" tenuremask="ffe8" tiltratio="89" />
  <memory-copied type="nursery" objects="47" bytes="1408" bytesdiscarded="30848" />
  <memory-copied type="tenure" objects="7" bytes="160" bytesdiscarded="0" />
</gc-op>
<gc-end id="3103" type="scavenge" contextid="3099" durationms="1.661" usertimems="3.975" systemtimems="0.000" timestamp="2019-08-08T09:22:24.020" activeThreads="16">
  <mem-info id="3104" free="49172128" total="72679424" percent="67">
    <mem type="nursery" free="47481344" total="52822016" percent="89">
      <mem type="allocate" free="47481344" total="47513600" percent="99" />
      <mem type="survivor" free="0" total="5308416" percent="0" />
    </mem>
    <mem type="tenure" free="1690784" total="19857408" percent="8" macro-fragmented="0">
      <mem type="soa" free="1493152" total="19659776" percent="7" />
      <mem type="loa" free="197632" total="197632" percent="100" />
    </mem>
    <remembered-set count="118" />
  </mem-info>
</gc-end>
<cycle-end id="3105" type="scavenge" contextid="3099" timestamp="2019-08-08T09:22:24.020" />
  <attribute name="elasticGC enabled" value="1" />
  <attribute name= "numThreadsSpecified" value="16" />
  <attribute name="heapSize specified" value="43057152" />
  <attribute name="Current GC Util" value="1" />
  <attribute name= "Current Time Running" value="135172" />
  <attribute name ="GC Interval" value="2577" />
  <attribute name="Target GC Util Change" value ="80.000000" />
  <attribute name="Current GC Util Change" value="1.000000"/>
  <attribute name="Current Error" value="317.000000" />
  <attribute name="Output H" value="72755472"/>
  <attribute name="Output I" value="2576"/>
  <attribute name="Output T" value="16"/>
  <attribute name= "Current Time Running" value="135172" />
  <attribute name="GC Util currently" value="1" />
  <attribute name="CPU Util currently" value="2165311860" />
<allocation-satisfied id="3106" threadId="0000000000AEAF00" bytesRequested="24" />
<af-end id="3107" timestamp="2019-08-08T09:22:24.020" threadId="0000000000AEB888" success="true" from="nursery"/>
<exclusive-end id="3108" timestamp="2019-08-08T09:22:24.020" durationms="1.964" />

<exclusive-start id="3109" timestamp="2019-08-08T09:22:26.122" intervalms="2104.378">
  <response-info timems="0.235" idlems="0.235" threads="0" lastid="0000000000AEAF00" lastname="main" />
</exclusive-start>
<af-start id="3110" threadId="0000000000AEB888" totalBytesRequested="24" timestamp="2019-08-08T09:22:26.123" intervalms="2104.381" type="nursery" />
<cycle-start id="3111" type="scavenge" contextid="0" timestamp="2019-08-08T09:22:26.123" intervalms="2104.397" />
<gc-start id="3112" type="scavenge" contextid="3111" timestamp="2019-08-08T09:22:26.123">
  <mem-info id="3113" free="1690784" total="72679424" percent="2">
    <mem type="nursery" free="0" total="52822016" percent="0">
      <mem type="allocate" free="0" total="47513600" percent="0" />
      <mem type="survivor" free="0" total="5308416" percent="0" />
    </mem>
    <mem type="tenure" free="1690784" total="19857408" percent="8">
      <mem type="soa" free="1493152" total="19659776" percent="7" />
      <mem type="loa" free="197632" total="197632" percent="100" />
    </mem>
    <remembered-set count="129" />
  </mem-info>
</gc-start>
<allocation-stats totalBytes="47478296" >
  <allocated-bytes non-tlh="24" tlh="47478272" />
  <largest-consumer threadName="main" threadId="0000000000AEAF00" bytes="47478296" />
</allocation-stats>
<gc-op id="3114" type="scavenge" timems="1.033" contextid="3111" timestamp="2019-08-08T09:22:26.124">
  <scavenger-info tenureage="3" tenuremask="ffe8" tiltratio="89" />
  <memory-copied type="nursery" objects="75" bytes="1904" bytesdiscarded="54160" />
  <memory-copied type="tenure" objects="7" bytes="160" bytesdiscarded="0" />
  <references type="weak" candidates="2" cleared="0" enqueued="0" />
</gc-op>
<gc-end id="3115" type="scavenge" contextid="3111" durationms="1.551" usertimems="3.543" systemtimems="0.000" timestamp="2019-08-08T09:22:26.124" activeThreads="16">
  <mem-info id="3116" free="49148320" total="72679424" percent="67">
    <mem type="nursery" free="47457536" total="52822016" percent="89">
      <mem type="allocate" free="47457536" total="47513600" percent="99" />
      <mem type="survivor" free="0" total="5308416" percent="0" />
    </mem>
    <mem type="tenure" free="1690784" total="19857408" percent="8" macro-fragmented="0">
      <mem type="soa" free="1493152" total="19659776" percent="7" />
      <mem type="loa" free="197632" total="197632" percent="100" />
    </mem>
    <remembered-set count="127" />
  </mem-info>
</gc-end>
<cycle-end id="3117" type="scavenge" contextid="3111" timestamp="2019-08-08T09:22:26.124" />
  <attribute name="elasticGC enabled" value="1" />
  <attribute name= "numThreadsSpecified" value="16" />
  <attribute name="heapSize specified" value="43057152" />
  <attribute name="Current GC Util" value="0" />
  <attribute name= "Current Time Running" value="137276" />
  <attribute name ="GC Interval" value="2721" />
  <attribute name="Target GC Util Change" value ="80.000000" />
  <attribute name="Current GC Util Change" value="0.000000"/>
  <attribute name="Current Error" value="397.000000" />
  <attribute name="Output H" value="72755568"/>
  <attribute name="Output I" value="2720"/>
  <attribute name="Output T" value="16"/>
  <attribute name= "Current Time Running" value="137276" />
  <attribute name="GC Util currently" value="0" />
  <attribute name="CPU Util currently" value="20" />
<allocation-satisfied id="3118" threadId="0000000000AEAF00" bytesRequested="24" />
<af-end id="3119" timestamp="2019-08-08T09:22:26.124" threadId="0000000000AEB888" success="true" from="nursery"/>
<exclusive-end id="3120" timestamp="2019-08-08T09:22:26.124" durationms="1.940" />

<exclusive-start id="3121" timestamp="2019-08-08T09:22:26.385" intervalms="262.701">
  <response-info timems="0.576" idlems="0.576" threads="0" lastid="0000000000AEAF00" lastname="main" />
</exclusive-start>
<af-start id="3122" threadId="0000000000AEB888" totalBytesRequested="32" timestamp="2019-08-08T09:22:26.385" intervalms="262.706" type="nursery" />
<cycle-start id="3123" type="scavenge" contextid="0" timestamp="2019-08-08T09:22:26.385" intervalms="262.680" />
<gc-start id="3124" type="scavenge" contextid="3123" timestamp="2019-08-08T09:22:26.385">
  <mem-info id="3125" free="1690784" total="72679424" percent="2">
    <mem type="nursery" free="0" total="52822016" percent="0">
      <mem type="allocate" free="0" total="47513600" percent="0" />
      <mem type="survivor" free="0" total="5308416" percent="0" />
    </mem>
    <mem type="tenure" free="1690784" total="19857408" percent="8">
      <mem type="soa" free="1493152" total="19659776" percent="7" />
      <mem type="loa" free="197632" total="197632" percent="100" />
    </mem>
    <remembered-set count="129" />
  </mem-info>
</gc-start>
<allocation-stats totalBytes="47453776" >
  <allocated-bytes non-tlh="24" tlh="47453752" />
  <largest-consumer threadName="main" threadId="0000000000AEAF00" bytes="47453776" />
</allocation-stats>
<gc-op id="3126" type="scavenge" timems="5.229" contextid="3123" timestamp="2019-08-08T09:22:26.391">
  <scavenger-info tenureage="3" tenuremask="ffe8" tiltratio="89" />
  <memory-copied type="nursery" objects="83" bytes="2120" bytesdiscarded="53944" />
  <memory-copied type="tenure" objects="7" bytes="160" bytesdiscarded="0" />
  <references type="weak" candidates="2" cleared="0" enqueued="0" />
</gc-op>
<gc-end id="3127" type="scavenge" contextid="3123" durationms="5.963" usertimems="24.384" systemtimems="0.000" timestamp="2019-08-08T09:22:26.391" activeThreads="16">
  <mem-info id="3128" free="49148320" total="72679424" percent="67">
    <mem type="nursery" free="47457536" total="52822016" percent="89">
      <mem type="allocate" free="47457536" total="47513600" percent="99" />
      <mem type="survivor" free="0" total="5308416" percent="0" />
    </mem>
    <mem type="tenure" free="1690784" total="19857408" percent="8" macro-fragmented="0">
      <mem type="soa" free="1493152" total="19659776" percent="7" />
      <mem type="loa" free="197632" total="197632" percent="100" />
    </mem>
    <remembered-set count="127" />
  </mem-info>
</gc-end>
<cycle-end id="3129" type="scavenge" contextid="3123" timestamp="2019-08-08T09:22:26.391" />
  <attribute name="elasticGC enabled" value="1" />
  <attribute name= "numThreadsSpecified" value="16" />
  <attribute name="heapSize specified" value="43057152" />
  <attribute name="Current GC Util" value="0" />
  <attribute name= "Current Time Running" value="137539" />
  <attribute name ="GC Interval" value="2865" />
  <attribute name="Target GC Util Change" value ="80.000000" />
  <attribute name="Current GC Util Change" value="0.000000"/>
  <attribute name="Current Error" value="477.000000" />
  <attribute name="Output H" value="72755656"/>
  <attribute name="Output I" value="2864"/>
  <attribute name="Output T" value="16"/>
  <attribute name= "Current Time Running" value="137539" />
  <attribute name="GC Util currently" value="0" />
  <attribute name="CPU Util currently" value="4390603713" />
<allocation-satisfied id="3130" threadId="0000000000AEAF00" bytesRequested="32" />
<af-end id="3131" timestamp="2019-08-08T09:22:26.392" threadId="0000000000AEB888" success="true" from="nursery"/>
<exclusive-end id="3132" timestamp="2019-08-08T09:22:26.392" durationms="6.438" />

<exclusive-start id="3133" timestamp="2019-08-08T09:22:26.719" intervalms="334.013">
  <response-info timems="0.217" idlems="0.217" threads="0" lastid="0000000000AEAF00" lastname="main" />
</exclusive-start>
<af-start id="3134" threadId="0000000000AEB888" totalBytesRequested="24" timestamp="2019-08-08T09:22:26.719" intervalms="334.002" type="nursery" />
<cycle-start id="3135" type="scavenge" contextid="0" timestamp="2019-08-08T09:22:26.719" intervalms="333.992" />
<gc-start id="3136" type="scavenge" contextid="3135" timestamp="2019-08-08T09:22:26.719">
  <mem-info id="3137" free="1690784" total="72679424" percent="2">
    <mem type="nursery" free="0" total="52822016" percent="0">
      <mem type="allocate" free="0" total="47513600" percent="0" />
      <mem type="survivor" free="0" total="5308416" percent="0" />
    </mem>
    <mem type="tenure" free="1690784" total="19857408" percent="8">
      <mem type="soa" free="1493152" total="19659776" percent="7" />
      <mem type="loa" free="197632" total="197632" percent="100" />
    </mem>
    <remembered-set count="129" />
  </mem-info>
</gc-start>
<allocation-stats totalBytes="47454392" >
  <allocated-bytes non-tlh="32" tlh="47454360" />
  <largest-consumer threadName="main" threadId="0000000000AEAF00" bytes="47454392" />
</allocation-stats>
<gc-op id="3138" type="scavenge" timems="1.215" contextid="3135" timestamp="2019-08-08T09:22:26.721">
  <scavenger-info tenureage="3" tenuremask="ffe8" tiltratio="89" />
  <memory-copied type="nursery" objects="72" bytes="1872" bytesdiscarded="54192" />
  <memory-copied type="tenure" objects="14" bytes="320" bytesdiscarded="0" />
  <references type="weak" candidates="2" cleared="0" enqueued="0" />
</gc-op>
<gc-end id="3139" type="scavenge" contextid="3135" durationms="1.858" usertimems="5.249" systemtimems="0.000" timestamp="2019-08-08T09:22:26.721" activeThreads="16">
  <mem-info id="3140" free="49148320" total="72679424" percent="67">
    <mem type="nursery" free="47457536" total="52822016" percent="89">
      <mem type="allocate" free="47457536" total="47513600" percent="99" />
      <mem type="survivor" free="0" total="5308416" percent="0" />
    </mem>
    <mem type="tenure" free="1690784" total="19857408" percent="8" macro-fragmented="0">
      <mem type="soa" free="1493152" total="19659776" percent="7" />
      <mem type="loa" free="197632" total="197632" percent="100" />
    </mem>
    <remembered-set count="125" />
  </mem-info>
</gc-end>
<cycle-end id="3141" type="scavenge" contextid="3135" timestamp="2019-08-08T09:22:26.721" />
  <attribute name="elasticGC enabled" value="1" />
  <attribute name= "numThreadsSpecified" value="16" />
  <attribute name="heapSize specified" value="43057152" />
  <attribute name="Current GC Util" value="2" />
  <attribute name= "Current Time Running" value="137873" />
  <attribute name ="GC Interval" value="2153" />
  <attribute name="Target GC Util Change" value ="80.000000" />
  <attribute name="Current GC Util Change" value="2.000000"/>
  <attribute name="Current Error" value="78.000000" />
  <attribute name="Output H" value="72755200"/>
  <attribute name="Output I" value="2152"/>
  <attribute name="Output T" value="16"/>
  <attribute name= "Current Time Running" value="137873" />
  <attribute name="GC Util currently" value="2" />
  <attribute name="CPU Util currently" value="3451297930" />
<allocation-satisfied id="3142" threadId="0000000000AEAF00" bytesRequested="24" />
<af-end id="3143" timestamp="2019-08-08T09:22:26.721" threadId="0000000000AEB888" success="true" from="nursery"/>
<exclusive-end id="3144" timestamp="2019-08-08T09:22:26.721" durationms="2.287" />

<exclusive-start id="3145" timestamp="2019-08-08T09:22:27.737" intervalms="1018.117">
  <response-info timems="0.097" idlems="0.097" threads="0" lastid="0000000000AEAF00" lastname="main" />
</exclusive-start>
<af-start id="3146" threadId="0000000000AEB888" totalBytesRequested="520" timestamp="2019-08-08T09:22:27.737" intervalms="1018.145" type="nursery" />
<cycle-start id="3147" type="scavenge" contextid="0" timestamp="2019-08-08T09:22:27.737" intervalms="1018.156" />
<gc-start id="3148" type="scavenge" contextid="3147" timestamp="2019-08-08T09:22:27.738">
  <mem-info id="3149" free="1690424" total="72679424" percent="2">
    <mem type="nursery" free="0" total="52822016" percent="0">
      <mem type="allocate" free="0" total="47513600" percent="0" />
      <mem type="survivor" free="0" total="5308416" percent="0" />
    </mem>
    <mem type="tenure" free="1690424" total="19857408" percent="8">
      <mem type="soa" free="1492792" total="19659776" percent="7" />
      <mem type="loa" free="197632" total="197632" percent="100" />
    </mem>
    <remembered-set count="137" />
  </mem-info>
</gc-start>
<allocation-stats totalBytes="47453848" >
  <allocated-bytes non-tlh="384" tlh="47453464" />
  <largest-consumer threadName="main" threadId="0000000000AEAF00" bytes="47453848" />
</allocation-stats>
<gc-op id="3150" type="scavenge" timems="1.802" contextid="3147" timestamp="2019-08-08T09:22:27.740">
  <scavenger-info tenureage="3" tenuremask="ffe8" tiltratio="89" />
  <memory-copied type="nursery" objects="68" bytes="3040" bytesdiscarded="53024" />
  <memory-copied type="tenure" objects="37" bytes="864" bytesdiscarded="0" />
  <references type="weak" candidates="4" cleared="0" enqueued="0" />
</gc-op>
<gc-end id="3151" type="scavenge" contextid="3147" durationms="3.311" usertimems="8.069" systemtimems="0.000" timestamp="2019-08-08T09:22:27.741" activeThreads="16">
  <mem-info id="3152" free="49147960" total="72679424" percent="67">
    <mem type="nursery" free="47457536" total="52822016" percent="89">
      <mem type="allocate" free="47457536" total="47513600" percent="99" />
      <mem type="survivor" free="0" total="5308416" percent="0" />
    </mem>
    <mem type="tenure" free="1690424" total="19857408" percent="8" macro-fragmented="0">
      <mem type="soa" free="1492792" total="19659776" percent="7" />
      <mem type="loa" free="197632" total="197632" percent="100" />
    </mem>
    <remembered-set count="127" />
  </mem-info>
</gc-end>
<cycle-end id="3153" type="scavenge" contextid="3147" timestamp="2019-08-08T09:22:27.741" />
  <attribute name="elasticGC enabled" value="1" />
  <attribute name= "numThreadsSpecified" value="16" />
  <attribute name="heapSize specified" value="43057152" />
  <attribute name="Current GC Util" value="0" />
  <attribute name= "Current Time Running" value="138892" />
  <attribute name ="GC Interval" value="2297" />
  <attribute name="Target GC Util Change" value ="80.000000" />
  <attribute name="Current GC Util Change" value="0.000000"/>
  <attribute name="Current Error" value="158.000000" />
  <attribute name="Output H" value="72755288"/>
  <attribute name="Output I" value="2296"/>
  <attribute name="Output T" value="16"/>
  <attribute name= "Current Time Running" value="138892" />
  <attribute name="GC Util currently" value="0" />
  <attribute name="CPU Util currently" value="8" />
<allocation-satisfied id="3154" threadId="0000000000AEAF00" bytesRequested="520" />
<af-end id="3155" timestamp="2019-08-08T09:22:27.741" threadId="0000000000AEB888" success="true" from="nursery"/>
<exclusive-end id="3156" timestamp="2019-08-08T09:22:27.741" durationms="3.873" />

<exclusive-start id="3157" timestamp="2019-08-08T09:22:28.291" intervalms="553.545">
  <response-info timems="0.152" idlems="0.152" threads="0" lastid="0000000000AEAF00" lastname="main" />
</exclusive-start>
<af-start id="3158" threadId="0000000000AEB888" totalBytesRequested="32" timestamp="2019-08-08T09:22:28.291" intervalms="553.547" type="nursery" />
<cycle-start id="3159" type="scavenge" contextid="0" timestamp="2019-08-08T09:22:28.291" intervalms="553.539" />
<gc-start id="3160" type="scavenge" contextid="3159" timestamp="2019-08-08T09:22:28.291">
  <mem-info id="3161" free="1690424" total="72679424" percent="2">
    <mem type="nursery" free="0" total="52822016" percent="0">
      <mem type="allocate" free="0" total="47513600" percent="0" />
      <mem type="survivor" free="0" total="5308416" percent="0" />
    </mem>
    <mem type="tenure" free="1690424" total="19857408" percent="8">
      <mem type="soa" free="1492792" total="19659776" percent="7" />
      <mem type="loa" free="197632" total="197632" percent="100" />
    </mem>
    <remembered-set count="127" />
  </mem-info>
</gc-start>
<allocation-stats totalBytes="47426504" >
  <allocated-bytes non-tlh="520" tlh="47425984" />
  <largest-consumer threadName="main" threadId="0000000000AEAF00" bytes="47426504" />
</allocation-stats>
<gc-op id="3162" type="scavenge" timems="1.872" contextid="3159" timestamp="2019-08-08T09:22:28.293">
  <scavenger-info tenureage="3" tenuremask="ffe8" tiltratio="89" />
  <memory-copied type="nursery" objects="60" bytes="2352" bytesdiscarded="37584" />
  <memory-copied type="tenure" objects="7" bytes="160" bytesdiscarded="0" />
  <references type="weak" candidates="4" cleared="0" enqueued="0" />
</gc-op>
<gc-end id="3163" type="scavenge" contextid="3159" durationms="2.473" usertimems="5.898" systemtimems="0.000" timestamp="2019-08-08T09:22:28.294" activeThreads="16">
  <mem-info id="3164" free="49164088" total="72679424" percent="67">
    <mem type="nursery" free="47473664" total="52822016" percent="89">
      <mem type="allocate" free="47473664" total="47513600" percent="99" />
      <mem type="survivor" free="0" total="5308416" percent="0" />
    </mem>
    <mem type="tenure" free="1690424" total="19857408" percent="8" macro-fragmented="0">
      <mem type="soa" free="1492792" total="19659776" percent="7" />
      <mem type="loa" free="197632" total="197632" percent="100" />
    </mem>
    <remembered-set count="125" />
  </mem-info>
</gc-end>
<cycle-end id="3165" type="scavenge" contextid="3159" timestamp="2019-08-08T09:22:28.294" />
  <attribute name="elasticGC enabled" value="1" />
  <attribute name= "numThreadsSpecified" value="16" />
  <attribute name="heapSize specified" value="43057152" />
  <attribute name="Current GC Util" value="0" />
  <attribute name= "Current Time Running" value="139445" />
  <attribute name ="GC Interval" value="2441" />
  <attribute name="Target GC Util Change" value ="80.000000" />
  <attribute name="Current GC Util Change" value="0.000000"/>
  <attribute name="Current Error" value="238.000000" />
  <attribute name="Output H" value="72755384"/>
  <attribute name="Output I" value="2440"/>
  <attribute name="Output T" value="16"/>
  <attribute name= "Current Time Running" value="139445" />
  <attribute name="GC Util currently" value="0" />
  <attribute name="CPU Util currently" value="2084512487" />
<allocation-satisfied id="3166" threadId="0000000000AEAF00" bytesRequested="32" />
<af-end id="3167" timestamp="2019-08-08T09:22:28.294" threadId="0000000000AEB888" success="true" from="nursery"/>
<exclusive-end id="3168" timestamp="2019-08-08T09:22:28.294" durationms="3.021" />

<exclusive-start id="3169" timestamp="2019-08-08T09:22:28.624" intervalms="333.081">
  <response-info timems="0.728" idlems="0.391" threads="1" lastid="0000000000AEEB00" lastname="JIT Compilation Thread-0" />
</exclusive-start>
<af-start id="3170" threadId="0000000000AEB888" totalBytesRequested="32" timestamp="2019-08-08T09:22:28.624" intervalms="333.105" type="nursery" />
<cycle-start id="3171" type="scavenge" contextid="0" timestamp="2019-08-08T09:22:28.624" intervalms="333.176" />
<gc-start id="3172" type="scavenge" contextid="3171" timestamp="2019-08-08T09:22:28.624">
  <mem-info id="3173" free="1690424" total="72679424" percent="2">
    <mem type="nursery" free="0" total="52822016" percent="0">
      <mem type="allocate" free="0" total="47513600" percent="0" />
      <mem type="survivor" free="0" total="5308416" percent="0" />
    </mem>
    <mem type="tenure" free="1690424" total="19857408" percent="8">
      <mem type="soa" free="1492792" total="19659776" percent="7" />
      <mem type="loa" free="197632" total="197632" percent="100" />
    </mem>
    <remembered-set count="127" />
  </mem-info>
</gc-start>
<allocation-stats totalBytes="47454024" >
  <allocated-bytes non-tlh="32" tlh="47453992" />
  <largest-consumer threadName="main" threadId="0000000000AEAF00" bytes="47454024" />
</allocation-stats>
<gc-op id="3174" type="scavenge" timems="3.097" contextid="3171" timestamp="2019-08-08T09:22:28.628">
  <scavenger-info tenureage="3" tenuremask="ffe8" tiltratio="89" />
  <memory-copied type="nursery" objects="65" bytes="1832" bytesdiscarded="61912" />
  <memory-copied type="tenure" objects="7" bytes="160" bytesdiscarded="0" />
  <references type="weak" candidates="18" cleared="0" enqueued="0" />
</gc-op>
<gc-end id="3175" type="scavenge" contextid="3171" durationms="4.116" usertimems="9.076" systemtimems="0.000" timestamp="2019-08-08T09:22:28.628" activeThreads="16">
  <mem-info id="3176" free="49140280" total="72679424" percent="67">
    <mem type="nursery" free="47449856" total="52822016" percent="89">
      <mem type="allocate" free="47449856" total="47513600" percent="99" />
      <mem type="survivor" free="0" total="5308416" percent="0" />
    </mem>
    <mem type="tenure" free="1690424" total="19857408" percent="8" macro-fragmented="0">
      <mem type="soa" free="1492792" total="19659776" percent="7" />
      <mem type="loa" free="197632" total="197632" percent="100" />
    </mem>
    <remembered-set count="122" />
  </mem-info>
</gc-end>
<cycle-end id="3177" type="scavenge" contextid="3171" timestamp="2019-08-08T09:22:28.629" />
  <attribute name="elasticGC enabled" value="1" />
  <attribute name= "numThreadsSpecified" value="16" />
  <attribute name="heapSize specified" value="43057152" />
  <attribute name="Current GC Util" value="1" />
  <attribute name= "Current Time Running" value="139778" />
  <attribute name ="GC Interval" value="2577" />
  <attribute name="Target GC Util Change" value ="80.000000" />
  <attribute name="Current GC Util Change" value="1.000000"/>
  <attribute name="Current Error" value="317.000000" />
  <attribute name="Output H" value="72755472"/>
  <attribute name="Output I" value="2576"/>
  <attribute name="Output T" value="16"/>
  <attribute name= "Current Time Running" value="139778" />
  <attribute name="GC Util currently" value="1" />
  <attribute name="CPU Util currently" value="3455687899" />
<allocation-satisfied id="3178" threadId="0000000000AEAF00" bytesRequested="32" />
<af-end id="3179" timestamp="2019-08-08T09:22:28.629" threadId="0000000000AEB888" success="true" from="nursery"/>
<exclusive-end id="3180" timestamp="2019-08-08T09:22:28.629" durationms="4.763" />

<exclusive-start id="3181" timestamp="2019-08-08T09:22:28.787" intervalms="163.073">
  <response-info timems="0.193" idlems="0.193" threads="0" lastid="0000000000AEAF00" lastname="main" />
</exclusive-start>
<af-start id="3182" threadId="0000000000AEB888" totalBytesRequested="16" timestamp="2019-08-08T09:22:28.787" intervalms="163.061" type="nursery" />
<cycle-start id="3183" type="scavenge" contextid="0" timestamp="2019-08-08T09:22:28.787" intervalms="162.977" />
<gc-start id="3184" type="scavenge" contextid="3183" timestamp="2019-08-08T09:22:28.787">
  <mem-info id="3185" free="1690424" total="72679424" percent="2">
    <mem type="nursery" free="0" total="52822016" percent="0">
      <mem type="allocate" free="0" total="47513600" percent="0" />
      <mem type="survivor" free="0" total="5308416" percent="0" />
    </mem>
    <mem type="tenure" free="1690424" total="19857408" percent="8">
      <mem type="soa" free="1492792" total="19659776" percent="7" />
      <mem type="loa" free="197632" total="197632" percent="100" />
    </mem>
    <remembered-set count="124" />
  </mem-info>
</gc-start>
<allocation-stats totalBytes="47403920" >
  <allocated-bytes non-tlh="32" tlh="47403888" />
  <largest-consumer threadName="main" threadId="0000000000AEAF00" bytes="47403920" />
</allocation-stats>
<gc-op id="3186" type="scavenge" timems="1.728" contextid="3183" timestamp="2019-08-08T09:22:28.789">
  <scavenger-info tenureage="5" tenuremask="ffe0" tiltratio="89" />
  <memory-copied type="nursery" objects="73" bytes="3128" bytesdiscarded="69064" />
  <references type="weak" candidates="18" cleared="0" enqueued="0" />
</gc-op>
<gc-end id="3187" type="scavenge" contextid="3183" durationms="2.308" usertimems="5.188" systemtimems="0.000" timestamp="2019-08-08T09:22:28.789" activeThreads="16">
  <mem-info id="3188" free="49131832" total="72679424" percent="67">
    <mem type="nursery" free="47441408" total="52822016" percent="89">
      <mem type="allocate" free="47441408" total="47513600" percent="99" />
      <mem type="survivor" free="0" total="5308416" percent="0" />
    </mem>
    <mem type="tenure" free="1690424" total="19857408" percent="8" macro-fragmented="723458">
      <mem type="soa" free="1492792" total="19659776" percent="7" />
      <mem type="loa" free="197632" total="197632" percent="100" />
    </mem>
    <remembered-set count="124" />
  </mem-info>
</gc-end>
<cycle-end id="3189" type="scavenge" contextid="3183" timestamp="2019-08-08T09:22:28.790" />
  <attribute name="elasticGC enabled" value="1" />
  <attribute name= "numThreadsSpecified" value="16" />
  <attribute name="heapSize specified" value="43057152" />
  <attribute name="Current GC Util" value="3" />
  <attribute name= "Current Time Running" value="139941" />
  <attribute name ="GC Interval" value="2713" />
  <attribute name="Target GC Util Change" value ="80.000000" />
  <attribute name="Current GC Util Change" value="3.000000"/>
  <attribute name="Current Error" value="394.000000" />
  <attribute name="Output H" value="72755560"/>
  <attribute name="Output I" value="2712"/>
  <attribute name="Output T" value="16"/>
  <attribute name= "Current Time Running" value="139941" />
  <attribute name="GC Util currently" value="3" />
  <attribute name="CPU Util currently" value="7096894588" />
<allocation-satisfied id="3190" threadId="0000000000AEAF00" bytesRequested="16" />
<af-end id="3191" timestamp="2019-08-08T09:22:28.790" threadId="0000000000AEB888" success="true" from="nursery"/>
<exclusive-end id="3192" timestamp="2019-08-08T09:22:28.790" durationms="2.727" />

<exclusive-start id="3193" timestamp="2019-08-08T09:22:28.835" intervalms="47.520">
  <response-info timems="0.212" idlems="0.212" threads="0" lastid="0000000000AEAF00" lastname="main" />
</exclusive-start>
<af-start id="3194" threadId="0000000000AEB888" totalBytesRequested="32" timestamp="2019-08-08T09:22:28.835" intervalms="47.536" type="nursery" />
<cycle-start id="3195" type="scavenge" contextid="0" timestamp="2019-08-08T09:22:28.835" intervalms="47.626" />
<gc-start id="3196" type="scavenge" contextid="3195" timestamp="2019-08-08T09:22:28.835">
  <mem-info id="3197" free="1690424" total="72679424" percent="2">
    <mem type="nursery" free="0" total="52822016" percent="0">
      <mem type="allocate" free="0" total="47513600" percent="0" />
      <mem type="survivor" free="0" total="5308416" percent="0" />
    </mem>
    <mem type="tenure" free="1690424" total="19857408" percent="8">
      <mem type="soa" free="1492792" total="19659776" percent="7" />
      <mem type="loa" free="197632" total="197632" percent="100" />
    </mem>
    <remembered-set count="124" />
  </mem-info>
</gc-start>
<allocation-stats totalBytes="47357384" >
  <allocated-bytes non-tlh="16" tlh="47357368" />
  <largest-consumer threadName="main" threadId="0000000000AEAF00" bytes="47357384" />
</allocation-stats>
<gc-op id="3198" type="scavenge" timems="2.355" contextid="3195" timestamp="2019-08-08T09:22:28.837">
  <scavenger-info tenureage="3" tenuremask="fff8" tiltratio="89" />
  <memory-copied type="nursery" objects="44" bytes="1856" bytesdiscarded="54208" />
  <memory-copied type="tenure" objects="25" bytes="608" bytesdiscarded="0" />
  <references type="weak" candidates="14" cleared="0" enqueued="0" />
</gc-op>
<gc-end id="3199" type="scavenge" contextid="3195" durationms="3.078" usertimems="8.403" systemtimems="0.000" timestamp="2019-08-08T09:22:28.838" activeThreads="16">
  <mem-info id="3200" free="49124152" total="72679424" percent="67">
    <mem type="nursery" free="47457536" total="52822016" percent="89">
      <mem type="allocate" free="47457536" total="47513600" percent="99" />
      <mem type="survivor" free="0" total="5308416" percent="0" />
    </mem>
    <mem type="tenure" free="1666616" total="19857408" percent="8" macro-fragmented="0">
      <mem type="soa" free="1468984" total="19659776" percent="7" />
      <mem type="loa" free="197632" total="197632" percent="100" />
    </mem>
    <remembered-set count="118" />
  </mem-info>
</gc-end>
<cycle-end id="3201" type="scavenge" contextid="3195" timestamp="2019-08-08T09:22:28.838" />
  <attribute name="elasticGC enabled" value="1" />
  <attribute name= "numThreadsSpecified" value="16" />
  <attribute name="heapSize specified" value="43057152" />
  <attribute name="Current GC Util" value="6" />
  <attribute name= "Current Time Running" value="139989" />
  <attribute name ="GC Interval" value="2849" />
  <attribute name="Target GC Util Change" value ="80.000000" />
  <attribute name="Current GC Util Change" value="6.000000"/>
  <attribute name="Current Error" value="468.000000" />
  <attribute name="Output H" value="72755648"/>
  <attribute name="Output I" value="2848"/>
  <attribute name="Output T" value="16"/>
  <attribute name= "Current Time Running" value="139989" />
  <attribute name="GC Util currently" value="6" />
  <attribute name="CPU Util currently" value="24108263287" />
<allocation-satisfied id="3202" threadId="0000000000AEAF00" bytesRequested="32" />
<af-end id="3203" timestamp="2019-08-08T09:22:28.838" threadId="0000000000AEB888" success="true" from="nursery"/>
<exclusive-end id="3204" timestamp="2019-08-08T09:22:28.838" durationms="3.727" />

<exclusive-start id="3205" timestamp="2019-08-08T09:22:28.883" intervalms="48.021">
  <response-info timems="0.427" idlems="0.235" threads="1" lastid="0000000000AF6300" lastname="JIT Compilation Thread-2" />
</exclusive-start>
<af-start id="3206" threadId="0000000000AEB888" totalBytesRequested="24" timestamp="2019-08-08T09:22:28.883" intervalms="48.002" type="nursery" />
<cycle-start id="3207" type="scavenge" contextid="0" timestamp="2019-08-08T09:22:28.883" intervalms="47.930" />
<gc-start id="3208" type="scavenge" contextid="3207" timestamp="2019-08-08T09:22:28.883">
  <mem-info id="3209" free="1666616" total="72679424" percent="2">
    <mem type="nursery" free="0" total="52822016" percent="0">
      <mem type="allocate" free="0" total="47513600" percent="0" />
      <mem type="survivor" free="0" total="5308416" percent="0" />
    </mem>
    <mem type="tenure" free="1666616" total="19857408" percent="8">
      <mem type="soa" free="1468984" total="19659776" percent="7" />
      <mem type="loa" free="197632" total="197632" percent="100" />
    </mem>
    <remembered-set count="118" />
  </mem-info>
</gc-start>
<allocation-stats totalBytes="47373200" >
  <allocated-bytes non-tlh="32" tlh="47373168" />
  <largest-consumer threadName="main" threadId="0000000000AEAF00" bytes="47373200" />
</allocation-stats>
<gc-op id="3210" type="scavenge" timems="1.099" contextid="3207" timestamp="2019-08-08T09:22:28.884">
  <scavenger-info tenureage="3" tenuremask="ffd8" tiltratio="89" />
  <memory-copied type="nursery" objects="24" bytes="1280" bytesdiscarded="30976" />
  <memory-copied type="tenure" objects="21" bytes="608" bytesdiscarded="0" />
</gc-op>
<gc-end id="3211" type="scavenge" contextid="3207" durationms="1.837" usertimems="3.078" systemtimems="0.000" timestamp="2019-08-08T09:22:28.885" activeThreads="16">
  <mem-info id="3212" free="49147960" total="72679424" percent="67">
    <mem type="nursery" free="47481344" total="52822016" percent="89">
      <mem type="allocate" free="47481344" total="47513600" percent="99" />
      <mem type="survivor" free="0" total="5308416" percent="0" />
    </mem>
    <mem type="tenure" free="1666616" total="19857408" percent="8" macro-fragmented="0">
      <mem type="soa" free="1468984" total="19659776" percent="7" />
      <mem type="loa" free="197632" total="197632" percent="100" />
    </mem>
    <remembered-set count="115" />
  </mem-info>
</gc-end>
<cycle-end id="3213" type="scavenge" contextid="3207" timestamp="2019-08-08T09:22:28.885" />
  <attribute name="elasticGC enabled" value="1" />
  <attribute name= "numThreadsSpecified" value="16" />
  <attribute name="heapSize specified" value="43057152" />
  <attribute name="Current GC Util" value="8" />
  <attribute name= "Current Time Running" value="140037" />
  <attribute name ="GC Interval" value="2137" />
  <attribute name="Target GC Util Change" value ="80.000000" />
  <attribute name="Current GC Util Change" value="8.000000"/>
  <attribute name="Current Error" value="72.000000" />
  <attribute name="Output H" value="72755192"/>
  <attribute name="Output I" value="2136"/>
  <attribute name="Output T" value="16"/>
  <attribute name= "Current Time Running" value="140037" />
  <attribute name="GC Util currently" value="8" />
  <attribute name="CPU Util currently" value="23992087757" />
<allocation-satisfied id="3214" threadId="0000000000AEAF00" bytesRequested="24" />
<af-end id="3215" timestamp="2019-08-08T09:22:28.885" threadId="0000000000AEB888" success="true" from="nursery"/>
<exclusive-end id="3216" timestamp="2019-08-08T09:22:28.885" durationms="2.582" />

<exclusive-start id="3217" timestamp="2019-08-08T09:22:28.923" intervalms="40.930">
  <response-info timems="0.063" idlems="0.063" threads="0" lastid="0000000000AEAF00" lastname="main" />
</exclusive-start>
<af-start id="3218" threadId="0000000000AEB888" totalBytesRequested="584" timestamp="2019-08-08T09:22:28.924" intervalms="40.898" type="nursery" />
<cycle-start id="3219" type="scavenge" contextid="0" timestamp="2019-08-08T09:22:28.924" intervalms="40.901" />
<gc-start id="3220" type="scavenge" contextid="3219" timestamp="2019-08-08T09:22:28.924">
  <mem-info id="3221" free="1666616" total="72679424" percent="2">
    <mem type="nursery" free="0" total="52822016" percent="0">
      <mem type="allocate" free="0" total="47513600" percent="0" />
      <mem type="survivor" free="0" total="5308416" percent="0" />
    </mem>
    <mem type="tenure" free="1666616" total="19857408" percent="8">
      <mem type="soa" free="1468984" total="19659776" percent="7" />
      <mem type="loa" free="197632" total="197632" percent="100" />
    </mem>
    <remembered-set count="115" />
  </mem-info>
</gc-start>
<allocation-stats totalBytes="47397520" >
  <allocated-bytes non-tlh="24" tlh="47397496" />
  <largest-consumer threadName="main" threadId="0000000000AEAF00" bytes="47397520" />
</allocation-stats>
<gc-op id="3222" type="scavenge" timems="2.119" contextid="3219" timestamp="2019-08-08T09:22:28.926">
  <scavenger-info tenureage="3" tenuremask="c008" tiltratio="89" />
  <memory-copied type="nursery" objects="3" bytes="72" bytesdiscarded="32184" />
  <memory-copied type="tenure" objects="22" bytes="1224" bytesdiscarded="0" />
</gc-op>
<gc-end id="3223" type="scavenge" contextid="3219" durationms="2.712" usertimems="7.655" systemtimems="0.000" timestamp="2019-08-08T09:22:28.927" activeThreads="16">
  <mem-info id="3224" free="49131832" total="72679424" percent="67">
    <mem type="nursery" free="47481344" total="52822016" percent="89">
      <mem type="allocate" free="47481344" total="47513600" percent="99" />
      <mem type="survivor" free="0" total="5308416" percent="0" />
    </mem>
    <mem type="tenure" free="1650488" total="19857408" percent="8" macro-fragmented="0">
      <mem type="soa" free="1452856" total="19659776" percent="7" />
      <mem type="loa" free="197632" total="197632" percent="100" />
    </mem>
    <remembered-set count="118" />
  </mem-info>
</gc-end>
<cycle-end id="3225" type="scavenge" contextid="3219" timestamp="2019-08-08T09:22:28.927" />
  <attribute name="elasticGC enabled" value="1" />
  <attribute name= "numThreadsSpecified" value="16" />
  <attribute name="heapSize specified" value="43057152" />
  <attribute name="Current GC Util" value="7" />
  <attribute name= "Current Time Running" value="140078" />
  <attribute name ="GC Interval" value="2273" />
  <attribute name="Target GC Util Change" value ="80.000000" />
  <attribute name="Current GC Util Change" value="7.000000"/>
  <attribute name="Current Error" value="145.000000" />
  <attribute name="Output H" value="72755272"/>
  <attribute name="Output I" value="2272"/>
  <attribute name="Output T" value="16"/>
  <attribute name= "Current Time Running" value="140078" />
  <attribute name="GC Util currently" value="7" />
  <attribute name="CPU Util currently" value="27978885806" />
<allocation-satisfied id="3226" threadId="0000000000AEAF00" bytesRequested="584" />
<af-end id="3227" timestamp="2019-08-08T09:22:28.927" threadId="0000000000AEB888" success="true" from="nursery"/>
<exclusive-end id="3228" timestamp="2019-08-08T09:22:28.927" durationms="3.710" />

<exclusive-start id="3229" timestamp="2019-08-08T09:22:29.150" intervalms="226.295">
  <response-info timems="0.076" idlems="0.076" threads="0" lastid="0000000000AEAF00" lastname="main" />
</exclusive-start>
<af-start id="3230" threadId="0000000000AEB888" totalBytesRequested="456" timestamp="2019-08-08T09:22:29.150" intervalms="226.296" type="nursery" />
<cycle-start id="3231" type="scavenge" contextid="0" timestamp="2019-08-08T09:22:29.150" intervalms="226.299" />
<gc-start id="3232" type="scavenge" contextid="3231" timestamp="2019-08-08T09:22:29.150">
  <mem-info id="3233" free="1650488" total="72679424" percent="2">
    <mem type="nursery" free="0" total="52822016" percent="0">
      <mem type="allocate" free="0" total="47513600" percent="0" />
      <mem type="survivor" free="0" total="5308416" percent="0" />
    </mem>
    <mem type="tenure" free="1650488" total="19857408" percent="8">
      <mem type="soa" free="1452856" total="19659776" percent="7" />
      <mem type="loa" free="197632" total="197632" percent="100" />
    </mem>
    <remembered-set count="125" />
  </mem-info>
</gc-start>
<allocation-stats totalBytes="47412712" >
  <allocated-bytes non-tlh="584" tlh="47412128" />
  <largest-consumer threadName="main" threadId="0000000000AEAF00" bytes="47412712" />
</allocation-stats>
<gc-op id="3234" type="scavenge" timems="3.905" contextid="3231" timestamp="2019-08-08T09:22:29.154">
  <scavenger-info tenureage="13" tenuremask="e000" tiltratio="89" />
  <memory-copied type="nursery" objects="36" bytes="1488" bytesdiscarded="14640" />
</gc-op>
<gc-end id="3235" type="scavenge" contextid="3231" durationms="4.520" usertimems="10.260" systemtimems="0.000" timestamp="2019-08-08T09:22:29.155" activeThreads="16">
  <mem-info id="3236" free="49147960" total="72679424" percent="67">
    <mem type="nursery" free="47497472" total="52822016" percent="89">
      <mem type="allocate" free="47497472" total="47513600" percent="99" />
      <mem type="survivor" free="0" total="5308416" percent="0" />
    </mem>
    <mem type="tenure" free="1650488" total="19857408" percent="8" macro-fragmented="0">
      <mem type="soa" free="1452856" total="19659776" percent="7" />
      <mem type="loa" free="197632" total="197632" percent="100" />
    </mem>
    <remembered-set count="125" />
  </mem-info>
</gc-end>
<cycle-end id="3237" type="scavenge" contextid="3231" timestamp="2019-08-08T09:22:29.155" />
  <attribute name="elasticGC enabled" value="1" />
  <attribute name= "numThreadsSpecified" value="16" />
  <attribute name="heapSize specified" value="43057152" />
  <attribute name="Current GC Util" value="2" />
  <attribute name= "Current Time Running" value="140304" />
  <attribute name ="GC Interval" value="2409" />
  <attribute name="Target GC Util Change" value ="80.000000" />
  <attribute name="Current GC Util Change" value="2.000000"/>
  <attribute name="Current Error" value="223.000000" />
  <attribute name="Output H" value="72755368"/>
  <attribute name="Output I" value="2408"/>
  <attribute name="Output T" value="16"/>
  <attribute name= "Current Time Running" value="140304" />
  <attribute name="GC Util currently" value="2" />
  <attribute name="CPU Util currently" value="5107074627" />
<allocation-satisfied id="3238" threadId="0000000000AEAF00" bytesRequested="456" />
<af-end id="3239" timestamp="2019-08-08T09:22:29.155" threadId="0000000000AEB888" success="true" from="nursery"/>
<exclusive-end id="3240" timestamp="2019-08-08T09:22:29.155" durationms="4.995" />

<exclusive-start id="3241" timestamp="2019-08-08T09:22:29.328" intervalms="178.112">
  <response-info timems="0.393" idlems="0.393" threads="0" lastid="0000000000AEAF00" lastname="main" />
</exclusive-start>
<af-start id="3242" threadId="0000000000AEB888" totalBytesRequested="24" timestamp="2019-08-08T09:22:29.328" intervalms="178.109" type="nursery" />
<cycle-start id="3243" type="scavenge" contextid="0" timestamp="2019-08-08T09:22:29.328" intervalms="178.104" />
<gc-start id="3244" type="scavenge" contextid="3243" timestamp="2019-08-08T09:22:29.328">
  <mem-info id="3245" free="1650488" total="72679424" percent="2">
    <mem type="nursery" free="0" total="52822016" percent="0">
      <mem type="allocate" free="0" total="47513600" percent="0" />
      <mem type="survivor" free="0" total="5308416" percent="0" />
    </mem>
    <mem type="tenure" free="1650488" total="19857408" percent="8">
      <mem type="soa" free="1452856" total="19659776" percent="7" />
      <mem type="loa" free="197632" total="197632" percent="100" />
    </mem>
    <remembered-set count="127" />
  </mem-info>
</gc-start>
<allocation-stats totalBytes="47451976" >
  <allocated-bytes non-tlh="456" tlh="47451520" />
  <largest-consumer threadName="main" threadId="0000000000AEAF00" bytes="47451976" />
</allocation-stats>
<gc-op id="3246" type="scavenge" timems="9.422" contextid="3243" timestamp="2019-08-08T09:22:29.338">
  <scavenger-info tenureage="13" tenuremask="e000" tiltratio="89" />
  <memory-copied type="nursery" objects="45" bytes="1880" bytesdiscarded="30376" />
</gc-op>
<heap-resize id="3247" type="expand" space="nursery" amount="1966080" count="1" timems="0.025" reason="excessive time being spent scavenging" timestamp="2019-08-08T09:22:29.338" />
<gc-end id="3248" type="scavenge" contextid="3243" durationms="10.336" usertimems="28.458" systemtimems="0.000" timestamp="2019-08-08T09:22:29.338" activeThreads="16">
  <mem-info id="3249" free="50901304" total="74645504" percent="68">
    <mem type="nursery" free="49250816" total="54788096" percent="89">
      <mem type="allocate" free="49250816" total="49283072" percent="99" />
      <mem type="survivor" free="0" total="5505024" percent="0" />
    </mem>
    <mem type="tenure" free="1650488" total="19857408" percent="8" macro-fragmented="0">
      <mem type="soa" free="1452856" total="19659776" percent="7" />
      <mem type="loa" free="197632" total="197632" percent="100" />
    </mem>
    <remembered-set count="118" />
  </mem-info>
</gc-end>
<cycle-end id="3250" type="scavenge" contextid="3243" timestamp="2019-08-08T09:22:29.339" />
  <attribute name="elasticGC enabled" value="1" />
  <attribute name= "numThreadsSpecified" value="16" />
  <attribute name="heapSize specified" value="43057152" />
  <attribute name="Current GC Util" value="1" />
  <attribute name= "Current Time Running" value="140482" />
  <attribute name ="GC Interval" value="2553" />
  <attribute name="Target GC Util Change" value ="80.000000" />
  <attribute name="Current GC Util Change" value="1.000000"/>
  <attribute name="Current Error" value="302.000000" />
  <attribute name="Output H" value="72755456"/>
  <attribute name="Output I" value="2552"/>
  <attribute name="Output T" value="16"/>
  <attribute name= "Current Time Running" value="140482" />
  <attribute name="GC Util currently" value="1" />
  <attribute name="CPU Util currently" value="6475142846" />
<allocation-satisfied id="3251" threadId="0000000000AEAF00" bytesRequested="24" />
<af-end id="3252" timestamp="2019-08-08T09:22:29.339" threadId="0000000000AEB888" success="true" from="nursery"/>
<exclusive-end id="3253" timestamp="2019-08-08T09:22:29.339" durationms="10.710" />

<exclusive-start id="3254" timestamp="2019-08-08T09:22:29.407" intervalms="79.117">
  <response-info timems="0.224" idlems="0.224" threads="0" lastid="0000000000AEAF00" lastname="main" />
</exclusive-start>
<af-start id="3255" threadId="0000000000AEB888" totalBytesRequested="208" timestamp="2019-08-08T09:22:29.407" intervalms="79.121" type="nursery" />
<cycle-start id="3256" type="scavenge" contextid="0" timestamp="2019-08-08T09:22:29.407" intervalms="79.146" />
<gc-start id="3257" type="scavenge" contextid="3256" timestamp="2019-08-08T09:22:29.407">
  <mem-info id="3258" free="1650488" total="74645504" percent="2">
    <mem type="nursery" free="0" total="54788096" percent="0">
      <mem type="allocate" free="0" total="49283072" percent="0" />
      <mem type="survivor" free="0" total="5505024" percent="0" />
    </mem>
    <mem type="tenure" free="1650488" total="19857408" percent="8">
      <mem type="soa" free="1452856" total="19659776" percent="7" />
      <mem type="loa" free="197632" total="197632" percent="100" />
    </mem>
    <remembered-set count="118" />
  </mem-info>
</gc-start>
<allocation-stats totalBytes="49215120" >
  <allocated-bytes non-tlh="24" tlh="49215096" />
  <largest-consumer threadName="main" threadId="0000000000AEAF00" bytes="49215120" />
</allocation-stats>
<gc-op id="3259" type="scavenge" timems="4.297" contextid="3256" timestamp="2019-08-08T09:22:29.412">
  <scavenger-info tenureage="14" tenuremask="c000" tiltratio="89" />
  <memory-copied type="nursery" objects="45" bytes="1720" bytesdiscarded="30536" />
</gc-op>
<gc-end id="3260" type="scavenge" contextid="3256" durationms="4.989" usertimems="15.855" systemtimems="0.000" timestamp="2019-08-08T09:22:29.412" activeThreads="16">
  <mem-info id="3261" free="50901304" total="74645504" percent="68">
    <mem type="nursery" free="49250816" total="54788096" percent="89">
      <mem type="allocate" free="49250816" total="49283072" percent="99" />
      <mem type="survivor" free="0" total="5505024" percent="0" />
    </mem>
    <mem type="tenure" free="1650488" total="19857408" percent="8" macro-fragmented="0">
      <mem type="soa" free="1452856" total="19659776" percent="7" />
      <mem type="loa" free="197632" total="197632" percent="100" />
    </mem>
    <remembered-set count="118" />
  </mem-info>
</gc-end>
<cycle-end id="3262" type="scavenge" contextid="3256" timestamp="2019-08-08T09:22:29.413" />
  <attribute name="elasticGC enabled" value="1" />
  <attribute name= "numThreadsSpecified" value="16" />
  <attribute name="heapSize specified" value="43057152" />
  <attribute name="Current GC Util" value="14" />
  <attribute name= "Current Time Running" value="140561" />
  <attribute name ="GC Interval" value="2673" />
  <attribute name="Target GC Util Change" value ="80.000000" />
  <attribute name="Current GC Util Change" value="14.000000"/>
  <attribute name="Current Error" value="368.000000" />
  <attribute name="Output H" value="74721608"/>
  <attribute name="Output I" value="2672"/>
  <attribute name="Output T" value="16"/>
  <attribute name= "Current Time Running" value="140561" />
  <attribute name="GC Util currently" value="14" />
  <attribute name="CPU Util currently" value="14563678080" />
<allocation-satisfied id="3263" threadId="0000000000AEAF00" bytesRequested="208" />
<af-end id="3264" timestamp="2019-08-08T09:22:29.413" threadId="0000000000AEB888" success="true" from="nursery"/>
<exclusive-end id="3265" timestamp="2019-08-08T09:22:29.413" durationms="5.676" />

<exclusive-start id="3266" timestamp="2019-08-08T09:22:29.858" intervalms="450.719">
  <response-info timems="0.072" idlems="0.072" threads="0" lastid="0000000000AEAF00" lastname="main" />
</exclusive-start>
<af-start id="3267" threadId="0000000000AEB888" totalBytesRequested="2008" timestamp="2019-08-08T09:22:29.858" intervalms="450.716" type="nursery" />
<cycle-start id="3268" type="scavenge" contextid="0" timestamp="2019-08-08T09:22:29.858" intervalms="450.691" />
<gc-start id="3269" type="scavenge" contextid="3268" timestamp="2019-08-08T09:22:29.858">
  <mem-info id="3270" free="1645592" total="74645504" percent="2">
    <mem type="nursery" free="0" total="54788096" percent="0">
      <mem type="allocate" free="0" total="49283072" percent="0" />
      <mem type="survivor" free="0" total="5505024" percent="0" />
    </mem>
    <mem type="tenure" free="1645592" total="19857408" percent="8">
      <mem type="soa" free="1447960" total="19659776" percent="7" />
      <mem type="loa" free="197632" total="197632" percent="100" />
    </mem>
    <remembered-set count="322" />
  </mem-info>
</gc-start>
<allocation-stats totalBytes="49182824" >
  <allocated-bytes non-tlh="5104" tlh="49177720" />
  <largest-consumer threadName="main" threadId="0000000000AEAF00" bytes="49182824" />
</allocation-stats>
<gc-op id="3271" type="scavenge" timems="1.653" contextid="3268" timestamp="2019-08-08T09:22:29.860">
  <scavenger-info tenureage="3" tenuremask="e008" tiltratio="89" />
  <memory-copied type="nursery" objects="965" bytes="49568" bytesdiscarded="44768" />
  <memory-copied type="tenure" objects="15" bytes="344" bytesdiscarded="0" />
  <references type="soft" candidates="16" cleared="0" enqueued="0" dynamicThreshold="2" maxThreshold="32" />
  <references type="weak" candidates="64" cleared="18" enqueued="11" />
</gc-op>
<gc-end id="3272" type="scavenge" contextid="3268" durationms="2.005" usertimems="4.644" systemtimems="0.000" timestamp="2019-08-08T09:22:29.860" activeThreads="16">
  <mem-info id="3273" free="50834328" total="74645504" percent="68">
    <mem type="nursery" free="49188736" total="54788096" percent="89">
      <mem type="allocate" free="49188736" total="49283072" percent="99" />
      <mem type="survivor" free="0" total="5505024" percent="0" />
    </mem>
    <mem type="tenure" free="1645592" total="19857408" percent="8" macro-fragmented="0">
      <mem type="soa" free="1447960" total="19659776" percent="7" />
      <mem type="loa" free="197632" total="197632" percent="100" />
    </mem>
    <pending-finalizers system="0" default="0" reference="11" classloader="0" />
    <remembered-set count="214" />
  </mem-info>
</gc-end>
<cycle-end id="3274" type="scavenge" contextid="3268" timestamp="2019-08-08T09:22:29.860" />
  <attribute name="elasticGC enabled" value="1" />
  <attribute name= "numThreadsSpecified" value="16" />
  <attribute name="heapSize specified" value="43057152" />
  <attribute name="Current GC Util" value="3" />
  <attribute name= "Current Time Running" value="141012" />
  <attribute name ="GC Interval" value="2809" />
  <attribute name="Target GC Util Change" value ="80.000000" />
  <attribute name="Current GC Util Change" value="3.000000"/>
  <attribute name="Current Error" value="445.000000" />
  <attribute name="Output H" value="74721704"/>
  <attribute name="Output I" value="2808"/>
  <attribute name="Output T" value="16"/>
  <attribute name= "Current Time Running" value="141012" />
  <attribute name="GC Util currently" value="3" />
  <attribute name="CPU Util currently" value="2558174369" />
<allocation-satisfied id="3275" threadId="0000000000AEAF00" bytesRequested="2008" />
<af-end id="3276" timestamp="2019-08-08T09:22:29.860" threadId="0000000000AEB888" success="true" from="nursery"/>
<exclusive-end id="3277" timestamp="2019-08-08T09:22:29.860" durationms="2.357" />

<exclusive-start id="3278" timestamp="2019-08-08T09:22:30.180" intervalms="321.865">
  <response-info timems="0.294" idlems="0.294" threads="0" lastid="0000000000AEAF00" lastname="main" />
</exclusive-start>
<af-start id="3279" threadId="0000000000AEB888" totalBytesRequested="32" timestamp="2019-08-08T09:22:30.180" intervalms="321.915" type="nursery" />
<cycle-start id="3280" type="scavenge" contextid="0" timestamp="2019-08-08T09:22:30.180" intervalms="321.973" />
<gc-start id="3281" type="scavenge" contextid="3280" timestamp="2019-08-08T09:22:30.180">
  <mem-info id="3282" free="1645592" total="74645504" percent="2">
    <mem type="nursery" free="0" total="54788096" percent="0">
      <mem type="allocate" free="0" total="49283072" percent="0" />
      <mem type="survivor" free="0" total="5505024" percent="0" />
    </mem>
    <mem type="tenure" free="1645592" total="19857408" percent="8">
      <mem type="soa" free="1447960" total="19659776" percent="7" />
      <mem type="loa" free="197632" total="197632" percent="100" />
    </mem>
    <remembered-set count="218" />
  </mem-info>
</gc-start>
<allocation-stats totalBytes="49131872" >
  <allocated-bytes non-tlh="2008" tlh="49129864" />
  <largest-consumer threadName="main" threadId="0000000000AEAF00" bytes="49127776" />
</allocation-stats>
<gc-op id="3283" type="scavenge" timems="6.093" contextid="3280" timestamp="2019-08-08T09:22:30.186">
  <scavenger-info tenureage="5" tenuremask="ffe0" tiltratio="89" />
  <memory-copied type="nursery" objects="975" bytes="49128" bytesdiscarded="75808" />
  <references type="soft" candidates="16" cleared="0" enqueued="0" dynamicThreshold="2" maxThreshold="32" />
  <references type="weak" candidates="64" cleared="0" enqueued="0" />
</gc-op>
<gc-end id="3284" type="scavenge" contextid="3280" durationms="6.599" usertimems="8.629" systemtimems="0.000" timestamp="2019-08-08T09:22:30.186" activeThreads="16">
  <mem-info id="3285" free="50803728" total="74645504" percent="68">
    <mem type="nursery" free="49158136" total="54788096" percent="89">
      <mem type="allocate" free="49158136" total="49283072" percent="99" />
      <mem type="survivor" free="0" total="5505024" percent="0" />
    </mem>
    <mem type="tenure" free="1645592" total="19857408" percent="8" macro-fragmented="0">
      <mem type="soa" free="1447960" total="19659776" percent="7" />
      <mem type="loa" free="197632" total="197632" percent="100" />
    </mem>
    <remembered-set count="217" />
  </mem-info>
</gc-end>
<cycle-end id="3286" type="scavenge" contextid="3280" timestamp="2019-08-08T09:22:30.187" />
  <attribute name="elasticGC enabled" value="1" />
  <attribute name= "numThreadsSpecified" value="16" />
  <attribute name="heapSize specified" value="43057152" />
  <attribute name="Current GC Util" value="1" />
  <attribute name= "Current Time Running" value="141334" />
  <attribute name ="GC Interval" value="2153" />
  <attribute name="Target GC Util Change" value ="80.000000" />
  <attribute name="Current GC Util Change" value="1.000000"/>
  <attribute name="Current Error" value="79.000000" />
  <attribute name="Output H" value="74721280"/>
  <attribute name="Output I" value="2152"/>
  <attribute name="Output T" value="16"/>
  <attribute name= "Current Time Running" value="141334" />
  <attribute name="GC Util currently" value="1" />
  <attribute name="CPU Util currently" value="3580872185" />
<allocation-satisfied id="3287" threadId="0000000000AEAF00" bytesRequested="32" />
<af-end id="3288" timestamp="2019-08-08T09:22:30.187" threadId="0000000000AEB888" success="true" from="nursery"/>
<exclusive-end id="3289" timestamp="2019-08-08T09:22:30.187" durationms="7.785" />

<exclusive-start id="3290" timestamp="2019-08-08T09:22:30.878" intervalms="698.898">
  <response-info timems="0.063" idlems="0.063" threads="0" lastid="0000000000AEAF00" lastname="main" />
</exclusive-start>
<af-start id="3291" threadId="0000000000AEB888" totalBytesRequested="80" timestamp="2019-08-08T09:22:30.879" intervalms="698.883" type="nursery" />
<cycle-start id="3292" type="scavenge" contextid="0" timestamp="2019-08-08T09:22:30.879" intervalms="698.819" />
<gc-start id="3293" type="scavenge" contextid="3292" timestamp="2019-08-08T09:22:30.879">
  <mem-info id="3294" free="1645592" total="74645504" percent="2">
    <mem type="nursery" free="0" total="54788096" percent="0">
      <mem type="allocate" free="0" total="49283072" percent="0" />
      <mem type="survivor" free="0" total="5505024" percent="0" />
    </mem>
    <mem type="tenure" free="1645592" total="19857408" percent="8">
      <mem type="soa" free="1447960" total="19659776" percent="7" />
      <mem type="loa" free="197632" total="197632" percent="100" />
    </mem>
    <remembered-set count="219" />
  </mem-info>
</gc-start>
<allocation-stats totalBytes="49150568" >
  <allocated-bytes non-tlh="32" tlh="49150536" />
  <largest-consumer threadName="main" threadId="0000000000AEAF00" bytes="49150568" />
</allocation-stats>
<gc-op id="3295" type="scavenge" timems="2.346" contextid="3292" timestamp="2019-08-08T09:22:30.881">
  <scavenger-info tenureage="3" tenuremask="fff8" tiltratio="89" />
  <memory-copied type="nursery" objects="987" bytes="49568" bytesdiscarded="83048" />
  <memory-copied type="tenure" objects="7" bytes="160" bytesdiscarded="0" />
  <references type="soft" candidates="16" cleared="0" enqueued="0" dynamicThreshold="2" maxThreshold="32" />
  <references type="weak" candidates="80" cleared="0" enqueued="0" />
</gc-op>
<gc-end id="3296" type="scavenge" contextid="3292" durationms="2.762" usertimems="6.922" systemtimems="0.000" timestamp="2019-08-08T09:22:30.881" activeThreads="16">
  <mem-info id="3297" free="50796048" total="74645504" percent="68">
    <mem type="nursery" free="49150456" total="54788096" percent="89">
      <mem type="allocate" free="49150456" total="49283072" percent="99" />
      <mem type="survivor" free="0" total="5505024" percent="0" />
    </mem>
    <mem type="tenure" free="1645592" total="19857408" percent="8" macro-fragmented="0">
      <mem type="soa" free="1447960" total="19659776" percent="7" />
      <mem type="loa" free="197632" total="197632" percent="100" />
    </mem>
    <remembered-set count="174" />
  </mem-info>
</gc-end>
<cycle-end id="3298" type="scavenge" contextid="3292" timestamp="2019-08-08T09:22:30.882" />
  <attribute name="elasticGC enabled" value="1" />
  <attribute name= "numThreadsSpecified" value="16" />
  <attribute name="heapSize specified" value="43057152" />
  <attribute name="Current GC Util" value="0" />
  <attribute name= "Current Time Running" value="142033" />
  <attribute name ="GC Interval" value="2297" />
  <attribute name="Target GC Util Change" value ="80.000000" />
  <attribute name="Current GC Util Change" value="0.000000"/>
  <attribute name="Current Error" value="159.000000" />
  <attribute name="Output H" value="74721368"/>
  <attribute name="Output I" value="2296"/>
  <attribute name="Output T" value="16"/>
  <attribute name= "Current Time Running" value="142033" />
  <attribute name="GC Util currently" value="0" />
  <attribute name="CPU Util currently" value="1649466363" />
<allocation-satisfied id="3299" threadId="0000000000AEAF00" bytesRequested="80" />
<af-end id="3300" timestamp="2019-08-08T09:22:30.882" threadId="0000000000AEB888" success="true" from="nursery"/>
<exclusive-end id="3301" timestamp="2019-08-08T09:22:30.882" durationms="3.146" />

<exclusive-start id="3302" timestamp="2019-08-08T09:22:31.039" intervalms="160.227">
  <response-info timems="0.060" idlems="0.060" threads="0" lastid="0000000000AEAF00" lastname="main" />
</exclusive-start>
<af-start id="3303" threadId="0000000000AEB888" totalBytesRequested="80" timestamp="2019-08-08T09:22:31.039" intervalms="160.198" type="nursery" />
<cycle-start id="3304" type="scavenge" contextid="0" timestamp="2019-08-08T09:22:31.039" intervalms="160.432" />
<gc-start id="3305" type="scavenge" contextid="3304" timestamp="2019-08-08T09:22:31.039">
  <mem-info id="3306" free="1645592" total="74645504" percent="2">
    <mem type="nursery" free="0" total="54788096" percent="0">
      <mem type="allocate" free="0" total="49283072" percent="0" />
      <mem type="survivor" free="0" total="5505024" percent="0" />
    </mem>
    <mem type="tenure" free="1645592" total="19857408" percent="8">
      <mem type="soa" free="1447960" total="19659776" percent="7" />
      <mem type="loa" free="197632" total="197632" percent="100" />
    </mem>
    <remembered-set count="174" />
  </mem-info>
</gc-start>
<allocation-stats totalBytes="49141256" >
  <allocated-bytes non-tlh="80" tlh="49141176" />
  <largest-consumer threadName="main" threadId="0000000000AEAF00" bytes="49141256" />
</allocation-stats>
<gc-op id="3307" type="scavenge" timems="3.917" contextid="3304" timestamp="2019-08-08T09:22:31.043">
  <scavenger-info tenureage="3" tenuremask="ffd8" tiltratio="89" />
  <memory-copied type="nursery" objects="70" bytes="4656" bytesdiscarded="75216" />
  <memory-copied type="tenure" objects="919" bytes="45008" bytesdiscarded="184" />
  <references type="weak" candidates="34" cleared="0" enqueued="0" />
</gc-op>
<gc-end id="3308" type="scavenge" contextid="3304" durationms="4.223" usertimems="13.280" systemtimems="0.000" timestamp="2019-08-08T09:22:31.043" activeThreads="16">
  <mem-info id="3309" free="50803728" total="74645504" percent="68">
    <mem type="nursery" free="49203200" total="54788096" percent="89">
      <mem type="allocate" free="49203200" total="49283072" percent="99" />
      <mem type="survivor" free="0" total="5505024" percent="0" />
    </mem>
    <mem type="tenure" free="1600528" total="19857408" percent="8" macro-fragmented="0">
      <mem type="soa" free="1402896" total="19659776" percent="7" />
      <mem type="loa" free="197632" total="197632" percent="100" />
    </mem>
    <remembered-set count="120" />
  </mem-info>
</gc-end>
<cycle-end id="3310" type="scavenge" contextid="3304" timestamp="2019-08-08T09:22:31.043" />
  <attribute name="elasticGC enabled" value="1" />
  <attribute name= "numThreadsSpecified" value="16" />
  <attribute name="heapSize specified" value="43057152" />
  <attribute name="Current GC Util" value="3" />
  <attribute name= "Current Time Running" value="142193" />
  <attribute name ="GC Interval" value="2433" />
  <attribute name="Target GC Util Change" value ="80.000000" />
  <attribute name="Current GC Util Change" value="3.000000"/>
  <attribute name="Current Error" value="236.000000" />
  <attribute name="Output H" value="74721456"/>
  <attribute name="Output I" value="2432"/>
  <attribute name="Output T" value="16"/>
  <attribute name= "Current Time Running" value="142193" />
  <attribute name="GC Util currently" value="3" />
  <attribute name="CPU Util currently" value="7189223558" />
<allocation-satisfied id="3311" threadId="0000000000AEAF00" bytesRequested="80" />
<af-end id="3312" timestamp="2019-08-08T09:22:31.043" threadId="0000000000AEB888" success="true" from="nursery"/>
<exclusive-end id="3313" timestamp="2019-08-08T09:22:31.043" durationms="4.794" />

<exclusive-start id="3314" timestamp="2019-08-08T09:22:31.188" intervalms="149.456">
  <response-info timems="0.065" idlems="0.065" threads="0" lastid="0000000000AEAF00" lastname="main" />
</exclusive-start>
<af-start id="3315" threadId="0000000000AEB888" totalBytesRequested="80" timestamp="2019-08-08T09:22:31.188" intervalms="149.464" type="nursery" />
<cycle-start id="3316" type="scavenge" contextid="0" timestamp="2019-08-08T09:22:31.188" intervalms="149.245" />
<gc-start id="3317" type="scavenge" contextid="3316" timestamp="2019-08-08T09:22:31.188">
  <mem-info id="3318" free="1600528" total="74645504" percent="2">
    <mem type="nursery" free="0" total="54788096" percent="0">
      <mem type="allocate" free="0" total="49283072" percent="0" />
      <mem type="survivor" free="0" total="5505024" percent="0" />
    </mem>
    <mem type="tenure" free="1600528" total="19857408" percent="8">
      <mem type="soa" free="1402896" total="19659776" percent="7" />
      <mem type="loa" free="197632" total="197632" percent="100" />
    </mem>
    <remembered-set count="120" />
  </mem-info>
</gc-start>
<allocation-stats totalBytes="49194120" >
  <allocated-bytes non-tlh="80" tlh="49194040" />
  <largest-consumer threadName="main" threadId="0000000000AEAF00" bytes="49194120" />
</allocation-stats>
<gc-op id="3319" type="scavenge" timems="2.637" contextid="3316" timestamp="2019-08-08T09:22:31.191">
  <scavenger-info tenureage="3" tenuremask="ffe8" tiltratio="89" />
  <memory-copied type="nursery" objects="38" bytes="1224" bytesdiscarded="87096" />
  <memory-copied type="tenure" objects="30" bytes="3336" bytesdiscarded="0" />
  <references type="weak" candidates="16" cleared="0" enqueued="0" />
</gc-op>
<gc-end id="3320" type="scavenge" contextid="3316" durationms="2.955" usertimems="5.636" systemtimems="0.000" timestamp="2019-08-08T09:22:31.191" activeThreads="16">
  <mem-info id="3321" free="50779152" total="74645504" percent="68">
    <mem type="nursery" free="49194752" total="54788096" percent="89">
      <mem type="allocate" free="49194752" total="49283072" percent="99" />
      <mem type="survivor" free="0" total="5505024" percent="0" />
    </mem>
    <mem type="tenure" free="1584400" total="19857408" percent="7" macro-fragmented="0">
      <mem type="soa" free="1386768" total="19659776" percent="7" />
      <mem type="loa" free="197632" total="197632" percent="100" />
    </mem>
    <remembered-set count="113" />
  </mem-info>
</gc-end>
<cycle-end id="3322" type="scavenge" contextid="3316" timestamp="2019-08-08T09:22:31.191" />
  <attribute name="elasticGC enabled" value="1" />
  <attribute name= "numThreadsSpecified" value="16" />
  <attribute name="heapSize specified" value="43057152" />
  <attribute name="Current GC Util" value="6" />
  <attribute name= "Current Time Running" value="142342" />
  <attribute name ="GC Interval" value="2569" />
  <attribute name="Target GC Util Change" value ="80.000000" />
  <attribute name="Current GC Util Change" value="6.000000"/>
  <attribute name="Current Error" value="310.000000" />
  <attribute name="Output H" value="74721544"/>
  <attribute name="Output I" value="2568"/>
  <attribute name="Output T" value="16"/>
  <attribute name= "Current Time Running" value="142342" />
  <attribute name="GC Util currently" value="6" />
  <attribute name="CPU Util currently" value="7726911947" />
<allocation-satisfied id="3323" threadId="0000000000AEAF00" bytesRequested="80" />
<af-end id="3324" timestamp="2019-08-08T09:22:31.192" threadId="0000000000AEB888" success="true" from="nursery"/>
<exclusive-end id="3325" timestamp="2019-08-08T09:22:31.192" durationms="3.382" />

<exclusive-start id="3326" timestamp="2019-08-08T09:22:31.390" intervalms="201.756">
  <response-info timems="0.028" idlems="0.028" threads="0" lastid="0000000000AEAF00" lastname="main" />
</exclusive-start>
<af-start id="3327" threadId="0000000000AEB888" totalBytesRequested="24" timestamp="2019-08-08T09:22:31.390" intervalms="201.738" type="nursery" />
<cycle-start id="3328" type="scavenge" contextid="0" timestamp="2019-08-08T09:22:31.390" intervalms="201.700" />
<gc-start id="3329" type="scavenge" contextid="3328" timestamp="2019-08-08T09:22:31.390">
  <mem-info id="3330" free="1584400" total="74645504" percent="2">
    <mem type="nursery" free="0" total="54788096" percent="0">
      <mem type="allocate" free="0" total="49283072" percent="0" />
      <mem type="survivor" free="0" total="5505024" percent="0" />
    </mem>
    <mem type="tenure" free="1584400" total="19857408" percent="7">
      <mem type="soa" free="1386768" total="19659776" percent="7" />
      <mem type="loa" free="197632" total="197632" percent="100" />
    </mem>
    <remembered-set count="113" />
  </mem-info>
</gc-start>
<allocation-stats totalBytes="49185856" >
  <allocated-bytes non-tlh="80" tlh="49185776" />
  <largest-consumer threadName="main" threadId="0000000000AEAF00" bytes="49185856" />
</allocation-stats>
<gc-op id="3331" type="scavenge" timems="1.475" contextid="3328" timestamp="2019-08-08T09:22:31.392">
  <scavenger-info tenureage="3" tenuremask="ffe8" tiltratio="89" />
  <memory-copied type="nursery" objects="6" bytes="256" bytesdiscarded="47360" />
  <memory-copied type="tenure" objects="37" bytes="1200" bytesdiscarded="0" />
</gc-op>
<gc-end id="3332" type="scavenge" contextid="3328" durationms="1.850" usertimems="3.227" systemtimems="0.000" timestamp="2019-08-08T09:22:31.392" activeThreads="16">
  <mem-info id="3333" free="50803728" total="74645504" percent="68">
    <mem type="nursery" free="49235456" total="54788096" percent="89">
      <mem type="allocate" free="49235456" total="49283072" percent="99" />
      <mem type="survivor" free="0" total="5505024" percent="0" />
    </mem>
    <mem type="tenure" free="1568272" total="19857408" percent="7" macro-fragmented="0">
      <mem type="soa" free="1370640" total="19659776" percent="6" />
      <mem type="loa" free="197632" total="197632" percent="100" />
    </mem>
    <remembered-set count="115" />
  </mem-info>
</gc-end>
<cycle-end id="3334" type="scavenge" contextid="3328" timestamp="2019-08-08T09:22:31.392" />
  <attribute name="elasticGC enabled" value="1" />
  <attribute name= "numThreadsSpecified" value="16" />
  <attribute name="heapSize specified" value="43057152" />
  <attribute name="Current GC Util" value="1" />
  <attribute name= "Current Time Running" value="142544" />
  <attribute name ="GC Interval" value="2705" />
  <attribute name="Target GC Util Change" value ="80.000000" />
  <attribute name="Current GC Util Change" value="1.000000"/>
  <attribute name="Current Error" value="389.000000" />
  <attribute name="Output H" value="74721640"/>
  <attribute name="Output I" value="2704"/>
  <attribute name="Output T" value="16"/>
  <attribute name= "Current Time Running" value="142544" />
  <attribute name="GC Util currently" value="1" />
  <attribute name="CPU Util currently" value="5716336570" />
<allocation-satisfied id="3335" threadId="0000000000AEAF00" bytesRequested="24" />
<af-end id="3336" timestamp="2019-08-08T09:22:31.392" threadId="0000000000AEB888" success="true" from="nursery"/>
<exclusive-end id="3337" timestamp="2019-08-08T09:22:31.392" durationms="2.194" />

<exclusive-start id="3338" timestamp="2019-08-08T09:22:31.481" intervalms="91.418">
  <response-info timems="0.025" idlems="0.025" threads="0" lastid="0000000000AEAF00" lastname="main" />
</exclusive-start>
<af-start id="3339" threadId="0000000000AEB888" totalBytesRequested="584" timestamp="2019-08-08T09:22:31.481" intervalms="91.421" type="nursery" />
<cycle-start id="3340" type="scavenge" contextid="0" timestamp="2019-08-08T09:22:31.481" intervalms="91.424" />
<gc-start id="3341" type="scavenge" contextid="3340" timestamp="2019-08-08T09:22:31.482">
  <mem-info id="3342" free="1568272" total="74645504" percent="2">
    <mem type="nursery" free="0" total="54788096" percent="0">
      <mem type="allocate" free="0" total="49283072" percent="0" />
      <mem type="survivor" free="0" total="5505024" percent="0" />
    </mem>
    <mem type="tenure" free="1568272" total="19857408" percent="7">
      <mem type="soa" free="1370640" total="19659776" percent="6" />
      <mem type="loa" free="197632" total="197632" percent="100" />
    </mem>
    <remembered-set count="119" />
  </mem-info>
</gc-start>
<allocation-stats totalBytes="49187112" >
  <allocated-bytes non-tlh="24" tlh="49187088" />
  <largest-consumer threadName="main" threadId="0000000000AEAF00" bytes="49187112" />
</allocation-stats>
<gc-op id="3343" type="scavenge" timems="0.844" contextid="3340" timestamp="2019-08-08T09:22:31.482">
  <scavenger-info tenureage="3" tenuremask="ffe8" tiltratio="89" />
  <memory-copied type="nursery" objects="27" bytes="1368" bytesdiscarded="14760" />
</gc-op>
<gc-end id="3344" type="scavenge" contextid="3340" durationms="1.141" usertimems="1.607" systemtimems="0.000" timestamp="2019-08-08T09:22:31.483" activeThreads="16">
  <mem-info id="3345" free="50835216" total="74645504" percent="68">
    <mem type="nursery" free="49266944" total="54788096" percent="89">
      <mem type="allocate" free="49266944" total="49283072" percent="99" />
      <mem type="survivor" free="0" total="5505024" percent="0" />
    </mem>
    <mem type="tenure" free="1568272" total="19857408" percent="7" macro-fragmented="0">
      <mem type="soa" free="1370640" total="19659776" percent="6" />
      <mem type="loa" free="197632" total="197632" percent="100" />
    </mem>
    <remembered-set count="119" />
  </mem-info>
</gc-end>
<cycle-end id="3346" type="scavenge" contextid="3340" timestamp="2019-08-08T09:22:31.483" />
  <attribute name="elasticGC enabled" value="1" />
  <attribute name= "numThreadsSpecified" value="16" />
  <attribute name="heapSize specified" value="43057152" />
  <attribute name="Current GC Util" value="3" />
  <attribute name= "Current Time Running" value="142635" />
  <attribute name ="GC Interval" value="2841" />
  <attribute name="Target GC Util Change" value ="80.000000" />
  <attribute name="Current GC Util Change" value="3.000000"/>
  <attribute name="Current Error" value="466.000000" />
  <attribute name="Output H" value="74721728"/>
  <attribute name="Output I" value="2840"/>
  <attribute name="Output T" value="16"/>
  <attribute name= "Current Time Running" value="142635" />
  <attribute name="GC Util currently" value="3" />
  <attribute name="CPU Util currently" value="12610120718" />
<allocation-satisfied id="3347" threadId="0000000000AEAF00" bytesRequested="584" />
<af-end id="3348" timestamp="2019-08-08T09:22:31.483" threadId="0000000000AEB888" success="true" from="nursery"/>
<exclusive-end id="3349" timestamp="2019-08-08T09:22:31.483" durationms="1.492" />

<exclusive-start id="3350" timestamp="2019-08-08T09:22:31.523" intervalms="41.972">
  <response-info timems="0.121" idlems="0.121" threads="0" lastid="0000000000AEAF00" lastname="main" />
</exclusive-start>
<af-start id="3351" threadId="0000000000AEB888" totalBytesRequested="40" timestamp="2019-08-08T09:22:31.523" intervalms="42.003" type="nursery" />
<cycle-start id="3352" type="scavenge" contextid="0" timestamp="2019-08-08T09:22:31.523" intervalms="42.014" />
<gc-start id="3353" type="scavenge" contextid="3352" timestamp="2019-08-08T09:22:31.524">
  <mem-info id="3354" free="1568272" total="74645504" percent="2">
    <mem type="nursery" free="0" total="54788096" percent="0">
      <mem type="allocate" free="0" total="49283072" percent="0" />
      <mem type="survivor" free="0" total="5505024" percent="0" />
    </mem>
    <mem type="tenure" free="1568272" total="19857408" percent="7">
      <mem type="soa" free="1370640" total="19659776" percent="6" />
      <mem type="loa" free="197632" total="197632" percent="100" />
    </mem>
    <remembered-set count="119" />
  </mem-info>
</gc-start>
<allocation-stats totalBytes="49199416" >
  <allocated-bytes non-tlh="584" tlh="49198832" />
  <largest-consumer threadName="main" threadId="0000000000AEAF00" bytes="49199416" />
</allocation-stats>
<gc-op id="3355" type="scavenge" timems="2.753" contextid="3352" timestamp="2019-08-08T09:22:31.526">
  <scavenger-info tenureage="3" tenuremask="fff8" tiltratio="89" />
  <memory-copied type="nursery" objects="25" bytes="1312" bytesdiscarded="30944" />
</gc-op>
<gc-end id="3356" type="scavenge" contextid="3352" durationms="3.026" usertimems="11.554" systemtimems="0.000" timestamp="2019-08-08T09:22:31.527" activeThreads="16">
  <mem-info id="3357" free="50819088" total="74645504" percent="68">
    <mem type="nursery" free="49250816" total="54788096" percent="89">
      <mem type="allocate" free="49250816" total="49283072" percent="99" />
      <mem type="survivor" free="0" total="5505024" percent="0" />
    </mem>
    <mem type="tenure" free="1568272" total="19857408" percent="7" macro-fragmented="5266">
      <mem type="soa" free="1370640" total="19659776" percent="6" />
      <mem type="loa" free="197632" total="197632" percent="100" />
    </mem>
    <remembered-set count="114" />
  </mem-info>
</gc-end>
<cycle-end id="3358" type="scavenge" contextid="3352" timestamp="2019-08-08T09:22:31.527" />
  <attribute name="elasticGC enabled" value="1" />
  <attribute name= "numThreadsSpecified" value="16" />
  <attribute name="heapSize specified" value="43057152" />
  <attribute name="Current GC Util" value="4" />
  <attribute name= "Current Time Running" value="142677" />
  <attribute name ="GC Interval" value="2145" />
  <attribute name="Target GC Util Change" value ="80.000000" />
  <attribute name="Current GC Util Change" value="4.000000"/>
  <attribute name="Current Error" value="76.000000" />
  <attribute name="Output H" value="74721272"/>
  <attribute name="Output I" value="2144"/>
  <attribute name="Output T" value="16"/>
  <attribute name= "Current Time Running" value="142677" />
  <attribute name="GC Util currently" value="4" />
  <attribute name="CPU Util currently" value="27491205368" />
<allocation-satisfied id="3359" threadId="0000000000AEAF00" bytesRequested="40" />
<af-end id="3360" timestamp="2019-08-08T09:22:31.527" threadId="0000000000AEB888" success="true" from="nursery"/>
<exclusive-end id="3361" timestamp="2019-08-08T09:22:31.527" durationms="3.350" />

<exclusive-start id="3362" timestamp="2019-08-08T09:22:31.558" intervalms="35.059">
  <response-info timems="0.099" idlems="0.099" threads="0" lastid="0000000000AEAF00" lastname="main" />
</exclusive-start>
<af-start id="3363" threadId="0000000000AEB888" totalBytesRequested="584" timestamp="2019-08-08T09:22:31.558" intervalms="35.020" type="nursery" />
<cycle-start id="3364" type="scavenge" contextid="0" timestamp="2019-08-08T09:22:31.558" intervalms="35.004" />
<gc-start id="3365" type="scavenge" contextid="3364" timestamp="2019-08-08T09:22:31.558">
  <mem-info id="3366" free="1568272" total="74645504" percent="2">
    <mem type="nursery" free="0" total="54788096" percent="0">
      <mem type="allocate" free="0" total="49283072" percent="0" />
      <mem type="survivor" free="0" total="5505024" percent="0" />
    </mem>
    <mem type="tenure" free="1568272" total="19857408" percent="7">
      <mem type="soa" free="1370640" total="19659776" percent="6" />
      <mem type="loa" free="197632" total="197632" percent="100" />
    </mem>
    <remembered-set count="114" />
  </mem-info>
</gc-start>
<allocation-stats totalBytes="49183880" >
  <allocated-bytes non-tlh="40" tlh="49183840" />
  <largest-consumer threadName="main" threadId="0000000000AEAF00" bytes="49183880" />
</allocation-stats>
<gc-op id="3367" type="scavenge" timems="0.764" contextid="3364" timestamp="2019-08-08T09:22:31.559">
  <scavenger-info tenureage="3" tenuremask="fff8" tiltratio="89" />
  <memory-copied type="nursery" objects="27" bytes="1368" bytesdiscarded="30888" />
</gc-op>
<gc-end id="3368" type="scavenge" contextid="3364" durationms="0.970" usertimems="2.282" systemtimems="0.000" timestamp="2019-08-08T09:22:31.559" activeThreads="16">
  <mem-info id="3369" free="50819088" total="74645504" percent="68">
    <mem type="nursery" free="49250816" total="54788096" percent="89">
      <mem type="allocate" free="49250816" total="49283072" percent="99" />
      <mem type="survivor" free="0" total="5505024" percent="0" />
    </mem>
    <mem type="tenure" free="1568272" total="19857408" percent="7" macro-fragmented="590">
      <mem type="soa" free="1370640" total="19659776" percent="6" />
      <mem type="loa" free="197632" total="197632" percent="100" />
    </mem>
    <remembered-set count="114" />
  </mem-info>
</gc-end>
<cycle-end id="3370" type="scavenge" contextid="3364" timestamp="2019-08-08T09:22:31.560" />
  <attribute name="elasticGC enabled" value="1" />
  <attribute name= "numThreadsSpecified" value="16" />
  <attribute name="heapSize specified" value="43057152" />
  <attribute name="Current GC Util" value="13" />
  <attribute name= "Current Time Running" value="142712" />
  <attribute name ="GC Interval" value="2265" />
  <attribute name="Target GC Util Change" value ="80.000000" />
  <attribute name="Current GC Util Change" value="13.000000"/>
  <attribute name="Current Error" value="143.000000" />
  <attribute name="Output H" value="74721352"/>
  <attribute name="Output I" value="2264"/>
  <attribute name="Output T" value="16"/>
  <attribute name= "Current Time Running" value="142712" />
  <attribute name="GC Util currently" value="13" />
  <attribute name="CPU Util currently" value="32975495840" />
<allocation-satisfied id="3371" threadId="0000000000AEAF00" bytesRequested="584" />
<af-end id="3372" timestamp="2019-08-08T09:22:31.560" threadId="0000000000AEB888" success="true" from="nursery"/>
<exclusive-end id="3373" timestamp="2019-08-08T09:22:31.560" durationms="1.182" />

<exclusive-start id="3374" timestamp="2019-08-08T09:22:31.585" intervalms="26.907">
  <response-info timems="0.092" idlems="0.092" threads="0" lastid="0000000000AEAF00" lastname="main" />
</exclusive-start>
<af-start id="3375" threadId="0000000000AEB888" totalBytesRequested="16" timestamp="2019-08-08T09:22:31.585" intervalms="26.908" type="nursery" />
<cycle-start id="3376" type="scavenge" contextid="0" timestamp="2019-08-08T09:22:31.585" intervalms="26.907" />
<gc-start id="3377" type="scavenge" contextid="3376" timestamp="2019-08-08T09:22:31.585">
  <mem-info id="3378" free="1568272" total="74645504" percent="2">
    <mem type="nursery" free="0" total="54788096" percent="0">
      <mem type="allocate" free="0" total="49283072" percent="0" />
      <mem type="survivor" free="0" total="5505024" percent="0" />
    </mem>
    <mem type="tenure" free="1568272" total="19857408" percent="7">
      <mem type="soa" free="1370640" total="19659776" percent="6" />
      <mem type="loa" free="197632" total="197632" percent="100" />
    </mem>
    <remembered-set count="114" />
  </mem-info>
</gc-start>
<allocation-stats totalBytes="49183288" >
  <allocated-bytes non-tlh="584" tlh="49182704" />
  <largest-consumer threadName="main" threadId="0000000000AEAF00" bytes="49183288" />
</allocation-stats>
<gc-op id="3379" type="scavenge" timems="0.743" contextid="3376" timestamp="2019-08-08T09:22:31.586">
  <scavenger-info tenureage="3" tenuremask="fff8" tiltratio="89" />
  <memory-copied type="nursery" objects="5" bytes="176" bytesdiscarded="15952" />
  <memory-copied type="tenure" objects="23" bytes="1256" bytesdiscarded="0" />
</gc-op>
<gc-end id="3380" type="scavenge" contextid="3376" durationms="0.965" usertimems="1.698" systemtimems="0.000" timestamp="2019-08-08T09:22:31.586" activeThreads="16">
  <mem-info id="3381" free="50835216" total="74645504" percent="68">
    <mem type="nursery" free="49266944" total="54788096" percent="89">
      <mem type="allocate" free="49266944" total="49283072" percent="99" />
      <mem type="survivor" free="0" total="5505024" percent="0" />
    </mem>
    <mem type="tenure" free="1568272" total="19857408" percent="7" macro-fragmented="4388">
      <mem type="soa" free="1370640" total="19659776" percent="6" />
      <mem type="loa" free="197632" total="197632" percent="100" />
    </mem>
    <remembered-set count="116" />
  </mem-info>
</gc-end>
<cycle-end id="3382" type="scavenge" contextid="3376" timestamp="2019-08-08T09:22:31.586" />
  <attribute name="elasticGC enabled" value="1" />
  <attribute name= "numThreadsSpecified" value="16" />
  <attribute name="heapSize specified" value="43057152" />
  <attribute name="Current GC Util" value="6" />
  <attribute name= "Current Time Running" value="142739" />
  <attribute name ="GC Interval" value="2401" />
  <attribute name="Target GC Util Change" value ="80.000000" />
  <attribute name="Current GC Util Change" value="6.000000"/>
  <attribute name="Current Error" value="217.000000" />
  <attribute name="Output H" value="74721440"/>
  <attribute name="Output I" value="2400"/>
  <attribute name="Output T" value="16"/>
  <attribute name= "Current Time Running" value="142739" />
  <attribute name="GC Util currently" value="6" />
  <attribute name="CPU Util currently" value="42812807743" />
<allocation-satisfied id="3383" threadId="0000000000AEAF00" bytesRequested="16" />
<af-end id="3384" timestamp="2019-08-08T09:22:31.586" threadId="0000000000AEB888" success="true" from="nursery"/>
<exclusive-end id="3385" timestamp="2019-08-08T09:22:31.586" durationms="1.199" />

* Round 1 done in 17.648 seconds.
<exclusive-start id="3386" timestamp="2019-08-08T09:22:31.648" intervalms="62.814">
  <response-info timems="0.043" idlems="0.043" threads="0" lastid="0000000000AEAF00" lastname="main" />
</exclusive-start>
<af-start id="3387" threadId="0000000000AEB888" totalBytesRequested="32" timestamp="2019-08-08T09:22:31.648" intervalms="62.823" type="nursery" />
<cycle-start id="3388" type="scavenge" contextid="0" timestamp="2019-08-08T09:22:31.648" intervalms="62.826" />
<gc-start id="3389" type="scavenge" contextid="3388" timestamp="2019-08-08T09:22:31.648">
  <mem-info id="3390" free="1565232" total="74645504" percent="2">
    <mem type="nursery" free="0" total="54788096" percent="0">
      <mem type="allocate" free="0" total="49283072" percent="0" />
      <mem type="survivor" free="0" total="5505024" percent="0" />
    </mem>
    <mem type="tenure" free="1565232" total="19857408" percent="7">
      <mem type="soa" free="1367600" total="19659776" percent="6" />
      <mem type="loa" free="197632" total="197632" percent="100" />
    </mem>
    <remembered-set count="188" />
  </mem-info>
</gc-start>
<allocation-stats totalBytes="49260344" >
  <allocated-bytes non-tlh="3056" tlh="49257288" />
  <largest-consumer threadName="main" threadId="0000000000AEAF00" bytes="49260344" />
</allocation-stats>
<gc-op id="3391" type="scavenge" timems="1.187" contextid="3388" timestamp="2019-08-08T09:22:31.649">
  <scavenger-info tenureage="3" tenuremask="ffe8" tiltratio="89" />
  <memory-copied type="nursery" objects="537" bytes="17968" bytesdiscarded="30416" />
  <references type="soft" candidates="8" cleared="0" enqueued="0" dynamicThreshold="2" maxThreshold="32" />
  <references type="weak" candidates="14" cleared="6" enqueued="4" />
</gc-op>
<gc-end id="3392" type="scavenge" contextid="3388" durationms="1.417" usertimems="2.178" systemtimems="0.000" timestamp="2019-08-08T09:22:31.650" activeThreads="16">
  <mem-info id="3393" free="50799920" total="74645504" percent="68">
    <mem type="nursery" free="49234688" total="54788096" percent="89">
      <mem type="allocate" free="49234688" total="49283072" percent="99" />
      <mem type="survivor" free="0" total="5505024" percent="0" />
    </mem>
    <mem type="tenure" free="1565232" total="19857408" percent="7" macro-fragmented="12312">
      <mem type="soa" free="1367600" total="19659776" percent="6" />
      <mem type="loa" free="197632" total="197632" percent="100" />
    </mem>
    <pending-finalizers system="0" default="0" reference="4" classloader="0" />
    <remembered-set count="188" />
  </mem-info>
</gc-end>
<cycle-end id="3394" type="scavenge" contextid="3388" timestamp="2019-08-08T09:22:31.650" />
  <attribute name="elasticGC enabled" value="1" />
  <attribute name= "numThreadsSpecified" value="16" />
  <attribute name="heapSize specified" value="43057152" />
  <attribute name="Current GC Util" value="2" />
  <attribute name= "Current Time Running" value="142802" />
  <attribute name ="GC Interval" value="2537" />
  <attribute name="Target GC Util Change" value ="80.000000" />
  <attribute name="Current GC Util Change" value="2.000000"/>
  <attribute name="Current Error" value="295.000000" />
  <attribute name="Output H" value="74721528"/>
  <attribute name="Output I" value="2536"/>
  <attribute name="Output T" value="16"/>
  <attribute name= "Current Time Running" value="142802" />
  <attribute name="GC Util currently" value="2" />
  <attribute name="CPU Util currently" value="18343858544" />
<allocation-satisfied id="3395" threadId="0000000000AEAF00" bytesRequested="32" />
<af-end id="3396" timestamp="2019-08-08T09:22:31.650" threadId="0000000000AEB888" success="true" from="nursery"/>
<exclusive-end id="3397" timestamp="2019-08-08T09:22:31.650" durationms="1.658" />

<exclusive-start id="3398" timestamp="2019-08-08T09:22:31.842" intervalms="194.382">
  <response-info timems="0.022" idlems="0.022" threads="0" lastid="0000000000AEAF00" lastname="main" />
</exclusive-start>
<af-start id="3399" threadId="0000000000AEB888" totalBytesRequested="1168" timestamp="2019-08-08T09:22:31.843" intervalms="194.376" type="nursery" />
<cycle-start id="3400" type="scavenge" contextid="0" timestamp="2019-08-08T09:22:31.843" intervalms="194.375" />
<gc-start id="3401" type="scavenge" contextid="3400" timestamp="2019-08-08T09:22:31.843">
  <mem-info id="3402" free="1565232" total="74645504" percent="2">
    <mem type="nursery" free="0" total="54788096" percent="0">
      <mem type="allocate" free="0" total="49283072" percent="0" />
      <mem type="survivor" free="0" total="5505024" percent="0" />
    </mem>
    <mem type="tenure" free="1565232" total="19857408" percent="7">
      <mem type="soa" free="1367600" total="19659776" percent="6" />
      <mem type="loa" free="197632" total="197632" percent="100" />
    </mem>
    <remembered-set count="205" />
  </mem-info>
</gc-start>
<allocation-stats totalBytes="49098192" >
  <allocated-bytes non-tlh="32" tlh="49098160" />
  <largest-consumer threadName="main" threadId="0000000000AEAF00" bytes="49094096" />
</allocation-stats>
<gc-op id="3403" type="scavenge" timems="0.770" contextid="3400" timestamp="2019-08-08T09:22:31.843">
  <scavenger-info tenureage="3" tenuremask="fff8" tiltratio="89" />
  <memory-copied type="nursery" objects="583" bytes="20568" bytesdiscarded="27816" />
  <references type="soft" candidates="8" cleared="0" enqueued="0" dynamicThreshold="2" maxThreshold="32" />
  <references type="weak" candidates="8" cleared="0" enqueued="0" />
</gc-op>
<gc-end id="3404" type="scavenge" contextid="3400" durationms="0.975" usertimems="1.852" systemtimems="0.000" timestamp="2019-08-08T09:22:31.844" activeThreads="16">
  <mem-info id="3405" free="50799920" total="74645504" percent="68">
    <mem type="nursery" free="49234688" total="54788096" percent="89">
      <mem type="allocate" free="49234688" total="49283072" percent="99" />
      <mem type="survivor" free="0" total="5505024" percent="0" />
    </mem>
    <mem type="tenure" free="1565232" total="19857408" percent="7" macro-fragmented="0">
      <mem type="soa" free="1367600" total="19659776" percent="6" />
      <mem type="loa" free="197632" total="197632" percent="100" />
    </mem>
    <remembered-set count="196" />
  </mem-info>
</gc-end>
<cycle-end id="3406" type="scavenge" contextid="3400" timestamp="2019-08-08T09:22:31.844" />
  <attribute name="elasticGC enabled" value="1" />
  <attribute name= "numThreadsSpecified" value="16" />
  <attribute name="heapSize specified" value="43057152" />
  <attribute name="Current GC Util" value="1" />
  <attribute name= "Current Time Running" value="142996" />
  <attribute name ="GC Interval" value="2681" />
  <attribute name="Target GC Util Change" value ="80.000000" />
  <attribute name="Current GC Util Change" value="1.000000"/>
  <attribute name="Current Error" value="374.000000" />
  <attribute name="Output H" value="74721616"/>
  <attribute name="Output I" value="2680"/>
  <attribute name="Output T" value="16"/>
  <attribute name= "Current Time Running" value="142996" />
  <attribute name="GC Util currently" value="1" />
  <attribute name="CPU Util currently" value="5932016458" />
<allocation-satisfied id="3407" threadId="0000000000AEAF00" bytesRequested="1168" />
<af-end id="3408" timestamp="2019-08-08T09:22:31.844" threadId="0000000000AEB888" success="true" from="nursery"/>
<exclusive-end id="3409" timestamp="2019-08-08T09:22:31.844" durationms="1.215" />

<exclusive-start id="3410" timestamp="2019-08-08T09:22:31.849" intervalms="6.633">
  <response-info timems="0.022" idlems="0.022" threads="0" lastid="0000000000AEAF00" lastname="main" />
</exclusive-start>
<af-start id="3411" threadId="0000000000AEB888" totalBytesRequested="1168" timestamp="2019-08-08T09:22:31.849" intervalms="6.631" type="nursery" />
<cycle-start id="3412" type="scavenge" contextid="0" timestamp="2019-08-08T09:22:31.849" intervalms="6.629" />
<gc-start id="3413" type="scavenge" contextid="3412" timestamp="2019-08-08T09:22:31.849">
  <mem-info id="3414" free="1565232" total="74645504" percent="2">
    <mem type="nursery" free="0" total="54788096" percent="0">
      <mem type="allocate" free="0" total="49283072" percent="0" />
      <mem type="survivor" free="0" total="5505024" percent="0" />
    </mem>
    <mem type="tenure" free="1565232" total="19857408" percent="7">
      <mem type="soa" free="1367600" total="19659776" percent="6" />
      <mem type="loa" free="197632" total="197632" percent="100" />
    </mem>
    <remembered-set count="196" />
  </mem-info>
</gc-start>
<allocation-stats totalBytes="49062584" >
  <allocated-bytes non-tlh="1168" tlh="49061416" />
  <largest-consumer threadName="main" threadId="0000000000AEAF00" bytes="49062584" />
</allocation-stats>
<gc-op id="3415" type="scavenge" timems="0.733" contextid="3412" timestamp="2019-08-08T09:22:31.850">
  <scavenger-info tenureage="3" tenuremask="fff8" tiltratio="89" />
  <memory-copied type="nursery" objects="584" bytes="20592" bytesdiscarded="27792" />
  <references type="soft" candidates="8" cleared="0" enqueued="0" dynamicThreshold="2" maxThreshold="32" />
  <references type="weak" candidates="8" cleared="0" enqueued="0" />
</gc-op>
<gc-end id="3416" type="scavenge" contextid="3412" durationms="0.951" usertimems="1.509" systemtimems="0.000" timestamp="2019-08-08T09:22:31.850" activeThreads="16">
  <mem-info id="3417" free="50799920" total="74645504" percent="68">
    <mem type="nursery" free="49234688" total="54788096" percent="89">
      <mem type="allocate" free="49234688" total="49283072" percent="99" />
      <mem type="survivor" free="0" total="5505024" percent="0" />
    </mem>
    <mem type="tenure" free="1565232" total="19857408" percent="7" macro-fragmented="0">
      <mem type="soa" free="1367600" total="19659776" percent="6" />
      <mem type="loa" free="197632" total="197632" percent="100" />
    </mem>
    <remembered-set count="164" />
  </mem-info>
</gc-end>
<cycle-end id="3418" type="scavenge" contextid="3412" timestamp="2019-08-08T09:22:31.850" />
  <attribute name="elasticGC enabled" value="1" />
  <attribute name= "numThreadsSpecified" value="16" />
  <attribute name="heapSize specified" value="43057152" />
  <attribute name="Current GC Util" value="26" />
  <attribute name= "Current Time Running" value="143003" />
  <attribute name ="GC Interval" value="2777" />
  <attribute name="Target GC Util Change" value ="80.000000" />
  <attribute name="Current GC Util Change" value="26.000000"/>
  <attribute name="Current Error" value="428.000000" />
  <attribute name="Output H" value="74721680"/>
  <attribute name="Output I" value="2776"/>
  <attribute name="Output T" value="16"/>
  <attribute name= "Current Time Running" value="143003" />
  <attribute name="GC Util currently" value="26" />
  <attribute name="CPU Util currently" value="174320767020" />
<allocation-satisfied id="3419" threadId="0000000000AEAF00" bytesRequested="1168" />
<af-end id="3420" timestamp="2019-08-08T09:22:31.850" threadId="0000000000AEB888" success="true" from="nursery"/>
<exclusive-end id="3421" timestamp="2019-08-08T09:22:31.850" durationms="1.169" />

<exclusive-start id="3422" timestamp="2019-08-08T09:22:31.856" intervalms="7.059">
  <response-info timems="0.020" idlems="0.020" threads="0" lastid="0000000000AEAF00" lastname="main" />
</exclusive-start>
<af-start id="3423" threadId="0000000000AEB888" totalBytesRequested="1168" timestamp="2019-08-08T09:22:31.856" intervalms="7.047" type="nursery" />
<cycle-start id="3424" type="scavenge" contextid="0" timestamp="2019-08-08T09:22:31.856" intervalms="7.049" />
<gc-start id="3425" type="scavenge" contextid="3424" timestamp="2019-08-08T09:22:31.856">
  <mem-info id="3426" free="1565232" total="74645504" percent="2">
    <mem type="nursery" free="0" total="54788096" percent="0">
      <mem type="allocate" free="0" total="49283072" percent="0" />
      <mem type="survivor" free="0" total="5505024" percent="0" />
    </mem>
    <mem type="tenure" free="1565232" total="19857408" percent="7">
      <mem type="soa" free="1367600" total="19659776" percent="6" />
      <mem type="loa" free="197632" total="197632" percent="100" />
    </mem>
    <remembered-set count="164" />
  </mem-info>
</gc-start>
<allocation-stats totalBytes="49069976" >
  <allocated-bytes non-tlh="1168" tlh="49068808" />
  <largest-consumer threadName="main" threadId="0000000000AEAF00" bytes="49069976" />
</allocation-stats>
<gc-op id="3427" type="scavenge" timems="1.098" contextid="3424" timestamp="2019-08-08T09:22:31.857">
  <scavenger-info tenureage="2" tenuremask="fffc" tiltratio="89" />
  <memory-copied type="nursery" objects="2" bytes="56" bytesdiscarded="16072" />
  <memory-copied type="tenure" objects="582" bytes="20536" bytesdiscarded="360" />
</gc-op>
<heap-resize id="3428" type="expand" space="nursery" amount="4063232" count="1" timems="0.015" reason="excessive time being spent scavenging" timestamp="2019-08-08T09:22:31.858" />
<gc-end id="3429" type="scavenge" contextid="3424" durationms="1.386" usertimems="2.168" systemtimems="0.000" timestamp="2019-08-08T09:22:31.858" activeThreads="16">
  <mem-info id="3430" free="54420528" total="78708736" percent="69">
    <mem type="nursery" free="52871424" total="58851328" percent="89">
      <mem type="allocate" free="52871424" total="52887552" percent="99" />
      <mem type="survivor" free="0" total="5963776" percent="0" />
    </mem>
    <mem type="tenure" free="1549104" total="19857408" percent="7" macro-fragmented="0">
      <mem type="soa" free="1351472" total="19659776" percent="6" />
      <mem type="loa" free="197632" total="197632" percent="100" />
    </mem>
    <remembered-set count="120" />
  </mem-info>
</gc-end>
<cycle-end id="3431" type="scavenge" contextid="3424" timestamp="2019-08-08T09:22:31.858" />
  <attribute name="elasticGC enabled" value="1" />
  <attribute name= "numThreadsSpecified" value="16" />
  <attribute name="heapSize specified" value="43057152" />
  <attribute name="Current GC Util" value="23" />
  <attribute name= "Current Time Running" value="143010" />
  <attribute name ="GC Interval" value="2113" />
  <attribute name="Target GC Util Change" value ="80.000000" />
  <attribute name="Current GC Util Change" value="23.000000"/>
  <attribute name="Current Error" value="57.000000" />
  <attribute name="Output H" value="74721256"/>
  <attribute name="Output I" value="2112"/>
  <attribute name="Output T" value="16"/>
  <attribute name= "Current Time Running" value="143010" />
  <attribute name="GC Util currently" value="23" />
  <attribute name="CPU Util currently" value="162740785062" />
<allocation-satisfied id="3432" threadId="0000000000AEAF00" bytesRequested="1168" />
<af-end id="3433" timestamp="2019-08-08T09:22:31.858" threadId="0000000000AEB888" success="true" from="nursery"/>
<exclusive-end id="3434" timestamp="2019-08-08T09:22:31.858" durationms="1.603" />

<exclusive-start id="3435" timestamp="2019-08-08T09:22:31.865" intervalms="8.544">
  <response-info timems="0.024" idlems="0.024" threads="0" lastid="0000000000AEAF00" lastname="main" />
</exclusive-start>
<af-start id="3436" threadId="0000000000AEB888" totalBytesRequested="1168" timestamp="2019-08-08T09:22:31.865" intervalms="8.567" type="nursery" />
<cycle-start id="3437" type="scavenge" contextid="0" timestamp="2019-08-08T09:22:31.865" intervalms="8.596" />
<gc-start id="3438" type="scavenge" contextid="3437" timestamp="2019-08-08T09:22:31.865">
  <mem-info id="3439" free="1549104" total="78708736" percent="1">
    <mem type="nursery" free="0" total="58851328" percent="0">
      <mem type="allocate" free="0" total="52887552" percent="0" />
      <mem type="survivor" free="0" total="5963776" percent="0" />
    </mem>
    <mem type="tenure" free="1549104" total="19857408" percent="7">
      <mem type="soa" free="1351472" total="19659776" percent="6" />
      <mem type="loa" free="197632" total="197632" percent="100" />
    </mem>
    <remembered-set count="120" />
  </mem-info>
</gc-start>
<allocation-stats totalBytes="52694680" >
  <allocated-bytes non-tlh="1168" tlh="52693512" />
  <largest-consumer threadName="main" threadId="0000000000AEAF00" bytes="52694680" />
</allocation-stats>
<gc-op id="3440" type="scavenge" timems="0.687" contextid="3437" timestamp="2019-08-08T09:22:31.866">
  <scavenger-info tenureage="5" tenuremask="ffe0" tiltratio="89" />
  <memory-copied type="nursery" objects="2" bytes="56" bytesdiscarded="32200" />
</gc-op>
<gc-end id="3441" type="scavenge" contextid="3437" durationms="0.864" usertimems="1.422" systemtimems="0.000" timestamp="2019-08-08T09:22:31.866" activeThreads="16">
  <mem-info id="3442" free="54469936" total="78708736" percent="69">
    <mem type="nursery" free="52920832" total="58851328" percent="89">
      <mem type="allocate" free="52920832" total="52953088" percent="99" />
      <mem type="survivor" free="0" total="5898240" percent="0" />
    </mem>
    <mem type="tenure" free="1549104" total="19857408" percent="7" macro-fragmented="0">
      <mem type="soa" free="1351472" total="19659776" percent="6" />
      <mem type="loa" free="197632" total="197632" percent="100" />
    </mem>
    <remembered-set count="120" />
  </mem-info>
</gc-end>
<cycle-end id="3443" type="scavenge" contextid="3437" timestamp="2019-08-08T09:22:31.866" />
  <attribute name="elasticGC enabled" value="1" />
  <attribute name= "numThreadsSpecified" value="16" />
  <attribute name="heapSize specified" value="43057152" />
  <attribute name="Current GC Util" value="26" />
  <attribute name= "Current Time Running" value="143019" />
  <attribute name ="GC Interval" value="2209" />
  <attribute name="Target GC Util Change" value ="80.000000" />
  <attribute name="Current GC Util Change" value="26.000000"/>
  <attribute name="Current Error" value="111.000000" />
  <attribute name="Output H" value="78784544"/>
  <attribute name="Output I" value="2208"/>
  <attribute name="Output T" value="16"/>
  <attribute name= "Current Time Running" value="143019" />
  <attribute name="GC Util currently" value="26" />
  <attribute name="CPU Util currently" value="134632023590" />
<allocation-satisfied id="3444" threadId="0000000000AEAF00" bytesRequested="1168" />
<af-end id="3445" timestamp="2019-08-08T09:22:31.866" threadId="0000000000AEB888" success="true" from="nursery"/>
<exclusive-end id="3446" timestamp="2019-08-08T09:22:31.866" durationms="1.177" />

<exclusive-start id="3447" timestamp="2019-08-08T09:22:31.872" intervalms="7.210">
  <response-info timems="0.021" idlems="0.021" threads="0" lastid="0000000000AEAF00" lastname="main" />
</exclusive-start>
<af-start id="3448" threadId="0000000000AEB888" totalBytesRequested="1168" timestamp="2019-08-08T09:22:31.872" intervalms="7.204" type="nursery" />
<cycle-start id="3449" type="scavenge" contextid="0" timestamp="2019-08-08T09:22:31.872" intervalms="7.173" />
<gc-start id="3450" type="scavenge" contextid="3449" timestamp="2019-08-08T09:22:31.872">
  <mem-info id="3451" free="1549104" total="78708736" percent="1">
    <mem type="nursery" free="0" total="58851328" percent="0">
      <mem type="allocate" free="0" total="52953088" percent="0" />
      <mem type="survivor" free="0" total="5898240" percent="0" />
    </mem>
    <mem type="tenure" free="1549104" total="19857408" percent="7">
      <mem type="soa" free="1351472" total="19659776" percent="6" />
      <mem type="loa" free="197632" total="197632" percent="100" />
    </mem>
    <remembered-set count="120" />
  </mem-info>
</gc-start>
<allocation-stats totalBytes="52743984" >
  <allocated-bytes non-tlh="1168" tlh="52742816" />
  <largest-consumer threadName="main" threadId="0000000000AEAF00" bytes="52743984" />
</allocation-stats>
<gc-op id="3452" type="scavenge" timems="1.149" contextid="3449" timestamp="2019-08-08T09:22:31.873">
  <scavenger-info tenureage="3" tenuremask="fff8" tiltratio="89" />
  <memory-copied type="nursery" objects="2" bytes="56" bytesdiscarded="32200" />
</gc-op>
<heap-resize id="3453" type="expand" space="nursery" amount="3801088" count="1" timems="0.018" reason="excessive time being spent scavenging" timestamp="2019-08-08T09:22:31.873" />
<gc-end id="3454" type="scavenge" contextid="3449" durationms="1.382" usertimems="2.290" systemtimems="0.000" timestamp="2019-08-08T09:22:31.873" activeThreads="16">
  <mem-info id="3455" free="57877808" total="82509824" percent="70">
    <mem type="nursery" free="56328704" total="62652416" percent="89">
      <mem type="allocate" free="56328704" total="56360960" percent="99" />
      <mem type="survivor" free="0" total="6291456" percent="0" />
    </mem>
    <mem type="tenure" free="1549104" total="19857408" percent="7" macro-fragmented="13104">
      <mem type="soa" free="1351472" total="19659776" percent="6" />
      <mem type="loa" free="197632" total="197632" percent="100" />
    </mem>
    <remembered-set count="120" />
  </mem-info>
</gc-end>
<cycle-end id="3456" type="scavenge" contextid="3449" timestamp="2019-08-08T09:22:31.874" />
  <attribute name="elasticGC enabled" value="1" />
  <attribute name= "numThreadsSpecified" value="16" />
  <attribute name="heapSize specified" value="43057152" />
  <attribute name="Current GC Util" value="22" />
  <attribute name= "Current Time Running" value="143026" />
  <attribute name ="GC Interval" value="2313" />
  <attribute name="Target GC Util Change" value ="80.000000" />
  <attribute name="Current GC Util Change" value="22.000000"/>
  <attribute name="Current Error" value="169.000000" />
  <attribute name="Output H" value="78784616"/>
  <attribute name="Output I" value="2312"/>
  <attribute name="Output T" value="16"/>
  <attribute name= "Current Time Running" value="143026" />
  <attribute name="GC Util currently" value="22" />
  <attribute name="CPU Util currently" value="160615203504" />
<allocation-satisfied id="3457" threadId="0000000000AEAF00" bytesRequested="1168" />
<af-end id="3458" timestamp="2019-08-08T09:22:31.874" threadId="0000000000AEB888" success="true" from="nursery"/>
<exclusive-end id="3459" timestamp="2019-08-08T09:22:31.874" durationms="1.641" />

<exclusive-start id="3460" timestamp="2019-08-08T09:22:31.882" intervalms="9.758">
  <response-info timems="0.024" idlems="0.024" threads="0" lastid="0000000000AEAF00" lastname="main" />
</exclusive-start>
<af-start id="3461" threadId="0000000000AEB888" totalBytesRequested="1168" timestamp="2019-08-08T09:22:31.882" intervalms="9.764" type="nursery" />
<cycle-start id="3462" type="scavenge" contextid="0" timestamp="2019-08-08T09:22:31.882" intervalms="9.765" />
<gc-start id="3463" type="scavenge" contextid="3462" timestamp="2019-08-08T09:22:31.882">
  <mem-info id="3464" free="1549104" total="82509824" percent="1">
    <mem type="nursery" free="0" total="62652416" percent="0">
      <mem type="allocate" free="0" total="56360960" percent="0" />
      <mem type="survivor" free="0" total="6291456" percent="0" />
    </mem>
    <mem type="tenure" free="1549104" total="19857408" percent="7">
      <mem type="soa" free="1351472" total="19659776" percent="6" />
      <mem type="loa" free="197632" total="197632" percent="100" />
    </mem>
    <remembered-set count="120" />
  </mem-info>
</gc-start>
<allocation-stats totalBytes="56140696" >
  <allocated-bytes non-tlh="1168" tlh="56139528" />
  <largest-consumer threadName="main" threadId="0000000000AEAF00" bytes="56140696" />
</allocation-stats>
<gc-op id="3465" type="scavenge" timems="0.817" contextid="3462" timestamp="2019-08-08T09:22:31.883">
  <scavenger-info tenureage="3" tenuremask="fff8" tiltratio="89" />
  <memory-copied type="nursery" objects="2" bytes="56" bytesdiscarded="32200" />
</gc-op>
<gc-end id="3466" type="scavenge" contextid="3462" durationms="1.034" usertimems="1.701" systemtimems="0.000" timestamp="2019-08-08T09:22:31.883" activeThreads="16">
  <mem-info id="3467" free="57877808" total="82509824" percent="70">
    <mem type="nursery" free="56328704" total="62652416" percent="89">
      <mem type="allocate" free="56328704" total="56360960" percent="99" />
      <mem type="survivor" free="0" total="6291456" percent="0" />
    </mem>
    <mem type="tenure" free="1549104" total="19857408" percent="7" macro-fragmented="0">
      <mem type="soa" free="1351472" total="19659776" percent="6" />
      <mem type="loa" free="197632" total="197632" percent="100" />
    </mem>
    <remembered-set count="120" />
  </mem-info>
</gc-end>
<cycle-end id="3468" type="scavenge" contextid="3462" timestamp="2019-08-08T09:22:31.883" />
  <attribute name="elasticGC enabled" value="1" />
  <attribute name= "numThreadsSpecified" value="16" />
  <attribute name="heapSize specified" value="43057152" />
  <attribute name="Current GC Util" value="25" />
  <attribute name= "Current Time Running" value="143035" />
  <attribute name ="GC Interval" value="2409" />
  <attribute name="Target GC Util Change" value ="80.000000" />
  <attribute name="Current GC Util Change" value="25.000000"/>
  <attribute name="Current Error" value="224.000000" />
  <attribute name="Output H" value="82585768"/>
  <attribute name="Output I" value="2408"/>
  <attribute name="Output T" value="16"/>
  <attribute name= "Current Time Running" value="143035" />
  <attribute name="GC Util currently" value="25" />
  <attribute name="CPU Util currently" value="118056522993" />
<allocation-satisfied id="3469" threadId="0000000000AEAF00" bytesRequested="1168" />
<af-end id="3470" timestamp="2019-08-08T09:22:31.883" threadId="0000000000AEB888" success="true" from="nursery"/>
<exclusive-end id="3471" timestamp="2019-08-08T09:22:31.883" durationms="1.284" />

<exclusive-start id="3472" timestamp="2019-08-08T09:22:31.890" intervalms="8.329">
  <response-info timems="0.021" idlems="0.021" threads="0" lastid="0000000000AEAF00" lastname="main" />
</exclusive-start>
<af-start id="3473" threadId="0000000000AEB888" totalBytesRequested="1168" timestamp="2019-08-08T09:22:31.890" intervalms="8.316" type="nursery" />
<cycle-start id="3474" type="scavenge" contextid="0" timestamp="2019-08-08T09:22:31.890" intervalms="8.315" />
<gc-start id="3475" type="scavenge" contextid="3474" timestamp="2019-08-08T09:22:31.890">
  <mem-info id="3476" free="1549104" total="82509824" percent="1">
    <mem type="nursery" free="0" total="62652416" percent="0">
      <mem type="allocate" free="0" total="56360960" percent="0" />
      <mem type="survivor" free="0" total="6291456" percent="0" />
    </mem>
    <mem type="tenure" free="1549104" total="19857408" percent="7">
      <mem type="soa" free="1351472" total="19659776" percent="6" />
      <mem type="loa" free="197632" total="197632" percent="100" />
    </mem>
    <remembered-set count="120" />
  </mem-info>
</gc-start>
<allocation-stats totalBytes="56140696" >
  <allocated-bytes non-tlh="1168" tlh="56139528" />
  <largest-consumer threadName="main" threadId="0000000000AEAF00" bytes="56140696" />
</allocation-stats>
<gc-op id="3477" type="scavenge" timems="0.786" contextid="3474" timestamp="2019-08-08T09:22:31.891">
  <scavenger-info tenureage="3" tenuremask="fff8" tiltratio="89" />
  <memory-copied type="nursery" objects="2" bytes="56" bytesdiscarded="32200" />
</gc-op>
<gc-end id="3478" type="scavenge" contextid="3474" durationms="1.012" usertimems="1.527" systemtimems="0.000" timestamp="2019-08-08T09:22:31.891" activeThreads="16">
  <mem-info id="3479" free="57877808" total="82509824" percent="70">
    <mem type="nursery" free="56328704" total="62652416" percent="89">
      <mem type="allocate" free="56328704" total="56360960" percent="99" />
      <mem type="survivor" free="0" total="6291456" percent="0" />
    </mem>
    <mem type="tenure" free="1549104" total="19857408" percent="7" macro-fragmented="0">
      <mem type="soa" free="1351472" total="19659776" percent="6" />
      <mem type="loa" free="197632" total="197632" percent="100" />
    </mem>
    <remembered-set count="120" />
  </mem-info>
</gc-end>
<cycle-end id="3480" type="scavenge" contextid="3474" timestamp="2019-08-08T09:22:31.891" />
  <attribute name="elasticGC enabled" value="1" />
  <attribute name= "numThreadsSpecified" value="16" />
  <attribute name="heapSize specified" value="43057152" />
  <attribute name="Current GC Util" value="22" />
  <attribute name= "Current Time Running" value="143044" />
  <attribute name ="GC Interval" value="2513" />
  <attribute name="Target GC Util Change" value ="80.000000" />
  <attribute name="Current GC Util Change" value="22.000000"/>
  <attribute name="Current Error" value="282.000000" />
  <attribute name="Output H" value="82585832"/>
  <attribute name="Output I" value="2512"/>
  <attribute name="Output T" value="16"/>
  <attribute name= "Current Time Running" value="143044" />
  <attribute name="GC Util currently" value="22" />
  <attribute name="CPU Util currently" value="138664640558" />
<allocation-satisfied id="3481" threadId="0000000000AEAF00" bytesRequested="1168" />
<af-end id="3482" timestamp="2019-08-08T09:22:31.891" threadId="0000000000AEB888" success="true" from="nursery"/>
<exclusive-end id="3483" timestamp="2019-08-08T09:22:31.891" durationms="1.217" />

<exclusive-start id="3484" timestamp="2019-08-08T09:22:31.898" intervalms="8.057">
  <response-info timems="0.022" idlems="0.022" threads="0" lastid="0000000000AEAF00" lastname="main" />
</exclusive-start>
<af-start id="3485" threadId="0000000000AEB888" totalBytesRequested="1168" timestamp="2019-08-08T09:22:31.898" intervalms="8.060" type="nursery" />
<cycle-start id="3486" type="scavenge" contextid="0" timestamp="2019-08-08T09:22:31.898" intervalms="8.062" />
<gc-start id="3487" type="scavenge" contextid="3486" timestamp="2019-08-08T09:22:31.898">
  <mem-info id="3488" free="1549104" total="82509824" percent="1">
    <mem type="nursery" free="0" total="62652416" percent="0">
      <mem type="allocate" free="0" total="56360960" percent="0" />
      <mem type="survivor" free="0" total="6291456" percent="0" />
    </mem>
    <mem type="tenure" free="1549104" total="19857408" percent="7">
      <mem type="soa" free="1351472" total="19659776" percent="6" />
      <mem type="loa" free="197632" total="197632" percent="100" />
    </mem>
    <remembered-set count="120" />
  </mem-info>
</gc-start>
<allocation-stats totalBytes="56140696" >
  <allocated-bytes non-tlh="1168" tlh="56139528" />
  <largest-consumer threadName="main" threadId="0000000000AEAF00" bytes="56140696" />
</allocation-stats>
<gc-op id="3489" type="scavenge" timems="0.805" contextid="3486" timestamp="2019-08-08T09:22:31.899">
  <scavenger-info tenureage="3" tenuremask="fff8" tiltratio="89" />
  <memory-copied type="nursery" objects="2" bytes="56" bytesdiscarded="32200" />
</gc-op>
<gc-end id="3490" type="scavenge" contextid="3486" durationms="1.015" usertimems="1.607" systemtimems="0.000" timestamp="2019-08-08T09:22:31.899" activeThreads="16">
  <mem-info id="3491" free="57877808" total="82509824" percent="70">
    <mem type="nursery" free="56328704" total="62652416" percent="89">
      <mem type="allocate" free="56328704" total="56360960" percent="99" />
      <mem type="survivor" free="0" total="6291456" percent="0" />
    </mem>
    <mem type="tenure" free="1549104" total="19857408" percent="7" macro-fragmented="10920">
      <mem type="soa" free="1351472" total="19659776" percent="6" />
      <mem type="loa" free="197632" total="197632" percent="100" />
    </mem>
    <remembered-set count="120" />
  </mem-info>
</gc-end>
<cycle-end id="3492" type="scavenge" contextid="3486" timestamp="2019-08-08T09:22:31.899" />
  <attribute name="elasticGC enabled" value="1" />
  <attribute name= "numThreadsSpecified" value="16" />
  <attribute name="heapSize specified" value="43057152" />
  <attribute name="Current GC Util" value="20" />
  <attribute name= "Current Time Running" value="143052" />
  <attribute name ="GC Interval" value="2625" />
  <attribute name="Target GC Util Change" value ="80.000000" />
  <attribute name="Current GC Util Change" value="20.000000"/>
  <attribute name="Current Error" value="342.000000" />
  <attribute name="Output H" value="82585904"/>
  <attribute name="Output I" value="2624"/>
  <attribute name="Output T" value="16"/>
  <attribute name= "Current Time Running" value="143052" />
  <attribute name="GC Util currently" value="20" />
  <attribute name="CPU Util currently" value="143024212758" />
<allocation-satisfied id="3493" threadId="0000000000AEAF00" bytesRequested="1168" />
<af-end id="3494" timestamp="2019-08-08T09:22:31.899" threadId="0000000000AEB888" success="true" from="nursery"/>
<exclusive-end id="3495" timestamp="2019-08-08T09:22:31.899" durationms="1.253" />

<exclusive-start id="3496" timestamp="2019-08-08T09:22:31.906" intervalms="7.832">
  <response-info timems="0.019" idlems="0.019" threads="0" lastid="0000000000AEAF00" lastname="main" />
</exclusive-start>
<af-start id="3497" threadId="0000000000AEB888" totalBytesRequested="1168" timestamp="2019-08-08T09:22:31.906" intervalms="7.836" type="nursery" />
<cycle-start id="3498" type="scavenge" contextid="0" timestamp="2019-08-08T09:22:31.906" intervalms="7.838" />
<gc-start id="3499" type="scavenge" contextid="3498" timestamp="2019-08-08T09:22:31.906">
  <mem-info id="3500" free="1549104" total="82509824" percent="1">
    <mem type="nursery" free="0" total="62652416" percent="0">
      <mem type="allocate" free="0" total="56360960" percent="0" />
      <mem type="survivor" free="0" total="6291456" percent="0" />
    </mem>
    <mem type="tenure" free="1549104" total="19857408" percent="7">
      <mem type="soa" free="1351472" total="19659776" percent="6" />
      <mem type="loa" free="197632" total="197632" percent="100" />
    </mem>
    <remembered-set count="120" />
  </mem-info>
</gc-start>
<allocation-stats totalBytes="56140696" >
  <allocated-bytes non-tlh="1168" tlh="56139528" />
  <largest-consumer threadName="main" threadId="0000000000AEAF00" bytes="56140696" />
</allocation-stats>
<gc-op id="3501" type="scavenge" timems="0.827" contextid="3498" timestamp="2019-08-08T09:22:31.907">
  <scavenger-info tenureage="3" tenuremask="fff8" tiltratio="89" />
  <memory-copied type="nursery" objects="2" bytes="56" bytesdiscarded="16072" />
</gc-op>
<heap-resize id="3502" type="expand" space="nursery" amount="4063232" count="1" timems="0.018" reason="excessive time being spent scavenging" timestamp="2019-08-08T09:22:31.907" />
<gc-end id="3503" type="scavenge" contextid="3498" durationms="1.124" usertimems="1.385" systemtimems="0.000" timestamp="2019-08-08T09:22:31.907" activeThreads="16">
  <mem-info id="3504" free="61498416" total="86573056" percent="71">
    <mem type="nursery" free="59949312" total="66715648" percent="89">
      <mem type="allocate" free="59949312" total="59965440" percent="99" />
      <mem type="survivor" free="0" total="6750208" percent="0" />
    </mem>
    <mem type="tenure" free="1549104" total="19857408" percent="7" macro-fragmented="0">
      <mem type="soa" free="1351472" total="19659776" percent="6" />
      <mem type="loa" free="197632" total="197632" percent="100" />
    </mem>
    <remembered-set count="120" />
  </mem-info>
</gc-end>
<cycle-end id="3505" type="scavenge" contextid="3498" timestamp="2019-08-08T09:22:31.907" />
  <attribute name="elasticGC enabled" value="1" />
  <attribute name= "numThreadsSpecified" value="16" />
  <attribute name="heapSize specified" value="43057152" />
  <attribute name="Current GC Util" value="21" />
  <attribute name= "Current Time Running" value="143060" />
  <attribute name ="GC Interval" value="2121" />
  <attribute name="Target GC Util Change" value ="80.000000" />
  <attribute name="Current GC Util Change" value="21.000000"/>
  <attribute name="Current Error" value="59.000000" />
  <attribute name="Output H" value="82585576"/>
  <attribute name="Output I" value="2120"/>
  <attribute name="Output T" value="16"/>
  <attribute name= "Current Time Running" value="143060" />
  <attribute name="GC Util currently" value="21" />
  <attribute name="CPU Util currently" value="145635196322" />
<allocation-satisfied id="3506" threadId="0000000000AEAF00" bytesRequested="1168" />
<af-end id="3507" timestamp="2019-08-08T09:22:31.907" threadId="0000000000AEB888" success="true" from="nursery"/>
<exclusive-end id="3508" timestamp="2019-08-08T09:22:31.907" durationms="1.406" />

<exclusive-start id="3509" timestamp="2019-08-08T09:22:31.915" intervalms="8.993">
  <response-info timems="0.021" idlems="0.021" threads="0" lastid="0000000000AEAF00" lastname="main" />
</exclusive-start>
<af-start id="3510" threadId="0000000000AEB888" totalBytesRequested="1168" timestamp="2019-08-08T09:22:31.915" intervalms="8.983" type="nursery" />
<cycle-start id="3511" type="scavenge" contextid="0" timestamp="2019-08-08T09:22:31.915" intervalms="8.975" />
<gc-start id="3512" type="scavenge" contextid="3511" timestamp="2019-08-08T09:22:31.915">
  <mem-info id="3513" free="1549104" total="86573056" percent="1">
    <mem type="nursery" free="0" total="66715648" percent="0">
      <mem type="allocate" free="0" total="59965440" percent="0" />
      <mem type="survivor" free="0" total="6750208" percent="0" />
    </mem>
    <mem type="tenure" free="1549104" total="19857408" percent="7">
      <mem type="soa" free="1351472" total="19659776" percent="6" />
      <mem type="loa" free="197632" total="197632" percent="100" />
    </mem>
    <remembered-set count="120" />
  </mem-info>
</gc-start>
<allocation-stats totalBytes="59749384" >
  <allocated-bytes non-tlh="1168" tlh="59748216" />
  <largest-consumer threadName="main" threadId="0000000000AEAF00" bytes="59749384" />
</allocation-stats>
<gc-op id="3514" type="scavenge" timems="0.601" contextid="3511" timestamp="2019-08-08T09:22:31.916">
  <scavenger-info tenureage="3" tenuremask="fff8" tiltratio="89" />
  <memory-copied type="nursery" objects="2" bytes="56" bytesdiscarded="32200" />
</gc-op>
<gc-end id="3515" type="scavenge" contextid="3511" durationms="0.762" usertimems="1.267" systemtimems="0.000" timestamp="2019-08-08T09:22:31.916" activeThreads="16">
  <mem-info id="3516" free="61547824" total="86573056" percent="71">
    <mem type="nursery" free="59998720" total="66715648" percent="89">
      <mem type="allocate" free="59998720" total="60030976" percent="99" />
      <mem type="survivor" free="0" total="6684672" percent="0" />
    </mem>
    <mem type="tenure" free="1549104" total="19857408" percent="7" macro-fragmented="0">
      <mem type="soa" free="1351472" total="19659776" percent="6" />
      <mem type="loa" free="197632" total="197632" percent="100" />
    </mem>
    <remembered-set count="120" />
  </mem-info>
</gc-end>
<cycle-end id="3517" type="scavenge" contextid="3511" timestamp="2019-08-08T09:22:31.916" />
  <attribute name="elasticGC enabled" value="1" />
  <attribute name= "numThreadsSpecified" value="16" />
  <attribute name="heapSize specified" value="43057152" />
  <attribute name="Current GC Util" value="17" />
  <attribute name= "Current Time Running" value="143069" />
  <attribute name ="GC Interval" value="2233" />
  <attribute name="Target GC Util Change" value ="80.000000" />
  <attribute name="Current GC Util Change" value="17.000000"/>
  <attribute name="Current Error" value="122.000000" />
  <attribute name="Output H" value="86648880"/>
  <attribute name="Output I" value="2232"/>
  <attribute name="Output T" value="16"/>
  <attribute name= "Current Time Running" value="143069" />
  <attribute name="GC Util currently" value="17" />
  <attribute name="CPU Util currently" value="130083499283" />
<allocation-satisfied id="3518" threadId="0000000000AEAF00" bytesRequested="1168" />
<af-end id="3519" timestamp="2019-08-08T09:22:31.916" threadId="0000000000AEB888" success="true" from="nursery"/>
<exclusive-end id="3520" timestamp="2019-08-08T09:22:31.916" durationms="0.969" />

<exclusive-start id="3521" timestamp="2019-08-08T09:22:31.923" intervalms="8.299">
  <response-info timems="0.020" idlems="0.020" threads="0" lastid="0000000000AEAF00" lastname="main" />
</exclusive-start>
<af-start id="3522" threadId="0000000000AEB888" totalBytesRequested="1168" timestamp="2019-08-08T09:22:31.923" intervalms="8.303" type="nursery" />
<cycle-start id="3523" type="scavenge" contextid="0" timestamp="2019-08-08T09:22:31.923" intervalms="8.307" />
<gc-start id="3524" type="scavenge" contextid="3523" timestamp="2019-08-08T09:22:31.923">
  <mem-info id="3525" free="1549104" total="86573056" percent="1">
    <mem type="nursery" free="0" total="66715648" percent="0">
      <mem type="allocate" free="0" total="60030976" percent="0" />
      <mem type="survivor" free="0" total="6684672" percent="0" />
    </mem>
    <mem type="tenure" free="1549104" total="19857408" percent="7">
      <mem type="soa" free="1351472" total="19659776" percent="6" />
      <mem type="loa" free="197632" total="197632" percent="100" />
    </mem>
    <remembered-set count="120" />
  </mem-info>
</gc-start>
<allocation-stats totalBytes="59798712" >
  <allocated-bytes non-tlh="1168" tlh="59797544" />
  <largest-consumer threadName="main" threadId="0000000000AEAF00" bytes="59798712" />
</allocation-stats>
<gc-op id="3526" type="scavenge" timems="1.037" contextid="3523" timestamp="2019-08-08T09:22:31.924">
  <scavenger-info tenureage="3" tenuremask="fff8" tiltratio="89" />
  <memory-copied type="nursery" objects="2" bytes="56" bytesdiscarded="32200" />
</gc-op>
<heap-resize id="3527" type="expand" space="nursery" amount="3670016" count="1" timems="0.017" reason="excessive time being spent scavenging" timestamp="2019-08-08T09:22:31.924" />
<gc-end id="3528" type="scavenge" contextid="3523" durationms="1.308" usertimems="1.811" systemtimems="0.000" timestamp="2019-08-08T09:22:31.925" activeThreads="16">
  <mem-info id="3529" free="64824624" total="90243072" percent="71">
    <mem type="nursery" free="63275520" total="70385664" percent="89">
      <mem type="allocate" free="63275520" total="63307776" percent="99" />
      <mem type="survivor" free="0" total="7077888" percent="0" />
    </mem>
    <mem type="tenure" free="1549104" total="19857408" percent="7" macro-fragmented="492">
      <mem type="soa" free="1351472" total="19659776" percent="6" />
      <mem type="loa" free="197632" total="197632" percent="100" />
    </mem>
    <remembered-set count="120" />
  </mem-info>
</gc-end>
<cycle-end id="3530" type="scavenge" contextid="3523" timestamp="2019-08-08T09:22:31.925" />
  <attribute name="elasticGC enabled" value="1" />
  <attribute name= "numThreadsSpecified" value="16" />
  <attribute name="heapSize specified" value="43057152" />
  <attribute name="Current GC Util" value="16" />
  <attribute name= "Current Time Running" value="143077" />
  <attribute name ="GC Interval" value="2345" />
  <attribute name="Target GC Util Change" value ="80.000000" />
  <attribute name="Current GC Util Change" value="16.000000"/>
  <attribute name="Current Error" value="186.000000" />
  <attribute name="Output H" value="86648952"/>
  <attribute name="Output I" value="2344"/>
  <attribute name="Output T" value="16"/>
  <attribute name= "Current Time Running" value="143077" />
  <attribute name="GC Util currently" value="16" />
  <attribute name="CPU Util currently" value="138406337366" />
<allocation-satisfied id="3531" threadId="0000000000AEAF00" bytesRequested="1168" />
<af-end id="3532" timestamp="2019-08-08T09:22:31.925" threadId="0000000000AEB888" success="true" from="nursery"/>
<exclusive-end id="3533" timestamp="2019-08-08T09:22:31.925" durationms="1.519" />

<exclusive-start id="3534" timestamp="2019-08-08T09:22:31.935" intervalms="11.373">
  <response-info timems="0.020" idlems="0.020" threads="0" lastid="0000000000AEAF00" lastname="main" />
</exclusive-start>
<af-start id="3535" threadId="0000000000AEB888" totalBytesRequested="1168" timestamp="2019-08-08T09:22:31.935" intervalms="11.375" type="nursery" />
<cycle-start id="3536" type="scavenge" contextid="0" timestamp="2019-08-08T09:22:31.935" intervalms="11.375" />
<gc-start id="3537" type="scavenge" contextid="3536" timestamp="2019-08-08T09:22:31.935">
  <mem-info id="3538" free="1549104" total="90243072" percent="1">
    <mem type="nursery" free="0" total="70385664" percent="0">
      <mem type="allocate" free="0" total="63307776" percent="0" />
      <mem type="survivor" free="0" total="7077888" percent="0" />
    </mem>
    <mem type="tenure" free="1549104" total="19857408" percent="7">
      <mem type="soa" free="1351472" total="19659776" percent="6" />
      <mem type="loa" free="197632" total="197632" percent="100" />
    </mem>
    <remembered-set count="125" />
  </mem-info>
</gc-start>
<allocation-stats totalBytes="62959272" >
  <allocated-bytes non-tlh="1168" tlh="62958104" />
  <largest-consumer threadName="main" threadId="0000000000AEAF00" bytes="62959272" />
</allocation-stats>
<gc-op id="3539" type="scavenge" timems="0.945" contextid="3536" timestamp="2019-08-08T09:22:31.936">
  <scavenger-info tenureage="3" tenuremask="fff8" tiltratio="89" />
  <memory-copied type="nursery" objects="27" bytes="1936" bytesdiscarded="30320" />
</gc-op>
<heap-resize id="3540" type="expand" space="nursery" amount="2752512" count="1" timems="0.017" reason="excessive time being spent scavenging" timestamp="2019-08-08T09:22:31.936" />
<gc-end id="3541" type="scavenge" contextid="3536" durationms="1.241" usertimems="1.913" systemtimems="0.000" timestamp="2019-08-08T09:22:31.936" activeThreads="16">
  <mem-info id="3542" free="67249456" total="92995584" percent="72">
    <mem type="nursery" free="65700352" total="73138176" percent="89">
      <mem type="allocate" free="65700352" total="65732608" percent="99" />
      <mem type="survivor" free="0" total="7405568" percent="0" />
    </mem>
    <mem type="tenure" free="1549104" total="19857408" percent="7" macro-fragmented="0">
      <mem type="soa" free="1351472" total="19659776" percent="6" />
      <mem type="loa" free="197632" total="197632" percent="100" />
    </mem>
    <remembered-set count="125" />
  </mem-info>
</gc-end>
<cycle-end id="3543" type="scavenge" contextid="3536" timestamp="2019-08-08T09:22:31.936" />
  <attribute name="elasticGC enabled" value="1" />
  <attribute name= "numThreadsSpecified" value="16" />
  <attribute name="heapSize specified" value="43057152" />
  <attribute name="Current GC Util" value="16" />
  <attribute name= "Current Time Running" value="143088" />
  <attribute name ="GC Interval" value="2457" />
  <attribute name="Target GC Util Change" value ="80.000000" />
  <attribute name="Current GC Util Change" value="16.000000"/>
  <attribute name="Current Error" value="250.000000" />
  <attribute name="Output H" value="90319040"/>
  <attribute name="Output I" value="2456"/>
  <attribute name="Output T" value="16"/>
  <attribute name= "Current Time Running" value="143088" />
  <attribute name="GC Util currently" value="16" />
  <attribute name="CPU Util currently" value="100681050985" />
<allocation-satisfied id="3544" threadId="0000000000AEAF00" bytesRequested="1168" />
<af-end id="3545" timestamp="2019-08-08T09:22:31.936" threadId="0000000000AEB888" success="true" from="nursery"/>
<exclusive-end id="3546" timestamp="2019-08-08T09:22:31.936" durationms="1.459" />

<exclusive-start id="3547" timestamp="2019-08-08T09:22:31.944" intervalms="9.159">
  <response-info timems="0.025" idlems="0.025" threads="0" lastid="0000000000AEAF00" lastname="main" />
</exclusive-start>
<af-start id="3548" threadId="0000000000AEB888" totalBytesRequested="1168" timestamp="2019-08-08T09:22:31.944" intervalms="9.172" type="nursery" />
<cycle-start id="3549" type="scavenge" contextid="0" timestamp="2019-08-08T09:22:31.944" intervalms="9.173" />
<gc-start id="3550" type="scavenge" contextid="3549" timestamp="2019-08-08T09:22:31.944">
  <mem-info id="3551" free="1549104" total="92995584" percent="1">
    <mem type="nursery" free="0" total="73138176" percent="0">
      <mem type="allocate" free="0" total="65732608" percent="0" />
      <mem type="survivor" free="0" total="7405568" percent="0" />
    </mem>
    <mem type="tenure" free="1549104" total="19857408" percent="7">
      <mem type="soa" free="1351472" total="19659776" percent="6" />
      <mem type="loa" free="197632" total="197632" percent="100" />
    </mem>
    <remembered-set count="125" />
  </mem-info>
</gc-start>
<allocation-stats totalBytes="65279304" >
  <allocated-bytes non-tlh="1168" tlh="65278136" />
  <largest-consumer threadName="main" threadId="0000000000AEAF00" bytes="65279304" />
</allocation-stats>
<gc-op id="3552" type="scavenge" timems="1.330" contextid="3549" timestamp="2019-08-08T09:22:31.945">
  <scavenger-info tenureage="3" tenuremask="fff8" tiltratio="89" />
  <memory-copied type="nursery" objects="28" bytes="1960" bytesdiscarded="30296" />
</gc-op>
<heap-resize id="3553" type="expand" space="nursery" amount="3538944" count="1" timems="0.016" reason="excessive time being spent scavenging" timestamp="2019-08-08T09:22:31.945" />
<gc-end id="3554" type="scavenge" contextid="3549" durationms="1.586" usertimems="2.385" systemtimems="0.000" timestamp="2019-08-08T09:22:31.945" activeThreads="16">
  <mem-info id="3555" free="70460720" total="96534528" percent="72">
    <mem type="nursery" free="68911616" total="76677120" percent="89">
      <mem type="allocate" free="68911616" total="68943872" percent="99" />
      <mem type="survivor" free="0" total="7733248" percent="0" />
    </mem>
    <mem type="tenure" free="1549104" total="19857408" percent="7" macro-fragmented="0">
      <mem type="soa" free="1351472" total="19659776" percent="6" />
      <mem type="loa" free="197632" total="197632" percent="100" />
    </mem>
    <remembered-set count="115" />
  </mem-info>
</gc-end>
<cycle-end id="3556" type="scavenge" contextid="3549" timestamp="2019-08-08T09:22:31.945" />
  <attribute name="elasticGC enabled" value="1" />
  <attribute name= "numThreadsSpecified" value="16" />
  <attribute name="heapSize specified" value="43057152" />
  <attribute name="Current GC Util" value="22" />
  <attribute name= "Current Time Running" value="143097" />
  <attribute name ="GC Interval" value="2561" />
  <attribute name="Target GC Util Change" value ="80.000000" />
  <attribute name="Current GC Util Change" value="22.000000"/>
  <attribute name="Current Error" value="308.000000" />
  <attribute name="Output H" value="93071624"/>
  <attribute name="Output I" value="2560"/>
  <attribute name="Output T" value="16"/>
  <attribute name= "Current Time Running" value="143097" />
  <attribute name="GC Util currently" value="22" />
  <attribute name="CPU Util currently" value="126595560627" />
<allocation-satisfied id="3557" threadId="0000000000AEAF00" bytesRequested="1168" />
<af-end id="3558" timestamp="2019-08-08T09:22:31.946" threadId="0000000000AEB888" success="true" from="nursery"/>
<exclusive-end id="3559" timestamp="2019-08-08T09:22:31.946" durationms="1.811" />

<exclusive-start id="3560" timestamp="2019-08-08T09:22:31.954" intervalms="10.458">
  <response-info timems="0.022" idlems="0.022" threads="0" lastid="0000000000AEAF00" lastname="main" />
</exclusive-start>
<af-start id="3561" threadId="0000000000AEB888" totalBytesRequested="1168" timestamp="2019-08-08T09:22:31.954" intervalms="10.471" type="nursery" />
<cycle-start id="3562" type="scavenge" contextid="0" timestamp="2019-08-08T09:22:31.954" intervalms="10.474" />
<gc-start id="3563" type="scavenge" contextid="3562" timestamp="2019-08-08T09:22:31.954">
  <mem-info id="3564" free="1549104" total="96534528" percent="1">
    <mem type="nursery" free="0" total="76677120" percent="0">
      <mem type="allocate" free="0" total="68943872" percent="0" />
      <mem type="survivor" free="0" total="7733248" percent="0" />
    </mem>
    <mem type="tenure" free="1549104" total="19857408" percent="7">
      <mem type="soa" free="1351472" total="19659776" percent="6" />
      <mem type="loa" free="197632" total="197632" percent="100" />
    </mem>
    <remembered-set count="115" />
  </mem-info>
</gc-start>
<allocation-stats totalBytes="68480696" >
  <allocated-bytes non-tlh="1168" tlh="68479528" />
  <largest-consumer threadName="main" threadId="0000000000AEAF00" bytes="68480696" />
</allocation-stats>
<gc-op id="3565" type="scavenge" timems="0.895" contextid="3562" timestamp="2019-08-08T09:22:31.955">
  <scavenger-info tenureage="3" tenuremask="fff8" tiltratio="89" />
  <memory-copied type="nursery" objects="28" bytes="1960" bytesdiscarded="30296" />
</gc-op>
<heap-resize id="3566" type="expand" space="nursery" amount="3276800" count="1" timems="0.016" reason="excessive time being spent scavenging" timestamp="2019-08-08T09:22:31.955" />
<gc-end id="3567" type="scavenge" contextid="3562" durationms="1.142" usertimems="1.991" systemtimems="0.000" timestamp="2019-08-08T09:22:31.956" activeThreads="16">
  <mem-info id="3568" free="73475376" total="99811328" percent="73">
    <mem type="nursery" free="71926272" total="79953920" percent="89">
      <mem type="allocate" free="71926272" total="71958528" percent="99" />
      <mem type="survivor" free="0" total="7995392" percent="0" />
    </mem>
    <mem type="tenure" free="1549104" total="19857408" percent="7" macro-fragmented="0">
      <mem type="soa" free="1351472" total="19659776" percent="6" />
      <mem type="loa" free="197632" total="197632" percent="100" />
    </mem>
    <remembered-set count="115" />
  </mem-info>
</gc-end>
<cycle-end id="3569" type="scavenge" contextid="3562" timestamp="2019-08-08T09:22:31.956" />
  <attribute name="elasticGC enabled" value="1" />
  <attribute name= "numThreadsSpecified" value="16" />
  <attribute name="heapSize specified" value="43057152" />
  <attribute name="Current GC Util" value="23" />
  <attribute name= "Current Time Running" value="143108" />
  <attribute name ="GC Interval" value="2665" />
  <attribute name="Target GC Util Change" value ="80.000000" />
  <attribute name="Current GC Util Change" value="23.000000"/>
  <attribute name="Current Error" value="365.000000" />
  <attribute name="Output H" value="96610632"/>
  <attribute name="Output I" value="2664"/>
  <attribute name="Output T" value="16"/>
  <attribute name= "Current Time Running" value="143108" />
  <attribute name="GC Util currently" value="23" />
  <attribute name="CPU Util currently" value="109448338867" />
<allocation-satisfied id="3570" threadId="0000000000AEAF00" bytesRequested="1168" />
<af-end id="3571" timestamp="2019-08-08T09:22:31.956" threadId="0000000000AEB888" success="true" from="nursery"/>
<exclusive-end id="3572" timestamp="2019-08-08T09:22:31.956" durationms="1.442" />

<exclusive-start id="3573" timestamp="2019-08-08T09:22:31.964" intervalms="9.591">
  <response-info timems="0.019" idlems="0.019" threads="0" lastid="0000000000AEAF00" lastname="main" />
</exclusive-start>
<af-start id="3574" threadId="0000000000AEB888" totalBytesRequested="1168" timestamp="2019-08-08T09:22:31.964" intervalms="9.563" type="nursery" />
<cycle-start id="3575" type="scavenge" contextid="0" timestamp="2019-08-08T09:22:31.964" intervalms="9.578" />
<gc-start id="3576" type="scavenge" contextid="3575" timestamp="2019-08-08T09:22:31.964">
  <mem-info id="3577" free="1549104" total="99811328" percent="1">
    <mem type="nursery" free="0" total="79953920" percent="0">
      <mem type="allocate" free="0" total="71958528" percent="0" />
      <mem type="survivor" free="0" total="7995392" percent="0" />
    </mem>
    <mem type="tenure" free="1549104" total="19857408" percent="7">
      <mem type="soa" free="1351472" total="19659776" percent="6" />
      <mem type="loa" free="197632" total="197632" percent="100" />
    </mem>
    <remembered-set count="115" />
  </mem-info>
</gc-start>
<allocation-stats totalBytes="71476472" >
  <allocated-bytes non-tlh="1168" tlh="71475304" />
  <largest-consumer threadName="main" threadId="0000000000AEAF00" bytes="71476472" />
</allocation-stats>
<gc-op id="3578" type="scavenge" timems="0.937" contextid="3575" timestamp="2019-08-08T09:22:31.965">
  <scavenger-info tenureage="3" tenuremask="fff8" tiltratio="90" />
  <memory-copied type="nursery" objects="2" bytes="64" bytesdiscarded="16064" />
  <memory-copied type="tenure" objects="26" bytes="1896" bytesdiscarded="0" />
</gc-op>
<heap-resize id="3579" type="expand" space="nursery" amount="3932160" count="1" timems="0.018" reason="excessive time being spent scavenging" timestamp="2019-08-08T09:22:31.965" />
<gc-end id="3580" type="scavenge" contextid="3575" durationms="1.196" usertimems="2.155" systemtimems="0.000" timestamp="2019-08-08T09:22:31.965" activeThreads="16">
  <mem-info id="3581" free="77030448" total="103743488" percent="74">
    <mem type="nursery" free="75481344" total="83886080" percent="89">
      <mem type="allocate" free="75481344" total="75497472" percent="99" />
      <mem type="survivor" free="0" total="8388608" percent="0" />
    </mem>
    <mem type="tenure" free="1549104" total="19857408" percent="7" macro-fragmented="0">
      <mem type="soa" free="1351472" total="19659776" percent="6" />
      <mem type="loa" free="197632" total="197632" percent="100" />
    </mem>
    <remembered-set count="120" />
  </mem-info>
</gc-end>
<cycle-end id="3582" type="scavenge" contextid="3575" timestamp="2019-08-08T09:22:31.965" />
  <attribute name="elasticGC enabled" value="1" />
  <attribute name= "numThreadsSpecified" value="16" />
  <attribute name="heapSize specified" value="43057152" />
  <attribute name="Current GC Util" value="22" />
  <attribute name= "Current Time Running" value="143118" />
  <attribute name ="GC Interval" value="2113" />
  <attribute name="Target GC Util Change" value ="80.000000" />
  <attribute name="Current GC Util Change" value="22.000000"/>
  <attribute name="Current Error" value="58.000000" />
  <attribute name="Output H" value="99887080"/>
  <attribute name="Output I" value="2112"/>
  <attribute name="Output T" value="16"/>
  <attribute name= "Current Time Running" value="143118" />
  <attribute name="GC Util currently" value="22" />
  <attribute name="CPU Util currently" value="121179953625" />
<allocation-satisfied id="3583" threadId="0000000000AEAF00" bytesRequested="1168" />
<af-end id="3584" timestamp="2019-08-08T09:22:31.965" threadId="0000000000AEB888" success="true" from="nursery"/>
<exclusive-end id="3585" timestamp="2019-08-08T09:22:31.965" durationms="1.430" />

<exclusive-start id="3586" timestamp="2019-08-08T09:22:31.975" intervalms="11.199">
  <response-info timems="0.027" idlems="0.027" threads="0" lastid="0000000000AEAF00" lastname="main" />
</exclusive-start>
<af-start id="3587" threadId="0000000000AEB888" totalBytesRequested="1168" timestamp="2019-08-08T09:22:31.975" intervalms="11.212" type="nursery" />
<cycle-start id="3588" type="scavenge" contextid="0" timestamp="2019-08-08T09:22:31.975" intervalms="11.198" />
<gc-start id="3589" type="scavenge" contextid="3588" timestamp="2019-08-08T09:22:31.975">
  <mem-info id="3590" free="1549104" total="103743488" percent="1">
    <mem type="nursery" free="0" total="83886080" percent="0">
      <mem type="allocate" free="0" total="75497472" percent="0" />
      <mem type="survivor" free="0" total="8388608" percent="0" />
    </mem>
    <mem type="tenure" free="1549104" total="19857408" percent="7">
      <mem type="soa" free="1351472" total="19659776" percent="6" />
      <mem type="loa" free="197632" total="197632" percent="100" />
    </mem>
    <remembered-set count="120" />
  </mem-info>
</gc-start>
<allocation-stats totalBytes="75008096" >
  <allocated-bytes non-tlh="1168" tlh="75006928" />
  <largest-consumer threadName="main" threadId="0000000000AEAF00" bytes="75008096" />
</allocation-stats>
<gc-op id="3591" type="scavenge" timems="0.766" contextid="3588" timestamp="2019-08-08T09:22:31.976">
  <scavenger-info tenureage="3" tenuremask="ffe8" tiltratio="90" />
  <memory-copied type="nursery" objects="2" bytes="64" bytesdiscarded="32192" />
</gc-op>
<gc-end id="3592" type="scavenge" contextid="3588" durationms="1.028" usertimems="1.369" systemtimems="0.000" timestamp="2019-08-08T09:22:31.976" activeThreads="16">
  <mem-info id="3593" free="77014320" total="103743488" percent="74">
    <mem type="nursery" free="75465216" total="83886080" percent="89">
      <mem type="allocate" free="75465216" total="75497472" percent="99" />
      <mem type="survivor" free="0" total="8388608" percent="0" />
    </mem>
    <mem type="tenure" free="1549104" total="19857408" percent="7" macro-fragmented="0">
      <mem type="soa" free="1351472" total="19659776" percent="6" />
      <mem type="loa" free="197632" total="197632" percent="100" />
    </mem>
    <remembered-set count="120" />
  </mem-info>
</gc-end>
<cycle-end id="3594" type="scavenge" contextid="3588" timestamp="2019-08-08T09:22:31.976" />
  <attribute name="elasticGC enabled" value="1" />
  <attribute name= "numThreadsSpecified" value="16" />
  <attribute name="heapSize specified" value="43057152" />
  <attribute name="Current GC Util" value="20" />
  <attribute name= "Current Time Running" value="143129" />
  <attribute name ="GC Interval" value="2225" />
  <attribute name="Target GC Util Change" value ="80.000000" />
  <attribute name="Current GC Util Change" value="20.000000"/>
  <attribute name="Current Error" value="118.000000" />
  <attribute name="Output H" value="103819304"/>
  <attribute name="Output I" value="2224"/>
  <attribute name="Output T" value="16"/>
  <attribute name= "Current Time Running" value="143129" />
  <attribute name="GC Util currently" value="20" />
  <attribute name="CPU Util currently" value="101982276746" />
<allocation-satisfied id="3595" threadId="0000000000AEAF00" bytesRequested="1168" />
<af-end id="3596" timestamp="2019-08-08T09:22:31.976" threadId="0000000000AEB888" success="true" from="nursery"/>
<exclusive-end id="3597" timestamp="2019-08-08T09:22:31.976" durationms="1.402" />

<exclusive-start id="3598" timestamp="2019-08-08T09:22:31.997" intervalms="22.494">
  <response-info timems="0.018" idlems="0.018" threads="0" lastid="0000000000AEAF00" lastname="main" />
</exclusive-start>
<af-start id="3599" threadId="0000000000AEB888" totalBytesRequested="24" timestamp="2019-08-08T09:22:31.998" intervalms="22.479" type="nursery" />
<cycle-start id="3600" type="scavenge" contextid="0" timestamp="2019-08-08T09:22:31.998" intervalms="22.473" />
<gc-start id="3601" type="scavenge" contextid="3600" timestamp="2019-08-08T09:22:31.998">
  <mem-info id="3602" free="1549104" total="103743488" percent="1">
    <mem type="nursery" free="0" total="83886080" percent="0">
      <mem type="allocate" free="0" total="75497472" percent="0" />
      <mem type="survivor" free="0" total="8388608" percent="0" />
    </mem>
    <mem type="tenure" free="1549104" total="19857408" percent="7">
      <mem type="soa" free="1351472" total="19659776" percent="6" />
      <mem type="loa" free="197632" total="197632" percent="100" />
    </mem>
    <remembered-set count="125" />
  </mem-info>
</gc-start>
<allocation-stats totalBytes="75447192" >
  <allocated-bytes non-tlh="1168" tlh="75446024" />
  <largest-consumer threadName="main" threadId="0000000000AEAF00" bytes="75447192" />
</allocation-stats>
<gc-op id="3603" type="scavenge" timems="0.911" contextid="3600" timestamp="2019-08-08T09:22:31.999">
  <scavenger-info tenureage="3" tenuremask="fff8" tiltratio="90" />
  <memory-copied type="nursery" objects="158" bytes="5248" bytesdiscarded="27008" />
</gc-op>
<gc-end id="3604" type="scavenge" contextid="3600" durationms="1.210" usertimems="2.058" systemtimems="0.000" timestamp="2019-08-08T09:22:31.999" activeThreads="16">
  <mem-info id="3605" free="77014320" total="103743488" percent="74">
    <mem type="nursery" free="75465216" total="83886080" percent="89">
      <mem type="allocate" free="75465216" total="75497472" percent="99" />
      <mem type="survivor" free="0" total="8388608" percent="0" />
    </mem>
    <mem type="tenure" free="1549104" total="19857408" percent="7" macro-fragmented="2539">
      <mem type="soa" free="1351472" total="19659776" percent="6" />
      <mem type="loa" free="197632" total="197632" percent="100" />
    </mem>
    <remembered-set count="125" />
  </mem-info>
</gc-end>
<cycle-end id="3606" type="scavenge" contextid="3600" timestamp="2019-08-08T09:22:31.999" />
  <attribute name="elasticGC enabled" value="1" />
  <attribute name= "numThreadsSpecified" value="16" />
  <attribute name="heapSize specified" value="43057152" />
  <attribute name="Current GC Util" value="7" />
  <attribute name= "Current Time Running" value="143151" />
  <attribute name ="GC Interval" value="2353" />
  <attribute name="Target GC Util Change" value ="80.000000" />
  <attribute name="Current GC Util Change" value="7.000000"/>
  <attribute name="Current Error" value="191.000000" />
  <attribute name="Output H" value="103819392"/>
  <attribute name="Output I" value="2352"/>
  <attribute name="Output T" value="16"/>
  <attribute name= "Current Time Running" value="143151" />
  <attribute name="GC Util currently" value="7" />
  <attribute name="CPU Util currently" value="51569599202" />
<allocation-satisfied id="3607" threadId="0000000000AEAF00" bytesRequested="24" />
<af-end id="3608" timestamp="2019-08-08T09:22:31.999" threadId="0000000000AEB888" success="true" from="nursery"/>
<exclusive-end id="3609" timestamp="2019-08-08T09:22:31.999" durationms="1.482" />

<exclusive-start id="3610" timestamp="2019-08-08T09:22:32.071" intervalms="73.096">
  <response-info timems="0.018" idlems="0.018" threads="0" lastid="0000000000AEAF00" lastname="main" />
</exclusive-start>
<af-start id="3611" threadId="0000000000AEB888" totalBytesRequested="32" timestamp="2019-08-08T09:22:32.071" intervalms="73.097" type="nursery" />
<cycle-start id="3612" type="scavenge" contextid="0" timestamp="2019-08-08T09:22:32.071" intervalms="73.099" />
<gc-start id="3613" type="scavenge" contextid="3612" timestamp="2019-08-08T09:22:32.071">
  <mem-info id="3614" free="1549104" total="103743488" percent="1">
    <mem type="nursery" free="0" total="83886080" percent="0">
      <mem type="allocate" free="0" total="75497472" percent="0" />
      <mem type="survivor" free="0" total="8388608" percent="0" />
    </mem>
    <mem type="tenure" free="1549104" total="19857408" percent="7">
      <mem type="soa" free="1351472" total="19659776" percent="6" />
      <mem type="loa" free="197632" total="197632" percent="100" />
    </mem>
    <remembered-set count="130" />
  </mem-info>
</gc-start>
<allocation-stats totalBytes="75455456" >
  <allocated-bytes non-tlh="24" tlh="75455432" />
  <largest-consumer threadName="main" threadId="0000000000AEAF00" bytes="75455456" />
</allocation-stats>
<gc-op id="3615" type="scavenge" timems="1.152" contextid="3612" timestamp="2019-08-08T09:22:32.072">
  <scavenger-info tenureage="3" tenuremask="fff8" tiltratio="90" />
  <memory-copied type="nursery" objects="245" bytes="7936" bytesdiscarded="48080" />
  <references type="weak" candidates="37" cleared="0" enqueued="0" />
</gc-op>
<gc-end id="3616" type="scavenge" contextid="3612" durationms="1.358" usertimems="2.526" systemtimems="0.000" timestamp="2019-08-08T09:22:32.072" activeThreads="16">
  <mem-info id="3617" free="76990512" total="103743488" percent="74">
    <mem type="nursery" free="75441408" total="83886080" percent="89">
      <mem type="allocate" free="75441408" total="75497472" percent="99" />
      <mem type="survivor" free="0" total="8388608" percent="0" />
    </mem>
    <mem type="tenure" free="1549104" total="19857408" percent="7" macro-fragmented="0">
      <mem type="soa" free="1351472" total="19659776" percent="6" />
      <mem type="loa" free="197632" total="197632" percent="100" />
    </mem>
    <remembered-set count="120" />
  </mem-info>
</gc-end>
<cycle-end id="3618" type="scavenge" contextid="3612" timestamp="2019-08-08T09:22:32.072" />
  <attribute name="elasticGC enabled" value="1" />
  <attribute name= "numThreadsSpecified" value="16" />
  <attribute name="heapSize specified" value="43057152" />
  <attribute name="Current GC Util" value="3" />
  <attribute name= "Current Time Running" value="143224" />
  <attribute name ="GC Interval" value="2489" />
  <attribute name="Target GC Util Change" value ="80.000000" />
  <attribute name="Current GC Util Change" value="3.000000"/>
  <attribute name="Current Error" value="268.000000" />
  <attribute name="Output H" value="103819480"/>
  <attribute name="Output I" value="2488"/>
  <attribute name="Output T" value="16"/>
  <attribute name= "Current Time Running" value="143224" />
  <attribute name="GC Util currently" value="3" />
  <attribute name="CPU Util currently" value="15774270193" />
<allocation-satisfied id="3619" threadId="0000000000AEAF00" bytesRequested="32" />
<af-end id="3620" timestamp="2019-08-08T09:22:32.072" threadId="0000000000AEB888" success="true" from="nursery"/>
<exclusive-end id="3621" timestamp="2019-08-08T09:22:32.072" durationms="1.570" />

<exclusive-start id="3622" timestamp="2019-08-08T09:22:32.092" intervalms="21.462">
  <response-info timems="0.028" idlems="0.028" threads="0" lastid="0000000000AEAF00" lastname="main" />
</exclusive-start>
<af-start id="3623" threadId="0000000000AEB888" totalBytesRequested="312" timestamp="2019-08-08T09:22:32.092" intervalms="21.482" type="nursery" />
<cycle-start id="3624" type="scavenge" contextid="0" timestamp="2019-08-08T09:22:32.092" intervalms="21.512" />
<gc-start id="3625" type="scavenge" contextid="3624" timestamp="2019-08-08T09:22:32.092">
  <mem-info id="3626" free="1549104" total="103743488" percent="1">
    <mem type="nursery" free="0" total="83886080" percent="0">
      <mem type="allocate" free="0" total="75497472" percent="0" />
      <mem type="survivor" free="0" total="8388608" percent="0" />
    </mem>
    <mem type="tenure" free="1549104" total="19857408" percent="7">
      <mem type="soa" free="1351472" total="19659776" percent="6" />
      <mem type="loa" free="197632" total="197632" percent="100" />
    </mem>
    <remembered-set count="122" />
  </mem-info>
</gc-start>
<allocation-stats totalBytes="75401136" >
  <allocated-bytes non-tlh="32" tlh="75401104" />
  <largest-consumer threadName="main" threadId="0000000000AEAF00" bytes="75401136" />
</allocation-stats>
<gc-op id="3627" type="scavenge" timems="0.839" contextid="3624" timestamp="2019-08-08T09:22:32.093">
  <scavenger-info tenureage="3" tenuremask="fff8" tiltratio="90" />
  <memory-copied type="nursery" objects="79" bytes="2568" bytesdiscarded="45048" />
  <references type="weak" candidates="37" cleared="7" enqueued="3" />
</gc-op>
<gc-end id="3628" type="scavenge" contextid="3624" durationms="1.044" usertimems="1.270" systemtimems="0.000" timestamp="2019-08-08T09:22:32.093" activeThreads="16">
  <mem-info id="3629" free="76998960" total="103743488" percent="74">
    <mem type="nursery" free="75449856" total="83886080" percent="89">
      <mem type="allocate" free="75449856" total="75497472" percent="99" />
      <mem type="survivor" free="0" total="8388608" percent="0" />
    </mem>
    <mem type="tenure" free="1549104" total="19857408" percent="7" macro-fragmented="3047">
      <mem type="soa" free="1351472" total="19659776" percent="6" />
      <mem type="loa" free="197632" total="197632" percent="100" />
    </mem>
    <pending-finalizers system="0" default="0" reference="3" classloader="0" />
    <remembered-set count="122" />
  </mem-info>
</gc-end>
<cycle-end id="3630" type="scavenge" contextid="3624" timestamp="2019-08-08T09:22:32.093" />
  <attribute name="elasticGC enabled" value="1" />
  <attribute name= "numThreadsSpecified" value="16" />
  <attribute name="heapSize specified" value="43057152" />
  <attribute name="Current GC Util" value="12" />
  <attribute name= "Current Time Running" value="143246" />
  <attribute name ="GC Interval" value="2609" />
  <attribute name="Target GC Util Change" value ="80.000000" />
  <attribute name="Current GC Util Change" value="12.000000"/>
  <attribute name="Current Error" value="336.000000" />
  <attribute name="Output H" value="103819560"/>
  <attribute name="Output I" value="2608"/>
  <attribute name="Output T" value="16"/>
  <attribute name= "Current Time Running" value="143246" />
  <attribute name="GC Util currently" value="12" />
  <attribute name="CPU Util currently" value="53467343869" />
<allocation-satisfied id="3631" threadId="0000000000AEAF00" bytesRequested="312" />
<af-end id="3632" timestamp="2019-08-08T09:22:32.093" threadId="0000000000AEB888" success="true" from="nursery"/>
<exclusive-end id="3633" timestamp="2019-08-08T09:22:32.093" durationms="1.316" />

<exclusive-start id="3634" timestamp="2019-08-08T09:22:32.109" intervalms="16.741">
  <response-info timems="0.021" idlems="0.021" threads="0" lastid="0000000000AEAF00" lastname="main" />
</exclusive-start>
<af-start id="3635" threadId="0000000000AEB888" totalBytesRequested="32" timestamp="2019-08-08T09:22:32.109" intervalms="16.719" type="nursery" />
<cycle-start id="3636" type="scavenge" contextid="0" timestamp="2019-08-08T09:22:32.109" intervalms="16.687" />
<gc-start id="3637" type="scavenge" contextid="3636" timestamp="2019-08-08T09:22:32.109">
  <mem-info id="3638" free="1549104" total="103743488" percent="1">
    <mem type="nursery" free="0" total="83886080" percent="0">
      <mem type="allocate" free="0" total="75497472" percent="0" />
      <mem type="survivor" free="0" total="8388608" percent="0" />
    </mem>
    <mem type="tenure" free="1549104" total="19857408" percent="7">
      <mem type="soa" free="1351472" total="19659776" percent="6" />
      <mem type="loa" free="197632" total="197632" percent="100" />
    </mem>
    <remembered-set count="123" />
  </mem-info>
</gc-start>
<allocation-stats totalBytes="75411120" >
  <allocated-bytes non-tlh="312" tlh="75410808" />
  <largest-consumer threadName="main" threadId="0000000000AEAF00" bytes="75411120" />
</allocation-stats>
<gc-op id="3639" type="scavenge" timems="0.886" contextid="3636" timestamp="2019-08-08T09:22:32.110">
  <scavenger-info tenureage="3" tenuremask="fff8" tiltratio="90" />
  <memory-copied type="nursery" objects="71" bytes="2240" bytesdiscarded="61504" />
  <memory-copied type="tenure" objects="7" bytes="160" bytesdiscarded="0" />
  <references type="weak" candidates="30" cleared="0" enqueued="0" />
</gc-op>
<gc-end id="3640" type="scavenge" contextid="3636" durationms="1.234" usertimems="1.739" systemtimems="0.000" timestamp="2019-08-08T09:22:32.110" activeThreads="16">
  <mem-info id="3641" free="76982832" total="103743488" percent="74">
    <mem type="nursery" free="75433728" total="83886080" percent="89">
      <mem type="allocate" free="75433728" total="75497472" percent="99" />
      <mem type="survivor" free="0" total="8388608" percent="0" />
    </mem>
    <mem type="tenure" free="1549104" total="19857408" percent="7" macro-fragmented="0">
      <mem type="soa" free="1351472" total="19659776" percent="6" />
      <mem type="loa" free="197632" total="197632" percent="100" />
    </mem>
    <remembered-set count="119" />
  </mem-info>
</gc-end>
<cycle-end id="3642" type="scavenge" contextid="3636" timestamp="2019-08-08T09:22:32.110" />
  <attribute name="elasticGC enabled" value="1" />
  <attribute name= "numThreadsSpecified" value="16" />
  <attribute name="heapSize specified" value="43057152" />
  <attribute name="Current GC Util" value="8" />
  <attribute name= "Current Time Running" value="143263" />
  <attribute name ="GC Interval" value="2737" />
  <attribute name="Target GC Util Change" value ="80.000000" />
  <attribute name="Current GC Util Change" value="8.000000"/>
  <attribute name="Current Error" value="408.000000" />
  <attribute name="Output H" value="103819640"/>
  <attribute name="Output I" value="2736"/>
  <attribute name="Output T" value="16"/>
  <attribute name= "Current Time Running" value="143263" />
  <attribute name="GC Util currently" value="8" />
  <attribute name="CPU Util currently" value="68915662144" />
<allocation-satisfied id="3643" threadId="0000000000AEAF00" bytesRequested="32" />
<af-end id="3644" timestamp="2019-08-08T09:22:32.110" threadId="0000000000AEB888" success="true" from="nursery"/>
<exclusive-end id="3645" timestamp="2019-08-08T09:22:32.110" durationms="1.452" />

<exclusive-start id="3646" timestamp="2019-08-08T09:22:32.125" intervalms="16.022">
  <response-info timems="0.018" idlems="0.018" threads="0" lastid="0000000000AEAF00" lastname="main" />
</exclusive-start>
<af-start id="3647" threadId="0000000000AEB888" totalBytesRequested="168" timestamp="2019-08-08T09:22:32.125" intervalms="16.026" type="nursery" />
<cycle-start id="3648" type="scavenge" contextid="0" timestamp="2019-08-08T09:22:32.125" intervalms="16.027" />
<gc-start id="3649" type="scavenge" contextid="3648" timestamp="2019-08-08T09:22:32.125">
  <mem-info id="3650" free="1549104" total="103743488" percent="1">
    <mem type="nursery" free="0" total="83886080" percent="0">
      <mem type="allocate" free="0" total="75497472" percent="0" />
      <mem type="survivor" free="0" total="8388608" percent="0" />
    </mem>
    <mem type="tenure" free="1549104" total="19857408" percent="7">
      <mem type="soa" free="1351472" total="19659776" percent="6" />
      <mem type="loa" free="197632" total="197632" percent="100" />
    </mem>
    <remembered-set count="119" />
  </mem-info>
</gc-start>
<allocation-stats totalBytes="75395144" >
  <allocated-bytes non-tlh="32" tlh="75395112" />
  <largest-consumer threadName="main" threadId="0000000000AEAF00" bytes="75395144" />
</allocation-stats>
<gc-op id="3651" type="scavenge" timems="0.683" contextid="3648" timestamp="2019-08-08T09:22:32.126">
  <scavenger-info tenureage="3" tenuremask="ffe8" tiltratio="90" />
  <memory-copied type="nursery" objects="23" bytes="832" bytesdiscarded="39104" />
  <memory-copied type="tenure" objects="49" bytes="1440" bytesdiscarded="0" />
</gc-op>
<gc-end id="3652" type="scavenge" contextid="3648" durationms="0.927" usertimems="1.335" systemtimems="0.000" timestamp="2019-08-08T09:22:32.126" activeThreads="16">
  <mem-info id="3653" free="77006640" total="103743488" percent="74">
    <mem type="nursery" free="75457536" total="83886080" percent="89">
      <mem type="allocate" free="75457536" total="75497472" percent="99" />
      <mem type="survivor" free="0" total="8388608" percent="0" />
    </mem>
    <mem type="tenure" free="1549104" total="19857408" percent="7" macro-fragmented="0">
      <mem type="soa" free="1351472" total="19659776" percent="6" />
      <mem type="loa" free="197632" total="197632" percent="100" />
    </mem>
    <remembered-set count="113" />
  </mem-info>
</gc-end>
<cycle-end id="3654" type="scavenge" contextid="3648" timestamp="2019-08-08T09:22:32.126" />
  <attribute name="elasticGC enabled" value="1" />
  <attribute name= "numThreadsSpecified" value="16" />
  <attribute name="heapSize specified" value="43057152" />
  <attribute name="Current GC Util" value="11" />
  <attribute name= "Current Time Running" value="143279" />
  <attribute name ="GC Interval" value="2137" />
  <attribute name="Target GC Util Change" value ="80.000000" />
  <attribute name="Current GC Util Change" value="11.000000"/>
  <attribute name="Current Error" value="69.000000" />
  <attribute name="Output H" value="103819248"/>
  <attribute name="Output I" value="2136"/>
  <attribute name="Output T" value="16"/>
  <attribute name= "Current Time Running" value="143279" />
  <attribute name="GC Util currently" value="11" />
  <attribute name="CPU Util currently" value="72143862317" />
<allocation-satisfied id="3655" threadId="0000000000AEAF00" bytesRequested="168" />
<af-end id="3656" timestamp="2019-08-08T09:22:32.126" threadId="0000000000AEB888" success="true" from="nursery"/>
<exclusive-end id="3657" timestamp="2019-08-08T09:22:32.126" durationms="1.154" />

<exclusive-start id="3658" timestamp="2019-08-08T09:22:32.141" intervalms="15.753">
  <response-info timems="0.016" idlems="0.016" threads="0" lastid="0000000000AEAF00" lastname="main" />
</exclusive-start>
<af-start id="3659" threadId="0000000000AEB888" totalBytesRequested="40" timestamp="2019-08-08T09:22:32.141" intervalms="15.751" type="nursery" />
<cycle-start id="3660" type="scavenge" contextid="0" timestamp="2019-08-08T09:22:32.141" intervalms="15.750" />
<gc-start id="3661" type="scavenge" contextid="3660" timestamp="2019-08-08T09:22:32.141">
  <mem-info id="3662" free="1549104" total="103743488" percent="1">
    <mem type="nursery" free="0" total="83886080" percent="0">
      <mem type="allocate" free="0" total="75497472" percent="0" />
      <mem type="survivor" free="0" total="8388608" percent="0" />
    </mem>
    <mem type="tenure" free="1549104" total="19857408" percent="7">
      <mem type="soa" free="1351472" total="19659776" percent="6" />
      <mem type="loa" free="197632" total="197632" percent="100" />
    </mem>
    <remembered-set count="115" />
  </mem-info>
</gc-start>
<allocation-stats totalBytes="75392104" >
  <allocated-bytes non-tlh="168" tlh="75391936" />
  <largest-consumer threadName="main" threadId="0000000000AEAF00" bytes="75392104" />
</allocation-stats>
<gc-op id="3663" type="scavenge" timems="0.789" contextid="3660" timestamp="2019-08-08T09:22:32.141">
  <scavenger-info tenureage="3" tenuremask="ffe8" tiltratio="90" />
  <memory-copied type="nursery" objects="22" bytes="832" bytesdiscarded="31424" />
  <memory-copied type="tenure" objects="6" bytes="136" bytesdiscarded="0" />
</gc-op>
<gc-end id="3664" type="scavenge" contextid="3660" durationms="0.982" usertimems="1.353" systemtimems="0.000" timestamp="2019-08-08T09:22:32.142" activeThreads="16">
  <mem-info id="3665" free="77014320" total="103743488" percent="74">
    <mem type="nursery" free="75465216" total="83886080" percent="89">
      <mem type="allocate" free="75465216" total="75497472" percent="99" />
      <mem type="survivor" free="0" total="8388608" percent="0" />
    </mem>
    <mem type="tenure" free="1549104" total="19857408" percent="7" macro-fragmented="0">
      <mem type="soa" free="1351472" total="19659776" percent="6" />
      <mem type="loa" free="197632" total="197632" percent="100" />
    </mem>
    <remembered-set count="113" />
  </mem-info>
</gc-end>
<cycle-end id="3666" type="scavenge" contextid="3660" timestamp="2019-08-08T09:22:32.142" />
  <attribute name="elasticGC enabled" value="1" />
  <attribute name= "numThreadsSpecified" value="16" />
  <attribute name="heapSize specified" value="43057152" />
  <attribute name="Current GC Util" value="9" />
  <attribute name= "Current Time Running" value="143294" />
  <attribute name ="GC Interval" value="2265" />
  <attribute name="Target GC Util Change" value ="80.000000" />
  <attribute name="Current GC Util Change" value="9.000000"/>
  <attribute name="Current Error" value="140.000000" />
  <attribute name="Output H" value="103819336"/>
  <attribute name="Output I" value="2264"/>
  <attribute name="Output T" value="16"/>
  <attribute name= "Current Time Running" value="143294" />
  <attribute name="GC Util currently" value="9" />
  <attribute name="CPU Util currently" value="73058071847" />
<allocation-satisfied id="3667" threadId="0000000000AEAF00" bytesRequested="40" />
<af-end id="3668" timestamp="2019-08-08T09:22:32.142" threadId="0000000000AEB888" success="true" from="nursery"/>
<exclusive-end id="3669" timestamp="2019-08-08T09:22:32.142" durationms="1.181" />

<exclusive-start id="3670" timestamp="2019-08-08T09:22:32.165" intervalms="24.494">
  <response-info timems="0.019" idlems="0.019" threads="0" lastid="0000000000AEAF00" lastname="main" />
</exclusive-start>
<af-start id="3671" threadId="0000000000AEB888" totalBytesRequested="64" timestamp="2019-08-08T09:22:32.165" intervalms="24.491" type="nursery" />
<cycle-start id="3672" type="scavenge" contextid="0" timestamp="2019-08-08T09:22:32.165" intervalms="24.492" />
<gc-start id="3673" type="scavenge" contextid="3672" timestamp="2019-08-08T09:22:32.165">
  <mem-info id="3674" free="1549104" total="103743488" percent="1">
    <mem type="nursery" free="0" total="83886080" percent="0">
      <mem type="allocate" free="0" total="75497472" percent="0" />
      <mem type="survivor" free="0" total="8388608" percent="0" />
    </mem>
    <mem type="tenure" free="1549104" total="19857408" percent="7">
      <mem type="soa" free="1351472" total="19659776" percent="6" />
      <mem type="loa" free="197632" total="197632" percent="100" />
    </mem>
    <remembered-set count="115" />
  </mem-info>
</gc-start>
<allocation-stats totalBytes="75431760" >
  <allocated-bytes non-tlh="40" tlh="75431720" />
  <largest-consumer threadName="main" threadId="0000000000AEAF00" bytes="75431760" />
</allocation-stats>
<gc-op id="3675" type="scavenge" timems="0.672" contextid="3672" timestamp="2019-08-08T09:22:32.166">
  <scavenger-info tenureage="3" tenuremask="ffe8" tiltratio="90" />
  <memory-copied type="nursery" objects="40" bytes="1424" bytesdiscarded="30832" />
</gc-op>
<gc-end id="3676" type="scavenge" contextid="3672" durationms="0.938" usertimems="1.391" systemtimems="0.000" timestamp="2019-08-08T09:22:32.166" activeThreads="16">
  <mem-info id="3677" free="77014320" total="103743488" percent="74">
    <mem type="nursery" free="75465216" total="83886080" percent="89">
      <mem type="allocate" free="75465216" total="75497472" percent="99" />
      <mem type="survivor" free="0" total="8388608" percent="0" />
    </mem>
    <mem type="tenure" free="1549104" total="19857408" percent="7" macro-fragmented="0">
      <mem type="soa" free="1351472" total="19659776" percent="6" />
      <mem type="loa" free="197632" total="197632" percent="100" />
    </mem>
    <remembered-set count="115" />
  </mem-info>
</gc-end>
<cycle-end id="3678" type="scavenge" contextid="3672" timestamp="2019-08-08T09:22:32.166" />
  <attribute name="elasticGC enabled" value="1" />
  <attribute name= "numThreadsSpecified" value="16" />
  <attribute name="heapSize specified" value="43057152" />
  <attribute name="Current GC Util" value="6" />
  <attribute name= "Current Time Running" value="143319" />
  <attribute name ="GC Interval" value="2393" />
  <attribute name="Target GC Util Change" value ="80.000000" />
  <attribute name="Current GC Util Change" value="6.000000"/>
  <attribute name="Current Error" value="214.000000" />
  <attribute name="Output H" value="103819416"/>
  <attribute name="Output I" value="2392"/>
  <attribute name="Output T" value="16"/>
  <attribute name= "Current Time Running" value="143319" />
  <attribute name="GC Util currently" value="6" />
  <attribute name="CPU Util currently" value="47207168731" />
<allocation-satisfied id="3679" threadId="0000000000AEAF00" bytesRequested="64" />
<af-end id="3680" timestamp="2019-08-08T09:22:32.166" threadId="0000000000AEB888" success="true" from="nursery"/>
<exclusive-end id="3681" timestamp="2019-08-08T09:22:32.166" durationms="1.123" />

<exclusive-start id="3682" timestamp="2019-08-08T09:22:32.366" intervalms="200.664">
  <response-info timems="0.022" idlems="0.022" threads="0" lastid="0000000000AEAF00" lastname="main" />
</exclusive-start>
<af-start id="3683" threadId="0000000000AEB888" totalBytesRequested="19024" timestamp="2019-08-08T09:22:32.366" intervalms="200.675" type="nursery" />
<cycle-start id="3684" type="scavenge" contextid="0" timestamp="2019-08-08T09:22:32.366" intervalms="200.679" />
<gc-start id="3685" type="scavenge" contextid="3684" timestamp="2019-08-08T09:22:32.366">
  <mem-info id="3686" free="1549104" total="103743488" percent="1">
    <mem type="nursery" free="0" total="83886080" percent="0">
      <mem type="allocate" free="0" total="75497472" percent="0" />
      <mem type="survivor" free="0" total="8388608" percent="0" />
    </mem>
    <mem type="tenure" free="1549104" total="19857408" percent="7">
      <mem type="soa" free="1351472" total="19659776" percent="6" />
      <mem type="loa" free="197632" total="197632" percent="100" />
    </mem>
    <remembered-set count="127" />
  </mem-info>
</gc-start>
<allocation-stats totalBytes="72897272" >
  <allocated-bytes non-tlh="64" tlh="72897208" />
  <largest-consumer threadName="main" threadId="0000000000AEAF00" bytes="72897272" />
</allocation-stats>
<gc-op id="3687" type="scavenge" timems="0.823" contextid="3684" timestamp="2019-08-08T09:22:32.367">
  <scavenger-info tenureage="3" tenuremask="fff8" tiltratio="90" />
  <memory-copied type="nursery" objects="79" bytes="41496" bytesdiscarded="18672" />
</gc-op>
<gc-end id="3688" type="scavenge" contextid="3684" durationms="1.113" usertimems="1.519" systemtimems="0.000" timestamp="2019-08-08T09:22:32.367" activeThreads="16">
  <mem-info id="3689" free="76986408" total="103743488" percent="74">
    <mem type="nursery" free="75437304" total="83886080" percent="89">
      <mem type="allocate" free="75437304" total="75497472" percent="99" />
      <mem type="survivor" free="0" total="8388608" percent="0" />
    </mem>
    <mem type="tenure" free="1549104" total="19857408" percent="7" macro-fragmented="0">
      <mem type="soa" free="1351472" total="19659776" percent="6" />
      <mem type="loa" free="197632" total="197632" percent="100" />
    </mem>
    <remembered-set count="127" />
  </mem-info>
</gc-end>
<cycle-end id="3690" type="scavenge" contextid="3684" timestamp="2019-08-08T09:22:32.367" />
  <attribute name="elasticGC enabled" value="1" />
  <attribute name= "numThreadsSpecified" value="16" />
  <attribute name="heapSize specified" value="43057152" />
  <attribute name="Current GC Util" value="0" />
  <attribute name= "Current Time Running" value="143519" />
  <attribute name ="GC Interval" value="2537" />
  <attribute name="Target GC Util Change" value ="80.000000" />
  <attribute name="Current GC Util Change" value="0.000000"/>
  <attribute name="Current Error" value="294.000000" />
  <attribute name="Output H" value="103819512"/>
  <attribute name="Output I" value="2536"/>
  <attribute name="Output T" value="16"/>
  <attribute name= "Current Time Running" value="143519" />
  <attribute name="GC Util currently" value="0" />
  <attribute name="CPU Util currently" value="5744114737" />
<allocation-satisfied id="3691" threadId="0000000000AEAF00" bytesRequested="19024" />
<af-end id="3692" timestamp="2019-08-08T09:22:32.367" threadId="0000000000AEB888" success="true" from="nursery"/>
<exclusive-end id="3693" timestamp="2019-08-08T09:22:32.367" durationms="1.394" />

<exclusive-start id="3694" timestamp="2019-08-08T09:22:32.528" intervalms="162.252">
  <response-info timems="0.021" idlems="0.021" threads="0" lastid="0000000000AEAF00" lastname="main" />
</exclusive-start>
<af-start id="3695" threadId="0000000000AEB888" totalBytesRequested="80" timestamp="2019-08-08T09:22:32.528" intervalms="162.246" type="nursery" />
<cycle-start id="3696" type="scavenge" contextid="0" timestamp="2019-08-08T09:22:32.528" intervalms="162.246" />
<gc-start id="3697" type="scavenge" contextid="3696" timestamp="2019-08-08T09:22:32.528">
  <mem-info id="3698" free="1549104" total="103743488" percent="1">
    <mem type="nursery" free="0" total="83886080" percent="0">
      <mem type="allocate" free="0" total="75497472" percent="0" />
      <mem type="survivor" free="0" total="8388608" percent="0" />
    </mem>
    <mem type="tenure" free="1549104" total="19857408" percent="7">
      <mem type="soa" free="1351472" total="19659776" percent="6" />
      <mem type="loa" free="197632" total="197632" percent="100" />
    </mem>
    <remembered-set count="139" />
  </mem-info>
</gc-start>
<allocation-stats totalBytes="75429448" >
  <allocated-bytes non-tlh="19024" tlh="75410424" />
  <largest-consumer threadName="main" threadId="0000000000AEAF00" bytes="75429448" />
</allocation-stats>
<gc-op id="3699" type="scavenge" timems="0.838" contextid="3696" timestamp="2019-08-08T09:22:32.529">
  <scavenger-info tenureage="3" tenuremask="fff8" tiltratio="90" />
  <memory-copied type="nursery" objects="83" bytes="2136" bytesdiscarded="30120" />
  <memory-copied type="tenure" objects="6" bytes="136" bytesdiscarded="0" />
</gc-op>
<gc-end id="3700" type="scavenge" contextid="3696" durationms="1.031" usertimems="1.493" systemtimems="0.000" timestamp="2019-08-08T09:22:32.529" activeThreads="16">
  <mem-info id="3701" free="77014320" total="103743488" percent="74">
    <mem type="nursery" free="75465216" total="83886080" percent="89">
      <mem type="allocate" free="75465216" total="75497472" percent="99" />
      <mem type="survivor" free="0" total="8388608" percent="0" />
    </mem>
    <mem type="tenure" free="1549104" total="19857408" percent="7" macro-fragmented="0">
      <mem type="soa" free="1351472" total="19659776" percent="6" />
      <mem type="loa" free="197632" total="197632" percent="100" />
    </mem>
    <remembered-set count="137" />
  </mem-info>
</gc-end>
<cycle-end id="3702" type="scavenge" contextid="3696" timestamp="2019-08-08T09:22:32.529" />
  <attribute name="elasticGC enabled" value="1" />
  <attribute name= "numThreadsSpecified" value="16" />
  <attribute name="heapSize specified" value="43057152" />
  <attribute name="Current GC Util" value="1" />
  <attribute name= "Current Time Running" value="143682" />
  <attribute name ="GC Interval" value="2681" />
  <attribute name="Target GC Util Change" value ="80.000000" />
  <attribute name="Current GC Util Change" value="1.000000"/>
  <attribute name="Current Error" value="373.000000" />
  <attribute name="Output H" value="103819600"/>
  <attribute name="Output I" value="2680"/>
  <attribute name="Output T" value="16"/>
  <attribute name= "Current Time Running" value="143682" />
  <attribute name="GC Util currently" value="1" />
  <attribute name="CPU Util currently" value="7107014377" />
<allocation-satisfied id="3703" threadId="0000000000AEAF00" bytesRequested="80" />
<af-end id="3704" timestamp="2019-08-08T09:22:32.529" threadId="0000000000AEB888" success="true" from="nursery"/>
<exclusive-end id="3705" timestamp="2019-08-08T09:22:32.529" durationms="1.241" />

<exclusive-start id="3706" timestamp="2019-08-08T09:22:32.593" intervalms="65.070">
  <response-info timems="0.015" idlems="0.015" threads="0" lastid="0000000000AEAF00" lastname="main" />
</exclusive-start>
<af-start id="3707" threadId="0000000000AEB888" totalBytesRequested="16" timestamp="2019-08-08T09:22:32.593" intervalms="65.065" type="nursery" />
<cycle-start id="3708" type="scavenge" contextid="0" timestamp="2019-08-08T09:22:32.593" intervalms="65.060" />
<gc-start id="3709" type="scavenge" contextid="3708" timestamp="2019-08-08T09:22:32.593">
  <mem-info id="3710" free="1549104" total="103743488" percent="1">
    <mem type="nursery" free="0" total="83886080" percent="0">
      <mem type="allocate" free="0" total="75497472" percent="0" />
      <mem type="survivor" free="0" total="8388608" percent="0" />
    </mem>
    <mem type="tenure" free="1549104" total="19857408" percent="7">
      <mem type="soa" free="1351472" total="19659776" percent="6" />
      <mem type="loa" free="197632" total="197632" percent="100" />
    </mem>
    <remembered-set count="141" />
  </mem-info>
</gc-start>
<allocation-stats totalBytes="75447672" >
  <allocated-bytes non-tlh="80" tlh="75447592" />
  <largest-consumer threadName="main" threadId="0000000000AEAF00" bytes="75447672" />
</allocation-stats>
<gc-op id="3711" type="scavenge" timems="0.719" contextid="3708" timestamp="2019-08-08T09:22:32.594">
  <scavenger-info tenureage="3" tenuremask="ffe8" tiltratio="90" />
  <memory-copied type="nursery" objects="90" bytes="2352" bytesdiscarded="29904" />
  <memory-copied type="tenure" objects="6" bytes="136" bytesdiscarded="0" />
</gc-op>
<gc-end id="3712" type="scavenge" contextid="3708" durationms="0.886" usertimems="1.388" systemtimems="0.000" timestamp="2019-08-08T09:22:32.594" activeThreads="16">
  <mem-info id="3713" free="77014320" total="103743488" percent="74">
    <mem type="nursery" free="75465216" total="83886080" percent="89">
      <mem type="allocate" free="75465216" total="75497472" percent="99" />
      <mem type="survivor" free="0" total="8388608" percent="0" />
    </mem>
    <mem type="tenure" free="1549104" total="19857408" percent="7" macro-fragmented="8208">
      <mem type="soa" free="1351472" total="19659776" percent="6" />
      <mem type="loa" free="197632" total="197632" percent="100" />
    </mem>
    <remembered-set count="139" />
  </mem-info>
</gc-end>
<cycle-end id="3714" type="scavenge" contextid="3708" timestamp="2019-08-08T09:22:32.594" />
  <attribute name="elasticGC enabled" value="1" />
  <attribute name= "numThreadsSpecified" value="16" />
  <attribute name="heapSize specified" value="43057152" />
  <attribute name="Current GC Util" value="2" />
  <attribute name= "Current Time Running" value="143747" />
  <attribute name ="GC Interval" value="2817" />
  <attribute name="Target GC Util Change" value ="80.000000" />
  <attribute name="Current GC Util Change" value="2.000000"/>
  <attribute name="Current Error" value="451.000000" />
  <attribute name="Output H" value="103819688"/>
  <attribute name="Output I" value="2816"/>
  <attribute name="Output T" value="16"/>
  <attribute name= "Current Time Running" value="143747" />
  <attribute name="GC Util currently" value="2" />
  <attribute name="CPU Util currently" value="17725883989" />
<allocation-satisfied id="3715" threadId="0000000000AEAF00" bytesRequested="16" />
<af-end id="3716" timestamp="2019-08-08T09:22:32.594" threadId="0000000000AEB888" success="true" from="nursery"/>
<exclusive-end id="3717" timestamp="2019-08-08T09:22:32.594" durationms="1.067" />

<exclusive-start id="3718" timestamp="2019-08-08T09:22:32.676" intervalms="83.158">
  <response-info timems="0.014" idlems="0.014" threads="0" lastid="0000000000AEAF00" lastname="main" />
</exclusive-start>
<af-start id="3719" threadId="0000000000AEB888" totalBytesRequested="16" timestamp="2019-08-08T09:22:32.676" intervalms="83.158" type="nursery" />
<cycle-start id="3720" type="scavenge" contextid="0" timestamp="2019-08-08T09:22:32.676" intervalms="83.159" />
<gc-start id="3721" type="scavenge" contextid="3720" timestamp="2019-08-08T09:22:32.676">
  <mem-info id="3722" free="1549104" total="103743488" percent="1">
    <mem type="nursery" free="0" total="83886080" percent="0">
      <mem type="allocate" free="0" total="75497472" percent="0" />
      <mem type="survivor" free="0" total="8388608" percent="0" />
    </mem>
    <mem type="tenure" free="1549104" total="19857408" percent="7">
      <mem type="soa" free="1351472" total="19659776" percent="6" />
      <mem type="loa" free="197632" total="197632" percent="100" />
    </mem>
    <remembered-set count="143" />
  </mem-info>
</gc-start>
<allocation-stats totalBytes="75451136" >
  <allocated-bytes non-tlh="16" tlh="75451120" />
  <largest-consumer threadName="main" threadId="0000000000AEAF00" bytes="75451136" />
</allocation-stats>
<gc-op id="3723" type="scavenge" timems="0.729" contextid="3720" timestamp="2019-08-08T09:22:32.677">
  <scavenger-info tenureage="3" tenuremask="ffe8" tiltratio="90" />
  <memory-copied type="nursery" objects="73" bytes="1992" bytesdiscarded="30264" />
  <memory-copied type="tenure" objects="36" bytes="816" bytesdiscarded="56" />
</gc-op>
<gc-end id="3724" type="scavenge" contextid="3720" durationms="0.908" usertimems="1.329" systemtimems="0.000" timestamp="2019-08-08T09:22:32.677" activeThreads="16">
  <mem-info id="3725" free="77014320" total="103743488" percent="74">
    <mem type="nursery" free="75465216" total="83886080" percent="89">
      <mem type="allocate" free="75465216" total="75497472" percent="99" />
      <mem type="survivor" free="0" total="8388608" percent="0" />
    </mem>
    <mem type="tenure" free="1549104" total="19857408" percent="7" macro-fragmented="0">
      <mem type="soa" free="1351472" total="19659776" percent="6" />
      <mem type="loa" free="197632" total="197632" percent="100" />
    </mem>
    <remembered-set count="131" />
  </mem-info>
</gc-end>
<cycle-end id="3726" type="scavenge" contextid="3720" timestamp="2019-08-08T09:22:32.677" />
  <attribute name="elasticGC enabled" value="1" />
  <attribute name= "numThreadsSpecified" value="16" />
  <attribute name="heapSize specified" value="43057152" />
  <attribute name="Current GC Util" value="1" />
  <attribute name= "Current Time Running" value="143830" />
  <attribute name ="GC Interval" value="2153" />
  <attribute name="Target GC Util Change" value ="80.000000" />
  <attribute name="Current GC Util Change" value="1.000000"/>
  <attribute name="Current Error" value="79.000000" />
  <attribute name="Output H" value="103819264"/>
  <attribute name="Output I" value="2152"/>
  <attribute name="Output T" value="16"/>
  <attribute name= "Current Time Running" value="143830" />
  <attribute name="GC Util currently" value="1" />
  <attribute name="CPU Util currently" value="13862374939" />
<allocation-satisfied id="3727" threadId="0000000000AEAF00" bytesRequested="16" />
<af-end id="3728" timestamp="2019-08-08T09:22:32.677" threadId="0000000000AEB888" success="true" from="nursery"/>
<exclusive-end id="3729" timestamp="2019-08-08T09:22:32.677" durationms="1.114" />

<exclusive-start id="3730" timestamp="2019-08-08T09:22:32.754" intervalms="77.517">
  <response-info timems="0.020" idlems="0.020" threads="0" lastid="0000000000AEAF00" lastname="main" />
</exclusive-start>
<af-start id="3731" threadId="0000000000AEB888" totalBytesRequested="32" timestamp="2019-08-08T09:22:32.754" intervalms="77.525" type="nursery" />
<cycle-start id="3732" type="scavenge" contextid="0" timestamp="2019-08-08T09:22:32.754" intervalms="77.558" />
<gc-start id="3733" type="scavenge" contextid="3732" timestamp="2019-08-08T09:22:32.754">
  <mem-info id="3734" free="1549104" total="103743488" percent="1">
    <mem type="nursery" free="0" total="83886080" percent="0">
      <mem type="allocate" free="0" total="75497472" percent="0" />
      <mem type="survivor" free="0" total="8388608" percent="0" />
    </mem>
    <mem type="tenure" free="1549104" total="19857408" percent="7">
      <mem type="soa" free="1351472" total="19659776" percent="6" />
      <mem type="loa" free="197632" total="197632" percent="100" />
    </mem>
    <remembered-set count="135" />
  </mem-info>
</gc-start>
<allocation-stats totalBytes="75456136" >
  <allocated-bytes non-tlh="16" tlh="75456120" />
  <largest-consumer threadName="main" threadId="0000000000AEAF00" bytes="75456136" />
</allocation-stats>
<gc-op id="3735" type="scavenge" timems="1.006" contextid="3732" timestamp="2019-08-08T09:22:32.755">
  <scavenger-info tenureage="3" tenuremask="ffe8" tiltratio="90" />
  <memory-copied type="nursery" objects="52" bytes="1400" bytesdiscarded="30856" />
  <memory-copied type="tenure" objects="28" bytes="712" bytesdiscarded="0" />
</gc-op>
<gc-end id="3736" type="scavenge" contextid="3732" durationms="1.219" usertimems="1.939" systemtimems="0.000" timestamp="2019-08-08T09:22:32.755" activeThreads="16">
  <mem-info id="3737" free="76998192" total="103743488" percent="74">
    <mem type="nursery" free="75465216" total="83886080" percent="89">
      <mem type="allocate" free="75465216" total="75497472" percent="99" />
      <mem type="survivor" free="0" total="8388608" percent="0" />
    </mem>
    <mem type="tenure" free="1532976" total="19857408" percent="7" macro-fragmented="0">
      <mem type="soa" free="1335344" total="19659776" percent="6" />
      <mem type="loa" free="197632" total="197632" percent="100" />
    </mem>
    <remembered-set count="124" />
  </mem-info>
</gc-end>
<cycle-end id="3738" type="scavenge" contextid="3732" timestamp="2019-08-08T09:22:32.755" />
  <attribute name="elasticGC enabled" value="1" />
  <attribute name= "numThreadsSpecified" value="16" />
  <attribute name="heapSize specified" value="43057152" />
  <attribute name="Current GC Util" value="1" />
  <attribute name= "Current Time Running" value="143907" />
  <attribute name ="GC Interval" value="2297" />
  <attribute name="Target GC Util Change" value ="80.000000" />
  <attribute name="Current GC Util Change" value="1.000000"/>
  <attribute name="Current Error" value="158.000000" />
  <attribute name="Output H" value="103819352"/>
  <attribute name="Output I" value="2296"/>
  <attribute name="Output T" value="16"/>
  <attribute name= "Current Time Running" value="143907" />
  <attribute name="GC Util currently" value="1" />
  <attribute name="CPU Util currently" value="14862743644" />
<allocation-satisfied id="3739" threadId="0000000000AEAF00" bytesRequested="32" />
<af-end id="3740" timestamp="2019-08-08T09:22:32.755" threadId="0000000000AEB888" success="true" from="nursery"/>
<exclusive-end id="3741" timestamp="2019-08-08T09:22:32.755" durationms="1.467" />

<exclusive-start id="3742" timestamp="2019-08-08T09:22:32.910" intervalms="156.581">
  <response-info timems="0.023" idlems="0.023" threads="0" lastid="0000000000AEAF00" lastname="main" />
</exclusive-start>
<af-start id="3743" threadId="0000000000AEB888" totalBytesRequested="24" timestamp="2019-08-08T09:22:32.910" intervalms="156.585" type="nursery" />
<cycle-start id="3744" type="scavenge" contextid="0" timestamp="2019-08-08T09:22:32.910" intervalms="156.556" />
<gc-start id="3745" type="scavenge" contextid="3744" timestamp="2019-08-08T09:22:32.910">
  <mem-info id="3746" free="1532976" total="103743488" percent="1">
    <mem type="nursery" free="0" total="83886080" percent="0">
      <mem type="allocate" free="0" total="75497472" percent="0" />
      <mem type="survivor" free="0" total="8388608" percent="0" />
    </mem>
    <mem type="tenure" free="1532976" total="19857408" percent="7">
      <mem type="soa" free="1335344" total="19659776" percent="6" />
      <mem type="loa" free="197632" total="197632" percent="100" />
    </mem>
    <remembered-set count="136" />
  </mem-info>
</gc-start>
<allocation-stats totalBytes="75460448" >
  <allocated-bytes non-tlh="32" tlh="75460416" />
  <largest-consumer threadName="main" threadId="0000000000AEAF00" bytes="75460448" />
</allocation-stats>
<gc-op id="3747" type="scavenge" timems="0.891" contextid="3744" timestamp="2019-08-08T09:22:32.911">
  <scavenger-info tenureage="3" tenuremask="ffe8" tiltratio="90" />
  <memory-copied type="nursery" objects="75" bytes="1864" bytesdiscarded="30392" />
  <memory-copied type="tenure" objects="13" bytes="320" bytesdiscarded="0" />
</gc-op>
<gc-end id="3748" type="scavenge" contextid="3744" durationms="1.167" usertimems="1.631" systemtimems="0.000" timestamp="2019-08-08T09:22:32.912" activeThreads="16">
  <mem-info id="3749" free="76998192" total="103743488" percent="74">
    <mem type="nursery" free="75465216" total="83886080" percent="89">
      <mem type="allocate" free="75465216" total="75497472" percent="99" />
      <mem type="survivor" free="0" total="8388608" percent="0" />
    </mem>
    <mem type="tenure" free="1532976" total="19857408" percent="7" macro-fragmented="0">
      <mem type="soa" free="1335344" total="19659776" percent="6" />
      <mem type="loa" free="197632" total="197632" percent="100" />
    </mem>
    <remembered-set count="131" />
  </mem-info>
</gc-end>
<cycle-end id="3750" type="scavenge" contextid="3744" timestamp="2019-08-08T09:22:32.912" />
  <attribute name="elasticGC enabled" value="1" />
  <attribute name= "numThreadsSpecified" value="16" />
  <attribute name="heapSize specified" value="43057152" />
  <attribute name="Current GC Util" value="1" />
  <attribute name= "Current Time Running" value="144064" />
  <attribute name ="GC Interval" value="2433" />
  <attribute name="Target GC Util Change" value ="80.000000" />
  <attribute name="Current GC Util Change" value="1.000000"/>
  <attribute name="Current Error" value="237.000000" />
  <attribute name="Output H" value="103819448"/>
  <attribute name="Output I" value="2432"/>
  <attribute name="Output T" value="16"/>
  <attribute name= "Current Time Running" value="144064" />
  <attribute name="GC Util currently" value="1" />
  <attribute name="CPU Util currently" value="7363237155" />
<allocation-satisfied id="3751" threadId="0000000000AEAF00" bytesRequested="24" />
<af-end id="3752" timestamp="2019-08-08T09:22:32.912" threadId="0000000000AEB888" success="true" from="nursery"/>
<exclusive-end id="3753" timestamp="2019-08-08T09:22:32.912" durationms="1.448" />

<exclusive-start id="3754" timestamp="2019-08-08T09:22:32.972" intervalms="61.389">
  <response-info timems="0.019" idlems="0.019" threads="0" lastid="0000000000AEAF00" lastname="main" />
</exclusive-start>
<af-start id="3755" threadId="0000000000AEB888" totalBytesRequested="24" timestamp="2019-08-08T09:22:32.972" intervalms="61.380" type="nursery" />
<cycle-start id="3756" type="scavenge" contextid="0" timestamp="2019-08-08T09:22:32.972" intervalms="61.378" />
<gc-start id="3757" type="scavenge" contextid="3756" timestamp="2019-08-08T09:22:32.972">
  <mem-info id="3758" free="1532976" total="103743488" percent="1">
    <mem type="nursery" free="0" total="83886080" percent="0">
      <mem type="allocate" free="0" total="75497472" percent="0" />
      <mem type="survivor" free="0" total="8388608" percent="0" />
    </mem>
    <mem type="tenure" free="1532976" total="19857408" percent="7">
      <mem type="soa" free="1335344" total="19659776" percent="6" />
      <mem type="loa" free="197632" total="197632" percent="100" />
    </mem>
    <remembered-set count="135" />
  </mem-info>
</gc-start>
<allocation-stats totalBytes="75459872" >
  <allocated-bytes non-tlh="24" tlh="75459848" />
  <largest-consumer threadName="main" threadId="0000000000AEAF00" bytes="75459872" />
</allocation-stats>
<gc-op id="3759" type="scavenge" timems="0.713" contextid="3756" timestamp="2019-08-08T09:22:32.973">
  <scavenger-info tenureage="3" tenuremask="ffe8" tiltratio="90" />
  <memory-copied type="nursery" objects="79" bytes="2024" bytesdiscarded="30232" />
  <memory-copied type="tenure" objects="12" bytes="272" bytesdiscarded="0" />
</gc-op>
<gc-end id="3760" type="scavenge" contextid="3756" durationms="0.904" usertimems="1.370" systemtimems="0.000" timestamp="2019-08-08T09:22:32.973" activeThreads="16">
  <mem-info id="3761" free="76998192" total="103743488" percent="74">
    <mem type="nursery" free="75465216" total="83886080" percent="89">
      <mem type="allocate" free="75465216" total="75497472" percent="99" />
      <mem type="survivor" free="0" total="8388608" percent="0" />
    </mem>
    <mem type="tenure" free="1532976" total="19857408" percent="7" macro-fragmented="0">
      <mem type="soa" free="1335344" total="19659776" percent="6" />
      <mem type="loa" free="197632" total="197632" percent="100" />
    </mem>
    <remembered-set count="131" />
  </mem-info>
</gc-end>
<cycle-end id="3762" type="scavenge" contextid="3756" timestamp="2019-08-08T09:22:32.973" />
  <attribute name="elasticGC enabled" value="1" />
  <attribute name= "numThreadsSpecified" value="16" />
  <attribute name="heapSize specified" value="43057152" />
  <attribute name="Current GC Util" value="2" />
  <attribute name= "Current Time Running" value="144125" />
  <attribute name ="GC Interval" value="2577" />
  <attribute name="Target GC Util Change" value ="80.000000" />
  <attribute name="Current GC Util Change" value="2.000000"/>
  <attribute name="Current Error" value="315.000000" />
  <attribute name="Output H" value="103819536"/>
  <attribute name="Output I" value="2576"/>
  <attribute name="Output T" value="16"/>
  <attribute name= "Current Time Running" value="144125" />
  <attribute name="GC Util currently" value="2" />
  <attribute name="CPU Util currently" value="18792646672" />
<allocation-satisfied id="3763" threadId="0000000000AEAF00" bytesRequested="24" />
<af-end id="3764" timestamp="2019-08-08T09:22:32.973" threadId="0000000000AEB888" success="true" from="nursery"/>
<exclusive-end id="3765" timestamp="2019-08-08T09:22:32.973" durationms="1.277" />

<exclusive-start id="3766" timestamp="2019-08-08T09:22:33.079" intervalms="107.052">
  <response-info timems="0.020" idlems="0.020" threads="0" lastid="0000000000AEAF00" lastname="main" />
</exclusive-start>
<af-start id="3767" threadId="0000000000AEB888" totalBytesRequested="48" timestamp="2019-08-08T09:22:33.079" intervalms="107.061" type="nursery" />
<cycle-start id="3768" type="scavenge" contextid="0" timestamp="2019-08-08T09:22:33.079" intervalms="107.082" />
<gc-start id="3769" type="scavenge" contextid="3768" timestamp="2019-08-08T09:22:33.079">
  <mem-info id="3770" free="1532976" total="103743488" percent="1">
    <mem type="nursery" free="0" total="83886080" percent="0">
      <mem type="allocate" free="0" total="75497472" percent="0" />
      <mem type="survivor" free="0" total="8388608" percent="0" />
    </mem>
    <mem type="tenure" free="1532976" total="19857408" percent="7">
      <mem type="soa" free="1335344" total="19659776" percent="6" />
      <mem type="loa" free="197632" total="197632" percent="100" />
    </mem>
    <remembered-set count="137" />
  </mem-info>
</gc-start>
<allocation-stats totalBytes="75451680" >
  <allocated-bytes non-tlh="24" tlh="75451656" />
  <largest-consumer threadName="main" threadId="0000000000AEAF00" bytes="75451680" />
</allocation-stats>
<gc-op id="3771" type="scavenge" timems="0.888" contextid="3768" timestamp="2019-08-08T09:22:33.080">
  <scavenger-info tenureage="3" tenuremask="ffe8" tiltratio="90" />
  <memory-copied type="nursery" objects="95" bytes="3112" bytesdiscarded="29144" />
  <memory-copied type="tenure" objects="12" bytes="272" bytesdiscarded="0" />
</gc-op>
<gc-end id="3772" type="scavenge" contextid="3768" durationms="1.126" usertimems="1.675" systemtimems="0.000" timestamp="2019-08-08T09:22:33.080" activeThreads="16">
  <mem-info id="3773" free="76998192" total="103743488" percent="74">
    <mem type="nursery" free="75465216" total="83886080" percent="89">
      <mem type="allocate" free="75465216" total="75497472" percent="99" />
      <mem type="survivor" free="0" total="8388608" percent="0" />
    </mem>
    <mem type="tenure" free="1532976" total="19857408" percent="7" macro-fragmented="0">
      <mem type="soa" free="1335344" total="19659776" percent="6" />
      <mem type="loa" free="197632" total="197632" percent="100" />
    </mem>
    <remembered-set count="133" />
  </mem-info>
</gc-end>
<cycle-end id="3774" type="scavenge" contextid="3768" timestamp="2019-08-08T09:22:33.080" />
  <attribute name="elasticGC enabled" value="1" />
  <attribute name= "numThreadsSpecified" value="16" />
  <attribute name="heapSize specified" value="43057152" />
  <attribute name="Current GC Util" value="1" />
  <attribute name= "Current Time Running" value="144233" />
  <attribute name ="GC Interval" value="2713" />
  <attribute name="Target GC Util Change" value ="80.000000" />
  <attribute name="Current GC Util Change" value="1.000000"/>
  <attribute name="Current Error" value="394.000000" />
  <attribute name="Output H" value="103819624"/>
  <attribute name="Output I" value="2712"/>
  <attribute name="Output T" value="16"/>
  <attribute name= "Current Time Running" value="144233" />
  <attribute name="GC Util currently" value="1" />
  <attribute name="CPU Util currently" value="10762682258" />
<allocation-satisfied id="3775" threadId="0000000000AEAF00" bytesRequested="48" />
<af-end id="3776" timestamp="2019-08-08T09:22:33.080" threadId="0000000000AEB888" success="true" from="nursery"/>
<exclusive-end id="3777" timestamp="2019-08-08T09:22:33.080" durationms="1.387" />

<exclusive-start id="3778" timestamp="2019-08-08T09:22:33.137" intervalms="58.319">
  <response-info timems="0.019" idlems="0.019" threads="0" lastid="0000000000AEAF00" lastname="main" />
</exclusive-start>
<af-start id="3779" threadId="0000000000AEB888" totalBytesRequested="32" timestamp="2019-08-08T09:22:33.137" intervalms="58.306" type="nursery" />
<cycle-start id="3780" type="scavenge" contextid="0" timestamp="2019-08-08T09:22:33.137" intervalms="58.287" />
<gc-start id="3781" type="scavenge" contextid="3780" timestamp="2019-08-08T09:22:33.137">
  <mem-info id="3782" free="1532976" total="103743488" percent="1">
    <mem type="nursery" free="0" total="83886080" percent="0">
      <mem type="allocate" free="0" total="75497472" percent="0" />
      <mem type="survivor" free="0" total="8388608" percent="0" />
    </mem>
    <mem type="tenure" free="1532976" total="19857408" percent="7">
      <mem type="soa" free="1335344" total="19659776" percent="6" />
      <mem type="loa" free="197632" total="197632" percent="100" />
    </mem>
    <remembered-set count="135" />
  </mem-info>
</gc-start>
<allocation-stats totalBytes="75431712" >
  <allocated-bytes non-tlh="48" tlh="75431664" />
  <largest-consumer threadName="main" threadId="0000000000AEAF00" bytes="75431712" />
</allocation-stats>
<gc-op id="3783" type="scavenge" timems="0.559" contextid="3780" timestamp="2019-08-08T09:22:33.138">
  <scavenger-info tenureage="3" tenuremask="ffe8" tiltratio="90" />
  <memory-copied type="nursery" objects="55" bytes="1432" bytesdiscarded="30824" />
  <memory-copied type="tenure" objects="36" bytes="816" bytesdiscarded="0" />
</gc-op>
<gc-end id="3784" type="scavenge" contextid="3780" durationms="0.773" usertimems="1.069" systemtimems="0.000" timestamp="2019-08-08T09:22:33.138" activeThreads="16">
  <mem-info id="3785" free="76998192" total="103743488" percent="74">
    <mem type="nursery" free="75465216" total="83886080" percent="89">
      <mem type="allocate" free="75465216" total="75497472" percent="99" />
      <mem type="survivor" free="0" total="8388608" percent="0" />
    </mem>
    <mem type="tenure" free="1532976" total="19857408" percent="7" macro-fragmented="0">
      <mem type="soa" free="1335344" total="19659776" percent="6" />
      <mem type="loa" free="197632" total="197632" percent="100" />
    </mem>
    <remembered-set count="123" />
  </mem-info>
</gc-end>
<cycle-end id="3786" type="scavenge" contextid="3780" timestamp="2019-08-08T09:22:33.138" />
  <attribute name="elasticGC enabled" value="1" />
  <attribute name= "numThreadsSpecified" value="16" />
  <attribute name="heapSize specified" value="43057152" />
  <attribute name="Current GC Util" value="3" />
  <attribute name= "Current Time Running" value="144291" />
  <attribute name ="GC Interval" value="2857" />
  <attribute name="Target GC Util Change" value ="80.000000" />
  <attribute name="Current GC Util Change" value="3.000000"/>
  <attribute name="Current Error" value="471.000000" />
  <attribute name="Output H" value="103819712"/>
  <attribute name="Output I" value="2856"/>
  <attribute name="Output T" value="16"/>
  <attribute name= "Current Time Running" value="144291" />
  <attribute name="GC Util currently" value="3" />
  <attribute name="CPU Util currently" value="19801593904" />
<allocation-satisfied id="3787" threadId="0000000000AEAF00" bytesRequested="32" />
<af-end id="3788" timestamp="2019-08-08T09:22:33.138" threadId="0000000000AEB888" success="true" from="nursery"/>
<exclusive-end id="3789" timestamp="2019-08-08T09:22:33.138" durationms="0.968" />

<exclusive-start id="3790" timestamp="2019-08-08T09:22:33.178" intervalms="40.940">
  <response-info timems="0.027" idlems="0.027" threads="0" lastid="0000000000AEAF00" lastname="main" />
</exclusive-start>
<af-start id="3791" threadId="0000000000AEB888" totalBytesRequested="32" timestamp="2019-08-08T09:22:33.178" intervalms="40.958" type="nursery" />
<cycle-start id="3792" type="scavenge" contextid="0" timestamp="2019-08-08T09:22:33.178" intervalms="40.962" />
<gc-start id="3793" type="scavenge" contextid="3792" timestamp="2019-08-08T09:22:33.178">
  <mem-info id="3794" free="1532976" total="103743488" percent="1">
    <mem type="nursery" free="0" total="83886080" percent="0">
      <mem type="allocate" free="0" total="75497472" percent="0" />
      <mem type="survivor" free="0" total="8388608" percent="0" />
    </mem>
    <mem type="tenure" free="1532976" total="19857408" percent="7">
      <mem type="soa" free="1335344" total="19659776" percent="6" />
      <mem type="loa" free="197632" total="197632" percent="100" />
    </mem>
    <remembered-set count="125" />
  </mem-info>
</gc-start>
<allocation-stats totalBytes="75378024" >
  <allocated-bytes non-tlh="32" tlh="75377992" />
  <largest-consumer threadName="main" threadId="0000000000AEAF00" bytes="75378024" />
</allocation-stats>
<gc-op id="3795" type="scavenge" timems="0.861" contextid="3792" timestamp="2019-08-08T09:22:33.179">
  <scavenger-info tenureage="3" tenuremask="ffe8" tiltratio="90" />
  <memory-copied type="nursery" objects="49" bytes="2304" bytesdiscarded="29952" />
  <memory-copied type="tenure" objects="12" bytes="272" bytesdiscarded="0" />
</gc-op>
<gc-end id="3796" type="scavenge" contextid="3792" durationms="1.083" usertimems="1.671" systemtimems="0.000" timestamp="2019-08-08T09:22:33.179" activeThreads="16">
  <mem-info id="3797" free="76998192" total="103743488" percent="74">
    <mem type="nursery" free="75465216" total="83886080" percent="89">
      <mem type="allocate" free="75465216" total="75497472" percent="99" />
      <mem type="survivor" free="0" total="8388608" percent="0" />
    </mem>
    <mem type="tenure" free="1532976" total="19857408" percent="7" macro-fragmented="0">
      <mem type="soa" free="1335344" total="19659776" percent="6" />
      <mem type="loa" free="197632" total="197632" percent="100" />
    </mem>
    <remembered-set count="121" />
  </mem-info>
</gc-end>
<cycle-end id="3798" type="scavenge" contextid="3792" timestamp="2019-08-08T09:22:33.179" />
  <attribute name="elasticGC enabled" value="1" />
  <attribute name= "numThreadsSpecified" value="16" />
  <attribute name="heapSize specified" value="43057152" />
  <attribute name="Current GC Util" value="2" />
  <attribute name= "Current Time Running" value="144332" />
  <attribute name ="GC Interval" value="2153" />
  <attribute name="Target GC Util Change" value ="80.000000" />
  <attribute name="Current GC Util Change" value="2.000000"/>
  <attribute name="Current Error" value="78.000000" />
  <attribute name="Output H" value="103819264"/>
  <attribute name="Output I" value="2152"/>
  <attribute name="Output T" value="16"/>
  <attribute name= "Current Time Running" value="144332" />
  <attribute name="GC Util currently" value="2" />
  <attribute name="CPU Util currently" value="28109263803" />
<allocation-satisfied id="3799" threadId="0000000000AEAF00" bytesRequested="32" />
<af-end id="3800" timestamp="2019-08-08T09:22:33.179" threadId="0000000000AEB888" success="true" from="nursery"/>
<exclusive-end id="3801" timestamp="2019-08-08T09:22:33.179" durationms="1.359" />

<exclusive-start id="3802" timestamp="2019-08-08T09:22:33.189" intervalms="10.896">
  <response-info timems="0.020" idlems="0.020" threads="0" lastid="0000000000AEAF00" lastname="main" />
</exclusive-start>
<af-start id="3803" threadId="0000000000AEB888" totalBytesRequested="584" timestamp="2019-08-08T09:22:33.189" intervalms="10.892" type="nursery" />
<cycle-start id="3804" type="scavenge" contextid="0" timestamp="2019-08-08T09:22:33.189" intervalms="10.885" />
<gc-start id="3805" type="scavenge" contextid="3804" timestamp="2019-08-08T09:22:33.189">
  <mem-info id="3806" free="1532976" total="103743488" percent="1">
    <mem type="nursery" free="0" total="83886080" percent="0">
      <mem type="allocate" free="0" total="75497472" percent="0" />
      <mem type="survivor" free="0" total="8388608" percent="0" />
    </mem>
    <mem type="tenure" free="1532976" total="19857408" percent="7">
      <mem type="soa" free="1335344" total="19659776" percent="6" />
      <mem type="loa" free="197632" total="197632" percent="100" />
    </mem>
    <remembered-set count="121" />
  </mem-info>
</gc-start>
<allocation-stats totalBytes="75330472" >
  <allocated-bytes non-tlh="32" tlh="75330440" />
  <largest-consumer threadName="main" threadId="0000000000AEAF00" bytes="75330472" />
</allocation-stats>
<gc-op id="3807" type="scavenge" timems="0.517" contextid="3804" timestamp="2019-08-08T09:22:33.190">
  <scavenger-info tenureage="3" tenuremask="ffe8" tiltratio="90" />
  <memory-copied type="nursery" objects="30" bytes="1408" bytesdiscarded="30848" />
  <memory-copied type="tenure" objects="18" bytes="408" bytesdiscarded="0" />
</gc-op>
<gc-end id="3808" type="scavenge" contextid="3804" durationms="0.741" usertimems="1.031" systemtimems="0.000" timestamp="2019-08-08T09:22:33.190" activeThreads="16">
  <mem-info id="3809" free="76998192" total="103743488" percent="74">
    <mem type="nursery" free="75465216" total="83886080" percent="89">
      <mem type="allocate" free="75465216" total="75497472" percent="99" />
      <mem type="survivor" free="0" total="8388608" percent="0" />
    </mem>
    <mem type="tenure" free="1532976" total="19857408" percent="7" macro-fragmented="0">
      <mem type="soa" free="1335344" total="19659776" percent="6" />
      <mem type="loa" free="197632" total="197632" percent="100" />
    </mem>
    <remembered-set count="115" />
  </mem-info>
</gc-end>
<cycle-end id="3810" type="scavenge" contextid="3804" timestamp="2019-08-08T09:22:33.190" />
  <attribute name="elasticGC enabled" value="1" />
  <attribute name= "numThreadsSpecified" value="16" />
  <attribute name="heapSize specified" value="43057152" />
  <attribute name="Current GC Util" value="17" />
  <attribute name= "Current Time Running" value="144343" />
  <attribute name ="GC Interval" value="2265" />
  <attribute name="Target GC Util Change" value ="80.000000" />
  <attribute name="Current GC Util Change" value="17.000000"/>
  <attribute name="Current Error" value="141.000000" />
  <attribute name="Output H" value="103819336"/>
  <attribute name="Output I" value="2264"/>
  <attribute name="Output T" value="16"/>
  <attribute name= "Current Time Running" value="144343" />
  <attribute name="GC Util currently" value="17" />
  <attribute name="CPU Util currently" value="106354850926" />
<allocation-satisfied id="3811" threadId="0000000000AEAF00" bytesRequested="584" />
<af-end id="3812" timestamp="2019-08-08T09:22:33.190" threadId="0000000000AEB888" success="true" from="nursery"/>
<exclusive-end id="3813" timestamp="2019-08-08T09:22:33.190" durationms="0.968" />

<exclusive-start id="3814" timestamp="2019-08-08T09:22:33.206" intervalms="17.541">
  <response-info timems="0.015" idlems="0.015" threads="0" lastid="0000000000AEAF00" lastname="main" />
</exclusive-start>
<af-start id="3815" threadId="0000000000AEB888" totalBytesRequested="440" timestamp="2019-08-08T09:22:33.206" intervalms="17.530" type="nursery" />
<cycle-start id="3816" type="scavenge" contextid="0" timestamp="2019-08-08T09:22:33.206" intervalms="17.528" />
<gc-start id="3817" type="scavenge" contextid="3816" timestamp="2019-08-08T09:22:33.207">
  <mem-info id="3818" free="1532976" total="103743488" percent="1">
    <mem type="nursery" free="0" total="83886080" percent="0">
      <mem type="allocate" free="0" total="75497472" percent="0" />
      <mem type="survivor" free="0" total="8388608" percent="0" />
    </mem>
    <mem type="tenure" free="1532976" total="19857408" percent="7">
      <mem type="soa" free="1335344" total="19659776" percent="6" />
      <mem type="loa" free="197632" total="197632" percent="100" />
    </mem>
    <remembered-set count="119" />
  </mem-info>
</gc-start>
<allocation-stats totalBytes="75334888" >
  <allocated-bytes non-tlh="584" tlh="75334304" />
  <largest-consumer threadName="main" threadId="0000000000AEAF00" bytes="75334888" />
</allocation-stats>
<gc-op id="3819" type="scavenge" timems="0.723" contextid="3816" timestamp="2019-08-08T09:22:33.207">
  <scavenger-info tenureage="3" tenuremask="ffe8" tiltratio="90" />
  <memory-copied type="nursery" objects="35" bytes="1440" bytesdiscarded="14688" />
  <memory-copied type="tenure" objects="6" bytes="136" bytesdiscarded="0" />
</gc-op>
<gc-end id="3820" type="scavenge" contextid="3816" durationms="0.936" usertimems="1.559" systemtimems="0.000" timestamp="2019-08-08T09:22:33.207" activeThreads="16">
  <mem-info id="3821" free="77014320" total="103743488" percent="74">
    <mem type="nursery" free="75481344" total="83886080" percent="89">
      <mem type="allocate" free="75481344" total="75497472" percent="99" />
      <mem type="survivor" free="0" total="8388608" percent="0" />
    </mem>
    <mem type="tenure" free="1532976" total="19857408" percent="7" macro-fragmented="0">
      <mem type="soa" free="1335344" total="19659776" percent="6" />
      <mem type="loa" free="197632" total="197632" percent="100" />
    </mem>
    <remembered-set count="117" />
  </mem-info>
</gc-end>
<cycle-end id="3822" type="scavenge" contextid="3816" timestamp="2019-08-08T09:22:33.207" />
  <attribute name="elasticGC enabled" value="1" />
  <attribute name= "numThreadsSpecified" value="16" />
  <attribute name="heapSize specified" value="43057152" />
  <attribute name="Current GC Util" value="6" />
  <attribute name= "Current Time Running" value="144360" />
  <attribute name ="GC Interval" value="2393" />
  <attribute name="Target GC Util Change" value ="80.000000" />
  <attribute name="Current GC Util Change" value="6.000000"/>
  <attribute name="Current Error" value="215.000000" />
  <attribute name="Output H" value="103819416"/>
  <attribute name="Output I" value="2392"/>
  <attribute name="Output T" value="16"/>
  <attribute name= "Current Time Running" value="144360" />
  <attribute name="GC Util currently" value="6" />
  <attribute name="CPU Util currently" value="65809761123" />
<allocation-satisfied id="3823" threadId="0000000000AEAF00" bytesRequested="440" />
<af-end id="3824" timestamp="2019-08-08T09:22:33.208" threadId="0000000000AEB888" success="true" from="nursery"/>
<exclusive-end id="3825" timestamp="2019-08-08T09:22:33.208" durationms="1.121" />

<exclusive-start id="3826" timestamp="2019-08-08T09:22:33.291" intervalms="84.965">
  <response-info timems="0.015" idlems="0.015" threads="0" lastid="0000000000AEAF00" lastname="main" />
</exclusive-start>
<af-start id="3827" threadId="0000000000AEB888" totalBytesRequested="408" timestamp="2019-08-08T09:22:33.291" intervalms="84.970" type="nursery" />
<cycle-start id="3828" type="scavenge" contextid="0" timestamp="2019-08-08T09:22:33.291" intervalms="84.972" />
<gc-start id="3829" type="scavenge" contextid="3828" timestamp="2019-08-08T09:22:33.292">
  <mem-info id="3830" free="1532976" total="103743488" percent="1">
    <mem type="nursery" free="0" total="83886080" percent="0">
      <mem type="allocate" free="0" total="75497472" percent="0" />
      <mem type="survivor" free="0" total="8388608" percent="0" />
    </mem>
    <mem type="tenure" free="1532976" total="19857408" percent="7">
      <mem type="soa" free="1335344" total="19659776" percent="6" />
      <mem type="loa" free="197632" total="197632" percent="100" />
    </mem>
    <remembered-set count="119" />
  </mem-info>
</gc-start>
<allocation-stats totalBytes="75419840" >
  <allocated-bytes non-tlh="440" tlh="75419400" />
  <largest-consumer threadName="main" threadId="0000000000AEAF00" bytes="75419840" />
</allocation-stats>
<gc-op id="3831" type="scavenge" timems="0.611" contextid="3828" timestamp="2019-08-08T09:22:33.292">
  <scavenger-info tenureage="5" tenuremask="ffe0" tiltratio="90" />
  <memory-copied type="nursery" objects="47" bytes="1744" bytesdiscarded="30512" />
</gc-op>
<gc-end id="3832" type="scavenge" contextid="3828" durationms="0.824" usertimems="1.359" systemtimems="0.000" timestamp="2019-08-08T09:22:33.292" activeThreads="16">
  <mem-info id="3833" free="76998192" total="103743488" percent="74">
    <mem type="nursery" free="75465216" total="83886080" percent="89">
      <mem type="allocate" free="75465216" total="75497472" percent="99" />
      <mem type="survivor" free="0" total="8388608" percent="0" />
    </mem>
    <mem type="tenure" free="1532976" total="19857408" percent="7" macro-fragmented="0">
      <mem type="soa" free="1335344" total="19659776" percent="6" />
      <mem type="loa" free="197632" total="197632" percent="100" />
    </mem>
    <remembered-set count="118" />
  </mem-info>
</gc-end>
<cycle-end id="3834" type="scavenge" contextid="3828" timestamp="2019-08-08T09:22:33.292" />
  <attribute name="elasticGC enabled" value="1" />
  <attribute name= "numThreadsSpecified" value="16" />
  <attribute name="heapSize specified" value="43057152" />
  <attribute name="Current GC Util" value="1" />
  <attribute name= "Current Time Running" value="144445" />
  <attribute name ="GC Interval" value="2537" />
  <attribute name="Target GC Util Change" value ="80.000000" />
  <attribute name="Current GC Util Change" value="1.000000"/>
  <attribute name="Current Error" value="294.000000" />
  <attribute name="Output H" value="103819512"/>
  <attribute name="Output I" value="2536"/>
  <attribute name="Output T" value="16"/>
  <attribute name= "Current Time Running" value="144445" />
  <attribute name="GC Util currently" value="1" />
  <attribute name="CPU Util currently" value="13565068917" />
<allocation-satisfied id="3835" threadId="0000000000AEAF00" bytesRequested="408" />
<af-end id="3836" timestamp="2019-08-08T09:22:33.292" threadId="0000000000AEB888" success="true" from="nursery"/>
<exclusive-end id="3837" timestamp="2019-08-08T09:22:33.292" durationms="1.020" />

<exclusive-start id="3838" timestamp="2019-08-08T09:22:33.342" intervalms="50.673">
  <response-info timems="0.020" idlems="0.020" threads="0" lastid="0000000000AEAF00" lastname="main" />
</exclusive-start>
<af-start id="3839" threadId="0000000000AEB888" totalBytesRequested="1016" timestamp="2019-08-08T09:22:33.342" intervalms="50.668" type="nursery" />
<cycle-start id="3840" type="scavenge" contextid="0" timestamp="2019-08-08T09:22:33.342" intervalms="50.668" />
<gc-start id="3841" type="scavenge" contextid="3840" timestamp="2019-08-08T09:22:33.342">
  <mem-info id="3842" free="1532976" total="103743488" percent="1">
    <mem type="nursery" free="0" total="83886080" percent="0">
      <mem type="allocate" free="0" total="75497472" percent="0" />
      <mem type="survivor" free="0" total="8388608" percent="0" />
    </mem>
    <mem type="tenure" free="1532976" total="19857408" percent="7">
      <mem type="soa" free="1335344" total="19659776" percent="6" />
      <mem type="loa" free="197632" total="197632" percent="100" />
    </mem>
    <remembered-set count="120" />
  </mem-info>
</gc-start>
<allocation-stats totalBytes="75392416" >
  <allocated-bytes non-tlh="408" tlh="75392008" />
  <largest-consumer threadName="main" threadId="0000000000AEAF00" bytes="75392416" />
</allocation-stats>
<gc-op id="3843" type="scavenge" timems="0.698" contextid="3840" timestamp="2019-08-08T09:22:33.343">
  <scavenger-info tenureage="3" tenuremask="fff8" tiltratio="90" />
  <memory-copied type="nursery" objects="54" bytes="5600" bytesdiscarded="36352" />
  <memory-copied type="tenure" objects="6" bytes="136" bytesdiscarded="0" />
</gc-op>
<gc-end id="3844" type="scavenge" contextid="3840" durationms="0.891" usertimems="1.254" systemtimems="0.000" timestamp="2019-08-08T09:22:33.343" activeThreads="16">
  <mem-info id="3845" free="76988496" total="103743488" percent="74">
    <mem type="nursery" free="75455520" total="83886080" percent="89">
      <mem type="allocate" free="75455520" total="75497472" percent="99" />
      <mem type="survivor" free="0" total="8388608" percent="0" />
    </mem>
    <mem type="tenure" free="1532976" total="19857408" percent="7" macro-fragmented="0">
      <mem type="soa" free="1335344" total="19659776" percent="6" />
      <mem type="loa" free="197632" total="197632" percent="100" />
    </mem>
    <remembered-set count="118" />
  </mem-info>
</gc-end>
<cycle-end id="3846" type="scavenge" contextid="3840" timestamp="2019-08-08T09:22:33.343" />
  <attribute name="elasticGC enabled" value="1" />
  <attribute name= "numThreadsSpecified" value="16" />
  <attribute name="heapSize specified" value="43057152" />
  <attribute name="Current GC Util" value="2" />
  <attribute name= "Current Time Running" value="144496" />
  <attribute name ="GC Interval" value="2673" />
  <attribute name="Target GC Util Change" value ="80.000000" />
  <attribute name="Current GC Util Change" value="2.000000"/>
  <attribute name="Current Error" value="372.000000" />
  <attribute name="Output H" value="103819600"/>
  <attribute name="Output I" value="2672"/>
  <attribute name="Output T" value="16"/>
  <attribute name= "Current Time Running" value="144496" />
  <attribute name="GC Util currently" value="2" />
  <attribute name="CPU Util currently" value="22757094046" />
<allocation-satisfied id="3847" threadId="0000000000AEAF00" bytesRequested="1016" />
<af-end id="3848" timestamp="2019-08-08T09:22:33.343" threadId="0000000000AEB888" success="true" from="nursery"/>
<exclusive-end id="3849" timestamp="2019-08-08T09:22:33.343" durationms="1.099" />

<exclusive-start id="3850" timestamp="2019-08-08T09:22:33.463" intervalms="120.486">
  <response-info timems="0.019" idlems="0.019" threads="0" lastid="0000000000AEAF00" lastname="main" />
</exclusive-start>
<af-start id="3851" threadId="0000000000AEB888" totalBytesRequested="80" timestamp="2019-08-08T09:22:33.463" intervalms="120.489" type="nursery" />
<cycle-start id="3852" type="scavenge" contextid="0" timestamp="2019-08-08T09:22:33.463" intervalms="120.489" />
<gc-start id="3853" type="scavenge" contextid="3852" timestamp="2019-08-08T09:22:33.463">
  <mem-info id="3854" free="1532976" total="103743488" percent="1">
    <mem type="nursery" free="0" total="83886080" percent="0">
      <mem type="allocate" free="0" total="75497472" percent="0" />
      <mem type="survivor" free="0" total="8388608" percent="0" />
    </mem>
    <mem type="tenure" free="1532976" total="19857408" percent="7">
      <mem type="soa" free="1335344" total="19659776" percent="6" />
      <mem type="loa" free="197632" total="197632" percent="100" />
    </mem>
    <remembered-set count="122" />
  </mem-info>
</gc-start>
<allocation-stats totalBytes="75384408" >
  <allocated-bytes non-tlh="1016" tlh="75383392" />
  <largest-consumer threadName="main" threadId="0000000000AEAF00" bytes="75384408" />
</allocation-stats>
<gc-op id="3855" type="scavenge" timems="1.086" contextid="3852" timestamp="2019-08-08T09:22:33.464">
  <scavenger-info tenureage="3" tenuremask="ffd8" tiltratio="90" />
  <memory-copied type="nursery" objects="42" bytes="1288" bytesdiscarded="30968" />
  <memory-copied type="tenure" objects="12" bytes="272" bytesdiscarded="0" />
</gc-op>
<gc-end id="3856" type="scavenge" contextid="3852" durationms="1.368" usertimems="1.826" systemtimems="0.000" timestamp="2019-08-08T09:22:33.464" activeThreads="16">
  <mem-info id="3857" free="76998192" total="103743488" percent="74">
    <mem type="nursery" free="75465216" total="83886080" percent="89">
      <mem type="allocate" free="75465216" total="75497472" percent="99" />
      <mem type="survivor" free="0" total="8388608" percent="0" />
    </mem>
    <mem type="tenure" free="1532976" total="19857408" percent="7" macro-fragmented="0">
      <mem type="soa" free="1335344" total="19659776" percent="6" />
      <mem type="loa" free="197632" total="197632" percent="100" />
    </mem>
    <remembered-set count="118" />
  </mem-info>
</gc-end>
<cycle-end id="3858" type="scavenge" contextid="3852" timestamp="2019-08-08T09:22:33.464" />
  <attribute name="elasticGC enabled" value="1" />
  <attribute name= "numThreadsSpecified" value="16" />
  <attribute name="heapSize specified" value="43057152" />
  <attribute name="Current GC Util" value="1" />
  <attribute name= "Current Time Running" value="144616" />
  <attribute name ="GC Interval" value="2817" />
  <attribute name="Target GC Util Change" value ="80.000000" />
  <attribute name="Current GC Util Change" value="1.000000"/>
  <attribute name="Current Error" value="451.000000" />
  <attribute name="Output H" value="103819688"/>
  <attribute name="Output I" value="2816"/>
  <attribute name="Output T" value="16"/>
  <attribute name= "Current Time Running" value="144616" />
  <attribute name="GC Util currently" value="1" />
  <attribute name="CPU Util currently" value="9566756634" />
<allocation-satisfied id="3859" threadId="0000000000AEAF00" bytesRequested="80" />
<af-end id="3860" timestamp="2019-08-08T09:22:33.464" threadId="0000000000AEB888" success="true" from="nursery"/>
<exclusive-end id="3861" timestamp="2019-08-08T09:22:33.464" durationms="1.581" />

<exclusive-start id="3862" timestamp="2019-08-08T09:22:33.592" intervalms="129.382">
  <response-info timems="0.018" idlems="0.018" threads="0" lastid="0000000000AEAF00" lastname="main" />
</exclusive-start>
<af-start id="3863" threadId="0000000000AEB888" totalBytesRequested="80" timestamp="2019-08-08T09:22:33.592" intervalms="129.379" type="nursery" />
<cycle-start id="3864" type="scavenge" contextid="0" timestamp="2019-08-08T09:22:33.592" intervalms="129.378" />
<gc-start id="3865" type="scavenge" contextid="3864" timestamp="2019-08-08T09:22:33.592">
  <mem-info id="3866" free="1532976" total="103743488" percent="1">
    <mem type="nursery" free="0" total="83886080" percent="0">
      <mem type="allocate" free="0" total="75497472" percent="0" />
      <mem type="survivor" free="0" total="8388608" percent="0" />
    </mem>
    <mem type="tenure" free="1532976" total="19857408" percent="7">
      <mem type="soa" free="1335344" total="19659776" percent="6" />
      <mem type="loa" free="197632" total="197632" percent="100" />
    </mem>
    <remembered-set count="118" />
  </mem-info>
</gc-start>
<allocation-stats totalBytes="75451168" >
  <allocated-bytes non-tlh="80" tlh="75451088" />
  <largest-consumer threadName="main" threadId="0000000000AEAF00" bytes="75451168" />
</allocation-stats>
<gc-op id="3867" type="scavenge" timems="0.599" contextid="3864" timestamp="2019-08-08T09:22:33.593">
  <scavenger-info tenureage="3" tenuremask="ffe8" tiltratio="90" />
  <memory-copied type="nursery" objects="37" bytes="1176" bytesdiscarded="31080" />
  <memory-copied type="tenure" objects="6" bytes="136" bytesdiscarded="0" />
</gc-op>
<gc-end id="3868" type="scavenge" contextid="3864" durationms="0.933" usertimems="1.325" systemtimems="0.000" timestamp="2019-08-08T09:22:33.593" activeThreads="16">
  <mem-info id="3869" free="76998192" total="103743488" percent="74">
    <mem type="nursery" free="75465216" total="83886080" percent="89">
      <mem type="allocate" free="75465216" total="75497472" percent="99" />
      <mem type="survivor" free="0" total="8388608" percent="0" />
    </mem>
    <mem type="tenure" free="1532976" total="19857408" percent="7" macro-fragmented="0">
      <mem type="soa" free="1335344" total="19659776" percent="6" />
      <mem type="loa" free="197632" total="197632" percent="100" />
    </mem>
    <remembered-set count="116" />
  </mem-info>
</gc-end>
<cycle-end id="3870" type="scavenge" contextid="3864" timestamp="2019-08-08T09:22:33.593" />
  <attribute name="elasticGC enabled" value="1" />
  <attribute name= "numThreadsSpecified" value="16" />
  <attribute name="heapSize specified" value="43057152" />
  <attribute name="Current GC Util" value="1" />
  <attribute name= "Current Time Running" value="144746" />
  <attribute name ="GC Interval" value="2153" />
  <attribute name="Target GC Util Change" value ="80.000000" />
  <attribute name="Current GC Util Change" value="1.000000"/>
  <attribute name="Current Error" value="79.000000" />
  <attribute name="Output H" value="103819264"/>
  <attribute name="Output I" value="2152"/>
  <attribute name="Output T" value="16"/>
  <attribute name= "Current Time Running" value="144746" />
  <attribute name="GC Util currently" value="1" />
  <attribute name="CPU Util currently" value="8912470423" />
<allocation-satisfied id="3871" threadId="0000000000AEAF00" bytesRequested="80" />
<af-end id="3872" timestamp="2019-08-08T09:22:33.593" threadId="0000000000AEB888" success="true" from="nursery"/>
<exclusive-end id="3873" timestamp="2019-08-08T09:22:33.593" durationms="1.132" />

<exclusive-start id="3874" timestamp="2019-08-08T09:22:33.717" intervalms="125.415">
  <response-info timems="0.018" idlems="0.018" threads="0" lastid="0000000000AEAF00" lastname="main" />
</exclusive-start>
<af-start id="3875" threadId="0000000000AEB888" totalBytesRequested="16" timestamp="2019-08-08T09:22:33.717" intervalms="125.416" type="nursery" />
<cycle-start id="3876" type="scavenge" contextid="0" timestamp="2019-08-08T09:22:33.717" intervalms="125.417" />
<gc-start id="3877" type="scavenge" contextid="3876" timestamp="2019-08-08T09:22:33.717">
  <mem-info id="3878" free="1532976" total="103743488" percent="1">
    <mem type="nursery" free="0" total="83886080" percent="0">
      <mem type="allocate" free="0" total="75497472" percent="0" />
      <mem type="survivor" free="0" total="8388608" percent="0" />
    </mem>
    <mem type="tenure" free="1532976" total="19857408" percent="7">
      <mem type="soa" free="1335344" total="19659776" percent="6" />
      <mem type="loa" free="197632" total="197632" percent="100" />
    </mem>
    <remembered-set count="116" />
  </mem-info>
</gc-start>
<allocation-stats totalBytes="75451680" >
  <allocated-bytes non-tlh="80" tlh="75451600" />
  <largest-consumer threadName="main" threadId="0000000000AEAF00" bytes="75451680" />
</allocation-stats>
<gc-op id="3879" type="scavenge" timems="0.552" contextid="3876" timestamp="2019-08-08T09:22:33.718">
  <scavenger-info tenureage="13" tenuremask="e000" tiltratio="90" />
  <memory-copied type="nursery" objects="42" bytes="1352" bytesdiscarded="30904" />
</gc-op>
<gc-end id="3880" type="scavenge" contextid="3876" durationms="0.742" usertimems="0.992" systemtimems="0.000" timestamp="2019-08-08T09:22:33.718" activeThreads="16">
  <mem-info id="3881" free="76998192" total="103743488" percent="74">
    <mem type="nursery" free="75465216" total="83886080" percent="89">
      <mem type="allocate" free="75465216" total="75497472" percent="99" />
      <mem type="survivor" free="0" total="8388608" percent="0" />
    </mem>
    <mem type="tenure" free="1532976" total="19857408" percent="7" macro-fragmented="2116">
      <mem type="soa" free="1335344" total="19659776" percent="6" />
      <mem type="loa" free="197632" total="197632" percent="100" />
    </mem>
    <remembered-set count="116" />
  </mem-info>
</gc-end>
<cycle-end id="3882" type="scavenge" contextid="3876" timestamp="2019-08-08T09:22:33.718" />
  <attribute name="elasticGC enabled" value="1" />
  <attribute name= "numThreadsSpecified" value="16" />
  <attribute name="heapSize specified" value="43057152" />
  <attribute name="Current GC Util" value="1" />
  <attribute name= "Current Time Running" value="144871" />
  <attribute name ="GC Interval" value="2297" />
  <attribute name="Target GC Util Change" value ="80.000000" />
  <attribute name="Current GC Util Change" value="1.000000"/>
  <attribute name="Current Error" value="158.000000" />
  <attribute name="Output H" value="103819352"/>
  <attribute name="Output I" value="2296"/>
  <attribute name="Output T" value="16"/>
  <attribute name= "Current Time Running" value="144871" />
  <attribute name="GC Util currently" value="1" />
  <attribute name="CPU Util currently" value="9193337858" />
<allocation-satisfied id="3883" threadId="0000000000AEAF00" bytesRequested="16" />
<af-end id="3884" timestamp="2019-08-08T09:22:33.718" threadId="0000000000AEB888" success="true" from="nursery"/>
<exclusive-end id="3885" timestamp="2019-08-08T09:22:33.718" durationms="0.945" />

<exclusive-start id="3886" timestamp="2019-08-08T09:22:33.802" intervalms="85.069">
  <response-info timems="0.021" idlems="0.021" threads="0" lastid="0000000000AEAF00" lastname="main" />
</exclusive-start>
<af-start id="3887" threadId="0000000000AEB888" totalBytesRequested="584" timestamp="2019-08-08T09:22:33.802" intervalms="85.088" type="nursery" />
<cycle-start id="3888" type="scavenge" contextid="0" timestamp="2019-08-08T09:22:33.802" intervalms="85.089" />
<gc-start id="3889" type="scavenge" contextid="3888" timestamp="2019-08-08T09:22:33.803">
  <mem-info id="3890" free="1532976" total="103743488" percent="1">
    <mem type="nursery" free="0" total="83886080" percent="0">
      <mem type="allocate" free="0" total="75497472" percent="0" />
      <mem type="survivor" free="0" total="8388608" percent="0" />
    </mem>
    <mem type="tenure" free="1532976" total="19857408" percent="7">
      <mem type="soa" free="1335344" total="19659776" percent="6" />
      <mem type="loa" free="197632" total="197632" percent="100" />
    </mem>
    <remembered-set count="118" />
  </mem-info>
</gc-start>
<allocation-stats totalBytes="75413944" >
  <allocated-bytes non-tlh="16" tlh="75413928" />
  <largest-consumer threadName="main" threadId="0000000000AEAF00" bytes="75413944" />
</allocation-stats>
<gc-op id="3891" type="scavenge" timems="0.707" contextid="3888" timestamp="2019-08-08T09:22:33.803">
  <scavenger-info tenureage="3" tenuremask="f018" tiltratio="90" />
  <memory-copied type="nursery" objects="25" bytes="1320" bytesdiscarded="30936" />
  <memory-copied type="tenure" objects="18" bytes="408" bytesdiscarded="0" />
</gc-op>
<gc-end id="3892" type="scavenge" contextid="3888" durationms="0.926" usertimems="1.338" systemtimems="0.000" timestamp="2019-08-08T09:22:33.803" activeThreads="16">
  <mem-info id="3893" free="76998192" total="103743488" percent="74">
    <mem type="nursery" free="75465216" total="83886080" percent="89">
      <mem type="allocate" free="75465216" total="75497472" percent="99" />
      <mem type="survivor" free="0" total="8388608" percent="0" />
    </mem>
    <mem type="tenure" free="1532976" total="19857408" percent="7" macro-fragmented="0">
      <mem type="soa" free="1335344" total="19659776" percent="6" />
      <mem type="loa" free="197632" total="197632" percent="100" />
    </mem>
    <remembered-set count="112" />
  </mem-info>
</gc-end>
<cycle-end id="3894" type="scavenge" contextid="3888" timestamp="2019-08-08T09:22:33.804" />
  <attribute name="elasticGC enabled" value="1" />
  <attribute name= "numThreadsSpecified" value="16" />
  <attribute name="heapSize specified" value="43057152" />
  <attribute name="Current GC Util" value="1" />
  <attribute name= "Current Time Running" value="144956" />
  <attribute name ="GC Interval" value="2433" />
  <attribute name="Target GC Util Change" value ="80.000000" />
  <attribute name="Current GC Util Change" value="1.000000"/>
  <attribute name="Current Error" value="237.000000" />
  <attribute name="Output H" value="103819448"/>
  <attribute name="Output I" value="2432"/>
  <attribute name="Output T" value="16"/>
  <attribute name= "Current Time Running" value="144956" />
  <attribute name="GC Util currently" value="1" />
  <attribute name="CPU Util currently" value="13550291640" />
<allocation-satisfied id="3895" threadId="0000000000AEAF00" bytesRequested="584" />
<af-end id="3896" timestamp="2019-08-08T09:22:33.804" threadId="0000000000AEB888" success="true" from="nursery"/>
<exclusive-end id="3897" timestamp="2019-08-08T09:22:33.804" durationms="1.153" />

<exclusive-start id="3898" timestamp="2019-08-08T09:22:33.815" intervalms="13.069">
  <response-info timems="0.022" idlems="0.022" threads="0" lastid="0000000000AEAF00" lastname="main" />
</exclusive-start>
<af-start id="3899" threadId="0000000000AEB888" totalBytesRequested="40" timestamp="2019-08-08T09:22:33.816" intervalms="13.062" type="nursery" />
<cycle-start id="3900" type="scavenge" contextid="0" timestamp="2019-08-08T09:22:33.816" intervalms="13.063" />
<gc-start id="3901" type="scavenge" contextid="3900" timestamp="2019-08-08T09:22:33.816">
  <mem-info id="3902" free="1532976" total="103743488" percent="1">
    <mem type="nursery" free="0" total="83886080" percent="0">
      <mem type="allocate" free="0" total="75497472" percent="0" />
      <mem type="survivor" free="0" total="8388608" percent="0" />
    </mem>
    <mem type="tenure" free="1532976" total="19857408" percent="7">
      <mem type="soa" free="1335344" total="19659776" percent="6" />
      <mem type="loa" free="197632" total="197632" percent="100" />
    </mem>
    <remembered-set count="112" />
  </mem-info>
</gc-start>
<allocation-stats totalBytes="75361600" >
  <allocated-bytes non-tlh="584" tlh="75361016" />
  <largest-consumer threadName="main" threadId="0000000000AEAF00" bytes="75361600" />
</allocation-stats>
<gc-op id="3903" type="scavenge" timems="0.591" contextid="3900" timestamp="2019-08-08T09:22:33.816">
  <scavenger-info tenureage="13" tenuremask="e000" tiltratio="90" />
  <memory-copied type="nursery" objects="23" bytes="1264" bytesdiscarded="14864" />
</gc-op>
<gc-end id="3904" type="scavenge" contextid="3900" durationms="0.783" usertimems="1.104" systemtimems="0.000" timestamp="2019-08-08T09:22:33.816" activeThreads="16">
  <mem-info id="3905" free="77014320" total="103743488" percent="74">
    <mem type="nursery" free="75481344" total="83886080" percent="89">
      <mem type="allocate" free="75481344" total="75497472" percent="99" />
      <mem type="survivor" free="0" total="8388608" percent="0" />
    </mem>
    <mem type="tenure" free="1532976" total="19857408" percent="7" macro-fragmented="0">
      <mem type="soa" free="1335344" total="19659776" percent="6" />
      <mem type="loa" free="197632" total="197632" percent="100" />
    </mem>
    <remembered-set count="112" />
  </mem-info>
</gc-end>
<cycle-end id="3906" type="scavenge" contextid="3900" timestamp="2019-08-08T09:22:33.816" />
  <attribute name="elasticGC enabled" value="1" />
  <attribute name= "numThreadsSpecified" value="16" />
  <attribute name="heapSize specified" value="43057152" />
  <attribute name="Current GC Util" value="10" />
  <attribute name= "Current Time Running" value="144969" />
  <attribute name ="GC Interval" value="2561" />
  <attribute name="Target GC Util Change" value ="80.000000" />
  <attribute name="Current GC Util Change" value="10.000000"/>
  <attribute name="Current Error" value="307.000000" />
  <attribute name="Output H" value="103819528"/>
  <attribute name="Output I" value="2560"/>
  <attribute name="Output T" value="16"/>
  <attribute name= "Current Time Running" value="144969" />
  <attribute name="GC Util currently" value="10" />
  <attribute name="CPU Util currently" value="87971894402" />
<allocation-satisfied id="3907" threadId="0000000000AEAF00" bytesRequested="40" />
<af-end id="3908" timestamp="2019-08-08T09:22:33.816" threadId="0000000000AEB888" success="true" from="nursery"/>
<exclusive-end id="3909" timestamp="2019-08-08T09:22:33.816" durationms="1.018" />

<exclusive-start id="3910" timestamp="2019-08-08T09:22:33.831" intervalms="15.417">
  <response-info timems="0.018" idlems="0.018" threads="0" lastid="0000000000AEAF00" lastname="main" />
</exclusive-start>
<af-start id="3911" threadId="0000000000AEB888" totalBytesRequested="584" timestamp="2019-08-08T09:22:33.831" intervalms="15.404" type="nursery" />
<cycle-start id="3912" type="scavenge" contextid="0" timestamp="2019-08-08T09:22:33.831" intervalms="15.401" />
<gc-start id="3913" type="scavenge" contextid="3912" timestamp="2019-08-08T09:22:33.831">
  <mem-info id="3914" free="1532976" total="103743488" percent="1">
    <mem type="nursery" free="0" total="83886080" percent="0">
      <mem type="allocate" free="0" total="75497472" percent="0" />
      <mem type="survivor" free="0" total="8388608" percent="0" />
    </mem>
    <mem type="tenure" free="1532976" total="19857408" percent="7">
      <mem type="soa" free="1335344" total="19659776" percent="6" />
      <mem type="loa" free="197632" total="197632" percent="100" />
    </mem>
    <remembered-set count="112" />
  </mem-info>
</gc-start>
<allocation-stats totalBytes="75378176" >
  <allocated-bytes non-tlh="40" tlh="75378136" />
  <largest-consumer threadName="main" threadId="0000000000AEAF00" bytes="75378176" />
</allocation-stats>
<gc-op id="3915" type="scavenge" timems="0.665" contextid="3912" timestamp="2019-08-08T09:22:33.832">
  <scavenger-info tenureage="9" tenuremask="fa00" tiltratio="90" />
  <memory-copied type="nursery" objects="25" bytes="1320" bytesdiscarded="30936" />
</gc-op>
<gc-end id="3916" type="scavenge" contextid="3912" durationms="0.925" usertimems="1.201" systemtimems="0.000" timestamp="2019-08-08T09:22:33.832" activeThreads="16">
  <mem-info id="3917" free="76998192" total="103743488" percent="74">
    <mem type="nursery" free="75465216" total="83886080" percent="89">
      <mem type="allocate" free="75465216" total="75497472" percent="99" />
      <mem type="survivor" free="0" total="8388608" percent="0" />
    </mem>
    <mem type="tenure" free="1532976" total="19857408" percent="7" macro-fragmented="0">
      <mem type="soa" free="1335344" total="19659776" percent="6" />
      <mem type="loa" free="197632" total="197632" percent="100" />
    </mem>
    <remembered-set count="112" />
  </mem-info>
</gc-end>
<cycle-end id="3918" type="scavenge" contextid="3912" timestamp="2019-08-08T09:22:33.832" />
  <attribute name="elasticGC enabled" value="1" />
  <attribute name= "numThreadsSpecified" value="16" />
  <attribute name="heapSize specified" value="43057152" />
  <attribute name="Current GC Util" value="7" />
  <attribute name= "Current Time Running" value="144985" />
  <attribute name ="GC Interval" value="2689" />
  <attribute name="Target GC Util Change" value ="80.000000" />
  <attribute name="Current GC Util Change" value="7.000000"/>
  <attribute name="Current Error" value="380.000000" />
  <attribute name="Output H" value="103819608"/>
  <attribute name="Output I" value="2688"/>
  <attribute name="Output T" value="16"/>
  <attribute name= "Current Time Running" value="144985" />
  <attribute name="GC Util currently" value="7" />
  <attribute name="CPU Util currently" value="74720828916" />
<allocation-satisfied id="3919" threadId="0000000000AEAF00" bytesRequested="584" />
<af-end id="3920" timestamp="2019-08-08T09:22:33.832" threadId="0000000000AEB888" success="true" from="nursery"/>
<exclusive-end id="3921" timestamp="2019-08-08T09:22:33.832" durationms="1.127" />

* Round 2 done in 2.237 seconds.
<exclusive-start id="3922" timestamp="2019-08-08T09:22:34.092" intervalms="261.499">
  <response-info timems="0.021" idlems="0.021" threads="0" lastid="0000000000AEAF00" lastname="main" />
</exclusive-start>
<af-start id="3923" threadId="0000000000AEB888" totalBytesRequested="1168" timestamp="2019-08-08T09:22:34.092" intervalms="261.505" type="nursery" />
<cycle-start id="3924" type="scavenge" contextid="0" timestamp="2019-08-08T09:22:34.092" intervalms="261.506" />
<gc-start id="3925" type="scavenge" contextid="3924" timestamp="2019-08-08T09:22:34.093">
  <mem-info id="3926" free="1532976" total="103743488" percent="1">
    <mem type="nursery" free="0" total="83886080" percent="0">
      <mem type="allocate" free="0" total="75497472" percent="0" />
      <mem type="survivor" free="0" total="8388608" percent="0" />
    </mem>
    <mem type="tenure" free="1532976" total="19857408" percent="7">
      <mem type="soa" free="1335344" total="19659776" percent="6" />
      <mem type="loa" free="197632" total="197632" percent="100" />
    </mem>
    <remembered-set count="133" />
  </mem-info>
</gc-start>
<allocation-stats totalBytes="75402272" >
  <allocated-bytes non-tlh="584" tlh="75401688" />
  <largest-consumer threadName="main" threadId="0000000000AEAF00" bytes="75402272" />
</allocation-stats>
<gc-op id="3927" type="scavenge" timems="0.641" contextid="3924" timestamp="2019-08-08T09:22:34.093">
  <scavenger-info tenureage="3" tenuremask="fff8" tiltratio="90" />
  <memory-copied type="nursery" objects="87" bytes="3544" bytesdiscarded="28712" />
  <memory-copied type="tenure" objects="6" bytes="136" bytesdiscarded="0" />
</gc-op>
<gc-end id="3928" type="scavenge" contextid="3924" durationms="0.908" usertimems="1.176" systemtimems="0.000" timestamp="2019-08-08T09:22:34.093" activeThreads="16">
  <mem-info id="3929" free="76998192" total="103743488" percent="74">
    <mem type="nursery" free="75465216" total="83886080" percent="89">
      <mem type="allocate" free="75465216" total="75497472" percent="99" />
      <mem type="survivor" free="0" total="8388608" percent="0" />
    </mem>
    <mem type="tenure" free="1532976" total="19857408" percent="7" macro-fragmented="13104">
      <mem type="soa" free="1335344" total="19659776" percent="6" />
      <mem type="loa" free="197632" total="197632" percent="100" />
    </mem>
    <remembered-set count="131" />
  </mem-info>
</gc-end>
<cycle-end id="3930" type="scavenge" contextid="3924" timestamp="2019-08-08T09:22:34.093" />
  <attribute name="elasticGC enabled" value="1" />
  <attribute name= "numThreadsSpecified" value="16" />
  <attribute name="heapSize specified" value="43057152" />
  <attribute name="Current GC Util" value="0" />
  <attribute name= "Current Time Running" value="145246" />
  <attribute name ="GC Interval" value="2833" />
  <attribute name="Target GC Util Change" value ="80.000000" />
  <attribute name="Current GC Util Change" value="0.000000"/>
  <attribute name="Current Error" value="460.000000" />
  <attribute name="Output H" value="103819704"/>
  <attribute name="Output I" value="2832"/>
  <attribute name="Output T" value="16"/>
  <attribute name= "Current Time Running" value="145246" />
  <attribute name="GC Util currently" value="0" />
  <attribute name="CPU Util currently" value="4409441557" />
<allocation-satisfied id="3931" threadId="0000000000AEAF00" bytesRequested="1168" />
<af-end id="3932" timestamp="2019-08-08T09:22:34.094" threadId="0000000000AEB888" success="true" from="nursery"/>
<exclusive-end id="3933" timestamp="2019-08-08T09:22:34.094" durationms="1.138" />

<exclusive-start id="3934" timestamp="2019-08-08T09:22:34.102" intervalms="9.202">
  <response-info timems="0.015" idlems="0.015" threads="0" lastid="0000000000AEAF00" lastname="main" />
</exclusive-start>
<af-start id="3935" threadId="0000000000AEB888" totalBytesRequested="1168" timestamp="2019-08-08T09:22:34.102" intervalms="9.200" type="nursery" />
<cycle-start id="3936" type="scavenge" contextid="0" timestamp="2019-08-08T09:22:34.102" intervalms="9.199" />
<gc-start id="3937" type="scavenge" contextid="3936" timestamp="2019-08-08T09:22:34.102">
  <mem-info id="3938" free="1532976" total="103743488" percent="1">
    <mem type="nursery" free="0" total="83886080" percent="0">
      <mem type="allocate" free="0" total="75497472" percent="0" />
      <mem type="survivor" free="0" total="8388608" percent="0" />
    </mem>
    <mem type="tenure" free="1532976" total="19857408" percent="7">
      <mem type="soa" free="1335344" total="19659776" percent="6" />
      <mem type="loa" free="197632" total="197632" percent="100" />
    </mem>
    <remembered-set count="131" />
  </mem-info>
</gc-start>
<allocation-stats totalBytes="75198608" >
  <allocated-bytes non-tlh="1168" tlh="75197440" />
  <largest-consumer threadName="main" threadId="0000000000AEAF00" bytes="75198608" />
</allocation-stats>
<gc-op id="3939" type="scavenge" timems="0.688" contextid="3936" timestamp="2019-08-08T09:22:34.102">
  <scavenger-info tenureage="3" tenuremask="ffe8" tiltratio="90" />
  <memory-copied type="nursery" objects="88" bytes="3568" bytesdiscarded="12560" />
</gc-op>
<gc-end id="3940" type="scavenge" contextid="3936" durationms="0.913" usertimems="1.250" systemtimems="0.000" timestamp="2019-08-08T09:22:34.103" activeThreads="16">
  <mem-info id="3941" free="77014320" total="103743488" percent="74">
    <mem type="nursery" free="75481344" total="83886080" percent="89">
      <mem type="allocate" free="75481344" total="75497472" percent="99" />
      <mem type="survivor" free="0" total="8388608" percent="0" />
    </mem>
    <mem type="tenure" free="1532976" total="19857408" percent="7" macro-fragmented="0">
      <mem type="soa" free="1335344" total="19659776" percent="6" />
      <mem type="loa" free="197632" total="197632" percent="100" />
    </mem>
    <remembered-set count="130" />
  </mem-info>
</gc-end>
<cycle-end id="3942" type="scavenge" contextid="3936" timestamp="2019-08-08T09:22:34.103" />
  <attribute name="elasticGC enabled" value="1" />
  <attribute name= "numThreadsSpecified" value="16" />
  <attribute name="heapSize specified" value="43057152" />
  <attribute name="Current GC Util" value="14" />
  <attribute name= "Current Time Running" value="145255" />
  <attribute name ="GC Interval" value="2129" />
  <attribute name="Target GC Util Change" value ="80.000000" />
  <attribute name="Current GC Util Change" value="14.000000"/>
  <attribute name="Current Error" value="66.000000" />
  <attribute name="Output H" value="103819248"/>
  <attribute name="Output I" value="2128"/>
  <attribute name="Output T" value="16"/>
  <attribute name= "Current Time Running" value="145255" />
  <attribute name="GC Util currently" value="14" />
  <attribute name="CPU Util currently" value="124613552055" />
<allocation-satisfied id="3943" threadId="0000000000AEAF00" bytesRequested="1168" />
<af-end id="3944" timestamp="2019-08-08T09:22:34.103" threadId="0000000000AEB888" success="true" from="nursery"/>
<exclusive-end id="3945" timestamp="2019-08-08T09:22:34.103" durationms="1.194" />

<exclusive-start id="3946" timestamp="2019-08-08T09:22:34.111" intervalms="9.085">
  <response-info timems="0.022" idlems="0.022" threads="0" lastid="0000000000AEAF00" lastname="main" />
</exclusive-start>
<af-start id="3947" threadId="0000000000AEB888" totalBytesRequested="1168" timestamp="2019-08-08T09:22:34.111" intervalms="9.087" type="nursery" />
<cycle-start id="3948" type="scavenge" contextid="0" timestamp="2019-08-08T09:22:34.111" intervalms="9.088" />
<gc-start id="3949" type="scavenge" contextid="3948" timestamp="2019-08-08T09:22:34.111">
  <mem-info id="3950" free="1532976" total="103743488" percent="1">
    <mem type="nursery" free="0" total="83886080" percent="0">
      <mem type="allocate" free="0" total="75497472" percent="0" />
      <mem type="survivor" free="0" total="8388608" percent="0" />
    </mem>
    <mem type="tenure" free="1532976" total="19857408" percent="7">
      <mem type="soa" free="1335344" total="19659776" percent="6" />
      <mem type="loa" free="197632" total="197632" percent="100" />
    </mem>
    <remembered-set count="130" />
  </mem-info>
</gc-start>
<allocation-stats totalBytes="75230584" >
  <allocated-bytes non-tlh="1168" tlh="75229416" />
  <largest-consumer threadName="main" threadId="0000000000AEAF00" bytes="75230584" />
</allocation-stats>
<gc-op id="3951" type="scavenge" timems="1.155" contextid="3948" timestamp="2019-08-08T09:22:34.112">
  <scavenger-info tenureage="2" tenuremask="fffc" tiltratio="90" />
  <memory-copied type="nursery" objects="2" bytes="56" bytesdiscarded="32200" />
  <memory-copied type="tenure" objects="86" bytes="3512" bytesdiscarded="0" />
</gc-op>
<heap-resize id="3952" type="expand" space="nursery" amount="4980736" count="1" timems="0.016" reason="excessive time being spent scavenging" timestamp="2019-08-08T09:22:34.112" />
<gc-end id="3953" type="scavenge" contextid="3948" durationms="1.513" usertimems="1.718" systemtimems="0.000" timestamp="2019-08-08T09:22:34.112" activeThreads="16">
  <mem-info id="3954" free="81454640" total="108724224" percent="74">
    <mem type="nursery" free="79921664" total="88866816" percent="89">
      <mem type="allocate" free="79921664" total="79953920" percent="99" />
      <mem type="survivor" free="0" total="8912896" percent="0" />
    </mem>
    <mem type="tenure" free="1532976" total="19857408" percent="7" macro-fragmented="0">
      <mem type="soa" free="1335344" total="19659776" percent="6" />
      <mem type="loa" free="197632" total="197632" percent="100" />
    </mem>
    <remembered-set count="119" />
  </mem-info>
</gc-end>
<cycle-end id="3955" type="scavenge" contextid="3948" timestamp="2019-08-08T09:22:34.112" />
  <attribute name="elasticGC enabled" value="1" />
  <attribute name= "numThreadsSpecified" value="16" />
  <attribute name="heapSize specified" value="43057152" />
  <attribute name="Current GC Util" value="15" />
  <attribute name= "Current Time Running" value="145264" />
  <attribute name ="GC Interval" value="2249" />
  <attribute name="Target GC Util Change" value ="80.000000" />
  <attribute name="Current GC Util Change" value="15.000000"/>
  <attribute name="Current Error" value="131.000000" />
  <attribute name="Output H" value="103819320"/>
  <attribute name="Output I" value="2248"/>
  <attribute name="Output T" value="16"/>
  <attribute name= "Current Time Running" value="145264" />
  <attribute name="GC Util currently" value="15" />
  <attribute name="CPU Util currently" value="126949542455" />
<allocation-satisfied id="3956" threadId="0000000000AEAF00" bytesRequested="1168" />
<af-end id="3957" timestamp="2019-08-08T09:22:34.112" threadId="0000000000AEB888" success="true" from="nursery"/>
<exclusive-end id="3958" timestamp="2019-08-08T09:22:34.112" durationms="1.790" />

<exclusive-start id="3959" timestamp="2019-08-08T09:22:34.121" intervalms="10.468">
  <response-info timems="0.023" idlems="0.023" threads="0" lastid="0000000000AEAF00" lastname="main" />
</exclusive-start>
<af-start id="3960" threadId="0000000000AEB888" totalBytesRequested="1168" timestamp="2019-08-08T09:22:34.121" intervalms="10.467" type="nursery" />
<cycle-start id="3961" type="scavenge" contextid="0" timestamp="2019-08-08T09:22:34.121" intervalms="10.467" />
<gc-start id="3962" type="scavenge" contextid="3961" timestamp="2019-08-08T09:22:34.121">
  <mem-info id="3963" free="1532976" total="108724224" percent="1">
    <mem type="nursery" free="0" total="88866816" percent="0">
      <mem type="allocate" free="0" total="79953920" percent="0" />
      <mem type="survivor" free="0" total="8912896" percent="0" />
    </mem>
    <mem type="tenure" free="1532976" total="19857408" percent="7">
      <mem type="soa" free="1335344" total="19659776" percent="6" />
      <mem type="loa" free="197632" total="197632" percent="100" />
    </mem>
    <remembered-set count="119" />
  </mem-info>
</gc-start>
<allocation-stats totalBytes="79656424" >
  <allocated-bytes non-tlh="1168" tlh="79655256" />
  <largest-consumer threadName="main" threadId="0000000000AEAF00" bytes="79656424" />
</allocation-stats>
<gc-op id="3964" type="scavenge" timems="0.594" contextid="3961" timestamp="2019-08-08T09:22:34.122">
  <scavenger-info tenureage="4" tenuremask="fff0" tiltratio="89" />
  <memory-copied type="nursery" objects="2" bytes="56" bytesdiscarded="16072" />
</gc-op>
<gc-end id="3965" type="scavenge" contextid="3961" durationms="0.802" usertimems="1.188" systemtimems="0.000" timestamp="2019-08-08T09:22:34.122" activeThreads="16">
  <mem-info id="3966" free="81470768" total="108724224" percent="74">
    <mem type="nursery" free="79937792" total="88866816" percent="89">
      <mem type="allocate" free="79937792" total="79953920" percent="99" />
      <mem type="survivor" free="0" total="8912896" percent="0" />
    </mem>
    <mem type="tenure" free="1532976" total="19857408" percent="7" macro-fragmented="0">
      <mem type="soa" free="1335344" total="19659776" percent="6" />
      <mem type="loa" free="197632" total="197632" percent="100" />
    </mem>
    <remembered-set count="119" />
  </mem-info>
</gc-end>
<cycle-end id="3967" type="scavenge" contextid="3961" timestamp="2019-08-08T09:22:34.122" />
  <attribute name="elasticGC enabled" value="1" />
  <attribute name= "numThreadsSpecified" value="16" />
  <attribute name="heapSize specified" value="43057152" />
  <attribute name="Current GC Util" value="16" />
  <attribute name= "Current Time Running" value="145275" />
  <attribute name ="GC Interval" value="2361" />
  <attribute name="Target GC Util Change" value ="80.000000" />
  <attribute name="Current GC Util Change" value="16.000000"/>
  <attribute name="Current Error" value="195.000000" />
  <attribute name="Output H" value="108800136"/>
  <attribute name="Output I" value="2360"/>
  <attribute name="Output T" value="16"/>
  <attribute name= "Current Time Running" value="145275" />
  <attribute name="GC Util currently" value="16" />
  <attribute name="CPU Util currently" value="110732811876" />
<allocation-satisfied id="3968" threadId="0000000000AEAF00" bytesRequested="1168" />
<af-end id="3969" timestamp="2019-08-08T09:22:34.122" threadId="0000000000AEB888" success="true" from="nursery"/>
<exclusive-end id="3970" timestamp="2019-08-08T09:22:34.122" durationms="1.027" />

<exclusive-start id="3971" timestamp="2019-08-08T09:22:34.131" intervalms="10.161">
  <response-info timems="0.023" idlems="0.023" threads="0" lastid="0000000000AEAF00" lastname="main" />
</exclusive-start>
<af-start id="3972" threadId="0000000000AEB888" totalBytesRequested="1168" timestamp="2019-08-08T09:22:34.131" intervalms="10.161" type="nursery" />
<cycle-start id="3973" type="scavenge" contextid="0" timestamp="2019-08-08T09:22:34.131" intervalms="10.162" />
<gc-start id="3974" type="scavenge" contextid="3973" timestamp="2019-08-08T09:22:34.131">
  <mem-info id="3975" free="1532976" total="108724224" percent="1">
    <mem type="nursery" free="0" total="88866816" percent="0">
      <mem type="allocate" free="0" total="79953920" percent="0" />
      <mem type="survivor" free="0" total="8912896" percent="0" />
    </mem>
    <mem type="tenure" free="1532976" total="19857408" percent="7">
      <mem type="soa" free="1335344" total="19659776" percent="6" />
      <mem type="loa" free="197632" total="197632" percent="100" />
    </mem>
    <remembered-set count="119" />
  </mem-info>
</gc-start>
<allocation-stats totalBytes="79672440" >
  <allocated-bytes non-tlh="1168" tlh="79671272" />
  <largest-consumer threadName="main" threadId="0000000000AEAF00" bytes="79672440" />
</allocation-stats>
<gc-op id="3976" type="scavenge" timems="0.727" contextid="3973" timestamp="2019-08-08T09:22:34.132">
  <scavenger-info tenureage="3" tenuremask="fff8" tiltratio="89" />
  <memory-copied type="nursery" objects="2" bytes="56" bytesdiscarded="16072" />
</gc-op>
<gc-end id="3977" type="scavenge" contextid="3973" durationms="0.994" usertimems="1.497" systemtimems="0.000" timestamp="2019-08-08T09:22:34.132" activeThreads="16">
  <mem-info id="3978" free="81470768" total="108724224" percent="74">
    <mem type="nursery" free="79937792" total="88866816" percent="89">
      <mem type="allocate" free="79937792" total="79953920" percent="99" />
      <mem type="survivor" free="0" total="8912896" percent="0" />
    </mem>
    <mem type="tenure" free="1532976" total="19857408" percent="7" macro-fragmented="0">
      <mem type="soa" free="1335344" total="19659776" percent="6" />
      <mem type="loa" free="197632" total="197632" percent="100" />
    </mem>
    <remembered-set count="119" />
  </mem-info>
</gc-end>
<cycle-end id="3979" type="scavenge" contextid="3973" timestamp="2019-08-08T09:22:34.132" />
  <attribute name="elasticGC enabled" value="1" />
  <attribute name= "numThreadsSpecified" value="16" />
  <attribute name="heapSize specified" value="43057152" />
  <attribute name="Current GC Util" value="12" />
  <attribute name= "Current Time Running" value="145285" />
  <attribute name ="GC Interval" value="2481" />
  <attribute name="Target GC Util Change" value ="80.000000" />
  <attribute name="Current GC Util Change" value="12.000000"/>
  <attribute name="Current Error" value="263.000000" />
  <attribute name="Output H" value="108800208"/>
  <attribute name="Output I" value="2480"/>
  <attribute name="Output T" value="16"/>
  <attribute name= "Current Time Running" value="145285" />
  <attribute name="GC Util currently" value="12" />
  <attribute name="CPU Util currently" value="113417145904" />
<allocation-satisfied id="3980" threadId="0000000000AEAF00" bytesRequested="1168" />
<af-end id="3981" timestamp="2019-08-08T09:22:34.133" threadId="0000000000AEB888" success="true" from="nursery"/>
<exclusive-end id="3982" timestamp="2019-08-08T09:22:34.133" durationms="1.217" />

<exclusive-start id="3983" timestamp="2019-08-08T09:22:34.141" intervalms="9.697">
  <response-info timems="0.020" idlems="0.020" threads="0" lastid="0000000000AEAF00" lastname="main" />
</exclusive-start>
<af-start id="3984" threadId="0000000000AEB888" totalBytesRequested="1168" timestamp="2019-08-08T09:22:34.141" intervalms="9.697" type="nursery" />
<cycle-start id="3985" type="scavenge" contextid="0" timestamp="2019-08-08T09:22:34.141" intervalms="9.696" />
<gc-start id="3986" type="scavenge" contextid="3985" timestamp="2019-08-08T09:22:34.141">
  <mem-info id="3987" free="1532976" total="108724224" percent="1">
    <mem type="nursery" free="0" total="88866816" percent="0">
      <mem type="allocate" free="0" total="79953920" percent="0" />
      <mem type="survivor" free="0" total="8912896" percent="0" />
    </mem>
    <mem type="tenure" free="1532976" total="19857408" percent="7">
      <mem type="soa" free="1335344" total="19659776" percent="6" />
      <mem type="loa" free="197632" total="197632" percent="100" />
    </mem>
    <remembered-set count="119" />
  </mem-info>
</gc-start>
<allocation-stats totalBytes="79672440" >
  <allocated-bytes non-tlh="1168" tlh="79671272" />
  <largest-consumer threadName="main" threadId="0000000000AEAF00" bytes="79672440" />
</allocation-stats>
<gc-op id="3988" type="scavenge" timems="0.595" contextid="3985" timestamp="2019-08-08T09:22:34.142">
  <scavenger-info tenureage="3" tenuremask="fff8" tiltratio="89" />
  <memory-copied type="nursery" objects="2" bytes="56" bytesdiscarded="32200" />
</gc-op>
<gc-end id="3989" type="scavenge" contextid="3985" durationms="0.812" usertimems="1.119" systemtimems="0.000" timestamp="2019-08-08T09:22:34.142" activeThreads="16">
  <mem-info id="3990" free="81454640" total="108724224" percent="74">
    <mem type="nursery" free="79921664" total="88866816" percent="89">
      <mem type="allocate" free="79921664" total="79953920" percent="99" />
      <mem type="survivor" free="0" total="8912896" percent="0" />
    </mem>
    <mem type="tenure" free="1532976" total="19857408" percent="7" macro-fragmented="0">
      <mem type="soa" free="1335344" total="19659776" percent="6" />
      <mem type="loa" free="197632" total="197632" percent="100" />
    </mem>
    <remembered-set count="119" />
  </mem-info>
</gc-end>
<cycle-end id="3991" type="scavenge" contextid="3985" timestamp="2019-08-08T09:22:34.142" />
  <attribute name="elasticGC enabled" value="1" />
  <attribute name= "numThreadsSpecified" value="16" />
  <attribute name="heapSize specified" value="43057152" />
  <attribute name="Current GC Util" value="16" />
  <attribute name= "Current Time Running" value="145295" />
  <attribute name ="GC Interval" value="2593" />
  <attribute name="Target GC Util Change" value ="80.000000" />
  <attribute name="Current GC Util Change" value="16.000000"/>
  <attribute name="Current Error" value="327.000000" />
  <attribute name="Output H" value="108800288"/>
  <attribute name="Output I" value="2592"/>
  <attribute name="Output T" value="16"/>
  <attribute name= "Current Time Running" value="145295" />
  <attribute name="GC Util currently" value="16" />
  <attribute name="CPU Util currently" value="119042153206" />
<allocation-satisfied id="3992" threadId="0000000000AEAF00" bytesRequested="1168" />
<af-end id="3993" timestamp="2019-08-08T09:22:34.142" threadId="0000000000AEB888" success="true" from="nursery"/>
<exclusive-end id="3994" timestamp="2019-08-08T09:22:34.142" durationms="1.045" />

<exclusive-start id="3995" timestamp="2019-08-08T09:22:34.151" intervalms="10.293">
  <response-info timems="0.020" idlems="0.020" threads="0" lastid="0000000000AEAF00" lastname="main" />
</exclusive-start>
<af-start id="3996" threadId="0000000000AEB888" totalBytesRequested="1168" timestamp="2019-08-08T09:22:34.151" intervalms="10.294" type="nursery" />
<cycle-start id="3997" type="scavenge" contextid="0" timestamp="2019-08-08T09:22:34.151" intervalms="10.294" />
<gc-start id="3998" type="scavenge" contextid="3997" timestamp="2019-08-08T09:22:34.151">
  <mem-info id="3999" free="1532976" total="108724224" percent="1">
    <mem type="nursery" free="0" total="88866816" percent="0">
      <mem type="allocate" free="0" total="79953920" percent="0" />
      <mem type="survivor" free="0" total="8912896" percent="0" />
    </mem>
    <mem type="tenure" free="1532976" total="19857408" percent="7">
      <mem type="soa" free="1335344" total="19659776" percent="6" />
      <mem type="loa" free="197632" total="197632" percent="100" />
    </mem>
    <remembered-set count="119" />
  </mem-info>
</gc-start>
<allocation-stats totalBytes="79656400" >
  <allocated-bytes non-tlh="1168" tlh="79655232" />
  <largest-consumer threadName="main" threadId="0000000000AEAF00" bytes="79656400" />
</allocation-stats>
<gc-op id="4000" type="scavenge" timems="1.854" contextid="3997" timestamp="2019-08-08T09:22:34.153">
  <scavenger-info tenureage="3" tenuremask="fff8" tiltratio="89" />
  <memory-copied type="nursery" objects="2" bytes="56" bytesdiscarded="32200" />
</gc-op>
<heap-resize id="4001" type="expand" space="nursery" amount="7471104" count="1" timems="0.016" reason="excessive time being spent scavenging" timestamp="2019-08-08T09:22:34.153" />
<gc-end id="4002" type="scavenge" contextid="3997" durationms="2.204" usertimems="1.535" systemtimems="0.000" timestamp="2019-08-08T09:22:34.154" activeThreads="16">
  <mem-info id="4003" free="88139312" total="116195328" percent="75">
    <mem type="nursery" free="86606336" total="96337920" percent="89">
      <mem type="allocate" free="86606336" total="86638592" percent="99" />
      <mem type="survivor" free="0" total="9699328" percent="0" />
    </mem>
    <mem type="tenure" free="1532976" total="19857408" percent="7" macro-fragmented="5266">
      <mem type="soa" free="1335344" total="19659776" percent="6" />
      <mem type="loa" free="197632" total="197632" percent="100" />
    </mem>
    <remembered-set count="119" />
  </mem-info>
</gc-end>
<cycle-end id="4004" type="scavenge" contextid="3997" timestamp="2019-08-08T09:22:34.154" />
  <attribute name="elasticGC enabled" value="1" />
  <attribute name= "numThreadsSpecified" value="16" />
  <attribute name="heapSize specified" value="43057152" />
  <attribute name="Current GC Util" value="12" />
  <attribute name= "Current Time Running" value="145305" />
  <attribute name ="GC Interval" value="2721" />
  <attribute name="Target GC Util Change" value ="80.000000" />
  <attribute name="Current GC Util Change" value="12.000000"/>
  <attribute name="Current Error" value="395.000000" />
  <attribute name="Output H" value="108800360"/>
  <attribute name="Output I" value="2720"/>
  <attribute name="Output T" value="16"/>
  <attribute name= "Current Time Running" value="145305" />
  <attribute name="GC Util currently" value="12" />
  <attribute name="CPU Util currently" value="110751597138" />
<allocation-satisfied id="4005" threadId="0000000000AEAF00" bytesRequested="1168" />
<af-end id="4006" timestamp="2019-08-08T09:22:34.154" threadId="0000000000AEB888" success="true" from="nursery"/>
<exclusive-end id="4007" timestamp="2019-08-08T09:22:34.154" durationms="2.417" />

<exclusive-start id="4008" timestamp="2019-08-08T09:22:34.163" intervalms="12.104">
  <response-info timems="0.026" idlems="0.026" threads="0" lastid="0000000000AEAF00" lastname="main" />
</exclusive-start>
<af-start id="4009" threadId="0000000000AEB888" totalBytesRequested="1168" timestamp="2019-08-08T09:22:34.163" intervalms="12.103" type="nursery" />
<cycle-start id="4010" type="scavenge" contextid="0" timestamp="2019-08-08T09:22:34.163" intervalms="12.103" />
<gc-start id="4011" type="scavenge" contextid="4010" timestamp="2019-08-08T09:22:34.164">
  <mem-info id="4012" free="1532976" total="116195328" percent="1">
    <mem type="nursery" free="0" total="96337920" percent="0">
      <mem type="allocate" free="0" total="86638592" percent="0" />
      <mem type="survivor" free="0" total="9699328" percent="0" />
    </mem>
    <mem type="tenure" free="1532976" total="19857408" percent="7">
      <mem type="soa" free="1335344" total="19659776" percent="6" />
      <mem type="loa" free="197632" total="197632" percent="100" />
    </mem>
    <remembered-set count="119" />
  </mem-info>
</gc-start>
<allocation-stats totalBytes="86319208" >
  <allocated-bytes non-tlh="1168" tlh="86318040" />
  <largest-consumer threadName="main" threadId="0000000000AEAF00" bytes="86319208" />
</allocation-stats>
<gc-op id="4013" type="scavenge" timems="0.571" contextid="4010" timestamp="2019-08-08T09:22:34.164">
  <scavenger-info tenureage="3" tenuremask="fff8" tiltratio="89" />
  <memory-copied type="nursery" objects="2" bytes="56" bytesdiscarded="32200" />
</gc-op>
<gc-end id="4014" type="scavenge" contextid="4010" durationms="0.826" usertimems="1.373" systemtimems="0.000" timestamp="2019-08-08T09:22:34.164" activeThreads="16">
  <mem-info id="4015" free="88204848" total="116195328" percent="75">
    <mem type="nursery" free="86671872" total="96337920" percent="89">
      <mem type="allocate" free="86671872" total="86704128" percent="99" />
      <mem type="survivor" free="0" total="9633792" percent="0" />
    </mem>
    <mem type="tenure" free="1532976" total="19857408" percent="7" macro-fragmented="0">
      <mem type="soa" free="1335344" total="19659776" percent="6" />
      <mem type="loa" free="197632" total="197632" percent="100" />
    </mem>
    <remembered-set count="119" />
  </mem-info>
</gc-end>
<cycle-end id="4016" type="scavenge" contextid="4010" timestamp="2019-08-08T09:22:34.164" />
  <attribute name="elasticGC enabled" value="1" />
  <attribute name= "numThreadsSpecified" value="16" />
  <attribute name="heapSize specified" value="43057152" />
  <attribute name="Current GC Util" value="12" />
  <attribute name= "Current Time Running" value="145317" />
  <attribute name ="GC Interval" value="2137" />
  <attribute name="Target GC Util Change" value ="80.000000" />
  <attribute name="Current GC Util Change" value="12.000000"/>
  <attribute name="Current Error" value="68.000000" />
  <attribute name="Output H" value="116271088"/>
  <attribute name="Output I" value="2136"/>
  <attribute name="Output T" value="16"/>
  <attribute name= "Current Time Running" value="145317" />
  <attribute name="GC Util currently" value="12" />
  <attribute name="CPU Util currently" value="96130566054" />
<allocation-satisfied id="4017" threadId="0000000000AEAF00" bytesRequested="1168" />
<af-end id="4018" timestamp="2019-08-08T09:22:34.164" threadId="0000000000AEB888" success="true" from="nursery"/>
<exclusive-end id="4019" timestamp="2019-08-08T09:22:34.164" durationms="1.036" />

<exclusive-start id="4020" timestamp="2019-08-08T09:22:34.176" intervalms="12.392">
  <response-info timems="0.018" idlems="0.018" threads="0" lastid="0000000000AEAF00" lastname="main" />
</exclusive-start>
<af-start id="4021" threadId="0000000000AEB888" totalBytesRequested="1168" timestamp="2019-08-08T09:22:34.176" intervalms="12.401" type="nursery" />
<cycle-start id="4022" type="scavenge" contextid="0" timestamp="2019-08-08T09:22:34.176" intervalms="12.423" />
<gc-start id="4023" type="scavenge" contextid="4022" timestamp="2019-08-08T09:22:34.176">
  <mem-info id="4024" free="1532976" total="116195328" percent="1">
    <mem type="nursery" free="0" total="96337920" percent="0">
      <mem type="allocate" free="0" total="86704128" percent="0" />
      <mem type="survivor" free="0" total="9633792" percent="0" />
    </mem>
    <mem type="tenure" free="1532976" total="19857408" percent="7">
      <mem type="soa" free="1335344" total="19659776" percent="6" />
      <mem type="loa" free="197632" total="197632" percent="100" />
    </mem>
    <remembered-set count="124" />
  </mem-info>
</gc-start>
<allocation-stats totalBytes="86254840" >
  <allocated-bytes non-tlh="1168" tlh="86253672" />
  <largest-consumer threadName="main" threadId="0000000000AEAF00" bytes="86254840" />
</allocation-stats>
<gc-op id="4025" type="scavenge" timems="0.584" contextid="4022" timestamp="2019-08-08T09:22:34.177">
  <scavenger-info tenureage="3" tenuremask="fff8" tiltratio="90" />
  <memory-copied type="nursery" objects="27" bytes="1944" bytesdiscarded="30312" />
</gc-op>
<gc-end id="4026" type="scavenge" contextid="4022" durationms="0.839" usertimems="0.999" systemtimems="0.000" timestamp="2019-08-08T09:22:34.177" activeThreads="16">
  <mem-info id="4027" free="88204848" total="116195328" percent="75">
    <mem type="nursery" free="86671872" total="96337920" percent="89">
      <mem type="allocate" free="86671872" total="86704128" percent="99" />
      <mem type="survivor" free="0" total="9633792" percent="0" />
    </mem>
    <mem type="tenure" free="1532976" total="19857408" percent="7" macro-fragmented="0">
      <mem type="soa" free="1335344" total="19659776" percent="6" />
      <mem type="loa" free="197632" total="197632" percent="100" />
    </mem>
    <remembered-set count="124" />
  </mem-info>
</gc-end>
<cycle-end id="4028" type="scavenge" contextid="4022" timestamp="2019-08-08T09:22:34.178" />
  <attribute name="elasticGC enabled" value="1" />
  <attribute name= "numThreadsSpecified" value="16" />
  <attribute name="heapSize specified" value="43057152" />
  <attribute name="Current GC Util" value="9" />
  <attribute name= "Current Time Running" value="145330" />
  <attribute name ="GC Interval" value="2257" />
  <attribute name="Target GC Util Change" value ="80.000000" />
  <attribute name="Current GC Util Change" value="9.000000"/>
  <attribute name="Current Error" value="139.000000" />
  <attribute name="Output H" value="116271168"/>
  <attribute name="Output I" value="2256"/>
  <attribute name="Output T" value="16"/>
  <attribute name= "Current Time Running" value="145330" />
  <attribute name="GC Util currently" value="9" />
  <attribute name="CPU Util currently" value="92429831381" />
<allocation-satisfied id="4029" threadId="0000000000AEAF00" bytesRequested="1168" />
<af-end id="4030" timestamp="2019-08-08T09:22:34.178" threadId="0000000000AEB888" success="true" from="nursery"/>
<exclusive-end id="4031" timestamp="2019-08-08T09:22:34.178" durationms="2.511" />

<exclusive-start id="4032" timestamp="2019-08-08T09:22:34.187" intervalms="11.699">
  <response-info timems="0.022" idlems="0.022" threads="0" lastid="0000000000AEAF00" lastname="main" />
</exclusive-start>
<af-start id="4033" threadId="0000000000AEB888" totalBytesRequested="1168" timestamp="2019-08-08T09:22:34.188" intervalms="11.706" type="nursery" />
<cycle-start id="4034" type="scavenge" contextid="0" timestamp="2019-08-08T09:22:34.188" intervalms="11.688" />
<gc-start id="4035" type="scavenge" contextid="4034" timestamp="2019-08-08T09:22:34.188">
  <mem-info id="4036" free="1532976" total="116195328" percent="1">
    <mem type="nursery" free="0" total="96337920" percent="0">
      <mem type="allocate" free="0" total="86704128" percent="0" />
      <mem type="survivor" free="0" total="9633792" percent="0" />
    </mem>
    <mem type="tenure" free="1532976" total="19857408" percent="7">
      <mem type="soa" free="1335344" total="19659776" percent="6" />
      <mem type="loa" free="197632" total="197632" percent="100" />
    </mem>
    <remembered-set count="124" />
  </mem-info>
</gc-start>
<allocation-stats totalBytes="86122848" >
  <allocated-bytes non-tlh="1168" tlh="86121680" />
  <largest-consumer threadName="main" threadId="0000000000AEAF00" bytes="86122848" />
</allocation-stats>
<gc-op id="4037" type="scavenge" timems="1.093" contextid="4034" timestamp="2019-08-08T09:22:34.189">
  <scavenger-info tenureage="3" tenuremask="fff8" tiltratio="90" />
  <memory-copied type="nursery" objects="28" bytes="1968" bytesdiscarded="30288" />
</gc-op>
<gc-end id="4038" type="scavenge" contextid="4034" durationms="1.311" usertimems="2.011" systemtimems="0.000" timestamp="2019-08-08T09:22:34.189" activeThreads="16">
  <mem-info id="4039" free="88204848" total="116195328" percent="75">
    <mem type="nursery" free="86671872" total="96337920" percent="89">
      <mem type="allocate" free="86671872" total="86704128" percent="99" />
      <mem type="survivor" free="0" total="9633792" percent="0" />
    </mem>
    <mem type="tenure" free="1532976" total="19857408" percent="7" macro-fragmented="0">
      <mem type="soa" free="1335344" total="19659776" percent="6" />
      <mem type="loa" free="197632" total="197632" percent="100" />
    </mem>
    <remembered-set count="114" />
  </mem-info>
</gc-end>
<cycle-end id="4040" type="scavenge" contextid="4034" timestamp="2019-08-08T09:22:34.189" />
  <attribute name="elasticGC enabled" value="1" />
  <attribute name= "numThreadsSpecified" value="16" />
  <attribute name="heapSize specified" value="43057152" />
  <attribute name="Current GC Util" value="20" />
  <attribute name= "Current Time Running" value="145341" />
  <attribute name ="GC Interval" value="2369" />
  <attribute name="Target GC Util Change" value ="80.000000" />
  <attribute name="Current GC Util Change" value="20.000000"/>
  <attribute name="Current Error" value="199.000000" />
  <attribute name="Output H" value="116271240"/>
  <attribute name="Output I" value="2368"/>
  <attribute name="Output T" value="16"/>
  <attribute name= "Current Time Running" value="145341" />
  <attribute name="GC Util currently" value="20" />
  <attribute name="CPU Util currently" value="97886639556" />
<allocation-satisfied id="4041" threadId="0000000000AEAF00" bytesRequested="1168" />
<af-end id="4042" timestamp="2019-08-08T09:22:34.189" threadId="0000000000AEB888" success="true" from="nursery"/>
<exclusive-end id="4043" timestamp="2019-08-08T09:22:34.189" durationms="1.716" />

<exclusive-start id="4044" timestamp="2019-08-08T09:22:34.200" intervalms="12.815">
  <response-info timems="0.015" idlems="0.015" threads="0" lastid="0000000000AEAF00" lastname="main" />
</exclusive-start>
<af-start id="4045" threadId="0000000000AEB888" totalBytesRequested="1168" timestamp="2019-08-08T09:22:34.200" intervalms="12.793" type="nursery" />
<cycle-start id="4046" type="scavenge" contextid="0" timestamp="2019-08-08T09:22:34.200" intervalms="12.787" />
<gc-start id="4047" type="scavenge" contextid="4046" timestamp="2019-08-08T09:22:34.200">
  <mem-info id="4048" free="1532976" total="116195328" percent="1">
    <mem type="nursery" free="0" total="96337920" percent="0">
      <mem type="allocate" free="0" total="86704128" percent="0" />
      <mem type="survivor" free="0" total="9633792" percent="0" />
    </mem>
    <mem type="tenure" free="1532976" total="19857408" percent="7">
      <mem type="soa" free="1335344" total="19659776" percent="6" />
      <mem type="loa" free="197632" total="197632" percent="100" />
    </mem>
    <remembered-set count="114" />
  </mem-info>
</gc-start>
<allocation-stats totalBytes="86129016" >
  <allocated-bytes non-tlh="1168" tlh="86127848" />
  <largest-consumer threadName="main" threadId="0000000000AEAF00" bytes="86129016" />
</allocation-stats>
<gc-op id="4049" type="scavenge" timems="0.723" contextid="4046" timestamp="2019-08-08T09:22:34.201">
  <scavenger-info tenureage="3" tenuremask="fff8" tiltratio="90" />
  <memory-copied type="nursery" objects="28" bytes="1968" bytesdiscarded="14160" />
</gc-op>
<gc-end id="4050" type="scavenge" contextid="4046" durationms="0.913" usertimems="1.392" systemtimems="0.000" timestamp="2019-08-08T09:22:34.201" activeThreads="16">
  <mem-info id="4051" free="88220976" total="116195328" percent="75">
    <mem type="nursery" free="86688000" total="96337920" percent="89">
      <mem type="allocate" free="86688000" total="86704128" percent="99" />
      <mem type="survivor" free="0" total="9633792" percent="0" />
    </mem>
    <mem type="tenure" free="1532976" total="19857408" percent="7" macro-fragmented="0">
      <mem type="soa" free="1335344" total="19659776" percent="6" />
      <mem type="loa" free="197632" total="197632" percent="100" />
    </mem>
    <remembered-set count="114" />
  </mem-info>
</gc-end>
<cycle-end id="4052" type="scavenge" contextid="4046" timestamp="2019-08-08T09:22:34.201" />
  <attribute name="elasticGC enabled" value="1" />
  <attribute name= "numThreadsSpecified" value="16" />
  <attribute name="heapSize specified" value="43057152" />
  <attribute name="Current GC Util" value="14" />
  <attribute name= "Current Time Running" value="145354" />
  <attribute name ="GC Interval" value="2489" />
  <attribute name="Target GC Util Change" value ="80.000000" />
  <attribute name="Current GC Util Change" value="14.000000"/>
  <attribute name="Current Error" value="265.000000" />
  <attribute name="Output H" value="116271320"/>
  <attribute name="Output I" value="2488"/>
  <attribute name="Output T" value="16"/>
  <attribute name= "Current Time Running" value="145354" />
  <attribute name="GC Util currently" value="14" />
  <attribute name="CPU Util currently" value="91364555475" />
<allocation-satisfied id="4053" threadId="0000000000AEAF00" bytesRequested="1168" />
<af-end id="4054" timestamp="2019-08-08T09:22:34.201" threadId="0000000000AEB888" success="true" from="nursery"/>
<exclusive-end id="4055" timestamp="2019-08-08T09:22:34.201" durationms="1.111" />

<exclusive-start id="4056" timestamp="2019-08-08T09:22:34.211" intervalms="10.328">
  <response-info timems="0.015" idlems="0.015" threads="0" lastid="0000000000AEAF00" lastname="main" />
</exclusive-start>
<af-start id="4057" threadId="0000000000AEB888" totalBytesRequested="1168" timestamp="2019-08-08T09:22:34.211" intervalms="10.331" type="nursery" />
<cycle-start id="4058" type="scavenge" contextid="0" timestamp="2019-08-08T09:22:34.211" intervalms="10.334" />
<gc-start id="4059" type="scavenge" contextid="4058" timestamp="2019-08-08T09:22:34.211">
  <mem-info id="4060" free="1532976" total="116195328" percent="1">
    <mem type="nursery" free="0" total="96337920" percent="0">
      <mem type="allocate" free="0" total="86704128" percent="0" />
      <mem type="survivor" free="0" total="9633792" percent="0" />
    </mem>
    <mem type="tenure" free="1532976" total="19857408" percent="7">
      <mem type="soa" free="1335344" total="19659776" percent="6" />
      <mem type="loa" free="197632" total="197632" percent="100" />
    </mem>
    <remembered-set count="114" />
  </mem-info>
</gc-start>
<allocation-stats totalBytes="86145136" >
  <allocated-bytes non-tlh="1168" tlh="86143968" />
  <largest-consumer threadName="main" threadId="0000000000AEAF00" bytes="86145136" />
</allocation-stats>
<gc-op id="4061" type="scavenge" timems="0.533" contextid="4058" timestamp="2019-08-08T09:22:34.211">
  <scavenger-info tenureage="3" tenuremask="fff8" tiltratio="90" />
  <memory-copied type="nursery" objects="2" bytes="64" bytesdiscarded="32192" />
  <memory-copied type="tenure" objects="26" bytes="1904" bytesdiscarded="0" />
</gc-op>
<gc-end id="4062" type="scavenge" contextid="4058" durationms="0.716" usertimems="1.081" systemtimems="0.000" timestamp="2019-08-08T09:22:34.211" activeThreads="16">
  <mem-info id="4063" free="88204848" total="116195328" percent="75">
    <mem type="nursery" free="86671872" total="96337920" percent="89">
      <mem type="allocate" free="86671872" total="86704128" percent="99" />
      <mem type="survivor" free="0" total="9633792" percent="0" />
    </mem>
    <mem type="tenure" free="1532976" total="19857408" percent="7" macro-fragmented="0">
      <mem type="soa" free="1335344" total="19659776" percent="6" />
      <mem type="loa" free="197632" total="197632" percent="100" />
    </mem>
    <remembered-set count="119" />
  </mem-info>
</gc-end>
<cycle-end id="4064" type="scavenge" contextid="4058" timestamp="2019-08-08T09:22:34.212" />
  <attribute name="elasticGC enabled" value="1" />
  <attribute name= "numThreadsSpecified" value="16" />
  <attribute name="heapSize specified" value="43057152" />
  <attribute name="Current GC Util" value="14" />
  <attribute name= "Current Time Running" value="145364" />
  <attribute name ="GC Interval" value="2601" />
  <attribute name="Target GC Util Change" value ="80.000000" />
  <attribute name="Current GC Util Change" value="14.000000"/>
  <attribute name="Current Error" value="331.000000" />
  <attribute name="Output H" value="116271392"/>
  <attribute name="Output I" value="2600"/>
  <attribute name="Output T" value="16"/>
  <attribute name= "Current Time Running" value="145364" />
  <attribute name="GC Util currently" value="14" />
  <attribute name="CPU Util currently" value="111346096813" />
<allocation-satisfied id="4065" threadId="0000000000AEAF00" bytesRequested="1168" />
<af-end id="4066" timestamp="2019-08-08T09:22:34.212" threadId="0000000000AEB888" success="true" from="nursery"/>
<exclusive-end id="4067" timestamp="2019-08-08T09:22:34.212" durationms="0.947" />

<exclusive-start id="4068" timestamp="2019-08-08T09:22:34.230" intervalms="19.777">
  <response-info timems="0.021" idlems="0.021" threads="0" lastid="0000000000AEAF00" lastname="main" />
</exclusive-start>
<af-start id="4069" threadId="0000000000AEB888" totalBytesRequested="72" timestamp="2019-08-08T09:22:34.230" intervalms="19.779" type="nursery" />
<cycle-start id="4070" type="scavenge" contextid="0" timestamp="2019-08-08T09:22:34.230" intervalms="19.778" />
<gc-start id="4071" type="scavenge" contextid="4070" timestamp="2019-08-08T09:22:34.231">
  <mem-info id="4072" free="1532976" total="116195328" percent="1">
    <mem type="nursery" free="0" total="96337920" percent="0">
      <mem type="allocate" free="0" total="86704128" percent="0" />
      <mem type="survivor" free="0" total="9633792" percent="0" />
    </mem>
    <mem type="tenure" free="1532976" total="19857408" percent="7">
      <mem type="soa" free="1335344" total="19659776" percent="6" />
      <mem type="loa" free="197632" total="197632" percent="100" />
    </mem>
    <remembered-set count="124" />
  </mem-info>
</gc-start>
<allocation-stats totalBytes="86651216" >
  <allocated-bytes non-tlh="1168" tlh="86650048" />
  <largest-consumer threadName="main" threadId="0000000000AEAF00" bytes="86651216" />
</allocation-stats>
<gc-op id="4073" type="scavenge" timems="0.590" contextid="4070" timestamp="2019-08-08T09:22:34.231">
  <scavenger-info tenureage="3" tenuremask="ffe8" tiltratio="90" />
  <memory-copied type="nursery" objects="164" bytes="5400" bytesdiscarded="26856" />
</gc-op>
<gc-end id="4074" type="scavenge" contextid="4070" durationms="0.746" usertimems="1.107" systemtimems="0.000" timestamp="2019-08-08T09:22:34.231" activeThreads="16">
  <mem-info id="4075" free="88204848" total="116195328" percent="75">
    <mem type="nursery" free="86671872" total="96337920" percent="89">
      <mem type="allocate" free="86671872" total="86704128" percent="99" />
      <mem type="survivor" free="0" total="9633792" percent="0" />
    </mem>
    <mem type="tenure" free="1532976" total="19857408" percent="7" macro-fragmented="418667">
      <mem type="soa" free="1335344" total="19659776" percent="6" />
      <mem type="loa" free="197632" total="197632" percent="100" />
    </mem>
    <remembered-set count="124" />
  </mem-info>
</gc-end>
<cycle-end id="4076" type="scavenge" contextid="4070" timestamp="2019-08-08T09:22:34.231" />
  <attribute name="elasticGC enabled" value="1" />
  <attribute name= "numThreadsSpecified" value="16" />
  <attribute name="heapSize specified" value="43057152" />
  <attribute name="Current GC Util" value="6" />
  <attribute name= "Current Time Running" value="145384" />
  <attribute name ="GC Interval" value="2737" />
  <attribute name="Target GC Util Change" value ="80.000000" />
  <attribute name="Current GC Util Change" value="6.000000"/>
  <attribute name="Current Error" value="405.000000" />
  <attribute name="Output H" value="116271480"/>
  <attribute name="Output I" value="2736"/>
  <attribute name="Output T" value="16"/>
  <attribute name= "Current Time Running" value="145384" />
  <attribute name="GC Util currently" value="6" />
  <attribute name="CPU Util currently" value="58321149461" />
<allocation-satisfied id="4077" threadId="0000000000AEAF00" bytesRequested="72" />
<af-end id="4078" timestamp="2019-08-08T09:22:34.231" threadId="0000000000AEB888" success="true" from="nursery"/>
<exclusive-end id="4079" timestamp="2019-08-08T09:22:34.231" durationms="0.949" />

<exclusive-start id="4080" timestamp="2019-08-08T09:22:34.308" intervalms="77.551">
  <response-info timems="0.016" idlems="0.016" threads="0" lastid="0000000000AEAF00" lastname="main" />
</exclusive-start>
<af-start id="4081" threadId="0000000000AEB888" totalBytesRequested="32" timestamp="2019-08-08T09:22:34.308" intervalms="77.547" type="nursery" />
<cycle-start id="4082" type="scavenge" contextid="0" timestamp="2019-08-08T09:22:34.308" intervalms="77.546" />
<gc-start id="4083" type="scavenge" contextid="4082" timestamp="2019-08-08T09:22:34.308">
  <mem-info id="4084" free="1532976" total="116195328" percent="1">
    <mem type="nursery" free="0" total="96337920" percent="0">
      <mem type="allocate" free="0" total="86704128" percent="0" />
      <mem type="survivor" free="0" total="9633792" percent="0" />
    </mem>
    <mem type="tenure" free="1532976" total="19857408" percent="7">
      <mem type="soa" free="1335344" total="19659776" percent="6" />
      <mem type="loa" free="197632" total="197632" percent="100" />
    </mem>
    <remembered-set count="132" />
  </mem-info>
</gc-start>
<allocation-stats totalBytes="86659656" >
  <allocated-bytes non-tlh="72" tlh="86659584" />
  <largest-consumer threadName="main" threadId="0000000000AEAF00" bytes="86659656" />
</allocation-stats>
<gc-op id="4085" type="scavenge" timems="0.763" contextid="4082" timestamp="2019-08-08T09:22:34.309">
  <scavenger-info tenureage="3" tenuremask="fff8" tiltratio="90" />
  <memory-copied type="nursery" objects="77" bytes="2288" bytesdiscarded="61408" />
  <references type="weak" candidates="37" cleared="7" enqueued="3" />
</gc-op>
<gc-end id="4086" type="scavenge" contextid="4082" durationms="0.944" usertimems="1.270" systemtimems="0.000" timestamp="2019-08-08T09:22:34.309" activeThreads="16">
  <mem-info id="4087" free="88173360" total="116195328" percent="75">
    <mem type="nursery" free="86640384" total="96337920" percent="89">
      <mem type="allocate" free="86640384" total="86704128" percent="99" />
      <mem type="survivor" free="0" total="9633792" percent="0" />
    </mem>
    <mem type="tenure" free="1532976" total="19857408" percent="7" macro-fragmented="418667">
      <mem type="soa" free="1335344" total="19659776" percent="6" />
      <mem type="loa" free="197632" total="197632" percent="100" />
    </mem>
    <pending-finalizers system="0" default="0" reference="3" classloader="0" />
    <remembered-set count="122" />
  </mem-info>
</gc-end>
<cycle-end id="4088" type="scavenge" contextid="4082" timestamp="2019-08-08T09:22:34.309" />
  <attribute name="elasticGC enabled" value="1" />
  <attribute name= "numThreadsSpecified" value="16" />
  <attribute name="heapSize specified" value="43057152" />
  <attribute name="Current GC Util" value="1" />
  <attribute name= "Current Time Running" value="145462" />
  <attribute name ="GC Interval" value="2153" />
  <attribute name="Target GC Util Change" value ="80.000000" />
  <attribute name="Current GC Util Change" value="1.000000"/>
  <attribute name="Current Error" value="79.000000" />
  <attribute name="Output H" value="116271104"/>
  <attribute name="Output I" value="2152"/>
  <attribute name="Output T" value="16"/>
  <attribute name= "Current Time Running" value="145462" />
  <attribute name="GC Util currently" value="1" />
  <attribute name="CPU Util currently" value="14865263625" />
<allocation-satisfied id="4089" threadId="0000000000AEAF00" bytesRequested="32" />
<af-end id="4090" timestamp="2019-08-08T09:22:34.309" threadId="0000000000AEB888" success="true" from="nursery"/>
<exclusive-end id="4091" timestamp="2019-08-08T09:22:34.309" durationms="1.156" />

<exclusive-start id="4092" timestamp="2019-08-08T09:22:34.325" intervalms="17.409">
  <response-info timems="0.016" idlems="0.016" threads="0" lastid="0000000000AEAF00" lastname="main" />
</exclusive-start>
<af-start id="4093" threadId="0000000000AEB888" totalBytesRequested="176" timestamp="2019-08-08T09:22:34.325" intervalms="17.411" type="nursery" />
<cycle-start id="4094" type="scavenge" contextid="0" timestamp="2019-08-08T09:22:34.325" intervalms="17.412" />
<gc-start id="4095" type="scavenge" contextid="4094" timestamp="2019-08-08T09:22:34.325">
  <mem-info id="4096" free="1532976" total="116195328" percent="1">
    <mem type="nursery" free="0" total="96337920" percent="0">
      <mem type="allocate" free="0" total="86704128" percent="0" />
      <mem type="survivor" free="0" total="9633792" percent="0" />
    </mem>
    <mem type="tenure" free="1532976" total="19857408" percent="7">
      <mem type="soa" free="1335344" total="19659776" percent="6" />
      <mem type="loa" free="197632" total="197632" percent="100" />
    </mem>
    <remembered-set count="123" />
  </mem-info>
</gc-start>
<allocation-stats totalBytes="86592832" >
  <allocated-bytes non-tlh="32" tlh="86592800" />
  <largest-consumer threadName="main" threadId="0000000000AEAF00" bytes="86592832" />
</allocation-stats>
<gc-op id="4097" type="scavenge" timems="0.830" contextid="4094" timestamp="2019-08-08T09:22:34.326">
  <scavenger-info tenureage="3" tenuremask="fff8" tiltratio="90" />
  <memory-copied type="nursery" objects="79" bytes="2456" bytesdiscarded="45928" />
  <references type="weak" candidates="30" cleared="0" enqueued="0" />
</gc-op>
<gc-end id="4098" type="scavenge" contextid="4094" durationms="1.047" usertimems="1.463" systemtimems="0.000" timestamp="2019-08-08T09:22:34.327" activeThreads="16">
  <mem-info id="4099" free="88188720" total="116195328" percent="75">
    <mem type="nursery" free="86655744" total="96337920" percent="89">
      <mem type="allocate" free="86655744" total="86704128" percent="99" />
      <mem type="survivor" free="0" total="9633792" percent="0" />
    </mem>
    <mem type="tenure" free="1532976" total="19857408" percent="7" macro-fragmented="0">
      <mem type="soa" free="1335344" total="19659776" percent="6" />
      <mem type="loa" free="197632" total="197632" percent="100" />
    </mem>
    <remembered-set count="123" />
  </mem-info>
</gc-end>
<cycle-end id="4100" type="scavenge" contextid="4094" timestamp="2019-08-08T09:22:34.327" />
  <attribute name="elasticGC enabled" value="1" />
  <attribute name= "numThreadsSpecified" value="16" />
  <attribute name="heapSize specified" value="43057152" />
  <attribute name="Current GC Util" value="8" />
  <attribute name= "Current Time Running" value="145479" />
  <attribute name ="GC Interval" value="2281" />
  <attribute name="Target GC Util Change" value ="80.000000" />
  <attribute name="Current GC Util Change" value="8.000000"/>
  <attribute name="Current Error" value="151.000000" />
  <attribute name="Output H" value="116271184"/>
  <attribute name="Output I" value="2280"/>
  <attribute name="Output T" value="16"/>
  <attribute name= "Current Time Running" value="145479" />
  <attribute name="GC Util currently" value="8" />
  <attribute name="CPU Util currently" value="66207272983" />
<allocation-satisfied id="4101" threadId="0000000000AEAF00" bytesRequested="176" />
<af-end id="4102" timestamp="2019-08-08T09:22:34.327" threadId="0000000000AEB888" success="true" from="nursery"/>
<exclusive-end id="4103" timestamp="2019-08-08T09:22:34.327" durationms="1.261" />

<exclusive-start id="4104" timestamp="2019-08-08T09:22:34.343" intervalms="17.508">
  <response-info timems="0.019" idlems="0.019" threads="0" lastid="0000000000AEAF00" lastname="main" />
</exclusive-start>
<af-start id="4105" threadId="0000000000AEB888" totalBytesRequested="216" timestamp="2019-08-08T09:22:34.343" intervalms="17.505" type="nursery" />
<cycle-start id="4106" type="scavenge" contextid="0" timestamp="2019-08-08T09:22:34.343" intervalms="17.504" />
<gc-start id="4107" type="scavenge" contextid="4106" timestamp="2019-08-08T09:22:34.343">
  <mem-info id="4108" free="1532976" total="116195328" percent="1">
    <mem type="nursery" free="0" total="96337920" percent="0">
      <mem type="allocate" free="0" total="86704128" percent="0" />
      <mem type="survivor" free="0" total="9633792" percent="0" />
    </mem>
    <mem type="tenure" free="1532976" total="19857408" percent="7">
      <mem type="soa" free="1335344" total="19659776" percent="6" />
      <mem type="loa" free="197632" total="197632" percent="100" />
    </mem>
    <remembered-set count="123" />
  </mem-info>
</gc-start>
<allocation-stats totalBytes="86611416" >
  <allocated-bytes non-tlh="176" tlh="86611240" />
  <largest-consumer threadName="main" threadId="0000000000AEAF00" bytes="86611416" />
</allocation-stats>
<gc-op id="4109" type="scavenge" timems="0.550" contextid="4106" timestamp="2019-08-08T09:22:34.344">
  <scavenger-info tenureage="3" tenuremask="fff8" tiltratio="90" />
  <memory-copied type="nursery" objects="72" bytes="2336" bytesdiscarded="69856" />
  <memory-copied type="tenure" objects="7" bytes="168" bytesdiscarded="0" />
  <references type="weak" candidates="30" cleared="0" enqueued="0" />
</gc-op>
<gc-end id="4110" type="scavenge" contextid="4106" durationms="0.711" usertimems="1.018" systemtimems="0.000" timestamp="2019-08-08T09:22:34.344" activeThreads="16">
  <mem-info id="4111" free="88164912" total="116195328" percent="75">
    <mem type="nursery" free="86631936" total="96337920" percent="89">
      <mem type="allocate" free="86631936" total="86704128" percent="99" />
      <mem type="survivor" free="0" total="9633792" percent="0" />
    </mem>
    <mem type="tenure" free="1532976" total="19857408" percent="7" macro-fragmented="0">
      <mem type="soa" free="1335344" total="19659776" percent="6" />
      <mem type="loa" free="197632" total="197632" percent="100" />
    </mem>
    <remembered-set count="119" />
  </mem-info>
</gc-end>
<cycle-end id="4112" type="scavenge" contextid="4106" timestamp="2019-08-08T09:22:34.344" />
  <attribute name="elasticGC enabled" value="1" />
  <attribute name= "numThreadsSpecified" value="16" />
  <attribute name="heapSize specified" value="43057152" />
  <attribute name="Current GC Util" value="9" />
  <attribute name= "Current Time Running" value="145497" />
  <attribute name ="GC Interval" value="2409" />
  <attribute name="Target GC Util Change" value ="80.000000" />
  <attribute name="Current GC Util Change" value="9.000000"/>
  <attribute name="Current Error" value="222.000000" />
  <attribute name="Output H" value="116271264"/>
  <attribute name="Output I" value="2408"/>
  <attribute name="Output T" value="16"/>
  <attribute name= "Current Time Running" value="145497" />
  <attribute name="GC Util currently" value="9" />
  <attribute name="CPU Util currently" value="65902063104" />
<allocation-satisfied id="4113" threadId="0000000000AEAF00" bytesRequested="216" />
<af-end id="4114" timestamp="2019-08-08T09:22:34.344" threadId="0000000000AEB888" success="true" from="nursery"/>
<exclusive-end id="4115" timestamp="2019-08-08T09:22:34.344" durationms="0.987" />

<exclusive-start id="4116" timestamp="2019-08-08T09:22:34.362" intervalms="19.007">
  <response-info timems="0.024" idlems="0.024" threads="0" lastid="0000000000AEAF00" lastname="main" />
</exclusive-start>
<af-start id="4117" threadId="0000000000AEB888" totalBytesRequested="16" timestamp="2019-08-08T09:22:34.362" intervalms="19.037" type="nursery" />
<cycle-start id="4118" type="scavenge" contextid="0" timestamp="2019-08-08T09:22:34.362" intervalms="19.045" />
<gc-start id="4119" type="scavenge" contextid="4118" timestamp="2019-08-08T09:22:34.362">
  <mem-info id="4120" free="1532976" total="116195328" percent="1">
    <mem type="nursery" free="0" total="96337920" percent="0">
      <mem type="allocate" free="0" total="86704128" percent="0" />
      <mem type="survivor" free="0" total="9633792" percent="0" />
    </mem>
    <mem type="tenure" free="1532976" total="19857408" percent="7">
      <mem type="soa" free="1335344" total="19659776" percent="6" />
      <mem type="loa" free="197632" total="197632" percent="100" />
    </mem>
    <remembered-set count="121" />
  </mem-info>
</gc-start>
<allocation-stats totalBytes="86575512" >
  <allocated-bytes non-tlh="216" tlh="86575296" />
  <largest-consumer threadName="main" threadId="0000000000AEAF00" bytes="86575512" />
</allocation-stats>
<gc-op id="4121" type="scavenge" timems="0.622" contextid="4118" timestamp="2019-08-08T09:22:34.363">
  <scavenger-info tenureage="3" tenuremask="ffe8" tiltratio="90" />
  <memory-copied type="nursery" objects="25" bytes="1064" bytesdiscarded="46552" />
  <memory-copied type="tenure" objects="55" bytes="1592" bytesdiscarded="0" />
</gc-op>
<gc-end id="4122" type="scavenge" contextid="4118" durationms="0.876" usertimems="1.237" systemtimems="0.000" timestamp="2019-08-08T09:22:34.363" activeThreads="16">
  <mem-info id="4123" free="88173360" total="116195328" percent="75">
    <mem type="nursery" free="86656512" total="96337920" percent="89">
      <mem type="allocate" free="86656512" total="86704128" percent="99" />
      <mem type="survivor" free="0" total="9633792" percent="0" />
    </mem>
    <mem type="tenure" free="1516848" total="19857408" percent="7" macro-fragmented="0">
      <mem type="soa" free="1319216" total="19659776" percent="6" />
      <mem type="loa" free="197632" total="197632" percent="100" />
    </mem>
    <remembered-set count="112" />
  </mem-info>
</gc-end>
<cycle-end id="4124" type="scavenge" contextid="4118" timestamp="2019-08-08T09:22:34.363" />
  <attribute name="elasticGC enabled" value="1" />
  <attribute name= "numThreadsSpecified" value="16" />
  <attribute name="heapSize specified" value="43057152" />
  <attribute name="Current GC Util" value="6" />
  <attribute name= "Current Time Running" value="145516" />
  <attribute name ="GC Interval" value="2537" />
  <attribute name="Target GC Util Change" value ="80.000000" />
  <attribute name="Current GC Util Change" value="6.000000"/>
  <attribute name="Current Error" value="296.000000" />
  <attribute name="Output H" value="116271352"/>
  <attribute name="Output I" value="2536"/>
  <attribute name="Output T" value="16"/>
  <attribute name= "Current Time Running" value="145516" />
  <attribute name="GC Util currently" value="6" />
  <attribute name="CPU Util currently" value="60575994961" />
<allocation-satisfied id="4125" threadId="0000000000AEAF00" bytesRequested="16" />
<af-end id="4126" timestamp="2019-08-08T09:22:34.363" threadId="0000000000AEB888" success="true" from="nursery"/>
<exclusive-end id="4127" timestamp="2019-08-08T09:22:34.363" durationms="1.104" />

<exclusive-start id="4128" timestamp="2019-08-08T09:22:34.385" intervalms="23.529">
  <response-info timems="0.017" idlems="0.017" threads="0" lastid="0000000000AEAF00" lastname="main" />
</exclusive-start>
<af-start id="4129" threadId="0000000000AEB888" totalBytesRequested="136" timestamp="2019-08-08T09:22:34.385" intervalms="23.501" type="nursery" />
<cycle-start id="4130" type="scavenge" contextid="0" timestamp="2019-08-08T09:22:34.385" intervalms="23.493" />
<gc-start id="4131" type="scavenge" contextid="4130" timestamp="2019-08-08T09:22:34.386">
  <mem-info id="4132" free="1516848" total="116195328" percent="1">
    <mem type="nursery" free="0" total="96337920" percent="0">
      <mem type="allocate" free="0" total="86704128" percent="0" />
      <mem type="survivor" free="0" total="9633792" percent="0" />
    </mem>
    <mem type="tenure" free="1516848" total="19857408" percent="7">
      <mem type="soa" free="1319216" total="19659776" percent="6" />
      <mem type="loa" free="197632" total="197632" percent="100" />
    </mem>
    <remembered-set count="114" />
  </mem-info>
</gc-start>
<allocation-stats totalBytes="86597584" >
  <allocated-bytes non-tlh="16" tlh="86597568" />
  <largest-consumer threadName="main" threadId="0000000000AEAF00" bytes="86597584" />
</allocation-stats>
<gc-op id="4133" type="scavenge" timems="0.553" contextid="4130" timestamp="2019-08-08T09:22:34.386">
  <scavenger-info tenureage="3" tenuremask="ffe8" tiltratio="90" />
  <memory-copied type="nursery" objects="41" bytes="1504" bytesdiscarded="30752" />
</gc-op>
<gc-end id="4134" type="scavenge" contextid="4130" durationms="0.737" usertimems="0.943" systemtimems="0.000" timestamp="2019-08-08T09:22:34.386" activeThreads="16">
  <mem-info id="4135" free="88188720" total="116195328" percent="75">
    <mem type="nursery" free="86671872" total="96337920" percent="89">
      <mem type="allocate" free="86671872" total="86704128" percent="99" />
      <mem type="survivor" free="0" total="9633792" percent="0" />
    </mem>
    <mem type="tenure" free="1516848" total="19857408" percent="7" macro-fragmented="0">
      <mem type="soa" free="1319216" total="19659776" percent="6" />
      <mem type="loa" free="197632" total="197632" percent="100" />
    </mem>
    <remembered-set count="114" />
  </mem-info>
</gc-end>
<cycle-end id="4136" type="scavenge" contextid="4130" timestamp="2019-08-08T09:22:34.386" />
  <attribute name="elasticGC enabled" value="1" />
  <attribute name= "numThreadsSpecified" value="16" />
  <attribute name="heapSize specified" value="43057152" />
  <attribute name="Current GC Util" value="5" />
  <attribute name= "Current Time Running" value="145539" />
  <attribute name ="GC Interval" value="2673" />
  <attribute name="Target GC Util Change" value ="80.000000" />
  <attribute name="Current GC Util Change" value="5.000000"/>
  <attribute name="Current Error" value="371.000000" />
  <attribute name="Output H" value="116271440"/>
  <attribute name="Output I" value="2672"/>
  <attribute name="Output T" value="16"/>
  <attribute name= "Current Time Running" value="145539" />
  <attribute name="GC Util currently" value="5" />
  <attribute name="CPU Util currently" value="49069658814" />
<allocation-satisfied id="4137" threadId="0000000000AEAF00" bytesRequested="136" />
<af-end id="4138" timestamp="2019-08-08T09:22:34.386" threadId="0000000000AEB888" success="true" from="nursery"/>
<exclusive-end id="4139" timestamp="2019-08-08T09:22:34.386" durationms="0.947" />

<exclusive-start id="4140" timestamp="2019-08-08T09:22:34.593" intervalms="207.924">
  <response-info timems="0.031" idlems="0.031" threads="0" lastid="0000000000AEAF00" lastname="main" />
</exclusive-start>
<af-start id="4141" threadId="0000000000AEB888" totalBytesRequested="7064" timestamp="2019-08-08T09:22:34.593" intervalms="207.980" type="nursery" />
<cycle-start id="4142" type="scavenge" contextid="0" timestamp="2019-08-08T09:22:34.593" intervalms="207.993" />
<gc-start id="4143" type="scavenge" contextid="4142" timestamp="2019-08-08T09:22:34.594">
  <mem-info id="4144" free="1516848" total="116195328" percent="1">
    <mem type="nursery" free="0" total="96337920" percent="0">
      <mem type="allocate" free="0" total="86704128" percent="0" />
      <mem type="survivor" free="0" total="9633792" percent="0" />
    </mem>
    <mem type="tenure" free="1516848" total="19857408" percent="7">
      <mem type="soa" free="1319216" total="19659776" percent="6" />
      <mem type="loa" free="197632" total="197632" percent="100" />
    </mem>
    <remembered-set count="126" />
  </mem-info>
</gc-start>
<allocation-stats totalBytes="84719760" >
  <allocated-bytes non-tlh="136" tlh="84719624" />
  <largest-consumer threadName="main" threadId="0000000000AEAF00" bytes="84719760" />
</allocation-stats>
<gc-op id="4145" type="scavenge" timems="1.004" contextid="4142" timestamp="2019-08-08T09:22:34.595">
  <scavenger-info tenureage="3" tenuremask="fff8" tiltratio="90" />
  <memory-copied type="nursery" objects="79" bytes="11536" bytesdiscarded="4592" />
</gc-op>
<gc-end id="4146" type="scavenge" contextid="4142" durationms="1.234" usertimems="1.807" systemtimems="0.000" timestamp="2019-08-08T09:22:34.595" activeThreads="16">
  <mem-info id="4147" free="88204848" total="116195328" percent="75">
    <mem type="nursery" free="86688000" total="96337920" percent="89">
      <mem type="allocate" free="86688000" total="86704128" percent="99" />
      <mem type="survivor" free="0" total="9633792" percent="0" />
    </mem>
    <mem type="tenure" free="1516848" total="19857408" percent="7" macro-fragmented="0">
      <mem type="soa" free="1319216" total="19659776" percent="6" />
      <mem type="loa" free="197632" total="197632" percent="100" />
    </mem>
    <remembered-set count="126" />
  </mem-info>
</gc-end>
<cycle-end id="4148" type="scavenge" contextid="4142" timestamp="2019-08-08T09:22:34.595" />
  <attribute name="elasticGC enabled" value="1" />
  <attribute name= "numThreadsSpecified" value="16" />
  <attribute name="heapSize specified" value="43057152" />
  <attribute name="Current GC Util" value="0" />
  <attribute name= "Current Time Running" value="145747" />
  <attribute name ="GC Interval" value="2817" />
  <attribute name="Target GC Util Change" value ="80.000000" />
  <attribute name="Current GC Util Change" value="0.000000"/>
  <attribute name="Current Error" value="451.000000" />
  <attribute name="Output H" value="116271528"/>
  <attribute name="Output I" value="2816"/>
  <attribute name="Output T" value="16"/>
  <attribute name= "Current Time Running" value="145747" />
  <attribute name="GC Util currently" value="0" />
  <attribute name="CPU Util currently" value="5541079806" />
<allocation-satisfied id="4149" threadId="0000000000AEAF00" bytesRequested="7064" />
<af-end id="4150" timestamp="2019-08-08T09:22:34.595" threadId="0000000000AEB888" success="true" from="nursery"/>
<exclusive-end id="4151" timestamp="2019-08-08T09:22:34.595" durationms="1.551" />

<exclusive-start id="4152" timestamp="2019-08-08T09:22:34.760" intervalms="166.502">
  <response-info timems="0.019" idlems="0.019" threads="0" lastid="0000000000AEAF00" lastname="main" />
</exclusive-start>
<af-start id="4153" threadId="0000000000AEB888" totalBytesRequested="80" timestamp="2019-08-08T09:22:34.760" intervalms="166.452" type="nursery" />
<cycle-start id="4154" type="scavenge" contextid="0" timestamp="2019-08-08T09:22:34.760" intervalms="166.440" />
<gc-start id="4155" type="scavenge" contextid="4154" timestamp="2019-08-08T09:22:34.760">
  <mem-info id="4156" free="1516848" total="116195328" percent="1">
    <mem type="nursery" free="0" total="96337920" percent="0">
      <mem type="allocate" free="0" total="86704128" percent="0" />
      <mem type="survivor" free="0" total="9633792" percent="0" />
    </mem>
    <mem type="tenure" free="1516848" total="19857408" percent="7">
      <mem type="soa" free="1319216" total="19659776" percent="6" />
      <mem type="loa" free="197632" total="197632" percent="100" />
    </mem>
    <remembered-set count="138" />
  </mem-info>
</gc-start>
<allocation-stats totalBytes="86678896" >
  <allocated-bytes non-tlh="7064" tlh="86671832" />
  <largest-consumer threadName="main" threadId="0000000000AEAF00" bytes="86678896" />
</allocation-stats>
<gc-op id="4157" type="scavenge" timems="0.618" contextid="4154" timestamp="2019-08-08T09:22:34.761">
  <scavenger-info tenureage="3" tenuremask="fff8" tiltratio="90" />
  <memory-copied type="nursery" objects="83" bytes="2224" bytesdiscarded="30032" />
  <memory-copied type="tenure" objects="6" bytes="144" bytesdiscarded="0" />
</gc-op>
<gc-end id="4158" type="scavenge" contextid="4154" durationms="0.789" usertimems="1.218" systemtimems="0.000" timestamp="2019-08-08T09:22:34.761" activeThreads="16">
  <mem-info id="4159" free="88188720" total="116195328" percent="75">
    <mem type="nursery" free="86671872" total="96337920" percent="89">
      <mem type="allocate" free="86671872" total="86704128" percent="99" />
      <mem type="survivor" free="0" total="9633792" percent="0" />
    </mem>
    <mem type="tenure" free="1516848" total="19857408" percent="7" macro-fragmented="418667">
      <mem type="soa" free="1319216" total="19659776" percent="6" />
      <mem type="loa" free="197632" total="197632" percent="100" />
    </mem>
    <remembered-set count="136" />
  </mem-info>
</gc-end>
<cycle-end id="4160" type="scavenge" contextid="4154" timestamp="2019-08-08T09:22:34.761" />
  <attribute name="elasticGC enabled" value="1" />
  <attribute name= "numThreadsSpecified" value="16" />
  <attribute name="heapSize specified" value="43057152" />
  <attribute name="Current GC Util" value="1" />
  <attribute name= "Current Time Running" value="145914" />
  <attribute name ="GC Interval" value="2153" />
  <attribute name="Target GC Util Change" value ="80.000000" />
  <attribute name="Current GC Util Change" value="1.000000"/>
  <attribute name="Current Error" value="79.000000" />
  <attribute name="Output H" value="116271104"/>
  <attribute name="Output I" value="2152"/>
  <attribute name="Output T" value="16"/>
  <attribute name= "Current Time Running" value="145914" />
  <attribute name="GC Util currently" value="1" />
  <attribute name="CPU Util currently" value="6929468419" />
<allocation-satisfied id="4161" threadId="0000000000AEAF00" bytesRequested="80" />
<af-end id="4162" timestamp="2019-08-08T09:22:34.761" threadId="0000000000AEB888" success="true" from="nursery"/>
<exclusive-end id="4163" timestamp="2019-08-08T09:22:34.761" durationms="1.038" />

<exclusive-start id="4164" timestamp="2019-08-08T09:22:34.832" intervalms="72.042">
  <response-info timems="0.019" idlems="0.019" threads="0" lastid="0000000000AEAF00" lastname="main" />
</exclusive-start>
<af-start id="4165" threadId="0000000000AEB888" totalBytesRequested="16" timestamp="2019-08-08T09:22:34.832" intervalms="72.033" type="nursery" />
<cycle-start id="4166" type="scavenge" contextid="0" timestamp="2019-08-08T09:22:34.832" intervalms="72.031" />
<gc-start id="4167" type="scavenge" contextid="4166" timestamp="2019-08-08T09:22:34.832">
  <mem-info id="4168" free="1516848" total="116195328" percent="1">
    <mem type="nursery" free="0" total="96337920" percent="0">
      <mem type="allocate" free="0" total="86704128" percent="0" />
      <mem type="survivor" free="0" total="9633792" percent="0" />
    </mem>
    <mem type="tenure" free="1516848" total="19857408" percent="7">
      <mem type="soa" free="1319216" total="19659776" percent="6" />
      <mem type="loa" free="197632" total="197632" percent="100" />
    </mem>
    <remembered-set count="140" />
  </mem-info>
</gc-start>
<allocation-stats totalBytes="86649424" >
  <allocated-bytes non-tlh="80" tlh="86649344" />
  <largest-consumer threadName="main" threadId="0000000000AEAF00" bytes="86649424" />
</allocation-stats>
<gc-op id="4169" type="scavenge" timems="0.792" contextid="4166" timestamp="2019-08-08T09:22:34.833">
  <scavenger-info tenureage="3" tenuremask="ffe8" tiltratio="90" />
  <memory-copied type="nursery" objects="106" bytes="3216" bytesdiscarded="29040" />
  <memory-copied type="tenure" objects="6" bytes="144" bytesdiscarded="0" />
</gc-op>
<gc-end id="4170" type="scavenge" contextid="4166" durationms="0.977" usertimems="1.290" systemtimems="0.000" timestamp="2019-08-08T09:22:34.833" activeThreads="16">
  <mem-info id="4171" free="88188720" total="116195328" percent="75">
    <mem type="nursery" free="86671872" total="96337920" percent="89">
      <mem type="allocate" free="86671872" total="86704128" percent="99" />
      <mem type="survivor" free="0" total="9633792" percent="0" />
    </mem>
    <mem type="tenure" free="1516848" total="19857408" percent="7" macro-fragmented="0">
      <mem type="soa" free="1319216" total="19659776" percent="6" />
      <mem type="loa" free="197632" total="197632" percent="100" />
    </mem>
    <remembered-set count="138" />
  </mem-info>
</gc-end>
<cycle-end id="4172" type="scavenge" contextid="4166" timestamp="2019-08-08T09:22:34.833" />
  <attribute name="elasticGC enabled" value="1" />
  <attribute name= "numThreadsSpecified" value="16" />
  <attribute name="heapSize specified" value="43057152" />
  <attribute name="Current GC Util" value="1" />
  <attribute name= "Current Time Running" value="145986" />
  <attribute name ="GC Interval" value="2297" />
  <attribute name="Target GC Util Change" value ="80.000000" />
  <attribute name="Current GC Util Change" value="1.000000"/>
  <attribute name="Current Error" value="158.000000" />
  <attribute name="Output H" value="116271192"/>
  <attribute name="Output I" value="2296"/>
  <attribute name="Output T" value="16"/>
  <attribute name= "Current Time Running" value="145986" />
  <attribute name="GC Util currently" value="1" />
  <attribute name="CPU Util currently" value="16010554921" />
<allocation-satisfied id="4173" threadId="0000000000AEAF00" bytesRequested="16" />
<af-end id="4174" timestamp="2019-08-08T09:22:34.833" threadId="0000000000AEB888" success="true" from="nursery"/>
<exclusive-end id="4175" timestamp="2019-08-08T09:22:34.833" durationms="1.169" />

<exclusive-start id="4176" timestamp="2019-08-08T09:22:34.931" intervalms="99.020">
  <response-info timems="0.018" idlems="0.018" threads="0" lastid="0000000000AEAF00" lastname="main" />
</exclusive-start>
<af-start id="4177" threadId="0000000000AEB888" totalBytesRequested="16" timestamp="2019-08-08T09:22:34.931" intervalms="99.021" type="nursery" />
<cycle-start id="4178" type="scavenge" contextid="0" timestamp="2019-08-08T09:22:34.931" intervalms="99.022" />
<gc-start id="4179" type="scavenge" contextid="4178" timestamp="2019-08-08T09:22:34.931">
  <mem-info id="4180" free="1516848" total="116195328" percent="1">
    <mem type="nursery" free="0" total="96337920" percent="0">
      <mem type="allocate" free="0" total="86704128" percent="0" />
      <mem type="survivor" free="0" total="9633792" percent="0" />
    </mem>
    <mem type="tenure" free="1516848" total="19857408" percent="7">
      <mem type="soa" free="1319216" total="19659776" percent="6" />
      <mem type="loa" free="197632" total="197632" percent="100" />
    </mem>
    <remembered-set count="144" />
  </mem-info>
</gc-start>
<allocation-stats totalBytes="86659160" >
  <allocated-bytes non-tlh="16" tlh="86659144" />
  <largest-consumer threadName="main" threadId="0000000000AEAF00" bytes="86659160" />
</allocation-stats>
<gc-op id="4181" type="scavenge" timems="0.597" contextid="4178" timestamp="2019-08-08T09:22:34.932">
  <scavenger-info tenureage="3" tenuremask="ffe8" tiltratio="90" />
  <memory-copied type="nursery" objects="82" bytes="2280" bytesdiscarded="29976" />
  <memory-copied type="tenure" objects="36" bytes="864" bytesdiscarded="0" />
</gc-op>
<gc-end id="4182" type="scavenge" contextid="4178" durationms="0.867" usertimems="1.146" systemtimems="0.000" timestamp="2019-08-08T09:22:34.932" activeThreads="16">
  <mem-info id="4183" free="88188720" total="116195328" percent="75">
    <mem type="nursery" free="86671872" total="96337920" percent="89">
      <mem type="allocate" free="86671872" total="86704128" percent="99" />
      <mem type="survivor" free="0" total="9633792" percent="0" />
    </mem>
    <mem type="tenure" free="1516848" total="19857408" percent="7" macro-fragmented="0">
      <mem type="soa" free="1319216" total="19659776" percent="6" />
      <mem type="loa" free="197632" total="197632" percent="100" />
    </mem>
    <remembered-set count="132" />
  </mem-info>
</gc-end>
<cycle-end id="4184" type="scavenge" contextid="4178" timestamp="2019-08-08T09:22:34.932" />
  <attribute name="elasticGC enabled" value="1" />
  <attribute name= "numThreadsSpecified" value="16" />
  <attribute name="heapSize specified" value="43057152" />
  <attribute name="Current GC Util" value="1" />
  <attribute name= "Current Time Running" value="146085" />
  <attribute name ="GC Interval" value="2433" />
  <attribute name="Target GC Util Change" value ="80.000000" />
  <attribute name="Current GC Util Change" value="1.000000"/>
  <attribute name="Current Error" value="237.000000" />
  <attribute name="Output H" value="116271288"/>
  <attribute name="Output I" value="2432"/>
  <attribute name="Output T" value="16"/>
  <attribute name= "Current Time Running" value="146085" />
  <attribute name="GC Util currently" value="1" />
  <attribute name="CPU Util currently" value="11643575796" />
<allocation-satisfied id="4185" threadId="0000000000AEAF00" bytesRequested="16" />
<af-end id="4186" timestamp="2019-08-08T09:22:34.932" threadId="0000000000AEB888" success="true" from="nursery"/>
<exclusive-end id="4187" timestamp="2019-08-08T09:22:34.932" durationms="1.081" />

<exclusive-start id="4188" timestamp="2019-08-08T09:22:35.027" intervalms="96.475">
  <response-info timems="0.018" idlems="0.018" threads="0" lastid="0000000000AEAF00" lastname="main" />
</exclusive-start>
<af-start id="4189" threadId="0000000000AEB888" totalBytesRequested="24" timestamp="2019-08-08T09:22:35.027" intervalms="96.486" type="nursery" />
<cycle-start id="4190" type="scavenge" contextid="0" timestamp="2019-08-08T09:22:35.027" intervalms="96.490" />
<gc-start id="4191" type="scavenge" contextid="4190" timestamp="2019-08-08T09:22:35.028">
  <mem-info id="4192" free="1516848" total="116195328" percent="1">
    <mem type="nursery" free="0" total="96337920" percent="0">
      <mem type="allocate" free="0" total="86704128" percent="0" />
      <mem type="survivor" free="0" total="9633792" percent="0" />
    </mem>
    <mem type="tenure" free="1516848" total="19857408" percent="7">
      <mem type="soa" free="1319216" total="19659776" percent="6" />
      <mem type="loa" free="197632" total="197632" percent="100" />
    </mem>
    <remembered-set count="138" />
  </mem-info>
</gc-start>
<allocation-stats totalBytes="86665384" >
  <allocated-bytes non-tlh="16" tlh="86665368" />
  <largest-consumer threadName="main" threadId="0000000000AEAF00" bytes="86665384" />
</allocation-stats>
<gc-op id="4193" type="scavenge" timems="1.762" contextid="4190" timestamp="2019-08-08T09:22:35.029">
  <scavenger-info tenureage="3" tenuremask="ffe8" tiltratio="90" />
  <memory-copied type="nursery" objects="62" bytes="1664" bytesdiscarded="30592" />
  <memory-copied type="tenure" objects="28" bytes="744" bytesdiscarded="0" />
</gc-op>
<gc-end id="4194" type="scavenge" contextid="4190" durationms="2.079" usertimems="3.212" systemtimems="0.000" timestamp="2019-08-08T09:22:35.030" activeThreads="16">
  <mem-info id="4195" free="88188720" total="116195328" percent="75">
    <mem type="nursery" free="86671872" total="96337920" percent="89">
      <mem type="allocate" free="86671872" total="86704128" percent="99" />
      <mem type="survivor" free="0" total="9633792" percent="0" />
    </mem>
    <mem type="tenure" free="1516848" total="19857408" percent="7" macro-fragmented="0">
      <mem type="soa" free="1319216" total="19659776" percent="6" />
      <mem type="loa" free="197632" total="197632" percent="100" />
    </mem>
    <remembered-set count="127" />
  </mem-info>
</gc-end>
<cycle-end id="4196" type="scavenge" contextid="4190" timestamp="2019-08-08T09:22:35.030" />
  <attribute name="elasticGC enabled" value="1" />
  <attribute name= "numThreadsSpecified" value="16" />
  <attribute name="heapSize specified" value="43057152" />
  <attribute name="Current GC Util" value="1" />
  <attribute name= "Current Time Running" value="146181" />
  <attribute name ="GC Interval" value="2577" />
  <attribute name="Target GC Util Change" value ="80.000000" />
  <attribute name="Current GC Util Change" value="1.000000"/>
  <attribute name="Current Error" value="316.000000" />
  <attribute name="Output H" value="116271376"/>
  <attribute name="Output I" value="2576"/>
  <attribute name="Output T" value="16"/>
  <attribute name= "Current Time Running" value="146181" />
  <attribute name="GC Util currently" value="1" />
  <attribute name="CPU Util currently" value="11932058900" />
<allocation-satisfied id="4197" threadId="0000000000AEAF00" bytesRequested="24" />
<af-end id="4198" timestamp="2019-08-08T09:22:35.030" threadId="0000000000AEB888" success="true" from="nursery"/>
<exclusive-end id="4199" timestamp="2019-08-08T09:22:35.030" durationms="2.464" />

<exclusive-start id="4200" timestamp="2019-08-08T09:22:35.175" intervalms="147.679">
  <response-info timems="0.021" idlems="0.021" threads="0" lastid="0000000000AEAF00" lastname="main" />
</exclusive-start>
<af-start id="4201" threadId="0000000000AEB888" totalBytesRequested="24" timestamp="2019-08-08T09:22:35.175" intervalms="147.671" type="nursery" />
<cycle-start id="4202" type="scavenge" contextid="0" timestamp="2019-08-08T09:22:35.175" intervalms="147.667" />
<gc-start id="4203" type="scavenge" contextid="4202" timestamp="2019-08-08T09:22:35.175">
  <mem-info id="4204" free="1516848" total="116195328" percent="1">
    <mem type="nursery" free="0" total="96337920" percent="0">
      <mem type="allocate" free="0" total="86704128" percent="0" />
      <mem type="survivor" free="0" total="9633792" percent="0" />
    </mem>
    <mem type="tenure" free="1516848" total="19857408" percent="7">
      <mem type="soa" free="1319216" total="19659776" percent="6" />
      <mem type="loa" free="197632" total="197632" percent="100" />
    </mem>
    <remembered-set count="137" />
  </mem-info>
</gc-start>
<allocation-stats totalBytes="86665568" >
  <allocated-bytes non-tlh="24" tlh="86665544" />
  <largest-consumer threadName="main" threadId="0000000000AEAF00" bytes="86665568" />
</allocation-stats>
<gc-op id="4205" type="scavenge" timems="0.516" contextid="4202" timestamp="2019-08-08T09:22:35.176">
  <scavenger-info tenureage="3" tenuremask="ffe8" tiltratio="90" />
  <memory-copied type="nursery" objects="91" bytes="2360" bytesdiscarded="13768" />
  <memory-copied type="tenure" objects="13" bytes="336" bytesdiscarded="0" />
</gc-op>
<gc-end id="4206" type="scavenge" contextid="4202" durationms="0.692" usertimems="0.928" systemtimems="0.000" timestamp="2019-08-08T09:22:35.176" activeThreads="16">
  <mem-info id="4207" free="88204848" total="116195328" percent="75">
    <mem type="nursery" free="86688000" total="96337920" percent="89">
      <mem type="allocate" free="86688000" total="86704128" percent="99" />
      <mem type="survivor" free="0" total="9633792" percent="0" />
    </mem>
    <mem type="tenure" free="1516848" total="19857408" percent="7" macro-fragmented="418667">
      <mem type="soa" free="1319216" total="19659776" percent="6" />
      <mem type="loa" free="197632" total="197632" percent="100" />
    </mem>
    <remembered-set count="132" />
  </mem-info>
</gc-end>
<cycle-end id="4208" type="scavenge" contextid="4202" timestamp="2019-08-08T09:22:35.176" />
  <attribute name="elasticGC enabled" value="1" />
  <attribute name= "numThreadsSpecified" value="16" />
  <attribute name="heapSize specified" value="43057152" />
  <attribute name="Current GC Util" value="2" />
  <attribute name= "Current Time Running" value="146329" />
  <attribute name ="GC Interval" value="2713" />
  <attribute name="Target GC Util Change" value ="80.000000" />
  <attribute name="Current GC Util Change" value="2.000000"/>
  <attribute name="Current Error" value="394.000000" />
  <attribute name="Output H" value="116271464"/>
  <attribute name="Output I" value="2712"/>
  <attribute name="Output T" value="16"/>
  <attribute name= "Current Time Running" value="146329" />
  <attribute name="GC Util currently" value="2" />
  <attribute name="CPU Util currently" value="7813606335" />
<allocation-satisfied id="4209" threadId="0000000000AEAF00" bytesRequested="24" />
<af-end id="4210" timestamp="2019-08-08T09:22:35.176" threadId="0000000000AEB888" success="true" from="nursery"/>
<exclusive-end id="4211" timestamp="2019-08-08T09:22:35.176" durationms="0.886" />

<exclusive-start id="4212" timestamp="2019-08-08T09:22:35.247" intervalms="72.167">
  <response-info timems="0.021" idlems="0.021" threads="0" lastid="0000000000AEAF00" lastname="main" />
</exclusive-start>
<af-start id="4213" threadId="0000000000AEB888" totalBytesRequested="24" timestamp="2019-08-08T09:22:35.247" intervalms="72.168" type="nursery" />
<cycle-start id="4214" type="scavenge" contextid="0" timestamp="2019-08-08T09:22:35.247" intervalms="72.168" />
<gc-start id="4215" type="scavenge" contextid="4214" timestamp="2019-08-08T09:22:35.247">
  <mem-info id="4216" free="1516848" total="116195328" percent="1">
    <mem type="nursery" free="0" total="96337920" percent="0">
      <mem type="allocate" free="0" total="86704128" percent="0" />
      <mem type="survivor" free="0" total="9633792" percent="0" />
    </mem>
    <mem type="tenure" free="1516848" total="19857408" percent="7">
      <mem type="soa" free="1319216" total="19659776" percent="6" />
      <mem type="loa" free="197632" total="197632" percent="100" />
    </mem>
    <remembered-set count="134" />
  </mem-info>
</gc-start>
<allocation-stats totalBytes="86681896" >
  <allocated-bytes non-tlh="24" tlh="86681872" />
  <largest-consumer threadName="main" threadId="0000000000AEAF00" bytes="86681896" />
</allocation-stats>
<gc-op id="4217" type="scavenge" timems="0.656" contextid="4214" timestamp="2019-08-08T09:22:35.248">
  <scavenger-info tenureage="3" tenuremask="ffe8" tiltratio="90" />
  <memory-copied type="nursery" objects="74" bytes="1984" bytesdiscarded="30272" />
  <memory-copied type="tenure" objects="18" bytes="432" bytesdiscarded="0" />
</gc-op>
<gc-end id="4218" type="scavenge" contextid="4214" durationms="0.905" usertimems="1.264" systemtimems="0.000" timestamp="2019-08-08T09:22:35.248" activeThreads="16">
  <mem-info id="4219" free="88188720" total="116195328" percent="75">
    <mem type="nursery" free="86671872" total="96337920" percent="89">
      <mem type="allocate" free="86671872" total="86704128" percent="99" />
      <mem type="survivor" free="0" total="9633792" percent="0" />
    </mem>
    <mem type="tenure" free="1516848" total="19857408" percent="7" macro-fragmented="0">
      <mem type="soa" free="1319216" total="19659776" percent="6" />
      <mem type="loa" free="197632" total="197632" percent="100" />
    </mem>
    <remembered-set count="128" />
  </mem-info>
</gc-end>
<cycle-end id="4220" type="scavenge" contextid="4214" timestamp="2019-08-08T09:22:35.248" />
  <attribute name="elasticGC enabled" value="1" />
  <attribute name= "numThreadsSpecified" value="16" />
  <attribute name="heapSize specified" value="43057152" />
  <attribute name="Current GC Util" value="1" />
  <attribute name= "Current Time Running" value="146401" />
  <attribute name ="GC Interval" value="2857" />
  <attribute name="Target GC Util Change" value ="80.000000" />
  <attribute name="Current GC Util Change" value="1.000000"/>
  <attribute name="Current Error" value="473.000000" />
  <attribute name="Output H" value="116271560"/>
  <attribute name="Output I" value="2856"/>
  <attribute name="Output T" value="16"/>
  <attribute name= "Current Time Running" value="146401" />
  <attribute name="GC Util currently" value="1" />
  <attribute name="CPU Util currently" value="15975988833" />
<allocation-satisfied id="4221" threadId="0000000000AEAF00" bytesRequested="24" />
<af-end id="4222" timestamp="2019-08-08T09:22:35.248" threadId="0000000000AEB888" success="true" from="nursery"/>
<exclusive-end id="4223" timestamp="2019-08-08T09:22:35.248" durationms="1.114" />

<exclusive-start id="4224" timestamp="2019-08-08T09:22:35.361" intervalms="114.209">
  <response-info timems="0.019" idlems="0.019" threads="0" lastid="0000000000AEAF00" lastname="main" />
</exclusive-start>
<af-start id="4225" threadId="0000000000AEB888" totalBytesRequested="32" timestamp="2019-08-08T09:22:35.361" intervalms="114.219" type="nursery" />
<cycle-start id="4226" type="scavenge" contextid="0" timestamp="2019-08-08T09:22:35.362" intervalms="114.219" />
<gc-start id="4227" type="scavenge" contextid="4226" timestamp="2019-08-08T09:22:35.362">
  <mem-info id="4228" free="1516848" total="116195328" percent="1">
    <mem type="nursery" free="0" total="96337920" percent="0">
      <mem type="allocate" free="0" total="86704128" percent="0" />
      <mem type="survivor" free="0" total="9633792" percent="0" />
    </mem>
    <mem type="tenure" free="1516848" total="19857408" percent="7">
      <mem type="soa" free="1319216" total="19659776" percent="6" />
      <mem type="loa" free="197632" total="197632" percent="100" />
    </mem>
    <remembered-set count="134" />
  </mem-info>
</gc-start>
<allocation-stats totalBytes="86630352" >
  <allocated-bytes non-tlh="24" tlh="86630328" />
  <largest-consumer threadName="main" threadId="0000000000AEAF00" bytes="86630352" />
</allocation-stats>
<gc-op id="4229" type="scavenge" timems="0.663" contextid="4226" timestamp="2019-08-08T09:22:35.362">
  <scavenger-info tenureage="3" tenuremask="ffe8" tiltratio="90" />
  <memory-copied type="nursery" objects="85" bytes="3040" bytesdiscarded="29216" />
  <memory-copied type="tenure" objects="18" bytes="432" bytesdiscarded="0" />
</gc-op>
<gc-end id="4230" type="scavenge" contextid="4226" durationms="0.847" usertimems="1.210" systemtimems="0.000" timestamp="2019-08-08T09:22:35.362" activeThreads="16">
  <mem-info id="4231" free="88188720" total="116195328" percent="75">
    <mem type="nursery" free="86671872" total="96337920" percent="89">
      <mem type="allocate" free="86671872" total="86704128" percent="99" />
      <mem type="survivor" free="0" total="9633792" percent="0" />
    </mem>
    <mem type="tenure" free="1516848" total="19857408" percent="7" macro-fragmented="0">
      <mem type="soa" free="1319216" total="19659776" percent="6" />
      <mem type="loa" free="197632" total="197632" percent="100" />
    </mem>
    <remembered-set count="128" />
  </mem-info>
</gc-end>
<cycle-end id="4232" type="scavenge" contextid="4226" timestamp="2019-08-08T09:22:35.362" />
  <attribute name="elasticGC enabled" value="1" />
  <attribute name= "numThreadsSpecified" value="16" />
  <attribute name="heapSize specified" value="43057152" />
  <attribute name="Current GC Util" value="1" />
  <attribute name= "Current Time Running" value="146515" />
  <attribute name ="GC Interval" value="2153" />
  <attribute name="Target GC Util Change" value ="80.000000" />
  <attribute name="Current GC Util Change" value="1.000000"/>
  <attribute name="Current Error" value="79.000000" />
  <attribute name="Output H" value="116271104"/>
  <attribute name="Output I" value="2152"/>
  <attribute name="Output T" value="16"/>
  <attribute name= "Current Time Running" value="146515" />
  <attribute name="GC Util currently" value="1" />
  <attribute name="CPU Util currently" value="10095009256" />
<allocation-satisfied id="4233" threadId="0000000000AEAF00" bytesRequested="32" />
<af-end id="4234" timestamp="2019-08-08T09:22:35.362" threadId="0000000000AEB888" success="true" from="nursery"/>
<exclusive-end id="4235" timestamp="2019-08-08T09:22:35.362" durationms="1.056" />

<exclusive-start id="4236" timestamp="2019-08-08T09:22:35.412" intervalms="50.858">
  <response-info timems="0.020" idlems="0.020" threads="0" lastid="0000000000AEAF00" lastname="main" />
</exclusive-start>
<af-start id="4237" threadId="0000000000AEB888" totalBytesRequested="544" timestamp="2019-08-08T09:22:35.412" intervalms="50.851" type="nursery" />
<cycle-start id="4238" type="scavenge" contextid="0" timestamp="2019-08-08T09:22:35.412" intervalms="50.851" />
<gc-start id="4239" type="scavenge" contextid="4238" timestamp="2019-08-08T09:22:35.412">
  <mem-info id="4240" free="1516848" total="116195328" percent="1">
    <mem type="nursery" free="0" total="96337920" percent="0">
      <mem type="allocate" free="0" total="86704128" percent="0" />
      <mem type="survivor" free="0" total="9633792" percent="0" />
    </mem>
    <mem type="tenure" free="1516848" total="19857408" percent="7">
      <mem type="soa" free="1319216" total="19659776" percent="6" />
      <mem type="loa" free="197632" total="197632" percent="100" />
    </mem>
    <remembered-set count="132" />
  </mem-info>
</gc-start>
<allocation-stats totalBytes="86572184" >
  <allocated-bytes non-tlh="32" tlh="86572152" />
  <largest-consumer threadName="main" threadId="0000000000AEAF00" bytes="86572184" />
</allocation-stats>
<gc-op id="4241" type="scavenge" timems="0.698" contextid="4238" timestamp="2019-08-08T09:22:35.413">
  <scavenger-info tenureage="3" tenuremask="ffe8" tiltratio="90" />
  <memory-copied type="nursery" objects="54" bytes="2000" bytesdiscarded="14128" />
  <memory-copied type="tenure" objects="30" bytes="720" bytesdiscarded="0" />
</gc-op>
<gc-end id="4242" type="scavenge" contextid="4238" durationms="0.874" usertimems="1.106" systemtimems="0.000" timestamp="2019-08-08T09:22:35.413" activeThreads="16">
  <mem-info id="4243" free="88204848" total="116195328" percent="75">
    <mem type="nursery" free="86688000" total="96337920" percent="89">
      <mem type="allocate" free="86688000" total="86704128" percent="99" />
      <mem type="survivor" free="0" total="9633792" percent="0" />
    </mem>
    <mem type="tenure" free="1516848" total="19857408" percent="7" macro-fragmented="0">
      <mem type="soa" free="1319216" total="19659776" percent="6" />
      <mem type="loa" free="197632" total="197632" percent="100" />
    </mem>
    <remembered-set count="122" />
  </mem-info>
</gc-end>
<cycle-end id="4244" type="scavenge" contextid="4238" timestamp="2019-08-08T09:22:35.413" />
  <attribute name="elasticGC enabled" value="1" />
  <attribute name= "numThreadsSpecified" value="16" />
  <attribute name="heapSize specified" value="43057152" />
  <attribute name="Current GC Util" value="2" />
  <attribute name= "Current Time Running" value="146566" />
  <attribute name ="GC Interval" value="2289" />
  <attribute name="Target GC Util Change" value ="80.000000" />
  <attribute name="Current GC Util Change" value="2.000000"/>
  <attribute name="Current Error" value="157.000000" />
  <attribute name="Output H" value="116271192"/>
  <attribute name="Output I" value="2288"/>
  <attribute name="Output T" value="16"/>
  <attribute name= "Current Time Running" value="146566" />
  <attribute name="GC Util currently" value="2" />
  <attribute name="CPU Util currently" value="22669395344" />
<allocation-satisfied id="4245" threadId="0000000000AEAF00" bytesRequested="544" />
<af-end id="4246" timestamp="2019-08-08T09:22:35.413" threadId="0000000000AEB888" success="true" from="nursery"/>
<exclusive-end id="4247" timestamp="2019-08-08T09:22:35.413" durationms="1.093" />

<exclusive-start id="4248" timestamp="2019-08-08T09:22:35.425" intervalms="12.622">
  <response-info timems="0.029" idlems="0.029" threads="0" lastid="0000000000AEAF00" lastname="main" />
</exclusive-start>
<af-start id="4249" threadId="0000000000AEB888" totalBytesRequested="488" timestamp="2019-08-08T09:22:35.425" intervalms="12.629" type="nursery" />
<cycle-start id="4250" type="scavenge" contextid="0" timestamp="2019-08-08T09:22:35.425" intervalms="12.630" />
<gc-start id="4251" type="scavenge" contextid="4250" timestamp="2019-08-08T09:22:35.425">
  <mem-info id="4252" free="1516848" total="116195328" percent="1">
    <mem type="nursery" free="0" total="96337920" percent="0">
      <mem type="allocate" free="0" total="86704128" percent="0" />
      <mem type="survivor" free="0" total="9633792" percent="0" />
    </mem>
    <mem type="tenure" free="1516848" total="19857408" percent="7">
      <mem type="soa" free="1319216" total="19659776" percent="6" />
      <mem type="loa" free="197632" total="197632" percent="100" />
    </mem>
    <remembered-set count="122" />
  </mem-info>
</gc-start>
<allocation-stats totalBytes="86532448" >
  <allocated-bytes non-tlh="544" tlh="86531904" />
  <largest-consumer threadName="main" threadId="0000000000AEAF00" bytes="86532448" />
</allocation-stats>
<gc-op id="4253" type="scavenge" timems="0.518" contextid="4250" timestamp="2019-08-08T09:22:35.426">
  <scavenger-info tenureage="3" tenuremask="ffe8" tiltratio="90" />
  <memory-copied type="nursery" objects="48" bytes="1856" bytesdiscarded="30400" />
  <memory-copied type="tenure" objects="6" bytes="144" bytesdiscarded="0" />
</gc-op>
<gc-end id="4254" type="scavenge" contextid="4250" durationms="0.783" usertimems="1.089" systemtimems="0.000" timestamp="2019-08-08T09:22:35.426" activeThreads="16">
  <mem-info id="4255" free="88188720" total="116195328" percent="75">
    <mem type="nursery" free="86671872" total="96337920" percent="89">
      <mem type="allocate" free="86671872" total="86704128" percent="99" />
      <mem type="survivor" free="0" total="9633792" percent="0" />
    </mem>
    <mem type="tenure" free="1516848" total="19857408" percent="7" macro-fragmented="0">
      <mem type="soa" free="1319216" total="19659776" percent="6" />
      <mem type="loa" free="197632" total="197632" percent="100" />
    </mem>
    <remembered-set count="120" />
  </mem-info>
</gc-end>
<cycle-end id="4256" type="scavenge" contextid="4250" timestamp="2019-08-08T09:22:35.426" />
  <attribute name="elasticGC enabled" value="1" />
  <attribute name= "numThreadsSpecified" value="16" />
  <attribute name="heapSize specified" value="43057152" />
  <attribute name="Current GC Util" value="9" />
  <attribute name= "Current Time Running" value="146579" />
  <attribute name ="GC Interval" value="2417" />
  <attribute name="Target GC Util Change" value ="80.000000" />
  <attribute name="Current GC Util Change" value="9.000000"/>
  <attribute name="Current Error" value="228.000000" />
  <attribute name="Output H" value="116271272"/>
  <attribute name="Output I" value="2416"/>
  <attribute name="Output T" value="16"/>
  <attribute name= "Current Time Running" value="146579" />
  <attribute name="GC Util currently" value="9" />
  <attribute name="CPU Util currently" value="90973357980" />
<allocation-satisfied id="4257" threadId="0000000000AEAF00" bytesRequested="488" />
<af-end id="4258" timestamp="2019-08-08T09:22:35.426" threadId="0000000000AEB888" success="true" from="nursery"/>
<exclusive-end id="4259" timestamp="2019-08-08T09:22:35.426" durationms="1.006" />

<exclusive-start id="4260" timestamp="2019-08-08T09:22:35.501" intervalms="76.529">
  <response-info timems="0.014" idlems="0.014" threads="0" lastid="0000000000AEAF00" lastname="main" />
</exclusive-start>
<af-start id="4261" threadId="0000000000AEB888" totalBytesRequested="440" timestamp="2019-08-08T09:22:35.501" intervalms="76.516" type="nursery" />
<cycle-start id="4262" type="scavenge" contextid="0" timestamp="2019-08-08T09:22:35.501" intervalms="76.515" />
<gc-start id="4263" type="scavenge" contextid="4262" timestamp="2019-08-08T09:22:35.502">
  <mem-info id="4264" free="1516848" total="116195328" percent="1">
    <mem type="nursery" free="0" total="96337920" percent="0">
      <mem type="allocate" free="0" total="86704128" percent="0" />
      <mem type="survivor" free="0" total="9633792" percent="0" />
    </mem>
    <mem type="tenure" free="1516848" total="19857408" percent="7">
      <mem type="soa" free="1319216" total="19659776" percent="6" />
      <mem type="loa" free="197632" total="197632" percent="100" />
    </mem>
    <remembered-set count="124" />
  </mem-info>
</gc-start>
<allocation-stats totalBytes="86545736" >
  <allocated-bytes non-tlh="488" tlh="86545248" />
  <largest-consumer threadName="main" threadId="0000000000AEAF00" bytes="86545736" />
</allocation-stats>
<gc-op id="4265" type="scavenge" timems="0.597" contextid="4262" timestamp="2019-08-08T09:22:35.502">
  <scavenger-info tenureage="3" tenuremask="ffe8" tiltratio="90" />
  <memory-copied type="nursery" objects="45" bytes="1704" bytesdiscarded="14424" />
  <memory-copied type="tenure" objects="18" bytes="432" bytesdiscarded="0" />
</gc-op>
<gc-end id="4266" type="scavenge" contextid="4262" durationms="0.768" usertimems="1.169" systemtimems="0.000" timestamp="2019-08-08T09:22:35.502" activeThreads="16">
  <mem-info id="4267" free="88204848" total="116195328" percent="75">
    <mem type="nursery" free="86688000" total="96337920" percent="89">
      <mem type="allocate" free="86688000" total="86704128" percent="99" />
      <mem type="survivor" free="0" total="9633792" percent="0" />
    </mem>
    <mem type="tenure" free="1516848" total="19857408" percent="7" macro-fragmented="0">
      <mem type="soa" free="1319216" total="19659776" percent="6" />
      <mem type="loa" free="197632" total="197632" percent="100" />
    </mem>
    <remembered-set count="118" />
  </mem-info>
</gc-end>
<cycle-end id="4268" type="scavenge" contextid="4262" timestamp="2019-08-08T09:22:35.502" />
  <attribute name="elasticGC enabled" value="1" />
  <attribute name= "numThreadsSpecified" value="16" />
  <attribute name="heapSize specified" value="43057152" />
  <attribute name="Current GC Util" value="1" />
  <attribute name= "Current Time Running" value="146655" />
  <attribute name ="GC Interval" value="2561" />
  <attribute name="Target GC Util Change" value ="80.000000" />
  <attribute name="Current GC Util Change" value="1.000000"/>
  <attribute name="Current Error" value="307.000000" />
  <attribute name="Output H" value="116271368"/>
  <attribute name="Output I" value="2560"/>
  <attribute name="Output T" value="16"/>
  <attribute name= "Current Time Running" value="146655" />
  <attribute name="GC Util currently" value="1" />
  <attribute name="CPU Util currently" value="15076604292" />
<allocation-satisfied id="4269" threadId="0000000000AEAF00" bytesRequested="440" />
<af-end id="4270" timestamp="2019-08-08T09:22:35.502" threadId="0000000000AEB888" success="true" from="nursery"/>
<exclusive-end id="4271" timestamp="2019-08-08T09:22:35.502" durationms="0.957" />

<exclusive-start id="4272" timestamp="2019-08-08T09:22:35.554" intervalms="52.296">
  <response-info timems="0.018" idlems="0.018" threads="0" lastid="0000000000AEAF00" lastname="main" />
</exclusive-start>
<af-start id="4273" threadId="0000000000AEB888" totalBytesRequested="48" timestamp="2019-08-08T09:22:35.554" intervalms="52.295" type="nursery" />
<cycle-start id="4274" type="scavenge" contextid="0" timestamp="2019-08-08T09:22:35.554" intervalms="52.293" />
<gc-start id="4275" type="scavenge" contextid="4274" timestamp="2019-08-08T09:22:35.554">
  <mem-info id="4276" free="1516848" total="116195328" percent="1">
    <mem type="nursery" free="0" total="96337920" percent="0">
      <mem type="allocate" free="0" total="86704128" percent="0" />
      <mem type="survivor" free="0" total="9633792" percent="0" />
    </mem>
    <mem type="tenure" free="1516848" total="19857408" percent="7">
      <mem type="soa" free="1319216" total="19659776" percent="6" />
      <mem type="loa" free="197632" total="197632" percent="100" />
    </mem>
    <remembered-set count="120" />
  </mem-info>
</gc-start>
<allocation-stats totalBytes="86622288" >
  <allocated-bytes non-tlh="440" tlh="86621848" />
  <largest-consumer threadName="main" threadId="0000000000AEAF00" bytes="86622288" />
</allocation-stats>
<gc-op id="4277" type="scavenge" timems="0.471" contextid="4274" timestamp="2019-08-08T09:22:35.554">
  <scavenger-info tenureage="5" tenuremask="ffe0" tiltratio="90" />
  <memory-copied type="nursery" objects="53" bytes="1936" bytesdiscarded="30320" />
</gc-op>
<gc-end id="4278" type="scavenge" contextid="4274" durationms="0.639" usertimems="0.862" systemtimems="0.000" timestamp="2019-08-08T09:22:35.554" activeThreads="16">
  <mem-info id="4279" free="88188720" total="116195328" percent="75">
    <mem type="nursery" free="86671872" total="96337920" percent="89">
      <mem type="allocate" free="86671872" total="86704128" percent="99" />
      <mem type="survivor" free="0" total="9633792" percent="0" />
    </mem>
    <mem type="tenure" free="1516848" total="19857408" percent="7" macro-fragmented="0">
      <mem type="soa" free="1319216" total="19659776" percent="6" />
      <mem type="loa" free="197632" total="197632" percent="100" />
    </mem>
    <remembered-set count="120" />
  </mem-info>
</gc-end>
<cycle-end id="4280" type="scavenge" contextid="4274" timestamp="2019-08-08T09:22:35.555" />
  <attribute name="elasticGC enabled" value="1" />
  <attribute name= "numThreadsSpecified" value="16" />
  <attribute name="heapSize specified" value="43057152" />
  <attribute name="Current GC Util" value="2" />
  <attribute name= "Current Time Running" value="146707" />
  <attribute name ="GC Interval" value="2697" />
  <attribute name="Target GC Util Change" value ="80.000000" />
  <attribute name="Current GC Util Change" value="2.000000"/>
  <attribute name="Current Error" value="385.000000" />
  <attribute name="Output H" value="116271456"/>
  <attribute name="Output I" value="2696"/>
  <attribute name="Output T" value="16"/>
  <attribute name= "Current Time Running" value="146707" />
  <attribute name="GC Util currently" value="2" />
  <attribute name="CPU Util currently" value="22043368827" />
<allocation-satisfied id="4281" threadId="0000000000AEAF00" bytesRequested="48" />
<af-end id="4282" timestamp="2019-08-08T09:22:35.555" threadId="0000000000AEB888" success="true" from="nursery"/>
<exclusive-end id="4283" timestamp="2019-08-08T09:22:35.555" durationms="0.819" />

<exclusive-start id="4284" timestamp="2019-08-08T09:22:35.653" intervalms="99.539">
  <response-info timems="0.015" idlems="0.015" threads="0" lastid="0000000000AEAF00" lastname="main" />
</exclusive-start>
<af-start id="4285" threadId="0000000000AEB888" totalBytesRequested="2024" timestamp="2019-08-08T09:22:35.653" intervalms="99.540" type="nursery" />
<cycle-start id="4286" type="scavenge" contextid="0" timestamp="2019-08-08T09:22:35.653" intervalms="99.548" />
<gc-start id="4287" type="scavenge" contextid="4286" timestamp="2019-08-08T09:22:35.653">
  <mem-info id="4288" free="1516848" total="116195328" percent="1">
    <mem type="nursery" free="0" total="96337920" percent="0">
      <mem type="allocate" free="0" total="86704128" percent="0" />
      <mem type="survivor" free="0" total="9633792" percent="0" />
    </mem>
    <mem type="tenure" free="1516848" total="19857408" percent="7">
      <mem type="soa" free="1319216" total="19659776" percent="6" />
      <mem type="loa" free="197632" total="197632" percent="100" />
    </mem>
    <remembered-set count="122" />
  </mem-info>
</gc-start>
<allocation-stats totalBytes="86558744" >
  <allocated-bytes non-tlh="48" tlh="86558696" />
  <largest-consumer threadName="main" threadId="0000000000AEAF00" bytes="86558744" />
</allocation-stats>
<gc-op id="4289" type="scavenge" timems="0.714" contextid="4286" timestamp="2019-08-08T09:22:35.654">
  <scavenger-info tenureage="3" tenuremask="fff8" tiltratio="90" />
  <memory-copied type="nursery" objects="56" bytes="8680" bytesdiscarded="44976" />
  <memory-copied type="tenure" objects="12" bytes="288" bytesdiscarded="0" />
</gc-op>
<gc-end id="4290" type="scavenge" contextid="4286" durationms="0.914" usertimems="1.330" systemtimems="0.000" timestamp="2019-08-08T09:22:35.654" activeThreads="16">
  <mem-info id="4291" free="88167320" total="116195328" percent="75">
    <mem type="nursery" free="86650472" total="96337920" percent="89">
      <mem type="allocate" free="86650472" total="86704128" percent="99" />
      <mem type="survivor" free="0" total="9633792" percent="0" />
    </mem>
    <mem type="tenure" free="1516848" total="19857408" percent="7" macro-fragmented="0">
      <mem type="soa" free="1319216" total="19659776" percent="6" />
      <mem type="loa" free="197632" total="197632" percent="100" />
    </mem>
    <remembered-set count="118" />
  </mem-info>
</gc-end>
<cycle-end id="4292" type="scavenge" contextid="4286" timestamp="2019-08-08T09:22:35.654" />
  <attribute name="elasticGC enabled" value="1" />
  <attribute name= "numThreadsSpecified" value="16" />
  <attribute name="heapSize specified" value="43057152" />
  <attribute name="Current GC Util" value="0" />
  <attribute name= "Current Time Running" value="146807" />
  <attribute name ="GC Interval" value="2841" />
  <attribute name="Target GC Util Change" value ="80.000000" />
  <attribute name="Current GC Util Change" value="0.000000"/>
  <attribute name="Current Error" value="465.000000" />
  <attribute name="Output H" value="116271544"/>
  <attribute name="Output I" value="2840"/>
  <attribute name="Output T" value="16"/>
  <attribute name= "Current Time Running" value="146807" />
  <attribute name="GC Util currently" value="0" />
  <attribute name="CPU Util currently" value="11582960321" />
<allocation-satisfied id="4293" threadId="0000000000AEAF00" bytesRequested="2024" />
<af-end id="4294" timestamp="2019-08-08T09:22:35.654" threadId="0000000000AEB888" success="true" from="nursery"/>
<exclusive-end id="4295" timestamp="2019-08-08T09:22:35.654" durationms="1.155" />

<exclusive-start id="4296" timestamp="2019-08-08T09:22:35.813" intervalms="159.559">
  <response-info timems="0.023" idlems="0.023" threads="0" lastid="0000000000AEAF00" lastname="main" />
</exclusive-start>
<af-start id="4297" threadId="0000000000AEB888" totalBytesRequested="80" timestamp="2019-08-08T09:22:35.813" intervalms="159.568" type="nursery" />
<cycle-start id="4298" type="scavenge" contextid="0" timestamp="2019-08-08T09:22:35.813" intervalms="159.564" />
<gc-start id="4299" type="scavenge" contextid="4298" timestamp="2019-08-08T09:22:35.813">
  <mem-info id="4300" free="1516848" total="116195328" percent="1">
    <mem type="nursery" free="0" total="96337920" percent="0">
      <mem type="allocate" free="0" total="86704128" percent="0" />
      <mem type="survivor" free="0" total="9633792" percent="0" />
    </mem>
    <mem type="tenure" free="1516848" total="19857408" percent="7">
      <mem type="soa" free="1319216" total="19659776" percent="6" />
      <mem type="loa" free="197632" total="197632" percent="100" />
    </mem>
    <remembered-set count="122" />
  </mem-info>
</gc-start>
<allocation-stats totalBytes="86633904" >
  <allocated-bytes non-tlh="2024" tlh="86631880" />
  <largest-consumer threadName="main" threadId="0000000000AEAF00" bytes="86633904" />
</allocation-stats>
<gc-op id="4301" type="scavenge" timems="0.559" contextid="4298" timestamp="2019-08-08T09:22:35.814">
  <scavenger-info tenureage="3" tenuremask="ffd8" tiltratio="90" />
  <memory-copied type="nursery" objects="39" bytes="1128" bytesdiscarded="15000" />
  <memory-copied type="tenure" objects="12" bytes="288" bytesdiscarded="0" />
</gc-op>
<gc-end id="4302" type="scavenge" contextid="4298" durationms="0.745" usertimems="0.930" systemtimems="0.000" timestamp="2019-08-08T09:22:35.814" activeThreads="16">
  <mem-info id="4303" free="88204848" total="116195328" percent="75">
    <mem type="nursery" free="86688000" total="96337920" percent="89">
      <mem type="allocate" free="86688000" total="86704128" percent="99" />
      <mem type="survivor" free="0" total="9633792" percent="0" />
    </mem>
    <mem type="tenure" free="1516848" total="19857408" percent="7" macro-fragmented="0">
      <mem type="soa" free="1319216" total="19659776" percent="6" />
      <mem type="loa" free="197632" total="197632" percent="100" />
    </mem>
    <remembered-set count="118" />
  </mem-info>
</gc-end>
<cycle-end id="4304" type="scavenge" contextid="4298" timestamp="2019-08-08T09:22:35.814" />
  <attribute name="elasticGC enabled" value="1" />
  <attribute name= "numThreadsSpecified" value="16" />
  <attribute name="heapSize specified" value="43057152" />
  <attribute name="Current GC Util" value="0" />
  <attribute name= "Current Time Running" value="146967" />
  <attribute name ="GC Interval" value="2153" />
  <attribute name="Target GC Util Change" value ="80.000000" />
  <attribute name="Current GC Util Change" value="0.000000"/>
  <attribute name="Current Error" value="80.000000" />
  <attribute name="Output H" value="116271104"/>
  <attribute name="Output I" value="2152"/>
  <attribute name="Output T" value="16"/>
  <attribute name= "Current Time Running" value="146967" />
  <attribute name="GC Util currently" value="0" />
  <attribute name="CPU Util currently" value="7224470112" />
<allocation-satisfied id="4305" threadId="0000000000AEAF00" bytesRequested="80" />
<af-end id="4306" timestamp="2019-08-08T09:22:35.814" threadId="0000000000AEB888" success="true" from="nursery"/>
<exclusive-end id="4307" timestamp="2019-08-08T09:22:35.814" durationms="0.979" />

<exclusive-start id="4308" timestamp="2019-08-08T09:22:35.958" intervalms="145.134">
  <response-info timems="0.016" idlems="0.016" threads="0" lastid="0000000000AEAF00" lastname="main" />
</exclusive-start>
<af-start id="4309" threadId="0000000000AEB888" totalBytesRequested="16" timestamp="2019-08-08T09:22:35.958" intervalms="145.126" type="nursery" />
<cycle-start id="4310" type="scavenge" contextid="0" timestamp="2019-08-08T09:22:35.958" intervalms="145.124" />
<gc-start id="4311" type="scavenge" contextid="4310" timestamp="2019-08-08T09:22:35.958">
  <mem-info id="4312" free="1516848" total="116195328" percent="1">
    <mem type="nursery" free="0" total="96337920" percent="0">
      <mem type="allocate" free="0" total="86704128" percent="0" />
      <mem type="survivor" free="0" total="9633792" percent="0" />
    </mem>
    <mem type="tenure" free="1516848" total="19857408" percent="7">
      <mem type="soa" free="1319216" total="19659776" percent="6" />
      <mem type="loa" free="197632" total="197632" percent="100" />
    </mem>
    <remembered-set count="118" />
  </mem-info>
</gc-start>
<allocation-stats totalBytes="86672488" >
  <allocated-bytes non-tlh="80" tlh="86672408" />
  <largest-consumer threadName="main" threadId="0000000000AEAF00" bytes="86672488" />
</allocation-stats>
<gc-op id="4313" type="scavenge" timems="0.703" contextid="4310" timestamp="2019-08-08T09:22:35.959">
  <scavenger-info tenureage="3" tenuremask="ffe8" tiltratio="90" />
  <memory-copied type="nursery" objects="38" bytes="1216" bytesdiscarded="31040" />
  <memory-copied type="tenure" objects="6" bytes="144" bytesdiscarded="0" />
</gc-op>
<gc-end id="4314" type="scavenge" contextid="4310" durationms="0.935" usertimems="1.239" systemtimems="0.000" timestamp="2019-08-08T09:22:35.959" activeThreads="16">
  <mem-info id="4315" free="88188720" total="116195328" percent="75">
    <mem type="nursery" free="86671872" total="96337920" percent="89">
      <mem type="allocate" free="86671872" total="86704128" percent="99" />
      <mem type="survivor" free="0" total="9633792" percent="0" />
    </mem>
    <mem type="tenure" free="1516848" total="19857408" percent="7" macro-fragmented="0">
      <mem type="soa" free="1319216" total="19659776" percent="6" />
      <mem type="loa" free="197632" total="197632" percent="100" />
    </mem>
    <remembered-set count="116" />
  </mem-info>
</gc-end>
<cycle-end id="4316" type="scavenge" contextid="4310" timestamp="2019-08-08T09:22:35.959" />
  <attribute name="elasticGC enabled" value="1" />
  <attribute name= "numThreadsSpecified" value="16" />
  <attribute name="heapSize specified" value="43057152" />
  <attribute name="Current GC Util" value="0" />
  <attribute name= "Current Time Running" value="147112" />
  <attribute name ="GC Interval" value="2297" />
  <attribute name="Target GC Util Change" value ="80.000000" />
  <attribute name="Current GC Util Change" value="0.000000"/>
  <attribute name="Current Error" value="160.000000" />
  <attribute name="Output H" value="116271192"/>
  <attribute name="Output I" value="2296"/>
  <attribute name="Output T" value="16"/>
  <attribute name= "Current Time Running" value="147112" />
  <attribute name="GC Util currently" value="0" />
  <attribute name="CPU Util currently" value="7945355480" />
<allocation-satisfied id="4317" threadId="0000000000AEAF00" bytesRequested="16" />
<af-end id="4318" timestamp="2019-08-08T09:22:35.959" threadId="0000000000AEB888" success="true" from="nursery"/>
<exclusive-end id="4319" timestamp="2019-08-08T09:22:35.959" durationms="1.141" />

<exclusive-start id="4320" timestamp="2019-08-08T09:22:36.048" intervalms="89.754">
  <response-info timems="0.021" idlems="0.021" threads="0" lastid="0000000000AEAF00" lastname="main" />
</exclusive-start>
<af-start id="4321" threadId="0000000000AEB888" totalBytesRequested="544" timestamp="2019-08-08T09:22:36.048" intervalms="89.756" type="nursery" />
<cycle-start id="4322" type="scavenge" contextid="0" timestamp="2019-08-08T09:22:36.048" intervalms="89.774" />
<gc-start id="4323" type="scavenge" contextid="4322" timestamp="2019-08-08T09:22:36.048">
  <mem-info id="4324" free="1516848" total="116195328" percent="1">
    <mem type="nursery" free="0" total="96337920" percent="0">
      <mem type="allocate" free="0" total="86704128" percent="0" />
      <mem type="survivor" free="0" total="9633792" percent="0" />
    </mem>
    <mem type="tenure" free="1516848" total="19857408" percent="7">
      <mem type="soa" free="1319216" total="19659776" percent="6" />
      <mem type="loa" free="197632" total="197632" percent="100" />
    </mem>
    <remembered-set count="118" />
  </mem-info>
</gc-start>
<allocation-stats totalBytes="86610736" >
  <allocated-bytes non-tlh="16" tlh="86610720" />
  <largest-consumer threadName="main" threadId="0000000000AEAF00" bytes="86610736" />
</allocation-stats>
<gc-op id="4325" type="scavenge" timems="1.033" contextid="4322" timestamp="2019-08-08T09:22:36.049">
  <scavenger-info tenureage="3" tenuremask="ffe8" tiltratio="90" />
  <memory-copied type="nursery" objects="37" bytes="1616" bytesdiscarded="14512" />
  <memory-copied type="tenure" objects="6" bytes="144" bytesdiscarded="0" />
</gc-op>
<gc-end id="4326" type="scavenge" contextid="4322" durationms="1.222" usertimems="1.877" systemtimems="0.000" timestamp="2019-08-08T09:22:36.049" activeThreads="16">
  <mem-info id="4327" free="88204848" total="116195328" percent="75">
    <mem type="nursery" free="86688000" total="96337920" percent="89">
      <mem type="allocate" free="86688000" total="86704128" percent="99" />
      <mem type="survivor" free="0" total="9633792" percent="0" />
    </mem>
    <mem type="tenure" free="1516848" total="19857408" percent="7" macro-fragmented="418667">
      <mem type="soa" free="1319216" total="19659776" percent="6" />
      <mem type="loa" free="197632" total="197632" percent="100" />
    </mem>
    <remembered-set count="116" />
  </mem-info>
</gc-end>
<cycle-end id="4328" type="scavenge" contextid="4322" timestamp="2019-08-08T09:22:36.049" />
  <attribute name="elasticGC enabled" value="1" />
  <attribute name= "numThreadsSpecified" value="16" />
  <attribute name="heapSize specified" value="43057152" />
  <attribute name="Current GC Util" value="1" />
  <attribute name= "Current Time Running" value="147201" />
  <attribute name ="GC Interval" value="2441" />
  <attribute name="Target GC Util Change" value ="80.000000" />
  <attribute name="Current GC Util Change" value="1.000000"/>
  <attribute name="Current Error" value="239.000000" />
  <attribute name="Output H" value="116271288"/>
  <attribute name="Output I" value="2440"/>
  <attribute name="Output T" value="16"/>
  <attribute name= "Current Time Running" value="147201" />
  <attribute name="GC Util currently" value="1" />
  <attribute name="CPU Util currently" value="12841180510" />
<allocation-satisfied id="4329" threadId="0000000000AEAF00" bytesRequested="544" />
<af-end id="4330" timestamp="2019-08-08T09:22:36.049" threadId="0000000000AEB888" success="true" from="nursery"/>
<exclusive-end id="4331" timestamp="2019-08-08T09:22:36.049" durationms="1.452" />

<exclusive-start id="4332" timestamp="2019-08-08T09:22:36.063" intervalms="15.111">
  <response-info timems="0.020" idlems="0.020" threads="0" lastid="0000000000AEAF00" lastname="main" />
</exclusive-start>
<af-start id="4333" threadId="0000000000AEB888" totalBytesRequested="544" timestamp="2019-08-08T09:22:36.063" intervalms="15.109" type="nursery" />
<cycle-start id="4334" type="scavenge" contextid="0" timestamp="2019-08-08T09:22:36.063" intervalms="15.091" />
<gc-start id="4335" type="scavenge" contextid="4334" timestamp="2019-08-08T09:22:36.063">
  <mem-info id="4336" free="1516848" total="116195328" percent="1">
    <mem type="nursery" free="0" total="96337920" percent="0">
      <mem type="allocate" free="0" total="86704128" percent="0" />
      <mem type="survivor" free="0" total="9633792" percent="0" />
    </mem>
    <mem type="tenure" free="1516848" total="19857408" percent="7">
      <mem type="soa" free="1319216" total="19659776" percent="6" />
      <mem type="loa" free="197632" total="197632" percent="100" />
    </mem>
    <remembered-set count="116" />
  </mem-info>
</gc-start>
<allocation-stats totalBytes="86567928" >
  <allocated-bytes non-tlh="544" tlh="86567384" />
  <largest-consumer threadName="main" threadId="0000000000AEAF00" bytes="86567928" />
</allocation-stats>
<gc-op id="4337" type="scavenge" timems="0.556" contextid="4334" timestamp="2019-08-08T09:22:36.064">
  <scavenger-info tenureage="5" tenuremask="ffe0" tiltratio="90" />
  <memory-copied type="nursery" objects="37" bytes="1616" bytesdiscarded="30640" />
</gc-op>
<gc-end id="4338" type="scavenge" contextid="4334" durationms="0.749" usertimems="1.114" systemtimems="0.000" timestamp="2019-08-08T09:22:36.064" activeThreads="16">
  <mem-info id="4339" free="88188720" total="116195328" percent="75">
    <mem type="nursery" free="86671872" total="96337920" percent="89">
      <mem type="allocate" free="86671872" total="86704128" percent="99" />
      <mem type="survivor" free="0" total="9633792" percent="0" />
    </mem>
    <mem type="tenure" free="1516848" total="19857408" percent="7" macro-fragmented="0">
      <mem type="soa" free="1319216" total="19659776" percent="6" />
      <mem type="loa" free="197632" total="197632" percent="100" />
    </mem>
    <remembered-set count="116" />
  </mem-info>
</gc-end>
<cycle-end id="4340" type="scavenge" contextid="4334" timestamp="2019-08-08T09:22:36.064" />
  <attribute name="elasticGC enabled" value="1" />
  <attribute name= "numThreadsSpecified" value="16" />
  <attribute name="heapSize specified" value="43057152" />
  <attribute name="Current GC Util" value="11" />
  <attribute name= "Current Time Running" value="147217" />
  <attribute name ="GC Interval" value="2561" />
  <attribute name="Target GC Util Change" value ="80.000000" />
  <attribute name="Current GC Util Change" value="11.000000"/>
  <attribute name="Current Error" value="308.000000" />
  <attribute name="Output H" value="116271368"/>
  <attribute name="Output I" value="2560"/>
  <attribute name="Output T" value="16"/>
  <attribute name= "Current Time Running" value="147217" />
  <attribute name="GC Util currently" value="11" />
  <attribute name="CPU Util currently" value="76333225632" />
<allocation-satisfied id="4341" threadId="0000000000AEAF00" bytesRequested="544" />
<af-end id="4342" timestamp="2019-08-08T09:22:36.064" threadId="0000000000AEB888" success="true" from="nursery"/>
<exclusive-end id="4343" timestamp="2019-08-08T09:22:36.064" durationms="0.990" />

* Round 3 done in 2.239 seconds.
<exclusive-start id="4344" timestamp="2019-08-08T09:22:36.103" intervalms="40.454">
  <response-info timems="0.022" idlems="0.022" threads="0" lastid="0000000000AEAF00" lastname="main" />
</exclusive-start>
<af-start id="4345" threadId="0000000000AEB888" totalBytesRequested="32" timestamp="2019-08-08T09:22:36.103" intervalms="40.461" type="nursery" />
<cycle-start id="4346" type="scavenge" contextid="0" timestamp="2019-08-08T09:22:36.103" intervalms="40.466" />
<gc-start id="4347" type="scavenge" contextid="4346" timestamp="2019-08-08T09:22:36.103">
  <mem-info id="4348" free="1516848" total="116195328" percent="1">
    <mem type="nursery" free="0" total="96337920" percent="0">
      <mem type="allocate" free="0" total="86704128" percent="0" />
      <mem type="survivor" free="0" total="9633792" percent="0" />
    </mem>
    <mem type="tenure" free="1516848" total="19857408" percent="7">
      <mem type="soa" free="1319216" total="19659776" percent="6" />
      <mem type="loa" free="197632" total="197632" percent="100" />
    </mem>
    <remembered-set count="121" />
  </mem-info>
</gc-start>
<allocation-stats totalBytes="86588408" >
  <allocated-bytes non-tlh="544" tlh="86587864" />
  <largest-consumer threadName="main" threadId="0000000000AEAF00" bytes="86588408" />
</allocation-stats>
<gc-op id="4349" type="scavenge" timems="0.636" contextid="4346" timestamp="2019-08-08T09:22:36.104">
  <scavenger-info tenureage="3" tenuremask="fff8" tiltratio="90" />
  <memory-copied type="nursery" objects="42" bytes="1392" bytesdiscarded="30864" />
  <memory-copied type="tenure" objects="12" bytes="288" bytesdiscarded="0" />
</gc-op>
<gc-end id="4350" type="scavenge" contextid="4346" durationms="0.879" usertimems="1.184" systemtimems="0.000" timestamp="2019-08-08T09:22:36.104" activeThreads="16">
  <mem-info id="4351" free="88188720" total="116195328" percent="75">
    <mem type="nursery" free="86671872" total="96337920" percent="89">
      <mem type="allocate" free="86671872" total="86704128" percent="99" />
      <mem type="survivor" free="0" total="9633792" percent="0" />
    </mem>
    <mem type="tenure" free="1516848" total="19857408" percent="7" macro-fragmented="0">
      <mem type="soa" free="1319216" total="19659776" percent="6" />
      <mem type="loa" free="197632" total="197632" percent="100" />
    </mem>
    <remembered-set count="117" />
  </mem-info>
</gc-end>
<cycle-end id="4352" type="scavenge" contextid="4346" timestamp="2019-08-08T09:22:36.104" />
  <attribute name="elasticGC enabled" value="1" />
  <attribute name= "numThreadsSpecified" value="16" />
  <attribute name="heapSize specified" value="43057152" />
  <attribute name="Current GC Util" value="3" />
  <attribute name= "Current Time Running" value="147257" />
  <attribute name ="GC Interval" value="2697" />
  <attribute name="Target GC Util Change" value ="80.000000" />
  <attribute name="Current GC Util Change" value="3.000000"/>
  <attribute name="Current Error" value="385.000000" />
  <attribute name="Output H" value="116271456"/>
  <attribute name="Output I" value="2696"/>
  <attribute name="Output T" value="16"/>
  <attribute name= "Current Time Running" value="147257" />
  <attribute name="GC Util currently" value="3" />
  <attribute name="CPU Util currently" value="28495002951" />
<allocation-satisfied id="4353" threadId="0000000000AEAF00" bytesRequested="32" />
<af-end id="4354" timestamp="2019-08-08T09:22:36.104" threadId="0000000000AEB888" success="true" from="nursery"/>
<exclusive-end id="4355" timestamp="2019-08-08T09:22:36.104" durationms="1.112" />

<exclusive-start id="4356" timestamp="2019-08-08T09:22:36.324" intervalms="220.665">
  <response-info timems="0.026" idlems="0.026" threads="0" lastid="0000000000AEAF00" lastname="main" />
</exclusive-start>
<af-start id="4357" threadId="0000000000AEB888" totalBytesRequested="1168" timestamp="2019-08-08T09:22:36.324" intervalms="220.667" type="nursery" />
<cycle-start id="4358" type="scavenge" contextid="0" timestamp="2019-08-08T09:22:36.324" intervalms="220.663" />
<gc-start id="4359" type="scavenge" contextid="4358" timestamp="2019-08-08T09:22:36.324">
  <mem-info id="4360" free="1516848" total="116195328" percent="1">
    <mem type="nursery" free="0" total="96337920" percent="0">
      <mem type="allocate" free="0" total="86704128" percent="0" />
      <mem type="survivor" free="0" total="9633792" percent="0" />
    </mem>
    <mem type="tenure" free="1516848" total="19857408" percent="7">
      <mem type="soa" free="1319216" total="19659776" percent="6" />
      <mem type="loa" free="197632" total="197632" percent="100" />
    </mem>
    <remembered-set count="133" />
  </mem-info>
</gc-start>
<allocation-stats totalBytes="86461080" >
  <allocated-bytes non-tlh="32" tlh="86461048" />
  <largest-consumer threadName="main" threadId="0000000000AEAF00" bytes="86461080" />
</allocation-stats>
<gc-op id="4361" type="scavenge" timems="1.462" contextid="4358" timestamp="2019-08-08T09:22:36.326">
  <scavenger-info tenureage="4" tenuremask="ffd0" tiltratio="90" />
  <memory-copied type="nursery" objects="94" bytes="3728" bytesdiscarded="28528" />
</gc-op>
<gc-end id="4362" type="scavenge" contextid="4358" durationms="2.457" usertimems="2.828" systemtimems="0.000" timestamp="2019-08-08T09:22:36.327" activeThreads="16">
  <mem-info id="4363" free="88188720" total="116195328" percent="75">
    <mem type="nursery" free="86671872" total="96337920" percent="89">
      <mem type="allocate" free="86671872" total="86704128" percent="99" />
      <mem type="survivor" free="0" total="9633792" percent="0" />
    </mem>
    <mem type="tenure" free="1516848" total="19857408" percent="7" macro-fragmented="13104">
      <mem type="soa" free="1319216" total="19659776" percent="6" />
      <mem type="loa" free="197632" total="197632" percent="100" />
    </mem>
    <remembered-set count="132" />
  </mem-info>
</gc-end>
<cycle-end id="4364" type="scavenge" contextid="4358" timestamp="2019-08-08T09:22:36.327" />
  <attribute name="elasticGC enabled" value="1" />
  <attribute name= "numThreadsSpecified" value="16" />
  <attribute name="heapSize specified" value="43057152" />
  <attribute name="Current GC Util" value="0" />
  <attribute name= "Current Time Running" value="147478" />
  <attribute name ="GC Interval" value="2841" />
  <attribute name="Target GC Util Change" value ="80.000000" />
  <attribute name="Current GC Util Change" value="0.000000"/>
  <attribute name="Current Error" value="465.000000" />
  <attribute name="Output H" value="116271544"/>
  <attribute name="Output I" value="2840"/>
  <attribute name="Output T" value="16"/>
  <attribute name= "Current Time Running" value="147478" />
  <attribute name="GC Util currently" value="0" />
  <attribute name="CPU Util currently" value="5225022873" />
<allocation-satisfied id="4365" threadId="0000000000AEAF00" bytesRequested="1168" />
<af-end id="4366" timestamp="2019-08-08T09:22:36.327" threadId="0000000000AEB888" success="true" from="nursery"/>
<exclusive-end id="4367" timestamp="2019-08-08T09:22:36.327" durationms="2.744" />

<exclusive-start id="4368" timestamp="2019-08-08T09:22:36.338" intervalms="14.287">
  <response-info timems="0.019" idlems="0.019" threads="0" lastid="0000000000AEAF00" lastname="main" />
</exclusive-start>
<af-start id="4369" threadId="0000000000AEB888" totalBytesRequested="1168" timestamp="2019-08-08T09:22:36.338" intervalms="14.305" type="nursery" />
<cycle-start id="4370" type="scavenge" contextid="0" timestamp="2019-08-08T09:22:36.338" intervalms="14.309" />
<gc-start id="4371" type="scavenge" contextid="4370" timestamp="2019-08-08T09:22:36.338">
  <mem-info id="4372" free="1516848" total="116195328" percent="1">
    <mem type="nursery" free="0" total="96337920" percent="0">
      <mem type="allocate" free="0" total="86704128" percent="0" />
      <mem type="survivor" free="0" total="9633792" percent="0" />
    </mem>
    <mem type="tenure" free="1516848" total="19857408" percent="7">
      <mem type="soa" free="1319216" total="19659776" percent="6" />
      <mem type="loa" free="197632" total="197632" percent="100" />
    </mem>
    <remembered-set count="132" />
  </mem-info>
</gc-start>
<allocation-stats totalBytes="86384528" >
  <allocated-bytes non-tlh="1168" tlh="86383360" />
  <largest-consumer threadName="main" threadId="0000000000AEAF00" bytes="86384528" />
</allocation-stats>
<gc-op id="4373" type="scavenge" timems="0.858" contextid="4370" timestamp="2019-08-08T09:22:36.339">
  <scavenger-info tenureage="3" tenuremask="fff8" tiltratio="90" />
  <memory-copied type="nursery" objects="88" bytes="3584" bytesdiscarded="28672" />
  <memory-copied type="tenure" objects="6" bytes="144" bytesdiscarded="0" />
</gc-op>
<heap-resize id="4374" type="expand" space="nursery" amount="4325376" count="1" timems="0.021" reason="excessive time being spent scavenging" timestamp="2019-08-08T09:22:36.339" />
<gc-end id="4375" type="scavenge" contextid="4370" durationms="1.169" usertimems="2.143" systemtimems="0.000" timestamp="2019-08-08T09:22:36.340" activeThreads="16">
  <mem-info id="4376" free="92055344" total="120520704" percent="76">
    <mem type="nursery" free="90538496" total="100663296" percent="89">
      <mem type="allocate" free="90538496" total="90570752" percent="99" />
      <mem type="survivor" free="0" total="10092544" percent="0" />
    </mem>
    <mem type="tenure" free="1516848" total="19857408" percent="7" macro-fragmented="0">
      <mem type="soa" free="1319216" total="19659776" percent="6" />
      <mem type="loa" free="197632" total="197632" percent="100" />
    </mem>
    <remembered-set count="130" />
  </mem-info>
</gc-end>
<cycle-end id="4377" type="scavenge" contextid="4370" timestamp="2019-08-08T09:22:36.340" />
  <attribute name="elasticGC enabled" value="1" />
  <attribute name= "numThreadsSpecified" value="16" />
  <attribute name="heapSize specified" value="43057152" />
  <attribute name="Current GC Util" value="15" />
  <attribute name= "Current Time Running" value="147492" />
  <attribute name ="GC Interval" value="2129" />
  <attribute name="Target GC Util Change" value ="80.000000" />
  <attribute name="Current GC Util Change" value="15.000000"/>
  <attribute name="Current Error" value="65.000000" />
  <attribute name="Output H" value="116271088"/>
  <attribute name="Output I" value="2128"/>
  <attribute name="Output T" value="16"/>
  <attribute name= "Current Time Running" value="147492" />
  <attribute name="GC Util currently" value="15" />
  <attribute name="CPU Util currently" value="80180938077" />
<allocation-satisfied id="4378" threadId="0000000000AEAF00" bytesRequested="1168" />
<af-end id="4379" timestamp="2019-08-08T09:22:36.340" threadId="0000000000AEB888" success="true" from="nursery"/>
<exclusive-end id="4380" timestamp="2019-08-08T09:22:36.340" durationms="1.458" />

<exclusive-start id="4381" timestamp="2019-08-08T09:22:36.353" intervalms="15.177">
  <response-info timems="0.021" idlems="0.021" threads="0" lastid="0000000000AEAF00" lastname="main" />
</exclusive-start>
<af-start id="4382" threadId="0000000000AEB888" totalBytesRequested="1168" timestamp="2019-08-08T09:22:36.353" intervalms="15.153" type="nursery" />
<cycle-start id="4383" type="scavenge" contextid="0" timestamp="2019-08-08T09:22:36.353" intervalms="15.151" />
<gc-start id="4384" type="scavenge" contextid="4383" timestamp="2019-08-08T09:22:36.354">
  <mem-info id="4385" free="1516848" total="120520704" percent="1">
    <mem type="nursery" free="0" total="100663296" percent="0">
      <mem type="allocate" free="0" total="90570752" percent="0" />
      <mem type="survivor" free="0" total="10092544" percent="0" />
    </mem>
    <mem type="tenure" free="1516848" total="19857408" percent="7">
      <mem type="soa" free="1319216" total="19659776" percent="6" />
      <mem type="loa" free="197632" total="197632" percent="100" />
    </mem>
    <remembered-set count="130" />
  </mem-info>
</gc-start>
<allocation-stats totalBytes="90238480" >
  <allocated-bytes non-tlh="1168" tlh="90237312" />
  <largest-consumer threadName="main" threadId="0000000000AEAF00" bytes="90238480" />
</allocation-stats>
<gc-op id="4386" type="scavenge" timems="4.019" contextid="4383" timestamp="2019-08-08T09:22:36.358">
  <scavenger-info tenureage="3" tenuremask="ffd8" tiltratio="89" />
  <memory-copied type="nursery" objects="69" bytes="2928" bytesdiscarded="29328" />
  <memory-copied type="tenure" objects="19" bytes="656" bytesdiscarded="0" />
</gc-op>
<heap-resize id="4387" type="expand" space="nursery" amount="10485760" count="1" timems="0.017" reason="excessive time being spent scavenging" timestamp="2019-08-08T09:22:36.358" />
<gc-end id="4388" type="scavenge" contextid="4383" durationms="4.496" usertimems="1.926" systemtimems="0.000" timestamp="2019-08-08T09:22:36.358" activeThreads="16">
  <mem-info id="4389" free="101476400" total="131006464" percent="77">
    <mem type="nursery" free="99975680" total="111149056" percent="89">
      <mem type="allocate" free="99975680" total="100007936" percent="99" />
      <mem type="survivor" free="0" total="11141120" percent="0" />
    </mem>
    <mem type="tenure" free="1500720" total="19857408" percent="7" macro-fragmented="0">
      <mem type="soa" free="1303088" total="19659776" percent="6" />
      <mem type="loa" free="197632" total="197632" percent="100" />
    </mem>
    <remembered-set count="126" />
  </mem-info>
</gc-end>
<cycle-end id="4390" type="scavenge" contextid="4383" timestamp="2019-08-08T09:22:36.358" />
  <attribute name="elasticGC enabled" value="1" />
  <attribute name= "numThreadsSpecified" value="16" />
  <attribute name="heapSize specified" value="43057152" />
  <attribute name="Current GC Util" value="15" />
  <attribute name= "Current Time Running" value="147507" />
  <attribute name ="GC Interval" value="2241" />
  <attribute name="Target GC Util Change" value ="80.000000" />
  <attribute name="Current GC Util Change" value="15.000000"/>
  <attribute name="Current Error" value="130.000000" />
  <attribute name="Output H" value="120596536"/>
  <attribute name="Output I" value="2240"/>
  <attribute name="Output T" value="16"/>
  <attribute name= "Current Time Running" value="147507" />
  <attribute name="GC Util currently" value="15" />
  <attribute name="CPU Util currently" value="76414720933" />
<allocation-satisfied id="4391" threadId="0000000000AEAF00" bytesRequested="1168" />
<af-end id="4392" timestamp="2019-08-08T09:22:36.358" threadId="0000000000AEB888" success="true" from="nursery"/>
<exclusive-end id="4393" timestamp="2019-08-08T09:22:36.358" durationms="4.752" />

<exclusive-start id="4394" timestamp="2019-08-08T09:22:36.372" intervalms="18.821">
  <response-info timems="0.022" idlems="0.022" threads="0" lastid="0000000000AEAF00" lastname="main" />
</exclusive-start>
<af-start id="4395" threadId="0000000000AEB888" totalBytesRequested="1168" timestamp="2019-08-08T09:22:36.372" intervalms="18.820" type="nursery" />
<cycle-start id="4396" type="scavenge" contextid="0" timestamp="2019-08-08T09:22:36.372" intervalms="18.820" />
<gc-start id="4397" type="scavenge" contextid="4396" timestamp="2019-08-08T09:22:36.372">
  <mem-info id="4398" free="1500720" total="131006464" percent="1">
    <mem type="nursery" free="0" total="111149056" percent="0">
      <mem type="allocate" free="0" total="100007936" percent="0" />
      <mem type="survivor" free="0" total="11141120" percent="0" />
    </mem>
    <mem type="tenure" free="1500720" total="19857408" percent="7">
      <mem type="soa" free="1303088" total="19659776" percent="6" />
      <mem type="loa" free="197632" total="197632" percent="100" />
    </mem>
    <remembered-set count="126" />
  </mem-info>
</gc-start>
<allocation-stats totalBytes="99644776" >
  <allocated-bytes non-tlh="1168" tlh="99643608" />
  <largest-consumer threadName="main" threadId="0000000000AEAF00" bytes="99644776" />
</allocation-stats>
<gc-op id="4399" type="scavenge" timems="1.050" contextid="4396" timestamp="2019-08-08T09:22:36.373">
  <scavenger-info tenureage="3" tenuremask="ffe8" tiltratio="89" />
  <memory-copied type="nursery" objects="2" bytes="56" bytesdiscarded="32200" />
  <memory-copied type="tenure" objects="67" bytes="2872" bytesdiscarded="0" />
</gc-op>
<gc-end id="4400" type="scavenge" contextid="4396" durationms="1.193" usertimems="1.538" systemtimems="0.000" timestamp="2019-08-08T09:22:36.374" activeThreads="16">
  <mem-info id="4401" free="101476400" total="131006464" percent="77">
    <mem type="nursery" free="99975680" total="111149056" percent="89">
      <mem type="allocate" free="99975680" total="100007936" percent="99" />
      <mem type="survivor" free="0" total="11141120" percent="0" />
    </mem>
    <mem type="tenure" free="1500720" total="19857408" percent="7" macro-fragmented="0">
      <mem type="soa" free="1303088" total="19659776" percent="6" />
      <mem type="loa" free="197632" total="197632" percent="100" />
    </mem>
    <remembered-set count="119" />
  </mem-info>
</gc-end>
<cycle-end id="4402" type="scavenge" contextid="4396" timestamp="2019-08-08T09:22:36.374" />
  <attribute name="elasticGC enabled" value="1" />
  <attribute name= "numThreadsSpecified" value="16" />
  <attribute name="heapSize specified" value="43057152" />
  <attribute name="Current GC Util" value="11" />
  <attribute name= "Current Time Running" value="147526" />
  <attribute name ="GC Interval" value="2369" />
  <attribute name="Target GC Util Change" value ="80.000000" />
  <attribute name="Current GC Util Change" value="11.000000"/>
  <attribute name="Current Error" value="199.000000" />
  <attribute name="Output H" value="131082376"/>
  <attribute name="Output I" value="2368"/>
  <attribute name="Output T" value="16"/>
  <attribute name= "Current Time Running" value="147526" />
  <attribute name="GC Util currently" value="11" />
  <attribute name="CPU Util currently" value="61244740886" />
<allocation-satisfied id="4403" threadId="0000000000AEAF00" bytesRequested="1168" />
<af-end id="4404" timestamp="2019-08-08T09:22:36.374" threadId="0000000000AEB888" success="true" from="nursery"/>
<exclusive-end id="4405" timestamp="2019-08-08T09:22:36.374" durationms="1.452" />

<exclusive-start id="4406" timestamp="2019-08-08T09:22:36.391" intervalms="18.436">
  <response-info timems="0.016" idlems="0.016" threads="0" lastid="0000000000AEAF00" lastname="main" />
</exclusive-start>
<af-start id="4407" threadId="0000000000AEB888" totalBytesRequested="1168" timestamp="2019-08-08T09:22:36.391" intervalms="18.449" type="nursery" />
<cycle-start id="4408" type="scavenge" contextid="0" timestamp="2019-08-08T09:22:36.391" intervalms="18.449" />
<gc-start id="4409" type="scavenge" contextid="4408" timestamp="2019-08-08T09:22:36.391">
  <mem-info id="4410" free="1500720" total="131006464" percent="1">
    <mem type="nursery" free="0" total="111149056" percent="0">
      <mem type="allocate" free="0" total="100007936" percent="0" />
      <mem type="survivor" free="0" total="11141120" percent="0" />
    </mem>
    <mem type="tenure" free="1500720" total="19857408" percent="7">
      <mem type="soa" free="1303088" total="19659776" percent="6" />
      <mem type="loa" free="197632" total="197632" percent="100" />
    </mem>
    <remembered-set count="119" />
  </mem-info>
</gc-start>
<allocation-stats totalBytes="99644776" >
  <allocated-bytes non-tlh="1168" tlh="99643608" />
  <largest-consumer threadName="main" threadId="0000000000AEAF00" bytes="99644776" />
</allocation-stats>
<gc-op id="4411" type="scavenge" timems="0.720" contextid="4408" timestamp="2019-08-08T09:22:36.392">
  <scavenger-info tenureage="3" tenuremask="ffe8" tiltratio="89" />
  <memory-copied type="nursery" objects="2" bytes="56" bytesdiscarded="32200" />
</gc-op>
<gc-end id="4412" type="scavenge" contextid="4408" durationms="0.833" usertimems="1.159" systemtimems="0.000" timestamp="2019-08-08T09:22:36.392" activeThreads="16">
  <mem-info id="4413" free="101476400" total="131006464" percent="77">
    <mem type="nursery" free="99975680" total="111149056" percent="89">
      <mem type="allocate" free="99975680" total="100007936" percent="99" />
      <mem type="survivor" free="0" total="11141120" percent="0" />
    </mem>
    <mem type="tenure" free="1500720" total="19857408" percent="7" macro-fragmented="0">
      <mem type="soa" free="1303088" total="19659776" percent="6" />
      <mem type="loa" free="197632" total="197632" percent="100" />
    </mem>
    <remembered-set count="119" />
  </mem-info>
</gc-end>
<cycle-end id="4414" type="scavenge" contextid="4408" timestamp="2019-08-08T09:22:36.392" />
  <attribute name="elasticGC enabled" value="1" />
  <attribute name= "numThreadsSpecified" value="16" />
  <attribute name="heapSize specified" value="43057152" />
  <attribute name="Current GC Util" value="9" />
  <attribute name= "Current Time Running" value="147544" />
  <attribute name ="GC Interval" value="2497" />
  <attribute name="Target GC Util Change" value ="80.000000" />
  <attribute name="Current GC Util Change" value="9.000000"/>
  <attribute name="Current Error" value="270.000000" />
  <attribute name="Output H" value="131082456"/>
  <attribute name="Output I" value="2496"/>
  <attribute name="Output T" value="16"/>
  <attribute name= "Current Time Running" value="147544" />
  <attribute name="GC Util currently" value="9" />
  <attribute name="CPU Util currently" value="62405970207" />
<allocation-satisfied id="4415" threadId="0000000000AEAF00" bytesRequested="1168" />
<af-end id="4416" timestamp="2019-08-08T09:22:36.392" threadId="0000000000AEB888" success="true" from="nursery"/>
<exclusive-end id="4417" timestamp="2019-08-08T09:22:36.392" durationms="1.102" />

<exclusive-start id="4418" timestamp="2019-08-08T09:22:36.408" intervalms="17.802">
  <response-info timems="0.025" idlems="0.025" threads="0" lastid="0000000000AEAF00" lastname="main" />
</exclusive-start>
<af-start id="4419" threadId="0000000000AEB888" totalBytesRequested="1168" timestamp="2019-08-08T09:22:36.409" intervalms="17.788" type="nursery" />
<cycle-start id="4420" type="scavenge" contextid="0" timestamp="2019-08-08T09:22:36.409" intervalms="17.786" />
<gc-start id="4421" type="scavenge" contextid="4420" timestamp="2019-08-08T09:22:36.409">
  <mem-info id="4422" free="1500720" total="131006464" percent="1">
    <mem type="nursery" free="0" total="111149056" percent="0">
      <mem type="allocate" free="0" total="100007936" percent="0" />
      <mem type="survivor" free="0" total="11141120" percent="0" />
    </mem>
    <mem type="tenure" free="1500720" total="19857408" percent="7">
      <mem type="soa" free="1303088" total="19659776" percent="6" />
      <mem type="loa" free="197632" total="197632" percent="100" />
    </mem>
    <remembered-set count="119" />
  </mem-info>
</gc-start>
<allocation-stats totalBytes="99644776" >
  <allocated-bytes non-tlh="1168" tlh="99643608" />
  <largest-consumer threadName="main" threadId="0000000000AEAF00" bytes="99644776" />
</allocation-stats>
<gc-op id="4423" type="scavenge" timems="0.857" contextid="4420" timestamp="2019-08-08T09:22:36.409">
  <scavenger-info tenureage="3" tenuremask="fff8" tiltratio="89" />
  <memory-copied type="nursery" objects="2" bytes="56" bytesdiscarded="32200" />
</gc-op>
<gc-end id="4424" type="scavenge" contextid="4420" durationms="0.948" usertimems="1.299" systemtimems="0.000" timestamp="2019-08-08T09:22:36.410" activeThreads="16">
  <mem-info id="4425" free="101476400" total="131006464" percent="77">
    <mem type="nursery" free="99975680" total="111149056" percent="89">
      <mem type="allocate" free="99975680" total="100007936" percent="99" />
      <mem type="survivor" free="0" total="11141120" percent="0" />
    </mem>
    <mem type="tenure" free="1500720" total="19857408" percent="7" macro-fragmented="0">
      <mem type="soa" free="1303088" total="19659776" percent="6" />
      <mem type="loa" free="197632" total="197632" percent="100" />
    </mem>
    <remembered-set count="119" />
  </mem-info>
</gc-end>
<cycle-end id="4426" type="scavenge" contextid="4420" timestamp="2019-08-08T09:22:36.410" />
  <attribute name="elasticGC enabled" value="1" />
  <attribute name= "numThreadsSpecified" value="16" />
  <attribute name="heapSize specified" value="43057152" />
  <attribute name="Current GC Util" value="7" />
  <attribute name= "Current Time Running" value="147562" />
  <attribute name ="GC Interval" value="2625" />
  <attribute name="Target GC Util Change" value ="80.000000" />
  <attribute name="Current GC Util Change" value="7.000000"/>
  <attribute name="Current Error" value="343.000000" />
  <attribute name="Output H" value="131082544"/>
  <attribute name="Output I" value="2624"/>
  <attribute name="Output T" value="16"/>
  <attribute name= "Current Time Running" value="147562" />
  <attribute name="GC Util currently" value="7" />
  <attribute name="CPU Util currently" value="64594674314" />
<allocation-satisfied id="4427" threadId="0000000000AEAF00" bytesRequested="1168" />
<af-end id="4428" timestamp="2019-08-08T09:22:36.410" threadId="0000000000AEB888" success="true" from="nursery"/>
<exclusive-end id="4429" timestamp="2019-08-08T09:22:36.410" durationms="1.159" />

<exclusive-start id="4430" timestamp="2019-08-08T09:22:36.423" intervalms="14.316">
  <response-info timems="0.022" idlems="0.022" threads="0" lastid="0000000000AEAF00" lastname="main" />
</exclusive-start>
<af-start id="4431" threadId="0000000000AEB888" totalBytesRequested="1168" timestamp="2019-08-08T09:22:36.423" intervalms="14.493" type="nursery" />
<cycle-start id="4432" type="scavenge" contextid="0" timestamp="2019-08-08T09:22:36.423" intervalms="14.500" />
<gc-start id="4433" type="scavenge" contextid="4432" timestamp="2019-08-08T09:22:36.423">
  <mem-info id="4434" free="1500720" total="131006464" percent="1">
    <mem type="nursery" free="0" total="111149056" percent="0">
      <mem type="allocate" free="0" total="100007936" percent="0" />
      <mem type="survivor" free="0" total="11141120" percent="0" />
    </mem>
    <mem type="tenure" free="1500720" total="19857408" percent="7">
      <mem type="soa" free="1303088" total="19659776" percent="6" />
      <mem type="loa" free="197632" total="197632" percent="100" />
    </mem>
    <remembered-set count="124" />
  </mem-info>
</gc-start>
<allocation-stats totalBytes="99601056" >
  <allocated-bytes non-tlh="1168" tlh="99599888" />
  <largest-consumer threadName="main" threadId="0000000000AEAF00" bytes="99601056" />
</allocation-stats>
<gc-op id="4435" type="scavenge" timems="2.128" contextid="4432" timestamp="2019-08-08T09:22:36.425">
  <scavenger-info tenureage="3" tenuremask="fff8" tiltratio="89" />
  <memory-copied type="nursery" objects="27" bytes="1944" bytesdiscarded="14184" />
</gc-op>
<heap-resize id="4436" type="expand" space="nursery" amount="8126464" count="1" timems="0.023" reason="excessive time being spent scavenging" timestamp="2019-08-08T09:22:36.425" />
<gc-end id="4437" type="scavenge" contextid="4432" durationms="2.276" usertimems="1.325" systemtimems="0.000" timestamp="2019-08-08T09:22:36.425" activeThreads="16">
  <mem-info id="4438" free="108767024" total="139132928" percent="78">
    <mem type="nursery" free="107266304" total="119275520" percent="89">
      <mem type="allocate" free="107266304" total="107282432" percent="99" />
      <mem type="survivor" free="0" total="11993088" percent="0" />
    </mem>
    <mem type="tenure" free="1500720" total="19857408" percent="7" macro-fragmented="0">
      <mem type="soa" free="1303088" total="19659776" percent="6" />
      <mem type="loa" free="197632" total="197632" percent="100" />
    </mem>
    <remembered-set count="124" />
  </mem-info>
</gc-end>
<cycle-end id="4439" type="scavenge" contextid="4432" timestamp="2019-08-08T09:22:36.425" />
  <attribute name="elasticGC enabled" value="1" />
  <attribute name= "numThreadsSpecified" value="16" />
  <attribute name="heapSize specified" value="43057152" />
  <attribute name="Current GC Util" value="9" />
  <attribute name= "Current Time Running" value="147577" />
  <attribute name ="GC Interval" value="2753" />
  <attribute name="Target GC Util Change" value ="80.000000" />
  <attribute name="Current GC Util Change" value="9.000000"/>
  <attribute name="Current Error" value="414.000000" />
  <attribute name="Output H" value="131082624"/>
  <attribute name="Output I" value="2752"/>
  <attribute name="Output T" value="16"/>
  <attribute name= "Current Time Running" value="147577" />
  <attribute name="GC Util currently" value="9" />
  <attribute name="CPU Util currently" value="79747967352" />
<allocation-satisfied id="4440" threadId="0000000000AEAF00" bytesRequested="1168" />
<af-end id="4441" timestamp="2019-08-08T09:22:36.425" threadId="0000000000AEB888" success="true" from="nursery"/>
<exclusive-end id="4442" timestamp="2019-08-08T09:22:36.425" durationms="2.690" />

<exclusive-start id="4443" timestamp="2019-08-08T09:22:36.437" intervalms="14.191">
  <response-info timems="0.026" idlems="0.026" threads="0" lastid="0000000000AEAF00" lastname="main" />
</exclusive-start>
<af-start id="4444" threadId="0000000000AEB888" totalBytesRequested="1168" timestamp="2019-08-08T09:22:36.437" intervalms="14.028" type="nursery" />
<cycle-start id="4445" type="scavenge" contextid="0" timestamp="2019-08-08T09:22:36.437" intervalms="14.026" />
<gc-start id="4446" type="scavenge" contextid="4445" timestamp="2019-08-08T09:22:36.437">
  <mem-info id="4447" free="1500720" total="139132928" percent="1">
    <mem type="nursery" free="0" total="119275520" percent="0">
      <mem type="allocate" free="0" total="107282432" percent="0" />
      <mem type="survivor" free="0" total="11993088" percent="0" />
    </mem>
    <mem type="tenure" free="1500720" total="19857408" percent="7">
      <mem type="soa" free="1303088" total="19659776" percent="6" />
      <mem type="loa" free="197632" total="197632" percent="100" />
    </mem>
    <remembered-set count="124" />
  </mem-info>
</gc-start>
<allocation-stats totalBytes="106578592" >
  <allocated-bytes non-tlh="1168" tlh="106577424" />
  <largest-consumer threadName="main" threadId="0000000000AEAF00" bytes="106578592" />
</allocation-stats>
<gc-op id="4448" type="scavenge" timems="1.472" contextid="4445" timestamp="2019-08-08T09:22:36.439">
  <scavenger-info tenureage="3" tenuremask="fff8" tiltratio="89" />
  <memory-copied type="nursery" objects="28" bytes="1968" bytesdiscarded="30288" />
</gc-op>
<gc-end id="4449" type="scavenge" contextid="4445" durationms="1.603" usertimems="2.543" systemtimems="0.000" timestamp="2019-08-08T09:22:36.439" activeThreads="16">
  <mem-info id="4450" free="108816432" total="139132928" percent="78">
    <mem type="nursery" free="107315712" total="119275520" percent="89">
      <mem type="allocate" free="107315712" total="107347968" percent="99" />
      <mem type="survivor" free="0" total="11927552" percent="0" />
    </mem>
    <mem type="tenure" free="1500720" total="19857408" percent="7" macro-fragmented="0">
      <mem type="soa" free="1303088" total="19659776" percent="6" />
      <mem type="loa" free="197632" total="197632" percent="100" />
    </mem>
    <remembered-set count="114" />
  </mem-info>
</gc-end>
<cycle-end id="4451" type="scavenge" contextid="4445" timestamp="2019-08-08T09:22:36.439" />
  <attribute name="elasticGC enabled" value="1" />
  <attribute name= "numThreadsSpecified" value="16" />
  <attribute name="heapSize specified" value="43057152" />
  <attribute name="Current GC Util" value="10" />
  <attribute name= "Current Time Running" value="147591" />
  <attribute name ="GC Interval" value="2137" />
  <attribute name="Target GC Util Change" value ="80.000000" />
  <attribute name="Current GC Util Change" value="10.000000"/>
  <attribute name="Current Error" value="70.000000" />
  <attribute name="Output H" value="139208688"/>
  <attribute name="Output I" value="2136"/>
  <attribute name="Output T" value="16"/>
  <attribute name= "Current Time Running" value="147591" />
  <attribute name="GC Util currently" value="10" />
  <attribute name="CPU Util currently" value="82384498988" />
<allocation-satisfied id="4452" threadId="0000000000AEAF00" bytesRequested="1168" />
<af-end id="4453" timestamp="2019-08-08T09:22:36.439" threadId="0000000000AEB888" success="true" from="nursery"/>
<exclusive-end id="4454" timestamp="2019-08-08T09:22:36.439" durationms="1.918" />

<exclusive-start id="4455" timestamp="2019-08-08T09:22:36.452" intervalms="14.972">
  <response-info timems="0.017" idlems="0.017" threads="0" lastid="0000000000AEAF00" lastname="main" />
</exclusive-start>
<af-start id="4456" threadId="0000000000AEB888" totalBytesRequested="1168" timestamp="2019-08-08T09:22:36.452" intervalms="14.967" type="nursery" />
<cycle-start id="4457" type="scavenge" contextid="0" timestamp="2019-08-08T09:22:36.452" intervalms="14.966" />
<gc-start id="4458" type="scavenge" contextid="4457" timestamp="2019-08-08T09:22:36.452">
  <mem-info id="4459" free="1500720" total="139132928" percent="1">
    <mem type="nursery" free="0" total="119275520" percent="0">
      <mem type="allocate" free="0" total="107347968" percent="0" />
      <mem type="survivor" free="0" total="11927552" percent="0" />
    </mem>
    <mem type="tenure" free="1500720" total="19857408" percent="7">
      <mem type="soa" free="1303088" total="19659776" percent="6" />
      <mem type="loa" free="197632" total="197632" percent="100" />
    </mem>
    <remembered-set count="114" />
  </mem-info>
</gc-start>
<allocation-stats totalBytes="106644080" >
  <allocated-bytes non-tlh="1168" tlh="106642912" />
  <largest-consumer threadName="main" threadId="0000000000AEAF00" bytes="106644080" />
</allocation-stats>
<gc-op id="4460" type="scavenge" timems="1.483" contextid="4457" timestamp="2019-08-08T09:22:36.454">
  <scavenger-info tenureage="3" tenuremask="fff8" tiltratio="90" />
  <memory-copied type="nursery" objects="28" bytes="1968" bytesdiscarded="30288" />
</gc-op>
<heap-resize id="4461" type="expand" space="nursery" amount="5242880" count="1" timems="0.016" reason="excessive time being spent scavenging" timestamp="2019-08-08T09:22:36.454" />
<gc-end id="4462" type="scavenge" contextid="4457" durationms="1.600" usertimems="2.304" systemtimems="0.000" timestamp="2019-08-08T09:22:36.454" activeThreads="16">
  <mem-info id="4463" free="113535024" total="144375808" percent="78">
    <mem type="nursery" free="112034304" total="124518400" percent="89">
      <mem type="allocate" free="112034304" total="112066560" percent="99" />
      <mem type="survivor" free="0" total="12451840" percent="0" />
    </mem>
    <mem type="tenure" free="1500720" total="19857408" percent="7" macro-fragmented="0">
      <mem type="soa" free="1303088" total="19659776" percent="6" />
      <mem type="loa" free="197632" total="197632" percent="100" />
    </mem>
    <remembered-set count="114" />
  </mem-info>
</gc-end>
<cycle-end id="4464" type="scavenge" contextid="4457" timestamp="2019-08-08T09:22:36.454" />
  <attribute name="elasticGC enabled" value="1" />
  <attribute name= "numThreadsSpecified" value="16" />
  <attribute name="heapSize specified" value="43057152" />
  <attribute name="Current GC Util" value="18" />
  <attribute name= "Current Time Running" value="147606" />
  <attribute name ="GC Interval" value="2249" />
  <attribute name="Target GC Util Change" value ="80.000000" />
  <attribute name="Current GC Util Change" value="18.000000"/>
  <attribute name="Current Error" value="132.000000" />
  <attribute name="Output H" value="139208760"/>
  <attribute name="Output I" value="2248"/>
  <attribute name="Output T" value="16"/>
  <attribute name= "Current Time Running" value="147606" />
  <attribute name="GC Util currently" value="18" />
  <attribute name="CPU Util currently" value="77053309346" />
<allocation-satisfied id="4465" threadId="0000000000AEAF00" bytesRequested="1168" />
<af-end id="4466" timestamp="2019-08-08T09:22:36.454" threadId="0000000000AEB888" success="true" from="nursery"/>
<exclusive-end id="4467" timestamp="2019-08-08T09:22:36.454" durationms="1.825" />

<exclusive-start id="4468" timestamp="2019-08-08T09:22:36.466" intervalms="13.964">
  <response-info timems="0.022" idlems="0.022" threads="0" lastid="0000000000AEAF00" lastname="main" />
</exclusive-start>
<af-start id="4469" threadId="0000000000AEB888" totalBytesRequested="1168" timestamp="2019-08-08T09:22:36.466" intervalms="13.958" type="nursery" />
<cycle-start id="4470" type="scavenge" contextid="0" timestamp="2019-08-08T09:22:36.466" intervalms="13.954" />
<gc-start id="4471" type="scavenge" contextid="4470" timestamp="2019-08-08T09:22:36.466">
  <mem-info id="4472" free="1500720" total="144375808" percent="1">
    <mem type="nursery" free="0" total="124518400" percent="0">
      <mem type="allocate" free="0" total="112066560" percent="0" />
      <mem type="survivor" free="0" total="12451840" percent="0" />
    </mem>
    <mem type="tenure" free="1500720" total="19857408" percent="7">
      <mem type="soa" free="1303088" total="19659776" percent="6" />
      <mem type="loa" free="197632" total="197632" percent="100" />
    </mem>
    <remembered-set count="114" />
  </mem-info>
</gc-start>
<allocation-stats totalBytes="111333080" >
  <allocated-bytes non-tlh="1168" tlh="111331912" />
  <largest-consumer threadName="main" threadId="0000000000AEAF00" bytes="111333080" />
</allocation-stats>
<gc-op id="4473" type="scavenge" timems="1.455" contextid="4470" timestamp="2019-08-08T09:22:36.468">
  <scavenger-info tenureage="3" tenuremask="fff8" tiltratio="90" />
  <memory-copied type="nursery" objects="2" bytes="64" bytesdiscarded="32192" />
  <memory-copied type="tenure" objects="26" bytes="1904" bytesdiscarded="0" />
</gc-op>
<gc-end id="4474" type="scavenge" contextid="4470" durationms="1.563" usertimems="2.118" systemtimems="0.000" timestamp="2019-08-08T09:22:36.468" activeThreads="16">
  <mem-info id="4475" free="113535024" total="144375808" percent="78">
    <mem type="nursery" free="112034304" total="124518400" percent="89">
      <mem type="allocate" free="112034304" total="112066560" percent="99" />
      <mem type="survivor" free="0" total="12451840" percent="0" />
    </mem>
    <mem type="tenure" free="1500720" total="19857408" percent="7" macro-fragmented="0">
      <mem type="soa" free="1303088" total="19659776" percent="6" />
      <mem type="loa" free="197632" total="197632" percent="100" />
    </mem>
    <remembered-set count="119" />
  </mem-info>
</gc-end>
<cycle-end id="4476" type="scavenge" contextid="4470" timestamp="2019-08-08T09:22:36.468" />
  <attribute name="elasticGC enabled" value="1" />
  <attribute name= "numThreadsSpecified" value="16" />
  <attribute name="heapSize specified" value="43057152" />
  <attribute name="Current GC Util" value="17" />
  <attribute name= "Current Time Running" value="147620" />
  <attribute name ="GC Interval" value="2361" />
  <attribute name="Target GC Util Change" value ="80.000000" />
  <attribute name="Current GC Util Change" value="17.000000"/>
  <attribute name="Current Error" value="195.000000" />
  <attribute name="Output H" value="144451720"/>
  <attribute name="Output I" value="2360"/>
  <attribute name="Output T" value="16"/>
  <attribute name= "Current Time Running" value="147620" />
  <attribute name="GC Util currently" value="17" />
  <attribute name="CPU Util currently" value="82771670593" />
<allocation-satisfied id="4477" threadId="0000000000AEAF00" bytesRequested="1168" />
<af-end id="4478" timestamp="2019-08-08T09:22:36.468" threadId="0000000000AEB888" success="true" from="nursery"/>
<exclusive-end id="4479" timestamp="2019-08-08T09:22:36.468" durationms="1.774" />

<exclusive-start id="4480" timestamp="2019-08-08T09:22:36.545" intervalms="79.448">
  <response-info timems="0.047" idlems="0.047" threads="0" lastid="0000000000AEAF00" lastname="main" />
</exclusive-start>
<af-start id="4481" threadId="0000000000AEB888" totalBytesRequested="32" timestamp="2019-08-08T09:22:36.545" intervalms="79.442" type="nursery" />
<cycle-start id="4482" type="scavenge" contextid="0" timestamp="2019-08-08T09:22:36.545" intervalms="79.440" />
<gc-start id="4483" type="scavenge" contextid="4482" timestamp="2019-08-08T09:22:36.545">
  <mem-info id="4484" free="1500720" total="144375808" percent="1">
    <mem type="nursery" free="0" total="124518400" percent="0">
      <mem type="allocate" free="0" total="112066560" percent="0" />
      <mem type="survivor" free="0" total="12451840" percent="0" />
    </mem>
    <mem type="tenure" free="1500720" total="19857408" percent="7">
      <mem type="soa" free="1303088" total="19659776" percent="6" />
      <mem type="loa" free="197632" total="197632" percent="100" />
    </mem>
    <remembered-set count="129" />
  </mem-info>
</gc-start>
<allocation-stats totalBytes="112013256" >
  <allocated-bytes non-tlh="1168" tlh="112012088" />
  <largest-consumer threadName="main" threadId="0000000000AEAF00" bytes="112013256" />
</allocation-stats>
<gc-op id="4485" type="scavenge" timems="2.318" contextid="4482" timestamp="2019-08-08T09:22:36.548">
  <scavenger-info tenureage="3" tenuremask="ffe8" tiltratio="90" />
  <memory-copied type="nursery" objects="246" bytes="7992" bytesdiscarded="48024" />
  <references type="weak" candidates="37" cleared="0" enqueued="0" />
</gc-op>
<gc-end id="4486" type="scavenge" contextid="4482" durationms="2.402" usertimems="3.194" systemtimems="0.000" timestamp="2019-08-08T09:22:36.548" activeThreads="16">
  <mem-info id="4487" free="113511216" total="144375808" percent="78">
    <mem type="nursery" free="112010496" total="124518400" percent="89">
      <mem type="allocate" free="112010496" total="112066560" percent="99" />
      <mem type="survivor" free="0" total="12451840" percent="0" />
    </mem>
    <mem type="tenure" free="1500720" total="19857408" percent="7" macro-fragmented="0">
      <mem type="soa" free="1303088" total="19659776" percent="6" />
      <mem type="loa" free="197632" total="197632" percent="100" />
    </mem>
    <remembered-set count="129" />
  </mem-info>
</gc-end>
<cycle-end id="4488" type="scavenge" contextid="4482" timestamp="2019-08-08T09:22:36.548" />
  <attribute name="elasticGC enabled" value="1" />
  <attribute name= "numThreadsSpecified" value="16" />
  <attribute name="heapSize specified" value="43057152" />
  <attribute name="Current GC Util" value="2" />
  <attribute name= "Current Time Running" value="147699" />
  <attribute name ="GC Interval" value="2497" />
  <attribute name="Target GC Util Change" value ="80.000000" />
  <attribute name="Current GC Util Change" value="2.000000"/>
  <attribute name="Current Error" value="273.000000" />
  <attribute name="Output H" value="144451808"/>
  <attribute name="Output I" value="2496"/>
  <attribute name="Output T" value="16"/>
  <attribute name= "Current Time Running" value="147699" />
  <attribute name="GC Util currently" value="2" />
  <attribute name="CPU Util currently" value="14513713406" />
<allocation-satisfied id="4489" threadId="0000000000AEAF00" bytesRequested="32" />
<af-end id="4490" timestamp="2019-08-08T09:22:36.548" threadId="0000000000AEB888" success="true" from="nursery"/>
<exclusive-end id="4491" timestamp="2019-08-08T09:22:36.548" durationms="2.607" />

<exclusive-start id="4492" timestamp="2019-08-08T09:22:36.583" intervalms="37.814">
  <response-info timems="0.019" idlems="0.019" threads="0" lastid="0000000000AEAF00" lastname="main" />
</exclusive-start>
<af-start id="4493" threadId="0000000000AEB888" totalBytesRequested="16" timestamp="2019-08-08T09:22:36.583" intervalms="37.814" type="nursery" />
<cycle-start id="4494" type="scavenge" contextid="0" timestamp="2019-08-08T09:22:36.583" intervalms="37.814" />
<gc-start id="4495" type="scavenge" contextid="4494" timestamp="2019-08-08T09:22:36.583">
  <mem-info id="4496" free="1500720" total="144375808" percent="1">
    <mem type="nursery" free="0" total="124518400" percent="0">
      <mem type="allocate" free="0" total="112066560" percent="0" />
      <mem type="survivor" free="0" total="12451840" percent="0" />
    </mem>
    <mem type="tenure" free="1500720" total="19857408" percent="7">
      <mem type="soa" free="1303088" total="19659776" percent="6" />
      <mem type="loa" free="197632" total="197632" percent="100" />
    </mem>
    <remembered-set count="131" />
  </mem-info>
</gc-start>
<allocation-stats totalBytes="111956696" >
  <allocated-bytes non-tlh="32" tlh="111956664" />
  <largest-consumer threadName="main" threadId="0000000000AEAF00" bytes="111956696" />
</allocation-stats>
<gc-op id="4497" type="scavenge" timems="1.580" contextid="4494" timestamp="2019-08-08T09:22:36.585">
  <scavenger-info tenureage="3" tenuremask="fff8" tiltratio="90" />
  <memory-copied type="nursery" objects="80" bytes="2760" bytesdiscarded="53304" />
  <references type="weak" candidates="37" cleared="7" enqueued="3" />
</gc-op>
<gc-end id="4498" type="scavenge" contextid="4494" durationms="1.665" usertimems="2.204" systemtimems="0.000" timestamp="2019-08-08T09:22:36.585" activeThreads="16">
  <mem-info id="4499" free="113511216" total="144375808" percent="78">
    <mem type="nursery" free="112010496" total="124518400" percent="89">
      <mem type="allocate" free="112010496" total="112066560" percent="99" />
      <mem type="survivor" free="0" total="12451840" percent="0" />
    </mem>
    <mem type="tenure" free="1500720" total="19857408" percent="7" macro-fragmented="0">
      <mem type="soa" free="1303088" total="19659776" percent="6" />
      <mem type="loa" free="197632" total="197632" percent="100" />
    </mem>
    <pending-finalizers system="0" default="0" reference="3" classloader="0" />
    <remembered-set count="121" />
  </mem-info>
</gc-end>
<cycle-end id="4500" type="scavenge" contextid="4494" timestamp="2019-08-08T09:22:36.585" />
  <attribute name="elasticGC enabled" value="1" />
  <attribute name= "numThreadsSpecified" value="16" />
  <attribute name="heapSize specified" value="43057152" />
  <attribute name="Current GC Util" value="8" />
  <attribute name= "Current Time Running" value="147737" />
  <attribute name ="GC Interval" value="2625" />
  <attribute name="Target GC Util Change" value ="80.000000" />
  <attribute name="Current GC Util Change" value="8.000000"/>
  <attribute name="Current Error" value="345.000000" />
  <attribute name="Output H" value="144451888"/>
  <attribute name="Output I" value="2624"/>
  <attribute name="Output T" value="16"/>
  <attribute name= "Current Time Running" value="147737" />
  <attribute name="GC Util currently" value="8" />
  <attribute name="CPU Util currently" value="30475702026" />
<allocation-satisfied id="4501" threadId="0000000000AEAF00" bytesRequested="16" />
<af-end id="4502" timestamp="2019-08-08T09:22:36.585" threadId="0000000000AEB888" success="true" from="nursery"/>
<exclusive-end id="4503" timestamp="2019-08-08T09:22:36.585" durationms="1.890" />

<exclusive-start id="4504" timestamp="2019-08-08T09:22:36.606" intervalms="22.350">
  <response-info timems="0.019" idlems="0.019" threads="0" lastid="0000000000AEAF00" lastname="main" />
</exclusive-start>
<af-start id="4505" threadId="0000000000AEB888" totalBytesRequested="16" timestamp="2019-08-08T09:22:36.606" intervalms="22.352" type="nursery" />
<cycle-start id="4506" type="scavenge" contextid="0" timestamp="2019-08-08T09:22:36.606" intervalms="22.354" />
<gc-start id="4507" type="scavenge" contextid="4506" timestamp="2019-08-08T09:22:36.606">
  <mem-info id="4508" free="1500720" total="144375808" percent="1">
    <mem type="nursery" free="0" total="124518400" percent="0">
      <mem type="allocate" free="0" total="112066560" percent="0" />
      <mem type="survivor" free="0" total="12451840" percent="0" />
    </mem>
    <mem type="tenure" free="1500720" total="19857408" percent="7">
      <mem type="soa" free="1303088" total="19659776" percent="6" />
      <mem type="loa" free="197632" total="197632" percent="100" />
    </mem>
    <remembered-set count="122" />
  </mem-info>
</gc-start>
<allocation-stats totalBytes="111953632" >
  <allocated-bytes non-tlh="16" tlh="111953616" />
  <largest-consumer threadName="main" threadId="0000000000AEAF00" bytes="111953632" />
</allocation-stats>
<gc-op id="4509" type="scavenge" timems="0.892" contextid="4506" timestamp="2019-08-08T09:22:36.607">
  <scavenger-info tenureage="3" tenuremask="fff8" tiltratio="90" />
  <memory-copied type="nursery" objects="81" bytes="2856" bytesdiscarded="53208" />
  <references type="weak" candidates="30" cleared="0" enqueued="0" />
</gc-op>
<gc-end id="4510" type="scavenge" contextid="4506" durationms="0.975" usertimems="1.543" systemtimems="0.000" timestamp="2019-08-08T09:22:36.607" activeThreads="16">
  <mem-info id="4511" free="113511216" total="144375808" percent="78">
    <mem type="nursery" free="112010496" total="124518400" percent="89">
      <mem type="allocate" free="112010496" total="112066560" percent="99" />
      <mem type="survivor" free="0" total="12451840" percent="0" />
    </mem>
    <mem type="tenure" free="1500720" total="19857408" percent="7" macro-fragmented="0">
      <mem type="soa" free="1303088" total="19659776" percent="6" />
      <mem type="loa" free="197632" total="197632" percent="100" />
    </mem>
    <remembered-set count="122" />
  </mem-info>
</gc-end>
<cycle-end id="4512" type="scavenge" contextid="4506" timestamp="2019-08-08T09:22:36.607" />
  <attribute name="elasticGC enabled" value="1" />
  <attribute name= "numThreadsSpecified" value="16" />
  <attribute name="heapSize specified" value="43057152" />
  <attribute name="Current GC Util" value="10" />
  <attribute name= "Current Time Running" value="147759" />
  <attribute name ="GC Interval" value="2753" />
  <attribute name="Target GC Util Change" value ="80.000000" />
  <attribute name="Current GC Util Change" value="10.000000"/>
  <attribute name="Current Error" value="415.000000" />
  <attribute name="Output H" value="144451968"/>
  <attribute name="Output I" value="2752"/>
  <attribute name="Output T" value="16"/>
  <attribute name= "Current Time Running" value="147759" />
  <attribute name="GC Util currently" value="10" />
  <attribute name="CPU Util currently" value="51440004083" />
<allocation-satisfied id="4513" threadId="0000000000AEAF00" bytesRequested="16" />
<af-end id="4514" timestamp="2019-08-08T09:22:36.607" threadId="0000000000AEB888" success="true" from="nursery"/>
<exclusive-end id="4515" timestamp="2019-08-08T09:22:36.607" durationms="1.198" />

<exclusive-start id="4516" timestamp="2019-08-08T09:22:36.630" intervalms="24.391">
  <response-info timems="0.017" idlems="0.017" threads="0" lastid="0000000000AEAF00" lastname="main" />
</exclusive-start>
<af-start id="4517" threadId="0000000000AEB888" totalBytesRequested="40" timestamp="2019-08-08T09:22:36.630" intervalms="24.392" type="nursery" />
<cycle-start id="4518" type="scavenge" contextid="0" timestamp="2019-08-08T09:22:36.630" intervalms="24.391" />
<gc-start id="4519" type="scavenge" contextid="4518" timestamp="2019-08-08T09:22:36.630">
  <mem-info id="4520" free="1500720" total="144375808" percent="1">
    <mem type="nursery" free="0" total="124518400" percent="0">
      <mem type="allocate" free="0" total="112066560" percent="0" />
      <mem type="survivor" free="0" total="12451840" percent="0" />
    </mem>
    <mem type="tenure" free="1500720" total="19857408" percent="7">
      <mem type="soa" free="1303088" total="19659776" percent="6" />
      <mem type="loa" free="197632" total="197632" percent="100" />
    </mem>
    <remembered-set count="124" />
  </mem-info>
</gc-start>
<allocation-stats totalBytes="111917752" >
  <allocated-bytes non-tlh="16" tlh="111917736" />
  <largest-consumer threadName="main" threadId="0000000000AEAF00" bytes="111917752" />
</allocation-stats>
<gc-op id="4521" type="scavenge" timems="0.655" contextid="4518" timestamp="2019-08-08T09:22:36.631">
  <scavenger-info tenureage="3" tenuremask="fff8" tiltratio="90" />
  <memory-copied type="nursery" objects="28" bytes="1000" bytesdiscarded="38936" />
  <memory-copied type="tenure" objects="56" bytes="1616" bytesdiscarded="344" />
</gc-op>
<gc-end id="4522" type="scavenge" contextid="4518" durationms="0.778" usertimems="1.105" systemtimems="0.000" timestamp="2019-08-08T09:22:36.631" activeThreads="16">
  <mem-info id="4523" free="113527344" total="144375808" percent="78">
    <mem type="nursery" free="112026624" total="124518400" percent="89">
      <mem type="allocate" free="112026624" total="112066560" percent="99" />
      <mem type="survivor" free="0" total="12451840" percent="0" />
    </mem>
    <mem type="tenure" free="1500720" total="19857408" percent="7" macro-fragmented="0">
      <mem type="soa" free="1303088" total="19659776" percent="6" />
      <mem type="loa" free="197632" total="197632" percent="100" />
    </mem>
    <remembered-set count="114" />
  </mem-info>
</gc-end>
<cycle-end id="4524" type="scavenge" contextid="4518" timestamp="2019-08-08T09:22:36.631" />
  <attribute name="elasticGC enabled" value="1" />
  <attribute name= "numThreadsSpecified" value="16" />
  <attribute name="heapSize specified" value="43057152" />
  <attribute name="Current GC Util" value="6" />
  <attribute name= "Current Time Running" value="147784" />
  <attribute name ="GC Interval" value="2145" />
  <attribute name="Target GC Util Change" value ="80.000000" />
  <attribute name="Current GC Util Change" value="6.000000"/>
  <attribute name="Current Error" value="74.000000" />
  <attribute name="Output H" value="144451576"/>
  <attribute name="Output I" value="2144"/>
  <attribute name="Output T" value="16"/>
  <attribute name= "Current Time Running" value="147784" />
  <attribute name="GC Util currently" value="6" />
  <attribute name="CPU Util currently" value="47394946874" />
<allocation-satisfied id="4525" threadId="0000000000AEAF00" bytesRequested="40" />
<af-end id="4526" timestamp="2019-08-08T09:22:36.631" threadId="0000000000AEB888" success="true" from="nursery"/>
<exclusive-end id="4527" timestamp="2019-08-08T09:22:36.631" durationms="0.986" />

<exclusive-start id="4528" timestamp="2019-08-08T09:22:36.847" intervalms="216.939">
  <response-info timems="0.021" idlems="0.021" threads="0" lastid="0000000000AEAF00" lastname="main" />
</exclusive-start>
<af-start id="4529" threadId="0000000000AEB888" totalBytesRequested="11768" timestamp="2019-08-08T09:22:36.847" intervalms="216.956" type="nursery" />
<cycle-start id="4530" type="scavenge" contextid="0" timestamp="2019-08-08T09:22:36.847" intervalms="216.962" />
<gc-start id="4531" type="scavenge" contextid="4530" timestamp="2019-08-08T09:22:36.847">
  <mem-info id="4532" free="1500720" total="144375808" percent="1">
    <mem type="nursery" free="0" total="124518400" percent="0">
      <mem type="allocate" free="0" total="112066560" percent="0" />
      <mem type="survivor" free="0" total="12451840" percent="0" />
    </mem>
    <mem type="tenure" free="1500720" total="19857408" percent="7">
      <mem type="soa" free="1303088" total="19659776" percent="6" />
      <mem type="loa" free="197632" total="197632" percent="100" />
    </mem>
    <remembered-set count="128" />
  </mem-info>
</gc-start>
<allocation-stats totalBytes="110493168" >
  <allocated-bytes non-tlh="40" tlh="110493128" />
  <largest-consumer threadName="main" threadId="0000000000AEAF00" bytes="110493168" />
</allocation-stats>
<gc-op id="4533" type="scavenge" timems="0.864" contextid="4530" timestamp="2019-08-08T09:22:36.848">
  <scavenger-info tenureage="5" tenuremask="ffe0" tiltratio="90" />
  <memory-copied type="nursery" objects="85" bytes="16168" bytesdiscarded="16088" />
</gc-op>
<gc-end id="4534" type="scavenge" contextid="4530" durationms="0.948" usertimems="1.362" systemtimems="0.000" timestamp="2019-08-08T09:22:36.848" activeThreads="16">
  <mem-info id="4535" free="113535024" total="144375808" percent="78">
    <mem type="nursery" free="112034304" total="124518400" percent="89">
      <mem type="allocate" free="112034304" total="112066560" percent="99" />
      <mem type="survivor" free="0" total="12451840" percent="0" />
    </mem>
    <mem type="tenure" free="1500720" total="19857408" percent="7" macro-fragmented="0">
      <mem type="soa" free="1303088" total="19659776" percent="6" />
      <mem type="loa" free="197632" total="197632" percent="100" />
    </mem>
    <remembered-set count="128" />
  </mem-info>
</gc-end>
<cycle-end id="4536" type="scavenge" contextid="4530" timestamp="2019-08-08T09:22:36.848" />
  <attribute name="elasticGC enabled" value="1" />
  <attribute name= "numThreadsSpecified" value="16" />
  <attribute name="heapSize specified" value="43057152" />
  <attribute name="Current GC Util" value="0" />
  <attribute name= "Current Time Running" value="148001" />
  <attribute name ="GC Interval" value="2289" />
  <attribute name="Target GC Util Change" value ="80.000000" />
  <attribute name="Current GC Util Change" value="0.000000"/>
  <attribute name="Current Error" value="154.000000" />
  <attribute name="Output H" value="144451672"/>
  <attribute name="Output I" value="2288"/>
  <attribute name="Output T" value="16"/>
  <attribute name= "Current Time Running" value="148001" />
  <attribute name="GC Util currently" value="0" />
  <attribute name="CPU Util currently" value="5313705119" />
<allocation-satisfied id="4537" threadId="0000000000AEAF00" bytesRequested="11768" />
<af-end id="4538" timestamp="2019-08-08T09:22:36.848" threadId="0000000000AEB888" success="true" from="nursery"/>
<exclusive-end id="4539" timestamp="2019-08-08T09:22:36.848" durationms="1.220" />

<exclusive-start id="4540" timestamp="2019-08-08T09:22:37.028" intervalms="181.412">
  <response-info timems="0.012" idlems="0.012" threads="0" lastid="0000000000AEAF00" lastname="main" />
</exclusive-start>
<af-start id="4541" threadId="0000000000AEB888" totalBytesRequested="80" timestamp="2019-08-08T09:22:37.028" intervalms="181.386" type="nursery" />
<cycle-start id="4542" type="scavenge" contextid="0" timestamp="2019-08-08T09:22:37.028" intervalms="181.377" />
<gc-start id="4543" type="scavenge" contextid="4542" timestamp="2019-08-08T09:22:37.028">
  <mem-info id="4544" free="1500720" total="144375808" percent="1">
    <mem type="nursery" free="0" total="124518400" percent="0">
      <mem type="allocate" free="0" total="112066560" percent="0" />
      <mem type="survivor" free="0" total="12451840" percent="0" />
    </mem>
    <mem type="tenure" free="1500720" total="19857408" percent="7">
      <mem type="soa" free="1303088" total="19659776" percent="6" />
      <mem type="loa" free="197632" total="197632" percent="100" />
    </mem>
    <remembered-set count="142" />
  </mem-info>
</gc-start>
<allocation-stats totalBytes="112021560" >
  <allocated-bytes non-tlh="11768" tlh="112009792" />
  <largest-consumer threadName="main" threadId="0000000000AEAF00" bytes="112021560" />
</allocation-stats>
<gc-op id="4545" type="scavenge" timems="2.743" contextid="4542" timestamp="2019-08-08T09:22:37.031">
  <scavenger-info tenureage="3" tenuremask="fff8" tiltratio="90" />
  <memory-copied type="nursery" objects="120" bytes="3360" bytesdiscarded="12768" />
  <memory-copied type="tenure" objects="6" bytes="144" bytesdiscarded="0" />
</gc-op>
<gc-end id="4546" type="scavenge" contextid="4542" durationms="2.824" usertimems="4.559" systemtimems="0.000" timestamp="2019-08-08T09:22:37.031" activeThreads="16">
  <mem-info id="4547" free="113535024" total="144375808" percent="78">
    <mem type="nursery" free="112050432" total="124518400" percent="89">
      <mem type="allocate" free="112050432" total="112066560" percent="99" />
      <mem type="survivor" free="0" total="12451840" percent="0" />
    </mem>
    <mem type="tenure" free="1484592" total="19857408" percent="7" macro-fragmented="0">
      <mem type="soa" free="1286960" total="19659776" percent="6" />
      <mem type="loa" free="197632" total="197632" percent="100" />
    </mem>
    <remembered-set count="140" />
  </mem-info>
</gc-end>
<cycle-end id="4548" type="scavenge" contextid="4542" timestamp="2019-08-08T09:22:37.031" />
  <attribute name="elasticGC enabled" value="1" />
  <attribute name= "numThreadsSpecified" value="16" />
  <attribute name="heapSize specified" value="43057152" />
  <attribute name="Current GC Util" value="0" />
  <attribute name= "Current Time Running" value="148182" />
  <attribute name ="GC Interval" value="2433" />
  <attribute name="Target GC Util Change" value ="80.000000" />
  <attribute name="Current GC Util Change" value="0.000000"/>
  <attribute name="Current Error" value="234.000000" />
  <attribute name="Output H" value="144451760"/>
  <attribute name="Output I" value="2432"/>
  <attribute name="Output T" value="16"/>
  <attribute name= "Current Time Running" value="148182" />
  <attribute name="GC Util currently" value="0" />
  <attribute name="CPU Util currently" value="6357687573" />
<allocation-satisfied id="4549" threadId="0000000000AEAF00" bytesRequested="80" />
<af-end id="4550" timestamp="2019-08-08T09:22:37.031" threadId="0000000000AEB888" success="true" from="nursery"/>
<exclusive-end id="4551" timestamp="2019-08-08T09:22:37.031" durationms="3.022" />

<exclusive-start id="4552" timestamp="2019-08-08T09:22:37.141" intervalms="112.876">
  <response-info timems="0.014" idlems="0.014" threads="0" lastid="0000000000AEAF00" lastname="main" />
</exclusive-start>
<af-start id="4553" threadId="0000000000AEB888" totalBytesRequested="40" timestamp="2019-08-08T09:22:37.141" intervalms="112.882" type="nursery" />
<cycle-start id="4554" type="scavenge" contextid="0" timestamp="2019-08-08T09:22:37.141" intervalms="112.885" />
<gc-start id="4555" type="scavenge" contextid="4554" timestamp="2019-08-08T09:22:37.141">
  <mem-info id="4556" free="1484592" total="144375808" percent="1">
    <mem type="nursery" free="0" total="124518400" percent="0">
      <mem type="allocate" free="0" total="112066560" percent="0" />
      <mem type="survivor" free="0" total="12451840" percent="0" />
    </mem>
    <mem type="tenure" free="1484592" total="19857408" percent="7">
      <mem type="soa" free="1286960" total="19659776" percent="6" />
      <mem type="loa" free="197632" total="197632" percent="100" />
    </mem>
    <remembered-set count="146" />
  </mem-info>
</gc-start>
<allocation-stats totalBytes="112022536" >
  <allocated-bytes non-tlh="80" tlh="112022456" />
  <largest-consumer threadName="main" threadId="0000000000AEAF00" bytes="112022536" />
</allocation-stats>
<gc-op id="4557" type="scavenge" timems="2.007" contextid="4554" timestamp="2019-08-08T09:22:37.143">
  <scavenger-info tenureage="3" tenuremask="ffd8" tiltratio="90" />
  <memory-copied type="nursery" objects="117" bytes="3104" bytesdiscarded="29152" />
  <memory-copied type="tenure" objects="6" bytes="144" bytesdiscarded="0" />
</gc-op>
<gc-end id="4558" type="scavenge" contextid="4554" durationms="2.089" usertimems="3.896" systemtimems="0.000" timestamp="2019-08-08T09:22:37.143" activeThreads="16">
  <mem-info id="4559" free="113518896" total="144375808" percent="78">
    <mem type="nursery" free="112034304" total="124518400" percent="89">
      <mem type="allocate" free="112034304" total="112066560" percent="99" />
      <mem type="survivor" free="0" total="12451840" percent="0" />
    </mem>
    <mem type="tenure" free="1484592" total="19857408" percent="7" macro-fragmented="0">
      <mem type="soa" free="1286960" total="19659776" percent="6" />
      <mem type="loa" free="197632" total="197632" percent="100" />
    </mem>
    <remembered-set count="144" />
  </mem-info>
</gc-end>
<cycle-end id="4560" type="scavenge" contextid="4554" timestamp="2019-08-08T09:22:37.143" />
  <attribute name="elasticGC enabled" value="1" />
  <attribute name= "numThreadsSpecified" value="16" />
  <attribute name="heapSize specified" value="43057152" />
  <attribute name="Current GC Util" value="4" />
  <attribute name= "Current Time Running" value="148295" />
  <attribute name ="GC Interval" value="2569" />
  <attribute name="Target GC Util Change" value ="80.000000" />
  <attribute name="Current GC Util Change" value="4.000000"/>
  <attribute name="Current Error" value="310.000000" />
  <attribute name="Output H" value="144451848"/>
  <attribute name="Output I" value="2568"/>
  <attribute name="Output T" value="16"/>
  <attribute name= "Current Time Running" value="148295" />
  <attribute name="GC Util currently" value="4" />
  <attribute name="CPU Util currently" value="10212037679" />
<allocation-satisfied id="4561" threadId="0000000000AEAF00" bytesRequested="40" />
<af-end id="4562" timestamp="2019-08-08T09:22:37.144" threadId="0000000000AEB888" success="true" from="nursery"/>
<exclusive-end id="4563" timestamp="2019-08-08T09:22:37.144" durationms="2.379" />

<exclusive-start id="4564" timestamp="2019-08-08T09:22:37.264" intervalms="122.877">
  <response-info timems="0.012" idlems="0.012" threads="0" lastid="0000000000AEAF00" lastname="main" />
</exclusive-start>
<af-start id="4565" threadId="0000000000AEB888" totalBytesRequested="24" timestamp="2019-08-08T09:22:37.264" intervalms="122.878" type="nursery" />
<cycle-start id="4566" type="scavenge" contextid="0" timestamp="2019-08-08T09:22:37.264" intervalms="122.888" />
<gc-start id="4567" type="scavenge" contextid="4566" timestamp="2019-08-08T09:22:37.264">
  <mem-info id="4568" free="1484592" total="144375808" percent="1">
    <mem type="nursery" free="0" total="124518400" percent="0">
      <mem type="allocate" free="0" total="112066560" percent="0" />
      <mem type="survivor" free="0" total="12451840" percent="0" />
    </mem>
    <mem type="tenure" free="1484592" total="19857408" percent="7">
      <mem type="soa" free="1286960" total="19659776" percent="6" />
      <mem type="loa" free="197632" total="197632" percent="100" />
    </mem>
    <remembered-set count="150" />
  </mem-info>
</gc-start>
<allocation-stats totalBytes="112023240" >
  <allocated-bytes non-tlh="40" tlh="112023200" />
  <largest-consumer threadName="main" threadId="0000000000AEAF00" bytes="112023240" />
</allocation-stats>
<gc-op id="4569" type="scavenge" timems="2.875" contextid="4566" timestamp="2019-08-08T09:22:37.267">
  <scavenger-info tenureage="3" tenuremask="ffe8" tiltratio="90" />
  <memory-copied type="nursery" objects="92" bytes="2616" bytesdiscarded="29640" />
  <memory-copied type="tenure" objects="42" bytes="1008" bytesdiscarded="0" />
</gc-op>
<gc-end id="4570" type="scavenge" contextid="4566" durationms="3.145" usertimems="5.101" systemtimems="0.000" timestamp="2019-08-08T09:22:37.267" activeThreads="16">
  <mem-info id="4571" free="113518896" total="144375808" percent="78">
    <mem type="nursery" free="112034304" total="124518400" percent="89">
      <mem type="allocate" free="112034304" total="112066560" percent="99" />
      <mem type="survivor" free="0" total="12451840" percent="0" />
    </mem>
    <mem type="tenure" free="1484592" total="19857408" percent="7" macro-fragmented="0">
      <mem type="soa" free="1286960" total="19659776" percent="6" />
      <mem type="loa" free="197632" total="197632" percent="100" />
    </mem>
    <remembered-set count="136" />
  </mem-info>
</gc-end>
<cycle-end id="4572" type="scavenge" contextid="4566" timestamp="2019-08-08T09:22:37.267" />
  <attribute name="elasticGC enabled" value="1" />
  <attribute name= "numThreadsSpecified" value="16" />
  <attribute name="heapSize specified" value="43057152" />
  <attribute name="Current GC Util" value="3" />
  <attribute name= "Current Time Running" value="148418" />
  <attribute name ="GC Interval" value="2705" />
  <attribute name="Target GC Util Change" value ="80.000000" />
  <attribute name="Current GC Util Change" value="3.000000"/>
  <attribute name="Current Error" value="387.000000" />
  <attribute name="Output H" value="144451936"/>
  <attribute name="Output I" value="2704"/>
  <attribute name="Output T" value="16"/>
  <attribute name= "Current Time Running" value="148418" />
  <attribute name="GC Util currently" value="3" />
  <attribute name="CPU Util currently" value="9381539251" />
<allocation-satisfied id="4573" threadId="0000000000AEAF00" bytesRequested="24" />
<af-end id="4574" timestamp="2019-08-08T09:22:37.267" threadId="0000000000AEB888" success="true" from="nursery"/>
<exclusive-end id="4575" timestamp="2019-08-08T09:22:37.267" durationms="3.361" />

<exclusive-start id="4576" timestamp="2019-08-08T09:22:37.430" intervalms="165.629">
  <response-info timems="0.020" idlems="0.020" threads="0" lastid="0000000000AEAF00" lastname="main" />
</exclusive-start>
<af-start id="4577" threadId="0000000000AEB888" totalBytesRequested="32" timestamp="2019-08-08T09:22:37.430" intervalms="165.635" type="nursery" />
<cycle-start id="4578" type="scavenge" contextid="0" timestamp="2019-08-08T09:22:37.430" intervalms="165.630" />
<gc-start id="4579" type="scavenge" contextid="4578" timestamp="2019-08-08T09:22:37.430">
  <mem-info id="4580" free="1484592" total="144375808" percent="1">
    <mem type="nursery" free="0" total="124518400" percent="0">
      <mem type="allocate" free="0" total="112066560" percent="0" />
      <mem type="survivor" free="0" total="12451840" percent="0" />
    </mem>
    <mem type="tenure" free="1484592" total="19857408" percent="7">
      <mem type="soa" free="1286960" total="19659776" percent="6" />
      <mem type="loa" free="197632" total="197632" percent="100" />
    </mem>
    <remembered-set count="148" />
  </mem-info>
</gc-start>
<allocation-stats totalBytes="112026176" >
  <allocated-bytes non-tlh="24" tlh="112026152" />
  <largest-consumer threadName="main" threadId="0000000000AEAF00" bytes="112026176" />
</allocation-stats>
<gc-op id="4581" type="scavenge" timems="0.634" contextid="4578" timestamp="2019-08-08T09:22:37.430">
  <scavenger-info tenureage="3" tenuremask="ffe8" tiltratio="90" />
  <memory-copied type="nursery" objects="98" bytes="2552" bytesdiscarded="29704" />
  <memory-copied type="tenure" objects="34" bytes="888" bytesdiscarded="0" />
</gc-op>
<gc-end id="4582" type="scavenge" contextid="4578" durationms="0.961" usertimems="1.723" systemtimems="0.000" timestamp="2019-08-08T09:22:37.431" activeThreads="16">
  <mem-info id="4583" free="113518896" total="144375808" percent="78">
    <mem type="nursery" free="112034304" total="124518400" percent="89">
      <mem type="allocate" free="112034304" total="112066560" percent="99" />
      <mem type="survivor" free="0" total="12451840" percent="0" />
    </mem>
    <mem type="tenure" free="1484592" total="19857408" percent="7" macro-fragmented="0">
      <mem type="soa" free="1286960" total="19659776" percent="6" />
      <mem type="loa" free="197632" total="197632" percent="100" />
    </mem>
    <remembered-set count="135" />
  </mem-info>
</gc-end>
<cycle-end id="4584" type="scavenge" contextid="4578" timestamp="2019-08-08T09:22:37.431" />
  <attribute name="elasticGC enabled" value="1" />
  <attribute name= "numThreadsSpecified" value="16" />
  <attribute name="heapSize specified" value="43057152" />
  <attribute name="Current GC Util" value="3" />
  <attribute name= "Current Time Running" value="148583" />
  <attribute name ="GC Interval" value="2841" />
  <attribute name="Target GC Util Change" value ="80.000000" />
  <attribute name="Current GC Util Change" value="3.000000"/>
  <attribute name="Current Error" value="464.000000" />
  <attribute name="Output H" value="144452024"/>
  <attribute name="Output I" value="2840"/>
  <attribute name="Output T" value="16"/>
  <attribute name= "Current Time Running" value="148583" />
  <attribute name="GC Util currently" value="3" />
  <attribute name="CPU Util currently" value="6958464910" />
<allocation-satisfied id="4585" threadId="0000000000AEAF00" bytesRequested="32" />
<af-end id="4586" timestamp="2019-08-08T09:22:37.431" threadId="0000000000AEB888" success="true" from="nursery"/>
<exclusive-end id="4587" timestamp="2019-08-08T09:22:37.431" durationms="1.226" />

<exclusive-start id="4588" timestamp="2019-08-08T09:22:37.568" intervalms="138.155">
  <response-info timems="0.023" idlems="0.023" threads="0" lastid="0000000000AEAF00" lastname="main" />
</exclusive-start>
<af-start id="4589" threadId="0000000000AEB888" totalBytesRequested="112" timestamp="2019-08-08T09:22:37.568" intervalms="138.173" type="nursery" />
<cycle-start id="4590" type="scavenge" contextid="0" timestamp="2019-08-08T09:22:37.568" intervalms="138.174" />
<gc-start id="4591" type="scavenge" contextid="4590" timestamp="2019-08-08T09:22:37.568">
  <mem-info id="4592" free="1484592" total="144375808" percent="1">
    <mem type="nursery" free="0" total="124518400" percent="0">
      <mem type="allocate" free="0" total="112066560" percent="0" />
      <mem type="survivor" free="0" total="12451840" percent="0" />
    </mem>
    <mem type="tenure" free="1484592" total="19857408" percent="7">
      <mem type="soa" free="1286960" total="19659776" percent="6" />
      <mem type="loa" free="197632" total="197632" percent="100" />
    </mem>
    <remembered-set count="143" />
  </mem-info>
</gc-start>
<allocation-stats totalBytes="112010800" >
  <allocated-bytes non-tlh="32" tlh="112010768" />
  <largest-consumer threadName="main" threadId="0000000000AEAF00" bytes="112010800" />
</allocation-stats>
<gc-op id="4593" type="scavenge" timems="0.676" contextid="4590" timestamp="2019-08-08T09:22:37.569">
  <scavenger-info tenureage="3" tenuremask="ffe8" tiltratio="90" />
  <memory-copied type="nursery" objects="109" bytes="3616" bytesdiscarded="28640" />
  <memory-copied type="tenure" objects="19" bytes="480" bytesdiscarded="0" />
</gc-op>
<gc-end id="4594" type="scavenge" contextid="4590" durationms="1.102" usertimems="1.814" systemtimems="0.000" timestamp="2019-08-08T09:22:37.569" activeThreads="16">
  <mem-info id="4595" free="113518896" total="144375808" percent="78">
    <mem type="nursery" free="112034304" total="124518400" percent="89">
      <mem type="allocate" free="112034304" total="112066560" percent="99" />
      <mem type="survivor" free="0" total="12451840" percent="0" />
    </mem>
    <mem type="tenure" free="1484592" total="19857408" percent="7" macro-fragmented="0">
      <mem type="soa" free="1286960" total="19659776" percent="6" />
      <mem type="loa" free="197632" total="197632" percent="100" />
    </mem>
    <remembered-set count="136" />
  </mem-info>
</gc-end>
<cycle-end id="4596" type="scavenge" contextid="4590" timestamp="2019-08-08T09:22:37.569" />
  <attribute name="elasticGC enabled" value="1" />
  <attribute name= "numThreadsSpecified" value="16" />
  <attribute name="heapSize specified" value="43057152" />
  <attribute name="Current GC Util" value="1" />
  <attribute name= "Current Time Running" value="148722" />
  <attribute name ="GC Interval" value="2153" />
  <attribute name="Target GC Util Change" value ="80.000000" />
  <attribute name="Current GC Util Change" value="1.000000"/>
  <attribute name="Current Error" value="79.000000" />
  <attribute name="Output H" value="144451584"/>
  <attribute name="Output I" value="2152"/>
  <attribute name="Output T" value="16"/>
  <attribute name= "Current Time Running" value="148722" />
  <attribute name="GC Util currently" value="1" />
  <attribute name="CPU Util currently" value="8346171804" />
<allocation-satisfied id="4597" threadId="0000000000AEAF00" bytesRequested="112" />
<af-end id="4598" timestamp="2019-08-08T09:22:37.569" threadId="0000000000AEB888" success="true" from="nursery"/>
<exclusive-end id="4599" timestamp="2019-08-08T09:22:37.569" durationms="1.387" />

<exclusive-start id="4600" timestamp="2019-08-08T09:22:37.654" intervalms="86.621">
  <response-info timems="0.021" idlems="0.021" threads="0" lastid="0000000000AEAF00" lastname="main" />
</exclusive-start>
<af-start id="4601" threadId="0000000000AEB888" totalBytesRequested="584" timestamp="2019-08-08T09:22:37.654" intervalms="86.602" type="nursery" />
<cycle-start id="4602" type="scavenge" contextid="0" timestamp="2019-08-08T09:22:37.654" intervalms="86.599" />
<gc-start id="4603" type="scavenge" contextid="4602" timestamp="2019-08-08T09:22:37.655">
  <mem-info id="4604" free="1484592" total="144375808" percent="1">
    <mem type="nursery" free="0" total="124518400" percent="0">
      <mem type="allocate" free="0" total="112066560" percent="0" />
      <mem type="survivor" free="0" total="12451840" percent="0" />
    </mem>
    <mem type="tenure" free="1484592" total="19857408" percent="7">
      <mem type="soa" free="1286960" total="19659776" percent="6" />
      <mem type="loa" free="197632" total="197632" percent="100" />
    </mem>
    <remembered-set count="140" />
  </mem-info>
</gc-start>
<allocation-stats totalBytes="111958312" >
  <allocated-bytes non-tlh="112" tlh="111958200" />
  <largest-consumer threadName="main" threadId="0000000000AEAF00" bytes="111958312" />
</allocation-stats>
<gc-op id="4605" type="scavenge" timems="0.658" contextid="4602" timestamp="2019-08-08T09:22:37.655">
  <scavenger-info tenureage="3" tenuremask="ffe8" tiltratio="90" />
  <memory-copied type="nursery" objects="90" bytes="2864" bytesdiscarded="29392" />
  <memory-copied type="tenure" objects="18" bytes="432" bytesdiscarded="0" />
</gc-op>
<gc-end id="4606" type="scavenge" contextid="4602" durationms="0.911" usertimems="1.476" systemtimems="0.000" timestamp="2019-08-08T09:22:37.655" activeThreads="16">
  <mem-info id="4607" free="113518896" total="144375808" percent="78">
    <mem type="nursery" free="112034304" total="124518400" percent="89">
      <mem type="allocate" free="112034304" total="112066560" percent="99" />
      <mem type="survivor" free="0" total="12451840" percent="0" />
    </mem>
    <mem type="tenure" free="1484592" total="19857408" percent="7" macro-fragmented="0">
      <mem type="soa" free="1286960" total="19659776" percent="6" />
      <mem type="loa" free="197632" total="197632" percent="100" />
    </mem>
    <remembered-set count="134" />
  </mem-info>
</gc-end>
<cycle-end id="4608" type="scavenge" contextid="4602" timestamp="2019-08-08T09:22:37.656" />
  <attribute name="elasticGC enabled" value="1" />
  <attribute name= "numThreadsSpecified" value="16" />
  <attribute name="heapSize specified" value="43057152" />
  <attribute name="Current GC Util" value="1" />
  <attribute name= "Current Time Running" value="148808" />
  <attribute name ="GC Interval" value="2297" />
  <attribute name="Target GC Util Change" value ="80.000000" />
  <attribute name="Current GC Util Change" value="1.000000"/>
  <attribute name="Current Error" value="158.000000" />
  <attribute name="Output H" value="144451672"/>
  <attribute name="Output I" value="2296"/>
  <attribute name="Output T" value="16"/>
  <attribute name= "Current Time Running" value="148808" />
  <attribute name="GC Util currently" value="1" />
  <attribute name="CPU Util currently" value="13317081022" />
<allocation-satisfied id="4609" threadId="0000000000AEAF00" bytesRequested="584" />
<af-end id="4610" timestamp="2019-08-08T09:22:37.656" threadId="0000000000AEB888" success="true" from="nursery"/>
<exclusive-end id="4611" timestamp="2019-08-08T09:22:37.656" durationms="1.151" />

<exclusive-start id="4612" timestamp="2019-08-08T09:22:37.671" intervalms="16.088">
  <response-info timems="0.022" idlems="0.022" threads="0" lastid="0000000000AEAF00" lastname="main" />
</exclusive-start>
<af-start id="4613" threadId="0000000000AEB888" totalBytesRequested="32" timestamp="2019-08-08T09:22:37.671" intervalms="16.086" type="nursery" />
<cycle-start id="4614" type="scavenge" contextid="0" timestamp="2019-08-08T09:22:37.671" intervalms="16.084" />
<gc-start id="4615" type="scavenge" contextid="4614" timestamp="2019-08-08T09:22:37.671">
  <mem-info id="4616" free="1484592" total="144375808" percent="1">
    <mem type="nursery" free="0" total="124518400" percent="0">
      <mem type="allocate" free="0" total="112066560" percent="0" />
      <mem type="survivor" free="0" total="12451840" percent="0" />
    </mem>
    <mem type="tenure" free="1484592" total="19857408" percent="7">
      <mem type="soa" free="1286960" total="19659776" percent="6" />
      <mem type="loa" free="197632" total="197632" percent="100" />
    </mem>
    <remembered-set count="134" />
  </mem-info>
</gc-start>
<allocation-stats totalBytes="111835568" >
  <allocated-bytes non-tlh="584" tlh="111834984" />
  <largest-consumer threadName="main" threadId="0000000000AEAF00" bytes="111835568" />
</allocation-stats>
<gc-op id="4617" type="scavenge" timems="0.586" contextid="4614" timestamp="2019-08-08T09:22:37.671">
  <scavenger-info tenureage="3" tenuremask="ffe8" tiltratio="90" />
  <memory-copied type="nursery" objects="55" bytes="2488" bytesdiscarded="29768" />
  <memory-copied type="tenure" objects="36" bytes="864" bytesdiscarded="0" />
</gc-op>
<gc-end id="4618" type="scavenge" contextid="4614" durationms="0.856" usertimems="1.225" systemtimems="0.000" timestamp="2019-08-08T09:22:37.671" activeThreads="16">
  <mem-info id="4619" free="113518896" total="144375808" percent="78">
    <mem type="nursery" free="112034304" total="124518400" percent="89">
      <mem type="allocate" free="112034304" total="112066560" percent="99" />
      <mem type="survivor" free="0" total="12451840" percent="0" />
    </mem>
    <mem type="tenure" free="1484592" total="19857408" percent="7" macro-fragmented="0">
      <mem type="soa" free="1286960" total="19659776" percent="6" />
      <mem type="loa" free="197632" total="197632" percent="100" />
    </mem>
    <remembered-set count="122" />
  </mem-info>
</gc-end>
<cycle-end id="4620" type="scavenge" contextid="4614" timestamp="2019-08-08T09:22:37.672" />
  <attribute name="elasticGC enabled" value="1" />
  <attribute name= "numThreadsSpecified" value="16" />
  <attribute name="heapSize specified" value="43057152" />
  <attribute name="Current GC Util" value="8" />
  <attribute name= "Current Time Running" value="148824" />
  <attribute name ="GC Interval" value="2425" />
  <attribute name="Target GC Util Change" value ="80.000000" />
  <attribute name="Current GC Util Change" value="8.000000"/>
  <attribute name="Current Error" value="230.000000" />
  <attribute name="Output H" value="144451760"/>
  <attribute name="Output I" value="2424"/>
  <attribute name="Output T" value="16"/>
  <attribute name= "Current Time Running" value="148824" />
  <attribute name="GC Util currently" value="8" />
  <attribute name="CPU Util currently" value="71633085112" />
<allocation-satisfied id="4621" threadId="0000000000AEAF00" bytesRequested="32" />
<af-end id="4622" timestamp="2019-08-08T09:22:37.672" threadId="0000000000AEB888" success="true" from="nursery"/>
<exclusive-end id="4623" timestamp="2019-08-08T09:22:37.672" durationms="1.082" />

<exclusive-start id="4624" timestamp="2019-08-08T09:22:37.794" intervalms="123.865">
  <response-info timems="0.019" idlems="0.019" threads="0" lastid="0000000000AEAF00" lastname="main" />
</exclusive-start>
<af-start id="4625" threadId="0000000000AEB888" totalBytesRequested="16" timestamp="2019-08-08T09:22:37.794" intervalms="123.864" type="nursery" />
<cycle-start id="4626" type="scavenge" contextid="0" timestamp="2019-08-08T09:22:37.794" intervalms="123.862" />
<gc-start id="4627" type="scavenge" contextid="4626" timestamp="2019-08-08T09:22:37.795">
  <mem-info id="4628" free="1484592" total="144375808" percent="1">
    <mem type="nursery" free="0" total="124518400" percent="0">
      <mem type="allocate" free="0" total="112066560" percent="0" />
      <mem type="survivor" free="0" total="12451840" percent="0" />
    </mem>
    <mem type="tenure" free="1484592" total="19857408" percent="7">
      <mem type="soa" free="1286960" total="19659776" percent="6" />
      <mem type="loa" free="197632" total="197632" percent="100" />
    </mem>
    <remembered-set count="128" />
  </mem-info>
</gc-start>
<allocation-stats totalBytes="111885952" >
  <allocated-bytes non-tlh="32" tlh="111885920" />
  <largest-consumer threadName="main" threadId="0000000000AEAF00" bytes="111885952" />
</allocation-stats>
<gc-op id="4629" type="scavenge" timems="1.663" contextid="4626" timestamp="2019-08-08T09:22:37.796">
  <scavenger-info tenureage="3" tenuremask="ffe8" tiltratio="90" />
  <memory-copied type="nursery" objects="55" bytes="2016" bytesdiscarded="14112" />
  <memory-copied type="tenure" objects="24" bytes="576" bytesdiscarded="0" />
</gc-op>
<gc-end id="4630" type="scavenge" contextid="4626" durationms="1.944" usertimems="3.017" systemtimems="0.000" timestamp="2019-08-08T09:22:37.796" activeThreads="16">
  <mem-info id="4631" free="113535024" total="144375808" percent="78">
    <mem type="nursery" free="112050432" total="124518400" percent="89">
      <mem type="allocate" free="112050432" total="112066560" percent="99" />
      <mem type="survivor" free="0" total="12451840" percent="0" />
    </mem>
    <mem type="tenure" free="1484592" total="19857408" percent="7" macro-fragmented="0">
      <mem type="soa" free="1286960" total="19659776" percent="6" />
      <mem type="loa" free="197632" total="197632" percent="100" />
    </mem>
    <remembered-set count="120" />
  </mem-info>
</gc-end>
<cycle-end id="4632" type="scavenge" contextid="4626" timestamp="2019-08-08T09:22:37.796" />
  <attribute name="elasticGC enabled" value="1" />
  <attribute name= "numThreadsSpecified" value="16" />
  <attribute name="heapSize specified" value="43057152" />
  <attribute name="Current GC Util" value="0" />
  <attribute name= "Current Time Running" value="148948" />
  <attribute name ="GC Interval" value="2569" />
  <attribute name="Target GC Util Change" value ="80.000000" />
  <attribute name="Current GC Util Change" value="0.000000"/>
  <attribute name="Current Error" value="310.000000" />
  <attribute name="Output H" value="144451848"/>
  <attribute name="Output I" value="2568"/>
  <attribute name="Output T" value="16"/>
  <attribute name= "Current Time Running" value="148948" />
  <attribute name="GC Util currently" value="0" />
  <attribute name="CPU Util currently" value="9309435923" />
<allocation-satisfied id="4633" threadId="0000000000AEAF00" bytesRequested="16" />
<af-end id="4634" timestamp="2019-08-08T09:22:37.797" threadId="0000000000AEB888" success="true" from="nursery"/>
<exclusive-end id="4635" timestamp="2019-08-08T09:22:37.797" durationms="2.145" />

<exclusive-start id="4636" timestamp="2019-08-08T09:22:37.857" intervalms="62.290">
  <response-info timems="0.022" idlems="0.022" threads="0" lastid="0000000000AEAF00" lastname="main" />
</exclusive-start>
<af-start id="4637" threadId="0000000000AEB888" totalBytesRequested="2016" timestamp="2019-08-08T09:22:37.857" intervalms="62.318" type="nursery" />
<cycle-start id="4638" type="scavenge" contextid="0" timestamp="2019-08-08T09:22:37.857" intervalms="62.325" />
<gc-start id="4639" type="scavenge" contextid="4638" timestamp="2019-08-08T09:22:37.857">
  <mem-info id="4640" free="1484592" total="144375808" percent="1">
    <mem type="nursery" free="0" total="124518400" percent="0">
      <mem type="allocate" free="0" total="112066560" percent="0" />
      <mem type="survivor" free="0" total="12451840" percent="0" />
    </mem>
    <mem type="tenure" free="1484592" total="19857408" percent="7">
      <mem type="soa" free="1286960" total="19659776" percent="6" />
      <mem type="loa" free="197632" total="197632" percent="100" />
    </mem>
    <remembered-set count="122" />
  </mem-info>
</gc-start>
<allocation-stats totalBytes="111933152" >
  <allocated-bytes non-tlh="16" tlh="111933136" />
  <largest-consumer threadName="main" threadId="0000000000AEAF00" bytes="111933152" />
</allocation-stats>
<gc-op id="4641" type="scavenge" timems="1.242" contextid="4638" timestamp="2019-08-08T09:22:37.858">
  <scavenger-info tenureage="5" tenuremask="ffe0" tiltratio="90" />
  <memory-copied type="nursery" objects="66" bytes="6920" bytesdiscarded="9208" />
</gc-op>
<gc-end id="4642" type="scavenge" contextid="4638" durationms="1.572" usertimems="2.128" systemtimems="0.000" timestamp="2019-08-08T09:22:37.858" activeThreads="16">
  <mem-info id="4643" free="113535024" total="144375808" percent="78">
    <mem type="nursery" free="112050432" total="124518400" percent="89">
      <mem type="allocate" free="112050432" total="112066560" percent="99" />
      <mem type="survivor" free="0" total="12451840" percent="0" />
    </mem>
    <mem type="tenure" free="1484592" total="19857408" percent="7" macro-fragmented="0">
      <mem type="soa" free="1286960" total="19659776" percent="6" />
      <mem type="loa" free="197632" total="197632" percent="100" />
    </mem>
    <remembered-set count="122" />
  </mem-info>
</gc-end>
<cycle-end id="4644" type="scavenge" contextid="4638" timestamp="2019-08-08T09:22:37.858" />
  <attribute name="elasticGC enabled" value="1" />
  <attribute name= "numThreadsSpecified" value="16" />
  <attribute name="heapSize specified" value="43057152" />
  <attribute name="Current GC Util" value="4" />
  <attribute name= "Current Time Running" value="149010" />
  <attribute name ="GC Interval" value="2705" />
  <attribute name="Target GC Util Change" value ="80.000000" />
  <attribute name="Current GC Util Change" value="4.000000"/>
  <attribute name="Current Error" value="386.000000" />
  <attribute name="Output H" value="144451936"/>
  <attribute name="Output I" value="2704"/>
  <attribute name="Output T" value="16"/>
  <attribute name= "Current Time Running" value="149010" />
  <attribute name="GC Util currently" value="4" />
  <attribute name="CPU Util currently" value="18490118950" />
<allocation-satisfied id="4645" threadId="0000000000AEAF00" bytesRequested="2016" />
<af-end id="4646" timestamp="2019-08-08T09:22:37.859" threadId="0000000000AEB888" success="true" from="nursery"/>
<exclusive-end id="4647" timestamp="2019-08-08T09:22:37.859" durationms="1.849" />

<exclusive-start id="4648" timestamp="2019-08-08T09:22:38.052" intervalms="194.875">
  <response-info timems="0.020" idlems="0.020" threads="0" lastid="0000000000AEAF00" lastname="main" />
</exclusive-start>
<af-start id="4649" threadId="0000000000AEB888" totalBytesRequested="80" timestamp="2019-08-08T09:22:38.052" intervalms="194.856" type="nursery" />
<cycle-start id="4650" type="scavenge" contextid="0" timestamp="2019-08-08T09:22:38.052" intervalms="194.855" />
<gc-start id="4651" type="scavenge" contextid="4650" timestamp="2019-08-08T09:22:38.052">
  <mem-info id="4652" free="1484592" total="144375808" percent="1">
    <mem type="nursery" free="0" total="124518400" percent="0">
      <mem type="allocate" free="0" total="112066560" percent="0" />
      <mem type="survivor" free="0" total="12451840" percent="0" />
    </mem>
    <mem type="tenure" free="1484592" total="19857408" percent="7">
      <mem type="soa" free="1286960" total="19659776" percent="6" />
      <mem type="loa" free="197632" total="197632" percent="100" />
    </mem>
    <remembered-set count="126" />
  </mem-info>
</gc-start>
<allocation-stats totalBytes="111985928" >
  <allocated-bytes non-tlh="2016" tlh="111983912" />
  <largest-consumer threadName="main" threadId="0000000000AEAF00" bytes="111985928" />
</allocation-stats>
<gc-op id="4653" type="scavenge" timems="0.750" contextid="4650" timestamp="2019-08-08T09:22:38.052">
  <scavenger-info tenureage="3" tenuremask="fff8" tiltratio="90" />
  <memory-copied type="nursery" objects="51" bytes="1416" bytesdiscarded="30840" />
  <memory-copied type="tenure" objects="12" bytes="288" bytesdiscarded="0" />
</gc-op>
<gc-end id="4654" type="scavenge" contextid="4650" durationms="0.850" usertimems="1.232" systemtimems="0.000" timestamp="2019-08-08T09:22:38.053" activeThreads="16">
  <mem-info id="4655" free="113518896" total="144375808" percent="78">
    <mem type="nursery" free="112034304" total="124518400" percent="89">
      <mem type="allocate" free="112034304" total="112066560" percent="99" />
      <mem type="survivor" free="0" total="12451840" percent="0" />
    </mem>
    <mem type="tenure" free="1484592" total="19857408" percent="7" macro-fragmented="0">
      <mem type="soa" free="1286960" total="19659776" percent="6" />
      <mem type="loa" free="197632" total="197632" percent="100" />
    </mem>
    <remembered-set count="122" />
  </mem-info>
</gc-end>
<cycle-end id="4656" type="scavenge" contextid="4650" timestamp="2019-08-08T09:22:38.053" />
  <attribute name="elasticGC enabled" value="1" />
  <attribute name= "numThreadsSpecified" value="16" />
  <attribute name="heapSize specified" value="43057152" />
  <attribute name="Current GC Util" value="1" />
  <attribute name= "Current Time Running" value="149205" />
  <attribute name ="GC Interval" value="2841" />
  <attribute name="Target GC Util Change" value ="80.000000" />
  <attribute name="Current GC Util Change" value="1.000000"/>
  <attribute name="Current Error" value="465.000000" />
  <attribute name="Output H" value="144452024"/>
  <attribute name="Output I" value="2840"/>
  <attribute name="Output T" value="16"/>
  <attribute name= "Current Time Running" value="149205" />
  <attribute name="GC Util currently" value="1" />
  <attribute name="CPU Util currently" value="5915559593" />
<allocation-satisfied id="4657" threadId="0000000000AEAF00" bytesRequested="80" />
<af-end id="4658" timestamp="2019-08-08T09:22:38.053" threadId="0000000000AEB888" success="true" from="nursery"/>
<exclusive-end id="4659" timestamp="2019-08-08T09:22:38.053" durationms="1.102" />

<exclusive-start id="4660" timestamp="2019-08-08T09:22:38.241" intervalms="189.643">
  <response-info timems="0.020" idlems="0.020" threads="0" lastid="0000000000AEAF00" lastname="main" />
</exclusive-start>
<af-start id="4661" threadId="0000000000AEB888" totalBytesRequested="80" timestamp="2019-08-08T09:22:38.241" intervalms="189.639" type="nursery" />
<cycle-start id="4662" type="scavenge" contextid="0" timestamp="2019-08-08T09:22:38.241" intervalms="189.634" />
<gc-start id="4663" type="scavenge" contextid="4662" timestamp="2019-08-08T09:22:38.241">
  <mem-info id="4664" free="1484592" total="144375808" percent="1">
    <mem type="nursery" free="0" total="124518400" percent="0">
      <mem type="allocate" free="0" total="112066560" percent="0" />
      <mem type="survivor" free="0" total="12451840" percent="0" />
    </mem>
    <mem type="tenure" free="1484592" total="19857408" percent="7">
      <mem type="soa" free="1286960" total="19659776" percent="6" />
      <mem type="loa" free="197632" total="197632" percent="100" />
    </mem>
    <remembered-set count="122" />
  </mem-info>
</gc-start>
<allocation-stats totalBytes="112013984" >
  <allocated-bytes non-tlh="80" tlh="112013904" />
  <largest-consumer threadName="main" threadId="0000000000AEAF00" bytes="112013984" />
</allocation-stats>
<gc-op id="4665" type="scavenge" timems="0.819" contextid="4662" timestamp="2019-08-08T09:22:38.242">
  <scavenger-info tenureage="3" tenuremask="ffd8" tiltratio="90" />
  <memory-copied type="nursery" objects="45" bytes="1424" bytesdiscarded="30832" />
  <memory-copied type="tenure" objects="18" bytes="432" bytesdiscarded="0" />
</gc-op>
<gc-end id="4666" type="scavenge" contextid="4662" durationms="0.904" usertimems="1.526" systemtimems="0.000" timestamp="2019-08-08T09:22:38.242" activeThreads="16">
  <mem-info id="4667" free="113518896" total="144375808" percent="78">
    <mem type="nursery" free="112034304" total="124518400" percent="89">
      <mem type="allocate" free="112034304" total="112066560" percent="99" />
      <mem type="survivor" free="0" total="12451840" percent="0" />
    </mem>
    <mem type="tenure" free="1484592" total="19857408" percent="7" macro-fragmented="0">
      <mem type="soa" free="1286960" total="19659776" percent="6" />
      <mem type="loa" free="197632" total="197632" percent="100" />
    </mem>
    <remembered-set count="116" />
  </mem-info>
</gc-end>
<cycle-end id="4668" type="scavenge" contextid="4662" timestamp="2019-08-08T09:22:38.242" />
  <attribute name="elasticGC enabled" value="1" />
  <attribute name= "numThreadsSpecified" value="16" />
  <attribute name="heapSize specified" value="43057152" />
  <attribute name="Current GC Util" value="0" />
  <attribute name= "Current Time Running" value="149395" />
  <attribute name ="GC Interval" value="2153" />
  <attribute name="Target GC Util Change" value ="80.000000" />
  <attribute name="Current GC Util Change" value="0.000000"/>
  <attribute name="Current Error" value="80.000000" />
  <attribute name="Output H" value="144451584"/>
  <attribute name="Output I" value="2152"/>
  <attribute name="Output T" value="16"/>
  <attribute name= "Current Time Running" value="149395" />
  <attribute name="GC Util currently" value="0" />
  <attribute name="CPU Util currently" value="6081727890" />
<allocation-satisfied id="4669" threadId="0000000000AEAF00" bytesRequested="80" />
<af-end id="4670" timestamp="2019-08-08T09:22:38.242" threadId="0000000000AEB888" success="true" from="nursery"/>
<exclusive-end id="4671" timestamp="2019-08-08T09:22:38.242" durationms="1.111" />

<exclusive-start id="4672" timestamp="2019-08-08T09:22:38.315" intervalms="73.571">
  <response-info timems="0.020" idlems="0.020" threads="0" lastid="0000000000AEAF00" lastname="main" />
</exclusive-start>
<af-start id="4673" threadId="0000000000AEB888" totalBytesRequested="584" timestamp="2019-08-08T09:22:38.315" intervalms="73.581" type="nursery" />
<cycle-start id="4674" type="scavenge" contextid="0" timestamp="2019-08-08T09:22:38.315" intervalms="73.583" />
<gc-start id="4675" type="scavenge" contextid="4674" timestamp="2019-08-08T09:22:38.315">
  <mem-info id="4676" free="1484592" total="144375808" percent="1">
    <mem type="nursery" free="0" total="124518400" percent="0">
      <mem type="allocate" free="0" total="112066560" percent="0" />
      <mem type="survivor" free="0" total="12451840" percent="0" />
    </mem>
    <mem type="tenure" free="1484592" total="19857408" percent="7">
      <mem type="soa" free="1286960" total="19659776" percent="6" />
      <mem type="loa" free="197632" total="197632" percent="100" />
    </mem>
    <remembered-set count="118" />
  </mem-info>
</gc-start>
<allocation-stats totalBytes="111920016" >
  <allocated-bytes non-tlh="80" tlh="111919936" />
  <largest-consumer threadName="main" threadId="0000000000AEAF00" bytes="111920016" />
</allocation-stats>
<gc-op id="4677" type="scavenge" timems="0.952" contextid="4674" timestamp="2019-08-08T09:22:38.316">
  <scavenger-info tenureage="3" tenuremask="ffe8" tiltratio="90" />
  <memory-copied type="nursery" objects="37" bytes="1616" bytesdiscarded="30640" />
  <memory-copied type="tenure" objects="6" bytes="144" bytesdiscarded="0" />
</gc-op>
<gc-end id="4678" type="scavenge" contextid="4674" durationms="1.065" usertimems="2.092" systemtimems="0.000" timestamp="2019-08-08T09:22:38.316" activeThreads="16">
  <mem-info id="4679" free="113518896" total="144375808" percent="78">
    <mem type="nursery" free="112034304" total="124518400" percent="89">
      <mem type="allocate" free="112034304" total="112066560" percent="99" />
      <mem type="survivor" free="0" total="12451840" percent="0" />
    </mem>
    <mem type="tenure" free="1484592" total="19857408" percent="7" macro-fragmented="0">
      <mem type="soa" free="1286960" total="19659776" percent="6" />
      <mem type="loa" free="197632" total="197632" percent="100" />
    </mem>
    <remembered-set count="116" />
  </mem-info>
</gc-end>
<cycle-end id="4680" type="scavenge" contextid="4674" timestamp="2019-08-08T09:22:38.316" />
  <attribute name="elasticGC enabled" value="1" />
  <attribute name= "numThreadsSpecified" value="16" />
  <attribute name="heapSize specified" value="43057152" />
  <attribute name="Current GC Util" value="2" />
  <attribute name= "Current Time Running" value="149469" />
  <attribute name ="GC Interval" value="2297" />
  <attribute name="Target GC Util Change" value ="80.000000" />
  <attribute name="Current GC Util Change" value="2.000000"/>
  <attribute name="Current Error" value="158.000000" />
  <attribute name="Output H" value="144451672"/>
  <attribute name="Output I" value="2296"/>
  <attribute name="Output T" value="16"/>
  <attribute name= "Current Time Running" value="149469" />
  <attribute name="GC Util currently" value="2" />
  <attribute name="CPU Util currently" value="15665508003" />
<allocation-satisfied id="4681" threadId="0000000000AEAF00" bytesRequested="584" />
<af-end id="4682" timestamp="2019-08-08T09:22:38.316" threadId="0000000000AEB888" success="true" from="nursery"/>
<exclusive-end id="4683" timestamp="2019-08-08T09:22:38.316" durationms="1.303" />

* Round 4 done in 2.257 seconds.

-------------------------------------------------------------------------------
Benchmark: 2019-08-08 09:22:13
-------------------------------------------------------------------------------

    Rounds: 4
    Warp:   10
    Timer:  time.time

Test                             minimum  average  operation  overhead
-------------------------------------------------------------------------------
          BuiltinFunctionCalls:     15ms    118ms    0.23us    0.000ms
           BuiltinMethodLookup:     39ms    154ms    0.15us    0.000ms
                 CompareFloats:     18ms    134ms    0.11us    0.000ms
         CompareFloatsIntegers:     20ms     98ms    0.11us    0.000ms
               CompareIntegers:     25ms     72ms    0.04us    0.000ms
        CompareInternedStrings:     34ms    163ms    0.11us    0.000ms
                  CompareLongs:     16ms     61ms    0.06us    0.000ms
                CompareStrings:     27ms     68ms    0.07us    0.000ms
                CompareUnicode:     21ms     55ms    0.07us    0.000ms
                 ConcatStrings:     81ms    324ms    0.65us    0.000ms
                 ConcatUnicode:     48ms     96ms    0.32us    0.000ms
               CreateInstances:     37ms     73ms    0.65us    0.000ms
            CreateNewInstances:     52ms    112ms    1.33us    0.000ms
       CreateStringsWithConcat:     45ms     78ms    0.08us    0.000ms
       CreateUnicodeWithConcat:     20ms     45ms    0.11us    0.000ms
                  DictCreation:     28ms     94ms    0.23us    0.000ms
             DictWithFloatKeys:     16ms    174ms    0.19us    0.000ms
           DictWithIntegerKeys:     19ms     66ms    0.05us    0.000ms
            DictWithStringKeys:     20ms     78ms    0.07us    0.000ms
                      ForLoops:    104ms    154ms    6.17us    0.000ms
                    IfThenElse:     23ms    135ms    0.10us    0.000ms
                   ListSlicing:      9ms     28ms    2.00us    0.000ms
                NestedForLoops:     86ms    110ms    0.07us    0.000ms
          NormalClassAttribute:     23ms    107ms    0.09us    0.000ms
       NormalInstanceAttribute:     26ms     76ms    0.06us    0.000ms
           PythonFunctionCalls:     27ms     88ms    0.27us    0.000ms
             PythonMethodCalls:     32ms     79ms    0.35us    0.000ms
                     Recursion:     40ms    171ms    3.41us    0.000ms
                  SecondImport:     32ms    113ms    1.13us    0.000ms
           SecondPackageImport:     36ms     48ms    0.48us    0.000ms
         SecondSubmoduleImport:     54ms     79ms    0.79us    0.000ms
       SimpleComplexArithmetic:     14ms     82ms    0.09us    0.000ms
        SimpleDictManipulation:     27ms     85ms    0.07us    0.000ms
         SimpleFloatArithmetic:     20ms    192ms    0.15us    0.000ms
      SimpleIntFloatArithmetic:     20ms    117ms    0.09us    0.000ms
       SimpleIntegerArithmetic:     20ms    115ms    0.09us    0.000ms
        SimpleListManipulation:     43ms    128ms    0.11us    0.000ms
          SimpleLongArithmetic:     23ms    115ms    0.17us    0.000ms
                    SmallLists:     46ms    103ms    0.15us    0.000ms
                   SmallTuples:     45ms    165ms    0.31us    0.000ms
         SpecialClassAttribute:     24ms     95ms    0.08us    0.000ms
      SpecialInstanceAttribute:     24ms     86ms    0.07us    0.000ms
                StringMappings:     63ms    224ms    0.89us    0.000ms
              StringPredicates:     39ms    127ms    0.18us    0.000ms
                 StringSlicing:     30ms     71ms    0.13us    0.000ms
                     TryExcept:      2ms     35ms    0.02us    0.000ms
                TryRaiseExcept:     83ms    130ms    2.02us    0.000ms
                  TupleSlicing:     19ms     45ms    0.17us    0.000ms
               UnicodeMappings:     84ms    214ms    5.93us    0.000ms
             UnicodePredicates:     42ms    117ms    0.22us    0.000ms
             UnicodeProperties:    337ms    539ms    1.35us    0.000ms
                UnicodeSlicing:     31ms     61ms    0.13us    0.000ms
-------------------------------------------------------------------------------
Totals:                           2109ms   6095ms

===== DaCapo 9.12-MR1 jython PASSED in 28605 msec =====
<exclusive-start id="4684" timestamp="2019-08-08T09:22:38.524" intervalms="209.388">
  <response-info timems="0.020" idlems="0.020" threads="0" lastid="0000000000AEAF00" lastname="main" />
</exclusive-start>
<af-start id="4685" threadId="0000000000AEB888" totalBytesRequested="89408" timestamp="2019-08-08T09:22:38.524" intervalms="209.373" type="nursery" />
<cycle-start id="4686" type="scavenge" contextid="0" timestamp="2019-08-08T09:22:38.524" intervalms="209.374" />
<gc-start id="4687" type="scavenge" contextid="4686" timestamp="2019-08-08T09:22:38.524">
  <mem-info id="4688" free="1449176" total="144375808" percent="1">
    <mem type="nursery" free="0" total="124518400" percent="0">
      <mem type="allocate" free="0" total="112066560" percent="0" />
      <mem type="survivor" free="0" total="12451840" percent="0" />
    </mem>
    <mem type="tenure" free="1449176" total="19857408" percent="7">
      <mem type="soa" free="1251544" total="19659776" percent="6" />
      <mem type="loa" free="197632" total="197632" percent="100" />
    </mem>
    <remembered-set count="631" />
  </mem-info>
</gc-start>
<allocation-stats totalBytes="111901872" >
  <allocated-bytes non-tlh="36000" tlh="111865872" />
  <largest-consumer threadName="main" threadId="0000000000AEAF00" bytes="111901872" />
</allocation-stats>
<gc-op id="4689" type="scavenge" timems="1.936" contextid="4686" timestamp="2019-08-08T09:22:38.526">
  <scavenger-info tenureage="5" tenuremask="ffe0" tiltratio="90" />
  <memory-copied type="nursery" objects="2079" bytes="371912" bytesdiscarded="144968" />
  <finalization candidates="1" enqueued="1" />
  <references type="soft" candidates="14" cleared="0" enqueued="0" dynamicThreshold="2" maxThreshold="32" />
  <references type="weak" candidates="40" cleared="28" enqueued="26" />
  <references type="phantom" candidates="33" cleared="10" enqueued="10" />
</gc-op>
<gc-end id="4690" type="scavenge" contextid="4686" durationms="2.201" usertimems="3.867" systemtimems="0.000" timestamp="2019-08-08T09:22:38.526" activeThreads="16">
  <mem-info id="4691" free="112998728" total="144375808" percent="78">
    <mem type="nursery" free="111549552" total="124518400" percent="89">
      <mem type="allocate" free="111549552" total="112066560" percent="99" />
      <mem type="survivor" free="0" total="12451840" percent="0" />
    </mem>
    <mem type="tenure" free="1449176" total="19857408" percent="7" macro-fragmented="0">
      <mem type="soa" free="1251544" total="19659776" percent="6" />
      <mem type="loa" free="197632" total="197632" percent="100" />
    </mem>
    <pending-finalizers system="1" default="0" reference="36" classloader="0" />
    <remembered-set count="619" />
  </mem-info>
</gc-end>
<cycle-end id="4692" type="scavenge" contextid="4686" timestamp="2019-08-08T09:22:38.527" />
  <attribute name="elasticGC enabled" value="1" />
  <attribute name= "numThreadsSpecified" value="16" />
  <attribute name="heapSize specified" value="43057152" />
  <attribute name="Current GC Util" value="0" />
  <attribute name= "Current Time Running" value="149678" />
  <attribute name ="GC Interval" value="2441" />
  <attribute name="Target GC Util Change" value ="80.000000" />
  <attribute name="Current GC Util Change" value="0.000000"/>
  <attribute name="Current Error" value="238.000000" />
  <attribute name="Output H" value="144451768"/>
  <attribute name="Output I" value="2440"/>
  <attribute name="Output T" value="16"/>
  <attribute name= "Current Time Running" value="149678" />
  <attribute name="GC Util currently" value="0" />
  <attribute name="CPU Util currently" value="5507126423" />
<allocation-satisfied id="4693" threadId="0000000000AEAF00" bytesRequested="89408" />
<af-end id="4694" timestamp="2019-08-08T09:22:38.527" threadId="0000000000AEB888" success="true" from="nursery"/>
<exclusive-end id="4695" timestamp="2019-08-08T09:22:38.527" durationms="2.475" />

<exclusive-start id="4696" timestamp="2019-08-08T09:22:38.542" intervalms="18.212">
  <response-info timems="0.131" idlems="0.131" threads="0" lastid="0000000000AEAF00" lastname="main" />
</exclusive-start>
<af-start id="4697" threadId="0000000000AEB888" totalBytesRequested="113736" timestamp="2019-08-08T09:22:38.542" intervalms="18.219" type="nursery" />
<cycle-start id="4698" type="scavenge" contextid="0" timestamp="2019-08-08T09:22:38.542" intervalms="18.219" />
<gc-start id="4699" type="scavenge" contextid="4698" timestamp="2019-08-08T09:22:38.543">
  <mem-info id="4700" free="1447456" total="144375808" percent="1">
    <mem type="nursery" free="0" total="124518400" percent="0">
      <mem type="allocate" free="0" total="112066560" percent="0" />
      <mem type="survivor" free="0" total="12451840" percent="0" />
    </mem>
    <mem type="tenure" free="1447456" total="19857408" percent="7">
      <mem type="soa" free="1249824" total="19659776" percent="6" />
      <mem type="loa" free="197632" total="197632" percent="100" />
    </mem>
    <remembered-set count="647" />
  </mem-info>
</gc-start>
<allocation-stats totalBytes="97983736" >
  <allocated-bytes non-tlh="24497680" tlh="73486056" />
  <largest-consumer threadName="main" threadId="0000000000AEAF00" bytes="97979640" />
</allocation-stats>
<gc-op id="4701" type="scavenge" timems="1.620" contextid="4698" timestamp="2019-08-08T09:22:38.544">
  <scavenger-info tenureage="3" tenuremask="fff8" tiltratio="90" />
  <memory-copied type="nursery" objects="3921" bytes="542712" bytesdiscarded="51704" />
  <memory-copied type="tenure" objects="12" bytes="288" bytesdiscarded="0" />
  <ownableSynchronizers candidates="3" cleared="3" />
  <references type="soft" candidates="16" cleared="0" enqueued="0" dynamicThreshold="2" maxThreshold="32" />
  <references type="weak" candidates="49" cleared="34" enqueued="34" />
  <references type="phantom" candidates="27" cleared="1" enqueued="1" />
</gc-op>
<gc-end id="4702" type="scavenge" contextid="4698" durationms="1.887" usertimems="5.480" systemtimems="0.000" timestamp="2019-08-08T09:22:38.544" activeThreads="16">
  <mem-info id="4703" free="112919472" total="144375808" percent="78">
    <mem type="nursery" free="111472016" total="124518400" percent="89">
      <mem type="allocate" free="111472016" total="112066560" percent="99" />
      <mem type="survivor" free="0" total="12451840" percent="0" />
    </mem>
    <mem type="tenure" free="1447456" total="19857408" percent="7" macro-fragmented="0">
      <mem type="soa" free="1249824" total="19659776" percent="6" />
      <mem type="loa" free="197632" total="197632" percent="100" />
    </mem>
    <pending-finalizers system="0" default="0" reference="35" classloader="0" />
    <remembered-set count="613" />
  </mem-info>
</gc-end>
<cycle-end id="4704" type="scavenge" contextid="4698" timestamp="2019-08-08T09:22:38.544" />
  <attribute name="elasticGC enabled" value="1" />
  <attribute name= "numThreadsSpecified" value="16" />
  <attribute name="heapSize specified" value="43057152" />
  <attribute name="Current GC Util" value="21" />
  <attribute name= "Current Time Running" value="149696" />
  <attribute name ="GC Interval" value="2545" />
  <attribute name="Target GC Util Change" value ="80.000000" />
  <attribute name="Current GC Util Change" value="21.000000"/>
  <attribute name="Current Error" value="297.000000" />
  <attribute name="Output H" value="144451832"/>
  <attribute name="Output I" value="2544"/>
  <attribute name="Output T" value="16"/>
  <attribute name= "Current Time Running" value="149696" />
  <attribute name="GC Util currently" value="21" />
  <attribute name="CPU Util currently" value="63195106114" />
<allocation-satisfied id="4705" threadId="0000000000AEAF00" bytesRequested="113736" />
<af-end id="4706" timestamp="2019-08-08T09:22:38.544" threadId="0000000000AEB888" success="true" from="nursery"/>
<exclusive-end id="4707" timestamp="2019-08-08T09:22:38.544" durationms="2.145" />

<exclusive-start id="4708" timestamp="2019-08-08T09:22:38.551" intervalms="9.077">
  <response-info timems="0.123" idlems="0.123" threads="0" lastid="0000000000AEAF00" lastname="main" />
</exclusive-start>
<sys-start reason="explicit" id="4709" timestamp="2019-08-08T09:22:38.551" intervalms="28847.394" />
<cycle-start id="4710" type="global" contextid="0" timestamp="2019-08-08T09:22:38.551" intervalms="20843.204" />
<gc-start id="4711" type="global" contextid="4710" timestamp="2019-08-08T09:22:38.552">
  <mem-info id="4712" free="46373328" total="144375808" percent="32">
    <mem type="nursery" free="44925872" total="124518400" percent="36">
      <mem type="allocate" free="44925872" total="112066560" percent="40" />
      <mem type="survivor" free="0" total="12451840" percent="0" />
    </mem>
    <mem type="tenure" free="1447456" total="19857408" percent="7">
      <mem type="soa" free="1249824" total="19659776" percent="6" />
      <mem type="loa" free="197632" total="197632" percent="100" />
    </mem>
    <remembered-set count="614" />
  </mem-info>
</gc-start>
<allocation-stats totalBytes="65482504" >
  <allocated-bytes non-tlh="49596896" tlh="15885608" />
  <largest-consumer threadName="main" threadId="0000000000AEAF00" bytes="65482504" />
</allocation-stats>
<gc-op id="4713" type="mark" timems="15.917" contextid="4710" timestamp="2019-08-08T09:22:38.569">
  <trace-info objectcount="600319" scancount="520607" scanbytes="13398872" />
  <finalization candidates="80" enqueued="0" />
  <ownableSynchronizers candidates="21" cleared="0" />
  <references type="soft" candidates="3301" cleared="1433" enqueued="722" dynamicThreshold="2" maxThreshold="32" />
  <references type="weak" candidates="5639" cleared="8" enqueued="5" />
  <references type="phantom" candidates="100" cleared="0" enqueued="0" />
  <stringconstants candidates="14087" cleared="396"  />
</gc-op>
<gc-op id="4714" type="classunload" timems="0.507" contextid="4710" timestamp="2019-08-08T09:22:38.570">
  <classunload-info classloadercandidates="58" classloadersunloaded="4" classesunloaded="4" anonymousclassesunloaded="0" quiescems="1.867" setupms="0.485" scanms="0.017" postms="0.005" />
</gc-op>
<gc-op id="4715" type="sweep" timems="1.578" contextid="4710" timestamp="2019-08-08T09:22:38.572" />
<mem-info id="4716" free="113441744" total="144375808" percent="78">
  <mem type="nursery" free="111611856" total="124518400" percent="89">
    <mem type="allocate" free="111611856" total="112066560" percent="99" />
    <mem type="survivor" free="0" total="12451840" percent="0" />
  </mem>
  <mem type="tenure" free="1829888" total="19857408" percent="9" micro-fragmented="18890" macro-fragmented="0">
    <mem type="soa" free="1632256" total="19659776" percent="8" />
    <mem type="loa" free="197632" total="197632" percent="100" />
  </mem>
  <pending-finalizers system="0" default="0" reference="727" classloader="0" />
  <remembered-set count="604" />
</mem-info>
<gc-op id="4717" type="compact" timems="141.362" contextid="4710" timestamp="2019-08-08T09:22:38.713">
  <compact-info movecount="594073" movebytes="18099352" reason="compact to aid heap contraction" />
</gc-op>
<heap-resize id="4718" type="expand" space="tenure" amount="131072" count="1" timems="0.026" reason="satisfy allocation request" timestamp="2019-08-08T09:22:38.714" />
<gc-end id="4719" type="global" contextid="4710" durationms="162.167" usertimems="209.112" systemtimems="0.000" timestamp="2019-08-08T09:22:38.714" activeThreads="16">
  <mem-info id="4720" free="113625368" total="144506880" percent="78">
    <mem type="nursery" free="111615032" total="124518400" percent="89">
      <mem type="allocate" free="111615032" total="112066560" percent="99" />
      <mem type="survivor" free="0" total="12451840" percent="0" />
    </mem>
    <mem type="tenure" free="2010336" total="19988480" percent="10">
      <mem type="soa" free="1810656" total="19788800" percent="9" />
      <mem type="loa" free="199680" total="199680" percent="100" />
    </mem>
    <pending-finalizers system="0" default="0" reference="727" classloader="0" />
    <remembered-set count="604" />
  </mem-info>
</gc-end>
<cycle-end id="4721" type="global" contextid="4710" timestamp="2019-08-08T09:22:38.714" />
  <attribute name="elasticGC enabled" value="1" />
  <attribute name= "numThreadsSpecified" value="16" />
  <attribute name="heapSize specified" value="144375808" />
  <attribute name="Current GC Util" value="8" />
  <attribute name= "Current Time Running" value="149867" />
  <attribute name ="GC Interval" value="2545" />
  <attribute name="Target GC Util Change" value ="80.000000" />
  <attribute name="Current GC Util Change" value="8.000000"/>
  <attribute name="Current Error" value="-4.000000" />
  <attribute name="Output H" value="144451488"/>
  <attribute name="Output I" value="2008"/>
  <attribute name="Output T" value="16"/>
  <attribute name= "Current Time Running" value="149867" />
  <attribute name="GC Util currently" value="8" />
  <attribute name="CPU Util currently" value="8153313128" />
<sys-end id="4722" timestamp="2019-08-08T09:22:38.714" />
<exclusive-end id="4723" timestamp="2019-08-08T09:22:38.714" durationms="162.413" />

===== DaCapo 9.12-MR1 pmd starting =====
<exclusive-start id="4724" timestamp="2019-08-08T09:22:39.833" intervalms="1281.537">
  <response-info timems="0.659" idlems="0.659" threads="0" lastid="0000000000E18900" lastname="PmdThread 10" />
</exclusive-start>
<af-start id="4725" threadId="0000000000E19288" totalBytesRequested="24" timestamp="2019-08-08T09:22:39.833" intervalms="1290.627" type="nursery" />
<cycle-start id="4726" type="scavenge" contextid="0" timestamp="2019-08-08T09:22:39.833" intervalms="1290.630" />
<gc-start id="4727" type="scavenge" contextid="4726" timestamp="2019-08-08T09:22:39.833">
  <mem-info id="4728" free="1814640" total="144506880" percent="1">
    <mem type="nursery" free="0" total="124518400" percent="0">
      <mem type="allocate" free="0" total="112066560" percent="0" />
      <mem type="survivor" free="0" total="12451840" percent="0" />
    </mem>
    <mem type="tenure" free="1814640" total="19988480" percent="9">
      <mem type="soa" free="1614960" total="19788800" percent="8" />
      <mem type="loa" free="199680" total="199680" percent="100" />
    </mem>
    <remembered-set count="3709" />
  </mem-info>
</gc-start>
<allocation-stats totalBytes="111723784" >
  <allocated-bytes non-tlh="603216" tlh="111120568" />
  <largest-consumer threadName="PmdThread 13" threadId="0000000000E1C500" bytes="9367592" />
</allocation-stats>
<gc-op id="4729" type="scavenge" timems="14.429" contextid="4726" timestamp="2019-08-08T09:22:39.848">
  <scavenger-info tenureage="3" tenuremask="ffd8" tiltratio="90" />
  <memory-copied type="nursery" objects="225337" bytes="11321568" bytesdiscarded="225656" />
  <finalization candidates="5" enqueued="1" />
  <ownableSynchronizers candidates="61" cleared="42" />
  <references type="soft" candidates="160" cleared="0" enqueued="0" dynamicThreshold="3" maxThreshold="32" />
  <references type="weak" candidates="1604" cleared="1189" enqueued="1121" />
  <references type="phantom" candidates="419" cleared="191" enqueued="191" />
</gc-op>
<gc-end id="4730" type="scavenge" contextid="4726" durationms="14.886" usertimems="51.743" systemtimems="0.000" timestamp="2019-08-08T09:22:39.848" activeThreads="16">
  <mem-info id="4731" free="93324152" total="144506880" percent="64">
    <mem type="nursery" free="91509512" total="124518400" percent="73">
      <mem type="allocate" free="91509512" total="103088128" percent="88" />
      <mem type="survivor" free="0" total="21430272" percent="0" />
    </mem>
    <mem type="tenure" free="1814640" total="19988480" percent="9" macro-fragmented="0">
      <mem type="soa" free="1614960" total="19788800" percent="8" />
      <mem type="loa" free="199680" total="199680" percent="100" />
    </mem>
    <pending-finalizers system="1" default="0" reference="1312" classloader="0" />
    <remembered-set count="3251" />
  </mem-info>
</gc-end>
<cycle-end id="4732" type="scavenge" contextid="4726" timestamp="2019-08-08T09:22:39.848" />
  <attribute name="elasticGC enabled" value="1" />
  <attribute name= "numThreadsSpecified" value="16" />
  <attribute name="heapSize specified" value="144375808" />
  <attribute name="Current GC Util" value="13" />
  <attribute name= "Current Time Running" value="150987" />
  <attribute name ="GC Interval" value="2121" />
  <attribute name="Target GC Util Change" value ="80.000000" />
  <attribute name="Current GC Util Change" value="13.000000"/>
  <attribute name="Current Error" value="63.000000" />
  <attribute name="Output H" value="144582632"/>
  <attribute name="Output I" value="2120"/>
  <attribute name="Output T" value="16"/>
  <attribute name= "Current Time Running" value="150987" />
  <attribute name="GC Util currently" value="13" />
  <attribute name="CPU Util currently" value="6" />
<allocation-satisfied id="4733" threadId="0000000000E18900" bytesRequested="24" />
<af-end id="4734" timestamp="2019-08-08T09:22:39.848" threadId="0000000000E19288" success="true" from="nursery"/>
<exclusive-end id="4735" timestamp="2019-08-08T09:22:39.848" durationms="15.239" />

<exclusive-start id="4736" timestamp="2019-08-08T09:22:40.223" intervalms="389.653">
  <response-info timems="4.772" idlems="4.772" threads="0" lastid="0000000000E2F100" lastname="PmdThread 11" />
</exclusive-start>
<af-start id="4737" threadId="0000000000E2FA88" totalBytesRequested="8200" timestamp="2019-08-08T09:22:40.223" intervalms="389.667" type="nursery" />
<cycle-start id="4738" type="scavenge" contextid="0" timestamp="2019-08-08T09:22:40.223" intervalms="389.691" />
<gc-start id="4739" type="scavenge" contextid="4738" timestamp="2019-08-08T09:22:40.223">
  <mem-info id="4740" free="1796824" total="144506880" percent="1">
    <mem type="nursery" free="0" total="124518400" percent="0">
      <mem type="allocate" free="0" total="103088128" percent="0" />
      <mem type="survivor" free="0" total="21430272" percent="0" />
    </mem>
    <mem type="tenure" free="1796824" total="19988480" percent="8">
      <mem type="soa" free="1597144" total="19788800" percent="8" />
      <mem type="loa" free="199680" total="199680" percent="100" />
    </mem>
    <remembered-set count="3472" />
  </mem-info>
</gc-start>
<allocation-stats totalBytes="91491248" >
  <allocated-bytes non-tlh="17840" tlh="91473408" />
  <largest-consumer threadName="PmdThread 1" threadId="0000000000E14D00" bytes="17397128" />
</allocation-stats>
<gc-op id="4741" type="scavenge" timems="58.626" contextid="4738" timestamp="2019-08-08T09:22:40.282">
  <scavenger-info tenureage="3" tenuremask="ffe8" tiltratio="82" />
  <memory-copied type="nursery" objects="445595" bytes="18820096" bytesdiscarded="144424" />
  <memory-copied type="tenure" objects="1898" bytes="234808" bytesdiscarded="952" />
  <finalization candidates="4" enqueued="0" />
  <ownableSynchronizers candidates="19" cleared="0" />
  <references type="soft" candidates="157" cleared="0" enqueued="0" dynamicThreshold="3" maxThreshold="32" />
  <references type="weak" candidates="1412" cleared="1008" enqueued="1008" />
  <references type="phantom" candidates="303" cleared="101" enqueued="101" />
</gc-op>
<heap-resize id="4742" type="expand" space="nursery" amount="9437184" count="1" timems="0.022" reason="excessive time being spent scavenging" timestamp="2019-08-08T09:22:40.282" />
<gc-end id="4743" type="scavenge" contextid="4738" durationms="59.311" usertimems="268.674" systemtimems="0.000" timestamp="2019-08-08T09:22:40.282" activeThreads="16">
  <mem-info id="4744" free="84383016" total="153944064" percent="54">
    <mem type="nursery" free="83163208" total="133955584" percent="62">
      <mem type="allocate" free="83163208" total="102170624" percent="81" />
      <mem type="survivor" free="0" total="31784960" percent="0" />
    </mem>
    <mem type="tenure" free="1219808" total="19988480" percent="6" macro-fragmented="201903">
      <mem type="soa" free="1020128" total="19788800" percent="5" />
      <mem type="loa" free="199680" total="199680" percent="100" />
    </mem>
    <pending-finalizers system="0" default="0" reference="1109" classloader="0" />
    <remembered-set count="3448" />
  </mem-info>
</gc-end>
<cycle-end id="4745" type="scavenge" contextid="4738" timestamp="2019-08-08T09:22:40.282" />
  <attribute name="elasticGC enabled" value="1" />
  <attribute name= "numThreadsSpecified" value="16" />
  <attribute name="heapSize specified" value="144375808" />
  <attribute name="Current GC Util" value="13" />
  <attribute name= "Current Time Running" value="151377" />
  <attribute name ="GC Interval" value="2241" />
  <attribute name="Target GC Util Change" value ="80.000000" />
  <attribute name="Current GC Util Change" value="13.000000"/>
  <attribute name="Current Error" value="130.000000" />
  <attribute name="Output H" value="144582712"/>
  <attribute name="Output I" value="2240"/>
  <attribute name="Output T" value="16"/>
  <attribute name= "Current Time Running" value="151377" />
  <attribute name="GC Util currently" value="13" />
  <attribute name="CPU Util currently" value="2956530469" />
<allocation-satisfied id="4746" threadId="0000000000E2F100" bytesRequested="8200" />
<af-end id="4747" timestamp="2019-08-08T09:22:40.282" threadId="0000000000E2FA88" success="true" from="nursery"/>
<exclusive-end id="4748" timestamp="2019-08-08T09:22:40.282" durationms="59.804" />

<exclusive-start id="4749" timestamp="2019-08-08T09:22:41.300" intervalms="1077.571">
  <response-info timems="11.190" idlems="6.927" threads="5" lastid="0000000000E18900" lastname="PmdThread 10" />
</exclusive-start>
<af-start id="4750" threadId="0000000000E0DF88" totalBytesRequested="72" timestamp="2019-08-08T09:22:41.300" intervalms="1077.592" type="nursery" />
<cycle-start id="4751" type="scavenge" contextid="0" timestamp="2019-08-08T09:22:41.300" intervalms="1077.631" />
<gc-start id="4752" type="scavenge" contextid="4751" timestamp="2019-08-08T09:22:41.301">
  <mem-info id="4753" free="1203520" total="153944064" percent="0">
    <mem type="nursery" free="0" total="133955584" percent="0">
      <mem type="allocate" free="0" total="102170624" percent="0" />
      <mem type="survivor" free="0" total="31784960" percent="0" />
    </mem>
    <mem type="tenure" free="1203520" total="19988480" percent="6">
      <mem type="soa" free="1003840" total="19788800" percent="5" />
      <mem type="loa" free="199680" total="199680" percent="100" />
    </mem>
    <remembered-set count="3635" />
  </mem-info>
</gc-start>
<allocation-stats totalBytes="83132368" >
  <allocated-bytes non-tlh="467688" tlh="82664680" />
  <largest-consumer threadName="PmdThread 1" threadId="0000000000E14D00" bytes="20592624" />
</allocation-stats>
<gc-op id="4754" type="scavenge" timems="95.389" contextid="4751" timestamp="2019-08-08T09:22:41.396">
  <scavenger-info tenureage="3" tenuremask="ffe8" tiltratio="76" />
  <memory-copied type="nursery" objects="521251" bytes="21385448" bytesdiscarded="222936" />
  <memory-copied type="tenure" objects="105" bytes="139720" bytesdiscarded="72" />
  <finalization candidates="4" enqueued="0" />
  <ownableSynchronizers candidates="19" cleared="0" />
  <references type="soft" candidates="157" cleared="0" enqueued="0" dynamicThreshold="3" maxThreshold="32" />
  <references type="weak" candidates="1192" cleared="790" enqueued="789" />
  <references type="phantom" candidates="282" cleared="86" enqueued="86" />
</gc-op>
<heap-resize id="4755" type="expand" space="nursery" amount="4980736" count="1" timems="0.026" reason="excessive time being spent scavenging" timestamp="2019-08-08T09:22:41.400" />
<gc-end id="4756" type="scavenge" contextid="4751" durationms="99.881" usertimems="230.137" systemtimems="0.000" timestamp="2019-08-08T09:22:41.400" activeThreads="16">
  <mem-info id="4757" free="88022424" total="158924800" percent="55">
    <mem type="nursery" free="87331208" total="138936320" percent="62">
      <mem type="allocate" free="87331208" total="108986368" percent="80" />
      <mem type="survivor" free="0" total="29949952" percent="0" />
    </mem>
    <mem type="tenure" free="691216" total="19988480" percent="3" macro-fragmented="0">
      <mem type="soa" free="491536" total="19788800" percent="2" />
      <mem type="loa" free="199680" total="199680" percent="100" />
    </mem>
    <pending-finalizers system="0" default="0" reference="875" classloader="0" />
    <remembered-set count="1219" />
  </mem-info>
</gc-end>
<cycle-end id="4758" type="scavenge" contextid="4751" timestamp="2019-08-08T09:22:41.401" />
  <attribute name="elasticGC enabled" value="1" />
  <attribute name= "numThreadsSpecified" value="16" />
  <attribute name="heapSize specified" value="144375808" />
  <attribute name="Current GC Util" value="24" />
  <attribute name= "Current Time Running" value="152455" />
  <attribute name ="GC Interval" value="2345" />
  <attribute name="Target GC Util Change" value ="80.000000" />
  <attribute name="Current GC Util Change" value="24.000000"/>
  <attribute name="Current Error" value="186.000000" />
  <attribute name="Output H" value="154019960"/>
  <attribute name="Output I" value="2344"/>
  <attribute name="Output T" value="16"/>
  <attribute name= "Current Time Running" value="152455" />
  <attribute name="GC Util currently" value="24" />
  <attribute name="CPU Util currently" value="1069403229" />
<allocation-satisfied id="4759" threadId="0000000000E0D600" bytesRequested="72" />
<af-end id="4760" timestamp="2019-08-08T09:22:41.401" threadId="0000000000E0DF88" success="true" from="nursery"/>
<exclusive-end id="4761" timestamp="2019-08-08T09:22:41.401" durationms="100.595" />

<exclusive-start id="4762" timestamp="2019-08-08T09:22:42.637" intervalms="1336.348">
  <response-info timems="16.414" idlems="13.788" threads="2" lastid="0000000000E09A00" lastname="PmdThread 15" />
</exclusive-start>
<af-start id="4763" threadId="0000000000E02B88" totalBytesRequested="1728" timestamp="2019-08-08T09:22:42.637" intervalms="1336.319" type="nursery" />
<cycle-start id="4764" type="scavenge" contextid="0" timestamp="2019-08-08T09:22:42.637" intervalms="1336.269" />
<gc-start id="4765" type="scavenge" contextid="4764" timestamp="2019-08-08T09:22:42.637">
  <mem-info id="4766" free="677312" total="158924800" percent="0">
    <mem type="nursery" free="0" total="138936320" percent="0">
      <mem type="allocate" free="0" total="108986368" percent="0" />
      <mem type="survivor" free="0" total="29949952" percent="0" />
    </mem>
    <mem type="tenure" free="677312" total="19988480" percent="3">
      <mem type="soa" free="477632" total="19788800" percent="2" />
      <mem type="loa" free="199680" total="199680" percent="100" />
    </mem>
    <remembered-set count="1372" />
  </mem-info>
</gc-start>
<allocation-stats totalBytes="87304632" >
  <allocated-bytes non-tlh="13976" tlh="87290656" />
  <largest-consumer threadName="PmdThread 5" threadId="0000000000E23D00" bytes="14162344" />
</allocation-stats>
<gc-op id="4767" type="scavenge" timems="501.463" contextid="4764" timestamp="2019-08-08T09:22:43.138">
  <scavenger-info tenureage="5" tenuremask="ffe0" tiltratio="78" />
  <memory-copied type="nursery" objects="499977" bytes="20777248" bytesdiscarded="309376" />
  <finalization candidates="4" enqueued="0" />
  <ownableSynchronizers candidates="19" cleared="0" />
  <references type="soft" candidates="157" cleared="0" enqueued="0" dynamicThreshold="3" maxThreshold="32" />
  <references type="weak" candidates="1233" cleared="827" enqueued="824" />
  <references type="phantom" candidates="295" cleared="96" enqueued="96" />
</gc-op>
<heap-resize id="4768" type="expand" space="nursery" amount="19005440" count="1" timems="0.020" reason="excessive time being spent scavenging" timestamp="2019-08-08T09:22:43.139" />
<gc-end id="4769" type="scavenge" contextid="4764" durationms="501.999" usertimems="290.189" systemtimems="297.620" timestamp="2019-08-08T09:22:43.139" activeThreads="16">
  <mem-info id="4770" free="107689520" total="177930240" percent="60">
    <mem type="nursery" free="107012208" total="157941760" percent="67">
      <mem type="allocate" free="107012208" total="128122880" percent="83" />
      <mem type="survivor" free="0" total="29818880" percent="0" />
    </mem>
    <mem type="tenure" free="677312" total="19988480" percent="3" macro-fragmented="535509">
      <mem type="soa" free="477632" total="19788800" percent="2" />
      <mem type="loa" free="199680" total="199680" percent="100" />
    </mem>
    <pending-finalizers system="0" default="0" reference="920" classloader="0" />
    <remembered-set count="1251" />
  </mem-info>
</gc-end>
<cycle-end id="4771" type="scavenge" contextid="4764" timestamp="2019-08-08T09:22:43.139" />
  <attribute name="elasticGC enabled" value="1" />
  <attribute name= "numThreadsSpecified" value="16" />
  <attribute name="heapSize specified" value="144375808" />
  <attribute name="Current GC Util" value="15" />
  <attribute name= "Current Time Running" value="153790" />
  <attribute name ="GC Interval" value="2457" />
  <attribute name="Target GC Util Change" value ="80.000000" />
  <attribute name="Current GC Util Change" value="15.000000"/>
  <attribute name="Current Error" value="251.000000" />
  <attribute name="Output H" value="159000776"/>
  <attribute name="Output I" value="2456"/>
  <attribute name="Output T" value="16"/>
  <attribute name= "Current Time Running" value="153790" />
  <attribute name="GC Util currently" value="15" />
  <attribute name="CPU Util currently" value="7" />
<allocation-satisfied id="4772" threadId="0000000000E02200" bytesRequested="1728" />
<af-end id="4773" timestamp="2019-08-08T09:22:43.139" threadId="0000000000E02B88" success="true" from="nursery"/>
<exclusive-end id="4774" timestamp="2019-08-08T09:22:43.139" durationms="502.669" />

<exclusive-start id="4775" timestamp="2019-08-08T09:22:44.125" intervalms="1488.393">
  <response-info timems="3.487" idlems="1.780" threads="1" lastid="0000000000E02200" lastname="PmdThread 9" />
</exclusive-start>
<af-start id="4776" threadId="0000000000DEFF88" totalBytesRequested="24" timestamp="2019-08-08T09:22:44.125" intervalms="1488.386" type="nursery" />
<cycle-start id="4777" type="scavenge" contextid="0" timestamp="2019-08-08T09:22:44.125" intervalms="1488.378" />
<gc-start id="4778" type="scavenge" contextid="4777" timestamp="2019-08-08T09:22:44.125">
  <mem-info id="4779" free="657080" total="177930240" percent="0">
    <mem type="nursery" free="0" total="157941760" percent="0">
      <mem type="allocate" free="0" total="128122880" percent="0" />
      <mem type="survivor" free="0" total="29818880" percent="0" />
    </mem>
    <mem type="tenure" free="657080" total="19988480" percent="3">
      <mem type="soa" free="457400" total="19788800" percent="2" />
      <mem type="loa" free="199680" total="199680" percent="100" />
    </mem>
    <remembered-set count="1460" />
  </mem-info>
</gc-start>
<allocation-stats totalBytes="106979440" >
  <allocated-bytes non-tlh="151840" tlh="106827600" />
  <largest-consumer threadName="PmdThread 5" threadId="0000000000E23D00" bytes="13742184" />
</allocation-stats>
<gc-op id="4780" type="scavenge" timems="74.248" contextid="4777" timestamp="2019-08-08T09:22:44.199">
  <scavenger-info tenureage="5" tenuremask="ffe0" tiltratio="81" />
  <memory-copied type="nursery" objects="430782" bytes="18349888" bytesdiscarded="498960" />
  <finalization candidates="4" enqueued="0" />
  <ownableSynchronizers candidates="19" cleared="0" />
  <references type="soft" candidates="157" cleared="0" enqueued="0" dynamicThreshold="3" maxThreshold="32" />
  <references type="weak" candidates="2069" cleared="1659" enqueued="1648" />
  <references type="phantom" candidates="361" cleared="165" enqueued="165" />
</gc-op>
<gc-end id="4781" type="scavenge" contextid="4777" durationms="80.548" usertimems="132.236" systemtimems="64.417" timestamp="2019-08-08T09:22:44.206" activeThreads="16">
  <mem-info id="4782" free="113644280" total="177930240" percent="63">
    <mem type="nursery" free="112987200" total="157941760" percent="71">
      <mem type="allocate" free="112987200" total="131858432" percent="85" />
      <mem type="survivor" free="0" total="26083328" percent="0" />
    </mem>
    <mem type="tenure" free="657080" total="19988480" percent="3" macro-fragmented="39130">
      <mem type="soa" free="457400" total="19788800" percent="2" />
      <mem type="loa" free="199680" total="199680" percent="100" />
    </mem>
    <pending-finalizers system="0" default="0" reference="1813" classloader="0" />
    <remembered-set count="1378" />
  </mem-info>
</gc-end>
<cycle-end id="4783" type="scavenge" contextid="4777" timestamp="2019-08-08T09:22:44.206" />
  <attribute name="elasticGC enabled" value="1" />
  <attribute name= "numThreadsSpecified" value="16" />
  <attribute name="heapSize specified" value="144375808" />
  <attribute name="Current GC Util" value="38" />
  <attribute name= "Current Time Running" value="155279" />
  <attribute name ="GC Interval" value="2089" />
  <attribute name="Target GC Util Change" value ="80.000000" />
  <attribute name="Current GC Util Change" value="38.000000"/>
  <attribute name="Current Error" value="42.000000" />
  <attribute name="Output H" value="178005968"/>
  <attribute name="Output I" value="2088"/>
  <attribute name="Output T" value="16"/>
  <attribute name= "Current Time Running" value="155279" />
  <attribute name="GC Util currently" value="38" />
  <attribute name="CPU Util currently" value="5" />
<allocation-satisfied id="4784" threadId="0000000000DEF600" bytesRequested="24" />
<af-end id="4785" timestamp="2019-08-08T09:22:44.206" threadId="0000000000DEFF88" success="true" from="nursery"/>
<exclusive-end id="4786" timestamp="2019-08-08T09:22:44.206" durationms="81.275" />

<exclusive-start id="4787" timestamp="2019-08-08T09:22:45.553" intervalms="1427.678">
  <response-info timems="0.046" idlems="0.046" threads="0" lastid="0000000000E14D00" lastname="PmdThread 1" />
</exclusive-start>
<af-start id="4788" threadId="0000000000E15688" totalBytesRequested="16" timestamp="2019-08-08T09:22:45.553" intervalms="1427.659" type="nursery" />
<cycle-start id="4789" type="scavenge" contextid="0" timestamp="2019-08-08T09:22:45.553" intervalms="1427.650" />
<gc-start id="4790" type="scavenge" contextid="4789" timestamp="2019-08-08T09:22:45.553">
  <mem-info id="4791" free="638568" total="177930240" percent="0">
    <mem type="nursery" free="0" total="157941760" percent="0">
      <mem type="allocate" free="0" total="131858432" percent="0" />
      <mem type="survivor" free="0" total="26083328" percent="0" />
    </mem>
    <mem type="tenure" free="638568" total="19988480" percent="3">
      <mem type="soa" free="438888" total="19788800" percent="2" />
      <mem type="loa" free="199680" total="199680" percent="100" />
    </mem>
    <remembered-set count="1600" />
  </mem-info>
</gc-start>
<allocation-stats totalBytes="112919208" >
  <allocated-bytes non-tlh="18536" tlh="112900672" />
  <largest-consumer threadName="PmdThread 1" threadId="0000000000E14D00" bytes="51451928" />
</allocation-stats>
<gc-op id="4792" type="scavenge" timems="164.620" contextid="4789" timestamp="2019-08-08T09:22:45.718">
  <scavenger-info tenureage="4" tenuremask="ffd0" tiltratio="83" />
  <memory-copied type="nursery" objects="256210" bytes="10806696" bytesdiscarded="349728" />
  <memory-copied type="tenure" objects="129089" bytes="4867752" bytesdiscarded="2288" />
  <finalization candidates="4" enqueued="0" />
  <ownableSynchronizers candidates="19" cleared="15" />
  <references type="soft" candidates="133" cleared="0" enqueued="0" dynamicThreshold="3" maxThreshold="32" />
  <references type="weak" candidates="2547" cleared="2216" enqueued="2216" />
  <references type="phantom" candidates="287" cleared="94" enqueued="94" />
  <heap-resize type="expand" space="tenure" amount="4456448" count="68" timems="68.554" reason="continue current collection" />
</gc-op>
<heap-resize id="4793" type="expand" space="nursery" amount="9830400" count="1" timems="0.030" reason="excessive time being spent scavenging" timestamp="2019-08-08T09:22:45.718" />
<gc-end id="4794" type="scavenge" contextid="4789" durationms="165.118" usertimems="151.368" systemtimems="89.360" timestamp="2019-08-08T09:22:45.718" activeThreads="16">
  <mem-info id="4795" free="129971120" total="192217088" percent="67">
    <mem type="nursery" free="129710256" total="167772160" percent="77">
      <mem type="allocate" free="129710256" total="140902400" percent="92" />
      <mem type="survivor" free="0" total="26869760" percent="0" />
    </mem>
    <mem type="tenure" free="260864" total="24444928" percent="1" macro-fragmented="242284">
      <mem type="soa" free="17152" total="24201216" percent="0" />
      <mem type="loa" free="243712" total="243712" percent="100" />
    </mem>
    <pending-finalizers system="0" default="0" reference="2310" classloader="0" />
    <remembered-set count="64958" />
  </mem-info>
</gc-end>
<cycle-end id="4796" type="scavenge" contextid="4789" timestamp="2019-08-08T09:22:45.719" />
  <attribute name="elasticGC enabled" value="1" />
  <attribute name= "numThreadsSpecified" value="16" />
  <attribute name="heapSize specified" value="144375808" />
  <attribute name="Current GC Util" value="12" />
  <attribute name= "Current Time Running" value="156707" />
  <attribute name ="GC Interval" value="2209" />
  <attribute name="Target GC Util Change" value ="80.000000" />
  <attribute name="Current GC Util Change" value="12.000000"/>
  <attribute name="Current Error" value="110.000000" />
  <attribute name="Output H" value="178006048"/>
  <attribute name="Output I" value="2208"/>
  <attribute name="Output T" value="16"/>
  <attribute name= "Current Time Running" value="156707" />
  <attribute name="GC Util currently" value="12" />
  <attribute name="CPU Util currently" value="8" />
<allocation-satisfied id="4797" threadId="0000000000E14D00" bytesRequested="16" />
<af-end id="4798" timestamp="2019-08-08T09:22:45.719" threadId="0000000000E15688" success="true" from="nursery"/>
<exclusive-end id="4799" timestamp="2019-08-08T09:22:45.719" durationms="166.591" />

===== DaCapo 9.12-MR1 pmd PASSED in 7413 msec =====
Using scaled threading model. 16 processors detected, 16 threads used to drive the workload, in a possible range of [1,512]
<exclusive-start id="4800" timestamp="2019-08-08T09:22:46.204" intervalms="650.926">
  <response-info timems="0.070" idlems="0.070" threads="0" lastid="0000000000AEAF00" lastname="main" />
</exclusive-start>
<af-start id="4801" threadId="0000000000AEB888" totalBytesRequested="88" timestamp="2019-08-08T09:22:46.204" intervalms="650.973" type="tenure" />
<cycle-start id="4802" type="global" contextid="0" timestamp="2019-08-08T09:22:46.204" intervalms="7652.168" />
<gc-start id="4803" type="global" contextid="4802" timestamp="2019-08-08T09:22:46.204">
  <mem-info id="4804" free="110276768" total="192217088" percent="57">
    <mem type="nursery" free="110033056" total="167772160" percent="65">
      <mem type="allocate" free="110033056" total="140902400" percent="78" />
      <mem type="survivor" free="0" total="26869760" percent="0" />
    </mem>
    <mem type="tenure" free="243712" total="24444928" percent="0">
      <mem type="soa" free="0" total="24201216" percent="0" />
      <mem type="loa" free="243712" total="243712" percent="100" />
    </mem>
    <remembered-set count="65362" />
  </mem-info>
</gc-start>
<allocation-stats totalBytes="19689448" >
  <allocated-bytes non-tlh="16488" tlh="19672960" />
  <largest-consumer threadName="main" threadId="0000000000AEAF00" bytes="1636328" />
</allocation-stats>
<gc-op id="4805" type="mark" timems="121.326" contextid="4802" timestamp="2019-08-08T09:22:46.325">
  <trace-info objectcount="616845" scancount="533714" scanbytes="13864040" />
  <finalization candidates="150" enqueued="1" />
  <ownableSynchronizers candidates="27" cleared="4" />
  <references type="soft" candidates="2033" cleared="0" enqueued="0" dynamicThreshold="3" maxThreshold="32" />
  <references type="weak" candidates="6152" cleared="66" enqueued="45" />
  <references type="phantom" candidates="304" cleared="5" enqueued="5" />
  <stringconstants candidates="15728" cleared="5"  />
</gc-op>
<gc-op id="4806" type="sweep" timems="13.639" contextid="4802" timestamp="2019-08-08T09:22:46.339" />
<mem-info id="4807" free="145978280" total="192217088" percent="75">
  <mem type="nursery" free="140203536" total="167772160" percent="83">
    <mem type="allocate" free="140203536" total="140902400" percent="99" />
    <mem type="survivor" free="0" total="26869760" percent="0" />
  </mem>
  <mem type="tenure" free="5774744" total="24444928" percent="23" micro-fragmented="0" macro-fragmented="2160235">
    <mem type="soa" free="5531032" total="24201216" percent="22" />
    <mem type="loa" free="243712" total="243712" percent="100" />
  </mem>
  <pending-finalizers system="1" default="0" reference="50" classloader="0" />
  <remembered-set count="1874" />
</mem-info>
<gc-op id="4808" type="compact" timems="428.766" contextid="4802" timestamp="2019-08-08T09:22:46.768">
  <compact-info movecount="610341" movebytes="18989096" reason="compact to aid heap contraction" />
</gc-op>
<heap-resize id="4809" type="expand" space="tenure" amount="131072" count="1" timems="0.030" reason="satisfy allocation request" timestamp="2019-08-08T09:22:46.769" />
<gc-end id="4810" type="global" contextid="4802" durationms="565.513" usertimems="482.019" systemtimems="210.181" timestamp="2019-08-08T09:22:46.769" activeThreads="16">
  <mem-info id="4811" free="146214992" total="192348160" percent="76">
    <mem type="nursery" free="140297096" total="167772160" percent="83">
      <mem type="allocate" free="140297096" total="140902400" percent="99" />
      <mem type="survivor" free="0" total="26869760" percent="0" />
    </mem>
    <mem type="tenure" free="5917896" total="24576000" percent="24">
      <mem type="soa" free="5672136" total="24330240" percent="23" />
      <mem type="loa" free="245760" total="245760" percent="100" />
    </mem>
    <pending-finalizers system="1" default="0" reference="50" classloader="0" />
    <remembered-set count="1874" />
  </mem-info>
</gc-end>
<cycle-end id="4812" type="global" contextid="4802" timestamp="2019-08-08T09:22:46.769" />
  <attribute name="elasticGC enabled" value="1" />
  <attribute name= "numThreadsSpecified" value="16" />
  <attribute name="heapSize specified" value="192217088" />
  <attribute name="Current GC Util" value="29" />
  <attribute name= "Current Time Running" value="157922" />
  <attribute name ="GC Interval" value="2209" />
  <attribute name="Target GC Util Change" value ="80.000000" />
  <attribute name="Current GC Util Change" value="29.000000"/>
  <attribute name="Current Error" value="64.000000" />
  <attribute name="Output H" value="192292848"/>
  <attribute name="Output I" value="2128"/>
  <attribute name="Output T" value="16"/>
  <attribute name= "Current Time Running" value="157922" />
  <attribute name="GC Util currently" value="29" />
  <attribute name="CPU Util currently" value="2688737583" />
<allocation-satisfied id="4813" threadId="0000000000AEAF00" bytesRequested="88" />
<af-end id="4814" timestamp="2019-08-08T09:22:46.769" threadId="0000000000AEB888" success="true" from="tenure-soa"/>
<exclusive-end id="4815" timestamp="2019-08-08T09:22:46.769" durationms="565.877" />

<exclusive-start id="4816" timestamp="2019-08-08T09:22:47.097" intervalms="893.817">
  <response-info timems="0.023" idlems="0.023" threads="0" lastid="0000000000AEAF00" lastname="main" />
</exclusive-start>
<sys-start reason="explicit" id="4817" timestamp="2019-08-08T09:22:47.097" intervalms="8545.943" />
<cycle-start id="4818" type="global" contextid="0" timestamp="2019-08-08T09:22:47.097" intervalms="893.778" />
<gc-start id="4819" type="global" contextid="4818" timestamp="2019-08-08T09:22:47.098">
  <mem-info id="4820" free="138061248" total="192348160" percent="71">
    <mem type="nursery" free="132162416" total="167772160" percent="78">
      <mem type="allocate" free="132162416" total="140902400" percent="93" />
      <mem type="survivor" free="0" total="26869760" percent="0" />
    </mem>
    <mem type="tenure" free="5898832" total="24576000" percent="24">
      <mem type="soa" free="5653072" total="24330240" percent="23" />
      <mem type="loa" free="245760" total="245760" percent="100" />
    </mem>
    <remembered-set count="2130" />
  </mem-info>
</gc-start>
<allocation-stats totalBytes="8151312" >
  <allocated-bytes non-tlh="2902760" tlh="5248552" />
  <largest-consumer threadName="main" threadId="0000000000AEAF00" bytes="8147216" />
</allocation-stats>
<gc-op id="4821" type="mark" timems="60.364" contextid="4818" timestamp="2019-08-08T09:22:47.158">
  <trace-info objectcount="608688" scancount="527697" scanbytes="13668768" />
  <finalization candidates="151" enqueued="0" />
  <ownableSynchronizers candidates="23" cleared="0" />
  <references type="soft" candidates="1907" cleared="0" enqueued="0" dynamicThreshold="7" maxThreshold="32" />
  <references type="weak" candidates="6107" cleared="15" enqueued="10" />
  <references type="phantom" candidates="300" cleared="9" enqueued="9" />
  <stringconstants candidates="15830" cleared="1770"  />
</gc-op>
<gc-op id="4822" type="classunload" timems="24.119" contextid="4818" timestamp="2019-08-08T09:22:47.182">
  <classunload-info classloadercandidates="59" classloadersunloaded="5" classesunloaded="1007" anonymousclassesunloaded="0" quiescems="0.000" setupms="10.905" scanms="13.203" postms="0.011" />
</gc-op>
<gc-op id="4823" type="sweep" timems="3.516" contextid="4818" timestamp="2019-08-08T09:22:47.186" />
<mem-info id="4824" free="144496272" total="192348160" percent="75">
  <mem type="nursery" free="138349544" total="167772160" percent="82">
    <mem type="allocate" free="138349544" total="140902400" percent="98" />
    <mem type="survivor" free="0" total="26869760" percent="0" />
  </mem>
  <mem type="tenure" free="6146728" total="24576000" percent="25" micro-fragmented="6214" macro-fragmented="4479464">
    <mem type="soa" free="5900968" total="24330240" percent="24" />
    <mem type="loa" free="245760" total="245760" percent="100" />
  </mem>
  <pending-finalizers system="0" default="0" reference="19" classloader="0" />
  <remembered-set count="1051" />
</mem-info>
<gc-op id="4825" type="compact" timems="163.709" contextid="4818" timestamp="2019-08-08T09:22:47.350">
  <compact-info movecount="601404" movebytes="20616728" reason="compact to aid heap contraction" />
</gc-op>
<heap-resize id="4826" type="expand" space="tenure" amount="131072" count="1" timems="0.022" reason="satisfy allocation request" timestamp="2019-08-08T09:22:47.353" />
<gc-end id="4827" type="global" contextid="4818" durationms="255.569" usertimems="323.370" systemtimems="27.971" timestamp="2019-08-08T09:22:47.353" activeThreads="16">
  <mem-info id="4828" free="144692744" total="192479232" percent="75">
    <mem type="nursery" free="138398040" total="167772160" percent="82">
      <mem type="allocate" free="138398040" total="140902400" percent="98" />
      <mem type="survivor" free="0" total="26869760" percent="0" />
    </mem>
    <mem type="tenure" free="6294704" total="24707072" percent="25">
      <mem type="soa" free="6047920" total="24460288" percent="24" />
      <mem type="loa" free="246784" total="246784" percent="100" />
    </mem>
    <pending-finalizers system="0" default="0" reference="19" classloader="0" />
    <remembered-set count="1051" />
  </mem-info>
</gc-end>
<cycle-end id="4829" type="global" contextid="4818" timestamp="2019-08-08T09:22:47.355" />
  <attribute name="elasticGC enabled" value="1" />
  <attribute name= "numThreadsSpecified" value="16" />
  <attribute name="heapSize specified" value="192348160" />
  <attribute name="Current GC Util" value="12" />
  <attribute name= "Current Time Running" value="158503" />
  <attribute name ="GC Interval" value="2209" />
  <attribute name="Target GC Util Change" value ="80.000000" />
  <attribute name="Current GC Util Change" value="12.000000"/>
  <attribute name="Current Error" value="-99.000000" />
  <attribute name="Output H" value="192423728"/>
  <attribute name="Output I" value="1832"/>
  <attribute name="Output T" value="16"/>
  <attribute name= "Current Time Running" value="158503" />
  <attribute name="GC Util currently" value="12" />
  <attribute name="CPU Util currently" value="7042366719" />
<sys-end id="4830" timestamp="2019-08-08T09:22:47.355" />
<exclusive-end id="4831" timestamp="2019-08-08T09:22:47.355" durationms="257.600" />

===== DaCapo 9.12-MR1 sunflow starting =====
<exclusive-start id="4832" timestamp="2019-08-08T09:22:47.976" intervalms="878.277">
  <response-info timems="5.797" idlems="5.797" threads="0" lastid="0000000000DE0700" lastname="Thread-34" />
</exclusive-start>
<af-start id="4833" threadId="0000000000DE1088" totalBytesRequested="40" timestamp="2019-08-08T09:22:47.976" intervalms="1772.096" type="nursery" />
<cycle-start id="4834" type="scavenge" contextid="0" timestamp="2019-08-08T09:22:47.976" intervalms="2423.076" />
<gc-start id="4835" type="scavenge" contextid="4834" timestamp="2019-08-08T09:22:47.976">
  <mem-info id="4836" free="6231800" total="192479232" percent="3">
    <mem type="nursery" free="0" total="167772160" percent="0">
      <mem type="allocate" free="0" total="140902400" percent="0" />
      <mem type="survivor" free="0" total="26869760" percent="0" />
    </mem>
    <mem type="tenure" free="6231800" total="24707072" percent="25">
      <mem type="soa" free="5985016" total="24460288" percent="24" />
      <mem type="loa" free="246784" total="246784" percent="100" />
    </mem>
    <remembered-set count="1915" />
  </mem-info>
</gc-start>
<allocation-stats totalBytes="138381072" >
  <allocated-bytes non-tlh="3374440" tlh="135006632" />
  <largest-consumer threadName="Thread-27" threadId="0000000000E14D00" bytes="13219640" />
</allocation-stats>
<gc-op id="4837" type="scavenge" timems="6.572" contextid="4834" timestamp="2019-08-08T09:22:47.983">
  <scavenger-info tenureage="7" tenuremask="ff80" tiltratio="83" />
  <memory-copied type="nursery" objects="120669" bytes="8759792" bytesdiscarded="328392" />
  <finalization candidates="71" enqueued="0" />
  <ownableSynchronizers candidates="44" cleared="42" />
  <references type="soft" candidates="57" cleared="0" enqueued="0" dynamicThreshold="8" maxThreshold="32" />
  <references type="weak" candidates="507" cleared="29" enqueued="27" />
  <references type="phantom" candidates="197" cleared="0" enqueued="0" />
</gc-op>
<gc-end id="4838" type="scavenge" contextid="4834" durationms="7.019" usertimems="23.323" systemtimems="5.425" timestamp="2019-08-08T09:22:47.983" activeThreads="16">
  <mem-info id="4839" free="142108736" total="192479232" percent="73">
    <mem type="nursery" free="135876936" total="167772160" percent="80">
      <mem type="allocate" free="135876936" total="144965632" percent="93" />
      <mem type="survivor" free="0" total="22806528" percent="0" />
    </mem>
    <mem type="tenure" free="6231800" total="24707072" percent="25" macro-fragmented="5375357">
      <mem type="soa" free="5985016" total="24460288" percent="24" />
      <mem type="loa" free="246784" total="246784" percent="100" />
    </mem>
    <pending-finalizers system="0" default="0" reference="27" classloader="0" />
    <remembered-set count="1880" />
  </mem-info>
</gc-end>
<cycle-end id="4840" type="scavenge" contextid="4834" timestamp="2019-08-08T09:22:47.983" />
  <attribute name="elasticGC enabled" value="1" />
  <attribute name= "numThreadsSpecified" value="16" />
  <attribute name="heapSize specified" value="192348160" />
  <attribute name="Current GC Util" value="31" />
  <attribute name= "Current Time Running" value="159130" />
  <attribute name ="GC Interval" value="1921" />
  <attribute name="Target GC Util Change" value ="80.000000" />
  <attribute name="Current GC Util Change" value="31.000000"/>
  <attribute name="Current Error" value="-50.000000" />
  <attribute name="Output H" value="192554856"/>
  <attribute name="Output I" value="1920"/>
  <attribute name="Output T" value="16"/>
  <attribute name= "Current Time Running" value="159130" />
  <attribute name="GC Util currently" value="31" />
  <attribute name="CPU Util currently" value="1841460326" />
<allocation-satisfied id="4841" threadId="0000000000DE0700" bytesRequested="40" />
<af-end id="4842" timestamp="2019-08-08T09:22:47.983" threadId="0000000000DE1088" success="true" from="nursery"/>
<exclusive-end id="4843" timestamp="2019-08-08T09:22:47.983" durationms="7.652" />

<exclusive-start id="4844" timestamp="2019-08-08T09:22:48.159" intervalms="183.013">
  <response-info timems="0.321" idlems="0.321" threads="0" lastid="0000000000E27900" lastname="Thread-24" />
</exclusive-start>
<af-start id="4845" threadId="0000000000E28288" totalBytesRequested="40" timestamp="2019-08-08T09:22:48.159" intervalms="182.966" type="nursery" />
<cycle-start id="4846" type="scavenge" contextid="0" timestamp="2019-08-08T09:22:48.159" intervalms="182.968" />
<gc-start id="4847" type="scavenge" contextid="4846" timestamp="2019-08-08T09:22:48.159">
  <mem-info id="4848" free="6231800" total="192479232" percent="3">
    <mem type="nursery" free="0" total="167772160" percent="0">
      <mem type="allocate" free="0" total="144965632" percent="0" />
      <mem type="survivor" free="0" total="22806528" percent="0" />
    </mem>
    <mem type="tenure" free="6231800" total="24707072" percent="25">
      <mem type="soa" free="5985016" total="24460288" percent="24" />
      <mem type="loa" free="246784" total="246784" percent="100" />
    </mem>
    <remembered-set count="1881" />
  </mem-info>
</gc-start>
<allocation-stats totalBytes="135860880" >
  <allocated-bytes non-tlh="40" tlh="135860840" />
  <largest-consumer threadName="Thread-21" threadId="0000000000E02200" bytes="17266760" />
</allocation-stats>
<gc-op id="4849" type="scavenge" timems="8.131" contextid="4846" timestamp="2019-08-08T09:22:48.167">
  <scavenger-info tenureage="6" tenuremask="ff40" tiltratio="86" />
  <memory-copied type="nursery" objects="133252" bytes="9327984" bytesdiscarded="218848" />
  <finalization candidates="71" enqueued="0" />
  <ownableSynchronizers candidates="2" cleared="0" />
  <references type="soft" candidates="57" cleared="0" enqueued="0" dynamicThreshold="8" maxThreshold="32" />
  <references type="weak" candidates="478" cleared="0" enqueued="0" />
  <references type="phantom" candidates="197" cleared="0" enqueued="0" />
</gc-op>
<gc-end id="4850" type="scavenge" contextid="4846" durationms="8.837" usertimems="22.208" systemtimems="10.763" timestamp="2019-08-08T09:22:48.168" activeThreads="16">
  <mem-info id="4851" free="143812808" total="192479232" percent="74">
    <mem type="nursery" free="137581008" total="167772160" percent="82">
      <mem type="allocate" free="137581008" total="147128320" percent="93" />
      <mem type="survivor" free="0" total="20643840" percent="0" />
    </mem>
    <mem type="tenure" free="6231800" total="24707072" percent="25" macro-fragmented="5375357">
      <mem type="soa" free="5985016" total="24460288" percent="24" />
      <mem type="loa" free="246784" total="246784" percent="100" />
    </mem>
    <remembered-set count="1820" />
  </mem-info>
</gc-end>
<cycle-end id="4852" type="scavenge" contextid="4846" timestamp="2019-08-08T09:22:48.168" />
  <attribute name="elasticGC enabled" value="1" />
  <attribute name= "numThreadsSpecified" value="16" />
  <attribute name="heapSize specified" value="192348160" />
  <attribute name="Current GC Util" value="15" />
  <attribute name= "Current Time Running" value="159312" />
  <attribute name ="GC Interval" value="2041" />
  <attribute name="Target GC Util Change" value ="80.000000" />
  <attribute name="Current GC Util Change" value="15.000000"/>
  <attribute name="Current Error" value="15.000000" />
  <attribute name="Output H" value="192554936"/>
  <attribute name="Output I" value="2040"/>
  <attribute name="Output T" value="16"/>
  <attribute name= "Current Time Running" value="159312" />
  <attribute name="GC Util currently" value="15" />
  <attribute name="CPU Util currently" value="6303080591" />
<allocation-satisfied id="4853" threadId="0000000000E27900" bytesRequested="40" />
<af-end id="4854" timestamp="2019-08-08T09:22:48.168" threadId="0000000000E28288" success="true" from="nursery"/>
<exclusive-end id="4855" timestamp="2019-08-08T09:22:48.168" durationms="9.488" />

<exclusive-start id="4856" timestamp="2019-08-08T09:22:48.479" intervalms="320.274">
  <response-info timems="1.405" idlems="0.762" threads="13" lastid="0000000000E0D600" lastname="Thread-35" />
</exclusive-start>
<af-start id="4857" threadId="0000000000DE1088" totalBytesRequested="40" timestamp="2019-08-08T09:22:48.479" intervalms="320.279" type="nursery" />
<cycle-start id="4858" type="scavenge" contextid="0" timestamp="2019-08-08T09:22:48.479" intervalms="320.273" />
<gc-start id="4859" type="scavenge" contextid="4858" timestamp="2019-08-08T09:22:48.479">
  <mem-info id="4860" free="6231800" total="192479232" percent="3">
    <mem type="nursery" free="0" total="167772160" percent="0">
      <mem type="allocate" free="0" total="147128320" percent="0" />
      <mem type="survivor" free="0" total="20643840" percent="0" />
    </mem>
    <mem type="tenure" free="6231800" total="24707072" percent="25">
      <mem type="soa" free="5985016" total="24460288" percent="24" />
      <mem type="loa" free="246784" total="246784" percent="100" />
    </mem>
    <remembered-set count="1820" />
  </mem-info>
</gc-start>
<allocation-stats totalBytes="137564560" >
  <allocated-bytes non-tlh="40" tlh="137564520" />
  <largest-consumer threadName="Thread-31" threadId="0000000000E23D00" bytes="15169816" />
</allocation-stats>
<gc-op id="4861" type="scavenge" timems="10.239" contextid="4858" timestamp="2019-08-08T09:22:48.489">
  <scavenger-info tenureage="3" tenuremask="fff8" tiltratio="87" />
  <memory-copied type="nursery" objects="126460" bytes="9039240" bytesdiscarded="341648" />
  <memory-copied type="tenure" objects="5044" bytes="247184" bytesdiscarded="104" />
  <finalization candidates="71" enqueued="0" />
  <ownableSynchronizers candidates="2" cleared="0" />
  <references type="soft" candidates="49" cleared="0" enqueued="0" dynamicThreshold="8" maxThreshold="32" />
  <references type="weak" candidates="177" cleared="0" enqueued="0" />
  <references type="phantom" candidates="10" cleared="0" enqueued="0" />
</gc-op>
<gc-end id="4862" type="scavenge" contextid="4858" durationms="10.639" usertimems="33.392" systemtimems="2.748" timestamp="2019-08-08T09:22:48.490" activeThreads="16">
  <mem-info id="4863" free="145476888" total="192479232" percent="75">
    <mem type="nursery" free="139647520" total="167772160" percent="83">
      <mem type="allocate" free="139647520" total="149028864" percent="93" />
      <mem type="survivor" free="0" total="18743296" percent="0" />
    </mem>
    <mem type="tenure" free="5829368" total="24707072" percent="23" macro-fragmented="5375357">
      <mem type="soa" free="5582584" total="24460288" percent="22" />
      <mem type="loa" free="246784" total="246784" percent="100" />
    </mem>
    <remembered-set count="563" />
  </mem-info>
</gc-end>
<cycle-end id="4864" type="scavenge" contextid="4858" timestamp="2019-08-08T09:22:48.490" />
  <attribute name="elasticGC enabled" value="1" />
  <attribute name= "numThreadsSpecified" value="16" />
  <attribute name="heapSize specified" value="192348160" />
  <attribute name="Current GC Util" value="10" />
  <attribute name= "Current Time Running" value="159633" />
  <attribute name ="GC Interval" value="2137" />
  <attribute name="Target GC Util Change" value ="80.000000" />
  <attribute name="Current GC Util Change" value="10.000000"/>
  <attribute name="Current Error" value="70.000000" />
  <attribute name="Output H" value="192554992"/>
  <attribute name="Output I" value="2136"/>
  <attribute name="Output T" value="16"/>
  <attribute name= "Current Time Running" value="159633" />
  <attribute name="GC Util currently" value="10" />
  <attribute name="CPU Util currently" value="3600246315" />
<allocation-satisfied id="4865" threadId="0000000000DE0700" bytesRequested="40" />
<af-end id="4866" timestamp="2019-08-08T09:22:48.490" threadId="0000000000DE1088" success="true" from="nursery"/>
<exclusive-end id="4867" timestamp="2019-08-08T09:22:48.490" durationms="11.105" />

<exclusive-start id="4868" timestamp="2019-08-08T09:22:48.731" intervalms="252.393">
  <response-info timems="3.763" idlems="3.763" threads="0" lastid="0000000000E27900" lastname="Thread-24" />
</exclusive-start>
<af-start id="4869" threadId="0000000000E28288" totalBytesRequested="40" timestamp="2019-08-08T09:22:48.731" intervalms="252.403" type="nursery" />
<cycle-start id="4870" type="scavenge" contextid="0" timestamp="2019-08-08T09:22:48.731" intervalms="252.411" />
<gc-start id="4871" type="scavenge" contextid="4870" timestamp="2019-08-08T09:22:48.732">
  <mem-info id="4872" free="5829368" total="192479232" percent="3">
    <mem type="nursery" free="0" total="167772160" percent="0">
      <mem type="allocate" free="0" total="149028864" percent="0" />
      <mem type="survivor" free="0" total="18743296" percent="0" />
    </mem>
    <mem type="tenure" free="5829368" total="24707072" percent="23">
      <mem type="soa" free="5582584" total="24460288" percent="22" />
      <mem type="loa" free="246784" total="246784" percent="100" />
    </mem>
    <remembered-set count="563" />
  </mem-info>
</gc-start>
<allocation-stats totalBytes="139631280" >
  <allocated-bytes non-tlh="40" tlh="139631240" />
  <largest-consumer threadName="Thread-31" threadId="0000000000E23D00" bytes="13521752" />
</allocation-stats>
<gc-op id="4873" type="scavenge" timems="8.532" contextid="4870" timestamp="2019-08-08T09:22:48.740">
  <scavenger-info tenureage="8" tenuremask="fd00" tiltratio="88" />
  <memory-copied type="nursery" objects="136847" bytes="9289576" bytesdiscarded="240928" />
  <finalization candidates="67" enqueued="0" />
  <ownableSynchronizers candidates="2" cleared="0" />
  <references type="soft" candidates="49" cleared="0" enqueued="0" dynamicThreshold="8" maxThreshold="32" />
  <references type="weak" candidates="177" cleared="0" enqueued="0" />
  <references type="phantom" candidates="10" cleared="0" enqueued="0" />
</gc-op>
<gc-end id="4874" type="scavenge" contextid="4870" durationms="8.956" usertimems="33.923" systemtimems="0.000" timestamp="2019-08-08T09:22:48.740" activeThreads="16">
  <mem-info id="4875" free="146769064" total="192479232" percent="76">
    <mem type="nursery" free="140939696" total="167772160" percent="84">
      <mem type="allocate" free="140939696" total="150470656" percent="93" />
      <mem type="survivor" free="0" total="17301504" percent="0" />
    </mem>
    <mem type="tenure" free="5829368" total="24707072" percent="23" macro-fragmented="5375357">
      <mem type="soa" free="5582584" total="24460288" percent="22" />
      <mem type="loa" free="246784" total="246784" percent="100" />
    </mem>
    <remembered-set count="563" />
  </mem-info>
</gc-end>
<cycle-end id="4876" type="scavenge" contextid="4870" timestamp="2019-08-08T09:22:48.741" />
  <attribute name="elasticGC enabled" value="1" />
  <attribute name= "numThreadsSpecified" value="16" />
  <attribute name="heapSize specified" value="192348160" />
  <attribute name="Current GC Util" value="10" />
  <attribute name= "Current Time Running" value="159885" />
  <attribute name ="GC Interval" value="2265" />
  <attribute name="Target GC Util Change" value ="80.000000" />
  <attribute name="Current GC Util Change" value="10.000000"/>
  <attribute name="Current Error" value="140.000000" />
  <attribute name="Output H" value="192555080"/>
  <attribute name="Output I" value="2264"/>
  <attribute name="Output T" value="16"/>
  <attribute name= "Current Time Running" value="159885" />
  <attribute name="GC Util currently" value="10" />
  <attribute name="CPU Util currently" value="4563824556" />
<allocation-satisfied id="4877" threadId="0000000000E27900" bytesRequested="40" />
<af-end id="4878" timestamp="2019-08-08T09:22:48.741" threadId="0000000000E28288" success="true" from="nursery"/>
<exclusive-end id="4879" timestamp="2019-08-08T09:22:48.741" durationms="9.635" />

<exclusive-start id="4880" timestamp="2019-08-08T09:22:49.340" intervalms="608.352">
  <response-info timems="1.739" idlems="1.739" threads="0" lastid="0000000000E05E00" lastname="Thread-36" />
</exclusive-start>
<af-start id="4881" threadId="0000000000E06788" totalBytesRequested="24" timestamp="2019-08-08T09:22:49.340" intervalms="608.365" type="nursery" />
<cycle-start id="4882" type="scavenge" contextid="0" timestamp="2019-08-08T09:22:49.340" intervalms="608.359" />
<gc-start id="4883" type="scavenge" contextid="4882" timestamp="2019-08-08T09:22:49.340">
  <mem-info id="4884" free="5829368" total="192479232" percent="3">
    <mem type="nursery" free="0" total="167772160" percent="0">
      <mem type="allocate" free="0" total="150470656" percent="0" />
      <mem type="survivor" free="0" total="17301504" percent="0" />
    </mem>
    <mem type="tenure" free="5829368" total="24707072" percent="23">
      <mem type="soa" free="5582584" total="24460288" percent="22" />
      <mem type="loa" free="246784" total="246784" percent="100" />
    </mem>
    <remembered-set count="563" />
  </mem-info>
</gc-start>
<allocation-stats totalBytes="140923088" >
  <allocated-bytes non-tlh="40" tlh="140923048" />
  <largest-consumer threadName="Thread-31" threadId="0000000000E23D00" bytes="12417616" />
</allocation-stats>
<gc-op id="4885" type="scavenge" timems="9.144" contextid="4882" timestamp="2019-08-08T09:22:49.349">
  <scavenger-info tenureage="14" tenuremask="4000" tiltratio="89" />
  <memory-copied type="nursery" objects="131060" bytes="9150720" bytesdiscarded="87544" />
  <finalization candidates="67" enqueued="0" />
  <ownableSynchronizers candidates="2" cleared="0" />
  <references type="soft" candidates="49" cleared="0" enqueued="0" dynamicThreshold="8" maxThreshold="32" />
  <references type="weak" candidates="177" cleared="0" enqueued="0" />
  <references type="phantom" candidates="10" cleared="0" enqueued="0" />
</gc-op>
<gc-end id="4886" type="scavenge" contextid="4882" durationms="9.706" usertimems="20.261" systemtimems="10.926" timestamp="2019-08-08T09:22:49.350" activeThreads="16">
  <mem-info id="4887" free="147585592" total="192479232" percent="76">
    <mem type="nursery" free="141756224" total="167772160" percent="84">
      <mem type="allocate" free="141756224" total="150994944" percent="93" />
      <mem type="survivor" free="0" total="16777216" percent="0" />
    </mem>
    <mem type="tenure" free="5829368" total="24707072" percent="23" macro-fragmented="4479464">
      <mem type="soa" free="5582584" total="24460288" percent="22" />
      <mem type="loa" free="246784" total="246784" percent="100" />
    </mem>
    <remembered-set count="563" />
  </mem-info>
</gc-end>
<cycle-end id="4888" type="scavenge" contextid="4882" timestamp="2019-08-08T09:22:49.350" />
  <attribute name="elasticGC enabled" value="1" />
  <attribute name= "numThreadsSpecified" value="16" />
  <attribute name="heapSize specified" value="192348160" />
  <attribute name="Current GC Util" value="4" />
  <attribute name= "Current Time Running" value="160494" />
  <attribute name ="GC Interval" value="2401" />
  <attribute name="Target GC Util Change" value ="80.000000" />
  <attribute name="Current GC Util Change" value="4.000000"/>
  <attribute name="Current Error" value="216.000000" />
  <attribute name="Output H" value="192555168"/>
  <attribute name="Output I" value="2400"/>
  <attribute name="Output T" value="16"/>
  <attribute name= "Current Time Running" value="160494" />
  <attribute name="GC Util currently" value="4" />
  <attribute name="CPU Util currently" value="1895733870" />
<allocation-satisfied id="4889" threadId="0000000000E05E00" bytesRequested="24" />
<af-end id="4890" timestamp="2019-08-08T09:22:49.350" threadId="0000000000E06788" success="true" from="nursery"/>
<exclusive-end id="4891" timestamp="2019-08-08T09:22:49.350" durationms="10.412" />

<exclusive-start id="4892" timestamp="2019-08-08T09:22:49.887" intervalms="546.909">
  <response-info timems="8.533" idlems="8.533" threads="0" lastid="0000000000DD8F00" lastname="Thread-26" />
</exclusive-start>
<af-start id="4893" threadId="0000000000DD9888" totalBytesRequested="40" timestamp="2019-08-08T09:22:49.887" intervalms="546.888" type="nursery" />
<cycle-start id="4894" type="scavenge" contextid="0" timestamp="2019-08-08T09:22:49.887" intervalms="546.886" />
<gc-start id="4895" type="scavenge" contextid="4894" timestamp="2019-08-08T09:22:49.887">
  <mem-info id="4896" free="5829368" total="192479232" percent="3">
    <mem type="nursery" free="0" total="167772160" percent="0">
      <mem type="allocate" free="0" total="150994944" percent="0" />
      <mem type="survivor" free="0" total="16777216" percent="0" />
    </mem>
    <mem type="tenure" free="5829368" total="24707072" percent="23">
      <mem type="soa" free="5582584" total="24460288" percent="22" />
      <mem type="loa" free="246784" total="246784" percent="100" />
    </mem>
    <remembered-set count="563" />
  </mem-info>
</gc-start>
<allocation-stats totalBytes="141739960" >
  <allocated-bytes non-tlh="24" tlh="141739936" />
  <largest-consumer threadName="Thread-31" threadId="0000000000E23D00" bytes="13597304" />
</allocation-stats>
<gc-op id="4897" type="scavenge" timems="31.719" contextid="4894" timestamp="2019-08-08T09:22:49.918">
  <scavenger-info tenureage="14" tenuremask="4000" tiltratio="90" />
  <memory-copied type="nursery" objects="129727" bytes="9118224" bytesdiscarded="645960" />
  <finalization candidates="67" enqueued="0" />
  <ownableSynchronizers candidates="2" cleared="0" />
  <references type="soft" candidates="49" cleared="0" enqueued="0" dynamicThreshold="8" maxThreshold="32" />
  <references type="weak" candidates="177" cleared="0" enqueued="0" />
  <references type="phantom" candidates="10" cleared="0" enqueued="0" />
</gc-op>
<gc-end id="4898" type="scavenge" contextid="4894" durationms="36.056" usertimems="56.022" systemtimems="16.392" timestamp="2019-08-08T09:22:49.923" activeThreads="16">
  <mem-info id="4899" free="147059672" total="192479232" percent="76">
    <mem type="nursery" free="141230304" total="167772160" percent="84">
      <mem type="allocate" free="141230304" total="150994944" percent="93" />
      <mem type="survivor" free="0" total="16777216" percent="0" />
    </mem>
    <mem type="tenure" free="5829368" total="24707072" percent="23" macro-fragmented="2160235">
      <mem type="soa" free="5582584" total="24460288" percent="22" />
      <mem type="loa" free="246784" total="246784" percent="100" />
    </mem>
    <remembered-set count="563" />
  </mem-info>
</gc-end>
<cycle-end id="4900" type="scavenge" contextid="4894" timestamp="2019-08-08T09:22:49.927" />
  <attribute name="elasticGC enabled" value="1" />
  <attribute name= "numThreadsSpecified" value="16" />
  <attribute name="heapSize specified" value="192348160" />
  <attribute name="Current GC Util" value="4" />
  <attribute name= "Current Time Running" value="161040" />
  <attribute name ="GC Interval" value="2537" />
  <attribute name="Target GC Util Change" value ="80.000000" />
  <attribute name="Current GC Util Change" value="4.000000"/>
  <attribute name="Current Error" value="292.000000" />
  <attribute name="Output H" value="192555256"/>
  <attribute name="Output I" value="2536"/>
  <attribute name="Output T" value="16"/>
  <attribute name= "Current Time Running" value="161040" />
  <attribute name="GC Util currently" value="4" />
  <attribute name="CPU Util currently" value="2108385139" />
<allocation-satisfied id="4901" threadId="0000000000DD8F00" bytesRequested="40" />
<af-end id="4902" timestamp="2019-08-08T09:22:49.927" threadId="0000000000DD9888" success="true" from="nursery"/>
<exclusive-end id="4903" timestamp="2019-08-08T09:22:49.927" durationms="40.758" />

<exclusive-start id="4904" timestamp="2019-08-08T09:22:50.648" intervalms="761.441">
  <response-info timems="7.625" idlems="7.625" threads="0" lastid="0000000000DFAA00" lastname="Thread-22" />
</exclusive-start>
<af-start id="4905" threadId="0000000000DFB388" totalBytesRequested="40" timestamp="2019-08-08T09:22:50.648" intervalms="761.451" type="nursery" />
<cycle-start id="4906" type="scavenge" contextid="0" timestamp="2019-08-08T09:22:50.648" intervalms="761.455" />
<gc-start id="4907" type="scavenge" contextid="4906" timestamp="2019-08-08T09:22:50.648">
  <mem-info id="4908" free="5829368" total="192479232" percent="3">
    <mem type="nursery" free="0" total="167772160" percent="0">
      <mem type="allocate" free="0" total="150994944" percent="0" />
      <mem type="survivor" free="0" total="16777216" percent="0" />
    </mem>
    <mem type="tenure" free="5829368" total="24707072" percent="23">
      <mem type="soa" free="5582584" total="24460288" percent="22" />
      <mem type="loa" free="246784" total="246784" percent="100" />
    </mem>
    <remembered-set count="563" />
  </mem-info>
</gc-start>
<allocation-stats totalBytes="141220456" >
  <allocated-bytes non-tlh="40" tlh="141220416" />
  <largest-consumer threadName="Thread-28" threadId="0000000000E09A00" bytes="14646120" />
</allocation-stats>
<gc-op id="4909" type="scavenge" timems="116.309" contextid="4906" timestamp="2019-08-08T09:22:50.765">
  <scavenger-info tenureage="6" tenuremask="4040" tiltratio="90" />
  <memory-copied type="nursery" objects="116303" bytes="4995088" bytesdiscarded="96200" />
  <memory-copied type="tenure" objects="16613" bytes="4200328" bytesdiscarded="1160" />
  <finalization candidates="67" enqueued="0" />
  <ownableSynchronizers candidates="2" cleared="0" />
</gc-op>
<heap-resize id="4910" type="expand" space="nursery" amount="12976128" count="1" timems="0.025" reason="excessive time being spent scavenging" timestamp="2019-08-08T09:22:50.765" />
<gc-end id="4911" type="scavenge" contextid="4906" durationms="117.441" usertimems="112.890" systemtimems="69.478" timestamp="2019-08-08T09:22:50.766" activeThreads="16">
  <mem-info id="4912" free="158974264" total="205455360" percent="77">
    <mem type="nursery" free="157569064" total="180748288" percent="87">
      <mem type="allocate" free="157569064" total="162660352" percent="96" />
      <mem type="survivor" free="0" total="18087936" percent="0" />
    </mem>
    <mem type="tenure" free="1405200" total="24707072" percent="5" macro-fragmented="868149">
      <mem type="soa" free="1158416" total="24460288" percent="4" />
      <mem type="loa" free="246784" total="246784" percent="100" />
    </mem>
    <remembered-set count="208" />
  </mem-info>
</gc-end>
<cycle-end id="4913" type="scavenge" contextid="4906" timestamp="2019-08-08T09:22:50.767" />
  <attribute name="elasticGC enabled" value="1" />
  <attribute name= "numThreadsSpecified" value="16" />
  <attribute name="heapSize specified" value="192348160" />
  <attribute name="Current GC Util" value="9" />
  <attribute name= "Current Time Running" value="161802" />
  <attribute name ="GC Interval" value="2657" />
  <attribute name="Target GC Util Change" value ="80.000000" />
  <attribute name="Current GC Util Change" value="9.000000"/>
  <attribute name="Current Error" value="363.000000" />
  <attribute name="Output H" value="192555336"/>
  <attribute name="Output I" value="2656"/>
  <attribute name="Output T" value="16"/>
  <attribute name= "Current Time Running" value="161802" />
  <attribute name="GC Util currently" value="9" />
  <attribute name="CPU Util currently" value="1514021619" />
<allocation-satisfied id="4914" threadId="0000000000DFAA00" bytesRequested="40" />
<af-end id="4915" timestamp="2019-08-08T09:22:50.767" threadId="0000000000DFB388" success="true" from="nursery"/>
<exclusive-end id="4916" timestamp="2019-08-08T09:22:50.767" durationms="119.249" />

<concurrent-kickoff id="4917" timestamp="2019-08-08T09:22:51.142">
  <kickoff reason="threshold reached" targetBytes="16633739" thresholdFreeBytes="2340720"  remainingFree="2244648" tenureFreeBytes="1405200" nurseryFreeBytes="2244648" />
</concurrent-kickoff>
<exclusive-start id="4918" timestamp="2019-08-08T09:22:51.149" intervalms="500.498">
  <response-info timems="6.713" idlems="2.937" threads="2" lastid="0000000000DD8F00" lastname="Thread-26" />
</exclusive-start>
<cycle-start id="4919" type="global" contextid="0" timestamp="2019-08-08T09:22:51.149" intervalms="4051.101" />
<exclusive-end id="4920" timestamp="2019-08-08T09:22:51.149" durationms="0.056" />

<exclusive-start id="4921" timestamp="2019-08-08T09:22:51.178" intervalms="29.415">
  <response-info timems="7.512" idlems="6.038" threads="5" lastid="0000000000C23C00" lastname="Concurrent Mark Helper" />
</exclusive-start>
<af-start id="4922" threadId="0000000000DE1088" totalBytesRequested="40" timestamp="2019-08-08T09:22:51.178" intervalms="529.917" type="nursery" />
<cycle-start id="4923" type="scavenge" contextid="0" timestamp="2019-08-08T09:22:51.178" intervalms="529.921" />
<gc-start id="4924" type="scavenge" contextid="4923" timestamp="2019-08-08T09:22:51.178">
  <mem-info id="4925" free="1405200" total="205455360" percent="0">
    <mem type="nursery" free="0" total="180748288" percent="0">
      <mem type="allocate" free="0" total="162660352" percent="0" />
      <mem type="survivor" free="0" total="18087936" percent="0" />
    </mem>
    <mem type="tenure" free="1405200" total="24707072" percent="5">
      <mem type="soa" free="1158416" total="24460288" percent="4" />
      <mem type="loa" free="246784" total="246784" percent="100" />
    </mem>
    <remembered-set count="208" />
  </mem-info>
</gc-start>
<allocation-stats totalBytes="157554504" >
  <allocated-bytes non-tlh="40" tlh="157554464" />
  <largest-consumer threadName="Thread-33" threadId="0000000000DD1700" bytes="17660272" />
</allocation-stats>
<gc-op id="4926" type="scavenge" timems="107.360" contextid="4923" timestamp="2019-08-08T09:22:51.285">
  <scavenger-info tenureage="14" tenuremask="4000" tiltratio="89" />
  <memory-copied type="nursery" objects="117381" bytes="5021752" bytesdiscarded="376568" />
</gc-op>
<heap-resize id="4927" type="expand" space="nursery" amount="17301504" count="1" timems="0.110" reason="excessive time being spent scavenging" timestamp="2019-08-08T09:22:51.286" />
<gc-end id="4928" type="scavenge" contextid="4923" durationms="108.216" usertimems="76.708" systemtimems="56.557" timestamp="2019-08-08T09:22:51.286" activeThreads="16">
  <mem-info id="4929" free="174199264" total="222756864" percent="78">
    <mem type="nursery" free="172794064" total="198049792" percent="87">
      <mem type="allocate" free="172794064" total="178192384" percent="96" />
      <mem type="survivor" free="0" total="19857408" percent="0" />
    </mem>
    <mem type="tenure" free="1405200" total="24707072" percent="5" macro-fragmented="1041779">
      <mem type="soa" free="1158416" total="24460288" percent="4" />
      <mem type="loa" free="246784" total="246784" percent="100" />
    </mem>
    <remembered-set count="208" />
  </mem-info>
</gc-end>
<cycle-end id="4930" type="scavenge" contextid="4923" timestamp="2019-08-08T09:22:51.286" />
  <attribute name="elasticGC enabled" value="1" />
  <attribute name= "numThreadsSpecified" value="16" />
  <attribute name="heapSize specified" value="192348160" />
  <attribute name="Current GC Util" value="15" />
  <attribute name= "Current Time Running" value="162332" />
  <attribute name ="GC Interval" value="2777" />
  <attribute name="Target GC Util Change" value ="80.000000" />
  <attribute name="Current GC Util Change" value="15.000000"/>
  <attribute name="Current Error" value="428.000000" />
  <attribute name="Output H" value="205531536"/>
  <attribute name="Output I" value="2776"/>
  <attribute name="Output T" value="16"/>
  <attribute name= "Current Time Running" value="162332" />
  <attribute name="GC Util currently" value="15" />
  <attribute name="CPU Util currently" value="2175709063" />
<allocation-satisfied id="4931" threadId="0000000000DE0700" bytesRequested="40" />
<af-end id="4932" timestamp="2019-08-08T09:22:51.290" threadId="0000000000DE1088" success="true" from="nursery"/>
<exclusive-end id="4933" timestamp="2019-08-08T09:22:51.290" durationms="112.165" />

<exclusive-start id="4934" timestamp="2019-08-08T09:22:51.325" intervalms="147.256">
  <response-info timems="2.179" idlems="2.179" threads="0" lastid="0000000000DD8F00" lastname="Thread-26" />
</exclusive-start>
<concurrent-collection-start id="4935" timestamp="2019-08-08T09:22:51.325" intervalms="33599.827" >
  <concurrent-trace-info reason="card cleaning threshold reached" tracedByMutators="13574688" tracedByHelpers="534744" cardsCleaned="13" workStackOverflowCount="0" />
</concurrent-collection-start>
<gc-start id="4936" type="global" contextid="4919" timestamp="2019-08-08T09:22:51.326">
  <mem-info id="4937" free="151609784" total="222756864" percent="68">
    <mem type="nursery" free="150204584" total="198049792" percent="75">
      <mem type="allocate" free="150204584" total="178192384" percent="84" />
      <mem type="survivor" free="0" total="19857408" percent="0" />
    </mem>
    <mem type="tenure" free="1405200" total="24707072" percent="5">
      <mem type="soa" free="1158416" total="24460288" percent="4" />
      <mem type="loa" free="246784" total="246784" percent="100" />
    </mem>
    <remembered-set count="208" />
  </mem-info>
</gc-start>
<allocation-stats totalBytes="22588360" >
  <allocated-bytes non-tlh="40" tlh="22588320" />
  <largest-consumer threadName="Thread-27" threadId="0000000000E14D00" bytes="3243984" />
</allocation-stats>
<gc-op id="4938" type="rs-scan" timems="1.026" contextid="4919" timestamp="2019-08-08T09:22:51.327">
  <scan objectsFound="96" bytesTraced="10048" workStackOverflowCount="0" />
</gc-op>
<gc-op id="4939" type="card-cleaning" timems="0.551" contextid="4919" timestamp="2019-08-08T09:22:51.327">
  <card-cleaning cardsCleaned="14" bytesTraced="7824" workStackOverflowCount="0" />
</gc-op>
<gc-op id="4940" type="mark" timems="132.500" contextid="4919" timestamp="2019-08-08T09:22:51.460">
  <trace-info objectcount="119343" scancount="119162" scanbytes="5068312" />
  <finalization candidates="151" enqueued="0" />
  <ownableSynchronizers candidates="23" cleared="0" />
  <references type="soft" candidates="1922" cleared="0" enqueued="0" dynamicThreshold="8" maxThreshold="32" />
  <references type="weak" candidates="6103" cleared="0" enqueued="0" />
  <references type="phantom" candidates="274" cleared="0" enqueued="0" />
  <stringconstants candidates="14618" cleared="1"  />
</gc-op>
<gc-op id="4941" type="sweep" timems="3.985" contextid="4919" timestamp="2019-08-08T09:22:51.464" />
<mem-info id="4942" free="175086808" total="222756864" percent="78">
  <mem type="nursery" free="173083808" total="198049792" percent="87">
    <mem type="allocate" free="173083808" total="178192384" percent="97" />
    <mem type="survivor" free="0" total="19857408" percent="0" />
  </mem>
  <mem type="tenure" free="2003000" total="24707072" percent="8" micro-fragmented="0" macro-fragmented="15725">
    <mem type="soa" free="1756216" total="24460288" percent="7" />
    <mem type="loa" free="246784" total="246784" percent="100" />
  </mem>
  <remembered-set count="208" />
</mem-info>
<gc-op id="4943" type="compact" timems="618.736" contextid="4919" timestamp="2019-08-08T09:22:52.083">
  <compact-info movecount="735997" movebytes="27483944" reason="compact to aid heap contraction" />
</gc-op>
<heap-resize id="4944" type="expand" space="tenure" amount="131072" count="1" timems="0.027" reason="satisfy allocation request" timestamp="2019-08-08T09:22:52.101" />
<gc-end id="4945" type="global" contextid="4919" durationms="777.638" usertimems="476.399" systemtimems="138.219" timestamp="2019-08-08T09:22:52.103" activeThreads="16">
  <mem-info id="4946" free="175301472" total="222887936" percent="78">
    <mem type="nursery" free="173163656" total="198049792" percent="87">
      <mem type="allocate" free="173163656" total="178192384" percent="97" />
      <mem type="survivor" free="0" total="19857408" percent="0" />
    </mem>
    <mem type="tenure" free="2137816" total="24838144" percent="8">
      <mem type="soa" free="1890008" total="24590336" percent="7" />
      <mem type="loa" free="247808" total="247808" percent="100" />
    </mem>
    <remembered-set count="208" />
  </mem-info>
</gc-end>
<cycle-end id="4947" type="global" contextid="4919" timestamp="2019-08-08T09:22:52.104" />
  <attribute name="elasticGC enabled" value="1" />
  <attribute name= "numThreadsSpecified" value="16" />
  <attribute name="heapSize specified" value="222756864" />
  <attribute name="Current GC Util" value="15" />
  <attribute name= "Current Time Running" value="163237" />
  <attribute name ="GC Interval" value="2777" />
  <attribute name="Target GC Util Change" value ="80.000000" />
  <attribute name="Current GC Util Change" value="15.000000"/>
  <attribute name="Current Error" value="65.000000" />
  <attribute name="Output H" value="222832624"/>
  <attribute name="Output I" value="2128"/>
  <attribute name="Output T" value="16"/>
  <attribute name= "Current Time Running" value="163237" />
  <attribute name="GC Util currently" value="15" />
  <attribute name="CPU Util currently" value="1863064810" />
<concurrent-collection-end id="4948" timestamp="2019-08-08T09:22:52.104" />
<exclusive-end id="4949" timestamp="2019-08-08T09:22:52.104" durationms="778.576" />

<exclusive-start id="4950" timestamp="2019-08-08T09:22:52.331" intervalms="1005.363">
  <response-info timems="6.897" idlems="4.743" threads="13" lastid="0000000000E23D00" lastname="Thread-31" />
</exclusive-start>
<af-start id="4951" threadId="0000000000E2BE88" totalBytesRequested="24" timestamp="2019-08-08T09:22:52.332" intervalms="1153.665" type="nursery" />
<cycle-start id="4952" type="scavenge" contextid="0" timestamp="2019-08-08T09:22:52.332" intervalms="1153.666" />
<gc-start id="4953" type="scavenge" contextid="4952" timestamp="2019-08-08T09:22:52.333">
  <mem-info id="4954" free="2137816" total="222887936" percent="0">
    <mem type="nursery" free="0" total="198049792" percent="0">
      <mem type="allocate" free="0" total="178192384" percent="0" />
      <mem type="survivor" free="0" total="19857408" percent="0" />
    </mem>
    <mem type="tenure" free="2137816" total="24838144" percent="8">
      <mem type="soa" free="1890008" total="24590336" percent="7" />
      <mem type="loa" free="247808" total="247808" percent="100" />
    </mem>
    <remembered-set count="208" />
  </mem-info>
</gc-start>
<allocation-stats totalBytes="173152928" >
  <allocated-bytes non-tlh="0" tlh="173152928" />
  <largest-consumer threadName="Thread-27" threadId="0000000000E14D00" bytes="18137648" />
</allocation-stats>
<gc-op id="4955" type="scavenge" timems="230.115" contextid="4952" timestamp="2019-08-08T09:22:52.563">
  <scavenger-info tenureage="14" tenuremask="4000" tiltratio="89" />
  <memory-copied type="nursery" objects="107887" bytes="4793352" bytesdiscarded="647112" />
  <ownableSynchronizers candidates="46" cleared="46" />
</gc-op>
<heap-resize id="4956" type="expand" space="nursery" amount="16384000" count="1" timems="0.024" reason="excessive time being spent scavenging" timestamp="2019-08-08T09:22:52.563" />
<gc-end id="4957" type="scavenge" contextid="4952" durationms="230.645" usertimems="89.336" systemtimems="125.123" timestamp="2019-08-08T09:22:52.563" activeThreads="16">
  <mem-info id="4958" free="189635336" total="239271936" percent="79">
    <mem type="nursery" free="187497520" total="214433792" percent="87">
      <mem type="allocate" free="187497520" total="192937984" percent="97" />
      <mem type="survivor" free="0" total="21495808" percent="0" />
    </mem>
    <mem type="tenure" free="2137816" total="24838144" percent="8" macro-fragmented="0">
      <mem type="soa" free="1890008" total="24590336" percent="7" />
      <mem type="loa" free="247808" total="247808" percent="100" />
    </mem>
    <remembered-set count="188" />
  </mem-info>
</gc-end>
<cycle-end id="4959" type="scavenge" contextid="4952" timestamp="2019-08-08T09:22:52.564" />
  <attribute name="elasticGC enabled" value="1" />
  <attribute name= "numThreadsSpecified" value="16" />
  <attribute name="heapSize specified" value="222756864" />
  <attribute name="Current GC Util" value="180" />
  <attribute name= "Current Time Running" value="163486" />
  <attribute name ="GC Interval" value="1953" />
  <attribute name="Target GC Util Change" value ="80.000000" />
  <attribute name="Current GC Util Change" value="180.000000"/>
  <attribute name="Current Error" value="-35.000000" />
  <attribute name="Output H" value="222963576"/>
  <attribute name="Output I" value="1952"/>
  <attribute name="Output T" value="16"/>
  <attribute name= "Current Time Running" value="163486" />
  <attribute name="GC Util currently" value="180" />
  <attribute name="CPU Util currently" value="4616153378" />
<allocation-satisfied id="4960" threadId="0000000000E2B500" bytesRequested="24" />
<af-end id="4961" timestamp="2019-08-08T09:22:52.564" threadId="0000000000E2BE88" success="true" from="nursery"/>
<exclusive-end id="4962" timestamp="2019-08-08T09:22:52.564" durationms="233.215" />

<exclusive-start id="4963" timestamp="2019-08-08T09:22:52.828" intervalms="497.825">
  <response-info timems="1.903" idlems="0.960" threads="2" lastid="0000000000E02200" lastname="Thread-21" />
</exclusive-start>
<af-start id="4964" threadId="0000000000E24688" totalBytesRequested="40" timestamp="2019-08-08T09:22:52.829" intervalms="496.841" type="nursery" />
<cycle-start id="4965" type="scavenge" contextid="0" timestamp="2019-08-08T09:22:52.829" intervalms="496.843" />
<gc-start id="4966" type="scavenge" contextid="4965" timestamp="2019-08-08T09:22:52.829">
  <mem-info id="4967" free="2137816" total="239271936" percent="0">
    <mem type="nursery" free="0" total="214433792" percent="0">
      <mem type="allocate" free="0" total="192937984" percent="0" />
      <mem type="survivor" free="0" total="21495808" percent="0" />
    </mem>
    <mem type="tenure" free="2137816" total="24838144" percent="8">
      <mem type="soa" free="1890008" total="24590336" percent="7" />
      <mem type="loa" free="247808" total="247808" percent="100" />
    </mem>
    <remembered-set count="188" />
  </mem-info>
</gc-start>
<allocation-stats totalBytes="187484408" >
  <allocated-bytes non-tlh="24" tlh="187484384" />
  <largest-consumer threadName="Thread-27" threadId="0000000000E14D00" bytes="20805888" />
</allocation-stats>
<gc-op id="4968" type="scavenge" timems="166.161" contextid="4965" timestamp="2019-08-08T09:22:52.995">
  <scavenger-info tenureage="14" tenuremask="4000" tiltratio="89" />
  <memory-copied type="nursery" objects="110159" bytes="4849032" bytesdiscarded="314160" />
</gc-op>
<heap-resize id="4969" type="expand" space="nursery" amount="43384832" count="1" timems="0.024" reason="excessive time being spent scavenging" timestamp="2019-08-08T09:22:53.021" />
<gc-end id="4970" type="scavenge" contextid="4965" durationms="196.396" usertimems="50.763" systemtimems="59.969" timestamp="2019-08-08T09:22:53.025" activeThreads="16">
  <mem-info id="4971" free="228906528" total="282656768" percent="80">
    <mem type="nursery" free="226768712" total="257818624" percent="87">
      <mem type="allocate" free="226768712" total="231931904" percent="97" />
      <mem type="survivor" free="0" total="25886720" percent="0" />
    </mem>
    <mem type="tenure" free="2137816" total="24838144" percent="8" macro-fragmented="1800196">
      <mem type="soa" free="1890008" total="24590336" percent="7" />
      <mem type="loa" free="247808" total="247808" percent="100" />
    </mem>
    <remembered-set count="174" />
  </mem-info>
</gc-end>
<cycle-end id="4972" type="scavenge" contextid="4965" timestamp="2019-08-08T09:22:53.025" />
  <attribute name="elasticGC enabled" value="1" />
  <attribute name= "numThreadsSpecified" value="16" />
  <attribute name="heapSize specified" value="222756864" />
  <attribute name="Current GC Util" value="42" />
  <attribute name= "Current Time Running" value="163982" />
  <attribute name ="GC Interval" value="2017" />
  <attribute name="Target GC Util Change" value ="80.000000" />
  <attribute name="Current GC Util Change" value="42.000000"/>
  <attribute name="Current Error" value="3.000000" />
  <attribute name="Output H" value="239347624"/>
  <attribute name="Output I" value="2016"/>
  <attribute name="Output T" value="16"/>
  <attribute name= "Current Time Running" value="163982" />
  <attribute name="GC Util currently" value="42" />
  <attribute name="CPU Util currently" value="2324440913" />
<allocation-satisfied id="4973" threadId="0000000000E23D00" bytesRequested="40" />
<af-end id="4974" timestamp="2019-08-08T09:22:53.025" threadId="0000000000E24688" success="true" from="nursery"/>
<exclusive-end id="4975" timestamp="2019-08-08T09:22:53.025" durationms="196.828" />

<exclusive-start id="4976" timestamp="2019-08-08T09:22:53.463" intervalms="634.904">
  <response-info timems="6.173" idlems="6.169" threads="1" lastid="0000000000E14D00" lastname="Thread-27" />
</exclusive-start>
<af-start id="4977" threadId="0000000000E06788" totalBytesRequested="40" timestamp="2019-08-08T09:22:53.465" intervalms="636.199" type="nursery" />
<cycle-start id="4978" type="scavenge" contextid="0" timestamp="2019-08-08T09:22:53.465" intervalms="636.197" />
<gc-start id="4979" type="scavenge" contextid="4978" timestamp="2019-08-08T09:22:53.465">
  <mem-info id="4980" free="2137816" total="282656768" percent="0">
    <mem type="nursery" free="0" total="257818624" percent="0">
      <mem type="allocate" free="0" total="231931904" percent="0" />
      <mem type="survivor" free="0" total="25886720" percent="0" />
    </mem>
    <mem type="tenure" free="2137816" total="24838144" percent="8">
      <mem type="soa" free="1890008" total="24590336" percent="7" />
      <mem type="loa" free="247808" total="247808" percent="100" />
    </mem>
    <remembered-set count="174" />
  </mem-info>
</gc-start>
<allocation-stats totalBytes="226762192" >
  <allocated-bytes non-tlh="40" tlh="226762152" />
  <largest-consumer threadName="Thread-35" threadId="0000000000E0D600" bytes="28146800" />
</allocation-stats>
<gc-op id="4981" type="scavenge" timems="54.450" contextid="4978" timestamp="2019-08-08T09:22:53.519">
  <scavenger-info tenureage="6" tenuremask="4040" tiltratio="89" />
  <memory-copied type="nursery" objects="99097" bytes="4444632" bytesdiscarded="559824" />
  <memory-copied type="tenure" objects="5916" bytes="279360" bytesdiscarded="264" />
</gc-op>
<heap-resize id="4982" type="expand" space="nursery" amount="12058624" count="1" timems="0.033" reason="excessive time being spent scavenging" timestamp="2019-08-08T09:22:53.519" />
<gc-end id="4983" type="scavenge" contextid="4978" durationms="54.794" usertimems="26.257" systemtimems="16.879" timestamp="2019-08-08T09:22:53.520" activeThreads="16">
  <mem-info id="4984" free="239579584" total="294715392" percent="81">
    <mem type="nursery" free="237806424" total="269877248" percent="88">
      <mem type="allocate" free="237806424" total="242810880" percent="97" />
      <mem type="survivor" free="0" total="27066368" percent="0" />
    </mem>
    <mem type="tenure" free="1773160" total="24838144" percent="7" macro-fragmented="1250136">
      <mem type="soa" free="1525352" total="24590336" percent="6" />
      <mem type="loa" free="247808" total="247808" percent="100" />
    </mem>
    <remembered-set count="3575" />
  </mem-info>
</gc-end>
<cycle-end id="4985" type="scavenge" contextid="4978" timestamp="2019-08-08T09:22:53.520" />
  <attribute name="elasticGC enabled" value="1" />
  <attribute name= "numThreadsSpecified" value="16" />
  <attribute name="heapSize specified" value="222756864" />
  <attribute name="Current GC Util" value="15" />
  <attribute name= "Current Time Running" value="164618" />
  <attribute name ="GC Interval" value="2137" />
  <attribute name="Target GC Util Change" value ="80.000000" />
  <attribute name="Current GC Util Change" value="15.000000"/>
  <attribute name="Current Error" value="68.000000" />
  <attribute name="Output H" value="282732528"/>
  <attribute name="Output I" value="2136"/>
  <attribute name="Output T" value="16"/>
  <attribute name= "Current Time Running" value="164618" />
  <attribute name="GC Util currently" value="15" />
  <attribute name="CPU Util currently" value="1812864821" />
<allocation-satisfied id="4986" threadId="0000000000E05E00" bytesRequested="40" />
<af-end id="4987" timestamp="2019-08-08T09:22:53.520" threadId="0000000000E06788" success="true" from="nursery"/>
<exclusive-end id="4988" timestamp="2019-08-08T09:22:53.520" durationms="56.693" />

<exclusive-start id="4989" timestamp="2019-08-08T09:22:53.838" intervalms="374.976">
  <response-info timems="6.752" idlems="5.799" threads="6" lastid="0000000000DE0700" lastname="Thread-34" />
</exclusive-start>
<af-start id="4990" threadId="0000000000E15688" totalBytesRequested="24" timestamp="2019-08-08T09:22:53.838" intervalms="373.643" type="nursery" />
<cycle-start id="4991" type="scavenge" contextid="0" timestamp="2019-08-08T09:22:53.838" intervalms="373.641" />
<gc-start id="4992" type="scavenge" contextid="4991" timestamp="2019-08-08T09:22:53.838">
  <mem-info id="4993" free="1773160" total="294715392" percent="0">
    <mem type="nursery" free="0" total="269877248" percent="0">
      <mem type="allocate" free="0" total="242810880" percent="0" />
      <mem type="survivor" free="0" total="27066368" percent="0" />
    </mem>
    <mem type="tenure" free="1773160" total="24838144" percent="7">
      <mem type="soa" free="1525352" total="24590336" percent="6" />
      <mem type="loa" free="247808" total="247808" percent="100" />
    </mem>
    <remembered-set count="3782" />
  </mem-info>
</gc-start>
<allocation-stats totalBytes="237801320" >
  <allocated-bytes non-tlh="40" tlh="237801280" />
  <largest-consumer threadName="Thread-35" threadId="0000000000E0D600" bytes="25001320" />
</allocation-stats>
<gc-op id="4994" type="scavenge" timems="16.390" contextid="4991" timestamp="2019-08-08T09:22:53.855">
  <scavenger-info tenureage="14" tenuremask="4000" tiltratio="89" />
  <memory-copied type="nursery" objects="111008" bytes="4867200" bytesdiscarded="398472" />
</gc-op>
<gc-end id="4995" type="scavenge" contextid="4991" durationms="16.822" usertimems="22.836" systemtimems="4.814" timestamp="2019-08-08T09:22:53.855" activeThreads="16">
  <mem-info id="4996" free="239383904" total="294715392" percent="81">
    <mem type="nursery" free="237610744" total="269877248" percent="88">
      <mem type="allocate" free="237610744" total="242876416" percent="97" />
      <mem type="survivor" free="0" total="27000832" percent="0" />
    </mem>
    <mem type="tenure" free="1773160" total="24838144" percent="7" macro-fragmented="1250136">
      <mem type="soa" free="1525352" total="24590336" percent="6" />
      <mem type="loa" free="247808" total="247808" percent="100" />
    </mem>
    <remembered-set count="3779" />
  </mem-info>
</gc-end>
<cycle-end id="4997" type="scavenge" contextid="4991" timestamp="2019-08-08T09:22:53.855" />
  <attribute name="elasticGC enabled" value="1" />
  <attribute name= "numThreadsSpecified" value="16" />
  <attribute name="heapSize specified" value="222756864" />
  <attribute name="Current GC Util" value="11" />
  <attribute name= "Current Time Running" value="164992" />
  <attribute name ="GC Interval" value="2257" />
  <attribute name="Target GC Util Change" value ="80.000000" />
  <attribute name="Current GC Util Change" value="11.000000"/>
  <attribute name="Current Error" value="137.000000" />
  <attribute name="Output H" value="294791232"/>
  <attribute name="Output I" value="2256"/>
  <attribute name="Output T" value="16"/>
  <attribute name= "Current Time Running" value="164992" />
  <attribute name="GC Util currently" value="11" />
  <attribute name="CPU Util currently" value="3085617360" />
<allocation-satisfied id="4998" threadId="0000000000E14D00" bytesRequested="24" />
<af-end id="4999" timestamp="2019-08-08T09:22:53.856" threadId="0000000000E15688" success="true" from="nursery"/>
<exclusive-end id="5000" timestamp="2019-08-08T09:22:53.856" durationms="17.704" />

<exclusive-start id="5001" timestamp="2019-08-08T09:22:54.056" intervalms="217.534">
  <response-info timems="5.630" idlems="5.630" threads="0" lastid="0000000000E2B500" lastname="Thread-25" />
</exclusive-start>
<af-start id="5002" threadId="0000000000E2BE88" totalBytesRequested="40" timestamp="2019-08-08T09:22:54.056" intervalms="217.625" type="nursery" />
<cycle-start id="5003" type="scavenge" contextid="0" timestamp="2019-08-08T09:22:54.056" intervalms="217.628" />
<gc-start id="5004" type="scavenge" contextid="5003" timestamp="2019-08-08T09:22:54.056">
  <mem-info id="5005" free="1773160" total="294715392" percent="0">
    <mem type="nursery" free="0" total="269877248" percent="0">
      <mem type="allocate" free="0" total="242876416" percent="0" />
      <mem type="survivor" free="0" total="27000832" percent="0" />
    </mem>
    <mem type="tenure" free="1773160" total="24838144" percent="7">
      <mem type="soa" free="1525352" total="24590336" percent="6" />
      <mem type="loa" free="247808" total="247808" percent="100" />
    </mem>
    <remembered-set count="3779" />
  </mem-info>
</gc-start>
<allocation-stats totalBytes="237590936" >
  <allocated-bytes non-tlh="24" tlh="237590912" />
  <largest-consumer threadName="Thread-36" threadId="0000000000E05E00" bytes="25589712" />
</allocation-stats>
<gc-op id="5006" type="scavenge" timems="8.181" contextid="5003" timestamp="2019-08-08T09:22:54.065">
  <scavenger-info tenureage="3" tenuremask="4018" tiltratio="89" />
  <memory-copied type="nursery" objects="73797" bytes="2875904" bytesdiscarded="567784" />
  <memory-copied type="tenure" objects="45571" bytes="2192712" bytesdiscarded="1000" />
  <heap-resize type="expand" space="tenure" amount="1048576" count="16" timems="0.655" reason="continue current collection" />
</gc-op>
<gc-end id="5007" type="scavenge" contextid="5003" durationms="9.263" usertimems="39.053" systemtimems="5.112" timestamp="2019-08-08T09:22:54.066" activeThreads="16">
  <mem-info id="5008" free="239716376" total="295763968" percent="81">
    <mem type="nursery" free="239432728" total="269877248" percent="88">
      <mem type="allocate" free="239432728" total="242876416" percent="98" />
      <mem type="survivor" free="0" total="27000832" percent="0" />
    </mem>
    <mem type="tenure" free="283648" total="25886720" percent="1" macro-fragmented="0">
      <mem type="soa" free="25600" total="25628672" percent="0" />
      <mem type="loa" free="258048" total="258048" percent="100" />
    </mem>
    <remembered-set count="17382" />
  </mem-info>
</gc-end>
<cycle-end id="5009" type="scavenge" contextid="5003" timestamp="2019-08-08T09:22:54.066" />
  <attribute name="elasticGC enabled" value="1" />
  <attribute name= "numThreadsSpecified" value="16" />
  <attribute name="heapSize specified" value="222756864" />
  <attribute name="Current GC Util" value="11" />
  <attribute name= "Current Time Running" value="165210" />
  <attribute name ="GC Interval" value="2377" />
  <attribute name="Target GC Util Change" value ="80.000000" />
  <attribute name="Current GC Util Change" value="11.000000"/>
  <attribute name="Current Error" value="206.000000" />
  <attribute name="Output H" value="294791312"/>
  <attribute name="Output I" value="2376"/>
  <attribute name="Output T" value="16"/>
  <attribute name= "Current Time Running" value="165210" />
  <attribute name="GC Util currently" value="11" />
  <attribute name="CPU Util currently" value="5291204871" />
<allocation-satisfied id="5010" threadId="0000000000E2B500" bytesRequested="40" />
<af-end id="5011" timestamp="2019-08-08T09:22:54.066" threadId="0000000000E2BE88" success="true" from="nursery"/>
<exclusive-end id="5012" timestamp="2019-08-08T09:22:54.066" durationms="9.891" />

<concurrent-kickoff id="5013" timestamp="2019-08-08T09:22:54.319">
  <kickoff reason="threshold reached" targetBytes="16898120" thresholdFreeBytes="2393831"  remainingFree="2323440" tenureFreeBytes="283648" nurseryFreeBytes="2323440" />
</concurrent-kickoff>
<exclusive-start id="5014" timestamp="2019-08-08T09:22:54.330" intervalms="274.272">
  <response-info timems="8.708" idlems="1.744" threads="8" lastid="0000000000E27900" lastname="Thread-24" />
</exclusive-start>
<cycle-start id="5015" type="global" contextid="0" timestamp="2019-08-08T09:22:54.330" intervalms="3181.533" />
<exclusive-end id="5016" timestamp="2019-08-08T09:22:54.330" durationms="0.039" />

<exclusive-start id="5017" timestamp="2019-08-08T09:22:54.331" intervalms="1.178">
  <response-info timems="0.342" idlems="0.342" threads="0" lastid="0000000000E2B500" lastname="Thread-25" />
</exclusive-start>
<af-start id="5018" threadId="0000000000E2BE88" totalBytesRequested="40" timestamp="2019-08-08T09:22:54.331" intervalms="275.325" type="nursery" />
<cycle-start id="5019" type="scavenge" contextid="0" timestamp="2019-08-08T09:22:54.331" intervalms="275.315" />
<gc-start id="5020" type="scavenge" contextid="5019" timestamp="2019-08-08T09:22:54.331">
  <mem-info id="5021" free="283648" total="295763968" percent="0">
    <mem type="nursery" free="0" total="269877248" percent="0">
      <mem type="allocate" free="0" total="242876416" percent="0" />
      <mem type="survivor" free="0" total="27000832" percent="0" />
    </mem>
    <mem type="tenure" free="283648" total="25886720" percent="1">
      <mem type="soa" free="25600" total="25628672" percent="0" />
      <mem type="loa" free="258048" total="258048" percent="100" />
    </mem>
    <remembered-set count="24400" />
  </mem-info>
</gc-start>
<allocation-stats totalBytes="239425872" >
  <allocated-bytes non-tlh="40" tlh="239425832" />
  <largest-consumer threadName="Thread-26" threadId="0000000000DD8F00" bytes="27622632" />
</allocation-stats>
<gc-op id="5022" type="scavenge" timems="4.144" contextid="5019" timestamp="2019-08-08T09:22:54.336">
  <scavenger-info tenureage="14" tenuremask="4000" tiltratio="89" />
  <memory-copied type="nursery" objects="97735" bytes="3726136" bytesdiscarded="153632" />
</gc-op>
<gc-end id="5023" type="scavenge" contextid="5019" durationms="4.555" usertimems="15.135" systemtimems="2.179" timestamp="2019-08-08T09:22:54.336" activeThreads="16">
  <mem-info id="5024" free="239280296" total="295763968" percent="80">
    <mem type="nursery" free="238996648" total="269877248" percent="88">
      <mem type="allocate" free="238996648" total="242876416" percent="98" />
      <mem type="survivor" free="0" total="27000832" percent="0" />
    </mem>
    <mem type="tenure" free="283648" total="25886720" percent="1" macro-fragmented="168253">
      <mem type="soa" free="25600" total="25628672" percent="0" />
      <mem type="loa" free="258048" total="258048" percent="100" />
    </mem>
    <remembered-set count="24399" />
  </mem-info>
</gc-end>
<cycle-end id="5025" type="scavenge" contextid="5019" timestamp="2019-08-08T09:22:54.336" />
  <attribute name="elasticGC enabled" value="1" />
  <attribute name= "numThreadsSpecified" value="16" />
  <attribute name="heapSize specified" value="222756864" />
  <attribute name="Current GC Util" value="12" />
  <attribute name= "Current Time Running" value="165485" />
  <attribute name ="GC Interval" value="2137" />
  <attribute name="Target GC Util Change" value ="80.000000" />
  <attribute name="Current GC Util Change" value="12.000000"/>
  <attribute name="Current Error" value="68.000000" />
  <attribute name="Output H" value="295839728"/>
  <attribute name="Output I" value="2136"/>
  <attribute name="Output T" value="16"/>
  <attribute name= "Current Time Running" value="165485" />
  <attribute name="GC Util currently" value="12" />
  <attribute name="CPU Util currently" value="4190960054" />
<allocation-satisfied id="5026" threadId="0000000000E2B500" bytesRequested="40" />
<af-end id="5027" timestamp="2019-08-08T09:22:54.336" threadId="0000000000E2BE88" success="true" from="nursery"/>
<exclusive-end id="5028" timestamp="2019-08-08T09:22:54.336" durationms="4.919" />

<exclusive-start id="5029" timestamp="2019-08-08T09:22:54.352" intervalms="20.670">
  <response-info timems="0.845" idlems="0.441" threads="1" lastid="0000000000E23D00" lastname="Thread-31" />
</exclusive-start>
<concurrent-collection-start id="5030" timestamp="2019-08-08T09:22:54.352" intervalms="3026.845" >
  <concurrent-trace-info reason="card cleaning threshold reached" tracedByMutators="13954900" tracedByHelpers="182676" cardsCleaned="29" workStackOverflowCount="0" />
</concurrent-collection-start>
<gc-start id="5031" type="global" contextid="5015" timestamp="2019-08-08T09:22:54.352">
  <mem-info id="5032" free="233173120" total="295763968" percent="78">
    <mem type="nursery" free="232889472" total="269877248" percent="86">
      <mem type="allocate" free="232889472" total="242876416" percent="95" />
      <mem type="survivor" free="0" total="27000832" percent="0" />
    </mem>
    <mem type="tenure" free="283648" total="25886720" percent="1">
      <mem type="soa" free="25600" total="25628672" percent="0" />
      <mem type="loa" free="258048" total="258048" percent="100" />
    </mem>
    <remembered-set count="24487" />
  </mem-info>
</gc-start>
<allocation-stats totalBytes="6107064" >
  <allocated-bytes non-tlh="40" tlh="6107024" />
  <largest-consumer threadName="Thread-36" threadId="0000000000E05E00" bytes="638976" />
</allocation-stats>
<gc-op id="5033" type="rs-scan" timems="2.010" contextid="5015" timestamp="2019-08-08T09:22:54.354">
  <scan objectsFound="13380" bytesTraced="1097440" workStackOverflowCount="0" />
</gc-op>
<gc-op id="5034" type="card-cleaning" timems="5.120" contextid="5015" timestamp="2019-08-08T09:22:54.359">
  <card-cleaning cardsCleaned="53" bytesTraced="40568" workStackOverflowCount="0" />
</gc-op>
<gc-op id="5035" type="mark" timems="8.210" contextid="5015" timestamp="2019-08-08T09:22:54.368">
  <trace-info objectcount="132925" scancount="119860" scanbytes="4635716" />
  <finalization candidates="151" enqueued="0" />
  <ownableSynchronizers candidates="23" cleared="0" />
  <references type="soft" candidates="1922" cleared="52" enqueued="48" dynamicThreshold="2" maxThreshold="32" />
  <references type="weak" candidates="6103" cleared="0" enqueued="0" />
  <references type="phantom" candidates="274" cleared="0" enqueued="0" />
  <stringconstants candidates="14617" cleared="0"  />
</gc-op>
<gc-op id="5036" type="sweep" timems="2.965" contextid="5015" timestamp="2019-08-08T09:22:54.371" />
<mem-info id="5037" free="241020040" total="295763968" percent="81">
  <mem type="nursery" free="239282528" total="269877248" percent="88">
    <mem type="allocate" free="239282528" total="242876416" percent="98" />
    <mem type="survivor" free="0" total="27000832" percent="0" />
  </mem>
  <mem type="tenure" free="1737512" total="25886720" percent="6" micro-fragmented="1282" macro-fragmented="0">
    <mem type="soa" free="1479464" total="25628672" percent="5" />
    <mem type="loa" free="258048" total="258048" percent="100" />
  </mem>
  <pending-finalizers system="0" default="0" reference="48" classloader="0" />
  <remembered-set count="13715" />
</mem-info>
<gc-op id="5038" type="compact" timems="29.679" contextid="5015" timestamp="2019-08-08T09:22:54.401">
  <compact-info movecount="140143" movebytes="7968576" reason="compact to aid heap contraction" />
</gc-op>
<heap-resize id="5039" type="expand" space="tenure" amount="131072" count="1" timems="0.022" reason="satisfy allocation request" timestamp="2019-08-08T09:22:54.401" />
<gc-end id="5040" type="global" contextid="5015" durationms="49.351" usertimems="85.991" systemtimems="11.600" timestamp="2019-08-08T09:22:54.402" activeThreads="16">
  <mem-info id="5041" free="241353872" total="295895040" percent="81">
    <mem type="nursery" free="239475528" total="269877248" percent="88">
      <mem type="allocate" free="239475528" total="242876416" percent="98" />
      <mem type="survivor" free="0" total="27000832" percent="0" />
    </mem>
    <mem type="tenure" free="1878344" total="26017792" percent="7">
      <mem type="soa" free="1618248" total="25757696" percent="6" />
      <mem type="loa" free="260096" total="260096" percent="100" />
    </mem>
    <pending-finalizers system="0" default="0" reference="48" classloader="0" />
    <remembered-set count="13715" />
  </mem-info>
</gc-end>
<cycle-end id="5042" type="global" contextid="5015" timestamp="2019-08-08T09:22:54.402" />
  <attribute name="elasticGC enabled" value="1" />
  <attribute name= "numThreadsSpecified" value="16" />
  <attribute name="heapSize specified" value="295763968" />
  <attribute name="Current GC Util" value="108" />
  <attribute name= "Current Time Running" value="165554" />
  <attribute name ="GC Interval" value="2137" />
  <attribute name="Target GC Util Change" value ="80.000000" />
  <attribute name="Current GC Util Change" value="108.000000"/>
  <attribute name="Current Error" value="-94.000000" />
  <attribute name="Output H" value="295839544"/>
  <attribute name="Output I" value="1848"/>
  <attribute name="Output T" value="16"/>
  <attribute name= "Current Time Running" value="165554" />
  <attribute name="GC Util currently" value="108" />
  <attribute name="CPU Util currently" value="38635972167" />
<concurrent-collection-end id="5043" timestamp="2019-08-08T09:22:54.402" />
<exclusive-end id="5044" timestamp="2019-08-08T09:22:54.402" durationms="50.194" />

<exclusive-start id="5045" timestamp="2019-08-08T09:22:54.593" intervalms="241.549">
  <response-info timems="21.891" idlems="21.891" threads="0" lastid="0000000000DD8F00" lastname="Thread-26" />
</exclusive-start>
<af-start id="5046" threadId="0000000000DD9888" totalBytesRequested="40" timestamp="2019-08-08T09:22:54.594" intervalms="262.233" type="nursery" />
<cycle-start id="5047" type="scavenge" contextid="0" timestamp="2019-08-08T09:22:54.594" intervalms="262.241" />
<gc-start id="5048" type="scavenge" contextid="5047" timestamp="2019-08-08T09:22:54.594">
  <mem-info id="5049" free="1878344" total="295895040" percent="0">
    <mem type="nursery" free="0" total="269877248" percent="0">
      <mem type="allocate" free="0" total="242876416" percent="0" />
      <mem type="survivor" free="0" total="27000832" percent="0" />
    </mem>
    <mem type="tenure" free="1878344" total="26017792" percent="7">
      <mem type="soa" free="1618248" total="25757696" percent="6" />
      <mem type="loa" free="260096" total="260096" percent="100" />
    </mem>
    <remembered-set count="18647" />
  </mem-info>
</gc-start>
<allocation-stats totalBytes="239460056" >
  <allocated-bytes non-tlh="0" tlh="239460056" />
  <largest-consumer threadName="Thread-26" threadId="0000000000DD8F00" bytes="22877120" />
</allocation-stats>
<gc-op id="5050" type="scavenge" timems="3.508" contextid="5047" timestamp="2019-08-08T09:22:54.597">
  <scavenger-info tenureage="4" tenuremask="4090" tiltratio="89" />
  <memory-copied type="nursery" objects="78079" bytes="3118512" bytesdiscarded="515520" />
  <memory-copied type="tenure" objects="13342" bytes="594960" bytesdiscarded="24" />
  <ownableSynchronizers candidates="46" cleared="46" />
</gc-op>
<gc-end id="5051" type="scavenge" contextid="5047" durationms="3.716" usertimems="18.224" systemtimems="0.463" timestamp="2019-08-08T09:22:54.597" activeThreads="16">
  <mem-info id="5052" free="240364720" total="295895040" percent="81">
    <mem type="nursery" free="239242384" total="269877248" percent="88">
      <mem type="allocate" free="239242384" total="242876416" percent="98" />
      <mem type="survivor" free="0" total="27000832" percent="0" />
    </mem>
    <mem type="tenure" free="1122336" total="26017792" percent="4" macro-fragmented="723458">
      <mem type="soa" free="862240" total="25757696" percent="3" />
      <mem type="loa" free="260096" total="260096" percent="100" />
    </mem>
    <remembered-set count="21995" />
  </mem-info>
</gc-end>
<cycle-end id="5053" type="scavenge" contextid="5047" timestamp="2019-08-08T09:22:54.597" />
  <attribute name="elasticGC enabled" value="1" />
  <attribute name= "numThreadsSpecified" value="16" />
  <attribute name="heapSize specified" value="295763968" />
  <attribute name="Current GC Util" value="14" />
  <attribute name= "Current Time Running" value="165747" />
  <attribute name ="GC Interval" value="1961" />
  <attribute name="Target GC Util Change" value ="80.000000" />
  <attribute name="Current GC Util Change" value="14.000000"/>
  <attribute name="Current Error" value="-28.000000" />
  <attribute name="Output H" value="295970688"/>
  <attribute name="Output I" value="1960"/>
  <attribute name="Output T" value="16"/>
  <attribute name= "Current Time Running" value="165747" />
  <attribute name="GC Util currently" value="14" />
  <attribute name="CPU Util currently" value="5978980970" />
<allocation-satisfied id="5054" threadId="0000000000DD8F00" bytesRequested="40" />
<af-end id="5055" timestamp="2019-08-08T09:22:54.597" threadId="0000000000DD9888" success="true" from="nursery"/>
<exclusive-end id="5056" timestamp="2019-08-08T09:22:54.597" durationms="4.012" />

<concurrent-kickoff id="5057" timestamp="2019-08-08T09:22:54.781">
  <kickoff reason="threshold reached" targetBytes="16436107" thresholdFreeBytes="2123333"  remainingFree="2002024" tenureFreeBytes="1122336" nurseryFreeBytes="2002024" />
</concurrent-kickoff>
<exclusive-start id="5058" timestamp="2019-08-08T09:22:54.790" intervalms="196.448">
  <response-info timems="7.224" idlems="7.224" threads="0" lastid="0000000000E23D00" lastname="Thread-31" />
</exclusive-start>
<cycle-start id="5059" type="global" contextid="0" timestamp="2019-08-08T09:22:54.790" intervalms="459.839" />
<exclusive-end id="5060" timestamp="2019-08-08T09:22:54.790" durationms="0.029" />

<exclusive-start id="5061" timestamp="2019-08-08T09:22:54.791" intervalms="1.366">
  <response-info timems="0.625" idlems="0.625" threads="0" lastid="0000000000E27900" lastname="Thread-24" />
</exclusive-start>
<af-start id="5062" threadId="0000000000E28288" totalBytesRequested="40" timestamp="2019-08-08T09:22:54.791" intervalms="197.783" type="nursery" />
<cycle-start id="5063" type="scavenge" contextid="0" timestamp="2019-08-08T09:22:54.791" intervalms="197.773" />
<gc-start id="5064" type="scavenge" contextid="5063" timestamp="2019-08-08T09:22:54.791">
  <mem-info id="5065" free="1122336" total="295895040" percent="0">
    <mem type="nursery" free="0" total="269877248" percent="0">
      <mem type="allocate" free="0" total="242876416" percent="0" />
      <mem type="survivor" free="0" total="27000832" percent="0" />
    </mem>
    <mem type="tenure" free="1122336" total="26017792" percent="4">
      <mem type="soa" free="862240" total="25757696" percent="3" />
      <mem type="loa" free="260096" total="260096" percent="100" />
    </mem>
    <remembered-set count="25170" />
  </mem-info>
</gc-start>
<allocation-stats totalBytes="239224680" >
  <allocated-bytes non-tlh="40" tlh="239224640" />
  <largest-consumer threadName="Thread-30" threadId="0000000000DE4300" bytes="29849104" />
</allocation-stats>
<gc-op id="5066" type="scavenge" timems="5.556" contextid="5063" timestamp="2019-08-08T09:22:54.797">
  <scavenger-info tenureage="14" tenuremask="4000" tiltratio="89" />
  <memory-copied type="nursery" objects="110587" bytes="4310768" bytesdiscarded="80512" />
  <memory-copied type="tenure" objects="1" bytes="520" bytesdiscarded="0" />
</gc-op>
<gc-end id="5067" type="scavenge" contextid="5063" durationms="5.839" usertimems="13.671" systemtimems="2.050" timestamp="2019-08-08T09:22:54.797" activeThreads="16">
  <mem-info id="5068" free="239545264" total="295895040" percent="80">
    <mem type="nursery" free="238485136" total="269877248" percent="88">
      <mem type="allocate" free="238485136" total="242876416" percent="98" />
      <mem type="survivor" free="0" total="27000832" percent="0" />
    </mem>
    <mem type="tenure" free="1060128" total="26017792" percent="4" macro-fragmented="0">
      <mem type="soa" free="800032" total="25757696" percent="3" />
      <mem type="loa" free="260096" total="260096" percent="100" />
    </mem>
    <remembered-set count="25168" />
  </mem-info>
</gc-end>
<cycle-end id="5069" type="scavenge" contextid="5063" timestamp="2019-08-08T09:22:54.797" />
  <attribute name="elasticGC enabled" value="1" />
  <attribute name= "numThreadsSpecified" value="16" />
  <attribute name="heapSize specified" value="295763968" />
  <attribute name="Current GC Util" value="7" />
  <attribute name= "Current Time Running" value="165945" />
  <attribute name ="GC Interval" value="2089" />
  <attribute name="Target GC Util Change" value ="80.000000" />
  <attribute name="Current GC Util Change" value="7.000000"/>
  <attribute name="Current Error" value="45.000000" />
  <attribute name="Output H" value="295970776"/>
  <attribute name="Output I" value="2088"/>
  <attribute name="Output T" value="16"/>
  <attribute name= "Current Time Running" value="165945" />
  <attribute name="GC Util currently" value="7" />
  <attribute name="CPU Util currently" value="5827372828" />
<allocation-satisfied id="5070" threadId="0000000000E27900" bytesRequested="40" />
<af-end id="5071" timestamp="2019-08-08T09:22:54.797" threadId="0000000000E28288" success="true" from="nursery"/>
<exclusive-end id="5072" timestamp="2019-08-08T09:22:54.797" durationms="6.222" />

<exclusive-start id="5073" timestamp="2019-08-08T09:22:54.832" intervalms="41.228">
  <response-info timems="5.275" idlems="5.275" threads="0" lastid="0000000000E11200" lastname="Thread-29" />
</exclusive-start>
<concurrent-collection-start id="5074" timestamp="2019-08-08T09:22:54.833" intervalms="480.480" >
  <concurrent-trace-info reason="card cleaning threshold reached" tracedByMutators="12035604" tracedByHelpers="1524524" cardsCleaned="18" workStackOverflowCount="0" />
</concurrent-collection-start>
<gc-start id="5075" type="global" contextid="5059" timestamp="2019-08-08T09:22:54.833">
  <mem-info id="5076" free="214649736" total="295895040" percent="72">
    <mem type="nursery" free="213589608" total="269877248" percent="79">
      <mem type="allocate" free="213589608" total="242876416" percent="87" />
      <mem type="survivor" free="0" total="27000832" percent="0" />
    </mem>
    <mem type="tenure" free="1060128" total="26017792" percent="4">
      <mem type="soa" free="800032" total="25757696" percent="3" />
      <mem type="loa" free="260096" total="260096" percent="100" />
    </mem>
    <remembered-set count="25463" />
  </mem-info>
</gc-start>
<allocation-stats totalBytes="24894896" >
  <allocated-bytes non-tlh="40" tlh="24894856" />
  <largest-consumer threadName="Thread-30" threadId="0000000000DE4300" bytes="3375024" />
</allocation-stats>
<gc-op id="5077" type="rs-scan" timems="1.397" contextid="5059" timestamp="2019-08-08T09:22:54.834">
  <scan objectsFound="10118" bytesTraced="818200" workStackOverflowCount="0" />
</gc-op>
<gc-op id="5078" type="card-cleaning" timems="2.304" contextid="5059" timestamp="2019-08-08T09:22:54.837">
  <card-cleaning cardsCleaned="120" bytesTraced="82544" workStackOverflowCount="0" />
</gc-op>
<gc-op id="5079" type="mark" timems="142.122" contextid="5059" timestamp="2019-08-08T09:22:54.979">
  <trace-info objectcount="144225" scancount="131131" scanbytes="5180652" />
  <finalization candidates="151" enqueued="0" />
  <ownableSynchronizers candidates="23" cleared="0" />
  <references type="soft" candidates="1870" cleared="15" enqueued="12" dynamicThreshold="2" maxThreshold="32" />
  <references type="weak" candidates="6103" cleared="0" enqueued="0" />
  <references type="phantom" candidates="274" cleared="0" enqueued="0" />
  <stringconstants candidates="14617" cleared="0"  />
</gc-op>
<gc-op id="5080" type="sweep" timems="81.150" contextid="5059" timestamp="2019-08-08T09:22:55.060" />
<mem-info id="5081" free="241205048" total="295895040" percent="81">
  <mem type="nursery" free="238668648" total="269877248" percent="88">
    <mem type="allocate" free="238668648" total="242876416" percent="98" />
    <mem type="survivor" free="0" total="27000832" percent="0" />
  </mem>
  <mem type="tenure" free="2536400" total="26017792" percent="9" micro-fragmented="3602" macro-fragmented="0">
    <mem type="soa" free="2276304" total="25757696" percent="8" />
    <mem type="loa" free="260096" total="260096" percent="100" />
  </mem>
  <pending-finalizers system="0" default="0" reference="12" classloader="0" />
  <remembered-set count="10917" />
</mem-info>
<gc-op id="5082" type="compact" timems="216.786" contextid="5059" timestamp="2019-08-08T09:22:55.277">
  <compact-info movecount="136012" movebytes="7814096" reason="compact to aid heap contraction" />
</gc-op>
<heap-resize id="5083" type="expand" space="tenure" amount="131072" count="1" timems="0.019" reason="satisfy allocation request" timestamp="2019-08-08T09:22:55.278" />
<gc-end id="5084" type="global" contextid="5059" durationms="445.237" usertimems="180.930" systemtimems="111.550" timestamp="2019-08-08T09:22:55.278" activeThreads="16">
  <mem-info id="5085" free="241650304" total="296026112" percent="81">
    <mem type="nursery" free="238967408" total="269877248" percent="88">
      <mem type="allocate" free="238967408" total="242876416" percent="98" />
      <mem type="survivor" free="0" total="27000832" percent="0" />
    </mem>
    <mem type="tenure" free="2682896" total="26148864" percent="10">
      <mem type="soa" free="2421776" total="25887744" percent="9" />
      <mem type="loa" free="261120" total="261120" percent="100" />
    </mem>
    <pending-finalizers system="0" default="0" reference="12" classloader="0" />
    <remembered-set count="10917" />
  </mem-info>
</gc-end>
<cycle-end id="5086" type="global" contextid="5059" timestamp="2019-08-08T09:22:55.278" />
  <attribute name="elasticGC enabled" value="1" />
  <attribute name= "numThreadsSpecified" value="16" />
  <attribute name="heapSize specified" value="295895040" />
  <attribute name="Current GC Util" value="47" />
  <attribute name= "Current Time Running" value="166431" />
  <attribute name ="GC Interval" value="2089" />
  <attribute name="Target GC Util Change" value ="80.000000" />
  <attribute name="Current GC Util Change" value="47.000000"/>
  <attribute name="Current Error" value="52.000000" />
  <attribute name="Output H" value="295970784"/>
  <attribute name="Output I" value="2104"/>
  <attribute name="Output T" value="16"/>
  <attribute name= "Current Time Running" value="166431" />
  <attribute name="GC Util currently" value="47" />
  <attribute name="CPU Util currently" value="5316188321" />
<concurrent-collection-end id="5087" timestamp="2019-08-08T09:22:55.278" />
<exclusive-end id="5088" timestamp="2019-08-08T09:22:55.278" durationms="445.468" />

<exclusive-start id="5089" timestamp="2019-08-08T09:22:55.428" intervalms="595.195">
  <response-info timems="1.179" idlems="1.179" threads="0" lastid="0000000000E09A00" lastname="Thread-28" />
</exclusive-start>
<af-start id="5090" threadId="0000000000E0A388" totalBytesRequested="40" timestamp="2019-08-08T09:22:55.428" intervalms="636.433" type="nursery" />
<cycle-start id="5091" type="scavenge" contextid="0" timestamp="2019-08-08T09:22:55.428" intervalms="636.434" />
<gc-start id="5092" type="scavenge" contextid="5091" timestamp="2019-08-08T09:22:55.428">
  <mem-info id="5093" free="2682896" total="296026112" percent="0">
    <mem type="nursery" free="0" total="269877248" percent="0">
      <mem type="allocate" free="0" total="242876416" percent="0" />
      <mem type="survivor" free="0" total="27000832" percent="0" />
    </mem>
    <mem type="tenure" free="2682896" total="26148864" percent="10">
      <mem type="soa" free="2421776" total="25887744" percent="9" />
      <mem type="loa" free="261120" total="261120" percent="100" />
    </mem>
    <remembered-set count="12594" />
  </mem-info>
</gc-start>
<allocation-stats totalBytes="238949744" >
  <allocated-bytes non-tlh="0" tlh="238949744" />
  <largest-consumer threadName="Thread-30" threadId="0000000000DE4300" bytes="27752656" />
</allocation-stats>
<gc-op id="5094" type="scavenge" timems="6.947" contextid="5091" timestamp="2019-08-08T09:22:55.435">
  <scavenger-info tenureage="14" tenuremask="4000" tiltratio="89" />
  <memory-copied type="nursery" objects="117160" bytes="4743024" bytesdiscarded="409440" />
  <ownableSynchronizers candidates="46" cleared="46" />
</gc-op>
<gc-end id="5095" type="scavenge" contextid="5091" durationms="7.150" usertimems="19.509" systemtimems="0.000" timestamp="2019-08-08T09:22:55.435" activeThreads="16">
  <mem-info id="5096" free="240406848" total="296026112" percent="81">
    <mem type="nursery" free="237723952" total="269877248" percent="88">
      <mem type="allocate" free="237723952" total="242876416" percent="97" />
      <mem type="survivor" free="0" total="27000832" percent="0" />
    </mem>
    <mem type="tenure" free="2682896" total="26148864" percent="10" macro-fragmented="2160235">
      <mem type="soa" free="2421776" total="25887744" percent="9" />
      <mem type="loa" free="261120" total="261120" percent="100" />
    </mem>
    <remembered-set count="12563" />
  </mem-info>
</gc-end>
<cycle-end id="5097" type="scavenge" contextid="5091" timestamp="2019-08-08T09:22:55.435" />
  <attribute name="elasticGC enabled" value="1" />
  <attribute name= "numThreadsSpecified" value="16" />
  <attribute name="heapSize specified" value="295895040" />
  <attribute name="Current GC Util" value="86" />
  <attribute name= "Current Time Running" value="166582" />
  <attribute name ="GC Interval" value="2097" />
  <attribute name="Target GC Util Change" value ="80.000000" />
  <attribute name="Current GC Util Change" value="86.000000"/>
  <attribute name="Current Error" value="46.000000" />
  <attribute name="Output H" value="296101848"/>
  <attribute name="Output I" value="2096"/>
  <attribute name="Output T" value="16"/>
  <attribute name= "Current Time Running" value="166582" />
  <attribute name="GC Util currently" value="86" />
  <attribute name="CPU Util currently" value="7638626532" />
<allocation-satisfied id="5098" threadId="0000000000E09A00" bytesRequested="40" />
<af-end id="5099" timestamp="2019-08-08T09:22:55.435" threadId="0000000000E0A388" success="true" from="nursery"/>
<exclusive-end id="5100" timestamp="2019-08-08T09:22:55.435" durationms="7.619" />

<exclusive-start id="5101" timestamp="2019-08-08T09:22:55.693" intervalms="265.329">
  <response-info timems="7.339" idlems="7.339" threads="0" lastid="0000000000DE4300" lastname="Thread-30" />
</exclusive-start>
<af-start id="5102" threadId="0000000000DE4C88" totalBytesRequested="40" timestamp="2019-08-08T09:22:55.693" intervalms="265.329" type="nursery" />
<cycle-start id="5103" type="scavenge" contextid="0" timestamp="2019-08-08T09:22:55.693" intervalms="265.338" />
<gc-start id="5104" type="scavenge" contextid="5103" timestamp="2019-08-08T09:22:55.693">
  <mem-info id="5105" free="2682896" total="296026112" percent="0">
    <mem type="nursery" free="0" total="269877248" percent="0">
      <mem type="allocate" free="0" total="242876416" percent="0" />
      <mem type="survivor" free="0" total="27000832" percent="0" />
    </mem>
    <mem type="tenure" free="2682896" total="26148864" percent="10">
      <mem type="soa" free="2421776" total="25887744" percent="9" />
      <mem type="loa" free="261120" total="261120" percent="100" />
    </mem>
    <remembered-set count="13268" />
  </mem-info>
</gc-start>
<allocation-stats totalBytes="237694608" >
  <allocated-bytes non-tlh="40" tlh="237694568" />
  <largest-consumer threadName="Thread-29" threadId="0000000000E11200" bytes="31813784" />
</allocation-stats>
<gc-op id="5106" type="scavenge" timems="8.997" contextid="5103" timestamp="2019-08-08T09:22:55.702">
  <scavenger-info tenureage="14" tenuremask="4000" tiltratio="89" />
  <memory-copied type="nursery" objects="114331" bytes="4811504" bytesdiscarded="370864" />
</gc-op>
<gc-end id="5107" type="scavenge" contextid="5103" durationms="9.318" usertimems="33.206" systemtimems="5.000" timestamp="2019-08-08T09:22:55.702" activeThreads="16">
  <mem-info id="5108" free="240376944" total="296026112" percent="81">
    <mem type="nursery" free="237694048" total="269877248" percent="88">
      <mem type="allocate" free="237694048" total="242876416" percent="97" />
      <mem type="survivor" free="0" total="27000832" percent="0" />
    </mem>
    <mem type="tenure" free="2682896" total="26148864" percent="10" macro-fragmented="10920">
      <mem type="soa" free="2421776" total="25887744" percent="9" />
      <mem type="loa" free="261120" total="261120" percent="100" />
    </mem>
    <remembered-set count="13266" />
  </mem-info>
</gc-end>
<cycle-end id="5109" type="scavenge" contextid="5103" timestamp="2019-08-08T09:22:55.703" />
  <attribute name="elasticGC enabled" value="1" />
  <attribute name= "numThreadsSpecified" value="16" />
  <attribute name="heapSize specified" value="295895040" />
  <attribute name="Current GC Util" value="6" />
  <attribute name= "Current Time Running" value="166847" />
  <attribute name ="GC Interval" value="2145" />
  <attribute name="Target GC Util Change" value ="80.000000" />
  <attribute name="Current GC Util Change" value="6.000000"/>
  <attribute name="Current Error" value="74.000000" />
  <attribute name="Output H" value="296101880"/>
  <attribute name="Output I" value="2144"/>
  <attribute name="Output T" value="16"/>
  <attribute name= "Current Time Running" value="166847" />
  <attribute name="GC Util currently" value="6" />
  <attribute name="CPU Util currently" value="4347405798" />
<allocation-satisfied id="5110" threadId="0000000000DE4300" bytesRequested="40" />
<af-end id="5111" timestamp="2019-08-08T09:22:55.703" threadId="0000000000DE4C88" success="true" from="nursery"/>
<exclusive-end id="5112" timestamp="2019-08-08T09:22:55.703" durationms="9.585" />

<exclusive-start id="5113" timestamp="2019-08-08T09:22:56.158" intervalms="464.624">
  <response-info timems="34.982" idlems="34.982" threads="0" lastid="0000000000DE7F00" lastname="Thread-23" />
</exclusive-start>
<af-start id="5114" threadId="0000000000DE8888" totalBytesRequested="40" timestamp="2019-08-08T09:22:56.165" intervalms="471.976" type="nursery" />
<cycle-start id="5115" type="scavenge" contextid="0" timestamp="2019-08-08T09:22:56.165" intervalms="471.990" />
<gc-start id="5116" type="scavenge" contextid="5115" timestamp="2019-08-08T09:22:56.166">
  <mem-info id="5117" free="2682896" total="296026112" percent="0">
    <mem type="nursery" free="0" total="269877248" percent="0">
      <mem type="allocate" free="0" total="242876416" percent="0" />
      <mem type="survivor" free="0" total="27000832" percent="0" />
    </mem>
    <mem type="tenure" free="2682896" total="26148864" percent="10">
      <mem type="soa" free="2421776" total="25887744" percent="9" />
      <mem type="loa" free="261120" total="261120" percent="100" />
    </mem>
    <remembered-set count="13498" />
  </mem-info>
</gc-start>
<allocation-stats totalBytes="237687472" >
  <allocated-bytes non-tlh="40" tlh="237687432" />
  <largest-consumer threadName="Thread-24" threadId="0000000000E27900" bytes="39025864" />
</allocation-stats>
<gc-op id="5118" type="scavenge" timems="216.363" contextid="5115" timestamp="2019-08-08T09:22:56.383">
  <scavenger-info tenureage="14" tenuremask="4000" tiltratio="89" />
  <memory-copied type="nursery" objects="117235" bytes="4881520" bytesdiscarded="150320" />
</gc-op>
<heap-resize id="5119" type="expand" space="nursery" amount="43384832" count="1" timems="0.025" reason="excessive time being spent scavenging" timestamp="2019-08-08T09:22:56.385" />
<gc-end id="5120" type="scavenge" contextid="5115" durationms="218.868" usertimems="167.831" systemtimems="136.147" timestamp="2019-08-08T09:22:56.385" activeThreads="16">
  <mem-info id="5121" free="279521392" total="339410944" percent="82">
    <mem type="nursery" free="276838496" total="313262080" percent="88">
      <mem type="allocate" free="276838496" total="281870336" percent="98" />
      <mem type="survivor" free="0" total="31391744" percent="0" />
    </mem>
    <mem type="tenure" free="2682896" total="26148864" percent="10" macro-fragmented="1500163">
      <mem type="soa" free="2421776" total="25887744" percent="9" />
      <mem type="loa" free="261120" total="261120" percent="100" />
    </mem>
    <remembered-set count="13485" />
  </mem-info>
</gc-end>
<cycle-end id="5122" type="scavenge" contextid="5115" timestamp="2019-08-08T09:22:56.386" />
  <attribute name="elasticGC enabled" value="1" />
  <attribute name= "numThreadsSpecified" value="16" />
  <attribute name="heapSize specified" value="295895040" />
  <attribute name="Current GC Util" value="6" />
  <attribute name= "Current Time Running" value="167320" />
  <attribute name ="GC Interval" value="2273" />
  <attribute name="Target GC Util Change" value ="80.000000" />
  <attribute name="Current GC Util Change" value="6.000000"/>
  <attribute name="Current Error" value="148.000000" />
  <attribute name="Output H" value="296101968"/>
  <attribute name="Output I" value="2272"/>
  <attribute name="Output T" value="16"/>
  <attribute name= "Current Time Running" value="167320" />
  <attribute name="GC Util currently" value="6" />
  <attribute name="CPU Util currently" value="2437847746" />
<allocation-satisfied id="5123" threadId="0000000000DE7F00" bytesRequested="40" />
<af-end id="5124" timestamp="2019-08-08T09:22:56.386" threadId="0000000000DE8888" success="true" from="nursery"/>
<exclusive-end id="5125" timestamp="2019-08-08T09:22:56.386" durationms="228.291" />

<exclusive-start id="5126" timestamp="2019-08-08T09:22:56.843" intervalms="685.439">
  <response-info timems="19.351" idlems="9.738" threads="1" lastid="0000000000E23D00" lastname="Thread-31" />
</exclusive-start>
<af-start id="5127" threadId="0000000000DFB388" totalBytesRequested="40" timestamp="2019-08-08T09:22:56.844" intervalms="679.071" type="nursery" />
<cycle-start id="5128" type="scavenge" contextid="0" timestamp="2019-08-08T09:22:56.844" intervalms="679.058" />
<gc-start id="5129" type="scavenge" contextid="5128" timestamp="2019-08-08T09:22:56.844">
  <mem-info id="5130" free="2682896" total="339410944" percent="0">
    <mem type="nursery" free="0" total="313262080" percent="0">
      <mem type="allocate" free="0" total="281870336" percent="0" />
      <mem type="survivor" free="0" total="31391744" percent="0" />
    </mem>
    <mem type="tenure" free="2682896" total="26148864" percent="10">
      <mem type="soa" free="2421776" total="25887744" percent="9" />
      <mem type="loa" free="261120" total="261120" percent="100" />
    </mem>
    <remembered-set count="13732" />
  </mem-info>
</gc-start>
<allocation-stats totalBytes="276808832" >
  <allocated-bytes non-tlh="40" tlh="276808792" />
  <largest-consumer threadName="Thread-24" threadId="0000000000E27900" bytes="26440872" />
</allocation-stats>
<gc-op id="5131" type="scavenge" timems="151.902" contextid="5128" timestamp="2019-08-08T09:22:56.996">
  <scavenger-info tenureage="14" tenuremask="4000" tiltratio="89" />
  <memory-copied type="nursery" objects="125228" bytes="5072376" bytesdiscarded="240144" />
</gc-op>
<heap-resize id="5132" type="expand" space="nursery" amount="36700160" count="1" timems="0.026" reason="excessive time being spent scavenging" timestamp="2019-08-08T09:22:56.997" />
<gc-end id="5133" type="scavenge" contextid="5128" durationms="152.507" usertimems="67.997" systemtimems="50.085" timestamp="2019-08-08T09:22:56.997" activeThreads="16">
  <mem-info id="5134" free="312336392" total="376111104" percent="83">
    <mem type="nursery" free="309653496" total="349962240" percent="88">
      <mem type="allocate" free="309653496" total="314966016" percent="98" />
      <mem type="survivor" free="0" total="34996224" percent="0" />
    </mem>
    <mem type="tenure" free="2682896" total="26148864" percent="10" macro-fragmented="868149">
      <mem type="soa" free="2421776" total="25887744" percent="9" />
      <mem type="loa" free="261120" total="261120" percent="100" />
    </mem>
    <remembered-set count="13731" />
  </mem-info>
</gc-end>
<cycle-end id="5135" type="scavenge" contextid="5128" timestamp="2019-08-08T09:22:56.997" />
  <attribute name="elasticGC enabled" value="1" />
  <attribute name= "numThreadsSpecified" value="16" />
  <attribute name="heapSize specified" value="295895040" />
  <attribute name="Current GC Util" value="28" />
  <attribute name= "Current Time Running" value="167998" />
  <attribute name ="GC Interval" value="2369" />
  <attribute name="Target GC Util Change" value ="80.000000" />
  <attribute name="Current GC Util Change" value="28.000000"/>
  <attribute name="Current Error" value="200.000000" />
  <attribute name="Output H" value="339486856"/>
  <attribute name="Output I" value="2368"/>
  <attribute name="Output T" value="16"/>
  <attribute name= "Current Time Running" value="167998" />
  <attribute name="GC Util currently" value="28" />
  <attribute name="CPU Util currently" value="1700313436" />
<allocation-satisfied id="5136" threadId="0000000000DFAA00" bytesRequested="40" />
<af-end id="5137" timestamp="2019-08-08T09:22:56.997" threadId="0000000000DFB388" success="true" from="nursery"/>
<exclusive-end id="5138" timestamp="2019-08-08T09:22:56.998" durationms="154.957" />

<exclusive-start id="5139" timestamp="2019-08-08T09:22:57.626" intervalms="783.051">
  <response-info timems="2.040" idlems="1.024" threads="1" lastid="0000000000DFAA00" lastname="Thread-22" />
</exclusive-start>
<af-start id="5140" threadId="0000000000E28288" totalBytesRequested="40" timestamp="2019-08-08T09:22:57.626" intervalms="782.069" type="nursery" />
<cycle-start id="5141" type="scavenge" contextid="0" timestamp="2019-08-08T09:22:57.626" intervalms="782.067" />
<gc-start id="5142" type="scavenge" contextid="5141" timestamp="2019-08-08T09:22:57.626">
  <mem-info id="5143" free="2682896" total="376111104" percent="0">
    <mem type="nursery" free="0" total="349962240" percent="0">
      <mem type="allocate" free="0" total="314966016" percent="0" />
      <mem type="survivor" free="0" total="34996224" percent="0" />
    </mem>
    <mem type="tenure" free="2682896" total="26148864" percent="10">
      <mem type="soa" free="2421776" total="25887744" percent="9" />
      <mem type="loa" free="261120" total="261120" percent="100" />
    </mem>
    <remembered-set count="14563" />
  </mem-info>
</gc-start>
<allocation-stats totalBytes="309644616" >
  <allocated-bytes non-tlh="40" tlh="309644576" />
  <largest-consumer threadName="Thread-21" threadId="0000000000E02200" bytes="29457824" />
</allocation-stats>
<gc-op id="5144" type="scavenge" timems="151.069" contextid="5141" timestamp="2019-08-08T09:22:57.778">
  <scavenger-info tenureage="14" tenuremask="4000" tiltratio="90" />
  <memory-copied type="nursery" objects="122323" bytes="5003488" bytesdiscarded="229040" />
</gc-op>
<heap-resize id="5145" type="expand" space="nursery" amount="31326208" count="1" timems="0.022" reason="excessive time being spent scavenging" timestamp="2019-08-08T09:22:57.778" />
<gc-end id="5146" type="scavenge" contextid="5141" durationms="151.896" usertimems="58.453" systemtimems="60.343" timestamp="2019-08-08T09:22:57.778" activeThreads="16">
  <mem-info id="5147" free="340596864" total="407437312" percent="83">
    <mem type="nursery" free="337913968" total="381288448" percent="88">
      <mem type="allocate" free="337913968" total="343146496" percent="98" />
      <mem type="survivor" free="0" total="38141952" percent="0" />
    </mem>
    <mem type="tenure" free="2682896" total="26148864" percent="10" macro-fragmented="1250136">
      <mem type="soa" free="2421776" total="25887744" percent="9" />
      <mem type="loa" free="261120" total="261120" percent="100" />
    </mem>
    <remembered-set count="14563" />
  </mem-info>
</gc-end>
<cycle-end id="5148" type="scavenge" contextid="5141" timestamp="2019-08-08T09:22:57.778" />
  <attribute name="elasticGC enabled" value="1" />
  <attribute name= "numThreadsSpecified" value="16" />
  <attribute name="heapSize specified" value="295895040" />
  <attribute name="Current GC Util" value="12" />
  <attribute name= "Current Time Running" value="168780" />
  <attribute name ="GC Interval" value="2489" />
  <attribute name="Target GC Util Change" value ="80.000000" />
  <attribute name="Current GC Util Change" value="12.000000"/>
  <attribute name="Current Error" value="268.000000" />
  <attribute name="Output H" value="376187096"/>
  <attribute name="Output I" value="2488"/>
  <attribute name="Output T" value="16"/>
  <attribute name= "Current Time Running" value="168780" />
  <attribute name="GC Util currently" value="12" />
  <attribute name="CPU Util currently" value="1473944076" />
<allocation-satisfied id="5149" threadId="0000000000E27900" bytesRequested="40" />
<af-end id="5150" timestamp="2019-08-08T09:22:57.778" threadId="0000000000E28288" success="true" from="nursery"/>
<exclusive-end id="5151" timestamp="2019-08-08T09:22:57.778" durationms="152.355" />

<exclusive-start id="5152" timestamp="2019-08-08T09:22:58.700" intervalms="1074.032">
  <response-info timems="47.748" idlems="41.411" threads="1" lastid="0000000000DEF600" lastname="Thread-32" />
</exclusive-start>
<af-start id="5153" threadId="0000000000E0A388" totalBytesRequested="40" timestamp="2019-08-08T09:22:58.702" intervalms="1075.967" type="nursery" />
<cycle-start id="5154" type="scavenge" contextid="0" timestamp="2019-08-08T09:22:58.702" intervalms="1075.973" />
<gc-start id="5155" type="scavenge" contextid="5154" timestamp="2019-08-08T09:22:58.702">
  <mem-info id="5156" free="2682896" total="407437312" percent="0">
    <mem type="nursery" free="0" total="381288448" percent="0">
      <mem type="allocate" free="0" total="343146496" percent="0" />
      <mem type="survivor" free="0" total="38141952" percent="0" />
    </mem>
    <mem type="tenure" free="2682896" total="26148864" percent="10">
      <mem type="soa" free="2421776" total="25887744" percent="9" />
      <mem type="loa" free="261120" total="261120" percent="100" />
    </mem>
    <remembered-set count="14834" />
  </mem-info>
</gc-start>
<allocation-stats totalBytes="337906064" >
  <allocated-bytes non-tlh="40" tlh="337906024" />
  <largest-consumer threadName="Thread-33" threadId="0000000000DD1700" bytes="46103640" />
</allocation-stats>
<gc-op id="5157" type="scavenge" timems="144.924" contextid="5154" timestamp="2019-08-08T09:22:58.847">
  <scavenger-info tenureage="14" tenuremask="4000" tiltratio="89" />
  <memory-copied type="nursery" objects="140429" bytes="5575320" bytesdiscarded="149016" />
</gc-op>
<heap-resize id="5158" type="expand" space="nursery" amount="24379392" count="1" timems="0.025" reason="excessive time being spent scavenging" timestamp="2019-08-08T09:22:58.857" />
<gc-end id="5159" type="scavenge" contextid="5154" durationms="154.480" usertimems="49.426" systemtimems="37.365" timestamp="2019-08-08T09:22:58.857" activeThreads="16">
  <mem-info id="5160" free="361994080" total="431816704" percent="83">
    <mem type="nursery" free="359311184" total="405667840" percent="88">
      <mem type="allocate" free="359311184" total="365035520" percent="98" />
      <mem type="survivor" free="0" total="40632320" percent="0" />
    </mem>
    <mem type="tenure" free="2682896" total="26148864" percent="10" macro-fragmented="0">
      <mem type="soa" free="2421776" total="25887744" percent="9" />
      <mem type="loa" free="261120" total="261120" percent="100" />
    </mem>
    <remembered-set count="14834" />
  </mem-info>
</gc-end>
<cycle-end id="5161" type="scavenge" contextid="5154" timestamp="2019-08-08T09:22:58.857" />
  <attribute name="elasticGC enabled" value="1" />
  <attribute name= "numThreadsSpecified" value="16" />
  <attribute name="heapSize specified" value="295895040" />
  <attribute name="Current GC Util" value="11" />
  <attribute name= "Current Time Running" value="169856" />
  <attribute name ="GC Interval" value="2617" />
  <attribute name="Target GC Util Change" value ="80.000000" />
  <attribute name="Current GC Util Change" value="11.000000"/>
  <attribute name="Current Error" value="337.000000" />
  <attribute name="Output H" value="407513384"/>
  <attribute name="Output I" value="2616"/>
  <attribute name="Output T" value="16"/>
  <attribute name= "Current Time Running" value="169856" />
  <attribute name="GC Util currently" value="11" />
  <attribute name="CPU Util currently" value="1071597499" />
<allocation-satisfied id="5162" threadId="0000000000E09A00" bytesRequested="40" />
<af-end id="5163" timestamp="2019-08-08T09:22:58.857" threadId="0000000000E0A388" success="true" from="nursery"/>
<exclusive-end id="5164" timestamp="2019-08-08T09:22:58.878" durationms="177.871" />

<exclusive-start id="5165" timestamp="2019-08-08T09:22:59.670" intervalms="970.213">
  <response-info timems="38.251" idlems="38.251" threads="0" lastid="0000000000DE0700" lastname="Thread-34" />
</exclusive-start>
<af-start id="5166" threadId="0000000000DE1088" totalBytesRequested="24" timestamp="2019-08-08T09:22:59.673" intervalms="970.789" type="nursery" />
<cycle-start id="5167" type="scavenge" contextid="0" timestamp="2019-08-08T09:22:59.673" intervalms="970.798" />
<gc-start id="5168" type="scavenge" contextid="5167" timestamp="2019-08-08T09:22:59.673">
  <mem-info id="5169" free="2682896" total="431816704" percent="0">
    <mem type="nursery" free="0" total="405667840" percent="0">
      <mem type="allocate" free="0" total="365035520" percent="0" />
      <mem type="survivor" free="0" total="40632320" percent="0" />
    </mem>
    <mem type="tenure" free="2682896" total="26148864" percent="10">
      <mem type="soa" free="2421776" total="25887744" percent="9" />
      <mem type="loa" free="261120" total="261120" percent="100" />
    </mem>
    <remembered-set count="14834" />
  </mem-info>
</gc-start>
<allocation-stats totalBytes="359305432" >
  <allocated-bytes non-tlh="40" tlh="359305392" />
  <largest-consumer threadName="Thread-23" threadId="0000000000DE7F00" bytes="51608784" />
</allocation-stats>
<gc-op id="5170" type="scavenge" timems="175.792" contextid="5167" timestamp="2019-08-08T09:22:59.849">
  <scavenger-info tenureage="14" tenuremask="4000" tiltratio="89" />
  <memory-copied type="nursery" objects="134061" bytes="5423240" bytesdiscarded="432952" />
</gc-op>
<heap-resize id="5171" type="expand" space="nursery" amount="33030144" count="1" timems="0.019" reason="excessive time being spent scavenging" timestamp="2019-08-08T09:22:59.850" />
<gc-end id="5172" type="scavenge" contextid="5167" durationms="176.827" usertimems="85.757" systemtimems="61.951" timestamp="2019-08-08T09:22:59.850" activeThreads="16">
  <mem-info id="5173" free="391615568" total="464846848" percent="84">
    <mem type="nursery" free="388932672" total="438697984" percent="88">
      <mem type="allocate" free="388932672" total="394788864" percent="98" />
      <mem type="survivor" free="0" total="43909120" percent="0" />
    </mem>
    <mem type="tenure" free="2682896" total="26148864" percent="10" macro-fragmented="0">
      <mem type="soa" free="2421776" total="25887744" percent="9" />
      <mem type="loa" free="261120" total="261120" percent="100" />
    </mem>
    <remembered-set count="14831" />
  </mem-info>
</gc-end>
<cycle-end id="5174" type="scavenge" contextid="5167" timestamp="2019-08-08T09:22:59.851" />
  <attribute name="elasticGC enabled" value="1" />
  <attribute name= "numThreadsSpecified" value="16" />
  <attribute name="heapSize specified" value="295895040" />
  <attribute name="Current GC Util" value="8" />
  <attribute name= "Current Time Running" value="170827" />
  <attribute name ="GC Interval" value="2745" />
  <attribute name="Target GC Util Change" value ="80.000000" />
  <attribute name="Current GC Util Change" value="8.000000"/>
  <attribute name="Current Error" value="409.000000" />
  <attribute name="Output H" value="431892856"/>
  <attribute name="Output I" value="2744"/>
  <attribute name="Output T" value="16"/>
  <attribute name= "Current Time Running" value="170827" />
  <attribute name="GC Util currently" value="8" />
  <attribute name="CPU Util currently" value="1187645736" />
<allocation-satisfied id="5175" threadId="0000000000DE0700" bytesRequested="24" />
<af-end id="5176" timestamp="2019-08-08T09:22:59.851" threadId="0000000000DE1088" success="true" from="nursery"/>
<exclusive-end id="5177" timestamp="2019-08-08T09:22:59.851" durationms="180.181" />

<exclusive-start id="5178" timestamp="2019-08-08T09:23:00.325" intervalms="654.502">
  <response-info timems="2.696" idlems="2.696" threads="0" lastid="0000000000E23D00" lastname="Thread-31" />
</exclusive-start>
<af-start id="5179" threadId="0000000000E24688" totalBytesRequested="24" timestamp="2019-08-08T09:23:00.325" intervalms="652.011" type="nursery" />
<cycle-start id="5180" type="scavenge" contextid="0" timestamp="2019-08-08T09:23:00.325" intervalms="651.992" />
<gc-start id="5181" type="scavenge" contextid="5180" timestamp="2019-08-08T09:23:00.325">
  <mem-info id="5182" free="2682896" total="464846848" percent="0">
    <mem type="nursery" free="0" total="438697984" percent="0">
      <mem type="allocate" free="0" total="394788864" percent="0" />
      <mem type="survivor" free="0" total="43909120" percent="0" />
    </mem>
    <mem type="tenure" free="2682896" total="26148864" percent="10">
      <mem type="soa" free="2421776" total="25887744" percent="9" />
      <mem type="loa" free="261120" total="261120" percent="100" />
    </mem>
    <remembered-set count="14831" />
  </mem-info>
</gc-start>
<allocation-stats totalBytes="388872896" >
  <allocated-bytes non-tlh="24" tlh="388872872" />
  <largest-consumer threadName="Thread-21" threadId="0000000000E02200" bytes="44656424" />
</allocation-stats>
<gc-op id="5183" type="scavenge" timems="10.454" contextid="5180" timestamp="2019-08-08T09:23:00.336">
  <scavenger-info tenureage="12" tenuremask="5000" tiltratio="89" />
  <memory-copied type="nursery" objects="123463" bytes="5096456" bytesdiscarded="240256" />
  <memory-copied type="tenure" objects="1716" bytes="41184" bytesdiscarded="0" />
</gc-op>
<gc-end id="5184" type="scavenge" contextid="5180" durationms="10.981" usertimems="24.378" systemtimems="5.374" timestamp="2019-08-08T09:23:00.336" activeThreads="16">
  <mem-info id="5185" free="391976520" total="464846848" percent="84">
    <mem type="nursery" free="389452152" total="438697984" percent="88">
      <mem type="allocate" free="389452152" total="394788864" percent="98" />
      <mem type="survivor" free="0" total="43909120" percent="0" />
    </mem>
    <mem type="tenure" free="2524368" total="26148864" percent="9" macro-fragmented="1800196">
      <mem type="soa" free="2263248" total="25887744" percent="8" />
      <mem type="loa" free="261120" total="261120" percent="100" />
    </mem>
    <remembered-set count="13115" />
  </mem-info>
</gc-end>
<cycle-end id="5186" type="scavenge" contextid="5180" timestamp="2019-08-08T09:23:00.336" />
  <attribute name="elasticGC enabled" value="1" />
  <attribute name= "numThreadsSpecified" value="16" />
  <attribute name="heapSize specified" value="295895040" />
  <attribute name="Current GC Util" value="22" />
  <attribute name= "Current Time Running" value="171479" />
  <attribute name ="GC Interval" value="2113" />
  <attribute name="Target GC Util Change" value ="80.000000" />
  <attribute name="Current GC Util Change" value="22.000000"/>
  <attribute name="Current Error" value="58.000000" />
  <attribute name="Output H" value="464922600"/>
  <attribute name="Output I" value="2112"/>
  <attribute name="Output T" value="16"/>
  <attribute name= "Current Time Running" value="171479" />
  <attribute name="GC Util currently" value="22" />
  <attribute name="CPU Util currently" value="1768295888" />
<allocation-satisfied id="5187" threadId="0000000000E23D00" bytesRequested="24" />
<af-end id="5188" timestamp="2019-08-08T09:23:00.336" threadId="0000000000E24688" success="true" from="nursery"/>
<exclusive-end id="5189" timestamp="2019-08-08T09:23:00.336" durationms="11.452" />

<exclusive-start id="5190" timestamp="2019-08-08T09:23:00.627" intervalms="301.843">
  <response-info timems="0.762" idlems="0.732" threads="2" lastid="0000000000E11200" lastname="Thread-29" />
</exclusive-start>
<af-start id="5191" threadId="0000000000E0DF88" totalBytesRequested="40" timestamp="2019-08-08T09:23:00.627" intervalms="301.949" type="nursery" />
<cycle-start id="5192" type="scavenge" contextid="0" timestamp="2019-08-08T09:23:00.627" intervalms="301.975" />
<gc-start id="5193" type="scavenge" contextid="5192" timestamp="2019-08-08T09:23:00.627">
  <mem-info id="5194" free="2524368" total="464846848" percent="0">
    <mem type="nursery" free="0" total="438697984" percent="0">
      <mem type="allocate" free="0" total="394788864" percent="0" />
      <mem type="survivor" free="0" total="43909120" percent="0" />
    </mem>
    <mem type="tenure" free="2524368" total="26148864" percent="9">
      <mem type="soa" free="2263248" total="25887744" percent="8" />
      <mem type="loa" free="261120" total="261120" percent="100" />
    </mem>
    <remembered-set count="13115" />
  </mem-info>
</gc-start>
<allocation-stats totalBytes="389418760" >
  <allocated-bytes non-tlh="24" tlh="389418736" />
  <largest-consumer threadName="Thread-27" threadId="0000000000E14D00" bytes="35616032" />
</allocation-stats>
<gc-op id="5195" type="scavenge" timems="6.197" contextid="5192" timestamp="2019-08-08T09:23:00.633">
  <scavenger-info tenureage="14" tenuremask="4000" tiltratio="89" />
  <memory-copied type="nursery" objects="130539" bytes="5339584" bytesdiscarded="533960" />
</gc-op>
<gc-end id="5196" type="scavenge" contextid="5192" durationms="6.691" usertimems="25.739" systemtimems="1.286" timestamp="2019-08-08T09:23:00.634" activeThreads="16">
  <mem-info id="5197" free="391439688" total="464846848" percent="84">
    <mem type="nursery" free="388915320" total="438697984" percent="88">
      <mem type="allocate" free="388915320" total="394788864" percent="98" />
      <mem type="survivor" free="0" total="43909120" percent="0" />
    </mem>
    <mem type="tenure" free="2524368" total="26148864" percent="9" macro-fragmented="1800196">
      <mem type="soa" free="2263248" total="25887744" percent="8" />
      <mem type="loa" free="261120" total="261120" percent="100" />
    </mem>
    <remembered-set count="13115" />
  </mem-info>
</gc-end>
<cycle-end id="5198" type="scavenge" contextid="5192" timestamp="2019-08-08T09:23:00.634" />
  <attribute name="elasticGC enabled" value="1" />
  <attribute name= "numThreadsSpecified" value="16" />
  <attribute name="heapSize specified" value="295895040" />
  <attribute name="Current GC Util" value="9" />
  <attribute name= "Current Time Running" value="171781" />
  <attribute name ="GC Interval" value="2241" />
  <attribute name="Target GC Util Change" value ="80.000000" />
  <attribute name="Current GC Util Change" value="9.000000"/>
  <attribute name="Current Error" value="129.000000" />
  <attribute name="Output H" value="464922680"/>
  <attribute name="Output I" value="2240"/>
  <attribute name="Output T" value="16"/>
  <attribute name= "Current Time Running" value="171781" />
  <attribute name="GC Util currently" value="9" />
  <attribute name="CPU Util currently" value="3816048660" />
<allocation-satisfied id="5199" threadId="0000000000E0D600" bytesRequested="40" />
<af-end id="5200" timestamp="2019-08-08T09:23:00.634" threadId="0000000000E0DF88" success="true" from="nursery"/>
<exclusive-end id="5201" timestamp="2019-08-08T09:23:00.634" durationms="7.482" />

<exclusive-start id="5202" timestamp="2019-08-08T09:23:01.176" intervalms="549.435">
  <response-info timems="31.191" idlems="31.191" threads="0" lastid="0000000000E05E00" lastname="Thread-36" />
</exclusive-start>
<af-start id="5203" threadId="0000000000E06788" totalBytesRequested="40" timestamp="2019-08-08T09:23:01.179" intervalms="552.162" type="nursery" />
<cycle-start id="5204" type="scavenge" contextid="0" timestamp="2019-08-08T09:23:01.179" intervalms="552.148" />
<gc-start id="5205" type="scavenge" contextid="5204" timestamp="2019-08-08T09:23:01.179">
  <mem-info id="5206" free="2524368" total="464846848" percent="0">
    <mem type="nursery" free="0" total="438697984" percent="0">
      <mem type="allocate" free="0" total="394788864" percent="0" />
      <mem type="survivor" free="0" total="43909120" percent="0" />
    </mem>
    <mem type="tenure" free="2524368" total="26148864" percent="9">
      <mem type="soa" free="2263248" total="25887744" percent="8" />
      <mem type="loa" free="261120" total="261120" percent="100" />
    </mem>
    <remembered-set count="13115" />
  </mem-info>
</gc-start>
<allocation-stats totalBytes="388889240" >
  <allocated-bytes non-tlh="40" tlh="388889200" />
  <largest-consumer threadName="Thread-36" threadId="0000000000E05E00" bytes="39023976" />
</allocation-stats>
<gc-op id="5207" type="scavenge" timems="33.572" contextid="5204" timestamp="2019-08-08T09:23:01.213">
  <scavenger-info tenureage="14" tenuremask="4000" tiltratio="89" />
  <memory-copied type="nursery" objects="134210" bytes="5428120" bytesdiscarded="552176" />
</gc-op>
<gc-end id="5208" type="scavenge" contextid="5204" durationms="34.052" usertimems="56.194" systemtimems="35.847" timestamp="2019-08-08T09:23:01.213" activeThreads="16">
  <mem-info id="5209" free="391332936" total="464846848" percent="84">
    <mem type="nursery" free="388808568" total="438697984" percent="88">
      <mem type="allocate" free="388808568" total="394788864" percent="98" />
      <mem type="survivor" free="0" total="43909120" percent="0" />
    </mem>
    <mem type="tenure" free="2524368" total="26148864" percent="9" macro-fragmented="1250136">
      <mem type="soa" free="2263248" total="25887744" percent="8" />
      <mem type="loa" free="261120" total="261120" percent="100" />
    </mem>
    <remembered-set count="13115" />
  </mem-info>
</gc-end>
<cycle-end id="5210" type="scavenge" contextid="5204" timestamp="2019-08-08T09:23:01.213" />
  <attribute name="elasticGC enabled" value="1" />
  <attribute name= "numThreadsSpecified" value="16" />
  <attribute name="heapSize specified" value="295895040" />
  <attribute name="Current GC Util" value="4" />
  <attribute name= "Current Time Running" value="172333" />
  <attribute name ="GC Interval" value="2377" />
  <attribute name="Target GC Util Change" value ="80.000000" />
  <attribute name="Current GC Util Change" value="4.000000"/>
  <attribute name="Current Error" value="205.000000" />
  <attribute name="Output H" value="464922768"/>
  <attribute name="Output I" value="2376"/>
  <attribute name="Output T" value="16"/>
  <attribute name= "Current Time Running" value="172333" />
  <attribute name="GC Util currently" value="4" />
  <attribute name="CPU Util currently" value="2088513101" />
<allocation-satisfied id="5211" threadId="0000000000E05E00" bytesRequested="40" />
<af-end id="5212" timestamp="2019-08-08T09:23:01.214" threadId="0000000000E06788" success="true" from="nursery"/>
<exclusive-end id="5213" timestamp="2019-08-08T09:23:01.214" durationms="37.501" />

<exclusive-start id="5214" timestamp="2019-08-08T09:23:01.657" intervalms="480.720">
  <response-info timems="9.432" idlems="9.427" threads="1" lastid="0000000000DD1700" lastname="Thread-33" />
</exclusive-start>
<af-start id="5215" threadId="0000000000E0DF88" totalBytesRequested="40" timestamp="2019-08-08T09:23:01.657" intervalms="477.863" type="nursery" />
<cycle-start id="5216" type="scavenge" contextid="0" timestamp="2019-08-08T09:23:01.657" intervalms="477.847" />
<gc-start id="5217" type="scavenge" contextid="5216" timestamp="2019-08-08T09:23:01.657">
  <mem-info id="5218" free="2524368" total="464846848" percent="0">
    <mem type="nursery" free="0" total="438697984" percent="0">
      <mem type="allocate" free="0" total="394788864" percent="0" />
      <mem type="survivor" free="0" total="43909120" percent="0" />
    </mem>
    <mem type="tenure" free="2524368" total="26148864" percent="9">
      <mem type="soa" free="2263248" total="25887744" percent="8" />
      <mem type="loa" free="261120" total="261120" percent="100" />
    </mem>
    <remembered-set count="13115" />
  </mem-info>
</gc-start>
<allocation-stats totalBytes="388794584" >
  <allocated-bytes non-tlh="40" tlh="388794544" />
  <largest-consumer threadName="Thread-36" threadId="0000000000E05E00" bytes="33127304" />
</allocation-stats>
<gc-op id="5219" type="scavenge" timems="5.560" contextid="5216" timestamp="2019-08-08T09:23:01.663">
  <scavenger-info tenureage="12" tenuremask="7000" tiltratio="89" />
  <memory-copied type="nursery" objects="123276" bytes="5163920" bytesdiscarded="322744" />
  <memory-copied type="tenure" objects="7461" bytes="180552" bytesdiscarded="0" />
</gc-op>
<gc-end id="5220" type="scavenge" contextid="5216" durationms="6.043" usertimems="24.082" systemtimems="0.000" timestamp="2019-08-08T09:23:01.663" activeThreads="16">
  <mem-info id="5221" free="391591560" total="464846848" percent="84">
    <mem type="nursery" free="389302200" total="438697984" percent="88">
      <mem type="allocate" free="389302200" total="394788864" percent="98" />
      <mem type="survivor" free="0" total="43909120" percent="0" />
    </mem>
    <mem type="tenure" free="2289360" total="26148864" percent="8" macro-fragmented="1800196">
      <mem type="soa" free="2028240" total="25887744" percent="7" />
      <mem type="loa" free="261120" total="261120" percent="100" />
    </mem>
    <remembered-set count="5654" />
  </mem-info>
</gc-end>
<cycle-end id="5222" type="scavenge" contextid="5216" timestamp="2019-08-08T09:23:01.663" />
  <attribute name="elasticGC enabled" value="1" />
  <attribute name= "numThreadsSpecified" value="16" />
  <attribute name="heapSize specified" value="295895040" />
  <attribute name="Current GC Util" value="19" />
  <attribute name= "Current Time Running" value="172811" />
  <attribute name ="GC Interval" value="2489" />
  <attribute name="Target GC Util Change" value ="80.000000" />
  <attribute name="Current GC Util Change" value="19.000000"/>
  <attribute name="Current Error" value="266.000000" />
  <attribute name="Output H" value="464922840"/>
  <attribute name="Output I" value="2488"/>
  <attribute name="Output T" value="16"/>
  <attribute name= "Current Time Running" value="172811" />
  <attribute name="GC Util currently" value="19" />
  <attribute name="CPU Util currently" value="2413087708" />
<allocation-satisfied id="5223" threadId="0000000000E0D600" bytesRequested="40" />
<af-end id="5224" timestamp="2019-08-08T09:23:01.663" threadId="0000000000E0DF88" success="true" from="nursery"/>
<exclusive-end id="5225" timestamp="2019-08-08T09:23:01.663" durationms="6.393" />

<exclusive-start id="5226" timestamp="2019-08-08T09:23:02.019" intervalms="362.479">
  <response-info timems="2.745" idlems="2.370" threads="1" lastid="0000000000E05E00" lastname="Thread-36" />
</exclusive-start>
<af-start id="5227" threadId="0000000000DFB388" totalBytesRequested="40" timestamp="2019-08-08T09:23:02.019" intervalms="362.478" type="nursery" />
<cycle-start id="5228" type="scavenge" contextid="0" timestamp="2019-08-08T09:23:02.019" intervalms="362.478" />
<gc-start id="5229" type="scavenge" contextid="5228" timestamp="2019-08-08T09:23:02.020">
  <mem-info id="5230" free="2289360" total="464846848" percent="0">
    <mem type="nursery" free="0" total="438697984" percent="0">
      <mem type="allocate" free="0" total="394788864" percent="0" />
      <mem type="survivor" free="0" total="43909120" percent="0" />
    </mem>
    <mem type="tenure" free="2289360" total="26148864" percent="8">
      <mem type="soa" free="2028240" total="25887744" percent="7" />
      <mem type="loa" free="261120" total="261120" percent="100" />
    </mem>
    <remembered-set count="5654" />
  </mem-info>
</gc-start>
<allocation-stats totalBytes="389277112" >
  <allocated-bytes non-tlh="40" tlh="389277072" />
  <largest-consumer threadName="Thread-22" threadId="0000000000DFAA00" bytes="37320328" />
</allocation-stats>
<gc-op id="5231" type="scavenge" timems="5.218" contextid="5228" timestamp="2019-08-08T09:23:02.025">
  <scavenger-info tenureage="12" tenuremask="5000" tiltratio="89" />
  <memory-copied type="nursery" objects="138905" bytes="5538056" bytesdiscarded="273448" />
  <memory-copied type="tenure" objects="1239" bytes="29736" bytesdiscarded="0" />
</gc-op>
<gc-end id="5232" type="scavenge" contextid="5228" durationms="5.636" usertimems="24.532" systemtimems="0.505" timestamp="2019-08-08T09:23:02.025" activeThreads="16">
  <mem-info id="5233" free="391210656" total="464846848" percent="84">
    <mem type="nursery" free="388977360" total="438697984" percent="88">
      <mem type="allocate" free="388977360" total="394788864" percent="98" />
      <mem type="survivor" free="0" total="43909120" percent="0" />
    </mem>
    <mem type="tenure" free="2233296" total="26148864" percent="8" macro-fragmented="1800196">
      <mem type="soa" free="1972176" total="25887744" percent="7" />
      <mem type="loa" free="261120" total="261120" percent="100" />
    </mem>
    <remembered-set count="4415" />
  </mem-info>
</gc-end>
<cycle-end id="5234" type="scavenge" contextid="5228" timestamp="2019-08-08T09:23:02.025" />
  <attribute name="elasticGC enabled" value="1" />
  <attribute name= "numThreadsSpecified" value="16" />
  <attribute name="heapSize specified" value="295895040" />
  <attribute name="Current GC Util" value="6" />
  <attribute name= "Current Time Running" value="173173" />
  <attribute name ="GC Interval" value="2617" />
  <attribute name="Target GC Util Change" value ="80.000000" />
  <attribute name="Current GC Util Change" value="6.000000"/>
  <attribute name="Current Error" value="340.000000" />
  <attribute name="Output H" value="464922920"/>
  <attribute name="Output I" value="2616"/>
  <attribute name="Output T" value="16"/>
  <attribute name= "Current Time Running" value="173173" />
  <attribute name="GC Util currently" value="6" />
  <attribute name="CPU Util currently" value="3180448320" />
<allocation-satisfied id="5235" threadId="0000000000DFAA00" bytesRequested="40" />
<af-end id="5236" timestamp="2019-08-08T09:23:02.025" threadId="0000000000DFB388" success="true" from="nursery"/>
<exclusive-end id="5237" timestamp="2019-08-08T09:23:02.025" durationms="5.934" />

<exclusive-start id="5238" timestamp="2019-08-08T09:23:02.451" intervalms="431.335">
  <response-info timems="27.915" idlems="27.915" threads="0" lastid="0000000000E23D00" lastname="Thread-31" />
</exclusive-start>
<af-start id="5239" threadId="0000000000E24688" totalBytesRequested="40" timestamp="2019-08-08T09:23:02.461" intervalms="441.858" type="nursery" />
<cycle-start id="5240" type="scavenge" contextid="0" timestamp="2019-08-08T09:23:02.461" intervalms="441.889" />
<gc-start id="5241" type="scavenge" contextid="5240" timestamp="2019-08-08T09:23:02.461">
  <mem-info id="5242" free="2233296" total="464846848" percent="0">
    <mem type="nursery" free="0" total="438697984" percent="0">
      <mem type="allocate" free="0" total="394788864" percent="0" />
      <mem type="survivor" free="0" total="43909120" percent="0" />
    </mem>
    <mem type="tenure" free="2233296" total="26148864" percent="8">
      <mem type="soa" free="1972176" total="25887744" percent="7" />
      <mem type="loa" free="261120" total="261120" percent="100" />
    </mem>
    <remembered-set count="4415" />
  </mem-info>
</gc-start>
<allocation-stats totalBytes="388970072" >
  <allocated-bytes non-tlh="40" tlh="388970032" />
  <largest-consumer threadName="Thread-23" threadId="0000000000DE7F00" bytes="36404704" />
</allocation-stats>
<gc-op id="5243" type="scavenge" timems="34.637" contextid="5240" timestamp="2019-08-08T09:23:02.496">
  <scavenger-info tenureage="14" tenuremask="4000" tiltratio="89" />
  <memory-copied type="nursery" objects="121879" bytes="5127656" bytesdiscarded="328624" />
</gc-op>
<heap-resize id="5244" type="expand" space="nursery" amount="17825792" count="1" timems="0.030" reason="excessive time being spent scavenging" timestamp="2019-08-08T09:23:02.497" />
<gc-end id="5245" type="scavenge" contextid="5240" durationms="36.263" usertimems="29.847" systemtimems="15.704" timestamp="2019-08-08T09:23:02.498" activeThreads="16">
  <mem-info id="5246" free="407556664" total="482672640" percent="84">
    <mem type="nursery" free="405323368" total="456523776" percent="88">
      <mem type="allocate" free="405323368" total="410779648" percent="98" />
      <mem type="survivor" free="0" total="45744128" percent="0" />
    </mem>
    <mem type="tenure" free="2233296" total="26148864" percent="8" macro-fragmented="1250136">
      <mem type="soa" free="1972176" total="25887744" percent="7" />
      <mem type="loa" free="261120" total="261120" percent="100" />
    </mem>
    <remembered-set count="4415" />
  </mem-info>
</gc-end>
<cycle-end id="5247" type="scavenge" contextid="5240" timestamp="2019-08-08T09:23:02.498" />
  <attribute name="elasticGC enabled" value="1" />
  <attribute name= "numThreadsSpecified" value="16" />
  <attribute name="heapSize specified" value="295895040" />
  <attribute name="Current GC Util" value="5" />
  <attribute name= "Current Time Running" value="173615" />
  <attribute name ="GC Interval" value="2753" />
  <attribute name="Target GC Util Change" value ="80.000000" />
  <attribute name="Current GC Util Change" value="5.000000"/>
  <attribute name="Current Error" value="415.000000" />
  <attribute name="Output H" value="464923008"/>
  <attribute name="Output I" value="2752"/>
  <attribute name="Output T" value="16"/>
  <attribute name= "Current Time Running" value="173615" />
  <attribute name="GC Util currently" value="5" />
  <attribute name="CPU Util currently" value="2609014967" />
<allocation-satisfied id="5248" threadId="0000000000E23D00" bytesRequested="40" />
<af-end id="5249" timestamp="2019-08-08T09:23:02.498" threadId="0000000000E24688" success="true" from="nursery"/>
<exclusive-end id="5250" timestamp="2019-08-08T09:23:02.498" durationms="47.318" />

<exclusive-start id="5251" timestamp="2019-08-08T09:23:03.052" intervalms="601.208">
  <response-info timems="45.491" idlems="45.491" threads="0" lastid="0000000000E05E00" lastname="Thread-36" />
</exclusive-start>
<af-start id="5252" threadId="0000000000E06788" totalBytesRequested="40" timestamp="2019-08-08T09:23:03.060" intervalms="598.264" type="nursery" />
<cycle-start id="5253" type="scavenge" contextid="0" timestamp="2019-08-08T09:23:03.072" intervalms="610.739" />
<gc-start id="5254" type="scavenge" contextid="5253" timestamp="2019-08-08T09:23:03.081">
  <mem-info id="5255" free="2233296" total="482672640" percent="0">
    <mem type="nursery" free="0" total="456523776" percent="0">
      <mem type="allocate" free="0" total="410779648" percent="0" />
      <mem type="survivor" free="0" total="45744128" percent="0" />
    </mem>
    <mem type="tenure" free="2233296" total="26148864" percent="8">
      <mem type="soa" free="1972176" total="25887744" percent="7" />
      <mem type="loa" free="261120" total="261120" percent="100" />
    </mem>
    <remembered-set count="4415" />
  </mem-info>
</gc-start>
<allocation-stats totalBytes="405297600" >
  <allocated-bytes non-tlh="40" tlh="405297560" />
  <largest-consumer threadName="Thread-26" threadId="0000000000DD8F00" bytes="37844616" />
</allocation-stats>
<gc-op id="5256" type="scavenge" timems="58.873" contextid="5253" timestamp="2019-08-08T09:23:03.146">
  <scavenger-info tenureage="14" tenuremask="4000" tiltratio="89" />
  <memory-copied type="nursery" objects="132329" bytes="5380008" bytesdiscarded="256104" />
</gc-op>
<heap-resize id="5257" type="expand" space="nursery" amount="20971520" count="1" timems="0.017" reason="excessive time being spent scavenging" timestamp="2019-08-08T09:23:03.146" />
<gc-end id="5258" type="scavenge" contextid="5253" durationms="70.073" usertimems="20.957" systemtimems="28.085" timestamp="2019-08-08T09:23:03.146" activeThreads="16">
  <mem-info id="5259" free="426316736" total="503644160" percent="84">
    <mem type="nursery" free="424083440" total="477495296" percent="88">
      <mem type="allocate" free="424083440" total="429719552" percent="98" />
      <mem type="survivor" free="0" total="47775744" percent="0" />
    </mem>
    <mem type="tenure" free="2233296" total="26148864" percent="8" macro-fragmented="0">
      <mem type="soa" free="1972176" total="25887744" percent="7" />
      <mem type="loa" free="261120" total="261120" percent="100" />
    </mem>
    <remembered-set count="4415" />
  </mem-info>
</gc-end>
<cycle-end id="5260" type="scavenge" contextid="5253" timestamp="2019-08-08T09:23:03.146" />
  <attribute name="elasticGC enabled" value="1" />
  <attribute name= "numThreadsSpecified" value="16" />
  <attribute name="heapSize specified" value="295895040" />
  <attribute name="Current GC Util" value="7" />
  <attribute name= "Current Time Running" value="174241" />
  <attribute name ="GC Interval" value="2145" />
  <attribute name="Target GC Util Change" value ="80.000000" />
  <attribute name="Current GC Util Change" value="7.000000"/>
  <attribute name="Current Error" value="73.000000" />
  <attribute name="Output H" value="482748408"/>
  <attribute name="Output I" value="2144"/>
  <attribute name="Output T" value="16"/>
  <attribute name= "Current Time Running" value="174241" />
  <attribute name="GC Util currently" value="7" />
  <attribute name="CPU Util currently" value="1843093902" />
<allocation-satisfied id="5261" threadId="0000000000E05E00" bytesRequested="40" />
<af-end id="5262" timestamp="2019-08-08T09:23:03.146" threadId="0000000000E06788" success="true" from="nursery"/>
<exclusive-end id="5263" timestamp="2019-08-08T09:23:03.146" durationms="94.510" />

===== DaCapo 9.12-MR1 sunflow PASSED in 16283 msec =====
Using scaled threading model. 16 processors detected, 16 threads used to drive the workload, in a possible range of [1,1000]
<exclusive-start id="5264" timestamp="2019-08-08T09:23:05.016" intervalms="1964.431">
  <response-info timems="1.170" idlems="1.170" threads="0" lastid="0000000000AEAF00" lastname="main" />
</exclusive-start>
<sys-start reason="explicit" id="5265" timestamp="2019-08-08T09:23:05.016" intervalms="17918.977" />
<cycle-start id="5266" type="global" contextid="0" timestamp="2019-08-08T09:23:05.016" intervalms="10226.508" />
<gc-start id="5267" type="global" contextid="5266" timestamp="2019-08-08T09:23:05.017">
  <mem-info id="5268" free="176028704" total="503644160" percent="34">
    <mem type="nursery" free="173929800" total="477495296" percent="36">
      <mem type="allocate" free="173929800" total="429719552" percent="40" />
      <mem type="survivor" free="0" total="47775744" percent="0" />
    </mem>
    <mem type="tenure" free="2098904" total="26148864" percent="8">
      <mem type="soa" free="1837784" total="25887744" percent="7" />
      <mem type="loa" free="261120" total="261120" percent="100" />
    </mem>
    <remembered-set count="5978" />
  </mem-info>
</gc-start>
<allocation-stats totalBytes="250268552" >
  <allocated-bytes non-tlh="493472" tlh="249775080" />
  <largest-consumer threadName="main" threadId="0000000000AEAF00" bytes="11441480" />
</allocation-stats>
<gc-op id="5269" type="mark" timems="403.861" contextid="5266" timestamp="2019-08-08T09:23:05.423">
  <trace-info objectcount="622376" scancount="538229" scanbytes="14120516" />
  <finalization candidates="154" enqueued="1" />
  <ownableSynchronizers candidates="23" cleared="0" />
  <references type="soft" candidates="1945" cleared="7" enqueued="7" dynamicThreshold="3" maxThreshold="32" />
  <references type="weak" candidates="6216" cleared="96" enqueued="96" />
  <references type="phantom" candidates="327" cleared="10" enqueued="10" />
  <stringconstants candidates="15615" cleared="22"  />
</gc-op>
<gc-op id="5270" type="classunload" timems="0.017" contextid="5266" timestamp="2019-08-08T09:23:05.426">
  <classunload-info classloadercandidates="67" classloadersunloaded="0" classesunloaded="0" anonymousclassesunloaded="0" quiescems="2.486" setupms="0.015" scanms="0.001" postms="0.001" />
</gc-op>
<gc-op id="5271" type="sweep" timems="102.376" contextid="5266" timestamp="2019-08-08T09:23:05.534" />
<mem-info id="5272" free="433226488" total="503644160" percent="86">
  <mem type="nursery" free="428157744" total="477495296" percent="89">
    <mem type="allocate" free="428157744" total="429719552" percent="99" />
    <mem type="survivor" free="0" total="47775744" percent="0" />
  </mem>
  <mem type="tenure" free="5068744" total="26148864" percent="19" micro-fragmented="3609" macro-fragmented="1250136">
    <mem type="soa" free="4807624" total="25887744" percent="18" />
    <mem type="loa" free="261120" total="261120" percent="100" />
  </mem>
  <pending-finalizers system="1" default="0" reference="113" classloader="0" />
  <remembered-set count="1620" />
</mem-info>
<gc-op id="5273" type="compact" timems="258.021" contextid="5266" timestamp="2019-08-08T09:23:05.819">
  <compact-info movecount="27057" movebytes="4325880" reason="compact to aid heap contraction" />
</gc-op>
<heap-resize id="5274" type="expand" space="tenure" amount="131072" count="1" timems="0.027" reason="satisfy allocation request" timestamp="2019-08-08T09:23:05.821" />
<gc-end id="5275" type="global" contextid="5266" durationms="804.795" usertimems="251.928" systemtimems="283.419" timestamp="2019-08-08T09:23:05.821" activeThreads="16">
  <mem-info id="5276" free="433807392" total="503775232" percent="86">
    <mem type="nursery" free="428599216" total="477495296" percent="89">
      <mem type="allocate" free="428599216" total="429719552" percent="99" />
      <mem type="survivor" free="0" total="47775744" percent="0" />
    </mem>
    <mem type="tenure" free="5208176" total="26279936" percent="19">
      <mem type="soa" free="4946032" total="26017792" percent="19" />
      <mem type="loa" free="262144" total="262144" percent="100" />
    </mem>
    <pending-finalizers system="1" default="0" reference="113" classloader="0" />
    <remembered-set count="1620" />
  </mem-info>
</gc-end>
<cycle-end id="5277" type="global" contextid="5266" timestamp="2019-08-08T09:23:05.822" />
  <attribute name="elasticGC enabled" value="1" />
  <attribute name= "numThreadsSpecified" value="16" />
  <attribute name="heapSize specified" value="503644160" />
  <attribute name="Current GC Util" value="39" />
  <attribute name= "Current Time Running" value="176973" />
  <attribute name ="GC Interval" value="2145" />
  <attribute name="Target GC Util Change" value ="80.000000" />
  <attribute name="Current GC Util Change" value="39.000000"/>
  <attribute name="Current Error" value="268.000000" />
  <attribute name="Output H" value="503720152"/>
  <attribute name="Output I" value="2488"/>
  <attribute name="Output T" value="16"/>
  <attribute name= "Current Time Running" value="176973" />
  <attribute name="GC Util currently" value="39" />
  <attribute name="CPU Util currently" value="4467394110" />
<sys-end id="5278" timestamp="2019-08-08T09:23:05.822" />
<exclusive-end id="5279" timestamp="2019-08-08T09:23:05.822" durationms="805.429" />

===== DaCapo 9.12-MR1 xalan starting =====
<exclusive-start id="5280" timestamp="2019-08-08T09:23:11.439" intervalms="6423.162">
  <response-info timems="3.193" idlems="3.193" threads="0" lastid="0000000000E18900" lastname="Thread-37" />
</exclusive-start>
<af-start id="5281" threadId="0000000000E19288" totalBytesRequested="16392" timestamp="2019-08-08T09:23:11.440" intervalms="8380.083" type="nursery" />
<cycle-start id="5282" type="scavenge" contextid="0" timestamp="2019-08-08T09:23:11.440" intervalms="8367.587" />
<gc-start id="5283" type="scavenge" contextid="5282" timestamp="2019-08-08T09:23:11.440">
  <mem-info id="5284" free="5166496" total="503775232" percent="1">
    <mem type="nursery" free="0" total="477495296" percent="0">
      <mem type="allocate" free="0" total="429719552" percent="0" />
      <mem type="survivor" free="0" total="47775744" percent="0" />
    </mem>
    <mem type="tenure" free="5166496" total="26279936" percent="19">
      <mem type="soa" free="4904352" total="26017792" percent="18" />
      <mem type="loa" free="262144" total="262144" percent="100" />
    </mem>
    <remembered-set count="2316" />
  </mem-info>
</gc-start>
<allocation-stats totalBytes="428297760" >
  <allocated-bytes non-tlh="1406264" tlh="426891496" />
  <largest-consumer threadName="Thread-50" threadId="0000000000E23D00" bytes="39478576" />
</allocation-stats>
<gc-op id="5285" type="scavenge" timems="5.520" contextid="5282" timestamp="2019-08-08T09:23:11.445">
  <scavenger-info tenureage="14" tenuremask="4000" tiltratio="89" />
  <memory-copied type="nursery" objects="47388" bytes="5684720" bytesdiscarded="517600" />
  <finalization candidates="3" enqueued="0" />
  <ownableSynchronizers candidates="46" cleared="46" />
  <references type="soft" candidates="116" cleared="0" enqueued="0" dynamicThreshold="6" maxThreshold="32" />
  <references type="weak" candidates="98" cleared="24" enqueued="21" />
  <references type="phantom" candidates="66" cleared="0" enqueued="0" />
</gc-op>
<gc-end id="5286" type="scavenge" contextid="5282" durationms="5.811" usertimems="8.434" systemtimems="13.389" timestamp="2019-08-08T09:23:11.446" activeThreads="16">
  <mem-info id="5287" free="428682344" total="503775232" percent="85">
    <mem type="nursery" free="423515848" total="477495296" percent="88">
      <mem type="allocate" free="423515848" total="429719552" percent="98" />
      <mem type="survivor" free="0" total="47775744" percent="0" />
    </mem>
    <mem type="tenure" free="5166496" total="26279936" percent="19" macro-fragmented="0">
      <mem type="soa" free="4904352" total="26017792" percent="18" />
      <mem type="loa" free="262144" total="262144" percent="100" />
    </mem>
    <pending-finalizers system="0" default="0" reference="21" classloader="0" />
    <remembered-set count="2175" />
  </mem-info>
</gc-end>
<cycle-end id="5288" type="scavenge" contextid="5282" timestamp="2019-08-08T09:23:11.446" />
  <attribute name="elasticGC enabled" value="1" />
  <attribute name= "numThreadsSpecified" value="16" />
  <attribute name="heapSize specified" value="503644160" />
  <attribute name="Current GC Util" value="2" />
  <attribute name= "Current Time Running" value="182593" />
  <attribute name ="GC Interval" value="2633" />
  <attribute name="Target GC Util Change" value ="80.000000" />
  <attribute name="Current GC Util Change" value="2.000000"/>
  <attribute name="Current Error" value="346.000000" />
  <attribute name="Output H" value="503851312"/>
  <attribute name="Output I" value="2632"/>
  <attribute name="Output T" value="16"/>
  <attribute name= "Current Time Running" value="182593" />
  <attribute name="GC Util currently" value="2" />
  <attribute name="CPU Util currently" value="23" />
<allocation-satisfied id="5289" threadId="0000000000E18900" bytesRequested="16392" />
<af-end id="5290" timestamp="2019-08-08T09:23:11.446" threadId="0000000000E19288" success="true" from="nursery"/>
<exclusive-end id="5291" timestamp="2019-08-08T09:23:11.446" durationms="6.407" />

<exclusive-start id="5292" timestamp="2019-08-08T09:23:12.253" intervalms="813.249">
  <response-info timems="10.252" idlems="8.257" threads="5" lastid="0000000000E18900" lastname="Thread-37" />
</exclusive-start>
<af-start id="5293" threadId="0000000000E06788" totalBytesRequested="1032" timestamp="2019-08-08T09:23:12.253" intervalms="813.185" type="nursery" />
<cycle-start id="5294" type="scavenge" contextid="0" timestamp="2019-08-08T09:23:12.253" intervalms="813.180" />
<gc-start id="5295" type="scavenge" contextid="5294" timestamp="2019-08-08T09:23:12.253">
  <mem-info id="5296" free="5166496" total="503775232" percent="1">
    <mem type="nursery" free="0" total="477495296" percent="0">
      <mem type="allocate" free="0" total="429719552" percent="0" />
      <mem type="survivor" free="0" total="47775744" percent="0" />
    </mem>
    <mem type="tenure" free="5166496" total="26279936" percent="19">
      <mem type="soa" free="4904352" total="26017792" percent="18" />
      <mem type="loa" free="262144" total="262144" percent="100" />
    </mem>
    <remembered-set count="2176" />
  </mem-info>
</gc-start>
<allocation-stats totalBytes="423230472" >
  <allocated-bytes non-tlh="49168" tlh="423181304" />
  <largest-consumer threadName="Thread-44" threadId="0000000000E11200" bytes="33854504" />
</allocation-stats>
<gc-op id="5297" type="scavenge" timems="9.859" contextid="5294" timestamp="2019-08-08T09:23:12.263">
  <scavenger-info tenureage="14" tenuremask="4000" tiltratio="89" />
  <memory-copied type="nursery" objects="47237" bytes="5955528" bytesdiscarded="278584" />
  <finalization candidates="3" enqueued="0" />
  <references type="soft" candidates="116" cleared="0" enqueued="0" dynamicThreshold="6" maxThreshold="32" />
  <references type="weak" candidates="74" cleared="0" enqueued="0" />
  <references type="phantom" candidates="68" cleared="0" enqueued="0" />
</gc-op>
<gc-end id="5298" type="scavenge" contextid="5294" durationms="10.106" usertimems="11.331" systemtimems="7.845" timestamp="2019-08-08T09:23:12.263" activeThreads="16">
  <mem-info id="5299" free="428650680" total="503775232" percent="85">
    <mem type="nursery" free="423484184" total="477495296" percent="88">
      <mem type="allocate" free="423484184" total="429719552" percent="98" />
      <mem type="survivor" free="0" total="47775744" percent="0" />
    </mem>
    <mem type="tenure" free="5166496" total="26279936" percent="19" macro-fragmented="2592282">
      <mem type="soa" free="4904352" total="26017792" percent="18" />
      <mem type="loa" free="262144" total="262144" percent="100" />
    </mem>
    <remembered-set count="2167" />
  </mem-info>
</gc-end>
<cycle-end id="5300" type="scavenge" contextid="5294" timestamp="2019-08-08T09:23:12.263" />
  <attribute name="elasticGC enabled" value="1" />
  <attribute name= "numThreadsSpecified" value="16" />
  <attribute name="heapSize specified" value="503644160" />
  <attribute name="Current GC Util" value="2" />
  <attribute name= "Current Time Running" value="183407" />
  <attribute name ="GC Interval" value="2153" />
  <attribute name="Target GC Util Change" value ="80.000000" />
  <attribute name="Current GC Util Change" value="2.000000"/>
  <attribute name="Current Error" value="78.000000" />
  <attribute name="Output H" value="503851008"/>
  <attribute name="Output I" value="2152"/>
  <attribute name="Output T" value="16"/>
  <attribute name= "Current Time Running" value="183407" />
  <attribute name="GC Util currently" value="2" />
  <attribute name="CPU Util currently" value="1417847179" />
<allocation-satisfied id="5301" threadId="0000000000E05E00" bytesRequested="1032" />
<af-end id="5302" timestamp="2019-08-08T09:23:12.263" threadId="0000000000E06788" success="true" from="nursery"/>
<exclusive-end id="5303" timestamp="2019-08-08T09:23:12.263" durationms="10.464" />

<exclusive-start id="5304" timestamp="2019-08-08T09:23:13.156" intervalms="903.060">
  <response-info timems="5.562" idlems="1.692" threads="4" lastid="0000000000DFE600" lastname="Thread-40" />
</exclusive-start>
<af-start id="5305" threadId="0000000000E06788" totalBytesRequested="16" timestamp="2019-08-08T09:23:13.156" intervalms="903.082" type="nursery" />
<cycle-start id="5306" type="scavenge" contextid="0" timestamp="2019-08-08T09:23:13.156" intervalms="903.093" />
<gc-start id="5307" type="scavenge" contextid="5306" timestamp="2019-08-08T09:23:13.156">
  <mem-info id="5308" free="5166496" total="503775232" percent="1">
    <mem type="nursery" free="0" total="477495296" percent="0">
      <mem type="allocate" free="0" total="429719552" percent="0" />
      <mem type="survivor" free="0" total="47775744" percent="0" />
    </mem>
    <mem type="tenure" free="5166496" total="26279936" percent="19">
      <mem type="soa" free="4904352" total="26017792" percent="18" />
      <mem type="loa" free="262144" total="262144" percent="100" />
    </mem>
    <remembered-set count="2167" />
  </mem-info>
</gc-start>
<allocation-stats totalBytes="423158016" >
  <allocated-bytes non-tlh="1032" tlh="423156984" />
  <largest-consumer threadName="Thread-48" threadId="0000000000DE7F00" bytes="36102664" />
</allocation-stats>
<gc-op id="5309" type="scavenge" timems="44.170" contextid="5306" timestamp="2019-08-08T09:23:13.200">
  <scavenger-info tenureage="14" tenuremask="4000" tiltratio="89" />
  <memory-copied type="nursery" objects="46495" bytes="5925368" bytesdiscarded="240592" />
  <finalization candidates="3" enqueued="0" />
  <references type="soft" candidates="116" cleared="0" enqueued="0" dynamicThreshold="6" maxThreshold="32" />
  <references type="weak" candidates="74" cleared="0" enqueued="0" />
  <references type="phantom" candidates="72" cleared="0" enqueued="0" />
</gc-op>
<gc-end id="5310" type="scavenge" contextid="5306" durationms="50.991" usertimems="22.156" systemtimems="15.456" timestamp="2019-08-08T09:23:13.207" activeThreads="16">
  <mem-info id="5311" free="428718816" total="503775232" percent="85">
    <mem type="nursery" free="423552320" total="477495296" percent="88">
      <mem type="allocate" free="423552320" total="429719552" percent="98" />
      <mem type="survivor" free="0" total="47775744" percent="0" />
    </mem>
    <mem type="tenure" free="5166496" total="26279936" percent="19" macro-fragmented="0">
      <mem type="soa" free="4904352" total="26017792" percent="18" />
      <mem type="loa" free="262144" total="262144" percent="100" />
    </mem>
    <remembered-set count="807" />
  </mem-info>
</gc-end>
<cycle-end id="5312" type="scavenge" contextid="5306" timestamp="2019-08-08T09:23:13.207" />
  <attribute name="elasticGC enabled" value="1" />
  <attribute name= "numThreadsSpecified" value="16" />
  <attribute name="heapSize specified" value="503644160" />
  <attribute name="Current GC Util" value="2" />
  <attribute name= "Current Time Running" value="184310" />
  <attribute name ="GC Interval" value="2289" />
  <attribute name="Target GC Util Change" value ="80.000000" />
  <attribute name="Current GC Util Change" value="2.000000"/>
  <attribute name="Current Error" value="156.000000" />
  <attribute name="Output H" value="503851096"/>
  <attribute name="Output I" value="2288"/>
  <attribute name="Output T" value="16"/>
  <attribute name= "Current Time Running" value="184310" />
  <attribute name="GC Util currently" value="2" />
  <attribute name="CPU Util currently" value="1276552711" />
<allocation-satisfied id="5313" threadId="0000000000E05E00" bytesRequested="16" />
<af-end id="5314" timestamp="2019-08-08T09:23:13.207" threadId="0000000000E06788" success="true" from="nursery"/>
<exclusive-end id="5315" timestamp="2019-08-08T09:23:13.207" durationms="51.463" />

<warning details="slow exclusive request due to Exclusive Access" threadname="Thread-42" timems="82" />
<exclusive-start id="5316" timestamp="2019-08-08T09:23:16.286" intervalms="3130.385">
  <response-info timems="82.497" idlems="9.907" threads="9" lastid="0000000000DDCB00" lastname="Thread-42" />
</exclusive-start>
<af-start id="5317" threadId="0000000000DD9888" totalBytesRequested="8200" timestamp="2019-08-08T09:23:16.286" intervalms="3130.378" type="nursery" />
<cycle-start id="5318" type="scavenge" contextid="0" timestamp="2019-08-08T09:23:16.286" intervalms="3130.388" />
<gc-start id="5319" type="scavenge" contextid="5318" timestamp="2019-08-08T09:23:16.286">
  <mem-info id="5320" free="5166496" total="503775232" percent="1">
    <mem type="nursery" free="0" total="477495296" percent="0">
      <mem type="allocate" free="0" total="429719552" percent="0" />
      <mem type="survivor" free="0" total="47775744" percent="0" />
    </mem>
    <mem type="tenure" free="5166496" total="26279936" percent="19">
      <mem type="soa" free="4904352" total="26017792" percent="18" />
      <mem type="loa" free="262144" total="262144" percent="100" />
    </mem>
    <remembered-set count="807" />
  </mem-info>
</gc-start>
<allocation-stats totalBytes="423167680" >
  <allocated-bytes non-tlh="16" tlh="423167664" />
  <largest-consumer threadName="Thread-49" threadId="0000000000E02200" bytes="39989624" />
</allocation-stats>
<gc-op id="5321" type="scavenge" timems="263.464" contextid="5318" timestamp="2019-08-08T09:23:16.550">
  <scavenger-info tenureage="3" tenuremask="4008" tiltratio="89" />
  <memory-copied type="nursery" objects="9883" bytes="3922944" bytesdiscarded="560832" />
  <memory-copied type="tenure" objects="36087" bytes="2024264" bytesdiscarded="2672" />
  <finalization candidates="3" enqueued="0" />
  <references type="phantom" candidates="6" cleared="0" enqueued="0" />
</gc-op>
<heap-resize id="5322" type="expand" space="nursery" amount="19791872" count="1" timems="0.025" reason="excessive time being spent scavenging" timestamp="2019-08-08T09:23:16.550" />
<gc-end id="5323" type="scavenge" contextid="5318" durationms="264.380" usertimems="86.694" systemtimems="88.661" timestamp="2019-08-08T09:23:16.551" activeThreads="16">
  <mem-info id="5324" free="445849800" total="523567104" percent="85">
    <mem type="nursery" free="442995752" total="497287168" percent="89">
      <mem type="allocate" free="442995752" total="447479808" percent="98" />
      <mem type="survivor" free="0" total="49807360" percent="0" />
    </mem>
    <mem type="tenure" free="2854048" total="26279936" percent="10" macro-fragmented="502401">
      <mem type="soa" free="2591904" total="26017792" percent="9" />
      <mem type="loa" free="262144" total="262144" percent="100" />
    </mem>
    <remembered-set count="444" />
  </mem-info>
</gc-end>
<cycle-end id="5325" type="scavenge" contextid="5318" timestamp="2019-08-08T09:23:16.552" />
  <attribute name="elasticGC enabled" value="1" />
  <attribute name= "numThreadsSpecified" value="16" />
  <attribute name="heapSize specified" value="503644160" />
  <attribute name="Current GC Util" value="1" />
  <attribute name= "Current Time Running" value="187440" />
  <attribute name ="GC Interval" value="2433" />
  <attribute name="Target GC Util Change" value ="80.000000" />
  <attribute name="Current GC Util Change" value="1.000000"/>
  <attribute name="Current Error" value="235.000000" />
  <attribute name="Output H" value="503851184"/>
  <attribute name="Output I" value="2432"/>
  <attribute name="Output T" value="16"/>
  <attribute name= "Current Time Running" value="187440" />
  <attribute name="GC Util currently" value="1" />
  <attribute name="CPU Util currently" value="12" />
<allocation-satisfied id="5326" threadId="0000000000DD8F00" bytesRequested="8200" />
<af-end id="5327" timestamp="2019-08-08T09:23:16.552" threadId="0000000000DD9888" success="true" from="nursery"/>
<exclusive-end id="5328" timestamp="2019-08-08T09:23:16.552" durationms="266.172" />

<exclusive-start id="5329" timestamp="2019-08-08T09:23:18.085" intervalms="1799.030">
  <response-info timems="1.958" idlems="1.958" threads="0" lastid="0000000000DE0700" lastname="Thread-51" />
</exclusive-start>
<af-start id="5330" threadId="0000000000DE1088" totalBytesRequested="520" timestamp="2019-08-08T09:23:18.086" intervalms="1799.574" type="nursery" />
<cycle-start id="5331" type="scavenge" contextid="0" timestamp="2019-08-08T09:23:18.086" intervalms="1799.559" />
<gc-start id="5332" type="scavenge" contextid="5331" timestamp="2019-08-08T09:23:18.086">
  <mem-info id="5333" free="2854048" total="523567104" percent="0">
    <mem type="nursery" free="0" total="497287168" percent="0">
      <mem type="allocate" free="0" total="447479808" percent="0" />
      <mem type="survivor" free="0" total="49807360" percent="0" />
    </mem>
    <mem type="tenure" free="2854048" total="26279936" percent="10">
      <mem type="soa" free="2591904" total="26017792" percent="9" />
      <mem type="loa" free="262144" total="262144" percent="100" />
    </mem>
    <remembered-set count="1061" />
  </mem-info>
</gc-start>
<allocation-stats totalBytes="442626416" >
  <allocated-bytes non-tlh="8200" tlh="442618216" />
  <largest-consumer threadName="Thread-49" threadId="0000000000E02200" bytes="43026176" />
</allocation-stats>
<gc-op id="5334" type="scavenge" timems="26.858" contextid="5331" timestamp="2019-08-08T09:23:18.113">
  <scavenger-info tenureage="14" tenuremask="4000" tiltratio="89" />
  <memory-copied type="nursery" objects="9770" bytes="3951520" bytesdiscarded="413536" />
  <references type="phantom" candidates="5" cleared="0" enqueued="0" />
</gc-op>
<gc-end id="5335" type="scavenge" contextid="5331" durationms="27.425" usertimems="33.806" systemtimems="12.746" timestamp="2019-08-08T09:23:18.113" activeThreads="16">
  <mem-info id="5336" free="446034072" total="523567104" percent="85">
    <mem type="nursery" free="443180024" total="497287168" percent="89">
      <mem type="allocate" free="443180024" total="447545344" percent="99" />
      <mem type="survivor" free="0" total="49741824" percent="0" />
    </mem>
    <mem type="tenure" free="2854048" total="26279936" percent="10" macro-fragmented="1800196">
      <mem type="soa" free="2591904" total="26017792" percent="9" />
      <mem type="loa" free="262144" total="262144" percent="100" />
    </mem>
    <remembered-set count="443" />
  </mem-info>
</gc-end>
<cycle-end id="5337" type="scavenge" contextid="5331" timestamp="2019-08-08T09:23:18.113" />
  <attribute name="elasticGC enabled" value="1" />
  <attribute name= "numThreadsSpecified" value="16" />
  <attribute name="heapSize specified" value="503644160" />
  <attribute name="Current GC Util" value="8" />
  <attribute name= "Current Time Running" value="189240" />
  <attribute name ="GC Interval" value="2561" />
  <attribute name="Target GC Util Change" value ="80.000000" />
  <attribute name="Current GC Util Change" value="8.000000"/>
  <attribute name="Current Error" value="307.000000" />
  <attribute name="Output H" value="523643144"/>
  <attribute name="Output I" value="2560"/>
  <attribute name="Output T" value="16"/>
  <attribute name= "Current Time Running" value="189240" />
  <attribute name="GC Util currently" value="8" />
  <attribute name="CPU Util currently" value="640692259" />
<allocation-satisfied id="5338" threadId="0000000000DE0700" bytesRequested="520" />
<af-end id="5339" timestamp="2019-08-08T09:23:18.114" threadId="0000000000DE1088" success="true" from="nursery"/>
<exclusive-end id="5340" timestamp="2019-08-08T09:23:18.114" durationms="28.334" />

<exclusive-start id="5341" timestamp="2019-08-08T09:23:18.817" intervalms="732.124">
  <response-info timems="13.154" idlems="9.234" threads="1" lastid="0000000000E18900" lastname="Thread-37" />
</exclusive-start>
<af-start id="5342" threadId="0000000000DDD488" totalBytesRequested="80" timestamp="2019-08-08T09:23:18.817" intervalms="731.589" type="nursery" />
<cycle-start id="5343" type="scavenge" contextid="0" timestamp="2019-08-08T09:23:18.817" intervalms="731.595" />
<gc-start id="5344" type="scavenge" contextid="5343" timestamp="2019-08-08T09:23:18.818">
  <mem-info id="5345" free="2854048" total="523567104" percent="0">
    <mem type="nursery" free="0" total="497287168" percent="0">
      <mem type="allocate" free="0" total="447545344" percent="0" />
      <mem type="survivor" free="0" total="49741824" percent="0" />
    </mem>
    <mem type="tenure" free="2854048" total="26279936" percent="10">
      <mem type="soa" free="2591904" total="26017792" percent="9" />
      <mem type="loa" free="262144" total="262144" percent="100" />
    </mem>
    <remembered-set count="1068" />
  </mem-info>
</gc-start>
<allocation-stats totalBytes="442934184" >
  <allocated-bytes non-tlh="520" tlh="442933664" />
  <largest-consumer threadName="Thread-44" threadId="0000000000E11200" bytes="40512112" />
</allocation-stats>
<gc-op id="5346" type="scavenge" timems="94.845" contextid="5343" timestamp="2019-08-08T09:23:18.912">
  <scavenger-info tenureage="14" tenuremask="4000" tiltratio="89" />
  <memory-copied type="nursery" objects="10307" bytes="3922000" bytesdiscarded="59232" />
  <references type="phantom" candidates="5" cleared="0" enqueued="0" />
</gc-op>
<heap-resize id="5347" type="expand" space="nursery" amount="25690112" count="1" timems="0.028" reason="excessive time being spent scavenging" timestamp="2019-08-08T09:23:18.912" />
<gc-end id="5348" type="scavenge" contextid="5343" durationms="95.152" usertimems="76.016" systemtimems="58.014" timestamp="2019-08-08T09:23:18.913" activeThreads="16">
  <mem-info id="5349" free="469486552" total="549257216" percent="85">
    <mem type="nursery" free="466632504" total="522977280" percent="89">
      <mem type="allocate" free="466632504" total="470614016" percent="99" />
      <mem type="survivor" free="0" total="52363264" percent="0" />
    </mem>
    <mem type="tenure" free="2854048" total="26279936" percent="10" macro-fragmented="1500163">
      <mem type="soa" free="2591904" total="26017792" percent="9" />
      <mem type="loa" free="262144" total="262144" percent="100" />
    </mem>
    <remembered-set count="392" />
  </mem-info>
</gc-end>
<cycle-end id="5350" type="scavenge" contextid="5343" timestamp="2019-08-08T09:23:18.913" />
  <attribute name="elasticGC enabled" value="1" />
  <attribute name= "numThreadsSpecified" value="16" />
  <attribute name="heapSize specified" value="503644160" />
  <attribute name="Current GC Util" value="3" />
  <attribute name= "Current Time Running" value="189971" />
  <attribute name ="GC Interval" value="2697" />
  <attribute name="Target GC Util Change" value ="80.000000" />
  <attribute name="Current GC Util Change" value="3.000000"/>
  <attribute name="Current Error" value="384.000000" />
  <attribute name="Output H" value="523643232"/>
  <attribute name="Output I" value="2696"/>
  <attribute name="Output T" value="16"/>
  <attribute name= "Current Time Running" value="189971" />
  <attribute name="GC Util currently" value="3" />
  <attribute name="CPU Util currently" value="1576147441" />
<allocation-satisfied id="5351" threadId="0000000000DDCB00" bytesRequested="80" />
<af-end id="5352" timestamp="2019-08-08T09:23:18.915" threadId="0000000000DDD488" success="true" from="nursery"/>
<exclusive-end id="5353" timestamp="2019-08-08T09:23:18.915" durationms="97.295" />

<exclusive-start id="5354" timestamp="2019-08-08T09:23:19.572" intervalms="755.043">
  <response-info timems="12.495" idlems="8.736" threads="5" lastid="0000000000DDCB00" lastname="Thread-42" />
</exclusive-start>
<af-start id="5355" threadId="0000000000E02B88" totalBytesRequested="48" timestamp="2019-08-08T09:23:19.572" intervalms="755.078" type="nursery" />
<cycle-start id="5356" type="scavenge" contextid="0" timestamp="2019-08-08T09:23:19.573" intervalms="755.090" />
<gc-start id="5357" type="scavenge" contextid="5356" timestamp="2019-08-08T09:23:19.573">
  <mem-info id="5358" free="2854048" total="549257216" percent="0">
    <mem type="nursery" free="0" total="522977280" percent="0">
      <mem type="allocate" free="0" total="470614016" percent="0" />
      <mem type="survivor" free="0" total="52363264" percent="0" />
    </mem>
    <mem type="tenure" free="2854048" total="26279936" percent="10">
      <mem type="soa" free="2591904" total="26017792" percent="9" />
      <mem type="loa" free="262144" total="262144" percent="100" />
    </mem>
    <remembered-set count="1008" />
  </mem-info>
</gc-start>
<allocation-stats totalBytes="466268856" >
  <allocated-bytes non-tlh="80" tlh="466268776" />
  <largest-consumer threadName="Thread-48" threadId="0000000000DE7F00" bytes="41847144" />
</allocation-stats>
<gc-op id="5359" type="scavenge" timems="24.253" contextid="5356" timestamp="2019-08-08T09:23:19.597">
  <scavenger-info tenureage="14" tenuremask="4000" tiltratio="89" />
  <memory-copied type="nursery" objects="10478" bytes="4021696" bytesdiscarded="374616" />
  <references type="phantom" candidates="5" cleared="0" enqueued="0" />
</gc-op>
<gc-end id="5360" type="scavenge" contextid="5356" durationms="29.501" usertimems="25.607" systemtimems="10.335" timestamp="2019-08-08T09:23:19.602" activeThreads="16">
  <mem-info id="5361" free="469137016" total="549257216" percent="85">
    <mem type="nursery" free="466282968" total="522977280" percent="89">
      <mem type="allocate" free="466282968" total="470679552" percent="99" />
      <mem type="survivor" free="0" total="52297728" percent="0" />
    </mem>
    <mem type="tenure" free="2854048" total="26279936" percent="10" macro-fragmented="2160235">
      <mem type="soa" free="2591904" total="26017792" percent="9" />
      <mem type="loa" free="262144" total="262144" percent="100" />
    </mem>
    <remembered-set count="390" />
  </mem-info>
</gc-end>
<cycle-end id="5362" type="scavenge" contextid="5356" timestamp="2019-08-08T09:23:19.602" />
  <attribute name="elasticGC enabled" value="1" />
  <attribute name= "numThreadsSpecified" value="16" />
  <attribute name="heapSize specified" value="503644160" />
  <attribute name="Current GC Util" value="7" />
  <attribute name= "Current Time Running" value="190726" />
  <attribute name ="GC Interval" value="2825" />
  <attribute name="Target GC Util Change" value ="80.000000" />
  <attribute name="Current GC Util Change" value="7.000000"/>
  <attribute name="Current Error" value="457.000000" />
  <attribute name="Output H" value="549333424"/>
  <attribute name="Output I" value="2824"/>
  <attribute name="Output T" value="16"/>
  <attribute name= "Current Time Running" value="190726" />
  <attribute name="GC Util currently" value="7" />
  <attribute name="CPU Util currently" value="1526687311" />
<allocation-satisfied id="5363" threadId="0000000000E02200" bytesRequested="48" />
<af-end id="5364" timestamp="2019-08-08T09:23:19.603" threadId="0000000000E02B88" success="true" from="nursery"/>
<exclusive-end id="5365" timestamp="2019-08-08T09:23:19.603" durationms="30.225" />

<exclusive-start id="5366" timestamp="2019-08-08T09:23:20.719" intervalms="1147.030">
  <response-info timems="5.753" idlems="5.753" threads="0" lastid="0000000000DF3200" lastname="Thread-38" />
</exclusive-start>
<af-start id="5367" threadId="0000000000DF3B88" totalBytesRequested="2056" timestamp="2019-08-08T09:23:20.720" intervalms="1147.122" type="nursery" />
<cycle-start id="5368" type="scavenge" contextid="0" timestamp="2019-08-08T09:23:20.720" intervalms="1147.527" />
<gc-start id="5369" type="scavenge" contextid="5368" timestamp="2019-08-08T09:23:20.720">
  <mem-info id="5370" free="2854048" total="549257216" percent="0">
    <mem type="nursery" free="0" total="522977280" percent="0">
      <mem type="allocate" free="0" total="470679552" percent="0" />
      <mem type="survivor" free="0" total="52297728" percent="0" />
    </mem>
    <mem type="tenure" free="2854048" total="26279936" percent="10">
      <mem type="soa" free="2591904" total="26017792" percent="9" />
      <mem type="loa" free="262144" total="262144" percent="100" />
    </mem>
    <remembered-set count="988" />
  </mem-info>
</gc-start>
<allocation-stats totalBytes="465977824" >
  <allocated-bytes non-tlh="48" tlh="465977776" />
  <largest-consumer threadName="Thread-39" threadId="0000000000E1C500" bytes="48043272" />
</allocation-stats>
<gc-op id="5371" type="scavenge" timems="35.597" contextid="5368" timestamp="2019-08-08T09:23:20.756">
  <scavenger-info tenureage="14" tenuremask="4000" tiltratio="90" />
  <memory-copied type="nursery" objects="9858" bytes="4002448" bytesdiscarded="386136" />
  <references type="phantom" candidates="4" cleared="0" enqueued="0" />
</gc-op>
<gc-end id="5372" type="scavenge" contextid="5368" durationms="40.840" usertimems="21.838" systemtimems="10.891" timestamp="2019-08-08T09:23:20.761" activeThreads="16">
  <mem-info id="5373" free="469144752" total="549257216" percent="85">
    <mem type="nursery" free="466290704" total="522977280" percent="89">
      <mem type="allocate" free="466290704" total="470679552" percent="99" />
      <mem type="survivor" free="0" total="52297728" percent="0" />
    </mem>
    <mem type="tenure" free="2854048" total="26279936" percent="10" macro-fragmented="1500163">
      <mem type="soa" free="2591904" total="26017792" percent="9" />
      <mem type="loa" free="262144" total="262144" percent="100" />
    </mem>
    <remembered-set count="386" />
  </mem-info>
</gc-end>
<cycle-end id="5374" type="scavenge" contextid="5368" timestamp="2019-08-08T09:23:20.766" />
  <attribute name="elasticGC enabled" value="1" />
  <attribute name= "numThreadsSpecified" value="16" />
  <attribute name="heapSize specified" value="503644160" />
  <attribute name="Current GC Util" value="2" />
  <attribute name= "Current Time Running" value="191874" />
  <attribute name ="GC Interval" value="2153" />
  <attribute name="Target GC Util Change" value ="80.000000" />
  <attribute name="Current GC Util Change" value="2.000000"/>
  <attribute name="Current Error" value="78.000000" />
  <attribute name="Output H" value="549332992"/>
  <attribute name="Output I" value="2152"/>
  <attribute name="Output T" value="16"/>
  <attribute name= "Current Time Running" value="191874" />
  <attribute name="GC Util currently" value="2" />
  <attribute name="CPU Util currently" value="1004467826" />
<allocation-satisfied id="5375" threadId="0000000000DF3200" bytesRequested="2056" />
<af-end id="5376" timestamp="2019-08-08T09:23:20.766" threadId="0000000000DF3B88" success="true" from="nursery"/>
<exclusive-end id="5377" timestamp="2019-08-08T09:23:20.766" durationms="46.620" />

<exclusive-start id="5378" timestamp="2019-08-08T09:23:21.567" intervalms="847.149">
  <response-info timems="4.363" idlems="2.239" threads="1" lastid="0000000000E2F100" lastname="Thread-43" />
</exclusive-start>
<af-start id="5379" threadId="0000000000DE8888" totalBytesRequested="16392" timestamp="2019-08-08T09:23:21.567" intervalms="847.007" type="nursery" />
<cycle-start id="5380" type="scavenge" contextid="0" timestamp="2019-08-08T09:23:21.567" intervalms="846.611" />
<gc-start id="5381" type="scavenge" contextid="5380" timestamp="2019-08-08T09:23:21.567">
  <mem-info id="5382" free="2854048" total="549257216" percent="0">
    <mem type="nursery" free="0" total="522977280" percent="0">
      <mem type="allocate" free="0" total="470679552" percent="0" />
      <mem type="survivor" free="0" total="52297728" percent="0" />
    </mem>
    <mem type="tenure" free="2854048" total="26279936" percent="10">
      <mem type="soa" free="2591904" total="26017792" percent="9" />
      <mem type="loa" free="262144" total="262144" percent="100" />
    </mem>
    <remembered-set count="998" />
  </mem-info>
</gc-start>
<allocation-stats totalBytes="466052200" >
  <allocated-bytes non-tlh="2056" tlh="466050144" />
  <largest-consumer threadName="Thread-49" threadId="0000000000E02200" bytes="34515552" />
</allocation-stats>
<gc-op id="5383" type="scavenge" timems="14.321" contextid="5380" timestamp="2019-08-08T09:23:21.582">
  <scavenger-info tenureage="14" tenuremask="4000" tiltratio="90" />
  <memory-copied type="nursery" objects="10298" bytes="3932760" bytesdiscarded="67616" />
  <references type="weak" candidates="1" cleared="0" enqueued="0" />
  <references type="phantom" candidates="4" cleared="0" enqueued="0" />
</gc-op>
<gc-end id="5384" type="scavenge" contextid="5380" durationms="15.577" usertimems="18.682" systemtimems="3.728" timestamp="2019-08-08T09:23:21.582" activeThreads="16">
  <mem-info id="5385" free="469532976" total="549257216" percent="85">
    <mem type="nursery" free="466678928" total="522977280" percent="89">
      <mem type="allocate" free="466678928" total="470679552" percent="99" />
      <mem type="survivor" free="0" total="52297728" percent="0" />
    </mem>
    <mem type="tenure" free="2854048" total="26279936" percent="10" macro-fragmented="1800196">
      <mem type="soa" free="2591904" total="26017792" percent="9" />
      <mem type="loa" free="262144" total="262144" percent="100" />
    </mem>
    <remembered-set count="375" />
  </mem-info>
</gc-end>
<cycle-end id="5386" type="scavenge" contextid="5380" timestamp="2019-08-08T09:23:21.582" />
  <attribute name="elasticGC enabled" value="1" />
  <attribute name= "numThreadsSpecified" value="16" />
  <attribute name="heapSize specified" value="503644160" />
  <attribute name="Current GC Util" value="2" />
  <attribute name= "Current Time Running" value="192721" />
  <attribute name ="GC Interval" value="2289" />
  <attribute name="Target GC Util Change" value ="80.000000" />
  <attribute name="Current GC Util Change" value="2.000000"/>
  <attribute name="Current Error" value="156.000000" />
  <attribute name="Output H" value="549333080"/>
  <attribute name="Output I" value="2288"/>
  <attribute name="Output T" value="16"/>
  <attribute name= "Current Time Running" value="192721" />
  <attribute name="GC Util currently" value="2" />
  <attribute name="CPU Util currently" value="1360643720" />
<allocation-satisfied id="5387" threadId="0000000000DE7F00" bytesRequested="16392" />
<af-end id="5388" timestamp="2019-08-08T09:23:21.583" threadId="0000000000DE8888" success="true" from="nursery"/>
<exclusive-end id="5389" timestamp="2019-08-08T09:23:21.583" durationms="16.054" />

<exclusive-start id="5390" timestamp="2019-08-08T09:23:22.456" intervalms="889.137">
  <response-info timems="21.870" idlems="21.144" threads="1" lastid="0000000000DD1700" lastname="Thread-47" />
</exclusive-start>
<af-start id="5391" threadId="0000000000DDD488" totalBytesRequested="40" timestamp="2019-08-08T09:23:22.456" intervalms="889.142" type="nursery" />
<cycle-start id="5392" type="scavenge" contextid="0" timestamp="2019-08-08T09:23:22.456" intervalms="889.121" />
<gc-start id="5393" type="scavenge" contextid="5392" timestamp="2019-08-08T09:23:22.456">
  <mem-info id="5394" free="2854048" total="549257216" percent="0">
    <mem type="nursery" free="0" total="522977280" percent="0">
      <mem type="allocate" free="0" total="470679552" percent="0" />
      <mem type="survivor" free="0" total="52297728" percent="0" />
    </mem>
    <mem type="tenure" free="2854048" total="26279936" percent="10">
      <mem type="soa" free="2591904" total="26017792" percent="9" />
      <mem type="loa" free="262144" total="262144" percent="100" />
    </mem>
    <remembered-set count="984" />
  </mem-info>
</gc-start>
<allocation-stats totalBytes="466323648" >
  <allocated-bytes non-tlh="16392" tlh="466307256" />
  <largest-consumer threadName="Thread-50" threadId="0000000000E23D00" bytes="49081344" />
</allocation-stats>
<gc-op id="5395" type="scavenge" timems="118.830" contextid="5392" timestamp="2019-08-08T09:23:22.575">
  <scavenger-info tenureage="14" tenuremask="4000" tiltratio="90" />
  <memory-copied type="nursery" objects="7910" bytes="3217936" bytesdiscarded="199728" />
  <references type="phantom" candidates="13" cleared="0" enqueued="0" />
</gc-op>
<heap-resize id="5396" type="expand" space="nursery" amount="30801920" count="1" timems="0.034" reason="excessive time being spent scavenging" timestamp="2019-08-08T09:23:22.576" />
<gc-end id="5397" type="scavenge" contextid="5392" durationms="119.938" usertimems="127.036" systemtimems="72.558" timestamp="2019-08-08T09:23:22.576" activeThreads="16">
  <mem-info id="5398" free="497837328" total="580059136" percent="85">
    <mem type="nursery" free="494983280" total="553779200" percent="89">
      <mem type="allocate" free="494983280" total="498401280" percent="99" />
      <mem type="survivor" free="0" total="55377920" percent="0" />
    </mem>
    <mem type="tenure" free="2854048" total="26279936" percent="10" macro-fragmented="57168">
      <mem type="soa" free="2591904" total="26017792" percent="9" />
      <mem type="loa" free="262144" total="262144" percent="100" />
    </mem>
    <remembered-set count="378" />
  </mem-info>
</gc-end>
<cycle-end id="5399" type="scavenge" contextid="5392" timestamp="2019-08-08T09:23:22.576" />
  <attribute name="elasticGC enabled" value="1" />
  <attribute name= "numThreadsSpecified" value="16" />
  <attribute name="heapSize specified" value="503644160" />
  <attribute name="Current GC Util" value="1" />
  <attribute name= "Current Time Running" value="193610" />
  <attribute name ="GC Interval" value="2433" />
  <attribute name="Target GC Util Change" value ="80.000000" />
  <attribute name="Current GC Util Change" value="1.000000"/>
  <attribute name="Current Error" value="235.000000" />
  <attribute name="Output H" value="549333168"/>
  <attribute name="Output I" value="2432"/>
  <attribute name="Output T" value="16"/>
  <attribute name= "Current Time Running" value="193610" />
  <attribute name="GC Util currently" value="1" />
  <attribute name="CPU Util currently" value="1297927582" />
<allocation-satisfied id="5400" threadId="0000000000DDCB00" bytesRequested="40" />
<af-end id="5401" timestamp="2019-08-08T09:23:22.576" threadId="0000000000DDD488" success="true" from="nursery"/>
<exclusive-end id="5402" timestamp="2019-08-08T09:23:22.576" durationms="120.699" />

<exclusive-start id="5403" timestamp="2019-08-08T09:23:23.744" intervalms="1288.345">
  <response-info timems="3.784" idlems="3.784" threads="0" lastid="0000000000DD8F00" lastname="Thread-46" />
</exclusive-start>
<af-start id="5404" threadId="0000000000DD9888" totalBytesRequested="88" timestamp="2019-08-08T09:23:23.744" intervalms="1288.346" type="nursery" />
<cycle-start id="5405" type="scavenge" contextid="0" timestamp="2019-08-08T09:23:23.744" intervalms="1288.344" />
<gc-start id="5406" type="scavenge" contextid="5405" timestamp="2019-08-08T09:23:23.744">
  <mem-info id="5407" free="2854048" total="580059136" percent="0">
    <mem type="nursery" free="0" total="553779200" percent="0">
      <mem type="allocate" free="0" total="498401280" percent="0" />
      <mem type="survivor" free="0" total="55377920" percent="0" />
    </mem>
    <mem type="tenure" free="2854048" total="26279936" percent="10">
      <mem type="soa" free="2591904" total="26017792" percent="9" />
      <mem type="loa" free="262144" total="262144" percent="100" />
    </mem>
    <remembered-set count="994" />
  </mem-info>
</gc-start>
<allocation-stats totalBytes="494693480" >
  <allocated-bytes non-tlh="40" tlh="494693440" />
  <largest-consumer threadName="Thread-37" threadId="0000000000E18900" bytes="37514864" />
</allocation-stats>
<gc-op id="5408" type="scavenge" timems="26.035" contextid="5405" timestamp="2019-08-08T09:23:23.770">
  <scavenger-info tenureage="14" tenuremask="4000" tiltratio="90" />
  <memory-copied type="nursery" objects="10225" bytes="4006040" bytesdiscarded="168592" />
  <references type="weak" candidates="1" cleared="0" enqueued="0" />
  <references type="phantom" candidates="4" cleared="0" enqueued="0" />
</gc-op>
<gc-end id="5409" type="scavenge" contextid="5405" durationms="26.704" usertimems="29.824" systemtimems="6.916" timestamp="2019-08-08T09:23:23.771" activeThreads="16">
  <mem-info id="5410" free="497080440" total="580059136" percent="85">
    <mem type="nursery" free="494226392" total="553779200" percent="89">
      <mem type="allocate" free="494226392" total="498401280" percent="99" />
      <mem type="survivor" free="0" total="55377920" percent="0" />
    </mem>
    <mem type="tenure" free="2854048" total="26279936" percent="10" macro-fragmented="868149">
      <mem type="soa" free="2591904" total="26017792" percent="9" />
      <mem type="loa" free="262144" total="262144" percent="100" />
    </mem>
    <remembered-set count="358" />
  </mem-info>
</gc-end>
<cycle-end id="5411" type="scavenge" contextid="5405" timestamp="2019-08-08T09:23:23.771" />
  <attribute name="elasticGC enabled" value="1" />
  <attribute name= "numThreadsSpecified" value="16" />
  <attribute name="heapSize specified" value="503644160" />
  <attribute name="Current GC Util" value="7" />
  <attribute name= "Current Time Running" value="194898" />
  <attribute name ="GC Interval" value="2561" />
  <attribute name="Target GC Util Change" value ="80.000000" />
  <attribute name="Current GC Util Change" value="7.000000"/>
  <attribute name="Current Error" value="308.000000" />
  <attribute name="Output H" value="580135176"/>
  <attribute name="Output I" value="2560"/>
  <attribute name="Output T" value="16"/>
  <attribute name= "Current Time Running" value="194898" />
  <attribute name="GC Util currently" value="7" />
  <attribute name="CPU Util currently" value="894966368" />
<allocation-satisfied id="5412" threadId="0000000000DD8F00" bytesRequested="88" />
<af-end id="5413" timestamp="2019-08-08T09:23:23.771" threadId="0000000000DD9888" success="true" from="nursery"/>
<exclusive-end id="5414" timestamp="2019-08-08T09:23:23.771" durationms="27.212" />

<exclusive-start id="5415" timestamp="2019-08-08T09:23:26.799" intervalms="3054.966">
  <response-info timems="3.795" idlems="1.903" threads="4" lastid="0000000000E02200" lastname="Thread-49" />
</exclusive-start>
<af-start id="5416" threadId="0000000000DE8888" totalBytesRequested="8200" timestamp="2019-08-08T09:23:26.799" intervalms="3055.028" type="nursery" />
<cycle-start id="5417" type="scavenge" contextid="0" timestamp="2019-08-08T09:23:26.799" intervalms="3055.020" />
<gc-start id="5418" type="scavenge" contextid="5417" timestamp="2019-08-08T09:23:26.799">
  <mem-info id="5419" free="2854048" total="580059136" percent="0">
    <mem type="nursery" free="0" total="553779200" percent="0">
      <mem type="allocate" free="0" total="498401280" percent="0" />
      <mem type="survivor" free="0" total="55377920" percent="0" />
    </mem>
    <mem type="tenure" free="2854048" total="26279936" percent="10">
      <mem type="soa" free="2591904" total="26017792" percent="9" />
      <mem type="loa" free="262144" total="262144" percent="100" />
    </mem>
    <remembered-set count="985" />
  </mem-info>
</gc-start>
<allocation-stats totalBytes="493810600" >
  <allocated-bytes non-tlh="88" tlh="493810512" />
  <largest-consumer threadName="Thread-49" threadId="0000000000E02200" bytes="42465464" />
</allocation-stats>
<gc-op id="5420" type="scavenge" timems="111.246" contextid="5417" timestamp="2019-08-08T09:23:26.911">
  <scavenger-info tenureage="14" tenuremask="4000" tiltratio="90" />
  <memory-copied type="nursery" objects="9831" bytes="3912648" bytesdiscarded="307552" />
  <references type="phantom" candidates="5" cleared="0" enqueued="0" />
</gc-op>
<gc-end id="5421" type="scavenge" contextid="5417" durationms="111.438" usertimems="20.989" systemtimems="38.525" timestamp="2019-08-08T09:23:26.911" activeThreads="16">
  <mem-info id="5422" free="497034856" total="580059136" percent="85">
    <mem type="nursery" free="494180808" total="553779200" percent="89">
      <mem type="allocate" free="494180808" total="498401280" percent="99" />
      <mem type="survivor" free="0" total="55377920" percent="0" />
    </mem>
    <mem type="tenure" free="2854048" total="26279936" percent="10" macro-fragmented="2160235">
      <mem type="soa" free="2591904" total="26017792" percent="9" />
      <mem type="loa" free="262144" total="262144" percent="100" />
    </mem>
    <remembered-set count="384" />
  </mem-info>
</gc-end>
<cycle-end id="5423" type="scavenge" contextid="5417" timestamp="2019-08-08T09:23:26.925" />
  <attribute name="elasticGC enabled" value="1" />
  <attribute name= "numThreadsSpecified" value="16" />
  <attribute name="heapSize specified" value="503644160" />
  <attribute name="Current GC Util" value="0" />
  <attribute name= "Current Time Running" value="197953" />
  <attribute name ="GC Interval" value="2705" />
  <attribute name="Target GC Util Change" value ="80.000000" />
  <attribute name="Current GC Util Change" value="0.000000"/>
  <attribute name="Current Error" value="388.000000" />
  <attribute name="Output H" value="580135264"/>
  <attribute name="Output I" value="2704"/>
  <attribute name="Output T" value="16"/>
  <attribute name= "Current Time Running" value="197953" />
  <attribute name="GC Util currently" value="0" />
  <attribute name="CPU Util currently" value="0" />
<allocation-satisfied id="5424" threadId="0000000000DE7F00" bytesRequested="8200" />
<af-end id="5425" timestamp="2019-08-08T09:23:26.925" threadId="0000000000DE8888" success="true" from="nursery"/>
<exclusive-end id="5426" timestamp="2019-08-08T09:23:26.925" durationms="125.680" />

<exclusive-start id="5427" timestamp="2019-08-08T09:23:28.235" intervalms="1436.363">
  <response-info timems="3.600" idlems="3.600" threads="0" lastid="0000000000E0D600" lastname="Thread-52" />
</exclusive-start>
<af-start id="5428" threadId="0000000000E0DF88" totalBytesRequested="16392" timestamp="2019-08-08T09:23:28.235" intervalms="1436.300" type="nursery" />
<cycle-start id="5429" type="scavenge" contextid="0" timestamp="2019-08-08T09:23:28.235" intervalms="1436.299" />
<gc-start id="5430" type="scavenge" contextid="5429" timestamp="2019-08-08T09:23:28.236">
  <mem-info id="5431" free="2854048" total="580059136" percent="0">
    <mem type="nursery" free="0" total="553779200" percent="0">
      <mem type="allocate" free="0" total="498401280" percent="0" />
      <mem type="survivor" free="0" total="55377920" percent="0" />
    </mem>
    <mem type="tenure" free="2854048" total="26279936" percent="10">
      <mem type="soa" free="2591904" total="26017792" percent="9" />
      <mem type="loa" free="262144" total="262144" percent="100" />
    </mem>
    <remembered-set count="985" />
  </mem-info>
</gc-start>
<allocation-stats totalBytes="493760856" >
  <allocated-bytes non-tlh="8200" tlh="493752656" />
  <largest-consumer threadName="Thread-46" threadId="0000000000DD8F00" bytes="48084560" />
</allocation-stats>
<gc-op id="5432" type="scavenge" timems="4.940" contextid="5429" timestamp="2019-08-08T09:23:28.241">
  <scavenger-info tenureage="14" tenuremask="4000" tiltratio="90" />
  <memory-copied type="nursery" objects="9369" bytes="3717960" bytesdiscarded="337704" />
  <references type="phantom" candidates="8" cleared="0" enqueued="0" />
</gc-op>
<gc-end id="5433" type="scavenge" contextid="5429" durationms="5.531" usertimems="8.454" systemtimems="1.704" timestamp="2019-08-08T09:23:28.241" activeThreads="16">
  <mem-info id="5434" free="497199368" total="580059136" percent="85">
    <mem type="nursery" free="494345320" total="553779200" percent="89">
      <mem type="allocate" free="494345320" total="498401280" percent="99" />
      <mem type="survivor" free="0" total="55377920" percent="0" />
    </mem>
    <mem type="tenure" free="2854048" total="26279936" percent="10" macro-fragmented="1250136">
      <mem type="soa" free="2591904" total="26017792" percent="9" />
      <mem type="loa" free="262144" total="262144" percent="100" />
    </mem>
    <remembered-set count="381" />
  </mem-info>
</gc-end>
<cycle-end id="5435" type="scavenge" contextid="5429" timestamp="2019-08-08T09:23:28.258" />
  <attribute name="elasticGC enabled" value="1" />
  <attribute name= "numThreadsSpecified" value="16" />
  <attribute name="heapSize specified" value="503644160" />
  <attribute name="Current GC Util" value="4" />
  <attribute name= "Current Time Running" value="199390" />
  <attribute name ="GC Interval" value="2841" />
  <attribute name="Target GC Util Change" value ="80.000000" />
  <attribute name="Current GC Util Change" value="4.000000"/>
  <attribute name="Current Error" value="464.000000" />
  <attribute name="Output H" value="580135352"/>
  <attribute name="Output I" value="2840"/>
  <attribute name="Output T" value="16"/>
  <attribute name= "Current Time Running" value="199390" />
  <attribute name="GC Util currently" value="4" />
  <attribute name="CPU Util currently" value="802261688" />
<allocation-satisfied id="5436" threadId="0000000000E0D600" bytesRequested="16392" />
<af-end id="5437" timestamp="2019-08-08T09:23:28.258" threadId="0000000000E0DF88" success="true" from="nursery"/>
<exclusive-end id="5438" timestamp="2019-08-08T09:23:28.258" durationms="22.219" />

<exclusive-start id="5439" timestamp="2019-08-08T09:23:29.149" intervalms="913.829">
  <response-info timems="26.724" idlems="25.796" threads="5" lastid="0000000000DFE600" lastname="Thread-40" />
</exclusive-start>
<af-start id="5440" threadId="0000000000DE1088" totalBytesRequested="16" timestamp="2019-08-08T09:23:29.149" intervalms="913.836" type="nursery" />
<cycle-start id="5441" type="scavenge" contextid="0" timestamp="2019-08-08T09:23:29.149" intervalms="913.847" />
<gc-start id="5442" type="scavenge" contextid="5441" timestamp="2019-08-08T09:23:29.149">
  <mem-info id="5443" free="2854048" total="580059136" percent="0">
    <mem type="nursery" free="0" total="553779200" percent="0">
      <mem type="allocate" free="0" total="498401280" percent="0" />
      <mem type="survivor" free="0" total="55377920" percent="0" />
    </mem>
    <mem type="tenure" free="2854048" total="26279936" percent="10">
      <mem type="soa" free="2591904" total="26017792" percent="9" />
      <mem type="loa" free="262144" total="262144" percent="100" />
    </mem>
    <remembered-set count="984" />
  </mem-info>
</gc-start>
<allocation-stats totalBytes="494077816" >
  <allocated-bytes non-tlh="16392" tlh="494061424" />
  <largest-consumer threadName="Thread-39" threadId="0000000000E1C500" bytes="45617872" />
</allocation-stats>
<gc-op id="5444" type="scavenge" timems="73.013" contextid="5441" timestamp="2019-08-08T09:23:29.222">
  <scavenger-info tenureage="14" tenuremask="4000" tiltratio="90" />
  <memory-copied type="nursery" objects="9668" bytes="3685704" bytesdiscarded="374328" />
  <references type="phantom" candidates="4" cleared="0" enqueued="0" />
</gc-op>
<gc-end id="5445" type="scavenge" contextid="5441" durationms="73.679" usertimems="59.331" systemtimems="68.564" timestamp="2019-08-08T09:23:29.223" activeThreads="16">
  <mem-info id="5446" free="497195032" total="580059136" percent="85">
    <mem type="nursery" free="494340984" total="553779200" percent="89">
      <mem type="allocate" free="494340984" total="498401280" percent="99" />
      <mem type="survivor" free="0" total="55377920" percent="0" />
    </mem>
    <mem type="tenure" free="2854048" total="26279936" percent="10" macro-fragmented="2160235">
      <mem type="soa" free="2591904" total="26017792" percent="9" />
      <mem type="loa" free="262144" total="262144" percent="100" />
    </mem>
    <remembered-set count="385" />
  </mem-info>
</gc-end>
<cycle-end id="5447" type="scavenge" contextid="5441" timestamp="2019-08-08T09:23:29.223" />
  <attribute name="elasticGC enabled" value="1" />
  <attribute name= "numThreadsSpecified" value="16" />
  <attribute name="heapSize specified" value="503644160" />
  <attribute name="Current GC Util" value="1" />
  <attribute name= "Current Time Running" value="200303" />
  <attribute name ="GC Interval" value="2153" />
  <attribute name="Target GC Util Change" value ="80.000000" />
  <attribute name="Current GC Util Change" value="1.000000"/>
  <attribute name="Current Error" value="79.000000" />
  <attribute name="Output H" value="580134912"/>
  <attribute name="Output I" value="2152"/>
  <attribute name="Output T" value="16"/>
  <attribute name= "Current Time Running" value="200303" />
  <attribute name="GC Util currently" value="1" />
  <attribute name="CPU Util currently" value="1262621023" />
<allocation-satisfied id="5448" threadId="0000000000DE0700" bytesRequested="16" />
<af-end id="5449" timestamp="2019-08-08T09:23:29.223" threadId="0000000000DE1088" success="true" from="nursery"/>
<exclusive-end id="5450" timestamp="2019-08-08T09:23:29.223" durationms="74.133" />

<exclusive-start id="5451" timestamp="2019-08-08T09:23:30.115" intervalms="966.097">
  <response-info timems="0.120" idlems="0.063" threads="1" lastid="0000000000DE7F00" lastname="Thread-48" />
</exclusive-start>
<af-start id="5452" threadId="0000000000E11B88" totalBytesRequested="48" timestamp="2019-08-08T09:23:30.116" intervalms="966.264" type="nursery" />
<cycle-start id="5453" type="scavenge" contextid="0" timestamp="2019-08-08T09:23:30.116" intervalms="966.314" />
<gc-start id="5454" type="scavenge" contextid="5453" timestamp="2019-08-08T09:23:30.116">
  <mem-info id="5455" free="2854048" total="580059136" percent="0">
    <mem type="nursery" free="0" total="553779200" percent="0">
      <mem type="allocate" free="0" total="498401280" percent="0" />
      <mem type="survivor" free="0" total="55377920" percent="0" />
    </mem>
    <mem type="tenure" free="2854048" total="26279936" percent="10">
      <mem type="soa" free="2591904" total="26017792" percent="9" />
      <mem type="loa" free="262144" total="262144" percent="100" />
    </mem>
    <remembered-set count="983" />
  </mem-info>
</gc-start>
<allocation-stats totalBytes="494118936" >
  <allocated-bytes non-tlh="16" tlh="494118920" />
  <largest-consumer threadName="Thread-50" threadId="0000000000E23D00" bytes="41839328" />
</allocation-stats>
<gc-op id="5456" type="scavenge" timems="35.501" contextid="5453" timestamp="2019-08-08T09:23:30.152">
  <scavenger-info tenureage="14" tenuremask="4000" tiltratio="90" />
  <memory-copied type="nursery" objects="10575" bytes="4074520" bytesdiscarded="427432" />
  <references type="phantom" candidates="4" cleared="0" enqueued="0" />
</gc-op>
<gc-end id="5457" type="scavenge" contextid="5453" durationms="36.501" usertimems="8.034" systemtimems="11.307" timestamp="2019-08-08T09:23:30.152" activeThreads="16">
  <mem-info id="5458" free="496753112" total="580059136" percent="85">
    <mem type="nursery" free="493899064" total="553779200" percent="89">
      <mem type="allocate" free="493899064" total="498401280" percent="99" />
      <mem type="survivor" free="0" total="55377920" percent="0" />
    </mem>
    <mem type="tenure" free="2854048" total="26279936" percent="10" macro-fragmented="2160235">
      <mem type="soa" free="2591904" total="26017792" percent="9" />
      <mem type="loa" free="262144" total="262144" percent="100" />
    </mem>
    <remembered-set count="389" />
  </mem-info>
</gc-end>
<cycle-end id="5459" type="scavenge" contextid="5453" timestamp="2019-08-08T09:23:30.153" />
  <attribute name="elasticGC enabled" value="1" />
  <attribute name= "numThreadsSpecified" value="16" />
  <attribute name="heapSize specified" value="503644160" />
  <attribute name="Current GC Util" value="9" />
  <attribute name= "Current Time Running" value="201270" />
  <attribute name ="GC Interval" value="2281" />
  <attribute name="Target GC Util Change" value ="80.000000" />
  <attribute name="Current GC Util Change" value="9.000000"/>
  <attribute name="Current Error" value="150.000000" />
  <attribute name="Output H" value="580134992"/>
  <attribute name="Output I" value="2280"/>
  <attribute name="Output T" value="16"/>
  <attribute name= "Current Time Running" value="201270" />
  <attribute name="GC Util currently" value="9" />
  <attribute name="CPU Util currently" value="1192676338" />
<allocation-satisfied id="5460" threadId="0000000000E11200" bytesRequested="48" />
<af-end id="5461" timestamp="2019-08-08T09:23:30.153" threadId="0000000000E11B88" success="true" from="nursery"/>
<exclusive-end id="5462" timestamp="2019-08-08T09:23:30.153" durationms="38.076" />

<exclusive-start id="5463" timestamp="2019-08-08T09:23:31.083" intervalms="967.702">
  <response-info timems="7.222" idlems="7.222" threads="0" lastid="0000000000DF3200" lastname="Thread-38" />
</exclusive-start>
<af-start id="5464" threadId="0000000000DF3B88" totalBytesRequested="32776" timestamp="2019-08-08T09:23:31.083" intervalms="967.552" type="nursery" />
<cycle-start id="5465" type="scavenge" contextid="0" timestamp="2019-08-08T09:23:31.083" intervalms="967.498" />
<gc-start id="5466" type="scavenge" contextid="5465" timestamp="2019-08-08T09:23:31.083">
  <mem-info id="5467" free="2854048" total="580059136" percent="0">
    <mem type="nursery" free="0" total="553779200" percent="0">
      <mem type="allocate" free="0" total="498401280" percent="0" />
      <mem type="survivor" free="0" total="55377920" percent="0" />
    </mem>
    <mem type="tenure" free="2854048" total="26279936" percent="10">
      <mem type="soa" free="2591904" total="26017792" percent="9" />
      <mem type="loa" free="262144" total="262144" percent="100" />
    </mem>
    <remembered-set count="979" />
  </mem-info>
</gc-start>
<allocation-stats totalBytes="493475224" >
  <allocated-bytes non-tlh="48" tlh="493475176" />
  <largest-consumer threadName="Thread-41" threadId="0000000000DEBB00" bytes="47663648" />
</allocation-stats>
<gc-op id="5468" type="scavenge" timems="75.280" contextid="5465" timestamp="2019-08-08T09:23:31.159">
  <scavenger-info tenureage="14" tenuremask="4000" tiltratio="90" />
  <memory-copied type="nursery" objects="8412" bytes="3469344" bytesdiscarded="196360" />
  <memory-copied type="tenure" objects="64" bytes="3928" bytesdiscarded="0" />
  <references type="phantom" candidates="9" cleared="0" enqueued="0" />
</gc-op>
<heap-resize id="5469" type="expand" space="nursery" amount="25559040" count="1" timems="0.026" reason="excessive time being spent scavenging" timestamp="2019-08-08T09:23:31.159" />
<gc-end id="5470" type="scavenge" contextid="5465" durationms="75.980" usertimems="18.809" systemtimems="22.545" timestamp="2019-08-08T09:23:31.159" activeThreads="16">
  <mem-info id="5471" free="520576296" total="605618176" percent="85">
    <mem type="nursery" free="517738376" total="579338240" percent="89">
      <mem type="allocate" free="517738376" total="521404416" percent="99" />
      <mem type="survivor" free="0" total="57933824" percent="0" />
    </mem>
    <mem type="tenure" free="2837920" total="26279936" percent="10" macro-fragmented="602881">
      <mem type="soa" free="2575776" total="26017792" percent="9" />
      <mem type="loa" free="262144" total="262144" percent="100" />
    </mem>
    <remembered-set count="369" />
  </mem-info>
</gc-end>
<cycle-end id="5472" type="scavenge" contextid="5465" timestamp="2019-08-08T09:23:31.159" />
  <attribute name="elasticGC enabled" value="1" />
  <attribute name= "numThreadsSpecified" value="16" />
  <attribute name="heapSize specified" value="503644160" />
  <attribute name="Current GC Util" value="2" />
  <attribute name= "Current Time Running" value="202237" />
  <attribute name ="GC Interval" value="2417" />
  <attribute name="Target GC Util Change" value ="80.000000" />
  <attribute name="Current GC Util Change" value="2.000000"/>
  <attribute name="Current Error" value="228.000000" />
  <attribute name="Output H" value="580135080"/>
  <attribute name="Output I" value="2416"/>
  <attribute name="Output T" value="16"/>
  <attribute name= "Current Time Running" value="202237" />
  <attribute name="GC Util currently" value="2" />
  <attribute name="CPU Util currently" value="1192097320" />
<allocation-satisfied id="5473" threadId="0000000000DF3200" bytesRequested="32776" />
<af-end id="5474" timestamp="2019-08-08T09:23:31.159" threadId="0000000000DF3B88" success="true" from="nursery"/>
<exclusive-end id="5475" timestamp="2019-08-08T09:23:31.159" durationms="76.499" />

<exclusive-start id="5476" timestamp="2019-08-08T09:23:32.048" intervalms="965.317">
  <response-info timems="3.901" idlems="3.159" threads="2" lastid="0000000000E2F100" lastname="Thread-43" />
</exclusive-start>
<af-start id="5477" threadId="0000000000E19288" totalBytesRequested="8200" timestamp="2019-08-08T09:23:32.048" intervalms="965.306" type="nursery" />
<cycle-start id="5478" type="scavenge" contextid="0" timestamp="2019-08-08T09:23:32.048" intervalms="965.317" />
<gc-start id="5479" type="scavenge" contextid="5478" timestamp="2019-08-08T09:23:32.049">
  <mem-info id="5480" free="2837920" total="605618176" percent="0">
    <mem type="nursery" free="0" total="579338240" percent="0">
      <mem type="allocate" free="0" total="521404416" percent="0" />
      <mem type="survivor" free="0" total="57933824" percent="0" />
    </mem>
    <mem type="tenure" free="2837920" total="26279936" percent="10">
      <mem type="soa" free="2575776" total="26017792" percent="9" />
      <mem type="loa" free="262144" total="262144" percent="100" />
    </mem>
    <remembered-set count="997" />
  </mem-info>
</gc-start>
<allocation-stats totalBytes="517421832" >
  <allocated-bytes non-tlh="32776" tlh="517389056" />
  <largest-consumer threadName="Thread-38" threadId="0000000000DF3200" bytes="58941072" />
</allocation-stats>
<gc-op id="5481" type="scavenge" timems="24.613" contextid="5478" timestamp="2019-08-08T09:23:32.073">
  <scavenger-info tenureage="14" tenuremask="4000" tiltratio="90" />
  <memory-copied type="nursery" objects="8914" bytes="3658328" bytesdiscarded="390952" />
  <memory-copied type="tenure" objects="5" bytes="528" bytesdiscarded="0" />
  <references type="weak" candidates="2" cleared="0" enqueued="0" />
  <references type="phantom" candidates="2" cleared="0" enqueued="0" />
</gc-op>
<gc-end id="5482" type="scavenge" contextid="5478" durationms="29.121" usertimems="9.403" systemtimems="14.772" timestamp="2019-08-08T09:23:32.078" activeThreads="16">
  <mem-info id="5483" free="520176680" total="605618176" percent="85">
    <mem type="nursery" free="517354888" total="579338240" percent="89">
      <mem type="allocate" free="517354888" total="521404416" percent="99" />
      <mem type="survivor" free="0" total="57933824" percent="0" />
    </mem>
    <mem type="tenure" free="2821792" total="26279936" percent="10" macro-fragmented="0">
      <mem type="soa" free="2559648" total="26017792" percent="9" />
      <mem type="loa" free="262144" total="262144" percent="100" />
    </mem>
    <remembered-set count="341" />
  </mem-info>
</gc-end>
<cycle-end id="5484" type="scavenge" contextid="5478" timestamp="2019-08-08T09:23:32.080" />
  <attribute name="elasticGC enabled" value="1" />
  <attribute name= "numThreadsSpecified" value="16" />
  <attribute name="heapSize specified" value="503644160" />
  <attribute name="Current GC Util" value="4" />
  <attribute name= "Current Time Running" value="203202" />
  <attribute name ="GC Interval" value="2553" />
  <attribute name="Target GC Util Change" value ="80.000000" />
  <attribute name="Current GC Util Change" value="4.000000"/>
  <attribute name="Current Error" value="304.000000" />
  <attribute name="Output H" value="605694208"/>
  <attribute name="Output I" value="2552"/>
  <attribute name="Output T" value="16"/>
  <attribute name= "Current Time Running" value="203202" />
  <attribute name="GC Util currently" value="4" />
  <attribute name="CPU Util currently" value="1194328695" />
<allocation-satisfied id="5485" threadId="0000000000E18900" bytesRequested="8200" />
<af-end id="5486" timestamp="2019-08-08T09:23:32.080" threadId="0000000000E19288" success="true" from="nursery"/>
<exclusive-end id="5487" timestamp="2019-08-08T09:23:32.080" durationms="32.044" />

<exclusive-start id="5488" timestamp="2019-08-08T09:23:33.155" intervalms="1107.082">
  <response-info timems="0.217" idlems="0.217" threads="0" lastid="0000000000E1C500" lastname="Thread-39" />
</exclusive-start>
<af-start id="5489" threadId="0000000000E1CE88" totalBytesRequested="32776" timestamp="2019-08-08T09:23:33.155" intervalms="1107.050" type="nursery" />
<cycle-start id="5490" type="scavenge" contextid="0" timestamp="2019-08-08T09:23:33.155" intervalms="1107.025" />
<gc-start id="5491" type="scavenge" contextid="5490" timestamp="2019-08-08T09:23:33.156">
  <mem-info id="5492" free="2821792" total="605618176" percent="0">
    <mem type="nursery" free="0" total="579338240" percent="0">
      <mem type="allocate" free="0" total="521404416" percent="0" />
      <mem type="survivor" free="0" total="57933824" percent="0" />
    </mem>
    <mem type="tenure" free="2821792" total="26279936" percent="10">
      <mem type="soa" free="2559648" total="26017792" percent="9" />
      <mem type="loa" free="262144" total="262144" percent="100" />
    </mem>
    <remembered-set count="973" />
  </mem-info>
</gc-start>
<allocation-stats totalBytes="516978352" >
  <allocated-bytes non-tlh="8200" tlh="516970152" />
  <largest-consumer threadName="Thread-49" threadId="0000000000E02200" bytes="40025440" />
</allocation-stats>
<gc-op id="5493" type="scavenge" timems="3.532" contextid="5490" timestamp="2019-08-08T09:23:33.159">
  <scavenger-info tenureage="3" tenuremask="4008" tiltratio="90" />
  <memory-copied type="nursery" objects="10195" bytes="4029536" bytesdiscarded="299920" />
  <memory-copied type="tenure" objects="12" bytes="1264" bytesdiscarded="0" />
  <references type="phantom" candidates="3" cleared="0" enqueued="0" />
</gc-op>
<gc-end id="5494" type="scavenge" contextid="5490" durationms="3.947" usertimems="7.798" systemtimems="1.820" timestamp="2019-08-08T09:23:33.160" activeThreads="16">
  <mem-info id="5495" free="519880336" total="605618176" percent="85">
    <mem type="nursery" free="517074672" total="579338240" percent="89">
      <mem type="allocate" free="517074672" total="521404416" percent="99" />
      <mem type="survivor" free="0" total="57933824" percent="0" />
    </mem>
    <mem type="tenure" free="2805664" total="26279936" percent="10" macro-fragmented="1250136">
      <mem type="soa" free="2543520" total="26017792" percent="9" />
      <mem type="loa" free="262144" total="262144" percent="100" />
    </mem>
    <remembered-set count="368" />
  </mem-info>
</gc-end>
<cycle-end id="5496" type="scavenge" contextid="5490" timestamp="2019-08-08T09:23:33.160" />
  <attribute name="elasticGC enabled" value="1" />
  <attribute name= "numThreadsSpecified" value="16" />
  <attribute name="heapSize specified" value="503644160" />
  <attribute name="Current GC Util" value="2" />
  <attribute name= "Current Time Running" value="204309" />
  <attribute name ="GC Interval" value="2697" />
  <attribute name="Target GC Util Change" value ="80.000000" />
  <attribute name="Current GC Util Change" value="2.000000"/>
  <attribute name="Current Error" value="382.000000" />
  <attribute name="Output H" value="605694304"/>
  <attribute name="Output I" value="2696"/>
  <attribute name="Output T" value="16"/>
  <attribute name= "Current Time Running" value="204309" />
  <attribute name="GC Util currently" value="2" />
  <attribute name="CPU Util currently" value="1041502536" />
<allocation-satisfied id="5497" threadId="0000000000E1C500" bytesRequested="32776" />
<af-end id="5498" timestamp="2019-08-08T09:23:33.160" threadId="0000000000E1CE88" success="true" from="nursery"/>
<exclusive-end id="5499" timestamp="2019-08-08T09:23:33.160" durationms="4.237" />

<exclusive-start id="5500" timestamp="2019-08-08T09:23:33.988" intervalms="832.593">
  <response-info timems="1.218" idlems="1.218" threads="0" lastid="0000000000DD1700" lastname="Thread-47" />
</exclusive-start>
<af-start id="5501" threadId="0000000000DD2088" totalBytesRequested="16392" timestamp="2019-08-08T09:23:33.988" intervalms="832.596" type="nursery" />
<cycle-start id="5502" type="scavenge" contextid="0" timestamp="2019-08-08T09:23:33.988" intervalms="832.598" />
<gc-start id="5503" type="scavenge" contextid="5502" timestamp="2019-08-08T09:23:33.988">
  <mem-info id="5504" free="2805664" total="605618176" percent="0">
    <mem type="nursery" free="0" total="579338240" percent="0">
      <mem type="allocate" free="0" total="521404416" percent="0" />
      <mem type="survivor" free="0" total="57933824" percent="0" />
    </mem>
    <mem type="tenure" free="2805664" total="26279936" percent="10">
      <mem type="soa" free="2543520" total="26017792" percent="9" />
      <mem type="loa" free="262144" total="262144" percent="100" />
    </mem>
    <remembered-set count="991" />
  </mem-info>
</gc-start>
<allocation-stats totalBytes="516645472" >
  <allocated-bytes non-tlh="32776" tlh="516612696" />
  <largest-consumer threadName="Thread-44" threadId="0000000000E11200" bytes="64182728" />
</allocation-stats>
<gc-op id="5505" type="scavenge" timems="45.180" contextid="5502" timestamp="2019-08-08T09:23:34.033">
  <scavenger-info tenureage="3" tenuremask="4008" tiltratio="90" />
  <memory-copied type="nursery" objects="9067" bytes="3484376" bytesdiscarded="525712" />
  <memory-copied type="tenure" objects="31" bytes="14400" bytesdiscarded="0" />
  <references type="phantom" candidates="2" cleared="0" enqueued="0" />
</gc-op>
<gc-end id="5506" type="scavenge" contextid="5502" durationms="45.805" usertimems="12.490" systemtimems="17.199" timestamp="2019-08-08T09:23:34.034" activeThreads="16">
  <mem-info id="5507" free="520183600" total="605618176" percent="85">
    <mem type="nursery" free="517394064" total="579338240" percent="89">
      <mem type="allocate" free="517394064" total="521404416" percent="99" />
      <mem type="survivor" free="0" total="57933824" percent="0" />
    </mem>
    <mem type="tenure" free="2789536" total="26279936" percent="10" macro-fragmented="1500163">
      <mem type="soa" free="2527392" total="26017792" percent="9" />
      <mem type="loa" free="262144" total="262144" percent="100" />
    </mem>
    <remembered-set count="358" />
  </mem-info>
</gc-end>
<cycle-end id="5508" type="scavenge" contextid="5502" timestamp="2019-08-08T09:23:34.034" />
  <attribute name="elasticGC enabled" value="1" />
  <attribute name= "numThreadsSpecified" value="16" />
  <attribute name="heapSize specified" value="503644160" />
  <attribute name="Current GC Util" value="0" />
  <attribute name= "Current Time Running" value="205142" />
  <attribute name ="GC Interval" value="2841" />
  <attribute name="Target GC Util Change" value ="80.000000" />
  <attribute name="Current GC Util Change" value="0.000000"/>
  <attribute name="Current Error" value="462.000000" />
  <attribute name="Output H" value="605694392"/>
  <attribute name="Output I" value="2840"/>
  <attribute name="Output T" value="16"/>
  <attribute name= "Current Time Running" value="205142" />
  <attribute name="GC Util currently" value="0" />
  <attribute name="CPU Util currently" value="1384705539" />
<allocation-satisfied id="5509" threadId="0000000000DD1700" bytesRequested="16392" />
<af-end id="5510" timestamp="2019-08-08T09:23:34.034" threadId="0000000000DD2088" success="true" from="nursery"/>
<exclusive-end id="5511" timestamp="2019-08-08T09:23:34.034" durationms="46.192" />

===== DaCapo 9.12-MR1 xalan PASSED in 28571 msec =====
</verbosegc>

