<?xml version="1.0" ?>

<verbosegc xmlns="http://www.ibm.com/j9/verbosegc" version="08cc62e_CMPRSS">

<initialized id="1" timestamp="2019-08-07T01:45:09.985">
  <attribute name="gcPolicy" value="-Xgcpolicy:gencon" />
  <attribute name="Current GC Util" value="0" />
  <attribute name= "Current Time Running" value="0" />
  <attribute name="maxHeapSize" value="0x7cba0000" />
  <attribute name="initialHeapSize" value="0x800000" />
  <attribute name="compressedRefs" value="true" />
  <attribute name="compressedRefsDisplacement" value="0x0" />
  <attribute name="compressedRefsShift" value="0x0" />
  <attribute name="pageSize" value="0x1000" />
  <attribute name="pageType" value="not used" />
  <attribute name="requestedPageSize" value="0x1000" />
  <attribute name="requestedPageType" value="not used" />
  <attribute name="gcthreads" value="8" />
  <attribute name="gcthreads Concurrent Mark" value="1" />
  <attribute name="packetListSplit" value="8" />
  <attribute name="cacheListSplit" value="8" />
  <attribute name="splitFreeListSplitAmount" value="1" />
  <attribute name="numaNodes" value="0" />
  <system>
    <attribute name="physicalMemory" value="8370401280" />
    <attribute name="numCPUs" value="8" />
    <attribute name="architecture" value="amd64" />
    <attribute name="os" value="Linux" />
    <attribute name="osVersion" value="4.4.0-154-generic" />
  </system>
  <vmargs>
    <vmarg name="-Xoptionsfile=/vagrant/jdk/lib/options.default" />
    <vmarg name="-Xlockword:mode=default,noLockword=java/lang/String,noLockword=java/util/MapEntry,noLockword=java/util/HashMap$Entry,noLockword..." />
    <vmarg name="-Xjcl:jclse29" />
    <vmarg name="-Dcom.ibm.oti.vm.bootstrap.library.path=/vagrant/jdk/lib/compressedrefs:/vagrant/jdk/lib" />
    <vmarg name="-Dsun.boot.library.path=/vagrant/jdk/lib/compressedrefs:/vagrant/jdk/lib" />
    <vmarg name="-Djava.library.path=/vagrant/jdk/lib/compressedrefs:/vagrant/jdk/lib:/usr/lib64:/usr/lib" />
    <vmarg name="-Djava.home=/vagrant/jdk" />
    <vmarg name="-Duser.dir=/vagrant" />
    <vmarg name="-verbose:gc" />
    <vmarg name="-Xloggc:jdkE-small-GEN-8core-verbose6avrora.txt" />
    <vmarg name="-Djava.class.path=dacapo-9.12-MR1-bach.jar" />
    <vmarg name="-Dsun.java.command=dacapo-9.12-MR1-bach.jar avrora --size=small" />
    <vmarg name="-Dsun.java.launcher=SUN_STANDARD" />
    <vmarg name="-Dsun.java.launcher.pid=3632" />
  </vmargs>
</initialized>

<exclusive-start id="2" timestamp="2019-08-07T01:45:10.173" intervalms="188.039">
  <response-info timems="0.022" idlems="0.022" threads="0" lastid="00000000023E1A00" lastname="main" />
</exclusive-start>
<af-start id="3" threadId="00000000023E2388" totalBytesRequested="88" timestamp="2019-08-07T01:45:10.173" intervalms="188.273" type="nursery" />
<cycle-start id="4" type="scavenge" contextid="0" timestamp="2019-08-07T01:45:10.173" intervalms="188.535" />
<gc-start id="5" type="scavenge" contextid="4" timestamp="2019-08-07T01:45:10.174">
  <mem-info id="6" free="6063912" total="8388608" percent="72">
    <mem type="nursery" free="0" total="2097152" percent="0">
      <mem type="allocate" free="0" total="1048576" percent="0" />
      <mem type="survivor" free="0" total="1048576" percent="0" />
    </mem>
    <mem type="tenure" free="6063912" total="6291456" percent="96">
      <mem type="soa" free="5749544" total="5977088" percent="96" />
      <mem type="loa" free="314368" total="314368" percent="100" />
    </mem>
    <remembered-set count="3139" />
  </mem-info>
</gc-start>
<allocation-stats totalBytes="1274960" >
  <allocated-bytes non-tlh="343496" tlh="931464" />
  <largest-consumer threadName="main" threadId="00000000023E1A00" bytes="1237440" />
</allocation-stats>
<gc-op id="7" type="scavenge" timems="1.938" contextid="4" timestamp="2019-08-07T01:45:10.176">
  <scavenger-info tenureage="2" tenuremask="fffc" tiltratio="50" />
  <memory-copied type="nursery" objects="10557" bytes="468632" bytesdiscarded="64080" />
  <finalization candidates="11" enqueued="0" />
  <references type="soft" candidates="62" cleared="0" enqueued="0" dynamicThreshold="32" maxThreshold="32" />
  <references type="weak" candidates="314" cleared="184" enqueued="148" />
  <references type="phantom" candidates="23" cleared="5" enqueued="5" />
</gc-op>
<gc-end id="8" type="scavenge" contextid="4" durationms="2.266" usertimems="4.000" systemtimems="0.000" timestamp="2019-08-07T01:45:10.176" activeThreads="4">
  <mem-info id="9" free="6577680" total="8388608" percent="78">
    <mem type="nursery" free="513768" total="2097152" percent="24">
      <mem type="allocate" free="513768" total="1048576" percent="48" />
      <mem type="survivor" free="0" total="1048576" percent="0" />
    </mem>
    <mem type="tenure" free="6063912" total="6291456" percent="96">
      <mem type="soa" free="5749544" total="5977088" percent="96" />
      <mem type="loa" free="314368" total="314368" percent="100" />
    </mem>
    <pending-finalizers system="0" default="0" reference="153" classloader="0" />
    <remembered-set count="3139" />
  </mem-info>
</gc-end>
<cycle-end id="10" type="scavenge" contextid="4" timestamp="2019-08-07T01:45:10.176" />
  <attribute name="Current GC Util" value="0" />
  <attribute name= "Current Time Running" value="66" />
<allocation-satisfied id="11" threadId="00000000023E1A00" bytesRequested="88" />
<af-end id="12" timestamp="2019-08-07T01:45:10.176" threadId="00000000023E2388" success="true" from="nursery"/>
<exclusive-end id="13" timestamp="2019-08-07T01:45:10.176" durationms="3.345" />

<exclusive-start id="14" timestamp="2019-08-07T01:45:10.524" intervalms="350.791">
  <response-info timems="0.094" idlems="0.094" threads="0" lastid="00000000023E1A00" lastname="main" />
</exclusive-start>
<af-start id="15" threadId="00000000023E2388" totalBytesRequested="48" timestamp="2019-08-07T01:45:10.524" intervalms="350.970" type="nursery" />
<cycle-start id="16" type="scavenge" contextid="0" timestamp="2019-08-07T01:45:10.524" intervalms="351.011" />
<gc-start id="17" type="scavenge" contextid="16" timestamp="2019-08-07T01:45:10.525">
  <mem-info id="18" free="6056680" total="8388608" percent="72">
    <mem type="nursery" free="0" total="2097152" percent="0">
      <mem type="allocate" free="0" total="1048576" percent="0" />
      <mem type="survivor" free="0" total="1048576" percent="0" />
    </mem>
    <mem type="tenure" free="6056680" total="6291456" percent="96">
      <mem type="soa" free="5742312" total="5977088" percent="96" />
      <mem type="loa" free="314368" total="314368" percent="100" />
    </mem>
    <remembered-set count="3234" />
  </mem-info>
</gc-start>
<allocation-stats totalBytes="519864" >
  <allocated-bytes non-tlh="7320" tlh="512544" />
  <largest-consumer threadName="main" threadId="00000000023E1A00" bytes="507888" />
</allocation-stats>
<gc-op id="19" type="scavenge" timems="4.572" contextid="16" timestamp="2019-08-07T01:45:10.530">
  <scavenger-info tenureage="5" tenuremask="7fe0" tiltratio="50" />
  <memory-copied type="nursery" objects="11481" bytes="500440" bytesdiscarded="117488" />
  <finalization candidates="11" enqueued="0" />
  <references type="soft" candidates="62" cleared="0" enqueued="0" dynamicThreshold="32" maxThreshold="32" />
  <references type="weak" candidates="230" cleared="86" enqueued="83" />
  <references type="phantom" candidates="35" cleared="11" enqueued="11" />
</gc-op>
<gc-end id="20" type="scavenge" contextid="16" durationms="5.407" usertimems="4.000" systemtimems="4.000" timestamp="2019-08-07T01:45:10.530" activeThreads="4">
  <mem-info id="21" free="6485856" total="8388608" percent="77">
    <mem type="nursery" free="429176" total="2097152" percent="20">
      <mem type="allocate" free="429176" total="1048576" percent="40" />
      <mem type="survivor" free="0" total="1048576" percent="0" />
    </mem>
    <mem type="tenure" free="6056680" total="6291456" percent="96">
      <mem type="soa" free="5742312" total="5977088" percent="96" />
      <mem type="loa" free="314368" total="314368" percent="100" />
    </mem>
    <pending-finalizers system="0" default="0" reference="94" classloader="0" />
    <remembered-set count="3234" />
  </mem-info>
</gc-end>
<cycle-end id="22" type="scavenge" contextid="16" timestamp="2019-08-07T01:45:10.530" />
  <attribute name="Current GC Util" value="1" />
  <attribute name= "Current Time Running" value="418" />
<allocation-satisfied id="23" threadId="00000000023E1A00" bytesRequested="48" />
<af-end id="24" timestamp="2019-08-07T01:45:10.531" threadId="00000000023E2388" success="true" from="nursery"/>
<exclusive-end id="25" timestamp="2019-08-07T01:45:10.531" durationms="7.607" />

<exclusive-start id="26" timestamp="2019-08-07T01:45:11.146" intervalms="622.112">
  <response-info timems="0.029" idlems="0.029" threads="0" lastid="00000000023E1A00" lastname="main" />
</exclusive-start>
<af-start id="27" threadId="00000000023E2388" totalBytesRequested="144" timestamp="2019-08-07T01:45:11.146" intervalms="621.769" type="nursery" />
<cycle-start id="28" type="scavenge" contextid="0" timestamp="2019-08-07T01:45:11.146" intervalms="621.520" />
<gc-start id="29" type="scavenge" contextid="28" timestamp="2019-08-07T01:45:11.146">
  <mem-info id="30" free="6056680" total="8388608" percent="72">
    <mem type="nursery" free="0" total="2097152" percent="0">
      <mem type="allocate" free="0" total="1048576" percent="0" />
      <mem type="survivor" free="0" total="1048576" percent="0" />
    </mem>
    <mem type="tenure" free="6056680" total="6291456" percent="96">
      <mem type="soa" free="5742312" total="5977088" percent="96" />
      <mem type="loa" free="314368" total="314368" percent="100" />
    </mem>
    <remembered-set count="3234" />
  </mem-info>
</gc-start>
<allocation-stats totalBytes="428832" >
  <allocated-bytes non-tlh="48" tlh="428784" />
  <largest-consumer threadName="main" threadId="00000000023E1A00" bytes="420640" />
</allocation-stats>
<gc-op id="31" type="scavenge" timems="0.855" contextid="28" timestamp="2019-08-07T01:45:11.147">
  <scavenger-info tenureage="4" tenuremask="7ff0" tiltratio="50" />
  <memory-copied type="nursery" objects="10648" bytes="478536" bytesdiscarded="115592" />
  <finalization candidates="11" enqueued="0" />
  <references type="soft" candidates="62" cleared="0" enqueued="0" dynamicThreshold="32" maxThreshold="32" />
  <references type="weak" candidates="144" cleared="0" enqueued="0" />
  <references type="phantom" candidates="24" cleared="0" enqueued="0" />
</gc-op>
<gc-end id="32" type="scavenge" contextid="28" durationms="1.003" usertimems="4.000" systemtimems="0.000" timestamp="2019-08-07T01:45:11.147" activeThreads="4">
  <mem-info id="33" free="6509664" total="8388608" percent="77">
    <mem type="nursery" free="452984" total="2097152" percent="21">
      <mem type="allocate" free="452984" total="1048576" percent="43" />
      <mem type="survivor" free="0" total="1048576" percent="0" />
    </mem>
    <mem type="tenure" free="6056680" total="6291456" percent="96">
      <mem type="soa" free="5742312" total="5977088" percent="96" />
      <mem type="loa" free="314368" total="314368" percent="100" />
    </mem>
    <remembered-set count="977" />
  </mem-info>
</gc-end>
<cycle-end id="34" type="scavenge" contextid="28" timestamp="2019-08-07T01:45:11.147" />
  <attribute name="Current GC Util" value="1" />
  <attribute name= "Current Time Running" value="1039" />
<allocation-satisfied id="35" threadId="00000000023E1A00" bytesRequested="144" />
<af-end id="36" timestamp="2019-08-07T01:45:11.147" threadId="00000000023E2388" success="true" from="nursery"/>
<exclusive-end id="37" timestamp="2019-08-07T01:45:11.147" durationms="1.347" />

<exclusive-start id="38" timestamp="2019-08-07T01:45:11.166" intervalms="20.036">
  <response-info timems="0.058" idlems="0.058" threads="0" lastid="00000000023E1A00" lastname="main" />
</exclusive-start>
<af-start id="39" threadId="00000000023E2388" totalBytesRequested="20232" timestamp="2019-08-07T01:45:11.166" intervalms="20.067" type="nursery" />
<cycle-start id="40" type="scavenge" contextid="0" timestamp="2019-08-07T01:45:11.166" intervalms="20.103" />
<gc-start id="41" type="scavenge" contextid="40" timestamp="2019-08-07T01:45:11.166">
  <mem-info id="42" free="6053992" total="8388608" percent="72">
    <mem type="nursery" free="0" total="2097152" percent="0">
      <mem type="allocate" free="0" total="1048576" percent="0" />
      <mem type="survivor" free="0" total="1048576" percent="0" />
    </mem>
    <mem type="tenure" free="6053992" total="6291456" percent="96">
      <mem type="soa" free="5739624" total="5977088" percent="96" />
      <mem type="loa" free="314368" total="314368" percent="100" />
    </mem>
    <remembered-set count="1010" />
  </mem-info>
</gc-start>
<allocation-stats totalBytes="424840" >
  <allocated-bytes non-tlh="2832" tlh="422008" />
  <largest-consumer threadName="main" threadId="00000000023E1A00" bytes="424840" />
</allocation-stats>
<gc-op id="43" type="scavenge" timems="0.922" contextid="40" timestamp="2019-08-07T01:45:11.167">
  <scavenger-info tenureage="3" tenuremask="fff8" tiltratio="50" />
  <memory-copied type="nursery" objects="634" bytes="79720" bytesdiscarded="39840" />
  <memory-copied type="tenure" objects="10282" bytes="460664" bytesdiscarded="576" />
  <finalization candidates="11" enqueued="0" />
  <references type="weak" candidates="95" cleared="78" enqueued="78" />
  <references type="phantom" candidates="18" cleared="10" enqueued="10" />
</gc-op>
<gc-end id="44" type="scavenge" contextid="40" durationms="1.182" usertimems="0.000" systemtimems="0.000" timestamp="2019-08-07T01:45:11.167" activeThreads="4">
  <mem-info id="45" free="6485968" total="8388608" percent="77">
    <mem type="nursery" free="929000" total="2097152" percent="44">
      <mem type="allocate" free="929000" total="1048576" percent="88" />
      <mem type="survivor" free="0" total="1048576" percent="0" />
    </mem>
    <mem type="tenure" free="5556968" total="6291456" percent="88">
      <mem type="soa" free="5242600" total="5977088" percent="87" />
      <mem type="loa" free="314368" total="314368" percent="100" />
    </mem>
    <pending-finalizers system="0" default="0" reference="88" classloader="0" />
    <remembered-set count="146" />
  </mem-info>
</gc-end>
<cycle-end id="46" type="scavenge" contextid="40" timestamp="2019-08-07T01:45:11.167" />
  <attribute name="Current GC Util" value="7" />
  <attribute name= "Current Time Running" value="1059" />
<allocation-satisfied id="47" threadId="00000000023E1A00" bytesRequested="20232" />
<af-end id="48" timestamp="2019-08-07T01:45:11.167" threadId="00000000023E2388" success="true" from="nursery"/>
<exclusive-end id="49" timestamp="2019-08-07T01:45:11.167" durationms="1.704" />

<exclusive-start id="50" timestamp="2019-08-07T01:45:13.899" intervalms="2733.813">
  <response-info timems="1.159" idlems="1.159" threads="0" lastid="00000000023E1A00" lastname="main" />
</exclusive-start>
<af-start id="51" threadId="00000000023E2388" totalBytesRequested="2056" timestamp="2019-08-07T01:45:13.900" intervalms="2734.246" type="nursery" />
<cycle-start id="52" type="scavenge" contextid="0" timestamp="2019-08-07T01:45:13.900" intervalms="2734.638" />
<gc-start id="53" type="scavenge" contextid="52" timestamp="2019-08-07T01:45:13.901">
  <mem-info id="54" free="5552256" total="8388608" percent="66">
    <mem type="nursery" free="0" total="2097152" percent="0">
      <mem type="allocate" free="0" total="1048576" percent="0" />
      <mem type="survivor" free="0" total="1048576" percent="0" />
    </mem>
    <mem type="tenure" free="5552256" total="6291456" percent="88">
      <mem type="soa" free="5237888" total="5977088" percent="87" />
      <mem type="loa" free="314368" total="314368" percent="100" />
    </mem>
    <remembered-set count="228" />
  </mem-info>
</gc-start>
<allocation-stats totalBytes="929872" >
  <allocated-bytes non-tlh="24944" tlh="904928" />
  <largest-consumer threadName="main" threadId="00000000023E1A00" bytes="929872" />
</allocation-stats>
<gc-op id="55" type="scavenge" timems="3.115" contextid="52" timestamp="2019-08-07T01:45:13.905">
  <scavenger-info tenureage="4" tenuremask="fff0" tiltratio="50" />
  <memory-copied type="nursery" objects="738" bytes="112432" bytesdiscarded="46216" />
  <finalization candidates="3" enqueued="1" />
  <references type="soft" candidates="1" cleared="0" enqueued="0" dynamicThreshold="32" maxThreshold="32" />
  <references type="weak" candidates="64" cleared="48" enqueued="48" />
  <references type="phantom" candidates="21" cleared="10" enqueued="10" />
</gc-op>
<gc-end id="56" type="scavenge" contextid="52" durationms="4.019" usertimems="4.000" systemtimems="0.000" timestamp="2019-08-07T01:45:13.905" activeThreads="4">
  <mem-info id="57" free="6442096" total="8388608" percent="76">
    <mem type="nursery" free="889840" total="2097152" percent="42">
      <mem type="allocate" free="889840" total="1048576" percent="84" />
      <mem type="survivor" free="0" total="1048576" percent="0" />
    </mem>
    <mem type="tenure" free="5552256" total="6291456" percent="88">
      <mem type="soa" free="5237888" total="5977088" percent="87" />
      <mem type="loa" free="314368" total="314368" percent="100" />
    </mem>
    <pending-finalizers system="1" default="0" reference="58" classloader="0" />
    <remembered-set count="227" />
  </mem-info>
</gc-end>
<cycle-end id="58" type="scavenge" contextid="52" timestamp="2019-08-07T01:45:13.905" />
  <attribute name="Current GC Util" value="0" />
  <attribute name= "Current Time Running" value="3794" />
<allocation-satisfied id="59" threadId="00000000023E1A00" bytesRequested="2056" />
<af-end id="60" timestamp="2019-08-07T01:45:13.906" threadId="00000000023E2388" success="true" from="nursery"/>
<exclusive-end id="61" timestamp="2019-08-07T01:45:13.906" durationms="6.365" />

<exclusive-start id="62" timestamp="2019-08-07T01:45:17.303" intervalms="3403.049">
  <response-info timems="0.227" idlems="0.227" threads="0" lastid="00000000023E1A00" lastname="main" />
</exclusive-start>
<af-start id="63" threadId="00000000023E2388" totalBytesRequested="2056" timestamp="2019-08-07T01:45:17.303" intervalms="3403.016" type="nursery" />
<cycle-start id="64" type="scavenge" contextid="0" timestamp="2019-08-07T01:45:17.304" intervalms="3403.097" />
<gc-start id="65" type="scavenge" contextid="64" timestamp="2019-08-07T01:45:17.304">
  <mem-info id="66" free="5552256" total="8388608" percent="66">
    <mem type="nursery" free="0" total="2097152" percent="0">
      <mem type="allocate" free="0" total="1048576" percent="0" />
      <mem type="survivor" free="0" total="1048576" percent="0" />
    </mem>
    <mem type="tenure" free="5552256" total="6291456" percent="88">
      <mem type="soa" free="5237888" total="5977088" percent="87" />
      <mem type="loa" free="314368" total="314368" percent="100" />
    </mem>
    <remembered-set count="227" />
  </mem-info>
</gc-start>
<allocation-stats totalBytes="883224" >
  <allocated-bytes non-tlh="2056" tlh="881168" />
  <largest-consumer threadName="main" threadId="00000000023E1A00" bytes="883224" />
</allocation-stats>
<gc-op id="67" type="scavenge" timems="1.377" contextid="64" timestamp="2019-08-07T01:45:17.306">
  <scavenger-info tenureage="3" tenuremask="fff8" tiltratio="50" />
  <memory-copied type="nursery" objects="299" bytes="79584" bytesdiscarded="8152" />
  <memory-copied type="tenure" objects="299" bytes="15936" bytesdiscarded="0" />
  <finalization candidates="2" enqueued="0" />
  <references type="soft" candidates="1" cleared="0" enqueued="0" dynamicThreshold="32" maxThreshold="32" />
  <references type="weak" candidates="2" cleared="0" enqueued="0" />
  <references type="phantom" candidates="5" cleared="0" enqueued="0" />
</gc-op>
<gc-end id="68" type="scavenge" contextid="64" durationms="2.752" usertimems="0.000" systemtimems="0.000" timestamp="2019-08-07T01:45:17.307" activeThreads="4">
  <mem-info id="69" free="6578552" total="8388608" percent="78">
    <mem type="nursery" free="1026296" total="2097152" percent="48">
      <mem type="allocate" free="1026296" total="1114112" percent="92" />
      <mem type="survivor" free="0" total="983040" percent="0" />
    </mem>
    <mem type="tenure" free="5552256" total="6291456" percent="88">
      <mem type="soa" free="5237888" total="5977088" percent="87" />
      <mem type="loa" free="314368" total="314368" percent="100" />
    </mem>
    <remembered-set count="165" />
  </mem-info>
</gc-end>
<cycle-end id="70" type="scavenge" contextid="64" timestamp="2019-08-07T01:45:17.307" />
  <attribute name="Current GC Util" value="0" />
  <attribute name= "Current Time Running" value="7198" />
<allocation-satisfied id="71" threadId="00000000023E1A00" bytesRequested="2056" />
<af-end id="72" timestamp="2019-08-07T01:45:17.308" threadId="00000000023E2388" success="true" from="nursery"/>
<exclusive-end id="73" timestamp="2019-08-07T01:45:17.309" durationms="5.984" />

<exclusive-start id="74" timestamp="2019-08-07T01:45:21.126" intervalms="3823.750">
  <response-info timems="0.214" idlems="0.214" threads="0" lastid="00000000023E1A00" lastname="main" />
</exclusive-start>
<af-start id="75" threadId="00000000023E2388" totalBytesRequested="2056" timestamp="2019-08-07T01:45:21.127" intervalms="3823.829" type="nursery" />
<cycle-start id="76" type="scavenge" contextid="0" timestamp="2019-08-07T01:45:21.127" intervalms="3823.855" />
<gc-start id="77" type="scavenge" contextid="76" timestamp="2019-08-07T01:45:21.128">
  <mem-info id="78" free="5552256" total="8388608" percent="66">
    <mem type="nursery" free="0" total="2097152" percent="0">
      <mem type="allocate" free="0" total="1114112" percent="0" />
      <mem type="survivor" free="0" total="983040" percent="0" />
    </mem>
    <mem type="tenure" free="5552256" total="6291456" percent="88">
      <mem type="soa" free="5237888" total="5977088" percent="87" />
      <mem type="loa" free="314368" total="314368" percent="100" />
    </mem>
    <remembered-set count="165" />
  </mem-info>
</gc-start>
<allocation-stats totalBytes="1016024" >
  <allocated-bytes non-tlh="2056" tlh="1013968" />
  <largest-consumer threadName="main" threadId="00000000023E1A00" bytes="1016024" />
</allocation-stats>
<gc-op id="79" type="scavenge" timems="1.707" contextid="76" timestamp="2019-08-07T01:45:21.131">
  <scavenger-info tenureage="5" tenuremask="ffe0" tiltratio="53" />
  <memory-copied type="nursery" objects="300" bytes="81664" bytesdiscarded="69336" />
  <finalization candidates="2" enqueued="0" />
  <references type="soft" candidates="1" cleared="0" enqueued="0" dynamicThreshold="32" maxThreshold="32" />
  <references type="weak" candidates="2" cleared="0" enqueued="0" />
  <references type="phantom" candidates="5" cleared="0" enqueued="0" />
</gc-op>
<gc-end id="80" type="scavenge" contextid="76" durationms="4.067" usertimems="4.000" systemtimems="0.000" timestamp="2019-08-07T01:45:21.132" activeThreads="4">
  <mem-info id="81" free="6711896" total="8388608" percent="80">
    <mem type="nursery" free="1159640" total="2097152" percent="55">
      <mem type="allocate" free="1159640" total="1310720" percent="88" />
      <mem type="survivor" free="0" total="786432" percent="0" />
    </mem>
    <mem type="tenure" free="5552256" total="6291456" percent="88" macro-fragmented="3732887">
      <mem type="soa" free="5237888" total="5977088" percent="87" />
      <mem type="loa" free="314368" total="314368" percent="100" />
    </mem>
    <remembered-set count="92" />
  </mem-info>
</gc-end>
<cycle-end id="82" type="scavenge" contextid="76" timestamp="2019-08-07T01:45:21.133" />
  <attribute name="Current GC Util" value="0" />
  <attribute name= "Current Time Running" value="11022" />
<allocation-satisfied id="83" threadId="00000000023E1A00" bytesRequested="2056" />
<af-end id="84" timestamp="2019-08-07T01:45:21.133" threadId="00000000023E2388" success="true" from="nursery"/>
<exclusive-end id="85" timestamp="2019-08-07T01:45:21.134" durationms="7.604" />

<exclusive-start id="86" timestamp="2019-08-07T01:45:24.001" intervalms="2874.364">
  <response-info timems="0.071" idlems="0.071" threads="0" lastid="00000000023E1A00" lastname="main" />
</exclusive-start>
<sys-start reason="explicit" id="87" timestamp="2019-08-07T01:45:24.001" intervalms="14016.202" />
<cycle-start id="88" type="global" contextid="0" timestamp="2019-08-07T01:45:24.002" intervalms="14016.914" />
<gc-start id="89" type="global" contextid="88" timestamp="2019-08-07T01:45:24.002">
  <mem-info id="90" free="5545256" total="8388608" percent="66">
    <mem type="nursery" free="0" total="2097152" percent="0">
      <mem type="allocate" free="0" total="1310720" percent="0" />
      <mem type="survivor" free="0" total="786432" percent="0" />
    </mem>
    <mem type="tenure" free="5545256" total="6291456" percent="88">
      <mem type="soa" free="5230888" total="5977088" percent="87" />
      <mem type="loa" free="314368" total="314368" percent="100" />
    </mem>
    <remembered-set count="170" />
  </mem-info>
</gc-start>
<allocation-stats totalBytes="1151016" >
  <allocated-bytes non-tlh="174240" tlh="976776" />
  <largest-consumer threadName="main" threadId="00000000023E1A00" bytes="1151016" />
</allocation-stats>
<gc-op id="91" type="mark" timems="1.977" contextid="88" timestamp="2019-08-07T01:45:24.004">
  <trace-info objectcount="16876" scancount="13908" scanbytes="444844" />
  <finalization candidates="13" enqueued="0" />
  <references type="soft" candidates="66" cleared="0" enqueued="0" dynamicThreshold="32" maxThreshold="32" />
  <references type="weak" candidates="172" cleared="43" enqueued="35" />
  <references type="phantom" candidates="34" cleared="4" enqueued="4" />
  <stringconstants candidates="2441" cleared="0"  />
</gc-op>
<gc-op id="92" type="classunload" timems="0.062" contextid="88" timestamp="2019-08-07T01:45:24.004">
  <classunload-info classloadercandidates="6" classloadersunloaded="0" classesunloaded="0" anonymousclassesunloaded="0" quiescems="0.000" setupms="0.061" scanms="0.001" postms="0.000" />
</gc-op>
<gc-op id="93" type="sweep" timems="0.472" contextid="88" timestamp="2019-08-07T01:45:24.005" />
<gc-end id="94" type="global" contextid="88" durationms="3.260" usertimems="4.000" systemtimems="0.000" timestamp="2019-08-07T01:45:24.005" activeThreads="4">
  <mem-info id="95" free="6599136" total="8388608" percent="78">
    <mem type="nursery" free="1035496" total="2097152" percent="49">
      <mem type="allocate" free="1035496" total="1310720" percent="79" />
      <mem type="survivor" free="0" total="786432" percent="0" />
    </mem>
    <mem type="tenure" free="5563640" total="6291456" percent="88" micro-fragmented="0" macro-fragmented="4479464">
      <mem type="soa" free="5249272" total="5977088" percent="87" />
      <mem type="loa" free="314368" total="314368" percent="100" />
    </mem>
    <pending-finalizers system="0" default="0" reference="39" classloader="0" />
    <remembered-set count="169" />
  </mem-info>
</gc-end>
<cycle-end id="96" type="global" contextid="88" timestamp="2019-08-07T01:45:24.005" />
  <attribute name="Current GC Util" value="64" />
  <attribute name= "Current Time Running" value="13897" />
<sys-end id="97" timestamp="2019-08-07T01:45:24.005" />
<exclusive-end id="98" timestamp="2019-08-07T01:45:24.005" durationms="4.556" />

<exclusive-start id="99" timestamp="2019-08-07T01:45:24.139" intervalms="137.882">
  <response-info timems="0.031" idlems="0.031" threads="0" lastid="00000000023E1A00" lastname="main" />
</exclusive-start>
<af-start id="100" threadId="00000000023E2388" totalBytesRequested="3768" timestamp="2019-08-07T01:45:24.139" intervalms="3011.745" type="nursery" />
<cycle-start id="101" type="scavenge" contextid="0" timestamp="2019-08-07T01:45:24.139" intervalms="3011.221" />
<gc-start id="102" type="scavenge" contextid="101" timestamp="2019-08-07T01:45:24.139">
  <mem-info id="103" free="5508800" total="8388608" percent="65">
    <mem type="nursery" free="8080" total="2097152" percent="0">
      <mem type="allocate" free="8080" total="1310720" percent="0" />
      <mem type="survivor" free="0" total="786432" percent="0" />
    </mem>
    <mem type="tenure" free="5500720" total="6291456" percent="87">
      <mem type="soa" free="5186352" total="5977088" percent="86" />
      <mem type="loa" free="314368" total="314368" percent="100" />
    </mem>
    <remembered-set count="567" />
  </mem-info>
</gc-start>
<allocation-stats totalBytes="1080960" >
  <allocated-bytes non-tlh="64168" tlh="1016792" />
  <largest-consumer threadName="main" threadId="00000000023E1A00" bytes="1076816" />
</allocation-stats>
<gc-op id="104" type="scavenge" timems="0.425" contextid="101" timestamp="2019-08-07T01:45:24.139">
  <scavenger-info tenureage="3" tenuremask="fff8" tiltratio="62" />
  <memory-copied type="nursery" objects="2263" bytes="297152" bytesdiscarded="16944" />
  <memory-copied type="tenure" objects="231" bytes="57800" bytesdiscarded="0" />
  <finalization candidates="2" enqueued="0" />
  <references type="soft" candidates="3" cleared="0" enqueued="0" dynamicThreshold="28" maxThreshold="32" />
  <references type="weak" candidates="33" cleared="31" enqueued="31" />
  <references type="phantom" candidates="7" cleared="0" enqueued="0" />
</gc-op>
<gc-end id="105" type="scavenge" contextid="101" durationms="0.667" usertimems="0.000" systemtimems="0.000" timestamp="2019-08-07T01:45:24.139" activeThreads="4">
  <mem-info id="106" free="6483432" total="8388608" percent="77">
    <mem type="nursery" free="1062080" total="2097152" percent="50">
      <mem type="allocate" free="1062080" total="1376256" percent="77" />
      <mem type="survivor" free="0" total="720896" percent="0" />
    </mem>
    <mem type="tenure" free="5421352" total="6291456" percent="86" macro-fragmented="4479464">
      <mem type="soa" free="5106984" total="5977088" percent="85" />
      <mem type="loa" free="314368" total="314368" percent="100" />
    </mem>
    <pending-finalizers system="0" default="0" reference="31" classloader="0" />
    <remembered-set count="547" />
  </mem-info>
</gc-end>
<cycle-end id="107" type="scavenge" contextid="101" timestamp="2019-08-07T01:45:24.139" />
  <attribute name="Current GC Util" value="1" />
  <attribute name= "Current Time Running" value="14032" />
<allocation-satisfied id="108" threadId="00000000023E1A00" bytesRequested="3768" />
<af-end id="109" timestamp="2019-08-07T01:45:24.140" threadId="00000000023E2388" success="true" from="nursery"/>
<exclusive-end id="110" timestamp="2019-08-07T01:45:24.140" durationms="1.105" />

<exclusive-start id="111" timestamp="2019-08-07T01:45:24.201" intervalms="62.793">
  <response-info timems="0.054" idlems="0.054" threads="0" lastid="00000000023E1A00" lastname="main" />
</exclusive-start>
<af-start id="112" threadId="00000000023E2388" totalBytesRequested="1272" timestamp="2019-08-07T01:45:24.201" intervalms="62.800" type="nursery" />
<cycle-start id="113" type="scavenge" contextid="0" timestamp="2019-08-07T01:45:24.201" intervalms="62.801" />
<gc-start id="114" type="scavenge" contextid="113" timestamp="2019-08-07T01:45:24.202">
  <mem-info id="115" free="5387056" total="8388608" percent="64">
    <mem type="nursery" free="0" total="2097152" percent="0">
      <mem type="allocate" free="0" total="1376256" percent="0" />
      <mem type="survivor" free="0" total="720896" percent="0" />
    </mem>
    <mem type="tenure" free="5387056" total="6291456" percent="85">
      <mem type="soa" free="5072688" total="5977088" percent="84" />
      <mem type="loa" free="314368" total="314368" percent="100" />
    </mem>
    <remembered-set count="963" />
  </mem-info>
</gc-start>
<allocation-stats totalBytes="1094112" >
  <allocated-bytes non-tlh="76136" tlh="1017976" />
  <largest-consumer threadName="main" threadId="00000000023E1A00" bytes="1094112" />
</allocation-stats>
<gc-op id="116" type="scavenge" timems="0.375" contextid="113" timestamp="2019-08-07T01:45:24.202">
  <scavenger-info tenureage="3" tenuremask="ffc8" tiltratio="65" />
  <memory-copied type="nursery" objects="2454" bytes="353408" bytesdiscarded="98936" />
  <references type="soft" candidates="3" cleared="0" enqueued="0" dynamicThreshold="28" maxThreshold="32" />
  <references type="weak" candidates="4" cleared="2" enqueued="2" />
  <references type="phantom" candidates="8" cleared="0" enqueued="0" />
</gc-op>
<gc-end id="117" type="scavenge" contextid="113" durationms="0.631" usertimems="0.000" systemtimems="0.000" timestamp="2019-08-07T01:45:24.202" activeThreads="4">
  <mem-info id="118" free="6310872" total="8388608" percent="75">
    <mem type="nursery" free="923816" total="2097152" percent="44">
      <mem type="allocate" free="923816" total="1376256" percent="67" />
      <mem type="survivor" free="0" total="720896" percent="0" />
    </mem>
    <mem type="tenure" free="5387056" total="6291456" percent="85" macro-fragmented="3732887">
      <mem type="soa" free="5072688" total="5977088" percent="84" />
      <mem type="loa" free="314368" total="314368" percent="100" />
    </mem>
    <pending-finalizers system="0" default="0" reference="2" classloader="0" />
    <remembered-set count="961" />
  </mem-info>
</gc-end>
<cycle-end id="119" type="scavenge" contextid="113" timestamp="2019-08-07T01:45:24.202" />
  <attribute name="Current GC Util" value="1" />
  <attribute name= "Current Time Running" value="14094" />
<allocation-satisfied id="120" threadId="00000000023E1A00" bytesRequested="1272" />
<af-end id="121" timestamp="2019-08-07T01:45:24.202" threadId="00000000023E2388" success="true" from="nursery"/>
<exclusive-end id="122" timestamp="2019-08-07T01:45:24.202" durationms="1.085" />

<exclusive-start id="123" timestamp="2019-08-07T01:45:24.418" intervalms="216.582">
  <response-info timems="0.066" idlems="0.066" threads="0" lastid="00000000023E1A00" lastname="main" />
</exclusive-start>
<af-start id="124" threadId="00000000023E2388" totalBytesRequested="24" timestamp="2019-08-07T01:45:24.418" intervalms="216.593" type="nursery" />
<cycle-start id="125" type="scavenge" contextid="0" timestamp="2019-08-07T01:45:24.418" intervalms="216.594" />
<gc-start id="126" type="scavenge" contextid="125" timestamp="2019-08-07T01:45:24.418">
  <mem-info id="127" free="5370680" total="8388608" percent="64">
    <mem type="nursery" free="0" total="2097152" percent="0">
      <mem type="allocate" free="0" total="1376256" percent="0" />
      <mem type="survivor" free="0" total="720896" percent="0" />
    </mem>
    <mem type="tenure" free="5370680" total="6291456" percent="85">
      <mem type="soa" free="5056312" total="5977088" percent="84" />
      <mem type="loa" free="314368" total="314368" percent="100" />
    </mem>
    <remembered-set count="1191" />
  </mem-info>
</gc-start>
<allocation-stats totalBytes="938576" >
  <allocated-bytes non-tlh="17648" tlh="920928" />
  <largest-consumer threadName="main" threadId="00000000023E1A00" bytes="938576" />
</allocation-stats>
<gc-op id="128" type="scavenge" timems="0.757" contextid="125" timestamp="2019-08-07T01:45:24.419">
  <scavenger-info tenureage="3" tenuremask="fff8" tiltratio="65" />
  <memory-copied type="nursery" objects="12396" bytes="622208" bytesdiscarded="30720" />
  <references type="soft" candidates="3" cleared="0" enqueued="0" dynamicThreshold="28" maxThreshold="32" />
  <references type="weak" candidates="3" cleared="2" enqueued="2" />
  <references type="phantom" candidates="8" cleared="1" enqueued="1" />
</gc-op>
<gc-end id="129" type="scavenge" contextid="125" durationms="0.987" usertimems="0.000" systemtimems="0.000" timestamp="2019-08-07T01:45:24.419" activeThreads="4">
  <mem-info id="130" free="5831808" total="8388608" percent="69">
    <mem type="nursery" free="461128" total="2097152" percent="21">
      <mem type="allocate" free="461128" total="1114112" percent="41" />
      <mem type="survivor" free="0" total="983040" percent="0" />
    </mem>
    <mem type="tenure" free="5370680" total="6291456" percent="85" macro-fragmented="4479464">
      <mem type="soa" free="5056312" total="5977088" percent="84" />
      <mem type="loa" free="314368" total="314368" percent="100" />
    </mem>
    <pending-finalizers system="0" default="0" reference="3" classloader="0" />
    <remembered-set count="846" />
  </mem-info>
</gc-end>
<cycle-end id="131" type="scavenge" contextid="125" timestamp="2019-08-07T01:45:24.419" />
  <attribute name="Current GC Util" value="0" />
  <attribute name= "Current Time Running" value="14311" />
<allocation-satisfied id="132" threadId="00000000023E1A00" bytesRequested="24" />
<af-end id="133" timestamp="2019-08-07T01:45:24.419" threadId="00000000023E2388" success="true" from="nursery"/>
<exclusive-end id="134" timestamp="2019-08-07T01:45:24.419" durationms="1.491" />

<exclusive-start id="135" timestamp="2019-08-07T01:45:24.577" intervalms="159.487">
  <response-info timems="0.053" idlems="0.053" threads="0" lastid="00000000023E1A00" lastname="main" />
</exclusive-start>
<af-start id="136" threadId="00000000023E2388" totalBytesRequested="6784" timestamp="2019-08-07T01:45:24.578" intervalms="159.543" type="nursery" />
<cycle-start id="137" type="scavenge" contextid="0" timestamp="2019-08-07T01:45:24.578" intervalms="159.606" />
<gc-start id="138" type="scavenge" contextid="137" timestamp="2019-08-07T01:45:24.578">
  <mem-info id="139" free="5360080" total="8388608" percent="63">
    <mem type="nursery" free="0" total="2097152" percent="0">
      <mem type="allocate" free="0" total="1114112" percent="0" />
      <mem type="survivor" free="0" total="983040" percent="0" />
    </mem>
    <mem type="tenure" free="5360080" total="6291456" percent="85">
      <mem type="soa" free="5045712" total="5977088" percent="84" />
      <mem type="loa" free="314368" total="314368" percent="100" />
    </mem>
    <remembered-set count="1060" />
  </mem-info>
</gc-start>
<allocation-stats totalBytes="466256" >
  <allocated-bytes non-tlh="10624" tlh="455632" />
  <largest-consumer threadName="main" threadId="00000000023E1A00" bytes="466256" />
</allocation-stats>
<gc-op id="140" type="scavenge" timems="0.882" contextid="137" timestamp="2019-08-07T01:45:24.579">
  <scavenger-info tenureage="3" tenuremask="fff8" tiltratio="53" />
  <memory-copied type="nursery" objects="11712" bytes="376600" bytesdiscarded="29528" />
  <memory-copied type="tenure" objects="2103" bytes="284440" bytesdiscarded="288" />
  <references type="weak" candidates="5" cleared="5" enqueued="5" />
  <references type="phantom" candidates="1" cleared="1" enqueued="1" />
</gc-op>
<gc-end id="141" type="scavenge" contextid="137" durationms="1.399" usertimems="0.000" systemtimems="0.000" timestamp="2019-08-07T01:45:24.579" activeThreads="4">
  <mem-info id="142" free="5856112" total="8388608" percent="69">
    <mem type="nursery" free="773480" total="2097152" percent="36">
      <mem type="allocate" free="773480" total="1179648" percent="65" />
      <mem type="survivor" free="0" total="917504" percent="0" />
    </mem>
    <mem type="tenure" free="5082632" total="6291456" percent="80" macro-fragmented="4479464">
      <mem type="soa" free="4768264" total="5977088" percent="79" />
      <mem type="loa" free="314368" total="314368" percent="100" />
    </mem>
    <pending-finalizers system="0" default="0" reference="6" classloader="0" />
    <remembered-set count="617" />
  </mem-info>
</gc-end>
<cycle-end id="143" type="scavenge" contextid="137" timestamp="2019-08-07T01:45:24.579" />
  <attribute name="Current GC Util" value="0" />
  <attribute name= "Current Time Running" value="14471" />
<allocation-satisfied id="144" threadId="00000000023E1A00" bytesRequested="6784" />
<af-end id="145" timestamp="2019-08-07T01:45:24.580" threadId="00000000023E2388" success="true" from="nursery"/>
<exclusive-end id="146" timestamp="2019-08-07T01:45:24.580" durationms="2.247" />

<exclusive-start id="147" timestamp="2019-08-07T01:45:24.690" intervalms="112.724">
  <response-info timems="0.078" idlems="0.078" threads="0" lastid="00000000023E1A00" lastname="main" />
</exclusive-start>
<af-start id="148" threadId="00000000023E2388" totalBytesRequested="1016" timestamp="2019-08-07T01:45:24.690" intervalms="112.713" type="nursery" />
<cycle-start id="149" type="scavenge" contextid="0" timestamp="2019-08-07T01:45:24.690" intervalms="112.686" />
<gc-start id="150" type="scavenge" contextid="149" timestamp="2019-08-07T01:45:24.690">
  <mem-info id="151" free="5065864" total="8388608" percent="60">
    <mem type="nursery" free="0" total="2097152" percent="0">
      <mem type="allocate" free="0" total="1179648" percent="0" />
      <mem type="survivor" free="0" total="917504" percent="0" />
    </mem>
    <mem type="tenure" free="5065864" total="6291456" percent="80">
      <mem type="soa" free="4751496" total="5977088" percent="79" />
      <mem type="loa" free="314368" total="314368" percent="100" />
    </mem>
    <remembered-set count="882" />
  </mem-info>
</gc-start>
<allocation-stats totalBytes="776248" >
  <allocated-bytes non-tlh="118208" tlh="658040" />
  <largest-consumer threadName="main" threadId="00000000023E1A00" bytes="776248" />
</allocation-stats>
<gc-op id="152" type="scavenge" timems="1.125" contextid="149" timestamp="2019-08-07T01:45:24.692">
  <scavenger-info tenureage="3" tenuremask="fff8" tiltratio="56" />
  <memory-copied type="nursery" objects="12632" bytes="405200" bytesdiscarded="29072" />
  <memory-copied type="tenure" objects="179" bytes="51816" bytesdiscarded="504" />
  <references type="weak" candidates="2" cleared="2" enqueued="2" />
</gc-op>
<gc-end id="153" type="scavenge" contextid="149" durationms="1.501" usertimems="4.000" systemtimems="0.000" timestamp="2019-08-07T01:45:24.692" activeThreads="4">
  <mem-info id="154" free="5785296" total="8388608" percent="68">
    <mem type="nursery" free="810864" total="2097152" percent="38">
      <mem type="allocate" free="810864" total="1245184" percent="65" />
      <mem type="survivor" free="0" total="851968" percent="0" />
    </mem>
    <mem type="tenure" free="4974432" total="6291456" percent="79" macro-fragmented="4388">
      <mem type="soa" free="4660064" total="5977088" percent="77" />
      <mem type="loa" free="314368" total="314368" percent="100" />
    </mem>
    <pending-finalizers system="0" default="0" reference="2" classloader="0" />
    <remembered-set count="662" />
  </mem-info>
</gc-end>
<cycle-end id="155" type="scavenge" contextid="149" timestamp="2019-08-07T01:45:24.692" />
  <attribute name="Current GC Util" value="1" />
  <attribute name= "Current Time Running" value="14583" />
<allocation-satisfied id="156" threadId="00000000023E1A00" bytesRequested="1016" />
<af-end id="157" timestamp="2019-08-07T01:45:24.692" threadId="00000000023E2388" success="true" from="nursery"/>
<exclusive-end id="158" timestamp="2019-08-07T01:45:24.692" durationms="2.129" />

<exclusive-start id="159" timestamp="2019-08-07T01:45:24.724" intervalms="33.930">
  <response-info timems="0.042" idlems="0.042" threads="0" lastid="00000000023E1A00" lastname="main" />
</exclusive-start>
<af-start id="160" threadId="00000000023E2388" totalBytesRequested="1056" timestamp="2019-08-07T01:45:24.724" intervalms="33.879" type="nursery" />
<cycle-start id="161" type="scavenge" contextid="0" timestamp="2019-08-07T01:45:24.724" intervalms="33.869" />
<gc-start id="162" type="scavenge" contextid="161" timestamp="2019-08-07T01:45:24.724">
  <mem-info id="163" free="4956360" total="8388608" percent="59">
    <mem type="nursery" free="0" total="2097152" percent="0">
      <mem type="allocate" free="0" total="1245184" percent="0" />
      <mem type="survivor" free="0" total="851968" percent="0" />
    </mem>
    <mem type="tenure" free="4956360" total="6291456" percent="78">
      <mem type="soa" free="4641992" total="5977088" percent="77" />
      <mem type="loa" free="314368" total="314368" percent="100" />
    </mem>
    <remembered-set count="888" />
  </mem-info>
</gc-start>
<allocation-stats totalBytes="827920" >
  <allocated-bytes non-tlh="19088" tlh="808832" />
  <largest-consumer threadName="main" threadId="00000000023E1A00" bytes="827920" />
</allocation-stats>
<gc-op id="164" type="scavenge" timems="1.460" contextid="161" timestamp="2019-08-07T01:45:24.726">
  <scavenger-info tenureage="3" tenuremask="fff8" tiltratio="59" />
  <memory-copied type="nursery" objects="3870" bytes="172016" bytesdiscarded="113672" />
  <memory-copied type="tenure" objects="10010" bytes="282312" bytesdiscarded="24" />
</gc-op>
<gc-end id="165" type="scavenge" contextid="161" durationms="1.794" usertimems="4.000" systemtimems="0.000" timestamp="2019-08-07T01:45:24.726" activeThreads="4">
  <mem-info id="166" free="5673168" total="8388608" percent="67">
    <mem type="nursery" free="1024984" total="2097152" percent="48">
      <mem type="allocate" free="1024984" total="1310720" percent="78" />
      <mem type="survivor" free="0" total="786432" percent="0" />
    </mem>
    <mem type="tenure" free="4648184" total="6291456" percent="73" macro-fragmented="18870">
      <mem type="soa" free="4333816" total="5977088" percent="72" />
      <mem type="loa" free="314368" total="314368" percent="100" />
    </mem>
    <remembered-set count="581" />
  </mem-info>
</gc-end>
<cycle-end id="167" type="scavenge" contextid="161" timestamp="2019-08-07T01:45:24.726" />
  <attribute name="Current GC Util" value="7" />
  <attribute name= "Current Time Running" value="14617" />
<allocation-satisfied id="168" threadId="00000000023E1A00" bytesRequested="1056" />
<af-end id="169" timestamp="2019-08-07T01:45:24.727" threadId="00000000023E2388" success="true" from="nursery"/>
<exclusive-end id="170" timestamp="2019-08-07T01:45:24.727" durationms="2.688" />

<exclusive-start id="171" timestamp="2019-08-07T01:45:24.874" intervalms="150.406">
  <response-info timems="0.047" idlems="0.047" threads="0" lastid="00000000026A2900" lastname="node-0" />
</exclusive-start>
<af-start id="172" threadId="00000000026A3288" totalBytesRequested="32" timestamp="2019-08-07T01:45:24.875" intervalms="150.453" type="nursery" />
<cycle-start id="173" type="scavenge" contextid="0" timestamp="2019-08-07T01:45:24.875" intervalms="150.455" />
<gc-start id="174" type="scavenge" contextid="173" timestamp="2019-08-07T01:45:24.875">
  <mem-info id="175" free="4633680" total="8388608" percent="55">
    <mem type="nursery" free="0" total="2097152" percent="0">
      <mem type="allocate" free="0" total="1310720" percent="0" />
      <mem type="survivor" free="0" total="786432" percent="0" />
    </mem>
    <mem type="tenure" free="4633680" total="6291456" percent="73">
      <mem type="soa" free="4319312" total="5977088" percent="72" />
      <mem type="loa" free="314368" total="314368" percent="100" />
    </mem>
    <remembered-set count="772" />
  </mem-info>
</gc-start>
<allocation-stats totalBytes="1038264" >
  <allocated-bytes non-tlh="15560" tlh="1022704" />
  <largest-consumer threadName="main" threadId="00000000023E1A00" bytes="947216" />
</allocation-stats>
<gc-op id="176" type="scavenge" timems="0.711" contextid="173" timestamp="2019-08-07T01:45:24.876">
  <scavenger-info tenureage="3" tenuremask="fff8" tiltratio="62" />
  <memory-copied type="nursery" objects="7598" bytes="406392" bytesdiscarded="84960" />
  <memory-copied type="tenure" objects="1469" bytes="40112" bytesdiscarded="8" />
  <references type="weak" candidates="2" cleared="2" enqueued="2" />
</gc-op>
<gc-end id="177" type="scavenge" contextid="173" durationms="1.180" usertimems="0.000" systemtimems="4.000" timestamp="2019-08-07T01:45:24.876" activeThreads="4">
  <mem-info id="178" free="5320120" total="8388608" percent="63">
    <mem type="nursery" free="819304" total="2097152" percent="39">
      <mem type="allocate" free="819304" total="1310720" percent="62" />
      <mem type="survivor" free="0" total="786432" percent="0" />
    </mem>
    <mem type="tenure" free="4500816" total="6291456" percent="71" macro-fragmented="0">
      <mem type="soa" free="4186448" total="5977088" percent="70" />
      <mem type="loa" free="314368" total="314368" percent="100" />
    </mem>
    <pending-finalizers system="0" default="0" reference="2" classloader="0" />
    <remembered-set count="521" />
  </mem-info>
</gc-end>
<cycle-end id="179" type="scavenge" contextid="173" timestamp="2019-08-07T01:45:24.876" />
  <attribute name="Current GC Util" value="2" />
  <attribute name= "Current Time Running" value="14768" />
<allocation-satisfied id="180" threadId="00000000026A2900" bytesRequested="32" />
<af-end id="181" timestamp="2019-08-07T01:45:24.876" threadId="00000000026A3288" success="true" from="nursery"/>
<exclusive-end id="182" timestamp="2019-08-07T01:45:24.876" durationms="1.891" />

<exclusive-start id="183" timestamp="2019-08-07T01:45:25.183" intervalms="309.008">
  <response-info timems="0.071" idlems="0.071" threads="0" lastid="000000000269ED00" lastname="node-1" />
</exclusive-start>
<af-start id="184" threadId="000000000269F688" totalBytesRequested="136" timestamp="2019-08-07T01:45:25.184" intervalms="309.015" type="nursery" />
<cycle-start id="185" type="scavenge" contextid="0" timestamp="2019-08-07T01:45:25.184" intervalms="309.007" />
<gc-start id="186" type="scavenge" contextid="185" timestamp="2019-08-07T01:45:25.184">
  <mem-info id="187" free="4500816" total="8388608" percent="53">
    <mem type="nursery" free="0" total="2097152" percent="0">
      <mem type="allocate" free="0" total="1310720" percent="0" />
      <mem type="survivor" free="0" total="786432" percent="0" />
    </mem>
    <mem type="tenure" free="4500816" total="6291456" percent="71">
      <mem type="soa" free="4186448" total="5977088" percent="70" />
      <mem type="loa" free="314368" total="314368" percent="100" />
    </mem>
    <remembered-set count="521" />
  </mem-info>
</gc-start>
<allocation-stats totalBytes="818584" >
  <allocated-bytes non-tlh="32" tlh="818552" />
  <largest-consumer threadName="node-0" threadId="00000000026A2900" bytes="294480" />
</allocation-stats>
<gc-op id="188" type="scavenge" timems="1.124" contextid="185" timestamp="2019-08-07T01:45:25.185">
  <scavenger-info tenureage="2" tenuremask="fffc" tiltratio="62" />
  <memory-copied type="nursery" objects="13890" bytes="484128" bytesdiscarded="42576" />
  <memory-copied type="tenure" objects="2378" bytes="130240" bytesdiscarded="0" />
</gc-op>
<gc-end id="189" type="scavenge" contextid="185" durationms="1.504" usertimems="0.000" systemtimems="0.000" timestamp="2019-08-07T01:45:25.185" activeThreads="4">
  <mem-info id="190" free="5276032" total="8388608" percent="62">
    <mem type="nursery" free="915048" total="2097152" percent="43">
      <mem type="allocate" free="915048" total="1441792" percent="63" />
      <mem type="survivor" free="0" total="655360" percent="0" />
    </mem>
    <mem type="tenure" free="4360984" total="6291456" percent="69" macro-fragmented="3110739">
      <mem type="soa" free="4046616" total="5977088" percent="67" />
      <mem type="loa" free="314368" total="314368" percent="100" />
    </mem>
    <remembered-set count="280" />
  </mem-info>
</gc-end>
<cycle-end id="191" type="scavenge" contextid="185" timestamp="2019-08-07T01:45:25.185" />
  <attribute name="Current GC Util" value="0" />
  <attribute name= "Current Time Running" value="15077" />
<allocation-satisfied id="192" threadId="000000000269ED00" bytesRequested="136" />
<af-end id="193" timestamp="2019-08-07T01:45:25.186" threadId="000000000269F688" success="true" from="nursery"/>
<exclusive-end id="194" timestamp="2019-08-07T01:45:25.186" durationms="2.199" />

<exclusive-start id="195" timestamp="2019-08-07T01:45:25.507" intervalms="323.722">
  <response-info timems="0.027" idlems="0.027" threads="0" lastid="00000000026A2900" lastname="node-0" />
</exclusive-start>
<af-start id="196" threadId="00000000026A3288" totalBytesRequested="32" timestamp="2019-08-07T01:45:25.507" intervalms="323.665" type="nursery" />
<cycle-start id="197" type="scavenge" contextid="0" timestamp="2019-08-07T01:45:25.507" intervalms="323.643" />
<gc-start id="198" type="scavenge" contextid="197" timestamp="2019-08-07T01:45:25.507">
  <mem-info id="199" free="4360984" total="8388608" percent="51">
    <mem type="nursery" free="0" total="2097152" percent="0">
      <mem type="allocate" free="0" total="1441792" percent="0" />
      <mem type="survivor" free="0" total="655360" percent="0" />
    </mem>
    <mem type="tenure" free="4360984" total="6291456" percent="69">
      <mem type="soa" free="4046616" total="5977088" percent="67" />
      <mem type="loa" free="314368" total="314368" percent="100" />
    </mem>
    <remembered-set count="280" />
  </mem-info>
</gc-start>
<allocation-stats totalBytes="914560" >
  <allocated-bytes non-tlh="136" tlh="914424" />
  <largest-consumer threadName="node-1" threadId="000000000269ED00" bytes="311344" />
</allocation-stats>
<gc-op id="200" type="scavenge" timems="1.606" contextid="197" timestamp="2019-08-07T01:45:25.509">
  <scavenger-info tenureage="1" tenuremask="fffe" tiltratio="68" />
  <memory-copied type="nursery" objects="8952" bytes="214728" bytesdiscarded="47160" />
  <memory-copied type="tenure" objects="13876" bytes="483840" bytesdiscarded="800" />
</gc-op>
<gc-end id="201" type="scavenge" contextid="197" durationms="1.893" usertimems="0.000" systemtimems="4.000" timestamp="2019-08-07T01:45:25.509" activeThreads="4">
  <mem-info id="202" free="5118344" total="8388608" percent="61">
    <mem type="nursery" free="1179904" total="2097152" percent="56">
      <mem type="allocate" free="1179904" total="1441792" percent="81" />
      <mem type="survivor" free="0" total="655360" percent="0" />
    </mem>
    <mem type="tenure" free="3938440" total="6291456" percent="62" macro-fragmented="3110739">
      <mem type="soa" free="3624072" total="5977088" percent="60" />
      <mem type="loa" free="314368" total="314368" percent="100" />
    </mem>
    <remembered-set count="109" />
  </mem-info>
</gc-end>
<cycle-end id="203" type="scavenge" contextid="197" timestamp="2019-08-07T01:45:25.509" />
  <attribute name="Current GC Util" value="0" />
  <attribute name= "Current Time Running" value="15400" />
<allocation-satisfied id="204" threadId="00000000026A2900" bytesRequested="32" />
<af-end id="205" timestamp="2019-08-07T01:45:25.509" threadId="00000000026A3288" success="true" from="nursery"/>
<exclusive-end id="206" timestamp="2019-08-07T01:45:25.510" durationms="2.344" />

<exclusive-start id="207" timestamp="2019-08-07T01:45:25.889" intervalms="381.760">
  <response-info timems="0.061" idlems="0.061" threads="0" lastid="00000000026A2900" lastname="node-0" />
</exclusive-start>
<af-start id="208" threadId="00000000026A3288" totalBytesRequested="32" timestamp="2019-08-07T01:45:25.889" intervalms="381.832" type="nursery" />
<cycle-start id="209" type="scavenge" contextid="0" timestamp="2019-08-07T01:45:25.889" intervalms="381.915" />
<gc-start id="210" type="scavenge" contextid="209" timestamp="2019-08-07T01:45:25.889">
  <mem-info id="211" free="3938440" total="8388608" percent="46">
    <mem type="nursery" free="0" total="2097152" percent="0">
      <mem type="allocate" free="0" total="1441792" percent="0" />
      <mem type="survivor" free="0" total="655360" percent="0" />
    </mem>
    <mem type="tenure" free="3938440" total="6291456" percent="62">
      <mem type="soa" free="3624072" total="5977088" percent="60" />
      <mem type="loa" free="314368" total="314368" percent="100" />
    </mem>
    <remembered-set count="120" />
  </mem-info>
</gc-start>
<allocation-stats totalBytes="1179336" >
  <allocated-bytes non-tlh="32" tlh="1179304" />
  <largest-consumer threadName="node-1" threadId="000000000269ED00" bytes="405056" />
</allocation-stats>
<gc-op id="212" type="scavenge" timems="1.213" contextid="209" timestamp="2019-08-07T01:45:25.891">
  <scavenger-info tenureage="1" tenuremask="7ffe" tiltratio="68" />
  <memory-copied type="nursery" objects="12226" bytes="293304" bytesdiscarded="40008" />
  <memory-copied type="tenure" objects="8937" bytes="214488" bytesdiscarded="8" />
</gc-op>
<gc-end id="213" type="scavenge" contextid="209" durationms="1.486" usertimems="0.000" systemtimems="0.000" timestamp="2019-08-07T01:45:25.891" activeThreads="4">
  <mem-info id="214" free="4898184" total="8388608" percent="58">
    <mem type="nursery" free="1174016" total="2097152" percent="55">
      <mem type="allocate" free="1174016" total="1507328" percent="77" />
      <mem type="survivor" free="0" total="589824" percent="0" />
    </mem>
    <mem type="tenure" free="3724168" total="6291456" percent="59" macro-fragmented="3110739">
      <mem type="soa" free="3409800" total="5977088" percent="57" />
      <mem type="loa" free="314368" total="314368" percent="100" />
    </mem>
    <remembered-set count="113" />
  </mem-info>
</gc-end>
<cycle-end id="215" type="scavenge" contextid="209" timestamp="2019-08-07T01:45:25.891" />
  <attribute name="Current GC Util" value="0" />
  <attribute name= "Current Time Running" value="15782" />
<allocation-satisfied id="216" threadId="00000000026A2900" bytesRequested="32" />
<af-end id="217" timestamp="2019-08-07T01:45:25.891" threadId="00000000026A3288" success="true" from="nursery"/>
<exclusive-end id="218" timestamp="2019-08-07T01:45:25.891" durationms="2.233" />

<exclusive-start id="219" timestamp="2019-08-07T01:45:26.290" intervalms="401.445">
  <response-info timems="0.044" idlems="0.044" threads="0" lastid="000000000269ED00" lastname="node-1" />
</exclusive-start>
<af-start id="220" threadId="000000000269F688" totalBytesRequested="48" timestamp="2019-08-07T01:45:26.290" intervalms="401.375" type="nursery" />
<cycle-start id="221" type="scavenge" contextid="0" timestamp="2019-08-07T01:45:26.291" intervalms="401.298" />
<gc-start id="222" type="scavenge" contextid="221" timestamp="2019-08-07T01:45:26.291">
  <mem-info id="223" free="3724168" total="8388608" percent="44">
    <mem type="nursery" free="0" total="2097152" percent="0">
      <mem type="allocate" free="0" total="1507328" percent="0" />
      <mem type="survivor" free="0" total="589824" percent="0" />
    </mem>
    <mem type="tenure" free="3724168" total="6291456" percent="59">
      <mem type="soa" free="3409800" total="5977088" percent="57" />
      <mem type="loa" free="314368" total="314368" percent="100" />
    </mem>
    <remembered-set count="121" />
  </mem-info>
</gc-start>
<allocation-stats totalBytes="1173232" >
  <allocated-bytes non-tlh="32" tlh="1173200" />
  <largest-consumer threadName="node-2" threadId="000000000269B100" bytes="409528" />
</allocation-stats>
<gc-op id="224" type="scavenge" timems="1.388" contextid="221" timestamp="2019-08-07T01:45:26.292">
  <scavenger-info tenureage="1" tenuremask="7ffe" tiltratio="71" />
  <memory-copied type="nursery" objects="11952" bytes="287224" bytesdiscarded="22280" />
  <memory-copied type="tenure" objects="12211" bytes="293064" bytesdiscarded="8" />
</gc-op>
<gc-end id="225" type="scavenge" contextid="221" durationms="1.630" usertimems="0.000" systemtimems="0.000" timestamp="2019-08-07T01:45:26.292" activeThreads="4">
  <mem-info id="226" free="4612488" total="8388608" percent="54">
    <mem type="nursery" free="1197824" total="2097152" percent="57">
      <mem type="allocate" free="1197824" total="1507328" percent="79" />
      <mem type="survivor" free="0" total="589824" percent="0" />
    </mem>
    <mem type="tenure" free="3414664" total="6291456" percent="54" macro-fragmented="1500163">
      <mem type="soa" free="3100296" total="5977088" percent="51" />
      <mem type="loa" free="314368" total="314368" percent="100" />
    </mem>
    <remembered-set count="111" />
  </mem-info>
</gc-end>
<cycle-end id="227" type="scavenge" contextid="221" timestamp="2019-08-07T01:45:26.292" />
  <attribute name="Current GC Util" value="0" />
  <attribute name= "Current Time Running" value="16183" />
<allocation-satisfied id="228" threadId="000000000269ED00" bytesRequested="48" />
<af-end id="229" timestamp="2019-08-07T01:45:26.292" threadId="000000000269F688" success="true" from="nursery"/>
<exclusive-end id="230" timestamp="2019-08-07T01:45:26.292" durationms="2.079" />

<exclusive-start id="231" timestamp="2019-08-07T01:45:26.697" intervalms="406.774">
  <response-info timems="0.031" idlems="0.031" threads="0" lastid="000000000269ED00" lastname="node-1" />
</exclusive-start>
<af-start id="232" threadId="000000000269F688" totalBytesRequested="32" timestamp="2019-08-07T01:45:26.697" intervalms="406.767" type="nursery" />
<cycle-start id="233" type="scavenge" contextid="0" timestamp="2019-08-07T01:45:26.697" intervalms="406.764" />
<gc-start id="234" type="scavenge" contextid="233" timestamp="2019-08-07T01:45:26.697">
  <mem-info id="235" free="3414664" total="8388608" percent="40">
    <mem type="nursery" free="0" total="2097152" percent="0">
      <mem type="allocate" free="0" total="1507328" percent="0" />
      <mem type="survivor" free="0" total="589824" percent="0" />
    </mem>
    <mem type="tenure" free="3414664" total="6291456" percent="54">
      <mem type="soa" free="3100296" total="5977088" percent="51" />
      <mem type="loa" free="314368" total="314368" percent="100" />
    </mem>
    <remembered-set count="120" />
  </mem-info>
</gc-start>
<allocation-stats totalBytes="1196224" >
  <allocated-bytes non-tlh="48" tlh="1196176" />
  <largest-consumer threadName="node-0" threadId="00000000026A2900" bytes="410496" />
</allocation-stats>
<gc-op id="236" type="scavenge" timems="1.388" contextid="233" timestamp="2019-08-07T01:45:26.699">
  <scavenger-info tenureage="1" tenuremask="7ffe" tiltratio="71" />
  <memory-copied type="nursery" objects="12507" bytes="300896" bytesdiscarded="32416" />
  <memory-copied type="tenure" objects="11930" bytes="286320" bytesdiscarded="0" />
</gc-op>
<gc-end id="237" type="scavenge" contextid="233" durationms="1.805" usertimems="0.000" systemtimems="0.000" timestamp="2019-08-07T01:45:26.699" activeThreads="4">
  <mem-info id="238" free="4368520" total="8388608" percent="52">
    <mem type="nursery" free="1239552" total="2097152" percent="59">
      <mem type="allocate" free="1239552" total="1572864" percent="78" />
      <mem type="survivor" free="0" total="524288" percent="0" />
    </mem>
    <mem type="tenure" free="3128968" total="6291456" percent="49" macro-fragmented="2592282">
      <mem type="soa" free="2814600" total="5977088" percent="47" />
      <mem type="loa" free="314368" total="314368" percent="100" />
    </mem>
    <remembered-set count="108" />
  </mem-info>
</gc-end>
<cycle-end id="239" type="scavenge" contextid="233" timestamp="2019-08-07T01:45:26.699" />
  <attribute name="Current GC Util" value="0" />
  <attribute name= "Current Time Running" value="16590" />
<allocation-satisfied id="240" threadId="000000000269ED00" bytesRequested="32" />
<af-end id="241" timestamp="2019-08-07T01:45:26.699" threadId="000000000269F688" success="true" from="nursery"/>
<exclusive-end id="242" timestamp="2019-08-07T01:45:26.699" durationms="2.292" />

<exclusive-start id="243" timestamp="2019-08-07T01:45:27.147" intervalms="449.999">
  <response-info timems="0.034" idlems="0.034" threads="0" lastid="000000000269B100" lastname="node-2" />
</exclusive-start>
<af-start id="244" threadId="000000000269BA88" totalBytesRequested="32" timestamp="2019-08-07T01:45:27.147" intervalms="450.000" type="nursery" />
<cycle-start id="245" type="scavenge" contextid="0" timestamp="2019-08-07T01:45:27.147" intervalms="449.993" />
<gc-start id="246" type="scavenge" contextid="245" timestamp="2019-08-07T01:45:27.147">
  <mem-info id="247" free="3128968" total="8388608" percent="37">
    <mem type="nursery" free="0" total="2097152" percent="0">
      <mem type="allocate" free="0" total="1572864" percent="0" />
      <mem type="survivor" free="0" total="524288" percent="0" />
    </mem>
    <mem type="tenure" free="3128968" total="6291456" percent="49">
      <mem type="soa" free="2814600" total="5977088" percent="47" />
      <mem type="loa" free="314368" total="314368" percent="100" />
    </mem>
    <remembered-set count="114" />
  </mem-info>
</gc-start>
<allocation-stats totalBytes="1239232" >
  <allocated-bytes non-tlh="32" tlh="1239200" />
  <largest-consumer threadName="node-1" threadId="000000000269ED00" bytes="420224" />
</allocation-stats>
<gc-op id="248" type="scavenge" timems="1.479" contextid="245" timestamp="2019-08-07T01:45:27.149">
  <scavenger-info tenureage="1" tenuremask="7ffe" tiltratio="75" />
  <memory-copied type="nursery" objects="13068" bytes="313512" bytesdiscarded="43608" />
  <memory-copied type="tenure" objects="12482" bytes="299568" bytesdiscarded="0" />
</gc-op>
<gc-end id="249" type="scavenge" contextid="245" durationms="1.719" usertimems="0.000" systemtimems="0.000" timestamp="2019-08-07T01:45:27.149" activeThreads="4">
  <mem-info id="250" free="4035208" total="8388608" percent="48">
    <mem type="nursery" free="1215744" total="2097152" percent="57">
      <mem type="allocate" free="1215744" total="1572864" percent="77" />
      <mem type="survivor" free="0" total="524288" percent="0" />
    </mem>
    <mem type="tenure" free="2819464" total="6291456" percent="44" macro-fragmented="1800196">
      <mem type="soa" free="2505096" total="5977088" percent="41" />
      <mem type="loa" free="314368" total="314368" percent="100" />
    </mem>
    <remembered-set count="99" />
  </mem-info>
</gc-end>
<cycle-end id="251" type="scavenge" contextid="245" timestamp="2019-08-07T01:45:27.149" />
  <attribute name="Current GC Util" value="0" />
  <attribute name= "Current Time Running" value="17040" />
<allocation-satisfied id="252" threadId="000000000269B100" bytesRequested="32" />
<af-end id="253" timestamp="2019-08-07T01:45:27.149" threadId="000000000269BA88" success="true" from="nursery"/>
<exclusive-end id="254" timestamp="2019-08-07T01:45:27.149" durationms="2.185" />

<exclusive-start id="255" timestamp="2019-08-07T01:45:27.529" intervalms="381.437">
  <response-info timems="0.046" idlems="0.046" threads="0" lastid="000000000269ED00" lastname="node-1" />
</exclusive-start>
<af-start id="256" threadId="000000000269F688" totalBytesRequested="32" timestamp="2019-08-07T01:45:27.529" intervalms="381.494" type="nursery" />
<cycle-start id="257" type="scavenge" contextid="0" timestamp="2019-08-07T01:45:27.529" intervalms="381.552" />
<gc-start id="258" type="scavenge" contextid="257" timestamp="2019-08-07T01:45:27.529">
  <mem-info id="259" free="2819464" total="8388608" percent="33">
    <mem type="nursery" free="0" total="2097152" percent="0">
      <mem type="allocate" free="0" total="1572864" percent="0" />
      <mem type="survivor" free="0" total="524288" percent="0" />
    </mem>
    <mem type="tenure" free="2819464" total="6291456" percent="44">
      <mem type="soa" free="2505096" total="5977088" percent="41" />
      <mem type="loa" free="314368" total="314368" percent="100" />
    </mem>
    <remembered-set count="111" />
  </mem-info>
</gc-start>
<allocation-stats totalBytes="1215360" >
  <allocated-bytes non-tlh="32" tlh="1215328" />
  <largest-consumer threadName="node-2" threadId="000000000269B100" bytes="409552" />
</allocation-stats>
<gc-op id="260" type="scavenge" timems="1.446" contextid="257" timestamp="2019-08-07T01:45:27.531">
  <scavenger-info tenureage="1" tenuremask="7ffe" tiltratio="75" />
  <memory-copied type="nursery" objects="12710" bytes="305768" bytesdiscarded="3736" />
  <memory-copied type="tenure" objects="13053" bytes="313272" bytesdiscarded="0" />
</gc-op>
<gc-end id="261" type="scavenge" contextid="257" durationms="1.688" usertimems="0.000" systemtimems="0.000" timestamp="2019-08-07T01:45:27.531" activeThreads="4">
  <mem-info id="262" free="3838856" total="8388608" percent="45">
    <mem type="nursery" free="1328896" total="2097152" percent="63">
      <mem type="allocate" free="1328896" total="1638400" percent="81" />
      <mem type="survivor" free="0" total="458752" percent="0" />
    </mem>
    <mem type="tenure" free="2509960" total="6291456" percent="39" macro-fragmented="2160235">
      <mem type="soa" free="2195592" total="5977088" percent="36" />
      <mem type="loa" free="314368" total="314368" percent="100" />
    </mem>
    <remembered-set count="104" />
  </mem-info>
</gc-end>
<cycle-end id="263" type="scavenge" contextid="257" timestamp="2019-08-07T01:45:27.531" />
  <attribute name="Current GC Util" value="0" />
  <attribute name= "Current Time Running" value="17422" />
<allocation-satisfied id="264" threadId="000000000269ED00" bytesRequested="32" />
<af-end id="265" timestamp="2019-08-07T01:45:27.531" threadId="000000000269F688" success="true" from="nursery"/>
<exclusive-end id="266" timestamp="2019-08-07T01:45:27.531" durationms="2.291" />

<exclusive-start id="267" timestamp="2019-08-07T01:45:27.963" intervalms="434.599">
  <response-info timems="0.035" idlems="0.035" threads="0" lastid="000000000269ED00" lastname="node-1" />
</exclusive-start>
<af-start id="268" threadId="000000000269F688" totalBytesRequested="16" timestamp="2019-08-07T01:45:27.963" intervalms="434.555" type="nursery" />
<cycle-start id="269" type="scavenge" contextid="0" timestamp="2019-08-07T01:45:27.963" intervalms="434.504" />
<gc-start id="270" type="scavenge" contextid="269" timestamp="2019-08-07T01:45:27.963">
  <mem-info id="271" free="2509960" total="8388608" percent="29">
    <mem type="nursery" free="0" total="2097152" percent="0">
      <mem type="allocate" free="0" total="1638400" percent="0" />
      <mem type="survivor" free="0" total="458752" percent="0" />
    </mem>
    <mem type="tenure" free="2509960" total="6291456" percent="39">
      <mem type="soa" free="2195592" total="5977088" percent="36" />
      <mem type="loa" free="314368" total="314368" percent="100" />
    </mem>
    <remembered-set count="110" />
  </mem-info>
</gc-start>
<allocation-stats totalBytes="1328400" >
  <allocated-bytes non-tlh="32" tlh="1328368" />
  <largest-consumer threadName="node-2" threadId="000000000269B100" bytes="479136" />
</allocation-stats>
<gc-op id="272" type="scavenge" timems="1.516" contextid="269" timestamp="2019-08-07T01:45:27.965">
  <scavenger-info tenureage="1" tenuremask="7ffe" tiltratio="78" />
  <memory-copied type="nursery" objects="13574" bytes="326496" bytesdiscarded="30624" />
  <memory-copied type="tenure" objects="12685" bytes="304440" bytesdiscarded="0" />
</gc-op>
<gc-end id="273" type="scavenge" contextid="269" durationms="1.762" usertimems="4.000" systemtimems="0.000" timestamp="2019-08-07T01:45:27.965" activeThreads="4">
  <mem-info id="274" free="3481736" total="8388608" percent="41">
    <mem type="nursery" free="1281280" total="2097152" percent="61">
      <mem type="allocate" free="1281280" total="1638400" percent="78" />
      <mem type="survivor" free="0" total="458752" percent="0" />
    </mem>
    <mem type="tenure" free="2200456" total="6291456" percent="34" macro-fragmented="1500163">
      <mem type="soa" free="1886088" total="5977088" percent="31" />
      <mem type="loa" free="314368" total="314368" percent="100" />
    </mem>
    <remembered-set count="105" />
  </mem-info>
</gc-end>
<cycle-end id="275" type="scavenge" contextid="269" timestamp="2019-08-07T01:45:27.965" />
  <attribute name="Current GC Util" value="0" />
  <attribute name= "Current Time Running" value="17856" />
<allocation-satisfied id="276" threadId="000000000269ED00" bytesRequested="16" />
<af-end id="277" timestamp="2019-08-07T01:45:27.966" threadId="000000000269F688" success="true" from="nursery"/>
<exclusive-end id="278" timestamp="2019-08-07T01:45:27.966" durationms="2.389" />

<exclusive-start id="279" timestamp="2019-08-07T01:45:28.364" intervalms="400.521">
  <response-info timems="0.029" idlems="0.029" threads="0" lastid="00000000026A2900" lastname="node-0" />
</exclusive-start>
<af-start id="280" threadId="00000000026A3288" totalBytesRequested="24" timestamp="2019-08-07T01:45:28.364" intervalms="400.509" type="nursery" />
<cycle-start id="281" type="scavenge" contextid="0" timestamp="2019-08-07T01:45:28.364" intervalms="400.506" />
<gc-start id="282" type="scavenge" contextid="281" timestamp="2019-08-07T01:45:28.364">
  <mem-info id="283" free="2200456" total="8388608" percent="26">
    <mem type="nursery" free="0" total="2097152" percent="0">
      <mem type="allocate" free="0" total="1638400" percent="0" />
      <mem type="survivor" free="0" total="458752" percent="0" />
    </mem>
    <mem type="tenure" free="2200456" total="6291456" percent="34">
      <mem type="soa" free="1886088" total="5977088" percent="31" />
      <mem type="loa" free="314368" total="314368" percent="100" />
    </mem>
    <remembered-set count="111" />
  </mem-info>
</gc-start>
<allocation-stats totalBytes="1280904" >
  <allocated-bytes non-tlh="16" tlh="1280888" />
  <largest-consumer threadName="node-2" threadId="000000000269B100" bytes="441512" />
</allocation-stats>
<gc-op id="284" type="scavenge" timems="1.503" contextid="281" timestamp="2019-08-07T01:45:28.366">
  <scavenger-info tenureage="1" tenuremask="7ffe" tiltratio="78" />
  <memory-copied type="nursery" objects="12986" bytes="311544" bytesdiscarded="45576" />
  <memory-copied type="tenure" objects="13550" bytes="325200" bytesdiscarded="0" />
</gc-op>
<gc-end id="285" type="scavenge" contextid="281" durationms="1.808" usertimems="4.000" systemtimems="0.000" timestamp="2019-08-07T01:45:28.366" activeThreads="4">
  <mem-info id="286" free="3148424" total="8388608" percent="37">
    <mem type="nursery" free="1281280" total="2097152" percent="61">
      <mem type="allocate" free="1281280" total="1638400" percent="78" />
      <mem type="survivor" free="0" total="458752" percent="0" />
    </mem>
    <mem type="tenure" free="1867144" total="6291456" percent="29" macro-fragmented="602881">
      <mem type="soa" free="1552776" total="5977088" percent="25" />
      <mem type="loa" free="314368" total="314368" percent="100" />
    </mem>
    <remembered-set count="96" />
  </mem-info>
</gc-end>
<cycle-end id="287" type="scavenge" contextid="281" timestamp="2019-08-07T01:45:28.366" />
  <attribute name="Current GC Util" value="0" />
  <attribute name= "Current Time Running" value="18257" />
<allocation-satisfied id="288" threadId="00000000026A2900" bytesRequested="24" />
<af-end id="289" timestamp="2019-08-07T01:45:28.366" threadId="00000000026A3288" success="true" from="nursery"/>
<exclusive-end id="290" timestamp="2019-08-07T01:45:28.366" durationms="2.360" />

<exclusive-start id="291" timestamp="2019-08-07T01:45:28.765" intervalms="401.121">
  <response-info timems="0.035" idlems="0.035" threads="0" lastid="000000000269B100" lastname="node-2" />
</exclusive-start>
<af-start id="292" threadId="000000000269BA88" totalBytesRequested="24" timestamp="2019-08-07T01:45:28.765" intervalms="401.135" type="nursery" />
<cycle-start id="293" type="scavenge" contextid="0" timestamp="2019-08-07T01:45:28.765" intervalms="401.138" />
<gc-start id="294" type="scavenge" contextid="293" timestamp="2019-08-07T01:45:28.765">
  <mem-info id="295" free="1867144" total="8388608" percent="22">
    <mem type="nursery" free="0" total="2097152" percent="0">
      <mem type="allocate" free="0" total="1638400" percent="0" />
      <mem type="survivor" free="0" total="458752" percent="0" />
    </mem>
    <mem type="tenure" free="1867144" total="6291456" percent="29">
      <mem type="soa" free="1552776" total="5977088" percent="25" />
      <mem type="loa" free="314368" total="314368" percent="100" />
    </mem>
    <remembered-set count="108" />
  </mem-info>
</gc-start>
<allocation-stats totalBytes="1280784" >
  <allocated-bytes non-tlh="24" tlh="1280760" />
  <largest-consumer threadName="node-1" threadId="000000000269ED00" bytes="461968" />
</allocation-stats>
<gc-op id="296" type="scavenge" timems="1.516" contextid="293" timestamp="2019-08-07T01:45:28.767">
  <scavenger-info tenureage="1" tenuremask="7ffe" tiltratio="78" />
  <memory-copied type="nursery" objects="13503" bytes="323952" bytesdiscarded="33168" />
  <memory-copied type="tenure" objects="12971" bytes="311304" bytesdiscarded="0" />
</gc-op>
<gc-end id="297" type="scavenge" contextid="293" durationms="1.911" usertimems="0.000" systemtimems="0.000" timestamp="2019-08-07T01:45:28.767" activeThreads="4">
  <mem-info id="298" free="2838920" total="8388608" percent="33">
    <mem type="nursery" free="1281280" total="2097152" percent="61">
      <mem type="allocate" free="1281280" total="1638400" percent="78" />
      <mem type="survivor" free="0" total="458752" percent="0" />
    </mem>
    <mem type="tenure" free="1557640" total="6291456" percent="24" macro-fragmented="0">
      <mem type="soa" free="1243272" total="5977088" percent="20" />
      <mem type="loa" free="314368" total="314368" percent="100" />
    </mem>
    <remembered-set count="96" />
  </mem-info>
</gc-end>
<cycle-end id="299" type="scavenge" contextid="293" timestamp="2019-08-07T01:45:28.767" />
  <attribute name="Current GC Util" value="0" />
  <attribute name= "Current Time Running" value="18658" />
<allocation-satisfied id="300" threadId="000000000269B100" bytesRequested="24" />
<af-end id="301" timestamp="2019-08-07T01:45:28.767" threadId="000000000269BA88" success="true" from="nursery"/>
<exclusive-end id="302" timestamp="2019-08-07T01:45:28.768" durationms="2.676" />

<exclusive-start id="303" timestamp="2019-08-07T01:45:29.184" intervalms="419.110">
  <response-info timems="0.041" idlems="0.041" threads="0" lastid="00000000026A2900" lastname="node-0" />
</exclusive-start>
<af-start id="304" threadId="00000000026A3288" totalBytesRequested="24" timestamp="2019-08-07T01:45:29.184" intervalms="419.098" type="nursery" />
<cycle-start id="305" type="scavenge" contextid="0" timestamp="2019-08-07T01:45:29.184" intervalms="419.098" />
<gc-start id="306" type="scavenge" contextid="305" timestamp="2019-08-07T01:45:29.184">
  <mem-info id="307" free="1557640" total="8388608" percent="18">
    <mem type="nursery" free="0" total="2097152" percent="0">
      <mem type="allocate" free="0" total="1638400" percent="0" />
      <mem type="survivor" free="0" total="458752" percent="0" />
    </mem>
    <mem type="tenure" free="1557640" total="6291456" percent="24">
      <mem type="soa" free="1243272" total="5977088" percent="20" />
      <mem type="loa" free="314368" total="314368" percent="100" />
    </mem>
    <remembered-set count="108" />
  </mem-info>
</gc-start>
<allocation-stats totalBytes="1281016" >
  <allocated-bytes non-tlh="24" tlh="1280992" />
  <largest-consumer threadName="node-2" threadId="000000000269B100" bytes="441544" />
</allocation-stats>
<gc-op id="308" type="scavenge" timems="1.539" contextid="305" timestamp="2019-08-07T01:45:29.186">
  <scavenger-info tenureage="1" tenuremask="7ffe" tiltratio="78" />
  <memory-copied type="nursery" objects="13212" bytes="316968" bytesdiscarded="16344" />
  <memory-copied type="tenure" objects="13488" bytes="323712" bytesdiscarded="0" />
</gc-op>
<gc-end id="309" type="scavenge" contextid="305" durationms="1.790" usertimems="0.000" systemtimems="0.000" timestamp="2019-08-07T01:45:29.186" activeThreads="4">
  <mem-info id="310" free="2553224" total="8388608" percent="30">
    <mem type="nursery" free="1305088" total="2097152" percent="62">
      <mem type="allocate" free="1305088" total="1638400" percent="79" />
      <mem type="survivor" free="0" total="458752" percent="0" />
    </mem>
    <mem type="tenure" free="1248136" total="6291456" percent="19" macro-fragmented="723458">
      <mem type="soa" free="933768" total="5977088" percent="15" />
      <mem type="loa" free="314368" total="314368" percent="100" />
    </mem>
    <remembered-set count="96" />
  </mem-info>
</gc-end>
<cycle-end id="311" type="scavenge" contextid="305" timestamp="2019-08-07T01:45:29.186" />
  <attribute name="Current GC Util" value="0" />
  <attribute name= "Current Time Running" value="19077" />
<allocation-satisfied id="312" threadId="00000000026A2900" bytesRequested="24" />
<af-end id="313" timestamp="2019-08-07T01:45:29.186" threadId="00000000026A3288" success="true" from="nursery"/>
<exclusive-end id="314" timestamp="2019-08-07T01:45:29.186" durationms="2.320" />

<exclusive-start id="315" timestamp="2019-08-07T01:45:29.579" intervalms="394.664">
  <response-info timems="0.030" idlems="0.030" threads="0" lastid="00000000026A2900" lastname="node-0" />
</exclusive-start>
<af-start id="316" threadId="00000000026A3288" totalBytesRequested="32" timestamp="2019-08-07T01:45:29.579" intervalms="394.663" type="nursery" />
<cycle-start id="317" type="scavenge" contextid="0" timestamp="2019-08-07T01:45:29.579" intervalms="394.662" />
<gc-start id="318" type="scavenge" contextid="317" timestamp="2019-08-07T01:45:29.579">
  <mem-info id="319" free="1248136" total="8388608" percent="14">
    <mem type="nursery" free="0" total="2097152" percent="0">
      <mem type="allocate" free="0" total="1638400" percent="0" />
      <mem type="survivor" free="0" total="458752" percent="0" />
    </mem>
    <mem type="tenure" free="1248136" total="6291456" percent="19">
      <mem type="soa" free="933768" total="5977088" percent="15" />
      <mem type="loa" free="314368" total="314368" percent="100" />
    </mem>
    <remembered-set count="108" />
  </mem-info>
</gc-start>
<allocation-stats totalBytes="1304664" >
  <allocated-bytes non-tlh="24" tlh="1304640" />
  <largest-consumer threadName="node-2" threadId="000000000269B100" bytes="479160" />
</allocation-stats>
<gc-op id="320" type="scavenge" timems="1.677" contextid="317" timestamp="2019-08-07T01:45:29.581">
  <scavenger-info tenureage="1" tenuremask="7ffe" tiltratio="78" />
  <memory-copied type="nursery" objects="13683" bytes="328272" bytesdiscarded="5040" />
  <memory-copied type="tenure" objects="13197" bytes="316728" bytesdiscarded="0" />
</gc-op>
<gc-end id="321" type="scavenge" contextid="317" durationms="1.970" usertimems="4.000" systemtimems="0.000" timestamp="2019-08-07T01:45:29.581" activeThreads="4">
  <mem-info id="322" free="2219912" total="8388608" percent="26">
    <mem type="nursery" free="1305088" total="2097152" percent="62">
      <mem type="allocate" free="1305088" total="1638400" percent="79" />
      <mem type="survivor" free="0" total="458752" percent="0" />
    </mem>
    <mem type="tenure" free="914824" total="6291456" percent="14" macro-fragmented="0">
      <mem type="soa" free="600456" total="5977088" percent="10" />
      <mem type="loa" free="314368" total="314368" percent="100" />
    </mem>
    <remembered-set count="97" />
  </mem-info>
</gc-end>
<cycle-end id="323" type="scavenge" contextid="317" timestamp="2019-08-07T01:45:29.581" />
  <attribute name="Current GC Util" value="0" />
  <attribute name= "Current Time Running" value="19472" />
<allocation-satisfied id="324" threadId="00000000026A2900" bytesRequested="32" />
<af-end id="325" timestamp="2019-08-07T01:45:29.581" threadId="00000000026A3288" success="true" from="nursery"/>
<exclusive-end id="326" timestamp="2019-08-07T01:45:29.581" durationms="2.409" />

<exclusive-start id="327" timestamp="2019-08-07T01:45:29.990" intervalms="411.828">
  <response-info timems="0.042" idlems="0.042" threads="0" lastid="00000000026A2900" lastname="node-0" />
</exclusive-start>
<af-start id="328" threadId="00000000026A3288" totalBytesRequested="24" timestamp="2019-08-07T01:45:29.991" intervalms="411.845" type="nursery" />
<cycle-start id="329" type="scavenge" contextid="0" timestamp="2019-08-07T01:45:29.991" intervalms="411.851" />
<gc-start id="330" type="scavenge" contextid="329" timestamp="2019-08-07T01:45:29.991">
  <mem-info id="331" free="914824" total="8388608" percent="10">
    <mem type="nursery" free="0" total="2097152" percent="0">
      <mem type="allocate" free="0" total="1638400" percent="0" />
      <mem type="survivor" free="0" total="458752" percent="0" />
    </mem>
    <mem type="tenure" free="914824" total="6291456" percent="14">
      <mem type="soa" free="600456" total="5977088" percent="10" />
      <mem type="loa" free="314368" total="314368" percent="100" />
    </mem>
    <remembered-set count="109" />
  </mem-info>
</gc-start>
<allocation-stats totalBytes="1304920" >
  <allocated-bytes non-tlh="32" tlh="1304888" />
  <largest-consumer threadName="node-2" threadId="000000000269B100" bytes="465384" />
</allocation-stats>
<gc-op id="332" type="scavenge" timems="1.601" contextid="329" timestamp="2019-08-07T01:45:29.992">
  <scavenger-info tenureage="1" tenuremask="7ffe" tiltratio="78" />
  <memory-copied type="nursery" objects="13049" bytes="313056" bytesdiscarded="20256" />
  <memory-copied type="tenure" objects="13668" bytes="328032" bytesdiscarded="48" />
</gc-op>
<gc-end id="333" type="scavenge" contextid="329" durationms="1.891" usertimems="0.000" systemtimems="0.000" timestamp="2019-08-07T01:45:29.993" activeThreads="4">
  <mem-info id="334" free="1975944" total="8388608" percent="23">
    <mem type="nursery" free="1370624" total="2097152" percent="65">
      <mem type="allocate" free="1370624" total="1703936" percent="80" />
      <mem type="survivor" free="0" total="393216" percent="0" />
    </mem>
    <mem type="tenure" free="605320" total="6291456" percent="9" macro-fragmented="5266">
      <mem type="soa" free="290952" total="5977088" percent="4" />
      <mem type="loa" free="314368" total="314368" percent="100" />
    </mem>
    <remembered-set count="96" />
  </mem-info>
</gc-end>
<cycle-end id="335" type="scavenge" contextid="329" timestamp="2019-08-07T01:45:29.993" />
  <attribute name="Current GC Util" value="0" />
  <attribute name= "Current Time Running" value="19884" />
<allocation-satisfied id="336" threadId="00000000026A2900" bytesRequested="24" />
<af-end id="337" timestamp="2019-08-07T01:45:29.993" threadId="00000000026A3288" success="true" from="nursery"/>
<exclusive-end id="338" timestamp="2019-08-07T01:45:29.993" durationms="2.389" />

<concurrent-kickoff id="339" timestamp="2019-08-07T01:45:30.317">
  <kickoff reason="threshold reached" targetBytes="1867303" thresholdFreeBytes="258006"  remainingFree="207336" tenureFreeBytes="605320" nurseryFreeBytes="207336" />
</concurrent-kickoff>
<exclusive-start id="340" timestamp="2019-08-07T01:45:30.318" intervalms="327.163">
  <response-info timems="0.060" idlems="0.060" threads="0" lastid="000000000269B100" lastname="node-2" />
</exclusive-start>
<cycle-start id="341" type="global" contextid="0" timestamp="2019-08-07T01:45:30.318" intervalms="6316.057" />
<exclusive-end id="342" timestamp="2019-08-07T01:45:30.318" durationms="0.120" />

<exclusive-start id="343" timestamp="2019-08-07T01:45:30.410" intervalms="92.063">
  <response-info timems="0.041" idlems="0.041" threads="0" lastid="000000000269ED00" lastname="node-1" />
</exclusive-start>
<af-start id="344" threadId="000000000269F688" totalBytesRequested="24" timestamp="2019-08-07T01:45:30.410" intervalms="419.218" type="nursery" />
<cycle-start id="345" type="scavenge" contextid="0" timestamp="2019-08-07T01:45:30.410" intervalms="419.209" />
<gc-start id="346" type="scavenge" contextid="345" timestamp="2019-08-07T01:45:30.410">
  <mem-info id="347" free="605320" total="8388608" percent="7">
    <mem type="nursery" free="0" total="2097152" percent="0">
      <mem type="allocate" free="0" total="1703936" percent="0" />
      <mem type="survivor" free="0" total="393216" percent="0" />
    </mem>
    <mem type="tenure" free="605320" total="6291456" percent="9">
      <mem type="soa" free="290952" total="5977088" percent="4" />
      <mem type="loa" free="314368" total="314368" percent="100" />
    </mem>
    <remembered-set count="108" />
  </mem-info>
</gc-start>
<allocation-stats totalBytes="1369808" >
  <allocated-bytes non-tlh="24" tlh="1369784" />
  <largest-consumer threadName="node-2" threadId="000000000269B100" bytes="479088" />
</allocation-stats>
<gc-op id="348" type="scavenge" timems="1.596" contextid="345" timestamp="2019-08-07T01:45:30.412">
  <scavenger-info tenureage="1" tenuremask="7ffe" tiltratio="81" />
  <memory-copied type="nursery" objects="13428" bytes="322152" bytesdiscarded="11160" />
  <memory-copied type="tenure" objects="13034" bytes="312816" bytesdiscarded="0" />
  <heap-resize type="expand" space="tenure" amount="65536" count="1" timems="0.063" reason="continue current collection" />
</gc-op>
<gc-end id="349" type="scavenge" contextid="345" durationms="1.911" usertimems="4.000" systemtimems="0.000" timestamp="2019-08-07T01:45:30.412" activeThreads="4">
  <mem-info id="350" free="1726720" total="8454144" percent="20">
    <mem type="nursery" free="1370624" total="2097152" percent="65">
      <mem type="allocate" free="1370624" total="1703936" percent="80" />
      <mem type="survivor" free="0" total="393216" percent="0" />
    </mem>
    <mem type="tenure" free="356096" total="6356992" percent="5" macro-fragmented="1469">
      <mem type="soa" free="38656" total="6039552" percent="0" />
      <mem type="loa" free="317440" total="317440" percent="100" />
    </mem>
    <remembered-set count="97" />
  </mem-info>
</gc-end>
<cycle-end id="351" type="scavenge" contextid="345" timestamp="2019-08-07T01:45:30.412" />
  <attribute name="Current GC Util" value="0" />
  <attribute name= "Current Time Running" value="20303" />
<allocation-satisfied id="352" threadId="000000000269ED00" bytesRequested="24" />
<af-end id="353" timestamp="2019-08-07T01:45:30.412" threadId="000000000269F688" success="true" from="nursery"/>
<exclusive-end id="354" timestamp="2019-08-07T01:45:30.412" durationms="2.621" />

<exclusive-start id="355" timestamp="2019-08-07T01:45:30.413" intervalms="3.260">
  <response-info timems="0.031" idlems="0.031" threads="0" lastid="00000000026A2900" lastname="node-0" />
</exclusive-start>
<concurrent-collection-start id="356" timestamp="2019-08-07T01:45:30.413" intervalms="20428.300" >
  <concurrent-trace-info reason="card cleaning threshold reached" tracedByMutators="277484" tracedByHelpers="938576" cardsCleaned="23" workStackOverflowCount="0" />
</concurrent-collection-start>
<gc-start id="357" type="global" contextid="341" timestamp="2019-08-07T01:45:30.413">
  <mem-info id="358" free="1616104" total="8454144" percent="19">
    <mem type="nursery" free="1260008" total="2097152" percent="60">
      <mem type="allocate" free="1260008" total="1703936" percent="73" />
      <mem type="survivor" free="0" total="393216" percent="0" />
    </mem>
    <mem type="tenure" free="356096" total="6356992" percent="5">
      <mem type="soa" free="38656" total="6039552" percent="0" />
      <mem type="loa" free="317440" total="317440" percent="100" />
    </mem>
    <remembered-set count="99" />
  </mem-info>
</gc-start>
<allocation-stats totalBytes="110616" >
  <allocated-bytes non-tlh="24" tlh="110592" />
  <largest-consumer threadName="node-1" threadId="000000000269ED00" bytes="36888" />
</allocation-stats>
<gc-op id="359" type="rs-scan" timems="0.201" contextid="341" timestamp="2019-08-07T01:45:30.413">
  <scan objectsFound="58" bytesTraced="5032" workStackOverflowCount="0" />
</gc-op>
<gc-op id="360" type="card-cleaning" timems="0.183" contextid="341" timestamp="2019-08-07T01:45:30.414">
  <card-cleaning cardsCleaned="4" bytesTraced="38892" workStackOverflowCount="0" />
</gc-op>
<gc-op id="361" type="mark" timems="0.434" contextid="341" timestamp="2019-08-07T01:45:30.414">
  <trace-info objectcount="234" scancount="193" scanbytes="5120" />
  <finalization candidates="13" enqueued="0" />
  <references type="soft" candidates="66" cleared="0" enqueued="0" dynamicThreshold="28" maxThreshold="32" />
  <references type="weak" candidates="130" cleared="0" enqueued="0" />
  <references type="phantom" candidates="32" cleared="2" enqueued="2" />
  <stringconstants candidates="3816" cleared="0"  />
</gc-op>
<gc-op id="362" type="sweep" timems="0.172" contextid="341" timestamp="2019-08-07T01:45:30.414" />
<gc-end id="363" type="global" contextid="341" durationms="1.445" usertimems="0.000" systemtimems="0.000" timestamp="2019-08-07T01:45:30.414" activeThreads="4">
  <mem-info id="364" free="6055288" total="8454144" percent="71">
    <mem type="nursery" free="1703448" total="2097152" percent="81">
      <mem type="allocate" free="1703448" total="1703936" percent="99" />
      <mem type="survivor" free="0" total="393216" percent="0" />
    </mem>
    <mem type="tenure" free="4351840" total="6356992" percent="68" micro-fragmented="0" macro-fragmented="3732887">
      <mem type="soa" free="4034400" total="6039552" percent="66" />
      <mem type="loa" free="317440" total="317440" percent="100" />
    </mem>
    <pending-finalizers system="0" default="0" reference="2" classloader="0" />
    <remembered-set count="97" />
  </mem-info>
</gc-end>
<cycle-end id="365" type="global" contextid="341" timestamp="2019-08-07T01:45:30.415" />
  <attribute name="Current GC Util" value="63" />
  <attribute name= "Current Time Running" value="20307" />
<concurrent-collection-end id="366" timestamp="2019-08-07T01:45:30.415" />
<exclusive-end id="367" timestamp="2019-08-07T01:45:30.415" durationms="1.881" />

<exclusive-start id="368" timestamp="2019-08-07T01:45:30.940" intervalms="526.735">
  <response-info timems="0.044" idlems="0.044" threads="0" lastid="00000000026A2900" lastname="node-0" />
</exclusive-start>
<af-start id="369" threadId="00000000026A3288" totalBytesRequested="720" timestamp="2019-08-07T01:45:30.940" intervalms="529.991" type="nursery" />
<cycle-start id="370" type="scavenge" contextid="0" timestamp="2019-08-07T01:45:30.940" intervalms="529.995" />
<gc-start id="371" type="scavenge" contextid="370" timestamp="2019-08-07T01:45:30.940">
  <mem-info id="372" free="4351840" total="8454144" percent="51">
    <mem type="nursery" free="0" total="2097152" percent="0">
      <mem type="allocate" free="0" total="1703936" percent="0" />
      <mem type="survivor" free="0" total="393216" percent="0" />
    </mem>
    <mem type="tenure" free="4351840" total="6356992" percent="68">
      <mem type="soa" free="4034400" total="6039552" percent="66" />
      <mem type="loa" free="317440" total="317440" percent="100" />
    </mem>
    <remembered-set count="109" />
  </mem-info>
</gc-start>
<allocation-stats totalBytes="1703048" >
  <allocated-bytes non-tlh="0" tlh="1703048" />
  <largest-consumer threadName="node-0" threadId="00000000026A2900" bytes="573184" />
</allocation-stats>
<gc-op id="373" type="scavenge" timems="0.190" contextid="370" timestamp="2019-08-07T01:45:30.940">
  <scavenger-info tenureage="1" tenuremask="7ffe" tiltratio="81" />
  <memory-copied type="nursery" objects="29" bytes="1648" bytesdiscarded="45968" />
</gc-op>
<gc-end id="374" type="scavenge" contextid="370" durationms="0.423" usertimems="0.000" systemtimems="0.000" timestamp="2019-08-07T01:45:30.940" activeThreads="4">
  <mem-info id="375" free="6008160" total="8454144" percent="71">
    <mem type="nursery" free="1656320" total="2097152" percent="78">
      <mem type="allocate" free="1656320" total="1703936" percent="97" />
      <mem type="survivor" free="0" total="393216" percent="0" />
    </mem>
    <mem type="tenure" free="4351840" total="6356992" percent="68" macro-fragmented="3732887">
      <mem type="soa" free="4034400" total="6039552" percent="66" />
      <mem type="loa" free="317440" total="317440" percent="100" />
    </mem>
    <remembered-set count="100" />
  </mem-info>
</gc-end>
<cycle-end id="376" type="scavenge" contextid="370" timestamp="2019-08-07T01:45:30.940" />
  <attribute name="Current GC Util" value="0" />
  <attribute name= "Current Time Running" value="20833" />
<allocation-satisfied id="377" threadId="00000000026A2900" bytesRequested="720" />
<af-end id="378" timestamp="2019-08-07T01:45:30.940" threadId="00000000026A3288" success="true" from="nursery"/>
<exclusive-end id="379" timestamp="2019-08-07T01:45:30.941" durationms="0.865" />

<exclusive-start id="380" timestamp="2019-08-07T01:45:31.468" intervalms="528.231">
  <response-info timems="0.175" idlems="0.097" threads="1" lastid="00000000026A2900" lastname="node-0" />
</exclusive-start>
<af-start id="381" threadId="000000000269BA88" totalBytesRequested="32" timestamp="2019-08-07T01:45:31.468" intervalms="528.229" type="nursery" />
<cycle-start id="382" type="scavenge" contextid="0" timestamp="2019-08-07T01:45:31.468" intervalms="528.232" />
<gc-start id="383" type="scavenge" contextid="382" timestamp="2019-08-07T01:45:31.468">
  <mem-info id="384" free="4351840" total="8454144" percent="51">
    <mem type="nursery" free="0" total="2097152" percent="0">
      <mem type="allocate" free="0" total="1703936" percent="0" />
      <mem type="survivor" free="0" total="393216" percent="0" />
    </mem>
    <mem type="tenure" free="4351840" total="6356992" percent="68">
      <mem type="soa" free="4034400" total="6039552" percent="66" />
      <mem type="loa" free="317440" total="317440" percent="100" />
    </mem>
    <remembered-set count="109" />
  </mem-info>
</gc-start>
<allocation-stats totalBytes="1656048" >
  <allocated-bytes non-tlh="720" tlh="1655328" />
  <largest-consumer threadName="node-0" threadId="00000000026A2900" bytes="553616" />
</allocation-stats>
<gc-op id="385" type="scavenge" timems="0.194" contextid="382" timestamp="2019-08-07T01:45:31.468">
  <scavenger-info tenureage="2" tenuremask="7ffc" tiltratio="81" />
  <memory-copied type="nursery" objects="30" bytes="1440" bytesdiscarded="22368" />
</gc-op>
<gc-end id="386" type="scavenge" contextid="382" durationms="0.634" usertimems="0.000" systemtimems="0.000" timestamp="2019-08-07T01:45:31.469" activeThreads="4">
  <mem-info id="387" free="6097504" total="8454144" percent="72">
    <mem type="nursery" free="1745664" total="2097152" percent="83">
      <mem type="allocate" free="1745664" total="1769472" percent="98" />
      <mem type="survivor" free="0" total="327680" percent="0" />
    </mem>
    <mem type="tenure" free="4351840" total="6356992" percent="68" macro-fragmented="1800196">
      <mem type="soa" free="4034400" total="6039552" percent="66" />
      <mem type="loa" free="317440" total="317440" percent="100" />
    </mem>
    <remembered-set count="103" />
  </mem-info>
</gc-end>
<cycle-end id="388" type="scavenge" contextid="382" timestamp="2019-08-07T01:45:31.469" />
  <attribute name="Current GC Util" value="0" />
  <attribute name= "Current Time Running" value="21361" />
<allocation-satisfied id="389" threadId="000000000269B100" bytesRequested="32" />
<af-end id="390" timestamp="2019-08-07T01:45:31.469" threadId="000000000269BA88" success="true" from="nursery"/>
<exclusive-end id="391" timestamp="2019-08-07T01:45:31.469" durationms="1.060" />

<exclusive-start id="392" timestamp="2019-08-07T01:45:32.014" intervalms="545.868">
  <response-info timems="0.031" idlems="0.031" threads="0" lastid="00000000026A2900" lastname="node-0" />
</exclusive-start>
<af-start id="393" threadId="00000000026A3288" totalBytesRequested="32" timestamp="2019-08-07T01:45:32.014" intervalms="545.867" type="nursery" />
<cycle-start id="394" type="scavenge" contextid="0" timestamp="2019-08-07T01:45:32.014" intervalms="545.867" />
<gc-start id="395" type="scavenge" contextid="394" timestamp="2019-08-07T01:45:32.014">
  <mem-info id="396" free="4351840" total="8454144" percent="51">
    <mem type="nursery" free="0" total="2097152" percent="0">
      <mem type="allocate" free="0" total="1769472" percent="0" />
      <mem type="survivor" free="0" total="327680" percent="0" />
    </mem>
    <mem type="tenure" free="4351840" total="6356992" percent="68">
      <mem type="soa" free="4034400" total="6039552" percent="66" />
      <mem type="loa" free="317440" total="317440" percent="100" />
    </mem>
    <remembered-set count="109" />
  </mem-info>
</gc-start>
<allocation-stats totalBytes="1745008" >
  <allocated-bytes non-tlh="32" tlh="1744976" />
  <largest-consumer threadName="node-2" threadId="000000000269B100" bytes="593840" />
</allocation-stats>
<gc-op id="397" type="scavenge" timems="0.206" contextid="394" timestamp="2019-08-07T01:45:32.014">
  <scavenger-info tenureage="3" tenuremask="7ff8" tiltratio="84" />
  <memory-copied type="nursery" objects="25" bytes="1328" bytesdiscarded="46288" />
</gc-op>
<gc-end id="398" type="scavenge" contextid="394" durationms="0.451" usertimems="0.000" systemtimems="0.000" timestamp="2019-08-07T01:45:32.014" activeThreads="4">
  <mem-info id="399" free="6139232" total="8454144" percent="72">
    <mem type="nursery" free="1787392" total="2097152" percent="85">
      <mem type="allocate" free="1787392" total="1835008" percent="97" />
      <mem type="survivor" free="0" total="262144" percent="0" />
    </mem>
    <mem type="tenure" free="4351840" total="6356992" percent="68" macro-fragmented="3732887">
      <mem type="soa" free="4034400" total="6039552" percent="66" />
      <mem type="loa" free="317440" total="317440" percent="100" />
    </mem>
    <remembered-set count="100" />
  </mem-info>
</gc-end>
<cycle-end id="400" type="scavenge" contextid="394" timestamp="2019-08-07T01:45:32.015" />
  <attribute name="Current GC Util" value="0" />
  <attribute name= "Current Time Running" value="21907" />
<allocation-satisfied id="401" threadId="00000000026A2900" bytesRequested="32" />
<af-end id="402" timestamp="2019-08-07T01:45:32.015" threadId="00000000026A3288" success="true" from="nursery"/>
<exclusive-end id="403" timestamp="2019-08-07T01:45:32.015" durationms="0.945" />

<exclusive-start id="404" timestamp="2019-08-07T01:45:32.621" intervalms="606.927">
  <response-info timems="0.043" idlems="0.043" threads="0" lastid="00000000026A2900" lastname="node-0" />
</exclusive-start>
<af-start id="405" threadId="00000000026A3288" totalBytesRequested="24" timestamp="2019-08-07T01:45:32.621" intervalms="606.949" type="nursery" />
<cycle-start id="406" type="scavenge" contextid="0" timestamp="2019-08-07T01:45:32.621" intervalms="606.957" />
<gc-start id="407" type="scavenge" contextid="406" timestamp="2019-08-07T01:45:32.621">
  <mem-info id="408" free="4351840" total="8454144" percent="51">
    <mem type="nursery" free="0" total="2097152" percent="0">
      <mem type="allocate" free="0" total="1835008" percent="0" />
      <mem type="survivor" free="0" total="262144" percent="0" />
    </mem>
    <mem type="tenure" free="4351840" total="6356992" percent="68">
      <mem type="soa" free="4034400" total="6039552" percent="66" />
      <mem type="loa" free="317440" total="317440" percent="100" />
    </mem>
    <remembered-set count="107" />
  </mem-info>
</gc-start>
<allocation-stats totalBytes="1786616" >
  <allocated-bytes non-tlh="32" tlh="1786584" />
  <largest-consumer threadName="node-2" threadId="000000000269B100" bytes="599456" />
</allocation-stats>
<gc-op id="409" type="scavenge" timems="0.204" contextid="406" timestamp="2019-08-07T01:45:32.621">
  <scavenger-info tenureage="4" tenuremask="7ff0" tiltratio="87" />
  <memory-copied type="nursery" objects="19" bytes="336" bytesdiscarded="23472" />
</gc-op>
<gc-end id="410" type="scavenge" contextid="406" durationms="0.473" usertimems="0.000" systemtimems="0.000" timestamp="2019-08-07T01:45:32.621" activeThreads="4">
  <mem-info id="411" free="6163040" total="8454144" percent="72">
    <mem type="nursery" free="1811200" total="2097152" percent="86">
      <mem type="allocate" free="1811200" total="1835008" percent="98" />
      <mem type="survivor" free="0" total="262144" percent="0" />
    </mem>
    <mem type="tenure" free="4351840" total="6356992" percent="68" macro-fragmented="3110739">
      <mem type="soa" free="4034400" total="6039552" percent="66" />
      <mem type="loa" free="317440" total="317440" percent="100" />
    </mem>
    <remembered-set count="95" />
  </mem-info>
</gc-end>
<cycle-end id="412" type="scavenge" contextid="406" timestamp="2019-08-07T01:45:32.622" />
  <attribute name="Current GC Util" value="0" />
  <attribute name= "Current Time Running" value="22514" />
<allocation-satisfied id="413" threadId="00000000026A2900" bytesRequested="24" />
<af-end id="414" timestamp="2019-08-07T01:45:32.622" threadId="00000000026A3288" success="true" from="nursery"/>
<exclusive-end id="415" timestamp="2019-08-07T01:45:32.622" durationms="1.012" />

</verbosegc>

