<?xml version="1.0" ?>

<verbosegc xmlns="http://www.ibm.com/j9/verbosegc" version="10b4217_CMPRSS">

<initialized id="1" timestamp="2019-06-16T01:53:41.938">
  <attribute name="gcPolicy" value="-Xgcpolicy:balanced" />
  <attribute name="elasticGC enabled" value="1" />
  <attribute name= "numThreadsSpecified" value="0" />
  <attribute name="heapSize specified" value="0" />
  <attribute name="Current GC Util" value="0" />
  <attribute name= "Current Time Running" value="0" />
  <attribute name ="GC Interval" value="0" />
  <attribute name="ProportionalT" value="0.000000" />
  <attribute name="ProportionalI" value="0.000000" />
  <attribute name="ProportionalH" value="0.000000" />
  <attribute name="IntegralT" value="0.000000" />
  <attribute name="IntegralI" value="0.000000" />
  <attribute name="IntegralH" value="0.000000" />
  <attribute name="DerivativeT" value="0.000000" />
  <attribute name="DerivativeI" value="0.000000" />
  <attribute name="DerivativeH" value="0.000000" />
  <attribute name="Target GC Util Change" value ="0.000000" />
  <attribute name="Current GC Util Change" value="0.000000"/>
  <attribute name="Current Error" value="0.000000" />
  <attribute name="Loop Time for DT" value="0.000000" />
  <attribute name="Output H" value="0"/>
  <attribute name="Output I" value="0"/>
  <attribute name="Output T" value="0"/>
  <attribute name="GC Util currently" value="0" />
  <attribute name="CPU Util currently" value="0" />
  <attribute name="maxHeapSize" value="0x7cb00000" />
  <attribute name="initialHeapSize" value="0x800000" />
  <attribute name="compressedRefs" value="true" />
  <attribute name="compressedRefsDisplacement" value="0x0" />
  <attribute name="compressedRefsShift" value="0x0" />
  <attribute name="pageSize" value="0x1000" />
  <attribute name="pageType" value="not used" />
  <attribute name="requestedPageSize" value="0x1000" />
  <attribute name="requestedPageType" value="not used" />
  <attribute name="gcthreads" value="4" />
  <attribute name="packetListSplit" value="4" />
  <attribute name="cacheListSplit" value="4" />
  <attribute name="splitFreeListSplitAmount" value="1" />
  <attribute name="numaNodes" value="0" />
  <region>
    <attribute name="regionSize" value="1048576" />
    <attribute name="regionCount" value="1995" />
    <attribute name="arrayletLeafSize" value="1048576" />
  </region>
  <system>
    <attribute name="physicalMemory" value="8370958336" />
    <attribute name="numCPUs" value="4" />
    <attribute name="architecture" value="amd64" />
    <attribute name="os" value="Linux" />
    <attribute name="osVersion" value="4.4.0-150-generic" />
  </system>
  <vmargs>
    <vmarg name="-Xoptionsfile=/vagrant/jdk/lib/options.default" />
    <vmarg name="-Xlockword:mode=default,noLockword=java/lang/String,noLockword=java/util/MapEntry,noLockword=java/util/HashMap$Entry,noLockword..." />
    <vmarg name="-Xjcl:jclse29" />
    <vmarg name="-Dcom.ibm.oti.vm.bootstrap.library.path=/vagrant/jdk/lib/compressedrefs:/vagrant/jdk/lib" />
    <vmarg name="-Dsun.boot.library.path=/vagrant/jdk/lib/compressedrefs:/vagrant/jdk/lib" />
    <vmarg name="-Djava.library.path=/vagrant/jdk/lib/compressedrefs:/vagrant/jdk/lib:/usr/lib64:/usr/lib" />
    <vmarg name="-Djava.home=/vagrant/jdk" />
    <vmarg name="-Duser.dir=/vagrant" />
    <vmarg name="-Xgcpolicy:balanced" />
    <vmarg name="-Xgcelastic" />
    <vmarg name="-Xcheck:gc:::elasticGC" />
    <vmarg name="-verbose:gc" />
    <vmarg name="-Xloggc:jdk1.5-1-1-default-BAL-4CORE-elasticverbose8sunflow.txt" />
    <vmarg name="-Djava.class.path=dacapo-9.12-MR1-bach.jar" />
    <vmarg name="-Dsun.java.command=dacapo-9.12-MR1-bach.jar sunflow --size=default" />
    <vmarg name="-Dsun.java.launcher=SUN_STANDARD" />
    <vmarg name="-Dsun.java.launcher.pid=21344" />
  </vmargs>
</initialized>

<exclusive-start id="2" timestamp="2019-06-16T01:53:42.579" intervalms="640.587">
  <response-info timems="0.034" idlems="0.018" threads="1" lastid="0000000001968300" lastname="JIT Compilation Thread-0" />
</exclusive-start>
<sys-start reason="explicit" id="3" timestamp="2019-06-16T01:53:42.579" intervalms="640.818" />
<cycle-start id="4" type="global garbage collect" contextid="0" timestamp="2019-06-16T01:53:42.579" intervalms="641.129" />
<gc-start id="5" type="global garbage collect" contextid="4" timestamp="2019-06-16T01:53:42.580">
  <mem-info id="6" free="2228216" total="8388608" percent="26">
    <mem type="eden" free="131096" total="6291456" percent="2" />
    <remembered-set count="0" freebytes="334848" totalbytes="334848" percent="100" regionsoverflowed="0" regionsstable="0" regionsrebuilding="0"/>
  </mem-info>
</gc-start>
<allocation-stats totalBytes="6155488" >
  <allocated-bytes non-tlh="1222920" tlh="4932568" arrayletleaf="0"/>
  <largest-consumer threadName="main" threadId="0000000001964700" bytes="6077648" />
</allocation-stats>
<gc-op id="7" type="global mark" timems="4.136" contextid="4" timestamp="2019-06-16T01:53:42.584">
  <trace-info objectcount="30316" scancount="23646" scanbytes="765760" />
  <finalization candidates="125" enqueued="1" />
  <ownableSynchronizers candidates="3" cleared="0" />
  <references type="soft" candidates="132" cleared="0" enqueued="0" dynamicThreshold="32" maxThreshold="32" />
  <references type="weak" candidates="1326" cleared="569" enqueued="479" />
  <references type="phantom" candidates="107" cleared="42" enqueued="42" />
  <stringconstants candidates="3958" cleared="0"  />
</gc-op>
<gc-op id="8" type="classunload" timems="0.050" contextid="4" timestamp="2019-06-16T01:53:42.585">
  <classunload-info classloadercandidates="7" classloadersunloaded="0" classesunloaded="0" anonymousclassesunloaded="0" quiescems="0.000" setupms="0.050" scanms="0.000" postms="0.000" />
</gc-op>
<gc-op id="9" type="sweep" timems="0.649" contextid="4" timestamp="2019-06-16T01:53:42.586" />
<gc-op id="10" type="compact" timems="5.744" contextid="4" timestamp="2019-06-16T01:53:42.592">
  <compact-info movecount="30316" movebytes="1862376" />
  <remembered-set-cleared processed="3558" cleared="3558" durationms="0.125" />
</gc-op>
<gc-end id="11" type="global garbage collect" contextid="4" durationms="12.345" usertimems="0.000" systemtimems="12.000" timestamp="2019-06-16T01:53:42.592" activeThreads="4">
  <mem-info id="12" free="6291456" total="8388608" percent="75">
    <pending-finalizers system="1" default="0" reference="521" classloader="0" />
    <remembered-set count="1536" freebytes="328704" totalbytes="334848" percent="98" regionsoverflowed="0" regionsstable="0" regionsrebuilding="0"/>
  </mem-info>
</gc-end>
<cycle-end id="13" type="global garbage collect" contextid="4" timestamp="2019-06-16T01:53:42.592" />
  <attribute name="elasticGC enabled" value="1" />
  <attribute name= "numThreadsSpecified" value="4" />
  <attribute name="heapSize specified" value="0" />
  <attribute name="Current GC Util" value="25" />
  <attribute name= "Current Time Running" value="536" />
  <attribute name ="GC Interval" value="0" />
  <attribute name="ProportionalT" value="7.500000" />
  <attribute name="ProportionalI" value="7.500000" />
  <attribute name="ProportionalH" value="7.500000" />
  <attribute name="Current Error" value="5.000000" />
  <attribute name="IntegralT" value="-10270.000000" />
  <attribute name="IntegralI" value="-10270.000000" />
  <attribute name="IntegralH" value="-10270.000000" />
  <attribute name="DerivativeT" value="-60.000000" />
  <attribute name="DerivativeI" value="-60.000000" />
  <attribute name="DerivativeH" value="-60.000000" />
  <attribute name="Loop Time for DT" value="1.000000" />
  <attribute name="Output H" value="2091843584"/>
  <attribute name="Output I" value="200"/>
  <attribute name="Output T" value="4"/>
  <attribute name="Target GC Util Change" value ="20.000000" />
  <attribute name="Current GC Util Change" value="25.000000"/>
  <attribute name="GC Util currently" value="25" />
  <attribute name="CPU Util currently" value="152" />
<sys-end id="14" timestamp="2019-06-16T01:53:42.593" />
<exclusive-end id="15" timestamp="2019-06-16T01:53:42.593" durationms="13.653" />

<exclusive-start id="16" timestamp="2019-06-16T01:53:42.852" intervalms="273.393">
  <response-info timems="0.065" idlems="0.065" threads="0" lastid="0000000001CBD500" lastname="Thread-5" />
</exclusive-start>
<allocation-taxation id="17" taxation-threshold="6291456" timestamp="2019-06-16T01:53:42.853" intervalms="914.286" />
<cycle-start id="18" type="partial gc" contextid="0" timestamp="2019-06-16T01:53:42.853" intervalms="914.485" />
<gc-start id="19" type="partial gc" contextid="18" timestamp="2019-06-16T01:53:42.853">
  <mem-info id="20" free="0" total="8388608" percent="0">
    <mem type="eden" free="7960" total="6291456" percent="0" />
    <remembered-set count="1536" freebytes="328704" totalbytes="334848" percent="98" regionsoverflowed="0" regionsstable="0" regionsrebuilding="0"/>
  </mem-info>
</gc-start>
<allocation-stats totalBytes="6221568" >
  <allocated-bytes non-tlh="1248472" tlh="4973096" arrayletleaf="0"/>
  <largest-consumer threadName="main" threadId="0000000001964700" bytes="2982240" />
</allocation-stats>
<gc-op id="21" type="mark" timems="2.124" contextid="18" timestamp="2019-06-16T01:53:42.856">
  <trace-info objectcount="14749" scancount="11869" scanbytes="447640" />
  <cardclean-info objects="1386" bytes="49668" />
  <remembered-set-cleared processed="719" cleared="56" durationms="0.054" />
  <references type="soft" candidates="17" cleared="0" enqueued="0" dynamicThreshold="24" maxThreshold="32" />
  <references type="weak" candidates="45" cleared="29" enqueued="28" />
  <references type="phantom" candidates="2" cleared="0" enqueued="0" />
  <stringconstants candidates="4534" cleared="1"  />
  <warning details="Mark invoked due to insufficient free space for Copy-Forward" />
</gc-op>
<gc-op id="22" type="classunload" timems="0.003" contextid="18" timestamp="2019-06-16T01:53:42.856">
  <classunload-info classloadercandidates="8" classloadersunloaded="0" classesunloaded="0" anonymousclassesunloaded="0" quiescems="0.000" setupms="0.003" scanms="0.000" postms="0.000" />
</gc-op>
<gc-op id="23" type="sweep" timems="0.373" contextid="18" timestamp="2019-06-16T01:53:42.856" />
<gc-op id="24" type="compact" timems="2.337" contextid="18" timestamp="2019-06-16T01:53:42.859">
  <compact-info movecount="14749" movebytes="1421680" />
  <remembered-set-cleared processed="2845" cleared="1502" durationms="0.054" />
</gc-op>
<heap-resize id="25" type="expand" space="default" amount="1048576" count="1" timems="0.056" reason="insufficient free space following gc" timestamp="2019-06-16T01:53:42.859" />
<gc-end id="26" type="partial gc" contextid="18" durationms="6.477" usertimems="8.000" systemtimems="0.000" timestamp="2019-06-16T01:53:42.860" activeThreads="1">
  <mem-info id="27" free="5242880" total="9437184" percent="55">
    <mem type="eden" free="675392" total="2097152" percent="32" />
    <pending-finalizers system="0" default="0" reference="28" classloader="0" />
    <remembered-set count="2592" freebytes="366336" totalbytes="376704" percent="97" regionsoverflowed="0" regionsstable="0" regionsrebuilding="0"/>
  </mem-info>
</gc-end>
<cycle-end id="28" type="partial gc" contextid="18" timestamp="2019-06-16T01:53:42.860" />
  <attribute name="elasticGC enabled" value="1" />
  <attribute name= "numThreadsSpecified" value="1" />
  <attribute name="heapSize specified" value="0" />
  <attribute name="Current GC Util" value="29" />
  <attribute name= "Current Time Running" value="806" />
  <attribute name ="GC Interval" value="0" />
  <attribute name="ProportionalT" value="13.500000" />
  <attribute name="ProportionalI" value="13.500000" />
  <attribute name="ProportionalH" value="13.500000" />
  <attribute name="Current Error" value="9.000000" />
  <attribute name="IntegralT" value="0.000000" />
  <attribute name="IntegralI" value="0.000000" />
  <attribute name="IntegralH" value="0.000000" />
  <attribute name="DerivativeT" value="inf" />
  <attribute name="DerivativeI" value="inf" />
  <attribute name="DerivativeH" value="inf" />
  <attribute name="Loop Time for DT" value="0.000000" />
  <attribute name="Output H" value="8388608"/>
  <attribute name="Output I" value="200"/>
  <attribute name="Output T" value="1"/>
  <attribute name="Target GC Util Change" value ="20.000000" />
  <attribute name="Current GC Util Change" value="29.000000"/>
  <attribute name="GC Util currently" value="29" />
  <attribute name="CPU Util currently" value="7509299363596" />
<exclusive-end id="29" timestamp="2019-06-16T01:53:42.860" durationms="7.641" />

<exclusive-start id="30" timestamp="2019-06-16T01:53:42.893" intervalms="40.433">
  <response-info timems="0.068" idlems="0.068" threads="0" lastid="0000000001CBD500" lastname="Thread-5" />
</exclusive-start>
<allocation-taxation id="31" taxation-threshold="2097152" timestamp="2019-06-16T01:53:42.893" intervalms="40.276" />
<cycle-start id="32" type="global mark phase" contextid="0" timestamp="2019-06-16T01:53:42.893" intervalms="954.677" />
<gc-start id="33" type="global mark phase" contextid="32" timestamp="2019-06-16T01:53:42.893">
  <mem-info id="34" free="3145728" total="9437184" percent="33">
    <remembered-set count="2400" freebytes="367104" totalbytes="376704" percent="97" regionsoverflowed="0" regionsstable="0" regionsrebuilding="0"/>
  </mem-info>
</gc-start>
<gc-op id="35" type="mark increment" timems="0.536" contextid="32" timestamp="2019-06-16T01:53:42.894">
  <trace-info objectcount="157" scancount="0" scanbytes="0" />
</gc-op>
<gc-end id="36" type="global mark phase" contextid="32" durationms="0.680" usertimems="0.000" systemtimems="0.000" timestamp="2019-06-16T01:53:42.894" activeThreads="1">
  <mem-info id="37" free="3145728" total="9437184" percent="33">
    <remembered-set count="2400" freebytes="367104" totalbytes="376704" percent="97" regionsoverflowed="0" regionsstable="0" regionsrebuilding="0"/>
  </mem-info>
</gc-end>
<concurrent-start id="38" type="GMP work packet processing" contextid="32" timestamp="2019-06-16T01:53:42.894">
  <concurrent-mark-start scanTarget="18446744073709551615" />
</concurrent-start>
<exclusive-end id="39" timestamp="2019-06-16T01:53:42.894" durationms="1.211" />

<concurrent-end id="40" type="GMP work packet processing" contextid="32" timestamp="2019-06-16T01:53:42.895">
  <concurrent-mark-end bytesScanned="1187708" reasonForTermination="Completed all work in GC phase" />
</concurrent-end>

<exclusive-start id="41" timestamp="2019-06-16T01:53:42.900" intervalms="7.434">
  <response-info timems="0.058" idlems="0.058" threads="0" lastid="0000000001CBD500" lastname="Thread-5" />
</exclusive-start>
<allocation-taxation id="42" taxation-threshold="2097152" timestamp="2019-06-16T01:53:42.900" intervalms="7.395" />
<cycle-start id="43" type="partial gc" contextid="0" timestamp="2019-06-16T01:53:42.900" intervalms="47.628" />
<gc-start id="44" type="partial gc" contextid="43" timestamp="2019-06-16T01:53:42.901">
  <mem-info id="45" free="1048576" total="9437184" percent="11">
    <mem type="eden" free="0" total="5242880" percent="0" />
    <remembered-set count="2400" freebytes="367104" totalbytes="376704" percent="97" regionsoverflowed="0" regionsstable="0" regionsrebuilding="0"/>
  </mem-info>
</gc-start>
<allocation-stats totalBytes="4183872" >
  <allocated-bytes non-tlh="49160" tlh="4134712" arrayletleaf="0"/>
  <largest-consumer threadName="Thread-5" threadId="0000000001CBD500" bytes="2093008" />
</allocation-stats>
<gc-op id="46" type="copy forward" timems="3.629" contextid="43" timestamp="2019-06-16T01:53:42.905">
  <memory-copied type="eden" objects="21" bytes="131232" bytesdiscarded="0" />
  <memory-copied type="other" objects="14636" bytes="1221360" bytesdiscarded="273112" />
  <memory-cardclean objects="124" bytes="9200" />
  <regions eden="4" other="2" />
  <remembered-set-cleared processed="1333" cleared="650" durationms="0.079" />
  <references type="soft" candidates="17" cleared="0" enqueued="0" dynamicThreshold="10" maxThreshold="32" />
  <references type="weak" candidates="16" cleared="0" enqueued="0" />
  <references type="phantom" candidates="2" cleared="0" enqueued="0" />
  <stringconstants candidates="4533" cleared="0"  />
  <heap-resize type="expand" space="default" amount="2097152" count="2" timems="0.415" reason="continue current collection" />
</gc-op>
<gc-op id="47" type="classunload" timems="0.003" contextid="43" timestamp="2019-06-16T01:53:42.905">
  <classunload-info classloadercandidates="8" classloadersunloaded="0" classesunloaded="0" anonymousclassesunloaded="0" quiescems="0.000" setupms="0.002" scanms="0.000" postms="0.000" />
</gc-op>
<gc-op id="48" type="compact" timems="0.774" contextid="43" timestamp="2019-06-16T01:53:42.906">
  <compact-info movecount="0" movebytes="0" />
  <remembered-set-cleared processed="2551" cleared="650" durationms="0.079" />
</gc-op>
<gc-end id="49" type="partial gc" contextid="43" durationms="5.739" usertimems="0.000" systemtimems="8.000" timestamp="2019-06-16T01:53:42.906" activeThreads="4">
  <mem-info id="50" free="6291456" total="11534336" percent="54">
    <mem type="eden" free="917344" total="1048576" percent="87" />
    <remembered-set count="2016" freebytes="452352" totalbytes="460416" percent="98" regionsoverflowed="0" regionsstable="0" regionsrebuilding="0"/>
  </mem-info>
</gc-end>
<cycle-end id="51" type="partial gc" contextid="43" timestamp="2019-06-16T01:53:42.907" />
  <attribute name="elasticGC enabled" value="1" />
  <attribute name= "numThreadsSpecified" value="4" />
  <attribute name="heapSize specified" value="0" />
  <attribute name="Current GC Util" value="111" />
  <attribute name= "Current Time Running" value="855" />
  <attribute name ="GC Interval" value="0" />
  <attribute name="ProportionalT" value="136.500000" />
  <attribute name="ProportionalI" value="136.500000" />
  <attribute name="ProportionalH" value="136.500000" />
  <attribute name="Current Error" value="91.000000" />
  <attribute name="IntegralT" value="364.000000" />
  <attribute name="IntegralI" value="364.000000" />
  <attribute name="IntegralH" value="364.000000" />
  <attribute name="DerivativeT" value="20.500000" />
  <attribute name="DerivativeI" value="20.500000" />
  <attribute name="DerivativeH" value="20.500000" />
  <attribute name="Loop Time for DT" value="4.000000" />
  <attribute name="Output H" value="8388608"/>
  <attribute name="Output I" value="528"/>
  <attribute name="Output T" value="4"/>
  <attribute name="Target GC Util Change" value ="20.000000" />
  <attribute name="Current GC Util Change" value="111.000000"/>
  <attribute name="GC Util currently" value="111" />
  <attribute name="CPU Util currently" value="1211734874181" />
<exclusive-end id="52" timestamp="2019-06-16T01:53:42.907" durationms="6.519" />

<exclusive-start id="53" timestamp="2019-06-16T01:53:42.936" intervalms="36.079">
  <response-info timems="0.032" idlems="0.032" threads="0" lastid="0000000001CB5D00" lastname="Thread-8" />
</exclusive-start>
<allocation-taxation id="54" taxation-threshold="3145728" timestamp="2019-06-16T01:53:42.936" intervalms="36.079" />
<gc-start id="55" type="global mark phase" contextid="32" timestamp="2019-06-16T01:53:42.936">
  <mem-info id="56" free="3145728" total="11534336" percent="27">
    <remembered-set count="1088" freebytes="456064" totalbytes="460416" percent="99" regionsoverflowed="0" regionsstable="1" regionsrebuilding="0"/>
  </mem-info>
</gc-start>
<gc-op id="57" type="mark increment" timems="1.187" contextid="32" timestamp="2019-06-16T01:53:42.938">
  <trace-info objectcount="20482" scancount="20397" scanbytes="1044636" />
  <cardclean-info objects="674" bytes="29240" />
  <finalization candidates="124" enqueued="0" />
  <ownableSynchronizers candidates="3" cleared="0" />
  <references type="soft" candidates="149" cleared="0" enqueued="0" dynamicThreshold="17" maxThreshold="32" />
  <references type="weak" candidates="773" cleared="0" enqueued="0" />
  <references type="phantom" candidates="66" cleared="2" enqueued="2" />
  <stringconstants candidates="4596" cleared="0"  />
</gc-op>
<gc-op id="58" type="classunload" timems="0.005" contextid="32" timestamp="2019-06-16T01:53:42.938">
  <classunload-info classloadercandidates="8" classloadersunloaded="0" classesunloaded="0" anonymousclassesunloaded="0" quiescems="0.000" setupms="0.004" scanms="0.000" postms="0.000" />
</gc-op>
<gc-end id="59" type="global mark phase" contextid="32" durationms="1.510" usertimems="4.000" systemtimems="0.000" timestamp="2019-06-16T01:53:42.938" activeThreads="1">
  <mem-info id="60" free="3145728" total="11534336" percent="27">
    <pending-finalizers system="0" default="0" reference="2" classloader="0" />
    <remembered-set count="1088" freebytes="456064" totalbytes="460416" percent="99" regionsoverflowed="0" regionsstable="1" regionsrebuilding="0"/>
  </mem-info>
</gc-end>
<cycle-end id="61" type="global mark phase" contextid="32" timestamp="2019-06-16T01:53:42.938" />
  <attribute name="elasticGC enabled" value="1" />
  <attribute name= "numThreadsSpecified" value="1" />
  <attribute name="heapSize specified" value="0" />
  <attribute name="Current GC Util" value="120" />
  <attribute name= "Current Time Running" value="887" />
  <attribute name ="GC Interval" value="0" />
  <attribute name="ProportionalT" value="150.000000" />
  <attribute name="ProportionalI" value="150.000000" />
  <attribute name="ProportionalH" value="150.000000" />
  <attribute name="Current Error" value="100.000000" />
  <attribute name="IntegralT" value="0.000000" />
  <attribute name="IntegralI" value="0.000000" />
  <attribute name="IntegralH" value="0.000000" />
  <attribute name="DerivativeT" value="inf" />
  <attribute name="DerivativeI" value="inf" />
  <attribute name="DerivativeH" value="inf" />
  <attribute name="Loop Time for DT" value="0.000000" />
  <attribute name="Output H" value="8388608"/>
  <attribute name="Output I" value="200"/>
  <attribute name="Output T" value="1"/>
  <attribute name="Target GC Util Change" value ="20.000000" />
  <attribute name="Current GC Util Change" value="120.000000"/>
  <attribute name="GC Util currently" value="120" />
  <attribute name="CPU Util currently" value="10539743888639" />
<exclusive-end id="62" timestamp="2019-06-16T01:53:42.938" durationms="1.952" />

<exclusive-start id="63" timestamp="2019-06-16T01:53:42.979" intervalms="42.448">
  <response-info timems="0.079" idlems="0.079" threads="0" lastid="0000000001CB9900" lastname="Thread-7" />
</exclusive-start>
<allocation-taxation id="64" taxation-threshold="3145728" timestamp="2019-06-16T01:53:42.979" intervalms="42.488" />
<cycle-start id="65" type="partial gc" contextid="0" timestamp="2019-06-16T01:53:42.979" intervalms="78.585" />
<gc-start id="66" type="partial gc" contextid="65" timestamp="2019-06-16T01:53:42.979">
  <mem-info id="67" free="0" total="11534336" percent="0">
    <mem type="eden" free="917344" total="7340032" percent="12" />
    <remembered-set count="1088" freebytes="456064" totalbytes="460416" percent="99" regionsoverflowed="0" regionsstable="1" regionsrebuilding="0"/>
  </mem-info>
</gc-start>
<allocation-stats totalBytes="6263984" >
  <allocated-bytes non-tlh="441136" tlh="5822848" arrayletleaf="0"/>
  <largest-consumer threadName="Thread-8" threadId="0000000001CB5D00" bytes="1236816" />
</allocation-stats>
<gc-op id="68" type="sweep" timems="0.536" contextid="65" timestamp="2019-06-16T01:53:42.980" />
<gc-op id="69" type="copy forward" timems="2.890" contextid="65" timestamp="2019-06-16T01:53:42.983">
  <memory-copied type="eden" objects="499" bytes="12112" bytesdiscarded="0" />
  <memory-copied type="other" objects="20294" bytes="1362568" bytesdiscarded="0" />
  <memory-cardclean objects="283" bytes="13640" />
  <memory-traced type="eden" objects="603" bytes="15584" />
  <memory-traced type="other" objects="0" bytes="0" />
  <regions eden="3" other="3" evacuated="5" marked="1" />
  <remembered-set-cleared processed="379" cleared="33" durationms="0.062" />
  <stringconstants candidates="4596" cleared="0"  />
  <heap-resize type="expand" space="default" amount="1048576" count="1" timems="0.071" reason="continue current collection" />
</gc-op>
<gc-op id="70" type="classunload" timems="0.002" contextid="65" timestamp="2019-06-16T01:53:42.983">
  <classunload-info classloadercandidates="8" classloadersunloaded="0" classesunloaded="0" anonymousclassesunloaded="0" quiescems="0.000" setupms="0.002" scanms="0.000" postms="0.000" />
</gc-op>
<gc-op id="71" type="compact" timems="0.885" contextid="65" timestamp="2019-06-16T01:53:42.985">
  <compact-info movecount="603" movebytes="15584" />
  <remembered-set-cleared processed="1016" cleared="104" durationms="0.062" />
</gc-op>
<gc-end id="72" type="partial gc" contextid="65" durationms="5.682" usertimems="8.000" systemtimems="0.000" timestamp="2019-06-16T01:53:42.985" activeThreads="4">
  <mem-info id="73" free="5242880" total="12582912" percent="41">
    <mem type="eden" free="1755424" total="3145728" percent="55" />
    <remembered-set count="2400" freebytes="492672" totalbytes="502272" percent="98" regionsoverflowed="0" regionsstable="1" regionsrebuilding="0"/>
  </mem-info>
</gc-end>
<cycle-end id="74" type="partial gc" contextid="65" timestamp="2019-06-16T01:53:42.985" />
  <attribute name="elasticGC enabled" value="1" />
  <attribute name= "numThreadsSpecified" value="4" />
  <attribute name="heapSize specified" value="0" />
  <attribute name="Current GC Util" value="0" />
  <attribute name= "Current Time Running" value="933" />
  <attribute name ="GC Interval" value="0" />
  <attribute name="ProportionalT" value="-30.000000" />
  <attribute name="ProportionalI" value="-30.000000" />
  <attribute name="ProportionalH" value="-30.000000" />
  <attribute name="Current Error" value="-20.000000" />
  <attribute name="IntegralT" value="-60.000000" />
  <attribute name="IntegralI" value="-60.000000" />
  <attribute name="IntegralH" value="-60.000000" />
  <attribute name="DerivativeT" value="-15.333333" />
  <attribute name="DerivativeI" value="-15.333333" />
  <attribute name="DerivativeH" value="-15.333333" />
  <attribute name="Loop Time for DT" value="3.000000" />
  <attribute name="Output H" value="2091843584"/>
  <attribute name="Output I" value="200"/>
  <attribute name="Output T" value="4"/>
  <attribute name="Target GC Util Change" value ="20.000000" />
  <attribute name="Current GC Util Change" value="0.000000"/>
  <attribute name="GC Util currently" value="0" />
  <attribute name="CPU Util currently" value="1451258992367" />
<exclusive-end id="75" timestamp="2019-06-16T01:53:42.985" durationms="6.593" />

<exclusive-start id="76" timestamp="2019-06-16T01:53:42.998" intervalms="19.198">
  <response-info timems="0.463" idlems="0.463" threads="0" lastid="0000000001CB5D00" lastname="Thread-8" />
</exclusive-start>
<allocation-taxation id="77" taxation-threshold="5242880" timestamp="2019-06-16T01:53:42.998" intervalms="19.252" />
<cycle-start id="78" type="partial gc" contextid="0" timestamp="2019-06-16T01:53:42.998" intervalms="19.307" />
<gc-start id="79" type="partial gc" contextid="78" timestamp="2019-06-16T01:53:42.999">
  <mem-info id="80" free="0" total="12582912" percent="0">
    <mem type="eden" free="1032992" total="6291456" percent="16" />
    <remembered-set count="2080" freebytes="493952" totalbytes="502272" percent="98" regionsoverflowed="0" regionsstable="1" regionsrebuilding="0"/>
  </mem-info>
</gc-start>
<allocation-stats totalBytes="5241776" >
  <allocated-bytes non-tlh="0" tlh="5241776" arrayletleaf="0"/>
  <largest-consumer threadName="Thread-10" threadId="0000000001CBD500" bytes="2113104" />
</allocation-stats>
<gc-op id="81" type="mark" timems="1.530" contextid="78" timestamp="2019-06-16T01:53:43.001">
  <trace-info objectcount="22767" scancount="22682" scanbytes="1099860" />
  <cardclean-info objects="43" bytes="3172" />
  <remembered-set-cleared processed="473" cleared="108" durationms="0.064" />
  <stringconstants candidates="4596" cleared="0"  />
  <warning details="Mark invoked due to insufficient free space for Copy-Forward" />
</gc-op>
<gc-op id="82" type="classunload" timems="0.002" contextid="78" timestamp="2019-06-16T01:53:43.001">
  <classunload-info classloadercandidates="8" classloadersunloaded="0" classesunloaded="0" anonymousclassesunloaded="0" quiescems="0.000" setupms="0.002" scanms="0.000" postms="0.000" />
</gc-op>
<gc-op id="83" type="sweep" timems="0.569" contextid="78" timestamp="2019-06-16T01:53:43.001" />
<gc-op id="84" type="compact" timems="2.675" contextid="78" timestamp="2019-06-16T01:53:43.004">
  <compact-info movecount="22757" movebytes="1423192" />
  <remembered-set-cleared processed="1041" cleared="311" durationms="0.064" />
</gc-op>
<heap-resize id="85" type="expand" space="default" amount="3145728" count="1" timems="0.079" reason="excessive time being spent in gc" timestamp="2019-06-16T01:53:43.005" />
<gc-end id="86" type="partial gc" contextid="78" durationms="6.144" usertimems="8.000" systemtimems="0.000" timestamp="2019-06-16T01:53:43.005" activeThreads="1">
  <mem-info id="87" free="8388608" total="15728640" percent="53">
    <mem type="eden" free="1008536" total="2097152" percent="48" />
    <remembered-set count="2752" freebytes="616832" totalbytes="627840" percent="98" regionsoverflowed="0" regionsstable="1" regionsrebuilding="0"/>
  </mem-info>
</gc-end>
<cycle-end id="88" type="partial gc" contextid="78" timestamp="2019-06-16T01:53:43.005" />
  <attribute name="elasticGC enabled" value="1" />
  <attribute name= "numThreadsSpecified" value="1" />
  <attribute name="heapSize specified" value="0" />
  <attribute name="Current GC Util" value="36" />
  <attribute name= "Current Time Running" value="951" />
  <attribute name ="GC Interval" value="0" />
  <attribute name="ProportionalT" value="24.000000" />
  <attribute name="ProportionalI" value="24.000000" />
  <attribute name="ProportionalH" value="24.000000" />
  <attribute name="Current Error" value="16.000000" />
  <attribute name="IntegralT" value="0.000000" />
  <attribute name="IntegralI" value="0.000000" />
  <attribute name="IntegralH" value="0.000000" />
  <attribute name="DerivativeT" value="inf" />
  <attribute name="DerivativeI" value="inf" />
  <attribute name="DerivativeH" value="inf" />
  <attribute name="Loop Time for DT" value="0.000000" />
  <attribute name="Output H" value="8388608"/>
  <attribute name="Output I" value="200"/>
  <attribute name="Output T" value="1"/>
  <attribute name="Target GC Util Change" value ="20.000000" />
  <attribute name="Current GC Util Change" value="36.000000"/>
  <attribute name="GC Util currently" value="36" />
  <attribute name="CPU Util currently" value="5684169419389" />
<exclusive-end id="89" timestamp="2019-06-16T01:53:43.005" durationms="7.153" />

<exclusive-start id="90" timestamp="2019-06-16T01:53:43.014" intervalms="16.455">
  <response-info timems="0.031" idlems="0.031" threads="0" lastid="0000000001CC1100" lastname="Thread-9" />
</exclusive-start>
<allocation-taxation id="91" taxation-threshold="4194304" timestamp="2019-06-16T01:53:43.014" intervalms="16.367" />
<cycle-start id="92" type="global mark phase" contextid="0" timestamp="2019-06-16T01:53:43.015" intervalms="121.721" />
<gc-start id="93" type="global mark phase" contextid="92" timestamp="2019-06-16T01:53:43.015">
  <mem-info id="94" free="4194304" total="15728640" percent="26">
    <remembered-set count="2464" freebytes="617984" totalbytes="627840" percent="98" regionsoverflowed="0" regionsstable="1" regionsrebuilding="0"/>
  </mem-info>
</gc-start>
<gc-op id="95" type="mark increment" timems="0.423" contextid="92" timestamp="2019-06-16T01:53:43.015">
  <trace-info objectcount="194" scancount="0" scanbytes="0" />
</gc-op>
<gc-end id="96" type="global mark phase" contextid="92" durationms="0.591" usertimems="0.000" systemtimems="0.000" timestamp="2019-06-16T01:53:43.015" activeThreads="1">
  <mem-info id="97" free="4194304" total="15728640" percent="26">
    <remembered-set count="2464" freebytes="617984" totalbytes="627840" percent="98" regionsoverflowed="0" regionsstable="0" regionsrebuilding="1"/>
  </mem-info>
</gc-end>
<concurrent-start id="98" type="GMP work packet processing" contextid="92" timestamp="2019-06-16T01:53:43.015">
  <concurrent-mark-start scanTarget="18446744073709551615" />
</concurrent-start>
<exclusive-end id="99" timestamp="2019-06-16T01:53:43.017" durationms="2.801" />

<concurrent-end id="100" type="GMP work packet processing" contextid="92" timestamp="2019-06-16T01:53:43.019">
  <concurrent-mark-end bytesScanned="2305836" reasonForTermination="Completed all work in GC phase" />
</concurrent-end>

<exclusive-start id="101" timestamp="2019-06-16T01:53:43.028" intervalms="13.407">
  <response-info timems="0.047" idlems="0.025" threads="1" lastid="0000000001CC1100" lastname="Thread-9" />
</exclusive-start>
<allocation-taxation id="102" taxation-threshold="4194304" timestamp="2019-06-16T01:53:43.028" intervalms="13.435" />
<cycle-start id="103" type="partial gc" contextid="0" timestamp="2019-06-16T01:53:43.028" intervalms="29.734" />
<gc-start id="104" type="partial gc" contextid="103" timestamp="2019-06-16T01:53:43.028">
  <mem-info id="105" free="0" total="15728640" percent="0">
    <mem type="eden" free="1008536" total="9437184" percent="10" />
    <remembered-set count="5024" freebytes="607744" totalbytes="627840" percent="96" regionsoverflowed="0" regionsstable="0" regionsrebuilding="1"/>
  </mem-info>
</gc-start>
<allocation-stats totalBytes="8387384" >
  <allocated-bytes non-tlh="0" tlh="8387384" arrayletleaf="0"/>
  <largest-consumer threadName="Thread-10" threadId="0000000001CBD500" bytes="1863504" />
</allocation-stats>
<gc-op id="106" type="mark" timems="1.378" contextid="103" timestamp="2019-06-16T01:53:43.030">
  <trace-info objectcount="4114" scancount="4114" scanbytes="102556" />
  <cardclean-info objects="5883" bytes="308144" />
  <remembered-set-cleared processed="3295" cleared="220" durationms="0.073" />
  <stringconstants candidates="4596" cleared="0"  />
  <warning details="Mark invoked due to insufficient free space for Copy-Forward" />
</gc-op>
<gc-op id="107" type="classunload" timems="0.003" contextid="103" timestamp="2019-06-16T01:53:43.030">
  <classunload-info classloadercandidates="8" classloadersunloaded="0" classesunloaded="0" anonymousclassesunloaded="0" quiescems="0.000" setupms="0.003" scanms="0.000" postms="0.000" />
</gc-op>
<gc-op id="108" type="sweep" timems="0.367" contextid="103" timestamp="2019-06-16T01:53:43.031" />
<gc-op id="109" type="compact" timems="1.155" contextid="103" timestamp="2019-06-16T01:53:43.032">
  <compact-info movecount="3894" movebytes="94616" />
  <remembered-set-cleared processed="6692" cleared="532" durationms="0.073" />
</gc-op>
<heap-resize id="110" type="expand" space="default" amount="3145728" count="1" timems="0.078" reason="excessive time being spent in gc" timestamp="2019-06-16T01:53:43.032" />
<gc-end id="111" type="partial gc" contextid="103" durationms="4.213" usertimems="4.000" systemtimems="4.000" timestamp="2019-06-16T01:53:43.032" activeThreads="4">
  <mem-info id="112" free="10485760" total="18874368" percent="55">
    <mem type="eden" free="1997256" total="2097152" percent="95" />
    <remembered-set count="5984" freebytes="729472" totalbytes="753408" percent="96" regionsoverflowed="0" regionsstable="0" regionsrebuilding="1"/>
  </mem-info>
</gc-end>
<cycle-end id="113" type="partial gc" contextid="103" timestamp="2019-06-16T01:53:43.033" />
  <attribute name="elasticGC enabled" value="1" />
  <attribute name= "numThreadsSpecified" value="4" />
  <attribute name="heapSize specified" value="0" />
  <attribute name="Current GC Util" value="30" />
  <attribute name= "Current Time Running" value="981" />
  <attribute name ="GC Interval" value="0" />
  <attribute name="ProportionalT" value="15.000000" />
  <attribute name="ProportionalI" value="15.000000" />
  <attribute name="ProportionalH" value="15.000000" />
  <attribute name="Current Error" value="10.000000" />
  <attribute name="IntegralT" value="10.000000" />
  <attribute name="IntegralI" value="10.000000" />
  <attribute name="IntegralH" value="10.000000" />
  <attribute name="DerivativeT" value="-64.000000" />
  <attribute name="DerivativeI" value="-64.000000" />
  <attribute name="DerivativeH" value="-64.000000" />
  <attribute name="Loop Time for DT" value="1.000000" />
  <attribute name="Output H" value="2091843584"/>
  <attribute name="Output I" value="200"/>
  <attribute name="Output T" value="4"/>
  <attribute name="Target GC Util Change" value ="20.000000" />
  <attribute name="Current GC Util Change" value="30.000000"/>
  <attribute name="GC Util currently" value="30" />
  <attribute name="CPU Util currently" value="8224799167658" />
<exclusive-end id="114" timestamp="2019-06-16T01:53:43.033" durationms="4.995" />

<exclusive-start id="115" timestamp="2019-06-16T01:53:43.043" intervalms="14.937">
  <response-info timems="0.043" idlems="0.043" threads="0" lastid="0000000001CBD500" lastname="Thread-10" />
</exclusive-start>
<allocation-taxation id="116" taxation-threshold="5242880" timestamp="2019-06-16T01:53:43.043" intervalms="14.950" />
<gc-start id="117" type="global mark phase" contextid="92" timestamp="2019-06-16T01:53:43.043">
  <mem-info id="118" free="5242880" total="18874368" percent="27">
    <remembered-set count="5600" freebytes="731008" totalbytes="753408" percent="97" regionsoverflowed="0" regionsstable="0" regionsrebuilding="1"/>
  </mem-info>
</gc-start>
<gc-op id="119" type="mark increment" timems="1.391" contextid="92" timestamp="2019-06-16T01:53:43.045">
  <trace-info objectcount="5152" scancount="5152" scanbytes="127308" />
  <cardclean-info objects="7689" bytes="394192" />
  <finalization candidates="124" enqueued="0" />
  <ownableSynchronizers candidates="3" cleared="0" />
  <references type="soft" candidates="149" cleared="0" enqueued="0" dynamicThreshold="17" maxThreshold="32" />
  <references type="weak" candidates="773" cleared="0" enqueued="0" />
  <references type="phantom" candidates="64" cleared="0" enqueued="0" />
  <stringconstants candidates="4596" cleared="0"  />
</gc-op>
<gc-op id="120" type="classunload" timems="0.005" contextid="92" timestamp="2019-06-16T01:53:43.045">
  <classunload-info classloadercandidates="8" classloadersunloaded="0" classesunloaded="0" anonymousclassesunloaded="0" quiescems="0.000" setupms="0.004" scanms="0.000" postms="0.000" />
</gc-op>
<gc-end id="121" type="global mark phase" contextid="92" durationms="1.761" usertimems="0.000" systemtimems="0.000" timestamp="2019-06-16T01:53:43.045" activeThreads="4">
  <mem-info id="122" free="5242880" total="18874368" percent="27">
    <remembered-set count="5600" freebytes="731008" totalbytes="753408" percent="97" regionsoverflowed="0" regionsstable="0" regionsrebuilding="0"/>
  </mem-info>
</gc-end>
<cycle-end id="123" type="global mark phase" contextid="92" timestamp="2019-06-16T01:53:43.045" />
  <attribute name="elasticGC enabled" value="1" />
  <attribute name= "numThreadsSpecified" value="4" />
  <attribute name="heapSize specified" value="0" />
  <attribute name="Current GC Util" value="63" />
  <attribute name= "Current Time Running" value="994" />
  <attribute name ="GC Interval" value="0" />
  <attribute name="ProportionalT" value="64.500000" />
  <attribute name="ProportionalI" value="64.500000" />
  <attribute name="ProportionalH" value="64.500000" />
  <attribute name="Current Error" value="43.000000" />
  <attribute name="IntegralT" value="0.000000" />
  <attribute name="IntegralI" value="0.000000" />
  <attribute name="IntegralH" value="0.000000" />
  <attribute name="DerivativeT" value="-inf" />
  <attribute name="DerivativeI" value="-inf" />
  <attribute name="DerivativeH" value="-inf" />
  <attribute name="Loop Time for DT" value="0.000000" />
  <attribute name="Output H" value="2091843584"/>
  <attribute name="Output I" value="200"/>
  <attribute name="Output T" value="4"/>
  <attribute name="Target GC Util Change" value ="20.000000" />
  <attribute name="Current GC Util Change" value="63.000000"/>
  <attribute name="GC Util currently" value="63" />
  <attribute name="CPU Util currently" value="20182609988628" />
<exclusive-end id="124" timestamp="2019-06-16T01:53:43.045" durationms="2.248" />

<exclusive-start id="125" timestamp="2019-06-16T01:53:43.052" intervalms="9.218">
  <response-info timems="0.101" idlems="0.101" threads="0" lastid="0000000001CC1100" lastname="Thread-9" />
</exclusive-start>
<allocation-taxation id="126" taxation-threshold="5242880" timestamp="2019-06-16T01:53:43.052" intervalms="9.216" />
<cycle-start id="127" type="partial gc" contextid="0" timestamp="2019-06-16T01:53:43.052" intervalms="24.164" />
<gc-start id="128" type="partial gc" contextid="127" timestamp="2019-06-16T01:53:43.052">
  <mem-info id="129" free="0" total="18874368" percent="0">
    <mem type="eden" free="0" total="10485760" percent="0" />
    <remembered-set count="2944" freebytes="741632" totalbytes="753408" percent="98" regionsoverflowed="0" regionsstable="1" regionsrebuilding="0"/>
  </mem-info>
</gc-start>
<allocation-stats totalBytes="10484360" >
  <allocated-bytes non-tlh="0" tlh="10484360" arrayletleaf="0"/>
  <largest-consumer threadName="Thread-8" threadId="0000000001CB5D00" bytes="2031392" />
</allocation-stats>
<gc-op id="130" type="sweep" timems="0.374" contextid="127" timestamp="2019-06-16T01:53:43.053" />
<gc-op id="131" type="mark" timems="1.044" contextid="127" timestamp="2019-06-16T01:53:43.055">
  <trace-info objectcount="5155" scancount="5155" scanbytes="124928" />
  <cardclean-info objects="7247" bytes="353312" />
  <remembered-set-cleared processed="1148" cleared="385" durationms="0.082" />
  <stringconstants candidates="4596" cleared="0"  />
  <warning details="Mark invoked due to insufficient free space for Copy-Forward" />
</gc-op>
<gc-op id="132" type="classunload" timems="0.003" contextid="127" timestamp="2019-06-16T01:53:43.055">
  <classunload-info classloadercandidates="8" classloadersunloaded="0" classesunloaded="0" anonymousclassesunloaded="0" quiescems="0.000" setupms="0.002" scanms="0.000" postms="0.000" />
</gc-op>
<gc-op id="133" type="sweep" timems="0.594" contextid="127" timestamp="2019-06-16T01:53:43.056" />
<gc-op id="134" type="compact" timems="1.666" contextid="127" timestamp="2019-06-16T01:53:43.057">
  <compact-info movecount="10837" movebytes="420096" />
  <remembered-set-cleared processed="2319" cleared="961" durationms="0.082" />
</gc-op>
<heap-resize id="135" type="expand" space="default" amount="4194304" count="1" timems="0.082" reason="excessive time being spent in gc" timestamp="2019-06-16T01:53:43.058" />
<gc-end id="136" type="partial gc" contextid="127" durationms="5.389" usertimems="4.000" systemtimems="0.000" timestamp="2019-06-16T01:53:43.058" activeThreads="4">
  <mem-info id="137" free="13631488" total="23068672" percent="59">
    <mem type="eden" free="985496" total="1048576" percent="93" />
    <remembered-set count="3392" freebytes="907264" totalbytes="920832" percent="98" regionsoverflowed="0" regionsstable="1" regionsrebuilding="0"/>
  </mem-info>
</gc-end>
<cycle-end id="138" type="partial gc" contextid="127" timestamp="2019-06-16T01:53:43.058" />
  <attribute name="elasticGC enabled" value="1" />
  <attribute name= "numThreadsSpecified" value="4" />
  <attribute name="heapSize specified" value="0" />
  <attribute name="Current GC Util" value="23" />
  <attribute name= "Current Time Running" value="1006" />
  <attribute name ="GC Interval" value="0" />
  <attribute name="ProportionalT" value="4.500000" />
  <attribute name="ProportionalI" value="4.500000" />
  <attribute name="ProportionalH" value="4.500000" />
  <attribute name="Current Error" value="3.000000" />
  <attribute name="IntegralT" value="3.000000" />
  <attribute name="IntegralI" value="3.000000" />
  <attribute name="IntegralH" value="3.000000" />
  <attribute name="DerivativeT" value="3.000000" />
  <attribute name="DerivativeI" value="3.000000" />
  <attribute name="DerivativeH" value="3.000000" />
  <attribute name="Loop Time for DT" value="1.000000" />
  <attribute name="Output H" value="8388608"/>
  <attribute name="Output I" value="200"/>
  <attribute name="Output T" value="4"/>
  <attribute name="Target GC Util Change" value ="20.000000" />
  <attribute name="Current GC Util Change" value="23.000000"/>
  <attribute name="GC Util currently" value="23" />
  <attribute name="CPU Util currently" value="5565051722940" />
<exclusive-end id="139" timestamp="2019-06-16T01:53:43.058" durationms="6.209" />

<exclusive-start id="140" timestamp="2019-06-16T01:53:43.072" intervalms="20.561">
  <response-info timems="0.058" idlems="0.058" threads="0" lastid="0000000001CB9900" lastname="Thread-7" />
</exclusive-start>
<allocation-taxation id="141" taxation-threshold="12582912" timestamp="2019-06-16T01:53:43.073" intervalms="20.565" />
<cycle-start id="142" type="partial gc" contextid="0" timestamp="2019-06-16T01:53:43.073" intervalms="20.598" />
<gc-start id="143" type="partial gc" contextid="142" timestamp="2019-06-16T01:53:43.073">
  <mem-info id="144" free="1048576" total="23068672" percent="4">
    <mem type="eden" free="0" total="12582912" percent="0" />
    <remembered-set count="3136" freebytes="908288" totalbytes="920832" percent="98" regionsoverflowed="0" regionsstable="1" regionsrebuilding="0"/>
  </mem-info>
</gc-start>
<allocation-stats totalBytes="12581240" >
  <allocated-bytes non-tlh="0" tlh="12581240" arrayletleaf="0"/>
  <largest-consumer threadName="Thread-10" threadId="0000000001CBD500" bytes="4640256" />
</allocation-stats>
<gc-op id="145" type="copy forward" timems="2.328" contextid="142" timestamp="2019-06-16T01:53:43.076">
  <memory-copied type="eden" objects="3077" bytes="83504" bytesdiscarded="9264" />
  <memory-copied type="other" objects="9338" bytes="698128" bytesdiscarded="55232" />
  <memory-cardclean objects="8474" bytes="463864" />
  <regions eden="12" other="2" />
  <remembered-set-cleared processed="1259" cleared="778" durationms="0.090" />
  <references type="soft" candidates="5" cleared="0" enqueued="0" dynamicThreshold="18" maxThreshold="32" />
  <references type="weak" candidates="12" cleared="0" enqueued="0" />
  <references type="phantom" candidates="3" cleared="0" enqueued="0" />
  <stringconstants candidates="4596" cleared="0"  />
  <heap-resize type="expand" space="default" amount="1048576" count="1" timems="0.131" reason="continue current collection" />
</gc-op>
<gc-op id="146" type="classunload" timems="0.003" contextid="142" timestamp="2019-06-16T01:53:43.076">
  <classunload-info classloadercandidates="8" classloadersunloaded="0" classesunloaded="0" anonymousclassesunloaded="0" quiescems="0.000" setupms="0.002" scanms="0.000" postms="0.000" />
</gc-op>
<gc-end id="147" type="partial gc" contextid="142" durationms="3.336" usertimems="4.000" systemtimems="0.000" timestamp="2019-06-16T01:53:43.076" activeThreads="4">
  <mem-info id="148" free="14680064" total="24117248" percent="60">
    <mem type="eden" free="955808" total="1048576" percent="91" />
    <remembered-set count="4256" freebytes="945664" totalbytes="962688" percent="98" regionsoverflowed="0" regionsstable="1" regionsrebuilding="0"/>
  </mem-info>
</gc-end>
<cycle-end id="149" type="partial gc" contextid="142" timestamp="2019-06-16T01:53:43.077" />
  <attribute name="elasticGC enabled" value="1" />
  <attribute name= "numThreadsSpecified" value="4" />
  <attribute name="heapSize specified" value="0" />
  <attribute name="Current GC Util" value="49" />
  <attribute name= "Current Time Running" value="1024" />
  <attribute name ="GC Interval" value="0" />
  <attribute name="ProportionalT" value="43.500000" />
  <attribute name="ProportionalI" value="43.500000" />
  <attribute name="ProportionalH" value="43.500000" />
  <attribute name="Current Error" value="29.000000" />
  <attribute name="IntegralT" value="29.000000" />
  <attribute name="IntegralI" value="29.000000" />
  <attribute name="IntegralH" value="29.000000" />
  <attribute name="DerivativeT" value="15.000000" />
  <attribute name="DerivativeI" value="15.000000" />
  <attribute name="DerivativeH" value="15.000000" />
  <attribute name="Loop Time for DT" value="1.000000" />
  <attribute name="Output H" value="8388608"/>
  <attribute name="Output I" value="200"/>
  <attribute name="Output T" value="4"/>
  <attribute name="Target GC Util Change" value ="20.000000" />
  <attribute name="Current GC Util Change" value="49.000000"/>
  <attribute name="GC Util currently" value="49" />
  <attribute name="CPU Util currently" value="17822803367588" />
<exclusive-end id="150" timestamp="2019-06-16T01:53:43.077" durationms="4.183" />

<exclusive-start id="151" timestamp="2019-06-16T01:53:43.091" intervalms="18.261">
  <response-info timems="0.068" idlems="0.068" threads="0" lastid="0000000001CB9900" lastname="Thread-7" />
</exclusive-start>
<allocation-taxation id="152" taxation-threshold="12582912" timestamp="2019-06-16T01:53:43.091" intervalms="18.252" />
<cycle-start id="153" type="partial gc" contextid="0" timestamp="2019-06-16T01:53:43.091" intervalms="18.144" />
<gc-start id="154" type="partial gc" contextid="153" timestamp="2019-06-16T01:53:43.091">
  <mem-info id="155" free="2097152" total="24117248" percent="8">
    <mem type="eden" free="0" total="12582912" percent="0" />
    <remembered-set count="3872" freebytes="947200" totalbytes="962688" percent="98" regionsoverflowed="0" regionsstable="1" regionsrebuilding="0"/>
  </mem-info>
</gc-start>
<allocation-stats totalBytes="12581120" >
  <allocated-bytes non-tlh="0" tlh="12581120" arrayletleaf="0"/>
  <largest-consumer threadName="Thread-7" threadId="0000000001CB9900" bytes="5352672" />
</allocation-stats>
<gc-op id="156" type="copy forward" timems="1.290" contextid="153" timestamp="2019-06-16T01:53:43.093">
  <memory-copied type="eden" objects="1658" bytes="40960" bytesdiscarded="0" />
  <memory-copied type="other" objects="2984" bytes="80712" bytesdiscarded="0" />
  <memory-cardclean objects="6018" bytes="297248" />
  <regions eden="12" other="1" />
  <remembered-set-cleared processed="2153" cleared="673" durationms="0.089" />
  <references type="weak" candidates="1" cleared="0" enqueued="0" />
  <references type="phantom" candidates="1" cleared="0" enqueued="0" />
  <stringconstants candidates="4596" cleared="0"  />
</gc-op>
<gc-op id="157" type="classunload" timems="0.002" contextid="153" timestamp="2019-06-16T01:53:43.093">
  <classunload-info classloadercandidates="8" classloadersunloaded="0" classesunloaded="0" anonymousclassesunloaded="0" quiescems="0.000" setupms="0.002" scanms="0.000" postms="0.000" />
</gc-op>
<heap-resize id="158" type="expand" space="default" amount="2097152" count="1" timems="0.073" reason="excessive time being spent in gc" timestamp="2019-06-16T01:53:43.093" />
<gc-end id="159" type="partial gc" contextid="153" durationms="2.366" usertimems="0.000" systemtimems="0.000" timestamp="2019-06-16T01:53:43.094" activeThreads="1">
  <mem-info id="160" free="15728640" total="26214400" percent="60">
    <mem type="eden" free="1007616" total="1048576" percent="96" />
    <remembered-set count="4704" freebytes="1027584" totalbytes="1046400" percent="98" regionsoverflowed="0" regionsstable="1" regionsrebuilding="0"/>
  </mem-info>
</gc-end>
<cycle-end id="161" type="partial gc" contextid="153" timestamp="2019-06-16T01:53:43.094" />
  <attribute name="elasticGC enabled" value="1" />
  <attribute name= "numThreadsSpecified" value="1" />
  <attribute name="heapSize specified" value="0" />
  <attribute name="Current GC Util" value="43" />
  <attribute name= "Current Time Running" value="1041" />
  <attribute name ="GC Interval" value="0" />
  <attribute name="ProportionalT" value="34.500000" />
  <attribute name="ProportionalI" value="34.500000" />
  <attribute name="ProportionalH" value="34.500000" />
  <attribute name="Current Error" value="23.000000" />
  <attribute name="IntegralT" value="0.000000" />
  <attribute name="IntegralI" value="0.000000" />
  <attribute name="IntegralH" value="0.000000" />
  <attribute name="DerivativeT" value="inf" />
  <attribute name="DerivativeI" value="inf" />
  <attribute name="DerivativeH" value="inf" />
  <attribute name="Loop Time for DT" value="0.000000" />
  <attribute name="Output H" value="8388608"/>
  <attribute name="Output I" value="200"/>
  <attribute name="Output T" value="1"/>
  <attribute name="Target GC Util Change" value ="20.000000" />
  <attribute name="Current GC Util Change" value="43.000000"/>
  <attribute name="GC Util currently" value="43" />
  <attribute name="CPU Util currently" value="18786172634513" />
<exclusive-end id="162" timestamp="2019-06-16T01:53:43.094" durationms="3.196" />

<exclusive-start id="163" timestamp="2019-06-16T01:53:43.113" intervalms="22.259">
  <response-info timems="0.052" idlems="0.052" threads="0" lastid="0000000001CB5D00" lastname="Thread-8" />
</exclusive-start>
<allocation-taxation id="164" taxation-threshold="13631488" timestamp="2019-06-16T01:53:43.113" intervalms="22.294" />
<cycle-start id="165" type="partial gc" contextid="0" timestamp="2019-06-16T01:53:43.113" intervalms="22.438" />
<gc-start id="166" type="partial gc" contextid="165" timestamp="2019-06-16T01:53:43.114">
  <mem-info id="167" free="2097152" total="26214400" percent="8">
    <mem type="eden" free="0" total="13631488" percent="0" />
    <remembered-set count="4256" freebytes="1029376" totalbytes="1046400" percent="98" regionsoverflowed="0" regionsstable="1" regionsrebuilding="0"/>
  </mem-info>
</gc-start>
<allocation-stats totalBytes="13629416" >
  <allocated-bytes non-tlh="256" tlh="13629160" arrayletleaf="0"/>
  <largest-consumer threadName="Thread-10" threadId="0000000001CBD500" bytes="5946648" />
</allocation-stats>
<gc-op id="168" type="copy forward" timems="1.657" contextid="165" timestamp="2019-06-16T01:53:43.116">
  <memory-copied type="eden" objects="6265" bytes="310048" bytesdiscarded="0" />
  <memory-copied type="other" objects="1420" bytes="34080" bytesdiscarded="0" />
  <memory-cardclean objects="4518" bytes="221416" />
  <regions eden="13" other="1" />
  <remembered-set-cleared processed="2686" cleared="494" durationms="0.092" />
  <stringconstants candidates="4597" cleared="0"  />
</gc-op>
<gc-op id="169" type="classunload" timems="0.003" contextid="165" timestamp="2019-06-16T01:53:43.116">
  <classunload-info classloadercandidates="8" classloadersunloaded="0" classesunloaded="0" anonymousclassesunloaded="0" quiescems="0.000" setupms="0.003" scanms="0.000" postms="0.000" />
</gc-op>
<heap-resize id="170" type="expand" space="default" amount="3145728" count="1" timems="0.075" reason="excessive time being spent in gc" timestamp="2019-06-16T01:53:43.117" />
<gc-end id="171" type="partial gc" contextid="165" durationms="2.974" usertimems="4.000" systemtimems="0.000" timestamp="2019-06-16T01:53:43.117" activeThreads="1">
  <mem-info id="172" free="17825792" total="29360128" percent="60">
    <mem type="eden" free="738528" total="1048576" percent="70" />
    <remembered-set count="4928" freebytes="1152256" totalbytes="1171968" percent="98" regionsoverflowed="0" regionsstable="1" regionsrebuilding="0"/>
  </mem-info>
</gc-end>
<cycle-end id="173" type="partial gc" contextid="165" timestamp="2019-06-16T01:53:43.117" />
  <attribute name="elasticGC enabled" value="1" />
  <attribute name= "numThreadsSpecified" value="1" />
  <attribute name="heapSize specified" value="0" />
  <attribute name="Current GC Util" value="54" />
  <attribute name= "Current Time Running" value="1064" />
  <attribute name ="GC Interval" value="0" />
  <attribute name="ProportionalT" value="51.000000" />
  <attribute name="ProportionalI" value="51.000000" />
  <attribute name="ProportionalH" value="51.000000" />
  <attribute name="Current Error" value="34.000000" />
  <attribute name="IntegralT" value="0.000000" />
  <attribute name="IntegralI" value="0.000000" />
  <attribute name="IntegralH" value="0.000000" />
  <attribute name="DerivativeT" value="inf" />
  <attribute name="DerivativeI" value="inf" />
  <attribute name="DerivativeH" value="inf" />
  <attribute name="Loop Time for DT" value="0.000000" />
  <attribute name="Output H" value="8388608"/>
  <attribute name="Output I" value="200"/>
  <attribute name="Output T" value="1"/>
  <attribute name="Target GC Util Change" value ="20.000000" />
  <attribute name="Current GC Util Change" value="54.000000"/>
  <attribute name="GC Util currently" value="54" />
  <attribute name="CPU Util currently" value="17385662324142" />
<exclusive-end id="174" timestamp="2019-06-16T01:53:43.117" durationms="3.967" />

<exclusive-start id="175" timestamp="2019-06-16T01:53:43.132" intervalms="19.240">
  <response-info timems="0.066" idlems="0.066" threads="0" lastid="0000000001CBD500" lastname="Thread-10" />
</exclusive-start>
<allocation-taxation id="176" taxation-threshold="13631488" timestamp="2019-06-16T01:53:43.132" intervalms="19.189" />
<cycle-start id="177" type="partial gc" contextid="0" timestamp="2019-06-16T01:53:43.132" intervalms="19.051" />
<gc-start id="178" type="partial gc" contextid="177" timestamp="2019-06-16T01:53:43.133">
  <mem-info id="179" free="4194304" total="29360128" percent="14">
    <mem type="eden" free="0" total="13631488" percent="0" />
    <remembered-set count="4576" freebytes="1153664" totalbytes="1171968" percent="98" regionsoverflowed="0" regionsstable="1" regionsrebuilding="0"/>
  </mem-info>
</gc-start>
<allocation-stats totalBytes="13629608" >
  <allocated-bytes non-tlh="0" tlh="13629608" arrayletleaf="0"/>
  <largest-consumer threadName="Thread-7" threadId="0000000001CB9900" bytes="3894856" />
</allocation-stats>
<gc-op id="180" type="copy forward" timems="1.608" contextid="177" timestamp="2019-06-16T01:53:43.135">
  <memory-copied type="eden" objects="1806" bytes="43832" bytesdiscarded="0" />
  <memory-copied type="other" objects="6113" bytes="305528" bytesdiscarded="0" />
  <memory-cardclean objects="3773" bytes="186576" />
  <regions eden="13" other="1" />
  <remembered-set-cleared processed="3085" cleared="478" durationms="0.095" />
  <stringconstants candidates="4597" cleared="0"  />
</gc-op>
<gc-op id="181" type="classunload" timems="0.002" contextid="177" timestamp="2019-06-16T01:53:43.135">
  <classunload-info classloadercandidates="8" classloadersunloaded="0" classesunloaded="0" anonymousclassesunloaded="0" quiescems="0.000" setupms="0.002" scanms="0.000" postms="0.000" />
</gc-op>
<heap-resize id="182" type="expand" space="default" amount="2097152" count="1" timems="0.069" reason="excessive time being spent in gc" timestamp="2019-06-16T01:53:43.135" />
<gc-end id="183" type="partial gc" contextid="177" durationms="2.529" usertimems="4.000" systemtimems="0.000" timestamp="2019-06-16T01:53:43.135" activeThreads="1">
  <mem-info id="184" free="18874368" total="31457280" percent="60">
    <mem type="eden" free="1004744" total="1048576" percent="95" />
    <remembered-set count="5344" freebytes="1234304" totalbytes="1255680" percent="98" regionsoverflowed="0" regionsstable="1" regionsrebuilding="0"/>
  </mem-info>
</gc-end>
<cycle-end id="185" type="partial gc" contextid="177" timestamp="2019-06-16T01:53:43.135" />
  <attribute name="elasticGC enabled" value="1" />
  <attribute name= "numThreadsSpecified" value="1" />
  <attribute name="heapSize specified" value="0" />
  <attribute name="Current GC Util" value="56" />
  <attribute name= "Current Time Running" value="1083" />
  <attribute name ="GC Interval" value="0" />
  <attribute name="ProportionalT" value="54.000000" />
  <attribute name="ProportionalI" value="54.000000" />
  <attribute name="ProportionalH" value="54.000000" />
  <attribute name="Current Error" value="36.000000" />
  <attribute name="IntegralT" value="0.000000" />
  <attribute name="IntegralI" value="0.000000" />
  <attribute name="IntegralH" value="0.000000" />
  <attribute name="DerivativeT" value="inf" />
  <attribute name="DerivativeI" value="inf" />
  <attribute name="DerivativeH" value="inf" />
  <attribute name="Loop Time for DT" value="0.000000" />
  <attribute name="Output H" value="8388608"/>
  <attribute name="Output I" value="200"/>
  <attribute name="Output T" value="1"/>
  <attribute name="Target GC Util Change" value ="20.000000" />
  <attribute name="Current GC Util Change" value="56.000000"/>
  <attribute name="GC Util currently" value="56" />
  <attribute name="CPU Util currently" value="21168311545622" />
<exclusive-end id="186" timestamp="2019-06-16T01:53:43.135" durationms="3.227" />

<exclusive-start id="187" timestamp="2019-06-16T01:53:43.148" intervalms="15.364">
  <response-info timems="0.024" idlems="0.024" threads="0" lastid="0000000001CB9900" lastname="Thread-7" />
</exclusive-start>
<allocation-taxation id="188" taxation-threshold="14680064" timestamp="2019-06-16T01:53:43.148" intervalms="15.349" />
<cycle-start id="189" type="partial gc" contextid="0" timestamp="2019-06-16T01:53:43.148" intervalms="15.348" />
<gc-start id="190" type="partial gc" contextid="189" timestamp="2019-06-16T01:53:43.148">
  <mem-info id="191" free="4194304" total="31457280" percent="13">
    <mem type="eden" free="0" total="14680064" percent="0" />
    <remembered-set count="5120" freebytes="1235200" totalbytes="1255680" percent="98" regionsoverflowed="0" regionsstable="1" regionsrebuilding="0"/>
  </mem-info>
</gc-start>
<allocation-stats totalBytes="14678128" >
  <allocated-bytes non-tlh="0" tlh="14678128" arrayletleaf="0"/>
  <largest-consumer threadName="Thread-7" threadId="0000000001CB9900" bytes="4816216" />
</allocation-stats>
<gc-op id="192" type="copy forward" timems="1.597" contextid="189" timestamp="2019-06-16T01:53:43.150">
  <memory-copied type="eden" objects="2758" bytes="67128" bytesdiscarded="0" />
  <memory-copied type="other" objects="3040" bytes="72960" bytesdiscarded="0" />
  <memory-cardclean objects="8882" bytes="474544" />
  <regions eden="14" other="2" />
  <remembered-set-cleared processed="3187" cleared="950" durationms="0.102" />
  <stringconstants candidates="4597" cleared="0"  />
</gc-op>
<gc-op id="193" type="classunload" timems="0.002" contextid="189" timestamp="2019-06-16T01:53:43.150">
  <classunload-info classloadercandidates="8" classloadersunloaded="0" classesunloaded="0" anonymousclassesunloaded="0" quiescems="0.000" setupms="0.002" scanms="0.000" postms="0.000" />
</gc-op>
<heap-resize id="194" type="expand" space="default" amount="3145728" count="1" timems="0.078" reason="excessive time being spent in gc" timestamp="2019-06-16T01:53:43.150" />
<gc-end id="195" type="partial gc" contextid="189" durationms="2.602" usertimems="4.000" systemtimems="0.000" timestamp="2019-06-16T01:53:43.151" activeThreads="1">
  <mem-info id="196" free="20971520" total="34603008" percent="60">
    <mem type="eden" free="981448" total="1048576" percent="93" />
    <remembered-set count="6016" freebytes="1357184" totalbytes="1381248" percent="98" regionsoverflowed="0" regionsstable="1" regionsrebuilding="0"/>
  </mem-info>
</gc-end>
<cycle-end id="197" type="partial gc" contextid="189" timestamp="2019-06-16T01:53:43.151" />
  <attribute name="elasticGC enabled" value="1" />
  <attribute name= "numThreadsSpecified" value="1" />
  <attribute name="heapSize specified" value="0" />
  <attribute name="Current GC Util" value="56" />
  <attribute name= "Current Time Running" value="1098" />
  <attribute name ="GC Interval" value="0" />
  <attribute name="ProportionalT" value="54.000000" />
  <attribute name="ProportionalI" value="54.000000" />
  <attribute name="ProportionalH" value="54.000000" />
  <attribute name="Current Error" value="36.000000" />
  <attribute name="IntegralT" value="0.000000" />
  <attribute name="IntegralI" value="0.000000" />
  <attribute name="IntegralH" value="0.000000" />
  <attribute name="DerivativeT" value="inf" />
  <attribute name="DerivativeI" value="inf" />
  <attribute name="DerivativeH" value="inf" />
  <attribute name="Loop Time for DT" value="0.000000" />
  <attribute name="Output H" value="8388608"/>
  <attribute name="Output I" value="200"/>
  <attribute name="Output T" value="1"/>
  <attribute name="Target GC Util Change" value ="20.000000" />
  <attribute name="Current GC Util Change" value="56.000000"/>
  <attribute name="GC Util currently" value="56" />
  <attribute name="CPU Util currently" value="21178227082786" />
<exclusive-end id="198" timestamp="2019-06-16T01:53:43.151" durationms="3.218" />

<exclusive-start id="199" timestamp="2019-06-16T01:53:43.161" intervalms="13.784">
  <response-info timems="0.039" idlems="0.039" threads="0" lastid="0000000001CC1100" lastname="Thread-9" />
</exclusive-start>
<allocation-taxation id="200" taxation-threshold="15728640" timestamp="2019-06-16T01:53:43.162" intervalms="13.826" />
<cycle-start id="201" type="partial gc" contextid="0" timestamp="2019-06-16T01:53:43.162" intervalms="13.870" />
<gc-start id="202" type="partial gc" contextid="201" timestamp="2019-06-16T01:53:43.162">
  <mem-info id="203" free="5242880" total="34603008" percent="15">
    <mem type="eden" free="0" total="15728640" percent="0" />
    <remembered-set count="5632" freebytes="1358720" totalbytes="1381248" percent="98" regionsoverflowed="0" regionsstable="1" regionsrebuilding="0"/>
  </mem-info>
</gc-start>
<allocation-stats totalBytes="15726520" >
  <allocated-bytes non-tlh="0" tlh="15726520" arrayletleaf="0"/>
  <largest-consumer threadName="Thread-7" threadId="0000000001CB9900" bytes="4852992" />
</allocation-stats>
<gc-op id="204" type="copy forward" timems="2.033" contextid="201" timestamp="2019-06-16T01:53:43.164">
  <memory-copied type="eden" objects="2967" bytes="72232" bytesdiscarded="0" />
  <memory-copied type="other" objects="5830" bytes="400368" bytesdiscarded="0" />
  <memory-cardclean objects="8747" bytes="480944" />
  <regions eden="15" other="2" />
  <remembered-set-cleared processed="3812" cleared="1114" durationms="0.112" />
  <stringconstants candidates="4597" cleared="0"  />
</gc-op>
<gc-op id="205" type="classunload" timems="0.002" contextid="201" timestamp="2019-06-16T01:53:43.164">
  <classunload-info classloadercandidates="8" classloadersunloaded="0" classesunloaded="0" anonymousclassesunloaded="0" quiescems="0.000" setupms="0.002" scanms="0.000" postms="0.000" />
</gc-op>
<heap-resize id="206" type="expand" space="default" amount="2097152" count="1" timems="0.067" reason="excessive time being spent in gc" timestamp="2019-06-16T01:53:43.165" />
<gc-end id="207" type="partial gc" contextid="201" durationms="2.970" usertimems="0.000" systemtimems="4.000" timestamp="2019-06-16T01:53:43.165" activeThreads="1">
  <mem-info id="208" free="22020096" total="36700160" percent="60">
    <mem type="eden" free="976344" total="1048576" percent="93" />
    <remembered-set count="6368" freebytes="1439488" totalbytes="1464960" percent="98" regionsoverflowed="0" regionsstable="1" regionsrebuilding="0"/>
  </mem-info>
</gc-end>
<cycle-end id="209" type="partial gc" contextid="201" timestamp="2019-06-16T01:53:43.165" />
  <attribute name="elasticGC enabled" value="1" />
  <attribute name= "numThreadsSpecified" value="1" />
  <attribute name="heapSize specified" value="0" />
  <attribute name="Current GC Util" value="63" />
  <attribute name= "Current Time Running" value="1112" />
  <attribute name ="GC Interval" value="0" />
  <attribute name="ProportionalT" value="64.500000" />
  <attribute name="ProportionalI" value="64.500000" />
  <attribute name="ProportionalH" value="64.500000" />
  <attribute name="Current Error" value="43.000000" />
  <attribute name="IntegralT" value="0.000000" />
  <attribute name="IntegralI" value="0.000000" />
  <attribute name="IntegralH" value="0.000000" />
  <attribute name="DerivativeT" value="inf" />
  <attribute name="DerivativeI" value="inf" />
  <attribute name="DerivativeH" value="inf" />
  <attribute name="Loop Time for DT" value="0.000000" />
  <attribute name="Output H" value="8388608"/>
  <attribute name="Output I" value="200"/>
  <attribute name="Output T" value="1"/>
  <attribute name="Target GC Util Change" value ="20.000000" />
  <attribute name="Current GC Util Change" value="63.000000"/>
  <attribute name="GC Util currently" value="63" />
  <attribute name="CPU Util currently" value="21006705187218" />
<exclusive-end id="210" timestamp="2019-06-16T01:53:43.165" durationms="3.666" />

<exclusive-start id="211" timestamp="2019-06-16T01:53:43.175" intervalms="13.297">
  <response-info timems="0.025" idlems="0.025" threads="0" lastid="0000000001CBD500" lastname="Thread-10" />
</exclusive-start>
<allocation-taxation id="212" taxation-threshold="15728640" timestamp="2019-06-16T01:53:43.175" intervalms="13.292" />
<cycle-start id="213" type="partial gc" contextid="0" timestamp="2019-06-16T01:53:43.175" intervalms="13.285" />
<gc-start id="214" type="partial gc" contextid="213" timestamp="2019-06-16T01:53:43.175">
  <mem-info id="215" free="6291456" total="36700160" percent="17">
    <mem type="eden" free="0" total="15728640" percent="0" />
    <remembered-set count="6176" freebytes="1440256" totalbytes="1464960" percent="98" regionsoverflowed="0" regionsstable="1" regionsrebuilding="0"/>
  </mem-info>
</gc-start>
<allocation-stats totalBytes="15726696" >
  <allocated-bytes non-tlh="0" tlh="15726696" arrayletleaf="0"/>
  <largest-consumer threadName="Thread-7" threadId="0000000001CB9900" bytes="4406736" />
</allocation-stats>
<gc-op id="216" type="copy forward" timems="3.495" contextid="213" timestamp="2019-06-16T01:53:43.179">
  <memory-copied type="eden" objects="8310" bytes="337616" bytesdiscarded="0" />
  <memory-copied type="other" objects="16825" bytes="1051824" bytesdiscarded="0" />
  <memory-cardclean objects="13938" bytes="740824" />
  <regions eden="15" other="2" />
  <remembered-set-cleared processed="3577" cleared="1983" durationms="0.116" />
  <references type="soft" candidates="17" cleared="0" enqueued="0" dynamicThreshold="19" maxThreshold="32" />
  <references type="weak" candidates="16" cleared="0" enqueued="0" />
  <references type="phantom" candidates="2" cleared="0" enqueued="0" />
  <stringconstants candidates="4597" cleared="0"  />
</gc-op>
<gc-op id="217" type="classunload" timems="0.002" contextid="213" timestamp="2019-06-16T01:53:43.179">
  <classunload-info classloadercandidates="8" classloadersunloaded="0" classesunloaded="0" anonymousclassesunloaded="0" quiescems="0.000" setupms="0.002" scanms="0.000" postms="0.000" />
</gc-op>
<heap-resize id="218" type="expand" space="default" amount="3145728" count="1" timems="0.075" reason="excessive time being spent in gc" timestamp="2019-06-16T01:53:43.179" />
<gc-end id="219" type="partial gc" contextid="213" durationms="4.416" usertimems="4.000" systemtimems="0.000" timestamp="2019-06-16T01:53:43.180" activeThreads="1">
  <mem-info id="220" free="24117248" total="39845888" percent="60">
    <mem type="eden" free="710960" total="1048576" percent="67" />
    <remembered-set count="8256" freebytes="1557504" totalbytes="1590528" percent="97" regionsoverflowed="0" regionsstable="1" regionsrebuilding="0"/>
  </mem-info>
</gc-end>
<cycle-end id="221" type="partial gc" contextid="213" timestamp="2019-06-16T01:53:43.180" />
  <attribute name="elasticGC enabled" value="1" />
  <attribute name= "numThreadsSpecified" value="1" />
  <attribute name="heapSize specified" value="0" />
  <attribute name="Current GC Util" value="66" />
  <attribute name= "Current Time Running" value="1125" />
  <attribute name ="GC Interval" value="0" />
  <attribute name="ProportionalT" value="69.000000" />
  <attribute name="ProportionalI" value="69.000000" />
  <attribute name="ProportionalH" value="69.000000" />
  <attribute name="Current Error" value="46.000000" />
  <attribute name="IntegralT" value="0.000000" />
  <attribute name="IntegralI" value="0.000000" />
  <attribute name="IntegralH" value="0.000000" />
  <attribute name="DerivativeT" value="inf" />
  <attribute name="DerivativeI" value="inf" />
  <attribute name="DerivativeH" value="inf" />
  <attribute name="Loop Time for DT" value="0.000000" />
  <attribute name="Output H" value="8388608"/>
  <attribute name="Output I" value="200"/>
  <attribute name="Output T" value="1"/>
  <attribute name="Target GC Util Change" value ="20.000000" />
  <attribute name="Current GC Util Change" value="66.000000"/>
  <attribute name="GC Util currently" value="66" />
  <attribute name="CPU Util currently" value="24308366276403" />
<exclusive-end id="222" timestamp="2019-06-16T01:53:43.180" durationms="5.050" />

<exclusive-start id="223" timestamp="2019-06-16T01:53:43.191" intervalms="16.063">
  <response-info timems="0.026" idlems="0.026" threads="0" lastid="0000000001CC1100" lastname="Thread-9" />
</exclusive-start>
<allocation-taxation id="224" taxation-threshold="16777216" timestamp="2019-06-16T01:53:43.191" intervalms="16.026" />
<cycle-start id="225" type="partial gc" contextid="0" timestamp="2019-06-16T01:53:43.191" intervalms="16.024" />
<gc-start id="226" type="partial gc" contextid="225" timestamp="2019-06-16T01:53:43.191">
  <mem-info id="227" free="7340032" total="39845888" percent="18">
    <mem type="eden" free="0" total="16777216" percent="0" />
    <remembered-set count="7776" freebytes="1559424" totalbytes="1590528" percent="98" regionsoverflowed="0" regionsstable="1" regionsrebuilding="0"/>
  </mem-info>
</gc-start>
<allocation-stats totalBytes="16775008" >
  <allocated-bytes non-tlh="0" tlh="16775008" arrayletleaf="0"/>
  <largest-consumer threadName="Thread-8" threadId="0000000001CB5D00" bytes="5094720" />
</allocation-stats>
<gc-op id="228" type="copy forward" timems="2.067" contextid="225" timestamp="2019-06-16T01:53:43.194">
  <memory-copied type="eden" objects="7917" bytes="328000" bytesdiscarded="0" />
  <memory-copied type="other" objects="8182" bytes="333744" bytesdiscarded="0" />
  <memory-cardclean objects="5366" bytes="274912" />
  <regions eden="16" other="1" />
  <remembered-set-cleared processed="5160" cleared="869" durationms="0.113" />
  <stringconstants candidates="4597" cleared="0"  />
</gc-op>
<gc-op id="229" type="classunload" timems="0.002" contextid="225" timestamp="2019-06-16T01:53:43.194">
  <classunload-info classloadercandidates="8" classloadersunloaded="0" classesunloaded="0" anonymousclassesunloaded="0" quiescems="0.000" setupms="0.002" scanms="0.000" postms="0.000" />
</gc-op>
<heap-resize id="230" type="expand" space="default" amount="2097152" count="1" timems="0.061" reason="excessive time being spent in gc" timestamp="2019-06-16T01:53:43.194" />
<gc-end id="231" type="partial gc" contextid="225" durationms="2.965" usertimems="0.000" systemtimems="0.000" timestamp="2019-06-16T01:53:43.194" activeThreads="1">
  <mem-info id="232" free="25165824" total="41943040" percent="60">
    <mem type="eden" free="720576" total="1048576" percent="68" />
    <remembered-set count="8384" freebytes="1640704" totalbytes="1674240" percent="97" regionsoverflowed="0" regionsstable="1" regionsrebuilding="0"/>
  </mem-info>
</gc-end>
<cycle-end id="233" type="partial gc" contextid="225" timestamp="2019-06-16T01:53:43.194" />
  <attribute name="elasticGC enabled" value="1" />
  <attribute name= "numThreadsSpecified" value="1" />
  <attribute name="heapSize specified" value="0" />
  <attribute name="Current GC Util" value="57" />
  <attribute name= "Current Time Running" value="1141" />
  <attribute name ="GC Interval" value="0" />
  <attribute name="ProportionalT" value="55.500000" />
  <attribute name="ProportionalI" value="55.500000" />
  <attribute name="ProportionalH" value="55.500000" />
  <attribute name="Current Error" value="37.000000" />
  <attribute name="IntegralT" value="0.000000" />
  <attribute name="IntegralI" value="0.000000" />
  <attribute name="IntegralH" value="0.000000" />
  <attribute name="DerivativeT" value="inf" />
  <attribute name="DerivativeI" value="inf" />
  <attribute name="DerivativeH" value="inf" />
  <attribute name="Loop Time for DT" value="0.000000" />
  <attribute name="Output H" value="8388608"/>
  <attribute name="Output I" value="200"/>
  <attribute name="Output T" value="1"/>
  <attribute name="Target GC Util Change" value ="20.000000" />
  <attribute name="Current GC Util Change" value="57.000000"/>
  <attribute name="GC Util currently" value="57" />
  <attribute name="CPU Util currently" value="23344044465943" />
<exclusive-end id="234" timestamp="2019-06-16T01:53:43.194" durationms="3.604" />

<exclusive-start id="235" timestamp="2019-06-16T01:53:43.205" intervalms="14.193">
  <response-info timems="0.023" idlems="0.023" threads="0" lastid="0000000001CC1100" lastname="Thread-9" />
</exclusive-start>
<allocation-taxation id="236" taxation-threshold="16777216" timestamp="2019-06-16T01:53:43.205" intervalms="14.192" />
<cycle-start id="237" type="partial gc" contextid="0" timestamp="2019-06-16T01:53:43.205" intervalms="14.158" />
<gc-start id="238" type="partial gc" contextid="237" timestamp="2019-06-16T01:53:43.205">
  <mem-info id="239" free="8388608" total="41943040" percent="20">
    <mem type="eden" free="0" total="16777216" percent="0" />
    <remembered-set count="8320" freebytes="1640960" totalbytes="1674240" percent="98" regionsoverflowed="0" regionsstable="1" regionsrebuilding="0"/>
  </mem-info>
</gc-start>
<allocation-stats totalBytes="16774832" >
  <allocated-bytes non-tlh="0" tlh="16774832" arrayletleaf="0"/>
  <largest-consumer threadName="Thread-9" threadId="0000000001CC1100" bytes="4742440" />
</allocation-stats>
<gc-op id="240" type="copy forward" timems="1.560" contextid="237" timestamp="2019-06-16T01:53:43.207">
  <memory-copied type="eden" objects="8938" bytes="353168" bytesdiscarded="14600" />
  <memory-copied type="other" objects="7795" bytes="324456" bytesdiscarded="39232" />
  <memory-cardclean objects="5951" bytes="317976" />
  <regions eden="16" other="1" />
  <remembered-set-cleared processed="5791" cleared="645" durationms="0.081" />
  <stringconstants candidates="4597" cleared="0"  />
</gc-op>
<gc-op id="241" type="classunload" timems="0.002" contextid="237" timestamp="2019-06-16T01:53:43.207">
  <classunload-info classloadercandidates="8" classloadersunloaded="0" classesunloaded="0" anonymousclassesunloaded="0" quiescems="0.000" setupms="0.002" scanms="0.000" postms="0.000" />
</gc-op>
<heap-resize id="242" type="expand" space="default" amount="5242880" count="1" timems="0.085" reason="excessive time being spent in gc" timestamp="2019-06-16T01:53:43.207" />
<gc-end id="243" type="partial gc" contextid="237" durationms="2.304" usertimems="4.000" systemtimems="0.000" timestamp="2019-06-16T01:53:43.208" activeThreads="4">
  <mem-info id="244" free="28311552" total="47185920" percent="60">
    <mem type="eden" free="1729384" total="2097152" percent="82" />
    <remembered-set count="8448" freebytes="1849728" totalbytes="1883520" percent="98" regionsoverflowed="0" regionsstable="1" regionsrebuilding="0"/>
  </mem-info>
</gc-end>
<cycle-end id="245" type="partial gc" contextid="237" timestamp="2019-06-16T01:53:43.208" />
  <attribute name="elasticGC enabled" value="1" />
  <attribute name= "numThreadsSpecified" value="4" />
  <attribute name="heapSize specified" value="0" />
  <attribute name="Current GC Util" value="0" />
  <attribute name= "Current Time Running" value="1155" />
  <attribute name ="GC Interval" value="0" />
  <attribute name="ProportionalT" value="-30.000000" />
  <attribute name="ProportionalI" value="-30.000000" />
  <attribute name="ProportionalH" value="-30.000000" />
  <attribute name="Current Error" value="-20.000000" />
  <attribute name="IntegralT" value="0.000000" />
  <attribute name="IntegralI" value="0.000000" />
  <attribute name="IntegralH" value="0.000000" />
  <attribute name="DerivativeT" value="-inf" />
  <attribute name="DerivativeI" value="-inf" />
  <attribute name="DerivativeH" value="-inf" />
  <attribute name="Loop Time for DT" value="0.000000" />
  <attribute name="Output H" value="2091843584"/>
  <attribute name="Output I" value="200"/>
  <attribute name="Output T" value="4"/>
  <attribute name="Target GC Util Change" value ="20.000000" />
  <attribute name="Current GC Util Change" value="0.000000"/>
  <attribute name="GC Util currently" value="0" />
  <attribute name="CPU Util currently" value="35710471626420" />
<exclusive-end id="246" timestamp="2019-06-16T01:53:43.208" durationms="2.818" />

<exclusive-start id="247" timestamp="2019-06-16T01:53:43.219" intervalms="14.144">
  <response-info timems="0.023" idlems="0.023" threads="0" lastid="0000000001CBD500" lastname="Thread-10" />
</exclusive-start>
<allocation-taxation id="248" taxation-threshold="18874368" timestamp="2019-06-16T01:53:43.219" intervalms="14.110" />
<cycle-start id="249" type="partial gc" contextid="0" timestamp="2019-06-16T01:53:43.219" intervalms="14.103" />
<gc-start id="250" type="partial gc" contextid="249" timestamp="2019-06-16T01:53:43.219">
  <mem-info id="251" free="9437184" total="47185920" percent="20">
    <mem type="eden" free="0" total="18874368" percent="0" />
    <remembered-set count="8064" freebytes="1851264" totalbytes="1883520" percent="98" regionsoverflowed="0" regionsstable="1" regionsrebuilding="0"/>
  </mem-info>
</gc-start>
<allocation-stats totalBytes="18871960" >
  <allocated-bytes non-tlh="0" tlh="18871960" arrayletleaf="0"/>
  <largest-consumer threadName="Thread-7" threadId="0000000001CB9900" bytes="5205232" />
</allocation-stats>
<gc-op id="252" type="copy forward" timems="1.830" contextid="249" timestamp="2019-06-16T01:53:43.222">
  <memory-copied type="eden" objects="4113" bytes="99640" bytesdiscarded="29456" />
  <memory-copied type="other" objects="8693" bytes="346008" bytesdiscarded="29720" />
  <memory-cardclean objects="7432" bytes="389400" />
  <regions eden="18" other="2" />
  <remembered-set-cleared processed="6323" cleared="527" durationms="0.093" />
  <stringconstants candidates="4597" cleared="0"  />
</gc-op>
<gc-op id="253" type="classunload" timems="0.002" contextid="249" timestamp="2019-06-16T01:53:43.222">
  <classunload-info classloadercandidates="8" classloadersunloaded="0" classesunloaded="0" anonymousclassesunloaded="0" quiescems="0.000" setupms="0.002" scanms="0.000" postms="0.000" />
</gc-op>
<gc-end id="254" type="partial gc" contextid="249" durationms="2.570" usertimems="0.000" systemtimems="4.000" timestamp="2019-06-16T01:53:43.222" activeThreads="4">
  <mem-info id="255" free="28311552" total="47185920" percent="60">
    <mem type="eden" free="919480" total="1048576" percent="87" />
    <remembered-set count="9408" freebytes="1845888" totalbytes="1883520" percent="98" regionsoverflowed="0" regionsstable="1" regionsrebuilding="0"/>
  </mem-info>
</gc-end>
<cycle-end id="256" type="partial gc" contextid="249" timestamp="2019-06-16T01:53:43.222" />
  <attribute name="elasticGC enabled" value="1" />
  <attribute name= "numThreadsSpecified" value="4" />
  <attribute name="heapSize specified" value="0" />
  <attribute name="Current GC Util" value="48" />
  <attribute name= "Current Time Running" value="1170" />
  <attribute name ="GC Interval" value="0" />
  <attribute name="ProportionalT" value="42.000000" />
  <attribute name="ProportionalI" value="42.000000" />
  <attribute name="ProportionalH" value="42.000000" />
  <attribute name="Current Error" value="28.000000" />
  <attribute name="IntegralT" value="28.000000" />
  <attribute name="IntegralI" value="28.000000" />
  <attribute name="IntegralH" value="28.000000" />
  <attribute name="DerivativeT" value="18.000000" />
  <attribute name="DerivativeI" value="18.000000" />
  <attribute name="DerivativeH" value="18.000000" />
  <attribute name="Loop Time for DT" value="1.000000" />
  <attribute name="Output H" value="8388608"/>
  <attribute name="Output I" value="200"/>
  <attribute name="Output T" value="4"/>
  <attribute name="Target GC Util Change" value ="20.000000" />
  <attribute name="Current GC Util Change" value="48.000000"/>
  <attribute name="GC Util currently" value="48" />
  <attribute name="CPU Util currently" value="23007124194041" />
<exclusive-end id="257" timestamp="2019-06-16T01:53:43.222" durationms="3.076" />

<exclusive-start id="258" timestamp="2019-06-16T01:53:43.234" intervalms="15.242">
  <response-info timems="0.030" idlems="0.030" threads="0" lastid="0000000001CB9900" lastname="Thread-7" />
</exclusive-start>
<allocation-taxation id="259" taxation-threshold="18874368" timestamp="2019-06-16T01:53:43.234" intervalms="15.221" />
<cycle-start id="260" type="partial gc" contextid="0" timestamp="2019-06-16T01:53:43.234" intervalms="15.195" />
<gc-start id="261" type="partial gc" contextid="260" timestamp="2019-06-16T01:53:43.235">
  <mem-info id="262" free="9437184" total="47185920" percent="20">
    <mem type="eden" free="0" total="18874368" percent="0" />
    <remembered-set count="9248" freebytes="1846528" totalbytes="1883520" percent="98" regionsoverflowed="0" regionsstable="1" regionsrebuilding="0"/>
  </mem-info>
</gc-start>
<allocation-stats totalBytes="18872000" >
  <allocated-bytes non-tlh="0" tlh="18872000" arrayletleaf="0"/>
  <largest-consumer threadName="Thread-9" threadId="0000000001CC1100" bytes="5361024" />
</allocation-stats>
<gc-op id="263" type="copy forward" timems="1.866" contextid="260" timestamp="2019-06-16T01:53:43.237">
  <memory-copied type="eden" objects="8286" bytes="337824" bytesdiscarded="0" />
  <memory-copied type="other" objects="3942" bytes="94608" bytesdiscarded="0" />
  <memory-cardclean objects="7608" bytes="393552" />
  <regions eden="18" other="1" />
  <remembered-set-cleared processed="6958" cleared="608" durationms="0.131" />
  <stringconstants candidates="4597" cleared="0"  />
</gc-op>
<gc-op id="264" type="classunload" timems="0.002" contextid="260" timestamp="2019-06-16T01:53:43.237">
  <classunload-info classloadercandidates="8" classloadersunloaded="0" classesunloaded="0" anonymousclassesunloaded="0" quiescems="0.000" setupms="0.002" scanms="0.000" postms="0.000" />
</gc-op>
<heap-resize id="265" type="expand" space="default" amount="3145728" count="1" timems="0.074" reason="excessive time being spent in gc" timestamp="2019-06-16T01:53:43.237" />
<gc-end id="266" type="partial gc" contextid="260" durationms="2.744" usertimems="4.000" systemtimems="0.000" timestamp="2019-06-16T01:53:43.237" activeThreads="1">
  <mem-info id="267" free="30408704" total="50331648" percent="60">
    <mem type="eden" free="710752" total="1048576" percent="67" />
    <remembered-set count="9952" freebytes="1969280" totalbytes="2009088" percent="98" regionsoverflowed="0" regionsstable="1" regionsrebuilding="0"/>
  </mem-info>
</gc-end>
<cycle-end id="268" type="partial gc" contextid="260" timestamp="2019-06-16T01:53:43.237" />
  <attribute name="elasticGC enabled" value="1" />
  <attribute name= "numThreadsSpecified" value="1" />
  <attribute name="heapSize specified" value="0" />
  <attribute name="Current GC Util" value="51" />
  <attribute name= "Current Time Running" value="1185" />
  <attribute name ="GC Interval" value="0" />
  <attribute name="ProportionalT" value="46.500000" />
  <attribute name="ProportionalI" value="46.500000" />
  <attribute name="ProportionalH" value="46.500000" />
  <attribute name="Current Error" value="31.000000" />
  <attribute name="IntegralT" value="0.000000" />
  <attribute name="IntegralI" value="0.000000" />
  <attribute name="IntegralH" value="0.000000" />
  <attribute name="DerivativeT" value="inf" />
  <attribute name="DerivativeI" value="inf" />
  <attribute name="DerivativeH" value="inf" />
  <attribute name="Loop Time for DT" value="0.000000" />
  <attribute name="Output H" value="8388608"/>
  <attribute name="Output I" value="200"/>
  <attribute name="Output T" value="1"/>
  <attribute name="Target GC Util Change" value ="20.000000" />
  <attribute name="Current GC Util Change" value="51.000000"/>
  <attribute name="GC Util currently" value="51" />
  <attribute name="CPU Util currently" value="23078739371118" />
<exclusive-end id="269" timestamp="2019-06-16T01:53:43.238" durationms="3.187" />

<exclusive-start id="270" timestamp="2019-06-16T01:53:43.250" intervalms="15.359">
  <response-info timems="0.039" idlems="0.039" threads="0" lastid="0000000001CBD500" lastname="Thread-10" />
</exclusive-start>
<allocation-taxation id="271" taxation-threshold="18874368" timestamp="2019-06-16T01:53:43.250" intervalms="15.381" />
<cycle-start id="272" type="partial gc" contextid="0" timestamp="2019-06-16T01:53:43.250" intervalms="15.405" />
<gc-start id="273" type="partial gc" contextid="272" timestamp="2019-06-16T01:53:43.250">
  <mem-info id="274" free="11534336" total="50331648" percent="22">
    <mem type="eden" free="0" total="18874368" percent="0" />
    <remembered-set count="9696" freebytes="1970304" totalbytes="2009088" percent="98" regionsoverflowed="0" regionsstable="1" regionsrebuilding="0"/>
  </mem-info>
</gc-start>
<allocation-stats totalBytes="18864560" >
  <allocated-bytes non-tlh="0" tlh="18864560" arrayletleaf="0"/>
  <largest-consumer threadName="Thread-7" threadId="0000000001CB9900" bytes="5471680" />
</allocation-stats>
<gc-op id="275" type="copy forward" timems="1.920" contextid="272" timestamp="2019-06-16T01:53:43.252">
  <memory-copied type="eden" objects="4699" bytes="149840" bytesdiscarded="0" />
  <memory-copied type="other" objects="7975" bytes="328776" bytesdiscarded="0" />
  <memory-cardclean objects="5678" bytes="281904" />
  <regions eden="18" other="1" />
  <remembered-set-cleared processed="7699" cleared="580" durationms="0.139" />
  <stringconstants candidates="4597" cleared="0"  />
</gc-op>
<gc-op id="276" type="classunload" timems="0.002" contextid="272" timestamp="2019-06-16T01:53:43.252">
  <classunload-info classloadercandidates="8" classloadersunloaded="0" classesunloaded="0" anonymousclassesunloaded="0" quiescems="0.000" setupms="0.002" scanms="0.000" postms="0.000" />
</gc-op>
<heap-resize id="277" type="expand" space="default" amount="2097152" count="1" timems="0.068" reason="excessive time being spent in gc" timestamp="2019-06-16T01:53:43.253" />
<gc-end id="278" type="partial gc" contextid="272" durationms="2.832" usertimems="4.000" systemtimems="0.000" timestamp="2019-06-16T01:53:43.253" activeThreads="1">
  <mem-info id="279" free="31457280" total="52428800" percent="60">
    <mem type="eden" free="898736" total="1048576" percent="85" />
    <remembered-set count="10816" freebytes="2049536" totalbytes="2092800" percent="97" regionsoverflowed="0" regionsstable="1" regionsrebuilding="0"/>
  </mem-info>
</gc-end>
<cycle-end id="280" type="partial gc" contextid="272" timestamp="2019-06-16T01:53:43.253" />
  <attribute name="elasticGC enabled" value="1" />
  <attribute name= "numThreadsSpecified" value="1" />
  <attribute name="heapSize specified" value="0" />
  <attribute name="Current GC Util" value="58" />
  <attribute name= "Current Time Running" value="1200" />
  <attribute name ="GC Interval" value="0" />
  <attribute name="ProportionalT" value="57.000000" />
  <attribute name="ProportionalI" value="57.000000" />
  <attribute name="ProportionalH" value="57.000000" />
  <attribute name="Current Error" value="38.000000" />
  <attribute name="IntegralT" value="0.000000" />
  <attribute name="IntegralI" value="0.000000" />
  <attribute name="IntegralH" value="0.000000" />
  <attribute name="DerivativeT" value="inf" />
  <attribute name="DerivativeI" value="inf" />
  <attribute name="DerivativeH" value="inf" />
  <attribute name="Loop Time for DT" value="0.000000" />
  <attribute name="Output H" value="8388608"/>
  <attribute name="Output I" value="200"/>
  <attribute name="Output T" value="1"/>
  <attribute name="Target GC Util Change" value ="20.000000" />
  <attribute name="Current GC Util Change" value="58.000000"/>
  <attribute name="GC Util currently" value="58" />
  <attribute name="CPU Util currently" value="22991180876048" />
<exclusive-end id="281" timestamp="2019-06-16T01:53:43.253" durationms="3.336" />

<exclusive-start id="282" timestamp="2019-06-16T01:53:43.265" intervalms="15.590">
  <response-info timems="0.030" idlems="0.030" threads="0" lastid="0000000001CB9900" lastname="Thread-7" />
</exclusive-start>
<allocation-taxation id="283" taxation-threshold="19922944" timestamp="2019-06-16T01:53:43.265" intervalms="15.579" />
<cycle-start id="284" type="partial gc" contextid="0" timestamp="2019-06-16T01:53:43.265" intervalms="15.555" />
<gc-start id="285" type="partial gc" contextid="284" timestamp="2019-06-16T01:53:43.266">
  <mem-info id="286" free="11534336" total="52428800" percent="22">
    <mem type="eden" free="0" total="19922944" percent="0" />
    <remembered-set count="10368" freebytes="2051328" totalbytes="2092800" percent="98" regionsoverflowed="0" regionsstable="1" regionsrebuilding="0"/>
  </mem-info>
</gc-start>
<allocation-stats totalBytes="19920536" >
  <allocated-bytes non-tlh="0" tlh="19920536" arrayletleaf="0"/>
  <largest-consumer threadName="Thread-7" threadId="0000000001CB9900" bytes="5528840" />
</allocation-stats>
<gc-op id="287" type="copy forward" timems="2.023" contextid="284" timestamp="2019-06-16T01:53:43.268">
  <memory-copied type="eden" objects="7911" bytes="292696" bytesdiscarded="0" />
  <memory-copied type="other" objects="4466" bytes="143064" bytesdiscarded="0" />
  <memory-cardclean objects="7901" bytes="403560" />
  <regions eden="19" other="1" />
  <remembered-set-cleared processed="8182" cleared="595" durationms="0.139" />
  <stringconstants candidates="4597" cleared="0"  />
</gc-op>
<gc-op id="288" type="classunload" timems="0.002" contextid="284" timestamp="2019-06-16T01:53:43.268">
  <classunload-info classloadercandidates="8" classloadersunloaded="0" classesunloaded="0" anonymousclassesunloaded="0" quiescems="0.000" setupms="0.002" scanms="0.000" postms="0.000" />
</gc-op>
<heap-resize id="289" type="expand" space="default" amount="3145728" count="1" timems="0.074" reason="excessive time being spent in gc" timestamp="2019-06-16T01:53:43.268" />
<gc-end id="290" type="partial gc" contextid="284" durationms="2.881" usertimems="4.000" systemtimems="0.000" timestamp="2019-06-16T01:53:43.268" activeThreads="1">
  <mem-info id="291" free="33554432" total="55574528" percent="60">
    <mem type="eden" free="755880" total="1048576" percent="72" />
    <remembered-set count="11296" freebytes="2173184" totalbytes="2218368" percent="97" regionsoverflowed="0" regionsstable="1" regionsrebuilding="0"/>
  </mem-info>
</gc-end>
<cycle-end id="292" type="partial gc" contextid="284" timestamp="2019-06-16T01:53:43.268" />
  <attribute name="elasticGC enabled" value="1" />
  <attribute name= "numThreadsSpecified" value="1" />
  <attribute name="heapSize specified" value="0" />
  <attribute name="Current GC Util" value="56" />
  <attribute name= "Current Time Running" value="1216" />
  <attribute name ="GC Interval" value="0" />
  <attribute name="ProportionalT" value="54.000000" />
  <attribute name="ProportionalI" value="54.000000" />
  <attribute name="ProportionalH" value="54.000000" />
  <attribute name="Current Error" value="36.000000" />
  <attribute name="IntegralT" value="0.000000" />
  <attribute name="IntegralI" value="0.000000" />
  <attribute name="IntegralH" value="0.000000" />
  <attribute name="DerivativeT" value="inf" />
  <attribute name="DerivativeI" value="inf" />
  <attribute name="DerivativeH" value="inf" />
  <attribute name="Loop Time for DT" value="0.000000" />
  <attribute name="Output H" value="8388608"/>
  <attribute name="Output I" value="200"/>
  <attribute name="Output T" value="1"/>
  <attribute name="Target GC Util Change" value ="20.000000" />
  <attribute name="Current GC Util Change" value="56.000000"/>
  <attribute name="GC Util currently" value="56" />
  <attribute name="CPU Util currently" value="23017459002718" />
<exclusive-end id="293" timestamp="2019-06-16T01:53:43.269" durationms="3.285" />

<exclusive-start id="294" timestamp="2019-06-16T01:53:43.281" intervalms="16.141">
  <response-info timems="0.019" idlems="0.019" threads="0" lastid="0000000001CBD500" lastname="Thread-10" />
</exclusive-start>
<allocation-taxation id="295" taxation-threshold="20971520" timestamp="2019-06-16T01:53:43.282" intervalms="16.147" />
<cycle-start id="296" type="partial gc" contextid="0" timestamp="2019-06-16T01:53:43.282" intervalms="16.173" />
<gc-start id="297" type="partial gc" contextid="296" timestamp="2019-06-16T01:53:43.282">
  <mem-info id="298" free="12582912" total="55574528" percent="22">
    <mem type="eden" free="0" total="20971520" percent="0" />
    <remembered-set count="11040" freebytes="2174208" totalbytes="2218368" percent="98" regionsoverflowed="0" regionsstable="1" regionsrebuilding="0"/>
  </mem-info>
</gc-start>
<allocation-stats totalBytes="20968888" >
  <allocated-bytes non-tlh="0" tlh="20968888" arrayletleaf="0"/>
  <largest-consumer threadName="Thread-7" threadId="0000000001CB9900" bytes="5840072" />
</allocation-stats>
<gc-op id="299" type="copy forward" timems="2.678" contextid="296" timestamp="2019-06-16T01:53:43.285">
  <memory-copied type="eden" objects="3939" bytes="96048" bytesdiscarded="0" />
  <memory-copied type="other" objects="15444" bytes="609528" bytesdiscarded="0" />
  <memory-cardclean objects="8926" bytes="461112" />
  <regions eden="20" other="2" />
  <remembered-set-cleared processed="8532" cleared="1851" durationms="0.151" />
  <stringconstants candidates="4597" cleared="0"  />
</gc-op>
<gc-op id="300" type="classunload" timems="0.002" contextid="296" timestamp="2019-06-16T01:53:43.285">
  <classunload-info classloadercandidates="8" classloadersunloaded="0" classesunloaded="0" anonymousclassesunloaded="0" quiescems="0.000" setupms="0.002" scanms="0.000" postms="0.000" />
</gc-op>
<heap-resize id="301" type="expand" space="default" amount="2097152" count="1" timems="0.067" reason="excessive time being spent in gc" timestamp="2019-06-16T01:53:43.285" />
<gc-end id="302" type="partial gc" contextid="296" durationms="3.561" usertimems="4.000" systemtimems="0.000" timestamp="2019-06-16T01:53:43.285" activeThreads="1">
  <mem-info id="303" free="34603008" total="57671680" percent="60">
    <mem type="eden" free="952528" total="1048576" percent="90" />
    <remembered-set count="11616" freebytes="2255616" totalbytes="2302080" percent="97" regionsoverflowed="0" regionsstable="1" regionsrebuilding="0"/>
  </mem-info>
</gc-end>
<cycle-end id="304" type="partial gc" contextid="296" timestamp="2019-06-16T01:53:43.285" />
  <attribute name="elasticGC enabled" value="1" />
  <attribute name= "numThreadsSpecified" value="1" />
  <attribute name="heapSize specified" value="0" />
  <attribute name="Current GC Util" value="51" />
  <attribute name= "Current Time Running" value="1232" />
  <attribute name ="GC Interval" value="0" />
  <attribute name="ProportionalT" value="46.500000" />
  <attribute name="ProportionalI" value="46.500000" />
  <attribute name="ProportionalH" value="46.500000" />
  <attribute name="Current Error" value="31.000000" />
  <attribute name="IntegralT" value="0.000000" />
  <attribute name="IntegralI" value="0.000000" />
  <attribute name="IntegralH" value="0.000000" />
  <attribute name="DerivativeT" value="inf" />
  <attribute name="DerivativeI" value="inf" />
  <attribute name="DerivativeH" value="inf" />
  <attribute name="Loop Time for DT" value="0.000000" />
  <attribute name="Output H" value="8388608"/>
  <attribute name="Output I" value="200"/>
  <attribute name="Output T" value="1"/>
  <attribute name="Target GC Util Change" value ="20.000000" />
  <attribute name="Current GC Util Change" value="51.000000"/>
  <attribute name="GC Util currently" value="51" />
  <attribute name="CPU Util currently" value="21321771768797" />
<exclusive-end id="305" timestamp="2019-06-16T01:53:43.286" durationms="4.169" />

<exclusive-start id="306" timestamp="2019-06-16T01:53:43.302" intervalms="20.495">
  <response-info timems="0.022" idlems="0.022" threads="0" lastid="0000000001CB9900" lastname="Thread-7" />
</exclusive-start>
<allocation-taxation id="307" taxation-threshold="20971520" timestamp="2019-06-16T01:53:43.302" intervalms="20.517" />
<cycle-start id="308" type="partial gc" contextid="0" timestamp="2019-06-16T01:53:43.302" intervalms="20.489" />
<gc-start id="309" type="partial gc" contextid="308" timestamp="2019-06-16T01:53:43.302">
  <mem-info id="310" free="13631488" total="57671680" percent="23">
    <mem type="eden" free="0" total="20971520" percent="0" />
    <remembered-set count="11616" freebytes="2255616" totalbytes="2302080" percent="97" regionsoverflowed="0" regionsstable="1" regionsrebuilding="0"/>
  </mem-info>
</gc-start>
<allocation-stats totalBytes="20968848" >
  <allocated-bytes non-tlh="0" tlh="20968848" arrayletleaf="0"/>
  <largest-consumer threadName="Thread-7" threadId="0000000001CB9900" bytes="5774640" />
</allocation-stats>
<gc-op id="311" type="copy forward" timems="2.377" contextid="308" timestamp="2019-06-16T01:53:43.305">
  <memory-copied type="eden" objects="15656" bytes="651904" bytesdiscarded="0" />
  <memory-copied type="other" objects="3632" bytes="87168" bytesdiscarded="0" />
  <memory-cardclean objects="9689" bytes="496368" />
  <regions eden="20" other="1" />
  <remembered-set-cleared processed="9489" cleared="614" durationms="0.146" />
  <stringconstants candidates="4597" cleared="0"  />
</gc-op>
<gc-op id="312" type="classunload" timems="0.002" contextid="308" timestamp="2019-06-16T01:53:43.305">
  <classunload-info classloadercandidates="8" classloadersunloaded="0" classesunloaded="0" anonymousclassesunloaded="0" quiescems="0.000" setupms="0.002" scanms="0.000" postms="0.000" />
</gc-op>
<heap-resize id="313" type="expand" space="default" amount="3145728" count="1" timems="0.064" reason="excessive time being spent in gc" timestamp="2019-06-16T01:53:43.305" />
<gc-end id="314" type="partial gc" contextid="308" durationms="3.258" usertimems="4.000" systemtimems="0.000" timestamp="2019-06-16T01:53:43.305" activeThreads="1">
  <mem-info id="315" free="36700160" total="60817408" percent="60">
    <mem type="eden" free="396672" total="1048576" percent="37" />
    <remembered-set count="12448" freebytes="2377856" totalbytes="2427648" percent="97" regionsoverflowed="0" regionsstable="1" regionsrebuilding="0"/>
  </mem-info>
</gc-end>
<cycle-end id="316" type="partial gc" contextid="308" timestamp="2019-06-16T01:53:43.306" />
  <attribute name="elasticGC enabled" value="1" />
  <attribute name= "numThreadsSpecified" value="1" />
  <attribute name="heapSize specified" value="0" />
  <attribute name="Current GC Util" value="56" />
  <attribute name= "Current Time Running" value="1252" />
  <attribute name ="GC Interval" value="0" />
  <attribute name="ProportionalT" value="54.000000" />
  <attribute name="ProportionalI" value="54.000000" />
  <attribute name="ProportionalH" value="54.000000" />
  <attribute name="Current Error" value="36.000000" />
  <attribute name="IntegralT" value="0.000000" />
  <attribute name="IntegralI" value="0.000000" />
  <attribute name="IntegralH" value="0.000000" />
  <attribute name="DerivativeT" value="inf" />
  <attribute name="DerivativeI" value="inf" />
  <attribute name="DerivativeH" value="inf" />
  <attribute name="Loop Time for DT" value="0.000000" />
  <attribute name="Output H" value="8388608"/>
  <attribute name="Output I" value="200"/>
  <attribute name="Output T" value="1"/>
  <attribute name="Target GC Util Change" value ="20.000000" />
  <attribute name="Current GC Util Change" value="56.000000"/>
  <attribute name="GC Util currently" value="56" />
  <attribute name="CPU Util currently" value="22072347934911" />
<exclusive-end id="317" timestamp="2019-06-16T01:53:43.306" durationms="3.711" />

<exclusive-start id="318" timestamp="2019-06-16T01:53:43.322" intervalms="20.102">
  <response-info timems="0.022" idlems="0.022" threads="0" lastid="0000000001CBD500" lastname="Thread-10" />
</exclusive-start>
<allocation-taxation id="319" taxation-threshold="22020096" timestamp="2019-06-16T01:53:43.322" intervalms="20.095" />
<cycle-start id="320" type="partial gc" contextid="0" timestamp="2019-06-16T01:53:43.322" intervalms="20.131" />
<gc-start id="321" type="partial gc" contextid="320" timestamp="2019-06-16T01:53:43.322">
  <mem-info id="322" free="14680064" total="60817408" percent="24">
    <mem type="eden" free="0" total="22020096" percent="0" />
    <remembered-set count="12384" freebytes="2378112" totalbytes="2427648" percent="97" regionsoverflowed="0" regionsstable="1" regionsrebuilding="0"/>
  </mem-info>
</gc-start>
<allocation-stats totalBytes="22017496" >
  <allocated-bytes non-tlh="0" tlh="22017496" arrayletleaf="0"/>
  <largest-consumer threadName="Thread-8" threadId="0000000001CB5D00" bytes="6741104" />
</allocation-stats>
<gc-op id="323" type="copy forward" timems="2.240" contextid="320" timestamp="2019-06-16T01:53:43.325">
  <memory-copied type="eden" objects="11011" bytes="402592" bytesdiscarded="27224" />
  <memory-copied type="other" objects="15376" bytes="643776" bytesdiscarded="56504" />
  <memory-cardclean objects="7482" bytes="380904" />
  <regions eden="21" other="1" />
  <remembered-set-cleared processed="10255" cleared="774" durationms="0.112" />
  <stringconstants candidates="4597" cleared="0"  />
</gc-op>
<gc-op id="324" type="classunload" timems="0.002" contextid="320" timestamp="2019-06-16T01:53:43.325">
  <classunload-info classloadercandidates="8" classloadersunloaded="0" classesunloaded="0" anonymousclassesunloaded="0" quiescems="0.000" setupms="0.002" scanms="0.000" postms="0.000" />
</gc-op>
<heap-resize id="325" type="expand" space="default" amount="2097152" count="1" timems="0.071" reason="excessive time being spent in gc" timestamp="2019-06-16T01:53:43.325" />
<gc-end id="326" type="partial gc" contextid="320" durationms="3.144" usertimems="4.000" systemtimems="0.000" timestamp="2019-06-16T01:53:43.326" activeThreads="4">
  <mem-info id="327" free="37748736" total="62914560" percent="60">
    <mem type="eden" free="618760" total="1048576" percent="59" />
    <remembered-set count="13728" freebytes="2456448" totalbytes="2511360" percent="97" regionsoverflowed="0" regionsstable="1" regionsrebuilding="0"/>
  </mem-info>
</gc-end>
<cycle-end id="328" type="partial gc" contextid="320" timestamp="2019-06-16T01:53:43.326" />
  <attribute name="elasticGC enabled" value="1" />
  <attribute name= "numThreadsSpecified" value="4" />
  <attribute name="heapSize specified" value="0" />
  <attribute name="Current GC Util" value="61" />
  <attribute name= "Current Time Running" value="1273" />
  <attribute name ="GC Interval" value="0" />
  <attribute name="ProportionalT" value="61.500000" />
  <attribute name="ProportionalI" value="61.500000" />
  <attribute name="ProportionalH" value="61.500000" />
  <attribute name="Current Error" value="41.000000" />
  <attribute name="IntegralT" value="41.000000" />
  <attribute name="IntegralI" value="41.000000" />
  <attribute name="IntegralH" value="41.000000" />
  <attribute name="DerivativeT" value="41.000000" />
  <attribute name="DerivativeI" value="41.000000" />
  <attribute name="DerivativeH" value="41.000000" />
  <attribute name="Loop Time for DT" value="1.000000" />
  <attribute name="Output H" value="8388608"/>
  <attribute name="Output I" value="200"/>
  <attribute name="Output T" value="4"/>
  <attribute name="Target GC Util Change" value ="20.000000" />
  <attribute name="Current GC Util Change" value="61.000000"/>
  <attribute name="GC Util currently" value="61" />
  <attribute name="CPU Util currently" value="20255121291713" />
<exclusive-end id="329" timestamp="2019-06-16T01:53:43.326" durationms="3.776" />

<exclusive-start id="330" timestamp="2019-06-16T01:53:43.340" intervalms="18.094">
  <response-info timems="0.023" idlems="0.023" threads="0" lastid="0000000001CB9900" lastname="Thread-7" />
</exclusive-start>
<allocation-taxation id="331" taxation-threshold="22020096" timestamp="2019-06-16T01:53:43.340" intervalms="18.098" />
<cycle-start id="332" type="partial gc" contextid="0" timestamp="2019-06-16T01:53:43.340" intervalms="18.099" />
<gc-start id="333" type="partial gc" contextid="332" timestamp="2019-06-16T01:53:43.340">
  <mem-info id="334" free="15728640" total="62914560" percent="25">
    <mem type="eden" free="0" total="22020096" percent="0" />
    <remembered-set count="13600" freebytes="2456960" totalbytes="2511360" percent="97" regionsoverflowed="0" regionsstable="1" regionsrebuilding="0"/>
  </mem-info>
</gc-start>
<allocation-stats totalBytes="22017208" >
  <allocated-bytes non-tlh="0" tlh="22017208" arrayletleaf="0"/>
  <largest-consumer threadName="Thread-7" threadId="0000000001CB9900" bytes="5823608" />
</allocation-stats>
<gc-op id="335" type="copy forward" timems="2.224" contextid="332" timestamp="2019-06-16T01:53:43.343">
  <memory-copied type="eden" objects="9565" bytes="368440" bytesdiscarded="20160" />
  <memory-copied type="other" objects="26184" bytes="1040544" bytesdiscarded="70008" />
  <memory-cardclean objects="7150" bytes="364968" />
  <regions eden="21" other="2" />
  <remembered-set-cleared processed="10494" cleared="1013" durationms="0.098" />
  <stringconstants candidates="4597" cleared="0"  />
</gc-op>
<gc-op id="336" type="classunload" timems="0.002" contextid="332" timestamp="2019-06-16T01:53:43.343">
  <classunload-info classloadercandidates="8" classloadersunloaded="0" classesunloaded="0" anonymousclassesunloaded="0" quiescems="0.000" setupms="0.002" scanms="0.000" postms="0.000" />
</gc-op>
<heap-resize id="337" type="expand" space="default" amount="3145728" count="1" timems="0.073" reason="excessive time being spent in gc" timestamp="2019-06-16T01:53:43.343" />
<gc-end id="338" type="partial gc" contextid="332" durationms="3.079" usertimems="4.000" systemtimems="0.000" timestamp="2019-06-16T01:53:43.343" activeThreads="4">
  <mem-info id="339" free="39845888" total="66060288" percent="60">
    <mem type="eden" free="659976" total="1048576" percent="62" />
    <remembered-set count="14240" freebytes="2579968" totalbytes="2636928" percent="97" regionsoverflowed="0" regionsstable="1" regionsrebuilding="0"/>
  </mem-info>
</gc-end>
<cycle-end id="340" type="partial gc" contextid="332" timestamp="2019-06-16T01:53:43.344" />
  <attribute name="elasticGC enabled" value="1" />
  <attribute name= "numThreadsSpecified" value="4" />
  <attribute name="heapSize specified" value="0" />
  <attribute name="Current GC Util" value="50" />
  <attribute name= "Current Time Running" value="1291" />
  <attribute name ="GC Interval" value="0" />
  <attribute name="ProportionalT" value="45.000000" />
  <attribute name="ProportionalI" value="45.000000" />
  <attribute name="ProportionalH" value="45.000000" />
  <attribute name="Current Error" value="30.000000" />
  <attribute name="IntegralT" value="30.000000" />
  <attribute name="IntegralI" value="30.000000" />
  <attribute name="IntegralH" value="30.000000" />
  <attribute name="DerivativeT" value="20.000000" />
  <attribute name="DerivativeI" value="20.000000" />
  <attribute name="DerivativeH" value="20.000000" />
  <attribute name="Loop Time for DT" value="1.000000" />
  <attribute name="Output H" value="8388608"/>
  <attribute name="Output I" value="200"/>
  <attribute name="Output T" value="4"/>
  <attribute name="Target GC Util Change" value ="20.000000" />
  <attribute name="Current GC Util Change" value="50.000000"/>
  <attribute name="GC Util currently" value="50" />
  <attribute name="CPU Util currently" value="20685493671297" />
<exclusive-end id="341" timestamp="2019-06-16T01:53:43.344" durationms="3.545" />

<exclusive-start id="342" timestamp="2019-06-16T01:53:43.358" intervalms="17.459">
  <response-info timems="0.025" idlems="0.025" threads="0" lastid="0000000001CBD500" lastname="Thread-10" />
</exclusive-start>
<allocation-taxation id="343" taxation-threshold="23068672" timestamp="2019-06-16T01:53:43.358" intervalms="17.511" />
<cycle-start id="344" type="partial gc" contextid="0" timestamp="2019-06-16T01:53:43.358" intervalms="17.509" />
<gc-start id="345" type="partial gc" contextid="344" timestamp="2019-06-16T01:53:43.358">
  <mem-info id="346" free="16777216" total="66060288" percent="25">
    <mem type="eden" free="0" total="23068672" percent="0" />
    <remembered-set count="14144" freebytes="2580352" totalbytes="2636928" percent="97" regionsoverflowed="0" regionsstable="1" regionsrebuilding="0"/>
  </mem-info>
</gc-start>
<allocation-stats totalBytes="23065944" >
  <allocated-bytes non-tlh="0" tlh="23065944" arrayletleaf="0"/>
  <largest-consumer threadName="Thread-9" threadId="0000000001CC1100" bytes="6716680" />
</allocation-stats>
<gc-op id="347" type="copy forward" timems="2.032" contextid="344" timestamp="2019-06-16T01:53:43.360">
  <memory-copied type="eden" objects="3014" bytes="73904" bytesdiscarded="0" />
  <memory-copied type="other" objects="9232" bytes="358944" bytesdiscarded="0" />
  <memory-cardclean objects="6332" bytes="370512" />
  <regions eden="22" other="1" />
  <remembered-set-cleared processed="11939" cleared="472" durationms="0.167" />
  <stringconstants candidates="4597" cleared="0"  />
</gc-op>
<gc-op id="348" type="classunload" timems="0.002" contextid="344" timestamp="2019-06-16T01:53:43.361">
  <classunload-info classloadercandidates="8" classloadersunloaded="0" classesunloaded="0" anonymousclassesunloaded="0" quiescems="0.000" setupms="0.002" scanms="0.000" postms="0.000" />
</gc-op>
<heap-resize id="349" type="expand" space="default" amount="2097152" count="1" timems="0.068" reason="excessive time being spent in gc" timestamp="2019-06-16T01:53:43.361" />
<gc-end id="350" type="partial gc" contextid="344" durationms="2.981" usertimems="4.000" systemtimems="0.000" timestamp="2019-06-16T01:53:43.361" activeThreads="1">
  <mem-info id="351" free="40894464" total="68157440" percent="60">
    <mem type="eden" free="974672" total="1048576" percent="92" />
    <remembered-set count="15040" freebytes="2660480" totalbytes="2720640" percent="97" regionsoverflowed="0" regionsstable="1" regionsrebuilding="0"/>
  </mem-info>
</gc-end>
<cycle-end id="352" type="partial gc" contextid="344" timestamp="2019-06-16T01:53:43.361" />
  <attribute name="elasticGC enabled" value="1" />
  <attribute name= "numThreadsSpecified" value="1" />
  <attribute name="heapSize specified" value="0" />
  <attribute name="Current GC Util" value="49" />
  <attribute name= "Current Time Running" value="1308" />
  <attribute name ="GC Interval" value="0" />
  <attribute name="ProportionalT" value="43.500000" />
  <attribute name="ProportionalI" value="43.500000" />
  <attribute name="ProportionalH" value="43.500000" />
  <attribute name="Current Error" value="29.000000" />
  <attribute name="IntegralT" value="0.000000" />
  <attribute name="IntegralI" value="0.000000" />
  <attribute name="IntegralH" value="0.000000" />
  <attribute name="DerivativeT" value="inf" />
  <attribute name="DerivativeI" value="inf" />
  <attribute name="DerivativeH" value="inf" />
  <attribute name="Loop Time for DT" value="0.000000" />
  <attribute name="Output H" value="8388608"/>
  <attribute name="Output I" value="200"/>
  <attribute name="Output T" value="1"/>
  <attribute name="Target GC Util Change" value ="20.000000" />
  <attribute name="Current GC Util Change" value="49.000000"/>
  <attribute name="GC Util currently" value="49" />
  <attribute name="CPU Util currently" value="21876549490808" />
<exclusive-end id="353" timestamp="2019-06-16T01:53:43.361" durationms="3.555" />

<exclusive-start id="354" timestamp="2019-06-16T01:53:43.376" intervalms="18.216">
  <response-info timems="0.025" idlems="0.025" threads="0" lastid="0000000001CBD500" lastname="Thread-10" />
</exclusive-start>
<allocation-taxation id="355" taxation-threshold="24117248" timestamp="2019-06-16T01:53:43.376" intervalms="18.198" />
<cycle-start id="356" type="partial gc" contextid="0" timestamp="2019-06-16T01:53:43.376" intervalms="18.204" />
<gc-start id="357" type="partial gc" contextid="356" timestamp="2019-06-16T01:53:43.376">
  <mem-info id="358" free="16777216" total="68157440" percent="24">
    <mem type="eden" free="0" total="24117248" percent="0" />
    <remembered-set count="14688" freebytes="2661888" totalbytes="2720640" percent="97" regionsoverflowed="0" regionsstable="1" regionsrebuilding="0"/>
  </mem-info>
</gc-start>
<allocation-stats totalBytes="24114376" >
  <allocated-bytes non-tlh="0" tlh="24114376" arrayletleaf="0"/>
  <largest-consumer threadName="Thread-7" threadId="0000000001CB9900" bytes="7208008" />
</allocation-stats>
<gc-op id="359" type="copy forward" timems="1.634" contextid="356" timestamp="2019-06-16T01:53:43.378">
  <memory-copied type="eden" objects="2779" bytes="68192" bytesdiscarded="0" />
  <memory-copied type="other" objects="2655" bytes="63720" bytesdiscarded="0" />
  <memory-cardclean objects="7632" bytes="390888" />
  <regions eden="23" other="1" />
  <remembered-set-cleared processed="12607" cleared="553" durationms="0.178" />
  <stringconstants candidates="4597" cleared="0"  />
</gc-op>
<gc-op id="360" type="classunload" timems="0.003" contextid="356" timestamp="2019-06-16T01:53:43.378">
  <classunload-info classloadercandidates="8" classloadersunloaded="0" classesunloaded="0" anonymousclassesunloaded="0" quiescems="0.000" setupms="0.002" scanms="0.000" postms="0.000" />
</gc-op>
<heap-resize id="361" type="expand" space="default" amount="3145728" count="1" timems="0.074" reason="excessive time being spent in gc" timestamp="2019-06-16T01:53:43.379" />
<gc-end id="362" type="partial gc" contextid="356" durationms="2.618" usertimems="0.000" systemtimems="0.000" timestamp="2019-06-16T01:53:43.379" activeThreads="1">
  <mem-info id="363" free="42991616" total="71303168" percent="60">
    <mem type="eden" free="980384" total="1048576" percent="93" />
    <remembered-set count="15648" freebytes="2783616" totalbytes="2846208" percent="97" regionsoverflowed="0" regionsstable="1" regionsrebuilding="0"/>
  </mem-info>
</gc-end>
<cycle-end id="364" type="partial gc" contextid="356" timestamp="2019-06-16T01:53:43.379" />
  <attribute name="elasticGC enabled" value="1" />
  <attribute name= "numThreadsSpecified" value="1" />
  <attribute name="heapSize specified" value="0" />
  <attribute name="Current GC Util" value="47" />
  <attribute name= "Current Time Running" value="1326" />
  <attribute name ="GC Interval" value="0" />
  <attribute name="ProportionalT" value="40.500000" />
  <attribute name="ProportionalI" value="40.500000" />
  <attribute name="ProportionalH" value="40.500000" />
  <attribute name="Current Error" value="27.000000" />
  <attribute name="IntegralT" value="0.000000" />
  <attribute name="IntegralI" value="0.000000" />
  <attribute name="IntegralH" value="0.000000" />
  <attribute name="DerivativeT" value="inf" />
  <attribute name="DerivativeI" value="inf" />
  <attribute name="DerivativeH" value="inf" />
  <attribute name="Loop Time for DT" value="0.000000" />
  <attribute name="Output H" value="8388608"/>
  <attribute name="Output I" value="200"/>
  <attribute name="Output T" value="1"/>
  <attribute name="Target GC Util Change" value ="20.000000" />
  <attribute name="Current GC Util Change" value="47.000000"/>
  <attribute name="GC Util currently" value="47" />
  <attribute name="CPU Util currently" value="18076961732139" />
<exclusive-end id="365" timestamp="2019-06-16T01:53:43.379" durationms="3.354" />

<exclusive-start id="366" timestamp="2019-06-16T01:53:43.396" intervalms="20.057">
  <response-info timems="0.027" idlems="0.027" threads="0" lastid="0000000001CB9900" lastname="Thread-7" />
</exclusive-start>
<allocation-taxation id="367" taxation-threshold="24117248" timestamp="2019-06-16T01:53:43.396" intervalms="19.987" />
<cycle-start id="368" type="partial gc" contextid="0" timestamp="2019-06-16T01:53:43.396" intervalms="19.947" />
<gc-start id="369" type="partial gc" contextid="368" timestamp="2019-06-16T01:53:43.396">
  <mem-info id="370" free="18874368" total="71303168" percent="26">
    <mem type="eden" free="0" total="24117248" percent="0" />
    <remembered-set count="15424" freebytes="2784512" totalbytes="2846208" percent="97" regionsoverflowed="0" regionsstable="1" regionsrebuilding="0"/>
  </mem-info>
</gc-start>
<allocation-stats totalBytes="24111560" >
  <allocated-bytes non-tlh="0" tlh="24111560" arrayletleaf="0"/>
  <largest-consumer threadName="Thread-7" threadId="0000000001CB9900" bytes="6806784" />
</allocation-stats>
<gc-op id="371" type="copy forward" timems="1.759" contextid="368" timestamp="2019-06-16T01:53:43.398">
  <memory-copied type="eden" objects="6529" bytes="232072" bytesdiscarded="0" />
  <memory-copied type="other" objects="2457" bytes="58968" bytesdiscarded="0" />
  <memory-cardclean objects="8398" bytes="412488" />
  <regions eden="23" other="1" />
  <remembered-set-cleared processed="13359" cleared="724" durationms="0.168" />
  <stringconstants candidates="4597" cleared="0"  />
</gc-op>
<gc-op id="372" type="classunload" timems="0.003" contextid="368" timestamp="2019-06-16T01:53:43.398">
  <classunload-info classloadercandidates="8" classloadersunloaded="0" classesunloaded="0" anonymousclassesunloaded="0" quiescems="0.000" setupms="0.002" scanms="0.000" postms="0.000" />
</gc-op>
<heap-resize id="373" type="expand" space="default" amount="2097152" count="1" timems="0.060" reason="excessive time being spent in gc" timestamp="2019-06-16T01:53:43.399" />
<gc-end id="374" type="partial gc" contextid="368" durationms="2.642" usertimems="4.000" systemtimems="0.000" timestamp="2019-06-16T01:53:43.399" activeThreads="1">
  <mem-info id="375" free="44040192" total="73400320" percent="60">
    <mem type="eden" free="816504" total="1048576" percent="77" />
    <remembered-set count="16256" freebytes="2864896" totalbytes="2929920" percent="97" regionsoverflowed="0" regionsstable="1" regionsrebuilding="0"/>
  </mem-info>
</gc-end>
<cycle-end id="376" type="partial gc" contextid="368" timestamp="2019-06-16T01:53:43.399" />
  <attribute name="elasticGC enabled" value="1" />
  <attribute name= "numThreadsSpecified" value="1" />
  <attribute name="heapSize specified" value="0" />
  <attribute name="Current GC Util" value="55" />
  <attribute name= "Current Time Running" value="1346" />
  <attribute name ="GC Interval" value="0" />
  <attribute name="ProportionalT" value="52.500000" />
  <attribute name="ProportionalI" value="52.500000" />
  <attribute name="ProportionalH" value="52.500000" />
  <attribute name="Current Error" value="35.000000" />
  <attribute name="IntegralT" value="0.000000" />
  <attribute name="IntegralI" value="0.000000" />
  <attribute name="IntegralH" value="0.000000" />
  <attribute name="DerivativeT" value="inf" />
  <attribute name="DerivativeI" value="inf" />
  <attribute name="DerivativeH" value="inf" />
  <attribute name="Loop Time for DT" value="0.000000" />
  <attribute name="Output H" value="8388608"/>
  <attribute name="Output I" value="200"/>
  <attribute name="Output T" value="1"/>
  <attribute name="Target GC Util Change" value ="20.000000" />
  <attribute name="Current GC Util Change" value="55.000000"/>
  <attribute name="GC Util currently" value="55" />
  <attribute name="CPU Util currently" value="22245791319426" />
<exclusive-end id="377" timestamp="2019-06-16T01:53:43.399" durationms="3.090" />

<exclusive-start id="378" timestamp="2019-06-16T01:53:43.418" intervalms="21.937">
  <response-info timems="0.087" idlems="0.087" threads="0" lastid="0000000001CB5D00" lastname="Thread-8" />
</exclusive-start>
<allocation-taxation id="379" taxation-threshold="25165824" timestamp="2019-06-16T01:53:43.418" intervalms="22.003" />
<cycle-start id="380" type="partial gc" contextid="0" timestamp="2019-06-16T01:53:43.418" intervalms="22.040" />
<gc-start id="381" type="partial gc" contextid="380" timestamp="2019-06-16T01:53:43.418">
  <mem-info id="382" free="18874368" total="73400320" percent="25">
    <mem type="eden" free="0" total="25165824" percent="0" />
    <remembered-set count="16160" freebytes="2865280" totalbytes="2929920" percent="97" regionsoverflowed="0" regionsstable="2" regionsrebuilding="0"/>
  </mem-info>
</gc-start>
<allocation-stats totalBytes="25162696" >
  <allocated-bytes non-tlh="0" tlh="25162696" arrayletleaf="0"/>
  <largest-consumer threadName="Thread-9" threadId="0000000001CC1100" bytes="6851648" />
</allocation-stats>
<gc-op id="383" type="copy forward" timems="2.553" contextid="380" timestamp="2019-06-16T01:53:43.421">
  <memory-copied type="eden" objects="11967" bytes="442832" bytesdiscarded="0" />
  <memory-copied type="other" objects="6352" bytes="226968" bytesdiscarded="0" />
  <memory-cardclean objects="7417" bytes="369624" />
  <regions eden="24" other="1" />
  <remembered-set-cleared processed="14033" cleared="761" durationms="0.184" />
  <stringconstants candidates="4597" cleared="0"  />
</gc-op>
<gc-op id="384" type="classunload" timems="0.002" contextid="380" timestamp="2019-06-16T01:53:43.421">
  <classunload-info classloadercandidates="8" classloadersunloaded="0" classesunloaded="0" anonymousclassesunloaded="0" quiescems="0.000" setupms="0.002" scanms="0.000" postms="0.000" />
</gc-op>
<heap-resize id="385" type="expand" space="default" amount="3145728" count="1" timems="0.065" reason="excessive time being spent in gc" timestamp="2019-06-16T01:53:43.422" />
<gc-end id="386" type="partial gc" contextid="380" durationms="3.463" usertimems="4.000" systemtimems="0.000" timestamp="2019-06-16T01:53:43.422" activeThreads="1">
  <mem-info id="387" free="46137344" total="76546048" percent="60">
    <mem type="eden" free="605744" total="1048576" percent="57" />
    <remembered-set count="17344" freebytes="2986112" totalbytes="3055488" percent="97" regionsoverflowed="0" regionsstable="2" regionsrebuilding="0"/>
  </mem-info>
</gc-end>
<cycle-end id="388" type="partial gc" contextid="380" timestamp="2019-06-16T01:53:43.422" />
  <attribute name="elasticGC enabled" value="1" />
  <attribute name= "numThreadsSpecified" value="1" />
  <attribute name="heapSize specified" value="0" />
  <attribute name="Current GC Util" value="48" />
  <attribute name= "Current Time Running" value="1368" />
  <attribute name ="GC Interval" value="0" />
  <attribute name="ProportionalT" value="42.000000" />
  <attribute name="ProportionalI" value="42.000000" />
  <attribute name="ProportionalH" value="42.000000" />
  <attribute name="Current Error" value="28.000000" />
  <attribute name="IntegralT" value="0.000000" />
  <attribute name="IntegralI" value="0.000000" />
  <attribute name="IntegralH" value="0.000000" />
  <attribute name="DerivativeT" value="inf" />
  <attribute name="DerivativeI" value="inf" />
  <attribute name="DerivativeH" value="inf" />
  <attribute name="Loop Time for DT" value="0.000000" />
  <attribute name="Output H" value="8388608"/>
  <attribute name="Output I" value="200"/>
  <attribute name="Output T" value="1"/>
  <attribute name="Target GC Util Change" value ="20.000000" />
  <attribute name="Current GC Util Change" value="48.000000"/>
  <attribute name="GC Util currently" value="48" />
  <attribute name="CPU Util currently" value="19893134051401" />
<exclusive-end id="389" timestamp="2019-06-16T01:53:43.422" durationms="4.012" />

<exclusive-start id="390" timestamp="2019-06-16T01:53:43.447" intervalms="28.908">
  <response-info timems="0.038" idlems="0.023" threads="1" lastid="0000000001CC1100" lastname="Thread-9" />
</exclusive-start>
<allocation-taxation id="391" taxation-threshold="26214400" timestamp="2019-06-16T01:53:43.447" intervalms="28.941" />
<cycle-start id="392" type="partial gc" contextid="0" timestamp="2019-06-16T01:53:43.447" intervalms="28.988" />
<gc-start id="393" type="partial gc" contextid="392" timestamp="2019-06-16T01:53:43.447">
  <mem-info id="394" free="19922944" total="76546048" percent="26">
    <mem type="eden" free="0" total="26214400" percent="0" />
    <remembered-set count="16960" freebytes="2987648" totalbytes="3055488" percent="97" regionsoverflowed="0" regionsstable="2" regionsrebuilding="0"/>
  </mem-info>
</gc-start>
<allocation-stats totalBytes="26210976" >
  <allocated-bytes non-tlh="0" tlh="26210976" arrayletleaf="0"/>
  <largest-consumer threadName="Thread-7" threadId="0000000001CB9900" bytes="9308920" />
</allocation-stats>
<gc-op id="395" type="copy forward" timems="2.806" contextid="392" timestamp="2019-06-16T01:53:43.451">
  <memory-copied type="eden" objects="9263" bytes="269080" bytesdiscarded="0" />
  <memory-copied type="other" objects="11736" bytes="436152" bytesdiscarded="0" />
  <memory-cardclean objects="7263" bytes="400200" />
  <regions eden="25" other="1" />
  <remembered-set-cleared processed="14826" cleared="845" durationms="0.190" />
  <stringconstants candidates="4597" cleared="0"  />
</gc-op>
<gc-op id="396" type="classunload" timems="0.003" contextid="392" timestamp="2019-06-16T01:53:43.451">
  <classunload-info classloadercandidates="8" classloadersunloaded="0" classesunloaded="0" anonymousclassesunloaded="0" quiescems="0.000" setupms="0.003" scanms="0.000" postms="0.000" />
</gc-op>
<heap-resize id="397" type="expand" space="default" amount="2097152" count="1" timems="0.060" reason="excessive time being spent in gc" timestamp="2019-06-16T01:53:43.451" />
<gc-end id="398" type="partial gc" contextid="392" durationms="3.625" usertimems="8.000" systemtimems="0.000" timestamp="2019-06-16T01:53:43.451" activeThreads="1">
  <mem-info id="399" free="47185920" total="78643200" percent="60">
    <mem type="eden" free="779496" total="1048576" percent="74" />
    <remembered-set count="18112" freebytes="3066752" totalbytes="3139200" percent="97" regionsoverflowed="0" regionsstable="2" regionsrebuilding="0"/>
  </mem-info>
</gc-end>
<cycle-end id="400" type="partial gc" contextid="392" timestamp="2019-06-16T01:53:43.451" />
  <attribute name="elasticGC enabled" value="1" />
  <attribute name= "numThreadsSpecified" value="1" />
  <attribute name="heapSize specified" value="0" />
  <attribute name="Current GC Util" value="45" />
  <attribute name= "Current Time Running" value="1397" />
  <attribute name ="GC Interval" value="0" />
  <attribute name="ProportionalT" value="37.500000" />
  <attribute name="ProportionalI" value="37.500000" />
  <attribute name="ProportionalH" value="37.500000" />
  <attribute name="Current Error" value="25.000000" />
  <attribute name="IntegralT" value="0.000000" />
  <attribute name="IntegralI" value="0.000000" />
  <attribute name="IntegralH" value="0.000000" />
  <attribute name="DerivativeT" value="inf" />
  <attribute name="DerivativeI" value="inf" />
  <attribute name="DerivativeH" value="inf" />
  <attribute name="Loop Time for DT" value="0.000000" />
  <attribute name="Output H" value="8388608"/>
  <attribute name="Output I" value="200"/>
  <attribute name="Output T" value="1"/>
  <attribute name="Target GC Util Change" value ="20.000000" />
  <attribute name="Current GC Util Change" value="45.000000"/>
  <attribute name="GC Util currently" value="45" />
  <attribute name="CPU Util currently" value="20083203842317" />
<exclusive-end id="401" timestamp="2019-06-16T01:53:43.451" durationms="4.332" />

<exclusive-start id="402" timestamp="2019-06-16T01:53:43.484" intervalms="37.330">
  <response-info timems="0.086" idlems="0.041" threads="2" lastid="0000000001CB9900" lastname="Thread-7" />
</exclusive-start>
<allocation-taxation id="403" taxation-threshold="26214400" timestamp="2019-06-16T01:53:43.484" intervalms="37.281" />
<cycle-start id="404" type="partial gc" contextid="0" timestamp="2019-06-16T01:53:43.484" intervalms="37.223" />
<gc-start id="405" type="partial gc" contextid="404" timestamp="2019-06-16T01:53:43.484">
  <mem-info id="406" free="20971520" total="78643200" percent="26">
    <mem type="eden" free="0" total="26214400" percent="0" />
    <remembered-set count="17888" freebytes="3067648" totalbytes="3139200" percent="97" regionsoverflowed="0" regionsstable="2" regionsrebuilding="0"/>
  </mem-info>
</gc-start>
<allocation-stats totalBytes="26210672" >
  <allocated-bytes non-tlh="0" tlh="26210672" arrayletleaf="0"/>
  <largest-consumer threadName="Thread-8" threadId="0000000001CB5D00" bytes="7322072" />
</allocation-stats>
<gc-op id="407" type="copy forward" timems="6.357" contextid="404" timestamp="2019-06-16T01:53:43.491">
  <memory-copied type="eden" objects="28558" bytes="1236264" bytesdiscarded="0" />
  <memory-copied type="other" objects="24313" bytes="1116440" bytesdiscarded="984" />
  <memory-cardclean objects="13592" bytes="727400" />
  <regions eden="25" other="3" />
  <remembered-set-cleared processed="14890" cleared="1586" durationms="0.220" />
  <finalization candidates="111" enqueued="0" />
  <ownableSynchronizers candidates="3" cleared="0" />
  <references type="soft" candidates="68" cleared="0" enqueued="0" dynamicThreshold="19" maxThreshold="32" />
  <references type="weak" candidates="600" cleared="0" enqueued="0" />
  <references type="phantom" candidates="14" cleared="0" enqueued="0" />
  <stringconstants candidates="4597" cleared="0"  />
</gc-op>
<gc-op id="408" type="classunload" timems="0.003" contextid="404" timestamp="2019-06-16T01:53:43.492">
  <classunload-info classloadercandidates="8" classloadersunloaded="0" classesunloaded="0" anonymousclassesunloaded="0" quiescems="0.000" setupms="0.003" scanms="0.000" postms="0.000" />
</gc-op>
<gc-end id="409" type="partial gc" contextid="404" durationms="7.181" usertimems="16.000" systemtimems="0.000" timestamp="2019-06-16T01:53:43.492" activeThreads="1">
  <mem-info id="410" free="47185920" total="78643200" percent="60">
    <mem type="eden" free="860888" total="2097152" percent="41" />
    <remembered-set count="18912" freebytes="3063552" totalbytes="3139200" percent="97" regionsoverflowed="0" regionsstable="2" regionsrebuilding="0"/>
  </mem-info>
</gc-end>
<cycle-end id="411" type="partial gc" contextid="404" timestamp="2019-06-16T01:53:43.492" />
  <attribute name="elasticGC enabled" value="1" />
  <attribute name= "numThreadsSpecified" value="1" />
  <attribute name="heapSize specified" value="0" />
  <attribute name="Current GC Util" value="44" />
  <attribute name= "Current Time Running" value="1435" />
  <attribute name ="GC Interval" value="0" />
  <attribute name="ProportionalT" value="36.000000" />
  <attribute name="ProportionalI" value="36.000000" />
  <attribute name="ProportionalH" value="36.000000" />
  <attribute name="Current Error" value="24.000000" />
  <attribute name="IntegralT" value="0.000000" />
  <attribute name="IntegralI" value="0.000000" />
  <attribute name="IntegralH" value="0.000000" />
  <attribute name="DerivativeT" value="inf" />
  <attribute name="DerivativeI" value="inf" />
  <attribute name="DerivativeH" value="inf" />
  <attribute name="Loop Time for DT" value="0.000000" />
  <attribute name="Output H" value="8388608"/>
  <attribute name="Output I" value="200"/>
  <attribute name="Output T" value="1"/>
  <attribute name="Target GC Util Change" value ="20.000000" />
  <attribute name="Current GC Util Change" value="44.000000"/>
  <attribute name="GC Util currently" value="44" />
  <attribute name="CPU Util currently" value="18592134552243" />
<exclusive-end id="412" timestamp="2019-06-16T01:53:43.492" durationms="7.962" />

<exclusive-start id="413" timestamp="2019-06-16T01:53:43.520" intervalms="35.783">
  <response-info timems="0.045" idlems="0.025" threads="1" lastid="0000000001CB9900" lastname="Thread-7" />
</exclusive-start>
<allocation-taxation id="414" taxation-threshold="26214400" timestamp="2019-06-16T01:53:43.520" intervalms="35.873" />
<cycle-start id="415" type="partial gc" contextid="0" timestamp="2019-06-16T01:53:43.520" intervalms="35.925" />
<gc-start id="416" type="partial gc" contextid="415" timestamp="2019-06-16T01:53:43.520">
  <mem-info id="417" free="20971520" total="78643200" percent="26">
    <mem type="eden" free="0" total="26214400" percent="0" />
    <remembered-set count="17664" freebytes="3068544" totalbytes="3139200" percent="97" regionsoverflowed="0" regionsstable="3" regionsrebuilding="0"/>
  </mem-info>
</gc-start>
<allocation-stats totalBytes="26211360" >
  <allocated-bytes non-tlh="0" tlh="26211360" arrayletleaf="0"/>
  <largest-consumer threadName="Thread-9" threadId="0000000001CC1100" bytes="11283320" />
</allocation-stats>
<gc-op id="418" type="copy forward" timems="2.377" contextid="415" timestamp="2019-06-16T01:53:43.523">
  <memory-copied type="eden" objects="1897" bytes="47096" bytesdiscarded="12464" />
  <memory-copied type="other" objects="28261" bytes="1227768" bytesdiscarded="52912" />
  <memory-cardclean objects="2502" bytes="141864" />
  <regions eden="25" other="2" />
  <remembered-set-cleared processed="15842" cleared="657" durationms="0.143" />
  <stringconstants candidates="4597" cleared="0"  />
</gc-op>
<gc-op id="419" type="classunload" timems="0.003" contextid="415" timestamp="2019-06-16T01:53:43.523">
  <classunload-info classloadercandidates="8" classloadersunloaded="0" classesunloaded="0" anonymousclassesunloaded="0" quiescems="0.000" setupms="0.003" scanms="0.000" postms="0.000" />
</gc-op>
<heap-resize id="420" type="expand" space="default" amount="3145728" count="1" timems="0.079" reason="excessive time being spent in gc" timestamp="2019-06-16T01:53:43.524" />
<gc-end id="421" type="partial gc" contextid="415" durationms="3.260" usertimems="8.000" systemtimems="0.000" timestamp="2019-06-16T01:53:43.524" activeThreads="4">
  <mem-info id="422" free="49283072" total="81788928" percent="60">
    <mem type="eden" free="989016" total="1048576" percent="94" />
    <remembered-set count="18112" freebytes="3192320" totalbytes="3264768" percent="97" regionsoverflowed="0" regionsstable="3" regionsrebuilding="0"/>
  </mem-info>
</gc-end>
<cycle-end id="423" type="partial gc" contextid="415" timestamp="2019-06-16T01:53:43.524" />
  <attribute name="elasticGC enabled" value="1" />
  <attribute name= "numThreadsSpecified" value="4" />
  <attribute name="heapSize specified" value="0" />
  <attribute name="Current GC Util" value="0" />
  <attribute name= "Current Time Running" value="1471" />
  <attribute name ="GC Interval" value="0" />
  <attribute name="ProportionalT" value="-30.000000" />
  <attribute name="ProportionalI" value="-30.000000" />
  <attribute name="ProportionalH" value="-30.000000" />
  <attribute name="Current Error" value="-20.000000" />
  <attribute name="IntegralT" value="-20.000000" />
  <attribute name="IntegralI" value="-20.000000" />
  <attribute name="IntegralH" value="-20.000000" />
  <attribute name="DerivativeT" value="-20.000000" />
  <attribute name="DerivativeI" value="-20.000000" />
  <attribute name="DerivativeH" value="-20.000000" />
  <attribute name="Loop Time for DT" value="1.000000" />
  <attribute name="Output H" value="2091843584"/>
  <attribute name="Output I" value="200"/>
  <attribute name="Output T" value="4"/>
  <attribute name="Target GC Util Change" value ="20.000000" />
  <attribute name="Current GC Util Change" value="0.000000"/>
  <attribute name="GC Util currently" value="0" />
  <attribute name="CPU Util currently" value="28604570187855" />
<exclusive-end id="424" timestamp="2019-06-16T01:53:43.524" durationms="4.071" />

<exclusive-start id="425" timestamp="2019-06-16T01:53:43.580" intervalms="60.669">
  <response-info timems="0.028" idlems="0.028" threads="0" lastid="0000000001CBD500" lastname="Thread-10" />
</exclusive-start>
<allocation-taxation id="426" taxation-threshold="27262976" timestamp="2019-06-16T01:53:43.581" intervalms="60.608" />
<cycle-start id="427" type="partial gc" contextid="0" timestamp="2019-06-16T01:53:43.581" intervalms="60.564" />
<gc-start id="428" type="partial gc" contextid="427" timestamp="2019-06-16T01:53:43.581">
  <mem-info id="429" free="22020096" total="81788928" percent="26">
    <mem type="eden" free="0" total="27262976" percent="0" />
    <remembered-set count="17984" freebytes="3192832" totalbytes="3264768" percent="97" regionsoverflowed="0" regionsstable="3" regionsrebuilding="0"/>
  </mem-info>
</gc-start>
<allocation-stats totalBytes="27259784" >
  <allocated-bytes non-tlh="0" tlh="27259784" arrayletleaf="0"/>
  <largest-consumer threadName="Thread-9" threadId="0000000001CC1100" bytes="11316040" />
</allocation-stats>
<gc-op id="430" type="copy forward" timems="2.035" contextid="427" timestamp="2019-06-16T01:53:43.584">
  <memory-copied type="eden" objects="2016" bytes="49952" bytesdiscarded="0" />
  <memory-copied type="other" objects="7729" bytes="216864" bytesdiscarded="0" />
  <memory-cardclean objects="7386" bytes="452184" />
  <regions eden="26" other="2" />
  <remembered-set-cleared processed="16060" cleared="719" durationms="0.200" />
  <stringconstants candidates="4597" cleared="0"  />
</gc-op>
<gc-op id="431" type="classunload" timems="0.002" contextid="427" timestamp="2019-06-16T01:53:43.584">
  <classunload-info classloadercandidates="8" classloadersunloaded="0" classesunloaded="0" anonymousclassesunloaded="0" quiescems="0.000" setupms="0.002" scanms="0.000" postms="0.000" />
</gc-op>
<gc-end id="432" type="partial gc" contextid="427" durationms="2.882" usertimems="0.000" systemtimems="4.000" timestamp="2019-06-16T01:53:43.584" activeThreads="1">
  <mem-info id="433" free="48234496" total="81788928" percent="58">
    <mem type="eden" free="998624" total="1048576" percent="95" />
    <remembered-set count="18880" freebytes="3189248" totalbytes="3264768" percent="97" regionsoverflowed="0" regionsstable="3" regionsrebuilding="0"/>
  </mem-info>
</gc-end>
<cycle-end id="434" type="partial gc" contextid="427" timestamp="2019-06-16T01:53:43.584" />
  <attribute name="elasticGC enabled" value="1" />
  <attribute name= "numThreadsSpecified" value="1" />
  <attribute name="heapSize specified" value="0" />
  <attribute name="Current GC Util" value="41" />
  <attribute name= "Current Time Running" value="1531" />
  <attribute name ="GC Interval" value="0" />
  <attribute name="ProportionalT" value="31.500000" />
  <attribute name="ProportionalI" value="31.500000" />
  <attribute name="ProportionalH" value="31.500000" />
  <attribute name="Current Error" value="21.000000" />
  <attribute name="IntegralT" value="0.000000" />
  <attribute name="IntegralI" value="0.000000" />
  <attribute name="IntegralH" value="0.000000" />
  <attribute name="DerivativeT" value="inf" />
  <attribute name="DerivativeI" value="inf" />
  <attribute name="DerivativeH" value="inf" />
  <attribute name="Loop Time for DT" value="0.000000" />
  <attribute name="Output H" value="8388608"/>
  <attribute name="Output I" value="200"/>
  <attribute name="Output T" value="1"/>
  <attribute name="Target GC Util Change" value ="20.000000" />
  <attribute name="Current GC Util Change" value="41.000000"/>
  <attribute name="GC Util currently" value="41" />
  <attribute name="CPU Util currently" value="17889868241173" />
<exclusive-end id="435" timestamp="2019-06-16T01:53:43.584" durationms="3.691" />

<exclusive-start id="436" timestamp="2019-06-16T01:53:43.653" intervalms="72.325">
  <response-info timems="0.031" idlems="0.031" threads="0" lastid="0000000001CB9900" lastname="Thread-7" />
</exclusive-start>
<allocation-taxation id="437" taxation-threshold="27262976" timestamp="2019-06-16T01:53:43.653" intervalms="72.384" />
<cycle-start id="438" type="partial gc" contextid="0" timestamp="2019-06-16T01:53:43.653" intervalms="72.488" />
<gc-start id="439" type="partial gc" contextid="438" timestamp="2019-06-16T01:53:43.653">
  <mem-info id="440" free="20971520" total="81788928" percent="25">
    <mem type="eden" free="0" total="27262976" percent="0" />
    <remembered-set count="18848" freebytes="3189376" totalbytes="3264768" percent="97" regionsoverflowed="0" regionsstable="3" regionsrebuilding="0"/>
  </mem-info>
</gc-start>
<allocation-stats totalBytes="27259608" >
  <allocated-bytes non-tlh="0" tlh="27259608" arrayletleaf="0"/>
  <largest-consumer threadName="Thread-9" threadId="0000000001CC1100" bytes="9280496" />
</allocation-stats>
<gc-op id="441" type="copy forward" timems="1.508" contextid="438" timestamp="2019-06-16T01:53:43.656">
  <memory-copied type="eden" objects="2073" bytes="51000" bytesdiscarded="0" />
  <memory-copied type="other" objects="1689" bytes="40536" bytesdiscarded="0" />
  <memory-cardclean objects="6109" bytes="298728" />
  <regions eden="26" other="1" />
  <remembered-set-cleared processed="16905" cleared="638" durationms="0.229" />
  <stringconstants candidates="4597" cleared="0"  />
</gc-op>
<gc-op id="442" type="classunload" timems="0.002" contextid="438" timestamp="2019-06-16T01:53:43.656">
  <classunload-info classloadercandidates="8" classloadersunloaded="0" classesunloaded="0" anonymousclassesunloaded="0" quiescems="0.000" setupms="0.002" scanms="0.000" postms="0.000" />
</gc-op>
<gc-end id="443" type="partial gc" contextid="438" durationms="2.665" usertimems="4.000" systemtimems="0.000" timestamp="2019-06-16T01:53:43.656" activeThreads="1">
  <mem-info id="444" free="47185920" total="81788928" percent="57">
    <mem type="eden" free="997576" total="1048576" percent="95" />
    <remembered-set count="19808" freebytes="3185536" totalbytes="3264768" percent="97" regionsoverflowed="0" regionsstable="3" regionsrebuilding="0"/>
  </mem-info>
</gc-end>
<cycle-end id="445" type="partial gc" contextid="438" timestamp="2019-06-16T01:53:43.656" />
  <attribute name="elasticGC enabled" value="1" />
  <attribute name= "numThreadsSpecified" value="1" />
  <attribute name="heapSize specified" value="0" />
  <attribute name="Current GC Util" value="39" />
  <attribute name= "Current Time Running" value="1604" />
  <attribute name ="GC Interval" value="0" />
  <attribute name="ProportionalT" value="28.500000" />
  <attribute name="ProportionalI" value="28.500000" />
  <attribute name="ProportionalH" value="28.500000" />
  <attribute name="Current Error" value="19.000000" />
  <attribute name="IntegralT" value="0.000000" />
  <attribute name="IntegralI" value="0.000000" />
  <attribute name="IntegralH" value="0.000000" />
  <attribute name="DerivativeT" value="inf" />
  <attribute name="DerivativeI" value="inf" />
  <attribute name="DerivativeH" value="inf" />
  <attribute name="Loop Time for DT" value="0.000000" />
  <attribute name="Output H" value="8388608"/>
  <attribute name="Output I" value="200"/>
  <attribute name="Output T" value="1"/>
  <attribute name="Target GC Util Change" value ="20.000000" />
  <attribute name="Current GC Util Change" value="39.000000"/>
  <attribute name="GC Util currently" value="39" />
  <attribute name="CPU Util currently" value="14824139452247" />
<exclusive-end id="446" timestamp="2019-06-16T01:53:43.656" durationms="3.687" />

<exclusive-start id="447" timestamp="2019-06-16T01:53:43.684" intervalms="31.498">
  <response-info timems="0.029" idlems="0.029" threads="0" lastid="0000000001CB5D00" lastname="Thread-8" />
</exclusive-start>
<allocation-taxation id="448" taxation-threshold="27262976" timestamp="2019-06-16T01:53:43.685" intervalms="31.501" />
<cycle-start id="449" type="partial gc" contextid="0" timestamp="2019-06-16T01:53:43.685" intervalms="31.546" />
<gc-start id="450" type="partial gc" contextid="449" timestamp="2019-06-16T01:53:43.685">
  <mem-info id="451" free="19922944" total="81788928" percent="24">
    <mem type="eden" free="0" total="27262976" percent="0" />
    <remembered-set count="19456" freebytes="3186944" totalbytes="3264768" percent="97" regionsoverflowed="0" regionsstable="3" regionsrebuilding="0"/>
  </mem-info>
</gc-start>
<allocation-stats totalBytes="27259576" >
  <allocated-bytes non-tlh="0" tlh="27259576" arrayletleaf="0"/>
  <largest-consumer threadName="Thread-7" threadId="0000000001CB9900" bytes="7781472" />
</allocation-stats>
<gc-op id="452" type="copy forward" timems="1.902" contextid="449" timestamp="2019-06-16T01:53:43.688">
  <memory-copied type="eden" objects="1989" bytes="49280" bytesdiscarded="576" />
  <memory-copied type="other" objects="1814" bytes="43536" bytesdiscarded="760" />
  <memory-cardclean objects="6202" bytes="302640" />
  <regions eden="26" other="1" />
  <remembered-set-cleared processed="17480" cleared="745" durationms="0.161" />
  <stringconstants candidates="4597" cleared="0"  />
</gc-op>
<gc-op id="453" type="classunload" timems="0.003" contextid="449" timestamp="2019-06-16T01:53:43.688">
  <classunload-info classloadercandidates="8" classloadersunloaded="0" classesunloaded="0" anonymousclassesunloaded="0" quiescems="0.000" setupms="0.002" scanms="0.000" postms="0.000" />
</gc-op>
<gc-end id="454" type="partial gc" contextid="449" durationms="3.061" usertimems="0.000" systemtimems="0.000" timestamp="2019-06-16T01:53:43.688" activeThreads="4">
  <mem-info id="455" free="46137344" total="81788928" percent="56">
    <mem type="eden" free="998720" total="1048576" percent="95" />
    <remembered-set count="20704" freebytes="3181952" totalbytes="3264768" percent="97" regionsoverflowed="0" regionsstable="3" regionsrebuilding="0"/>
  </mem-info>
</gc-end>
<cycle-end id="456" type="partial gc" contextid="449" timestamp="2019-06-16T01:53:43.688" />
  <attribute name="elasticGC enabled" value="1" />
  <attribute name= "numThreadsSpecified" value="4" />
  <attribute name="heapSize specified" value="0" />
  <attribute name="Current GC Util" value="37" />
  <attribute name= "Current Time Running" value="1636" />
  <attribute name ="GC Interval" value="0" />
  <attribute name="ProportionalT" value="25.500000" />
  <attribute name="ProportionalI" value="25.500000" />
  <attribute name="ProportionalH" value="25.500000" />
  <attribute name="Current Error" value="17.000000" />
  <attribute name="IntegralT" value="17.000000" />
  <attribute name="IntegralI" value="17.000000" />
  <attribute name="IntegralH" value="17.000000" />
  <attribute name="DerivativeT" value="17.000000" />
  <attribute name="DerivativeI" value="17.000000" />
  <attribute name="DerivativeH" value="17.000000" />
  <attribute name="Loop Time for DT" value="1.000000" />
  <attribute name="Output H" value="8388608"/>
  <attribute name="Output I" value="200"/>
  <attribute name="Output T" value="4"/>
  <attribute name="Target GC Util Change" value ="20.000000" />
  <attribute name="Current GC Util Change" value="37.000000"/>
  <attribute name="GC Util currently" value="37" />
  <attribute name="CPU Util currently" value="13459982180225" />
<exclusive-end id="457" timestamp="2019-06-16T01:53:43.688" durationms="4.093" />

<exclusive-start id="458" timestamp="2019-06-16T01:53:43.710" intervalms="25.419">
  <response-info timems="0.027" idlems="0.027" threads="0" lastid="0000000001CB9900" lastname="Thread-7" />
</exclusive-start>
<allocation-taxation id="459" taxation-threshold="27262976" timestamp="2019-06-16T01:53:43.710" intervalms="25.377" />
<cycle-start id="460" type="partial gc" contextid="0" timestamp="2019-06-16T01:53:43.710" intervalms="25.282" />
<gc-start id="461" type="partial gc" contextid="460" timestamp="2019-06-16T01:53:43.710">
  <mem-info id="462" free="18874368" total="81788928" percent="23">
    <mem type="eden" free="0" total="27262976" percent="0" />
    <remembered-set count="20352" freebytes="3183360" totalbytes="3264768" percent="97" regionsoverflowed="0" regionsstable="3" regionsrebuilding="0"/>
  </mem-info>
</gc-start>
<allocation-stats totalBytes="27259584" >
  <allocated-bytes non-tlh="0" tlh="27259584" arrayletleaf="0"/>
  <largest-consumer threadName="Thread-9" threadId="0000000001CC1100" bytes="8043456" />
</allocation-stats>
<gc-op id="463" type="copy forward" timems="1.741" contextid="460" timestamp="2019-06-16T01:53:43.713">
  <memory-copied type="eden" objects="2034" bytes="50064" bytesdiscarded="1672" />
  <memory-copied type="other" objects="1691" bytes="40584" bytesdiscarded="672" />
  <memory-cardclean objects="6320" bytes="326952" />
  <regions eden="26" other="1" />
  <remembered-set-cleared processed="18064" cleared="768" durationms="0.175" />
  <stringconstants candidates="4597" cleared="0"  />
</gc-op>
<gc-op id="464" type="classunload" timems="0.003" contextid="460" timestamp="2019-06-16T01:53:43.713">
  <classunload-info classloadercandidates="8" classloadersunloaded="0" classesunloaded="0" anonymousclassesunloaded="0" quiescems="0.000" setupms="0.003" scanms="0.000" postms="0.000" />
</gc-op>
<gc-end id="465" type="partial gc" contextid="460" durationms="2.619" usertimems="0.000" systemtimems="0.000" timestamp="2019-06-16T01:53:43.713" activeThreads="4">
  <mem-info id="466" free="45088768" total="81788928" percent="55">
    <mem type="eden" free="996840" total="1048576" percent="95" />
    <remembered-set count="21344" freebytes="3179392" totalbytes="3264768" percent="97" regionsoverflowed="0" regionsstable="3" regionsrebuilding="0"/>
  </mem-info>
</gc-end>
<cycle-end id="467" type="partial gc" contextid="460" timestamp="2019-06-16T01:53:43.713" />
  <attribute name="elasticGC enabled" value="1" />
  <attribute name= "numThreadsSpecified" value="4" />
  <attribute name="heapSize specified" value="0" />
  <attribute name="Current GC Util" value="37" />
  <attribute name= "Current Time Running" value="1661" />
  <attribute name ="GC Interval" value="0" />
  <attribute name="ProportionalT" value="25.500000" />
  <attribute name="ProportionalI" value="25.500000" />
  <attribute name="ProportionalH" value="25.500000" />
  <attribute name="Current Error" value="17.000000" />
  <attribute name="IntegralT" value="17.000000" />
  <attribute name="IntegralI" value="17.000000" />
  <attribute name="IntegralH" value="17.000000" />
  <attribute name="DerivativeT" value="17.000000" />
  <attribute name="DerivativeI" value="17.000000" />
  <attribute name="DerivativeH" value="17.000000" />
  <attribute name="Loop Time for DT" value="1.000000" />
  <attribute name="Output H" value="8388608"/>
  <attribute name="Output I" value="200"/>
  <attribute name="Output T" value="4"/>
  <attribute name="Target GC Util Change" value ="20.000000" />
  <attribute name="Current GC Util Change" value="37.000000"/>
  <attribute name="GC Util currently" value="37" />
  <attribute name="CPU Util currently" value="20310071233030" />
<exclusive-end id="468" timestamp="2019-06-16T01:53:43.713" durationms="3.474" />

<exclusive-start id="469" timestamp="2019-06-16T01:53:43.733" intervalms="22.826">
  <response-info timems="0.044" idlems="0.044" threads="0" lastid="0000000001CB5D00" lastname="Thread-8" />
</exclusive-start>
<allocation-taxation id="470" taxation-threshold="27262976" timestamp="2019-06-16T01:53:43.733" intervalms="22.803" />
<cycle-start id="471" type="partial gc" contextid="0" timestamp="2019-06-16T01:53:43.733" intervalms="22.750" />
<gc-start id="472" type="partial gc" contextid="471" timestamp="2019-06-16T01:53:43.733">
  <mem-info id="473" free="17825792" total="81788928" percent="21">
    <mem type="eden" free="0" total="27262976" percent="0" />
    <remembered-set count="20992" freebytes="3180800" totalbytes="3264768" percent="97" regionsoverflowed="0" regionsstable="3" regionsrebuilding="0"/>
  </mem-info>
</gc-start>
<allocation-stats totalBytes="27259992" >
  <allocated-bytes non-tlh="0" tlh="27259992" arrayletleaf="0"/>
  <largest-consumer threadName="Thread-9" threadId="0000000001CC1100" bytes="11496152" />
</allocation-stats>
<gc-op id="474" type="copy forward" timems="1.968" contextid="471" timestamp="2019-06-16T01:53:43.735">
  <memory-copied type="eden" objects="9411" bytes="364496" bytesdiscarded="0" />
  <memory-copied type="other" objects="1800" bytes="43200" bytesdiscarded="0" />
  <memory-cardclean objects="5203" bytes="259032" />
  <regions eden="26" other="1" />
  <remembered-set-cleared processed="18647" cleared="766" durationms="0.221" />
  <stringconstants candidates="4597" cleared="0"  />
</gc-op>
<gc-op id="475" type="classunload" timems="0.003" contextid="471" timestamp="2019-06-16T01:53:43.736">
  <classunload-info classloadercandidates="8" classloadersunloaded="0" classesunloaded="0" anonymousclassesunloaded="0" quiescems="0.000" setupms="0.002" scanms="0.000" postms="0.000" />
</gc-op>
<heap-resize id="476" type="expand" space="default" amount="12582912" count="1" timems="0.117" reason="excessive time being spent in gc" timestamp="2019-06-16T01:53:43.736" />
<gc-end id="477" type="partial gc" contextid="471" durationms="3.006" usertimems="4.000" systemtimems="0.000" timestamp="2019-06-16T01:53:43.736" activeThreads="1">
  <mem-info id="478" free="56623104" total="94371840" percent="60">
    <mem type="eden" free="684080" total="1048576" percent="65" />
    <remembered-set count="21792" freebytes="3679872" totalbytes="3767040" percent="97" regionsoverflowed="0" regionsstable="3" regionsrebuilding="0"/>
  </mem-info>
</gc-end>
<cycle-end id="479" type="partial gc" contextid="471" timestamp="2019-06-16T01:53:43.736" />
  <attribute name="elasticGC enabled" value="1" />
  <attribute name= "numThreadsSpecified" value="1" />
  <attribute name="heapSize specified" value="0" />
  <attribute name="Current GC Util" value="46" />
  <attribute name= "Current Time Running" value="1683" />
  <attribute name ="GC Interval" value="0" />
  <attribute name="ProportionalT" value="39.000000" />
  <attribute name="ProportionalI" value="39.000000" />
  <attribute name="ProportionalH" value="39.000000" />
  <attribute name="Current Error" value="26.000000" />
  <attribute name="IntegralT" value="0.000000" />
  <attribute name="IntegralI" value="0.000000" />
  <attribute name="IntegralH" value="0.000000" />
  <attribute name="DerivativeT" value="inf" />
  <attribute name="DerivativeI" value="inf" />
  <attribute name="DerivativeH" value="inf" />
  <attribute name="Loop Time for DT" value="0.000000" />
  <attribute name="Output H" value="8388608"/>
  <attribute name="Output I" value="200"/>
  <attribute name="Output T" value="1"/>
  <attribute name="Target GC Util Change" value ="20.000000" />
  <attribute name="Current GC Util Change" value="46.000000"/>
  <attribute name="GC Util currently" value="46" />
  <attribute name="CPU Util currently" value="17600847334569" />
<exclusive-end id="480" timestamp="2019-06-16T01:53:43.736" durationms="3.651" />

<exclusive-start id="481" timestamp="2019-06-16T01:53:43.758" intervalms="25.574">
  <response-info timems="0.035" idlems="0.035" threads="0" lastid="0000000001CC1100" lastname="Thread-9" />
</exclusive-start>
<allocation-taxation id="482" taxation-threshold="30408704" timestamp="2019-06-16T01:53:43.758" intervalms="25.571" />
<cycle-start id="483" type="partial gc" contextid="0" timestamp="2019-06-16T01:53:43.758" intervalms="25.539" />
<gc-start id="484" type="partial gc" contextid="483" timestamp="2019-06-16T01:53:43.758">
  <mem-info id="485" free="26214400" total="94371840" percent="27">
    <mem type="eden" free="0" total="30408704" percent="0" />
    <remembered-set count="21472" freebytes="3681152" totalbytes="3767040" percent="97" regionsoverflowed="0" regionsstable="3" regionsrebuilding="0"/>
  </mem-info>
</gc-start>
<allocation-stats totalBytes="30405344" >
  <allocated-bytes non-tlh="0" tlh="30405344" arrayletleaf="0"/>
  <largest-consumer threadName="Thread-9" threadId="0000000001CC1100" bytes="10640312" />
</allocation-stats>
<gc-op id="486" type="copy forward" timems="1.835" contextid="483" timestamp="2019-06-16T01:53:43.761">
  <memory-copied type="eden" objects="2170" bytes="53528" bytesdiscarded="25984" />
  <memory-copied type="other" objects="9174" bytes="357552" bytesdiscarded="12184" />
  <memory-cardclean objects="4413" bytes="221256" />
  <regions eden="29" other="1" />
  <remembered-set-cleared processed="19325" cleared="725" durationms="0.132" />
  <stringconstants candidates="4597" cleared="0"  />
</gc-op>
<gc-op id="487" type="classunload" timems="0.003" contextid="483" timestamp="2019-06-16T01:53:43.761">
  <classunload-info classloadercandidates="8" classloadersunloaded="0" classesunloaded="0" anonymousclassesunloaded="0" quiescems="0.000" setupms="0.003" scanms="0.000" postms="0.000" />
</gc-op>
<heap-resize id="488" type="expand" space="default" amount="3145728" count="1" timems="0.077" reason="excessive time being spent in gc" timestamp="2019-06-16T01:53:43.761" />
<gc-end id="489" type="partial gc" contextid="483" durationms="2.707" usertimems="4.000" systemtimems="0.000" timestamp="2019-06-16T01:53:43.761" activeThreads="4">
  <mem-info id="490" free="58720256" total="97517568" percent="60">
    <mem type="eden" free="969064" total="1048576" percent="92" />
    <remembered-set count="22688" freebytes="3801856" totalbytes="3892608" percent="97" regionsoverflowed="0" regionsstable="3" regionsrebuilding="0"/>
  </mem-info>
</gc-end>
<cycle-end id="491" type="partial gc" contextid="483" timestamp="2019-06-16T01:53:43.761" />
  <attribute name="elasticGC enabled" value="1" />
  <attribute name= "numThreadsSpecified" value="4" />
  <attribute name="heapSize specified" value="0" />
  <attribute name="Current GC Util" value="63" />
  <attribute name= "Current Time Running" value="1709" />
  <attribute name ="GC Interval" value="0" />
  <attribute name="ProportionalT" value="64.500000" />
  <attribute name="ProportionalI" value="64.500000" />
  <attribute name="ProportionalH" value="64.500000" />
  <attribute name="Current Error" value="43.000000" />
  <attribute name="IntegralT" value="43.000000" />
  <attribute name="IntegralI" value="43.000000" />
  <attribute name="IntegralH" value="43.000000" />
  <attribute name="DerivativeT" value="43.000000" />
  <attribute name="DerivativeI" value="43.000000" />
  <attribute name="DerivativeH" value="43.000000" />
  <attribute name="Loop Time for DT" value="1.000000" />
  <attribute name="Output H" value="8388608"/>
  <attribute name="Output I" value="200"/>
  <attribute name="Output T" value="4"/>
  <attribute name="Target GC Util Change" value ="20.000000" />
  <attribute name="Current GC Util Change" value="63.000000"/>
  <attribute name="GC Util currently" value="63" />
  <attribute name="CPU Util currently" value="20194099060681" />
<exclusive-end id="492" timestamp="2019-06-16T01:53:43.761" durationms="3.214" />

<exclusive-start id="493" timestamp="2019-06-16T01:53:43.781" intervalms="22.563">
  <response-info timems="0.055" idlems="0.034" threads="1" lastid="0000000001CB9900" lastname="Thread-7" />
</exclusive-start>
<allocation-taxation id="494" taxation-threshold="30408704" timestamp="2019-06-16T01:53:43.781" intervalms="22.564" />
<cycle-start id="495" type="partial gc" contextid="0" timestamp="2019-06-16T01:53:43.781" intervalms="22.642" />
<gc-start id="496" type="partial gc" contextid="495" timestamp="2019-06-16T01:53:43.781">
  <mem-info id="497" free="28311552" total="97517568" percent="29">
    <mem type="eden" free="0" total="30408704" percent="0" />
    <remembered-set count="22560" freebytes="3802368" totalbytes="3892608" percent="97" regionsoverflowed="0" regionsstable="3" regionsrebuilding="0"/>
  </mem-info>
</gc-start>
<allocation-stats totalBytes="30405048" >
  <allocated-bytes non-tlh="0" tlh="30405048" arrayletleaf="0"/>
  <largest-consumer threadName="Thread-10" threadId="0000000001CBD500" bytes="9448312" />
</allocation-stats>
<gc-op id="498" type="copy forward" timems="2.171" contextid="495" timestamp="2019-06-16T01:53:43.784">
  <memory-copied type="eden" objects="10252" bytes="384296" bytesdiscarded="0" />
  <memory-copied type="other" objects="1874" bytes="44976" bytesdiscarded="0" />
  <memory-cardclean objects="5662" bytes="299904" />
  <regions eden="29" other="1" />
  <remembered-set-cleared processed="19793" cleared="702" durationms="0.243" />
  <stringconstants candidates="4597" cleared="0"  />
</gc-op>
<gc-op id="499" type="classunload" timems="0.003" contextid="495" timestamp="2019-06-16T01:53:43.784">
  <classunload-info classloadercandidates="8" classloadersunloaded="0" classesunloaded="0" anonymousclassesunloaded="0" quiescems="0.000" setupms="0.002" scanms="0.000" postms="0.000" />
</gc-op>
<heap-resize id="500" type="expand" space="default" amount="2097152" count="1" timems="0.072" reason="excessive time being spent in gc" timestamp="2019-06-16T01:53:43.784" />
<gc-end id="501" type="partial gc" contextid="495" durationms="3.200" usertimems="0.000" systemtimems="0.000" timestamp="2019-06-16T01:53:43.784" activeThreads="1">
  <mem-info id="502" free="59768832" total="99614720" percent="60">
    <mem type="eden" free="664280" total="1048576" percent="63" />
    <remembered-set count="23328" freebytes="3883008" totalbytes="3976320" percent="97" regionsoverflowed="0" regionsstable="3" regionsrebuilding="0"/>
  </mem-info>
</gc-end>
<cycle-end id="503" type="partial gc" contextid="495" timestamp="2019-06-16T01:53:43.784" />
  <attribute name="elasticGC enabled" value="1" />
  <attribute name= "numThreadsSpecified" value="1" />
  <attribute name="heapSize specified" value="0" />
  <attribute name="Current GC Util" value="43" />
  <attribute name= "Current Time Running" value="1731" />
  <attribute name ="GC Interval" value="0" />
  <attribute name="ProportionalT" value="34.500000" />
  <attribute name="ProportionalI" value="34.500000" />
  <attribute name="ProportionalH" value="34.500000" />
  <attribute name="Current Error" value="23.000000" />
  <attribute name="IntegralT" value="0.000000" />
  <attribute name="IntegralI" value="0.000000" />
  <attribute name="IntegralH" value="0.000000" />
  <attribute name="DerivativeT" value="inf" />
  <attribute name="DerivativeI" value="inf" />
  <attribute name="DerivativeH" value="inf" />
  <attribute name="Loop Time for DT" value="0.000000" />
  <attribute name="Output H" value="8388608"/>
  <attribute name="Output I" value="200"/>
  <attribute name="Output T" value="1"/>
  <attribute name="Target GC Util Change" value ="20.000000" />
  <attribute name="Current GC Util Change" value="43.000000"/>
  <attribute name="GC Util currently" value="43" />
  <attribute name="CPU Util currently" value="17803881503401" />
<exclusive-end id="504" timestamp="2019-06-16T01:53:43.785" durationms="3.936" />

<exclusive-start id="505" timestamp="2019-06-16T01:53:43.805" intervalms="23.886">
  <response-info timems="0.030" idlems="0.030" threads="0" lastid="0000000001CB5D00" lastname="Thread-8" />
</exclusive-start>
<allocation-taxation id="506" taxation-threshold="31457280" timestamp="2019-06-16T01:53:43.805" intervalms="23.901" />
<cycle-start id="507" type="partial gc" contextid="0" timestamp="2019-06-16T01:53:43.805" intervalms="23.862" />
<gc-start id="508" type="partial gc" contextid="507" timestamp="2019-06-16T01:53:43.805">
  <mem-info id="509" free="28311552" total="99614720" percent="28">
    <mem type="eden" free="0" total="31457280" percent="0" />
    <remembered-set count="23040" freebytes="3884160" totalbytes="3976320" percent="97" regionsoverflowed="0" regionsstable="3" regionsrebuilding="0"/>
  </mem-info>
</gc-start>
<allocation-stats totalBytes="31453456" >
  <allocated-bytes non-tlh="0" tlh="31453456" arrayletleaf="0"/>
  <largest-consumer threadName="Thread-10" threadId="0000000001CBD500" bytes="12454488" />
</allocation-stats>
<gc-op id="510" type="copy forward" timems="1.887" contextid="507" timestamp="2019-06-16T01:53:43.807">
  <memory-copied type="eden" objects="6893" bytes="303416" bytesdiscarded="0" />
  <memory-copied type="other" objects="2510" bytes="60240" bytesdiscarded="0" />
  <memory-cardclean objects="5318" bytes="264720" />
  <regions eden="30" other="1" />
  <remembered-set-cleared processed="20470" cleared="750" durationms="0.238" />
  <stringconstants candidates="4597" cleared="0"  />
</gc-op>
<gc-op id="511" type="classunload" timems="0.003" contextid="507" timestamp="2019-06-16T01:53:43.808">
  <classunload-info classloadercandidates="8" classloadersunloaded="0" classesunloaded="0" anonymousclassesunloaded="0" quiescems="0.000" setupms="0.003" scanms="0.000" postms="0.000" />
</gc-op>
<heap-resize id="512" type="expand" space="default" amount="3145728" count="1" timems="0.066" reason="excessive time being spent in gc" timestamp="2019-06-16T01:53:43.808" />
<gc-end id="513" type="partial gc" contextid="507" durationms="2.861" usertimems="0.000" systemtimems="0.000" timestamp="2019-06-16T01:53:43.808" activeThreads="1">
  <mem-info id="514" free="61865984" total="102760448" percent="60">
    <mem type="eden" free="745160" total="1048576" percent="71" />
    <remembered-set count="23488" freebytes="4007936" totalbytes="4101888" percent="97" regionsoverflowed="0" regionsstable="3" regionsrebuilding="0"/>
  </mem-info>
</gc-end>
<cycle-end id="515" type="partial gc" contextid="507" timestamp="2019-06-16T01:53:43.808" />
  <attribute name="elasticGC enabled" value="1" />
  <attribute name= "numThreadsSpecified" value="1" />
  <attribute name="heapSize specified" value="0" />
  <attribute name="Current GC Util" value="60" />
  <attribute name= "Current Time Running" value="1755" />
  <attribute name ="GC Interval" value="0" />
  <attribute name="ProportionalT" value="60.000000" />
  <attribute name="ProportionalI" value="60.000000" />
  <attribute name="ProportionalH" value="60.000000" />
  <attribute name="Current Error" value="40.000000" />
  <attribute name="IntegralT" value="0.000000" />
  <attribute name="IntegralI" value="0.000000" />
  <attribute name="IntegralH" value="0.000000" />
  <attribute name="DerivativeT" value="inf" />
  <attribute name="DerivativeI" value="inf" />
  <attribute name="DerivativeH" value="inf" />
  <attribute name="Loop Time for DT" value="0.000000" />
  <attribute name="Output H" value="8388608"/>
  <attribute name="Output I" value="200"/>
  <attribute name="Output T" value="1"/>
  <attribute name="Target GC Util Change" value ="20.000000" />
  <attribute name="Current GC Util Change" value="60.000000"/>
  <attribute name="GC Util currently" value="60" />
  <attribute name="CPU Util currently" value="22013556606187" />
<exclusive-end id="516" timestamp="2019-06-16T01:53:43.808" durationms="3.566" />

<exclusive-start id="517" timestamp="2019-06-16T01:53:43.828" intervalms="23.301">
  <response-info timems="0.037" idlems="0.037" threads="0" lastid="0000000001CB9900" lastname="Thread-7" />
</exclusive-start>
<allocation-taxation id="518" taxation-threshold="32505856" timestamp="2019-06-16T01:53:43.828" intervalms="23.264" />
<cycle-start id="519" type="partial gc" contextid="0" timestamp="2019-06-16T01:53:43.828" intervalms="23.302" />
<gc-start id="520" type="partial gc" contextid="519" timestamp="2019-06-16T01:53:43.828">
  <mem-info id="521" free="29360128" total="102760448" percent="28">
    <mem type="eden" free="0" total="32505856" percent="0" />
    <remembered-set count="23488" freebytes="4007936" totalbytes="4101888" percent="97" regionsoverflowed="0" regionsstable="3" regionsrebuilding="0"/>
  </mem-info>
</gc-start>
<allocation-stats totalBytes="32501656" >
  <allocated-bytes non-tlh="0" tlh="32501656" arrayletleaf="0"/>
  <largest-consumer threadName="Thread-9" threadId="0000000001CC1100" bytes="9337840" />
</allocation-stats>
<gc-op id="522" type="copy forward" timems="1.871" contextid="519" timestamp="2019-06-16T01:53:43.831">
  <memory-copied type="eden" objects="9322" bytes="362792" bytesdiscarded="12448" />
  <memory-copied type="other" objects="6782" bytes="300144" bytesdiscarded="24280" />
  <memory-cardclean objects="5544" bytes="275568" />
  <regions eden="31" other="1" />
  <remembered-set-cleared processed="20870" cleared="745" durationms="0.134" />
  <stringconstants candidates="4597" cleared="0"  />
</gc-op>
<gc-op id="523" type="classunload" timems="0.002" contextid="519" timestamp="2019-06-16T01:53:43.831">
  <classunload-info classloadercandidates="8" classloadersunloaded="0" classesunloaded="0" anonymousclassesunloaded="0" quiescems="0.000" setupms="0.002" scanms="0.000" postms="0.000" />
</gc-op>
<heap-resize id="524" type="expand" space="default" amount="2097152" count="1" timems="0.061" reason="excessive time being spent in gc" timestamp="2019-06-16T01:53:43.831" />
<gc-end id="525" type="partial gc" contextid="519" durationms="2.727" usertimems="4.000" systemtimems="0.000" timestamp="2019-06-16T01:53:43.831" activeThreads="4">
  <mem-info id="526" free="62914560" total="104857600" percent="60">
    <mem type="eden" free="673336" total="1048576" percent="64" />
    <remembered-set count="24256" freebytes="4088576" totalbytes="4185600" percent="97" regionsoverflowed="0" regionsstable="3" regionsrebuilding="0"/>
  </mem-info>
</gc-end>
<cycle-end id="527" type="partial gc" contextid="519" timestamp="2019-06-16T01:53:43.831" />
  <attribute name="elasticGC enabled" value="1" />
  <attribute name= "numThreadsSpecified" value="4" />
  <attribute name="heapSize specified" value="0" />
  <attribute name="Current GC Util" value="58" />
  <attribute name= "Current Time Running" value="1779" />
  <attribute name ="GC Interval" value="0" />
  <attribute name="ProportionalT" value="57.000000" />
  <attribute name="ProportionalI" value="57.000000" />
  <attribute name="ProportionalH" value="57.000000" />
  <attribute name="Current Error" value="38.000000" />
  <attribute name="IntegralT" value="38.000000" />
  <attribute name="IntegralI" value="38.000000" />
  <attribute name="IntegralH" value="38.000000" />
  <attribute name="DerivativeT" value="38.000000" />
  <attribute name="DerivativeI" value="38.000000" />
  <attribute name="DerivativeH" value="38.000000" />
  <attribute name="Loop Time for DT" value="1.000000" />
  <attribute name="Output H" value="8388608"/>
  <attribute name="Output I" value="200"/>
  <attribute name="Output T" value="4"/>
  <attribute name="Target GC Util Change" value ="20.000000" />
  <attribute name="Current GC Util Change" value="58.000000"/>
  <attribute name="GC Util currently" value="58" />
  <attribute name="CPU Util currently" value="21212711999088" />
<exclusive-end id="528" timestamp="2019-06-16T01:53:43.831" durationms="3.393" />

<exclusive-start id="529" timestamp="2019-06-16T01:53:43.851" intervalms="22.790">
  <response-info timems="0.061" idlems="0.061" threads="0" lastid="0000000001CB9900" lastname="Thread-7" />
</exclusive-start>
<allocation-taxation id="530" taxation-threshold="32505856" timestamp="2019-06-16T01:53:43.851" intervalms="22.809" />
<cycle-start id="531" type="partial gc" contextid="0" timestamp="2019-06-16T01:53:43.851" intervalms="22.895" />
<gc-start id="532" type="partial gc" contextid="531" timestamp="2019-06-16T01:53:43.851">
  <mem-info id="533" free="30408704" total="104857600" percent="29">
    <mem type="eden" free="0" total="32505856" percent="0" />
    <remembered-set count="24224" freebytes="4088704" totalbytes="4185600" percent="97" regionsoverflowed="0" regionsstable="3" regionsrebuilding="0"/>
  </mem-info>
</gc-start>
<allocation-stats totalBytes="32502416" >
  <allocated-bytes non-tlh="0" tlh="32502416" arrayletleaf="0"/>
  <largest-consumer threadName="Thread-7" threadId="0000000001CB9900" bytes="11893552" />
</allocation-stats>
<gc-op id="534" type="copy forward" timems="1.905" contextid="531" timestamp="2019-06-16T01:53:43.854">
  <memory-copied type="eden" objects="14834" bytes="632400" bytesdiscarded="56368" />
  <memory-copied type="other" objects="8988" bytes="353088" bytesdiscarded="14328" />
  <memory-cardclean objects="6867" bytes="365712" />
  <regions eden="31" other="1" />
  <remembered-set-cleared processed="21442" cleared="885" durationms="0.140" />
  <stringconstants candidates="4597" cleared="0"  />
</gc-op>
<gc-op id="535" type="classunload" timems="0.002" contextid="531" timestamp="2019-06-16T01:53:43.854">
  <classunload-info classloadercandidates="8" classloadersunloaded="0" classesunloaded="0" anonymousclassesunloaded="0" quiescems="0.000" setupms="0.002" scanms="0.000" postms="0.000" />
</gc-op>
<heap-resize id="536" type="expand" space="default" amount="3145728" count="1" timems="0.076" reason="excessive time being spent in gc" timestamp="2019-06-16T01:53:43.854" />
<gc-end id="537" type="partial gc" contextid="531" durationms="2.933" usertimems="4.000" systemtimems="0.000" timestamp="2019-06-16T01:53:43.854" activeThreads="4">
  <mem-info id="538" free="65011712" total="108003328" percent="60">
    <mem type="eden" free="359808" total="1048576" percent="34" />
    <remembered-set count="24832" freebytes="4211840" totalbytes="4311168" percent="97" regionsoverflowed="0" regionsstable="3" regionsrebuilding="0"/>
  </mem-info>
</gc-end>
<cycle-end id="539" type="partial gc" contextid="531" timestamp="2019-06-16T01:53:43.854" />
  <attribute name="elasticGC enabled" value="1" />
  <attribute name= "numThreadsSpecified" value="4" />
  <attribute name="heapSize specified" value="0" />
  <attribute name="Current GC Util" value="0" />
  <attribute name= "Current Time Running" value="1802" />
  <attribute name ="GC Interval" value="0" />
  <attribute name="ProportionalT" value="-30.000000" />
  <attribute name="ProportionalI" value="-30.000000" />
  <attribute name="ProportionalH" value="-30.000000" />
  <attribute name="Current Error" value="-20.000000" />
  <attribute name="IntegralT" value="-20.000000" />
  <attribute name="IntegralI" value="-20.000000" />
  <attribute name="IntegralH" value="-20.000000" />
  <attribute name="DerivativeT" value="-20.000000" />
  <attribute name="DerivativeI" value="-20.000000" />
  <attribute name="DerivativeH" value="-20.000000" />
  <attribute name="Loop Time for DT" value="1.000000" />
  <attribute name="Output H" value="2091843584"/>
  <attribute name="Output I" value="200"/>
  <attribute name="Output T" value="4"/>
  <attribute name="Target GC Util Change" value ="20.000000" />
  <attribute name="Current GC Util Change" value="0.000000"/>
  <attribute name="GC Util currently" value="0" />
  <attribute name="CPU Util currently" value="28113865333876" />
<exclusive-end id="540" timestamp="2019-06-16T01:53:43.854" durationms="3.708" />

<exclusive-start id="541" timestamp="2019-06-16T01:53:43.873" intervalms="21.951">
  <response-info timems="0.022" idlems="0.022" threads="0" lastid="0000000001CC1100" lastname="Thread-9" />
</exclusive-start>
<allocation-taxation id="542" taxation-threshold="33554432" timestamp="2019-06-16T01:53:43.873" intervalms="21.923" />
<cycle-start id="543" type="partial gc" contextid="0" timestamp="2019-06-16T01:53:43.873" intervalms="21.803" />
<gc-start id="544" type="partial gc" contextid="543" timestamp="2019-06-16T01:53:43.873">
  <mem-info id="545" free="31457280" total="108003328" percent="29">
    <mem type="eden" free="0" total="33554432" percent="0" />
    <remembered-set count="24640" freebytes="4212608" totalbytes="4311168" percent="97" regionsoverflowed="0" regionsstable="3" regionsrebuilding="0"/>
  </mem-info>
</gc-start>
<allocation-stats totalBytes="33550656" >
  <allocated-bytes non-tlh="0" tlh="33550656" arrayletleaf="0"/>
  <largest-consumer threadName="Thread-7" threadId="0000000001CB9900" bytes="11553576" />
</allocation-stats>
<gc-op id="546" type="copy forward" timems="2.760" contextid="543" timestamp="2019-06-16T01:53:43.876">
  <memory-copied type="eden" objects="4975" bytes="120912" bytesdiscarded="0" />
  <memory-copied type="other" objects="14515" bytes="623112" bytesdiscarded="0" />
  <memory-cardclean objects="5635" bytes="303144" />
  <regions eden="32" other="1" />
  <remembered-set-cleared processed="22232" cleared="755" durationms="0.255" />
  <stringconstants candidates="4597" cleared="0"  />
</gc-op>
<gc-op id="547" type="classunload" timems="0.002" contextid="543" timestamp="2019-06-16T01:53:43.876">
  <classunload-info classloadercandidates="8" classloadersunloaded="0" classesunloaded="0" anonymousclassesunloaded="0" quiescems="0.000" setupms="0.002" scanms="0.000" postms="0.000" />
</gc-op>
<heap-resize id="548" type="expand" space="default" amount="2097152" count="1" timems="0.069" reason="excessive time being spent in gc" timestamp="2019-06-16T01:53:43.877" />
<gc-end id="549" type="partial gc" contextid="543" durationms="3.745" usertimems="4.000" systemtimems="0.000" timestamp="2019-06-16T01:53:43.877" activeThreads="1">
  <mem-info id="550" free="66060288" total="110100480" percent="60">
    <mem type="eden" free="927664" total="1048576" percent="88" />
    <remembered-set count="25888" freebytes="4291328" totalbytes="4394880" percent="97" regionsoverflowed="0" regionsstable="3" regionsrebuilding="0"/>
  </mem-info>
</gc-end>
<cycle-end id="551" type="partial gc" contextid="543" timestamp="2019-06-16T01:53:43.877" />
  <attribute name="elasticGC enabled" value="1" />
  <attribute name= "numThreadsSpecified" value="1" />
  <attribute name="heapSize specified" value="0" />
  <attribute name="Current GC Util" value="49" />
  <attribute name= "Current Time Running" value="1823" />
  <attribute name ="GC Interval" value="0" />
  <attribute name="ProportionalT" value="43.500000" />
  <attribute name="ProportionalI" value="43.500000" />
  <attribute name="ProportionalH" value="43.500000" />
  <attribute name="Current Error" value="29.000000" />
  <attribute name="IntegralT" value="0.000000" />
  <attribute name="IntegralI" value="0.000000" />
  <attribute name="IntegralH" value="0.000000" />
  <attribute name="DerivativeT" value="inf" />
  <attribute name="DerivativeI" value="inf" />
  <attribute name="DerivativeH" value="inf" />
  <attribute name="Loop Time for DT" value="0.000000" />
  <attribute name="Output H" value="8388608"/>
  <attribute name="Output I" value="200"/>
  <attribute name="Output T" value="1"/>
  <attribute name="Target GC Util Change" value ="20.000000" />
  <attribute name="Current GC Util Change" value="49.000000"/>
  <attribute name="GC Util currently" value="49" />
  <attribute name="CPU Util currently" value="21780872965097" />
<exclusive-end id="552" timestamp="2019-06-16T01:53:43.877" durationms="4.320" />

<exclusive-start id="553" timestamp="2019-06-16T01:53:43.895" intervalms="22.878">
  <response-info timems="0.022" idlems="0.022" threads="0" lastid="0000000001CBD500" lastname="Thread-10" />
</exclusive-start>
<allocation-taxation id="554" taxation-threshold="33554432" timestamp="2019-06-16T01:53:43.896" intervalms="22.918" />
<cycle-start id="555" type="partial gc" contextid="0" timestamp="2019-06-16T01:53:43.896" intervalms="22.938" />
<gc-start id="556" type="partial gc" contextid="555" timestamp="2019-06-16T01:53:43.896">
  <mem-info id="557" free="32505856" total="110100480" percent="29">
    <mem type="eden" free="0" total="33554432" percent="0" />
    <remembered-set count="25568" freebytes="4292608" totalbytes="4394880" percent="97" regionsoverflowed="0" regionsstable="3" regionsrebuilding="0"/>
  </mem-info>
</gc-start>
<allocation-stats totalBytes="33550408" >
  <allocated-bytes non-tlh="0" tlh="33550408" arrayletleaf="0"/>
  <largest-consumer threadName="Thread-7" threadId="0000000001CB9900" bytes="10976032" />
</allocation-stats>
<gc-op id="558" type="copy forward" timems="2.832" contextid="555" timestamp="2019-06-16T01:53:43.899">
  <memory-copied type="eden" objects="16824" bytes="680224" bytesdiscarded="0" />
  <memory-copied type="other" objects="4668" bytes="112032" bytesdiscarded="0" />
  <memory-cardclean objects="11091" bytes="583944" />
  <regions eden="32" other="1" />
  <remembered-set-cleared processed="22877" cleared="598" durationms="0.251" />
  <stringconstants candidates="4597" cleared="0"  />
</gc-op>
<gc-op id="559" type="classunload" timems="0.003" contextid="555" timestamp="2019-06-16T01:53:43.899">
  <classunload-info classloadercandidates="8" classloadersunloaded="0" classesunloaded="0" anonymousclassesunloaded="0" quiescems="0.000" setupms="0.003" scanms="0.000" postms="0.000" />
</gc-op>
<heap-resize id="560" type="expand" space="default" amount="3145728" count="1" timems="0.062" reason="excessive time being spent in gc" timestamp="2019-06-16T01:53:43.899" />
<gc-end id="561" type="partial gc" contextid="555" durationms="3.709" usertimems="4.000" systemtimems="0.000" timestamp="2019-06-16T01:53:43.900" activeThreads="1">
  <mem-info id="562" free="68157440" total="113246208" percent="60">
    <mem type="eden" free="368352" total="1048576" percent="35" />
    <remembered-set count="26752" freebytes="4413440" totalbytes="4520448" percent="97" regionsoverflowed="0" regionsstable="3" regionsrebuilding="0"/>
  </mem-info>
</gc-end>
<cycle-end id="563" type="partial gc" contextid="555" timestamp="2019-06-16T01:53:43.900" />
  <attribute name="elasticGC enabled" value="1" />
  <attribute name= "numThreadsSpecified" value="1" />
  <attribute name="heapSize specified" value="0" />
  <attribute name="Current GC Util" value="64" />
  <attribute name= "Current Time Running" value="1846" />
  <attribute name ="GC Interval" value="0" />
  <attribute name="ProportionalT" value="66.000000" />
  <attribute name="ProportionalI" value="66.000000" />
  <attribute name="ProportionalH" value="66.000000" />
  <attribute name="Current Error" value="44.000000" />
  <attribute name="IntegralT" value="0.000000" />
  <attribute name="IntegralI" value="0.000000" />
  <attribute name="IntegralH" value="0.000000" />
  <attribute name="DerivativeT" value="inf" />
  <attribute name="DerivativeI" value="inf" />
  <attribute name="DerivativeH" value="inf" />
  <attribute name="Loop Time for DT" value="0.000000" />
  <attribute name="Output H" value="8388608"/>
  <attribute name="Output I" value="200"/>
  <attribute name="Output T" value="1"/>
  <attribute name="Target GC Util Change" value ="20.000000" />
  <attribute name="Current GC Util Change" value="64.000000"/>
  <attribute name="GC Util currently" value="64" />
  <attribute name="CPU Util currently" value="22667194294856" />
<exclusive-end id="564" timestamp="2019-06-16T01:53:43.900" durationms="4.408" />

<exclusive-start id="565" timestamp="2019-06-16T01:53:43.920" intervalms="24.491">
  <response-info timems="0.039" idlems="0.039" threads="0" lastid="0000000001CBD500" lastname="Thread-10" />
</exclusive-start>
<allocation-taxation id="566" taxation-threshold="34603008" timestamp="2019-06-16T01:53:43.920" intervalms="24.496" />
<cycle-start id="567" type="partial gc" contextid="0" timestamp="2019-06-16T01:53:43.920" intervalms="24.515" />
<gc-start id="568" type="partial gc" contextid="567" timestamp="2019-06-16T01:53:43.920">
  <mem-info id="569" free="33554432" total="113246208" percent="29">
    <mem type="eden" free="0" total="34603008" percent="0" />
    <remembered-set count="26464" freebytes="4414592" totalbytes="4520448" percent="97" regionsoverflowed="0" regionsstable="3" regionsrebuilding="0"/>
  </mem-info>
</gc-start>
<allocation-stats totalBytes="34598896" >
  <allocated-bytes non-tlh="0" tlh="34598896" arrayletleaf="0"/>
  <largest-consumer threadName="Thread-7" threadId="0000000001CB9900" bytes="10042152" />
</allocation-stats>
<gc-op id="570" type="copy forward" timems="1.893" contextid="567" timestamp="2019-06-16T01:53:43.923">
  <memory-copied type="eden" objects="6988" bytes="306384" bytesdiscarded="40944" />
  <memory-copied type="other" objects="10983" bytes="400968" bytesdiscarded="37504" />
  <memory-cardclean objects="7824" bytes="388296" />
  <regions eden="33" other="2" />
  <remembered-set-cleared processed="23827" cleared="5492" durationms="0.135" />
  <stringconstants candidates="4597" cleared="0"  />
</gc-op>
<gc-op id="571" type="classunload" timems="0.003" contextid="567" timestamp="2019-06-16T01:53:43.923">
  <classunload-info classloadercandidates="8" classloadersunloaded="0" classesunloaded="0" anonymousclassesunloaded="0" quiescems="0.000" setupms="0.002" scanms="0.000" postms="0.000" />
</gc-op>
<gc-end id="572" type="partial gc" contextid="567" durationms="2.597" usertimems="4.000" systemtimems="0.000" timestamp="2019-06-16T01:53:43.923" activeThreads="4">
  <mem-info id="573" free="68157440" total="113246208" percent="60">
    <mem type="eden" free="701248" total="1048576" percent="66" />
    <remembered-set count="22656" freebytes="4429824" totalbytes="4520448" percent="97" regionsoverflowed="0" regionsstable="3" regionsrebuilding="0"/>
  </mem-info>
</gc-end>
<cycle-end id="574" type="partial gc" contextid="567" timestamp="2019-06-16T01:53:43.923" />
  <attribute name="elasticGC enabled" value="1" />
  <attribute name= "numThreadsSpecified" value="4" />
  <attribute name="heapSize specified" value="0" />
  <attribute name="Current GC Util" value="60" />
  <attribute name= "Current Time Running" value="1871" />
  <attribute name ="GC Interval" value="0" />
  <attribute name="ProportionalT" value="60.000000" />
  <attribute name="ProportionalI" value="60.000000" />
  <attribute name="ProportionalH" value="60.000000" />
  <attribute name="Current Error" value="40.000000" />
  <attribute name="IntegralT" value="40.000000" />
  <attribute name="IntegralI" value="40.000000" />
  <attribute name="IntegralH" value="40.000000" />
  <attribute name="DerivativeT" value="40.000000" />
  <attribute name="DerivativeI" value="40.000000" />
  <attribute name="DerivativeH" value="40.000000" />
  <attribute name="Loop Time for DT" value="1.000000" />
  <attribute name="Output H" value="8388608"/>
  <attribute name="Output I" value="200"/>
  <attribute name="Output T" value="4"/>
  <attribute name="Target GC Util Change" value ="20.000000" />
  <attribute name="Current GC Util Change" value="60.000000"/>
  <attribute name="GC Util currently" value="60" />
  <attribute name="CPU Util currently" value="22941428781128" />
<exclusive-end id="575" timestamp="2019-06-16T01:53:43.923" durationms="3.227" />

<exclusive-start id="576" timestamp="2019-06-16T01:53:43.944" intervalms="24.434">
  <response-info timems="0.031" idlems="0.031" threads="0" lastid="0000000001CC1100" lastname="Thread-9" />
</exclusive-start>
<allocation-taxation id="577" taxation-threshold="34603008" timestamp="2019-06-16T01:53:43.945" intervalms="24.386" />
<cycle-start id="578" type="partial gc" contextid="0" timestamp="2019-06-16T01:53:43.945" intervalms="24.347" />
<gc-start id="579" type="partial gc" contextid="578" timestamp="2019-06-16T01:53:43.945">
  <mem-info id="580" free="33554432" total="113246208" percent="29">
    <mem type="eden" free="0" total="34603008" percent="0" />
    <remembered-set count="22176" freebytes="4431744" totalbytes="4520448" percent="98" regionsoverflowed="0" regionsstable="3" regionsrebuilding="0"/>
  </mem-info>
</gc-start>
<allocation-stats totalBytes="34598976" >
  <allocated-bytes non-tlh="0" tlh="34598976" arrayletleaf="0"/>
  <largest-consumer threadName="Thread-8" threadId="0000000001CB5D00" bytes="10230616" />
</allocation-stats>
<gc-op id="581" type="copy forward" timems="3.142" contextid="578" timestamp="2019-06-16T01:53:43.948">
  <memory-copied type="eden" objects="2598" bytes="63808" bytesdiscarded="0" />
  <memory-copied type="other" objects="22383" bytes="811944" bytesdiscarded="0" />
  <memory-cardclean objects="13277" bytes="650952" />
  <regions eden="33" other="3" />
  <remembered-set-cleared processed="18533" cleared="978" durationms="0.216" />
  <stringconstants candidates="4597" cleared="0"  />
</gc-op>
<gc-op id="582" type="classunload" timems="0.003" contextid="578" timestamp="2019-06-16T01:53:43.948">
  <classunload-info classloadercandidates="8" classloadersunloaded="0" classesunloaded="0" anonymousclassesunloaded="0" quiescems="0.000" setupms="0.002" scanms="0.000" postms="0.000" />
</gc-op>
<heap-resize id="583" type="expand" space="default" amount="2097152" count="1" timems="0.061" reason="excessive time being spent in gc" timestamp="2019-06-16T01:53:43.949" />
<gc-end id="584" type="partial gc" contextid="578" durationms="3.940" usertimems="4.000" systemtimems="0.000" timestamp="2019-06-16T01:53:43.949" activeThreads="1">
  <mem-info id="585" free="69206016" total="115343360" percent="60">
    <mem type="eden" free="984768" total="1048576" percent="93" />
    <remembered-set count="23264" freebytes="4511104" totalbytes="4604160" percent="97" regionsoverflowed="0" regionsstable="3" regionsrebuilding="0"/>
  </mem-info>
</gc-end>
<cycle-end id="586" type="partial gc" contextid="578" timestamp="2019-06-16T01:53:43.949" />
  <attribute name="elasticGC enabled" value="1" />
  <attribute name= "numThreadsSpecified" value="1" />
  <attribute name="heapSize specified" value="0" />
  <attribute name="Current GC Util" value="59" />
  <attribute name= "Current Time Running" value="1895" />
  <attribute name ="GC Interval" value="0" />
  <attribute name="ProportionalT" value="58.500000" />
  <attribute name="ProportionalI" value="58.500000" />
  <attribute name="ProportionalH" value="58.500000" />
  <attribute name="Current Error" value="39.000000" />
  <attribute name="IntegralT" value="0.000000" />
  <attribute name="IntegralI" value="0.000000" />
  <attribute name="IntegralH" value="0.000000" />
  <attribute name="DerivativeT" value="inf" />
  <attribute name="DerivativeI" value="inf" />
  <attribute name="DerivativeH" value="inf" />
  <attribute name="Loop Time for DT" value="0.000000" />
  <attribute name="Output H" value="8388608"/>
  <attribute name="Output I" value="200"/>
  <attribute name="Output T" value="1"/>
  <attribute name="Target GC Util Change" value ="20.000000" />
  <attribute name="Current GC Util Change" value="59.000000"/>
  <attribute name="GC Util currently" value="59" />
  <attribute name="CPU Util currently" value="21133583300327" />
<exclusive-end id="587" timestamp="2019-06-16T01:53:43.949" durationms="4.443" />

<exclusive-start id="588" timestamp="2019-06-16T01:53:43.975" intervalms="30.571">
  <response-info timems="0.119" idlems="0.085" threads="1" lastid="0000000001CB5D00" lastname="Thread-8" />
</exclusive-start>
<allocation-taxation id="589" taxation-threshold="35651584" timestamp="2019-06-16T01:53:43.975" intervalms="30.601" />
<cycle-start id="590" type="partial gc" contextid="0" timestamp="2019-06-16T01:53:43.975" intervalms="30.619" />
<gc-start id="591" type="partial gc" contextid="590" timestamp="2019-06-16T01:53:43.975">
  <mem-info id="592" free="33554432" total="115343360" percent="29">
    <mem type="eden" free="0" total="35651584" percent="0" />
    <remembered-set count="23200" freebytes="4511360" totalbytes="4604160" percent="97" regionsoverflowed="0" regionsstable="3" regionsrebuilding="0"/>
  </mem-info>
</gc-start>
<allocation-stats totalBytes="35647216" >
  <allocated-bytes non-tlh="0" tlh="35647216" arrayletleaf="0"/>
  <largest-consumer threadName="Thread-10" threadId="0000000001CBD500" bytes="10189432" />
</allocation-stats>
<gc-op id="593" type="copy forward" timems="1.657" contextid="590" timestamp="2019-06-16T01:53:43.978">
  <memory-copied type="eden" objects="2915" bytes="70672" bytesdiscarded="4808" />
  <memory-copied type="other" objects="9046" bytes="354480" bytesdiscarded="21376" />
  <memory-cardclean objects="7085" bytes="364632" />
  <regions eden="34" other="2" />
  <remembered-set-cleared processed="20170" cleared="712" durationms="0.136" />
  <stringconstants candidates="4597" cleared="0"  />
</gc-op>
<gc-op id="594" type="classunload" timems="0.002" contextid="590" timestamp="2019-06-16T01:53:43.978">
  <classunload-info classloadercandidates="8" classloadersunloaded="0" classesunloaded="0" anonymousclassesunloaded="0" quiescems="0.000" setupms="0.002" scanms="0.000" postms="0.000" />
</gc-op>
<heap-resize id="595" type="expand" space="default" amount="3145728" count="1" timems="0.066" reason="excessive time being spent in gc" timestamp="2019-06-16T01:53:43.978" />
<gc-end id="596" type="partial gc" contextid="590" durationms="2.482" usertimems="4.000" systemtimems="0.000" timestamp="2019-06-16T01:53:43.978" activeThreads="4">
  <mem-info id="597" free="71303168" total="118489088" percent="60">
    <mem type="eden" free="973096" total="1048576" percent="92" />
    <remembered-set count="24256" freebytes="4632704" totalbytes="4729728" percent="97" regionsoverflowed="0" regionsstable="3" regionsrebuilding="0"/>
  </mem-info>
</gc-end>
<cycle-end id="598" type="partial gc" contextid="590" timestamp="2019-06-16T01:53:43.978" />
  <attribute name="elasticGC enabled" value="1" />
  <attribute name= "numThreadsSpecified" value="4" />
  <attribute name="heapSize specified" value="0" />
  <attribute name="Current GC Util" value="65" />
  <attribute name= "Current Time Running" value="1926" />
  <attribute name ="GC Interval" value="0" />
  <attribute name="ProportionalT" value="67.500000" />
  <attribute name="ProportionalI" value="67.500000" />
  <attribute name="ProportionalH" value="67.500000" />
  <attribute name="Current Error" value="45.000000" />
  <attribute name="IntegralT" value="45.000000" />
  <attribute name="IntegralI" value="45.000000" />
  <attribute name="IntegralH" value="45.000000" />
  <attribute name="DerivativeT" value="45.000000" />
  <attribute name="DerivativeI" value="45.000000" />
  <attribute name="DerivativeH" value="45.000000" />
  <attribute name="Loop Time for DT" value="1.000000" />
  <attribute name="Output H" value="8388608"/>
  <attribute name="Output I" value="200"/>
  <attribute name="Output T" value="4"/>
  <attribute name="Target GC Util Change" value ="20.000000" />
  <attribute name="Current GC Util Change" value="65.000000"/>
  <attribute name="GC Util currently" value="65" />
  <attribute name="CPU Util currently" value="21041977374966" />
<exclusive-end id="599" timestamp="2019-06-16T01:53:43.978" durationms="3.143" />

<exclusive-start id="600" timestamp="2019-06-16T01:53:44.011" intervalms="36.050">
  <response-info timems="7.077" idlems="3.564" threads="1" lastid="0000000001CB5D00" lastname="Thread-8" />
</exclusive-start>
<allocation-taxation id="601" taxation-threshold="35651584" timestamp="2019-06-16T01:53:44.011" intervalms="36.064" />
<cycle-start id="602" type="partial gc" contextid="0" timestamp="2019-06-16T01:53:44.011" intervalms="36.145" />
<gc-start id="603" type="partial gc" contextid="602" timestamp="2019-06-16T01:53:44.012">
  <mem-info id="604" free="35651584" total="118489088" percent="30">
    <mem type="eden" free="0" total="35651584" percent="0" />
    <remembered-set count="24064" freebytes="4633472" totalbytes="4729728" percent="97" regionsoverflowed="0" regionsstable="3" regionsrebuilding="0"/>
  </mem-info>
</gc-start>
<allocation-stats totalBytes="35647424" >
  <allocated-bytes non-tlh="0" tlh="35647424" arrayletleaf="0"/>
  <largest-consumer threadName="Thread-7" threadId="0000000001CB9900" bytes="10058600" />
</allocation-stats>
<gc-op id="605" type="copy forward" timems="2.119" contextid="602" timestamp="2019-06-16T01:53:44.014">
  <memory-copied type="eden" objects="2768" bytes="68208" bytesdiscarded="0" />
  <memory-copied type="other" objects="5090" bytes="122160" bytesdiscarded="0" />
  <memory-cardclean objects="9914" bytes="500376" />
  <regions eden="34" other="2" />
  <remembered-set-cleared processed="20774" cleared="847" durationms="0.274" />
  <stringconstants candidates="4597" cleared="0"  />
</gc-op>
<gc-op id="606" type="classunload" timems="0.002" contextid="602" timestamp="2019-06-16T01:53:44.014">
  <classunload-info classloadercandidates="8" classloadersunloaded="0" classesunloaded="0" anonymousclassesunloaded="0" quiescems="0.000" setupms="0.002" scanms="0.000" postms="0.000" />
</gc-op>
<gc-end id="607" type="partial gc" contextid="602" durationms="2.918" usertimems="8.000" systemtimems="0.000" timestamp="2019-06-16T01:53:44.015" activeThreads="1">
  <mem-info id="608" free="70254592" total="118489088" percent="59">
    <mem type="eden" free="980368" total="1048576" percent="93" />
    <remembered-set count="25632" freebytes="4627200" totalbytes="4729728" percent="97" regionsoverflowed="0" regionsstable="3" regionsrebuilding="0"/>
  </mem-info>
</gc-end>
<cycle-end id="609" type="partial gc" contextid="602" timestamp="2019-06-16T01:53:44.015" />
  <attribute name="elasticGC enabled" value="1" />
  <attribute name= "numThreadsSpecified" value="1" />
  <attribute name="heapSize specified" value="0" />
  <attribute name="Current GC Util" value="63" />
  <attribute name= "Current Time Running" value="1962" />
  <attribute name ="GC Interval" value="0" />
  <attribute name="ProportionalT" value="64.500000" />
  <attribute name="ProportionalI" value="64.500000" />
  <attribute name="ProportionalH" value="64.500000" />
  <attribute name="Current Error" value="43.000000" />
  <attribute name="IntegralT" value="0.000000" />
  <attribute name="IntegralI" value="0.000000" />
  <attribute name="IntegralH" value="0.000000" />
  <attribute name="DerivativeT" value="inf" />
  <attribute name="DerivativeI" value="inf" />
  <attribute name="DerivativeH" value="inf" />
  <attribute name="Loop Time for DT" value="0.000000" />
  <attribute name="Output H" value="8388608"/>
  <attribute name="Output I" value="200"/>
  <attribute name="Output T" value="1"/>
  <attribute name="Target GC Util Change" value ="20.000000" />
  <attribute name="Current GC Util Change" value="63.000000"/>
  <attribute name="GC Util currently" value="63" />
  <attribute name="CPU Util currently" value="22076785786261" />
<exclusive-end id="610" timestamp="2019-06-16T01:53:44.015" durationms="3.711" />

<exclusive-start id="611" timestamp="2019-06-16T01:53:44.038" intervalms="27.148">
  <response-info timems="1.644" idlems="0.853" threads="1" lastid="0000000001CB5D00" lastname="Thread-8" />
</exclusive-start>
<allocation-taxation id="612" taxation-threshold="35651584" timestamp="2019-06-16T01:53:44.038" intervalms="27.164" />
<cycle-start id="613" type="partial gc" contextid="0" timestamp="2019-06-16T01:53:44.039" intervalms="27.133" />
<gc-start id="614" type="partial gc" contextid="613" timestamp="2019-06-16T01:53:44.039">
  <mem-info id="615" free="34603008" total="118489088" percent="29">
    <mem type="eden" free="0" total="35651584" percent="0" />
    <remembered-set count="25152" freebytes="4629120" totalbytes="4729728" percent="97" regionsoverflowed="0" regionsstable="3" regionsrebuilding="0"/>
  </mem-info>
</gc-start>
<allocation-stats totalBytes="35647152" >
  <allocated-bytes non-tlh="0" tlh="35647152" arrayletleaf="0"/>
  <largest-consumer threadName="Thread-8" threadId="0000000001CB5D00" bytes="12126840" />
</allocation-stats>
<gc-op id="616" type="copy forward" timems="2.032" contextid="613" timestamp="2019-06-16T01:53:44.041">
  <memory-copied type="eden" objects="2678" bytes="65704" bytesdiscarded="0" />
  <memory-copied type="other" objects="5192" bytes="124608" bytesdiscarded="0" />
  <memory-cardclean objects="10301" bytes="499944" />
  <regions eden="34" other="2" />
  <remembered-set-cleared processed="21462" cleared="1003" durationms="0.267" />
  <stringconstants candidates="4597" cleared="0"  />
</gc-op>
<gc-op id="617" type="classunload" timems="0.002" contextid="613" timestamp="2019-06-16T01:53:44.041">
  <classunload-info classloadercandidates="8" classloadersunloaded="0" classesunloaded="0" anonymousclassesunloaded="0" quiescems="0.000" setupms="0.002" scanms="0.000" postms="0.000" />
</gc-op>
<gc-end id="618" type="partial gc" contextid="613" durationms="3.019" usertimems="0.000" systemtimems="4.000" timestamp="2019-06-16T01:53:44.042" activeThreads="1">
  <mem-info id="619" free="69206016" total="118489088" percent="58">
    <mem type="eden" free="982872" total="1048576" percent="93" />
    <remembered-set count="26720" freebytes="4622848" totalbytes="4729728" percent="97" regionsoverflowed="0" regionsstable="3" regionsrebuilding="0"/>
  </mem-info>
</gc-end>
<cycle-end id="620" type="partial gc" contextid="613" timestamp="2019-06-16T01:53:44.042" />
  <attribute name="elasticGC enabled" value="1" />
  <attribute name= "numThreadsSpecified" value="1" />
  <attribute name="heapSize specified" value="0" />
  <attribute name="Current GC Util" value="42" />
  <attribute name= "Current Time Running" value="1989" />
  <attribute name ="GC Interval" value="0" />
  <attribute name="ProportionalT" value="33.000000" />
  <attribute name="ProportionalI" value="33.000000" />
  <attribute name="ProportionalH" value="33.000000" />
  <attribute name="Current Error" value="22.000000" />
  <attribute name="IntegralT" value="0.000000" />
  <attribute name="IntegralI" value="0.000000" />
  <attribute name="IntegralH" value="0.000000" />
  <attribute name="DerivativeT" value="inf" />
  <attribute name="DerivativeI" value="inf" />
  <attribute name="DerivativeH" value="inf" />
  <attribute name="Loop Time for DT" value="0.000000" />
  <attribute name="Output H" value="8388608"/>
  <attribute name="Output I" value="200"/>
  <attribute name="Output T" value="1"/>
  <attribute name="Target GC Util Change" value ="20.000000" />
  <attribute name="Current GC Util Change" value="42.000000"/>
  <attribute name="GC Util currently" value="42" />
  <attribute name="CPU Util currently" value="16176700083376" />
<exclusive-end id="621" timestamp="2019-06-16T01:53:44.042" durationms="3.891" />

<exclusive-start id="622" timestamp="2019-06-16T01:53:44.070" intervalms="31.552">
  <response-info timems="0.030" idlems="0.030" threads="0" lastid="0000000001CB9900" lastname="Thread-7" />
</exclusive-start>
<allocation-taxation id="623" taxation-threshold="35651584" timestamp="2019-06-16T01:53:44.070" intervalms="31.587" />
<cycle-start id="624" type="partial gc" contextid="0" timestamp="2019-06-16T01:53:44.070" intervalms="31.586" />
<gc-start id="625" type="partial gc" contextid="624" timestamp="2019-06-16T01:53:44.070">
  <mem-info id="626" free="33554432" total="118489088" percent="28">
    <mem type="eden" free="0" total="35651584" percent="0" />
    <remembered-set count="26400" freebytes="4624128" totalbytes="4729728" percent="97" regionsoverflowed="0" regionsstable="3" regionsrebuilding="0"/>
  </mem-info>
</gc-start>
<allocation-stats totalBytes="35647576" >
  <allocated-bytes non-tlh="0" tlh="35647576" arrayletleaf="0"/>
  <largest-consumer threadName="Thread-7" threadId="0000000001CB9900" bytes="13585032" />
</allocation-stats>
<gc-op id="627" type="copy forward" timems="1.874" contextid="624" timestamp="2019-06-16T01:53:44.073">
  <memory-copied type="eden" objects="9436" bytes="365232" bytesdiscarded="24880" />
  <memory-copied type="other" objects="4806" bytes="115344" bytesdiscarded="4160" />
  <memory-cardclean objects="9223" bytes="451616" />
  <regions eden="34" other="2" />
  <remembered-set-cleared processed="22171" cleared="1097" durationms="0.135" />
  <stringconstants candidates="4597" cleared="0"  />
</gc-op>
<gc-op id="628" type="classunload" timems="0.003" contextid="624" timestamp="2019-06-16T01:53:44.073">
  <classunload-info classloadercandidates="8" classloadersunloaded="0" classesunloaded="0" anonymousclassesunloaded="0" quiescems="0.000" setupms="0.003" scanms="0.000" postms="0.000" />
</gc-op>
<gc-end id="629" type="partial gc" contextid="624" durationms="2.820" usertimems="8.000" systemtimems="0.000" timestamp="2019-06-16T01:53:44.073" activeThreads="4">
  <mem-info id="630" free="68157440" total="118489088" percent="57">
    <mem type="eden" free="658464" total="1048576" percent="62" />
    <remembered-set count="26496" freebytes="4623744" totalbytes="4729728" percent="97" regionsoverflowed="0" regionsstable="3" regionsrebuilding="0"/>
  </mem-info>
</gc-end>
<cycle-end id="631" type="partial gc" contextid="624" timestamp="2019-06-16T01:53:44.073" />
  <attribute name="elasticGC enabled" value="1" />
  <attribute name= "numThreadsSpecified" value="4" />
  <attribute name="heapSize specified" value="0" />
  <attribute name="Current GC Util" value="54" />
  <attribute name= "Current Time Running" value="2021" />
  <attribute name ="GC Interval" value="0" />
  <attribute name="ProportionalT" value="51.000000" />
  <attribute name="ProportionalI" value="51.000000" />
  <attribute name="ProportionalH" value="51.000000" />
  <attribute name="Current Error" value="34.000000" />
  <attribute name="IntegralT" value="34.000000" />
  <attribute name="IntegralI" value="34.000000" />
  <attribute name="IntegralH" value="34.000000" />
  <attribute name="DerivativeT" value="34.000000" />
  <attribute name="DerivativeI" value="34.000000" />
  <attribute name="DerivativeH" value="34.000000" />
  <attribute name="Loop Time for DT" value="1.000000" />
  <attribute name="Output H" value="8388608"/>
  <attribute name="Output I" value="200"/>
  <attribute name="Output T" value="4"/>
  <attribute name="Target GC Util Change" value ="20.000000" />
  <attribute name="Current GC Util Change" value="54.000000"/>
  <attribute name="GC Util currently" value="54" />
  <attribute name="CPU Util currently" value="18863938925636" />
<exclusive-end id="632" timestamp="2019-06-16T01:53:44.073" durationms="3.678" />

<exclusive-start id="633" timestamp="2019-06-16T01:53:44.105" intervalms="34.958">
  <response-info timems="0.032" idlems="0.032" threads="0" lastid="0000000001CB5D00" lastname="Thread-8" />
</exclusive-start>
<allocation-taxation id="634" taxation-threshold="35651584" timestamp="2019-06-16T01:53:44.105" intervalms="34.950" />
<cycle-start id="635" type="partial gc" contextid="0" timestamp="2019-06-16T01:53:44.105" intervalms="34.916" />
<gc-start id="636" type="partial gc" contextid="635" timestamp="2019-06-16T01:53:44.105">
  <mem-info id="637" free="32505856" total="118489088" percent="27">
    <mem type="eden" free="0" total="35651584" percent="0" />
    <remembered-set count="26432" freebytes="4624000" totalbytes="4729728" percent="97" regionsoverflowed="0" regionsstable="3" regionsrebuilding="0"/>
  </mem-info>
</gc-start>
<allocation-stats totalBytes="35647440" >
  <allocated-bytes non-tlh="0" tlh="35647440" arrayletleaf="0"/>
  <largest-consumer threadName="Thread-7" threadId="0000000001CB9900" bytes="12421704" />
</allocation-stats>
<gc-op id="638" type="copy forward" timems="3.335" contextid="635" timestamp="2019-06-16T01:53:44.109">
  <memory-copied type="eden" objects="15077" bytes="637992" bytesdiscarded="0" />
  <memory-copied type="other" objects="11589" bytes="415536" bytesdiscarded="0" />
  <memory-cardclean objects="7745" bytes="389288" />
  <regions eden="34" other="2" />
  <remembered-set-cleared processed="22902" cleared="1277" durationms="0.294" />
  <stringconstants candidates="4597" cleared="0"  />
</gc-op>
<gc-op id="639" type="classunload" timems="0.003" contextid="635" timestamp="2019-06-16T01:53:44.110">
  <classunload-info classloadercandidates="8" classloadersunloaded="0" classesunloaded="0" anonymousclassesunloaded="0" quiescems="0.000" setupms="0.003" scanms="0.000" postms="0.000" />
</gc-op>
<gc-end id="640" type="partial gc" contextid="635" durationms="4.604" usertimems="8.000" systemtimems="0.000" timestamp="2019-06-16T01:53:44.110" activeThreads="1">
  <mem-info id="641" free="67108864" total="118489088" percent="56">
    <mem type="eden" free="410584" total="1048576" percent="39" />
    <remembered-set count="27264" freebytes="4620672" totalbytes="4729728" percent="97" regionsoverflowed="0" regionsstable="3" regionsrebuilding="0"/>
  </mem-info>
</gc-end>
<cycle-end id="642" type="partial gc" contextid="635" timestamp="2019-06-16T01:53:44.110" />
  <attribute name="elasticGC enabled" value="1" />
  <attribute name= "numThreadsSpecified" value="1" />
  <attribute name="heapSize specified" value="0" />
  <attribute name="Current GC Util" value="57" />
  <attribute name= "Current Time Running" value="2056" />
  <attribute name ="GC Interval" value="0" />
  <attribute name="ProportionalT" value="55.500000" />
  <attribute name="ProportionalI" value="55.500000" />
  <attribute name="ProportionalH" value="55.500000" />
  <attribute name="Current Error" value="37.000000" />
  <attribute name="IntegralT" value="0.000000" />
  <attribute name="IntegralI" value="0.000000" />
  <attribute name="IntegralH" value="0.000000" />
  <attribute name="DerivativeT" value="inf" />
  <attribute name="DerivativeI" value="inf" />
  <attribute name="DerivativeH" value="inf" />
  <attribute name="Loop Time for DT" value="0.000000" />
  <attribute name="Output H" value="8388608"/>
  <attribute name="Output I" value="200"/>
  <attribute name="Output T" value="1"/>
  <attribute name="Target GC Util Change" value ="20.000000" />
  <attribute name="Current GC Util Change" value="57.000000"/>
  <attribute name="GC Util currently" value="57" />
  <attribute name="CPU Util currently" value="16796274895515" />
<exclusive-end id="643" timestamp="2019-06-16T01:53:44.110" durationms="5.632" />

<exclusive-start id="644" timestamp="2019-06-16T01:53:44.142" intervalms="37.690">
  <response-info timems="0.434" idlems="0.434" threads="0" lastid="0000000001CB5D00" lastname="Thread-8" />
</exclusive-start>
<allocation-taxation id="645" taxation-threshold="35651584" timestamp="2019-06-16T01:53:44.143" intervalms="37.670" />
<cycle-start id="646" type="partial gc" contextid="0" timestamp="2019-06-16T01:53:44.143" intervalms="37.750" />
<gc-start id="647" type="partial gc" contextid="646" timestamp="2019-06-16T01:53:44.143">
  <mem-info id="648" free="31457280" total="118489088" percent="26">
    <mem type="eden" free="0" total="35651584" percent="0" />
    <remembered-set count="27136" freebytes="4621184" totalbytes="4729728" percent="97" regionsoverflowed="0" regionsstable="3" regionsrebuilding="0"/>
  </mem-info>
</gc-start>
<allocation-stats totalBytes="35647072" >
  <allocated-bytes non-tlh="0" tlh="35647072" arrayletleaf="0"/>
  <largest-consumer threadName="Thread-8" threadId="0000000001CB5D00" bytes="13003216" />
</allocation-stats>
<gc-op id="649" type="copy forward" timems="2.630" contextid="646" timestamp="2019-06-16T01:53:44.147">
  <memory-copied type="eden" objects="3165" bytes="77016" bytesdiscarded="2952" />
  <memory-copied type="other" objects="24045" bytes="989232" bytesdiscarded="56680" />
  <memory-cardclean objects="5434" bytes="278528" />
  <regions eden="34" other="2" />
  <remembered-set-cleared processed="23681" cleared="1255" durationms="0.195" />
  <stringconstants candidates="4597" cleared="0"  />
</gc-op>
<gc-op id="650" type="classunload" timems="0.003" contextid="646" timestamp="2019-06-16T01:53:44.147">
  <classunload-info classloadercandidates="8" classloadersunloaded="0" classesunloaded="0" anonymousclassesunloaded="0" quiescems="0.000" setupms="0.002" scanms="0.000" postms="0.000" />
</gc-op>
<gc-end id="651" type="partial gc" contextid="646" durationms="3.852" usertimems="4.000" systemtimems="4.000" timestamp="2019-06-16T01:53:44.147" activeThreads="4">
  <mem-info id="652" free="66060288" total="118489088" percent="55">
    <mem type="eden" free="968608" total="1048576" percent="92" />
    <remembered-set count="28608" freebytes="4615296" totalbytes="4729728" percent="97" regionsoverflowed="0" regionsstable="3" regionsrebuilding="0"/>
  </mem-info>
</gc-end>
<cycle-end id="653" type="partial gc" contextid="646" timestamp="2019-06-16T01:53:44.147" />
  <attribute name="elasticGC enabled" value="1" />
  <attribute name= "numThreadsSpecified" value="4" />
  <attribute name="heapSize specified" value="0" />
  <attribute name="Current GC Util" value="35" />
  <attribute name= "Current Time Running" value="2094" />
  <attribute name ="GC Interval" value="0" />
  <attribute name="ProportionalT" value="22.500000" />
  <attribute name="ProportionalI" value="22.500000" />
  <attribute name="ProportionalH" value="22.500000" />
  <attribute name="Current Error" value="15.000000" />
  <attribute name="IntegralT" value="15.000000" />
  <attribute name="IntegralI" value="15.000000" />
  <attribute name="IntegralH" value="15.000000" />
  <attribute name="DerivativeT" value="15.000000" />
  <attribute name="DerivativeI" value="15.000000" />
  <attribute name="DerivativeH" value="15.000000" />
  <attribute name="Loop Time for DT" value="1.000000" />
  <attribute name="Output H" value="8388608"/>
  <attribute name="Output I" value="200"/>
  <attribute name="Output T" value="4"/>
  <attribute name="Target GC Util Change" value ="20.000000" />
  <attribute name="Current GC Util Change" value="35.000000"/>
  <attribute name="GC Util currently" value="35" />
  <attribute name="CPU Util currently" value="12792578059865" />
<exclusive-end id="654" timestamp="2019-06-16T01:53:44.147" durationms="4.930" />

<exclusive-start id="655" timestamp="2019-06-16T01:53:44.175" intervalms="32.929">
  <response-info timems="0.032" idlems="0.032" threads="0" lastid="0000000001CB9900" lastname="Thread-7" />
</exclusive-start>
<allocation-taxation id="656" taxation-threshold="35651584" timestamp="2019-06-16T01:53:44.175" intervalms="32.918" />
<cycle-start id="657" type="partial gc" contextid="0" timestamp="2019-06-16T01:53:44.176" intervalms="32.874" />
<gc-start id="658" type="partial gc" contextid="657" timestamp="2019-06-16T01:53:44.176">
  <mem-info id="659" free="30408704" total="118489088" percent="25">
    <mem type="eden" free="0" total="35651584" percent="0" />
    <remembered-set count="28576" freebytes="4615424" totalbytes="4729728" percent="97" regionsoverflowed="0" regionsstable="3" regionsrebuilding="0"/>
  </mem-info>
</gc-start>
<allocation-stats totalBytes="35646488" >
  <allocated-bytes non-tlh="0" tlh="35646488" arrayletleaf="0"/>
  <largest-consumer threadName="Thread-8" threadId="0000000001CB5D00" bytes="11544960" />
</allocation-stats>
<gc-op id="660" type="copy forward" timems="3.694" contextid="657" timestamp="2019-06-16T01:53:44.180">
  <memory-copied type="eden" objects="3132" bytes="76392" bytesdiscarded="0" />
  <memory-copied type="other" objects="27055" bytes="1061472" bytesdiscarded="0" />
  <memory-cardclean objects="5892" bytes="300512" />
  <regions eden="34" other="3" />
  <remembered-set-cleared processed="23955" cleared="1610" durationms="0.297" />
  <stringconstants candidates="4597" cleared="0"  />
</gc-op>
<gc-op id="661" type="classunload" timems="0.003" contextid="657" timestamp="2019-06-16T01:53:44.181">
  <classunload-info classloadercandidates="8" classloadersunloaded="0" classesunloaded="0" anonymousclassesunloaded="0" quiescems="0.000" setupms="0.003" scanms="0.000" postms="0.000" />
</gc-op>
<gc-end id="662" type="partial gc" contextid="657" durationms="4.824" usertimems="8.000" systemtimems="0.000" timestamp="2019-06-16T01:53:44.181" activeThreads="1">
  <mem-info id="663" free="65011712" total="118489088" percent="54">
    <mem type="eden" free="972184" total="1048576" percent="92" />
    <remembered-set count="29440" freebytes="4611968" totalbytes="4729728" percent="97" regionsoverflowed="0" regionsstable="3" regionsrebuilding="0"/>
  </mem-info>
</gc-end>
<cycle-end id="664" type="partial gc" contextid="657" timestamp="2019-06-16T01:53:44.181" />
  <attribute name="elasticGC enabled" value="1" />
  <attribute name= "numThreadsSpecified" value="1" />
  <attribute name="heapSize specified" value="0" />
  <attribute name="Current GC Util" value="35" />
  <attribute name= "Current Time Running" value="2126" />
  <attribute name ="GC Interval" value="0" />
  <attribute name="ProportionalT" value="22.500000" />
  <attribute name="ProportionalI" value="22.500000" />
  <attribute name="ProportionalH" value="22.500000" />
  <attribute name="Current Error" value="15.000000" />
  <attribute name="IntegralT" value="0.000000" />
  <attribute name="IntegralI" value="0.000000" />
  <attribute name="IntegralH" value="0.000000" />
  <attribute name="DerivativeT" value="inf" />
  <attribute name="DerivativeI" value="inf" />
  <attribute name="DerivativeH" value="inf" />
  <attribute name="Loop Time for DT" value="0.000000" />
  <attribute name="Output H" value="8388608"/>
  <attribute name="Output I" value="200"/>
  <attribute name="Output T" value="1"/>
  <attribute name="Target GC Util Change" value ="20.000000" />
  <attribute name="Current GC Util Change" value="35.000000"/>
  <attribute name="GC Util currently" value="35" />
  <attribute name="CPU Util currently" value="14917067531504" />
<exclusive-end id="665" timestamp="2019-06-16T01:53:44.181" durationms="5.699" />

<exclusive-start id="666" timestamp="2019-06-16T01:53:44.210" intervalms="34.671">
  <response-info timems="0.031" idlems="0.031" threads="0" lastid="0000000001CB9900" lastname="Thread-7" />
</exclusive-start>
<allocation-taxation id="667" taxation-threshold="35651584" timestamp="2019-06-16T01:53:44.210" intervalms="34.683" />
<cycle-start id="668" type="partial gc" contextid="0" timestamp="2019-06-16T01:53:44.210" intervalms="34.699" />
<gc-start id="669" type="partial gc" contextid="668" timestamp="2019-06-16T01:53:44.211">
  <mem-info id="670" free="29360128" total="118489088" percent="24">
    <mem type="eden" free="0" total="35651584" percent="0" />
    <remembered-set count="29056" freebytes="4613504" totalbytes="4729728" percent="97" regionsoverflowed="0" regionsstable="3" regionsrebuilding="0"/>
  </mem-info>
</gc-start>
<allocation-stats totalBytes="35646672" >
  <allocated-bytes non-tlh="0" tlh="35646672" arrayletleaf="0"/>
  <largest-consumer threadName="Thread-8" threadId="0000000001CB5D00" bytes="12220824" />
</allocation-stats>
<gc-op id="671" type="copy forward" timems="3.078" contextid="668" timestamp="2019-06-16T01:53:44.215">
  <memory-copied type="eden" objects="15138" bytes="638984" bytesdiscarded="0" />
  <memory-copied type="other" objects="5928" bytes="142272" bytesdiscarded="0" />
  <memory-cardclean objects="11056" bytes="600816" />
  <regions eden="34" other="2" />
  <remembered-set-cleared processed="24964" cleared="970" durationms="0.311" />
  <stringconstants candidates="4597" cleared="0"  />
</gc-op>
<gc-op id="672" type="classunload" timems="0.002" contextid="668" timestamp="2019-06-16T01:53:44.215">
  <classunload-info classloadercandidates="8" classloadersunloaded="0" classesunloaded="0" anonymousclassesunloaded="0" quiescems="0.000" setupms="0.002" scanms="0.000" postms="0.000" />
</gc-op>
<heap-resize id="673" type="expand" space="default" amount="17825792" count="1" timems="0.159" reason="excessive time being spent in gc" timestamp="2019-06-16T01:53:44.215" />
<gc-end id="674" type="partial gc" contextid="668" durationms="4.524" usertimems="4.000" systemtimems="0.000" timestamp="2019-06-16T01:53:44.215" activeThreads="1">
  <mem-info id="675" free="81788928" total="136314880" percent="60">
    <mem type="eden" free="409592" total="1048576" percent="39" />
    <remembered-set count="30048" freebytes="5321088" totalbytes="5441280" percent="97" regionsoverflowed="0" regionsstable="3" regionsrebuilding="0"/>
  </mem-info>
</gc-end>
<cycle-end id="676" type="partial gc" contextid="668" timestamp="2019-06-16T01:53:44.215" />
  <attribute name="elasticGC enabled" value="1" />
  <attribute name= "numThreadsSpecified" value="1" />
  <attribute name="heapSize specified" value="0" />
  <attribute name="Current GC Util" value="35" />
  <attribute name= "Current Time Running" value="2161" />
  <attribute name ="GC Interval" value="0" />
  <attribute name="ProportionalT" value="22.500000" />
  <attribute name="ProportionalI" value="22.500000" />
  <attribute name="ProportionalH" value="22.500000" />
  <attribute name="Current Error" value="15.000000" />
  <attribute name="IntegralT" value="0.000000" />
  <attribute name="IntegralI" value="0.000000" />
  <attribute name="IntegralH" value="0.000000" />
  <attribute name="DerivativeT" value="inf" />
  <attribute name="DerivativeI" value="inf" />
  <attribute name="DerivativeH" value="inf" />
  <attribute name="Loop Time for DT" value="0.000000" />
  <attribute name="Output H" value="8388608"/>
  <attribute name="Output I" value="200"/>
  <attribute name="Output T" value="1"/>
  <attribute name="Target GC Util Change" value ="20.000000" />
  <attribute name="Current GC Util Change" value="35.000000"/>
  <attribute name="GC Util currently" value="35" />
  <attribute name="CPU Util currently" value="14104956378037" />
<exclusive-end id="677" timestamp="2019-06-16T01:53:44.215" durationms="5.502" />

<exclusive-start id="678" timestamp="2019-06-16T01:53:44.246" intervalms="35.872">
  <response-info timems="0.028" idlems="0.028" threads="0" lastid="0000000001CB9900" lastname="Thread-7" />
</exclusive-start>
<allocation-taxation id="679" taxation-threshold="40894464" timestamp="2019-06-16T01:53:44.246" intervalms="35.873" />
<cycle-start id="680" type="partial gc" contextid="0" timestamp="2019-06-16T01:53:44.246" intervalms="35.900" />
<gc-start id="681" type="partial gc" contextid="680" timestamp="2019-06-16T01:53:44.247">
  <mem-info id="682" free="40894464" total="136314880" percent="30">
    <mem type="eden" free="0" total="40894464" percent="0" />
    <remembered-set count="29824" freebytes="5321984" totalbytes="5441280" percent="97" regionsoverflowed="0" regionsstable="3" regionsrebuilding="0"/>
  </mem-info>
</gc-start>
<allocation-stats totalBytes="40888656" >
  <allocated-bytes non-tlh="0" tlh="40888656" arrayletleaf="0"/>
  <largest-consumer threadName="Thread-7" threadId="0000000001CB9900" bytes="12699520" />
</allocation-stats>
<gc-op id="683" type="copy forward" timems="3.916" contextid="680" timestamp="2019-06-16T01:53:44.251">
  <memory-copied type="eden" objects="9535" bytes="367536" bytesdiscarded="0" />
  <memory-copied type="other" objects="18464" bytes="717888" bytesdiscarded="0" />
  <memory-cardclean objects="11045" bytes="547584" />
  <regions eden="39" other="3" />
  <remembered-set-cleared processed="25653" cleared="2423" durationms="0.334" />
  <stringconstants candidates="4597" cleared="0"  />
</gc-op>
<gc-op id="684" type="classunload" timems="0.002" contextid="680" timestamp="2019-06-16T01:53:44.251">
  <classunload-info classloadercandidates="8" classloadersunloaded="0" classesunloaded="0" anonymousclassesunloaded="0" quiescems="0.000" setupms="0.002" scanms="0.000" postms="0.000" />
</gc-op>
<heap-resize id="685" type="expand" space="default" amount="3145728" count="1" timems="0.079" reason="excessive time being spent in gc" timestamp="2019-06-16T01:53:44.252" />
<gc-end id="686" type="partial gc" contextid="680" durationms="5.313" usertimems="4.000" systemtimems="0.000" timestamp="2019-06-16T01:53:44.252" activeThreads="1">
  <mem-info id="687" free="83886080" total="139460608" percent="60">
    <mem type="eden" free="681040" total="1048576" percent="64" />
    <remembered-set count="29856" freebytes="5447424" totalbytes="5566848" percent="97" regionsoverflowed="0" regionsstable="3" regionsrebuilding="0"/>
  </mem-info>
</gc-end>
<cycle-end id="688" type="partial gc" contextid="680" timestamp="2019-06-16T01:53:44.252" />
  <attribute name="elasticGC enabled" value="1" />
  <attribute name= "numThreadsSpecified" value="1" />
  <attribute name="heapSize specified" value="0" />
  <attribute name="Current GC Util" value="43" />
  <attribute name= "Current Time Running" value="2197" />
  <attribute name ="GC Interval" value="0" />
  <attribute name="ProportionalT" value="34.500000" />
  <attribute name="ProportionalI" value="34.500000" />
  <attribute name="ProportionalH" value="34.500000" />
  <attribute name="Current Error" value="23.000000" />
  <attribute name="IntegralT" value="0.000000" />
  <attribute name="IntegralI" value="0.000000" />
  <attribute name="IntegralH" value="0.000000" />
  <attribute name="DerivativeT" value="inf" />
  <attribute name="DerivativeI" value="inf" />
  <attribute name="DerivativeH" value="inf" />
  <attribute name="Loop Time for DT" value="0.000000" />
  <attribute name="Output H" value="8388608"/>
  <attribute name="Output I" value="200"/>
  <attribute name="Output T" value="1"/>
  <attribute name="Target GC Util Change" value ="20.000000" />
  <attribute name="Current GC Util Change" value="43.000000"/>
  <attribute name="GC Util currently" value="43" />
  <attribute name="CPU Util currently" value="14008468873596" />
<exclusive-end id="689" timestamp="2019-06-16T01:53:44.252" durationms="6.374" />

<exclusive-start id="690" timestamp="2019-06-16T01:53:44.275" intervalms="29.375">
  <response-info timems="0.202" idlems="0.202" threads="0" lastid="0000000001CBD500" lastname="Thread-10" />
</exclusive-start>
<allocation-taxation id="691" taxation-threshold="40894464" timestamp="2019-06-16T01:53:44.275" intervalms="29.366" />
<cycle-start id="692" type="partial gc" contextid="0" timestamp="2019-06-16T01:53:44.276" intervalms="29.391" />
<gc-start id="693" type="partial gc" contextid="692" timestamp="2019-06-16T01:53:44.276">
  <mem-info id="694" free="42991616" total="139460608" percent="30">
    <mem type="eden" free="0" total="40894464" percent="0" />
    <remembered-set count="29792" freebytes="5447680" totalbytes="5566848" percent="97" regionsoverflowed="0" regionsstable="3" regionsrebuilding="0"/>
  </mem-info>
</gc-start>
<allocation-stats totalBytes="40889280" >
  <allocated-bytes non-tlh="0" tlh="40889280" arrayletleaf="0"/>
  <largest-consumer threadName="Thread-9" threadId="0000000001CC1100" bytes="11082496" />
</allocation-stats>
<gc-op id="695" type="copy forward" timems="2.924" contextid="692" timestamp="2019-06-16T01:53:44.280">
  <memory-copied type="eden" objects="5079" bytes="123176" bytesdiscarded="2128" />
  <memory-copied type="other" objects="24274" bytes="994704" bytesdiscarded="55824" />
  <memory-cardclean objects="7040" bytes="355632" />
  <regions eden="39" other="2" />
  <remembered-set-cleared processed="25705" cleared="1123" durationms="0.222" />
  <stringconstants candidates="4597" cleared="0"  />
</gc-op>
<gc-op id="696" type="classunload" timems="0.003" contextid="692" timestamp="2019-06-16T01:53:44.280">
  <classunload-info classloadercandidates="8" classloadersunloaded="0" classesunloaded="0" anonymousclassesunloaded="0" quiescems="0.000" setupms="0.002" scanms="0.000" postms="0.000" />
</gc-op>
<heap-resize id="697" type="expand" space="default" amount="2097152" count="1" timems="0.072" reason="excessive time being spent in gc" timestamp="2019-06-16T01:53:44.280" />
<gc-end id="698" type="partial gc" contextid="692" durationms="4.289" usertimems="0.000" systemtimems="4.000" timestamp="2019-06-16T01:53:44.280" activeThreads="4">
  <mem-info id="699" free="84934656" total="141557760" percent="60">
    <mem type="eden" free="923272" total="1048576" percent="88" />
    <remembered-set count="30272" freebytes="5529472" totalbytes="5650560" percent="97" regionsoverflowed="0" regionsstable="3" regionsrebuilding="0"/>
  </mem-info>
</gc-end>
<cycle-end id="700" type="partial gc" contextid="692" timestamp="2019-06-16T01:53:44.280" />
  <attribute name="elasticGC enabled" value="1" />
  <attribute name= "numThreadsSpecified" value="4" />
  <attribute name="heapSize specified" value="0" />
  <attribute name="Current GC Util" value="44" />
  <attribute name= "Current Time Running" value="2227" />
  <attribute name ="GC Interval" value="0" />
  <attribute name="ProportionalT" value="36.000000" />
  <attribute name="ProportionalI" value="36.000000" />
  <attribute name="ProportionalH" value="36.000000" />
  <attribute name="Current Error" value="24.000000" />
  <attribute name="IntegralT" value="24.000000" />
  <attribute name="IntegralI" value="24.000000" />
  <attribute name="IntegralH" value="24.000000" />
  <attribute name="DerivativeT" value="24.000000" />
  <attribute name="DerivativeI" value="24.000000" />
  <attribute name="DerivativeH" value="24.000000" />
  <attribute name="Loop Time for DT" value="1.000000" />
  <attribute name="Output H" value="8388608"/>
  <attribute name="Output I" value="200"/>
  <attribute name="Output T" value="4"/>
  <attribute name="Target GC Util Change" value ="20.000000" />
  <attribute name="Current GC Util Change" value="44.000000"/>
  <attribute name="GC Util currently" value="44" />
  <attribute name="CPU Util currently" value="14304902561651" />
<exclusive-end id="701" timestamp="2019-06-16T01:53:44.280" durationms="5.272" />

<exclusive-start id="702" timestamp="2019-06-16T01:53:44.304" intervalms="28.782">
  <response-info timems="0.029" idlems="0.029" threads="0" lastid="0000000001CB5D00" lastname="Thread-8" />
</exclusive-start>
<allocation-taxation id="703" taxation-threshold="41943040" timestamp="2019-06-16T01:53:44.304" intervalms="28.767" />
<cycle-start id="704" type="partial gc" contextid="0" timestamp="2019-06-16T01:53:44.304" intervalms="28.712" />
<gc-start id="705" type="partial gc" contextid="704" timestamp="2019-06-16T01:53:44.305">
  <mem-info id="706" free="42991616" total="141557760" percent="30">
    <mem type="eden" free="0" total="41943040" percent="0" />
    <remembered-set count="30176" freebytes="5529856" totalbytes="5650560" percent="97" regionsoverflowed="0" regionsstable="3" regionsrebuilding="0"/>
  </mem-info>
</gc-start>
<allocation-stats totalBytes="41938008" >
  <allocated-bytes non-tlh="0" tlh="41938008" arrayletleaf="0"/>
  <largest-consumer threadName="Thread-9" threadId="0000000001CC1100" bytes="10779384" />
</allocation-stats>
<gc-op id="707" type="copy forward" timems="2.548" contextid="704" timestamp="2019-06-16T01:53:44.308">
  <memory-copied type="eden" objects="10922" bytes="401040" bytesdiscarded="33112" />
  <memory-copied type="other" objects="14135" bytes="476616" bytesdiscarded="24912" />
  <memory-cardclean objects="11719" bytes="613848" />
  <regions eden="40" other="2" />
  <remembered-set-cleared processed="26463" cleared="991" durationms="0.198" />
  <stringconstants candidates="4597" cleared="0"  />
</gc-op>
<gc-op id="708" type="classunload" timems="0.003" contextid="704" timestamp="2019-06-16T01:53:44.308">
  <classunload-info classloadercandidates="8" classloadersunloaded="0" classesunloaded="0" anonymousclassesunloaded="0" quiescems="0.000" setupms="0.003" scanms="0.000" postms="0.000" />
</gc-op>
<heap-resize id="709" type="expand" space="default" amount="3145728" count="1" timems="0.077" reason="excessive time being spent in gc" timestamp="2019-06-16T01:53:44.308" />
<gc-end id="710" type="partial gc" contextid="704" durationms="3.627" usertimems="4.000" systemtimems="0.000" timestamp="2019-06-16T01:53:44.308" activeThreads="4">
  <mem-info id="711" free="87031808" total="144703488" percent="60">
    <mem type="eden" free="614424" total="1048576" percent="58" />
    <remembered-set count="31232" freebytes="5651200" totalbytes="5776128" percent="97" regionsoverflowed="0" regionsstable="3" regionsrebuilding="0"/>
  </mem-info>
</gc-end>
<cycle-end id="712" type="partial gc" contextid="704" timestamp="2019-06-16T01:53:44.308" />
  <attribute name="elasticGC enabled" value="1" />
  <attribute name= "numThreadsSpecified" value="4" />
  <attribute name="heapSize specified" value="0" />
  <attribute name="Current GC Util" value="0" />
  <attribute name= "Current Time Running" value="2255" />
  <attribute name ="GC Interval" value="0" />
  <attribute name="ProportionalT" value="-30.000000" />
  <attribute name="ProportionalI" value="-30.000000" />
  <attribute name="ProportionalH" value="-30.000000" />
  <attribute name="Current Error" value="-20.000000" />
  <attribute name="IntegralT" value="0.000000" />
  <attribute name="IntegralI" value="0.000000" />
  <attribute name="IntegralH" value="0.000000" />
  <attribute name="DerivativeT" value="-inf" />
  <attribute name="DerivativeI" value="-inf" />
  <attribute name="DerivativeH" value="-inf" />
  <attribute name="Loop Time for DT" value="0.000000" />
  <attribute name="Output H" value="2091843584"/>
  <attribute name="Output I" value="200"/>
  <attribute name="Output T" value="4"/>
  <attribute name="Target GC Util Change" value ="20.000000" />
  <attribute name="Current GC Util Change" value="0.000000"/>
  <attribute name="GC Util currently" value="0" />
  <attribute name="CPU Util currently" value="25348126310616" />
<exclusive-end id="713" timestamp="2019-06-16T01:53:44.309" durationms="4.522" />

<exclusive-start id="714" timestamp="2019-06-16T01:53:44.338" intervalms="33.609">
  <response-info timems="0.594" idlems="0.313" threads="1" lastid="0000000001CBD500" lastname="Thread-10" />
</exclusive-start>
<allocation-taxation id="715" taxation-threshold="42991616" timestamp="2019-06-16T01:53:44.338" intervalms="33.644" />
<cycle-start id="716" type="partial gc" contextid="0" timestamp="2019-06-16T01:53:44.338" intervalms="33.634" />
<gc-start id="717" type="partial gc" contextid="716" timestamp="2019-06-16T01:53:44.338">
  <mem-info id="718" free="44040192" total="144703488" percent="30">
    <mem type="eden" free="0" total="42991616" percent="0" />
    <remembered-set count="31008" freebytes="5652096" totalbytes="5776128" percent="97" regionsoverflowed="0" regionsstable="3" regionsrebuilding="0"/>
  </mem-info>
</gc-start>
<allocation-stats totalBytes="42985896" >
  <allocated-bytes non-tlh="0" tlh="42985896" arrayletleaf="0"/>
  <largest-consumer threadName="Thread-8" threadId="0000000001CB5D00" bytes="13633664" />
</allocation-stats>
<gc-op id="719" type="copy forward" timems="2.897" contextid="716" timestamp="2019-06-16T01:53:44.342">
  <memory-copied type="eden" objects="9567" bytes="368368" bytesdiscarded="22680" />
  <memory-copied type="other" objects="17169" bytes="549432" bytesdiscarded="11600" />
  <memory-cardclean objects="15708" bytes="809352" />
  <regions eden="41" other="3" />
  <remembered-set-cleared processed="27099" cleared="3634" durationms="0.216" />
  <stringconstants candidates="4597" cleared="0"  />
</gc-op>
<gc-op id="720" type="classunload" timems="0.003" contextid="716" timestamp="2019-06-16T01:53:44.342">
  <classunload-info classloadercandidates="8" classloadersunloaded="0" classesunloaded="0" anonymousclassesunloaded="0" quiescems="0.000" setupms="0.003" scanms="0.000" postms="0.000" />
</gc-op>
<heap-resize id="721" type="expand" space="default" amount="2097152" count="1" timems="0.073" reason="excessive time being spent in gc" timestamp="2019-06-16T01:53:44.342" />
<gc-end id="722" type="partial gc" contextid="716" durationms="4.027" usertimems="4.000" systemtimems="0.000" timestamp="2019-06-16T01:53:44.342" activeThreads="4">
  <mem-info id="723" free="88080384" total="146800640" percent="60">
    <mem type="eden" free="657528" total="1048576" percent="62" />
    <remembered-set count="30208" freebytes="5739008" totalbytes="5859840" percent="97" regionsoverflowed="0" regionsstable="3" regionsrebuilding="0"/>
  </mem-info>
</gc-end>
<cycle-end id="724" type="partial gc" contextid="716" timestamp="2019-06-16T01:53:44.342" />
  <attribute name="elasticGC enabled" value="1" />
  <attribute name= "numThreadsSpecified" value="4" />
  <attribute name="heapSize specified" value="0" />
  <attribute name="Current GC Util" value="41" />
  <attribute name= "Current Time Running" value="2289" />
  <attribute name ="GC Interval" value="0" />
  <attribute name="ProportionalT" value="31.500000" />
  <attribute name="ProportionalI" value="31.500000" />
  <attribute name="ProportionalH" value="31.500000" />
  <attribute name="Current Error" value="21.000000" />
  <attribute name="IntegralT" value="21.000000" />
  <attribute name="IntegralI" value="21.000000" />
  <attribute name="IntegralH" value="21.000000" />
  <attribute name="DerivativeT" value="21.000000" />
  <attribute name="DerivativeI" value="21.000000" />
  <attribute name="DerivativeH" value="21.000000" />
  <attribute name="Loop Time for DT" value="1.000000" />
  <attribute name="Output H" value="8388608"/>
  <attribute name="Output I" value="200"/>
  <attribute name="Output T" value="4"/>
  <attribute name="Target GC Util Change" value ="20.000000" />
  <attribute name="Current GC Util Change" value="41.000000"/>
  <attribute name="GC Util currently" value="41" />
  <attribute name="CPU Util currently" value="16448688909061" />
<exclusive-end id="725" timestamp="2019-06-16T01:53:44.343" durationms="5.072" />

<exclusive-start id="726" timestamp="2019-06-16T01:53:44.365" intervalms="27.280">
  <response-info timems="0.043" idlems="0.043" threads="0" lastid="0000000001CC1100" lastname="Thread-9" />
</exclusive-start>
<allocation-taxation id="727" taxation-threshold="42991616" timestamp="2019-06-16T01:53:44.365" intervalms="27.248" />
<cycle-start id="728" type="partial gc" contextid="0" timestamp="2019-06-16T01:53:44.365" intervalms="27.183" />
<gc-start id="729" type="partial gc" contextid="728" timestamp="2019-06-16T01:53:44.365">
  <mem-info id="730" free="45088768" total="146800640" percent="30">
    <mem type="eden" free="0" total="42991616" percent="0" />
    <remembered-set count="30144" freebytes="5739264" totalbytes="5859840" percent="97" regionsoverflowed="0" regionsstable="3" regionsrebuilding="0"/>
  </mem-info>
</gc-start>
<allocation-stats totalBytes="42986008" >
  <allocated-bytes non-tlh="0" tlh="42986008" arrayletleaf="0"/>
  <largest-consumer threadName="Thread-9" threadId="0000000001CC1100" bytes="12286464" />
</allocation-stats>
<gc-op id="731" type="copy forward" timems="2.796" contextid="728" timestamp="2019-06-16T01:53:44.369">
  <memory-copied type="eden" objects="9870" bytes="375896" bytesdiscarded="20120" />
  <memory-copied type="other" objects="19974" bytes="754128" bytesdiscarded="30128" />
  <memory-cardclean objects="9722" bytes="483984" />
  <regions eden="41" other="2" />
  <remembered-set-cleared processed="26271" cleared="1224" durationms="0.199" />
  <stringconstants candidates="4597" cleared="0"  />
</gc-op>
<gc-op id="732" type="classunload" timems="0.002" contextid="728" timestamp="2019-06-16T01:53:44.369">
  <classunload-info classloadercandidates="8" classloadersunloaded="0" classesunloaded="0" anonymousclassesunloaded="0" quiescems="0.000" setupms="0.002" scanms="0.000" postms="0.000" />
</gc-op>
<heap-resize id="733" type="expand" space="default" amount="3145728" count="1" timems="0.079" reason="excessive time being spent in gc" timestamp="2019-06-16T01:53:44.369" />
<gc-end id="734" type="partial gc" contextid="728" durationms="3.949" usertimems="8.000" systemtimems="0.000" timestamp="2019-06-16T01:53:44.369" activeThreads="4">
  <mem-info id="735" free="90177536" total="149946368" percent="60">
    <mem type="eden" free="652560" total="1048576" percent="62" />
    <remembered-set count="31008" freebytes="5861376" totalbytes="5985408" percent="97" regionsoverflowed="0" regionsstable="3" regionsrebuilding="0"/>
  </mem-info>
</gc-end>
<cycle-end id="736" type="partial gc" contextid="728" timestamp="2019-06-16T01:53:44.369" />
  <attribute name="elasticGC enabled" value="1" />
  <attribute name= "numThreadsSpecified" value="4" />
  <attribute name="heapSize specified" value="0" />
  <attribute name="Current GC Util" value="41" />
  <attribute name= "Current Time Running" value="2316" />
  <attribute name ="GC Interval" value="0" />
  <attribute name="ProportionalT" value="31.500000" />
  <attribute name="ProportionalI" value="31.500000" />
  <attribute name="ProportionalH" value="31.500000" />
  <attribute name="Current Error" value="21.000000" />
  <attribute name="IntegralT" value="21.000000" />
  <attribute name="IntegralI" value="21.000000" />
  <attribute name="IntegralH" value="21.000000" />
  <attribute name="DerivativeT" value="19.000000" />
  <attribute name="DerivativeI" value="19.000000" />
  <attribute name="DerivativeH" value="19.000000" />
  <attribute name="Loop Time for DT" value="1.000000" />
  <attribute name="Output H" value="8388608"/>
  <attribute name="Output I" value="200"/>
  <attribute name="Output T" value="4"/>
  <attribute name="Target GC Util Change" value ="20.000000" />
  <attribute name="Current GC Util Change" value="41.000000"/>
  <attribute name="GC Util currently" value="41" />
  <attribute name="CPU Util currently" value="17140054827751" />
<exclusive-end id="737" timestamp="2019-06-16T01:53:44.370" durationms="4.685" />

<exclusive-start id="738" timestamp="2019-06-16T01:53:44.393" intervalms="27.849">
  <response-info timems="0.036" idlems="0.036" threads="0" lastid="0000000001CC1100" lastname="Thread-9" />
</exclusive-start>
<allocation-taxation id="739" taxation-threshold="44040192" timestamp="2019-06-16T01:53:44.393" intervalms="27.847" />
<cycle-start id="740" type="partial gc" contextid="0" timestamp="2019-06-16T01:53:44.393" intervalms="27.852" />
<gc-start id="741" type="partial gc" contextid="740" timestamp="2019-06-16T01:53:44.393">
  <mem-info id="742" free="46137344" total="149946368" percent="30">
    <mem type="eden" free="0" total="44040192" percent="0" />
    <remembered-set count="30560" freebytes="5863168" totalbytes="5985408" percent="97" regionsoverflowed="0" regionsstable="3" regionsrebuilding="0"/>
  </mem-info>
</gc-start>
<allocation-stats totalBytes="44034816" >
  <allocated-bytes non-tlh="0" tlh="44034816" arrayletleaf="0"/>
  <largest-consumer threadName="Thread-9" threadId="0000000001CC1100" bytes="12401392" />
</allocation-stats>
<gc-op id="743" type="copy forward" timems="2.781" contextid="740" timestamp="2019-06-16T01:53:44.397">
  <memory-copied type="eden" objects="12478" bytes="438272" bytesdiscarded="10936" />
  <memory-copied type="other" objects="18886" bytes="728016" bytesdiscarded="29312" />
  <memory-cardclean objects="9786" bytes="506352" />
  <regions eden="42" other="2" />
  <remembered-set-cleared processed="27171" cleared="1053" durationms="0.205" />
  <stringconstants candidates="4597" cleared="0"  />
</gc-op>
<gc-op id="744" type="classunload" timems="0.003" contextid="740" timestamp="2019-06-16T01:53:44.397">
  <classunload-info classloadercandidates="8" classloadersunloaded="0" classesunloaded="0" anonymousclassesunloaded="0" quiescems="0.000" setupms="0.003" scanms="0.000" postms="0.000" />
</gc-op>
<heap-resize id="745" type="expand" space="default" amount="2097152" count="1" timems="0.064" reason="excessive time being spent in gc" timestamp="2019-06-16T01:53:44.397" />
<gc-end id="746" type="partial gc" contextid="740" durationms="3.701" usertimems="0.000" systemtimems="4.000" timestamp="2019-06-16T01:53:44.397" activeThreads="4">
  <mem-info id="747" free="91226112" total="152043520" percent="60">
    <mem type="eden" free="599368" total="1048576" percent="57" />
    <remembered-set count="32192" freebytes="5940352" totalbytes="6069120" percent="97" regionsoverflowed="0" regionsstable="3" regionsrebuilding="0"/>
  </mem-info>
</gc-end>
<cycle-end id="748" type="partial gc" contextid="740" timestamp="2019-06-16T01:53:44.397" />
  <attribute name="elasticGC enabled" value="1" />
  <attribute name= "numThreadsSpecified" value="4" />
  <attribute name="heapSize specified" value="0" />
  <attribute name="Current GC Util" value="0" />
  <attribute name= "Current Time Running" value="2343" />
  <attribute name ="GC Interval" value="0" />
  <attribute name="ProportionalT" value="-30.000000" />
  <attribute name="ProportionalI" value="-30.000000" />
  <attribute name="ProportionalH" value="-30.000000" />
  <attribute name="Current Error" value="-20.000000" />
  <attribute name="IntegralT" value="0.000000" />
  <attribute name="IntegralI" value="0.000000" />
  <attribute name="IntegralH" value="0.000000" />
  <attribute name="DerivativeT" value="-inf" />
  <attribute name="DerivativeI" value="-inf" />
  <attribute name="DerivativeH" value="-inf" />
  <attribute name="Loop Time for DT" value="0.000000" />
  <attribute name="Output H" value="2091843584"/>
  <attribute name="Output I" value="200"/>
  <attribute name="Output T" value="4"/>
  <attribute name="Target GC Util Change" value ="20.000000" />
  <attribute name="Current GC Util Change" value="0.000000"/>
  <attribute name="GC Util currently" value="0" />
  <attribute name="CPU Util currently" value="28986266486654" />
<exclusive-end id="749" timestamp="2019-06-16T01:53:44.397" durationms="4.442" />

<exclusive-start id="750" timestamp="2019-06-16T01:53:44.420" intervalms="27.204">
  <response-info timems="0.036" idlems="0.036" threads="0" lastid="0000000001CB9900" lastname="Thread-7" />
</exclusive-start>
<allocation-taxation id="751" taxation-threshold="44040192" timestamp="2019-06-16T01:53:44.420" intervalms="27.206" />
<cycle-start id="752" type="partial gc" contextid="0" timestamp="2019-06-16T01:53:44.420" intervalms="27.258" />
<gc-start id="753" type="partial gc" contextid="752" timestamp="2019-06-16T01:53:44.420">
  <mem-info id="754" free="47185920" total="152043520" percent="31">
    <mem type="eden" free="0" total="44040192" percent="0" />
    <remembered-set count="32032" freebytes="5940992" totalbytes="6069120" percent="97" regionsoverflowed="0" regionsstable="3" regionsrebuilding="0"/>
  </mem-info>
</gc-start>
<allocation-stats totalBytes="44035104" >
  <allocated-bytes non-tlh="0" tlh="44035104" arrayletleaf="0"/>
  <largest-consumer threadName="Thread-9" threadId="0000000001CC1100" bytes="13245016" />
</allocation-stats>
<gc-op id="755" type="copy forward" timems="3.117" contextid="752" timestamp="2019-06-16T01:53:44.424">
  <memory-copied type="eden" objects="11077" bytes="405248" bytesdiscarded="33160" />
  <memory-copied type="other" objects="21753" bytes="796824" bytesdiscarded="16800" />
  <memory-cardclean objects="10269" bytes="529152" />
  <regions eden="42" other="2" />
  <remembered-set-cleared processed="28038" cleared="981" durationms="0.208" />
  <stringconstants candidates="4597" cleared="0"  />
</gc-op>
<gc-op id="756" type="classunload" timems="0.003" contextid="752" timestamp="2019-06-16T01:53:44.424">
  <classunload-info classloadercandidates="8" classloadersunloaded="0" classesunloaded="0" anonymousclassesunloaded="0" quiescems="0.000" setupms="0.003" scanms="0.000" postms="0.000" />
</gc-op>
<heap-resize id="757" type="expand" space="default" amount="3145728" count="1" timems="0.079" reason="excessive time being spent in gc" timestamp="2019-06-16T01:53:44.425" />
<gc-end id="758" type="partial gc" contextid="752" durationms="4.180" usertimems="4.000" systemtimems="0.000" timestamp="2019-06-16T01:53:44.425" activeThreads="4">
  <mem-info id="759" free="93323264" total="155189248" percent="60">
    <mem type="eden" free="610168" total="1048576" percent="58" />
    <remembered-set count="33664" freebytes="6060032" totalbytes="6194688" percent="97" regionsoverflowed="0" regionsstable="3" regionsrebuilding="0"/>
  </mem-info>
</gc-end>
<cycle-end id="760" type="partial gc" contextid="752" timestamp="2019-06-16T01:53:44.425" />
  <attribute name="elasticGC enabled" value="1" />
  <attribute name= "numThreadsSpecified" value="4" />
  <attribute name="heapSize specified" value="0" />
  <attribute name="Current GC Util" value="37" />
  <attribute name= "Current Time Running" value="2371" />
  <attribute name ="GC Interval" value="0" />
  <attribute name="ProportionalT" value="25.500000" />
  <attribute name="ProportionalI" value="25.500000" />
  <attribute name="ProportionalH" value="25.500000" />
  <attribute name="Current Error" value="17.000000" />
  <attribute name="IntegralT" value="17.000000" />
  <attribute name="IntegralI" value="17.000000" />
  <attribute name="IntegralH" value="17.000000" />
  <attribute name="DerivativeT" value="16.000000" />
  <attribute name="DerivativeI" value="16.000000" />
  <attribute name="DerivativeH" value="16.000000" />
  <attribute name="Loop Time for DT" value="1.000000" />
  <attribute name="Output H" value="8388608"/>
  <attribute name="Output I" value="200"/>
  <attribute name="Output T" value="4"/>
  <attribute name="Target GC Util Change" value ="20.000000" />
  <attribute name="Current GC Util Change" value="37.000000"/>
  <attribute name="GC Util currently" value="37" />
  <attribute name="CPU Util currently" value="15591292392514" />
<exclusive-end id="761" timestamp="2019-06-16T01:53:44.425" durationms="5.009" />

<exclusive-start id="762" timestamp="2019-06-16T01:53:44.453" intervalms="32.569">
  <response-info timems="0.372" idlems="0.372" threads="0" lastid="0000000001CB9900" lastname="Thread-7" />
</exclusive-start>
<allocation-taxation id="763" taxation-threshold="45088768" timestamp="2019-06-16T01:53:44.453" intervalms="32.583" />
<cycle-start id="764" type="partial gc" contextid="0" timestamp="2019-06-16T01:53:44.453" intervalms="32.595" />
<gc-start id="765" type="partial gc" contextid="764" timestamp="2019-06-16T01:53:44.453">
  <mem-info id="766" free="48234496" total="155189248" percent="31">
    <mem type="eden" free="0" total="45088768" percent="0" />
    <remembered-set count="33280" freebytes="6061568" totalbytes="6194688" percent="97" regionsoverflowed="0" regionsstable="3" regionsrebuilding="0"/>
  </mem-info>
</gc-start>
<allocation-stats totalBytes="45083640" >
  <allocated-bytes non-tlh="0" tlh="45083640" arrayletleaf="0"/>
  <largest-consumer threadName="Thread-8" threadId="0000000001CB5D00" bytes="14289560" />
</allocation-stats>
<gc-op id="767" type="copy forward" timems="3.270" contextid="764" timestamp="2019-06-16T01:53:44.457">
  <memory-copied type="eden" objects="14805" bytes="631968" bytesdiscarded="34528" />
  <memory-copied type="other" objects="22901" bytes="824376" bytesdiscarded="42072" />
  <memory-cardclean objects="12172" bytes="624744" />
  <regions eden="43" other="2" />
  <remembered-set-cleared processed="28831" cleared="1241" durationms="0.226" />
  <stringconstants candidates="4597" cleared="0"  />
</gc-op>
<gc-op id="768" type="classunload" timems="0.003" contextid="764" timestamp="2019-06-16T01:53:44.457">
  <classunload-info classloadercandidates="8" classloadersunloaded="0" classesunloaded="0" anonymousclassesunloaded="0" quiescems="0.000" setupms="0.003" scanms="0.000" postms="0.000" />
</gc-op>
<heap-resize id="769" type="expand" space="default" amount="2097152" count="1" timems="0.073" reason="excessive time being spent in gc" timestamp="2019-06-16T01:53:44.458" />
<gc-end id="770" type="partial gc" contextid="764" durationms="4.530" usertimems="8.000" systemtimems="0.000" timestamp="2019-06-16T01:53:44.458" activeThreads="4">
  <mem-info id="771" free="94371840" total="157286400" percent="60">
    <mem type="eden" free="382080" total="1048576" percent="36" />
    <remembered-set count="34752" freebytes="6139392" totalbytes="6278400" percent="97" regionsoverflowed="0" regionsstable="3" regionsrebuilding="0"/>
  </mem-info>
</gc-end>
<cycle-end id="772" type="partial gc" contextid="764" timestamp="2019-06-16T01:53:44.458" />
  <attribute name="elasticGC enabled" value="1" />
  <attribute name= "numThreadsSpecified" value="4" />
  <attribute name="heapSize specified" value="0" />
  <attribute name="Current GC Util" value="36" />
  <attribute name= "Current Time Running" value="2404" />
  <attribute name ="GC Interval" value="0" />
  <attribute name="ProportionalT" value="24.000000" />
  <attribute name="ProportionalI" value="24.000000" />
  <attribute name="ProportionalH" value="24.000000" />
  <attribute name="Current Error" value="16.000000" />
  <attribute name="IntegralT" value="16.000000" />
  <attribute name="IntegralI" value="16.000000" />
  <attribute name="IntegralH" value="16.000000" />
  <attribute name="DerivativeT" value="16.000000" />
  <attribute name="DerivativeI" value="16.000000" />
  <attribute name="DerivativeH" value="16.000000" />
  <attribute name="Loop Time for DT" value="1.000000" />
  <attribute name="Output H" value="8388608"/>
  <attribute name="Output I" value="200"/>
  <attribute name="Output T" value="4"/>
  <attribute name="Target GC Util Change" value ="20.000000" />
  <attribute name="Current GC Util Change" value="36.000000"/>
  <attribute name="GC Util currently" value="36" />
  <attribute name="CPU Util currently" value="14029563908395" />
<exclusive-end id="773" timestamp="2019-06-16T01:53:44.458" durationms="5.502" />

<exclusive-start id="774" timestamp="2019-06-16T01:53:44.489" intervalms="36.751">
  <response-info timems="6.992" idlems="4.684" threads="2" lastid="0000000001CBD500" lastname="Thread-10" />
</exclusive-start>
<allocation-taxation id="775" taxation-threshold="46137344" timestamp="2019-06-16T01:53:44.489" intervalms="36.751" />
<cycle-start id="776" type="partial gc" contextid="0" timestamp="2019-06-16T01:53:44.490" intervalms="36.756" />
<gc-start id="777" type="partial gc" contextid="776" timestamp="2019-06-16T01:53:44.490">
  <mem-info id="778" free="48234496" total="157286400" percent="30">
    <mem type="eden" free="0" total="46137344" percent="0" />
    <remembered-set count="34592" freebytes="6140032" totalbytes="6278400" percent="97" regionsoverflowed="0" regionsstable="3" regionsrebuilding="0"/>
  </mem-info>
</gc-start>
<allocation-stats totalBytes="46132808" >
  <allocated-bytes non-tlh="0" tlh="46132808" arrayletleaf="0"/>
  <largest-consumer threadName="Thread-8" threadId="0000000001CB5D00" bytes="15264232" />
</allocation-stats>
<gc-op id="779" type="copy forward" timems="3.768" contextid="776" timestamp="2019-06-16T01:53:44.494">
  <memory-copied type="eden" objects="2681" bytes="66368" bytesdiscarded="0" />
  <memory-copied type="other" objects="25187" bytes="1016616" bytesdiscarded="0" />
  <memory-cardclean objects="8279" bytes="434112" />
  <regions eden="44" other="2" />
  <remembered-set-cleared processed="29996" cleared="1105" durationms="0.365" />
  <stringconstants candidates="4597" cleared="0"  />
</gc-op>
<gc-op id="780" type="classunload" timems="0.002" contextid="776" timestamp="2019-06-16T01:53:44.494">
  <classunload-info classloadercandidates="8" classloadersunloaded="0" classesunloaded="0" anonymousclassesunloaded="0" quiescems="0.000" setupms="0.002" scanms="0.000" postms="0.000" />
</gc-op>
<heap-resize id="781" type="expand" space="default" amount="3145728" count="1" timems="0.079" reason="excessive time being spent in gc" timestamp="2019-06-16T01:53:44.495" />
<gc-end id="782" type="partial gc" contextid="776" durationms="4.972" usertimems="4.000" systemtimems="0.000" timestamp="2019-06-16T01:53:44.495" activeThreads="1">
  <mem-info id="783" free="96468992" total="160432128" percent="60">
    <mem type="eden" free="982208" total="1048576" percent="93" />
    <remembered-set count="35264" freebytes="6262912" totalbytes="6403968" percent="97" regionsoverflowed="0" regionsstable="3" regionsrebuilding="0"/>
  </mem-info>
</gc-end>
<cycle-end id="784" type="partial gc" contextid="776" timestamp="2019-06-16T01:53:44.495" />
  <attribute name="elasticGC enabled" value="1" />
  <attribute name= "numThreadsSpecified" value="1" />
  <attribute name="heapSize specified" value="0" />
  <attribute name="Current GC Util" value="49" />
  <attribute name= "Current Time Running" value="2440" />
  <attribute name ="GC Interval" value="0" />
  <attribute name="ProportionalT" value="43.500000" />
  <attribute name="ProportionalI" value="43.500000" />
  <attribute name="ProportionalH" value="43.500000" />
  <attribute name="Current Error" value="29.000000" />
  <attribute name="IntegralT" value="0.000000" />
  <attribute name="IntegralI" value="0.000000" />
  <attribute name="IntegralH" value="0.000000" />
  <attribute name="DerivativeT" value="inf" />
  <attribute name="DerivativeI" value="inf" />
  <attribute name="DerivativeH" value="inf" />
  <attribute name="Loop Time for DT" value="0.000000" />
  <attribute name="Output H" value="8388608"/>
  <attribute name="Output I" value="200"/>
  <attribute name="Output T" value="1"/>
  <attribute name="Target GC Util Change" value ="20.000000" />
  <attribute name="Current GC Util Change" value="49.000000"/>
  <attribute name="GC Util currently" value="49" />
  <attribute name="CPU Util currently" value="19011225348174" />
<exclusive-end id="785" timestamp="2019-06-16T01:53:44.495" durationms="5.942" />

<exclusive-start id="786" timestamp="2019-06-16T01:53:44.518" intervalms="28.306">
  <response-info timems="0.048" idlems="0.048" threads="0" lastid="0000000001CC1100" lastname="Thread-9" />
</exclusive-start>
<allocation-taxation id="787" taxation-threshold="46137344" timestamp="2019-06-16T01:53:44.518" intervalms="28.301" />
<cycle-start id="788" type="partial gc" contextid="0" timestamp="2019-06-16T01:53:44.518" intervalms="28.224" />
<gc-start id="789" type="partial gc" contextid="788" timestamp="2019-06-16T01:53:44.518">
  <mem-info id="790" free="50331648" total="160432128" percent="31">
    <mem type="eden" free="0" total="46137344" percent="0" />
    <remembered-set count="35200" freebytes="6263168" totalbytes="6403968" percent="97" regionsoverflowed="0" regionsstable="3" regionsrebuilding="0"/>
  </mem-info>
</gc-start>
<allocation-stats totalBytes="46132952" >
  <allocated-bytes non-tlh="0" tlh="46132952" arrayletleaf="0"/>
  <largest-consumer threadName="Thread-8" threadId="0000000001CB5D00" bytes="14797536" />
</allocation-stats>
<gc-op id="791" type="copy forward" timems="2.952" contextid="788" timestamp="2019-06-16T01:53:44.522">
  <memory-copied type="eden" objects="2657" bytes="65120" bytesdiscarded="0" />
  <memory-copied type="other" objects="16831" bytes="678696" bytesdiscarded="0" />
  <memory-cardclean objects="5608" bytes="301848" />
  <regions eden="44" other="2" />
  <remembered-set-cleared processed="30880" cleared="932" durationms="0.369" />
  <stringconstants candidates="4597" cleared="0"  />
</gc-op>
<gc-op id="792" type="classunload" timems="0.003" contextid="788" timestamp="2019-06-16T01:53:44.522">
  <classunload-info classloadercandidates="8" classloadersunloaded="0" classesunloaded="0" anonymousclassesunloaded="0" quiescems="0.000" setupms="0.003" scanms="0.000" postms="0.000" />
</gc-op>
<heap-resize id="793" type="expand" space="default" amount="2097152" count="1" timems="0.072" reason="excessive time being spent in gc" timestamp="2019-06-16T01:53:44.522" />
<gc-end id="794" type="partial gc" contextid="788" durationms="4.038" usertimems="4.000" systemtimems="0.000" timestamp="2019-06-16T01:53:44.522" activeThreads="1">
  <mem-info id="795" free="97517568" total="162529280" percent="60">
    <mem type="eden" free="983456" total="1048576" percent="93" />
    <remembered-set count="36352" freebytes="6342272" totalbytes="6487680" percent="97" regionsoverflowed="0" regionsstable="3" regionsrebuilding="0"/>
  </mem-info>
</gc-end>
<cycle-end id="796" type="partial gc" contextid="788" timestamp="2019-06-16T01:53:44.522" />
  <attribute name="elasticGC enabled" value="1" />
  <attribute name= "numThreadsSpecified" value="1" />
  <attribute name="heapSize specified" value="0" />
  <attribute name="Current GC Util" value="54" />
  <attribute name= "Current Time Running" value="2468" />
  <attribute name ="GC Interval" value="0" />
  <attribute name="ProportionalT" value="51.000000" />
  <attribute name="ProportionalI" value="51.000000" />
  <attribute name="ProportionalH" value="51.000000" />
  <attribute name="Current Error" value="34.000000" />
  <attribute name="IntegralT" value="0.000000" />
  <attribute name="IntegralI" value="0.000000" />
  <attribute name="IntegralH" value="0.000000" />
  <attribute name="DerivativeT" value="inf" />
  <attribute name="DerivativeI" value="inf" />
  <attribute name="DerivativeH" value="inf" />
  <attribute name="Loop Time for DT" value="0.000000" />
  <attribute name="Output H" value="8388608"/>
  <attribute name="Output I" value="200"/>
  <attribute name="Output T" value="1"/>
  <attribute name="Target GC Util Change" value ="20.000000" />
  <attribute name="Current GC Util Change" value="54.000000"/>
  <attribute name="GC Util currently" value="54" />
  <attribute name="CPU Util currently" value="18751264581431" />
<exclusive-end id="797" timestamp="2019-06-16T01:53:44.522" durationms="4.849" />

<exclusive-start id="798" timestamp="2019-06-16T01:53:44.543" intervalms="25.314">
  <response-info timems="0.030" idlems="0.030" threads="0" lastid="0000000001CBD500" lastname="Thread-10" />
</exclusive-start>
<allocation-taxation id="799" taxation-threshold="47185920" timestamp="2019-06-16T01:53:44.543" intervalms="25.310" />
<cycle-start id="800" type="partial gc" contextid="0" timestamp="2019-06-16T01:53:44.543" intervalms="25.330" />
<gc-start id="801" type="partial gc" contextid="800" timestamp="2019-06-16T01:53:44.543">
  <mem-info id="802" free="50331648" total="162529280" percent="30">
    <mem type="eden" free="0" total="47185920" percent="0" />
    <remembered-set count="35904" freebytes="6344064" totalbytes="6487680" percent="97" regionsoverflowed="0" regionsstable="3" regionsrebuilding="0"/>
  </mem-info>
</gc-start>
<allocation-stats totalBytes="47181024" >
  <allocated-bytes non-tlh="0" tlh="47181024" arrayletleaf="0"/>
  <largest-consumer threadName="Thread-9" threadId="0000000001CC1100" bytes="14068392" />
</allocation-stats>
<gc-op id="803" type="copy forward" timems="2.382" contextid="800" timestamp="2019-06-16T01:53:44.546">
  <memory-copied type="eden" objects="3721" bytes="91248" bytesdiscarded="0" />
  <memory-copied type="other" objects="4747" bytes="113928" bytesdiscarded="0" />
  <memory-cardclean objects="10519" bytes="547920" />
  <regions eden="45" other="2" />
  <remembered-set-cleared processed="31526" cleared="745" durationms="0.369" />
  <stringconstants candidates="4597" cleared="0"  />
</gc-op>
<gc-op id="804" type="classunload" timems="0.002" contextid="800" timestamp="2019-06-16T01:53:44.547">
  <classunload-info classloadercandidates="8" classloadersunloaded="0" classesunloaded="0" anonymousclassesunloaded="0" quiescems="0.000" setupms="0.002" scanms="0.000" postms="0.000" />
</gc-op>
<heap-resize id="805" type="expand" space="default" amount="3145728" count="1" timems="0.081" reason="excessive time being spent in gc" timestamp="2019-06-16T01:53:44.547" />
<gc-end id="806" type="partial gc" contextid="800" durationms="3.536" usertimems="4.000" systemtimems="0.000" timestamp="2019-06-16T01:53:44.547" activeThreads="1">
  <mem-info id="807" free="99614720" total="165675008" percent="60">
    <mem type="eden" free="957328" total="1048576" percent="91" />
    <remembered-set count="37728" freebytes="6462336" totalbytes="6613248" percent="97" regionsoverflowed="0" regionsstable="3" regionsrebuilding="0"/>
  </mem-info>
</gc-end>
<cycle-end id="808" type="partial gc" contextid="800" timestamp="2019-06-16T01:53:44.547" />
  <attribute name="elasticGC enabled" value="1" />
  <attribute name= "numThreadsSpecified" value="1" />
  <attribute name="heapSize specified" value="0" />
  <attribute name="Current GC Util" value="60" />
  <attribute name= "Current Time Running" value="2494" />
  <attribute name ="GC Interval" value="0" />
  <attribute name="ProportionalT" value="60.000000" />
  <attribute name="ProportionalI" value="60.000000" />
  <attribute name="ProportionalH" value="60.000000" />
  <attribute name="Current Error" value="40.000000" />
  <attribute name="IntegralT" value="0.000000" />
  <attribute name="IntegralI" value="0.000000" />
  <attribute name="IntegralH" value="0.000000" />
  <attribute name="DerivativeT" value="inf" />
  <attribute name="DerivativeI" value="inf" />
  <attribute name="DerivativeH" value="inf" />
  <attribute name="Loop Time for DT" value="0.000000" />
  <attribute name="Output H" value="8388608"/>
  <attribute name="Output I" value="200"/>
  <attribute name="Output T" value="1"/>
  <attribute name="Target GC Util Change" value ="20.000000" />
  <attribute name="Current GC Util Change" value="60.000000"/>
  <attribute name="GC Util currently" value="60" />
  <attribute name="CPU Util currently" value="19057892542246" />
<exclusive-end id="809" timestamp="2019-06-16T01:53:44.547" durationms="4.352" />

<exclusive-start id="810" timestamp="2019-06-16T01:53:44.566" intervalms="23.463">
  <response-info timems="0.026" idlems="0.026" threads="0" lastid="0000000001CC1100" lastname="Thread-9" />
</exclusive-start>
<allocation-taxation id="811" taxation-threshold="47185920" timestamp="2019-06-16T01:53:44.566" intervalms="23.431" />
<cycle-start id="812" type="partial gc" contextid="0" timestamp="2019-06-16T01:53:44.567" intervalms="23.403" />
<gc-start id="813" type="partial gc" contextid="812" timestamp="2019-06-16T01:53:44.567">
  <mem-info id="814" free="52428800" total="165675008" percent="31">
    <mem type="eden" free="0" total="47185920" percent="0" />
    <remembered-set count="37280" freebytes="6464128" totalbytes="6613248" percent="97" regionsoverflowed="0" regionsstable="3" regionsrebuilding="0"/>
  </mem-info>
</gc-start>
<allocation-stats totalBytes="47180704" >
  <allocated-bytes non-tlh="0" tlh="47180704" arrayletleaf="0"/>
  <largest-consumer threadName="Thread-9" threadId="0000000001CC1100" bytes="13105888" />
</allocation-stats>
<gc-op id="815" type="copy forward" timems="2.800" contextid="812" timestamp="2019-06-16T01:53:44.570">
  <memory-copied type="eden" objects="9586" bytes="369528" bytesdiscarded="0" />
  <memory-copied type="other" objects="5773" bytes="138552" bytesdiscarded="0" />
  <memory-cardclean objects="11659" bytes="568944" />
  <regions eden="45" other="2" />
  <remembered-set-cleared processed="32266" cleared="1115" durationms="0.373" />
  <stringconstants candidates="4597" cleared="0"  />
</gc-op>
<gc-op id="816" type="classunload" timems="0.002" contextid="812" timestamp="2019-06-16T01:53:44.570">
  <classunload-info classloadercandidates="8" classloadersunloaded="0" classesunloaded="0" anonymousclassesunloaded="0" quiescems="0.000" setupms="0.002" scanms="0.000" postms="0.000" />
</gc-op>
<heap-resize id="817" type="expand" space="default" amount="2097152" count="1" timems="0.071" reason="excessive time being spent in gc" timestamp="2019-06-16T01:53:44.570" />
<gc-end id="818" type="partial gc" contextid="812" durationms="3.840" usertimems="4.000" systemtimems="0.000" timestamp="2019-06-16T01:53:44.571" activeThreads="1">
  <mem-info id="819" free="100663296" total="167772160" percent="60">
    <mem type="eden" free="679048" total="1048576" percent="64" />
    <remembered-set count="38112" freebytes="6544512" totalbytes="6696960" percent="97" regionsoverflowed="0" regionsstable="3" regionsrebuilding="0"/>
  </mem-info>
</gc-end>
<cycle-end id="820" type="partial gc" contextid="812" timestamp="2019-06-16T01:53:44.571" />
  <attribute name="elasticGC enabled" value="1" />
  <attribute name= "numThreadsSpecified" value="1" />
  <attribute name="heapSize specified" value="0" />
  <attribute name="Current GC Util" value="56" />
  <attribute name= "Current Time Running" value="2517" />
  <attribute name ="GC Interval" value="0" />
  <attribute name="ProportionalT" value="54.000000" />
  <attribute name="ProportionalI" value="54.000000" />
  <attribute name="ProportionalH" value="54.000000" />
  <attribute name="Current Error" value="36.000000" />
  <attribute name="IntegralT" value="0.000000" />
  <attribute name="IntegralI" value="0.000000" />
  <attribute name="IntegralH" value="0.000000" />
  <attribute name="DerivativeT" value="inf" />
  <attribute name="DerivativeI" value="inf" />
  <attribute name="DerivativeH" value="inf" />
  <attribute name="Loop Time for DT" value="0.000000" />
  <attribute name="Output H" value="8388608"/>
  <attribute name="Output I" value="200"/>
  <attribute name="Output T" value="1"/>
  <attribute name="Target GC Util Change" value ="20.000000" />
  <attribute name="Current GC Util Change" value="56.000000"/>
  <attribute name="GC Util currently" value="56" />
  <attribute name="CPU Util currently" value="20813017646051" />
<exclusive-end id="821" timestamp="2019-06-16T01:53:44.571" durationms="4.510" />

<exclusive-start id="822" timestamp="2019-06-16T01:53:44.590" intervalms="23.199">
  <response-info timems="0.026" idlems="0.026" threads="0" lastid="0000000001CB5D00" lastname="Thread-8" />
</exclusive-start>
<allocation-taxation id="823" taxation-threshold="48234496" timestamp="2019-06-16T01:53:44.590" intervalms="23.226" />
<cycle-start id="824" type="partial gc" contextid="0" timestamp="2019-06-16T01:53:44.590" intervalms="23.259" />
<gc-start id="825" type="partial gc" contextid="824" timestamp="2019-06-16T01:53:44.590">
  <mem-info id="826" free="52428800" total="167772160" percent="31">
    <mem type="eden" free="0" total="48234496" percent="0" />
    <remembered-set count="38112" freebytes="6544512" totalbytes="6696960" percent="97" regionsoverflowed="0" regionsstable="3" regionsrebuilding="0"/>
  </mem-info>
</gc-start>
<allocation-stats totalBytes="48229104" >
  <allocated-bytes non-tlh="0" tlh="48229104" arrayletleaf="0"/>
  <largest-consumer threadName="Thread-10" threadId="0000000001CBD500" bytes="13216104" />
</allocation-stats>
<gc-op id="827" type="copy forward" timems="3.331" contextid="824" timestamp="2019-06-16T01:53:44.594">
  <memory-copied type="eden" objects="9920" bytes="377520" bytesdiscarded="0" />
  <memory-copied type="other" objects="12611" bytes="440040" bytesdiscarded="0" />
  <memory-cardclean objects="11770" bytes="578520" />
  <regions eden="46" other="2" />
  <remembered-set-cleared processed="33025" cleared="1233" durationms="0.369" />
  <stringconstants candidates="4597" cleared="0"  />
</gc-op>
<gc-op id="828" type="classunload" timems="0.002" contextid="824" timestamp="2019-06-16T01:53:44.594">
  <classunload-info classloadercandidates="8" classloadersunloaded="0" classesunloaded="0" anonymousclassesunloaded="0" quiescems="0.000" setupms="0.002" scanms="0.000" postms="0.000" />
</gc-op>
<heap-resize id="829" type="expand" space="default" amount="3145728" count="1" timems="0.068" reason="excessive time being spent in gc" timestamp="2019-06-16T01:53:44.594" />
<gc-end id="830" type="partial gc" contextid="824" durationms="4.287" usertimems="4.000" systemtimems="0.000" timestamp="2019-06-16T01:53:44.594" activeThreads="1">
  <mem-info id="831" free="102760448" total="170917888" percent="60">
    <mem type="eden" free="671056" total="1048576" percent="63" />
    <remembered-set count="39232" freebytes="6665600" totalbytes="6822528" percent="97" regionsoverflowed="0" regionsstable="3" regionsrebuilding="0"/>
  </mem-info>
</gc-end>
<cycle-end id="832" type="partial gc" contextid="824" timestamp="2019-06-16T01:53:44.594" />
  <attribute name="elasticGC enabled" value="1" />
  <attribute name= "numThreadsSpecified" value="1" />
  <attribute name="heapSize specified" value="0" />
  <attribute name="Current GC Util" value="62" />
  <attribute name= "Current Time Running" value="2540" />
  <attribute name ="GC Interval" value="0" />
  <attribute name="ProportionalT" value="63.000000" />
  <attribute name="ProportionalI" value="63.000000" />
  <attribute name="ProportionalH" value="63.000000" />
  <attribute name="Current Error" value="42.000000" />
  <attribute name="IntegralT" value="0.000000" />
  <attribute name="IntegralI" value="0.000000" />
  <attribute name="IntegralH" value="0.000000" />
  <attribute name="DerivativeT" value="inf" />
  <attribute name="DerivativeI" value="inf" />
  <attribute name="DerivativeH" value="inf" />
  <attribute name="Loop Time for DT" value="0.000000" />
  <attribute name="Output H" value="8388608"/>
  <attribute name="Output I" value="200"/>
  <attribute name="Output T" value="1"/>
  <attribute name="Target GC Util Change" value ="20.000000" />
  <attribute name="Current GC Util Change" value="62.000000"/>
  <attribute name="GC Util currently" value="62" />
  <attribute name="CPU Util currently" value="22395196315420" />
<exclusive-end id="833" timestamp="2019-06-16T01:53:44.595" durationms="5.048" />

<exclusive-start id="834" timestamp="2019-06-16T01:53:44.620" intervalms="30.019">
  <response-info timems="0.036" idlems="0.036" threads="0" lastid="0000000001CB9900" lastname="Thread-7" />
</exclusive-start>
<allocation-taxation id="835" taxation-threshold="49283072" timestamp="2019-06-16T01:53:44.620" intervalms="30.039" />
<cycle-start id="836" type="partial gc" contextid="0" timestamp="2019-06-16T01:53:44.620" intervalms="30.072" />
<gc-start id="837" type="partial gc" contextid="836" timestamp="2019-06-16T01:53:44.620">
  <mem-info id="838" free="53477376" total="170917888" percent="31">
    <mem type="eden" free="0" total="49283072" percent="0" />
    <remembered-set count="39040" freebytes="6666368" totalbytes="6822528" percent="97" regionsoverflowed="0" regionsstable="3" regionsrebuilding="0"/>
  </mem-info>
</gc-start>
<allocation-stats totalBytes="49277896" >
  <allocated-bytes non-tlh="0" tlh="49277896" arrayletleaf="0"/>
  <largest-consumer threadName="Thread-8" threadId="0000000001CB5D00" bytes="16042776" />
</allocation-stats>
<gc-op id="839" type="copy forward" timems="2.463" contextid="836" timestamp="2019-06-16T01:53:44.623">
  <memory-copied type="eden" objects="14817" bytes="631808" bytesdiscarded="32064" />
  <memory-copied type="other" objects="18811" bytes="726216" bytesdiscarded="48680" />
  <memory-cardclean objects="9419" bytes="473472" />
  <regions eden="47" other="2" />
  <remembered-set-cleared processed="33908" cleared="1319" durationms="0.181" />
  <stringconstants candidates="4597" cleared="0"  />
</gc-op>
<gc-op id="840" type="classunload" timems="0.003" contextid="836" timestamp="2019-06-16T01:53:44.623">
  <classunload-info classloadercandidates="8" classloadersunloaded="0" classesunloaded="0" anonymousclassesunloaded="0" quiescems="0.000" setupms="0.002" scanms="0.000" postms="0.000" />
</gc-op>
<heap-resize id="841" type="expand" space="default" amount="5242880" count="1" timems="0.089" reason="excessive time being spent in gc" timestamp="2019-06-16T01:53:44.624" />
<gc-end id="842" type="partial gc" contextid="836" durationms="3.603" usertimems="8.000" systemtimems="0.000" timestamp="2019-06-16T01:53:44.624" activeThreads="4">
  <mem-info id="843" free="105906176" total="176160768" percent="60">
    <mem type="eden" free="1433280" total="2097152" percent="68" />
    <remembered-set count="39360" freebytes="6874368" totalbytes="7031808" percent="97" regionsoverflowed="0" regionsstable="3" regionsrebuilding="0"/>
  </mem-info>
</gc-end>
<cycle-end id="844" type="partial gc" contextid="836" timestamp="2019-06-16T01:53:44.624" />
  <attribute name="elasticGC enabled" value="1" />
  <attribute name= "numThreadsSpecified" value="4" />
  <attribute name="heapSize specified" value="0" />
  <attribute name="Current GC Util" value="51" />
  <attribute name= "Current Time Running" value="2571" />
  <attribute name ="GC Interval" value="0" />
  <attribute name="ProportionalT" value="46.500000" />
  <attribute name="ProportionalI" value="46.500000" />
  <attribute name="ProportionalH" value="46.500000" />
  <attribute name="Current Error" value="31.000000" />
  <attribute name="IntegralT" value="31.000000" />
  <attribute name="IntegralI" value="31.000000" />
  <attribute name="IntegralH" value="31.000000" />
  <attribute name="DerivativeT" value="31.000000" />
  <attribute name="DerivativeI" value="31.000000" />
  <attribute name="DerivativeH" value="31.000000" />
  <attribute name="Loop Time for DT" value="1.000000" />
  <attribute name="Output H" value="8388608"/>
  <attribute name="Output I" value="200"/>
  <attribute name="Output T" value="4"/>
  <attribute name="Target GC Util Change" value ="20.000000" />
  <attribute name="Current GC Util Change" value="51.000000"/>
  <attribute name="GC Util currently" value="51" />
  <attribute name="CPU Util currently" value="16195959200928" />
<exclusive-end id="845" timestamp="2019-06-16T01:53:44.624" durationms="4.568" />

<exclusive-start id="846" timestamp="2019-06-16T01:53:44.651" intervalms="31.645">
  <response-info timems="0.034" idlems="0.034" threads="0" lastid="0000000001CB5D00" lastname="Thread-8" />
</exclusive-start>
<allocation-taxation id="847" taxation-threshold="50331648" timestamp="2019-06-16T01:53:44.651" intervalms="31.656" />
<cycle-start id="848" type="partial gc" contextid="0" timestamp="2019-06-16T01:53:44.652" intervalms="31.654" />
<gc-start id="849" type="partial gc" contextid="848" timestamp="2019-06-16T01:53:44.652">
  <mem-info id="850" free="55574528" total="176160768" percent="31">
    <mem type="eden" free="0" total="50331648" percent="0" />
    <remembered-set count="39360" freebytes="6874368" totalbytes="7031808" percent="97" regionsoverflowed="0" regionsstable="3" regionsrebuilding="0"/>
  </mem-info>
</gc-start>
<allocation-stats totalBytes="50325528" >
  <allocated-bytes non-tlh="0" tlh="50325528" arrayletleaf="0"/>
  <largest-consumer threadName="Thread-9" threadId="0000000001CC1100" bytes="15108576" />
</allocation-stats>
<gc-op id="851" type="copy forward" timems="3.838" contextid="848" timestamp="2019-06-16T01:53:44.656">
  <memory-copied type="eden" objects="3666" bytes="89744" bytesdiscarded="0" />
  <memory-copied type="other" objects="24144" bytes="991584" bytesdiscarded="0" />
  <memory-cardclean objects="8090" bytes="428688" />
  <regions eden="48" other="3" />
  <remembered-set-cleared processed="34687" cleared="1132" durationms="0.421" />
  <stringconstants candidates="4597" cleared="0"  />
</gc-op>
<gc-op id="852" type="classunload" timems="0.003" contextid="848" timestamp="2019-06-16T01:53:44.657">
  <classunload-info classloadercandidates="8" classloadersunloaded="0" classesunloaded="0" anonymousclassesunloaded="0" quiescems="0.000" setupms="0.003" scanms="0.000" postms="0.000" />
</gc-op>
<gc-end id="853" type="partial gc" contextid="848" durationms="4.911" usertimems="8.000" systemtimems="0.000" timestamp="2019-06-16T01:53:44.657" activeThreads="1">
  <mem-info id="854" free="105906176" total="176160768" percent="60">
    <mem type="eden" free="958832" total="1048576" percent="91" />
    <remembered-set count="40512" freebytes="6869760" totalbytes="7031808" percent="97" regionsoverflowed="0" regionsstable="3" regionsrebuilding="0"/>
  </mem-info>
</gc-end>
<cycle-end id="855" type="partial gc" contextid="848" timestamp="2019-06-16T01:53:44.657" />
  <attribute name="elasticGC enabled" value="1" />
  <attribute name= "numThreadsSpecified" value="1" />
  <attribute name="heapSize specified" value="0" />
  <attribute name="Current GC Util" value="48" />
  <attribute name= "Current Time Running" value="2602" />
  <attribute name ="GC Interval" value="0" />
  <attribute name="ProportionalT" value="42.000000" />
  <attribute name="ProportionalI" value="42.000000" />
  <attribute name="ProportionalH" value="42.000000" />
  <attribute name="Current Error" value="28.000000" />
  <attribute name="IntegralT" value="0.000000" />
  <attribute name="IntegralI" value="0.000000" />
  <attribute name="IntegralH" value="0.000000" />
  <attribute name="DerivativeT" value="inf" />
  <attribute name="DerivativeI" value="inf" />
  <attribute name="DerivativeH" value="inf" />
  <attribute name="Loop Time for DT" value="0.000000" />
  <attribute name="Output H" value="8388608"/>
  <attribute name="Output I" value="200"/>
  <attribute name="Output T" value="1"/>
  <attribute name="Target GC Util Change" value ="20.000000" />
  <attribute name="Current GC Util Change" value="48.000000"/>
  <attribute name="GC Util currently" value="48" />
  <attribute name="CPU Util currently" value="18550254462214" />
<exclusive-end id="856" timestamp="2019-06-16T01:53:44.657" durationms="5.888" />

<exclusive-start id="857" timestamp="2019-06-16T01:53:44.684" intervalms="33.128">
  <response-info timems="0.235" idlems="0.235" threads="0" lastid="0000000001CB9900" lastname="Thread-7" />
</exclusive-start>
<allocation-taxation id="858" taxation-threshold="50331648" timestamp="2019-06-16T01:53:44.685" intervalms="33.112" />
<cycle-start id="859" type="partial gc" contextid="0" timestamp="2019-06-16T01:53:44.685" intervalms="33.135" />
<gc-start id="860" type="partial gc" contextid="859" timestamp="2019-06-16T01:53:44.685">
  <mem-info id="861" free="55574528" total="176160768" percent="31">
    <mem type="eden" free="0" total="50331648" percent="0" />
    <remembered-set count="40096" freebytes="6871424" totalbytes="7031808" percent="97" regionsoverflowed="0" regionsstable="3" regionsrebuilding="0"/>
  </mem-info>
</gc-start>
<allocation-stats totalBytes="50325376" >
  <allocated-bytes non-tlh="0" tlh="50325376" arrayletleaf="0"/>
  <largest-consumer threadName="Thread-8" threadId="0000000001CB5D00" bytes="14878912" />
</allocation-stats>
<gc-op id="862" type="copy forward" timems="2.136" contextid="859" timestamp="2019-06-16T01:53:44.688">
  <memory-copied type="eden" objects="9551" bytes="368328" bytesdiscarded="15240" />
  <memory-copied type="other" objects="15794" bytes="516432" bytesdiscarded="22864" />
  <memory-cardclean objects="11317" bytes="583776" />
  <regions eden="48" other="3" />
  <remembered-set-cleared processed="35080" cleared="3810" durationms="0.187" />
  <stringconstants candidates="4597" cleared="0"  />
</gc-op>
<gc-op id="863" type="classunload" timems="0.003" contextid="859" timestamp="2019-06-16T01:53:44.688">
  <classunload-info classloadercandidates="8" classloadersunloaded="0" classesunloaded="0" anonymousclassesunloaded="0" quiescems="0.000" setupms="0.003" scanms="0.000" postms="0.000" />
</gc-op>
<heap-resize id="864" type="expand" space="default" amount="2097152" count="1" timems="0.068" reason="excessive time being spent in gc" timestamp="2019-06-16T01:53:44.688" />
<gc-end id="865" type="partial gc" contextid="859" durationms="3.418" usertimems="8.000" systemtimems="0.000" timestamp="2019-06-16T01:53:44.688" activeThreads="4">
  <mem-info id="866" free="106954752" total="178257920" percent="60">
    <mem type="eden" free="665008" total="1048576" percent="63" />
    <remembered-set count="38528" freebytes="6961408" totalbytes="7115520" percent="97" regionsoverflowed="0" regionsstable="3" regionsrebuilding="0"/>
  </mem-info>
</gc-end>
<cycle-end id="867" type="partial gc" contextid="859" timestamp="2019-06-16T01:53:44.689" />
  <attribute name="elasticGC enabled" value="1" />
  <attribute name= "numThreadsSpecified" value="4" />
  <attribute name="heapSize specified" value="0" />
  <attribute name="Current GC Util" value="51" />
  <attribute name= "Current Time Running" value="2636" />
  <attribute name ="GC Interval" value="0" />
  <attribute name="ProportionalT" value="46.500000" />
  <attribute name="ProportionalI" value="46.500000" />
  <attribute name="ProportionalH" value="46.500000" />
  <attribute name="Current Error" value="31.000000" />
  <attribute name="IntegralT" value="31.000000" />
  <attribute name="IntegralI" value="31.000000" />
  <attribute name="IntegralH" value="31.000000" />
  <attribute name="DerivativeT" value="31.000000" />
  <attribute name="DerivativeI" value="31.000000" />
  <attribute name="DerivativeH" value="31.000000" />
  <attribute name="Loop Time for DT" value="1.000000" />
  <attribute name="Output H" value="8388608"/>
  <attribute name="Output I" value="200"/>
  <attribute name="Output T" value="4"/>
  <attribute name="Target GC Util Change" value ="20.000000" />
  <attribute name="Current GC Util Change" value="51.000000"/>
  <attribute name="GC Util currently" value="51" />
  <attribute name="CPU Util currently" value="16727977780787" />
<exclusive-end id="868" timestamp="2019-06-16T01:53:44.689" durationms="4.394" />

<exclusive-start id="869" timestamp="2019-06-16T01:53:44.716" intervalms="31.253">
  <response-info timems="0.070" idlems="0.042" threads="1" lastid="0000000001CB5D00" lastname="Thread-8" />
</exclusive-start>
<allocation-taxation id="870" taxation-threshold="50331648" timestamp="2019-06-16T01:53:44.716" intervalms="31.240" />
<cycle-start id="871" type="partial gc" contextid="0" timestamp="2019-06-16T01:53:44.716" intervalms="31.165" />
<gc-start id="872" type="partial gc" contextid="871" timestamp="2019-06-16T01:53:44.716">
  <mem-info id="873" free="56623104" total="178257920" percent="31">
    <mem type="eden" free="0" total="50331648" percent="0" />
    <remembered-set count="38048" freebytes="6963328" totalbytes="7115520" percent="97" regionsoverflowed="0" regionsstable="3" regionsrebuilding="0"/>
  </mem-info>
</gc-start>
<allocation-stats totalBytes="50325408" >
  <allocated-bytes non-tlh="0" tlh="50325408" arrayletleaf="0"/>
  <largest-consumer threadName="Thread-7" threadId="0000000001CB9900" bytes="14219520" />
</allocation-stats>
<gc-op id="874" type="copy forward" timems="3.153" contextid="871" timestamp="2019-06-16T01:53:44.720">
  <memory-copied type="eden" objects="19961" bytes="755080" bytesdiscarded="0" />
  <memory-copied type="other" objects="3049" bytes="73176" bytesdiscarded="0" />
  <memory-cardclean objects="8222" bytes="426480" />
  <regions eden="48" other="2" />
  <remembered-set-cleared processed="34097" cleared="713" durationms="0.391" />
  <stringconstants candidates="4597" cleared="0"  />
</gc-op>
<gc-op id="875" type="classunload" timems="0.002" contextid="871" timestamp="2019-06-16T01:53:44.720">
  <classunload-info classloadercandidates="8" classloadersunloaded="0" classesunloaded="0" anonymousclassesunloaded="0" quiescems="0.000" setupms="0.002" scanms="0.000" postms="0.000" />
</gc-op>
<heap-resize id="876" type="expand" space="default" amount="3145728" count="1" timems="0.072" reason="excessive time being spent in gc" timestamp="2019-06-16T01:53:44.720" />
<gc-end id="877" type="partial gc" contextid="871" durationms="4.180" usertimems="8.000" systemtimems="0.000" timestamp="2019-06-16T01:53:44.720" activeThreads="1">
  <mem-info id="878" free="109051904" total="181403648" percent="60">
    <mem type="eden" free="293496" total="1048576" percent="27" />
    <remembered-set count="39136" freebytes="7084544" totalbytes="7241088" percent="97" regionsoverflowed="0" regionsstable="3" regionsrebuilding="0"/>
  </mem-info>
</gc-end>
<cycle-end id="879" type="partial gc" contextid="871" timestamp="2019-06-16T01:53:44.720" />
  <attribute name="elasticGC enabled" value="1" />
  <attribute name= "numThreadsSpecified" value="1" />
  <attribute name="heapSize specified" value="0" />
  <attribute name="Current GC Util" value="54" />
  <attribute name= "Current Time Running" value="2666" />
  <attribute name ="GC Interval" value="0" />
  <attribute name="ProportionalT" value="51.000000" />
  <attribute name="ProportionalI" value="51.000000" />
  <attribute name="ProportionalH" value="51.000000" />
  <attribute name="Current Error" value="34.000000" />
  <attribute name="IntegralT" value="0.000000" />
  <attribute name="IntegralI" value="0.000000" />
  <attribute name="IntegralH" value="0.000000" />
  <attribute name="DerivativeT" value="inf" />
  <attribute name="DerivativeI" value="inf" />
  <attribute name="DerivativeH" value="inf" />
  <attribute name="Loop Time for DT" value="0.000000" />
  <attribute name="Output H" value="8388608"/>
  <attribute name="Output I" value="200"/>
  <attribute name="Output T" value="1"/>
  <attribute name="Target GC Util Change" value ="20.000000" />
  <attribute name="Current GC Util Change" value="54.000000"/>
  <attribute name="GC Util currently" value="54" />
  <attribute name="CPU Util currently" value="18063508641849" />
<exclusive-end id="880" timestamp="2019-06-16T01:53:44.721" durationms="4.927" />

<exclusive-start id="881" timestamp="2019-06-16T01:53:44.751" intervalms="35.660">
  <response-info timems="0.112" idlems="0.112" threads="0" lastid="0000000001CBD500" lastname="Thread-10" />
</exclusive-start>
<allocation-taxation id="882" taxation-threshold="51380224" timestamp="2019-06-16T01:53:44.751" intervalms="35.684" />
<cycle-start id="883" type="partial gc" contextid="0" timestamp="2019-06-16T01:53:44.752" intervalms="35.723" />
<gc-start id="884" type="partial gc" contextid="883" timestamp="2019-06-16T01:53:44.752">
  <mem-info id="885" free="57671680" total="181403648" percent="31">
    <mem type="eden" free="0" total="51380224" percent="0" />
    <remembered-set count="38784" freebytes="7085952" totalbytes="7241088" percent="97" regionsoverflowed="0" regionsstable="3" regionsrebuilding="0"/>
  </mem-info>
</gc-start>
<allocation-stats totalBytes="51373944" >
  <allocated-bytes non-tlh="0" tlh="51373944" arrayletleaf="0"/>
  <largest-consumer threadName="Thread-9" threadId="0000000001CC1100" bytes="18859808" />
</allocation-stats>
<gc-op id="886" type="copy forward" timems="3.334" contextid="883" timestamp="2019-06-16T01:53:44.756">
  <memory-copied type="eden" objects="15215" bytes="641944" bytesdiscarded="0" />
  <memory-copied type="other" objects="8187" bytes="196488" bytesdiscarded="0" />
  <memory-cardclean objects="10697" bytes="526896" />
  <regions eden="49" other="3" />
  <remembered-set-cleared processed="34421" cleared="2340" durationms="0.394" />
  <stringconstants candidates="4597" cleared="0"  />
</gc-op>
<gc-op id="887" type="classunload" timems="0.003" contextid="883" timestamp="2019-06-16T01:53:44.756">
  <classunload-info classloadercandidates="8" classloadersunloaded="0" classesunloaded="0" anonymousclassesunloaded="0" quiescems="0.000" setupms="0.002" scanms="0.000" postms="0.000" />
</gc-op>
<heap-resize id="888" type="expand" space="default" amount="2097152" count="1" timems="0.065" reason="excessive time being spent in gc" timestamp="2019-06-16T01:53:44.756" />
<gc-end id="889" type="partial gc" contextid="883" durationms="4.319" usertimems="4.000" systemtimems="0.000" timestamp="2019-06-16T01:53:44.756" activeThreads="1">
  <mem-info id="890" free="110100480" total="183500800" percent="60">
    <mem type="eden" free="406632" total="1048576" percent="38" />
    <remembered-set count="38432" freebytes="7171072" totalbytes="7324800" percent="97" regionsoverflowed="0" regionsstable="3" regionsrebuilding="0"/>
  </mem-info>
</gc-end>
<cycle-end id="891" type="partial gc" contextid="883" timestamp="2019-06-16T01:53:44.756" />
  <attribute name="elasticGC enabled" value="1" />
  <attribute name= "numThreadsSpecified" value="1" />
  <attribute name="heapSize specified" value="0" />
  <attribute name="Current GC Util" value="76" />
  <attribute name= "Current Time Running" value="2702" />
  <attribute name ="GC Interval" value="0" />
  <attribute name="ProportionalT" value="84.000000" />
  <attribute name="ProportionalI" value="84.000000" />
  <attribute name="ProportionalH" value="84.000000" />
  <attribute name="Current Error" value="56.000000" />
  <attribute name="IntegralT" value="0.000000" />
  <attribute name="IntegralI" value="0.000000" />
  <attribute name="IntegralH" value="0.000000" />
  <attribute name="DerivativeT" value="inf" />
  <attribute name="DerivativeI" value="inf" />
  <attribute name="DerivativeH" value="inf" />
  <attribute name="Loop Time for DT" value="0.000000" />
  <attribute name="Output H" value="8388608"/>
  <attribute name="Output I" value="200"/>
  <attribute name="Output T" value="1"/>
  <attribute name="Target GC Util Change" value ="20.000000" />
  <attribute name="Current GC Util Change" value="76.000000"/>
  <attribute name="GC Util currently" value="76" />
  <attribute name="CPU Util currently" value="18508339795597" />
<exclusive-end id="892" timestamp="2019-06-16T01:53:44.756" durationms="5.210" />

<exclusive-start id="893" timestamp="2019-06-16T01:53:44.791" intervalms="39.544">
  <response-info timems="0.032" idlems="0.032" threads="0" lastid="0000000001CC1100" lastname="Thread-9" />
</exclusive-start>
<allocation-taxation id="894" taxation-threshold="52428800" timestamp="2019-06-16T01:53:44.791" intervalms="39.548" />
<cycle-start id="895" type="partial gc" contextid="0" timestamp="2019-06-16T01:53:44.791" intervalms="39.506" />
<gc-start id="896" type="partial gc" contextid="895" timestamp="2019-06-16T01:53:44.791">
  <mem-info id="897" free="57671680" total="183500800" percent="31">
    <mem type="eden" free="0" total="52428800" percent="0" />
    <remembered-set count="38304" freebytes="7171584" totalbytes="7324800" percent="97" regionsoverflowed="0" regionsstable="3" regionsrebuilding="0"/>
  </mem-info>
</gc-start>
<allocation-stats totalBytes="52421832" >
  <allocated-bytes non-tlh="0" tlh="52421832" arrayletleaf="0"/>
  <largest-consumer threadName="Thread-9" threadId="0000000001CC1100" bytes="17811032" />
</allocation-stats>
<gc-op id="898" type="copy forward" timems="2.172" contextid="895" timestamp="2019-06-16T01:53:44.794">
  <memory-copied type="eden" objects="18296" bytes="715128" bytesdiscarded="46296" />
  <memory-copied type="other" objects="12175" bytes="429576" bytesdiscarded="33808" />
  <memory-cardclean objects="8962" bytes="443736" />
  <regions eden="50" other="2" />
  <remembered-set-cleared processed="34121" cleared="1059" durationms="0.183" />
  <stringconstants candidates="4597" cleared="0"  />
</gc-op>
<gc-op id="899" type="classunload" timems="0.003" contextid="895" timestamp="2019-06-16T01:53:44.794">
  <classunload-info classloadercandidates="8" classloadersunloaded="0" classesunloaded="0" anonymousclassesunloaded="0" quiescems="0.000" setupms="0.003" scanms="0.000" postms="0.000" />
</gc-op>
<heap-resize id="900" type="expand" space="default" amount="3145728" count="1" timems="0.072" reason="excessive time being spent in gc" timestamp="2019-06-16T01:53:44.794" />
<gc-end id="901" type="partial gc" contextid="895" durationms="3.250" usertimems="4.000" systemtimems="0.000" timestamp="2019-06-16T01:53:44.795" activeThreads="4">
  <mem-info id="902" free="112197632" total="186646528" percent="60">
    <mem type="eden" free="287152" total="1048576" percent="27" />
    <remembered-set count="39392" freebytes="7292800" totalbytes="7450368" percent="97" regionsoverflowed="0" regionsstable="3" regionsrebuilding="0"/>
  </mem-info>
</gc-end>
<cycle-end id="903" type="partial gc" contextid="895" timestamp="2019-06-16T01:53:44.795" />
  <attribute name="elasticGC enabled" value="1" />
  <attribute name= "numThreadsSpecified" value="4" />
  <attribute name="heapSize specified" value="0" />
  <attribute name="Current GC Util" value="58" />
  <attribute name= "Current Time Running" value="2742" />
  <attribute name ="GC Interval" value="0" />
  <attribute name="ProportionalT" value="57.000000" />
  <attribute name="ProportionalI" value="57.000000" />
  <attribute name="ProportionalH" value="57.000000" />
  <attribute name="Current Error" value="38.000000" />
  <attribute name="IntegralT" value="38.000000" />
  <attribute name="IntegralI" value="38.000000" />
  <attribute name="IntegralH" value="38.000000" />
  <attribute name="DerivativeT" value="38.000000" />
  <attribute name="DerivativeI" value="38.000000" />
  <attribute name="DerivativeH" value="38.000000" />
  <attribute name="Loop Time for DT" value="1.000000" />
  <attribute name="Output H" value="8388608"/>
  <attribute name="Output I" value="200"/>
  <attribute name="Output T" value="4"/>
  <attribute name="Target GC Util Change" value ="20.000000" />
  <attribute name="Current GC Util Change" value="58.000000"/>
  <attribute name="GC Util currently" value="58" />
  <attribute name="CPU Util currently" value="19590433551013" />
<exclusive-end id="904" timestamp="2019-06-16T01:53:44.795" durationms="4.109" />

<exclusive-start id="905" timestamp="2019-06-16T01:53:44.824" intervalms="33.065">
  <response-info timems="0.035" idlems="0.035" threads="0" lastid="0000000001CB9900" lastname="Thread-7" />
</exclusive-start>
<allocation-taxation id="906" taxation-threshold="52428800" timestamp="2019-06-16T01:53:44.824" intervalms="33.065" />
<cycle-start id="907" type="partial gc" contextid="0" timestamp="2019-06-16T01:53:44.824" intervalms="33.111" />
<gc-start id="908" type="partial gc" contextid="907" timestamp="2019-06-16T01:53:44.824">
  <mem-info id="909" free="59768832" total="186646528" percent="32">
    <mem type="eden" free="0" total="52428800" percent="0" />
    <remembered-set count="39392" freebytes="7292800" totalbytes="7450368" percent="97" regionsoverflowed="0" regionsstable="3" regionsrebuilding="0"/>
  </mem-info>
</gc-start>
<allocation-stats totalBytes="52421768" >
  <allocated-bytes non-tlh="0" tlh="52421768" arrayletleaf="0"/>
  <largest-consumer threadName="Thread-8" threadId="0000000001CB5D00" bytes="18036208" />
</allocation-stats>
<gc-op id="910" type="copy forward" timems="3.510" contextid="907" timestamp="2019-06-16T01:53:44.829">
  <memory-copied type="eden" objects="11944" bytes="562944" bytesdiscarded="0" />
  <memory-copied type="other" objects="15551" bytes="510600" bytesdiscarded="0" />
  <memory-cardclean objects="10473" bytes="520416" />
  <regions eden="50" other="4" />
  <remembered-set-cleared processed="34253" cleared="2471" durationms="0.397" />
  <stringconstants candidates="4597" cleared="0"  />
</gc-op>
<gc-op id="911" type="classunload" timems="0.003" contextid="907" timestamp="2019-06-16T01:53:44.829">
  <classunload-info classloadercandidates="8" classloadersunloaded="0" classesunloaded="0" anonymousclassesunloaded="0" quiescems="0.000" setupms="0.003" scanms="0.000" postms="0.000" />
</gc-op>
<gc-end id="912" type="partial gc" contextid="907" durationms="4.448" usertimems="8.000" systemtimems="0.000" timestamp="2019-06-16T01:53:44.829" activeThreads="1">
  <mem-info id="913" free="111149056" total="186646528" percent="59">
    <mem type="eden" free="485632" total="1048576" percent="46" />
    <remembered-set count="38304" freebytes="7297152" totalbytes="7450368" percent="97" regionsoverflowed="0" regionsstable="3" regionsrebuilding="0"/>
  </mem-info>
</gc-end>
<cycle-end id="914" type="partial gc" contextid="907" timestamp="2019-06-16T01:53:44.829" />
  <attribute name="elasticGC enabled" value="1" />
  <attribute name= "numThreadsSpecified" value="1" />
  <attribute name="heapSize specified" value="0" />
  <attribute name="Current GC Util" value="52" />
  <attribute name= "Current Time Running" value="2775" />
  <attribute name ="GC Interval" value="0" />
  <attribute name="ProportionalT" value="48.000000" />
  <attribute name="ProportionalI" value="48.000000" />
  <attribute name="ProportionalH" value="48.000000" />
  <attribute name="Current Error" value="32.000000" />
  <attribute name="IntegralT" value="0.000000" />
  <attribute name="IntegralI" value="0.000000" />
  <attribute name="IntegralH" value="0.000000" />
  <attribute name="DerivativeT" value="inf" />
  <attribute name="DerivativeI" value="inf" />
  <attribute name="DerivativeH" value="inf" />
  <attribute name="Loop Time for DT" value="0.000000" />
  <attribute name="Output H" value="8388608"/>
  <attribute name="Output I" value="200"/>
  <attribute name="Output T" value="1"/>
  <attribute name="Target GC Util Change" value ="20.000000" />
  <attribute name="Current GC Util Change" value="52.000000"/>
  <attribute name="GC Util currently" value="52" />
  <attribute name="CPU Util currently" value="19070107720864" />
<exclusive-end id="915" timestamp="2019-06-16T01:53:44.829" durationms="5.377" />

<exclusive-start id="916" timestamp="2019-06-16T01:53:44.856" intervalms="32.018">
  <response-info timems="0.051" idlems="0.051" threads="0" lastid="0000000001CBD500" lastname="Thread-10" />
</exclusive-start>
<allocation-taxation id="917" taxation-threshold="52428800" timestamp="2019-06-16T01:53:44.856" intervalms="32.003" />
<cycle-start id="918" type="partial gc" contextid="0" timestamp="2019-06-16T01:53:44.856" intervalms="31.968" />
<gc-start id="919" type="partial gc" contextid="918" timestamp="2019-06-16T01:53:44.856">
  <mem-info id="920" free="58720256" total="186646528" percent="31">
    <mem type="eden" free="0" total="52428800" percent="0" />
    <remembered-set count="38144" freebytes="7297792" totalbytes="7450368" percent="97" regionsoverflowed="0" regionsstable="3" regionsrebuilding="0"/>
  </mem-info>
</gc-start>
<allocation-stats totalBytes="52421424" >
  <allocated-bytes non-tlh="0" tlh="52421424" arrayletleaf="0"/>
  <largest-consumer threadName="Thread-7" threadId="0000000001CB9900" bytes="15366024" />
</allocation-stats>
<gc-op id="921" type="copy forward" timems="3.420" contextid="918" timestamp="2019-06-16T01:53:44.861">
  <memory-copied type="eden" objects="13523" bytes="600376" bytesdiscarded="0" />
  <memory-copied type="other" objects="14362" bytes="619440" bytesdiscarded="0" />
  <memory-cardclean objects="4686" bytes="238536" />
  <regions eden="50" other="3" />
  <remembered-set-cleared processed="34070" cleared="1726" durationms="0.421" />
  <stringconstants candidates="4597" cleared="0"  />
</gc-op>
<gc-op id="922" type="classunload" timems="0.003" contextid="918" timestamp="2019-06-16T01:53:44.861">
  <classunload-info classloadercandidates="8" classloadersunloaded="0" classesunloaded="0" anonymousclassesunloaded="0" quiescems="0.000" setupms="0.003" scanms="0.000" postms="0.000" />
</gc-op>
<heap-resize id="923" type="expand" space="default" amount="2097152" count="1" timems="0.077" reason="excessive time being spent in gc" timestamp="2019-06-16T01:53:44.861" />
<gc-end id="924" type="partial gc" contextid="918" durationms="4.791" usertimems="8.000" systemtimems="0.000" timestamp="2019-06-16T01:53:44.861" activeThreads="1">
  <mem-info id="925" free="113246208" total="188743680" percent="60">
    <mem type="eden" free="448200" total="1048576" percent="42" />
    <remembered-set count="37888" freebytes="7382528" totalbytes="7534080" percent="97" regionsoverflowed="0" regionsstable="3" regionsrebuilding="0"/>
  </mem-info>
</gc-end>
<cycle-end id="926" type="partial gc" contextid="918" timestamp="2019-06-16T01:53:44.861" />
  <attribute name="elasticGC enabled" value="1" />
  <attribute name= "numThreadsSpecified" value="1" />
  <attribute name="heapSize specified" value="0" />
  <attribute name="Current GC Util" value="53" />
  <attribute name= "Current Time Running" value="2807" />
  <attribute name ="GC Interval" value="0" />
  <attribute name="ProportionalT" value="49.500000" />
  <attribute name="ProportionalI" value="49.500000" />
  <attribute name="ProportionalH" value="49.500000" />
  <attribute name="Current Error" value="33.000000" />
  <attribute name="IntegralT" value="0.000000" />
  <attribute name="IntegralI" value="0.000000" />
  <attribute name="IntegralH" value="0.000000" />
  <attribute name="DerivativeT" value="inf" />
  <attribute name="DerivativeI" value="inf" />
  <attribute name="DerivativeH" value="inf" />
  <attribute name="Loop Time for DT" value="0.000000" />
  <attribute name="Output H" value="8388608"/>
  <attribute name="Output I" value="200"/>
  <attribute name="Output T" value="1"/>
  <attribute name="Target GC Util Change" value ="20.000000" />
  <attribute name="Current GC Util Change" value="53.000000"/>
  <attribute name="GC Util currently" value="53" />
  <attribute name="CPU Util currently" value="16742613832856" />
<exclusive-end id="927" timestamp="2019-06-16T01:53:44.862" durationms="5.622" />

<exclusive-start id="928" timestamp="2019-06-16T01:53:44.892" intervalms="35.699">
  <response-info timems="0.405" idlems="0.236" threads="1" lastid="0000000001CB9900" lastname="Thread-7" />
</exclusive-start>
<allocation-taxation id="929" taxation-threshold="53477376" timestamp="2019-06-16T01:53:44.892" intervalms="35.707" />
<cycle-start id="930" type="partial gc" contextid="0" timestamp="2019-06-16T01:53:44.892" intervalms="35.784" />
<gc-start id="931" type="partial gc" contextid="930" timestamp="2019-06-16T01:53:44.892">
  <mem-info id="932" free="59768832" total="188743680" percent="31">
    <mem type="eden" free="0" total="53477376" percent="0" />
    <remembered-set count="37728" freebytes="7383168" totalbytes="7534080" percent="97" regionsoverflowed="0" regionsstable="3" regionsrebuilding="0"/>
  </mem-info>
</gc-start>
<allocation-stats totalBytes="53469568" >
  <allocated-bytes non-tlh="0" tlh="53469568" arrayletleaf="0"/>
  <largest-consumer threadName="Thread-10" threadId="0000000001CBD500" bytes="18396712" />
</allocation-stats>
<gc-op id="933" type="copy forward" timems="3.819" contextid="930" timestamp="2019-06-16T01:53:44.897">
  <memory-copied type="eden" objects="17125" bytes="686256" bytesdiscarded="0" />
  <memory-copied type="other" objects="14440" bytes="621312" bytesdiscarded="0" />
  <memory-cardclean objects="6634" bytes="350568" />
  <regions eden="51" other="2" />
  <remembered-set-cleared processed="33559" cleared="634" durationms="0.413" />
  <stringconstants candidates="4597" cleared="0"  />
</gc-op>
<gc-op id="934" type="classunload" timems="0.003" contextid="930" timestamp="2019-06-16T01:53:44.897">
  <classunload-info classloadercandidates="8" classloadersunloaded="0" classesunloaded="0" anonymousclassesunloaded="0" quiescems="0.000" setupms="0.002" scanms="0.000" postms="0.000" />
</gc-op>
<heap-resize id="935" type="expand" space="default" amount="3145728" count="1" timems="0.081" reason="excessive time being spent in gc" timestamp="2019-06-16T01:53:44.897" />
<gc-end id="936" type="partial gc" contextid="930" durationms="5.177" usertimems="8.000" systemtimems="0.000" timestamp="2019-06-16T01:53:44.897" activeThreads="1">
  <mem-info id="937" free="115343360" total="191889408" percent="60">
    <mem type="eden" free="362320" total="1048576" percent="34" />
    <remembered-set count="39392" freebytes="7502080" totalbytes="7659648" percent="97" regionsoverflowed="0" regionsstable="3" regionsrebuilding="0"/>
  </mem-info>
</gc-end>
<cycle-end id="938" type="partial gc" contextid="930" timestamp="2019-06-16T01:53:44.898" />
  <attribute name="elasticGC enabled" value="1" />
  <attribute name= "numThreadsSpecified" value="1" />
  <attribute name="heapSize specified" value="0" />
  <attribute name="Current GC Util" value="53" />
  <attribute name= "Current Time Running" value="2843" />
  <attribute name ="GC Interval" value="0" />
  <attribute name="ProportionalT" value="49.500000" />
  <attribute name="ProportionalI" value="49.500000" />
  <attribute name="ProportionalH" value="49.500000" />
  <attribute name="Current Error" value="33.000000" />
  <attribute name="IntegralT" value="0.000000" />
  <attribute name="IntegralI" value="0.000000" />
  <attribute name="IntegralH" value="0.000000" />
  <attribute name="DerivativeT" value="inf" />
  <attribute name="DerivativeI" value="inf" />
  <attribute name="DerivativeH" value="inf" />
  <attribute name="Loop Time for DT" value="0.000000" />
  <attribute name="Output H" value="8388608"/>
  <attribute name="Output I" value="200"/>
  <attribute name="Output T" value="1"/>
  <attribute name="Target GC Util Change" value ="20.000000" />
  <attribute name="Current GC Util Change" value="53.000000"/>
  <attribute name="GC Util currently" value="53" />
  <attribute name="CPU Util currently" value="15396921773792" />
<exclusive-end id="939" timestamp="2019-06-16T01:53:44.898" durationms="6.228" />

<exclusive-start id="940" timestamp="2019-06-16T01:53:44.926" intervalms="34.182">
  <response-info timems="0.037" idlems="0.037" threads="0" lastid="0000000001CB9900" lastname="Thread-7" />
</exclusive-start>
<allocation-taxation id="941" taxation-threshold="54525952" timestamp="2019-06-16T01:53:44.926" intervalms="34.197" />
<cycle-start id="942" type="partial gc" contextid="0" timestamp="2019-06-16T01:53:44.926" intervalms="34.200" />
<gc-start id="943" type="partial gc" contextid="942" timestamp="2019-06-16T01:53:44.927">
  <mem-info id="944" free="60817408" total="191889408" percent="31">
    <mem type="eden" free="0" total="54525952" percent="0" />
    <remembered-set count="39136" freebytes="7503104" totalbytes="7659648" percent="97" regionsoverflowed="0" regionsstable="3" regionsrebuilding="0"/>
  </mem-info>
</gc-start>
<allocation-stats totalBytes="54518184" >
  <allocated-bytes non-tlh="0" tlh="54518184" arrayletleaf="0"/>
  <largest-consumer threadName="Thread-10" threadId="0000000001CBD500" bytes="18458192" />
</allocation-stats>
<gc-op id="945" type="copy forward" timems="4.319" contextid="942" timestamp="2019-06-16T01:53:44.932">
  <memory-copied type="eden" objects="9972" bytes="377720" bytesdiscarded="0" />
  <memory-copied type="other" objects="26152" bytes="1039776" bytesdiscarded="0" />
  <memory-cardclean objects="6496" bytes="325464" />
  <regions eden="52" other="5" />
  <remembered-set-cleared processed="33507" cleared="2604" durationms="0.414" />
  <stringconstants candidates="4597" cleared="0"  />
</gc-op>
<gc-op id="946" type="classunload" timems="0.003" contextid="942" timestamp="2019-06-16T01:53:44.932">
  <classunload-info classloadercandidates="8" classloadersunloaded="0" classesunloaded="0" anonymousclassesunloaded="0" quiescems="0.000" setupms="0.003" scanms="0.000" postms="0.000" />
</gc-op>
<gc-end id="947" type="partial gc" contextid="942" durationms="5.488" usertimems="4.000" systemtimems="0.000" timestamp="2019-06-16T01:53:44.932" activeThreads="1">
  <mem-info id="948" free="116391936" total="191889408" percent="60">
    <mem type="eden" free="670856" total="1048576" percent="63" />
    <remembered-set count="38336" freebytes="7506304" totalbytes="7659648" percent="97" regionsoverflowed="0" regionsstable="3" regionsrebuilding="0"/>
  </mem-info>
</gc-end>
<cycle-end id="949" type="partial gc" contextid="942" timestamp="2019-06-16T01:53:44.932" />
  <attribute name="elasticGC enabled" value="1" />
  <attribute name= "numThreadsSpecified" value="1" />
  <attribute name="heapSize specified" value="0" />
  <attribute name="Current GC Util" value="52" />
  <attribute name= "Current Time Running" value="2877" />
  <attribute name ="GC Interval" value="0" />
  <attribute name="ProportionalT" value="48.000000" />
  <attribute name="ProportionalI" value="48.000000" />
  <attribute name="ProportionalH" value="48.000000" />
  <attribute name="Current Error" value="32.000000" />
  <attribute name="IntegralT" value="0.000000" />
  <attribute name="IntegralI" value="0.000000" />
  <attribute name="IntegralH" value="0.000000" />
  <attribute name="DerivativeT" value="inf" />
  <attribute name="DerivativeI" value="inf" />
  <attribute name="DerivativeH" value="inf" />
  <attribute name="Loop Time for DT" value="0.000000" />
  <attribute name="Output H" value="8388608"/>
  <attribute name="Output I" value="200"/>
  <attribute name="Output T" value="1"/>
  <attribute name="Target GC Util Change" value ="20.000000" />
  <attribute name="Current GC Util Change" value="52.000000"/>
  <attribute name="GC Util currently" value="52" />
  <attribute name="CPU Util currently" value="14393032728449" />
<exclusive-end id="950" timestamp="2019-06-16T01:53:44.932" durationms="6.555" />

<exclusive-start id="951" timestamp="2019-06-16T01:53:44.959" intervalms="33.638">
  <response-info timems="0.064" idlems="0.064" threads="0" lastid="0000000001CC1100" lastname="Thread-9" />
</exclusive-start>
<allocation-taxation id="952" taxation-threshold="54525952" timestamp="2019-06-16T01:53:44.960" intervalms="33.616" />
<cycle-start id="953" type="partial gc" contextid="0" timestamp="2019-06-16T01:53:44.960" intervalms="33.531" />
<gc-start id="954" type="partial gc" contextid="953" timestamp="2019-06-16T01:53:44.960">
  <mem-info id="955" free="61865984" total="191889408" percent="32">
    <mem type="eden" free="0" total="54525952" percent="0" />
    <remembered-set count="37920" freebytes="7507968" totalbytes="7659648" percent="98" regionsoverflowed="0" regionsstable="3" regionsrebuilding="0"/>
  </mem-info>
</gc-start>
<allocation-stats totalBytes="54518568" >
  <allocated-bytes non-tlh="0" tlh="54518568" arrayletleaf="0"/>
  <largest-consumer threadName="Thread-9" threadId="0000000001CC1100" bytes="18621856" />
</allocation-stats>
<gc-op id="956" type="copy forward" timems="4.571" contextid="953" timestamp="2019-06-16T01:53:44.965">
  <memory-copied type="eden" objects="11285" bytes="409376" bytesdiscarded="0" />
  <memory-copied type="other" objects="29910" bytes="1129968" bytesdiscarded="0" />
  <memory-cardclean objects="10450" bytes="538032" />
  <regions eden="52" other="3" />
  <remembered-set-cleared processed="32251" cleared="1125" durationms="0.399" />
  <stringconstants candidates="4597" cleared="0"  />
</gc-op>
<gc-op id="957" type="classunload" timems="0.002" contextid="953" timestamp="2019-06-16T01:53:44.965">
  <classunload-info classloadercandidates="8" classloadersunloaded="0" classesunloaded="0" anonymousclassesunloaded="0" quiescems="0.000" setupms="0.002" scanms="0.000" postms="0.000" />
</gc-op>
<gc-end id="958" type="partial gc" contextid="953" durationms="5.471" usertimems="8.000" systemtimems="0.000" timestamp="2019-06-16T01:53:44.965" activeThreads="1">
  <mem-info id="959" free="115343360" total="191889408" percent="60">
    <mem type="eden" free="639200" total="1048576" percent="60" />
    <remembered-set count="39520" freebytes="7501568" totalbytes="7659648" percent="97" regionsoverflowed="0" regionsstable="3" regionsrebuilding="0"/>
  </mem-info>
</gc-end>
<cycle-end id="960" type="partial gc" contextid="953" timestamp="2019-06-16T01:53:44.966" />
  <attribute name="elasticGC enabled" value="1" />
  <attribute name= "numThreadsSpecified" value="1" />
  <attribute name="heapSize specified" value="0" />
  <attribute name="Current GC Util" value="63" />
  <attribute name= "Current Time Running" value="2910" />
  <attribute name ="GC Interval" value="0" />
  <attribute name="ProportionalT" value="64.500000" />
  <attribute name="ProportionalI" value="64.500000" />
  <attribute name="ProportionalH" value="64.500000" />
  <attribute name="Current Error" value="43.000000" />
  <attribute name="IntegralT" value="0.000000" />
  <attribute name="IntegralI" value="0.000000" />
  <attribute name="IntegralH" value="0.000000" />
  <attribute name="DerivativeT" value="inf" />
  <attribute name="DerivativeI" value="inf" />
  <attribute name="DerivativeH" value="inf" />
  <attribute name="Loop Time for DT" value="0.000000" />
  <attribute name="Output H" value="8388608"/>
  <attribute name="Output I" value="200"/>
  <attribute name="Output T" value="1"/>
  <attribute name="Target GC Util Change" value ="20.000000" />
  <attribute name="Current GC Util Change" value="63.000000"/>
  <attribute name="GC Util currently" value="63" />
  <attribute name="CPU Util currently" value="18389295877333" />
<exclusive-end id="961" timestamp="2019-06-16T01:53:44.966" durationms="6.268" />

<exclusive-start id="962" timestamp="2019-06-16T01:53:44.992" intervalms="33.012">
  <response-info timems="0.038" idlems="0.038" threads="0" lastid="0000000001CC1100" lastname="Thread-9" />
</exclusive-start>
<allocation-taxation id="963" taxation-threshold="54525952" timestamp="2019-06-16T01:53:44.993" intervalms="33.009" />
<cycle-start id="964" type="partial gc" contextid="0" timestamp="2019-06-16T01:53:44.993" intervalms="32.963" />
<gc-start id="965" type="partial gc" contextid="964" timestamp="2019-06-16T01:53:44.993">
  <mem-info id="966" free="60817408" total="191889408" percent="31">
    <mem type="eden" free="0" total="54525952" percent="0" />
    <remembered-set count="39424" freebytes="7501952" totalbytes="7659648" percent="97" regionsoverflowed="0" regionsstable="3" regionsrebuilding="0"/>
  </mem-info>
</gc-start>
<allocation-stats totalBytes="54518192" >
  <allocated-bytes non-tlh="0" tlh="54518192" arrayletleaf="0"/>
  <largest-consumer threadName="Thread-7" threadId="0000000001CB9900" bytes="18449912" />
</allocation-stats>
<gc-op id="967" type="copy forward" timems="3.895" contextid="964" timestamp="2019-06-16T01:53:44.997">
  <memory-copied type="eden" objects="11343" bytes="410720" bytesdiscarded="0" />
  <memory-copied type="other" objects="20834" bytes="774768" bytesdiscarded="0" />
  <memory-cardclean objects="11655" bytes="610584" />
  <regions eden="52" other="4" />
  <remembered-set-cleared processed="33571" cleared="4353" durationms="0.392" />
  <stringconstants candidates="4597" cleared="0"  />
</gc-op>
<gc-op id="968" type="classunload" timems="0.003" contextid="964" timestamp="2019-06-16T01:53:44.998">
  <classunload-info classloadercandidates="8" classloadersunloaded="0" classesunloaded="0" anonymousclassesunloaded="0" quiescems="0.000" setupms="0.002" scanms="0.000" postms="0.000" />
</gc-op>
<gc-end id="969" type="partial gc" contextid="964" durationms="4.860" usertimems="0.000" systemtimems="4.000" timestamp="2019-06-16T01:53:44.998" activeThreads="1">
  <mem-info id="970" free="116391936" total="191889408" percent="60">
    <mem type="eden" free="637856" total="1048576" percent="60" />
    <remembered-set count="36960" freebytes="7511808" totalbytes="7659648" percent="98" regionsoverflowed="0" regionsstable="3" regionsrebuilding="0"/>
  </mem-info>
</gc-end>
<cycle-end id="971" type="partial gc" contextid="964" timestamp="2019-06-16T01:53:44.998" />
  <attribute name="elasticGC enabled" value="1" />
  <attribute name= "numThreadsSpecified" value="1" />
  <attribute name="heapSize specified" value="0" />
  <attribute name="Current GC Util" value="63" />
  <attribute name= "Current Time Running" value="2943" />
  <attribute name ="GC Interval" value="0" />
  <attribute name="ProportionalT" value="64.500000" />
  <attribute name="ProportionalI" value="64.500000" />
  <attribute name="ProportionalH" value="64.500000" />
  <attribute name="Current Error" value="43.000000" />
  <attribute name="IntegralT" value="0.000000" />
  <attribute name="IntegralI" value="0.000000" />
  <attribute name="IntegralH" value="0.000000" />
  <attribute name="DerivativeT" value="inf" />
  <attribute name="DerivativeI" value="inf" />
  <attribute name="DerivativeH" value="inf" />
  <attribute name="Loop Time for DT" value="0.000000" />
  <attribute name="Output H" value="8388608"/>
  <attribute name="Output I" value="200"/>
  <attribute name="Output T" value="1"/>
  <attribute name="Target GC Util Change" value ="20.000000" />
  <attribute name="Current GC Util Change" value="63.000000"/>
  <attribute name="GC Util currently" value="63" />
  <attribute name="CPU Util currently" value="19557533722371" />
<exclusive-end id="972" timestamp="2019-06-16T01:53:44.998" durationms="5.573" />

</verbosegc>

