<?xml version="1.0" ?>

<verbosegc xmlns="http://www.ibm.com/j9/verbosegc" version="10b4217_CMPRSS">

<initialized id="1" timestamp="2019-06-16T01:53:28.102">
  <attribute name="gcPolicy" value="-Xgcpolicy:balanced" />
  <attribute name="elasticGC enabled" value="1" />
  <attribute name= "numThreadsSpecified" value="0" />
  <attribute name="heapSize specified" value="0" />
  <attribute name="Current GC Util" value="0" />
  <attribute name= "Current Time Running" value="0" />
  <attribute name ="GC Interval" value="0" />
  <attribute name="ProportionalT" value="0.000000" />
  <attribute name="ProportionalI" value="0.000000" />
  <attribute name="ProportionalH" value="0.000000" />
  <attribute name="IntegralT" value="0.000000" />
  <attribute name="IntegralI" value="0.000000" />
  <attribute name="IntegralH" value="0.000000" />
  <attribute name="DerivativeT" value="0.000000" />
  <attribute name="DerivativeI" value="0.000000" />
  <attribute name="DerivativeH" value="0.000000" />
  <attribute name="Target GC Util Change" value ="0.000000" />
  <attribute name="Current GC Util Change" value="0.000000"/>
  <attribute name="Current Error" value="0.000000" />
  <attribute name="Loop Time for DT" value="0.000000" />
  <attribute name="Output H" value="0"/>
  <attribute name="Output I" value="0"/>
  <attribute name="Output T" value="0"/>
  <attribute name="GC Util currently" value="0" />
  <attribute name="CPU Util currently" value="0" />
  <attribute name="maxHeapSize" value="0x7cb00000" />
  <attribute name="initialHeapSize" value="0x800000" />
  <attribute name="compressedRefs" value="true" />
  <attribute name="compressedRefsDisplacement" value="0x0" />
  <attribute name="compressedRefsShift" value="0x0" />
  <attribute name="pageSize" value="0x1000" />
  <attribute name="pageType" value="not used" />
  <attribute name="requestedPageSize" value="0x1000" />
  <attribute name="requestedPageType" value="not used" />
  <attribute name="gcthreads" value="4" />
  <attribute name="packetListSplit" value="4" />
  <attribute name="cacheListSplit" value="4" />
  <attribute name="splitFreeListSplitAmount" value="1" />
  <attribute name="numaNodes" value="0" />
  <region>
    <attribute name="regionSize" value="1048576" />
    <attribute name="regionCount" value="1995" />
    <attribute name="arrayletLeafSize" value="1048576" />
  </region>
  <system>
    <attribute name="physicalMemory" value="8370958336" />
    <attribute name="numCPUs" value="4" />
    <attribute name="architecture" value="amd64" />
    <attribute name="os" value="Linux" />
    <attribute name="osVersion" value="4.4.0-150-generic" />
  </system>
  <vmargs>
    <vmarg name="-Xoptionsfile=/vagrant/jdk/lib/options.default" />
    <vmarg name="-Xlockword:mode=default,noLockword=java/lang/String,noLockword=java/util/MapEntry,noLockword=java/util/HashMap$Entry,noLockword..." />
    <vmarg name="-Xjcl:jclse29" />
    <vmarg name="-Dcom.ibm.oti.vm.bootstrap.library.path=/vagrant/jdk/lib/compressedrefs:/vagrant/jdk/lib" />
    <vmarg name="-Dsun.boot.library.path=/vagrant/jdk/lib/compressedrefs:/vagrant/jdk/lib" />
    <vmarg name="-Djava.library.path=/vagrant/jdk/lib/compressedrefs:/vagrant/jdk/lib:/usr/lib64:/usr/lib" />
    <vmarg name="-Djava.home=/vagrant/jdk" />
    <vmarg name="-Duser.dir=/vagrant" />
    <vmarg name="-Xgcpolicy:balanced" />
    <vmarg name="-Xgcelastic" />
    <vmarg name="-Xcheck:gc:::elasticGC" />
    <vmarg name="-verbose:gc" />
    <vmarg name="-Xloggc:jdk1.5-1-1-default-BAL-4CORE-elasticverbose4sunflow.txt" />
    <vmarg name="-Djava.class.path=dacapo-9.12-MR1-bach.jar" />
    <vmarg name="-Dsun.java.command=dacapo-9.12-MR1-bach.jar sunflow --size=default" />
    <vmarg name="-Dsun.java.launcher=SUN_STANDARD" />
    <vmarg name="-Dsun.java.launcher.pid=21208" />
  </vmargs>
</initialized>

<exclusive-start id="2" timestamp="2019-06-16T01:53:28.839" intervalms="737.197">
  <response-info timems="0.034" idlems="0.034" threads="0" lastid="000000000243C700" lastname="main" />
</exclusive-start>
<sys-start reason="explicit" id="3" timestamp="2019-06-16T01:53:28.839" intervalms="737.684" />
<cycle-start id="4" type="global garbage collect" contextid="0" timestamp="2019-06-16T01:53:28.840" intervalms="738.268" />
<gc-start id="5" type="global garbage collect" contextid="4" timestamp="2019-06-16T01:53:28.840">
  <mem-info id="6" free="2228216" total="8388608" percent="26">
    <mem type="eden" free="131144" total="6291456" percent="2" />
    <remembered-set count="0" freebytes="334848" totalbytes="334848" percent="100" regionsoverflowed="0" regionsstable="0" regionsrebuilding="0"/>
  </mem-info>
</gc-start>
<allocation-stats totalBytes="6155456" >
  <allocated-bytes non-tlh="1222832" tlh="4932624" arrayletleaf="0"/>
  <largest-consumer threadName="main" threadId="000000000243C700" bytes="6081800" />
</allocation-stats>
<gc-op id="7" type="global mark" timems="4.223" contextid="4" timestamp="2019-06-16T01:53:28.845">
  <trace-info objectcount="30298" scancount="23630" scanbytes="765124" />
  <finalization candidates="125" enqueued="1" />
  <ownableSynchronizers candidates="3" cleared="0" />
  <references type="soft" candidates="131" cleared="0" enqueued="0" dynamicThreshold="32" maxThreshold="32" />
  <references type="weak" candidates="1322" cleared="569" enqueued="479" />
  <references type="phantom" candidates="106" cleared="42" enqueued="42" />
  <stringconstants candidates="3958" cleared="0"  />
</gc-op>
<gc-op id="8" type="classunload" timems="0.104" contextid="4" timestamp="2019-06-16T01:53:28.845">
  <classunload-info classloadercandidates="7" classloadersunloaded="0" classesunloaded="0" anonymousclassesunloaded="0" quiescems="0.000" setupms="0.103" scanms="0.000" postms="0.000" />
</gc-op>
<gc-op id="9" type="sweep" timems="0.789" contextid="4" timestamp="2019-06-16T01:53:28.847" />
<gc-op id="10" type="compact" timems="6.578" contextid="4" timestamp="2019-06-16T01:53:28.854">
  <compact-info movecount="30298" movebytes="1861680" />
  <remembered-set-cleared processed="3477" cleared="3477" durationms="0.133" />
</gc-op>
<gc-end id="11" type="global garbage collect" contextid="4" durationms="14.168" usertimems="12.000" systemtimems="4.000" timestamp="2019-06-16T01:53:28.854" activeThreads="4">
  <mem-info id="12" free="6291456" total="8388608" percent="75">
    <pending-finalizers system="1" default="0" reference="521" classloader="0" />
    <remembered-set count="1536" freebytes="328704" totalbytes="334848" percent="98" regionsoverflowed="0" regionsstable="0" regionsrebuilding="0"/>
  </mem-info>
</gc-end>
<cycle-end id="13" type="global garbage collect" contextid="4" timestamp="2019-06-16T01:53:28.855" />
  <attribute name="elasticGC enabled" value="1" />
  <attribute name= "numThreadsSpecified" value="4" />
  <attribute name="heapSize specified" value="0" />
  <attribute name="Current GC Util" value="26" />
  <attribute name= "Current Time Running" value="631" />
  <attribute name ="GC Interval" value="0" />
  <attribute name="ProportionalT" value="9.000000" />
  <attribute name="ProportionalI" value="9.000000" />
  <attribute name="ProportionalH" value="9.000000" />
  <attribute name="Current Error" value="6.000000" />
  <attribute name="IntegralT" value="-12204.000000" />
  <attribute name="IntegralI" value="-12204.000000" />
  <attribute name="IntegralH" value="-12204.000000" />
  <attribute name="DerivativeT" value="-52.000000" />
  <attribute name="DerivativeI" value="-52.000000" />
  <attribute name="DerivativeH" value="-52.000000" />
  <attribute name="Loop Time for DT" value="1.000000" />
  <attribute name="Output H" value="2091843584"/>
  <attribute name="Output I" value="200"/>
  <attribute name="Output T" value="4"/>
  <attribute name="Target GC Util Change" value ="20.000000" />
  <attribute name="Current GC Util Change" value="26.000000"/>
  <attribute name="GC Util currently" value="26" />
  <attribute name="CPU Util currently" value="4018037107790" />
<sys-end id="14" timestamp="2019-06-16T01:53:28.855" />
<exclusive-end id="15" timestamp="2019-06-16T01:53:28.855" durationms="16.083" />

<exclusive-start id="16" timestamp="2019-06-16T01:53:29.089" intervalms="250.197">
  <response-info timems="0.075" idlems="0.075" threads="0" lastid="0000000002795500" lastname="Thread-5" />
</exclusive-start>
<allocation-taxation id="17" taxation-threshold="6291456" timestamp="2019-06-16T01:53:29.089" intervalms="987.724" />
<cycle-start id="18" type="partial gc" contextid="0" timestamp="2019-06-16T01:53:29.090" intervalms="988.042" />
<gc-start id="19" type="partial gc" contextid="18" timestamp="2019-06-16T01:53:29.090">
  <mem-info id="20" free="0" total="8388608" percent="0">
    <mem type="eden" free="0" total="6291456" percent="0" />
    <remembered-set count="1088" freebytes="330496" totalbytes="334848" percent="98" regionsoverflowed="0" regionsstable="0" regionsrebuilding="0"/>
  </mem-info>
</gc-start>
<allocation-stats totalBytes="6216096" >
  <allocated-bytes non-tlh="1259320" tlh="4956776" arrayletleaf="0"/>
  <largest-consumer threadName="main" threadId="000000000243C700" bytes="2982240" />
</allocation-stats>
<gc-op id="21" type="mark" timems="2.272" contextid="18" timestamp="2019-06-16T01:53:29.093">
  <trace-info objectcount="14751" scancount="11870" scanbytes="447664" />
  <cardclean-info objects="1444" bytes="51264" />
  <remembered-set-cleared processed="602" cleared="44" durationms="0.066" />
  <references type="soft" candidates="17" cleared="0" enqueued="0" dynamicThreshold="24" maxThreshold="32" />
  <references type="weak" candidates="45" cleared="29" enqueued="28" />
  <references type="phantom" candidates="2" cleared="0" enqueued="0" />
  <stringconstants candidates="4534" cleared="1"  />
  <warning details="Mark invoked due to insufficient free space for Copy-Forward" />
</gc-op>
<gc-op id="22" type="classunload" timems="0.003" contextid="18" timestamp="2019-06-16T01:53:29.093">
  <classunload-info classloadercandidates="8" classloadersunloaded="0" classesunloaded="0" anonymousclassesunloaded="0" quiescems="0.000" setupms="0.002" scanms="0.000" postms="0.000" />
</gc-op>
<gc-op id="23" type="sweep" timems="0.410" contextid="18" timestamp="2019-06-16T01:53:29.093" />
<gc-op id="24" type="compact" timems="2.414" contextid="18" timestamp="2019-06-16T01:53:29.096">
  <compact-info movecount="14751" movebytes="1470864" />
  <remembered-set-cleared processed="2585" cleared="1457" durationms="0.066" />
</gc-op>
<heap-resize id="25" type="expand" space="default" amount="1048576" count="1" timems="0.064" reason="insufficient free space following gc" timestamp="2019-06-16T01:53:29.097" />
<gc-end id="26" type="partial gc" contextid="18" durationms="6.882" usertimems="4.000" systemtimems="4.000" timestamp="2019-06-16T01:53:29.097" activeThreads="1">
  <mem-info id="27" free="5242880" total="9437184" percent="55">
    <mem type="eden" free="599168" total="2097152" percent="28" />
    <pending-finalizers system="0" default="0" reference="28" classloader="0" />
    <remembered-set count="2080" freebytes="368384" totalbytes="376704" percent="97" regionsoverflowed="0" regionsstable="0" regionsrebuilding="0"/>
  </mem-info>
</gc-end>
<cycle-end id="28" type="partial gc" contextid="18" timestamp="2019-06-16T01:53:29.097" />
  <attribute name="elasticGC enabled" value="1" />
  <attribute name= "numThreadsSpecified" value="1" />
  <attribute name="heapSize specified" value="0" />
  <attribute name="Current GC Util" value="22" />
  <attribute name= "Current Time Running" value="877" />
  <attribute name ="GC Interval" value="0" />
  <attribute name="ProportionalT" value="3.000000" />
  <attribute name="ProportionalI" value="3.000000" />
  <attribute name="ProportionalH" value="3.000000" />
  <attribute name="Current Error" value="2.000000" />
  <attribute name="IntegralT" value="0.000000" />
  <attribute name="IntegralI" value="0.000000" />
  <attribute name="IntegralH" value="0.000000" />
  <attribute name="DerivativeT" value="inf" />
  <attribute name="DerivativeI" value="inf" />
  <attribute name="DerivativeH" value="inf" />
  <attribute name="Loop Time for DT" value="0.000000" />
  <attribute name="Output H" value="8388608"/>
  <attribute name="Output I" value="200"/>
  <attribute name="Output T" value="1"/>
  <attribute name="Target GC Util Change" value ="20.000000" />
  <attribute name="Current GC Util Change" value="22.000000"/>
  <attribute name="GC Util currently" value="22" />
  <attribute name="CPU Util currently" value="6803693037195" />
<exclusive-end id="29" timestamp="2019-06-16T01:53:29.097" durationms="8.016" />

<exclusive-start id="30" timestamp="2019-06-16T01:53:29.132" intervalms="43.157">
  <response-info timems="0.079" idlems="0.079" threads="0" lastid="0000000002795500" lastname="Thread-5" />
</exclusive-start>
<allocation-taxation id="31" taxation-threshold="2097152" timestamp="2019-06-16T01:53:29.132" intervalms="42.994" />
<cycle-start id="32" type="global mark phase" contextid="0" timestamp="2019-06-16T01:53:29.133" intervalms="1030.917" />
<gc-start id="33" type="global mark phase" contextid="32" timestamp="2019-06-16T01:53:29.133">
  <mem-info id="34" free="3145728" total="9437184" percent="33">
    <remembered-set count="1728" freebytes="369792" totalbytes="376704" percent="98" regionsoverflowed="0" regionsstable="0" regionsrebuilding="0"/>
  </mem-info>
</gc-start>
<gc-op id="35" type="mark increment" timems="0.907" contextid="32" timestamp="2019-06-16T01:53:29.134">
  <trace-info objectcount="170" scancount="0" scanbytes="0" />
</gc-op>
<gc-end id="36" type="global mark phase" contextid="32" durationms="1.107" usertimems="0.000" systemtimems="0.000" timestamp="2019-06-16T01:53:29.134" activeThreads="1">
  <mem-info id="37" free="3145728" total="9437184" percent="33">
    <remembered-set count="1728" freebytes="369792" totalbytes="376704" percent="98" regionsoverflowed="0" regionsstable="0" regionsrebuilding="0"/>
  </mem-info>
</gc-end>
<concurrent-start id="38" type="GMP work packet processing" contextid="32" timestamp="2019-06-16T01:53:29.134">
  <concurrent-mark-start scanTarget="18446744073709551615" />
</concurrent-start>
<exclusive-end id="39" timestamp="2019-06-16T01:53:29.134" durationms="1.815" />

<concurrent-end id="40" type="GMP work packet processing" contextid="32" timestamp="2019-06-16T01:53:29.136">
  <concurrent-mark-end bytesScanned="1187336" reasonForTermination="Completed all work in GC phase" />
</concurrent-end>

<exclusive-start id="41" timestamp="2019-06-16T01:53:29.139" intervalms="6.384">
  <response-info timems="0.023" idlems="0.023" threads="0" lastid="0000000002795500" lastname="Thread-5" />
</exclusive-start>
<allocation-taxation id="42" taxation-threshold="2097152" timestamp="2019-06-16T01:53:29.139" intervalms="6.348" />
<cycle-start id="43" type="partial gc" contextid="0" timestamp="2019-06-16T01:53:29.139" intervalms="49.253" />
<gc-start id="44" type="partial gc" contextid="43" timestamp="2019-06-16T01:53:29.139">
  <mem-info id="45" free="1048576" total="9437184" percent="11">
    <mem type="eden" free="0" total="5242880" percent="0" />
    <remembered-set count="1728" freebytes="369792" totalbytes="376704" percent="98" regionsoverflowed="0" regionsstable="0" regionsrebuilding="0"/>
  </mem-info>
</gc-start>
<allocation-stats totalBytes="4165200" >
  <allocated-bytes non-tlh="53872" tlh="4111328" arrayletleaf="0"/>
  <largest-consumer threadName="Thread-5" threadId="0000000002795500" bytes="2091440" />
</allocation-stats>
<gc-op id="46" type="copy forward" timems="4.018" contextid="43" timestamp="2019-06-16T01:53:29.144">
  <memory-copied type="eden" objects="18" bytes="127224" bytesdiscarded="0" />
  <memory-copied type="other" objects="14636" bytes="1221360" bytesdiscarded="161784" />
  <memory-cardclean objects="116" bytes="9128" />
  <regions eden="4" other="2" />
  <remembered-set-cleared processed="1171" cleared="599" durationms="0.249" />
  <references type="soft" candidates="17" cleared="0" enqueued="0" dynamicThreshold="10" maxThreshold="32" />
  <references type="weak" candidates="16" cleared="0" enqueued="0" />
  <references type="phantom" candidates="2" cleared="0" enqueued="0" />
  <stringconstants candidates="4533" cleared="0"  />
  <heap-resize type="expand" space="default" amount="2097152" count="2" timems="0.428" reason="continue current collection" />
</gc-op>
<gc-op id="47" type="classunload" timems="0.003" contextid="43" timestamp="2019-06-16T01:53:29.144">
  <classunload-info classloadercandidates="8" classloadersunloaded="0" classesunloaded="0" anonymousclassesunloaded="0" quiescems="0.000" setupms="0.002" scanms="0.000" postms="0.000" />
</gc-op>
<gc-op id="48" type="compact" timems="0.835" contextid="43" timestamp="2019-06-16T01:53:29.145">
  <compact-info movecount="0" movebytes="0" />
  <remembered-set-cleared processed="2230" cleared="599" durationms="0.249" />
</gc-op>
<gc-end id="49" type="partial gc" contextid="43" durationms="6.394" usertimems="0.000" systemtimems="8.000" timestamp="2019-06-16T01:53:29.146" activeThreads="4">
  <mem-info id="50" free="6291456" total="11534336" percent="54">
    <mem type="eden" free="921352" total="1048576" percent="87" />
    <remembered-set count="1792" freebytes="453248" totalbytes="460416" percent="98" regionsoverflowed="0" regionsstable="0" regionsrebuilding="0"/>
  </mem-info>
</gc-end>
<cycle-end id="51" type="partial gc" contextid="43" timestamp="2019-06-16T01:53:29.146" />
  <attribute name="elasticGC enabled" value="1" />
  <attribute name= "numThreadsSpecified" value="4" />
  <attribute name="heapSize specified" value="0" />
  <attribute name="Current GC Util" value="124" />
  <attribute name= "Current Time Running" value="928" />
  <attribute name ="GC Interval" value="0" />
  <attribute name="ProportionalT" value="156.000000" />
  <attribute name="ProportionalI" value="156.000000" />
  <attribute name="ProportionalH" value="156.000000" />
  <attribute name="Current Error" value="104.000000" />
  <attribute name="IntegralT" value="416.000000" />
  <attribute name="IntegralI" value="416.000000" />
  <attribute name="IntegralH" value="416.000000" />
  <attribute name="DerivativeT" value="13.750000" />
  <attribute name="DerivativeI" value="13.750000" />
  <attribute name="DerivativeH" value="13.750000" />
  <attribute name="Loop Time for DT" value="4.000000" />
  <attribute name="Output H" value="8388608"/>
  <attribute name="Output I" value="592"/>
  <attribute name="Output T" value="4"/>
  <attribute name="Target GC Util Change" value ="20.000000" />
  <attribute name="Current GC Util Change" value="124.000000"/>
  <attribute name="GC Util currently" value="124" />
  <attribute name="CPU Util currently" value="1091248245829" />
<exclusive-end id="52" timestamp="2019-06-16T01:53:29.146" durationms="7.268" />

<exclusive-start id="53" timestamp="2019-06-16T01:53:29.175" intervalms="36.164">
  <response-info timems="0.066" idlems="0.066" threads="0" lastid="000000000278DD00" lastname="Thread-8" />
</exclusive-start>
<allocation-taxation id="54" taxation-threshold="3145728" timestamp="2019-06-16T01:53:29.175" intervalms="36.140" />
<gc-start id="55" type="global mark phase" contextid="32" timestamp="2019-06-16T01:53:29.175">
  <mem-info id="56" free="3145728" total="11534336" percent="27">
    <remembered-set count="1056" freebytes="456192" totalbytes="460416" percent="99" regionsoverflowed="0" regionsstable="1" regionsrebuilding="0"/>
  </mem-info>
</gc-start>
<gc-op id="57" type="mark increment" timems="1.856" contextid="32" timestamp="2019-06-16T01:53:29.177">
  <trace-info objectcount="20542" scancount="20457" scanbytes="1046332" />
  <cardclean-info objects="748" bytes="30368" />
  <finalization candidates="124" enqueued="0" />
  <ownableSynchronizers candidates="3" cleared="0" />
  <references type="soft" candidates="148" cleared="0" enqueued="0" dynamicThreshold="17" maxThreshold="32" />
  <references type="weak" candidates="769" cleared="0" enqueued="0" />
  <references type="phantom" candidates="65" cleared="2" enqueued="2" />
  <stringconstants candidates="4596" cleared="0"  />
</gc-op>
<gc-op id="58" type="classunload" timems="0.004" contextid="32" timestamp="2019-06-16T01:53:29.177">
  <classunload-info classloadercandidates="8" classloadersunloaded="0" classesunloaded="0" anonymousclassesunloaded="0" quiescems="0.000" setupms="0.004" scanms="0.000" postms="0.000" />
</gc-op>
<gc-end id="59" type="global mark phase" contextid="32" durationms="2.180" usertimems="0.000" systemtimems="0.000" timestamp="2019-06-16T01:53:29.177" activeThreads="4">
  <mem-info id="60" free="3145728" total="11534336" percent="27">
    <pending-finalizers system="0" default="0" reference="2" classloader="0" />
    <remembered-set count="1056" freebytes="456192" totalbytes="460416" percent="99" regionsoverflowed="0" regionsstable="1" regionsrebuilding="0"/>
  </mem-info>
</gc-end>
<cycle-end id="61" type="global mark phase" contextid="32" timestamp="2019-06-16T01:53:29.177" />
  <attribute name="elasticGC enabled" value="1" />
  <attribute name= "numThreadsSpecified" value="4" />
  <attribute name="heapSize specified" value="0" />
  <attribute name="Current GC Util" value="0" />
  <attribute name= "Current Time Running" value="960" />
  <attribute name ="GC Interval" value="0" />
  <attribute name="ProportionalT" value="-30.000000" />
  <attribute name="ProportionalI" value="-30.000000" />
  <attribute name="ProportionalH" value="-30.000000" />
  <attribute name="Current Error" value="-20.000000" />
  <attribute name="IntegralT" value="-20.000000" />
  <attribute name="IntegralI" value="-20.000000" />
  <attribute name="IntegralH" value="-20.000000" />
  <attribute name="DerivativeT" value="-79.000000" />
  <attribute name="DerivativeI" value="-79.000000" />
  <attribute name="DerivativeH" value="-79.000000" />
  <attribute name="Loop Time for DT" value="1.000000" />
  <attribute name="Output H" value="2091843584"/>
  <attribute name="Output I" value="200"/>
  <attribute name="Output T" value="4"/>
  <attribute name="Target GC Util Change" value ="20.000000" />
  <attribute name="Current GC Util Change" value="0.000000"/>
  <attribute name="GC Util currently" value="0" />
  <attribute name="CPU Util currently" value="5827206285615" />
<exclusive-end id="62" timestamp="2019-06-16T01:53:29.177" durationms="2.778" />

<exclusive-start id="63" timestamp="2019-06-16T01:53:29.204" intervalms="28.913">
  <response-info timems="0.039" idlems="0.022" threads="1" lastid="000000000278DD00" lastname="Thread-8" />
</exclusive-start>
<allocation-taxation id="64" taxation-threshold="3145728" timestamp="2019-06-16T01:53:29.204" intervalms="28.921" />
<cycle-start id="65" type="partial gc" contextid="0" timestamp="2019-06-16T01:53:29.204" intervalms="64.935" />
<gc-start id="66" type="partial gc" contextid="65" timestamp="2019-06-16T01:53:29.204">
  <mem-info id="67" free="0" total="11534336" percent="0">
    <mem type="eden" free="0" total="6291456" percent="0" />
    <remembered-set count="1056" freebytes="456192" totalbytes="460416" percent="99" regionsoverflowed="0" regionsstable="1" regionsrebuilding="0"/>
  </mem-info>
</gc-start>
<allocation-stats totalBytes="6284984" >
  <allocated-bytes non-tlh="536032" tlh="5748952" arrayletleaf="0"/>
  <largest-consumer threadName="Thread-9" threadId="0000000002799100" bytes="1122040" />
</allocation-stats>
<gc-op id="68" type="sweep" timems="0.454" contextid="65" timestamp="2019-06-16T01:53:29.205" />
<gc-op id="69" type="copy forward" timems="2.733" contextid="65" timestamp="2019-06-16T01:53:29.208">
  <memory-copied type="eden" objects="515" bytes="12360" bytesdiscarded="0" />
  <memory-copied type="other" objects="20300" bytes="1362672" bytesdiscarded="0" />
  <memory-cardclean objects="295" bytes="12384" />
  <memory-traced type="eden" objects="323" bytes="8832" />
  <memory-traced type="other" objects="0" bytes="0" />
  <regions eden="3" other="3" evacuated="5" marked="1" />
  <remembered-set-cleared processed="385" cleared="20" durationms="0.051" />
  <stringconstants candidates="4596" cleared="0"  />
  <heap-resize type="expand" space="default" amount="1048576" count="1" timems="0.055" reason="continue current collection" />
</gc-op>
<gc-op id="70" type="classunload" timems="0.003" contextid="65" timestamp="2019-06-16T01:53:29.208">
  <classunload-info classloadercandidates="8" classloadersunloaded="0" classesunloaded="0" anonymousclassesunloaded="0" quiescems="0.000" setupms="0.003" scanms="0.000" postms="0.000" />
</gc-op>
<gc-op id="71" type="compact" timems="1.604" contextid="65" timestamp="2019-06-16T01:53:29.210">
  <compact-info movecount="323" movebytes="8832" />
  <remembered-set-cleared processed="1023" cleared="52" durationms="0.055" />
</gc-op>
<heap-resize id="72" type="expand" space="default" amount="3145728" count="1" timems="0.062" reason="excessive time being spent in gc" timestamp="2019-06-16T01:53:29.210" />
<gc-end id="73" type="partial gc" contextid="65" durationms="6.252" usertimems="4.000" systemtimems="0.000" timestamp="2019-06-16T01:53:29.210" activeThreads="4">
  <mem-info id="74" free="8388608" total="15728640" percent="53">
    <mem type="eden" free="1761824" total="3145728" percent="56" />
    <remembered-set count="2336" freebytes="618496" totalbytes="627840" percent="98" regionsoverflowed="0" regionsstable="1" regionsrebuilding="0"/>
  </mem-info>
</gc-end>
<cycle-end id="75" type="partial gc" contextid="65" timestamp="2019-06-16T01:53:29.210" />
  <attribute name="elasticGC enabled" value="1" />
  <attribute name= "numThreadsSpecified" value="4" />
  <attribute name="heapSize specified" value="0" />
  <attribute name="Current GC Util" value="0" />
  <attribute name= "Current Time Running" value="992" />
  <attribute name ="GC Interval" value="0" />
  <attribute name="ProportionalT" value="-30.000000" />
  <attribute name="ProportionalI" value="-30.000000" />
  <attribute name="ProportionalH" value="-30.000000" />
  <attribute name="Current Error" value="-20.000000" />
  <attribute name="IntegralT" value="-60.000000" />
  <attribute name="IntegralI" value="-60.000000" />
  <attribute name="IntegralH" value="-60.000000" />
  <attribute name="DerivativeT" value="-15.333333" />
  <attribute name="DerivativeI" value="-15.333333" />
  <attribute name="DerivativeH" value="-15.333333" />
  <attribute name="Loop Time for DT" value="3.000000" />
  <attribute name="Output H" value="2091843584"/>
  <attribute name="Output I" value="200"/>
  <attribute name="Output T" value="4"/>
  <attribute name="Target GC Util Change" value ="20.000000" />
  <attribute name="Current GC Util Change" value="0.000000"/>
  <attribute name="GC Util currently" value="0" />
  <attribute name="CPU Util currently" value="1510974978624" />
<exclusive-end id="76" timestamp="2019-06-16T01:53:29.211" durationms="6.903" />

<exclusive-start id="77" timestamp="2019-06-16T01:53:29.228" intervalms="24.184">
  <response-info timems="0.080" idlems="0.077" threads="1" lastid="0000000002795500" lastname="Thread-10" />
</exclusive-start>
<allocation-taxation id="78" taxation-threshold="8388608" timestamp="2019-06-16T01:53:29.228" intervalms="24.233" />
<cycle-start id="79" type="partial gc" contextid="0" timestamp="2019-06-16T01:53:29.228" intervalms="24.287" />
<gc-start id="80" type="partial gc" contextid="79" timestamp="2019-06-16T01:53:29.228">
  <mem-info id="81" free="0" total="15728640" percent="0">
    <mem type="eden" free="1039744" total="9437184" percent="11" />
    <remembered-set count="2336" freebytes="618496" totalbytes="627840" percent="98" regionsoverflowed="0" regionsstable="1" regionsrebuilding="0"/>
  </mem-info>
</gc-start>
<allocation-stats totalBytes="8386744" >
  <allocated-bytes non-tlh="0" tlh="8386744" arrayletleaf="0"/>
  <largest-consumer threadName="Thread-9" threadId="0000000002799100" bytes="3124608" />
</allocation-stats>
<gc-op id="82" type="mark" timems="1.534" contextid="79" timestamp="2019-06-16T01:53:29.230">
  <trace-info objectcount="23496" scancount="23411" scanbytes="1117356" />
  <cardclean-info objects="33" bytes="2380" />
  <remembered-set-cleared processed="472" cleared="98" durationms="0.052" />
  <stringconstants candidates="4596" cleared="0"  />
  <warning details="Mark invoked due to insufficient free space for Copy-Forward" />
</gc-op>
<gc-op id="83" type="classunload" timems="0.003" contextid="79" timestamp="2019-06-16T01:53:29.230">
  <classunload-info classloadercandidates="8" classloadersunloaded="0" classesunloaded="0" anonymousclassesunloaded="0" quiescems="0.000" setupms="0.002" scanms="0.000" postms="0.000" />
</gc-op>
<gc-op id="84" type="sweep" timems="0.393" contextid="79" timestamp="2019-06-16T01:53:29.231" />
<gc-op id="85" type="compact" timems="2.020" contextid="79" timestamp="2019-06-16T01:53:29.233">
  <compact-info movecount="6796" movebytes="391880" />
  <remembered-set-cleared processed="1076" cleared="328" durationms="0.052" />
</gc-op>
<heap-resize id="86" type="expand" space="default" amount="3145728" count="1" timems="0.063" reason="excessive time being spent in gc" timestamp="2019-06-16T01:53:29.233" />
<gc-end id="87" type="partial gc" contextid="79" durationms="5.241" usertimems="4.000" systemtimems="0.000" timestamp="2019-06-16T01:53:29.234" activeThreads="4">
  <mem-info id="88" free="11534336" total="18874368" percent="61">
    <mem type="eden" free="1704840" total="2097152" percent="81" />
    <remembered-set count="3104" freebytes="740992" totalbytes="753408" percent="98" regionsoverflowed="0" regionsstable="1" regionsrebuilding="0"/>
  </mem-info>
</gc-end>
<cycle-end id="89" type="partial gc" contextid="79" timestamp="2019-06-16T01:53:29.234" />
  <attribute name="elasticGC enabled" value="1" />
  <attribute name= "numThreadsSpecified" value="4" />
  <attribute name="heapSize specified" value="0" />
  <attribute name="Current GC Util" value="31" />
  <attribute name= "Current Time Running" value="1015" />
  <attribute name ="GC Interval" value="0" />
  <attribute name="ProportionalT" value="16.500000" />
  <attribute name="ProportionalI" value="16.500000" />
  <attribute name="ProportionalH" value="16.500000" />
  <attribute name="Current Error" value="11.000000" />
  <attribute name="IntegralT" value="11.000000" />
  <attribute name="IntegralI" value="11.000000" />
  <attribute name="IntegralH" value="11.000000" />
  <attribute name="DerivativeT" value="11.000000" />
  <attribute name="DerivativeI" value="11.000000" />
  <attribute name="DerivativeH" value="11.000000" />
  <attribute name="Loop Time for DT" value="1.000000" />
  <attribute name="Output H" value="8388608"/>
  <attribute name="Output I" value="200"/>
  <attribute name="Output T" value="4"/>
  <attribute name="Target GC Util Change" value ="20.000000" />
  <attribute name="Current GC Util Change" value="31.000000"/>
  <attribute name="GC Util currently" value="31" />
  <attribute name="CPU Util currently" value="7627942163688" />
<exclusive-end id="90" timestamp="2019-06-16T01:53:29.234" durationms="6.117" />

<exclusive-start id="91" timestamp="2019-06-16T01:53:29.248" intervalms="20.509">
  <response-info timems="0.024" idlems="0.024" threads="0" lastid="0000000002799100" lastname="Thread-9" />
</exclusive-start>
<allocation-taxation id="92" taxation-threshold="11534336" timestamp="2019-06-16T01:53:29.248" intervalms="20.519" />
<cycle-start id="93" type="partial gc" contextid="0" timestamp="2019-06-16T01:53:29.249" intervalms="20.514" />
<gc-start id="94" type="partial gc" contextid="93" timestamp="2019-06-16T01:53:29.249">
  <mem-info id="95" free="0" total="18874368" percent="0">
    <mem type="eden" free="0" total="11534336" percent="0" />
    <remembered-set count="2752" freebytes="742400" totalbytes="753408" percent="98" regionsoverflowed="0" regionsstable="1" regionsrebuilding="0"/>
  </mem-info>
</gc-start>
<allocation-stats totalBytes="11532728" >
  <allocated-bytes non-tlh="0" tlh="11532728" arrayletleaf="0"/>
  <largest-consumer threadName="Thread-9" threadId="0000000002799100" bytes="3751360" />
</allocation-stats>
<gc-op id="96" type="mark" timems="0.982" contextid="93" timestamp="2019-06-16T01:53:29.250">
  <trace-info objectcount="4811" scancount="4811" scanbytes="119388" />
  <cardclean-info objects="6726" bytes="340464" />
  <remembered-set-cleared processed="814" cleared="306" durationms="0.066" />
  <stringconstants candidates="4596" cleared="0"  />
  <warning details="Mark invoked due to insufficient free space for Copy-Forward" />
</gc-op>
<gc-op id="97" type="classunload" timems="0.002" contextid="93" timestamp="2019-06-16T01:53:29.250">
  <classunload-info classloadercandidates="8" classloadersunloaded="0" classesunloaded="0" anonymousclassesunloaded="0" quiescems="0.000" setupms="0.002" scanms="0.000" postms="0.000" />
</gc-op>
<gc-op id="98" type="sweep" timems="0.476" contextid="93" timestamp="2019-06-16T01:53:29.251" />
<gc-op id="99" type="compact" timems="1.397" contextid="93" timestamp="2019-06-16T01:53:29.253">
  <compact-info movecount="4628" movebytes="112336" />
  <remembered-set-cleared processed="1725" cleared="703" durationms="0.066" />
</gc-op>
<heap-resize id="100" type="expand" space="default" amount="2097152" count="1" timems="0.057" reason="excessive time being spent in gc" timestamp="2019-06-16T01:53:29.253" />
<gc-end id="101" type="partial gc" contextid="93" durationms="4.091" usertimems="4.000" systemtimems="4.000" timestamp="2019-06-16T01:53:29.253" activeThreads="4">
  <mem-info id="102" free="12582912" total="20971520" percent="60">
    <mem type="eden" free="985392" total="1048576" percent="93" />
    <remembered-set count="2880" freebytes="825600" totalbytes="837120" percent="98" regionsoverflowed="0" regionsstable="1" regionsrebuilding="0"/>
  </mem-info>
</gc-end>
<cycle-end id="103" type="partial gc" contextid="93" timestamp="2019-06-16T01:53:29.253" />
  <attribute name="elasticGC enabled" value="1" />
  <attribute name= "numThreadsSpecified" value="4" />
  <attribute name="heapSize specified" value="0" />
  <attribute name="Current GC Util" value="28" />
  <attribute name= "Current Time Running" value="1035" />
  <attribute name ="GC Interval" value="0" />
  <attribute name="ProportionalT" value="12.000000" />
  <attribute name="ProportionalI" value="12.000000" />
  <attribute name="ProportionalH" value="12.000000" />
  <attribute name="Current Error" value="8.000000" />
  <attribute name="IntegralT" value="8.000000" />
  <attribute name="IntegralI" value="8.000000" />
  <attribute name="IntegralH" value="8.000000" />
  <attribute name="DerivativeT" value="8.000000" />
  <attribute name="DerivativeI" value="8.000000" />
  <attribute name="DerivativeH" value="8.000000" />
  <attribute name="Loop Time for DT" value="1.000000" />
  <attribute name="Output H" value="8388608"/>
  <attribute name="Output I" value="200"/>
  <attribute name="Output T" value="4"/>
  <attribute name="Target GC Util Change" value ="20.000000" />
  <attribute name="Current GC Util Change" value="28.000000"/>
  <attribute name="GC Util currently" value="28" />
  <attribute name="CPU Util currently" value="6827424096414" />
<exclusive-end id="104" timestamp="2019-06-16T01:53:29.253" durationms="4.928" />

<exclusive-start id="105" timestamp="2019-06-16T01:53:29.266" intervalms="17.350">
  <response-info timems="0.024" idlems="0.024" threads="0" lastid="0000000002791900" lastname="Thread-7" />
</exclusive-start>
<allocation-taxation id="106" taxation-threshold="11534336" timestamp="2019-06-16T01:53:29.266" intervalms="17.340" />
<cycle-start id="107" type="partial gc" contextid="0" timestamp="2019-06-16T01:53:29.266" intervalms="17.350" />
<gc-start id="108" type="partial gc" contextid="107" timestamp="2019-06-16T01:53:29.266">
  <mem-info id="109" free="1048576" total="20971520" percent="5">
    <mem type="eden" free="0" total="11534336" percent="0" />
    <remembered-set count="2880" freebytes="825600" totalbytes="837120" percent="98" regionsoverflowed="0" regionsstable="1" regionsrebuilding="0"/>
  </mem-info>
</gc-start>
<allocation-stats totalBytes="11532664" >
  <allocated-bytes non-tlh="0" tlh="11532664" arrayletleaf="0"/>
  <largest-consumer threadName="Thread-10" threadId="0000000002795500" bytes="3608064" />
</allocation-stats>
<gc-op id="110" type="copy forward" timems="1.239" contextid="107" timestamp="2019-06-16T01:53:29.268">
  <memory-copied type="eden" objects="1861" bytes="46248" bytesdiscarded="0" />
  <memory-copied type="other" objects="2319" bytes="55656" bytesdiscarded="0" />
  <memory-cardclean objects="6299" bytes="303056" />
  <regions eden="11" other="1" />
  <remembered-set-cleared processed="1331" cleared="427" durationms="0.067" />
  <stringconstants candidates="4596" cleared="0"  />
  <heap-resize type="expand" space="default" amount="1048576" count="1" timems="0.052" reason="continue current collection" />
</gc-op>
<gc-op id="111" type="classunload" timems="0.002" contextid="107" timestamp="2019-06-16T01:53:29.268">
  <classunload-info classloadercandidates="8" classloadersunloaded="0" classesunloaded="0" anonymousclassesunloaded="0" quiescems="0.000" setupms="0.002" scanms="0.000" postms="0.000" />
</gc-op>
<heap-resize id="112" type="expand" space="default" amount="2097152" count="1" timems="0.054" reason="excessive time being spent in gc" timestamp="2019-06-16T01:53:29.268" />
<gc-end id="113" type="partial gc" contextid="107" durationms="2.162" usertimems="0.000" systemtimems="0.000" timestamp="2019-06-16T01:53:29.268" activeThreads="1">
  <mem-info id="114" free="14680064" total="24117248" percent="60">
    <mem type="eden" free="1002328" total="1048576" percent="95" />
    <remembered-set count="3456" freebytes="948864" totalbytes="962688" percent="98" regionsoverflowed="0" regionsstable="1" regionsrebuilding="0"/>
  </mem-info>
</gc-end>
<cycle-end id="115" type="partial gc" contextid="107" timestamp="2019-06-16T01:53:29.268" />
  <attribute name="elasticGC enabled" value="1" />
  <attribute name= "numThreadsSpecified" value="1" />
  <attribute name="heapSize specified" value="0" />
  <attribute name="Current GC Util" value="42" />
  <attribute name= "Current Time Running" value="1050" />
  <attribute name ="GC Interval" value="0" />
  <attribute name="ProportionalT" value="33.000000" />
  <attribute name="ProportionalI" value="33.000000" />
  <attribute name="ProportionalH" value="33.000000" />
  <attribute name="Current Error" value="22.000000" />
  <attribute name="IntegralT" value="0.000000" />
  <attribute name="IntegralI" value="0.000000" />
  <attribute name="IntegralH" value="0.000000" />
  <attribute name="DerivativeT" value="inf" />
  <attribute name="DerivativeI" value="inf" />
  <attribute name="DerivativeH" value="inf" />
  <attribute name="Loop Time for DT" value="0.000000" />
  <attribute name="Output H" value="8388608"/>
  <attribute name="Output I" value="200"/>
  <attribute name="Output T" value="1"/>
  <attribute name="Target GC Util Change" value ="20.000000" />
  <attribute name="Current GC Util Change" value="42.000000"/>
  <attribute name="GC Util currently" value="42" />
  <attribute name="CPU Util currently" value="18698500681860" />
<exclusive-end id="116" timestamp="2019-06-16T01:53:29.269" durationms="2.939" />

<exclusive-start id="117" timestamp="2019-06-16T01:53:29.279" intervalms="13.487">
  <response-info timems="0.027" idlems="0.027" threads="0" lastid="0000000002799100" lastname="Thread-9" />
</exclusive-start>
<allocation-taxation id="118" taxation-threshold="12582912" timestamp="2019-06-16T01:53:29.279" intervalms="13.447" />
<cycle-start id="119" type="partial gc" contextid="0" timestamp="2019-06-16T01:53:29.279" intervalms="13.400" />
<gc-start id="120" type="partial gc" contextid="119" timestamp="2019-06-16T01:53:29.280">
  <mem-info id="121" free="2097152" total="24117248" percent="8">
    <mem type="eden" free="0" total="12582912" percent="0" />
    <remembered-set count="3392" freebytes="949120" totalbytes="962688" percent="98" regionsoverflowed="0" regionsstable="1" regionsrebuilding="0"/>
  </mem-info>
</gc-start>
<allocation-stats totalBytes="12581312" >
  <allocated-bytes non-tlh="0" tlh="12581312" arrayletleaf="0"/>
  <largest-consumer threadName="Thread-7" threadId="0000000002791900" bytes="3296912" />
</allocation-stats>
<gc-op id="122" type="copy forward" timems="1.753" contextid="119" timestamp="2019-06-16T01:53:29.282">
  <memory-copied type="eden" objects="2821" bytes="69320" bytesdiscarded="656" />
  <memory-copied type="other" objects="1547" bytes="37128" bytesdiscarded="880" />
  <memory-cardclean objects="6722" bytes="323392" />
  <regions eden="12" other="1" />
  <remembered-set-cleared processed="1901" cleared="503" durationms="0.065" />
  <stringconstants candidates="4596" cleared="0"  />
  <heap-resize type="expand" space="default" amount="1048576" count="1" timems="0.134" reason="continue current collection" />
</gc-op>
<gc-op id="123" type="classunload" timems="0.002" contextid="119" timestamp="2019-06-16T01:53:29.282">
  <classunload-info classloadercandidates="8" classloadersunloaded="0" classesunloaded="0" anonymousclassesunloaded="0" quiescems="0.000" setupms="0.002" scanms="0.000" postms="0.000" />
</gc-op>
<heap-resize id="124" type="expand" space="default" amount="4194304" count="1" timems="0.066" reason="excessive time being spent in gc" timestamp="2019-06-16T01:53:29.282" />
<gc-end id="125" type="partial gc" contextid="119" durationms="2.615" usertimems="4.000" systemtimems="0.000" timestamp="2019-06-16T01:53:29.282" activeThreads="4">
  <mem-info id="126" free="17825792" total="29360128" percent="60">
    <mem type="eden" free="2027176" total="2097152" percent="96" />
    <remembered-set count="4864" freebytes="1152512" totalbytes="1171968" percent="98" regionsoverflowed="0" regionsstable="1" regionsrebuilding="0"/>
  </mem-info>
</gc-end>
<cycle-end id="127" type="partial gc" contextid="119" timestamp="2019-06-16T01:53:29.282" />
  <attribute name="elasticGC enabled" value="1" />
  <attribute name= "numThreadsSpecified" value="4" />
  <attribute name="heapSize specified" value="0" />
  <attribute name="Current GC Util" value="51" />
  <attribute name= "Current Time Running" value="1064" />
  <attribute name ="GC Interval" value="0" />
  <attribute name="ProportionalT" value="46.500000" />
  <attribute name="ProportionalI" value="46.500000" />
  <attribute name="ProportionalH" value="46.500000" />
  <attribute name="Current Error" value="31.000000" />
  <attribute name="IntegralT" value="31.000000" />
  <attribute name="IntegralI" value="31.000000" />
  <attribute name="IntegralH" value="31.000000" />
  <attribute name="DerivativeT" value="31.000000" />
  <attribute name="DerivativeI" value="31.000000" />
  <attribute name="DerivativeH" value="31.000000" />
  <attribute name="Loop Time for DT" value="1.000000" />
  <attribute name="Output H" value="8388608"/>
  <attribute name="Output I" value="200"/>
  <attribute name="Output T" value="4"/>
  <attribute name="Target GC Util Change" value ="20.000000" />
  <attribute name="Current GC Util Change" value="51.000000"/>
  <attribute name="GC Util currently" value="51" />
  <attribute name="CPU Util currently" value="25195651198486" />
<exclusive-end id="128" timestamp="2019-06-16T01:53:29.282" durationms="3.272" />

<exclusive-start id="129" timestamp="2019-06-16T01:53:29.295" intervalms="15.954">
  <response-info timems="0.025" idlems="0.025" threads="0" lastid="0000000002791900" lastname="Thread-7" />
</exclusive-start>
<allocation-taxation id="130" taxation-threshold="13631488" timestamp="2019-06-16T01:53:29.295" intervalms="15.990" />
<cycle-start id="131" type="partial gc" contextid="0" timestamp="2019-06-16T01:53:29.295" intervalms="16.037" />
<gc-start id="132" type="partial gc" contextid="131" timestamp="2019-06-16T01:53:29.296">
  <mem-info id="133" free="4194304" total="29360128" percent="14">
    <mem type="eden" free="0" total="13631488" percent="0" />
    <remembered-set count="4608" freebytes="1153536" totalbytes="1171968" percent="98" regionsoverflowed="0" regionsstable="1" regionsrebuilding="0"/>
  </mem-info>
</gc-start>
<allocation-stats totalBytes="13629488" >
  <allocated-bytes non-tlh="0" tlh="13629488" arrayletleaf="0"/>
  <largest-consumer threadName="Thread-7" threadId="0000000002791900" bytes="3759568" />
</allocation-stats>
<gc-op id="134" type="copy forward" timems="1.838" contextid="131" timestamp="2019-06-16T01:53:29.298">
  <memory-copied type="eden" objects="2060" bytes="50912" bytesdiscarded="3224" />
  <memory-copied type="other" objects="8892" bytes="371176" bytesdiscarded="6976" />
  <memory-cardclean objects="7453" bytes="356296" />
  <regions eden="13" other="3" />
  <remembered-set-cleared processed="2361" cleared="748" durationms="0.089" />
  <references type="soft" candidates="9" cleared="0" enqueued="0" dynamicThreshold="19" maxThreshold="32" />
  <references type="weak" candidates="5" cleared="0" enqueued="0" />
  <stringconstants candidates="4596" cleared="0"  />
</gc-op>
<gc-op id="135" type="classunload" timems="0.003" contextid="131" timestamp="2019-06-16T01:53:29.298">
  <classunload-info classloadercandidates="8" classloadersunloaded="0" classesunloaded="0" anonymousclassesunloaded="0" quiescems="0.000" setupms="0.003" scanms="0.000" postms="0.000" />
</gc-op>
<gc-end id="136" type="partial gc" contextid="131" durationms="2.768" usertimems="4.000" systemtimems="0.000" timestamp="2019-06-16T01:53:29.298" activeThreads="4">
  <mem-info id="137" free="17825792" total="29360128" percent="60">
    <mem type="eden" free="994440" total="1048576" percent="94" />
    <remembered-set count="4992" freebytes="1152000" totalbytes="1171968" percent="98" regionsoverflowed="0" regionsstable="1" regionsrebuilding="0"/>
  </mem-info>
</gc-end>
<cycle-end id="138" type="partial gc" contextid="131" timestamp="2019-06-16T01:53:29.299" />
  <attribute name="elasticGC enabled" value="1" />
  <attribute name= "numThreadsSpecified" value="4" />
  <attribute name="heapSize specified" value="0" />
  <attribute name="Current GC Util" value="0" />
  <attribute name= "Current Time Running" value="1080" />
  <attribute name ="GC Interval" value="0" />
  <attribute name="ProportionalT" value="-30.000000" />
  <attribute name="ProportionalI" value="-30.000000" />
  <attribute name="ProportionalH" value="-30.000000" />
  <attribute name="Current Error" value="-20.000000" />
  <attribute name="IntegralT" value="0.000000" />
  <attribute name="IntegralI" value="0.000000" />
  <attribute name="IntegralH" value="0.000000" />
  <attribute name="DerivativeT" value="-inf" />
  <attribute name="DerivativeI" value="-inf" />
  <attribute name="DerivativeH" value="-inf" />
  <attribute name="Loop Time for DT" value="0.000000" />
  <attribute name="Output H" value="2091843584"/>
  <attribute name="Output I" value="200"/>
  <attribute name="Output T" value="4"/>
  <attribute name="Target GC Util Change" value ="20.000000" />
  <attribute name="Current GC Util Change" value="0.000000"/>
  <attribute name="GC Util currently" value="0" />
  <attribute name="CPU Util currently" value="28604570201540" />
<exclusive-end id="139" timestamp="2019-06-16T01:53:29.299" durationms="3.631" />

<exclusive-start id="140" timestamp="2019-06-16T01:53:29.318" intervalms="23.234">
  <response-info timems="0.027" idlems="0.025" threads="1" lastid="0000000002799100" lastname="Thread-9" />
</exclusive-start>
<allocation-taxation id="141" taxation-threshold="13631488" timestamp="2019-06-16T01:53:29.318" intervalms="23.188" />
<cycle-start id="142" type="partial gc" contextid="0" timestamp="2019-06-16T01:53:29.319" intervalms="23.131" />
<gc-start id="143" type="partial gc" contextid="142" timestamp="2019-06-16T01:53:29.319">
  <mem-info id="144" free="4194304" total="29360128" percent="14">
    <mem type="eden" free="0" total="13631488" percent="0" />
    <remembered-set count="4544" freebytes="1153792" totalbytes="1171968" percent="98" regionsoverflowed="0" regionsstable="1" regionsrebuilding="0"/>
  </mem-info>
</gc-start>
<allocation-stats totalBytes="13629664" >
  <allocated-bytes non-tlh="256" tlh="13629408" arrayletleaf="0"/>
  <largest-consumer threadName="Thread-10" threadId="0000000002795500" bytes="4431072" />
</allocation-stats>
<gc-op id="145" type="copy forward" timems="1.343" contextid="142" timestamp="2019-06-16T01:53:29.321">
  <memory-copied type="eden" objects="2498" bytes="63304" bytesdiscarded="0" />
  <memory-copied type="other" objects="1764" bytes="42336" bytesdiscarded="0" />
  <memory-cardclean objects="5823" bytes="283320" />
  <regions eden="13" other="1" />
  <remembered-set-cleared processed="3005" cleared="732" durationms="0.098" />
  <stringconstants candidates="4597" cleared="0"  />
</gc-op>
<gc-op id="146" type="classunload" timems="0.002" contextid="142" timestamp="2019-06-16T01:53:29.321">
  <classunload-info classloadercandidates="8" classloadersunloaded="0" classesunloaded="0" anonymousclassesunloaded="0" quiescems="0.000" setupms="0.002" scanms="0.000" postms="0.000" />
</gc-op>
<heap-resize id="147" type="expand" space="default" amount="2097152" count="1" timems="0.070" reason="excessive time being spent in gc" timestamp="2019-06-16T01:53:29.321" />
<gc-end id="148" type="partial gc" contextid="142" durationms="2.444" usertimems="0.000" systemtimems="0.000" timestamp="2019-06-16T01:53:29.321" activeThreads="1">
  <mem-info id="149" free="18874368" total="31457280" percent="60">
    <mem type="eden" free="985272" total="1048576" percent="93" />
    <remembered-set count="5664" freebytes="1233024" totalbytes="1255680" percent="98" regionsoverflowed="0" regionsstable="1" regionsrebuilding="0"/>
  </mem-info>
</gc-end>
<cycle-end id="150" type="partial gc" contextid="142" timestamp="2019-06-16T01:53:29.321" />
  <attribute name="elasticGC enabled" value="1" />
  <attribute name= "numThreadsSpecified" value="1" />
  <attribute name="heapSize specified" value="0" />
  <attribute name="Current GC Util" value="48" />
  <attribute name= "Current Time Running" value="1103" />
  <attribute name ="GC Interval" value="0" />
  <attribute name="ProportionalT" value="42.000000" />
  <attribute name="ProportionalI" value="42.000000" />
  <attribute name="ProportionalH" value="42.000000" />
  <attribute name="Current Error" value="28.000000" />
  <attribute name="IntegralT" value="0.000000" />
  <attribute name="IntegralI" value="0.000000" />
  <attribute name="IntegralH" value="0.000000" />
  <attribute name="DerivativeT" value="inf" />
  <attribute name="DerivativeI" value="inf" />
  <attribute name="DerivativeH" value="inf" />
  <attribute name="Loop Time for DT" value="0.000000" />
  <attribute name="Output H" value="8388608"/>
  <attribute name="Output I" value="200"/>
  <attribute name="Output T" value="1"/>
  <attribute name="Target GC Util Change" value ="20.000000" />
  <attribute name="Current GC Util Change" value="48.000000"/>
  <attribute name="GC Util currently" value="48" />
  <attribute name="CPU Util currently" value="19481607033346" />
<exclusive-end id="151" timestamp="2019-06-16T01:53:29.321" durationms="3.139" />

<exclusive-start id="152" timestamp="2019-06-16T01:53:29.344" intervalms="25.630">
  <response-info timems="0.028" idlems="0.028" threads="0" lastid="0000000002791900" lastname="Thread-7" />
</exclusive-start>
<allocation-taxation id="153" taxation-threshold="14680064" timestamp="2019-06-16T01:53:29.344" intervalms="25.805" />
<cycle-start id="154" type="partial gc" contextid="0" timestamp="2019-06-16T01:53:29.344" intervalms="25.842" />
<gc-start id="155" type="partial gc" contextid="154" timestamp="2019-06-16T01:53:29.345">
  <mem-info id="156" free="4194304" total="31457280" percent="13">
    <mem type="eden" free="0" total="14680064" percent="0" />
    <remembered-set count="5312" freebytes="1234432" totalbytes="1255680" percent="98" regionsoverflowed="0" regionsstable="1" regionsrebuilding="0"/>
  </mem-info>
</gc-start>
<allocation-stats totalBytes="14678112" >
  <allocated-bytes non-tlh="0" tlh="14678112" arrayletleaf="0"/>
  <largest-consumer threadName="Thread-10" threadId="0000000002795500" bytes="5340472" />
</allocation-stats>
<gc-op id="157" type="copy forward" timems="2.540" contextid="154" timestamp="2019-06-16T01:53:29.348">
  <memory-copied type="eden" objects="1325" bytes="43392" bytesdiscarded="0" />
  <memory-copied type="other" objects="9939" bytes="731112" bytesdiscarded="416" />
  <memory-cardclean objects="9519" bytes="492400" />
  <regions eden="14" other="2" />
  <remembered-set-cleared processed="2739" cleared="1457" durationms="0.104" />
  <references type="soft" candidates="8" cleared="0" enqueued="0" dynamicThreshold="19" maxThreshold="32" />
  <references type="weak" candidates="11" cleared="0" enqueued="0" />
  <references type="phantom" candidates="2" cleared="0" enqueued="0" />
  <stringconstants candidates="4597" cleared="0"  />
</gc-op>
<gc-op id="158" type="classunload" timems="0.002" contextid="154" timestamp="2019-06-16T01:53:29.348">
  <classunload-info classloadercandidates="8" classloadersunloaded="0" classesunloaded="0" anonymousclassesunloaded="0" quiescems="0.000" setupms="0.002" scanms="0.000" postms="0.000" />
</gc-op>
<gc-end id="159" type="partial gc" contextid="154" durationms="3.483" usertimems="4.000" systemtimems="0.000" timestamp="2019-06-16T01:53:29.348" activeThreads="1">
  <mem-info id="160" free="18874368" total="31457280" percent="60">
    <mem type="eden" free="1005184" total="1048576" percent="95" />
    <remembered-set count="5728" freebytes="1232768" totalbytes="1255680" percent="98" regionsoverflowed="0" regionsstable="1" regionsrebuilding="0"/>
  </mem-info>
</gc-end>
<cycle-end id="161" type="partial gc" contextid="154" timestamp="2019-06-16T01:53:29.348" />
  <attribute name="elasticGC enabled" value="1" />
  <attribute name= "numThreadsSpecified" value="1" />
  <attribute name="heapSize specified" value="0" />
  <attribute name="Current GC Util" value="61" />
  <attribute name= "Current Time Running" value="1129" />
  <attribute name ="GC Interval" value="0" />
  <attribute name="ProportionalT" value="61.500000" />
  <attribute name="ProportionalI" value="61.500000" />
  <attribute name="ProportionalH" value="61.500000" />
  <attribute name="Current Error" value="41.000000" />
  <attribute name="IntegralT" value="0.000000" />
  <attribute name="IntegralI" value="0.000000" />
  <attribute name="IntegralH" value="0.000000" />
  <attribute name="DerivativeT" value="inf" />
  <attribute name="DerivativeI" value="inf" />
  <attribute name="DerivativeH" value="inf" />
  <attribute name="Loop Time for DT" value="0.000000" />
  <attribute name="Output H" value="8388608"/>
  <attribute name="Output I" value="200"/>
  <attribute name="Output T" value="1"/>
  <attribute name="Target GC Util Change" value ="20.000000" />
  <attribute name="Current GC Util Change" value="61.000000"/>
  <attribute name="GC Util currently" value="61" />
  <attribute name="CPU Util currently" value="18928667953583" />
<exclusive-end id="162" timestamp="2019-06-16T01:53:29.348" durationms="4.487" />

<exclusive-start id="163" timestamp="2019-06-16T01:53:29.366" intervalms="22.104">
  <response-info timems="0.032" idlems="0.032" threads="0" lastid="0000000002799100" lastname="Thread-9" />
</exclusive-start>
<allocation-taxation id="164" taxation-threshold="14680064" timestamp="2019-06-16T01:53:29.366" intervalms="21.971" />
<cycle-start id="165" type="partial gc" contextid="0" timestamp="2019-06-16T01:53:29.366" intervalms="21.982" />
<gc-start id="166" type="partial gc" contextid="165" timestamp="2019-06-16T01:53:29.367">
  <mem-info id="167" free="4194304" total="31457280" percent="13">
    <mem type="eden" free="0" total="14680064" percent="0" />
    <remembered-set count="5568" freebytes="1233408" totalbytes="1255680" percent="98" regionsoverflowed="0" regionsstable="1" regionsrebuilding="0"/>
  </mem-info>
</gc-start>
<allocation-stats totalBytes="14660736" >
  <allocated-bytes non-tlh="0" tlh="14660736" arrayletleaf="0"/>
  <largest-consumer threadName="Thread-10" threadId="0000000002795500" bytes="6282392" />
</allocation-stats>
<gc-op id="168" type="copy forward" timems="1.161" contextid="165" timestamp="2019-06-16T01:53:29.368">
  <memory-copied type="eden" objects="2501" bytes="116200" bytesdiscarded="0" />
  <memory-copied type="other" objects="1138" bytes="37952" bytesdiscarded="0" />
  <memory-cardclean objects="4345" bytes="209032" />
  <regions eden="14" other="1" />
  <remembered-set-cleared processed="3863" cleared="521" durationms="0.103" />
  <stringconstants candidates="4597" cleared="0"  />
</gc-op>
<gc-op id="169" type="classunload" timems="0.002" contextid="165" timestamp="2019-06-16T01:53:29.368">
  <classunload-info classloadercandidates="8" classloadersunloaded="0" classesunloaded="0" anonymousclassesunloaded="0" quiescems="0.000" setupms="0.002" scanms="0.000" postms="0.000" />
</gc-op>
<heap-resize id="170" type="expand" space="default" amount="3145728" count="1" timems="0.076" reason="excessive time being spent in gc" timestamp="2019-06-16T01:53:29.369" />
<gc-end id="171" type="partial gc" contextid="165" durationms="2.148" usertimems="4.000" systemtimems="0.000" timestamp="2019-06-16T01:53:29.369" activeThreads="1">
  <mem-info id="172" free="20971520" total="34603008" percent="60">
    <mem type="eden" free="932376" total="1048576" percent="88" />
    <remembered-set count="6304" freebytes="1356032" totalbytes="1381248" percent="98" regionsoverflowed="0" regionsstable="1" regionsrebuilding="0"/>
  </mem-info>
</gc-end>
<cycle-end id="173" type="partial gc" contextid="165" timestamp="2019-06-16T01:53:29.369" />
  <attribute name="elasticGC enabled" value="1" />
  <attribute name= "numThreadsSpecified" value="1" />
  <attribute name="heapSize specified" value="0" />
  <attribute name="Current GC Util" value="66" />
  <attribute name= "Current Time Running" value="1151" />
  <attribute name ="GC Interval" value="0" />
  <attribute name="ProportionalT" value="69.000000" />
  <attribute name="ProportionalI" value="69.000000" />
  <attribute name="ProportionalH" value="69.000000" />
  <attribute name="Current Error" value="46.000000" />
  <attribute name="IntegralT" value="0.000000" />
  <attribute name="IntegralI" value="0.000000" />
  <attribute name="IntegralH" value="0.000000" />
  <attribute name="DerivativeT" value="inf" />
  <attribute name="DerivativeI" value="inf" />
  <attribute name="DerivativeH" value="inf" />
  <attribute name="Loop Time for DT" value="0.000000" />
  <attribute name="Output H" value="8388608"/>
  <attribute name="Output I" value="200"/>
  <attribute name="Output T" value="1"/>
  <attribute name="Target GC Util Change" value ="20.000000" />
  <attribute name="Current GC Util Change" value="66.000000"/>
  <attribute name="GC Util currently" value="66" />
  <attribute name="CPU Util currently" value="21292927038505" />
<exclusive-end id="174" timestamp="2019-06-16T01:53:29.369" durationms="2.954" />

<exclusive-start id="175" timestamp="2019-06-16T01:53:29.383" intervalms="16.578">
  <response-info timems="0.031" idlems="0.031" threads="0" lastid="0000000002795500" lastname="Thread-10" />
</exclusive-start>
<allocation-taxation id="176" taxation-threshold="15728640" timestamp="2019-06-16T01:53:29.383" intervalms="16.541" />
<cycle-start id="177" type="partial gc" contextid="0" timestamp="2019-06-16T01:53:29.383" intervalms="16.494" />
<gc-start id="178" type="partial gc" contextid="177" timestamp="2019-06-16T01:53:29.383">
  <mem-info id="179" free="5242880" total="34603008" percent="15">
    <mem type="eden" free="0" total="15728640" percent="0" />
    <remembered-set count="6016" freebytes="1357184" totalbytes="1381248" percent="98" regionsoverflowed="0" regionsstable="1" regionsrebuilding="0"/>
  </mem-info>
</gc-start>
<allocation-stats totalBytes="15726624" >
  <allocated-bytes non-tlh="0" tlh="15726624" arrayletleaf="0"/>
  <largest-consumer threadName="Thread-10" threadId="0000000002795500" bytes="4906384" />
</allocation-stats>
<gc-op id="180" type="copy forward" timems="1.692" contextid="177" timestamp="2019-06-16T01:53:29.385">
  <memory-copied type="eden" objects="6774" bytes="254312" bytesdiscarded="0" />
  <memory-copied type="other" objects="2332" bytes="111208" bytesdiscarded="0" />
  <memory-cardclean objects="4857" bytes="234224" />
  <regions eden="15" other="1" />
  <remembered-set-cleared processed="4257" cleared="557" durationms="0.107" />
  <stringconstants candidates="4597" cleared="0"  />
</gc-op>
<gc-op id="181" type="classunload" timems="0.002" contextid="177" timestamp="2019-06-16T01:53:29.385">
  <classunload-info classloadercandidates="8" classloadersunloaded="0" classesunloaded="0" anonymousclassesunloaded="0" quiescems="0.000" setupms="0.002" scanms="0.000" postms="0.000" />
</gc-op>
<heap-resize id="182" type="expand" space="default" amount="2097152" count="1" timems="0.067" reason="excessive time being spent in gc" timestamp="2019-06-16T01:53:29.386" />
<gc-end id="183" type="partial gc" contextid="177" durationms="2.717" usertimems="4.000" systemtimems="0.000" timestamp="2019-06-16T01:53:29.386" activeThreads="1">
  <mem-info id="184" free="22020096" total="36700160" percent="60">
    <mem type="eden" free="794264" total="1048576" percent="75" />
    <remembered-set count="6624" freebytes="1438464" totalbytes="1464960" percent="98" regionsoverflowed="0" regionsstable="1" regionsrebuilding="0"/>
  </mem-info>
</gc-end>
<cycle-end id="185" type="partial gc" contextid="177" timestamp="2019-06-16T01:53:29.386" />
  <attribute name="elasticGC enabled" value="1" />
  <attribute name= "numThreadsSpecified" value="1" />
  <attribute name="heapSize specified" value="0" />
  <attribute name="Current GC Util" value="73" />
  <attribute name= "Current Time Running" value="1167" />
  <attribute name ="GC Interval" value="0" />
  <attribute name="ProportionalT" value="79.500000" />
  <attribute name="ProportionalI" value="79.500000" />
  <attribute name="ProportionalH" value="79.500000" />
  <attribute name="Current Error" value="53.000000" />
  <attribute name="IntegralT" value="0.000000" />
  <attribute name="IntegralI" value="0.000000" />
  <attribute name="IntegralH" value="0.000000" />
  <attribute name="DerivativeT" value="inf" />
  <attribute name="DerivativeI" value="inf" />
  <attribute name="DerivativeH" value="inf" />
  <attribute name="Loop Time for DT" value="0.000000" />
  <attribute name="Output H" value="8388608"/>
  <attribute name="Output I" value="200"/>
  <attribute name="Output T" value="1"/>
  <attribute name="Target GC Util Change" value ="20.000000" />
  <attribute name="Current GC Util Change" value="73.000000"/>
  <attribute name="GC Util currently" value="73" />
  <attribute name="CPU Util currently" value="25077276204458" />
<exclusive-end id="186" timestamp="2019-06-16T01:53:29.386" durationms="3.416" />

<exclusive-start id="187" timestamp="2019-06-16T01:53:29.399" intervalms="16.769">
  <response-info timems="0.027" idlems="0.027" threads="0" lastid="0000000002795500" lastname="Thread-10" />
</exclusive-start>
<allocation-taxation id="188" taxation-threshold="15728640" timestamp="2019-06-16T01:53:29.400" intervalms="16.756" />
<cycle-start id="189" type="partial gc" contextid="0" timestamp="2019-06-16T01:53:29.400" intervalms="16.750" />
<gc-start id="190" type="partial gc" contextid="189" timestamp="2019-06-16T01:53:29.400">
  <mem-info id="191" free="6291456" total="36700160" percent="17">
    <mem type="eden" free="0" total="15728640" percent="0" />
    <remembered-set count="6528" freebytes="1438848" totalbytes="1464960" percent="98" regionsoverflowed="0" regionsstable="1" regionsrebuilding="0"/>
  </mem-info>
</gc-start>
<allocation-stats totalBytes="15726616" >
  <allocated-bytes non-tlh="0" tlh="15726616" arrayletleaf="0"/>
  <largest-consumer threadName="Thread-10" threadId="0000000002795500" bytes="4812032" />
</allocation-stats>
<gc-op id="192" type="copy forward" timems="2.010" contextid="189" timestamp="2019-06-16T01:53:29.402">
  <memory-copied type="eden" objects="8968" bytes="353712" bytesdiscarded="0" />
  <memory-copied type="other" objects="6590" bytes="248808" bytesdiscarded="0" />
  <memory-cardclean objects="5586" bytes="291936" />
  <regions eden="15" other="1" />
  <remembered-set-cleared processed="4681" cleared="712" durationms="0.101" />
  <stringconstants candidates="4597" cleared="0"  />
</gc-op>
<gc-op id="193" type="classunload" timems="0.002" contextid="189" timestamp="2019-06-16T01:53:29.402">
  <classunload-info classloadercandidates="8" classloadersunloaded="0" classesunloaded="0" anonymousclassesunloaded="0" quiescems="0.000" setupms="0.002" scanms="0.000" postms="0.000" />
</gc-op>
<heap-resize id="194" type="expand" space="default" amount="3145728" count="1" timems="0.064" reason="excessive time being spent in gc" timestamp="2019-06-16T01:53:29.403" />
<gc-end id="195" type="partial gc" contextid="189" durationms="2.854" usertimems="4.000" systemtimems="0.000" timestamp="2019-06-16T01:53:29.403" activeThreads="1">
  <mem-info id="196" free="24117248" total="39845888" percent="60">
    <mem type="eden" free="694864" total="1048576" percent="66" />
    <remembered-set count="7456" freebytes="1560704" totalbytes="1590528" percent="98" regionsoverflowed="0" regionsstable="1" regionsrebuilding="0"/>
  </mem-info>
</gc-end>
<cycle-end id="197" type="partial gc" contextid="189" timestamp="2019-06-16T01:53:29.403" />
  <attribute name="elasticGC enabled" value="1" />
  <attribute name= "numThreadsSpecified" value="1" />
  <attribute name="heapSize specified" value="0" />
  <attribute name="Current GC Util" value="65" />
  <attribute name= "Current Time Running" value="1184" />
  <attribute name ="GC Interval" value="0" />
  <attribute name="ProportionalT" value="67.500000" />
  <attribute name="ProportionalI" value="67.500000" />
  <attribute name="ProportionalH" value="67.500000" />
  <attribute name="Current Error" value="45.000000" />
  <attribute name="IntegralT" value="0.000000" />
  <attribute name="IntegralI" value="0.000000" />
  <attribute name="IntegralH" value="0.000000" />
  <attribute name="DerivativeT" value="inf" />
  <attribute name="DerivativeI" value="inf" />
  <attribute name="DerivativeH" value="inf" />
  <attribute name="Loop Time for DT" value="0.000000" />
  <attribute name="Output H" value="8388608"/>
  <attribute name="Output I" value="200"/>
  <attribute name="Output T" value="1"/>
  <attribute name="Target GC Util Change" value ="20.000000" />
  <attribute name="Current GC Util Change" value="65.000000"/>
  <attribute name="GC Util currently" value="65" />
  <attribute name="CPU Util currently" value="22956274661027" />
<exclusive-end id="198" timestamp="2019-06-16T01:53:29.403" durationms="3.459" />

<exclusive-start id="199" timestamp="2019-06-16T01:53:29.417" intervalms="17.098">
  <response-info timems="0.026" idlems="0.026" threads="0" lastid="000000000278DD00" lastname="Thread-8" />
</exclusive-start>
<allocation-taxation id="200" taxation-threshold="16777216" timestamp="2019-06-16T01:53:29.417" intervalms="17.170" />
<cycle-start id="201" type="partial gc" contextid="0" timestamp="2019-06-16T01:53:29.417" intervalms="17.208" />
<gc-start id="202" type="partial gc" contextid="201" timestamp="2019-06-16T01:53:29.417">
  <mem-info id="203" free="7340032" total="39845888" percent="18">
    <mem type="eden" free="0" total="16777216" percent="0" />
    <remembered-set count="7168" freebytes="1561856" totalbytes="1590528" percent="98" regionsoverflowed="0" regionsstable="1" regionsrebuilding="0"/>
  </mem-info>
</gc-start>
<allocation-stats totalBytes="16775192" >
  <allocated-bytes non-tlh="0" tlh="16775192" arrayletleaf="0"/>
  <largest-consumer threadName="Thread-10" threadId="0000000002795500" bytes="4959704" />
</allocation-stats>
<gc-op id="204" type="copy forward" timems="1.884" contextid="201" timestamp="2019-06-16T01:53:29.419">
  <memory-copied type="eden" objects="3121" bytes="75848" bytesdiscarded="0" />
  <memory-copied type="other" objects="8785" bytes="348216" bytesdiscarded="0" />
  <memory-cardclean objects="7329" bytes="356272" />
  <regions eden="16" other="1" />
  <remembered-set-cleared processed="5167" cleared="811" durationms="0.110" />
  <stringconstants candidates="4597" cleared="0"  />
</gc-op>
<gc-op id="205" type="classunload" timems="0.003" contextid="201" timestamp="2019-06-16T01:53:29.419">
  <classunload-info classloadercandidates="8" classloadersunloaded="0" classesunloaded="0" anonymousclassesunloaded="0" quiescems="0.000" setupms="0.002" scanms="0.000" postms="0.000" />
</gc-op>
<heap-resize id="206" type="expand" space="default" amount="2097152" count="1" timems="0.059" reason="excessive time being spent in gc" timestamp="2019-06-16T01:53:29.420" />
<gc-end id="207" type="partial gc" contextid="201" durationms="2.779" usertimems="4.000" systemtimems="0.000" timestamp="2019-06-16T01:53:29.420" activeThreads="1">
  <mem-info id="208" free="25165824" total="41943040" percent="60">
    <mem type="eden" free="972728" total="1048576" percent="92" />
    <remembered-set count="8320" freebytes="1640960" totalbytes="1674240" percent="98" regionsoverflowed="0" regionsstable="1" regionsrebuilding="0"/>
  </mem-info>
</gc-end>
<cycle-end id="209" type="partial gc" contextid="201" timestamp="2019-06-16T01:53:29.420" />
  <attribute name="elasticGC enabled" value="1" />
  <attribute name= "numThreadsSpecified" value="1" />
  <attribute name="heapSize specified" value="0" />
  <attribute name="Current GC Util" value="66" />
  <attribute name= "Current Time Running" value="1201" />
  <attribute name ="GC Interval" value="0" />
  <attribute name="ProportionalT" value="69.000000" />
  <attribute name="ProportionalI" value="69.000000" />
  <attribute name="ProportionalH" value="69.000000" />
  <attribute name="Current Error" value="46.000000" />
  <attribute name="IntegralT" value="0.000000" />
  <attribute name="IntegralI" value="0.000000" />
  <attribute name="IntegralH" value="0.000000" />
  <attribute name="DerivativeT" value="inf" />
  <attribute name="DerivativeI" value="inf" />
  <attribute name="DerivativeH" value="inf" />
  <attribute name="Loop Time for DT" value="0.000000" />
  <attribute name="Output H" value="8388608"/>
  <attribute name="Output I" value="200"/>
  <attribute name="Output T" value="1"/>
  <attribute name="Target GC Util Change" value ="20.000000" />
  <attribute name="Current GC Util Change" value="66.000000"/>
  <attribute name="GC Util currently" value="66" />
  <attribute name="CPU Util currently" value="20011568691735" />
<exclusive-end id="210" timestamp="2019-06-16T01:53:29.420" durationms="3.573" />

<exclusive-start id="211" timestamp="2019-06-16T01:53:29.434" intervalms="17.367">
  <response-info timems="0.022" idlems="0.022" threads="0" lastid="000000000278DD00" lastname="Thread-8" />
</exclusive-start>
<allocation-taxation id="212" taxation-threshold="16777216" timestamp="2019-06-16T01:53:29.434" intervalms="17.341" />
<cycle-start id="213" type="partial gc" contextid="0" timestamp="2019-06-16T01:53:29.434" intervalms="17.330" />
<gc-start id="214" type="partial gc" contextid="213" timestamp="2019-06-16T01:53:29.434">
  <mem-info id="215" free="8388608" total="41943040" percent="20">
    <mem type="eden" free="0" total="16777216" percent="0" />
    <remembered-set count="7904" freebytes="1642624" totalbytes="1674240" percent="98" regionsoverflowed="0" regionsstable="1" regionsrebuilding="0"/>
  </mem-info>
</gc-start>
<allocation-stats totalBytes="16774856" >
  <allocated-bytes non-tlh="0" tlh="16774856" arrayletleaf="0"/>
  <largest-consumer threadName="Thread-10" threadId="0000000002795500" bytes="4423144" />
</allocation-stats>
<gc-op id="216" type="copy forward" timems="2.638" contextid="213" timestamp="2019-06-16T01:53:29.437">
  <memory-copied type="eden" objects="21166" bytes="921456" bytesdiscarded="0" />
  <memory-copied type="other" objects="2962" bytes="71088" bytesdiscarded="0" />
  <memory-cardclean objects="8699" bytes="448672" />
  <regions eden="16" other="1" />
  <remembered-set-cleared processed="5842" cleared="776" durationms="0.118" />
  <stringconstants candidates="4597" cleared="0"  />
</gc-op>
<gc-op id="217" type="classunload" timems="0.002" contextid="213" timestamp="2019-06-16T01:53:29.437">
  <classunload-info classloadercandidates="8" classloadersunloaded="0" classesunloaded="0" anonymousclassesunloaded="0" quiescems="0.000" setupms="0.002" scanms="0.000" postms="0.000" />
</gc-op>
<heap-resize id="218" type="expand" space="default" amount="3145728" count="1" timems="0.073" reason="excessive time being spent in gc" timestamp="2019-06-16T01:53:29.438" />
<gc-end id="219" type="partial gc" contextid="213" durationms="3.594" usertimems="4.000" systemtimems="0.000" timestamp="2019-06-16T01:53:29.438" activeThreads="1">
  <mem-info id="220" free="27262976" total="45088768" percent="60">
    <mem type="eden" free="127120" total="1048576" percent="12" />
    <remembered-set count="9088" freebytes="1763456" totalbytes="1799808" percent="97" regionsoverflowed="0" regionsstable="1" regionsrebuilding="0"/>
  </mem-info>
</gc-end>
<cycle-end id="221" type="partial gc" contextid="213" timestamp="2019-06-16T01:53:29.438" />
  <attribute name="elasticGC enabled" value="1" />
  <attribute name= "numThreadsSpecified" value="1" />
  <attribute name="heapSize specified" value="0" />
  <attribute name="Current GC Util" value="61" />
  <attribute name= "Current Time Running" value="1218" />
  <attribute name ="GC Interval" value="0" />
  <attribute name="ProportionalT" value="61.500000" />
  <attribute name="ProportionalI" value="61.500000" />
  <attribute name="ProportionalH" value="61.500000" />
  <attribute name="Current Error" value="41.000000" />
  <attribute name="IntegralT" value="0.000000" />
  <attribute name="IntegralI" value="0.000000" />
  <attribute name="IntegralH" value="0.000000" />
  <attribute name="DerivativeT" value="inf" />
  <attribute name="DerivativeI" value="inf" />
  <attribute name="DerivativeH" value="inf" />
  <attribute name="Loop Time for DT" value="0.000000" />
  <attribute name="Output H" value="8388608"/>
  <attribute name="Output I" value="200"/>
  <attribute name="Output T" value="1"/>
  <attribute name="Target GC Util Change" value ="20.000000" />
  <attribute name="Current GC Util Change" value="61.000000"/>
  <attribute name="GC Util currently" value="61" />
  <attribute name="CPU Util currently" value="21426979837691" />
<exclusive-end id="222" timestamp="2019-06-16T01:53:29.438" durationms="4.268" />

<exclusive-start id="223" timestamp="2019-06-16T01:53:29.452" intervalms="18.038">
  <response-info timems="0.021" idlems="0.021" threads="0" lastid="0000000002795500" lastname="Thread-10" />
</exclusive-start>
<allocation-taxation id="224" taxation-threshold="17825792" timestamp="2019-06-16T01:53:29.452" intervalms="17.981" />
<cycle-start id="225" type="partial gc" contextid="0" timestamp="2019-06-16T01:53:29.452" intervalms="17.953" />
<gc-start id="226" type="partial gc" contextid="225" timestamp="2019-06-16T01:53:29.452">
  <mem-info id="227" free="9437184" total="45088768" percent="20">
    <mem type="eden" free="0" total="17825792" percent="0" />
    <remembered-set count="8608" freebytes="1765376" totalbytes="1799808" percent="98" regionsoverflowed="0" regionsstable="1" regionsrebuilding="0"/>
  </mem-info>
</gc-start>
<allocation-stats totalBytes="17823624" >
  <allocated-bytes non-tlh="0" tlh="17823624" arrayletleaf="0"/>
  <largest-consumer threadName="Thread-10" threadId="0000000002795500" bytes="4787720" />
</allocation-stats>
<gc-op id="228" type="copy forward" timems="2.934" contextid="225" timestamp="2019-06-16T01:53:29.456">
  <memory-copied type="eden" objects="4668" bytes="112952" bytesdiscarded="0" />
  <memory-copied type="other" objects="20920" bytes="914208" bytesdiscarded="0" />
  <memory-cardclean objects="6891" bytes="347808" />
  <regions eden="17" other="1" />
  <remembered-set-cleared processed="6575" cleared="770" durationms="0.127" />
  <stringconstants candidates="4597" cleared="0"  />
</gc-op>
<gc-op id="229" type="classunload" timems="0.002" contextid="225" timestamp="2019-06-16T01:53:29.456">
  <classunload-info classloadercandidates="8" classloadersunloaded="0" classesunloaded="0" anonymousclassesunloaded="0" quiescems="0.000" setupms="0.002" scanms="0.000" postms="0.000" />
</gc-op>
<heap-resize id="230" type="expand" space="default" amount="2097152" count="1" timems="0.066" reason="excessive time being spent in gc" timestamp="2019-06-16T01:53:29.456" />
<gc-end id="231" type="partial gc" contextid="225" durationms="3.880" usertimems="4.000" systemtimems="0.000" timestamp="2019-06-16T01:53:29.456" activeThreads="1">
  <mem-info id="232" free="28311552" total="47185920" percent="60">
    <mem type="eden" free="935624" total="1048576" percent="89" />
    <remembered-set count="9888" freebytes="1843968" totalbytes="1883520" percent="97" regionsoverflowed="0" regionsstable="1" regionsrebuilding="0"/>
  </mem-info>
</gc-end>
<cycle-end id="233" type="partial gc" contextid="225" timestamp="2019-06-16T01:53:29.456" />
  <attribute name="elasticGC enabled" value="1" />
  <attribute name= "numThreadsSpecified" value="1" />
  <attribute name="heapSize specified" value="0" />
  <attribute name="Current GC Util" value="62" />
  <attribute name= "Current Time Running" value="1236" />
  <attribute name ="GC Interval" value="0" />
  <attribute name="ProportionalT" value="63.000000" />
  <attribute name="ProportionalI" value="63.000000" />
  <attribute name="ProportionalH" value="63.000000" />
  <attribute name="Current Error" value="42.000000" />
  <attribute name="IntegralT" value="0.000000" />
  <attribute name="IntegralI" value="0.000000" />
  <attribute name="IntegralH" value="0.000000" />
  <attribute name="DerivativeT" value="inf" />
  <attribute name="DerivativeI" value="inf" />
  <attribute name="DerivativeH" value="inf" />
  <attribute name="Loop Time for DT" value="0.000000" />
  <attribute name="Output H" value="8388608"/>
  <attribute name="Output I" value="200"/>
  <attribute name="Output T" value="1"/>
  <attribute name="Target GC Util Change" value ="20.000000" />
  <attribute name="Current GC Util Change" value="62.000000"/>
  <attribute name="GC Util currently" value="62" />
  <attribute name="CPU Util currently" value="22022912725712" />
<exclusive-end id="234" timestamp="2019-06-16T01:53:29.456" durationms="4.487" />

<exclusive-start id="235" timestamp="2019-06-16T01:53:29.471" intervalms="18.832">
  <response-info timems="0.023" idlems="0.023" threads="0" lastid="0000000002791900" lastname="Thread-7" />
</exclusive-start>
<allocation-taxation id="236" taxation-threshold="18874368" timestamp="2019-06-16T01:53:29.471" intervalms="18.885" />
<cycle-start id="237" type="partial gc" contextid="0" timestamp="2019-06-16T01:53:29.471" intervalms="18.934" />
<gc-start id="238" type="partial gc" contextid="237" timestamp="2019-06-16T01:53:29.471">
  <mem-info id="239" free="9437184" total="47185920" percent="20">
    <mem type="eden" free="0" total="18874368" percent="0" />
    <remembered-set count="9472" freebytes="1845632" totalbytes="1883520" percent="97" regionsoverflowed="0" regionsstable="1" regionsrebuilding="0"/>
  </mem-info>
</gc-start>
<allocation-stats totalBytes="18872048" >
  <allocated-bytes non-tlh="0" tlh="18872048" arrayletleaf="0"/>
  <largest-consumer threadName="Thread-10" threadId="0000000002795500" bytes="5254512" />
</allocation-stats>
<gc-op id="240" type="copy forward" timems="1.979" contextid="237" timestamp="2019-06-16T01:53:29.474">
  <memory-copied type="eden" objects="8712" bytes="347824" bytesdiscarded="8128" />
  <memory-copied type="other" objects="4487" bytes="107688" bytesdiscarded="4144" />
  <memory-cardclean objects="8031" bytes="447312" />
  <regions eden="18" other="1" />
  <remembered-set-cleared processed="7296" cleared="393" durationms="0.107" />
  <stringconstants candidates="4597" cleared="0"  />
</gc-op>
<gc-op id="241" type="classunload" timems="0.002" contextid="237" timestamp="2019-06-16T01:53:29.474">
  <classunload-info classloadercandidates="8" classloadersunloaded="0" classesunloaded="0" anonymousclassesunloaded="0" quiescems="0.000" setupms="0.002" scanms="0.000" postms="0.000" />
</gc-op>
<heap-resize id="242" type="expand" space="default" amount="5242880" count="1" timems="0.081" reason="excessive time being spent in gc" timestamp="2019-06-16T01:53:29.474" />
<gc-end id="243" type="partial gc" contextid="237" durationms="2.848" usertimems="4.000" systemtimems="0.000" timestamp="2019-06-16T01:53:29.474" activeThreads="4">
  <mem-info id="244" free="31457280" total="52428800" percent="60">
    <mem type="eden" free="1741200" total="2097152" percent="83" />
    <remembered-set count="10432" freebytes="2051072" totalbytes="2092800" percent="98" regionsoverflowed="0" regionsstable="1" regionsrebuilding="0"/>
  </mem-info>
</gc-end>
<cycle-end id="245" type="partial gc" contextid="237" timestamp="2019-06-16T01:53:29.474" />
  <attribute name="elasticGC enabled" value="1" />
  <attribute name= "numThreadsSpecified" value="4" />
  <attribute name="heapSize specified" value="0" />
  <attribute name="Current GC Util" value="0" />
  <attribute name= "Current Time Running" value="1255" />
  <attribute name ="GC Interval" value="0" />
  <attribute name="ProportionalT" value="-30.000000" />
  <attribute name="ProportionalI" value="-30.000000" />
  <attribute name="ProportionalH" value="-30.000000" />
  <attribute name="Current Error" value="-20.000000" />
  <attribute name="IntegralT" value="0.000000" />
  <attribute name="IntegralI" value="0.000000" />
  <attribute name="IntegralH" value="0.000000" />
  <attribute name="DerivativeT" value="-inf" />
  <attribute name="DerivativeI" value="-inf" />
  <attribute name="DerivativeH" value="-inf" />
  <attribute name="Loop Time for DT" value="0.000000" />
  <attribute name="Output H" value="2091843584"/>
  <attribute name="Output I" value="200"/>
  <attribute name="Output T" value="4"/>
  <attribute name="Target GC Util Change" value ="20.000000" />
  <attribute name="Current GC Util Change" value="0.000000"/>
  <attribute name="GC Util currently" value="0" />
  <attribute name="CPU Util currently" value="33043994900612" />
<exclusive-end id="246" timestamp="2019-06-16T01:53:29.474" durationms="3.610" />

<exclusive-start id="247" timestamp="2019-06-16T01:53:29.490" intervalms="19.272">
  <response-info timems="0.022" idlems="0.022" threads="0" lastid="000000000278DD00" lastname="Thread-8" />
</exclusive-start>
<allocation-taxation id="248" taxation-threshold="19922944" timestamp="2019-06-16T01:53:29.490" intervalms="19.273" />
<cycle-start id="249" type="partial gc" contextid="0" timestamp="2019-06-16T01:53:29.490" intervalms="19.259" />
<gc-start id="250" type="partial gc" contextid="249" timestamp="2019-06-16T01:53:29.490">
  <mem-info id="251" free="11534336" total="52428800" percent="22">
    <mem type="eden" free="0" total="19922944" percent="0" />
    <remembered-set count="10080" freebytes="2052480" totalbytes="2092800" percent="98" regionsoverflowed="0" regionsstable="1" regionsrebuilding="0"/>
  </mem-info>
</gc-start>
<allocation-stats totalBytes="19920336" >
  <allocated-bytes non-tlh="0" tlh="19920336" arrayletleaf="0"/>
  <largest-consumer threadName="Thread-7" threadId="0000000002791900" bytes="5319920" />
</allocation-stats>
<gc-op id="252" type="copy forward" timems="1.967" contextid="249" timestamp="2019-06-16T01:53:29.493">
  <memory-copied type="eden" objects="3679" bytes="89672" bytesdiscarded="0" />
  <memory-copied type="other" objects="8457" bytes="340344" bytesdiscarded="0" />
  <memory-cardclean objects="6677" bytes="325416" />
  <regions eden="19" other="2" />
  <remembered-set-cleared processed="8098" cleared="452" durationms="0.139" />
  <stringconstants candidates="4597" cleared="0"  />
</gc-op>
<gc-op id="253" type="classunload" timems="0.003" contextid="249" timestamp="2019-06-16T01:53:29.493">
  <classunload-info classloadercandidates="8" classloadersunloaded="0" classesunloaded="0" anonymousclassesunloaded="0" quiescems="0.000" setupms="0.002" scanms="0.000" postms="0.000" />
</gc-op>
<gc-end id="254" type="partial gc" contextid="249" durationms="2.871" usertimems="4.000" systemtimems="0.000" timestamp="2019-06-16T01:53:29.493" activeThreads="1">
  <mem-info id="255" free="31457280" total="52428800" percent="60">
    <mem type="eden" free="958904" total="1048576" percent="91" />
    <remembered-set count="11040" freebytes="2048640" totalbytes="2092800" percent="97" regionsoverflowed="0" regionsstable="1" regionsrebuilding="0"/>
  </mem-info>
</gc-end>
<cycle-end id="256" type="partial gc" contextid="249" timestamp="2019-06-16T01:53:29.493" />
  <attribute name="elasticGC enabled" value="1" />
  <attribute name= "numThreadsSpecified" value="1" />
  <attribute name="heapSize specified" value="0" />
  <attribute name="Current GC Util" value="46" />
  <attribute name= "Current Time Running" value="1275" />
  <attribute name ="GC Interval" value="0" />
  <attribute name="ProportionalT" value="39.000000" />
  <attribute name="ProportionalI" value="39.000000" />
  <attribute name="ProportionalH" value="39.000000" />
  <attribute name="Current Error" value="26.000000" />
  <attribute name="IntegralT" value="0.000000" />
  <attribute name="IntegralI" value="0.000000" />
  <attribute name="IntegralH" value="0.000000" />
  <attribute name="DerivativeT" value="inf" />
  <attribute name="DerivativeI" value="inf" />
  <attribute name="DerivativeH" value="inf" />
  <attribute name="Loop Time for DT" value="0.000000" />
  <attribute name="Output H" value="8388608"/>
  <attribute name="Output I" value="200"/>
  <attribute name="Output T" value="1"/>
  <attribute name="Target GC Util Change" value ="20.000000" />
  <attribute name="Current GC Util Change" value="46.000000"/>
  <attribute name="GC Util currently" value="46" />
  <attribute name="CPU Util currently" value="18353362158150" />
<exclusive-end id="257" timestamp="2019-06-16T01:53:29.494" durationms="3.634" />

<exclusive-start id="258" timestamp="2019-06-16T01:53:29.509" intervalms="19.152">
  <response-info timems="0.029" idlems="0.029" threads="0" lastid="0000000002799100" lastname="Thread-9" />
</exclusive-start>
<allocation-taxation id="259" taxation-threshold="19922944" timestamp="2019-06-16T01:53:29.509" intervalms="19.143" />
<cycle-start id="260" type="partial gc" contextid="0" timestamp="2019-06-16T01:53:29.509" intervalms="19.166" />
<gc-start id="261" type="partial gc" contextid="260" timestamp="2019-06-16T01:53:29.510">
  <mem-info id="262" free="11534336" total="52428800" percent="22">
    <mem type="eden" free="0" total="19922944" percent="0" />
    <remembered-set count="10624" freebytes="2050304" totalbytes="2092800" percent="97" regionsoverflowed="0" regionsstable="1" regionsrebuilding="0"/>
  </mem-info>
</gc-start>
<allocation-stats totalBytes="19920392" >
  <allocated-bytes non-tlh="0" tlh="19920392" arrayletleaf="0"/>
  <largest-consumer threadName="Thread-7" threadId="0000000002791900" bytes="5303584" />
</allocation-stats>
<gc-op id="263" type="copy forward" timems="1.612" contextid="260" timestamp="2019-06-16T01:53:29.512">
  <memory-copied type="eden" objects="3925" bytes="95800" bytesdiscarded="0" />
  <memory-copied type="other" objects="3422" bytes="82128" bytesdiscarded="0" />
  <memory-cardclean objects="9629" bytes="481824" />
  <regions eden="19" other="1" />
  <remembered-set-cleared processed="8676" cleared="499" durationms="0.138" />
  <stringconstants candidates="4597" cleared="0"  />
</gc-op>
<gc-op id="264" type="classunload" timems="0.003" contextid="260" timestamp="2019-06-16T01:53:29.512">
  <classunload-info classloadercandidates="8" classloadersunloaded="0" classesunloaded="0" anonymousclassesunloaded="0" quiescems="0.000" setupms="0.002" scanms="0.000" postms="0.000" />
</gc-op>
<heap-resize id="265" type="expand" space="default" amount="3145728" count="1" timems="0.073" reason="excessive time being spent in gc" timestamp="2019-06-16T01:53:29.512" />
<gc-end id="266" type="partial gc" contextid="260" durationms="2.588" usertimems="0.000" systemtimems="0.000" timestamp="2019-06-16T01:53:29.512" activeThreads="1">
  <mem-info id="267" free="33554432" total="55574528" percent="60">
    <mem type="eden" free="952776" total="1048576" percent="90" />
    <remembered-set count="12192" freebytes="2169600" totalbytes="2218368" percent="97" regionsoverflowed="0" regionsstable="1" regionsrebuilding="0"/>
  </mem-info>
</gc-end>
<cycle-end id="268" type="partial gc" contextid="260" timestamp="2019-06-16T01:53:29.512" />
  <attribute name="elasticGC enabled" value="1" />
  <attribute name= "numThreadsSpecified" value="1" />
  <attribute name="heapSize specified" value="0" />
  <attribute name="Current GC Util" value="61" />
  <attribute name= "Current Time Running" value="1294" />
  <attribute name ="GC Interval" value="0" />
  <attribute name="ProportionalT" value="61.500000" />
  <attribute name="ProportionalI" value="61.500000" />
  <attribute name="ProportionalH" value="61.500000" />
  <attribute name="Current Error" value="41.000000" />
  <attribute name="IntegralT" value="0.000000" />
  <attribute name="IntegralI" value="0.000000" />
  <attribute name="IntegralH" value="0.000000" />
  <attribute name="DerivativeT" value="inf" />
  <attribute name="DerivativeI" value="inf" />
  <attribute name="DerivativeH" value="inf" />
  <attribute name="Loop Time for DT" value="0.000000" />
  <attribute name="Output H" value="8388608"/>
  <attribute name="Output I" value="200"/>
  <attribute name="Output T" value="1"/>
  <attribute name="Target GC Util Change" value ="20.000000" />
  <attribute name="Current GC Util Change" value="61.000000"/>
  <attribute name="GC Util currently" value="61" />
  <attribute name="CPU Util currently" value="21235764420435" />
<exclusive-end id="269" timestamp="2019-06-16T01:53:29.513" durationms="3.371" />

<exclusive-start id="270" timestamp="2019-06-16T01:53:29.529" intervalms="19.571">
  <response-info timems="0.034" idlems="0.034" threads="0" lastid="0000000002791900" lastname="Thread-7" />
</exclusive-start>
<allocation-taxation id="271" taxation-threshold="20971520" timestamp="2019-06-16T01:53:29.529" intervalms="19.555" />
<cycle-start id="272" type="partial gc" contextid="0" timestamp="2019-06-16T01:53:29.529" intervalms="19.515" />
<gc-start id="273" type="partial gc" contextid="272" timestamp="2019-06-16T01:53:29.529">
  <mem-info id="274" free="12582912" total="55574528" percent="22">
    <mem type="eden" free="0" total="20971520" percent="0" />
    <remembered-set count="12000" freebytes="2170368" totalbytes="2218368" percent="97" regionsoverflowed="0" regionsstable="1" regionsrebuilding="0"/>
  </mem-info>
</gc-start>
<allocation-stats totalBytes="20968848" >
  <allocated-bytes non-tlh="0" tlh="20968848" arrayletleaf="0"/>
  <largest-consumer threadName="Thread-7" threadId="0000000002791900" bytes="5483936" />
</allocation-stats>
<gc-op id="275" type="copy forward" timems="2.153" contextid="272" timestamp="2019-06-16T01:53:29.532">
  <memory-copied type="eden" objects="10003" bytes="378904" bytesdiscarded="0" />
  <memory-copied type="other" objects="3611" bytes="86664" bytesdiscarded="0" />
  <memory-cardclean objects="10059" bytes="487632" />
  <regions eden="20" other="1" />
  <remembered-set-cleared processed="9408" cleared="634" durationms="0.145" />
  <stringconstants candidates="4597" cleared="0"  />
</gc-op>
<gc-op id="276" type="classunload" timems="0.002" contextid="272" timestamp="2019-06-16T01:53:29.532">
  <classunload-info classloadercandidates="8" classloadersunloaded="0" classesunloaded="0" anonymousclassesunloaded="0" quiescems="0.000" setupms="0.002" scanms="0.000" postms="0.000" />
</gc-op>
<heap-resize id="277" type="expand" space="default" amount="2097152" count="1" timems="0.066" reason="excessive time being spent in gc" timestamp="2019-06-16T01:53:29.532" />
<gc-end id="278" type="partial gc" contextid="272" durationms="3.105" usertimems="4.000" systemtimems="0.000" timestamp="2019-06-16T01:53:29.532" activeThreads="1">
  <mem-info id="279" free="34603008" total="57671680" percent="60">
    <mem type="eden" free="669672" total="1048576" percent="63" />
    <remembered-set count="12800" freebytes="2250880" totalbytes="2302080" percent="97" regionsoverflowed="0" regionsstable="1" regionsrebuilding="0"/>
  </mem-info>
</gc-end>
<cycle-end id="280" type="partial gc" contextid="272" timestamp="2019-06-16T01:53:29.532" />
  <attribute name="elasticGC enabled" value="1" />
  <attribute name= "numThreadsSpecified" value="1" />
  <attribute name="heapSize specified" value="0" />
  <attribute name="Current GC Util" value="63" />
  <attribute name= "Current Time Running" value="1313" />
  <attribute name ="GC Interval" value="0" />
  <attribute name="ProportionalT" value="64.500000" />
  <attribute name="ProportionalI" value="64.500000" />
  <attribute name="ProportionalH" value="64.500000" />
  <attribute name="Current Error" value="43.000000" />
  <attribute name="IntegralT" value="0.000000" />
  <attribute name="IntegralI" value="0.000000" />
  <attribute name="IntegralH" value="0.000000" />
  <attribute name="DerivativeT" value="inf" />
  <attribute name="DerivativeI" value="inf" />
  <attribute name="DerivativeH" value="inf" />
  <attribute name="Loop Time for DT" value="0.000000" />
  <attribute name="Output H" value="8388608"/>
  <attribute name="Output I" value="200"/>
  <attribute name="Output T" value="1"/>
  <attribute name="Target GC Util Change" value ="20.000000" />
  <attribute name="Current GC Util Change" value="63.000000"/>
  <attribute name="GC Util currently" value="63" />
  <attribute name="CPU Util currently" value="22230992538044" />
<exclusive-end id="281" timestamp="2019-06-16T01:53:29.533" durationms="3.841" />

<exclusive-start id="282" timestamp="2019-06-16T01:53:29.548" intervalms="19.690">
  <response-info timems="0.022" idlems="0.022" threads="0" lastid="0000000002795500" lastname="Thread-10" />
</exclusive-start>
<allocation-taxation id="283" taxation-threshold="20971520" timestamp="2019-06-16T01:53:29.549" intervalms="19.663" />
<cycle-start id="284" type="partial gc" contextid="0" timestamp="2019-06-16T01:53:29.549" intervalms="19.642" />
<gc-start id="285" type="partial gc" contextid="284" timestamp="2019-06-16T01:53:29.549">
  <mem-info id="286" free="13631488" total="57671680" percent="23">
    <mem type="eden" free="0" total="20971520" percent="0" />
    <remembered-set count="12800" freebytes="2250880" totalbytes="2302080" percent="97" regionsoverflowed="0" regionsstable="1" regionsrebuilding="0"/>
  </mem-info>
</gc-start>
<allocation-stats totalBytes="20968968" >
  <allocated-bytes non-tlh="0" tlh="20968968" arrayletleaf="0"/>
  <largest-consumer threadName="Thread-7" threadId="0000000002791900" bytes="5545320" />
</allocation-stats>
<gc-op id="287" type="copy forward" timems="2.451" contextid="284" timestamp="2019-06-16T01:53:29.552">
  <memory-copied type="eden" objects="9806" bytes="373752" bytesdiscarded="0" />
  <memory-copied type="other" objects="9708" bytes="370368" bytesdiscarded="0" />
  <memory-cardclean objects="7996" bytes="396360" />
  <regions eden="20" other="1" />
  <remembered-set-cleared processed="10174" cleared="736" durationms="0.150" />
  <stringconstants candidates="4597" cleared="0"  />
</gc-op>
<gc-op id="288" type="classunload" timems="0.002" contextid="284" timestamp="2019-06-16T01:53:29.552">
  <classunload-info classloadercandidates="8" classloadersunloaded="0" classesunloaded="0" anonymousclassesunloaded="0" quiescems="0.000" setupms="0.002" scanms="0.000" postms="0.000" />
</gc-op>
<heap-resize id="289" type="expand" space="default" amount="3145728" count="1" timems="0.070" reason="excessive time being spent in gc" timestamp="2019-06-16T01:53:29.552" />
<gc-end id="290" type="partial gc" contextid="284" durationms="3.418" usertimems="4.000" systemtimems="0.000" timestamp="2019-06-16T01:53:29.552" activeThreads="1">
  <mem-info id="291" free="36700160" total="60817408" percent="60">
    <mem type="eden" free="674824" total="1048576" percent="64" />
    <remembered-set count="13504" freebytes="2373632" totalbytes="2427648" percent="97" regionsoverflowed="0" regionsstable="1" regionsrebuilding="0"/>
  </mem-info>
</gc-end>
<cycle-end id="292" type="partial gc" contextid="284" timestamp="2019-06-16T01:53:29.552" />
  <attribute name="elasticGC enabled" value="1" />
  <attribute name= "numThreadsSpecified" value="1" />
  <attribute name="heapSize specified" value="0" />
  <attribute name="Current GC Util" value="66" />
  <attribute name= "Current Time Running" value="1333" />
  <attribute name ="GC Interval" value="0" />
  <attribute name="ProportionalT" value="69.000000" />
  <attribute name="ProportionalI" value="69.000000" />
  <attribute name="ProportionalH" value="69.000000" />
  <attribute name="Current Error" value="46.000000" />
  <attribute name="IntegralT" value="0.000000" />
  <attribute name="IntegralI" value="0.000000" />
  <attribute name="IntegralH" value="0.000000" />
  <attribute name="DerivativeT" value="inf" />
  <attribute name="DerivativeI" value="inf" />
  <attribute name="DerivativeH" value="inf" />
  <attribute name="Loop Time for DT" value="0.000000" />
  <attribute name="Output H" value="8388608"/>
  <attribute name="Output I" value="200"/>
  <attribute name="Output T" value="1"/>
  <attribute name="Target GC Util Change" value ="20.000000" />
  <attribute name="Current GC Util Change" value="66.000000"/>
  <attribute name="GC Util currently" value="66" />
  <attribute name="CPU Util currently" value="22272650954246" />
<exclusive-end id="293" timestamp="2019-06-16T01:53:29.552" durationms="4.014" />

<exclusive-start id="294" timestamp="2019-06-16T01:53:29.570" intervalms="21.086">
  <response-info timems="0.022" idlems="0.022" threads="0" lastid="0000000002799100" lastname="Thread-9" />
</exclusive-start>
<allocation-taxation id="295" taxation-threshold="22020096" timestamp="2019-06-16T01:53:29.570" intervalms="21.130" />
<cycle-start id="296" type="partial gc" contextid="0" timestamp="2019-06-16T01:53:29.570" intervalms="21.175" />
<gc-start id="297" type="partial gc" contextid="296" timestamp="2019-06-16T01:53:29.570">
  <mem-info id="298" free="14680064" total="60817408" percent="24">
    <mem type="eden" free="0" total="22020096" percent="0" />
    <remembered-set count="13440" freebytes="2373888" totalbytes="2427648" percent="97" regionsoverflowed="0" regionsstable="1" regionsrebuilding="0"/>
  </mem-info>
</gc-start>
<allocation-stats totalBytes="22017376" >
  <allocated-bytes non-tlh="0" tlh="22017376" arrayletleaf="0"/>
  <largest-consumer threadName="Thread-7" threadId="0000000002791900" bytes="5995864" />
</allocation-stats>
<gc-op id="299" type="copy forward" timems="2.896" contextid="296" timestamp="2019-06-16T01:53:29.573">
  <memory-copied type="eden" objects="14508" bytes="624448" bytesdiscarded="0" />
  <memory-copied type="other" objects="9605" bytes="367896" bytesdiscarded="0" />
  <memory-cardclean objects="5546" bytes="301992" />
  <regions eden="21" other="1" />
  <remembered-set-cleared processed="10989" cleared="602" durationms="0.161" />
  <stringconstants candidates="4597" cleared="0"  />
</gc-op>
<gc-op id="300" type="classunload" timems="0.002" contextid="296" timestamp="2019-06-16T01:53:29.574">
  <classunload-info classloadercandidates="8" classloadersunloaded="0" classesunloaded="0" anonymousclassesunloaded="0" quiescems="0.000" setupms="0.002" scanms="0.000" postms="0.000" />
</gc-op>
<heap-resize id="301" type="expand" space="default" amount="2097152" count="1" timems="0.067" reason="excessive time being spent in gc" timestamp="2019-06-16T01:53:29.574" />
<gc-end id="302" type="partial gc" contextid="296" durationms="3.891" usertimems="4.000" systemtimems="0.000" timestamp="2019-06-16T01:53:29.574" activeThreads="1">
  <mem-info id="303" free="37748736" total="62914560" percent="60">
    <mem type="eden" free="424128" total="1048576" percent="40" />
    <remembered-set count="14464" freebytes="2453504" totalbytes="2511360" percent="97" regionsoverflowed="0" regionsstable="1" regionsrebuilding="0"/>
  </mem-info>
</gc-end>
<cycle-end id="304" type="partial gc" contextid="296" timestamp="2019-06-16T01:53:29.574" />
  <attribute name="elasticGC enabled" value="1" />
  <attribute name= "numThreadsSpecified" value="1" />
  <attribute name="heapSize specified" value="0" />
  <attribute name="Current GC Util" value="64" />
  <attribute name= "Current Time Running" value="1354" />
  <attribute name ="GC Interval" value="0" />
  <attribute name="ProportionalT" value="66.000000" />
  <attribute name="ProportionalI" value="66.000000" />
  <attribute name="ProportionalH" value="66.000000" />
  <attribute name="Current Error" value="44.000000" />
  <attribute name="IntegralT" value="0.000000" />
  <attribute name="IntegralI" value="0.000000" />
  <attribute name="IntegralH" value="0.000000" />
  <attribute name="DerivativeT" value="inf" />
  <attribute name="DerivativeI" value="inf" />
  <attribute name="DerivativeH" value="inf" />
  <attribute name="Loop Time for DT" value="0.000000" />
  <attribute name="Output H" value="8388608"/>
  <attribute name="Output I" value="200"/>
  <attribute name="Output T" value="1"/>
  <attribute name="Target GC Util Change" value ="20.000000" />
  <attribute name="Current GC Util Change" value="64.000000"/>
  <attribute name="GC Util currently" value="64" />
  <attribute name="CPU Util currently" value="20891273792599" />
<exclusive-end id="305" timestamp="2019-06-16T01:53:29.574" durationms="4.667" />

<exclusive-start id="306" timestamp="2019-06-16T01:53:29.591" intervalms="21.856">
  <response-info timems="0.035" idlems="0.020" threads="1" lastid="000000000278DD00" lastname="Thread-8" />
</exclusive-start>
<allocation-taxation id="307" taxation-threshold="22020096" timestamp="2019-06-16T01:53:29.592" intervalms="21.844" />
<cycle-start id="308" type="partial gc" contextid="0" timestamp="2019-06-16T01:53:29.592" intervalms="21.871" />
<gc-start id="309" type="partial gc" contextid="308" timestamp="2019-06-16T01:53:29.592">
  <mem-info id="310" free="15728640" total="62914560" percent="25">
    <mem type="eden" free="0" total="22020096" percent="0" />
    <remembered-set count="14048" freebytes="2455168" totalbytes="2511360" percent="97" regionsoverflowed="0" regionsstable="1" regionsrebuilding="0"/>
  </mem-info>
</gc-start>
<allocation-stats totalBytes="22017392" >
  <allocated-bytes non-tlh="0" tlh="22017392" arrayletleaf="0"/>
  <largest-consumer threadName="Thread-10" threadId="0000000002795500" bytes="6237504" />
</allocation-stats>
<gc-op id="311" type="copy forward" timems="2.430" contextid="308" timestamp="2019-06-16T01:53:29.595">
  <memory-copied type="eden" objects="4363" bytes="105976" bytesdiscarded="0" />
  <memory-copied type="other" objects="14209" bytes="615768" bytesdiscarded="0" />
  <memory-cardclean objects="5189" bytes="272832" />
  <regions eden="21" other="1" />
  <remembered-set-cleared processed="11628" cleared="536" durationms="0.162" />
  <stringconstants candidates="4597" cleared="0"  />
</gc-op>
<gc-op id="312" type="classunload" timems="0.002" contextid="308" timestamp="2019-06-16T01:53:29.595">
  <classunload-info classloadercandidates="8" classloadersunloaded="0" classesunloaded="0" anonymousclassesunloaded="0" quiescems="0.000" setupms="0.002" scanms="0.000" postms="0.000" />
</gc-op>
<heap-resize id="313" type="expand" space="default" amount="3145728" count="1" timems="0.073" reason="excessive time being spent in gc" timestamp="2019-06-16T01:53:29.595" />
<gc-end id="314" type="partial gc" contextid="308" durationms="3.482" usertimems="4.000" systemtimems="0.000" timestamp="2019-06-16T01:53:29.595" activeThreads="1">
  <mem-info id="315" free="39845888" total="66060288" percent="60">
    <mem type="eden" free="942600" total="1048576" percent="89" />
    <remembered-set count="15136" freebytes="2576384" totalbytes="2636928" percent="97" regionsoverflowed="0" regionsstable="1" regionsrebuilding="0"/>
  </mem-info>
</gc-end>
<cycle-end id="316" type="partial gc" contextid="308" timestamp="2019-06-16T01:53:29.595" />
  <attribute name="elasticGC enabled" value="1" />
  <attribute name= "numThreadsSpecified" value="1" />
  <attribute name="heapSize specified" value="0" />
  <attribute name="Current GC Util" value="60" />
  <attribute name= "Current Time Running" value="1376" />
  <attribute name ="GC Interval" value="0" />
  <attribute name="ProportionalT" value="60.000000" />
  <attribute name="ProportionalI" value="60.000000" />
  <attribute name="ProportionalH" value="60.000000" />
  <attribute name="Current Error" value="40.000000" />
  <attribute name="IntegralT" value="0.000000" />
  <attribute name="IntegralI" value="0.000000" />
  <attribute name="IntegralH" value="0.000000" />
  <attribute name="DerivativeT" value="inf" />
  <attribute name="DerivativeI" value="inf" />
  <attribute name="DerivativeH" value="inf" />
  <attribute name="Loop Time for DT" value="0.000000" />
  <attribute name="Output H" value="8388608"/>
  <attribute name="Output I" value="200"/>
  <attribute name="Output T" value="1"/>
  <attribute name="Target GC Util Change" value ="20.000000" />
  <attribute name="Current GC Util Change" value="60.000000"/>
  <attribute name="GC Util currently" value="60" />
  <attribute name="CPU Util currently" value="20419694993447" />
<exclusive-end id="317" timestamp="2019-06-16T01:53:29.596" durationms="4.265" />

<exclusive-start id="318" timestamp="2019-06-16T01:53:29.616" intervalms="24.746">
  <response-info timems="0.158" idlems="0.158" threads="0" lastid="0000000002791900" lastname="Thread-7" />
</exclusive-start>
<allocation-taxation id="319" taxation-threshold="23068672" timestamp="2019-06-16T01:53:29.616" intervalms="24.772" />
<cycle-start id="320" type="partial gc" contextid="0" timestamp="2019-06-16T01:53:29.616" intervalms="24.763" />
<gc-start id="321" type="partial gc" contextid="320" timestamp="2019-06-16T01:53:29.617">
  <mem-info id="322" free="16777216" total="66060288" percent="25">
    <mem type="eden" free="0" total="23068672" percent="0" />
    <remembered-set count="14944" freebytes="2577152" totalbytes="2636928" percent="97" regionsoverflowed="0" regionsstable="1" regionsrebuilding="0"/>
  </mem-info>
</gc-start>
<allocation-stats totalBytes="23065664" >
  <allocated-bytes non-tlh="0" tlh="23065664" arrayletleaf="0"/>
  <largest-consumer threadName="Thread-7" threadId="0000000002791900" bytes="7810128" />
</allocation-stats>
<gc-op id="323" type="copy forward" timems="1.768" contextid="320" timestamp="2019-06-16T01:53:29.619">
  <memory-copied type="eden" objects="2746" bytes="67488" bytesdiscarded="0" />
  <memory-copied type="other" objects="4084" bytes="98016" bytesdiscarded="0" />
  <memory-cardclean objects="8659" bytes="454200" />
  <regions eden="22" other="1" />
  <remembered-set-cleared processed="12259" cleared="470" durationms="0.174" />
  <stringconstants candidates="4597" cleared="0"  />
</gc-op>
<gc-op id="324" type="classunload" timems="0.003" contextid="320" timestamp="2019-06-16T01:53:29.619">
  <classunload-info classloadercandidates="8" classloadersunloaded="0" classesunloaded="0" anonymousclassesunloaded="0" quiescems="0.000" setupms="0.003" scanms="0.000" postms="0.000" />
</gc-op>
<heap-resize id="325" type="expand" space="default" amount="2097152" count="1" timems="0.066" reason="excessive time being spent in gc" timestamp="2019-06-16T01:53:29.620" />
<gc-end id="326" type="partial gc" contextid="320" durationms="2.977" usertimems="4.000" systemtimems="0.000" timestamp="2019-06-16T01:53:29.620" activeThreads="1">
  <mem-info id="327" free="40894464" total="68157440" percent="60">
    <mem type="eden" free="981088" total="1048576" percent="93" />
    <remembered-set count="15872" freebytes="2657152" totalbytes="2720640" percent="97" regionsoverflowed="0" regionsstable="1" regionsrebuilding="0"/>
  </mem-info>
</gc-end>
<cycle-end id="328" type="partial gc" contextid="320" timestamp="2019-06-16T01:53:29.620" />
  <attribute name="elasticGC enabled" value="1" />
  <attribute name= "numThreadsSpecified" value="1" />
  <attribute name="heapSize specified" value="0" />
  <attribute name="Current GC Util" value="61" />
  <attribute name= "Current Time Running" value="1401" />
  <attribute name ="GC Interval" value="0" />
  <attribute name="ProportionalT" value="61.500000" />
  <attribute name="ProportionalI" value="61.500000" />
  <attribute name="ProportionalH" value="61.500000" />
  <attribute name="Current Error" value="41.000000" />
  <attribute name="IntegralT" value="0.000000" />
  <attribute name="IntegralI" value="0.000000" />
  <attribute name="IntegralH" value="0.000000" />
  <attribute name="DerivativeT" value="inf" />
  <attribute name="DerivativeI" value="inf" />
  <attribute name="DerivativeH" value="inf" />
  <attribute name="Loop Time for DT" value="0.000000" />
  <attribute name="Output H" value="8388608"/>
  <attribute name="Output I" value="200"/>
  <attribute name="Output T" value="1"/>
  <attribute name="Target GC Util Change" value ="20.000000" />
  <attribute name="Current GC Util Change" value="61.000000"/>
  <attribute name="GC Util currently" value="61" />
  <attribute name="CPU Util currently" value="17657455790013" />
<exclusive-end id="329" timestamp="2019-06-16T01:53:29.620" durationms="3.904" />

<exclusive-start id="330" timestamp="2019-06-16T01:53:29.643" intervalms="26.478">
  <response-info timems="1.441" idlems="0.746" threads="1" lastid="000000000278DD00" lastname="Thread-8" />
</exclusive-start>
<allocation-taxation id="331" taxation-threshold="24117248" timestamp="2019-06-16T01:53:29.643" intervalms="26.457" />
<cycle-start id="332" type="partial gc" contextid="0" timestamp="2019-06-16T01:53:29.643" intervalms="26.532" />
<gc-start id="333" type="partial gc" contextid="332" timestamp="2019-06-16T01:53:29.643">
  <mem-info id="334" free="16777216" total="68157440" percent="24">
    <mem type="eden" free="0" total="24117248" percent="0" />
    <remembered-set count="15680" freebytes="2657920" totalbytes="2720640" percent="97" regionsoverflowed="0" regionsstable="1" regionsrebuilding="0"/>
  </mem-info>
</gc-start>
<allocation-stats totalBytes="24114312" >
  <allocated-bytes non-tlh="0" tlh="24114312" arrayletleaf="0"/>
  <largest-consumer threadName="Thread-7" threadId="0000000002791900" bytes="8113160" />
</allocation-stats>
<gc-op id="335" type="copy forward" timems="1.808" contextid="332" timestamp="2019-06-16T01:53:29.646">
  <memory-copied type="eden" objects="3484" bytes="84992" bytesdiscarded="4312" />
  <memory-copied type="other" objects="2414" bytes="57936" bytesdiscarded="1032" />
  <memory-cardclean objects="8169" bytes="393120" />
  <regions eden="23" other="1" />
  <remembered-set-cleared processed="13132" cleared="659" durationms="0.110" />
  <stringconstants candidates="4597" cleared="0"  />
</gc-op>
<gc-op id="336" type="classunload" timems="0.002" contextid="332" timestamp="2019-06-16T01:53:29.646">
  <classunload-info classloadercandidates="8" classloadersunloaded="0" classesunloaded="0" anonymousclassesunloaded="0" quiescems="0.000" setupms="0.002" scanms="0.000" postms="0.000" />
</gc-op>
<heap-resize id="337" type="expand" space="default" amount="3145728" count="1" timems="0.072" reason="excessive time being spent in gc" timestamp="2019-06-16T01:53:29.646" />
<gc-end id="338" type="partial gc" contextid="332" durationms="2.892" usertimems="8.000" systemtimems="0.000" timestamp="2019-06-16T01:53:29.646" activeThreads="4">
  <mem-info id="339" free="42991616" total="71303168" percent="60">
    <mem type="eden" free="959272" total="1048576" percent="91" />
    <remembered-set count="16160" freebytes="2781568" totalbytes="2846208" percent="97" regionsoverflowed="0" regionsstable="1" regionsrebuilding="0"/>
  </mem-info>
</gc-end>
<cycle-end id="340" type="partial gc" contextid="332" timestamp="2019-06-16T01:53:29.646" />
  <attribute name="elasticGC enabled" value="1" />
  <attribute name= "numThreadsSpecified" value="4" />
  <attribute name="heapSize specified" value="0" />
  <attribute name="Current GC Util" value="48" />
  <attribute name= "Current Time Running" value="1428" />
  <attribute name ="GC Interval" value="0" />
  <attribute name="ProportionalT" value="42.000000" />
  <attribute name="ProportionalI" value="42.000000" />
  <attribute name="ProportionalH" value="42.000000" />
  <attribute name="Current Error" value="28.000000" />
  <attribute name="IntegralT" value="28.000000" />
  <attribute name="IntegralI" value="28.000000" />
  <attribute name="IntegralH" value="28.000000" />
  <attribute name="DerivativeT" value="28.000000" />
  <attribute name="DerivativeI" value="28.000000" />
  <attribute name="DerivativeH" value="28.000000" />
  <attribute name="Loop Time for DT" value="1.000000" />
  <attribute name="Output H" value="8388608"/>
  <attribute name="Output I" value="200"/>
  <attribute name="Output T" value="4"/>
  <attribute name="Target GC Util Change" value ="20.000000" />
  <attribute name="Current GC Util Change" value="48.000000"/>
  <attribute name="GC Util currently" value="48" />
  <attribute name="CPU Util currently" value="15488450094482" />
<exclusive-end id="341" timestamp="2019-06-16T01:53:29.647" durationms="3.890" />

<exclusive-start id="342" timestamp="2019-06-16T01:53:29.671" intervalms="27.967">
  <response-info timems="0.368" idlems="0.368" threads="0" lastid="0000000002791900" lastname="Thread-7" />
</exclusive-start>
<allocation-taxation id="343" taxation-threshold="24117248" timestamp="2019-06-16T01:53:29.671" intervalms="27.931" />
<cycle-start id="344" type="partial gc" contextid="0" timestamp="2019-06-16T01:53:29.671" intervalms="27.896" />
<gc-start id="345" type="partial gc" contextid="344" timestamp="2019-06-16T01:53:29.671">
  <mem-info id="346" free="18874368" total="71303168" percent="26">
    <mem type="eden" free="0" total="24117248" percent="0" />
    <remembered-set count="15968" freebytes="2782336" totalbytes="2846208" percent="97" regionsoverflowed="0" regionsstable="1" regionsrebuilding="0"/>
  </mem-info>
</gc-start>
<allocation-stats totalBytes="24114448" >
  <allocated-bytes non-tlh="0" tlh="24114448" arrayletleaf="0"/>
  <largest-consumer threadName="Thread-10" threadId="0000000002795500" bytes="8592432" />
</allocation-stats>
<gc-op id="347" type="copy forward" timems="2.284" contextid="344" timestamp="2019-06-16T01:53:29.675">
  <memory-copied type="eden" objects="16381" bytes="669352" bytesdiscarded="43032" />
  <memory-copied type="other" objects="3210" bytes="77040" bytesdiscarded="2856" />
  <memory-cardclean objects="7898" bytes="387744" />
  <regions eden="23" other="1" />
  <remembered-set-cleared processed="13827" cleared="789" durationms="0.121" />
  <stringconstants candidates="4597" cleared="0"  />
</gc-op>
<gc-op id="348" type="classunload" timems="0.003" contextid="344" timestamp="2019-06-16T01:53:29.675">
  <classunload-info classloadercandidates="8" classloadersunloaded="0" classesunloaded="0" anonymousclassesunloaded="0" quiescems="0.000" setupms="0.002" scanms="0.000" postms="0.000" />
</gc-op>
<heap-resize id="349" type="expand" space="default" amount="2097152" count="1" timems="0.069" reason="excessive time being spent in gc" timestamp="2019-06-16T01:53:29.675" />
<gc-end id="350" type="partial gc" contextid="344" durationms="3.977" usertimems="8.000" systemtimems="0.000" timestamp="2019-06-16T01:53:29.675" activeThreads="4">
  <mem-info id="351" free="44040192" total="73400320" percent="60">
    <mem type="eden" free="336192" total="1048576" percent="32" />
    <remembered-set count="17344" freebytes="2860544" totalbytes="2929920" percent="97" regionsoverflowed="0" regionsstable="1" regionsrebuilding="0"/>
  </mem-info>
</gc-end>
<cycle-end id="352" type="partial gc" contextid="344" timestamp="2019-06-16T01:53:29.675" />
  <attribute name="elasticGC enabled" value="1" />
  <attribute name= "numThreadsSpecified" value="4" />
  <attribute name="heapSize specified" value="0" />
  <attribute name="Current GC Util" value="11" />
  <attribute name= "Current Time Running" value="1456" />
  <attribute name ="GC Interval" value="0" />
  <attribute name="ProportionalT" value="-13.500000" />
  <attribute name="ProportionalI" value="-13.500000" />
  <attribute name="ProportionalH" value="-13.500000" />
  <attribute name="Current Error" value="-9.000000" />
  <attribute name="IntegralT" value="-9.000000" />
  <attribute name="IntegralI" value="-9.000000" />
  <attribute name="IntegralH" value="-9.000000" />
  <attribute name="DerivativeT" value="-9.000000" />
  <attribute name="DerivativeI" value="-9.000000" />
  <attribute name="DerivativeH" value="-9.000000" />
  <attribute name="Loop Time for DT" value="1.000000" />
  <attribute name="Output H" value="2091843584"/>
  <attribute name="Output I" value="200"/>
  <attribute name="Output T" value="4"/>
  <attribute name="Target GC Util Change" value ="20.000000" />
  <attribute name="Current GC Util Change" value="11.000000"/>
  <attribute name="GC Util currently" value="11" />
  <attribute name="CPU Util currently" value="4590953270553" />
<exclusive-end id="353" timestamp="2019-06-16T01:53:29.675" durationms="4.735" />

<exclusive-start id="354" timestamp="2019-06-16T01:53:29.702" intervalms="31.857">
  <response-info timems="1.371" idlems="0.696" threads="1" lastid="000000000278DD00" lastname="Thread-8" />
</exclusive-start>
<allocation-taxation id="355" taxation-threshold="25165824" timestamp="2019-06-16T01:53:29.703" intervalms="31.928" />
<cycle-start id="356" type="partial gc" contextid="0" timestamp="2019-06-16T01:53:29.703" intervalms="31.894" />
<gc-start id="357" type="partial gc" contextid="356" timestamp="2019-06-16T01:53:29.703">
  <mem-info id="358" free="18874368" total="73400320" percent="25">
    <mem type="eden" free="0" total="25165824" percent="0" />
    <remembered-set count="17120" freebytes="2861440" totalbytes="2929920" percent="97" regionsoverflowed="0" regionsstable="2" regionsrebuilding="0"/>
  </mem-info>
</gc-start>
<allocation-stats totalBytes="25163008" >
  <allocated-bytes non-tlh="0" tlh="25163008" arrayletleaf="0"/>
  <largest-consumer threadName="Thread-10" threadId="0000000002795500" bytes="8285192" />
</allocation-stats>
<gc-op id="359" type="copy forward" timems="2.364" contextid="356" timestamp="2019-06-16T01:53:29.706">
  <memory-copied type="eden" objects="6212" bytes="149904" bytesdiscarded="0" />
  <memory-copied type="other" objects="9132" bytes="360624" bytesdiscarded="0" />
  <memory-cardclean objects="5400" bytes="268320" />
  <regions eden="24" other="1" />
  <remembered-set-cleared processed="14587" cleared="775" durationms="0.200" />
  <stringconstants candidates="4597" cleared="0"  />
</gc-op>
<gc-op id="360" type="classunload" timems="0.003" contextid="356" timestamp="2019-06-16T01:53:29.706">
  <classunload-info classloadercandidates="8" classloadersunloaded="0" classesunloaded="0" anonymousclassesunloaded="0" quiescems="0.000" setupms="0.002" scanms="0.000" postms="0.000" />
</gc-op>
<heap-resize id="361" type="expand" space="default" amount="3145728" count="1" timems="0.075" reason="excessive time being spent in gc" timestamp="2019-06-16T01:53:29.707" />
<gc-end id="362" type="partial gc" contextid="356" durationms="3.609" usertimems="0.000" systemtimems="0.000" timestamp="2019-06-16T01:53:29.707" activeThreads="1">
  <mem-info id="363" free="46137344" total="76546048" percent="60">
    <mem type="eden" free="898672" total="1048576" percent="85" />
    <remembered-set count="18336" freebytes="2982144" totalbytes="3055488" percent="97" regionsoverflowed="0" regionsstable="2" regionsrebuilding="0"/>
  </mem-info>
</gc-end>
<cycle-end id="364" type="partial gc" contextid="356" timestamp="2019-06-16T01:53:29.707" />
  <attribute name="elasticGC enabled" value="1" />
  <attribute name= "numThreadsSpecified" value="1" />
  <attribute name="heapSize specified" value="0" />
  <attribute name="Current GC Util" value="48" />
  <attribute name= "Current Time Running" value="1487" />
  <attribute name ="GC Interval" value="0" />
  <attribute name="ProportionalT" value="42.000000" />
  <attribute name="ProportionalI" value="42.000000" />
  <attribute name="ProportionalH" value="42.000000" />
  <attribute name="Current Error" value="28.000000" />
  <attribute name="IntegralT" value="0.000000" />
  <attribute name="IntegralI" value="0.000000" />
  <attribute name="IntegralH" value="0.000000" />
  <attribute name="DerivativeT" value="inf" />
  <attribute name="DerivativeI" value="inf" />
  <attribute name="DerivativeH" value="inf" />
  <attribute name="Loop Time for DT" value="0.000000" />
  <attribute name="Output H" value="8388608"/>
  <attribute name="Output I" value="200"/>
  <attribute name="Output T" value="1"/>
  <attribute name="Target GC Util Change" value ="20.000000" />
  <attribute name="Current GC Util Change" value="48.000000"/>
  <attribute name="GC Util currently" value="48" />
  <attribute name="CPU Util currently" value="16001519815471" />
<exclusive-end id="365" timestamp="2019-06-16T01:53:29.707" durationms="4.523" />

<exclusive-start id="366" timestamp="2019-06-16T01:53:29.730" intervalms="27.446">
  <response-info timems="0.298" idlems="0.298" threads="0" lastid="0000000002799100" lastname="Thread-9" />
</exclusive-start>
<allocation-taxation id="367" taxation-threshold="26214400" timestamp="2019-06-16T01:53:29.730" intervalms="27.421" />
<cycle-start id="368" type="partial gc" contextid="0" timestamp="2019-06-16T01:53:29.730" intervalms="27.417" />
<gc-start id="369" type="partial gc" contextid="368" timestamp="2019-06-16T01:53:29.731">
  <mem-info id="370" free="19922944" total="76546048" percent="26">
    <mem type="eden" free="0" total="26214400" percent="0" />
    <remembered-set count="17856" freebytes="2984064" totalbytes="3055488" percent="97" regionsoverflowed="0" regionsstable="2" regionsrebuilding="0"/>
  </mem-info>
</gc-start>
<allocation-stats totalBytes="26211400" >
  <allocated-bytes non-tlh="0" tlh="26211400" arrayletleaf="0"/>
  <largest-consumer threadName="Thread-10" threadId="0000000002795500" bytes="8649728" />
</allocation-stats>
<gc-op id="371" type="copy forward" timems="3.226" contextid="368" timestamp="2019-06-16T01:53:29.734">
  <memory-copied type="eden" objects="19414" bytes="849408" bytesdiscarded="0" />
  <memory-copied type="other" objects="6047" bytes="145128" bytesdiscarded="0" />
  <memory-cardclean objects="8620" bytes="445368" />
  <regions eden="25" other="1" />
  <remembered-set-cleared processed="15144" cleared="576" durationms="0.203" />
  <stringconstants candidates="4597" cleared="0"  />
</gc-op>
<gc-op id="372" type="classunload" timems="0.003" contextid="368" timestamp="2019-06-16T01:53:29.735">
  <classunload-info classloadercandidates="8" classloadersunloaded="0" classesunloaded="0" anonymousclassesunloaded="0" quiescems="0.000" setupms="0.003" scanms="0.000" postms="0.000" />
</gc-op>
<heap-resize id="373" type="expand" space="default" amount="2097152" count="1" timems="0.070" reason="excessive time being spent in gc" timestamp="2019-06-16T01:53:29.735" />
<gc-end id="374" type="partial gc" contextid="368" durationms="4.272" usertimems="12.000" systemtimems="0.000" timestamp="2019-06-16T01:53:29.735" activeThreads="1">
  <mem-info id="375" free="47185920" total="78643200" percent="60">
    <mem type="eden" free="199168" total="1048576" percent="18" />
    <remembered-set count="18688" freebytes="3064448" totalbytes="3139200" percent="97" regionsoverflowed="0" regionsstable="2" regionsrebuilding="0"/>
  </mem-info>
</gc-end>
<cycle-end id="376" type="partial gc" contextid="368" timestamp="2019-06-16T01:53:29.735" />
  <attribute name="elasticGC enabled" value="1" />
  <attribute name= "numThreadsSpecified" value="1" />
  <attribute name="heapSize specified" value="0" />
  <attribute name="Current GC Util" value="47" />
  <attribute name= "Current Time Running" value="1515" />
  <attribute name ="GC Interval" value="0" />
  <attribute name="ProportionalT" value="40.500000" />
  <attribute name="ProportionalI" value="40.500000" />
  <attribute name="ProportionalH" value="40.500000" />
  <attribute name="Current Error" value="27.000000" />
  <attribute name="IntegralT" value="0.000000" />
  <attribute name="IntegralI" value="0.000000" />
  <attribute name="IntegralH" value="0.000000" />
  <attribute name="DerivativeT" value="inf" />
  <attribute name="DerivativeI" value="inf" />
  <attribute name="DerivativeH" value="inf" />
  <attribute name="Loop Time for DT" value="0.000000" />
  <attribute name="Output H" value="8388608"/>
  <attribute name="Output I" value="200"/>
  <attribute name="Output T" value="1"/>
  <attribute name="Target GC Util Change" value ="20.000000" />
  <attribute name="Current GC Util Change" value="47.000000"/>
  <attribute name="GC Util currently" value="47" />
  <attribute name="CPU Util currently" value="16431458534774" />
<exclusive-end id="377" timestamp="2019-06-16T01:53:29.735" durationms="5.231" />

<exclusive-start id="378" timestamp="2019-06-16T01:53:29.762" intervalms="32.198">
  <response-info timems="0.196" idlems="0.196" threads="0" lastid="0000000002799100" lastname="Thread-9" />
</exclusive-start>
<allocation-taxation id="379" taxation-threshold="26214400" timestamp="2019-06-16T01:53:29.762" intervalms="32.213" />
<cycle-start id="380" type="partial gc" contextid="0" timestamp="2019-06-16T01:53:29.762" intervalms="32.261" />
<gc-start id="381" type="partial gc" contextid="380" timestamp="2019-06-16T01:53:29.763">
  <mem-info id="382" free="20971520" total="78643200" percent="26">
    <mem type="eden" free="0" total="26214400" percent="0" />
    <remembered-set count="18496" freebytes="3065216" totalbytes="3139200" percent="97" regionsoverflowed="0" regionsstable="2" regionsrebuilding="0"/>
  </mem-info>
</gc-start>
<allocation-stats totalBytes="26211328" >
  <allocated-bytes non-tlh="0" tlh="26211328" arrayletleaf="0"/>
  <largest-consumer threadName="Thread-10" threadId="0000000002795500" bytes="9358176" />
</allocation-stats>
<gc-op id="383" type="copy forward" timems="3.277" contextid="380" timestamp="2019-06-16T01:53:29.767">
  <memory-copied type="eden" objects="9718" bytes="401816" bytesdiscarded="0" />
  <memory-copied type="other" objects="19165" bytes="842208" bytesdiscarded="0" />
  <memory-cardclean objects="4191" bytes="214128" />
  <regions eden="25" other="1" />
  <remembered-set-cleared processed="16067" cleared="772" durationms="0.212" />
  <stringconstants candidates="4597" cleared="0"  />
</gc-op>
<gc-op id="384" type="classunload" timems="0.002" contextid="380" timestamp="2019-06-16T01:53:29.767">
  <classunload-info classloadercandidates="8" classloadersunloaded="0" classesunloaded="0" anonymousclassesunloaded="0" quiescems="0.000" setupms="0.002" scanms="0.000" postms="0.000" />
</gc-op>
<heap-resize id="385" type="expand" space="default" amount="3145728" count="1" timems="0.075" reason="excessive time being spent in gc" timestamp="2019-06-16T01:53:29.767" />
<gc-end id="386" type="partial gc" contextid="380" durationms="4.613" usertimems="4.000" systemtimems="0.000" timestamp="2019-06-16T01:53:29.767" activeThreads="1">
  <mem-info id="387" free="49283072" total="81788928" percent="60">
    <mem type="eden" free="646760" total="1048576" percent="61" />
    <remembered-set count="19328" freebytes="3187456" totalbytes="3264768" percent="97" regionsoverflowed="0" regionsstable="2" regionsrebuilding="0"/>
  </mem-info>
</gc-end>
<cycle-end id="388" type="partial gc" contextid="380" timestamp="2019-06-16T01:53:29.768" />
  <attribute name="elasticGC enabled" value="1" />
  <attribute name= "numThreadsSpecified" value="1" />
  <attribute name="heapSize specified" value="0" />
  <attribute name="Current GC Util" value="58" />
  <attribute name= "Current Time Running" value="1547" />
  <attribute name ="GC Interval" value="0" />
  <attribute name="ProportionalT" value="57.000000" />
  <attribute name="ProportionalI" value="57.000000" />
  <attribute name="ProportionalH" value="57.000000" />
  <attribute name="Current Error" value="38.000000" />
  <attribute name="IntegralT" value="0.000000" />
  <attribute name="IntegralI" value="0.000000" />
  <attribute name="IntegralH" value="0.000000" />
  <attribute name="DerivativeT" value="inf" />
  <attribute name="DerivativeI" value="inf" />
  <attribute name="DerivativeH" value="inf" />
  <attribute name="Loop Time for DT" value="0.000000" />
  <attribute name="Output H" value="8388608"/>
  <attribute name="Output I" value="200"/>
  <attribute name="Output T" value="1"/>
  <attribute name="Target GC Util Change" value ="20.000000" />
  <attribute name="Current GC Util Change" value="58.000000"/>
  <attribute name="GC Util currently" value="58" />
  <attribute name="CPU Util currently" value="15981501556575" />
<exclusive-end id="389" timestamp="2019-06-16T01:53:29.768" durationms="5.691" />

<exclusive-start id="390" timestamp="2019-06-16T01:53:29.794" intervalms="32.026">
  <response-info timems="0.033" idlems="0.033" threads="0" lastid="000000000278DD00" lastname="Thread-8" />
</exclusive-start>
<allocation-taxation id="391" taxation-threshold="27262976" timestamp="2019-06-16T01:53:29.794" intervalms="32.027" />
<cycle-start id="392" type="partial gc" contextid="0" timestamp="2019-06-16T01:53:29.794" intervalms="31.995" />
<gc-start id="393" type="partial gc" contextid="392" timestamp="2019-06-16T01:53:29.795">
  <mem-info id="394" free="22020096" total="81788928" percent="26">
    <mem type="eden" free="0" total="27262976" percent="0" />
    <remembered-set count="19136" freebytes="3188224" totalbytes="3264768" percent="97" regionsoverflowed="0" regionsstable="2" regionsrebuilding="0"/>
  </mem-info>
</gc-start>
<allocation-stats totalBytes="27259752" >
  <allocated-bytes non-tlh="0" tlh="27259752" arrayletleaf="0"/>
  <largest-consumer threadName="Thread-10" threadId="0000000002795500" bytes="9595808" />
</allocation-stats>
<gc-op id="395" type="copy forward" timems="2.239" contextid="392" timestamp="2019-06-16T01:53:29.798">
  <memory-copied type="eden" objects="2892" bytes="70864" bytesdiscarded="0" />
  <memory-copied type="other" objects="9448" bytes="394008" bytesdiscarded="0" />
  <memory-cardclean objects="4282" bytes="267624" />
  <regions eden="26" other="1" />
  <remembered-set-cleared processed="16716" cleared="536" durationms="0.216" />
  <stringconstants candidates="4597" cleared="0"  />
</gc-op>
<gc-op id="396" type="classunload" timems="0.003" contextid="392" timestamp="2019-06-16T01:53:29.798">
  <classunload-info classloadercandidates="8" classloadersunloaded="0" classesunloaded="0" anonymousclassesunloaded="0" quiescems="0.000" setupms="0.002" scanms="0.000" postms="0.000" />
</gc-op>
<heap-resize id="397" type="expand" space="default" amount="2097152" count="1" timems="0.069" reason="excessive time being spent in gc" timestamp="2019-06-16T01:53:29.798" />
<gc-end id="398" type="partial gc" contextid="392" durationms="3.433" usertimems="8.000" systemtimems="0.000" timestamp="2019-06-16T01:53:29.798" activeThreads="1">
  <mem-info id="399" free="50331648" total="83886080" percent="60">
    <mem type="eden" free="977712" total="1048576" percent="93" />
    <remembered-set count="20288" freebytes="3267328" totalbytes="3348480" percent="97" regionsoverflowed="0" regionsstable="2" regionsrebuilding="0"/>
  </mem-info>
</gc-end>
<cycle-end id="400" type="partial gc" contextid="392" timestamp="2019-06-16T01:53:29.798" />
  <attribute name="elasticGC enabled" value="1" />
  <attribute name= "numThreadsSpecified" value="1" />
  <attribute name="heapSize specified" value="0" />
  <attribute name="Current GC Util" value="52" />
  <attribute name= "Current Time Running" value="1579" />
  <attribute name ="GC Interval" value="0" />
  <attribute name="ProportionalT" value="48.000000" />
  <attribute name="ProportionalI" value="48.000000" />
  <attribute name="ProportionalH" value="48.000000" />
  <attribute name="Current Error" value="32.000000" />
  <attribute name="IntegralT" value="0.000000" />
  <attribute name="IntegralI" value="0.000000" />
  <attribute name="IntegralH" value="0.000000" />
  <attribute name="DerivativeT" value="inf" />
  <attribute name="DerivativeI" value="inf" />
  <attribute name="DerivativeH" value="inf" />
  <attribute name="Loop Time for DT" value="0.000000" />
  <attribute name="Output H" value="8388608"/>
  <attribute name="Output I" value="200"/>
  <attribute name="Output T" value="1"/>
  <attribute name="Target GC Util Change" value ="20.000000" />
  <attribute name="Current GC Util Change" value="52.000000"/>
  <attribute name="GC Util currently" value="52" />
  <attribute name="CPU Util currently" value="17255493790875" />
<exclusive-end id="401" timestamp="2019-06-16T01:53:29.799" durationms="4.404" />

<exclusive-start id="402" timestamp="2019-06-16T01:53:29.823" intervalms="29.098">
  <response-info timems="0.030" idlems="0.030" threads="0" lastid="000000000278DD00" lastname="Thread-8" />
</exclusive-start>
<allocation-taxation id="403" taxation-threshold="27262976" timestamp="2019-06-16T01:53:29.823" intervalms="29.113" />
<cycle-start id="404" type="partial gc" contextid="0" timestamp="2019-06-16T01:53:29.824" intervalms="29.117" />
<gc-start id="405" type="partial gc" contextid="404" timestamp="2019-06-16T01:53:29.824">
  <mem-info id="406" free="23068672" total="83886080" percent="27">
    <mem type="eden" free="0" total="27262976" percent="0" />
    <remembered-set count="19872" freebytes="3268992" totalbytes="3348480" percent="97" regionsoverflowed="0" regionsstable="2" regionsrebuilding="0"/>
  </mem-info>
</gc-start>
<allocation-stats totalBytes="27259488" >
  <allocated-bytes non-tlh="0" tlh="27259488" arrayletleaf="0"/>
  <largest-consumer threadName="Thread-8" threadId="000000000278DD00" bytes="11561368" />
</allocation-stats>
<gc-op id="407" type="copy forward" timems="1.632" contextid="404" timestamp="2019-06-16T01:53:29.826">
  <memory-copied type="eden" objects="1972" bytes="48560" bytesdiscarded="0" />
  <memory-copied type="other" objects="2597" bytes="62328" bytesdiscarded="0" />
  <memory-cardclean objects="6433" bytes="328800" />
  <regions eden="26" other="1" />
  <remembered-set-cleared processed="17295" cleared="556" durationms="0.224" />
  <stringconstants candidates="4597" cleared="0"  />
</gc-op>
<gc-op id="408" type="classunload" timems="0.002" contextid="404" timestamp="2019-06-16T01:53:29.826">
  <classunload-info classloadercandidates="8" classloadersunloaded="0" classesunloaded="0" anonymousclassesunloaded="0" quiescems="0.000" setupms="0.002" scanms="0.000" postms="0.000" />
</gc-op>
<heap-resize id="409" type="expand" space="default" amount="3145728" count="1" timems="0.077" reason="excessive time being spent in gc" timestamp="2019-06-16T01:53:29.827" />
<gc-end id="410" type="partial gc" contextid="404" durationms="2.806" usertimems="0.000" systemtimems="4.000" timestamp="2019-06-16T01:53:29.827" activeThreads="1">
  <mem-info id="411" free="52428800" total="87031808" percent="60">
    <mem type="eden" free="1000016" total="1048576" percent="95" />
    <remembered-set count="20832" freebytes="3390720" totalbytes="3474048" percent="97" regionsoverflowed="0" regionsstable="2" regionsrebuilding="0"/>
  </mem-info>
</gc-end>
<cycle-end id="412" type="partial gc" contextid="404" timestamp="2019-06-16T01:53:29.827" />
  <attribute name="elasticGC enabled" value="1" />
  <attribute name= "numThreadsSpecified" value="1" />
  <attribute name="heapSize specified" value="0" />
  <attribute name="Current GC Util" value="54" />
  <attribute name= "Current Time Running" value="1608" />
  <attribute name ="GC Interval" value="0" />
  <attribute name="ProportionalT" value="51.000000" />
  <attribute name="ProportionalI" value="51.000000" />
  <attribute name="ProportionalH" value="51.000000" />
  <attribute name="Current Error" value="34.000000" />
  <attribute name="IntegralT" value="0.000000" />
  <attribute name="IntegralI" value="0.000000" />
  <attribute name="IntegralH" value="0.000000" />
  <attribute name="DerivativeT" value="inf" />
  <attribute name="DerivativeI" value="inf" />
  <attribute name="DerivativeH" value="inf" />
  <attribute name="Loop Time for DT" value="0.000000" />
  <attribute name="Output H" value="8388608"/>
  <attribute name="Output I" value="200"/>
  <attribute name="Output T" value="1"/>
  <attribute name="Target GC Util Change" value ="20.000000" />
  <attribute name="Current GC Util Change" value="54.000000"/>
  <attribute name="GC Util currently" value="54" />
  <attribute name="CPU Util currently" value="19468366035974" />
<exclusive-end id="413" timestamp="2019-06-16T01:53:29.827" durationms="3.830" />

<exclusive-start id="414" timestamp="2019-06-16T01:53:29.846" intervalms="22.797">
  <response-info timems="0.127" idlems="0.127" threads="0" lastid="000000000278DD00" lastname="Thread-8" />
</exclusive-start>
<allocation-taxation id="415" taxation-threshold="28311552" timestamp="2019-06-16T01:53:29.846" intervalms="22.749" />
<cycle-start id="416" type="partial gc" contextid="0" timestamp="2019-06-16T01:53:29.846" intervalms="22.710" />
<gc-start id="417" type="partial gc" contextid="416" timestamp="2019-06-16T01:53:29.846">
  <mem-info id="418" free="24117248" total="87031808" percent="27">
    <mem type="eden" free="0" total="28311552" percent="0" />
    <remembered-set count="20480" freebytes="3392128" totalbytes="3474048" percent="97" regionsoverflowed="0" regionsstable="2" regionsrebuilding="0"/>
  </mem-info>
</gc-start>
<allocation-stats totalBytes="28308032" >
  <allocated-bytes non-tlh="0" tlh="28308032" arrayletleaf="0"/>
  <largest-consumer threadName="Thread-8" threadId="000000000278DD00" bytes="8170456" />
</allocation-stats>
<gc-op id="419" type="copy forward" timems="1.524" contextid="416" timestamp="2019-06-16T01:53:29.849">
  <memory-copied type="eden" objects="2232" bytes="55224" bytesdiscarded="0" />
  <memory-copied type="other" objects="1739" bytes="41736" bytesdiscarded="0" />
  <memory-cardclean objects="6388" bytes="307464" />
  <regions eden="27" other="1" />
  <remembered-set-cleared processed="17959" cleared="737" durationms="0.222" />
  <stringconstants candidates="4597" cleared="0"  />
</gc-op>
<gc-op id="420" type="classunload" timems="0.002" contextid="416" timestamp="2019-06-16T01:53:29.849">
  <classunload-info classloadercandidates="8" classloadersunloaded="0" classesunloaded="0" anonymousclassesunloaded="0" quiescems="0.000" setupms="0.002" scanms="0.000" postms="0.000" />
</gc-op>
<heap-resize id="421" type="expand" space="default" amount="2097152" count="1" timems="0.066" reason="excessive time being spent in gc" timestamp="2019-06-16T01:53:29.849" />
<gc-end id="422" type="partial gc" contextid="416" durationms="2.657" usertimems="4.000" systemtimems="0.000" timestamp="2019-06-16T01:53:29.849" activeThreads="1">
  <mem-info id="423" free="53477376" total="89128960" percent="60">
    <mem type="eden" free="993352" total="1048576" percent="94" />
    <remembered-set count="21344" freebytes="3472384" totalbytes="3557760" percent="97" regionsoverflowed="0" regionsstable="2" regionsrebuilding="0"/>
  </mem-info>
</gc-end>
<cycle-end id="424" type="partial gc" contextid="416" timestamp="2019-06-16T01:53:29.849" />
  <attribute name="elasticGC enabled" value="1" />
  <attribute name= "numThreadsSpecified" value="1" />
  <attribute name="heapSize specified" value="0" />
  <attribute name="Current GC Util" value="52" />
  <attribute name= "Current Time Running" value="1631" />
  <attribute name ="GC Interval" value="0" />
  <attribute name="ProportionalT" value="48.000000" />
  <attribute name="ProportionalI" value="48.000000" />
  <attribute name="ProportionalH" value="48.000000" />
  <attribute name="Current Error" value="32.000000" />
  <attribute name="IntegralT" value="0.000000" />
  <attribute name="IntegralI" value="0.000000" />
  <attribute name="IntegralH" value="0.000000" />
  <attribute name="DerivativeT" value="inf" />
  <attribute name="DerivativeI" value="inf" />
  <attribute name="DerivativeH" value="inf" />
  <attribute name="Loop Time for DT" value="0.000000" />
  <attribute name="Output H" value="8388608"/>
  <attribute name="Output I" value="200"/>
  <attribute name="Output T" value="1"/>
  <attribute name="Target GC Util Change" value ="20.000000" />
  <attribute name="Current GC Util Change" value="52.000000"/>
  <attribute name="GC Util currently" value="52" />
  <attribute name="CPU Util currently" value="20247828939390" />
<exclusive-end id="425" timestamp="2019-06-16T01:53:29.849" durationms="3.372" />

<exclusive-start id="426" timestamp="2019-06-16T01:53:29.879" intervalms="33.475">
  <response-info timems="0.032" idlems="0.032" threads="0" lastid="0000000002791900" lastname="Thread-7" />
</exclusive-start>
<allocation-taxation id="427" taxation-threshold="28311552" timestamp="2019-06-16T01:53:29.880" intervalms="33.487" />
<cycle-start id="428" type="partial gc" contextid="0" timestamp="2019-06-16T01:53:29.880" intervalms="33.503" />
<gc-start id="429" type="partial gc" contextid="428" timestamp="2019-06-16T01:53:29.880">
  <mem-info id="430" free="25165824" total="89128960" percent="28">
    <mem type="eden" free="0" total="28311552" percent="0" />
    <remembered-set count="21088" freebytes="3473408" totalbytes="3557760" percent="97" regionsoverflowed="0" regionsstable="2" regionsrebuilding="0"/>
  </mem-info>
</gc-start>
<allocation-stats totalBytes="28307936" >
  <allocated-bytes non-tlh="0" tlh="28307936" arrayletleaf="0"/>
  <largest-consumer threadName="Thread-10" threadId="0000000002795500" bytes="8539216" />
</allocation-stats>
<gc-op id="431" type="copy forward" timems="1.587" contextid="428" timestamp="2019-06-16T01:53:29.882">
  <memory-copied type="eden" objects="2053" bytes="50864" bytesdiscarded="0" />
  <memory-copied type="other" objects="1905" bytes="45720" bytesdiscarded="0" />
  <memory-cardclean objects="6273" bytes="301944" />
  <regions eden="27" other="1" />
  <remembered-set-cleared processed="18529" cleared="743" durationms="0.248" />
  <stringconstants candidates="4597" cleared="0"  />
</gc-op>
<gc-op id="432" type="classunload" timems="0.003" contextid="428" timestamp="2019-06-16T01:53:29.883">
  <classunload-info classloadercandidates="8" classloadersunloaded="0" classesunloaded="0" anonymousclassesunloaded="0" quiescems="0.000" setupms="0.003" scanms="0.000" postms="0.000" />
</gc-op>
<heap-resize id="433" type="expand" space="default" amount="3145728" count="1" timems="0.073" reason="excessive time being spent in gc" timestamp="2019-06-16T01:53:29.883" />
<gc-end id="434" type="partial gc" contextid="428" durationms="2.791" usertimems="4.000" systemtimems="0.000" timestamp="2019-06-16T01:53:29.883" activeThreads="1">
  <mem-info id="435" free="55574528" total="92274688" percent="60">
    <mem type="eden" free="997712" total="1048576" percent="95" />
    <remembered-set count="21920" freebytes="3595648" totalbytes="3683328" percent="97" regionsoverflowed="0" regionsstable="2" regionsrebuilding="0"/>
  </mem-info>
</gc-end>
<cycle-end id="436" type="partial gc" contextid="428" timestamp="2019-06-16T01:53:29.883" />
  <attribute name="elasticGC enabled" value="1" />
  <attribute name= "numThreadsSpecified" value="1" />
  <attribute name="heapSize specified" value="0" />
  <attribute name="Current GC Util" value="57" />
  <attribute name= "Current Time Running" value="1664" />
  <attribute name ="GC Interval" value="0" />
  <attribute name="ProportionalT" value="55.500000" />
  <attribute name="ProportionalI" value="55.500000" />
  <attribute name="ProportionalH" value="55.500000" />
  <attribute name="Current Error" value="37.000000" />
  <attribute name="IntegralT" value="0.000000" />
  <attribute name="IntegralI" value="0.000000" />
  <attribute name="IntegralH" value="0.000000" />
  <attribute name="DerivativeT" value="inf" />
  <attribute name="DerivativeI" value="inf" />
  <attribute name="DerivativeH" value="inf" />
  <attribute name="Loop Time for DT" value="0.000000" />
  <attribute name="Output H" value="8388608"/>
  <attribute name="Output I" value="200"/>
  <attribute name="Output T" value="1"/>
  <attribute name="Target GC Util Change" value ="20.000000" />
  <attribute name="Current GC Util Change" value="57.000000"/>
  <attribute name="GC Util currently" value="57" />
  <attribute name="CPU Util currently" value="18029399519235" />
<exclusive-end id="437" timestamp="2019-06-16T01:53:29.883" durationms="3.787" />

<exclusive-start id="438" timestamp="2019-06-16T01:53:29.917" intervalms="37.637">
  <response-info timems="0.058" idlems="0.058" threads="0" lastid="0000000002799100" lastname="Thread-9" />
</exclusive-start>
<allocation-taxation id="439" taxation-threshold="29360128" timestamp="2019-06-16T01:53:29.917" intervalms="37.661" />
<cycle-start id="440" type="partial gc" contextid="0" timestamp="2019-06-16T01:53:29.917" intervalms="37.677" />
<gc-start id="441" type="partial gc" contextid="440" timestamp="2019-06-16T01:53:29.918">
  <mem-info id="442" free="26214400" total="92274688" percent="28">
    <mem type="eden" free="0" total="29360128" percent="0" />
    <remembered-set count="21664" freebytes="3596672" totalbytes="3683328" percent="97" regionsoverflowed="0" regionsstable="2" regionsrebuilding="0"/>
  </mem-info>
</gc-start>
<allocation-stats totalBytes="29356424" >
  <allocated-bytes non-tlh="0" tlh="29356424" arrayletleaf="0"/>
  <largest-consumer threadName="Thread-10" threadId="0000000002795500" bytes="13351432" />
</allocation-stats>
<gc-op id="443" type="copy forward" timems="2.163" contextid="440" timestamp="2019-06-16T01:53:29.921">
  <memory-copied type="eden" objects="8972" bytes="354136" bytesdiscarded="0" />
  <memory-copied type="other" objects="1741" bytes="41784" bytesdiscarded="0" />
  <memory-cardclean objects="5743" bytes="280392" />
  <regions eden="28" other="1" />
  <remembered-set-cleared processed="19136" cleared="745" durationms="0.248" />
  <stringconstants candidates="4597" cleared="0"  />
</gc-op>
<gc-op id="444" type="classunload" timems="0.002" contextid="440" timestamp="2019-06-16T01:53:29.921">
  <classunload-info classloadercandidates="8" classloadersunloaded="0" classesunloaded="0" anonymousclassesunloaded="0" quiescems="0.000" setupms="0.002" scanms="0.000" postms="0.000" />
</gc-op>
<gc-end id="445" type="partial gc" contextid="440" durationms="3.322" usertimems="0.000" systemtimems="0.000" timestamp="2019-06-16T01:53:29.921" activeThreads="1">
  <mem-info id="446" free="54525952" total="92274688" percent="59">
    <mem type="eden" free="694440" total="1048576" percent="66" />
    <remembered-set count="22528" freebytes="3593216" totalbytes="3683328" percent="97" regionsoverflowed="0" regionsstable="2" regionsrebuilding="0"/>
  </mem-info>
</gc-end>
<cycle-end id="447" type="partial gc" contextid="440" timestamp="2019-06-16T01:53:29.921" />
  <attribute name="elasticGC enabled" value="1" />
  <attribute name= "numThreadsSpecified" value="1" />
  <attribute name="heapSize specified" value="0" />
  <attribute name="Current GC Util" value="55" />
  <attribute name= "Current Time Running" value="1702" />
  <attribute name ="GC Interval" value="0" />
  <attribute name="ProportionalT" value="52.500000" />
  <attribute name="ProportionalI" value="52.500000" />
  <attribute name="ProportionalH" value="52.500000" />
  <attribute name="Current Error" value="35.000000" />
  <attribute name="IntegralT" value="0.000000" />
  <attribute name="IntegralI" value="0.000000" />
  <attribute name="IntegralH" value="0.000000" />
  <attribute name="DerivativeT" value="inf" />
  <attribute name="DerivativeI" value="inf" />
  <attribute name="DerivativeH" value="inf" />
  <attribute name="Loop Time for DT" value="0.000000" />
  <attribute name="Output H" value="8388608"/>
  <attribute name="Output I" value="200"/>
  <attribute name="Output T" value="1"/>
  <attribute name="Target GC Util Change" value ="20.000000" />
  <attribute name="Current GC Util Change" value="55.000000"/>
  <attribute name="GC Util currently" value="55" />
  <attribute name="CPU Util currently" value="15984049573176" />
<exclusive-end id="448" timestamp="2019-06-16T01:53:29.921" durationms="4.312" />

<exclusive-start id="449" timestamp="2019-06-16T01:53:29.953" intervalms="36.216">
  <response-info timems="0.046" idlems="0.046" threads="0" lastid="0000000002791900" lastname="Thread-7" />
</exclusive-start>
<allocation-taxation id="450" taxation-threshold="29360128" timestamp="2019-06-16T01:53:29.953" intervalms="36.203" />
<cycle-start id="451" type="partial gc" contextid="0" timestamp="2019-06-16T01:53:29.954" intervalms="36.162" />
<gc-start id="452" type="partial gc" contextid="451" timestamp="2019-06-16T01:53:29.954">
  <mem-info id="453" free="25165824" total="92274688" percent="27">
    <mem type="eden" free="0" total="29360128" percent="0" />
    <remembered-set count="22304" freebytes="3594112" totalbytes="3683328" percent="97" regionsoverflowed="0" regionsstable="2" regionsrebuilding="0"/>
  </mem-info>
</gc-start>
<allocation-stats totalBytes="29356672" >
  <allocated-bytes non-tlh="0" tlh="29356672" arrayletleaf="0"/>
  <largest-consumer threadName="Thread-10" threadId="0000000002795500" bytes="13425176" />
</allocation-stats>
<gc-op id="454" type="copy forward" timems="2.178" contextid="451" timestamp="2019-06-16T01:53:29.957">
  <memory-copied type="eden" objects="2692" bytes="66168" bytesdiscarded="0" />
  <memory-copied type="other" objects="8709" bytes="346392" bytesdiscarded="0" />
  <memory-cardclean objects="4644" bytes="227760" />
  <regions eden="28" other="1" />
  <remembered-set-cleared processed="19776" cleared="813" durationms="0.255" />
  <stringconstants candidates="4597" cleared="0"  />
</gc-op>
<gc-op id="455" type="classunload" timems="0.003" contextid="451" timestamp="2019-06-16T01:53:29.957">
  <classunload-info classloadercandidates="8" classloadersunloaded="0" classesunloaded="0" anonymousclassesunloaded="0" quiescems="0.000" setupms="0.003" scanms="0.000" postms="0.000" />
</gc-op>
<gc-end id="456" type="partial gc" contextid="451" durationms="3.205" usertimems="4.000" systemtimems="0.000" timestamp="2019-06-16T01:53:29.957" activeThreads="1">
  <mem-info id="457" free="53477376" total="92274688" percent="57">
    <mem type="eden" free="982408" total="1048576" percent="93" />
    <remembered-set count="23168" freebytes="3590656" totalbytes="3683328" percent="97" regionsoverflowed="0" regionsstable="2" regionsrebuilding="0"/>
  </mem-info>
</gc-end>
<cycle-end id="458" type="partial gc" contextid="451" timestamp="2019-06-16T01:53:29.957" />
  <attribute name="elasticGC enabled" value="1" />
  <attribute name= "numThreadsSpecified" value="1" />
  <attribute name="heapSize specified" value="0" />
  <attribute name="Current GC Util" value="61" />
  <attribute name= "Current Time Running" value="1738" />
  <attribute name ="GC Interval" value="0" />
  <attribute name="ProportionalT" value="61.500000" />
  <attribute name="ProportionalI" value="61.500000" />
  <attribute name="ProportionalH" value="61.500000" />
  <attribute name="Current Error" value="41.000000" />
  <attribute name="IntegralT" value="0.000000" />
  <attribute name="IntegralI" value="0.000000" />
  <attribute name="IntegralH" value="0.000000" />
  <attribute name="DerivativeT" value="inf" />
  <attribute name="DerivativeI" value="inf" />
  <attribute name="DerivativeH" value="inf" />
  <attribute name="Loop Time for DT" value="0.000000" />
  <attribute name="Output H" value="8388608"/>
  <attribute name="Output I" value="200"/>
  <attribute name="Output T" value="1"/>
  <attribute name="Target GC Util Change" value ="20.000000" />
  <attribute name="Current GC Util Change" value="61.000000"/>
  <attribute name="GC Util currently" value="61" />
  <attribute name="CPU Util currently" value="15609129236509" />
<exclusive-end id="459" timestamp="2019-06-16T01:53:29.958" durationms="4.173" />

<exclusive-start id="460" timestamp="2019-06-16T01:53:29.989" intervalms="35.898">
  <response-info timems="0.054" idlems="0.054" threads="0" lastid="0000000002799100" lastname="Thread-9" />
</exclusive-start>
<allocation-taxation id="461" taxation-threshold="29360128" timestamp="2019-06-16T01:53:29.989" intervalms="35.913" />
<cycle-start id="462" type="partial gc" contextid="0" timestamp="2019-06-16T01:53:29.990" intervalms="36.039" />
<gc-start id="463" type="partial gc" contextid="462" timestamp="2019-06-16T01:53:29.990">
  <mem-info id="464" free="24117248" total="92274688" percent="26">
    <mem type="eden" free="0" total="29360128" percent="0" />
    <remembered-set count="22976" freebytes="3591424" totalbytes="3683328" percent="97" regionsoverflowed="0" regionsstable="2" regionsrebuilding="0"/>
  </mem-info>
</gc-start>
<allocation-stats totalBytes="29356328" >
  <allocated-bytes non-tlh="0" tlh="29356328" arrayletleaf="0"/>
  <largest-consumer threadName="Thread-10" threadId="0000000002795500" bytes="11578000" />
</allocation-stats>
<gc-op id="465" type="copy forward" timems="1.669" contextid="462" timestamp="2019-06-16T01:53:29.992">
  <memory-copied type="eden" objects="2113" bytes="51952" bytesdiscarded="0" />
  <memory-copied type="other" objects="2389" bytes="57336" bytesdiscarded="0" />
  <memory-cardclean objects="6742" bytes="343488" />
  <regions eden="28" other="1" />
  <remembered-set-cleared processed="20368" cleared="747" durationms="0.255" />
  <stringconstants candidates="4597" cleared="0"  />
</gc-op>
<gc-op id="466" type="classunload" timems="0.002" contextid="462" timestamp="2019-06-16T01:53:29.992">
  <classunload-info classloadercandidates="8" classloadersunloaded="0" classesunloaded="0" anonymousclassesunloaded="0" quiescems="0.000" setupms="0.002" scanms="0.000" postms="0.000" />
</gc-op>
<gc-end id="467" type="partial gc" contextid="462" durationms="2.678" usertimems="4.000" systemtimems="0.000" timestamp="2019-06-16T01:53:29.993" activeThreads="1">
  <mem-info id="468" free="52428800" total="92274688" percent="56">
    <mem type="eden" free="996624" total="1048576" percent="95" />
    <remembered-set count="23808" freebytes="3588096" totalbytes="3683328" percent="97" regionsoverflowed="0" regionsstable="2" regionsrebuilding="0"/>
  </mem-info>
</gc-end>
<cycle-end id="469" type="partial gc" contextid="462" timestamp="2019-06-16T01:53:29.993" />
  <attribute name="elasticGC enabled" value="1" />
  <attribute name= "numThreadsSpecified" value="1" />
  <attribute name="heapSize specified" value="0" />
  <attribute name="Current GC Util" value="48" />
  <attribute name= "Current Time Running" value="1774" />
  <attribute name ="GC Interval" value="0" />
  <attribute name="ProportionalT" value="42.000000" />
  <attribute name="ProportionalI" value="42.000000" />
  <attribute name="ProportionalH" value="42.000000" />
  <attribute name="Current Error" value="28.000000" />
  <attribute name="IntegralT" value="0.000000" />
  <attribute name="IntegralI" value="0.000000" />
  <attribute name="IntegralH" value="0.000000" />
  <attribute name="DerivativeT" value="inf" />
  <attribute name="DerivativeI" value="inf" />
  <attribute name="DerivativeH" value="inf" />
  <attribute name="Loop Time for DT" value="0.000000" />
  <attribute name="Output H" value="8388608"/>
  <attribute name="Output I" value="200"/>
  <attribute name="Output T" value="1"/>
  <attribute name="Target GC Util Change" value ="20.000000" />
  <attribute name="Current GC Util Change" value="48.000000"/>
  <attribute name="GC Util currently" value="48" />
  <attribute name="CPU Util currently" value="15606065577635" />
<exclusive-end id="470" timestamp="2019-06-16T01:53:29.993" durationms="3.708" />

<exclusive-start id="471" timestamp="2019-06-16T01:53:30.022" intervalms="32.380">
  <response-info timems="0.205" idlems="0.205" threads="0" lastid="0000000002791900" lastname="Thread-7" />
</exclusive-start>
<allocation-taxation id="472" taxation-threshold="29360128" timestamp="2019-06-16T01:53:30.022" intervalms="32.410" />
<cycle-start id="473" type="partial gc" contextid="0" timestamp="2019-06-16T01:53:30.022" intervalms="32.310" />
<gc-start id="474" type="partial gc" contextid="473" timestamp="2019-06-16T01:53:30.022">
  <mem-info id="475" free="23068672" total="92274688" percent="25">
    <mem type="eden" free="0" total="29360128" percent="0" />
    <remembered-set count="23584" freebytes="3588992" totalbytes="3683328" percent="97" regionsoverflowed="0" regionsstable="2" regionsrebuilding="0"/>
  </mem-info>
</gc-start>
<allocation-stats totalBytes="29356728" >
  <allocated-bytes non-tlh="0" tlh="29356728" arrayletleaf="0"/>
  <largest-consumer threadName="Thread-10" threadId="0000000002795500" bytes="10365880" />
</allocation-stats>
<gc-op id="476" type="copy forward" timems="1.667" contextid="473" timestamp="2019-06-16T01:53:30.025">
  <memory-copied type="eden" objects="8442" bytes="341584" bytesdiscarded="20664" />
  <memory-copied type="other" objects="1893" bytes="45432" bytesdiscarded="2032" />
  <memory-cardclean objects="6427" bytes="313416" />
  <regions eden="28" other="1" />
  <remembered-set-cleared processed="20987" cleared="755" durationms="0.136" />
  <stringconstants candidates="4597" cleared="0"  />
</gc-op>
<gc-op id="477" type="classunload" timems="0.003" contextid="473" timestamp="2019-06-16T01:53:30.025">
  <classunload-info classloadercandidates="8" classloadersunloaded="0" classesunloaded="0" anonymousclassesunloaded="0" quiescems="0.000" setupms="0.003" scanms="0.000" postms="0.000" />
</gc-op>
<gc-end id="478" type="partial gc" contextid="473" durationms="2.589" usertimems="8.000" systemtimems="0.000" timestamp="2019-06-16T01:53:30.025" activeThreads="4">
  <mem-info id="479" free="51380224" total="92274688" percent="55">
    <mem type="eden" free="686328" total="1048576" percent="65" />
    <remembered-set count="23712" freebytes="3588480" totalbytes="3683328" percent="97" regionsoverflowed="0" regionsstable="2" regionsrebuilding="0"/>
  </mem-info>
</gc-end>
<cycle-end id="480" type="partial gc" contextid="473" timestamp="2019-06-16T01:53:30.025" />
  <attribute name="elasticGC enabled" value="1" />
  <attribute name= "numThreadsSpecified" value="4" />
  <attribute name="heapSize specified" value="0" />
  <attribute name="Current GC Util" value="45" />
  <attribute name= "Current Time Running" value="1807" />
  <attribute name ="GC Interval" value="0" />
  <attribute name="ProportionalT" value="37.500000" />
  <attribute name="ProportionalI" value="37.500000" />
  <attribute name="ProportionalH" value="37.500000" />
  <attribute name="Current Error" value="25.000000" />
  <attribute name="IntegralT" value="25.000000" />
  <attribute name="IntegralI" value="25.000000" />
  <attribute name="IntegralH" value="25.000000" />
  <attribute name="DerivativeT" value="25.000000" />
  <attribute name="DerivativeI" value="25.000000" />
  <attribute name="DerivativeH" value="25.000000" />
  <attribute name="Loop Time for DT" value="1.000000" />
  <attribute name="Output H" value="8388608"/>
  <attribute name="Output I" value="200"/>
  <attribute name="Output T" value="4"/>
  <attribute name="Target GC Util Change" value ="20.000000" />
  <attribute name="Current GC Util Change" value="45.000000"/>
  <attribute name="GC Util currently" value="45" />
  <attribute name="CPU Util currently" value="15651190937553" />
<exclusive-end id="481" timestamp="2019-06-16T01:53:30.025" durationms="3.544" />

<exclusive-start id="482" timestamp="2019-06-16T01:53:30.047" intervalms="25.675">
  <response-info timems="0.034" idlems="0.034" threads="0" lastid="000000000278DD00" lastname="Thread-8" />
</exclusive-start>
<allocation-taxation id="483" taxation-threshold="29360128" timestamp="2019-06-16T01:53:30.047" intervalms="25.651" />
<cycle-start id="484" type="partial gc" contextid="0" timestamp="2019-06-16T01:53:30.048" intervalms="25.673" />
<gc-start id="485" type="partial gc" contextid="484" timestamp="2019-06-16T01:53:30.048">
  <mem-info id="486" free="22020096" total="92274688" percent="23">
    <mem type="eden" free="0" total="29360128" percent="0" />
    <remembered-set count="23584" freebytes="3588992" totalbytes="3683328" percent="97" regionsoverflowed="0" regionsstable="2" regionsrebuilding="0"/>
  </mem-info>
</gc-start>
<allocation-stats totalBytes="29356752" >
  <allocated-bytes non-tlh="0" tlh="29356752" arrayletleaf="0"/>
  <largest-consumer threadName="Thread-8" threadId="000000000278DD00" bytes="10333128" />
</allocation-stats>
<gc-op id="487" type="copy forward" timems="2.397" contextid="484" timestamp="2019-06-16T01:53:30.051">
  <memory-copied type="eden" objects="5506" bytes="133536" bytesdiscarded="0" />
  <memory-copied type="other" objects="8159" bytes="333192" bytesdiscarded="0" />
  <memory-cardclean objects="5975" bytes="291600" />
  <regions eden="28" other="1" />
  <remembered-set-cleared processed="21619" cleared="814" durationms="0.266" />
  <stringconstants candidates="4597" cleared="0"  />
</gc-op>
<gc-op id="488" type="classunload" timems="0.002" contextid="484" timestamp="2019-06-16T01:53:30.051">
  <classunload-info classloadercandidates="8" classloadersunloaded="0" classesunloaded="0" anonymousclassesunloaded="0" quiescems="0.000" setupms="0.002" scanms="0.000" postms="0.000" />
</gc-op>
<gc-end id="489" type="partial gc" contextid="484" durationms="3.410" usertimems="8.000" systemtimems="0.000" timestamp="2019-06-16T01:53:30.051" activeThreads="1">
  <mem-info id="490" free="50331648" total="92274688" percent="54">
    <mem type="eden" free="915040" total="1048576" percent="87" />
    <remembered-set count="24896" freebytes="3583744" totalbytes="3683328" percent="97" regionsoverflowed="0" regionsstable="2" regionsrebuilding="0"/>
  </mem-info>
</gc-end>
<cycle-end id="491" type="partial gc" contextid="484" timestamp="2019-06-16T01:53:30.051" />
  <attribute name="elasticGC enabled" value="1" />
  <attribute name= "numThreadsSpecified" value="1" />
  <attribute name="heapSize specified" value="0" />
  <attribute name="Current GC Util" value="45" />
  <attribute name= "Current Time Running" value="1832" />
  <attribute name ="GC Interval" value="0" />
  <attribute name="ProportionalT" value="37.500000" />
  <attribute name="ProportionalI" value="37.500000" />
  <attribute name="ProportionalH" value="37.500000" />
  <attribute name="Current Error" value="25.000000" />
  <attribute name="IntegralT" value="0.000000" />
  <attribute name="IntegralI" value="0.000000" />
  <attribute name="IntegralH" value="0.000000" />
  <attribute name="DerivativeT" value="inf" />
  <attribute name="DerivativeI" value="inf" />
  <attribute name="DerivativeH" value="inf" />
  <attribute name="Loop Time for DT" value="0.000000" />
  <attribute name="Output H" value="8388608"/>
  <attribute name="Output I" value="200"/>
  <attribute name="Output T" value="1"/>
  <attribute name="Target GC Util Change" value ="20.000000" />
  <attribute name="Current GC Util Change" value="45.000000"/>
  <attribute name="GC Util currently" value="45" />
  <attribute name="CPU Util currently" value="16433624995639" />
<exclusive-end id="492" timestamp="2019-06-16T01:53:30.052" durationms="4.381" />

<exclusive-start id="493" timestamp="2019-06-16T01:53:30.070" intervalms="22.517">
  <response-info timems="0.039" idlems="0.039" threads="0" lastid="0000000002791900" lastname="Thread-7" />
</exclusive-start>
<allocation-taxation id="494" taxation-threshold="29360128" timestamp="2019-06-16T01:53:30.070" intervalms="22.525" />
<cycle-start id="495" type="partial gc" contextid="0" timestamp="2019-06-16T01:53:30.070" intervalms="22.531" />
<gc-start id="496" type="partial gc" contextid="495" timestamp="2019-06-16T01:53:30.071">
  <mem-info id="497" free="20971520" total="92274688" percent="22">
    <mem type="eden" free="0" total="29360128" percent="0" />
    <remembered-set count="24608" freebytes="3584896" totalbytes="3683328" percent="97" regionsoverflowed="0" regionsstable="2" regionsrebuilding="0"/>
  </mem-info>
</gc-start>
<allocation-stats totalBytes="29356648" >
  <allocated-bytes non-tlh="0" tlh="29356648" arrayletleaf="0"/>
  <largest-consumer threadName="Thread-7" threadId="0000000002791900" bytes="10492760" />
</allocation-stats>
<gc-op id="498" type="copy forward" timems="3.684" contextid="495" timestamp="2019-06-16T01:53:30.075">
  <memory-copied type="eden" objects="26740" bytes="1192888" bytesdiscarded="8" />
  <memory-copied type="other" objects="5258" bytes="126192" bytesdiscarded="0" />
  <memory-cardclean objects="9171" bytes="475824" />
  <regions eden="28" other="1" />
  <remembered-set-cleared processed="22239" cleared="937" durationms="0.271" />
  <stringconstants candidates="4597" cleared="0"  />
</gc-op>
<gc-op id="499" type="classunload" timems="0.002" contextid="495" timestamp="2019-06-16T01:53:30.075">
  <classunload-info classloadercandidates="8" classloadersunloaded="0" classesunloaded="0" anonymousclassesunloaded="0" quiescems="0.000" setupms="0.002" scanms="0.000" postms="0.000" />
</gc-op>
<heap-resize id="500" type="expand" space="default" amount="15728640" count="1" timems="0.139" reason="excessive time being spent in gc" timestamp="2019-06-16T01:53:30.075" />
<gc-end id="501" type="partial gc" contextid="495" durationms="5.003" usertimems="8.000" systemtimems="0.000" timestamp="2019-06-16T01:53:30.076" activeThreads="1">
  <mem-info id="502" free="63963136" total="108003328" percent="59">
    <mem type="eden" free="904256" total="2097152" percent="43" />
    <remembered-set count="25408" freebytes="4209536" totalbytes="4311168" percent="97" regionsoverflowed="0" regionsstable="2" regionsrebuilding="0"/>
  </mem-info>
</gc-end>
<cycle-end id="503" type="partial gc" contextid="495" timestamp="2019-06-16T01:53:30.076" />
  <attribute name="elasticGC enabled" value="1" />
  <attribute name= "numThreadsSpecified" value="1" />
  <attribute name="heapSize specified" value="0" />
  <attribute name="Current GC Util" value="59" />
  <attribute name= "Current Time Running" value="1855" />
  <attribute name ="GC Interval" value="0" />
  <attribute name="ProportionalT" value="58.500000" />
  <attribute name="ProportionalI" value="58.500000" />
  <attribute name="ProportionalH" value="58.500000" />
  <attribute name="Current Error" value="39.000000" />
  <attribute name="IntegralT" value="0.000000" />
  <attribute name="IntegralI" value="0.000000" />
  <attribute name="IntegralH" value="0.000000" />
  <attribute name="DerivativeT" value="inf" />
  <attribute name="DerivativeI" value="inf" />
  <attribute name="DerivativeH" value="inf" />
  <attribute name="Loop Time for DT" value="0.000000" />
  <attribute name="Output H" value="8388608"/>
  <attribute name="Output I" value="200"/>
  <attribute name="Output T" value="1"/>
  <attribute name="Target GC Util Change" value ="20.000000" />
  <attribute name="Current GC Util Change" value="59.000000"/>
  <attribute name="GC Util currently" value="59" />
  <attribute name="CPU Util currently" value="18837817141097" />
<exclusive-end id="504" timestamp="2019-06-16T01:53:30.076" durationms="6.023" />

<exclusive-start id="505" timestamp="2019-06-16T01:53:30.094" intervalms="24.465">
  <response-info timems="0.026" idlems="0.026" threads="0" lastid="0000000002791900" lastname="Thread-7" />
</exclusive-start>
<allocation-taxation id="506" taxation-threshold="33554432" timestamp="2019-06-16T01:53:30.094" intervalms="24.443" />
<cycle-start id="507" type="partial gc" contextid="0" timestamp="2019-06-16T01:53:30.095" intervalms="24.382" />
<gc-start id="508" type="partial gc" contextid="507" timestamp="2019-06-16T01:53:30.095">
  <mem-info id="509" free="30408704" total="108003328" percent="28">
    <mem type="eden" free="0" total="33554432" percent="0" />
    <remembered-set count="25248" freebytes="4210176" totalbytes="4311168" percent="97" regionsoverflowed="0" regionsstable="2" regionsrebuilding="0"/>
  </mem-info>
</gc-start>
<allocation-stats totalBytes="33550344" >
  <allocated-bytes non-tlh="0" tlh="33550344" arrayletleaf="0"/>
  <largest-consumer threadName="Thread-7" threadId="0000000002791900" bytes="12311168" />
</allocation-stats>
<gc-op id="510" type="copy forward" timems="2.447" contextid="507" timestamp="2019-06-16T01:53:30.098">
  <memory-copied type="eden" objects="4582" bytes="111168" bytesdiscarded="7896" />
  <memory-copied type="other" objects="31681" bytes="1309848" bytesdiscarded="93072" />
  <memory-cardclean objects="8780" bytes="438672" />
  <regions eden="32" other="3" />
  <remembered-set-cleared processed="22466" cleared="1164" durationms="0.141" />
  <stringconstants candidates="4597" cleared="0"  />
</gc-op>
<gc-op id="511" type="classunload" timems="0.002" contextid="507" timestamp="2019-06-16T01:53:30.098">
  <classunload-info classloadercandidates="8" classloadersunloaded="0" classesunloaded="0" anonymousclassesunloaded="0" quiescems="0.000" setupms="0.002" scanms="0.000" postms="0.000" />
</gc-op>
<heap-resize id="512" type="expand" space="default" amount="5242880" count="1" timems="0.088" reason="excessive time being spent in gc" timestamp="2019-06-16T01:53:30.098" />
<gc-end id="513" type="partial gc" contextid="507" durationms="3.500" usertimems="8.000" systemtimems="0.000" timestamp="2019-06-16T01:53:30.098" activeThreads="4">
  <mem-info id="514" free="68157440" total="113246208" percent="60">
    <mem type="eden" free="929512" total="1048576" percent="88" />
    <remembered-set count="26976" freebytes="4412544" totalbytes="4520448" percent="97" regionsoverflowed="0" regionsstable="2" regionsrebuilding="0"/>
  </mem-info>
</gc-end>
<cycle-end id="515" type="partial gc" contextid="507" timestamp="2019-06-16T01:53:30.098" />
  <attribute name="elasticGC enabled" value="1" />
  <attribute name= "numThreadsSpecified" value="4" />
  <attribute name="heapSize specified" value="0" />
  <attribute name="Current GC Util" value="0" />
  <attribute name= "Current Time Running" value="1879" />
  <attribute name ="GC Interval" value="0" />
  <attribute name="ProportionalT" value="-30.000000" />
  <attribute name="ProportionalI" value="-30.000000" />
  <attribute name="ProportionalH" value="-30.000000" />
  <attribute name="Current Error" value="-20.000000" />
  <attribute name="IntegralT" value="0.000000" />
  <attribute name="IntegralI" value="0.000000" />
  <attribute name="IntegralH" value="0.000000" />
  <attribute name="DerivativeT" value="-inf" />
  <attribute name="DerivativeI" value="-inf" />
  <attribute name="DerivativeH" value="-inf" />
  <attribute name="Loop Time for DT" value="0.000000" />
  <attribute name="Output H" value="2091843584"/>
  <attribute name="Output I" value="200"/>
  <attribute name="Output T" value="4"/>
  <attribute name="Target GC Util Change" value ="20.000000" />
  <attribute name="Current GC Util Change" value="0.000000"/>
  <attribute name="GC Util currently" value="0" />
  <attribute name="CPU Util currently" value="27397673618671" />
<exclusive-end id="516" timestamp="2019-06-16T01:53:30.099" durationms="4.322" />

<exclusive-start id="517" timestamp="2019-06-16T01:53:30.114" intervalms="19.453">
  <response-info timems="0.023" idlems="0.023" threads="0" lastid="0000000002799100" lastname="Thread-9" />
</exclusive-start>
<allocation-taxation id="518" taxation-threshold="34603008" timestamp="2019-06-16T01:53:30.114" intervalms="19.432" />
<cycle-start id="519" type="partial gc" contextid="0" timestamp="2019-06-16T01:53:30.114" intervalms="19.442" />
<gc-start id="520" type="partial gc" contextid="519" timestamp="2019-06-16T01:53:30.114">
  <mem-info id="521" free="33554432" total="113246208" percent="29">
    <mem type="eden" free="0" total="34603008" percent="0" />
    <remembered-set count="26880" freebytes="4412928" totalbytes="4520448" percent="97" regionsoverflowed="0" regionsstable="2" regionsrebuilding="0"/>
  </mem-info>
</gc-start>
<allocation-stats totalBytes="34599072" >
  <allocated-bytes non-tlh="0" tlh="34599072" arrayletleaf="0"/>
  <largest-consumer threadName="Thread-8" threadId="000000000278DD00" bytes="9730920" />
</allocation-stats>
<gc-op id="522" type="copy forward" timems="3.786" contextid="519" timestamp="2019-06-16T01:53:30.118">
  <memory-copied type="eden" objects="8813" bytes="349792" bytesdiscarded="0" />
  <memory-copied type="other" objects="27711" bytes="1077192" bytesdiscarded="0" />
  <memory-cardclean objects="8780" bytes="438672" />
  <regions eden="33" other="4" />
  <remembered-set-cleared processed="22761" cleared="1459" durationms="0.245" />
  <stringconstants candidates="4597" cleared="0"  />
</gc-op>
<gc-op id="523" type="classunload" timems="0.002" contextid="519" timestamp="2019-06-16T01:53:30.119">
  <classunload-info classloadercandidates="8" classloadersunloaded="0" classesunloaded="0" anonymousclassesunloaded="0" quiescems="0.000" setupms="0.002" scanms="0.000" postms="0.000" />
</gc-op>
<gc-end id="524" type="partial gc" contextid="519" durationms="4.547" usertimems="4.000" systemtimems="0.000" timestamp="2019-06-16T01:53:30.119" activeThreads="1">
  <mem-info id="525" free="68157440" total="113246208" percent="60">
    <mem type="eden" free="698784" total="1048576" percent="66" />
    <remembered-set count="27424" freebytes="4410752" totalbytes="4520448" percent="97" regionsoverflowed="0" regionsstable="2" regionsrebuilding="0"/>
  </mem-info>
</gc-end>
<cycle-end id="526" type="partial gc" contextid="519" timestamp="2019-06-16T01:53:30.119" />
  <attribute name="elasticGC enabled" value="1" />
  <attribute name= "numThreadsSpecified" value="1" />
  <attribute name="heapSize specified" value="0" />
  <attribute name="Current GC Util" value="46" />
  <attribute name= "Current Time Running" value="1898" />
  <attribute name ="GC Interval" value="0" />
  <attribute name="ProportionalT" value="39.000000" />
  <attribute name="ProportionalI" value="39.000000" />
  <attribute name="ProportionalH" value="39.000000" />
  <attribute name="Current Error" value="26.000000" />
  <attribute name="IntegralT" value="0.000000" />
  <attribute name="IntegralI" value="0.000000" />
  <attribute name="IntegralH" value="0.000000" />
  <attribute name="DerivativeT" value="inf" />
  <attribute name="DerivativeI" value="inf" />
  <attribute name="DerivativeH" value="inf" />
  <attribute name="Loop Time for DT" value="0.000000" />
  <attribute name="Output H" value="8388608"/>
  <attribute name="Output I" value="200"/>
  <attribute name="Output T" value="1"/>
  <attribute name="Target GC Util Change" value ="20.000000" />
  <attribute name="Current GC Util Change" value="46.000000"/>
  <attribute name="GC Util currently" value="46" />
  <attribute name="CPU Util currently" value="19045142431279" />
<exclusive-end id="527" timestamp="2019-06-16T01:53:30.119" durationms="5.276" />

<exclusive-start id="528" timestamp="2019-06-16T01:53:30.137" intervalms="23.275">
  <response-info timems="0.044" idlems="0.044" threads="0" lastid="000000000278DD00" lastname="Thread-8" />
</exclusive-start>
<allocation-taxation id="529" taxation-threshold="34603008" timestamp="2019-06-16T01:53:30.137" intervalms="23.289" />
<cycle-start id="530" type="partial gc" contextid="0" timestamp="2019-06-16T01:53:30.137" intervalms="23.330" />
<gc-start id="531" type="partial gc" contextid="530" timestamp="2019-06-16T01:53:30.138">
  <mem-info id="532" free="33554432" total="113246208" percent="29">
    <mem type="eden" free="0" total="34603008" percent="0" />
    <remembered-set count="26976" freebytes="4412544" totalbytes="4520448" percent="97" regionsoverflowed="0" regionsstable="2" regionsrebuilding="0"/>
  </mem-info>
</gc-start>
<allocation-stats totalBytes="34598976" >
  <allocated-bytes non-tlh="0" tlh="34598976" arrayletleaf="0"/>
  <largest-consumer threadName="Thread-8" threadId="000000000278DD00" bytes="10910560" />
</allocation-stats>
<gc-op id="533" type="copy forward" timems="2.151" contextid="530" timestamp="2019-06-16T01:53:30.140">
  <memory-copied type="eden" objects="9870" bytes="375256" bytesdiscarded="13320" />
  <memory-copied type="other" objects="5258" bytes="130272" bytesdiscarded="0" />
  <memory-cardclean objects="8834" bytes="485904" />
  <regions eden="33" other="2" />
  <remembered-set-cleared processed="23953" cleared="472" durationms="0.143" />
  <stringconstants candidates="4597" cleared="0"  />
</gc-op>
<gc-op id="534" type="classunload" timems="0.002" contextid="530" timestamp="2019-06-16T01:53:30.140">
  <classunload-info classloadercandidates="8" classloadersunloaded="0" classesunloaded="0" anonymousclassesunloaded="0" quiescems="0.000" setupms="0.002" scanms="0.000" postms="0.000" />
</gc-op>
<heap-resize id="535" type="expand" space="default" amount="2097152" count="1" timems="0.061" reason="excessive time being spent in gc" timestamp="2019-06-16T01:53:30.141" />
<gc-end id="536" type="partial gc" contextid="530" durationms="3.130" usertimems="4.000" systemtimems="0.000" timestamp="2019-06-16T01:53:30.141" activeThreads="4">
  <mem-info id="537" free="69206016" total="115343360" percent="60">
    <mem type="eden" free="660000" total="1048576" percent="62" />
    <remembered-set count="27712" freebytes="4493312" totalbytes="4604160" percent="97" regionsoverflowed="0" regionsstable="2" regionsrebuilding="0"/>
  </mem-info>
</gc-end>
<cycle-end id="538" type="partial gc" contextid="530" timestamp="2019-06-16T01:53:30.141" />
  <attribute name="elasticGC enabled" value="1" />
  <attribute name= "numThreadsSpecified" value="4" />
  <attribute name="heapSize specified" value="0" />
  <attribute name="Current GC Util" value="52" />
  <attribute name= "Current Time Running" value="1922" />
  <attribute name ="GC Interval" value="0" />
  <attribute name="ProportionalT" value="48.000000" />
  <attribute name="ProportionalI" value="48.000000" />
  <attribute name="ProportionalH" value="48.000000" />
  <attribute name="Current Error" value="32.000000" />
  <attribute name="IntegralT" value="32.000000" />
  <attribute name="IntegralI" value="32.000000" />
  <attribute name="IntegralH" value="32.000000" />
  <attribute name="DerivativeT" value="32.000000" />
  <attribute name="DerivativeI" value="32.000000" />
  <attribute name="DerivativeH" value="32.000000" />
  <attribute name="Loop Time for DT" value="1.000000" />
  <attribute name="Output H" value="8388608"/>
  <attribute name="Output I" value="200"/>
  <attribute name="Output T" value="4"/>
  <attribute name="Target GC Util Change" value ="20.000000" />
  <attribute name="Current GC Util Change" value="52.000000"/>
  <attribute name="GC Util currently" value="52" />
  <attribute name="CPU Util currently" value="17032564306387" />
<exclusive-end id="539" timestamp="2019-06-16T01:53:30.141" durationms="3.945" />

<exclusive-start id="540" timestamp="2019-06-16T01:53:30.160" intervalms="23.164">
  <response-info timems="0.040" idlems="0.040" threads="0" lastid="000000000278DD00" lastname="Thread-8" />
</exclusive-start>
<allocation-taxation id="541" taxation-threshold="35651584" timestamp="2019-06-16T01:53:30.160" intervalms="23.131" />
<cycle-start id="542" type="partial gc" contextid="0" timestamp="2019-06-16T01:53:30.160" intervalms="23.069" />
<gc-start id="543" type="partial gc" contextid="542" timestamp="2019-06-16T01:53:30.161">
  <mem-info id="544" free="33554432" total="115343360" percent="29">
    <mem type="eden" free="0" total="35651584" percent="0" />
    <remembered-set count="27616" freebytes="4493696" totalbytes="4604160" percent="97" regionsoverflowed="0" regionsstable="2" regionsrebuilding="0"/>
  </mem-info>
</gc-start>
<allocation-stats totalBytes="35647448" >
  <allocated-bytes non-tlh="0" tlh="35647448" arrayletleaf="0"/>
  <largest-consumer threadName="Thread-8" threadId="000000000278DD00" bytes="10504984" />
</allocation-stats>
<gc-op id="545" type="copy forward" timems="2.271" contextid="542" timestamp="2019-06-16T01:53:30.163">
  <memory-copied type="eden" objects="7635" bytes="322216" bytesdiscarded="6768" />
  <memory-copied type="other" objects="11884" bytes="422592" bytesdiscarded="13976" />
  <memory-cardclean objects="9358" bytes="453960" />
  <regions eden="34" other="2" />
  <remembered-set-cleared processed="24490" cleared="775" durationms="0.138" />
  <stringconstants candidates="4597" cleared="0"  />
</gc-op>
<gc-op id="546" type="classunload" timems="0.002" contextid="542" timestamp="2019-06-16T01:53:30.163">
  <classunload-info classloadercandidates="8" classloadersunloaded="0" classesunloaded="0" anonymousclassesunloaded="0" quiescems="0.000" setupms="0.002" scanms="0.000" postms="0.000" />
</gc-op>
<heap-resize id="547" type="expand" space="default" amount="5242880" count="1" timems="0.074" reason="excessive time being spent in gc" timestamp="2019-06-16T01:53:30.164" />
<gc-end id="548" type="partial gc" contextid="542" durationms="3.083" usertimems="4.000" systemtimems="0.000" timestamp="2019-06-16T01:53:30.164" activeThreads="4">
  <mem-info id="549" free="72351744" total="120586240" percent="60">
    <mem type="eden" free="1768168" total="2097152" percent="84" />
    <remembered-set count="28480" freebytes="4699520" totalbytes="4813440" percent="97" regionsoverflowed="0" regionsstable="2" regionsrebuilding="0"/>
  </mem-info>
</gc-end>
<cycle-end id="550" type="partial gc" contextid="542" timestamp="2019-06-16T01:53:30.164" />
  <attribute name="elasticGC enabled" value="1" />
  <attribute name= "numThreadsSpecified" value="4" />
  <attribute name="heapSize specified" value="0" />
  <attribute name="Current GC Util" value="0" />
  <attribute name= "Current Time Running" value="1945" />
  <attribute name ="GC Interval" value="0" />
  <attribute name="ProportionalT" value="-30.000000" />
  <attribute name="ProportionalI" value="-30.000000" />
  <attribute name="ProportionalH" value="-30.000000" />
  <attribute name="Current Error" value="-20.000000" />
  <attribute name="IntegralT" value="-20.000000" />
  <attribute name="IntegralI" value="-20.000000" />
  <attribute name="IntegralH" value="-20.000000" />
  <attribute name="DerivativeT" value="-20.000000" />
  <attribute name="DerivativeI" value="-20.000000" />
  <attribute name="DerivativeH" value="-20.000000" />
  <attribute name="Loop Time for DT" value="1.000000" />
  <attribute name="Output H" value="2091843584"/>
  <attribute name="Output I" value="200"/>
  <attribute name="Output T" value="4"/>
  <attribute name="Target GC Util Change" value ="20.000000" />
  <attribute name="Current GC Util Change" value="0.000000"/>
  <attribute name="GC Util currently" value="0" />
  <attribute name="CPU Util currently" value="34766344112154" />
<exclusive-end id="551" timestamp="2019-06-16T01:53:30.164" durationms="3.731" />

<exclusive-start id="552" timestamp="2019-06-16T01:53:30.184" intervalms="24.076">
  <response-info timems="0.020" idlems="0.020" threads="0" lastid="0000000002795500" lastname="Thread-10" />
</exclusive-start>
<allocation-taxation id="553" taxation-threshold="36700160" timestamp="2019-06-16T01:53:30.184" intervalms="24.027" />
<cycle-start id="554" type="partial gc" contextid="0" timestamp="2019-06-16T01:53:30.184" intervalms="23.970" />
<gc-start id="555" type="partial gc" contextid="554" timestamp="2019-06-16T01:53:30.184">
  <mem-info id="556" free="35651584" total="120586240" percent="29">
    <mem type="eden" free="0" total="36700160" percent="0" />
    <remembered-set count="28128" freebytes="4700928" totalbytes="4813440" percent="97" regionsoverflowed="0" regionsstable="2" regionsrebuilding="0"/>
  </mem-info>
</gc-start>
<allocation-stats totalBytes="36695808" >
  <allocated-bytes non-tlh="0" tlh="36695808" arrayletleaf="0"/>
  <largest-consumer threadName="Thread-10" threadId="0000000002795500" bytes="11991520" />
</allocation-stats>
<gc-op id="557" type="copy forward" timems="2.241" contextid="554" timestamp="2019-06-16T01:53:30.187">
  <memory-copied type="eden" objects="3061" bytes="75000" bytesdiscarded="6768" />
  <memory-copied type="other" objects="16006" bytes="658896" bytesdiscarded="21696" />
  <memory-cardclean objects="7510" bytes="365544" />
  <regions eden="35" other="3" />
  <remembered-set-cleared processed="25290" cleared="910" durationms="0.152" />
  <stringconstants candidates="4597" cleared="0"  />
</gc-op>
<gc-op id="558" type="classunload" timems="0.002" contextid="554" timestamp="2019-06-16T01:53:30.187">
  <classunload-info classloadercandidates="8" classloadersunloaded="0" classesunloaded="0" anonymousclassesunloaded="0" quiescems="0.000" setupms="0.002" scanms="0.000" postms="0.000" />
</gc-op>
<gc-end id="559" type="partial gc" contextid="554" durationms="3.075" usertimems="4.000" systemtimems="0.000" timestamp="2019-06-16T01:53:30.188" activeThreads="4">
  <mem-info id="560" free="72351744" total="120586240" percent="60">
    <mem type="eden" free="966808" total="1048576" percent="92" />
    <remembered-set count="29120" freebytes="4696960" totalbytes="4813440" percent="97" regionsoverflowed="0" regionsstable="2" regionsrebuilding="0"/>
  </mem-info>
</gc-end>
<cycle-end id="561" type="partial gc" contextid="554" timestamp="2019-06-16T01:53:30.188" />
  <attribute name="elasticGC enabled" value="1" />
  <attribute name= "numThreadsSpecified" value="4" />
  <attribute name="heapSize specified" value="0" />
  <attribute name="Current GC Util" value="45" />
  <attribute name= "Current Time Running" value="1969" />
  <attribute name ="GC Interval" value="0" />
  <attribute name="ProportionalT" value="37.500000" />
  <attribute name="ProportionalI" value="37.500000" />
  <attribute name="ProportionalH" value="37.500000" />
  <attribute name="Current Error" value="25.000000" />
  <attribute name="IntegralT" value="25.000000" />
  <attribute name="IntegralI" value="25.000000" />
  <attribute name="IntegralH" value="25.000000" />
  <attribute name="DerivativeT" value="24.000000" />
  <attribute name="DerivativeI" value="24.000000" />
  <attribute name="DerivativeH" value="24.000000" />
  <attribute name="Loop Time for DT" value="1.000000" />
  <attribute name="Output H" value="8388608"/>
  <attribute name="Output I" value="200"/>
  <attribute name="Output T" value="4"/>
  <attribute name="Target GC Util Change" value ="20.000000" />
  <attribute name="Current GC Util Change" value="45.000000"/>
  <attribute name="GC Util currently" value="45" />
  <attribute name="CPU Util currently" value="19415581575247" />
<exclusive-end id="562" timestamp="2019-06-16T01:53:30.188" durationms="3.546" />

<exclusive-start id="563" timestamp="2019-06-16T01:53:30.208" intervalms="23.588">
  <response-info timems="0.021" idlems="0.021" threads="0" lastid="000000000278DD00" lastname="Thread-8" />
</exclusive-start>
<allocation-taxation id="564" taxation-threshold="36700160" timestamp="2019-06-16T01:53:30.208" intervalms="23.604" />
<cycle-start id="565" type="partial gc" contextid="0" timestamp="2019-06-16T01:53:30.208" intervalms="23.660" />
<gc-start id="566" type="partial gc" contextid="565" timestamp="2019-06-16T01:53:30.208">
  <mem-info id="567" free="35651584" total="120586240" percent="29">
    <mem type="eden" free="0" total="36700160" percent="0" />
    <remembered-set count="28768" freebytes="4698368" totalbytes="4813440" percent="97" regionsoverflowed="0" regionsstable="2" regionsrebuilding="0"/>
  </mem-info>
</gc-start>
<allocation-stats totalBytes="36695536" >
  <allocated-bytes non-tlh="0" tlh="36695536" arrayletleaf="0"/>
  <largest-consumer threadName="Thread-10" threadId="0000000002795500" bytes="13482232" />
</allocation-stats>
<gc-op id="568" type="copy forward" timems="1.805" contextid="565" timestamp="2019-06-16T01:53:30.210">
  <memory-copied type="eden" objects="2979" bytes="72992" bytesdiscarded="2984" />
  <memory-copied type="other" objects="10102" bytes="379824" bytesdiscarded="10552" />
  <memory-cardclean objects="7559" bytes="382512" />
  <regions eden="35" other="2" />
  <remembered-set-cleared processed="25960" cleared="797" durationms="0.142" />
  <stringconstants candidates="4597" cleared="0"  />
</gc-op>
<gc-op id="569" type="classunload" timems="0.002" contextid="565" timestamp="2019-06-16T01:53:30.210">
  <classunload-info classloadercandidates="8" classloadersunloaded="0" classesunloaded="0" anonymousclassesunloaded="0" quiescems="0.000" setupms="0.002" scanms="0.000" postms="0.000" />
</gc-op>
<heap-resize id="570" type="expand" space="default" amount="5242880" count="1" timems="0.076" reason="excessive time being spent in gc" timestamp="2019-06-16T01:53:30.211" />
<gc-end id="571" type="partial gc" contextid="565" durationms="2.611" usertimems="4.000" systemtimems="0.000" timestamp="2019-06-16T01:53:30.211" activeThreads="4">
  <mem-info id="572" free="75497472" total="125829120" percent="60">
    <mem type="eden" free="2021176" total="2097152" percent="96" />
    <remembered-set count="30432" freebytes="4900992" totalbytes="5022720" percent="97" regionsoverflowed="0" regionsstable="2" regionsrebuilding="0"/>
  </mem-info>
</gc-end>
<cycle-end id="573" type="partial gc" contextid="565" timestamp="2019-06-16T01:53:30.211" />
  <attribute name="elasticGC enabled" value="1" />
  <attribute name= "numThreadsSpecified" value="4" />
  <attribute name="heapSize specified" value="0" />
  <attribute name="Current GC Util" value="0" />
  <attribute name= "Current Time Running" value="1992" />
  <attribute name ="GC Interval" value="0" />
  <attribute name="ProportionalT" value="-30.000000" />
  <attribute name="ProportionalI" value="-30.000000" />
  <attribute name="ProportionalH" value="-30.000000" />
  <attribute name="Current Error" value="-20.000000" />
  <attribute name="IntegralT" value="0.000000" />
  <attribute name="IntegralI" value="0.000000" />
  <attribute name="IntegralH" value="0.000000" />
  <attribute name="DerivativeT" value="-inf" />
  <attribute name="DerivativeI" value="-inf" />
  <attribute name="DerivativeH" value="-inf" />
  <attribute name="Loop Time for DT" value="0.000000" />
  <attribute name="Output H" value="2091843584"/>
  <attribute name="Output I" value="200"/>
  <attribute name="Output T" value="4"/>
  <attribute name="Target GC Util Change" value ="20.000000" />
  <attribute name="Current GC Util Change" value="0.000000"/>
  <attribute name="GC Util currently" value="0" />
  <attribute name="CPU Util currently" value="35339673350452" />
<exclusive-end id="574" timestamp="2019-06-16T01:53:30.211" durationms="3.188" />

<exclusive-start id="575" timestamp="2019-06-16T01:53:30.231" intervalms="23.149">
  <response-info timems="0.021" idlems="0.021" threads="0" lastid="000000000278DD00" lastname="Thread-8" />
</exclusive-start>
<allocation-taxation id="576" taxation-threshold="37748736" timestamp="2019-06-16T01:53:30.231" intervalms="23.178" />
<cycle-start id="577" type="partial gc" contextid="0" timestamp="2019-06-16T01:53:30.231" intervalms="23.179" />
<gc-start id="578" type="partial gc" contextid="577" timestamp="2019-06-16T01:53:30.231">
  <mem-info id="579" free="37748736" total="125829120" percent="30">
    <mem type="eden" free="0" total="37748736" percent="0" />
    <remembered-set count="30112" freebytes="4902272" totalbytes="5022720" percent="97" regionsoverflowed="0" regionsstable="2" regionsrebuilding="0"/>
  </mem-info>
</gc-start>
<allocation-stats totalBytes="37744224" >
  <allocated-bytes non-tlh="0" tlh="37744224" arrayletleaf="0"/>
  <largest-consumer threadName="Thread-10" threadId="0000000002795500" bytes="14424520" />
</allocation-stats>
<gc-op id="580" type="copy forward" timems="2.368" contextid="577" timestamp="2019-06-16T01:53:30.234">
  <memory-copied type="eden" objects="8378" bytes="339976" bytesdiscarded="0" />
  <memory-copied type="other" objects="5450" bytes="130800" bytesdiscarded="0" />
  <memory-cardclean objects="10405" bytes="522312" />
  <regions eden="36" other="3" />
  <remembered-set-cleared processed="26577" cleared="951" durationms="0.267" />
  <stringconstants candidates="4597" cleared="0"  />
</gc-op>
<gc-op id="581" type="classunload" timems="0.002" contextid="577" timestamp="2019-06-16T01:53:30.234">
  <classunload-info classloadercandidates="8" classloadersunloaded="0" classesunloaded="0" anonymousclassesunloaded="0" quiescems="0.000" setupms="0.002" scanms="0.000" postms="0.000" />
</gc-op>
<gc-end id="582" type="partial gc" contextid="577" durationms="3.079" usertimems="4.000" systemtimems="0.000" timestamp="2019-06-16T01:53:30.234" activeThreads="1">
  <mem-info id="583" free="75497472" total="125829120" percent="60">
    <mem type="eden" free="708600" total="1048576" percent="67" />
    <remembered-set count="30976" freebytes="4898816" totalbytes="5022720" percent="97" regionsoverflowed="0" regionsstable="2" regionsrebuilding="0"/>
  </mem-info>
</gc-end>
<cycle-end id="584" type="partial gc" contextid="577" timestamp="2019-06-16T01:53:30.235" />
  <attribute name="elasticGC enabled" value="1" />
  <attribute name= "numThreadsSpecified" value="1" />
  <attribute name="heapSize specified" value="0" />
  <attribute name="Current GC Util" value="55" />
  <attribute name= "Current Time Running" value="2015" />
  <attribute name ="GC Interval" value="0" />
  <attribute name="ProportionalT" value="52.500000" />
  <attribute name="ProportionalI" value="52.500000" />
  <attribute name="ProportionalH" value="52.500000" />
  <attribute name="Current Error" value="35.000000" />
  <attribute name="IntegralT" value="0.000000" />
  <attribute name="IntegralI" value="0.000000" />
  <attribute name="IntegralH" value="0.000000" />
  <attribute name="DerivativeT" value="inf" />
  <attribute name="DerivativeI" value="inf" />
  <attribute name="DerivativeH" value="inf" />
  <attribute name="Loop Time for DT" value="0.000000" />
  <attribute name="Output H" value="8388608"/>
  <attribute name="Output I" value="200"/>
  <attribute name="Output T" value="1"/>
  <attribute name="Target GC Util Change" value ="20.000000" />
  <attribute name="Current GC Util Change" value="55.000000"/>
  <attribute name="GC Util currently" value="55" />
  <attribute name="CPU Util currently" value="22097307670025" />
<exclusive-end id="585" timestamp="2019-06-16T01:53:30.235" durationms="3.745" />

<exclusive-start id="586" timestamp="2019-06-16T01:53:30.257" intervalms="26.029">
  <response-info timems="0.030" idlems="0.030" threads="0" lastid="000000000278DD00" lastname="Thread-8" />
</exclusive-start>
<allocation-taxation id="587" taxation-threshold="37748736" timestamp="2019-06-16T01:53:30.257" intervalms="26.059" />
<cycle-start id="588" type="partial gc" contextid="0" timestamp="2019-06-16T01:53:30.257" intervalms="26.099" />
<gc-start id="589" type="partial gc" contextid="588" timestamp="2019-06-16T01:53:30.257">
  <mem-info id="590" free="37748736" total="125829120" percent="30">
    <mem type="eden" free="0" total="37748736" percent="0" />
    <remembered-set count="30656" freebytes="4900096" totalbytes="5022720" percent="97" regionsoverflowed="0" regionsstable="2" regionsrebuilding="0"/>
  </mem-info>
</gc-start>
<allocation-stats totalBytes="37743744" >
  <allocated-bytes non-tlh="0" tlh="37743744" arrayletleaf="0"/>
  <largest-consumer threadName="Thread-10" threadId="0000000002795500" bytes="12232832" />
</allocation-stats>
<gc-op id="591" type="copy forward" timems="1.856" contextid="588" timestamp="2019-06-16T01:53:30.260">
  <memory-copied type="eden" objects="3915" bytes="95184" bytesdiscarded="29096" />
  <memory-copied type="other" objects="10793" bytes="396408" bytesdiscarded="45640" />
  <memory-cardclean objects="9621" bytes="485808" />
  <regions eden="36" other="2" />
  <remembered-set-cleared processed="27293" cleared="1045" durationms="0.149" />
  <stringconstants candidates="4597" cleared="0"  />
</gc-op>
<gc-op id="592" type="classunload" timems="0.002" contextid="588" timestamp="2019-06-16T01:53:30.260">
  <classunload-info classloadercandidates="8" classloadersunloaded="0" classesunloaded="0" anonymousclassesunloaded="0" quiescems="0.000" setupms="0.002" scanms="0.000" postms="0.000" />
</gc-op>
<heap-resize id="593" type="expand" space="default" amount="3145728" count="1" timems="0.065" reason="excessive time being spent in gc" timestamp="2019-06-16T01:53:30.260" />
<gc-end id="594" type="partial gc" contextid="588" durationms="2.806" usertimems="4.000" systemtimems="0.000" timestamp="2019-06-16T01:53:30.260" activeThreads="4">
  <mem-info id="595" free="77594624" total="128974848" percent="60">
    <mem type="eden" free="924296" total="1048576" percent="88" />
    <remembered-set count="32064" freebytes="5020032" totalbytes="5148288" percent="97" regionsoverflowed="0" regionsstable="2" regionsrebuilding="0"/>
  </mem-info>
</gc-end>
<cycle-end id="596" type="partial gc" contextid="588" timestamp="2019-06-16T01:53:30.260" />
  <attribute name="elasticGC enabled" value="1" />
  <attribute name= "numThreadsSpecified" value="4" />
  <attribute name="heapSize specified" value="0" />
  <attribute name="Current GC Util" value="60" />
  <attribute name= "Current Time Running" value="2042" />
  <attribute name ="GC Interval" value="0" />
  <attribute name="ProportionalT" value="60.000000" />
  <attribute name="ProportionalI" value="60.000000" />
  <attribute name="ProportionalH" value="60.000000" />
  <attribute name="Current Error" value="40.000000" />
  <attribute name="IntegralT" value="40.000000" />
  <attribute name="IntegralI" value="40.000000" />
  <attribute name="IntegralH" value="40.000000" />
  <attribute name="DerivativeT" value="40.000000" />
  <attribute name="DerivativeI" value="40.000000" />
  <attribute name="DerivativeH" value="40.000000" />
  <attribute name="Loop Time for DT" value="1.000000" />
  <attribute name="Output H" value="8388608"/>
  <attribute name="Output I" value="200"/>
  <attribute name="Output T" value="4"/>
  <attribute name="Target GC Util Change" value ="20.000000" />
  <attribute name="Current GC Util Change" value="60.000000"/>
  <attribute name="GC Util currently" value="60" />
  <attribute name="CPU Util currently" value="19764396863476" />
<exclusive-end id="597" timestamp="2019-06-16T01:53:30.261" durationms="3.522" />

<exclusive-start id="598" timestamp="2019-06-16T01:53:30.283" intervalms="26.077">
  <response-info timems="0.025" idlems="0.025" threads="0" lastid="0000000002795500" lastname="Thread-10" />
</exclusive-start>
<allocation-taxation id="599" taxation-threshold="38797312" timestamp="2019-06-16T01:53:30.283" intervalms="26.040" />
<cycle-start id="600" type="partial gc" contextid="0" timestamp="2019-06-16T01:53:30.283" intervalms="25.988" />
<gc-start id="601" type="partial gc" contextid="600" timestamp="2019-06-16T01:53:30.283">
  <mem-info id="602" free="38797312" total="128974848" percent="30">
    <mem type="eden" free="0" total="38797312" percent="0" />
    <remembered-set count="31776" freebytes="5021184" totalbytes="5148288" percent="97" regionsoverflowed="0" regionsstable="2" regionsrebuilding="0"/>
  </mem-info>
</gc-start>
<allocation-stats totalBytes="38792744" >
  <allocated-bytes non-tlh="0" tlh="38792744" arrayletleaf="0"/>
  <largest-consumer threadName="Thread-10" threadId="0000000002795500" bytes="11188992" />
</allocation-stats>
<gc-op id="603" type="copy forward" timems="2.234" contextid="600" timestamp="2019-06-16T01:53:30.286">
  <memory-copied type="eden" objects="15344" bytes="644288" bytesdiscarded="52280" />
  <memory-copied type="other" objects="14505" bytes="485496" bytesdiscarded="12504" />
  <memory-cardclean objects="11128" bytes="566256" />
  <regions eden="37" other="3" />
  <remembered-set-cleared processed="27586" cleared="1518" durationms="0.154" />
  <stringconstants candidates="4597" cleared="0"  />
</gc-op>
<gc-op id="604" type="classunload" timems="0.002" contextid="600" timestamp="2019-06-16T01:53:30.286">
  <classunload-info classloadercandidates="8" classloadersunloaded="0" classesunloaded="0" anonymousclassesunloaded="0" quiescems="0.000" setupms="0.002" scanms="0.000" postms="0.000" />
</gc-op>
<heap-resize id="605" type="expand" space="default" amount="2097152" count="1" timems="0.057" reason="excessive time being spent in gc" timestamp="2019-06-16T01:53:30.287" />
<gc-end id="606" type="partial gc" contextid="600" durationms="3.193" usertimems="4.000" systemtimems="0.000" timestamp="2019-06-16T01:53:30.287" activeThreads="4">
  <mem-info id="607" free="78643200" total="131072000" percent="60">
    <mem type="eden" free="352008" total="1048576" percent="33" />
    <remembered-set count="32896" freebytes="5100416" totalbytes="5232000" percent="97" regionsoverflowed="0" regionsstable="2" regionsrebuilding="0"/>
  </mem-info>
</gc-end>
<cycle-end id="608" type="partial gc" contextid="600" timestamp="2019-06-16T01:53:30.287" />
  <attribute name="elasticGC enabled" value="1" />
  <attribute name= "numThreadsSpecified" value="4" />
  <attribute name="heapSize specified" value="0" />
  <attribute name="Current GC Util" value="58" />
  <attribute name= "Current Time Running" value="2068" />
  <attribute name ="GC Interval" value="0" />
  <attribute name="ProportionalT" value="57.000000" />
  <attribute name="ProportionalI" value="57.000000" />
  <attribute name="ProportionalH" value="57.000000" />
  <attribute name="Current Error" value="38.000000" />
  <attribute name="IntegralT" value="38.000000" />
  <attribute name="IntegralI" value="38.000000" />
  <attribute name="IntegralH" value="38.000000" />
  <attribute name="DerivativeT" value="38.000000" />
  <attribute name="DerivativeI" value="38.000000" />
  <attribute name="DerivativeH" value="38.000000" />
  <attribute name="Loop Time for DT" value="1.000000" />
  <attribute name="Output H" value="8388608"/>
  <attribute name="Output I" value="200"/>
  <attribute name="Output T" value="4"/>
  <attribute name="Target GC Util Change" value ="20.000000" />
  <attribute name="Current GC Util Change" value="58.000000"/>
  <attribute name="GC Util currently" value="58" />
  <attribute name="CPU Util currently" value="21974326660351" />
<exclusive-end id="609" timestamp="2019-06-16T01:53:30.287" durationms="3.758" />

<exclusive-start id="610" timestamp="2019-06-16T01:53:30.309" intervalms="26.219">
  <response-info timems="0.026" idlems="0.026" threads="0" lastid="000000000278DD00" lastname="Thread-8" />
</exclusive-start>
<allocation-taxation id="611" taxation-threshold="38797312" timestamp="2019-06-16T01:53:30.309" intervalms="26.232" />
<cycle-start id="612" type="partial gc" contextid="0" timestamp="2019-06-16T01:53:30.310" intervalms="26.256" />
<gc-start id="613" type="partial gc" contextid="612" timestamp="2019-06-16T01:53:30.310">
  <mem-info id="614" free="39845888" total="131072000" percent="30">
    <mem type="eden" free="0" total="38797312" percent="0" />
    <remembered-set count="32736" freebytes="5101056" totalbytes="5232000" percent="97" regionsoverflowed="0" regionsstable="2" regionsrebuilding="0"/>
  </mem-info>
</gc-start>
<allocation-stats totalBytes="38792952" >
  <allocated-bytes non-tlh="0" tlh="38792952" arrayletleaf="0"/>
  <largest-consumer threadName="Thread-7" threadId="0000000002791900" bytes="11410168" />
</allocation-stats>
<gc-op id="615" type="copy forward" timems="2.987" contextid="612" timestamp="2019-06-16T01:53:30.313">
  <memory-copied type="eden" objects="4294" bytes="104248" bytesdiscarded="0" />
  <memory-copied type="other" objects="18846" bytes="727056" bytesdiscarded="0" />
  <memory-cardclean objects="9734" bytes="495360" />
  <regions eden="37" other="2" />
  <remembered-set-cleared processed="28868" cleared="1226" durationms="0.290" />
  <stringconstants candidates="4597" cleared="0"  />
</gc-op>
<gc-op id="616" type="classunload" timems="0.002" contextid="612" timestamp="2019-06-16T01:53:30.313">
  <classunload-info classloadercandidates="8" classloadersunloaded="0" classesunloaded="0" anonymousclassesunloaded="0" quiescems="0.000" setupms="0.001" scanms="0.000" postms="0.000" />
</gc-op>
<heap-resize id="617" type="expand" space="default" amount="3145728" count="1" timems="0.062" reason="excessive time being spent in gc" timestamp="2019-06-16T01:53:30.313" />
<gc-end id="618" type="partial gc" contextid="612" durationms="3.892" usertimems="0.000" systemtimems="4.000" timestamp="2019-06-16T01:53:30.314" activeThreads="1">
  <mem-info id="619" free="80740352" total="134217728" percent="60">
    <mem type="eden" free="944328" total="1048576" percent="90" />
    <remembered-set count="33760" freebytes="5222528" totalbytes="5357568" percent="97" regionsoverflowed="0" regionsstable="2" regionsrebuilding="0"/>
  </mem-info>
</gc-end>
<cycle-end id="620" type="partial gc" contextid="612" timestamp="2019-06-16T01:53:30.314" />
  <attribute name="elasticGC enabled" value="1" />
  <attribute name= "numThreadsSpecified" value="1" />
  <attribute name="heapSize specified" value="0" />
  <attribute name="Current GC Util" value="48" />
  <attribute name= "Current Time Running" value="2094" />
  <attribute name ="GC Interval" value="0" />
  <attribute name="ProportionalT" value="42.000000" />
  <attribute name="ProportionalI" value="42.000000" />
  <attribute name="ProportionalH" value="42.000000" />
  <attribute name="Current Error" value="28.000000" />
  <attribute name="IntegralT" value="0.000000" />
  <attribute name="IntegralI" value="0.000000" />
  <attribute name="IntegralH" value="0.000000" />
  <attribute name="DerivativeT" value="inf" />
  <attribute name="DerivativeI" value="inf" />
  <attribute name="DerivativeH" value="inf" />
  <attribute name="Loop Time for DT" value="0.000000" />
  <attribute name="Output H" value="8388608"/>
  <attribute name="Output I" value="200"/>
  <attribute name="Output T" value="1"/>
  <attribute name="Target GC Util Change" value ="20.000000" />
  <attribute name="Current GC Util Change" value="48.000000"/>
  <attribute name="GC Util currently" value="48" />
  <attribute name="CPU Util currently" value="19601258157807" />
<exclusive-end id="621" timestamp="2019-06-16T01:53:30.314" durationms="4.599" />

<exclusive-start id="622" timestamp="2019-06-16T01:53:30.342" intervalms="32.510">
  <response-info timems="0.033" idlems="0.033" threads="0" lastid="0000000002799100" lastname="Thread-9" />
</exclusive-start>
<allocation-taxation id="623" taxation-threshold="39845888" timestamp="2019-06-16T01:53:30.342" intervalms="32.563" />
<cycle-start id="624" type="partial gc" contextid="0" timestamp="2019-06-16T01:53:30.342" intervalms="32.580" />
<gc-start id="625" type="partial gc" contextid="624" timestamp="2019-06-16T01:53:30.342">
  <mem-info id="626" free="40894464" total="134217728" percent="30">
    <mem type="eden" free="0" total="39845888" percent="0" />
    <remembered-set count="33600" freebytes="5223168" totalbytes="5357568" percent="97" regionsoverflowed="0" regionsstable="2" regionsrebuilding="0"/>
  </mem-info>
</gc-start>
<allocation-stats totalBytes="39841448" >
  <allocated-bytes non-tlh="0" tlh="39841448" arrayletleaf="0"/>
  <largest-consumer threadName="Thread-7" threadId="0000000002791900" bytes="13773528" />
</allocation-stats>
<gc-op id="627" type="copy forward" timems="2.324" contextid="624" timestamp="2019-06-16T01:53:30.345">
  <memory-copied type="eden" objects="4312" bytes="104424" bytesdiscarded="1800" />
  <memory-copied type="other" objects="19227" bytes="736200" bytesdiscarded="42864" />
  <memory-cardclean objects="7827" bytes="384816" />
  <regions eden="38" other="2" />
  <remembered-set-cleared processed="29809" cleared="1389" durationms="0.180" />
  <stringconstants candidates="4597" cleared="0"  />
</gc-op>
<gc-op id="628" type="classunload" timems="0.003" contextid="624" timestamp="2019-06-16T01:53:30.345">
  <classunload-info classloadercandidates="8" classloadersunloaded="0" classesunloaded="0" anonymousclassesunloaded="0" quiescems="0.000" setupms="0.003" scanms="0.000" postms="0.000" />
</gc-op>
<heap-resize id="629" type="expand" space="default" amount="5242880" count="1" timems="0.076" reason="excessive time being spent in gc" timestamp="2019-06-16T01:53:30.346" />
<gc-end id="630" type="partial gc" contextid="624" durationms="3.330" usertimems="4.000" systemtimems="0.000" timestamp="2019-06-16T01:53:30.346" activeThreads="4">
  <mem-info id="631" free="83886080" total="139460608" percent="60">
    <mem type="eden" free="1990928" total="2097152" percent="94" />
    <remembered-set count="34400" freebytes="5429248" totalbytes="5566848" percent="97" regionsoverflowed="0" regionsstable="2" regionsrebuilding="0"/>
  </mem-info>
</gc-end>
<cycle-end id="632" type="partial gc" contextid="624" timestamp="2019-06-16T01:53:30.346" />
  <attribute name="elasticGC enabled" value="1" />
  <attribute name= "numThreadsSpecified" value="4" />
  <attribute name="heapSize specified" value="0" />
  <attribute name="Current GC Util" value="62" />
  <attribute name= "Current Time Running" value="2127" />
  <attribute name ="GC Interval" value="0" />
  <attribute name="ProportionalT" value="63.000000" />
  <attribute name="ProportionalI" value="63.000000" />
  <attribute name="ProportionalH" value="63.000000" />
  <attribute name="Current Error" value="42.000000" />
  <attribute name="IntegralT" value="42.000000" />
  <attribute name="IntegralI" value="42.000000" />
  <attribute name="IntegralH" value="42.000000" />
  <attribute name="DerivativeT" value="42.000000" />
  <attribute name="DerivativeI" value="42.000000" />
  <attribute name="DerivativeH" value="42.000000" />
  <attribute name="Loop Time for DT" value="1.000000" />
  <attribute name="Output H" value="8388608"/>
  <attribute name="Output I" value="200"/>
  <attribute name="Output T" value="4"/>
  <attribute name="Target GC Util Change" value ="20.000000" />
  <attribute name="Current GC Util Change" value="62.000000"/>
  <attribute name="GC Util currently" value="62" />
  <attribute name="CPU Util currently" value="18742348370410" />
<exclusive-end id="633" timestamp="2019-06-16T01:53:30.346" durationms="4.166" />

<exclusive-start id="634" timestamp="2019-06-16T01:53:30.375" intervalms="32.918">
  <response-info timems="0.032" idlems="0.032" threads="0" lastid="000000000278DD00" lastname="Thread-8" />
</exclusive-start>
<allocation-taxation id="635" taxation-threshold="40894464" timestamp="2019-06-16T01:53:30.375" intervalms="32.896" />
<cycle-start id="636" type="partial gc" contextid="0" timestamp="2019-06-16T01:53:30.375" intervalms="32.871" />
<gc-start id="637" type="partial gc" contextid="636" timestamp="2019-06-16T01:53:30.375">
  <mem-info id="638" free="42991616" total="139460608" percent="30">
    <mem type="eden" free="0" total="40894464" percent="0" />
    <remembered-set count="34080" freebytes="5430528" totalbytes="5566848" percent="97" regionsoverflowed="0" regionsstable="2" regionsrebuilding="0"/>
  </mem-info>
</gc-start>
<allocation-stats totalBytes="40889904" >
  <allocated-bytes non-tlh="0" tlh="40889904" arrayletleaf="0"/>
  <largest-consumer threadName="Thread-7" threadId="0000000002791900" bytes="11848424" />
</allocation-stats>
<gc-op id="639" type="copy forward" timems="3.966" contextid="636" timestamp="2019-06-16T01:53:30.380">
  <memory-copied type="eden" objects="22571" bytes="955176" bytesdiscarded="0" />
  <memory-copied type="other" objects="8262" bytes="198288" bytesdiscarded="0" />
  <memory-cardclean objects="13192" bytes="683640" />
  <regions eden="39" other="3" />
  <remembered-set-cleared processed="30667" cleared="1230" durationms="0.338" />
  <stringconstants candidates="4597" cleared="0"  />
</gc-op>
<gc-op id="640" type="classunload" timems="0.003" contextid="636" timestamp="2019-06-16T01:53:30.380">
  <classunload-info classloadercandidates="8" classloadersunloaded="0" classesunloaded="0" anonymousclassesunloaded="0" quiescems="0.000" setupms="0.003" scanms="0.000" postms="0.000" />
</gc-op>
<gc-end id="641" type="partial gc" contextid="636" durationms="4.908" usertimems="4.000" systemtimems="0.000" timestamp="2019-06-16T01:53:30.380" activeThreads="1">
  <mem-info id="642" free="83886080" total="139460608" percent="60">
    <mem type="eden" free="93400" total="1048576" percent="8" />
    <remembered-set count="34880" freebytes="5427328" totalbytes="5566848" percent="97" regionsoverflowed="0" regionsstable="2" regionsrebuilding="0"/>
  </mem-info>
</gc-end>
<cycle-end id="643" type="partial gc" contextid="636" timestamp="2019-06-16T01:53:30.380" />
  <attribute name="elasticGC enabled" value="1" />
  <attribute name= "numThreadsSpecified" value="1" />
  <attribute name="heapSize specified" value="0" />
  <attribute name="Current GC Util" value="46" />
  <attribute name= "Current Time Running" value="2159" />
  <attribute name ="GC Interval" value="0" />
  <attribute name="ProportionalT" value="39.000000" />
  <attribute name="ProportionalI" value="39.000000" />
  <attribute name="ProportionalH" value="39.000000" />
  <attribute name="Current Error" value="26.000000" />
  <attribute name="IntegralT" value="0.000000" />
  <attribute name="IntegralI" value="0.000000" />
  <attribute name="IntegralH" value="0.000000" />
  <attribute name="DerivativeT" value="inf" />
  <attribute name="DerivativeI" value="inf" />
  <attribute name="DerivativeH" value="inf" />
  <attribute name="Loop Time for DT" value="0.000000" />
  <attribute name="Output H" value="8388608"/>
  <attribute name="Output I" value="200"/>
  <attribute name="Output T" value="1"/>
  <attribute name="Target GC Util Change" value ="20.000000" />
  <attribute name="Current GC Util Change" value="46.000000"/>
  <attribute name="GC Util currently" value="46" />
  <attribute name="CPU Util currently" value="16683317401929" />
<exclusive-end id="644" timestamp="2019-06-16T01:53:30.380" durationms="5.718" />

<exclusive-start id="645" timestamp="2019-06-16T01:53:30.412" intervalms="37.462">
  <response-info timems="0.053" idlems="0.053" threads="0" lastid="000000000278DD00" lastname="Thread-8" />
</exclusive-start>
<allocation-taxation id="646" taxation-threshold="40894464" timestamp="2019-06-16T01:53:30.412" intervalms="37.483" />
<cycle-start id="647" type="partial gc" contextid="0" timestamp="2019-06-16T01:53:30.413" intervalms="37.548" />
<gc-start id="648" type="partial gc" contextid="647" timestamp="2019-06-16T01:53:30.413">
  <mem-info id="649" free="42991616" total="139460608" percent="30">
    <mem type="eden" free="0" total="40894464" percent="0" />
    <remembered-set count="34784" freebytes="5427712" totalbytes="5566848" percent="97" regionsoverflowed="0" regionsstable="2" regionsrebuilding="0"/>
  </mem-info>
</gc-start>
<allocation-stats totalBytes="40889608" >
  <allocated-bytes non-tlh="0" tlh="40889608" arrayletleaf="0"/>
  <largest-consumer threadName="Thread-7" threadId="0000000002791900" bytes="11782824" />
</allocation-stats>
<gc-op id="650" type="copy forward" timems="4.373" contextid="647" timestamp="2019-06-16T01:53:30.418">
  <memory-copied type="eden" objects="10907" bytes="400624" bytesdiscarded="0" />
  <memory-copied type="other" objects="26482" bytes="1047696" bytesdiscarded="0" />
  <memory-cardclean objects="10404" bytes="516216" />
  <regions eden="39" other="2" />
  <remembered-set-cleared processed="31677" cleared="1524" durationms="0.488" />
  <stringconstants candidates="4597" cleared="0"  />
</gc-op>
<gc-op id="651" type="classunload" timems="0.002" contextid="647" timestamp="2019-06-16T01:53:30.418">
  <classunload-info classloadercandidates="8" classloadersunloaded="0" classesunloaded="0" anonymousclassesunloaded="0" quiescems="0.000" setupms="0.002" scanms="0.000" postms="0.000" />
</gc-op>
<heap-resize id="652" type="expand" space="default" amount="2097152" count="1" timems="0.074" reason="excessive time being spent in gc" timestamp="2019-06-16T01:53:30.418" />
<gc-end id="653" type="partial gc" contextid="647" durationms="5.689" usertimems="8.000" systemtimems="0.000" timestamp="2019-06-16T01:53:30.419" activeThreads="1">
  <mem-info id="654" free="84934656" total="141557760" percent="60">
    <mem type="eden" free="647952" total="1048576" percent="61" />
    <remembered-set count="36160" freebytes="5505920" totalbytes="5650560" percent="97" regionsoverflowed="0" regionsstable="2" regionsrebuilding="0"/>
  </mem-info>
</gc-end>
<cycle-end id="655" type="partial gc" contextid="647" timestamp="2019-06-16T01:53:30.419" />
  <attribute name="elasticGC enabled" value="1" />
  <attribute name= "numThreadsSpecified" value="1" />
  <attribute name="heapSize specified" value="0" />
  <attribute name="Current GC Util" value="55" />
  <attribute name= "Current Time Running" value="2197" />
  <attribute name ="GC Interval" value="0" />
  <attribute name="ProportionalT" value="52.500000" />
  <attribute name="ProportionalI" value="52.500000" />
  <attribute name="ProportionalH" value="52.500000" />
  <attribute name="Current Error" value="35.000000" />
  <attribute name="IntegralT" value="0.000000" />
  <attribute name="IntegralI" value="0.000000" />
  <attribute name="IntegralH" value="0.000000" />
  <attribute name="DerivativeT" value="inf" />
  <attribute name="DerivativeI" value="inf" />
  <attribute name="DerivativeH" value="inf" />
  <attribute name="Loop Time for DT" value="0.000000" />
  <attribute name="Output H" value="8388608"/>
  <attribute name="Output I" value="200"/>
  <attribute name="Output T" value="1"/>
  <attribute name="Target GC Util Change" value ="20.000000" />
  <attribute name="Current GC Util Change" value="55.000000"/>
  <attribute name="GC Util currently" value="55" />
  <attribute name="CPU Util currently" value="16679214347930" />
<exclusive-end id="656" timestamp="2019-06-16T01:53:30.419" durationms="6.679" />

<exclusive-start id="657" timestamp="2019-06-16T01:53:30.449" intervalms="36.350">
  <response-info timems="0.035" idlems="0.035" threads="0" lastid="0000000002799100" lastname="Thread-9" />
</exclusive-start>
<allocation-taxation id="658" taxation-threshold="41943040" timestamp="2019-06-16T01:53:30.449" intervalms="36.343" />
<cycle-start id="659" type="partial gc" contextid="0" timestamp="2019-06-16T01:53:30.449" intervalms="36.339" />
<gc-start id="660" type="partial gc" contextid="659" timestamp="2019-06-16T01:53:30.449">
  <mem-info id="661" free="42991616" total="141557760" percent="30">
    <mem type="eden" free="0" total="41943040" percent="0" />
    <remembered-set count="35840" freebytes="5507200" totalbytes="5650560" percent="97" regionsoverflowed="0" regionsstable="2" regionsrebuilding="0"/>
  </mem-info>
</gc-start>
<allocation-stats totalBytes="41937768" >
  <allocated-bytes non-tlh="0" tlh="41937768" arrayletleaf="0"/>
  <largest-consumer threadName="Thread-7" threadId="0000000002791900" bytes="11696928" />
</allocation-stats>
<gc-op id="662" type="copy forward" timems="3.117" contextid="659" timestamp="2019-06-16T01:53:30.453">
  <memory-copied type="eden" objects="6986" bytes="169024" bytesdiscarded="5624" />
  <memory-copied type="other" objects="32950" bytes="1340304" bytesdiscarded="68944" />
  <memory-cardclean objects="6103" bytes="310176" />
  <regions eden="40" other="2" />
  <remembered-set-cleared processed="32657" cleared="1471" durationms="0.201" />
  <stringconstants candidates="4597" cleared="0"  />
</gc-op>
<gc-op id="663" type="classunload" timems="0.003" contextid="659" timestamp="2019-06-16T01:53:30.453">
  <classunload-info classloadercandidates="8" classloadersunloaded="0" classesunloaded="0" anonymousclassesunloaded="0" quiescems="0.000" setupms="0.003" scanms="0.000" postms="0.000" />
</gc-op>
<heap-resize id="664" type="expand" space="default" amount="3145728" count="1" timems="0.074" reason="excessive time being spent in gc" timestamp="2019-06-16T01:53:30.453" />
<gc-end id="665" type="partial gc" contextid="659" durationms="4.375" usertimems="4.000" systemtimems="4.000" timestamp="2019-06-16T01:53:30.454" activeThreads="4">
  <mem-info id="666" free="87031808" total="144703488" percent="60">
    <mem type="eden" free="873928" total="1048576" percent="83" />
    <remembered-set count="37760" freebytes="5625088" totalbytes="5776128" percent="97" regionsoverflowed="0" regionsstable="2" regionsrebuilding="0"/>
  </mem-info>
</gc-end>
<cycle-end id="667" type="partial gc" contextid="659" timestamp="2019-06-16T01:53:30.454" />
  <attribute name="elasticGC enabled" value="1" />
  <attribute name= "numThreadsSpecified" value="4" />
  <attribute name="heapSize specified" value="0" />
  <attribute name="Current GC Util" value="50" />
  <attribute name= "Current Time Running" value="2234" />
  <attribute name ="GC Interval" value="0" />
  <attribute name="ProportionalT" value="45.000000" />
  <attribute name="ProportionalI" value="45.000000" />
  <attribute name="ProportionalH" value="45.000000" />
  <attribute name="Current Error" value="30.000000" />
  <attribute name="IntegralT" value="30.000000" />
  <attribute name="IntegralI" value="30.000000" />
  <attribute name="IntegralH" value="30.000000" />
  <attribute name="DerivativeT" value="30.000000" />
  <attribute name="DerivativeI" value="30.000000" />
  <attribute name="DerivativeH" value="30.000000" />
  <attribute name="Loop Time for DT" value="1.000000" />
  <attribute name="Output H" value="8388608"/>
  <attribute name="Output I" value="200"/>
  <attribute name="Output T" value="4"/>
  <attribute name="Target GC Util Change" value ="20.000000" />
  <attribute name="Current GC Util Change" value="50.000000"/>
  <attribute name="GC Util currently" value="50" />
  <attribute name="CPU Util currently" value="14756214743012" />
<exclusive-end id="668" timestamp="2019-06-16T01:53:30.454" durationms="5.328" />

<exclusive-start id="669" timestamp="2019-06-16T01:53:30.481" intervalms="32.633">
  <response-info timems="0.032" idlems="0.032" threads="0" lastid="0000000002795500" lastname="Thread-10" />
</exclusive-start>
<allocation-taxation id="670" taxation-threshold="42991616" timestamp="2019-06-16T01:53:30.481" intervalms="32.576" />
<cycle-start id="671" type="partial gc" contextid="0" timestamp="2019-06-16T01:53:30.481" intervalms="32.500" />
<gc-start id="672" type="partial gc" contextid="671" timestamp="2019-06-16T01:53:30.482">
  <mem-info id="673" free="44040192" total="144703488" percent="30">
    <mem type="eden" free="0" total="42991616" percent="0" />
    <remembered-set count="37600" freebytes="5625728" totalbytes="5776128" percent="97" regionsoverflowed="0" regionsstable="2" regionsrebuilding="0"/>
  </mem-info>
</gc-start>
<allocation-stats totalBytes="42986952" >
  <allocated-bytes non-tlh="0" tlh="42986952" arrayletleaf="0"/>
  <largest-consumer threadName="Thread-10" threadId="0000000002795500" bytes="11340704" />
</allocation-stats>
<gc-op id="674" type="copy forward" timems="4.065" contextid="671" timestamp="2019-06-16T01:53:30.486">
  <memory-copied type="eden" objects="14104" bytes="614088" bytesdiscarded="0" />
  <memory-copied type="other" objects="22246" bytes="808656" bytesdiscarded="0" />
  <memory-cardclean objects="6103" bytes="310176" />
  <regions eden="41" other="3" />
  <remembered-set-cleared processed="33032" cleared="1846" durationms="0.332" />
  <stringconstants candidates="4597" cleared="0"  />
</gc-op>
<gc-op id="675" type="classunload" timems="0.002" contextid="671" timestamp="2019-06-16T01:53:30.486">
  <classunload-info classloadercandidates="8" classloadersunloaded="0" classesunloaded="0" anonymousclassesunloaded="0" quiescems="0.000" setupms="0.002" scanms="0.000" postms="0.000" />
</gc-op>
<heap-resize id="676" type="expand" space="default" amount="2097152" count="1" timems="0.066" reason="excessive time being spent in gc" timestamp="2019-06-16T01:53:30.487" />
<gc-end id="677" type="partial gc" contextid="671" durationms="5.139" usertimems="4.000" systemtimems="0.000" timestamp="2019-06-16T01:53:30.487" activeThreads="1">
  <mem-info id="678" free="88080384" total="146800640" percent="60">
    <mem type="eden" free="434488" total="1048576" percent="41" />
    <remembered-set count="36896" freebytes="5712256" totalbytes="5859840" percent="97" regionsoverflowed="0" regionsstable="2" regionsrebuilding="0"/>
  </mem-info>
</gc-end>
<cycle-end id="679" type="partial gc" contextid="671" timestamp="2019-06-16T01:53:30.487" />
  <attribute name="elasticGC enabled" value="1" />
  <attribute name= "numThreadsSpecified" value="1" />
  <attribute name="heapSize specified" value="0" />
  <attribute name="Current GC Util" value="48" />
  <attribute name= "Current Time Running" value="2266" />
  <attribute name ="GC Interval" value="0" />
  <attribute name="ProportionalT" value="42.000000" />
  <attribute name="ProportionalI" value="42.000000" />
  <attribute name="ProportionalH" value="42.000000" />
  <attribute name="Current Error" value="28.000000" />
  <attribute name="IntegralT" value="0.000000" />
  <attribute name="IntegralI" value="0.000000" />
  <attribute name="IntegralH" value="0.000000" />
  <attribute name="DerivativeT" value="inf" />
  <attribute name="DerivativeI" value="inf" />
  <attribute name="DerivativeH" value="inf" />
  <attribute name="Loop Time for DT" value="0.000000" />
  <attribute name="Output H" value="8388608"/>
  <attribute name="Output I" value="200"/>
  <attribute name="Output T" value="1"/>
  <attribute name="Target GC Util Change" value ="20.000000" />
  <attribute name="Current GC Util Change" value="48.000000"/>
  <attribute name="GC Util currently" value="48" />
  <attribute name="CPU Util currently" value="18381892731928" />
<exclusive-end id="680" timestamp="2019-06-16T01:53:30.487" durationms="5.724" />

<exclusive-start id="681" timestamp="2019-06-16T01:53:30.511" intervalms="29.568">
  <response-info timems="0.024" idlems="0.024" threads="0" lastid="0000000002795500" lastname="Thread-10" />
</exclusive-start>
<allocation-taxation id="682" taxation-threshold="42991616" timestamp="2019-06-16T01:53:30.511" intervalms="29.585" />
<cycle-start id="683" type="partial gc" contextid="0" timestamp="2019-06-16T01:53:30.511" intervalms="29.591" />
<gc-start id="684" type="partial gc" contextid="683" timestamp="2019-06-16T01:53:30.511">
  <mem-info id="685" free="45088768" total="146800640" percent="30">
    <mem type="eden" free="0" total="42991616" percent="0" />
    <remembered-set count="36704" freebytes="5713024" totalbytes="5859840" percent="97" regionsoverflowed="0" regionsstable="2" regionsrebuilding="0"/>
  </mem-info>
</gc-start>
<allocation-stats totalBytes="42986608" >
  <allocated-bytes non-tlh="0" tlh="42986608" arrayletleaf="0"/>
  <largest-consumer threadName="Thread-8" threadId="000000000278DD00" bytes="11881048" />
</allocation-stats>
<gc-op id="686" type="copy forward" timems="3.315" contextid="683" timestamp="2019-06-16T01:53:30.515">
  <memory-copied type="eden" objects="17358" bytes="693120" bytesdiscarded="0" />
  <memory-copied type="other" objects="11058" bytes="402768" bytesdiscarded="0" />
  <memory-cardclean objects="7327" bytes="398784" />
  <regions eden="41" other="2" />
  <remembered-set-cleared processed="33713" cleared="634" durationms="0.325" />
  <stringconstants candidates="4597" cleared="0"  />
</gc-op>
<gc-op id="687" type="classunload" timems="0.002" contextid="683" timestamp="2019-06-16T01:53:30.515">
  <classunload-info classloadercandidates="8" classloadersunloaded="0" classesunloaded="0" anonymousclassesunloaded="0" quiescems="0.000" setupms="0.002" scanms="0.000" postms="0.000" />
</gc-op>
<heap-resize id="688" type="expand" space="default" amount="3145728" count="1" timems="0.064" reason="excessive time being spent in gc" timestamp="2019-06-16T01:53:30.515" />
<gc-end id="689" type="partial gc" contextid="683" durationms="4.260" usertimems="4.000" systemtimems="0.000" timestamp="2019-06-16T01:53:30.515" activeThreads="1">
  <mem-info id="690" free="90177536" total="149946368" percent="60">
    <mem type="eden" free="355456" total="1048576" percent="33" />
    <remembered-set count="37792" freebytes="5834240" totalbytes="5985408" percent="97" regionsoverflowed="0" regionsstable="2" regionsrebuilding="0"/>
  </mem-info>
</gc-end>
<cycle-end id="691" type="partial gc" contextid="683" timestamp="2019-06-16T01:53:30.516" />
  <attribute name="elasticGC enabled" value="1" />
  <attribute name= "numThreadsSpecified" value="1" />
  <attribute name="heapSize specified" value="0" />
  <attribute name="Current GC Util" value="69" />
  <attribute name= "Current Time Running" value="2295" />
  <attribute name ="GC Interval" value="0" />
  <attribute name="ProportionalT" value="73.500000" />
  <attribute name="ProportionalI" value="73.500000" />
  <attribute name="ProportionalH" value="73.500000" />
  <attribute name="Current Error" value="49.000000" />
  <attribute name="IntegralT" value="0.000000" />
  <attribute name="IntegralI" value="0.000000" />
  <attribute name="IntegralH" value="0.000000" />
  <attribute name="DerivativeT" value="inf" />
  <attribute name="DerivativeI" value="inf" />
  <attribute name="DerivativeH" value="inf" />
  <attribute name="Loop Time for DT" value="0.000000" />
  <attribute name="Output H" value="8388608"/>
  <attribute name="Output I" value="200"/>
  <attribute name="Output T" value="1"/>
  <attribute name="Target GC Util Change" value ="20.000000" />
  <attribute name="Current GC Util Change" value="69.000000"/>
  <attribute name="GC Util currently" value="69" />
  <attribute name="CPU Util currently" value="20862259955676" />
<exclusive-end id="692" timestamp="2019-06-16T01:53:30.516" durationms="4.858" />

<exclusive-start id="693" timestamp="2019-06-16T01:53:30.540" intervalms="29.450">
  <response-info timems="0.206" idlems="0.206" threads="0" lastid="000000000278DD00" lastname="Thread-8" />
</exclusive-start>
<allocation-taxation id="694" taxation-threshold="44040192" timestamp="2019-06-16T01:53:30.540" intervalms="29.461" />
<cycle-start id="695" type="partial gc" contextid="0" timestamp="2019-06-16T01:53:30.540" intervalms="29.471" />
<gc-start id="696" type="partial gc" contextid="695" timestamp="2019-06-16T01:53:30.541">
  <mem-info id="697" free="46137344" total="149946368" percent="30">
    <mem type="eden" free="0" total="44040192" percent="0" />
    <remembered-set count="37472" freebytes="5835520" totalbytes="5985408" percent="97" regionsoverflowed="0" regionsstable="2" regionsrebuilding="0"/>
  </mem-info>
</gc-start>
<allocation-stats totalBytes="44034784" >
  <allocated-bytes non-tlh="0" tlh="44034784" arrayletleaf="0"/>
  <largest-consumer threadName="Thread-8" threadId="000000000278DD00" bytes="12458520" />
</allocation-stats>
<gc-op id="698" type="copy forward" timems="2.510" contextid="695" timestamp="2019-06-16T01:53:30.544">
  <memory-copied type="eden" objects="10864" bytes="399936" bytesdiscarded="31224" />
  <memory-copied type="other" objects="25895" bytes="1033608" bytesdiscarded="59328" />
  <memory-cardclean objects="6019" bytes="298008" />
  <regions eden="42" other="2" />
  <remembered-set-cleared processed="34403" cleared="1011" durationms="0.173" />
  <stringconstants candidates="4597" cleared="0"  />
</gc-op>
<gc-op id="699" type="classunload" timems="0.002" contextid="695" timestamp="2019-06-16T01:53:30.544">
  <classunload-info classloadercandidates="8" classloadersunloaded="0" classesunloaded="0" anonymousclassesunloaded="0" quiescems="0.000" setupms="0.002" scanms="0.000" postms="0.000" />
</gc-op>
<heap-resize id="700" type="expand" space="default" amount="2097152" count="1" timems="0.057" reason="excessive time being spent in gc" timestamp="2019-06-16T01:53:30.544" />
<gc-end id="701" type="partial gc" contextid="695" durationms="3.415" usertimems="0.000" systemtimems="4.000" timestamp="2019-06-16T01:53:30.544" activeThreads="4">
  <mem-info id="702" free="91226112" total="152043520" percent="60">
    <mem type="eden" free="617416" total="1048576" percent="58" />
    <remembered-set count="39008" freebytes="5913088" totalbytes="6069120" percent="97" regionsoverflowed="0" regionsstable="2" regionsrebuilding="0"/>
  </mem-info>
</gc-end>
<cycle-end id="703" type="partial gc" contextid="695" timestamp="2019-06-16T01:53:30.544" />
  <attribute name="elasticGC enabled" value="1" />
  <attribute name= "numThreadsSpecified" value="4" />
  <attribute name="heapSize specified" value="0" />
  <attribute name="Current GC Util" value="72" />
  <attribute name= "Current Time Running" value="2325" />
  <attribute name ="GC Interval" value="0" />
  <attribute name="ProportionalT" value="78.000000" />
  <attribute name="ProportionalI" value="78.000000" />
  <attribute name="ProportionalH" value="78.000000" />
  <attribute name="Current Error" value="52.000000" />
  <attribute name="IntegralT" value="52.000000" />
  <attribute name="IntegralI" value="52.000000" />
  <attribute name="IntegralH" value="52.000000" />
  <attribute name="DerivativeT" value="52.000000" />
  <attribute name="DerivativeI" value="52.000000" />
  <attribute name="DerivativeH" value="52.000000" />
  <attribute name="Loop Time for DT" value="1.000000" />
  <attribute name="Output H" value="8388608"/>
  <attribute name="Output I" value="200"/>
  <attribute name="Output T" value="4"/>
  <attribute name="Target GC Util Change" value ="20.000000" />
  <attribute name="Current GC Util Change" value="72.000000"/>
  <attribute name="GC Util currently" value="72" />
  <attribute name="CPU Util currently" value="20274622955730" />
<exclusive-end id="704" timestamp="2019-06-16T01:53:30.544" durationms="4.136" />

<exclusive-start id="705" timestamp="2019-06-16T01:53:30.571" intervalms="30.498">
  <response-info timems="0.031" idlems="0.031" threads="0" lastid="000000000278DD00" lastname="Thread-8" />
</exclusive-start>
<allocation-taxation id="706" taxation-threshold="44040192" timestamp="2019-06-16T01:53:30.571" intervalms="30.516" />
<cycle-start id="707" type="partial gc" contextid="0" timestamp="2019-06-16T01:53:30.571" intervalms="30.558" />
<gc-start id="708" type="partial gc" contextid="707" timestamp="2019-06-16T01:53:30.571">
  <mem-info id="709" free="47185920" total="152043520" percent="31">
    <mem type="eden" free="0" total="44040192" percent="0" />
    <remembered-set count="38656" freebytes="5914496" totalbytes="6069120" percent="97" regionsoverflowed="0" regionsstable="2" regionsrebuilding="0"/>
  </mem-info>
</gc-start>
<allocation-stats totalBytes="44035056" >
  <allocated-bytes non-tlh="0" tlh="44035056" arrayletleaf="0"/>
  <largest-consumer threadName="Thread-8" threadId="000000000278DD00" bytes="14264744" />
</allocation-stats>
<gc-op id="710" type="copy forward" timems="2.422" contextid="707" timestamp="2019-06-16T01:53:30.574">
  <memory-copied type="eden" objects="11975" bytes="564096" bytesdiscarded="15832" />
  <memory-copied type="other" objects="19057" bytes="732120" bytesdiscarded="43600" />
  <memory-cardclean objects="5725" bytes="283920" />
  <regions eden="42" other="3" />
  <remembered-set-cleared processed="34768" cleared="1376" durationms="0.202" />
  <stringconstants candidates="4597" cleared="0"  />
</gc-op>
<gc-op id="711" type="classunload" timems="0.002" contextid="707" timestamp="2019-06-16T01:53:30.574">
  <classunload-info classloadercandidates="8" classloadersunloaded="0" classesunloaded="0" anonymousclassesunloaded="0" quiescems="0.000" setupms="0.002" scanms="0.000" postms="0.000" />
</gc-op>
<heap-resize id="712" type="expand" space="default" amount="3145728" count="1" timems="0.076" reason="excessive time being spent in gc" timestamp="2019-06-16T01:53:30.575" />
<gc-end id="713" type="partial gc" contextid="707" durationms="3.399" usertimems="0.000" systemtimems="4.000" timestamp="2019-06-16T01:53:30.575" activeThreads="4">
  <mem-info id="714" free="93323264" total="155189248" percent="60">
    <mem type="eden" free="468648" total="1048576" percent="44" />
    <remembered-set count="37984" freebytes="6042752" totalbytes="6194688" percent="97" regionsoverflowed="0" regionsstable="2" regionsrebuilding="0"/>
  </mem-info>
</gc-end>
<cycle-end id="715" type="partial gc" contextid="707" timestamp="2019-06-16T01:53:30.575" />
  <attribute name="elasticGC enabled" value="1" />
  <attribute name= "numThreadsSpecified" value="4" />
  <attribute name="heapSize specified" value="0" />
  <attribute name="Current GC Util" value="0" />
  <attribute name= "Current Time Running" value="2355" />
  <attribute name ="GC Interval" value="0" />
  <attribute name="ProportionalT" value="-30.000000" />
  <attribute name="ProportionalI" value="-30.000000" />
  <attribute name="ProportionalH" value="-30.000000" />
  <attribute name="Current Error" value="-20.000000" />
  <attribute name="IntegralT" value="0.000000" />
  <attribute name="IntegralI" value="0.000000" />
  <attribute name="IntegralH" value="0.000000" />
  <attribute name="DerivativeT" value="-inf" />
  <attribute name="DerivativeI" value="-inf" />
  <attribute name="DerivativeH" value="-inf" />
  <attribute name="Loop Time for DT" value="0.000000" />
  <attribute name="Output H" value="2091843584"/>
  <attribute name="Output I" value="200"/>
  <attribute name="Output T" value="4"/>
  <attribute name="Target GC Util Change" value ="20.000000" />
  <attribute name="Current GC Util Change" value="0.000000"/>
  <attribute name="GC Util currently" value="0" />
  <attribute name="CPU Util currently" value="28653088941060" />
<exclusive-end id="716" timestamp="2019-06-16T01:53:30.575" durationms="4.266" />

<exclusive-start id="717" timestamp="2019-06-16T01:53:30.604" intervalms="33.516">
  <response-info timems="3.815" idlems="1.940" threads="1" lastid="0000000002799100" lastname="Thread-9" />
</exclusive-start>
<allocation-taxation id="718" taxation-threshold="45088768" timestamp="2019-06-16T01:53:30.604" intervalms="33.499" />
<cycle-start id="719" type="partial gc" contextid="0" timestamp="2019-06-16T01:53:30.605" intervalms="33.546" />
<gc-start id="720" type="partial gc" contextid="719" timestamp="2019-06-16T01:53:30.605">
  <mem-info id="721" free="48234496" total="155189248" percent="31">
    <mem type="eden" free="0" total="45088768" percent="0" />
    <remembered-set count="37984" freebytes="6042752" totalbytes="6194688" percent="97" regionsoverflowed="0" regionsstable="2" regionsrebuilding="0"/>
  </mem-info>
</gc-start>
<allocation-stats totalBytes="45083736" >
  <allocated-bytes non-tlh="0" tlh="45083736" arrayletleaf="0"/>
  <largest-consumer threadName="Thread-10" threadId="0000000002795500" bytes="15886896" />
</allocation-stats>
<gc-op id="722" type="copy forward" timems="3.056" contextid="719" timestamp="2019-06-16T01:53:30.609">
  <memory-copied type="eden" objects="3123" bytes="77088" bytesdiscarded="0" />
  <memory-copied type="other" objects="19751" bytes="886152" bytesdiscarded="0" />
  <memory-cardclean objects="3571" bytes="195480" />
  <regions eden="43" other="2" />
  <remembered-set-cleared processed="35185" cleared="641" durationms="0.373" />
  <stringconstants candidates="4597" cleared="0"  />
</gc-op>
<gc-op id="723" type="classunload" timems="0.003" contextid="719" timestamp="2019-06-16T01:53:30.609">
  <classunload-info classloadercandidates="8" classloadersunloaded="0" classesunloaded="0" anonymousclassesunloaded="0" quiescems="0.000" setupms="0.003" scanms="0.000" postms="0.000" />
</gc-op>
<heap-resize id="724" type="expand" space="default" amount="2097152" count="1" timems="0.070" reason="excessive time being spent in gc" timestamp="2019-06-16T01:53:30.609" />
<gc-end id="725" type="partial gc" contextid="719" durationms="4.313" usertimems="4.000" systemtimems="0.000" timestamp="2019-06-16T01:53:30.609" activeThreads="1">
  <mem-info id="726" free="94371840" total="157286400" percent="60">
    <mem type="eden" free="971488" total="1048576" percent="92" />
    <remembered-set count="38720" freebytes="6123520" totalbytes="6278400" percent="97" regionsoverflowed="0" regionsstable="2" regionsrebuilding="0"/>
  </mem-info>
</gc-end>
<cycle-end id="727" type="partial gc" contextid="719" timestamp="2019-06-16T01:53:30.609" />
  <attribute name="elasticGC enabled" value="1" />
  <attribute name= "numThreadsSpecified" value="1" />
  <attribute name="heapSize specified" value="0" />
  <attribute name="Current GC Util" value="51" />
  <attribute name= "Current Time Running" value="2389" />
  <attribute name ="GC Interval" value="0" />
  <attribute name="ProportionalT" value="46.500000" />
  <attribute name="ProportionalI" value="46.500000" />
  <attribute name="ProportionalH" value="46.500000" />
  <attribute name="Current Error" value="31.000000" />
  <attribute name="IntegralT" value="0.000000" />
  <attribute name="IntegralI" value="0.000000" />
  <attribute name="IntegralH" value="0.000000" />
  <attribute name="DerivativeT" value="inf" />
  <attribute name="DerivativeI" value="inf" />
  <attribute name="DerivativeH" value="inf" />
  <attribute name="Loop Time for DT" value="0.000000" />
  <attribute name="Output H" value="8388608"/>
  <attribute name="Output I" value="200"/>
  <attribute name="Output T" value="1"/>
  <attribute name="Target GC Util Change" value ="20.000000" />
  <attribute name="Current GC Util Change" value="51.000000"/>
  <attribute name="GC Util currently" value="51" />
  <attribute name="CPU Util currently" value="16974885662261" />
<exclusive-end id="728" timestamp="2019-06-16T01:53:30.609" durationms="5.268" />

<exclusive-start id="729" timestamp="2019-06-16T01:53:30.634" intervalms="29.772">
  <response-info timems="0.056" idlems="0.030" threads="1" lastid="0000000002799100" lastname="Thread-9" />
</exclusive-start>
<allocation-taxation id="730" taxation-threshold="46137344" timestamp="2019-06-16T01:53:30.634" intervalms="29.935" />
<cycle-start id="731" type="partial gc" contextid="0" timestamp="2019-06-16T01:53:30.634" intervalms="29.938" />
<gc-start id="732" type="partial gc" contextid="731" timestamp="2019-06-16T01:53:30.635">
  <mem-info id="733" free="48234496" total="157286400" percent="30">
    <mem type="eden" free="0" total="46137344" percent="0" />
    <remembered-set count="38688" freebytes="6123648" totalbytes="6278400" percent="97" regionsoverflowed="0" regionsstable="2" regionsrebuilding="0"/>
  </mem-info>
</gc-start>
<allocation-stats totalBytes="46131968" >
  <allocated-bytes non-tlh="0" tlh="46131968" arrayletleaf="0"/>
  <largest-consumer threadName="Thread-10" threadId="0000000002795500" bytes="15112464" />
</allocation-stats>
<gc-op id="734" type="copy forward" timems="2.937" contextid="731" timestamp="2019-06-16T01:53:30.639">
  <memory-copied type="eden" objects="3544" bytes="86896" bytesdiscarded="0" />
  <memory-copied type="other" objects="14412" bytes="620640" bytesdiscarded="0" />
  <memory-cardclean objects="4439" bytes="232776" />
  <regions eden="44" other="2" />
  <remembered-set-cleared processed="35737" cleared="686" durationms="0.384" />
  <stringconstants candidates="4597" cleared="0"  />
</gc-op>
<gc-op id="735" type="classunload" timems="0.003" contextid="731" timestamp="2019-06-16T01:53:30.639">
  <classunload-info classloadercandidates="8" classloadersunloaded="0" classesunloaded="0" anonymousclassesunloaded="0" quiescems="0.000" setupms="0.003" scanms="0.000" postms="0.000" />
</gc-op>
<heap-resize id="736" type="expand" space="default" amount="3145728" count="1" timems="0.076" reason="excessive time being spent in gc" timestamp="2019-06-16T01:53:30.639" />
<gc-end id="737" type="partial gc" contextid="731" durationms="4.031" usertimems="8.000" systemtimems="0.000" timestamp="2019-06-16T01:53:30.639" activeThreads="1">
  <mem-info id="738" free="96468992" total="160432128" percent="60">
    <mem type="eden" free="961680" total="1048576" percent="91" />
    <remembered-set count="39776" freebytes="6244864" totalbytes="6403968" percent="97" regionsoverflowed="0" regionsstable="2" regionsrebuilding="0"/>
  </mem-info>
</gc-end>
<cycle-end id="739" type="partial gc" contextid="731" timestamp="2019-06-16T01:53:30.639" />
  <attribute name="elasticGC enabled" value="1" />
  <attribute name= "numThreadsSpecified" value="1" />
  <attribute name="heapSize specified" value="0" />
  <attribute name="Current GC Util" value="55" />
  <attribute name= "Current Time Running" value="2419" />
  <attribute name ="GC Interval" value="0" />
  <attribute name="ProportionalT" value="52.500000" />
  <attribute name="ProportionalI" value="52.500000" />
  <attribute name="ProportionalH" value="52.500000" />
  <attribute name="Current Error" value="35.000000" />
  <attribute name="IntegralT" value="0.000000" />
  <attribute name="IntegralI" value="0.000000" />
  <attribute name="IntegralH" value="0.000000" />
  <attribute name="DerivativeT" value="inf" />
  <attribute name="DerivativeI" value="inf" />
  <attribute name="DerivativeH" value="inf" />
  <attribute name="Loop Time for DT" value="0.000000" />
  <attribute name="Output H" value="8388608"/>
  <attribute name="Output I" value="200"/>
  <attribute name="Output T" value="1"/>
  <attribute name="Target GC Util Change" value ="20.000000" />
  <attribute name="Current GC Util Change" value="55.000000"/>
  <attribute name="GC Util currently" value="55" />
  <attribute name="CPU Util currently" value="15613568382432" />
<exclusive-end id="740" timestamp="2019-06-16T01:53:30.639" durationms="5.194" />

<exclusive-start id="741" timestamp="2019-06-16T01:53:30.665" intervalms="31.491">
  <response-info timems="0.050" idlems="0.032" threads="1" lastid="0000000002799100" lastname="Thread-9" />
</exclusive-start>
<allocation-taxation id="742" taxation-threshold="46137344" timestamp="2019-06-16T01:53:30.666" intervalms="31.418" />
<cycle-start id="743" type="partial gc" contextid="0" timestamp="2019-06-16T01:53:30.666" intervalms="31.331" />
<gc-start id="744" type="partial gc" contextid="743" timestamp="2019-06-16T01:53:30.666">
  <mem-info id="745" free="50331648" total="160432128" percent="31">
    <mem type="eden" free="0" total="46137344" percent="0" />
    <remembered-set count="39584" freebytes="6245632" totalbytes="6403968" percent="97" regionsoverflowed="0" regionsstable="2" regionsrebuilding="0"/>
  </mem-info>
</gc-start>
<allocation-stats totalBytes="46132040" >
  <allocated-bytes non-tlh="0" tlh="46132040" arrayletleaf="0"/>
  <largest-consumer threadName="Thread-10" threadId="0000000002795500" bytes="17287152" />
</allocation-stats>
<gc-op id="746" type="copy forward" timems="3.090" contextid="743" timestamp="2019-06-16T01:53:30.670">
  <memory-copied type="eden" objects="10879" bytes="400168" bytesdiscarded="0" />
  <memory-copied type="other" objects="6008" bytes="144192" bytesdiscarded="0" />
  <memory-cardclean objects="12372" bytes="636336" />
  <regions eden="44" other="2" />
  <remembered-set-cleared processed="36235" cleared="927" durationms="0.393" />
  <stringconstants candidates="4597" cleared="0"  />
</gc-op>
<gc-op id="747" type="classunload" timems="0.002" contextid="743" timestamp="2019-06-16T01:53:30.670">
  <classunload-info classloadercandidates="8" classloadersunloaded="0" classesunloaded="0" anonymousclassesunloaded="0" quiescems="0.000" setupms="0.002" scanms="0.000" postms="0.000" />
</gc-op>
<heap-resize id="748" type="expand" space="default" amount="2097152" count="1" timems="0.069" reason="excessive time being spent in gc" timestamp="2019-06-16T01:53:30.670" />
<gc-end id="749" type="partial gc" contextid="743" durationms="4.253" usertimems="4.000" systemtimems="0.000" timestamp="2019-06-16T01:53:30.670" activeThreads="1">
  <mem-info id="750" free="97517568" total="162529280" percent="60">
    <mem type="eden" free="648408" total="1048576" percent="61" />
    <remembered-set count="41088" freebytes="6323328" totalbytes="6487680" percent="97" regionsoverflowed="0" regionsstable="2" regionsrebuilding="0"/>
  </mem-info>
</gc-end>
<cycle-end id="751" type="partial gc" contextid="743" timestamp="2019-06-16T01:53:30.670" />
  <attribute name="elasticGC enabled" value="1" />
  <attribute name= "numThreadsSpecified" value="1" />
  <attribute name="heapSize specified" value="0" />
  <attribute name="Current GC Util" value="64" />
  <attribute name= "Current Time Running" value="2450" />
  <attribute name ="GC Interval" value="0" />
  <attribute name="ProportionalT" value="66.000000" />
  <attribute name="ProportionalI" value="66.000000" />
  <attribute name="ProportionalH" value="66.000000" />
  <attribute name="Current Error" value="44.000000" />
  <attribute name="IntegralT" value="0.000000" />
  <attribute name="IntegralI" value="0.000000" />
  <attribute name="IntegralH" value="0.000000" />
  <attribute name="DerivativeT" value="inf" />
  <attribute name="DerivativeI" value="inf" />
  <attribute name="DerivativeH" value="inf" />
  <attribute name="Loop Time for DT" value="0.000000" />
  <attribute name="Output H" value="8388608"/>
  <attribute name="Output I" value="200"/>
  <attribute name="Output T" value="1"/>
  <attribute name="Target GC Util Change" value ="20.000000" />
  <attribute name="Current GC Util Change" value="64.000000"/>
  <attribute name="GC Util currently" value="64" />
  <attribute name="CPU Util currently" value="19207035333023" />
<exclusive-end id="752" timestamp="2019-06-16T01:53:30.671" durationms="5.205" />

<exclusive-start id="753" timestamp="2019-06-16T01:53:30.698" intervalms="32.624">
  <response-info timems="0.038" idlems="0.038" threads="0" lastid="000000000278DD00" lastname="Thread-8" />
</exclusive-start>
<allocation-taxation id="754" taxation-threshold="47185920" timestamp="2019-06-16T01:53:30.698" intervalms="32.559" />
<cycle-start id="755" type="partial gc" contextid="0" timestamp="2019-06-16T01:53:30.698" intervalms="32.578" />
<gc-start id="756" type="partial gc" contextid="755" timestamp="2019-06-16T01:53:30.699">
  <mem-info id="757" free="50331648" total="162529280" percent="30">
    <mem type="eden" free="0" total="47185920" percent="0" />
    <remembered-set count="40608" freebytes="6325248" totalbytes="6487680" percent="97" regionsoverflowed="0" regionsstable="2" regionsrebuilding="0"/>
  </mem-info>
</gc-start>
<allocation-stats totalBytes="47180752" >
  <allocated-bytes non-tlh="0" tlh="47180752" arrayletleaf="0"/>
  <largest-consumer threadName="Thread-8" threadId="000000000278DD00" bytes="17877192" />
</allocation-stats>
<gc-op id="758" type="copy forward" timems="3.471" contextid="755" timestamp="2019-06-16T01:53:30.703">
  <memory-copied type="eden" objects="9269" bytes="361744" bytesdiscarded="0" />
  <memory-copied type="other" objects="13847" bytes="469704" bytesdiscarded="0" />
  <memory-cardclean objects="11480" bytes="560088" />
  <regions eden="45" other="2" />
  <remembered-set-cleared processed="37108" cleared="1298" durationms="0.400" />
  <stringconstants candidates="4597" cleared="0"  />
</gc-op>
<gc-op id="759" type="classunload" timems="0.002" contextid="755" timestamp="2019-06-16T01:53:30.703">
  <classunload-info classloadercandidates="8" classloadersunloaded="0" classesunloaded="0" anonymousclassesunloaded="0" quiescems="0.000" setupms="0.002" scanms="0.000" postms="0.000" />
</gc-op>
<heap-resize id="760" type="expand" space="default" amount="3145728" count="1" timems="0.073" reason="excessive time being spent in gc" timestamp="2019-06-16T01:53:30.703" />
<gc-end id="761" type="partial gc" contextid="755" durationms="4.542" usertimems="4.000" systemtimems="0.000" timestamp="2019-06-16T01:53:30.703" activeThreads="1">
  <mem-info id="762" free="99614720" total="165675008" percent="60">
    <mem type="eden" free="686832" total="1048576" percent="65" />
    <remembered-set count="41632" freebytes="6446720" totalbytes="6613248" percent="97" regionsoverflowed="0" regionsstable="2" regionsrebuilding="0"/>
  </mem-info>
</gc-end>
<cycle-end id="763" type="partial gc" contextid="755" timestamp="2019-06-16T01:53:30.703" />
  <attribute name="elasticGC enabled" value="1" />
  <attribute name= "numThreadsSpecified" value="1" />
  <attribute name="heapSize specified" value="0" />
  <attribute name="Current GC Util" value="56" />
  <attribute name= "Current Time Running" value="2483" />
  <attribute name ="GC Interval" value="0" />
  <attribute name="ProportionalT" value="54.000000" />
  <attribute name="ProportionalI" value="54.000000" />
  <attribute name="ProportionalH" value="54.000000" />
  <attribute name="Current Error" value="36.000000" />
  <attribute name="IntegralT" value="0.000000" />
  <attribute name="IntegralI" value="0.000000" />
  <attribute name="IntegralH" value="0.000000" />
  <attribute name="DerivativeT" value="inf" />
  <attribute name="DerivativeI" value="inf" />
  <attribute name="DerivativeH" value="inf" />
  <attribute name="Loop Time for DT" value="0.000000" />
  <attribute name="Output H" value="8388608"/>
  <attribute name="Output I" value="200"/>
  <attribute name="Output T" value="1"/>
  <attribute name="Target GC Util Change" value ="20.000000" />
  <attribute name="Current GC Util Change" value="56.000000"/>
  <attribute name="GC Util currently" value="56" />
  <attribute name="CPU Util currently" value="18527226317087" />
<exclusive-end id="764" timestamp="2019-06-16T01:53:30.703" durationms="5.399" />

<exclusive-start id="765" timestamp="2019-06-16T01:53:30.732" intervalms="33.686">
  <response-info timems="0.033" idlems="0.033" threads="0" lastid="0000000002791900" lastname="Thread-7" />
</exclusive-start>
<allocation-taxation id="766" taxation-threshold="47185920" timestamp="2019-06-16T01:53:30.732" intervalms="33.680" />
<cycle-start id="767" type="partial gc" contextid="0" timestamp="2019-06-16T01:53:30.732" intervalms="33.680" />
<gc-start id="768" type="partial gc" contextid="767" timestamp="2019-06-16T01:53:30.732">
  <mem-info id="769" free="52428800" total="165675008" percent="31">
    <mem type="eden" free="0" total="47185920" percent="0" />
    <remembered-set count="41408" freebytes="6447616" totalbytes="6613248" percent="97" regionsoverflowed="0" regionsstable="2" regionsrebuilding="0"/>
  </mem-info>
</gc-start>
<allocation-stats totalBytes="47180472" >
  <allocated-bytes non-tlh="0" tlh="47180472" arrayletleaf="0"/>
  <largest-consumer threadName="Thread-8" threadId="000000000278DD00" bytes="15534512" />
</allocation-stats>
<gc-op id="770" type="copy forward" timems="2.847" contextid="767" timestamp="2019-06-16T01:53:30.736">
  <memory-copied type="eden" objects="15849" bytes="656984" bytesdiscarded="47696" />
  <memory-copied type="other" objects="19594" bytes="745008" bytesdiscarded="52944" />
  <memory-cardclean objects="10607" bytes="525984" />
  <regions eden="45" other="2" />
  <remembered-set-cleared processed="37995" cleared="1384" durationms="0.203" />
  <stringconstants candidates="4597" cleared="0"  />
</gc-op>
<gc-op id="771" type="classunload" timems="0.003" contextid="767" timestamp="2019-06-16T01:53:30.736">
  <classunload-info classloadercandidates="8" classloadersunloaded="0" classesunloaded="0" anonymousclassesunloaded="0" quiescems="0.000" setupms="0.003" scanms="0.000" postms="0.000" />
</gc-op>
<heap-resize id="772" type="expand" space="default" amount="2097152" count="1" timems="0.072" reason="excessive time being spent in gc" timestamp="2019-06-16T01:53:30.736" />
<gc-end id="773" type="partial gc" contextid="767" durationms="3.963" usertimems="12.000" systemtimems="0.000" timestamp="2019-06-16T01:53:30.736" activeThreads="4">
  <mem-info id="774" free="100663296" total="167772160" percent="60">
    <mem type="eden" free="343896" total="1048576" percent="32" />
    <remembered-set count="42912" freebytes="6525312" totalbytes="6696960" percent="97" regionsoverflowed="0" regionsstable="2" regionsrebuilding="0"/>
  </mem-info>
</gc-end>
<cycle-end id="775" type="partial gc" contextid="767" timestamp="2019-06-16T01:53:30.736" />
  <attribute name="elasticGC enabled" value="1" />
  <attribute name= "numThreadsSpecified" value="4" />
  <attribute name="heapSize specified" value="0" />
  <attribute name="Current GC Util" value="65" />
  <attribute name= "Current Time Running" value="2517" />
  <attribute name ="GC Interval" value="0" />
  <attribute name="ProportionalT" value="67.500000" />
  <attribute name="ProportionalI" value="67.500000" />
  <attribute name="ProportionalH" value="67.500000" />
  <attribute name="Current Error" value="45.000000" />
  <attribute name="IntegralT" value="45.000000" />
  <attribute name="IntegralI" value="45.000000" />
  <attribute name="IntegralH" value="45.000000" />
  <attribute name="DerivativeT" value="45.000000" />
  <attribute name="DerivativeI" value="45.000000" />
  <attribute name="DerivativeH" value="45.000000" />
  <attribute name="Loop Time for DT" value="1.000000" />
  <attribute name="Output H" value="8388608"/>
  <attribute name="Output I" value="200"/>
  <attribute name="Output T" value="4"/>
  <attribute name="Target GC Util Change" value ="20.000000" />
  <attribute name="Current GC Util Change" value="65.000000"/>
  <attribute name="GC Util currently" value="65" />
  <attribute name="CPU Util currently" value="18757594908316" />
<exclusive-end id="776" timestamp="2019-06-16T01:53:30.737" durationms="4.753" />

<exclusive-start id="777" timestamp="2019-06-16T01:53:30.772" intervalms="40.216">
  <response-info timems="0.033" idlems="0.033" threads="0" lastid="0000000002791900" lastname="Thread-7" />
</exclusive-start>
<allocation-taxation id="778" taxation-threshold="48234496" timestamp="2019-06-16T01:53:30.772" intervalms="40.256" />
<cycle-start id="779" type="partial gc" contextid="0" timestamp="2019-06-16T01:53:30.772" intervalms="40.310" />
<gc-start id="780" type="partial gc" contextid="779" timestamp="2019-06-16T01:53:30.773">
  <mem-info id="781" free="52428800" total="167772160" percent="31">
    <mem type="eden" free="0" total="48234496" percent="0" />
    <remembered-set count="42528" freebytes="6526848" totalbytes="6696960" percent="97" regionsoverflowed="0" regionsstable="2" regionsrebuilding="0"/>
  </mem-info>
</gc-start>
<allocation-stats totalBytes="48228752" >
  <allocated-bytes non-tlh="0" tlh="48228752" arrayletleaf="0"/>
  <largest-consumer threadName="Thread-7" threadId="0000000002791900" bytes="17844104" />
</allocation-stats>
<gc-op id="782" type="copy forward" timems="3.956" contextid="779" timestamp="2019-06-16T01:53:30.777">
  <memory-copied type="eden" objects="4178" bytes="102296" bytesdiscarded="0" />
  <memory-copied type="other" objects="24493" bytes="999960" bytesdiscarded="0" />
  <memory-cardclean objects="7699" bytes="401520" />
  <regions eden="46" other="2" />
  <remembered-set-cleared processed="38906" cleared="1044" durationms="0.428" />
  <stringconstants candidates="4597" cleared="0"  />
</gc-op>
<gc-op id="783" type="classunload" timems="0.002" contextid="779" timestamp="2019-06-16T01:53:30.778">
  <classunload-info classloadercandidates="8" classloadersunloaded="0" classesunloaded="0" anonymousclassesunloaded="0" quiescems="0.000" setupms="0.002" scanms="0.000" postms="0.000" />
</gc-op>
<heap-resize id="784" type="expand" space="default" amount="3145728" count="1" timems="0.077" reason="excessive time being spent in gc" timestamp="2019-06-16T01:53:30.778" />
<gc-end id="785" type="partial gc" contextid="779" durationms="5.239" usertimems="4.000" systemtimems="0.000" timestamp="2019-06-16T01:53:30.778" activeThreads="1">
  <mem-info id="786" free="102760448" total="170917888" percent="60">
    <mem type="eden" free="946280" total="1048576" percent="90" />
    <remembered-set count="43424" freebytes="6648832" totalbytes="6822528" percent="97" regionsoverflowed="0" regionsstable="2" regionsrebuilding="0"/>
  </mem-info>
</gc-end>
<cycle-end id="787" type="partial gc" contextid="779" timestamp="2019-06-16T01:53:30.778" />
  <attribute name="elasticGC enabled" value="1" />
  <attribute name= "numThreadsSpecified" value="1" />
  <attribute name="heapSize specified" value="0" />
  <attribute name="Current GC Util" value="43" />
  <attribute name= "Current Time Running" value="2557" />
  <attribute name ="GC Interval" value="0" />
  <attribute name="ProportionalT" value="34.500000" />
  <attribute name="ProportionalI" value="34.500000" />
  <attribute name="ProportionalH" value="34.500000" />
  <attribute name="Current Error" value="23.000000" />
  <attribute name="IntegralT" value="0.000000" />
  <attribute name="IntegralI" value="0.000000" />
  <attribute name="IntegralH" value="0.000000" />
  <attribute name="DerivativeT" value="inf" />
  <attribute name="DerivativeI" value="inf" />
  <attribute name="DerivativeH" value="inf" />
  <attribute name="Loop Time for DT" value="0.000000" />
  <attribute name="Output H" value="8388608"/>
  <attribute name="Output I" value="200"/>
  <attribute name="Output T" value="1"/>
  <attribute name="Target GC Util Change" value ="20.000000" />
  <attribute name="Current GC Util Change" value="43.000000"/>
  <attribute name="GC Util currently" value="43" />
  <attribute name="CPU Util currently" value="14776403601434" />
<exclusive-end id="788" timestamp="2019-06-16T01:53:30.778" durationms="6.307" />

<exclusive-start id="789" timestamp="2019-06-16T01:53:30.814" intervalms="41.598">
  <response-info timems="0.029" idlems="0.029" threads="0" lastid="0000000002791900" lastname="Thread-7" />
</exclusive-start>
<allocation-taxation id="790" taxation-threshold="49283072" timestamp="2019-06-16T01:53:30.814" intervalms="41.577" />
<cycle-start id="791" type="partial gc" contextid="0" timestamp="2019-06-16T01:53:30.814" intervalms="41.555" />
<gc-start id="792" type="partial gc" contextid="791" timestamp="2019-06-16T01:53:30.814">
  <mem-info id="793" free="53477376" total="170917888" percent="31">
    <mem type="eden" free="0" total="49283072" percent="0" />
    <remembered-set count="43360" freebytes="6649088" totalbytes="6822528" percent="97" regionsoverflowed="0" regionsstable="2" regionsrebuilding="0"/>
  </mem-info>
</gc-start>
<allocation-stats totalBytes="49277024" >
  <allocated-bytes non-tlh="0" tlh="49277024" arrayletleaf="0"/>
  <largest-consumer threadName="Thread-7" threadId="0000000002791900" bytes="16828384" />
</allocation-stats>
<gc-op id="794" type="copy forward" timems="2.991" contextid="791" timestamp="2019-06-16T01:53:30.818">
  <memory-copied type="eden" objects="18399" bytes="717792" bytesdiscarded="21768" />
  <memory-copied type="other" objects="19342" bytes="738960" bytesdiscarded="104536" />
  <memory-cardclean objects="11847" bytes="604392" />
  <regions eden="47" other="2" />
  <remembered-set-cleared processed="39653" cleared="1155" durationms="0.194" />
  <stringconstants candidates="4597" cleared="0"  />
</gc-op>
<gc-op id="795" type="classunload" timems="0.003" contextid="791" timestamp="2019-06-16T01:53:30.818">
  <classunload-info classloadercandidates="8" classloadersunloaded="0" classesunloaded="0" anonymousclassesunloaded="0" quiescems="0.000" setupms="0.002" scanms="0.000" postms="0.000" />
</gc-op>
<heap-resize id="796" type="expand" space="default" amount="5242880" count="1" timems="0.088" reason="excessive time being spent in gc" timestamp="2019-06-16T01:53:30.818" />
<gc-end id="797" type="partial gc" contextid="791" durationms="4.210" usertimems="8.000" systemtimems="4.000" timestamp="2019-06-16T01:53:30.818" activeThreads="4">
  <mem-info id="798" free="105906176" total="176160768" percent="60">
    <mem type="eden" free="1357592" total="2097152" percent="64" />
    <remembered-set count="44992" freebytes="6851840" totalbytes="7031808" percent="97" regionsoverflowed="0" regionsstable="2" regionsrebuilding="0"/>
  </mem-info>
</gc-end>
<cycle-end id="799" type="partial gc" contextid="791" timestamp="2019-06-16T01:53:30.819" />
  <attribute name="elasticGC enabled" value="1" />
  <attribute name= "numThreadsSpecified" value="4" />
  <attribute name="heapSize specified" value="0" />
  <attribute name="Current GC Util" value="51" />
  <attribute name= "Current Time Running" value="2599" />
  <attribute name ="GC Interval" value="0" />
  <attribute name="ProportionalT" value="46.500000" />
  <attribute name="ProportionalI" value="46.500000" />
  <attribute name="ProportionalH" value="46.500000" />
  <attribute name="Current Error" value="31.000000" />
  <attribute name="IntegralT" value="31.000000" />
  <attribute name="IntegralI" value="31.000000" />
  <attribute name="IntegralH" value="31.000000" />
  <attribute name="DerivativeT" value="31.000000" />
  <attribute name="DerivativeI" value="31.000000" />
  <attribute name="DerivativeH" value="31.000000" />
  <attribute name="Loop Time for DT" value="1.000000" />
  <attribute name="Output H" value="8388608"/>
  <attribute name="Output I" value="200"/>
  <attribute name="Output T" value="4"/>
  <attribute name="Target GC Util Change" value ="20.000000" />
  <attribute name="Current GC Util Change" value="51.000000"/>
  <attribute name="GC Util currently" value="51" />
  <attribute name="CPU Util currently" value="14764813077505" />
<exclusive-end id="800" timestamp="2019-06-16T01:53:30.819" durationms="5.231" />

<exclusive-start id="801" timestamp="2019-06-16T01:53:30.848" intervalms="34.457">
  <response-info timems="0.033" idlems="0.033" threads="0" lastid="0000000002791900" lastname="Thread-7" />
</exclusive-start>
<allocation-taxation id="802" taxation-threshold="50331648" timestamp="2019-06-16T01:53:30.848" intervalms="34.462" />
<cycle-start id="803" type="partial gc" contextid="0" timestamp="2019-06-16T01:53:30.848" intervalms="34.474" />
<gc-start id="804" type="partial gc" contextid="803" timestamp="2019-06-16T01:53:30.849">
  <mem-info id="805" free="55574528" total="176160768" percent="31">
    <mem type="eden" free="0" total="50331648" percent="0" />
    <remembered-set count="44832" freebytes="6852480" totalbytes="7031808" percent="97" regionsoverflowed="0" regionsstable="2" regionsrebuilding="0"/>
  </mem-info>
</gc-start>
<allocation-stats totalBytes="50325352" >
  <allocated-bytes non-tlh="0" tlh="50325352" arrayletleaf="0"/>
  <largest-consumer threadName="Thread-7" threadId="0000000002791900" bytes="17774288" />
</allocation-stats>
<gc-op id="806" type="copy forward" timems="4.607" contextid="803" timestamp="2019-06-16T01:53:30.854">
  <memory-copied type="eden" objects="21183" bytes="922296" bytesdiscarded="0" />
  <memory-copied type="other" objects="19823" bytes="613128" bytesdiscarded="0" />
  <memory-cardclean objects="11517" bytes="570048" />
  <regions eden="48" other="4" />
  <remembered-set-cleared processed="39963" cleared="1465" durationms="0.427" />
  <stringconstants candidates="4597" cleared="0"  />
</gc-op>
<gc-op id="807" type="classunload" timems="0.003" contextid="803" timestamp="2019-06-16T01:53:30.854">
  <classunload-info classloadercandidates="8" classloadersunloaded="0" classesunloaded="0" anonymousclassesunloaded="0" quiescems="0.000" setupms="0.003" scanms="0.000" postms="0.000" />
</gc-op>
<gc-end id="808" type="partial gc" contextid="803" durationms="5.698" usertimems="12.000" systemtimems="0.000" timestamp="2019-06-16T01:53:30.854" activeThreads="1">
  <mem-info id="809" free="105906176" total="176160768" percent="60">
    <mem type="eden" free="126280" total="1048576" percent="12" />
    <remembered-set count="44576" freebytes="6853504" totalbytes="7031808" percent="97" regionsoverflowed="0" regionsstable="2" regionsrebuilding="0"/>
  </mem-info>
</gc-end>
<cycle-end id="810" type="partial gc" contextid="803" timestamp="2019-06-16T01:53:30.855" />
  <attribute name="elasticGC enabled" value="1" />
  <attribute name= "numThreadsSpecified" value="1" />
  <attribute name="heapSize specified" value="0" />
  <attribute name="Current GC Util" value="43" />
  <attribute name= "Current Time Running" value="2633" />
  <attribute name ="GC Interval" value="0" />
  <attribute name="ProportionalT" value="34.500000" />
  <attribute name="ProportionalI" value="34.500000" />
  <attribute name="ProportionalH" value="34.500000" />
  <attribute name="Current Error" value="23.000000" />
  <attribute name="IntegralT" value="0.000000" />
  <attribute name="IntegralI" value="0.000000" />
  <attribute name="IntegralH" value="0.000000" />
  <attribute name="DerivativeT" value="inf" />
  <attribute name="DerivativeI" value="inf" />
  <attribute name="DerivativeH" value="inf" />
  <attribute name="Loop Time for DT" value="0.000000" />
  <attribute name="Output H" value="8388608"/>
  <attribute name="Output I" value="200"/>
  <attribute name="Output T" value="1"/>
  <attribute name="Target GC Util Change" value ="20.000000" />
  <attribute name="Current GC Util Change" value="43.000000"/>
  <attribute name="GC Util currently" value="43" />
  <attribute name="CPU Util currently" value="14408637056569" />
<exclusive-end id="811" timestamp="2019-06-16T01:53:30.855" durationms="6.709" />

<exclusive-start id="812" timestamp="2019-06-16T01:53:30.886" intervalms="37.705">
  <response-info timems="0.041" idlems="0.041" threads="0" lastid="0000000002799100" lastname="Thread-9" />
</exclusive-start>
<allocation-taxation id="813" taxation-threshold="50331648" timestamp="2019-06-16T01:53:30.886" intervalms="37.790" />
<cycle-start id="814" type="partial gc" contextid="0" timestamp="2019-06-16T01:53:30.886" intervalms="37.799" />
<gc-start id="815" type="partial gc" contextid="814" timestamp="2019-06-16T01:53:30.887">
  <mem-info id="816" free="55574528" total="176160768" percent="31">
    <mem type="eden" free="0" total="50331648" percent="0" />
    <remembered-set count="44320" freebytes="6854528" totalbytes="7031808" percent="97" regionsoverflowed="0" regionsstable="2" regionsrebuilding="0"/>
  </mem-info>
</gc-start>
<allocation-stats totalBytes="50325056" >
  <allocated-bytes non-tlh="0" tlh="50325056" arrayletleaf="0"/>
  <largest-consumer threadName="Thread-10" threadId="0000000002795500" bytes="18769448" />
</allocation-stats>
<gc-op id="817" type="copy forward" timems="3.242" contextid="814" timestamp="2019-06-16T01:53:30.891">
  <memory-copied type="eden" objects="12631" bytes="579752" bytesdiscarded="0" />
  <memory-copied type="other" objects="12246" bytes="431280" bytesdiscarded="0" />
  <memory-cardclean objects="7550" bytes="390264" />
  <regions eden="48" other="2" />
  <remembered-set-cleared processed="40969" cleared="899" durationms="0.436" />
  <stringconstants candidates="4597" cleared="0"  />
</gc-op>
<gc-op id="818" type="classunload" timems="0.002" contextid="814" timestamp="2019-06-16T01:53:30.891">
  <classunload-info classloadercandidates="8" classloadersunloaded="0" classesunloaded="0" anonymousclassesunloaded="0" quiescems="0.000" setupms="0.002" scanms="0.000" postms="0.000" />
</gc-op>
<heap-resize id="819" type="expand" space="default" amount="2097152" count="1" timems="0.077" reason="excessive time being spent in gc" timestamp="2019-06-16T01:53:30.891" />
<gc-end id="820" type="partial gc" contextid="814" durationms="4.569" usertimems="4.000" systemtimems="0.000" timestamp="2019-06-16T01:53:30.891" activeThreads="1">
  <mem-info id="821" free="106954752" total="178257920" percent="60">
    <mem type="eden" free="468824" total="1048576" percent="44" />
    <remembered-set count="45152" freebytes="6934912" totalbytes="7115520" percent="97" regionsoverflowed="0" regionsstable="2" regionsrebuilding="0"/>
  </mem-info>
</gc-end>
<cycle-end id="822" type="partial gc" contextid="814" timestamp="2019-06-16T01:53:30.891" />
  <attribute name="elasticGC enabled" value="1" />
  <attribute name= "numThreadsSpecified" value="1" />
  <attribute name="heapSize specified" value="0" />
  <attribute name="Current GC Util" value="54" />
  <attribute name= "Current Time Running" value="2671" />
  <attribute name ="GC Interval" value="0" />
  <attribute name="ProportionalT" value="51.000000" />
  <attribute name="ProportionalI" value="51.000000" />
  <attribute name="ProportionalH" value="51.000000" />
  <attribute name="Current Error" value="34.000000" />
  <attribute name="IntegralT" value="0.000000" />
  <attribute name="IntegralI" value="0.000000" />
  <attribute name="IntegralH" value="0.000000" />
  <attribute name="DerivativeT" value="inf" />
  <attribute name="DerivativeI" value="inf" />
  <attribute name="DerivativeH" value="inf" />
  <attribute name="Loop Time for DT" value="0.000000" />
  <attribute name="Output H" value="8388608"/>
  <attribute name="Output I" value="200"/>
  <attribute name="Output T" value="1"/>
  <attribute name="Target GC Util Change" value ="20.000000" />
  <attribute name="Current GC Util Change" value="54.000000"/>
  <attribute name="GC Util currently" value="54" />
  <attribute name="CPU Util currently" value="15578862418085" />
<exclusive-end id="823" timestamp="2019-06-16T01:53:30.892" durationms="5.759" />

<exclusive-start id="824" timestamp="2019-06-16T01:53:30.924" intervalms="37.987">
  <response-info timems="0.097" idlems="0.097" threads="0" lastid="0000000002799100" lastname="Thread-9" />
</exclusive-start>
<allocation-taxation id="825" taxation-threshold="50331648" timestamp="2019-06-16T01:53:30.924" intervalms="37.887" />
<cycle-start id="826" type="partial gc" contextid="0" timestamp="2019-06-16T01:53:30.924" intervalms="37.772" />
<gc-start id="827" type="partial gc" contextid="826" timestamp="2019-06-16T01:53:30.924">
  <mem-info id="828" free="56623104" total="178257920" percent="31">
    <mem type="eden" free="0" total="50331648" percent="0" />
    <remembered-set count="44672" freebytes="6936832" totalbytes="7115520" percent="97" regionsoverflowed="0" regionsstable="2" regionsrebuilding="0"/>
  </mem-info>
</gc-start>
<allocation-stats totalBytes="50324752" >
  <allocated-bytes non-tlh="0" tlh="50324752" arrayletleaf="0"/>
  <largest-consumer threadName="Thread-9" threadId="0000000002799100" bytes="18495136" />
</allocation-stats>
<gc-op id="829" type="copy forward" timems="2.520" contextid="826" timestamp="2019-06-16T01:53:30.927">
  <memory-copied type="eden" objects="12994" bytes="588232" bytesdiscarded="0" />
  <memory-copied type="other" objects="5809" bytes="276792" bytesdiscarded="0" />
  <memory-cardclean objects="1960" bytes="94824" />
  <regions eden="48" other="2" />
  <remembered-set-cleared processed="41634" cleared="401" durationms="0.433" />
  <stringconstants candidates="4597" cleared="0"  />
</gc-op>
<gc-op id="830" type="classunload" timems="0.002" contextid="826" timestamp="2019-06-16T01:53:30.927">
  <classunload-info classloadercandidates="8" classloadersunloaded="0" classesunloaded="0" anonymousclassesunloaded="0" quiescems="0.000" setupms="0.002" scanms="0.000" postms="0.000" />
</gc-op>
<heap-resize id="831" type="expand" space="default" amount="3145728" count="1" timems="0.081" reason="excessive time being spent in gc" timestamp="2019-06-16T01:53:30.928" />
<gc-end id="832" type="partial gc" contextid="826" durationms="3.806" usertimems="4.000" systemtimems="0.000" timestamp="2019-06-16T01:53:30.928" activeThreads="1">
  <mem-info id="833" free="109051904" total="181403648" percent="60">
    <mem type="eden" free="460344" total="1048576" percent="43" />
    <remembered-set count="44800" freebytes="7061888" totalbytes="7241088" percent="97" regionsoverflowed="0" regionsstable="2" regionsrebuilding="0"/>
  </mem-info>
</gc-end>
<cycle-end id="834" type="partial gc" contextid="826" timestamp="2019-06-16T01:53:30.928" />
  <attribute name="elasticGC enabled" value="1" />
  <attribute name= "numThreadsSpecified" value="1" />
  <attribute name="heapSize specified" value="0" />
  <attribute name="Current GC Util" value="61" />
  <attribute name= "Current Time Running" value="2708" />
  <attribute name ="GC Interval" value="0" />
  <attribute name="ProportionalT" value="61.500000" />
  <attribute name="ProportionalI" value="61.500000" />
  <attribute name="ProportionalH" value="61.500000" />
  <attribute name="Current Error" value="41.000000" />
  <attribute name="IntegralT" value="0.000000" />
  <attribute name="IntegralI" value="0.000000" />
  <attribute name="IntegralH" value="0.000000" />
  <attribute name="DerivativeT" value="inf" />
  <attribute name="DerivativeI" value="inf" />
  <attribute name="DerivativeH" value="inf" />
  <attribute name="Loop Time for DT" value="0.000000" />
  <attribute name="Output H" value="8388608"/>
  <attribute name="Output I" value="200"/>
  <attribute name="Output T" value="1"/>
  <attribute name="Target GC Util Change" value ="20.000000" />
  <attribute name="Current GC Util Change" value="61.000000"/>
  <attribute name="GC Util currently" value="61" />
  <attribute name="CPU Util currently" value="16063499066881" />
<exclusive-end id="835" timestamp="2019-06-16T01:53:30.928" durationms="4.615" />

<exclusive-start id="836" timestamp="2019-06-16T01:53:30.955" intervalms="31.279">
  <response-info timems="0.039" idlems="0.039" threads="0" lastid="0000000002799100" lastname="Thread-9" />
</exclusive-start>
<allocation-taxation id="837" taxation-threshold="51380224" timestamp="2019-06-16T01:53:30.955" intervalms="31.285" />
<cycle-start id="838" type="partial gc" contextid="0" timestamp="2019-06-16T01:53:30.955" intervalms="31.397" />
<gc-start id="839" type="partial gc" contextid="838" timestamp="2019-06-16T01:53:30.956">
  <mem-info id="840" free="57671680" total="181403648" percent="31">
    <mem type="eden" free="0" total="51380224" percent="0" />
    <remembered-set count="44704" freebytes="7062272" totalbytes="7241088" percent="97" regionsoverflowed="0" regionsstable="2" regionsrebuilding="0"/>
  </mem-info>
</gc-start>
<allocation-stats totalBytes="51372544" >
  <allocated-bytes non-tlh="0" tlh="51372544" arrayletleaf="0"/>
  <largest-consumer threadName="Thread-10" threadId="0000000002795500" bytes="17311256" />
</allocation-stats>
<gc-op id="841" type="copy forward" timems="2.990" contextid="838" timestamp="2019-06-16T01:53:30.960">
  <memory-copied type="eden" objects="8804" bytes="350224" bytesdiscarded="0" />
  <memory-copied type="other" objects="11074" bytes="540528" bytesdiscarded="0" />
  <memory-cardclean objects="2229" bytes="108000" />
  <regions eden="49" other="2" />
  <remembered-set-cleared processed="41792" cleared="406" durationms="0.453" />
  <stringconstants candidates="4597" cleared="0"  />
</gc-op>
<gc-op id="842" type="classunload" timems="0.003" contextid="838" timestamp="2019-06-16T01:53:30.960">
  <classunload-info classloadercandidates="8" classloadersunloaded="0" classesunloaded="0" anonymousclassesunloaded="0" quiescems="0.000" setupms="0.003" scanms="0.000" postms="0.000" />
</gc-op>
<heap-resize id="843" type="expand" space="default" amount="2097152" count="1" timems="0.071" reason="excessive time being spent in gc" timestamp="2019-06-16T01:53:30.960" />
<gc-end id="844" type="partial gc" contextid="838" durationms="4.337" usertimems="4.000" systemtimems="0.000" timestamp="2019-06-16T01:53:30.960" activeThreads="1">
  <mem-info id="845" free="110100480" total="183500800" percent="60">
    <mem type="eden" free="698352" total="1048576" percent="66" />
    <remembered-set count="45472" freebytes="7142912" totalbytes="7324800" percent="97" regionsoverflowed="0" regionsstable="2" regionsrebuilding="0"/>
  </mem-info>
</gc-end>
<cycle-end id="846" type="partial gc" contextid="838" timestamp="2019-06-16T01:53:30.960" />
  <attribute name="elasticGC enabled" value="1" />
  <attribute name= "numThreadsSpecified" value="1" />
  <attribute name="heapSize specified" value="0" />
  <attribute name="Current GC Util" value="60" />
  <attribute name= "Current Time Running" value="2740" />
  <attribute name ="GC Interval" value="0" />
  <attribute name="ProportionalT" value="60.000000" />
  <attribute name="ProportionalI" value="60.000000" />
  <attribute name="ProportionalH" value="60.000000" />
  <attribute name="Current Error" value="40.000000" />
  <attribute name="IntegralT" value="0.000000" />
  <attribute name="IntegralI" value="0.000000" />
  <attribute name="IntegralH" value="0.000000" />
  <attribute name="DerivativeT" value="inf" />
  <attribute name="DerivativeI" value="inf" />
  <attribute name="DerivativeH" value="inf" />
  <attribute name="Loop Time for DT" value="0.000000" />
  <attribute name="Output H" value="8388608"/>
  <attribute name="Output I" value="200"/>
  <attribute name="Output T" value="1"/>
  <attribute name="Target GC Util Change" value ="20.000000" />
  <attribute name="Current GC Util Change" value="60.000000"/>
  <attribute name="GC Util currently" value="60" />
  <attribute name="CPU Util currently" value="15350080252285" />
<exclusive-end id="847" timestamp="2019-06-16T01:53:30.960" durationms="5.364" />

<exclusive-start id="848" timestamp="2019-06-16T01:53:30.991" intervalms="35.915">
  <response-info timems="0.239" idlems="0.239" threads="0" lastid="0000000002799100" lastname="Thread-9" />
</exclusive-start>
<allocation-taxation id="849" taxation-threshold="52428800" timestamp="2019-06-16T01:53:30.991" intervalms="35.934" />
<cycle-start id="850" type="partial gc" contextid="0" timestamp="2019-06-16T01:53:30.991" intervalms="35.936" />
<gc-start id="851" type="partial gc" contextid="850" timestamp="2019-06-16T01:53:30.992">
  <mem-info id="852" free="57671680" total="183500800" percent="31">
    <mem type="eden" free="0" total="52428800" percent="0" />
    <remembered-set count="45344" freebytes="7143424" totalbytes="7324800" percent="97" regionsoverflowed="0" regionsstable="2" regionsrebuilding="0"/>
  </mem-info>
</gc-start>
<allocation-stats totalBytes="52421648" >
  <allocated-bytes non-tlh="0" tlh="52421648" arrayletleaf="0"/>
  <largest-consumer threadName="Thread-10" threadId="0000000002795500" bytes="19621224" />
</allocation-stats>
<gc-op id="853" type="copy forward" timems="3.062" contextid="850" timestamp="2019-06-16T01:53:30.996">
  <memory-copied type="eden" objects="5166" bytes="125568" bytesdiscarded="0" />
  <memory-copied type="other" objects="14224" bytes="616128" bytesdiscarded="0" />
  <memory-cardclean objects="3406" bytes="183504" />
  <regions eden="50" other="2" />
  <remembered-set-cleared processed="42072" cleared="530" durationms="0.449" />
  <stringconstants candidates="4597" cleared="0"  />
</gc-op>
<gc-op id="854" type="classunload" timems="0.002" contextid="850" timestamp="2019-06-16T01:53:30.996">
  <classunload-info classloadercandidates="8" classloadersunloaded="0" classesunloaded="0" anonymousclassesunloaded="0" quiescems="0.000" setupms="0.002" scanms="0.000" postms="0.000" />
</gc-op>
<heap-resize id="855" type="expand" space="default" amount="3145728" count="1" timems="0.076" reason="excessive time being spent in gc" timestamp="2019-06-16T01:53:30.996" />
<gc-end id="856" type="partial gc" contextid="850" durationms="4.330" usertimems="8.000" systemtimems="4.000" timestamp="2019-06-16T01:53:30.996" activeThreads="1">
  <mem-info id="857" free="112197632" total="186646528" percent="60">
    <mem type="eden" free="923008" total="1048576" percent="88" />
    <remembered-set count="46688" freebytes="7263616" totalbytes="7450368" percent="97" regionsoverflowed="0" regionsstable="2" regionsrebuilding="0"/>
  </mem-info>
</gc-end>
<cycle-end id="858" type="partial gc" contextid="850" timestamp="2019-06-16T01:53:30.996" />
  <attribute name="elasticGC enabled" value="1" />
  <attribute name= "numThreadsSpecified" value="1" />
  <attribute name="heapSize specified" value="0" />
  <attribute name="Current GC Util" value="51" />
  <attribute name= "Current Time Running" value="2776" />
  <attribute name ="GC Interval" value="0" />
  <attribute name="ProportionalT" value="46.500000" />
  <attribute name="ProportionalI" value="46.500000" />
  <attribute name="ProportionalH" value="46.500000" />
  <attribute name="Current Error" value="31.000000" />
  <attribute name="IntegralT" value="0.000000" />
  <attribute name="IntegralI" value="0.000000" />
  <attribute name="IntegralH" value="0.000000" />
  <attribute name="DerivativeT" value="inf" />
  <attribute name="DerivativeI" value="inf" />
  <attribute name="DerivativeH" value="inf" />
  <attribute name="Loop Time for DT" value="0.000000" />
  <attribute name="Output H" value="8388608"/>
  <attribute name="Output I" value="200"/>
  <attribute name="Output T" value="1"/>
  <attribute name="Target GC Util Change" value ="20.000000" />
  <attribute name="Current GC Util Change" value="51.000000"/>
  <attribute name="GC Util currently" value="51" />
  <attribute name="CPU Util currently" value="15055960961556" />
<exclusive-end id="859" timestamp="2019-06-16T01:53:30.996" durationms="5.341" />

<exclusive-start id="860" timestamp="2019-06-16T01:53:31.026" intervalms="35.547">
  <response-info timems="0.043" idlems="0.024" threads="1" lastid="000000000278DD00" lastname="Thread-8" />
</exclusive-start>
<allocation-taxation id="861" taxation-threshold="52428800" timestamp="2019-06-16T01:53:31.027" intervalms="35.521" />
<cycle-start id="862" type="partial gc" contextid="0" timestamp="2019-06-16T01:53:31.027" intervalms="35.491" />
<gc-start id="863" type="partial gc" contextid="862" timestamp="2019-06-16T01:53:31.027">
  <mem-info id="864" free="59768832" total="186646528" percent="32">
    <mem type="eden" free="0" total="52428800" percent="0" />
    <remembered-set count="46336" freebytes="7265024" totalbytes="7450368" percent="97" regionsoverflowed="0" regionsstable="2" regionsrebuilding="0"/>
  </mem-info>
</gc-start>
<allocation-stats totalBytes="52421312" >
  <allocated-bytes non-tlh="0" tlh="52421312" arrayletleaf="0"/>
  <largest-consumer threadName="Thread-9" threadId="0000000002799100" bytes="19129680" />
</allocation-stats>
<gc-op id="865" type="copy forward" timems="3.754" contextid="862" timestamp="2019-06-16T01:53:31.032">
  <memory-copied type="eden" objects="16095" bytes="662160" bytesdiscarded="0" />
  <memory-copied type="other" objects="10989" bytes="263736" bytesdiscarded="0" />
  <memory-cardclean objects="14953" bytes="745584" />
  <regions eden="50" other="3" />
  <remembered-set-cleared processed="41853" cleared="2852" durationms="0.453" />
  <stringconstants candidates="4597" cleared="0"  />
</gc-op>
<gc-op id="866" type="classunload" timems="0.002" contextid="862" timestamp="2019-06-16T01:53:31.032">
  <classunload-info classloadercandidates="8" classloadersunloaded="0" classesunloaded="0" anonymousclassesunloaded="0" quiescems="0.000" setupms="0.002" scanms="0.000" postms="0.000" />
</gc-op>
<heap-resize id="867" type="expand" space="default" amount="2097152" count="1" timems="0.072" reason="excessive time being spent in gc" timestamp="2019-06-16T01:53:31.032" />
<gc-end id="868" type="partial gc" contextid="862" durationms="4.937" usertimems="8.000" systemtimems="0.000" timestamp="2019-06-16T01:53:31.032" activeThreads="1">
  <mem-info id="869" free="113246208" total="188743680" percent="60">
    <mem type="eden" free="386416" total="1048576" percent="36" />
    <remembered-set count="46016" freebytes="7350016" totalbytes="7534080" percent="97" regionsoverflowed="0" regionsstable="2" regionsrebuilding="0"/>
  </mem-info>
</gc-end>
<cycle-end id="870" type="partial gc" contextid="862" timestamp="2019-06-16T01:53:31.032" />
  <attribute name="elasticGC enabled" value="1" />
  <attribute name= "numThreadsSpecified" value="1" />
  <attribute name="heapSize specified" value="0" />
  <attribute name="Current GC Util" value="53" />
  <attribute name= "Current Time Running" value="2811" />
  <attribute name ="GC Interval" value="0" />
  <attribute name="ProportionalT" value="49.500000" />
  <attribute name="ProportionalI" value="49.500000" />
  <attribute name="ProportionalH" value="49.500000" />
  <attribute name="Current Error" value="33.000000" />
  <attribute name="IntegralT" value="0.000000" />
  <attribute name="IntegralI" value="0.000000" />
  <attribute name="IntegralH" value="0.000000" />
  <attribute name="DerivativeT" value="inf" />
  <attribute name="DerivativeI" value="inf" />
  <attribute name="DerivativeH" value="inf" />
  <attribute name="Loop Time for DT" value="0.000000" />
  <attribute name="Output H" value="8388608"/>
  <attribute name="Output I" value="200"/>
  <attribute name="Output T" value="1"/>
  <attribute name="Target GC Util Change" value ="20.000000" />
  <attribute name="Current GC Util Change" value="53.000000"/>
  <attribute name="GC Util currently" value="53" />
  <attribute name="CPU Util currently" value="15108987413662" />
<exclusive-end id="871" timestamp="2019-06-16T01:53:31.032" durationms="5.849" />

<exclusive-start id="872" timestamp="2019-06-16T01:53:31.062" intervalms="35.487">
  <response-info timems="0.043" idlems="0.023" threads="1" lastid="0000000002791900" lastname="Thread-7" />
</exclusive-start>
<allocation-taxation id="873" taxation-threshold="53477376" timestamp="2019-06-16T01:53:31.062" intervalms="35.492" />
<cycle-start id="874" type="partial gc" contextid="0" timestamp="2019-06-16T01:53:31.062" intervalms="35.439" />
<gc-start id="875" type="partial gc" contextid="874" timestamp="2019-06-16T01:53:31.063">
  <mem-info id="876" free="59768832" total="188743680" percent="31">
    <mem type="eden" free="0" total="53477376" percent="0" />
    <remembered-set count="45888" freebytes="7350528" totalbytes="7534080" percent="97" regionsoverflowed="0" regionsstable="2" regionsrebuilding="0"/>
  </mem-info>
</gc-start>
<allocation-stats totalBytes="53469512" >
  <allocated-bytes non-tlh="0" tlh="53469512" arrayletleaf="0"/>
  <largest-consumer threadName="Thread-10" threadId="0000000002795500" bytes="19322168" />
</allocation-stats>
<gc-op id="877" type="copy forward" timems="2.980" contextid="874" timestamp="2019-06-16T01:53:31.066">
  <memory-copied type="eden" objects="14164" bytes="616152" bytesdiscarded="0" />
  <memory-copied type="other" objects="5004" bytes="120096" bytesdiscarded="0" />
  <memory-cardclean objects="6968" bytes="339456" />
  <regions eden="51" other="2" />
  <remembered-set-cleared processed="42090" cleared="907" durationms="0.454" />
  <stringconstants candidates="4597" cleared="0"  />
</gc-op>
<gc-op id="878" type="classunload" timems="0.003" contextid="874" timestamp="2019-06-16T01:53:31.066">
  <classunload-info classloadercandidates="8" classloadersunloaded="0" classesunloaded="0" anonymousclassesunloaded="0" quiescems="0.000" setupms="0.003" scanms="0.000" postms="0.000" />
</gc-op>
<heap-resize id="879" type="expand" space="default" amount="3145728" count="1" timems="0.089" reason="excessive time being spent in gc" timestamp="2019-06-16T01:53:31.067" />
<gc-end id="880" type="partial gc" contextid="874" durationms="4.265" usertimems="12.000" systemtimems="0.000" timestamp="2019-06-16T01:53:31.067" activeThreads="1">
  <mem-info id="881" free="115343360" total="191889408" percent="60">
    <mem type="eden" free="432424" total="1048576" percent="41" />
    <remembered-set count="46176" freebytes="7474944" totalbytes="7659648" percent="97" regionsoverflowed="0" regionsstable="2" regionsrebuilding="0"/>
  </mem-info>
</gc-end>
<cycle-end id="882" type="partial gc" contextid="874" timestamp="2019-06-16T01:53:31.067" />
  <attribute name="elasticGC enabled" value="1" />
  <attribute name= "numThreadsSpecified" value="1" />
  <attribute name="heapSize specified" value="0" />
  <attribute name="Current GC Util" value="47" />
  <attribute name= "Current Time Running" value="2847" />
  <attribute name ="GC Interval" value="0" />
  <attribute name="ProportionalT" value="40.500000" />
  <attribute name="ProportionalI" value="40.500000" />
  <attribute name="ProportionalH" value="40.500000" />
  <attribute name="Current Error" value="27.000000" />
  <attribute name="IntegralT" value="0.000000" />
  <attribute name="IntegralI" value="0.000000" />
  <attribute name="IntegralH" value="0.000000" />
  <attribute name="DerivativeT" value="inf" />
  <attribute name="DerivativeI" value="inf" />
  <attribute name="DerivativeH" value="inf" />
  <attribute name="Loop Time for DT" value="0.000000" />
  <attribute name="Output H" value="8388608"/>
  <attribute name="Output I" value="200"/>
  <attribute name="Output T" value="1"/>
  <attribute name="Target GC Util Change" value ="20.000000" />
  <attribute name="Current GC Util Change" value="47.000000"/>
  <attribute name="GC Util currently" value="47" />
  <attribute name="CPU Util currently" value="15028436082990" />
<exclusive-end id="883" timestamp="2019-06-16T01:53:31.067" durationms="5.171" />

<exclusive-start id="884" timestamp="2019-06-16T01:53:31.098" intervalms="36.048">
  <response-info timems="0.035" idlems="0.035" threads="0" lastid="000000000278DD00" lastname="Thread-8" />
</exclusive-start>
<allocation-taxation id="885" taxation-threshold="54525952" timestamp="2019-06-16T01:53:31.098" intervalms="36.064" />
<cycle-start id="886" type="partial gc" contextid="0" timestamp="2019-06-16T01:53:31.098" intervalms="36.136" />
<gc-start id="887" type="partial gc" contextid="886" timestamp="2019-06-16T01:53:31.099">
  <mem-info id="888" free="60817408" total="191889408" percent="31">
    <mem type="eden" free="0" total="54525952" percent="0" />
    <remembered-set count="46144" freebytes="7475072" totalbytes="7659648" percent="97" regionsoverflowed="0" regionsstable="2" regionsrebuilding="0"/>
  </mem-info>
</gc-start>
<allocation-stats totalBytes="54518088" >
  <allocated-bytes non-tlh="0" tlh="54518088" arrayletleaf="0"/>
  <largest-consumer threadName="Thread-10" threadId="0000000002795500" bytes="20669632" />
</allocation-stats>
<gc-op id="889" type="copy forward" timems="3.385" contextid="886" timestamp="2019-06-16T01:53:31.103">
  <memory-copied type="eden" objects="5977" bytes="145240" bytesdiscarded="0" />
  <memory-copied type="other" objects="15953" bytes="657624" bytesdiscarded="0" />
  <memory-cardclean objects="6595" bytes="321216" />
  <regions eden="52" other="2" />
  <remembered-set-cleared processed="42598" cleared="848" durationms="0.463" />
  <stringconstants candidates="4597" cleared="0"  />
</gc-op>
<gc-op id="890" type="classunload" timems="0.003" contextid="886" timestamp="2019-06-16T01:53:31.103">
  <classunload-info classloadercandidates="8" classloadersunloaded="0" classesunloaded="0" anonymousclassesunloaded="0" quiescems="0.000" setupms="0.003" scanms="0.000" postms="0.000" />
</gc-op>
<heap-resize id="891" type="expand" space="default" amount="2097152" count="1" timems="0.076" reason="excessive time being spent in gc" timestamp="2019-06-16T01:53:31.103" />
<gc-end id="892" type="partial gc" contextid="886" durationms="4.629" usertimems="8.000" systemtimems="0.000" timestamp="2019-06-16T01:53:31.103" activeThreads="1">
  <mem-info id="893" free="116391936" total="193986560" percent="60">
    <mem type="eden" free="903336" total="1048576" percent="86" />
    <remembered-set count="47264" freebytes="7554304" totalbytes="7743360" percent="97" regionsoverflowed="0" regionsstable="2" regionsrebuilding="0"/>
  </mem-info>
</gc-end>
<cycle-end id="894" type="partial gc" contextid="886" timestamp="2019-06-16T01:53:31.104" />
  <attribute name="elasticGC enabled" value="1" />
  <attribute name= "numThreadsSpecified" value="1" />
  <attribute name="heapSize specified" value="0" />
  <attribute name="Current GC Util" value="58" />
  <attribute name= "Current Time Running" value="2883" />
  <attribute name ="GC Interval" value="0" />
  <attribute name="ProportionalT" value="57.000000" />
  <attribute name="ProportionalI" value="57.000000" />
  <attribute name="ProportionalH" value="57.000000" />
  <attribute name="Current Error" value="38.000000" />
  <attribute name="IntegralT" value="0.000000" />
  <attribute name="IntegralI" value="0.000000" />
  <attribute name="IntegralH" value="0.000000" />
  <attribute name="DerivativeT" value="inf" />
  <attribute name="DerivativeI" value="inf" />
  <attribute name="DerivativeH" value="inf" />
  <attribute name="Loop Time for DT" value="0.000000" />
  <attribute name="Output H" value="8388608"/>
  <attribute name="Output I" value="200"/>
  <attribute name="Output T" value="1"/>
  <attribute name="Target GC Util Change" value ="20.000000" />
  <attribute name="Current GC Util Change" value="58.000000"/>
  <attribute name="GC Util currently" value="58" />
  <attribute name="CPU Util currently" value="15456628369001" />
<exclusive-end id="895" timestamp="2019-06-16T01:53:31.104" durationms="5.680" />

<exclusive-start id="896" timestamp="2019-06-16T01:53:31.132" intervalms="34.096">
  <response-info timems="0.070" idlems="0.070" threads="0" lastid="0000000002799100" lastname="Thread-9" />
</exclusive-start>
<allocation-taxation id="897" taxation-threshold="54525952" timestamp="2019-06-16T01:53:31.132" intervalms="34.100" />
<cycle-start id="898" type="partial gc" contextid="0" timestamp="2019-06-16T01:53:31.132" intervalms="34.082" />
<gc-start id="899" type="partial gc" contextid="898" timestamp="2019-06-16T01:53:31.133">
  <mem-info id="900" free="61865984" total="193986560" percent="31">
    <mem type="eden" free="0" total="54525952" percent="0" />
    <remembered-set count="47264" freebytes="7554304" totalbytes="7743360" percent="97" regionsoverflowed="0" regionsstable="2" regionsrebuilding="0"/>
  </mem-info>
</gc-start>
<allocation-stats totalBytes="54518280" >
  <allocated-bytes non-tlh="0" tlh="54518280" arrayletleaf="0"/>
  <largest-consumer threadName="Thread-10" threadId="0000000002795500" bytes="20989120" />
</allocation-stats>
<gc-op id="901" type="copy forward" timems="3.196" contextid="898" timestamp="2019-06-16T01:53:31.137">
  <memory-copied type="eden" objects="10162" bytes="381872" bytesdiscarded="0" />
  <memory-copied type="other" objects="12237" bytes="431064" bytesdiscarded="0" />
  <memory-cardclean objects="7007" bytes="349392" />
  <regions eden="52" other="3" />
  <remembered-set-cleared processed="42893" cleared="1256" durationms="0.458" />
  <stringconstants candidates="4597" cleared="0"  />
</gc-op>
<gc-op id="902" type="classunload" timems="0.003" contextid="898" timestamp="2019-06-16T01:53:31.137">
  <classunload-info classloadercandidates="8" classloadersunloaded="0" classesunloaded="0" anonymousclassesunloaded="0" quiescems="0.000" setupms="0.003" scanms="0.000" postms="0.000" />
</gc-op>
<heap-resize id="903" type="expand" space="default" amount="3145728" count="1" timems="0.081" reason="excessive time being spent in gc" timestamp="2019-06-16T01:53:31.137" />
<gc-end id="904" type="partial gc" contextid="898" durationms="4.490" usertimems="4.000" systemtimems="0.000" timestamp="2019-06-16T01:53:31.137" activeThreads="1">
  <mem-info id="905" free="118489088" total="197132288" percent="60">
    <mem type="eden" free="666704" total="1048576" percent="63" />
    <remembered-set count="47648" freebytes="7678336" totalbytes="7868928" percent="97" regionsoverflowed="0" regionsstable="2" regionsrebuilding="0"/>
  </mem-info>
</gc-end>
<cycle-end id="906" type="partial gc" contextid="898" timestamp="2019-06-16T01:53:31.137" />
  <attribute name="elasticGC enabled" value="1" />
  <attribute name= "numThreadsSpecified" value="1" />
  <attribute name="heapSize specified" value="0" />
  <attribute name="Current GC Util" value="51" />
  <attribute name= "Current Time Running" value="2917" />
  <attribute name ="GC Interval" value="0" />
  <attribute name="ProportionalT" value="46.500000" />
  <attribute name="ProportionalI" value="46.500000" />
  <attribute name="ProportionalH" value="46.500000" />
  <attribute name="Current Error" value="31.000000" />
  <attribute name="IntegralT" value="0.000000" />
  <attribute name="IntegralI" value="0.000000" />
  <attribute name="IntegralH" value="0.000000" />
  <attribute name="DerivativeT" value="inf" />
  <attribute name="DerivativeI" value="inf" />
  <attribute name="DerivativeH" value="inf" />
  <attribute name="Loop Time for DT" value="0.000000" />
  <attribute name="Output H" value="8388608"/>
  <attribute name="Output I" value="200"/>
  <attribute name="Output T" value="1"/>
  <attribute name="Target GC Util Change" value ="20.000000" />
  <attribute name="Current GC Util Change" value="51.000000"/>
  <attribute name="GC Util currently" value="51" />
  <attribute name="CPU Util currently" value="14923922326696" />
<exclusive-end id="907" timestamp="2019-06-16T01:53:31.138" durationms="5.547" />

</verbosegc>

