<?xml version="1.0" ?>

<verbosegc xmlns="http://www.ibm.com/j9/verbosegc" version="10b4217_CMPRSS">

<initialized id="1" timestamp="2019-06-16T01:53:34.542">
  <attribute name="gcPolicy" value="-Xgcpolicy:balanced" />
  <attribute name="elasticGC enabled" value="1" />
  <attribute name= "numThreadsSpecified" value="0" />
  <attribute name="heapSize specified" value="0" />
  <attribute name="Current GC Util" value="0" />
  <attribute name= "Current Time Running" value="0" />
  <attribute name ="GC Interval" value="0" />
  <attribute name="ProportionalT" value="0.000000" />
  <attribute name="ProportionalI" value="0.000000" />
  <attribute name="ProportionalH" value="0.000000" />
  <attribute name="IntegralT" value="0.000000" />
  <attribute name="IntegralI" value="0.000000" />
  <attribute name="IntegralH" value="0.000000" />
  <attribute name="DerivativeT" value="0.000000" />
  <attribute name="DerivativeI" value="0.000000" />
  <attribute name="DerivativeH" value="0.000000" />
  <attribute name="Target GC Util Change" value ="0.000000" />
  <attribute name="Current GC Util Change" value="0.000000"/>
  <attribute name="Current Error" value="0.000000" />
  <attribute name="Loop Time for DT" value="0.000000" />
  <attribute name="Output H" value="0"/>
  <attribute name="Output I" value="0"/>
  <attribute name="Output T" value="0"/>
  <attribute name="GC Util currently" value="0" />
  <attribute name="CPU Util currently" value="0" />
  <attribute name="maxHeapSize" value="0x7cb00000" />
  <attribute name="initialHeapSize" value="0x800000" />
  <attribute name="compressedRefs" value="true" />
  <attribute name="compressedRefsDisplacement" value="0x0" />
  <attribute name="compressedRefsShift" value="0x0" />
  <attribute name="pageSize" value="0x1000" />
  <attribute name="pageType" value="not used" />
  <attribute name="requestedPageSize" value="0x1000" />
  <attribute name="requestedPageType" value="not used" />
  <attribute name="gcthreads" value="4" />
  <attribute name="packetListSplit" value="4" />
  <attribute name="cacheListSplit" value="4" />
  <attribute name="splitFreeListSplitAmount" value="1" />
  <attribute name="numaNodes" value="0" />
  <region>
    <attribute name="regionSize" value="1048576" />
    <attribute name="regionCount" value="1995" />
    <attribute name="arrayletLeafSize" value="1048576" />
  </region>
  <system>
    <attribute name="physicalMemory" value="8370958336" />
    <attribute name="numCPUs" value="4" />
    <attribute name="architecture" value="amd64" />
    <attribute name="os" value="Linux" />
    <attribute name="osVersion" value="4.4.0-150-generic" />
  </system>
  <vmargs>
    <vmarg name="-Xoptionsfile=/vagrant/jdk/lib/options.default" />
    <vmarg name="-Xlockword:mode=default,noLockword=java/lang/String,noLockword=java/util/MapEntry,noLockword=java/util/HashMap$Entry,noLockword..." />
    <vmarg name="-Xjcl:jclse29" />
    <vmarg name="-Dcom.ibm.oti.vm.bootstrap.library.path=/vagrant/jdk/lib/compressedrefs:/vagrant/jdk/lib" />
    <vmarg name="-Dsun.boot.library.path=/vagrant/jdk/lib/compressedrefs:/vagrant/jdk/lib" />
    <vmarg name="-Djava.library.path=/vagrant/jdk/lib/compressedrefs:/vagrant/jdk/lib:/usr/lib64:/usr/lib" />
    <vmarg name="-Djava.home=/vagrant/jdk" />
    <vmarg name="-Duser.dir=/vagrant" />
    <vmarg name="-Xgcpolicy:balanced" />
    <vmarg name="-Xgcelastic" />
    <vmarg name="-Xcheck:gc:::elasticGC" />
    <vmarg name="-verbose:gc" />
    <vmarg name="-Xloggc:jdk1.5-1-1-default-BAL-4CORE-elasticverbose6sunflow.txt" />
    <vmarg name="-Djava.class.path=dacapo-9.12-MR1-bach.jar" />
    <vmarg name="-Dsun.java.command=dacapo-9.12-MR1-bach.jar sunflow --size=default" />
    <vmarg name="-Dsun.java.launcher=SUN_STANDARD" />
    <vmarg name="-Dsun.java.launcher.pid=21276" />
  </vmargs>
</initialized>

<exclusive-start id="2" timestamp="2019-06-16T01:53:35.418" intervalms="875.747">
  <response-info timems="0.064" idlems="0.064" threads="0" lastid="0000000000A06700" lastname="main" />
</exclusive-start>
<sys-start reason="explicit" id="3" timestamp="2019-06-16T01:53:35.418" intervalms="876.247" />
<cycle-start id="4" type="global garbage collect" contextid="0" timestamp="2019-06-16T01:53:35.419" intervalms="876.824" />
<gc-start id="5" type="global garbage collect" contextid="4" timestamp="2019-06-16T01:53:35.419">
  <mem-info id="6" free="2228216" total="8388608" percent="26">
    <mem type="eden" free="131096" total="6291456" percent="2" />
    <remembered-set count="0" freebytes="334848" totalbytes="334848" percent="100" regionsoverflowed="0" regionsstable="0" regionsrebuilding="0"/>
  </mem-info>
</gc-start>
<allocation-stats totalBytes="6156592" >
  <allocated-bytes non-tlh="1222920" tlh="4933672" arrayletleaf="0"/>
  <largest-consumer threadName="main" threadId="0000000000A06700" bytes="6075048" />
</allocation-stats>
<gc-op id="7" type="global mark" timems="4.017" contextid="4" timestamp="2019-06-16T01:53:35.424">
  <trace-info objectcount="30317" scancount="23647" scanbytes="765776" />
  <finalization candidates="125" enqueued="1" />
  <ownableSynchronizers candidates="3" cleared="0" />
  <references type="soft" candidates="132" cleared="0" enqueued="0" dynamicThreshold="32" maxThreshold="32" />
  <references type="weak" candidates="1326" cleared="569" enqueued="479" />
  <references type="phantom" candidates="107" cleared="42" enqueued="42" />
  <stringconstants candidates="3958" cleared="0"  />
</gc-op>
<gc-op id="8" type="classunload" timems="0.047" contextid="4" timestamp="2019-06-16T01:53:35.424">
  <classunload-info classloadercandidates="7" classloadersunloaded="0" classesunloaded="0" anonymousclassesunloaded="0" quiescems="0.000" setupms="0.047" scanms="0.000" postms="0.000" />
</gc-op>
<gc-op id="9" type="sweep" timems="0.564" contextid="4" timestamp="2019-06-16T01:53:35.425" />
<gc-op id="10" type="compact" timems="5.953" contextid="4" timestamp="2019-06-16T01:53:35.431">
  <compact-info movecount="30317" movebytes="1862392" />
  <remembered-set-cleared processed="3728" cleared="3728" durationms="0.112" />
</gc-op>
<gc-end id="11" type="global garbage collect" contextid="4" durationms="12.466" usertimems="12.000" systemtimems="0.000" timestamp="2019-06-16T01:53:35.432" activeThreads="4">
  <mem-info id="12" free="6291456" total="8388608" percent="75">
    <pending-finalizers system="1" default="0" reference="521" classloader="0" />
    <remembered-set count="2048" freebytes="326656" totalbytes="334848" percent="97" regionsoverflowed="0" regionsstable="0" regionsrebuilding="0"/>
  </mem-info>
</gc-end>
<cycle-end id="13" type="global garbage collect" contextid="4" timestamp="2019-06-16T01:53:35.432" />
  <attribute name="elasticGC enabled" value="1" />
  <attribute name= "numThreadsSpecified" value="4" />
  <attribute name="heapSize specified" value="0" />
  <attribute name="Current GC Util" value="31" />
  <attribute name= "Current Time Running" value="731" />
  <attribute name ="GC Interval" value="0" />
  <attribute name="ProportionalT" value="16.500000" />
  <attribute name="ProportionalI" value="16.500000" />
  <attribute name="ProportionalH" value="16.500000" />
  <attribute name="Current Error" value="11.000000" />
  <attribute name="IntegralT" value="-14174.000000" />
  <attribute name="IntegralI" value="-14174.000000" />
  <attribute name="IntegralH" value="-14174.000000" />
  <attribute name="DerivativeT" value="-52.000000" />
  <attribute name="DerivativeI" value="-52.000000" />
  <attribute name="DerivativeH" value="-52.000000" />
  <attribute name="Loop Time for DT" value="1.000000" />
  <attribute name="Output H" value="2091843584"/>
  <attribute name="Output I" value="200"/>
  <attribute name="Output T" value="4"/>
  <attribute name="Target GC Util Change" value ="20.000000" />
  <attribute name="Current GC Util Change" value="31.000000"/>
  <attribute name="GC Util currently" value="31" />
  <attribute name="CPU Util currently" value="5810678943579" />
<sys-end id="14" timestamp="2019-06-16T01:53:35.432" />
<exclusive-end id="15" timestamp="2019-06-16T01:53:35.432" durationms="14.540" />

<exclusive-start id="16" timestamp="2019-06-16T01:53:35.726" intervalms="307.759">
  <response-info timems="0.117" idlems="0.117" threads="0" lastid="0000000000D5F500" lastname="Thread-5" />
</exclusive-start>
<allocation-taxation id="17" taxation-threshold="6291456" timestamp="2019-06-16T01:53:35.726" intervalms="1183.857" />
<cycle-start id="18" type="partial gc" contextid="0" timestamp="2019-06-16T01:53:35.726" intervalms="1184.294" />
<gc-start id="19" type="partial gc" contextid="18" timestamp="2019-06-16T01:53:35.727">
  <mem-info id="20" free="0" total="8388608" percent="0">
    <mem type="eden" free="0" total="6291456" percent="0" />
    <remembered-set count="1568" freebytes="328576" totalbytes="334848" percent="98" regionsoverflowed="0" regionsstable="0" regionsrebuilding="0"/>
  </mem-info>
</gc-start>
<allocation-stats totalBytes="6200728" >
  <allocated-bytes non-tlh="1259320" tlh="4941408" arrayletleaf="0"/>
  <largest-consumer threadName="main" threadId="0000000000A06700" bytes="2982240" />
</allocation-stats>
<gc-op id="21" type="mark" timems="2.526" contextid="18" timestamp="2019-06-16T01:53:35.730">
  <trace-info objectcount="14753" scancount="11871" scanbytes="447696" />
  <cardclean-info objects="1288" bytes="47172" />
  <remembered-set-cleared processed="725" cleared="52" durationms="0.071" />
  <references type="soft" candidates="17" cleared="0" enqueued="0" dynamicThreshold="24" maxThreshold="32" />
  <references type="weak" candidates="45" cleared="29" enqueued="28" />
  <references type="phantom" candidates="2" cleared="0" enqueued="0" />
  <stringconstants candidates="4534" cleared="1"  />
  <warning details="Mark invoked due to insufficient free space for Copy-Forward" />
</gc-op>
<gc-op id="22" type="classunload" timems="0.002" contextid="18" timestamp="2019-06-16T01:53:35.730">
  <classunload-info classloadercandidates="8" classloadersunloaded="0" classesunloaded="0" anonymousclassesunloaded="0" quiescems="0.000" setupms="0.002" scanms="0.000" postms="0.000" />
</gc-op>
<gc-op id="23" type="sweep" timems="0.449" contextid="18" timestamp="2019-06-16T01:53:35.731" />
<gc-op id="24" type="compact" timems="2.441" contextid="18" timestamp="2019-06-16T01:53:35.733">
  <compact-info movecount="14753" movebytes="1470944" />
  <remembered-set-cleared processed="2861" cleared="1500" durationms="0.071" />
</gc-op>
<heap-resize id="25" type="expand" space="default" amount="1048576" count="1" timems="0.066" reason="insufficient free space following gc" timestamp="2019-06-16T01:53:35.734" />
<gc-end id="26" type="partial gc" contextid="18" durationms="7.457" usertimems="0.000" systemtimems="4.000" timestamp="2019-06-16T01:53:35.734" activeThreads="1">
  <mem-info id="27" free="5242880" total="9437184" percent="55">
    <mem type="eden" free="599416" total="2097152" percent="28" />
    <pending-finalizers system="0" default="0" reference="28" classloader="0" />
    <remembered-set count="2560" freebytes="366464" totalbytes="376704" percent="97" regionsoverflowed="0" regionsstable="0" regionsrebuilding="0"/>
  </mem-info>
</gc-end>
<cycle-end id="28" type="partial gc" contextid="18" timestamp="2019-06-16T01:53:35.734" />
  <attribute name="elasticGC enabled" value="1" />
  <attribute name= "numThreadsSpecified" value="1" />
  <attribute name="heapSize specified" value="0" />
  <attribute name="Current GC Util" value="18" />
  <attribute name= "Current Time Running" value="1037" />
  <attribute name ="GC Interval" value="0" />
  <attribute name="ProportionalT" value="-3.000000" />
  <attribute name="ProportionalI" value="-3.000000" />
  <attribute name="ProportionalH" value="-3.000000" />
  <attribute name="Current Error" value="-2.000000" />
  <attribute name="IntegralT" value="-2.000000" />
  <attribute name="IntegralI" value="-2.000000" />
  <attribute name="IntegralH" value="-2.000000" />
  <attribute name="DerivativeT" value="-2.000000" />
  <attribute name="DerivativeI" value="-2.000000" />
  <attribute name="DerivativeH" value="-2.000000" />
  <attribute name="Loop Time for DT" value="1.000000" />
  <attribute name="Output H" value="8388608"/>
  <attribute name="Output I" value="200"/>
  <attribute name="Output T" value="1"/>
  <attribute name="Target GC Util Change" value ="20.000000" />
  <attribute name="Current GC Util Change" value="18.000000"/>
  <attribute name="GC Util currently" value="18" />
  <attribute name="CPU Util currently" value="5929903585162" />
<exclusive-end id="29" timestamp="2019-06-16T01:53:35.734" durationms="8.870" />

<exclusive-start id="30" timestamp="2019-06-16T01:53:35.775" intervalms="49.652">
  <response-info timems="0.067" idlems="0.067" threads="0" lastid="0000000000D5F500" lastname="Thread-5" />
</exclusive-start>
<allocation-taxation id="31" taxation-threshold="2097152" timestamp="2019-06-16T01:53:35.775" intervalms="49.407" />
<cycle-start id="32" type="global mark phase" contextid="0" timestamp="2019-06-16T01:53:35.775" intervalms="1233.340" />
<gc-start id="33" type="global mark phase" contextid="32" timestamp="2019-06-16T01:53:35.776">
  <mem-info id="34" free="3145728" total="9437184" percent="33">
    <remembered-set count="2240" freebytes="367744" totalbytes="376704" percent="97" regionsoverflowed="0" regionsstable="0" regionsrebuilding="0"/>
  </mem-info>
</gc-start>
<gc-op id="35" type="mark increment" timems="0.633" contextid="32" timestamp="2019-06-16T01:53:35.776">
  <trace-info objectcount="166" scancount="0" scanbytes="0" />
</gc-op>
<gc-end id="36" type="global mark phase" contextid="32" durationms="0.762" usertimems="0.000" systemtimems="0.000" timestamp="2019-06-16T01:53:35.776" activeThreads="4">
  <mem-info id="37" free="3145728" total="9437184" percent="33">
    <remembered-set count="2240" freebytes="367744" totalbytes="376704" percent="97" regionsoverflowed="0" regionsstable="0" regionsrebuilding="0"/>
  </mem-info>
</gc-end>
<concurrent-start id="38" type="GMP work packet processing" contextid="32" timestamp="2019-06-16T01:53:35.776">
  <concurrent-mark-start scanTarget="18446744073709551615" />
</concurrent-start>
<exclusive-end id="39" timestamp="2019-06-16T01:53:35.777" durationms="1.497" />

<concurrent-end id="40" type="GMP work packet processing" contextid="32" timestamp="2019-06-16T01:53:35.779">
  <concurrent-mark-end bytesScanned="1187916" reasonForTermination="Completed all work in GC phase" />
</concurrent-end>

<exclusive-start id="41" timestamp="2019-06-16T01:53:35.782" intervalms="6.490">
  <response-info timems="0.031" idlems="0.031" threads="0" lastid="0000000000D5F500" lastname="Thread-5" />
</exclusive-start>
<allocation-taxation id="42" taxation-threshold="2097152" timestamp="2019-06-16T01:53:35.782" intervalms="6.524" />
<cycle-start id="43" type="partial gc" contextid="0" timestamp="2019-06-16T01:53:35.782" intervalms="55.653" />
<gc-start id="44" type="partial gc" contextid="43" timestamp="2019-06-16T01:53:35.782">
  <mem-info id="45" free="1048576" total="9437184" percent="11">
    <mem type="eden" free="0" total="5242880" percent="0" />
    <remembered-set count="2240" freebytes="367744" totalbytes="376704" percent="97" regionsoverflowed="0" regionsstable="0" regionsrebuilding="0"/>
  </mem-info>
</gc-start>
<allocation-stats totalBytes="4154648" >
  <allocated-bytes non-tlh="57568" tlh="4097080" arrayletleaf="0"/>
  <largest-consumer threadName="Thread-5" threadId="0000000000D5F500" bytes="2064520" />
</allocation-stats>
<gc-op id="46" type="copy forward" timems="3.985" contextid="43" timestamp="2019-06-16T01:53:35.787">
  <memory-copied type="eden" objects="18" bytes="133640" bytesdiscarded="0" />
  <memory-copied type="other" objects="14638" bytes="1221440" bytesdiscarded="199544" />
  <memory-cardclean objects="126" bytes="9624" />
  <regions eden="4" other="2" />
  <remembered-set-cleared processed="1326" cleared="636" durationms="0.065" />
  <references type="soft" candidates="17" cleared="0" enqueued="0" dynamicThreshold="10" maxThreshold="32" />
  <references type="weak" candidates="16" cleared="0" enqueued="0" />
  <references type="phantom" candidates="2" cleared="0" enqueued="0" />
  <stringconstants candidates="4533" cleared="0"  />
  <heap-resize type="expand" space="default" amount="2097152" count="2" timems="0.364" reason="continue current collection" />
</gc-op>
<gc-op id="47" type="classunload" timems="0.003" contextid="43" timestamp="2019-06-16T01:53:35.788">
  <classunload-info classloadercandidates="8" classloadersunloaded="0" classesunloaded="0" anonymousclassesunloaded="0" quiescems="0.000" setupms="0.003" scanms="0.000" postms="0.000" />
</gc-op>
<gc-op id="48" type="compact" timems="0.969" contextid="43" timestamp="2019-06-16T01:53:35.789">
  <compact-info movecount="0" movebytes="0" />
  <remembered-set-cleared processed="2584" cleared="636" durationms="0.065" />
</gc-op>
<gc-end id="49" type="partial gc" contextid="43" durationms="6.738" usertimems="4.000" systemtimems="4.000" timestamp="2019-06-16T01:53:35.789" activeThreads="4">
  <mem-info id="50" free="6291456" total="11534336" percent="54">
    <mem type="eden" free="914936" total="1048576" percent="87" />
    <remembered-set count="1632" freebytes="453888" totalbytes="460416" percent="98" regionsoverflowed="0" regionsstable="0" regionsrebuilding="0"/>
  </mem-info>
</gc-end>
<cycle-end id="51" type="partial gc" contextid="43" timestamp="2019-06-16T01:53:35.789" />
  <attribute name="elasticGC enabled" value="1" />
  <attribute name= "numThreadsSpecified" value="4" />
  <attribute name="heapSize specified" value="0" />
  <attribute name="Current GC Util" value="74" />
  <attribute name= "Current Time Running" value="1093" />
  <attribute name ="GC Interval" value="0" />
  <attribute name="ProportionalT" value="81.000000" />
  <attribute name="ProportionalI" value="81.000000" />
  <attribute name="ProportionalH" value="81.000000" />
  <attribute name="Current Error" value="54.000000" />
  <attribute name="IntegralT" value="216.000000" />
  <attribute name="IntegralI" value="216.000000" />
  <attribute name="IntegralH" value="216.000000" />
  <attribute name="DerivativeT" value="12.750000" />
  <attribute name="DerivativeI" value="12.750000" />
  <attribute name="DerivativeH" value="12.750000" />
  <attribute name="Loop Time for DT" value="4.000000" />
  <attribute name="Output H" value="8388608"/>
  <attribute name="Output I" value="312"/>
  <attribute name="Output T" value="4"/>
  <attribute name="Target GC Util Change" value ="20.000000" />
  <attribute name="Current GC Util Change" value="74.000000"/>
  <attribute name="GC Util currently" value="74" />
  <attribute name="CPU Util currently" value="1090287486721" />
<exclusive-end id="52" timestamp="2019-06-16T01:53:35.789" durationms="7.705" />

<exclusive-start id="53" timestamp="2019-06-16T01:53:35.816" intervalms="34.264">
  <response-info timems="0.026" idlems="0.026" threads="0" lastid="0000000000D63100" lastname="Thread-8" />
</exclusive-start>
<allocation-taxation id="54" taxation-threshold="3145728" timestamp="2019-06-16T01:53:35.816" intervalms="34.255" />
<gc-start id="55" type="global mark phase" contextid="32" timestamp="2019-06-16T01:53:35.816">
  <mem-info id="56" free="3145728" total="11534336" percent="27">
    <remembered-set count="704" freebytes="457600" totalbytes="460416" percent="99" regionsoverflowed="0" regionsstable="1" regionsrebuilding="0"/>
  </mem-info>
</gc-start>
<gc-op id="57" type="mark increment" timems="2.079" contextid="32" timestamp="2019-06-16T01:53:35.818">
  <trace-info objectcount="20512" scancount="20427" scanbytes="1045596" />
  <cardclean-info objects="739" bytes="31612" />
  <finalization candidates="124" enqueued="0" />
  <ownableSynchronizers candidates="3" cleared="0" />
  <references type="soft" candidates="149" cleared="0" enqueued="0" dynamicThreshold="17" maxThreshold="32" />
  <references type="weak" candidates="773" cleared="0" enqueued="0" />
  <references type="phantom" candidates="66" cleared="2" enqueued="2" />
  <stringconstants candidates="4596" cleared="0"  />
</gc-op>
<gc-op id="58" type="classunload" timems="0.004" contextid="32" timestamp="2019-06-16T01:53:35.819">
  <classunload-info classloadercandidates="8" classloadersunloaded="0" classesunloaded="0" anonymousclassesunloaded="0" quiescems="0.000" setupms="0.004" scanms="0.000" postms="0.000" />
</gc-op>
<gc-end id="59" type="global mark phase" contextid="32" durationms="2.424" usertimems="8.000" systemtimems="0.000" timestamp="2019-06-16T01:53:35.819" activeThreads="4">
  <mem-info id="60" free="3145728" total="11534336" percent="27">
    <pending-finalizers system="0" default="0" reference="2" classloader="0" />
    <remembered-set count="704" freebytes="457600" totalbytes="460416" percent="99" regionsoverflowed="0" regionsstable="1" regionsrebuilding="0"/>
  </mem-info>
</gc-end>
<cycle-end id="61" type="global mark phase" contextid="32" timestamp="2019-06-16T01:53:35.819" />
  <attribute name="elasticGC enabled" value="1" />
  <attribute name= "numThreadsSpecified" value="4" />
  <attribute name="heapSize specified" value="0" />
  <attribute name="Current GC Util" value="0" />
  <attribute name= "Current Time Running" value="1123" />
  <attribute name ="GC Interval" value="0" />
  <attribute name="ProportionalT" value="-30.000000" />
  <attribute name="ProportionalI" value="-30.000000" />
  <attribute name="ProportionalH" value="-30.000000" />
  <attribute name="Current Error" value="-20.000000" />
  <attribute name="IntegralT" value="-20.000000" />
  <attribute name="IntegralI" value="-20.000000" />
  <attribute name="IntegralH" value="-20.000000" />
  <attribute name="DerivativeT" value="-74.000000" />
  <attribute name="DerivativeI" value="-74.000000" />
  <attribute name="DerivativeH" value="-74.000000" />
  <attribute name="Loop Time for DT" value="1.000000" />
  <attribute name="Output H" value="2091843584"/>
  <attribute name="Output I" value="200"/>
  <attribute name="Output T" value="4"/>
  <attribute name="Target GC Util Change" value ="20.000000" />
  <attribute name="Current GC Util Change" value="0.000000"/>
  <attribute name="GC Util currently" value="0" />
  <attribute name="CPU Util currently" value="5738733010103" />
<exclusive-end id="62" timestamp="2019-06-16T01:53:35.819" durationms="2.909" />

<exclusive-start id="63" timestamp="2019-06-16T01:53:35.848" intervalms="32.410">
  <response-info timems="0.272" idlems="0.272" threads="0" lastid="0000000000D57D00" lastname="Thread-9" />
</exclusive-start>
<allocation-taxation id="64" taxation-threshold="3145728" timestamp="2019-06-16T01:53:35.849" intervalms="32.435" />
<cycle-start id="65" type="partial gc" contextid="0" timestamp="2019-06-16T01:53:35.849" intervalms="66.715" />
<gc-start id="66" type="partial gc" contextid="65" timestamp="2019-06-16T01:53:35.849">
  <mem-info id="67" free="0" total="11534336" percent="0">
    <mem type="eden" free="0" total="6291456" percent="0" />
    <remembered-set count="704" freebytes="457600" totalbytes="460416" percent="99" regionsoverflowed="0" regionsstable="1" regionsrebuilding="0"/>
  </mem-info>
</gc-start>
<allocation-stats totalBytes="6242144" >
  <allocated-bytes non-tlh="466984" tlh="5775160" arrayletleaf="0"/>
  <largest-consumer threadName="Thread-8" threadId="0000000000D63100" bytes="995176" />
</allocation-stats>
<gc-op id="68" type="sweep" timems="0.568" contextid="65" timestamp="2019-06-16T01:53:35.850" />
<gc-op id="69" type="copy forward" timems="2.434" contextid="65" timestamp="2019-06-16T01:53:35.853">
  <memory-copied type="eden" objects="1029" bytes="25752" bytesdiscarded="0" />
  <memory-copied type="other" objects="20271" bytes="1362016" bytesdiscarded="0" />
  <memory-cardclean objects="279" bytes="13392" />
  <regions eden="3" other="2" />
  <remembered-set-cleared processed="428" cleared="30" durationms="0.055" />
  <stringconstants candidates="4596" cleared="0"  />
</gc-op>
<gc-op id="70" type="classunload" timems="0.002" contextid="65" timestamp="2019-06-16T01:53:35.853">
  <classunload-info classloadercandidates="8" classloadersunloaded="0" classesunloaded="0" anonymousclassesunloaded="0" quiescems="0.000" setupms="0.002" scanms="0.000" postms="0.000" />
</gc-op>
<heap-resize id="71" type="expand" space="default" amount="2097152" count="1" timems="0.061" reason="excessive time being spent in gc" timestamp="2019-06-16T01:53:35.853" />
<gc-end id="72" type="partial gc" contextid="65" durationms="4.519" usertimems="4.000" systemtimems="0.000" timestamp="2019-06-16T01:53:35.854" activeThreads="1">
  <mem-info id="73" free="7340032" total="13631488" percent="53">
    <mem type="eden" free="709344" total="2097152" percent="33" />
    <remembered-set count="1088" freebytes="539776" totalbytes="544128" percent="99" regionsoverflowed="0" regionsstable="1" regionsrebuilding="0"/>
  </mem-info>
</gc-end>
<cycle-end id="74" type="partial gc" contextid="65" timestamp="2019-06-16T01:53:35.854" />
  <attribute name="elasticGC enabled" value="1" />
  <attribute name= "numThreadsSpecified" value="1" />
  <attribute name="heapSize specified" value="0" />
  <attribute name="Current GC Util" value="40" />
  <attribute name= "Current Time Running" value="1156" />
  <attribute name ="GC Interval" value="0" />
  <attribute name="ProportionalT" value="30.000000" />
  <attribute name="ProportionalI" value="30.000000" />
  <attribute name="ProportionalH" value="30.000000" />
  <attribute name="Current Error" value="20.000000" />
  <attribute name="IntegralT" value="0.000000" />
  <attribute name="IntegralI" value="0.000000" />
  <attribute name="IntegralH" value="0.000000" />
  <attribute name="DerivativeT" value="inf" />
  <attribute name="DerivativeI" value="inf" />
  <attribute name="DerivativeH" value="inf" />
  <attribute name="Loop Time for DT" value="0.000000" />
  <attribute name="Output H" value="8388608"/>
  <attribute name="Output I" value="200"/>
  <attribute name="Output T" value="1"/>
  <attribute name="Target GC Util Change" value ="20.000000" />
  <attribute name="Current GC Util Change" value="40.000000"/>
  <attribute name="GC Util currently" value="40" />
  <attribute name="CPU Util currently" value="18533331797095" />
<exclusive-end id="75" timestamp="2019-06-16T01:53:35.854" durationms="5.551" />

<exclusive-start id="76" timestamp="2019-06-16T01:53:35.872" intervalms="23.465">
  <response-info timems="0.029" idlems="0.029" threads="0" lastid="0000000000D5F500" lastname="Thread-10" />
</exclusive-start>
<allocation-taxation id="77" taxation-threshold="7340032" timestamp="2019-06-16T01:53:35.872" intervalms="23.462" />
<cycle-start id="78" type="partial gc" contextid="0" timestamp="2019-06-16T01:53:35.872" intervalms="23.479" />
<gc-start id="79" type="partial gc" contextid="78" timestamp="2019-06-16T01:53:35.872">
  <mem-info id="80" free="0" total="13631488" percent="0">
    <mem type="eden" free="0" total="7340032" percent="0" />
    <remembered-set count="928" freebytes="540416" totalbytes="544128" percent="99" regionsoverflowed="0" regionsstable="1" regionsrebuilding="0"/>
  </mem-info>
</gc-start>
<allocation-stats totalBytes="7338752" >
  <allocated-bytes non-tlh="0" tlh="7338752" arrayletleaf="0"/>
  <largest-consumer threadName="Thread-9" threadId="0000000000D57D00" bytes="2330208" />
</allocation-stats>
<gc-op id="81" type="mark" timems="1.672" contextid="78" timestamp="2019-06-16T01:53:35.875">
  <trace-info objectcount="23443" scancount="23358" scanbytes="1115724" />
  <cardclean-info objects="44" bytes="3052" />
  <remembered-set-cleared processed="527" cleared="117" durationms="0.072" />
  <stringconstants candidates="4596" cleared="0"  />
  <warning details="Mark invoked due to insufficient free space for Copy-Forward" />
</gc-op>
<gc-op id="82" type="classunload" timems="0.003" contextid="78" timestamp="2019-06-16T01:53:35.875">
  <classunload-info classloadercandidates="8" classloadersunloaded="0" classesunloaded="0" anonymousclassesunloaded="0" quiescems="0.000" setupms="0.002" scanms="0.000" postms="0.000" />
</gc-op>
<gc-op id="83" type="sweep" timems="0.433" contextid="78" timestamp="2019-06-16T01:53:35.876" />
<gc-op id="84" type="compact" timems="2.785" contextid="78" timestamp="2019-06-16T01:53:35.879">
  <compact-info movecount="22623" movebytes="1345152" />
  <remembered-set-cleared processed="1188" cleared="368" durationms="0.072" />
</gc-op>
<heap-resize id="85" type="expand" space="default" amount="3145728" count="1" timems="0.073" reason="excessive time being spent in gc" timestamp="2019-06-16T01:53:35.879" />
<gc-end id="86" type="partial gc" contextid="78" durationms="6.598" usertimems="8.000" systemtimems="0.000" timestamp="2019-06-16T01:53:35.879" activeThreads="4">
  <mem-info id="87" free="9437184" total="16777216" percent="56">
    <mem type="eden" free="991328" total="1048576" percent="94" />
    <remembered-set count="2624" freebytes="659200" totalbytes="669696" percent="98" regionsoverflowed="0" regionsstable="1" regionsrebuilding="0"/>
  </mem-info>
</gc-end>
<cycle-end id="88" type="partial gc" contextid="78" timestamp="2019-06-16T01:53:35.879" />
  <attribute name="elasticGC enabled" value="1" />
  <attribute name= "numThreadsSpecified" value="4" />
  <attribute name="heapSize specified" value="0" />
  <attribute name="Current GC Util" value="21" />
  <attribute name= "Current Time Running" value="1181" />
  <attribute name ="GC Interval" value="0" />
  <attribute name="ProportionalT" value="1.500000" />
  <attribute name="ProportionalI" value="1.500000" />
  <attribute name="ProportionalH" value="1.500000" />
  <attribute name="Current Error" value="1.000000" />
  <attribute name="IntegralT" value="0.000000" />
  <attribute name="IntegralI" value="0.000000" />
  <attribute name="IntegralH" value="0.000000" />
  <attribute name="DerivativeT" value="-inf" />
  <attribute name="DerivativeI" value="-inf" />
  <attribute name="DerivativeH" value="-inf" />
  <attribute name="Loop Time for DT" value="0.000000" />
  <attribute name="Output H" value="2091843584"/>
  <attribute name="Output I" value="200"/>
  <attribute name="Output T" value="4"/>
  <attribute name="Target GC Util Change" value ="20.000000" />
  <attribute name="Current GC Util Change" value="21.000000"/>
  <attribute name="GC Util currently" value="21" />
  <attribute name="CPU Util currently" value="6754436404960" />
<exclusive-end id="89" timestamp="2019-06-16T01:53:35.880" durationms="7.609" />

<exclusive-start id="90" timestamp="2019-06-16T01:53:35.903" intervalms="30.973">
  <response-info timems="0.038" idlems="0.038" threads="0" lastid="0000000000D5F500" lastname="Thread-10" />
</exclusive-start>
<allocation-taxation id="91" taxation-threshold="9437184" timestamp="2019-06-16T01:53:35.903" intervalms="30.999" />
<cycle-start id="92" type="partial gc" contextid="0" timestamp="2019-06-16T01:53:35.903" intervalms="30.952" />
<gc-start id="93" type="partial gc" contextid="92" timestamp="2019-06-16T01:53:35.904">
  <mem-info id="94" free="0" total="16777216" percent="0">
    <mem type="eden" free="0" total="9437184" percent="0" />
    <remembered-set count="2304" freebytes="660480" totalbytes="669696" percent="98" regionsoverflowed="0" regionsstable="1" regionsrebuilding="0"/>
  </mem-info>
</gc-start>
<allocation-stats totalBytes="9435752" >
  <allocated-bytes non-tlh="0" tlh="9435752" arrayletleaf="0"/>
  <largest-consumer threadName="Thread-9" threadId="0000000000D57D00" bytes="3145256" />
</allocation-stats>
<gc-op id="95" type="mark" timems="1.273" contextid="92" timestamp="2019-06-16T01:53:35.905">
  <trace-info objectcount="4445" scancount="4445" scanbytes="107992" />
  <cardclean-info objects="6181" bytes="308776" />
  <remembered-set-cleared processed="723" cleared="201" durationms="0.085" />
  <stringconstants candidates="4596" cleared="0"  />
  <warning details="Mark invoked due to insufficient free space for Copy-Forward" />
</gc-op>
<gc-op id="96" type="classunload" timems="0.002" contextid="92" timestamp="2019-06-16T01:53:35.905">
  <classunload-info classloadercandidates="8" classloadersunloaded="0" classesunloaded="0" anonymousclassesunloaded="0" quiescems="0.000" setupms="0.002" scanms="0.000" postms="0.000" />
</gc-op>
<gc-op id="97" type="sweep" timems="0.335" contextid="92" timestamp="2019-06-16T01:53:35.906" />
<gc-op id="98" type="compact" timems="1.444" contextid="92" timestamp="2019-06-16T01:53:35.908">
  <compact-info movecount="2948" movebytes="72064" />
  <remembered-set-cleared processed="1541" cleared="493" durationms="0.085" />
</gc-op>
<heap-resize id="99" type="expand" space="default" amount="3145728" count="1" timems="0.070" reason="excessive time being spent in gc" timestamp="2019-06-16T01:53:35.908" />
<gc-end id="100" type="partial gc" contextid="92" durationms="4.492" usertimems="8.000" systemtimems="0.000" timestamp="2019-06-16T01:53:35.908" activeThreads="4">
  <mem-info id="101" free="11534336" total="19922944" percent="57">
    <mem type="eden" free="992184" total="1048576" percent="94" />
    <remembered-set count="2336" freebytes="785920" totalbytes="795264" percent="98" regionsoverflowed="0" regionsstable="1" regionsrebuilding="0"/>
  </mem-info>
</gc-end>
<cycle-end id="102" type="partial gc" contextid="92" timestamp="2019-06-16T01:53:35.908" />
  <attribute name="elasticGC enabled" value="1" />
  <attribute name= "numThreadsSpecified" value="4" />
  <attribute name="heapSize specified" value="0" />
  <attribute name="Current GC Util" value="22" />
  <attribute name= "Current Time Running" value="1212" />
  <attribute name ="GC Interval" value="0" />
  <attribute name="ProportionalT" value="3.000000" />
  <attribute name="ProportionalI" value="3.000000" />
  <attribute name="ProportionalH" value="3.000000" />
  <attribute name="Current Error" value="2.000000" />
  <attribute name="IntegralT" value="2.000000" />
  <attribute name="IntegralI" value="2.000000" />
  <attribute name="IntegralH" value="2.000000" />
  <attribute name="DerivativeT" value="-50.000000" />
  <attribute name="DerivativeI" value="-50.000000" />
  <attribute name="DerivativeH" value="-50.000000" />
  <attribute name="Loop Time for DT" value="1.000000" />
  <attribute name="Output H" value="2091843584"/>
  <attribute name="Output I" value="200"/>
  <attribute name="Output T" value="4"/>
  <attribute name="Target GC Util Change" value ="20.000000" />
  <attribute name="Current GC Util Change" value="22.000000"/>
  <attribute name="GC Util currently" value="22" />
  <attribute name="CPU Util currently" value="7852993293200" />
<exclusive-end id="103" timestamp="2019-06-16T01:53:35.908" durationms="5.525" />

<exclusive-start id="104" timestamp="2019-06-16T01:53:35.927" intervalms="23.977">
  <response-info timems="0.208" idlems="0.190" threads="1" lastid="0000000000D57D00" lastname="Thread-9" />
</exclusive-start>
<allocation-taxation id="105" taxation-threshold="11534336" timestamp="2019-06-16T01:53:35.927" intervalms="24.030" />
<cycle-start id="106" type="partial gc" contextid="0" timestamp="2019-06-16T01:53:35.927" intervalms="24.042" />
<gc-start id="107" type="partial gc" contextid="106" timestamp="2019-06-16T01:53:35.927">
  <mem-info id="108" free="0" total="19922944" percent="0">
    <mem type="eden" free="0" total="11534336" percent="0" />
    <remembered-set count="2208" freebytes="786432" totalbytes="795264" percent="98" regionsoverflowed="0" regionsstable="1" regionsrebuilding="0"/>
  </mem-info>
</gc-start>
<allocation-stats totalBytes="11532624" >
  <allocated-bytes non-tlh="0" tlh="11532624" arrayletleaf="0"/>
  <largest-consumer threadName="Thread-10" threadId="0000000000D5F500" bytes="4054344" />
</allocation-stats>
<gc-op id="109" type="mark" timems="1.440" contextid="106" timestamp="2019-06-16T01:53:35.930">
  <trace-info objectcount="5008" scancount="5008" scanbytes="121224" />
  <cardclean-info objects="6947" bytes="345424" />
  <remembered-set-cleared processed="1222" cleared="382" durationms="0.072" />
  <stringconstants candidates="4596" cleared="0"  />
  <warning details="Mark invoked due to insufficient free space for Copy-Forward" />
</gc-op>
<gc-op id="110" type="classunload" timems="0.002" contextid="106" timestamp="2019-06-16T01:53:35.930">
  <classunload-info classloadercandidates="8" classloadersunloaded="0" classesunloaded="0" anonymousclassesunloaded="0" quiescems="0.000" setupms="0.002" scanms="0.000" postms="0.000" />
</gc-op>
<gc-op id="111" type="sweep" timems="0.475" contextid="106" timestamp="2019-06-16T01:53:35.930" />
<gc-op id="112" type="compact" timems="1.662" contextid="106" timestamp="2019-06-16T01:53:35.932">
  <compact-info movecount="4778" movebytes="115704" />
  <remembered-set-cleared processed="2553" cleared="867" durationms="0.072" />
</gc-op>
<heap-resize id="113" type="expand" space="default" amount="4194304" count="1" timems="0.082" reason="excessive time being spent in gc" timestamp="2019-06-16T01:53:35.933" />
<gc-end id="114" type="partial gc" contextid="106" durationms="5.365" usertimems="4.000" systemtimems="0.000" timestamp="2019-06-16T01:53:35.933" activeThreads="4">
  <mem-info id="115" free="14680064" total="24117248" percent="60">
    <mem type="eden" free="976528" total="1048576" percent="93" />
    <remembered-set count="3264" freebytes="949632" totalbytes="962688" percent="98" regionsoverflowed="0" regionsstable="1" regionsrebuilding="0"/>
  </mem-info>
</gc-end>
<cycle-end id="116" type="partial gc" contextid="106" timestamp="2019-06-16T01:53:35.933" />
  <attribute name="elasticGC enabled" value="1" />
  <attribute name= "numThreadsSpecified" value="4" />
  <attribute name="heapSize specified" value="0" />
  <attribute name="Current GC Util" value="19" />
  <attribute name= "Current Time Running" value="1236" />
  <attribute name ="GC Interval" value="0" />
  <attribute name="ProportionalT" value="-1.500000" />
  <attribute name="ProportionalI" value="-1.500000" />
  <attribute name="ProportionalH" value="-1.500000" />
  <attribute name="Current Error" value="-1.000000" />
  <attribute name="IntegralT" value="0.000000" />
  <attribute name="IntegralI" value="0.000000" />
  <attribute name="IntegralH" value="0.000000" />
  <attribute name="DerivativeT" value="-inf" />
  <attribute name="DerivativeI" value="-inf" />
  <attribute name="DerivativeH" value="-inf" />
  <attribute name="Loop Time for DT" value="0.000000" />
  <attribute name="Output H" value="2091843584"/>
  <attribute name="Output I" value="200"/>
  <attribute name="Output T" value="4"/>
  <attribute name="Target GC Util Change" value ="20.000000" />
  <attribute name="Current GC Util Change" value="19.000000"/>
  <attribute name="GC Util currently" value="19" />
  <attribute name="CPU Util currently" value="6350540104323" />
<exclusive-end id="117" timestamp="2019-06-16T01:53:35.933" durationms="6.442" />

<exclusive-start id="118" timestamp="2019-06-16T01:53:35.950" intervalms="22.743">
  <response-info timems="0.032" idlems="0.028" threads="1" lastid="0000000000D63100" lastname="Thread-8" />
</exclusive-start>
<allocation-taxation id="119" taxation-threshold="12582912" timestamp="2019-06-16T01:53:35.950" intervalms="22.699" />
<cycle-start id="120" type="partial gc" contextid="0" timestamp="2019-06-16T01:53:35.950" intervalms="22.738" />
<gc-start id="121" type="partial gc" contextid="120" timestamp="2019-06-16T01:53:35.950">
  <mem-info id="122" free="2097152" total="24117248" percent="8">
    <mem type="eden" free="0" total="12582912" percent="0" />
    <remembered-set count="3232" freebytes="949760" totalbytes="962688" percent="98" regionsoverflowed="0" regionsstable="1" regionsrebuilding="0"/>
  </mem-info>
</gc-start>
<allocation-stats totalBytes="12581328" >
  <allocated-bytes non-tlh="0" tlh="12581328" arrayletleaf="0"/>
  <largest-consumer threadName="Thread-10" threadId="0000000000D5F500" bytes="4308464" />
</allocation-stats>
<gc-op id="123" type="copy forward" timems="1.850" contextid="120" timestamp="2019-06-16T01:53:35.953">
  <memory-copied type="eden" objects="2075" bytes="50760" bytesdiscarded="2160" />
  <memory-copied type="other" objects="2763" bytes="66312" bytesdiscarded="2664" />
  <memory-cardclean objects="7170" bytes="355640" />
  <memory-traced type="eden" objects="1129" bytes="28280" />
  <memory-traced type="other" objects="0" bytes="0" />
  <regions eden="12" other="1" evacuated="12" marked="1" />
  <remembered-set-cleared processed="1792" cleared="611" durationms="0.071" />
  <references type="weak" candidates="1" cleared="0" enqueued="0" />
  <references type="phantom" candidates="1" cleared="0" enqueued="0" />
  <stringconstants candidates="4596" cleared="0"  />
</gc-op>
<gc-op id="124" type="classunload" timems="0.003" contextid="120" timestamp="2019-06-16T01:53:35.953">
  <classunload-info classloadercandidates="8" classloadersunloaded="0" classesunloaded="0" anonymousclassesunloaded="0" quiescems="0.000" setupms="0.003" scanms="0.000" postms="0.000" />
</gc-op>
<gc-op id="125" type="sweep" timems="0.480" contextid="120" timestamp="2019-06-16T01:53:35.954" />
<gc-op id="126" type="compact" timems="0.967" contextid="120" timestamp="2019-06-16T01:53:35.955">
  <compact-info movecount="0" movebytes="0" />
  <remembered-set-cleared processed="4601" cleared="611" durationms="0.071" />
</gc-op>
<heap-resize id="127" type="expand" space="default" amount="4194304" count="1" timems="0.072" reason="excessive time being spent in gc" timestamp="2019-06-16T01:53:35.955" />
<gc-end id="128" type="partial gc" contextid="120" durationms="5.045" usertimems="4.000" systemtimems="0.000" timestamp="2019-06-16T01:53:35.955" activeThreads="4">
  <mem-info id="129" free="16777216" total="28311552" percent="59">
    <mem type="eden" free="995656" total="2097152" percent="47" />
    <remembered-set count="3360" freebytes="1116672" totalbytes="1130112" percent="98" regionsoverflowed="0" regionsstable="1" regionsrebuilding="0"/>
  </mem-info>
</gc-end>
<cycle-end id="130" type="partial gc" contextid="120" timestamp="2019-06-16T01:53:35.955" />
  <attribute name="elasticGC enabled" value="1" />
  <attribute name= "numThreadsSpecified" value="4" />
  <attribute name="heapSize specified" value="0" />
  <attribute name="Current GC Util" value="19" />
  <attribute name= "Current Time Running" value="1259" />
  <attribute name ="GC Interval" value="0" />
  <attribute name="ProportionalT" value="-1.500000" />
  <attribute name="ProportionalI" value="-1.500000" />
  <attribute name="ProportionalH" value="-1.500000" />
  <attribute name="Current Error" value="-1.000000" />
  <attribute name="IntegralT" value="0.000000" />
  <attribute name="IntegralI" value="0.000000" />
  <attribute name="IntegralH" value="0.000000" />
  <attribute name="DerivativeT" value="-inf" />
  <attribute name="DerivativeI" value="-inf" />
  <attribute name="DerivativeH" value="-inf" />
  <attribute name="Loop Time for DT" value="0.000000" />
  <attribute name="Output H" value="2091843584"/>
  <attribute name="Output I" value="200"/>
  <attribute name="Output T" value="4"/>
  <attribute name="Target GC Util Change" value ="20.000000" />
  <attribute name="Current GC Util Change" value="19.000000"/>
  <attribute name="GC Util currently" value="19" />
  <attribute name="CPU Util currently" value="6537022046405" />
<exclusive-end id="131" timestamp="2019-06-16T01:53:35.956" durationms="6.143" />

<exclusive-start id="132" timestamp="2019-06-16T01:53:35.974" intervalms="24.302">
  <response-info timems="0.029" idlems="0.029" threads="0" lastid="0000000000D63100" lastname="Thread-8" />
</exclusive-start>
<allocation-taxation id="133" taxation-threshold="13631488" timestamp="2019-06-16T01:53:35.974" intervalms="24.306" />
<cycle-start id="134" type="partial gc" contextid="0" timestamp="2019-06-16T01:53:35.974" intervalms="24.266" />
<gc-start id="135" type="partial gc" contextid="134" timestamp="2019-06-16T01:53:35.974">
  <mem-info id="136" free="3145728" total="28311552" percent="11">
    <mem type="eden" free="0" total="13631488" percent="0" />
    <remembered-set count="3360" freebytes="1116672" totalbytes="1130112" percent="98" regionsoverflowed="0" regionsstable="1" regionsrebuilding="0"/>
  </mem-info>
</gc-start>
<allocation-stats totalBytes="13629336" >
  <allocated-bytes non-tlh="256" tlh="13629080" arrayletleaf="0"/>
  <largest-consumer threadName="Thread-10" threadId="0000000000D5F500" bytes="4910472" />
</allocation-stats>
<gc-op id="137" type="copy forward" timems="2.269" contextid="134" timestamp="2019-06-16T01:53:35.977">
  <memory-copied type="eden" objects="6283" bytes="310888" bytesdiscarded="34456" />
  <memory-copied type="other" objects="8805" bytes="405552" bytesdiscarded="9792" />
  <memory-cardclean objects="4101" bytes="246504" />
  <regions eden="13" other="3" />
  <remembered-set-cleared processed="2383" cleared="1100" durationms="0.075" />
  <stringconstants candidates="4597" cleared="0"  />
</gc-op>
<gc-op id="138" type="classunload" timems="0.003" contextid="134" timestamp="2019-06-16T01:53:35.978">
  <classunload-info classloadercandidates="8" classloadersunloaded="0" classesunloaded="0" anonymousclassesunloaded="0" quiescems="0.000" setupms="0.002" scanms="0.000" postms="0.000" />
</gc-op>
<heap-resize id="139" type="expand" space="default" amount="1048576" count="1" timems="0.054" reason="excessive time being spent in gc" timestamp="2019-06-16T01:53:35.978" />
<gc-end id="140" type="partial gc" contextid="134" durationms="3.556" usertimems="4.000" systemtimems="0.000" timestamp="2019-06-16T01:53:35.978" activeThreads="4">
  <mem-info id="141" free="17825792" total="29360128" percent="60">
    <mem type="eden" free="703232" total="1048576" percent="67" />
    <remembered-set count="4608" freebytes="1153536" totalbytes="1171968" percent="98" regionsoverflowed="0" regionsstable="1" regionsrebuilding="0"/>
  </mem-info>
</gc-end>
<cycle-end id="142" type="partial gc" contextid="134" timestamp="2019-06-16T01:53:35.978" />
  <attribute name="elasticGC enabled" value="1" />
  <attribute name= "numThreadsSpecified" value="4" />
  <attribute name="heapSize specified" value="0" />
  <attribute name="Current GC Util" value="43" />
  <attribute name= "Current Time Running" value="1281" />
  <attribute name ="GC Interval" value="0" />
  <attribute name="ProportionalT" value="34.500000" />
  <attribute name="ProportionalI" value="34.500000" />
  <attribute name="ProportionalH" value="34.500000" />
  <attribute name="Current Error" value="23.000000" />
  <attribute name="IntegralT" value="23.000000" />
  <attribute name="IntegralI" value="23.000000" />
  <attribute name="IntegralH" value="23.000000" />
  <attribute name="DerivativeT" value="23.000000" />
  <attribute name="DerivativeI" value="23.000000" />
  <attribute name="DerivativeH" value="23.000000" />
  <attribute name="Loop Time for DT" value="1.000000" />
  <attribute name="Output H" value="8388608"/>
  <attribute name="Output I" value="200"/>
  <attribute name="Output T" value="4"/>
  <attribute name="Target GC Util Change" value ="20.000000" />
  <attribute name="Current GC Util Change" value="43.000000"/>
  <attribute name="GC Util currently" value="43" />
  <attribute name="CPU Util currently" value="17484402551661" />
<exclusive-end id="143" timestamp="2019-06-16T01:53:35.978" durationms="4.506" />

<exclusive-start id="144" timestamp="2019-06-16T01:53:35.998" intervalms="24.237">
  <response-info timems="0.047" idlems="0.026" threads="1" lastid="0000000000D5F500" lastname="Thread-10" />
</exclusive-start>
<allocation-taxation id="145" taxation-threshold="13631488" timestamp="2019-06-16T01:53:35.998" intervalms="24.184" />
<cycle-start id="146" type="partial gc" contextid="0" timestamp="2019-06-16T01:53:35.998" intervalms="24.156" />
<gc-start id="147" type="partial gc" contextid="146" timestamp="2019-06-16T01:53:35.999">
  <mem-info id="148" free="4194304" total="29360128" percent="14">
    <mem type="eden" free="0" total="13631488" percent="0" />
    <remembered-set count="4448" freebytes="1154176" totalbytes="1171968" percent="98" regionsoverflowed="0" regionsstable="1" regionsrebuilding="0"/>
  </mem-info>
</gc-start>
<allocation-stats totalBytes="13629680" >
  <allocated-bytes non-tlh="0" tlh="13629680" arrayletleaf="0"/>
  <largest-consumer threadName="Thread-7" threadId="0000000000D5B900" bytes="4464088" />
</allocation-stats>
<gc-op id="149" type="copy forward" timems="1.510" contextid="146" timestamp="2019-06-16T01:53:36.001">
  <memory-copied type="eden" objects="2084" bytes="51048" bytesdiscarded="0" />
  <memory-copied type="other" objects="6032" bytes="303584" bytesdiscarded="0" />
  <memory-cardclean objects="3767" bytes="192984" />
  <regions eden="13" other="1" />
  <remembered-set-cleared processed="2862" cleared="491" durationms="0.089" />
  <stringconstants candidates="4597" cleared="0"  />
</gc-op>
<gc-op id="150" type="classunload" timems="0.002" contextid="146" timestamp="2019-06-16T01:53:36.001">
  <classunload-info classloadercandidates="8" classloadersunloaded="0" classesunloaded="0" anonymousclassesunloaded="0" quiescems="0.000" setupms="0.002" scanms="0.000" postms="0.000" />
</gc-op>
<heap-resize id="151" type="expand" space="default" amount="2097152" count="1" timems="0.063" reason="excessive time being spent in gc" timestamp="2019-06-16T01:53:36.001" />
<gc-end id="152" type="partial gc" contextid="146" durationms="2.715" usertimems="4.000" systemtimems="0.000" timestamp="2019-06-16T01:53:36.001" activeThreads="1">
  <mem-info id="153" free="18874368" total="31457280" percent="60">
    <mem type="eden" free="997528" total="1048576" percent="95" />
    <remembered-set count="5120" freebytes="1235200" totalbytes="1255680" percent="98" regionsoverflowed="0" regionsstable="1" regionsrebuilding="0"/>
  </mem-info>
</gc-end>
<cycle-end id="154" type="partial gc" contextid="146" timestamp="2019-06-16T01:53:36.001" />
  <attribute name="elasticGC enabled" value="1" />
  <attribute name= "numThreadsSpecified" value="1" />
  <attribute name="heapSize specified" value="0" />
  <attribute name="Current GC Util" value="36" />
  <attribute name= "Current Time Running" value="1305" />
  <attribute name ="GC Interval" value="0" />
  <attribute name="ProportionalT" value="24.000000" />
  <attribute name="ProportionalI" value="24.000000" />
  <attribute name="ProportionalH" value="24.000000" />
  <attribute name="Current Error" value="16.000000" />
  <attribute name="IntegralT" value="0.000000" />
  <attribute name="IntegralI" value="0.000000" />
  <attribute name="IntegralH" value="0.000000" />
  <attribute name="DerivativeT" value="inf" />
  <attribute name="DerivativeI" value="inf" />
  <attribute name="DerivativeH" value="inf" />
  <attribute name="Loop Time for DT" value="0.000000" />
  <attribute name="Output H" value="8388608"/>
  <attribute name="Output I" value="200"/>
  <attribute name="Output T" value="1"/>
  <attribute name="Target GC Util Change" value ="20.000000" />
  <attribute name="Current GC Util Change" value="36.000000"/>
  <attribute name="GC Util currently" value="36" />
  <attribute name="CPU Util currently" value="15905985558492" />
<exclusive-end id="155" timestamp="2019-06-16T01:53:36.002" durationms="3.541" />

<exclusive-start id="156" timestamp="2019-06-16T01:53:36.019" intervalms="20.994">
  <response-info timems="0.036" idlems="0.019" threads="1" lastid="0000000000D5F500" lastname="Thread-10" />
</exclusive-start>
<allocation-taxation id="157" taxation-threshold="14680064" timestamp="2019-06-16T01:53:36.019" intervalms="21.042" />
<cycle-start id="158" type="partial gc" contextid="0" timestamp="2019-06-16T01:53:36.019" intervalms="21.027" />
<gc-start id="159" type="partial gc" contextid="158" timestamp="2019-06-16T01:53:36.020">
  <mem-info id="160" free="4194304" total="31457280" percent="13">
    <mem type="eden" free="0" total="14680064" percent="0" />
    <remembered-set count="5024" freebytes="1235584" totalbytes="1255680" percent="98" regionsoverflowed="0" regionsstable="1" regionsrebuilding="0"/>
  </mem-info>
</gc-start>
<allocation-stats totalBytes="14678240" >
  <allocated-bytes non-tlh="0" tlh="14678240" arrayletleaf="0"/>
  <largest-consumer threadName="Thread-7" threadId="0000000000D5B900" bytes="4947360" />
</allocation-stats>
<gc-op id="161" type="copy forward" timems="1.799" contextid="158" timestamp="2019-06-16T01:53:36.022">
  <memory-copied type="eden" objects="1899" bytes="46632" bytesdiscarded="0" />
  <memory-copied type="other" objects="7393" bytes="357952" bytesdiscarded="0" />
  <memory-cardclean objects="7424" bytes="345048" />
  <regions eden="14" other="2" />
  <remembered-set-cleared processed="3172" cleared="665" durationms="0.091" />
  <references type="soft" candidates="12" cleared="0" enqueued="0" dynamicThreshold="19" maxThreshold="32" />
  <references type="weak" candidates="5" cleared="0" enqueued="0" />
  <stringconstants candidates="4597" cleared="0"  />
</gc-op>
<gc-op id="162" type="classunload" timems="0.002" contextid="158" timestamp="2019-06-16T01:53:36.022">
  <classunload-info classloadercandidates="8" classloadersunloaded="0" classesunloaded="0" anonymousclassesunloaded="0" quiescems="0.000" setupms="0.002" scanms="0.000" postms="0.000" />
</gc-op>
<heap-resize id="163" type="expand" space="default" amount="3145728" count="1" timems="0.068" reason="excessive time being spent in gc" timestamp="2019-06-16T01:53:36.022" />
<gc-end id="164" type="partial gc" contextid="158" durationms="2.978" usertimems="4.000" systemtimems="0.000" timestamp="2019-06-16T01:53:36.023" activeThreads="1">
  <mem-info id="165" free="20971520" total="34603008" percent="60">
    <mem type="eden" free="1001944" total="1048576" percent="95" />
    <remembered-set count="5792" freebytes="1358080" totalbytes="1381248" percent="98" regionsoverflowed="0" regionsstable="1" regionsrebuilding="0"/>
  </mem-info>
</gc-end>
<cycle-end id="166" type="partial gc" contextid="158" timestamp="2019-06-16T01:53:36.023" />
  <attribute name="elasticGC enabled" value="1" />
  <attribute name= "numThreadsSpecified" value="1" />
  <attribute name="heapSize specified" value="0" />
  <attribute name="Current GC Util" value="41" />
  <attribute name= "Current Time Running" value="1326" />
  <attribute name ="GC Interval" value="0" />
  <attribute name="ProportionalT" value="31.500000" />
  <attribute name="ProportionalI" value="31.500000" />
  <attribute name="ProportionalH" value="31.500000" />
  <attribute name="Current Error" value="21.000000" />
  <attribute name="IntegralT" value="0.000000" />
  <attribute name="IntegralI" value="0.000000" />
  <attribute name="IntegralH" value="0.000000" />
  <attribute name="DerivativeT" value="inf" />
  <attribute name="DerivativeI" value="inf" />
  <attribute name="DerivativeH" value="inf" />
  <attribute name="Loop Time for DT" value="0.000000" />
  <attribute name="Output H" value="8388608"/>
  <attribute name="Output I" value="200"/>
  <attribute name="Output T" value="1"/>
  <attribute name="Target GC Util Change" value ="20.000000" />
  <attribute name="Current GC Util Change" value="41.000000"/>
  <attribute name="GC Util currently" value="41" />
  <attribute name="CPU Util currently" value="15769197421950" />
<exclusive-end id="167" timestamp="2019-06-16T01:53:36.023" durationms="3.919" />

<exclusive-start id="168" timestamp="2019-06-16T01:53:36.037" intervalms="18.015">
  <response-info timems="0.039" idlems="0.039" threads="0" lastid="0000000000D5F500" lastname="Thread-10" />
</exclusive-start>
<allocation-taxation id="169" taxation-threshold="15728640" timestamp="2019-06-16T01:53:36.037" intervalms="17.945" />
<cycle-start id="170" type="partial gc" contextid="0" timestamp="2019-06-16T01:53:36.037" intervalms="17.993" />
<gc-start id="171" type="partial gc" contextid="170" timestamp="2019-06-16T01:53:36.038">
  <mem-info id="172" free="5242880" total="34603008" percent="15">
    <mem type="eden" free="0" total="15728640" percent="0" />
    <remembered-set count="5504" freebytes="1359232" totalbytes="1381248" percent="98" regionsoverflowed="0" regionsstable="1" regionsrebuilding="0"/>
  </mem-info>
</gc-start>
<allocation-stats totalBytes="15726600" >
  <allocated-bytes non-tlh="0" tlh="15726600" arrayletleaf="0"/>
  <largest-consumer threadName="Thread-7" threadId="0000000000D5B900" bytes="4328936" />
</allocation-stats>
<gc-op id="173" type="copy forward" timems="2.614" contextid="170" timestamp="2019-06-16T01:53:36.041">
  <memory-copied type="eden" objects="2280" bytes="55360" bytesdiscarded="0" />
  <memory-copied type="other" objects="10273" bytes="714088" bytesdiscarded="464" />
  <memory-cardclean objects="11717" bytes="585120" />
  <regions eden="15" other="2" />
  <remembered-set-cleared processed="2885" cleared="1581" durationms="0.104" />
  <references type="soft" candidates="5" cleared="0" enqueued="0" dynamicThreshold="19" maxThreshold="32" />
  <references type="weak" candidates="11" cleared="0" enqueued="0" />
  <references type="phantom" candidates="2" cleared="0" enqueued="0" />
  <stringconstants candidates="4597" cleared="0"  />
</gc-op>
<gc-op id="174" type="classunload" timems="0.002" contextid="170" timestamp="2019-06-16T01:53:36.041">
  <classunload-info classloadercandidates="8" classloadersunloaded="0" classesunloaded="0" anonymousclassesunloaded="0" quiescems="0.000" setupms="0.002" scanms="0.000" postms="0.000" />
</gc-op>
<gc-end id="175" type="partial gc" contextid="170" durationms="3.547" usertimems="4.000" systemtimems="0.000" timestamp="2019-06-16T01:53:36.041" activeThreads="1">
  <mem-info id="176" free="20971520" total="34603008" percent="60">
    <mem type="eden" free="993216" total="1048576" percent="94" />
    <remembered-set count="6016" freebytes="1357184" totalbytes="1381248" percent="98" regionsoverflowed="0" regionsstable="1" regionsrebuilding="0"/>
  </mem-info>
</gc-end>
<cycle-end id="177" type="partial gc" contextid="170" timestamp="2019-06-16T01:53:36.041" />
  <attribute name="elasticGC enabled" value="1" />
  <attribute name= "numThreadsSpecified" value="1" />
  <attribute name="heapSize specified" value="0" />
  <attribute name="Current GC Util" value="42" />
  <attribute name= "Current Time Running" value="1344" />
  <attribute name ="GC Interval" value="0" />
  <attribute name="ProportionalT" value="33.000000" />
  <attribute name="ProportionalI" value="33.000000" />
  <attribute name="ProportionalH" value="33.000000" />
  <attribute name="Current Error" value="22.000000" />
  <attribute name="IntegralT" value="0.000000" />
  <attribute name="IntegralI" value="0.000000" />
  <attribute name="IntegralH" value="0.000000" />
  <attribute name="DerivativeT" value="inf" />
  <attribute name="DerivativeI" value="inf" />
  <attribute name="DerivativeH" value="inf" />
  <attribute name="Loop Time for DT" value="0.000000" />
  <attribute name="Output H" value="8388608"/>
  <attribute name="Output I" value="200"/>
  <attribute name="Output T" value="1"/>
  <attribute name="Target GC Util Change" value ="20.000000" />
  <attribute name="Current GC Util Change" value="42.000000"/>
  <attribute name="GC Util currently" value="42" />
  <attribute name="CPU Util currently" value="16620005970854" />
<exclusive-end id="178" timestamp="2019-06-16T01:53:36.042" durationms="4.414" />

<exclusive-start id="179" timestamp="2019-06-16T01:53:36.054" intervalms="17.191">
  <response-info timems="0.023" idlems="0.023" threads="0" lastid="0000000000D5F500" lastname="Thread-10" />
</exclusive-start>
<allocation-taxation id="180" taxation-threshold="15728640" timestamp="2019-06-16T01:53:36.054" intervalms="17.229" />
<cycle-start id="181" type="partial gc" contextid="0" timestamp="2019-06-16T01:53:36.055" intervalms="17.179" />
<gc-start id="182" type="partial gc" contextid="181" timestamp="2019-06-16T01:53:36.055">
  <mem-info id="183" free="5242880" total="34603008" percent="15">
    <mem type="eden" free="0" total="15728640" percent="0" />
    <remembered-set count="5824" freebytes="1357952" totalbytes="1381248" percent="98" regionsoverflowed="0" regionsstable="1" regionsrebuilding="0"/>
  </mem-info>
</gc-start>
<allocation-stats totalBytes="15726512" >
  <allocated-bytes non-tlh="0" tlh="15726512" arrayletleaf="0"/>
  <largest-consumer threadName="Thread-7" threadId="0000000000D5B900" bytes="4103760" />
</allocation-stats>
<gc-op id="184" type="copy forward" timems="1.621" contextid="181" timestamp="2019-06-16T01:53:36.057">
  <memory-copied type="eden" objects="2475" bytes="60096" bytesdiscarded="2400" />
  <memory-copied type="other" objects="2183" bytes="52392" bytesdiscarded="968" />
  <memory-cardclean objects="7190" bytes="360856" />
  <regions eden="15" other="1" />
  <remembered-set-cleared processed="4110" cleared="711" durationms="0.088" />
  <stringconstants candidates="4597" cleared="0"  />
</gc-op>
<gc-op id="185" type="classunload" timems="0.002" contextid="181" timestamp="2019-06-16T01:53:36.057">
  <classunload-info classloadercandidates="8" classloadersunloaded="0" classesunloaded="0" anonymousclassesunloaded="0" quiescems="0.000" setupms="0.001" scanms="0.000" postms="0.000" />
</gc-op>
<heap-resize id="186" type="expand" space="default" amount="2097152" count="1" timems="0.060" reason="excessive time being spent in gc" timestamp="2019-06-16T01:53:36.057" />
<gc-end id="187" type="partial gc" contextid="181" durationms="2.639" usertimems="4.000" systemtimems="0.000" timestamp="2019-06-16T01:53:36.057" activeThreads="4">
  <mem-info id="188" free="22020096" total="36700160" percent="60">
    <mem type="eden" free="986080" total="1048576" percent="94" />
    <remembered-set count="6848" freebytes="1437568" totalbytes="1464960" percent="98" regionsoverflowed="0" regionsstable="1" regionsrebuilding="0"/>
  </mem-info>
</gc-end>
<cycle-end id="189" type="partial gc" contextid="181" timestamp="2019-06-16T01:53:36.058" />
  <attribute name="elasticGC enabled" value="1" />
  <attribute name= "numThreadsSpecified" value="4" />
  <attribute name="heapSize specified" value="0" />
  <attribute name="Current GC Util" value="0" />
  <attribute name= "Current Time Running" value="1361" />
  <attribute name ="GC Interval" value="0" />
  <attribute name="ProportionalT" value="-30.000000" />
  <attribute name="ProportionalI" value="-30.000000" />
  <attribute name="ProportionalH" value="-30.000000" />
  <attribute name="Current Error" value="-20.000000" />
  <attribute name="IntegralT" value="0.000000" />
  <attribute name="IntegralI" value="0.000000" />
  <attribute name="IntegralH" value="0.000000" />
  <attribute name="DerivativeT" value="-inf" />
  <attribute name="DerivativeI" value="-inf" />
  <attribute name="DerivativeH" value="-inf" />
  <attribute name="Loop Time for DT" value="0.000000" />
  <attribute name="Output H" value="2091843584"/>
  <attribute name="Output I" value="200"/>
  <attribute name="Output T" value="4"/>
  <attribute name="Target GC Util Change" value ="20.000000" />
  <attribute name="Current GC Util Change" value="0.000000"/>
  <attribute name="GC Util currently" value="0" />
  <attribute name="CPU Util currently" value="36386407163335" />
<exclusive-end id="190" timestamp="2019-06-16T01:53:36.058" durationms="3.478" />

<exclusive-start id="191" timestamp="2019-06-16T01:53:36.073" intervalms="18.318">
  <response-info timems="0.038" idlems="0.038" threads="0" lastid="0000000000D63100" lastname="Thread-8" />
</exclusive-start>
<allocation-taxation id="192" taxation-threshold="15728640" timestamp="2019-06-16T01:53:36.073" intervalms="18.325" />
<cycle-start id="193" type="partial gc" contextid="0" timestamp="2019-06-16T01:53:36.073" intervalms="18.314" />
<gc-start id="194" type="partial gc" contextid="193" timestamp="2019-06-16T01:53:36.073">
  <mem-info id="195" free="6291456" total="36700160" percent="17">
    <mem type="eden" free="0" total="15728640" percent="0" />
    <remembered-set count="6688" freebytes="1438208" totalbytes="1464960" percent="98" regionsoverflowed="0" regionsstable="1" regionsrebuilding="0"/>
  </mem-info>
</gc-start>
<allocation-stats totalBytes="15726768" >
  <allocated-bytes non-tlh="19056" tlh="15707712" arrayletleaf="0"/>
  <largest-consumer threadName="Thread-7" threadId="0000000000D5B900" bytes="4672928" />
</allocation-stats>
<gc-op id="196" type="copy forward" timems="1.614" contextid="193" timestamp="2019-06-16T01:53:36.075">
  <memory-copied type="eden" objects="7776" bytes="324832" bytesdiscarded="0" />
  <memory-copied type="other" objects="2369" bytes="56856" bytesdiscarded="0" />
  <memory-cardclean objects="6162" bytes="311944" />
  <regions eden="15" other="1" />
  <remembered-set-cleared processed="4673" cleared="739" durationms="0.103" />
  <stringconstants candidates="4597" cleared="0"  />
</gc-op>
<gc-op id="197" type="classunload" timems="0.002" contextid="193" timestamp="2019-06-16T01:53:36.076">
  <classunload-info classloadercandidates="8" classloadersunloaded="0" classesunloaded="0" anonymousclassesunloaded="0" quiescems="0.000" setupms="0.002" scanms="0.000" postms="0.000" />
</gc-op>
<heap-resize id="198" type="expand" space="default" amount="3145728" count="1" timems="0.064" reason="excessive time being spent in gc" timestamp="2019-06-16T01:53:36.076" />
<gc-end id="199" type="partial gc" contextid="193" durationms="2.831" usertimems="0.000" systemtimems="4.000" timestamp="2019-06-16T01:53:36.076" activeThreads="1">
  <mem-info id="200" free="24117248" total="39845888" percent="60">
    <mem type="eden" free="723744" total="1048576" percent="69" />
    <remembered-set count="7424" freebytes="1560832" totalbytes="1590528" percent="98" regionsoverflowed="0" regionsstable="1" regionsrebuilding="0"/>
  </mem-info>
</gc-end>
<cycle-end id="201" type="partial gc" contextid="193" timestamp="2019-06-16T01:53:36.076" />
  <attribute name="elasticGC enabled" value="1" />
  <attribute name= "numThreadsSpecified" value="1" />
  <attribute name="heapSize specified" value="0" />
  <attribute name="Current GC Util" value="40" />
  <attribute name= "Current Time Running" value="1379" />
  <attribute name ="GC Interval" value="0" />
  <attribute name="ProportionalT" value="30.000000" />
  <attribute name="ProportionalI" value="30.000000" />
  <attribute name="ProportionalH" value="30.000000" />
  <attribute name="Current Error" value="20.000000" />
  <attribute name="IntegralT" value="0.000000" />
  <attribute name="IntegralI" value="0.000000" />
  <attribute name="IntegralH" value="0.000000" />
  <attribute name="DerivativeT" value="inf" />
  <attribute name="DerivativeI" value="inf" />
  <attribute name="DerivativeH" value="inf" />
  <attribute name="Loop Time for DT" value="0.000000" />
  <attribute name="Output H" value="8388608"/>
  <attribute name="Output I" value="200"/>
  <attribute name="Output T" value="1"/>
  <attribute name="Target GC Util Change" value ="20.000000" />
  <attribute name="Current GC Util Change" value="40.000000"/>
  <attribute name="GC Util currently" value="40" />
  <attribute name="CPU Util currently" value="19905240875922" />
<exclusive-end id="202" timestamp="2019-06-16T01:53:36.076" durationms="3.687" />

<exclusive-start id="203" timestamp="2019-06-16T01:53:36.092" intervalms="18.913">
  <response-info timems="0.046" idlems="0.046" threads="0" lastid="0000000000D57D00" lastname="Thread-9" />
</exclusive-start>
<allocation-taxation id="204" taxation-threshold="16777216" timestamp="2019-06-16T01:53:36.092" intervalms="18.969" />
<cycle-start id="205" type="partial gc" contextid="0" timestamp="2019-06-16T01:53:36.092" intervalms="19.070" />
<gc-start id="206" type="partial gc" contextid="205" timestamp="2019-06-16T01:53:36.092">
  <mem-info id="207" free="7340032" total="39845888" percent="18">
    <mem type="eden" free="0" total="16777216" percent="0" />
    <remembered-set count="7040" freebytes="1562368" totalbytes="1590528" percent="98" regionsoverflowed="0" regionsstable="1" regionsrebuilding="0"/>
  </mem-info>
</gc-start>
<allocation-stats totalBytes="16774984" >
  <allocated-bytes non-tlh="0" tlh="16774984" arrayletleaf="0"/>
  <largest-consumer threadName="Thread-8" threadId="0000000000D63100" bytes="4537744" />
</allocation-stats>
<gc-op id="208" type="copy forward" timems="2.118" contextid="205" timestamp="2019-06-16T01:53:36.095">
  <memory-copied type="eden" objects="9101" bytes="356872" bytesdiscarded="22880" />
  <memory-copied type="other" objects="7660" bytes="321216" bytesdiscarded="26768" />
  <memory-cardclean objects="4794" bytes="250336" />
  <regions eden="16" other="1" />
  <remembered-set-cleared processed="5271" cleared="625" durationms="0.087" />
  <stringconstants candidates="4597" cleared="0"  />
</gc-op>
<gc-op id="209" type="classunload" timems="0.002" contextid="205" timestamp="2019-06-16T01:53:36.095">
  <classunload-info classloadercandidates="8" classloadersunloaded="0" classesunloaded="0" anonymousclassesunloaded="0" quiescems="0.000" setupms="0.002" scanms="0.000" postms="0.000" />
</gc-op>
<heap-resize id="210" type="expand" space="default" amount="2097152" count="1" timems="0.060" reason="excessive time being spent in gc" timestamp="2019-06-16T01:53:36.096" />
<gc-end id="211" type="partial gc" contextid="205" durationms="3.467" usertimems="4.000" systemtimems="0.000" timestamp="2019-06-16T01:53:36.096" activeThreads="4">
  <mem-info id="212" free="25165824" total="41943040" percent="60">
    <mem type="eden" free="668824" total="1048576" percent="63" />
    <remembered-set count="8320" freebytes="1640960" totalbytes="1674240" percent="98" regionsoverflowed="0" regionsstable="1" regionsrebuilding="0"/>
  </mem-info>
</gc-end>
<cycle-end id="213" type="partial gc" contextid="205" timestamp="2019-06-16T01:53:36.096" />
  <attribute name="elasticGC enabled" value="1" />
  <attribute name= "numThreadsSpecified" value="4" />
  <attribute name="heapSize specified" value="0" />
  <attribute name="Current GC Util" value="46" />
  <attribute name= "Current Time Running" value="1399" />
  <attribute name ="GC Interval" value="0" />
  <attribute name="ProportionalT" value="39.000000" />
  <attribute name="ProportionalI" value="39.000000" />
  <attribute name="ProportionalH" value="39.000000" />
  <attribute name="Current Error" value="26.000000" />
  <attribute name="IntegralT" value="26.000000" />
  <attribute name="IntegralI" value="26.000000" />
  <attribute name="IntegralH" value="26.000000" />
  <attribute name="DerivativeT" value="26.000000" />
  <attribute name="DerivativeI" value="26.000000" />
  <attribute name="DerivativeH" value="26.000000" />
  <attribute name="Loop Time for DT" value="1.000000" />
  <attribute name="Output H" value="8388608"/>
  <attribute name="Output I" value="200"/>
  <attribute name="Output T" value="4"/>
  <attribute name="Target GC Util Change" value ="20.000000" />
  <attribute name="Current GC Util Change" value="46.000000"/>
  <attribute name="GC Util currently" value="46" />
  <attribute name="CPU Util currently" value="15566557357659" />
<exclusive-end id="214" timestamp="2019-06-16T01:53:36.096" durationms="4.586" />

<exclusive-start id="215" timestamp="2019-06-16T01:53:36.111" intervalms="19.706">
  <response-info timems="0.022" idlems="0.022" threads="0" lastid="0000000000D5F500" lastname="Thread-10" />
</exclusive-start>
<allocation-taxation id="216" taxation-threshold="16777216" timestamp="2019-06-16T01:53:36.111" intervalms="19.650" />
<cycle-start id="217" type="partial gc" contextid="0" timestamp="2019-06-16T01:53:36.112" intervalms="19.591" />
<gc-start id="218" type="partial gc" contextid="217" timestamp="2019-06-16T01:53:36.112">
  <mem-info id="219" free="8388608" total="41943040" percent="20">
    <mem type="eden" free="0" total="16777216" percent="0" />
    <remembered-set count="7872" freebytes="1642752" totalbytes="1674240" percent="98" regionsoverflowed="0" regionsstable="1" regionsrebuilding="0"/>
  </mem-info>
</gc-start>
<allocation-stats totalBytes="16774896" >
  <allocated-bytes non-tlh="0" tlh="16774896" arrayletleaf="0"/>
  <largest-consumer threadName="Thread-10" threadId="0000000000D5F500" bytes="4668704" />
</allocation-stats>
<gc-op id="220" type="copy forward" timems="2.331" contextid="217" timestamp="2019-06-16T01:53:36.115">
  <memory-copied type="eden" objects="9353" bytes="362528" bytesdiscarded="0" />
  <memory-copied type="other" objects="8923" bytes="351528" bytesdiscarded="0" />
  <memory-cardclean objects="8121" bytes="424624" />
  <regions eden="16" other="1" />
  <remembered-set-cleared processed="5738" cleared="692" durationms="0.116" />
  <stringconstants candidates="4597" cleared="0"  />
</gc-op>
<gc-op id="221" type="classunload" timems="0.002" contextid="217" timestamp="2019-06-16T01:53:36.115">
  <classunload-info classloadercandidates="8" classloadersunloaded="0" classesunloaded="0" anonymousclassesunloaded="0" quiescems="0.000" setupms="0.002" scanms="0.000" postms="0.000" />
</gc-op>
<heap-resize id="222" type="expand" space="default" amount="3145728" count="1" timems="0.066" reason="excessive time being spent in gc" timestamp="2019-06-16T01:53:36.115" />
<gc-end id="223" type="partial gc" contextid="217" durationms="3.461" usertimems="4.000" systemtimems="0.000" timestamp="2019-06-16T01:53:36.115" activeThreads="1">
  <mem-info id="224" free="27262976" total="45088768" percent="60">
    <mem type="eden" free="686048" total="1048576" percent="65" />
    <remembered-set count="8672" freebytes="1765120" totalbytes="1799808" percent="98" regionsoverflowed="0" regionsstable="1" regionsrebuilding="0"/>
  </mem-info>
</gc-end>
<cycle-end id="225" type="partial gc" contextid="217" timestamp="2019-06-16T01:53:36.115" />
  <attribute name="elasticGC enabled" value="1" />
  <attribute name= "numThreadsSpecified" value="1" />
  <attribute name="heapSize specified" value="0" />
  <attribute name="Current GC Util" value="35" />
  <attribute name= "Current Time Running" value="1418" />
  <attribute name ="GC Interval" value="0" />
  <attribute name="ProportionalT" value="22.500000" />
  <attribute name="ProportionalI" value="22.500000" />
  <attribute name="ProportionalH" value="22.500000" />
  <attribute name="Current Error" value="15.000000" />
  <attribute name="IntegralT" value="0.000000" />
  <attribute name="IntegralI" value="0.000000" />
  <attribute name="IntegralH" value="0.000000" />
  <attribute name="DerivativeT" value="inf" />
  <attribute name="DerivativeI" value="inf" />
  <attribute name="DerivativeH" value="inf" />
  <attribute name="Loop Time for DT" value="0.000000" />
  <attribute name="Output H" value="8388608"/>
  <attribute name="Output I" value="200"/>
  <attribute name="Output T" value="1"/>
  <attribute name="Target GC Util Change" value ="20.000000" />
  <attribute name="Current GC Util Change" value="35.000000"/>
  <attribute name="GC Util currently" value="35" />
  <attribute name="CPU Util currently" value="17280387060734" />
<exclusive-end id="226" timestamp="2019-06-16T01:53:36.116" durationms="4.354" />

<exclusive-start id="227" timestamp="2019-06-16T01:53:36.134" intervalms="22.651">
  <response-info timems="0.029" idlems="0.029" threads="0" lastid="0000000000D63100" lastname="Thread-8" />
</exclusive-start>
<allocation-taxation id="228" taxation-threshold="17825792" timestamp="2019-06-16T01:53:36.134" intervalms="22.638" />
<cycle-start id="229" type="partial gc" contextid="0" timestamp="2019-06-16T01:53:36.134" intervalms="22.603" />
<gc-start id="230" type="partial gc" contextid="229" timestamp="2019-06-16T01:53:36.134">
  <mem-info id="231" free="9437184" total="45088768" percent="20">
    <mem type="eden" free="0" total="17825792" percent="0" />
    <remembered-set count="8576" freebytes="1765504" totalbytes="1799808" percent="98" regionsoverflowed="0" regionsstable="1" regionsrebuilding="0"/>
  </mem-info>
</gc-start>
<allocation-stats totalBytes="17823824" >
  <allocated-bytes non-tlh="0" tlh="17823824" arrayletleaf="0"/>
  <largest-consumer threadName="Thread-7" threadId="0000000000D5B900" bytes="5602768" />
</allocation-stats>
<gc-op id="232" type="copy forward" timems="2.158" contextid="229" timestamp="2019-06-16T01:53:36.137">
  <memory-copied type="eden" objects="8962" bytes="353552" bytesdiscarded="10304" />
  <memory-copied type="other" objects="9250" bytes="359376" bytesdiscarded="5208" />
  <memory-cardclean objects="7802" bytes="409040" />
  <regions eden="17" other="1" />
  <remembered-set-cleared processed="6430" cleared="674" durationms="0.095" />
  <stringconstants candidates="4597" cleared="0"  />
</gc-op>
<gc-op id="233" type="classunload" timems="0.002" contextid="229" timestamp="2019-06-16T01:53:36.137">
  <classunload-info classloadercandidates="8" classloadersunloaded="0" classesunloaded="0" anonymousclassesunloaded="0" quiescems="0.000" setupms="0.002" scanms="0.000" postms="0.000" />
</gc-op>
<heap-resize id="234" type="expand" space="default" amount="2097152" count="1" timems="0.062" reason="excessive time being spent in gc" timestamp="2019-06-16T01:53:36.138" />
<gc-end id="235" type="partial gc" contextid="229" durationms="3.354" usertimems="4.000" systemtimems="4.000" timestamp="2019-06-16T01:53:36.138" activeThreads="4">
  <mem-info id="236" free="28311552" total="47185920" percent="60">
    <mem type="eden" free="684720" total="1048576" percent="65" />
    <remembered-set count="9600" freebytes="1845120" totalbytes="1883520" percent="97" regionsoverflowed="0" regionsstable="1" regionsrebuilding="0"/>
  </mem-info>
</gc-end>
<cycle-end id="237" type="partial gc" contextid="229" timestamp="2019-06-16T01:53:36.138" />
  <attribute name="elasticGC enabled" value="1" />
  <attribute name= "numThreadsSpecified" value="4" />
  <attribute name="heapSize specified" value="0" />
  <attribute name="Current GC Util" value="42" />
  <attribute name= "Current Time Running" value="1441" />
  <attribute name ="GC Interval" value="0" />
  <attribute name="ProportionalT" value="33.000000" />
  <attribute name="ProportionalI" value="33.000000" />
  <attribute name="ProportionalH" value="33.000000" />
  <attribute name="Current Error" value="22.000000" />
  <attribute name="IntegralT" value="22.000000" />
  <attribute name="IntegralI" value="22.000000" />
  <attribute name="IntegralH" value="22.000000" />
  <attribute name="DerivativeT" value="22.000000" />
  <attribute name="DerivativeI" value="22.000000" />
  <attribute name="DerivativeH" value="22.000000" />
  <attribute name="Loop Time for DT" value="1.000000" />
  <attribute name="Output H" value="8388608"/>
  <attribute name="Output I" value="200"/>
  <attribute name="Output T" value="4"/>
  <attribute name="Target GC Util Change" value ="20.000000" />
  <attribute name="Current GC Util Change" value="42.000000"/>
  <attribute name="GC Util currently" value="42" />
  <attribute name="CPU Util currently" value="18724389310150" />
<exclusive-end id="238" timestamp="2019-06-16T01:53:36.138" durationms="4.168" />

<exclusive-start id="239" timestamp="2019-06-16T01:53:36.160" intervalms="26.174">
  <response-info timems="0.060" idlems="0.060" threads="0" lastid="0000000000D5B900" lastname="Thread-7" />
</exclusive-start>
<allocation-taxation id="240" taxation-threshold="18874368" timestamp="2019-06-16T01:53:36.160" intervalms="26.236" />
<cycle-start id="241" type="partial gc" contextid="0" timestamp="2019-06-16T01:53:36.161" intervalms="26.316" />
<gc-start id="242" type="partial gc" contextid="241" timestamp="2019-06-16T01:53:36.161">
  <mem-info id="243" free="9437184" total="47185920" percent="20">
    <mem type="eden" free="0" total="18874368" percent="0" />
    <remembered-set count="9120" freebytes="1847040" totalbytes="1883520" percent="98" regionsoverflowed="0" regionsstable="1" regionsrebuilding="0"/>
  </mem-info>
</gc-start>
<allocation-stats totalBytes="18871840" >
  <allocated-bytes non-tlh="0" tlh="18871840" arrayletleaf="0"/>
  <largest-consumer threadName="Thread-7" threadId="0000000000D5B900" bytes="6348024" />
</allocation-stats>
<gc-op id="244" type="copy forward" timems="2.378" contextid="241" timestamp="2019-06-16T01:53:36.164">
  <memory-copied type="eden" objects="9107" bytes="357336" bytesdiscarded="0" />
  <memory-copied type="other" objects="8779" bytes="348072" bytesdiscarded="0" />
  <memory-cardclean objects="6033" bytes="324536" />
  <regions eden="18" other="1" />
  <remembered-set-cleared processed="7196" cleared="605" durationms="0.127" />
  <stringconstants candidates="4597" cleared="0"  />
</gc-op>
<gc-op id="245" type="classunload" timems="0.002" contextid="241" timestamp="2019-06-16T01:53:36.164">
  <classunload-info classloadercandidates="8" classloadersunloaded="0" classesunloaded="0" anonymousclassesunloaded="0" quiescems="0.000" setupms="0.002" scanms="0.000" postms="0.000" />
</gc-op>
<heap-resize id="246" type="expand" space="default" amount="3145728" count="1" timems="0.067" reason="excessive time being spent in gc" timestamp="2019-06-16T01:53:36.164" />
<gc-end id="247" type="partial gc" contextid="241" durationms="3.729" usertimems="4.000" systemtimems="0.000" timestamp="2019-06-16T01:53:36.164" activeThreads="1">
  <mem-info id="248" free="30408704" total="50331648" percent="60">
    <mem type="eden" free="691240" total="1048576" percent="65" />
    <remembered-set count="9952" freebytes="1969280" totalbytes="2009088" percent="98" regionsoverflowed="0" regionsstable="1" regionsrebuilding="0"/>
  </mem-info>
</gc-end>
<cycle-end id="249" type="partial gc" contextid="241" timestamp="2019-06-16T01:53:36.165" />
  <attribute name="elasticGC enabled" value="1" />
  <attribute name= "numThreadsSpecified" value="1" />
  <attribute name="heapSize specified" value="0" />
  <attribute name="Current GC Util" value="45" />
  <attribute name= "Current Time Running" value="1467" />
  <attribute name ="GC Interval" value="0" />
  <attribute name="ProportionalT" value="37.500000" />
  <attribute name="ProportionalI" value="37.500000" />
  <attribute name="ProportionalH" value="37.500000" />
  <attribute name="Current Error" value="25.000000" />
  <attribute name="IntegralT" value="0.000000" />
  <attribute name="IntegralI" value="0.000000" />
  <attribute name="IntegralH" value="0.000000" />
  <attribute name="DerivativeT" value="inf" />
  <attribute name="DerivativeI" value="inf" />
  <attribute name="DerivativeH" value="inf" />
  <attribute name="Loop Time for DT" value="0.000000" />
  <attribute name="Output H" value="8388608"/>
  <attribute name="Output I" value="200"/>
  <attribute name="Output T" value="1"/>
  <attribute name="Target GC Util Change" value ="20.000000" />
  <attribute name="Current GC Util Change" value="45.000000"/>
  <attribute name="GC Util currently" value="45" />
  <attribute name="CPU Util currently" value="17328761677615" />
<exclusive-end id="250" timestamp="2019-06-16T01:53:36.165" durationms="4.816" />

<exclusive-start id="251" timestamp="2019-06-16T01:53:36.186" intervalms="25.690">
  <response-info timems="0.025" idlems="0.025" threads="0" lastid="0000000000D5B900" lastname="Thread-7" />
</exclusive-start>
<allocation-taxation id="252" taxation-threshold="18874368" timestamp="2019-06-16T01:53:36.186" intervalms="25.681" />
<cycle-start id="253" type="partial gc" contextid="0" timestamp="2019-06-16T01:53:36.186" intervalms="25.638" />
<gc-start id="254" type="partial gc" contextid="253" timestamp="2019-06-16T01:53:36.186">
  <mem-info id="255" free="11534336" total="50331648" percent="22">
    <mem type="eden" free="0" total="18874368" percent="0" />
    <remembered-set count="9696" freebytes="1970304" totalbytes="2009088" percent="98" regionsoverflowed="0" regionsstable="1" regionsrebuilding="0"/>
  </mem-info>
</gc-start>
<allocation-stats totalBytes="18871912" >
  <allocated-bytes non-tlh="0" tlh="18871912" arrayletleaf="0"/>
  <largest-consumer threadName="Thread-8" threadId="0000000000D63100" bytes="6421704" />
</allocation-stats>
<gc-op id="256" type="copy forward" timems="1.999" contextid="253" timestamp="2019-06-16T01:53:36.189">
  <memory-copied type="eden" objects="3217" bytes="78248" bytesdiscarded="11112" />
  <memory-copied type="other" objects="8852" bytes="349824" bytesdiscarded="18552" />
  <memory-cardclean objects="8054" bytes="417664" />
  <regions eden="18" other="1" />
  <remembered-set-cleared processed="7829" cleared="583" durationms="0.101" />
  <stringconstants candidates="4597" cleared="0"  />
</gc-op>
<gc-op id="257" type="classunload" timems="0.002" contextid="253" timestamp="2019-06-16T01:53:36.189">
  <classunload-info classloadercandidates="8" classloadersunloaded="0" classesunloaded="0" anonymousclassesunloaded="0" quiescems="0.000" setupms="0.002" scanms="0.000" postms="0.000" />
</gc-op>
<heap-resize id="258" type="expand" space="default" amount="2097152" count="1" timems="0.059" reason="excessive time being spent in gc" timestamp="2019-06-16T01:53:36.189" />
<gc-end id="259" type="partial gc" contextid="253" durationms="3.254" usertimems="4.000" systemtimems="0.000" timestamp="2019-06-16T01:53:36.190" activeThreads="4">
  <mem-info id="260" free="31457280" total="52428800" percent="60">
    <mem type="eden" free="959216" total="1048576" percent="91" />
    <remembered-set count="10752" freebytes="2049792" totalbytes="2092800" percent="97" regionsoverflowed="0" regionsstable="1" regionsrebuilding="0"/>
  </mem-info>
</gc-end>
<cycle-end id="261" type="partial gc" contextid="253" timestamp="2019-06-16T01:53:36.190" />
  <attribute name="elasticGC enabled" value="1" />
  <attribute name= "numThreadsSpecified" value="4" />
  <attribute name="heapSize specified" value="0" />
  <attribute name="Current GC Util" value="48" />
  <attribute name= "Current Time Running" value="1493" />
  <attribute name ="GC Interval" value="0" />
  <attribute name="ProportionalT" value="42.000000" />
  <attribute name="ProportionalI" value="42.000000" />
  <attribute name="ProportionalH" value="42.000000" />
  <attribute name="Current Error" value="28.000000" />
  <attribute name="IntegralT" value="28.000000" />
  <attribute name="IntegralI" value="28.000000" />
  <attribute name="IntegralH" value="28.000000" />
  <attribute name="DerivativeT" value="28.000000" />
  <attribute name="DerivativeI" value="28.000000" />
  <attribute name="DerivativeH" value="28.000000" />
  <attribute name="Loop Time for DT" value="1.000000" />
  <attribute name="Output H" value="8388608"/>
  <attribute name="Output I" value="200"/>
  <attribute name="Output T" value="4"/>
  <attribute name="Target GC Util Change" value ="20.000000" />
  <attribute name="Current GC Util Change" value="48.000000"/>
  <attribute name="GC Util currently" value="48" />
  <attribute name="CPU Util currently" value="19590849686349" />
<exclusive-end id="262" timestamp="2019-06-16T01:53:36.190" durationms="4.173" />

<exclusive-start id="263" timestamp="2019-06-16T01:53:36.214" intervalms="28.000">
  <response-info timems="0.239" idlems="0.145" threads="1" lastid="0000000000D5F500" lastname="Thread-10" />
</exclusive-start>
<allocation-taxation id="264" taxation-threshold="19922944" timestamp="2019-06-16T01:53:36.214" intervalms="27.999" />
<cycle-start id="265" type="partial gc" contextid="0" timestamp="2019-06-16T01:53:36.214" intervalms="28.070" />
<gc-start id="266" type="partial gc" contextid="265" timestamp="2019-06-16T01:53:36.214">
  <mem-info id="267" free="11534336" total="52428800" percent="22">
    <mem type="eden" free="0" total="19922944" percent="0" />
    <remembered-set count="10464" freebytes="2050944" totalbytes="2092800" percent="98" regionsoverflowed="0" regionsstable="1" regionsrebuilding="0"/>
  </mem-info>
</gc-start>
<allocation-stats totalBytes="19920328" >
  <allocated-bytes non-tlh="0" tlh="19920328" arrayletleaf="0"/>
  <largest-consumer threadName="Thread-8" threadId="0000000000D63100" bytes="6855848" />
</allocation-stats>
<gc-op id="268" type="copy forward" timems="1.623" contextid="265" timestamp="2019-06-16T01:53:36.217">
  <memory-copied type="eden" objects="3399" bytes="82376" bytesdiscarded="4216" />
  <memory-copied type="other" objects="3038" bytes="72912" bytesdiscarded="56" />
  <memory-cardclean objects="8925" bytes="459256" />
  <regions eden="19" other="1" />
  <remembered-set-cleared processed="8503" cleared="496" durationms="0.096" />
  <stringconstants candidates="4597" cleared="0"  />
</gc-op>
<gc-op id="269" type="classunload" timems="0.002" contextid="265" timestamp="2019-06-16T01:53:36.217">
  <classunload-info classloadercandidates="8" classloadersunloaded="0" classesunloaded="0" anonymousclassesunloaded="0" quiescems="0.000" setupms="0.002" scanms="0.000" postms="0.000" />
</gc-op>
<heap-resize id="270" type="expand" space="default" amount="3145728" count="1" timems="0.066" reason="excessive time being spent in gc" timestamp="2019-06-16T01:53:36.217" />
<gc-end id="271" type="partial gc" contextid="265" durationms="2.943" usertimems="0.000" systemtimems="4.000" timestamp="2019-06-16T01:53:36.217" activeThreads="4">
  <mem-info id="272" free="33554432" total="55574528" percent="60">
    <mem type="eden" free="961984" total="1048576" percent="91" />
    <remembered-set count="11072" freebytes="2174080" totalbytes="2218368" percent="98" regionsoverflowed="0" regionsstable="1" regionsrebuilding="0"/>
  </mem-info>
</gc-end>
<cycle-end id="273" type="partial gc" contextid="265" timestamp="2019-06-16T01:53:36.218" />
  <attribute name="elasticGC enabled" value="1" />
  <attribute name= "numThreadsSpecified" value="4" />
  <attribute name="heapSize specified" value="0" />
  <attribute name="Current GC Util" value="43" />
  <attribute name= "Current Time Running" value="1521" />
  <attribute name ="GC Interval" value="0" />
  <attribute name="ProportionalT" value="34.500000" />
  <attribute name="ProportionalI" value="34.500000" />
  <attribute name="ProportionalH" value="34.500000" />
  <attribute name="Current Error" value="23.000000" />
  <attribute name="IntegralT" value="23.000000" />
  <attribute name="IntegralI" value="23.000000" />
  <attribute name="IntegralH" value="23.000000" />
  <attribute name="DerivativeT" value="23.000000" />
  <attribute name="DerivativeI" value="23.000000" />
  <attribute name="DerivativeH" value="23.000000" />
  <attribute name="Loop Time for DT" value="1.000000" />
  <attribute name="Output H" value="8388608"/>
  <attribute name="Output I" value="200"/>
  <attribute name="Output T" value="4"/>
  <attribute name="Target GC Util Change" value ="20.000000" />
  <attribute name="Current GC Util Change" value="43.000000"/>
  <attribute name="GC Util currently" value="43" />
  <attribute name="CPU Util currently" value="17879187147464" />
<exclusive-end id="274" timestamp="2019-06-16T01:53:36.218" durationms="3.899" />

<exclusive-start id="275" timestamp="2019-06-16T01:53:36.238" intervalms="23.875">
  <response-info timems="0.032" idlems="0.032" threads="0" lastid="0000000000D57D00" lastname="Thread-9" />
</exclusive-start>
<allocation-taxation id="276" taxation-threshold="20971520" timestamp="2019-06-16T01:53:36.238" intervalms="23.838" />
<cycle-start id="277" type="partial gc" contextid="0" timestamp="2019-06-16T01:53:36.238" intervalms="23.820" />
<gc-start id="278" type="partial gc" contextid="277" timestamp="2019-06-16T01:53:36.238">
  <mem-info id="279" free="12582912" total="55574528" percent="22">
    <mem type="eden" free="0" total="20971520" percent="0" />
    <remembered-set count="10816" freebytes="2175104" totalbytes="2218368" percent="98" regionsoverflowed="0" regionsstable="1" regionsrebuilding="0"/>
  </mem-info>
</gc-start>
<allocation-stats totalBytes="20968784" >
  <allocated-bytes non-tlh="0" tlh="20968784" arrayletleaf="0"/>
  <largest-consumer threadName="Thread-9" threadId="0000000000D57D00" bytes="5594224" />
</allocation-stats>
<gc-op id="280" type="copy forward" timems="2.234" contextid="277" timestamp="2019-06-16T01:53:36.241">
  <memory-copied type="eden" objects="15091" bytes="638152" bytesdiscarded="49352" />
  <memory-copied type="other" objects="3278" bytes="78672" bytesdiscarded="2368" />
  <memory-cardclean objects="8497" bytes="426808" />
  <regions eden="20" other="1" />
  <remembered-set-cleared processed="9145" cleared="592" durationms="0.129" />
  <stringconstants candidates="4597" cleared="0"  />
</gc-op>
<gc-op id="281" type="classunload" timems="0.003" contextid="277" timestamp="2019-06-16T01:53:36.242">
  <classunload-info classloadercandidates="8" classloadersunloaded="0" classesunloaded="0" anonymousclassesunloaded="0" quiescems="0.000" setupms="0.003" scanms="0.000" postms="0.000" />
</gc-op>
<heap-resize id="282" type="expand" space="default" amount="2097152" count="1" timems="0.069" reason="excessive time being spent in gc" timestamp="2019-06-16T01:53:36.242" />
<gc-end id="283" type="partial gc" contextid="277" durationms="3.716" usertimems="4.000" systemtimems="0.000" timestamp="2019-06-16T01:53:36.242" activeThreads="4">
  <mem-info id="284" free="34603008" total="57671680" percent="60">
    <mem type="eden" free="361072" total="1048576" percent="34" />
    <remembered-set count="11616" freebytes="2255616" totalbytes="2302080" percent="97" regionsoverflowed="0" regionsstable="1" regionsrebuilding="0"/>
  </mem-info>
</gc-end>
<cycle-end id="285" type="partial gc" contextid="277" timestamp="2019-06-16T01:53:36.242" />
  <attribute name="elasticGC enabled" value="1" />
  <attribute name= "numThreadsSpecified" value="4" />
  <attribute name="heapSize specified" value="0" />
  <attribute name="Current GC Util" value="39" />
  <attribute name= "Current Time Running" value="1545" />
  <attribute name ="GC Interval" value="0" />
  <attribute name="ProportionalT" value="28.500000" />
  <attribute name="ProportionalI" value="28.500000" />
  <attribute name="ProportionalH" value="28.500000" />
  <attribute name="Current Error" value="19.000000" />
  <attribute name="IntegralT" value="19.000000" />
  <attribute name="IntegralI" value="19.000000" />
  <attribute name="IntegralH" value="19.000000" />
  <attribute name="DerivativeT" value="19.000000" />
  <attribute name="DerivativeI" value="19.000000" />
  <attribute name="DerivativeH" value="19.000000" />
  <attribute name="Loop Time for DT" value="1.000000" />
  <attribute name="Output H" value="8388608"/>
  <attribute name="Output I" value="200"/>
  <attribute name="Output T" value="4"/>
  <attribute name="Target GC Util Change" value ="20.000000" />
  <attribute name="Current GC Util Change" value="39.000000"/>
  <attribute name="GC Util currently" value="39" />
  <attribute name="CPU Util currently" value="14673673141664" />
<exclusive-end id="286" timestamp="2019-06-16T01:53:36.242" durationms="4.755" />

<exclusive-start id="287" timestamp="2019-06-16T01:53:36.263" intervalms="25.604">
  <response-info timems="0.158" idlems="0.088" threads="1" lastid="0000000000D57D00" lastname="Thread-9" />
</exclusive-start>
<allocation-taxation id="288" taxation-threshold="20971520" timestamp="2019-06-16T01:53:36.263" intervalms="25.595" />
<cycle-start id="289" type="partial gc" contextid="0" timestamp="2019-06-16T01:53:36.264" intervalms="25.511" />
<gc-start id="290" type="partial gc" contextid="289" timestamp="2019-06-16T01:53:36.264">
  <mem-info id="291" free="13631488" total="57671680" percent="23">
    <mem type="eden" free="0" total="20971520" percent="0" />
    <remembered-set count="11520" freebytes="2256000" totalbytes="2302080" percent="97" regionsoverflowed="0" regionsstable="1" regionsrebuilding="0"/>
  </mem-info>
</gc-start>
<allocation-stats totalBytes="20968920" >
  <allocated-bytes non-tlh="0" tlh="20968920" arrayletleaf="0"/>
  <largest-consumer threadName="Thread-7" threadId="0000000000D5B900" bytes="6364416" />
</allocation-stats>
<gc-op id="292" type="copy forward" timems="2.635" contextid="289" timestamp="2019-06-16T01:53:36.267">
  <memory-copied type="eden" objects="4063" bytes="98856" bytesdiscarded="0" />
  <memory-copied type="other" objects="14849" bytes="631128" bytesdiscarded="0" />
  <memory-cardclean objects="7383" bytes="374080" />
  <regions eden="20" other="1" />
  <remembered-set-cleared processed="9895" cleared="730" durationms="0.162" />
  <stringconstants candidates="4597" cleared="0"  />
</gc-op>
<gc-op id="293" type="classunload" timems="0.003" contextid="289" timestamp="2019-06-16T01:53:36.267">
  <classunload-info classloadercandidates="8" classloadersunloaded="0" classesunloaded="0" anonymousclassesunloaded="0" quiescems="0.000" setupms="0.002" scanms="0.000" postms="0.000" />
</gc-op>
<heap-resize id="294" type="expand" space="default" amount="3145728" count="1" timems="0.075" reason="excessive time being spent in gc" timestamp="2019-06-16T01:53:36.267" />
<gc-end id="295" type="partial gc" contextid="289" durationms="3.588" usertimems="4.000" systemtimems="0.000" timestamp="2019-06-16T01:53:36.267" activeThreads="1">
  <mem-info id="296" free="36700160" total="60817408" percent="60">
    <mem type="eden" free="949720" total="1048576" percent="90" />
    <remembered-set count="12768" freebytes="2376576" totalbytes="2427648" percent="97" regionsoverflowed="0" regionsstable="1" regionsrebuilding="0"/>
  </mem-info>
</gc-end>
<cycle-end id="297" type="partial gc" contextid="289" timestamp="2019-06-16T01:53:36.267" />
  <attribute name="elasticGC enabled" value="1" />
  <attribute name= "numThreadsSpecified" value="1" />
  <attribute name="heapSize specified" value="0" />
  <attribute name="Current GC Util" value="39" />
  <attribute name= "Current Time Running" value="1570" />
  <attribute name ="GC Interval" value="0" />
  <attribute name="ProportionalT" value="28.500000" />
  <attribute name="ProportionalI" value="28.500000" />
  <attribute name="ProportionalH" value="28.500000" />
  <attribute name="Current Error" value="19.000000" />
  <attribute name="IntegralT" value="0.000000" />
  <attribute name="IntegralI" value="0.000000" />
  <attribute name="IntegralH" value="0.000000" />
  <attribute name="DerivativeT" value="inf" />
  <attribute name="DerivativeI" value="inf" />
  <attribute name="DerivativeH" value="inf" />
  <attribute name="Loop Time for DT" value="0.000000" />
  <attribute name="Output H" value="8388608"/>
  <attribute name="Output I" value="200"/>
  <attribute name="Output T" value="1"/>
  <attribute name="Target GC Util Change" value ="20.000000" />
  <attribute name="Current GC Util Change" value="39.000000"/>
  <attribute name="GC Util currently" value="39" />
  <attribute name="CPU Util currently" value="15881391182892" />
<exclusive-end id="298" timestamp="2019-06-16T01:53:36.268" durationms="4.376" />

<exclusive-start id="299" timestamp="2019-06-16T01:53:36.292" intervalms="28.394">
  <response-info timems="0.218" idlems="0.218" threads="0" lastid="0000000000D5B900" lastname="Thread-7" />
</exclusive-start>
<allocation-taxation id="300" taxation-threshold="22020096" timestamp="2019-06-16T01:53:36.292" intervalms="28.357" />
<cycle-start id="301" type="partial gc" contextid="0" timestamp="2019-06-16T01:53:36.292" intervalms="28.352" />
<gc-start id="302" type="partial gc" contextid="301" timestamp="2019-06-16T01:53:36.292">
  <mem-info id="303" free="14680064" total="60817408" percent="24">
    <mem type="eden" free="0" total="22020096" percent="0" />
    <remembered-set count="12288" freebytes="2378496" totalbytes="2427648" percent="97" regionsoverflowed="0" regionsstable="1" regionsrebuilding="0"/>
  </mem-info>
</gc-start>
<allocation-stats totalBytes="22017472" >
  <allocated-bytes non-tlh="0" tlh="22017472" arrayletleaf="0"/>
  <largest-consumer threadName="Thread-7" threadId="0000000000D5B900" bytes="6700328" />
</allocation-stats>
<gc-op id="304" type="copy forward" timems="2.365" contextid="301" timestamp="2019-06-16T01:53:36.295">
  <memory-copied type="eden" objects="9720" bytes="372016" bytesdiscarded="0" />
  <memory-copied type="other" objects="3814" bytes="91536" bytesdiscarded="0" />
  <memory-cardclean objects="9244" bytes="497920" />
  <regions eden="21" other="1" />
  <remembered-set-cleared processed="10617" cleared="519" durationms="0.171" />
  <stringconstants candidates="4597" cleared="0"  />
</gc-op>
<gc-op id="305" type="classunload" timems="0.003" contextid="301" timestamp="2019-06-16T01:53:36.295">
  <classunload-info classloadercandidates="8" classloadersunloaded="0" classesunloaded="0" anonymousclassesunloaded="0" quiescems="0.000" setupms="0.002" scanms="0.000" postms="0.000" />
</gc-op>
<heap-resize id="306" type="expand" space="default" amount="2097152" count="1" timems="0.072" reason="excessive time being spent in gc" timestamp="2019-06-16T01:53:36.296" />
<gc-end id="307" type="partial gc" contextid="301" durationms="3.584" usertimems="4.000" systemtimems="0.000" timestamp="2019-06-16T01:53:36.296" activeThreads="1">
  <mem-info id="308" free="37748736" total="62914560" percent="60">
    <mem type="eden" free="676560" total="1048576" percent="64" />
    <remembered-set count="13184" freebytes="2458624" totalbytes="2511360" percent="97" regionsoverflowed="0" regionsstable="1" regionsrebuilding="0"/>
  </mem-info>
</gc-end>
<cycle-end id="309" type="partial gc" contextid="301" timestamp="2019-06-16T01:53:36.296" />
  <attribute name="elasticGC enabled" value="1" />
  <attribute name= "numThreadsSpecified" value="1" />
  <attribute name="heapSize specified" value="0" />
  <attribute name="Current GC Util" value="41" />
  <attribute name= "Current Time Running" value="1598" />
  <attribute name ="GC Interval" value="0" />
  <attribute name="ProportionalT" value="31.500000" />
  <attribute name="ProportionalI" value="31.500000" />
  <attribute name="ProportionalH" value="31.500000" />
  <attribute name="Current Error" value="21.000000" />
  <attribute name="IntegralT" value="0.000000" />
  <attribute name="IntegralI" value="0.000000" />
  <attribute name="IntegralH" value="0.000000" />
  <attribute name="DerivativeT" value="inf" />
  <attribute name="DerivativeI" value="inf" />
  <attribute name="DerivativeH" value="inf" />
  <attribute name="Loop Time for DT" value="0.000000" />
  <attribute name="Output H" value="8388608"/>
  <attribute name="Output I" value="200"/>
  <attribute name="Output T" value="1"/>
  <attribute name="Target GC Util Change" value ="20.000000" />
  <attribute name="Current GC Util Change" value="41.000000"/>
  <attribute name="GC Util currently" value="41" />
  <attribute name="CPU Util currently" value="14610819509137" />
<exclusive-end id="310" timestamp="2019-06-16T01:53:36.296" durationms="4.453" />

<exclusive-start id="311" timestamp="2019-06-16T01:53:36.317" intervalms="25.571">
  <response-info timems="0.248" idlems="0.248" threads="0" lastid="0000000000D63100" lastname="Thread-8" />
</exclusive-start>
<allocation-taxation id="312" taxation-threshold="22020096" timestamp="2019-06-16T01:53:36.317" intervalms="25.545" />
<cycle-start id="313" type="partial gc" contextid="0" timestamp="2019-06-16T01:53:36.317" intervalms="25.538" />
<gc-start id="314" type="partial gc" contextid="313" timestamp="2019-06-16T01:53:36.318">
  <mem-info id="315" free="15728640" total="62914560" percent="25">
    <mem type="eden" free="0" total="22020096" percent="0" />
    <remembered-set count="13088" freebytes="2459008" totalbytes="2511360" percent="97" regionsoverflowed="0" regionsstable="1" regionsrebuilding="0"/>
  </mem-info>
</gc-start>
<allocation-stats totalBytes="22017200" >
  <allocated-bytes non-tlh="0" tlh="22017200" arrayletleaf="0"/>
  <largest-consumer threadName="Thread-7" threadId="0000000000D5B900" bytes="6008104" />
</allocation-stats>
<gc-op id="316" type="copy forward" timems="2.102" contextid="313" timestamp="2019-06-16T01:53:36.320">
  <memory-copied type="eden" objects="3567" bytes="87192" bytesdiscarded="0" />
  <memory-copied type="other" objects="9463" bytes="364488" bytesdiscarded="0" />
  <memory-cardclean objects="7838" bytes="391696" />
  <regions eden="21" other="1" />
  <remembered-set-cleared processed="11445" cleared="767" durationms="0.163" />
  <stringconstants candidates="4597" cleared="0"  />
</gc-op>
<gc-op id="317" type="classunload" timems="0.002" contextid="313" timestamp="2019-06-16T01:53:36.320">
  <classunload-info classloadercandidates="8" classloadersunloaded="0" classesunloaded="0" anonymousclassesunloaded="0" quiescems="0.000" setupms="0.002" scanms="0.000" postms="0.000" />
</gc-op>
<heap-resize id="318" type="expand" space="default" amount="3145728" count="1" timems="0.262" reason="excessive time being spent in gc" timestamp="2019-06-16T01:53:36.321" />
<gc-end id="319" type="partial gc" contextid="313" durationms="3.258" usertimems="4.000" systemtimems="0.000" timestamp="2019-06-16T01:53:36.321" activeThreads="1">
  <mem-info id="320" free="39845888" total="66060288" percent="60">
    <mem type="eden" free="961384" total="1048576" percent="91" />
    <remembered-set count="14304" freebytes="2579712" totalbytes="2636928" percent="97" regionsoverflowed="0" regionsstable="1" regionsrebuilding="0"/>
  </mem-info>
</gc-end>
<cycle-end id="321" type="partial gc" contextid="313" timestamp="2019-06-16T01:53:36.321" />
  <attribute name="elasticGC enabled" value="1" />
  <attribute name= "numThreadsSpecified" value="1" />
  <attribute name="heapSize specified" value="0" />
  <attribute name="Current GC Util" value="41" />
  <attribute name= "Current Time Running" value="1624" />
  <attribute name ="GC Interval" value="0" />
  <attribute name="ProportionalT" value="31.500000" />
  <attribute name="ProportionalI" value="31.500000" />
  <attribute name="ProportionalH" value="31.500000" />
  <attribute name="Current Error" value="21.000000" />
  <attribute name="IntegralT" value="0.000000" />
  <attribute name="IntegralI" value="0.000000" />
  <attribute name="IntegralH" value="0.000000" />
  <attribute name="DerivativeT" value="inf" />
  <attribute name="DerivativeI" value="inf" />
  <attribute name="DerivativeH" value="inf" />
  <attribute name="Loop Time for DT" value="0.000000" />
  <attribute name="Output H" value="8388608"/>
  <attribute name="Output I" value="200"/>
  <attribute name="Output T" value="1"/>
  <attribute name="Target GC Util Change" value ="20.000000" />
  <attribute name="Current GC Util Change" value="41.000000"/>
  <attribute name="GC Util currently" value="41" />
  <attribute name="CPU Util currently" value="16980510906923" />
<exclusive-end id="322" timestamp="2019-06-16T01:53:36.321" durationms="3.772" />

<exclusive-start id="323" timestamp="2019-06-16T01:53:36.344" intervalms="27.065">
  <response-info timems="0.166" idlems="0.166" threads="0" lastid="0000000000D63100" lastname="Thread-8" />
</exclusive-start>
<allocation-taxation id="324" taxation-threshold="23068672" timestamp="2019-06-16T01:53:36.344" intervalms="27.068" />
<cycle-start id="325" type="partial gc" contextid="0" timestamp="2019-06-16T01:53:36.344" intervalms="27.066" />
<gc-start id="326" type="partial gc" contextid="325" timestamp="2019-06-16T01:53:36.345">
  <mem-info id="327" free="16777216" total="66060288" percent="25">
    <mem type="eden" free="0" total="23068672" percent="0" />
    <remembered-set count="13856" freebytes="2581504" totalbytes="2636928" percent="97" regionsoverflowed="0" regionsstable="1" regionsrebuilding="0"/>
  </mem-info>
</gc-start>
<allocation-stats totalBytes="23065928" >
  <allocated-bytes non-tlh="0" tlh="23065928" arrayletleaf="0"/>
  <largest-consumer threadName="Thread-10" threadId="0000000000D5F500" bytes="7527560" />
</allocation-stats>
<gc-op id="328" type="copy forward" timems="2.127" contextid="325" timestamp="2019-06-16T01:53:36.347">
  <memory-copied type="eden" objects="9371" bytes="363624" bytesdiscarded="0" />
  <memory-copied type="other" objects="3252" bytes="78048" bytesdiscarded="0" />
  <memory-cardclean objects="7736" bytes="406192" />
  <regions eden="22" other="1" />
  <remembered-set-cleared processed="12206" cleared="634" durationms="0.166" />
  <stringconstants candidates="4597" cleared="0"  />
</gc-op>
<gc-op id="329" type="classunload" timems="0.002" contextid="325" timestamp="2019-06-16T01:53:36.348">
  <classunload-info classloadercandidates="8" classloadersunloaded="0" classesunloaded="0" anonymousclassesunloaded="0" quiescems="0.000" setupms="0.002" scanms="0.000" postms="0.000" />
</gc-op>
<heap-resize id="330" type="expand" space="default" amount="2097152" count="1" timems="0.060" reason="excessive time being spent in gc" timestamp="2019-06-16T01:53:36.348" />
<gc-end id="331" type="partial gc" contextid="325" durationms="3.236" usertimems="4.000" systemtimems="0.000" timestamp="2019-06-16T01:53:36.348" activeThreads="1">
  <mem-info id="332" free="40894464" total="68157440" percent="60">
    <mem type="eden" free="684952" total="1048576" percent="65" />
    <remembered-set count="14720" freebytes="2661760" totalbytes="2720640" percent="97" regionsoverflowed="0" regionsstable="1" regionsrebuilding="0"/>
  </mem-info>
</gc-end>
<cycle-end id="333" type="partial gc" contextid="325" timestamp="2019-06-16T01:53:36.348" />
  <attribute name="elasticGC enabled" value="1" />
  <attribute name= "numThreadsSpecified" value="1" />
  <attribute name="heapSize specified" value="0" />
  <attribute name="Current GC Util" value="40" />
  <attribute name= "Current Time Running" value="1651" />
  <attribute name ="GC Interval" value="0" />
  <attribute name="ProportionalT" value="30.000000" />
  <attribute name="ProportionalI" value="30.000000" />
  <attribute name="ProportionalH" value="30.000000" />
  <attribute name="Current Error" value="20.000000" />
  <attribute name="IntegralT" value="0.000000" />
  <attribute name="IntegralI" value="0.000000" />
  <attribute name="IntegralH" value="0.000000" />
  <attribute name="DerivativeT" value="inf" />
  <attribute name="DerivativeI" value="inf" />
  <attribute name="DerivativeH" value="inf" />
  <attribute name="Loop Time for DT" value="0.000000" />
  <attribute name="Output H" value="8388608"/>
  <attribute name="Output I" value="200"/>
  <attribute name="Output T" value="1"/>
  <attribute name="Target GC Util Change" value ="20.000000" />
  <attribute name="Current GC Util Change" value="40.000000"/>
  <attribute name="GC Util currently" value="40" />
  <attribute name="CPU Util currently" value="15808712577217" />
<exclusive-end id="334" timestamp="2019-06-16T01:53:36.348" durationms="3.994" />

<exclusive-start id="335" timestamp="2019-06-16T01:53:36.371" intervalms="26.394">
  <response-info timems="0.357" idlems="0.357" threads="0" lastid="0000000000D5F500" lastname="Thread-10" />
</exclusive-start>
<allocation-taxation id="336" taxation-threshold="24117248" timestamp="2019-06-16T01:53:36.371" intervalms="26.414" />
<cycle-start id="337" type="partial gc" contextid="0" timestamp="2019-06-16T01:53:36.371" intervalms="26.398" />
<gc-start id="338" type="partial gc" contextid="337" timestamp="2019-06-16T01:53:36.371">
  <mem-info id="339" free="16777216" total="68157440" percent="24">
    <mem type="eden" free="0" total="24117248" percent="0" />
    <remembered-set count="14528" freebytes="2662528" totalbytes="2720640" percent="97" regionsoverflowed="0" regionsstable="1" regionsrebuilding="0"/>
  </mem-info>
</gc-start>
<allocation-stats totalBytes="24114256" >
  <allocated-bytes non-tlh="0" tlh="24114256" arrayletleaf="0"/>
  <largest-consumer threadName="Thread-10" threadId="0000000000D5F500" bytes="7187488" />
</allocation-stats>
<gc-op id="340" type="copy forward" timems="2.034" contextid="337" timestamp="2019-06-16T01:53:36.374">
  <memory-copied type="eden" objects="3065" bytes="74592" bytesdiscarded="0" />
  <memory-copied type="other" objects="9092" bytes="355584" bytesdiscarded="0" />
  <memory-cardclean objects="6103" bytes="309136" />
  <regions eden="23" other="1" />
  <remembered-set-cleared processed="13003" cleared="636" durationms="0.177" />
  <stringconstants candidates="4597" cleared="0"  />
</gc-op>
<gc-op id="341" type="classunload" timems="0.002" contextid="337" timestamp="2019-06-16T01:53:36.374">
  <classunload-info classloadercandidates="8" classloadersunloaded="0" classesunloaded="0" anonymousclassesunloaded="0" quiescems="0.000" setupms="0.002" scanms="0.000" postms="0.000" />
</gc-op>
<heap-resize id="342" type="expand" space="default" amount="3145728" count="1" timems="0.066" reason="excessive time being spent in gc" timestamp="2019-06-16T01:53:36.374" />
<gc-end id="343" type="partial gc" contextid="337" durationms="3.118" usertimems="8.000" systemtimems="0.000" timestamp="2019-06-16T01:53:36.374" activeThreads="1">
  <mem-info id="344" free="42991616" total="71303168" percent="60">
    <mem type="eden" free="973984" total="1048576" percent="92" />
    <remembered-set count="15552" freebytes="2784000" totalbytes="2846208" percent="97" regionsoverflowed="0" regionsstable="1" regionsrebuilding="0"/>
  </mem-info>
</gc-end>
<cycle-end id="345" type="partial gc" contextid="337" timestamp="2019-06-16T01:53:36.374" />
  <attribute name="elasticGC enabled" value="1" />
  <attribute name= "numThreadsSpecified" value="1" />
  <attribute name="heapSize specified" value="0" />
  <attribute name="Current GC Util" value="46" />
  <attribute name= "Current Time Running" value="1677" />
  <attribute name ="GC Interval" value="0" />
  <attribute name="ProportionalT" value="39.000000" />
  <attribute name="ProportionalI" value="39.000000" />
  <attribute name="ProportionalH" value="39.000000" />
  <attribute name="Current Error" value="26.000000" />
  <attribute name="IntegralT" value="0.000000" />
  <attribute name="IntegralI" value="0.000000" />
  <attribute name="IntegralH" value="0.000000" />
  <attribute name="DerivativeT" value="inf" />
  <attribute name="DerivativeI" value="inf" />
  <attribute name="DerivativeH" value="inf" />
  <attribute name="Loop Time for DT" value="0.000000" />
  <attribute name="Output H" value="8388608"/>
  <attribute name="Output I" value="200"/>
  <attribute name="Output T" value="1"/>
  <attribute name="Target GC Util Change" value ="20.000000" />
  <attribute name="Current GC Util Change" value="46.000000"/>
  <attribute name="GC Util currently" value="46" />
  <attribute name="CPU Util currently" value="15841838821062" />
<exclusive-end id="346" timestamp="2019-06-16T01:53:36.374" durationms="3.714" />

<exclusive-start id="347" timestamp="2019-06-16T01:53:36.399" intervalms="27.867">
  <response-info timems="0.273" idlems="0.147" threads="1" lastid="0000000000D57D00" lastname="Thread-9" />
</exclusive-start>
<allocation-taxation id="348" taxation-threshold="24117248" timestamp="2019-06-16T01:53:36.399" intervalms="27.898" />
<cycle-start id="349" type="partial gc" contextid="0" timestamp="2019-06-16T01:53:36.399" intervalms="28.041" />
<gc-start id="350" type="partial gc" contextid="349" timestamp="2019-06-16T01:53:36.399">
  <mem-info id="351" free="18874368" total="71303168" percent="26">
    <mem type="eden" free="0" total="24117248" percent="0" />
    <remembered-set count="15264" freebytes="2785152" totalbytes="2846208" percent="97" regionsoverflowed="0" regionsstable="1" regionsrebuilding="0"/>
  </mem-info>
</gc-start>
<allocation-stats totalBytes="24114312" >
  <allocated-bytes non-tlh="0" tlh="24114312" arrayletleaf="0"/>
  <largest-consumer threadName="Thread-10" threadId="0000000000D5F500" bytes="7253048" />
</allocation-stats>
<gc-op id="352" type="copy forward" timems="1.553" contextid="349" timestamp="2019-06-16T01:53:36.401">
  <memory-copied type="eden" objects="2355" bytes="57512" bytesdiscarded="0" />
  <memory-copied type="other" objects="2868" bytes="68832" bytesdiscarded="0" />
  <memory-cardclean objects="7424" bytes="387496" />
  <regions eden="23" other="1" />
  <remembered-set-cleared processed="13623" cleared="621" durationms="0.178" />
  <stringconstants candidates="4597" cleared="0"  />
</gc-op>
<gc-op id="353" type="classunload" timems="0.002" contextid="349" timestamp="2019-06-16T01:53:36.401">
  <classunload-info classloadercandidates="8" classloadersunloaded="0" classesunloaded="0" anonymousclassesunloaded="0" quiescems="0.000" setupms="0.002" scanms="0.000" postms="0.000" />
</gc-op>
<heap-resize id="354" type="expand" space="default" amount="2097152" count="1" timems="0.060" reason="excessive time being spent in gc" timestamp="2019-06-16T01:53:36.401" />
<gc-end id="355" type="partial gc" contextid="349" durationms="2.405" usertimems="0.000" systemtimems="4.000" timestamp="2019-06-16T01:53:36.402" activeThreads="1">
  <mem-info id="356" free="44040192" total="73400320" percent="60">
    <mem type="eden" free="991064" total="1048576" percent="94" />
    <remembered-set count="16128" freebytes="2865408" totalbytes="2929920" percent="97" regionsoverflowed="0" regionsstable="1" regionsrebuilding="0"/>
  </mem-info>
</gc-end>
<cycle-end id="357" type="partial gc" contextid="349" timestamp="2019-06-16T01:53:36.402" />
  <attribute name="elasticGC enabled" value="1" />
  <attribute name= "numThreadsSpecified" value="1" />
  <attribute name="heapSize specified" value="0" />
  <attribute name="Current GC Util" value="43" />
  <attribute name= "Current Time Running" value="1705" />
  <attribute name ="GC Interval" value="0" />
  <attribute name="ProportionalT" value="34.500000" />
  <attribute name="ProportionalI" value="34.500000" />
  <attribute name="ProportionalH" value="34.500000" />
  <attribute name="Current Error" value="23.000000" />
  <attribute name="IntegralT" value="0.000000" />
  <attribute name="IntegralI" value="0.000000" />
  <attribute name="IntegralH" value="0.000000" />
  <attribute name="DerivativeT" value="inf" />
  <attribute name="DerivativeI" value="inf" />
  <attribute name="DerivativeH" value="inf" />
  <attribute name="Loop Time for DT" value="0.000000" />
  <attribute name="Output H" value="8388608"/>
  <attribute name="Output I" value="200"/>
  <attribute name="Output T" value="1"/>
  <attribute name="Target GC Util Change" value ="20.000000" />
  <attribute name="Current GC Util Change" value="43.000000"/>
  <attribute name="GC Util currently" value="43" />
  <attribute name="CPU Util currently" value="20661305422157" />
<exclusive-end id="358" timestamp="2019-06-16T01:53:36.402" durationms="3.217" />

<exclusive-start id="359" timestamp="2019-06-16T01:53:36.429" intervalms="30.402">
  <response-info timems="0.035" idlems="0.035" threads="0" lastid="0000000000D57D00" lastname="Thread-9" />
</exclusive-start>
<allocation-taxation id="360" taxation-threshold="25165824" timestamp="2019-06-16T01:53:36.429" intervalms="30.391" />
<cycle-start id="361" type="partial gc" contextid="0" timestamp="2019-06-16T01:53:36.429" intervalms="30.263" />
<gc-start id="362" type="partial gc" contextid="361" timestamp="2019-06-16T01:53:36.429">
  <mem-info id="363" free="18874368" total="73400320" percent="25">
    <mem type="eden" free="0" total="25165824" percent="0" />
    <remembered-set count="15744" freebytes="2866944" totalbytes="2929920" percent="97" regionsoverflowed="0" regionsstable="2" regionsrebuilding="0"/>
  </mem-info>
</gc-start>
<allocation-stats totalBytes="25162672" >
  <allocated-bytes non-tlh="0" tlh="25162672" arrayletleaf="0"/>
  <largest-consumer threadName="Thread-10" threadId="0000000000D5F500" bytes="8739816" />
</allocation-stats>
<gc-op id="364" type="copy forward" timems="2.050" contextid="361" timestamp="2019-06-16T01:53:36.432">
  <memory-copied type="eden" objects="10164" bytes="382816" bytesdiscarded="26176" />
  <memory-copied type="other" objects="2159" bytes="51816" bytesdiscarded="2504" />
  <memory-cardclean objects="7394" bytes="370720" />
  <regions eden="24" other="1" />
  <remembered-set-cleared processed="14267" cleared="824" durationms="0.135" />
  <stringconstants candidates="4597" cleared="0"  />
</gc-op>
<gc-op id="365" type="classunload" timems="0.002" contextid="361" timestamp="2019-06-16T01:53:36.432">
  <classunload-info classloadercandidates="8" classloadersunloaded="0" classesunloaded="0" anonymousclassesunloaded="0" quiescems="0.000" setupms="0.002" scanms="0.000" postms="0.000" />
</gc-op>
<gc-end id="366" type="partial gc" contextid="361" durationms="3.198" usertimems="4.000" systemtimems="4.000" timestamp="2019-06-16T01:53:36.433" activeThreads="4">
  <mem-info id="367" free="42991616" total="73400320" percent="58">
    <mem type="eden" free="639584" total="1048576" percent="60" />
    <remembered-set count="17504" freebytes="2859904" totalbytes="2929920" percent="97" regionsoverflowed="0" regionsstable="2" regionsrebuilding="0"/>
  </mem-info>
</gc-end>
<cycle-end id="368" type="partial gc" contextid="361" timestamp="2019-06-16T01:53:36.433" />
  <attribute name="elasticGC enabled" value="1" />
  <attribute name= "numThreadsSpecified" value="4" />
  <attribute name="heapSize specified" value="0" />
  <attribute name="Current GC Util" value="42" />
  <attribute name= "Current Time Running" value="1736" />
  <attribute name ="GC Interval" value="0" />
  <attribute name="ProportionalT" value="33.000000" />
  <attribute name="ProportionalI" value="33.000000" />
  <attribute name="ProportionalH" value="33.000000" />
  <attribute name="Current Error" value="22.000000" />
  <attribute name="IntegralT" value="22.000000" />
  <attribute name="IntegralI" value="22.000000" />
  <attribute name="IntegralH" value="22.000000" />
  <attribute name="DerivativeT" value="22.000000" />
  <attribute name="DerivativeI" value="22.000000" />
  <attribute name="DerivativeH" value="22.000000" />
  <attribute name="Loop Time for DT" value="1.000000" />
  <attribute name="Output H" value="8388608"/>
  <attribute name="Output I" value="200"/>
  <attribute name="Output T" value="4"/>
  <attribute name="Target GC Util Change" value ="20.000000" />
  <attribute name="Current GC Util Change" value="42.000000"/>
  <attribute name="GC Util currently" value="42" />
  <attribute name="CPU Util currently" value="16837607580297" />
<exclusive-end id="369" timestamp="2019-06-16T01:53:36.433" durationms="4.048" />

<exclusive-start id="370" timestamp="2019-06-16T01:53:36.458" intervalms="28.907">
  <response-info timems="0.540" idlems="0.540" threads="0" lastid="0000000000D5B900" lastname="Thread-7" />
</exclusive-start>
<allocation-taxation id="371" taxation-threshold="25165824" timestamp="2019-06-16T01:53:36.458" intervalms="28.997" />
<cycle-start id="372" type="partial gc" contextid="0" timestamp="2019-06-16T01:53:36.458" intervalms="29.041" />
<gc-start id="373" type="partial gc" contextid="372" timestamp="2019-06-16T01:53:36.458">
  <mem-info id="374" free="17825792" total="73400320" percent="24">
    <mem type="eden" free="0" total="25165824" percent="0" />
    <remembered-set count="17440" freebytes="2860160" totalbytes="2929920" percent="97" regionsoverflowed="0" regionsstable="2" regionsrebuilding="0"/>
  </mem-info>
</gc-start>
<allocation-stats totalBytes="25162856" >
  <allocated-bytes non-tlh="0" tlh="25162856" arrayletleaf="0"/>
  <largest-consumer threadName="Thread-9" threadId="0000000000D57D00" bytes="7331016" />
</allocation-stats>
<gc-op id="375" type="copy forward" timems="2.739" contextid="372" timestamp="2019-06-16T01:53:36.462">
  <memory-copied type="eden" objects="26497" bytes="1049624" bytesdiscarded="28280" />
  <memory-copied type="other" objects="9878" bytes="374448" bytesdiscarded="5808" />
  <memory-cardclean objects="6335" bytes="331600" />
  <regions eden="24" other="1" />
  <remembered-set-cleared processed="14917" cleared="902" durationms="0.127" />
  <stringconstants candidates="4597" cleared="0"  />
</gc-op>
<gc-op id="376" type="classunload" timems="0.003" contextid="372" timestamp="2019-06-16T01:53:36.462">
  <classunload-info classloadercandidates="8" classloadersunloaded="0" classesunloaded="0" anonymousclassesunloaded="0" quiescems="0.000" setupms="0.002" scanms="0.000" postms="0.000" />
</gc-op>
<gc-end id="377" type="partial gc" contextid="372" durationms="3.798" usertimems="8.000" systemtimems="0.000" timestamp="2019-06-16T01:53:36.462" activeThreads="4">
  <mem-info id="378" free="40894464" total="73400320" percent="55">
    <mem type="eden" free="1019248" total="2097152" percent="48" />
    <remembered-set count="18176" freebytes="2857216" totalbytes="2929920" percent="97" regionsoverflowed="0" regionsstable="2" regionsrebuilding="0"/>
  </mem-info>
</gc-end>
<cycle-end id="379" type="partial gc" contextid="372" timestamp="2019-06-16T01:53:36.462" />
  <attribute name="elasticGC enabled" value="1" />
  <attribute name= "numThreadsSpecified" value="4" />
  <attribute name="heapSize specified" value="0" />
  <attribute name="Current GC Util" value="32" />
  <attribute name= "Current Time Running" value="1765" />
  <attribute name ="GC Interval" value="0" />
  <attribute name="ProportionalT" value="18.000000" />
  <attribute name="ProportionalI" value="18.000000" />
  <attribute name="ProportionalH" value="18.000000" />
  <attribute name="Current Error" value="12.000000" />
  <attribute name="IntegralT" value="12.000000" />
  <attribute name="IntegralI" value="12.000000" />
  <attribute name="IntegralH" value="12.000000" />
  <attribute name="DerivativeT" value="12.000000" />
  <attribute name="DerivativeI" value="12.000000" />
  <attribute name="DerivativeH" value="12.000000" />
  <attribute name="Loop Time for DT" value="1.000000" />
  <attribute name="Output H" value="8388608"/>
  <attribute name="Output I" value="200"/>
  <attribute name="Output T" value="4"/>
  <attribute name="Target GC Util Change" value ="20.000000" />
  <attribute name="Current GC Util Change" value="32.000000"/>
  <attribute name="GC Util currently" value="32" />
  <attribute name="CPU Util currently" value="18447555753574" />
<exclusive-end id="380" timestamp="2019-06-16T01:53:36.463" durationms="4.745" />

<exclusive-start id="381" timestamp="2019-06-16T01:53:36.487" intervalms="28.811">
  <response-info timems="0.030" idlems="0.016" threads="1" lastid="0000000000D5F500" lastname="Thread-10" />
</exclusive-start>
<allocation-taxation id="382" taxation-threshold="25165824" timestamp="2019-06-16T01:53:36.487" intervalms="28.757" />
<cycle-start id="383" type="partial gc" contextid="0" timestamp="2019-06-16T01:53:36.487" intervalms="28.815" />
<gc-start id="384" type="partial gc" contextid="383" timestamp="2019-06-16T01:53:36.487">
  <mem-info id="385" free="15728640" total="73400320" percent="21">
    <mem type="eden" free="0" total="25165824" percent="0" />
    <remembered-set count="18016" freebytes="2857856" totalbytes="2929920" percent="97" regionsoverflowed="0" regionsstable="2" regionsrebuilding="0"/>
  </mem-info>
</gc-start>
<allocation-stats totalBytes="25162776" >
  <allocated-bytes non-tlh="0" tlh="25162776" arrayletleaf="0"/>
  <largest-consumer threadName="Thread-8" threadId="0000000000D63100" bytes="7044360" />
</allocation-stats>
<gc-op id="386" type="copy forward" timems="2.618" contextid="383" timestamp="2019-06-16T01:53:36.491">
  <memory-copied type="eden" objects="13884" bytes="609072" bytesdiscarded="26312" />
  <memory-copied type="other" objects="18058" bytes="708144" bytesdiscarded="22160" />
  <memory-cardclean objects="5686" bytes="319912" />
  <regions eden="24" other="2" />
  <remembered-set-cleared processed="15757" cleared="569" durationms="0.130" />
  <stringconstants candidates="4597" cleared="0"  />
</gc-op>
<gc-op id="387" type="classunload" timems="0.002" contextid="383" timestamp="2019-06-16T01:53:36.491">
  <classunload-info classloadercandidates="8" classloadersunloaded="0" classesunloaded="0" anonymousclassesunloaded="0" quiescems="0.000" setupms="0.002" scanms="0.000" postms="0.000" />
</gc-op>
<heap-resize id="388" type="expand" space="default" amount="8388608" count="1" timems="0.096" reason="excessive time being spent in gc" timestamp="2019-06-16T01:53:36.491" />
<gc-end id="389" type="partial gc" contextid="383" durationms="3.873" usertimems="4.000" systemtimems="0.000" timestamp="2019-06-16T01:53:36.491" activeThreads="4">
  <mem-info id="390" free="49283072" total="81788928" percent="60">
    <mem type="eden" free="413192" total="1048576" percent="39" />
    <remembered-set count="18336" freebytes="3191424" totalbytes="3264768" percent="97" regionsoverflowed="0" regionsstable="2" regionsrebuilding="0"/>
  </mem-info>
</gc-end>
<cycle-end id="391" type="partial gc" contextid="383" timestamp="2019-06-16T01:53:36.491" />
  <attribute name="elasticGC enabled" value="1" />
  <attribute name= "numThreadsSpecified" value="4" />
  <attribute name="heapSize specified" value="0" />
  <attribute name="Current GC Util" value="37" />
  <attribute name= "Current Time Running" value="1794" />
  <attribute name ="GC Interval" value="0" />
  <attribute name="ProportionalT" value="25.500000" />
  <attribute name="ProportionalI" value="25.500000" />
  <attribute name="ProportionalH" value="25.500000" />
  <attribute name="Current Error" value="17.000000" />
  <attribute name="IntegralT" value="17.000000" />
  <attribute name="IntegralI" value="17.000000" />
  <attribute name="IntegralH" value="17.000000" />
  <attribute name="DerivativeT" value="17.000000" />
  <attribute name="DerivativeI" value="17.000000" />
  <attribute name="DerivativeH" value="17.000000" />
  <attribute name="Loop Time for DT" value="1.000000" />
  <attribute name="Output H" value="8388608"/>
  <attribute name="Output I" value="200"/>
  <attribute name="Output T" value="4"/>
  <attribute name="Target GC Util Change" value ="20.000000" />
  <attribute name="Current GC Util Change" value="37.000000"/>
  <attribute name="GC Util currently" value="37" />
  <attribute name="CPU Util currently" value="20722301424613" />
<exclusive-end id="392" timestamp="2019-06-16T01:53:36.492" durationms="4.980" />

<exclusive-start id="393" timestamp="2019-06-16T01:53:36.546" intervalms="58.898">
  <response-info timems="0.038" idlems="0.038" threads="0" lastid="0000000000D63100" lastname="Thread-8" />
</exclusive-start>
<allocation-taxation id="394" taxation-threshold="27262976" timestamp="2019-06-16T01:53:36.546" intervalms="58.901" />
<cycle-start id="395" type="partial gc" contextid="0" timestamp="2019-06-16T01:53:36.546" intervalms="58.823" />
<gc-start id="396" type="partial gc" contextid="395" timestamp="2019-06-16T01:53:36.546">
  <mem-info id="397" free="22020096" total="81788928" percent="26">
    <mem type="eden" free="0" total="27262976" percent="0" />
    <remembered-set count="18272" freebytes="3191680" totalbytes="3264768" percent="97" regionsoverflowed="0" regionsstable="2" regionsrebuilding="0"/>
  </mem-info>
</gc-start>
<allocation-stats totalBytes="27259584" >
  <allocated-bytes non-tlh="0" tlh="27259584" arrayletleaf="0"/>
  <largest-consumer threadName="Thread-8" threadId="0000000000D63100" bytes="8154168" />
</allocation-stats>
<gc-op id="398" type="copy forward" timems="2.783" contextid="395" timestamp="2019-06-16T01:53:36.550">
  <memory-copied type="eden" objects="2807" bytes="68840" bytesdiscarded="17280" />
  <memory-copied type="other" objects="31720" bytes="1310784" bytesdiscarded="50928" />
  <memory-cardclean objects="5367" bytes="285976" />
  <regions eden="26" other="2" />
  <remembered-set-cleared processed="15898" cleared="710" durationms="0.134" />
  <stringconstants candidates="4597" cleared="0"  />
</gc-op>
<gc-op id="399" type="classunload" timems="0.003" contextid="395" timestamp="2019-06-16T01:53:36.550">
  <classunload-info classloadercandidates="8" classloadersunloaded="0" classesunloaded="0" anonymousclassesunloaded="0" quiescems="0.000" setupms="0.002" scanms="0.000" postms="0.000" />
</gc-op>
<gc-end id="400" type="partial gc" contextid="395" durationms="3.806" usertimems="8.000" systemtimems="0.000" timestamp="2019-06-16T01:53:36.550" activeThreads="4">
  <mem-info id="401" free="48234496" total="81788928" percent="58">
    <mem type="eden" free="962456" total="1048576" percent="91" />
    <remembered-set count="20384" freebytes="3183232" totalbytes="3264768" percent="97" regionsoverflowed="0" regionsstable="2" regionsrebuilding="0"/>
  </mem-info>
</gc-end>
<cycle-end id="402" type="partial gc" contextid="395" timestamp="2019-06-16T01:53:36.550" />
  <attribute name="elasticGC enabled" value="1" />
  <attribute name= "numThreadsSpecified" value="4" />
  <attribute name="heapSize specified" value="0" />
  <attribute name="Current GC Util" value="37" />
  <attribute name= "Current Time Running" value="1853" />
  <attribute name ="GC Interval" value="0" />
  <attribute name="ProportionalT" value="25.500000" />
  <attribute name="ProportionalI" value="25.500000" />
  <attribute name="ProportionalH" value="25.500000" />
  <attribute name="Current Error" value="17.000000" />
  <attribute name="IntegralT" value="17.000000" />
  <attribute name="IntegralI" value="17.000000" />
  <attribute name="IntegralH" value="17.000000" />
  <attribute name="DerivativeT" value="17.000000" />
  <attribute name="DerivativeI" value="17.000000" />
  <attribute name="DerivativeH" value="17.000000" />
  <attribute name="Loop Time for DT" value="1.000000" />
  <attribute name="Output H" value="8388608"/>
  <attribute name="Output I" value="200"/>
  <attribute name="Output T" value="4"/>
  <attribute name="Target GC Util Change" value ="20.000000" />
  <attribute name="Current GC Util Change" value="37.000000"/>
  <attribute name="GC Util currently" value="37" />
  <attribute name="CPU Util currently" value="17780816905310" />
<exclusive-end id="403" timestamp="2019-06-16T01:53:36.550" durationms="4.774" />

<exclusive-start id="404" timestamp="2019-06-16T01:53:36.607" intervalms="61.512">
  <response-info timems="0.235" idlems="0.145" threads="1" lastid="0000000000D63100" lastname="Thread-8" />
</exclusive-start>
<allocation-taxation id="405" taxation-threshold="27262976" timestamp="2019-06-16T01:53:36.607" intervalms="61.524" />
<cycle-start id="406" type="partial gc" contextid="0" timestamp="2019-06-16T01:53:36.607" intervalms="61.519" />
<gc-start id="407" type="partial gc" contextid="406" timestamp="2019-06-16T01:53:36.608">
  <mem-info id="408" free="20971520" total="81788928" percent="25">
    <mem type="eden" free="0" total="27262976" percent="0" />
    <remembered-set count="19936" freebytes="3185024" totalbytes="3264768" percent="97" regionsoverflowed="0" regionsstable="2" regionsrebuilding="0"/>
  </mem-info>
</gc-start>
<allocation-stats totalBytes="27259736" >
  <allocated-bytes non-tlh="0" tlh="27259736" arrayletleaf="0"/>
  <largest-consumer threadName="Thread-8" threadId="0000000000D63100" bytes="8027192" />
</allocation-stats>
<gc-op id="409" type="copy forward" timems="1.591" contextid="406" timestamp="2019-06-16T01:53:36.610">
  <memory-copied type="eden" objects="2172" bytes="53464" bytesdiscarded="0" />
  <memory-copied type="other" objects="2499" bytes="59976" bytesdiscarded="0" />
  <memory-cardclean objects="6436" bytes="377944" />
  <regions eden="26" other="1" />
  <remembered-set-cleared processed="16990" cleared="533" durationms="0.210" />
  <stringconstants candidates="4597" cleared="0"  />
</gc-op>
<gc-op id="410" type="classunload" timems="0.002" contextid="406" timestamp="2019-06-16T01:53:36.610">
  <classunload-info classloadercandidates="8" classloadersunloaded="0" classesunloaded="0" anonymousclassesunloaded="0" quiescems="0.000" setupms="0.002" scanms="0.000" postms="0.000" />
</gc-op>
<gc-end id="411" type="partial gc" contextid="406" durationms="2.420" usertimems="4.000" systemtimems="4.000" timestamp="2019-06-16T01:53:36.610" activeThreads="1">
  <mem-info id="412" free="47185920" total="81788928" percent="57">
    <mem type="eden" free="995112" total="1048576" percent="94" />
    <remembered-set count="21408" freebytes="3179136" totalbytes="3264768" percent="97" regionsoverflowed="0" regionsstable="2" regionsrebuilding="0"/>
  </mem-info>
</gc-end>
<cycle-end id="413" type="partial gc" contextid="406" timestamp="2019-06-16T01:53:36.610" />
  <attribute name="elasticGC enabled" value="1" />
  <attribute name= "numThreadsSpecified" value="1" />
  <attribute name="heapSize specified" value="0" />
  <attribute name="Current GC Util" value="45" />
  <attribute name= "Current Time Running" value="1914" />
  <attribute name ="GC Interval" value="0" />
  <attribute name="ProportionalT" value="37.500000" />
  <attribute name="ProportionalI" value="37.500000" />
  <attribute name="ProportionalH" value="37.500000" />
  <attribute name="Current Error" value="25.000000" />
  <attribute name="IntegralT" value="0.000000" />
  <attribute name="IntegralI" value="0.000000" />
  <attribute name="IntegralH" value="0.000000" />
  <attribute name="DerivativeT" value="inf" />
  <attribute name="DerivativeI" value="inf" />
  <attribute name="DerivativeH" value="inf" />
  <attribute name="Loop Time for DT" value="0.000000" />
  <attribute name="Output H" value="8388608"/>
  <attribute name="Output I" value="200"/>
  <attribute name="Output T" value="1"/>
  <attribute name="Target GC Util Change" value ="20.000000" />
  <attribute name="Current GC Util Change" value="45.000000"/>
  <attribute name="GC Util currently" value="45" />
  <attribute name="CPU Util currently" value="17404427693734" />
<exclusive-end id="414" timestamp="2019-06-16T01:53:36.610" durationms="3.396" />

<exclusive-start id="415" timestamp="2019-06-16T01:53:36.680" intervalms="73.130">
  <response-info timems="0.032" idlems="0.032" threads="0" lastid="0000000000D57D00" lastname="Thread-9" />
</exclusive-start>
<allocation-taxation id="416" taxation-threshold="27262976" timestamp="2019-06-16T01:53:36.680" intervalms="73.055" />
<cycle-start id="417" type="partial gc" contextid="0" timestamp="2019-06-16T01:53:36.680" intervalms="72.998" />
<gc-start id="418" type="partial gc" contextid="417" timestamp="2019-06-16T01:53:36.681">
  <mem-info id="419" free="19922944" total="81788928" percent="24">
    <mem type="eden" free="0" total="27262976" percent="0" />
    <remembered-set count="21024" freebytes="3180672" totalbytes="3264768" percent="97" regionsoverflowed="0" regionsstable="2" regionsrebuilding="0"/>
  </mem-info>
</gc-start>
<allocation-stats totalBytes="27259912" >
  <allocated-bytes non-tlh="0" tlh="27259912" arrayletleaf="0"/>
  <largest-consumer threadName="Thread-7" threadId="0000000000D5B900" bytes="8969064" />
</allocation-stats>
<gc-op id="420" type="copy forward" timems="1.517" contextid="417" timestamp="2019-06-16T01:53:36.683">
  <memory-copied type="eden" objects="1867" bytes="46112" bytesdiscarded="0" />
  <memory-copied type="other" objects="1923" bytes="46152" bytesdiscarded="0" />
  <memory-cardclean objects="6176" bytes="308032" />
  <regions eden="26" other="1" />
  <remembered-set-cleared processed="17637" cleared="723" durationms="0.219" />
  <stringconstants candidates="4597" cleared="0"  />
</gc-op>
<gc-op id="421" type="classunload" timems="0.002" contextid="417" timestamp="2019-06-16T01:53:36.683">
  <classunload-info classloadercandidates="8" classloadersunloaded="0" classesunloaded="0" anonymousclassesunloaded="0" quiescems="0.000" setupms="0.002" scanms="0.000" postms="0.000" />
</gc-op>
<gc-end id="422" type="partial gc" contextid="417" durationms="2.465" usertimems="4.000" systemtimems="0.000" timestamp="2019-06-16T01:53:36.683" activeThreads="1">
  <mem-info id="423" free="46137344" total="81788928" percent="56">
    <mem type="eden" free="1002464" total="1048576" percent="95" />
    <remembered-set count="21888" freebytes="3177216" totalbytes="3264768" percent="97" regionsoverflowed="0" regionsstable="2" regionsrebuilding="0"/>
  </mem-info>
</gc-end>
<cycle-end id="424" type="partial gc" contextid="417" timestamp="2019-06-16T01:53:36.683" />
  <attribute name="elasticGC enabled" value="1" />
  <attribute name= "numThreadsSpecified" value="1" />
  <attribute name="heapSize specified" value="0" />
  <attribute name="Current GC Util" value="60" />
  <attribute name= "Current Time Running" value="1987" />
  <attribute name ="GC Interval" value="0" />
  <attribute name="ProportionalT" value="60.000000" />
  <attribute name="ProportionalI" value="60.000000" />
  <attribute name="ProportionalH" value="60.000000" />
  <attribute name="Current Error" value="40.000000" />
  <attribute name="IntegralT" value="0.000000" />
  <attribute name="IntegralI" value="0.000000" />
  <attribute name="IntegralH" value="0.000000" />
  <attribute name="DerivativeT" value="inf" />
  <attribute name="DerivativeI" value="inf" />
  <attribute name="DerivativeH" value="inf" />
  <attribute name="Loop Time for DT" value="0.000000" />
  <attribute name="Output H" value="8388608"/>
  <attribute name="Output I" value="200"/>
  <attribute name="Output T" value="1"/>
  <attribute name="Target GC Util Change" value ="20.000000" />
  <attribute name="Current GC Util Change" value="60.000000"/>
  <attribute name="GC Util currently" value="60" />
  <attribute name="CPU Util currently" value="18713751871899" />
<exclusive-end id="425" timestamp="2019-06-16T01:53:36.683" durationms="3.263" />

<exclusive-start id="426" timestamp="2019-06-16T01:53:36.755" intervalms="74.563">
  <response-info timems="0.051" idlems="0.028" threads="1" lastid="0000000000D63100" lastname="Thread-8" />
</exclusive-start>
<allocation-taxation id="427" taxation-threshold="27262976" timestamp="2019-06-16T01:53:36.755" intervalms="74.647" />
<cycle-start id="428" type="partial gc" contextid="0" timestamp="2019-06-16T01:53:36.755" intervalms="74.656" />
<gc-start id="429" type="partial gc" contextid="428" timestamp="2019-06-16T01:53:36.755">
  <mem-info id="430" free="18874368" total="81788928" percent="23">
    <mem type="eden" free="0" total="27262976" percent="0" />
    <remembered-set count="21600" freebytes="3178368" totalbytes="3264768" percent="97" regionsoverflowed="0" regionsstable="2" regionsrebuilding="0"/>
  </mem-info>
</gc-start>
<allocation-stats totalBytes="27259536" >
  <allocated-bytes non-tlh="0" tlh="27259536" arrayletleaf="0"/>
  <largest-consumer threadName="Thread-7" threadId="0000000000D5B900" bytes="9476960" />
</allocation-stats>
<gc-op id="431" type="copy forward" timems="1.848" contextid="428" timestamp="2019-06-16T01:53:36.758">
  <memory-copied type="eden" objects="2009" bytes="49552" bytesdiscarded="3144" />
  <memory-copied type="other" objects="1608" bytes="38592" bytesdiscarded="1688" />
  <memory-cardclean objects="6039" bytes="301568" />
  <regions eden="26" other="1" />
  <remembered-set-cleared processed="18218" cleared="765" durationms="0.154" />
  <stringconstants candidates="4597" cleared="0"  />
</gc-op>
<gc-op id="432" type="classunload" timems="0.002" contextid="428" timestamp="2019-06-16T01:53:36.758">
  <classunload-info classloadercandidates="8" classloadersunloaded="0" classesunloaded="0" anonymousclassesunloaded="0" quiescems="0.000" setupms="0.002" scanms="0.000" postms="0.000" />
</gc-op>
<gc-end id="433" type="partial gc" contextid="428" durationms="2.898" usertimems="8.000" systemtimems="0.000" timestamp="2019-06-16T01:53:36.758" activeThreads="4">
  <mem-info id="434" free="45088768" total="81788928" percent="55">
    <mem type="eden" free="995880" total="1048576" percent="94" />
    <remembered-set count="21312" freebytes="3179520" totalbytes="3264768" percent="97" regionsoverflowed="0" regionsstable="2" regionsrebuilding="0"/>
  </mem-info>
</gc-end>
<cycle-end id="435" type="partial gc" contextid="428" timestamp="2019-06-16T01:53:36.758" />
  <attribute name="elasticGC enabled" value="1" />
  <attribute name= "numThreadsSpecified" value="4" />
  <attribute name="heapSize specified" value="0" />
  <attribute name="Current GC Util" value="55" />
  <attribute name= "Current Time Running" value="2062" />
  <attribute name ="GC Interval" value="0" />
  <attribute name="ProportionalT" value="52.500000" />
  <attribute name="ProportionalI" value="52.500000" />
  <attribute name="ProportionalH" value="52.500000" />
  <attribute name="Current Error" value="35.000000" />
  <attribute name="IntegralT" value="35.000000" />
  <attribute name="IntegralI" value="35.000000" />
  <attribute name="IntegralH" value="35.000000" />
  <attribute name="DerivativeT" value="35.000000" />
  <attribute name="DerivativeI" value="35.000000" />
  <attribute name="DerivativeH" value="35.000000" />
  <attribute name="Loop Time for DT" value="1.000000" />
  <attribute name="Output H" value="8388608"/>
  <attribute name="Output I" value="200"/>
  <attribute name="Output T" value="4"/>
  <attribute name="Target GC Util Change" value ="20.000000" />
  <attribute name="Current GC Util Change" value="55.000000"/>
  <attribute name="GC Util currently" value="55" />
  <attribute name="CPU Util currently" value="16618868004815" />
<exclusive-end id="436" timestamp="2019-06-16T01:53:36.759" durationms="3.840" />

<exclusive-start id="437" timestamp="2019-06-16T01:53:36.810" intervalms="55.669">
  <response-info timems="0.047" idlems="0.047" threads="0" lastid="0000000000D57D00" lastname="Thread-9" />
</exclusive-start>
<allocation-taxation id="438" taxation-threshold="27262976" timestamp="2019-06-16T01:53:36.811" intervalms="55.712" />
<cycle-start id="439" type="partial gc" contextid="0" timestamp="2019-06-16T01:53:36.811" intervalms="55.876" />
<gc-start id="440" type="partial gc" contextid="439" timestamp="2019-06-16T01:53:36.811">
  <mem-info id="441" free="17825792" total="81788928" percent="21">
    <mem type="eden" free="0" total="27262976" percent="0" />
    <remembered-set count="21056" freebytes="3180544" totalbytes="3264768" percent="97" regionsoverflowed="0" regionsstable="2" regionsrebuilding="0"/>
  </mem-info>
</gc-start>
<allocation-stats totalBytes="27259680" >
  <allocated-bytes non-tlh="0" tlh="27259680" arrayletleaf="0"/>
  <largest-consumer threadName="Thread-7" threadId="0000000000D5B900" bytes="8993736" />
</allocation-stats>
<gc-op id="442" type="copy forward" timems="2.034" contextid="439" timestamp="2019-06-16T01:53:36.814">
  <memory-copied type="eden" objects="1740" bytes="42792" bytesdiscarded="2456" />
  <memory-copied type="other" objects="1751" bytes="42048" bytesdiscarded="1192" />
  <memory-cardclean objects="5970" bytes="298608" />
  <regions eden="26" other="1" />
  <remembered-set-cleared processed="18772" cleared="774" durationms="0.167" />
  <stringconstants candidates="4597" cleared="0"  />
</gc-op>
<gc-op id="443" type="classunload" timems="0.003" contextid="439" timestamp="2019-06-16T01:53:36.814">
  <classunload-info classloadercandidates="8" classloadersunloaded="0" classesunloaded="0" anonymousclassesunloaded="0" quiescems="0.000" setupms="0.003" scanms="0.000" postms="0.000" />
</gc-op>
<heap-resize id="444" type="contract" space="default" amount="4194304" count="1" timems="0.061" reason="insufficient time being spent in gc" timestamp="2019-06-16T01:53:36.815" />
<gc-end id="445" type="partial gc" contextid="439" durationms="3.426" usertimems="4.000" systemtimems="0.000" timestamp="2019-06-16T01:53:36.815" activeThreads="4">
  <mem-info id="446" free="39845888" total="77594624" percent="51">
    <mem type="eden" free="1003328" total="1048576" percent="95" />
    <remembered-set count="21344" freebytes="3179392" totalbytes="3264768" percent="97" regionsoverflowed="0" regionsstable="2" regionsrebuilding="0"/>
  </mem-info>
</gc-end>
<cycle-end id="447" type="partial gc" contextid="439" timestamp="2019-06-16T01:53:36.815" />
  <attribute name="elasticGC enabled" value="1" />
  <attribute name= "numThreadsSpecified" value="4" />
  <attribute name="heapSize specified" value="0" />
  <attribute name="Current GC Util" value="49" />
  <attribute name= "Current Time Running" value="2118" />
  <attribute name ="GC Interval" value="0" />
  <attribute name="ProportionalT" value="43.500000" />
  <attribute name="ProportionalI" value="43.500000" />
  <attribute name="ProportionalH" value="43.500000" />
  <attribute name="Current Error" value="29.000000" />
  <attribute name="IntegralT" value="29.000000" />
  <attribute name="IntegralI" value="29.000000" />
  <attribute name="IntegralH" value="29.000000" />
  <attribute name="DerivativeT" value="29.000000" />
  <attribute name="DerivativeI" value="29.000000" />
  <attribute name="DerivativeH" value="29.000000" />
  <attribute name="Loop Time for DT" value="1.000000" />
  <attribute name="Output H" value="8388608"/>
  <attribute name="Output I" value="200"/>
  <attribute name="Output T" value="4"/>
  <attribute name="Target GC Util Change" value ="20.000000" />
  <attribute name="Current GC Util Change" value="49.000000"/>
  <attribute name="GC Util currently" value="49" />
  <attribute name="CPU Util currently" value="17842455766647" />
<exclusive-end id="448" timestamp="2019-06-16T01:53:36.815" durationms="4.682" />

<exclusive-start id="449" timestamp="2019-06-16T01:53:36.830" intervalms="19.535">
  <response-info timems="0.026" idlems="0.026" threads="0" lastid="0000000000D5B900" lastname="Thread-7" />
</exclusive-start>
<allocation-taxation id="450" taxation-threshold="26214400" timestamp="2019-06-16T01:53:36.830" intervalms="19.424" />
<cycle-start id="451" type="partial gc" contextid="0" timestamp="2019-06-16T01:53:36.830" intervalms="19.340" />
<gc-start id="452" type="partial gc" contextid="451" timestamp="2019-06-16T01:53:36.830">
  <mem-info id="453" free="13631488" total="77594624" percent="17">
    <mem type="eden" free="0" total="26214400" percent="0" />
    <remembered-set count="21184" freebytes="3180032" totalbytes="3264768" percent="97" regionsoverflowed="0" regionsstable="2" regionsrebuilding="0"/>
  </mem-info>
</gc-start>
<allocation-stats totalBytes="26211320" >
  <allocated-bytes non-tlh="0" tlh="26211320" arrayletleaf="0"/>
  <largest-consumer threadName="Thread-7" threadId="0000000000D5B900" bytes="8899536" />
</allocation-stats>
<gc-op id="454" type="copy forward" timems="1.966" contextid="451" timestamp="2019-06-16T01:53:36.833">
  <memory-copied type="eden" objects="9326" bytes="362528" bytesdiscarded="0" />
  <memory-copied type="other" objects="1569" bytes="37656" bytesdiscarded="0" />
  <memory-cardclean objects="5678" bytes="288304" />
  <regions eden="25" other="1" />
  <remembered-set-cleared processed="19322" cleared="752" durationms="0.225" />
  <stringconstants candidates="4597" cleared="0"  />
</gc-op>
<gc-op id="455" type="classunload" timems="0.002" contextid="451" timestamp="2019-06-16T01:53:36.834">
  <classunload-info classloadercandidates="8" classloadersunloaded="0" classesunloaded="0" anonymousclassesunloaded="0" quiescems="0.000" setupms="0.002" scanms="0.000" postms="0.000" />
</gc-op>
<gc-end id="456" type="partial gc" contextid="451" durationms="3.283" usertimems="0.000" systemtimems="0.000" timestamp="2019-06-16T01:53:36.834" activeThreads="1">
  <mem-info id="457" free="38797312" total="77594624" percent="50">
    <mem type="eden" free="686048" total="1048576" percent="65" />
    <remembered-set count="22048" freebytes="3009152" totalbytes="3097344" percent="97" regionsoverflowed="0" regionsstable="2" regionsrebuilding="0"/>
  </mem-info>
</gc-end>
<cycle-end id="458" type="partial gc" contextid="451" timestamp="2019-06-16T01:53:36.834" />
  <attribute name="elasticGC enabled" value="1" />
  <attribute name= "numThreadsSpecified" value="1" />
  <attribute name="heapSize specified" value="0" />
  <attribute name="Current GC Util" value="23" />
  <attribute name= "Current Time Running" value="2137" />
  <attribute name ="GC Interval" value="0" />
  <attribute name="ProportionalT" value="4.500000" />
  <attribute name="ProportionalI" value="4.500000" />
  <attribute name="ProportionalH" value="4.500000" />
  <attribute name="Current Error" value="3.000000" />
  <attribute name="IntegralT" value="0.000000" />
  <attribute name="IntegralI" value="0.000000" />
  <attribute name="IntegralH" value="0.000000" />
  <attribute name="DerivativeT" value="inf" />
  <attribute name="DerivativeI" value="inf" />
  <attribute name="DerivativeH" value="inf" />
  <attribute name="Loop Time for DT" value="0.000000" />
  <attribute name="Output H" value="8388608"/>
  <attribute name="Output I" value="200"/>
  <attribute name="Output T" value="1"/>
  <attribute name="Target GC Util Change" value ="20.000000" />
  <attribute name="Current GC Util Change" value="23.000000"/>
  <attribute name="GC Util currently" value="23" />
  <attribute name="CPU Util currently" value="11005990259403" />
<exclusive-end id="459" timestamp="2019-06-16T01:53:36.834" durationms="4.133" />

<exclusive-start id="460" timestamp="2019-06-16T01:53:36.849" intervalms="19.191">
  <response-info timems="0.033" idlems="0.033" threads="0" lastid="0000000000D63100" lastname="Thread-8" />
</exclusive-start>
<allocation-taxation id="461" taxation-threshold="26214400" timestamp="2019-06-16T01:53:36.849" intervalms="19.131" />
<cycle-start id="462" type="partial gc" contextid="0" timestamp="2019-06-16T01:53:36.849" intervalms="19.040" />
<gc-start id="463" type="partial gc" contextid="462" timestamp="2019-06-16T01:53:36.849">
  <mem-info id="464" free="12582912" total="77594624" percent="16">
    <mem type="eden" free="0" total="26214400" percent="0" />
    <remembered-set count="21760" freebytes="3010304" totalbytes="3097344" percent="97" regionsoverflowed="0" regionsstable="2" regionsrebuilding="0"/>
  </mem-info>
</gc-start>
<allocation-stats totalBytes="26211088" >
  <allocated-bytes non-tlh="0" tlh="26211088" arrayletleaf="0"/>
  <largest-consumer threadName="Thread-7" threadId="0000000000D5B900" bytes="8985560" />
</allocation-stats>
<gc-op id="465" type="copy forward" timems="1.917" contextid="462" timestamp="2019-06-16T01:53:36.852">
  <memory-copied type="eden" objects="2505" bytes="61552" bytesdiscarded="2656" />
  <memory-copied type="other" objects="9070" bytes="355056" bytesdiscarded="18064" />
  <memory-cardclean objects="5020" bytes="257152" />
  <regions eden="25" other="1" />
  <remembered-set-cleared processed="19954" cleared="769" durationms="0.158" />
  <stringconstants candidates="4597" cleared="0"  />
</gc-op>
<gc-op id="466" type="classunload" timems="0.002" contextid="462" timestamp="2019-06-16T01:53:36.852">
  <classunload-info classloadercandidates="8" classloadersunloaded="0" classesunloaded="0" anonymousclassesunloaded="0" quiescems="0.000" setupms="0.002" scanms="0.000" postms="0.000" />
</gc-op>
<gc-op id="467" type="compact" timems="0.927" contextid="462" timestamp="2019-06-16T01:53:36.853">
  <compact-info movecount="0" movebytes="0" />
  <remembered-set-cleared processed="40961" cleared="769" durationms="0.158" />
</gc-op>
<gc-end id="468" type="partial gc" contextid="462" durationms="3.927" usertimems="8.000" systemtimems="0.000" timestamp="2019-06-16T01:53:36.853" activeThreads="4">
  <mem-info id="469" free="37748736" total="77594624" percent="48">
    <mem type="eden" free="984368" total="1048576" percent="93" />
    <remembered-set count="22560" freebytes="3007104" totalbytes="3097344" percent="97" regionsoverflowed="0" regionsstable="2" regionsrebuilding="0"/>
  </mem-info>
</gc-end>
<cycle-end id="470" type="partial gc" contextid="462" timestamp="2019-06-16T01:53:36.854" />
  <attribute name="elasticGC enabled" value="1" />
  <attribute name= "numThreadsSpecified" value="4" />
  <attribute name="heapSize specified" value="0" />
  <attribute name="Current GC Util" value="97" />
  <attribute name= "Current Time Running" value="2158" />
  <attribute name ="GC Interval" value="0" />
  <attribute name="ProportionalT" value="115.500000" />
  <attribute name="ProportionalI" value="115.500000" />
  <attribute name="ProportionalH" value="115.500000" />
  <attribute name="Current Error" value="77.000000" />
  <attribute name="IntegralT" value="154.000000" />
  <attribute name="IntegralI" value="154.000000" />
  <attribute name="IntegralH" value="154.000000" />
  <attribute name="DerivativeT" value="22.500000" />
  <attribute name="DerivativeI" value="22.500000" />
  <attribute name="DerivativeH" value="22.500000" />
  <attribute name="Loop Time for DT" value="2.000000" />
  <attribute name="Output H" value="8388608"/>
  <attribute name="Output I" value="296"/>
  <attribute name="Output T" value="4"/>
  <attribute name="Target GC Util Change" value ="20.000000" />
  <attribute name="Current GC Util Change" value="97.000000"/>
  <attribute name="GC Util currently" value="97" />
  <attribute name="CPU Util currently" value="2072220830742" />
<exclusive-end id="471" timestamp="2019-06-16T01:53:36.854" durationms="4.658" />

<exclusive-start id="472" timestamp="2019-06-16T01:53:36.871" intervalms="21.928">
  <response-info timems="0.067" idlems="0.067" threads="0" lastid="0000000000D5F500" lastname="Thread-10" />
</exclusive-start>
<allocation-taxation id="473" taxation-threshold="26214400" timestamp="2019-06-16T01:53:36.871" intervalms="22.003" />
<cycle-start id="474" type="partial gc" contextid="0" timestamp="2019-06-16T01:53:36.871" intervalms="22.061" />
<gc-start id="475" type="partial gc" contextid="474" timestamp="2019-06-16T01:53:36.872">
  <mem-info id="476" free="11534336" total="77594624" percent="14">
    <mem type="eden" free="0" total="26214400" percent="0" />
    <remembered-set count="22560" freebytes="3007104" totalbytes="3097344" percent="97" regionsoverflowed="0" regionsstable="2" regionsrebuilding="0"/>
  </mem-info>
</gc-start>
<allocation-stats totalBytes="26210880" >
  <allocated-bytes non-tlh="0" tlh="26210880" arrayletleaf="0"/>
  <largest-consumer threadName="Thread-7" threadId="0000000000D5B900" bytes="9218912" />
</allocation-stats>
<gc-op id="477" type="copy forward" timems="1.872" contextid="474" timestamp="2019-06-16T01:53:36.874">
  <memory-copied type="eden" objects="7809" bytes="326104" bytesdiscarded="2480" />
  <memory-copied type="other" objects="2232" bytes="53568" bytesdiscarded="280" />
  <memory-cardclean objects="6126" bytes="329128" />
  <regions eden="25" other="1" />
  <remembered-set-cleared processed="20529" cleared="789" durationms="0.154" />
  <stringconstants candidates="4597" cleared="0"  />
</gc-op>
<gc-op id="478" type="classunload" timems="0.003" contextid="474" timestamp="2019-06-16T01:53:36.874">
  <classunload-info classloadercandidates="8" classloadersunloaded="0" classesunloaded="0" anonymousclassesunloaded="0" quiescems="0.000" setupms="0.002" scanms="0.000" postms="0.000" />
</gc-op>
<gc-op id="479" type="compact" timems="0.915" contextid="474" timestamp="2019-06-16T01:53:36.875">
  <compact-info movecount="0" movebytes="0" />
  <remembered-set-cleared processed="42038" cleared="789" durationms="0.154" />
</gc-op>
<heap-resize id="480" type="expand" space="default" amount="13631488" count="1" timems="0.112" reason="excessive time being spent in gc" timestamp="2019-06-16T01:53:36.875" />
<gc-end id="481" type="partial gc" contextid="474" durationms="3.875" usertimems="8.000" systemtimems="0.000" timestamp="2019-06-16T01:53:36.875" activeThreads="4">
  <mem-info id="482" free="50331648" total="91226112" percent="55">
    <mem type="eden" free="719992" total="1048576" percent="68" />
    <remembered-set count="23104" freebytes="3549056" totalbytes="3641472" percent="97" regionsoverflowed="0" regionsstable="2" regionsrebuilding="0"/>
  </mem-info>
</gc-end>
<cycle-end id="483" type="partial gc" contextid="474" timestamp="2019-06-16T01:53:36.876" />
  <attribute name="elasticGC enabled" value="1" />
  <attribute name= "numThreadsSpecified" value="4" />
  <attribute name="heapSize specified" value="0" />
  <attribute name="Current GC Util" value="89" />
  <attribute name= "Current Time Running" value="2180" />
  <attribute name ="GC Interval" value="0" />
  <attribute name="ProportionalT" value="103.500000" />
  <attribute name="ProportionalI" value="103.500000" />
  <attribute name="ProportionalH" value="103.500000" />
  <attribute name="Current Error" value="69.000000" />
  <attribute name="IntegralT" value="138.000000" />
  <attribute name="IntegralI" value="138.000000" />
  <attribute name="IntegralH" value="138.000000" />
  <attribute name="DerivativeT" value="24.000000" />
  <attribute name="DerivativeI" value="24.000000" />
  <attribute name="DerivativeH" value="24.000000" />
  <attribute name="Loop Time for DT" value="2.000000" />
  <attribute name="Output H" value="8388608"/>
  <attribute name="Output I" value="272"/>
  <attribute name="Output T" value="4"/>
  <attribute name="Target GC Util Change" value ="20.000000" />
  <attribute name="Current GC Util Change" value="89.000000"/>
  <attribute name="GC Util currently" value="89" />
  <attribute name="CPU Util currently" value="2194499584466" />
<exclusive-end id="484" timestamp="2019-06-16T01:53:36.876" durationms="4.543" />

<exclusive-start id="485" timestamp="2019-06-16T01:53:36.894" intervalms="22.690">
  <response-info timems="0.072" idlems="0.038" threads="1" lastid="0000000000D63100" lastname="Thread-8" />
</exclusive-start>
<allocation-taxation id="486" taxation-threshold="29360128" timestamp="2019-06-16T01:53:36.894" intervalms="22.653" />
<cycle-start id="487" type="partial gc" contextid="0" timestamp="2019-06-16T01:53:36.894" intervalms="22.600" />
<gc-start id="488" type="partial gc" contextid="487" timestamp="2019-06-16T01:53:36.894">
  <mem-info id="489" free="20971520" total="91226112" percent="22">
    <mem type="eden" free="0" total="29360128" percent="0" />
    <remembered-set count="23104" freebytes="3549056" totalbytes="3641472" percent="97" regionsoverflowed="0" regionsstable="2" regionsrebuilding="0"/>
  </mem-info>
</gc-start>
<allocation-stats totalBytes="29356224" >
  <allocated-bytes non-tlh="0" tlh="29356224" arrayletleaf="0"/>
  <largest-consumer threadName="Thread-10" threadId="0000000000D5F500" bytes="11762152" />
</allocation-stats>
<gc-op id="490" type="copy forward" timems="2.726" contextid="487" timestamp="2019-06-16T01:53:36.898">
  <memory-copied type="eden" objects="11362" bytes="411648" bytesdiscarded="0" />
  <memory-copied type="other" objects="7560" bytes="318816" bytesdiscarded="0" />
  <memory-cardclean objects="4867" bytes="253504" />
  <regions eden="28" other="1" />
  <remembered-set-cleared processed="21145" cleared="841" durationms="0.246" />
  <stringconstants candidates="4597" cleared="0"  />
</gc-op>
<gc-op id="491" type="classunload" timems="0.003" contextid="487" timestamp="2019-06-16T01:53:36.898">
  <classunload-info classloadercandidates="8" classloadersunloaded="0" classesunloaded="0" anonymousclassesunloaded="0" quiescems="0.000" setupms="0.003" scanms="0.000" postms="0.000" />
</gc-op>
<gc-op id="492" type="compact" timems="1.279" contextid="487" timestamp="2019-06-16T01:53:36.899">
  <compact-info movecount="0" movebytes="0" />
  <remembered-set-cleared processed="43592" cleared="841" durationms="0.246" />
</gc-op>
<heap-resize id="493" type="expand" space="default" amount="13631488" count="1" timems="0.120" reason="excessive time being spent in gc" timestamp="2019-06-16T01:53:36.899" />
<gc-end id="494" type="partial gc" contextid="487" durationms="5.421" usertimems="4.000" systemtimems="0.000" timestamp="2019-06-16T01:53:36.900" activeThreads="4">
  <mem-info id="495" free="62914560" total="104857600" percent="60">
    <mem type="eden" free="636928" total="1048576" percent="60" />
    <remembered-set count="24032" freebytes="4089472" totalbytes="4185600" percent="97" regionsoverflowed="0" regionsstable="2" regionsrebuilding="0"/>
  </mem-info>
</gc-end>
<cycle-end id="496" type="partial gc" contextid="487" timestamp="2019-06-16T01:53:36.900" />
  <attribute name="elasticGC enabled" value="1" />
  <attribute name= "numThreadsSpecified" value="4" />
  <attribute name="heapSize specified" value="0" />
  <attribute name="Current GC Util" value="0" />
  <attribute name= "Current Time Running" value="2204" />
  <attribute name ="GC Interval" value="0" />
  <attribute name="ProportionalT" value="-30.000000" />
  <attribute name="ProportionalI" value="-30.000000" />
  <attribute name="ProportionalH" value="-30.000000" />
  <attribute name="Current Error" value="-20.000000" />
  <attribute name="IntegralT" value="-80.000000" />
  <attribute name="IntegralI" value="-80.000000" />
  <attribute name="IntegralH" value="-80.000000" />
  <attribute name="DerivativeT" value="-10.000000" />
  <attribute name="DerivativeI" value="-10.000000" />
  <attribute name="DerivativeH" value="-10.000000" />
  <attribute name="Loop Time for DT" value="4.000000" />
  <attribute name="Output H" value="2091843584"/>
  <attribute name="Output I" value="200"/>
  <attribute name="Output T" value="4"/>
  <attribute name="Target GC Util Change" value ="20.000000" />
  <attribute name="Current GC Util Change" value="0.000000"/>
  <attribute name="GC Util currently" value="0" />
  <attribute name="CPU Util currently" value="1508622177658" />
<exclusive-end id="497" timestamp="2019-06-16T01:53:36.900" durationms="6.204" />

<exclusive-start id="498" timestamp="2019-06-16T01:53:36.918" intervalms="23.728">
  <response-info timems="0.025" idlems="0.025" threads="0" lastid="0000000000D63100" lastname="Thread-8" />
</exclusive-start>
<allocation-taxation id="499" taxation-threshold="32505856" timestamp="2019-06-16T01:53:36.918" intervalms="23.778" />
<cycle-start id="500" type="partial gc" contextid="0" timestamp="2019-06-16T01:53:36.918" intervalms="23.867" />
<gc-start id="501" type="partial gc" contextid="500" timestamp="2019-06-16T01:53:36.918">
  <mem-info id="502" free="30408704" total="104857600" percent="29">
    <mem type="eden" free="0" total="32505856" percent="0" />
    <remembered-set count="24032" freebytes="4089472" totalbytes="4185600" percent="97" regionsoverflowed="0" regionsstable="2" regionsrebuilding="0"/>
  </mem-info>
</gc-start>
<allocation-stats totalBytes="32501848" >
  <allocated-bytes non-tlh="0" tlh="32501848" arrayletleaf="0"/>
  <largest-consumer threadName="Thread-10" threadId="0000000000D5F500" bytes="9264112" />
</allocation-stats>
<gc-op id="503" type="copy forward" timems="3.191" contextid="500" timestamp="2019-06-16T01:53:36.922">
  <memory-copied type="eden" objects="9687" bytes="371432" bytesdiscarded="0" />
  <memory-copied type="other" objects="11048" bytes="402528" bytesdiscarded="0" />
  <memory-cardclean objects="7982" bytes="422248" />
  <regions eden="31" other="1" />
  <remembered-set-cleared processed="21801" cleared="639" durationms="0.248" />
  <stringconstants candidates="4597" cleared="0"  />
</gc-op>
<gc-op id="504" type="classunload" timems="0.002" contextid="500" timestamp="2019-06-16T01:53:36.922">
  <classunload-info classloadercandidates="8" classloadersunloaded="0" classesunloaded="0" anonymousclassesunloaded="0" quiescems="0.000" setupms="0.002" scanms="0.000" postms="0.000" />
</gc-op>
<heap-resize id="505" type="expand" space="default" amount="3145728" count="1" timems="0.066" reason="excessive time being spent in gc" timestamp="2019-06-16T01:53:36.922" />
<gc-end id="506" type="partial gc" contextid="500" durationms="4.282" usertimems="0.000" systemtimems="4.000" timestamp="2019-06-16T01:53:36.922" activeThreads="1">
  <mem-info id="507" free="65011712" total="108003328" percent="60">
    <mem type="eden" free="677144" total="1048576" percent="64" />
    <remembered-set count="25248" freebytes="4210176" totalbytes="4311168" percent="97" regionsoverflowed="0" regionsstable="2" regionsrebuilding="0"/>
  </mem-info>
</gc-end>
<cycle-end id="508" type="partial gc" contextid="500" timestamp="2019-06-16T01:53:36.922" />
  <attribute name="elasticGC enabled" value="1" />
  <attribute name= "numThreadsSpecified" value="1" />
  <attribute name="heapSize specified" value="0" />
  <attribute name="Current GC Util" value="40" />
  <attribute name= "Current Time Running" value="2224" />
  <attribute name ="GC Interval" value="0" />
  <attribute name="ProportionalT" value="30.000000" />
  <attribute name="ProportionalI" value="30.000000" />
  <attribute name="ProportionalH" value="30.000000" />
  <attribute name="Current Error" value="20.000000" />
  <attribute name="IntegralT" value="0.000000" />
  <attribute name="IntegralI" value="0.000000" />
  <attribute name="IntegralH" value="0.000000" />
  <attribute name="DerivativeT" value="inf" />
  <attribute name="DerivativeI" value="inf" />
  <attribute name="DerivativeH" value="inf" />
  <attribute name="Loop Time for DT" value="0.000000" />
  <attribute name="Output H" value="8388608"/>
  <attribute name="Output I" value="200"/>
  <attribute name="Output T" value="1"/>
  <attribute name="Target GC Util Change" value ="20.000000" />
  <attribute name="Current GC Util Change" value="40.000000"/>
  <attribute name="GC Util currently" value="40" />
  <attribute name="CPU Util currently" value="19035473170312" />
<exclusive-end id="509" timestamp="2019-06-16T01:53:36.923" durationms="5.072" />

<exclusive-start id="510" timestamp="2019-06-16T01:53:36.939" intervalms="21.007">
  <response-info timems="0.026" idlems="0.026" threads="0" lastid="0000000000D63100" lastname="Thread-8" />
</exclusive-start>
<allocation-taxation id="511" taxation-threshold="33554432" timestamp="2019-06-16T01:53:36.939" intervalms="20.981" />
<cycle-start id="512" type="partial gc" contextid="0" timestamp="2019-06-16T01:53:36.939" intervalms="20.953" />
<gc-start id="513" type="partial gc" contextid="512" timestamp="2019-06-16T01:53:36.939">
  <mem-info id="514" free="31457280" total="108003328" percent="29">
    <mem type="eden" free="0" total="33554432" percent="0" />
    <remembered-set count="24864" freebytes="4211712" totalbytes="4311168" percent="97" regionsoverflowed="0" regionsstable="2" regionsrebuilding="0"/>
  </mem-info>
</gc-start>
<allocation-stats totalBytes="33550384" >
  <allocated-bytes non-tlh="0" tlh="33550384" arrayletleaf="0"/>
  <largest-consumer threadName="Thread-8" threadId="0000000000D63100" bytes="10714128" />
</allocation-stats>
<gc-op id="515" type="copy forward" timems="2.418" contextid="512" timestamp="2019-06-16T01:53:36.942">
  <memory-copied type="eden" objects="4106" bytes="100248" bytesdiscarded="0" />
  <memory-copied type="other" objects="9381" bytes="362520" bytesdiscarded="0" />
  <memory-cardclean objects="9048" bytes="468520" />
  <regions eden="32" other="1" />
  <remembered-set-cleared processed="22689" cleared="950" durationms="0.255" />
  <stringconstants candidates="4597" cleared="0"  />
</gc-op>
<gc-op id="516" type="classunload" timems="0.002" contextid="512" timestamp="2019-06-16T01:53:36.942">
  <classunload-info classloadercandidates="8" classloadersunloaded="0" classesunloaded="0" anonymousclassesunloaded="0" quiescems="0.000" setupms="0.002" scanms="0.000" postms="0.000" />
</gc-op>
<heap-resize id="517" type="expand" space="default" amount="2097152" count="1" timems="0.060" reason="excessive time being spent in gc" timestamp="2019-06-16T01:53:36.942" />
<gc-end id="518" type="partial gc" contextid="512" durationms="3.481" usertimems="4.000" systemtimems="0.000" timestamp="2019-06-16T01:53:36.942" activeThreads="1">
  <mem-info id="519" free="66060288" total="110100480" percent="60">
    <mem type="eden" free="948328" total="1048576" percent="90" />
    <remembered-set count="25824" freebytes="4291584" totalbytes="4394880" percent="97" regionsoverflowed="0" regionsstable="2" regionsrebuilding="0"/>
  </mem-info>
</gc-end>
<cycle-end id="520" type="partial gc" contextid="512" timestamp="2019-06-16T01:53:36.943" />
  <attribute name="elasticGC enabled" value="1" />
  <attribute name= "numThreadsSpecified" value="1" />
  <attribute name="heapSize specified" value="0" />
  <attribute name="Current GC Util" value="52" />
  <attribute name= "Current Time Running" value="2245" />
  <attribute name ="GC Interval" value="0" />
  <attribute name="ProportionalT" value="48.000000" />
  <attribute name="ProportionalI" value="48.000000" />
  <attribute name="ProportionalH" value="48.000000" />
  <attribute name="Current Error" value="32.000000" />
  <attribute name="IntegralT" value="0.000000" />
  <attribute name="IntegralI" value="0.000000" />
  <attribute name="IntegralH" value="0.000000" />
  <attribute name="DerivativeT" value="inf" />
  <attribute name="DerivativeI" value="inf" />
  <attribute name="DerivativeH" value="inf" />
  <attribute name="Loop Time for DT" value="0.000000" />
  <attribute name="Output H" value="8388608"/>
  <attribute name="Output I" value="200"/>
  <attribute name="Output T" value="1"/>
  <attribute name="Target GC Util Change" value ="20.000000" />
  <attribute name="Current GC Util Change" value="52.000000"/>
  <attribute name="GC Util currently" value="52" />
  <attribute name="CPU Util currently" value="21092503299566" />
<exclusive-end id="521" timestamp="2019-06-16T01:53:36.943" durationms="4.244" />

<exclusive-start id="522" timestamp="2019-06-16T01:53:36.958" intervalms="18.991">
  <response-info timems="0.025" idlems="0.025" threads="0" lastid="0000000000D57D00" lastname="Thread-9" />
</exclusive-start>
<allocation-taxation id="523" taxation-threshold="33554432" timestamp="2019-06-16T01:53:36.958" intervalms="18.932" />
<cycle-start id="524" type="partial gc" contextid="0" timestamp="2019-06-16T01:53:36.958" intervalms="18.870" />
<gc-start id="525" type="partial gc" contextid="524" timestamp="2019-06-16T01:53:36.958">
  <mem-info id="526" free="32505856" total="110100480" percent="29">
    <mem type="eden" free="0" total="33554432" percent="0" />
    <remembered-set count="25632" freebytes="4292352" totalbytes="4394880" percent="97" regionsoverflowed="0" regionsstable="2" regionsrebuilding="0"/>
  </mem-info>
</gc-start>
<allocation-stats totalBytes="33550456" >
  <allocated-bytes non-tlh="0" tlh="33550456" arrayletleaf="0"/>
  <largest-consumer threadName="Thread-9" threadId="0000000000D57D00" bytes="9796552" />
</allocation-stats>
<gc-op id="527" type="copy forward" timems="3.028" contextid="524" timestamp="2019-06-16T01:53:36.961">
  <memory-copied type="eden" objects="21674" bytes="933648" bytesdiscarded="0" />
  <memory-copied type="other" objects="3789" bytes="90936" bytesdiscarded="0" />
  <memory-cardclean objects="7689" bytes="411688" />
  <regions eden="32" other="1" />
  <remembered-set-cleared processed="23449" cleared="804" durationms="0.257" />
  <stringconstants candidates="4597" cleared="0"  />
</gc-op>
<gc-op id="528" type="classunload" timems="0.002" contextid="524" timestamp="2019-06-16T01:53:36.961">
  <classunload-info classloadercandidates="8" classloadersunloaded="0" classesunloaded="0" anonymousclassesunloaded="0" quiescems="0.000" setupms="0.001" scanms="0.000" postms="0.000" />
</gc-op>
<heap-resize id="529" type="expand" space="default" amount="3145728" count="1" timems="0.063" reason="excessive time being spent in gc" timestamp="2019-06-16T01:53:36.962" />
<gc-end id="530" type="partial gc" contextid="524" durationms="4.007" usertimems="0.000" systemtimems="4.000" timestamp="2019-06-16T01:53:36.962" activeThreads="1">
  <mem-info id="531" free="68157440" total="113246208" percent="60">
    <mem type="eden" free="114928" total="1048576" percent="10" />
    <remembered-set count="26240" freebytes="4415488" totalbytes="4520448" percent="97" regionsoverflowed="0" regionsstable="2" regionsrebuilding="0"/>
  </mem-info>
</gc-end>
<cycle-end id="532" type="partial gc" contextid="524" timestamp="2019-06-16T01:53:36.962" />
  <attribute name="elasticGC enabled" value="1" />
  <attribute name= "numThreadsSpecified" value="1" />
  <attribute name="heapSize specified" value="0" />
  <attribute name="Current GC Util" value="45" />
  <attribute name= "Current Time Running" value="2264" />
  <attribute name ="GC Interval" value="0" />
  <attribute name="ProportionalT" value="37.500000" />
  <attribute name="ProportionalI" value="37.500000" />
  <attribute name="ProportionalH" value="37.500000" />
  <attribute name="Current Error" value="25.000000" />
  <attribute name="IntegralT" value="0.000000" />
  <attribute name="IntegralI" value="0.000000" />
  <attribute name="IntegralH" value="0.000000" />
  <attribute name="DerivativeT" value="inf" />
  <attribute name="DerivativeI" value="inf" />
  <attribute name="DerivativeH" value="inf" />
  <attribute name="Loop Time for DT" value="0.000000" />
  <attribute name="Output H" value="8388608"/>
  <attribute name="Output I" value="200"/>
  <attribute name="Output T" value="1"/>
  <attribute name="Target GC Util Change" value ="20.000000" />
  <attribute name="Current GC Util Change" value="45.000000"/>
  <attribute name="GC Util currently" value="45" />
  <attribute name="CPU Util currently" value="19177084127244" />
<exclusive-end id="533" timestamp="2019-06-16T01:53:36.962" durationms="4.631" />

<exclusive-start id="534" timestamp="2019-06-16T01:53:36.978" intervalms="20.463">
  <response-info timems="0.023" idlems="0.023" threads="0" lastid="0000000000D5F500" lastname="Thread-10" />
</exclusive-start>
<allocation-taxation id="535" taxation-threshold="34603008" timestamp="2019-06-16T01:53:36.978" intervalms="20.483" />
<cycle-start id="536" type="partial gc" contextid="0" timestamp="2019-06-16T01:53:36.978" intervalms="20.490" />
<gc-start id="537" type="partial gc" contextid="536" timestamp="2019-06-16T01:53:36.978">
  <mem-info id="538" free="33554432" total="113246208" percent="29">
    <mem type="eden" free="0" total="34603008" percent="0" />
    <remembered-set count="26240" freebytes="4415488" totalbytes="4520448" percent="97" regionsoverflowed="0" regionsstable="2" regionsrebuilding="0"/>
  </mem-info>
</gc-start>
<allocation-stats totalBytes="34599072" >
  <allocated-bytes non-tlh="0" tlh="34599072" arrayletleaf="0"/>
  <largest-consumer threadName="Thread-9" threadId="0000000000D57D00" bytes="10443520" />
</allocation-stats>
<gc-op id="539" type="copy forward" timems="3.377" contextid="536" timestamp="2019-06-16T01:53:36.982">
  <memory-copied type="eden" objects="8165" bytes="334872" bytesdiscarded="0" />
  <memory-copied type="other" objects="19260" bytes="736992" bytesdiscarded="0" />
  <memory-cardclean objects="7689" bytes="393376" />
  <regions eden="33" other="2" />
  <remembered-set-cleared processed="23739" cleared="1094" durationms="0.257" />
  <stringconstants candidates="4597" cleared="0"  />
</gc-op>
<gc-op id="540" type="classunload" timems="0.002" contextid="536" timestamp="2019-06-16T01:53:36.982">
  <classunload-info classloadercandidates="8" classloadersunloaded="0" classesunloaded="0" anonymousclassesunloaded="0" quiescems="0.000" setupms="0.002" scanms="0.000" postms="0.000" />
</gc-op>
<heap-resize id="541" type="expand" space="default" amount="2097152" count="1" timems="0.062" reason="excessive time being spent in gc" timestamp="2019-06-16T01:53:36.982" />
<gc-end id="542" type="partial gc" contextid="536" durationms="4.264" usertimems="4.000" systemtimems="0.000" timestamp="2019-06-16T01:53:36.983" activeThreads="1">
  <mem-info id="543" free="69206016" total="115343360" percent="60">
    <mem type="eden" free="713704" total="1048576" percent="68" />
    <remembered-set count="27264" freebytes="4495104" totalbytes="4604160" percent="97" regionsoverflowed="0" regionsstable="2" regionsrebuilding="0"/>
  </mem-info>
</gc-end>
<cycle-end id="544" type="partial gc" contextid="536" timestamp="2019-06-16T01:53:36.983" />
  <attribute name="elasticGC enabled" value="1" />
  <attribute name= "numThreadsSpecified" value="1" />
  <attribute name="heapSize specified" value="0" />
  <attribute name="Current GC Util" value="52" />
  <attribute name= "Current Time Running" value="2284" />
  <attribute name ="GC Interval" value="0" />
  <attribute name="ProportionalT" value="48.000000" />
  <attribute name="ProportionalI" value="48.000000" />
  <attribute name="ProportionalH" value="48.000000" />
  <attribute name="Current Error" value="32.000000" />
  <attribute name="IntegralT" value="0.000000" />
  <attribute name="IntegralI" value="0.000000" />
  <attribute name="IntegralH" value="0.000000" />
  <attribute name="DerivativeT" value="inf" />
  <attribute name="DerivativeI" value="inf" />
  <attribute name="DerivativeH" value="inf" />
  <attribute name="Loop Time for DT" value="0.000000" />
  <attribute name="Output H" value="8388608"/>
  <attribute name="Output I" value="200"/>
  <attribute name="Output T" value="1"/>
  <attribute name="Target GC Util Change" value ="20.000000" />
  <attribute name="Current GC Util Change" value="52.000000"/>
  <attribute name="GC Util currently" value="52" />
  <attribute name="CPU Util currently" value="20787968183656" />
<exclusive-end id="545" timestamp="2019-06-16T01:53:36.983" durationms="4.811" />

<exclusive-start id="546" timestamp="2019-06-16T01:53:37.005" intervalms="26.859">
  <response-info timems="0.133" idlems="0.078" threads="1" lastid="0000000000D63100" lastname="Thread-8" />
</exclusive-start>
<allocation-taxation id="547" taxation-threshold="35651584" timestamp="2019-06-16T01:53:37.005" intervalms="26.924" />
<cycle-start id="548" type="partial gc" contextid="0" timestamp="2019-06-16T01:53:37.005" intervalms="26.984" />
<gc-start id="549" type="partial gc" contextid="548" timestamp="2019-06-16T01:53:37.005">
  <mem-info id="550" free="33554432" total="115343360" percent="29">
    <mem type="eden" free="0" total="35651584" percent="0" />
    <remembered-set count="26848" freebytes="4496768" totalbytes="4604160" percent="97" regionsoverflowed="0" regionsstable="2" regionsrebuilding="0"/>
  </mem-info>
</gc-start>
<allocation-stats totalBytes="35647144" >
  <allocated-bytes non-tlh="0" tlh="35647144" arrayletleaf="0"/>
  <largest-consumer threadName="Thread-9" threadId="0000000000D57D00" bytes="13203752" />
</allocation-stats>
<gc-op id="551" type="copy forward" timems="2.630" contextid="548" timestamp="2019-06-16T01:53:37.009">
  <memory-copied type="eden" objects="3461" bytes="84296" bytesdiscarded="0" />
  <memory-copied type="other" objects="15676" bytes="655056" bytesdiscarded="0" />
  <memory-cardclean objects="4005" bytes="216160" />
  <regions eden="34" other="2" />
  <remembered-set-cleared processed="24467" cleared="757" durationms="0.272" />
  <stringconstants candidates="4597" cleared="0"  />
</gc-op>
<gc-op id="552" type="classunload" timems="0.002" contextid="548" timestamp="2019-06-16T01:53:37.009">
  <classunload-info classloadercandidates="8" classloadersunloaded="0" classesunloaded="0" anonymousclassesunloaded="0" quiescems="0.000" setupms="0.002" scanms="0.000" postms="0.000" />
</gc-op>
<heap-resize id="553" type="expand" space="default" amount="3145728" count="1" timems="0.068" reason="excessive time being spent in gc" timestamp="2019-06-16T01:53:37.009" />
<gc-end id="554" type="partial gc" contextid="548" durationms="3.662" usertimems="4.000" systemtimems="0.000" timestamp="2019-06-16T01:53:37.009" activeThreads="1">
  <mem-info id="555" free="71303168" total="118489088" percent="60">
    <mem type="eden" free="964280" total="1048576" percent="91" />
    <remembered-set count="27328" freebytes="4620416" totalbytes="4729728" percent="97" regionsoverflowed="0" regionsstable="2" regionsrebuilding="0"/>
  </mem-info>
</gc-end>
<cycle-end id="556" type="partial gc" contextid="548" timestamp="2019-06-16T01:53:37.009" />
  <attribute name="elasticGC enabled" value="1" />
  <attribute name= "numThreadsSpecified" value="1" />
  <attribute name="heapSize specified" value="0" />
  <attribute name="Current GC Util" value="52" />
  <attribute name= "Current Time Running" value="2311" />
  <attribute name ="GC Interval" value="0" />
  <attribute name="ProportionalT" value="48.000000" />
  <attribute name="ProportionalI" value="48.000000" />
  <attribute name="ProportionalH" value="48.000000" />
  <attribute name="Current Error" value="32.000000" />
  <attribute name="IntegralT" value="0.000000" />
  <attribute name="IntegralI" value="0.000000" />
  <attribute name="IntegralH" value="0.000000" />
  <attribute name="DerivativeT" value="inf" />
  <attribute name="DerivativeI" value="inf" />
  <attribute name="DerivativeH" value="inf" />
  <attribute name="Loop Time for DT" value="0.000000" />
  <attribute name="Output H" value="8388608"/>
  <attribute name="Output I" value="200"/>
  <attribute name="Output T" value="1"/>
  <attribute name="Target GC Util Change" value ="20.000000" />
  <attribute name="Current GC Util Change" value="52.000000"/>
  <attribute name="GC Util currently" value="52" />
  <attribute name="CPU Util currently" value="19160829861790" />
<exclusive-end id="557" timestamp="2019-06-16T01:53:37.009" durationms="4.337" />

<exclusive-start id="558" timestamp="2019-06-16T01:53:37.029" intervalms="23.857">
  <response-info timems="0.030" idlems="0.030" threads="0" lastid="0000000000D57D00" lastname="Thread-9" />
</exclusive-start>
<allocation-taxation id="559" taxation-threshold="35651584" timestamp="2019-06-16T01:53:37.029" intervalms="23.777" />
<cycle-start id="560" type="partial gc" contextid="0" timestamp="2019-06-16T01:53:37.029" intervalms="23.709" />
<gc-start id="561" type="partial gc" contextid="560" timestamp="2019-06-16T01:53:37.029">
  <mem-info id="562" free="35651584" total="118489088" percent="30">
    <mem type="eden" free="0" total="35651584" percent="0" />
    <remembered-set count="27072" freebytes="4621440" totalbytes="4729728" percent="97" regionsoverflowed="0" regionsstable="2" regionsrebuilding="0"/>
  </mem-info>
</gc-start>
<allocation-stats totalBytes="35647176" >
  <allocated-bytes non-tlh="0" tlh="35647176" arrayletleaf="0"/>
  <largest-consumer threadName="Thread-10" threadId="0000000000D5F500" bytes="10980008" />
</allocation-stats>
<gc-op id="563" type="copy forward" timems="2.396" contextid="560" timestamp="2019-06-16T01:53:37.032">
  <memory-copied type="eden" objects="7425" bytes="316704" bytesdiscarded="0" />
  <memory-copied type="other" objects="9088" bytes="355488" bytesdiscarded="0" />
  <memory-cardclean objects="5334" bytes="291232" />
  <regions eden="34" other="2" />
  <remembered-set-cleared processed="24851" cleared="492" durationms="0.268" />
  <stringconstants candidates="4597" cleared="0"  />
</gc-op>
<gc-op id="564" type="classunload" timems="0.002" contextid="560" timestamp="2019-06-16T01:53:37.032">
  <classunload-info classloadercandidates="8" classloadersunloaded="0" classesunloaded="0" anonymousclassesunloaded="0" quiescems="0.000" setupms="0.002" scanms="0.000" postms="0.000" />
</gc-op>
<heap-resize id="565" type="expand" space="default" amount="2097152" count="1" timems="0.061" reason="excessive time being spent in gc" timestamp="2019-06-16T01:53:37.032" />
<gc-end id="566" type="partial gc" contextid="560" durationms="3.260" usertimems="0.000" systemtimems="0.000" timestamp="2019-06-16T01:53:37.032" activeThreads="1">
  <mem-info id="567" free="72351744" total="120586240" percent="60">
    <mem type="eden" free="731872" total="1048576" percent="69" />
    <remembered-set count="27936" freebytes="4701696" totalbytes="4813440" percent="97" regionsoverflowed="0" regionsstable="2" regionsrebuilding="0"/>
  </mem-info>
</gc-end>
<cycle-end id="568" type="partial gc" contextid="560" timestamp="2019-06-16T01:53:37.032" />
  <attribute name="elasticGC enabled" value="1" />
  <attribute name= "numThreadsSpecified" value="1" />
  <attribute name="heapSize specified" value="0" />
  <attribute name="Current GC Util" value="53" />
  <attribute name= "Current Time Running" value="2335" />
  <attribute name ="GC Interval" value="0" />
  <attribute name="ProportionalT" value="49.500000" />
  <attribute name="ProportionalI" value="49.500000" />
  <attribute name="ProportionalH" value="49.500000" />
  <attribute name="Current Error" value="33.000000" />
  <attribute name="IntegralT" value="0.000000" />
  <attribute name="IntegralI" value="0.000000" />
  <attribute name="IntegralH" value="0.000000" />
  <attribute name="DerivativeT" value="inf" />
  <attribute name="DerivativeI" value="inf" />
  <attribute name="DerivativeH" value="inf" />
  <attribute name="Loop Time for DT" value="0.000000" />
  <attribute name="Output H" value="8388608"/>
  <attribute name="Output I" value="200"/>
  <attribute name="Output T" value="1"/>
  <attribute name="Target GC Util Change" value ="20.000000" />
  <attribute name="Current GC Util Change" value="53.000000"/>
  <attribute name="GC Util currently" value="53" />
  <attribute name="CPU Util currently" value="21700315803123" />
<exclusive-end id="569" timestamp="2019-06-16T01:53:37.033" durationms="3.887" />

<exclusive-start id="570" timestamp="2019-06-16T01:53:37.052" intervalms="23.745">
  <response-info timems="0.020" idlems="0.020" threads="0" lastid="0000000000D5B900" lastname="Thread-7" />
</exclusive-start>
<allocation-taxation id="571" taxation-threshold="36700160" timestamp="2019-06-16T01:53:37.053" intervalms="23.833" />
<cycle-start id="572" type="partial gc" contextid="0" timestamp="2019-06-16T01:53:37.053" intervalms="23.896" />
<gc-start id="573" type="partial gc" contextid="572" timestamp="2019-06-16T01:53:37.053">
  <mem-info id="574" free="35651584" total="120586240" percent="29">
    <mem type="eden" free="0" total="36700160" percent="0" />
    <remembered-set count="27776" freebytes="4702336" totalbytes="4813440" percent="97" regionsoverflowed="0" regionsstable="2" regionsrebuilding="0"/>
  </mem-info>
</gc-start>
<allocation-stats totalBytes="36695624" >
  <allocated-bytes non-tlh="0" tlh="36695624" arrayletleaf="0"/>
  <largest-consumer threadName="Thread-10" threadId="0000000000D5F500" bytes="13142248" />
</allocation-stats>
<gc-op id="575" type="copy forward" timems="2.305" contextid="572" timestamp="2019-06-16T01:53:37.056">
  <memory-copied type="eden" objects="2841" bytes="69680" bytesdiscarded="0" />
  <memory-copied type="other" objects="10410" bytes="387216" bytesdiscarded="0" />
  <memory-cardclean objects="7597" bytes="399856" />
  <regions eden="35" other="2" />
  <remembered-set-cleared processed="25372" cleared="747" durationms="0.269" />
  <stringconstants candidates="4597" cleared="0"  />
</gc-op>
<gc-op id="576" type="classunload" timems="0.002" contextid="572" timestamp="2019-06-16T01:53:37.056">
  <classunload-info classloadercandidates="8" classloadersunloaded="0" classesunloaded="0" anonymousclassesunloaded="0" quiescems="0.000" setupms="0.002" scanms="0.000" postms="0.000" />
</gc-op>
<heap-resize id="577" type="expand" space="default" amount="3145728" count="1" timems="0.063" reason="excessive time being spent in gc" timestamp="2019-06-16T01:53:37.056" />
<gc-end id="578" type="partial gc" contextid="572" durationms="3.270" usertimems="4.000" systemtimems="0.000" timestamp="2019-06-16T01:53:37.056" activeThreads="1">
  <mem-info id="579" free="74448896" total="123731968" percent="60">
    <mem type="eden" free="978896" total="1048576" percent="93" />
    <remembered-set count="28768" freebytes="4823936" totalbytes="4939008" percent="97" regionsoverflowed="0" regionsstable="2" regionsrebuilding="0"/>
  </mem-info>
</gc-end>
<cycle-end id="580" type="partial gc" contextid="572" timestamp="2019-06-16T01:53:37.056" />
  <attribute name="elasticGC enabled" value="1" />
  <attribute name= "numThreadsSpecified" value="1" />
  <attribute name="heapSize specified" value="0" />
  <attribute name="Current GC Util" value="52" />
  <attribute name= "Current Time Running" value="2359" />
  <attribute name ="GC Interval" value="0" />
  <attribute name="ProportionalT" value="48.000000" />
  <attribute name="ProportionalI" value="48.000000" />
  <attribute name="ProportionalH" value="48.000000" />
  <attribute name="Current Error" value="32.000000" />
  <attribute name="IntegralT" value="0.000000" />
  <attribute name="IntegralI" value="0.000000" />
  <attribute name="IntegralH" value="0.000000" />
  <attribute name="DerivativeT" value="inf" />
  <attribute name="DerivativeI" value="inf" />
  <attribute name="DerivativeH" value="inf" />
  <attribute name="Loop Time for DT" value="0.000000" />
  <attribute name="Output H" value="8388608"/>
  <attribute name="Output I" value="200"/>
  <attribute name="Output T" value="1"/>
  <attribute name="Target GC Util Change" value ="20.000000" />
  <attribute name="Current GC Util Change" value="52.000000"/>
  <attribute name="GC Util currently" value="52" />
  <attribute name="CPU Util currently" value="21991302131315" />
<exclusive-end id="581" timestamp="2019-06-16T01:53:37.057" durationms="4.115" />

<exclusive-start id="582" timestamp="2019-06-16T01:53:37.077" intervalms="24.635">
  <response-info timems="0.024" idlems="0.024" threads="0" lastid="0000000000D57D00" lastname="Thread-9" />
</exclusive-start>
<allocation-taxation id="583" taxation-threshold="37748736" timestamp="2019-06-16T01:53:37.077" intervalms="24.542" />
<cycle-start id="584" type="partial gc" contextid="0" timestamp="2019-06-16T01:53:37.077" intervalms="24.477" />
<gc-start id="585" type="partial gc" contextid="584" timestamp="2019-06-16T01:53:37.077">
  <mem-info id="586" free="36700160" total="123731968" percent="29">
    <mem type="eden" free="0" total="37748736" percent="0" />
    <remembered-set count="28448" freebytes="4825216" totalbytes="4939008" percent="97" regionsoverflowed="0" regionsstable="2" regionsrebuilding="0"/>
  </mem-info>
</gc-start>
<allocation-stats totalBytes="37744360" >
  <allocated-bytes non-tlh="0" tlh="37744360" arrayletleaf="0"/>
  <largest-consumer threadName="Thread-10" threadId="0000000000D5F500" bytes="14105232" />
</allocation-stats>
<gc-op id="587" type="copy forward" timems="1.809" contextid="584" timestamp="2019-06-16T01:53:37.080">
  <memory-copied type="eden" objects="3145" bytes="77168" bytesdiscarded="2424" />
  <memory-copied type="other" objects="9749" bytes="371352" bytesdiscarded="21960" />
  <memory-cardclean objects="7496" bytes="371944" />
  <regions eden="36" other="2" />
  <remembered-set-cleared processed="25988" cleared="900" durationms="0.175" />
  <stringconstants candidates="4597" cleared="0"  />
</gc-op>
<gc-op id="588" type="classunload" timems="0.002" contextid="584" timestamp="2019-06-16T01:53:37.080">
  <classunload-info classloadercandidates="8" classloadersunloaded="0" classesunloaded="0" anonymousclassesunloaded="0" quiescems="0.000" setupms="0.002" scanms="0.000" postms="0.000" />
</gc-op>
<heap-resize id="589" type="expand" space="default" amount="2097152" count="1" timems="0.060" reason="excessive time being spent in gc" timestamp="2019-06-16T01:53:37.080" />
<gc-end id="590" type="partial gc" contextid="584" durationms="2.755" usertimems="4.000" systemtimems="4.000" timestamp="2019-06-16T01:53:37.080" activeThreads="4">
  <mem-info id="591" free="75497472" total="125829120" percent="60">
    <mem type="eden" free="968984" total="1048576" percent="92" />
    <remembered-set count="30240" freebytes="4901760" totalbytes="5022720" percent="97" regionsoverflowed="0" regionsstable="2" regionsrebuilding="0"/>
  </mem-info>
</gc-end>
<cycle-end id="592" type="partial gc" contextid="584" timestamp="2019-06-16T01:53:37.080" />
  <attribute name="elasticGC enabled" value="1" />
  <attribute name= "numThreadsSpecified" value="4" />
  <attribute name="heapSize specified" value="0" />
  <attribute name="Current GC Util" value="52" />
  <attribute name= "Current Time Running" value="2384" />
  <attribute name ="GC Interval" value="0" />
  <attribute name="ProportionalT" value="48.000000" />
  <attribute name="ProportionalI" value="48.000000" />
  <attribute name="ProportionalH" value="48.000000" />
  <attribute name="Current Error" value="32.000000" />
  <attribute name="IntegralT" value="32.000000" />
  <attribute name="IntegralI" value="32.000000" />
  <attribute name="IntegralH" value="32.000000" />
  <attribute name="DerivativeT" value="32.000000" />
  <attribute name="DerivativeI" value="32.000000" />
  <attribute name="DerivativeH" value="32.000000" />
  <attribute name="Loop Time for DT" value="1.000000" />
  <attribute name="Output H" value="8388608"/>
  <attribute name="Output I" value="200"/>
  <attribute name="Output T" value="4"/>
  <attribute name="Target GC Util Change" value ="20.000000" />
  <attribute name="Current GC Util Change" value="52.000000"/>
  <attribute name="GC Util currently" value="52" />
  <attribute name="CPU Util currently" value="21550840985674" />
<exclusive-end id="593" timestamp="2019-06-16T01:53:37.080" durationms="3.400" />

<exclusive-start id="594" timestamp="2019-06-16T01:53:37.102" intervalms="25.367">
  <response-info timems="0.021" idlems="0.021" threads="0" lastid="0000000000D5F500" lastname="Thread-10" />
</exclusive-start>
<allocation-taxation id="595" taxation-threshold="37748736" timestamp="2019-06-16T01:53:37.103" intervalms="25.436" />
<cycle-start id="596" type="partial gc" contextid="0" timestamp="2019-06-16T01:53:37.103" intervalms="25.441" />
<gc-start id="597" type="partial gc" contextid="596" timestamp="2019-06-16T01:53:37.103">
  <mem-info id="598" free="37748736" total="125829120" percent="30">
    <mem type="eden" free="0" total="37748736" percent="0" />
    <remembered-set count="30016" freebytes="4902656" totalbytes="5022720" percent="97" regionsoverflowed="0" regionsstable="2" regionsrebuilding="0"/>
  </mem-info>
</gc-start>
<allocation-stats totalBytes="37744192" >
  <allocated-bytes non-tlh="0" tlh="37744192" arrayletleaf="0"/>
  <largest-consumer threadName="Thread-10" threadId="0000000000D5F500" bytes="12577328" />
</allocation-stats>
<gc-op id="599" type="copy forward" timems="2.412" contextid="596" timestamp="2019-06-16T01:53:37.106">
  <memory-copied type="eden" objects="8674" bytes="346872" bytesdiscarded="0" />
  <memory-copied type="other" objects="5366" bytes="128784" bytesdiscarded="0" />
  <memory-cardclean objects="9676" bytes="499096" />
  <regions eden="36" other="2" />
  <remembered-set-cleared processed="26551" cleared="930" durationms="0.280" />
  <stringconstants candidates="4597" cleared="0"  />
</gc-op>
<gc-op id="600" type="classunload" timems="0.002" contextid="596" timestamp="2019-06-16T01:53:37.106">
  <classunload-info classloadercandidates="8" classloadersunloaded="0" classesunloaded="0" anonymousclassesunloaded="0" quiescems="0.000" setupms="0.002" scanms="0.000" postms="0.000" />
</gc-op>
<heap-resize id="601" type="expand" space="default" amount="3145728" count="1" timems="0.066" reason="excessive time being spent in gc" timestamp="2019-06-16T01:53:37.106" />
<gc-end id="602" type="partial gc" contextid="596" durationms="3.284" usertimems="0.000" systemtimems="0.000" timestamp="2019-06-16T01:53:37.106" activeThreads="1">
  <mem-info id="603" free="77594624" total="128974848" percent="60">
    <mem type="eden" free="701704" total="1048576" percent="66" />
    <remembered-set count="30976" freebytes="5024384" totalbytes="5148288" percent="97" regionsoverflowed="0" regionsstable="2" regionsrebuilding="0"/>
  </mem-info>
</gc-end>
<cycle-end id="604" type="partial gc" contextid="596" timestamp="2019-06-16T01:53:37.106" />
  <attribute name="elasticGC enabled" value="1" />
  <attribute name= "numThreadsSpecified" value="1" />
  <attribute name="heapSize specified" value="0" />
  <attribute name="Current GC Util" value="44" />
  <attribute name= "Current Time Running" value="2409" />
  <attribute name ="GC Interval" value="0" />
  <attribute name="ProportionalT" value="36.000000" />
  <attribute name="ProportionalI" value="36.000000" />
  <attribute name="ProportionalH" value="36.000000" />
  <attribute name="Current Error" value="24.000000" />
  <attribute name="IntegralT" value="0.000000" />
  <attribute name="IntegralI" value="0.000000" />
  <attribute name="IntegralH" value="0.000000" />
  <attribute name="DerivativeT" value="inf" />
  <attribute name="DerivativeI" value="inf" />
  <attribute name="DerivativeH" value="inf" />
  <attribute name="Loop Time for DT" value="0.000000" />
  <attribute name="Output H" value="8388608"/>
  <attribute name="Output I" value="200"/>
  <attribute name="Output T" value="1"/>
  <attribute name="Target GC Util Change" value ="20.000000" />
  <attribute name="Current GC Util Change" value="44.000000"/>
  <attribute name="GC Util currently" value="44" />
  <attribute name="CPU Util currently" value="21851671507310" />
<exclusive-end id="605" timestamp="2019-06-16T01:53:37.106" durationms="3.913" />

<exclusive-start id="606" timestamp="2019-06-16T01:53:37.130" intervalms="27.298">
  <response-info timems="0.021" idlems="0.021" threads="0" lastid="0000000000D5B900" lastname="Thread-7" />
</exclusive-start>
<allocation-taxation id="607" taxation-threshold="38797312" timestamp="2019-06-16T01:53:37.130" intervalms="27.312" />
<cycle-start id="608" type="partial gc" contextid="0" timestamp="2019-06-16T01:53:37.130" intervalms="27.376" />
<gc-start id="609" type="partial gc" contextid="608" timestamp="2019-06-16T01:53:37.130">
  <mem-info id="610" free="38797312" total="128974848" percent="30">
    <mem type="eden" free="0" total="38797312" percent="0" />
    <remembered-set count="30560" freebytes="5026048" totalbytes="5148288" percent="97" regionsoverflowed="0" regionsstable="2" regionsrebuilding="0"/>
  </mem-info>
</gc-start>
<allocation-stats totalBytes="38792432" >
  <allocated-bytes non-tlh="0" tlh="38792432" arrayletleaf="0"/>
  <largest-consumer threadName="Thread-10" threadId="0000000000D5F500" bytes="11614816" />
</allocation-stats>
<gc-op id="611" type="copy forward" timems="2.609" contextid="608" timestamp="2019-06-16T01:53:37.133">
  <memory-copied type="eden" objects="4287" bytes="104864" bytesdiscarded="0" />
  <memory-copied type="other" objects="11248" bytes="407328" bytesdiscarded="0" />
  <memory-cardclean objects="9305" bytes="462832" />
  <regions eden="37" other="2" />
  <remembered-set-cleared processed="27311" cleared="1112" durationms="0.292" />
  <stringconstants candidates="4597" cleared="0"  />
</gc-op>
<gc-op id="612" type="classunload" timems="0.002" contextid="608" timestamp="2019-06-16T01:53:37.133">
  <classunload-info classloadercandidates="8" classloadersunloaded="0" classesunloaded="0" anonymousclassesunloaded="0" quiescems="0.000" setupms="0.002" scanms="0.000" postms="0.000" />
</gc-op>
<heap-resize id="613" type="expand" space="default" amount="2097152" count="1" timems="0.059" reason="excessive time being spent in gc" timestamp="2019-06-16T01:53:37.134" />
<gc-end id="614" type="partial gc" contextid="608" durationms="3.569" usertimems="0.000" systemtimems="4.000" timestamp="2019-06-16T01:53:37.134" activeThreads="1">
  <mem-info id="615" free="78643200" total="131072000" percent="60">
    <mem type="eden" free="943712" total="1048576" percent="89" />
    <remembered-set count="31584" freebytes="5105664" totalbytes="5232000" percent="97" regionsoverflowed="0" regionsstable="2" regionsrebuilding="0"/>
  </mem-info>
</gc-end>
<cycle-end id="616" type="partial gc" contextid="608" timestamp="2019-06-16T01:53:37.134" />
  <attribute name="elasticGC enabled" value="1" />
  <attribute name= "numThreadsSpecified" value="1" />
  <attribute name="heapSize specified" value="0" />
  <attribute name="Current GC Util" value="53" />
  <attribute name= "Current Time Running" value="2436" />
  <attribute name ="GC Interval" value="0" />
  <attribute name="ProportionalT" value="49.500000" />
  <attribute name="ProportionalI" value="49.500000" />
  <attribute name="ProportionalH" value="49.500000" />
  <attribute name="Current Error" value="33.000000" />
  <attribute name="IntegralT" value="0.000000" />
  <attribute name="IntegralI" value="0.000000" />
  <attribute name="IntegralH" value="0.000000" />
  <attribute name="DerivativeT" value="inf" />
  <attribute name="DerivativeI" value="inf" />
  <attribute name="DerivativeH" value="inf" />
  <attribute name="Loop Time for DT" value="0.000000" />
  <attribute name="Output H" value="8388608"/>
  <attribute name="Output I" value="200"/>
  <attribute name="Output T" value="1"/>
  <attribute name="Target GC Util Change" value ="20.000000" />
  <attribute name="Current GC Util Change" value="53.000000"/>
  <attribute name="GC Util currently" value="53" />
  <attribute name="CPU Util currently" value="22171887157868" />
<exclusive-end id="617" timestamp="2019-06-16T01:53:37.134" durationms="4.336" />

<exclusive-start id="618" timestamp="2019-06-16T01:53:37.157" intervalms="26.784">
  <response-info timems="0.049" idlems="0.049" threads="0" lastid="0000000000D5B900" lastname="Thread-7" />
</exclusive-start>
<allocation-taxation id="619" taxation-threshold="38797312" timestamp="2019-06-16T01:53:37.157" intervalms="26.813" />
<cycle-start id="620" type="partial gc" contextid="0" timestamp="2019-06-16T01:53:37.157" intervalms="26.770" />
<gc-start id="621" type="partial gc" contextid="620" timestamp="2019-06-16T01:53:37.157">
  <mem-info id="622" free="39845888" total="131072000" percent="30">
    <mem type="eden" free="0" total="38797312" percent="0" />
    <remembered-set count="31456" freebytes="5106176" totalbytes="5232000" percent="97" regionsoverflowed="0" regionsstable="2" regionsrebuilding="0"/>
  </mem-info>
</gc-start>
<allocation-stats totalBytes="38792488" >
  <allocated-bytes non-tlh="0" tlh="38792488" arrayletleaf="0"/>
  <largest-consumer threadName="Thread-9" threadId="0000000000D57D00" bytes="11778592" />
</allocation-stats>
<gc-op id="623" type="copy forward" timems="3.466" contextid="620" timestamp="2019-06-16T01:53:37.161">
  <memory-copied type="eden" objects="15271" bytes="642296" bytesdiscarded="0" />
  <memory-copied type="other" objects="12370" bytes="434256" bytesdiscarded="0" />
  <memory-cardclean objects="7346" bytes="376432" />
  <regions eden="37" other="2" />
  <remembered-set-cleared processed="28123" cleared="1191" durationms="0.322" />
  <stringconstants candidates="4597" cleared="0"  />
</gc-op>
<gc-op id="624" type="classunload" timems="0.003" contextid="620" timestamp="2019-06-16T01:53:37.161">
  <classunload-info classloadercandidates="8" classloadersunloaded="0" classesunloaded="0" anonymousclassesunloaded="0" quiescems="0.000" setupms="0.003" scanms="0.000" postms="0.000" />
</gc-op>
<heap-resize id="625" type="expand" space="default" amount="3145728" count="1" timems="0.077" reason="excessive time being spent in gc" timestamp="2019-06-16T01:53:37.161" />
<gc-end id="626" type="partial gc" contextid="620" durationms="4.536" usertimems="0.000" systemtimems="4.000" timestamp="2019-06-16T01:53:37.162" activeThreads="1">
  <mem-info id="627" free="80740352" total="134217728" percent="60">
    <mem type="eden" free="406280" total="1048576" percent="38" />
    <remembered-set count="32288" freebytes="5228416" totalbytes="5357568" percent="97" regionsoverflowed="0" regionsstable="2" regionsrebuilding="0"/>
  </mem-info>
</gc-end>
<cycle-end id="628" type="partial gc" contextid="620" timestamp="2019-06-16T01:53:37.162" />
  <attribute name="elasticGC enabled" value="1" />
  <attribute name= "numThreadsSpecified" value="1" />
  <attribute name="heapSize specified" value="0" />
  <attribute name="Current GC Util" value="49" />
  <attribute name= "Current Time Running" value="2463" />
  <attribute name ="GC Interval" value="0" />
  <attribute name="ProportionalT" value="43.500000" />
  <attribute name="ProportionalI" value="43.500000" />
  <attribute name="ProportionalH" value="43.500000" />
  <attribute name="Current Error" value="29.000000" />
  <attribute name="IntegralT" value="0.000000" />
  <attribute name="IntegralI" value="0.000000" />
  <attribute name="IntegralH" value="0.000000" />
  <attribute name="DerivativeT" value="inf" />
  <attribute name="DerivativeI" value="inf" />
  <attribute name="DerivativeH" value="inf" />
  <attribute name="Loop Time for DT" value="0.000000" />
  <attribute name="Output H" value="8388608"/>
  <attribute name="Output I" value="200"/>
  <attribute name="Output T" value="1"/>
  <attribute name="Target GC Util Change" value ="20.000000" />
  <attribute name="Current GC Util Change" value="49.000000"/>
  <attribute name="GC Util currently" value="49" />
  <attribute name="CPU Util currently" value="19229860907953" />
<exclusive-end id="629" timestamp="2019-06-16T01:53:37.162" durationms="5.358" />

<exclusive-start id="630" timestamp="2019-06-16T01:53:37.189" intervalms="32.542">
  <response-info timems="0.025" idlems="0.025" threads="0" lastid="0000000000D5B900" lastname="Thread-7" />
</exclusive-start>
<allocation-taxation id="631" taxation-threshold="39845888" timestamp="2019-06-16T01:53:37.189" intervalms="32.542" />
<cycle-start id="632" type="partial gc" contextid="0" timestamp="2019-06-16T01:53:37.189" intervalms="32.588" />
<gc-start id="633" type="partial gc" contextid="632" timestamp="2019-06-16T01:53:37.190">
  <mem-info id="634" free="40894464" total="134217728" percent="30">
    <mem type="eden" free="0" total="39845888" percent="0" />
    <remembered-set count="32192" freebytes="5228800" totalbytes="5357568" percent="97" regionsoverflowed="0" regionsstable="2" regionsrebuilding="0"/>
  </mem-info>
</gc-start>
<allocation-stats totalBytes="39841304" >
  <allocated-bytes non-tlh="0" tlh="39841304" arrayletleaf="0"/>
  <largest-consumer threadName="Thread-9" threadId="0000000000D57D00" bytes="13093432" />
</allocation-stats>
<gc-op id="635" type="copy forward" timems="3.342" contextid="632" timestamp="2019-06-16T01:53:37.194">
  <memory-copied type="eden" objects="4261" bytes="103456" bytesdiscarded="0" />
  <memory-copied type="other" objects="19009" bytes="730968" bytesdiscarded="0" />
  <memory-cardclean objects="9251" bytes="483304" />
  <regions eden="38" other="2" />
  <remembered-set-cleared processed="28843" cleared="1220" durationms="0.316" />
  <stringconstants candidates="4597" cleared="0"  />
</gc-op>
<gc-op id="636" type="classunload" timems="0.003" contextid="632" timestamp="2019-06-16T01:53:37.194">
  <classunload-info classloadercandidates="8" classloadersunloaded="0" classesunloaded="0" anonymousclassesunloaded="0" quiescems="0.000" setupms="0.002" scanms="0.000" postms="0.000" />
</gc-op>
<heap-resize id="637" type="expand" space="default" amount="2097152" count="1" timems="0.063" reason="excessive time being spent in gc" timestamp="2019-06-16T01:53:37.194" />
<gc-end id="638" type="partial gc" contextid="632" durationms="4.506" usertimems="4.000" systemtimems="0.000" timestamp="2019-06-16T01:53:37.194" activeThreads="1">
  <mem-info id="639" free="81788928" total="136314880" percent="60">
    <mem type="eden" free="945120" total="1048576" percent="90" />
    <remembered-set count="33536" freebytes="5307136" totalbytes="5441280" percent="97" regionsoverflowed="0" regionsstable="2" regionsrebuilding="0"/>
  </mem-info>
</gc-end>
<cycle-end id="640" type="partial gc" contextid="632" timestamp="2019-06-16T01:53:37.194" />
  <attribute name="elasticGC enabled" value="1" />
  <attribute name= "numThreadsSpecified" value="1" />
  <attribute name="heapSize specified" value="0" />
  <attribute name="Current GC Util" value="52" />
  <attribute name= "Current Time Running" value="2496" />
  <attribute name ="GC Interval" value="0" />
  <attribute name="ProportionalT" value="48.000000" />
  <attribute name="ProportionalI" value="48.000000" />
  <attribute name="ProportionalH" value="48.000000" />
  <attribute name="Current Error" value="32.000000" />
  <attribute name="IntegralT" value="0.000000" />
  <attribute name="IntegralI" value="0.000000" />
  <attribute name="IntegralH" value="0.000000" />
  <attribute name="DerivativeT" value="inf" />
  <attribute name="DerivativeI" value="inf" />
  <attribute name="DerivativeH" value="inf" />
  <attribute name="Loop Time for DT" value="0.000000" />
  <attribute name="Output H" value="8388608"/>
  <attribute name="Output I" value="200"/>
  <attribute name="Output T" value="1"/>
  <attribute name="Target GC Util Change" value ="20.000000" />
  <attribute name="Current GC Util Change" value="52.000000"/>
  <attribute name="GC Util currently" value="52" />
  <attribute name="CPU Util currently" value="19915126131824" />
<exclusive-end id="641" timestamp="2019-06-16T01:53:37.194" durationms="5.429" />

<exclusive-start id="642" timestamp="2019-06-16T01:53:37.218" intervalms="29.366">
  <response-info timems="0.045" idlems="0.043" threads="1" lastid="0000000000D63100" lastname="Thread-8" />
</exclusive-start>
<allocation-taxation id="643" taxation-threshold="40894464" timestamp="2019-06-16T01:53:37.219" intervalms="29.257" />
<cycle-start id="644" type="partial gc" contextid="0" timestamp="2019-06-16T01:53:37.219" intervalms="29.190" />
<gc-start id="645" type="partial gc" contextid="644" timestamp="2019-06-16T01:53:37.219">
  <mem-info id="646" free="40894464" total="136314880" percent="30">
    <mem type="eden" free="0" total="40894464" percent="0" />
    <remembered-set count="33184" freebytes="5308544" totalbytes="5441280" percent="97" regionsoverflowed="0" regionsstable="2" regionsrebuilding="0"/>
  </mem-info>
</gc-start>
<allocation-stats totalBytes="40889296" >
  <allocated-bytes non-tlh="0" tlh="40889296" arrayletleaf="0"/>
  <largest-consumer threadName="Thread-9" threadId="0000000000D57D00" bytes="11934168" />
</allocation-stats>
<gc-op id="647" type="copy forward" timems="2.566" contextid="644" timestamp="2019-06-16T01:53:37.222">
  <memory-copied type="eden" objects="4316" bytes="104864" bytesdiscarded="0" />
  <memory-copied type="other" objects="11436" bytes="415920" bytesdiscarded="0" />
  <memory-cardclean objects="6720" bytes="342448" />
  <regions eden="39" other="2" />
  <remembered-set-cleared processed="29784" cleared="1366" durationms="0.315" />
  <stringconstants candidates="4597" cleared="0"  />
</gc-op>
<gc-op id="648" type="classunload" timems="0.002" contextid="644" timestamp="2019-06-16T01:53:37.222">
  <classunload-info classloadercandidates="8" classloadersunloaded="0" classesunloaded="0" anonymousclassesunloaded="0" quiescems="0.000" setupms="0.002" scanms="0.000" postms="0.000" />
</gc-op>
<heap-resize id="649" type="expand" space="default" amount="3145728" count="1" timems="0.067" reason="excessive time being spent in gc" timestamp="2019-06-16T01:53:37.222" />
<gc-end id="650" type="partial gc" contextid="644" durationms="3.628" usertimems="4.000" systemtimems="0.000" timestamp="2019-06-16T01:53:37.222" activeThreads="1">
  <mem-info id="651" free="83886080" total="139460608" percent="60">
    <mem type="eden" free="943712" total="1048576" percent="89" />
    <remembered-set count="33824" freebytes="5431552" totalbytes="5566848" percent="97" regionsoverflowed="0" regionsstable="2" regionsrebuilding="0"/>
  </mem-info>
</gc-end>
<cycle-end id="652" type="partial gc" contextid="644" timestamp="2019-06-16T01:53:37.222" />
  <attribute name="elasticGC enabled" value="1" />
  <attribute name= "numThreadsSpecified" value="1" />
  <attribute name="heapSize specified" value="0" />
  <attribute name="Current GC Util" value="49" />
  <attribute name= "Current Time Running" value="2525" />
  <attribute name ="GC Interval" value="0" />
  <attribute name="ProportionalT" value="43.500000" />
  <attribute name="ProportionalI" value="43.500000" />
  <attribute name="ProportionalH" value="43.500000" />
  <attribute name="Current Error" value="29.000000" />
  <attribute name="IntegralT" value="0.000000" />
  <attribute name="IntegralI" value="0.000000" />
  <attribute name="IntegralH" value="0.000000" />
  <attribute name="DerivativeT" value="inf" />
  <attribute name="DerivativeI" value="inf" />
  <attribute name="DerivativeH" value="inf" />
  <attribute name="Loop Time for DT" value="0.000000" />
  <attribute name="Output H" value="8388608"/>
  <attribute name="Output I" value="200"/>
  <attribute name="Output T" value="1"/>
  <attribute name="Target GC Util Change" value ="20.000000" />
  <attribute name="Current GC Util Change" value="49.000000"/>
  <attribute name="GC Util currently" value="49" />
  <attribute name="CPU Util currently" value="21288798674464" />
<exclusive-end id="653" timestamp="2019-06-16T01:53:37.223" durationms="4.281" />

<exclusive-start id="654" timestamp="2019-06-16T01:53:37.250" intervalms="31.826">
  <response-info timems="0.023" idlems="0.023" threads="0" lastid="0000000000D5F500" lastname="Thread-10" />
</exclusive-start>
<allocation-taxation id="655" taxation-threshold="40894464" timestamp="2019-06-16T01:53:37.250" intervalms="31.838" />
<cycle-start id="656" type="partial gc" contextid="0" timestamp="2019-06-16T01:53:37.250" intervalms="31.841" />
<gc-start id="657" type="partial gc" contextid="656" timestamp="2019-06-16T01:53:37.251">
  <mem-info id="658" free="42991616" total="139460608" percent="30">
    <mem type="eden" free="0" total="40894464" percent="0" />
    <remembered-set count="33408" freebytes="5433216" totalbytes="5566848" percent="97" regionsoverflowed="0" regionsstable="2" regionsrebuilding="0"/>
  </mem-info>
</gc-start>
<allocation-stats totalBytes="40889728" >
  <allocated-bytes non-tlh="0" tlh="40889728" arrayletleaf="0"/>
  <largest-consumer threadName="Thread-7" threadId="0000000000D5B900" bytes="11131792" />
</allocation-stats>
<gc-op id="659" type="copy forward" timems="2.725" contextid="656" timestamp="2019-06-16T01:53:37.254">
  <memory-copied type="eden" objects="22422" bytes="951520" bytesdiscarded="17088" />
  <memory-copied type="other" objects="6495" bytes="155880" bytesdiscarded="2480" />
  <memory-cardclean objects="8506" bytes="451240" />
  <regions eden="39" other="2" />
  <remembered-set-cleared processed="30083" cleared="885" durationms="0.193" />
  <stringconstants candidates="4597" cleared="0"  />
</gc-op>
<gc-op id="660" type="classunload" timems="0.002" contextid="656" timestamp="2019-06-16T01:53:37.254">
  <classunload-info classloadercandidates="8" classloadersunloaded="0" classesunloaded="0" anonymousclassesunloaded="0" quiescems="0.000" setupms="0.002" scanms="0.000" postms="0.000" />
</gc-op>
<heap-resize id="661" type="expand" space="default" amount="2097152" count="1" timems="0.062" reason="excessive time being spent in gc" timestamp="2019-06-16T01:53:37.254" />
<gc-end id="662" type="partial gc" contextid="656" durationms="3.618" usertimems="8.000" systemtimems="0.000" timestamp="2019-06-16T01:53:37.254" activeThreads="4">
  <mem-info id="663" free="84934656" total="141557760" percent="60">
    <mem type="eden" free="79968" total="1048576" percent="7" />
    <remembered-set count="34976" freebytes="5510656" totalbytes="5650560" percent="97" regionsoverflowed="0" regionsstable="2" regionsrebuilding="0"/>
  </mem-info>
</gc-end>
<cycle-end id="664" type="partial gc" contextid="656" timestamp="2019-06-16T01:53:37.254" />
  <attribute name="elasticGC enabled" value="1" />
  <attribute name= "numThreadsSpecified" value="4" />
  <attribute name="heapSize specified" value="0" />
  <attribute name="Current GC Util" value="51" />
  <attribute name= "Current Time Running" value="2557" />
  <attribute name ="GC Interval" value="0" />
  <attribute name="ProportionalT" value="46.500000" />
  <attribute name="ProportionalI" value="46.500000" />
  <attribute name="ProportionalH" value="46.500000" />
  <attribute name="Current Error" value="31.000000" />
  <attribute name="IntegralT" value="31.000000" />
  <attribute name="IntegralI" value="31.000000" />
  <attribute name="IntegralH" value="31.000000" />
  <attribute name="DerivativeT" value="31.000000" />
  <attribute name="DerivativeI" value="31.000000" />
  <attribute name="DerivativeH" value="31.000000" />
  <attribute name="Loop Time for DT" value="1.000000" />
  <attribute name="Output H" value="8388608"/>
  <attribute name="Output I" value="200"/>
  <attribute name="Output T" value="4"/>
  <attribute name="Target GC Util Change" value ="20.000000" />
  <attribute name="Current GC Util Change" value="51.000000"/>
  <attribute name="GC Util currently" value="51" />
  <attribute name="CPU Util currently" value="20224386748733" />
<exclusive-end id="665" timestamp="2019-06-16T01:53:37.254" durationms="4.192" />

<exclusive-start id="666" timestamp="2019-06-16T01:53:37.284" intervalms="34.185">
  <response-info timems="0.043" idlems="0.022" threads="1" lastid="0000000000D63100" lastname="Thread-8" />
</exclusive-start>
<allocation-taxation id="667" taxation-threshold="41943040" timestamp="2019-06-16T01:53:37.285" intervalms="34.249" />
<cycle-start id="668" type="partial gc" contextid="0" timestamp="2019-06-16T01:53:37.285" intervalms="34.339" />
<gc-start id="669" type="partial gc" contextid="668" timestamp="2019-06-16T01:53:37.285">
  <mem-info id="670" free="42991616" total="141557760" percent="30">
    <mem type="eden" free="0" total="41943040" percent="0" />
    <remembered-set count="34528" freebytes="5512448" totalbytes="5650560" percent="97" regionsoverflowed="0" regionsstable="2" regionsrebuilding="0"/>
  </mem-info>
</gc-start>
<allocation-stats totalBytes="41938232" >
  <allocated-bytes non-tlh="0" tlh="41938232" arrayletleaf="0"/>
  <largest-consumer threadName="Thread-9" threadId="0000000000D57D00" bytes="11700928" />
</allocation-stats>
<gc-op id="671" type="copy forward" timems="4.152" contextid="668" timestamp="2019-06-16T01:53:37.290">
  <memory-copied type="eden" objects="10545" bytes="392008" bytesdiscarded="0" />
  <memory-copied type="other" objects="26253" bytes="1042200" bytesdiscarded="0" />
  <memory-cardclean objects="6137" bytes="322528" />
  <regions eden="40" other="2" />
  <remembered-set-cleared processed="30947" cleared="1180" durationms="0.331" />
  <stringconstants candidates="4597" cleared="0"  />
</gc-op>
<gc-op id="672" type="classunload" timems="0.002" contextid="668" timestamp="2019-06-16T01:53:37.290">
  <classunload-info classloadercandidates="8" classloadersunloaded="0" classesunloaded="0" anonymousclassesunloaded="0" quiescems="0.000" setupms="0.002" scanms="0.000" postms="0.000" />
</gc-op>
<heap-resize id="673" type="expand" space="default" amount="3145728" count="1" timems="0.068" reason="excessive time being spent in gc" timestamp="2019-06-16T01:53:37.290" />
<gc-end id="674" type="partial gc" contextid="668" durationms="5.261" usertimems="0.000" systemtimems="4.000" timestamp="2019-06-16T01:53:37.290" activeThreads="1">
  <mem-info id="675" free="87031808" total="144703488" percent="60">
    <mem type="eden" free="656568" total="1048576" percent="62" />
    <remembered-set count="35872" freebytes="5632640" totalbytes="5776128" percent="97" regionsoverflowed="0" regionsstable="2" regionsrebuilding="0"/>
  </mem-info>
</gc-end>
<cycle-end id="676" type="partial gc" contextid="668" timestamp="2019-06-16T01:53:37.290" />
  <attribute name="elasticGC enabled" value="1" />
  <attribute name= "numThreadsSpecified" value="1" />
  <attribute name="heapSize specified" value="0" />
  <attribute name="Current GC Util" value="45" />
  <attribute name= "Current Time Running" value="2591" />
  <attribute name ="GC Interval" value="0" />
  <attribute name="ProportionalT" value="37.500000" />
  <attribute name="ProportionalI" value="37.500000" />
  <attribute name="ProportionalH" value="37.500000" />
  <attribute name="Current Error" value="25.000000" />
  <attribute name="IntegralT" value="0.000000" />
  <attribute name="IntegralI" value="0.000000" />
  <attribute name="IntegralH" value="0.000000" />
  <attribute name="DerivativeT" value="inf" />
  <attribute name="DerivativeI" value="inf" />
  <attribute name="DerivativeH" value="inf" />
  <attribute name="Loop Time for DT" value="0.000000" />
  <attribute name="Output H" value="8388608"/>
  <attribute name="Output I" value="200"/>
  <attribute name="Output T" value="1"/>
  <attribute name="Target GC Util Change" value ="20.000000" />
  <attribute name="Current GC Util Change" value="45.000000"/>
  <attribute name="GC Util currently" value="45" />
  <attribute name="CPU Util currently" value="18315240622827" />
<exclusive-end id="677" timestamp="2019-06-16T01:53:37.291" durationms="6.166" />

<exclusive-start id="678" timestamp="2019-06-16T01:53:37.323" intervalms="38.109">
  <response-info timems="0.036" idlems="0.036" threads="0" lastid="0000000000D57D00" lastname="Thread-9" />
</exclusive-start>
<allocation-taxation id="679" taxation-threshold="42991616" timestamp="2019-06-16T01:53:37.323" intervalms="38.057" />
<cycle-start id="680" type="partial gc" contextid="0" timestamp="2019-06-16T01:53:37.323" intervalms="37.965" />
<gc-start id="681" type="partial gc" contextid="680" timestamp="2019-06-16T01:53:37.323">
  <mem-info id="682" free="44040192" total="144703488" percent="30">
    <mem type="eden" free="0" total="42991616" percent="0" />
    <remembered-set count="35616" freebytes="5633664" totalbytes="5776128" percent="97" regionsoverflowed="0" regionsstable="2" regionsrebuilding="0"/>
  </mem-info>
</gc-start>
<allocation-stats totalBytes="42987072" >
  <allocated-bytes non-tlh="0" tlh="42987072" arrayletleaf="0"/>
  <largest-consumer threadName="Thread-10" threadId="0000000000D5F500" bytes="12794360" />
</allocation-stats>
<gc-op id="683" type="copy forward" timems="4.215" contextid="680" timestamp="2019-06-16T01:53:37.328">
  <memory-copied type="eden" objects="9041" bytes="355584" bytesdiscarded="0" />
  <memory-copied type="other" objects="28723" bytes="1101480" bytesdiscarded="0" />
  <memory-cardclean objects="6101" bytes="321208" />
  <regions eden="41" other="3" />
  <remembered-set-cleared processed="31268" cleared="1501" durationms="0.325" />
  <stringconstants candidates="4597" cleared="0"  />
</gc-op>
<gc-op id="684" type="classunload" timems="0.002" contextid="680" timestamp="2019-06-16T01:53:37.328">
  <classunload-info classloadercandidates="8" classloadersunloaded="0" classesunloaded="0" anonymousclassesunloaded="0" quiescems="0.000" setupms="0.002" scanms="0.000" postms="0.000" />
</gc-op>
<heap-resize id="685" type="expand" space="default" amount="2097152" count="1" timems="0.062" reason="excessive time being spent in gc" timestamp="2019-06-16T01:53:37.328" />
<gc-end id="686" type="partial gc" contextid="680" durationms="5.316" usertimems="4.000" systemtimems="0.000" timestamp="2019-06-16T01:53:37.328" activeThreads="1">
  <mem-info id="687" free="88080384" total="146800640" percent="60">
    <mem type="eden" free="692992" total="1048576" percent="66" />
    <remembered-set count="36608" freebytes="5713408" totalbytes="5859840" percent="97" regionsoverflowed="0" regionsstable="2" regionsrebuilding="0"/>
  </mem-info>
</gc-end>
<cycle-end id="688" type="partial gc" contextid="680" timestamp="2019-06-16T01:53:37.328" />
  <attribute name="elasticGC enabled" value="1" />
  <attribute name= "numThreadsSpecified" value="1" />
  <attribute name="heapSize specified" value="0" />
  <attribute name="Current GC Util" value="52" />
  <attribute name= "Current Time Running" value="2629" />
  <attribute name ="GC Interval" value="0" />
  <attribute name="ProportionalT" value="48.000000" />
  <attribute name="ProportionalI" value="48.000000" />
  <attribute name="ProportionalH" value="48.000000" />
  <attribute name="Current Error" value="32.000000" />
  <attribute name="IntegralT" value="0.000000" />
  <attribute name="IntegralI" value="0.000000" />
  <attribute name="IntegralH" value="0.000000" />
  <attribute name="DerivativeT" value="inf" />
  <attribute name="DerivativeI" value="inf" />
  <attribute name="DerivativeH" value="inf" />
  <attribute name="Loop Time for DT" value="0.000000" />
  <attribute name="Output H" value="8388608"/>
  <attribute name="Output I" value="200"/>
  <attribute name="Output T" value="1"/>
  <attribute name="Target GC Util Change" value ="20.000000" />
  <attribute name="Current GC Util Change" value="52.000000"/>
  <attribute name="GC Util currently" value="52" />
  <attribute name="CPU Util currently" value="19249767344515" />
<exclusive-end id="689" timestamp="2019-06-16T01:53:37.329" durationms="6.079" />

<exclusive-start id="690" timestamp="2019-06-16T01:53:37.359" intervalms="36.357">
  <response-info timems="0.031" idlems="0.031" threads="0" lastid="0000000000D5F500" lastname="Thread-10" />
</exclusive-start>
<allocation-taxation id="691" taxation-threshold="42991616" timestamp="2019-06-16T01:53:37.359" intervalms="36.407" />
<cycle-start id="692" type="partial gc" contextid="0" timestamp="2019-06-16T01:53:37.359" intervalms="36.412" />
<gc-start id="693" type="partial gc" contextid="692" timestamp="2019-06-16T01:53:37.359">
  <mem-info id="694" free="45088768" total="146800640" percent="30">
    <mem type="eden" free="0" total="42991616" percent="0" />
    <remembered-set count="36256" freebytes="5714816" totalbytes="5859840" percent="97" regionsoverflowed="0" regionsstable="2" regionsrebuilding="0"/>
  </mem-info>
</gc-start>
<allocation-stats totalBytes="42986328" >
  <allocated-bytes non-tlh="0" tlh="42986328" arrayletleaf="0"/>
  <largest-consumer threadName="Thread-7" threadId="0000000000D5B900" bytes="13167112" />
</allocation-stats>
<gc-op id="695" type="copy forward" timems="2.857" contextid="692" timestamp="2019-06-16T01:53:37.363">
  <memory-copied type="eden" objects="13253" bytes="460448" bytesdiscarded="5040" />
  <memory-copied type="other" objects="17115" bytes="685512" bytesdiscarded="5376" />
  <memory-cardclean objects="7292" bytes="411400" />
  <regions eden="41" other="2" />
  <remembered-set-cleared processed="32079" cleared="740" durationms="0.210" />
  <stringconstants candidates="4597" cleared="0"  />
</gc-op>
<gc-op id="696" type="classunload" timems="0.002" contextid="692" timestamp="2019-06-16T01:53:37.363">
  <classunload-info classloadercandidates="8" classloadersunloaded="0" classesunloaded="0" anonymousclassesunloaded="0" quiescems="0.000" setupms="0.002" scanms="0.000" postms="0.000" />
</gc-op>
<heap-resize id="697" type="expand" space="default" amount="3145728" count="1" timems="0.070" reason="excessive time being spent in gc" timestamp="2019-06-16T01:53:37.363" />
<gc-end id="698" type="partial gc" contextid="692" durationms="3.861" usertimems="8.000" systemtimems="0.000" timestamp="2019-06-16T01:53:37.363" activeThreads="4">
  <mem-info id="699" free="90177536" total="149946368" percent="60">
    <mem type="eden" free="583088" total="1048576" percent="55" />
    <remembered-set count="37216" freebytes="5836544" totalbytes="5985408" percent="97" regionsoverflowed="0" regionsstable="2" regionsrebuilding="0"/>
  </mem-info>
</gc-end>
<cycle-end id="700" type="partial gc" contextid="692" timestamp="2019-06-16T01:53:37.363" />
  <attribute name="elasticGC enabled" value="1" />
  <attribute name= "numThreadsSpecified" value="4" />
  <attribute name="heapSize specified" value="0" />
  <attribute name="Current GC Util" value="46" />
  <attribute name= "Current Time Running" value="2666" />
  <attribute name ="GC Interval" value="0" />
  <attribute name="ProportionalT" value="39.000000" />
  <attribute name="ProportionalI" value="39.000000" />
  <attribute name="ProportionalH" value="39.000000" />
  <attribute name="Current Error" value="26.000000" />
  <attribute name="IntegralT" value="26.000000" />
  <attribute name="IntegralI" value="26.000000" />
  <attribute name="IntegralH" value="26.000000" />
  <attribute name="DerivativeT" value="26.000000" />
  <attribute name="DerivativeI" value="26.000000" />
  <attribute name="DerivativeH" value="26.000000" />
  <attribute name="Loop Time for DT" value="1.000000" />
  <attribute name="Output H" value="8388608"/>
  <attribute name="Output I" value="200"/>
  <attribute name="Output T" value="4"/>
  <attribute name="Target GC Util Change" value ="20.000000" />
  <attribute name="Current GC Util Change" value="46.000000"/>
  <attribute name="GC Util currently" value="46" />
  <attribute name="CPU Util currently" value="16613539632256" />
<exclusive-end id="701" timestamp="2019-06-16T01:53:37.363" durationms="4.585" />

<exclusive-start id="702" timestamp="2019-06-16T01:53:37.397" intervalms="38.037">
  <response-info timems="0.049" idlems="0.048" threads="1" lastid="0000000000D5F500" lastname="Thread-10" />
</exclusive-start>
<allocation-taxation id="703" taxation-threshold="44040192" timestamp="2019-06-16T01:53:37.397" intervalms="38.078" />
<cycle-start id="704" type="partial gc" contextid="0" timestamp="2019-06-16T01:53:37.397" intervalms="38.091" />
<gc-start id="705" type="partial gc" contextid="704" timestamp="2019-06-16T01:53:37.397">
  <mem-info id="706" free="46137344" total="149946368" percent="30">
    <mem type="eden" free="0" total="44040192" percent="0" />
    <remembered-set count="36768" freebytes="5838336" totalbytes="5985408" percent="97" regionsoverflowed="0" regionsstable="2" regionsrebuilding="0"/>
  </mem-info>
</gc-start>
<allocation-stats totalBytes="44034728" >
  <allocated-bytes non-tlh="0" tlh="44034728" arrayletleaf="0"/>
  <largest-consumer threadName="Thread-10" threadId="0000000000D5F500" bytes="14334392" />
</allocation-stats>
<gc-op id="707" type="copy forward" timems="3.118" contextid="704" timestamp="2019-06-16T01:53:37.401">
  <memory-copied type="eden" objects="12850" bytes="446832" bytesdiscarded="24968" />
  <memory-copied type="other" objects="20886" bytes="776016" bytesdiscarded="52408" />
  <memory-cardclean objects="9040" bytes="473176" />
  <regions eden="42" other="2" />
  <remembered-set-cleared processed="32669" cleared="912" durationms="0.220" />
  <stringconstants candidates="4597" cleared="0"  />
</gc-op>
<gc-op id="708" type="classunload" timems="0.002" contextid="704" timestamp="2019-06-16T01:53:37.401">
  <classunload-info classloadercandidates="8" classloadersunloaded="0" classesunloaded="0" anonymousclassesunloaded="0" quiescems="0.000" setupms="0.002" scanms="0.000" postms="0.000" />
</gc-op>
<heap-resize id="709" type="expand" space="default" amount="5242880" count="1" timems="0.080" reason="excessive time being spent in gc" timestamp="2019-06-16T01:53:37.402" />
<gc-end id="710" type="partial gc" contextid="704" durationms="4.164" usertimems="4.000" systemtimems="4.000" timestamp="2019-06-16T01:53:37.402" activeThreads="4">
  <mem-info id="711" free="93323264" total="155189248" percent="60">
    <mem type="eden" free="1625352" total="2097152" percent="77" />
    <remembered-set count="38240" freebytes="6041728" totalbytes="6194688" percent="97" regionsoverflowed="0" regionsstable="2" regionsrebuilding="0"/>
  </mem-info>
</gc-end>
<cycle-end id="712" type="partial gc" contextid="704" timestamp="2019-06-16T01:53:37.402" />
  <attribute name="elasticGC enabled" value="1" />
  <attribute name= "numThreadsSpecified" value="4" />
  <attribute name="heapSize specified" value="0" />
  <attribute name="Current GC Util" value="45" />
  <attribute name= "Current Time Running" value="2704" />
  <attribute name ="GC Interval" value="0" />
  <attribute name="ProportionalT" value="37.500000" />
  <attribute name="ProportionalI" value="37.500000" />
  <attribute name="ProportionalH" value="37.500000" />
  <attribute name="Current Error" value="25.000000" />
  <attribute name="IntegralT" value="25.000000" />
  <attribute name="IntegralI" value="25.000000" />
  <attribute name="IntegralH" value="25.000000" />
  <attribute name="DerivativeT" value="25.000000" />
  <attribute name="DerivativeI" value="25.000000" />
  <attribute name="DerivativeH" value="25.000000" />
  <attribute name="Loop Time for DT" value="1.000000" />
  <attribute name="Output H" value="8388608"/>
  <attribute name="Output I" value="200"/>
  <attribute name="Output T" value="4"/>
  <attribute name="Target GC Util Change" value ="20.000000" />
  <attribute name="Current GC Util Change" value="45.000000"/>
  <attribute name="GC Util currently" value="45" />
  <attribute name="CPU Util currently" value="18936751428825" />
<exclusive-end id="713" timestamp="2019-06-16T01:53:37.402" durationms="5.026" />

<exclusive-start id="714" timestamp="2019-06-16T01:53:37.441" intervalms="44.134">
  <response-info timems="0.219" idlems="0.193" threads="1" lastid="0000000000D57D00" lastname="Thread-9" />
</exclusive-start>
<allocation-taxation id="715" taxation-threshold="45088768" timestamp="2019-06-16T01:53:37.441" intervalms="44.074" />
<cycle-start id="716" type="partial gc" contextid="0" timestamp="2019-06-16T01:53:37.441" intervalms="44.051" />
<gc-start id="717" type="partial gc" contextid="716" timestamp="2019-06-16T01:53:37.442">
  <mem-info id="718" free="48234496" total="155189248" percent="31">
    <mem type="eden" free="0" total="45088768" percent="0" />
    <remembered-set count="38016" freebytes="6042624" totalbytes="6194688" percent="97" regionsoverflowed="0" regionsstable="2" regionsrebuilding="0"/>
  </mem-info>
</gc-start>
<allocation-stats totalBytes="45082848" >
  <allocated-bytes non-tlh="0" tlh="45082848" arrayletleaf="0"/>
  <largest-consumer threadName="Thread-8" threadId="0000000000D63100" bytes="17184632" />
</allocation-stats>
<gc-op id="719" type="copy forward" timems="2.991" contextid="716" timestamp="2019-06-16T01:53:37.445">
  <memory-copied type="eden" objects="13795" bytes="607760" bytesdiscarded="38992" />
  <memory-copied type="other" objects="25214" bytes="879888" bytesdiscarded="40904" />
  <memory-cardclean objects="9811" bytes="495136" />
  <regions eden="43" other="4" />
  <remembered-set-cleared processed="33155" cleared="1454" durationms="0.223" />
  <stringconstants candidates="4597" cleared="0"  />
</gc-op>
<gc-op id="720" type="classunload" timems="0.002" contextid="716" timestamp="2019-06-16T01:53:37.445">
  <classunload-info classloadercandidates="8" classloadersunloaded="0" classesunloaded="0" anonymousclassesunloaded="0" quiescems="0.000" setupms="0.002" scanms="0.000" postms="0.000" />
</gc-op>
<gc-end id="721" type="partial gc" contextid="716" durationms="3.826" usertimems="4.000" systemtimems="4.000" timestamp="2019-06-16T01:53:37.445" activeThreads="4">
  <mem-info id="722" free="93323264" total="155189248" percent="60">
    <mem type="eden" free="401824" total="1048576" percent="38" />
    <remembered-set count="37664" freebytes="6044032" totalbytes="6194688" percent="97" regionsoverflowed="0" regionsstable="2" regionsrebuilding="0"/>
  </mem-info>
</gc-end>
<cycle-end id="723" type="partial gc" contextid="716" timestamp="2019-06-16T01:53:37.446" />
  <attribute name="elasticGC enabled" value="1" />
  <attribute name= "numThreadsSpecified" value="4" />
  <attribute name="heapSize specified" value="0" />
  <attribute name="Current GC Util" value="45" />
  <attribute name= "Current Time Running" value="2748" />
  <attribute name ="GC Interval" value="0" />
  <attribute name="ProportionalT" value="37.500000" />
  <attribute name="ProportionalI" value="37.500000" />
  <attribute name="ProportionalH" value="37.500000" />
  <attribute name="Current Error" value="25.000000" />
  <attribute name="IntegralT" value="25.000000" />
  <attribute name="IntegralI" value="25.000000" />
  <attribute name="IntegralH" value="25.000000" />
  <attribute name="DerivativeT" value="25.000000" />
  <attribute name="DerivativeI" value="25.000000" />
  <attribute name="DerivativeH" value="25.000000" />
  <attribute name="Loop Time for DT" value="1.000000" />
  <attribute name="Output H" value="8388608"/>
  <attribute name="Output I" value="200"/>
  <attribute name="Output T" value="4"/>
  <attribute name="Target GC Util Change" value ="20.000000" />
  <attribute name="Current GC Util Change" value="45.000000"/>
  <attribute name="GC Util currently" value="45" />
  <attribute name="CPU Util currently" value="16823295985592" />
<exclusive-end id="724" timestamp="2019-06-16T01:53:37.446" durationms="4.677" />

<exclusive-start id="725" timestamp="2019-06-16T01:53:37.480" intervalms="38.684">
  <response-info timems="0.208" idlems="0.187" threads="1" lastid="0000000000D57D00" lastname="Thread-9" />
</exclusive-start>
<allocation-taxation id="726" taxation-threshold="45088768" timestamp="2019-06-16T01:53:37.480" intervalms="38.705" />
<cycle-start id="727" type="partial gc" contextid="0" timestamp="2019-06-16T01:53:37.480" intervalms="38.719" />
<gc-start id="728" type="partial gc" contextid="727" timestamp="2019-06-16T01:53:37.480">
  <mem-info id="729" free="48234496" total="155189248" percent="31">
    <mem type="eden" free="0" total="45088768" percent="0" />
    <remembered-set count="37408" freebytes="6045056" totalbytes="6194688" percent="97" regionsoverflowed="0" regionsstable="2" regionsrebuilding="0"/>
  </mem-info>
</gc-start>
<allocation-stats totalBytes="45082784" >
  <allocated-bytes non-tlh="0" tlh="45082784" arrayletleaf="0"/>
  <largest-consumer threadName="Thread-8" threadId="0000000000D63100" bytes="15706000" />
</allocation-stats>
<gc-op id="730" type="copy forward" timems="2.793" contextid="727" timestamp="2019-06-16T01:53:37.484">
  <memory-copied type="eden" objects="7402" bytes="316536" bytesdiscarded="1272" />
  <memory-copied type="other" objects="25838" bytes="1032240" bytesdiscarded="38576" />
  <memory-cardclean objects="6233" bytes="323488" />
  <regions eden="43" other="3" />
  <remembered-set-cleared processed="33645" cleared="1256" durationms="0.226" />
  <stringconstants candidates="4597" cleared="0"  />
</gc-op>
<gc-op id="731" type="classunload" timems="0.002" contextid="727" timestamp="2019-06-16T01:53:37.484">
  <classunload-info classloadercandidates="8" classloadersunloaded="0" classesunloaded="0" anonymousclassesunloaded="0" quiescems="0.000" setupms="0.002" scanms="0.000" postms="0.000" />
</gc-op>
<gc-end id="732" type="partial gc" contextid="727" durationms="3.875" usertimems="8.000" systemtimems="0.000" timestamp="2019-06-16T01:53:37.484" activeThreads="4">
  <mem-info id="733" free="92274688" total="155189248" percent="59">
    <mem type="eden" free="730768" total="1048576" percent="69" />
    <remembered-set count="38368" freebytes="6041216" totalbytes="6194688" percent="97" regionsoverflowed="0" regionsstable="2" regionsrebuilding="0"/>
  </mem-info>
</gc-end>
<cycle-end id="734" type="partial gc" contextid="727" timestamp="2019-06-16T01:53:37.484" />
  <attribute name="elasticGC enabled" value="1" />
  <attribute name= "numThreadsSpecified" value="4" />
  <attribute name="heapSize specified" value="0" />
  <attribute name="Current GC Util" value="43" />
  <attribute name= "Current Time Running" value="2787" />
  <attribute name ="GC Interval" value="0" />
  <attribute name="ProportionalT" value="34.500000" />
  <attribute name="ProportionalI" value="34.500000" />
  <attribute name="ProportionalH" value="34.500000" />
  <attribute name="Current Error" value="23.000000" />
  <attribute name="IntegralT" value="23.000000" />
  <attribute name="IntegralI" value="23.000000" />
  <attribute name="IntegralH" value="23.000000" />
  <attribute name="DerivativeT" value="23.000000" />
  <attribute name="DerivativeI" value="23.000000" />
  <attribute name="DerivativeH" value="23.000000" />
  <attribute name="Loop Time for DT" value="1.000000" />
  <attribute name="Output H" value="8388608"/>
  <attribute name="Output I" value="200"/>
  <attribute name="Output T" value="4"/>
  <attribute name="Target GC Util Change" value ="20.000000" />
  <attribute name="Current GC Util Change" value="43.000000"/>
  <attribute name="GC Util currently" value="43" />
  <attribute name="CPU Util currently" value="16280292909492" />
<exclusive-end id="735" timestamp="2019-06-16T01:53:37.484" durationms="4.687" />

<exclusive-start id="736" timestamp="2019-06-16T01:53:37.507" intervalms="26.810">
  <response-info timems="0.037" idlems="0.037" threads="0" lastid="0000000000D57D00" lastname="Thread-9" />
</exclusive-start>
<allocation-taxation id="737" taxation-threshold="45088768" timestamp="2019-06-16T01:53:37.507" intervalms="26.826" />
<cycle-start id="738" type="partial gc" contextid="0" timestamp="2019-06-16T01:53:37.507" intervalms="26.892" />
<gc-start id="739" type="partial gc" contextid="738" timestamp="2019-06-16T01:53:37.507">
  <mem-info id="740" free="47185920" total="155189248" percent="30">
    <mem type="eden" free="0" total="45088768" percent="0" />
    <remembered-set count="38080" freebytes="6042368" totalbytes="6194688" percent="97" regionsoverflowed="0" regionsstable="2" regionsrebuilding="0"/>
  </mem-info>
</gc-start>
<allocation-stats totalBytes="45082904" >
  <allocated-bytes non-tlh="0" tlh="45082904" arrayletleaf="0"/>
  <largest-consumer threadName="Thread-7" threadId="0000000000D5B900" bytes="15087808" />
</allocation-stats>
<gc-op id="741" type="copy forward" timems="3.651" contextid="738" timestamp="2019-06-16T01:53:37.511">
  <memory-copied type="eden" objects="2992" bytes="73896" bytesdiscarded="0" />
  <memory-copied type="other" objects="28715" bytes="1238664" bytesdiscarded="0" />
  <memory-cardclean objects="3056" bytes="162880" />
  <regions eden="43" other="3" />
  <remembered-set-cleared processed="34089" cleared="884" durationms="0.361" />
  <stringconstants candidates="4597" cleared="0"  />
</gc-op>
<gc-op id="742" type="classunload" timems="0.003" contextid="738" timestamp="2019-06-16T01:53:37.511">
  <classunload-info classloadercandidates="8" classloadersunloaded="0" classesunloaded="0" anonymousclassesunloaded="0" quiescems="0.000" setupms="0.003" scanms="0.000" postms="0.000" />
</gc-op>
<gc-end id="743" type="partial gc" contextid="738" durationms="4.580" usertimems="4.000" systemtimems="0.000" timestamp="2019-06-16T01:53:37.512" activeThreads="1">
  <mem-info id="744" free="91226112" total="155189248" percent="58">
    <mem type="eden" free="974680" total="1048576" percent="92" />
    <remembered-set count="38720" freebytes="6039808" totalbytes="6194688" percent="97" regionsoverflowed="0" regionsstable="2" regionsrebuilding="0"/>
  </mem-info>
</gc-end>
<cycle-end id="745" type="partial gc" contextid="738" timestamp="2019-06-16T01:53:37.512" />
  <attribute name="elasticGC enabled" value="1" />
  <attribute name= "numThreadsSpecified" value="1" />
  <attribute name="heapSize specified" value="0" />
  <attribute name="Current GC Util" value="42" />
  <attribute name= "Current Time Running" value="2813" />
  <attribute name ="GC Interval" value="0" />
  <attribute name="ProportionalT" value="33.000000" />
  <attribute name="ProportionalI" value="33.000000" />
  <attribute name="ProportionalH" value="33.000000" />
  <attribute name="Current Error" value="22.000000" />
  <attribute name="IntegralT" value="0.000000" />
  <attribute name="IntegralI" value="0.000000" />
  <attribute name="IntegralH" value="0.000000" />
  <attribute name="DerivativeT" value="inf" />
  <attribute name="DerivativeI" value="inf" />
  <attribute name="DerivativeH" value="inf" />
  <attribute name="Loop Time for DT" value="0.000000" />
  <attribute name="Output H" value="8388608"/>
  <attribute name="Output I" value="200"/>
  <attribute name="Output T" value="1"/>
  <attribute name="Target GC Util Change" value ="20.000000" />
  <attribute name="Current GC Util Change" value="42.000000"/>
  <attribute name="GC Util currently" value="42" />
  <attribute name="CPU Util currently" value="16625698084381" />
<exclusive-end id="746" timestamp="2019-06-16T01:53:37.512" durationms="5.418" />

<exclusive-start id="747" timestamp="2019-06-16T01:53:37.529" intervalms="22.359">
  <response-info timems="0.046" idlems="0.046" threads="0" lastid="0000000000D57D00" lastname="Thread-9" />
</exclusive-start>
<allocation-taxation id="748" taxation-threshold="45088768" timestamp="2019-06-16T01:53:37.529" intervalms="22.366" />
<cycle-start id="749" type="partial gc" contextid="0" timestamp="2019-06-16T01:53:37.529" intervalms="22.312" />
<gc-start id="750" type="partial gc" contextid="749" timestamp="2019-06-16T01:53:37.529">
  <mem-info id="751" free="46137344" total="155189248" percent="29">
    <mem type="eden" free="0" total="45088768" percent="0" />
    <remembered-set count="38720" freebytes="6039808" totalbytes="6194688" percent="97" regionsoverflowed="0" regionsstable="2" regionsrebuilding="0"/>
  </mem-info>
</gc-start>
<allocation-stats totalBytes="45082568" >
  <allocated-bytes non-tlh="0" tlh="45082568" arrayletleaf="0"/>
  <largest-consumer threadName="Thread-8" threadId="0000000000D63100" bytes="15754992" />
</allocation-stats>
<gc-op id="752" type="copy forward" timems="2.656" contextid="749" timestamp="2019-06-16T01:53:37.533">
  <memory-copied type="eden" objects="9619" bytes="370416" bytesdiscarded="33176" />
  <memory-copied type="other" objects="9782" bytes="372144" bytesdiscarded="3752" />
  <memory-cardclean objects="8295" bytes="471040" />
  <regions eden="43" other="2" />
  <remembered-set-cleared processed="34828" cleared="753" durationms="0.235" />
  <stringconstants candidates="4597" cleared="0"  />
</gc-op>
<gc-op id="753" type="classunload" timems="0.002" contextid="749" timestamp="2019-06-16T01:53:37.533">
  <classunload-info classloadercandidates="8" classloadersunloaded="0" classesunloaded="0" anonymousclassesunloaded="0" quiescems="0.000" setupms="0.002" scanms="0.000" postms="0.000" />
</gc-op>
<heap-resize id="754" type="expand" space="default" amount="7340032" count="1" timems="0.111" reason="excessive time being spent in gc" timestamp="2019-06-16T01:53:37.533" />
<gc-end id="755" type="partial gc" contextid="749" durationms="3.613" usertimems="4.000" systemtimems="4.000" timestamp="2019-06-16T01:53:37.533" activeThreads="4">
  <mem-info id="756" free="97517568" total="162529280" percent="60">
    <mem type="eden" free="644984" total="1048576" percent="61" />
    <remembered-set count="39616" freebytes="6329216" totalbytes="6487680" percent="97" regionsoverflowed="0" regionsstable="2" regionsrebuilding="0"/>
  </mem-info>
</gc-end>
<cycle-end id="757" type="partial gc" contextid="749" timestamp="2019-06-16T01:53:37.533" />
  <attribute name="elasticGC enabled" value="1" />
  <attribute name= "numThreadsSpecified" value="4" />
  <attribute name="heapSize specified" value="0" />
  <attribute name="Current GC Util" value="0" />
  <attribute name= "Current Time Running" value="2836" />
  <attribute name ="GC Interval" value="0" />
  <attribute name="ProportionalT" value="-30.000000" />
  <attribute name="ProportionalI" value="-30.000000" />
  <attribute name="ProportionalH" value="-30.000000" />
  <attribute name="Current Error" value="-20.000000" />
  <attribute name="IntegralT" value="-20.000000" />
  <attribute name="IntegralI" value="-20.000000" />
  <attribute name="IntegralH" value="-20.000000" />
  <attribute name="DerivativeT" value="-20.000000" />
  <attribute name="DerivativeI" value="-20.000000" />
  <attribute name="DerivativeH" value="-20.000000" />
  <attribute name="Loop Time for DT" value="1.000000" />
  <attribute name="Output H" value="2091843584"/>
  <attribute name="Output I" value="200"/>
  <attribute name="Output T" value="4"/>
  <attribute name="Target GC Util Change" value ="20.000000" />
  <attribute name="Current GC Util Change" value="0.000000"/>
  <attribute name="GC Util currently" value="0" />
  <attribute name="CPU Util currently" value="29209145970961" />
<exclusive-end id="758" timestamp="2019-06-16T01:53:37.533" durationms="4.312" />

<exclusive-start id="759" timestamp="2019-06-16T01:53:37.556" intervalms="27.491">
  <response-info timems="0.209" idlems="0.209" threads="0" lastid="0000000000D63100" lastname="Thread-8" />
</exclusive-start>
<allocation-taxation id="760" taxation-threshold="47185920" timestamp="2019-06-16T01:53:37.557" intervalms="27.495" />
<cycle-start id="761" type="partial gc" contextid="0" timestamp="2019-06-16T01:53:37.557" intervalms="27.532" />
<gc-start id="762" type="partial gc" contextid="761" timestamp="2019-06-16T01:53:37.557">
  <mem-info id="763" free="50331648" total="162529280" percent="30">
    <mem type="eden" free="0" total="47185920" percent="0" />
    <remembered-set count="39168" freebytes="6331008" totalbytes="6487680" percent="97" regionsoverflowed="0" regionsstable="2" regionsrebuilding="0"/>
  </mem-info>
</gc-start>
<allocation-stats totalBytes="47179616" >
  <allocated-bytes non-tlh="0" tlh="47179616" arrayletleaf="0"/>
  <largest-consumer threadName="Thread-10" threadId="0000000000D5F500" bytes="16324512" />
</allocation-stats>
<gc-op id="764" type="copy forward" timems="2.964" contextid="761" timestamp="2019-06-16T01:53:37.561">
  <memory-copied type="eden" objects="3338" bytes="82280" bytesdiscarded="0" />
  <memory-copied type="other" objects="11881" bytes="422520" bytesdiscarded="0" />
  <memory-cardclean objects="10185" bytes="524080" />
  <regions eden="45" other="2" />
  <remembered-set-cleared processed="35496" cleared="998" durationms="0.396" />
  <stringconstants candidates="4597" cleared="0"  />
</gc-op>
<gc-op id="765" type="classunload" timems="0.002" contextid="761" timestamp="2019-06-16T01:53:37.561">
  <classunload-info classloadercandidates="8" classloadersunloaded="0" classesunloaded="0" anonymousclassesunloaded="0" quiescems="0.000" setupms="0.002" scanms="0.000" postms="0.000" />
</gc-op>
<heap-resize id="766" type="expand" space="default" amount="3145728" count="1" timems="0.078" reason="excessive time being spent in gc" timestamp="2019-06-16T01:53:37.561" />
<gc-end id="767" type="partial gc" contextid="761" durationms="4.165" usertimems="0.000" systemtimems="4.000" timestamp="2019-06-16T01:53:37.561" activeThreads="1">
  <mem-info id="768" free="99614720" total="165675008" percent="60">
    <mem type="eden" free="966296" total="1048576" percent="92" />
    <remembered-set count="40192" freebytes="6452480" totalbytes="6613248" percent="97" regionsoverflowed="0" regionsstable="2" regionsrebuilding="0"/>
  </mem-info>
</gc-end>
<cycle-end id="769" type="partial gc" contextid="761" timestamp="2019-06-16T01:53:37.561" />
  <attribute name="elasticGC enabled" value="1" />
  <attribute name= "numThreadsSpecified" value="1" />
  <attribute name="heapSize specified" value="0" />
  <attribute name="Current GC Util" value="32" />
  <attribute name= "Current Time Running" value="2863" />
  <attribute name ="GC Interval" value="0" />
  <attribute name="ProportionalT" value="18.000000" />
  <attribute name="ProportionalI" value="18.000000" />
  <attribute name="ProportionalH" value="18.000000" />
  <attribute name="Current Error" value="12.000000" />
  <attribute name="IntegralT" value="0.000000" />
  <attribute name="IntegralI" value="0.000000" />
  <attribute name="IntegralH" value="0.000000" />
  <attribute name="DerivativeT" value="inf" />
  <attribute name="DerivativeI" value="inf" />
  <attribute name="DerivativeH" value="inf" />
  <attribute name="Loop Time for DT" value="0.000000" />
  <attribute name="Output H" value="8388608"/>
  <attribute name="Output I" value="200"/>
  <attribute name="Output T" value="1"/>
  <attribute name="Target GC Util Change" value ="20.000000" />
  <attribute name="Current GC Util Change" value="32.000000"/>
  <attribute name="GC Util currently" value="32" />
  <attribute name="CPU Util currently" value="15691504205530" />
<exclusive-end id="770" timestamp="2019-06-16T01:53:37.562" durationms="5.132" />

<exclusive-start id="771" timestamp="2019-06-16T01:53:37.579" intervalms="22.282">
  <response-info timems="0.029" idlems="0.029" threads="0" lastid="0000000000D63100" lastname="Thread-8" />
</exclusive-start>
<allocation-taxation id="772" taxation-threshold="47185920" timestamp="2019-06-16T01:53:37.579" intervalms="22.283" />
<cycle-start id="773" type="partial gc" contextid="0" timestamp="2019-06-16T01:53:37.579" intervalms="22.278" />
<gc-start id="774" type="partial gc" contextid="773" timestamp="2019-06-16T01:53:37.579">
  <mem-info id="775" free="52428800" total="165675008" percent="31">
    <mem type="eden" free="0" total="47185920" percent="0" />
    <remembered-set count="39936" freebytes="6453504" totalbytes="6613248" percent="97" regionsoverflowed="0" regionsstable="2" regionsrebuilding="0"/>
  </mem-info>
</gc-start>
<allocation-stats totalBytes="47179824" >
  <allocated-bytes non-tlh="0" tlh="47179824" arrayletleaf="0"/>
  <largest-consumer threadName="Thread-7" threadId="0000000000D5B900" bytes="13367752" />
</allocation-stats>
<gc-op id="776" type="copy forward" timems="3.187" contextid="773" timestamp="2019-06-16T01:53:37.583">
  <memory-copied type="eden" objects="9558" bytes="368520" bytesdiscarded="0" />
  <memory-copied type="other" objects="12193" bytes="430008" bytesdiscarded="0" />
  <memory-cardclean objects="10431" bytes="520552" />
  <regions eden="45" other="2" />
  <remembered-set-cleared processed="36189" cleared="1104" durationms="0.380" />
  <stringconstants candidates="4597" cleared="0"  />
</gc-op>
<gc-op id="777" type="classunload" timems="0.003" contextid="773" timestamp="2019-06-16T01:53:37.583">
  <classunload-info classloadercandidates="8" classloadersunloaded="0" classesunloaded="0" anonymousclassesunloaded="0" quiescems="0.000" setupms="0.002" scanms="0.000" postms="0.000" />
</gc-op>
<heap-resize id="778" type="expand" space="default" amount="2097152" count="1" timems="0.066" reason="excessive time being spent in gc" timestamp="2019-06-16T01:53:37.583" />
<gc-end id="779" type="partial gc" contextid="773" durationms="4.161" usertimems="4.000" systemtimems="0.000" timestamp="2019-06-16T01:53:37.583" activeThreads="1">
  <mem-info id="780" free="100663296" total="167772160" percent="60">
    <mem type="eden" free="680056" total="1048576" percent="64" />
    <remembered-set count="41824" freebytes="6529664" totalbytes="6696960" percent="97" regionsoverflowed="0" regionsstable="2" regionsrebuilding="0"/>
  </mem-info>
</gc-end>
<cycle-end id="781" type="partial gc" contextid="773" timestamp="2019-06-16T01:53:37.583" />
  <attribute name="elasticGC enabled" value="1" />
  <attribute name= "numThreadsSpecified" value="1" />
  <attribute name="heapSize specified" value="0" />
  <attribute name="Current GC Util" value="43" />
  <attribute name= "Current Time Running" value="2885" />
  <attribute name ="GC Interval" value="0" />
  <attribute name="ProportionalT" value="34.500000" />
  <attribute name="ProportionalI" value="34.500000" />
  <attribute name="ProportionalH" value="34.500000" />
  <attribute name="Current Error" value="23.000000" />
  <attribute name="IntegralT" value="0.000000" />
  <attribute name="IntegralI" value="0.000000" />
  <attribute name="IntegralH" value="0.000000" />
  <attribute name="DerivativeT" value="inf" />
  <attribute name="DerivativeI" value="inf" />
  <attribute name="DerivativeH" value="inf" />
  <attribute name="Loop Time for DT" value="0.000000" />
  <attribute name="Output H" value="8388608"/>
  <attribute name="Output I" value="200"/>
  <attribute name="Output T" value="1"/>
  <attribute name="Target GC Util Change" value ="20.000000" />
  <attribute name="Current GC Util Change" value="43.000000"/>
  <attribute name="GC Util currently" value="43" />
  <attribute name="CPU Util currently" value="16282822117423" />
<exclusive-end id="782" timestamp="2019-06-16T01:53:37.584" durationms="5.016" />

<exclusive-start id="783" timestamp="2019-06-16T01:53:37.602" intervalms="23.643">
  <response-info timems="0.028" idlems="0.028" threads="0" lastid="0000000000D5F500" lastname="Thread-10" />
</exclusive-start>
<allocation-taxation id="784" taxation-threshold="48234496" timestamp="2019-06-16T01:53:37.603" intervalms="23.627" />
<cycle-start id="785" type="partial gc" contextid="0" timestamp="2019-06-16T01:53:37.603" intervalms="23.571" />
<gc-start id="786" type="partial gc" contextid="785" timestamp="2019-06-16T01:53:37.603">
  <mem-info id="787" free="52428800" total="167772160" percent="31">
    <mem type="eden" free="0" total="48234496" percent="0" />
    <remembered-set count="41376" freebytes="6531456" totalbytes="6696960" percent="97" regionsoverflowed="0" regionsstable="2" regionsrebuilding="0"/>
  </mem-info>
</gc-start>
<allocation-stats totalBytes="48228088" >
  <allocated-bytes non-tlh="0" tlh="48228088" arrayletleaf="0"/>
  <largest-consumer threadName="Thread-10" threadId="0000000000D5F500" bytes="13494608" />
</allocation-stats>
<gc-op id="788" type="copy forward" timems="3.277" contextid="785" timestamp="2019-06-16T01:53:37.607">
  <memory-copied type="eden" objects="9311" bytes="362992" bytesdiscarded="0" />
  <memory-copied type="other" objects="12201" bytes="430200" bytesdiscarded="0" />
  <memory-cardclean objects="11191" bytes="575728" />
  <regions eden="46" other="2" />
  <remembered-set-cleared processed="37002" cleared="1149" durationms="0.390" />
  <stringconstants candidates="4597" cleared="0"  />
</gc-op>
<gc-op id="789" type="classunload" timems="0.002" contextid="785" timestamp="2019-06-16T01:53:37.607">
  <classunload-info classloadercandidates="8" classloadersunloaded="0" classesunloaded="0" anonymousclassesunloaded="0" quiescems="0.000" setupms="0.002" scanms="0.000" postms="0.000" />
</gc-op>
<heap-resize id="790" type="expand" space="default" amount="3145728" count="1" timems="0.079" reason="excessive time being spent in gc" timestamp="2019-06-16T01:53:37.607" />
<gc-end id="791" type="partial gc" contextid="785" durationms="4.245" usertimems="0.000" systemtimems="4.000" timestamp="2019-06-16T01:53:37.607" activeThreads="1">
  <mem-info id="792" free="102760448" total="170917888" percent="60">
    <mem type="eden" free="685584" total="1048576" percent="65" />
    <remembered-set count="42624" freebytes="6652032" totalbytes="6822528" percent="97" regionsoverflowed="0" regionsstable="2" regionsrebuilding="0"/>
  </mem-info>
</gc-end>
<cycle-end id="793" type="partial gc" contextid="785" timestamp="2019-06-16T01:53:37.607" />
  <attribute name="elasticGC enabled" value="1" />
  <attribute name= "numThreadsSpecified" value="1" />
  <attribute name="heapSize specified" value="0" />
  <attribute name="Current GC Util" value="45" />
  <attribute name= "Current Time Running" value="2909" />
  <attribute name ="GC Interval" value="0" />
  <attribute name="ProportionalT" value="37.500000" />
  <attribute name="ProportionalI" value="37.500000" />
  <attribute name="ProportionalH" value="37.500000" />
  <attribute name="Current Error" value="25.000000" />
  <attribute name="IntegralT" value="0.000000" />
  <attribute name="IntegralI" value="0.000000" />
  <attribute name="IntegralH" value="0.000000" />
  <attribute name="DerivativeT" value="inf" />
  <attribute name="DerivativeI" value="inf" />
  <attribute name="DerivativeH" value="inf" />
  <attribute name="Loop Time for DT" value="0.000000" />
  <attribute name="Output H" value="8388608"/>
  <attribute name="Output I" value="200"/>
  <attribute name="Output T" value="1"/>
  <attribute name="Target GC Util Change" value ="20.000000" />
  <attribute name="Current GC Util Change" value="45.000000"/>
  <attribute name="GC Util currently" value="45" />
  <attribute name="CPU Util currently" value="17463017351659" />
<exclusive-end id="794" timestamp="2019-06-16T01:53:37.607" durationms="4.966" />

<exclusive-start id="795" timestamp="2019-06-16T01:53:37.629" intervalms="26.802">
  <response-info timems="0.046" idlems="0.046" threads="0" lastid="0000000000D5B900" lastname="Thread-7" />
</exclusive-start>
<allocation-taxation id="796" taxation-threshold="49283072" timestamp="2019-06-16T01:53:37.629" intervalms="26.739" />
<cycle-start id="797" type="partial gc" contextid="0" timestamp="2019-06-16T01:53:37.629" intervalms="26.782" />
<gc-start id="798" type="partial gc" contextid="797" timestamp="2019-06-16T01:53:37.630">
  <mem-info id="799" free="53477376" total="170917888" percent="31">
    <mem type="eden" free="0" total="49283072" percent="0" />
    <remembered-set count="42176" freebytes="6653824" totalbytes="6822528" percent="97" regionsoverflowed="0" regionsstable="2" regionsrebuilding="0"/>
  </mem-info>
</gc-start>
<allocation-stats totalBytes="49276224" >
  <allocated-bytes non-tlh="0" tlh="49276224" arrayletleaf="0"/>
  <largest-consumer threadName="Thread-8" threadId="0000000000D63100" bytes="12867920" />
</allocation-stats>
<gc-op id="800" type="copy forward" timems="3.696" contextid="797" timestamp="2019-06-16T01:53:37.634">
  <memory-copied type="eden" objects="9634" bytes="370144" bytesdiscarded="0" />
  <memory-copied type="other" objects="18178" bytes="711024" bytesdiscarded="0" />
  <memory-cardclean objects="9004" bytes="456352" />
  <regions eden="47" other="2" />
  <remembered-set-cleared processed="37784" cleared="1211" durationms="0.416" />
  <stringconstants candidates="4597" cleared="0"  />
</gc-op>
<gc-op id="801" type="classunload" timems="0.003" contextid="797" timestamp="2019-06-16T01:53:37.634">
  <classunload-info classloadercandidates="8" classloadersunloaded="0" classesunloaded="0" anonymousclassesunloaded="0" quiescems="0.000" setupms="0.002" scanms="0.000" postms="0.000" />
</gc-op>
<heap-resize id="802" type="expand" space="default" amount="2097152" count="1" timems="0.063" reason="excessive time being spent in gc" timestamp="2019-06-16T01:53:37.634" />
<gc-end id="803" type="partial gc" contextid="797" durationms="4.837" usertimems="4.000" systemtimems="0.000" timestamp="2019-06-16T01:53:37.634" activeThreads="1">
  <mem-info id="804" free="103809024" total="173015040" percent="60">
    <mem type="eden" free="678432" total="1048576" percent="64" />
    <remembered-set count="43296" freebytes="6733056" totalbytes="6906240" percent="97" regionsoverflowed="0" regionsstable="2" regionsrebuilding="0"/>
  </mem-info>
</gc-end>
<cycle-end id="805" type="partial gc" contextid="797" timestamp="2019-06-16T01:53:37.635" />
  <attribute name="elasticGC enabled" value="1" />
  <attribute name= "numThreadsSpecified" value="1" />
  <attribute name="heapSize specified" value="0" />
  <attribute name="Current GC Util" value="39" />
  <attribute name= "Current Time Running" value="2936" />
  <attribute name ="GC Interval" value="0" />
  <attribute name="ProportionalT" value="28.500000" />
  <attribute name="ProportionalI" value="28.500000" />
  <attribute name="ProportionalH" value="28.500000" />
  <attribute name="Current Error" value="19.000000" />
  <attribute name="IntegralT" value="0.000000" />
  <attribute name="IntegralI" value="0.000000" />
  <attribute name="IntegralH" value="0.000000" />
  <attribute name="DerivativeT" value="inf" />
  <attribute name="DerivativeI" value="inf" />
  <attribute name="DerivativeH" value="inf" />
  <attribute name="Loop Time for DT" value="0.000000" />
  <attribute name="Output H" value="8388608"/>
  <attribute name="Output I" value="200"/>
  <attribute name="Output T" value="1"/>
  <attribute name="Target GC Util Change" value ="20.000000" />
  <attribute name="Current GC Util Change" value="39.000000"/>
  <attribute name="GC Util currently" value="39" />
  <attribute name="CPU Util currently" value="14999596723960" />
<exclusive-end id="806" timestamp="2019-06-16T01:53:37.635" durationms="5.668" />

<exclusive-start id="807" timestamp="2019-06-16T01:53:37.657" intervalms="28.080">
  <response-info timems="0.030" idlems="0.030" threads="0" lastid="0000000000D5B900" lastname="Thread-7" />
</exclusive-start>
<allocation-taxation id="808" taxation-threshold="49283072" timestamp="2019-06-16T01:53:37.657" intervalms="28.174" />
<cycle-start id="809" type="partial gc" contextid="0" timestamp="2019-06-16T01:53:37.658" intervalms="28.202" />
<gc-start id="810" type="partial gc" contextid="809" timestamp="2019-06-16T01:53:37.658">
  <mem-info id="811" free="54525952" total="173015040" percent="31">
    <mem type="eden" free="0" total="49283072" percent="0" />
    <remembered-set count="42880" freebytes="6734720" totalbytes="6906240" percent="97" regionsoverflowed="0" regionsstable="2" regionsrebuilding="0"/>
  </mem-info>
</gc-start>
<allocation-stats totalBytes="49276488" >
  <allocated-bytes non-tlh="0" tlh="49276488" arrayletleaf="0"/>
  <largest-consumer threadName="Thread-8" threadId="0000000000D63100" bytes="12621888" />
</allocation-stats>
<gc-op id="812" type="copy forward" timems="3.252" contextid="809" timestamp="2019-06-16T01:53:37.662">
  <memory-copied type="eden" objects="4489" bytes="109240" bytesdiscarded="0" />
  <memory-copied type="other" objects="18291" bytes="713736" bytesdiscarded="0" />
  <memory-cardclean objects="8207" bytes="433192" />
  <regions eden="47" other="2" />
  <remembered-set-cleared processed="38633" cleared="1079" durationms="0.407" />
  <stringconstants candidates="4597" cleared="0"  />
</gc-op>
<gc-op id="813" type="classunload" timems="0.003" contextid="809" timestamp="2019-06-16T01:53:37.662">
  <classunload-info classloadercandidates="8" classloadersunloaded="0" classesunloaded="0" anonymousclassesunloaded="0" quiescems="0.000" setupms="0.003" scanms="0.000" postms="0.000" />
</gc-op>
<heap-resize id="814" type="expand" space="default" amount="3145728" count="1" timems="0.068" reason="excessive time being spent in gc" timestamp="2019-06-16T01:53:37.662" />
<gc-end id="815" type="partial gc" contextid="809" durationms="4.627" usertimems="4.000" systemtimems="0.000" timestamp="2019-06-16T01:53:37.662" activeThreads="1">
  <mem-info id="816" free="105906176" total="176160768" percent="60">
    <mem type="eden" free="939336" total="1048576" percent="89" />
    <remembered-set count="43840" freebytes="6856448" totalbytes="7031808" percent="97" regionsoverflowed="0" regionsstable="2" regionsrebuilding="0"/>
  </mem-info>
</gc-end>
<cycle-end id="817" type="partial gc" contextid="809" timestamp="2019-06-16T01:53:37.663" />
  <attribute name="elasticGC enabled" value="1" />
  <attribute name= "numThreadsSpecified" value="1" />
  <attribute name="heapSize specified" value="0" />
  <attribute name="Current GC Util" value="43" />
  <attribute name= "Current Time Running" value="2964" />
  <attribute name ="GC Interval" value="0" />
  <attribute name="ProportionalT" value="34.500000" />
  <attribute name="ProportionalI" value="34.500000" />
  <attribute name="ProportionalH" value="34.500000" />
  <attribute name="Current Error" value="23.000000" />
  <attribute name="IntegralT" value="0.000000" />
  <attribute name="IntegralI" value="0.000000" />
  <attribute name="IntegralH" value="0.000000" />
  <attribute name="DerivativeT" value="inf" />
  <attribute name="DerivativeI" value="inf" />
  <attribute name="DerivativeH" value="inf" />
  <attribute name="Loop Time for DT" value="0.000000" />
  <attribute name="Output H" value="8388608"/>
  <attribute name="Output I" value="200"/>
  <attribute name="Output T" value="1"/>
  <attribute name="Target GC Util Change" value ="20.000000" />
  <attribute name="Current GC Util Change" value="43.000000"/>
  <attribute name="GC Util currently" value="43" />
  <attribute name="CPU Util currently" value="15661342888737" />
<exclusive-end id="818" timestamp="2019-06-16T01:53:37.663" durationms="5.687" />

<exclusive-start id="819" timestamp="2019-06-16T01:53:37.685" intervalms="27.720">
  <response-info timems="0.035" idlems="0.035" threads="0" lastid="0000000000D5F500" lastname="Thread-10" />
</exclusive-start>
<allocation-taxation id="820" taxation-threshold="50331648" timestamp="2019-06-16T01:53:37.685" intervalms="27.674" />
<cycle-start id="821" type="partial gc" contextid="0" timestamp="2019-06-16T01:53:37.685" intervalms="27.705" />
<gc-start id="822" type="partial gc" contextid="821" timestamp="2019-06-16T01:53:37.685">
  <mem-info id="823" free="55574528" total="176160768" percent="31">
    <mem type="eden" free="0" total="50331648" percent="0" />
    <remembered-set count="43840" freebytes="6856448" totalbytes="7031808" percent="97" regionsoverflowed="0" regionsstable="2" regionsrebuilding="0"/>
  </mem-info>
</gc-start>
<allocation-stats totalBytes="50324664" >
  <allocated-bytes non-tlh="0" tlh="50324664" arrayletleaf="0"/>
  <largest-consumer threadName="Thread-8" threadId="0000000000D63100" bytes="14022664" />
</allocation-stats>
<gc-op id="824" type="copy forward" timems="2.913" contextid="821" timestamp="2019-06-16T01:53:37.689">
  <memory-copied type="eden" objects="14473" bytes="623552" bytesdiscarded="0" />
  <memory-copied type="other" objects="5334" bytes="128016" bytesdiscarded="0" />
  <memory-cardclean objects="8503" bytes="446848" />
  <regions eden="48" other="2" />
  <remembered-set-cleared processed="39461" cleared="1056" durationms="0.411" />
  <stringconstants candidates="4597" cleared="0"  />
</gc-op>
<gc-op id="825" type="classunload" timems="0.002" contextid="821" timestamp="2019-06-16T01:53:37.689">
  <classunload-info classloadercandidates="8" classloadersunloaded="0" classesunloaded="0" anonymousclassesunloaded="0" quiescems="0.000" setupms="0.002" scanms="0.000" postms="0.000" />
</gc-op>
<heap-resize id="826" type="expand" space="default" amount="2097152" count="1" timems="0.065" reason="excessive time being spent in gc" timestamp="2019-06-16T01:53:37.690" />
<gc-end id="827" type="partial gc" contextid="821" durationms="4.330" usertimems="0.000" systemtimems="4.000" timestamp="2019-06-16T01:53:37.690" activeThreads="1">
  <mem-info id="828" free="106954752" total="178257920" percent="60">
    <mem type="eden" free="425024" total="1048576" percent="40" />
    <remembered-set count="44192" freebytes="6938752" totalbytes="7115520" percent="97" regionsoverflowed="0" regionsstable="2" regionsrebuilding="0"/>
  </mem-info>
</gc-end>
<cycle-end id="829" type="partial gc" contextid="821" timestamp="2019-06-16T01:53:37.690" />
  <attribute name="elasticGC enabled" value="1" />
  <attribute name= "numThreadsSpecified" value="1" />
  <attribute name="heapSize specified" value="0" />
  <attribute name="Current GC Util" value="45" />
  <attribute name= "Current Time Running" value="2992" />
  <attribute name ="GC Interval" value="0" />
  <attribute name="ProportionalT" value="37.500000" />
  <attribute name="ProportionalI" value="37.500000" />
  <attribute name="ProportionalH" value="37.500000" />
  <attribute name="Current Error" value="25.000000" />
  <attribute name="IntegralT" value="0.000000" />
  <attribute name="IntegralI" value="0.000000" />
  <attribute name="IntegralH" value="0.000000" />
  <attribute name="DerivativeT" value="inf" />
  <attribute name="DerivativeI" value="inf" />
  <attribute name="DerivativeH" value="inf" />
  <attribute name="Loop Time for DT" value="0.000000" />
  <attribute name="Output H" value="8388608"/>
  <attribute name="Output I" value="200"/>
  <attribute name="Output T" value="1"/>
  <attribute name="Target GC Util Change" value ="20.000000" />
  <attribute name="Current GC Util Change" value="45.000000"/>
  <attribute name="GC Util currently" value="45" />
  <attribute name="CPU Util currently" value="14613180677527" />
<exclusive-end id="830" timestamp="2019-06-16T01:53:37.690" durationms="5.211" />

<exclusive-start id="831" timestamp="2019-06-16T01:53:37.712" intervalms="27.267">
  <response-info timems="0.027" idlems="0.027" threads="0" lastid="0000000000D5F500" lastname="Thread-10" />
</exclusive-start>
<allocation-taxation id="832" taxation-threshold="50331648" timestamp="2019-06-16T01:53:37.712" intervalms="27.298" />
<cycle-start id="833" type="partial gc" contextid="0" timestamp="2019-06-16T01:53:37.713" intervalms="27.285" />
<gc-start id="834" type="partial gc" contextid="833" timestamp="2019-06-16T01:53:37.713">
  <mem-info id="835" free="56623104" total="178257920" percent="31">
    <mem type="eden" free="0" total="50331648" percent="0" />
    <remembered-set count="43968" freebytes="6939648" totalbytes="7115520" percent="97" regionsoverflowed="0" regionsstable="2" regionsrebuilding="0"/>
  </mem-info>
</gc-start>
<allocation-stats totalBytes="50325184" >
  <allocated-bytes non-tlh="0" tlh="50325184" arrayletleaf="0"/>
  <largest-consumer threadName="Thread-8" threadId="0000000000D63100" bytes="13600968" />
</allocation-stats>
<gc-op id="836" type="copy forward" timems="3.038" contextid="833" timestamp="2019-06-16T01:53:37.717">
  <memory-copied type="eden" objects="10699" bytes="396136" bytesdiscarded="0" />
  <memory-copied type="other" objects="10284" bytes="384192" bytesdiscarded="0" />
  <memory-cardclean objects="7811" bytes="390856" />
  <regions eden="48" other="2" />
  <remembered-set-cleared processed="39823" cleared="785" durationms="0.426" />
  <stringconstants candidates="4597" cleared="0"  />
</gc-op>
<gc-op id="837" type="classunload" timems="0.003" contextid="833" timestamp="2019-06-16T01:53:37.717">
  <classunload-info classloadercandidates="8" classloadersunloaded="0" classesunloaded="0" anonymousclassesunloaded="0" quiescems="0.000" setupms="0.002" scanms="0.000" postms="0.000" />
</gc-op>
<heap-resize id="838" type="expand" space="default" amount="3145728" count="1" timems="0.070" reason="excessive time being spent in gc" timestamp="2019-06-16T01:53:37.717" />
<gc-end id="839" type="partial gc" contextid="833" durationms="4.455" usertimems="0.000" systemtimems="4.000" timestamp="2019-06-16T01:53:37.717" activeThreads="1">
  <mem-info id="840" free="109051904" total="181403648" percent="60">
    <mem type="eden" free="652440" total="1048576" percent="62" />
    <remembered-set count="44864" freebytes="7061632" totalbytes="7241088" percent="97" regionsoverflowed="0" regionsstable="2" regionsrebuilding="0"/>
  </mem-info>
</gc-end>
<cycle-end id="841" type="partial gc" contextid="833" timestamp="2019-06-16T01:53:37.717" />
  <attribute name="elasticGC enabled" value="1" />
  <attribute name= "numThreadsSpecified" value="1" />
  <attribute name="heapSize specified" value="0" />
  <attribute name="Current GC Util" value="45" />
  <attribute name= "Current Time Running" value="3019" />
  <attribute name ="GC Interval" value="0" />
  <attribute name="ProportionalT" value="37.500000" />
  <attribute name="ProportionalI" value="37.500000" />
  <attribute name="ProportionalH" value="37.500000" />
  <attribute name="Current Error" value="25.000000" />
  <attribute name="IntegralT" value="0.000000" />
  <attribute name="IntegralI" value="0.000000" />
  <attribute name="IntegralH" value="0.000000" />
  <attribute name="DerivativeT" value="inf" />
  <attribute name="DerivativeI" value="inf" />
  <attribute name="DerivativeH" value="inf" />
  <attribute name="Loop Time for DT" value="0.000000" />
  <attribute name="Output H" value="8388608"/>
  <attribute name="Output I" value="200"/>
  <attribute name="Output T" value="1"/>
  <attribute name="Target GC Util Change" value ="20.000000" />
  <attribute name="Current GC Util Change" value="45.000000"/>
  <attribute name="GC Util currently" value="45" />
  <attribute name="CPU Util currently" value="14898080791200" />
<exclusive-end id="842" timestamp="2019-06-16T01:53:37.718" durationms="5.380" />

<exclusive-start id="843" timestamp="2019-06-16T01:53:37.742" intervalms="29.335">
  <response-info timems="0.029" idlems="0.029" threads="0" lastid="0000000000D5B900" lastname="Thread-7" />
</exclusive-start>
<allocation-taxation id="844" taxation-threshold="51380224" timestamp="2019-06-16T01:53:37.742" intervalms="29.359" />
<cycle-start id="845" type="partial gc" contextid="0" timestamp="2019-06-16T01:53:37.742" intervalms="29.386" />
<gc-start id="846" type="partial gc" contextid="845" timestamp="2019-06-16T01:53:37.742">
  <mem-info id="847" free="57671680" total="181403648" percent="31">
    <mem type="eden" free="0" total="51380224" percent="0" />
    <remembered-set count="44832" freebytes="7061760" totalbytes="7241088" percent="97" regionsoverflowed="0" regionsstable="2" regionsrebuilding="0"/>
  </mem-info>
</gc-start>
<allocation-stats totalBytes="51373008" >
  <allocated-bytes non-tlh="0" tlh="51373008" arrayletleaf="0"/>
  <largest-consumer threadName="Thread-8" threadId="0000000000D63100" bytes="13858976" />
</allocation-stats>
<gc-op id="848" type="copy forward" timems="2.802" contextid="845" timestamp="2019-06-16T01:53:37.746">
  <memory-copied type="eden" objects="22630" bytes="956936" bytesdiscarded="69344" />
  <memory-copied type="other" objects="4589" bytes="110136" bytesdiscarded="9656" />
  <memory-cardclean objects="8071" bytes="407552" />
  <regions eden="49" other="2" />
  <remembered-set-cleared processed="40537" cleared="985" durationms="0.256" />
  <stringconstants candidates="4597" cleared="0"  />
</gc-op>
<gc-op id="849" type="classunload" timems="0.002" contextid="845" timestamp="2019-06-16T01:53:37.746">
  <classunload-info classloadercandidates="8" classloadersunloaded="0" classesunloaded="0" anonymousclassesunloaded="0" quiescems="0.000" setupms="0.002" scanms="0.000" postms="0.000" />
</gc-op>
<heap-resize id="850" type="expand" space="default" amount="2097152" count="1" timems="0.064" reason="excessive time being spent in gc" timestamp="2019-06-16T01:53:37.746" />
<gc-end id="851" type="partial gc" contextid="845" durationms="4.188" usertimems="8.000" systemtimems="0.000" timestamp="2019-06-16T01:53:37.746" activeThreads="4">
  <mem-info id="852" free="110100480" total="183500800" percent="60">
    <mem type="eden" free="22296" total="1048576" percent="2" />
    <remembered-set count="44736" freebytes="7145856" totalbytes="7324800" percent="97" regionsoverflowed="0" regionsstable="2" regionsrebuilding="0"/>
  </mem-info>
</gc-end>
<cycle-end id="853" type="partial gc" contextid="845" timestamp="2019-06-16T01:53:37.747" />
  <attribute name="elasticGC enabled" value="1" />
  <attribute name= "numThreadsSpecified" value="4" />
  <attribute name="heapSize specified" value="0" />
  <attribute name="Current GC Util" value="45" />
  <attribute name= "Current Time Running" value="3049" />
  <attribute name ="GC Interval" value="0" />
  <attribute name="ProportionalT" value="37.500000" />
  <attribute name="ProportionalI" value="37.500000" />
  <attribute name="ProportionalH" value="37.500000" />
  <attribute name="Current Error" value="25.000000" />
  <attribute name="IntegralT" value="25.000000" />
  <attribute name="IntegralI" value="25.000000" />
  <attribute name="IntegralH" value="25.000000" />
  <attribute name="DerivativeT" value="25.000000" />
  <attribute name="DerivativeI" value="25.000000" />
  <attribute name="DerivativeH" value="25.000000" />
  <attribute name="Loop Time for DT" value="1.000000" />
  <attribute name="Output H" value="8388608"/>
  <attribute name="Output I" value="200"/>
  <attribute name="Output T" value="4"/>
  <attribute name="Target GC Util Change" value ="20.000000" />
  <attribute name="Current GC Util Change" value="45.000000"/>
  <attribute name="GC Util currently" value="45" />
  <attribute name="CPU Util currently" value="14641667494464" />
<exclusive-end id="854" timestamp="2019-06-16T01:53:37.747" durationms="5.336" />

<exclusive-start id="855" timestamp="2019-06-16T01:53:37.777" intervalms="35.673">
  <response-info timems="0.063" idlems="0.033" threads="1" lastid="0000000000D5B900" lastname="Thread-7" />
</exclusive-start>
<allocation-taxation id="856" taxation-threshold="52428800" timestamp="2019-06-16T01:53:37.777" intervalms="35.660" />
<cycle-start id="857" type="partial gc" contextid="0" timestamp="2019-06-16T01:53:37.778" intervalms="35.628" />
<gc-start id="858" type="partial gc" contextid="857" timestamp="2019-06-16T01:53:37.778">
  <mem-info id="859" free="57671680" total="183500800" percent="31">
    <mem type="eden" free="0" total="52428800" percent="0" />
    <remembered-set count="44512" freebytes="7146752" totalbytes="7324800" percent="97" regionsoverflowed="0" regionsstable="2" regionsrebuilding="0"/>
  </mem-info>
</gc-start>
<allocation-stats totalBytes="52421744" >
  <allocated-bytes non-tlh="0" tlh="52421744" arrayletleaf="0"/>
  <largest-consumer threadName="Thread-9" threadId="0000000000D57D00" bytes="18822704" />
</allocation-stats>
<gc-op id="860" type="copy forward" timems="3.047" contextid="857" timestamp="2019-06-16T01:53:37.782">
  <memory-copied type="eden" objects="11832" bytes="560056" bytesdiscarded="0" />
  <memory-copied type="other" objects="10110" bytes="380040" bytesdiscarded="0" />
  <memory-cardclean objects="5822" bytes="295632" />
  <regions eden="50" other="2" />
  <remembered-set-cleared processed="40937" cleared="727" durationms="0.432" />
  <stringconstants candidates="4597" cleared="0"  />
</gc-op>
<gc-op id="861" type="classunload" timems="0.002" contextid="857" timestamp="2019-06-16T01:53:37.782">
  <classunload-info classloadercandidates="8" classloadersunloaded="0" classesunloaded="0" anonymousclassesunloaded="0" quiescems="0.000" setupms="0.002" scanms="0.000" postms="0.000" />
</gc-op>
<heap-resize id="862" type="expand" space="default" amount="3145728" count="1" timems="0.071" reason="excessive time being spent in gc" timestamp="2019-06-16T01:53:37.782" />
<gc-end id="863" type="partial gc" contextid="857" durationms="4.443" usertimems="4.000" systemtimems="0.000" timestamp="2019-06-16T01:53:37.782" activeThreads="1">
  <mem-info id="864" free="112197632" total="186646528" percent="60">
    <mem type="eden" free="488520" total="1048576" percent="46" />
    <remembered-set count="44960" freebytes="7270528" totalbytes="7450368" percent="97" regionsoverflowed="0" regionsstable="2" regionsrebuilding="0"/>
  </mem-info>
</gc-end>
<cycle-end id="865" type="partial gc" contextid="857" timestamp="2019-06-16T01:53:37.782" />
  <attribute name="elasticGC enabled" value="1" />
  <attribute name= "numThreadsSpecified" value="1" />
  <attribute name="heapSize specified" value="0" />
  <attribute name="Current GC Util" value="38" />
  <attribute name= "Current Time Running" value="3084" />
  <attribute name ="GC Interval" value="0" />
  <attribute name="ProportionalT" value="27.000000" />
  <attribute name="ProportionalI" value="27.000000" />
  <attribute name="ProportionalH" value="27.000000" />
  <attribute name="Current Error" value="18.000000" />
  <attribute name="IntegralT" value="0.000000" />
  <attribute name="IntegralI" value="0.000000" />
  <attribute name="IntegralH" value="0.000000" />
  <attribute name="DerivativeT" value="inf" />
  <attribute name="DerivativeI" value="inf" />
  <attribute name="DerivativeH" value="inf" />
  <attribute name="Loop Time for DT" value="0.000000" />
  <attribute name="Output H" value="8388608"/>
  <attribute name="Output I" value="200"/>
  <attribute name="Output T" value="1"/>
  <attribute name="Target GC Util Change" value ="20.000000" />
  <attribute name="Current GC Util Change" value="38.000000"/>
  <attribute name="GC Util currently" value="38" />
  <attribute name="CPU Util currently" value="14619619935611" />
<exclusive-end id="866" timestamp="2019-06-16T01:53:37.783" durationms="5.429" />

<exclusive-start id="867" timestamp="2019-06-16T01:53:37.814" intervalms="36.322">
  <response-info timems="0.037" idlems="0.037" threads="0" lastid="0000000000D5F500" lastname="Thread-10" />
</exclusive-start>
<allocation-taxation id="868" taxation-threshold="52428800" timestamp="2019-06-16T01:53:37.814" intervalms="36.308" />
<cycle-start id="869" type="partial gc" contextid="0" timestamp="2019-06-16T01:53:37.814" intervalms="36.270" />
<gc-start id="870" type="partial gc" contextid="869" timestamp="2019-06-16T01:53:37.814">
  <mem-info id="871" free="59768832" total="186646528" percent="32">
    <mem type="eden" free="0" total="52428800" percent="0" />
    <remembered-set count="44672" freebytes="7271680" totalbytes="7450368" percent="97" regionsoverflowed="0" regionsstable="2" regionsrebuilding="0"/>
  </mem-info>
</gc-start>
<allocation-stats totalBytes="52421304" >
  <allocated-bytes non-tlh="0" tlh="52421304" arrayletleaf="0"/>
  <largest-consumer threadName="Thread-9" threadId="0000000000D57D00" bytes="20743192" />
</allocation-stats>
<gc-op id="872" type="copy forward" timems="2.691" contextid="869" timestamp="2019-06-16T01:53:37.818">
  <memory-copied type="eden" objects="5973" bytes="144760" bytesdiscarded="13568" />
  <memory-copied type="other" objects="20157" bytes="895920" bytesdiscarded="49400" />
  <memory-cardclean objects="4766" bytes="244776" />
  <regions eden="50" other="2" />
  <remembered-set-cleared processed="41288" cleared="738" durationms="0.266" />
  <stringconstants candidates="4597" cleared="0"  />
</gc-op>
<gc-op id="873" type="classunload" timems="0.002" contextid="869" timestamp="2019-06-16T01:53:37.818">
  <classunload-info classloadercandidates="8" classloadersunloaded="0" classesunloaded="0" anonymousclassesunloaded="0" quiescems="0.000" setupms="0.002" scanms="0.000" postms="0.000" />
</gc-op>
<heap-resize id="874" type="expand" space="default" amount="2097152" count="1" timems="0.064" reason="excessive time being spent in gc" timestamp="2019-06-16T01:53:37.818" />
<gc-end id="875" type="partial gc" contextid="869" durationms="4.125" usertimems="4.000" systemtimems="0.000" timestamp="2019-06-16T01:53:37.818" activeThreads="4">
  <mem-info id="876" free="113246208" total="188743680" percent="60">
    <mem type="eden" free="890248" total="1048576" percent="84" />
    <remembered-set count="46336" freebytes="7348736" totalbytes="7534080" percent="97" regionsoverflowed="0" regionsstable="2" regionsrebuilding="0"/>
  </mem-info>
</gc-end>
<cycle-end id="877" type="partial gc" contextid="869" timestamp="2019-06-16T01:53:37.818" />
  <attribute name="elasticGC enabled" value="1" />
  <attribute name= "numThreadsSpecified" value="4" />
  <attribute name="heapSize specified" value="0" />
  <attribute name="Current GC Util" value="45" />
  <attribute name= "Current Time Running" value="3121" />
  <attribute name ="GC Interval" value="0" />
  <attribute name="ProportionalT" value="37.500000" />
  <attribute name="ProportionalI" value="37.500000" />
  <attribute name="ProportionalH" value="37.500000" />
  <attribute name="Current Error" value="25.000000" />
  <attribute name="IntegralT" value="25.000000" />
  <attribute name="IntegralI" value="25.000000" />
  <attribute name="IntegralH" value="25.000000" />
  <attribute name="DerivativeT" value="25.000000" />
  <attribute name="DerivativeI" value="25.000000" />
  <attribute name="DerivativeH" value="25.000000" />
  <attribute name="Loop Time for DT" value="1.000000" />
  <attribute name="Output H" value="8388608"/>
  <attribute name="Output I" value="200"/>
  <attribute name="Output T" value="4"/>
  <attribute name="Target GC Util Change" value ="20.000000" />
  <attribute name="Current GC Util Change" value="45.000000"/>
  <attribute name="GC Util currently" value="45" />
  <attribute name="CPU Util currently" value="14250664408250" />
<exclusive-end id="878" timestamp="2019-06-16T01:53:37.819" durationms="5.083" />

<exclusive-start id="879" timestamp="2019-06-16T01:53:37.852" intervalms="38.777">
  <response-info timems="0.041" idlems="0.041" threads="0" lastid="0000000000D57D00" lastname="Thread-9" />
</exclusive-start>
<allocation-taxation id="880" taxation-threshold="53477376" timestamp="2019-06-16T01:53:37.853" intervalms="38.822" />
<cycle-start id="881" type="partial gc" contextid="0" timestamp="2019-06-16T01:53:37.853" intervalms="38.877" />
<gc-start id="882" type="partial gc" contextid="881" timestamp="2019-06-16T01:53:37.853">
  <mem-info id="883" free="59768832" total="188743680" percent="31">
    <mem type="eden" free="0" total="53477376" percent="0" />
    <remembered-set count="45952" freebytes="7350272" totalbytes="7534080" percent="97" regionsoverflowed="0" regionsstable="2" regionsrebuilding="0"/>
  </mem-info>
</gc-start>
<allocation-stats totalBytes="53470280" >
  <allocated-bytes non-tlh="0" tlh="53470280" arrayletleaf="0"/>
  <largest-consumer threadName="Thread-9" threadId="0000000000D57D00" bytes="17430336" />
</allocation-stats>
<gc-op id="884" type="copy forward" timems="4.222" contextid="881" timestamp="2019-06-16T01:53:37.858">
  <memory-copied type="eden" objects="19003" bytes="731864" bytesdiscarded="0" />
  <memory-copied type="other" objects="17694" bytes="699432" bytesdiscarded="0" />
  <memory-cardclean objects="4918" bytes="256128" />
  <regions eden="51" other="3" />
  <remembered-set-cleared processed="41581" cleared="1057" durationms="0.430" />
  <stringconstants candidates="4597" cleared="0"  />
</gc-op>
<gc-op id="885" type="classunload" timems="0.002" contextid="881" timestamp="2019-06-16T01:53:37.858">
  <classunload-info classloadercandidates="8" classloadersunloaded="0" classesunloaded="0" anonymousclassesunloaded="0" quiescems="0.000" setupms="0.002" scanms="0.000" postms="0.000" />
</gc-op>
<heap-resize id="886" type="expand" space="default" amount="3145728" count="1" timems="0.070" reason="excessive time being spent in gc" timestamp="2019-06-16T01:53:37.858" />
<gc-end id="887" type="partial gc" contextid="881" durationms="5.594" usertimems="4.000" systemtimems="0.000" timestamp="2019-06-16T01:53:37.859" activeThreads="1">
  <mem-info id="888" free="115343360" total="191889408" percent="60">
    <mem type="eden" free="316712" total="1048576" percent="30" />
    <remembered-set count="46368" freebytes="7474176" totalbytes="7659648" percent="97" regionsoverflowed="0" regionsstable="2" regionsrebuilding="0"/>
  </mem-info>
</gc-end>
<cycle-end id="889" type="partial gc" contextid="881" timestamp="2019-06-16T01:53:37.859" />
  <attribute name="elasticGC enabled" value="1" />
  <attribute name= "numThreadsSpecified" value="1" />
  <attribute name="heapSize specified" value="0" />
  <attribute name="Current GC Util" value="39" />
  <attribute name= "Current Time Running" value="3159" />
  <attribute name ="GC Interval" value="0" />
  <attribute name="ProportionalT" value="28.500000" />
  <attribute name="ProportionalI" value="28.500000" />
  <attribute name="ProportionalH" value="28.500000" />
  <attribute name="Current Error" value="19.000000" />
  <attribute name="IntegralT" value="0.000000" />
  <attribute name="IntegralI" value="0.000000" />
  <attribute name="IntegralH" value="0.000000" />
  <attribute name="DerivativeT" value="inf" />
  <attribute name="DerivativeI" value="inf" />
  <attribute name="DerivativeH" value="inf" />
  <attribute name="Loop Time for DT" value="0.000000" />
  <attribute name="Output H" value="8388608"/>
  <attribute name="Output I" value="200"/>
  <attribute name="Output T" value="1"/>
  <attribute name="Target GC Util Change" value ="20.000000" />
  <attribute name="Current GC Util Change" value="39.000000"/>
  <attribute name="GC Util currently" value="39" />
  <attribute name="CPU Util currently" value="14970138870608" />
<exclusive-end id="890" timestamp="2019-06-16T01:53:37.859" durationms="6.721" />

<exclusive-start id="891" timestamp="2019-06-16T01:53:37.887" intervalms="34.446">
  <response-info timems="0.040" idlems="0.040" threads="0" lastid="0000000000D63100" lastname="Thread-8" />
</exclusive-start>
<allocation-taxation id="892" taxation-threshold="54525952" timestamp="2019-06-16T01:53:37.887" intervalms="34.415" />
<cycle-start id="893" type="partial gc" contextid="0" timestamp="2019-06-16T01:53:37.887" intervalms="34.392" />
<gc-start id="894" type="partial gc" contextid="893" timestamp="2019-06-16T01:53:37.887">
  <mem-info id="895" free="60817408" total="191889408" percent="31">
    <mem type="eden" free="0" total="54525952" percent="0" />
    <remembered-set count="46304" freebytes="7474432" totalbytes="7659648" percent="97" regionsoverflowed="0" regionsstable="2" regionsrebuilding="0"/>
  </mem-info>
</gc-start>
<allocation-stats totalBytes="54517936" >
  <allocated-bytes non-tlh="0" tlh="54517936" arrayletleaf="0"/>
  <largest-consumer threadName="Thread-10" threadId="0000000000D5F500" bytes="18261320" />
</allocation-stats>
<gc-op id="896" type="copy forward" timems="2.914" contextid="893" timestamp="2019-06-16T01:53:37.891">
  <memory-copied type="eden" objects="24770" bytes="1007512" bytesdiscarded="65592" />
  <memory-copied type="other" objects="14289" bytes="480312" bytesdiscarded="22272" />
  <memory-cardclean objects="10596" bytes="570336" />
  <regions eden="52" other="2" />
  <remembered-set-cleared processed="42347" cleared="1002" durationms="0.265" />
  <stringconstants candidates="4597" cleared="0"  />
</gc-op>
<gc-op id="897" type="classunload" timems="0.003" contextid="893" timestamp="2019-06-16T01:53:37.891">
  <classunload-info classloadercandidates="8" classloadersunloaded="0" classesunloaded="0" anonymousclassesunloaded="0" quiescems="0.000" setupms="0.002" scanms="0.000" postms="0.000" />
</gc-op>
<heap-resize id="898" type="expand" space="default" amount="5242880" count="1" timems="0.083" reason="excessive time being spent in gc" timestamp="2019-06-16T01:53:37.891" />
<gc-end id="899" type="partial gc" contextid="893" durationms="4.153" usertimems="12.000" systemtimems="0.000" timestamp="2019-06-16T01:53:37.892" activeThreads="4">
  <mem-info id="900" free="118489088" total="197132288" percent="60">
    <mem type="eden" free="1024048" total="2097152" percent="48" />
    <remembered-set count="47680" freebytes="7678208" totalbytes="7868928" percent="97" regionsoverflowed="0" regionsstable="2" regionsrebuilding="0"/>
  </mem-info>
</gc-end>
<cycle-end id="901" type="partial gc" contextid="893" timestamp="2019-06-16T01:53:37.892" />
  <attribute name="elasticGC enabled" value="1" />
  <attribute name= "numThreadsSpecified" value="4" />
  <attribute name="heapSize specified" value="0" />
  <attribute name="Current GC Util" value="44" />
  <attribute name= "Current Time Running" value="3194" />
  <attribute name ="GC Interval" value="0" />
  <attribute name="ProportionalT" value="36.000000" />
  <attribute name="ProportionalI" value="36.000000" />
  <attribute name="ProportionalH" value="36.000000" />
  <attribute name="Current Error" value="24.000000" />
  <attribute name="IntegralT" value="24.000000" />
  <attribute name="IntegralI" value="24.000000" />
  <attribute name="IntegralH" value="24.000000" />
  <attribute name="DerivativeT" value="24.000000" />
  <attribute name="DerivativeI" value="24.000000" />
  <attribute name="DerivativeH" value="24.000000" />
  <attribute name="Loop Time for DT" value="1.000000" />
  <attribute name="Output H" value="8388608"/>
  <attribute name="Output I" value="200"/>
  <attribute name="Output T" value="4"/>
  <attribute name="Target GC Util Change" value ="20.000000" />
  <attribute name="Current GC Util Change" value="44.000000"/>
  <attribute name="GC Util currently" value="44" />
  <attribute name="CPU Util currently" value="14933636031648" />
<exclusive-end id="902" timestamp="2019-06-16T01:53:37.892" durationms="5.048" />

<exclusive-start id="903" timestamp="2019-06-16T01:53:37.919" intervalms="32.424">
  <response-info timems="0.031" idlems="0.031" threads="0" lastid="0000000000D57D00" lastname="Thread-9" />
</exclusive-start>
<allocation-taxation id="904" taxation-threshold="55574528" timestamp="2019-06-16T01:53:37.919" intervalms="32.410" />
<cycle-start id="905" type="partial gc" contextid="0" timestamp="2019-06-16T01:53:37.920" intervalms="32.414" />
<gc-start id="906" type="partial gc" contextid="905" timestamp="2019-06-16T01:53:37.920">
  <mem-info id="907" free="62914560" total="197132288" percent="31">
    <mem type="eden" free="0" total="55574528" percent="0" />
    <remembered-set count="47296" freebytes="7679744" totalbytes="7868928" percent="97" regionsoverflowed="0" regionsstable="2" regionsrebuilding="0"/>
  </mem-info>
</gc-start>
<allocation-stats totalBytes="55566712" >
  <allocated-bytes non-tlh="0" tlh="55566712" arrayletleaf="0"/>
  <largest-consumer threadName="Thread-8" threadId="0000000000D63100" bytes="18916984" />
</allocation-stats>
<gc-op id="908" type="copy forward" timems="4.282" contextid="905" timestamp="2019-06-16T01:53:37.925">
  <memory-copied type="eden" objects="4620" bytes="112056" bytesdiscarded="0" />
  <memory-copied type="other" objects="29967" bytes="1131336" bytesdiscarded="0" />
  <memory-cardclean objects="10414" bytes="524160" />
  <regions eden="53" other="4" />
  <remembered-set-cleared processed="42581" cleared="1236" durationms="0.450" />
  <stringconstants candidates="4597" cleared="0"  />
</gc-op>
<gc-op id="909" type="classunload" timems="0.003" contextid="905" timestamp="2019-06-16T01:53:37.925">
  <classunload-info classloadercandidates="8" classloadersunloaded="0" classesunloaded="0" anonymousclassesunloaded="0" quiescems="0.000" setupms="0.002" scanms="0.000" postms="0.000" />
</gc-op>
<gc-end id="910" type="partial gc" contextid="905" durationms="5.278" usertimems="12.000" systemtimems="0.000" timestamp="2019-06-16T01:53:37.925" activeThreads="1">
  <mem-info id="911" free="118489088" total="197132288" percent="60">
    <mem type="eden" free="936520" total="1048576" percent="89" />
    <remembered-set count="48192" freebytes="7676160" totalbytes="7868928" percent="97" regionsoverflowed="0" regionsstable="2" regionsrebuilding="0"/>
  </mem-info>
</gc-end>
<cycle-end id="912" type="partial gc" contextid="905" timestamp="2019-06-16T01:53:37.925" />
  <attribute name="elasticGC enabled" value="1" />
  <attribute name= "numThreadsSpecified" value="1" />
  <attribute name="heapSize specified" value="0" />
  <attribute name="Current GC Util" value="59" />
  <attribute name= "Current Time Running" value="3226" />
  <attribute name ="GC Interval" value="0" />
  <attribute name="ProportionalT" value="58.500000" />
  <attribute name="ProportionalI" value="58.500000" />
  <attribute name="ProportionalH" value="58.500000" />
  <attribute name="Current Error" value="39.000000" />
  <attribute name="IntegralT" value="0.000000" />
  <attribute name="IntegralI" value="0.000000" />
  <attribute name="IntegralH" value="0.000000" />
  <attribute name="DerivativeT" value="inf" />
  <attribute name="DerivativeI" value="inf" />
  <attribute name="DerivativeH" value="inf" />
  <attribute name="Loop Time for DT" value="0.000000" />
  <attribute name="Output H" value="8388608"/>
  <attribute name="Output I" value="200"/>
  <attribute name="Output T" value="1"/>
  <attribute name="Target GC Util Change" value ="20.000000" />
  <attribute name="Current GC Util Change" value="59.000000"/>
  <attribute name="GC Util currently" value="59" />
  <attribute name="CPU Util currently" value="18485786020193" />
<exclusive-end id="913" timestamp="2019-06-16T01:53:37.925" durationms="6.168" />

</verbosegc>

