<?xml version="1.0" ?>

<verbosegc xmlns="http://www.ibm.com/j9/verbosegc" version="10b4217_CMPRSS">

<initialized id="1" timestamp="2019-06-16T22:20:59.798">
  <attribute name="gcPolicy" value="-Xgcpolicy:gencon" />
  <attribute name="elasticGC enabled" value="1" />
  <attribute name= "numThreadsSpecified" value="0" />
  <attribute name="heapSize specified" value="0" />
  <attribute name="Current GC Util" value="0" />
  <attribute name= "Current Time Running" value="0" />
  <attribute name ="GC Interval" value="0" />
  <attribute name="ProportionalT" value="0.000000" />
  <attribute name="ProportionalI" value="0.000000" />
  <attribute name="ProportionalH" value="0.000000" />
  <attribute name="IntegralT" value="0.000000" />
  <attribute name="IntegralI" value="0.000000" />
  <attribute name="IntegralH" value="0.000000" />
  <attribute name="DerivativeT" value="0.000000" />
  <attribute name="DerivativeI" value="0.000000" />
  <attribute name="DerivativeH" value="0.000000" />
  <attribute name="Target GC Util Change" value ="0.000000" />
  <attribute name="Current GC Util Change" value="0.000000"/>
  <attribute name="Current Error" value="0.000000" />
  <attribute name="Loop Time for DT" value="0.000000" />
  <attribute name="Output H" value="0"/>
  <attribute name="Output I" value="0"/>
  <attribute name="Output T" value="0"/>
  <attribute name="GC Util currently" value="0" />
  <attribute name="CPU Util currently" value="0" />
  <attribute name="maxHeapSize" value="0x7cbc0000" />
  <attribute name="initialHeapSize" value="0x800000" />
  <attribute name="compressedRefs" value="true" />
  <attribute name="compressedRefsDisplacement" value="0x0" />
  <attribute name="compressedRefsShift" value="0x0" />
  <attribute name="pageSize" value="0x1000" />
  <attribute name="pageType" value="not used" />
  <attribute name="requestedPageSize" value="0x1000" />
  <attribute name="requestedPageType" value="not used" />
  <attribute name="gcthreads" value="4" />
  <attribute name="gcthreads Concurrent Mark" value="1" />
  <attribute name="packetListSplit" value="4" />
  <attribute name="cacheListSplit" value="4" />
  <attribute name="splitFreeListSplitAmount" value="1" />
  <attribute name="numaNodes" value="0" />
  <system>
    <attribute name="physicalMemory" value="8370958336" />
    <attribute name="numCPUs" value="4" />
    <attribute name="architecture" value="amd64" />
    <attribute name="os" value="Linux" />
    <attribute name="osVersion" value="4.4.0-150-generic" />
  </system>
  <vmargs>
    <vmarg name="-Xoptionsfile=/vagrant/jdk/lib/options.default" />
    <vmarg name="-Xlockword:mode=default,noLockword=java/lang/String,noLockword=java/util/MapEntry,noLockword=java/util/HashMap$Entry,noLockword..." />
    <vmarg name="-Xjcl:jclse29" />
    <vmarg name="-Dcom.ibm.oti.vm.bootstrap.library.path=/vagrant/jdk/lib/compressedrefs:/vagrant/jdk/lib" />
    <vmarg name="-Dsun.boot.library.path=/vagrant/jdk/lib/compressedrefs:/vagrant/jdk/lib" />
    <vmarg name="-Djava.library.path=/vagrant/jdk/lib/compressedrefs:/vagrant/jdk/lib:/usr/lib64:/usr/lib" />
    <vmarg name="-Djava.home=/vagrant/jdk" />
    <vmarg name="-Duser.dir=/vagrant" />
    <vmarg name="-Xgcpolicy:gencon" />
    <vmarg name="-Xgcelastic" />
    <vmarg name="-Xcheck:gc:::elasticGC" />
    <vmarg name="-verbose:gc" />
    <vmarg name="-Xloggc:jdk0.5-0.5-1-default-GEN-4CORE-elasticverbose6avrora.txt" />
    <vmarg name="-Djava.class.path=dacapo-9.12-MR1-bach.jar" />
    <vmarg name="-Dsun.java.command=dacapo-9.12-MR1-bach.jar avrora --size=default" />
    <vmarg name="-Dsun.java.launcher=SUN_STANDARD" />
    <vmarg name="-Dsun.java.launcher.pid=12666" />
  </vmargs>
</initialized>

<exclusive-start id="2" timestamp="2019-06-16T22:20:59.984" intervalms="186.539">
  <response-info timems="0.023" idlems="0.023" threads="0" lastid="000000000225F700" lastname="main" />
</exclusive-start>
<af-start id="3" threadId="0000000002260088" totalBytesRequested="3080" timestamp="2019-06-16T22:20:59.984" intervalms="186.733" type="nursery" />
<cycle-start id="4" type="scavenge" contextid="0" timestamp="2019-06-16T22:20:59.985" intervalms="187.130" />
<gc-start id="5" type="scavenge" contextid="4" timestamp="2019-06-16T22:20:59.990">
  <mem-info id="6" free="6062624" total="8388608" percent="72">
    <mem type="nursery" free="0" total="2097152" percent="0">
      <mem type="allocate" free="0" total="1048576" percent="0" />
      <mem type="survivor" free="0" total="1048576" percent="0" />
    </mem>
    <mem type="tenure" free="6062624" total="6291456" percent="96">
      <mem type="soa" free="5748256" total="5977088" percent="96" />
      <mem type="loa" free="314368" total="314368" percent="100" />
    </mem>
    <remembered-set count="3161" />
  </mem-info>
</gc-start>
<allocation-stats totalBytes="1270984" >
  <allocated-bytes non-tlh="344784" tlh="926200" />
  <largest-consumer threadName="main" threadId="000000000225F700" bytes="1197336" />
</allocation-stats>
<gc-op id="7" type="scavenge" timems="2.400" contextid="4" timestamp="2019-06-16T22:20:59.992">
  <scavenger-info tenureage="2" tenuremask="fffc" tiltratio="50" />
  <memory-copied type="nursery" objects="10578" bytes="477568" bytesdiscarded="93128" />
  <finalization candidates="11" enqueued="0" />
  <references type="soft" candidates="62" cleared="0" enqueued="0" dynamicThreshold="32" maxThreshold="32" />
  <references type="weak" candidates="309" cleared="177" enqueued="141" />
  <references type="phantom" candidates="25" cleared="6" enqueued="6" />
</gc-op>
<gc-end id="8" type="scavenge" contextid="4" durationms="6.009" usertimems="4.000" systemtimems="4.000" timestamp="2019-06-16T22:20:59.996" activeThreads="4">
  <mem-info id="9" free="6538408" total="8388608" percent="77">
    <mem type="nursery" free="475784" total="2097152" percent="22">
      <mem type="allocate" free="475784" total="1048576" percent="45" />
      <mem type="survivor" free="0" total="1048576" percent="0" />
    </mem>
    <mem type="tenure" free="6062624" total="6291456" percent="96">
      <mem type="soa" free="5748256" total="5977088" percent="96" />
      <mem type="loa" free="314368" total="314368" percent="100" />
    </mem>
    <pending-finalizers system="0" default="0" reference="147" classloader="0" />
    <remembered-set count="3161" />
  </mem-info>
</gc-end>
<cycle-end id="10" type="scavenge" contextid="4" timestamp="2019-06-16T22:20:59.996" />
  <attribute name="elasticGC enabled" value="1" />
  <attribute name= "numThreadsSpecified" value="0" />
  <attribute name="heapSize specified" value="0" />
  <attribute name="Current GC Util" value="0" />
  <attribute name= "Current Time Running" value="68" />
  <attribute name ="GC Interval" value="1" />
  <attribute name="ProportionalT" value="0.000000" />
  <attribute name="ProportionalI" value="0.000000" />
  <attribute name="ProportionalH" value="0.000000" />
  <attribute name="Current Error" value="0.000000" />
  <attribute name="IntegralT" value="0.000000" />
  <attribute name="IntegralI" value="0.000000" />
  <attribute name="IntegralH" value="0.000000" />
  <attribute name="DerivativeT" value="0.000000" />
  <attribute name="DerivativeI" value="0.000000" />
  <attribute name="DerivativeH" value="0.000000" />
  <attribute name="Loop Time for DT" value="0.000000" />
  <attribute name="Output H" value="0"/>
  <attribute name="Output I" value="0"/>
  <attribute name="Output T" value="0"/>
  <attribute name="Target GC Util Change" value ="20.000000" />
  <attribute name="Current GC Util Change" value="0.000000"/>
  <attribute name="GC Util currently" value="0" />
  <attribute name="CPU Util currently" value="29" />
<allocation-satisfied id="11" threadId="000000000225F700" bytesRequested="3080" />
<af-end id="12" timestamp="2019-06-16T22:20:59.996" threadId="0000000002260088" success="true" from="nursery"/>
<exclusive-end id="13" timestamp="2019-06-16T22:20:59.996" durationms="11.792" />

<exclusive-start id="14" timestamp="2019-06-16T22:21:00.104" intervalms="119.863">
  <response-info timems="0.055" idlems="0.055" threads="0" lastid="000000000225F700" lastname="main" />
</exclusive-start>
<af-start id="15" threadId="0000000002260088" totalBytesRequested="128" timestamp="2019-06-16T22:21:00.104" intervalms="119.734" type="nursery" />
<cycle-start id="16" type="scavenge" contextid="0" timestamp="2019-06-16T22:21:00.104" intervalms="119.392" />
<gc-start id="17" type="scavenge" contextid="16" timestamp="2019-06-16T22:21:00.108">
  <mem-info id="18" free="6054888" total="8388608" percent="72">
    <mem type="nursery" free="0" total="2097152" percent="0">
      <mem type="allocate" free="0" total="1048576" percent="0" />
      <mem type="survivor" free="0" total="1048576" percent="0" />
    </mem>
    <mem type="tenure" free="6054888" total="6291456" percent="96">
      <mem type="soa" free="5740520" total="5977088" percent="96" />
      <mem type="loa" free="314368" total="314368" percent="100" />
    </mem>
    <remembered-set count="3262" />
  </mem-info>
</gc-start>
<allocation-stats totalBytes="482600" >
  <allocated-bytes non-tlh="10816" tlh="471784" />
  <largest-consumer threadName="main" threadId="000000000225F700" bytes="470624" />
</allocation-stats>
<gc-op id="19" type="scavenge" timems="0.845" contextid="16" timestamp="2019-06-16T22:21:00.109">
  <scavenger-info tenureage="5" tenuremask="7fe0" tiltratio="50" />
  <memory-copied type="nursery" objects="11514" bytes="500584" bytesdiscarded="87536" />
  <finalization candidates="11" enqueued="0" />
  <references type="soft" candidates="62" cleared="0" enqueued="0" dynamicThreshold="32" maxThreshold="32" />
  <references type="weak" candidates="237" cleared="93" enqueued="90" />
  <references type="phantom" candidates="35" cleared="11" enqueued="11" />
</gc-op>
<gc-end id="20" type="scavenge" contextid="16" durationms="1.015" usertimems="4.000" systemtimems="0.000" timestamp="2019-06-16T22:21:00.109" activeThreads="4">
  <mem-info id="21" free="6513888" total="8388608" percent="77">
    <mem type="nursery" free="459000" total="2097152" percent="21">
      <mem type="allocate" free="459000" total="1048576" percent="43" />
      <mem type="survivor" free="0" total="1048576" percent="0" />
    </mem>
    <mem type="tenure" free="6054888" total="6291456" percent="96">
      <mem type="soa" free="5740520" total="5977088" percent="96" />
      <mem type="loa" free="314368" total="314368" percent="100" />
    </mem>
    <pending-finalizers system="0" default="0" reference="101" classloader="0" />
    <remembered-set count="3262" />
  </mem-info>
</gc-end>
<cycle-end id="22" type="scavenge" contextid="16" timestamp="2019-06-16T22:21:00.109" />
  <attribute name="elasticGC enabled" value="1" />
  <attribute name= "numThreadsSpecified" value="4" />
  <attribute name="heapSize specified" value="0" />
  <attribute name="Current GC Util" value="9" />
  <attribute name= "Current Time Running" value="187" />
  <attribute name ="GC Interval" value="200" />
  <attribute name="ProportionalT" value="-5.500000" />
  <attribute name="ProportionalI" value="-5.500000" />
  <attribute name="ProportionalH" value="-5.500000" />
  <attribute name="Current Error" value="-11.000000" />
  <attribute name="IntegralT" value="-654.500000" />
  <attribute name="IntegralI" value="-654.500000" />
  <attribute name="IntegralH" value="-654.500000" />
  <attribute name="DerivativeT" value="-0.092437" />
  <attribute name="DerivativeI" value="-0.092437" />
  <attribute name="DerivativeH" value="-0.092437" />
  <attribute name="Loop Time for DT" value="119.000000" />
  <attribute name="Output H" value="2092630016"/>
  <attribute name="Output I" value="200"/>
  <attribute name="Output T" value="4"/>
  <attribute name="Target GC Util Change" value ="20.000000" />
  <attribute name="Current GC Util Change" value="9.000000"/>
  <attribute name="GC Util currently" value="9" />
  <attribute name="CPU Util currently" value="1" />
<allocation-satisfied id="23" threadId="000000000225F700" bytesRequested="128" />
<af-end id="24" timestamp="2019-06-16T22:21:00.109" threadId="0000000002260088" success="true" from="nursery"/>
<exclusive-end id="25" timestamp="2019-06-16T22:21:00.109" durationms="5.417" />

<exclusive-start id="26" timestamp="2019-06-16T22:21:00.572" intervalms="467.737">
  <response-info timems="0.026" idlems="0.026" threads="0" lastid="000000000225F700" lastname="main" />
</exclusive-start>
<af-start id="27" threadId="0000000002260088" totalBytesRequested="144" timestamp="2019-06-16T22:21:00.572" intervalms="467.751" type="nursery" />
<cycle-start id="28" type="scavenge" contextid="0" timestamp="2019-06-16T22:21:00.572" intervalms="467.753" />
<gc-start id="29" type="scavenge" contextid="28" timestamp="2019-06-16T22:21:00.572">
  <mem-info id="30" free="6054888" total="8388608" percent="72">
    <mem type="nursery" free="0" total="2097152" percent="0">
      <mem type="allocate" free="0" total="1048576" percent="0" />
      <mem type="survivor" free="0" total="1048576" percent="0" />
    </mem>
    <mem type="tenure" free="6054888" total="6291456" percent="96">
      <mem type="soa" free="5740520" total="5977088" percent="96" />
      <mem type="loa" free="314368" total="314368" percent="100" />
    </mem>
    <remembered-set count="3262" />
  </mem-info>
</gc-start>
<allocation-stats totalBytes="458672" >
  <allocated-bytes non-tlh="128" tlh="458544" />
  <largest-consumer threadName="main" threadId="000000000225F700" bytes="450480" />
</allocation-stats>
<gc-op id="31" type="scavenge" timems="0.902" contextid="28" timestamp="2019-06-16T22:21:00.573">
  <scavenger-info tenureage="4" tenuremask="7ff0" tiltratio="50" />
  <memory-copied type="nursery" objects="10890" bytes="485208" bytesdiscarded="96544" />
  <finalization candidates="11" enqueued="0" />
  <references type="soft" candidates="62" cleared="0" enqueued="0" dynamicThreshold="32" maxThreshold="32" />
  <references type="weak" candidates="144" cleared="0" enqueued="0" />
  <references type="phantom" candidates="24" cleared="0" enqueued="0" />
</gc-op>
<gc-end id="32" type="scavenge" contextid="28" durationms="1.099" usertimems="0.000" systemtimems="0.000" timestamp="2019-06-16T22:21:00.573" activeThreads="4">
  <mem-info id="33" free="6520264" total="8388608" percent="77">
    <mem type="nursery" free="465376" total="2097152" percent="22">
      <mem type="allocate" free="465376" total="1048576" percent="44" />
      <mem type="survivor" free="0" total="1048576" percent="0" />
    </mem>
    <mem type="tenure" free="6054888" total="6291456" percent="96">
      <mem type="soa" free="5740520" total="5977088" percent="96" />
      <mem type="loa" free="314368" total="314368" percent="100" />
    </mem>
    <remembered-set count="992" />
  </mem-info>
</gc-end>
<cycle-end id="34" type="scavenge" contextid="28" timestamp="2019-06-16T22:21:00.573" />
  <attribute name="elasticGC enabled" value="1" />
  <attribute name= "numThreadsSpecified" value="4" />
  <attribute name="heapSize specified" value="0" />
  <attribute name="Current GC Util" value="1" />
  <attribute name= "Current Time Running" value="651" />
  <attribute name ="GC Interval" value="200" />
  <attribute name="ProportionalT" value="-9.500000" />
  <attribute name="ProportionalI" value="-9.500000" />
  <attribute name="ProportionalH" value="-9.500000" />
  <attribute name="Current Error" value="-19.000000" />
  <attribute name="IntegralT" value="-5062.500000" />
  <attribute name="IntegralI" value="-5062.500000" />
  <attribute name="IntegralH" value="-5062.500000" />
  <attribute name="DerivativeT" value="-0.040948" />
  <attribute name="DerivativeI" value="-0.040948" />
  <attribute name="DerivativeH" value="-0.040948" />
  <attribute name="Loop Time for DT" value="464.000000" />
  <attribute name="Output H" value="2092630016"/>
  <attribute name="Output I" value="200"/>
  <attribute name="Output T" value="4"/>
  <attribute name="Target GC Util Change" value ="20.000000" />
  <attribute name="Current GC Util Change" value="1.000000"/>
  <attribute name="GC Util currently" value="1" />
  <attribute name="CPU Util currently" value="4" />
<allocation-satisfied id="35" threadId="000000000225F700" bytesRequested="144" />
<af-end id="36" timestamp="2019-06-16T22:21:00.573" threadId="0000000002260088" success="true" from="nursery"/>
<exclusive-end id="37" timestamp="2019-06-16T22:21:00.573" durationms="1.522" />

<exclusive-start id="38" timestamp="2019-06-16T22:21:00.603" intervalms="31.598">
  <response-info timems="0.066" idlems="0.066" threads="0" lastid="000000000225F700" lastname="main" />
</exclusive-start>
<af-start id="39" threadId="0000000002260088" totalBytesRequested="20232" timestamp="2019-06-16T22:21:00.603" intervalms="31.623" type="nursery" />
<cycle-start id="40" type="scavenge" contextid="0" timestamp="2019-06-16T22:21:00.604" intervalms="31.658" />
<gc-start id="41" type="scavenge" contextid="40" timestamp="2019-06-16T22:21:00.604">
  <mem-info id="42" free="6052200" total="8388608" percent="72">
    <mem type="nursery" free="0" total="2097152" percent="0">
      <mem type="allocate" free="0" total="1048576" percent="0" />
      <mem type="survivor" free="0" total="1048576" percent="0" />
    </mem>
    <mem type="tenure" free="6052200" total="6291456" percent="96">
      <mem type="soa" free="5737832" total="5977088" percent="95" />
      <mem type="loa" free="314368" total="314368" percent="100" />
    </mem>
    <remembered-set count="1025" />
  </mem-info>
</gc-start>
<allocation-stats totalBytes="451064" >
  <allocated-bytes non-tlh="2832" tlh="448232" />
  <largest-consumer threadName="main" threadId="000000000225F700" bytes="451064" />
</allocation-stats>
<gc-op id="43" type="scavenge" timems="1.007" contextid="40" timestamp="2019-06-16T22:21:00.605">
  <scavenger-info tenureage="3" tenuremask="fff8" tiltratio="50" />
  <memory-copied type="nursery" objects="641" bytes="79992" bytesdiscarded="86776" />
  <memory-copied type="tenure" objects="10291" bytes="460072" bytesdiscarded="80" />
  <finalization candidates="11" enqueued="0" />
  <references type="weak" candidates="96" cleared="79" enqueued="79" />
  <references type="phantom" candidates="19" cleared="11" enqueued="11" />
</gc-op>
<gc-end id="44" type="scavenge" contextid="40" durationms="1.269" usertimems="0.000" systemtimems="0.000" timestamp="2019-06-16T22:21:00.605" activeThreads="4">
  <mem-info id="45" free="6376528" total="8388608" percent="76">
    <mem type="nursery" free="881792" total="2097152" percent="42">
      <mem type="allocate" free="881792" total="1048576" percent="84" />
      <mem type="survivor" free="0" total="1048576" percent="0" />
    </mem>
    <mem type="tenure" free="5494736" total="6291456" percent="87">
      <mem type="soa" free="5180368" total="5977088" percent="86" />
      <mem type="loa" free="314368" total="314368" percent="100" />
    </mem>
    <pending-finalizers system="0" default="0" reference="90" classloader="0" />
    <remembered-set count="139" />
  </mem-info>
</gc-end>
<cycle-end id="46" type="scavenge" contextid="40" timestamp="2019-06-16T22:21:00.605" />
  <attribute name="elasticGC enabled" value="1" />
  <attribute name= "numThreadsSpecified" value="4" />
  <attribute name="heapSize specified" value="0" />
  <attribute name="Current GC Util" value="5" />
  <attribute name= "Current Time Running" value="682" />
  <attribute name ="GC Interval" value="200" />
  <attribute name="ProportionalT" value="-7.500000" />
  <attribute name="ProportionalI" value="-7.500000" />
  <attribute name="ProportionalH" value="-7.500000" />
  <attribute name="Current Error" value="-15.000000" />
  <attribute name="IntegralT" value="-5295.000000" />
  <attribute name="IntegralI" value="-5295.000000" />
  <attribute name="IntegralH" value="-5295.000000" />
  <attribute name="DerivativeT" value="-0.483871" />
  <attribute name="DerivativeI" value="-0.483871" />
  <attribute name="DerivativeH" value="-0.483871" />
  <attribute name="Loop Time for DT" value="31.000000" />
  <attribute name="Output H" value="2092630016"/>
  <attribute name="Output I" value="200"/>
  <attribute name="Output T" value="4"/>
  <attribute name="Target GC Util Change" value ="20.000000" />
  <attribute name="Current GC Util Change" value="5.000000"/>
  <attribute name="GC Util currently" value="5" />
  <attribute name="CPU Util currently" value="145282139614" />
<allocation-satisfied id="47" threadId="000000000225F700" bytesRequested="20232" />
<af-end id="48" timestamp="2019-06-16T22:21:00.605" threadId="0000000002260088" success="true" from="nursery"/>
<exclusive-end id="49" timestamp="2019-06-16T22:21:00.605" durationms="1.835" />

<exclusive-start id="50" timestamp="2019-06-16T22:21:02.412" intervalms="1808.649">
  <response-info timems="0.147" idlems="0.147" threads="0" lastid="000000000225F700" lastname="main" />
</exclusive-start>
<af-start id="51" threadId="0000000002260088" totalBytesRequested="2056" timestamp="2019-06-16T22:21:02.413" intervalms="1809.114" type="nursery" />
<cycle-start id="52" type="scavenge" contextid="0" timestamp="2019-06-16T22:21:02.413" intervalms="1809.660" />
<gc-start id="53" type="scavenge" contextid="52" timestamp="2019-06-16T22:21:02.414">
  <mem-info id="54" free="5490152" total="8388608" percent="65">
    <mem type="nursery" free="0" total="2097152" percent="0">
      <mem type="allocate" free="0" total="1048576" percent="0" />
      <mem type="survivor" free="0" total="1048576" percent="0" />
    </mem>
    <mem type="tenure" free="5490152" total="6291456" percent="87">
      <mem type="soa" free="5175784" total="5977088" percent="86" />
      <mem type="loa" free="314368" total="314368" percent="100" />
    </mem>
    <remembered-set count="222" />
  </mem-info>
</gc-start>
<allocation-stats totalBytes="880872" >
  <allocated-bytes non-tlh="24816" tlh="856056" />
  <largest-consumer threadName="main" threadId="000000000225F700" bytes="880872" />
</allocation-stats>
<gc-op id="55" type="scavenge" timems="3.305" contextid="52" timestamp="2019-06-16T22:21:02.418">
  <scavenger-info tenureage="4" tenuremask="fff0" tiltratio="50" />
  <memory-copied type="nursery" objects="737" bytes="110424" bytesdiscarded="78952" />
  <finalization candidates="3" enqueued="1" />
  <references type="soft" candidates="1" cleared="0" enqueued="0" dynamicThreshold="32" maxThreshold="32" />
  <references type="weak" candidates="63" cleared="47" enqueued="47" />
  <references type="phantom" candidates="20" cleared="9" enqueued="9" />
</gc-op>
<gc-end id="56" type="scavenge" contextid="52" durationms="4.812" usertimems="4.000" systemtimems="0.000" timestamp="2019-06-16T22:21:02.419" activeThreads="4">
  <mem-info id="57" free="6349264" total="8388608" percent="75">
    <mem type="nursery" free="859112" total="2097152" percent="40">
      <mem type="allocate" free="859112" total="1048576" percent="81" />
      <mem type="survivor" free="0" total="1048576" percent="0" />
    </mem>
    <mem type="tenure" free="5490152" total="6291456" percent="87">
      <mem type="soa" free="5175784" total="5977088" percent="86" />
      <mem type="loa" free="314368" total="314368" percent="100" />
    </mem>
    <pending-finalizers system="1" default="0" reference="56" classloader="0" />
    <remembered-set count="218" />
  </mem-info>
</gc-end>
<cycle-end id="58" type="scavenge" contextid="52" timestamp="2019-06-16T22:21:02.419" />
  <attribute name="elasticGC enabled" value="1" />
  <attribute name= "numThreadsSpecified" value="4" />
  <attribute name="heapSize specified" value="0" />
  <attribute name="Current GC Util" value="0" />
  <attribute name= "Current Time Running" value="2493" />
  <attribute name ="GC Interval" value="200" />
  <attribute name="ProportionalT" value="-10.000000" />
  <attribute name="ProportionalI" value="-10.000000" />
  <attribute name="ProportionalH" value="-10.000000" />
  <attribute name="Current Error" value="-20.000000" />
  <attribute name="IntegralT" value="-23405.000000" />
  <attribute name="IntegralI" value="-23405.000000" />
  <attribute name="IntegralH" value="-23405.000000" />
  <attribute name="DerivativeT" value="-0.011044" />
  <attribute name="DerivativeI" value="-0.011044" />
  <attribute name="DerivativeH" value="-0.011044" />
  <attribute name="Loop Time for DT" value="1811.000000" />
  <attribute name="Output H" value="2092630016"/>
  <attribute name="Output I" value="200"/>
  <attribute name="Output T" value="4"/>
  <attribute name="Target GC Util Change" value ="20.000000" />
  <attribute name="Current GC Util Change" value="0.000000"/>
  <attribute name="GC Util currently" value="0" />
  <attribute name="CPU Util currently" value="3" />
<allocation-satisfied id="59" threadId="000000000225F700" bytesRequested="2056" />
<af-end id="60" timestamp="2019-06-16T22:21:02.420" threadId="0000000002260088" success="true" from="nursery"/>
<exclusive-end id="61" timestamp="2019-06-16T22:21:02.420" durationms="8.442" />

<exclusive-start id="62" timestamp="2019-06-16T22:21:05.423" intervalms="3011.063">
  <response-info timems="0.277" idlems="0.277" threads="0" lastid="000000000225F700" lastname="main" />
</exclusive-start>
<af-start id="63" threadId="0000000002260088" totalBytesRequested="2056" timestamp="2019-06-16T22:21:05.424" intervalms="3011.157" type="nursery" />
<cycle-start id="64" type="scavenge" contextid="0" timestamp="2019-06-16T22:21:05.424" intervalms="3011.049" />
<gc-start id="65" type="scavenge" contextid="64" timestamp="2019-06-16T22:21:05.425">
  <mem-info id="66" free="5490152" total="8388608" percent="65">
    <mem type="nursery" free="0" total="2097152" percent="0">
      <mem type="allocate" free="0" total="1048576" percent="0" />
      <mem type="survivor" free="0" total="1048576" percent="0" />
    </mem>
    <mem type="tenure" free="5490152" total="6291456" percent="87">
      <mem type="soa" free="5175784" total="5977088" percent="86" />
      <mem type="loa" free="314368" total="314368" percent="100" />
    </mem>
    <remembered-set count="219" />
  </mem-info>
</gc-start>
<allocation-stats totalBytes="852016" >
  <allocated-bytes non-tlh="2056" tlh="849960" />
  <largest-consumer threadName="main" threadId="000000000225F700" bytes="852016" />
</allocation-stats>
<gc-op id="67" type="scavenge" timems="1.386" contextid="64" timestamp="2019-06-16T22:21:05.427">
  <scavenger-info tenureage="3" tenuremask="fff8" tiltratio="50" />
  <memory-copied type="nursery" objects="298" bytes="81576" bytesdiscarded="4880" />
  <memory-copied type="tenure" objects="302" bytes="16080" bytesdiscarded="0" />
  <finalization candidates="2" enqueued="0" />
  <references type="soft" candidates="1" cleared="0" enqueued="0" dynamicThreshold="32" maxThreshold="32" />
  <references type="weak" candidates="2" cleared="0" enqueued="0" />
  <references type="phantom" candidates="5" cleared="0" enqueued="0" />
</gc-op>
<gc-end id="68" type="scavenge" contextid="64" durationms="3.086" usertimems="4.000" systemtimems="0.000" timestamp="2019-06-16T22:21:05.428" activeThreads="4">
  <mem-info id="69" free="6544096" total="8388608" percent="78">
    <mem type="nursery" free="1093112" total="2097152" percent="52">
      <mem type="allocate" free="1093112" total="1179648" percent="92" />
      <mem type="survivor" free="0" total="917504" percent="0" />
    </mem>
    <mem type="tenure" free="5450984" total="6291456" percent="86">
      <mem type="soa" free="5136616" total="5977088" percent="85" />
      <mem type="loa" free="314368" total="314368" percent="100" />
    </mem>
    <remembered-set count="157" />
  </mem-info>
</gc-end>
<cycle-end id="70" type="scavenge" contextid="64" timestamp="2019-06-16T22:21:05.428" />
  <attribute name="elasticGC enabled" value="1" />
  <attribute name= "numThreadsSpecified" value="4" />
  <attribute name="heapSize specified" value="0" />
  <attribute name="Current GC Util" value="0" />
  <attribute name= "Current Time Running" value="5504" />
  <attribute name ="GC Interval" value="200" />
  <attribute name="ProportionalT" value="-10.000000" />
  <attribute name="ProportionalI" value="-10.000000" />
  <attribute name="ProportionalH" value="-10.000000" />
  <attribute name="Current Error" value="-20.000000" />
  <attribute name="IntegralT" value="-53515.000000" />
  <attribute name="IntegralI" value="-53515.000000" />
  <attribute name="IntegralH" value="-53515.000000" />
  <attribute name="DerivativeT" value="-0.006642" />
  <attribute name="DerivativeI" value="-0.006642" />
  <attribute name="DerivativeH" value="-0.006642" />
  <attribute name="Loop Time for DT" value="3011.000000" />
  <attribute name="Output H" value="2092630016"/>
  <attribute name="Output I" value="200"/>
  <attribute name="Output T" value="4"/>
  <attribute name="Target GC Util Change" value ="20.000000" />
  <attribute name="Current GC Util Change" value="0.000000"/>
  <attribute name="GC Util currently" value="0" />
  <attribute name="CPU Util currently" value="3" />
<allocation-satisfied id="71" threadId="000000000225F700" bytesRequested="2056" />
<af-end id="72" timestamp="2019-06-16T22:21:05.429" threadId="0000000002260088" success="true" from="nursery"/>
<exclusive-end id="73" timestamp="2019-06-16T22:21:05.430" durationms="6.672" />

<exclusive-start id="74" timestamp="2019-06-16T22:21:08.929" intervalms="3505.868">
  <response-info timems="0.213" idlems="0.213" threads="0" lastid="000000000225F700" lastname="main" />
</exclusive-start>
<af-start id="75" threadId="0000000002260088" totalBytesRequested="2056" timestamp="2019-06-16T22:21:08.929" intervalms="3505.755" type="nursery" />
<cycle-start id="76" type="scavenge" contextid="0" timestamp="2019-06-16T22:21:08.930" intervalms="3505.767" />
<gc-start id="77" type="scavenge" contextid="76" timestamp="2019-06-16T22:21:08.931">
  <mem-info id="78" free="5450984" total="8388608" percent="64">
    <mem type="nursery" free="0" total="2097152" percent="0">
      <mem type="allocate" free="0" total="1179648" percent="0" />
      <mem type="survivor" free="0" total="917504" percent="0" />
    </mem>
    <mem type="tenure" free="5450984" total="6291456" percent="86">
      <mem type="soa" free="5136616" total="5977088" percent="85" />
      <mem type="loa" free="314368" total="314368" percent="100" />
    </mem>
    <remembered-set count="157" />
  </mem-info>
</gc-start>
<allocation-stats totalBytes="1080024" >
  <allocated-bytes non-tlh="4112" tlh="1075912" />
  <largest-consumer threadName="main" threadId="000000000225F700" bytes="1080024" />
</allocation-stats>
<gc-op id="79" type="scavenge" timems="2.132" contextid="76" timestamp="2019-06-16T22:21:08.934">
  <scavenger-info tenureage="5" tenuremask="ffe0" tiltratio="56" />
  <memory-copied type="nursery" objects="298" bytes="81584" bytesdiscarded="37664" />
  <finalization candidates="2" enqueued="0" />
  <references type="soft" candidates="1" cleared="0" enqueued="0" dynamicThreshold="32" maxThreshold="32" />
  <references type="weak" candidates="2" cleared="0" enqueued="0" />
  <references type="phantom" candidates="5" cleared="0" enqueued="0" />
</gc-op>
<gc-end id="80" type="scavenge" contextid="76" durationms="4.544" usertimems="0.000" systemtimems="4.000" timestamp="2019-06-16T22:21:08.935" activeThreads="4">
  <mem-info id="81" free="6642376" total="8388608" percent="79">
    <mem type="nursery" free="1191392" total="2097152" percent="56">
      <mem type="allocate" free="1191392" total="1310720" percent="90" />
      <mem type="survivor" free="0" total="786432" percent="0" />
    </mem>
    <mem type="tenure" free="5450984" total="6291456" percent="86" macro-fragmented="3110739">
      <mem type="soa" free="5136616" total="5977088" percent="85" />
      <mem type="loa" free="314368" total="314368" percent="100" />
    </mem>
    <remembered-set count="86" />
  </mem-info>
</gc-end>
<cycle-end id="82" type="scavenge" contextid="76" timestamp="2019-06-16T22:21:08.936" />
  <attribute name="elasticGC enabled" value="1" />
  <attribute name= "numThreadsSpecified" value="4" />
  <attribute name="heapSize specified" value="0" />
  <attribute name="Current GC Util" value="0" />
  <attribute name= "Current Time Running" value="9010" />
  <attribute name ="GC Interval" value="200" />
  <attribute name="ProportionalT" value="-10.000000" />
  <attribute name="ProportionalI" value="-10.000000" />
  <attribute name="ProportionalH" value="-10.000000" />
  <attribute name="Current Error" value="-20.000000" />
  <attribute name="IntegralT" value="-35060.000000" />
  <attribute name="IntegralI" value="-35060.000000" />
  <attribute name="IntegralH" value="-35060.000000" />
  <attribute name="DerivativeT" value="-0.005705" />
  <attribute name="DerivativeI" value="-0.005705" />
  <attribute name="DerivativeH" value="-0.005705" />
  <attribute name="Loop Time for DT" value="3506.000000" />
  <attribute name="Output H" value="2092630016"/>
  <attribute name="Output I" value="200"/>
  <attribute name="Output T" value="4"/>
  <attribute name="Target GC Util Change" value ="20.000000" />
  <attribute name="Current GC Util Change" value="0.000000"/>
  <attribute name="GC Util currently" value="0" />
  <attribute name="CPU Util currently" value="2" />
<allocation-satisfied id="83" threadId="000000000225F700" bytesRequested="2056" />
<af-end id="84" timestamp="2019-06-16T22:21:08.936" threadId="0000000002260088" success="true" from="nursery"/>
<exclusive-end id="85" timestamp="2019-06-16T22:21:08.937" durationms="7.991" />

<exclusive-start id="86" timestamp="2019-06-16T22:21:11.701" intervalms="2772.468">
  <response-info timems="0.076" idlems="0.076" threads="0" lastid="000000000225F700" lastname="main" />
</exclusive-start>
<sys-start reason="explicit" id="87" timestamp="2019-06-16T22:21:11.702" intervalms="11903.987" />
<cycle-start id="88" type="global" contextid="0" timestamp="2019-06-16T22:21:11.702" intervalms="11904.518" />
<gc-start id="89" type="global" contextid="88" timestamp="2019-06-16T22:21:11.702">
  <mem-info id="90" free="5493288" total="8388608" percent="65">
    <mem type="nursery" free="49304" total="2097152" percent="2">
      <mem type="allocate" free="49304" total="1310720" percent="3" />
      <mem type="survivor" free="0" total="786432" percent="0" />
    </mem>
    <mem type="tenure" free="5443984" total="6291456" percent="86">
      <mem type="soa" free="5129616" total="5977088" percent="85" />
      <mem type="loa" free="314368" total="314368" percent="100" />
    </mem>
    <remembered-set count="164" />
  </mem-info>
</gc-start>
<allocation-stats totalBytes="1144000" >
  <allocated-bytes non-tlh="174240" tlh="969760" />
  <largest-consumer threadName="main" threadId="000000000225F700" bytes="1144000" />
</allocation-stats>
<gc-op id="91" type="mark" timems="2.279" contextid="88" timestamp="2019-06-16T22:21:11.705">
  <trace-info objectcount="16928" scancount="13967" scanbytes="446088" />
  <finalization candidates="13" enqueued="0" />
  <references type="soft" candidates="66" cleared="0" enqueued="0" dynamicThreshold="32" maxThreshold="32" />
  <references type="weak" candidates="172" cleared="43" enqueued="35" />
  <references type="phantom" candidates="34" cleared="4" enqueued="4" />
  <stringconstants candidates="2456" cleared="0"  />
</gc-op>
<gc-op id="92" type="classunload" timems="0.096" contextid="88" timestamp="2019-06-16T22:21:11.705">
  <classunload-info classloadercandidates="6" classloadersunloaded="0" classesunloaded="0" anonymousclassesunloaded="0" quiescems="0.000" setupms="0.095" scanms="0.001" postms="0.000" />
</gc-op>
<gc-op id="93" type="sweep" timems="0.713" contextid="88" timestamp="2019-06-16T22:21:11.706" />
<mem-info id="94" free="6599976" total="8388608" percent="78">
  <mem type="nursery" free="1037040" total="2097152" percent="49">
    <mem type="allocate" free="1037040" total="1310720" percent="79" />
    <mem type="survivor" free="0" total="786432" percent="0" />
  </mem>
  <mem type="tenure" free="5562936" total="6291456" percent="88" micro-fragmented="2823" macro-fragmented="0">
    <mem type="soa" free="5248568" total="5977088" percent="87" />
    <mem type="loa" free="314368" total="314368" percent="100" />
  </mem>
  <pending-finalizers system="0" default="0" reference="39" classloader="0" />
  <remembered-set count="163" />
</mem-info>
<gc-op id="95" type="compact" timems="4.796" contextid="88" timestamp="2019-06-16T22:21:11.711">
  <compact-info movecount="13228" movebytes="816976" reason="compact to aid heap contraction" />
</gc-op>
<gc-end id="96" type="global" contextid="88" durationms="9.560" usertimems="8.000" systemtimems="4.000" timestamp="2019-06-16T22:21:11.712" activeThreads="4">
  <mem-info id="97" free="6617512" total="8388608" percent="78">
    <mem type="nursery" free="1052488" total="2097152" percent="50">
      <mem type="allocate" free="1052488" total="1310720" percent="80" />
      <mem type="survivor" free="0" total="786432" percent="0" />
    </mem>
    <mem type="tenure" free="5565024" total="6291456" percent="88">
      <mem type="soa" free="5250656" total="5977088" percent="87" />
      <mem type="loa" free="314368" total="314368" percent="100" />
    </mem>
    <pending-finalizers system="0" default="0" reference="39" classloader="0" />
    <remembered-set count="163" />
  </mem-info>
</gc-end>
<cycle-end id="98" type="global" contextid="88" timestamp="2019-06-16T22:21:11.712" />
  <attribute name="elasticGC enabled" value="1" />
  <attribute name= "numThreadsSpecified" value="4" />
  <attribute name="heapSize specified" value="8388608" />
  <attribute name="Current GC Util" value="34" />
  <attribute name= "Current Time Running" value="11790" />
  <attribute name ="GC Interval" value="200" />
  <attribute name="ProportionalT" value="7.000000" />
  <attribute name="ProportionalI" value="7.000000" />
  <attribute name="ProportionalH" value="7.000000" />
  <attribute name="Current Error" value="14.000000" />
  <attribute name="IntegralT" value="35.000000" />
  <attribute name="IntegralI" value="35.000000" />
  <attribute name="IntegralH" value="35.000000" />
  <attribute name="DerivativeT" value="2.800000" />
  <attribute name="DerivativeI" value="2.800000" />
  <attribute name="DerivativeH" value="2.800000" />
  <attribute name="Loop Time for DT" value="5.000000" />
  <attribute name="Output H" value="8388608"/>
  <attribute name="Output I" value="200"/>
  <attribute name="Output T" value="4"/>
  <attribute name="Target GC Util Change" value ="20.000000" />
  <attribute name="Current GC Util Change" value="34.000000"/>
  <attribute name="GC Util currently" value="34" />
  <attribute name="CPU Util currently" value="946649432909" />
<sys-end id="99" timestamp="2019-06-16T22:21:11.712" />
<exclusive-end id="100" timestamp="2019-06-16T22:21:11.712" durationms="10.681" />

<exclusive-start id="101" timestamp="2019-06-16T22:21:11.791" intervalms="89.972">
  <response-info timems="0.030" idlems="0.030" threads="0" lastid="000000000225F700" lastname="main" />
</exclusive-start>
<af-start id="102" threadId="0000000002260088" totalBytesRequested="64" timestamp="2019-06-16T22:21:11.791" intervalms="2862.005" type="nursery" />
<cycle-start id="103" type="scavenge" contextid="0" timestamp="2019-06-16T22:21:11.792" intervalms="2861.559" />
<gc-start id="104" type="scavenge" contextid="103" timestamp="2019-06-16T22:21:11.792">
  <mem-info id="105" free="5502304" total="8388608" percent="65">
    <mem type="nursery" free="0" total="2097152" percent="0">
      <mem type="allocate" free="0" total="1310720" percent="0" />
      <mem type="survivor" free="0" total="786432" percent="0" />
    </mem>
    <mem type="tenure" free="5502304" total="6291456" percent="87">
      <mem type="soa" free="5187936" total="5977088" percent="86" />
      <mem type="loa" free="314368" total="314368" percent="100" />
    </mem>
    <remembered-set count="569" />
  </mem-info>
</gc-start>
<allocation-stats totalBytes="1113264" >
  <allocated-bytes non-tlh="62720" tlh="1050544" />
  <largest-consumer threadName="main" threadId="000000000225F700" bytes="1109168" />
</allocation-stats>
<gc-op id="106" type="scavenge" timems="0.459" contextid="103" timestamp="2019-06-16T22:21:11.792">
  <scavenger-info tenureage="3" tenuremask="fff8" tiltratio="62" />
  <memory-copied type="nursery" objects="2268" bytes="289880" bytesdiscarded="71072" />
  <memory-copied type="tenure" objects="231" bytes="57800" bytesdiscarded="0" />
  <finalization candidates="2" enqueued="0" />
  <references type="soft" candidates="3" cleared="0" enqueued="0" dynamicThreshold="28" maxThreshold="32" />
  <references type="weak" candidates="32" cleared="31" enqueued="31" />
  <references type="phantom" candidates="6" cleared="0" enqueued="0" />
</gc-op>
<gc-end id="107" type="scavenge" contextid="103" durationms="0.735" usertimems="0.000" systemtimems="0.000" timestamp="2019-06-16T22:21:11.792" activeThreads="4">
  <mem-info id="108" free="6422800" total="8388608" percent="76">
    <mem type="nursery" free="1015232" total="2097152" percent="48">
      <mem type="allocate" free="1015232" total="1376256" percent="73" />
      <mem type="survivor" free="0" total="720896" percent="0" />
    </mem>
    <mem type="tenure" free="5407568" total="6291456" percent="85" macro-fragmented="3732887">
      <mem type="soa" free="5093200" total="5977088" percent="85" />
      <mem type="loa" free="314368" total="314368" percent="100" />
    </mem>
    <pending-finalizers system="0" default="0" reference="31" classloader="0" />
    <remembered-set count="549" />
  </mem-info>
</gc-end>
<cycle-end id="109" type="scavenge" contextid="103" timestamp="2019-06-16T22:21:11.792" />
  <attribute name="elasticGC enabled" value="1" />
  <attribute name= "numThreadsSpecified" value="4" />
  <attribute name="heapSize specified" value="8388608" />
  <attribute name="Current GC Util" value="8" />
  <attribute name= "Current Time Running" value="11870" />
  <attribute name ="GC Interval" value="200" />
  <attribute name="ProportionalT" value="-6.000000" />
  <attribute name="ProportionalI" value="-6.000000" />
  <attribute name="ProportionalH" value="-6.000000" />
  <attribute name="Current Error" value="-12.000000" />
  <attribute name="IntegralT" value="-480.000000" />
  <attribute name="IntegralI" value="-480.000000" />
  <attribute name="IntegralH" value="-480.000000" />
  <attribute name="DerivativeT" value="-0.325000" />
  <attribute name="DerivativeI" value="-0.325000" />
  <attribute name="DerivativeH" value="-0.325000" />
  <attribute name="Loop Time for DT" value="80.000000" />
  <attribute name="Output H" value="2092630016"/>
  <attribute name="Output I" value="200"/>
  <attribute name="Output T" value="4"/>
  <attribute name="Target GC Util Change" value ="20.000000" />
  <attribute name="Current GC Util Change" value="8.000000"/>
  <attribute name="GC Util currently" value="8" />
  <attribute name="CPU Util currently" value="57360951863" />
<allocation-satisfied id="110" threadId="000000000225F700" bytesRequested="64" />
<af-end id="111" timestamp="2019-06-16T22:21:11.793" threadId="0000000002260088" success="true" from="nursery"/>
<exclusive-end id="112" timestamp="2019-06-16T22:21:11.793" durationms="1.327" />

<exclusive-start id="113" timestamp="2019-06-16T22:21:11.853" intervalms="61.668">
  <response-info timems="0.027" idlems="0.015" threads="1" lastid="0000000002263300" lastname="JIT Compilation Thread-0" />
</exclusive-start>
<af-start id="114" threadId="0000000002260088" totalBytesRequested="200" timestamp="2019-06-16T22:21:11.853" intervalms="61.640" type="nursery" />
<cycle-start id="115" type="scavenge" contextid="0" timestamp="2019-06-16T22:21:11.853" intervalms="61.609" />
<gc-start id="116" type="scavenge" contextid="115" timestamp="2019-06-16T22:21:11.853">
  <mem-info id="117" free="5374080" total="8388608" percent="64">
    <mem type="nursery" free="0" total="2097152" percent="0">
      <mem type="allocate" free="0" total="1376256" percent="0" />
      <mem type="survivor" free="0" total="720896" percent="0" />
    </mem>
    <mem type="tenure" free="5374080" total="6291456" percent="85">
      <mem type="soa" free="5059712" total="5977088" percent="84" />
      <mem type="loa" free="314368" total="314368" percent="100" />
    </mem>
    <remembered-set count="955" />
  </mem-info>
</gc-start>
<allocation-stats totalBytes="1046584" >
  <allocated-bytes non-tlh="33552" tlh="1013032" />
  <largest-consumer threadName="main" threadId="000000000225F700" bytes="1046584" />
</allocation-stats>
<gc-op id="118" type="scavenge" timems="0.395" contextid="115" timestamp="2019-06-16T22:21:11.854">
  <scavenger-info tenureage="3" tenuremask="ffc8" tiltratio="65" />
  <memory-copied type="nursery" objects="2443" bytes="350336" bytesdiscarded="39056" />
  <references type="soft" candidates="3" cleared="0" enqueued="0" dynamicThreshold="28" maxThreshold="32" />
  <references type="weak" candidates="3" cleared="2" enqueued="2" />
  <references type="phantom" candidates="7" cleared="0" enqueued="0" />
</gc-op>
<gc-end id="119" type="scavenge" contextid="115" durationms="0.638" usertimems="0.000" systemtimems="0.000" timestamp="2019-06-16T22:21:11.854" activeThreads="4">
  <mem-info id="120" free="6426392" total="8388608" percent="76">
    <mem type="nursery" free="1052312" total="2097152" percent="50">
      <mem type="allocate" free="1052312" total="1441792" percent="72" />
      <mem type="survivor" free="0" total="655360" percent="0" />
    </mem>
    <mem type="tenure" free="5374080" total="6291456" percent="85" macro-fragmented="4479464">
      <mem type="soa" free="5059712" total="5977088" percent="84" />
      <mem type="loa" free="314368" total="314368" percent="100" />
    </mem>
    <pending-finalizers system="0" default="0" reference="2" classloader="0" />
    <remembered-set count="953" />
  </mem-info>
</gc-end>
<cycle-end id="121" type="scavenge" contextid="115" timestamp="2019-06-16T22:21:11.854" />
  <attribute name="elasticGC enabled" value="1" />
  <attribute name= "numThreadsSpecified" value="4" />
  <attribute name="heapSize specified" value="8388608" />
  <attribute name="Current GC Util" value="1" />
  <attribute name= "Current Time Running" value="11932" />
  <attribute name ="GC Interval" value="200" />
  <attribute name="ProportionalT" value="-9.500000" />
  <attribute name="ProportionalI" value="-9.500000" />
  <attribute name="ProportionalH" value="-9.500000" />
  <attribute name="Current Error" value="-19.000000" />
  <attribute name="IntegralT" value="-589.000000" />
  <attribute name="IntegralI" value="-589.000000" />
  <attribute name="IntegralH" value="-589.000000" />
  <attribute name="DerivativeT" value="-0.306452" />
  <attribute name="DerivativeI" value="-0.306452" />
  <attribute name="DerivativeH" value="-0.306452" />
  <attribute name="Loop Time for DT" value="62.000000" />
  <attribute name="Output H" value="2092630016"/>
  <attribute name="Output I" value="200"/>
  <attribute name="Output T" value="4"/>
  <attribute name="Target GC Util Change" value ="20.000000" />
  <attribute name="Current GC Util Change" value="1.000000"/>
  <attribute name="GC Util currently" value="1" />
  <attribute name="CPU Util currently" value="74918651894" />
<allocation-satisfied id="122" threadId="000000000225F700" bytesRequested="200" />
<af-end id="123" timestamp="2019-06-16T22:21:11.854" threadId="0000000002260088" success="true" from="nursery"/>
<exclusive-end id="124" timestamp="2019-06-16T22:21:11.854" durationms="1.083" />

<exclusive-start id="125" timestamp="2019-06-16T22:21:12.203" intervalms="349.762">
  <response-info timems="0.023" idlems="0.023" threads="0" lastid="000000000225F700" lastname="main" />
</exclusive-start>
<af-start id="126" threadId="0000000002260088" totalBytesRequested="24" timestamp="2019-06-16T22:21:12.203" intervalms="349.797" type="nursery" />
<cycle-start id="127" type="scavenge" contextid="0" timestamp="2019-06-16T22:21:12.203" intervalms="349.832" />
<gc-start id="128" type="scavenge" contextid="127" timestamp="2019-06-16T22:21:12.203">
  <mem-info id="129" free="5356536" total="8388608" percent="63">
    <mem type="nursery" free="0" total="2097152" percent="0">
      <mem type="allocate" free="0" total="1441792" percent="0" />
      <mem type="survivor" free="0" total="655360" percent="0" />
    </mem>
    <mem type="tenure" free="5356536" total="6291456" percent="85">
      <mem type="soa" free="5042168" total="5977088" percent="84" />
      <mem type="loa" free="314368" total="314368" percent="100" />
    </mem>
    <remembered-set count="1200" />
  </mem-info>
</gc-start>
<allocation-stats totalBytes="1069528" >
  <allocated-bytes non-tlh="17744" tlh="1051784" />
  <largest-consumer threadName="main" threadId="000000000225F700" bytes="1069528" />
</allocation-stats>
<gc-op id="130" type="scavenge" timems="1.219" contextid="127" timestamp="2019-06-16T22:21:12.204">
  <scavenger-info tenureage="3" tenuremask="fff8" tiltratio="68" />
  <memory-copied type="nursery" objects="12473" bytes="629568" bytesdiscarded="25704" />
  <memory-copied type="tenure" objects="1107" bytes="24312" bytesdiscarded="0" />
  <copy-failed type="nursery" objects="1107" bytes="24312" />
  <references type="soft" candidates="3" cleared="0" enqueued="0" dynamicThreshold="28" maxThreshold="32" />
  <references type="weak" candidates="8" cleared="7" enqueued="7" />
  <references type="phantom" candidates="8" cleared="2" enqueued="2" />
</gc-op>
<gc-end id="131" type="scavenge" contextid="127" durationms="1.513" usertimems="0.000" systemtimems="0.000" timestamp="2019-06-16T22:21:12.205" activeThreads="4">
  <mem-info id="132" free="5679864" total="8388608" percent="67">
    <mem type="nursery" free="393216" total="2097152" percent="18">
      <mem type="allocate" free="393216" total="1048576" percent="37" />
      <mem type="survivor" free="0" total="1048576" percent="0" />
    </mem>
    <mem type="tenure" free="5286648" total="6291456" percent="84" macro-fragmented="3732887">
      <mem type="soa" free="4972280" total="5977088" percent="83" />
      <mem type="loa" free="314368" total="314368" percent="100" />
    </mem>
    <pending-finalizers system="0" default="0" reference="9" classloader="0" />
    <remembered-set count="1957" />
  </mem-info>
</gc-end>
<cycle-end id="133" type="scavenge" contextid="127" timestamp="2019-06-16T22:21:12.205" />
  <attribute name="elasticGC enabled" value="1" />
  <attribute name= "numThreadsSpecified" value="4" />
  <attribute name="heapSize specified" value="8388608" />
  <attribute name="Current GC Util" value="0" />
  <attribute name= "Current Time Running" value="12282" />
  <attribute name ="GC Interval" value="200" />
  <attribute name="ProportionalT" value="-10.000000" />
  <attribute name="ProportionalI" value="-10.000000" />
  <attribute name="ProportionalH" value="-10.000000" />
  <attribute name="Current Error" value="-20.000000" />
  <attribute name="IntegralT" value="-3500.000000" />
  <attribute name="IntegralI" value="-3500.000000" />
  <attribute name="IntegralH" value="-3500.000000" />
  <attribute name="DerivativeT" value="-0.057143" />
  <attribute name="DerivativeI" value="-0.057143" />
  <attribute name="DerivativeH" value="-0.057143" />
  <attribute name="Loop Time for DT" value="350.000000" />
  <attribute name="Output H" value="2092630016"/>
  <attribute name="Output I" value="200"/>
  <attribute name="Output T" value="4"/>
  <attribute name="Target GC Util Change" value ="20.000000" />
  <attribute name="Current GC Util Change" value="0.000000"/>
  <attribute name="GC Util currently" value="0" />
  <attribute name="CPU Util currently" value="9" />
<allocation-satisfied id="134" threadId="000000000225F700" bytesRequested="24" />
<af-end id="135" timestamp="2019-06-16T22:21:12.205" threadId="0000000002260088" success="true" from="nursery"/>
<exclusive-end id="136" timestamp="2019-06-16T22:21:12.205" durationms="2.242" />

<exclusive-start id="137" timestamp="2019-06-16T22:21:12.219" intervalms="16.207">
  <response-info timems="0.052" idlems="0.052" threads="0" lastid="000000000225F700" lastname="main" />
</exclusive-start>
<af-start id="138" threadId="0000000002260088" totalBytesRequested="16" timestamp="2019-06-16T22:21:12.219" intervalms="16.218" type="nursery" />
<cycle-start id="139" type="scavenge" contextid="0" timestamp="2019-06-16T22:21:12.219" intervalms="16.232" />
<gc-start id="140" type="scavenge" contextid="139" timestamp="2019-06-16T22:21:12.219">
  <mem-info id="141" free="5270488" total="8388608" percent="62">
    <mem type="nursery" free="0" total="2097152" percent="0">
      <mem type="allocate" free="0" total="1048576" percent="0" />
      <mem type="survivor" free="0" total="1048576" percent="0" />
    </mem>
    <mem type="tenure" free="5270488" total="6291456" percent="83">
      <mem type="soa" free="4956120" total="5977088" percent="82" />
      <mem type="loa" free="314368" total="314368" percent="100" />
    </mem>
    <remembered-set count="2303" />
  </mem-info>
</gc-start>
<allocation-stats totalBytes="407792" >
  <allocated-bytes non-tlh="16184" tlh="391608" />
  <largest-consumer threadName="main" threadId="000000000225F700" bytes="407792" />
</allocation-stats>
<gc-op id="142" type="scavenge" timems="0.905" contextid="139" timestamp="2019-06-16T22:21:12.220">
  <scavenger-info tenureage="3" tenuremask="fff8" tiltratio="50" />
  <memory-copied type="nursery" objects="10970" bytes="362136" bytesdiscarded="120800" />
  <memory-copied type="tenure" objects="2121" bytes="285016" bytesdiscarded="16" />
</gc-op>
<gc-end id="143" type="scavenge" contextid="139" durationms="1.224" usertimems="0.000" systemtimems="0.000" timestamp="2019-06-16T22:21:12.221" activeThreads="4">
  <mem-info id="144" free="5583616" total="8388608" percent="66">
    <mem type="nursery" free="631144" total="2097152" percent="30">
      <mem type="allocate" free="631144" total="1114112" percent="56" />
      <mem type="survivor" free="0" total="983040" percent="0" />
    </mem>
    <mem type="tenure" free="4952472" total="6291456" percent="78" macro-fragmented="3732887">
      <mem type="soa" free="4638104" total="5977088" percent="77" />
      <mem type="loa" free="314368" total="314368" percent="100" />
    </mem>
    <remembered-set count="1857" />
  </mem-info>
</gc-end>
<cycle-end id="145" type="scavenge" contextid="139" timestamp="2019-06-16T22:21:12.221" />
  <attribute name="elasticGC enabled" value="1" />
  <attribute name= "numThreadsSpecified" value="4" />
  <attribute name="heapSize specified" value="8388608" />
  <attribute name="Current GC Util" value="15" />
  <attribute name= "Current Time Running" value="12298" />
  <attribute name ="GC Interval" value="200" />
  <attribute name="ProportionalT" value="-2.500000" />
  <attribute name="ProportionalI" value="-2.500000" />
  <attribute name="ProportionalH" value="-2.500000" />
  <attribute name="Current Error" value="-5.000000" />
  <attribute name="IntegralT" value="-40.000000" />
  <attribute name="IntegralI" value="-40.000000" />
  <attribute name="IntegralH" value="-40.000000" />
  <attribute name="DerivativeT" value="-0.312500" />
  <attribute name="DerivativeI" value="-0.312500" />
  <attribute name="DerivativeH" value="-0.312500" />
  <attribute name="Loop Time for DT" value="16.000000" />
  <attribute name="Output H" value="2092630016"/>
  <attribute name="Output I" value="200"/>
  <attribute name="Output T" value="4"/>
  <attribute name="Target GC Util Change" value ="20.000000" />
  <attribute name="Current GC Util Change" value="15.000000"/>
  <attribute name="GC Util currently" value="15" />
  <attribute name="CPU Util currently" value="284235499461" />
<allocation-satisfied id="146" threadId="000000000225F700" bytesRequested="16" />
<af-end id="147" timestamp="2019-06-16T22:21:12.221" threadId="0000000002260088" success="true" from="nursery"/>
<exclusive-end id="148" timestamp="2019-06-16T22:21:12.221" durationms="1.939" />

<exclusive-start id="149" timestamp="2019-06-16T22:21:12.322" intervalms="102.653">
  <response-info timems="0.065" idlems="0.065" threads="0" lastid="000000000225F700" lastname="main" />
</exclusive-start>
<af-start id="150" threadId="0000000002260088" totalBytesRequested="1168" timestamp="2019-06-16T22:21:12.322" intervalms="102.637" type="nursery" />
<cycle-start id="151" type="scavenge" contextid="0" timestamp="2019-06-16T22:21:12.322" intervalms="102.614" />
<gc-start id="152" type="scavenge" contextid="151" timestamp="2019-06-16T22:21:12.322">
  <mem-info id="153" free="4944536" total="8388608" percent="58">
    <mem type="nursery" free="0" total="2097152" percent="0">
      <mem type="allocate" free="0" total="1114112" percent="0" />
      <mem type="survivor" free="0" total="983040" percent="0" />
    </mem>
    <mem type="tenure" free="4944536" total="6291456" percent="78">
      <mem type="soa" free="4630168" total="5977088" percent="77" />
      <mem type="loa" free="314368" total="314368" percent="100" />
    </mem>
    <remembered-set count="1952" />
  </mem-info>
</gc-start>
<allocation-stats totalBytes="609816" >
  <allocated-bytes non-tlh="102608" tlh="507208" />
  <largest-consumer threadName="main" threadId="000000000225F700" bytes="609816" />
</allocation-stats>
<gc-op id="154" type="scavenge" timems="0.799" contextid="151" timestamp="2019-06-16T22:21:12.323">
  <scavenger-info tenureage="2" tenuremask="fffc" tiltratio="53" />
  <memory-copied type="nursery" objects="1292" bytes="85664" bytesdiscarded="29560" />
  <memory-copied type="tenure" objects="10307" bytes="343024" bytesdiscarded="8" />
  <references type="weak" candidates="2" cleared="2" enqueued="2" />
</gc-op>
<gc-end id="155" type="scavenge" contextid="151" durationms="1.147" usertimems="0.000" systemtimems="0.000" timestamp="2019-06-16T22:21:12.323" activeThreads="4">
  <mem-info id="156" free="5635032" total="8388608" percent="67">
    <mem type="nursery" free="1064408" total="2097152" percent="50">
      <mem type="allocate" free="1064408" total="1179648" percent="90" />
      <mem type="survivor" free="0" total="917504" percent="0" />
    </mem>
    <mem type="tenure" free="4570624" total="6291456" percent="72" macro-fragmented="3110739">
      <mem type="soa" free="4256256" total="5977088" percent="71" />
      <mem type="loa" free="314368" total="314368" percent="100" />
    </mem>
    <pending-finalizers system="0" default="0" reference="2" classloader="0" />
    <remembered-set count="506" />
  </mem-info>
</gc-end>
<cycle-end id="157" type="scavenge" contextid="151" timestamp="2019-06-16T22:21:12.323" />
  <attribute name="elasticGC enabled" value="1" />
  <attribute name= "numThreadsSpecified" value="4" />
  <attribute name="heapSize specified" value="8388608" />
  <attribute name="Current GC Util" value="1" />
  <attribute name= "Current Time Running" value="12401" />
  <attribute name ="GC Interval" value="200" />
  <attribute name="ProportionalT" value="-9.500000" />
  <attribute name="ProportionalI" value="-9.500000" />
  <attribute name="ProportionalH" value="-9.500000" />
  <attribute name="Current Error" value="-19.000000" />
  <attribute name="IntegralT" value="-978.500000" />
  <attribute name="IntegralI" value="-978.500000" />
  <attribute name="IntegralH" value="-978.500000" />
  <attribute name="DerivativeT" value="-0.184466" />
  <attribute name="DerivativeI" value="-0.184466" />
  <attribute name="DerivativeH" value="-0.184466" />
  <attribute name="Loop Time for DT" value="103.000000" />
  <attribute name="Output H" value="2092630016"/>
  <attribute name="Output I" value="200"/>
  <attribute name="Output T" value="4"/>
  <attribute name="Target GC Util Change" value ="20.000000" />
  <attribute name="Current GC Util Change" value="1.000000"/>
  <attribute name="GC Util currently" value="1" />
  <attribute name="CPU Util currently" value="3" />
<allocation-satisfied id="158" threadId="000000000225F700" bytesRequested="1168" />
<af-end id="159" timestamp="2019-06-16T22:21:12.323" threadId="0000000002260088" success="true" from="nursery"/>
<exclusive-end id="160" timestamp="2019-06-16T22:21:12.324" durationms="1.918" />

<exclusive-start id="161" timestamp="2019-06-16T22:21:12.368" intervalms="46.804">
  <response-info timems="0.049" idlems="0.049" threads="0" lastid="000000000225F700" lastname="main" />
</exclusive-start>
<af-start id="162" threadId="0000000002260088" totalBytesRequested="2552" timestamp="2019-06-16T22:21:12.369" intervalms="46.799" type="nursery" />
<cycle-start id="163" type="scavenge" contextid="0" timestamp="2019-06-16T22:21:12.369" intervalms="46.796" />
<gc-start id="164" type="scavenge" contextid="163" timestamp="2019-06-16T22:21:12.369">
  <mem-info id="165" free="4545224" total="8388608" percent="54">
    <mem type="nursery" free="0" total="2097152" percent="0">
      <mem type="allocate" free="0" total="1179648" percent="0" />
      <mem type="survivor" free="0" total="917504" percent="0" />
    </mem>
    <mem type="tenure" free="4545224" total="6291456" percent="72">
      <mem type="soa" free="4230856" total="5977088" percent="70" />
      <mem type="loa" free="314368" total="314368" percent="100" />
    </mem>
    <remembered-set count="827" />
  </mem-info>
</gc-start>
<allocation-stats totalBytes="1086032" >
  <allocated-bytes non-tlh="26568" tlh="1059464" />
  <largest-consumer threadName="main" threadId="000000000225F700" bytes="1086032" />
</allocation-stats>
<gc-op id="166" type="scavenge" timems="0.384" contextid="163" timestamp="2019-06-16T22:21:12.369">
  <scavenger-info tenureage="5" tenuremask="ffe0" tiltratio="56" />
  <memory-copied type="nursery" objects="3200" bytes="155240" bytesdiscarded="196016" />
</gc-op>
<gc-end id="167" type="scavenge" contextid="163" durationms="0.660" usertimems="4.000" systemtimems="0.000" timestamp="2019-06-16T22:21:12.369" activeThreads="4">
  <mem-info id="168" free="5504664" total="8388608" percent="65">
    <mem type="nursery" free="959440" total="2097152" percent="45">
      <mem type="allocate" free="959440" total="1310720" percent="73" />
      <mem type="survivor" free="0" total="786432" percent="0" />
    </mem>
    <mem type="tenure" free="4545224" total="6291456" percent="72" macro-fragmented="3110739">
      <mem type="soa" free="4230856" total="5977088" percent="70" />
      <mem type="loa" free="314368" total="314368" percent="100" />
    </mem>
    <remembered-set count="490" />
  </mem-info>
</gc-end>
<cycle-end id="169" type="scavenge" contextid="163" timestamp="2019-06-16T22:21:12.369" />
  <attribute name="elasticGC enabled" value="1" />
  <attribute name= "numThreadsSpecified" value="4" />
  <attribute name="heapSize specified" value="8388608" />
  <attribute name="Current GC Util" value="3" />
  <attribute name= "Current Time Running" value="12448" />
  <attribute name ="GC Interval" value="200" />
  <attribute name="ProportionalT" value="-8.500000" />
  <attribute name="ProportionalI" value="-8.500000" />
  <attribute name="ProportionalH" value="-8.500000" />
  <attribute name="Current Error" value="-17.000000" />
  <attribute name="IntegralT" value="-399.500000" />
  <attribute name="IntegralI" value="-399.500000" />
  <attribute name="IntegralH" value="-399.500000" />
  <attribute name="DerivativeT" value="-0.361702" />
  <attribute name="DerivativeI" value="-0.361702" />
  <attribute name="DerivativeH" value="-0.361702" />
  <attribute name="Loop Time for DT" value="47.000000" />
  <attribute name="Output H" value="2092630016"/>
  <attribute name="Output I" value="200"/>
  <attribute name="Output T" value="4"/>
  <attribute name="Target GC Util Change" value ="20.000000" />
  <attribute name="Current GC Util Change" value="3.000000"/>
  <attribute name="GC Util currently" value="3" />
  <attribute name="CPU Util currently" value="5" />
<allocation-satisfied id="170" threadId="000000000225F700" bytesRequested="2552" />
<af-end id="171" timestamp="2019-06-16T22:21:12.370" threadId="0000000002260088" success="true" from="nursery"/>
<exclusive-end id="172" timestamp="2019-06-16T22:21:12.370" durationms="1.187" />

<exclusive-start id="173" timestamp="2019-06-16T22:21:12.391" intervalms="22.675">
  <response-info timems="0.067" idlems="0.067" threads="0" lastid="000000000225F700" lastname="main" />
</exclusive-start>
<af-start id="174" threadId="0000000002260088" totalBytesRequested="24" timestamp="2019-06-16T22:21:12.391" intervalms="22.718" type="nursery" />
<cycle-start id="175" type="scavenge" contextid="0" timestamp="2019-06-16T22:21:12.391" intervalms="22.766" />
<gc-start id="176" type="scavenge" contextid="175" timestamp="2019-06-16T22:21:12.392">
  <mem-info id="177" free="4536896" total="8388608" percent="54">
    <mem type="nursery" free="0" total="2097152" percent="0">
      <mem type="allocate" free="0" total="1310720" percent="0" />
      <mem type="survivor" free="0" total="786432" percent="0" />
    </mem>
    <mem type="tenure" free="4536896" total="6291456" percent="72">
      <mem type="soa" free="4222528" total="5977088" percent="70" />
      <mem type="loa" free="314368" total="314368" percent="100" />
    </mem>
    <remembered-set count="597" />
  </mem-info>
</gc-start>
<allocation-stats totalBytes="967496" >
  <allocated-bytes non-tlh="10880" tlh="956616" />
  <largest-consumer threadName="main" threadId="000000000225F700" bytes="967496" />
</allocation-stats>
<gc-op id="178" type="scavenge" timems="0.680" contextid="175" timestamp="2019-06-16T22:21:12.392">
  <scavenger-info tenureage="4" tenuremask="fff0" tiltratio="62" />
  <memory-copied type="nursery" objects="10314" bytes="600568" bytesdiscarded="147256" />
</gc-op>
<gc-end id="179" type="scavenge" contextid="175" durationms="1.150" usertimems="0.000" systemtimems="0.000" timestamp="2019-06-16T22:21:12.393" activeThreads="4">
  <mem-info id="180" free="4837552" total="8388608" percent="57">
    <mem type="nursery" free="300656" total="2097152" percent="14">
      <mem type="allocate" free="300656" total="1048576" percent="28" />
      <mem type="survivor" free="0" total="1048576" percent="0" />
    </mem>
    <mem type="tenure" free="4536896" total="6291456" percent="72" macro-fragmented="3732887">
      <mem type="soa" free="4222528" total="5977088" percent="70" />
      <mem type="loa" free="314368" total="314368" percent="100" />
    </mem>
    <remembered-set count="521" />
  </mem-info>
</gc-end>
<cycle-end id="181" type="scavenge" contextid="175" timestamp="2019-06-16T22:21:12.393" />
  <attribute name="elasticGC enabled" value="1" />
  <attribute name= "numThreadsSpecified" value="4" />
  <attribute name="heapSize specified" value="8388608" />
  <attribute name="Current GC Util" value="3" />
  <attribute name= "Current Time Running" value="12470" />
  <attribute name ="GC Interval" value="200" />
  <attribute name="ProportionalT" value="-8.500000" />
  <attribute name="ProportionalI" value="-8.500000" />
  <attribute name="ProportionalH" value="-8.500000" />
  <attribute name="Current Error" value="-17.000000" />
  <attribute name="IntegralT" value="-187.000000" />
  <attribute name="IntegralI" value="-187.000000" />
  <attribute name="IntegralH" value="-187.000000" />
  <attribute name="DerivativeT" value="-0.772727" />
  <attribute name="DerivativeI" value="-0.772727" />
  <attribute name="DerivativeH" value="-0.772727" />
  <attribute name="Loop Time for DT" value="22.000000" />
  <attribute name="Output H" value="2092630016"/>
  <attribute name="Output I" value="200"/>
  <attribute name="Output T" value="4"/>
  <attribute name="Target GC Util Change" value ="20.000000" />
  <attribute name="Current GC Util Change" value="3.000000"/>
  <attribute name="GC Util currently" value="3" />
  <attribute name="CPU Util currently" value="201137788937" />
<allocation-satisfied id="182" threadId="000000000225F700" bytesRequested="24" />
<af-end id="183" timestamp="2019-06-16T22:21:12.393" threadId="0000000002260088" success="true" from="nursery"/>
<exclusive-end id="184" timestamp="2019-06-16T22:21:12.393" durationms="1.956" />

<exclusive-start id="185" timestamp="2019-06-16T22:21:12.554" intervalms="162.955">
  <response-info timems="0.026" idlems="0.026" threads="0" lastid="0000000002528000" lastname="node-0" />
</exclusive-start>
<af-start id="186" threadId="0000000002528988" totalBytesRequested="32" timestamp="2019-06-16T22:21:12.554" intervalms="162.887" type="nursery" />
<cycle-start id="187" type="scavenge" contextid="0" timestamp="2019-06-16T22:21:12.554" intervalms="162.816" />
<gc-start id="188" type="scavenge" contextid="187" timestamp="2019-06-16T22:21:12.554">
  <mem-info id="189" free="4535760" total="8388608" percent="54">
    <mem type="nursery" free="0" total="2097152" percent="0">
      <mem type="allocate" free="0" total="1048576" percent="0" />
      <mem type="survivor" free="0" total="1048576" percent="0" />
    </mem>
    <mem type="tenure" free="4535760" total="6291456" percent="72">
      <mem type="soa" free="4221392" total="5977088" percent="70" />
      <mem type="loa" free="314368" total="314368" percent="100" />
    </mem>
    <remembered-set count="551" />
  </mem-info>
</gc-start>
<allocation-stats totalBytes="299024" >
  <allocated-bytes non-tlh="36344" tlh="262680" />
  <largest-consumer threadName="main" threadId="000000000225F700" bytes="174360" />
</allocation-stats>
<gc-op id="190" type="scavenge" timems="0.864" contextid="187" timestamp="2019-06-16T22:21:12.555">
  <scavenger-info tenureage="3" tenuremask="fff8" tiltratio="50" />
  <memory-copied type="nursery" objects="12253" bytes="672032" bytesdiscarded="104912" />
  <memory-copied type="tenure" objects="1077" bytes="80576" bytesdiscarded="0" />
  <references type="weak" candidates="2" cleared="2" enqueued="2" />
</gc-op>
<gc-end id="191" type="scavenge" contextid="187" durationms="1.095" usertimems="0.000" systemtimems="0.000" timestamp="2019-06-16T22:21:12.555" activeThreads="4">
  <mem-info id="192" free="4862296" total="8388608" percent="57">
    <mem type="nursery" free="402608" total="2097152" percent="19">
      <mem type="allocate" free="402608" total="1179648" percent="34" />
      <mem type="survivor" free="0" total="917504" percent="0" />
    </mem>
    <mem type="tenure" free="4459688" total="6291456" percent="70" macro-fragmented="3110739">
      <mem type="soa" free="4145320" total="5977088" percent="69" />
      <mem type="loa" free="314368" total="314368" percent="100" />
    </mem>
    <pending-finalizers system="0" default="0" reference="2" classloader="0" />
    <remembered-set count="258" />
  </mem-info>
</gc-end>
<cycle-end id="193" type="scavenge" contextid="187" timestamp="2019-06-16T22:21:12.555" />
  <attribute name="elasticGC enabled" value="1" />
  <attribute name= "numThreadsSpecified" value="4" />
  <attribute name="heapSize specified" value="8388608" />
  <attribute name="Current GC Util" value="0" />
  <attribute name= "Current Time Running" value="12633" />
  <attribute name ="GC Interval" value="200" />
  <attribute name="ProportionalT" value="-10.000000" />
  <attribute name="ProportionalI" value="-10.000000" />
  <attribute name="ProportionalH" value="-10.000000" />
  <attribute name="Current Error" value="-20.000000" />
  <attribute name="IntegralT" value="-1630.000000" />
  <attribute name="IntegralI" value="-1630.000000" />
  <attribute name="IntegralH" value="-1630.000000" />
  <attribute name="DerivativeT" value="-0.122699" />
  <attribute name="DerivativeI" value="-0.122699" />
  <attribute name="DerivativeH" value="-0.122699" />
  <attribute name="Loop Time for DT" value="163.000000" />
  <attribute name="Output H" value="2092630016"/>
  <attribute name="Output I" value="200"/>
  <attribute name="Output T" value="4"/>
  <attribute name="Target GC Util Change" value ="20.000000" />
  <attribute name="Current GC Util Change" value="0.000000"/>
  <attribute name="GC Util currently" value="0" />
  <attribute name="CPU Util currently" value="22" />
<allocation-satisfied id="194" threadId="0000000002528000" bytesRequested="32" />
<af-end id="195" timestamp="2019-06-16T22:21:12.556" threadId="0000000002528988" success="true" from="nursery"/>
<exclusive-end id="196" timestamp="2019-06-16T22:21:12.556" durationms="1.589" />

<exclusive-start id="197" timestamp="2019-06-16T22:21:12.796" intervalms="241.963">
  <response-info timems="0.027" idlems="0.027" threads="0" lastid="0000000002520900" lastname="node-2" />
</exclusive-start>
<af-start id="198" threadId="0000000002521288" totalBytesRequested="32" timestamp="2019-06-16T22:21:12.796" intervalms="241.969" type="nursery" />
<cycle-start id="199" type="scavenge" contextid="0" timestamp="2019-06-16T22:21:12.796" intervalms="241.981" />
<gc-start id="200" type="scavenge" contextid="199" timestamp="2019-06-16T22:21:12.796">
  <mem-info id="201" free="4459688" total="8388608" percent="53">
    <mem type="nursery" free="0" total="2097152" percent="0">
      <mem type="allocate" free="0" total="1179648" percent="0" />
      <mem type="survivor" free="0" total="917504" percent="0" />
    </mem>
    <mem type="tenure" free="4459688" total="6291456" percent="70">
      <mem type="soa" free="4145320" total="5977088" percent="69" />
      <mem type="loa" free="314368" total="314368" percent="100" />
    </mem>
    <remembered-set count="258" />
  </mem-info>
</gc-start>
<allocation-stats totalBytes="402440" >
  <allocated-bytes non-tlh="32" tlh="402408" />
  <largest-consumer threadName="node-1" threadId="0000000002515500" bytes="132208" />
</allocation-stats>
<gc-op id="202" type="scavenge" timems="3.315" contextid="199" timestamp="2019-06-16T22:21:12.800">
  <scavenger-info tenureage="2" tenuremask="fffc" tiltratio="56" />
  <memory-copied type="nursery" objects="6618" bytes="238064" bytesdiscarded="238456" />
  <memory-copied type="tenure" objects="9212" bytes="519312" bytesdiscarded="48" />
</gc-op>
<gc-end id="203" type="scavenge" contextid="199" durationms="4.003" usertimems="4.000" systemtimems="0.000" timestamp="2019-06-16T22:21:12.800" activeThreads="4">
  <mem-info id="204" free="4525560" total="8388608" percent="53">
    <mem type="nursery" free="768648" total="2097152" percent="36">
      <mem type="allocate" free="768648" total="1245184" percent="61" />
      <mem type="survivor" free="0" total="851968" percent="0" />
    </mem>
    <mem type="tenure" free="3756912" total="6291456" percent="59" macro-fragmented="1041779">
      <mem type="soa" free="3442544" total="5977088" percent="57" />
      <mem type="loa" free="314368" total="314368" percent="100" />
    </mem>
    <remembered-set count="167" />
  </mem-info>
</gc-end>
<cycle-end id="205" type="scavenge" contextid="199" timestamp="2019-06-16T22:21:12.800" />
  <attribute name="elasticGC enabled" value="1" />
  <attribute name= "numThreadsSpecified" value="4" />
  <attribute name="heapSize specified" value="8388608" />
  <attribute name="Current GC Util" value="0" />
  <attribute name= "Current Time Running" value="12875" />
  <attribute name ="GC Interval" value="200" />
  <attribute name="ProportionalT" value="-10.000000" />
  <attribute name="ProportionalI" value="-10.000000" />
  <attribute name="ProportionalH" value="-10.000000" />
  <attribute name="Current Error" value="-20.000000" />
  <attribute name="IntegralT" value="-2420.000000" />
  <attribute name="IntegralI" value="-2420.000000" />
  <attribute name="IntegralH" value="-2420.000000" />
  <attribute name="DerivativeT" value="-0.082645" />
  <attribute name="DerivativeI" value="-0.082645" />
  <attribute name="DerivativeH" value="-0.082645" />
  <attribute name="Loop Time for DT" value="242.000000" />
  <attribute name="Output H" value="2092630016"/>
  <attribute name="Output I" value="200"/>
  <attribute name="Output T" value="4"/>
  <attribute name="Target GC Util Change" value ="20.000000" />
  <attribute name="Current GC Util Change" value="0.000000"/>
  <attribute name="GC Util currently" value="0" />
  <attribute name="CPU Util currently" value="30" />
<allocation-satisfied id="206" threadId="0000000002520900" bytesRequested="32" />
<af-end id="207" timestamp="2019-06-16T22:21:12.801" threadId="0000000002521288" success="true" from="nursery"/>
<exclusive-end id="208" timestamp="2019-06-16T22:21:12.801" durationms="4.798" />

<exclusive-start id="209" timestamp="2019-06-16T22:21:13.195" intervalms="399.252">
  <response-info timems="0.030" idlems="0.030" threads="0" lastid="0000000002520900" lastname="node-2" />
</exclusive-start>
<af-start id="210" threadId="0000000002521288" totalBytesRequested="32" timestamp="2019-06-16T22:21:13.195" intervalms="399.247" type="nursery" />
<cycle-start id="211" type="scavenge" contextid="0" timestamp="2019-06-16T22:21:13.195" intervalms="399.237" />
<gc-start id="212" type="scavenge" contextid="211" timestamp="2019-06-16T22:21:13.196">
  <mem-info id="213" free="3756912" total="8388608" percent="44">
    <mem type="nursery" free="0" total="2097152" percent="0">
      <mem type="allocate" free="0" total="1245184" percent="0" />
      <mem type="survivor" free="0" total="851968" percent="0" />
    </mem>
    <mem type="tenure" free="3756912" total="6291456" percent="59">
      <mem type="soa" free="3442544" total="5977088" percent="57" />
      <mem type="loa" free="314368" total="314368" percent="100" />
    </mem>
    <remembered-set count="175" />
  </mem-info>
</gc-start>
<allocation-stats totalBytes="768304" >
  <allocated-bytes non-tlh="32" tlh="768272" />
  <largest-consumer threadName="node-0" threadId="0000000002528000" bytes="143320" />
</allocation-stats>
<gc-op id="214" type="scavenge" timems="0.692" contextid="211" timestamp="2019-06-16T22:21:13.196">
  <scavenger-info tenureage="2" tenuremask="fffc" tiltratio="59" />
  <memory-copied type="nursery" objects="6816" bytes="163344" bytesdiscarded="71664" />
  <memory-copied type="tenure" objects="2985" bytes="150960" bytesdiscarded="8" />
</gc-op>
<gc-end id="215" type="scavenge" contextid="211" durationms="0.932" usertimems="0.000" systemtimems="4.000" timestamp="2019-06-16T22:21:13.196" activeThreads="4">
  <mem-info id="216" free="4758384" total="8388608" percent="56">
    <mem type="nursery" free="1141248" total="2097152" percent="54">
      <mem type="allocate" free="1141248" total="1376256" percent="82" />
      <mem type="survivor" free="0" total="720896" percent="0" />
    </mem>
    <mem type="tenure" free="3617136" total="6291456" percent="57" macro-fragmented="3110739">
      <mem type="soa" free="3302768" total="5977088" percent="55" />
      <mem type="loa" free="314368" total="314368" percent="100" />
    </mem>
    <remembered-set count="186" />
  </mem-info>
</gc-end>
<cycle-end id="217" type="scavenge" contextid="211" timestamp="2019-06-16T22:21:13.197" />
  <attribute name="elasticGC enabled" value="1" />
  <attribute name= "numThreadsSpecified" value="4" />
  <attribute name="heapSize specified" value="8388608" />
  <attribute name="Current GC Util" value="0" />
  <attribute name= "Current Time Running" value="13274" />
  <attribute name ="GC Interval" value="200" />
  <attribute name="ProportionalT" value="-10.000000" />
  <attribute name="ProportionalI" value="-10.000000" />
  <attribute name="ProportionalH" value="-10.000000" />
  <attribute name="Current Error" value="-20.000000" />
  <attribute name="IntegralT" value="-3990.000000" />
  <attribute name="IntegralI" value="-3990.000000" />
  <attribute name="IntegralH" value="-3990.000000" />
  <attribute name="DerivativeT" value="-0.050125" />
  <attribute name="DerivativeI" value="-0.050125" />
  <attribute name="DerivativeH" value="-0.050125" />
  <attribute name="Loop Time for DT" value="399.000000" />
  <attribute name="Output H" value="2092630016"/>
  <attribute name="Output I" value="200"/>
  <attribute name="Output T" value="4"/>
  <attribute name="Target GC Util Change" value ="20.000000" />
  <attribute name="Current GC Util Change" value="0.000000"/>
  <attribute name="GC Util currently" value="0" />
  <attribute name="CPU Util currently" value="10" />
<allocation-satisfied id="218" threadId="0000000002520900" bytesRequested="32" />
<af-end id="219" timestamp="2019-06-16T22:21:13.197" threadId="0000000002521288" success="true" from="nursery"/>
<exclusive-end id="220" timestamp="2019-06-16T22:21:13.197" durationms="1.424" />

<exclusive-start id="221" timestamp="2019-06-16T22:21:13.774" intervalms="578.232">
  <response-info timems="0.038" idlems="0.038" threads="0" lastid="0000000002524500" lastname="node-3" />
</exclusive-start>
<af-start id="222" threadId="0000000002524E88" totalBytesRequested="32" timestamp="2019-06-16T22:21:13.774" intervalms="578.258" type="nursery" />
<cycle-start id="223" type="scavenge" contextid="0" timestamp="2019-06-16T22:21:13.774" intervalms="578.268" />
<gc-start id="224" type="scavenge" contextid="223" timestamp="2019-06-16T22:21:13.774">
  <mem-info id="225" free="3617136" total="8388608" percent="43">
    <mem type="nursery" free="0" total="2097152" percent="0">
      <mem type="allocate" free="0" total="1376256" percent="0" />
      <mem type="survivor" free="0" total="720896" percent="0" />
    </mem>
    <mem type="tenure" free="3617136" total="6291456" percent="57">
      <mem type="soa" free="3302768" total="5977088" percent="55" />
      <mem type="loa" free="314368" total="314368" percent="100" />
    </mem>
    <remembered-set count="208" />
  </mem-info>
</gc-start>
<allocation-stats totalBytes="1140192" >
  <allocated-bytes non-tlh="32" tlh="1140160" />
  <largest-consumer threadName="node-4" threadId="0000000002519100" bytes="202560" />
</allocation-stats>
<gc-op id="226" type="scavenge" timems="2.558" contextid="223" timestamp="2019-06-16T22:21:13.776">
  <scavenger-info tenureage="2" tenuremask="fffc" tiltratio="65" />
  <memory-copied type="nursery" objects="8171" bytes="195864" bytesdiscarded="92136" />
  <memory-copied type="tenure" objects="3598" bytes="86352" bytesdiscarded="8" />
</gc-op>
<gc-end id="227" type="scavenge" contextid="223" durationms="2.990" usertimems="4.000" systemtimems="0.000" timestamp="2019-06-16T22:21:13.777" activeThreads="4">
  <mem-info id="228" free="4639600" total="8388608" percent="55">
    <mem type="nursery" free="1153792" total="2097152" percent="55">
      <mem type="allocate" free="1153792" total="1441792" percent="80" />
      <mem type="survivor" free="0" total="655360" percent="0" />
    </mem>
    <mem type="tenure" free="3485808" total="6291456" percent="55" macro-fragmented="2160235">
      <mem type="soa" free="3171440" total="5977088" percent="53" />
      <mem type="loa" free="314368" total="314368" percent="100" />
    </mem>
    <remembered-set count="151" />
  </mem-info>
</gc-end>
<cycle-end id="229" type="scavenge" contextid="223" timestamp="2019-06-16T22:21:13.777" />
  <attribute name="elasticGC enabled" value="1" />
  <attribute name= "numThreadsSpecified" value="4" />
  <attribute name="heapSize specified" value="8388608" />
  <attribute name="Current GC Util" value="0" />
  <attribute name= "Current Time Running" value="13853" />
  <attribute name ="GC Interval" value="200" />
  <attribute name="ProportionalT" value="-10.000000" />
  <attribute name="ProportionalI" value="-10.000000" />
  <attribute name="ProportionalH" value="-10.000000" />
  <attribute name="Current Error" value="-20.000000" />
  <attribute name="IntegralT" value="-5790.000000" />
  <attribute name="IntegralI" value="-5790.000000" />
  <attribute name="IntegralH" value="-5790.000000" />
  <attribute name="DerivativeT" value="-0.034542" />
  <attribute name="DerivativeI" value="-0.034542" />
  <attribute name="DerivativeH" value="-0.034542" />
  <attribute name="Loop Time for DT" value="579.000000" />
  <attribute name="Output H" value="2092630016"/>
  <attribute name="Output I" value="200"/>
  <attribute name="Output T" value="4"/>
  <attribute name="Target GC Util Change" value ="20.000000" />
  <attribute name="Current GC Util Change" value="0.000000"/>
  <attribute name="GC Util currently" value="0" />
  <attribute name="CPU Util currently" value="14" />
<allocation-satisfied id="230" threadId="0000000002524500" bytesRequested="32" />
<af-end id="231" timestamp="2019-06-16T22:21:13.777" threadId="0000000002524E88" success="true" from="nursery"/>
<exclusive-end id="232" timestamp="2019-06-16T22:21:13.777" durationms="3.791" />

<exclusive-start id="233" timestamp="2019-06-16T22:21:14.280" intervalms="506.102">
  <response-info timems="0.040" idlems="0.040" threads="0" lastid="0000000002528000" lastname="node-0" />
</exclusive-start>
<af-start id="234" threadId="0000000002528988" totalBytesRequested="16" timestamp="2019-06-16T22:21:14.280" intervalms="506.069" type="nursery" />
<cycle-start id="235" type="scavenge" contextid="0" timestamp="2019-06-16T22:21:14.280" intervalms="506.049" />
<gc-start id="236" type="scavenge" contextid="235" timestamp="2019-06-16T22:21:14.280">
  <mem-info id="237" free="3485808" total="8388608" percent="41">
    <mem type="nursery" free="0" total="2097152" percent="0">
      <mem type="allocate" free="0" total="1441792" percent="0" />
      <mem type="survivor" free="0" total="655360" percent="0" />
    </mem>
    <mem type="tenure" free="3485808" total="6291456" percent="55">
      <mem type="soa" free="3171440" total="5977088" percent="53" />
      <mem type="loa" free="314368" total="314368" percent="100" />
    </mem>
    <remembered-set count="171" />
  </mem-info>
</gc-start>
<allocation-stats totalBytes="1152784" >
  <allocated-bytes non-tlh="32" tlh="1152752" />
  <largest-consumer threadName="node-4" threadId="0000000002519100" bytes="208856" />
</allocation-stats>
<gc-op id="238" type="scavenge" timems="0.853" contextid="235" timestamp="2019-06-16T22:21:14.281">
  <scavenger-info tenureage="2" tenuremask="7ffc" tiltratio="68" />
  <memory-copied type="nursery" objects="9373" bytes="225856" bytesdiscarded="48320" />
  <memory-copied type="tenure" objects="3188" bytes="76512" bytesdiscarded="8" />
</gc-op>
<gc-end id="239" type="scavenge" contextid="235" durationms="1.084" usertimems="0.000" systemtimems="4.000" timestamp="2019-06-16T22:21:14.281" activeThreads="4">
  <mem-info id="240" free="4640624" total="8388608" percent="55">
    <mem type="nursery" free="1233152" total="2097152" percent="58">
      <mem type="allocate" free="1233152" total="1507328" percent="81" />
      <mem type="survivor" free="0" total="589824" percent="0" />
    </mem>
    <mem type="tenure" free="3407472" total="6291456" percent="54" macro-fragmented="1800196">
      <mem type="soa" free="3093104" total="5977088" percent="51" />
      <mem type="loa" free="314368" total="314368" percent="100" />
    </mem>
    <remembered-set count="140" />
  </mem-info>
</gc-end>
<cycle-end id="241" type="scavenge" contextid="235" timestamp="2019-06-16T22:21:14.281" />
  <attribute name="elasticGC enabled" value="1" />
  <attribute name= "numThreadsSpecified" value="4" />
  <attribute name="heapSize specified" value="8388608" />
  <attribute name="Current GC Util" value="0" />
  <attribute name= "Current Time Running" value="14359" />
  <attribute name ="GC Interval" value="200" />
  <attribute name="ProportionalT" value="-10.000000" />
  <attribute name="ProportionalI" value="-10.000000" />
  <attribute name="ProportionalH" value="-10.000000" />
  <attribute name="Current Error" value="-20.000000" />
  <attribute name="IntegralT" value="-5060.000000" />
  <attribute name="IntegralI" value="-5060.000000" />
  <attribute name="IntegralH" value="-5060.000000" />
  <attribute name="DerivativeT" value="-0.039526" />
  <attribute name="DerivativeI" value="-0.039526" />
  <attribute name="DerivativeH" value="-0.039526" />
  <attribute name="Loop Time for DT" value="506.000000" />
  <attribute name="Output H" value="2092630016"/>
  <attribute name="Output I" value="200"/>
  <attribute name="Output T" value="4"/>
  <attribute name="Target GC Util Change" value ="20.000000" />
  <attribute name="Current GC Util Change" value="0.000000"/>
  <attribute name="GC Util currently" value="0" />
  <attribute name="CPU Util currently" value="6" />
<allocation-satisfied id="242" threadId="0000000002528000" bytesRequested="16" />
<af-end id="243" timestamp="2019-06-16T22:21:14.281" threadId="0000000002528988" success="true" from="nursery"/>
<exclusive-end id="244" timestamp="2019-06-16T22:21:14.281" durationms="1.509" />

<exclusive-start id="245" timestamp="2019-06-16T22:21:14.874" intervalms="594.196">
  <response-info timems="0.030" idlems="0.030" threads="0" lastid="000000000251CD00" lastname="node-5" />
</exclusive-start>
<af-start id="246" threadId="000000000251D688" totalBytesRequested="32" timestamp="2019-06-16T22:21:14.874" intervalms="594.199" type="nursery" />
<cycle-start id="247" type="scavenge" contextid="0" timestamp="2019-06-16T22:21:14.874" intervalms="594.199" />
<gc-start id="248" type="scavenge" contextid="247" timestamp="2019-06-16T22:21:14.874">
  <mem-info id="249" free="3407472" total="8388608" percent="40">
    <mem type="nursery" free="0" total="2097152" percent="0">
      <mem type="allocate" free="0" total="1507328" percent="0" />
      <mem type="survivor" free="0" total="589824" percent="0" />
    </mem>
    <mem type="tenure" free="3407472" total="6291456" percent="54">
      <mem type="soa" free="3093104" total="5977088" percent="51" />
      <mem type="loa" free="314368" total="314368" percent="100" />
    </mem>
    <remembered-set count="157" />
  </mem-info>
</gc-start>
<allocation-stats totalBytes="1232280" >
  <allocated-bytes non-tlh="16" tlh="1232264" />
  <largest-consumer threadName="node-2" threadId="0000000002520900" bytes="208864" />
</allocation-stats>
<gc-op id="250" type="scavenge" timems="1.017" contextid="247" timestamp="2019-06-16T22:21:14.875">
  <scavenger-info tenureage="2" tenuremask="7ffc" tiltratio="71" />
  <memory-copied type="nursery" objects="9714" bytes="233624" bytesdiscarded="40552" />
  <memory-copied type="tenure" objects="4953" bytes="118872" bytesdiscarded="0" />
</gc-op>
<gc-end id="251" type="scavenge" contextid="247" durationms="1.235" usertimems="4.000" systemtimems="0.000" timestamp="2019-06-16T22:21:14.875" activeThreads="4">
  <mem-info id="252" free="4549488" total="8388608" percent="54">
    <mem type="nursery" free="1298688" total="2097152" percent="61">
      <mem type="allocate" free="1298688" total="1572864" percent="82" />
      <mem type="survivor" free="0" total="524288" percent="0" />
    </mem>
    <mem type="tenure" free="3250800" total="6291456" percent="51" macro-fragmented="1800196">
      <mem type="soa" free="2936432" total="5977088" percent="49" />
      <mem type="loa" free="314368" total="314368" percent="100" />
    </mem>
    <remembered-set count="131" />
  </mem-info>
</gc-end>
<cycle-end id="253" type="scavenge" contextid="247" timestamp="2019-06-16T22:21:14.875" />
  <attribute name="elasticGC enabled" value="1" />
  <attribute name= "numThreadsSpecified" value="4" />
  <attribute name="heapSize specified" value="8388608" />
  <attribute name="Current GC Util" value="0" />
  <attribute name= "Current Time Running" value="14953" />
  <attribute name ="GC Interval" value="200" />
  <attribute name="ProportionalT" value="-10.000000" />
  <attribute name="ProportionalI" value="-10.000000" />
  <attribute name="ProportionalH" value="-10.000000" />
  <attribute name="Current Error" value="-20.000000" />
  <attribute name="IntegralT" value="-5940.000000" />
  <attribute name="IntegralI" value="-5940.000000" />
  <attribute name="IntegralH" value="-5940.000000" />
  <attribute name="DerivativeT" value="-0.033670" />
  <attribute name="DerivativeI" value="-0.033670" />
  <attribute name="DerivativeH" value="-0.033670" />
  <attribute name="Loop Time for DT" value="594.000000" />
  <attribute name="Output H" value="2092630016"/>
  <attribute name="Output I" value="200"/>
  <attribute name="Output T" value="4"/>
  <attribute name="Target GC Util Change" value ="20.000000" />
  <attribute name="Current GC Util Change" value="0.000000"/>
  <attribute name="GC Util currently" value="0" />
  <attribute name="CPU Util currently" value="8" />
<allocation-satisfied id="254" threadId="000000000251CD00" bytesRequested="32" />
<af-end id="255" timestamp="2019-06-16T22:21:14.875" threadId="000000000251D688" success="true" from="nursery"/>
<exclusive-end id="256" timestamp="2019-06-16T22:21:14.876" durationms="1.715" />

<exclusive-start id="257" timestamp="2019-06-16T22:21:15.521" intervalms="647.467">
  <response-info timems="0.030" idlems="0.030" threads="0" lastid="0000000002519100" lastname="node-4" />
</exclusive-start>
<af-start id="258" threadId="0000000002519A88" totalBytesRequested="32" timestamp="2019-06-16T22:21:15.521" intervalms="647.464" type="nursery" />
<cycle-start id="259" type="scavenge" contextid="0" timestamp="2019-06-16T22:21:15.521" intervalms="647.465" />
<gc-start id="260" type="scavenge" contextid="259" timestamp="2019-06-16T22:21:15.521">
  <mem-info id="261" free="3250800" total="8388608" percent="38">
    <mem type="nursery" free="0" total="2097152" percent="0">
      <mem type="allocate" free="0" total="1572864" percent="0" />
      <mem type="survivor" free="0" total="524288" percent="0" />
    </mem>
    <mem type="tenure" free="3250800" total="6291456" percent="51">
      <mem type="soa" free="2936432" total="5977088" percent="49" />
      <mem type="loa" free="314368" total="314368" percent="100" />
    </mem>
    <remembered-set count="148" />
  </mem-info>
</gc-start>
<allocation-stats totalBytes="1297976" >
  <allocated-bytes non-tlh="32" tlh="1297944" />
  <largest-consumer threadName="node-5" threadId="000000000251CD00" bytes="253776" />
</allocation-stats>
<gc-op id="262" type="scavenge" timems="0.887" contextid="259" timestamp="2019-06-16T22:21:15.522">
  <scavenger-info tenureage="3" tenuremask="7ff8" tiltratio="75" />
  <memory-copied type="nursery" objects="14611" bytes="350424" bytesdiscarded="41256" />
</gc-op>
<gc-end id="263" type="scavenge" contextid="259" durationms="1.188" usertimems="0.000" systemtimems="4.000" timestamp="2019-06-16T22:21:15.523" activeThreads="4">
  <mem-info id="264" free="4431984" total="8388608" percent="52">
    <mem type="nursery" free="1181184" total="2097152" percent="56">
      <mem type="allocate" free="1181184" total="1572864" percent="75" />
      <mem type="survivor" free="0" total="524288" percent="0" />
    </mem>
    <mem type="tenure" free="3250800" total="6291456" percent="51" macro-fragmented="0">
      <mem type="soa" free="2936432" total="5977088" percent="49" />
      <mem type="loa" free="314368" total="314368" percent="100" />
    </mem>
    <remembered-set count="123" />
  </mem-info>
</gc-end>
<cycle-end id="265" type="scavenge" contextid="259" timestamp="2019-06-16T22:21:15.523" />
  <attribute name="elasticGC enabled" value="1" />
  <attribute name= "numThreadsSpecified" value="4" />
  <attribute name="heapSize specified" value="8388608" />
  <attribute name="Current GC Util" value="0" />
  <attribute name= "Current Time Running" value="15600" />
  <attribute name ="GC Interval" value="200" />
  <attribute name="ProportionalT" value="-10.000000" />
  <attribute name="ProportionalI" value="-10.000000" />
  <attribute name="ProportionalH" value="-10.000000" />
  <attribute name="Current Error" value="-20.000000" />
  <attribute name="IntegralT" value="-6470.000000" />
  <attribute name="IntegralI" value="-6470.000000" />
  <attribute name="IntegralH" value="-6470.000000" />
  <attribute name="DerivativeT" value="-0.030912" />
  <attribute name="DerivativeI" value="-0.030912" />
  <attribute name="DerivativeH" value="-0.030912" />
  <attribute name="Loop Time for DT" value="647.000000" />
  <attribute name="Output H" value="2092630016"/>
  <attribute name="Output I" value="200"/>
  <attribute name="Output T" value="4"/>
  <attribute name="Target GC Util Change" value ="20.000000" />
  <attribute name="Current GC Util Change" value="0.000000"/>
  <attribute name="GC Util currently" value="0" />
  <attribute name="CPU Util currently" value="7" />
<allocation-satisfied id="266" threadId="0000000002519100" bytesRequested="32" />
<af-end id="267" timestamp="2019-06-16T22:21:15.523" threadId="0000000002519A88" success="true" from="nursery"/>
<exclusive-end id="268" timestamp="2019-06-16T22:21:15.523" durationms="1.692" />

<exclusive-start id="269" timestamp="2019-06-16T22:21:16.000" intervalms="478.816">
  <response-info timems="0.066" idlems="0.066" threads="0" lastid="000000000251CD00" lastname="node-5" />
</exclusive-start>
<af-start id="270" threadId="000000000251D688" totalBytesRequested="32" timestamp="2019-06-16T22:21:16.000" intervalms="478.824" type="nursery" />
<cycle-start id="271" type="scavenge" contextid="0" timestamp="2019-06-16T22:21:16.000" intervalms="478.834" />
<gc-start id="272" type="scavenge" contextid="271" timestamp="2019-06-16T22:21:16.000">
  <mem-info id="273" free="3250800" total="8388608" percent="38">
    <mem type="nursery" free="0" total="2097152" percent="0">
      <mem type="allocate" free="0" total="1572864" percent="0" />
      <mem type="survivor" free="0" total="524288" percent="0" />
    </mem>
    <mem type="tenure" free="3250800" total="6291456" percent="51">
      <mem type="soa" free="2936432" total="5977088" percent="49" />
      <mem type="loa" free="314368" total="314368" percent="100" />
    </mem>
    <remembered-set count="146" />
  </mem-info>
</gc-start>
<allocation-stats totalBytes="1180032" >
  <allocated-bytes non-tlh="32" tlh="1180000" />
  <largest-consumer threadName="node-0" threadId="0000000002528000" bytes="208848" />
</allocation-stats>
<gc-op id="274" type="scavenge" timems="1.137" contextid="271" timestamp="2019-06-16T22:21:16.002">
  <scavenger-info tenureage="3" tenuremask="7ff8" tiltratio="75" />
  <memory-copied type="nursery" objects="15094" bytes="362968" bytesdiscarded="67880" />
  <memory-copied type="tenure" objects="4378" bytes="105072" bytesdiscarded="0" />
</gc-op>
<gc-end id="275" type="scavenge" contextid="271" durationms="1.543" usertimems="0.000" systemtimems="0.000" timestamp="2019-06-16T22:21:16.002" activeThreads="4">
  <mem-info id="276" free="4380016" total="8388608" percent="52">
    <mem type="nursery" free="1207552" total="2097152" percent="57">
      <mem type="allocate" free="1207552" total="1638400" percent="73" />
      <mem type="survivor" free="0" total="458752" percent="0" />
    </mem>
    <mem type="tenure" free="3172464" total="6291456" percent="50" macro-fragmented="2592282">
      <mem type="soa" free="2858096" total="5977088" percent="47" />
      <mem type="loa" free="314368" total="314368" percent="100" />
    </mem>
    <remembered-set count="130" />
  </mem-info>
</gc-end>
<cycle-end id="277" type="scavenge" contextid="271" timestamp="2019-06-16T22:21:16.002" />
  <attribute name="elasticGC enabled" value="1" />
  <attribute name= "numThreadsSpecified" value="4" />
  <attribute name="heapSize specified" value="8388608" />
  <attribute name="Current GC Util" value="0" />
  <attribute name= "Current Time Running" value="16079" />
  <attribute name ="GC Interval" value="200" />
  <attribute name="ProportionalT" value="-10.000000" />
  <attribute name="ProportionalI" value="-10.000000" />
  <attribute name="ProportionalH" value="-10.000000" />
  <attribute name="Current Error" value="-20.000000" />
  <attribute name="IntegralT" value="-4790.000000" />
  <attribute name="IntegralI" value="-4790.000000" />
  <attribute name="IntegralH" value="-4790.000000" />
  <attribute name="DerivativeT" value="-0.041754" />
  <attribute name="DerivativeI" value="-0.041754" />
  <attribute name="DerivativeH" value="-0.041754" />
  <attribute name="Loop Time for DT" value="479.000000" />
  <attribute name="Output H" value="2092630016"/>
  <attribute name="Output I" value="200"/>
  <attribute name="Output T" value="4"/>
  <attribute name="Target GC Util Change" value ="20.000000" />
  <attribute name="Current GC Util Change" value="0.000000"/>
  <attribute name="GC Util currently" value="0" />
  <attribute name="CPU Util currently" value="3" />
<allocation-satisfied id="278" threadId="000000000251CD00" bytesRequested="32" />
<af-end id="279" timestamp="2019-06-16T22:21:16.002" threadId="000000000251D688" success="true" from="nursery"/>
<exclusive-end id="280" timestamp="2019-06-16T22:21:16.002" durationms="2.048" />

<exclusive-start id="281" timestamp="2019-06-16T22:21:16.513" intervalms="513.139">
  <response-info timems="0.031" idlems="0.031" threads="0" lastid="0000000002524500" lastname="node-3" />
</exclusive-start>
<af-start id="282" threadId="0000000002524E88" totalBytesRequested="24" timestamp="2019-06-16T22:21:16.513" intervalms="513.214" type="nursery" />
<cycle-start id="283" type="scavenge" contextid="0" timestamp="2019-06-16T22:21:16.514" intervalms="513.304" />
<gc-start id="284" type="scavenge" contextid="283" timestamp="2019-06-16T22:21:16.514">
  <mem-info id="285" free="3172464" total="8388608" percent="37">
    <mem type="nursery" free="0" total="2097152" percent="0">
      <mem type="allocate" free="0" total="1638400" percent="0" />
      <mem type="survivor" free="0" total="458752" percent="0" />
    </mem>
    <mem type="tenure" free="3172464" total="6291456" percent="50">
      <mem type="soa" free="2858096" total="5977088" percent="47" />
      <mem type="loa" free="314368" total="314368" percent="100" />
    </mem>
    <remembered-set count="146" />
  </mem-info>
</gc-start>
<allocation-stats totalBytes="1206872" >
  <allocated-bytes non-tlh="32" tlh="1206840" />
  <largest-consumer threadName="node-5" threadId="000000000251CD00" bytes="208880" />
</allocation-stats>
<gc-op id="286" type="scavenge" timems="2.756" contextid="283" timestamp="2019-06-16T22:21:16.517">
  <scavenger-info tenureage="2" tenuremask="7ffc" tiltratio="78" />
  <memory-copied type="nursery" objects="9386" bytes="226104" bytesdiscarded="75720" />
  <memory-copied type="tenure" objects="10203" bytes="244872" bytesdiscarded="0" />
</gc-op>
<gc-end id="287" type="scavenge" contextid="283" durationms="3.240" usertimems="4.000" systemtimems="0.000" timestamp="2019-06-16T22:21:16.517" activeThreads="4">
  <mem-info id="288" free="4260208" total="8388608" percent="50">
    <mem type="nursery" free="1336576" total="2097152" percent="63">
      <mem type="allocate" free="1336576" total="1638400" percent="81" />
      <mem type="survivor" free="0" total="458752" percent="0" />
    </mem>
    <mem type="tenure" free="2923632" total="6291456" percent="46" macro-fragmented="1800196">
      <mem type="soa" free="2609264" total="5977088" percent="43" />
      <mem type="loa" free="314368" total="314368" percent="100" />
    </mem>
    <remembered-set count="129" />
  </mem-info>
</gc-end>
<cycle-end id="289" type="scavenge" contextid="283" timestamp="2019-06-16T22:21:16.517" />
  <attribute name="elasticGC enabled" value="1" />
  <attribute name= "numThreadsSpecified" value="4" />
  <attribute name="heapSize specified" value="8388608" />
  <attribute name="Current GC Util" value="0" />
  <attribute name= "Current Time Running" value="16593" />
  <attribute name ="GC Interval" value="200" />
  <attribute name="ProportionalT" value="-10.000000" />
  <attribute name="ProportionalI" value="-10.000000" />
  <attribute name="ProportionalH" value="-10.000000" />
  <attribute name="Current Error" value="-20.000000" />
  <attribute name="IntegralT" value="-5140.000000" />
  <attribute name="IntegralI" value="-5140.000000" />
  <attribute name="IntegralH" value="-5140.000000" />
  <attribute name="DerivativeT" value="-0.038911" />
  <attribute name="DerivativeI" value="-0.038911" />
  <attribute name="DerivativeH" value="-0.038911" />
  <attribute name="Loop Time for DT" value="514.000000" />
  <attribute name="Output H" value="2092630016"/>
  <attribute name="Output I" value="200"/>
  <attribute name="Output T" value="4"/>
  <attribute name="Target GC Util Change" value ="20.000000" />
  <attribute name="Current GC Util Change" value="0.000000"/>
  <attribute name="GC Util currently" value="0" />
  <attribute name="CPU Util currently" value="6" />
<allocation-satisfied id="290" threadId="0000000002524500" bytesRequested="24" />
<af-end id="291" timestamp="2019-06-16T22:21:16.517" threadId="0000000002524E88" success="true" from="nursery"/>
<exclusive-end id="292" timestamp="2019-06-16T22:21:16.518" durationms="4.308" />

<exclusive-start id="293" timestamp="2019-06-16T22:21:17.077" intervalms="563.740">
  <response-info timems="0.028" idlems="0.028" threads="0" lastid="0000000002528000" lastname="node-0" />
</exclusive-start>
<af-start id="294" threadId="0000000002528988" totalBytesRequested="32" timestamp="2019-06-16T22:21:17.077" intervalms="563.654" type="nursery" />
<cycle-start id="295" type="scavenge" contextid="0" timestamp="2019-06-16T22:21:17.077" intervalms="563.553" />
<gc-start id="296" type="scavenge" contextid="295" timestamp="2019-06-16T22:21:17.077">
  <mem-info id="297" free="2923632" total="8388608" percent="34">
    <mem type="nursery" free="0" total="2097152" percent="0">
      <mem type="allocate" free="0" total="1638400" percent="0" />
      <mem type="survivor" free="0" total="458752" percent="0" />
    </mem>
    <mem type="tenure" free="2923632" total="6291456" percent="46">
      <mem type="soa" free="2609264" total="5977088" percent="43" />
      <mem type="loa" free="314368" total="314368" percent="100" />
    </mem>
    <remembered-set count="144" />
  </mem-info>
</gc-start>
<allocation-stats totalBytes="1334680" >
  <allocated-bytes non-tlh="24" tlh="1334656" />
  <largest-consumer threadName="node-4" threadId="0000000002519100" bytes="256960" />
</allocation-stats>
<gc-op id="298" type="scavenge" timems="0.906" contextid="295" timestamp="2019-06-16T22:21:17.078">
  <scavenger-info tenureage="3" tenuremask="7ff8" tiltratio="78" />
  <memory-copied type="nursery" objects="15028" bytes="360432" bytesdiscarded="31248" />
</gc-op>
<gc-end id="299" type="scavenge" contextid="295" durationms="1.217" usertimems="0.000" systemtimems="0.000" timestamp="2019-06-16T22:21:17.078" activeThreads="4">
  <mem-info id="300" free="4104816" total="8388608" percent="48">
    <mem type="nursery" free="1181184" total="2097152" percent="56">
      <mem type="allocate" free="1181184" total="1572864" percent="75" />
      <mem type="survivor" free="0" total="524288" percent="0" />
    </mem>
    <mem type="tenure" free="2923632" total="6291456" percent="46" macro-fragmented="2592282">
      <mem type="soa" free="2609264" total="5977088" percent="43" />
      <mem type="loa" free="314368" total="314368" percent="100" />
    </mem>
    <remembered-set count="119" />
  </mem-info>
</gc-end>
<cycle-end id="301" type="scavenge" contextid="295" timestamp="2019-06-16T22:21:17.078" />
  <attribute name="elasticGC enabled" value="1" />
  <attribute name= "numThreadsSpecified" value="4" />
  <attribute name="heapSize specified" value="8388608" />
  <attribute name="Current GC Util" value="0" />
  <attribute name= "Current Time Running" value="17156" />
  <attribute name ="GC Interval" value="200" />
  <attribute name="ProportionalT" value="-10.000000" />
  <attribute name="ProportionalI" value="-10.000000" />
  <attribute name="ProportionalH" value="-10.000000" />
  <attribute name="Current Error" value="-20.000000" />
  <attribute name="IntegralT" value="-5630.000000" />
  <attribute name="IntegralI" value="-5630.000000" />
  <attribute name="IntegralH" value="-5630.000000" />
  <attribute name="DerivativeT" value="-0.035524" />
  <attribute name="DerivativeI" value="-0.035524" />
  <attribute name="DerivativeH" value="-0.035524" />
  <attribute name="Loop Time for DT" value="563.000000" />
  <attribute name="Output H" value="2092630016"/>
  <attribute name="Output I" value="200"/>
  <attribute name="Output T" value="4"/>
  <attribute name="Target GC Util Change" value ="20.000000" />
  <attribute name="Current GC Util Change" value="0.000000"/>
  <attribute name="GC Util currently" value="0" />
  <attribute name="CPU Util currently" value="3" />
<allocation-satisfied id="302" threadId="0000000002528000" bytesRequested="32" />
<af-end id="303" timestamp="2019-06-16T22:21:17.079" threadId="0000000002528988" success="true" from="nursery"/>
<exclusive-end id="304" timestamp="2019-06-16T22:21:17.079" durationms="1.714" />

<exclusive-start id="305" timestamp="2019-06-16T22:21:17.586" intervalms="508.906">
  <response-info timems="0.203" idlems="0.103" threads="1" lastid="000000000251CD00" lastname="node-5" />
</exclusive-start>
<af-start id="306" threadId="0000000002519A88" totalBytesRequested="32" timestamp="2019-06-16T22:21:17.586" intervalms="508.914" type="nursery" />
<cycle-start id="307" type="scavenge" contextid="0" timestamp="2019-06-16T22:21:17.586" intervalms="508.923" />
<gc-start id="308" type="scavenge" contextid="307" timestamp="2019-06-16T22:21:17.586">
  <mem-info id="309" free="2923632" total="8388608" percent="34">
    <mem type="nursery" free="0" total="2097152" percent="0">
      <mem type="allocate" free="0" total="1572864" percent="0" />
      <mem type="survivor" free="0" total="524288" percent="0" />
    </mem>
    <mem type="tenure" free="2923632" total="6291456" percent="46">
      <mem type="soa" free="2609264" total="5977088" percent="43" />
      <mem type="loa" free="314368" total="314368" percent="100" />
    </mem>
    <remembered-set count="142" />
  </mem-info>
</gc-start>
<allocation-stats totalBytes="1180856" >
  <allocated-bytes non-tlh="32" tlh="1180824" />
  <largest-consumer threadName="node-2" threadId="0000000002520900" bytes="208840" />
</allocation-stats>
<gc-op id="310" type="scavenge" timems="1.139" contextid="307" timestamp="2019-06-16T22:21:17.587">
  <scavenger-info tenureage="3" tenuremask="7ff8" tiltratio="75" />
  <memory-copied type="nursery" objects="14804" bytes="355784" bytesdiscarded="75064" />
  <memory-copied type="tenure" objects="4851" bytes="116424" bytesdiscarded="0" />
</gc-op>
<gc-end id="311" type="scavenge" contextid="307" durationms="1.397" usertimems="0.000" systemtimems="0.000" timestamp="2019-06-16T22:21:17.587" activeThreads="4">
  <mem-info id="312" free="4013680" total="8388608" percent="47">
    <mem type="nursery" free="1207552" total="2097152" percent="57">
      <mem type="allocate" free="1207552" total="1638400" percent="73" />
      <mem type="survivor" free="0" total="458752" percent="0" />
    </mem>
    <mem type="tenure" free="2806128" total="6291456" percent="44" macro-fragmented="1250136">
      <mem type="soa" free="2491760" total="5977088" percent="41" />
      <mem type="loa" free="314368" total="314368" percent="100" />
    </mem>
    <remembered-set count="126" />
  </mem-info>
</gc-end>
<cycle-end id="313" type="scavenge" contextid="307" timestamp="2019-06-16T22:21:17.588" />
  <attribute name="elasticGC enabled" value="1" />
  <attribute name= "numThreadsSpecified" value="4" />
  <attribute name="heapSize specified" value="8388608" />
  <attribute name="Current GC Util" value="0" />
  <attribute name= "Current Time Running" value="17665" />
  <attribute name ="GC Interval" value="200" />
  <attribute name="ProportionalT" value="-10.000000" />
  <attribute name="ProportionalI" value="-10.000000" />
  <attribute name="ProportionalH" value="-10.000000" />
  <attribute name="Current Error" value="-20.000000" />
  <attribute name="IntegralT" value="-5090.000000" />
  <attribute name="IntegralI" value="-5090.000000" />
  <attribute name="IntegralH" value="-5090.000000" />
  <attribute name="DerivativeT" value="-0.039293" />
  <attribute name="DerivativeI" value="-0.039293" />
  <attribute name="DerivativeH" value="-0.039293" />
  <attribute name="Loop Time for DT" value="509.000000" />
  <attribute name="Output H" value="2092630016"/>
  <attribute name="Output I" value="200"/>
  <attribute name="Output T" value="4"/>
  <attribute name="Target GC Util Change" value ="20.000000" />
  <attribute name="Current GC Util Change" value="0.000000"/>
  <attribute name="GC Util currently" value="0" />
  <attribute name="CPU Util currently" value="4" />
<allocation-satisfied id="314" threadId="0000000002519100" bytesRequested="32" />
<af-end id="315" timestamp="2019-06-16T22:21:17.588" threadId="0000000002519A88" success="true" from="nursery"/>
<exclusive-end id="316" timestamp="2019-06-16T22:21:17.588" durationms="1.830" />

<exclusive-start id="317" timestamp="2019-06-16T22:21:18.114" intervalms="527.993">
  <response-info timems="0.029" idlems="0.029" threads="0" lastid="0000000002524500" lastname="node-3" />
</exclusive-start>
<af-start id="318" threadId="0000000002524E88" totalBytesRequested="32" timestamp="2019-06-16T22:21:18.114" intervalms="527.985" type="nursery" />
<cycle-start id="319" type="scavenge" contextid="0" timestamp="2019-06-16T22:21:18.114" intervalms="527.972" />
<gc-start id="320" type="scavenge" contextid="319" timestamp="2019-06-16T22:21:18.114">
  <mem-info id="321" free="2806128" total="8388608" percent="33">
    <mem type="nursery" free="0" total="2097152" percent="0">
      <mem type="allocate" free="0" total="1638400" percent="0" />
      <mem type="survivor" free="0" total="458752" percent="0" />
    </mem>
    <mem type="tenure" free="2806128" total="6291456" percent="44">
      <mem type="soa" free="2491760" total="5977088" percent="41" />
      <mem type="loa" free="314368" total="314368" percent="100" />
    </mem>
    <remembered-set count="143" />
  </mem-info>
</gc-start>
<allocation-stats totalBytes="1207120" >
  <allocated-bytes non-tlh="32" tlh="1207088" />
  <largest-consumer threadName="node-4" threadId="0000000002519100" bytes="208880" />
</allocation-stats>
<gc-op id="322" type="scavenge" timems="1.213" contextid="319" timestamp="2019-06-16T22:21:18.115">
  <scavenger-info tenureage="2" tenuremask="7ffc" tiltratio="78" />
  <memory-copied type="nursery" objects="9290" bytes="222720" bytesdiscarded="12288" />
  <memory-copied type="tenure" objects="10147" bytes="243528" bytesdiscarded="0" />
</gc-op>
<gc-end id="323" type="scavenge" contextid="319" durationms="1.474" usertimems="0.000" systemtimems="0.000" timestamp="2019-06-16T22:21:18.116" activeThreads="4">
  <mem-info id="324" free="3935344" total="8388608" percent="46">
    <mem type="nursery" free="1403392" total="2097152" percent="66">
      <mem type="allocate" free="1403392" total="1638400" percent="85" />
      <mem type="survivor" free="0" total="458752" percent="0" />
    </mem>
    <mem type="tenure" free="2531952" total="6291456" percent="40" macro-fragmented="868149">
      <mem type="soa" free="2217584" total="5977088" percent="37" />
      <mem type="loa" free="314368" total="314368" percent="100" />
    </mem>
    <remembered-set count="120" />
  </mem-info>
</gc-end>
<cycle-end id="325" type="scavenge" contextid="319" timestamp="2019-06-16T22:21:18.116" />
  <attribute name="elasticGC enabled" value="1" />
  <attribute name= "numThreadsSpecified" value="4" />
  <attribute name="heapSize specified" value="8388608" />
  <attribute name="Current GC Util" value="0" />
  <attribute name= "Current Time Running" value="18193" />
  <attribute name ="GC Interval" value="200" />
  <attribute name="ProportionalT" value="-10.000000" />
  <attribute name="ProportionalI" value="-10.000000" />
  <attribute name="ProportionalH" value="-10.000000" />
  <attribute name="Current Error" value="-20.000000" />
  <attribute name="IntegralT" value="-5280.000000" />
  <attribute name="IntegralI" value="-5280.000000" />
  <attribute name="IntegralH" value="-5280.000000" />
  <attribute name="DerivativeT" value="-0.037879" />
  <attribute name="DerivativeI" value="-0.037879" />
  <attribute name="DerivativeH" value="-0.037879" />
  <attribute name="Loop Time for DT" value="528.000000" />
  <attribute name="Output H" value="2092630016"/>
  <attribute name="Output I" value="200"/>
  <attribute name="Output T" value="4"/>
  <attribute name="Target GC Util Change" value ="20.000000" />
  <attribute name="Current GC Util Change" value="0.000000"/>
  <attribute name="GC Util currently" value="0" />
  <attribute name="CPU Util currently" value="1" />
<allocation-satisfied id="326" threadId="0000000002524500" bytesRequested="32" />
<af-end id="327" timestamp="2019-06-16T22:21:18.116" threadId="0000000002524E88" success="true" from="nursery"/>
<exclusive-end id="328" timestamp="2019-06-16T22:21:18.116" durationms="1.929" />

<exclusive-start id="329" timestamp="2019-06-16T22:21:18.736" intervalms="622.451">
  <response-info timems="0.035" idlems="0.035" threads="0" lastid="0000000002524500" lastname="node-3" />
</exclusive-start>
<af-start id="330" threadId="0000000002524E88" totalBytesRequested="24" timestamp="2019-06-16T22:21:18.736" intervalms="622.462" type="nursery" />
<cycle-start id="331" type="scavenge" contextid="0" timestamp="2019-06-16T22:21:18.736" intervalms="622.474" />
<gc-start id="332" type="scavenge" contextid="331" timestamp="2019-06-16T22:21:18.737">
  <mem-info id="333" free="2531952" total="8388608" percent="30">
    <mem type="nursery" free="0" total="2097152" percent="0">
      <mem type="allocate" free="0" total="1638400" percent="0" />
      <mem type="survivor" free="0" total="458752" percent="0" />
    </mem>
    <mem type="tenure" free="2531952" total="6291456" percent="40">
      <mem type="soa" free="2217584" total="5977088" percent="37" />
      <mem type="loa" free="314368" total="314368" percent="100" />
    </mem>
    <remembered-set count="143" />
  </mem-info>
</gc-start>
<allocation-stats totalBytes="1402112" >
  <allocated-bytes non-tlh="32" tlh="1402080" />
  <largest-consumer threadName="node-5" threadId="000000000251CD00" bytes="258000" />
</allocation-stats>
<gc-op id="334" type="scavenge" timems="0.919" contextid="331" timestamp="2019-06-16T22:21:18.738">
  <scavenger-info tenureage="3" tenuremask="7ff8" tiltratio="78" />
  <memory-copied type="nursery" objects="14726" bytes="353184" bytesdiscarded="77664" />
</gc-op>
<gc-end id="335" type="scavenge" contextid="331" durationms="1.395" usertimems="0.000" systemtimems="0.000" timestamp="2019-06-16T22:21:18.738" activeThreads="4">
  <mem-info id="336" free="3673968" total="8388608" percent="43">
    <mem type="nursery" free="1142016" total="2097152" percent="54">
      <mem type="allocate" free="1142016" total="1572864" percent="72" />
      <mem type="survivor" free="0" total="524288" percent="0" />
    </mem>
    <mem type="tenure" free="2531952" total="6291456" percent="40" macro-fragmented="16400">
      <mem type="soa" free="2217584" total="5977088" percent="37" />
      <mem type="loa" free="314368" total="314368" percent="100" />
    </mem>
    <remembered-set count="120" />
  </mem-info>
</gc-end>
<cycle-end id="337" type="scavenge" contextid="331" timestamp="2019-06-16T22:21:18.738" />
  <attribute name="elasticGC enabled" value="1" />
  <attribute name= "numThreadsSpecified" value="4" />
  <attribute name="heapSize specified" value="8388608" />
  <attribute name="Current GC Util" value="0" />
  <attribute name= "Current Time Running" value="18815" />
  <attribute name ="GC Interval" value="200" />
  <attribute name="ProportionalT" value="-10.000000" />
  <attribute name="ProportionalI" value="-10.000000" />
  <attribute name="ProportionalH" value="-10.000000" />
  <attribute name="Current Error" value="-20.000000" />
  <attribute name="IntegralT" value="-6220.000000" />
  <attribute name="IntegralI" value="-6220.000000" />
  <attribute name="IntegralH" value="-6220.000000" />
  <attribute name="DerivativeT" value="-0.032154" />
  <attribute name="DerivativeI" value="-0.032154" />
  <attribute name="DerivativeH" value="-0.032154" />
  <attribute name="Loop Time for DT" value="622.000000" />
  <attribute name="Output H" value="2092630016"/>
  <attribute name="Output I" value="200"/>
  <attribute name="Output T" value="4"/>
  <attribute name="Target GC Util Change" value ="20.000000" />
  <attribute name="Current GC Util Change" value="0.000000"/>
  <attribute name="GC Util currently" value="0" />
  <attribute name="CPU Util currently" value="5" />
<allocation-satisfied id="338" threadId="0000000002524500" bytesRequested="24" />
<af-end id="339" timestamp="2019-06-16T22:21:18.738" threadId="0000000002524E88" success="true" from="nursery"/>
<exclusive-end id="340" timestamp="2019-06-16T22:21:18.738" durationms="1.961" />

<exclusive-start id="341" timestamp="2019-06-16T22:21:19.251" intervalms="515.055">
  <response-info timems="0.033" idlems="0.033" threads="0" lastid="000000000251CD00" lastname="node-5" />
</exclusive-start>
<af-start id="342" threadId="000000000251D688" totalBytesRequested="32" timestamp="2019-06-16T22:21:19.251" intervalms="515.080" type="nursery" />
<cycle-start id="343" type="scavenge" contextid="0" timestamp="2019-06-16T22:21:19.252" intervalms="515.114" />
<gc-start id="344" type="scavenge" contextid="343" timestamp="2019-06-16T22:21:19.252">
  <mem-info id="345" free="2531952" total="8388608" percent="30">
    <mem type="nursery" free="0" total="2097152" percent="0">
      <mem type="allocate" free="0" total="1572864" percent="0" />
      <mem type="survivor" free="0" total="524288" percent="0" />
    </mem>
    <mem type="tenure" free="2531952" total="6291456" percent="40">
      <mem type="soa" free="2217584" total="5977088" percent="37" />
      <mem type="loa" free="314368" total="314368" percent="100" />
    </mem>
    <remembered-set count="143" />
  </mem-info>
</gc-start>
<allocation-stats totalBytes="1140504" >
  <allocated-bytes non-tlh="24" tlh="1140480" />
  <largest-consumer threadName="node-3" threadId="0000000002524500" bytes="208416" />
</allocation-stats>
<gc-op id="346" type="scavenge" timems="2.693" contextid="343" timestamp="2019-06-16T22:21:19.255">
  <scavenger-info tenureage="2" tenuremask="7ffc" tiltratio="75" />
  <memory-copied type="nursery" objects="9741" bytes="233544" bytesdiscarded="68280" />
  <memory-copied type="tenure" objects="9260" bytes="222240" bytesdiscarded="0" />
</gc-op>
<gc-end id="347" type="scavenge" contextid="343" durationms="3.223" usertimems="0.000" systemtimems="0.000" timestamp="2019-06-16T22:21:19.255" activeThreads="4">
  <mem-info id="348" free="3554160" total="8388608" percent="42">
    <mem type="nursery" free="1271040" total="2097152" percent="60">
      <mem type="allocate" free="1271040" total="1572864" percent="80" />
      <mem type="survivor" free="0" total="524288" percent="0" />
    </mem>
    <mem type="tenure" free="2283120" total="6291456" percent="36" macro-fragmented="1500163">
      <mem type="soa" free="1968752" total="5977088" percent="32" />
      <mem type="loa" free="314368" total="314368" percent="100" />
    </mem>
    <remembered-set count="120" />
  </mem-info>
</gc-end>
<cycle-end id="349" type="scavenge" contextid="343" timestamp="2019-06-16T22:21:19.255" />
  <attribute name="elasticGC enabled" value="1" />
  <attribute name= "numThreadsSpecified" value="4" />
  <attribute name="heapSize specified" value="8388608" />
  <attribute name="Current GC Util" value="0" />
  <attribute name= "Current Time Running" value="19331" />
  <attribute name ="GC Interval" value="200" />
  <attribute name="ProportionalT" value="-10.000000" />
  <attribute name="ProportionalI" value="-10.000000" />
  <attribute name="ProportionalH" value="-10.000000" />
  <attribute name="Current Error" value="-20.000000" />
  <attribute name="IntegralT" value="-5160.000000" />
  <attribute name="IntegralI" value="-5160.000000" />
  <attribute name="IntegralH" value="-5160.000000" />
  <attribute name="DerivativeT" value="-0.038760" />
  <attribute name="DerivativeI" value="-0.038760" />
  <attribute name="DerivativeH" value="-0.038760" />
  <attribute name="Loop Time for DT" value="516.000000" />
  <attribute name="Output H" value="2092630016"/>
  <attribute name="Output I" value="200"/>
  <attribute name="Output T" value="4"/>
  <attribute name="Target GC Util Change" value ="20.000000" />
  <attribute name="Current GC Util Change" value="0.000000"/>
  <attribute name="GC Util currently" value="0" />
  <attribute name="CPU Util currently" value="4" />
<allocation-satisfied id="350" threadId="000000000251CD00" bytesRequested="32" />
<af-end id="351" timestamp="2019-06-16T22:21:19.255" threadId="000000000251D688" success="true" from="nursery"/>
<exclusive-end id="352" timestamp="2019-06-16T22:21:19.255" durationms="4.079" />

<exclusive-start id="353" timestamp="2019-06-16T22:21:19.798" intervalms="546.415">
  <response-info timems="0.026" idlems="0.026" threads="0" lastid="000000000251CD00" lastname="node-5" />
</exclusive-start>
<af-start id="354" threadId="000000000251D688" totalBytesRequested="104" timestamp="2019-06-16T22:21:19.798" intervalms="546.387" type="nursery" />
<cycle-start id="355" type="scavenge" contextid="0" timestamp="2019-06-16T22:21:19.798" intervalms="546.353" />
<gc-start id="356" type="scavenge" contextid="355" timestamp="2019-06-16T22:21:19.798">
  <mem-info id="357" free="2283120" total="8388608" percent="27">
    <mem type="nursery" free="0" total="2097152" percent="0">
      <mem type="allocate" free="0" total="1572864" percent="0" />
      <mem type="survivor" free="0" total="524288" percent="0" />
    </mem>
    <mem type="tenure" free="2283120" total="6291456" percent="36">
      <mem type="soa" free="1968752" total="5977088" percent="32" />
      <mem type="loa" free="314368" total="314368" percent="100" />
    </mem>
    <remembered-set count="143" />
  </mem-info>
</gc-start>
<allocation-stats totalBytes="1270520" >
  <allocated-bytes non-tlh="32" tlh="1270488" />
  <largest-consumer threadName="node-4" threadId="0000000002519100" bytes="233384" />
</allocation-stats>
<gc-op id="358" type="scavenge" timems="2.530" contextid="355" timestamp="2019-06-16T22:21:19.801">
  <scavenger-info tenureage="2" tenuremask="7ffc" tiltratio="75" />
  <memory-copied type="nursery" objects="9687" bytes="234568" bytesdiscarded="14264" />
  <memory-copied type="tenure" objects="5436" bytes="130464" bytesdiscarded="8" />
</gc-op>
<gc-end id="359" type="scavenge" contextid="355" durationms="3.009" usertimems="4.000" systemtimems="0.000" timestamp="2019-06-16T22:21:19.801" activeThreads="4">
  <mem-info id="360" free="3633520" total="8388608" percent="43">
    <mem type="nursery" free="1389568" total="2097152" percent="66">
      <mem type="allocate" free="1389568" total="1638400" percent="84" />
      <mem type="survivor" free="0" total="458752" percent="0" />
    </mem>
    <mem type="tenure" free="2243952" total="6291456" percent="35" macro-fragmented="0">
      <mem type="soa" free="1929584" total="5977088" percent="32" />
      <mem type="loa" free="314368" total="314368" percent="100" />
    </mem>
    <remembered-set count="126" />
  </mem-info>
</gc-end>
<cycle-end id="361" type="scavenge" contextid="355" timestamp="2019-06-16T22:21:19.801" />
  <attribute name="elasticGC enabled" value="1" />
  <attribute name= "numThreadsSpecified" value="4" />
  <attribute name="heapSize specified" value="8388608" />
  <attribute name="Current GC Util" value="0" />
  <attribute name= "Current Time Running" value="19877" />
  <attribute name ="GC Interval" value="200" />
  <attribute name="ProportionalT" value="-10.000000" />
  <attribute name="ProportionalI" value="-10.000000" />
  <attribute name="ProportionalH" value="-10.000000" />
  <attribute name="Current Error" value="-20.000000" />
  <attribute name="IntegralT" value="-5460.000000" />
  <attribute name="IntegralI" value="-5460.000000" />
  <attribute name="IntegralH" value="-5460.000000" />
  <attribute name="DerivativeT" value="-0.036630" />
  <attribute name="DerivativeI" value="-0.036630" />
  <attribute name="DerivativeH" value="-0.036630" />
  <attribute name="Loop Time for DT" value="546.000000" />
  <attribute name="Output H" value="2092630016"/>
  <attribute name="Output I" value="200"/>
  <attribute name="Output T" value="4"/>
  <attribute name="Target GC Util Change" value ="20.000000" />
  <attribute name="Current GC Util Change" value="0.000000"/>
  <attribute name="GC Util currently" value="0" />
  <attribute name="CPU Util currently" value="4" />
<allocation-satisfied id="362" threadId="000000000251CD00" bytesRequested="104" />
<af-end id="363" timestamp="2019-06-16T22:21:19.801" threadId="000000000251D688" success="true" from="nursery"/>
<exclusive-end id="364" timestamp="2019-06-16T22:21:19.801" durationms="3.467" />

<exclusive-start id="365" timestamp="2019-06-16T22:21:20.407" intervalms="609.264">
  <response-info timems="0.052" idlems="0.028" threads="1" lastid="0000000002515500" lastname="node-1" />
</exclusive-start>
<af-start id="366" threadId="0000000002521288" totalBytesRequested="16" timestamp="2019-06-16T22:21:20.407" intervalms="609.270" type="nursery" />
<cycle-start id="367" type="scavenge" contextid="0" timestamp="2019-06-16T22:21:20.407" intervalms="609.275" />
<gc-start id="368" type="scavenge" contextid="367" timestamp="2019-06-16T22:21:20.407">
  <mem-info id="369" free="2243952" total="8388608" percent="26">
    <mem type="nursery" free="0" total="2097152" percent="0">
      <mem type="allocate" free="0" total="1638400" percent="0" />
      <mem type="survivor" free="0" total="458752" percent="0" />
    </mem>
    <mem type="tenure" free="2243952" total="6291456" percent="35">
      <mem type="soa" free="1929584" total="5977088" percent="32" />
      <mem type="loa" free="314368" total="314368" percent="100" />
    </mem>
    <remembered-set count="143" />
  </mem-info>
</gc-start>
<allocation-stats totalBytes="1388856" >
  <allocated-bytes non-tlh="104" tlh="1388752" />
  <largest-consumer threadName="node-1" threadId="0000000002515500" bytes="257984" />
</allocation-stats>
<gc-op id="370" type="scavenge" timems="2.738" contextid="367" timestamp="2019-06-16T22:21:20.410">
  <scavenger-info tenureage="2" tenuremask="7ffc" tiltratio="78" />
  <memory-copied type="nursery" objects="11725" bytes="282664" bytesdiscarded="119768" />
  <memory-copied type="tenure" objects="4275" bytes="102600" bytesdiscarded="0" />
</gc-op>
<gc-end id="371" type="scavenge" contextid="367" durationms="3.238" usertimems="0.000" systemtimems="4.000" timestamp="2019-06-16T22:21:20.411" activeThreads="4">
  <mem-info id="372" free="3331696" total="8388608" percent="39">
    <mem type="nursery" free="1235968" total="2097152" percent="58">
      <mem type="allocate" free="1235968" total="1638400" percent="75" />
      <mem type="survivor" free="0" total="458752" percent="0" />
    </mem>
    <mem type="tenure" free="2095728" total="6291456" percent="33" macro-fragmented="0">
      <mem type="soa" free="1781360" total="5977088" percent="29" />
      <mem type="loa" free="314368" total="314368" percent="100" />
    </mem>
    <remembered-set count="125" />
  </mem-info>
</gc-end>
<cycle-end id="373" type="scavenge" contextid="367" timestamp="2019-06-16T22:21:20.411" />
  <attribute name="elasticGC enabled" value="1" />
  <attribute name= "numThreadsSpecified" value="4" />
  <attribute name="heapSize specified" value="8388608" />
  <attribute name="Current GC Util" value="0" />
  <attribute name= "Current Time Running" value="20486" />
  <attribute name ="GC Interval" value="200" />
  <attribute name="ProportionalT" value="-10.000000" />
  <attribute name="ProportionalI" value="-10.000000" />
  <attribute name="ProportionalH" value="-10.000000" />
  <attribute name="Current Error" value="-20.000000" />
  <attribute name="IntegralT" value="-6090.000000" />
  <attribute name="IntegralI" value="-6090.000000" />
  <attribute name="IntegralH" value="-6090.000000" />
  <attribute name="DerivativeT" value="-0.032841" />
  <attribute name="DerivativeI" value="-0.032841" />
  <attribute name="DerivativeH" value="-0.032841" />
  <attribute name="Loop Time for DT" value="609.000000" />
  <attribute name="Output H" value="2092630016"/>
  <attribute name="Output I" value="200"/>
  <attribute name="Output T" value="4"/>
  <attribute name="Target GC Util Change" value ="20.000000" />
  <attribute name="Current GC Util Change" value="0.000000"/>
  <attribute name="GC Util currently" value="0" />
  <attribute name="CPU Util currently" value="5" />
<allocation-satisfied id="374" threadId="0000000002520900" bytesRequested="16" />
<af-end id="375" timestamp="2019-06-16T22:21:20.411" threadId="0000000002521288" success="true" from="nursery"/>
<exclusive-end id="376" timestamp="2019-06-16T22:21:20.411" durationms="3.734" />

<exclusive-start id="377" timestamp="2019-06-16T22:21:21.012" intervalms="604.551">
  <response-info timems="0.155" idlems="0.055" threads="2" lastid="000000000251CD00" lastname="node-5" />
</exclusive-start>
<af-start id="378" threadId="0000000002515E88" totalBytesRequested="32" timestamp="2019-06-16T22:21:21.012" intervalms="604.561" type="nursery" />
<cycle-start id="379" type="scavenge" contextid="0" timestamp="2019-06-16T22:21:21.012" intervalms="604.560" />
<gc-start id="380" type="scavenge" contextid="379" timestamp="2019-06-16T22:21:21.012">
  <mem-info id="381" free="2095728" total="8388608" percent="24">
    <mem type="nursery" free="0" total="2097152" percent="0">
      <mem type="allocate" free="0" total="1638400" percent="0" />
      <mem type="survivor" free="0" total="458752" percent="0" />
    </mem>
    <mem type="tenure" free="2095728" total="6291456" percent="33">
      <mem type="soa" free="1781360" total="5977088" percent="29" />
      <mem type="loa" free="314368" total="314368" percent="100" />
    </mem>
    <remembered-set count="142" />
  </mem-info>
</gc-start>
<allocation-stats totalBytes="1235272" >
  <allocated-bytes non-tlh="16" tlh="1235256" />
  <largest-consumer threadName="node-4" threadId="0000000002519100" bytes="233392" />
</allocation-stats>
<gc-op id="382" type="scavenge" timems="2.610" contextid="379" timestamp="2019-06-16T22:21:21.015">
  <scavenger-info tenureage="2" tenuremask="7ffc" tiltratio="78" />
  <memory-copied type="nursery" objects="11378" bytes="273664" bytesdiscarded="45056" />
  <memory-copied type="tenure" objects="5365" bytes="128760" bytesdiscarded="0" />
</gc-op>
<gc-end id="383" type="scavenge" contextid="379" durationms="3.093" usertimems="0.000" systemtimems="0.000" timestamp="2019-06-16T22:21:21.015" activeThreads="4">
  <mem-info id="384" free="3337072" total="8388608" percent="39">
    <mem type="nursery" free="1319680" total="2097152" percent="62">
      <mem type="allocate" free="1319680" total="1638400" percent="80" />
      <mem type="survivor" free="0" total="458752" percent="0" />
    </mem>
    <mem type="tenure" free="2017392" total="6291456" percent="32" macro-fragmented="0">
      <mem type="soa" free="1703024" total="5977088" percent="28" />
      <mem type="loa" free="314368" total="314368" percent="100" />
    </mem>
    <remembered-set count="125" />
  </mem-info>
</gc-end>
<cycle-end id="385" type="scavenge" contextid="379" timestamp="2019-06-16T22:21:21.015" />
  <attribute name="elasticGC enabled" value="1" />
  <attribute name= "numThreadsSpecified" value="4" />
  <attribute name="heapSize specified" value="8388608" />
  <attribute name="Current GC Util" value="0" />
  <attribute name= "Current Time Running" value="21091" />
  <attribute name ="GC Interval" value="200" />
  <attribute name="ProportionalT" value="-10.000000" />
  <attribute name="ProportionalI" value="-10.000000" />
  <attribute name="ProportionalH" value="-10.000000" />
  <attribute name="Current Error" value="-20.000000" />
  <attribute name="IntegralT" value="-6050.000000" />
  <attribute name="IntegralI" value="-6050.000000" />
  <attribute name="IntegralH" value="-6050.000000" />
  <attribute name="DerivativeT" value="-0.033058" />
  <attribute name="DerivativeI" value="-0.033058" />
  <attribute name="DerivativeH" value="-0.033058" />
  <attribute name="Loop Time for DT" value="605.000000" />
  <attribute name="Output H" value="2092630016"/>
  <attribute name="Output I" value="200"/>
  <attribute name="Output T" value="4"/>
  <attribute name="Target GC Util Change" value ="20.000000" />
  <attribute name="Current GC Util Change" value="0.000000"/>
  <attribute name="GC Util currently" value="0" />
  <attribute name="CPU Util currently" value="3" />
<allocation-satisfied id="386" threadId="0000000002515500" bytesRequested="32" />
<af-end id="387" timestamp="2019-06-16T22:21:21.015" threadId="0000000002515E88" success="true" from="nursery"/>
<exclusive-end id="388" timestamp="2019-06-16T22:21:21.016" durationms="3.939" />

<exclusive-start id="389" timestamp="2019-06-16T22:21:21.572" intervalms="560.101">
  <response-info timems="0.043" idlems="0.043" threads="0" lastid="0000000002515500" lastname="node-1" />
</exclusive-start>
<af-start id="390" threadId="0000000002515E88" totalBytesRequested="32" timestamp="2019-06-16T22:21:21.572" intervalms="560.082" type="nursery" />
<cycle-start id="391" type="scavenge" contextid="0" timestamp="2019-06-16T22:21:21.572" intervalms="560.078" />
<gc-start id="392" type="scavenge" contextid="391" timestamp="2019-06-16T22:21:21.572">
  <mem-info id="393" free="2017392" total="8388608" percent="24">
    <mem type="nursery" free="0" total="2097152" percent="0">
      <mem type="allocate" free="0" total="1638400" percent="0" />
      <mem type="survivor" free="0" total="458752" percent="0" />
    </mem>
    <mem type="tenure" free="2017392" total="6291456" percent="32">
      <mem type="soa" free="1703024" total="5977088" percent="28" />
      <mem type="loa" free="314368" total="314368" percent="100" />
    </mem>
    <remembered-set count="142" />
  </mem-info>
</gc-start>
<allocation-stats totalBytes="1318792" >
  <allocated-bytes non-tlh="32" tlh="1318760" />
  <largest-consumer threadName="node-4" threadId="0000000002519100" bytes="233424" />
</allocation-stats>
<gc-op id="394" type="scavenge" timems="2.624" contextid="391" timestamp="2019-06-16T22:21:21.575">
  <scavenger-info tenureage="2" tenuremask="7ffc" tiltratio="78" />
  <memory-copied type="nursery" objects="11030" bytes="265664" bytesdiscarded="13888" />
  <memory-copied type="tenure" objects="6314" bytes="151536" bytesdiscarded="8" />
</gc-op>
<gc-end id="395" type="scavenge" contextid="391" durationms="3.104" usertimems="0.000" systemtimems="0.000" timestamp="2019-06-16T22:21:21.575" activeThreads="4">
  <mem-info id="396" free="3293552" total="8388608" percent="39">
    <mem type="nursery" free="1424384" total="2097152" percent="67">
      <mem type="allocate" free="1424384" total="1703936" percent="83" />
      <mem type="survivor" free="0" total="393216" percent="0" />
    </mem>
    <mem type="tenure" free="1869168" total="6291456" percent="29" macro-fragmented="0">
      <mem type="soa" free="1554800" total="5977088" percent="26" />
      <mem type="loa" free="314368" total="314368" percent="100" />
    </mem>
    <remembered-set count="127" />
  </mem-info>
</gc-end>
<cycle-end id="397" type="scavenge" contextid="391" timestamp="2019-06-16T22:21:21.575" />
  <attribute name="elasticGC enabled" value="1" />
  <attribute name= "numThreadsSpecified" value="4" />
  <attribute name="heapSize specified" value="8388608" />
  <attribute name="Current GC Util" value="0" />
  <attribute name= "Current Time Running" value="21651" />
  <attribute name ="GC Interval" value="200" />
  <attribute name="ProportionalT" value="-10.000000" />
  <attribute name="ProportionalI" value="-10.000000" />
  <attribute name="ProportionalH" value="-10.000000" />
  <attribute name="Current Error" value="-20.000000" />
  <attribute name="IntegralT" value="-5600.000000" />
  <attribute name="IntegralI" value="-5600.000000" />
  <attribute name="IntegralH" value="-5600.000000" />
  <attribute name="DerivativeT" value="-0.035714" />
  <attribute name="DerivativeI" value="-0.035714" />
  <attribute name="DerivativeH" value="-0.035714" />
  <attribute name="Loop Time for DT" value="560.000000" />
  <attribute name="Output H" value="2092630016"/>
  <attribute name="Output I" value="200"/>
  <attribute name="Output T" value="4"/>
  <attribute name="Target GC Util Change" value ="20.000000" />
  <attribute name="Current GC Util Change" value="0.000000"/>
  <attribute name="GC Util currently" value="0" />
  <attribute name="CPU Util currently" value="6" />
<allocation-satisfied id="398" threadId="0000000002515500" bytesRequested="32" />
<af-end id="399" timestamp="2019-06-16T22:21:21.575" threadId="0000000002515E88" success="true" from="nursery"/>
<exclusive-end id="400" timestamp="2019-06-16T22:21:21.575" durationms="3.785" />

<exclusive-start id="401" timestamp="2019-06-16T22:21:22.216" intervalms="644.406">
  <response-info timems="0.046" idlems="0.046" threads="0" lastid="000000000251CD00" lastname="node-5" />
</exclusive-start>
<af-start id="402" threadId="000000000251D688" totalBytesRequested="16" timestamp="2019-06-16T22:21:22.216" intervalms="644.416" type="nursery" />
<cycle-start id="403" type="scavenge" contextid="0" timestamp="2019-06-16T22:21:22.216" intervalms="644.424" />
<gc-start id="404" type="scavenge" contextid="403" timestamp="2019-06-16T22:21:22.216">
  <mem-info id="405" free="1869168" total="8388608" percent="22">
    <mem type="nursery" free="0" total="2097152" percent="0">
      <mem type="allocate" free="0" total="1703936" percent="0" />
      <mem type="survivor" free="0" total="393216" percent="0" />
    </mem>
    <mem type="tenure" free="1869168" total="6291456" percent="29">
      <mem type="soa" free="1554800" total="5977088" percent="26" />
      <mem type="loa" free="314368" total="314368" percent="100" />
    </mem>
    <remembered-set count="141" />
  </mem-info>
</gc-start>
<allocation-stats totalBytes="1423168" >
  <allocated-bytes non-tlh="32" tlh="1423136" />
  <largest-consumer threadName="node-2" threadId="0000000002520900" bytes="258000" />
</allocation-stats>
<gc-op id="406" type="scavenge" timems="2.740" contextid="403" timestamp="2019-06-16T22:21:22.219">
  <scavenger-info tenureage="2" tenuremask="7ffc" tiltratio="81" />
  <memory-copied type="nursery" objects="11605" bytes="281176" bytesdiscarded="32168" />
  <memory-copied type="tenure" objects="5022" bytes="120528" bytesdiscarded="0" />
</gc-op>
<gc-end id="407" type="scavenge" contextid="403" durationms="3.156" usertimems="0.000" systemtimems="0.000" timestamp="2019-06-16T22:21:22.220" activeThreads="4">
  <mem-info id="408" free="3220592" total="8388608" percent="38">
    <mem type="nursery" free="1390592" total="2097152" percent="66">
      <mem type="allocate" free="1390592" total="1703936" percent="81" />
      <mem type="survivor" free="0" total="393216" percent="0" />
    </mem>
    <mem type="tenure" free="1830000" total="6291456" percent="29" macro-fragmented="1250136">
      <mem type="soa" free="1515632" total="5977088" percent="25" />
      <mem type="loa" free="314368" total="314368" percent="100" />
    </mem>
    <remembered-set count="124" />
  </mem-info>
</gc-end>
<cycle-end id="409" type="scavenge" contextid="403" timestamp="2019-06-16T22:21:22.220" />
  <attribute name="elasticGC enabled" value="1" />
  <attribute name= "numThreadsSpecified" value="4" />
  <attribute name="heapSize specified" value="8388608" />
  <attribute name="Current GC Util" value="0" />
  <attribute name= "Current Time Running" value="22295" />
  <attribute name ="GC Interval" value="200" />
  <attribute name="ProportionalT" value="-10.000000" />
  <attribute name="ProportionalI" value="-10.000000" />
  <attribute name="ProportionalH" value="-10.000000" />
  <attribute name="Current Error" value="-20.000000" />
  <attribute name="IntegralT" value="-6440.000000" />
  <attribute name="IntegralI" value="-6440.000000" />
  <attribute name="IntegralH" value="-6440.000000" />
  <attribute name="DerivativeT" value="-0.031056" />
  <attribute name="DerivativeI" value="-0.031056" />
  <attribute name="DerivativeH" value="-0.031056" />
  <attribute name="Loop Time for DT" value="644.000000" />
  <attribute name="Output H" value="2092630016"/>
  <attribute name="Output I" value="200"/>
  <attribute name="Output T" value="4"/>
  <attribute name="Target GC Util Change" value ="20.000000" />
  <attribute name="Current GC Util Change" value="0.000000"/>
  <attribute name="GC Util currently" value="0" />
  <attribute name="CPU Util currently" value="4" />
<allocation-satisfied id="410" threadId="000000000251CD00" bytesRequested="16" />
<af-end id="411" timestamp="2019-06-16T22:21:22.220" threadId="000000000251D688" success="true" from="nursery"/>
<exclusive-end id="412" timestamp="2019-06-16T22:21:22.220" durationms="3.795" />

<exclusive-start id="413" timestamp="2019-06-16T22:21:22.807" intervalms="590.840">
  <response-info timems="0.022" idlems="0.022" threads="0" lastid="0000000002519100" lastname="node-4" />
</exclusive-start>
<af-start id="414" threadId="0000000002519A88" totalBytesRequested="32" timestamp="2019-06-16T22:21:22.807" intervalms="590.861" type="nursery" />
<cycle-start id="415" type="scavenge" contextid="0" timestamp="2019-06-16T22:21:22.807" intervalms="590.852" />
<gc-start id="416" type="scavenge" contextid="415" timestamp="2019-06-16T22:21:22.807">
  <mem-info id="417" free="1830000" total="8388608" percent="21">
    <mem type="nursery" free="0" total="2097152" percent="0">
      <mem type="allocate" free="0" total="1703936" percent="0" />
      <mem type="survivor" free="0" total="393216" percent="0" />
    </mem>
    <mem type="tenure" free="1830000" total="6291456" percent="29">
      <mem type="soa" free="1515632" total="5977088" percent="25" />
      <mem type="loa" free="314368" total="314368" percent="100" />
    </mem>
    <remembered-set count="141" />
  </mem-info>
</gc-start>
<allocation-stats totalBytes="1388360" >
  <allocated-bytes non-tlh="16" tlh="1388344" />
  <largest-consumer threadName="node-2" threadId="0000000002520900" bytes="233440" />
</allocation-stats>
<gc-op id="418" type="scavenge" timems="1.092" contextid="415" timestamp="2019-06-16T22:21:22.808">
  <scavenger-info tenureage="2" tenuremask="7ffc" tiltratio="81" />
  <memory-copied type="nursery" objects="11892" bytes="285168" bytesdiscarded="67344" />
  <memory-copied type="tenure" objects="5967" bytes="143208" bytesdiscarded="0" />
</gc-op>
<gc-end id="419" type="scavenge" contextid="415" durationms="1.561" usertimems="0.000" systemtimems="0.000" timestamp="2019-06-16T22:21:22.809" activeThreads="4">
  <mem-info id="420" free="3024752" total="8388608" percent="36">
    <mem type="nursery" free="1351424" total="2097152" percent="64">
      <mem type="allocate" free="1351424" total="1703936" percent="79" />
      <mem type="survivor" free="0" total="393216" percent="0" />
    </mem>
    <mem type="tenure" free="1673328" total="6291456" percent="26" macro-fragmented="502401">
      <mem type="soa" free="1358960" total="5977088" percent="22" />
      <mem type="loa" free="314368" total="314368" percent="100" />
    </mem>
    <remembered-set count="119" />
  </mem-info>
</gc-end>
<cycle-end id="421" type="scavenge" contextid="415" timestamp="2019-06-16T22:21:22.809" />
  <attribute name="elasticGC enabled" value="1" />
  <attribute name= "numThreadsSpecified" value="4" />
  <attribute name="heapSize specified" value="8388608" />
  <attribute name="Current GC Util" value="0" />
  <attribute name= "Current Time Running" value="22886" />
  <attribute name ="GC Interval" value="200" />
  <attribute name="ProportionalT" value="-10.000000" />
  <attribute name="ProportionalI" value="-10.000000" />
  <attribute name="ProportionalH" value="-10.000000" />
  <attribute name="Current Error" value="-20.000000" />
  <attribute name="IntegralT" value="-5910.000000" />
  <attribute name="IntegralI" value="-5910.000000" />
  <attribute name="IntegralH" value="-5910.000000" />
  <attribute name="DerivativeT" value="-0.033841" />
  <attribute name="DerivativeI" value="-0.033841" />
  <attribute name="DerivativeH" value="-0.033841" />
  <attribute name="Loop Time for DT" value="591.000000" />
  <attribute name="Output H" value="2092630016"/>
  <attribute name="Output I" value="200"/>
  <attribute name="Output T" value="4"/>
  <attribute name="Target GC Util Change" value ="20.000000" />
  <attribute name="Current GC Util Change" value="0.000000"/>
  <attribute name="GC Util currently" value="0" />
  <attribute name="CPU Util currently" value="2" />
<allocation-satisfied id="422" threadId="0000000002519100" bytesRequested="32" />
<af-end id="423" timestamp="2019-06-16T22:21:22.809" threadId="0000000002519A88" success="true" from="nursery"/>
<exclusive-end id="424" timestamp="2019-06-16T22:21:22.809" durationms="2.199" />

<exclusive-start id="425" timestamp="2019-06-16T22:21:23.396" intervalms="589.412">
  <response-info timems="0.054" idlems="0.054" threads="0" lastid="0000000002515500" lastname="node-1" />
</exclusive-start>
<af-start id="426" threadId="0000000002515E88" totalBytesRequested="32" timestamp="2019-06-16T22:21:23.396" intervalms="589.398" type="nursery" />
<cycle-start id="427" type="scavenge" contextid="0" timestamp="2019-06-16T22:21:23.397" intervalms="589.412" />
<gc-start id="428" type="scavenge" contextid="427" timestamp="2019-06-16T22:21:23.397">
  <mem-info id="429" free="1673328" total="8388608" percent="19">
    <mem type="nursery" free="0" total="2097152" percent="0">
      <mem type="allocate" free="0" total="1703936" percent="0" />
      <mem type="survivor" free="0" total="393216" percent="0" />
    </mem>
    <mem type="tenure" free="1673328" total="6291456" percent="26">
      <mem type="soa" free="1358960" total="5977088" percent="22" />
      <mem type="loa" free="314368" total="314368" percent="100" />
    </mem>
    <remembered-set count="142" />
  </mem-info>
</gc-start>
<allocation-stats totalBytes="1349488" >
  <allocated-bytes non-tlh="32" tlh="1349456" />
  <largest-consumer threadName="node-5" threadId="000000000251CD00" bytes="233432" />
</allocation-stats>
<gc-op id="430" type="scavenge" timems="1.072" contextid="427" timestamp="2019-06-16T22:21:23.398">
  <scavenger-info tenureage="2" tenuremask="7ffc" tiltratio="81" />
  <memory-copied type="nursery" objects="11794" bytes="282816" bytesdiscarded="69696" />
  <memory-copied type="tenure" objects="5588" bytes="134112" bytesdiscarded="0" />
</gc-op>
<gc-end id="431" type="scavenge" contextid="427" durationms="1.452" usertimems="4.000" systemtimems="0.000" timestamp="2019-06-16T22:21:23.398" activeThreads="4">
  <mem-info id="432" free="2868080" total="8388608" percent="34">
    <mem type="nursery" free="1351424" total="2097152" percent="64">
      <mem type="allocate" free="1351424" total="1703936" percent="79" />
      <mem type="survivor" free="0" total="393216" percent="0" />
    </mem>
    <mem type="tenure" free="1516656" total="6291456" percent="24" macro-fragmented="1332520">
      <mem type="soa" free="1202288" total="5977088" percent="20" />
      <mem type="loa" free="314368" total="314368" percent="100" />
    </mem>
    <remembered-set count="118" />
  </mem-info>
</gc-end>
<cycle-end id="433" type="scavenge" contextid="427" timestamp="2019-06-16T22:21:23.398" />
  <attribute name="elasticGC enabled" value="1" />
  <attribute name= "numThreadsSpecified" value="4" />
  <attribute name="heapSize specified" value="8388608" />
  <attribute name="Current GC Util" value="0" />
  <attribute name= "Current Time Running" value="23475" />
  <attribute name ="GC Interval" value="200" />
  <attribute name="ProportionalT" value="-10.000000" />
  <attribute name="ProportionalI" value="-10.000000" />
  <attribute name="ProportionalH" value="-10.000000" />
  <attribute name="Current Error" value="-20.000000" />
  <attribute name="IntegralT" value="-5890.000000" />
  <attribute name="IntegralI" value="-5890.000000" />
  <attribute name="IntegralH" value="-5890.000000" />
  <attribute name="DerivativeT" value="-0.033956" />
  <attribute name="DerivativeI" value="-0.033956" />
  <attribute name="DerivativeH" value="-0.033956" />
  <attribute name="Loop Time for DT" value="589.000000" />
  <attribute name="Output H" value="2092630016"/>
  <attribute name="Output I" value="200"/>
  <attribute name="Output T" value="4"/>
  <attribute name="Target GC Util Change" value ="20.000000" />
  <attribute name="Current GC Util Change" value="0.000000"/>
  <attribute name="GC Util currently" value="0" />
  <attribute name="CPU Util currently" value="3" />
<allocation-satisfied id="434" threadId="0000000002515500" bytesRequested="32" />
<af-end id="435" timestamp="2019-06-16T22:21:23.398" threadId="0000000002515E88" success="true" from="nursery"/>
<exclusive-end id="436" timestamp="2019-06-16T22:21:23.398" durationms="2.095" />

<exclusive-start id="437" timestamp="2019-06-16T22:21:23.976" intervalms="579.567">
  <response-info timems="0.028" idlems="0.028" threads="0" lastid="0000000002528000" lastname="node-0" />
</exclusive-start>
<af-start id="438" threadId="0000000002528988" totalBytesRequested="32" timestamp="2019-06-16T22:21:23.976" intervalms="579.556" type="nursery" />
<cycle-start id="439" type="scavenge" contextid="0" timestamp="2019-06-16T22:21:23.976" intervalms="579.540" />
<gc-start id="440" type="scavenge" contextid="439" timestamp="2019-06-16T22:21:23.976">
  <mem-info id="441" free="1516656" total="8388608" percent="18">
    <mem type="nursery" free="0" total="2097152" percent="0">
      <mem type="allocate" free="0" total="1703936" percent="0" />
      <mem type="survivor" free="0" total="393216" percent="0" />
    </mem>
    <mem type="tenure" free="1516656" total="6291456" percent="24">
      <mem type="soa" free="1202288" total="5977088" percent="20" />
      <mem type="loa" free="314368" total="314368" percent="100" />
    </mem>
    <remembered-set count="141" />
  </mem-info>
</gc-start>
<allocation-stats totalBytes="1350664" >
  <allocated-bytes non-tlh="32" tlh="1350632" />
  <largest-consumer threadName="node-2" threadId="0000000002520900" bytes="233432" />
</allocation-stats>
<gc-op id="442" type="scavenge" timems="1.051" contextid="439" timestamp="2019-06-16T22:21:23.977">
  <scavenger-info tenureage="2" tenuremask="7ffc" tiltratio="81" />
  <memory-copied type="nursery" objects="10428" bytes="250032" bytesdiscarded="24144" />
  <memory-copied type="tenure" objects="6274" bytes="150576" bytesdiscarded="0" />
</gc-op>
<gc-end id="443" type="scavenge" contextid="439" durationms="1.330" usertimems="0.000" systemtimems="0.000" timestamp="2019-06-16T22:21:23.977" activeThreads="4">
  <mem-info id="444" free="2789744" total="8388608" percent="33">
    <mem type="nursery" free="1429760" total="2097152" percent="68">
      <mem type="allocate" free="1429760" total="1703936" percent="83" />
      <mem type="survivor" free="0" total="393216" percent="0" />
    </mem>
    <mem type="tenure" free="1359984" total="6291456" percent="21" macro-fragmented="723458">
      <mem type="soa" free="1045616" total="5977088" percent="17" />
      <mem type="loa" free="314368" total="314368" percent="100" />
    </mem>
    <remembered-set count="118" />
  </mem-info>
</gc-end>
<cycle-end id="445" type="scavenge" contextid="439" timestamp="2019-06-16T22:21:23.978" />
  <attribute name="elasticGC enabled" value="1" />
  <attribute name= "numThreadsSpecified" value="4" />
  <attribute name="heapSize specified" value="8388608" />
  <attribute name="Current GC Util" value="0" />
  <attribute name= "Current Time Running" value="24055" />
  <attribute name ="GC Interval" value="200" />
  <attribute name="ProportionalT" value="-10.000000" />
  <attribute name="ProportionalI" value="-10.000000" />
  <attribute name="ProportionalH" value="-10.000000" />
  <attribute name="Current Error" value="-20.000000" />
  <attribute name="IntegralT" value="-5800.000000" />
  <attribute name="IntegralI" value="-5800.000000" />
  <attribute name="IntegralH" value="-5800.000000" />
  <attribute name="DerivativeT" value="-0.034483" />
  <attribute name="DerivativeI" value="-0.034483" />
  <attribute name="DerivativeH" value="-0.034483" />
  <attribute name="Loop Time for DT" value="580.000000" />
  <attribute name="Output H" value="2092630016"/>
  <attribute name="Output I" value="200"/>
  <attribute name="Output T" value="4"/>
  <attribute name="Target GC Util Change" value ="20.000000" />
  <attribute name="Current GC Util Change" value="0.000000"/>
  <attribute name="GC Util currently" value="0" />
  <attribute name="CPU Util currently" value="4" />
<allocation-satisfied id="446" threadId="0000000002528000" bytesRequested="32" />
<af-end id="447" timestamp="2019-06-16T22:21:23.978" threadId="0000000002528988" success="true" from="nursery"/>
<exclusive-end id="448" timestamp="2019-06-16T22:21:23.978" durationms="1.808" />

<exclusive-start id="449" timestamp="2019-06-16T22:21:24.562" intervalms="586.449">
  <response-info timems="0.038" idlems="0.020" threads="1" lastid="0000000002528000" lastname="node-0" />
</exclusive-start>
<af-start id="450" threadId="000000000251D688" totalBytesRequested="24" timestamp="2019-06-16T22:21:24.562" intervalms="586.438" type="nursery" />
<cycle-start id="451" type="scavenge" contextid="0" timestamp="2019-06-16T22:21:24.563" intervalms="586.434" />
<gc-start id="452" type="scavenge" contextid="451" timestamp="2019-06-16T22:21:24.563">
  <mem-info id="453" free="1359984" total="8388608" percent="16">
    <mem type="nursery" free="0" total="2097152" percent="0">
      <mem type="allocate" free="0" total="1703936" percent="0" />
      <mem type="survivor" free="0" total="393216" percent="0" />
    </mem>
    <mem type="tenure" free="1359984" total="6291456" percent="21">
      <mem type="soa" free="1045616" total="5977088" percent="17" />
      <mem type="loa" free="314368" total="314368" percent="100" />
    </mem>
    <remembered-set count="141" />
  </mem-info>
</gc-start>
<allocation-stats totalBytes="1427712" >
  <allocated-bytes non-tlh="32" tlh="1427680" />
  <largest-consumer threadName="node-0" threadId="0000000002528000" bytes="258008" />
</allocation-stats>
<gc-op id="454" type="scavenge" timems="1.026" contextid="451" timestamp="2019-06-16T22:21:24.564">
  <scavenger-info tenureage="2" tenuremask="7ffc" tiltratio="81" />
  <memory-copied type="nursery" objects="11336" bytes="273016" bytesdiscarded="1160" />
  <memory-copied type="tenure" objects="5490" bytes="131760" bytesdiscarded="0" />
</gc-op>
<gc-end id="455" type="scavenge" contextid="451" durationms="1.330" usertimems="0.000" systemtimems="0.000" timestamp="2019-06-16T22:21:24.564" activeThreads="4">
  <mem-info id="456" free="2633072" total="8388608" percent="31">
    <mem type="nursery" free="1429760" total="2097152" percent="68">
      <mem type="allocate" free="1429760" total="1703936" percent="83" />
      <mem type="survivor" free="0" total="393216" percent="0" />
    </mem>
    <mem type="tenure" free="1203312" total="6291456" percent="19" macro-fragmented="0">
      <mem type="soa" free="888944" total="5977088" percent="14" />
      <mem type="loa" free="314368" total="314368" percent="100" />
    </mem>
    <remembered-set count="127" />
  </mem-info>
</gc-end>
<cycle-end id="457" type="scavenge" contextid="451" timestamp="2019-06-16T22:21:24.564" />
  <attribute name="elasticGC enabled" value="1" />
  <attribute name= "numThreadsSpecified" value="4" />
  <attribute name="heapSize specified" value="8388608" />
  <attribute name="Current GC Util" value="0" />
  <attribute name= "Current Time Running" value="24641" />
  <attribute name ="GC Interval" value="200" />
  <attribute name="ProportionalT" value="-10.000000" />
  <attribute name="ProportionalI" value="-10.000000" />
  <attribute name="ProportionalH" value="-10.000000" />
  <attribute name="Current Error" value="-20.000000" />
  <attribute name="IntegralT" value="-5860.000000" />
  <attribute name="IntegralI" value="-5860.000000" />
  <attribute name="IntegralH" value="-5860.000000" />
  <attribute name="DerivativeT" value="-0.034130" />
  <attribute name="DerivativeI" value="-0.034130" />
  <attribute name="DerivativeH" value="-0.034130" />
  <attribute name="Loop Time for DT" value="586.000000" />
  <attribute name="Output H" value="2092630016"/>
  <attribute name="Output I" value="200"/>
  <attribute name="Output T" value="4"/>
  <attribute name="Target GC Util Change" value ="20.000000" />
  <attribute name="Current GC Util Change" value="0.000000"/>
  <attribute name="GC Util currently" value="0" />
  <attribute name="CPU Util currently" value="2" />
<allocation-satisfied id="458" threadId="000000000251CD00" bytesRequested="24" />
<af-end id="459" timestamp="2019-06-16T22:21:24.564" threadId="000000000251D688" success="true" from="nursery"/>
<exclusive-end id="460" timestamp="2019-06-16T22:21:24.564" durationms="1.822" />

<exclusive-start id="461" timestamp="2019-06-16T22:21:25.211" intervalms="648.501">
  <response-info timems="0.032" idlems="0.032" threads="0" lastid="000000000251CD00" lastname="node-5" />
</exclusive-start>
<af-start id="462" threadId="000000000251D688" totalBytesRequested="32" timestamp="2019-06-16T22:21:25.211" intervalms="648.517" type="nursery" />
<cycle-start id="463" type="scavenge" contextid="0" timestamp="2019-06-16T22:21:25.211" intervalms="648.526" />
<gc-start id="464" type="scavenge" contextid="463" timestamp="2019-06-16T22:21:25.211">
  <mem-info id="465" free="1203312" total="8388608" percent="14">
    <mem type="nursery" free="0" total="2097152" percent="0">
      <mem type="allocate" free="0" total="1703936" percent="0" />
      <mem type="survivor" free="0" total="393216" percent="0" />
    </mem>
    <mem type="tenure" free="1203312" total="6291456" percent="19">
      <mem type="soa" free="888944" total="5977088" percent="14" />
      <mem type="loa" free="314368" total="314368" percent="100" />
    </mem>
    <remembered-set count="142" />
  </mem-info>
</gc-start>
<allocation-stats totalBytes="1428648" >
  <allocated-bytes non-tlh="24" tlh="1428624" />
  <largest-consumer threadName="node-4" threadId="0000000002519100" bytes="262104" />
</allocation-stats>
<gc-op id="466" type="scavenge" timems="2.574" contextid="463" timestamp="2019-06-16T22:21:25.214">
  <scavenger-info tenureage="2" tenuremask="7ffc" tiltratio="81" />
  <memory-copied type="nursery" objects="11960" bytes="286800" bytesdiscarded="54192" />
  <memory-copied type="tenure" objects="4908" bytes="117792" bytesdiscarded="0" />
</gc-op>
<gc-end id="467" type="scavenge" contextid="463" durationms="2.926" usertimems="0.000" systemtimems="4.000" timestamp="2019-06-16T22:21:25.214" activeThreads="4">
  <mem-info id="468" free="2553456" total="8388608" percent="30">
    <mem type="nursery" free="1428480" total="2097152" percent="68">
      <mem type="allocate" free="1428480" total="1769472" percent="80" />
      <mem type="survivor" free="0" total="327680" percent="0" />
    </mem>
    <mem type="tenure" free="1124976" total="6291456" percent="17" macro-fragmented="418667">
      <mem type="soa" free="810608" total="5977088" percent="13" />
      <mem type="loa" free="314368" total="314368" percent="100" />
    </mem>
    <remembered-set count="118" />
  </mem-info>
</gc-end>
<cycle-end id="469" type="scavenge" contextid="463" timestamp="2019-06-16T22:21:25.214" />
  <attribute name="elasticGC enabled" value="1" />
  <attribute name= "numThreadsSpecified" value="4" />
  <attribute name="heapSize specified" value="8388608" />
  <attribute name="Current GC Util" value="0" />
  <attribute name= "Current Time Running" value="25290" />
  <attribute name ="GC Interval" value="200" />
  <attribute name="ProportionalT" value="-10.000000" />
  <attribute name="ProportionalI" value="-10.000000" />
  <attribute name="ProportionalH" value="-10.000000" />
  <attribute name="Current Error" value="-20.000000" />
  <attribute name="IntegralT" value="-6490.000000" />
  <attribute name="IntegralI" value="-6490.000000" />
  <attribute name="IntegralH" value="-6490.000000" />
  <attribute name="DerivativeT" value="-0.030817" />
  <attribute name="DerivativeI" value="-0.030817" />
  <attribute name="DerivativeH" value="-0.030817" />
  <attribute name="Loop Time for DT" value="649.000000" />
  <attribute name="Output H" value="2092630016"/>
  <attribute name="Output I" value="200"/>
  <attribute name="Output T" value="4"/>
  <attribute name="Target GC Util Change" value ="20.000000" />
  <attribute name="Current GC Util Change" value="0.000000"/>
  <attribute name="GC Util currently" value="0" />
  <attribute name="CPU Util currently" value="1" />
<allocation-satisfied id="470" threadId="000000000251CD00" bytesRequested="32" />
<af-end id="471" timestamp="2019-06-16T22:21:25.214" threadId="000000000251D688" success="true" from="nursery"/>
<exclusive-end id="472" timestamp="2019-06-16T22:21:25.214" durationms="3.614" />

<exclusive-start id="473" timestamp="2019-06-16T22:21:25.762" intervalms="551.376">
  <response-info timems="0.031" idlems="0.031" threads="0" lastid="0000000002528000" lastname="node-0" />
</exclusive-start>
<af-start id="474" threadId="0000000002528988" totalBytesRequested="720" timestamp="2019-06-16T22:21:25.762" intervalms="551.379" type="nursery" />
<cycle-start id="475" type="scavenge" contextid="0" timestamp="2019-06-16T22:21:25.762" intervalms="551.382" />
<gc-start id="476" type="scavenge" contextid="475" timestamp="2019-06-16T22:21:25.762">
  <mem-info id="477" free="1124976" total="8388608" percent="13">
    <mem type="nursery" free="0" total="2097152" percent="0">
      <mem type="allocate" free="0" total="1769472" percent="0" />
      <mem type="survivor" free="0" total="327680" percent="0" />
    </mem>
    <mem type="tenure" free="1124976" total="6291456" percent="17">
      <mem type="soa" free="810608" total="5977088" percent="13" />
      <mem type="loa" free="314368" total="314368" percent="100" />
    </mem>
    <remembered-set count="141" />
  </mem-info>
</gc-start>
<allocation-stats totalBytes="1427144" >
  <allocated-bytes non-tlh="32" tlh="1427112" />
  <largest-consumer threadName="node-2" threadId="0000000002520900" bytes="261048" />
</allocation-stats>
<gc-op id="478" type="scavenge" timems="2.870" contextid="475" timestamp="2019-06-16T22:21:25.765">
  <scavenger-info tenureage="2" tenuremask="7ffc" tiltratio="84" />
  <memory-copied type="nursery" objects="11723" bytes="282456" bytesdiscarded="45224" />
  <memory-copied type="tenure" objects="6383" bytes="153192" bytesdiscarded="0" />
</gc-op>
<gc-end id="479" type="scavenge" contextid="475" durationms="3.059" usertimems="0.000" systemtimems="4.000" timestamp="2019-06-16T22:21:25.766" activeThreads="4">
  <mem-info id="480" free="2418544" total="8388608" percent="28">
    <mem type="nursery" free="1441792" total="2097152" percent="68">
      <mem type="allocate" free="1441792" total="1769472" percent="81" />
      <mem type="survivor" free="0" total="327680" percent="0" />
    </mem>
    <mem type="tenure" free="976752" total="6291456" percent="15" macro-fragmented="893622">
      <mem type="soa" free="662384" total="5977088" percent="11" />
      <mem type="loa" free="314368" total="314368" percent="100" />
    </mem>
    <remembered-set count="124" />
  </mem-info>
</gc-end>
<cycle-end id="481" type="scavenge" contextid="475" timestamp="2019-06-16T22:21:25.766" />
  <attribute name="elasticGC enabled" value="1" />
  <attribute name= "numThreadsSpecified" value="4" />
  <attribute name="heapSize specified" value="8388608" />
  <attribute name="Current GC Util" value="0" />
  <attribute name= "Current Time Running" value="25841" />
  <attribute name ="GC Interval" value="200" />
  <attribute name="ProportionalT" value="-10.000000" />
  <attribute name="ProportionalI" value="-10.000000" />
  <attribute name="ProportionalH" value="-10.000000" />
  <attribute name="Current Error" value="-20.000000" />
  <attribute name="IntegralT" value="-5510.000000" />
  <attribute name="IntegralI" value="-5510.000000" />
  <attribute name="IntegralH" value="-5510.000000" />
  <attribute name="DerivativeT" value="-0.036298" />
  <attribute name="DerivativeI" value="-0.036298" />
  <attribute name="DerivativeH" value="-0.036298" />
  <attribute name="Loop Time for DT" value="551.000000" />
  <attribute name="Output H" value="2092630016"/>
  <attribute name="Output I" value="200"/>
  <attribute name="Output T" value="4"/>
  <attribute name="Target GC Util Change" value ="20.000000" />
  <attribute name="Current GC Util Change" value="0.000000"/>
  <attribute name="GC Util currently" value="0" />
  <attribute name="CPU Util currently" value="3" />
<allocation-satisfied id="482" threadId="0000000002528000" bytesRequested="720" />
<af-end id="483" timestamp="2019-06-16T22:21:25.766" threadId="0000000002528988" success="true" from="nursery"/>
<exclusive-end id="484" timestamp="2019-06-16T22:21:25.766" durationms="3.774" />

<exclusive-start id="485" timestamp="2019-06-16T22:21:26.441" intervalms="678.254">
  <response-info timems="0.029" idlems="0.029" threads="0" lastid="0000000002519100" lastname="node-4" />
</exclusive-start>
<af-start id="486" threadId="0000000002519A88" totalBytesRequested="376" timestamp="2019-06-16T22:21:26.441" intervalms="678.241" type="nursery" />
<cycle-start id="487" type="scavenge" contextid="0" timestamp="2019-06-16T22:21:26.441" intervalms="678.381" />
<gc-start id="488" type="scavenge" contextid="487" timestamp="2019-06-16T22:21:26.441">
  <mem-info id="489" free="976752" total="8388608" percent="11">
    <mem type="nursery" free="0" total="2097152" percent="0">
      <mem type="allocate" free="0" total="1769472" percent="0" />
      <mem type="survivor" free="0" total="327680" percent="0" />
    </mem>
    <mem type="tenure" free="976752" total="6291456" percent="15">
      <mem type="soa" free="662384" total="5977088" percent="11" />
      <mem type="loa" free="314368" total="314368" percent="100" />
    </mem>
    <remembered-set count="142" />
  </mem-info>
</gc-start>
<allocation-stats totalBytes="1439256" >
  <allocated-bytes non-tlh="720" tlh="1438536" />
  <largest-consumer threadName="node-5" threadId="000000000251CD00" bytes="273368" />
</allocation-stats>
<gc-op id="490" type="scavenge" timems="2.577" contextid="487" timestamp="2019-06-16T22:21:26.444">
  <scavenger-info tenureage="2" tenuremask="7ffc" tiltratio="84" />
  <memory-copied type="nursery" objects="11545" bytes="277808" bytesdiscarded="49872" />
  <memory-copied type="tenure" objects="5547" bytes="133128" bytesdiscarded="0" />
</gc-op>
<gc-end id="491" type="scavenge" contextid="487" durationms="3.032" usertimems="0.000" systemtimems="4.000" timestamp="2019-06-16T22:21:26.444" activeThreads="4">
  <mem-info id="492" free="2270320" total="8388608" percent="27">
    <mem type="nursery" free="1441792" total="2097152" percent="68">
      <mem type="allocate" free="1441792" total="1769472" percent="81" />
      <mem type="survivor" free="0" total="327680" percent="0" />
    </mem>
    <mem type="tenure" free="828528" total="6291456" percent="13" macro-fragmented="0">
      <mem type="soa" free="514160" total="5977088" percent="8" />
      <mem type="loa" free="314368" total="314368" percent="100" />
    </mem>
    <remembered-set count="121" />
  </mem-info>
</gc-end>
<cycle-end id="493" type="scavenge" contextid="487" timestamp="2019-06-16T22:21:26.444" />
  <attribute name="elasticGC enabled" value="1" />
  <attribute name= "numThreadsSpecified" value="4" />
  <attribute name="heapSize specified" value="8388608" />
  <attribute name="Current GC Util" value="0" />
  <attribute name= "Current Time Running" value="26520" />
  <attribute name ="GC Interval" value="200" />
  <attribute name="ProportionalT" value="-10.000000" />
  <attribute name="ProportionalI" value="-10.000000" />
  <attribute name="ProportionalH" value="-10.000000" />
  <attribute name="Current Error" value="-20.000000" />
  <attribute name="IntegralT" value="-6790.000000" />
  <attribute name="IntegralI" value="-6790.000000" />
  <attribute name="IntegralH" value="-6790.000000" />
  <attribute name="DerivativeT" value="-0.029455" />
  <attribute name="DerivativeI" value="-0.029455" />
  <attribute name="DerivativeH" value="-0.029455" />
  <attribute name="Loop Time for DT" value="679.000000" />
  <attribute name="Output H" value="2092630016"/>
  <attribute name="Output I" value="200"/>
  <attribute name="Output T" value="4"/>
  <attribute name="Target GC Util Change" value ="20.000000" />
  <attribute name="Current GC Util Change" value="0.000000"/>
  <attribute name="GC Util currently" value="0" />
  <attribute name="CPU Util currently" value="2" />
<allocation-satisfied id="494" threadId="0000000002519100" bytesRequested="376" />
<af-end id="495" timestamp="2019-06-16T22:21:26.444" threadId="0000000002519A88" success="true" from="nursery"/>
<exclusive-end id="496" timestamp="2019-06-16T22:21:26.444" durationms="3.635" />

<exclusive-start id="497" timestamp="2019-06-16T22:21:27.064" intervalms="623.876">
  <response-info timems="0.026" idlems="0.026" threads="0" lastid="0000000002519100" lastname="node-4" />
</exclusive-start>
<af-start id="498" threadId="0000000002519A88" totalBytesRequested="24" timestamp="2019-06-16T22:21:27.064" intervalms="623.879" type="nursery" />
<cycle-start id="499" type="scavenge" contextid="0" timestamp="2019-06-16T22:21:27.065" intervalms="623.734" />
<gc-start id="500" type="scavenge" contextid="499" timestamp="2019-06-16T22:21:27.065">
  <mem-info id="501" free="828528" total="8388608" percent="9">
    <mem type="nursery" free="0" total="2097152" percent="0">
      <mem type="allocate" free="0" total="1769472" percent="0" />
      <mem type="survivor" free="0" total="327680" percent="0" />
    </mem>
    <mem type="tenure" free="828528" total="6291456" percent="13">
      <mem type="soa" free="514160" total="5977088" percent="8" />
      <mem type="loa" free="314368" total="314368" percent="100" />
    </mem>
    <remembered-set count="142" />
  </mem-info>
</gc-start>
<allocation-stats totalBytes="1440224" >
  <allocated-bytes non-tlh="376" tlh="1439848" />
  <largest-consumer threadName="node-5" threadId="000000000251CD00" bytes="273080" />
</allocation-stats>
<gc-op id="502" type="scavenge" timems="2.634" contextid="499" timestamp="2019-06-16T22:21:27.067">
  <scavenger-info tenureage="2" tenuremask="7ffc" tiltratio="84" />
  <memory-copied type="nursery" objects="11369" bytes="272616" bytesdiscarded="55064" />
  <memory-copied type="tenure" objects="6128" bytes="147072" bytesdiscarded="0" />
</gc-op>
<gc-end id="503" type="scavenge" contextid="499" durationms="3.003" usertimems="4.000" systemtimems="0.000" timestamp="2019-06-16T22:21:27.068" activeThreads="4">
  <mem-info id="504" free="2122096" total="8388608" percent="25">
    <mem type="nursery" free="1441792" total="2097152" percent="68">
      <mem type="allocate" free="1441792" total="1769472" percent="81" />
      <mem type="survivor" free="0" total="327680" percent="0" />
    </mem>
    <mem type="tenure" free="680304" total="6291456" percent="10" macro-fragmented="639630">
      <mem type="soa" free="365936" total="5977088" percent="6" />
      <mem type="loa" free="314368" total="314368" percent="100" />
    </mem>
    <remembered-set count="118" />
  </mem-info>
</gc-end>
<cycle-end id="505" type="scavenge" contextid="499" timestamp="2019-06-16T22:21:27.068" />
  <attribute name="elasticGC enabled" value="1" />
  <attribute name= "numThreadsSpecified" value="4" />
  <attribute name="heapSize specified" value="8388608" />
  <attribute name="Current GC Util" value="0" />
  <attribute name= "Current Time Running" value="27143" />
  <attribute name ="GC Interval" value="200" />
  <attribute name="ProportionalT" value="-10.000000" />
  <attribute name="ProportionalI" value="-10.000000" />
  <attribute name="ProportionalH" value="-10.000000" />
  <attribute name="Current Error" value="-20.000000" />
  <attribute name="IntegralT" value="-6230.000000" />
  <attribute name="IntegralI" value="-6230.000000" />
  <attribute name="IntegralH" value="-6230.000000" />
  <attribute name="DerivativeT" value="-0.032103" />
  <attribute name="DerivativeI" value="-0.032103" />
  <attribute name="DerivativeH" value="-0.032103" />
  <attribute name="Loop Time for DT" value="623.000000" />
  <attribute name="Output H" value="2092630016"/>
  <attribute name="Output I" value="200"/>
  <attribute name="Output T" value="4"/>
  <attribute name="Target GC Util Change" value ="20.000000" />
  <attribute name="Current GC Util Change" value="0.000000"/>
  <attribute name="GC Util currently" value="0" />
  <attribute name="CPU Util currently" value="1" />
<allocation-satisfied id="506" threadId="0000000002519100" bytesRequested="24" />
<af-end id="507" timestamp="2019-06-16T22:21:27.068" threadId="0000000002519A88" success="true" from="nursery"/>
<exclusive-end id="508" timestamp="2019-06-16T22:21:27.068" durationms="3.631" />

<exclusive-start id="509" timestamp="2019-06-16T22:21:27.685" intervalms="620.880">
  <response-info timems="0.031" idlems="0.031" threads="0" lastid="000000000251CD00" lastname="node-5" />
</exclusive-start>
<af-start id="510" threadId="000000000251D688" totalBytesRequested="32" timestamp="2019-06-16T22:21:27.685" intervalms="620.879" type="nursery" />
<cycle-start id="511" type="scavenge" contextid="0" timestamp="2019-06-16T22:21:27.685" intervalms="620.875" />
<gc-start id="512" type="scavenge" contextid="511" timestamp="2019-06-16T22:21:27.685">
  <mem-info id="513" free="680304" total="8388608" percent="8">
    <mem type="nursery" free="0" total="2097152" percent="0">
      <mem type="allocate" free="0" total="1769472" percent="0" />
      <mem type="survivor" free="0" total="327680" percent="0" />
    </mem>
    <mem type="tenure" free="680304" total="6291456" percent="10">
      <mem type="soa" free="365936" total="5977088" percent="6" />
      <mem type="loa" free="314368" total="314368" percent="100" />
    </mem>
    <remembered-set count="141" />
  </mem-info>
</gc-start>
<allocation-stats totalBytes="1441400" >
  <allocated-bytes non-tlh="24" tlh="1441376" />
  <largest-consumer threadName="node-4" threadId="0000000002519100" bytes="274352" />
</allocation-stats>
<gc-op id="514" type="scavenge" timems="2.599" contextid="511" timestamp="2019-06-16T22:21:27.688">
  <scavenger-info tenureage="2" tenuremask="7ffc" tiltratio="84" />
  <memory-copied type="nursery" objects="12001" bytes="287784" bytesdiscarded="39896" />
  <memory-copied type="tenure" objects="5380" bytes="129120" bytesdiscarded="0" />
</gc-op>
<gc-end id="515" type="scavenge" contextid="511" durationms="3.078" usertimems="4.000" systemtimems="0.000" timestamp="2019-06-16T22:21:27.689" activeThreads="4">
  <mem-info id="516" free="1973872" total="8388608" percent="23">
    <mem type="nursery" free="1441792" total="2097152" percent="68">
      <mem type="allocate" free="1441792" total="1769472" percent="81" />
      <mem type="survivor" free="0" total="327680" percent="0" />
    </mem>
    <mem type="tenure" free="532080" total="6291456" percent="8" macro-fragmented="0">
      <mem type="soa" free="217712" total="5977088" percent="3" />
      <mem type="loa" free="314368" total="314368" percent="100" />
    </mem>
    <remembered-set count="118" />
  </mem-info>
</gc-end>
<cycle-end id="517" type="scavenge" contextid="511" timestamp="2019-06-16T22:21:27.689" />
  <attribute name="elasticGC enabled" value="1" />
  <attribute name= "numThreadsSpecified" value="4" />
  <attribute name="heapSize specified" value="8388608" />
  <attribute name="Current GC Util" value="0" />
  <attribute name= "Current Time Running" value="27764" />
  <attribute name ="GC Interval" value="200" />
  <attribute name="ProportionalT" value="-10.000000" />
  <attribute name="ProportionalI" value="-10.000000" />
  <attribute name="ProportionalH" value="-10.000000" />
  <attribute name="Current Error" value="-20.000000" />
  <attribute name="IntegralT" value="-6210.000000" />
  <attribute name="IntegralI" value="-6210.000000" />
  <attribute name="IntegralH" value="-6210.000000" />
  <attribute name="DerivativeT" value="-0.032206" />
  <attribute name="DerivativeI" value="-0.032206" />
  <attribute name="DerivativeH" value="-0.032206" />
  <attribute name="Loop Time for DT" value="621.000000" />
  <attribute name="Output H" value="2092630016"/>
  <attribute name="Output I" value="200"/>
  <attribute name="Output T" value="4"/>
  <attribute name="Target GC Util Change" value ="20.000000" />
  <attribute name="Current GC Util Change" value="0.000000"/>
  <attribute name="GC Util currently" value="0" />
  <attribute name="CPU Util currently" value="1" />
<allocation-satisfied id="518" threadId="000000000251CD00" bytesRequested="32" />
<af-end id="519" timestamp="2019-06-16T22:21:27.689" threadId="000000000251D688" success="true" from="nursery"/>
<exclusive-end id="520" timestamp="2019-06-16T22:21:27.689" durationms="3.534" />

<concurrent-kickoff id="521" timestamp="2019-06-16T22:21:28.201">
  <kickoff reason="threshold reached" targetBytes="1867303" thresholdFreeBytes="258006"  remainingFree="237536" tenureFreeBytes="532080" nurseryFreeBytes="237536" />
</concurrent-kickoff>
<exclusive-start id="522" timestamp="2019-06-16T22:21:28.201" intervalms="515.445">
  <response-info timems="0.031" idlems="0.017" threads="1" lastid="0000000002524500" lastname="node-3" />
</exclusive-start>
<cycle-start id="523" type="global" contextid="0" timestamp="2019-06-16T22:21:28.201" intervalms="16498.672" />
<exclusive-end id="524" timestamp="2019-06-16T22:21:28.201" durationms="0.120" />

<exclusive-start id="525" timestamp="2019-06-16T22:21:28.360" intervalms="158.975">
  <response-info timems="0.054" idlems="0.054" threads="0" lastid="0000000002519100" lastname="node-4" />
</exclusive-start>
<af-start id="526" threadId="0000000002519A88" totalBytesRequested="720" timestamp="2019-06-16T22:21:28.360" intervalms="674.410" type="nursery" />
<cycle-start id="527" type="scavenge" contextid="0" timestamp="2019-06-16T22:21:28.360" intervalms="674.407" />
<gc-start id="528" type="scavenge" contextid="527" timestamp="2019-06-16T22:21:28.360">
  <mem-info id="529" free="532080" total="8388608" percent="6">
    <mem type="nursery" free="0" total="2097152" percent="0">
      <mem type="allocate" free="0" total="1769472" percent="0" />
      <mem type="survivor" free="0" total="327680" percent="0" />
    </mem>
    <mem type="tenure" free="532080" total="6291456" percent="8">
      <mem type="soa" free="217712" total="5977088" percent="3" />
      <mem type="loa" free="314368" total="314368" percent="100" />
    </mem>
    <remembered-set count="142" />
  </mem-info>
</gc-start>
<allocation-stats totalBytes="1439824" >
  <allocated-bytes non-tlh="32" tlh="1439792" />
  <largest-consumer threadName="node-5" threadId="000000000251CD00" bytes="274032" />
</allocation-stats>
<gc-op id="530" type="scavenge" timems="1.111" contextid="527" timestamp="2019-06-16T22:21:28.361">
  <scavenger-info tenureage="2" tenuremask="7ffc" tiltratio="84" />
  <memory-copied type="nursery" objects="11489" bytes="276568" bytesdiscarded="51112" />
  <memory-copied type="tenure" objects="5959" bytes="143016" bytesdiscarded="0" />
</gc-op>
<gc-end id="531" type="scavenge" contextid="527" durationms="1.541" usertimems="0.000" systemtimems="0.000" timestamp="2019-06-16T22:21:28.361" activeThreads="4">
  <mem-info id="532" free="1817200" total="8388608" percent="21">
    <mem type="nursery" free="1441792" total="2097152" percent="68">
      <mem type="allocate" free="1441792" total="1769472" percent="81" />
      <mem type="survivor" free="0" total="327680" percent="0" />
    </mem>
    <mem type="tenure" free="375408" total="6291456" percent="5" macro-fragmented="168253">
      <mem type="soa" free="61040" total="5977088" percent="1" />
      <mem type="loa" free="314368" total="314368" percent="100" />
    </mem>
    <remembered-set count="121" />
  </mem-info>
</gc-end>
<cycle-end id="533" type="scavenge" contextid="527" timestamp="2019-06-16T22:21:28.361" />
  <attribute name="elasticGC enabled" value="1" />
  <attribute name= "numThreadsSpecified" value="4" />
  <attribute name="heapSize specified" value="8388608" />
  <attribute name="Current GC Util" value="0" />
  <attribute name= "Current Time Running" value="28439" />
  <attribute name ="GC Interval" value="200" />
  <attribute name="ProportionalT" value="-10.000000" />
  <attribute name="ProportionalI" value="-10.000000" />
  <attribute name="ProportionalH" value="-10.000000" />
  <attribute name="Current Error" value="-20.000000" />
  <attribute name="IntegralT" value="-6750.000000" />
  <attribute name="IntegralI" value="-6750.000000" />
  <attribute name="IntegralH" value="-6750.000000" />
  <attribute name="DerivativeT" value="-0.029630" />
  <attribute name="DerivativeI" value="-0.029630" />
  <attribute name="DerivativeH" value="-0.029630" />
  <attribute name="Loop Time for DT" value="675.000000" />
  <attribute name="Output H" value="2092630016"/>
  <attribute name="Output I" value="200"/>
  <attribute name="Output T" value="4"/>
  <attribute name="Target GC Util Change" value ="20.000000" />
  <attribute name="Current GC Util Change" value="0.000000"/>
  <attribute name="GC Util currently" value="0" />
  <attribute name="CPU Util currently" value="1" />
<allocation-satisfied id="534" threadId="0000000002519100" bytesRequested="720" />
<af-end id="535" timestamp="2019-06-16T22:21:28.362" threadId="0000000002519A88" success="true" from="nursery"/>
<exclusive-end id="536" timestamp="2019-06-16T22:21:28.362" durationms="1.937" />

<exclusive-start id="537" timestamp="2019-06-16T22:21:28.980" intervalms="620.628">
  <response-info timems="0.032" idlems="0.032" threads="0" lastid="000000000251CD00" lastname="node-5" />
</exclusive-start>
<concurrent-collection-start id="538" timestamp="2019-06-16T22:21:28.980" intervalms="29182.827" >
  <concurrent-trace-info reason="card cleaning threshold reached" tracedByMutators="341768" tracedByHelpers="1204576" cardsCleaned="56" workStackOverflowCount="0" />
</concurrent-collection-start>
<gc-start id="539" type="global" contextid="523" timestamp="2019-06-16T22:21:28.980">
  <mem-info id="540" free="375408" total="8388608" percent="4">
    <mem type="nursery" free="0" total="2097152" percent="0">
      <mem type="allocate" free="0" total="1769472" percent="0" />
      <mem type="survivor" free="0" total="327680" percent="0" />
    </mem>
    <mem type="tenure" free="375408" total="6291456" percent="5">
      <mem type="soa" free="61040" total="5977088" percent="1" />
      <mem type="loa" free="314368" total="314368" percent="100" />
    </mem>
    <remembered-set count="141" />
  </mem-info>
</gc-start>
<allocation-stats totalBytes="1441304" >
  <allocated-bytes non-tlh="720" tlh="1440584" />
  <largest-consumer threadName="node-5" threadId="000000000251CD00" bytes="273552" />
</allocation-stats>
<gc-op id="541" type="rs-scan" timems="1.494" contextid="523" timestamp="2019-06-16T22:21:28.982">
  <scan objectsFound="41" bytesTraced="4176" workStackOverflowCount="0" />
</gc-op>
<gc-op id="542" type="card-cleaning" timems="1.212" contextid="523" timestamp="2019-06-16T22:21:28.983">
  <card-cleaning cardsCleaned="26" bytesTraced="55040" workStackOverflowCount="0" />
</gc-op>
<gc-op id="543" type="mark" timems="5.348" contextid="523" timestamp="2019-06-16T22:21:28.989">
  <trace-info objectcount="230" scancount="189" scanbytes="5072" />
  <finalization candidates="13" enqueued="0" />
  <references type="soft" candidates="66" cleared="0" enqueued="0" dynamicThreshold="28" maxThreshold="32" />
  <references type="weak" candidates="130" cleared="0" enqueued="0" />
  <references type="phantom" candidates="32" cleared="2" enqueued="2" />
  <stringconstants candidates="3831" cleared="0"  />
</gc-op>
<gc-op id="544" type="sweep" timems="1.702" contextid="523" timestamp="2019-06-16T22:21:28.991" />
<mem-info id="545" free="5720144" total="8388608" percent="68">
  <mem type="nursery" free="1768408" total="2097152" percent="84">
    <mem type="allocate" free="1768408" total="1769472" percent="99" />
    <mem type="survivor" free="0" total="327680" percent="0" />
  </mem>
  <mem type="tenure" free="3951736" total="6291456" percent="62" micro-fragmented="1283" macro-fragmented="3110739">
    <mem type="soa" free="3637368" total="5977088" percent="60" />
    <mem type="loa" free="314368" total="314368" percent="100" />
  </mem>
  <pending-finalizers system="0" default="0" reference="2" classloader="0" />
  <remembered-set count="140" />
</mem-info>
<gc-op id="546" type="compact" timems="18.120" contextid="523" timestamp="2019-06-16T22:21:29.009">
  <compact-info movecount="34762" movebytes="1812128" reason="compact to aid heap contraction" />
</gc-op>
<gc-end id="547" type="global" contextid="523" durationms="29.583" usertimems="20.000" systemtimems="8.000" timestamp="2019-06-16T22:21:29.010" activeThreads="4">
  <mem-info id="548" free="5721016" total="8388608" percent="68">
    <mem type="nursery" free="1768840" total="2097152" percent="84">
      <mem type="allocate" free="1768840" total="1769472" percent="99" />
      <mem type="survivor" free="0" total="327680" percent="0" />
    </mem>
    <mem type="tenure" free="3952176" total="6291456" percent="62">
      <mem type="soa" free="3637808" total="5977088" percent="60" />
      <mem type="loa" free="314368" total="314368" percent="100" />
    </mem>
    <pending-finalizers system="0" default="0" reference="2" classloader="0" />
    <remembered-set count="140" />
  </mem-info>
</gc-end>
<cycle-end id="549" type="global" contextid="523" timestamp="2019-06-16T22:21:29.010" />
  <attribute name="elasticGC enabled" value="1" />
  <attribute name= "numThreadsSpecified" value="4" />
  <attribute name="heapSize specified" value="8388608" />
  <attribute name="Current GC Util" value="95" />
  <attribute name= "Current Time Running" value="29088" />
  <attribute name ="GC Interval" value="200" />
  <attribute name="ProportionalT" value="37.500000" />
  <attribute name="ProportionalI" value="37.500000" />
  <attribute name="ProportionalH" value="37.500000" />
  <attribute name="Current Error" value="75.000000" />
  <attribute name="IntegralT" value="675.000000" />
  <attribute name="IntegralI" value="675.000000" />
  <attribute name="IntegralH" value="675.000000" />
  <attribute name="DerivativeT" value="0.888889" />
  <attribute name="DerivativeI" value="0.888889" />
  <attribute name="DerivativeH" value="0.888889" />
  <attribute name="Loop Time for DT" value="18.000000" />
  <attribute name="Output H" value="8388608"/>
  <attribute name="Output I" value="720"/>
  <attribute name="Output T" value="4"/>
  <attribute name="Target GC Util Change" value ="20.000000" />
  <attribute name="Current GC Util Change" value="95.000000"/>
  <attribute name="GC Util currently" value="95" />
  <attribute name="CPU Util currently" value="252422742674" />
<concurrent-collection-end id="550" timestamp="2019-06-16T22:21:29.010" />
<exclusive-end id="551" timestamp="2019-06-16T22:21:29.011" durationms="30.232" />

<exclusive-start id="552" timestamp="2019-06-16T22:21:29.711" intervalms="730.945">
  <response-info timems="0.034" idlems="0.034" threads="0" lastid="000000000251CD00" lastname="node-5" />
</exclusive-start>
<af-start id="553" threadId="000000000251D688" totalBytesRequested="32" timestamp="2019-06-16T22:21:29.712" intervalms="1351.909" type="nursery" />
<cycle-start id="554" type="scavenge" contextid="0" timestamp="2019-06-16T22:21:29.712" intervalms="1351.915" />
<gc-start id="555" type="scavenge" contextid="554" timestamp="2019-06-16T22:21:29.712">
  <mem-info id="556" free="3952176" total="8388608" percent="47">
    <mem type="nursery" free="0" total="2097152" percent="0">
      <mem type="allocate" free="0" total="1769472" percent="0" />
      <mem type="survivor" free="0" total="327680" percent="0" />
    </mem>
    <mem type="tenure" free="3952176" total="6291456" percent="62">
      <mem type="soa" free="3637808" total="5977088" percent="60" />
      <mem type="loa" free="314368" total="314368" percent="100" />
    </mem>
    <remembered-set count="143" />
  </mem-info>
</gc-start>
<allocation-stats totalBytes="1768016" >
  <allocated-bytes non-tlh="0" tlh="1768016" />
  <largest-consumer threadName="node-4" threadId="0000000002519100" bytes="335152" />
</allocation-stats>
<gc-op id="557" type="scavenge" timems="0.193" contextid="554" timestamp="2019-06-16T22:21:29.712">
  <scavenger-info tenureage="2" tenuremask="7ffc" tiltratio="84" />
  <memory-copied type="nursery" objects="35" bytes="600" bytesdiscarded="77736" />
</gc-op>
<gc-end id="558" type="scavenge" contextid="554" durationms="0.574" usertimems="0.000" systemtimems="0.000" timestamp="2019-06-16T22:21:29.712" activeThreads="4">
  <mem-info id="559" free="5643312" total="8388608" percent="67">
    <mem type="nursery" free="1691136" total="2097152" percent="80">
      <mem type="allocate" free="1691136" total="1769472" percent="95" />
      <mem type="survivor" free="0" total="327680" percent="0" />
    </mem>
    <mem type="tenure" free="3952176" total="6291456" percent="62" macro-fragmented="2592282">
      <mem type="soa" free="3637808" total="5977088" percent="60" />
      <mem type="loa" free="314368" total="314368" percent="100" />
    </mem>
    <remembered-set count="119" />
  </mem-info>
</gc-end>
<cycle-end id="560" type="scavenge" contextid="554" timestamp="2019-06-16T22:21:29.712" />
  <attribute name="elasticGC enabled" value="1" />
  <attribute name= "numThreadsSpecified" value="4" />
  <attribute name="heapSize specified" value="8388608" />
  <attribute name="Current GC Util" value="0" />
  <attribute name= "Current Time Running" value="29791" />
  <attribute name ="GC Interval" value="200" />
  <attribute name="ProportionalT" value="-10.000000" />
  <attribute name="ProportionalI" value="-10.000000" />
  <attribute name="ProportionalH" value="-10.000000" />
  <attribute name="Current Error" value="-20.000000" />
  <attribute name="IntegralT" value="-7030.000000" />
  <attribute name="IntegralI" value="-7030.000000" />
  <attribute name="IntegralH" value="-7030.000000" />
  <attribute name="DerivativeT" value="-0.135135" />
  <attribute name="DerivativeI" value="-0.135135" />
  <attribute name="DerivativeH" value="-0.135135" />
  <attribute name="Loop Time for DT" value="703.000000" />
  <attribute name="Output H" value="2092630016"/>
  <attribute name="Output I" value="200"/>
  <attribute name="Output T" value="4"/>
  <attribute name="Target GC Util Change" value ="20.000000" />
  <attribute name="Current GC Util Change" value="0.000000"/>
  <attribute name="GC Util currently" value="0" />
  <attribute name="CPU Util currently" value="2" />
<allocation-satisfied id="561" threadId="000000000251CD00" bytesRequested="32" />
<af-end id="562" timestamp="2019-06-16T22:21:29.713" threadId="000000000251D688" success="true" from="nursery"/>
<exclusive-end id="563" timestamp="2019-06-16T22:21:29.713" durationms="1.456" />

<exclusive-start id="564" timestamp="2019-06-16T22:21:30.396" intervalms="685.050">
  <response-info timems="0.027" idlems="0.027" threads="0" lastid="0000000002528000" lastname="node-0" />
</exclusive-start>
<af-start id="565" threadId="0000000002528988" totalBytesRequested="720" timestamp="2019-06-16T22:21:30.396" intervalms="684.730" type="nursery" />
<cycle-start id="566" type="scavenge" contextid="0" timestamp="2019-06-16T22:21:30.396" intervalms="684.731" />
<gc-start id="567" type="scavenge" contextid="566" timestamp="2019-06-16T22:21:30.397">
  <mem-info id="568" free="3952176" total="8388608" percent="47">
    <mem type="nursery" free="0" total="2097152" percent="0">
      <mem type="allocate" free="0" total="1769472" percent="0" />
      <mem type="survivor" free="0" total="327680" percent="0" />
    </mem>
    <mem type="tenure" free="3952176" total="6291456" percent="62">
      <mem type="soa" free="3637808" total="5977088" percent="60" />
      <mem type="loa" free="314368" total="314368" percent="100" />
    </mem>
    <remembered-set count="142" />
  </mem-info>
</gc-start>
<allocation-stats totalBytes="1689160" >
  <allocated-bytes non-tlh="32" tlh="1689128" />
  <largest-consumer threadName="node-4" threadId="0000000002519100" bytes="315224" />
</allocation-stats>
<gc-op id="569" type="scavenge" timems="0.220" contextid="566" timestamp="2019-06-16T22:21:30.397">
  <scavenger-info tenureage="4" tenuremask="7ff0" tiltratio="84" />
  <memory-copied type="nursery" objects="56" bytes="3864" bytesdiscarded="74472" />
</gc-op>
<gc-end id="570" type="scavenge" contextid="566" durationms="0.607" usertimems="0.000" systemtimems="0.000" timestamp="2019-06-16T22:21:30.397" activeThreads="4">
  <mem-info id="571" free="5708848" total="8388608" percent="68">
    <mem type="nursery" free="1756672" total="2097152" percent="83">
      <mem type="allocate" free="1756672" total="1835008" percent="95" />
      <mem type="survivor" free="0" total="262144" percent="0" />
    </mem>
    <mem type="tenure" free="3952176" total="6291456" percent="62" macro-fragmented="2592282">
      <mem type="soa" free="3637808" total="5977088" percent="60" />
      <mem type="loa" free="314368" total="314368" percent="100" />
    </mem>
    <remembered-set count="125" />
  </mem-info>
</gc-end>
<cycle-end id="572" type="scavenge" contextid="566" timestamp="2019-06-16T22:21:30.397" />
  <attribute name="elasticGC enabled" value="1" />
  <attribute name= "numThreadsSpecified" value="4" />
  <attribute name="heapSize specified" value="8388608" />
  <attribute name="Current GC Util" value="0" />
  <attribute name= "Current Time Running" value="30475" />
  <attribute name ="GC Interval" value="200" />
  <attribute name="ProportionalT" value="-10.000000" />
  <attribute name="ProportionalI" value="-10.000000" />
  <attribute name="ProportionalH" value="-10.000000" />
  <attribute name="Current Error" value="-20.000000" />
  <attribute name="IntegralT" value="-6840.000000" />
  <attribute name="IntegralI" value="-6840.000000" />
  <attribute name="IntegralH" value="-6840.000000" />
  <attribute name="DerivativeT" value="-0.029240" />
  <attribute name="DerivativeI" value="-0.029240" />
  <attribute name="DerivativeH" value="-0.029240" />
  <attribute name="Loop Time for DT" value="684.000000" />
  <attribute name="Output H" value="2092630016"/>
  <attribute name="Output I" value="200"/>
  <attribute name="Output T" value="4"/>
  <attribute name="Target GC Util Change" value ="20.000000" />
  <attribute name="Current GC Util Change" value="0.000000"/>
  <attribute name="GC Util currently" value="0" />
  <attribute name="CPU Util currently" value="2" />
<allocation-satisfied id="573" threadId="0000000002528000" bytesRequested="720" />
<af-end id="574" timestamp="2019-06-16T22:21:30.397" threadId="0000000002528988" success="true" from="nursery"/>
<exclusive-end id="575" timestamp="2019-06-16T22:21:30.397" durationms="1.010" />

<exclusive-start id="576" timestamp="2019-06-16T22:21:31.129" intervalms="732.824">
  <response-info timems="0.025" idlems="0.025" threads="0" lastid="0000000002519100" lastname="node-4" />
</exclusive-start>
<af-start id="577" threadId="0000000002519A88" totalBytesRequested="376" timestamp="2019-06-16T22:21:31.129" intervalms="732.807" type="nursery" />
<cycle-start id="578" type="scavenge" contextid="0" timestamp="2019-06-16T22:21:31.129" intervalms="732.798" />
<gc-start id="579" type="scavenge" contextid="578" timestamp="2019-06-16T22:21:31.129">
  <mem-info id="580" free="3952176" total="8388608" percent="47">
    <mem type="nursery" free="0" total="2097152" percent="0">
      <mem type="allocate" free="0" total="1835008" percent="0" />
      <mem type="survivor" free="0" total="262144" percent="0" />
    </mem>
    <mem type="tenure" free="3952176" total="6291456" percent="62">
      <mem type="soa" free="3637808" total="5977088" percent="60" />
      <mem type="loa" free="314368" total="314368" percent="100" />
    </mem>
    <remembered-set count="142" />
  </mem-info>
</gc-start>
<allocation-stats totalBytes="1755544" >
  <allocated-bytes non-tlh="720" tlh="1754824" />
  <largest-consumer threadName="node-5" threadId="000000000251CD00" bytes="315336" />
</allocation-stats>
<gc-op id="581" type="scavenge" timems="0.201" contextid="578" timestamp="2019-06-16T22:21:31.130">
  <scavenger-info tenureage="5" tenuremask="7fe0" tiltratio="87" />
  <memory-copied type="nursery" objects="45" bytes="2616" bytesdiscarded="75720" />
</gc-op>
<gc-end id="582" type="scavenge" contextid="578" durationms="0.588" usertimems="0.000" systemtimems="0.000" timestamp="2019-06-16T22:21:31.130" activeThreads="4">
  <mem-info id="583" free="5708848" total="8388608" percent="68">
    <mem type="nursery" free="1756672" total="2097152" percent="83">
      <mem type="allocate" free="1756672" total="1835008" percent="95" />
      <mem type="survivor" free="0" total="262144" percent="0" />
    </mem>
    <mem type="tenure" free="3952176" total="6291456" percent="62" macro-fragmented="2160235">
      <mem type="soa" free="3637808" total="5977088" percent="60" />
      <mem type="loa" free="314368" total="314368" percent="100" />
    </mem>
    <remembered-set count="120" />
  </mem-info>
</gc-end>
<cycle-end id="584" type="scavenge" contextid="578" timestamp="2019-06-16T22:21:31.130" />
  <attribute name="elasticGC enabled" value="1" />
  <attribute name= "numThreadsSpecified" value="4" />
  <attribute name="heapSize specified" value="8388608" />
  <attribute name="Current GC Util" value="0" />
  <attribute name= "Current Time Running" value="31208" />
  <attribute name ="GC Interval" value="200" />
  <attribute name="ProportionalT" value="-10.000000" />
  <attribute name="ProportionalI" value="-10.000000" />
  <attribute name="ProportionalH" value="-10.000000" />
  <attribute name="Current Error" value="-20.000000" />
  <attribute name="IntegralT" value="-7330.000000" />
  <attribute name="IntegralI" value="-7330.000000" />
  <attribute name="IntegralH" value="-7330.000000" />
  <attribute name="DerivativeT" value="-0.027285" />
  <attribute name="DerivativeI" value="-0.027285" />
  <attribute name="DerivativeH" value="-0.027285" />
  <attribute name="Loop Time for DT" value="733.000000" />
  <attribute name="Output H" value="2092630016"/>
  <attribute name="Output I" value="200"/>
  <attribute name="Output T" value="4"/>
  <attribute name="Target GC Util Change" value ="20.000000" />
  <attribute name="Current GC Util Change" value="0.000000"/>
  <attribute name="GC Util currently" value="0" />
  <attribute name="CPU Util currently" value="1" />
<allocation-satisfied id="585" threadId="0000000002519100" bytesRequested="376" />
<af-end id="586" timestamp="2019-06-16T22:21:31.130" threadId="0000000002519A88" success="true" from="nursery"/>
<exclusive-end id="587" timestamp="2019-06-16T22:21:31.130" durationms="0.958" />

<exclusive-start id="588" timestamp="2019-06-16T22:21:31.867" intervalms="737.450">
  <response-info timems="0.029" idlems="0.029" threads="0" lastid="0000000002520900" lastname="node-2" />
</exclusive-start>
<af-start id="589" threadId="0000000002521288" totalBytesRequested="24" timestamp="2019-06-16T22:21:31.867" intervalms="737.474" type="nursery" />
<cycle-start id="590" type="scavenge" contextid="0" timestamp="2019-06-16T22:21:31.867" intervalms="737.488" />
<gc-start id="591" type="scavenge" contextid="590" timestamp="2019-06-16T22:21:31.867">
  <mem-info id="592" free="3952176" total="8388608" percent="47">
    <mem type="nursery" free="0" total="2097152" percent="0">
      <mem type="allocate" free="0" total="1835008" percent="0" />
      <mem type="survivor" free="0" total="262144" percent="0" />
    </mem>
    <mem type="tenure" free="3952176" total="6291456" percent="62">
      <mem type="soa" free="3637808" total="5977088" percent="60" />
      <mem type="loa" free="314368" total="314368" percent="100" />
    </mem>
    <remembered-set count="140" />
  </mem-info>
</gc-start>
<allocation-stats totalBytes="1755368" >
  <allocated-bytes non-tlh="376" tlh="1754992" />
  <largest-consumer threadName="node-4" threadId="0000000002519100" bytes="315712" />
</allocation-stats>
<gc-op id="593" type="scavenge" timems="1.742" contextid="590" timestamp="2019-06-16T22:21:31.869">
  <scavenger-info tenureage="6" tenuremask="7fc0" tiltratio="87" />
  <memory-copied type="nursery" objects="47" bytes="1984" bytesdiscarded="37184" />
</gc-op>
<gc-end id="594" type="scavenge" contextid="590" durationms="2.000" usertimems="0.000" systemtimems="0.000" timestamp="2019-06-16T22:21:31.869" activeThreads="4">
  <mem-info id="595" free="5748016" total="8388608" percent="68">
    <mem type="nursery" free="1795840" total="2097152" percent="85">
      <mem type="allocate" free="1795840" total="1835008" percent="97" />
      <mem type="survivor" free="0" total="262144" percent="0" />
    </mem>
    <mem type="tenure" free="3952176" total="6291456" percent="62" macro-fragmented="2592282">
      <mem type="soa" free="3637808" total="5977088" percent="60" />
      <mem type="loa" free="314368" total="314368" percent="100" />
    </mem>
    <remembered-set count="121" />
  </mem-info>
</gc-end>
<cycle-end id="596" type="scavenge" contextid="590" timestamp="2019-06-16T22:21:31.869" />
  <attribute name="elasticGC enabled" value="1" />
  <attribute name= "numThreadsSpecified" value="4" />
  <attribute name="heapSize specified" value="8388608" />
  <attribute name="Current GC Util" value="0" />
  <attribute name= "Current Time Running" value="31946" />
  <attribute name ="GC Interval" value="200" />
  <attribute name="ProportionalT" value="-10.000000" />
  <attribute name="ProportionalI" value="-10.000000" />
  <attribute name="ProportionalH" value="-10.000000" />
  <attribute name="Current Error" value="-20.000000" />
  <attribute name="IntegralT" value="-7380.000000" />
  <attribute name="IntegralI" value="-7380.000000" />
  <attribute name="IntegralH" value="-7380.000000" />
  <attribute name="DerivativeT" value="-0.027100" />
  <attribute name="DerivativeI" value="-0.027100" />
  <attribute name="DerivativeH" value="-0.027100" />
  <attribute name="Loop Time for DT" value="738.000000" />
  <attribute name="Output H" value="2092630016"/>
  <attribute name="Output I" value="200"/>
  <attribute name="Output T" value="4"/>
  <attribute name="Target GC Util Change" value ="20.000000" />
  <attribute name="Current GC Util Change" value="0.000000"/>
  <attribute name="GC Util currently" value="0" />
  <attribute name="CPU Util currently" value="0" />
<allocation-satisfied id="597" threadId="0000000002520900" bytesRequested="24" />
<af-end id="598" timestamp="2019-06-16T22:21:31.869" threadId="0000000002521288" success="true" from="nursery"/>
<exclusive-end id="599" timestamp="2019-06-16T22:21:31.869" durationms="2.724" />

<exclusive-start id="600" timestamp="2019-06-16T22:21:32.706" intervalms="839.836">
  <response-info timems="0.035" idlems="0.035" threads="0" lastid="0000000002524500" lastname="node-3" />
</exclusive-start>
<af-start id="601" threadId="0000000002524E88" totalBytesRequested="24" timestamp="2019-06-16T22:21:32.707" intervalms="839.830" type="nursery" />
<cycle-start id="602" type="scavenge" contextid="0" timestamp="2019-06-16T22:21:32.707" intervalms="839.833" />
<gc-start id="603" type="scavenge" contextid="602" timestamp="2019-06-16T22:21:32.707">
  <mem-info id="604" free="3952176" total="8388608" percent="47">
    <mem type="nursery" free="0" total="2097152" percent="0">
      <mem type="allocate" free="0" total="1835008" percent="0" />
      <mem type="survivor" free="0" total="262144" percent="0" />
    </mem>
    <mem type="tenure" free="3952176" total="6291456" percent="62">
      <mem type="soa" free="3637808" total="5977088" percent="60" />
      <mem type="loa" free="314368" total="314368" percent="100" />
    </mem>
    <remembered-set count="140" />
  </mem-info>
</gc-start>
<allocation-stats totalBytes="1795160" >
  <allocated-bytes non-tlh="24" tlh="1795136" />
  <largest-consumer threadName="node-5" threadId="000000000251CD00" bytes="315344" />
</allocation-stats>
<gc-op id="605" type="scavenge" timems="1.930" contextid="602" timestamp="2019-06-16T22:21:32.709">
  <scavenger-info tenureage="7" tenuremask="7f80" tiltratio="87" />
  <memory-copied type="nursery" objects="33" bytes="552" bytesdiscarded="38616" />
</gc-op>
<gc-end id="606" type="scavenge" contextid="602" durationms="2.343" usertimems="0.000" systemtimems="4.000" timestamp="2019-06-16T22:21:32.709" activeThreads="4">
  <mem-info id="607" free="5748016" total="8388608" percent="68">
    <mem type="nursery" free="1795840" total="2097152" percent="85">
      <mem type="allocate" free="1795840" total="1835008" percent="97" />
      <mem type="survivor" free="0" total="262144" percent="0" />
    </mem>
    <mem type="tenure" free="3952176" total="6291456" percent="62" macro-fragmented="1800196">
      <mem type="soa" free="3637808" total="5977088" percent="60" />
      <mem type="loa" free="314368" total="314368" percent="100" />
    </mem>
    <remembered-set count="117" />
  </mem-info>
</gc-end>
<cycle-end id="608" type="scavenge" contextid="602" timestamp="2019-06-16T22:21:32.709" />
  <attribute name="elasticGC enabled" value="1" />
  <attribute name= "numThreadsSpecified" value="4" />
  <attribute name="heapSize specified" value="8388608" />
  <attribute name="Current GC Util" value="0" />
  <attribute name= "Current Time Running" value="32785" />
  <attribute name ="GC Interval" value="200" />
  <attribute name="ProportionalT" value="-10.000000" />
  <attribute name="ProportionalI" value="-10.000000" />
  <attribute name="ProportionalH" value="-10.000000" />
  <attribute name="Current Error" value="-20.000000" />
  <attribute name="IntegralT" value="-8390.000000" />
  <attribute name="IntegralI" value="-8390.000000" />
  <attribute name="IntegralH" value="-8390.000000" />
  <attribute name="DerivativeT" value="-0.023838" />
  <attribute name="DerivativeI" value="-0.023838" />
  <attribute name="DerivativeH" value="-0.023838" />
  <attribute name="Loop Time for DT" value="839.000000" />
  <attribute name="Output H" value="2092630016"/>
  <attribute name="Output I" value="200"/>
  <attribute name="Output T" value="4"/>
  <attribute name="Target GC Util Change" value ="20.000000" />
  <attribute name="Current GC Util Change" value="0.000000"/>
  <attribute name="GC Util currently" value="0" />
  <attribute name="CPU Util currently" value="5" />
<allocation-satisfied id="609" threadId="0000000002524500" bytesRequested="24" />
<af-end id="610" timestamp="2019-06-16T22:21:32.710" threadId="0000000002524E88" success="true" from="nursery"/>
<exclusive-end id="611" timestamp="2019-06-16T22:21:32.710" durationms="3.405" />

<exclusive-start id="612" timestamp="2019-06-16T22:21:33.423" intervalms="716.592">
  <response-info timems="0.049" idlems="0.049" threads="0" lastid="0000000002515500" lastname="node-1" />
</exclusive-start>
<af-start id="613" threadId="0000000002515E88" totalBytesRequested="32" timestamp="2019-06-16T22:21:33.423" intervalms="716.580" type="nursery" />
<cycle-start id="614" type="scavenge" contextid="0" timestamp="2019-06-16T22:21:33.423" intervalms="716.567" />
<gc-start id="615" type="scavenge" contextid="614" timestamp="2019-06-16T22:21:33.423">
  <mem-info id="616" free="3952176" total="8388608" percent="47">
    <mem type="nursery" free="0" total="2097152" percent="0">
      <mem type="allocate" free="0" total="1835008" percent="0" />
      <mem type="survivor" free="0" total="262144" percent="0" />
    </mem>
    <mem type="tenure" free="3952176" total="6291456" percent="62">
      <mem type="soa" free="3637808" total="5977088" percent="60" />
      <mem type="loa" free="314368" total="314368" percent="100" />
    </mem>
    <remembered-set count="140" />
  </mem-info>
</gc-start>
<allocation-stats totalBytes="1794832" >
  <allocated-bytes non-tlh="24" tlh="1794808" />
  <largest-consumer threadName="node-2" threadId="0000000002520900" bytes="315344" />
</allocation-stats>
<gc-op id="617" type="scavenge" timems="0.206" contextid="614" timestamp="2019-06-16T22:21:33.424">
  <scavenger-info tenureage="8" tenuremask="7f00" tiltratio="87" />
  <memory-copied type="nursery" objects="46" bytes="2048" bytesdiscarded="76288" />
</gc-op>
<gc-end id="618" type="scavenge" contextid="614" durationms="0.582" usertimems="0.000" systemtimems="4.000" timestamp="2019-06-16T22:21:33.424" activeThreads="4">
  <mem-info id="619" free="5708848" total="8388608" percent="68">
    <mem type="nursery" free="1756672" total="2097152" percent="83">
      <mem type="allocate" free="1756672" total="1835008" percent="95" />
      <mem type="survivor" free="0" total="262144" percent="0" />
    </mem>
    <mem type="tenure" free="3952176" total="6291456" percent="62" macro-fragmented="2592282">
      <mem type="soa" free="3637808" total="5977088" percent="60" />
      <mem type="loa" free="314368" total="314368" percent="100" />
    </mem>
    <remembered-set count="126" />
  </mem-info>
</gc-end>
<cycle-end id="620" type="scavenge" contextid="614" timestamp="2019-06-16T22:21:33.424" />
  <attribute name="elasticGC enabled" value="1" />
  <attribute name= "numThreadsSpecified" value="4" />
  <attribute name="heapSize specified" value="8388608" />
  <attribute name="Current GC Util" value="0" />
  <attribute name= "Current Time Running" value="33502" />
  <attribute name ="GC Interval" value="200" />
  <attribute name="ProportionalT" value="-10.000000" />
  <attribute name="ProportionalI" value="-10.000000" />
  <attribute name="ProportionalH" value="-10.000000" />
  <attribute name="Current Error" value="-20.000000" />
  <attribute name="IntegralT" value="-7170.000000" />
  <attribute name="IntegralI" value="-7170.000000" />
  <attribute name="IntegralH" value="-7170.000000" />
  <attribute name="DerivativeT" value="-0.027894" />
  <attribute name="DerivativeI" value="-0.027894" />
  <attribute name="DerivativeH" value="-0.027894" />
  <attribute name="Loop Time for DT" value="717.000000" />
  <attribute name="Output H" value="2092630016"/>
  <attribute name="Output I" value="200"/>
  <attribute name="Output T" value="4"/>
  <attribute name="Target GC Util Change" value ="20.000000" />
  <attribute name="Current GC Util Change" value="0.000000"/>
  <attribute name="GC Util currently" value="0" />
  <attribute name="CPU Util currently" value="2" />
<allocation-satisfied id="621" threadId="0000000002515500" bytesRequested="32" />
<af-end id="622" timestamp="2019-06-16T22:21:33.424" threadId="0000000002515E88" success="true" from="nursery"/>
<exclusive-end id="623" timestamp="2019-06-16T22:21:33.424" durationms="1.017" />

<exclusive-start id="624" timestamp="2019-06-16T22:21:34.188" intervalms="764.693">
  <response-info timems="0.026" idlems="0.026" threads="0" lastid="0000000002515500" lastname="node-1" />
</exclusive-start>
<af-start id="625" threadId="0000000002515E88" totalBytesRequested="32" timestamp="2019-06-16T22:21:34.188" intervalms="764.695" type="nursery" />
<cycle-start id="626" type="scavenge" contextid="0" timestamp="2019-06-16T22:21:34.188" intervalms="764.699" />
<gc-start id="627" type="scavenge" contextid="626" timestamp="2019-06-16T22:21:34.188">
  <mem-info id="628" free="3952176" total="8388608" percent="47">
    <mem type="nursery" free="0" total="2097152" percent="0">
      <mem type="allocate" free="0" total="1835008" percent="0" />
      <mem type="survivor" free="0" total="262144" percent="0" />
    </mem>
    <mem type="tenure" free="3952176" total="6291456" percent="62">
      <mem type="soa" free="3637808" total="5977088" percent="60" />
      <mem type="loa" free="314368" total="314368" percent="100" />
    </mem>
    <remembered-set count="140" />
  </mem-info>
</gc-start>
<allocation-stats totalBytes="1756144" >
  <allocated-bytes non-tlh="32" tlh="1756112" />
  <largest-consumer threadName="node-4" threadId="0000000002519100" bytes="315336" />
</allocation-stats>
<gc-op id="629" type="scavenge" timems="0.193" contextid="626" timestamp="2019-06-16T22:21:34.188">
  <scavenger-info tenureage="9" tenuremask="7e00" tiltratio="87" />
  <memory-copied type="nursery" objects="36" bytes="624" bytesdiscarded="77712" />
</gc-op>
<gc-end id="630" type="scavenge" contextid="626" durationms="0.579" usertimems="0.000" systemtimems="0.000" timestamp="2019-06-16T22:21:34.188" activeThreads="4">
  <mem-info id="631" free="5708848" total="8388608" percent="68">
    <mem type="nursery" free="1756672" total="2097152" percent="83">
      <mem type="allocate" free="1756672" total="1835008" percent="95" />
      <mem type="survivor" free="0" total="262144" percent="0" />
    </mem>
    <mem type="tenure" free="3952176" total="6291456" percent="62" macro-fragmented="2592282">
      <mem type="soa" free="3637808" total="5977088" percent="60" />
      <mem type="loa" free="314368" total="314368" percent="100" />
    </mem>
    <remembered-set count="117" />
  </mem-info>
</gc-end>
<cycle-end id="632" type="scavenge" contextid="626" timestamp="2019-06-16T22:21:34.189" />
  <attribute name="elasticGC enabled" value="1" />
  <attribute name= "numThreadsSpecified" value="4" />
  <attribute name="heapSize specified" value="8388608" />
  <attribute name="Current GC Util" value="0" />
  <attribute name= "Current Time Running" value="34267" />
  <attribute name ="GC Interval" value="200" />
  <attribute name="ProportionalT" value="-10.000000" />
  <attribute name="ProportionalI" value="-10.000000" />
  <attribute name="ProportionalH" value="-10.000000" />
  <attribute name="Current Error" value="-20.000000" />
  <attribute name="IntegralT" value="-7650.000000" />
  <attribute name="IntegralI" value="-7650.000000" />
  <attribute name="IntegralH" value="-7650.000000" />
  <attribute name="DerivativeT" value="-0.026144" />
  <attribute name="DerivativeI" value="-0.026144" />
  <attribute name="DerivativeH" value="-0.026144" />
  <attribute name="Loop Time for DT" value="765.000000" />
  <attribute name="Output H" value="2092630016"/>
  <attribute name="Output I" value="200"/>
  <attribute name="Output T" value="4"/>
  <attribute name="Target GC Util Change" value ="20.000000" />
  <attribute name="Current GC Util Change" value="0.000000"/>
  <attribute name="GC Util currently" value="0" />
  <attribute name="CPU Util currently" value="1" />
<allocation-satisfied id="633" threadId="0000000002515500" bytesRequested="32" />
<af-end id="634" timestamp="2019-06-16T22:21:34.189" threadId="0000000002515E88" success="true" from="nursery"/>
<exclusive-end id="635" timestamp="2019-06-16T22:21:34.189" durationms="1.051" />

<exclusive-start id="636" timestamp="2019-06-16T22:21:34.905" intervalms="717.770">
  <response-info timems="0.024" idlems="0.024" threads="0" lastid="0000000002520900" lastname="node-2" />
</exclusive-start>
<af-start id="637" threadId="0000000002521288" totalBytesRequested="24" timestamp="2019-06-16T22:21:34.906" intervalms="717.767" type="nursery" />
<cycle-start id="638" type="scavenge" contextid="0" timestamp="2019-06-16T22:21:34.906" intervalms="717.758" />
<gc-start id="639" type="scavenge" contextid="638" timestamp="2019-06-16T22:21:34.906">
  <mem-info id="640" free="3952176" total="8388608" percent="47">
    <mem type="nursery" free="0" total="2097152" percent="0">
      <mem type="allocate" free="0" total="1835008" percent="0" />
      <mem type="survivor" free="0" total="262144" percent="0" />
    </mem>
    <mem type="tenure" free="3952176" total="6291456" percent="62">
      <mem type="soa" free="3637808" total="5977088" percent="60" />
      <mem type="loa" free="314368" total="314368" percent="100" />
    </mem>
    <remembered-set count="140" />
  </mem-info>
</gc-start>
<allocation-stats totalBytes="1755744" >
  <allocated-bytes non-tlh="32" tlh="1755712" />
  <largest-consumer threadName="node-4" threadId="0000000002519100" bytes="315336" />
</allocation-stats>
<gc-op id="641" type="scavenge" timems="0.171" contextid="638" timestamp="2019-06-16T22:21:34.906">
  <scavenger-info tenureage="10" tenuremask="7c00" tiltratio="87" />
  <memory-copied type="nursery" objects="33" bytes="552" bytesdiscarded="77784" />
</gc-op>
<gc-end id="642" type="scavenge" contextid="638" durationms="0.569" usertimems="0.000" systemtimems="0.000" timestamp="2019-06-16T22:21:34.906" activeThreads="4">
  <mem-info id="643" free="5708848" total="8388608" percent="68">
    <mem type="nursery" free="1756672" total="2097152" percent="83">
      <mem type="allocate" free="1756672" total="1835008" percent="95" />
      <mem type="survivor" free="0" total="262144" percent="0" />
    </mem>
    <mem type="tenure" free="3952176" total="6291456" percent="62" macro-fragmented="2160235">
      <mem type="soa" free="3637808" total="5977088" percent="60" />
      <mem type="loa" free="314368" total="314368" percent="100" />
    </mem>
    <remembered-set count="116" />
  </mem-info>
</gc-end>
<cycle-end id="644" type="scavenge" contextid="638" timestamp="2019-06-16T22:21:34.906" />
  <attribute name="elasticGC enabled" value="1" />
  <attribute name= "numThreadsSpecified" value="4" />
  <attribute name="heapSize specified" value="8388608" />
  <attribute name="Current GC Util" value="0" />
  <attribute name= "Current Time Running" value="34984" />
  <attribute name ="GC Interval" value="200" />
  <attribute name="ProportionalT" value="-10.000000" />
  <attribute name="ProportionalI" value="-10.000000" />
  <attribute name="ProportionalH" value="-10.000000" />
  <attribute name="Current Error" value="-20.000000" />
  <attribute name="IntegralT" value="-7170.000000" />
  <attribute name="IntegralI" value="-7170.000000" />
  <attribute name="IntegralH" value="-7170.000000" />
  <attribute name="DerivativeT" value="-0.027894" />
  <attribute name="DerivativeI" value="-0.027894" />
  <attribute name="DerivativeH" value="-0.027894" />
  <attribute name="Loop Time for DT" value="717.000000" />
  <attribute name="Output H" value="2092630016"/>
  <attribute name="Output I" value="200"/>
  <attribute name="Output T" value="4"/>
  <attribute name="Target GC Util Change" value ="20.000000" />
  <attribute name="Current GC Util Change" value="0.000000"/>
  <attribute name="GC Util currently" value="0" />
  <attribute name="CPU Util currently" value="1" />
<allocation-satisfied id="645" threadId="0000000002520900" bytesRequested="24" />
<af-end id="646" timestamp="2019-06-16T22:21:34.906" threadId="0000000002521288" success="true" from="nursery"/>
<exclusive-end id="647" timestamp="2019-06-16T22:21:34.906" durationms="1.002" />

<exclusive-start id="648" timestamp="2019-06-16T22:21:35.612" intervalms="706.852">
  <response-info timems="0.022" idlems="0.022" threads="0" lastid="0000000002520900" lastname="node-2" />
</exclusive-start>
<af-start id="649" threadId="0000000002521288" totalBytesRequested="720" timestamp="2019-06-16T22:21:35.612" intervalms="706.857" type="nursery" />
<cycle-start id="650" type="scavenge" contextid="0" timestamp="2019-06-16T22:21:35.612" intervalms="706.859" />
<gc-start id="651" type="scavenge" contextid="650" timestamp="2019-06-16T22:21:35.613">
  <mem-info id="652" free="3952176" total="8388608" percent="47">
    <mem type="nursery" free="0" total="2097152" percent="0">
      <mem type="allocate" free="0" total="1835008" percent="0" />
      <mem type="survivor" free="0" total="262144" percent="0" />
    </mem>
    <mem type="tenure" free="3952176" total="6291456" percent="62">
      <mem type="soa" free="3637808" total="5977088" percent="60" />
      <mem type="loa" free="314368" total="314368" percent="100" />
    </mem>
    <remembered-set count="140" />
  </mem-info>
</gc-start>
<allocation-stats totalBytes="1755232" >
  <allocated-bytes non-tlh="24" tlh="1755208" />
  <largest-consumer threadName="node-4" threadId="0000000002519100" bytes="315040" />
</allocation-stats>
<gc-op id="653" type="scavenge" timems="1.771" contextid="650" timestamp="2019-06-16T22:21:35.614">
  <scavenger-info tenureage="3" tenuremask="fff8" tiltratio="87" />
  <memory-copied type="nursery" objects="44" bytes="1432" bytesdiscarded="37736" />
</gc-op>
<gc-end id="654" type="scavenge" contextid="650" durationms="2.001" usertimems="0.000" systemtimems="4.000" timestamp="2019-06-16T22:21:35.615" activeThreads="4">
  <mem-info id="655" free="5748016" total="8388608" percent="68">
    <mem type="nursery" free="1795840" total="2097152" percent="85">
      <mem type="allocate" free="1795840" total="1835008" percent="97" />
      <mem type="survivor" free="0" total="262144" percent="0" />
    </mem>
    <mem type="tenure" free="3952176" total="6291456" percent="62" macro-fragmented="2160235">
      <mem type="soa" free="3637808" total="5977088" percent="60" />
      <mem type="loa" free="314368" total="314368" percent="100" />
    </mem>
    <remembered-set count="120" />
  </mem-info>
</gc-end>
<cycle-end id="656" type="scavenge" contextid="650" timestamp="2019-06-16T22:21:35.615" />
  <attribute name="elasticGC enabled" value="1" />
  <attribute name= "numThreadsSpecified" value="4" />
  <attribute name="heapSize specified" value="8388608" />
  <attribute name="Current GC Util" value="0" />
  <attribute name= "Current Time Running" value="35691" />
  <attribute name ="GC Interval" value="200" />
  <attribute name="ProportionalT" value="-10.000000" />
  <attribute name="ProportionalI" value="-10.000000" />
  <attribute name="ProportionalH" value="-10.000000" />
  <attribute name="Current Error" value="-20.000000" />
  <attribute name="IntegralT" value="-7070.000000" />
  <attribute name="IntegralI" value="-7070.000000" />
  <attribute name="IntegralH" value="-7070.000000" />
  <attribute name="DerivativeT" value="-0.028289" />
  <attribute name="DerivativeI" value="-0.028289" />
  <attribute name="DerivativeH" value="-0.028289" />
  <attribute name="Loop Time for DT" value="707.000000" />
  <attribute name="Output H" value="2092630016"/>
  <attribute name="Output I" value="200"/>
  <attribute name="Output T" value="4"/>
  <attribute name="Target GC Util Change" value ="20.000000" />
  <attribute name="Current GC Util Change" value="0.000000"/>
  <attribute name="GC Util currently" value="0" />
  <attribute name="CPU Util currently" value="6524074782" />
<allocation-satisfied id="657" threadId="0000000002520900" bytesRequested="720" />
<af-end id="658" timestamp="2019-06-16T22:21:35.615" threadId="0000000002521288" success="true" from="nursery"/>
<exclusive-end id="659" timestamp="2019-06-16T22:21:35.615" durationms="2.539" />

<exclusive-start id="660" timestamp="2019-06-16T22:21:36.345" intervalms="732.971">
  <response-info timems="0.024" idlems="0.024" threads="0" lastid="0000000002524500" lastname="node-3" />
</exclusive-start>
<af-start id="661" threadId="0000000002524E88" totalBytesRequested="32" timestamp="2019-06-16T22:21:36.345" intervalms="732.974" type="nursery" />
<cycle-start id="662" type="scavenge" contextid="0" timestamp="2019-06-16T22:21:36.345" intervalms="732.976" />
<gc-start id="663" type="scavenge" contextid="662" timestamp="2019-06-16T22:21:36.346">
  <mem-info id="664" free="3952176" total="8388608" percent="47">
    <mem type="nursery" free="0" total="2097152" percent="0">
      <mem type="allocate" free="0" total="1835008" percent="0" />
      <mem type="survivor" free="0" total="262144" percent="0" />
    </mem>
    <mem type="tenure" free="3952176" total="6291456" percent="62">
      <mem type="soa" free="3637808" total="5977088" percent="60" />
      <mem type="loa" free="314368" total="314368" percent="100" />
    </mem>
    <remembered-set count="140" />
  </mem-info>
</gc-start>
<allocation-stats totalBytes="1794848" >
  <allocated-bytes non-tlh="720" tlh="1794128" />
  <largest-consumer threadName="node-5" threadId="000000000251CD00" bytes="315288" />
</allocation-stats>
<gc-op id="665" type="scavenge" timems="1.735" contextid="662" timestamp="2019-06-16T22:21:36.347">
  <scavenger-info tenureage="3" tenuremask="fff8" tiltratio="87" />
  <memory-copied type="nursery" objects="35" bytes="600" bytesdiscarded="38568" />
</gc-op>
<gc-end id="666" type="scavenge" contextid="662" durationms="2.117" usertimems="0.000" systemtimems="0.000" timestamp="2019-06-16T22:21:36.348" activeThreads="4">
  <mem-info id="667" free="5748016" total="8388608" percent="68">
    <mem type="nursery" free="1795840" total="2097152" percent="85">
      <mem type="allocate" free="1795840" total="1835008" percent="97" />
      <mem type="survivor" free="0" total="262144" percent="0" />
    </mem>
    <mem type="tenure" free="3952176" total="6291456" percent="62" macro-fragmented="2592282">
      <mem type="soa" free="3637808" total="5977088" percent="60" />
      <mem type="loa" free="314368" total="314368" percent="100" />
    </mem>
    <remembered-set count="117" />
  </mem-info>
</gc-end>
<cycle-end id="668" type="scavenge" contextid="662" timestamp="2019-06-16T22:21:36.348" />
  <attribute name="elasticGC enabled" value="1" />
  <attribute name= "numThreadsSpecified" value="4" />
  <attribute name="heapSize specified" value="8388608" />
  <attribute name="Current GC Util" value="0" />
  <attribute name= "Current Time Running" value="36424" />
  <attribute name ="GC Interval" value="200" />
  <attribute name="ProportionalT" value="-10.000000" />
  <attribute name="ProportionalI" value="-10.000000" />
  <attribute name="ProportionalH" value="-10.000000" />
  <attribute name="Current Error" value="-20.000000" />
  <attribute name="IntegralT" value="-7330.000000" />
  <attribute name="IntegralI" value="-7330.000000" />
  <attribute name="IntegralH" value="-7330.000000" />
  <attribute name="DerivativeT" value="-0.027285" />
  <attribute name="DerivativeI" value="-0.027285" />
  <attribute name="DerivativeH" value="-0.027285" />
  <attribute name="Loop Time for DT" value="733.000000" />
  <attribute name="Output H" value="2092630016"/>
  <attribute name="Output I" value="200"/>
  <attribute name="Output T" value="4"/>
  <attribute name="Target GC Util Change" value ="20.000000" />
  <attribute name="Current GC Util Change" value="0.000000"/>
  <attribute name="GC Util currently" value="0" />
  <attribute name="CPU Util currently" value="1" />
<allocation-satisfied id="669" threadId="0000000002524500" bytesRequested="32" />
<af-end id="670" timestamp="2019-06-16T22:21:36.348" threadId="0000000002524E88" success="true" from="nursery"/>
<exclusive-end id="671" timestamp="2019-06-16T22:21:36.348" durationms="2.763" />

<exclusive-start id="672" timestamp="2019-06-16T22:21:37.079" intervalms="733.525">
  <response-info timems="0.028" idlems="0.028" threads="0" lastid="0000000002528000" lastname="node-0" />
</exclusive-start>
<af-start id="673" threadId="0000000002528988" totalBytesRequested="32" timestamp="2019-06-16T22:21:37.079" intervalms="733.542" type="nursery" />
<cycle-start id="674" type="scavenge" contextid="0" timestamp="2019-06-16T22:21:37.079" intervalms="733.558" />
<gc-start id="675" type="scavenge" contextid="674" timestamp="2019-06-16T22:21:37.079">
  <mem-info id="676" free="3952176" total="8388608" percent="47">
    <mem type="nursery" free="0" total="2097152" percent="0">
      <mem type="allocate" free="0" total="1835008" percent="0" />
      <mem type="survivor" free="0" total="262144" percent="0" />
    </mem>
    <mem type="tenure" free="3952176" total="6291456" percent="62">
      <mem type="soa" free="3637808" total="5977088" percent="60" />
      <mem type="loa" free="314368" total="314368" percent="100" />
    </mem>
    <remembered-set count="140" />
  </mem-info>
</gc-start>
<allocation-stats totalBytes="1794456" >
  <allocated-bytes non-tlh="32" tlh="1794424" />
  <largest-consumer threadName="node-5" threadId="000000000251CD00" bytes="315216" />
</allocation-stats>
<gc-op id="677" type="scavenge" timems="0.213" contextid="674" timestamp="2019-06-16T22:21:37.079">
  <scavenger-info tenureage="3" tenuremask="fff8" tiltratio="87" />
  <memory-copied type="nursery" objects="39" bytes="696" bytesdiscarded="77640" />
</gc-op>
<gc-end id="678" type="scavenge" contextid="674" durationms="0.475" usertimems="0.000" systemtimems="0.000" timestamp="2019-06-16T22:21:37.080" activeThreads="4">
  <mem-info id="679" free="5708848" total="8388608" percent="68">
    <mem type="nursery" free="1756672" total="2097152" percent="83">
      <mem type="allocate" free="1756672" total="1835008" percent="95" />
      <mem type="survivor" free="0" total="262144" percent="0" />
    </mem>
    <mem type="tenure" free="3952176" total="6291456" percent="62" macro-fragmented="1500163">
      <mem type="soa" free="3637808" total="5977088" percent="60" />
      <mem type="loa" free="314368" total="314368" percent="100" />
    </mem>
    <remembered-set count="117" />
  </mem-info>
</gc-end>
<cycle-end id="680" type="scavenge" contextid="674" timestamp="2019-06-16T22:21:37.080" />
  <attribute name="elasticGC enabled" value="1" />
  <attribute name= "numThreadsSpecified" value="4" />
  <attribute name="heapSize specified" value="8388608" />
  <attribute name="Current GC Util" value="0" />
  <attribute name= "Current Time Running" value="37158" />
  <attribute name ="GC Interval" value="200" />
  <attribute name="ProportionalT" value="-10.000000" />
  <attribute name="ProportionalI" value="-10.000000" />
  <attribute name="ProportionalH" value="-10.000000" />
  <attribute name="Current Error" value="-20.000000" />
  <attribute name="IntegralT" value="-7340.000000" />
  <attribute name="IntegralI" value="-7340.000000" />
  <attribute name="IntegralH" value="-7340.000000" />
  <attribute name="DerivativeT" value="-0.027248" />
  <attribute name="DerivativeI" value="-0.027248" />
  <attribute name="DerivativeH" value="-0.027248" />
  <attribute name="Loop Time for DT" value="734.000000" />
  <attribute name="Output H" value="2092630016"/>
  <attribute name="Output I" value="200"/>
  <attribute name="Output T" value="4"/>
  <attribute name="Target GC Util Change" value ="20.000000" />
  <attribute name="Current GC Util Change" value="0.000000"/>
  <attribute name="GC Util currently" value="0" />
  <attribute name="CPU Util currently" value="1" />
<allocation-satisfied id="681" threadId="0000000002528000" bytesRequested="32" />
<af-end id="682" timestamp="2019-06-16T22:21:37.080" threadId="0000000002528988" success="true" from="nursery"/>
<exclusive-end id="683" timestamp="2019-06-16T22:21:37.080" durationms="0.996" />

</verbosegc>

