<?xml version="1.0" ?>

<verbosegc xmlns="http://www.ibm.com/j9/verbosegc" version="10b4217_CMPRSS">

<initialized id="1" timestamp="2019-06-16T22:24:53.454">
  <attribute name="gcPolicy" value="-Xgcpolicy:gencon" />
  <attribute name="elasticGC enabled" value="1" />
  <attribute name= "numThreadsSpecified" value="0" />
  <attribute name="heapSize specified" value="0" />
  <attribute name="Current GC Util" value="0" />
  <attribute name= "Current Time Running" value="0" />
  <attribute name ="GC Interval" value="0" />
  <attribute name="ProportionalT" value="0.000000" />
  <attribute name="ProportionalI" value="0.000000" />
  <attribute name="ProportionalH" value="0.000000" />
  <attribute name="IntegralT" value="0.000000" />
  <attribute name="IntegralI" value="0.000000" />
  <attribute name="IntegralH" value="0.000000" />
  <attribute name="DerivativeT" value="0.000000" />
  <attribute name="DerivativeI" value="0.000000" />
  <attribute name="DerivativeH" value="0.000000" />
  <attribute name="Target GC Util Change" value ="0.000000" />
  <attribute name="Current GC Util Change" value="0.000000"/>
  <attribute name="Current Error" value="0.000000" />
  <attribute name="Loop Time for DT" value="0.000000" />
  <attribute name="Output H" value="0"/>
  <attribute name="Output I" value="0"/>
  <attribute name="Output T" value="0"/>
  <attribute name="GC Util currently" value="0" />
  <attribute name="CPU Util currently" value="0" />
  <attribute name="maxHeapSize" value="0x7cbc0000" />
  <attribute name="initialHeapSize" value="0x800000" />
  <attribute name="compressedRefs" value="true" />
  <attribute name="compressedRefsDisplacement" value="0x0" />
  <attribute name="compressedRefsShift" value="0x0" />
  <attribute name="pageSize" value="0x1000" />
  <attribute name="pageType" value="not used" />
  <attribute name="requestedPageSize" value="0x1000" />
  <attribute name="requestedPageType" value="not used" />
  <attribute name="gcthreads" value="4" />
  <attribute name="gcthreads Concurrent Mark" value="1" />
  <attribute name="packetListSplit" value="4" />
  <attribute name="cacheListSplit" value="4" />
  <attribute name="splitFreeListSplitAmount" value="1" />
  <attribute name="numaNodes" value="0" />
  <system>
    <attribute name="physicalMemory" value="8370958336" />
    <attribute name="numCPUs" value="4" />
    <attribute name="architecture" value="amd64" />
    <attribute name="os" value="Linux" />
    <attribute name="osVersion" value="4.4.0-150-generic" />
  </system>
  <vmargs>
    <vmarg name="-Xoptionsfile=/vagrant/jdk/lib/options.default" />
    <vmarg name="-Xlockword:mode=default,noLockword=java/lang/String,noLockword=java/util/MapEntry,noLockword=java/util/HashMap$Entry,noLockword..." />
    <vmarg name="-Xjcl:jclse29" />
    <vmarg name="-Dcom.ibm.oti.vm.bootstrap.library.path=/vagrant/jdk/lib/compressedrefs:/vagrant/jdk/lib" />
    <vmarg name="-Dsun.boot.library.path=/vagrant/jdk/lib/compressedrefs:/vagrant/jdk/lib" />
    <vmarg name="-Djava.library.path=/vagrant/jdk/lib/compressedrefs:/vagrant/jdk/lib:/usr/lib64:/usr/lib" />
    <vmarg name="-Djava.home=/vagrant/jdk" />
    <vmarg name="-Duser.dir=/vagrant" />
    <vmarg name="-Xgcpolicy:gencon" />
    <vmarg name="-Xgcelastic" />
    <vmarg name="-Xcheck:gc:::elasticGC" />
    <vmarg name="-verbose:gc" />
    <vmarg name="-Xloggc:jdk0.5-0.5-1-default-GEN-4CORE-elasticverbose12avrora.txt" />
    <vmarg name="-Djava.class.path=dacapo-9.12-MR1-bach.jar" />
    <vmarg name="-Dsun.java.command=dacapo-9.12-MR1-bach.jar avrora --size=default" />
    <vmarg name="-Dsun.java.launcher=SUN_STANDARD" />
    <vmarg name="-Dsun.java.launcher.pid=12840" />
  </vmargs>
</initialized>

<exclusive-start id="2" timestamp="2019-06-16T22:24:53.643" intervalms="188.927">
  <response-info timems="0.022" idlems="0.022" threads="0" lastid="000000000257F700" lastname="main" />
</exclusive-start>
<af-start id="3" threadId="0000000002580088" totalBytesRequested="3080" timestamp="2019-06-16T22:24:53.643" intervalms="189.247" type="nursery" />
<cycle-start id="4" type="scavenge" contextid="0" timestamp="2019-06-16T22:24:53.644" intervalms="189.744" />
<gc-start id="5" type="scavenge" contextid="4" timestamp="2019-06-16T22:24:53.649">
  <mem-info id="6" free="6062624" total="8388608" percent="72">
    <mem type="nursery" free="0" total="2097152" percent="0">
      <mem type="allocate" free="0" total="1048576" percent="0" />
      <mem type="survivor" free="0" total="1048576" percent="0" />
    </mem>
    <mem type="tenure" free="6062624" total="6291456" percent="96">
      <mem type="soa" free="5748256" total="5977088" percent="96" />
      <mem type="loa" free="314368" total="314368" percent="100" />
    </mem>
    <remembered-set count="3161" />
  </mem-info>
</gc-start>
<allocation-stats totalBytes="1270984" >
  <allocated-bytes non-tlh="344784" tlh="926200" />
  <largest-consumer threadName="main" threadId="000000000257F700" bytes="1197336" />
</allocation-stats>
<gc-op id="7" type="scavenge" timems="1.711" contextid="4" timestamp="2019-06-16T22:24:53.651">
  <scavenger-info tenureage="2" tenuremask="fffc" tiltratio="50" />
  <memory-copied type="nursery" objects="10578" bytes="477568" bytesdiscarded="116416" />
  <finalization candidates="11" enqueued="0" />
  <references type="soft" candidates="62" cleared="0" enqueued="0" dynamicThreshold="32" maxThreshold="32" />
  <references type="weak" candidates="309" cleared="177" enqueued="141" />
  <references type="phantom" candidates="25" cleared="6" enqueued="6" />
</gc-op>
<gc-end id="8" type="scavenge" contextid="4" durationms="5.391" usertimems="4.000" systemtimems="0.000" timestamp="2019-06-16T22:24:53.655" activeThreads="4">
  <mem-info id="9" free="6515120" total="8388608" percent="77">
    <mem type="nursery" free="452496" total="2097152" percent="21">
      <mem type="allocate" free="452496" total="1048576" percent="43" />
      <mem type="survivor" free="0" total="1048576" percent="0" />
    </mem>
    <mem type="tenure" free="6062624" total="6291456" percent="96">
      <mem type="soa" free="5748256" total="5977088" percent="96" />
      <mem type="loa" free="314368" total="314368" percent="100" />
    </mem>
    <pending-finalizers system="0" default="0" reference="147" classloader="0" />
    <remembered-set count="3161" />
  </mem-info>
</gc-end>
<cycle-end id="10" type="scavenge" contextid="4" timestamp="2019-06-16T22:24:53.655" />
  <attribute name="elasticGC enabled" value="1" />
  <attribute name= "numThreadsSpecified" value="0" />
  <attribute name="heapSize specified" value="0" />
  <attribute name="Current GC Util" value="0" />
  <attribute name= "Current Time Running" value="76" />
  <attribute name ="GC Interval" value="1" />
  <attribute name="ProportionalT" value="0.000000" />
  <attribute name="ProportionalI" value="0.000000" />
  <attribute name="ProportionalH" value="0.000000" />
  <attribute name="Current Error" value="0.000000" />
  <attribute name="IntegralT" value="0.000000" />
  <attribute name="IntegralI" value="0.000000" />
  <attribute name="IntegralH" value="0.000000" />
  <attribute name="DerivativeT" value="0.000000" />
  <attribute name="DerivativeI" value="0.000000" />
  <attribute name="DerivativeH" value="0.000000" />
  <attribute name="Loop Time for DT" value="0.000000" />
  <attribute name="Output H" value="0"/>
  <attribute name="Output I" value="0"/>
  <attribute name="Output T" value="0"/>
  <attribute name="Target GC Util Change" value ="20.000000" />
  <attribute name="Current GC Util Change" value="0.000000"/>
  <attribute name="GC Util currently" value="0" />
  <attribute name="CPU Util currently" value="19" />
<allocation-satisfied id="11" threadId="000000000257F700" bytesRequested="3080" />
<af-end id="12" timestamp="2019-06-16T22:24:53.655" threadId="0000000002580088" success="true" from="nursery"/>
<exclusive-end id="13" timestamp="2019-06-16T22:24:53.655" durationms="12.110" />

<exclusive-start id="14" timestamp="2019-06-16T22:24:53.751" intervalms="108.016">
  <response-info timems="0.028" idlems="0.028" threads="0" lastid="000000000257F700" lastname="main" />
</exclusive-start>
<af-start id="15" threadId="0000000002580088" totalBytesRequested="40" timestamp="2019-06-16T22:24:53.751" intervalms="107.776" type="nursery" />
<cycle-start id="16" type="scavenge" contextid="0" timestamp="2019-06-16T22:24:53.751" intervalms="107.341" />
<gc-start id="17" type="scavenge" contextid="16" timestamp="2019-06-16T22:24:53.755">
  <mem-info id="18" free="6054888" total="8388608" percent="72">
    <mem type="nursery" free="0" total="2097152" percent="0">
      <mem type="allocate" free="0" total="1048576" percent="0" />
      <mem type="survivor" free="0" total="1048576" percent="0" />
    </mem>
    <mem type="tenure" free="6054888" total="6291456" percent="96">
      <mem type="soa" free="5740520" total="5977088" percent="96" />
      <mem type="loa" free="314368" total="314368" percent="100" />
    </mem>
    <remembered-set count="3262" />
  </mem-info>
</gc-start>
<allocation-stats totalBytes="459328" >
  <allocated-bytes non-tlh="10816" tlh="448512" />
  <largest-consumer threadName="main" threadId="000000000257F700" bytes="447352" />
</allocation-stats>
<gc-op id="19" type="scavenge" timems="0.773" contextid="16" timestamp="2019-06-16T22:24:53.756">
  <scavenger-info tenureage="5" tenuremask="7fe0" tiltratio="50" />
  <memory-copied type="nursery" objects="10895" bytes="484504" bytesdiscarded="97240" />
  <finalization candidates="11" enqueued="0" />
  <references type="soft" candidates="62" cleared="0" enqueued="0" dynamicThreshold="32" maxThreshold="32" />
  <references type="weak" candidates="237" cleared="93" enqueued="90" />
  <references type="phantom" candidates="35" cleared="11" enqueued="11" />
</gc-op>
<gc-end id="20" type="scavenge" contextid="16" durationms="1.150" usertimems="0.000" systemtimems="0.000" timestamp="2019-06-16T22:24:53.757" activeThreads="4">
  <mem-info id="21" free="6520264" total="8388608" percent="77">
    <mem type="nursery" free="465376" total="2097152" percent="22">
      <mem type="allocate" free="465376" total="1048576" percent="44" />
      <mem type="survivor" free="0" total="1048576" percent="0" />
    </mem>
    <mem type="tenure" free="6054888" total="6291456" percent="96">
      <mem type="soa" free="5740520" total="5977088" percent="96" />
      <mem type="loa" free="314368" total="314368" percent="100" />
    </mem>
    <pending-finalizers system="0" default="0" reference="101" classloader="0" />
    <remembered-set count="3262" />
  </mem-info>
</gc-end>
<cycle-end id="22" type="scavenge" contextid="16" timestamp="2019-06-16T22:24:53.757" />
  <attribute name="elasticGC enabled" value="1" />
  <attribute name= "numThreadsSpecified" value="4" />
  <attribute name="heapSize specified" value="0" />
  <attribute name="Current GC Util" value="10" />
  <attribute name= "Current Time Running" value="182" />
  <attribute name ="GC Interval" value="200" />
  <attribute name="ProportionalT" value="-5.000000" />
  <attribute name="ProportionalI" value="-5.000000" />
  <attribute name="ProportionalH" value="-5.000000" />
  <attribute name="Current Error" value="-10.000000" />
  <attribute name="IntegralT" value="-530.000000" />
  <attribute name="IntegralI" value="-530.000000" />
  <attribute name="IntegralH" value="-530.000000" />
  <attribute name="DerivativeT" value="-0.094340" />
  <attribute name="DerivativeI" value="-0.094340" />
  <attribute name="DerivativeH" value="-0.094340" />
  <attribute name="Loop Time for DT" value="106.000000" />
  <attribute name="Output H" value="2092630016"/>
  <attribute name="Output I" value="200"/>
  <attribute name="Output T" value="4"/>
  <attribute name="Target GC Util Change" value ="20.000000" />
  <attribute name="Current GC Util Change" value="10.000000"/>
  <attribute name="GC Util currently" value="10" />
  <attribute name="CPU Util currently" value="4" />
<allocation-satisfied id="23" threadId="000000000257F700" bytesRequested="40" />
<af-end id="24" timestamp="2019-06-16T22:24:53.757" threadId="0000000002580088" success="true" from="nursery"/>
<exclusive-end id="25" timestamp="2019-06-16T22:24:53.757" durationms="6.089" />

<exclusive-start id="26" timestamp="2019-06-16T22:24:54.170" intervalms="419.191">
  <response-info timems="0.027" idlems="0.027" threads="0" lastid="000000000257F700" lastname="main" />
</exclusive-start>
<af-start id="27" threadId="0000000002580088" totalBytesRequested="16" timestamp="2019-06-16T22:24:54.170" intervalms="419.202" type="nursery" />
<cycle-start id="28" type="scavenge" contextid="0" timestamp="2019-06-16T22:24:54.170" intervalms="419.205" />
<gc-start id="29" type="scavenge" contextid="28" timestamp="2019-06-16T22:24:54.170">
  <mem-info id="30" free="6054888" total="8388608" percent="72">
    <mem type="nursery" free="0" total="2097152" percent="0">
      <mem type="allocate" free="0" total="1048576" percent="0" />
      <mem type="survivor" free="0" total="1048576" percent="0" />
    </mem>
    <mem type="tenure" free="6054888" total="6291456" percent="96">
      <mem type="soa" free="5740520" total="5977088" percent="96" />
      <mem type="loa" free="314368" total="314368" percent="100" />
    </mem>
    <remembered-set count="3262" />
  </mem-info>
</gc-start>
<allocation-stats totalBytes="465008" >
  <allocated-bytes non-tlh="40" tlh="464968" />
  <largest-consumer threadName="main" threadId="000000000257F700" bytes="456816" />
</allocation-stats>
<gc-op id="31" type="scavenge" timems="0.860" contextid="28" timestamp="2019-06-16T22:24:54.171">
  <scavenger-info tenureage="4" tenuremask="7ff0" tiltratio="50" />
  <memory-copied type="nursery" objects="10890" bytes="485208" bytesdiscarded="76688" />
  <finalization candidates="11" enqueued="0" />
  <references type="soft" candidates="62" cleared="0" enqueued="0" dynamicThreshold="32" maxThreshold="32" />
  <references type="weak" candidates="144" cleared="0" enqueued="0" />
  <references type="phantom" candidates="24" cleared="0" enqueued="0" />
</gc-op>
<gc-end id="32" type="scavenge" contextid="28" durationms="1.043" usertimems="0.000" systemtimems="0.000" timestamp="2019-06-16T22:24:54.171" activeThreads="4">
  <mem-info id="33" free="6540120" total="8388608" percent="77">
    <mem type="nursery" free="485232" total="2097152" percent="23">
      <mem type="allocate" free="485232" total="1048576" percent="46" />
      <mem type="survivor" free="0" total="1048576" percent="0" />
    </mem>
    <mem type="tenure" free="6054888" total="6291456" percent="96">
      <mem type="soa" free="5740520" total="5977088" percent="96" />
      <mem type="loa" free="314368" total="314368" percent="100" />
    </mem>
    <remembered-set count="992" />
  </mem-info>
</gc-end>
<cycle-end id="34" type="scavenge" contextid="28" timestamp="2019-06-16T22:24:54.171" />
  <attribute name="elasticGC enabled" value="1" />
  <attribute name= "numThreadsSpecified" value="4" />
  <attribute name="heapSize specified" value="0" />
  <attribute name="Current GC Util" value="1" />
  <attribute name= "Current Time Running" value="597" />
  <attribute name ="GC Interval" value="200" />
  <attribute name="ProportionalT" value="-9.500000" />
  <attribute name="ProportionalI" value="-9.500000" />
  <attribute name="ProportionalH" value="-9.500000" />
  <attribute name="Current Error" value="-19.000000" />
  <attribute name="IntegralT" value="-4472.500000" />
  <attribute name="IntegralI" value="-4472.500000" />
  <attribute name="IntegralH" value="-4472.500000" />
  <attribute name="DerivativeT" value="-0.045783" />
  <attribute name="DerivativeI" value="-0.045783" />
  <attribute name="DerivativeH" value="-0.045783" />
  <attribute name="Loop Time for DT" value="415.000000" />
  <attribute name="Output H" value="2092630016"/>
  <attribute name="Output I" value="200"/>
  <attribute name="Output T" value="4"/>
  <attribute name="Target GC Util Change" value ="20.000000" />
  <attribute name="Current GC Util Change" value="1.000000"/>
  <attribute name="GC Util currently" value="1" />
  <attribute name="CPU Util currently" value="1" />
<allocation-satisfied id="35" threadId="000000000257F700" bytesRequested="16" />
<af-end id="36" timestamp="2019-06-16T22:24:54.172" threadId="0000000002580088" success="true" from="nursery"/>
<exclusive-end id="37" timestamp="2019-06-16T22:24:54.172" durationms="1.490" />

<exclusive-start id="38" timestamp="2019-06-16T22:24:54.233" intervalms="63.052">
  <response-info timems="0.069" idlems="0.069" threads="0" lastid="000000000257F700" lastname="main" />
</exclusive-start>
<af-start id="39" threadId="0000000002580088" totalBytesRequested="20232" timestamp="2019-06-16T22:24:54.233" intervalms="63.072" type="nursery" />
<cycle-start id="40" type="scavenge" contextid="0" timestamp="2019-06-16T22:24:54.233" intervalms="63.102" />
<gc-start id="41" type="scavenge" contextid="40" timestamp="2019-06-16T22:24:54.233">
  <mem-info id="42" free="6052200" total="8388608" percent="72">
    <mem type="nursery" free="0" total="2097152" percent="0">
      <mem type="allocate" free="0" total="1048576" percent="0" />
      <mem type="survivor" free="0" total="1048576" percent="0" />
    </mem>
    <mem type="tenure" free="6052200" total="6291456" percent="96">
      <mem type="soa" free="5737832" total="5977088" percent="95" />
      <mem type="loa" free="314368" total="314368" percent="100" />
    </mem>
    <remembered-set count="1025" />
  </mem-info>
</gc-start>
<allocation-stats totalBytes="467136" >
  <allocated-bytes non-tlh="2704" tlh="464432" />
  <largest-consumer threadName="main" threadId="000000000257F700" bytes="467136" />
</allocation-stats>
<gc-op id="43" type="scavenge" timems="0.980" contextid="40" timestamp="2019-06-16T22:24:54.235">
  <scavenger-info tenureage="3" tenuremask="fff8" tiltratio="50" />
  <memory-copied type="nursery" objects="637" bytes="79864" bytesdiscarded="86904" />
  <memory-copied type="tenure" objects="10291" bytes="460072" bytesdiscarded="80" />
  <finalization candidates="11" enqueued="0" />
  <references type="weak" candidates="95" cleared="78" enqueued="78" />
  <references type="phantom" candidates="18" cleared="10" enqueued="10" />
</gc-op>
<gc-end id="44" type="scavenge" contextid="40" durationms="1.250" usertimems="0.000" systemtimems="0.000" timestamp="2019-06-16T22:24:54.235" activeThreads="4">
  <mem-info id="45" free="6376528" total="8388608" percent="76">
    <mem type="nursery" free="881792" total="2097152" percent="42">
      <mem type="allocate" free="881792" total="1048576" percent="84" />
      <mem type="survivor" free="0" total="1048576" percent="0" />
    </mem>
    <mem type="tenure" free="5494736" total="6291456" percent="87">
      <mem type="soa" free="5180368" total="5977088" percent="86" />
      <mem type="loa" free="314368" total="314368" percent="100" />
    </mem>
    <pending-finalizers system="0" default="0" reference="88" classloader="0" />
    <remembered-set count="140" />
  </mem-info>
</gc-end>
<cycle-end id="46" type="scavenge" contextid="40" timestamp="2019-06-16T22:24:54.235" />
  <attribute name="elasticGC enabled" value="1" />
  <attribute name= "numThreadsSpecified" value="4" />
  <attribute name="heapSize specified" value="0" />
  <attribute name="Current GC Util" value="2" />
  <attribute name= "Current Time Running" value="660" />
  <attribute name ="GC Interval" value="200" />
  <attribute name="ProportionalT" value="-9.000000" />
  <attribute name="ProportionalI" value="-9.000000" />
  <attribute name="ProportionalH" value="-9.000000" />
  <attribute name="Current Error" value="-18.000000" />
  <attribute name="IntegralT" value="-5039.500000" />
  <attribute name="IntegralI" value="-5039.500000" />
  <attribute name="IntegralH" value="-5039.500000" />
  <attribute name="DerivativeT" value="-0.285714" />
  <attribute name="DerivativeI" value="-0.285714" />
  <attribute name="DerivativeH" value="-0.285714" />
  <attribute name="Loop Time for DT" value="63.000000" />
  <attribute name="Output H" value="2092630016"/>
  <attribute name="Output I" value="200"/>
  <attribute name="Output T" value="4"/>
  <attribute name="Target GC Util Change" value ="20.000000" />
  <attribute name="Current GC Util Change" value="2.000000"/>
  <attribute name="GC Util currently" value="2" />
  <attribute name="CPU Util currently" value="4" />
<allocation-satisfied id="47" threadId="000000000257F700" bytesRequested="20232" />
<af-end id="48" timestamp="2019-06-16T22:24:54.235" threadId="0000000002580088" success="true" from="nursery"/>
<exclusive-end id="49" timestamp="2019-06-16T22:24:54.235" durationms="1.801" />

<exclusive-start id="50" timestamp="2019-06-16T22:24:56.171" intervalms="1937.800">
  <response-info timems="0.159" idlems="0.159" threads="0" lastid="000000000257F700" lastname="main" />
</exclusive-start>
<af-start id="51" threadId="0000000002580088" totalBytesRequested="2056" timestamp="2019-06-16T22:24:56.172" intervalms="1938.288" type="nursery" />
<cycle-start id="52" type="scavenge" contextid="0" timestamp="2019-06-16T22:24:56.172" intervalms="1938.806" />
<gc-start id="53" type="scavenge" contextid="52" timestamp="2019-06-16T22:24:56.173">
  <mem-info id="54" free="5490152" total="8388608" percent="65">
    <mem type="nursery" free="0" total="2097152" percent="0">
      <mem type="allocate" free="0" total="1048576" percent="0" />
      <mem type="survivor" free="0" total="1048576" percent="0" />
    </mem>
    <mem type="tenure" free="5490152" total="6291456" percent="87">
      <mem type="soa" free="5175784" total="5977088" percent="86" />
      <mem type="loa" free="314368" total="314368" percent="100" />
    </mem>
    <remembered-set count="223" />
  </mem-info>
</gc-start>
<allocation-stats totalBytes="879664" >
  <allocated-bytes non-tlh="24816" tlh="854848" />
  <largest-consumer threadName="main" threadId="000000000257F700" bytes="879664" />
</allocation-stats>
<gc-op id="55" type="scavenge" timems="3.427" contextid="52" timestamp="2019-06-16T22:24:56.177">
  <scavenger-info tenureage="4" tenuremask="fff0" tiltratio="50" />
  <memory-copied type="nursery" objects="741" bytes="112576" bytesdiscarded="93192" />
  <finalization candidates="3" enqueued="1" />
  <references type="soft" candidates="1" cleared="0" enqueued="0" dynamicThreshold="32" maxThreshold="32" />
  <references type="weak" candidates="64" cleared="48" enqueued="48" />
  <references type="phantom" candidates="21" cleared="10" enqueued="10" />
</gc-op>
<gc-end id="56" type="scavenge" contextid="52" durationms="5.097" usertimems="0.000" systemtimems="0.000" timestamp="2019-06-16T22:24:56.178" activeThreads="4">
  <mem-info id="57" free="6332872" total="8388608" percent="75">
    <mem type="nursery" free="842720" total="2097152" percent="40">
      <mem type="allocate" free="842720" total="1048576" percent="80" />
      <mem type="survivor" free="0" total="1048576" percent="0" />
    </mem>
    <mem type="tenure" free="5490152" total="6291456" percent="87">
      <mem type="soa" free="5175784" total="5977088" percent="86" />
      <mem type="loa" free="314368" total="314368" percent="100" />
    </mem>
    <pending-finalizers system="1" default="0" reference="58" classloader="0" />
    <remembered-set count="222" />
  </mem-info>
</gc-end>
<cycle-end id="58" type="scavenge" contextid="52" timestamp="2019-06-16T22:24:56.178" />
  <attribute name="elasticGC enabled" value="1" />
  <attribute name= "numThreadsSpecified" value="4" />
  <attribute name="heapSize specified" value="0" />
  <attribute name="Current GC Util" value="0" />
  <attribute name= "Current Time Running" value="2600" />
  <attribute name ="GC Interval" value="200" />
  <attribute name="ProportionalT" value="-10.000000" />
  <attribute name="ProportionalI" value="-10.000000" />
  <attribute name="ProportionalH" value="-10.000000" />
  <attribute name="Current Error" value="-20.000000" />
  <attribute name="IntegralT" value="-24439.500000" />
  <attribute name="IntegralI" value="-24439.500000" />
  <attribute name="IntegralH" value="-24439.500000" />
  <attribute name="DerivativeT" value="-0.010309" />
  <attribute name="DerivativeI" value="-0.010309" />
  <attribute name="DerivativeH" value="-0.010309" />
  <attribute name="Loop Time for DT" value="1940.000000" />
  <attribute name="Output H" value="2092630016"/>
  <attribute name="Output I" value="200"/>
  <attribute name="Output T" value="4"/>
  <attribute name="Target GC Util Change" value ="20.000000" />
  <attribute name="Current GC Util Change" value="0.000000"/>
  <attribute name="GC Util currently" value="0" />
  <attribute name="CPU Util currently" value="3" />
<allocation-satisfied id="59" threadId="000000000257F700" bytesRequested="2056" />
<af-end id="60" timestamp="2019-06-16T22:24:56.179" threadId="0000000002580088" success="true" from="nursery"/>
<exclusive-end id="61" timestamp="2019-06-16T22:24:56.180" durationms="9.403" />

<exclusive-start id="62" timestamp="2019-06-16T22:24:59.257" intervalms="3086.187">
  <response-info timems="1.024" idlems="1.024" threads="0" lastid="000000000257F700" lastname="main" />
</exclusive-start>
<af-start id="63" threadId="0000000002580088" totalBytesRequested="2056" timestamp="2019-06-16T22:24:59.258" intervalms="3086.176" type="nursery" />
<cycle-start id="64" type="scavenge" contextid="0" timestamp="2019-06-16T22:24:59.258" intervalms="3086.153" />
<gc-start id="65" type="scavenge" contextid="64" timestamp="2019-06-16T22:24:59.259">
  <mem-info id="66" free="5490152" total="8388608" percent="65">
    <mem type="nursery" free="0" total="2097152" percent="0">
      <mem type="allocate" free="0" total="1048576" percent="0" />
      <mem type="survivor" free="0" total="1048576" percent="0" />
    </mem>
    <mem type="tenure" free="5490152" total="6291456" percent="87">
      <mem type="soa" free="5175784" total="5977088" percent="86" />
      <mem type="loa" free="314368" total="314368" percent="100" />
    </mem>
    <remembered-set count="222" />
  </mem-info>
</gc-start>
<allocation-stats totalBytes="836896" >
  <allocated-bytes non-tlh="2056" tlh="834840" />
  <largest-consumer threadName="main" threadId="000000000257F700" bytes="836896" />
</allocation-stats>
<gc-op id="67" type="scavenge" timems="1.887" contextid="64" timestamp="2019-06-16T22:24:59.262">
  <scavenger-info tenureage="3" tenuremask="fff8" tiltratio="50" />
  <memory-copied type="nursery" objects="299" bytes="79584" bytesdiscarded="54232" />
  <memory-copied type="tenure" objects="302" bytes="16080" bytesdiscarded="32" />
  <finalization candidates="2" enqueued="0" />
  <references type="soft" candidates="1" cleared="0" enqueued="0" dynamicThreshold="32" maxThreshold="32" />
  <references type="weak" candidates="2" cleared="0" enqueued="0" />
  <references type="phantom" candidates="5" cleared="0" enqueued="0" />
</gc-op>
<gc-end id="68" type="scavenge" contextid="64" durationms="3.821" usertimems="0.000" systemtimems="4.000" timestamp="2019-06-16T22:24:59.263" activeThreads="4">
  <mem-info id="69" free="6496736" total="8388608" percent="77">
    <mem type="nursery" free="1045752" total="2097152" percent="49">
      <mem type="allocate" free="1045752" total="1179648" percent="88" />
      <mem type="survivor" free="0" total="917504" percent="0" />
    </mem>
    <mem type="tenure" free="5450984" total="6291456" percent="86">
      <mem type="soa" free="5136616" total="5977088" percent="85" />
      <mem type="loa" free="314368" total="314368" percent="100" />
    </mem>
    <remembered-set count="157" />
  </mem-info>
</gc-end>
<cycle-end id="70" type="scavenge" contextid="64" timestamp="2019-06-16T22:24:59.263" />
  <attribute name="elasticGC enabled" value="1" />
  <attribute name= "numThreadsSpecified" value="4" />
  <attribute name="heapSize specified" value="0" />
  <attribute name="Current GC Util" value="0" />
  <attribute name= "Current Time Running" value="5686" />
  <attribute name ="GC Interval" value="200" />
  <attribute name="ProportionalT" value="-10.000000" />
  <attribute name="ProportionalI" value="-10.000000" />
  <attribute name="ProportionalH" value="-10.000000" />
  <attribute name="Current Error" value="-20.000000" />
  <attribute name="IntegralT" value="-55299.500000" />
  <attribute name="IntegralI" value="-55299.500000" />
  <attribute name="IntegralH" value="-55299.500000" />
  <attribute name="DerivativeT" value="-0.006481" />
  <attribute name="DerivativeI" value="-0.006481" />
  <attribute name="DerivativeH" value="-0.006481" />
  <attribute name="Loop Time for DT" value="3086.000000" />
  <attribute name="Output H" value="2092630016"/>
  <attribute name="Output I" value="200"/>
  <attribute name="Output T" value="4"/>
  <attribute name="Target GC Util Change" value ="20.000000" />
  <attribute name="Current GC Util Change" value="0.000000"/>
  <attribute name="GC Util currently" value="0" />
  <attribute name="CPU Util currently" value="2" />
<allocation-satisfied id="71" threadId="000000000257F700" bytesRequested="2056" />
<af-end id="72" timestamp="2019-06-16T22:24:59.264" threadId="0000000002580088" success="true" from="nursery"/>
<exclusive-end id="73" timestamp="2019-06-16T22:24:59.265" durationms="7.524" />

<exclusive-start id="74" timestamp="2019-06-16T22:25:03.271" intervalms="4014.158">
  <response-info timems="0.050" idlems="0.050" threads="0" lastid="000000000257F700" lastname="main" />
</exclusive-start>
<af-start id="75" threadId="0000000002580088" totalBytesRequested="2056" timestamp="2019-06-16T22:25:03.272" intervalms="4014.284" type="nursery" />
<cycle-start id="76" type="scavenge" contextid="0" timestamp="2019-06-16T22:25:03.273" intervalms="4014.343" />
<gc-start id="77" type="scavenge" contextid="76" timestamp="2019-06-16T22:25:03.273">
  <mem-info id="78" free="5450984" total="8388608" percent="64">
    <mem type="nursery" free="0" total="2097152" percent="0">
      <mem type="allocate" free="0" total="1179648" percent="0" />
      <mem type="survivor" free="0" total="917504" percent="0" />
    </mem>
    <mem type="tenure" free="5450984" total="6291456" percent="86">
      <mem type="soa" free="5136616" total="5977088" percent="85" />
      <mem type="loa" free="314368" total="314368" percent="100" />
    </mem>
    <remembered-set count="157" />
  </mem-info>
</gc-start>
<allocation-stats totalBytes="1041184" >
  <allocated-bytes non-tlh="2056" tlh="1039128" />
  <largest-consumer threadName="main" threadId="000000000257F700" bytes="1041184" />
</allocation-stats>
<gc-op id="79" type="scavenge" timems="0.332" contextid="76" timestamp="2019-06-16T22:25:03.274">
  <scavenger-info tenureage="5" tenuremask="ffe0" tiltratio="56" />
  <memory-copied type="nursery" objects="300" bytes="81656" bytesdiscarded="21192" />
  <finalization candidates="2" enqueued="0" />
  <references type="soft" candidates="1" cleared="0" enqueued="0" dynamicThreshold="32" maxThreshold="32" />
  <references type="weak" candidates="2" cleared="0" enqueued="0" />
  <references type="phantom" candidates="5" cleared="0" enqueued="0" />
</gc-op>
<gc-end id="80" type="scavenge" contextid="76" durationms="1.249" usertimems="0.000" systemtimems="0.000" timestamp="2019-06-16T22:25:03.275" activeThreads="4">
  <mem-info id="81" free="6658776" total="8388608" percent="79">
    <mem type="nursery" free="1207792" total="2097152" percent="57">
      <mem type="allocate" free="1207792" total="1310720" percent="92" />
      <mem type="survivor" free="0" total="786432" percent="0" />
    </mem>
    <mem type="tenure" free="5450984" total="6291456" percent="86">
      <mem type="soa" free="5136616" total="5977088" percent="85" />
      <mem type="loa" free="314368" total="314368" percent="100" />
    </mem>
    <remembered-set count="86" />
  </mem-info>
</gc-end>
<cycle-end id="82" type="scavenge" contextid="76" timestamp="2019-06-16T22:25:03.275" />
  <attribute name="elasticGC enabled" value="1" />
  <attribute name= "numThreadsSpecified" value="4" />
  <attribute name="heapSize specified" value="0" />
  <attribute name="Current GC Util" value="0" />
  <attribute name= "Current Time Running" value="9700" />
  <attribute name ="GC Interval" value="200" />
  <attribute name="ProportionalT" value="-10.000000" />
  <attribute name="ProportionalI" value="-10.000000" />
  <attribute name="ProportionalH" value="-10.000000" />
  <attribute name="Current Error" value="-20.000000" />
  <attribute name="IntegralT" value="-40140.000000" />
  <attribute name="IntegralI" value="-40140.000000" />
  <attribute name="IntegralH" value="-40140.000000" />
  <attribute name="DerivativeT" value="-0.004983" />
  <attribute name="DerivativeI" value="-0.004983" />
  <attribute name="DerivativeH" value="-0.004983" />
  <attribute name="Loop Time for DT" value="4014.000000" />
  <attribute name="Output H" value="2092630016"/>
  <attribute name="Output I" value="200"/>
  <attribute name="Output T" value="4"/>
  <attribute name="Target GC Util Change" value ="20.000000" />
  <attribute name="Current GC Util Change" value="0.000000"/>
  <attribute name="GC Util currently" value="0" />
  <attribute name="CPU Util currently" value="1" />
<allocation-satisfied id="83" threadId="000000000257F700" bytesRequested="2056" />
<af-end id="84" timestamp="2019-06-16T22:25:03.275" threadId="0000000002580088" success="true" from="nursery"/>
<exclusive-end id="85" timestamp="2019-06-16T22:25:03.275" durationms="3.879" />

<exclusive-start id="86" timestamp="2019-06-16T22:25:05.884" intervalms="2612.657">
  <response-info timems="0.061" idlems="0.061" threads="0" lastid="000000000257F700" lastname="main" />
</exclusive-start>
<sys-start reason="explicit" id="87" timestamp="2019-06-16T22:25:05.884" intervalms="12430.174" />
<cycle-start id="88" type="global" contextid="0" timestamp="2019-06-16T22:25:05.885" intervalms="12430.637" />
<gc-start id="89" type="global" contextid="88" timestamp="2019-06-16T22:25:05.885">
  <mem-info id="90" free="5443984" total="8388608" percent="64">
    <mem type="nursery" free="0" total="2097152" percent="0">
      <mem type="allocate" free="0" total="1310720" percent="0" />
      <mem type="survivor" free="0" total="786432" percent="0" />
    </mem>
    <mem type="tenure" free="5443984" total="6291456" percent="86">
      <mem type="soa" free="5129616" total="5977088" percent="85" />
      <mem type="loa" free="314368" total="314368" percent="100" />
    </mem>
    <remembered-set count="164" />
  </mem-info>
</gc-start>
<allocation-stats totalBytes="1197888" >
  <allocated-bytes non-tlh="174240" tlh="1023648" />
  <largest-consumer threadName="main" threadId="000000000257F700" bytes="1197888" />
</allocation-stats>
<gc-op id="91" type="mark" timems="1.873" contextid="88" timestamp="2019-06-16T22:25:05.887">
  <trace-info objectcount="16928" scancount="13945" scanbytes="446088" />
  <finalization candidates="13" enqueued="0" />
  <references type="soft" candidates="66" cleared="0" enqueued="0" dynamicThreshold="32" maxThreshold="32" />
  <references type="weak" candidates="172" cleared="43" enqueued="35" />
  <references type="phantom" candidates="34" cleared="4" enqueued="4" />
  <stringconstants candidates="2456" cleared="0"  />
</gc-op>
<gc-op id="92" type="classunload" timems="0.114" contextid="88" timestamp="2019-06-16T22:25:05.887">
  <classunload-info classloadercandidates="6" classloadersunloaded="0" classesunloaded="0" anonymousclassesunloaded="0" quiescems="0.000" setupms="0.114" scanms="0.000" postms="0.000" />
</gc-op>
<gc-op id="93" type="sweep" timems="0.645" contextid="88" timestamp="2019-06-16T22:25:05.888" />
<mem-info id="94" free="6598552" total="8388608" percent="78">
  <mem type="nursery" free="1035648" total="2097152" percent="49">
    <mem type="allocate" free="1035648" total="1310720" percent="79" />
    <mem type="survivor" free="0" total="786432" percent="0" />
  </mem>
  <mem type="tenure" free="5562904" total="6291456" percent="88" micro-fragmented="0" macro-fragmented="4479464">
    <mem type="soa" free="5248536" total="5977088" percent="87" />
    <mem type="loa" free="314368" total="314368" percent="100" />
  </mem>
  <pending-finalizers system="0" default="0" reference="39" classloader="0" />
  <remembered-set count="163" />
</mem-info>
<gc-op id="95" type="compact" timems="3.903" contextid="88" timestamp="2019-06-16T22:25:05.892">
  <compact-info movecount="12505" movebytes="800856" reason="compact to aid heap contraction" />
</gc-op>
<gc-end id="96" type="global" contextid="88" durationms="8.124" usertimems="8.000" systemtimems="0.000" timestamp="2019-06-16T22:25:05.893" activeThreads="4">
  <mem-info id="97" free="6617512" total="8388608" percent="78">
    <mem type="nursery" free="1052488" total="2097152" percent="50">
      <mem type="allocate" free="1052488" total="1310720" percent="80" />
      <mem type="survivor" free="0" total="786432" percent="0" />
    </mem>
    <mem type="tenure" free="5565024" total="6291456" percent="88">
      <mem type="soa" free="5250656" total="5977088" percent="87" />
      <mem type="loa" free="314368" total="314368" percent="100" />
    </mem>
    <pending-finalizers system="0" default="0" reference="39" classloader="0" />
    <remembered-set count="163" />
  </mem-info>
</gc-end>
<cycle-end id="98" type="global" contextid="88" timestamp="2019-06-16T22:25:05.893" />
  <attribute name="elasticGC enabled" value="1" />
  <attribute name= "numThreadsSpecified" value="4" />
  <attribute name="heapSize specified" value="8388608" />
  <attribute name="Current GC Util" value="30" />
  <attribute name= "Current Time Running" value="12319" />
  <attribute name ="GC Interval" value="200" />
  <attribute name="ProportionalT" value="5.000000" />
  <attribute name="ProportionalI" value="5.000000" />
  <attribute name="ProportionalH" value="5.000000" />
  <attribute name="Current Error" value="10.000000" />
  <attribute name="IntegralT" value="20.000000" />
  <attribute name="IntegralI" value="20.000000" />
  <attribute name="IntegralH" value="20.000000" />
  <attribute name="DerivativeT" value="2.500000" />
  <attribute name="DerivativeI" value="2.500000" />
  <attribute name="DerivativeH" value="2.500000" />
  <attribute name="Loop Time for DT" value="4.000000" />
  <attribute name="Output H" value="8388608"/>
  <attribute name="Output I" value="200"/>
  <attribute name="Output T" value="4"/>
  <attribute name="Target GC Util Change" value ="20.000000" />
  <attribute name="Current GC Util Change" value="30.000000"/>
  <attribute name="GC Util currently" value="30" />
  <attribute name="CPU Util currently" value="1142903668097" />
<sys-end id="99" timestamp="2019-06-16T22:25:05.893" />
<exclusive-end id="100" timestamp="2019-06-16T22:25:05.893" durationms="9.373" />

<exclusive-start id="101" timestamp="2019-06-16T22:25:06.044" intervalms="159.900">
  <response-info timems="0.027" idlems="0.027" threads="0" lastid="000000000257F700" lastname="main" />
</exclusive-start>
<af-start id="102" threadId="0000000002580088" totalBytesRequested="112" timestamp="2019-06-16T22:25:06.044" intervalms="2771.952" type="nursery" />
<cycle-start id="103" type="scavenge" contextid="0" timestamp="2019-06-16T22:25:06.044" intervalms="2771.402" />
<gc-start id="104" type="scavenge" contextid="103" timestamp="2019-06-16T22:25:06.044">
  <mem-info id="105" free="5502304" total="8388608" percent="65">
    <mem type="nursery" free="0" total="2097152" percent="0">
      <mem type="allocate" free="0" total="1310720" percent="0" />
      <mem type="survivor" free="0" total="786432" percent="0" />
    </mem>
    <mem type="tenure" free="5502304" total="6291456" percent="87">
      <mem type="soa" free="5187936" total="5977088" percent="86" />
      <mem type="loa" free="314368" total="314368" percent="100" />
    </mem>
    <remembered-set count="569" />
  </mem-info>
</gc-start>
<allocation-stats totalBytes="1113936" >
  <allocated-bytes non-tlh="62720" tlh="1051216" />
  <largest-consumer threadName="main" threadId="000000000257F700" bytes="1109840" />
</allocation-stats>
<gc-op id="106" type="scavenge" timems="0.575" contextid="103" timestamp="2019-06-16T22:25:06.045">
  <scavenger-info tenureage="3" tenuremask="fff8" tiltratio="62" />
  <memory-copied type="nursery" objects="2272" bytes="290184" bytesdiscarded="70768" />
  <memory-copied type="tenure" objects="231" bytes="57800" bytesdiscarded="0" />
  <finalization candidates="2" enqueued="0" />
  <references type="soft" candidates="3" cleared="0" enqueued="0" dynamicThreshold="28" maxThreshold="32" />
  <references type="weak" candidates="32" cleared="31" enqueued="31" />
  <references type="phantom" candidates="6" cleared="0" enqueued="0" />
</gc-op>
<gc-end id="107" type="scavenge" contextid="103" durationms="0.847" usertimems="0.000" systemtimems="0.000" timestamp="2019-06-16T22:25:06.045" activeThreads="4">
  <mem-info id="108" free="6422800" total="8388608" percent="76">
    <mem type="nursery" free="1015232" total="2097152" percent="48">
      <mem type="allocate" free="1015232" total="1376256" percent="73" />
      <mem type="survivor" free="0" total="720896" percent="0" />
    </mem>
    <mem type="tenure" free="5407568" total="6291456" percent="85" macro-fragmented="4479464">
      <mem type="soa" free="5093200" total="5977088" percent="85" />
      <mem type="loa" free="314368" total="314368" percent="100" />
    </mem>
    <pending-finalizers system="0" default="0" reference="31" classloader="0" />
    <remembered-set count="549" />
  </mem-info>
</gc-end>
<cycle-end id="109" type="scavenge" contextid="103" timestamp="2019-06-16T22:25:06.045" />
  <attribute name="elasticGC enabled" value="1" />
  <attribute name= "numThreadsSpecified" value="4" />
  <attribute name="heapSize specified" value="8388608" />
  <attribute name="Current GC Util" value="3" />
  <attribute name= "Current Time Running" value="12471" />
  <attribute name ="GC Interval" value="200" />
  <attribute name="ProportionalT" value="-8.500000" />
  <attribute name="ProportionalI" value="-8.500000" />
  <attribute name="ProportionalH" value="-8.500000" />
  <attribute name="Current Error" value="-17.000000" />
  <attribute name="IntegralT" value="-1292.000000" />
  <attribute name="IntegralI" value="-1292.000000" />
  <attribute name="IntegralH" value="-1292.000000" />
  <attribute name="DerivativeT" value="-0.177632" />
  <attribute name="DerivativeI" value="-0.177632" />
  <attribute name="DerivativeH" value="-0.177632" />
  <attribute name="Loop Time for DT" value="152.000000" />
  <attribute name="Output H" value="2092630016"/>
  <attribute name="Output I" value="200"/>
  <attribute name="Output T" value="4"/>
  <attribute name="Target GC Util Change" value ="20.000000" />
  <attribute name="Current GC Util Change" value="3.000000"/>
  <attribute name="GC Util currently" value="3" />
  <attribute name="CPU Util currently" value="8" />
<allocation-satisfied id="110" threadId="000000000257F700" bytesRequested="112" />
<af-end id="111" timestamp="2019-06-16T22:25:06.045" threadId="0000000002580088" success="true" from="nursery"/>
<exclusive-end id="112" timestamp="2019-06-16T22:25:06.045" durationms="1.375" />

<exclusive-start id="113" timestamp="2019-06-16T22:25:06.112" intervalms="68.294">
  <response-info timems="0.026" idlems="0.026" threads="0" lastid="000000000257F700" lastname="main" />
</exclusive-start>
<af-start id="114" threadId="0000000002580088" totalBytesRequested="224" timestamp="2019-06-16T22:25:06.112" intervalms="68.254" type="nursery" />
<cycle-start id="115" type="scavenge" contextid="0" timestamp="2019-06-16T22:25:06.112" intervalms="68.206" />
<gc-start id="116" type="scavenge" contextid="115" timestamp="2019-06-16T22:25:06.112">
  <mem-info id="117" free="5374080" total="8388608" percent="64">
    <mem type="nursery" free="0" total="2097152" percent="0">
      <mem type="allocate" free="0" total="1376256" percent="0" />
      <mem type="survivor" free="0" total="720896" percent="0" />
    </mem>
    <mem type="tenure" free="5374080" total="6291456" percent="85">
      <mem type="soa" free="5059712" total="5977088" percent="84" />
      <mem type="loa" free="314368" total="314368" percent="100" />
    </mem>
    <remembered-set count="955" />
  </mem-info>
</gc-start>
<allocation-stats totalBytes="1046488" >
  <allocated-bytes non-tlh="33600" tlh="1012888" />
  <largest-consumer threadName="main" threadId="000000000257F700" bytes="1046488" />
</allocation-stats>
<gc-op id="118" type="scavenge" timems="0.411" contextid="115" timestamp="2019-06-16T22:25:06.113">
  <scavenger-info tenureage="3" tenuremask="ffc8" tiltratio="65" />
  <memory-copied type="nursery" objects="2445" bytes="350344" bytesdiscarded="39048" />
  <references type="soft" candidates="3" cleared="0" enqueued="0" dynamicThreshold="28" maxThreshold="32" />
  <references type="weak" candidates="3" cleared="2" enqueued="2" />
  <references type="phantom" candidates="7" cleared="0" enqueued="0" />
</gc-op>
<gc-end id="119" type="scavenge" contextid="115" durationms="0.630" usertimems="0.000" systemtimems="0.000" timestamp="2019-06-16T22:25:06.113" activeThreads="4">
  <mem-info id="120" free="6426392" total="8388608" percent="76">
    <mem type="nursery" free="1052312" total="2097152" percent="50">
      <mem type="allocate" free="1052312" total="1441792" percent="72" />
      <mem type="survivor" free="0" total="655360" percent="0" />
    </mem>
    <mem type="tenure" free="5374080" total="6291456" percent="85" macro-fragmented="3732887">
      <mem type="soa" free="5059712" total="5977088" percent="84" />
      <mem type="loa" free="314368" total="314368" percent="100" />
    </mem>
    <pending-finalizers system="0" default="0" reference="2" classloader="0" />
    <remembered-set count="953" />
  </mem-info>
</gc-end>
<cycle-end id="121" type="scavenge" contextid="115" timestamp="2019-06-16T22:25:06.113" />
  <attribute name="elasticGC enabled" value="1" />
  <attribute name= "numThreadsSpecified" value="4" />
  <attribute name="heapSize specified" value="8388608" />
  <attribute name="Current GC Util" value="1" />
  <attribute name= "Current Time Running" value="12539" />
  <attribute name ="GC Interval" value="200" />
  <attribute name="ProportionalT" value="-9.500000" />
  <attribute name="ProportionalI" value="-9.500000" />
  <attribute name="ProportionalH" value="-9.500000" />
  <attribute name="Current Error" value="-19.000000" />
  <attribute name="IntegralT" value="-646.000000" />
  <attribute name="IntegralI" value="-646.000000" />
  <attribute name="IntegralH" value="-646.000000" />
  <attribute name="DerivativeT" value="-0.279412" />
  <attribute name="DerivativeI" value="-0.279412" />
  <attribute name="DerivativeH" value="-0.279412" />
  <attribute name="Loop Time for DT" value="68.000000" />
  <attribute name="Output H" value="2092630016"/>
  <attribute name="Output I" value="200"/>
  <attribute name="Output T" value="4"/>
  <attribute name="Target GC Util Change" value ="20.000000" />
  <attribute name="Current GC Util Change" value="1.000000"/>
  <attribute name="GC Util currently" value="1" />
  <attribute name="CPU Util currently" value="67725229114" />
<allocation-satisfied id="122" threadId="000000000257F700" bytesRequested="224" />
<af-end id="123" timestamp="2019-06-16T22:25:06.113" threadId="0000000002580088" success="true" from="nursery"/>
<exclusive-end id="124" timestamp="2019-06-16T22:25:06.113" durationms="1.004" />

<exclusive-start id="125" timestamp="2019-06-16T22:25:06.499" intervalms="386.599">
  <response-info timems="0.028" idlems="0.028" threads="0" lastid="000000000257F700" lastname="main" />
</exclusive-start>
<af-start id="126" threadId="0000000002580088" totalBytesRequested="120" timestamp="2019-06-16T22:25:06.499" intervalms="386.614" type="nursery" />
<cycle-start id="127" type="scavenge" contextid="0" timestamp="2019-06-16T22:25:06.499" intervalms="386.625" />
<gc-start id="128" type="scavenge" contextid="127" timestamp="2019-06-16T22:25:06.499">
  <mem-info id="129" free="5356704" total="8388608" percent="63">
    <mem type="nursery" free="0" total="2097152" percent="0">
      <mem type="allocate" free="0" total="1441792" percent="0" />
      <mem type="survivor" free="0" total="655360" percent="0" />
    </mem>
    <mem type="tenure" free="5356704" total="6291456" percent="85">
      <mem type="soa" free="5042336" total="5977088" percent="84" />
      <mem type="loa" free="314368" total="314368" percent="100" />
    </mem>
    <remembered-set count="1198" />
  </mem-info>
</gc-start>
<allocation-stats totalBytes="1068680" >
  <allocated-bytes non-tlh="17600" tlh="1051080" />
  <largest-consumer threadName="main" threadId="000000000257F700" bytes="1068680" />
</allocation-stats>
<gc-op id="130" type="scavenge" timems="0.827" contextid="127" timestamp="2019-06-16T22:25:06.500">
  <scavenger-info tenureage="3" tenuremask="fff8" tiltratio="68" />
  <memory-copied type="nursery" objects="12854" bytes="643008" bytesdiscarded="12256" />
  <memory-copied type="tenure" objects="742" bytes="16360" bytesdiscarded="0" />
  <copy-failed type="nursery" objects="742" bytes="16360" />
  <references type="soft" candidates="3" cleared="0" enqueued="0" dynamicThreshold="28" maxThreshold="32" />
  <references type="weak" candidates="8" cleared="7" enqueued="7" />
  <references type="phantom" candidates="8" cleared="2" enqueued="2" />
</gc-op>
<gc-end id="131" type="scavenge" contextid="127" durationms="1.275" usertimems="0.000" systemtimems="0.000" timestamp="2019-06-16T22:25:06.500" activeThreads="4">
  <mem-info id="132" free="5649312" total="8388608" percent="67">
    <mem type="nursery" free="393216" total="2097152" percent="18">
      <mem type="allocate" free="393216" total="1048576" percent="37" />
      <mem type="survivor" free="0" total="1048576" percent="0" />
    </mem>
    <mem type="tenure" free="5256096" total="6291456" percent="83" macro-fragmented="1500163">
      <mem type="soa" free="4941728" total="5977088" percent="82" />
      <mem type="loa" free="314368" total="314368" percent="100" />
    </mem>
    <pending-finalizers system="0" default="0" reference="9" classloader="0" />
    <remembered-set count="1590" />
  </mem-info>
</gc-end>
<cycle-end id="133" type="scavenge" contextid="127" timestamp="2019-06-16T22:25:06.500" />
  <attribute name="elasticGC enabled" value="1" />
  <attribute name= "numThreadsSpecified" value="4" />
  <attribute name="heapSize specified" value="8388608" />
  <attribute name="Current GC Util" value="0" />
  <attribute name= "Current Time Running" value="12925" />
  <attribute name ="GC Interval" value="200" />
  <attribute name="ProportionalT" value="-10.000000" />
  <attribute name="ProportionalI" value="-10.000000" />
  <attribute name="ProportionalH" value="-10.000000" />
  <attribute name="Current Error" value="-20.000000" />
  <attribute name="IntegralT" value="-3860.000000" />
  <attribute name="IntegralI" value="-3860.000000" />
  <attribute name="IntegralH" value="-3860.000000" />
  <attribute name="DerivativeT" value="-0.051813" />
  <attribute name="DerivativeI" value="-0.051813" />
  <attribute name="DerivativeH" value="-0.051813" />
  <attribute name="Loop Time for DT" value="386.000000" />
  <attribute name="Output H" value="2092630016"/>
  <attribute name="Output I" value="200"/>
  <attribute name="Output T" value="4"/>
  <attribute name="Target GC Util Change" value ="20.000000" />
  <attribute name="Current GC Util Change" value="0.000000"/>
  <attribute name="GC Util currently" value="0" />
  <attribute name="CPU Util currently" value="5" />
<allocation-satisfied id="134" threadId="000000000257F700" bytesRequested="120" />
<af-end id="135" timestamp="2019-06-16T22:25:06.501" threadId="0000000002580088" success="true" from="nursery"/>
<exclusive-end id="136" timestamp="2019-06-16T22:25:06.501" durationms="1.876" />

<exclusive-start id="137" timestamp="2019-06-16T22:25:06.515" intervalms="15.819">
  <response-info timems="0.068" idlems="0.068" threads="0" lastid="000000000257F700" lastname="main" />
</exclusive-start>
<af-start id="138" threadId="0000000002580088" totalBytesRequested="24" timestamp="2019-06-16T22:25:06.515" intervalms="15.880" type="nursery" />
<cycle-start id="139" type="scavenge" contextid="0" timestamp="2019-06-16T22:25:06.515" intervalms="15.928" />
<gc-start id="140" type="scavenge" contextid="139" timestamp="2019-06-16T22:25:06.515">
  <mem-info id="141" free="5239912" total="8388608" percent="62">
    <mem type="nursery" free="0" total="2097152" percent="0">
      <mem type="allocate" free="0" total="1048576" percent="0" />
      <mem type="survivor" free="0" total="1048576" percent="0" />
    </mem>
    <mem type="tenure" free="5239912" total="6291456" percent="83">
      <mem type="soa" free="4925544" total="5977088" percent="82" />
      <mem type="loa" free="314368" total="314368" percent="100" />
    </mem>
    <remembered-set count="1935" />
  </mem-info>
</gc-start>
<allocation-stats totalBytes="408096" >
  <allocated-bytes non-tlh="16304" tlh="391792" />
  <largest-consumer threadName="main" threadId="000000000257F700" bytes="408096" />
</allocation-stats>
<gc-op id="142" type="scavenge" timems="0.831" contextid="139" timestamp="2019-06-16T22:25:06.516">
  <scavenger-info tenureage="3" tenuremask="fff8" tiltratio="50" />
  <memory-copied type="nursery" objects="11330" bytes="370000" bytesdiscarded="112936" />
  <memory-copied type="tenure" objects="2121" bytes="285016" bytesdiscarded="0" />
</gc-op>
<gc-end id="143" type="scavenge" contextid="139" durationms="1.074" usertimems="4.000" systemtimems="0.000" timestamp="2019-06-16T22:25:06.516" activeThreads="4">
  <mem-info id="144" free="5535376" total="8388608" percent="65">
    <mem type="nursery" free="631144" total="2097152" percent="30">
      <mem type="allocate" free="631144" total="1114112" percent="56" />
      <mem type="survivor" free="0" total="983040" percent="0" />
    </mem>
    <mem type="tenure" free="4904232" total="6291456" percent="77" macro-fragmented="4479464">
      <mem type="soa" free="4589864" total="5977088" percent="76" />
      <mem type="loa" free="314368" total="314368" percent="100" />
    </mem>
    <remembered-set count="1491" />
  </mem-info>
</gc-end>
<cycle-end id="145" type="scavenge" contextid="139" timestamp="2019-06-16T22:25:06.516" />
  <attribute name="elasticGC enabled" value="1" />
  <attribute name= "numThreadsSpecified" value="4" />
  <attribute name="heapSize specified" value="8388608" />
  <attribute name="Current GC Util" value="11" />
  <attribute name= "Current Time Running" value="12941" />
  <attribute name ="GC Interval" value="200" />
  <attribute name="ProportionalT" value="-4.500000" />
  <attribute name="ProportionalI" value="-4.500000" />
  <attribute name="ProportionalH" value="-4.500000" />
  <attribute name="Current Error" value="-9.000000" />
  <attribute name="IntegralT" value="-72.000000" />
  <attribute name="IntegralI" value="-72.000000" />
  <attribute name="IntegralH" value="-72.000000" />
  <attribute name="DerivativeT" value="-0.562500" />
  <attribute name="DerivativeI" value="-0.562500" />
  <attribute name="DerivativeH" value="-0.562500" />
  <attribute name="Loop Time for DT" value="16.000000" />
  <attribute name="Output H" value="2092630016"/>
  <attribute name="Output I" value="200"/>
  <attribute name="Output T" value="4"/>
  <attribute name="Target GC Util Change" value ="20.000000" />
  <attribute name="Current GC Util Change" value="11.000000"/>
  <attribute name="GC Util currently" value="11" />
  <attribute name="CPU Util currently" value="289325745324" />
<allocation-satisfied id="146" threadId="000000000257F700" bytesRequested="24" />
<af-end id="147" timestamp="2019-06-16T22:25:06.516" threadId="0000000002580088" success="true" from="nursery"/>
<exclusive-end id="148" timestamp="2019-06-16T22:25:06.516" durationms="1.774" />

<exclusive-start id="149" timestamp="2019-06-16T22:25:06.619" intervalms="104.498">
  <response-info timems="0.060" idlems="0.060" threads="0" lastid="000000000257F700" lastname="main" />
</exclusive-start>
<af-start id="150" threadId="0000000002580088" totalBytesRequested="1168" timestamp="2019-06-16T22:25:06.619" intervalms="104.468" type="nursery" />
<cycle-start id="151" type="scavenge" contextid="0" timestamp="2019-06-16T22:25:06.619" intervalms="104.450" />
<gc-start id="152" type="scavenge" contextid="151" timestamp="2019-06-16T22:25:06.619">
  <mem-info id="153" free="4896152" total="8388608" percent="58">
    <mem type="nursery" free="0" total="2097152" percent="0">
      <mem type="allocate" free="0" total="1114112" percent="0" />
      <mem type="survivor" free="0" total="983040" percent="0" />
    </mem>
    <mem type="tenure" free="4896152" total="6291456" percent="77">
      <mem type="soa" free="4581784" total="5977088" percent="76" />
      <mem type="loa" free="314368" total="314368" percent="100" />
    </mem>
    <remembered-set count="1589" />
  </mem-info>
</gc-start>
<allocation-stats totalBytes="610064" >
  <allocated-bytes non-tlh="102760" tlh="507304" />
  <largest-consumer threadName="main" threadId="000000000257F700" bytes="610064" />
</allocation-stats>
<gc-op id="154" type="scavenge" timems="0.825" contextid="151" timestamp="2019-06-16T22:25:06.620">
  <scavenger-info tenureage="3" tenuremask="fff8" tiltratio="53" />
  <memory-copied type="nursery" objects="11803" bytes="385408" bytesdiscarded="158952" />
  <memory-copied type="tenure" objects="161" bytes="51248" bytesdiscarded="0" />
  <references type="weak" candidates="2" cleared="2" enqueued="2" />
</gc-op>
<gc-end id="155" type="scavenge" contextid="151" durationms="1.244" usertimems="4.000" systemtimems="0.000" timestamp="2019-06-16T22:25:06.621" activeThreads="4">
  <mem-info id="156" free="5494488" total="8388608" percent="65">
    <mem type="nursery" free="635240" total="2097152" percent="30">
      <mem type="allocate" free="635240" total="1179648" percent="53" />
      <mem type="survivor" free="0" total="917504" percent="0" />
    </mem>
    <mem type="tenure" free="4859248" total="6291456" percent="77" macro-fragmented="0">
      <mem type="soa" free="4544880" total="5977088" percent="76" />
      <mem type="loa" free="314368" total="314368" percent="100" />
    </mem>
    <pending-finalizers system="0" default="0" reference="2" classloader="0" />
    <remembered-set count="1358" />
  </mem-info>
</gc-end>
<cycle-end id="157" type="scavenge" contextid="151" timestamp="2019-06-16T22:25:06.621" />
  <attribute name="elasticGC enabled" value="1" />
  <attribute name= "numThreadsSpecified" value="4" />
  <attribute name="heapSize specified" value="8388608" />
  <attribute name="Current GC Util" value="1" />
  <attribute name= "Current Time Running" value="13046" />
  <attribute name ="GC Interval" value="200" />
  <attribute name="ProportionalT" value="-9.500000" />
  <attribute name="ProportionalI" value="-9.500000" />
  <attribute name="ProportionalH" value="-9.500000" />
  <attribute name="Current Error" value="-19.000000" />
  <attribute name="IntegralT" value="-997.500000" />
  <attribute name="IntegralI" value="-997.500000" />
  <attribute name="IntegralH" value="-997.500000" />
  <attribute name="DerivativeT" value="-0.180952" />
  <attribute name="DerivativeI" value="-0.180952" />
  <attribute name="DerivativeH" value="-0.180952" />
  <attribute name="Loop Time for DT" value="105.000000" />
  <attribute name="Output H" value="2092630016"/>
  <attribute name="Output I" value="200"/>
  <attribute name="Output T" value="4"/>
  <attribute name="Target GC Util Change" value ="20.000000" />
  <attribute name="Current GC Util Change" value="1.000000"/>
  <attribute name="GC Util currently" value="1" />
  <attribute name="CPU Util currently" value="6" />
<allocation-satisfied id="158" threadId="000000000257F700" bytesRequested="1168" />
<af-end id="159" timestamp="2019-06-16T22:25:06.621" threadId="0000000002580088" success="true" from="nursery"/>
<exclusive-end id="160" timestamp="2019-06-16T22:25:06.621" durationms="1.978" />

<exclusive-start id="161" timestamp="2019-06-16T22:25:06.646" intervalms="27.290">
  <response-info timems="0.023" idlems="0.023" threads="0" lastid="000000000257F700" lastname="main" />
</exclusive-start>
<af-start id="162" threadId="0000000002580088" totalBytesRequested="3152" timestamp="2019-06-16T22:25:06.646" intervalms="27.245" type="nursery" />
<cycle-start id="163" type="scavenge" contextid="0" timestamp="2019-06-16T22:25:06.647" intervalms="27.216" />
<gc-start id="164" type="scavenge" contextid="163" timestamp="2019-06-16T22:25:06.647">
  <mem-info id="165" free="4842824" total="8388608" percent="57">
    <mem type="nursery" free="0" total="2097152" percent="0">
      <mem type="allocate" free="0" total="1179648" percent="0" />
      <mem type="survivor" free="0" total="917504" percent="0" />
    </mem>
    <mem type="tenure" free="4842824" total="6291456" percent="76">
      <mem type="soa" free="4528456" total="5977088" percent="75" />
      <mem type="loa" free="314368" total="314368" percent="100" />
    </mem>
    <remembered-set count="1559" />
  </mem-info>
</gc-start>
<allocation-stats totalBytes="646840" >
  <allocated-bytes non-tlh="17592" tlh="629248" />
  <largest-consumer threadName="main" threadId="000000000257F700" bytes="646840" />
</allocation-stats>
<gc-op id="166" type="scavenge" timems="0.822" contextid="163" timestamp="2019-06-16T22:25:06.648">
  <scavenger-info tenureage="3" tenuremask="fff8" tiltratio="56" />
  <memory-copied type="nursery" objects="1894" bytes="111760" bytesdiscarded="138880" />
  <memory-copied type="tenure" objects="10511" bytes="299744" bytesdiscarded="24" />
  <references type="weak" candidates="1" cleared="0" enqueued="0" />
  <references type="phantom" candidates="1" cleared="0" enqueued="0" />
</gc-op>
<gc-end id="167" type="scavenge" contextid="163" durationms="1.042" usertimems="4.000" systemtimems="0.000" timestamp="2019-06-16T22:25:06.648" activeThreads="4">
  <mem-info id="168" free="5601048" total="8388608" percent="66">
    <mem type="nursery" free="1060048" total="2097152" percent="50">
      <mem type="allocate" free="1060048" total="1310720" percent="80" />
      <mem type="survivor" free="0" total="786432" percent="0" />
    </mem>
    <mem type="tenure" free="4541000" total="6291456" percent="72" macro-fragmented="2592282">
      <mem type="soa" free="4226632" total="5977088" percent="70" />
      <mem type="loa" free="314368" total="314368" percent="100" />
    </mem>
    <remembered-set count="377" />
  </mem-info>
</gc-end>
<cycle-end id="169" type="scavenge" contextid="163" timestamp="2019-06-16T22:25:06.648" />
  <attribute name="elasticGC enabled" value="1" />
  <attribute name= "numThreadsSpecified" value="4" />
  <attribute name="heapSize specified" value="8388608" />
  <attribute name="Current GC Util" value="6" />
  <attribute name= "Current Time Running" value="13073" />
  <attribute name ="GC Interval" value="200" />
  <attribute name="ProportionalT" value="-7.000000" />
  <attribute name="ProportionalI" value="-7.000000" />
  <attribute name="ProportionalH" value="-7.000000" />
  <attribute name="Current Error" value="-14.000000" />
  <attribute name="IntegralT" value="-189.000000" />
  <attribute name="IntegralI" value="-189.000000" />
  <attribute name="IntegralH" value="-189.000000" />
  <attribute name="DerivativeT" value="-0.518519" />
  <attribute name="DerivativeI" value="-0.518519" />
  <attribute name="DerivativeH" value="-0.518519" />
  <attribute name="Loop Time for DT" value="27.000000" />
  <attribute name="Output H" value="2092630016"/>
  <attribute name="Output I" value="200"/>
  <attribute name="Output T" value="4"/>
  <attribute name="Target GC Util Change" value ="20.000000" />
  <attribute name="Current GC Util Change" value="6.000000"/>
  <attribute name="GC Util currently" value="6" />
  <attribute name="CPU Util currently" value="170060217947" />
<allocation-satisfied id="170" threadId="000000000257F700" bytesRequested="3152" />
<af-end id="171" timestamp="2019-06-16T22:25:06.648" threadId="0000000002580088" success="true" from="nursery"/>
<exclusive-end id="172" timestamp="2019-06-16T22:25:06.648" durationms="1.468" />

<exclusive-start id="173" timestamp="2019-06-16T22:25:06.672" intervalms="25.786">
  <response-info timems="0.047" idlems="0.047" threads="0" lastid="000000000257F700" lastname="main" />
</exclusive-start>
<af-start id="174" threadId="0000000002580088" totalBytesRequested="36904" timestamp="2019-06-16T22:25:06.672" intervalms="25.799" type="nursery" />
<cycle-start id="175" type="scavenge" contextid="0" timestamp="2019-06-16T22:25:06.672" intervalms="25.797" />
<gc-start id="176" type="scavenge" contextid="175" timestamp="2019-06-16T22:25:06.672">
  <mem-info id="177" free="4523696" total="8388608" percent="53">
    <mem type="nursery" free="0" total="2097152" percent="0">
      <mem type="allocate" free="0" total="1310720" percent="0" />
      <mem type="survivor" free="0" total="786432" percent="0" />
    </mem>
    <mem type="tenure" free="4523696" total="6291456" percent="71">
      <mem type="soa" free="4209328" total="5977088" percent="70" />
      <mem type="loa" free="314368" total="314368" percent="100" />
    </mem>
    <remembered-set count="596" />
  </mem-info>
</gc-start>
<allocation-stats totalBytes="1040480" >
  <allocated-bytes non-tlh="20456" tlh="1020024" />
  <largest-consumer threadName="main" threadId="000000000257F700" bytes="1040480" />
</allocation-stats>
<gc-op id="178" type="scavenge" timems="0.432" contextid="175" timestamp="2019-06-16T22:25:06.673">
  <scavenger-info tenureage="4" tenuremask="fff0" tiltratio="62" />
  <memory-copied type="nursery" objects="5716" bytes="306712" bytesdiscarded="57048" />
</gc-op>
<gc-end id="179" type="scavenge" contextid="175" durationms="0.740" usertimems="0.000" systemtimems="0.000" timestamp="2019-06-16T22:25:06.673" activeThreads="4">
  <mem-info id="180" free="5470592" total="8388608" percent="65">
    <mem type="nursery" free="946896" total="2097152" percent="45">
      <mem type="allocate" free="946896" total="1310720" percent="72" />
      <mem type="survivor" free="0" total="786432" percent="0" />
    </mem>
    <mem type="tenure" free="4523696" total="6291456" percent="71" macro-fragmented="0">
      <mem type="soa" free="4209328" total="5977088" percent="70" />
      <mem type="loa" free="314368" total="314368" percent="100" />
    </mem>
    <remembered-set count="517" />
  </mem-info>
</gc-end>
<cycle-end id="181" type="scavenge" contextid="175" timestamp="2019-06-16T22:25:06.673" />
  <attribute name="elasticGC enabled" value="1" />
  <attribute name= "numThreadsSpecified" value="4" />
  <attribute name="heapSize specified" value="8388608" />
  <attribute name="Current GC Util" value="6" />
  <attribute name= "Current Time Running" value="13099" />
  <attribute name ="GC Interval" value="200" />
  <attribute name="ProportionalT" value="-7.000000" />
  <attribute name="ProportionalI" value="-7.000000" />
  <attribute name="ProportionalH" value="-7.000000" />
  <attribute name="Current Error" value="-14.000000" />
  <attribute name="IntegralT" value="-182.000000" />
  <attribute name="IntegralI" value="-182.000000" />
  <attribute name="IntegralH" value="-182.000000" />
  <attribute name="DerivativeT" value="-0.538462" />
  <attribute name="DerivativeI" value="-0.538462" />
  <attribute name="DerivativeH" value="-0.538462" />
  <attribute name="Loop Time for DT" value="26.000000" />
  <attribute name="Output H" value="2092630016"/>
  <attribute name="Output I" value="200"/>
  <attribute name="Output T" value="4"/>
  <attribute name="Target GC Util Change" value ="20.000000" />
  <attribute name="Current GC Util Change" value="6.000000"/>
  <attribute name="GC Util currently" value="6" />
  <attribute name="CPU Util currently" value="178440906038" />
<allocation-satisfied id="182" threadId="000000000257F700" bytesRequested="36904" />
<af-end id="183" timestamp="2019-06-16T22:25:06.673" threadId="0000000002580088" success="true" from="nursery"/>
<exclusive-end id="184" timestamp="2019-06-16T22:25:06.673" durationms="1.205" />

<exclusive-start id="185" timestamp="2019-06-16T22:25:07.063" intervalms="390.372">
  <response-info timems="0.042" idlems="0.042" threads="0" lastid="000000000283CD00" lastname="node-0" />
</exclusive-start>
<af-start id="186" threadId="000000000283D688" totalBytesRequested="32" timestamp="2019-06-16T22:25:07.063" intervalms="390.392" type="nursery" />
<cycle-start id="187" type="scavenge" contextid="0" timestamp="2019-06-16T22:25:07.063" intervalms="390.405" />
<gc-start id="188" type="scavenge" contextid="187" timestamp="2019-06-16T22:25:07.063">
  <mem-info id="189" free="4522560" total="8388608" percent="53">
    <mem type="nursery" free="0" total="2097152" percent="0">
      <mem type="allocate" free="0" total="1310720" percent="0" />
      <mem type="survivor" free="0" total="786432" percent="0" />
    </mem>
    <mem type="tenure" free="4522560" total="6291456" percent="71">
      <mem type="soa" free="4208192" total="5977088" percent="70" />
      <mem type="loa" free="314368" total="314368" percent="100" />
    </mem>
    <remembered-set count="551" />
  </mem-info>
</gc-start>
<allocation-stats totalBytes="947000" >
  <allocated-bytes non-tlh="74944" tlh="872056" />
  <largest-consumer threadName="main" threadId="000000000257F700" bytes="524200" />
</allocation-stats>
<gc-op id="190" type="scavenge" timems="1.074" contextid="187" timestamp="2019-06-16T22:25:07.064">
  <scavenger-info tenureage="3" tenuremask="fff8" tiltratio="62" />
  <memory-copied type="nursery" objects="12874" bytes="686520" bytesdiscarded="99816" />
  <memory-copied type="tenure" objects="3511" bytes="139104" bytesdiscarded="0" />
  <copy-failed type="nursery" objects="2434" bytes="58528" />
  <references type="weak" candidates="2" cleared="2" enqueued="2" />
</gc-op>
<gc-end id="191" type="scavenge" contextid="187" durationms="1.375" usertimems="0.000" systemtimems="0.000" timestamp="2019-06-16T22:25:07.064" activeThreads="4">
  <mem-info id="192" free="4630296" total="8388608" percent="55">
    <mem type="nursery" free="262144" total="2097152" percent="12">
      <mem type="allocate" free="262144" total="1048576" percent="25" />
      <mem type="survivor" free="0" total="1048576" percent="0" />
    </mem>
    <mem type="tenure" free="4368152" total="6291456" percent="69" macro-fragmented="3110739">
      <mem type="soa" free="4053784" total="5977088" percent="67" />
      <mem type="loa" free="314368" total="314368" percent="100" />
    </mem>
    <pending-finalizers system="0" default="0" reference="2" classloader="0" />
    <remembered-set count="406" />
  </mem-info>
</gc-end>
<cycle-end id="193" type="scavenge" contextid="187" timestamp="2019-06-16T22:25:07.064" />
  <attribute name="elasticGC enabled" value="1" />
  <attribute name= "numThreadsSpecified" value="4" />
  <attribute name="heapSize specified" value="8388608" />
  <attribute name="Current GC Util" value="0" />
  <attribute name= "Current Time Running" value="13489" />
  <attribute name ="GC Interval" value="200" />
  <attribute name="ProportionalT" value="-10.000000" />
  <attribute name="ProportionalI" value="-10.000000" />
  <attribute name="ProportionalH" value="-10.000000" />
  <attribute name="Current Error" value="-20.000000" />
  <attribute name="IntegralT" value="-3900.000000" />
  <attribute name="IntegralI" value="-3900.000000" />
  <attribute name="IntegralH" value="-3900.000000" />
  <attribute name="DerivativeT" value="-0.051282" />
  <attribute name="DerivativeI" value="-0.051282" />
  <attribute name="DerivativeH" value="-0.051282" />
  <attribute name="Loop Time for DT" value="390.000000" />
  <attribute name="Output H" value="2092630016"/>
  <attribute name="Output I" value="200"/>
  <attribute name="Output T" value="4"/>
  <attribute name="Target GC Util Change" value ="20.000000" />
  <attribute name="Current GC Util Change" value="0.000000"/>
  <attribute name="GC Util currently" value="0" />
  <attribute name="CPU Util currently" value="26" />
<allocation-satisfied id="194" threadId="000000000283CD00" bytesRequested="32" />
<af-end id="195" timestamp="2019-06-16T22:25:07.065" threadId="000000000283D688" success="true" from="nursery"/>
<exclusive-end id="196" timestamp="2019-06-16T22:25:07.065" durationms="2.061" />

<exclusive-start id="197" timestamp="2019-06-16T22:25:07.178" intervalms="114.948">
  <response-info timems="0.035" idlems="0.035" threads="0" lastid="0000000002835500" lastname="node-4" />
</exclusive-start>
<af-start id="198" threadId="0000000002835E88" totalBytesRequested="24" timestamp="2019-06-16T22:25:07.178" intervalms="114.923" type="nursery" />
<cycle-start id="199" type="scavenge" contextid="0" timestamp="2019-06-16T22:25:07.178" intervalms="114.912" />
<gc-start id="200" type="scavenge" contextid="199" timestamp="2019-06-16T22:25:07.178">
  <mem-info id="201" free="4368152" total="8388608" percent="52">
    <mem type="nursery" free="0" total="2097152" percent="0">
      <mem type="allocate" free="0" total="1048576" percent="0" />
      <mem type="survivor" free="0" total="1048576" percent="0" />
    </mem>
    <mem type="tenure" free="4368152" total="6291456" percent="69">
      <mem type="soa" free="4053784" total="5977088" percent="67" />
      <mem type="loa" free="314368" total="314368" percent="100" />
    </mem>
    <remembered-set count="406" />
  </mem-info>
</gc-start>
<allocation-stats totalBytes="261712" >
  <allocated-bytes non-tlh="32" tlh="261680" />
  <largest-consumer threadName="node-2" threadId="0000000002844500" bytes="61432" />
</allocation-stats>
<gc-op id="202" type="scavenge" timems="1.219" contextid="199" timestamp="2019-06-16T22:25:07.179">
  <scavenger-info tenureage="3" tenuremask="fff8" tiltratio="50" />
  <memory-copied type="nursery" objects="13365" bytes="695256" bytesdiscarded="106480" />
  <memory-copied type="tenure" objects="780" bytes="23248" bytesdiscarded="0" />
</gc-op>
<gc-end id="203" type="scavenge" contextid="199" durationms="1.547" usertimems="0.000" systemtimems="0.000" timestamp="2019-06-16T22:25:07.179" activeThreads="4">
  <mem-info id="204" free="4575736" total="8388608" percent="54">
    <mem type="nursery" free="246752" total="2097152" percent="11">
      <mem type="allocate" free="246752" total="1048576" percent="23" />
      <mem type="survivor" free="0" total="1048576" percent="0" />
    </mem>
    <mem type="tenure" free="4328984" total="6291456" percent="68" macro-fragmented="0">
      <mem type="soa" free="4014616" total="5977088" percent="67" />
      <mem type="loa" free="314368" total="314368" percent="100" />
    </mem>
    <remembered-set count="180" />
  </mem-info>
</gc-end>
<cycle-end id="205" type="scavenge" contextid="199" timestamp="2019-06-16T22:25:07.179" />
  <attribute name="elasticGC enabled" value="1" />
  <attribute name= "numThreadsSpecified" value="4" />
  <attribute name="heapSize specified" value="8388608" />
  <attribute name="Current GC Util" value="1" />
  <attribute name= "Current Time Running" value="13604" />
  <attribute name ="GC Interval" value="200" />
  <attribute name="ProportionalT" value="-9.500000" />
  <attribute name="ProportionalI" value="-9.500000" />
  <attribute name="ProportionalH" value="-9.500000" />
  <attribute name="Current Error" value="-19.000000" />
  <attribute name="IntegralT" value="-1092.500000" />
  <attribute name="IntegralI" value="-1092.500000" />
  <attribute name="IntegralH" value="-1092.500000" />
  <attribute name="DerivativeT" value="-0.165217" />
  <attribute name="DerivativeI" value="-0.165217" />
  <attribute name="DerivativeH" value="-0.165217" />
  <attribute name="Loop Time for DT" value="115.000000" />
  <attribute name="Output H" value="2092630016"/>
  <attribute name="Output I" value="200"/>
  <attribute name="Output T" value="4"/>
  <attribute name="Target GC Util Change" value ="20.000000" />
  <attribute name="Current GC Util Change" value="1.000000"/>
  <attribute name="GC Util currently" value="1" />
  <attribute name="CPU Util currently" value="0" />
<allocation-satisfied id="206" threadId="0000000002835500" bytesRequested="24" />
<af-end id="207" timestamp="2019-06-16T22:25:07.180" threadId="0000000002835E88" success="true" from="nursery"/>
<exclusive-end id="208" timestamp="2019-06-16T22:25:07.180" durationms="2.084" />

<exclusive-start id="209" timestamp="2019-06-16T22:25:07.342" intervalms="164.921">
  <response-info timems="0.031" idlems="0.031" threads="0" lastid="000000000283CD00" lastname="node-0" />
</exclusive-start>
<af-start id="210" threadId="000000000283D688" totalBytesRequested="32" timestamp="2019-06-16T22:25:07.343" intervalms="164.926" type="nursery" />
<cycle-start id="211" type="scavenge" contextid="0" timestamp="2019-06-16T22:25:07.343" intervalms="164.920" />
<gc-start id="212" type="scavenge" contextid="211" timestamp="2019-06-16T22:25:07.343">
  <mem-info id="213" free="4328984" total="8388608" percent="51">
    <mem type="nursery" free="0" total="2097152" percent="0">
      <mem type="allocate" free="0" total="1048576" percent="0" />
      <mem type="survivor" free="0" total="1048576" percent="0" />
    </mem>
    <mem type="tenure" free="4328984" total="6291456" percent="68">
      <mem type="soa" free="4014616" total="5977088" percent="67" />
      <mem type="loa" free="314368" total="314368" percent="100" />
    </mem>
    <remembered-set count="180" />
  </mem-info>
</gc-start>
<allocation-stats totalBytes="246264" >
  <allocated-bytes non-tlh="24" tlh="246240" />
  <largest-consumer threadName="node-4" threadId="0000000002835500" bytes="49160" />
</allocation-stats>
<gc-op id="214" type="scavenge" timems="0.969" contextid="211" timestamp="2019-06-16T22:25:07.344">
  <scavenger-info tenureage="2" tenuremask="fffc" tiltratio="50" />
  <memory-copied type="nursery" objects="2178" bytes="52048" bytesdiscarded="96176" />
  <memory-copied type="tenure" objects="12055" bytes="662216" bytesdiscarded="48" />
</gc-op>
<gc-end id="215" type="scavenge" contextid="211" durationms="1.207" usertimems="0.000" systemtimems="4.000" timestamp="2019-06-16T22:25:07.344" activeThreads="4">
  <mem-info id="216" free="4538184" total="8388608" percent="54">
    <mem type="nursery" free="900352" total="2097152" percent="42">
      <mem type="allocate" free="900352" total="1048576" percent="85" />
      <mem type="survivor" free="0" total="1048576" percent="0" />
    </mem>
    <mem type="tenure" free="3637832" total="6291456" percent="57" macro-fragmented="2160235">
      <mem type="soa" free="3323464" total="5977088" percent="55" />
      <mem type="loa" free="314368" total="314368" percent="100" />
    </mem>
    <remembered-set count="158" />
  </mem-info>
</gc-end>
<cycle-end id="217" type="scavenge" contextid="211" timestamp="2019-06-16T22:25:07.344" />
  <attribute name="elasticGC enabled" value="1" />
  <attribute name= "numThreadsSpecified" value="4" />
  <attribute name="heapSize specified" value="8388608" />
  <attribute name="Current GC Util" value="1" />
  <attribute name= "Current Time Running" value="13769" />
  <attribute name ="GC Interval" value="200" />
  <attribute name="ProportionalT" value="-9.500000" />
  <attribute name="ProportionalI" value="-9.500000" />
  <attribute name="ProportionalH" value="-9.500000" />
  <attribute name="Current Error" value="-19.000000" />
  <attribute name="IntegralT" value="-1567.500000" />
  <attribute name="IntegralI" value="-1567.500000" />
  <attribute name="IntegralH" value="-1567.500000" />
  <attribute name="DerivativeT" value="-0.115152" />
  <attribute name="DerivativeI" value="-0.115152" />
  <attribute name="DerivativeH" value="-0.115152" />
  <attribute name="Loop Time for DT" value="165.000000" />
  <attribute name="Output H" value="2092630016"/>
  <attribute name="Output I" value="200"/>
  <attribute name="Output T" value="4"/>
  <attribute name="Target GC Util Change" value ="20.000000" />
  <attribute name="Current GC Util Change" value="1.000000"/>
  <attribute name="GC Util currently" value="1" />
  <attribute name="CPU Util currently" value="2" />
<allocation-satisfied id="218" threadId="000000000283CD00" bytesRequested="32" />
<af-end id="219" timestamp="2019-06-16T22:25:07.344" threadId="000000000283D688" success="true" from="nursery"/>
<exclusive-end id="220" timestamp="2019-06-16T22:25:07.344" durationms="1.645" />

<exclusive-start id="221" timestamp="2019-06-16T22:25:07.778" intervalms="435.480">
  <response-info timems="0.032" idlems="0.032" threads="0" lastid="000000000283CD00" lastname="node-0" />
</exclusive-start>
<af-start id="222" threadId="000000000283D688" totalBytesRequested="16" timestamp="2019-06-16T22:25:07.778" intervalms="435.506" type="nursery" />
<cycle-start id="223" type="scavenge" contextid="0" timestamp="2019-06-16T22:25:07.778" intervalms="435.522" />
<gc-start id="224" type="scavenge" contextid="223" timestamp="2019-06-16T22:25:07.778">
  <mem-info id="225" free="3637832" total="8388608" percent="43">
    <mem type="nursery" free="0" total="2097152" percent="0">
      <mem type="allocate" free="0" total="1048576" percent="0" />
      <mem type="survivor" free="0" total="1048576" percent="0" />
    </mem>
    <mem type="tenure" free="3637832" total="6291456" percent="57">
      <mem type="soa" free="3323464" total="5977088" percent="55" />
      <mem type="loa" free="314368" total="314368" percent="100" />
    </mem>
    <remembered-set count="183" />
  </mem-info>
</gc-start>
<allocation-stats totalBytes="899192" >
  <allocated-bytes non-tlh="32" tlh="899160" />
  <largest-consumer threadName="node-5" threadId="0000000002848000" bytes="171984" />
</allocation-stats>
<gc-op id="226" type="scavenge" timems="0.586" contextid="223" timestamp="2019-06-16T22:25:07.779">
  <scavenger-info tenureage="3" tenuremask="fff8" tiltratio="50" />
  <memory-copied type="nursery" objects="5830" bytes="140296" bytesdiscarded="55544" />
</gc-op>
<gc-end id="227" type="scavenge" contextid="223" durationms="1.057" usertimems="0.000" systemtimems="0.000" timestamp="2019-06-16T22:25:07.779" activeThreads="4">
  <mem-info id="228" free="4556104" total="8388608" percent="54">
    <mem type="nursery" free="918272" total="2097152" percent="43">
      <mem type="allocate" free="918272" total="1114112" percent="82" />
      <mem type="survivor" free="0" total="983040" percent="0" />
    </mem>
    <mem type="tenure" free="3637832" total="6291456" percent="57" macro-fragmented="2592282">
      <mem type="soa" free="3323464" total="5977088" percent="55" />
      <mem type="loa" free="314368" total="314368" percent="100" />
    </mem>
    <remembered-set count="163" />
  </mem-info>
</gc-end>
<cycle-end id="229" type="scavenge" contextid="223" timestamp="2019-06-16T22:25:07.779" />
  <attribute name="elasticGC enabled" value="1" />
  <attribute name= "numThreadsSpecified" value="4" />
  <attribute name="heapSize specified" value="8388608" />
  <attribute name="Current GC Util" value="0" />
  <attribute name= "Current Time Running" value="14205" />
  <attribute name ="GC Interval" value="200" />
  <attribute name="ProportionalT" value="-10.000000" />
  <attribute name="ProportionalI" value="-10.000000" />
  <attribute name="ProportionalH" value="-10.000000" />
  <attribute name="Current Error" value="-20.000000" />
  <attribute name="IntegralT" value="-4360.000000" />
  <attribute name="IntegralI" value="-4360.000000" />
  <attribute name="IntegralH" value="-4360.000000" />
  <attribute name="DerivativeT" value="-0.045872" />
  <attribute name="DerivativeI" value="-0.045872" />
  <attribute name="DerivativeH" value="-0.045872" />
  <attribute name="Loop Time for DT" value="436.000000" />
  <attribute name="Output H" value="2092630016"/>
  <attribute name="Output I" value="200"/>
  <attribute name="Output T" value="4"/>
  <attribute name="Target GC Util Change" value ="20.000000" />
  <attribute name="Current GC Util Change" value="0.000000"/>
  <attribute name="GC Util currently" value="0" />
  <attribute name="CPU Util currently" value="18" />
<allocation-satisfied id="230" threadId="000000000283CD00" bytesRequested="16" />
<af-end id="231" timestamp="2019-06-16T22:25:07.780" threadId="000000000283D688" success="true" from="nursery"/>
<exclusive-end id="232" timestamp="2019-06-16T22:25:07.780" durationms="1.943" />

<exclusive-start id="233" timestamp="2019-06-16T22:25:08.247" intervalms="469.394">
  <response-info timems="0.030" idlems="0.030" threads="0" lastid="0000000002844500" lastname="node-2" />
</exclusive-start>
<af-start id="234" threadId="0000000002844E88" totalBytesRequested="32" timestamp="2019-06-16T22:25:08.247" intervalms="469.377" type="nursery" />
<cycle-start id="235" type="scavenge" contextid="0" timestamp="2019-06-16T22:25:08.247" intervalms="469.363" />
<gc-start id="236" type="scavenge" contextid="235" timestamp="2019-06-16T22:25:08.248">
  <mem-info id="237" free="3637832" total="8388608" percent="43">
    <mem type="nursery" free="0" total="2097152" percent="0">
      <mem type="allocate" free="0" total="1114112" percent="0" />
      <mem type="survivor" free="0" total="983040" percent="0" />
    </mem>
    <mem type="tenure" free="3637832" total="6291456" percent="57">
      <mem type="soa" free="3323464" total="5977088" percent="55" />
      <mem type="loa" free="314368" total="314368" percent="100" />
    </mem>
    <remembered-set count="181" />
  </mem-info>
</gc-start>
<allocation-stats totalBytes="916816" >
  <allocated-bytes non-tlh="16" tlh="916800" />
  <largest-consumer threadName="node-4" threadId="0000000002835500" bytes="176416" />
</allocation-stats>
<gc-op id="238" type="scavenge" timems="0.835" contextid="235" timestamp="2019-06-16T22:25:08.248">
  <scavenger-info tenureage="3" tenuremask="fff8" tiltratio="53" />
  <memory-copied type="nursery" objects="8281" bytes="198504" bytesdiscarded="75672" />
  <memory-copied type="tenure" objects="1265" bytes="30360" bytesdiscarded="0" />
</gc-op>
<gc-end id="239" type="scavenge" contextid="235" durationms="1.077" usertimems="0.000" systemtimems="0.000" timestamp="2019-06-16T22:25:08.249" activeThreads="4">
  <mem-info id="240" free="4569672" total="8388608" percent="54">
    <mem type="nursery" free="971008" total="2097152" percent="46">
      <mem type="allocate" free="971008" total="1245184" percent="77" />
      <mem type="survivor" free="0" total="851968" percent="0" />
    </mem>
    <mem type="tenure" free="3598664" total="6291456" percent="57" macro-fragmented="1500163">
      <mem type="soa" free="3284296" total="5977088" percent="54" />
      <mem type="loa" free="314368" total="314368" percent="100" />
    </mem>
    <remembered-set count="134" />
  </mem-info>
</gc-end>
<cycle-end id="241" type="scavenge" contextid="235" timestamp="2019-06-16T22:25:08.249" />
  <attribute name="elasticGC enabled" value="1" />
  <attribute name= "numThreadsSpecified" value="4" />
  <attribute name="heapSize specified" value="8388608" />
  <attribute name="Current GC Util" value="0" />
  <attribute name= "Current Time Running" value="14674" />
  <attribute name ="GC Interval" value="200" />
  <attribute name="ProportionalT" value="-10.000000" />
  <attribute name="ProportionalI" value="-10.000000" />
  <attribute name="ProportionalH" value="-10.000000" />
  <attribute name="Current Error" value="-20.000000" />
  <attribute name="IntegralT" value="-4690.000000" />
  <attribute name="IntegralI" value="-4690.000000" />
  <attribute name="IntegralH" value="-4690.000000" />
  <attribute name="DerivativeT" value="-0.042644" />
  <attribute name="DerivativeI" value="-0.042644" />
  <attribute name="DerivativeH" value="-0.042644" />
  <attribute name="Loop Time for DT" value="469.000000" />
  <attribute name="Output H" value="2092630016"/>
  <attribute name="Output I" value="200"/>
  <attribute name="Output T" value="4"/>
  <attribute name="Target GC Util Change" value ="20.000000" />
  <attribute name="Current GC Util Change" value="0.000000"/>
  <attribute name="GC Util currently" value="0" />
  <attribute name="CPU Util currently" value="2" />
<allocation-satisfied id="242" threadId="0000000002844500" bytesRequested="32" />
<af-end id="243" timestamp="2019-06-16T22:25:08.249" threadId="0000000002844E88" success="true" from="nursery"/>
<exclusive-end id="244" timestamp="2019-06-16T22:25:08.249" durationms="1.503" />

<exclusive-start id="245" timestamp="2019-06-16T22:25:08.747" intervalms="500.101">
  <response-info timems="0.037" idlems="0.022" threads="1" lastid="0000000002844500" lastname="node-2" />
</exclusive-start>
<af-start id="246" threadId="0000000002841288" totalBytesRequested="32" timestamp="2019-06-16T22:25:08.748" intervalms="500.131" type="nursery" />
<cycle-start id="247" type="scavenge" contextid="0" timestamp="2019-06-16T22:25:08.748" intervalms="500.204" />
<gc-start id="248" type="scavenge" contextid="247" timestamp="2019-06-16T22:25:08.748">
  <mem-info id="249" free="3598664" total="8388608" percent="42">
    <mem type="nursery" free="0" total="2097152" percent="0">
      <mem type="allocate" free="0" total="1245184" percent="0" />
      <mem type="survivor" free="0" total="851968" percent="0" />
    </mem>
    <mem type="tenure" free="3598664" total="6291456" percent="57">
      <mem type="soa" free="3284296" total="5977088" percent="54" />
      <mem type="loa" free="314368" total="314368" percent="100" />
    </mem>
    <remembered-set count="157" />
  </mem-info>
</gc-start>
<allocation-stats totalBytes="970088" >
  <allocated-bytes non-tlh="32" tlh="970056" />
  <largest-consumer threadName="node-2" threadId="0000000002844500" bytes="183936" />
</allocation-stats>
<gc-op id="250" type="scavenge" timems="2.367" contextid="247" timestamp="2019-06-16T22:25:08.750">
  <scavenger-info tenureage="3" tenuremask="fff8" tiltratio="59" />
  <memory-copied type="nursery" objects="11398" bytes="273312" bytesdiscarded="14688" />
  <memory-copied type="tenure" objects="885" bytes="21240" bytesdiscarded="0" />
</gc-op>
<gc-end id="251" type="scavenge" contextid="247" durationms="3.057" usertimems="4.000" systemtimems="0.000" timestamp="2019-06-16T22:25:08.751" activeThreads="4">
  <mem-info id="252" free="4686920" total="8388608" percent="55">
    <mem type="nursery" free="1088256" total="2097152" percent="51">
      <mem type="allocate" free="1088256" total="1376256" percent="79" />
      <mem type="survivor" free="0" total="720896" percent="0" />
    </mem>
    <mem type="tenure" free="3598664" total="6291456" percent="57" macro-fragmented="3110739">
      <mem type="soa" free="3284296" total="5977088" percent="54" />
      <mem type="loa" free="314368" total="314368" percent="100" />
    </mem>
    <remembered-set count="131" />
  </mem-info>
</gc-end>
<cycle-end id="253" type="scavenge" contextid="247" timestamp="2019-06-16T22:25:08.751" />
  <attribute name="elasticGC enabled" value="1" />
  <attribute name= "numThreadsSpecified" value="4" />
  <attribute name="heapSize specified" value="8388608" />
  <attribute name="Current GC Util" value="0" />
  <attribute name= "Current Time Running" value="15174" />
  <attribute name ="GC Interval" value="200" />
  <attribute name="ProportionalT" value="-10.000000" />
  <attribute name="ProportionalI" value="-10.000000" />
  <attribute name="ProportionalH" value="-10.000000" />
  <attribute name="Current Error" value="-20.000000" />
  <attribute name="IntegralT" value="-5000.000000" />
  <attribute name="IntegralI" value="-5000.000000" />
  <attribute name="IntegralH" value="-5000.000000" />
  <attribute name="DerivativeT" value="-0.040000" />
  <attribute name="DerivativeI" value="-0.040000" />
  <attribute name="DerivativeH" value="-0.040000" />
  <attribute name="Loop Time for DT" value="500.000000" />
  <attribute name="Output H" value="2092630016"/>
  <attribute name="Output I" value="200"/>
  <attribute name="Output T" value="4"/>
  <attribute name="Target GC Util Change" value ="20.000000" />
  <attribute name="Current GC Util Change" value="0.000000"/>
  <attribute name="GC Util currently" value="0" />
  <attribute name="CPU Util currently" value="6" />
<allocation-satisfied id="254" threadId="0000000002840900" bytesRequested="32" />
<af-end id="255" timestamp="2019-06-16T22:25:08.751" threadId="0000000002841288" success="true" from="nursery"/>
<exclusive-end id="256" timestamp="2019-06-16T22:25:08.751" durationms="4.012" />

<exclusive-start id="257" timestamp="2019-06-16T22:25:09.272" intervalms="524.920">
  <response-info timems="0.043" idlems="0.043" threads="0" lastid="0000000002839100" lastname="node-3" />
</exclusive-start>
<af-start id="258" threadId="0000000002839A88" totalBytesRequested="16" timestamp="2019-06-16T22:25:09.272" intervalms="524.901" type="nursery" />
<cycle-start id="259" type="scavenge" contextid="0" timestamp="2019-06-16T22:25:09.273" intervalms="524.916" />
<gc-start id="260" type="scavenge" contextid="259" timestamp="2019-06-16T22:25:09.273">
  <mem-info id="261" free="3598664" total="8388608" percent="42">
    <mem type="nursery" free="0" total="2097152" percent="0">
      <mem type="allocate" free="0" total="1376256" percent="0" />
      <mem type="survivor" free="0" total="720896" percent="0" />
    </mem>
    <mem type="tenure" free="3598664" total="6291456" percent="57">
      <mem type="soa" free="3284296" total="5977088" percent="54" />
      <mem type="loa" free="314368" total="314368" percent="100" />
    </mem>
    <remembered-set count="154" />
  </mem-info>
</gc-start>
<allocation-stats totalBytes="1087520" >
  <allocated-bytes non-tlh="32" tlh="1087488" />
  <largest-consumer threadName="node-5" threadId="0000000002848000" bytes="208840" />
</allocation-stats>
<gc-op id="262" type="scavenge" timems="1.024" contextid="259" timestamp="2019-06-16T22:25:09.274">
  <scavenger-info tenureage="2" tenuremask="fffc" tiltratio="65" />
  <memory-copied type="nursery" objects="8235" bytes="198240" bytesdiscarded="75936" />
  <memory-copied type="tenure" objects="7366" bytes="176784" bytesdiscarded="0" />
</gc-op>
<gc-end id="263" type="scavenge" contextid="259" durationms="1.541" usertimems="0.000" systemtimems="0.000" timestamp="2019-06-16T22:25:09.274" activeThreads="4">
  <mem-info id="264" free="4570440" total="8388608" percent="54">
    <mem type="nursery" free="1167616" total="2097152" percent="55">
      <mem type="allocate" free="1167616" total="1441792" percent="80" />
      <mem type="survivor" free="0" total="655360" percent="0" />
    </mem>
    <mem type="tenure" free="3402824" total="6291456" percent="54" macro-fragmented="2592282">
      <mem type="soa" free="3088456" total="5977088" percent="51" />
      <mem type="loa" free="314368" total="314368" percent="100" />
    </mem>
    <remembered-set count="140" />
  </mem-info>
</gc-end>
<cycle-end id="265" type="scavenge" contextid="259" timestamp="2019-06-16T22:25:09.274" />
  <attribute name="elasticGC enabled" value="1" />
  <attribute name= "numThreadsSpecified" value="4" />
  <attribute name="heapSize specified" value="8388608" />
  <attribute name="Current GC Util" value="0" />
  <attribute name= "Current Time Running" value="15699" />
  <attribute name ="GC Interval" value="200" />
  <attribute name="ProportionalT" value="-10.000000" />
  <attribute name="ProportionalI" value="-10.000000" />
  <attribute name="ProportionalH" value="-10.000000" />
  <attribute name="Current Error" value="-20.000000" />
  <attribute name="IntegralT" value="-5250.000000" />
  <attribute name="IntegralI" value="-5250.000000" />
  <attribute name="IntegralH" value="-5250.000000" />
  <attribute name="DerivativeT" value="-0.038095" />
  <attribute name="DerivativeI" value="-0.038095" />
  <attribute name="DerivativeH" value="-0.038095" />
  <attribute name="Loop Time for DT" value="525.000000" />
  <attribute name="Output H" value="2092630016"/>
  <attribute name="Output I" value="200"/>
  <attribute name="Output T" value="4"/>
  <attribute name="Target GC Util Change" value ="20.000000" />
  <attribute name="Current GC Util Change" value="0.000000"/>
  <attribute name="GC Util currently" value="0" />
  <attribute name="CPU Util currently" value="7" />
<allocation-satisfied id="266" threadId="0000000002839100" bytesRequested="16" />
<af-end id="267" timestamp="2019-06-16T22:25:09.275" threadId="0000000002839A88" success="true" from="nursery"/>
<exclusive-end id="268" timestamp="2019-06-16T22:25:09.275" durationms="2.348" />

<exclusive-start id="269" timestamp="2019-06-16T22:25:09.822" intervalms="550.044">
  <response-info timems="0.057" idlems="0.037" threads="1" lastid="0000000002583300" lastname="JIT Compilation Thread-0" />
</exclusive-start>
<af-start id="270" threadId="0000000002839A88" totalBytesRequested="720" timestamp="2019-06-16T22:25:09.822" intervalms="550.034" type="nursery" />
<cycle-start id="271" type="scavenge" contextid="0" timestamp="2019-06-16T22:25:09.823" intervalms="549.955" />
<gc-start id="272" type="scavenge" contextid="271" timestamp="2019-06-16T22:25:09.823">
  <mem-info id="273" free="3402824" total="8388608" percent="40">
    <mem type="nursery" free="0" total="2097152" percent="0">
      <mem type="allocate" free="0" total="1441792" percent="0" />
      <mem type="survivor" free="0" total="655360" percent="0" />
    </mem>
    <mem type="tenure" free="3402824" total="6291456" percent="54">
      <mem type="soa" free="3088456" total="5977088" percent="51" />
      <mem type="loa" free="314368" total="314368" percent="100" />
    </mem>
    <remembered-set count="154" />
  </mem-info>
</gc-start>
<allocation-stats totalBytes="1166824" >
  <allocated-bytes non-tlh="16" tlh="1166808" />
  <largest-consumer threadName="node-0" threadId="000000000283CD00" bytes="208856" />
</allocation-stats>
<gc-op id="274" type="scavenge" timems="0.840" contextid="271" timestamp="2019-06-16T22:25:09.824">
  <scavenger-info tenureage="2" tenuremask="fffc" tiltratio="68" />
  <memory-copied type="nursery" objects="8745" bytes="212440" bytesdiscarded="61736" />
  <memory-copied type="tenure" objects="4002" bytes="96048" bytesdiscarded="0" />
</gc-op>
<gc-end id="275" type="scavenge" contextid="271" durationms="1.087" usertimems="0.000" systemtimems="0.000" timestamp="2019-06-16T22:25:09.824" activeThreads="4">
  <mem-info id="276" free="4557640" total="8388608" percent="54">
    <mem type="nursery" free="1233152" total="2097152" percent="58">
      <mem type="allocate" free="1233152" total="1507328" percent="81" />
      <mem type="survivor" free="0" total="589824" percent="0" />
    </mem>
    <mem type="tenure" free="3324488" total="6291456" percent="52" macro-fragmented="2160235">
      <mem type="soa" free="3010120" total="5977088" percent="50" />
      <mem type="loa" free="314368" total="314368" percent="100" />
    </mem>
    <remembered-set count="131" />
  </mem-info>
</gc-end>
<cycle-end id="277" type="scavenge" contextid="271" timestamp="2019-06-16T22:25:09.824" />
  <attribute name="elasticGC enabled" value="1" />
  <attribute name= "numThreadsSpecified" value="4" />
  <attribute name="heapSize specified" value="8388608" />
  <attribute name="Current GC Util" value="0" />
  <attribute name= "Current Time Running" value="16249" />
  <attribute name ="GC Interval" value="200" />
  <attribute name="ProportionalT" value="-10.000000" />
  <attribute name="ProportionalI" value="-10.000000" />
  <attribute name="ProportionalH" value="-10.000000" />
  <attribute name="Current Error" value="-20.000000" />
  <attribute name="IntegralT" value="-5500.000000" />
  <attribute name="IntegralI" value="-5500.000000" />
  <attribute name="IntegralH" value="-5500.000000" />
  <attribute name="DerivativeT" value="-0.036364" />
  <attribute name="DerivativeI" value="-0.036364" />
  <attribute name="DerivativeH" value="-0.036364" />
  <attribute name="Loop Time for DT" value="550.000000" />
  <attribute name="Output H" value="2092630016"/>
  <attribute name="Output I" value="200"/>
  <attribute name="Output T" value="4"/>
  <attribute name="Target GC Util Change" value ="20.000000" />
  <attribute name="Current GC Util Change" value="0.000000"/>
  <attribute name="GC Util currently" value="0" />
  <attribute name="CPU Util currently" value="8" />
<allocation-satisfied id="278" threadId="0000000002839100" bytesRequested="720" />
<af-end id="279" timestamp="2019-06-16T22:25:09.824" threadId="0000000002839A88" success="true" from="nursery"/>
<exclusive-end id="280" timestamp="2019-06-16T22:25:09.824" durationms="1.745" />

<exclusive-start id="281" timestamp="2019-06-16T22:25:10.485" intervalms="662.585">
  <response-info timems="0.029" idlems="0.029" threads="0" lastid="0000000002835500" lastname="node-4" />
</exclusive-start>
<af-start id="282" threadId="0000000002835E88" totalBytesRequested="32" timestamp="2019-06-16T22:25:10.485" intervalms="662.594" type="nursery" />
<cycle-start id="283" type="scavenge" contextid="0" timestamp="2019-06-16T22:25:10.485" intervalms="662.599" />
<gc-start id="284" type="scavenge" contextid="283" timestamp="2019-06-16T22:25:10.485">
  <mem-info id="285" free="3324488" total="8388608" percent="39">
    <mem type="nursery" free="0" total="2097152" percent="0">
      <mem type="allocate" free="0" total="1507328" percent="0" />
      <mem type="survivor" free="0" total="589824" percent="0" />
    </mem>
    <mem type="tenure" free="3324488" total="6291456" percent="52">
      <mem type="soa" free="3010120" total="5977088" percent="50" />
      <mem type="loa" free="314368" total="314368" percent="100" />
    </mem>
    <remembered-set count="148" />
  </mem-info>
</gc-start>
<allocation-stats totalBytes="1232744" >
  <allocated-bytes non-tlh="720" tlh="1232024" />
  <largest-consumer threadName="node-3" threadId="0000000002839100" bytes="209536" />
</allocation-stats>
<gc-op id="286" type="scavenge" timems="0.926" contextid="283" timestamp="2019-06-16T22:25:10.486">
  <scavenger-info tenureage="3" tenuremask="7ff8" tiltratio="71" />
  <memory-copied type="nursery" objects="13700" bytes="328560" bytesdiscarded="63120" />
</gc-op>
<gc-end id="287" type="scavenge" contextid="283" durationms="1.242" usertimems="0.000" systemtimems="0.000" timestamp="2019-06-16T22:25:10.486" activeThreads="4">
  <mem-info id="288" free="4440136" total="8388608" percent="52">
    <mem type="nursery" free="1115648" total="2097152" percent="53">
      <mem type="allocate" free="1115648" total="1507328" percent="74" />
      <mem type="survivor" free="0" total="589824" percent="0" />
    </mem>
    <mem type="tenure" free="3324488" total="6291456" percent="52" macro-fragmented="2160235">
      <mem type="soa" free="3010120" total="5977088" percent="50" />
      <mem type="loa" free="314368" total="314368" percent="100" />
    </mem>
    <remembered-set count="125" />
  </mem-info>
</gc-end>
<cycle-end id="289" type="scavenge" contextid="283" timestamp="2019-06-16T22:25:10.487" />
  <attribute name="elasticGC enabled" value="1" />
  <attribute name= "numThreadsSpecified" value="4" />
  <attribute name="heapSize specified" value="8388608" />
  <attribute name="Current GC Util" value="0" />
  <attribute name= "Current Time Running" value="16912" />
  <attribute name ="GC Interval" value="200" />
  <attribute name="ProportionalT" value="-10.000000" />
  <attribute name="ProportionalI" value="-10.000000" />
  <attribute name="ProportionalH" value="-10.000000" />
  <attribute name="Current Error" value="-20.000000" />
  <attribute name="IntegralT" value="-6630.000000" />
  <attribute name="IntegralI" value="-6630.000000" />
  <attribute name="IntegralH" value="-6630.000000" />
  <attribute name="DerivativeT" value="-0.030166" />
  <attribute name="DerivativeI" value="-0.030166" />
  <attribute name="DerivativeH" value="-0.030166" />
  <attribute name="Loop Time for DT" value="663.000000" />
  <attribute name="Output H" value="2092630016"/>
  <attribute name="Output I" value="200"/>
  <attribute name="Output T" value="4"/>
  <attribute name="Target GC Util Change" value ="20.000000" />
  <attribute name="Current GC Util Change" value="0.000000"/>
  <attribute name="GC Util currently" value="0" />
  <attribute name="CPU Util currently" value="7" />
<allocation-satisfied id="290" threadId="0000000002835500" bytesRequested="32" />
<af-end id="291" timestamp="2019-06-16T22:25:10.487" threadId="0000000002835E88" success="true" from="nursery"/>
<exclusive-end id="292" timestamp="2019-06-16T22:25:10.487" durationms="1.841" />

<exclusive-start id="293" timestamp="2019-06-16T22:25:10.989" intervalms="504.099">
  <response-info timems="0.026" idlems="0.026" threads="0" lastid="000000000283CD00" lastname="node-0" />
</exclusive-start>
<af-start id="294" threadId="000000000283D688" totalBytesRequested="24" timestamp="2019-06-16T22:25:10.989" intervalms="504.103" type="nursery" />
<cycle-start id="295" type="scavenge" contextid="0" timestamp="2019-06-16T22:25:10.989" intervalms="504.100" />
<gc-start id="296" type="scavenge" contextid="295" timestamp="2019-06-16T22:25:10.989">
  <mem-info id="297" free="3324488" total="8388608" percent="39">
    <mem type="nursery" free="0" total="2097152" percent="0">
      <mem type="allocate" free="0" total="1507328" percent="0" />
      <mem type="survivor" free="0" total="589824" percent="0" />
    </mem>
    <mem type="tenure" free="3324488" total="6291456" percent="52">
      <mem type="soa" free="3010120" total="5977088" percent="50" />
      <mem type="loa" free="314368" total="314368" percent="100" />
    </mem>
    <remembered-set count="148" />
  </mem-info>
</gc-start>
<allocation-stats totalBytes="1115248" >
  <allocated-bytes non-tlh="32" tlh="1115216" />
  <largest-consumer threadName="node-5" threadId="0000000002848000" bytes="208832" />
</allocation-stats>
<gc-op id="298" type="scavenge" timems="1.130" contextid="295" timestamp="2019-06-16T22:25:10.991">
  <scavenger-info tenureage="3" tenuremask="fff8" tiltratio="71" />
  <memory-copied type="nursery" objects="14064" bytes="337296" bytesdiscarded="54384" />
  <memory-copied type="tenure" objects="4194" bytes="100656" bytesdiscarded="16" />
</gc-op>
<gc-end id="299" type="scavenge" contextid="295" durationms="1.565" usertimems="0.000" systemtimems="0.000" timestamp="2019-06-16T22:25:10.991" activeThreads="4">
  <mem-info id="300" free="4492872" total="8388608" percent="53">
    <mem type="nursery" free="1246720" total="2097152" percent="59">
      <mem type="allocate" free="1246720" total="1638400" percent="76" />
      <mem type="survivor" free="0" total="458752" percent="0" />
    </mem>
    <mem type="tenure" free="3246152" total="6291456" percent="51" macro-fragmented="2592282">
      <mem type="soa" free="2931784" total="5977088" percent="49" />
      <mem type="loa" free="314368" total="314368" percent="100" />
    </mem>
    <remembered-set count="126" />
  </mem-info>
</gc-end>
<cycle-end id="301" type="scavenge" contextid="295" timestamp="2019-06-16T22:25:10.991" />
  <attribute name="elasticGC enabled" value="1" />
  <attribute name= "numThreadsSpecified" value="4" />
  <attribute name="heapSize specified" value="8388608" />
  <attribute name="Current GC Util" value="0" />
  <attribute name= "Current Time Running" value="17416" />
  <attribute name ="GC Interval" value="200" />
  <attribute name="ProportionalT" value="-10.000000" />
  <attribute name="ProportionalI" value="-10.000000" />
  <attribute name="ProportionalH" value="-10.000000" />
  <attribute name="Current Error" value="-20.000000" />
  <attribute name="IntegralT" value="-5040.000000" />
  <attribute name="IntegralI" value="-5040.000000" />
  <attribute name="IntegralH" value="-5040.000000" />
  <attribute name="DerivativeT" value="-0.039683" />
  <attribute name="DerivativeI" value="-0.039683" />
  <attribute name="DerivativeH" value="-0.039683" />
  <attribute name="Loop Time for DT" value="504.000000" />
  <attribute name="Output H" value="2092630016"/>
  <attribute name="Output I" value="200"/>
  <attribute name="Output T" value="4"/>
  <attribute name="Target GC Util Change" value ="20.000000" />
  <attribute name="Current GC Util Change" value="0.000000"/>
  <attribute name="GC Util currently" value="0" />
  <attribute name="CPU Util currently" value="9" />
<allocation-satisfied id="302" threadId="000000000283CD00" bytesRequested="24" />
<af-end id="303" timestamp="2019-06-16T22:25:10.991" threadId="000000000283D688" success="true" from="nursery"/>
<exclusive-end id="304" timestamp="2019-06-16T22:25:10.991" durationms="2.279" />

<exclusive-start id="305" timestamp="2019-06-16T22:25:11.557" intervalms="567.848">
  <response-info timems="0.029" idlems="0.029" threads="0" lastid="0000000002848000" lastname="node-5" />
</exclusive-start>
<af-start id="306" threadId="0000000002848988" totalBytesRequested="32" timestamp="2019-06-16T22:25:11.557" intervalms="567.833" type="nursery" />
<cycle-start id="307" type="scavenge" contextid="0" timestamp="2019-06-16T22:25:11.557" intervalms="567.858" />
<gc-start id="308" type="scavenge" contextid="307" timestamp="2019-06-16T22:25:11.557">
  <mem-info id="309" free="3246152" total="8388608" percent="38">
    <mem type="nursery" free="0" total="2097152" percent="0">
      <mem type="allocate" free="0" total="1638400" percent="0" />
      <mem type="survivor" free="0" total="458752" percent="0" />
    </mem>
    <mem type="tenure" free="3246152" total="6291456" percent="51">
      <mem type="soa" free="2931784" total="5977088" percent="49" />
      <mem type="loa" free="314368" total="314368" percent="100" />
    </mem>
    <remembered-set count="148" />
  </mem-info>
</gc-start>
<allocation-stats totalBytes="1246352" >
  <allocated-bytes non-tlh="24" tlh="1246328" />
  <largest-consumer threadName="node-4" threadId="0000000002835500" bytes="208872" />
</allocation-stats>
<gc-op id="310" type="scavenge" timems="1.202" contextid="307" timestamp="2019-06-16T22:25:11.559">
  <scavenger-info tenureage="2" tenuremask="fffc" tiltratio="78" />
  <memory-copied type="nursery" objects="10041" bytes="241928" bytesdiscarded="71416" />
  <memory-copied type="tenure" objects="9476" bytes="227424" bytesdiscarded="0" />
</gc-op>
<gc-end id="311" type="scavenge" contextid="307" durationms="1.475" usertimems="4.000" systemtimems="0.000" timestamp="2019-06-16T22:25:11.559" activeThreads="4">
  <mem-info id="312" free="4336200" total="8388608" percent="51">
    <mem type="nursery" free="1325056" total="2097152" percent="63">
      <mem type="allocate" free="1325056" total="1638400" percent="80" />
      <mem type="survivor" free="0" total="458752" percent="0" />
    </mem>
    <mem type="tenure" free="3011144" total="6291456" percent="47" macro-fragmented="2592282">
      <mem type="soa" free="2696776" total="5977088" percent="45" />
      <mem type="loa" free="314368" total="314368" percent="100" />
    </mem>
    <remembered-set count="132" />
  </mem-info>
</gc-end>
<cycle-end id="313" type="scavenge" contextid="307" timestamp="2019-06-16T22:25:11.559" />
  <attribute name="elasticGC enabled" value="1" />
  <attribute name= "numThreadsSpecified" value="4" />
  <attribute name="heapSize specified" value="8388608" />
  <attribute name="Current GC Util" value="0" />
  <attribute name= "Current Time Running" value="17984" />
  <attribute name ="GC Interval" value="200" />
  <attribute name="ProportionalT" value="-10.000000" />
  <attribute name="ProportionalI" value="-10.000000" />
  <attribute name="ProportionalH" value="-10.000000" />
  <attribute name="Current Error" value="-20.000000" />
  <attribute name="IntegralT" value="-5680.000000" />
  <attribute name="IntegralI" value="-5680.000000" />
  <attribute name="IntegralH" value="-5680.000000" />
  <attribute name="DerivativeT" value="-0.035211" />
  <attribute name="DerivativeI" value="-0.035211" />
  <attribute name="DerivativeH" value="-0.035211" />
  <attribute name="Loop Time for DT" value="568.000000" />
  <attribute name="Output H" value="2092630016"/>
  <attribute name="Output I" value="200"/>
  <attribute name="Output T" value="4"/>
  <attribute name="Target GC Util Change" value ="20.000000" />
  <attribute name="Current GC Util Change" value="0.000000"/>
  <attribute name="GC Util currently" value="0" />
  <attribute name="CPU Util currently" value="6" />
<allocation-satisfied id="314" threadId="0000000002848000" bytesRequested="32" />
<af-end id="315" timestamp="2019-06-16T22:25:11.559" threadId="0000000002848988" success="true" from="nursery"/>
<exclusive-end id="316" timestamp="2019-06-16T22:25:11.559" durationms="2.431" />

<exclusive-start id="317" timestamp="2019-06-16T22:25:12.178" intervalms="621.093">
  <response-info timems="0.064" idlems="0.064" threads="0" lastid="0000000002844500" lastname="node-2" />
</exclusive-start>
<af-start id="318" threadId="0000000002844E88" totalBytesRequested="32" timestamp="2019-06-16T22:25:12.178" intervalms="621.123" type="nursery" />
<cycle-start id="319" type="scavenge" contextid="0" timestamp="2019-06-16T22:25:12.178" intervalms="621.122" />
<gc-start id="320" type="scavenge" contextid="319" timestamp="2019-06-16T22:25:12.178">
  <mem-info id="321" free="3011144" total="8388608" percent="35">
    <mem type="nursery" free="0" total="2097152" percent="0">
      <mem type="allocate" free="0" total="1638400" percent="0" />
      <mem type="survivor" free="0" total="458752" percent="0" />
    </mem>
    <mem type="tenure" free="3011144" total="6291456" percent="47">
      <mem type="soa" free="2696776" total="5977088" percent="45" />
      <mem type="loa" free="314368" total="314368" percent="100" />
    </mem>
    <remembered-set count="147" />
  </mem-info>
</gc-start>
<allocation-stats totalBytes="1323464" >
  <allocated-bytes non-tlh="32" tlh="1323432" />
  <largest-consumer threadName="node-4" threadId="0000000002835500" bytes="255280" />
</allocation-stats>
<gc-op id="322" type="scavenge" timems="1.221" contextid="319" timestamp="2019-06-16T22:25:12.180">
  <scavenger-info tenureage="2" tenuremask="fffc" tiltratio="78" />
  <memory-copied type="nursery" objects="10823" bytes="259512" bytesdiscarded="53832" />
  <memory-copied type="tenure" objects="4558" bytes="109392" bytesdiscarded="0" />
</gc-op>
<gc-end id="323" type="scavenge" contextid="319" durationms="1.709" usertimems="4.000" systemtimems="0.000" timestamp="2019-06-16T22:25:12.180" activeThreads="4">
  <mem-info id="324" free="4284232" total="8388608" percent="51">
    <mem type="nursery" free="1390592" total="2097152" percent="66">
      <mem type="allocate" free="1390592" total="1703936" percent="81" />
      <mem type="survivor" free="0" total="393216" percent="0" />
    </mem>
    <mem type="tenure" free="2893640" total="6291456" percent="45" macro-fragmented="1500163">
      <mem type="soa" free="2579272" total="5977088" percent="43" />
      <mem type="loa" free="314368" total="314368" percent="100" />
    </mem>
    <remembered-set count="120" />
  </mem-info>
</gc-end>
<cycle-end id="325" type="scavenge" contextid="319" timestamp="2019-06-16T22:25:12.180" />
  <attribute name="elasticGC enabled" value="1" />
  <attribute name= "numThreadsSpecified" value="4" />
  <attribute name="heapSize specified" value="8388608" />
  <attribute name="Current GC Util" value="0" />
  <attribute name= "Current Time Running" value="18605" />
  <attribute name ="GC Interval" value="200" />
  <attribute name="ProportionalT" value="-10.000000" />
  <attribute name="ProportionalI" value="-10.000000" />
  <attribute name="ProportionalH" value="-10.000000" />
  <attribute name="Current Error" value="-20.000000" />
  <attribute name="IntegralT" value="-6210.000000" />
  <attribute name="IntegralI" value="-6210.000000" />
  <attribute name="IntegralH" value="-6210.000000" />
  <attribute name="DerivativeT" value="-0.032206" />
  <attribute name="DerivativeI" value="-0.032206" />
  <attribute name="DerivativeH" value="-0.032206" />
  <attribute name="Loop Time for DT" value="621.000000" />
  <attribute name="Output H" value="2092630016"/>
  <attribute name="Output I" value="200"/>
  <attribute name="Output T" value="4"/>
  <attribute name="Target GC Util Change" value ="20.000000" />
  <attribute name="Current GC Util Change" value="0.000000"/>
  <attribute name="GC Util currently" value="0" />
  <attribute name="CPU Util currently" value="3" />
<allocation-satisfied id="326" threadId="0000000002844500" bytesRequested="32" />
<af-end id="327" timestamp="2019-06-16T22:25:12.180" threadId="0000000002844E88" success="true" from="nursery"/>
<exclusive-end id="328" timestamp="2019-06-16T22:25:12.180" durationms="2.411" />

<exclusive-start id="329" timestamp="2019-06-16T22:25:12.845" intervalms="666.628">
  <response-info timems="0.025" idlems="0.025" threads="0" lastid="0000000002840900" lastname="node-1" />
</exclusive-start>
<af-start id="330" threadId="0000000002841288" totalBytesRequested="32" timestamp="2019-06-16T22:25:12.845" intervalms="666.603" type="nursery" />
<cycle-start id="331" type="scavenge" contextid="0" timestamp="2019-06-16T22:25:12.845" intervalms="666.579" />
<gc-start id="332" type="scavenge" contextid="331" timestamp="2019-06-16T22:25:12.845">
  <mem-info id="333" free="2893640" total="8388608" percent="34">
    <mem type="nursery" free="0" total="2097152" percent="0">
      <mem type="allocate" free="0" total="1703936" percent="0" />
      <mem type="survivor" free="0" total="393216" percent="0" />
    </mem>
    <mem type="tenure" free="2893640" total="6291456" percent="45">
      <mem type="soa" free="2579272" total="5977088" percent="43" />
      <mem type="loa" free="314368" total="314368" percent="100" />
    </mem>
    <remembered-set count="143" />
  </mem-info>
</gc-start>
<allocation-stats totalBytes="1388984" >
  <allocated-bytes non-tlh="32" tlh="1388952" />
  <largest-consumer threadName="node-5" threadId="0000000002848000" bytes="272024" />
</allocation-stats>
<gc-op id="334" type="scavenge" timems="1.203" contextid="331" timestamp="2019-06-16T22:25:12.846">
  <scavenger-info tenureage="3" tenuremask="7ff8" tiltratio="81" />
  <memory-copied type="nursery" objects="16323" bytes="391512" bytesdiscarded="168" />
</gc-op>
<gc-end id="335" type="scavenge" contextid="331" durationms="1.525" usertimems="0.000" systemtimems="0.000" timestamp="2019-06-16T22:25:12.846" activeThreads="4">
  <mem-info id="336" free="4009288" total="8388608" percent="47">
    <mem type="nursery" free="1115648" total="2097152" percent="53">
      <mem type="allocate" free="1115648" total="1507328" percent="74" />
      <mem type="survivor" free="0" total="589824" percent="0" />
    </mem>
    <mem type="tenure" free="2893640" total="6291456" percent="45" macro-fragmented="0">
      <mem type="soa" free="2579272" total="5977088" percent="43" />
      <mem type="loa" free="314368" total="314368" percent="100" />
    </mem>
    <remembered-set count="120" />
  </mem-info>
</gc-end>
<cycle-end id="337" type="scavenge" contextid="331" timestamp="2019-06-16T22:25:12.846" />
  <attribute name="elasticGC enabled" value="1" />
  <attribute name= "numThreadsSpecified" value="4" />
  <attribute name="heapSize specified" value="8388608" />
  <attribute name="Current GC Util" value="0" />
  <attribute name= "Current Time Running" value="19271" />
  <attribute name ="GC Interval" value="200" />
  <attribute name="ProportionalT" value="-10.000000" />
  <attribute name="ProportionalI" value="-10.000000" />
  <attribute name="ProportionalH" value="-10.000000" />
  <attribute name="Current Error" value="-20.000000" />
  <attribute name="IntegralT" value="-6660.000000" />
  <attribute name="IntegralI" value="-6660.000000" />
  <attribute name="IntegralH" value="-6660.000000" />
  <attribute name="DerivativeT" value="-0.030030" />
  <attribute name="DerivativeI" value="-0.030030" />
  <attribute name="DerivativeH" value="-0.030030" />
  <attribute name="Loop Time for DT" value="666.000000" />
  <attribute name="Output H" value="2092630016"/>
  <attribute name="Output I" value="200"/>
  <attribute name="Output T" value="4"/>
  <attribute name="Target GC Util Change" value ="20.000000" />
  <attribute name="Current GC Util Change" value="0.000000"/>
  <attribute name="GC Util currently" value="0" />
  <attribute name="CPU Util currently" value="6" />
<allocation-satisfied id="338" threadId="0000000002840900" bytesRequested="32" />
<af-end id="339" timestamp="2019-06-16T22:25:12.847" threadId="0000000002841288" success="true" from="nursery"/>
<exclusive-end id="340" timestamp="2019-06-16T22:25:12.847" durationms="2.205" />

<exclusive-start id="341" timestamp="2019-06-16T22:25:13.379" intervalms="534.617">
  <response-info timems="0.039" idlems="0.039" threads="0" lastid="0000000002840900" lastname="node-1" />
</exclusive-start>
<af-start id="342" threadId="0000000002841288" totalBytesRequested="720" timestamp="2019-06-16T22:25:13.379" intervalms="534.606" type="nursery" />
<cycle-start id="343" type="scavenge" contextid="0" timestamp="2019-06-16T22:25:13.379" intervalms="534.612" />
<gc-start id="344" type="scavenge" contextid="343" timestamp="2019-06-16T22:25:13.379">
  <mem-info id="345" free="2893640" total="8388608" percent="34">
    <mem type="nursery" free="0" total="2097152" percent="0">
      <mem type="allocate" free="0" total="1507328" percent="0" />
      <mem type="survivor" free="0" total="589824" percent="0" />
    </mem>
    <mem type="tenure" free="2893640" total="6291456" percent="45">
      <mem type="soa" free="2579272" total="5977088" percent="43" />
      <mem type="loa" free="314368" total="314368" percent="100" />
    </mem>
    <remembered-set count="143" />
  </mem-info>
</gc-start>
<allocation-stats totalBytes="1115080" >
  <allocated-bytes non-tlh="32" tlh="1115048" />
  <largest-consumer threadName="node-0" threadId="000000000283CD00" bytes="208832" />
</allocation-stats>
<gc-op id="346" type="scavenge" timems="2.421" contextid="343" timestamp="2019-06-16T22:25:13.382">
  <scavenger-info tenureage="2" tenuremask="7ffc" tiltratio="71" />
  <memory-copied type="nursery" objects="9913" bytes="238912" bytesdiscarded="9920" />
  <memory-copied type="tenure" objects="10793" bytes="259032" bytesdiscarded="16" />
</gc-op>
<gc-end id="347" type="scavenge" contextid="343" durationms="2.838" usertimems="4.000" systemtimems="0.000" timestamp="2019-06-16T22:25:13.382" activeThreads="4">
  <mem-info id="348" free="3837512" total="8388608" percent="45">
    <mem type="nursery" free="1324032" total="2097152" percent="63">
      <mem type="allocate" free="1324032" total="1572864" percent="84" />
      <mem type="survivor" free="0" total="524288" percent="0" />
    </mem>
    <mem type="tenure" free="2513480" total="6291456" percent="39" macro-fragmented="0">
      <mem type="soa" free="2199112" total="5977088" percent="36" />
      <mem type="loa" free="314368" total="314368" percent="100" />
    </mem>
    <remembered-set count="125" />
  </mem-info>
</gc-end>
<cycle-end id="349" type="scavenge" contextid="343" timestamp="2019-06-16T22:25:13.382" />
  <attribute name="elasticGC enabled" value="1" />
  <attribute name= "numThreadsSpecified" value="4" />
  <attribute name="heapSize specified" value="8388608" />
  <attribute name="Current GC Util" value="0" />
  <attribute name= "Current Time Running" value="19806" />
  <attribute name ="GC Interval" value="200" />
  <attribute name="ProportionalT" value="-10.000000" />
  <attribute name="ProportionalI" value="-10.000000" />
  <attribute name="ProportionalH" value="-10.000000" />
  <attribute name="Current Error" value="-20.000000" />
  <attribute name="IntegralT" value="-5350.000000" />
  <attribute name="IntegralI" value="-5350.000000" />
  <attribute name="IntegralH" value="-5350.000000" />
  <attribute name="DerivativeT" value="-0.037383" />
  <attribute name="DerivativeI" value="-0.037383" />
  <attribute name="DerivativeH" value="-0.037383" />
  <attribute name="Loop Time for DT" value="535.000000" />
  <attribute name="Output H" value="2092630016"/>
  <attribute name="Output I" value="200"/>
  <attribute name="Output T" value="4"/>
  <attribute name="Target GC Util Change" value ="20.000000" />
  <attribute name="Current GC Util Change" value="0.000000"/>
  <attribute name="GC Util currently" value="0" />
  <attribute name="CPU Util currently" value="3" />
<allocation-satisfied id="350" threadId="0000000002840900" bytesRequested="720" />
<af-end id="351" timestamp="2019-06-16T22:25:13.383" threadId="0000000002841288" success="true" from="nursery"/>
<exclusive-end id="352" timestamp="2019-06-16T22:25:13.383" durationms="3.701" />

<exclusive-start id="353" timestamp="2019-06-16T22:25:14.016" intervalms="636.395">
  <response-info timems="0.025" idlems="0.025" threads="0" lastid="0000000002844500" lastname="node-2" />
</exclusive-start>
<af-start id="354" threadId="0000000002844E88" totalBytesRequested="32" timestamp="2019-06-16T22:25:14.016" intervalms="636.443" type="nursery" />
<cycle-start id="355" type="scavenge" contextid="0" timestamp="2019-06-16T22:25:14.016" intervalms="636.470" />
<gc-start id="356" type="scavenge" contextid="355" timestamp="2019-06-16T22:25:14.016">
  <mem-info id="357" free="2513480" total="8388608" percent="29">
    <mem type="nursery" free="0" total="2097152" percent="0">
      <mem type="allocate" free="0" total="1572864" percent="0" />
      <mem type="survivor" free="0" total="524288" percent="0" />
    </mem>
    <mem type="tenure" free="2513480" total="6291456" percent="39">
      <mem type="soa" free="2199112" total="5977088" percent="36" />
      <mem type="loa" free="314368" total="314368" percent="100" />
    </mem>
    <remembered-set count="143" />
  </mem-info>
</gc-start>
<allocation-stats totalBytes="1323192" >
  <allocated-bytes non-tlh="720" tlh="1322472" />
  <largest-consumer threadName="node-5" threadId="0000000002848000" bytes="257960" />
</allocation-stats>
<gc-op id="358" type="scavenge" timems="1.775" contextid="355" timestamp="2019-06-16T22:25:14.018">
  <scavenger-info tenureage="2" tenuremask="7ffc" tiltratio="75" />
  <memory-copied type="nursery" objects="9939" bytes="238296" bytesdiscarded="114216" />
  <memory-copied type="tenure" objects="5500" bytes="132000" bytesdiscarded="0" />
</gc-op>
<gc-end id="359" type="scavenge" contextid="355" durationms="2.404" usertimems="4.000" systemtimems="0.000" timestamp="2019-06-16T22:25:14.018" activeThreads="4">
  <mem-info id="360" free="3681864" total="8388608" percent="43">
    <mem type="nursery" free="1285888" total="2097152" percent="61">
      <mem type="allocate" free="1285888" total="1638400" percent="78" />
      <mem type="survivor" free="0" total="458752" percent="0" />
    </mem>
    <mem type="tenure" free="2395976" total="6291456" percent="38" macro-fragmented="0">
      <mem type="soa" free="2081608" total="5977088" percent="34" />
      <mem type="loa" free="314368" total="314368" percent="100" />
    </mem>
    <remembered-set count="118" />
  </mem-info>
</gc-end>
<cycle-end id="361" type="scavenge" contextid="355" timestamp="2019-06-16T22:25:14.019" />
  <attribute name="elasticGC enabled" value="1" />
  <attribute name= "numThreadsSpecified" value="4" />
  <attribute name="heapSize specified" value="8388608" />
  <attribute name="Current GC Util" value="0" />
  <attribute name= "Current Time Running" value="20443" />
  <attribute name ="GC Interval" value="200" />
  <attribute name="ProportionalT" value="-10.000000" />
  <attribute name="ProportionalI" value="-10.000000" />
  <attribute name="ProportionalH" value="-10.000000" />
  <attribute name="Current Error" value="-20.000000" />
  <attribute name="IntegralT" value="-6370.000000" />
  <attribute name="IntegralI" value="-6370.000000" />
  <attribute name="IntegralH" value="-6370.000000" />
  <attribute name="DerivativeT" value="-0.031397" />
  <attribute name="DerivativeI" value="-0.031397" />
  <attribute name="DerivativeH" value="-0.031397" />
  <attribute name="Loop Time for DT" value="637.000000" />
  <attribute name="Output H" value="2092630016"/>
  <attribute name="Output I" value="200"/>
  <attribute name="Output T" value="4"/>
  <attribute name="Target GC Util Change" value ="20.000000" />
  <attribute name="Current GC Util Change" value="0.000000"/>
  <attribute name="GC Util currently" value="0" />
  <attribute name="CPU Util currently" value="4" />
<allocation-satisfied id="362" threadId="0000000002844500" bytesRequested="32" />
<af-end id="363" timestamp="2019-06-16T22:25:14.019" threadId="0000000002844E88" success="true" from="nursery"/>
<exclusive-end id="364" timestamp="2019-06-16T22:25:14.019" durationms="3.555" />

<exclusive-start id="365" timestamp="2019-06-16T22:25:14.632" intervalms="616.626">
  <response-info timems="0.027" idlems="0.027" threads="0" lastid="0000000002839100" lastname="node-3" />
</exclusive-start>
<af-start id="366" threadId="0000000002839A88" totalBytesRequested="16" timestamp="2019-06-16T22:25:14.632" intervalms="616.621" type="nursery" />
<cycle-start id="367" type="scavenge" contextid="0" timestamp="2019-06-16T22:25:14.632" intervalms="616.618" />
<gc-start id="368" type="scavenge" contextid="367" timestamp="2019-06-16T22:25:14.633">
  <mem-info id="369" free="2395976" total="8388608" percent="28">
    <mem type="nursery" free="0" total="2097152" percent="0">
      <mem type="allocate" free="0" total="1638400" percent="0" />
      <mem type="survivor" free="0" total="458752" percent="0" />
    </mem>
    <mem type="tenure" free="2395976" total="6291456" percent="38">
      <mem type="soa" free="2081608" total="5977088" percent="34" />
      <mem type="loa" free="314368" total="314368" percent="100" />
    </mem>
    <remembered-set count="141" />
  </mem-info>
</gc-start>
<allocation-stats totalBytes="1285592" >
  <allocated-bytes non-tlh="32" tlh="1285560" />
  <largest-consumer threadName="node-5" threadId="0000000002848000" bytes="233464" />
</allocation-stats>
<gc-op id="370" type="scavenge" timems="1.864" contextid="367" timestamp="2019-06-16T22:25:14.635">
  <scavenger-info tenureage="2" tenuremask="7ffc" tiltratio="78" />
  <memory-copied type="nursery" objects="11230" bytes="269904" bytesdiscarded="82608" />
  <memory-copied type="tenure" objects="4367" bytes="104808" bytesdiscarded="0" />
</gc-op>
<gc-end id="371" type="scavenge" contextid="367" durationms="2.217" usertimems="0.000" systemtimems="0.000" timestamp="2019-06-16T22:25:14.635" activeThreads="4">
  <mem-info id="372" free="3564360" total="8388608" percent="42">
    <mem type="nursery" free="1285888" total="2097152" percent="61">
      <mem type="allocate" free="1285888" total="1638400" percent="78" />
      <mem type="survivor" free="0" total="458752" percent="0" />
    </mem>
    <mem type="tenure" free="2278472" total="6291456" percent="36" macro-fragmented="1500163">
      <mem type="soa" free="1964104" total="5977088" percent="32" />
      <mem type="loa" free="314368" total="314368" percent="100" />
    </mem>
    <remembered-set count="122" />
  </mem-info>
</gc-end>
<cycle-end id="373" type="scavenge" contextid="367" timestamp="2019-06-16T22:25:14.635" />
  <attribute name="elasticGC enabled" value="1" />
  <attribute name= "numThreadsSpecified" value="4" />
  <attribute name="heapSize specified" value="8388608" />
  <attribute name="Current GC Util" value="0" />
  <attribute name= "Current Time Running" value="21059" />
  <attribute name ="GC Interval" value="200" />
  <attribute name="ProportionalT" value="-10.000000" />
  <attribute name="ProportionalI" value="-10.000000" />
  <attribute name="ProportionalH" value="-10.000000" />
  <attribute name="Current Error" value="-20.000000" />
  <attribute name="IntegralT" value="-6160.000000" />
  <attribute name="IntegralI" value="-6160.000000" />
  <attribute name="IntegralH" value="-6160.000000" />
  <attribute name="DerivativeT" value="-0.032468" />
  <attribute name="DerivativeI" value="-0.032468" />
  <attribute name="DerivativeH" value="-0.032468" />
  <attribute name="Loop Time for DT" value="616.000000" />
  <attribute name="Output H" value="2092630016"/>
  <attribute name="Output I" value="200"/>
  <attribute name="Output T" value="4"/>
  <attribute name="Target GC Util Change" value ="20.000000" />
  <attribute name="Current GC Util Change" value="0.000000"/>
  <attribute name="GC Util currently" value="0" />
  <attribute name="CPU Util currently" value="6" />
<allocation-satisfied id="374" threadId="0000000002839100" bytesRequested="16" />
<af-end id="375" timestamp="2019-06-16T22:25:14.635" threadId="0000000002839A88" success="true" from="nursery"/>
<exclusive-end id="376" timestamp="2019-06-16T22:25:14.635" durationms="2.856" />

<exclusive-start id="377" timestamp="2019-06-16T22:25:15.216" intervalms="583.645">
  <response-info timems="0.162" idlems="0.047" threads="4" lastid="0000000002848000" lastname="node-5" />
</exclusive-start>
<af-start id="378" threadId="0000000002841288" totalBytesRequested="720" timestamp="2019-06-16T22:25:15.216" intervalms="583.611" type="nursery" />
<cycle-start id="379" type="scavenge" contextid="0" timestamp="2019-06-16T22:25:15.216" intervalms="583.582" />
<gc-start id="380" type="scavenge" contextid="379" timestamp="2019-06-16T22:25:15.216">
  <mem-info id="381" free="2278472" total="8388608" percent="27">
    <mem type="nursery" free="0" total="2097152" percent="0">
      <mem type="allocate" free="0" total="1638400" percent="0" />
      <mem type="survivor" free="0" total="458752" percent="0" />
    </mem>
    <mem type="tenure" free="2278472" total="6291456" percent="36">
      <mem type="soa" free="1964104" total="5977088" percent="32" />
      <mem type="loa" free="314368" total="314368" percent="100" />
    </mem>
    <remembered-set count="141" />
  </mem-info>
</gc-start>
<allocation-stats totalBytes="1284152" >
  <allocated-bytes non-tlh="16" tlh="1284136" />
  <largest-consumer threadName="node-5" threadId="0000000002848000" bytes="233384" />
</allocation-stats>
<gc-op id="382" type="scavenge" timems="1.849" contextid="379" timestamp="2019-06-16T22:25:15.218">
  <scavenger-info tenureage="2" tenuremask="7ffc" tiltratio="78" />
  <memory-copied type="nursery" objects="11211" bytes="270592" bytesdiscarded="81920" />
  <memory-copied type="tenure" objects="5542" bytes="133008" bytesdiscarded="0" />
</gc-op>
<gc-end id="383" type="scavenge" contextid="379" durationms="2.111" usertimems="0.000" systemtimems="4.000" timestamp="2019-06-16T22:25:15.218" activeThreads="4">
  <mem-info id="384" free="3407688" total="8388608" percent="40">
    <mem type="nursery" free="1285888" total="2097152" percent="61">
      <mem type="allocate" free="1285888" total="1638400" percent="78" />
      <mem type="survivor" free="0" total="458752" percent="0" />
    </mem>
    <mem type="tenure" free="2121800" total="6291456" percent="33" macro-fragmented="723458">
      <mem type="soa" free="1807432" total="5977088" percent="30" />
      <mem type="loa" free="314368" total="314368" percent="100" />
    </mem>
    <remembered-set count="122" />
  </mem-info>
</gc-end>
<cycle-end id="385" type="scavenge" contextid="379" timestamp="2019-06-16T22:25:15.218" />
  <attribute name="elasticGC enabled" value="1" />
  <attribute name= "numThreadsSpecified" value="4" />
  <attribute name="heapSize specified" value="8388608" />
  <attribute name="Current GC Util" value="0" />
  <attribute name= "Current Time Running" value="21643" />
  <attribute name ="GC Interval" value="200" />
  <attribute name="ProportionalT" value="-10.000000" />
  <attribute name="ProportionalI" value="-10.000000" />
  <attribute name="ProportionalH" value="-10.000000" />
  <attribute name="Current Error" value="-20.000000" />
  <attribute name="IntegralT" value="-5840.000000" />
  <attribute name="IntegralI" value="-5840.000000" />
  <attribute name="IntegralH" value="-5840.000000" />
  <attribute name="DerivativeT" value="-0.034247" />
  <attribute name="DerivativeI" value="-0.034247" />
  <attribute name="DerivativeH" value="-0.034247" />
  <attribute name="Loop Time for DT" value="584.000000" />
  <attribute name="Output H" value="2092630016"/>
  <attribute name="Output I" value="200"/>
  <attribute name="Output T" value="4"/>
  <attribute name="Target GC Util Change" value ="20.000000" />
  <attribute name="Current GC Util Change" value="0.000000"/>
  <attribute name="GC Util currently" value="0" />
  <attribute name="CPU Util currently" value="4" />
<allocation-satisfied id="386" threadId="0000000002840900" bytesRequested="720" />
<af-end id="387" timestamp="2019-06-16T22:25:15.219" threadId="0000000002841288" success="true" from="nursery"/>
<exclusive-end id="388" timestamp="2019-06-16T22:25:15.219" durationms="2.682" />

<exclusive-start id="389" timestamp="2019-06-16T22:25:15.892" intervalms="676.179">
  <response-info timems="0.028" idlems="0.028" threads="0" lastid="0000000002840900" lastname="node-1" />
</exclusive-start>
<af-start id="390" threadId="0000000002841288" totalBytesRequested="32" timestamp="2019-06-16T22:25:15.892" intervalms="676.228" type="nursery" />
<cycle-start id="391" type="scavenge" contextid="0" timestamp="2019-06-16T22:25:15.892" intervalms="676.275" />
<gc-start id="392" type="scavenge" contextid="391" timestamp="2019-06-16T22:25:15.893">
  <mem-info id="393" free="2121800" total="8388608" percent="25">
    <mem type="nursery" free="0" total="2097152" percent="0">
      <mem type="allocate" free="0" total="1638400" percent="0" />
      <mem type="survivor" free="0" total="458752" percent="0" />
    </mem>
    <mem type="tenure" free="2121800" total="6291456" percent="33">
      <mem type="soa" free="1807432" total="5977088" percent="30" />
      <mem type="loa" free="314368" total="314368" percent="100" />
    </mem>
    <remembered-set count="139" />
  </mem-info>
</gc-start>
<allocation-stats totalBytes="1285544" >
  <allocated-bytes non-tlh="720" tlh="1284824" />
  <largest-consumer threadName="node-5" threadId="0000000002848000" bytes="233440" />
</allocation-stats>
<gc-op id="394" type="scavenge" timems="1.839" contextid="391" timestamp="2019-06-16T22:25:15.895">
  <scavenger-info tenureage="2" tenuremask="7ffc" tiltratio="78" />
  <memory-copied type="nursery" objects="10880" bytes="260880" bytesdiscarded="91632" />
  <memory-copied type="tenure" objects="5652" bytes="135648" bytesdiscarded="0" />
</gc-op>
<gc-end id="395" type="scavenge" contextid="391" durationms="2.428" usertimems="4.000" systemtimems="0.000" timestamp="2019-06-16T22:25:15.895" activeThreads="4">
  <mem-info id="396" free="3355720" total="8388608" percent="40">
    <mem type="nursery" free="1351424" total="2097152" percent="64">
      <mem type="allocate" free="1351424" total="1703936" percent="79" />
      <mem type="survivor" free="0" total="393216" percent="0" />
    </mem>
    <mem type="tenure" free="2004296" total="6291456" percent="31" macro-fragmented="0">
      <mem type="soa" free="1689928" total="5977088" percent="28" />
      <mem type="loa" free="314368" total="314368" percent="100" />
    </mem>
    <remembered-set count="118" />
  </mem-info>
</gc-end>
<cycle-end id="397" type="scavenge" contextid="391" timestamp="2019-06-16T22:25:15.895" />
  <attribute name="elasticGC enabled" value="1" />
  <attribute name= "numThreadsSpecified" value="4" />
  <attribute name="heapSize specified" value="8388608" />
  <attribute name="Current GC Util" value="0" />
  <attribute name= "Current Time Running" value="22319" />
  <attribute name ="GC Interval" value="200" />
  <attribute name="ProportionalT" value="-10.000000" />
  <attribute name="ProportionalI" value="-10.000000" />
  <attribute name="ProportionalH" value="-10.000000" />
  <attribute name="Current Error" value="-20.000000" />
  <attribute name="IntegralT" value="-6760.000000" />
  <attribute name="IntegralI" value="-6760.000000" />
  <attribute name="IntegralH" value="-6760.000000" />
  <attribute name="DerivativeT" value="-0.029586" />
  <attribute name="DerivativeI" value="-0.029586" />
  <attribute name="DerivativeH" value="-0.029586" />
  <attribute name="Loop Time for DT" value="676.000000" />
  <attribute name="Output H" value="2092630016"/>
  <attribute name="Output I" value="200"/>
  <attribute name="Output T" value="4"/>
  <attribute name="Target GC Util Change" value ="20.000000" />
  <attribute name="Current GC Util Change" value="0.000000"/>
  <attribute name="GC Util currently" value="0" />
  <attribute name="CPU Util currently" value="5" />
<allocation-satisfied id="398" threadId="0000000002840900" bytesRequested="32" />
<af-end id="399" timestamp="2019-06-16T22:25:15.895" threadId="0000000002841288" success="true" from="nursery"/>
<exclusive-end id="400" timestamp="2019-06-16T22:25:15.895" durationms="3.307" />

<exclusive-start id="401" timestamp="2019-06-16T22:25:16.514" intervalms="621.549">
  <response-info timems="0.025" idlems="0.025" threads="0" lastid="0000000002839100" lastname="node-3" />
</exclusive-start>
<af-start id="402" threadId="0000000002839A88" totalBytesRequested="32" timestamp="2019-06-16T22:25:16.514" intervalms="621.510" type="nursery" />
<cycle-start id="403" type="scavenge" contextid="0" timestamp="2019-06-16T22:25:16.514" intervalms="621.470" />
<gc-start id="404" type="scavenge" contextid="403" timestamp="2019-06-16T22:25:16.514">
  <mem-info id="405" free="2004296" total="8388608" percent="23">
    <mem type="nursery" free="0" total="2097152" percent="0">
      <mem type="allocate" free="0" total="1703936" percent="0" />
      <mem type="survivor" free="0" total="393216" percent="0" />
    </mem>
    <mem type="tenure" free="2004296" total="6291456" percent="31">
      <mem type="soa" free="1689928" total="5977088" percent="28" />
      <mem type="loa" free="314368" total="314368" percent="100" />
    </mem>
    <remembered-set count="141" />
  </mem-info>
</gc-start>
<allocation-stats totalBytes="1350352" >
  <allocated-bytes non-tlh="32" tlh="1350320" />
  <largest-consumer threadName="node-1" threadId="0000000002840900" bytes="258048" />
</allocation-stats>
<gc-op id="406" type="scavenge" timems="1.770" contextid="403" timestamp="2019-06-16T22:25:16.516">
  <scavenger-info tenureage="2" tenuremask="7ffc" tiltratio="81" />
  <memory-copied type="nursery" objects="11327" bytes="271608" bytesdiscarded="80904" />
  <memory-copied type="tenure" objects="5509" bytes="132216" bytesdiscarded="0" />
</gc-op>
<gc-end id="407" type="scavenge" contextid="403" durationms="2.018" usertimems="0.000" systemtimems="0.000" timestamp="2019-06-16T22:25:16.516" activeThreads="4">
  <mem-info id="408" free="3199048" total="8388608" percent="38">
    <mem type="nursery" free="1351424" total="2097152" percent="64">
      <mem type="allocate" free="1351424" total="1703936" percent="79" />
      <mem type="survivor" free="0" total="393216" percent="0" />
    </mem>
    <mem type="tenure" free="1847624" total="6291456" percent="29" macro-fragmented="1500163">
      <mem type="soa" free="1533256" total="5977088" percent="25" />
      <mem type="loa" free="314368" total="314368" percent="100" />
    </mem>
    <remembered-set count="116" />
  </mem-info>
</gc-end>
<cycle-end id="409" type="scavenge" contextid="403" timestamp="2019-06-16T22:25:16.516" />
  <attribute name="elasticGC enabled" value="1" />
  <attribute name= "numThreadsSpecified" value="4" />
  <attribute name="heapSize specified" value="8388608" />
  <attribute name="Current GC Util" value="0" />
  <attribute name= "Current Time Running" value="22940" />
  <attribute name ="GC Interval" value="200" />
  <attribute name="ProportionalT" value="-10.000000" />
  <attribute name="ProportionalI" value="-10.000000" />
  <attribute name="ProportionalH" value="-10.000000" />
  <attribute name="Current Error" value="-20.000000" />
  <attribute name="IntegralT" value="-6210.000000" />
  <attribute name="IntegralI" value="-6210.000000" />
  <attribute name="IntegralH" value="-6210.000000" />
  <attribute name="DerivativeT" value="-0.032206" />
  <attribute name="DerivativeI" value="-0.032206" />
  <attribute name="DerivativeH" value="-0.032206" />
  <attribute name="Loop Time for DT" value="621.000000" />
  <attribute name="Output H" value="2092630016"/>
  <attribute name="Output I" value="200"/>
  <attribute name="Output T" value="4"/>
  <attribute name="Target GC Util Change" value ="20.000000" />
  <attribute name="Current GC Util Change" value="0.000000"/>
  <attribute name="GC Util currently" value="0" />
  <attribute name="CPU Util currently" value="8" />
<allocation-satisfied id="410" threadId="0000000002839100" bytesRequested="32" />
<af-end id="411" timestamp="2019-06-16T22:25:16.516" threadId="0000000002839A88" success="true" from="nursery"/>
<exclusive-end id="412" timestamp="2019-06-16T22:25:16.516" durationms="2.625" />

<exclusive-start id="413" timestamp="2019-06-16T22:25:17.142" intervalms="628.872">
  <response-info timems="0.022" idlems="0.022" threads="0" lastid="0000000002839100" lastname="node-3" />
</exclusive-start>
<af-start id="414" threadId="0000000002839A88" totalBytesRequested="16" timestamp="2019-06-16T22:25:17.143" intervalms="628.852" type="nursery" />
<cycle-start id="415" type="scavenge" contextid="0" timestamp="2019-06-16T22:25:17.143" intervalms="628.839" />
<gc-start id="416" type="scavenge" contextid="415" timestamp="2019-06-16T22:25:17.143">
  <mem-info id="417" free="1847624" total="8388608" percent="22">
    <mem type="nursery" free="0" total="2097152" percent="0">
      <mem type="allocate" free="0" total="1703936" percent="0" />
      <mem type="survivor" free="0" total="393216" percent="0" />
    </mem>
    <mem type="tenure" free="1847624" total="6291456" percent="29">
      <mem type="soa" free="1533256" total="5977088" percent="25" />
      <mem type="loa" free="314368" total="314368" percent="100" />
    </mem>
    <remembered-set count="139" />
  </mem-info>
</gc-start>
<allocation-stats totalBytes="1350336" >
  <allocated-bytes non-tlh="32" tlh="1350304" />
  <largest-consumer threadName="node-4" threadId="0000000002835500" bytes="233432" />
</allocation-stats>
<gc-op id="418" type="scavenge" timems="1.770" contextid="415" timestamp="2019-06-16T22:25:17.145">
  <scavenger-info tenureage="2" tenuremask="7ffc" tiltratio="81" />
  <memory-copied type="nursery" objects="11474" bytes="277232" bytesdiscarded="114448" />
  <memory-copied type="tenure" objects="5341" bytes="128184" bytesdiscarded="0" />
</gc-op>
<gc-end id="419" type="scavenge" contextid="415" durationms="2.108" usertimems="4.000" systemtimems="0.000" timestamp="2019-06-16T22:25:17.145" activeThreads="4">
  <mem-info id="420" free="3042376" total="8388608" percent="36">
    <mem type="nursery" free="1312256" total="2097152" percent="62">
      <mem type="allocate" free="1312256" total="1703936" percent="77" />
      <mem type="survivor" free="0" total="393216" percent="0" />
    </mem>
    <mem type="tenure" free="1730120" total="6291456" percent="27" macro-fragmented="0">
      <mem type="soa" free="1415752" total="5977088" percent="23" />
      <mem type="loa" free="314368" total="314368" percent="100" />
    </mem>
    <remembered-set count="122" />
  </mem-info>
</gc-end>
<cycle-end id="421" type="scavenge" contextid="415" timestamp="2019-06-16T22:25:17.145" />
  <attribute name="elasticGC enabled" value="1" />
  <attribute name= "numThreadsSpecified" value="4" />
  <attribute name="heapSize specified" value="8388608" />
  <attribute name="Current GC Util" value="0" />
  <attribute name= "Current Time Running" value="23569" />
  <attribute name ="GC Interval" value="200" />
  <attribute name="ProportionalT" value="-10.000000" />
  <attribute name="ProportionalI" value="-10.000000" />
  <attribute name="ProportionalH" value="-10.000000" />
  <attribute name="Current Error" value="-20.000000" />
  <attribute name="IntegralT" value="-6290.000000" />
  <attribute name="IntegralI" value="-6290.000000" />
  <attribute name="IntegralH" value="-6290.000000" />
  <attribute name="DerivativeT" value="-0.031797" />
  <attribute name="DerivativeI" value="-0.031797" />
  <attribute name="DerivativeH" value="-0.031797" />
  <attribute name="Loop Time for DT" value="629.000000" />
  <attribute name="Output H" value="2092630016"/>
  <attribute name="Output I" value="200"/>
  <attribute name="Output T" value="4"/>
  <attribute name="Target GC Util Change" value ="20.000000" />
  <attribute name="Current GC Util Change" value="0.000000"/>
  <attribute name="GC Util currently" value="0" />
  <attribute name="CPU Util currently" value="1" />
<allocation-satisfied id="422" threadId="0000000002839100" bytesRequested="16" />
<af-end id="423" timestamp="2019-06-16T22:25:17.145" threadId="0000000002839A88" success="true" from="nursery"/>
<exclusive-end id="424" timestamp="2019-06-16T22:25:17.145" durationms="2.681" />

<exclusive-start id="425" timestamp="2019-06-16T22:25:17.713" intervalms="570.127">
  <response-info timems="0.196" idlems="0.181" threads="1" lastid="000000000283CD00" lastname="node-0" />
</exclusive-start>
<af-start id="426" threadId="0000000002841288" totalBytesRequested="376" timestamp="2019-06-16T22:25:17.713" intervalms="570.128" type="nursery" />
<cycle-start id="427" type="scavenge" contextid="0" timestamp="2019-06-16T22:25:17.713" intervalms="570.131" />
<gc-start id="428" type="scavenge" contextid="427" timestamp="2019-06-16T22:25:17.713">
  <mem-info id="429" free="1730120" total="8388608" percent="20">
    <mem type="nursery" free="0" total="2097152" percent="0">
      <mem type="allocate" free="0" total="1703936" percent="0" />
      <mem type="survivor" free="0" total="393216" percent="0" />
    </mem>
    <mem type="tenure" free="1730120" total="6291456" percent="27">
      <mem type="soa" free="1415752" total="5977088" percent="23" />
      <mem type="loa" free="314368" total="314368" percent="100" />
    </mem>
    <remembered-set count="139" />
  </mem-info>
</gc-start>
<allocation-stats totalBytes="1311360" >
  <allocated-bytes non-tlh="16" tlh="1311344" />
  <largest-consumer threadName="node-5" threadId="0000000002848000" bytes="233432" />
</allocation-stats>
<gc-op id="430" type="scavenge" timems="1.855" contextid="427" timestamp="2019-06-16T22:25:17.715">
  <scavenger-info tenureage="2" tenuremask="7ffc" tiltratio="81" />
  <memory-copied type="nursery" objects="11368" bytes="275288" bytesdiscarded="77224" />
  <memory-copied type="tenure" objects="5956" bytes="142944" bytesdiscarded="0" />
</gc-op>
<gc-end id="431" type="scavenge" contextid="427" durationms="2.104" usertimems="4.000" systemtimems="0.000" timestamp="2019-06-16T22:25:17.715" activeThreads="4">
  <mem-info id="432" free="2924872" total="8388608" percent="34">
    <mem type="nursery" free="1351424" total="2097152" percent="64">
      <mem type="allocate" free="1351424" total="1703936" percent="79" />
      <mem type="survivor" free="0" total="393216" percent="0" />
    </mem>
    <mem type="tenure" free="1573448" total="6291456" percent="25" macro-fragmented="1041779">
      <mem type="soa" free="1259080" total="5977088" percent="21" />
      <mem type="loa" free="314368" total="314368" percent="100" />
    </mem>
    <remembered-set count="121" />
  </mem-info>
</gc-end>
<cycle-end id="433" type="scavenge" contextid="427" timestamp="2019-06-16T22:25:17.715" />
  <attribute name="elasticGC enabled" value="1" />
  <attribute name= "numThreadsSpecified" value="4" />
  <attribute name="heapSize specified" value="8388608" />
  <attribute name="Current GC Util" value="0" />
  <attribute name= "Current Time Running" value="24139" />
  <attribute name ="GC Interval" value="200" />
  <attribute name="ProportionalT" value="-10.000000" />
  <attribute name="ProportionalI" value="-10.000000" />
  <attribute name="ProportionalH" value="-10.000000" />
  <attribute name="Current Error" value="-20.000000" />
  <attribute name="IntegralT" value="-5700.000000" />
  <attribute name="IntegralI" value="-5700.000000" />
  <attribute name="IntegralH" value="-5700.000000" />
  <attribute name="DerivativeT" value="-0.035088" />
  <attribute name="DerivativeI" value="-0.035088" />
  <attribute name="DerivativeH" value="-0.035088" />
  <attribute name="Loop Time for DT" value="570.000000" />
  <attribute name="Output H" value="2092630016"/>
  <attribute name="Output I" value="200"/>
  <attribute name="Output T" value="4"/>
  <attribute name="Target GC Util Change" value ="20.000000" />
  <attribute name="Current GC Util Change" value="0.000000"/>
  <attribute name="GC Util currently" value="0" />
  <attribute name="CPU Util currently" value="1" />
<allocation-satisfied id="434" threadId="0000000002840900" bytesRequested="376" />
<af-end id="435" timestamp="2019-06-16T22:25:17.715" threadId="0000000002841288" success="true" from="nursery"/>
<exclusive-end id="436" timestamp="2019-06-16T22:25:17.715" durationms="2.578" />

<exclusive-start id="437" timestamp="2019-06-16T22:25:18.272" intervalms="559.858">
  <response-info timems="0.027" idlems="0.027" threads="0" lastid="0000000002839100" lastname="node-3" />
</exclusive-start>
<af-start id="438" threadId="0000000002839A88" totalBytesRequested="32" timestamp="2019-06-16T22:25:18.273" intervalms="559.869" type="nursery" />
<cycle-start id="439" type="scavenge" contextid="0" timestamp="2019-06-16T22:25:18.273" intervalms="559.868" />
<gc-start id="440" type="scavenge" contextid="439" timestamp="2019-06-16T22:25:18.273">
  <mem-info id="441" free="1573448" total="8388608" percent="18">
    <mem type="nursery" free="0" total="2097152" percent="0">
      <mem type="allocate" free="0" total="1703936" percent="0" />
      <mem type="survivor" free="0" total="393216" percent="0" />
    </mem>
    <mem type="tenure" free="1573448" total="6291456" percent="25">
      <mem type="soa" free="1259080" total="5977088" percent="21" />
      <mem type="loa" free="314368" total="314368" percent="100" />
    </mem>
    <remembered-set count="139" />
  </mem-info>
</gc-start>
<allocation-stats totalBytes="1350808" >
  <allocated-bytes non-tlh="376" tlh="1350432" />
  <largest-consumer threadName="node-2" threadId="0000000002844500" bytes="233360" />
</allocation-stats>
<gc-op id="442" type="scavenge" timems="1.089" contextid="439" timestamp="2019-06-16T22:25:18.274">
  <scavenger-info tenureage="2" tenuremask="7ffc" tiltratio="81" />
  <memory-copied type="nursery" objects="11237" bytes="270176" bytesdiscarded="82336" />
  <memory-copied type="tenure" objects="5472" bytes="131328" bytesdiscarded="0" />
</gc-op>
<gc-end id="443" type="scavenge" contextid="439" durationms="1.563" usertimems="4.000" systemtimems="0.000" timestamp="2019-06-16T22:25:18.274" activeThreads="4">
  <mem-info id="444" free="2807368" total="8388608" percent="33">
    <mem type="nursery" free="1351424" total="2097152" percent="64">
      <mem type="allocate" free="1351424" total="1703936" percent="79" />
      <mem type="survivor" free="0" total="393216" percent="0" />
    </mem>
    <mem type="tenure" free="1455944" total="6291456" percent="23" macro-fragmented="348889">
      <mem type="soa" free="1141576" total="5977088" percent="19" />
      <mem type="loa" free="314368" total="314368" percent="100" />
    </mem>
    <remembered-set count="122" />
  </mem-info>
</gc-end>
<cycle-end id="445" type="scavenge" contextid="439" timestamp="2019-06-16T22:25:18.274" />
  <attribute name="elasticGC enabled" value="1" />
  <attribute name= "numThreadsSpecified" value="4" />
  <attribute name="heapSize specified" value="8388608" />
  <attribute name="Current GC Util" value="0" />
  <attribute name= "Current Time Running" value="24699" />
  <attribute name ="GC Interval" value="200" />
  <attribute name="ProportionalT" value="-10.000000" />
  <attribute name="ProportionalI" value="-10.000000" />
  <attribute name="ProportionalH" value="-10.000000" />
  <attribute name="Current Error" value="-20.000000" />
  <attribute name="IntegralT" value="-5600.000000" />
  <attribute name="IntegralI" value="-5600.000000" />
  <attribute name="IntegralH" value="-5600.000000" />
  <attribute name="DerivativeT" value="-0.035714" />
  <attribute name="DerivativeI" value="-0.035714" />
  <attribute name="DerivativeH" value="-0.035714" />
  <attribute name="Loop Time for DT" value="560.000000" />
  <attribute name="Output H" value="2092630016"/>
  <attribute name="Output I" value="200"/>
  <attribute name="Output T" value="4"/>
  <attribute name="Target GC Util Change" value ="20.000000" />
  <attribute name="Current GC Util Change" value="0.000000"/>
  <attribute name="GC Util currently" value="0" />
  <attribute name="CPU Util currently" value="2" />
<allocation-satisfied id="446" threadId="0000000002839100" bytesRequested="32" />
<af-end id="447" timestamp="2019-06-16T22:25:18.274" threadId="0000000002839A88" success="true" from="nursery"/>
<exclusive-end id="448" timestamp="2019-06-16T22:25:18.275" durationms="2.020" />

<exclusive-start id="449" timestamp="2019-06-16T22:25:18.906" intervalms="633.068">
  <response-info timems="0.189" idlems="0.127" threads="2" lastid="0000000002835500" lastname="node-4" />
</exclusive-start>
<af-start id="450" threadId="000000000283D688" totalBytesRequested="16" timestamp="2019-06-16T22:25:18.906" intervalms="633.071" type="nursery" />
<cycle-start id="451" type="scavenge" contextid="0" timestamp="2019-06-16T22:25:18.906" intervalms="633.079" />
<gc-start id="452" type="scavenge" contextid="451" timestamp="2019-06-16T22:25:18.906">
  <mem-info id="453" free="1455944" total="8388608" percent="17">
    <mem type="nursery" free="0" total="2097152" percent="0">
      <mem type="allocate" free="0" total="1703936" percent="0" />
      <mem type="survivor" free="0" total="393216" percent="0" />
    </mem>
    <mem type="tenure" free="1455944" total="6291456" percent="23">
      <mem type="soa" free="1141576" total="5977088" percent="19" />
      <mem type="loa" free="314368" total="314368" percent="100" />
    </mem>
    <remembered-set count="139" />
  </mem-info>
</gc-start>
<allocation-stats totalBytes="1350456" >
  <allocated-bytes non-tlh="32" tlh="1350424" />
  <largest-consumer threadName="node-4" threadId="0000000002835500" bytes="233432" />
</allocation-stats>
<gc-op id="454" type="scavenge" timems="1.830" contextid="451" timestamp="2019-06-16T22:25:18.908">
  <scavenger-info tenureage="2" tenuremask="7ffc" tiltratio="81" />
  <memory-copied type="nursery" objects="10994" bytes="265352" bytesdiscarded="87160" />
  <memory-copied type="tenure" objects="5852" bytes="140448" bytesdiscarded="0" />
</gc-op>
<gc-end id="455" type="scavenge" contextid="451" durationms="2.130" usertimems="0.000" systemtimems="4.000" timestamp="2019-06-16T22:25:18.908" activeThreads="4">
  <mem-info id="456" free="2716232" total="8388608" percent="32">
    <mem type="nursery" free="1416960" total="2097152" percent="67">
      <mem type="allocate" free="1416960" total="1769472" percent="80" />
      <mem type="survivor" free="0" total="327680" percent="0" />
    </mem>
    <mem type="tenure" free="1299272" total="6291456" percent="20" macro-fragmented="0">
      <mem type="soa" free="984904" total="5977088" percent="16" />
      <mem type="loa" free="314368" total="314368" percent="100" />
    </mem>
    <remembered-set count="120" />
  </mem-info>
</gc-end>
<cycle-end id="457" type="scavenge" contextid="451" timestamp="2019-06-16T22:25:18.908" />
  <attribute name="elasticGC enabled" value="1" />
  <attribute name= "numThreadsSpecified" value="4" />
  <attribute name="heapSize specified" value="8388608" />
  <attribute name="Current GC Util" value="0" />
  <attribute name= "Current Time Running" value="25332" />
  <attribute name ="GC Interval" value="200" />
  <attribute name="ProportionalT" value="-10.000000" />
  <attribute name="ProportionalI" value="-10.000000" />
  <attribute name="ProportionalH" value="-10.000000" />
  <attribute name="Current Error" value="-20.000000" />
  <attribute name="IntegralT" value="-6330.000000" />
  <attribute name="IntegralI" value="-6330.000000" />
  <attribute name="IntegralH" value="-6330.000000" />
  <attribute name="DerivativeT" value="-0.031596" />
  <attribute name="DerivativeI" value="-0.031596" />
  <attribute name="DerivativeH" value="-0.031596" />
  <attribute name="Loop Time for DT" value="633.000000" />
  <attribute name="Output H" value="2092630016"/>
  <attribute name="Output I" value="200"/>
  <attribute name="Output T" value="4"/>
  <attribute name="Target GC Util Change" value ="20.000000" />
  <attribute name="Current GC Util Change" value="0.000000"/>
  <attribute name="GC Util currently" value="0" />
  <attribute name="CPU Util currently" value="2" />
<allocation-satisfied id="458" threadId="000000000283CD00" bytesRequested="16" />
<af-end id="459" timestamp="2019-06-16T22:25:18.908" threadId="000000000283D688" success="true" from="nursery"/>
<exclusive-end id="460" timestamp="2019-06-16T22:25:18.908" durationms="2.722" />

<exclusive-start id="461" timestamp="2019-06-16T22:25:19.537" intervalms="631.080">
  <response-info timems="0.142" idlems="0.040" threads="3" lastid="0000000002835500" lastname="node-4" />
</exclusive-start>
<af-start id="462" threadId="0000000002848988" totalBytesRequested="24" timestamp="2019-06-16T22:25:19.537" intervalms="631.077" type="nursery" />
<cycle-start id="463" type="scavenge" contextid="0" timestamp="2019-06-16T22:25:19.537" intervalms="631.072" />
<gc-start id="464" type="scavenge" contextid="463" timestamp="2019-06-16T22:25:19.537">
  <mem-info id="465" free="1299272" total="8388608" percent="15">
    <mem type="nursery" free="0" total="2097152" percent="0">
      <mem type="allocate" free="0" total="1769472" percent="0" />
      <mem type="survivor" free="0" total="327680" percent="0" />
    </mem>
    <mem type="tenure" free="1299272" total="6291456" percent="20">
      <mem type="soa" free="984904" total="5977088" percent="16" />
      <mem type="loa" free="314368" total="314368" percent="100" />
    </mem>
    <remembered-set count="140" />
  </mem-info>
</gc-start>
<allocation-stats totalBytes="1416584" >
  <allocated-bytes non-tlh="16" tlh="1416568" />
  <largest-consumer threadName="node-3" threadId="0000000002839100" bytes="257992" />
</allocation-stats>
<gc-op id="466" type="scavenge" timems="1.802" contextid="463" timestamp="2019-06-16T22:25:19.539">
  <scavenger-info tenureage="2" tenuremask="7ffc" tiltratio="84" />
  <memory-copied type="nursery" objects="10388" bytes="249792" bytesdiscarded="77888" />
  <memory-copied type="tenure" objects="6667" bytes="160008" bytesdiscarded="0" />
  <copy-failed type="nursery" objects="1322" bytes="31728" />
</gc-op>
<gc-end id="467" type="scavenge" contextid="463" durationms="2.009" usertimems="0.000" systemtimems="0.000" timestamp="2019-06-16T22:25:19.539" activeThreads="4">
  <mem-info id="468" free="2584392" total="8388608" percent="30">
    <mem type="nursery" free="1441792" total="2097152" percent="68">
      <mem type="allocate" free="1441792" total="1769472" percent="81" />
      <mem type="survivor" free="0" total="327680" percent="0" />
    </mem>
    <mem type="tenure" free="1142600" total="6291456" percent="18" macro-fragmented="1014199">
      <mem type="soa" free="828232" total="5977088" percent="13" />
      <mem type="loa" free="314368" total="314368" percent="100" />
    </mem>
    <remembered-set count="129" />
  </mem-info>
</gc-end>
<cycle-end id="469" type="scavenge" contextid="463" timestamp="2019-06-16T22:25:19.539" />
  <attribute name="elasticGC enabled" value="1" />
  <attribute name= "numThreadsSpecified" value="4" />
  <attribute name="heapSize specified" value="8388608" />
  <attribute name="Current GC Util" value="0" />
  <attribute name= "Current Time Running" value="25963" />
  <attribute name ="GC Interval" value="200" />
  <attribute name="ProportionalT" value="-10.000000" />
  <attribute name="ProportionalI" value="-10.000000" />
  <attribute name="ProportionalH" value="-10.000000" />
  <attribute name="Current Error" value="-20.000000" />
  <attribute name="IntegralT" value="-6310.000000" />
  <attribute name="IntegralI" value="-6310.000000" />
  <attribute name="IntegralH" value="-6310.000000" />
  <attribute name="DerivativeT" value="-0.031696" />
  <attribute name="DerivativeI" value="-0.031696" />
  <attribute name="DerivativeH" value="-0.031696" />
  <attribute name="Loop Time for DT" value="631.000000" />
  <attribute name="Output H" value="2092630016"/>
  <attribute name="Output I" value="200"/>
  <attribute name="Output T" value="4"/>
  <attribute name="Target GC Util Change" value ="20.000000" />
  <attribute name="Current GC Util Change" value="0.000000"/>
  <attribute name="GC Util currently" value="0" />
  <attribute name="CPU Util currently" value="4" />
<allocation-satisfied id="470" threadId="0000000002848000" bytesRequested="24" />
<af-end id="471" timestamp="2019-06-16T22:25:19.539" threadId="0000000002848988" success="true" from="nursery"/>
<exclusive-end id="472" timestamp="2019-06-16T22:25:19.539" durationms="2.638" />

<exclusive-start id="473" timestamp="2019-06-16T22:25:20.201" intervalms="664.104">
  <response-info timems="0.025" idlems="0.025" threads="0" lastid="0000000002835500" lastname="node-4" />
</exclusive-start>
<af-start id="474" threadId="0000000002835E88" totalBytesRequested="32" timestamp="2019-06-16T22:25:20.201" intervalms="664.097" type="nursery" />
<cycle-start id="475" type="scavenge" contextid="0" timestamp="2019-06-16T22:25:20.201" intervalms="664.098" />
<gc-start id="476" type="scavenge" contextid="475" timestamp="2019-06-16T22:25:20.201">
  <mem-info id="477" free="1142600" total="8388608" percent="13">
    <mem type="nursery" free="0" total="2097152" percent="0">
      <mem type="allocate" free="0" total="1769472" percent="0" />
      <mem type="survivor" free="0" total="327680" percent="0" />
    </mem>
    <mem type="tenure" free="1142600" total="6291456" percent="18">
      <mem type="soa" free="828232" total="5977088" percent="13" />
      <mem type="loa" free="314368" total="314368" percent="100" />
    </mem>
    <remembered-set count="142" />
  </mem-info>
</gc-start>
<allocation-stats totalBytes="1441416" >
  <allocated-bytes non-tlh="24" tlh="1441392" />
  <largest-consumer threadName="node-5" threadId="0000000002848000" bytes="274384" />
</allocation-stats>
<gc-op id="478" type="scavenge" timems="1.370" contextid="475" timestamp="2019-06-16T22:25:20.202">
  <scavenger-info tenureage="2" tenuremask="7ffc" tiltratio="84" />
  <memory-copied type="nursery" objects="10511" bytes="252024" bytesdiscarded="22152" />
  <memory-copied type="tenure" objects="5602" bytes="134448" bytesdiscarded="0" />
</gc-op>
<gc-end id="479" type="scavenge" contextid="475" durationms="1.872" usertimems="0.000" systemtimems="4.000" timestamp="2019-06-16T22:25:20.203" activeThreads="4">
  <mem-info id="480" free="2481224" total="8388608" percent="29">
    <mem type="nursery" free="1495296" total="2097152" percent="71">
      <mem type="allocate" free="1495296" total="1769472" percent="84" />
      <mem type="survivor" free="0" total="327680" percent="0" />
    </mem>
    <mem type="tenure" free="985928" total="6291456" percent="15" macro-fragmented="0">
      <mem type="soa" free="671560" total="5977088" percent="11" />
      <mem type="loa" free="314368" total="314368" percent="100" />
    </mem>
    <remembered-set count="117" />
  </mem-info>
</gc-end>
<cycle-end id="481" type="scavenge" contextid="475" timestamp="2019-06-16T22:25:20.203" />
  <attribute name="elasticGC enabled" value="1" />
  <attribute name= "numThreadsSpecified" value="4" />
  <attribute name="heapSize specified" value="8388608" />
  <attribute name="Current GC Util" value="0" />
  <attribute name= "Current Time Running" value="26627" />
  <attribute name ="GC Interval" value="200" />
  <attribute name="ProportionalT" value="-10.000000" />
  <attribute name="ProportionalI" value="-10.000000" />
  <attribute name="ProportionalH" value="-10.000000" />
  <attribute name="Current Error" value="-20.000000" />
  <attribute name="IntegralT" value="-6640.000000" />
  <attribute name="IntegralI" value="-6640.000000" />
  <attribute name="IntegralH" value="-6640.000000" />
  <attribute name="DerivativeT" value="-0.030120" />
  <attribute name="DerivativeI" value="-0.030120" />
  <attribute name="DerivativeH" value="-0.030120" />
  <attribute name="Loop Time for DT" value="664.000000" />
  <attribute name="Output H" value="2092630016"/>
  <attribute name="Output I" value="200"/>
  <attribute name="Output T" value="4"/>
  <attribute name="Target GC Util Change" value ="20.000000" />
  <attribute name="Current GC Util Change" value="0.000000"/>
  <attribute name="GC Util currently" value="0" />
  <attribute name="CPU Util currently" value="2" />
<allocation-satisfied id="482" threadId="0000000002835500" bytesRequested="32" />
<af-end id="483" timestamp="2019-06-16T22:25:20.203" threadId="0000000002835E88" success="true" from="nursery"/>
<exclusive-end id="484" timestamp="2019-06-16T22:25:20.203" durationms="2.531" />

<exclusive-start id="485" timestamp="2019-06-16T22:25:20.815" intervalms="613.927">
  <response-info timems="0.030" idlems="0.030" threads="0" lastid="000000000283CD00" lastname="node-0" />
</exclusive-start>
<af-start id="486" threadId="000000000283D688" totalBytesRequested="24" timestamp="2019-06-16T22:25:20.815" intervalms="613.931" type="nursery" />
<cycle-start id="487" type="scavenge" contextid="0" timestamp="2019-06-16T22:25:20.815" intervalms="613.927" />
<gc-start id="488" type="scavenge" contextid="487" timestamp="2019-06-16T22:25:20.815">
  <mem-info id="489" free="985928" total="8388608" percent="11">
    <mem type="nursery" free="0" total="2097152" percent="0">
      <mem type="allocate" free="0" total="1769472" percent="0" />
      <mem type="survivor" free="0" total="327680" percent="0" />
    </mem>
    <mem type="tenure" free="985928" total="6291456" percent="15">
      <mem type="soa" free="671560" total="5977088" percent="11" />
      <mem type="loa" free="314368" total="314368" percent="100" />
    </mem>
    <remembered-set count="140" />
  </mem-info>
</gc-start>
<allocation-stats totalBytes="1494448" >
  <allocated-bytes non-tlh="32" tlh="1494416" />
  <largest-consumer threadName="node-4" threadId="0000000002835500" bytes="286128" />
</allocation-stats>
<gc-op id="490" type="scavenge" timems="1.353" contextid="487" timestamp="2019-06-16T22:25:20.816">
  <scavenger-info tenureage="2" tenuremask="7ffc" tiltratio="84" />
  <memory-copied type="nursery" objects="11833" bytes="283752" bytesdiscarded="43928" />
  <memory-copied type="tenure" objects="4744" bytes="113856" bytesdiscarded="0" />
</gc-op>
<gc-end id="491" type="scavenge" contextid="487" durationms="1.721" usertimems="0.000" systemtimems="0.000" timestamp="2019-06-16T22:25:20.817" activeThreads="4">
  <mem-info id="492" free="2283848" total="8388608" percent="27">
    <mem type="nursery" free="1376256" total="2097152" percent="65">
      <mem type="allocate" free="1376256" total="1703936" percent="80" />
      <mem type="survivor" free="0" total="393216" percent="0" />
    </mem>
    <mem type="tenure" free="907592" total="6291456" percent="14" macro-fragmented="793142">
      <mem type="soa" free="593224" total="5977088" percent="9" />
      <mem type="loa" free="314368" total="314368" percent="100" />
    </mem>
    <remembered-set count="118" />
  </mem-info>
</gc-end>
<cycle-end id="493" type="scavenge" contextid="487" timestamp="2019-06-16T22:25:20.817" />
  <attribute name="elasticGC enabled" value="1" />
  <attribute name= "numThreadsSpecified" value="4" />
  <attribute name="heapSize specified" value="8388608" />
  <attribute name="Current GC Util" value="0" />
  <attribute name= "Current Time Running" value="27241" />
  <attribute name ="GC Interval" value="200" />
  <attribute name="ProportionalT" value="-10.000000" />
  <attribute name="ProportionalI" value="-10.000000" />
  <attribute name="ProportionalH" value="-10.000000" />
  <attribute name="Current Error" value="-20.000000" />
  <attribute name="IntegralT" value="-6140.000000" />
  <attribute name="IntegralI" value="-6140.000000" />
  <attribute name="IntegralH" value="-6140.000000" />
  <attribute name="DerivativeT" value="-0.032573" />
  <attribute name="DerivativeI" value="-0.032573" />
  <attribute name="DerivativeH" value="-0.032573" />
  <attribute name="Loop Time for DT" value="614.000000" />
  <attribute name="Output H" value="2092630016"/>
  <attribute name="Output I" value="200"/>
  <attribute name="Output T" value="4"/>
  <attribute name="Target GC Util Change" value ="20.000000" />
  <attribute name="Current GC Util Change" value="0.000000"/>
  <attribute name="GC Util currently" value="0" />
  <attribute name="CPU Util currently" value="2" />
<allocation-satisfied id="494" threadId="000000000283CD00" bytesRequested="24" />
<af-end id="495" timestamp="2019-06-16T22:25:20.817" threadId="000000000283D688" success="true" from="nursery"/>
<exclusive-end id="496" timestamp="2019-06-16T22:25:20.817" durationms="2.262" />

<exclusive-start id="497" timestamp="2019-06-16T22:25:21.408" intervalms="593.760">
  <response-info timems="0.024" idlems="0.024" threads="0" lastid="0000000002844500" lastname="node-2" />
</exclusive-start>
<af-start id="498" threadId="0000000002844E88" totalBytesRequested="32" timestamp="2019-06-16T22:25:21.409" intervalms="593.770" type="nursery" />
<cycle-start id="499" type="scavenge" contextid="0" timestamp="2019-06-16T22:25:21.409" intervalms="593.772" />
<gc-start id="500" type="scavenge" contextid="499" timestamp="2019-06-16T22:25:21.409">
  <mem-info id="501" free="907592" total="8388608" percent="10">
    <mem type="nursery" free="0" total="2097152" percent="0">
      <mem type="allocate" free="0" total="1703936" percent="0" />
      <mem type="survivor" free="0" total="393216" percent="0" />
    </mem>
    <mem type="tenure" free="907592" total="6291456" percent="14">
      <mem type="soa" free="593224" total="5977088" percent="9" />
      <mem type="loa" free="314368" total="314368" percent="100" />
    </mem>
    <remembered-set count="141" />
  </mem-info>
</gc-start>
<allocation-stats totalBytes="1375040" >
  <allocated-bytes non-tlh="24" tlh="1375016" />
  <largest-consumer threadName="node-3" threadId="0000000002839100" bytes="233448" />
</allocation-stats>
<gc-op id="502" type="scavenge" timems="1.107" contextid="499" timestamp="2019-06-16T22:25:21.410">
  <scavenger-info tenureage="2" tenuremask="7ffc" tiltratio="81" />
  <memory-copied type="nursery" objects="11854" bytes="284256" bytesdiscarded="29088" />
  <memory-copied type="tenure" objects="5737" bytes="137688" bytesdiscarded="0" />
</gc-op>
<gc-end id="503" type="scavenge" contextid="499" durationms="1.423" usertimems="0.000" systemtimems="0.000" timestamp="2019-06-16T22:25:21.410" activeThreads="4">
  <mem-info id="504" free="2207048" total="8388608" percent="26">
    <mem type="nursery" free="1456128" total="2097152" percent="69">
      <mem type="allocate" free="1456128" total="1769472" percent="82" />
      <mem type="survivor" free="0" total="327680" percent="0" />
    </mem>
    <mem type="tenure" free="750920" total="6291456" percent="11" macro-fragmented="0">
      <mem type="soa" free="436552" total="5977088" percent="7" />
      <mem type="loa" free="314368" total="314368" percent="100" />
    </mem>
    <remembered-set count="116" />
  </mem-info>
</gc-end>
<cycle-end id="505" type="scavenge" contextid="499" timestamp="2019-06-16T22:25:21.410" />
  <attribute name="elasticGC enabled" value="1" />
  <attribute name= "numThreadsSpecified" value="4" />
  <attribute name="heapSize specified" value="8388608" />
  <attribute name="Current GC Util" value="0" />
  <attribute name= "Current Time Running" value="27835" />
  <attribute name ="GC Interval" value="200" />
  <attribute name="ProportionalT" value="-10.000000" />
  <attribute name="ProportionalI" value="-10.000000" />
  <attribute name="ProportionalH" value="-10.000000" />
  <attribute name="Current Error" value="-20.000000" />
  <attribute name="IntegralT" value="-5940.000000" />
  <attribute name="IntegralI" value="-5940.000000" />
  <attribute name="IntegralH" value="-5940.000000" />
  <attribute name="DerivativeT" value="-0.033670" />
  <attribute name="DerivativeI" value="-0.033670" />
  <attribute name="DerivativeH" value="-0.033670" />
  <attribute name="Loop Time for DT" value="594.000000" />
  <attribute name="Output H" value="2092630016"/>
  <attribute name="Output I" value="200"/>
  <attribute name="Output T" value="4"/>
  <attribute name="Target GC Util Change" value ="20.000000" />
  <attribute name="Current GC Util Change" value="0.000000"/>
  <attribute name="GC Util currently" value="0" />
  <attribute name="CPU Util currently" value="1" />
<allocation-satisfied id="506" threadId="0000000002844500" bytesRequested="32" />
<af-end id="507" timestamp="2019-06-16T22:25:21.410" threadId="0000000002844E88" success="true" from="nursery"/>
<exclusive-end id="508" timestamp="2019-06-16T22:25:21.410" durationms="1.988" />

<exclusive-start id="509" timestamp="2019-06-16T22:25:22.058" intervalms="649.329">
  <response-info timems="0.029" idlems="0.029" threads="0" lastid="0000000002848000" lastname="node-5" />
</exclusive-start>
<af-start id="510" threadId="0000000002848988" totalBytesRequested="24" timestamp="2019-06-16T22:25:22.058" intervalms="649.313" type="nursery" />
<cycle-start id="511" type="scavenge" contextid="0" timestamp="2019-06-16T22:25:22.058" intervalms="649.308" />
<gc-start id="512" type="scavenge" contextid="511" timestamp="2019-06-16T22:25:22.058">
  <mem-info id="513" free="750920" total="8388608" percent="8">
    <mem type="nursery" free="0" total="2097152" percent="0">
      <mem type="allocate" free="0" total="1769472" percent="0" />
      <mem type="survivor" free="0" total="327680" percent="0" />
    </mem>
    <mem type="tenure" free="750920" total="6291456" percent="11">
      <mem type="soa" free="436552" total="5977088" percent="7" />
      <mem type="loa" free="314368" total="314368" percent="100" />
    </mem>
    <remembered-set count="139" />
  </mem-info>
</gc-start>
<allocation-stats totalBytes="1454656" >
  <allocated-bytes non-tlh="32" tlh="1454624" />
  <largest-consumer threadName="node-4" threadId="0000000002835500" bytes="286664" />
</allocation-stats>
<gc-op id="514" type="scavenge" timems="1.062" contextid="511" timestamp="2019-06-16T22:25:22.059">
  <scavenger-info tenureage="2" tenuremask="7ffc" tiltratio="84" />
  <memory-copied type="nursery" objects="11467" bytes="275704" bytesdiscarded="51976" />
  <memory-copied type="tenure" objects="6066" bytes="145584" bytesdiscarded="0" />
</gc-op>
<gc-end id="515" type="scavenge" contextid="511" durationms="1.376" usertimems="0.000" systemtimems="4.000" timestamp="2019-06-16T22:25:22.059" activeThreads="4">
  <mem-info id="516" free="2036040" total="8388608" percent="24">
    <mem type="nursery" free="1441792" total="2097152" percent="68">
      <mem type="allocate" free="1441792" total="1769472" percent="81" />
      <mem type="survivor" free="0" total="327680" percent="0" />
    </mem>
    <mem type="tenure" free="594248" total="6291456" percent="9" macro-fragmented="0">
      <mem type="soa" free="279880" total="5977088" percent="4" />
      <mem type="loa" free="314368" total="314368" percent="100" />
    </mem>
    <remembered-set count="122" />
  </mem-info>
</gc-end>
<cycle-end id="517" type="scavenge" contextid="511" timestamp="2019-06-16T22:25:22.059" />
  <attribute name="elasticGC enabled" value="1" />
  <attribute name= "numThreadsSpecified" value="4" />
  <attribute name="heapSize specified" value="8388608" />
  <attribute name="Current GC Util" value="0" />
  <attribute name= "Current Time Running" value="28484" />
  <attribute name ="GC Interval" value="200" />
  <attribute name="ProportionalT" value="-10.000000" />
  <attribute name="ProportionalI" value="-10.000000" />
  <attribute name="ProportionalH" value="-10.000000" />
  <attribute name="Current Error" value="-20.000000" />
  <attribute name="IntegralT" value="-6490.000000" />
  <attribute name="IntegralI" value="-6490.000000" />
  <attribute name="IntegralH" value="-6490.000000" />
  <attribute name="DerivativeT" value="-0.030817" />
  <attribute name="DerivativeI" value="-0.030817" />
  <attribute name="DerivativeH" value="-0.030817" />
  <attribute name="Loop Time for DT" value="649.000000" />
  <attribute name="Output H" value="2092630016"/>
  <attribute name="Output I" value="200"/>
  <attribute name="Output T" value="4"/>
  <attribute name="Target GC Util Change" value ="20.000000" />
  <attribute name="Current GC Util Change" value="0.000000"/>
  <attribute name="GC Util currently" value="0" />
  <attribute name="CPU Util currently" value="2" />
<allocation-satisfied id="518" threadId="0000000002848000" bytesRequested="24" />
<af-end id="519" timestamp="2019-06-16T22:25:22.060" threadId="0000000002848988" success="true" from="nursery"/>
<exclusive-end id="520" timestamp="2019-06-16T22:25:22.060" durationms="1.914" />

<exclusive-start id="521" timestamp="2019-06-16T22:25:22.693" intervalms="635.020">
  <response-info timems="0.028" idlems="0.028" threads="0" lastid="0000000002848000" lastname="node-5" />
</exclusive-start>
<af-start id="522" threadId="0000000002848988" totalBytesRequested="24" timestamp="2019-06-16T22:25:22.693" intervalms="635.026" type="nursery" />
<cycle-start id="523" type="scavenge" contextid="0" timestamp="2019-06-16T22:25:22.693" intervalms="635.027" />
<gc-start id="524" type="scavenge" contextid="523" timestamp="2019-06-16T22:25:22.693">
  <mem-info id="525" free="594248" total="8388608" percent="7">
    <mem type="nursery" free="0" total="2097152" percent="0">
      <mem type="allocate" free="0" total="1769472" percent="0" />
      <mem type="survivor" free="0" total="327680" percent="0" />
    </mem>
    <mem type="tenure" free="594248" total="6291456" percent="9">
      <mem type="soa" free="279880" total="5977088" percent="4" />
      <mem type="loa" free="314368" total="314368" percent="100" />
    </mem>
    <remembered-set count="139" />
  </mem-info>
</gc-start>
<allocation-stats totalBytes="1440840" >
  <allocated-bytes non-tlh="24" tlh="1440816" />
  <largest-consumer threadName="node-4" threadId="0000000002835500" bytes="274312" />
</allocation-stats>
<gc-op id="526" type="scavenge" timems="1.571" contextid="523" timestamp="2019-06-16T22:25:22.695">
  <scavenger-info tenureage="2" tenuremask="7ffc" tiltratio="84" />
  <memory-copied type="nursery" objects="11470" bytes="275040" bytesdiscarded="52640" />
  <memory-copied type="tenure" objects="5758" bytes="138192" bytesdiscarded="0" />
</gc-op>
<gc-end id="527" type="scavenge" contextid="523" durationms="2.138" usertimems="0.000" systemtimems="0.000" timestamp="2019-06-16T22:25:22.695" activeThreads="4">
  <mem-info id="528" free="1879368" total="8388608" percent="22">
    <mem type="nursery" free="1441792" total="2097152" percent="68">
      <mem type="allocate" free="1441792" total="1769472" percent="81" />
      <mem type="survivor" free="0" total="327680" percent="0" />
    </mem>
    <mem type="tenure" free="437576" total="6291456" percent="6" macro-fragmented="0">
      <mem type="soa" free="123208" total="5977088" percent="2" />
      <mem type="loa" free="314368" total="314368" percent="100" />
    </mem>
    <remembered-set count="116" />
  </mem-info>
</gc-end>
<cycle-end id="529" type="scavenge" contextid="523" timestamp="2019-06-16T22:25:22.695" />
  <attribute name="elasticGC enabled" value="1" />
  <attribute name= "numThreadsSpecified" value="4" />
  <attribute name="heapSize specified" value="8388608" />
  <attribute name="Current GC Util" value="0" />
  <attribute name= "Current Time Running" value="29119" />
  <attribute name ="GC Interval" value="200" />
  <attribute name="ProportionalT" value="-10.000000" />
  <attribute name="ProportionalI" value="-10.000000" />
  <attribute name="ProportionalH" value="-10.000000" />
  <attribute name="Current Error" value="-20.000000" />
  <attribute name="IntegralT" value="-6350.000000" />
  <attribute name="IntegralI" value="-6350.000000" />
  <attribute name="IntegralH" value="-6350.000000" />
  <attribute name="DerivativeT" value="-0.031496" />
  <attribute name="DerivativeI" value="-0.031496" />
  <attribute name="DerivativeH" value="-0.031496" />
  <attribute name="Loop Time for DT" value="635.000000" />
  <attribute name="Output H" value="2092630016"/>
  <attribute name="Output I" value="200"/>
  <attribute name="Output T" value="4"/>
  <attribute name="Target GC Util Change" value ="20.000000" />
  <attribute name="Current GC Util Change" value="0.000000"/>
  <attribute name="GC Util currently" value="0" />
  <attribute name="CPU Util currently" value="1" />
<allocation-satisfied id="530" threadId="0000000002848000" bytesRequested="24" />
<af-end id="531" timestamp="2019-06-16T22:25:22.696" threadId="0000000002848988" success="true" from="nursery"/>
<exclusive-end id="532" timestamp="2019-06-16T22:25:22.696" durationms="2.877" />

<concurrent-kickoff id="533" timestamp="2019-06-16T22:25:23.204">
  <kickoff reason="threshold reached" targetBytes="1867303" thresholdFreeBytes="258006"  remainingFree="237544" tenureFreeBytes="437576" nurseryFreeBytes="237544" />
</concurrent-kickoff>
<exclusive-start id="534" timestamp="2019-06-16T22:25:23.204" intervalms="511.705">
  <response-info timems="0.032" idlems="0.032" threads="0" lastid="0000000002848000" lastname="node-5" />
</exclusive-start>
<cycle-start id="535" type="global" contextid="0" timestamp="2019-06-16T22:25:23.205" intervalms="17319.891" />
<exclusive-end id="536" timestamp="2019-06-16T22:25:23.205" durationms="0.115" />

<exclusive-start id="537" timestamp="2019-06-16T22:25:23.393" intervalms="188.348">
  <response-info timems="0.041" idlems="0.041" threads="0" lastid="0000000002848000" lastname="node-5" />
</exclusive-start>
<af-start id="538" threadId="0000000002848988" totalBytesRequested="16" timestamp="2019-06-16T22:25:23.393" intervalms="700.060" type="nursery" />
<percolate-collect id="539" from="nursery" to="global" reason="concurrent mark exhausted" timestamp="2019-06-16T22:25:23.393"/>
<gc-start id="540" type="global" contextid="535" timestamp="2019-06-16T22:25:23.393">
  <mem-info id="541" free="437576" total="8388608" percent="5">
    <mem type="nursery" free="0" total="2097152" percent="0">
      <mem type="allocate" free="0" total="1769472" percent="0" />
      <mem type="survivor" free="0" total="327680" percent="0" />
    </mem>
    <mem type="tenure" free="437576" total="6291456" percent="6">
      <mem type="soa" free="123208" total="5977088" percent="2" />
      <mem type="loa" free="314368" total="314368" percent="100" />
    </mem>
    <remembered-set count="139" />
  </mem-info>
</gc-start>
<allocation-stats totalBytes="1440688" >
  <allocated-bytes non-tlh="24" tlh="1440664" />
  <largest-consumer threadName="node-4" threadId="0000000002835500" bytes="274328" />
</allocation-stats>
<concurrent-halted id="542" timestamp="2019-06-16T22:25:23.393">
  <halted state="Complete" status="exhausted" />
  <traced bytesTarget="1867303" bytesTotal="1494444" bytesByMutator="155816" bytesByHelper="1338628" percent="80" />
  <cards cleaned="32" thresholdBytes="101638" />
</concurrent-halted>
<gc-op id="543" type="rs-scan" timems="0.553" contextid="535" timestamp="2019-06-16T22:25:23.394">
  <scan objectsFound="38" bytesTraced="3952" workStackOverflowCount="0" />
</gc-op>
<gc-op id="544" type="card-cleaning" timems="0.351" contextid="535" timestamp="2019-06-16T22:25:23.394">
  <card-cleaning cardsCleaned="35" bytesTraced="50684" workStackOverflowCount="0" />
</gc-op>
<gc-op id="545" type="mark" timems="1.238" contextid="535" timestamp="2019-06-16T22:25:23.396">
  <trace-info objectcount="238" scancount="192" scanbytes="5104" />
  <finalization candidates="13" enqueued="0" />
  <references type="soft" candidates="66" cleared="0" enqueued="0" dynamicThreshold="28" maxThreshold="32" />
  <references type="weak" candidates="130" cleared="0" enqueued="0" />
  <references type="phantom" candidates="32" cleared="2" enqueued="2" />
  <stringconstants candidates="3831" cleared="0"  />
</gc-op>
<gc-op id="546" type="sweep" timems="0.674" contextid="535" timestamp="2019-06-16T22:25:23.396" />
<mem-info id="547" free="5713864" total="8388608" percent="68">
  <mem type="nursery" free="1763280" total="2097152" percent="84">
    <mem type="allocate" free="1763280" total="1769472" percent="99" />
    <mem type="survivor" free="0" total="327680" percent="0" />
  </mem>
  <mem type="tenure" free="3950584" total="6291456" percent="62" micro-fragmented="0" macro-fragmented="2592282">
    <mem type="soa" free="3636216" total="5977088" percent="60" />
    <mem type="loa" free="314368" total="314368" percent="100" />
  </mem>
  <pending-finalizers system="0" default="0" reference="2" classloader="0" />
  <remembered-set count="138" />
</mem-info>
<gc-op id="548" type="compact" timems="16.249" contextid="535" timestamp="2019-06-16T22:25:23.413">
  <compact-info movecount="34433" movebytes="1807616" reason="compact to aid heap contraction" />
</gc-op>
<gc-end id="549" type="global" contextid="535" durationms="20.331" usertimems="24.000" systemtimems="4.000" timestamp="2019-06-16T22:25:23.413" activeThreads="4">
  <mem-info id="550" free="5717744" total="8388608" percent="68">
    <mem type="nursery" free="1765536" total="2097152" percent="84">
      <mem type="allocate" free="1765536" total="1769472" percent="99" />
      <mem type="survivor" free="0" total="327680" percent="0" />
    </mem>
    <mem type="tenure" free="3952208" total="6291456" percent="62">
      <mem type="soa" free="3637840" total="5977088" percent="60" />
      <mem type="loa" free="314368" total="314368" percent="100" />
    </mem>
    <pending-finalizers system="0" default="0" reference="2" classloader="0" />
    <remembered-set count="138" />
  </mem-info>
</gc-end>
<cycle-end id="551" type="global" contextid="535" timestamp="2019-06-16T22:25:23.414" />
  <attribute name="elasticGC enabled" value="1" />
  <attribute name= "numThreadsSpecified" value="4" />
  <attribute name="heapSize specified" value="8388608" />
  <attribute name="Current GC Util" value="23" />
  <attribute name= "Current Time Running" value="29839" />
  <attribute name ="GC Interval" value="200" />
  <attribute name="ProportionalT" value="1.500000" />
  <attribute name="ProportionalI" value="1.500000" />
  <attribute name="ProportionalH" value="1.500000" />
  <attribute name="Current Error" value="3.000000" />
  <attribute name="IntegralT" value="24.000000" />
  <attribute name="IntegralI" value="24.000000" />
  <attribute name="IntegralH" value="24.000000" />
  <attribute name="DerivativeT" value="-5.375000" />
  <attribute name="DerivativeI" value="-5.375000" />
  <attribute name="DerivativeH" value="-5.375000" />
  <attribute name="Loop Time for DT" value="16.000000" />
  <attribute name="Output H" value="8388608"/>
  <attribute name="Output I" value="200"/>
  <attribute name="Output T" value="4"/>
  <attribute name="Target GC Util Change" value ="20.000000" />
  <attribute name="Current GC Util Change" value="23.000000"/>
  <attribute name="GC Util currently" value="23" />
  <attribute name="CPU Util currently" value="280717806066" />
<allocation-satisfied id="552" threadId="0000000002848000" bytesRequested="16" />
<af-end id="553" timestamp="2019-06-16T22:25:23.414" threadId="0000000002848988" success="true" from="nursery"/>
<exclusive-end id="554" timestamp="2019-06-16T22:25:23.414" durationms="21.270" />

<exclusive-start id="555" timestamp="2019-06-16T22:25:24.298" intervalms="905.424">
  <response-info timems="0.030" idlems="0.030" threads="0" lastid="0000000002848000" lastname="node-5" />
</exclusive-start>
<af-start id="556" threadId="0000000002848988" totalBytesRequested="32" timestamp="2019-06-16T22:25:24.298" intervalms="905.411" type="nursery" />
<cycle-start id="557" type="scavenge" contextid="0" timestamp="2019-06-16T22:25:24.298" intervalms="1605.476" />
<gc-start id="558" type="scavenge" contextid="557" timestamp="2019-06-16T22:25:24.298">
  <mem-info id="559" free="3952208" total="8388608" percent="47">
    <mem type="nursery" free="0" total="2097152" percent="0">
      <mem type="allocate" free="0" total="1769472" percent="0" />
      <mem type="survivor" free="0" total="327680" percent="0" />
    </mem>
    <mem type="tenure" free="3952208" total="6291456" percent="62">
      <mem type="soa" free="3637840" total="5977088" percent="60" />
      <mem type="loa" free="314368" total="314368" percent="100" />
    </mem>
    <remembered-set count="141" />
  </mem-info>
</gc-start>
<allocation-stats totalBytes="1763592" >
  <allocated-bytes non-tlh="16" tlh="1763576" />
  <largest-consumer threadName="node-4" threadId="0000000002835500" bytes="331320" />
</allocation-stats>
<gc-op id="560" type="scavenge" timems="0.347" contextid="557" timestamp="2019-06-16T22:25:24.299">
  <scavenger-info tenureage="2" tenuremask="7ffc" tiltratio="84" />
  <memory-copied type="nursery" objects="46" bytes="1592" bytesdiscarded="76744" />
</gc-op>
<gc-end id="561" type="scavenge" contextid="557" durationms="0.777" usertimems="0.000" systemtimems="0.000" timestamp="2019-06-16T22:25:24.299" activeThreads="4">
  <mem-info id="562" free="5643344" total="8388608" percent="67">
    <mem type="nursery" free="1691136" total="2097152" percent="80">
      <mem type="allocate" free="1691136" total="1769472" percent="95" />
      <mem type="survivor" free="0" total="327680" percent="0" />
    </mem>
    <mem type="tenure" free="3952208" total="6291456" percent="62" macro-fragmented="2592282">
      <mem type="soa" free="3637840" total="5977088" percent="60" />
      <mem type="loa" free="314368" total="314368" percent="100" />
    </mem>
    <remembered-set count="123" />
  </mem-info>
</gc-end>
<cycle-end id="563" type="scavenge" contextid="557" timestamp="2019-06-16T22:25:24.299" />
  <attribute name="elasticGC enabled" value="1" />
  <attribute name= "numThreadsSpecified" value="4" />
  <attribute name="heapSize specified" value="8388608" />
  <attribute name="Current GC Util" value="3" />
  <attribute name= "Current Time Running" value="30725" />
  <attribute name ="GC Interval" value="200" />
  <attribute name="ProportionalT" value="-8.500000" />
  <attribute name="ProportionalI" value="-8.500000" />
  <attribute name="ProportionalH" value="-8.500000" />
  <attribute name="Current Error" value="-17.000000" />
  <attribute name="IntegralT" value="-7531.000000" />
  <attribute name="IntegralI" value="-7531.000000" />
  <attribute name="IntegralH" value="-7531.000000" />
  <attribute name="DerivativeT" value="-0.022573" />
  <attribute name="DerivativeI" value="-0.022573" />
  <attribute name="DerivativeH" value="-0.022573" />
  <attribute name="Loop Time for DT" value="886.000000" />
  <attribute name="Output H" value="2092630016"/>
  <attribute name="Output I" value="200"/>
  <attribute name="Output T" value="4"/>
  <attribute name="Target GC Util Change" value ="20.000000" />
  <attribute name="Current GC Util Change" value="3.000000"/>
  <attribute name="GC Util currently" value="3" />
  <attribute name="CPU Util currently" value="2" />
<allocation-satisfied id="564" threadId="0000000002848000" bytesRequested="32" />
<af-end id="565" timestamp="2019-06-16T22:25:24.300" threadId="0000000002848988" success="true" from="nursery"/>
<exclusive-end id="566" timestamp="2019-06-16T22:25:24.300" durationms="1.327" />

<exclusive-start id="567" timestamp="2019-06-16T22:25:24.990" intervalms="691.758">
  <response-info timems="0.031" idlems="0.017" threads="1" lastid="0000000002844500" lastname="node-2" />
</exclusive-start>
<af-start id="568" threadId="0000000002835E88" totalBytesRequested="32" timestamp="2019-06-16T22:25:24.990" intervalms="691.770" type="nursery" />
<cycle-start id="569" type="scavenge" contextid="0" timestamp="2019-06-16T22:25:24.990" intervalms="691.768" />
<gc-start id="570" type="scavenge" contextid="569" timestamp="2019-06-16T22:25:24.990">
  <mem-info id="571" free="3952208" total="8388608" percent="47">
    <mem type="nursery" free="0" total="2097152" percent="0">
      <mem type="allocate" free="0" total="1769472" percent="0" />
      <mem type="survivor" free="0" total="327680" percent="0" />
    </mem>
    <mem type="tenure" free="3952208" total="6291456" percent="62">
      <mem type="soa" free="3637840" total="5977088" percent="60" />
      <mem type="loa" free="314368" total="314368" percent="100" />
    </mem>
    <remembered-set count="140" />
  </mem-info>
</gc-start>
<allocation-stats totalBytes="1690624" >
  <allocated-bytes non-tlh="32" tlh="1690592" />
  <largest-consumer threadName="node-5" threadId="0000000002848000" bytes="307112" />
</allocation-stats>
<gc-op id="572" type="scavenge" timems="0.323" contextid="569" timestamp="2019-06-16T22:25:24.991">
  <scavenger-info tenureage="4" tenuremask="7ff0" tiltratio="84" />
  <memory-copied type="nursery" objects="33" bytes="552" bytesdiscarded="38616" />
</gc-op>
<gc-end id="573" type="scavenge" contextid="569" durationms="0.716" usertimems="0.000" systemtimems="0.000" timestamp="2019-06-16T22:25:24.991" activeThreads="4">
  <mem-info id="574" free="5748048" total="8388608" percent="68">
    <mem type="nursery" free="1795840" total="2097152" percent="85">
      <mem type="allocate" free="1795840" total="1835008" percent="97" />
      <mem type="survivor" free="0" total="262144" percent="0" />
    </mem>
    <mem type="tenure" free="3952208" total="6291456" percent="62" macro-fragmented="3110739">
      <mem type="soa" free="3637840" total="5977088" percent="60" />
      <mem type="loa" free="314368" total="314368" percent="100" />
    </mem>
    <remembered-set count="117" />
  </mem-info>
</gc-end>
<cycle-end id="575" type="scavenge" contextid="569" timestamp="2019-06-16T22:25:24.991" />
  <attribute name="elasticGC enabled" value="1" />
  <attribute name= "numThreadsSpecified" value="4" />
  <attribute name="heapSize specified" value="8388608" />
  <attribute name="Current GC Util" value="0" />
  <attribute name= "Current Time Running" value="31417" />
  <attribute name ="GC Interval" value="200" />
  <attribute name="ProportionalT" value="-10.000000" />
  <attribute name="ProportionalI" value="-10.000000" />
  <attribute name="ProportionalH" value="-10.000000" />
  <attribute name="Current Error" value="-20.000000" />
  <attribute name="IntegralT" value="-6920.000000" />
  <attribute name="IntegralI" value="-6920.000000" />
  <attribute name="IntegralH" value="-6920.000000" />
  <attribute name="DerivativeT" value="-0.028902" />
  <attribute name="DerivativeI" value="-0.028902" />
  <attribute name="DerivativeH" value="-0.028902" />
  <attribute name="Loop Time for DT" value="692.000000" />
  <attribute name="Output H" value="2092630016"/>
  <attribute name="Output I" value="200"/>
  <attribute name="Output T" value="4"/>
  <attribute name="Target GC Util Change" value ="20.000000" />
  <attribute name="Current GC Util Change" value="0.000000"/>
  <attribute name="GC Util currently" value="0" />
  <attribute name="CPU Util currently" value="0" />
<allocation-satisfied id="576" threadId="0000000002835500" bytesRequested="32" />
<af-end id="577" timestamp="2019-06-16T22:25:24.991" threadId="0000000002835E88" success="true" from="nursery"/>
<exclusive-end id="578" timestamp="2019-06-16T22:25:24.991" durationms="1.396" />

<exclusive-start id="579" timestamp="2019-06-16T22:25:25.794" intervalms="804.398">
  <response-info timems="0.029" idlems="0.029" threads="0" lastid="0000000002844500" lastname="node-2" />
</exclusive-start>
<af-start id="580" threadId="0000000002844E88" totalBytesRequested="32" timestamp="2019-06-16T22:25:25.794" intervalms="804.389" type="nursery" />
<cycle-start id="581" type="scavenge" contextid="0" timestamp="2019-06-16T22:25:25.795" intervalms="804.395" />
<gc-start id="582" type="scavenge" contextid="581" timestamp="2019-06-16T22:25:25.795">
  <mem-info id="583" free="3952208" total="8388608" percent="47">
    <mem type="nursery" free="0" total="2097152" percent="0">
      <mem type="allocate" free="0" total="1835008" percent="0" />
      <mem type="survivor" free="0" total="262144" percent="0" />
    </mem>
    <mem type="tenure" free="3952208" total="6291456" percent="62">
      <mem type="soa" free="3637840" total="5977088" percent="60" />
      <mem type="loa" free="314368" total="314368" percent="100" />
    </mem>
    <remembered-set count="140" />
  </mem-info>
</gc-start>
<allocation-stats totalBytes="1794456" >
  <allocated-bytes non-tlh="32" tlh="1794424" />
  <largest-consumer threadName="node-4" threadId="0000000002835500" bytes="333528" />
</allocation-stats>
<gc-op id="584" type="scavenge" timems="0.890" contextid="581" timestamp="2019-06-16T22:25:25.796">
  <scavenger-info tenureage="5" tenuremask="7fe0" tiltratio="87" />
  <memory-copied type="nursery" objects="34" bytes="576" bytesdiscarded="116928" />
</gc-op>
<gc-end id="585" type="scavenge" contextid="581" durationms="1.161" usertimems="4.000" systemtimems="0.000" timestamp="2019-06-16T22:25:25.796" activeThreads="4">
  <mem-info id="586" free="5669712" total="8388608" percent="67">
    <mem type="nursery" free="1717504" total="2097152" percent="81">
      <mem type="allocate" free="1717504" total="1835008" percent="93" />
      <mem type="survivor" free="0" total="262144" percent="0" />
    </mem>
    <mem type="tenure" free="3952208" total="6291456" percent="62" macro-fragmented="2160235">
      <mem type="soa" free="3637840" total="5977088" percent="60" />
      <mem type="loa" free="314368" total="314368" percent="100" />
    </mem>
    <remembered-set count="115" />
  </mem-info>
</gc-end>
<cycle-end id="587" type="scavenge" contextid="581" timestamp="2019-06-16T22:25:25.796" />
  <attribute name="elasticGC enabled" value="1" />
  <attribute name= "numThreadsSpecified" value="4" />
  <attribute name="heapSize specified" value="8388608" />
  <attribute name="Current GC Util" value="0" />
  <attribute name= "Current Time Running" value="32221" />
  <attribute name ="GC Interval" value="200" />
  <attribute name="ProportionalT" value="-10.000000" />
  <attribute name="ProportionalI" value="-10.000000" />
  <attribute name="ProportionalH" value="-10.000000" />
  <attribute name="Current Error" value="-20.000000" />
  <attribute name="IntegralT" value="-8040.000000" />
  <attribute name="IntegralI" value="-8040.000000" />
  <attribute name="IntegralH" value="-8040.000000" />
  <attribute name="DerivativeT" value="-0.024876" />
  <attribute name="DerivativeI" value="-0.024876" />
  <attribute name="DerivativeH" value="-0.024876" />
  <attribute name="Loop Time for DT" value="804.000000" />
  <attribute name="Output H" value="2092630016"/>
  <attribute name="Output I" value="200"/>
  <attribute name="Output T" value="4"/>
  <attribute name="Target GC Util Change" value ="20.000000" />
  <attribute name="Current GC Util Change" value="0.000000"/>
  <attribute name="GC Util currently" value="0" />
  <attribute name="CPU Util currently" value="3" />
<allocation-satisfied id="588" threadId="0000000002844500" bytesRequested="32" />
<af-end id="589" timestamp="2019-06-16T22:25:25.796" threadId="0000000002844E88" success="true" from="nursery"/>
<exclusive-end id="590" timestamp="2019-06-16T22:25:25.796" durationms="1.708" />

<exclusive-start id="591" timestamp="2019-06-16T22:25:26.503" intervalms="708.128">
  <response-info timems="0.033" idlems="0.018" threads="1" lastid="0000000002848000" lastname="node-5" />
</exclusive-start>
<af-start id="592" threadId="0000000002839A88" totalBytesRequested="32" timestamp="2019-06-16T22:25:26.503" intervalms="708.138" type="nursery" />
<cycle-start id="593" type="scavenge" contextid="0" timestamp="2019-06-16T22:25:26.503" intervalms="708.132" />
<gc-start id="594" type="scavenge" contextid="593" timestamp="2019-06-16T22:25:26.503">
  <mem-info id="595" free="3952208" total="8388608" percent="47">
    <mem type="nursery" free="0" total="2097152" percent="0">
      <mem type="allocate" free="0" total="1835008" percent="0" />
      <mem type="survivor" free="0" total="262144" percent="0" />
    </mem>
    <mem type="tenure" free="3952208" total="6291456" percent="62">
      <mem type="soa" free="3637840" total="5977088" percent="60" />
      <mem type="loa" free="314368" total="314368" percent="100" />
    </mem>
    <remembered-set count="138" />
  </mem-info>
</gc-start>
<allocation-stats totalBytes="1715920" >
  <allocated-bytes non-tlh="32" tlh="1715888" />
  <largest-consumer threadName="node-4" threadId="0000000002835500" bytes="315272" />
</allocation-stats>
<gc-op id="596" type="scavenge" timems="0.215" contextid="593" timestamp="2019-06-16T22:25:26.503">
  <scavenger-info tenureage="6" tenuremask="7fc0" tiltratio="87" />
  <memory-copied type="nursery" objects="35" bytes="600" bytesdiscarded="77736" />
</gc-op>
<gc-end id="597" type="scavenge" contextid="593" durationms="0.621" usertimems="4.000" systemtimems="0.000" timestamp="2019-06-16T22:25:26.503" activeThreads="4">
  <mem-info id="598" free="5708880" total="8388608" percent="68">
    <mem type="nursery" free="1756672" total="2097152" percent="83">
      <mem type="allocate" free="1756672" total="1835008" percent="95" />
      <mem type="survivor" free="0" total="262144" percent="0" />
    </mem>
    <mem type="tenure" free="3952208" total="6291456" percent="62" macro-fragmented="3110739">
      <mem type="soa" free="3637840" total="5977088" percent="60" />
      <mem type="loa" free="314368" total="314368" percent="100" />
    </mem>
    <remembered-set count="115" />
  </mem-info>
</gc-end>
<cycle-end id="599" type="scavenge" contextid="593" timestamp="2019-06-16T22:25:26.504" />
  <attribute name="elasticGC enabled" value="1" />
  <attribute name= "numThreadsSpecified" value="4" />
  <attribute name="heapSize specified" value="8388608" />
  <attribute name="Current GC Util" value="0" />
  <attribute name= "Current Time Running" value="32929" />
  <attribute name ="GC Interval" value="200" />
  <attribute name="ProportionalT" value="-10.000000" />
  <attribute name="ProportionalI" value="-10.000000" />
  <attribute name="ProportionalH" value="-10.000000" />
  <attribute name="Current Error" value="-20.000000" />
  <attribute name="IntegralT" value="-7080.000000" />
  <attribute name="IntegralI" value="-7080.000000" />
  <attribute name="IntegralH" value="-7080.000000" />
  <attribute name="DerivativeT" value="-0.028249" />
  <attribute name="DerivativeI" value="-0.028249" />
  <attribute name="DerivativeH" value="-0.028249" />
  <attribute name="Loop Time for DT" value="708.000000" />
  <attribute name="Output H" value="2092630016"/>
  <attribute name="Output I" value="200"/>
  <attribute name="Output T" value="4"/>
  <attribute name="Target GC Util Change" value ="20.000000" />
  <attribute name="Current GC Util Change" value="0.000000"/>
  <attribute name="GC Util currently" value="0" />
  <attribute name="CPU Util currently" value="0" />
<allocation-satisfied id="600" threadId="0000000002839100" bytesRequested="32" />
<af-end id="601" timestamp="2019-06-16T22:25:26.504" threadId="0000000002839A88" success="true" from="nursery"/>
<exclusive-end id="602" timestamp="2019-06-16T22:25:26.504" durationms="1.316" />

<exclusive-start id="603" timestamp="2019-06-16T22:25:27.329" intervalms="826.429">
  <response-info timems="0.033" idlems="0.033" threads="0" lastid="000000000283CD00" lastname="node-0" />
</exclusive-start>
<af-start id="604" threadId="000000000283D688" totalBytesRequested="32" timestamp="2019-06-16T22:25:27.329" intervalms="826.405" type="nursery" />
<cycle-start id="605" type="scavenge" contextid="0" timestamp="2019-06-16T22:25:27.329" intervalms="826.401" />
<gc-start id="606" type="scavenge" contextid="605" timestamp="2019-06-16T22:25:27.329">
  <mem-info id="607" free="3952208" total="8388608" percent="47">
    <mem type="nursery" free="0" total="2097152" percent="0">
      <mem type="allocate" free="0" total="1835008" percent="0" />
      <mem type="survivor" free="0" total="262144" percent="0" />
    </mem>
    <mem type="tenure" free="3952208" total="6291456" percent="62">
      <mem type="soa" free="3637840" total="5977088" percent="60" />
      <mem type="loa" free="314368" total="314368" percent="100" />
    </mem>
    <remembered-set count="138" />
  </mem-info>
</gc-start>
<allocation-stats totalBytes="1755504" >
  <allocated-bytes non-tlh="32" tlh="1755472" />
  <largest-consumer threadName="node-4" threadId="0000000002835500" bytes="315320" />
</allocation-stats>
<gc-op id="608" type="scavenge" timems="0.912" contextid="605" timestamp="2019-06-16T22:25:27.330">
  <scavenger-info tenureage="7" tenuremask="7f80" tiltratio="87" />
  <memory-copied type="nursery" objects="47" bytes="2064" bytesdiscarded="115440" />
</gc-op>
<gc-end id="609" type="scavenge" contextid="605" durationms="1.121" usertimems="0.000" systemtimems="0.000" timestamp="2019-06-16T22:25:27.330" activeThreads="4">
  <mem-info id="610" free="5669712" total="8388608" percent="67">
    <mem type="nursery" free="1717504" total="2097152" percent="81">
      <mem type="allocate" free="1717504" total="1835008" percent="93" />
      <mem type="survivor" free="0" total="262144" percent="0" />
    </mem>
    <mem type="tenure" free="3952208" total="6291456" percent="62" macro-fragmented="3110739">
      <mem type="soa" free="3637840" total="5977088" percent="60" />
      <mem type="loa" free="314368" total="314368" percent="100" />
    </mem>
    <remembered-set count="124" />
  </mem-info>
</gc-end>
<cycle-end id="611" type="scavenge" contextid="605" timestamp="2019-06-16T22:25:27.330" />
  <attribute name="elasticGC enabled" value="1" />
  <attribute name= "numThreadsSpecified" value="4" />
  <attribute name="heapSize specified" value="8388608" />
  <attribute name="Current GC Util" value="0" />
  <attribute name= "Current Time Running" value="33756" />
  <attribute name ="GC Interval" value="200" />
  <attribute name="ProportionalT" value="-10.000000" />
  <attribute name="ProportionalI" value="-10.000000" />
  <attribute name="ProportionalH" value="-10.000000" />
  <attribute name="Current Error" value="-20.000000" />
  <attribute name="IntegralT" value="-8270.000000" />
  <attribute name="IntegralI" value="-8270.000000" />
  <attribute name="IntegralH" value="-8270.000000" />
  <attribute name="DerivativeT" value="-0.024184" />
  <attribute name="DerivativeI" value="-0.024184" />
  <attribute name="DerivativeH" value="-0.024184" />
  <attribute name="Loop Time for DT" value="827.000000" />
  <attribute name="Output H" value="2092630016"/>
  <attribute name="Output I" value="200"/>
  <attribute name="Output T" value="4"/>
  <attribute name="Target GC Util Change" value ="20.000000" />
  <attribute name="Current GC Util Change" value="0.000000"/>
  <attribute name="GC Util currently" value="0" />
  <attribute name="CPU Util currently" value="3" />
<allocation-satisfied id="612" threadId="000000000283CD00" bytesRequested="32" />
<af-end id="613" timestamp="2019-06-16T22:25:27.330" threadId="000000000283D688" success="true" from="nursery"/>
<exclusive-end id="614" timestamp="2019-06-16T22:25:27.330" durationms="1.525" />

<exclusive-start id="615" timestamp="2019-06-16T22:25:28.085" intervalms="755.651">
  <response-info timems="0.025" idlems="0.025" threads="0" lastid="0000000002848000" lastname="node-5" />
</exclusive-start>
<af-start id="616" threadId="0000000002848988" totalBytesRequested="32" timestamp="2019-06-16T22:25:28.085" intervalms="755.971" type="nursery" />
<cycle-start id="617" type="scavenge" contextid="0" timestamp="2019-06-16T22:25:28.085" intervalms="755.978" />
<gc-start id="618" type="scavenge" contextid="617" timestamp="2019-06-16T22:25:28.085">
  <mem-info id="619" free="3952208" total="8388608" percent="47">
    <mem type="nursery" free="0" total="2097152" percent="0">
      <mem type="allocate" free="0" total="1835008" percent="0" />
      <mem type="survivor" free="0" total="262144" percent="0" />
    </mem>
    <mem type="tenure" free="3952208" total="6291456" percent="62">
      <mem type="soa" free="3637840" total="5977088" percent="60" />
      <mem type="loa" free="314368" total="314368" percent="100" />
    </mem>
    <remembered-set count="138" />
  </mem-info>
</gc-start>
<allocation-stats totalBytes="1716904" >
  <allocated-bytes non-tlh="32" tlh="1716872" />
  <largest-consumer threadName="node-4" threadId="0000000002835500" bytes="315352" />
</allocation-stats>
<gc-op id="620" type="scavenge" timems="0.912" contextid="617" timestamp="2019-06-16T22:25:28.086">
  <scavenger-info tenureage="8" tenuremask="7f00" tiltratio="87" />
  <memory-copied type="nursery" objects="46" bytes="1592" bytesdiscarded="115912" />
</gc-op>
<gc-end id="621" type="scavenge" contextid="617" durationms="1.252" usertimems="0.000" systemtimems="0.000" timestamp="2019-06-16T22:25:28.086" activeThreads="4">
  <mem-info id="622" free="5669712" total="8388608" percent="67">
    <mem type="nursery" free="1717504" total="2097152" percent="81">
      <mem type="allocate" free="1717504" total="1835008" percent="93" />
      <mem type="survivor" free="0" total="262144" percent="0" />
    </mem>
    <mem type="tenure" free="3952208" total="6291456" percent="62" macro-fragmented="3110739">
      <mem type="soa" free="3637840" total="5977088" percent="60" />
      <mem type="loa" free="314368" total="314368" percent="100" />
    </mem>
    <remembered-set count="121" />
  </mem-info>
</gc-end>
<cycle-end id="623" type="scavenge" contextid="617" timestamp="2019-06-16T22:25:28.087" />
  <attribute name="elasticGC enabled" value="1" />
  <attribute name= "numThreadsSpecified" value="4" />
  <attribute name="heapSize specified" value="8388608" />
  <attribute name="Current GC Util" value="0" />
  <attribute name= "Current Time Running" value="34512" />
  <attribute name ="GC Interval" value="200" />
  <attribute name="ProportionalT" value="-10.000000" />
  <attribute name="ProportionalI" value="-10.000000" />
  <attribute name="ProportionalH" value="-10.000000" />
  <attribute name="Current Error" value="-20.000000" />
  <attribute name="IntegralT" value="-7560.000000" />
  <attribute name="IntegralI" value="-7560.000000" />
  <attribute name="IntegralH" value="-7560.000000" />
  <attribute name="DerivativeT" value="-0.026455" />
  <attribute name="DerivativeI" value="-0.026455" />
  <attribute name="DerivativeH" value="-0.026455" />
  <attribute name="Loop Time for DT" value="756.000000" />
  <attribute name="Output H" value="2092630016"/>
  <attribute name="Output I" value="200"/>
  <attribute name="Output T" value="4"/>
  <attribute name="Target GC Util Change" value ="20.000000" />
  <attribute name="Current GC Util Change" value="0.000000"/>
  <attribute name="GC Util currently" value="0" />
  <attribute name="CPU Util currently" value="0" />
<allocation-satisfied id="624" threadId="0000000002848000" bytesRequested="32" />
<af-end id="625" timestamp="2019-06-16T22:25:28.087" threadId="0000000002848988" success="true" from="nursery"/>
<exclusive-end id="626" timestamp="2019-06-16T22:25:28.087" durationms="2.294" />

<exclusive-start id="627" timestamp="2019-06-16T22:25:28.779" intervalms="694.076">
  <response-info timems="0.023" idlems="0.023" threads="0" lastid="0000000002839100" lastname="node-3" />
</exclusive-start>
<af-start id="628" threadId="0000000002839A88" totalBytesRequested="32" timestamp="2019-06-16T22:25:28.779" intervalms="693.771" type="nursery" />
<cycle-start id="629" type="scavenge" contextid="0" timestamp="2019-06-16T22:25:28.779" intervalms="693.762" />
<gc-start id="630" type="scavenge" contextid="629" timestamp="2019-06-16T22:25:28.779">
  <mem-info id="631" free="3952208" total="8388608" percent="47">
    <mem type="nursery" free="0" total="2097152" percent="0">
      <mem type="allocate" free="0" total="1835008" percent="0" />
      <mem type="survivor" free="0" total="262144" percent="0" />
    </mem>
    <mem type="tenure" free="3952208" total="6291456" percent="62">
      <mem type="soa" free="3637840" total="5977088" percent="60" />
      <mem type="loa" free="314368" total="314368" percent="100" />
    </mem>
    <remembered-set count="138" />
  </mem-info>
</gc-start>
<allocation-stats totalBytes="1716976" >
  <allocated-bytes non-tlh="32" tlh="1716944" />
  <largest-consumer threadName="node-4" threadId="0000000002835500" bytes="315312" />
</allocation-stats>
<gc-op id="632" type="scavenge" timems="0.903" contextid="629" timestamp="2019-06-16T22:25:28.780">
  <scavenger-info tenureage="9" tenuremask="7e00" tiltratio="87" />
  <memory-copied type="nursery" objects="47" bytes="2064" bytesdiscarded="115440" />
</gc-op>
<gc-end id="633" type="scavenge" contextid="629" durationms="1.140" usertimems="0.000" systemtimems="0.000" timestamp="2019-06-16T22:25:28.780" activeThreads="4">
  <mem-info id="634" free="5669712" total="8388608" percent="67">
    <mem type="nursery" free="1717504" total="2097152" percent="81">
      <mem type="allocate" free="1717504" total="1835008" percent="93" />
      <mem type="survivor" free="0" total="262144" percent="0" />
    </mem>
    <mem type="tenure" free="3952208" total="6291456" percent="62" macro-fragmented="2592282">
      <mem type="soa" free="3637840" total="5977088" percent="60" />
      <mem type="loa" free="314368" total="314368" percent="100" />
    </mem>
    <remembered-set count="124" />
  </mem-info>
</gc-end>
<cycle-end id="635" type="scavenge" contextid="629" timestamp="2019-06-16T22:25:28.780" />
  <attribute name="elasticGC enabled" value="1" />
  <attribute name= "numThreadsSpecified" value="4" />
  <attribute name="heapSize specified" value="8388608" />
  <attribute name="Current GC Util" value="0" />
  <attribute name= "Current Time Running" value="35205" />
  <attribute name ="GC Interval" value="200" />
  <attribute name="ProportionalT" value="-10.000000" />
  <attribute name="ProportionalI" value="-10.000000" />
  <attribute name="ProportionalH" value="-10.000000" />
  <attribute name="Current Error" value="-20.000000" />
  <attribute name="IntegralT" value="-6930.000000" />
  <attribute name="IntegralI" value="-6930.000000" />
  <attribute name="IntegralH" value="-6930.000000" />
  <attribute name="DerivativeT" value="-0.028860" />
  <attribute name="DerivativeI" value="-0.028860" />
  <attribute name="DerivativeH" value="-0.028860" />
  <attribute name="Loop Time for DT" value="693.000000" />
  <attribute name="Output H" value="2092630016"/>
  <attribute name="Output I" value="200"/>
  <attribute name="Output T" value="4"/>
  <attribute name="Target GC Util Change" value ="20.000000" />
  <attribute name="Current GC Util Change" value="0.000000"/>
  <attribute name="GC Util currently" value="0" />
  <attribute name="CPU Util currently" value="1" />
<allocation-satisfied id="636" threadId="0000000002839100" bytesRequested="32" />
<af-end id="637" timestamp="2019-06-16T22:25:28.780" threadId="0000000002839A88" success="true" from="nursery"/>
<exclusive-end id="638" timestamp="2019-06-16T22:25:28.780" durationms="1.602" />

<exclusive-start id="639" timestamp="2019-06-16T22:25:29.555" intervalms="775.948">
  <response-info timems="0.024" idlems="0.024" threads="0" lastid="0000000002839100" lastname="node-3" />
</exclusive-start>
<af-start id="640" threadId="0000000002839A88" totalBytesRequested="32" timestamp="2019-06-16T22:25:29.555" intervalms="775.944" type="nursery" />
<cycle-start id="641" type="scavenge" contextid="0" timestamp="2019-06-16T22:25:29.555" intervalms="775.943" />
<gc-start id="642" type="scavenge" contextid="641" timestamp="2019-06-16T22:25:29.555">
  <mem-info id="643" free="3952208" total="8388608" percent="47">
    <mem type="nursery" free="0" total="2097152" percent="0">
      <mem type="allocate" free="0" total="1835008" percent="0" />
      <mem type="survivor" free="0" total="262144" percent="0" />
    </mem>
    <mem type="tenure" free="3952208" total="6291456" percent="62">
      <mem type="soa" free="3637840" total="5977088" percent="60" />
      <mem type="loa" free="314368" total="314368" percent="100" />
    </mem>
    <remembered-set count="138" />
  </mem-info>
</gc-start>
<allocation-stats totalBytes="1716824" >
  <allocated-bytes non-tlh="32" tlh="1716792" />
  <largest-consumer threadName="node-4" threadId="0000000002835500" bytes="315360" />
</allocation-stats>
<gc-op id="644" type="scavenge" timems="0.897" contextid="641" timestamp="2019-06-16T22:25:29.556">
  <scavenger-info tenureage="10" tenuremask="7c00" tiltratio="87" />
  <memory-copied type="nursery" objects="34" bytes="576" bytesdiscarded="116928" />
</gc-op>
<gc-end id="645" type="scavenge" contextid="641" durationms="1.381" usertimems="0.000" systemtimems="0.000" timestamp="2019-06-16T22:25:29.556" activeThreads="4">
  <mem-info id="646" free="5669712" total="8388608" percent="67">
    <mem type="nursery" free="1717504" total="2097152" percent="81">
      <mem type="allocate" free="1717504" total="1835008" percent="93" />
      <mem type="survivor" free="0" total="262144" percent="0" />
    </mem>
    <mem type="tenure" free="3952208" total="6291456" percent="62" macro-fragmented="0">
      <mem type="soa" free="3637840" total="5977088" percent="60" />
      <mem type="loa" free="314368" total="314368" percent="100" />
    </mem>
    <remembered-set count="115" />
  </mem-info>
</gc-end>
<cycle-end id="647" type="scavenge" contextid="641" timestamp="2019-06-16T22:25:29.556" />
  <attribute name="elasticGC enabled" value="1" />
  <attribute name= "numThreadsSpecified" value="4" />
  <attribute name="heapSize specified" value="8388608" />
  <attribute name="Current GC Util" value="0" />
  <attribute name= "Current Time Running" value="35981" />
  <attribute name ="GC Interval" value="200" />
  <attribute name="ProportionalT" value="-10.000000" />
  <attribute name="ProportionalI" value="-10.000000" />
  <attribute name="ProportionalH" value="-10.000000" />
  <attribute name="Current Error" value="-20.000000" />
  <attribute name="IntegralT" value="-7760.000000" />
  <attribute name="IntegralI" value="-7760.000000" />
  <attribute name="IntegralH" value="-7760.000000" />
  <attribute name="DerivativeT" value="-0.025773" />
  <attribute name="DerivativeI" value="-0.025773" />
  <attribute name="DerivativeH" value="-0.025773" />
  <attribute name="Loop Time for DT" value="776.000000" />
  <attribute name="Output H" value="2092630016"/>
  <attribute name="Output I" value="200"/>
  <attribute name="Output T" value="4"/>
  <attribute name="Target GC Util Change" value ="20.000000" />
  <attribute name="Current GC Util Change" value="0.000000"/>
  <attribute name="GC Util currently" value="0" />
  <attribute name="CPU Util currently" value="5943441479" />
<allocation-satisfied id="648" threadId="0000000002839100" bytesRequested="32" />
<af-end id="649" timestamp="2019-06-16T22:25:29.556" threadId="0000000002839A88" success="true" from="nursery"/>
<exclusive-end id="650" timestamp="2019-06-16T22:25:29.557" durationms="1.897" />

<exclusive-start id="651" timestamp="2019-06-16T22:25:30.243" intervalms="688.642">
  <response-info timems="0.024" idlems="0.024" threads="0" lastid="0000000002835500" lastname="node-4" />
</exclusive-start>
<af-start id="652" threadId="0000000002835E88" totalBytesRequested="32" timestamp="2019-06-16T22:25:30.243" intervalms="688.652" type="nursery" />
<cycle-start id="653" type="scavenge" contextid="0" timestamp="2019-06-16T22:25:30.243" intervalms="688.669" />
<gc-start id="654" type="scavenge" contextid="653" timestamp="2019-06-16T22:25:30.244">
  <mem-info id="655" free="3952208" total="8388608" percent="47">
    <mem type="nursery" free="0" total="2097152" percent="0">
      <mem type="allocate" free="0" total="1835008" percent="0" />
      <mem type="survivor" free="0" total="262144" percent="0" />
    </mem>
    <mem type="tenure" free="3952208" total="6291456" percent="62">
      <mem type="soa" free="3637840" total="5977088" percent="60" />
      <mem type="loa" free="314368" total="314368" percent="100" />
    </mem>
    <remembered-set count="138" />
  </mem-info>
</gc-start>
<allocation-stats totalBytes="1716848" >
  <allocated-bytes non-tlh="32" tlh="1716816" />
  <largest-consumer threadName="node-5" threadId="0000000002848000" bytes="312480" />
</allocation-stats>
<gc-op id="656" type="scavenge" timems="1.048" contextid="653" timestamp="2019-06-16T22:25:30.245">
  <scavenger-info tenureage="3" tenuremask="fff8" tiltratio="87" />
  <memory-copied type="nursery" objects="34" bytes="576" bytesdiscarded="77760" />
</gc-op>
<gc-end id="657" type="scavenge" contextid="653" durationms="1.538" usertimems="0.000" systemtimems="0.000" timestamp="2019-06-16T22:25:30.245" activeThreads="4">
  <mem-info id="658" free="5708880" total="8388608" percent="68">
    <mem type="nursery" free="1756672" total="2097152" percent="83">
      <mem type="allocate" free="1756672" total="1835008" percent="95" />
      <mem type="survivor" free="0" total="262144" percent="0" />
    </mem>
    <mem type="tenure" free="3952208" total="6291456" percent="62" macro-fragmented="2592282">
      <mem type="soa" free="3637840" total="5977088" percent="60" />
      <mem type="loa" free="314368" total="314368" percent="100" />
    </mem>
    <remembered-set count="115" />
  </mem-info>
</gc-end>
<cycle-end id="659" type="scavenge" contextid="653" timestamp="2019-06-16T22:25:30.245" />
  <attribute name="elasticGC enabled" value="1" />
  <attribute name= "numThreadsSpecified" value="4" />
  <attribute name="heapSize specified" value="8388608" />
  <attribute name="Current GC Util" value="0" />
  <attribute name= "Current Time Running" value="36670" />
  <attribute name ="GC Interval" value="200" />
  <attribute name="ProportionalT" value="-10.000000" />
  <attribute name="ProportionalI" value="-10.000000" />
  <attribute name="ProportionalH" value="-10.000000" />
  <attribute name="Current Error" value="-20.000000" />
  <attribute name="IntegralT" value="-6890.000000" />
  <attribute name="IntegralI" value="-6890.000000" />
  <attribute name="IntegralH" value="-6890.000000" />
  <attribute name="DerivativeT" value="-0.029028" />
  <attribute name="DerivativeI" value="-0.029028" />
  <attribute name="DerivativeH" value="-0.029028" />
  <attribute name="Loop Time for DT" value="689.000000" />
  <attribute name="Output H" value="2092630016"/>
  <attribute name="Output I" value="200"/>
  <attribute name="Output T" value="4"/>
  <attribute name="Target GC Util Change" value ="20.000000" />
  <attribute name="Current GC Util Change" value="0.000000"/>
  <attribute name="GC Util currently" value="0" />
  <attribute name="CPU Util currently" value="1" />
<allocation-satisfied id="660" threadId="0000000002835500" bytesRequested="32" />
<af-end id="661" timestamp="2019-06-16T22:25:30.245" threadId="0000000002835E88" success="true" from="nursery"/>
<exclusive-end id="662" timestamp="2019-06-16T22:25:30.245" durationms="2.210" />

<exclusive-start id="663" timestamp="2019-06-16T22:25:31.118" intervalms="875.164">
  <response-info timems="0.026" idlems="0.026" threads="0" lastid="000000000283CD00" lastname="node-0" />
</exclusive-start>
<af-start id="664" threadId="000000000283D688" totalBytesRequested="32" timestamp="2019-06-16T22:25:31.119" intervalms="875.153" type="nursery" />
<cycle-start id="665" type="scavenge" contextid="0" timestamp="2019-06-16T22:25:31.119" intervalms="875.141" />
<gc-start id="666" type="scavenge" contextid="665" timestamp="2019-06-16T22:25:31.119">
  <mem-info id="667" free="3952208" total="8388608" percent="47">
    <mem type="nursery" free="0" total="2097152" percent="0">
      <mem type="allocate" free="0" total="1835008" percent="0" />
      <mem type="survivor" free="0" total="262144" percent="0" />
    </mem>
    <mem type="tenure" free="3952208" total="6291456" percent="62">
      <mem type="soa" free="3637840" total="5977088" percent="60" />
      <mem type="loa" free="314368" total="314368" percent="100" />
    </mem>
    <remembered-set count="138" />
  </mem-info>
</gc-start>
<allocation-stats totalBytes="1755784" >
  <allocated-bytes non-tlh="32" tlh="1755752" />
  <largest-consumer threadName="node-5" threadId="0000000002848000" bytes="315344" />
</allocation-stats>
<gc-op id="668" type="scavenge" timems="0.348" contextid="665" timestamp="2019-06-16T22:25:31.119">
  <scavenger-info tenureage="3" tenuremask="fff8" tiltratio="87" />
  <memory-copied type="nursery" objects="35" bytes="600" bytesdiscarded="77736" />
</gc-op>
<gc-end id="669" type="scavenge" contextid="665" durationms="0.742" usertimems="0.000" systemtimems="4.000" timestamp="2019-06-16T22:25:31.119" activeThreads="4">
  <mem-info id="670" free="5708880" total="8388608" percent="68">
    <mem type="nursery" free="1756672" total="2097152" percent="83">
      <mem type="allocate" free="1756672" total="1835008" percent="95" />
      <mem type="survivor" free="0" total="262144" percent="0" />
    </mem>
    <mem type="tenure" free="3952208" total="6291456" percent="62" macro-fragmented="2592282">
      <mem type="soa" free="3637840" total="5977088" percent="60" />
      <mem type="loa" free="314368" total="314368" percent="100" />
    </mem>
    <remembered-set count="115" />
  </mem-info>
</gc-end>
<cycle-end id="671" type="scavenge" contextid="665" timestamp="2019-06-16T22:25:31.120" />
  <attribute name="elasticGC enabled" value="1" />
  <attribute name= "numThreadsSpecified" value="4" />
  <attribute name="heapSize specified" value="8388608" />
  <attribute name="Current GC Util" value="0" />
  <attribute name= "Current Time Running" value="37545" />
  <attribute name ="GC Interval" value="200" />
  <attribute name="ProportionalT" value="-10.000000" />
  <attribute name="ProportionalI" value="-10.000000" />
  <attribute name="ProportionalH" value="-10.000000" />
  <attribute name="Current Error" value="-20.000000" />
  <attribute name="IntegralT" value="-8750.000000" />
  <attribute name="IntegralI" value="-8750.000000" />
  <attribute name="IntegralH" value="-8750.000000" />
  <attribute name="DerivativeT" value="-0.022857" />
  <attribute name="DerivativeI" value="-0.022857" />
  <attribute name="DerivativeH" value="-0.022857" />
  <attribute name="Loop Time for DT" value="875.000000" />
  <attribute name="Output H" value="2092630016"/>
  <attribute name="Output I" value="200"/>
  <attribute name="Output T" value="4"/>
  <attribute name="Target GC Util Change" value ="20.000000" />
  <attribute name="Current GC Util Change" value="0.000000"/>
  <attribute name="GC Util currently" value="0" />
  <attribute name="CPU Util currently" value="1" />
<allocation-satisfied id="672" threadId="000000000283CD00" bytesRequested="32" />
<af-end id="673" timestamp="2019-06-16T22:25:31.120" threadId="000000000283D688" success="true" from="nursery"/>
<exclusive-end id="674" timestamp="2019-06-16T22:25:31.120" durationms="1.427" />

<exclusive-start id="675" timestamp="2019-06-16T22:25:31.889" intervalms="770.938">
  <response-info timems="0.024" idlems="0.024" threads="0" lastid="0000000002835500" lastname="node-4" />
</exclusive-start>
<af-start id="676" threadId="0000000002835E88" totalBytesRequested="32" timestamp="2019-06-16T22:25:31.889" intervalms="770.946" type="nursery" />
<cycle-start id="677" type="scavenge" contextid="0" timestamp="2019-06-16T22:25:31.890" intervalms="770.954" />
<gc-start id="678" type="scavenge" contextid="677" timestamp="2019-06-16T22:25:31.890">
  <mem-info id="679" free="3952208" total="8388608" percent="47">
    <mem type="nursery" free="0" total="2097152" percent="0">
      <mem type="allocate" free="0" total="1835008" percent="0" />
      <mem type="survivor" free="0" total="262144" percent="0" />
    </mem>
    <mem type="tenure" free="3952208" total="6291456" percent="62">
      <mem type="soa" free="3637840" total="5977088" percent="60" />
      <mem type="loa" free="314368" total="314368" percent="100" />
    </mem>
    <remembered-set count="138" />
  </mem-info>
</gc-start>
<allocation-stats totalBytes="1754208" >
  <allocated-bytes non-tlh="32" tlh="1754176" />
  <largest-consumer threadName="node-5" threadId="0000000002848000" bytes="315328" />
</allocation-stats>
<gc-op id="680" type="scavenge" timems="0.342" contextid="677" timestamp="2019-06-16T22:25:31.890">
  <scavenger-info tenureage="3" tenuremask="fff8" tiltratio="87" />
  <memory-copied type="nursery" objects="35" bytes="600" bytesdiscarded="38568" />
</gc-op>
<gc-end id="681" type="scavenge" contextid="677" durationms="0.756" usertimems="0.000" systemtimems="0.000" timestamp="2019-06-16T22:25:31.890" activeThreads="4">
  <mem-info id="682" free="5748048" total="8388608" percent="68">
    <mem type="nursery" free="1795840" total="2097152" percent="85">
      <mem type="allocate" free="1795840" total="1835008" percent="97" />
      <mem type="survivor" free="0" total="262144" percent="0" />
    </mem>
    <mem type="tenure" free="3952208" total="6291456" percent="62" macro-fragmented="2160235">
      <mem type="soa" free="3637840" total="5977088" percent="60" />
      <mem type="loa" free="314368" total="314368" percent="100" />
    </mem>
    <remembered-set count="115" />
  </mem-info>
</gc-end>
<cycle-end id="683" type="scavenge" contextid="677" timestamp="2019-06-16T22:25:31.890" />
  <attribute name="elasticGC enabled" value="1" />
  <attribute name= "numThreadsSpecified" value="4" />
  <attribute name="heapSize specified" value="8388608" />
  <attribute name="Current GC Util" value="0" />
  <attribute name= "Current Time Running" value="38316" />
  <attribute name ="GC Interval" value="200" />
  <attribute name="ProportionalT" value="-10.000000" />
  <attribute name="ProportionalI" value="-10.000000" />
  <attribute name="ProportionalH" value="-10.000000" />
  <attribute name="Current Error" value="-20.000000" />
  <attribute name="IntegralT" value="-7710.000000" />
  <attribute name="IntegralI" value="-7710.000000" />
  <attribute name="IntegralH" value="-7710.000000" />
  <attribute name="DerivativeT" value="-0.025940" />
  <attribute name="DerivativeI" value="-0.025940" />
  <attribute name="DerivativeH" value="-0.025940" />
  <attribute name="Loop Time for DT" value="771.000000" />
  <attribute name="Output H" value="2092630016"/>
  <attribute name="Output I" value="200"/>
  <attribute name="Output T" value="4"/>
  <attribute name="Target GC Util Change" value ="20.000000" />
  <attribute name="Current GC Util Change" value="0.000000"/>
  <attribute name="GC Util currently" value="0" />
  <attribute name="CPU Util currently" value="0" />
<allocation-satisfied id="684" threadId="0000000002835500" bytesRequested="32" />
<af-end id="685" timestamp="2019-06-16T22:25:31.891" threadId="0000000002835E88" success="true" from="nursery"/>
<exclusive-end id="686" timestamp="2019-06-16T22:25:31.891" durationms="1.348" />

<exclusive-start id="687" timestamp="2019-06-16T22:25:32.689" intervalms="799.498">
  <response-info timems="0.028" idlems="0.028" threads="0" lastid="0000000002844500" lastname="node-2" />
</exclusive-start>
<af-start id="688" threadId="0000000002844E88" totalBytesRequested="24" timestamp="2019-06-16T22:25:32.689" intervalms="799.484" type="nursery" />
<cycle-start id="689" type="scavenge" contextid="0" timestamp="2019-06-16T22:25:32.689" intervalms="799.464" />
<gc-start id="690" type="scavenge" contextid="689" timestamp="2019-06-16T22:25:32.689">
  <mem-info id="691" free="3952208" total="8388608" percent="47">
    <mem type="nursery" free="0" total="2097152" percent="0">
      <mem type="allocate" free="0" total="1835008" percent="0" />
      <mem type="survivor" free="0" total="262144" percent="0" />
    </mem>
    <mem type="tenure" free="3952208" total="6291456" percent="62">
      <mem type="soa" free="3637840" total="5977088" percent="60" />
      <mem type="loa" free="314368" total="314368" percent="100" />
    </mem>
    <remembered-set count="138" />
  </mem-info>
</gc-start>
<allocation-stats totalBytes="1794952" >
  <allocated-bytes non-tlh="32" tlh="1794920" />
  <largest-consumer threadName="node-4" threadId="0000000002835500" bytes="315408" />
</allocation-stats>
<gc-op id="692" type="scavenge" timems="0.168" contextid="689" timestamp="2019-06-16T22:25:32.689">
  <scavenger-info tenureage="3" tenuremask="fff8" tiltratio="87" />
  <memory-copied type="nursery" objects="35" bytes="600" bytesdiscarded="77736" />
</gc-op>
<gc-end id="693" type="scavenge" contextid="689" durationms="0.473" usertimems="0.000" systemtimems="0.000" timestamp="2019-06-16T22:25:32.690" activeThreads="4">
  <mem-info id="694" free="5708880" total="8388608" percent="68">
    <mem type="nursery" free="1756672" total="2097152" percent="83">
      <mem type="allocate" free="1756672" total="1835008" percent="95" />
      <mem type="survivor" free="0" total="262144" percent="0" />
    </mem>
    <mem type="tenure" free="3952208" total="6291456" percent="62" macro-fragmented="0">
      <mem type="soa" free="3637840" total="5977088" percent="60" />
      <mem type="loa" free="314368" total="314368" percent="100" />
    </mem>
    <remembered-set count="115" />
  </mem-info>
</gc-end>
<cycle-end id="695" type="scavenge" contextid="689" timestamp="2019-06-16T22:25:32.690" />
  <attribute name="elasticGC enabled" value="1" />
  <attribute name= "numThreadsSpecified" value="4" />
  <attribute name="heapSize specified" value="8388608" />
  <attribute name="Current GC Util" value="0" />
  <attribute name= "Current Time Running" value="39115" />
  <attribute name ="GC Interval" value="200" />
  <attribute name="ProportionalT" value="-10.000000" />
  <attribute name="ProportionalI" value="-10.000000" />
  <attribute name="ProportionalH" value="-10.000000" />
  <attribute name="Current Error" value="-20.000000" />
  <attribute name="IntegralT" value="-7990.000000" />
  <attribute name="IntegralI" value="-7990.000000" />
  <attribute name="IntegralH" value="-7990.000000" />
  <attribute name="DerivativeT" value="-0.025031" />
  <attribute name="DerivativeI" value="-0.025031" />
  <attribute name="DerivativeH" value="-0.025031" />
  <attribute name="Loop Time for DT" value="799.000000" />
  <attribute name="Output H" value="2092630016"/>
  <attribute name="Output I" value="200"/>
  <attribute name="Output T" value="4"/>
  <attribute name="Target GC Util Change" value ="20.000000" />
  <attribute name="Current GC Util Change" value="0.000000"/>
  <attribute name="GC Util currently" value="0" />
  <attribute name="CPU Util currently" value="5" />
<allocation-satisfied id="696" threadId="0000000002844500" bytesRequested="24" />
<af-end id="697" timestamp="2019-06-16T22:25:32.690" threadId="0000000002844E88" success="true" from="nursery"/>
<exclusive-end id="698" timestamp="2019-06-16T22:25:32.690" durationms="1.085" />

</verbosegc>

