<?xml version="1.0" ?>

<verbosegc xmlns="http://www.ibm.com/j9/verbosegc" version="10b4217_CMPRSS">

<initialized id="1" timestamp="2019-06-14T19:14:29.531">
  <attribute name="gcPolicy" value="-Xgcpolicy:balanced" />
  <attribute name="elasticGC enabled" value="1" />
  <attribute name= "numThreadsSpecified" value="0" />
  <attribute name="heapSize specified" value="0" />
  <attribute name="Current GC Util" value="0" />
  <attribute name= "Current Time Running" value="0" />
  <attribute name ="GC Interval" value="0" />
  <attribute name="ProportionalT" value="0.000000" />
  <attribute name="ProportionalI" value="0.000000" />
  <attribute name="ProportionalH" value="0.000000" />
  <attribute name="IntegralT" value="0.000000" />
  <attribute name="IntegralI" value="0.000000" />
  <attribute name="IntegralH" value="0.000000" />
  <attribute name="DerivativeT" value="0.000000" />
  <attribute name="DerivativeI" value="0.000000" />
  <attribute name="DerivativeH" value="0.000000" />
  <attribute name="Target GC Util Change" value ="0.000000" />
  <attribute name="Current GC Util Change" value="0.000000"/>
  <attribute name="Current Error" value="0.000000" />
  <attribute name="Loop Time for DT" value="0.000000" />
  <attribute name="Output H" value="0"/>
  <attribute name="Output I" value="0"/>
  <attribute name="Output T" value="0"/>
  <attribute name="GC Util currently" value="0" />
  <attribute name="CPU Util currently" value="0" />
  <attribute name="maxHeapSize" value="0x7cb00000" />
  <attribute name="initialHeapSize" value="0x800000" />
  <attribute name="compressedRefs" value="true" />
  <attribute name="compressedRefsDisplacement" value="0x0" />
  <attribute name="compressedRefsShift" value="0x0" />
  <attribute name="pageSize" value="0x1000" />
  <attribute name="pageType" value="not used" />
  <attribute name="requestedPageSize" value="0x1000" />
  <attribute name="requestedPageType" value="not used" />
  <attribute name="gcthreads" value="4" />
  <attribute name="packetListSplit" value="4" />
  <attribute name="cacheListSplit" value="4" />
  <attribute name="splitFreeListSplitAmount" value="1" />
  <attribute name="numaNodes" value="0" />
  <region>
    <attribute name="regionSize" value="1048576" />
    <attribute name="regionCount" value="1995" />
    <attribute name="arrayletLeafSize" value="1048576" />
  </region>
  <system>
    <attribute name="physicalMemory" value="8370962432" />
    <attribute name="numCPUs" value="4" />
    <attribute name="architecture" value="amd64" />
    <attribute name="os" value="Linux" />
    <attribute name="osVersion" value="4.4.0-148-generic" />
  </system>
  <vmargs>
    <vmarg name="-Xoptionsfile=/vagrant/jdk/lib/options.default" />
    <vmarg name="-Xlockword:mode=default,noLockword=java/lang/String,noLockword=java/util/MapEntry,noLockword=java/util/HashMap$Entry,noLockword..." />
    <vmarg name="-Xjcl:jclse29" />
    <vmarg name="-Dcom.ibm.oti.vm.bootstrap.library.path=/vagrant/jdk/lib/compressedrefs:/vagrant/jdk/lib" />
    <vmarg name="-Dsun.boot.library.path=/vagrant/jdk/lib/compressedrefs:/vagrant/jdk/lib" />
    <vmarg name="-Djava.library.path=/vagrant/jdk/lib/compressedrefs:/vagrant/jdk/lib:/usr/lib64:/usr/lib" />
    <vmarg name="-Djava.home=/vagrant/jdk" />
    <vmarg name="-Duser.dir=/vagrant" />
    <vmarg name="-Xgcpolicy:balanced" />
    <vmarg name="-Xgcelastic" />
    <vmarg name="-Xcheck:gc:::elasticGC" />
    <vmarg name="-verbose:gc" />
    <vmarg name="-Xloggc:small-Balanced-jdk0.5-1-0.5-verbose11jython.txt" />
    <vmarg name="-Djava.class.path=dacapo-9.12-MR1-bach.jar" />
    <vmarg name="-Dsun.java.command=dacapo-9.12-MR1-bach.jar jython --size=small" />
    <vmarg name="-Dsun.java.launcher=SUN_STANDARD" />
    <vmarg name="-Dsun.java.launcher.pid=11863" />
  </vmargs>
</initialized>

<exclusive-start id="2" timestamp="2019-06-14T19:14:31.286" intervalms="1754.515">
  <response-info timems="0.022" idlems="0.022" threads="0" lastid="0000000001B61700" lastname="main" />
</exclusive-start>
<allocation-taxation id="3" taxation-threshold="8388608" timestamp="2019-06-14T19:14:31.286" intervalms="1754.722" />
<cycle-start id="4" type="partial gc" contextid="0" timestamp="2019-06-14T19:14:31.286" intervalms="1754.962" />
<gc-start id="5" type="partial gc" contextid="4" timestamp="2019-06-14T19:14:31.287">
  <mem-info id="6" free="0" total="8388608" percent="0">
    <mem type="eden" free="80" total="8388608" percent="0" />
    <remembered-set count="0" freebytes="334848" totalbytes="334848" percent="100" regionsoverflowed="0" regionsstable="0" regionsrebuilding="0"/>
  </mem-info>
</gc-start>
<allocation-stats totalBytes="8315928" >
  <allocated-bytes non-tlh="357600" tlh="7958328" arrayletleaf="0"/>
  <largest-consumer threadName="main" threadId="0000000001B61700" bytes="8239360" />
</allocation-stats>
<gc-op id="7" type="mark" timems="2.579" contextid="4" timestamp="2019-06-14T19:14:31.290">
  <trace-info objectcount="17715" scancount="14028" scanbytes="460928" />
  <remembered-set-cleared processed="0" cleared="0" durationms="0.202" />
  <finalization candidates="14" enqueued="1" />
  <references type="soft" candidates="63" cleared="0" enqueued="0" dynamicThreshold="32" maxThreshold="32" />
  <references type="weak" candidates="544" cleared="401" enqueued="362" />
  <references type="phantom" candidates="105" cleared="44" enqueued="44" />
  <stringconstants candidates="2406" cleared="0"  />
  <warning details="Mark for calibration purposes" />
</gc-op>
<gc-op id="8" type="classunload" timems="0.072" contextid="4" timestamp="2019-06-14T19:14:31.290">
  <classunload-info classloadercandidates="5" classloadersunloaded="0" classesunloaded="0" anonymousclassesunloaded="0" quiescems="0.000" setupms="0.071" scanms="0.000" postms="0.000" />
</gc-op>
<gc-op id="9" type="sweep" timems="0.629" contextid="4" timestamp="2019-06-14T19:14:31.291" />
<gc-op id="10" type="compact" timems="4.066" contextid="4" timestamp="2019-06-14T19:14:31.295">
  <compact-info movecount="17711" movebytes="963096" />
  <remembered-set-cleared processed="0" cleared="0" durationms="0.202" />
</gc-op>
<gc-end id="11" type="partial gc" contextid="4" durationms="9.486" usertimems="8.000" systemtimems="4.000" timestamp="2019-06-14T19:14:31.296" activeThreads="4">
  <mem-info id="12" free="7340032" total="8388608" percent="87">
    <mem type="eden" free="85232" total="1048576" percent="8" />
    <pending-finalizers system="1" default="0" reference="406" classloader="0" />
    <remembered-set count="0" freebytes="334848" totalbytes="334848" percent="100" regionsoverflowed="0" regionsstable="0" regionsrebuilding="0"/>
  </mem-info>
</gc-end>
<cycle-end id="13" type="partial gc" contextid="4" timestamp="2019-06-14T19:14:31.296" />
  <attribute name="elasticGC enabled" value="1" />
  <attribute name= "numThreadsSpecified" value="4" />
  <attribute name="heapSize specified" value="0" />
  <attribute name="Current GC Util" value="56" />
  <attribute name= "Current Time Running" value="1647" />
  <attribute name ="GC Interval" value="0" />
  <attribute name="ProportionalT" value="18.000000" />
  <attribute name="ProportionalI" value="18.000000" />
  <attribute name="ProportionalH" value="18.000000" />
  <attribute name="Current Error" value="36.000000" />
  <attribute name="IntegralT" value="-32446.000000" />
  <attribute name="IntegralI" value="-32446.000000" />
  <attribute name="IntegralH" value="-32446.000000" />
  <attribute name="DerivativeT" value="-17.500000" />
  <attribute name="DerivativeI" value="-17.500000" />
  <attribute name="DerivativeH" value="-17.500000" />
  <attribute name="Loop Time for DT" value="1.000000" />
  <attribute name="Output H" value="2091843584"/>
  <attribute name="Output I" value="200"/>
  <attribute name="Output T" value="4"/>
  <attribute name="Target GC Util Change" value ="20.000000" />
  <attribute name="Current GC Util Change" value="56.000000"/>
  <attribute name="GC Util currently" value="56" />
  <attribute name="CPU Util currently" value="4912398492015" />
<exclusive-end id="14" timestamp="2019-06-14T19:14:31.296" durationms="10.541" />

<exclusive-start id="15" timestamp="2019-06-14T19:14:31.914" intervalms="628.582">
  <response-info timems="0.073" idlems="0.073" threads="0" lastid="0000000001B61700" lastname="main" />
</exclusive-start>
<allocation-taxation id="16" taxation-threshold="7340032" timestamp="2019-06-14T19:14:31.915" intervalms="628.572" />
<cycle-start id="17" type="partial gc" contextid="0" timestamp="2019-06-14T19:14:31.915" intervalms="628.500" />
<gc-start id="18" type="partial gc" contextid="17" timestamp="2019-06-14T19:14:31.915">
  <mem-info id="19" free="0" total="8388608" percent="0">
    <mem type="eden" free="0" total="7340032" percent="0" />
    <remembered-set count="0" freebytes="334848" totalbytes="334848" percent="100" regionsoverflowed="0" regionsstable="0" regionsrebuilding="0"/>
  </mem-info>
</gc-start>
<allocation-stats totalBytes="7304040" >
  <allocated-bytes non-tlh="569856" tlh="6734184" arrayletleaf="0"/>
  <largest-consumer threadName="main" threadId="0000000001B61700" bytes="7295760" />
</allocation-stats>
<gc-op id="20" type="mark" timems="1.768" contextid="17" timestamp="2019-06-14T19:14:31.917">
  <trace-info objectcount="19024" scancount="15068" scanbytes="511304" />
  <remembered-set-cleared processed="0" cleared="0" durationms="0.058" />
  <finalization candidates="22" enqueued="0" />
  <ownableSynchronizers candidates="16" cleared="0" />
  <references type="soft" candidates="67" cleared="0" enqueued="0" dynamicThreshold="28" maxThreshold="32" />
  <references type="weak" candidates="682" cleared="364" enqueued="256" />
  <references type="phantom" candidates="88" cleared="2" enqueued="2" />
  <stringconstants candidates="2592" cleared="0"  />
  <warning details="Mark invoked due to insufficient free space for Copy-Forward" />
</gc-op>
<gc-op id="21" type="classunload" timems="0.001" contextid="17" timestamp="2019-06-14T19:14:31.917">
  <classunload-info classloadercandidates="6" classloadersunloaded="0" classesunloaded="0" anonymousclassesunloaded="0" quiescems="0.000" setupms="0.001" scanms="0.000" postms="0.000" />
</gc-op>
<gc-op id="22" type="sweep" timems="0.413" contextid="17" timestamp="2019-06-14T19:14:31.918" />
<gc-op id="23" type="compact" timems="3.014" contextid="17" timestamp="2019-06-14T19:14:31.921">
  <compact-info movecount="18704" movebytes="1491800" />
  <remembered-set-cleared processed="0" cleared="0" durationms="0.058" />
</gc-op>
<gc-end id="24" type="partial gc" contextid="17" durationms="6.662" usertimems="4.000" systemtimems="0.000" timestamp="2019-06-14T19:14:31.922" activeThreads="4">
  <mem-info id="25" free="6291456" total="8388608" percent="75">
    <mem type="eden" free="318392" total="1048576" percent="30" />
    <pending-finalizers system="0" default="0" reference="258" classloader="0" />
    <remembered-set count="1536" freebytes="328704" totalbytes="334848" percent="98" regionsoverflowed="0" regionsstable="0" regionsrebuilding="0"/>
  </mem-info>
</gc-end>
<cycle-end id="26" type="partial gc" contextid="17" timestamp="2019-06-14T19:14:31.922" />
  <attribute name="elasticGC enabled" value="1" />
  <attribute name= "numThreadsSpecified" value="4" />
  <attribute name="heapSize specified" value="0" />
  <attribute name="Current GC Util" value="24" />
  <attribute name= "Current Time Running" value="2274" />
  <attribute name ="GC Interval" value="0" />
  <attribute name="ProportionalT" value="2.000000" />
  <attribute name="ProportionalI" value="2.000000" />
  <attribute name="ProportionalH" value="2.000000" />
  <attribute name="Current Error" value="4.000000" />
  <attribute name="IntegralT" value="4.000000" />
  <attribute name="IntegralI" value="4.000000" />
  <attribute name="IntegralH" value="4.000000" />
  <attribute name="DerivativeT" value="2.000000" />
  <attribute name="DerivativeI" value="2.000000" />
  <attribute name="DerivativeH" value="2.000000" />
  <attribute name="Loop Time for DT" value="1.000000" />
  <attribute name="Output H" value="8388608"/>
  <attribute name="Output I" value="200"/>
  <attribute name="Output T" value="4"/>
  <attribute name="Target GC Util Change" value ="20.000000" />
  <attribute name="Current GC Util Change" value="24.000000"/>
  <attribute name="GC Util currently" value="24" />
  <attribute name="CPU Util currently" value="5907729658259" />
<exclusive-end id="27" timestamp="2019-06-14T19:14:31.922" durationms="7.793" />

<exclusive-start id="28" timestamp="2019-06-14T19:14:32.075" intervalms="160.712">
  <response-info timems="0.054" idlems="0.054" threads="0" lastid="0000000001B61700" lastname="main" />
</exclusive-start>
<allocation-taxation id="29" taxation-threshold="3145728" timestamp="2019-06-14T19:14:32.075" intervalms="160.688" />
<cycle-start id="30" type="global mark phase" contextid="0" timestamp="2019-06-14T19:14:32.078" intervalms="2546.390" />
<gc-start id="31" type="global mark phase" contextid="30" timestamp="2019-06-14T19:14:32.078">
  <mem-info id="32" free="3145728" total="8388608" percent="37">
    <remembered-set count="1536" freebytes="328704" totalbytes="334848" percent="98" regionsoverflowed="0" regionsstable="0" regionsrebuilding="0"/>
  </mem-info>
</gc-start>
<gc-op id="33" type="mark increment" timems="0.974" contextid="30" timestamp="2019-06-14T19:14:32.079">
  <trace-info objectcount="112" scancount="0" scanbytes="0" />
</gc-op>
<gc-end id="34" type="global mark phase" contextid="30" durationms="1.140" usertimems="0.000" systemtimems="0.000" timestamp="2019-06-14T19:14:32.079" activeThreads="4">
  <mem-info id="35" free="3145728" total="8388608" percent="37">
    <remembered-set count="1536" freebytes="328704" totalbytes="334848" percent="98" regionsoverflowed="0" regionsstable="0" regionsrebuilding="0"/>
  </mem-info>
</gc-end>
<concurrent-start id="36" type="GMP work packet processing" contextid="30" timestamp="2019-06-14T19:14:32.079">
  <concurrent-mark-start scanTarget="18446744073709551615" />
</concurrent-start>
<exclusive-end id="37" timestamp="2019-06-14T19:14:32.079" durationms="3.977" />

<concurrent-end id="38" type="GMP work packet processing" contextid="30" timestamp="2019-06-14T19:14:32.081">
  <concurrent-mark-end bytesScanned="786152" reasonForTermination="Completed all work in GC phase" />
</concurrent-end>

<exclusive-start id="39" timestamp="2019-06-14T19:14:34.727" intervalms="2652.105">
  <response-info timems="0.022" idlems="0.022" threads="0" lastid="0000000001B61700" lastname="main" />
</exclusive-start>
<allocation-taxation id="40" taxation-threshold="3145728" timestamp="2019-06-14T19:14:34.727" intervalms="2652.020" />
<cycle-start id="41" type="partial gc" contextid="0" timestamp="2019-06-14T19:14:34.727" intervalms="2812.637" />
<gc-start id="42" type="partial gc" contextid="41" timestamp="2019-06-14T19:14:34.728">
  <mem-info id="43" free="0" total="8388608" percent="0">
    <mem type="eden" free="0" total="6291456" percent="0" />
    <remembered-set count="1536" freebytes="328704" totalbytes="334848" percent="98" regionsoverflowed="0" regionsstable="0" regionsrebuilding="0"/>
  </mem-info>
</gc-start>
<allocation-stats totalBytes="6286824" >
  <allocated-bytes non-tlh="319056" tlh="5967768" arrayletleaf="0"/>
  <largest-consumer threadName="main" threadId="0000000001B61700" bytes="3144032" />
</allocation-stats>
<gc-op id="44" type="mark" timems="2.287" contextid="41" timestamp="2019-06-14T19:14:34.730">
  <trace-info objectcount="20126" scancount="16004" scanbytes="533732" />
  <cardclean-info objects="809" bytes="36116" />
  <remembered-set-cleared processed="206" cleared="206" durationms="0.045" />
  <finalization candidates="50" enqueued="1" />
  <ownableSynchronizers candidates="17" cleared="0" />
  <references type="soft" candidates="385" cleared="0" enqueued="0" dynamicThreshold="12" maxThreshold="32" />
  <references type="weak" candidates="1256" cleared="159" enqueued="145" />
  <references type="phantom" candidates="43" cleared="4" enqueued="4" />
  <stringconstants candidates="4558" cleared="0"  />
  <warning details="Mark invoked due to insufficient free space for Copy-Forward" />
</gc-op>
<gc-op id="45" type="classunload" timems="0.002" contextid="41" timestamp="2019-06-14T19:14:34.730">
  <classunload-info classloadercandidates="10" classloadersunloaded="0" classesunloaded="0" anonymousclassesunloaded="0" quiescems="0.000" setupms="0.002" scanms="0.000" postms="0.000" />
</gc-op>
<gc-op id="46" type="sweep" timems="0.762" contextid="41" timestamp="2019-06-14T19:14:34.731" />
<gc-op id="47" type="compact" timems="3.635" contextid="41" timestamp="2019-06-14T19:14:34.735">
  <compact-info movecount="20077" movebytes="1363856" />
  <remembered-set-cleared processed="3298" cleared="3298" durationms="0.065" />
</gc-op>
<gc-end id="48" type="partial gc" contextid="41" durationms="8.041" usertimems="8.000" systemtimems="8.000" timestamp="2019-06-14T19:14:34.736" activeThreads="4">
  <mem-info id="49" free="5242880" total="8388608" percent="62">
    <mem type="eden" free="372832" total="1048576" percent="35" />
    <pending-finalizers system="1" default="0" reference="149" classloader="0" />
    <remembered-set count="3072" freebytes="322560" totalbytes="334848" percent="96" regionsoverflowed="0" regionsstable="0" regionsrebuilding="0"/>
  </mem-info>
</gc-end>
<cycle-end id="50" type="partial gc" contextid="41" timestamp="2019-06-14T19:14:34.736" />
  <attribute name="elasticGC enabled" value="1" />
  <attribute name= "numThreadsSpecified" value="4" />
  <attribute name="heapSize specified" value="0" />
  <attribute name="Current GC Util" value="188" />
  <attribute name= "Current Time Running" value="5087" />
  <attribute name ="GC Interval" value="0" />
  <attribute name="ProportionalT" value="84.000000" />
  <attribute name="ProportionalI" value="84.000000" />
  <attribute name="ProportionalH" value="84.000000" />
  <attribute name="Current Error" value="168.000000" />
  <attribute name="IntegralT" value="168.000000" />
  <attribute name="IntegralI" value="168.000000" />
  <attribute name="IntegralH" value="168.000000" />
  <attribute name="DerivativeT" value="84.000000" />
  <attribute name="DerivativeI" value="84.000000" />
  <attribute name="DerivativeH" value="84.000000" />
  <attribute name="Loop Time for DT" value="1.000000" />
  <attribute name="Output H" value="8388608"/>
  <attribute name="Output I" value="336"/>
  <attribute name="Output T" value="4"/>
  <attribute name="Target GC Util Change" value ="20.000000" />
  <attribute name="Current GC Util Change" value="188.000000"/>
  <attribute name="GC Util currently" value="188" />
  <attribute name="CPU Util currently" value="4752360645287" />
<exclusive-end id="51" timestamp="2019-06-14T19:14:34.736" durationms="8.752" />

<exclusive-start id="52" timestamp="2019-06-14T19:14:35.417" intervalms="690.215">
  <response-info timems="0.022" idlems="0.022" threads="0" lastid="0000000001B61700" lastname="main" />
</exclusive-start>
<allocation-taxation id="53" taxation-threshold="2097152" timestamp="2019-06-14T19:14:35.417" intervalms="690.249" />
<gc-start id="54" type="global mark phase" contextid="30" timestamp="2019-06-14T19:14:35.418">
  <mem-info id="55" free="3145728" total="8388608" percent="37">
    <remembered-set count="2816" freebytes="323584" totalbytes="334848" percent="96" regionsoverflowed="0" regionsstable="0" regionsrebuilding="0"/>
  </mem-info>
</gc-start>
<gc-op id="56" type="mark increment" timems="2.622" contextid="30" timestamp="2019-06-14T19:14:35.420">
  <trace-info objectcount="22827" scancount="18454" scanbytes="629464" />
  <cardclean-info objects="978" bytes="44988" />
  <finalization candidates="65" enqueued="0" />
  <ownableSynchronizers candidates="17" cleared="0" />
  <references type="soft" candidates="586" cleared="0" enqueued="0" dynamicThreshold="20" maxThreshold="32" />
  <references type="weak" candidates="1426" cleared="13" enqueued="13" />
  <references type="phantom" candidates="96" cleared="2" enqueued="2" />
  <stringconstants candidates="4921" cleared="0"  />
</gc-op>
<gc-op id="57" type="classunload" timems="0.003" contextid="30" timestamp="2019-06-14T19:14:35.420">
  <classunload-info classloadercandidates="10" classloadersunloaded="0" classesunloaded="0" anonymousclassesunloaded="0" quiescems="0.000" setupms="0.003" scanms="0.000" postms="0.000" />
</gc-op>
<gc-end id="58" type="global mark phase" contextid="30" durationms="3.032" usertimems="4.000" systemtimems="4.000" timestamp="2019-06-14T19:14:35.421" activeThreads="4">
  <mem-info id="59" free="3145728" total="8388608" percent="37">
    <pending-finalizers system="0" default="0" reference="15" classloader="0" />
    <remembered-set count="2816" freebytes="323584" totalbytes="334848" percent="96" regionsoverflowed="0" regionsstable="0" regionsrebuilding="0"/>
  </mem-info>
</gc-end>
<cycle-end id="60" type="global mark phase" contextid="30" timestamp="2019-06-14T19:14:35.421" />
  <attribute name="elasticGC enabled" value="1" />
  <attribute name= "numThreadsSpecified" value="4" />
  <attribute name="heapSize specified" value="0" />
  <attribute name="Current GC Util" value="203" />
  <attribute name= "Current Time Running" value="5775" />
  <attribute name ="GC Interval" value="0" />
  <attribute name="ProportionalT" value="91.500000" />
  <attribute name="ProportionalI" value="91.500000" />
  <attribute name="ProportionalH" value="91.500000" />
  <attribute name="Current Error" value="183.000000" />
  <attribute name="IntegralT" value="183.000000" />
  <attribute name="IntegralI" value="183.000000" />
  <attribute name="IntegralH" value="183.000000" />
  <attribute name="DerivativeT" value="1.000000" />
  <attribute name="DerivativeI" value="1.000000" />
  <attribute name="DerivativeH" value="1.000000" />
  <attribute name="Loop Time for DT" value="1.000000" />
  <attribute name="Output H" value="8388608"/>
  <attribute name="Output I" value="280"/>
  <attribute name="Output T" value="4"/>
  <attribute name="Target GC Util Change" value ="20.000000" />
  <attribute name="Current GC Util Change" value="203.000000"/>
  <attribute name="GC Util currently" value="203" />
  <attribute name="CPU Util currently" value="6049921835572" />
<exclusive-end id="61" timestamp="2019-06-14T19:14:35.421" durationms="3.422" />

<exclusive-start id="62" timestamp="2019-06-14T19:14:35.472" intervalms="54.928">
  <response-info timems="0.057" idlems="0.057" threads="0" lastid="0000000001B61700" lastname="main" />
</exclusive-start>
<allocation-taxation id="63" taxation-threshold="2097152" timestamp="2019-06-14T19:14:35.472" intervalms="54.888" />
<cycle-start id="64" type="partial gc" contextid="0" timestamp="2019-06-14T19:14:35.472" intervalms="745.118" />
<gc-start id="65" type="partial gc" contextid="64" timestamp="2019-06-14T19:14:35.473">
  <mem-info id="66" free="1048576" total="8388608" percent="12">
    <mem type="eden" free="0" total="4194304" percent="0" />
    <remembered-set count="2816" freebytes="323584" totalbytes="334848" percent="96" regionsoverflowed="0" regionsstable="0" regionsrebuilding="0"/>
  </mem-info>
</gc-start>
<allocation-stats totalBytes="4189664" >
  <allocated-bytes non-tlh="85984" tlh="4103680" arrayletleaf="0"/>
  <largest-consumer threadName="main" threadId="0000000001B61700" bytes="2094616" />
</allocation-stats>
<gc-op id="67" type="sweep" timems="0.622" contextid="64" timestamp="2019-06-14T19:14:35.473" />
<gc-op id="68" type="copy forward" timems="3.649" contextid="64" timestamp="2019-06-14T19:14:35.478">
  <memory-copied type="eden" objects="1335" bytes="51056" bytesdiscarded="4104" />
  <memory-copied type="other" objects="20698" bytes="800632" bytesdiscarded="85504" />
  <memory-cardclean objects="608" bytes="32640" />
  <memory-traced type="eden" objects="752" bytes="29768" />
  <memory-traced type="other" objects="0" bytes="0" />
  <regions eden="2" other="3" evacuated="4" marked="1" />
  <remembered-set-cleared processed="1566" cleared="1444" durationms="0.060" />
  <finalization candidates="43" enqueued="0" />
  <ownableSynchronizers candidates="1" cleared="0" />
  <references type="soft" candidates="562" cleared="0" enqueued="0" dynamicThreshold="12" maxThreshold="32" />
  <references type="weak" candidates="1289" cleared="0" enqueued="0" />
  <references type="phantom" candidates="10" cleared="0" enqueued="0" />
  <stringconstants candidates="5124" cleared="0"  />
  <heap-resize type="expand" space="default" amount="1048576" count="1" timems="0.273" reason="continue current collection" />
</gc-op>
<gc-op id="69" type="classunload" timems="0.002" contextid="64" timestamp="2019-06-14T19:14:35.478">
  <classunload-info classloadercandidates="10" classloadersunloaded="0" classesunloaded="0" anonymousclassesunloaded="0" quiescems="0.000" setupms="0.002" scanms="0.000" postms="0.000" />
</gc-op>
<gc-op id="70" type="compact" timems="1.083" contextid="64" timestamp="2019-06-14T19:14:35.479">
  <compact-info movecount="878" movebytes="47904" />
  <remembered-set-cleared processed="4629" cleared="2480" durationms="0.060" />
</gc-op>
<gc-end id="71" type="partial gc" contextid="64" durationms="6.723" usertimems="16.000" systemtimems="0.000" timestamp="2019-06-14T19:14:35.479" activeThreads="4">
  <mem-info id="72" free="4194304" total="9437184" percent="44">
    <mem type="eden" free="1817832" total="2097152" percent="86" />
    <remembered-set count="3808" freebytes="361472" totalbytes="376704" percent="95" regionsoverflowed="0" regionsstable="0" regionsrebuilding="0"/>
  </mem-info>
</gc-end>
<cycle-end id="73" type="partial gc" contextid="64" timestamp="2019-06-14T19:14:35.479" />
  <attribute name="elasticGC enabled" value="1" />
  <attribute name= "numThreadsSpecified" value="4" />
  <attribute name="heapSize specified" value="0" />
  <attribute name="Current GC Util" value="158" />
  <attribute name= "Current Time Running" value="5833" />
  <attribute name ="GC Interval" value="0" />
  <attribute name="ProportionalT" value="69.000000" />
  <attribute name="ProportionalI" value="69.000000" />
  <attribute name="ProportionalH" value="69.000000" />
  <attribute name="Current Error" value="138.000000" />
  <attribute name="IntegralT" value="414.000000" />
  <attribute name="IntegralI" value="414.000000" />
  <attribute name="IntegralH" value="414.000000" />
  <attribute name="DerivativeT" value="4.000000" />
  <attribute name="DerivativeI" value="4.000000" />
  <attribute name="DerivativeH" value="4.000000" />
  <attribute name="Loop Time for DT" value="3.000000" />
  <attribute name="Output H" value="8388608"/>
  <attribute name="Output I" value="488"/>
  <attribute name="Output T" value="4"/>
  <attribute name="Target GC Util Change" value ="20.000000" />
  <attribute name="Current GC Util Change" value="158.000000"/>
  <attribute name="GC Util currently" value="158" />
  <attribute name="CPU Util currently" value="1181254483841" />
<exclusive-end id="74" timestamp="2019-06-14T19:14:35.480" durationms="7.306" />

<exclusive-start id="75" timestamp="2019-06-14T19:14:35.616" intervalms="143.928">
  <response-info timems="0.065" idlems="0.065" threads="0" lastid="0000000001B61700" lastname="main" />
</exclusive-start>
<allocation-taxation id="76" taxation-threshold="2097152" timestamp="2019-06-14T19:14:35.616" intervalms="143.964" />
<cycle-start id="77" type="global mark phase" contextid="0" timestamp="2019-06-14T19:14:35.616" intervalms="3538.868" />
<gc-start id="78" type="global mark phase" contextid="77" timestamp="2019-06-14T19:14:35.617">
  <mem-info id="79" free="2097152" total="9437184" percent="22">
    <remembered-set count="3808" freebytes="361472" totalbytes="376704" percent="95" regionsoverflowed="0" regionsstable="0" regionsrebuilding="0"/>
  </mem-info>
</gc-start>
<gc-op id="80" type="mark increment" timems="0.901" contextid="77" timestamp="2019-06-14T19:14:35.618">
  <trace-info objectcount="154" scancount="0" scanbytes="0" />
</gc-op>
<gc-end id="81" type="global mark phase" contextid="77" durationms="0.994" usertimems="0.000" systemtimems="4.000" timestamp="2019-06-14T19:14:35.618" activeThreads="4">
  <mem-info id="82" free="2097152" total="9437184" percent="22">
    <remembered-set count="3808" freebytes="361472" totalbytes="376704" percent="95" regionsoverflowed="0" regionsstable="0" regionsrebuilding="0"/>
  </mem-info>
</gc-end>
<concurrent-start id="83" type="GMP work packet processing" contextid="77" timestamp="2019-06-14T19:14:35.618">
  <concurrent-mark-start scanTarget="18446744073709551615" />
</concurrent-start>
<exclusive-end id="84" timestamp="2019-06-14T19:14:35.618" durationms="1.462" />

<concurrent-end id="85" type="GMP work packet processing" contextid="77" timestamp="2019-06-14T19:14:35.619">
  <concurrent-mark-end bytesScanned="1190052" reasonForTermination="Completed all work in GC phase" />
</concurrent-end>

<exclusive-start id="86" timestamp="2019-06-14T19:14:35.699" intervalms="83.206">
  <response-info timems="0.063" idlems="0.063" threads="0" lastid="0000000001B61700" lastname="main" />
</exclusive-start>
<allocation-taxation id="87" taxation-threshold="2097152" timestamp="2019-06-14T19:14:35.700" intervalms="83.199" />
<cycle-start id="88" type="partial gc" contextid="0" timestamp="2019-06-14T19:14:35.700" intervalms="227.209" />
<gc-start id="89" type="partial gc" contextid="88" timestamp="2019-06-14T19:14:35.700">
  <mem-info id="90" free="0" total="9437184" percent="0">
    <mem type="eden" free="1037336" total="5242880" percent="19" />
    <remembered-set count="3808" freebytes="361472" totalbytes="376704" percent="95" regionsoverflowed="0" regionsstable="0" regionsrebuilding="0"/>
  </mem-info>
</gc-start>
<allocation-stats totalBytes="4150736" >
  <allocated-bytes non-tlh="125488" tlh="4025248" arrayletleaf="0"/>
  <largest-consumer threadName="main" threadId="0000000001B61700" bytes="1992160" />
</allocation-stats>
<gc-op id="91" type="mark" timems="2.205" contextid="88" timestamp="2019-06-14T19:14:35.703">
  <trace-info objectcount="16450" scancount="14139" scanbytes="513164" />
  <cardclean-info objects="1734" bytes="85560" />
  <remembered-set-cleared processed="2248" cleared="1101" durationms="0.069" />
  <finalization candidates="18" enqueued="0" />
  <ownableSynchronizers candidates="5" cleared="0" />
  <references type="soft" candidates="431" cleared="0" enqueued="0" dynamicThreshold="7" maxThreshold="32" />
  <references type="weak" candidates="2228" cleared="464" enqueued="316" />
  <references type="phantom" candidates="6" cleared="2" enqueued="2" />
  <stringconstants candidates="6130" cleared="0"  />
  <warning details="Mark invoked due to insufficient free space for Copy-Forward" />
</gc-op>
<gc-op id="92" type="classunload" timems="0.003" contextid="88" timestamp="2019-06-14T19:14:35.703">
  <classunload-info classloadercandidates="11" classloadersunloaded="0" classesunloaded="0" anonymousclassesunloaded="0" quiescems="0.000" setupms="0.002" scanms="0.000" postms="0.000" />
</gc-op>
<gc-op id="93" type="sweep" timems="0.373" contextid="88" timestamp="2019-06-14T19:14:35.703" />
<gc-op id="94" type="compact" timems="2.336" contextid="88" timestamp="2019-06-14T19:14:35.706">
  <compact-info movecount="16394" movebytes="726696" />
  <remembered-set-cleared processed="11374" cleared="9042" durationms="0.075" />
</gc-op>
<heap-resize id="95" type="expand" space="default" amount="2097152" count="1" timems="0.061" reason="insufficient free space following gc" timestamp="2019-06-14T19:14:35.706" />
<gc-end id="96" type="partial gc" contextid="88" durationms="6.071" usertimems="8.000" systemtimems="0.000" timestamp="2019-06-14T19:14:35.706" activeThreads="4">
  <mem-info id="97" free="6291456" total="11534336" percent="54">
    <mem type="eden" free="1366464" total="2097152" percent="65" />
    <pending-finalizers system="0" default="0" reference="318" classloader="0" />
    <remembered-set count="4960" freebytes="440576" totalbytes="460416" percent="95" regionsoverflowed="0" regionsstable="0" regionsrebuilding="0"/>
  </mem-info>
</gc-end>
<cycle-end id="98" type="partial gc" contextid="88" timestamp="2019-06-14T19:14:35.706" />
  <attribute name="elasticGC enabled" value="1" />
  <attribute name= "numThreadsSpecified" value="4" />
  <attribute name="heapSize specified" value="0" />
  <attribute name="Current GC Util" value="40" />
  <attribute name= "Current Time Running" value="6059" />
  <attribute name ="GC Interval" value="0" />
  <attribute name="ProportionalT" value="10.000000" />
  <attribute name="ProportionalI" value="10.000000" />
  <attribute name="ProportionalH" value="10.000000" />
  <attribute name="Current Error" value="20.000000" />
  <attribute name="IntegralT" value="20.000000" />
  <attribute name="IntegralI" value="20.000000" />
  <attribute name="IntegralH" value="20.000000" />
  <attribute name="DerivativeT" value="10.000000" />
  <attribute name="DerivativeI" value="10.000000" />
  <attribute name="DerivativeH" value="10.000000" />
  <attribute name="Loop Time for DT" value="1.000000" />
  <attribute name="Output H" value="8388608"/>
  <attribute name="Output I" value="200"/>
  <attribute name="Output T" value="4"/>
  <attribute name="Target GC Util Change" value ="20.000000" />
  <attribute name="Current GC Util Change" value="40.000000"/>
  <attribute name="GC Util currently" value="40" />
  <attribute name="CPU Util currently" value="8081914725669" />
<exclusive-end id="99" timestamp="2019-06-14T19:14:35.706" durationms="6.851" />

<exclusive-start id="100" timestamp="2019-06-14T19:14:35.757" intervalms="57.797">
  <response-info timems="0.027" idlems="0.027" threads="0" lastid="0000000001B61700" lastname="main" />
</exclusive-start>
<allocation-taxation id="101" taxation-threshold="3145728" timestamp="2019-06-14T19:14:35.757" intervalms="57.770" />
<gc-start id="102" type="global mark phase" contextid="77" timestamp="2019-06-14T19:14:35.757">
  <mem-info id="103" free="3145728" total="11534336" percent="27">
    <remembered-set count="4768" freebytes="441344" totalbytes="460416" percent="95" regionsoverflowed="0" regionsstable="0" regionsrebuilding="0"/>
  </mem-info>
</gc-start>
<gc-op id="104" type="mark increment" timems="2.843" contextid="77" timestamp="2019-06-14T19:14:35.760">
  <trace-info objectcount="18441" scancount="15507" scanbytes="570164" />
  <cardclean-info objects="2189" bytes="105228" />
  <finalization candidates="80" enqueued="0" />
  <ownableSynchronizers candidates="22" cleared="0" />
  <references type="soft" candidates="968" cleared="0" enqueued="0" dynamicThreshold="17" maxThreshold="32" />
  <references type="weak" candidates="2959" cleared="9" enqueued="9" />
  <references type="phantom" candidates="105" cleared="3" enqueued="3" />
  <stringconstants candidates="6418" cleared="0"  />
</gc-op>
<gc-op id="105" type="classunload" timems="0.005" contextid="77" timestamp="2019-06-14T19:14:35.760">
  <classunload-info classloadercandidates="11" classloadersunloaded="0" classesunloaded="0" anonymousclassesunloaded="0" quiescems="0.000" setupms="0.004" scanms="0.000" postms="0.000" />
</gc-op>
<gc-end id="106" type="global mark phase" contextid="77" durationms="3.285" usertimems="4.000" systemtimems="0.000" timestamp="2019-06-14T19:14:35.761" activeThreads="4">
  <mem-info id="107" free="3145728" total="11534336" percent="27">
    <pending-finalizers system="0" default="0" reference="12" classloader="0" />
    <remembered-set count="4768" freebytes="441344" totalbytes="460416" percent="95" regionsoverflowed="0" regionsstable="0" regionsrebuilding="0"/>
  </mem-info>
</gc-end>
<cycle-end id="108" type="global mark phase" contextid="77" timestamp="2019-06-14T19:14:35.761" />
  <attribute name="elasticGC enabled" value="1" />
  <attribute name= "numThreadsSpecified" value="4" />
  <attribute name="heapSize specified" value="0" />
  <attribute name="Current GC Util" value="181" />
  <attribute name= "Current Time Running" value="6115" />
  <attribute name ="GC Interval" value="0" />
  <attribute name="ProportionalT" value="80.500000" />
  <attribute name="ProportionalI" value="80.500000" />
  <attribute name="ProportionalH" value="80.500000" />
  <attribute name="Current Error" value="161.000000" />
  <attribute name="IntegralT" value="161.000000" />
  <attribute name="IntegralI" value="161.000000" />
  <attribute name="IntegralH" value="161.000000" />
  <attribute name="DerivativeT" value="-1.500000" />
  <attribute name="DerivativeI" value="-1.500000" />
  <attribute name="DerivativeH" value="-1.500000" />
  <attribute name="Loop Time for DT" value="1.000000" />
  <attribute name="Output H" value="8388608"/>
  <attribute name="Output I" value="240"/>
  <attribute name="Output T" value="4"/>
  <attribute name="Target GC Util Change" value ="20.000000" />
  <attribute name="Current GC Util Change" value="181.000000"/>
  <attribute name="GC Util currently" value="181" />
  <attribute name="CPU Util currently" value="4370342587876" />
<exclusive-end id="109" timestamp="2019-06-14T19:14:35.761" durationms="3.770" />

<exclusive-start id="110" timestamp="2019-06-14T19:14:35.854" intervalms="96.438">
  <response-info timems="0.062" idlems="0.062" threads="0" lastid="0000000001B61700" lastname="main" />
</exclusive-start>
<allocation-taxation id="111" taxation-threshold="3145728" timestamp="2019-06-14T19:14:35.854" intervalms="96.439" />
<cycle-start id="112" type="partial gc" contextid="0" timestamp="2019-06-14T19:14:35.854" intervalms="154.165" />
<gc-start id="113" type="partial gc" contextid="112" timestamp="2019-06-14T19:14:35.854">
  <mem-info id="114" free="0" total="11534336" percent="0">
    <mem type="eden" free="250168" total="6291456" percent="3" />
    <remembered-set count="4768" freebytes="441344" totalbytes="460416" percent="95" regionsoverflowed="0" regionsstable="0" regionsrebuilding="0"/>
  </mem-info>
</gc-start>
<allocation-stats totalBytes="5941656" >
  <allocated-bytes non-tlh="1542768" tlh="4398888" arrayletleaf="0"/>
  <largest-consumer threadName="main" threadId="0000000001B61700" bytes="3133992" />
</allocation-stats>
<gc-op id="115" type="sweep" timems="0.843" contextid="112" timestamp="2019-06-14T19:14:35.855" />
<gc-op id="116" type="mark" timems="2.369" contextid="112" timestamp="2019-06-14T19:14:35.858">
  <trace-info objectcount="19890" scancount="16209" scanbytes="641064" />
  <cardclean-info objects="1108" bytes="68184" />
  <remembered-set-cleared processed="3863" cleared="1882" durationms="0.083" />
  <finalization candidates="15" enqueued="0" />
  <ownableSynchronizers candidates="5" cleared="0" />
  <references type="soft" candidates="393" cleared="0" enqueued="0" dynamicThreshold="8" maxThreshold="32" />
  <references type="weak" candidates="1481" cleared="2" enqueued="2" />
  <references type="phantom" candidates="6" cleared="0" enqueued="0" />
  <stringconstants candidates="6886" cleared="0"  />
  <warning details="Mark invoked due to insufficient free space for Copy-Forward" />
</gc-op>
<gc-op id="117" type="classunload" timems="0.002" contextid="112" timestamp="2019-06-14T19:14:35.858">
  <classunload-info classloadercandidates="11" classloadersunloaded="0" classesunloaded="0" anonymousclassesunloaded="0" quiescems="0.000" setupms="0.002" scanms="0.000" postms="0.000" />
</gc-op>
<gc-op id="118" type="sweep" timems="0.744" contextid="112" timestamp="2019-06-14T19:14:35.859" />
<gc-op id="119" type="compact" timems="3.167" contextid="112" timestamp="2019-06-14T19:14:35.862">
  <compact-info movecount="18750" movebytes="1614640" />
  <remembered-set-cleared processed="12564" cleared="8584" durationms="0.083" />
</gc-op>
<heap-resize id="120" type="expand" space="default" amount="1048576" count="1" timems="0.051" reason="insufficient free space following gc" timestamp="2019-06-14T19:14:35.863" />
<gc-end id="121" type="partial gc" contextid="112" durationms="8.667" usertimems="8.000" systemtimems="8.000" timestamp="2019-06-14T19:14:35.863" activeThreads="4">
  <mem-info id="122" free="5242880" total="12582912" percent="41">
    <mem type="eden" free="893800" total="2097152" percent="42" />
    <pending-finalizers system="0" default="0" reference="2" classloader="0" />
    <remembered-set count="6848" freebytes="474880" totalbytes="502272" percent="94" regionsoverflowed="0" regionsstable="0" regionsrebuilding="0"/>
  </mem-info>
</gc-end>
<cycle-end id="123" type="partial gc" contextid="112" timestamp="2019-06-14T19:14:35.863" />
  <attribute name="elasticGC enabled" value="1" />
  <attribute name= "numThreadsSpecified" value="4" />
  <attribute name="heapSize specified" value="0" />
  <attribute name="Current GC Util" value="196" />
  <attribute name= "Current Time Running" value="6215" />
  <attribute name ="GC Interval" value="0" />
  <attribute name="ProportionalT" value="88.000000" />
  <attribute name="ProportionalI" value="88.000000" />
  <attribute name="ProportionalH" value="88.000000" />
  <attribute name="Current Error" value="176.000000" />
  <attribute name="IntegralT" value="176.000000" />
  <attribute name="IntegralI" value="176.000000" />
  <attribute name="IntegralH" value="176.000000" />
  <attribute name="DerivativeT" value="88.000000" />
  <attribute name="DerivativeI" value="88.000000" />
  <attribute name="DerivativeH" value="88.000000" />
  <attribute name="Loop Time for DT" value="1.000000" />
  <attribute name="Output H" value="8388608"/>
  <attribute name="Output I" value="352"/>
  <attribute name="Output T" value="4"/>
  <attribute name="Target GC Util Change" value ="20.000000" />
  <attribute name="Current GC Util Change" value="196.000000"/>
  <attribute name="GC Util currently" value="196" />
  <attribute name="CPU Util currently" value="4866865508798" />
<exclusive-end id="124" timestamp="2019-06-14T19:14:35.863" durationms="9.353" />

<exclusive-start id="125" timestamp="2019-06-14T19:14:35.911" intervalms="57.807">
  <response-info timems="0.052" idlems="0.052" threads="0" lastid="0000000001B61700" lastname="main" />
</exclusive-start>
<allocation-taxation id="126" taxation-threshold="2097152" timestamp="2019-06-14T19:14:35.912" intervalms="57.810" />
<cycle-start id="127" type="global mark phase" contextid="0" timestamp="2019-06-14T19:14:35.912" intervalms="295.147" />
<gc-start id="128" type="global mark phase" contextid="127" timestamp="2019-06-14T19:14:35.912">
  <mem-info id="129" free="3145728" total="12582912" percent="25">
    <remembered-set count="6400" freebytes="476672" totalbytes="502272" percent="94" regionsoverflowed="0" regionsstable="0" regionsrebuilding="0"/>
  </mem-info>
</gc-start>
<gc-op id="130" type="mark increment" timems="1.562" contextid="127" timestamp="2019-06-14T19:14:35.913">
  <trace-info objectcount="206" scancount="0" scanbytes="0" />
</gc-op>
<gc-end id="131" type="global mark phase" contextid="127" durationms="1.659" usertimems="0.000" systemtimems="4.000" timestamp="2019-06-14T19:14:35.913" activeThreads="4">
  <mem-info id="132" free="3145728" total="12582912" percent="25">
    <remembered-set count="6400" freebytes="476672" totalbytes="502272" percent="94" regionsoverflowed="0" regionsstable="0" regionsrebuilding="0"/>
  </mem-info>
</gc-end>
<concurrent-start id="133" type="GMP work packet processing" contextid="127" timestamp="2019-06-14T19:14:35.913">
  <concurrent-mark-start scanTarget="18446744073709551615" />
</concurrent-start>
<exclusive-end id="134" timestamp="2019-06-14T19:14:35.913" durationms="2.003" />

<concurrent-end id="135" type="GMP work packet processing" contextid="127" timestamp="2019-06-14T19:14:35.916">
  <concurrent-mark-end bytesScanned="1775160" reasonForTermination="Completed all work in GC phase" />
</concurrent-end>

<exclusive-start id="136" timestamp="2019-06-14T19:14:35.961" intervalms="49.830">
  <response-info timems="0.094" idlems="0.094" threads="0" lastid="0000000001B61700" lastname="main" />
</exclusive-start>
<allocation-taxation id="137" taxation-threshold="2097152" timestamp="2019-06-14T19:14:35.961" intervalms="49.871" />
<cycle-start id="138" type="partial gc" contextid="0" timestamp="2019-06-14T19:14:35.962" intervalms="107.680" />
<gc-start id="139" type="partial gc" contextid="138" timestamp="2019-06-14T19:14:35.962">
  <mem-info id="140" free="1048576" total="12582912" percent="8">
    <mem type="eden" free="0" total="4194304" percent="0" />
    <remembered-set count="6400" freebytes="476672" totalbytes="502272" percent="94" regionsoverflowed="0" regionsstable="0" regionsrebuilding="0"/>
  </mem-info>
</gc-start>
<allocation-stats totalBytes="4180584" >
  <allocated-bytes non-tlh="60168" tlh="4120416" arrayletleaf="0"/>
  <largest-consumer threadName="main" threadId="0000000001B61700" bytes="2095136" />
</allocation-stats>
<gc-op id="141" type="copy forward" timems="3.090" contextid="138" timestamp="2019-06-14T19:14:35.965">
  <memory-copied type="eden" objects="3676" bytes="156744" bytesdiscarded="12392" />
  <memory-copied type="other" objects="9040" bytes="1198416" bytesdiscarded="251872" />
  <memory-cardclean objects="618" bytes="43136" />
  <regions eden="4" other="2" />
  <remembered-set-cleared processed="4611" cleared="871" durationms="0.077" />
  <references type="soft" candidates="143" cleared="0" enqueued="0" dynamicThreshold="8" maxThreshold="32" />
  <references type="weak" candidates="661" cleared="0" enqueued="0" />
  <references type="phantom" candidates="4" cleared="0" enqueued="0" />
  <stringconstants candidates="7244" cleared="0"  />
  <heap-resize type="expand" space="default" amount="2097152" count="2" timems="0.134" reason="continue current collection" />
</gc-op>
<gc-op id="142" type="classunload" timems="0.002" contextid="138" timestamp="2019-06-14T19:14:35.965">
  <classunload-info classloadercandidates="11" classloadersunloaded="0" classesunloaded="0" anonymousclassesunloaded="0" quiescems="0.000" setupms="0.002" scanms="0.000" postms="0.000" />
</gc-op>
<gc-op id="143" type="compact" timems="1.193" contextid="138" timestamp="2019-06-14T19:14:35.967">
  <compact-info movecount="0" movebytes="0" />
  <remembered-set-cleared processed="10555" cleared="871" durationms="0.077" />
</gc-op>
<gc-end id="144" type="partial gc" contextid="138" durationms="5.309" usertimems="4.000" systemtimems="8.000" timestamp="2019-06-14T19:14:35.967" activeThreads="4">
  <mem-info id="145" free="6291456" total="14680064" percent="42">
    <mem type="eden" free="879040" total="1048576" percent="83" />
    <remembered-set count="7456" freebytes="556160" totalbytes="585984" percent="94" regionsoverflowed="0" regionsstable="0" regionsrebuilding="0"/>
  </mem-info>
</gc-end>
<cycle-end id="146" type="partial gc" contextid="138" timestamp="2019-06-14T19:14:35.967" />
  <attribute name="elasticGC enabled" value="1" />
  <attribute name= "numThreadsSpecified" value="4" />
  <attribute name="heapSize specified" value="0" />
  <attribute name="Current GC Util" value="144" />
  <attribute name= "Current Time Running" value="6321" />
  <attribute name ="GC Interval" value="0" />
  <attribute name="ProportionalT" value="62.000000" />
  <attribute name="ProportionalI" value="62.000000" />
  <attribute name="ProportionalH" value="62.000000" />
  <attribute name="Current Error" value="124.000000" />
  <attribute name="IntegralT" value="372.000000" />
  <attribute name="IntegralI" value="372.000000" />
  <attribute name="IntegralH" value="372.000000" />
  <attribute name="DerivativeT" value="13.666667" />
  <attribute name="DerivativeI" value="13.666667" />
  <attribute name="DerivativeH" value="13.666667" />
  <attribute name="Loop Time for DT" value="3.000000" />
  <attribute name="Output H" value="8388608"/>
  <attribute name="Output I" value="448"/>
  <attribute name="Output T" value="4"/>
  <attribute name="Target GC Util Change" value ="20.000000" />
  <attribute name="Current GC Util Change" value="144.000000"/>
  <attribute name="GC Util currently" value="144" />
  <attribute name="CPU Util currently" value="1350212138804" />
<exclusive-end id="147" timestamp="2019-06-14T19:14:35.967" durationms="6.076" />

<exclusive-start id="148" timestamp="2019-06-14T19:14:36.028" intervalms="66.808">
  <response-info timems="0.058" idlems="0.058" threads="0" lastid="0000000001B61700" lastname="main" />
</exclusive-start>
<allocation-taxation id="149" taxation-threshold="3145728" timestamp="2019-06-14T19:14:36.028" intervalms="66.861" />
<gc-start id="150" type="global mark phase" contextid="127" timestamp="2019-06-14T19:14:36.029">
  <mem-info id="151" free="3145728" total="14680064" percent="21">
    <remembered-set count="6976" freebytes="558080" totalbytes="585984" percent="95" regionsoverflowed="0" regionsstable="0" regionsrebuilding="0"/>
  </mem-info>
</gc-start>
<gc-op id="152" type="mark increment" timems="2.147" contextid="127" timestamp="2019-06-14T19:14:36.031">
  <trace-info objectcount="5995" scancount="5260" scanbytes="195096" />
  <cardclean-info objects="3781" bytes="172124" />
  <finalization candidates="80" enqueued="0" />
  <ownableSynchronizers candidates="22" cleared="0" />
  <references type="soft" candidates="1022" cleared="0" enqueued="0" dynamicThreshold="13" maxThreshold="32" />
  <references type="weak" candidates="3597" cleared="0" enqueued="0" />
  <references type="phantom" candidates="101" cleared="0" enqueued="0" />
  <stringconstants candidates="7389" cleared="0"  />
</gc-op>
<gc-op id="153" type="classunload" timems="0.005" contextid="127" timestamp="2019-06-14T19:14:36.031">
  <classunload-info classloadercandidates="11" classloadersunloaded="0" classesunloaded="0" anonymousclassesunloaded="0" quiescems="0.000" setupms="0.004" scanms="0.000" postms="0.000" />
</gc-op>
<gc-end id="154" type="global mark phase" contextid="127" durationms="2.541" usertimems="8.000" systemtimems="0.000" timestamp="2019-06-14T19:14:36.031" activeThreads="4">
  <mem-info id="155" free="3145728" total="14680064" percent="21">
    <remembered-set count="6976" freebytes="558080" totalbytes="585984" percent="95" regionsoverflowed="0" regionsstable="0" regionsrebuilding="0"/>
  </mem-info>
</gc-end>
<cycle-end id="156" type="global mark phase" contextid="127" timestamp="2019-06-14T19:14:36.031" />
  <attribute name="elasticGC enabled" value="1" />
  <attribute name= "numThreadsSpecified" value="4" />
  <attribute name="heapSize specified" value="0" />
  <attribute name="Current GC Util" value="136" />
  <attribute name= "Current Time Running" value="6385" />
  <attribute name ="GC Interval" value="0" />
  <attribute name="ProportionalT" value="58.000000" />
  <attribute name="ProportionalI" value="58.000000" />
  <attribute name="ProportionalH" value="58.000000" />
  <attribute name="Current Error" value="116.000000" />
  <attribute name="IntegralT" value="0.000000" />
  <attribute name="IntegralI" value="0.000000" />
  <attribute name="IntegralH" value="0.000000" />
  <attribute name="DerivativeT" value="-inf" />
  <attribute name="DerivativeI" value="-inf" />
  <attribute name="DerivativeH" value="-inf" />
  <attribute name="Loop Time for DT" value="0.000000" />
  <attribute name="Output H" value="2091843584"/>
  <attribute name="Output I" value="200"/>
  <attribute name="Output T" value="4"/>
  <attribute name="Target GC Util Change" value ="20.000000" />
  <attribute name="Current GC Util Change" value="136.000000"/>
  <attribute name="GC Util currently" value="136" />
  <attribute name="CPU Util currently" value="8608726198185" />
<exclusive-end id="157" timestamp="2019-06-14T19:14:36.031" durationms="3.139" />

<exclusive-start id="158" timestamp="2019-06-14T19:14:36.082" intervalms="53.492">
  <response-info timems="0.027" idlems="0.027" threads="0" lastid="0000000001B61700" lastname="main" />
</exclusive-start>
<allocation-taxation id="159" taxation-threshold="3145728" timestamp="2019-06-14T19:14:36.082" intervalms="53.403" />
<cycle-start id="160" type="partial gc" contextid="0" timestamp="2019-06-14T19:14:36.082" intervalms="120.310" />
<gc-start id="161" type="partial gc" contextid="160" timestamp="2019-06-14T19:14:36.082">
  <mem-info id="162" free="0" total="14680064" percent="0">
    <mem type="eden" free="0" total="6291456" percent="0" />
    <remembered-set count="6976" freebytes="558080" totalbytes="585984" percent="95" regionsoverflowed="0" regionsstable="0" regionsrebuilding="0"/>
  </mem-info>
</gc-start>
<allocation-stats totalBytes="6289912" >
  <allocated-bytes non-tlh="43504" tlh="6246408" arrayletleaf="0"/>
  <largest-consumer threadName="main" threadId="0000000001B61700" bytes="3145432" />
</allocation-stats>
<gc-op id="163" type="sweep" timems="0.874" contextid="160" timestamp="2019-06-14T19:14:36.083" />
<gc-op id="164" type="mark" timems="2.138" contextid="160" timestamp="2019-06-14T19:14:36.086">
  <trace-info objectcount="11729" scancount="10243" scanbytes="383464" />
  <cardclean-info objects="2758" bytes="133284" />
  <remembered-set-cleared processed="5890" cleared="1399" durationms="0.123" />
  <references type="weak" candidates="834" cleared="0" enqueued="0" />
  <stringconstants candidates="7497" cleared="0"  />
  <warning details="Mark invoked due to insufficient free space for Copy-Forward" />
</gc-op>
<gc-op id="165" type="classunload" timems="0.002" contextid="160" timestamp="2019-06-14T19:14:36.086">
  <classunload-info classloadercandidates="11" classloadersunloaded="0" classesunloaded="0" anonymousclassesunloaded="0" quiescems="0.000" setupms="0.002" scanms="0.000" postms="0.000" />
</gc-op>
<gc-op id="166" type="sweep" timems="0.780" contextid="160" timestamp="2019-06-14T19:14:36.087" />
<gc-op id="167" type="compact" timems="2.603" contextid="160" timestamp="2019-06-14T19:14:36.090">
  <compact-info movecount="11729" movebytes="460552" />
  <remembered-set-cleared processed="15924" cleared="6918" durationms="0.123" />
</gc-op>
<heap-resize id="168" type="expand" space="default" amount="1048576" count="1" timems="0.067" reason="insufficient free space following gc" timestamp="2019-06-14T19:14:36.090" />
<gc-end id="169" type="partial gc" contextid="160" durationms="8.232" usertimems="12.000" systemtimems="0.000" timestamp="2019-06-14T19:14:36.090" activeThreads="4">
  <mem-info id="170" free="6291456" total="15728640" percent="40">
    <mem type="eden" free="739960" total="1048576" percent="70" />
    <remembered-set count="9088" freebytes="591488" totalbytes="627840" percent="94" regionsoverflowed="0" regionsstable="0" regionsrebuilding="0"/>
  </mem-info>
</gc-end>
<cycle-end id="171" type="partial gc" contextid="160" timestamp="2019-06-14T19:14:36.090" />
  <attribute name="elasticGC enabled" value="1" />
  <attribute name= "numThreadsSpecified" value="4" />
  <attribute name="heapSize specified" value="0" />
  <attribute name="Current GC Util" value="190" />
  <attribute name= "Current Time Running" value="6443" />
  <attribute name ="GC Interval" value="0" />
  <attribute name="ProportionalT" value="85.000000" />
  <attribute name="ProportionalI" value="85.000000" />
  <attribute name="ProportionalH" value="85.000000" />
  <attribute name="Current Error" value="170.000000" />
  <attribute name="IntegralT" value="170.000000" />
  <attribute name="IntegralI" value="170.000000" />
  <attribute name="IntegralH" value="170.000000" />
  <attribute name="DerivativeT" value="85.000000" />
  <attribute name="DerivativeI" value="85.000000" />
  <attribute name="DerivativeH" value="85.000000" />
  <attribute name="Loop Time for DT" value="1.000000" />
  <attribute name="Output H" value="8388608"/>
  <attribute name="Output I" value="344"/>
  <attribute name="Output T" value="4"/>
  <attribute name="Target GC Util Change" value ="20.000000" />
  <attribute name="Current GC Util Change" value="190.000000"/>
  <attribute name="GC Util currently" value="190" />
  <attribute name="CPU Util currently" value="4526519550143" />
<exclusive-end id="172" timestamp="2019-06-14T19:14:36.091" durationms="9.023" />

<exclusive-start id="173" timestamp="2019-06-14T19:14:36.188" intervalms="106.388">
  <response-info timems="0.027" idlems="0.027" threads="0" lastid="0000000001B61700" lastname="main" />
</exclusive-start>
<allocation-taxation id="174" taxation-threshold="6291456" timestamp="2019-06-14T19:14:36.188" intervalms="106.443" />
<cycle-start id="175" type="partial gc" contextid="0" timestamp="2019-06-14T19:14:36.188" intervalms="106.486" />
<gc-start id="176" type="partial gc" contextid="175" timestamp="2019-06-14T19:14:36.189">
  <mem-info id="177" free="0" total="15728640" percent="0">
    <mem type="eden" free="0" total="6291456" percent="0" />
    <remembered-set count="9088" freebytes="591488" totalbytes="627840" percent="94" regionsoverflowed="0" regionsstable="0" regionsrebuilding="0"/>
  </mem-info>
</gc-start>
<allocation-stats totalBytes="6288848" >
  <allocated-bytes non-tlh="301536" tlh="5987312" arrayletleaf="0"/>
  <largest-consumer threadName="main" threadId="0000000001B61700" bytes="6288848" />
</allocation-stats>
<gc-op id="178" type="mark" timems="2.608" contextid="175" timestamp="2019-06-14T19:14:36.192">
  <trace-info objectcount="16366" scancount="14527" scanbytes="608832" />
  <cardclean-info objects="2756" bytes="148976" />
  <remembered-set-cleared processed="7552" cleared="2206" durationms="0.159" />
  <references type="soft" candidates="73" cleared="0" enqueued="0" dynamicThreshold="12" maxThreshold="32" />
  <references type="weak" candidates="377" cleared="5" enqueued="5" />
  <references type="phantom" candidates="1" cleared="0" enqueued="0" />
  <stringconstants candidates="7792" cleared="0"  />
  <warning details="Mark invoked due to insufficient free space for Copy-Forward" />
</gc-op>
<gc-op id="179" type="classunload" timems="0.003" contextid="175" timestamp="2019-06-14T19:14:36.192">
  <classunload-info classloadercandidates="12" classloadersunloaded="0" classesunloaded="0" anonymousclassesunloaded="0" quiescems="0.000" setupms="0.002" scanms="0.000" postms="0.000" />
</gc-op>
<gc-op id="180" type="sweep" timems="0.665" contextid="175" timestamp="2019-06-14T19:14:36.193" />
<gc-op id="181" type="compact" timems="2.125" contextid="175" timestamp="2019-06-14T19:14:36.195">
  <compact-info movecount="14317" movebytes="964920" />
  <remembered-set-cleared processed="18819" cleared="8090" durationms="0.159" />
</gc-op>
<heap-resize id="182" type="expand" space="default" amount="1048576" count="1" timems="0.064" reason="insufficient free space following gc" timestamp="2019-06-14T19:14:36.195" />
<gc-end id="183" type="partial gc" contextid="175" durationms="6.948" usertimems="12.000" systemtimems="0.000" timestamp="2019-06-14T19:14:36.196" activeThreads="4">
  <mem-info id="184" free="6291456" total="16777216" percent="37">
    <mem type="eden" free="312552" total="1048576" percent="29" />
    <pending-finalizers system="0" default="0" reference="5" classloader="0" />
    <remembered-set count="10016" freebytes="629632" totalbytes="669696" percent="94" regionsoverflowed="0" regionsstable="0" regionsrebuilding="0"/>
  </mem-info>
</gc-end>
<cycle-end id="185" type="partial gc" contextid="175" timestamp="2019-06-14T19:14:36.196" />
  <attribute name="elasticGC enabled" value="1" />
  <attribute name= "numThreadsSpecified" value="4" />
  <attribute name="heapSize specified" value="0" />
  <attribute name="Current GC Util" value="124" />
  <attribute name= "Current Time Running" value="6548" />
  <attribute name ="GC Interval" value="0" />
  <attribute name="ProportionalT" value="52.000000" />
  <attribute name="ProportionalI" value="52.000000" />
  <attribute name="ProportionalH" value="52.000000" />
  <attribute name="Current Error" value="104.000000" />
  <attribute name="IntegralT" value="0.000000" />
  <attribute name="IntegralI" value="0.000000" />
  <attribute name="IntegralH" value="0.000000" />
  <attribute name="DerivativeT" value="-inf" />
  <attribute name="DerivativeI" value="-inf" />
  <attribute name="DerivativeH" value="-inf" />
  <attribute name="Loop Time for DT" value="0.000000" />
  <attribute name="Output H" value="2091843584"/>
  <attribute name="Output I" value="200"/>
  <attribute name="Output T" value="4"/>
  <attribute name="Target GC Util Change" value ="20.000000" />
  <attribute name="Current GC Util Change" value="124.000000"/>
  <attribute name="GC Util currently" value="124" />
  <attribute name="CPU Util currently" value="5382792583861" />
<exclusive-end id="186" timestamp="2019-06-14T19:14:36.196" durationms="7.813" />

<exclusive-start id="187" timestamp="2019-06-14T19:14:36.253" intervalms="64.830">
  <response-info timems="0.073" idlems="0.073" threads="0" lastid="0000000001B61700" lastname="main" />
</exclusive-start>
<allocation-taxation id="188" taxation-threshold="6291456" timestamp="2019-06-14T19:14:36.253" intervalms="64.853" />
<cycle-start id="189" type="partial gc" contextid="0" timestamp="2019-06-14T19:14:36.253" intervalms="64.852" />
<gc-start id="190" type="partial gc" contextid="189" timestamp="2019-06-14T19:14:36.253">
  <mem-info id="191" free="0" total="16777216" percent="0">
    <mem type="eden" free="0" total="6291456" percent="0" />
    <remembered-set count="10016" freebytes="629632" totalbytes="669696" percent="94" regionsoverflowed="0" regionsstable="0" regionsrebuilding="0"/>
  </mem-info>
</gc-start>
<allocation-stats totalBytes="6290624" >
  <allocated-bytes non-tlh="10024" tlh="6280600" arrayletleaf="0"/>
  <largest-consumer threadName="main" threadId="0000000001B61700" bytes="6290624" />
</allocation-stats>
<gc-op id="192" type="mark" timems="2.421" contextid="189" timestamp="2019-06-14T19:14:36.256">
  <trace-info objectcount="17305" scancount="15480" scanbytes="659440" />
  <cardclean-info objects="951" bytes="61912" />
  <remembered-set-cleared processed="8523" cleared="1240" durationms="0.145" />
  <references type="soft" candidates="73" cleared="0" enqueued="0" dynamicThreshold="12" maxThreshold="32" />
  <references type="weak" candidates="136" cleared="0" enqueued="0" />
  <references type="phantom" candidates="1" cleared="0" enqueued="0" />
  <stringconstants candidates="7846" cleared="0"  />
  <warning details="Mark invoked due to insufficient free space for Copy-Forward" />
</gc-op>
<gc-op id="193" type="classunload" timems="0.003" contextid="189" timestamp="2019-06-14T19:14:36.257">
  <classunload-info classloadercandidates="12" classloadersunloaded="0" classesunloaded="0" anonymousclassesunloaded="0" quiescems="0.000" setupms="0.003" scanms="0.000" postms="0.000" />
</gc-op>
<gc-op id="194" type="sweep" timems="0.817" contextid="189" timestamp="2019-06-14T19:14:36.258" />
<gc-op id="195" type="compact" timems="3.666" contextid="189" timestamp="2019-06-14T19:14:36.261">
  <compact-info movecount="17299" movebytes="1096856" />
  <remembered-set-cleared processed="20888" cleared="6301" durationms="0.145" />
</gc-op>
<heap-resize id="196" type="expand" space="default" amount="2097152" count="1" timems="0.073" reason="insufficient free space following gc" timestamp="2019-06-14T19:14:36.262" />
<gc-end id="197" type="partial gc" contextid="189" durationms="8.424" usertimems="12.000" systemtimems="0.000" timestamp="2019-06-14T19:14:36.262" activeThreads="4">
  <mem-info id="198" free="7340032" total="18874368" percent="38">
    <mem type="eden" free="676472" total="1048576" percent="64" />
    <remembered-set count="13088" freebytes="701056" totalbytes="753408" percent="93" regionsoverflowed="0" regionsstable="0" regionsrebuilding="0"/>
  </mem-info>
</gc-end>
<cycle-end id="199" type="partial gc" contextid="189" timestamp="2019-06-14T19:14:36.262" />
  <attribute name="elasticGC enabled" value="1" />
  <attribute name= "numThreadsSpecified" value="4" />
  <attribute name="heapSize specified" value="0" />
  <attribute name="Current GC Util" value="184" />
  <attribute name= "Current Time Running" value="6613" />
  <attribute name ="GC Interval" value="0" />
  <attribute name="ProportionalT" value="82.000000" />
  <attribute name="ProportionalI" value="82.000000" />
  <attribute name="ProportionalH" value="82.000000" />
  <attribute name="Current Error" value="164.000000" />
  <attribute name="IntegralT" value="164.000000" />
  <attribute name="IntegralI" value="164.000000" />
  <attribute name="IntegralH" value="164.000000" />
  <attribute name="DerivativeT" value="82.000000" />
  <attribute name="DerivativeI" value="82.000000" />
  <attribute name="DerivativeH" value="82.000000" />
  <attribute name="Loop Time for DT" value="1.000000" />
  <attribute name="Output H" value="8388608"/>
  <attribute name="Output I" value="328"/>
  <attribute name="Output T" value="4"/>
  <attribute name="Target GC Util Change" value ="20.000000" />
  <attribute name="Current GC Util Change" value="184.000000"/>
  <attribute name="GC Util currently" value="184" />
  <attribute name="CPU Util currently" value="4448454428037" />
<exclusive-end id="200" timestamp="2019-06-14T19:14:36.262" durationms="9.265" />

<exclusive-start id="201" timestamp="2019-06-14T19:14:36.361" intervalms="108.604">
  <response-info timems="0.055" idlems="0.055" threads="0" lastid="0000000001B61700" lastname="main" />
</exclusive-start>
<allocation-taxation id="202" taxation-threshold="7340032" timestamp="2019-06-14T19:14:36.362" intervalms="108.569" />
<cycle-start id="203" type="partial gc" contextid="0" timestamp="2019-06-14T19:14:36.362" intervalms="108.550" />
<gc-start id="204" type="partial gc" contextid="203" timestamp="2019-06-14T19:14:36.362">
  <mem-info id="205" free="0" total="18874368" percent="0">
    <mem type="eden" free="44232" total="7340032" percent="0" />
    <remembered-set count="13056" freebytes="701184" totalbytes="753408" percent="93" regionsoverflowed="0" regionsstable="0" regionsrebuilding="0"/>
  </mem-info>
</gc-start>
<allocation-stats totalBytes="7283920" >
  <allocated-bytes non-tlh="258880" tlh="7025040" arrayletleaf="0"/>
  <largest-consumer threadName="main" threadId="0000000001B61700" bytes="7283920" />
</allocation-stats>
<gc-op id="206" type="mark" timems="2.684" contextid="203" timestamp="2019-06-14T19:14:36.365">
  <trace-info objectcount="18977" scancount="16944" scanbytes="644832" />
  <cardclean-info objects="2992" bytes="176604" />
  <remembered-set-cleared processed="10704" cleared="2327" durationms="0.164" />
  <references type="soft" candidates="224" cleared="0" enqueued="0" dynamicThreshold="12" maxThreshold="32" />
  <references type="weak" candidates="486" cleared="8" enqueued="7" />
  <references type="phantom" candidates="1" cleared="0" enqueued="0" />
  <stringconstants candidates="8295" cleared="0"  />
  <warning details="Mark invoked due to insufficient free space for Copy-Forward" />
</gc-op>
<gc-op id="207" type="classunload" timems="0.003" contextid="203" timestamp="2019-06-14T19:14:36.365">
  <classunload-info classloadercandidates="14" classloadersunloaded="0" classesunloaded="0" anonymousclassesunloaded="0" quiescems="0.000" setupms="0.002" scanms="0.000" postms="0.000" />
</gc-op>
<gc-op id="208" type="sweep" timems="0.803" contextid="203" timestamp="2019-06-14T19:14:36.367" />
<gc-op id="209" type="compact" timems="3.283" contextid="203" timestamp="2019-06-14T19:14:36.370">
  <compact-info movecount="18822" movebytes="1072216" />
  <remembered-set-cleared processed="26974" cleared="10194" durationms="0.164" />
</gc-op>
<heap-resize id="210" type="expand" space="default" amount="3145728" count="1" timems="0.077" reason="insufficient free space following gc" timestamp="2019-06-14T19:14:36.370" />
<gc-end id="211" type="partial gc" contextid="203" durationms="8.456" usertimems="12.000" systemtimems="0.000" timestamp="2019-06-14T19:14:36.370" activeThreads="4">
  <mem-info id="212" free="9437184" total="22020096" percent="42">
    <mem type="eden" free="334672" total="1048576" percent="31" />
    <pending-finalizers system="0" default="0" reference="7" classloader="0" />
    <remembered-set count="15200" freebytes="818176" totalbytes="878976" percent="93" regionsoverflowed="0" regionsstable="0" regionsrebuilding="0"/>
  </mem-info>
</gc-end>
<cycle-end id="213" type="partial gc" contextid="203" timestamp="2019-06-14T19:14:36.371" />
  <attribute name="elasticGC enabled" value="1" />
  <attribute name= "numThreadsSpecified" value="4" />
  <attribute name="heapSize specified" value="0" />
  <attribute name="Current GC Util" value="185" />
  <attribute name= "Current Time Running" value="6722" />
  <attribute name ="GC Interval" value="0" />
  <attribute name="ProportionalT" value="82.500000" />
  <attribute name="ProportionalI" value="82.500000" />
  <attribute name="ProportionalH" value="82.500000" />
  <attribute name="Current Error" value="165.000000" />
  <attribute name="IntegralT" value="165.000000" />
  <attribute name="IntegralI" value="165.000000" />
  <attribute name="IntegralH" value="165.000000" />
  <attribute name="DerivativeT" value="82.500000" />
  <attribute name="DerivativeI" value="82.500000" />
  <attribute name="DerivativeH" value="82.500000" />
  <attribute name="Loop Time for DT" value="1.000000" />
  <attribute name="Output H" value="8388608"/>
  <attribute name="Output I" value="336"/>
  <attribute name="Output T" value="4"/>
  <attribute name="Target GC Util Change" value ="20.000000" />
  <attribute name="Current GC Util Change" value="185.000000"/>
  <attribute name="GC Util currently" value="185" />
  <attribute name="CPU Util currently" value="4563680657641" />
<exclusive-end id="214" timestamp="2019-06-14T19:14:36.371" durationms="9.231" />

<exclusive-start id="215" timestamp="2019-06-14T19:14:36.424" intervalms="62.426">
  <response-info timems="0.053" idlems="0.053" threads="0" lastid="0000000001B61700" lastname="main" />
</exclusive-start>
<allocation-taxation id="216" taxation-threshold="9437184" timestamp="2019-06-14T19:14:36.424" intervalms="62.432" />
<cycle-start id="217" type="partial gc" contextid="0" timestamp="2019-06-14T19:14:36.424" intervalms="62.468" />
<gc-start id="218" type="partial gc" contextid="217" timestamp="2019-06-14T19:14:36.425">
  <mem-info id="219" free="0" total="22020096" percent="0">
    <mem type="eden" free="0" total="9437184" percent="0" />
    <remembered-set count="14752" freebytes="819968" totalbytes="878976" percent="93" regionsoverflowed="0" regionsstable="0" regionsrebuilding="0"/>
  </mem-info>
</gc-start>
<allocation-stats totalBytes="9434896" >
  <allocated-bytes non-tlh="278632" tlh="9156264" arrayletleaf="0"/>
  <largest-consumer threadName="main" threadId="0000000001B61700" bytes="9434896" />
</allocation-stats>
<gc-op id="220" type="mark" timems="2.424" contextid="217" timestamp="2019-06-14T19:14:36.428">
  <trace-info objectcount="12607" scancount="11348" scanbytes="411932" />
  <cardclean-info objects="1413" bytes="90024" />
  <remembered-set-cleared processed="12847" cleared="2586" durationms="0.204" />
  <references type="soft" candidates="225" cleared="0" enqueued="0" dynamicThreshold="13" maxThreshold="32" />
  <references type="weak" candidates="454" cleared="0" enqueued="0" />
  <references type="phantom" candidates="1" cleared="0" enqueued="0" />
  <stringconstants candidates="8408" cleared="0"  />
  <warning details="Mark invoked due to insufficient free space for Copy-Forward" />
</gc-op>
<gc-op id="221" type="classunload" timems="0.003" contextid="217" timestamp="2019-06-14T19:14:36.428">
  <classunload-info classloadercandidates="15" classloadersunloaded="0" classesunloaded="0" anonymousclassesunloaded="0" quiescems="0.000" setupms="0.003" scanms="0.000" postms="0.000" />
</gc-op>
<gc-op id="222" type="sweep" timems="0.783" contextid="217" timestamp="2019-06-14T19:14:36.429" />
<gc-op id="223" type="compact" timems="2.886" contextid="217" timestamp="2019-06-14T19:14:36.432">
  <compact-info movecount="7952" movebytes="596896" />
  <remembered-set-cleared processed="28643" cleared="8113" durationms="0.204" />
</gc-op>
<gc-end id="224" type="partial gc" contextid="217" durationms="7.565" usertimems="12.000" systemtimems="0.000" timestamp="2019-06-14T19:14:36.432" activeThreads="4">
  <mem-info id="225" free="8388608" total="22020096" percent="38">
    <mem type="eden" free="711064" total="1048576" percent="67" />
    <remembered-set count="14592" freebytes="820608" totalbytes="878976" percent="93" regionsoverflowed="0" regionsstable="0" regionsrebuilding="0"/>
  </mem-info>
</gc-end>
<cycle-end id="226" type="partial gc" contextid="217" timestamp="2019-06-14T19:14:36.432" />
  <attribute name="elasticGC enabled" value="1" />
  <attribute name= "numThreadsSpecified" value="4" />
  <attribute name="heapSize specified" value="0" />
  <attribute name="Current GC Util" value="159" />
  <attribute name= "Current Time Running" value="6784" />
  <attribute name ="GC Interval" value="0" />
  <attribute name="ProportionalT" value="69.500000" />
  <attribute name="ProportionalI" value="69.500000" />
  <attribute name="ProportionalH" value="69.500000" />
  <attribute name="Current Error" value="139.000000" />
  <attribute name="IntegralT" value="139.000000" />
  <attribute name="IntegralI" value="139.000000" />
  <attribute name="IntegralH" value="139.000000" />
  <attribute name="DerivativeT" value="-23.500000" />
  <attribute name="DerivativeI" value="-23.500000" />
  <attribute name="DerivativeH" value="-23.500000" />
  <attribute name="Loop Time for DT" value="1.000000" />
  <attribute name="Output H" value="8388608"/>
  <attribute name="Output I" value="200"/>
  <attribute name="Output T" value="4"/>
  <attribute name="Target GC Util Change" value ="20.000000" />
  <attribute name="Current GC Util Change" value="159.000000"/>
  <attribute name="GC Util currently" value="159" />
  <attribute name="CPU Util currently" value="4730317650359" />
<exclusive-end id="227" timestamp="2019-06-14T19:14:36.433" durationms="8.712" />

<exclusive-start id="228" timestamp="2019-06-14T19:14:36.498" intervalms="73.858">
  <response-info timems="0.018" idlems="0.018" threads="0" lastid="0000000001B61700" lastname="main" />
</exclusive-start>
<sys-start reason="explicit" id="229" timestamp="2019-06-14T19:14:36.498" intervalms="6966.610" />
<cycle-start id="230" type="global garbage collect" contextid="0" timestamp="2019-06-14T19:14:36.498" intervalms="6966.777" />
<gc-start id="231" type="global garbage collect" contextid="230" timestamp="2019-06-14T19:14:36.498">
  <mem-info id="232" free="5856760" total="22020096" percent="26">
    <mem type="eden" free="613880" total="3145728" percent="19" />
    <remembered-set count="14592" freebytes="820608" totalbytes="878976" percent="93" regionsoverflowed="0" regionsstable="0" regionsrebuilding="0"/>
  </mem-info>
</gc-start>
<allocation-stats totalBytes="2530648" >
  <allocated-bytes non-tlh="221736" tlh="2308912" arrayletleaf="0"/>
  <largest-consumer threadName="main" threadId="0000000001B61700" bytes="2530648" />
</allocation-stats>
<gc-op id="233" type="global mark" timems="3.723" contextid="230" timestamp="2019-06-14T19:14:36.502">
  <trace-info objectcount="74584" scancount="60847" scanbytes="2101804" />
  <finalization candidates="80" enqueued="0" />
  <ownableSynchronizers candidates="22" cleared="0" />
  <references type="soft" candidates="1640" cleared="0" enqueued="0" dynamicThreshold="12" maxThreshold="32" />
  <references type="weak" candidates="4529" cleared="32" enqueued="30" />
  <references type="phantom" candidates="102" cleared="2" enqueued="2" />
  <stringconstants candidates="8680" cleared="15"  />
</gc-op>
<gc-op id="234" type="classunload" timems="0.323" contextid="230" timestamp="2019-06-14T19:14:36.503">
  <classunload-info classloadercandidates="17" classloadersunloaded="1" classesunloaded="1" anonymousclassesunloaded="0" quiescems="0.000" setupms="0.312" scanms="0.007" postms="0.004" />
</gc-op>
<gc-op id="235" type="sweep" timems="0.385" contextid="230" timestamp="2019-06-14T19:14:36.503" />
<gc-op id="236" type="compact" timems="6.993" contextid="230" timestamp="2019-06-14T19:14:36.511">
  <compact-info movecount="74050" movebytes="4221536" />
  <remembered-set-cleared processed="24661" cleared="24661" durationms="0.124" />
</gc-op>
<gc-end id="237" type="global garbage collect" contextid="230" durationms="12.588" usertimems="32.000" systemtimems="0.000" timestamp="2019-06-14T19:14:36.511" activeThreads="4">
  <mem-info id="238" free="8388608" total="22020096" percent="38">
    <pending-finalizers system="0" default="0" reference="32" classloader="0" />
    <remembered-set count="11264" freebytes="833920" totalbytes="878976" percent="94" regionsoverflowed="0" regionsstable="0" regionsrebuilding="0"/>
  </mem-info>
</gc-end>
<cycle-end id="239" type="global garbage collect" contextid="230" timestamp="2019-06-14T19:14:36.511" />
  <attribute name="elasticGC enabled" value="1" />
  <attribute name= "numThreadsSpecified" value="4" />
  <attribute name="heapSize specified" value="0" />
  <attribute name="Current GC Util" value="43" />
  <attribute name= "Current Time Running" value="6859" />
  <attribute name ="GC Interval" value="0" />
  <attribute name="ProportionalT" value="11.500000" />
  <attribute name="ProportionalI" value="11.500000" />
  <attribute name="ProportionalH" value="11.500000" />
  <attribute name="Current Error" value="23.000000" />
  <attribute name="IntegralT" value="23.000000" />
  <attribute name="IntegralI" value="23.000000" />
  <attribute name="IntegralH" value="23.000000" />
  <attribute name="DerivativeT" value="-79.000000" />
  <attribute name="DerivativeI" value="-79.000000" />
  <attribute name="DerivativeH" value="-79.000000" />
  <attribute name="Loop Time for DT" value="1.000000" />
  <attribute name="Output H" value="2091843584"/>
  <attribute name="Output I" value="200"/>
  <attribute name="Output T" value="4"/>
  <attribute name="Target GC Util Change" value ="20.000000" />
  <attribute name="Current GC Util Change" value="43.000000"/>
  <attribute name="GC Util currently" value="43" />
  <attribute name="CPU Util currently" value="7731773707132" />
<sys-end id="240" timestamp="2019-06-14T19:14:36.511" />
<exclusive-end id="241" timestamp="2019-06-14T19:14:36.511" durationms="13.539" />

<exclusive-start id="242" timestamp="2019-06-14T19:14:36.695" intervalms="196.929">
  <response-info timems="0.079" idlems="0.079" threads="0" lastid="0000000001B61700" lastname="main" />
</exclusive-start>
<allocation-taxation id="243" taxation-threshold="8388608" timestamp="2019-06-14T19:14:36.695" intervalms="270.848" />
<cycle-start id="244" type="partial gc" contextid="0" timestamp="2019-06-14T19:14:36.695" intervalms="270.891" />
<gc-start id="245" type="partial gc" contextid="244" timestamp="2019-06-14T19:14:36.695">
  <mem-info id="246" free="0" total="22020096" percent="0">
    <mem type="eden" free="0" total="8388608" percent="0" />
    <remembered-set count="10784" freebytes="835840" totalbytes="878976" percent="95" regionsoverflowed="0" regionsstable="0" regionsrebuilding="0"/>
  </mem-info>
</gc-start>
<allocation-stats totalBytes="8387408" >
  <allocated-bytes non-tlh="463952" tlh="7923456" arrayletleaf="0"/>
  <largest-consumer threadName="main" threadId="0000000001B61700" bytes="8379160" />
</allocation-stats>
<gc-op id="247" type="mark" timems="2.343" contextid="244" timestamp="2019-06-14T19:14:36.699">
  <trace-info objectcount="599" scancount="552" scanbytes="52812" />
  <cardclean-info objects="657" bytes="37168" />
  <remembered-set-cleared processed="8861" cleared="145" durationms="0.195" />
  <references type="soft" candidates="34" cleared="0" enqueued="0" dynamicThreshold="12" maxThreshold="32" />
  <references type="weak" candidates="22" cleared="11" enqueued="11" />
  <references type="phantom" candidates="5" cleared="2" enqueued="2" />
  <stringconstants candidates="8698" cleared="12"  />
  <warning details="Mark invoked due to insufficient free space for Copy-Forward" />
</gc-op>
<gc-op id="248" type="classunload" timems="0.003" contextid="244" timestamp="2019-06-14T19:14:36.699">
  <classunload-info classloadercandidates="17" classloadersunloaded="0" classesunloaded="0" anonymousclassesunloaded="0" quiescems="0.000" setupms="0.003" scanms="0.000" postms="0.000" />
</gc-op>
<gc-op id="249" type="sweep" timems="1.145" contextid="244" timestamp="2019-06-14T19:14:36.700" />
<gc-op id="250" type="compact" timems="2.199" contextid="244" timestamp="2019-06-14T19:14:36.702">
  <compact-info movecount="599" movebytes="333624" />
  <remembered-set-cleared processed="18032" cleared="571" durationms="0.195" />
</gc-op>
<heap-resize id="251" type="expand" space="default" amount="1048576" count="1" timems="0.056" reason="insufficient free space following gc" timestamp="2019-06-14T19:14:36.703" />
<gc-end id="252" type="partial gc" contextid="244" durationms="7.549" usertimems="12.000" systemtimems="0.000" timestamp="2019-06-14T19:14:36.703" activeThreads="4">
  <mem-info id="253" free="8388608" total="23068672" percent="36">
    <mem type="eden" free="714952" total="1048576" percent="68" />
    <pending-finalizers system="0" default="0" reference="13" classloader="0" />
    <remembered-set count="11360" freebytes="875392" totalbytes="920832" percent="95" regionsoverflowed="0" regionsstable="0" regionsrebuilding="0"/>
  </mem-info>
</gc-end>
<cycle-end id="254" type="partial gc" contextid="244" timestamp="2019-06-14T19:14:36.703" />
  <attribute name="elasticGC enabled" value="1" />
  <attribute name= "numThreadsSpecified" value="4" />
  <attribute name="heapSize specified" value="0" />
  <attribute name="Current GC Util" value="157" />
  <attribute name= "Current Time Running" value="7056" />
  <attribute name ="GC Interval" value="0" />
  <attribute name="ProportionalT" value="68.500000" />
  <attribute name="ProportionalI" value="68.500000" />
  <attribute name="ProportionalH" value="68.500000" />
  <attribute name="Current Error" value="137.000000" />
  <attribute name="IntegralT" value="274.000000" />
  <attribute name="IntegralI" value="274.000000" />
  <attribute name="IntegralH" value="274.000000" />
  <attribute name="DerivativeT" value="-7.000000" />
  <attribute name="DerivativeI" value="-7.000000" />
  <attribute name="DerivativeH" value="-7.000000" />
  <attribute name="Loop Time for DT" value="2.000000" />
  <attribute name="Output H" value="8388608"/>
  <attribute name="Output I" value="336"/>
  <attribute name="Output T" value="4"/>
  <attribute name="Target GC Util Change" value ="20.000000" />
  <attribute name="Current GC Util Change" value="157.000000"/>
  <attribute name="GC Util currently" value="157" />
  <attribute name="CPU Util currently" value="3337598020222" />
<exclusive-end id="255" timestamp="2019-06-14T19:14:36.703" durationms="8.723" />

<exclusive-start id="256" timestamp="2019-06-14T19:14:36.826" intervalms="130.985">
  <response-info timems="0.068" idlems="0.068" threads="0" lastid="0000000001B61700" lastname="main" />
</exclusive-start>
<allocation-taxation id="257" taxation-threshold="8388608" timestamp="2019-06-14T19:14:36.826" intervalms="131.020" />
<cycle-start id="258" type="partial gc" contextid="0" timestamp="2019-06-14T19:14:36.826" intervalms="131.007" />
<gc-start id="259" type="partial gc" contextid="258" timestamp="2019-06-14T19:14:36.826">
  <mem-info id="260" free="0" total="23068672" percent="0">
    <mem type="eden" free="714952" total="9437184" percent="7" />
    <remembered-set count="11360" freebytes="875392" totalbytes="920832" percent="95" regionsoverflowed="0" regionsstable="0" regionsrebuilding="0"/>
  </mem-info>
</gc-start>
<allocation-stats totalBytes="8388088" >
  <allocated-bytes non-tlh="0" tlh="8388088" arrayletleaf="0"/>
  <largest-consumer threadName="main" threadId="0000000001B61700" bytes="8383992" />
</allocation-stats>
<gc-op id="261" type="mark" timems="1.818" contextid="258" timestamp="2019-06-14T19:14:36.829">
  <trace-info objectcount="568" scancount="525" scanbytes="52068" />
  <cardclean-info objects="195" bytes="22560" />
  <remembered-set-cleared processed="9028" cleared="230" durationms="0.191" />
  <references type="soft" candidates="34" cleared="0" enqueued="0" dynamicThreshold="11" maxThreshold="32" />
  <references type="weak" candidates="10" cleared="0" enqueued="0" />
  <references type="phantom" candidates="3" cleared="0" enqueued="0" />
  <stringconstants candidates="8686" cleared="0"  />
  <warning details="Mark invoked due to insufficient free space for Copy-Forward" />
</gc-op>
<gc-op id="262" type="classunload" timems="0.002" contextid="258" timestamp="2019-06-14T19:14:36.829">
  <classunload-info classloadercandidates="17" classloadersunloaded="0" classesunloaded="0" anonymousclassesunloaded="0" quiescems="0.000" setupms="0.002" scanms="0.000" postms="0.000" />
</gc-op>
<gc-op id="263" type="sweep" timems="0.771" contextid="258" timestamp="2019-06-14T19:14:36.830" />
<gc-op id="264" type="compact" timems="1.433" contextid="258" timestamp="2019-06-14T19:14:36.832">
  <compact-info movecount="568" movebytes="332656" />
  <remembered-set-cleared processed="18219" cleared="608" durationms="0.191" />
</gc-op>
<heap-resize id="265" type="expand" space="default" amount="1048576" count="1" timems="0.056" reason="insufficient free space following gc" timestamp="2019-06-14T19:14:36.832" />
<gc-end id="266" type="partial gc" contextid="258" durationms="5.752" usertimems="8.000" systemtimems="0.000" timestamp="2019-06-14T19:14:36.832" activeThreads="4">
  <mem-info id="267" free="8388608" total="24117248" percent="34">
    <mem type="eden" free="1764496" total="2097152" percent="84" />
    <remembered-set count="11904" freebytes="915072" totalbytes="962688" percent="95" regionsoverflowed="0" regionsstable="0" regionsrebuilding="0"/>
  </mem-info>
</gc-end>
<cycle-end id="268" type="partial gc" contextid="258" timestamp="2019-06-14T19:14:36.832" />
  <attribute name="elasticGC enabled" value="1" />
  <attribute name= "numThreadsSpecified" value="4" />
  <attribute name="heapSize specified" value="0" />
  <attribute name="Current GC Util" value="107" />
  <attribute name= "Current Time Running" value="7186" />
  <attribute name ="GC Interval" value="0" />
  <attribute name="ProportionalT" value="43.500000" />
  <attribute name="ProportionalI" value="43.500000" />
  <attribute name="ProportionalH" value="43.500000" />
  <attribute name="Current Error" value="87.000000" />
  <attribute name="IntegralT" value="87.000000" />
  <attribute name="IntegralI" value="87.000000" />
  <attribute name="IntegralH" value="87.000000" />
  <attribute name="DerivativeT" value="-29.500000" />
  <attribute name="DerivativeI" value="-29.500000" />
  <attribute name="DerivativeH" value="-29.500000" />
  <attribute name="Loop Time for DT" value="1.000000" />
  <attribute name="Output H" value="8388608"/>
  <attribute name="Output I" value="200"/>
  <attribute name="Output T" value="4"/>
  <attribute name="Target GC Util Change" value ="20.000000" />
  <attribute name="Current GC Util Change" value="107.000000"/>
  <attribute name="GC Util currently" value="107" />
  <attribute name="CPU Util currently" value="4698605516153" />
<exclusive-end id="269" timestamp="2019-06-14T19:14:36.832" durationms="6.786" />

<exclusive-start id="270" timestamp="2019-06-14T19:14:36.868" intervalms="42.259">
  <response-info timems="0.088" idlems="0.088" threads="0" lastid="0000000001B61700" lastname="main" />
</exclusive-start>
<allocation-taxation id="271" taxation-threshold="8388608" timestamp="2019-06-14T19:14:36.868" intervalms="42.175" />
<cycle-start id="272" type="partial gc" contextid="0" timestamp="2019-06-14T19:14:36.868" intervalms="42.199" />
<gc-start id="273" type="partial gc" contextid="272" timestamp="2019-06-14T19:14:36.868">
  <mem-info id="274" free="0" total="24117248" percent="0">
    <mem type="eden" free="1015616" total="9437184" percent="10" />
    <remembered-set count="11424" freebytes="916992" totalbytes="962688" percent="95" regionsoverflowed="0" regionsstable="0" regionsrebuilding="0"/>
  </mem-info>
</gc-start>
<allocation-stats totalBytes="8358832" >
  <allocated-bytes non-tlh="0" tlh="8358832" arrayletleaf="0"/>
  <largest-consumer threadName="main" threadId="0000000001B61700" bytes="8358832" />
</allocation-stats>
<gc-op id="275" type="mark" timems="1.890" contextid="272" timestamp="2019-06-14T19:14:36.871">
  <trace-info objectcount="14" scancount="14" scanbytes="33056" />
  <cardclean-info objects="14" bytes="544" />
  <remembered-set-cleared processed="9122" cleared="9" durationms="0.176" />
  <stringconstants candidates="8686" cleared="0"  />
  <warning details="Mark invoked due to insufficient free space for Copy-Forward" />
</gc-op>
<gc-op id="276" type="classunload" timems="0.002" contextid="272" timestamp="2019-06-14T19:14:36.871">
  <classunload-info classloadercandidates="17" classloadersunloaded="0" classesunloaded="0" anonymousclassesunloaded="0" quiescems="0.000" setupms="0.002" scanms="0.000" postms="0.000" />
</gc-op>
<gc-op id="277" type="sweep" timems="0.629" contextid="272" timestamp="2019-06-14T19:14:36.872" />
<gc-op id="278" type="compact" timems="1.493" contextid="272" timestamp="2019-06-14T19:14:36.874">
  <compact-info movecount="14" movebytes="33072" />
  <remembered-set-cleared processed="18246" cleared="20" durationms="0.176" />
</gc-op>
<heap-resize id="279" type="expand" space="default" amount="2097152" count="1" timems="0.058" reason="insufficient free space following gc" timestamp="2019-06-14T19:14:36.874" />
<gc-end id="280" type="partial gc" contextid="272" durationms="5.757" usertimems="8.000" systemtimems="0.000" timestamp="2019-06-14T19:14:36.874" activeThreads="4">
  <mem-info id="281" free="10485760" total="26214400" percent="40">
    <mem type="eden" free="1015504" total="1048576" percent="96" />
    <remembered-set count="10784" freebytes="1003264" totalbytes="1046400" percent="95" regionsoverflowed="0" regionsstable="0" regionsrebuilding="0"/>
  </mem-info>
</gc-end>
<cycle-end id="282" type="partial gc" contextid="272" timestamp="2019-06-14T19:14:36.874" />
  <attribute name="elasticGC enabled" value="1" />
  <attribute name= "numThreadsSpecified" value="4" />
  <attribute name="heapSize specified" value="0" />
  <attribute name="Current GC Util" value="122" />
  <attribute name= "Current Time Running" value="7228" />
  <attribute name ="GC Interval" value="0" />
  <attribute name="ProportionalT" value="51.000000" />
  <attribute name="ProportionalI" value="51.000000" />
  <attribute name="ProportionalH" value="51.000000" />
  <attribute name="Current Error" value="102.000000" />
  <attribute name="IntegralT" value="102.000000" />
  <attribute name="IntegralI" value="102.000000" />
  <attribute name="IntegralH" value="102.000000" />
  <attribute name="DerivativeT" value="-29.500000" />
  <attribute name="DerivativeI" value="-29.500000" />
  <attribute name="DerivativeH" value="-29.500000" />
  <attribute name="Loop Time for DT" value="1.000000" />
  <attribute name="Output H" value="8388608"/>
  <attribute name="Output I" value="200"/>
  <attribute name="Output T" value="4"/>
  <attribute name="Target GC Util Change" value ="20.000000" />
  <attribute name="Current GC Util Change" value="122.000000"/>
  <attribute name="GC Util currently" value="122" />
  <attribute name="CPU Util currently" value="5311423577383" />
<exclusive-end id="283" timestamp="2019-06-14T19:14:36.875" durationms="6.716" />

<exclusive-start id="284" timestamp="2019-06-14T19:14:36.943" intervalms="75.287">
  <response-info timems="0.036" idlems="0.036" threads="0" lastid="0000000001B61700" lastname="main" />
</exclusive-start>
<allocation-taxation id="285" taxation-threshold="10485760" timestamp="2019-06-14T19:14:36.943" intervalms="75.214" />
<cycle-start id="286" type="partial gc" contextid="0" timestamp="2019-06-14T19:14:36.943" intervalms="75.055" />
<gc-start id="287" type="partial gc" contextid="286" timestamp="2019-06-14T19:14:36.944">
  <mem-info id="288" free="0" total="26214400" percent="0">
    <mem type="eden" free="1015504" total="11534336" percent="8" />
    <remembered-set count="10784" freebytes="1003264" totalbytes="1046400" percent="95" regionsoverflowed="0" regionsstable="0" regionsrebuilding="0"/>
  </mem-info>
</gc-start>
<allocation-stats totalBytes="10477488" >
  <allocated-bytes non-tlh="68048" tlh="10409440" arrayletleaf="0"/>
  <largest-consumer threadName="main" threadId="0000000001B61700" bytes="10477488" />
</allocation-stats>
<gc-op id="289" type="mark" timems="2.324" contextid="286" timestamp="2019-06-14T19:14:36.947">
  <trace-info objectcount="2183" scancount="1602" scanbytes="78568" />
  <cardclean-info objects="339" bytes="16904" />
  <remembered-set-cleared processed="9177" cleared="147" durationms="0.202" />
  <references type="soft" candidates="3" cleared="0" enqueued="0" dynamicThreshold="12" maxThreshold="32" />
  <references type="weak" candidates="27" cleared="17" enqueued="17" />
  <references type="phantom" candidates="4" cleared="2" enqueued="2" />
  <stringconstants candidates="9087" cleared="0"  />
  <warning details="Mark invoked due to insufficient free space for Copy-Forward" />
</gc-op>
<gc-op id="290" type="classunload" timems="0.003" contextid="286" timestamp="2019-06-14T19:14:36.947">
  <classunload-info classloadercandidates="17" classloadersunloaded="0" classesunloaded="0" anonymousclassesunloaded="0" quiescems="0.000" setupms="0.003" scanms="0.000" postms="0.000" />
</gc-op>
<gc-op id="291" type="sweep" timems="0.690" contextid="286" timestamp="2019-06-14T19:14:36.947" />
<gc-op id="292" type="compact" timems="1.541" contextid="286" timestamp="2019-06-14T19:14:36.949">
  <compact-info movecount="2183" movebytes="113384" />
  <remembered-set-cleared processed="18490" cleared="399" durationms="0.202" />
</gc-op>
<gc-end id="293" type="partial gc" contextid="286" durationms="5.965" usertimems="12.000" systemtimems="0.000" timestamp="2019-06-14T19:14:36.949" activeThreads="4">
  <mem-info id="294" free="10485760" total="26214400" percent="40">
    <mem type="eden" free="935192" total="1048576" percent="89" />
    <pending-finalizers system="0" default="0" reference="19" classloader="0" />
    <remembered-set count="11488" freebytes="1000448" totalbytes="1046400" percent="95" regionsoverflowed="0" regionsstable="0" regionsrebuilding="0"/>
  </mem-info>
</gc-end>
<cycle-end id="295" type="partial gc" contextid="286" timestamp="2019-06-14T19:14:36.950" />
  <attribute name="elasticGC enabled" value="1" />
  <attribute name= "numThreadsSpecified" value="4" />
  <attribute name="heapSize specified" value="0" />
  <attribute name="Current GC Util" value="115" />
  <attribute name= "Current Time Running" value="7303" />
  <attribute name ="GC Interval" value="0" />
  <attribute name="ProportionalT" value="47.500000" />
  <attribute name="ProportionalI" value="47.500000" />
  <attribute name="ProportionalH" value="47.500000" />
  <attribute name="Current Error" value="95.000000" />
  <attribute name="IntegralT" value="95.000000" />
  <attribute name="IntegralI" value="95.000000" />
  <attribute name="IntegralH" value="95.000000" />
  <attribute name="DerivativeT" value="-17.000000" />
  <attribute name="DerivativeI" value="-17.000000" />
  <attribute name="DerivativeH" value="-17.000000" />
  <attribute name="Loop Time for DT" value="1.000000" />
  <attribute name="Output H" value="8388608"/>
  <attribute name="Output I" value="200"/>
  <attribute name="Output T" value="4"/>
  <attribute name="Target GC Util Change" value ="20.000000" />
  <attribute name="Current GC Util Change" value="115.000000"/>
  <attribute name="GC Util currently" value="115" />
  <attribute name="CPU Util currently" value="4934347959627" />
<exclusive-end id="296" timestamp="2019-06-14T19:14:36.950" durationms="6.718" />

</verbosegc>

