<?xml version="1.0" ?>

<verbosegc xmlns="http://www.ibm.com/j9/verbosegc" version="6fe7bac_CMPRSS">

<initialized id="1" timestamp="2019-08-03T02:17:35.717">
  <attribute name="gcPolicy" value="-Xgcpolicy:gencon" />
  <attribute name="elasticGC enabled" value="1" />
  <attribute name= "numThreadsSpecified" value="0" />
  <attribute name="heapSize specified" value="0" />
  <attribute name= "numCores" value="0" />
  <attribute name ="GC Interval" value="0" />
  <attribute name="GC Util Range Max" value="0" />
  <attribute name="Current GC Util" value="0" />
  <attribute name= "Current Time Running" value="0" />
  <attribute name="maxHeapSize" value="0x7cba0000" />
  <attribute name="initialHeapSize" value="0x800000" />
  <attribute name="compressedRefs" value="true" />
  <attribute name="compressedRefsDisplacement" value="0x0" />
  <attribute name="compressedRefsShift" value="0x0" />
  <attribute name="pageSize" value="0x1000" />
  <attribute name="pageType" value="not used" />
  <attribute name="requestedPageSize" value="0x1000" />
  <attribute name="requestedPageType" value="not used" />
  <attribute name="gcthreads" value="8" />
  <attribute name="gcthreads Concurrent Mark" value="1" />
  <attribute name="packetListSplit" value="8" />
  <attribute name="cacheListSplit" value="8" />
  <attribute name="splitFreeListSplitAmount" value="1" />
  <attribute name="numaNodes" value="0" />
  <system>
    <attribute name="physicalMemory" value="8370401280" />
    <attribute name="numCPUs" value="8" />
    <attribute name="architecture" value="amd64" />
    <attribute name="os" value="Linux" />
    <attribute name="osVersion" value="4.4.0-154-generic" />
  </system>
  <vmargs>
    <vmarg name="-Xoptionsfile=/vagrant/jdk/lib/options.default" />
    <vmarg name="-Xlockword:mode=default,noLockword=java/lang/String,noLockword=java/util/MapEntry,noLockword=java/util/HashMap$Entry,noLockword..." />
    <vmarg name="-Xjcl:jclse29" />
    <vmarg name="-Dcom.ibm.oti.vm.bootstrap.library.path=/vagrant/jdk/lib/compressedrefs:/vagrant/jdk/lib" />
    <vmarg name="-Dsun.boot.library.path=/vagrant/jdk/lib/compressedrefs:/vagrant/jdk/lib" />
    <vmarg name="-Djava.library.path=/vagrant/jdk/lib/compressedrefs:/vagrant/jdk/lib:/usr/lib64:/usr/lib" />
    <vmarg name="-Djava.home=/vagrant/jdk" />
    <vmarg name="-Duser.dir=/vagrant" />
    <vmarg name="-Xgcelastic" />
    <vmarg name="-Xcheck:gc:::elasticGC" />
    <vmarg name="-verbose:gc" />
    <vmarg name="-Xloggc:jdkR-small-GEN-8core-verbose7xalan.txt" />
    <vmarg name="-Djava.class.path=dacapo-9.12-MR1-bach.jar" />
    <vmarg name="-Dsun.java.command=dacapo-9.12-MR1-bach.jar xalan --size=small" />
    <vmarg name="-Dsun.java.launcher=SUN_STANDARD" />
    <vmarg name="-Dsun.java.launcher.pid=9656" />
  </vmargs>
</initialized>

<exclusive-start id="2" timestamp="2019-08-03T02:17:35.908" intervalms="190.785">
  <response-info timems="0.056" idlems="0.056" threads="0" lastid="0000000002512A00" lastname="main" />
</exclusive-start>
<af-start id="3" threadId="0000000002513388" totalBytesRequested="7184" timestamp="2019-08-03T02:17:35.908" intervalms="191.247" type="nursery" />
<cycle-start id="4" type="scavenge" contextid="0" timestamp="2019-08-03T02:17:35.909" intervalms="191.519" />
<gc-start id="5" type="scavenge" contextid="4" timestamp="2019-08-03T02:17:35.909">
  <mem-info id="6" free="6062624" total="8388608" percent="72">
    <mem type="nursery" free="0" total="2097152" percent="0">
      <mem type="allocate" free="0" total="1048576" percent="0" />
      <mem type="survivor" free="0" total="1048576" percent="0" />
    </mem>
    <mem type="tenure" free="6062624" total="6291456" percent="96">
      <mem type="soa" free="5748256" total="5977088" percent="96" />
      <mem type="loa" free="314368" total="314368" percent="100" />
    </mem>
    <remembered-set count="3161" />
  </mem-info>
</gc-start>
<allocation-stats totalBytes="1272192" >
  <allocated-bytes non-tlh="344784" tlh="927408" />
  <largest-consumer threadName="main" threadId="0000000002512A00" bytes="1179288" />
</allocation-stats>
<gc-op id="7" type="scavenge" timems="2.312" contextid="4" timestamp="2019-08-03T02:17:35.911">
  <scavenger-info tenureage="2" tenuremask="fffc" tiltratio="50" />
  <memory-copied type="nursery" objects="10594" bytes="471040" bytesdiscarded="111448" />
  <finalization candidates="11" enqueued="0" />
  <references type="soft" candidates="62" cleared="0" enqueued="0" dynamicThreshold="32" maxThreshold="32" />
  <references type="weak" candidates="307" cleared="176" enqueued="140" />
  <references type="phantom" candidates="22" cleared="5" enqueued="5" />
</gc-op>
<gc-end id="8" type="scavenge" contextid="4" durationms="2.735" usertimems="0.000" systemtimems="4.000" timestamp="2019-08-03T02:17:35.912" activeThreads="8">
  <mem-info id="9" free="6526592" total="8388608" percent="77">
    <mem type="nursery" free="463968" total="2097152" percent="22">
      <mem type="allocate" free="463968" total="1048576" percent="44" />
      <mem type="survivor" free="0" total="1048576" percent="0" />
    </mem>
    <mem type="tenure" free="6062624" total="6291456" percent="96">
      <mem type="soa" free="5748256" total="5977088" percent="96" />
      <mem type="loa" free="314368" total="314368" percent="100" />
    </mem>
    <pending-finalizers system="0" default="0" reference="145" classloader="0" />
    <remembered-set count="3161" />
  </mem-info>
</gc-end>
<cycle-end id="10" type="scavenge" contextid="4" timestamp="2019-08-03T02:17:35.912" />
  <attribute name="elasticGC enabled" value="1" />
  <attribute name= "numThreadsSpecified" value="0" />
  <attribute name="heapSize specified" value="0" />
  <attribute name= "numCores" value="8" />
  <attribute name ="GC Interval" value="0" />
  <attribute name ="Control flow" value="1" />
  <attribute name="GC Util Range Max" value="10" />
  <attribute name="Current GC Util" value="0" />
  <attribute name= "Current Time Running" value="0" />
<allocation-satisfied id="11" threadId="0000000002512A00" bytesRequested="7184" />
<af-end id="12" timestamp="2019-08-03T02:17:35.912" threadId="0000000002513388" success="true" from="nursery"/>
<exclusive-end id="13" timestamp="2019-08-03T02:17:35.912" durationms="4.236" />

<exclusive-start id="14" timestamp="2019-08-03T02:17:35.935" intervalms="27.593">
  <response-info timems="0.034" idlems="0.034" threads="0" lastid="0000000002512A00" lastname="main" />
</exclusive-start>
<af-start id="15" threadId="0000000002513388" totalBytesRequested="3080" timestamp="2019-08-03T02:17:35.935" intervalms="27.208" type="nursery" />
<cycle-start id="16" type="scavenge" contextid="0" timestamp="2019-08-03T02:17:35.936" intervalms="27.000" />
<gc-start id="17" type="scavenge" contextid="16" timestamp="2019-08-03T02:17:35.936">
  <mem-info id="18" free="6054888" total="8388608" percent="72">
    <mem type="nursery" free="0" total="2097152" percent="0">
      <mem type="allocate" free="0" total="1048576" percent="0" />
      <mem type="survivor" free="0" total="1048576" percent="0" />
    </mem>
    <mem type="tenure" free="6054888" total="6291456" percent="96">
      <mem type="soa" free="5740520" total="5977088" percent="96" />
      <mem type="loa" free="314368" total="314368" percent="100" />
    </mem>
    <remembered-set count="3262" />
  </mem-info>
</gc-start>
<allocation-stats totalBytes="470016" >
  <allocated-bytes non-tlh="14920" tlh="455096" />
  <largest-consumer threadName="main" threadId="0000000002512A00" bytes="458040" />
</allocation-stats>
<gc-op id="19" type="scavenge" timems="0.895" contextid="16" timestamp="2019-08-03T02:17:35.937">
  <scavenger-info tenureage="5" tenuremask="7fe0" tiltratio="50" />
  <memory-copied type="nursery" objects="10929" bytes="504272" bytesdiscarded="91352" />
  <finalization candidates="11" enqueued="0" />
  <references type="soft" candidates="62" cleared="0" enqueued="0" dynamicThreshold="32" maxThreshold="32" />
  <references type="weak" candidates="243" cleared="97" enqueued="94" />
  <references type="phantom" candidates="40" cleared="13" enqueued="13" />
</gc-op>
<gc-end id="20" type="scavenge" contextid="16" durationms="1.083" usertimems="0.000" systemtimems="0.000" timestamp="2019-08-03T02:17:35.937" activeThreads="8">
  <mem-info id="21" free="6506336" total="8388608" percent="77">
    <mem type="nursery" free="451448" total="2097152" percent="21">
      <mem type="allocate" free="451448" total="1048576" percent="43" />
      <mem type="survivor" free="0" total="1048576" percent="0" />
    </mem>
    <mem type="tenure" free="6054888" total="6291456" percent="96">
      <mem type="soa" free="5740520" total="5977088" percent="96" />
      <mem type="loa" free="314368" total="314368" percent="100" />
    </mem>
    <pending-finalizers system="0" default="0" reference="107" classloader="0" />
    <remembered-set count="3262" />
  </mem-info>
</gc-end>
<cycle-end id="22" type="scavenge" contextid="16" timestamp="2019-08-03T02:17:35.937" />
  <attribute name="elasticGC enabled" value="1" />
  <attribute name= "numThreadsSpecified" value="0" />
  <attribute name="heapSize specified" value="0" />
  <attribute name= "numCores" value="8" />
  <attribute name ="GC Interval" value="0" />
  <attribute name ="Control flow" value="1" />
  <attribute name="GC Util Range Max" value="16" />
  <attribute name="Current GC Util" value="16" />
  <attribute name= "Current Time Running" value="26" />
<allocation-satisfied id="23" threadId="0000000002512A00" bytesRequested="3080" />
<af-end id="24" timestamp="2019-08-03T02:17:35.937" threadId="0000000002513388" success="true" from="nursery"/>
<exclusive-end id="25" timestamp="2019-08-03T02:17:35.937" durationms="1.541" />

<exclusive-start id="26" timestamp="2019-08-03T02:17:35.949" intervalms="13.257">
  <response-info timems="0.074" idlems="0.074" threads="0" lastid="0000000002512A00" lastname="main" />
</exclusive-start>
<af-start id="27" threadId="0000000002513388" totalBytesRequested="15368" timestamp="2019-08-03T02:17:35.949" intervalms="13.311" type="nursery" />
<cycle-start id="28" type="scavenge" contextid="0" timestamp="2019-08-03T02:17:35.949" intervalms="13.368" />
<gc-start id="29" type="scavenge" contextid="28" timestamp="2019-08-03T02:17:35.949">
  <mem-info id="30" free="6052200" total="8388608" percent="72">
    <mem type="nursery" free="0" total="2097152" percent="0">
      <mem type="allocate" free="0" total="1048576" percent="0" />
      <mem type="survivor" free="0" total="1048576" percent="0" />
    </mem>
    <mem type="tenure" free="6052200" total="6291456" percent="96">
      <mem type="soa" free="5737832" total="5977088" percent="95" />
      <mem type="loa" free="314368" total="314368" percent="100" />
    </mem>
    <remembered-set count="3295" />
  </mem-info>
</gc-start>
<allocation-stats totalBytes="434792" >
  <allocated-bytes non-tlh="5768" tlh="429024" />
  <largest-consumer threadName="main" threadId="0000000002512A00" bytes="426600" />
</allocation-stats>
<gc-op id="31" type="scavenge" timems="0.991" contextid="28" timestamp="2019-08-03T02:17:35.950">
  <scavenger-info tenureage="4" tenuremask="7ff0" tiltratio="50" />
  <memory-copied type="nursery" objects="10964" bytes="568744" bytesdiscarded="113240" />
  <finalization candidates="11" enqueued="0" />
  <references type="soft" candidates="62" cleared="0" enqueued="0" dynamicThreshold="32" maxThreshold="32" />
  <references type="weak" candidates="224" cleared="76" enqueued="76" />
  <references type="phantom" candidates="39" cleared="10" enqueued="10" />
</gc-op>
<gc-end id="32" type="scavenge" contextid="28" durationms="1.231" usertimems="4.000" systemtimems="0.000" timestamp="2019-08-03T02:17:35.950" activeThreads="8">
  <mem-info id="33" free="6417296" total="8388608" percent="76">
    <mem type="nursery" free="365096" total="2097152" percent="17">
      <mem type="allocate" free="365096" total="1048576" percent="34" />
      <mem type="survivor" free="0" total="1048576" percent="0" />
    </mem>
    <mem type="tenure" free="6052200" total="6291456" percent="96">
      <mem type="soa" free="5737832" total="5977088" percent="95" />
      <mem type="loa" free="314368" total="314368" percent="100" />
    </mem>
    <pending-finalizers system="0" default="0" reference="86" classloader="0" />
    <remembered-set count="1025" />
  </mem-info>
</gc-end>
<cycle-end id="34" type="scavenge" contextid="28" timestamp="2019-08-03T02:17:35.950" />
  <attribute name="elasticGC enabled" value="1" />
  <attribute name= "numThreadsSpecified" value="0" />
  <attribute name="heapSize specified" value="0" />
  <attribute name= "numCores" value="8" />
  <attribute name ="GC Interval" value="0" />
  <attribute name ="Control flow" value="1" />
  <attribute name="GC Util Range Max" value="16" />
  <attribute name="Current GC Util" value="12" />
  <attribute name= "Current Time Running" value="40" />
<allocation-satisfied id="35" threadId="0000000002512A00" bytesRequested="15368" />
<af-end id="36" timestamp="2019-08-03T02:17:35.950" threadId="0000000002513388" success="true" from="nursery"/>
<exclusive-end id="37" timestamp="2019-08-03T02:17:35.950" durationms="1.875" />

<exclusive-start id="38" timestamp="2019-08-03T02:17:36.110" intervalms="161.446">
  <response-info timems="0.034" idlems="0.034" threads="0" lastid="0000000002512A00" lastname="main" />
</exclusive-start>
<af-start id="39" threadId="0000000002513388" totalBytesRequested="32" timestamp="2019-08-03T02:17:36.110" intervalms="161.405" type="nursery" />
<cycle-start id="40" type="scavenge" contextid="0" timestamp="2019-08-03T02:17:36.110" intervalms="161.350" />
<gc-start id="41" type="scavenge" contextid="40" timestamp="2019-08-03T02:17:36.110">
  <mem-info id="42" free="6047800" total="8388608" percent="72">
    <mem type="nursery" free="0" total="2097152" percent="0">
      <mem type="allocate" free="0" total="1048576" percent="0" />
      <mem type="survivor" free="0" total="1048576" percent="0" />
    </mem>
    <mem type="tenure" free="6047800" total="6291456" percent="96">
      <mem type="soa" free="5733432" total="5977088" percent="95" />
      <mem type="loa" free="314368" total="314368" percent="100" />
    </mem>
    <remembered-set count="1099" />
  </mem-info>
</gc-start>
<allocation-stats totalBytes="369280" >
  <allocated-bytes non-tlh="19768" tlh="349512" />
  <largest-consumer threadName="main" threadId="0000000002512A00" bytes="369280" />
</allocation-stats>
<gc-op id="43" type="scavenge" timems="1.436" contextid="40" timestamp="2019-08-03T02:17:36.112">
  <scavenger-info tenureage="3" tenuremask="7ff8" tiltratio="50" />
  <memory-copied type="nursery" objects="729" bytes="118800" bytesdiscarded="61112" />
  <memory-copied type="tenure" objects="10315" bytes="461968" bytesdiscarded="288" />
  <finalization candidates="13" enqueued="0" />
  <references type="soft" candidates="1" cleared="0" enqueued="0" dynamicThreshold="32" maxThreshold="32" />
  <references type="weak" candidates="70" cleared="54" enqueued="54" />
  <references type="phantom" candidates="24" cleared="11" enqueued="11" />
</gc-op>
<gc-end id="44" type="scavenge" contextid="40" durationms="1.626" usertimems="0.000" systemtimems="0.000" timestamp="2019-08-03T02:17:36.112" activeThreads="1">
  <mem-info id="45" free="6404768" total="8388608" percent="76">
    <mem type="nursery" free="868600" total="2097152" percent="41">
      <mem type="allocate" free="868600" total="1048576" percent="82" />
      <mem type="survivor" free="0" total="1048576" percent="0" />
    </mem>
    <mem type="tenure" free="5536168" total="6291456" percent="87">
      <mem type="soa" free="5221800" total="5977088" percent="87" />
      <mem type="loa" free="314368" total="314368" percent="100" />
    </mem>
    <pending-finalizers system="0" default="0" reference="65" classloader="0" />
    <remembered-set count="220" />
  </mem-info>
</gc-end>
<cycle-end id="46" type="scavenge" contextid="40" timestamp="2019-08-03T02:17:36.112" />
  <attribute name="elasticGC enabled" value="1" />
  <attribute name= "numThreadsSpecified" value="1" />
  <attribute name="heapSize specified" value="0" />
  <attribute name= "numCores" value="8" />
  <attribute name ="GC Interval" value="0" />
  <attribute name ="Control flow" value="1" />
  <attribute name="GC Util Range Max" value="16" />
  <attribute name="Current GC Util" value="1" />
  <attribute name= "Current Time Running" value="201" />
<allocation-satisfied id="47" threadId="0000000002512A00" bytesRequested="32" />
<af-end id="48" timestamp="2019-08-03T02:17:36.112" threadId="0000000002513388" success="true" from="nursery"/>
<exclusive-end id="49" timestamp="2019-08-03T02:17:36.112" durationms="2.084" />

<exclusive-start id="50" timestamp="2019-08-03T02:17:36.175" intervalms="65.389">
  <response-info timems="0.084" idlems="0.084" threads="0" lastid="0000000002512A00" lastname="main" />
</exclusive-start>
<af-start id="51" threadId="0000000002513388" totalBytesRequested="8200" timestamp="2019-08-03T02:17:36.176" intervalms="65.460" type="nursery" />
<cycle-start id="52" type="scavenge" contextid="0" timestamp="2019-08-03T02:17:36.176" intervalms="65.532" />
<gc-start id="53" type="scavenge" contextid="52" timestamp="2019-08-03T02:17:36.176">
  <mem-info id="54" free="5534560" total="8388608" percent="65">
    <mem type="nursery" free="0" total="2097152" percent="0">
      <mem type="allocate" free="0" total="1048576" percent="0" />
      <mem type="survivor" free="0" total="1048576" percent="0" />
    </mem>
    <mem type="tenure" free="5534560" total="6291456" percent="87">
      <mem type="soa" free="5220192" total="5977088" percent="87" />
      <mem type="loa" free="314368" total="314368" percent="100" />
    </mem>
    <remembered-set count="248" />
  </mem-info>
</gc-start>
<allocation-stats totalBytes="853064" >
  <allocated-bytes non-tlh="327896" tlh="525168" />
  <largest-consumer threadName="main" threadId="0000000002512A00" bytes="853064" />
</allocation-stats>
<gc-op id="55" type="scavenge" timems="0.442" contextid="52" timestamp="2019-08-03T02:17:36.177">
  <scavenger-info tenureage="3" tenuremask="fff8" tiltratio="50" />
  <memory-copied type="nursery" objects="1118" bytes="585992" bytesdiscarded="54456" />
  <memory-copied type="tenure" objects="309" bytes="15424" bytesdiscarded="0" />
  <finalization candidates="3" enqueued="1" />
  <references type="soft" candidates="5" cleared="0" enqueued="0" dynamicThreshold="32" maxThreshold="32" />
  <references type="weak" candidates="10" cleared="8" enqueued="8" />
  <references type="phantom" candidates="31" cleared="3" enqueued="3" />
</gc-op>
<gc-end id="56" type="scavenge" contextid="52" durationms="0.776" usertimems="0.000" systemtimems="0.000" timestamp="2019-08-03T02:17:36.177" activeThreads="2">
  <mem-info id="57" free="5918792" total="8388608" percent="70">
    <mem type="nursery" free="408040" total="2097152" percent="19">
      <mem type="allocate" free="408040" total="1048576" percent="38" />
      <mem type="survivor" free="0" total="1048576" percent="0" />
    </mem>
    <mem type="tenure" free="5510752" total="6291456" percent="87">
      <mem type="soa" free="5196384" total="5977088" percent="86" />
      <mem type="loa" free="314368" total="314368" percent="100" />
    </mem>
    <pending-finalizers system="1" default="0" reference="11" classloader="0" />
    <remembered-set count="195" />
  </mem-info>
</gc-end>
<cycle-end id="58" type="scavenge" contextid="52" timestamp="2019-08-03T02:17:36.177" />
  <attribute name="elasticGC enabled" value="1" />
  <attribute name= "numThreadsSpecified" value="2" />
  <attribute name="heapSize specified" value="0" />
  <attribute name= "numCores" value="8" />
  <attribute name ="GC Interval" value="0" />
  <attribute name ="Control flow" value="1" />
  <attribute name="GC Util Range Max" value="16" />
  <attribute name="Current GC Util" value="2" />
  <attribute name= "Current Time Running" value="267" />
<allocation-satisfied id="59" threadId="0000000002512A00" bytesRequested="8200" />
<af-end id="60" timestamp="2019-08-03T02:17:36.177" threadId="0000000002513388" success="true" from="nursery"/>
<exclusive-end id="61" timestamp="2019-08-03T02:17:36.177" durationms="1.481" />

<exclusive-start id="62" timestamp="2019-08-03T02:17:36.198" intervalms="22.488">
  <response-info timems="0.066" idlems="0.066" threads="0" lastid="0000000002512A00" lastname="main" />
</exclusive-start>
<af-start id="63" threadId="0000000002513388" totalBytesRequested="18440" timestamp="2019-08-03T02:17:36.198" intervalms="22.458" type="nursery" />
<cycle-start id="64" type="scavenge" contextid="0" timestamp="2019-08-03T02:17:36.198" intervalms="22.440" />
<gc-start id="65" type="scavenge" contextid="64" timestamp="2019-08-03T02:17:36.198">
  <mem-info id="66" free="5502832" total="8388608" percent="65">
    <mem type="nursery" free="0" total="2097152" percent="0">
      <mem type="allocate" free="0" total="1048576" percent="0" />
      <mem type="survivor" free="0" total="1048576" percent="0" />
    </mem>
    <mem type="tenure" free="5502832" total="6291456" percent="87">
      <mem type="soa" free="5188464" total="5977088" percent="86" />
      <mem type="loa" free="314368" total="314368" percent="100" />
    </mem>
    <remembered-set count="289" />
  </mem-info>
</gc-start>
<allocation-stats totalBytes="412672" >
  <allocated-bytes non-tlh="16120" tlh="396552" />
  <largest-consumer threadName="main" threadId="0000000002512A00" bytes="408576" />
</allocation-stats>
<gc-op id="67" type="scavenge" timems="0.379" contextid="64" timestamp="2019-08-03T02:17:36.199">
  <scavenger-info tenureage="2" tenuremask="7ffc" tiltratio="50" />
  <memory-copied type="nursery" objects="1444" bytes="531192" bytesdiscarded="61408" />
  <memory-copied type="tenure" objects="225" bytes="58112" bytesdiscarded="0" />
  <finalization candidates="2" enqueued="0" />
  <references type="soft" candidates="10" cleared="0" enqueued="0" dynamicThreshold="32" maxThreshold="32" />
  <references type="weak" candidates="32" cleared="32" enqueued="32" />
  <references type="phantom" candidates="27" cleared="1" enqueued="1" />
</gc-op>
<gc-end id="68" type="scavenge" contextid="64" durationms="0.679" usertimems="0.000" systemtimems="0.000" timestamp="2019-08-03T02:17:36.199" activeThreads="3">
  <mem-info id="69" free="5942368" total="8388608" percent="70">
    <mem type="nursery" free="455928" total="2097152" percent="21">
      <mem type="allocate" free="455928" total="1048576" percent="43" />
      <mem type="survivor" free="0" total="1048576" percent="0" />
    </mem>
    <mem type="tenure" free="5486440" total="6291456" percent="87">
      <mem type="soa" free="5172072" total="5977088" percent="86" />
      <mem type="loa" free="314368" total="314368" percent="100" />
    </mem>
    <pending-finalizers system="0" default="0" reference="33" classloader="0" />
    <remembered-set count="202" />
  </mem-info>
</gc-end>
<cycle-end id="70" type="scavenge" contextid="64" timestamp="2019-08-03T02:17:36.199" />
  <attribute name="elasticGC enabled" value="1" />
  <attribute name= "numThreadsSpecified" value="3" />
  <attribute name="heapSize specified" value="0" />
  <attribute name= "numCores" value="8" />
  <attribute name ="GC Interval" value="1900" />
  <attribute name ="Control flow" value="2" />
  <attribute name="GC Util Range Max" value="16" />
  <attribute name="Current GC Util" value="3" />
  <attribute name= "Current Time Running" value="289" />
<allocation-satisfied id="71" threadId="0000000002512A00" bytesRequested="18440" />
<af-end id="72" timestamp="2019-08-03T02:17:36.199" threadId="0000000002513388" success="true" from="nursery"/>
<exclusive-end id="73" timestamp="2019-08-03T02:17:36.199" durationms="1.323" />

<exclusive-start id="74" timestamp="2019-08-03T02:17:36.217" intervalms="19.506">
  <response-info timems="0.081" idlems="0.081" threads="0" lastid="0000000002512A00" lastname="main" />
</exclusive-start>
<af-start id="75" threadId="0000000002513388" totalBytesRequested="2808" timestamp="2019-08-03T02:17:36.218" intervalms="19.520" type="nursery" />
<cycle-start id="76" type="scavenge" contextid="0" timestamp="2019-08-03T02:17:36.218" intervalms="19.515" />
<gc-start id="77" type="scavenge" contextid="76" timestamp="2019-08-03T02:17:36.218">
  <mem-info id="78" free="5479216" total="8388608" percent="65">
    <mem type="nursery" free="0" total="2097152" percent="0">
      <mem type="allocate" free="0" total="1048576" percent="0" />
      <mem type="survivor" free="0" total="1048576" percent="0" />
    </mem>
    <mem type="tenure" free="5479216" total="6291456" percent="87">
      <mem type="soa" free="5164848" total="5977088" percent="86" />
      <mem type="loa" free="314368" total="314368" percent="100" />
    </mem>
    <remembered-set count="283" />
  </mem-info>
</gc-start>
<allocation-stats totalBytes="461480" >
  <allocated-bytes non-tlh="25664" tlh="435816" />
  <largest-consumer threadName="main" threadId="0000000002512A00" bytes="457384" />
</allocation-stats>
<gc-op id="79" type="scavenge" timems="0.475" contextid="76" timestamp="2019-08-03T02:17:36.218">
  <scavenger-info tenureage="1" tenuremask="fffe" tiltratio="50" />
  <memory-copied type="nursery" objects="160" bytes="13760" bytesdiscarded="74040" />
  <memory-copied type="tenure" objects="1297" bytes="521712" bytesdiscarded="160" />
  <references type="weak" candidates="9" cleared="8" enqueued="8" />
  <references type="phantom" candidates="1" cleared="0" enqueued="0" />
</gc-op>
<gc-end id="80" type="scavenge" contextid="76" durationms="0.725" usertimems="0.000" systemtimems="0.000" timestamp="2019-08-03T02:17:36.219" activeThreads="8">
  <mem-info id="81" free="5868800" total="8388608" percent="69">
    <mem type="nursery" free="960760" total="2097152" percent="45">
      <mem type="allocate" free="960760" total="1048576" percent="91" />
      <mem type="survivor" free="0" total="1048576" percent="0" />
    </mem>
    <mem type="tenure" free="4908040" total="6291456" percent="78">
      <mem type="soa" free="4593672" total="5977088" percent="76" />
      <mem type="loa" free="314368" total="314368" percent="100" />
    </mem>
    <pending-finalizers system="0" default="0" reference="8" classloader="0" />
    <remembered-set count="257" />
  </mem-info>
</gc-end>
<cycle-end id="82" type="scavenge" contextid="76" timestamp="2019-08-03T02:17:36.219" />
  <attribute name="elasticGC enabled" value="1" />
  <attribute name= "numThreadsSpecified" value="3" />
  <attribute name="heapSize specified" value="0" />
  <attribute name= "numCores" value="8" />
  <attribute name ="GC Interval" value="1800" />
  <attribute name ="Control flow" value="3" />
  <attribute name="GC Util Range Max" value="16" />
  <attribute name="Current GC Util" value="3" />
  <attribute name= "Current Time Running" value="308" />
<allocation-satisfied id="83" threadId="0000000002512A00" bytesRequested="2808" />
<af-end id="84" timestamp="2019-08-03T02:17:36.219" threadId="0000000002513388" success="true" from="nursery"/>
<exclusive-end id="85" timestamp="2019-08-03T02:17:36.219" durationms="1.303" />

<exclusive-start id="86" timestamp="2019-08-03T02:17:36.253" intervalms="35.651">
  <response-info timems="0.063" idlems="0.063" threads="0" lastid="0000000002512A00" lastname="main" />
</exclusive-start>
<af-start id="87" threadId="0000000002513388" totalBytesRequested="3096" timestamp="2019-08-03T02:17:36.253" intervalms="35.633" type="nursery" />
<cycle-start id="88" type="scavenge" contextid="0" timestamp="2019-08-03T02:17:36.253" intervalms="35.634" />
<gc-start id="89" type="scavenge" contextid="88" timestamp="2019-08-03T02:17:36.253">
  <mem-info id="90" free="4890256" total="8388608" percent="58">
    <mem type="nursery" free="0" total="2097152" percent="0">
      <mem type="allocate" free="0" total="1048576" percent="0" />
      <mem type="survivor" free="0" total="1048576" percent="0" />
    </mem>
    <mem type="tenure" free="4890256" total="6291456" percent="77">
      <mem type="soa" free="4575888" total="5977088" percent="76" />
      <mem type="loa" free="314368" total="314368" percent="100" />
    </mem>
    <remembered-set count="487" />
  </mem-info>
</gc-start>
<allocation-stats totalBytes="951200" >
  <allocated-bytes non-tlh="20592" tlh="930608" />
  <largest-consumer threadName="main" threadId="0000000002512A00" bytes="951200" />
</allocation-stats>
<gc-op id="91" type="scavenge" timems="0.240" contextid="88" timestamp="2019-08-03T02:17:36.254">
  <scavenger-info tenureage="2" tenuremask="fffc" tiltratio="50" />
  <memory-copied type="nursery" objects="356" bytes="12024" bytesdiscarded="35592" />
  <references type="weak" candidates="5" cleared="5" enqueued="5" />
</gc-op>
<gc-end id="92" type="scavenge" contextid="88" durationms="0.508" usertimems="0.000" systemtimems="0.000" timestamp="2019-08-03T02:17:36.254" activeThreads="8">
  <mem-info id="93" free="6022288" total="8388608" percent="71">
    <mem type="nursery" free="1132032" total="2097152" percent="53">
      <mem type="allocate" free="1132032" total="1179648" percent="95" />
      <mem type="survivor" free="0" total="917504" percent="0" />
    </mem>
    <mem type="tenure" free="4890256" total="6291456" percent="77">
      <mem type="soa" free="4575888" total="5977088" percent="76" />
      <mem type="loa" free="314368" total="314368" percent="100" />
    </mem>
    <pending-finalizers system="0" default="0" reference="5" classloader="0" />
    <remembered-set count="389" />
  </mem-info>
</gc-end>
<cycle-end id="94" type="scavenge" contextid="88" timestamp="2019-08-03T02:17:36.254" />
  <attribute name="elasticGC enabled" value="1" />
  <attribute name= "numThreadsSpecified" value="3" />
  <attribute name="heapSize specified" value="0" />
  <attribute name= "numCores" value="8" />
  <attribute name ="GC Interval" value="1800" />
  <attribute name ="Control flow" value="3" />
  <attribute name="GC Util Range Max" value="16" />
  <attribute name="Current GC Util" value="2" />
  <attribute name= "Current Time Running" value="344" />
<allocation-satisfied id="95" threadId="0000000002512A00" bytesRequested="3096" />
<af-end id="96" timestamp="2019-08-03T02:17:36.254" threadId="0000000002513388" success="true" from="nursery"/>
<exclusive-end id="97" timestamp="2019-08-03T02:17:36.254" durationms="1.112" />

<exclusive-start id="98" timestamp="2019-08-03T02:17:36.291" intervalms="37.568">
  <response-info timems="0.074" idlems="0.074" threads="0" lastid="0000000002512A00" lastname="main" />
</exclusive-start>
<af-start id="99" threadId="0000000002513388" totalBytesRequested="168" timestamp="2019-08-03T02:17:36.291" intervalms="37.568" type="nursery" />
<cycle-start id="100" type="scavenge" contextid="0" timestamp="2019-08-03T02:17:36.291" intervalms="37.566" />
<gc-start id="101" type="scavenge" contextid="100" timestamp="2019-08-03T02:17:36.291">
  <mem-info id="102" free="4875792" total="8388608" percent="58">
    <mem type="nursery" free="0" total="2097152" percent="0">
      <mem type="allocate" free="0" total="1179648" percent="0" />
      <mem type="survivor" free="0" total="917504" percent="0" />
    </mem>
    <mem type="tenure" free="4875792" total="6291456" percent="77">
      <mem type="soa" free="4561424" total="5977088" percent="76" />
      <mem type="loa" free="314368" total="314368" percent="100" />
    </mem>
    <remembered-set count="574" />
  </mem-info>
</gc-start>
<allocation-stats totalBytes="1144648" >
  <allocated-bytes non-tlh="17560" tlh="1127088" />
  <largest-consumer threadName="main" threadId="0000000002512A00" bytes="1144648" />
</allocation-stats>
<gc-op id="103" type="scavenge" timems="0.244" contextid="100" timestamp="2019-08-03T02:17:36.291">
  <scavenger-info tenureage="3" tenuremask="fff8" tiltratio="56" />
  <memory-copied type="nursery" objects="668" bytes="25328" bytesdiscarded="22280" />
  <references type="weak" candidates="6" cleared="6" enqueued="6" />
</gc-op>
<gc-end id="104" type="scavenge" contextid="100" durationms="0.527" usertimems="0.000" systemtimems="0.000" timestamp="2019-08-03T02:17:36.292" activeThreads="8">
  <mem-info id="105" free="6204432" total="8388608" percent="73">
    <mem type="nursery" free="1328640" total="2097152" percent="63">
      <mem type="allocate" free="1328640" total="1376256" percent="96" />
      <mem type="survivor" free="0" total="720896" percent="0" />
    </mem>
    <mem type="tenure" free="4875792" total="6291456" percent="77">
      <mem type="soa" free="4561424" total="5977088" percent="76" />
      <mem type="loa" free="314368" total="314368" percent="100" />
    </mem>
    <pending-finalizers system="0" default="0" reference="6" classloader="0" />
    <remembered-set count="517" />
  </mem-info>
</gc-end>
<cycle-end id="106" type="scavenge" contextid="100" timestamp="2019-08-03T02:17:36.292" />
  <attribute name="elasticGC enabled" value="1" />
  <attribute name= "numThreadsSpecified" value="3" />
  <attribute name="heapSize specified" value="0" />
  <attribute name= "numCores" value="8" />
  <attribute name ="GC Interval" value="1700" />
  <attribute name ="Control flow" value="2" />
  <attribute name="GC Util Range Max" value="16" />
  <attribute name="Current GC Util" value="1" />
  <attribute name= "Current Time Running" value="382" />
<allocation-satisfied id="107" threadId="0000000002512A00" bytesRequested="168" />
<af-end id="108" timestamp="2019-08-03T02:17:36.292" threadId="0000000002513388" success="true" from="nursery"/>
<exclusive-end id="109" timestamp="2019-08-03T02:17:36.292" durationms="1.138" />

<exclusive-start id="110" timestamp="2019-08-03T02:17:36.338" intervalms="47.446">
  <response-info timems="0.067" idlems="0.067" threads="0" lastid="0000000002512A00" lastname="main" />
</exclusive-start>
<af-start id="111" threadId="0000000002513388" totalBytesRequested="8208" timestamp="2019-08-03T02:17:36.338" intervalms="47.477" type="nursery" />
<cycle-start id="112" type="scavenge" contextid="0" timestamp="2019-08-03T02:17:36.338" intervalms="47.480" />
<gc-start id="113" type="scavenge" contextid="112" timestamp="2019-08-03T02:17:36.339">
  <mem-info id="114" free="4857200" total="8388608" percent="57">
    <mem type="nursery" free="0" total="2097152" percent="0">
      <mem type="allocate" free="0" total="1376256" percent="0" />
      <mem type="survivor" free="0" total="720896" percent="0" />
    </mem>
    <mem type="tenure" free="4857200" total="6291456" percent="77">
      <mem type="soa" free="4542832" total="5977088" percent="76" />
      <mem type="loa" free="314368" total="314368" percent="100" />
    </mem>
    <remembered-set count="726" />
  </mem-info>
</gc-start>
<allocation-stats totalBytes="1343216" >
  <allocated-bytes non-tlh="18760" tlh="1324456" />
  <largest-consumer threadName="main" threadId="0000000002512A00" bytes="1343216" />
</allocation-stats>
<gc-op id="115" type="scavenge" timems="0.365" contextid="112" timestamp="2019-08-03T02:17:36.339">
  <scavenger-info tenureage="4" tenuremask="fff0" tiltratio="65" />
  <memory-copied type="nursery" objects="1195" bytes="46808" bytesdiscarded="24600" />
  <finalization candidates="1" enqueued="0" />
  <references type="soft" candidates="1" cleared="0" enqueued="0" dynamicThreshold="32" maxThreshold="32" />
  <references type="weak" candidates="4" cleared="3" enqueued="3" />
  <references type="phantom" candidates="3" cleared="1" enqueued="1" />
</gc-op>
<gc-end id="116" type="scavenge" contextid="112" durationms="0.612" usertimems="0.000" systemtimems="4.000" timestamp="2019-08-03T02:17:36.339" activeThreads="8">
  <mem-info id="117" free="6293104" total="8388608" percent="75">
    <mem type="nursery" free="1435904" total="2097152" percent="68">
      <mem type="allocate" free="1435904" total="1507328" percent="95" />
      <mem type="survivor" free="0" total="589824" percent="0" />
    </mem>
    <mem type="tenure" free="4857200" total="6291456" percent="77">
      <mem type="soa" free="4542832" total="5977088" percent="76" />
      <mem type="loa" free="314368" total="314368" percent="100" />
    </mem>
    <pending-finalizers system="0" default="0" reference="4" classloader="0" />
    <remembered-set count="534" />
  </mem-info>
</gc-end>
<cycle-end id="118" type="scavenge" contextid="112" timestamp="2019-08-03T02:17:36.339" />
  <attribute name="elasticGC enabled" value="1" />
  <attribute name= "numThreadsSpecified" value="3" />
  <attribute name="heapSize specified" value="0" />
  <attribute name= "numCores" value="8" />
  <attribute name ="GC Interval" value="1600" />
  <attribute name ="Control flow" value="1" />
  <attribute name="GC Util Range Max" value="16" />
  <attribute name="Current GC Util" value="1" />
  <attribute name= "Current Time Running" value="429" />
<allocation-satisfied id="119" threadId="0000000002512A00" bytesRequested="8208" />
<af-end id="120" timestamp="2019-08-03T02:17:36.339" threadId="0000000002513388" success="true" from="nursery"/>
<exclusive-end id="121" timestamp="2019-08-03T02:17:36.339" durationms="1.288" />

<exclusive-start id="122" timestamp="2019-08-03T02:17:36.395" intervalms="56.512">
  <response-info timems="0.031" idlems="0.031" threads="0" lastid="0000000002512A00" lastname="main" />
</exclusive-start>
<af-start id="123" threadId="0000000002513388" totalBytesRequested="31752" timestamp="2019-08-03T02:17:36.395" intervalms="56.441" type="nursery" />
<cycle-start id="124" type="scavenge" contextid="0" timestamp="2019-08-03T02:17:36.395" intervalms="56.391" />
<gc-start id="125" type="scavenge" contextid="124" timestamp="2019-08-03T02:17:36.395">
  <mem-info id="126" free="4818736" total="8388608" percent="57">
    <mem type="nursery" free="0" total="2097152" percent="0">
      <mem type="allocate" free="0" total="1507328" percent="0" />
      <mem type="survivor" free="0" total="589824" percent="0" />
    </mem>
    <mem type="tenure" free="4818736" total="6291456" percent="76">
      <mem type="soa" free="4504368" total="5977088" percent="75" />
      <mem type="loa" free="314368" total="314368" percent="100" />
    </mem>
    <remembered-set count="957" />
  </mem-info>
</gc-start>
<allocation-stats totalBytes="1422584" >
  <allocated-bytes non-tlh="112216" tlh="1310368" />
  <largest-consumer threadName="main" threadId="0000000002512A00" bytes="1418488" />
</allocation-stats>
<gc-op id="127" type="scavenge" timems="0.401" contextid="124" timestamp="2019-08-03T02:17:36.395">
  <scavenger-info tenureage="3" tenuremask="fff8" tiltratio="71" />
  <memory-copied type="nursery" objects="1363" bytes="202600" bytesdiscarded="40784" />
  <memory-copied type="tenure" objects="295" bytes="9608" bytesdiscarded="0" />
  <finalization candidates="1" enqueued="0" />
  <references type="soft" candidates="1" cleared="0" enqueued="0" dynamicThreshold="32" maxThreshold="32" />
  <references type="weak" candidates="15" cleared="13" enqueued="13" />
  <references type="phantom" candidates="4" cleared="0" enqueued="0" />
</gc-op>
<gc-end id="128" type="scavenge" contextid="124" durationms="0.620" usertimems="4.000" systemtimems="0.000" timestamp="2019-08-03T02:17:36.396" activeThreads="4">
  <mem-info id="129" free="6043392" total="8388608" percent="72">
    <mem type="nursery" free="1263824" total="2097152" percent="60">
      <mem type="allocate" free="1263824" total="1507328" percent="83" />
      <mem type="survivor" free="0" total="589824" percent="0" />
    </mem>
    <mem type="tenure" free="4779568" total="6291456" percent="75">
      <mem type="soa" free="4465200" total="5977088" percent="74" />
      <mem type="loa" free="314368" total="314368" percent="100" />
    </mem>
    <pending-finalizers system="0" default="0" reference="13" classloader="0" />
    <remembered-set count="762" />
  </mem-info>
</gc-end>
<cycle-end id="130" type="scavenge" contextid="124" timestamp="2019-08-03T02:17:36.396" />
  <attribute name="elasticGC enabled" value="1" />
  <attribute name= "numThreadsSpecified" value="4" />
  <attribute name="heapSize specified" value="0" />
  <attribute name= "numCores" value="8" />
  <attribute name ="GC Interval" value="1600" />
  <attribute name ="Control flow" value="3" />
  <attribute name="GC Util Range Max" value="16" />
  <attribute name="Current GC Util" value="1" />
  <attribute name= "Current Time Running" value="485" />
<allocation-satisfied id="131" threadId="0000000002512A00" bytesRequested="31752" />
<af-end id="132" timestamp="2019-08-03T02:17:36.396" threadId="0000000002513388" success="true" from="nursery"/>
<exclusive-end id="133" timestamp="2019-08-03T02:17:36.396" durationms="1.095" />

<exclusive-start id="134" timestamp="2019-08-03T02:17:36.421" intervalms="26.727">
  <response-info timems="0.032" idlems="0.032" threads="0" lastid="0000000002512A00" lastname="main" />
</exclusive-start>
<af-start id="135" threadId="0000000002513388" totalBytesRequested="65544" timestamp="2019-08-03T02:17:36.421" intervalms="26.739" type="nursery" />
<cycle-start id="136" type="scavenge" contextid="0" timestamp="2019-08-03T02:17:36.422" intervalms="26.742" />
<gc-start id="137" type="scavenge" contextid="136" timestamp="2019-08-03T02:17:36.422">
  <mem-info id="138" free="4765616" total="8388608" percent="56">
    <mem type="nursery" free="0" total="2097152" percent="0">
      <mem type="allocate" free="0" total="1507328" percent="0" />
      <mem type="survivor" free="0" total="589824" percent="0" />
    </mem>
    <mem type="tenure" free="4765616" total="6291456" percent="75">
      <mem type="soa" free="4451248" total="5977088" percent="74" />
      <mem type="loa" free="314368" total="314368" percent="100" />
    </mem>
    <remembered-set count="934" />
  </mem-info>
</gc-start>
<allocation-stats totalBytes="1258408" >
  <allocated-bytes non-tlh="97704" tlh="1160704" />
  <largest-consumer threadName="main" threadId="0000000002512A00" bytes="1258408" />
</allocation-stats>
<gc-op id="139" type="scavenge" timems="0.466" contextid="136" timestamp="2019-08-03T02:17:36.422">
  <scavenger-info tenureage="3" tenuremask="ffe8" tiltratio="71" />
  <memory-copied type="nursery" objects="1232" bytes="127480" bytesdiscarded="48552" />
  <memory-copied type="tenure" objects="335" bytes="14544" bytesdiscarded="0" />
  <finalization candidates="1" enqueued="0" />
  <references type="soft" candidates="3" cleared="0" enqueued="0" dynamicThreshold="32" maxThreshold="32" />
  <references type="weak" candidates="10" cleared="9" enqueued="9" />
  <references type="phantom" candidates="3" cleared="0" enqueued="0" />
</gc-op>
<gc-end id="140" type="scavenge" contextid="136" durationms="0.658" usertimems="0.000" systemtimems="0.000" timestamp="2019-08-03T02:17:36.422" activeThreads="8">
  <mem-info id="141" free="6138536" total="8388608" percent="73">
    <mem type="nursery" free="1396728" total="2097152" percent="66">
      <mem type="allocate" free="1396728" total="1572864" percent="88" />
      <mem type="survivor" free="0" total="524288" percent="0" />
    </mem>
    <mem type="tenure" free="4741808" total="6291456" percent="75">
      <mem type="soa" free="4427440" total="5977088" percent="74" />
      <mem type="loa" free="314368" total="314368" percent="100" />
    </mem>
    <pending-finalizers system="0" default="0" reference="9" classloader="0" />
    <remembered-set count="766" />
  </mem-info>
</gc-end>
<cycle-end id="142" type="scavenge" contextid="136" timestamp="2019-08-03T02:17:36.422" />
  <attribute name="elasticGC enabled" value="1" />
  <attribute name= "numThreadsSpecified" value="4" />
  <attribute name="heapSize specified" value="0" />
  <attribute name= "numCores" value="8" />
  <attribute name ="GC Interval" value="1600" />
  <attribute name ="Control flow" value="3" />
  <attribute name="GC Util Range Max" value="16" />
  <attribute name="Current GC Util" value="2" />
  <attribute name= "Current Time Running" value="512" />
<allocation-satisfied id="143" threadId="0000000002512A00" bytesRequested="65544" />
<af-end id="144" timestamp="2019-08-03T02:17:36.422" threadId="0000000002513388" success="true" from="nursery"/>
<exclusive-end id="145" timestamp="2019-08-03T02:17:36.423" durationms="1.144" />

<exclusive-start id="146" timestamp="2019-08-03T02:17:36.481" intervalms="59.292">
  <response-info timems="0.078" idlems="0.078" threads="0" lastid="0000000002512A00" lastname="main" />
</exclusive-start>
<af-start id="147" threadId="0000000002513388" totalBytesRequested="24" timestamp="2019-08-03T02:17:36.481" intervalms="59.365" type="nursery" />
<cycle-start id="148" type="scavenge" contextid="0" timestamp="2019-08-03T02:17:36.481" intervalms="59.439" />
<gc-start id="149" type="scavenge" contextid="148" timestamp="2019-08-03T02:17:36.481">
  <mem-info id="150" free="4722392" total="8388608" percent="56">
    <mem type="nursery" free="0" total="2097152" percent="0">
      <mem type="allocate" free="0" total="1572864" percent="0" />
      <mem type="survivor" free="0" total="524288" percent="0" />
    </mem>
    <mem type="tenure" free="4722392" total="6291456" percent="75">
      <mem type="soa" free="4408024" total="5977088" percent="73" />
      <mem type="loa" free="314368" total="314368" percent="100" />
    </mem>
    <remembered-set count="1096" />
  </mem-info>
</gc-start>
<allocation-stats totalBytes="1413392" >
  <allocated-bytes non-tlh="84960" tlh="1328432" />
  <largest-consumer threadName="main" threadId="0000000002512A00" bytes="1413392" />
</allocation-stats>
<gc-op id="151" type="scavenge" timems="0.703" contextid="148" timestamp="2019-08-03T02:17:36.482">
  <scavenger-info tenureage="3" tenuremask="ffe8" tiltratio="75" />
  <memory-copied type="nursery" objects="3257" bytes="289784" bytesdiscarded="23080" />
  <memory-copied type="tenure" objects="504" bytes="16080" bytesdiscarded="8" />
  <finalization candidates="2" enqueued="0" />
  <references type="soft" candidates="45" cleared="0" enqueued="0" dynamicThreshold="32" maxThreshold="32" />
  <references type="weak" candidates="3" cleared="2" enqueued="2" />
  <references type="phantom" candidates="2" cleared="0" enqueued="0" />
</gc-op>
<gc-end id="152" type="scavenge" contextid="148" durationms="1.062" usertimems="0.000" systemtimems="0.000" timestamp="2019-08-03T02:17:36.482" activeThreads="8">
  <mem-info id="153" free="5958344" total="8388608" percent="71">
    <mem type="nursery" free="1259760" total="2097152" percent="60">
      <mem type="allocate" free="1259760" total="1572864" percent="80" />
      <mem type="survivor" free="0" total="524288" percent="0" />
    </mem>
    <mem type="tenure" free="4698584" total="6291456" percent="74">
      <mem type="soa" free="4384216" total="5977088" percent="73" />
      <mem type="loa" free="314368" total="314368" percent="100" />
    </mem>
    <pending-finalizers system="0" default="0" reference="2" classloader="0" />
    <remembered-set count="649" />
  </mem-info>
</gc-end>
<cycle-end id="154" type="scavenge" contextid="148" timestamp="2019-08-03T02:17:36.482" />
  <attribute name="elasticGC enabled" value="1" />
  <attribute name= "numThreadsSpecified" value="4" />
  <attribute name="heapSize specified" value="0" />
  <attribute name= "numCores" value="8" />
  <attribute name ="GC Interval" value="1600" />
  <attribute name ="Control flow" value="3" />
  <attribute name="GC Util Range Max" value="16" />
  <attribute name="Current GC Util" value="1" />
  <attribute name= "Current Time Running" value="572" />
<allocation-satisfied id="155" threadId="0000000002512A00" bytesRequested="24" />
<af-end id="156" timestamp="2019-08-03T02:17:36.482" threadId="0000000002513388" success="true" from="nursery"/>
<exclusive-end id="157" timestamp="2019-08-03T02:17:36.482" durationms="1.758" />

<exclusive-start id="158" timestamp="2019-08-03T02:17:36.532" intervalms="51.592">
  <response-info timems="0.084" idlems="0.084" threads="0" lastid="0000000002512A00" lastname="main" />
</exclusive-start>
<af-start id="159" threadId="0000000002513388" totalBytesRequested="1328" timestamp="2019-08-03T02:17:36.532" intervalms="51.605" type="nursery" />
<cycle-start id="160" type="scavenge" contextid="0" timestamp="2019-08-03T02:17:36.533" intervalms="51.607" />
<gc-start id="161" type="scavenge" contextid="160" timestamp="2019-08-03T02:17:36.533">
  <mem-info id="162" free="4695880" total="8388608" percent="55">
    <mem type="nursery" free="0" total="2097152" percent="0">
      <mem type="allocate" free="0" total="1572864" percent="0" />
      <mem type="survivor" free="0" total="524288" percent="0" />
    </mem>
    <mem type="tenure" free="4695880" total="6291456" percent="74">
      <mem type="soa" free="4381512" total="5977088" percent="73" />
      <mem type="loa" free="314368" total="314368" percent="100" />
    </mem>
    <remembered-set count="701" />
  </mem-info>
</gc-start>
<allocation-stats totalBytes="1260048" >
  <allocated-bytes non-tlh="2728" tlh="1257320" />
  <largest-consumer threadName="main" threadId="0000000002512A00" bytes="1260048" />
</allocation-stats>
<gc-op id="163" type="scavenge" timems="0.903" contextid="160" timestamp="2019-08-03T02:17:36.534">
  <scavenger-info tenureage="3" tenuremask="ffe8" tiltratio="75" />
  <memory-copied type="nursery" objects="6346" bytes="359928" bytesdiscarded="30264" />
  <memory-copied type="tenure" objects="431" bytes="100440" bytesdiscarded="32" />
  <finalization candidates="1" enqueued="0" />
  <references type="soft" candidates="54" cleared="0" enqueued="0" dynamicThreshold="32" maxThreshold="32" />
  <references type="weak" candidates="2" cleared="1" enqueued="1" />
  <references type="phantom" candidates="1" cleared="0" enqueued="0" />
</gc-op>
<gc-end id="164" type="scavenge" contextid="160" durationms="1.224" usertimems="0.000" systemtimems="0.000" timestamp="2019-08-03T02:17:36.534" activeThreads="8">
  <mem-info id="165" free="5742904" total="8388608" percent="68">
    <mem type="nursery" free="1182456" total="2097152" percent="56">
      <mem type="allocate" free="1182456" total="1572864" percent="75" />
      <mem type="survivor" free="0" total="524288" percent="0" />
    </mem>
    <mem type="tenure" free="4560448" total="6291456" percent="72">
      <mem type="soa" free="4246080" total="5977088" percent="71" />
      <mem type="loa" free="314368" total="314368" percent="100" />
    </mem>
    <pending-finalizers system="0" default="0" reference="1" classloader="0" />
    <remembered-set count="518" />
  </mem-info>
</gc-end>
<cycle-end id="166" type="scavenge" contextid="160" timestamp="2019-08-03T02:17:36.534" />
  <attribute name="elasticGC enabled" value="1" />
  <attribute name= "numThreadsSpecified" value="4" />
  <attribute name="heapSize specified" value="0" />
  <attribute name= "numCores" value="8" />
  <attribute name ="GC Interval" value="1600" />
  <attribute name ="Control flow" value="3" />
  <attribute name="GC Util Range Max" value="16" />
  <attribute name="Current GC Util" value="2" />
  <attribute name= "Current Time Running" value="623" />
<allocation-satisfied id="167" threadId="0000000002512A00" bytesRequested="1328" />
<af-end id="168" timestamp="2019-08-03T02:17:36.534" threadId="0000000002513388" success="true" from="nursery"/>
<exclusive-end id="169" timestamp="2019-08-03T02:17:36.534" durationms="1.920" />

<exclusive-start id="170" timestamp="2019-08-03T02:17:36.562" intervalms="29.847">
  <response-info timems="0.166" idlems="0.068" threads="2" lastid="0000000002852300" lastname="Thread-5" />
</exclusive-start>
<sys-start reason="explicit" id="171" timestamp="2019-08-03T02:17:36.562" intervalms="845.187" />
<cycle-start id="172" type="global" contextid="0" timestamp="2019-08-03T02:17:36.562" intervalms="845.409" />
<gc-start id="173" type="global" contextid="172" timestamp="2019-08-03T02:17:36.562">
  <mem-info id="174" free="4922568" total="8388608" percent="58">
    <mem type="nursery" free="366024" total="2097152" percent="17">
      <mem type="allocate" free="366024" total="1572864" percent="23" />
      <mem type="survivor" free="0" total="524288" percent="0" />
    </mem>
    <mem type="tenure" free="4556544" total="6291456" percent="72">
      <mem type="soa" free="4242176" total="5977088" percent="70" />
      <mem type="loa" free="314368" total="314368" percent="100" />
    </mem>
    <remembered-set count="600" />
  </mem-info>
</gc-start>
<allocation-stats totalBytes="819280" >
  <allocated-bytes non-tlh="5232" tlh="814048" />
  <largest-consumer threadName="main" threadId="0000000002512A00" bytes="798888" />
</allocation-stats>
<gc-op id="175" type="mark" timems="2.080" contextid="172" timestamp="2019-08-03T02:17:36.565">
  <trace-info objectcount="29443" scancount="23849" scanbytes="870472" />
  <finalization candidates="15" enqueued="0" />
  <references type="soft" candidates="133" cleared="0" enqueued="0" dynamicThreshold="32" maxThreshold="32" />
  <references type="weak" candidates="162" cleared="29" enqueued="21" />
  <references type="phantom" candidates="60" cleared="2" enqueued="2" />
  <stringconstants candidates="3535" cleared="22"  />
</gc-op>
<gc-op id="176" type="classunload" timems="0.079" contextid="172" timestamp="2019-08-03T02:17:36.565">
  <classunload-info classloadercandidates="19" classloadersunloaded="0" classesunloaded="0" anonymousclassesunloaded="0" quiescems="0.000" setupms="0.079" scanms="0.000" postms="0.000" />
</gc-op>
<gc-op id="177" type="sweep" timems="0.410" contextid="172" timestamp="2019-08-03T02:17:36.565" />
<gc-end id="178" type="global" contextid="172" durationms="3.651" usertimems="0.000" systemtimems="4.000" timestamp="2019-08-03T02:17:36.566" activeThreads="8">
  <mem-info id="179" free="5819640" total="8388608" percent="69">
    <mem type="nursery" free="1075952" total="2097152" percent="51">
      <mem type="allocate" free="1075952" total="1572864" percent="68" />
      <mem type="survivor" free="0" total="524288" percent="0" />
    </mem>
    <mem type="tenure" free="4743688" total="6291456" percent="75" micro-fragmented="12154" macro-fragmented="0">
      <mem type="soa" free="4429320" total="5977088" percent="74" />
      <mem type="loa" free="314368" total="314368" percent="100" />
    </mem>
    <pending-finalizers system="0" default="0" reference="23" classloader="0" />
    <remembered-set count="499" />
  </mem-info>
</gc-end>
<cycle-end id="180" type="global" contextid="172" timestamp="2019-08-03T02:17:36.566" />
  <attribute name="elasticGC enabled" value="1" />
  <attribute name= "numThreadsSpecified" value="4" />
  <attribute name="heapSize specified" value="0" />
  <attribute name= "numCores" value="8" />
  <attribute name ="GC Interval" value="1600" />
  <attribute name ="Control flow" value="3" />
  <attribute name="GC Util Range Max" value="16" />
  <attribute name="Current GC Util" value="47" />
  <attribute name= "Current Time Running" value="656" />
<sys-end id="181" timestamp="2019-08-03T02:17:36.566" />
<exclusive-end id="182" timestamp="2019-08-03T02:17:36.566" durationms="4.205" />

<exclusive-start id="183" timestamp="2019-08-03T02:17:36.588" intervalms="26.407">
  <response-info timems="0.100" idlems="0.100" threads="0" lastid="000000000284E700" lastname="Thread-4" />
</exclusive-start>
<af-start id="184" threadId="000000000284F088" totalBytesRequested="8200" timestamp="2019-08-03T02:17:36.589" intervalms="56.186" type="nursery" />
<cycle-start id="185" type="scavenge" contextid="0" timestamp="2019-08-03T02:17:36.589" intervalms="56.120" />
<gc-start id="186" type="scavenge" contextid="185" timestamp="2019-08-03T02:17:36.589">
  <mem-info id="187" free="4735096" total="8388608" percent="56">
    <mem type="nursery" free="0" total="2097152" percent="0">
      <mem type="allocate" free="0" total="1572864" percent="0" />
      <mem type="survivor" free="0" total="524288" percent="0" />
    </mem>
    <mem type="tenure" free="4735096" total="6291456" percent="75">
      <mem type="soa" free="4420728" total="5977088" percent="73" />
      <mem type="loa" free="314368" total="314368" percent="100" />
    </mem>
    <remembered-set count="616" />
  </mem-info>
</gc-start>
<allocation-stats totalBytes="1068568" >
  <allocated-bytes non-tlh="534912" tlh="533656" />
  <largest-consumer threadName="Thread-3" threadId="000000000284AB00" bytes="521272" />
</allocation-stats>
<gc-op id="188" type="scavenge" timems="1.062" contextid="185" timestamp="2019-08-03T02:17:36.590">
  <scavenger-info tenureage="2" tenuremask="ffec" tiltratio="75" />
  <memory-copied type="nursery" objects="6185" bytes="431104" bytesdiscarded="35784" />
  <memory-copied type="tenure" objects="2512" bytes="177096" bytesdiscarded="152" />
  <finalization candidates="5" enqueued="0" />
  <references type="soft" candidates="20" cleared="0" enqueued="0" dynamicThreshold="24" maxThreshold="32" />
  <references type="weak" candidates="31" cleared="5" enqueued="5" />
  <references type="phantom" candidates="18" cleared="0" enqueued="0" />
</gc-op>
<gc-end id="189" type="scavenge" contextid="185" durationms="1.321" usertimems="0.000" systemtimems="0.000" timestamp="2019-08-03T02:17:36.590" activeThreads="8">
  <mem-info id="190" free="5563360" total="8388608" percent="66">
    <mem type="nursery" free="1040096" total="2097152" percent="49">
      <mem type="allocate" free="1040096" total="1507328" percent="69" />
      <mem type="survivor" free="0" total="589824" percent="0" />
    </mem>
    <mem type="tenure" free="4523264" total="6291456" percent="71">
      <mem type="soa" free="4208896" total="5977088" percent="70" />
      <mem type="loa" free="314368" total="314368" percent="100" />
    </mem>
    <pending-finalizers system="0" default="0" reference="5" classloader="0" />
    <remembered-set count="689" />
  </mem-info>
</gc-end>
<cycle-end id="191" type="scavenge" contextid="185" timestamp="2019-08-03T02:17:36.590" />
  <attribute name="elasticGC enabled" value="1" />
  <attribute name= "numThreadsSpecified" value="4" />
  <attribute name="heapSize specified" value="0" />
  <attribute name= "numCores" value="8" />
  <attribute name ="GC Interval" value="1600" />
  <attribute name ="Control flow" value="2" />
  <attribute name="GC Util Range Max" value="16" />
  <attribute name="Current GC Util" value="11" />
  <attribute name= "Current Time Running" value="679" />
<allocation-satisfied id="192" threadId="000000000284E700" bytesRequested="8200" />
<af-end id="193" timestamp="2019-08-03T02:17:36.590" threadId="000000000284F088" success="true" from="nursery"/>
<exclusive-end id="194" timestamp="2019-08-03T02:17:36.590" durationms="1.888" />

<exclusive-start id="195" timestamp="2019-08-03T02:17:36.599" intervalms="10.926">
  <response-info timems="0.073" idlems="0.038" threads="1" lastid="0000000002861300" lastname="Thread-9" />
</exclusive-start>
<af-start id="196" threadId="000000000284B488" totalBytesRequested="32776" timestamp="2019-08-03T02:17:36.600" intervalms="10.897" type="nursery" />
<cycle-start id="197" type="scavenge" contextid="0" timestamp="2019-08-03T02:17:36.600" intervalms="10.915" />
<gc-start id="198" type="scavenge" contextid="197" timestamp="2019-08-03T02:17:36.600">
  <mem-info id="199" free="4520512" total="8388608" percent="53">
    <mem type="nursery" free="0" total="2097152" percent="0">
      <mem type="allocate" free="0" total="1507328" percent="0" />
      <mem type="survivor" free="0" total="589824" percent="0" />
    </mem>
    <mem type="tenure" free="4520512" total="6291456" percent="71">
      <mem type="soa" free="4206144" total="5977088" percent="70" />
      <mem type="loa" free="314368" total="314368" percent="100" />
    </mem>
    <remembered-set count="723" />
  </mem-info>
</gc-start>
<allocation-stats totalBytes="969808" >
  <allocated-bytes non-tlh="191264" tlh="778544" />
  <largest-consumer threadName="Thread-5" threadId="0000000002852300" bytes="492200" />
</allocation-stats>
<gc-op id="200" type="scavenge" timems="0.822" contextid="197" timestamp="2019-08-03T02:17:36.601">
  <scavenger-info tenureage="5" tenuremask="ffe0" tiltratio="71" />
  <memory-copied type="nursery" objects="2483" bytes="579592" bytesdiscarded="9864" />
  <memory-copied type="tenure" objects="3786" bytes="176352" bytesdiscarded="136" />
  <copy-failed type="nursery" objects="3786" bytes="176352" />
  <finalization candidates="4" enqueued="3" />
  <references type="soft" candidates="24" cleared="0" enqueued="0" dynamicThreshold="24" maxThreshold="32" />
  <references type="weak" candidates="27" cleared="0" enqueued="0" />
  <references type="phantom" candidates="17" cleared="0" enqueued="0" />
</gc-op>
<heap-resize id="201" type="expand" space="nursery" amount="131072" count="1" timems="0.063" reason="excessive time being spent scavenging" timestamp="2019-08-03T02:17:36.601" />
<gc-end id="202" type="scavenge" contextid="197" durationms="1.127" usertimems="4.000" systemtimems="0.000" timestamp="2019-08-03T02:17:36.601" activeThreads="8">
  <mem-info id="203" free="4824824" total="8519680" percent="56">
    <mem type="nursery" free="524288" total="2228224" percent="23">
      <mem type="allocate" free="524288" total="1114112" percent="47" />
      <mem type="survivor" free="0" total="1114112" percent="0" />
    </mem>
    <mem type="tenure" free="4300536" total="6291456" percent="68">
      <mem type="soa" free="3986168" total="5977088" percent="66" />
      <mem type="loa" free="314368" total="314368" percent="100" />
    </mem>
    <pending-finalizers system="3" default="0" reference="0" classloader="0" />
    <remembered-set count="1431" />
  </mem-info>
</gc-end>
<cycle-end id="204" type="scavenge" contextid="197" timestamp="2019-08-03T02:17:36.601" />
  <attribute name="elasticGC enabled" value="1" />
  <attribute name= "numThreadsSpecified" value="4" />
  <attribute name="heapSize specified" value="0" />
  <attribute name= "numCores" value="8" />
  <attribute name ="GC Interval" value="1600" />
  <attribute name ="Control flow" value="1" />
  <attribute name="GC Util Range Max" value="16" />
  <attribute name="Current GC Util" value="16" />
  <attribute name= "Current Time Running" value="690" />
<allocation-satisfied id="205" threadId="000000000284AB00" bytesRequested="32776" />
<af-end id="206" timestamp="2019-08-03T02:17:36.601" threadId="000000000284B488" success="true" from="nursery"/>
<exclusive-end id="207" timestamp="2019-08-03T02:17:36.601" durationms="1.611" />

<exclusive-start id="208" timestamp="2019-08-03T02:17:36.605" intervalms="5.239">
  <response-info timems="0.081" idlems="0.044" threads="1" lastid="0000000002861300" lastname="Thread-9" />
</exclusive-start>
<af-start id="209" threadId="0000000002865888" totalBytesRequested="16392" timestamp="2019-08-03T02:17:36.605" intervalms="5.227" type="nursery" />
<cycle-start id="210" type="scavenge" contextid="0" timestamp="2019-08-03T02:17:36.605" intervalms="5.189" />
<gc-start id="211" type="scavenge" contextid="210" timestamp="2019-08-03T02:17:36.605">
  <mem-info id="212" free="4298520" total="8519680" percent="50">
    <mem type="nursery" free="0" total="2228224" percent="0">
      <mem type="allocate" free="0" total="1114112" percent="0" />
      <mem type="survivor" free="0" total="1114112" percent="0" />
    </mem>
    <mem type="tenure" free="4298520" total="6291456" percent="68">
      <mem type="soa" free="3984152" total="5977088" percent="66" />
      <mem type="loa" free="314368" total="314368" percent="100" />
    </mem>
    <remembered-set count="1456" />
  </mem-info>
</gc-start>
<allocation-stats totalBytes="503688" >
  <allocated-bytes non-tlh="215096" tlh="288592" />
  <largest-consumer threadName="Thread-6" threadId="0000000002855F00" bytes="250848" />
</allocation-stats>
<gc-op id="213" type="scavenge" timems="0.461" contextid="210" timestamp="2019-08-03T02:17:36.605">
  <scavenger-info tenureage="3" tenuremask="fff8" tiltratio="50" />
  <memory-copied type="nursery" objects="1462" bytes="741720" bytesdiscarded="132048" />
  <memory-copied type="tenure" objects="1119" bytes="61168" bytesdiscarded="80" />
  <finalization candidates="1" enqueued="0" />
  <references type="soft" candidates="15" cleared="0" enqueued="0" dynamicThreshold="24" maxThreshold="32" />
  <references type="weak" candidates="27" cleared="0" enqueued="0" />
  <references type="phantom" candidates="21" cleared="0" enqueued="0" />
</gc-op>
<gc-end id="214" type="scavenge" contextid="210" durationms="0.664" usertimems="0.000" systemtimems="0.000" timestamp="2019-08-03T02:17:36.606" activeThreads="3">
  <mem-info id="215" free="4383384" total="8519680" percent="51">
    <mem type="nursery" free="240000" total="2228224" percent="10">
      <mem type="allocate" free="240000" total="1114112" percent="21" />
      <mem type="survivor" free="0" total="1114112" percent="0" />
    </mem>
    <mem type="tenure" free="4143384" total="6291456" percent="65">
      <mem type="soa" free="3829016" total="5977088" percent="64" />
      <mem type="loa" free="314368" total="314368" percent="100" />
    </mem>
    <remembered-set count="1431" />
  </mem-info>
</gc-end>
<cycle-end id="216" type="scavenge" contextid="210" timestamp="2019-08-03T02:17:36.606" />
  <attribute name="elasticGC enabled" value="1" />
  <attribute name= "numThreadsSpecified" value="3" />
  <attribute name="heapSize specified" value="0" />
  <attribute name= "numCores" value="8" />
  <attribute name ="GC Interval" value="1600" />
  <attribute name ="Control flow" value="3" />
  <attribute name="GC Util Range Max" value="16" />
  <attribute name="Current GC Util" value="27" />
  <attribute name= "Current Time Running" value="695" />
<allocation-satisfied id="217" threadId="0000000002864F00" bytesRequested="16392" />
<af-end id="218" timestamp="2019-08-03T02:17:36.606" threadId="0000000002865888" success="true" from="nursery"/>
<exclusive-end id="219" timestamp="2019-08-03T02:17:36.606" durationms="1.286" />

<exclusive-start id="220" timestamp="2019-08-03T02:17:36.609" intervalms="3.865">
  <response-info timems="0.309" idlems="0.191" threads="2" lastid="0000000002864F00" lastname="Thread-10" />
</exclusive-start>
<af-start id="221" threadId="000000000285A488" totalBytesRequested="32776" timestamp="2019-08-03T02:17:36.609" intervalms="3.904" type="nursery" />
<cycle-start id="222" type="scavenge" contextid="0" timestamp="2019-08-03T02:17:36.609" intervalms="3.990" />
<gc-start id="223" type="scavenge" contextid="222" timestamp="2019-08-03T02:17:36.609">
  <mem-info id="224" free="4142392" total="8519680" percent="48">
    <mem type="nursery" free="0" total="2228224" percent="0">
      <mem type="allocate" free="0" total="1114112" percent="0" />
      <mem type="survivor" free="0" total="1114112" percent="0" />
    </mem>
    <mem type="tenure" free="4142392" total="6291456" percent="65">
      <mem type="soa" free="3828024" total="5977088" percent="64" />
      <mem type="loa" free="314368" total="314368" percent="100" />
    </mem>
    <remembered-set count="1442" />
  </mem-info>
</gc-start>
<allocation-stats totalBytes="240808" >
  <allocated-bytes non-tlh="122072" tlh="118736" />
  <largest-consumer threadName="Thread-6" threadId="0000000002855F00" bytes="134264" />
</allocation-stats>
<gc-op id="225" type="scavenge" timems="0.585" contextid="222" timestamp="2019-08-03T02:17:36.610">
  <scavenger-info tenureage="3" tenuremask="7ff8" tiltratio="50" />
  <memory-copied type="nursery" objects="375" bytes="640872" bytesdiscarded="20744" />
  <memory-copied type="tenure" objects="1124" bytes="176776" bytesdiscarded="568" />
  <finalization candidates="1" enqueued="0" />
  <references type="soft" candidates="4" cleared="0" enqueued="0" dynamicThreshold="24" maxThreshold="32" />
  <references type="weak" candidates="3" cleared="1" enqueued="1" />
  <references type="phantom" candidates="4" cleared="0" enqueued="0" />
</gc-op>
<gc-end id="226" type="scavenge" contextid="222" durationms="0.971" usertimems="0.000" systemtimems="0.000" timestamp="2019-08-03T02:17:36.610" activeThreads="8">
  <mem-info id="227" free="4275552" total="8519680" percent="50">
    <mem type="nursery" free="452408" total="2228224" percent="20">
      <mem type="allocate" free="452408" total="1114112" percent="40" />
      <mem type="survivor" free="0" total="1114112" percent="0" />
    </mem>
    <mem type="tenure" free="3823144" total="6291456" percent="60">
      <mem type="soa" free="3508776" total="5977088" percent="58" />
      <mem type="loa" free="314368" total="314368" percent="100" />
    </mem>
    <pending-finalizers system="0" default="0" reference="1" classloader="0" />
    <remembered-set count="174" />
  </mem-info>
</gc-end>
<cycle-end id="228" type="scavenge" contextid="222" timestamp="2019-08-03T02:17:36.610" />
  <attribute name="elasticGC enabled" value="1" />
  <attribute name= "numThreadsSpecified" value="3" />
  <attribute name="heapSize specified" value="0" />
  <attribute name= "numCores" value="8" />
  <attribute name ="GC Interval" value="1700" />
  <attribute name ="Control flow" value="2" />
  <attribute name="GC Util Range Max" value="16" />
  <attribute name="Current GC Util" value="23" />
  <attribute name= "Current Time Running" value="700" />
<allocation-satisfied id="229" threadId="0000000002859B00" bytesRequested="32776" />
<af-end id="230" timestamp="2019-08-03T02:17:36.610" threadId="000000000285A488" success="true" from="nursery"/>
<exclusive-end id="231" timestamp="2019-08-03T02:17:36.610" durationms="1.603" />

<exclusive-start id="232" timestamp="2019-08-03T02:17:36.613" intervalms="4.114">
  <response-info timems="0.064" idlems="0.024" threads="2" lastid="0000000002864F00" lastname="Thread-10" />
</exclusive-start>
<af-start id="233" threadId="0000000002856888" totalBytesRequested="24" timestamp="2019-08-03T02:17:36.613" intervalms="4.078" type="nursery" />
<cycle-start id="234" type="scavenge" contextid="0" timestamp="2019-08-03T02:17:36.613" intervalms="3.996" />
<gc-start id="235" type="scavenge" contextid="234" timestamp="2019-08-03T02:17:36.613">
  <mem-info id="236" free="3821416" total="8519680" percent="44">
    <mem type="nursery" free="0" total="2228224" percent="0">
      <mem type="allocate" free="0" total="1114112" percent="0" />
      <mem type="survivor" free="0" total="1114112" percent="0" />
    </mem>
    <mem type="tenure" free="3821416" total="6291456" percent="60">
      <mem type="soa" free="3507048" total="5977088" percent="58" />
      <mem type="loa" free="314368" total="314368" percent="100" />
    </mem>
    <remembered-set count="205" />
  </mem-info>
</gc-start>
<allocation-stats totalBytes="452952" >
  <allocated-bytes non-tlh="296752" tlh="156200" />
  <largest-consumer threadName="Thread-4" threadId="000000000284E700" bytes="126160" />
</allocation-stats>
<gc-op id="237" type="scavenge" timems="0.499" contextid="234" timestamp="2019-08-03T02:17:36.613">
  <scavenger-info tenureage="3" tenuremask="7ff8" tiltratio="50" />
  <memory-copied type="nursery" objects="442" bytes="666328" bytesdiscarded="64224" />
  <memory-copied type="tenure" objects="194" bytes="314368" bytesdiscarded="0" />
  <references type="phantom" candidates="7" cleared="0" enqueued="0" />
</gc-op>
<gc-end id="238" type="scavenge" contextid="234" durationms="0.686" usertimems="0.000" systemtimems="0.000" timestamp="2019-08-03T02:17:36.614" activeThreads="8">
  <mem-info id="239" free="3951576" total="8519680" percent="46">
    <mem type="nursery" free="449008" total="2228224" percent="20">
      <mem type="allocate" free="449008" total="1179648" percent="38" />
      <mem type="survivor" free="0" total="1048576" percent="0" />
    </mem>
    <mem type="tenure" free="3502568" total="6291456" percent="55">
      <mem type="soa" free="3188200" total="5977088" percent="53" />
      <mem type="loa" free="314368" total="314368" percent="100" />
    </mem>
    <remembered-set count="171" />
  </mem-info>
</gc-end>
<cycle-end id="240" type="scavenge" contextid="234" timestamp="2019-08-03T02:17:36.614" />
  <attribute name="elasticGC enabled" value="1" />
  <attribute name= "numThreadsSpecified" value="3" />
  <attribute name="heapSize specified" value="0" />
  <attribute name= "numCores" value="8" />
  <attribute name ="GC Interval" value="1900" />
  <attribute name ="Control flow" value="2" />
  <attribute name="GC Util Range Max" value="16" />
  <attribute name="Current GC Util" value="30" />
  <attribute name= "Current Time Running" value="703" />
<allocation-satisfied id="241" threadId="0000000002855F00" bytesRequested="24" />
<af-end id="242" timestamp="2019-08-03T02:17:36.614" threadId="0000000002856888" success="true" from="nursery"/>
<exclusive-end id="243" timestamp="2019-08-03T02:17:36.614" durationms="1.139" />

<exclusive-start id="244" timestamp="2019-08-03T02:17:36.622" intervalms="9.753">
  <response-info timems="0.153" idlems="0.061" threads="3" lastid="000000000284AB00" lastname="Thread-3" />
</exclusive-start>
<af-start id="245" threadId="0000000002852C88" totalBytesRequested="520" timestamp="2019-08-03T02:17:36.623" intervalms="9.795" type="nursery" />
<cycle-start id="246" type="scavenge" contextid="0" timestamp="2019-08-03T02:17:36.623" intervalms="9.848" />
<gc-start id="247" type="scavenge" contextid="246" timestamp="2019-08-03T02:17:36.623">
  <mem-info id="248" free="3493768" total="8519680" percent="41">
    <mem type="nursery" free="0" total="2228224" percent="0">
      <mem type="allocate" free="0" total="1179648" percent="0" />
      <mem type="survivor" free="0" total="1048576" percent="0" />
    </mem>
    <mem type="tenure" free="3493768" total="6291456" percent="55">
      <mem type="soa" free="3179400" total="5977088" percent="53" />
      <mem type="loa" free="314368" total="314368" percent="100" />
    </mem>
    <remembered-set count="362" />
  </mem-info>
</gc-start>
<allocation-stats totalBytes="435408" >
  <allocated-bytes non-tlh="8824" tlh="426584" />
  <largest-consumer threadName="Thread-6" threadId="0000000002855F00" bytes="225368" />
</allocation-stats>
<gc-op id="249" type="scavenge" timems="0.564" contextid="246" timestamp="2019-08-03T02:17:36.624">
  <scavenger-info tenureage="2" tenuremask="7ffc" tiltratio="52" />
  <memory-copied type="nursery" objects="1247" bytes="517720" bytesdiscarded="51608" />
  <memory-copied type="tenure" objects="168" bytes="325928" bytesdiscarded="256" />
  <finalization candidates="6" enqueued="0" />
  <references type="soft" candidates="2" cleared="0" enqueued="0" dynamicThreshold="24" maxThreshold="32" />
  <references type="weak" candidates="33" cleared="7" enqueued="4" />
  <references type="phantom" candidates="4" cleared="0" enqueued="0" />
</gc-op>
<gc-end id="250" type="scavenge" contextid="246" durationms="0.899" usertimems="0.000" systemtimems="0.000" timestamp="2019-08-03T02:17:36.624" activeThreads="8">
  <mem-info id="251" free="3815880" total="8519680" percent="44">
    <mem type="nursery" free="675792" total="2228224" percent="30">
      <mem type="allocate" free="675792" total="1245184" percent="54" />
      <mem type="survivor" free="0" total="983040" percent="0" />
    </mem>
    <mem type="tenure" free="3140088" total="6291456" percent="49">
      <mem type="soa" free="2825720" total="5977088" percent="47" />
      <mem type="loa" free="314368" total="314368" percent="100" />
    </mem>
    <pending-finalizers system="0" default="0" reference="4" classloader="0" />
    <remembered-set count="337" />
  </mem-info>
</gc-end>
<cycle-end id="252" type="scavenge" contextid="246" timestamp="2019-08-03T02:17:36.624" />
  <attribute name="elasticGC enabled" value="1" />
  <attribute name= "numThreadsSpecified" value="3" />
  <attribute name="heapSize specified" value="0" />
  <attribute name= "numCores" value="8" />
  <attribute name ="GC Interval" value="2000" />
  <attribute name ="Control flow" value="3" />
  <attribute name="GC Util Range Max" value="16" />
  <attribute name="Current GC Util" value="11" />
  <attribute name= "Current Time Running" value="713" />
<allocation-satisfied id="253" threadId="0000000002852300" bytesRequested="520" />
<af-end id="254" timestamp="2019-08-03T02:17:36.624" threadId="0000000002852C88" success="true" from="nursery"/>
<exclusive-end id="255" timestamp="2019-08-03T02:17:36.624" durationms="1.441" />

<exclusive-start id="256" timestamp="2019-08-03T02:17:36.641" intervalms="18.506">
  <response-info timems="0.209" idlems="0.105" threads="2" lastid="0000000002855F00" lastname="Thread-6" />
</exclusive-start>
<af-start id="257" threadId="000000000284B488" totalBytesRequested="4672" timestamp="2019-08-03T02:17:36.641" intervalms="18.549" type="nursery" />
<cycle-start id="258" type="scavenge" contextid="0" timestamp="2019-08-03T02:17:36.641" intervalms="18.638" />
<gc-start id="259" type="scavenge" contextid="258" timestamp="2019-08-03T02:17:36.641">
  <mem-info id="260" free="3133624" total="8519680" percent="36">
    <mem type="nursery" free="0" total="2228224" percent="0">
      <mem type="allocate" free="0" total="1245184" percent="0" />
      <mem type="survivor" free="0" total="983040" percent="0" />
    </mem>
    <mem type="tenure" free="3133624" total="6291456" percent="49">
      <mem type="soa" free="2819256" total="5977088" percent="47" />
      <mem type="loa" free="314368" total="314368" percent="100" />
    </mem>
    <remembered-set count="446" />
  </mem-info>
</gc-start>
<allocation-stats totalBytes="655704" >
  <allocated-bytes non-tlh="97152" tlh="558552" />
  <largest-consumer threadName="Thread-5" threadId="0000000002852300" bytes="132152" />
</allocation-stats>
<gc-op id="261" type="scavenge" timems="0.758" contextid="258" timestamp="2019-08-03T02:17:36.642">
  <scavenger-info tenureage="1" tenuremask="7ffe" tiltratio="55" />
  <memory-copied type="nursery" objects="1710" bytes="252640" bytesdiscarded="21320" />
  <memory-copied type="tenure" objects="1176" bytes="513024" bytesdiscarded="1544" />
  <finalization candidates="9" enqueued="0" />
  <references type="soft" candidates="17" cleared="0" enqueued="0" dynamicThreshold="24" maxThreshold="32" />
  <references type="weak" candidates="78" cleared="17" enqueued="10" />
  <references type="phantom" candidates="11" cleared="0" enqueued="0" />
</gc-op>
<gc-end id="262" type="scavenge" contextid="258" durationms="1.138" usertimems="0.000" systemtimems="0.000" timestamp="2019-08-03T02:17:36.643" activeThreads="8">
  <mem-info id="263" free="3608752" total="8519680" percent="42">
    <mem type="nursery" free="1036704" total="2228224" percent="46">
      <mem type="allocate" free="1036704" total="1310720" percent="79" />
      <mem type="survivor" free="0" total="917504" percent="0" />
    </mem>
    <mem type="tenure" free="2572048" total="6291456" percent="40">
      <mem type="soa" free="2257680" total="5977088" percent="37" />
      <mem type="loa" free="314368" total="314368" percent="100" />
    </mem>
    <pending-finalizers system="0" default="0" reference="10" classloader="0" />
    <remembered-set count="430" />
  </mem-info>
</gc-end>
<cycle-end id="264" type="scavenge" contextid="258" timestamp="2019-08-03T02:17:36.643" />
  <attribute name="elasticGC enabled" value="1" />
  <attribute name= "numThreadsSpecified" value="3" />
  <attribute name="heapSize specified" value="0" />
  <attribute name= "numCores" value="8" />
  <attribute name ="GC Interval" value="2000" />
  <attribute name ="Control flow" value="1" />
  <attribute name="GC Util Range Max" value="16" />
  <attribute name="Current GC Util" value="5" />
  <attribute name= "Current Time Running" value="732" />
<allocation-satisfied id="265" threadId="000000000284AB00" bytesRequested="4672" />
<af-end id="266" timestamp="2019-08-03T02:17:36.643" threadId="000000000284B488" success="true" from="nursery"/>
<exclusive-end id="267" timestamp="2019-08-03T02:17:36.643" durationms="2.062" />

<exclusive-start id="268" timestamp="2019-08-03T02:17:36.662" intervalms="20.800">
  <response-info timems="0.104" idlems="0.104" threads="0" lastid="000000000285D700" lastname="Thread-8" />
</exclusive-start>
<af-start id="269" threadId="000000000285E088" totalBytesRequested="8200" timestamp="2019-08-03T02:17:36.662" intervalms="20.776" type="nursery" />
<cycle-start id="270" type="scavenge" contextid="0" timestamp="2019-08-03T02:17:36.662" intervalms="20.699" />
<gc-start id="271" type="scavenge" contextid="270" timestamp="2019-08-03T02:17:36.662">
  <mem-info id="272" free="2570456" total="8519680" percent="30">
    <mem type="nursery" free="0" total="2228224" percent="0">
      <mem type="allocate" free="0" total="1310720" percent="0" />
      <mem type="survivor" free="0" total="917504" percent="0" />
    </mem>
    <mem type="tenure" free="2570456" total="6291456" percent="40">
      <mem type="soa" free="2256088" total="5977088" percent="37" />
      <mem type="loa" free="314368" total="314368" percent="100" />
    </mem>
    <remembered-set count="467" />
  </mem-info>
</gc-start>
<allocation-stats totalBytes="1009360" >
  <allocated-bytes non-tlh="22656" tlh="986704" />
  <largest-consumer threadName="Thread-3" threadId="000000000284AB00" bytes="242720" />
</allocation-stats>
<gc-op id="273" type="scavenge" timems="0.714" contextid="270" timestamp="2019-08-03T02:17:36.663">
  <scavenger-info tenureage="1" tenuremask="7ffe" tiltratio="58" />
  <memory-copied type="nursery" objects="8521" bytes="354480" bytesdiscarded="57304" />
  <memory-copied type="tenure" objects="1367" bytes="43832" bytesdiscarded="8" />
  <finalization candidates="3" enqueued="0" />
  <references type="soft" candidates="2" cleared="0" enqueued="0" dynamicThreshold="24" maxThreshold="32" />
  <references type="weak" candidates="8" cleared="3" enqueued="3" />
  <references type="phantom" candidates="1" cleared="0" enqueued="0" />
</gc-op>
<gc-end id="274" type="scavenge" contextid="270" durationms="1.144" usertimems="0.000" systemtimems="0.000" timestamp="2019-08-03T02:17:36.663" activeThreads="3">
  <mem-info id="275" free="3456592" total="8519680" percent="40">
    <mem type="nursery" free="964472" total="2228224" percent="43">
      <mem type="allocate" free="964472" total="1376256" percent="70" />
      <mem type="survivor" free="0" total="851968" percent="0" />
    </mem>
    <mem type="tenure" free="2492120" total="6291456" percent="39">
      <mem type="soa" free="2177752" total="5977088" percent="36" />
      <mem type="loa" free="314368" total="314368" percent="100" />
    </mem>
    <pending-finalizers system="0" default="0" reference="3" classloader="0" />
    <remembered-set count="267" />
  </mem-info>
</gc-end>
<cycle-end id="276" type="scavenge" contextid="270" timestamp="2019-08-03T02:17:36.663" />
  <attribute name="elasticGC enabled" value="1" />
  <attribute name= "numThreadsSpecified" value="3" />
  <attribute name="heapSize specified" value="0" />
  <attribute name= "numCores" value="8" />
  <attribute name ="GC Interval" value="2000" />
  <attribute name ="Control flow" value="1" />
  <attribute name="GC Util Range Max" value="16" />
  <attribute name="Current GC Util" value="7" />
  <attribute name= "Current Time Running" value="753" />
<allocation-satisfied id="277" threadId="000000000285D700" bytesRequested="8200" />
<af-end id="278" timestamp="2019-08-03T02:17:36.663" threadId="000000000285E088" success="true" from="nursery"/>
<exclusive-end id="279" timestamp="2019-08-03T02:17:36.664" durationms="1.812" />

<exclusive-start id="280" timestamp="2019-08-03T02:17:36.683" intervalms="21.798">
  <response-info timems="0.245" idlems="0.206" threads="1" lastid="0000000002852300" lastname="Thread-5" />
</exclusive-start>
<af-start id="281" threadId="000000000285E088" totalBytesRequested="8200" timestamp="2019-08-03T02:17:36.684" intervalms="21.764" type="nursery" />
<cycle-start id="282" type="scavenge" contextid="0" timestamp="2019-08-03T02:17:36.684" intervalms="21.737" />
<gc-start id="283" type="scavenge" contextid="282" timestamp="2019-08-03T02:17:36.684">
  <mem-info id="284" free="2483120" total="8519680" percent="29">
    <mem type="nursery" free="0" total="2228224" percent="0">
      <mem type="allocate" free="0" total="1376256" percent="0" />
      <mem type="survivor" free="0" total="851968" percent="0" />
    </mem>
    <mem type="tenure" free="2483120" total="6291456" percent="39">
      <mem type="soa" free="2168752" total="5977088" percent="36" />
      <mem type="loa" free="314368" total="314368" percent="100" />
    </mem>
    <remembered-set count="389" />
  </mem-info>
</gc-start>
<allocation-stats totalBytes="955064" >
  <allocated-bytes non-tlh="17200" tlh="937864" />
  <largest-consumer threadName="Thread-5" threadId="0000000002852300" bytes="460008" />
</allocation-stats>
<gc-op id="285" type="scavenge" timems="0.895" contextid="282" timestamp="2019-08-03T02:17:36.685">
  <scavenger-info tenureage="1" tenuremask="7ffe" tiltratio="61" />
  <memory-copied type="nursery" objects="3650" bytes="293752" bytesdiscarded="100856" />
  <memory-copied type="tenure" objects="8407" bytes="326072" bytesdiscarded="40" />
  <references type="weak" candidates="7" cleared="1" enqueued="1" />
  <references type="phantom" candidates="1" cleared="0" enqueued="0" />
</gc-op>
<gc-end id="286" type="scavenge" contextid="282" durationms="1.234" usertimems="0.000" systemtimems="0.000" timestamp="2019-08-03T02:17:36.685" activeThreads="3">
  <mem-info id="287" free="3202544" total="8519680" percent="37">
    <mem type="nursery" free="1047136" total="2228224" percent="46">
      <mem type="allocate" free="1047136" total="1441792" percent="72" />
      <mem type="survivor" free="0" total="786432" percent="0" />
    </mem>
    <mem type="tenure" free="2155408" total="6291456" percent="34">
      <mem type="soa" free="1841040" total="5977088" percent="30" />
      <mem type="loa" free="314368" total="314368" percent="100" />
    </mem>
    <pending-finalizers system="0" default="0" reference="1" classloader="0" />
    <remembered-set count="277" />
  </mem-info>
</gc-end>
<cycle-end id="288" type="scavenge" contextid="282" timestamp="2019-08-03T02:17:36.685" />
  <attribute name="elasticGC enabled" value="1" />
  <attribute name= "numThreadsSpecified" value="3" />
  <attribute name="heapSize specified" value="0" />
  <attribute name= "numCores" value="8" />
  <attribute name ="GC Interval" value="2000" />
  <attribute name ="Control flow" value="1" />
  <attribute name="GC Util Range Max" value="16" />
  <attribute name="Current GC Util" value="6" />
  <attribute name= "Current Time Running" value="774" />
<allocation-satisfied id="289" threadId="000000000285D700" bytesRequested="8200" />
<af-end id="290" timestamp="2019-08-03T02:17:36.685" threadId="000000000285E088" success="true" from="nursery"/>
<exclusive-end id="291" timestamp="2019-08-03T02:17:36.685" durationms="1.873" />

<exclusive-start id="292" timestamp="2019-08-03T02:17:36.709" intervalms="25.736">
  <response-info timems="0.051" idlems="0.029" threads="1" lastid="0000000002864F00" lastname="Thread-10" />
</exclusive-start>
<af-start id="293" threadId="000000000284F088" totalBytesRequested="64" timestamp="2019-08-03T02:17:36.709" intervalms="25.717" type="nursery" />
<cycle-start id="294" type="scavenge" contextid="0" timestamp="2019-08-03T02:17:36.709" intervalms="25.680" />
<gc-start id="295" type="scavenge" contextid="294" timestamp="2019-08-03T02:17:36.709">
  <mem-info id="296" free="2145840" total="8519680" percent="25">
    <mem type="nursery" free="0" total="2228224" percent="0">
      <mem type="allocate" free="0" total="1441792" percent="0" />
      <mem type="survivor" free="0" total="786432" percent="0" />
    </mem>
    <mem type="tenure" free="2145840" total="6291456" percent="34">
      <mem type="soa" free="1831472" total="5977088" percent="30" />
      <mem type="loa" free="314368" total="314368" percent="100" />
    </mem>
    <remembered-set count="502" />
  </mem-info>
</gc-start>
<allocation-stats totalBytes="1050400" >
  <allocated-bytes non-tlh="34168" tlh="1016232" />
  <largest-consumer threadName="Thread-8" threadId="000000000285D700" bytes="357344" />
</allocation-stats>
<gc-op id="297" type="scavenge" timems="0.915" contextid="294" timestamp="2019-08-03T02:17:36.710">
  <scavenger-info tenureage="1" tenuremask="7ffe" tiltratio="64" />
  <memory-copied type="nursery" objects="3215" bytes="463680" bytesdiscarded="141936" />
  <memory-copied type="tenure" objects="3570" bytes="289448" bytesdiscarded="8" />
  <references type="soft" candidates="3" cleared="0" enqueued="0" dynamicThreshold="24" maxThreshold="32" />
  <references type="weak" candidates="35" cleared="11" enqueued="8" />
  <references type="phantom" candidates="1" cleared="0" enqueued="0" />
</gc-op>
<gc-end id="298" type="scavenge" contextid="294" durationms="1.138" usertimems="0.000" systemtimems="0.000" timestamp="2019-08-03T02:17:36.711" activeThreads="3">
  <mem-info id="299" free="2631696" total="8519680" percent="30">
    <mem type="nursery" free="836088" total="2228224" percent="37">
      <mem type="allocate" free="836088" total="1441792" percent="57" />
      <mem type="survivor" free="0" total="786432" percent="0" />
    </mem>
    <mem type="tenure" free="1795608" total="6291456" percent="28">
      <mem type="soa" free="1481240" total="5977088" percent="24" />
      <mem type="loa" free="314368" total="314368" percent="100" />
    </mem>
    <pending-finalizers system="0" default="0" reference="8" classloader="0" />
    <remembered-set count="508" />
  </mem-info>
</gc-end>
<cycle-end id="300" type="scavenge" contextid="294" timestamp="2019-08-03T02:17:36.711" />
  <attribute name="elasticGC enabled" value="1" />
  <attribute name= "numThreadsSpecified" value="3" />
  <attribute name="heapSize specified" value="0" />
  <attribute name= "numCores" value="8" />
  <attribute name ="GC Interval" value="2000" />
  <attribute name ="Control flow" value="3" />
  <attribute name="GC Util Range Max" value="16" />
  <attribute name="Current GC Util" value="5" />
  <attribute name= "Current Time Running" value="800" />
<allocation-satisfied id="301" threadId="000000000284E700" bytesRequested="64" />
<af-end id="302" timestamp="2019-08-03T02:17:36.711" threadId="000000000284F088" success="true" from="nursery"/>
<exclusive-end id="303" timestamp="2019-08-03T02:17:36.711" durationms="1.623" />

<exclusive-start id="304" timestamp="2019-08-03T02:17:36.760" intervalms="50.815">
  <response-info timems="0.056" idlems="0.030" threads="1" lastid="0000000002859B00" lastname="Thread-7" />
</exclusive-start>
<af-start id="305" threadId="000000000285E088" totalBytesRequested="8200" timestamp="2019-08-03T02:17:36.760" intervalms="50.825" type="nursery" />
<cycle-start id="306" type="scavenge" contextid="0" timestamp="2019-08-03T02:17:36.760" intervalms="50.854" />
<gc-start id="307" type="scavenge" contextid="306" timestamp="2019-08-03T02:17:36.760">
  <mem-info id="308" free="1793376" total="8519680" percent="21">
    <mem type="nursery" free="0" total="2228224" percent="0">
      <mem type="allocate" free="0" total="1441792" percent="0" />
      <mem type="survivor" free="0" total="786432" percent="0" />
    </mem>
    <mem type="tenure" free="1793376" total="6291456" percent="28">
      <mem type="soa" free="1479008" total="5977088" percent="24" />
      <mem type="loa" free="314368" total="314368" percent="100" />
    </mem>
    <remembered-set count="671" />
  </mem-info>
</gc-start>
<allocation-stats totalBytes="832840" >
  <allocated-bytes non-tlh="2296" tlh="830544" />
  <largest-consumer threadName="Thread-9" threadId="0000000002861300" bytes="163416" />
</allocation-stats>
<gc-op id="309" type="scavenge" timems="0.918" contextid="306" timestamp="2019-08-03T02:17:36.761">
  <scavenger-info tenureage="1" tenuremask="7ffe" tiltratio="64" />
  <memory-copied type="nursery" objects="685" bytes="104128" bytesdiscarded="118072" />
  <memory-copied type="tenure" objects="3074" bytes="447008" bytesdiscarded="1712" />
  <references type="soft" candidates="1" cleared="0" enqueued="0" dynamicThreshold="24" maxThreshold="32" />
  <references type="weak" candidates="4" cleared="1" enqueued="1" />
  <references type="phantom" candidates="1" cleared="0" enqueued="0" />
</gc-op>
<gc-end id="310" type="scavenge" contextid="306" durationms="1.115" usertimems="4.000" systemtimems="0.000" timestamp="2019-08-03T02:17:36.761" activeThreads="8">
  <mem-info id="311" free="2569184" total="8519680" percent="30">
    <mem type="nursery" free="1285104" total="2228224" percent="57">
      <mem type="allocate" free="1285104" total="1507328" percent="85" />
      <mem type="survivor" free="0" total="720896" percent="0" />
    </mem>
    <mem type="tenure" free="1284080" total="6291456" percent="20">
      <mem type="soa" free="969712" total="5977088" percent="16" />
      <mem type="loa" free="314368" total="314368" percent="100" />
    </mem>
    <pending-finalizers system="0" default="0" reference="1" classloader="0" />
    <remembered-set count="503" />
  </mem-info>
</gc-end>
<cycle-end id="312" type="scavenge" contextid="306" timestamp="2019-08-03T02:17:36.762" />
  <attribute name="elasticGC enabled" value="1" />
  <attribute name= "numThreadsSpecified" value="3" />
  <attribute name="heapSize specified" value="0" />
  <attribute name= "numCores" value="8" />
  <attribute name ="GC Interval" value="2000" />
  <attribute name ="Control flow" value="3" />
  <attribute name="GC Util Range Max" value="16" />
  <attribute name="Current GC Util" value="3" />
  <attribute name= "Current Time Running" value="851" />
<allocation-satisfied id="313" threadId="000000000285D700" bytesRequested="8200" />
<af-end id="314" timestamp="2019-08-03T02:17:36.762" threadId="000000000285E088" success="true" from="nursery"/>
<exclusive-end id="315" timestamp="2019-08-03T02:17:36.762" durationms="1.845" />

<exclusive-start id="316" timestamp="2019-08-03T02:17:36.781" intervalms="20.851">
  <response-info timems="0.093" idlems="0.093" threads="0" lastid="000000000284AB00" lastname="Thread-3" />
</exclusive-start>
<af-start id="317" threadId="000000000284B488" totalBytesRequested="2056" timestamp="2019-08-03T02:17:36.781" intervalms="20.869" type="nursery" />
<cycle-start id="318" type="scavenge" contextid="0" timestamp="2019-08-03T02:17:36.781" intervalms="20.839" />
<gc-start id="319" type="scavenge" contextid="318" timestamp="2019-08-03T02:17:36.781">
  <mem-info id="320" free="1284032" total="8519680" percent="15">
    <mem type="nursery" free="0" total="2228224" percent="0">
      <mem type="allocate" free="0" total="1507328" percent="0" />
      <mem type="survivor" free="0" total="720896" percent="0" />
    </mem>
    <mem type="tenure" free="1284032" total="6291456" percent="20">
      <mem type="soa" free="969664" total="5977088" percent="16" />
      <mem type="loa" free="314368" total="314368" percent="100" />
    </mem>
    <remembered-set count="594" />
  </mem-info>
</gc-start>
<allocation-stats totalBytes="1280488" >
  <allocated-bytes non-tlh="172136" tlh="1108352" />
  <largest-consumer threadName="Thread-3" threadId="000000000284AB00" bytes="672104" />
</allocation-stats>
<gc-op id="321" type="scavenge" timems="0.604" contextid="318" timestamp="2019-08-03T02:17:36.782">
  <scavenger-info tenureage="2" tenuremask="7ffc" tiltratio="67" />
  <memory-copied type="nursery" objects="1785" bytes="594056" bytesdiscarded="45640" />
  <references type="soft" candidates="1" cleared="0" enqueued="0" dynamicThreshold="24" maxThreshold="32" />
  <references type="weak" candidates="2" cleared="0" enqueued="0" />
  <references type="phantom" candidates="2" cleared="0" enqueued="0" />
</gc-op>
<gc-end id="322" type="scavenge" contextid="318" durationms="0.788" usertimems="0.000" systemtimems="0.000" timestamp="2019-08-03T02:17:36.782" activeThreads="8">
  <mem-info id="323" free="1758368" total="8519680" percent="20">
    <mem type="nursery" free="474336" total="2228224" percent="21">
      <mem type="allocate" free="474336" total="1114112" percent="42" />
      <mem type="survivor" free="0" total="1114112" percent="0" />
    </mem>
    <mem type="tenure" free="1284032" total="6291456" percent="20">
      <mem type="soa" free="969664" total="5977088" percent="16" />
      <mem type="loa" free="314368" total="314368" percent="100" />
    </mem>
    <remembered-set count="380" />
  </mem-info>
</gc-end>
<cycle-end id="324" type="scavenge" contextid="318" timestamp="2019-08-03T02:17:36.782" />
  <attribute name="elasticGC enabled" value="1" />
  <attribute name= "numThreadsSpecified" value="3" />
  <attribute name="heapSize specified" value="0" />
  <attribute name= "numCores" value="8" />
  <attribute name ="GC Interval" value="2000" />
  <attribute name ="Control flow" value="3" />
  <attribute name="GC Util Range Max" value="16" />
  <attribute name="Current GC Util" value="9" />
  <attribute name= "Current Time Running" value="872" />
<allocation-satisfied id="325" threadId="000000000284AB00" bytesRequested="2056" />
<af-end id="326" timestamp="2019-08-03T02:17:36.782" threadId="000000000284B488" success="true" from="nursery"/>
<exclusive-end id="327" timestamp="2019-08-03T02:17:36.782" durationms="1.249" />

<exclusive-start id="328" timestamp="2019-08-03T02:17:36.791" intervalms="10.548">
  <response-info timems="0.030" idlems="0.030" threads="0" lastid="0000000002861300" lastname="Thread-9" />
</exclusive-start>
<af-start id="329" threadId="0000000002861C88" totalBytesRequested="168" timestamp="2019-08-03T02:17:36.792" intervalms="10.640" type="nursery" />
<cycle-start id="330" type="scavenge" contextid="0" timestamp="2019-08-03T02:17:36.792" intervalms="10.633" />
<gc-start id="331" type="scavenge" contextid="330" timestamp="2019-08-03T02:17:36.792">
  <mem-info id="332" free="1283776" total="8519680" percent="15">
    <mem type="nursery" free="0" total="2228224" percent="0">
      <mem type="allocate" free="0" total="1114112" percent="0" />
      <mem type="survivor" free="0" total="1114112" percent="0" />
    </mem>
    <mem type="tenure" free="1283776" total="6291456" percent="20">
      <mem type="soa" free="969408" total="5977088" percent="16" />
      <mem type="loa" free="314368" total="314368" percent="100" />
    </mem>
    <remembered-set count="457" />
  </mem-info>
</gc-start>
<allocation-stats totalBytes="468048" >
  <allocated-bytes non-tlh="51480" tlh="416568" />
  <largest-consumer threadName="Thread-4" threadId="000000000284E700" bytes="139232" />
</allocation-stats>
<gc-op id="333" type="scavenge" timems="3.443" contextid="330" timestamp="2019-08-03T02:17:36.795">
  <scavenger-info tenureage="1" tenuremask="7ffe" tiltratio="50" />
  <memory-copied type="nursery" objects="426" bytes="99136" bytesdiscarded="113384" />
  <memory-copied type="tenure" objects="1701" bytes="586000" bytesdiscarded="192" />
</gc-op>
<heap-resize id="334" type="expand" space="nursery" amount="393216" count="1" timems="0.014" reason="excessive time being spent scavenging" timestamp="2019-08-03T02:17:36.796" />
<gc-end id="335" type="scavenge" contextid="330" durationms="3.835" usertimems="4.000" systemtimems="0.000" timestamp="2019-08-03T02:17:36.796" activeThreads="8">
  <mem-info id="336" free="1790736" total="8912896" percent="20">
    <mem type="nursery" free="1163728" total="2621440" percent="44">
      <mem type="allocate" free="1163728" total="1376256" percent="84" />
      <mem type="survivor" free="0" total="1245184" percent="0" />
    </mem>
    <mem type="tenure" free="627008" total="6291456" percent="9">
      <mem type="soa" free="312640" total="5977088" percent="5" />
      <mem type="loa" free="314368" total="314368" percent="100" />
    </mem>
    <remembered-set count="238" />
  </mem-info>
</gc-end>
<cycle-end id="337" type="scavenge" contextid="330" timestamp="2019-08-03T02:17:36.796" />
  <attribute name="elasticGC enabled" value="1" />
  <attribute name= "numThreadsSpecified" value="3" />
  <attribute name="heapSize specified" value="0" />
  <attribute name= "numCores" value="8" />
  <attribute name ="GC Interval" value="2000" />
  <attribute name ="Control flow" value="1" />
  <attribute name="GC Util Range Max" value="16" />
  <attribute name="Current GC Util" value="11" />
  <attribute name= "Current Time Running" value="882" />
<allocation-satisfied id="338" threadId="0000000002861300" bytesRequested="168" />
<af-end id="339" timestamp="2019-08-03T02:17:36.796" threadId="0000000002861C88" success="true" from="nursery"/>
<exclusive-end id="340" timestamp="2019-08-03T02:17:36.796" durationms="4.663" />

<concurrent-kickoff id="341" timestamp="2019-08-03T02:17:36.803">
  <kickoff reason="threshold reached" targetBytes="1867303" thresholdFreeBytes="258146"  remainingFree="205232" tenureFreeBytes="626968" nurseryFreeBytes="205232" />
</concurrent-kickoff>
<exclusive-start id="342" timestamp="2019-08-03T02:17:36.804" intervalms="12.641">
  <response-info timems="0.062" idlems="0.033" threads="1" lastid="0000000002855F00" lastname="Thread-6" />
</exclusive-start>
<cycle-start id="343" type="global" contextid="0" timestamp="2019-08-03T02:17:36.804" intervalms="241.737" />
<exclusive-end id="344" timestamp="2019-08-03T02:17:36.804" durationms="0.087" />

<exclusive-start id="345" timestamp="2019-08-03T02:17:36.810" intervalms="6.342">
  <response-info timems="0.054" idlems="0.054" threads="0" lastid="000000000284E700" lastname="Thread-4" />
</exclusive-start>
<af-start id="346" threadId="000000000284F088" totalBytesRequested="2056" timestamp="2019-08-03T02:17:36.811" intervalms="18.859" type="nursery" />
<cycle-start id="347" type="scavenge" contextid="0" timestamp="2019-08-03T02:17:36.811" intervalms="18.870" />
<gc-start id="348" type="scavenge" contextid="347" timestamp="2019-08-03T02:17:36.811">
  <mem-info id="349" free="626968" total="8912896" percent="7">
    <mem type="nursery" free="0" total="2621440" percent="0">
      <mem type="allocate" free="0" total="1376256" percent="0" />
      <mem type="survivor" free="0" total="1245184" percent="0" />
    </mem>
    <mem type="tenure" free="626968" total="6291456" percent="9">
      <mem type="soa" free="312600" total="5977088" percent="5" />
      <mem type="loa" free="314368" total="314368" percent="100" />
    </mem>
    <remembered-set count="328" />
  </mem-info>
</gc-start>
<allocation-stats totalBytes="1131152" >
  <allocated-bytes non-tlh="213272" tlh="917880" />
  <largest-consumer threadName="Thread-7" threadId="0000000002859B00" bytes="383424" />
</allocation-stats>
<gc-op id="350" type="scavenge" timems="0.428" contextid="347" timestamp="2019-08-03T02:17:36.811">
  <scavenger-info tenureage="2" tenuremask="7ffc" tiltratio="52" />
  <memory-copied type="nursery" objects="1550" bytes="656000" bytesdiscarded="207096" />
  <references type="phantom" candidates="2" cleared="0" enqueued="0" />
</gc-op>
<gc-end id="351" type="scavenge" contextid="347" durationms="0.660" usertimems="0.000" systemtimems="0.000" timestamp="2019-08-03T02:17:36.811" activeThreads="2">
  <mem-info id="352" free="1074536" total="8912896" percent="12">
    <mem type="nursery" free="447568" total="2621440" percent="17">
      <mem type="allocate" free="447568" total="1310720" percent="34" />
      <mem type="survivor" free="0" total="1310720" percent="0" />
    </mem>
    <mem type="tenure" free="626968" total="6291456" percent="9">
      <mem type="soa" free="312600" total="5977088" percent="5" />
      <mem type="loa" free="314368" total="314368" percent="100" />
    </mem>
    <remembered-set count="254" />
  </mem-info>
</gc-end>
<cycle-end id="353" type="scavenge" contextid="347" timestamp="2019-08-03T02:17:36.811" />
  <attribute name="elasticGC enabled" value="1" />
  <attribute name= "numThreadsSpecified" value="2" />
  <attribute name="heapSize specified" value="0" />
  <attribute name= "numCores" value="8" />
  <attribute name ="GC Interval" value="2100" />
  <attribute name ="Control flow" value="2" />
  <attribute name="GC Util Range Max" value="16" />
  <attribute name="Current GC Util" value="19" />
  <attribute name= "Current Time Running" value="901" />
<allocation-satisfied id="354" threadId="000000000284E700" bytesRequested="2056" />
<af-end id="355" timestamp="2019-08-03T02:17:36.812" threadId="000000000284F088" success="true" from="nursery"/>
<exclusive-end id="356" timestamp="2019-08-03T02:17:36.812" durationms="1.155" />

<exclusive-start id="357" timestamp="2019-08-03T02:17:36.812" intervalms="1.547">
  <response-info timems="0.204" idlems="0.052" threads="4" lastid="0000000002864F00" lastname="Thread-10" />
</exclusive-start>
<concurrent-collection-start id="358" timestamp="2019-08-03T02:17:36.812" intervalms="1095.059" >
  <concurrent-trace-info reason="card cleaning threshold reached" tracedByMutators="694736" tracedByHelpers="1751276" cardsCleaned="165" workStackOverflowCount="0" />
</concurrent-collection-start>
<gc-start id="359" type="global" contextid="343" timestamp="2019-08-03T02:17:36.812">
  <mem-info id="360" free="865632" total="8912896" percent="9">
    <mem type="nursery" free="238664" total="2621440" percent="9">
      <mem type="allocate" free="238664" total="1310720" percent="18" />
      <mem type="survivor" free="0" total="1310720" percent="0" />
    </mem>
    <mem type="tenure" free="626968" total="6291456" percent="9">
      <mem type="soa" free="312600" total="5977088" percent="5" />
      <mem type="loa" free="314368" total="314368" percent="100" />
    </mem>
    <remembered-set count="258" />
  </mem-info>
</gc-start>
<allocation-stats totalBytes="208864" >
  <allocated-bytes non-tlh="34832" tlh="174032" />
  <largest-consumer threadName="Thread-6" threadId="0000000002855F00" bytes="63448" />
</allocation-stats>
<gc-op id="361" type="rs-scan" timems="0.218" contextid="343" timestamp="2019-08-03T02:17:36.812">
  <scan objectsFound="177" bytesTraced="179188" workStackOverflowCount="0" />
</gc-op>
<gc-op id="362" type="card-cleaning" timems="0.205" contextid="343" timestamp="2019-08-03T02:17:36.813">
  <card-cleaning cardsCleaned="18" bytesTraced="241356" workStackOverflowCount="0" />
</gc-op>
<gc-op id="363" type="mark" timems="1.010" contextid="343" timestamp="2019-08-03T02:17:36.814">
  <trace-info objectcount="736" scancount="667" scanbytes="142012" />
  <finalization candidates="25" enqueued="0" />
  <references type="soft" candidates="168" cleared="0" enqueued="0" dynamicThreshold="24" maxThreshold="32" />
  <references type="weak" candidates="255" cleared="2" enqueued="1" />
  <references type="phantom" candidates="80" cleared="2" enqueued="2" />
  <stringconstants candidates="3961" cleared="0"  />
</gc-op>
<gc-op id="364" type="classunload" timems="0.002" contextid="343" timestamp="2019-08-03T02:17:36.814">
  <classunload-info classloadercandidates="20" classloadersunloaded="0" classesunloaded="0" anonymousclassesunloaded="0" quiescems="0.000" setupms="0.001" scanms="0.001" postms="0.000" />
</gc-op>
<gc-op id="365" type="sweep" timems="0.215" contextid="343" timestamp="2019-08-03T02:17:36.814" />
<gc-end id="366" type="global" contextid="343" durationms="2.761" usertimems="4.000" systemtimems="0.000" timestamp="2019-08-03T02:17:36.815" activeThreads="8">
  <mem-info id="367" free="3118648" total="8912896" percent="34">
    <mem type="nursery" free="664544" total="2621440" percent="25">
      <mem type="allocate" free="664544" total="1310720" percent="50" />
      <mem type="survivor" free="0" total="1310720" percent="0" />
    </mem>
    <mem type="tenure" free="2454104" total="6291456" percent="39" micro-fragmented="30489" macro-fragmented="0">
      <mem type="soa" free="2139736" total="5977088" percent="35" />
      <mem type="loa" free="314368" total="314368" percent="100" />
    </mem>
    <pending-finalizers system="0" default="0" reference="3" classloader="0" />
    <remembered-set count="238" />
  </mem-info>
</gc-end>
<cycle-end id="368" type="global" contextid="343" timestamp="2019-08-03T02:17:36.815" />
  <attribute name="elasticGC enabled" value="1" />
  <attribute name= "numThreadsSpecified" value="2" />
  <attribute name="heapSize specified" value="0" />
  <attribute name= "numCores" value="8" />
  <attribute name ="GC Interval" value="2100" />
  <attribute name ="Control flow" value="3" />
  <attribute name="GC Util Range Max" value="16" />
  <attribute name="Current GC Util" value="12" />
  <attribute name= "Current Time Running" value="905" />
<concurrent-collection-end id="369" timestamp="2019-08-03T02:17:36.815" />
<exclusive-end id="370" timestamp="2019-08-03T02:17:36.815" durationms="3.187" />

<exclusive-start id="371" timestamp="2019-08-03T02:17:36.818" intervalms="5.586">
  <response-info timems="0.064" idlems="0.064" threads="0" lastid="000000000284E700" lastname="Thread-4" />
</exclusive-start>
<af-start id="372" threadId="000000000284F088" totalBytesRequested="2008" timestamp="2019-08-03T02:17:36.818" intervalms="7.131" type="nursery" />
<cycle-start id="373" type="scavenge" contextid="0" timestamp="2019-08-03T02:17:36.818" intervalms="7.135" />
<gc-start id="374" type="scavenge" contextid="373" timestamp="2019-08-03T02:17:36.818">
  <mem-info id="375" free="2454104" total="8912896" percent="27">
    <mem type="nursery" free="0" total="2621440" percent="0">
      <mem type="allocate" free="0" total="1310720" percent="0" />
      <mem type="survivor" free="0" total="1310720" percent="0" />
    </mem>
    <mem type="tenure" free="2454104" total="6291456" percent="39">
      <mem type="soa" free="2139736" total="5977088" percent="35" />
      <mem type="loa" free="314368" total="314368" percent="100" />
    </mem>
    <remembered-set count="305" />
  </mem-info>
</gc-start>
<allocation-stats totalBytes="616920" >
  <allocated-bytes non-tlh="239728" tlh="377192" />
  <largest-consumer threadName="Thread-3" threadId="000000000284AB00" bytes="286928" />
</allocation-stats>
<gc-op id="376" type="scavenge" timems="0.687" contextid="373" timestamp="2019-08-03T02:17:36.819">
  <scavenger-info tenureage="1" tenuremask="7ffe" tiltratio="50" />
  <memory-copied type="nursery" objects="1027" bytes="410056" bytesdiscarded="223880" />
  <memory-copied type="tenure" objects="1391" bytes="573312" bytesdiscarded="3320" />
  <references type="phantom" candidates="2" cleared="0" enqueued="0" />
</gc-op>
<gc-end id="377" type="scavenge" contextid="373" durationms="0.935" usertimems="0.000" systemtimems="0.000" timestamp="2019-08-03T02:17:36.819" activeThreads="8">
  <mem-info id="378" free="2617496" total="8912896" percent="29">
    <mem type="nursery" free="807816" total="2621440" percent="30">
      <mem type="allocate" free="807816" total="1441792" percent="56" />
      <mem type="survivor" free="0" total="1179648" percent="0" />
    </mem>
    <mem type="tenure" free="1809680" total="6291456" percent="28">
      <mem type="soa" free="1495312" total="5977088" percent="25" />
      <mem type="loa" free="314368" total="314368" percent="100" />
    </mem>
    <remembered-set count="224" />
  </mem-info>
</gc-end>
<cycle-end id="379" type="scavenge" contextid="373" timestamp="2019-08-03T02:17:36.819" />
  <attribute name="elasticGC enabled" value="1" />
  <attribute name= "numThreadsSpecified" value="2" />
  <attribute name="heapSize specified" value="0" />
  <attribute name= "numCores" value="8" />
  <attribute name ="GC Interval" value="2100" />
  <attribute name ="Control flow" value="3" />
  <attribute name="GC Util Range Max" value="16" />
  <attribute name="Current GC Util" value="75" />
  <attribute name= "Current Time Running" value="908" />
<allocation-satisfied id="380" threadId="000000000284E700" bytesRequested="2008" />
<af-end id="381" timestamp="2019-08-03T02:17:36.819" threadId="000000000284F088" success="true" from="nursery"/>
<exclusive-end id="382" timestamp="2019-08-03T02:17:36.819" durationms="1.414" />

<exclusive-start id="383" timestamp="2019-08-03T02:17:36.823" intervalms="5.280">
  <response-info timems="0.165" idlems="0.067" threads="2" lastid="0000000002861300" lastname="Thread-9" />
</exclusive-start>
<af-start id="384" threadId="0000000002852C88" totalBytesRequested="16392" timestamp="2019-08-03T02:17:36.823" intervalms="5.266" type="nursery" />
<cycle-start id="385" type="scavenge" contextid="0" timestamp="2019-08-03T02:17:36.823" intervalms="5.257" />
<gc-start id="386" type="scavenge" contextid="385" timestamp="2019-08-03T02:17:36.823">
  <mem-info id="387" free="1809680" total="8912896" percent="20">
    <mem type="nursery" free="0" total="2621440" percent="0">
      <mem type="allocate" free="0" total="1441792" percent="0" />
      <mem type="survivor" free="0" total="1179648" percent="0" />
    </mem>
    <mem type="tenure" free="1809680" total="6291456" percent="28">
      <mem type="soa" free="1495312" total="5977088" percent="25" />
      <mem type="loa" free="314368" total="314368" percent="100" />
    </mem>
    <remembered-set count="312" />
  </mem-info>
</gc-start>
<allocation-stats totalBytes="742640" >
  <allocated-bytes non-tlh="83952" tlh="658688" />
  <largest-consumer threadName="Thread-7" threadId="0000000002859B00" bytes="294992" />
</allocation-stats>
<gc-op id="388" type="scavenge" timems="0.543" contextid="385" timestamp="2019-08-03T02:17:36.824">
  <scavenger-info tenureage="1" tenuremask="7ffe" tiltratio="55" />
  <memory-copied type="nursery" objects="456" bytes="352128" bytesdiscarded="173216" />
  <memory-copied type="tenure" objects="974" bytes="405320" bytesdiscarded="3816" />
</gc-op>
<gc-end id="389" type="scavenge" contextid="385" durationms="0.727" usertimems="0.000" systemtimems="0.000" timestamp="2019-08-03T02:17:36.824" activeThreads="8">
  <mem-info id="390" free="2421664" total="8912896" percent="27">
    <mem type="nursery" free="1047480" total="2621440" percent="39">
      <mem type="allocate" free="1047480" total="1572864" percent="66" />
      <mem type="survivor" free="0" total="1048576" percent="0" />
    </mem>
    <mem type="tenure" free="1374184" total="6291456" percent="21">
      <mem type="soa" free="1059816" total="5977088" percent="17" />
      <mem type="loa" free="314368" total="314368" percent="100" />
    </mem>
    <remembered-set count="230" />
  </mem-info>
</gc-end>
<cycle-end id="391" type="scavenge" contextid="385" timestamp="2019-08-03T02:17:36.824" />
  <attribute name="elasticGC enabled" value="1" />
  <attribute name= "numThreadsSpecified" value="2" />
  <attribute name="heapSize specified" value="0" />
  <attribute name= "numCores" value="8" />
  <attribute name ="GC Interval" value="2100" />
  <attribute name ="Control flow" value="3" />
  <attribute name="GC Util Range Max" value="16" />
  <attribute name="Current GC Util" value="27" />
  <attribute name= "Current Time Running" value="914" />
<allocation-satisfied id="392" threadId="0000000002852300" bytesRequested="16392" />
<af-end id="393" timestamp="2019-08-03T02:17:36.824" threadId="0000000002852C88" success="true" from="nursery"/>
<exclusive-end id="394" timestamp="2019-08-03T02:17:36.824" durationms="1.144" />

<exclusive-start id="395" timestamp="2019-08-03T02:17:36.836" intervalms="13.236">
  <response-info timems="0.054" idlems="0.054" threads="0" lastid="000000000284E700" lastname="Thread-4" />
</exclusive-start>
<af-start id="396" threadId="000000000284F088" totalBytesRequested="48" timestamp="2019-08-03T02:17:36.836" intervalms="13.253" type="nursery" />
<cycle-start id="397" type="scavenge" contextid="0" timestamp="2019-08-03T02:17:36.836" intervalms="13.260" />
<gc-start id="398" type="scavenge" contextid="397" timestamp="2019-08-03T02:17:36.836">
  <mem-info id="399" free="1374152" total="8912896" percent="15">
    <mem type="nursery" free="0" total="2621440" percent="0">
      <mem type="allocate" free="0" total="1572864" percent="0" />
      <mem type="survivor" free="0" total="1048576" percent="0" />
    </mem>
    <mem type="tenure" free="1374152" total="6291456" percent="21">
      <mem type="soa" free="1059784" total="5977088" percent="17" />
      <mem type="loa" free="314368" total="314368" percent="100" />
    </mem>
    <remembered-set count="380" />
  </mem-info>
</gc-start>
<allocation-stats totalBytes="995840" >
  <allocated-bytes non-tlh="98368" tlh="897472" />
  <largest-consumer threadName="Thread-6" threadId="0000000002855F00" bytes="383928" />
</allocation-stats>
<gc-op id="400" type="scavenge" timems="0.639" contextid="397" timestamp="2019-08-03T02:17:36.837">
  <scavenger-info tenureage="1" tenuremask="7ffe" tiltratio="60" />
  <memory-copied type="nursery" objects="1639" bytes="488832" bytesdiscarded="127880" />
  <memory-copied type="tenure" objects="348" bytes="324480" bytesdiscarded="1960" />
  <references type="phantom" candidates="2" cleared="0" enqueued="0" />
</gc-op>
<gc-end id="401" type="scavenge" contextid="397" durationms="0.858" usertimems="0.000" systemtimems="0.000" timestamp="2019-08-03T02:17:36.837" activeThreads="8">
  <mem-info id="402" free="2055528" total="8912896" percent="23">
    <mem type="nursery" free="1021656" total="2621440" percent="38">
      <mem type="allocate" free="1021656" total="1638400" percent="62" />
      <mem type="survivor" free="0" total="983040" percent="0" />
    </mem>
    <mem type="tenure" free="1033872" total="6291456" percent="16">
      <mem type="soa" free="719504" total="5977088" percent="12" />
      <mem type="loa" free="314368" total="314368" percent="100" />
    </mem>
    <remembered-set count="242" />
  </mem-info>
</gc-end>
<cycle-end id="403" type="scavenge" contextid="397" timestamp="2019-08-03T02:17:36.837" />
  <attribute name="elasticGC enabled" value="1" />
  <attribute name= "numThreadsSpecified" value="2" />
  <attribute name="heapSize specified" value="0" />
  <attribute name= "numCores" value="8" />
  <attribute name ="GC Interval" value="2100" />
  <attribute name ="Control flow" value="1" />
  <attribute name="GC Util Range Max" value="16" />
  <attribute name="Current GC Util" value="8" />
  <attribute name= "Current Time Running" value="927" />
<allocation-satisfied id="404" threadId="000000000284E700" bytesRequested="48" />
<af-end id="405" timestamp="2019-08-03T02:17:36.837" threadId="000000000284F088" success="true" from="nursery"/>
<exclusive-end id="406" timestamp="2019-08-03T02:17:36.837" durationms="1.338" />

<exclusive-start id="407" timestamp="2019-08-03T02:17:36.852" intervalms="16.290">
  <response-info timems="0.079" idlems="0.079" threads="0" lastid="000000000285D700" lastname="Thread-8" />
</exclusive-start>
<af-start id="408" threadId="000000000285E088" totalBytesRequested="16392" timestamp="2019-08-03T02:17:36.852" intervalms="16.290" type="nursery" />
<cycle-start id="409" type="scavenge" contextid="0" timestamp="2019-08-03T02:17:36.853" intervalms="16.282" />
<gc-start id="410" type="scavenge" contextid="409" timestamp="2019-08-03T02:17:36.853">
  <mem-info id="411" free="1033840" total="8912896" percent="11">
    <mem type="nursery" free="0" total="2621440" percent="0">
      <mem type="allocate" free="0" total="1638400" percent="0" />
      <mem type="survivor" free="0" total="983040" percent="0" />
    </mem>
    <mem type="tenure" free="1033840" total="6291456" percent="16">
      <mem type="soa" free="719472" total="5977088" percent="12" />
      <mem type="loa" free="314368" total="314368" percent="100" />
    </mem>
    <remembered-set count="387" />
  </mem-info>
</gc-start>
<allocation-stats totalBytes="956216" >
  <allocated-bytes non-tlh="82024" tlh="874192" />
  <largest-consumer threadName="Thread-7" threadId="0000000002859B00" bytes="425072" />
</allocation-stats>
<gc-op id="412" type="scavenge" timems="0.557" contextid="409" timestamp="2019-08-03T02:17:36.853">
  <scavenger-info tenureage="1" tenuremask="7ffe" tiltratio="62" />
  <memory-copied type="nursery" objects="839" bytes="347568" bytesdiscarded="142936" />
  <memory-copied type="tenure" objects="1117" bytes="418624" bytesdiscarded="5840" />
  <references type="phantom" candidates="1" cleared="0" enqueued="0" />
</gc-op>
<gc-end id="413" type="scavenge" contextid="409" durationms="0.746" usertimems="0.000" systemtimems="4.000" timestamp="2019-08-03T02:17:36.853" activeThreads="2">
  <mem-info id="414" free="1570504" total="8912896" percent="17">
    <mem type="nursery" free="1213392" total="2621440" percent="46">
      <mem type="allocate" free="1213392" total="1703936" percent="71" />
      <mem type="survivor" free="0" total="917504" percent="0" />
    </mem>
    <mem type="tenure" free="357112" total="6291456" percent="5">
      <mem type="soa" free="42744" total="5977088" percent="0" />
      <mem type="loa" free="314368" total="314368" percent="100" />
    </mem>
    <remembered-set count="279" />
  </mem-info>
</gc-end>
<cycle-end id="415" type="scavenge" contextid="409" timestamp="2019-08-03T02:17:36.853" />
  <attribute name="elasticGC enabled" value="1" />
  <attribute name= "numThreadsSpecified" value="2" />
  <attribute name="heapSize specified" value="0" />
  <attribute name= "numCores" value="8" />
  <attribute name ="GC Interval" value="2100" />
  <attribute name ="Control flow" value="2" />
  <attribute name="GC Util Range Max" value="16" />
  <attribute name="Current GC Util" value="8" />
  <attribute name= "Current Time Running" value="943" />
<allocation-satisfied id="416" threadId="000000000285D700" bytesRequested="16392" />
<af-end id="417" timestamp="2019-08-03T02:17:36.854" threadId="000000000285E088" success="true" from="nursery"/>
<exclusive-end id="418" timestamp="2019-08-03T02:17:36.854" durationms="1.186" />

<concurrent-kickoff id="419" timestamp="2019-08-03T02:17:36.865">
  <kickoff reason="threshold reached" targetBytes="1995599" thresholdFreeBytes="270355"  remainingFree="246720" tenureFreeBytes="357112" nurseryFreeBytes="246720" />
</concurrent-kickoff>
<exclusive-start id="420" timestamp="2019-08-03T02:17:36.865" intervalms="12.347">
  <response-info timems="0.042" idlems="0.042" threads="0" lastid="000000000284AB00" lastname="Thread-3" />
</exclusive-start>
<cycle-start id="421" type="global" contextid="0" timestamp="2019-08-03T02:17:36.865" intervalms="60.644" />
<exclusive-end id="422" timestamp="2019-08-03T02:17:36.865" durationms="0.122" />

<exclusive-start id="423" timestamp="2019-08-03T02:17:36.877" intervalms="11.819">
  <response-info timems="0.079" idlems="0.079" threads="0" lastid="000000000284E700" lastname="Thread-4" />
</exclusive-start>
<af-start id="424" threadId="000000000284F088" totalBytesRequested="48" timestamp="2019-08-03T02:17:36.877" intervalms="24.182" type="nursery" />
<percolate-collect id="425" from="nursery" to="global" reason="concurrent mark exhausted" timestamp="2019-08-03T02:17:36.877"/>
<gc-start id="426" type="global" contextid="421" timestamp="2019-08-03T02:17:36.877">
  <mem-info id="427" free="357112" total="8912896" percent="4">
    <mem type="nursery" free="0" total="2621440" percent="0">
      <mem type="allocate" free="0" total="1703936" percent="0" />
      <mem type="survivor" free="0" total="917504" percent="0" />
    </mem>
    <mem type="tenure" free="357112" total="6291456" percent="5">
      <mem type="soa" free="42744" total="5977088" percent="0" />
      <mem type="loa" free="314368" total="314368" percent="100" />
    </mem>
    <remembered-set count="424" />
  </mem-info>
</gc-start>
<allocation-stats totalBytes="1210960" >
  <allocated-bytes non-tlh="188488" tlh="1022472" />
  <largest-consumer threadName="Thread-10" threadId="0000000002864F00" bytes="411568" />
</allocation-stats>
<concurrent-halted id="428" timestamp="2019-08-03T02:17:36.877">
  <halted state="Complete" status="exhausted" />
  <traced bytesTarget="1995599" bytesTotal="2372884" bytesByMutator="741024" bytesByHelper="1631860" percent="118" />
  <cards cleaned="162" thresholdBytes="106503" />
</concurrent-halted>
<gc-op id="429" type="rs-scan" timems="0.212" contextid="421" timestamp="2019-08-03T02:17:36.877">
  <scan objectsFound="264" bytesTraced="45764" workStackOverflowCount="0" />
</gc-op>
<gc-op id="430" type="card-cleaning" timems="0.265" contextid="421" timestamp="2019-08-03T02:17:36.878">
  <card-cleaning cardsCleaned="60" bytesTraced="625804" workStackOverflowCount="0" />
</gc-op>
<gc-op id="431" type="mark" timems="0.715" contextid="421" timestamp="2019-08-03T02:17:36.878">
  <trace-info objectcount="800" scancount="714" scanbytes="109944" />
  <finalization candidates="25" enqueued="0" />
  <references type="soft" candidates="168" cleared="0" enqueued="0" dynamicThreshold="12" maxThreshold="32" />
  <references type="weak" candidates="253" cleared="0" enqueued="0" />
  <references type="phantom" candidates="77" cleared="0" enqueued="0" />
  <stringconstants candidates="3963" cleared="0"  />
</gc-op>
<gc-op id="432" type="sweep" timems="0.235" contextid="421" timestamp="2019-08-03T02:17:36.879" />
<gc-end id="433" type="global" contextid="421" durationms="2.859" usertimems="4.000" systemtimems="0.000" timestamp="2019-08-03T02:17:36.880" activeThreads="1">
  <mem-info id="434" free="3450408" total="8912896" percent="38">
    <mem type="nursery" free="965096" total="2621440" percent="36">
      <mem type="allocate" free="965096" total="1703936" percent="56" />
      <mem type="survivor" free="0" total="917504" percent="0" />
    </mem>
    <mem type="tenure" free="2485312" total="6291456" percent="39" micro-fragmented="88446" macro-fragmented="0">
      <mem type="soa" free="2170944" total="5977088" percent="36" />
      <mem type="loa" free="314368" total="314368" percent="100" />
    </mem>
    <remembered-set count="375" />
  </mem-info>
</gc-end>
<cycle-end id="435" type="global" contextid="421" timestamp="2019-08-03T02:17:36.880" />
  <attribute name="elasticGC enabled" value="1" />
  <attribute name= "numThreadsSpecified" value="1" />
  <attribute name="heapSize specified" value="0" />
  <attribute name= "numCores" value="8" />
  <attribute name ="GC Interval" value="2100" />
  <attribute name ="Control flow" value="1" />
  <attribute name="GC Util Range Max" value="16" />
  <attribute name="Current GC Util" value="38" />
  <attribute name= "Current Time Running" value="969" />
<allocation-satisfied id="436" threadId="000000000284E700" bytesRequested="48" />
<af-end id="437" timestamp="2019-08-03T02:17:36.880" threadId="000000000284F088" success="true" from="nursery"/>
<exclusive-end id="438" timestamp="2019-08-03T02:17:36.880" durationms="3.378" />

<exclusive-start id="439" timestamp="2019-08-03T02:17:36.892" intervalms="15.606">
  <response-info timems="0.110" idlems="0.042" threads="2" lastid="0000000002852300" lastname="Thread-5" />
</exclusive-start>
<af-start id="440" threadId="0000000002856888" totalBytesRequested="32776" timestamp="2019-08-03T02:17:36.892" intervalms="15.632" type="nursery" />
<cycle-start id="441" type="scavenge" contextid="0" timestamp="2019-08-03T02:17:36.892" intervalms="39.853" />
<gc-start id="442" type="scavenge" contextid="441" timestamp="2019-08-03T02:17:36.892">
  <mem-info id="443" free="2553312" total="8912896" percent="28">
    <mem type="nursery" free="68000" total="2621440" percent="2">
      <mem type="allocate" free="68000" total="1703936" percent="3" />
      <mem type="survivor" free="0" total="917504" percent="0" />
    </mem>
    <mem type="tenure" free="2485312" total="6291456" percent="39">
      <mem type="soa" free="2170944" total="5977088" percent="36" />
      <mem type="loa" free="314368" total="314368" percent="100" />
    </mem>
    <remembered-set count="431" />
  </mem-info>
</gc-start>
<allocation-stats totalBytes="830752" >
  <allocated-bytes non-tlh="401680" tlh="429072" />
  <largest-consumer threadName="Thread-3" threadId="000000000284AB00" bytes="390688" />
</allocation-stats>
<gc-op id="444" type="scavenge" timems="0.965" contextid="441" timestamp="2019-08-03T02:17:36.894">
  <scavenger-info tenureage="1" tenuremask="7ffe" tiltratio="65" />
  <memory-copied type="nursery" objects="2146" bytes="907024" bytesdiscarded="10416" />
  <memory-copied type="tenure" objects="677" bytes="267000" bytesdiscarded="3528" />
  <references type="weak" candidates="1" cleared="0" enqueued="0" />
  <references type="phantom" candidates="2" cleared="0" enqueued="0" />
</gc-op>
<gc-end id="445" type="scavenge" contextid="441" durationms="1.163" usertimems="0.000" systemtimems="0.000" timestamp="2019-08-03T02:17:36.894" activeThreads="1">
  <mem-info id="446" free="2603080" total="8912896" percent="29">
    <mem type="nursery" free="393216" total="2621440" percent="15">
      <mem type="allocate" free="393216" total="1310720" percent="30" />
      <mem type="survivor" free="0" total="1310720" percent="0" />
    </mem>
    <mem type="tenure" free="2209864" total="6291456" percent="35">
      <mem type="soa" free="1895496" total="5977088" percent="31" />
      <mem type="loa" free="314368" total="314368" percent="100" />
    </mem>
    <remembered-set count="247" />
  </mem-info>
</gc-end>
<cycle-end id="447" type="scavenge" contextid="441" timestamp="2019-08-03T02:17:36.894" />
  <attribute name="elasticGC enabled" value="1" />
  <attribute name= "numThreadsSpecified" value="1" />
  <attribute name="heapSize specified" value="0" />
  <attribute name= "numCores" value="8" />
  <attribute name ="GC Interval" value="2100" />
  <attribute name ="Control flow" value="3" />
  <attribute name="GC Util Range Max" value="16" />
  <attribute name="Current GC Util" value="33" />
  <attribute name= "Current Time Running" value="983" />
<allocation-satisfied id="448" threadId="0000000002855F00" bytesRequested="32776" />
<af-end id="449" timestamp="2019-08-03T02:17:36.894" threadId="0000000002856888" success="true" from="nursery"/>
<exclusive-end id="450" timestamp="2019-08-03T02:17:36.894" durationms="1.725" />

<exclusive-start id="451" timestamp="2019-08-03T02:17:36.895" intervalms="2.829">
  <response-info timems="0.123" idlems="0.084" threads="1" lastid="0000000002855F00" lastname="Thread-6" />
</exclusive-start>
<af-start id="452" threadId="000000000285E088" totalBytesRequested="32776" timestamp="2019-08-03T02:17:36.895" intervalms="2.773" type="nursery" />
<cycle-start id="453" type="scavenge" contextid="0" timestamp="2019-08-03T02:17:36.895" intervalms="2.758" />
<gc-start id="454" type="scavenge" contextid="453" timestamp="2019-08-03T02:17:36.895">
  <mem-info id="455" free="2209864" total="8912896" percent="24">
    <mem type="nursery" free="0" total="2621440" percent="0">
      <mem type="allocate" free="0" total="1310720" percent="0" />
      <mem type="survivor" free="0" total="1310720" percent="0" />
    </mem>
    <mem type="tenure" free="2209864" total="6291456" percent="35">
      <mem type="soa" free="1895496" total="5977088" percent="31" />
      <mem type="loa" free="314368" total="314368" percent="100" />
    </mem>
    <remembered-set count="280" />
  </mem-info>
</gc-start>
<allocation-stats totalBytes="372336" >
  <allocated-bytes non-tlh="65552" tlh="306784" />
  <largest-consumer threadName="Thread-8" threadId="000000000285D700" bytes="208488" />
</allocation-stats>
<gc-op id="456" type="scavenge" timems="0.522" contextid="453" timestamp="2019-08-03T02:17:36.896">
  <scavenger-info tenureage="1" tenuremask="7ffe" tiltratio="50" />
  <memory-copied type="nursery" objects="120" bytes="180488" bytesdiscarded="28936" />
  <memory-copied type="tenure" objects="1669" bytes="772616" bytesdiscarded="6360" />
</gc-op>
<gc-end id="457" type="scavenge" contextid="453" durationms="0.704" usertimems="0.000" systemtimems="0.000" timestamp="2019-08-03T02:17:36.896" activeThreads="8">
  <mem-info id="458" free="2522488" total="8912896" percent="28">
    <mem type="nursery" free="1101280" total="2621440" percent="42">
      <mem type="allocate" free="1101280" total="1310720" percent="84" />
      <mem type="survivor" free="0" total="1310720" percent="0" />
    </mem>
    <mem type="tenure" free="1421208" total="6291456" percent="22">
      <mem type="soa" free="1106840" total="5977088" percent="18" />
      <mem type="loa" free="314368" total="314368" percent="100" />
    </mem>
    <remembered-set count="184" />
  </mem-info>
</gc-end>
<cycle-end id="459" type="scavenge" contextid="453" timestamp="2019-08-03T02:17:36.896" />
  <attribute name="elasticGC enabled" value="1" />
  <attribute name= "numThreadsSpecified" value="1" />
  <attribute name="heapSize specified" value="0" />
  <attribute name= "numCores" value="8" />
  <attribute name ="GC Interval" value="2100" />
  <attribute name ="Control flow" value="3" />
  <attribute name="GC Util Range Max" value="16" />
  <attribute name="Current GC Util" value="44" />
  <attribute name= "Current Time Running" value="986" />
<allocation-satisfied id="460" threadId="000000000285D700" bytesRequested="32776" />
<af-end id="461" timestamp="2019-08-03T02:17:36.896" threadId="000000000285E088" success="true" from="nursery"/>
<exclusive-end id="462" timestamp="2019-08-03T02:17:36.896" durationms="1.135" />

<exclusive-start id="463" timestamp="2019-08-03T02:17:36.918" intervalms="22.593">
  <response-info timems="0.041" idlems="0.023" threads="1" lastid="000000000284AB00" lastname="Thread-3" />
</exclusive-start>
<af-start id="464" threadId="000000000285A488" totalBytesRequested="32776" timestamp="2019-08-03T02:17:36.918" intervalms="22.605" type="nursery" />
<cycle-start id="465" type="scavenge" contextid="0" timestamp="2019-08-03T02:17:36.918" intervalms="22.584" />
<gc-start id="466" type="scavenge" contextid="465" timestamp="2019-08-03T02:17:36.918">
  <mem-info id="467" free="1424736" total="8912896" percent="15">
    <mem type="nursery" free="3528" total="2621440" percent="0">
      <mem type="allocate" free="3528" total="1310720" percent="0" />
      <mem type="survivor" free="0" total="1310720" percent="0" />
    </mem>
    <mem type="tenure" free="1421208" total="6291456" percent="22">
      <mem type="soa" free="1106840" total="5977088" percent="18" />
      <mem type="loa" free="314368" total="314368" percent="100" />
    </mem>
    <remembered-set count="413" />
  </mem-info>
</gc-start>
<allocation-stats totalBytes="1056656" >
  <allocated-bytes non-tlh="81944" tlh="974712" />
  <largest-consumer threadName="Thread-7" threadId="0000000002859B00" bytes="287320" />
</allocation-stats>
<gc-op id="468" type="scavenge" timems="0.517" contextid="465" timestamp="2019-08-03T02:17:36.918">
  <scavenger-info tenureage="1" tenuremask="7ffe" tiltratio="50" />
  <memory-copied type="nursery" objects="1440" bytes="388360" bytesdiscarded="193504" />
  <memory-copied type="tenure" objects="114" bytes="180248" bytesdiscarded="0" />
</gc-op>
<gc-end id="469" type="scavenge" contextid="465" durationms="0.708" usertimems="4.000" systemtimems="0.000" timestamp="2019-08-03T02:17:36.918" activeThreads="8">
  <mem-info id="470" free="1963832" total="8912896" percent="22">
    <mem type="nursery" free="728824" total="2621440" percent="27">
      <mem type="allocate" free="728824" total="1310720" percent="55" />
      <mem type="survivor" free="0" total="1310720" percent="0" />
    </mem>
    <mem type="tenure" free="1235008" total="6291456" percent="19">
      <mem type="soa" free="920640" total="5977088" percent="15" />
      <mem type="loa" free="314368" total="314368" percent="100" />
    </mem>
    <remembered-set count="257" />
  </mem-info>
</gc-end>
<cycle-end id="471" type="scavenge" contextid="465" timestamp="2019-08-03T02:17:36.919" />
  <attribute name="elasticGC enabled" value="1" />
  <attribute name= "numThreadsSpecified" value="1" />
  <attribute name="heapSize specified" value="0" />
  <attribute name= "numCores" value="8" />
  <attribute name ="GC Interval" value="2100" />
  <attribute name ="Control flow" value="1" />
  <attribute name="GC Util Range Max" value="16" />
  <attribute name="Current GC Util" value="5" />
  <attribute name= "Current Time Running" value="1008" />
<allocation-satisfied id="472" threadId="0000000002859B00" bytesRequested="32776" />
<af-end id="473" timestamp="2019-08-03T02:17:36.919" threadId="000000000285A488" success="true" from="nursery"/>
<exclusive-end id="474" timestamp="2019-08-03T02:17:36.919" durationms="1.155" />

<exclusive-start id="475" timestamp="2019-08-03T02:17:36.939" intervalms="21.137">
  <response-info timems="0.064" idlems="0.034" threads="1" lastid="000000000284E700" lastname="Thread-4" />
</exclusive-start>
<af-start id="476" threadId="0000000002856888" totalBytesRequested="48" timestamp="2019-08-03T02:17:36.939" intervalms="21.137" type="nursery" />
<cycle-start id="477" type="scavenge" contextid="0" timestamp="2019-08-03T02:17:36.939" intervalms="21.144" />
<gc-start id="478" type="scavenge" contextid="477" timestamp="2019-08-03T02:17:36.939">
  <mem-info id="479" free="1235008" total="8912896" percent="13">
    <mem type="nursery" free="0" total="2621440" percent="0">
      <mem type="allocate" free="0" total="1310720" percent="0" />
      <mem type="survivor" free="0" total="1310720" percent="0" />
    </mem>
    <mem type="tenure" free="1235008" total="6291456" percent="19">
      <mem type="soa" free="920640" total="5977088" percent="15" />
      <mem type="loa" free="314368" total="314368" percent="100" />
    </mem>
    <remembered-set count="422" />
  </mem-info>
</gc-start>
<allocation-stats totalBytes="728256" >
  <allocated-bytes non-tlh="32776" tlh="695480" />
  <largest-consumer threadName="Thread-7" threadId="0000000002859B00" bytes="249608" />
</allocation-stats>
<gc-op id="480" type="scavenge" timems="0.729" contextid="477" timestamp="2019-08-03T02:17:36.940">
  <scavenger-info tenureage="1" tenuremask="7ffe" tiltratio="50" />
  <memory-copied type="nursery" objects="700" bytes="122216" bytesdiscarded="67744" />
  <memory-copied type="tenure" objects="1363" bytes="384432" bytesdiscarded="4520" />
</gc-op>
<gc-end id="481" type="scavenge" contextid="477" durationms="0.954" usertimems="0.000" systemtimems="0.000" timestamp="2019-08-03T02:17:36.940" activeThreads="1">
  <mem-info id="482" free="2037328" total="8912896" percent="22">
    <mem type="nursery" free="1317360" total="2621440" percent="50">
      <mem type="allocate" free="1317360" total="1507328" percent="87" />
      <mem type="survivor" free="0" total="1114112" percent="0" />
    </mem>
    <mem type="tenure" free="719968" total="6291456" percent="11">
      <mem type="soa" free="405600" total="5977088" percent="6" />
      <mem type="loa" free="314368" total="314368" percent="100" />
    </mem>
    <remembered-set count="216" />
  </mem-info>
</gc-end>
<cycle-end id="483" type="scavenge" contextid="477" timestamp="2019-08-03T02:17:36.940" />
  <attribute name="elasticGC enabled" value="1" />
  <attribute name= "numThreadsSpecified" value="1" />
  <attribute name="heapSize specified" value="0" />
  <attribute name= "numCores" value="8" />
  <attribute name ="GC Interval" value="2100" />
  <attribute name ="Control flow" value="1" />
  <attribute name="GC Util Range Max" value="16" />
  <attribute name="Current GC Util" value="5" />
  <attribute name= "Current Time Running" value="1029" />
<allocation-satisfied id="484" threadId="0000000002855F00" bytesRequested="48" />
<af-end id="485" timestamp="2019-08-03T02:17:36.940" threadId="0000000002856888" success="true" from="nursery"/>
<exclusive-end id="486" timestamp="2019-08-03T02:17:36.940" durationms="1.437" />

<concurrent-kickoff id="487" timestamp="2019-08-03T02:17:36.951">
  <kickoff reason="threshold reached" targetBytes="2089267" thresholdFreeBytes="280815"  remainingFree="276944" tenureFreeBytes="719968" nurseryFreeBytes="276944" />
</concurrent-kickoff>
<exclusive-start id="488" timestamp="2019-08-03T02:17:36.951" intervalms="12.763">
  <response-info timems="0.079" idlems="0.048" threads="1" lastid="000000000284E700" lastname="Thread-4" />
</exclusive-start>
<cycle-start id="489" type="global" contextid="0" timestamp="2019-08-03T02:17:36.952" intervalms="86.881" />
<exclusive-end id="490" timestamp="2019-08-03T02:17:36.952" durationms="0.250" />

<exclusive-start id="491" timestamp="2019-08-03T02:17:36.954" intervalms="2.314">
  <response-info timems="0.049" idlems="0.049" threads="0" lastid="000000000285D700" lastname="Thread-8" />
</exclusive-start>
<af-start id="492" threadId="000000000285E088" totalBytesRequested="32776" timestamp="2019-08-03T02:17:36.954" intervalms="15.146" type="nursery" />
<cycle-start id="493" type="scavenge" contextid="0" timestamp="2019-08-03T02:17:36.954" intervalms="15.115" />
<gc-start id="494" type="scavenge" contextid="493" timestamp="2019-08-03T02:17:36.954">
  <mem-info id="495" free="747048" total="8912896" percent="8">
    <mem type="nursery" free="27080" total="2621440" percent="1">
      <mem type="allocate" free="27080" total="1507328" percent="1" />
      <mem type="survivor" free="0" total="1114112" percent="0" />
    </mem>
    <mem type="tenure" free="719968" total="6291456" percent="11">
      <mem type="soa" free="405600" total="5977088" percent="6" />
      <mem type="loa" free="314368" total="314368" percent="100" />
    </mem>
    <remembered-set count="397" />
  </mem-info>
</gc-start>
<allocation-stats totalBytes="1216384" >
  <allocated-bytes non-tlh="131160" tlh="1085224" />
  <largest-consumer threadName="Thread-7" threadId="0000000002859B00" bytes="477704" />
</allocation-stats>
<gc-op id="496" type="scavenge" timems="0.496" contextid="493" timestamp="2019-08-03T02:17:36.955">
  <scavenger-info tenureage="2" tenuremask="7ffc" tiltratio="57" />
  <memory-copied type="nursery" objects="1051" bytes="491064" bytesdiscarded="16656" />
</gc-op>
<gc-end id="497" type="scavenge" contextid="493" durationms="0.685" usertimems="0.000" systemtimems="0.000" timestamp="2019-08-03T02:17:36.955" activeThreads="1">
  <mem-info id="498" free="1719528" total="8912896" percent="19">
    <mem type="nursery" free="999560" total="2621440" percent="38">
      <mem type="allocate" free="999560" total="1507328" percent="66" />
      <mem type="survivor" free="0" total="1114112" percent="0" />
    </mem>
    <mem type="tenure" free="719968" total="6291456" percent="11">
      <mem type="soa" free="405600" total="5977088" percent="6" />
      <mem type="loa" free="314368" total="314368" percent="100" />
    </mem>
    <remembered-set count="229" />
  </mem-info>
</gc-end>
<cycle-end id="499" type="scavenge" contextid="493" timestamp="2019-08-03T02:17:36.955" />
  <attribute name="elasticGC enabled" value="1" />
  <attribute name= "numThreadsSpecified" value="1" />
  <attribute name="heapSize specified" value="0" />
  <attribute name= "numCores" value="8" />
  <attribute name ="GC Interval" value="2100" />
  <attribute name ="Control flow" value="2" />
  <attribute name="GC Util Range Max" value="16" />
  <attribute name="Current GC Util" value="6" />
  <attribute name= "Current Time Running" value="1045" />
<allocation-satisfied id="500" threadId="000000000285D700" bytesRequested="32776" />
<af-end id="501" timestamp="2019-08-03T02:17:36.955" threadId="000000000285E088" success="true" from="nursery"/>
<exclusive-end id="502" timestamp="2019-08-03T02:17:36.955" durationms="1.174" />

<exclusive-start id="503" timestamp="2019-08-03T02:17:36.955" intervalms="1.261">
  <response-info timems="0.021" idlems="0.021" threads="0" lastid="000000000285D700" lastname="Thread-8" />
</exclusive-start>
<concurrent-collection-start id="504" timestamp="2019-08-03T02:17:36.955" intervalms="143.051" >
  <concurrent-trace-info reason="card cleaning threshold reached" tracedByMutators="1654624" tracedByHelpers="622068" cardsCleaned="131" workStackOverflowCount="0" />
</concurrent-collection-start>
<gc-start id="505" type="global" contextid="489" timestamp="2019-08-03T02:17:36.955">
  <mem-info id="506" free="1653984" total="8912896" percent="18">
    <mem type="nursery" free="934016" total="2621440" percent="35">
      <mem type="allocate" free="934016" total="1507328" percent="61" />
      <mem type="survivor" free="0" total="1114112" percent="0" />
    </mem>
    <mem type="tenure" free="719968" total="6291456" percent="11">
      <mem type="soa" free="405600" total="5977088" percent="6" />
      <mem type="loa" free="314368" total="314368" percent="100" />
    </mem>
    <remembered-set count="229" />
  </mem-info>
</gc-start>
<allocation-stats totalBytes="65544" >
  <allocated-bytes non-tlh="32776" tlh="32768" />
  <largest-consumer threadName="Thread-8" threadId="000000000285D700" bytes="65544" />
</allocation-stats>
<gc-op id="507" type="rs-scan" timems="0.129" contextid="489" timestamp="2019-08-03T02:17:36.955">
  <scan objectsFound="149" bytesTraced="32504" workStackOverflowCount="0" />
</gc-op>
<gc-op id="508" type="card-cleaning" timems="0.197" contextid="489" timestamp="2019-08-03T02:17:36.956">
  <card-cleaning cardsCleaned="93" bytesTraced="508056" workStackOverflowCount="0" />
</gc-op>
<gc-op id="509" type="mark" timems="0.639" contextid="489" timestamp="2019-08-03T02:17:36.956">
  <trace-info objectcount="969" scancount="852" scanbytes="214488" />
  <finalization candidates="25" enqueued="0" />
  <references type="soft" candidates="168" cleared="0" enqueued="0" dynamicThreshold="12" maxThreshold="32" />
  <references type="weak" candidates="253" cleared="0" enqueued="0" />
  <references type="phantom" candidates="77" cleared="0" enqueued="0" />
  <stringconstants candidates="3963" cleared="0"  />
</gc-op>
<gc-op id="510" type="sweep" timems="0.207" contextid="489" timestamp="2019-08-03T02:17:36.957" />
<gc-end id="511" type="global" contextid="489" durationms="2.444" usertimems="4.000" systemtimems="0.000" timestamp="2019-08-03T02:17:36.958" activeThreads="1">
  <mem-info id="512" free="3199376" total="8912896" percent="35">
    <mem type="nursery" free="1058456" total="2621440" percent="40">
      <mem type="allocate" free="1058456" total="1507328" percent="70" />
      <mem type="survivor" free="0" total="1114112" percent="0" />
    </mem>
    <mem type="tenure" free="2140920" total="6291456" percent="34" micro-fragmented="39587" macro-fragmented="0">
      <mem type="soa" free="1826552" total="5977088" percent="30" />
      <mem type="loa" free="314368" total="314368" percent="100" />
    </mem>
    <remembered-set count="190" />
  </mem-info>
</gc-end>
<cycle-end id="513" type="global" contextid="489" timestamp="2019-08-03T02:17:36.958" />
  <attribute name="elasticGC enabled" value="1" />
  <attribute name= "numThreadsSpecified" value="1" />
  <attribute name="heapSize specified" value="0" />
  <attribute name= "numCores" value="8" />
  <attribute name ="GC Interval" value="2100" />
  <attribute name ="Control flow" value="1" />
  <attribute name="GC Util Range Max" value="16" />
  <attribute name="Current GC Util" value="29" />
  <attribute name= "Current Time Running" value="1047" />
<concurrent-collection-end id="514" timestamp="2019-08-03T02:17:36.958" />
<exclusive-end id="515" timestamp="2019-08-03T02:17:36.958" durationms="2.832" />

<exclusive-start id="516" timestamp="2019-08-03T02:17:36.967" intervalms="12.178">
  <response-info timems="0.094" idlems="0.053" threads="1" lastid="0000000002864F00" lastname="Thread-10" />
</exclusive-start>
<af-start id="517" threadId="000000000285E088" totalBytesRequested="16392" timestamp="2019-08-03T02:17:36.967" intervalms="13.340" type="nursery" />
<cycle-start id="518" type="scavenge" contextid="0" timestamp="2019-08-03T02:17:36.967" intervalms="13.356" />
<gc-start id="519" type="scavenge" contextid="518" timestamp="2019-08-03T02:17:36.967">
  <mem-info id="520" free="2140920" total="8912896" percent="24">
    <mem type="nursery" free="0" total="2621440" percent="0">
      <mem type="allocate" free="0" total="1507328" percent="0" />
      <mem type="survivor" free="0" total="1114112" percent="0" />
    </mem>
    <mem type="tenure" free="2140920" total="6291456" percent="34">
      <mem type="soa" free="1826552" total="5977088" percent="30" />
      <mem type="loa" free="314368" total="314368" percent="100" />
    </mem>
    <remembered-set count="338" />
  </mem-info>
</gc-start>
<allocation-stats totalBytes="1011712" >
  <allocated-bytes non-tlh="189512" tlh="822200" />
  <largest-consumer threadName="Thread-6" threadId="0000000002855F00" bytes="285072" />
</allocation-stats>
<gc-op id="521" type="scavenge" timems="0.692" contextid="518" timestamp="2019-08-03T02:17:36.968">
  <scavenger-info tenureage="1" tenuremask="7ffe" tiltratio="57" />
  <memory-copied type="nursery" objects="857" bytes="436080" bytesdiscarded="112584" />
  <memory-copied type="tenure" objects="781" bytes="305752" bytesdiscarded="4056" />
</gc-op>
<gc-end id="522" type="scavenge" contextid="518" durationms="0.879" usertimems="0.000" systemtimems="0.000" timestamp="2019-08-03T02:17:36.968" activeThreads="1">
  <mem-info id="523" free="2861464" total="8912896" percent="32">
    <mem type="nursery" free="1089688" total="2621440" percent="41">
      <mem type="allocate" free="1089688" total="1638400" percent="66" />
      <mem type="survivor" free="0" total="983040" percent="0" />
    </mem>
    <mem type="tenure" free="1771776" total="6291456" percent="28">
      <mem type="soa" free="1457408" total="5977088" percent="24" />
      <mem type="loa" free="314368" total="314368" percent="100" />
    </mem>
    <remembered-set count="194" />
  </mem-info>
</gc-end>
<cycle-end id="524" type="scavenge" contextid="518" timestamp="2019-08-03T02:17:36.968" />
  <attribute name="elasticGC enabled" value="1" />
  <attribute name= "numThreadsSpecified" value="1" />
  <attribute name="heapSize specified" value="0" />
  <attribute name= "numCores" value="8" />
  <attribute name ="GC Interval" value="2100" />
  <attribute name ="Control flow" value="3" />
  <attribute name="GC Util Range Max" value="16" />
  <attribute name="Current GC Util" value="18" />
  <attribute name= "Current Time Running" value="1058" />
<allocation-satisfied id="525" threadId="000000000285D700" bytesRequested="16392" />
<af-end id="526" timestamp="2019-08-03T02:17:36.968" threadId="000000000285E088" success="true" from="nursery"/>
<exclusive-end id="527" timestamp="2019-08-03T02:17:36.968" durationms="1.284" />

<exclusive-start id="528" timestamp="2019-08-03T02:17:36.979" intervalms="12.208">
  <response-info timems="0.059" idlems="0.059" threads="0" lastid="0000000002864F00" lastname="Thread-10" />
</exclusive-start>
<af-start id="529" threadId="0000000002865888" totalBytesRequested="16392" timestamp="2019-08-03T02:17:36.979" intervalms="12.224" type="nursery" />
<cycle-start id="530" type="scavenge" contextid="0" timestamp="2019-08-03T02:17:36.980" intervalms="12.222" />
<gc-start id="531" type="scavenge" contextid="530" timestamp="2019-08-03T02:17:36.980">
  <mem-info id="532" free="1771776" total="8912896" percent="19">
    <mem type="nursery" free="0" total="2621440" percent="0">
      <mem type="allocate" free="0" total="1638400" percent="0" />
      <mem type="survivor" free="0" total="983040" percent="0" />
    </mem>
    <mem type="tenure" free="1771776" total="6291456" percent="28">
      <mem type="soa" free="1457408" total="5977088" percent="24" />
      <mem type="loa" free="314368" total="314368" percent="100" />
    </mem>
    <remembered-set count="340" />
  </mem-info>
</gc-start>
<allocation-stats totalBytes="1073296" >
  <allocated-bytes non-tlh="49168" tlh="1024128" />
  <largest-consumer threadName="Thread-8" threadId="000000000285D700" bytes="629264" />
</allocation-stats>
<gc-op id="533" type="scavenge" timems="6.845" contextid="530" timestamp="2019-08-03T02:17:36.987">
  <scavenger-info tenureage="1" tenuremask="7ffe" tiltratio="62" />
  <memory-copied type="nursery" objects="1075" bytes="332656" bytesdiscarded="128168" />
  <memory-copied type="tenure" objects="747" bytes="362816" bytesdiscarded="3480" />
  <references type="weak" candidates="1" cleared="0" enqueued="0" />
  <references type="phantom" candidates="3" cleared="0" enqueued="0" />
</gc-op>
<heap-resize id="534" type="expand" space="nursery" amount="524288" count="1" timems="0.016" reason="excessive time being spent scavenging" timestamp="2019-08-03T02:17:36.987" />
<gc-end id="535" type="scavenge" contextid="530" durationms="7.104" usertimems="4.000" systemtimems="0.000" timestamp="2019-08-03T02:17:36.987" activeThreads="8">
  <mem-info id="536" free="2973720" total="9437184" percent="31">
    <mem type="nursery" free="1570776" total="3145728" percent="49">
      <mem type="allocate" free="1570776" total="2031616" percent="77" />
      <mem type="survivor" free="0" total="1114112" percent="0" />
    </mem>
    <mem type="tenure" free="1402944" total="6291456" percent="22">
      <mem type="soa" free="1088576" total="5977088" percent="18" />
      <mem type="loa" free="314368" total="314368" percent="100" />
    </mem>
    <remembered-set count="198" />
  </mem-info>
</gc-end>
<cycle-end id="537" type="scavenge" contextid="530" timestamp="2019-08-03T02:17:36.987" />
  <attribute name="elasticGC enabled" value="1" />
  <attribute name= "numThreadsSpecified" value="1" />
  <attribute name="heapSize specified" value="0" />
  <attribute name= "numCores" value="8" />
  <attribute name ="GC Interval" value="2100" />
  <attribute name ="Control flow" value="3" />
  <attribute name="GC Util Range Max" value="16" />
  <attribute name="Current GC Util" value="7" />
  <attribute name= "Current Time Running" value="1070" />
<allocation-satisfied id="538" threadId="0000000002864F00" bytesRequested="16392" />
<af-end id="539" timestamp="2019-08-03T02:17:36.987" threadId="0000000002865888" success="true" from="nursery"/>
<exclusive-end id="540" timestamp="2019-08-03T02:17:36.987" durationms="7.749" />

<exclusive-start id="541" timestamp="2019-08-03T02:17:37.007" intervalms="27.593">
  <response-info timems="0.032" idlems="0.032" threads="0" lastid="0000000002852300" lastname="Thread-5" />
</exclusive-start>
<af-start id="542" threadId="0000000002852C88" totalBytesRequested="2056" timestamp="2019-08-03T02:17:37.007" intervalms="27.712" type="nursery" />
<cycle-start id="543" type="scavenge" contextid="0" timestamp="2019-08-03T02:17:37.007" intervalms="27.728" />
<gc-start id="544" type="scavenge" contextid="543" timestamp="2019-08-03T02:17:37.007">
  <mem-info id="545" free="1402944" total="9437184" percent="14">
    <mem type="nursery" free="0" total="3145728" percent="0">
      <mem type="allocate" free="0" total="2031616" percent="0" />
      <mem type="survivor" free="0" total="1114112" percent="0" />
    </mem>
    <mem type="tenure" free="1402944" total="6291456" percent="22">
      <mem type="soa" free="1088576" total="5977088" percent="18" />
      <mem type="loa" free="314368" total="314368" percent="100" />
    </mem>
    <remembered-set count="414" />
  </mem-info>
</gc-start>
<allocation-stats totalBytes="1526040" >
  <allocated-bytes non-tlh="245840" tlh="1280200" />
  <largest-consumer threadName="Thread-10" threadId="0000000002864F00" bytes="723800" />
</allocation-stats>
<gc-op id="546" type="scavenge" timems="0.839" contextid="543" timestamp="2019-08-03T02:17:37.008">
  <scavenger-info tenureage="1" tenuremask="7ffe" tiltratio="64" />
  <memory-copied type="nursery" objects="1366" bytes="527312" bytesdiscarded="97368" />
  <memory-copied type="tenure" objects="969" bytes="314336" bytesdiscarded="6840" />
  <references type="phantom" candidates="1" cleared="0" enqueued="0" />
</gc-op>
<gc-end id="547" type="scavenge" contextid="543" durationms="1.059" usertimems="0.000" systemtimems="4.000" timestamp="2019-08-03T02:17:37.008" activeThreads="8">
  <mem-info id="548" free="2710336" total="9437184" percent="28">
    <mem type="nursery" free="1669032" total="3145728" percent="53">
      <mem type="allocate" free="1669032" total="2293760" percent="72" />
      <mem type="survivor" free="0" total="851968" percent="0" />
    </mem>
    <mem type="tenure" free="1041304" total="6291456" percent="16">
      <mem type="soa" free="726936" total="5977088" percent="12" />
      <mem type="loa" free="314368" total="314368" percent="100" />
    </mem>
    <remembered-set count="266" />
  </mem-info>
</gc-end>
<cycle-end id="549" type="scavenge" contextid="543" timestamp="2019-08-03T02:17:37.008" />
  <attribute name="elasticGC enabled" value="1" />
  <attribute name= "numThreadsSpecified" value="1" />
  <attribute name="heapSize specified" value="0" />
  <attribute name= "numCores" value="8" />
  <attribute name ="GC Interval" value="2100" />
  <attribute name ="Control flow" value="1" />
  <attribute name="GC Util Range Max" value="16" />
  <attribute name="Current GC Util" value="25" />
  <attribute name= "Current Time Running" value="1098" />
<allocation-satisfied id="550" threadId="0000000002852300" bytesRequested="2056" />
<af-end id="551" timestamp="2019-08-03T02:17:37.009" threadId="0000000002852C88" success="true" from="nursery"/>
<exclusive-end id="552" timestamp="2019-08-03T02:17:37.009" durationms="1.641" />

<exclusive-start id="553" timestamp="2019-08-03T02:17:37.024" intervalms="17.258">
  <response-info timems="0.097" idlems="0.097" threads="0" lastid="0000000002859B00" lastname="Thread-7" />
</exclusive-start>
<af-start id="554" threadId="000000000285A488" totalBytesRequested="32776" timestamp="2019-08-03T02:17:37.024" intervalms="17.159" type="nursery" />
<cycle-start id="555" type="scavenge" contextid="0" timestamp="2019-08-03T02:17:37.024" intervalms="17.156" />
<gc-start id="556" type="scavenge" contextid="555" timestamp="2019-08-03T02:17:37.025">
  <mem-info id="557" free="1047344" total="9437184" percent="11">
    <mem type="nursery" free="6040" total="3145728" percent="0">
      <mem type="allocate" free="6040" total="2293760" percent="0" />
      <mem type="survivor" free="0" total="851968" percent="0" />
    </mem>
    <mem type="tenure" free="1041304" total="6291456" percent="16">
      <mem type="soa" free="726936" total="5977088" percent="12" />
      <mem type="loa" free="314368" total="314368" percent="100" />
    </mem>
    <remembered-set count="466" />
  </mem-info>
</gc-start>
<allocation-stats totalBytes="1588144" >
  <allocated-bytes non-tlh="165944" tlh="1422200" />
  <largest-consumer threadName="Thread-10" threadId="0000000002864F00" bytes="454576" />
</allocation-stats>
<gc-op id="558" type="scavenge" timems="0.820" contextid="555" timestamp="2019-08-03T02:17:37.025">
  <scavenger-info tenureage="1" tenuremask="7ffe" tiltratio="72" />
  <memory-copied type="nursery" objects="1581" bytes="726584" bytesdiscarded="82704" />
  <memory-copied type="tenure" objects="742" bytes="323064" bytesdiscarded="2472" />
</gc-op>
<gc-end id="559" type="scavenge" contextid="555" durationms="1.031" usertimems="4.000" systemtimems="0.000" timestamp="2019-08-03T02:17:37.026" activeThreads="1">
  <mem-info id="560" free="1994056" total="9437184" percent="21">
    <mem type="nursery" free="1287808" total="3145728" percent="40">
      <mem type="allocate" free="1287808" total="2097152" percent="61" />
      <mem type="survivor" free="0" total="1048576" percent="0" />
    </mem>
    <mem type="tenure" free="706248" total="6291456" percent="11">
      <mem type="soa" free="391880" total="5977088" percent="6" />
      <mem type="loa" free="314368" total="314368" percent="100" />
    </mem>
    <remembered-set count="245" />
  </mem-info>
</gc-end>
<cycle-end id="561" type="scavenge" contextid="555" timestamp="2019-08-03T02:17:37.026" />
  <attribute name="elasticGC enabled" value="1" />
  <attribute name= "numThreadsSpecified" value="1" />
  <attribute name="heapSize specified" value="0" />
  <attribute name= "numCores" value="8" />
  <attribute name ="GC Interval" value="2100" />
  <attribute name ="Control flow" value="3" />
  <attribute name="GC Util Range Max" value="16" />
  <attribute name="Current GC Util" value="10" />
  <attribute name= "Current Time Running" value="1115" />
<allocation-satisfied id="562" threadId="0000000002859B00" bytesRequested="32776" />
<af-end id="563" timestamp="2019-08-03T02:17:37.026" threadId="000000000285A488" success="true" from="nursery"/>
<exclusive-end id="564" timestamp="2019-08-03T02:17:37.026" durationms="1.494" />

<concurrent-kickoff id="565" timestamp="2019-08-03T02:17:37.033">
  <kickoff reason="threshold reached" targetBytes="2150568" thresholdFreeBytes="287167"  remainingFree="271960" tenureFreeBytes="706248" nurseryFreeBytes="271960" />
</concurrent-kickoff>
<exclusive-start id="566" timestamp="2019-08-03T02:17:37.034" intervalms="9.492">
  <response-info timems="0.078" idlems="0.049" threads="1" lastid="0000000002859B00" lastname="Thread-7" />
</exclusive-start>
<cycle-start id="567" type="global" contextid="0" timestamp="2019-08-03T02:17:37.034" intervalms="82.219" />
<exclusive-end id="568" timestamp="2019-08-03T02:17:37.034" durationms="0.172" />

<exclusive-start id="569" timestamp="2019-08-03T02:17:37.039" intervalms="4.854">
  <response-info timems="0.067" idlems="0.067" threads="0" lastid="0000000002855F00" lastname="Thread-6" />
</exclusive-start>
<af-start id="570" threadId="0000000002856888" totalBytesRequested="48" timestamp="2019-08-03T02:17:37.039" intervalms="14.387" type="nursery" />
<cycle-start id="571" type="scavenge" contextid="0" timestamp="2019-08-03T02:17:37.039" intervalms="14.377" />
<gc-start id="572" type="scavenge" contextid="571" timestamp="2019-08-03T02:17:37.039">
  <mem-info id="573" free="706248" total="9437184" percent="7">
    <mem type="nursery" free="0" total="3145728" percent="0">
      <mem type="allocate" free="0" total="2097152" percent="0" />
      <mem type="survivor" free="0" total="1048576" percent="0" />
    </mem>
    <mem type="tenure" free="706248" total="6291456" percent="11">
      <mem type="soa" free="391880" total="5977088" percent="6" />
      <mem type="loa" free="314368" total="314368" percent="100" />
    </mem>
    <remembered-set count="388" />
  </mem-info>
</gc-start>
<allocation-stats totalBytes="1234608" >
  <allocated-bytes non-tlh="147496" tlh="1087112" />
  <largest-consumer threadName="Thread-4" threadId="000000000284E700" bytes="386416" />
</allocation-stats>
<gc-op id="574" type="scavenge" timems="5.594" contextid="571" timestamp="2019-08-03T02:17:37.045">
  <scavenger-info tenureage="1" tenuremask="7ffe" tiltratio="66" />
  <memory-copied type="nursery" objects="1859" bytes="701280" bytesdiscarded="122552" />
  <memory-copied type="tenure" objects="834" bytes="391480" bytesdiscarded="128" />
  <copy-failed type="tenure" objects="196" bytes="118216" />
  <references type="phantom" candidates="2" cleared="0" enqueued="0" />
</gc-op>
<heap-resize id="575" type="expand" space="nursery" amount="524288" count="1" timems="0.014" reason="excessive time being spent scavenging" timestamp="2019-08-03T02:17:37.045" />
<gc-end id="576" type="scavenge" contextid="571" durationms="6.010" usertimems="8.000" systemtimems="0.000" timestamp="2019-08-03T02:17:37.045" activeThreads="8">
  <mem-info id="577" free="2111912" total="9961472" percent="21">
    <mem type="nursery" free="1797544" total="3670016" percent="48">
      <mem type="allocate" free="1797544" total="2621440" percent="68" />
      <mem type="survivor" free="0" total="1048576" percent="0" />
    </mem>
    <mem type="tenure" free="314368" total="6291456" percent="4">
      <mem type="soa" free="0" total="5977088" percent="0" />
      <mem type="loa" free="314368" total="314368" percent="100" />
    </mem>
    <remembered-set count="262" />
  </mem-info>
</gc-end>
<cycle-end id="578" type="scavenge" contextid="571" timestamp="2019-08-03T02:17:37.045" />
  <attribute name="elasticGC enabled" value="1" />
  <attribute name= "numThreadsSpecified" value="1" />
  <attribute name="heapSize specified" value="0" />
  <attribute name= "numCores" value="8" />
  <attribute name ="GC Interval" value="2100" />
  <attribute name ="Control flow" value="2" />
  <attribute name="GC Util Range Max" value="16" />
  <attribute name="Current GC Util" value="7" />
  <attribute name= "Current Time Running" value="1129" />
<allocation-satisfied id="579" threadId="0000000002855F00" bytesRequested="48" />
<af-end id="580" timestamp="2019-08-03T02:17:37.045" threadId="0000000002856888" success="true" from="nursery"/>
<exclusive-end id="581" timestamp="2019-08-03T02:17:37.045" durationms="6.596" />

<exclusive-start id="582" timestamp="2019-08-03T02:17:37.074" intervalms="35.184">
  <response-info timems="0.040" idlems="0.040" threads="0" lastid="0000000002852300" lastname="Thread-5" />
</exclusive-start>
<concurrent-collection-start id="583" timestamp="2019-08-03T02:17:37.074" intervalms="118.907" >
  <concurrent-trace-info reason="card cleaning threshold reached" tracedByMutators="1018280" tracedByHelpers="1048452" cardsCleaned="222" workStackOverflowCount="0" />
</concurrent-collection-start>
<gc-start id="584" type="global" contextid="567" timestamp="2019-08-03T02:17:37.074">
  <mem-info id="585" free="314368" total="9961472" percent="3">
    <mem type="nursery" free="0" total="3670016" percent="0">
      <mem type="allocate" free="0" total="2621440" percent="0" />
      <mem type="survivor" free="0" total="1048576" percent="0" />
    </mem>
    <mem type="tenure" free="314368" total="6291456" percent="4">
      <mem type="soa" free="0" total="5977088" percent="0" />
      <mem type="loa" free="314368" total="314368" percent="100" />
    </mem>
    <remembered-set count="369" />
  </mem-info>
</gc-start>
<allocation-stats totalBytes="1719672" >
  <allocated-bytes non-tlh="147544" tlh="1572128" />
  <largest-consumer threadName="Thread-10" threadId="0000000002864F00" bytes="405488" />
</allocation-stats>
<gc-op id="586" type="rs-scan" timems="0.186" contextid="567" timestamp="2019-08-03T02:17:37.074">
  <scan objectsFound="217" bytesTraced="34752" workStackOverflowCount="0" />
</gc-op>
<gc-op id="587" type="card-cleaning" timems="0.367" contextid="567" timestamp="2019-08-03T02:17:37.075">
  <card-cleaning cardsCleaned="46" bytesTraced="710572" workStackOverflowCount="0" />
</gc-op>
<gc-op id="588" type="mark" timems="0.813" contextid="567" timestamp="2019-08-03T02:17:37.076">
  <trace-info objectcount="324" scancount="283" scanbytes="92452" />
  <finalization candidates="25" enqueued="0" />
  <references type="soft" candidates="168" cleared="0" enqueued="0" dynamicThreshold="10" maxThreshold="32" />
  <references type="weak" candidates="253" cleared="0" enqueued="0" />
  <references type="phantom" candidates="79" cleared="0" enqueued="0" />
  <stringconstants candidates="3963" cleared="0"  />
</gc-op>
<gc-op id="589" type="sweep" timems="0.250" contextid="567" timestamp="2019-08-03T02:17:37.076" />
<mem-info id="590" free="4135872" total="9961472" percent="41">
  <mem type="nursery" free="1510960" total="3670016" percent="41">
    <mem type="allocate" free="1510960" total="2621440" percent="57" />
    <mem type="survivor" free="0" total="1048576" percent="0" />
  </mem>
  <mem type="tenure" free="2624912" total="6291456" percent="41" micro-fragmented="37635" macro-fragmented="0">
    <mem type="soa" free="2310544" total="5977088" percent="38" />
    <mem type="loa" free="314368" total="314368" percent="100" />
  </mem>
  <remembered-set count="286" />
</mem-info>
<gc-op id="591" type="compact" timems="10.223" contextid="567" timestamp="2019-08-03T02:17:37.087">
  <compact-info movecount="39201" movebytes="4483432" reason="no compaction" />
</gc-op>
<gc-end id="592" type="global" contextid="567" durationms="12.741" usertimems="16.000" systemtimems="0.000" timestamp="2019-08-03T02:17:37.087" activeThreads="1">
  <mem-info id="593" free="4245656" total="9961472" percent="42">
    <mem type="nursery" free="1534912" total="3670016" percent="41">
      <mem type="allocate" free="1534912" total="2621440" percent="58" />
      <mem type="survivor" free="0" total="1048576" percent="0" />
    </mem>
    <mem type="tenure" free="2710744" total="6291456" percent="43">
      <mem type="soa" free="2396376" total="5977088" percent="40" />
      <mem type="loa" free="314368" total="314368" percent="100" />
    </mem>
    <remembered-set count="286" />
  </mem-info>
</gc-end>
<cycle-end id="594" type="global" contextid="567" timestamp="2019-08-03T02:17:37.087" />
  <attribute name="elasticGC enabled" value="1" />
  <attribute name= "numThreadsSpecified" value="1" />
  <attribute name="heapSize specified" value="9961472" />
  <attribute name= "numCores" value="8" />
  <attribute name ="GC Interval" value="2100" />
  <attribute name ="Control flow" value="2" />
  <attribute name="GC Util Range Max" value="16" />
  <attribute name="Current GC Util" value="38" />
  <attribute name= "Current Time Running" value="1177" />
<concurrent-collection-end id="595" timestamp="2019-08-03T02:17:37.087" />
<exclusive-end id="596" timestamp="2019-08-03T02:17:37.087" durationms="13.291" />

<exclusive-start id="597" timestamp="2019-08-03T02:17:37.111" intervalms="36.833">
  <response-info timems="0.069" idlems="0.069" threads="0" lastid="0000000002861300" lastname="Thread-9" />
</exclusive-start>
<af-start id="598" threadId="0000000002861C88" totalBytesRequested="16392" timestamp="2019-08-03T02:17:37.111" intervalms="72.019" type="nursery" />
<cycle-start id="599" type="scavenge" contextid="0" timestamp="2019-08-03T02:17:37.111" intervalms="72.033" />
<gc-start id="600" type="scavenge" contextid="599" timestamp="2019-08-03T02:17:37.111">
  <mem-info id="601" free="2710744" total="9961472" percent="27">
    <mem type="nursery" free="0" total="3670016" percent="0">
      <mem type="allocate" free="0" total="2621440" percent="0" />
      <mem type="survivor" free="0" total="1048576" percent="0" />
    </mem>
    <mem type="tenure" free="2710744" total="6291456" percent="43">
      <mem type="soa" free="2396376" total="5977088" percent="40" />
      <mem type="loa" free="314368" total="314368" percent="100" />
    </mem>
    <remembered-set count="433" />
  </mem-info>
</gc-start>
<allocation-stats totalBytes="1496288" >
  <allocated-bytes non-tlh="114720" tlh="1381568" />
  <largest-consumer threadName="Thread-3" threadId="000000000284AB00" bytes="527928" />
</allocation-stats>
<gc-op id="602" type="scavenge" timems="0.675" contextid="599" timestamp="2019-08-03T02:17:37.112">
  <scavenger-info tenureage="1" tenuremask="7ffe" tiltratio="71" />
  <memory-copied type="nursery" objects="2549" bytes="1000528" bytesdiscarded="47960" />
  <memory-copied type="tenure" objects="996" bytes="372424" bytesdiscarded="488" />
  <copy-failed type="nursery" objects="448" bytes="154536" />
</gc-op>
<gc-end id="603" type="scavenge" contextid="599" durationms="0.900" usertimems="0.000" systemtimems="0.000" timestamp="2019-08-03T02:17:37.112" activeThreads="8">
  <mem-info id="604" free="3046808" total="9961472" percent="30">
    <mem type="nursery" free="786432" total="3670016" percent="21">
      <mem type="allocate" free="786432" total="1835008" percent="42" />
      <mem type="survivor" free="0" total="1835008" percent="0" />
    </mem>
    <mem type="tenure" free="2260376" total="6291456" percent="35">
      <mem type="soa" free="1946008" total="5977088" percent="32" />
      <mem type="loa" free="314368" total="314368" percent="100" />
    </mem>
    <remembered-set count="273" />
  </mem-info>
</gc-end>
<cycle-end id="605" type="scavenge" contextid="599" timestamp="2019-08-03T02:17:37.112" />
  <attribute name="elasticGC enabled" value="1" />
  <attribute name= "numThreadsSpecified" value="1" />
  <attribute name="heapSize specified" value="9961472" />
  <attribute name= "numCores" value="8" />
  <attribute name ="GC Interval" value="2300" />
  <attribute name ="Control flow" value="2" />
  <attribute name="GC Util Range Max" value="16" />
  <attribute name="Current GC Util" value="47" />
  <attribute name= "Current Time Running" value="1201" />
<allocation-satisfied id="606" threadId="0000000002861300" bytesRequested="16392" />
<af-end id="607" timestamp="2019-08-03T02:17:37.112" threadId="0000000002861C88" success="true" from="nursery"/>
<exclusive-end id="608" timestamp="2019-08-03T02:17:37.112" durationms="1.438" />

<exclusive-start id="609" timestamp="2019-08-03T02:17:37.122" intervalms="11.217">
  <response-info timems="0.054" idlems="0.054" threads="0" lastid="000000000285D700" lastname="Thread-8" />
</exclusive-start>
<af-start id="610" threadId="000000000285E088" totalBytesRequested="48" timestamp="2019-08-03T02:17:37.122" intervalms="11.175" type="nursery" />
<cycle-start id="611" type="scavenge" contextid="0" timestamp="2019-08-03T02:17:37.122" intervalms="11.173" />
<gc-start id="612" type="scavenge" contextid="611" timestamp="2019-08-03T02:17:37.122">
  <mem-info id="613" free="2260376" total="9961472" percent="22">
    <mem type="nursery" free="0" total="3670016" percent="0">
      <mem type="allocate" free="0" total="1835008" percent="0" />
      <mem type="survivor" free="0" total="1835008" percent="0" />
    </mem>
    <mem type="tenure" free="2260376" total="6291456" percent="35">
      <mem type="soa" free="1946008" total="5977088" percent="32" />
      <mem type="loa" free="314368" total="314368" percent="100" />
    </mem>
    <remembered-set count="400" />
  </mem-info>
</gc-start>
<allocation-stats totalBytes="770968" >
  <allocated-bytes non-tlh="81944" tlh="689024" />
  <largest-consumer threadName="Thread-9" threadId="0000000002861300" bytes="463840" />
</allocation-stats>
<gc-op id="614" type="scavenge" timems="0.748" contextid="611" timestamp="2019-08-03T02:17:37.123">
  <scavenger-info tenureage="1" tenuremask="7ffe" tiltratio="50" />
  <memory-copied type="nursery" objects="489" bytes="190344" bytesdiscarded="312720" />
  <memory-copied type="tenure" objects="2381" bytes="907992" bytesdiscarded="1800" />
  <references type="phantom" candidates="1" cleared="0" enqueued="0" />
</gc-op>
<gc-end id="615" type="scavenge" contextid="611" durationms="0.972" usertimems="0.000" systemtimems="0.000" timestamp="2019-08-03T02:17:37.123" activeThreads="8">
  <mem-info id="616" free="2660136" total="9961472" percent="26">
    <mem type="nursery" free="1463000" total="3670016" percent="39">
      <mem type="allocate" free="1463000" total="1966080" percent="74" />
      <mem type="survivor" free="0" total="1703936" percent="0" />
    </mem>
    <mem type="tenure" free="1197136" total="6291456" percent="19">
      <mem type="soa" free="882768" total="5977088" percent="14" />
      <mem type="loa" free="314368" total="314368" percent="100" />
    </mem>
    <remembered-set count="231" />
  </mem-info>
</gc-end>
<cycle-end id="617" type="scavenge" contextid="611" timestamp="2019-08-03T02:17:37.123" />
  <attribute name="elasticGC enabled" value="1" />
  <attribute name= "numThreadsSpecified" value="1" />
  <attribute name="heapSize specified" value="9961472" />
  <attribute name= "numCores" value="8" />
  <attribute name ="GC Interval" value="2400" />
  <attribute name ="Control flow" value="2" />
  <attribute name="GC Util Range Max" value="16" />
  <attribute name="Current GC Util" value="13" />
  <attribute name= "Current Time Running" value="1213" />
<allocation-satisfied id="618" threadId="000000000285D700" bytesRequested="48" />
<af-end id="619" timestamp="2019-08-03T02:17:37.123" threadId="000000000285E088" success="true" from="nursery"/>
<exclusive-end id="620" timestamp="2019-08-03T02:17:37.123" durationms="1.467" />

<concurrent-kickoff id="621" timestamp="2019-08-03T02:17:37.142">
  <kickoff reason="threshold reached" targetBytes="2042356" thresholdFreeBytes="280757"  remainingFree="271032" tenureFreeBytes="1197136" nurseryFreeBytes="271032" />
</concurrent-kickoff>
<exclusive-start id="622" timestamp="2019-08-03T02:17:37.142" intervalms="20.048">
  <response-info timems="0.056" idlems="0.056" threads="0" lastid="0000000002864F00" lastname="Thread-10" />
</exclusive-start>
<cycle-start id="623" type="global" contextid="0" timestamp="2019-08-03T02:17:37.142" intervalms="108.126" />
<exclusive-end id="624" timestamp="2019-08-03T02:17:37.142" durationms="0.158" />

<exclusive-start id="625" timestamp="2019-08-03T02:17:37.145" intervalms="3.236">
  <response-info timems="0.133" idlems="0.133" threads="0" lastid="0000000002855F00" lastname="Thread-6" />
</exclusive-start>
<af-start id="626" threadId="0000000002856888" totalBytesRequested="40" timestamp="2019-08-03T02:17:37.145" intervalms="23.283" type="nursery" />
<percolate-collect id="627" from="nursery" to="global" reason="concurrent mark exhausted" timestamp="2019-08-03T02:17:37.145"/>
<gc-start id="628" type="global" contextid="623" timestamp="2019-08-03T02:17:37.145">
  <mem-info id="629" free="1197136" total="9961472" percent="12">
    <mem type="nursery" free="0" total="3670016" percent="0">
      <mem type="allocate" free="0" total="1966080" percent="0" />
      <mem type="survivor" free="0" total="1703936" percent="0" />
    </mem>
    <mem type="tenure" free="1197136" total="6291456" percent="19">
      <mem type="soa" free="882768" total="5977088" percent="14" />
      <mem type="loa" free="314368" total="314368" percent="100" />
    </mem>
    <remembered-set count="414" />
  </mem-info>
</gc-start>
<allocation-stats totalBytes="1372128" >
  <allocated-bytes non-tlh="98384" tlh="1273744" />
  <largest-consumer threadName="Thread-8" threadId="000000000285D700" bytes="429352" />
</allocation-stats>
<concurrent-halted id="630" timestamp="2019-08-03T02:17:37.145">
  <halted state="Complete" status="exhausted" />
  <traced bytesTarget="2042356" bytesTotal="2209508" bytesByMutator="1908832" bytesByHelper="300676" percent="108" />
  <cards cleaned="125" thresholdBytes="110601" />
</concurrent-halted>
<gc-op id="631" type="rs-scan" timems="1.572" contextid="623" timestamp="2019-08-03T02:17:37.147">
  <scan objectsFound="218" bytesTraced="165092" workStackOverflowCount="0" />
</gc-op>
<gc-op id="632" type="card-cleaning" timems="1.707" contextid="623" timestamp="2019-08-03T02:17:37.149">
  <card-cleaning cardsCleaned="75" bytesTraced="494600" workStackOverflowCount="0" />
</gc-op>
<gc-op id="633" type="mark" timems="2.959" contextid="623" timestamp="2019-08-03T02:17:37.152">
  <trace-info objectcount="850" scancount="718" scanbytes="110116" />
  <finalization candidates="25" enqueued="0" />
  <references type="soft" candidates="168" cleared="0" enqueued="0" dynamicThreshold="13" maxThreshold="32" />
  <references type="weak" candidates="253" cleared="0" enqueued="0" />
  <references type="phantom" candidates="78" cleared="0" enqueued="0" />
  <stringconstants candidates="3963" cleared="0"  />
</gc-op>
<gc-op id="634" type="sweep" timems="0.674" contextid="623" timestamp="2019-08-03T02:17:37.153" />
<gc-end id="635" type="global" contextid="623" durationms="8.815" usertimems="8.000" systemtimems="0.000" timestamp="2019-08-03T02:17:37.154" activeThreads="2">
  <mem-info id="636" free="3722912" total="9961472" percent="37">
    <mem type="nursery" free="1269064" total="3670016" percent="34">
      <mem type="allocate" free="1269064" total="1966080" percent="64" />
      <mem type="survivor" free="0" total="1703936" percent="0" />
    </mem>
    <mem type="tenure" free="2453848" total="6291456" percent="39" micro-fragmented="19272" macro-fragmented="0">
      <mem type="soa" free="2139480" total="5977088" percent="35" />
      <mem type="loa" free="314368" total="314368" percent="100" />
    </mem>
    <remembered-set count="368" />
  </mem-info>
</gc-end>
<cycle-end id="637" type="global" contextid="623" timestamp="2019-08-03T02:17:37.154" />
  <attribute name="elasticGC enabled" value="1" />
  <attribute name= "numThreadsSpecified" value="2" />
  <attribute name="heapSize specified" value="9961472" />
  <attribute name= "numCores" value="8" />
  <attribute name ="GC Interval" value="2400" />
  <attribute name ="Control flow" value="2" />
  <attribute name="GC Util Range Max" value="16" />
  <attribute name="Current GC Util" value="0" />
  <attribute name= "Current Time Running" value="1243" />
<allocation-satisfied id="638" threadId="0000000002855F00" bytesRequested="40" />
<af-end id="639" timestamp="2019-08-03T02:17:37.154" threadId="0000000002856888" success="true" from="nursery"/>
<exclusive-end id="640" timestamp="2019-08-03T02:17:37.154" durationms="9.262" />

<exclusive-start id="641" timestamp="2019-08-03T02:17:37.162" intervalms="17.005">
  <response-info timems="0.031" idlems="0.031" threads="0" lastid="0000000002859B00" lastname="Thread-7" />
</exclusive-start>
<af-start id="642" threadId="000000000285A488" totalBytesRequested="32776" timestamp="2019-08-03T02:17:37.162" intervalms="17.113" type="nursery" />
<cycle-start id="643" type="scavenge" contextid="0" timestamp="2019-08-03T02:17:37.162" intervalms="40.424" />
<gc-start id="644" type="scavenge" contextid="643" timestamp="2019-08-03T02:17:37.163">
  <mem-info id="645" free="2493856" total="9961472" percent="25">
    <mem type="nursery" free="40008" total="3670016" percent="1">
      <mem type="allocate" free="40008" total="1966080" percent="2" />
      <mem type="survivor" free="0" total="1703936" percent="0" />
    </mem>
    <mem type="tenure" free="2453848" total="6291456" percent="39">
      <mem type="soa" free="2139480" total="5977088" percent="35" />
      <mem type="loa" free="314368" total="314368" percent="100" />
    </mem>
    <remembered-set count="391" />
  </mem-info>
</gc-start>
<allocation-stats totalBytes="1107528" >
  <allocated-bytes non-tlh="508192" tlh="599336" />
  <largest-consumer threadName="Thread-10" threadId="0000000002864F00" bytes="356312" />
</allocation-stats>
<gc-op id="646" type="scavenge" timems="1.053" contextid="643" timestamp="2019-08-03T02:17:37.164">
  <scavenger-info tenureage="2" tenuremask="7ffc" tiltratio="53" />
  <memory-copied type="nursery" objects="1385" bytes="758232" bytesdiscarded="90024" />
  <references type="phantom" candidates="1" cleared="0" enqueued="0" />
</gc-op>
<gc-end id="647" type="scavenge" contextid="643" durationms="1.254" usertimems="0.000" systemtimems="0.000" timestamp="2019-08-03T02:17:37.164" activeThreads="8">
  <mem-info id="648" free="3571592" total="9961472" percent="35">
    <mem type="nursery" free="1117744" total="3670016" percent="30">
      <mem type="allocate" free="1117744" total="1966080" percent="56" />
      <mem type="survivor" free="0" total="1703936" percent="0" />
    </mem>
    <mem type="tenure" free="2453848" total="6291456" percent="39">
      <mem type="soa" free="2139480" total="5977088" percent="35" />
      <mem type="loa" free="314368" total="314368" percent="100" />
    </mem>
    <remembered-set count="210" />
  </mem-info>
</gc-end>
<cycle-end id="649" type="scavenge" contextid="643" timestamp="2019-08-03T02:17:37.164" />
  <attribute name="elasticGC enabled" value="1" />
  <attribute name= "numThreadsSpecified" value="2" />
  <attribute name="heapSize specified" value="9961472" />
  <attribute name= "numCores" value="8" />
  <attribute name ="GC Interval" value="2300" />
  <attribute name ="Control flow" value="3" />
  <attribute name="GC Util Range Max" value="16" />
  <attribute name="Current GC Util" value="26" />
  <attribute name= "Current Time Running" value="1253" />
<allocation-satisfied id="650" threadId="0000000002859B00" bytesRequested="32776" />
<af-end id="651" timestamp="2019-08-03T02:17:37.164" threadId="000000000285A488" success="true" from="nursery"/>
<exclusive-end id="652" timestamp="2019-08-03T02:17:37.164" durationms="1.879" />

<exclusive-start id="653" timestamp="2019-08-03T02:17:37.179" intervalms="16.691">
  <response-info timems="0.068" idlems="0.068" threads="0" lastid="0000000002855F00" lastname="Thread-6" />
</exclusive-start>
<af-start id="654" threadId="0000000002856888" totalBytesRequested="48" timestamp="2019-08-03T02:17:37.179" intervalms="16.588" type="nursery" />
<cycle-start id="655" type="scavenge" contextid="0" timestamp="2019-08-03T02:17:37.179" intervalms="16.549" />
<gc-start id="656" type="scavenge" contextid="655" timestamp="2019-08-03T02:17:37.179">
  <mem-info id="657" free="2453848" total="9961472" percent="24">
    <mem type="nursery" free="0" total="3670016" percent="0">
      <mem type="allocate" free="0" total="1966080" percent="0" />
      <mem type="survivor" free="0" total="1703936" percent="0" />
    </mem>
    <mem type="tenure" free="2453848" total="6291456" percent="39">
      <mem type="soa" free="2139480" total="5977088" percent="35" />
      <mem type="loa" free="314368" total="314368" percent="100" />
    </mem>
    <remembered-set count="379" />
  </mem-info>
</gc-start>
<allocation-stats totalBytes="1062128" >
  <allocated-bytes non-tlh="32776" tlh="1029352" />
  <largest-consumer threadName="Thread-10" threadId="0000000002864F00" bytes="525736" />
</allocation-stats>
<gc-op id="658" type="scavenge" timems="4.482" contextid="655" timestamp="2019-08-03T02:17:37.184">
  <scavenger-info tenureage="1" tenuremask="7ffe" tiltratio="53" />
  <memory-copied type="nursery" objects="1329" bytes="385728" bytesdiscarded="278680" />
  <memory-copied type="tenure" objects="1229" bytes="617696" bytesdiscarded="9904" />
  <references type="phantom" candidates="1" cleared="0" enqueued="0" />
</gc-op>
<heap-resize id="659" type="expand" space="nursery" amount="393216" count="1" timems="0.015" reason="excessive time being spent scavenging" timestamp="2019-08-03T02:17:37.184" />
<gc-end id="660" type="scavenge" contextid="655" durationms="4.886" usertimems="8.000" systemtimems="0.000" timestamp="2019-08-03T02:17:37.184" activeThreads="8">
  <mem-info id="661" free="3493408" total="10354688" percent="33">
    <mem type="nursery" free="1694864" total="4063232" percent="41">
      <mem type="allocate" free="1694864" total="2359296" percent="71" />
      <mem type="survivor" free="0" total="1703936" percent="0" />
    </mem>
    <mem type="tenure" free="1798544" total="6291456" percent="28">
      <mem type="soa" free="1484176" total="5977088" percent="24" />
      <mem type="loa" free="314368" total="314368" percent="100" />
    </mem>
    <remembered-set count="243" />
  </mem-info>
</gc-end>
<cycle-end id="662" type="scavenge" contextid="655" timestamp="2019-08-03T02:17:37.184" />
  <attribute name="elasticGC enabled" value="1" />
  <attribute name= "numThreadsSpecified" value="2" />
  <attribute name="heapSize specified" value="9961472" />
  <attribute name= "numCores" value="8" />
  <attribute name ="GC Interval" value="2400" />
  <attribute name ="Control flow" value="2" />
  <attribute name="GC Util Range Max" value="16" />
  <attribute name="Current GC Util" value="22" />
  <attribute name= "Current Time Running" value="1270" />
<allocation-satisfied id="663" threadId="0000000002855F00" bytesRequested="48" />
<af-end id="664" timestamp="2019-08-03T02:17:37.184" threadId="0000000002856888" success="true" from="nursery"/>
<exclusive-end id="665" timestamp="2019-08-03T02:17:37.184" durationms="5.442" />

<exclusive-start id="666" timestamp="2019-08-03T02:17:37.209" intervalms="29.820">
  <response-info timems="0.037" idlems="0.037" threads="0" lastid="0000000002852300" lastname="Thread-5" />
</exclusive-start>
<af-start id="667" threadId="0000000002852C88" totalBytesRequested="224" timestamp="2019-08-03T02:17:37.209" intervalms="29.938" type="nursery" />
<cycle-start id="668" type="scavenge" contextid="0" timestamp="2019-08-03T02:17:37.209" intervalms="29.949" />
<gc-start id="669" type="scavenge" contextid="668" timestamp="2019-08-03T02:17:37.209">
  <mem-info id="670" free="1798544" total="10354688" percent="17">
    <mem type="nursery" free="0" total="4063232" percent="0">
      <mem type="allocate" free="0" total="2359296" percent="0" />
      <mem type="survivor" free="0" total="1703936" percent="0" />
    </mem>
    <mem type="tenure" free="1798544" total="6291456" percent="28">
      <mem type="soa" free="1484176" total="5977088" percent="24" />
      <mem type="loa" free="314368" total="314368" percent="100" />
    </mem>
    <remembered-set count="442" />
  </mem-info>
</gc-start>
<allocation-stats totalBytes="1680288" >
  <allocated-bytes non-tlh="213104" tlh="1467184" />
  <largest-consumer threadName="Thread-7" threadId="0000000002859B00" bytes="417584" />
</allocation-stats>
<gc-op id="671" type="scavenge" timems="0.614" contextid="668" timestamp="2019-08-03T02:17:37.210">
  <scavenger-info tenureage="1" tenuremask="7ffe" tiltratio="58" />
  <memory-copied type="nursery" objects="1942" bytes="816200" bytesdiscarded="420960" />
  <memory-copied type="tenure" objects="798" bytes="284496" bytesdiscarded="384" />
</gc-op>
<gc-end id="672" type="scavenge" contextid="668" durationms="0.834" usertimems="0.000" systemtimems="0.000" timestamp="2019-08-03T02:17:37.210" activeThreads="8">
  <mem-info id="673" free="2781600" total="10354688" percent="26">
    <mem type="nursery" free="1384208" total="4063232" percent="34">
      <mem type="allocate" free="1384208" total="2621440" percent="52" />
      <mem type="survivor" free="0" total="1441792" percent="0" />
    </mem>
    <mem type="tenure" free="1397392" total="6291456" percent="22">
      <mem type="soa" free="1083024" total="5977088" percent="18" />
      <mem type="loa" free="314368" total="314368" percent="100" />
    </mem>
    <remembered-set count="281" />
  </mem-info>
</gc-end>
<cycle-end id="674" type="scavenge" contextid="668" timestamp="2019-08-03T02:17:37.210" />
  <attribute name="elasticGC enabled" value="1" />
  <attribute name= "numThreadsSpecified" value="2" />
  <attribute name="heapSize specified" value="9961472" />
  <attribute name= "numCores" value="8" />
  <attribute name ="GC Interval" value="2600" />
  <attribute name ="Control flow" value="2" />
  <attribute name="GC Util Range Max" value="16" />
  <attribute name="Current GC Util" value="21" />
  <attribute name= "Current Time Running" value="1300" />
<allocation-satisfied id="675" threadId="0000000002852300" bytesRequested="224" />
<af-end id="676" timestamp="2019-08-03T02:17:37.210" threadId="0000000002852C88" success="true" from="nursery"/>
<exclusive-end id="677" timestamp="2019-08-03T02:17:37.210" durationms="1.435" />

<exclusive-start id="678" timestamp="2019-08-03T02:17:37.233" intervalms="24.374">
  <response-info timems="0.056" idlems="0.056" threads="0" lastid="0000000002864F00" lastname="Thread-10" />
</exclusive-start>
<af-start id="679" threadId="0000000002865888" totalBytesRequested="40" timestamp="2019-08-03T02:17:37.233" intervalms="24.348" type="nursery" />
<cycle-start id="680" type="scavenge" contextid="0" timestamp="2019-08-03T02:17:37.233" intervalms="24.344" />
<gc-start id="681" type="scavenge" contextid="680" timestamp="2019-08-03T02:17:37.233">
  <mem-info id="682" free="1397392" total="10354688" percent="13">
    <mem type="nursery" free="0" total="4063232" percent="0">
      <mem type="allocate" free="0" total="2621440" percent="0" />
      <mem type="survivor" free="0" total="1441792" percent="0" />
    </mem>
    <mem type="tenure" free="1397392" total="6291456" percent="22">
      <mem type="soa" free="1083024" total="5977088" percent="18" />
      <mem type="loa" free="314368" total="314368" percent="100" />
    </mem>
    <remembered-set count="463" />
  </mem-info>
</gc-start>
<allocation-stats totalBytes="1359168" >
  <allocated-bytes non-tlh="114944" tlh="1244224" />
  <largest-consumer threadName="Thread-3" threadId="000000000284AB00" bytes="445088" />
</allocation-stats>
<gc-op id="683" type="scavenge" timems="1.366" contextid="680" timestamp="2019-08-03T02:17:37.235">
  <scavenger-info tenureage="1" tenuremask="7ffe" tiltratio="64" />
  <memory-copied type="nursery" objects="1342" bytes="492752" bytesdiscarded="16016" />
  <memory-copied type="tenure" objects="1373" bytes="598520" bytesdiscarded="464" />
  <references type="phantom" candidates="1" cleared="0" enqueued="0" />
</gc-op>
<gc-end id="684" type="scavenge" contextid="680" durationms="1.574" usertimems="4.000" systemtimems="0.000" timestamp="2019-08-03T02:17:37.235" activeThreads="8">
  <mem-info id="685" free="2799128" total="10354688" percent="27">
    <mem type="nursery" free="2178168" total="4063232" percent="53">
      <mem type="allocate" free="2178168" total="2686976" percent="81" />
      <mem type="survivor" free="0" total="1376256" percent="0" />
    </mem>
    <mem type="tenure" free="620960" total="6291456" percent="9">
      <mem type="soa" free="306592" total="5977088" percent="5" />
      <mem type="loa" free="314368" total="314368" percent="100" />
    </mem>
    <remembered-set count="268" />
  </mem-info>
</gc-end>
<cycle-end id="686" type="scavenge" contextid="680" timestamp="2019-08-03T02:17:37.235" />
  <attribute name="elasticGC enabled" value="1" />
  <attribute name= "numThreadsSpecified" value="2" />
  <attribute name="heapSize specified" value="9961472" />
  <attribute name= "numCores" value="8" />
  <attribute name ="GC Interval" value="2700" />
  <attribute name ="Control flow" value="2" />
  <attribute name="GC Util Range Max" value="16" />
  <attribute name="Current GC Util" value="7" />
  <attribute name= "Current Time Running" value="1324" />
<allocation-satisfied id="687" threadId="0000000002864F00" bytesRequested="40" />
<af-end id="688" timestamp="2019-08-03T02:17:37.235" threadId="0000000002865888" success="true" from="nursery"/>
<exclusive-end id="689" timestamp="2019-08-03T02:17:37.235" durationms="2.128" />

<concurrent-kickoff id="690" timestamp="2019-08-03T02:17:37.263">
  <kickoff reason="threshold reached" targetBytes="2070852" thresholdFreeBytes="278911"  remainingFree="257128" tenureFreeBytes="620960" nurseryFreeBytes="257128" />
</concurrent-kickoff>
<exclusive-start id="691" timestamp="2019-08-03T02:17:37.263" intervalms="29.989">
  <response-info timems="0.073" idlems="0.073" threads="0" lastid="000000000284E700" lastname="Thread-4" />
</exclusive-start>
<cycle-start id="692" type="global" contextid="0" timestamp="2019-08-03T02:17:37.263" intervalms="121.123" />
<exclusive-end id="693" timestamp="2019-08-03T02:17:37.263" durationms="0.173" />

<exclusive-start id="694" timestamp="2019-08-03T02:17:37.269" intervalms="5.826">
  <response-info timems="0.058" idlems="0.058" threads="0" lastid="000000000284E700" lastname="Thread-4" />
</exclusive-start>
<af-start id="695" threadId="000000000284F088" totalBytesRequested="32776" timestamp="2019-08-03T02:17:37.269" intervalms="35.782" type="nursery" />
<cycle-start id="696" type="scavenge" contextid="0" timestamp="2019-08-03T02:17:37.269" intervalms="35.790" />
<gc-start id="697" type="scavenge" contextid="696" timestamp="2019-08-03T02:17:37.269">
  <mem-info id="698" free="624128" total="10354688" percent="6">
    <mem type="nursery" free="3168" total="4063232" percent="0">
      <mem type="allocate" free="3168" total="2686976" percent="0" />
      <mem type="survivor" free="0" total="1376256" percent="0" />
    </mem>
    <mem type="tenure" free="620960" total="6291456" percent="9">
      <mem type="soa" free="306592" total="5977088" percent="5" />
      <mem type="loa" free="314368" total="314368" percent="100" />
    </mem>
    <remembered-set count="474" />
  </mem-info>
</gc-start>
<allocation-stats totalBytes="2045152" >
  <allocated-bytes non-tlh="229480" tlh="1815672" />
  <largest-consumer threadName="Thread-9" threadId="0000000002861300" bytes="436696" />
</allocation-stats>
<gc-op id="699" type="scavenge" timems="0.757" contextid="696" timestamp="2019-08-03T02:17:37.270">
  <scavenger-info tenureage="1" tenuremask="7ffe" tiltratio="66" />
  <memory-copied type="nursery" objects="2240" bytes="976576" bytesdiscarded="399592" />
  <memory-copied type="tenure" objects="1415" bytes="507320" bytesdiscarded="1200" />
  <copy-failed type="nursery" objects="154" bytes="20872" />
  <heap-resize type="expand" space="tenure" amount="262144" count="4" timems="0.214" reason="continue current collection" />
</gc-op>
<gc-end id="700" type="scavenge" contextid="696" durationms="1.007" usertimems="4.000" systemtimems="0.000" timestamp="2019-08-03T02:17:37.270" activeThreads="8">
  <mem-info id="701" free="1346296" total="10616832" percent="12">
    <mem type="nursery" free="983040" total="4063232" percent="24">
      <mem type="allocate" free="983040" total="2359296" percent="41" />
      <mem type="survivor" free="0" total="1703936" percent="0" />
    </mem>
    <mem type="tenure" free="363256" total="6553600" percent="5">
      <mem type="soa" free="35576" total="6225920" percent="0" />
      <mem type="loa" free="327680" total="327680" percent="100" />
    </mem>
    <remembered-set count="326" />
  </mem-info>
</gc-end>
<cycle-end id="702" type="scavenge" contextid="696" timestamp="2019-08-03T02:17:37.270" />
  <attribute name="elasticGC enabled" value="1" />
  <attribute name= "numThreadsSpecified" value="2" />
  <attribute name="heapSize specified" value="9961472" />
  <attribute name= "numCores" value="8" />
  <attribute name ="GC Interval" value="2700" />
  <attribute name ="Control flow" value="2" />
  <attribute name="GC Util Range Max" value="16" />
  <attribute name="Current GC Util" value="7" />
  <attribute name= "Current Time Running" value="1360" />
<allocation-satisfied id="703" threadId="000000000284E700" bytesRequested="32776" />
<af-end id="704" timestamp="2019-08-03T02:17:37.270" threadId="000000000284F088" success="true" from="nursery"/>
<exclusive-end id="705" timestamp="2019-08-03T02:17:37.270" durationms="1.615" />

<exclusive-start id="706" timestamp="2019-08-03T02:17:37.294" intervalms="24.777">
  <response-info timems="0.046" idlems="0.046" threads="0" lastid="000000000284AB00" lastname="Thread-3" />
</exclusive-start>
<af-start id="707" threadId="000000000284B488" totalBytesRequested="16392" timestamp="2019-08-03T02:17:37.294" intervalms="24.832" type="nursery" />
<percolate-collect id="708" from="nursery" to="global" reason="concurrent mark exhausted" timestamp="2019-08-03T02:17:37.294"/>
<gc-start id="709" type="global" contextid="692" timestamp="2019-08-03T02:17:37.294">
  <mem-info id="710" free="363256" total="10616832" percent="3">
    <mem type="nursery" free="0" total="4063232" percent="0">
      <mem type="allocate" free="0" total="2359296" percent="0" />
      <mem type="survivor" free="0" total="1703936" percent="0" />
    </mem>
    <mem type="tenure" free="363256" total="6553600" percent="5">
      <mem type="soa" free="35576" total="6225920" percent="0" />
      <mem type="loa" free="327680" total="327680" percent="100" />
    </mem>
    <remembered-set count="444" />
  </mem-info>
</gc-start>
<allocation-stats totalBytes="951688" >
  <allocated-bytes non-tlh="65552" tlh="886136" />
  <largest-consumer threadName="Thread-4" threadId="000000000284E700" bytes="249512" />
</allocation-stats>
<concurrent-halted id="711" timestamp="2019-08-03T02:17:37.294">
  <halted state="Complete" status="exhausted" />
  <traced bytesTarget="2158949" bytesTotal="1956032" bytesByMutator="454428" bytesByHelper="1501604" percent="90" />
  <cards cleaned="271" thresholdBytes="109873" />
</concurrent-halted>
<gc-op id="712" type="rs-scan" timems="0.183" contextid="692" timestamp="2019-08-03T02:17:37.294">
  <scan objectsFound="211" bytesTraced="27060" workStackOverflowCount="0" />
</gc-op>
<gc-op id="713" type="card-cleaning" timems="0.280" contextid="692" timestamp="2019-08-03T02:17:37.295">
  <card-cleaning cardsCleaned="41" bytesTraced="731396" workStackOverflowCount="0" />
</gc-op>
<gc-op id="714" type="mark" timems="0.628" contextid="692" timestamp="2019-08-03T02:17:37.295">
  <trace-info objectcount="310" scancount="273" scanbytes="43036" />
  <finalization candidates="25" enqueued="0" />
  <references type="soft" candidates="168" cleared="0" enqueued="0" dynamicThreshold="12" maxThreshold="32" />
  <references type="weak" candidates="253" cleared="0" enqueued="0" />
  <references type="phantom" candidates="77" cleared="0" enqueued="0" />
  <stringconstants candidates="3963" cleared="0"  />
</gc-op>
<gc-op id="715" type="sweep" timems="0.243" contextid="692" timestamp="2019-08-03T02:17:37.296" />
<gc-end id="716" type="global" contextid="692" durationms="2.762" usertimems="0.000" systemtimems="4.000" timestamp="2019-08-03T02:17:37.297" activeThreads="1">
  <mem-info id="717" free="4258672" total="10616832" percent="40">
    <mem type="nursery" free="1295928" total="4063232" percent="31">
      <mem type="allocate" free="1295928" total="2359296" percent="54" />
      <mem type="survivor" free="0" total="1703936" percent="0" />
    </mem>
    <mem type="tenure" free="2962744" total="6553600" percent="45" micro-fragmented="32160" macro-fragmented="0">
      <mem type="soa" free="2635064" total="6225920" percent="42" />
      <mem type="loa" free="327680" total="327680" percent="100" />
    </mem>
    <remembered-set count="351" />
  </mem-info>
</gc-end>
<cycle-end id="718" type="global" contextid="692" timestamp="2019-08-03T02:17:37.297" />
  <attribute name="elasticGC enabled" value="1" />
  <attribute name= "numThreadsSpecified" value="1" />
  <attribute name="heapSize specified" value="9961472" />
  <attribute name= "numCores" value="8" />
  <attribute name ="GC Interval" value="2700" />
  <attribute name ="Control flow" value="1" />
  <attribute name="GC Util Range Max" value="16" />
  <attribute name="Current GC Util" value="43" />
  <attribute name= "Current Time Running" value="1386" />
<allocation-satisfied id="719" threadId="000000000284AB00" bytesRequested="16392" />
<af-end id="720" timestamp="2019-08-03T02:17:37.297" threadId="000000000284B488" success="true" from="nursery"/>
<exclusive-end id="721" timestamp="2019-08-03T02:17:37.297" durationms="3.471" />

<exclusive-start id="722" timestamp="2019-08-03T02:17:37.314" intervalms="20.731">
  <response-info timems="0.044" idlems="0.044" threads="0" lastid="0000000002864F00" lastname="Thread-10" />
</exclusive-start>
<af-start id="723" threadId="0000000002865888" totalBytesRequested="48" timestamp="2019-08-03T02:17:37.315" intervalms="20.711" type="nursery" />
<cycle-start id="724" type="scavenge" contextid="0" timestamp="2019-08-03T02:17:37.315" intervalms="45.540" />
<gc-start id="725" type="scavenge" contextid="724" timestamp="2019-08-03T02:17:37.315">
  <mem-info id="726" free="2962744" total="10616832" percent="27">
    <mem type="nursery" free="0" total="4063232" percent="0">
      <mem type="allocate" free="0" total="2359296" percent="0" />
      <mem type="survivor" free="0" total="1703936" percent="0" />
    </mem>
    <mem type="tenure" free="2962744" total="6553600" percent="45">
      <mem type="soa" free="2635064" total="6225920" percent="42" />
      <mem type="loa" free="327680" total="327680" percent="100" />
    </mem>
    <remembered-set count="424" />
  </mem-info>
</gc-start>
<allocation-stats totalBytes="1277072" >
  <allocated-bytes non-tlh="444640" tlh="832432" />
  <largest-consumer threadName="Thread-3" threadId="000000000284AB00" bytes="570168" />
</allocation-stats>
<gc-op id="727" type="scavenge" timems="1.238" contextid="724" timestamp="2019-08-03T02:17:37.316">
  <scavenger-info tenureage="1" tenuremask="7ffe" tiltratio="58" />
  <memory-copied type="nursery" objects="1857" bytes="595392" bytesdiscarded="32376" />
  <memory-copied type="tenure" objects="1431" bytes="644416" bytesdiscarded="6920" />
  <references type="phantom" candidates="1" cleared="0" enqueued="0" />
</gc-op>
<gc-end id="728" type="scavenge" contextid="724" durationms="1.446" usertimems="4.000" systemtimems="0.000" timestamp="2019-08-03T02:17:37.316" activeThreads="1">
  <mem-info id="729" free="4148128" total="10616832" percent="39">
    <mem type="nursery" free="1862552" total="4063232" percent="45">
      <mem type="allocate" free="1862552" total="2490368" percent="74" />
      <mem type="survivor" free="0" total="1572864" percent="0" />
    </mem>
    <mem type="tenure" free="2285576" total="6553600" percent="34">
      <mem type="soa" free="1957896" total="6225920" percent="31" />
      <mem type="loa" free="327680" total="327680" percent="100" />
    </mem>
    <remembered-set count="243" />
  </mem-info>
</gc-end>
<cycle-end id="730" type="scavenge" contextid="724" timestamp="2019-08-03T02:17:37.316" />
  <attribute name="elasticGC enabled" value="1" />
  <attribute name= "numThreadsSpecified" value="1" />
  <attribute name="heapSize specified" value="9961472" />
  <attribute name= "numCores" value="8" />
  <attribute name ="GC Interval" value="2800" />
  <attribute name ="Control flow" value="2" />
  <attribute name="GC Util Range Max" value="16" />
  <attribute name="Current GC Util" value="23" />
  <attribute name= "Current Time Running" value="1405" />
<allocation-satisfied id="731" threadId="0000000002864F00" bytesRequested="48" />
<af-end id="732" timestamp="2019-08-03T02:17:37.316" threadId="0000000002865888" success="true" from="nursery"/>
<exclusive-end id="733" timestamp="2019-08-03T02:17:37.316" durationms="2.006" />

<exclusive-start id="734" timestamp="2019-08-03T02:17:37.349" intervalms="34.981">
  <response-info timems="0.040" idlems="0.040" threads="0" lastid="0000000002861300" lastname="Thread-9" />
</exclusive-start>
<af-start id="735" threadId="0000000002861C88" totalBytesRequested="16392" timestamp="2019-08-03T02:17:37.350" intervalms="34.982" type="nursery" />
<cycle-start id="736" type="scavenge" contextid="0" timestamp="2019-08-03T02:17:37.350" intervalms="34.982" />
<gc-start id="737" type="scavenge" contextid="736" timestamp="2019-08-03T02:17:37.350">
  <mem-info id="738" free="2285576" total="10616832" percent="21">
    <mem type="nursery" free="0" total="4063232" percent="0">
      <mem type="allocate" free="0" total="2490368" percent="0" />
      <mem type="survivor" free="0" total="1572864" percent="0" />
    </mem>
    <mem type="tenure" free="2285576" total="6553600" percent="34">
      <mem type="soa" free="1957896" total="6225920" percent="31" />
      <mem type="loa" free="327680" total="327680" percent="100" />
    </mem>
    <remembered-set count="424" />
  </mem-info>
</gc-start>
<allocation-stats totalBytes="1813896" >
  <allocated-bytes non-tlh="114768" tlh="1699128" />
  <largest-consumer threadName="Thread-7" threadId="0000000002859B00" bytes="799784" />
</allocation-stats>
<gc-op id="739" type="scavenge" timems="0.516" contextid="736" timestamp="2019-08-03T02:17:37.350">
  <scavenger-info tenureage="1" tenuremask="7ffe" tiltratio="61" />
  <memory-copied type="nursery" objects="1052" bytes="563976" bytesdiscarded="239352" />
  <memory-copied type="tenure" objects="1765" bytes="588656" bytesdiscarded="4080" />
</gc-op>
<gc-end id="740" type="scavenge" contextid="736" durationms="0.738" usertimems="0.000" systemtimems="0.000" timestamp="2019-08-03T02:17:37.350" activeThreads="8">
  <mem-info id="741" free="3363016" total="10616832" percent="31">
    <mem type="nursery" free="1818048" total="4063232" percent="44">
      <mem type="allocate" free="1818048" total="2621440" percent="69" />
      <mem type="survivor" free="0" total="1441792" percent="0" />
    </mem>
    <mem type="tenure" free="1544968" total="6553600" percent="23">
      <mem type="soa" free="1217288" total="6225920" percent="19" />
      <mem type="loa" free="327680" total="327680" percent="100" />
    </mem>
    <remembered-set count="291" />
  </mem-info>
</gc-end>
<cycle-end id="742" type="scavenge" contextid="736" timestamp="2019-08-03T02:17:37.350" />
  <attribute name="elasticGC enabled" value="1" />
  <attribute name= "numThreadsSpecified" value="1" />
  <attribute name="heapSize specified" value="9961472" />
  <attribute name= "numCores" value="8" />
  <attribute name ="GC Interval" value="2900" />
  <attribute name ="Control flow" value="1" />
  <attribute name="GC Util Range Max" value="16" />
  <attribute name="Current GC Util" value="3" />
  <attribute name= "Current Time Running" value="1440" />
<allocation-satisfied id="743" threadId="0000000002861300" bytesRequested="16392" />
<af-end id="744" timestamp="2019-08-03T02:17:37.351" threadId="0000000002861C88" success="true" from="nursery"/>
<exclusive-end id="745" timestamp="2019-08-03T02:17:37.351" durationms="1.334" />

<exclusive-start id="746" timestamp="2019-08-03T02:17:37.368" intervalms="18.431">
  <response-info timems="0.060" idlems="0.060" threads="0" lastid="0000000002861300" lastname="Thread-9" />
</exclusive-start>
<af-start id="747" threadId="0000000002861C88" totalBytesRequested="520" timestamp="2019-08-03T02:17:37.368" intervalms="18.371" type="nursery" />
<cycle-start id="748" type="scavenge" contextid="0" timestamp="2019-08-03T02:17:37.368" intervalms="18.370" />
<gc-start id="749" type="scavenge" contextid="748" timestamp="2019-08-03T02:17:37.368">
  <mem-info id="750" free="1544968" total="10616832" percent="14">
    <mem type="nursery" free="0" total="4063232" percent="0">
      <mem type="allocate" free="0" total="2621440" percent="0" />
      <mem type="survivor" free="0" total="1441792" percent="0" />
    </mem>
    <mem type="tenure" free="1544968" total="6553600" percent="23">
      <mem type="soa" free="1217288" total="6225920" percent="19" />
      <mem type="loa" free="327680" total="327680" percent="100" />
    </mem>
    <remembered-set count="499" />
  </mem-info>
</gc-start>
<allocation-stats totalBytes="1784992" >
  <allocated-bytes non-tlh="262224" tlh="1522768" />
  <largest-consumer threadName="Thread-10" threadId="0000000002864F00" bytes="462640" />
</allocation-stats>
<gc-op id="751" type="scavenge" timems="0.909" contextid="748" timestamp="2019-08-03T02:17:37.369">
  <scavenger-info tenureage="1" tenuremask="7ffe" tiltratio="64" />
  <memory-copied type="nursery" objects="2386" bytes="969704" bytesdiscarded="1456" />
  <memory-copied type="tenure" objects="917" bytes="424368" bytesdiscarded="1424" />
</gc-op>
<gc-end id="752" type="scavenge" contextid="748" durationms="1.129" usertimems="0.000" systemtimems="0.000" timestamp="2019-08-03T02:17:37.369" activeThreads="1">
  <mem-info id="753" free="2653112" total="10616832" percent="24">
    <mem type="nursery" free="1519136" total="4063232" percent="37">
      <mem type="allocate" free="1519136" total="2490368" percent="61" />
      <mem type="survivor" free="0" total="1572864" percent="0" />
    </mem>
    <mem type="tenure" free="1133976" total="6553600" percent="17">
      <mem type="soa" free="806296" total="6225920" percent="12" />
      <mem type="loa" free="327680" total="327680" percent="100" />
    </mem>
    <remembered-set count="259" />
  </mem-info>
</gc-end>
<cycle-end id="754" type="scavenge" contextid="748" timestamp="2019-08-03T02:17:37.369" />
  <attribute name="elasticGC enabled" value="1" />
  <attribute name= "numThreadsSpecified" value="1" />
  <attribute name="heapSize specified" value="9961472" />
  <attribute name= "numCores" value="8" />
  <attribute name ="GC Interval" value="2900" />
  <attribute name ="Control flow" value="2" />
  <attribute name="GC Util Range Max" value="16" />
  <attribute name="Current GC Util" value="12" />
  <attribute name= "Current Time Running" value="1459" />
<allocation-satisfied id="755" threadId="0000000002861300" bytesRequested="520" />
<af-end id="756" timestamp="2019-08-03T02:17:37.369" threadId="0000000002861C88" success="true" from="nursery"/>
<exclusive-end id="757" timestamp="2019-08-03T02:17:37.369" durationms="1.650" />

<concurrent-kickoff id="758" timestamp="2019-08-03T02:17:37.388">
  <kickoff reason="threshold reached" targetBytes="2170231" thresholdFreeBytes="287126"  remainingFree="208408" tenureFreeBytes="1133976" nurseryFreeBytes="208408" />
</concurrent-kickoff>
<exclusive-start id="759" timestamp="2019-08-03T02:17:37.388" intervalms="20.279">
  <response-info timems="0.045" idlems="0.045" threads="0" lastid="0000000002861300" lastname="Thread-9" />
</exclusive-start>
<cycle-start id="760" type="global" contextid="0" timestamp="2019-08-03T02:17:37.388" intervalms="125.029" />
<exclusive-end id="761" timestamp="2019-08-03T02:17:37.388" durationms="0.172" />

<exclusive-start id="762" timestamp="2019-08-03T02:17:37.393" intervalms="5.196">
  <response-info timems="0.070" idlems="0.070" threads="0" lastid="000000000285D700" lastname="Thread-8" />
</exclusive-start>
<af-start id="763" threadId="000000000285E088" totalBytesRequested="16392" timestamp="2019-08-03T02:17:37.393" intervalms="25.554" type="nursery" />
<cycle-start id="764" type="scavenge" contextid="0" timestamp="2019-08-03T02:17:37.394" intervalms="25.558" />
<gc-start id="765" type="scavenge" contextid="764" timestamp="2019-08-03T02:17:37.394">
  <mem-info id="766" free="1133976" total="10616832" percent="10">
    <mem type="nursery" free="0" total="4063232" percent="0">
      <mem type="allocate" free="0" total="2490368" percent="0" />
      <mem type="survivor" free="0" total="1572864" percent="0" />
    </mem>
    <mem type="tenure" free="1133976" total="6553600" percent="17">
      <mem type="soa" free="806296" total="6225920" percent="12" />
      <mem type="loa" free="327680" total="327680" percent="100" />
    </mem>
    <remembered-set count="413" />
  </mem-info>
</gc-start>
<allocation-stats totalBytes="1463168" >
  <allocated-bytes non-tlh="164408" tlh="1298760" />
  <largest-consumer threadName="Thread-9" threadId="0000000002861300" bytes="465216" />
</allocation-stats>
<gc-op id="767" type="scavenge" timems="0.510" contextid="764" timestamp="2019-08-03T02:17:37.394">
  <scavenger-info tenureage="1" tenuremask="7ffe" tiltratio="61" />
  <memory-copied type="nursery" objects="1391" bytes="590768" bytesdiscarded="247688" />
  <memory-copied type="tenure" objects="1356" bytes="655576" bytesdiscarded="2328" />
</gc-op>
<gc-end id="768" type="scavenge" contextid="764" durationms="0.730" usertimems="4.000" systemtimems="0.000" timestamp="2019-08-03T02:17:37.394" activeThreads="8">
  <mem-info id="769" free="2167272" total="10616832" percent="20">
    <mem type="nursery" free="1782928" total="4063232" percent="43">
      <mem type="allocate" free="1782928" total="2621440" percent="68" />
      <mem type="survivor" free="0" total="1441792" percent="0" />
    </mem>
    <mem type="tenure" free="384344" total="6553600" percent="5">
      <mem type="soa" free="56664" total="6225920" percent="0" />
      <mem type="loa" free="327680" total="327680" percent="100" />
    </mem>
    <remembered-set count="239" />
  </mem-info>
</gc-end>
<cycle-end id="770" type="scavenge" contextid="764" timestamp="2019-08-03T02:17:37.394" />
  <attribute name="elasticGC enabled" value="1" />
  <attribute name= "numThreadsSpecified" value="1" />
  <attribute name="heapSize specified" value="9961472" />
  <attribute name= "numCores" value="8" />
  <attribute name ="GC Interval" value="2900" />
  <attribute name ="Control flow" value="3" />
  <attribute name="GC Util Range Max" value="16" />
  <attribute name="Current GC Util" value="4" />
  <attribute name= "Current Time Running" value="1484" />
<allocation-satisfied id="771" threadId="000000000285D700" bytesRequested="16392" />
<af-end id="772" timestamp="2019-08-03T02:17:37.395" threadId="000000000285E088" success="true" from="nursery"/>
<exclusive-end id="773" timestamp="2019-08-03T02:17:37.395" durationms="1.343" />

<exclusive-start id="774" timestamp="2019-08-03T02:17:37.440" intervalms="46.805">
  <response-info timems="0.093" idlems="0.093" threads="0" lastid="0000000002855F00" lastname="Thread-6" />
</exclusive-start>
<af-start id="775" threadId="0000000002856888" totalBytesRequested="520" timestamp="2019-08-03T02:17:37.440" intervalms="46.693" type="nursery" />
<percolate-collect id="776" from="nursery" to="global" reason="concurrent mark exhausted" timestamp="2019-08-03T02:17:37.440"/>
<gc-start id="777" type="global" contextid="760" timestamp="2019-08-03T02:17:37.440">
  <mem-info id="778" free="384344" total="10616832" percent="3">
    <mem type="nursery" free="0" total="4063232" percent="0">
      <mem type="allocate" free="0" total="2621440" percent="0" />
      <mem type="survivor" free="0" total="1441792" percent="0" />
    </mem>
    <mem type="tenure" free="384344" total="6553600" percent="5">
      <mem type="soa" free="56664" total="6225920" percent="0" />
      <mem type="loa" free="327680" total="327680" percent="100" />
    </mem>
    <remembered-set count="346" />
  </mem-info>
</gc-start>
<allocation-stats totalBytes="1737368" >
  <allocated-bytes non-tlh="81944" tlh="1655424" />
  <largest-consumer threadName="Thread-10" threadId="0000000002864F00" bytes="448232" />
</allocation-stats>
<concurrent-halted id="779" timestamp="2019-08-03T02:17:37.440">
  <halted state="Complete" status="exhausted" />
  <traced bytesTarget="2170231" bytesTotal="1825628" bytesByMutator="690400" bytesByHelper="1135228" percent="84" />
  <cards cleaned="113" thresholdBytes="113110" />
</concurrent-halted>
<gc-op id="780" type="rs-scan" timems="0.938" contextid="760" timestamp="2019-08-03T02:17:37.441">
  <scan objectsFound="96" bytesTraced="6688" workStackOverflowCount="0" />
</gc-op>
<gc-op id="781" type="card-cleaning" timems="0.985" contextid="760" timestamp="2019-08-03T02:17:37.442">
  <card-cleaning cardsCleaned="201" bytesTraced="871392" workStackOverflowCount="0" />
</gc-op>
<gc-op id="782" type="mark" timems="3.305" contextid="760" timestamp="2019-08-03T02:17:37.446">
  <trace-info objectcount="249" scancount="216" scanbytes="6088" />
  <finalization candidates="25" enqueued="0" />
  <references type="soft" candidates="168" cleared="0" enqueued="0" dynamicThreshold="14" maxThreshold="32" />
  <references type="weak" candidates="253" cleared="0" enqueued="0" />
  <references type="phantom" candidates="78" cleared="0" enqueued="0" />
  <stringconstants candidates="3963" cleared="0"  />
</gc-op>
<gc-op id="783" type="sweep" timems="1.043" contextid="760" timestamp="2019-08-03T02:17:37.447" />
<gc-end id="784" type="global" contextid="760" durationms="8.594" usertimems="4.000" systemtimems="8.000" timestamp="2019-08-03T02:17:37.449" activeThreads="2">
  <mem-info id="785" free="4573560" total="10616832" percent="43">
    <mem type="nursery" free="1633328" total="4063232" percent="40">
      <mem type="allocate" free="1633328" total="2621440" percent="62" />
      <mem type="survivor" free="0" total="1441792" percent="0" />
    </mem>
    <mem type="tenure" free="2940232" total="6553600" percent="44" micro-fragmented="19313" macro-fragmented="0">
      <mem type="soa" free="2612552" total="6225920" percent="41" />
      <mem type="loa" free="327680" total="327680" percent="100" />
    </mem>
    <remembered-set count="302" />
  </mem-info>
</gc-end>
<cycle-end id="786" type="global" contextid="760" timestamp="2019-08-03T02:17:37.449" />
  <attribute name="elasticGC enabled" value="1" />
  <attribute name= "numThreadsSpecified" value="2" />
  <attribute name="heapSize specified" value="9961472" />
  <attribute name= "numCores" value="8" />
  <attribute name ="GC Interval" value="2900" />
  <attribute name ="Control flow" value="2" />
  <attribute name="GC Util Range Max" value="16" />
  <attribute name="Current GC Util" value="0" />
  <attribute name= "Current Time Running" value="1537" />
<allocation-satisfied id="787" threadId="0000000002855F00" bytesRequested="520" />
<af-end id="788" timestamp="2019-08-03T02:17:37.449" threadId="0000000002856888" success="true" from="nursery"/>
<exclusive-end id="789" timestamp="2019-08-03T02:17:37.449" durationms="9.161" />

<exclusive-start id="790" timestamp="2019-08-03T02:17:37.483" intervalms="42.965">
  <response-info timems="0.042" idlems="0.042" threads="0" lastid="0000000002861300" lastname="Thread-9" />
</exclusive-start>
<af-start id="791" threadId="0000000002861C88" totalBytesRequested="2056" timestamp="2019-08-03T02:17:37.483" intervalms="43.100" type="nursery" />
<cycle-start id="792" type="scavenge" contextid="0" timestamp="2019-08-03T02:17:37.483" intervalms="89.791" />
<gc-start id="793" type="scavenge" contextid="792" timestamp="2019-08-03T02:17:37.483">
  <mem-info id="794" free="2940232" total="10616832" percent="27">
    <mem type="nursery" free="0" total="4063232" percent="0">
      <mem type="allocate" free="0" total="2621440" percent="0" />
      <mem type="survivor" free="0" total="1441792" percent="0" />
    </mem>
    <mem type="tenure" free="2940232" total="6553600" percent="44">
      <mem type="soa" free="2612552" total="6225920" percent="41" />
      <mem type="loa" free="327680" total="327680" percent="100" />
    </mem>
    <remembered-set count="425" />
  </mem-info>
</gc-start>
<allocation-stats totalBytes="1624312" >
  <allocated-bytes non-tlh="238240" tlh="1386072" />
  <largest-consumer threadName="Thread-7" threadId="0000000002859B00" bytes="463336" />
</allocation-stats>
<gc-op id="795" type="scavenge" timems="0.598" contextid="792" timestamp="2019-08-03T02:17:37.484">
  <scavenger-info tenureage="1" tenuremask="7ffe" tiltratio="64" />
  <memory-copied type="nursery" objects="3248" bytes="1166592" bytesdiscarded="275120" />
  <memory-copied type="tenure" objects="130" bytes="74856" bytesdiscarded="512" />
  <copy-failed type="nursery" objects="16" bytes="384" />
  <references type="phantom" candidates="1" cleared="0" enqueued="0" />
</gc-op>
<gc-end id="796" type="scavenge" contextid="792" durationms="0.817" usertimems="0.000" systemtimems="0.000" timestamp="2019-08-03T02:17:37.484" activeThreads="8">
  <mem-info id="797" free="3491104" total="10616832" percent="32">
    <mem type="nursery" free="655360" total="4063232" percent="16">
      <mem type="allocate" free="655360" total="2097152" percent="31" />
      <mem type="survivor" free="0" total="1966080" percent="0" />
    </mem>
    <mem type="tenure" free="2835744" total="6553600" percent="43">
      <mem type="soa" free="2508064" total="6225920" percent="40" />
      <mem type="loa" free="327680" total="327680" percent="100" />
    </mem>
    <remembered-set count="242" />
  </mem-info>
</gc-end>
<cycle-end id="798" type="scavenge" contextid="792" timestamp="2019-08-03T02:17:37.484" />
  <attribute name="elasticGC enabled" value="1" />
  <attribute name= "numThreadsSpecified" value="2" />
  <attribute name="heapSize specified" value="9961472" />
  <attribute name= "numCores" value="8" />
  <attribute name ="GC Interval" value="2800" />
  <attribute name ="Control flow" value="3" />
  <attribute name="GC Util Range Max" value="16" />
  <attribute name="Current GC Util" value="8" />
  <attribute name= "Current Time Running" value="1574" />
<allocation-satisfied id="799" threadId="0000000002861300" bytesRequested="2056" />
<af-end id="800" timestamp="2019-08-03T02:17:37.484" threadId="0000000002861C88" success="true" from="nursery"/>
<exclusive-end id="801" timestamp="2019-08-03T02:17:37.484" durationms="1.419" />

<exclusive-start id="802" timestamp="2019-08-03T02:17:37.494" intervalms="11.421">
  <response-info timems="0.082" idlems="0.082" threads="0" lastid="0000000002859B00" lastname="Thread-7" />
</exclusive-start>
<af-start id="803" threadId="000000000285A488" totalBytesRequested="2056" timestamp="2019-08-03T02:17:37.495" intervalms="11.277" type="nursery" />
<cycle-start id="804" type="scavenge" contextid="0" timestamp="2019-08-03T02:17:37.495" intervalms="11.268" />
<gc-start id="805" type="scavenge" contextid="804" timestamp="2019-08-03T02:17:37.495">
  <mem-info id="806" free="2835744" total="10616832" percent="26">
    <mem type="nursery" free="0" total="4063232" percent="0">
      <mem type="allocate" free="0" total="2097152" percent="0" />
      <mem type="survivor" free="0" total="1966080" percent="0" />
    </mem>
    <mem type="tenure" free="2835744" total="6553600" percent="43">
      <mem type="soa" free="2508064" total="6225920" percent="40" />
      <mem type="loa" free="327680" total="327680" percent="100" />
    </mem>
    <remembered-set count="345" />
  </mem-info>
</gc-start>
<allocation-stats totalBytes="619568" >
  <allocated-bytes non-tlh="34832" tlh="584736" />
  <largest-consumer threadName="Thread-7" threadId="0000000002859B00" bytes="322616" />
</allocation-stats>
<gc-op id="807" type="scavenge" timems="1.031" contextid="804" timestamp="2019-08-03T02:17:37.496">
  <scavenger-info tenureage="1" tenuremask="7ffe" tiltratio="51" />
  <memory-copied type="nursery" objects="553" bytes="200544" bytesdiscarded="369120" />
  <memory-copied type="tenure" objects="2550" bytes="943240" bytesdiscarded="10096" />
  <references type="phantom" candidates="1" cleared="0" enqueued="0" />
</gc-op>
<heap-resize id="808" type="expand" space="nursery" amount="262144" count="1" timems="0.017" reason="excessive time being spent scavenging" timestamp="2019-08-03T02:17:37.496" />
<gc-end id="809" type="scavenge" contextid="804" durationms="1.303" usertimems="4.000" systemtimems="0.000" timestamp="2019-08-03T02:17:37.496" activeThreads="8">
  <mem-info id="810" free="3613104" total="10878976" percent="33">
    <mem type="nursery" free="1789616" total="4325376" percent="41">
      <mem type="allocate" free="1789616" total="2359296" percent="75" />
      <mem type="survivor" free="0" total="1966080" percent="0" />
    </mem>
    <mem type="tenure" free="1823488" total="6553600" percent="27">
      <mem type="soa" free="1495808" total="6225920" percent="24" />
      <mem type="loa" free="327680" total="327680" percent="100" />
    </mem>
    <remembered-set count="252" />
  </mem-info>
</gc-end>
<cycle-end id="811" type="scavenge" contextid="804" timestamp="2019-08-03T02:17:37.496" />
  <attribute name="elasticGC enabled" value="1" />
  <attribute name= "numThreadsSpecified" value="2" />
  <attribute name="heapSize specified" value="9961472" />
  <attribute name= "numCores" value="8" />
  <attribute name ="GC Interval" value="2900" />
  <attribute name ="Control flow" value="2" />
  <attribute name="GC Util Range Max" value="16" />
  <attribute name="Current GC Util" value="31" />
  <attribute name= "Current Time Running" value="1585" />
<allocation-satisfied id="812" threadId="0000000002859B00" bytesRequested="2056" />
<af-end id="813" timestamp="2019-08-03T02:17:37.496" threadId="000000000285A488" success="true" from="nursery"/>
<exclusive-end id="814" timestamp="2019-08-03T02:17:37.496" durationms="1.751" />

<exclusive-start id="815" timestamp="2019-08-03T02:17:37.521" intervalms="26.917">
  <response-info timems="0.034" idlems="0.034" threads="0" lastid="0000000002864F00" lastname="Thread-10" />
</exclusive-start>
<af-start id="816" threadId="0000000002865888" totalBytesRequested="8200" timestamp="2019-08-03T02:17:37.522" intervalms="27.043" type="nursery" />
<cycle-start id="817" type="scavenge" contextid="0" timestamp="2019-08-03T02:17:37.522" intervalms="27.056" />
<gc-start id="818" type="scavenge" contextid="817" timestamp="2019-08-03T02:17:37.522">
  <mem-info id="819" free="1823488" total="10878976" percent="16">
    <mem type="nursery" free="0" total="4325376" percent="0">
      <mem type="allocate" free="0" total="2359296" percent="0" />
      <mem type="survivor" free="0" total="1966080" percent="0" />
    </mem>
    <mem type="tenure" free="1823488" total="6553600" percent="27">
      <mem type="soa" free="1495808" total="6225920" percent="24" />
      <mem type="loa" free="327680" total="327680" percent="100" />
    </mem>
    <remembered-set count="468" />
  </mem-info>
</gc-start>
<allocation-stats totalBytes="1742616" >
  <allocated-bytes non-tlh="149552" tlh="1593064" />
  <largest-consumer threadName="Thread-4" threadId="000000000284E700" bytes="503288" />
</allocation-stats>
<gc-op id="820" type="scavenge" timems="0.634" contextid="817" timestamp="2019-08-03T02:17:37.522">
  <scavenger-info tenureage="2" tenuremask="7ffc" tiltratio="54" />
  <memory-copied type="nursery" objects="1715" bytes="775888" bytesdiscarded="239784" />
  <references type="phantom" candidates="1" cleared="0" enqueued="0" />
</gc-op>
<gc-end id="821" type="scavenge" contextid="817" durationms="0.827" usertimems="0.000" systemtimems="0.000" timestamp="2019-08-03T02:17:37.523" activeThreads="8">
  <mem-info id="822" free="3363648" total="10878976" percent="30">
    <mem type="nursery" free="1540160" total="4325376" percent="35">
      <mem type="allocate" free="1540160" total="2555904" percent="60" />
      <mem type="survivor" free="0" total="1769472" percent="0" />
    </mem>
    <mem type="tenure" free="1823488" total="6553600" percent="27">
      <mem type="soa" free="1495808" total="6225920" percent="24" />
      <mem type="loa" free="327680" total="327680" percent="100" />
    </mem>
    <remembered-set count="277" />
  </mem-info>
</gc-end>
<cycle-end id="823" type="scavenge" contextid="817" timestamp="2019-08-03T02:17:37.523" />
  <attribute name="elasticGC enabled" value="1" />
  <attribute name= "numThreadsSpecified" value="2" />
  <attribute name="heapSize specified" value="9961472" />
  <attribute name= "numCores" value="8" />
  <attribute name ="GC Interval" value="3000" />
  <attribute name ="Control flow" value="2" />
  <attribute name="GC Util Range Max" value="16" />
  <attribute name="Current GC Util" value="10" />
  <attribute name= "Current Time Running" value="1612" />
<allocation-satisfied id="824" threadId="0000000002864F00" bytesRequested="8200" />
<af-end id="825" timestamp="2019-08-03T02:17:37.523" threadId="0000000002865888" success="true" from="nursery"/>
<exclusive-end id="826" timestamp="2019-08-03T02:17:37.523" durationms="1.420" />

<exclusive-start id="827" timestamp="2019-08-03T02:17:37.545" intervalms="23.171">
  <response-info timems="0.138" idlems="0.138" threads="0" lastid="0000000002864F00" lastname="Thread-10" />
</exclusive-start>
<af-start id="828" threadId="0000000002865888" totalBytesRequested="16392" timestamp="2019-08-03T02:17:37.545" intervalms="23.069" type="nursery" />
<cycle-start id="829" type="scavenge" contextid="0" timestamp="2019-08-03T02:17:37.545" intervalms="23.066" />
<gc-start id="830" type="scavenge" contextid="829" timestamp="2019-08-03T02:17:37.545">
  <mem-info id="831" free="1823488" total="10878976" percent="16">
    <mem type="nursery" free="0" total="4325376" percent="0">
      <mem type="allocate" free="0" total="2555904" percent="0" />
      <mem type="survivor" free="0" total="1769472" percent="0" />
    </mem>
    <mem type="tenure" free="1823488" total="6553600" percent="27">
      <mem type="soa" free="1495808" total="6225920" percent="24" />
      <mem type="loa" free="327680" total="327680" percent="100" />
    </mem>
    <remembered-set count="427" />
  </mem-info>
</gc-start>
<allocation-stats totalBytes="1498744" >
  <allocated-bytes non-tlh="106536" tlh="1392208" />
  <largest-consumer threadName="Thread-10" threadId="0000000002864F00" bytes="708408" />
</allocation-stats>
<gc-op id="832" type="scavenge" timems="0.712" contextid="829" timestamp="2019-08-03T02:17:37.546">
  <scavenger-info tenureage="1" tenuremask="7ffe" tiltratio="59" />
  <memory-copied type="nursery" objects="732" bytes="284528" bytesdiscarded="219568" />
  <memory-copied type="tenure" objects="1553" bytes="634896" bytesdiscarded="2024" />
</gc-op>
<gc-end id="833" type="scavenge" contextid="829" durationms="0.924" usertimems="0.000" systemtimems="0.000" timestamp="2019-08-03T02:17:37.546" activeThreads="8">
  <mem-info id="834" free="3256112" total="10878976" percent="29">
    <mem type="nursery" free="2182848" total="4325376" percent="50">
      <mem type="allocate" free="2182848" total="2686976" percent="81" />
      <mem type="survivor" free="0" total="1638400" percent="0" />
    </mem>
    <mem type="tenure" free="1073264" total="6553600" percent="16">
      <mem type="soa" free="745584" total="6225920" percent="11" />
      <mem type="loa" free="327680" total="327680" percent="100" />
    </mem>
    <remembered-set count="236" />
  </mem-info>
</gc-end>
<cycle-end id="835" type="scavenge" contextid="829" timestamp="2019-08-03T02:17:37.546" />
  <attribute name="elasticGC enabled" value="1" />
  <attribute name= "numThreadsSpecified" value="2" />
  <attribute name="heapSize specified" value="9961472" />
  <attribute name= "numCores" value="8" />
  <attribute name ="GC Interval" value="3000" />
  <attribute name ="Control flow" value="1" />
  <attribute name="GC Util Range Max" value="16" />
  <attribute name="Current GC Util" value="7" />
  <attribute name= "Current Time Running" value="1635" />
<allocation-satisfied id="836" threadId="0000000002864F00" bytesRequested="16392" />
<af-end id="837" timestamp="2019-08-03T02:17:37.546" threadId="0000000002865888" success="true" from="nursery"/>
<exclusive-end id="838" timestamp="2019-08-03T02:17:37.546" durationms="1.439" />

<concurrent-kickoff id="839" timestamp="2019-08-03T02:17:37.561">
  <kickoff reason="threshold reached" targetBytes="2111304" thresholdFreeBytes="280318"  remainingFree="257632" tenureFreeBytes="1073264" nurseryFreeBytes="257632" />
</concurrent-kickoff>
<exclusive-start id="840" timestamp="2019-08-03T02:17:37.562" intervalms="17.142">
  <response-info timems="0.189" idlems="0.189" threads="0" lastid="0000000002855F00" lastname="Thread-6" />
</exclusive-start>
<cycle-start id="841" type="global" contextid="0" timestamp="2019-08-03T02:17:37.562" intervalms="173.559" />
<exclusive-end id="842" timestamp="2019-08-03T02:17:37.562" durationms="0.106" />

<exclusive-start id="843" timestamp="2019-08-03T02:17:37.570" intervalms="8.221">
  <response-info timems="0.035" idlems="0.035" threads="0" lastid="000000000284E700" lastname="Thread-4" />
</exclusive-start>
<af-start id="844" threadId="000000000284F088" totalBytesRequested="48" timestamp="2019-08-03T02:17:37.570" intervalms="25.396" type="nursery" />
<cycle-start id="845" type="scavenge" contextid="0" timestamp="2019-08-03T02:17:37.570" intervalms="25.391" />
<gc-start id="846" type="scavenge" contextid="845" timestamp="2019-08-03T02:17:37.570">
  <mem-info id="847" free="1073264" total="10878976" percent="9">
    <mem type="nursery" free="0" total="4325376" percent="0">
      <mem type="allocate" free="0" total="2686976" percent="0" />
      <mem type="survivor" free="0" total="1638400" percent="0" />
    </mem>
    <mem type="tenure" free="1073264" total="6553600" percent="16">
      <mem type="soa" free="745584" total="6225920" percent="11" />
      <mem type="loa" free="327680" total="327680" percent="100" />
    </mem>
    <remembered-set count="464" />
  </mem-info>
</gc-start>
<allocation-stats totalBytes="2100600" >
  <allocated-bytes non-tlh="311392" tlh="1789208" />
  <largest-consumer threadName="Thread-7" threadId="0000000002859B00" bytes="485784" />
</allocation-stats>
<gc-op id="848" type="scavenge" timems="0.594" contextid="845" timestamp="2019-08-03T02:17:37.571">
  <scavenger-info tenureage="1" tenuremask="7ffe" tiltratio="62" />
  <memory-copied type="nursery" objects="2786" bytes="1164960" bytesdiscarded="47360" />
  <memory-copied type="tenure" objects="684" bytes="282560" bytesdiscarded="3072" />
  <references type="phantom" candidates="1" cleared="0" enqueued="0" />
</gc-op>
<gc-end id="849" type="scavenge" contextid="845" durationms="0.839" usertimems="0.000" systemtimems="0.000" timestamp="2019-08-03T02:17:37.571" activeThreads="2">
  <mem-info id="850" free="1696512" total="10878976" percent="15">
    <mem type="nursery" free="950264" total="4325376" percent="21">
      <mem type="allocate" free="950264" total="2162688" percent="43" />
      <mem type="survivor" free="0" total="2162688" percent="0" />
    </mem>
    <mem type="tenure" free="746248" total="6553600" percent="11">
      <mem type="soa" free="418568" total="6225920" percent="6" />
      <mem type="loa" free="327680" total="327680" percent="100" />
    </mem>
    <remembered-set count="281" />
  </mem-info>
</gc-end>
<cycle-end id="851" type="scavenge" contextid="845" timestamp="2019-08-03T02:17:37.571" />
  <attribute name="elasticGC enabled" value="1" />
  <attribute name= "numThreadsSpecified" value="2" />
  <attribute name="heapSize specified" value="9961472" />
  <attribute name= "numCores" value="8" />
  <attribute name ="GC Interval" value="3000" />
  <attribute name ="Control flow" value="3" />
  <attribute name="GC Util Range Max" value="16" />
  <attribute name="Current GC Util" value="7" />
  <attribute name= "Current Time Running" value="1661" />
<allocation-satisfied id="852" threadId="000000000284E700" bytesRequested="48" />
<af-end id="853" timestamp="2019-08-03T02:17:37.571" threadId="000000000284F088" success="true" from="nursery"/>
<exclusive-end id="854" timestamp="2019-08-03T02:17:37.571" durationms="1.417" />

<exclusive-start id="855" timestamp="2019-08-03T02:17:37.572" intervalms="1.827">
  <response-info timems="0.322" idlems="0.170" threads="1" lastid="0000000002855F00" lastname="Thread-6" />
</exclusive-start>
<concurrent-collection-start id="856" timestamp="2019-08-03T02:17:37.572" intervalms="497.788" >
  <concurrent-trace-info reason="card cleaning threshold reached" tracedByMutators="751824" tracedByHelpers="1011272" cardsCleaned="157" workStackOverflowCount="0" />
</concurrent-collection-start>
<gc-start id="857" type="global" contextid="841" timestamp="2019-08-03T02:17:37.572">
  <mem-info id="858" free="1528528" total="10878976" percent="14">
    <mem type="nursery" free="782280" total="4325376" percent="18">
      <mem type="allocate" free="782280" total="2162688" percent="36" />
      <mem type="survivor" free="0" total="2162688" percent="0" />
    </mem>
    <mem type="tenure" free="746248" total="6553600" percent="11">
      <mem type="soa" free="418568" total="6225920" percent="6" />
      <mem type="loa" free="327680" total="327680" percent="100" />
    </mem>
    <remembered-set count="288" />
  </mem-info>
</gc-start>
<allocation-stats totalBytes="167984" >
  <allocated-bytes non-tlh="48" tlh="167936" />
  <largest-consumer threadName="Thread-7" threadId="0000000002859B00" bytes="45056" />
</allocation-stats>
<gc-op id="859" type="rs-scan" timems="0.183" contextid="841" timestamp="2019-08-03T02:17:37.572">
  <scan objectsFound="91" bytesTraced="40248" workStackOverflowCount="0" />
</gc-op>
<gc-op id="860" type="card-cleaning" timems="0.284" contextid="841" timestamp="2019-08-03T02:17:37.573">
  <card-cleaning cardsCleaned="137" bytesTraced="496136" workStackOverflowCount="0" />
</gc-op>
<gc-op id="861" type="mark" timems="0.845" contextid="841" timestamp="2019-08-03T02:17:37.573">
  <trace-info objectcount="1697" scancount="1531" scanbytes="311828" />
  <finalization candidates="25" enqueued="0" />
  <references type="soft" candidates="168" cleared="0" enqueued="0" dynamicThreshold="14" maxThreshold="32" />
  <references type="weak" candidates="253" cleared="0" enqueued="0" />
  <references type="phantom" candidates="78" cleared="0" enqueued="0" />
  <stringconstants candidates="3963" cleared="0"  />
</gc-op>
<gc-op id="862" type="sweep" timems="0.308" contextid="841" timestamp="2019-08-03T02:17:37.574" />
<mem-info id="863" free="4275800" total="10878976" percent="39">
  <mem type="nursery" free="1115720" total="4325376" percent="25">
    <mem type="allocate" free="1115720" total="2162688" percent="51" />
    <mem type="survivor" free="0" total="2162688" percent="0" />
  </mem>
  <mem type="tenure" free="3160080" total="6553600" percent="48" micro-fragmented="34888" macro-fragmented="0">
    <mem type="soa" free="2832400" total="6225920" percent="45" />
    <mem type="loa" free="327680" total="327680" percent="100" />
  </mem>
  <remembered-set count="205" />
</mem-info>
<gc-op id="864" type="compact" timems="6.928" contextid="841" timestamp="2019-08-03T02:17:37.581">
  <compact-info movecount="24598" movebytes="3083960" reason="no compaction" />
</gc-op>
<gc-end id="865" type="global" contextid="841" durationms="9.334" usertimems="12.000" systemtimems="0.000" timestamp="2019-08-03T02:17:37.581" activeThreads="8">
  <mem-info id="866" free="4308648" total="10878976" percent="39">
    <mem type="nursery" free="1119000" total="4325376" percent="25">
      <mem type="allocate" free="1119000" total="2162688" percent="51" />
      <mem type="survivor" free="0" total="2162688" percent="0" />
    </mem>
    <mem type="tenure" free="3189648" total="6553600" percent="48">
      <mem type="soa" free="2861968" total="6225920" percent="45" />
      <mem type="loa" free="327680" total="327680" percent="100" />
    </mem>
    <remembered-set count="205" />
  </mem-info>
</gc-end>
<cycle-end id="867" type="global" contextid="841" timestamp="2019-08-03T02:17:37.581" />
  <attribute name="elasticGC enabled" value="1" />
  <attribute name= "numThreadsSpecified" value="1" />
  <attribute name="heapSize specified" value="10878976" />
  <attribute name= "numCores" value="8" />
  <attribute name ="GC Interval" value="3000" />
  <attribute name ="Control flow" value="2" />
  <attribute name="GC Util Range Max" value="16" />
  <attribute name="Current GC Util" value="122" />
  <attribute name= "Current Time Running" value="1672" />
<concurrent-collection-end id="868" timestamp="2019-08-03T02:17:37.581" />
<exclusive-end id="869" timestamp="2019-08-03T02:17:37.582" durationms="9.840" />

<exclusive-start id="870" timestamp="2019-08-03T02:17:37.596" intervalms="24.701">
  <response-info timems="0.063" idlems="0.063" threads="0" lastid="0000000002864F00" lastname="Thread-10" />
</exclusive-start>
<af-start id="871" threadId="0000000002865888" totalBytesRequested="16392" timestamp="2019-08-03T02:17:37.597" intervalms="26.488" type="nursery" />
<cycle-start id="872" type="scavenge" contextid="0" timestamp="2019-08-03T02:17:37.597" intervalms="26.486" />
<gc-start id="873" type="scavenge" contextid="872" timestamp="2019-08-03T02:17:37.597">
  <mem-info id="874" free="3189648" total="10878976" percent="29">
    <mem type="nursery" free="0" total="4325376" percent="0">
      <mem type="allocate" free="0" total="2162688" percent="0" />
      <mem type="survivor" free="0" total="2162688" percent="0" />
    </mem>
    <mem type="tenure" free="3189648" total="6553600" percent="48">
      <mem type="soa" free="2861968" total="6225920" percent="45" />
      <mem type="loa" free="327680" total="327680" percent="100" />
    </mem>
    <remembered-set count="343" />
  </mem-info>
</gc-start>
<allocation-stats totalBytes="1046088" >
  <allocated-bytes non-tlh="98336" tlh="947752" />
  <largest-consumer threadName="Thread-5" threadId="0000000002852300" bytes="428048" />
</allocation-stats>
<gc-op id="875" type="scavenge" timems="0.993" contextid="872" timestamp="2019-08-03T02:17:37.598">
  <scavenger-info tenureage="1" tenuremask="7ffe" tiltratio="50" />
  <memory-copied type="nursery" objects="963" bytes="412056" bytesdiscarded="262568" />
  <memory-copied type="tenure" objects="1633" bytes="703656" bytesdiscarded="696" />
</gc-op>
<gc-end id="876" type="scavenge" contextid="872" durationms="1.192" usertimems="0.000" systemtimems="0.000" timestamp="2019-08-03T02:17:37.598" activeThreads="8">
  <mem-info id="877" free="3893376" total="10878976" percent="35">
    <mem type="nursery" free="1619104" total="4325376" percent="37">
      <mem type="allocate" free="1619104" total="2293760" percent="70" />
      <mem type="survivor" free="0" total="2031616" percent="0" />
    </mem>
    <mem type="tenure" free="2274272" total="6553600" percent="34">
      <mem type="soa" free="1946592" total="6225920" percent="31" />
      <mem type="loa" free="327680" total="327680" percent="100" />
    </mem>
    <remembered-set count="236" />
  </mem-info>
</gc-end>
<cycle-end id="878" type="scavenge" contextid="872" timestamp="2019-08-03T02:17:37.598" />
  <attribute name="elasticGC enabled" value="1" />
  <attribute name= "numThreadsSpecified" value="1" />
  <attribute name="heapSize specified" value="10878976" />
  <attribute name= "numCores" value="8" />
  <attribute name ="GC Interval" value="3100" />
  <attribute name ="Control flow" value="2" />
  <attribute name="GC Util Range Max" value="16" />
  <attribute name="Current GC Util" value="15" />
  <attribute name= "Current Time Running" value="1687" />
<allocation-satisfied id="879" threadId="0000000002864F00" bytesRequested="16392" />
<af-end id="880" timestamp="2019-08-03T02:17:37.598" threadId="0000000002865888" success="true" from="nursery"/>
<exclusive-end id="881" timestamp="2019-08-03T02:17:37.598" durationms="1.667" />

<exclusive-start id="882" timestamp="2019-08-03T02:17:37.622" intervalms="26.007">
  <response-info timems="0.041" idlems="0.041" threads="0" lastid="0000000002861300" lastname="Thread-9" />
</exclusive-start>
<af-start id="883" threadId="0000000002861C88" totalBytesRequested="2056" timestamp="2019-08-03T02:17:37.623" intervalms="26.122" type="nursery" />
<cycle-start id="884" type="scavenge" contextid="0" timestamp="2019-08-03T02:17:37.623" intervalms="26.107" />
<gc-start id="885" type="scavenge" contextid="884" timestamp="2019-08-03T02:17:37.623">
  <mem-info id="886" free="2274272" total="10878976" percent="20">
    <mem type="nursery" free="0" total="4325376" percent="0">
      <mem type="allocate" free="0" total="2293760" percent="0" />
      <mem type="survivor" free="0" total="2031616" percent="0" />
    </mem>
    <mem type="tenure" free="2274272" total="6553600" percent="34">
      <mem type="soa" free="1946592" total="6225920" percent="31" />
      <mem type="loa" free="327680" total="327680" percent="100" />
    </mem>
    <remembered-set count="442" />
  </mem-info>
</gc-start>
<allocation-stats totalBytes="1574032" >
  <allocated-bytes non-tlh="163888" tlh="1410144" />
  <largest-consumer threadName="Thread-3" threadId="000000000284AB00" bytes="456784" />
</allocation-stats>
<gc-op id="887" type="scavenge" timems="0.554" contextid="884" timestamp="2019-08-03T02:17:37.623">
  <scavenger-info tenureage="1" tenuremask="7ffe" tiltratio="53" />
  <memory-copied type="nursery" objects="1847" bytes="687176" bytesdiscarded="221512" />
  <memory-copied type="tenure" objects="887" bytes="406448" bytesdiscarded="856" />
  <references type="phantom" candidates="1" cleared="0" enqueued="0" />
</gc-op>
<gc-end id="888" type="scavenge" contextid="884" durationms="0.760" usertimems="0.000" systemtimems="0.000" timestamp="2019-08-03T02:17:37.624" activeThreads="8">
  <mem-info id="889" free="3407336" total="10878976" percent="31">
    <mem type="nursery" free="1581624" total="4325376" percent="36">
      <mem type="allocate" free="1581624" total="2490368" percent="63" />
      <mem type="survivor" free="0" total="1835008" percent="0" />
    </mem>
    <mem type="tenure" free="1825712" total="6553600" percent="27">
      <mem type="soa" free="1498032" total="6225920" percent="24" />
      <mem type="loa" free="327680" total="327680" percent="100" />
    </mem>
    <remembered-set count="265" />
  </mem-info>
</gc-end>
<cycle-end id="890" type="scavenge" contextid="884" timestamp="2019-08-03T02:17:37.624" />
  <attribute name="elasticGC enabled" value="1" />
  <attribute name= "numThreadsSpecified" value="1" />
  <attribute name="heapSize specified" value="10878976" />
  <attribute name= "numCores" value="8" />
  <attribute name ="GC Interval" value="3100" />
  <attribute name ="Control flow" value="1" />
  <attribute name="GC Util Range Max" value="16" />
  <attribute name="Current GC Util" value="10" />
  <attribute name= "Current Time Running" value="1713" />
<allocation-satisfied id="891" threadId="0000000002861300" bytesRequested="2056" />
<af-end id="892" timestamp="2019-08-03T02:17:37.624" threadId="0000000002861C88" success="true" from="nursery"/>
<exclusive-end id="893" timestamp="2019-08-03T02:17:37.624" durationms="1.328" />

<exclusive-start id="894" timestamp="2019-08-03T02:17:37.654" intervalms="31.599">
  <response-info timems="0.041" idlems="0.041" threads="0" lastid="0000000002859B00" lastname="Thread-7" />
</exclusive-start>
<af-start id="895" threadId="000000000285A488" totalBytesRequested="16" timestamp="2019-08-03T02:17:37.654" intervalms="31.523" type="nursery" />
<cycle-start id="896" type="scavenge" contextid="0" timestamp="2019-08-03T02:17:37.654" intervalms="31.540" />
<gc-start id="897" type="scavenge" contextid="896" timestamp="2019-08-03T02:17:37.654">
  <mem-info id="898" free="1825712" total="10878976" percent="16">
    <mem type="nursery" free="0" total="4325376" percent="0">
      <mem type="allocate" free="0" total="2490368" percent="0" />
      <mem type="survivor" free="0" total="1835008" percent="0" />
    </mem>
    <mem type="tenure" free="1825712" total="6553600" percent="27">
      <mem type="soa" free="1498032" total="6225920" percent="24" />
      <mem type="loa" free="327680" total="327680" percent="100" />
    </mem>
    <remembered-set count="473" />
  </mem-info>
</gc-start>
<allocation-stats totalBytes="1571032" >
  <allocated-bytes non-tlh="198728" tlh="1372304" />
  <largest-consumer threadName="Thread-8" threadId="000000000285D700" bytes="472368" />
</allocation-stats>
<gc-op id="899" type="scavenge" timems="1.052" contextid="896" timestamp="2019-08-03T02:17:37.655">
  <scavenger-info tenureage="1" tenuremask="7ffe" tiltratio="57" />
  <memory-copied type="nursery" objects="1710" bytes="591536" bytesdiscarded="93800" />
  <memory-copied type="tenure" objects="1760" bytes="682976" bytesdiscarded="1408" />
</gc-op>
<gc-end id="900" type="scavenge" contextid="896" durationms="1.253" usertimems="0.000" systemtimems="0.000" timestamp="2019-08-03T02:17:37.656" activeThreads="1">
  <mem-info id="901" free="3142864" total="10878976" percent="28">
    <mem type="nursery" free="2001592" total="4325376" percent="46">
      <mem type="allocate" free="2001592" total="2686976" percent="74" />
      <mem type="survivor" free="0" total="1638400" percent="0" />
    </mem>
    <mem type="tenure" free="1141272" total="6553600" percent="17">
      <mem type="soa" free="813592" total="6225920" percent="13" />
      <mem type="loa" free="327680" total="327680" percent="100" />
    </mem>
    <remembered-set count="269" />
  </mem-info>
</gc-end>
<cycle-end id="902" type="scavenge" contextid="896" timestamp="2019-08-03T02:17:37.656" />
  <attribute name="elasticGC enabled" value="1" />
  <attribute name= "numThreadsSpecified" value="1" />
  <attribute name="heapSize specified" value="10878976" />
  <attribute name= "numCores" value="8" />
  <attribute name ="GC Interval" value="3100" />
  <attribute name ="Control flow" value="3" />
  <attribute name="GC Util Range Max" value="16" />
  <attribute name="Current GC Util" value="5" />
  <attribute name= "Current Time Running" value="1745" />
<allocation-satisfied id="903" threadId="0000000002859B00" bytesRequested="16" />
<af-end id="904" timestamp="2019-08-03T02:17:37.656" threadId="000000000285A488" success="true" from="nursery"/>
<exclusive-end id="905" timestamp="2019-08-03T02:17:37.656" durationms="1.836" />

<concurrent-kickoff id="906" timestamp="2019-08-03T02:17:37.672">
  <kickoff reason="threshold reached" targetBytes="2029550" thresholdFreeBytes="269651"  remainingFree="236152" tenureFreeBytes="1141272" nurseryFreeBytes="236152" />
</concurrent-kickoff>
<exclusive-start id="907" timestamp="2019-08-03T02:17:37.672" intervalms="18.034">
  <response-info timems="0.044" idlems="0.044" threads="0" lastid="000000000284AB00" lastname="Thread-3" />
</exclusive-start>
<cycle-start id="908" type="global" contextid="0" timestamp="2019-08-03T02:17:37.672" intervalms="110.437" />
<exclusive-end id="909" timestamp="2019-08-03T02:17:37.672" durationms="0.160" />

<exclusive-start id="910" timestamp="2019-08-03T02:17:37.683" intervalms="11.167">
  <response-info timems="0.089" idlems="0.047" threads="1" lastid="000000000285D700" lastname="Thread-8" />
</exclusive-start>
<af-start id="911" threadId="0000000002852C88" totalBytesRequested="2056" timestamp="2019-08-03T02:17:37.683" intervalms="29.139" type="nursery" />
<cycle-start id="912" type="scavenge" contextid="0" timestamp="2019-08-03T02:17:37.683" intervalms="29.143" />
<gc-start id="913" type="scavenge" contextid="912" timestamp="2019-08-03T02:17:37.683">
  <mem-info id="914" free="1141272" total="10878976" percent="10">
    <mem type="nursery" free="0" total="4325376" percent="0">
      <mem type="allocate" free="0" total="2686976" percent="0" />
      <mem type="survivor" free="0" total="1638400" percent="0" />
    </mem>
    <mem type="tenure" free="1141272" total="6553600" percent="17">
      <mem type="soa" free="813592" total="6225920" percent="13" />
      <mem type="loa" free="327680" total="327680" percent="100" />
    </mem>
    <remembered-set count="451" />
  </mem-info>
</gc-start>
<allocation-stats totalBytes="1909536" >
  <allocated-bytes non-tlh="196680" tlh="1712856" />
  <largest-consumer threadName="Thread-5" threadId="0000000002852300" bytes="747208" />
</allocation-stats>
<gc-op id="915" type="scavenge" timems="1.651" contextid="912" timestamp="2019-08-03T02:17:37.685">
  <scavenger-info tenureage="1" tenuremask="7ffe" tiltratio="62" />
  <memory-copied type="nursery" objects="1828" bytes="777288" bytesdiscarded="161232" />
  <memory-copied type="tenure" objects="1025" bytes="371456" bytesdiscarded="64" />
  <references type="phantom" candidates="1" cleared="0" enqueued="0" />
</gc-op>
<gc-end id="916" type="scavenge" contextid="912" durationms="1.871" usertimems="0.000" systemtimems="4.000" timestamp="2019-08-03T02:17:37.685" activeThreads="8">
  <mem-info id="917" free="2566248" total="10878976" percent="23">
    <mem type="nursery" free="1879456" total="4325376" percent="43">
      <mem type="allocate" free="1879456" total="2818048" percent="66" />
      <mem type="survivor" free="0" total="1507328" percent="0" />
    </mem>
    <mem type="tenure" free="686792" total="6553600" percent="10">
      <mem type="soa" free="359112" total="6225920" percent="5" />
      <mem type="loa" free="327680" total="327680" percent="100" />
    </mem>
    <remembered-set count="253" />
  </mem-info>
</gc-end>
<cycle-end id="918" type="scavenge" contextid="912" timestamp="2019-08-03T02:17:37.685" />
  <attribute name="elasticGC enabled" value="1" />
  <attribute name= "numThreadsSpecified" value="1" />
  <attribute name="heapSize specified" value="10878976" />
  <attribute name= "numCores" value="8" />
  <attribute name ="GC Interval" value="3000" />
  <attribute name ="Control flow" value="2" />
  <attribute name="GC Util Range Max" value="16" />
  <attribute name="Current GC Util" value="3" />
  <attribute name= "Current Time Running" value="1774" />
<allocation-satisfied id="919" threadId="0000000002852300" bytesRequested="2056" />
<af-end id="920" timestamp="2019-08-03T02:17:37.686" threadId="0000000002852C88" success="true" from="nursery"/>
<exclusive-end id="921" timestamp="2019-08-03T02:17:37.686" durationms="2.345" />

<exclusive-start id="922" timestamp="2019-08-03T02:17:37.686" intervalms="2.965">
  <response-info timems="0.395" idlems="0.280" threads="1" lastid="0000000002852300" lastname="Thread-5" />
</exclusive-start>
<concurrent-collection-start id="923" timestamp="2019-08-03T02:17:37.686" intervalms="114.453" >
  <concurrent-trace-info reason="card cleaning threshold reached" tracedByMutators="812136" tracedByHelpers="1008348" cardsCleaned="96" workStackOverflowCount="0" />
</concurrent-collection-start>
<gc-start id="924" type="global" contextid="908" timestamp="2019-08-03T02:17:37.686">
  <mem-info id="925" free="2523232" total="10878976" percent="23">
    <mem type="nursery" free="1836440" total="4325376" percent="42">
      <mem type="allocate" free="1836440" total="2818048" percent="65" />
      <mem type="survivor" free="0" total="1507328" percent="0" />
    </mem>
    <mem type="tenure" free="686792" total="6553600" percent="10">
      <mem type="soa" free="359112" total="6225920" percent="5" />
      <mem type="loa" free="327680" total="327680" percent="100" />
    </mem>
    <remembered-set count="253" />
  </mem-info>
</gc-start>
<allocation-stats totalBytes="43016" >
  <allocated-bytes non-tlh="2056" tlh="40960" />
  <largest-consumer threadName="Thread-6" threadId="0000000002855F00" bytes="24576" />
</allocation-stats>
<gc-op id="926" type="rs-scan" timems="0.150" contextid="908" timestamp="2019-08-03T02:17:37.687">
  <scan objectsFound="108" bytesTraced="15972" workStackOverflowCount="0" />
</gc-op>
<gc-op id="927" type="card-cleaning" timems="0.254" contextid="908" timestamp="2019-08-03T02:17:37.687">
  <card-cleaning cardsCleaned="139" bytesTraced="692148" workStackOverflowCount="0" />
</gc-op>
<gc-op id="928" type="mark" timems="0.600" contextid="908" timestamp="2019-08-03T02:17:37.688">
  <trace-info objectcount="887" scancount="775" scanbytes="111164" />
  <finalization candidates="25" enqueued="0" />
  <references type="soft" candidates="168" cleared="0" enqueued="0" dynamicThreshold="15" maxThreshold="32" />
  <references type="weak" candidates="253" cleared="0" enqueued="0" />
  <references type="phantom" candidates="78" cleared="0" enqueued="0" />
  <stringconstants candidates="3963" cleared="0"  />
</gc-op>
<gc-op id="929" type="sweep" timems="0.289" contextid="908" timestamp="2019-08-03T02:17:37.688" />
<mem-info id="930" free="4818904" total="10878976" percent="44">
  <mem type="nursery" free="2111432" total="4325376" percent="48">
    <mem type="allocate" free="2111432" total="2818048" percent="74" />
    <mem type="survivor" free="0" total="1507328" percent="0" />
  </mem>
  <mem type="tenure" free="2707472" total="6553600" percent="41" micro-fragmented="7434" macro-fragmented="0">
    <mem type="soa" free="2379792" total="6225920" percent="38" />
    <mem type="loa" free="327680" total="327680" percent="100" />
  </mem>
  <remembered-set count="223" />
</mem-info>
<gc-op id="931" type="compact" timems="6.980" contextid="908" timestamp="2019-08-03T02:17:37.695">
  <compact-info movecount="24952" movebytes="3215944" reason="no compaction" />
</gc-op>
<gc-end id="932" type="global" contextid="908" durationms="8.961" usertimems="8.000" systemtimems="8.000" timestamp="2019-08-03T02:17:37.695" activeThreads="1">
  <mem-info id="933" free="4830072" total="10878976" percent="44">
    <mem type="nursery" free="2112328" total="4325376" percent="48">
      <mem type="allocate" free="2112328" total="2818048" percent="74" />
      <mem type="survivor" free="0" total="1507328" percent="0" />
    </mem>
    <mem type="tenure" free="2717744" total="6553600" percent="41">
      <mem type="soa" free="2390064" total="6225920" percent="38" />
      <mem type="loa" free="327680" total="327680" percent="100" />
    </mem>
    <remembered-set count="223" />
  </mem-info>
</gc-end>
<cycle-end id="934" type="global" contextid="908" timestamp="2019-08-03T02:17:37.695" />
  <attribute name="elasticGC enabled" value="1" />
  <attribute name= "numThreadsSpecified" value="1" />
  <attribute name="heapSize specified" value="10878976" />
  <attribute name= "numCores" value="8" />
  <attribute name ="GC Interval" value="3000" />
  <attribute name ="Control flow" value="2" />
  <attribute name="GC Util Range Max" value="16" />
  <attribute name="Current GC Util" value="116" />
  <attribute name= "Current Time Running" value="1786" />
<concurrent-collection-end id="935" timestamp="2019-08-03T02:17:37.695" />
<exclusive-end id="936" timestamp="2019-08-03T02:17:37.696" durationms="9.382" />

<exclusive-start id="937" timestamp="2019-08-03T02:17:37.718" intervalms="32.105">
  <response-info timems="0.038" idlems="0.038" threads="0" lastid="0000000002861300" lastname="Thread-9" />
</exclusive-start>
<af-start id="938" threadId="0000000002861C88" totalBytesRequested="16392" timestamp="2019-08-03T02:17:37.718" intervalms="35.187" type="nursery" />
<cycle-start id="939" type="scavenge" contextid="0" timestamp="2019-08-03T02:17:37.719" intervalms="35.193" />
<gc-start id="940" type="scavenge" contextid="939" timestamp="2019-08-03T02:17:37.719">
  <mem-info id="941" free="2724688" total="10878976" percent="25">
    <mem type="nursery" free="6944" total="4325376" percent="0">
      <mem type="allocate" free="6944" total="2818048" percent="0" />
      <mem type="survivor" free="0" total="1507328" percent="0" />
    </mem>
    <mem type="tenure" free="2717744" total="6553600" percent="41">
      <mem type="soa" free="2390064" total="6225920" percent="38" />
      <mem type="loa" free="327680" total="327680" percent="100" />
    </mem>
    <remembered-set count="403" />
  </mem-info>
</gc-start>
<allocation-stats totalBytes="1976448" >
  <allocated-bytes non-tlh="147496" tlh="1828952" />
  <largest-consumer threadName="Thread-4" threadId="000000000284E700" bytes="732184" />
</allocation-stats>
<gc-op id="942" type="scavenge" timems="0.500" contextid="939" timestamp="2019-08-03T02:17:37.719">
  <scavenger-info tenureage="1" tenuremask="7ffe" tiltratio="65" />
  <memory-copied type="nursery" objects="1458" bytes="622560" bytesdiscarded="270648" />
  <memory-copied type="tenure" objects="660" bytes="284440" bytesdiscarded="672" />
  <references type="weak" candidates="1" cleared="0" enqueued="0" />
  <references type="phantom" candidates="1" cleared="0" enqueued="0" />
</gc-op>
<gc-end id="943" type="scavenge" contextid="939" durationms="0.717" usertimems="4.000" systemtimems="0.000" timestamp="2019-08-03T02:17:37.719" activeThreads="8">
  <mem-info id="944" free="4373336" total="10878976" percent="40">
    <mem type="nursery" free="2055856" total="4325376" percent="47">
      <mem type="allocate" free="2055856" total="2949120" percent="69" />
      <mem type="survivor" free="0" total="1376256" percent="0" />
    </mem>
    <mem type="tenure" free="2317480" total="6553600" percent="35">
      <mem type="soa" free="1989800" total="6225920" percent="31" />
      <mem type="loa" free="327680" total="327680" percent="100" />
    </mem>
    <remembered-set count="241" />
  </mem-info>
</gc-end>
<cycle-end id="945" type="scavenge" contextid="939" timestamp="2019-08-03T02:17:37.719" />
  <attribute name="elasticGC enabled" value="1" />
  <attribute name= "numThreadsSpecified" value="1" />
  <attribute name="heapSize specified" value="10878976" />
  <attribute name= "numCores" value="8" />
  <attribute name ="GC Interval" value="3100" />
  <attribute name ="Control flow" value="1" />
  <attribute name="GC Util Range Max" value="16" />
  <attribute name="Current GC Util" value="9" />
  <attribute name= "Current Time Running" value="1809" />
<allocation-satisfied id="946" threadId="0000000002861300" bytesRequested="16392" />
<af-end id="947" timestamp="2019-08-03T02:17:37.720" threadId="0000000002861C88" success="true" from="nursery"/>
<exclusive-end id="948" timestamp="2019-08-03T02:17:37.720" durationms="1.290" />

<exclusive-start id="949" timestamp="2019-08-03T02:17:37.749" intervalms="30.974">
  <response-info timems="0.064" idlems="0.064" threads="0" lastid="0000000002855F00" lastname="Thread-6" />
</exclusive-start>
<af-start id="950" threadId="0000000002856888" totalBytesRequested="32776" timestamp="2019-08-03T02:17:37.749" intervalms="30.907" type="nursery" />
<cycle-start id="951" type="scavenge" contextid="0" timestamp="2019-08-03T02:17:37.749" intervalms="30.900" />
<gc-start id="952" type="scavenge" contextid="951" timestamp="2019-08-03T02:17:37.750">
  <mem-info id="953" free="2317480" total="10878976" percent="21">
    <mem type="nursery" free="0" total="4325376" percent="0">
      <mem type="allocate" free="0" total="2949120" percent="0" />
      <mem type="survivor" free="0" total="1376256" percent="0" />
    </mem>
    <mem type="tenure" free="2317480" total="6553600" percent="35">
      <mem type="soa" free="1989800" total="6225920" percent="31" />
      <mem type="loa" free="327680" total="327680" percent="100" />
    </mem>
    <remembered-set count="442" />
  </mem-info>
</gc-start>
<allocation-stats totalBytes="2015560" >
  <allocated-bytes non-tlh="180280" tlh="1835280" />
  <largest-consumer threadName="Thread-4" threadId="000000000284E700" bytes="475104" />
</allocation-stats>
<gc-op id="954" type="scavenge" timems="1.344" contextid="951" timestamp="2019-08-03T02:17:37.751">
  <scavenger-info tenureage="1" tenuremask="7ffe" tiltratio="68" />
  <memory-copied type="nursery" objects="2408" bytes="888128" bytesdiscarded="82000" />
  <memory-copied type="tenure" objects="827" bytes="409040" bytesdiscarded="672" />
</gc-op>
<gc-end id="955" type="scavenge" contextid="951" durationms="1.580" usertimems="0.000" systemtimems="0.000" timestamp="2019-08-03T02:17:37.751" activeThreads="1">
  <mem-info id="956" free="3857040" total="10878976" percent="35">
    <mem type="nursery" free="2044456" total="4325376" percent="47">
      <mem type="allocate" free="2044456" total="3014656" percent="67" />
      <mem type="survivor" free="0" total="1310720" percent="0" />
    </mem>
    <mem type="tenure" free="1812584" total="6553600" percent="27">
      <mem type="soa" free="1484904" total="6225920" percent="23" />
      <mem type="loa" free="327680" total="327680" percent="100" />
    </mem>
    <remembered-set count="255" />
  </mem-info>
</gc-end>
<cycle-end id="957" type="scavenge" contextid="951" timestamp="2019-08-03T02:17:37.751" />
  <attribute name="elasticGC enabled" value="1" />
  <attribute name= "numThreadsSpecified" value="1" />
  <attribute name="heapSize specified" value="10878976" />
  <attribute name= "numCores" value="8" />
  <attribute name ="GC Interval" value="3100" />
  <attribute name ="Control flow" value="2" />
  <attribute name="GC Util Range Max" value="16" />
  <attribute name="Current GC Util" value="5" />
  <attribute name= "Current Time Running" value="1840" />
<allocation-satisfied id="958" threadId="0000000002855F00" bytesRequested="32776" />
<af-end id="959" timestamp="2019-08-03T02:17:37.751" threadId="0000000002856888" success="true" from="nursery"/>
<exclusive-end id="960" timestamp="2019-08-03T02:17:37.751" durationms="2.178" />

<exclusive-start id="961" timestamp="2019-08-03T02:17:37.787" intervalms="37.938">
  <response-info timems="0.043" idlems="0.043" threads="0" lastid="000000000284E700" lastname="Thread-4" />
</exclusive-start>
<af-start id="962" threadId="000000000284F088" totalBytesRequested="32776" timestamp="2019-08-03T02:17:37.787" intervalms="37.980" type="nursery" />
<cycle-start id="963" type="scavenge" contextid="0" timestamp="2019-08-03T02:17:37.787" intervalms="37.983" />
<gc-start id="964" type="scavenge" contextid="963" timestamp="2019-08-03T02:17:37.788">
  <mem-info id="965" free="1812584" total="10878976" percent="16">
    <mem type="nursery" free="0" total="4325376" percent="0">
      <mem type="allocate" free="0" total="3014656" percent="0" />
      <mem type="survivor" free="0" total="1310720" percent="0" />
    </mem>
    <mem type="tenure" free="1812584" total="6553600" percent="27">
      <mem type="soa" free="1484904" total="6225920" percent="23" />
      <mem type="loa" free="327680" total="327680" percent="100" />
    </mem>
    <remembered-set count="437" />
  </mem-info>
</gc-start>
<allocation-stats totalBytes="1975272" >
  <allocated-bytes non-tlh="131104" tlh="1844168" />
  <largest-consumer threadName="Thread-9" threadId="0000000002861300" bytes="515424" />
</allocation-stats>
<gc-op id="966" type="scavenge" timems="0.490" contextid="963" timestamp="2019-08-03T02:17:37.788">
  <scavenger-info tenureage="1" tenuremask="7ffe" tiltratio="69" />
  <memory-copied type="nursery" objects="2002" bytes="805896" bytesdiscarded="315448" />
  <memory-copied type="tenure" objects="1811" bytes="668888" bytesdiscarded="552" />
  <references type="phantom" candidates="1" cleared="0" enqueued="0" />
</gc-op>
<gc-end id="967" type="scavenge" contextid="963" durationms="0.758" usertimems="4.000" systemtimems="0.000" timestamp="2019-08-03T02:17:37.788" activeThreads="8">
  <mem-info id="968" free="2963864" total="10878976" percent="27">
    <mem type="nursery" free="1958784" total="4325376" percent="45">
      <mem type="allocate" free="1958784" total="3080192" percent="63" />
      <mem type="survivor" free="0" total="1245184" percent="0" />
    </mem>
    <mem type="tenure" free="1005080" total="6553600" percent="15">
      <mem type="soa" free="677400" total="6225920" percent="10" />
      <mem type="loa" free="327680" total="327680" percent="100" />
    </mem>
    <remembered-set count="252" />
  </mem-info>
</gc-end>
<cycle-end id="969" type="scavenge" contextid="963" timestamp="2019-08-03T02:17:37.788" />
  <attribute name="elasticGC enabled" value="1" />
  <attribute name= "numThreadsSpecified" value="1" />
  <attribute name="heapSize specified" value="10878976" />
  <attribute name= "numCores" value="8" />
  <attribute name ="GC Interval" value="3100" />
  <attribute name ="Control flow" value="1" />
  <attribute name="GC Util Range Max" value="16" />
  <attribute name="Current GC Util" value="3" />
  <attribute name= "Current Time Running" value="1878" />
<allocation-satisfied id="970" threadId="000000000284E700" bytesRequested="32776" />
<af-end id="971" timestamp="2019-08-03T02:17:37.788" threadId="000000000284F088" success="true" from="nursery"/>
<exclusive-end id="972" timestamp="2019-08-03T02:17:37.789" durationms="1.332" />

<concurrent-kickoff id="973" timestamp="2019-08-03T02:17:37.816">
  <kickoff reason="threshold reached" targetBytes="1987912" thresholdFreeBytes="260591"  remainingFree="205648" tenureFreeBytes="1005080" nurseryFreeBytes="205648" />
</concurrent-kickoff>
<exclusive-start id="974" timestamp="2019-08-03T02:17:37.816" intervalms="28.983">
  <response-info timems="0.052" idlems="0.052" threads="0" lastid="0000000002855F00" lastname="Thread-6" />
</exclusive-start>
<cycle-start id="975" type="global" contextid="0" timestamp="2019-08-03T02:17:37.816" intervalms="144.130" />
<exclusive-end id="976" timestamp="2019-08-03T02:17:37.816" durationms="0.156" />

<exclusive-start id="977" timestamp="2019-08-03T02:17:37.824" intervalms="7.714">
  <response-info timems="0.095" idlems="0.095" threads="0" lastid="0000000002864F00" lastname="Thread-10" />
</exclusive-start>
<af-start id="978" threadId="0000000002865888" totalBytesRequested="48" timestamp="2019-08-03T02:17:37.824" intervalms="36.705" type="nursery" />
<cycle-start id="979" type="scavenge" contextid="0" timestamp="2019-08-03T02:17:37.824" intervalms="36.711" />
<gc-start id="980" type="scavenge" contextid="979" timestamp="2019-08-03T02:17:37.824">
  <mem-info id="981" free="1005080" total="10878976" percent="9">
    <mem type="nursery" free="0" total="4325376" percent="0">
      <mem type="allocate" free="0" total="3080192" percent="0" />
      <mem type="survivor" free="0" total="1245184" percent="0" />
    </mem>
    <mem type="tenure" free="1005080" total="6553600" percent="15">
      <mem type="soa" free="677400" total="6225920" percent="10" />
      <mem type="loa" free="327680" total="327680" percent="100" />
    </mem>
    <remembered-set count="455" />
  </mem-info>
</gc-start>
<allocation-stats totalBytes="1930776" >
  <allocated-bytes non-tlh="180272" tlh="1750504" />
  <largest-consumer threadName="Thread-6" threadId="0000000002855F00" bytes="503000" />
</allocation-stats>
<gc-op id="982" type="scavenge" timems="0.951" contextid="979" timestamp="2019-08-03T02:17:37.825">
  <scavenger-info tenureage="1" tenuremask="7ffe" tiltratio="71" />
  <memory-copied type="nursery" objects="2176" bytes="779936" bytesdiscarded="2512" />
  <memory-copied type="tenure" objects="1314" bytes="572888" bytesdiscarded="408" />
</gc-op>
<gc-end id="983" type="scavenge" contextid="979" durationms="1.179" usertimems="0.000" systemtimems="0.000" timestamp="2019-08-03T02:17:37.825" activeThreads="1">
  <mem-info id="984" free="2690904" total="10878976" percent="24">
    <mem type="nursery" free="2363224" total="4325376" percent="54">
      <mem type="allocate" free="2363224" total="3145728" percent="75" />
      <mem type="survivor" free="0" total="1179648" percent="0" />
    </mem>
    <mem type="tenure" free="327680" total="6553600" percent="5">
      <mem type="soa" free="0" total="6225920" percent="0" />
      <mem type="loa" free="327680" total="327680" percent="100" />
    </mem>
    <remembered-set count="271" />
  </mem-info>
</gc-end>
<cycle-end id="985" type="scavenge" contextid="979" timestamp="2019-08-03T02:17:37.826" />
  <attribute name="elasticGC enabled" value="1" />
  <attribute name= "numThreadsSpecified" value="1" />
  <attribute name="heapSize specified" value="10878976" />
  <attribute name= "numCores" value="8" />
  <attribute name ="GC Interval" value="3100" />
  <attribute name ="Control flow" value="2" />
  <attribute name="GC Util Range Max" value="16" />
  <attribute name="Current GC Util" value="7" />
  <attribute name= "Current Time Running" value="1915" />
<allocation-satisfied id="986" threadId="0000000002864F00" bytesRequested="48" />
<af-end id="987" timestamp="2019-08-03T02:17:37.826" threadId="0000000002865888" success="true" from="nursery"/>
<exclusive-end id="988" timestamp="2019-08-03T02:17:37.826" durationms="1.805" />

<exclusive-start id="989" timestamp="2019-08-03T02:17:37.826" intervalms="2.001">
  <response-info timems="0.071" idlems="0.071" threads="0" lastid="000000000284AB00" lastname="Thread-3" />
</exclusive-start>
<concurrent-collection-start id="990" timestamp="2019-08-03T02:17:37.826" intervalms="139.734" >
  <concurrent-trace-info reason="card cleaning threshold reached" tracedByMutators="780196" tracedByHelpers="1090412" cardsCleaned="144" workStackOverflowCount="0" />
</concurrent-collection-start>
<gc-start id="991" type="global" contextid="975" timestamp="2019-08-03T02:17:37.826">
  <mem-info id="992" free="2617128" total="10878976" percent="24">
    <mem type="nursery" free="2289448" total="4325376" percent="52">
      <mem type="allocate" free="2289448" total="3145728" percent="72" />
      <mem type="survivor" free="0" total="1179648" percent="0" />
    </mem>
    <mem type="tenure" free="327680" total="6553600" percent="5">
      <mem type="soa" free="0" total="6225920" percent="0" />
      <mem type="loa" free="327680" total="327680" percent="100" />
    </mem>
    <remembered-set count="271" />
  </mem-info>
</gc-start>
<allocation-stats totalBytes="73776" >
  <allocated-bytes non-tlh="48" tlh="73728" />
  <largest-consumer threadName="Thread-6" threadId="0000000002855F00" bytes="49152" />
</allocation-stats>
<gc-op id="993" type="rs-scan" timems="0.189" contextid="975" timestamp="2019-08-03T02:17:37.826">
  <scan objectsFound="111" bytesTraced="74136" workStackOverflowCount="0" />
</gc-op>
<gc-op id="994" type="card-cleaning" timems="0.275" contextid="975" timestamp="2019-08-03T02:17:37.827">
  <card-cleaning cardsCleaned="137" bytesTraced="552200" workStackOverflowCount="0" />
</gc-op>
<gc-op id="995" type="mark" timems="0.907" contextid="975" timestamp="2019-08-03T02:17:37.828">
  <trace-info objectcount="1644" scancount="1417" scanbytes="217768" />
  <finalization candidates="25" enqueued="0" />
  <references type="soft" candidates="168" cleared="0" enqueued="0" dynamicThreshold="13" maxThreshold="32" />
  <references type="weak" candidates="253" cleared="0" enqueued="0" />
  <references type="phantom" candidates="77" cleared="0" enqueued="0" />
  <stringconstants candidates="3963" cleared="0"  />
</gc-op>
<gc-op id="996" type="sweep" timems="0.187" contextid="975" timestamp="2019-08-03T02:17:37.828" />
<gc-end id="997" type="global" contextid="975" durationms="2.558" usertimems="0.000" systemtimems="0.000" timestamp="2019-08-03T02:17:37.829" activeThreads="8">
  <mem-info id="998" free="5111256" total="10878976" percent="46">
    <mem type="nursery" free="2435272" total="4325376" percent="56">
      <mem type="allocate" free="2435272" total="3145728" percent="77" />
      <mem type="survivor" free="0" total="1179648" percent="0" />
    </mem>
    <mem type="tenure" free="2675984" total="6553600" percent="40" micro-fragmented="8457" macro-fragmented="0">
      <mem type="soa" free="2348304" total="6225920" percent="37" />
      <mem type="loa" free="327680" total="327680" percent="100" />
    </mem>
    <remembered-set count="239" />
  </mem-info>
</gc-end>
<cycle-end id="999" type="global" contextid="975" timestamp="2019-08-03T02:17:37.829" />
  <attribute name="elasticGC enabled" value="1" />
  <attribute name= "numThreadsSpecified" value="2" />
  <attribute name="heapSize specified" value="10878976" />
  <attribute name= "numCores" value="8" />
  <attribute name ="GC Interval" value="3100" />
  <attribute name ="Control flow" value="3" />
  <attribute name="GC Util Range Max" value="16" />
  <attribute name="Current GC Util" value="16" />
  <attribute name= "Current Time Running" value="1919" />
<concurrent-collection-end id="1000" timestamp="2019-08-03T02:17:37.829" />
<exclusive-end id="1001" timestamp="2019-08-03T02:17:37.829" durationms="3.012" />

<exclusive-start id="1002" timestamp="2019-08-03T02:17:37.864" intervalms="38.403">
  <response-info timems="0.067" idlems="0.067" threads="0" lastid="000000000284AB00" lastname="Thread-3" />
</exclusive-start>
<af-start id="1003" threadId="000000000284B488" totalBytesRequested="824" timestamp="2019-08-03T02:17:37.864" intervalms="40.358" type="nursery" />
<cycle-start id="1004" type="scavenge" contextid="0" timestamp="2019-08-03T02:17:37.864" intervalms="40.343" />
<gc-start id="1005" type="scavenge" contextid="1004" timestamp="2019-08-03T02:17:37.865">
  <mem-info id="1006" free="2675984" total="10878976" percent="24">
    <mem type="nursery" free="0" total="4325376" percent="0">
      <mem type="allocate" free="0" total="3145728" percent="0" />
      <mem type="survivor" free="0" total="1179648" percent="0" />
    </mem>
    <mem type="tenure" free="2675984" total="6553600" percent="40">
      <mem type="soa" free="2348304" total="6225920" percent="37" />
      <mem type="loa" free="327680" total="327680" percent="100" />
    </mem>
    <remembered-set count="451" />
  </mem-info>
</gc-start>
<allocation-stats totalBytes="2374480" >
  <allocated-bytes non-tlh="245840" tlh="2128640" />
  <largest-consumer threadName="Thread-7" threadId="0000000002859B00" bytes="836368" />
</allocation-stats>
<gc-op id="1007" type="scavenge" timems="1.105" contextid="1004" timestamp="2019-08-03T02:17:37.866">
  <scavenger-info tenureage="1" tenuremask="7ffe" tiltratio="72" />
  <memory-copied type="nursery" objects="1941" bytes="785520" bytesdiscarded="204800" />
  <memory-copied type="tenure" objects="1405" bytes="487400" bytesdiscarded="1640" />
</gc-op>
<gc-end id="1008" type="scavenge" contextid="1004" durationms="1.312" usertimems="0.000" systemtimems="4.000" timestamp="2019-08-03T02:17:37.866" activeThreads="8">
  <mem-info id="1009" free="4207504" total="10878976" percent="38">
    <mem type="nursery" free="2155336" total="4325376" percent="49">
      <mem type="allocate" free="2155336" total="3145728" percent="68" />
      <mem type="survivor" free="0" total="1179648" percent="0" />
    </mem>
    <mem type="tenure" free="2052168" total="6553600" percent="31">
      <mem type="soa" free="1724488" total="6225920" percent="27" />
      <mem type="loa" free="327680" total="327680" percent="100" />
    </mem>
    <remembered-set count="264" />
  </mem-info>
</gc-end>
<cycle-end id="1010" type="scavenge" contextid="1004" timestamp="2019-08-03T02:17:37.866" />
  <attribute name="elasticGC enabled" value="1" />
  <attribute name= "numThreadsSpecified" value="2" />
  <attribute name="heapSize specified" value="10878976" />
  <attribute name= "numCores" value="8" />
  <attribute name ="GC Interval" value="3100" />
  <attribute name ="Control flow" value="3" />
  <attribute name="GC Util Range Max" value="16" />
  <attribute name="Current GC Util" value="7" />
  <attribute name= "Current Time Running" value="1955" />
<allocation-satisfied id="1011" threadId="000000000284AB00" bytesRequested="824" />
<af-end id="1012" timestamp="2019-08-03T02:17:37.866" threadId="000000000284B488" success="true" from="nursery"/>
<exclusive-end id="1013" timestamp="2019-08-03T02:17:37.866" durationms="1.885" />

<exclusive-start id="1014" timestamp="2019-08-03T02:17:37.882" intervalms="17.675">
  <response-info timems="0.030" idlems="0.030" threads="0" lastid="000000000284E700" lastname="Thread-4" />
</exclusive-start>
<af-start id="1015" threadId="000000000284F088" totalBytesRequested="32776" timestamp="2019-08-03T02:17:37.882" intervalms="17.707" type="nursery" />
<cycle-start id="1016" type="scavenge" contextid="0" timestamp="2019-08-03T02:17:37.882" intervalms="17.716" />
<gc-start id="1017" type="scavenge" contextid="1016" timestamp="2019-08-03T02:17:37.882">
  <mem-info id="1018" free="2052168" total="10878976" percent="18">
    <mem type="nursery" free="0" total="4325376" percent="0">
      <mem type="allocate" free="0" total="3145728" percent="0" />
      <mem type="survivor" free="0" total="1179648" percent="0" />
    </mem>
    <mem type="tenure" free="2052168" total="6553600" percent="31">
      <mem type="soa" free="1724488" total="6225920" percent="27" />
      <mem type="loa" free="327680" total="327680" percent="100" />
    </mem>
    <remembered-set count="448" />
  </mem-info>
</gc-start>
<allocation-stats totalBytes="2024216" >
  <allocated-bytes non-tlh="213880" tlh="1810336" />
  <largest-consumer threadName="Thread-5" threadId="0000000002852300" bytes="629600" />
</allocation-stats>
<gc-op id="1019" type="scavenge" timems="0.515" contextid="1016" timestamp="2019-08-03T02:17:37.883">
  <scavenger-info tenureage="1" tenuremask="7ffe" tiltratio="72" />
  <memory-copied type="nursery" objects="1538" bytes="827880" bytesdiscarded="146856" />
  <memory-copied type="tenure" objects="811" bytes="365504" bytesdiscarded="984" />
  <references type="weak" candidates="1" cleared="0" enqueued="0" />
  <references type="phantom" candidates="1" cleared="0" enqueued="0" />
</gc-op>
<gc-end id="1020" type="scavenge" contextid="1016" durationms="0.747" usertimems="0.000" systemtimems="0.000" timestamp="2019-08-03T02:17:37.883" activeThreads="8">
  <mem-info id="1021" free="3921216" total="10878976" percent="36">
    <mem type="nursery" free="2236440" total="4325376" percent="51">
      <mem type="allocate" free="2236440" total="3211264" percent="69" />
      <mem type="survivor" free="0" total="1114112" percent="0" />
    </mem>
    <mem type="tenure" free="1684776" total="6553600" percent="25">
      <mem type="soa" free="1357096" total="6225920" percent="21" />
      <mem type="loa" free="327680" total="327680" percent="100" />
    </mem>
    <remembered-set count="238" />
  </mem-info>
</gc-end>
<cycle-end id="1022" type="scavenge" contextid="1016" timestamp="2019-08-03T02:17:37.883" />
  <attribute name="elasticGC enabled" value="1" />
  <attribute name= "numThreadsSpecified" value="2" />
  <attribute name="heapSize specified" value="10878976" />
  <attribute name= "numCores" value="8" />
  <attribute name ="GC Interval" value="3100" />
  <attribute name ="Control flow" value="3" />
  <attribute name="GC Util Range Max" value="16" />
  <attribute name="Current GC Util" value="18" />
  <attribute name= "Current Time Running" value="1973" />
<allocation-satisfied id="1023" threadId="000000000284E700" bytesRequested="32776" />
<af-end id="1024" timestamp="2019-08-03T02:17:37.883" threadId="000000000284F088" success="true" from="nursery"/>
<exclusive-end id="1025" timestamp="2019-08-03T02:17:37.883" durationms="1.324" />

<exclusive-start id="1026" timestamp="2019-08-03T02:17:37.913" intervalms="31.181">
  <response-info timems="0.034" idlems="0.034" threads="0" lastid="000000000284E700" lastname="Thread-4" />
</exclusive-start>
<af-start id="1027" threadId="000000000284F088" totalBytesRequested="16392" timestamp="2019-08-03T02:17:37.913" intervalms="31.171" type="nursery" />
<cycle-start id="1028" type="scavenge" contextid="0" timestamp="2019-08-03T02:17:37.913" intervalms="31.161" />
<gc-start id="1029" type="scavenge" contextid="1028" timestamp="2019-08-03T02:17:37.913">
  <mem-info id="1030" free="1684776" total="10878976" percent="15">
    <mem type="nursery" free="0" total="4325376" percent="0">
      <mem type="allocate" free="0" total="3211264" percent="0" />
      <mem type="survivor" free="0" total="1114112" percent="0" />
    </mem>
    <mem type="tenure" free="1684776" total="6553600" percent="25">
      <mem type="soa" free="1357096" total="6225920" percent="21" />
      <mem type="loa" free="327680" total="327680" percent="100" />
    </mem>
    <remembered-set count="456" />
  </mem-info>
</gc-start>
<allocation-stats totalBytes="2185024" >
  <allocated-bytes non-tlh="163888" tlh="2021136" />
  <largest-consumer threadName="Thread-8" threadId="000000000285D700" bytes="487720" />
</allocation-stats>
<gc-op id="1031" type="scavenge" timems="0.408" contextid="1028" timestamp="2019-08-03T02:17:37.914">
  <scavenger-info tenureage="1" tenuremask="7ffe" tiltratio="74" />
  <memory-copied type="nursery" objects="2471" bytes="878272" bytesdiscarded="235776" />
  <memory-copied type="tenure" objects="831" bytes="510176" bytesdiscarded="4224" />
  <copy-failed type="nursery" objects="1" bytes="16392" />
</gc-op>
<gc-end id="1032" type="scavenge" contextid="1028" durationms="0.612" usertimems="0.000" systemtimems="0.000" timestamp="2019-08-03T02:17:37.914" activeThreads="8">
  <mem-info id="1033" free="3267872" total="10878976" percent="30">
    <mem type="nursery" free="2097152" total="4325376" percent="48">
      <mem type="allocate" free="2097152" total="3211264" percent="65" />
      <mem type="survivor" free="0" total="1114112" percent="0" />
    </mem>
    <mem type="tenure" free="1170720" total="6553600" percent="17">
      <mem type="soa" free="843040" total="6225920" percent="13" />
      <mem type="loa" free="327680" total="327680" percent="100" />
    </mem>
    <remembered-set count="230" />
  </mem-info>
</gc-end>
<cycle-end id="1034" type="scavenge" contextid="1028" timestamp="2019-08-03T02:17:37.914" />
  <attribute name="elasticGC enabled" value="1" />
  <attribute name= "numThreadsSpecified" value="2" />
  <attribute name="heapSize specified" value="10878976" />
  <attribute name= "numCores" value="8" />
  <attribute name ="GC Interval" value="3100" />
  <attribute name ="Control flow" value="1" />
  <attribute name="GC Util Range Max" value="16" />
  <attribute name="Current GC Util" value="5" />
  <attribute name= "Current Time Running" value="2004" />
<allocation-satisfied id="1035" threadId="000000000284E700" bytesRequested="16392" />
<af-end id="1036" timestamp="2019-08-03T02:17:37.914" threadId="000000000284F088" success="true" from="nursery"/>
<exclusive-end id="1037" timestamp="2019-08-03T02:17:37.914" durationms="1.136" />

<concurrent-kickoff id="1038" timestamp="2019-08-03T02:17:37.943">
  <kickoff reason="threshold reached" targetBytes="1956402" thresholdFreeBytes="256971"  remainingFree="253912" tenureFreeBytes="1170720" nurseryFreeBytes="253912" />
</concurrent-kickoff>
<exclusive-start id="1039" timestamp="2019-08-03T02:17:37.944" intervalms="30.535">
  <response-info timems="0.064" idlems="0.033" threads="1" lastid="0000000002852300" lastname="Thread-5" />
</exclusive-start>
<cycle-start id="1040" type="global" contextid="0" timestamp="2019-08-03T02:17:37.944" intervalms="127.466" />
<exclusive-end id="1041" timestamp="2019-08-03T02:17:37.944" durationms="0.113" />

<exclusive-start id="1042" timestamp="2019-08-03T02:17:37.946" intervalms="2.231">
  <response-info timems="0.045" idlems="0.045" threads="0" lastid="000000000284AB00" lastname="Thread-3" />
</exclusive-start>
<af-start id="1043" threadId="000000000284B488" totalBytesRequested="16392" timestamp="2019-08-03T02:17:37.946" intervalms="32.724" type="nursery" />
<cycle-start id="1044" type="scavenge" contextid="0" timestamp="2019-08-03T02:17:37.946" intervalms="32.727" />
<gc-start id="1045" type="scavenge" contextid="1044" timestamp="2019-08-03T02:17:37.946">
  <mem-info id="1046" free="1170720" total="10878976" percent="10">
    <mem type="nursery" free="0" total="4325376" percent="0">
      <mem type="allocate" free="0" total="3211264" percent="0" />
      <mem type="survivor" free="0" total="1114112" percent="0" />
    </mem>
    <mem type="tenure" free="1170720" total="6553600" percent="17">
      <mem type="soa" free="843040" total="6225920" percent="13" />
      <mem type="loa" free="327680" total="327680" percent="100" />
    </mem>
    <remembered-set count="398" />
  </mem-info>
</gc-start>
<allocation-stats totalBytes="2019568" >
  <allocated-bytes non-tlh="147496" tlh="1872072" />
  <largest-consumer threadName="Thread-10" threadId="0000000002864F00" bytes="489256" />
</allocation-stats>
<gc-op id="1047" type="scavenge" timems="0.775" contextid="1044" timestamp="2019-08-03T02:17:37.947">
  <scavenger-info tenureage="1" tenuremask="7ffe" tiltratio="74" />
  <memory-copied type="nursery" objects="2139" bytes="834616" bytesdiscarded="73752" />
  <memory-copied type="tenure" objects="1384" bytes="551352" bytesdiscarded="856" />
</gc-op>
<gc-end id="1048" type="scavenge" contextid="1044" durationms="0.981" usertimems="0.000" systemtimems="0.000" timestamp="2019-08-03T02:17:37.947" activeThreads="3">
  <mem-info id="1049" free="2905784" total="10878976" percent="26">
    <mem type="nursery" free="2302832" total="4325376" percent="53">
      <mem type="allocate" free="2302832" total="3211264" percent="71" />
      <mem type="survivor" free="0" total="1114112" percent="0" />
    </mem>
    <mem type="tenure" free="602952" total="6553600" percent="9">
      <mem type="soa" free="275272" total="6225920" percent="4" />
      <mem type="loa" free="327680" total="327680" percent="100" />
    </mem>
    <remembered-set count="245" />
  </mem-info>
</gc-end>
<cycle-end id="1050" type="scavenge" contextid="1044" timestamp="2019-08-03T02:17:37.947" />
  <attribute name="elasticGC enabled" value="1" />
  <attribute name= "numThreadsSpecified" value="3" />
  <attribute name="heapSize specified" value="10878976" />
  <attribute name= "numCores" value="8" />
  <attribute name ="GC Interval" value="3100" />
  <attribute name ="Control flow" value="1" />
  <attribute name="GC Util Range Max" value="16" />
  <attribute name="Current GC Util" value="4" />
  <attribute name= "Current Time Running" value="2037" />
<allocation-satisfied id="1051" threadId="000000000284AB00" bytesRequested="16392" />
<af-end id="1052" timestamp="2019-08-03T02:17:37.947" threadId="000000000284B488" success="true" from="nursery"/>
<exclusive-end id="1053" timestamp="2019-08-03T02:17:37.947" durationms="1.491" />

<exclusive-start id="1054" timestamp="2019-08-03T02:17:37.948" intervalms="1.589">
  <response-info timems="0.026" idlems="0.026" threads="0" lastid="000000000284AB00" lastname="Thread-3" />
</exclusive-start>
<concurrent-collection-start id="1055" timestamp="2019-08-03T02:17:37.948" intervalms="121.590" >
  <concurrent-trace-info reason="card cleaning threshold reached" tracedByMutators="1129200" tracedByHelpers="750260" cardsCleaned="75" workStackOverflowCount="0" />
</concurrent-collection-start>
<gc-start id="1056" type="global" contextid="1040" timestamp="2019-08-03T02:17:37.948">
  <mem-info id="1057" free="2836144" total="10878976" percent="26">
    <mem type="nursery" free="2233192" total="4325376" percent="51">
      <mem type="allocate" free="2233192" total="3211264" percent="69" />
      <mem type="survivor" free="0" total="1114112" percent="0" />
    </mem>
    <mem type="tenure" free="602952" total="6553600" percent="9">
      <mem type="soa" free="275272" total="6225920" percent="4" />
      <mem type="loa" free="327680" total="327680" percent="100" />
    </mem>
    <remembered-set count="245" />
  </mem-info>
</gc-start>
<allocation-stats totalBytes="69640" >
  <allocated-bytes non-tlh="16392" tlh="53248" />
  <largest-consumer threadName="Thread-3" threadId="000000000284AB00" bytes="45064" />
</allocation-stats>
<gc-op id="1058" type="rs-scan" timems="0.471" contextid="1040" timestamp="2019-08-03T02:17:37.948">
  <scan objectsFound="130" bytesTraced="17848" workStackOverflowCount="0" />
</gc-op>
<gc-op id="1059" type="card-cleaning" timems="0.406" contextid="1040" timestamp="2019-08-03T02:17:37.949">
  <card-cleaning cardsCleaned="102" bytesTraced="595096" workStackOverflowCount="0" />
</gc-op>
<gc-op id="1060" type="mark" timems="1.116" contextid="1040" timestamp="2019-08-03T02:17:37.950">
  <trace-info objectcount="1654" scancount="1435" scanbytes="270504" />
  <finalization candidates="25" enqueued="0" />
  <references type="soft" candidates="168" cleared="0" enqueued="0" dynamicThreshold="13" maxThreshold="32" />
  <references type="weak" candidates="253" cleared="0" enqueued="0" />
  <references type="phantom" candidates="77" cleared="0" enqueued="0" />
  <stringconstants candidates="3963" cleared="0"  />
</gc-op>
<gc-op id="1061" type="sweep" timems="0.702" contextid="1040" timestamp="2019-08-03T02:17:37.951" />
<gc-end id="1062" type="global" contextid="1040" durationms="4.157" usertimems="4.000" systemtimems="4.000" timestamp="2019-08-03T02:17:37.952" activeThreads="1">
  <mem-info id="1063" free="5092624" total="10878976" percent="46">
    <mem type="nursery" free="2396416" total="4325376" percent="55">
      <mem type="allocate" free="2396416" total="3211264" percent="74" />
      <mem type="survivor" free="0" total="1114112" percent="0" />
    </mem>
    <mem type="tenure" free="2696208" total="6553600" percent="41" micro-fragmented="0" macro-fragmented="0">
      <mem type="soa" free="2368528" total="6225920" percent="38" />
      <mem type="loa" free="327680" total="327680" percent="100" />
    </mem>
    <remembered-set count="232" />
  </mem-info>
</gc-end>
<cycle-end id="1064" type="global" contextid="1040" timestamp="2019-08-03T02:17:37.952" />
  <attribute name="elasticGC enabled" value="1" />
  <attribute name= "numThreadsSpecified" value="1" />
  <attribute name="heapSize specified" value="10878976" />
  <attribute name= "numCores" value="8" />
  <attribute name ="GC Interval" value="3100" />
  <attribute name ="Control flow" value="2" />
  <attribute name="GC Util Range Max" value="16" />
  <attribute name="Current GC Util" value="194" />
  <attribute name= "Current Time Running" value="2041" />
<concurrent-collection-end id="1065" timestamp="2019-08-03T02:17:37.952" />
<exclusive-end id="1066" timestamp="2019-08-03T02:17:37.952" durationms="4.639" />

<exclusive-start id="1067" timestamp="2019-08-03T02:17:37.992" intervalms="44.285">
  <response-info timems="0.079" idlems="0.079" threads="0" lastid="000000000284E700" lastname="Thread-4" />
</exclusive-start>
<af-start id="1068" threadId="000000000284F088" totalBytesRequested="48" timestamp="2019-08-03T02:17:37.992" intervalms="45.917" type="nursery" />
<cycle-start id="1069" type="scavenge" contextid="0" timestamp="2019-08-03T02:17:37.992" intervalms="45.921" />
<gc-start id="1070" type="scavenge" contextid="1069" timestamp="2019-08-03T02:17:37.992">
  <mem-info id="1071" free="2696208" total="10878976" percent="24">
    <mem type="nursery" free="0" total="4325376" percent="0">
      <mem type="allocate" free="0" total="3211264" percent="0" />
      <mem type="survivor" free="0" total="1114112" percent="0" />
    </mem>
    <mem type="tenure" free="2696208" total="6553600" percent="41">
      <mem type="soa" free="2368528" total="6225920" percent="38" />
      <mem type="loa" free="327680" total="327680" percent="100" />
    </mem>
    <remembered-set count="448" />
  </mem-info>
</gc-start>
<allocation-stats totalBytes="2323416" >
  <allocated-bytes non-tlh="254032" tlh="2069384" />
  <largest-consumer threadName="Thread-9" threadId="0000000002861300" bytes="738296" />
</allocation-stats>
<gc-op id="1072" type="scavenge" timems="0.508" contextid="1069" timestamp="2019-08-03T02:17:37.993">
  <scavenger-info tenureage="1" tenuremask="7ffe" tiltratio="74" />
  <memory-copied type="nursery" objects="1515" bytes="666392" bytesdiscarded="201976" />
  <memory-copied type="tenure" objects="1937" bytes="721568" bytesdiscarded="3760" />
</gc-op>
<gc-end id="1073" type="scavenge" contextid="1069" durationms="0.727" usertimems="4.000" systemtimems="0.000" timestamp="2019-08-03T02:17:37.993" activeThreads="8">
  <mem-info id="1074" free="4304672" total="10878976" percent="39">
    <mem type="nursery" free="2408360" total="4325376" percent="55">
      <mem type="allocate" free="2408360" total="3276800" percent="73" />
      <mem type="survivor" free="0" total="1048576" percent="0" />
    </mem>
    <mem type="tenure" free="1896312" total="6553600" percent="28">
      <mem type="soa" free="1568632" total="6225920" percent="25" />
      <mem type="loa" free="327680" total="327680" percent="100" />
    </mem>
    <remembered-set count="260" />
  </mem-info>
</gc-end>
<cycle-end id="1075" type="scavenge" contextid="1069" timestamp="2019-08-03T02:17:37.993" />
  <attribute name="elasticGC enabled" value="1" />
  <attribute name= "numThreadsSpecified" value="1" />
  <attribute name="heapSize specified" value="10878976" />
  <attribute name= "numCores" value="8" />
  <attribute name ="GC Interval" value="3100" />
  <attribute name ="Control flow" value="2" />
  <attribute name="GC Util Range Max" value="16" />
  <attribute name="Current GC Util" value="4" />
  <attribute name= "Current Time Running" value="2083" />
<allocation-satisfied id="1076" threadId="000000000284E700" bytesRequested="48" />
<af-end id="1077" timestamp="2019-08-03T02:17:37.993" threadId="000000000284F088" success="true" from="nursery"/>
<exclusive-end id="1078" timestamp="2019-08-03T02:17:37.993" durationms="1.280" />

<exclusive-start id="1079" timestamp="2019-08-03T02:17:38.031" intervalms="38.849">
  <response-info timems="0.060" idlems="0.060" threads="0" lastid="000000000284AB00" lastname="Thread-3" />
</exclusive-start>
<af-start id="1080" threadId="000000000284B488" totalBytesRequested="32776" timestamp="2019-08-03T02:17:38.031" intervalms="38.782" type="nursery" />
<cycle-start id="1081" type="scavenge" contextid="0" timestamp="2019-08-03T02:17:38.031" intervalms="38.787" />
<gc-start id="1082" type="scavenge" contextid="1081" timestamp="2019-08-03T02:17:38.031">
  <mem-info id="1083" free="1896312" total="10878976" percent="17">
    <mem type="nursery" free="0" total="4325376" percent="0">
      <mem type="allocate" free="0" total="3276800" percent="0" />
      <mem type="survivor" free="0" total="1048576" percent="0" />
    </mem>
    <mem type="tenure" free="1896312" total="6553600" percent="28">
      <mem type="soa" free="1568632" total="6225920" percent="25" />
      <mem type="loa" free="327680" total="327680" percent="100" />
    </mem>
    <remembered-set count="454" />
  </mem-info>
</gc-start>
<allocation-stats totalBytes="2342168" >
  <allocated-bytes non-tlh="147544" tlh="2194624" />
  <largest-consumer threadName="Thread-6" threadId="0000000002855F00" bytes="856528" />
</allocation-stats>
<gc-op id="1084" type="scavenge" timems="0.951" contextid="1081" timestamp="2019-08-03T02:17:38.032">
  <scavenger-info tenureage="1" tenuremask="7ffe" tiltratio="75" />
  <memory-copied type="nursery" objects="1836" bytes="750744" bytesdiscarded="110040" />
  <memory-copied type="tenure" objects="842" bytes="459848" bytesdiscarded="1896" />
</gc-op>
<gc-end id="1085" type="scavenge" contextid="1081" durationms="1.178" usertimems="0.000" systemtimems="4.000" timestamp="2019-08-03T02:17:38.032" activeThreads="8">
  <mem-info id="1086" free="3743760" total="10878976" percent="34">
    <mem type="nursery" free="2415960" total="4325376" percent="55">
      <mem type="allocate" free="2415960" total="3276800" percent="73" />
      <mem type="survivor" free="0" total="1048576" percent="0" />
    </mem>
    <mem type="tenure" free="1327800" total="6553600" percent="20">
      <mem type="soa" free="1000120" total="6225920" percent="16" />
      <mem type="loa" free="327680" total="327680" percent="100" />
    </mem>
    <remembered-set count="251" />
  </mem-info>
</gc-end>
<cycle-end id="1087" type="scavenge" contextid="1081" timestamp="2019-08-03T02:17:38.032" />
  <attribute name="elasticGC enabled" value="1" />
  <attribute name= "numThreadsSpecified" value="1" />
  <attribute name="heapSize specified" value="10878976" />
  <attribute name= "numCores" value="8" />
  <attribute name ="GC Interval" value="3000" />
  <attribute name ="Control flow" value="1" />
  <attribute name="GC Util Range Max" value="16" />
  <attribute name="Current GC Util" value="6" />
  <attribute name= "Current Time Running" value="2121" />
<allocation-satisfied id="1088" threadId="000000000284AB00" bytesRequested="32776" />
<af-end id="1089" timestamp="2019-08-03T02:17:38.032" threadId="000000000284B488" success="true" from="nursery"/>
<exclusive-end id="1090" timestamp="2019-08-03T02:17:38.032" durationms="1.711" />

<concurrent-kickoff id="1091" timestamp="2019-08-03T02:17:38.057">
  <kickoff reason="threshold reached" targetBytes="1932695" thresholdFreeBytes="254940"  remainingFree="220440" tenureFreeBytes="1327800" nurseryFreeBytes="220440" />
</concurrent-kickoff>
<exclusive-start id="1092" timestamp="2019-08-03T02:17:38.058" intervalms="27.165">
  <response-info timems="0.096" idlems="0.096" threads="0" lastid="0000000002859B00" lastname="Thread-7" />
</exclusive-start>
<cycle-start id="1093" type="global" contextid="0" timestamp="2019-08-03T02:17:38.058" intervalms="114.114" />
<exclusive-end id="1094" timestamp="2019-08-03T02:17:38.058" durationms="0.100" />

<exclusive-start id="1095" timestamp="2019-08-03T02:17:38.060" intervalms="1.842">
  <response-info timems="0.070" idlems="0.070" threads="0" lastid="000000000285D700" lastname="Thread-8" />
</exclusive-start>
<af-start id="1096" threadId="000000000285E088" totalBytesRequested="8200" timestamp="2019-08-03T02:17:38.060" intervalms="29.010" type="nursery" />
<cycle-start id="1097" type="scavenge" contextid="0" timestamp="2019-08-03T02:17:38.060" intervalms="29.003" />
<gc-start id="1098" type="scavenge" contextid="1097" timestamp="2019-08-03T02:17:38.060">
  <mem-info id="1099" free="1327800" total="10878976" percent="12">
    <mem type="nursery" free="0" total="4325376" percent="0">
      <mem type="allocate" free="0" total="3276800" percent="0" />
      <mem type="survivor" free="0" total="1048576" percent="0" />
    </mem>
    <mem type="tenure" free="1327800" total="6553600" percent="20">
      <mem type="soa" free="1000120" total="6225920" percent="16" />
      <mem type="loa" free="327680" total="327680" percent="100" />
    </mem>
    <remembered-set count="478" />
  </mem-info>
</gc-start>
<allocation-stats totalBytes="2292624" >
  <allocated-bytes non-tlh="229440" tlh="2063184" />
  <largest-consumer threadName="Thread-3" threadId="000000000284AB00" bytes="540496" />
</allocation-stats>
<gc-op id="1100" type="scavenge" timems="0.980" contextid="1097" timestamp="2019-08-03T02:17:38.061">
  <scavenger-info tenureage="1" tenuremask="7ffe" tiltratio="75" />
  <memory-copied type="nursery" objects="2308" bytes="987904" bytesdiscarded="4128" />
  <memory-copied type="tenure" objects="1285" bytes="452472" bytesdiscarded="2704" />
  <references type="weak" candidates="1" cleared="0" enqueued="0" />
  <references type="phantom" candidates="3" cleared="0" enqueued="0" />
</gc-op>
<gc-end id="1101" type="scavenge" contextid="1097" durationms="1.200" usertimems="0.000" systemtimems="0.000" timestamp="2019-08-03T02:17:38.061" activeThreads="1">
  <mem-info id="1102" free="2860392" total="10878976" percent="26">
    <mem type="nursery" free="2022544" total="4325376" percent="46">
      <mem type="allocate" free="2022544" total="3014656" percent="67" />
      <mem type="survivor" free="0" total="1310720" percent="0" />
    </mem>
    <mem type="tenure" free="837848" total="6553600" percent="12">
      <mem type="soa" free="510168" total="6225920" percent="8" />
      <mem type="loa" free="327680" total="327680" percent="100" />
    </mem>
    <remembered-set count="252" />
  </mem-info>
</gc-end>
<cycle-end id="1103" type="scavenge" contextid="1097" timestamp="2019-08-03T02:17:38.061" />
  <attribute name="elasticGC enabled" value="1" />
  <attribute name= "numThreadsSpecified" value="1" />
  <attribute name="heapSize specified" value="10878976" />
  <attribute name= "numCores" value="8" />
  <attribute name ="GC Interval" value="3000" />
  <attribute name ="Control flow" value="3" />
  <attribute name="GC Util Range Max" value="16" />
  <attribute name="Current GC Util" value="9" />
  <attribute name= "Current Time Running" value="2150" />
<allocation-satisfied id="1104" threadId="000000000285D700" bytesRequested="8200" />
<af-end id="1105" timestamp="2019-08-03T02:17:38.061" threadId="000000000285E088" success="true" from="nursery"/>
<exclusive-end id="1106" timestamp="2019-08-03T02:17:38.062" durationms="1.866" />

<exclusive-start id="1107" timestamp="2019-08-03T02:17:38.063" intervalms="3.825">
  <response-info timems="0.179" idlems="0.096" threads="1" lastid="0000000002859B00" lastname="Thread-7" />
</exclusive-start>
<concurrent-collection-start id="1108" timestamp="2019-08-03T02:17:38.064" intervalms="115.974" >
  <concurrent-trace-info reason="card cleaning threshold reached" tracedByMutators="1143800" tracedByHelpers="791160" cardsCleaned="167" workStackOverflowCount="0" />
</concurrent-collection-start>
<gc-start id="1109" type="global" contextid="1093" timestamp="2019-08-03T02:17:38.064">
  <mem-info id="1110" free="2536792" total="10878976" percent="23">
    <mem type="nursery" free="1698944" total="4325376" percent="39">
      <mem type="allocate" free="1698944" total="3014656" percent="56" />
      <mem type="survivor" free="0" total="1310720" percent="0" />
    </mem>
    <mem type="tenure" free="837848" total="6553600" percent="12">
      <mem type="soa" free="510168" total="6225920" percent="8" />
      <mem type="loa" free="327680" total="327680" percent="100" />
    </mem>
    <remembered-set count="277" />
  </mem-info>
</gc-start>
<allocation-stats totalBytes="322688" >
  <allocated-bytes non-tlh="40976" tlh="281712" />
  <largest-consumer threadName="Thread-8" threadId="000000000285D700" bytes="85120" />
</allocation-stats>
<gc-op id="1111" type="rs-scan" timems="0.170" contextid="1093" timestamp="2019-08-03T02:17:38.064">
  <scan objectsFound="179" bytesTraced="144568" workStackOverflowCount="0" />
</gc-op>
<gc-op id="1112" type="card-cleaning" timems="0.187" contextid="1093" timestamp="2019-08-03T02:17:38.064">
  <card-cleaning cardsCleaned="23" bytesTraced="493604" workStackOverflowCount="0" />
</gc-op>
<gc-op id="1113" type="mark" timems="0.806" contextid="1093" timestamp="2019-08-03T02:17:38.065">
  <trace-info objectcount="249" scancount="216" scanbytes="38768" />
  <finalization candidates="25" enqueued="0" />
  <references type="soft" candidates="168" cleared="0" enqueued="0" dynamicThreshold="13" maxThreshold="32" />
  <references type="weak" candidates="253" cleared="0" enqueued="0" />
  <references type="phantom" candidates="78" cleared="0" enqueued="0" />
  <stringconstants candidates="3963" cleared="0"  />
</gc-op>
<gc-op id="1114" type="sweep" timems="0.224" contextid="1093" timestamp="2019-08-03T02:17:38.065" />
<gc-end id="1115" type="global" contextid="1093" durationms="2.140" usertimems="8.000" systemtimems="0.000" timestamp="2019-08-03T02:17:38.066" activeThreads="8">
  <mem-info id="1116" free="5039784" total="10878976" percent="46">
    <mem type="nursery" free="2035528" total="4325376" percent="47">
      <mem type="allocate" free="2035528" total="3014656" percent="67" />
      <mem type="survivor" free="0" total="1310720" percent="0" />
    </mem>
    <mem type="tenure" free="3004256" total="6553600" percent="45" micro-fragmented="0" macro-fragmented="0">
      <mem type="soa" free="2676576" total="6225920" percent="42" />
      <mem type="loa" free="327680" total="327680" percent="100" />
    </mem>
    <remembered-set count="231" />
  </mem-info>
</gc-end>
<cycle-end id="1117" type="global" contextid="1093" timestamp="2019-08-03T02:17:38.066" />
  <attribute name="elasticGC enabled" value="1" />
  <attribute name= "numThreadsSpecified" value="1" />
  <attribute name="heapSize specified" value="10878976" />
  <attribute name= "numCores" value="8" />
  <attribute name ="GC Interval" value="3000" />
  <attribute name ="Control flow" value="3" />
  <attribute name="GC Util Range Max" value="16" />
  <attribute name="Current GC Util" value="54" />
  <attribute name= "Current Time Running" value="2156" />
<concurrent-collection-end id="1118" timestamp="2019-08-03T02:17:38.066" />
<exclusive-end id="1119" timestamp="2019-08-03T02:17:38.066" durationms="2.442" />

<exclusive-start id="1120" timestamp="2019-08-03T02:17:38.091" intervalms="27.729">
  <response-info timems="0.039" idlems="0.039" threads="0" lastid="0000000002855F00" lastname="Thread-6" />
</exclusive-start>
<af-start id="1121" threadId="0000000002856888" totalBytesRequested="16392" timestamp="2019-08-03T02:17:38.091" intervalms="31.681" type="nursery" />
<cycle-start id="1122" type="scavenge" contextid="0" timestamp="2019-08-03T02:17:38.091" intervalms="31.679" />
<gc-start id="1123" type="scavenge" contextid="1122" timestamp="2019-08-03T02:17:38.092">
  <mem-info id="1124" free="3004256" total="10878976" percent="27">
    <mem type="nursery" free="0" total="4325376" percent="0">
      <mem type="allocate" free="0" total="3014656" percent="0" />
      <mem type="survivor" free="0" total="1310720" percent="0" />
    </mem>
    <mem type="tenure" free="3004256" total="6553600" percent="45">
      <mem type="soa" free="2676576" total="6225920" percent="42" />
      <mem type="loa" free="327680" total="327680" percent="100" />
    </mem>
    <remembered-set count="389" />
  </mem-info>
</gc-start>
<allocation-stats totalBytes="1983144" >
  <allocated-bytes non-tlh="229448" tlh="1753696" />
  <largest-consumer threadName="Thread-5" threadId="0000000002852300" bytes="579432" />
</allocation-stats>
<gc-op id="1125" type="scavenge" timems="2.163" contextid="1122" timestamp="2019-08-03T02:17:38.094">
  <scavenger-info tenureage="1" tenuremask="7ffe" tiltratio="69" />
  <memory-copied type="nursery" objects="2027" bytes="811040" bytesdiscarded="216392" />
  <memory-copied type="tenure" objects="1211" bytes="503920" bytesdiscarded="5176" />
  <references type="phantom" candidates="1" cleared="0" enqueued="0" />
</gc-op>
<gc-end id="1126" type="scavenge" contextid="1122" durationms="2.369" usertimems="4.000" systemtimems="0.000" timestamp="2019-08-03T02:17:38.094" activeThreads="8">
  <mem-info id="1127" free="4422952" total="10878976" percent="40">
    <mem type="nursery" free="1987160" total="4325376" percent="45">
      <mem type="allocate" free="1987160" total="3014656" percent="65" />
      <mem type="survivor" free="0" total="1310720" percent="0" />
    </mem>
    <mem type="tenure" free="2435792" total="6553600" percent="37">
      <mem type="soa" free="2108112" total="6225920" percent="33" />
      <mem type="loa" free="327680" total="327680" percent="100" />
    </mem>
    <remembered-set count="238" />
  </mem-info>
</gc-end>
<cycle-end id="1128" type="scavenge" contextid="1122" timestamp="2019-08-03T02:17:38.094" />
  <attribute name="elasticGC enabled" value="1" />
  <attribute name= "numThreadsSpecified" value="1" />
  <attribute name="heapSize specified" value="10878976" />
  <attribute name= "numCores" value="8" />
  <attribute name ="GC Interval" value="3000" />
  <attribute name ="Control flow" value="2" />
  <attribute name="GC Util Range Max" value="16" />
  <attribute name="Current GC Util" value="10" />
  <attribute name= "Current Time Running" value="2182" />
<allocation-satisfied id="1129" threadId="0000000002855F00" bytesRequested="16392" />
<af-end id="1130" timestamp="2019-08-03T02:17:38.094" threadId="0000000002856888" success="true" from="nursery"/>
<exclusive-end id="1131" timestamp="2019-08-03T02:17:38.094" durationms="3.017" />

<exclusive-start id="1132" timestamp="2019-08-03T02:17:38.127" intervalms="35.835">
  <response-info timems="0.073" idlems="0.038" threads="1" lastid="000000000284E700" lastname="Thread-4" />
</exclusive-start>
<af-start id="1133" threadId="000000000285E088" totalBytesRequested="32776" timestamp="2019-08-03T02:17:38.127" intervalms="35.766" type="nursery" />
<cycle-start id="1134" type="scavenge" contextid="0" timestamp="2019-08-03T02:17:38.127" intervalms="35.768" />
<gc-start id="1135" type="scavenge" contextid="1134" timestamp="2019-08-03T02:17:38.127">
  <mem-info id="1136" free="2435792" total="10878976" percent="22">
    <mem type="nursery" free="0" total="4325376" percent="0">
      <mem type="allocate" free="0" total="3014656" percent="0" />
      <mem type="survivor" free="0" total="1310720" percent="0" />
    </mem>
    <mem type="tenure" free="2435792" total="6553600" percent="37">
      <mem type="soa" free="2108112" total="6225920" percent="33" />
      <mem type="loa" free="327680" total="327680" percent="100" />
    </mem>
    <remembered-set count="423" />
  </mem-info>
</gc-start>
<allocation-stats totalBytes="1940368" >
  <allocated-bytes non-tlh="131112" tlh="1809256" />
  <largest-consumer threadName="Thread-7" threadId="0000000002859B00" bytes="502736" />
</allocation-stats>
<gc-op id="1137" type="scavenge" timems="0.480" contextid="1134" timestamp="2019-08-03T02:17:38.128">
  <scavenger-info tenureage="1" tenuremask="7ffe" tiltratio="69" />
  <memory-copied type="nursery" objects="1669" bytes="567784" bytesdiscarded="180528" />
  <memory-copied type="tenure" objects="1875" bytes="803416" bytesdiscarded="5488" />
</gc-op>
<gc-end id="1138" type="scavenge" contextid="1134" durationms="0.684" usertimems="0.000" systemtimems="0.000" timestamp="2019-08-03T02:17:38.128" activeThreads="8">
  <mem-info id="1139" free="3929488" total="10878976" percent="36">
    <mem type="nursery" free="2331824" total="4325376" percent="53">
      <mem type="allocate" free="2331824" total="3080192" percent="75" />
      <mem type="survivor" free="0" total="1245184" percent="0" />
    </mem>
    <mem type="tenure" free="1597664" total="6553600" percent="24">
      <mem type="soa" free="1269984" total="6225920" percent="20" />
      <mem type="loa" free="327680" total="327680" percent="100" />
    </mem>
    <remembered-set count="257" />
  </mem-info>
</gc-end>
<cycle-end id="1140" type="scavenge" contextid="1134" timestamp="2019-08-03T02:17:38.128" />
  <attribute name="elasticGC enabled" value="1" />
  <attribute name= "numThreadsSpecified" value="1" />
  <attribute name="heapSize specified" value="10878976" />
  <attribute name= "numCores" value="8" />
  <attribute name ="GC Interval" value="3000" />
  <attribute name ="Control flow" value="2" />
  <attribute name="GC Util Range Max" value="16" />
  <attribute name="Current GC Util" value="12" />
  <attribute name= "Current Time Running" value="2218" />
<allocation-satisfied id="1141" threadId="000000000285D700" bytesRequested="32776" />
<af-end id="1142" timestamp="2019-08-03T02:17:38.128" threadId="000000000285E088" success="true" from="nursery"/>
<exclusive-end id="1143" timestamp="2019-08-03T02:17:38.128" durationms="1.212" />

<exclusive-start id="1144" timestamp="2019-08-03T02:17:38.150" intervalms="23.279">
  <response-info timems="0.048" idlems="0.048" threads="0" lastid="000000000284AB00" lastname="Thread-3" />
</exclusive-start>
<af-start id="1145" threadId="000000000284B488" totalBytesRequested="8200" timestamp="2019-08-03T02:17:38.150" intervalms="23.260" type="nursery" />
<cycle-start id="1146" type="scavenge" contextid="0" timestamp="2019-08-03T02:17:38.151" intervalms="23.260" />
<gc-start id="1147" type="scavenge" contextid="1146" timestamp="2019-08-03T02:17:38.151">
  <mem-info id="1148" free="1597664" total="10878976" percent="14">
    <mem type="nursery" free="0" total="4325376" percent="0">
      <mem type="allocate" free="0" total="3080192" percent="0" />
      <mem type="survivor" free="0" total="1245184" percent="0" />
    </mem>
    <mem type="tenure" free="1597664" total="6553600" percent="24">
      <mem type="soa" free="1269984" total="6225920" percent="20" />
      <mem type="loa" free="327680" total="327680" percent="100" />
    </mem>
    <remembered-set count="470" />
  </mem-info>
</gc-start>
<allocation-stats totalBytes="2191768" >
  <allocated-bytes non-tlh="229432" tlh="1962336" />
  <largest-consumer threadName="Thread-8" threadId="000000000285D700" bytes="667712" />
</allocation-stats>
<gc-op id="1149" type="scavenge" timems="1.114" contextid="1146" timestamp="2019-08-03T02:17:38.152">
  <scavenger-info tenureage="1" tenuremask="7ffe" tiltratio="71" />
  <memory-copied type="nursery" objects="1655" bytes="875896" bytesdiscarded="134352" />
  <memory-copied type="tenure" objects="1570" bytes="562480" bytesdiscarded="2064" />
  <references type="phantom" candidates="1" cleared="0" enqueued="0" />
</gc-op>
<gc-end id="1150" type="scavenge" contextid="1146" durationms="1.326" usertimems="0.000" systemtimems="0.000" timestamp="2019-08-03T02:17:38.152" activeThreads="8">
  <mem-info id="1151" free="2828136" total="10878976" percent="25">
    <mem type="nursery" free="2004320" total="4325376" percent="46">
      <mem type="allocate" free="2004320" total="3014656" percent="66" />
      <mem type="survivor" free="0" total="1310720" percent="0" />
    </mem>
    <mem type="tenure" free="823816" total="6553600" percent="12">
      <mem type="soa" free="496136" total="6225920" percent="7" />
      <mem type="loa" free="327680" total="327680" percent="100" />
    </mem>
    <remembered-set count="251" />
  </mem-info>
</gc-end>
<cycle-end id="1152" type="scavenge" contextid="1146" timestamp="2019-08-03T02:17:38.152" />
  <attribute name="elasticGC enabled" value="1" />
  <attribute name= "numThreadsSpecified" value="1" />
  <attribute name="heapSize specified" value="10878976" />
  <attribute name= "numCores" value="8" />
  <attribute name ="GC Interval" value="3000" />
  <attribute name ="Control flow" value="1" />
  <attribute name="GC Util Range Max" value="16" />
  <attribute name="Current GC Util" value="7" />
  <attribute name= "Current Time Running" value="2241" />
<allocation-satisfied id="1153" threadId="000000000284AB00" bytesRequested="8200" />
<af-end id="1154" timestamp="2019-08-03T02:17:38.152" threadId="000000000284B488" success="true" from="nursery"/>
<exclusive-end id="1155" timestamp="2019-08-03T02:17:38.152" durationms="1.877" />

<concurrent-kickoff id="1156" timestamp="2019-08-03T02:17:38.162">
  <kickoff reason="threshold reached" targetBytes="1947144" thresholdFreeBytes="256051"  remainingFree="234848" tenureFreeBytes="823816" nurseryFreeBytes="234848" />
</concurrent-kickoff>
<exclusive-start id="1157" timestamp="2019-08-03T02:17:38.163" intervalms="12.503">
  <response-info timems="0.041" idlems="0.041" threads="0" lastid="0000000002855F00" lastname="Thread-6" />
</exclusive-start>
<cycle-start id="1158" type="global" contextid="0" timestamp="2019-08-03T02:17:38.163" intervalms="105.086" />
<exclusive-end id="1159" timestamp="2019-08-03T02:17:38.163" durationms="0.172" />

<exclusive-start id="1160" timestamp="2019-08-03T02:17:38.166" intervalms="3.307">
  <response-info timems="0.045" idlems="0.045" threads="0" lastid="0000000002861300" lastname="Thread-9" />
</exclusive-start>
<af-start id="1161" threadId="0000000002861C88" totalBytesRequested="2008" timestamp="2019-08-03T02:17:38.166" intervalms="15.841" type="nursery" />
<cycle-start id="1162" type="scavenge" contextid="0" timestamp="2019-08-03T02:17:38.166" intervalms="15.839" />
<gc-start id="1163" type="scavenge" contextid="1162" timestamp="2019-08-03T02:17:38.166">
  <mem-info id="1164" free="823816" total="10878976" percent="7">
    <mem type="nursery" free="0" total="4325376" percent="0">
      <mem type="allocate" free="0" total="3014656" percent="0" />
      <mem type="survivor" free="0" total="1310720" percent="0" />
    </mem>
    <mem type="tenure" free="823816" total="6553600" percent="12">
      <mem type="soa" free="496136" total="6225920" percent="7" />
      <mem type="loa" free="327680" total="327680" percent="100" />
    </mem>
    <remembered-set count="425" />
  </mem-info>
</gc-start>
<allocation-stats totalBytes="1873568" >
  <allocated-bytes non-tlh="204864" tlh="1668704" />
  <largest-consumer threadName="Thread-9" threadId="0000000002861300" bytes="514392" />
</allocation-stats>
<gc-op id="1165" type="scavenge" timems="1.190" contextid="1162" timestamp="2019-08-03T02:17:38.168">
  <scavenger-info tenureage="1" tenuremask="7ffe" tiltratio="69" />
  <memory-copied type="nursery" objects="2622" bytes="1007216" bytesdiscarded="5376" />
  <memory-copied type="tenure" objects="1513" bytes="735880" bytesdiscarded="1376" />
  <references type="phantom" candidates="2" cleared="0" enqueued="0" />
  <heap-resize type="expand" space="tenure" amount="262144" count="4" timems="0.029" reason="continue current collection" />
</gc-op>
<heap-resize id="1166" type="expand" space="nursery" amount="262144" count="1" timems="0.021" reason="excessive time being spent scavenging" timestamp="2019-08-03T02:17:38.168" />
<gc-end id="1167" type="scavenge" contextid="1162" durationms="1.470" usertimems="0.000" systemtimems="4.000" timestamp="2019-08-03T02:17:38.168" activeThreads="1">
  <mem-info id="1168" free="2473024" total="11403264" percent="21">
    <mem type="nursery" free="2133056" total="4587520" percent="46">
      <mem type="allocate" free="2133056" total="3145728" percent="67" />
      <mem type="survivor" free="0" total="1441792" percent="0" />
    </mem>
    <mem type="tenure" free="339968" total="6815744" percent="4">
      <mem type="soa" free="0" total="6475776" percent="0" />
      <mem type="loa" free="339968" total="339968" percent="100" />
    </mem>
    <remembered-set count="244" />
  </mem-info>
</gc-end>
<cycle-end id="1169" type="scavenge" contextid="1162" timestamp="2019-08-03T02:17:38.168" />
  <attribute name="elasticGC enabled" value="1" />
  <attribute name= "numThreadsSpecified" value="1" />
  <attribute name="heapSize specified" value="10878976" />
  <attribute name= "numCores" value="8" />
  <attribute name ="GC Interval" value="3000" />
  <attribute name ="Control flow" value="2" />
  <attribute name="GC Util Range Max" value="16" />
  <attribute name="Current GC Util" value="15" />
  <attribute name= "Current Time Running" value="2257" />
<allocation-satisfied id="1170" threadId="0000000002861300" bytesRequested="2008" />
<af-end id="1171" timestamp="2019-08-03T02:17:38.169" threadId="0000000002861C88" success="true" from="nursery"/>
<exclusive-end id="1172" timestamp="2019-08-03T02:17:38.169" durationms="2.802" />

<exclusive-start id="1173" timestamp="2019-08-03T02:17:38.199" intervalms="33.229">
  <response-info timems="0.266" idlems="0.139" threads="1" lastid="0000000002516600" lastname="JIT Compilation Thread-0" />
</exclusive-start>
<af-start id="1174" threadId="0000000002865888" totalBytesRequested="48" timestamp="2019-08-03T02:17:38.199" intervalms="33.157" type="nursery" />
<percolate-collect id="1175" from="nursery" to="global" reason="concurrent mark exhausted" timestamp="2019-08-03T02:17:38.200"/>
<gc-start id="1176" type="global" contextid="1158" timestamp="2019-08-03T02:17:38.200">
  <mem-info id="1177" free="339968" total="11403264" percent="2">
    <mem type="nursery" free="0" total="4587520" percent="0">
      <mem type="allocate" free="0" total="3145728" percent="0" />
      <mem type="survivor" free="0" total="1441792" percent="0" />
    </mem>
    <mem type="tenure" free="339968" total="6815744" percent="4">
      <mem type="soa" free="0" total="6475776" percent="0" />
      <mem type="loa" free="339968" total="339968" percent="100" />
    </mem>
    <remembered-set count="385" />
  </mem-info>
</gc-start>
<allocation-stats totalBytes="2086264" >
  <allocated-bytes non-tlh="100336" tlh="1985928" />
  <largest-consumer threadName="Thread-9" threadId="0000000002861300" bytes="493136" />
</allocation-stats>
<concurrent-halted id="1178" timestamp="2019-08-03T02:17:38.200">
  <halted state="Complete" status="exhausted" />
  <traced bytesTarget="1959108" bytesTotal="1799876" bytesByMutator="749684" bytesByHelper="1050192" percent="91" />
  <cards cleaned="199" thresholdBytes="100868" />
</concurrent-halted>
<gc-op id="1179" type="rs-scan" timems="0.202" contextid="1158" timestamp="2019-08-03T02:17:38.200">
  <scan objectsFound="147" bytesTraced="12532" workStackOverflowCount="0" />
</gc-op>
<gc-op id="1180" type="card-cleaning" timems="0.216" contextid="1158" timestamp="2019-08-03T02:17:38.200">
  <card-cleaning cardsCleaned="104" bytesTraced="720564" workStackOverflowCount="0" />
</gc-op>
<gc-op id="1181" type="mark" timems="0.539" contextid="1158" timestamp="2019-08-03T02:17:38.201">
  <trace-info objectcount="769" scancount="684" scanbytes="109156" />
  <finalization candidates="25" enqueued="0" />
  <references type="soft" candidates="168" cleared="0" enqueued="0" dynamicThreshold="14" maxThreshold="32" />
  <references type="weak" candidates="253" cleared="0" enqueued="0" />
  <references type="phantom" candidates="77" cleared="0" enqueued="0" />
  <stringconstants candidates="3963" cleared="0"  />
</gc-op>
<gc-op id="1182" type="sweep" timems="0.199" contextid="1158" timestamp="2019-08-03T02:17:38.201" />
<mem-info id="1183" free="5431656" total="11403264" percent="47">
  <mem type="nursery" free="1812448" total="4587520" percent="39">
    <mem type="allocate" free="1812448" total="3145728" percent="57" />
    <mem type="survivor" free="0" total="1441792" percent="0" />
  </mem>
  <mem type="tenure" free="3619208" total="6815744" percent="53" micro-fragmented="0" macro-fragmented="0">
    <mem type="soa" free="3279240" total="6475776" percent="50" />
    <mem type="loa" free="339968" total="339968" percent="100" />
  </mem>
  <remembered-set count="318" />
</mem-info>
<gc-op id="1184" type="compact" timems="4.130" contextid="1158" timestamp="2019-08-03T02:17:38.205">
  <compact-info movecount="13842" movebytes="2499280" reason="no compaction" />
</gc-op>
<gc-end id="1185" type="global" contextid="1158" durationms="6.016" usertimems="8.000" systemtimems="4.000" timestamp="2019-08-03T02:17:38.206" activeThreads="1">
  <mem-info id="1186" free="5472576" total="11403264" percent="47">
    <mem type="nursery" free="1839976" total="4587520" percent="40">
      <mem type="allocate" free="1839976" total="3145728" percent="58" />
      <mem type="survivor" free="0" total="1441792" percent="0" />
    </mem>
    <mem type="tenure" free="3632600" total="6815744" percent="53">
      <mem type="soa" free="3292632" total="6475776" percent="50" />
      <mem type="loa" free="339968" total="339968" percent="100" />
    </mem>
    <remembered-set count="318" />
  </mem-info>
</gc-end>
<cycle-end id="1187" type="global" contextid="1158" timestamp="2019-08-03T02:17:38.206" />
  <attribute name="elasticGC enabled" value="1" />
  <attribute name= "numThreadsSpecified" value="1" />
  <attribute name="heapSize specified" value="11403264" />
  <attribute name= "numCores" value="8" />
  <attribute name ="GC Interval" value="3000" />
  <attribute name ="Control flow" value="2" />
  <attribute name="GC Util Range Max" value="16" />
  <attribute name="Current GC Util" value="63" />
  <attribute name= "Current Time Running" value="2296" />
<allocation-satisfied id="1188" threadId="0000000002864F00" bytesRequested="48" />
<af-end id="1189" timestamp="2019-08-03T02:17:38.206" threadId="0000000002865888" success="true" from="nursery"/>
<exclusive-end id="1190" timestamp="2019-08-03T02:17:38.206" durationms="7.141" />

<exclusive-start id="1191" timestamp="2019-08-03T02:17:38.230" intervalms="30.870">
  <response-info timems="0.050" idlems="0.050" threads="0" lastid="0000000002855F00" lastname="Thread-6" />
</exclusive-start>
<af-start id="1192" threadId="0000000002856888" totalBytesRequested="48" timestamp="2019-08-03T02:17:38.230" intervalms="30.927" type="nursery" />
<cycle-start id="1193" type="scavenge" contextid="0" timestamp="2019-08-03T02:17:38.230" intervalms="64.081" />
<gc-start id="1194" type="scavenge" contextid="1193" timestamp="2019-08-03T02:17:38.231">
  <mem-info id="1195" free="3632600" total="11403264" percent="31">
    <mem type="nursery" free="0" total="4587520" percent="0">
      <mem type="allocate" free="0" total="3145728" percent="0" />
      <mem type="survivor" free="0" total="1441792" percent="0" />
    </mem>
    <mem type="tenure" free="3632600" total="6815744" percent="53">
      <mem type="soa" free="3292632" total="6475776" percent="50" />
      <mem type="loa" free="339968" total="339968" percent="100" />
    </mem>
    <remembered-set count="405" />
  </mem-info>
</gc-start>
<allocation-stats totalBytes="1799240" >
  <allocated-bytes non-tlh="147544" tlh="1651696" />
  <largest-consumer threadName="Thread-4" threadId="000000000284E700" bytes="458432" />
</allocation-stats>
<gc-op id="1196" type="scavenge" timems="1.484" contextid="1193" timestamp="2019-08-03T02:17:38.232">
  <scavenger-info tenureage="1" tenuremask="7ffe" tiltratio="68" />
  <memory-copied type="nursery" objects="3301" bytes="1309960" bytesdiscarded="131608" />
  <memory-copied type="tenure" objects="1143" bytes="436880" bytesdiscarded="272" />
  <copy-failed type="nursery" objects="146" bytes="19312" />
  <references type="phantom" candidates="1" cleared="0" enqueued="0" />
</gc-op>
<gc-end id="1197" type="scavenge" contextid="1193" durationms="1.681" usertimems="0.000" systemtimems="0.000" timestamp="2019-08-03T02:17:38.232" activeThreads="8">
  <mem-info id="1198" free="4348808" total="11403264" percent="38">
    <mem type="nursery" free="1245184" total="4587520" percent="27">
      <mem type="allocate" free="1245184" total="2686976" percent="46" />
      <mem type="survivor" free="0" total="1900544" percent="0" />
    </mem>
    <mem type="tenure" free="3103624" total="6815744" percent="45">
      <mem type="soa" free="2763656" total="6475776" percent="42" />
      <mem type="loa" free="339968" total="339968" percent="100" />
    </mem>
    <remembered-set count="249" />
  </mem-info>
</gc-end>
<cycle-end id="1199" type="scavenge" contextid="1193" timestamp="2019-08-03T02:17:38.232" />
  <attribute name="elasticGC enabled" value="1" />
  <attribute name= "numThreadsSpecified" value="1" />
  <attribute name="heapSize specified" value="11403264" />
  <attribute name= "numCores" value="8" />
  <attribute name ="GC Interval" value="3100" />
  <attribute name ="Control flow" value="3" />
  <attribute name="GC Util Range Max" value="16" />
  <attribute name="Current GC Util" value="41" />
  <attribute name= "Current Time Running" value="2321" />
<allocation-satisfied id="1200" threadId="0000000002855F00" bytesRequested="48" />
<af-end id="1201" timestamp="2019-08-03T02:17:38.232" threadId="0000000002856888" success="true" from="nursery"/>
<exclusive-end id="1202" timestamp="2019-08-03T02:17:38.232" durationms="2.194" />

<exclusive-start id="1203" timestamp="2019-08-03T02:17:38.249" intervalms="18.489">
  <response-info timems="0.069" idlems="0.039" threads="1" lastid="0000000002859B00" lastname="Thread-7" />
</exclusive-start>
<af-start id="1204" threadId="0000000002865888" totalBytesRequested="48" timestamp="2019-08-03T02:17:38.249" intervalms="18.426" type="nursery" />
<cycle-start id="1205" type="scavenge" contextid="0" timestamp="2019-08-03T02:17:38.249" intervalms="18.426" />
<gc-start id="1206" type="scavenge" contextid="1205" timestamp="2019-08-03T02:17:38.249">
  <mem-info id="1207" free="3103624" total="11403264" percent="27">
    <mem type="nursery" free="0" total="4587520" percent="0">
      <mem type="allocate" free="0" total="2686976" percent="0" />
      <mem type="survivor" free="0" total="1900544" percent="0" />
    </mem>
    <mem type="tenure" free="3103624" total="6815744" percent="45">
      <mem type="soa" free="2763656" total="6475776" percent="42" />
      <mem type="loa" free="339968" total="339968" percent="100" />
    </mem>
    <remembered-set count="390" />
  </mem-info>
</gc-start>
<allocation-stats totalBytes="1184384" >
  <allocated-bytes non-tlh="114768" tlh="1069616" />
  <largest-consumer threadName="Thread-8" threadId="000000000285D700" bytes="411216" />
</allocation-stats>
<gc-op id="1208" type="scavenge" timems="0.470" contextid="1205" timestamp="2019-08-03T02:17:38.250">
  <scavenger-info tenureage="1" tenuremask="7ffe" tiltratio="58" />
  <memory-copied type="nursery" objects="1474" bytes="484200" bytesdiscarded="361656" />
  <memory-copied type="tenure" objects="2096" bytes="877368" bytesdiscarded="2136" />
</gc-op>
<gc-end id="1209" type="scavenge" contextid="1205" durationms="0.672" usertimems="0.000" systemtimems="4.000" timestamp="2019-08-03T02:17:38.250" activeThreads="8">
  <mem-info id="1210" free="3958144" total="11403264" percent="34">
    <mem type="nursery" free="1906624" total="4587520" percent="41">
      <mem type="allocate" free="1906624" total="2752512" percent="69" />
      <mem type="survivor" free="0" total="1835008" percent="0" />
    </mem>
    <mem type="tenure" free="2051520" total="6815744" percent="30">
      <mem type="soa" free="1711552" total="6475776" percent="26" />
      <mem type="loa" free="339968" total="339968" percent="100" />
    </mem>
    <remembered-set count="257" />
  </mem-info>
</gc-end>
<cycle-end id="1211" type="scavenge" contextid="1205" timestamp="2019-08-03T02:17:38.250" />
  <attribute name="elasticGC enabled" value="1" />
  <attribute name= "numThreadsSpecified" value="1" />
  <attribute name="heapSize specified" value="11403264" />
  <attribute name= "numCores" value="8" />
  <attribute name ="GC Interval" value="3100" />
  <attribute name ="Control flow" value="3" />
  <attribute name="GC Util Range Max" value="16" />
  <attribute name="Current GC Util" value="18" />
  <attribute name= "Current Time Running" value="2339" />
<allocation-satisfied id="1212" threadId="0000000002864F00" bytesRequested="48" />
<af-end id="1213" timestamp="2019-08-03T02:17:38.250" threadId="0000000002865888" success="true" from="nursery"/>
<exclusive-end id="1214" timestamp="2019-08-03T02:17:38.250" durationms="1.122" />

<exclusive-start id="1215" timestamp="2019-08-03T02:17:38.278" intervalms="29.652">
  <response-info timems="0.046" idlems="0.046" threads="0" lastid="000000000284E700" lastname="Thread-4" />
</exclusive-start>
<af-start id="1216" threadId="000000000284F088" totalBytesRequested="8200" timestamp="2019-08-03T02:17:38.279" intervalms="29.737" type="nursery" />
<cycle-start id="1217" type="scavenge" contextid="0" timestamp="2019-08-03T02:17:38.279" intervalms="29.755" />
<gc-start id="1218" type="scavenge" contextid="1217" timestamp="2019-08-03T02:17:38.279">
  <mem-info id="1219" free="2051520" total="11403264" percent="17">
    <mem type="nursery" free="0" total="4587520" percent="0">
      <mem type="allocate" free="0" total="2752512" percent="0" />
      <mem type="survivor" free="0" total="1835008" percent="0" />
    </mem>
    <mem type="tenure" free="2051520" total="6815744" percent="30">
      <mem type="soa" free="1711552" total="6475776" percent="26" />
      <mem type="loa" free="339968" total="339968" percent="100" />
    </mem>
    <remembered-set count="470" />
  </mem-info>
</gc-start>
<allocation-stats totalBytes="1841352" >
  <allocated-bytes non-tlh="163936" tlh="1677416" />
  <largest-consumer threadName="Thread-5" threadId="0000000002852300" bytes="519808" />
</allocation-stats>
<gc-op id="1220" type="scavenge" timems="0.668" contextid="1217" timestamp="2019-08-03T02:17:38.279">
  <scavenger-info tenureage="1" tenuremask="7ffe" tiltratio="60" />
  <memory-copied type="nursery" objects="1884" bytes="723528" bytesdiscarded="206408" />
  <memory-copied type="tenure" objects="780" bytes="263560" bytesdiscarded="120" />
  <references type="weak" candidates="1" cleared="0" enqueued="0" />
  <references type="phantom" candidates="2" cleared="0" enqueued="0" />
</gc-op>
<gc-end id="1221" type="scavenge" contextid="1217" durationms="0.901" usertimems="0.000" systemtimems="4.000" timestamp="2019-08-03T02:17:38.280" activeThreads="8">
  <mem-info id="1222" free="3714496" total="11403264" percent="32">
    <mem type="nursery" free="2019120" total="4587520" percent="44">
      <mem type="allocate" free="2019120" total="2949120" percent="68" />
      <mem type="survivor" free="0" total="1638400" percent="0" />
    </mem>
    <mem type="tenure" free="1695376" total="6815744" percent="24">
      <mem type="soa" free="1355408" total="6475776" percent="20" />
      <mem type="loa" free="339968" total="339968" percent="100" />
    </mem>
    <remembered-set count="264" />
  </mem-info>
</gc-end>
<cycle-end id="1223" type="scavenge" contextid="1217" timestamp="2019-08-03T02:17:38.280" />
  <attribute name="elasticGC enabled" value="1" />
  <attribute name= "numThreadsSpecified" value="1" />
  <attribute name="heapSize specified" value="11403264" />
  <attribute name= "numCores" value="8" />
  <attribute name ="GC Interval" value="3100" />
  <attribute name ="Control flow" value="3" />
  <attribute name="GC Util Range Max" value="16" />
  <attribute name="Current GC Util" value="5" />
  <attribute name= "Current Time Running" value="2369" />
<allocation-satisfied id="1224" threadId="000000000284E700" bytesRequested="8200" />
<af-end id="1225" timestamp="2019-08-03T02:17:38.280" threadId="000000000284F088" success="true" from="nursery"/>
<exclusive-end id="1226" timestamp="2019-08-03T02:17:38.280" durationms="1.496" />

<exclusive-start id="1227" timestamp="2019-08-03T02:17:38.304" intervalms="25.570">
  <response-info timems="0.064" idlems="0.039" threads="1" lastid="000000000284AB00" lastname="Thread-3" />
</exclusive-start>
<af-start id="1228" threadId="0000000002856888" totalBytesRequested="16392" timestamp="2019-08-03T02:17:38.304" intervalms="25.489" type="nursery" />
<cycle-start id="1229" type="scavenge" contextid="0" timestamp="2019-08-03T02:17:38.304" intervalms="25.473" />
<gc-start id="1230" type="scavenge" contextid="1229" timestamp="2019-08-03T02:17:38.304">
  <mem-info id="1231" free="1695376" total="11403264" percent="14">
    <mem type="nursery" free="0" total="4587520" percent="0">
      <mem type="allocate" free="0" total="2949120" percent="0" />
      <mem type="survivor" free="0" total="1638400" percent="0" />
    </mem>
    <mem type="tenure" free="1695376" total="6815744" percent="24">
      <mem type="soa" free="1355408" total="6475776" percent="20" />
      <mem type="loa" free="339968" total="339968" percent="100" />
    </mem>
    <remembered-set count="451" />
  </mem-info>
</gc-start>
<allocation-stats totalBytes="2006216" >
  <allocated-bytes non-tlh="122920" tlh="1883296" />
  <largest-consumer threadName="Thread-10" threadId="0000000002864F00" bytes="908216" />
</allocation-stats>
<gc-op id="1232" type="scavenge" timems="1.355" contextid="1229" timestamp="2019-08-03T02:17:38.306">
  <scavenger-info tenureage="1" tenuremask="7ffe" tiltratio="64" />
  <memory-copied type="nursery" objects="1491" bytes="569008" bytesdiscarded="105088" />
  <memory-copied type="tenure" objects="1319" bytes="524368" bytesdiscarded="496" />
  <references type="weak" candidates="1" cleared="0" enqueued="0" />
  <references type="phantom" candidates="1" cleared="0" enqueued="0" />
</gc-op>
<gc-end id="1233" type="scavenge" contextid="1229" durationms="1.560" usertimems="4.000" systemtimems="0.000" timestamp="2019-08-03T02:17:38.306" activeThreads="8">
  <mem-info id="1234" free="3443920" total="11403264" percent="30">
    <mem type="nursery" free="2406056" total="4587520" percent="52">
      <mem type="allocate" free="2406056" total="3080192" percent="78" />
      <mem type="survivor" free="0" total="1507328" percent="0" />
    </mem>
    <mem type="tenure" free="1037864" total="6815744" percent="15">
      <mem type="soa" free="697896" total="6475776" percent="10" />
      <mem type="loa" free="339968" total="339968" percent="100" />
    </mem>
    <remembered-set count="248" />
  </mem-info>
</gc-end>
<cycle-end id="1235" type="scavenge" contextid="1229" timestamp="2019-08-03T02:17:38.306" />
  <attribute name="elasticGC enabled" value="1" />
  <attribute name= "numThreadsSpecified" value="1" />
  <attribute name="heapSize specified" value="11403264" />
  <attribute name= "numCores" value="8" />
  <attribute name ="GC Interval" value="3100" />
  <attribute name ="Control flow" value="2" />
  <attribute name="GC Util Range Max" value="16" />
  <attribute name="Current GC Util" value="7" />
  <attribute name= "Current Time Running" value="2395" />
<allocation-satisfied id="1236" threadId="0000000002855F00" bytesRequested="16392" />
<af-end id="1237" timestamp="2019-08-03T02:17:38.306" threadId="0000000002856888" success="true" from="nursery"/>
<exclusive-end id="1238" timestamp="2019-08-03T02:17:38.306" durationms="2.018" />

<concurrent-kickoff id="1239" timestamp="2019-08-03T02:17:38.319">
  <kickoff reason="threshold reached" targetBytes="2001953" thresholdFreeBytes="266830"  remainingFree="210488" tenureFreeBytes="1037864" nurseryFreeBytes="210488" />
</concurrent-kickoff>
<exclusive-start id="1240" timestamp="2019-08-03T02:17:38.319" intervalms="15.024">
  <response-info timems="0.050" idlems="0.050" threads="0" lastid="0000000002864F00" lastname="Thread-10" />
</exclusive-start>
<cycle-start id="1241" type="global" contextid="0" timestamp="2019-08-03T02:17:38.319" intervalms="156.070" />
<exclusive-end id="1242" timestamp="2019-08-03T02:17:38.319" durationms="0.115" />

<exclusive-start id="1243" timestamp="2019-08-03T02:17:38.326" intervalms="7.300">
  <response-info timems="0.059" idlems="0.036" threads="1" lastid="0000000002516600" lastname="JIT Compilation Thread-0" />
</exclusive-start>
<af-start id="1244" threadId="000000000285A488" totalBytesRequested="48" timestamp="2019-08-03T02:17:38.326" intervalms="22.305" type="nursery" />
<cycle-start id="1245" type="scavenge" contextid="0" timestamp="2019-08-03T02:17:38.326" intervalms="22.294" />
<gc-start id="1246" type="scavenge" contextid="1245" timestamp="2019-08-03T02:17:38.326">
  <mem-info id="1247" free="1037864" total="11403264" percent="9">
    <mem type="nursery" free="0" total="4587520" percent="0">
      <mem type="allocate" free="0" total="3080192" percent="0" />
      <mem type="survivor" free="0" total="1507328" percent="0" />
    </mem>
    <mem type="tenure" free="1037864" total="6815744" percent="15">
      <mem type="soa" free="697896" total="6475776" percent="10" />
      <mem type="loa" free="339968" total="339968" percent="100" />
    </mem>
    <remembered-set count="449" />
  </mem-info>
</gc-start>
<allocation-stats totalBytes="2368136" >
  <allocated-bytes non-tlh="360560" tlh="2007576" />
  <largest-consumer threadName="Thread-8" threadId="000000000285D700" bytes="593088" />
</allocation-stats>
<gc-op id="1248" type="scavenge" timems="3.233" contextid="1245" timestamp="2019-08-03T02:17:38.330">
  <scavenger-info tenureage="1" tenuremask="7ffe" tiltratio="67" />
  <memory-copied type="nursery" objects="924" bytes="490552" bytesdiscarded="192480" />
  <memory-copied type="tenure" objects="791" bytes="329192" bytesdiscarded="24" />
  <references type="phantom" candidates="1" cleared="0" enqueued="0" />
</gc-op>
<heap-resize id="1249" type="expand" space="nursery" amount="393216" count="1" timems="0.017" reason="excessive time being spent scavenging" timestamp="2019-08-03T02:17:38.330" />
<gc-end id="1250" type="scavenge" contextid="1245" durationms="3.654" usertimems="4.000" systemtimems="0.000" timestamp="2019-08-03T02:17:38.330" activeThreads="8">
  <mem-info id="1251" free="3458232" total="11796480" percent="29">
    <mem type="nursery" free="2855840" total="4980736" percent="57">
      <mem type="allocate" free="2855840" total="3538944" percent="80" />
      <mem type="survivor" free="0" total="1441792" percent="0" />
    </mem>
    <mem type="tenure" free="602392" total="6815744" percent="8">
      <mem type="soa" free="262424" total="6475776" percent="4" />
      <mem type="loa" free="339968" total="339968" percent="100" />
    </mem>
    <remembered-set count="232" />
  </mem-info>
</gc-end>
<cycle-end id="1252" type="scavenge" contextid="1245" timestamp="2019-08-03T02:17:38.330" />
  <attribute name="elasticGC enabled" value="1" />
  <attribute name= "numThreadsSpecified" value="1" />
  <attribute name="heapSize specified" value="11403264" />
  <attribute name= "numCores" value="8" />
  <attribute name ="GC Interval" value="3100" />
  <attribute name ="Control flow" value="3" />
  <attribute name="GC Util Range Max" value="16" />
  <attribute name="Current GC Util" value="12" />
  <attribute name= "Current Time Running" value="2417" />
<allocation-satisfied id="1253" threadId="0000000002859B00" bytesRequested="48" />
<af-end id="1254" timestamp="2019-08-03T02:17:38.331" threadId="000000000285A488" success="true" from="nursery"/>
<exclusive-end id="1255" timestamp="2019-08-03T02:17:38.331" durationms="4.440" />

<exclusive-start id="1256" timestamp="2019-08-03T02:17:38.334" intervalms="7.735">
  <response-info timems="0.049" idlems="0.049" threads="0" lastid="0000000002859B00" lastname="Thread-7" />
</exclusive-start>
<concurrent-collection-start id="1257" timestamp="2019-08-03T02:17:38.334" intervalms="270.509" >
  <concurrent-trace-info reason="card cleaning threshold reached" tracedByMutators="400592" tracedByHelpers="1007436" cardsCleaned="96" workStackOverflowCount="0" />
</concurrent-collection-start>
<gc-start id="1258" type="global" contextid="1241" timestamp="2019-08-03T02:17:38.334">
  <mem-info id="1259" free="3331208" total="11796480" percent="28">
    <mem type="nursery" free="2728816" total="4980736" percent="54">
      <mem type="allocate" free="2728816" total="3538944" percent="77" />
      <mem type="survivor" free="0" total="1441792" percent="0" />
    </mem>
    <mem type="tenure" free="602392" total="6815744" percent="8">
      <mem type="soa" free="262424" total="6475776" percent="4" />
      <mem type="loa" free="339968" total="339968" percent="100" />
    </mem>
    <remembered-set count="263" />
  </mem-info>
</gc-start>
<allocation-stats totalBytes="127016" >
  <allocated-bytes non-tlh="48" tlh="126968" />
  <largest-consumer threadName="Thread-8" threadId="000000000285D700" bytes="49152" />
</allocation-stats>
<gc-op id="1260" type="rs-scan" timems="0.736" contextid="1241" timestamp="2019-08-03T02:17:38.335">
  <scan objectsFound="65" bytesTraced="5736" workStackOverflowCount="0" />
</gc-op>
<gc-op id="1261" type="card-cleaning" timems="0.578" contextid="1241" timestamp="2019-08-03T02:17:38.336">
  <card-cleaning cardsCleaned="74" bytesTraced="316944" workStackOverflowCount="0" />
</gc-op>
<gc-op id="1262" type="mark" timems="1.611" contextid="1241" timestamp="2019-08-03T02:17:38.337">
  <trace-info objectcount="241" scancount="210" scanbytes="5872" />
  <finalization candidates="25" enqueued="0" />
  <references type="soft" candidates="164" cleared="0" enqueued="0" dynamicThreshold="17" maxThreshold="32" />
  <references type="weak" candidates="232" cleared="0" enqueued="0" />
  <references type="phantom" candidates="78" cleared="8" enqueued="8" />
  <stringconstants candidates="3963" cleared="0"  />
</gc-op>
<gc-op id="1263" type="sweep" timems="1.056" contextid="1241" timestamp="2019-08-03T02:17:38.338" />
<gc-end id="1264" type="global" contextid="1241" durationms="5.434" usertimems="4.000" systemtimems="4.000" timestamp="2019-08-03T02:17:38.340" activeThreads="8">
  <mem-info id="1265" free="7035152" total="11796480" percent="59">
    <mem type="nursery" free="3227216" total="4980736" percent="64">
      <mem type="allocate" free="3227216" total="3538944" percent="91" />
      <mem type="survivor" free="0" total="1441792" percent="0" />
    </mem>
    <mem type="tenure" free="3807936" total="6815744" percent="55" micro-fragmented="18313" macro-fragmented="0">
      <mem type="soa" free="3467968" total="6475776" percent="53" />
      <mem type="loa" free="339968" total="339968" percent="100" />
    </mem>
    <pending-finalizers system="0" default="0" reference="8" classloader="0" />
    <remembered-set count="164" />
  </mem-info>
</gc-end>
<cycle-end id="1266" type="global" contextid="1241" timestamp="2019-08-03T02:17:38.340" />
  <attribute name="elasticGC enabled" value="1" />
  <attribute name= "numThreadsSpecified" value="1" />
  <attribute name="heapSize specified" value="11403264" />
  <attribute name= "numCores" value="8" />
  <attribute name ="GC Interval" value="3100" />
  <attribute name ="Control flow" value="3" />
  <attribute name="GC Util Range Max" value="16" />
  <attribute name="Current GC Util" value="142" />
  <attribute name= "Current Time Running" value="2429" />
<concurrent-collection-end id="1267" timestamp="2019-08-03T02:17:38.340" />
<exclusive-end id="1268" timestamp="2019-08-03T02:17:38.340" durationms="5.805" />

</verbosegc>

