<?xml version="1.0" ?>

<verbosegc xmlns="http://www.ibm.com/j9/verbosegc" version="10b4217_CMPRSS">

<initialized id="1" timestamp="2019-06-15T23:01:25.945">
  <attribute name="gcPolicy" value="-Xgcpolicy:gencon" />
  <attribute name="elasticGC enabled" value="1" />
  <attribute name= "numThreadsSpecified" value="0" />
  <attribute name="heapSize specified" value="0" />
  <attribute name="Current GC Util" value="0" />
  <attribute name= "Current Time Running" value="0" />
  <attribute name ="GC Interval" value="0" />
  <attribute name="ProportionalT" value="0.000000" />
  <attribute name="ProportionalI" value="0.000000" />
  <attribute name="ProportionalH" value="0.000000" />
  <attribute name="IntegralT" value="0.000000" />
  <attribute name="IntegralI" value="0.000000" />
  <attribute name="IntegralH" value="0.000000" />
  <attribute name="DerivativeT" value="0.000000" />
  <attribute name="DerivativeI" value="0.000000" />
  <attribute name="DerivativeH" value="0.000000" />
  <attribute name="Target GC Util Change" value ="0.000000" />
  <attribute name="Current GC Util Change" value="0.000000"/>
  <attribute name="Current Error" value="0.000000" />
  <attribute name="Loop Time for DT" value="0.000000" />
  <attribute name="Output H" value="0"/>
  <attribute name="Output I" value="0"/>
  <attribute name="Output T" value="0"/>
  <attribute name="GC Util currently" value="0" />
  <attribute name="CPU Util currently" value="0" />
  <attribute name="maxHeapSize" value="0x7cbc0000" />
  <attribute name="initialHeapSize" value="0x800000" />
  <attribute name="compressedRefs" value="true" />
  <attribute name="compressedRefsDisplacement" value="0x0" />
  <attribute name="compressedRefsShift" value="0x0" />
  <attribute name="pageSize" value="0x1000" />
  <attribute name="pageType" value="not used" />
  <attribute name="requestedPageSize" value="0x1000" />
  <attribute name="requestedPageType" value="not used" />
  <attribute name="gcthreads" value="4" />
  <attribute name="gcthreads Concurrent Mark" value="1" />
  <attribute name="packetListSplit" value="4" />
  <attribute name="cacheListSplit" value="4" />
  <attribute name="splitFreeListSplitAmount" value="1" />
  <attribute name="numaNodes" value="0" />
  <system>
    <attribute name="physicalMemory" value="8370958336" />
    <attribute name="numCPUs" value="4" />
    <attribute name="architecture" value="amd64" />
    <attribute name="os" value="Linux" />
    <attribute name="osVersion" value="4.4.0-150-generic" />
  </system>
  <vmargs>
    <vmarg name="-Xoptionsfile=/vagrant/jdk/lib/options.default" />
    <vmarg name="-Xlockword:mode=default,noLockword=java/lang/String,noLockword=java/util/MapEntry,noLockword=java/util/HashMap$Entry,noLockword..." />
    <vmarg name="-Xjcl:jclse29" />
    <vmarg name="-Dcom.ibm.oti.vm.bootstrap.library.path=/vagrant/jdk/lib/compressedrefs:/vagrant/jdk/lib" />
    <vmarg name="-Dsun.boot.library.path=/vagrant/jdk/lib/compressedrefs:/vagrant/jdk/lib" />
    <vmarg name="-Djava.library.path=/vagrant/jdk/lib/compressedrefs:/vagrant/jdk/lib:/usr/lib64:/usr/lib" />
    <vmarg name="-Djava.home=/vagrant/jdk" />
    <vmarg name="-Duser.dir=/vagrant" />
    <vmarg name="-Xgcpolicy:gencon" />
    <vmarg name="-Xgcelastic" />
    <vmarg name="-Xcheck:gc:::elasticGC" />
    <vmarg name="-verbose:gc" />
    <vmarg name="-Xloggc:jdk1.5-1-1-small-GEN-4CORE-elasticverbose3avrora.txt" />
    <vmarg name="-Djava.class.path=dacapo-9.12-MR1-bach.jar" />
    <vmarg name="-Dsun.java.command=dacapo-9.12-MR1-bach.jar avrora --size=small" />
    <vmarg name="-Dsun.java.launcher=SUN_STANDARD" />
    <vmarg name="-Dsun.java.launcher.pid=6779" />
  </vmargs>
</initialized>

<exclusive-start id="2" timestamp="2019-06-15T23:01:26.143" intervalms="198.420">
  <response-info timems="0.022" idlems="0.022" threads="0" lastid="00000000014B1700" lastname="main" />
</exclusive-start>
<af-start id="3" threadId="00000000014B2088" totalBytesRequested="3080" timestamp="2019-06-15T23:01:26.143" intervalms="198.737" type="nursery" />
<cycle-start id="4" type="scavenge" contextid="0" timestamp="2019-06-15T23:01:26.144" intervalms="199.241" />
<gc-start id="5" type="scavenge" contextid="4" timestamp="2019-06-15T23:01:26.149">
  <mem-info id="6" free="6062624" total="8388608" percent="72">
    <mem type="nursery" free="0" total="2097152" percent="0">
      <mem type="allocate" free="0" total="1048576" percent="0" />
      <mem type="survivor" free="0" total="1048576" percent="0" />
    </mem>
    <mem type="tenure" free="6062624" total="6291456" percent="96">
      <mem type="soa" free="5748256" total="5977088" percent="96" />
      <mem type="loa" free="314368" total="314368" percent="100" />
    </mem>
    <remembered-set count="3161" />
  </mem-info>
</gc-start>
<allocation-stats totalBytes="1270888" >
  <allocated-bytes non-tlh="344784" tlh="926104" />
  <largest-consumer threadName="main" threadId="00000000014B1700" bytes="1197312" />
</allocation-stats>
<gc-op id="7" type="scavenge" timems="2.271" contextid="4" timestamp="2019-06-15T23:01:26.152">
  <scavenger-info tenureage="2" tenuremask="fffc" tiltratio="50" />
  <memory-copied type="nursery" objects="10578" bytes="477536" bytesdiscarded="159632" />
  <finalization candidates="11" enqueued="0" />
  <references type="soft" candidates="62" cleared="0" enqueued="0" dynamicThreshold="32" maxThreshold="32" />
  <references type="weak" candidates="309" cleared="177" enqueued="141" />
  <references type="phantom" candidates="25" cleared="6" enqueued="6" />
</gc-op>
<gc-end id="8" type="scavenge" contextid="4" durationms="5.893" usertimems="8.000" systemtimems="0.000" timestamp="2019-06-15T23:01:26.155" activeThreads="4">
  <mem-info id="9" free="6471936" total="8388608" percent="77">
    <mem type="nursery" free="409312" total="2097152" percent="19">
      <mem type="allocate" free="409312" total="1048576" percent="39" />
      <mem type="survivor" free="0" total="1048576" percent="0" />
    </mem>
    <mem type="tenure" free="6062624" total="6291456" percent="96">
      <mem type="soa" free="5748256" total="5977088" percent="96" />
      <mem type="loa" free="314368" total="314368" percent="100" />
    </mem>
    <pending-finalizers system="0" default="0" reference="147" classloader="0" />
    <remembered-set count="3161" />
  </mem-info>
</gc-end>
<cycle-end id="10" type="scavenge" contextid="4" timestamp="2019-06-15T23:01:26.155" />
  <attribute name="elasticGC enabled" value="1" />
  <attribute name= "numThreadsSpecified" value="0" />
  <attribute name="heapSize specified" value="0" />
  <attribute name="Current GC Util" value="0" />
  <attribute name= "Current Time Running" value="84" />
  <attribute name ="GC Interval" value="1" />
  <attribute name="ProportionalT" value="0.000000" />
  <attribute name="ProportionalI" value="0.000000" />
  <attribute name="ProportionalH" value="0.000000" />
  <attribute name="Current Error" value="0.000000" />
  <attribute name="IntegralT" value="0.000000" />
  <attribute name="IntegralI" value="0.000000" />
  <attribute name="IntegralH" value="0.000000" />
  <attribute name="DerivativeT" value="0.000000" />
  <attribute name="DerivativeI" value="0.000000" />
  <attribute name="DerivativeH" value="0.000000" />
  <attribute name="Loop Time for DT" value="0.000000" />
  <attribute name="Output H" value="0"/>
  <attribute name="Output I" value="0"/>
  <attribute name="Output T" value="0"/>
  <attribute name="Target GC Util Change" value ="20.000000" />
  <attribute name="Current GC Util Change" value="0.000000"/>
  <attribute name="GC Util currently" value="0" />
  <attribute name="CPU Util currently" value="20" />
<allocation-satisfied id="11" threadId="00000000014B1700" bytesRequested="3080" />
<af-end id="12" timestamp="2019-06-15T23:01:26.155" threadId="00000000014B2088" success="true" from="nursery"/>
<exclusive-end id="13" timestamp="2019-06-15T23:01:26.156" durationms="12.475" />

<exclusive-start id="14" timestamp="2019-06-15T23:01:26.199" intervalms="55.631">
  <response-info timems="0.026" idlems="0.026" threads="0" lastid="00000000014B1700" lastname="main" />
</exclusive-start>
<af-start id="15" threadId="00000000014B2088" totalBytesRequested="72" timestamp="2019-06-15T23:01:26.199" intervalms="55.391" type="nursery" />
<cycle-start id="16" type="scavenge" contextid="0" timestamp="2019-06-15T23:01:26.199" intervalms="54.958" />
<gc-start id="17" type="scavenge" contextid="16" timestamp="2019-06-15T23:01:26.203">
  <mem-info id="18" free="6054888" total="8388608" percent="72">
    <mem type="nursery" free="0" total="2097152" percent="0">
      <mem type="allocate" free="0" total="1048576" percent="0" />
      <mem type="survivor" free="0" total="1048576" percent="0" />
    </mem>
    <mem type="tenure" free="6054888" total="6291456" percent="96">
      <mem type="soa" free="5740520" total="5977088" percent="96" />
      <mem type="loa" free="314368" total="314368" percent="100" />
    </mem>
    <remembered-set count="3262" />
  </mem-info>
</gc-start>
<allocation-stats totalBytes="416144" >
  <allocated-bytes non-tlh="10816" tlh="405328" />
  <largest-consumer threadName="main" threadId="00000000014B1700" bytes="404168" />
</allocation-stats>
<gc-op id="19" type="scavenge" timems="1.165" contextid="16" timestamp="2019-06-15T23:01:26.204">
  <scavenger-info tenureage="5" tenuremask="7fe0" tiltratio="50" />
  <memory-copied type="nursery" objects="10918" bytes="485008" bytesdiscarded="76880" />
  <finalization candidates="11" enqueued="0" />
  <references type="soft" candidates="62" cleared="0" enqueued="0" dynamicThreshold="32" maxThreshold="32" />
  <references type="weak" candidates="237" cleared="93" enqueued="90" />
  <references type="phantom" candidates="35" cleared="11" enqueued="11" />
</gc-op>
<gc-end id="20" type="scavenge" contextid="16" durationms="1.474" usertimems="0.000" systemtimems="0.000" timestamp="2019-06-15T23:01:26.204" activeThreads="4">
  <mem-info id="21" free="6540120" total="8388608" percent="77">
    <mem type="nursery" free="485232" total="2097152" percent="23">
      <mem type="allocate" free="485232" total="1048576" percent="46" />
      <mem type="survivor" free="0" total="1048576" percent="0" />
    </mem>
    <mem type="tenure" free="6054888" total="6291456" percent="96">
      <mem type="soa" free="5740520" total="5977088" percent="96" />
      <mem type="loa" free="314368" total="314368" percent="100" />
    </mem>
    <pending-finalizers system="0" default="0" reference="101" classloader="0" />
    <remembered-set count="3262" />
  </mem-info>
</gc-end>
<cycle-end id="22" type="scavenge" contextid="16" timestamp="2019-06-15T23:01:26.204" />
  <attribute name="elasticGC enabled" value="1" />
  <attribute name= "numThreadsSpecified" value="4" />
  <attribute name="heapSize specified" value="0" />
  <attribute name="Current GC Util" value="21" />
  <attribute name= "Current Time Running" value="137" />
  <attribute name ="GC Interval" value="200" />
  <attribute name="ProportionalT" value="1.500000" />
  <attribute name="ProportionalI" value="1.500000" />
  <attribute name="ProportionalH" value="1.500000" />
  <attribute name="Current Error" value="1.000000" />
  <attribute name="IntegralT" value="53.000000" />
  <attribute name="IntegralI" value="53.000000" />
  <attribute name="IntegralH" value="53.000000" />
  <attribute name="DerivativeT" value="0.018868" />
  <attribute name="DerivativeI" value="0.018868" />
  <attribute name="DerivativeH" value="0.018868" />
  <attribute name="Loop Time for DT" value="53.000000" />
  <attribute name="Output H" value="8388608"/>
  <attribute name="Output I" value="200"/>
  <attribute name="Output T" value="4"/>
  <attribute name="Target GC Util Change" value ="20.000000" />
  <attribute name="Current GC Util Change" value="21.000000"/>
  <attribute name="GC Util currently" value="21" />
  <attribute name="CPU Util currently" value="8" />
<allocation-satisfied id="23" threadId="00000000014B1700" bytesRequested="72" />
<af-end id="24" timestamp="2019-06-15T23:01:26.205" threadId="00000000014B2088" success="true" from="nursery"/>
<exclusive-end id="25" timestamp="2019-06-15T23:01:26.205" durationms="5.980" />

<exclusive-start id="26" timestamp="2019-06-15T23:01:26.726" intervalms="527.397">
  <response-info timems="0.032" idlems="0.032" threads="0" lastid="00000000014B1700" lastname="main" />
</exclusive-start>
<af-start id="27" threadId="00000000014B2088" totalBytesRequested="80" timestamp="2019-06-15T23:01:26.726" intervalms="527.440" type="nursery" />
<cycle-start id="28" type="scavenge" contextid="0" timestamp="2019-06-15T23:01:26.726" intervalms="527.456" />
<gc-start id="29" type="scavenge" contextid="28" timestamp="2019-06-15T23:01:26.726">
  <mem-info id="30" free="6054888" total="8388608" percent="72">
    <mem type="nursery" free="0" total="2097152" percent="0">
      <mem type="allocate" free="0" total="1048576" percent="0" />
      <mem type="survivor" free="0" total="1048576" percent="0" />
    </mem>
    <mem type="tenure" free="6054888" total="6291456" percent="96">
      <mem type="soa" free="5740520" total="5977088" percent="96" />
      <mem type="loa" free="314368" total="314368" percent="100" />
    </mem>
    <remembered-set count="3262" />
  </mem-info>
</gc-start>
<allocation-stats totalBytes="484808" >
  <allocated-bytes non-tlh="72" tlh="484736" />
  <largest-consumer threadName="main" threadId="00000000014B1700" bytes="476616" />
</allocation-stats>
<gc-op id="31" type="scavenge" timems="1.183" contextid="28" timestamp="2019-06-15T23:01:26.728">
  <scavenger-info tenureage="4" tenuremask="7ff0" tiltratio="50" />
  <memory-copied type="nursery" objects="10889" bytes="485096" bytesdiscarded="76800" />
  <finalization candidates="11" enqueued="0" />
  <references type="soft" candidates="62" cleared="0" enqueued="0" dynamicThreshold="32" maxThreshold="32" />
  <references type="weak" candidates="144" cleared="0" enqueued="0" />
  <references type="phantom" candidates="24" cleared="0" enqueued="0" />
</gc-op>
<gc-end id="32" type="scavenge" contextid="28" durationms="1.575" usertimems="4.000" systemtimems="0.000" timestamp="2019-06-15T23:01:26.728" activeThreads="4">
  <mem-info id="33" free="6540120" total="8388608" percent="77">
    <mem type="nursery" free="485232" total="2097152" percent="23">
      <mem type="allocate" free="485232" total="1048576" percent="46" />
      <mem type="survivor" free="0" total="1048576" percent="0" />
    </mem>
    <mem type="tenure" free="6054888" total="6291456" percent="96">
      <mem type="soa" free="5740520" total="5977088" percent="96" />
      <mem type="loa" free="314368" total="314368" percent="100" />
    </mem>
    <remembered-set count="992" />
  </mem-info>
</gc-end>
<cycle-end id="34" type="scavenge" contextid="28" timestamp="2019-06-15T23:01:26.728" />
  <attribute name="elasticGC enabled" value="1" />
  <attribute name= "numThreadsSpecified" value="4" />
  <attribute name="heapSize specified" value="0" />
  <attribute name="Current GC Util" value="1" />
  <attribute name= "Current Time Running" value="661" />
  <attribute name ="GC Interval" value="200" />
  <attribute name="ProportionalT" value="-28.500000" />
  <attribute name="ProportionalI" value="-28.500000" />
  <attribute name="ProportionalH" value="-28.500000" />
  <attribute name="Current Error" value="-19.000000" />
  <attribute name="IntegralT" value="-9903.000000" />
  <attribute name="IntegralI" value="-9903.000000" />
  <attribute name="IntegralH" value="-9903.000000" />
  <attribute name="DerivativeT" value="-0.038168" />
  <attribute name="DerivativeI" value="-0.038168" />
  <attribute name="DerivativeH" value="-0.038168" />
  <attribute name="Loop Time for DT" value="524.000000" />
  <attribute name="Output H" value="2092630016"/>
  <attribute name="Output I" value="200"/>
  <attribute name="Output T" value="4"/>
  <attribute name="Target GC Util Change" value ="20.000000" />
  <attribute name="Current GC Util Change" value="1.000000"/>
  <attribute name="GC Util currently" value="1" />
  <attribute name="CPU Util currently" value="2" />
<allocation-satisfied id="35" threadId="00000000014B1700" bytesRequested="80" />
<af-end id="36" timestamp="2019-06-15T23:01:26.728" threadId="00000000014B2088" success="true" from="nursery"/>
<exclusive-end id="37" timestamp="2019-06-15T23:01:26.728" durationms="2.273" />

<exclusive-start id="38" timestamp="2019-06-15T23:01:26.821" intervalms="95.288">
  <response-info timems="0.079" idlems="0.079" threads="0" lastid="00000000014B1700" lastname="main" />
</exclusive-start>
<af-start id="39" threadId="00000000014B2088" totalBytesRequested="20232" timestamp="2019-06-15T23:01:26.822" intervalms="95.358" type="nursery" />
<cycle-start id="40" type="scavenge" contextid="0" timestamp="2019-06-15T23:01:26.822" intervalms="95.451" />
<gc-start id="41" type="scavenge" contextid="40" timestamp="2019-06-15T23:01:26.822">
  <mem-info id="42" free="6052200" total="8388608" percent="72">
    <mem type="nursery" free="0" total="2097152" percent="0">
      <mem type="allocate" free="0" total="1048576" percent="0" />
      <mem type="survivor" free="0" total="1048576" percent="0" />
    </mem>
    <mem type="tenure" free="6052200" total="6291456" percent="96">
      <mem type="soa" free="5737832" total="5977088" percent="95" />
      <mem type="loa" free="314368" total="314368" percent="100" />
    </mem>
    <remembered-set count="1025" />
  </mem-info>
</gc-start>
<allocation-stats totalBytes="473136" >
  <allocated-bytes non-tlh="2768" tlh="470368" />
  <largest-consumer threadName="main" threadId="00000000014B1700" bytes="473136" />
</allocation-stats>
<gc-op id="43" type="scavenge" timems="1.386" contextid="40" timestamp="2019-06-15T23:01:26.824">
  <scavenger-info tenureage="3" tenuremask="fff8" tiltratio="50" />
  <memory-copied type="nursery" objects="637" bytes="79864" bytesdiscarded="86904" />
  <memory-copied type="tenure" objects="10291" bytes="460040" bytesdiscarded="48" />
  <finalization candidates="11" enqueued="0" />
  <references type="weak" candidates="95" cleared="78" enqueued="78" />
  <references type="phantom" candidates="18" cleared="10" enqueued="10" />
</gc-op>
<gc-end id="44" type="scavenge" contextid="40" durationms="1.883" usertimems="0.000" systemtimems="4.000" timestamp="2019-06-15T23:01:26.824" activeThreads="4">
  <mem-info id="45" free="6306640" total="8388608" percent="75">
    <mem type="nursery" free="881792" total="2097152" percent="42">
      <mem type="allocate" free="881792" total="1048576" percent="84" />
      <mem type="survivor" free="0" total="1048576" percent="0" />
    </mem>
    <mem type="tenure" free="5424848" total="6291456" percent="86">
      <mem type="soa" free="5110480" total="5977088" percent="85" />
      <mem type="loa" free="314368" total="314368" percent="100" />
    </mem>
    <pending-finalizers system="0" default="0" reference="88" classloader="0" />
    <remembered-set count="141" />
  </mem-info>
</gc-end>
<cycle-end id="46" type="scavenge" contextid="40" timestamp="2019-06-15T23:01:26.824" />
  <attribute name="elasticGC enabled" value="1" />
  <attribute name= "numThreadsSpecified" value="4" />
  <attribute name="heapSize specified" value="0" />
  <attribute name="Current GC Util" value="2" />
  <attribute name= "Current Time Running" value="757" />
  <attribute name ="GC Interval" value="200" />
  <attribute name="ProportionalT" value="-27.000000" />
  <attribute name="ProportionalI" value="-27.000000" />
  <attribute name="ProportionalH" value="-27.000000" />
  <attribute name="Current Error" value="-18.000000" />
  <attribute name="IntegralT" value="-11631.000000" />
  <attribute name="IntegralI" value="-11631.000000" />
  <attribute name="IntegralH" value="-11631.000000" />
  <attribute name="DerivativeT" value="-0.187500" />
  <attribute name="DerivativeI" value="-0.187500" />
  <attribute name="DerivativeH" value="-0.187500" />
  <attribute name="Loop Time for DT" value="96.000000" />
  <attribute name="Output H" value="2092630016"/>
  <attribute name="Output I" value="200"/>
  <attribute name="Output T" value="4"/>
  <attribute name="Target GC Util Change" value ="20.000000" />
  <attribute name="Current GC Util Change" value="2.000000"/>
  <attribute name="GC Util currently" value="2" />
  <attribute name="CPU Util currently" value="2" />
<allocation-satisfied id="47" threadId="00000000014B1700" bytesRequested="20232" />
<af-end id="48" timestamp="2019-06-15T23:01:26.824" threadId="00000000014B2088" success="true" from="nursery"/>
<exclusive-end id="49" timestamp="2019-06-15T23:01:26.824" durationms="2.828" />

<exclusive-start id="50" timestamp="2019-06-15T23:01:28.824" intervalms="2003.060">
  <response-info timems="0.131" idlems="0.131" threads="0" lastid="00000000014B1700" lastname="main" />
</exclusive-start>
<af-start id="51" threadId="00000000014B2088" totalBytesRequested="2056" timestamp="2019-06-15T23:01:28.825" intervalms="2003.454" type="nursery" />
<cycle-start id="52" type="scavenge" contextid="0" timestamp="2019-06-15T23:01:28.825" intervalms="2003.769" />
<gc-start id="53" type="scavenge" contextid="52" timestamp="2019-06-15T23:01:28.826">
  <mem-info id="54" free="5420264" total="8388608" percent="64">
    <mem type="nursery" free="0" total="2097152" percent="0">
      <mem type="allocate" free="0" total="1048576" percent="0" />
      <mem type="survivor" free="0" total="1048576" percent="0" />
    </mem>
    <mem type="tenure" free="5420264" total="6291456" percent="86">
      <mem type="soa" free="5105896" total="5977088" percent="85" />
      <mem type="loa" free="314368" total="314368" percent="100" />
    </mem>
    <remembered-set count="222" />
  </mem-info>
</gc-start>
<allocation-stats totalBytes="878368" >
  <allocated-bytes non-tlh="24816" tlh="853552" />
  <largest-consumer threadName="main" threadId="00000000014B1700" bytes="878368" />
</allocation-stats>
<gc-op id="55" type="scavenge" timems="3.223" contextid="52" timestamp="2019-06-15T23:01:28.831">
  <scavenger-info tenureage="4" tenuremask="fff0" tiltratio="50" />
  <memory-copied type="nursery" objects="741" bytes="112576" bytesdiscarded="78960" />
  <finalization candidates="3" enqueued="1" />
  <references type="soft" candidates="1" cleared="0" enqueued="0" dynamicThreshold="32" maxThreshold="32" />
  <references type="weak" candidates="64" cleared="48" enqueued="48" />
  <references type="phantom" candidates="21" cleared="10" enqueued="10" />
</gc-op>
<gc-end id="56" type="scavenge" contextid="52" durationms="4.908" usertimems="0.000" systemtimems="4.000" timestamp="2019-06-15T23:01:28.831" activeThreads="4">
  <mem-info id="57" free="6277216" total="8388608" percent="74">
    <mem type="nursery" free="856952" total="2097152" percent="40">
      <mem type="allocate" free="856952" total="1048576" percent="81" />
      <mem type="survivor" free="0" total="1048576" percent="0" />
    </mem>
    <mem type="tenure" free="5420264" total="6291456" percent="86">
      <mem type="soa" free="5105896" total="5977088" percent="85" />
      <mem type="loa" free="314368" total="314368" percent="100" />
    </mem>
    <pending-finalizers system="1" default="0" reference="58" classloader="0" />
    <remembered-set count="219" />
  </mem-info>
</gc-end>
<cycle-end id="58" type="scavenge" contextid="52" timestamp="2019-06-15T23:01:28.832" />
  <attribute name="elasticGC enabled" value="1" />
  <attribute name= "numThreadsSpecified" value="4" />
  <attribute name="heapSize specified" value="0" />
  <attribute name="Current GC Util" value="0" />
  <attribute name= "Current Time Running" value="2762" />
  <attribute name ="GC Interval" value="200" />
  <attribute name="ProportionalT" value="-30.000000" />
  <attribute name="ProportionalI" value="-30.000000" />
  <attribute name="ProportionalH" value="-30.000000" />
  <attribute name="Current Error" value="-20.000000" />
  <attribute name="IntegralT" value="-51731.000000" />
  <attribute name="IntegralI" value="-51731.000000" />
  <attribute name="IntegralH" value="-51731.000000" />
  <attribute name="DerivativeT" value="-0.009975" />
  <attribute name="DerivativeI" value="-0.009975" />
  <attribute name="DerivativeH" value="-0.009975" />
  <attribute name="Loop Time for DT" value="2005.000000" />
  <attribute name="Output H" value="2092630016"/>
  <attribute name="Output I" value="200"/>
  <attribute name="Output T" value="4"/>
  <attribute name="Target GC Util Change" value ="20.000000" />
  <attribute name="Current GC Util Change" value="0.000000"/>
  <attribute name="GC Util currently" value="0" />
  <attribute name="CPU Util currently" value="3" />
<allocation-satisfied id="59" threadId="00000000014B1700" bytesRequested="2056" />
<af-end id="60" timestamp="2019-06-15T23:01:28.833" threadId="00000000014B2088" success="true" from="nursery"/>
<exclusive-end id="61" timestamp="2019-06-15T23:01:28.833" durationms="8.845" />

<exclusive-start id="62" timestamp="2019-06-15T23:01:31.967" intervalms="3142.363">
  <response-info timems="0.193" idlems="0.193" threads="0" lastid="00000000014B1700" lastname="main" />
</exclusive-start>
<af-start id="63" threadId="00000000014B2088" totalBytesRequested="2056" timestamp="2019-06-15T23:01:31.967" intervalms="3142.418" type="nursery" />
<cycle-start id="64" type="scavenge" contextid="0" timestamp="2019-06-15T23:01:31.968" intervalms="3142.562" />
<gc-start id="65" type="scavenge" contextid="64" timestamp="2019-06-15T23:01:31.969">
  <mem-info id="66" free="5420264" total="8388608" percent="64">
    <mem type="nursery" free="0" total="2097152" percent="0">
      <mem type="allocate" free="0" total="1048576" percent="0" />
      <mem type="survivor" free="0" total="1048576" percent="0" />
    </mem>
    <mem type="tenure" free="5420264" total="6291456" percent="86">
      <mem type="soa" free="5105896" total="5977088" percent="85" />
      <mem type="loa" free="314368" total="314368" percent="100" />
    </mem>
    <remembered-set count="220" />
  </mem-info>
</gc-start>
<allocation-stats totalBytes="853224" >
  <allocated-bytes non-tlh="2056" tlh="851168" />
  <largest-consumer threadName="main" threadId="00000000014B1700" bytes="853224" />
</allocation-stats>
<gc-op id="67" type="scavenge" timems="1.736" contextid="64" timestamp="2019-06-15T23:01:31.971">
  <scavenger-info tenureage="3" tenuremask="fff8" tiltratio="50" />
  <memory-copied type="nursery" objects="299" bytes="79584" bytesdiscarded="46040" />
  <memory-copied type="tenure" objects="302" bytes="16080" bytesdiscarded="240" />
  <finalization candidates="2" enqueued="0" />
  <references type="soft" candidates="1" cleared="0" enqueued="0" dynamicThreshold="32" maxThreshold="32" />
  <references type="weak" candidates="2" cleared="0" enqueued="0" />
  <references type="phantom" candidates="5" cleared="0" enqueued="0" />
</gc-op>
<gc-end id="68" type="scavenge" contextid="64" durationms="3.799" usertimems="4.000" systemtimems="0.000" timestamp="2019-06-15T23:01:31.972" activeThreads="4">
  <mem-info id="69" free="6435040" total="8388608" percent="76">
    <mem type="nursery" free="1053944" total="2097152" percent="50">
      <mem type="allocate" free="1053944" total="1179648" percent="89" />
      <mem type="survivor" free="0" total="917504" percent="0" />
    </mem>
    <mem type="tenure" free="5381096" total="6291456" percent="85">
      <mem type="soa" free="5066728" total="5977088" percent="84" />
      <mem type="loa" free="314368" total="314368" percent="100" />
    </mem>
    <remembered-set count="157" />
  </mem-info>
</gc-end>
<cycle-end id="70" type="scavenge" contextid="64" timestamp="2019-06-15T23:01:31.973" />
  <attribute name="elasticGC enabled" value="1" />
  <attribute name= "numThreadsSpecified" value="4" />
  <attribute name="heapSize specified" value="0" />
  <attribute name="Current GC Util" value="0" />
  <attribute name= "Current Time Running" value="5904" />
  <attribute name ="GC Interval" value="200" />
  <attribute name="ProportionalT" value="-30.000000" />
  <attribute name="ProportionalI" value="-30.000000" />
  <attribute name="ProportionalH" value="-30.000000" />
  <attribute name="Current Error" value="-20.000000" />
  <attribute name="IntegralT" value="-114571.000000" />
  <attribute name="IntegralI" value="-114571.000000" />
  <attribute name="IntegralH" value="-114571.000000" />
  <attribute name="DerivativeT" value="-0.006365" />
  <attribute name="DerivativeI" value="-0.006365" />
  <attribute name="DerivativeH" value="-0.006365" />
  <attribute name="Loop Time for DT" value="3142.000000" />
  <attribute name="Output H" value="2092630016"/>
  <attribute name="Output I" value="200"/>
  <attribute name="Output T" value="4"/>
  <attribute name="Target GC Util Change" value ="20.000000" />
  <attribute name="Current GC Util Change" value="0.000000"/>
  <attribute name="GC Util currently" value="0" />
  <attribute name="CPU Util currently" value="3" />
<allocation-satisfied id="71" threadId="00000000014B1700" bytesRequested="2056" />
<af-end id="72" timestamp="2019-06-15T23:01:31.974" threadId="00000000014B2088" success="true" from="nursery"/>
<exclusive-end id="73" timestamp="2019-06-15T23:01:31.975" durationms="7.859" />

<exclusive-start id="74" timestamp="2019-06-15T23:01:35.895" intervalms="3927.982">
  <response-info timems="0.194" idlems="0.194" threads="0" lastid="00000000014B1700" lastname="main" />
</exclusive-start>
<af-start id="75" threadId="00000000014B2088" totalBytesRequested="2056" timestamp="2019-06-15T23:01:35.895" intervalms="3927.990" type="nursery" />
<cycle-start id="76" type="scavenge" contextid="0" timestamp="2019-06-15T23:01:35.896" intervalms="3927.980" />
<gc-start id="77" type="scavenge" contextid="76" timestamp="2019-06-15T23:01:35.897">
  <mem-info id="78" free="5381096" total="8388608" percent="64">
    <mem type="nursery" free="0" total="2097152" percent="0">
      <mem type="allocate" free="0" total="1179648" percent="0" />
      <mem type="survivor" free="0" total="917504" percent="0" />
    </mem>
    <mem type="tenure" free="5381096" total="6291456" percent="85">
      <mem type="soa" free="5066728" total="5977088" percent="84" />
      <mem type="loa" free="314368" total="314368" percent="100" />
    </mem>
    <remembered-set count="157" />
  </mem-info>
</gc-start>
<allocation-stats totalBytes="1041064" >
  <allocated-bytes non-tlh="2056" tlh="1039008" />
  <largest-consumer threadName="main" threadId="00000000014B1700" bytes="1041064" />
</allocation-stats>
<gc-op id="79" type="scavenge" timems="1.459" contextid="76" timestamp="2019-06-15T23:01:35.899">
  <scavenger-info tenureage="5" tenuremask="ffe0" tiltratio="56" />
  <memory-copied type="nursery" objects="300" bytes="81664" bytesdiscarded="21184" />
  <finalization candidates="2" enqueued="0" />
  <references type="soft" candidates="1" cleared="0" enqueued="0" dynamicThreshold="32" maxThreshold="32" />
  <references type="weak" candidates="2" cleared="0" enqueued="0" />
  <references type="phantom" candidates="5" cleared="0" enqueued="0" />
</gc-op>
<gc-end id="80" type="scavenge" contextid="76" durationms="3.053" usertimems="0.000" systemtimems="4.000" timestamp="2019-06-15T23:01:35.900" activeThreads="4">
  <mem-info id="81" free="6588888" total="8388608" percent="78">
    <mem type="nursery" free="1207792" total="2097152" percent="57">
      <mem type="allocate" free="1207792" total="1310720" percent="92" />
      <mem type="survivor" free="0" total="786432" percent="0" />
    </mem>
    <mem type="tenure" free="5381096" total="6291456" percent="85">
      <mem type="soa" free="5066728" total="5977088" percent="84" />
      <mem type="loa" free="314368" total="314368" percent="100" />
    </mem>
    <remembered-set count="86" />
  </mem-info>
</gc-end>
<cycle-end id="82" type="scavenge" contextid="76" timestamp="2019-06-15T23:01:35.901" />
  <attribute name="elasticGC enabled" value="1" />
  <attribute name= "numThreadsSpecified" value="4" />
  <attribute name="heapSize specified" value="0" />
  <attribute name="Current GC Util" value="0" />
  <attribute name= "Current Time Running" value="9832" />
  <attribute name ="GC Interval" value="200" />
  <attribute name="ProportionalT" value="-30.000000" />
  <attribute name="ProportionalI" value="-30.000000" />
  <attribute name="ProportionalH" value="-30.000000" />
  <attribute name="Current Error" value="-20.000000" />
  <attribute name="IntegralT" value="-78560.000000" />
  <attribute name="IntegralI" value="-78560.000000" />
  <attribute name="IntegralH" value="-78560.000000" />
  <attribute name="DerivativeT" value="-0.005092" />
  <attribute name="DerivativeI" value="-0.005092" />
  <attribute name="DerivativeH" value="-0.005092" />
  <attribute name="Loop Time for DT" value="3928.000000" />
  <attribute name="Output H" value="2092630016"/>
  <attribute name="Output I" value="200"/>
  <attribute name="Output T" value="4"/>
  <attribute name="Target GC Util Change" value ="20.000000" />
  <attribute name="Current GC Util Change" value="0.000000"/>
  <attribute name="GC Util currently" value="0" />
  <attribute name="CPU Util currently" value="3" />
<allocation-satisfied id="83" threadId="00000000014B1700" bytesRequested="2056" />
<af-end id="84" timestamp="2019-06-15T23:01:35.902" threadId="00000000014B2088" success="true" from="nursery"/>
<exclusive-end id="85" timestamp="2019-06-15T23:01:35.902" durationms="7.569" />

<exclusive-start id="86" timestamp="2019-06-15T23:01:39.080" intervalms="3185.705">
  <response-info timems="0.059" idlems="0.059" threads="0" lastid="00000000014B1700" lastname="main" />
</exclusive-start>
<sys-start reason="explicit" id="87" timestamp="2019-06-15T23:01:39.081" intervalms="13136.052" />
<cycle-start id="88" type="global" contextid="0" timestamp="2019-06-15T23:01:39.081" intervalms="13136.628" />
<gc-start id="89" type="global" contextid="88" timestamp="2019-06-15T23:01:39.081">
  <mem-info id="90" free="5378360" total="8388608" percent="64">
    <mem type="nursery" free="4264" total="2097152" percent="0">
      <mem type="allocate" free="4264" total="1310720" percent="0" />
      <mem type="survivor" free="0" total="786432" percent="0" />
    </mem>
    <mem type="tenure" free="5374096" total="6291456" percent="85">
      <mem type="soa" free="5059728" total="5977088" percent="84" />
      <mem type="loa" free="314368" total="314368" percent="100" />
    </mem>
    <remembered-set count="164" />
  </mem-info>
</gc-start>
<allocation-stats totalBytes="1205336" >
  <allocated-bytes non-tlh="174240" tlh="1031096" />
  <largest-consumer threadName="main" threadId="00000000014B1700" bytes="1205336" />
</allocation-stats>
<gc-op id="91" type="mark" timems="1.530" contextid="88" timestamp="2019-06-15T23:01:39.083">
  <trace-info objectcount="16928" scancount="13945" scanbytes="446088" />
  <finalization candidates="13" enqueued="0" />
  <references type="soft" candidates="66" cleared="0" enqueued="0" dynamicThreshold="32" maxThreshold="32" />
  <references type="weak" candidates="172" cleared="43" enqueued="35" />
  <references type="phantom" candidates="34" cleared="4" enqueued="4" />
  <stringconstants candidates="2456" cleared="0"  />
</gc-op>
<gc-op id="92" type="classunload" timems="0.084" contextid="88" timestamp="2019-06-15T23:01:39.083">
  <classunload-info classloadercandidates="6" classloadersunloaded="0" classesunloaded="0" anonymousclassesunloaded="0" quiescems="0.000" setupms="0.084" scanms="0.000" postms="0.000" />
</gc-op>
<gc-op id="93" type="sweep" timems="0.507" contextid="88" timestamp="2019-06-15T23:01:39.084" />
<mem-info id="94" free="6598880" total="8388608" percent="78">
  <mem type="nursery" free="1036120" total="2097152" percent="49">
    <mem type="allocate" free="1036120" total="1310720" percent="79" />
    <mem type="survivor" free="0" total="786432" percent="0" />
  </mem>
  <mem type="tenure" free="5562760" total="6291456" percent="88" micro-fragmented="0" macro-fragmented="0">
    <mem type="soa" free="5248392" total="5977088" percent="87" />
    <mem type="loa" free="314368" total="314368" percent="100" />
  </mem>
  <pending-finalizers system="0" default="0" reference="39" classloader="0" />
  <remembered-set count="163" />
</mem-info>
<gc-op id="95" type="compact" timems="3.601" contextid="88" timestamp="2019-06-15T23:01:39.088">
  <compact-info movecount="12740" movebytes="806208" reason="compact to aid heap contraction" />
</gc-op>
<gc-end id="96" type="global" contextid="88" durationms="6.905" usertimems="4.000" systemtimems="0.000" timestamp="2019-06-15T23:01:39.088" activeThreads="4">
  <mem-info id="97" free="6617544" total="8388608" percent="78">
    <mem type="nursery" free="1052488" total="2097152" percent="50">
      <mem type="allocate" free="1052488" total="1310720" percent="80" />
      <mem type="survivor" free="0" total="786432" percent="0" />
    </mem>
    <mem type="tenure" free="5565056" total="6291456" percent="88">
      <mem type="soa" free="5250688" total="5977088" percent="87" />
      <mem type="loa" free="314368" total="314368" percent="100" />
    </mem>
    <pending-finalizers system="0" default="0" reference="39" classloader="0" />
    <remembered-set count="163" />
  </mem-info>
</gc-end>
<cycle-end id="98" type="global" contextid="88" timestamp="2019-06-15T23:01:39.088" />
  <attribute name="elasticGC enabled" value="1" />
  <attribute name= "numThreadsSpecified" value="4" />
  <attribute name="heapSize specified" value="8388608" />
  <attribute name="Current GC Util" value="27" />
  <attribute name= "Current Time Running" value="13022" />
  <attribute name ="GC Interval" value="200" />
  <attribute name="ProportionalT" value="10.500000" />
  <attribute name="ProportionalI" value="10.500000" />
  <attribute name="ProportionalH" value="10.500000" />
  <attribute name="Current Error" value="7.000000" />
  <attribute name="IntegralT" value="28.000000" />
  <attribute name="IntegralI" value="28.000000" />
  <attribute name="IntegralH" value="28.000000" />
  <attribute name="DerivativeT" value="1.750000" />
  <attribute name="DerivativeI" value="1.750000" />
  <attribute name="DerivativeH" value="1.750000" />
  <attribute name="Loop Time for DT" value="4.000000" />
  <attribute name="Output H" value="8388608"/>
  <attribute name="Output I" value="200"/>
  <attribute name="Output T" value="4"/>
  <attribute name="Target GC Util Change" value ="20.000000" />
  <attribute name="Current GC Util Change" value="27.000000"/>
  <attribute name="GC Util currently" value="27" />
  <attribute name="CPU Util currently" value="1261131644040" />
<sys-end id="99" timestamp="2019-06-15T23:01:39.089" />
<exclusive-end id="100" timestamp="2019-06-15T23:01:39.089" durationms="8.231" />

<exclusive-start id="101" timestamp="2019-06-15T23:01:39.230" intervalms="149.900">
  <response-info timems="0.018" idlems="0.018" threads="0" lastid="00000000014B1700" lastname="main" />
</exclusive-start>
<af-start id="102" threadId="00000000014B2088" totalBytesRequested="64" timestamp="2019-06-15T23:01:39.230" intervalms="3335.037" type="nursery" />
<cycle-start id="103" type="scavenge" contextid="0" timestamp="2019-06-15T23:01:39.230" intervalms="3334.466" />
<gc-start id="104" type="scavenge" contextid="103" timestamp="2019-06-15T23:01:39.231">
  <mem-info id="105" free="5502336" total="8388608" percent="65">
    <mem type="nursery" free="0" total="2097152" percent="0">
      <mem type="allocate" free="0" total="1310720" percent="0" />
      <mem type="survivor" free="0" total="786432" percent="0" />
    </mem>
    <mem type="tenure" free="5502336" total="6291456" percent="87">
      <mem type="soa" free="5187968" total="5977088" percent="86" />
      <mem type="loa" free="314368" total="314368" percent="100" />
    </mem>
    <remembered-set count="569" />
  </mem-info>
</gc-start>
<allocation-stats totalBytes="1113264" >
  <allocated-bytes non-tlh="62720" tlh="1050544" />
  <largest-consumer threadName="main" threadId="00000000014B1700" bytes="1109168" />
</allocation-stats>
<gc-op id="106" type="scavenge" timems="0.459" contextid="103" timestamp="2019-06-15T23:01:39.231">
  <scavenger-info tenureage="3" tenuremask="fff8" tiltratio="62" />
  <memory-copied type="nursery" objects="2268" bytes="289880" bytesdiscarded="85384" />
  <memory-copied type="tenure" objects="231" bytes="57800" bytesdiscarded="0" />
  <finalization candidates="2" enqueued="0" />
  <references type="soft" candidates="3" cleared="0" enqueued="0" dynamicThreshold="28" maxThreshold="32" />
  <references type="weak" candidates="32" cleared="31" enqueued="31" />
  <references type="phantom" candidates="6" cleared="0" enqueued="0" />
</gc-op>
<gc-end id="107" type="scavenge" contextid="103" durationms="0.644" usertimems="0.000" systemtimems="0.000" timestamp="2019-06-15T23:01:39.231" activeThreads="4">
  <mem-info id="108" free="6408520" total="8388608" percent="76">
    <mem type="nursery" free="1000920" total="2097152" percent="47">
      <mem type="allocate" free="1000920" total="1376256" percent="72" />
      <mem type="survivor" free="0" total="720896" percent="0" />
    </mem>
    <mem type="tenure" free="5407600" total="6291456" percent="85">
      <mem type="soa" free="5093232" total="5977088" percent="85" />
      <mem type="loa" free="314368" total="314368" percent="100" />
    </mem>
    <pending-finalizers system="0" default="0" reference="31" classloader="0" />
    <remembered-set count="549" />
  </mem-info>
</gc-end>
<cycle-end id="109" type="scavenge" contextid="103" timestamp="2019-06-15T23:01:39.231" />
  <attribute name="elasticGC enabled" value="1" />
  <attribute name= "numThreadsSpecified" value="4" />
  <attribute name="heapSize specified" value="8388608" />
  <attribute name="Current GC Util" value="3" />
  <attribute name= "Current Time Running" value="13165" />
  <attribute name ="GC Interval" value="200" />
  <attribute name="ProportionalT" value="-25.500000" />
  <attribute name="ProportionalI" value="-25.500000" />
  <attribute name="ProportionalH" value="-25.500000" />
  <attribute name="Current Error" value="-17.000000" />
  <attribute name="IntegralT" value="-2431.000000" />
  <attribute name="IntegralI" value="-2431.000000" />
  <attribute name="IntegralH" value="-2431.000000" />
  <attribute name="DerivativeT" value="-0.167832" />
  <attribute name="DerivativeI" value="-0.167832" />
  <attribute name="DerivativeH" value="-0.167832" />
  <attribute name="Loop Time for DT" value="143.000000" />
  <attribute name="Output H" value="2092630016"/>
  <attribute name="Output I" value="200"/>
  <attribute name="Output T" value="4"/>
  <attribute name="Target GC Util Change" value ="20.000000" />
  <attribute name="Current GC Util Change" value="3.000000"/>
  <attribute name="GC Util currently" value="3" />
  <attribute name="CPU Util currently" value="8" />
<allocation-satisfied id="110" threadId="00000000014B1700" bytesRequested="64" />
<af-end id="111" timestamp="2019-06-15T23:01:39.231" threadId="00000000014B2088" success="true" from="nursery"/>
<exclusive-end id="112" timestamp="2019-06-15T23:01:39.231" durationms="1.057" />

<exclusive-start id="113" timestamp="2019-06-15T23:01:39.318" intervalms="87.547">
  <response-info timems="0.024" idlems="0.024" threads="0" lastid="00000000014B1700" lastname="main" />
</exclusive-start>
<af-start id="114" threadId="00000000014B2088" totalBytesRequested="112" timestamp="2019-06-15T23:01:39.318" intervalms="87.546" type="nursery" />
<cycle-start id="115" type="scavenge" contextid="0" timestamp="2019-06-15T23:01:39.318" intervalms="87.544" />
<gc-start id="116" type="scavenge" contextid="115" timestamp="2019-06-15T23:01:39.318">
  <mem-info id="117" free="5374480" total="8388608" percent="64">
    <mem type="nursery" free="0" total="2097152" percent="0">
      <mem type="allocate" free="0" total="1376256" percent="0" />
      <mem type="survivor" free="0" total="720896" percent="0" />
    </mem>
    <mem type="tenure" free="5374480" total="6291456" percent="85">
      <mem type="soa" free="5060112" total="5977088" percent="84" />
      <mem type="loa" free="314368" total="314368" percent="100" />
    </mem>
    <remembered-set count="951" />
  </mem-info>
</gc-start>
<allocation-stats totalBytes="1031888" >
  <allocated-bytes non-tlh="33184" tlh="998704" />
  <largest-consumer threadName="main" threadId="00000000014B1700" bytes="1031888" />
</allocation-stats>
<gc-op id="118" type="scavenge" timems="0.402" contextid="115" timestamp="2019-06-15T23:01:39.319">
  <scavenger-info tenureage="3" tenuremask="ffc8" tiltratio="65" />
  <memory-copied type="nursery" objects="2442" bytes="350296" bytesdiscarded="39096" />
  <references type="soft" candidates="3" cleared="0" enqueued="0" dynamicThreshold="28" maxThreshold="32" />
  <references type="weak" candidates="3" cleared="2" enqueued="2" />
  <references type="phantom" candidates="7" cleared="0" enqueued="0" />
</gc-op>
<gc-end id="119" type="scavenge" contextid="115" durationms="0.578" usertimems="0.000" systemtimems="0.000" timestamp="2019-06-15T23:01:39.319" activeThreads="4">
  <mem-info id="120" free="6426792" total="8388608" percent="76">
    <mem type="nursery" free="1052312" total="2097152" percent="50">
      <mem type="allocate" free="1052312" total="1441792" percent="72" />
      <mem type="survivor" free="0" total="655360" percent="0" />
    </mem>
    <mem type="tenure" free="5374480" total="6291456" percent="85">
      <mem type="soa" free="5060112" total="5977088" percent="84" />
      <mem type="loa" free="314368" total="314368" percent="100" />
    </mem>
    <pending-finalizers system="0" default="0" reference="2" classloader="0" />
    <remembered-set count="949" />
  </mem-info>
</gc-end>
<cycle-end id="121" type="scavenge" contextid="115" timestamp="2019-06-15T23:01:39.319" />
  <attribute name="elasticGC enabled" value="1" />
  <attribute name= "numThreadsSpecified" value="4" />
  <attribute name="heapSize specified" value="8388608" />
  <attribute name="Current GC Util" value="0" />
  <attribute name= "Current Time Running" value="13253" />
  <attribute name ="GC Interval" value="200" />
  <attribute name="ProportionalT" value="-30.000000" />
  <attribute name="ProportionalI" value="-30.000000" />
  <attribute name="ProportionalH" value="-30.000000" />
  <attribute name="Current Error" value="-20.000000" />
  <attribute name="IntegralT" value="-1760.000000" />
  <attribute name="IntegralI" value="-1760.000000" />
  <attribute name="IntegralH" value="-1760.000000" />
  <attribute name="DerivativeT" value="-0.227273" />
  <attribute name="DerivativeI" value="-0.227273" />
  <attribute name="DerivativeH" value="-0.227273" />
  <attribute name="Loop Time for DT" value="88.000000" />
  <attribute name="Output H" value="2092630016"/>
  <attribute name="Output I" value="200"/>
  <attribute name="Output T" value="4"/>
  <attribute name="Target GC Util Change" value ="20.000000" />
  <attribute name="Current GC Util Change" value="0.000000"/>
  <attribute name="GC Util currently" value="0" />
  <attribute name="CPU Util currently" value="5" />
<allocation-satisfied id="122" threadId="00000000014B1700" bytesRequested="112" />
<af-end id="123" timestamp="2019-06-15T23:01:39.319" threadId="00000000014B2088" success="true" from="nursery"/>
<exclusive-end id="124" timestamp="2019-06-15T23:01:39.319" durationms="0.966" />

<exclusive-start id="125" timestamp="2019-06-15T23:01:39.622" intervalms="304.326">
  <response-info timems="0.020" idlems="0.020" threads="0" lastid="00000000014B1700" lastname="main" />
</exclusive-start>
<af-start id="126" threadId="00000000014B2088" totalBytesRequested="2288" timestamp="2019-06-15T23:01:39.622" intervalms="304.322" type="nursery" />
<cycle-start id="127" type="scavenge" contextid="0" timestamp="2019-06-15T23:01:39.622" intervalms="304.323" />
<gc-start id="128" type="scavenge" contextid="127" timestamp="2019-06-15T23:01:39.622">
  <mem-info id="129" free="5356944" total="8388608" percent="63">
    <mem type="nursery" free="0" total="2097152" percent="0">
      <mem type="allocate" free="0" total="1441792" percent="0" />
      <mem type="survivor" free="0" total="655360" percent="0" />
    </mem>
    <mem type="tenure" free="5356944" total="6291456" percent="85">
      <mem type="soa" free="5042576" total="5977088" percent="84" />
      <mem type="loa" free="314368" total="314368" percent="100" />
    </mem>
    <remembered-set count="1195" />
  </mem-info>
</gc-start>
<allocation-stats totalBytes="1067736" >
  <allocated-bytes non-tlh="17648" tlh="1050088" />
  <largest-consumer threadName="main" threadId="00000000014B1700" bytes="1067736" />
</allocation-stats>
<gc-op id="130" type="scavenge" timems="0.879" contextid="127" timestamp="2019-06-15T23:01:39.623">
  <scavenger-info tenureage="3" tenuremask="fff8" tiltratio="68" />
  <memory-copied type="nursery" objects="12613" bytes="633056" bytesdiscarded="22224" />
  <memory-copied type="tenure" objects="961" bytes="21264" bytesdiscarded="16" />
  <copy-failed type="nursery" objects="961" bytes="21264" />
  <references type="soft" candidates="3" cleared="0" enqueued="0" dynamicThreshold="28" maxThreshold="32" />
  <references type="weak" candidates="8" cleared="7" enqueued="7" />
  <references type="phantom" candidates="8" cleared="2" enqueued="2" />
</gc-op>
<gc-end id="131" type="scavenge" contextid="127" durationms="1.059" usertimems="0.000" systemtimems="0.000" timestamp="2019-06-15T23:01:39.623" activeThreads="4">
  <mem-info id="132" free="5680272" total="8388608" percent="67">
    <mem type="nursery" free="393216" total="2097152" percent="18">
      <mem type="allocate" free="393216" total="1048576" percent="37" />
      <mem type="survivor" free="0" total="1048576" percent="0" />
    </mem>
    <mem type="tenure" free="5287056" total="6291456" percent="84">
      <mem type="soa" free="4972688" total="5977088" percent="83" />
      <mem type="loa" free="314368" total="314368" percent="100" />
    </mem>
    <pending-finalizers system="0" default="0" reference="9" classloader="0" />
    <remembered-set count="1806" />
  </mem-info>
</gc-end>
<cycle-end id="133" type="scavenge" contextid="127" timestamp="2019-06-15T23:01:39.624" />
  <attribute name="elasticGC enabled" value="1" />
  <attribute name= "numThreadsSpecified" value="4" />
  <attribute name="heapSize specified" value="8388608" />
  <attribute name="Current GC Util" value="0" />
  <attribute name= "Current Time Running" value="13557" />
  <attribute name ="GC Interval" value="200" />
  <attribute name="ProportionalT" value="-30.000000" />
  <attribute name="ProportionalI" value="-30.000000" />
  <attribute name="ProportionalH" value="-30.000000" />
  <attribute name="Current Error" value="-20.000000" />
  <attribute name="IntegralT" value="-6080.000000" />
  <attribute name="IntegralI" value="-6080.000000" />
  <attribute name="IntegralH" value="-6080.000000" />
  <attribute name="DerivativeT" value="-0.065789" />
  <attribute name="DerivativeI" value="-0.065789" />
  <attribute name="DerivativeH" value="-0.065789" />
  <attribute name="Loop Time for DT" value="304.000000" />
  <attribute name="Output H" value="2092630016"/>
  <attribute name="Output I" value="200"/>
  <attribute name="Output T" value="4"/>
  <attribute name="Target GC Util Change" value ="20.000000" />
  <attribute name="Current GC Util Change" value="0.000000"/>
  <attribute name="GC Util currently" value="0" />
  <attribute name="CPU Util currently" value="17" />
<allocation-satisfied id="134" threadId="00000000014B1700" bytesRequested="2288" />
<af-end id="135" timestamp="2019-06-15T23:01:39.624" threadId="00000000014B2088" success="true" from="nursery"/>
<exclusive-end id="136" timestamp="2019-06-15T23:01:39.624" durationms="1.433" />

<exclusive-start id="137" timestamp="2019-06-15T23:01:39.633" intervalms="11.226">
  <response-info timems="0.022" idlems="0.022" threads="0" lastid="00000000014B1700" lastname="main" />
</exclusive-start>
<af-start id="138" threadId="00000000014B2088" totalBytesRequested="40" timestamp="2019-06-15T23:01:39.634" intervalms="11.211" type="nursery" />
<cycle-start id="139" type="scavenge" contextid="0" timestamp="2019-06-15T23:01:39.634" intervalms="11.201" />
<gc-start id="140" type="scavenge" contextid="139" timestamp="2019-06-15T23:01:39.634">
  <mem-info id="141" free="5275360" total="8388608" percent="62">
    <mem type="nursery" free="0" total="2097152" percent="0">
      <mem type="allocate" free="0" total="1048576" percent="0" />
      <mem type="survivor" free="0" total="1048576" percent="0" />
    </mem>
    <mem type="tenure" free="5275360" total="6291456" percent="83">
      <mem type="soa" free="4960992" total="5977088" percent="83" />
      <mem type="loa" free="314368" total="314368" percent="100" />
    </mem>
    <remembered-set count="2036" />
  </mem-info>
</gc-start>
<allocation-stats totalBytes="404792" >
  <allocated-bytes non-tlh="13984" tlh="390808" />
  <largest-consumer threadName="main" threadId="00000000014B1700" bytes="404792" />
</allocation-stats>
<gc-op id="142" type="scavenge" timems="0.887" contextid="139" timestamp="2019-06-15T23:01:39.635">
  <scavenger-info tenureage="3" tenuremask="fff8" tiltratio="50" />
  <memory-copied type="nursery" objects="10780" bytes="355920" bytesdiscarded="127016" />
  <memory-copied type="tenure" objects="2121" bytes="285016" bytesdiscarded="8" />
</gc-op>
<gc-end id="143" type="scavenge" contextid="139" durationms="1.041" usertimems="0.000" systemtimems="0.000" timestamp="2019-06-15T23:01:39.635" activeThreads="4">
  <mem-info id="144" free="5587232" total="8388608" percent="66">
    <mem type="nursery" free="631144" total="2097152" percent="30">
      <mem type="allocate" free="631144" total="1114112" percent="56" />
      <mem type="survivor" free="0" total="983040" percent="0" />
    </mem>
    <mem type="tenure" free="4956088" total="6291456" percent="78">
      <mem type="soa" free="4641720" total="5977088" percent="77" />
      <mem type="loa" free="314368" total="314368" percent="100" />
    </mem>
    <remembered-set count="1594" />
  </mem-info>
</gc-end>
<cycle-end id="145" type="scavenge" contextid="139" timestamp="2019-06-15T23:01:39.635" />
  <attribute name="elasticGC enabled" value="1" />
  <attribute name= "numThreadsSpecified" value="4" />
  <attribute name="heapSize specified" value="8388608" />
  <attribute name="Current GC Util" value="16" />
  <attribute name= "Current Time Running" value="13568" />
  <attribute name ="GC Interval" value="200" />
  <attribute name="ProportionalT" value="-6.000000" />
  <attribute name="ProportionalI" value="-6.000000" />
  <attribute name="ProportionalH" value="-6.000000" />
  <attribute name="Current Error" value="-4.000000" />
  <attribute name="IntegralT" value="-44.000000" />
  <attribute name="IntegralI" value="-44.000000" />
  <attribute name="IntegralH" value="-44.000000" />
  <attribute name="DerivativeT" value="-0.363636" />
  <attribute name="DerivativeI" value="-0.363636" />
  <attribute name="DerivativeH" value="-0.363636" />
  <attribute name="Loop Time for DT" value="11.000000" />
  <attribute name="Output H" value="2092630016"/>
  <attribute name="Output I" value="200"/>
  <attribute name="Output T" value="4"/>
  <attribute name="Target GC Util Change" value ="20.000000" />
  <attribute name="Current GC Util Change" value="16.000000"/>
  <attribute name="GC Util currently" value="16" />
  <attribute name="CPU Util currently" value="412340700464" />
<allocation-satisfied id="146" threadId="00000000014B1700" bytesRequested="40" />
<af-end id="147" timestamp="2019-06-15T23:01:39.635" threadId="00000000014B2088" success="true" from="nursery"/>
<exclusive-end id="148" timestamp="2019-06-15T23:01:39.635" durationms="1.373" />

<exclusive-start id="149" timestamp="2019-06-15T23:01:39.721" intervalms="87.191">
  <response-info timems="0.032" idlems="0.032" threads="0" lastid="00000000014B1700" lastname="main" />
</exclusive-start>
<af-start id="150" threadId="00000000014B2088" totalBytesRequested="176" timestamp="2019-06-15T23:01:39.721" intervalms="87.206" type="nursery" />
<cycle-start id="151" type="scavenge" contextid="0" timestamp="2019-06-15T23:01:39.721" intervalms="87.213" />
<gc-start id="152" type="scavenge" contextid="151" timestamp="2019-06-15T23:01:39.721">
  <mem-info id="153" free="4942880" total="8388608" percent="58">
    <mem type="nursery" free="0" total="2097152" percent="0">
      <mem type="allocate" free="0" total="1114112" percent="0" />
      <mem type="survivor" free="0" total="983040" percent="0" />
    </mem>
    <mem type="tenure" free="4942880" total="6291456" percent="78">
      <mem type="soa" free="4628512" total="5977088" percent="77" />
      <mem type="loa" free="314368" total="314368" percent="100" />
    </mem>
    <remembered-set count="1815" />
  </mem-info>
</gc-start>
<allocation-stats totalBytes="642336" >
  <allocated-bytes non-tlh="107904" tlh="534432" />
  <largest-consumer threadName="main" threadId="00000000014B1700" bytes="642336" />
</allocation-stats>
<gc-op id="154" type="scavenge" timems="0.785" contextid="151" timestamp="2019-06-15T23:01:39.722">
  <scavenger-info tenureage="2" tenuremask="fffc" tiltratio="53" />
  <memory-copied type="nursery" objects="1296" bytes="85384" bytesdiscarded="29832" />
  <memory-copied type="tenure" objects="10438" bytes="345488" bytesdiscarded="16" />
  <references type="weak" candidates="2" cleared="2" enqueued="2" />
</gc-op>
<gc-end id="155" type="scavenge" contextid="151" durationms="0.958" usertimems="0.000" systemtimems="0.000" timestamp="2019-06-15T23:01:39.722" activeThreads="4">
  <mem-info id="156" free="5668560" total="8388608" percent="67">
    <mem type="nursery" free="1064408" total="2097152" percent="50">
      <mem type="allocate" free="1064408" total="1179648" percent="90" />
      <mem type="survivor" free="0" total="917504" percent="0" />
    </mem>
    <mem type="tenure" free="4604152" total="6291456" percent="73">
      <mem type="soa" free="4289784" total="5977088" percent="71" />
      <mem type="loa" free="314368" total="314368" percent="100" />
    </mem>
    <pending-finalizers system="0" default="0" reference="2" classloader="0" />
    <remembered-set count="516" />
  </mem-info>
</gc-end>
<cycle-end id="157" type="scavenge" contextid="151" timestamp="2019-06-15T23:01:39.722" />
  <attribute name="elasticGC enabled" value="1" />
  <attribute name= "numThreadsSpecified" value="4" />
  <attribute name="heapSize specified" value="8388608" />
  <attribute name="Current GC Util" value="2" />
  <attribute name= "Current Time Running" value="13655" />
  <attribute name ="GC Interval" value="200" />
  <attribute name="ProportionalT" value="-27.000000" />
  <attribute name="ProportionalI" value="-27.000000" />
  <attribute name="ProportionalH" value="-27.000000" />
  <attribute name="Current Error" value="-18.000000" />
  <attribute name="IntegralT" value="-1566.000000" />
  <attribute name="IntegralI" value="-1566.000000" />
  <attribute name="IntegralH" value="-1566.000000" />
  <attribute name="DerivativeT" value="-0.206897" />
  <attribute name="DerivativeI" value="-0.206897" />
  <attribute name="DerivativeH" value="-0.206897" />
  <attribute name="Loop Time for DT" value="87.000000" />
  <attribute name="Output H" value="2092630016"/>
  <attribute name="Output I" value="200"/>
  <attribute name="Output T" value="4"/>
  <attribute name="Target GC Util Change" value ="20.000000" />
  <attribute name="Current GC Util Change" value="2.000000"/>
  <attribute name="GC Util currently" value="2" />
  <attribute name="CPU Util currently" value="1" />
<allocation-satisfied id="158" threadId="00000000014B1700" bytesRequested="176" />
<af-end id="159" timestamp="2019-06-15T23:01:39.722" threadId="00000000014B2088" success="true" from="nursery"/>
<exclusive-end id="160" timestamp="2019-06-15T23:01:39.722" durationms="1.366" />

<exclusive-start id="161" timestamp="2019-06-15T23:01:39.753" intervalms="32.215">
  <response-info timems="0.053" idlems="0.053" threads="0" lastid="00000000014B1700" lastname="main" />
</exclusive-start>
<af-start id="162" threadId="00000000014B2088" totalBytesRequested="112" timestamp="2019-06-15T23:01:39.753" intervalms="32.215" type="nursery" />
<cycle-start id="163" type="scavenge" contextid="0" timestamp="2019-06-15T23:01:39.753" intervalms="32.214" />
<gc-start id="164" type="scavenge" contextid="163" timestamp="2019-06-15T23:01:39.753">
  <mem-info id="165" free="4578832" total="8388608" percent="54">
    <mem type="nursery" free="0" total="2097152" percent="0">
      <mem type="allocate" free="0" total="1179648" percent="0" />
      <mem type="survivor" free="0" total="917504" percent="0" />
    </mem>
    <mem type="tenure" free="4578832" total="6291456" percent="72">
      <mem type="soa" free="4264464" total="5977088" percent="71" />
      <mem type="loa" free="314368" total="314368" percent="100" />
    </mem>
    <remembered-set count="836" />
  </mem-info>
</gc-start>
<allocation-stats totalBytes="1087392" >
  <allocated-bytes non-tlh="25496" tlh="1061896" />
  <largest-consumer threadName="main" threadId="00000000014B1700" bytes="1087392" />
</allocation-stats>
<gc-op id="166" type="scavenge" timems="0.344" contextid="163" timestamp="2019-06-15T23:01:39.753">
  <scavenger-info tenureage="5" tenuremask="ffe0" tiltratio="56" />
  <memory-copied type="nursery" objects="3203" bytes="155032" bytesdiscarded="226928" />
</gc-op>
<gc-end id="167" type="scavenge" contextid="163" durationms="0.521" usertimems="0.000" systemtimems="4.000" timestamp="2019-06-15T23:01:39.754" activeThreads="4">
  <mem-info id="168" free="5507552" total="8388608" percent="65">
    <mem type="nursery" free="928720" total="2097152" percent="44">
      <mem type="allocate" free="928720" total="1310720" percent="70" />
      <mem type="survivor" free="0" total="786432" percent="0" />
    </mem>
    <mem type="tenure" free="4578832" total="6291456" percent="72">
      <mem type="soa" free="4264464" total="5977088" percent="71" />
      <mem type="loa" free="314368" total="314368" percent="100" />
    </mem>
    <remembered-set count="615" />
  </mem-info>
</gc-end>
<cycle-end id="169" type="scavenge" contextid="163" timestamp="2019-06-15T23:01:39.754" />
  <attribute name="elasticGC enabled" value="1" />
  <attribute name= "numThreadsSpecified" value="4" />
  <attribute name="heapSize specified" value="8388608" />
  <attribute name="Current GC Util" value="5" />
  <attribute name= "Current Time Running" value="13688" />
  <attribute name ="GC Interval" value="200" />
  <attribute name="ProportionalT" value="-22.500000" />
  <attribute name="ProportionalI" value="-22.500000" />
  <attribute name="ProportionalH" value="-22.500000" />
  <attribute name="Current Error" value="-15.000000" />
  <attribute name="IntegralT" value="-495.000000" />
  <attribute name="IntegralI" value="-495.000000" />
  <attribute name="IntegralH" value="-495.000000" />
  <attribute name="DerivativeT" value="-0.454545" />
  <attribute name="DerivativeI" value="-0.454545" />
  <attribute name="DerivativeH" value="-0.454545" />
  <attribute name="Loop Time for DT" value="33.000000" />
  <attribute name="Output H" value="2092630016"/>
  <attribute name="Output I" value="200"/>
  <attribute name="Output T" value="4"/>
  <attribute name="Target GC Util Change" value ="20.000000" />
  <attribute name="Current GC Util Change" value="5.000000"/>
  <attribute name="GC Util currently" value="5" />
  <attribute name="CPU Util currently" value="3" />
<allocation-satisfied id="170" threadId="00000000014B1700" bytesRequested="112" />
<af-end id="171" timestamp="2019-06-15T23:01:39.754" threadId="00000000014B2088" success="true" from="nursery"/>
<exclusive-end id="172" timestamp="2019-06-15T23:01:39.754" durationms="0.881" />

<exclusive-start id="173" timestamp="2019-06-15T23:01:39.901" intervalms="147.881">
  <response-info timems="0.027" idlems="0.027" threads="0" lastid="000000000176ED00" lastname="node-1" />
</exclusive-start>
<af-start id="174" threadId="000000000176F688" totalBytesRequested="16" timestamp="2019-06-15T23:01:39.901" intervalms="147.909" type="nursery" />
<cycle-start id="175" type="scavenge" contextid="0" timestamp="2019-06-15T23:01:39.901" intervalms="147.931" />
<gc-start id="176" type="scavenge" contextid="175" timestamp="2019-06-15T23:01:39.901">
  <mem-info id="177" free="4569720" total="8388608" percent="54">
    <mem type="nursery" free="0" total="2097152" percent="0">
      <mem type="allocate" free="0" total="1310720" percent="0" />
      <mem type="survivor" free="0" total="786432" percent="0" />
    </mem>
    <mem type="tenure" free="4569720" total="6291456" percent="72">
      <mem type="soa" free="4255352" total="5977088" percent="71" />
      <mem type="loa" free="314368" total="314368" percent="100" />
    </mem>
    <remembered-set count="736" />
  </mem-info>
</gc-start>
<allocation-stats totalBytes="936336" >
  <allocated-bytes non-tlh="9224" tlh="927112" />
  <largest-consumer threadName="main" threadId="00000000014B1700" bytes="789160" />
</allocation-stats>
<gc-op id="178" type="scavenge" timems="0.874" contextid="175" timestamp="2019-06-15T23:01:39.902">
  <scavenger-info tenureage="4" tenuremask="fff0" tiltratio="62" />
  <memory-copied type="nursery" objects="8638" bytes="432504" bytesdiscarded="10104" />
  <references type="weak" candidates="2" cleared="2" enqueued="2" />
</gc-op>
<gc-end id="179" type="scavenge" contextid="175" durationms="1.091" usertimems="4.000" systemtimems="0.000" timestamp="2019-06-15T23:01:39.902" activeThreads="4">
  <mem-info id="180" free="5437760" total="8388608" percent="64">
    <mem type="nursery" free="868040" total="2097152" percent="41">
      <mem type="allocate" free="868040" total="1310720" percent="66" />
      <mem type="survivor" free="0" total="786432" percent="0" />
    </mem>
    <mem type="tenure" free="4569720" total="6291456" percent="72">
      <mem type="soa" free="4255352" total="5977088" percent="71" />
      <mem type="loa" free="314368" total="314368" percent="100" />
    </mem>
    <pending-finalizers system="0" default="0" reference="2" classloader="0" />
    <remembered-set count="535" />
  </mem-info>
</gc-end>
<cycle-end id="181" type="scavenge" contextid="175" timestamp="2019-06-15T23:01:39.902" />
  <attribute name="elasticGC enabled" value="1" />
  <attribute name= "numThreadsSpecified" value="4" />
  <attribute name="heapSize specified" value="8388608" />
  <attribute name="Current GC Util" value="0" />
  <attribute name= "Current Time Running" value="13835" />
  <attribute name ="GC Interval" value="200" />
  <attribute name="ProportionalT" value="-30.000000" />
  <attribute name="ProportionalI" value="-30.000000" />
  <attribute name="ProportionalH" value="-30.000000" />
  <attribute name="Current Error" value="-20.000000" />
  <attribute name="IntegralT" value="-2940.000000" />
  <attribute name="IntegralI" value="-2940.000000" />
  <attribute name="IntegralH" value="-2940.000000" />
  <attribute name="DerivativeT" value="-0.136054" />
  <attribute name="DerivativeI" value="-0.136054" />
  <attribute name="DerivativeH" value="-0.136054" />
  <attribute name="Loop Time for DT" value="147.000000" />
  <attribute name="Output H" value="2092630016"/>
  <attribute name="Output I" value="200"/>
  <attribute name="Output T" value="4"/>
  <attribute name="Target GC Util Change" value ="20.000000" />
  <attribute name="Current GC Util Change" value="0.000000"/>
  <attribute name="GC Util currently" value="0" />
  <attribute name="CPU Util currently" value="19" />
<allocation-satisfied id="182" threadId="000000000176ED00" bytesRequested="16" />
<af-end id="183" timestamp="2019-06-15T23:01:39.902" threadId="000000000176F688" success="true" from="nursery"/>
<exclusive-end id="184" timestamp="2019-06-15T23:01:39.902" durationms="1.593" />

<exclusive-start id="185" timestamp="2019-06-15T23:01:40.227" intervalms="326.454">
  <response-info timems="0.030" idlems="0.030" threads="0" lastid="000000000176B100" lastname="node-2" />
</exclusive-start>
<af-start id="186" threadId="000000000176BA88" totalBytesRequested="32" timestamp="2019-06-15T23:01:40.227" intervalms="326.446" type="nursery" />
<cycle-start id="187" type="scavenge" contextid="0" timestamp="2019-06-15T23:01:40.227" intervalms="326.440" />
<gc-start id="188" type="scavenge" contextid="187" timestamp="2019-06-15T23:01:40.227">
  <mem-info id="189" free="4569720" total="8388608" percent="54">
    <mem type="nursery" free="0" total="2097152" percent="0">
      <mem type="allocate" free="0" total="1310720" percent="0" />
      <mem type="survivor" free="0" total="786432" percent="0" />
    </mem>
    <mem type="tenure" free="4569720" total="6291456" percent="72">
      <mem type="soa" free="4255352" total="5977088" percent="71" />
      <mem type="loa" free="314368" total="314368" percent="100" />
    </mem>
    <remembered-set count="535" />
  </mem-info>
</gc-start>
<allocation-stats totalBytes="867024" >
  <allocated-bytes non-tlh="16" tlh="867008" />
  <largest-consumer threadName="node-0" threadId="0000000001767500" bytes="318832" />
</allocation-stats>
<gc-op id="190" type="scavenge" timems="0.922" contextid="187" timestamp="2019-06-15T23:01:40.229">
  <scavenger-info tenureage="3" tenuremask="fff8" tiltratio="62" />
  <memory-copied type="nursery" objects="16305" bytes="561672" bytesdiscarded="127520" />
  <memory-copied type="tenure" objects="1105" bytes="81560" bytesdiscarded="8" />
</gc-op>
<gc-end id="191" type="scavenge" contextid="187" durationms="1.202" usertimems="4.000" systemtimems="0.000" timestamp="2019-06-15T23:01:40.229" activeThreads="4">
  <mem-info id="192" free="5007896" total="8388608" percent="59">
    <mem type="nursery" free="621480" total="2097152" percent="29">
      <mem type="allocate" free="621480" total="1310720" percent="47" />
      <mem type="survivor" free="0" total="786432" percent="0" />
    </mem>
    <mem type="tenure" free="4386416" total="6291456" percent="69">
      <mem type="soa" free="4072048" total="5977088" percent="68" />
      <mem type="loa" free="314368" total="314368" percent="100" />
    </mem>
    <remembered-set count="229" />
  </mem-info>
</gc-end>
<cycle-end id="193" type="scavenge" contextid="187" timestamp="2019-06-15T23:01:40.229" />
  <attribute name="elasticGC enabled" value="1" />
  <attribute name= "numThreadsSpecified" value="4" />
  <attribute name="heapSize specified" value="8388608" />
  <attribute name="Current GC Util" value="0" />
  <attribute name= "Current Time Running" value="14162" />
  <attribute name ="GC Interval" value="200" />
  <attribute name="ProportionalT" value="-30.000000" />
  <attribute name="ProportionalI" value="-30.000000" />
  <attribute name="ProportionalH" value="-30.000000" />
  <attribute name="Current Error" value="-20.000000" />
  <attribute name="IntegralT" value="-6540.000000" />
  <attribute name="IntegralI" value="-6540.000000" />
  <attribute name="IntegralH" value="-6540.000000" />
  <attribute name="DerivativeT" value="-0.061162" />
  <attribute name="DerivativeI" value="-0.061162" />
  <attribute name="DerivativeH" value="-0.061162" />
  <attribute name="Loop Time for DT" value="327.000000" />
  <attribute name="Output H" value="2092630016"/>
  <attribute name="Output I" value="200"/>
  <attribute name="Output T" value="4"/>
  <attribute name="Target GC Util Change" value ="20.000000" />
  <attribute name="Current GC Util Change" value="0.000000"/>
  <attribute name="GC Util currently" value="0" />
  <attribute name="CPU Util currently" value="15" />
<allocation-satisfied id="194" threadId="000000000176B100" bytesRequested="32" />
<af-end id="195" timestamp="2019-06-15T23:01:40.229" threadId="000000000176BA88" success="true" from="nursery"/>
<exclusive-end id="196" timestamp="2019-06-15T23:01:40.229" durationms="1.773" />

<exclusive-start id="197" timestamp="2019-06-15T23:01:40.421" intervalms="194.233">
  <response-info timems="0.029" idlems="0.029" threads="0" lastid="000000000176ED00" lastname="node-1" />
</exclusive-start>
<af-start id="198" threadId="000000000176F688" totalBytesRequested="24" timestamp="2019-06-15T23:01:40.422" intervalms="194.227" type="nursery" />
<cycle-start id="199" type="scavenge" contextid="0" timestamp="2019-06-15T23:01:40.422" intervalms="194.216" />
<gc-start id="200" type="scavenge" contextid="199" timestamp="2019-06-15T23:01:40.422">
  <mem-info id="201" free="4386416" total="8388608" percent="52">
    <mem type="nursery" free="0" total="2097152" percent="0">
      <mem type="allocate" free="0" total="1310720" percent="0" />
      <mem type="survivor" free="0" total="786432" percent="0" />
    </mem>
    <mem type="tenure" free="4386416" total="6291456" percent="69">
      <mem type="soa" free="4072048" total="5977088" percent="68" />
      <mem type="loa" free="314368" total="314368" percent="100" />
    </mem>
    <remembered-set count="229" />
  </mem-info>
</gc-start>
<allocation-stats totalBytes="621240" >
  <allocated-bytes non-tlh="32" tlh="621208" />
  <largest-consumer threadName="node-0" threadId="0000000001767500" bytes="228072" />
</allocation-stats>
<gc-op id="202" type="scavenge" timems="1.110" contextid="199" timestamp="2019-06-15T23:01:40.423">
  <scavenger-info tenureage="2" tenuremask="fffc" tiltratio="62" />
  <memory-copied type="nursery" objects="15128" bytes="362952" bytesdiscarded="73272" />
  <memory-copied type="tenure" objects="7506" bytes="350224" bytesdiscarded="120" />
</gc-op>
<gc-end id="203" type="scavenge" contextid="199" durationms="1.322" usertimems="0.000" systemtimems="4.000" timestamp="2019-06-15T23:01:40.423" activeThreads="4">
  <mem-info id="204" free="4929768" total="8388608" percent="58">
    <mem type="nursery" free="940032" total="2097152" percent="44">
      <mem type="allocate" free="940032" total="1376256" percent="68" />
      <mem type="survivor" free="0" total="720896" percent="0" />
    </mem>
    <mem type="tenure" free="3989736" total="6291456" percent="63">
      <mem type="soa" free="3675368" total="5977088" percent="61" />
      <mem type="loa" free="314368" total="314368" percent="100" />
    </mem>
    <remembered-set count="107" />
  </mem-info>
</gc-end>
<cycle-end id="205" type="scavenge" contextid="199" timestamp="2019-06-15T23:01:40.423" />
  <attribute name="elasticGC enabled" value="1" />
  <attribute name= "numThreadsSpecified" value="4" />
  <attribute name="heapSize specified" value="8388608" />
  <attribute name="Current GC Util" value="0" />
  <attribute name= "Current Time Running" value="14356" />
  <attribute name ="GC Interval" value="200" />
  <attribute name="ProportionalT" value="-30.000000" />
  <attribute name="ProportionalI" value="-30.000000" />
  <attribute name="ProportionalH" value="-30.000000" />
  <attribute name="Current Error" value="-20.000000" />
  <attribute name="IntegralT" value="-3880.000000" />
  <attribute name="IntegralI" value="-3880.000000" />
  <attribute name="IntegralH" value="-3880.000000" />
  <attribute name="DerivativeT" value="-0.103093" />
  <attribute name="DerivativeI" value="-0.103093" />
  <attribute name="DerivativeH" value="-0.103093" />
  <attribute name="Loop Time for DT" value="194.000000" />
  <attribute name="Output H" value="2092630016"/>
  <attribute name="Output I" value="200"/>
  <attribute name="Output T" value="4"/>
  <attribute name="Target GC Util Change" value ="20.000000" />
  <attribute name="Current GC Util Change" value="0.000000"/>
  <attribute name="GC Util currently" value="0" />
  <attribute name="CPU Util currently" value="12" />
<allocation-satisfied id="206" threadId="000000000176ED00" bytesRequested="24" />
<af-end id="207" timestamp="2019-06-15T23:01:40.423" threadId="000000000176F688" success="true" from="nursery"/>
<exclusive-end id="208" timestamp="2019-06-15T23:01:40.423" durationms="1.756" />

<exclusive-start id="209" timestamp="2019-06-15T23:01:40.722" intervalms="300.489">
  <response-info timems="0.035" idlems="0.035" threads="0" lastid="000000000176B100" lastname="node-2" />
</exclusive-start>
<af-start id="210" threadId="000000000176BA88" totalBytesRequested="32" timestamp="2019-06-15T23:01:40.722" intervalms="300.503" type="nursery" />
<cycle-start id="211" type="scavenge" contextid="0" timestamp="2019-06-15T23:01:40.722" intervalms="300.516" />
<gc-start id="212" type="scavenge" contextid="211" timestamp="2019-06-15T23:01:40.722">
  <mem-info id="213" free="3989736" total="8388608" percent="47">
    <mem type="nursery" free="0" total="2097152" percent="0">
      <mem type="allocate" free="0" total="1376256" percent="0" />
      <mem type="survivor" free="0" total="720896" percent="0" />
    </mem>
    <mem type="tenure" free="3989736" total="6291456" percent="63">
      <mem type="soa" free="3675368" total="5977088" percent="61" />
      <mem type="loa" free="314368" total="314368" percent="100" />
    </mem>
    <remembered-set count="119" />
  </mem-info>
</gc-start>
<allocation-stats totalBytes="939824" >
  <allocated-bytes non-tlh="24" tlh="939800" />
  <largest-consumer threadName="node-0" threadId="0000000001767500" bytes="329712" />
</allocation-stats>
<gc-op id="214" type="scavenge" timems="1.574" contextid="211" timestamp="2019-06-15T23:01:40.724">
  <scavenger-info tenureage="2" tenuremask="7ffc" tiltratio="65" />
  <memory-copied type="nursery" objects="16172" bytes="388008" bytesdiscarded="3672" />
  <memory-copied type="tenure" objects="8779" bytes="210696" bytesdiscarded="16" />
</gc-op>
<gc-end id="215" type="scavenge" contextid="211" durationms="1.835" usertimems="4.000" systemtimems="0.000" timestamp="2019-06-15T23:01:40.724" activeThreads="4">
  <mem-info id="216" free="4739304" total="8388608" percent="56">
    <mem type="nursery" free="984576" total="2097152" percent="46">
      <mem type="allocate" free="984576" total="1376256" percent="71" />
      <mem type="survivor" free="0" total="720896" percent="0" />
    </mem>
    <mem type="tenure" free="3754728" total="6291456" percent="59">
      <mem type="soa" free="3440360" total="5977088" percent="57" />
      <mem type="loa" free="314368" total="314368" percent="100" />
    </mem>
    <remembered-set count="107" />
  </mem-info>
</gc-end>
<cycle-end id="217" type="scavenge" contextid="211" timestamp="2019-06-15T23:01:40.724" />
  <attribute name="elasticGC enabled" value="1" />
  <attribute name= "numThreadsSpecified" value="4" />
  <attribute name="heapSize specified" value="8388608" />
  <attribute name="Current GC Util" value="0" />
  <attribute name= "Current Time Running" value="14657" />
  <attribute name ="GC Interval" value="200" />
  <attribute name="ProportionalT" value="-30.000000" />
  <attribute name="ProportionalI" value="-30.000000" />
  <attribute name="ProportionalH" value="-30.000000" />
  <attribute name="Current Error" value="-20.000000" />
  <attribute name="IntegralT" value="-6020.000000" />
  <attribute name="IntegralI" value="-6020.000000" />
  <attribute name="IntegralH" value="-6020.000000" />
  <attribute name="DerivativeT" value="-0.066445" />
  <attribute name="DerivativeI" value="-0.066445" />
  <attribute name="DerivativeH" value="-0.066445" />
  <attribute name="Loop Time for DT" value="301.000000" />
  <attribute name="Output H" value="2092630016"/>
  <attribute name="Output I" value="200"/>
  <attribute name="Output T" value="4"/>
  <attribute name="Target GC Util Change" value ="20.000000" />
  <attribute name="Current GC Util Change" value="0.000000"/>
  <attribute name="GC Util currently" value="0" />
  <attribute name="CPU Util currently" value="15" />
<allocation-satisfied id="218" threadId="000000000176B100" bytesRequested="32" />
<af-end id="219" timestamp="2019-06-15T23:01:40.724" threadId="000000000176BA88" success="true" from="nursery"/>
<exclusive-end id="220" timestamp="2019-06-15T23:01:40.724" durationms="2.468" />

<exclusive-start id="221" timestamp="2019-06-15T23:01:41.052" intervalms="329.753">
  <response-info timems="0.030" idlems="0.030" threads="0" lastid="0000000001767500" lastname="node-0" />
</exclusive-start>
<af-start id="222" threadId="0000000001767E88" totalBytesRequested="32" timestamp="2019-06-15T23:01:41.052" intervalms="329.738" type="nursery" />
<cycle-start id="223" type="scavenge" contextid="0" timestamp="2019-06-15T23:01:41.052" intervalms="329.737" />
<gc-start id="224" type="scavenge" contextid="223" timestamp="2019-06-15T23:01:41.052">
  <mem-info id="225" free="3754728" total="8388608" percent="44">
    <mem type="nursery" free="0" total="2097152" percent="0">
      <mem type="allocate" free="0" total="1376256" percent="0" />
      <mem type="survivor" free="0" total="720896" percent="0" />
    </mem>
    <mem type="tenure" free="3754728" total="6291456" percent="59">
      <mem type="soa" free="3440360" total="5977088" percent="57" />
      <mem type="loa" free="314368" total="314368" percent="100" />
    </mem>
    <remembered-set count="117" />
  </mem-info>
</gc-start>
<allocation-stats totalBytes="984144" >
  <allocated-bytes non-tlh="32" tlh="984112" />
  <largest-consumer threadName="node-2" threadId="000000000176B100" bytes="343832" />
</allocation-stats>
<gc-op id="226" type="scavenge" timems="1.456" contextid="223" timestamp="2019-06-15T23:01:41.053">
  <scavenger-info tenureage="2" tenuremask="7ffc" tiltratio="65" />
  <memory-copied type="nursery" objects="19939" bytes="478416" bytesdiscarded="30768" />
  <memory-copied type="tenure" objects="6334" bytes="152016" bytesdiscarded="0" />
</gc-op>
<gc-end id="227" type="scavenge" contextid="223" durationms="1.719" usertimems="0.000" systemtimems="4.000" timestamp="2019-06-15T23:01:41.054" activeThreads="4">
  <mem-info id="228" free="4530664" total="8388608" percent="54">
    <mem type="nursery" free="932608" total="2097152" percent="44">
      <mem type="allocate" free="932608" total="1441792" percent="64" />
      <mem type="survivor" free="0" total="655360" percent="0" />
    </mem>
    <mem type="tenure" free="3598056" total="6291456" percent="57">
      <mem type="soa" free="3283688" total="5977088" percent="54" />
      <mem type="loa" free="314368" total="314368" percent="100" />
    </mem>
    <remembered-set count="102" />
  </mem-info>
</gc-end>
<cycle-end id="229" type="scavenge" contextid="223" timestamp="2019-06-15T23:01:41.054" />
  <attribute name="elasticGC enabled" value="1" />
  <attribute name= "numThreadsSpecified" value="4" />
  <attribute name="heapSize specified" value="8388608" />
  <attribute name="Current GC Util" value="0" />
  <attribute name= "Current Time Running" value="14986" />
  <attribute name ="GC Interval" value="200" />
  <attribute name="ProportionalT" value="-30.000000" />
  <attribute name="ProportionalI" value="-30.000000" />
  <attribute name="ProportionalH" value="-30.000000" />
  <attribute name="Current Error" value="-20.000000" />
  <attribute name="IntegralT" value="-6580.000000" />
  <attribute name="IntegralI" value="-6580.000000" />
  <attribute name="IntegralH" value="-6580.000000" />
  <attribute name="DerivativeT" value="-0.060790" />
  <attribute name="DerivativeI" value="-0.060790" />
  <attribute name="DerivativeH" value="-0.060790" />
  <attribute name="Loop Time for DT" value="329.000000" />
  <attribute name="Output H" value="2092630016"/>
  <attribute name="Output I" value="200"/>
  <attribute name="Output T" value="4"/>
  <attribute name="Target GC Util Change" value ="20.000000" />
  <attribute name="Current GC Util Change" value="0.000000"/>
  <attribute name="GC Util currently" value="0" />
  <attribute name="CPU Util currently" value="10" />
<allocation-satisfied id="230" threadId="0000000001767500" bytesRequested="32" />
<af-end id="231" timestamp="2019-06-15T23:01:41.054" threadId="0000000001767E88" success="true" from="nursery"/>
<exclusive-end id="232" timestamp="2019-06-15T23:01:41.054" durationms="2.310" />

<exclusive-start id="233" timestamp="2019-06-15T23:01:41.384" intervalms="332.124">
  <response-info timems="0.029" idlems="0.029" threads="0" lastid="000000000176ED00" lastname="node-1" />
</exclusive-start>
<af-start id="234" threadId="000000000176F688" totalBytesRequested="24" timestamp="2019-06-15T23:01:41.384" intervalms="332.128" type="nursery" />
<cycle-start id="235" type="scavenge" contextid="0" timestamp="2019-06-15T23:01:41.384" intervalms="332.125" />
<gc-start id="236" type="scavenge" contextid="235" timestamp="2019-06-15T23:01:41.384">
  <mem-info id="237" free="3598056" total="8388608" percent="42">
    <mem type="nursery" free="0" total="2097152" percent="0">
      <mem type="allocate" free="0" total="1441792" percent="0" />
      <mem type="survivor" free="0" total="655360" percent="0" />
    </mem>
    <mem type="tenure" free="3598056" total="6291456" percent="57">
      <mem type="soa" free="3283688" total="5977088" percent="54" />
      <mem type="loa" free="314368" total="314368" percent="100" />
    </mem>
    <remembered-set count="114" />
  </mem-info>
</gc-start>
<allocation-stats totalBytes="932136" >
  <allocated-bytes non-tlh="32" tlh="932104" />
  <largest-consumer threadName="node-2" threadId="000000000176B100" bytes="315272" />
</allocation-stats>
<gc-op id="238" type="scavenge" timems="1.623" contextid="235" timestamp="2019-06-15T23:01:41.386">
  <scavenger-info tenureage="2" tenuremask="7ffc" tiltratio="68" />
  <memory-copied type="nursery" objects="20111" bytes="482544" bytesdiscarded="65808" />
  <memory-copied type="tenure" objects="9823" bytes="235752" bytesdiscarded="0" />
</gc-op>
<gc-end id="239" type="scavenge" contextid="235" durationms="1.827" usertimems="0.000" systemtimems="0.000" timestamp="2019-06-15T23:01:41.386" activeThreads="4">
  <mem-info id="240" free="4400360" total="8388608" percent="52">
    <mem type="nursery" free="958976" total="2097152" percent="45">
      <mem type="allocate" free="958976" total="1507328" percent="63" />
      <mem type="survivor" free="0" total="589824" percent="0" />
    </mem>
    <mem type="tenure" free="3441384" total="6291456" percent="54">
      <mem type="soa" free="3127016" total="5977088" percent="52" />
      <mem type="loa" free="314368" total="314368" percent="100" />
    </mem>
    <remembered-set count="100" />
  </mem-info>
</gc-end>
<cycle-end id="241" type="scavenge" contextid="235" timestamp="2019-06-15T23:01:41.386" />
  <attribute name="elasticGC enabled" value="1" />
  <attribute name= "numThreadsSpecified" value="4" />
  <attribute name="heapSize specified" value="8388608" />
  <attribute name="Current GC Util" value="0" />
  <attribute name= "Current Time Running" value="15319" />
  <attribute name ="GC Interval" value="200" />
  <attribute name="ProportionalT" value="-30.000000" />
  <attribute name="ProportionalI" value="-30.000000" />
  <attribute name="ProportionalH" value="-30.000000" />
  <attribute name="Current Error" value="-20.000000" />
  <attribute name="IntegralT" value="-6660.000000" />
  <attribute name="IntegralI" value="-6660.000000" />
  <attribute name="IntegralH" value="-6660.000000" />
  <attribute name="DerivativeT" value="-0.060060" />
  <attribute name="DerivativeI" value="-0.060060" />
  <attribute name="DerivativeH" value="-0.060060" />
  <attribute name="Loop Time for DT" value="333.000000" />
  <attribute name="Output H" value="2092630016"/>
  <attribute name="Output I" value="200"/>
  <attribute name="Output T" value="4"/>
  <attribute name="Target GC Util Change" value ="20.000000" />
  <attribute name="Current GC Util Change" value="0.000000"/>
  <attribute name="GC Util currently" value="0" />
  <attribute name="CPU Util currently" value="7" />
<allocation-satisfied id="242" threadId="000000000176ED00" bytesRequested="24" />
<af-end id="243" timestamp="2019-06-15T23:01:41.386" threadId="000000000176F688" success="true" from="nursery"/>
<exclusive-end id="244" timestamp="2019-06-15T23:01:41.386" durationms="2.318" />

<exclusive-start id="245" timestamp="2019-06-15T23:01:41.648" intervalms="263.736">
  <response-info timems="0.028" idlems="0.028" threads="0" lastid="0000000001767500" lastname="node-0" />
</exclusive-start>
<af-start id="246" threadId="0000000001767E88" totalBytesRequested="32" timestamp="2019-06-15T23:01:41.648" intervalms="263.737" type="nursery" />
<cycle-start id="247" type="scavenge" contextid="0" timestamp="2019-06-15T23:01:41.648" intervalms="263.742" />
<gc-start id="248" type="scavenge" contextid="247" timestamp="2019-06-15T23:01:41.648">
  <mem-info id="249" free="3441384" total="8388608" percent="41">
    <mem type="nursery" free="0" total="2097152" percent="0">
      <mem type="allocate" free="0" total="1507328" percent="0" />
      <mem type="survivor" free="0" total="589824" percent="0" />
    </mem>
    <mem type="tenure" free="3441384" total="6291456" percent="54">
      <mem type="soa" free="3127016" total="5977088" percent="52" />
      <mem type="loa" free="314368" total="314368" percent="100" />
    </mem>
    <remembered-set count="112" />
  </mem-info>
</gc-start>
<allocation-stats totalBytes="958824" >
  <allocated-bytes non-tlh="24" tlh="958800" />
  <largest-consumer threadName="node-0" threadId="0000000001767500" bytes="328072" />
</allocation-stats>
<gc-op id="250" type="scavenge" timems="1.704" contextid="247" timestamp="2019-06-15T23:01:41.650">
  <scavenger-info tenureage="1" tenuremask="7ffe" tiltratio="71" />
  <memory-copied type="nursery" objects="10475" bytes="251280" bytesdiscarded="62064" />
  <memory-copied type="tenure" objects="20096" bytes="482304" bytesdiscarded="0" />
</gc-op>
<gc-end id="251" type="scavenge" contextid="247" durationms="1.890" usertimems="0.000" systemtimems="0.000" timestamp="2019-06-15T23:01:41.650" activeThreads="4">
  <mem-info id="252" free="4126184" total="8388608" percent="49">
    <mem type="nursery" free="1193984" total="2097152" percent="56">
      <mem type="allocate" free="1193984" total="1507328" percent="79" />
      <mem type="survivor" free="0" total="589824" percent="0" />
    </mem>
    <mem type="tenure" free="2932200" total="6291456" percent="46">
      <mem type="soa" free="2617832" total="5977088" percent="43" />
      <mem type="loa" free="314368" total="314368" percent="100" />
    </mem>
    <remembered-set count="101" />
  </mem-info>
</gc-end>
<cycle-end id="253" type="scavenge" contextid="247" timestamp="2019-06-15T23:01:41.650" />
  <attribute name="elasticGC enabled" value="1" />
  <attribute name= "numThreadsSpecified" value="4" />
  <attribute name="heapSize specified" value="8388608" />
  <attribute name="Current GC Util" value="0" />
  <attribute name= "Current Time Running" value="15582" />
  <attribute name ="GC Interval" value="200" />
  <attribute name="ProportionalT" value="-30.000000" />
  <attribute name="ProportionalI" value="-30.000000" />
  <attribute name="ProportionalH" value="-30.000000" />
  <attribute name="Current Error" value="-20.000000" />
  <attribute name="IntegralT" value="-5260.000000" />
  <attribute name="IntegralI" value="-5260.000000" />
  <attribute name="IntegralH" value="-5260.000000" />
  <attribute name="DerivativeT" value="-0.076046" />
  <attribute name="DerivativeI" value="-0.076046" />
  <attribute name="DerivativeH" value="-0.076046" />
  <attribute name="Loop Time for DT" value="263.000000" />
  <attribute name="Output H" value="2092630016"/>
  <attribute name="Output I" value="200"/>
  <attribute name="Output T" value="4"/>
  <attribute name="Target GC Util Change" value ="20.000000" />
  <attribute name="Current GC Util Change" value="0.000000"/>
  <attribute name="GC Util currently" value="0" />
  <attribute name="CPU Util currently" value="9" />
<allocation-satisfied id="254" threadId="0000000001767500" bytesRequested="32" />
<af-end id="255" timestamp="2019-06-15T23:01:41.650" threadId="0000000001767E88" success="true" from="nursery"/>
<exclusive-end id="256" timestamp="2019-06-15T23:01:41.650" durationms="2.365" />

<exclusive-start id="257" timestamp="2019-06-15T23:01:42.001" intervalms="353.317">
  <response-info timems="0.025" idlems="0.025" threads="0" lastid="000000000176ED00" lastname="node-1" />
</exclusive-start>
<af-start id="258" threadId="000000000176F688" totalBytesRequested="32" timestamp="2019-06-15T23:01:42.001" intervalms="353.352" type="nursery" />
<cycle-start id="259" type="scavenge" contextid="0" timestamp="2019-06-15T23:01:42.001" intervalms="353.421" />
<gc-start id="260" type="scavenge" contextid="259" timestamp="2019-06-15T23:01:42.001">
  <mem-info id="261" free="2932200" total="8388608" percent="34">
    <mem type="nursery" free="0" total="2097152" percent="0">
      <mem type="allocate" free="0" total="1507328" percent="0" />
      <mem type="survivor" free="0" total="589824" percent="0" />
    </mem>
    <mem type="tenure" free="2932200" total="6291456" percent="46">
      <mem type="soa" free="2617832" total="5977088" percent="43" />
      <mem type="loa" free="314368" total="314368" percent="100" />
    </mem>
    <remembered-set count="113" />
  </mem-info>
</gc-start>
<allocation-stats totalBytes="1193632" >
  <allocated-bytes non-tlh="32" tlh="1193600" />
  <largest-consumer threadName="node-2" threadId="000000000176B100" bytes="413616" />
</allocation-stats>
<gc-op id="262" type="scavenge" timems="1.311" contextid="259" timestamp="2019-06-15T23:01:42.003">
  <scavenger-info tenureage="1" tenuremask="7ffe" tiltratio="71" />
  <memory-copied type="nursery" objects="12419" bytes="297936" bytesdiscarded="15408" />
  <memory-copied type="tenure" objects="10460" bytes="251040" bytesdiscarded="0" />
</gc-op>
<gc-end id="263" type="scavenge" contextid="259" durationms="1.700" usertimems="0.000" systemtimems="0.000" timestamp="2019-06-15T23:01:42.003" activeThreads="4">
  <mem-info id="264" free="3917544" total="8388608" percent="46">
    <mem type="nursery" free="1259520" total="2097152" percent="60">
      <mem type="allocate" free="1259520" total="1572864" percent="80" />
      <mem type="survivor" free="0" total="524288" percent="0" />
    </mem>
    <mem type="tenure" free="2658024" total="6291456" percent="42">
      <mem type="soa" free="2343656" total="5977088" percent="39" />
      <mem type="loa" free="314368" total="314368" percent="100" />
    </mem>
    <remembered-set count="100" />
  </mem-info>
</gc-end>
<cycle-end id="265" type="scavenge" contextid="259" timestamp="2019-06-15T23:01:42.003" />
  <attribute name="elasticGC enabled" value="1" />
  <attribute name= "numThreadsSpecified" value="4" />
  <attribute name="heapSize specified" value="8388608" />
  <attribute name="Current GC Util" value="0" />
  <attribute name= "Current Time Running" value="15936" />
  <attribute name ="GC Interval" value="200" />
  <attribute name="ProportionalT" value="-30.000000" />
  <attribute name="ProportionalI" value="-30.000000" />
  <attribute name="ProportionalH" value="-30.000000" />
  <attribute name="Current Error" value="-20.000000" />
  <attribute name="IntegralT" value="-7080.000000" />
  <attribute name="IntegralI" value="-7080.000000" />
  <attribute name="IntegralH" value="-7080.000000" />
  <attribute name="DerivativeT" value="-0.056497" />
  <attribute name="DerivativeI" value="-0.056497" />
  <attribute name="DerivativeH" value="-0.056497" />
  <attribute name="Loop Time for DT" value="354.000000" />
  <attribute name="Output H" value="2092630016"/>
  <attribute name="Output I" value="200"/>
  <attribute name="Output T" value="4"/>
  <attribute name="Target GC Util Change" value ="20.000000" />
  <attribute name="Current GC Util Change" value="0.000000"/>
  <attribute name="GC Util currently" value="0" />
  <attribute name="CPU Util currently" value="8" />
<allocation-satisfied id="266" threadId="000000000176ED00" bytesRequested="32" />
<af-end id="267" timestamp="2019-06-15T23:01:42.003" threadId="000000000176F688" success="true" from="nursery"/>
<exclusive-end id="268" timestamp="2019-06-15T23:01:42.003" durationms="2.534" />

<exclusive-start id="269" timestamp="2019-06-15T23:01:42.393" intervalms="392.147">
  <response-info timems="0.027" idlems="0.027" threads="0" lastid="0000000001767500" lastname="node-0" />
</exclusive-start>
<af-start id="270" threadId="0000000001767E88" totalBytesRequested="24" timestamp="2019-06-15T23:01:42.393" intervalms="392.104" type="nursery" />
<cycle-start id="271" type="scavenge" contextid="0" timestamp="2019-06-15T23:01:42.393" intervalms="392.037" />
<gc-start id="272" type="scavenge" contextid="271" timestamp="2019-06-15T23:01:42.393">
  <mem-info id="273" free="2658024" total="8388608" percent="31">
    <mem type="nursery" free="0" total="2097152" percent="0">
      <mem type="allocate" free="0" total="1572864" percent="0" />
      <mem type="survivor" free="0" total="524288" percent="0" />
    </mem>
    <mem type="tenure" free="2658024" total="6291456" percent="42">
      <mem type="soa" free="2343656" total="5977088" percent="39" />
      <mem type="loa" free="314368" total="314368" percent="100" />
    </mem>
    <remembered-set count="112" />
  </mem-info>
</gc-start>
<allocation-stats totalBytes="1259328" >
  <allocated-bytes non-tlh="32" tlh="1259296" />
  <largest-consumer threadName="node-1" threadId="000000000176ED00" bytes="440256" />
</allocation-stats>
<gc-op id="274" type="scavenge" timems="1.458" contextid="271" timestamp="2019-06-15T23:01:42.395">
  <scavenger-info tenureage="1" tenuremask="7ffe" tiltratio="75" />
  <memory-copied type="nursery" objects="13534" bytes="324696" bytesdiscarded="27816" />
  <memory-copied type="tenure" objects="12404" bytes="297696" bytesdiscarded="0" />
</gc-op>
<gc-end id="275" type="scavenge" contextid="271" durationms="1.620" usertimems="0.000" systemtimems="0.000" timestamp="2019-06-15T23:01:42.395" activeThreads="4">
  <mem-info id="276" free="3604200" total="8388608" percent="42">
    <mem type="nursery" free="1220352" total="2097152" percent="58">
      <mem type="allocate" free="1220352" total="1572864" percent="77" />
      <mem type="survivor" free="0" total="524288" percent="0" />
    </mem>
    <mem type="tenure" free="2383848" total="6291456" percent="37">
      <mem type="soa" free="2069480" total="5977088" percent="34" />
      <mem type="loa" free="314368" total="314368" percent="100" />
    </mem>
    <remembered-set count="100" />
  </mem-info>
</gc-end>
<cycle-end id="277" type="scavenge" contextid="271" timestamp="2019-06-15T23:01:42.395" />
  <attribute name="elasticGC enabled" value="1" />
  <attribute name= "numThreadsSpecified" value="4" />
  <attribute name="heapSize specified" value="8388608" />
  <attribute name="Current GC Util" value="0" />
  <attribute name= "Current Time Running" value="16328" />
  <attribute name ="GC Interval" value="200" />
  <attribute name="ProportionalT" value="-30.000000" />
  <attribute name="ProportionalI" value="-30.000000" />
  <attribute name="ProportionalH" value="-30.000000" />
  <attribute name="Current Error" value="-20.000000" />
  <attribute name="IntegralT" value="-7840.000000" />
  <attribute name="IntegralI" value="-7840.000000" />
  <attribute name="IntegralH" value="-7840.000000" />
  <attribute name="DerivativeT" value="-0.051020" />
  <attribute name="DerivativeI" value="-0.051020" />
  <attribute name="DerivativeH" value="-0.051020" />
  <attribute name="Loop Time for DT" value="392.000000" />
  <attribute name="Output H" value="2092630016"/>
  <attribute name="Output I" value="200"/>
  <attribute name="Output T" value="4"/>
  <attribute name="Target GC Util Change" value ="20.000000" />
  <attribute name="Current GC Util Change" value="0.000000"/>
  <attribute name="GC Util currently" value="0" />
  <attribute name="CPU Util currently" value="6" />
<allocation-satisfied id="278" threadId="0000000001767500" bytesRequested="24" />
<af-end id="279" timestamp="2019-06-15T23:01:42.395" threadId="0000000001767E88" success="true" from="nursery"/>
<exclusive-end id="280" timestamp="2019-06-15T23:01:42.395" durationms="2.086" />

<exclusive-start id="281" timestamp="2019-06-15T23:01:42.763" intervalms="369.628">
  <response-info timems="0.217" idlems="0.217" threads="0" lastid="000000000176B100" lastname="node-2" />
</exclusive-start>
<af-start id="282" threadId="000000000176BA88" totalBytesRequested="32" timestamp="2019-06-15T23:01:42.763" intervalms="369.632" type="nursery" />
<cycle-start id="283" type="scavenge" contextid="0" timestamp="2019-06-15T23:01:42.763" intervalms="369.670" />
<gc-start id="284" type="scavenge" contextid="283" timestamp="2019-06-15T23:01:42.763">
  <mem-info id="285" free="2383848" total="8388608" percent="28">
    <mem type="nursery" free="0" total="2097152" percent="0">
      <mem type="allocate" free="0" total="1572864" percent="0" />
      <mem type="survivor" free="0" total="524288" percent="0" />
    </mem>
    <mem type="tenure" free="2383848" total="6291456" percent="37">
      <mem type="soa" free="2069480" total="5977088" percent="34" />
      <mem type="loa" free="314368" total="314368" percent="100" />
    </mem>
    <remembered-set count="112" />
  </mem-info>
</gc-start>
<allocation-stats totalBytes="1219512" >
  <allocated-bytes non-tlh="24" tlh="1219488" />
  <largest-consumer threadName="node-0" threadId="0000000001767500" bytes="429432" />
</allocation-stats>
<gc-op id="286" type="scavenge" timems="1.523" contextid="283" timestamp="2019-06-15T23:01:42.765">
  <scavenger-info tenureage="1" tenuremask="7ffe" tiltratio="75" />
  <memory-copied type="nursery" objects="13353" bytes="320352" bytesdiscarded="32160" />
  <memory-copied type="tenure" objects="13519" bytes="324456" bytesdiscarded="0" />
</gc-op>
<gc-end id="287" type="scavenge" contextid="283" durationms="1.930" usertimems="0.000" systemtimems="0.000" timestamp="2019-06-15T23:01:42.765" activeThreads="4">
  <mem-info id="288" free="3356392" total="8388608" percent="40">
    <mem type="nursery" free="1285888" total="2097152" percent="61">
      <mem type="allocate" free="1285888" total="1638400" percent="78" />
      <mem type="survivor" free="0" total="458752" percent="0" />
    </mem>
    <mem type="tenure" free="2070504" total="6291456" percent="32">
      <mem type="soa" free="1756136" total="5977088" percent="29" />
      <mem type="loa" free="314368" total="314368" percent="100" />
    </mem>
    <remembered-set count="97" />
  </mem-info>
</gc-end>
<cycle-end id="289" type="scavenge" contextid="283" timestamp="2019-06-15T23:01:42.765" />
  <attribute name="elasticGC enabled" value="1" />
  <attribute name= "numThreadsSpecified" value="4" />
  <attribute name="heapSize specified" value="8388608" />
  <attribute name="Current GC Util" value="0" />
  <attribute name= "Current Time Running" value="16698" />
  <attribute name ="GC Interval" value="200" />
  <attribute name="ProportionalT" value="-30.000000" />
  <attribute name="ProportionalI" value="-30.000000" />
  <attribute name="ProportionalH" value="-30.000000" />
  <attribute name="Current Error" value="-20.000000" />
  <attribute name="IntegralT" value="-7400.000000" />
  <attribute name="IntegralI" value="-7400.000000" />
  <attribute name="IntegralH" value="-7400.000000" />
  <attribute name="DerivativeT" value="-0.054054" />
  <attribute name="DerivativeI" value="-0.054054" />
  <attribute name="DerivativeH" value="-0.054054" />
  <attribute name="Loop Time for DT" value="370.000000" />
  <attribute name="Output H" value="2092630016"/>
  <attribute name="Output I" value="200"/>
  <attribute name="Output T" value="4"/>
  <attribute name="Target GC Util Change" value ="20.000000" />
  <attribute name="Current GC Util Change" value="0.000000"/>
  <attribute name="GC Util currently" value="0" />
  <attribute name="CPU Util currently" value="7" />
<allocation-satisfied id="290" threadId="000000000176B100" bytesRequested="32" />
<af-end id="291" timestamp="2019-06-15T23:01:42.765" threadId="000000000176BA88" success="true" from="nursery"/>
<exclusive-end id="292" timestamp="2019-06-15T23:01:42.765" durationms="2.622" />

<exclusive-start id="293" timestamp="2019-06-15T23:01:43.168" intervalms="405.825">
  <response-info timems="0.024" idlems="0.024" threads="0" lastid="0000000001767500" lastname="node-0" />
</exclusive-start>
<af-start id="294" threadId="0000000001767E88" totalBytesRequested="32" timestamp="2019-06-15T23:01:43.169" intervalms="405.869" type="nursery" />
<cycle-start id="295" type="scavenge" contextid="0" timestamp="2019-06-15T23:01:43.169" intervalms="405.877" />
<gc-start id="296" type="scavenge" contextid="295" timestamp="2019-06-15T23:01:43.169">
  <mem-info id="297" free="2070504" total="8388608" percent="24">
    <mem type="nursery" free="0" total="2097152" percent="0">
      <mem type="allocate" free="0" total="1638400" percent="0" />
      <mem type="survivor" free="0" total="458752" percent="0" />
    </mem>
    <mem type="tenure" free="2070504" total="6291456" percent="32">
      <mem type="soa" free="1756136" total="5977088" percent="29" />
      <mem type="loa" free="314368" total="314368" percent="100" />
    </mem>
    <remembered-set count="109" />
  </mem-info>
</gc-start>
<allocation-stats totalBytes="1285184" >
  <allocated-bytes non-tlh="32" tlh="1285152" />
  <largest-consumer threadName="node-2" threadId="000000000176B100" bytes="466600" />
</allocation-stats>
<gc-op id="298" type="scavenge" timems="1.554" contextid="295" timestamp="2019-06-15T23:01:43.171">
  <scavenger-info tenureage="1" tenuremask="7ffe" tiltratio="78" />
  <memory-copied type="nursery" objects="13297" bytes="319008" bytesdiscarded="72672" />
  <memory-copied type="tenure" objects="13338" bytes="320112" bytesdiscarded="0" />
</gc-op>
<gc-end id="299" type="scavenge" contextid="295" durationms="2.177" usertimems="0.000" systemtimems="4.000" timestamp="2019-06-15T23:01:43.171" activeThreads="4">
  <mem-info id="300" free="3003880" total="8388608" percent="35">
    <mem type="nursery" free="1246720" total="2097152" percent="59">
      <mem type="allocate" free="1246720" total="1638400" percent="76" />
      <mem type="survivor" free="0" total="458752" percent="0" />
    </mem>
    <mem type="tenure" free="1757160" total="6291456" percent="27">
      <mem type="soa" free="1442792" total="5977088" percent="24" />
      <mem type="loa" free="314368" total="314368" percent="100" />
    </mem>
    <remembered-set count="97" />
  </mem-info>
</gc-end>
<cycle-end id="301" type="scavenge" contextid="295" timestamp="2019-06-15T23:01:43.171" />
  <attribute name="elasticGC enabled" value="1" />
  <attribute name= "numThreadsSpecified" value="4" />
  <attribute name="heapSize specified" value="8388608" />
  <attribute name="Current GC Util" value="0" />
  <attribute name= "Current Time Running" value="17104" />
  <attribute name ="GC Interval" value="200" />
  <attribute name="ProportionalT" value="-30.000000" />
  <attribute name="ProportionalI" value="-30.000000" />
  <attribute name="ProportionalH" value="-30.000000" />
  <attribute name="Current Error" value="-20.000000" />
  <attribute name="IntegralT" value="-8120.000000" />
  <attribute name="IntegralI" value="-8120.000000" />
  <attribute name="IntegralH" value="-8120.000000" />
  <attribute name="DerivativeT" value="-0.049261" />
  <attribute name="DerivativeI" value="-0.049261" />
  <attribute name="DerivativeH" value="-0.049261" />
  <attribute name="Loop Time for DT" value="406.000000" />
  <attribute name="Output H" value="2092630016"/>
  <attribute name="Output I" value="200"/>
  <attribute name="Output T" value="4"/>
  <attribute name="Target GC Util Change" value ="20.000000" />
  <attribute name="Current GC Util Change" value="0.000000"/>
  <attribute name="GC Util currently" value="0" />
  <attribute name="CPU Util currently" value="4" />
<allocation-satisfied id="302" threadId="0000000001767500" bytesRequested="32" />
<af-end id="303" timestamp="2019-06-15T23:01:43.171" threadId="0000000001767E88" success="true" from="nursery"/>
<exclusive-end id="304" timestamp="2019-06-15T23:01:43.171" durationms="3.023" />

<exclusive-start id="305" timestamp="2019-06-15T23:01:43.554" intervalms="385.342">
  <response-info timems="0.025" idlems="0.025" threads="0" lastid="000000000176B100" lastname="node-2" />
</exclusive-start>
<af-start id="306" threadId="000000000176BA88" totalBytesRequested="24" timestamp="2019-06-15T23:01:43.554" intervalms="385.291" type="nursery" />
<cycle-start id="307" type="scavenge" contextid="0" timestamp="2019-06-15T23:01:43.554" intervalms="385.278" />
<gc-start id="308" type="scavenge" contextid="307" timestamp="2019-06-15T23:01:43.554">
  <mem-info id="309" free="1757160" total="8388608" percent="20">
    <mem type="nursery" free="0" total="2097152" percent="0">
      <mem type="allocate" free="0" total="1638400" percent="0" />
      <mem type="survivor" free="0" total="458752" percent="0" />
    </mem>
    <mem type="tenure" free="1757160" total="6291456" percent="27">
      <mem type="soa" free="1442792" total="5977088" percent="24" />
      <mem type="loa" free="314368" total="314368" percent="100" />
    </mem>
    <remembered-set count="109" />
  </mem-info>
</gc-start>
<allocation-stats totalBytes="1246592" >
  <allocated-bytes non-tlh="32" tlh="1246560" />
  <largest-consumer threadName="node-1" threadId="000000000176ED00" bytes="427432" />
</allocation-stats>
<gc-op id="310" type="scavenge" timems="1.523" contextid="307" timestamp="2019-06-15T23:01:43.556">
  <scavenger-info tenureage="1" tenuremask="7ffe" tiltratio="78" />
  <memory-copied type="nursery" objects="13602" bytes="326720" bytesdiscarded="64960" />
  <memory-copied type="tenure" objects="13282" bytes="318768" bytesdiscarded="0" />
</gc-op>
<gc-end id="311" type="scavenge" contextid="307" durationms="1.956" usertimems="4.000" systemtimems="0.000" timestamp="2019-06-15T23:01:43.556" activeThreads="4">
  <mem-info id="312" free="2690536" total="8388608" percent="32">
    <mem type="nursery" free="1246720" total="2097152" percent="59">
      <mem type="allocate" free="1246720" total="1638400" percent="76" />
      <mem type="survivor" free="0" total="458752" percent="0" />
    </mem>
    <mem type="tenure" free="1443816" total="6291456" percent="22">
      <mem type="soa" free="1129448" total="5977088" percent="18" />
      <mem type="loa" free="314368" total="314368" percent="100" />
    </mem>
    <remembered-set count="101" />
  </mem-info>
</gc-end>
<cycle-end id="313" type="scavenge" contextid="307" timestamp="2019-06-15T23:01:43.556" />
  <attribute name="elasticGC enabled" value="1" />
  <attribute name= "numThreadsSpecified" value="4" />
  <attribute name="heapSize specified" value="8388608" />
  <attribute name="Current GC Util" value="0" />
  <attribute name= "Current Time Running" value="17489" />
  <attribute name ="GC Interval" value="200" />
  <attribute name="ProportionalT" value="-30.000000" />
  <attribute name="ProportionalI" value="-30.000000" />
  <attribute name="ProportionalH" value="-30.000000" />
  <attribute name="Current Error" value="-20.000000" />
  <attribute name="IntegralT" value="-7700.000000" />
  <attribute name="IntegralI" value="-7700.000000" />
  <attribute name="IntegralH" value="-7700.000000" />
  <attribute name="DerivativeT" value="-0.051948" />
  <attribute name="DerivativeI" value="-0.051948" />
  <attribute name="DerivativeH" value="-0.051948" />
  <attribute name="Loop Time for DT" value="385.000000" />
  <attribute name="Output H" value="2092630016"/>
  <attribute name="Output I" value="200"/>
  <attribute name="Output T" value="4"/>
  <attribute name="Target GC Util Change" value ="20.000000" />
  <attribute name="Current GC Util Change" value="0.000000"/>
  <attribute name="GC Util currently" value="0" />
  <attribute name="CPU Util currently" value="8" />
<allocation-satisfied id="314" threadId="000000000176B100" bytesRequested="24" />
<af-end id="315" timestamp="2019-06-15T23:01:43.557" threadId="000000000176BA88" success="true" from="nursery"/>
<exclusive-end id="316" timestamp="2019-06-15T23:01:43.557" durationms="2.797" />

<exclusive-start id="317" timestamp="2019-06-15T23:01:43.976" intervalms="421.809">
  <response-info timems="0.035" idlems="0.035" threads="0" lastid="0000000001767500" lastname="node-0" />
</exclusive-start>
<af-start id="318" threadId="0000000001767E88" totalBytesRequested="32" timestamp="2019-06-15T23:01:43.976" intervalms="421.831" type="nursery" />
<cycle-start id="319" type="scavenge" contextid="0" timestamp="2019-06-15T23:01:43.976" intervalms="421.807" />
<gc-start id="320" type="scavenge" contextid="319" timestamp="2019-06-15T23:01:43.976">
  <mem-info id="321" free="1443816" total="8388608" percent="17">
    <mem type="nursery" free="0" total="2097152" percent="0">
      <mem type="allocate" free="0" total="1638400" percent="0" />
      <mem type="survivor" free="0" total="458752" percent="0" />
    </mem>
    <mem type="tenure" free="1443816" total="6291456" percent="22">
      <mem type="soa" free="1129448" total="5977088" percent="18" />
      <mem type="loa" free="314368" total="314368" percent="100" />
    </mem>
    <remembered-set count="109" />
  </mem-info>
</gc-start>
<allocation-stats totalBytes="1245528" >
  <allocated-bytes non-tlh="24" tlh="1245504" />
  <largest-consumer threadName="node-2" threadId="000000000176B100" bytes="426488" />
</allocation-stats>
<gc-op id="322" type="scavenge" timems="1.548" contextid="319" timestamp="2019-06-15T23:01:43.978">
  <scavenger-info tenureage="1" tenuremask="7ffe" tiltratio="78" />
  <memory-copied type="nursery" objects="13482" bytes="323448" bytesdiscarded="68232" />
  <memory-copied type="tenure" objects="13581" bytes="325944" bytesdiscarded="0" />
</gc-op>
<gc-end id="323" type="scavenge" contextid="319" durationms="2.048" usertimems="0.000" systemtimems="0.000" timestamp="2019-06-15T23:01:43.978" activeThreads="4">
  <mem-info id="324" free="2338024" total="8388608" percent="27">
    <mem type="nursery" free="1246720" total="2097152" percent="59">
      <mem type="allocate" free="1246720" total="1638400" percent="76" />
      <mem type="survivor" free="0" total="458752" percent="0" />
    </mem>
    <mem type="tenure" free="1091304" total="6291456" percent="17">
      <mem type="soa" free="776936" total="5977088" percent="12" />
      <mem type="loa" free="314368" total="314368" percent="100" />
    </mem>
    <remembered-set count="97" />
  </mem-info>
</gc-end>
<cycle-end id="325" type="scavenge" contextid="319" timestamp="2019-06-15T23:01:43.978" />
  <attribute name="elasticGC enabled" value="1" />
  <attribute name= "numThreadsSpecified" value="4" />
  <attribute name="heapSize specified" value="8388608" />
  <attribute name="Current GC Util" value="0" />
  <attribute name= "Current Time Running" value="17910" />
  <attribute name ="GC Interval" value="200" />
  <attribute name="ProportionalT" value="-30.000000" />
  <attribute name="ProportionalI" value="-30.000000" />
  <attribute name="ProportionalH" value="-30.000000" />
  <attribute name="Current Error" value="-20.000000" />
  <attribute name="IntegralT" value="-8420.000000" />
  <attribute name="IntegralI" value="-8420.000000" />
  <attribute name="IntegralH" value="-8420.000000" />
  <attribute name="DerivativeT" value="-0.047506" />
  <attribute name="DerivativeI" value="-0.047506" />
  <attribute name="DerivativeH" value="-0.047506" />
  <attribute name="Loop Time for DT" value="421.000000" />
  <attribute name="Output H" value="2092630016"/>
  <attribute name="Output I" value="200"/>
  <attribute name="Output T" value="4"/>
  <attribute name="Target GC Util Change" value ="20.000000" />
  <attribute name="Current GC Util Change" value="0.000000"/>
  <attribute name="GC Util currently" value="0" />
  <attribute name="CPU Util currently" value="1" />
<allocation-satisfied id="326" threadId="0000000001767500" bytesRequested="32" />
<af-end id="327" timestamp="2019-06-15T23:01:43.978" threadId="0000000001767E88" success="true" from="nursery"/>
<exclusive-end id="328" timestamp="2019-06-15T23:01:43.978" durationms="2.717" />

<exclusive-start id="329" timestamp="2019-06-15T23:01:44.380" intervalms="404.636">
  <response-info timems="0.026" idlems="0.026" threads="0" lastid="000000000176B100" lastname="node-2" />
</exclusive-start>
<af-start id="330" threadId="000000000176BA88" totalBytesRequested="32" timestamp="2019-06-15T23:01:44.380" intervalms="404.614" type="nursery" />
<cycle-start id="331" type="scavenge" contextid="0" timestamp="2019-06-15T23:01:44.380" intervalms="404.601" />
<gc-start id="332" type="scavenge" contextid="331" timestamp="2019-06-15T23:01:44.380">
  <mem-info id="333" free="1091304" total="8388608" percent="13">
    <mem type="nursery" free="0" total="2097152" percent="0">
      <mem type="allocate" free="0" total="1638400" percent="0" />
      <mem type="survivor" free="0" total="458752" percent="0" />
    </mem>
    <mem type="tenure" free="1091304" total="6291456" percent="17">
      <mem type="soa" free="776936" total="5977088" percent="12" />
      <mem type="loa" free="314368" total="314368" percent="100" />
    </mem>
    <remembered-set count="109" />
  </mem-info>
</gc-start>
<allocation-stats totalBytes="1245816" >
  <allocated-bytes non-tlh="32" tlh="1245784" />
  <largest-consumer threadName="node-1" threadId="000000000176ED00" bytes="427392" />
</allocation-stats>
<gc-op id="334" type="scavenge" timems="1.520" contextid="331" timestamp="2019-06-15T23:01:44.382">
  <scavenger-info tenureage="1" tenuremask="7ffe" tiltratio="78" />
  <memory-copied type="nursery" objects="13190" bytes="316832" bytesdiscarded="74848" />
  <memory-copied type="tenure" objects="13467" bytes="323208" bytesdiscarded="456" />
</gc-op>
<gc-end id="335" type="scavenge" contextid="331" durationms="1.707" usertimems="0.000" systemtimems="0.000" timestamp="2019-06-15T23:01:44.382" activeThreads="4">
  <mem-info id="336" free="2024680" total="8388608" percent="24">
    <mem type="nursery" free="1246720" total="2097152" percent="59">
      <mem type="allocate" free="1246720" total="1638400" percent="76" />
      <mem type="survivor" free="0" total="458752" percent="0" />
    </mem>
    <mem type="tenure" free="777960" total="6291456" percent="12">
      <mem type="soa" free="463592" total="5977088" percent="7" />
      <mem type="loa" free="314368" total="314368" percent="100" />
    </mem>
    <remembered-set count="98" />
  </mem-info>
</gc-end>
<cycle-end id="337" type="scavenge" contextid="331" timestamp="2019-06-15T23:01:44.382" />
  <attribute name="elasticGC enabled" value="1" />
  <attribute name= "numThreadsSpecified" value="4" />
  <attribute name="heapSize specified" value="8388608" />
  <attribute name="Current GC Util" value="0" />
  <attribute name= "Current Time Running" value="18315" />
  <attribute name ="GC Interval" value="200" />
  <attribute name="ProportionalT" value="-30.000000" />
  <attribute name="ProportionalI" value="-30.000000" />
  <attribute name="ProportionalH" value="-30.000000" />
  <attribute name="Current Error" value="-20.000000" />
  <attribute name="IntegralT" value="-8100.000000" />
  <attribute name="IntegralI" value="-8100.000000" />
  <attribute name="IntegralH" value="-8100.000000" />
  <attribute name="DerivativeT" value="-0.049383" />
  <attribute name="DerivativeI" value="-0.049383" />
  <attribute name="DerivativeH" value="-0.049383" />
  <attribute name="Loop Time for DT" value="405.000000" />
  <attribute name="Output H" value="2092630016"/>
  <attribute name="Output I" value="200"/>
  <attribute name="Output T" value="4"/>
  <attribute name="Target GC Util Change" value ="20.000000" />
  <attribute name="Current GC Util Change" value="0.000000"/>
  <attribute name="GC Util currently" value="0" />
  <attribute name="CPU Util currently" value="4" />
<allocation-satisfied id="338" threadId="000000000176B100" bytesRequested="32" />
<af-end id="339" timestamp="2019-06-15T23:01:44.382" threadId="000000000176BA88" success="true" from="nursery"/>
<exclusive-end id="340" timestamp="2019-06-15T23:01:44.382" durationms="2.182" />

<concurrent-kickoff id="341" timestamp="2019-06-15T23:01:44.668">
  <kickoff reason="threshold reached" targetBytes="1867303" thresholdFreeBytes="258006"  remainingFree="214496" tenureFreeBytes="777960" nurseryFreeBytes="214496" />
</concurrent-kickoff>
<exclusive-start id="342" timestamp="2019-06-15T23:01:44.669" intervalms="288.389">
  <response-info timems="0.117" idlems="0.066" threads="1" lastid="000000000176B100" lastname="node-2" />
</exclusive-start>
<cycle-start id="343" type="global" contextid="0" timestamp="2019-06-15T23:01:44.669" intervalms="5587.444" />
<exclusive-end id="344" timestamp="2019-06-15T23:01:44.669" durationms="0.116" />

<exclusive-start id="345" timestamp="2019-06-15T23:01:44.814" intervalms="145.569">
  <response-info timems="0.027" idlems="0.027" threads="0" lastid="000000000176B100" lastname="node-2" />
</exclusive-start>
<af-start id="346" threadId="000000000176BA88" totalBytesRequested="48" timestamp="2019-06-15T23:01:44.814" intervalms="433.958" type="nursery" />
<cycle-start id="347" type="scavenge" contextid="0" timestamp="2019-06-15T23:01:44.814" intervalms="433.957" />
<gc-start id="348" type="scavenge" contextid="347" timestamp="2019-06-15T23:01:44.814">
  <mem-info id="349" free="777960" total="8388608" percent="9">
    <mem type="nursery" free="0" total="2097152" percent="0">
      <mem type="allocate" free="0" total="1638400" percent="0" />
      <mem type="survivor" free="0" total="458752" percent="0" />
    </mem>
    <mem type="tenure" free="777960" total="6291456" percent="12">
      <mem type="soa" free="463592" total="5977088" percent="7" />
      <mem type="loa" free="314368" total="314368" percent="100" />
    </mem>
    <remembered-set count="107" />
  </mem-info>
</gc-start>
<allocation-stats totalBytes="1246264" >
  <allocated-bytes non-tlh="32" tlh="1246232" />
  <largest-consumer threadName="node-2" threadId="000000000176B100" bytes="427200" />
</allocation-stats>
<gc-op id="350" type="scavenge" timems="1.485" contextid="347" timestamp="2019-06-15T23:01:44.816">
  <scavenger-info tenureage="1" tenuremask="7ffe" tiltratio="78" />
  <memory-copied type="nursery" objects="13423" bytes="322656" bytesdiscarded="69024" />
  <memory-copied type="tenure" objects="13168" bytes="316032" bytesdiscarded="0" />
</gc-op>
<gc-end id="351" type="scavenge" contextid="347" durationms="1.678" usertimems="0.000" systemtimems="0.000" timestamp="2019-06-15T23:01:44.816" activeThreads="4">
  <mem-info id="352" free="1737704" total="8388608" percent="20">
    <mem type="nursery" free="1312256" total="2097152" percent="62">
      <mem type="allocate" free="1312256" total="1703936" percent="77" />
      <mem type="survivor" free="0" total="393216" percent="0" />
    </mem>
    <mem type="tenure" free="425448" total="6291456" percent="6">
      <mem type="soa" free="111080" total="5977088" percent="1" />
      <mem type="loa" free="314368" total="314368" percent="100" />
    </mem>
    <remembered-set count="98" />
  </mem-info>
</gc-end>
<cycle-end id="353" type="scavenge" contextid="347" timestamp="2019-06-15T23:01:44.816" />
  <attribute name="elasticGC enabled" value="1" />
  <attribute name= "numThreadsSpecified" value="4" />
  <attribute name="heapSize specified" value="8388608" />
  <attribute name="Current GC Util" value="0" />
  <attribute name= "Current Time Running" value="18749" />
  <attribute name ="GC Interval" value="200" />
  <attribute name="ProportionalT" value="-30.000000" />
  <attribute name="ProportionalI" value="-30.000000" />
  <attribute name="ProportionalH" value="-30.000000" />
  <attribute name="Current Error" value="-20.000000" />
  <attribute name="IntegralT" value="-8680.000000" />
  <attribute name="IntegralI" value="-8680.000000" />
  <attribute name="IntegralH" value="-8680.000000" />
  <attribute name="DerivativeT" value="-0.046083" />
  <attribute name="DerivativeI" value="-0.046083" />
  <attribute name="DerivativeH" value="-0.046083" />
  <attribute name="Loop Time for DT" value="434.000000" />
  <attribute name="Output H" value="2092630016"/>
  <attribute name="Output I" value="200"/>
  <attribute name="Output T" value="4"/>
  <attribute name="Target GC Util Change" value ="20.000000" />
  <attribute name="Current GC Util Change" value="0.000000"/>
  <attribute name="GC Util currently" value="0" />
  <attribute name="CPU Util currently" value="3" />
<allocation-satisfied id="354" threadId="000000000176B100" bytesRequested="48" />
<af-end id="355" timestamp="2019-06-15T23:01:44.816" threadId="000000000176BA88" success="true" from="nursery"/>
<exclusive-end id="356" timestamp="2019-06-15T23:01:44.816" durationms="2.233" />

<exclusive-start id="357" timestamp="2019-06-15T23:01:44.817" intervalms="2.720">
  <response-info timems="0.021" idlems="0.021" threads="0" lastid="0000000001767500" lastname="node-0" />
</exclusive-start>
<concurrent-collection-start id="358" timestamp="2019-06-15T23:01:44.817" intervalms="18872.373" >
  <concurrent-trace-info reason="card cleaning threshold reached" tracedByMutators="131916" tracedByHelpers="1087768" cardsCleaned="23" workStackOverflowCount="0" />
</concurrent-collection-start>
<gc-start id="359" type="global" contextid="343" timestamp="2019-06-15T23:01:44.817">
  <mem-info id="360" free="1663928" total="8388608" percent="19">
    <mem type="nursery" free="1238480" total="2097152" percent="59">
      <mem type="allocate" free="1238480" total="1703936" percent="72" />
      <mem type="survivor" free="0" total="393216" percent="0" />
    </mem>
    <mem type="tenure" free="425448" total="6291456" percent="6">
      <mem type="soa" free="111080" total="5977088" percent="1" />
      <mem type="loa" free="314368" total="314368" percent="100" />
    </mem>
    <remembered-set count="99" />
  </mem-info>
</gc-start>
<allocation-stats totalBytes="73776" >
  <allocated-bytes non-tlh="48" tlh="73728" />
  <largest-consumer threadName="node-2" threadId="000000000176B100" bytes="36912" />
</allocation-stats>
<gc-op id="361" type="rs-scan" timems="0.240" contextid="343" timestamp="2019-06-15T23:01:44.817">
  <scan objectsFound="57" bytesTraced="4864" workStackOverflowCount="0" />
</gc-op>
<gc-op id="362" type="card-cleaning" timems="0.106" contextid="343" timestamp="2019-06-15T23:01:44.818">
  <card-cleaning cardsCleaned="3" bytesTraced="1584" workStackOverflowCount="0" />
</gc-op>
<gc-op id="363" type="mark" timems="0.494" contextid="343" timestamp="2019-06-15T23:01:44.818">
  <trace-info objectcount="232" scancount="191" scanbytes="5120" />
  <finalization candidates="13" enqueued="0" />
  <references type="soft" candidates="66" cleared="0" enqueued="0" dynamicThreshold="28" maxThreshold="32" />
  <references type="weak" candidates="130" cleared="0" enqueued="0" />
  <references type="phantom" candidates="32" cleared="2" enqueued="2" />
  <stringconstants candidates="3831" cleared="0"  />
</gc-op>
<gc-op id="364" type="sweep" timems="0.185" contextid="343" timestamp="2019-06-15T23:01:44.819" />
<mem-info id="365" free="5992792" total="8388608" percent="71">
  <mem type="nursery" free="1702744" total="2097152" percent="81">
    <mem type="allocate" free="1702744" total="1703936" percent="99" />
    <mem type="survivor" free="0" total="393216" percent="0" />
  </mem>
  <mem type="tenure" free="4290048" total="6291456" percent="68" micro-fragmented="0" macro-fragmented="0">
    <mem type="soa" free="3975680" total="5977088" percent="66" />
    <mem type="loa" free="314368" total="314368" percent="100" />
  </mem>
  <pending-finalizers system="0" default="0" reference="2" classloader="0" />
  <remembered-set count="96" />
</mem-info>
<gc-op id="366" type="compact" timems="9.041" contextid="343" timestamp="2019-06-15T23:01:44.828">
  <compact-info movecount="23277" movebytes="1210272" reason="compact to aid heap contraction" />
</gc-op>
<heap-resize id="367" type="expand" space="tenure" amount="2084241408" count="1" timems="0.032" reason="satisfy allocation request" timestamp="2019-06-15T23:01:44.828" />
<gc-end id="368" type="global" contextid="343" durationms="11.128" usertimems="12.000" systemtimems="0.000" timestamp="2019-06-15T23:01:44.828" activeThreads="4">
  <mem-info id="369" free="2090235328" total="2092630016" percent="99">
    <mem type="nursery" free="1703352" total="2097152" percent="81">
      <mem type="allocate" free="1703352" total="1703936" percent="99" />
      <mem type="survivor" free="0" total="393216" percent="0" />
    </mem>
    <mem type="tenure" free="2088531976" total="2090532864" percent="99">
      <mem type="soa" free="1984006152" total="1986007040" percent="99" />
      <mem type="loa" free="104525824" total="104525824" percent="100" />
    </mem>
    <pending-finalizers system="0" default="0" reference="2" classloader="0" />
    <remembered-set count="96" />
  </mem-info>
</gc-end>
<cycle-end id="370" type="global" contextid="343" timestamp="2019-06-15T23:01:44.828" />
  <attribute name="elasticGC enabled" value="1" />
  <attribute name= "numThreadsSpecified" value="4" />
  <attribute name="heapSize specified" value="8388608" />
  <attribute name="Current GC Util" value="11" />
  <attribute name= "Current Time Running" value="18762" />
  <attribute name ="GC Interval" value="200" />
  <attribute name="ProportionalT" value="-13.500000" />
  <attribute name="ProportionalI" value="-13.500000" />
  <attribute name="ProportionalH" value="-13.500000" />
  <attribute name="Current Error" value="-9.000000" />
  <attribute name="IntegralT" value="-81.000000" />
  <attribute name="IntegralI" value="-81.000000" />
  <attribute name="IntegralH" value="-81.000000" />
  <attribute name="DerivativeT" value="-1.000000" />
  <attribute name="DerivativeI" value="-1.000000" />
  <attribute name="DerivativeH" value="-1.000000" />
  <attribute name="Loop Time for DT" value="9.000000" />
  <attribute name="Output H" value="2092630016"/>
  <attribute name="Output I" value="200"/>
  <attribute name="Output T" value="4"/>
  <attribute name="Target GC Util Change" value ="20.000000" />
  <attribute name="Current GC Util Change" value="11.000000"/>
  <attribute name="GC Util currently" value="11" />
  <attribute name="CPU Util currently" value="502030741222" />
<concurrent-collection-end id="371" timestamp="2019-06-15T23:01:44.828" />
<exclusive-end id="372" timestamp="2019-06-15T23:01:44.829" durationms="11.615" />

<exclusive-start id="373" timestamp="2019-06-15T23:01:45.359" intervalms="541.838">
  <response-info timems="0.030" idlems="0.030" threads="0" lastid="000000000176ED00" lastname="node-1" />
</exclusive-start>
<af-start id="374" threadId="000000000176F688" totalBytesRequested="32" timestamp="2019-06-15T23:01:45.359" intervalms="544.565" type="nursery" />
<cycle-start id="375" type="scavenge" contextid="0" timestamp="2019-06-15T23:01:45.359" intervalms="544.567" />
<gc-start id="376" type="scavenge" contextid="375" timestamp="2019-06-15T23:01:45.359">
  <mem-info id="377" free="2088531976" total="2092630016" percent="99">
    <mem type="nursery" free="0" total="2097152" percent="0">
      <mem type="allocate" free="0" total="1703936" percent="0" />
      <mem type="survivor" free="0" total="393216" percent="0" />
    </mem>
    <mem type="tenure" free="2088531976" total="2090532864" percent="99">
      <mem type="soa" free="1984006152" total="1986007040" percent="99" />
      <mem type="loa" free="104525824" total="104525824" percent="100" />
    </mem>
    <remembered-set count="107" />
  </mem-info>
</gc-start>
<allocation-stats totalBytes="1702976" >
  <allocated-bytes non-tlh="0" tlh="1702976" />
  <largest-consumer threadName="node-0" threadId="0000000001767500" bytes="585616" />
</allocation-stats>
<gc-op id="378" type="scavenge" timems="1.723" contextid="375" timestamp="2019-06-15T23:01:45.361">
  <scavenger-info tenureage="1" tenuremask="7ffe" tiltratio="81" />
  <memory-copied type="nursery" objects="18" bytes="312" bytesdiscarded="38856" />
</gc-op>
<gc-end id="379" type="scavenge" contextid="375" durationms="1.908" usertimems="0.000" systemtimems="0.000" timestamp="2019-06-15T23:01:45.361" activeThreads="4">
  <mem-info id="380" free="2090196744" total="2092630016" percent="99">
    <mem type="nursery" free="1664768" total="2097152" percent="79">
      <mem type="allocate" free="1664768" total="1703936" percent="97" />
      <mem type="survivor" free="0" total="393216" percent="0" />
    </mem>
    <mem type="tenure" free="2088531976" total="2090532864" percent="99">
      <mem type="soa" free="1984006152" total="1986007040" percent="99" />
      <mem type="loa" free="104525824" total="104525824" percent="100" />
    </mem>
    <remembered-set count="94" />
  </mem-info>
</gc-end>
<cycle-end id="381" type="scavenge" contextid="375" timestamp="2019-06-15T23:01:45.361" />
  <attribute name="elasticGC enabled" value="1" />
  <attribute name= "numThreadsSpecified" value="4" />
  <attribute name="heapSize specified" value="8388608" />
  <attribute name="Current GC Util" value="1" />
  <attribute name= "Current Time Running" value="19293" />
  <attribute name ="GC Interval" value="200" />
  <attribute name="ProportionalT" value="-28.500000" />
  <attribute name="ProportionalI" value="-28.500000" />
  <attribute name="ProportionalH" value="-28.500000" />
  <attribute name="Current Error" value="-19.000000" />
  <attribute name="IntegralT" value="-10089.000000" />
  <attribute name="IntegralI" value="-10089.000000" />
  <attribute name="IntegralH" value="-10089.000000" />
  <attribute name="DerivativeT" value="-0.035782" />
  <attribute name="DerivativeI" value="-0.035782" />
  <attribute name="DerivativeH" value="-0.035782" />
  <attribute name="Loop Time for DT" value="531.000000" />
  <attribute name="Output H" value="2092630016"/>
  <attribute name="Output I" value="200"/>
  <attribute name="Output T" value="4"/>
  <attribute name="Target GC Util Change" value ="20.000000" />
  <attribute name="Current GC Util Change" value="1.000000"/>
  <attribute name="GC Util currently" value="1" />
  <attribute name="CPU Util currently" value="4" />
<allocation-satisfied id="382" threadId="000000000176ED00" bytesRequested="32" />
<af-end id="383" timestamp="2019-06-15T23:01:45.361" threadId="000000000176F688" success="true" from="nursery"/>
<exclusive-end id="384" timestamp="2019-06-15T23:01:45.361" durationms="2.468" />

<exclusive-start id="385" timestamp="2019-06-15T23:01:45.888" intervalms="528.780">
  <response-info timems="0.030" idlems="0.030" threads="0" lastid="000000000176B100" lastname="node-2" />
</exclusive-start>
<af-start id="386" threadId="000000000176BA88" totalBytesRequested="24" timestamp="2019-06-15T23:01:45.888" intervalms="528.822" type="nursery" />
<cycle-start id="387" type="scavenge" contextid="0" timestamp="2019-06-15T23:01:45.888" intervalms="528.870" />
<gc-start id="388" type="scavenge" contextid="387" timestamp="2019-06-15T23:01:45.888">
  <mem-info id="389" free="2088531976" total="2092630016" percent="99">
    <mem type="nursery" free="0" total="2097152" percent="0">
      <mem type="allocate" free="0" total="1703936" percent="0" />
      <mem type="survivor" free="0" total="393216" percent="0" />
    </mem>
    <mem type="tenure" free="2088531976" total="2090532864" percent="99">
      <mem type="soa" free="1984006152" total="1986007040" percent="99" />
      <mem type="loa" free="104525824" total="104525824" percent="100" />
    </mem>
    <remembered-set count="107" />
  </mem-info>
</gc-start>
<allocation-stats totalBytes="1664296" >
  <allocated-bytes non-tlh="32" tlh="1664264" />
  <largest-consumer threadName="node-2" threadId="000000000176B100" bytes="558608" />
</allocation-stats>
<gc-op id="390" type="scavenge" timems="0.233" contextid="387" timestamp="2019-06-15T23:01:45.888">
  <scavenger-info tenureage="2" tenuremask="7ffc" tiltratio="81" />
  <memory-copied type="nursery" objects="18" bytes="312" bytesdiscarded="38856" />
</gc-op>
<gc-end id="391" type="scavenge" contextid="387" durationms="0.697" usertimems="0.000" systemtimems="0.000" timestamp="2019-06-15T23:01:45.889" activeThreads="4">
  <mem-info id="392" free="2090262280" total="2092630016" percent="99">
    <mem type="nursery" free="1730304" total="2097152" percent="82">
      <mem type="allocate" free="1730304" total="1769472" percent="97" />
      <mem type="survivor" free="0" total="327680" percent="0" />
    </mem>
    <mem type="tenure" free="2088531976" total="2090532864" percent="99">
      <mem type="soa" free="1984006152" total="1986007040" percent="99" />
      <mem type="loa" free="104525824" total="104525824" percent="100" />
    </mem>
    <remembered-set count="95" />
  </mem-info>
</gc-end>
<cycle-end id="393" type="scavenge" contextid="387" timestamp="2019-06-15T23:01:45.889" />
  <attribute name="elasticGC enabled" value="1" />
  <attribute name= "numThreadsSpecified" value="4" />
  <attribute name="heapSize specified" value="8388608" />
  <attribute name="Current GC Util" value="0" />
  <attribute name= "Current Time Running" value="19823" />
  <attribute name ="GC Interval" value="200" />
  <attribute name="ProportionalT" value="-30.000000" />
  <attribute name="ProportionalI" value="-30.000000" />
  <attribute name="ProportionalH" value="-30.000000" />
  <attribute name="Current Error" value="-20.000000" />
  <attribute name="IntegralT" value="-10600.000000" />
  <attribute name="IntegralI" value="-10600.000000" />
  <attribute name="IntegralH" value="-10600.000000" />
  <attribute name="DerivativeT" value="-0.037736" />
  <attribute name="DerivativeI" value="-0.037736" />
  <attribute name="DerivativeH" value="-0.037736" />
  <attribute name="Loop Time for DT" value="530.000000" />
  <attribute name="Output H" value="2092630016"/>
  <attribute name="Output I" value="200"/>
  <attribute name="Output T" value="4"/>
  <attribute name="Target GC Util Change" value ="20.000000" />
  <attribute name="Current GC Util Change" value="0.000000"/>
  <attribute name="GC Util currently" value="0" />
  <attribute name="CPU Util currently" value="3" />
<allocation-satisfied id="394" threadId="000000000176B100" bytesRequested="24" />
<af-end id="395" timestamp="2019-06-15T23:01:45.889" threadId="000000000176BA88" success="true" from="nursery"/>
<exclusive-end id="396" timestamp="2019-06-15T23:01:45.889" durationms="1.578" />

<exclusive-start id="397" timestamp="2019-06-15T23:01:46.421" intervalms="533.283">
  <response-info timems="0.032" idlems="0.032" threads="0" lastid="000000000176B100" lastname="node-2" />
</exclusive-start>
<af-start id="398" threadId="000000000176BA88" totalBytesRequested="24" timestamp="2019-06-15T23:01:46.421" intervalms="533.244" type="nursery" />
<cycle-start id="399" type="scavenge" contextid="0" timestamp="2019-06-15T23:01:46.421" intervalms="533.195" />
<gc-start id="400" type="scavenge" contextid="399" timestamp="2019-06-15T23:01:46.421">
  <mem-info id="401" free="2088531976" total="2092630016" percent="99">
    <mem type="nursery" free="0" total="2097152" percent="0">
      <mem type="allocate" free="0" total="1769472" percent="0" />
      <mem type="survivor" free="0" total="327680" percent="0" />
    </mem>
    <mem type="tenure" free="2088531976" total="2090532864" percent="99">
      <mem type="soa" free="1984006152" total="1986007040" percent="99" />
      <mem type="loa" free="104525824" total="104525824" percent="100" />
    </mem>
    <remembered-set count="107" />
  </mem-info>
</gc-start>
<allocation-stats totalBytes="1729736" >
  <allocated-bytes non-tlh="24" tlh="1729712" />
  <largest-consumer threadName="node-0" threadId="0000000001767500" bytes="593840" />
</allocation-stats>
<gc-op id="402" type="scavenge" timems="0.228" contextid="399" timestamp="2019-06-15T23:01:46.421">
  <scavenger-info tenureage="3" tenuremask="7ff8" tiltratio="84" />
  <memory-copied type="nursery" objects="18" bytes="312" bytesdiscarded="78024" />
</gc-op>
<gc-end id="403" type="scavenge" contextid="399" durationms="0.723" usertimems="0.000" systemtimems="0.000" timestamp="2019-06-15T23:01:46.422" activeThreads="4">
  <mem-info id="404" free="2090288648" total="2092630016" percent="99">
    <mem type="nursery" free="1756672" total="2097152" percent="83">
      <mem type="allocate" free="1756672" total="1835008" percent="95" />
      <mem type="survivor" free="0" total="262144" percent="0" />
    </mem>
    <mem type="tenure" free="2088531976" total="2090532864" percent="99" macro-fragmented="0">
      <mem type="soa" free="1984006152" total="1986007040" percent="99" />
      <mem type="loa" free="104525824" total="104525824" percent="100" />
    </mem>
    <remembered-set count="93" />
  </mem-info>
</gc-end>
<cycle-end id="405" type="scavenge" contextid="399" timestamp="2019-06-15T23:01:46.422" />
  <attribute name="elasticGC enabled" value="1" />
  <attribute name= "numThreadsSpecified" value="4" />
  <attribute name="heapSize specified" value="8388608" />
  <attribute name="Current GC Util" value="0" />
  <attribute name= "Current Time Running" value="20356" />
  <attribute name ="GC Interval" value="200" />
  <attribute name="ProportionalT" value="-30.000000" />
  <attribute name="ProportionalI" value="-30.000000" />
  <attribute name="ProportionalH" value="-30.000000" />
  <attribute name="Current Error" value="-20.000000" />
  <attribute name="IntegralT" value="-10660.000000" />
  <attribute name="IntegralI" value="-10660.000000" />
  <attribute name="IntegralH" value="-10660.000000" />
  <attribute name="DerivativeT" value="-0.037523" />
  <attribute name="DerivativeI" value="-0.037523" />
  <attribute name="DerivativeH" value="-0.037523" />
  <attribute name="Loop Time for DT" value="533.000000" />
  <attribute name="Output H" value="2092630016"/>
  <attribute name="Output I" value="200"/>
  <attribute name="Output T" value="4"/>
  <attribute name="Target GC Util Change" value ="20.000000" />
  <attribute name="Current GC Util Change" value="0.000000"/>
  <attribute name="GC Util currently" value="0" />
  <attribute name="CPU Util currently" value="2" />
<allocation-satisfied id="406" threadId="000000000176B100" bytesRequested="24" />
<af-end id="407" timestamp="2019-06-15T23:01:46.422" threadId="000000000176BA88" success="true" from="nursery"/>
<exclusive-end id="408" timestamp="2019-06-15T23:01:46.422" durationms="1.317" />

<exclusive-start id="409" timestamp="2019-06-15T23:01:46.986" intervalms="565.175">
  <response-info timems="0.027" idlems="0.027" threads="0" lastid="000000000176ED00" lastname="node-1" />
</exclusive-start>
<af-start id="410" threadId="000000000176F688" totalBytesRequested="24" timestamp="2019-06-15T23:01:46.986" intervalms="565.176" type="nursery" />
<cycle-start id="411" type="scavenge" contextid="0" timestamp="2019-06-15T23:01:46.986" intervalms="565.174" />
<gc-start id="412" type="scavenge" contextid="411" timestamp="2019-06-15T23:01:46.986">
  <mem-info id="413" free="2088531976" total="2092630016" percent="99">
    <mem type="nursery" free="0" total="2097152" percent="0">
      <mem type="allocate" free="0" total="1835008" percent="0" />
      <mem type="survivor" free="0" total="262144" percent="0" />
    </mem>
    <mem type="tenure" free="2088531976" total="2090532864" percent="99">
      <mem type="soa" free="1984006152" total="1986007040" percent="99" />
      <mem type="loa" free="104525824" total="104525824" percent="100" />
    </mem>
    <remembered-set count="105" />
  </mem-info>
</gc-start>
<allocation-stats totalBytes="1756424" >
  <allocated-bytes non-tlh="24" tlh="1756400" />
  <largest-consumer threadName="node-2" threadId="000000000176B100" bytes="593880" />
</allocation-stats>
<gc-op id="414" type="scavenge" timems="1.731" contextid="411" timestamp="2019-06-15T23:01:46.988">
  <scavenger-info tenureage="4" tenuremask="7ff0" tiltratio="87" />
  <memory-copied type="nursery" objects="21" bytes="384" bytesdiscarded="38784" />
</gc-op>
<gc-end id="415" type="scavenge" contextid="411" durationms="2.104" usertimems="4.000" systemtimems="0.000" timestamp="2019-06-15T23:01:46.988" activeThreads="4">
  <mem-info id="416" free="2090327816" total="2092630016" percent="99">
    <mem type="nursery" free="1795840" total="2097152" percent="85">
      <mem type="allocate" free="1795840" total="1835008" percent="97" />
      <mem type="survivor" free="0" total="262144" percent="0" />
    </mem>
    <mem type="tenure" free="2088531976" total="2090532864" percent="99" macro-fragmented="0">
      <mem type="soa" free="1984006152" total="1986007040" percent="99" />
      <mem type="loa" free="104525824" total="104525824" percent="100" />
    </mem>
    <remembered-set count="93" />
  </mem-info>
</gc-end>
<cycle-end id="417" type="scavenge" contextid="411" timestamp="2019-06-15T23:01:46.988" />
  <attribute name="elasticGC enabled" value="1" />
  <attribute name= "numThreadsSpecified" value="4" />
  <attribute name="heapSize specified" value="8388608" />
  <attribute name="Current GC Util" value="0" />
  <attribute name= "Current Time Running" value="20921" />
  <attribute name ="GC Interval" value="200" />
  <attribute name="ProportionalT" value="-30.000000" />
  <attribute name="ProportionalI" value="-30.000000" />
  <attribute name="ProportionalH" value="-30.000000" />
  <attribute name="Current Error" value="-20.000000" />
  <attribute name="IntegralT" value="-11300.000000" />
  <attribute name="IntegralI" value="-11300.000000" />
  <attribute name="IntegralH" value="-11300.000000" />
  <attribute name="DerivativeT" value="-0.035398" />
  <attribute name="DerivativeI" value="-0.035398" />
  <attribute name="DerivativeH" value="-0.035398" />
  <attribute name="Loop Time for DT" value="565.000000" />
  <attribute name="Output H" value="2092630016"/>
  <attribute name="Output I" value="200"/>
  <attribute name="Output T" value="4"/>
  <attribute name="Target GC Util Change" value ="20.000000" />
  <attribute name="Current GC Util Change" value="0.000000"/>
  <attribute name="GC Util currently" value="0" />
  <attribute name="CPU Util currently" value="2" />
<allocation-satisfied id="418" threadId="000000000176ED00" bytesRequested="24" />
<af-end id="419" timestamp="2019-06-15T23:01:46.989" threadId="000000000176F688" success="true" from="nursery"/>
<exclusive-end id="420" timestamp="2019-06-15T23:01:46.989" durationms="2.677" />

<exclusive-start id="421" timestamp="2019-06-15T23:01:47.534" intervalms="548.381">
  <response-info timems="0.027" idlems="0.027" threads="0" lastid="000000000176B100" lastname="node-2" />
</exclusive-start>
<af-start id="422" threadId="000000000176BA88" totalBytesRequested="32" timestamp="2019-06-15T23:01:47.534" intervalms="548.365" type="nursery" />
<cycle-start id="423" type="scavenge" contextid="0" timestamp="2019-06-15T23:01:47.535" intervalms="548.363" />
<gc-start id="424" type="scavenge" contextid="423" timestamp="2019-06-15T23:01:47.535">
  <mem-info id="425" free="2088531976" total="2092630016" percent="99">
    <mem type="nursery" free="0" total="2097152" percent="0">
      <mem type="allocate" free="0" total="1835008" percent="0" />
      <mem type="survivor" free="0" total="262144" percent="0" />
    </mem>
    <mem type="tenure" free="2088531976" total="2090532864" percent="99">
      <mem type="soa" free="1984006152" total="1986007040" percent="99" />
      <mem type="loa" free="104525824" total="104525824" percent="100" />
    </mem>
    <remembered-set count="105" />
  </mem-info>
</gc-start>
<allocation-stats totalBytes="1795224" >
  <allocated-bytes non-tlh="24" tlh="1795200" />
  <largest-consumer threadName="node-2" threadId="000000000176B100" bytes="607592" />
</allocation-stats>
<gc-op id="426" type="scavenge" timems="0.200" contextid="423" timestamp="2019-06-15T23:01:47.535">
  <scavenger-info tenureage="5" tenuremask="7fe0" tiltratio="87" />
  <memory-copied type="nursery" objects="28" bytes="1400" bytesdiscarded="76936" />
</gc-op>
<gc-end id="427" type="scavenge" contextid="423" durationms="0.744" usertimems="0.000" systemtimems="0.000" timestamp="2019-06-15T23:01:47.535" activeThreads="4">
  <mem-info id="428" free="2090288648" total="2092630016" percent="99">
    <mem type="nursery" free="1756672" total="2097152" percent="83">
      <mem type="allocate" free="1756672" total="1835008" percent="95" />
      <mem type="survivor" free="0" total="262144" percent="0" />
    </mem>
    <mem type="tenure" free="2088531976" total="2090532864" percent="99" macro-fragmented="2592282">
      <mem type="soa" free="1984006152" total="1986007040" percent="99" />
      <mem type="loa" free="104525824" total="104525824" percent="100" />
    </mem>
    <remembered-set count="98" />
  </mem-info>
</gc-end>
<cycle-end id="429" type="scavenge" contextid="423" timestamp="2019-06-15T23:01:47.535" />
  <attribute name="elasticGC enabled" value="1" />
  <attribute name= "numThreadsSpecified" value="4" />
  <attribute name="heapSize specified" value="8388608" />
  <attribute name="Current GC Util" value="0" />
  <attribute name= "Current Time Running" value="21469" />
  <attribute name ="GC Interval" value="200" />
  <attribute name="ProportionalT" value="-30.000000" />
  <attribute name="ProportionalI" value="-30.000000" />
  <attribute name="ProportionalH" value="-30.000000" />
  <attribute name="Current Error" value="-20.000000" />
  <attribute name="IntegralT" value="-10960.000000" />
  <attribute name="IntegralI" value="-10960.000000" />
  <attribute name="IntegralH" value="-10960.000000" />
  <attribute name="DerivativeT" value="-0.036496" />
  <attribute name="DerivativeI" value="-0.036496" />
  <attribute name="DerivativeH" value="-0.036496" />
  <attribute name="Loop Time for DT" value="548.000000" />
  <attribute name="Output H" value="2092630016"/>
  <attribute name="Output I" value="200"/>
  <attribute name="Output T" value="4"/>
  <attribute name="Target GC Util Change" value ="20.000000" />
  <attribute name="Current GC Util Change" value="0.000000"/>
  <attribute name="GC Util currently" value="0" />
  <attribute name="CPU Util currently" value="4" />
<allocation-satisfied id="430" threadId="000000000176B100" bytesRequested="32" />
<af-end id="431" timestamp="2019-06-15T23:01:47.536" threadId="000000000176BA88" success="true" from="nursery"/>
<exclusive-end id="432" timestamp="2019-06-15T23:01:47.536" durationms="1.187" />

</verbosegc>

