<?xml version="1.0" ?>

<verbosegc xmlns="http://www.ibm.com/j9/verbosegc" version="08cc62e_CMPRSS">

<initialized id="1" timestamp="2019-08-02T20:20:19.276">
  <attribute name="gcPolicy" value="-Xgcpolicy:optthruput" />
  <attribute name="elasticGC enabled" value="1" />
  <attribute name= "numThreadsSpecified" value="0" />
  <attribute name="heapSize specified" value="0" />
  <attribute name= "numCores" value="0" />
  <attribute name ="GC Interval" value="0" />
  <attribute name="GC Util Range Max" value="0" />
  <attribute name="Current GC Util" value="0" />
  <attribute name= "Current Time Running" value="0" />
  <attribute name="maxHeapSize" value="0x7cba0000" />
  <attribute name="initialHeapSize" value="0x800000" />
  <attribute name="compressedRefs" value="true" />
  <attribute name="compressedRefsDisplacement" value="0x0" />
  <attribute name="compressedRefsShift" value="0x0" />
  <attribute name="pageSize" value="0x1000" />
  <attribute name="pageType" value="not used" />
  <attribute name="requestedPageSize" value="0x1000" />
  <attribute name="requestedPageType" value="not used" />
  <attribute name="gcthreads" value="8" />
  <attribute name="packetListSplit" value="8" />
  <attribute name="cacheListSplit" value="8" />
  <attribute name="splitFreeListSplitAmount" value="1" />
  <attribute name="numaNodes" value="0" />
  <system>
    <attribute name="physicalMemory" value="8370401280" />
    <attribute name="numCPUs" value="8" />
    <attribute name="architecture" value="amd64" />
    <attribute name="os" value="Linux" />
    <attribute name="osVersion" value="4.4.0-154-generic" />
  </system>
  <vmargs>
    <vmarg name="-Xoptionsfile=/vagrant/jdk/lib/options.default" />
    <vmarg name="-Xlockword:mode=default,noLockword=java/lang/String,noLockword=java/util/MapEntry,noLockword=java/util/HashMap$Entry,noLockword..." />
    <vmarg name="-Xjcl:jclse29" />
    <vmarg name="-Dcom.ibm.oti.vm.bootstrap.library.path=/vagrant/jdk/lib/compressedrefs:/vagrant/jdk/lib" />
    <vmarg name="-Dsun.boot.library.path=/vagrant/jdk/lib/compressedrefs:/vagrant/jdk/lib" />
    <vmarg name="-Djava.library.path=/vagrant/jdk/lib/compressedrefs:/vagrant/jdk/lib:/usr/lib64:/usr/lib" />
    <vmarg name="-Djava.home=/vagrant/jdk" />
    <vmarg name="-Duser.dir=/vagrant" />
    <vmarg name="-Xgcpolicy:optthruput" />
    <vmarg name="-Xgcelastic" />
    <vmarg name="-Xcheck:gc:::elasticGC" />
    <vmarg name="-verbose:gc" />
    <vmarg name="-Xloggc:jdkB-small-OTT-8core-verbose3xalan.txt" />
    <vmarg name="-Djava.class.path=dacapo-9.12-MR1-bach.jar" />
    <vmarg name="-Dsun.java.command=dacapo-9.12-MR1-bach.jar xalan --size=small" />
    <vmarg name="-Dsun.java.launcher=SUN_STANDARD" />
    <vmarg name="-Dsun.java.launcher.pid=20782" />
  </vmargs>
</initialized>

<exclusive-start id="2" timestamp="2019-08-02T20:20:19.814" intervalms="538.090">
  <response-info timems="0.022" idlems="0.022" threads="0" lastid="00000000015A1A00" lastname="main" />
</exclusive-start>
<af-start id="3" threadId="00000000015A2388" totalBytesRequested="88" timestamp="2019-08-02T20:20:19.815" intervalms="538.333" />
<cycle-start id="4" type="global" contextid="0" timestamp="2019-08-02T20:20:19.815" intervalms="538.486" />
<gc-start id="5" type="global" contextid="4" timestamp="2019-08-02T20:20:19.815">
  <mem-info id="6" free="418816" total="8388608" percent="4">
    <mem type="tenure" free="418816" total="8388608" percent="4">
      <mem type="soa" free="0" total="7969792" percent="0" />
      <mem type="loa" free="418816" total="418816" percent="100" />
    </mem>
  </mem-info>
</gc-start>
<allocation-stats totalBytes="7884936" >
  <allocated-bytes non-tlh="758040" tlh="7126896" />
  <largest-consumer threadName="main" threadId="00000000015A1A00" bytes="7796080" />
</allocation-stats>
<gc-op id="7" type="mark" timems="2.836" contextid="4" timestamp="2019-08-02T20:20:19.818">
  <trace-info objectcount="21494" scancount="17536" scanbytes="561384" />
  <finalization candidates="15" enqueued="1" />
  <references type="soft" candidates="74" cleared="0" enqueued="0" dynamicThreshold="32" maxThreshold="32" />
  <references type="weak" candidates="575" cleared="432" enqueued="393" />
  <references type="phantom" candidates="127" cleared="44" enqueued="44" />
  <stringconstants candidates="2930" cleared="0"  />
</gc-op>
<gc-op id="8" type="classunload" timems="0.040" contextid="4" timestamp="2019-08-02T20:20:19.818">
  <classunload-info classloadercandidates="6" classloadersunloaded="0" classesunloaded="0" anonymousclassesunloaded="0" quiescems="0.000" setupms="0.040" scanms="0.000" postms="0.000" />
</gc-op>
<gc-op id="9" type="sweep" timems="0.462" contextid="4" timestamp="2019-08-02T20:20:19.818" />
<gc-end id="10" type="global" contextid="4" durationms="4.456" usertimems="4.000" systemtimems="0.000" timestamp="2019-08-02T20:20:19.819" activeThreads="8">
  <mem-info id="11" free="6518896" total="8388608" percent="77">
    <mem type="tenure" free="6518896" total="8388608" percent="77" micro-fragmented="264580" macro-fragmented="0">
      <mem type="soa" free="6100080" total="7969792" percent="76" />
      <mem type="loa" free="418816" total="418816" percent="100" />
    </mem>
    <pending-finalizers system="1" default="0" reference="437" classloader="0" />
  </mem-info>
</gc-end>
<cycle-end id="12" type="global" contextid="4" timestamp="2019-08-02T20:20:19.819" />
  <attribute name="elasticGC enabled" value="1" />
  <attribute name= "numThreadsSpecified" value="0" />
  <attribute name="heapSize specified" value="0" />
  <attribute name= "numCores" value="8" />
  <attribute name ="GC Interval" value="0" />
  <attribute name ="Control flow" value="2" />
  <attribute name="GC Util Range Max" value="95" />
  <attribute name="Current GC Util" value="32" />
  <attribute name= "Current Time Running" value="3" />
<allocation-satisfied id="13" threadId="00000000015A1A00" bytesRequested="88" />
<af-end id="14" timestamp="2019-08-02T20:20:19.819" threadId="00000000015A2388" success="true" />
<exclusive-end id="15" timestamp="2019-08-02T20:20:19.820" durationms="5.277" />

<exclusive-start id="16" timestamp="2019-08-02T20:20:20.014" intervalms="199.876">
  <response-info timems="0.080" idlems="0.080" threads="0" lastid="00000000015A1A00" lastname="main" />
</exclusive-start>
<af-start id="17" threadId="00000000015A2388" totalBytesRequested="88" timestamp="2019-08-02T20:20:20.014" intervalms="199.788" />
<cycle-start id="18" type="global" contextid="0" timestamp="2019-08-02T20:20:20.040" intervalms="225.051" />
<gc-start id="19" type="global" contextid="18" timestamp="2019-08-02T20:20:20.040">
  <mem-info id="20" free="418816" total="8388608" percent="4">
    <mem type="tenure" free="418816" total="8388608" percent="4">
      <mem type="soa" free="0" total="7969792" percent="0" />
      <mem type="loa" free="418816" total="418816" percent="100" />
    </mem>
  </mem-info>
</gc-start>
<allocation-stats totalBytes="5996008" >
  <allocated-bytes non-tlh="1394184" tlh="4601824" />
  <largest-consumer threadName="main" threadId="00000000015A1A00" bytes="5989120" />
</allocation-stats>
<gc-op id="21" type="mark" timems="8.786" contextid="18" timestamp="2019-08-02T20:20:20.049">
  <trace-info objectcount="29493" scancount="23866" scanbytes="870684" />
  <finalization candidates="15" enqueued="0" />
  <references type="soft" candidates="133" cleared="0" enqueued="0" dynamicThreshold="24" maxThreshold="32" />
  <references type="weak" candidates="175" cleared="30" enqueued="30" />
  <references type="phantom" candidates="85" cleared="2" enqueued="2" />
  <stringconstants candidates="3529" cleared="22"  />
</gc-op>
<gc-op id="22" type="classunload" timems="0.002" contextid="18" timestamp="2019-08-02T20:20:20.050">
  <classunload-info classloadercandidates="19" classloadersunloaded="0" classesunloaded="0" anonymousclassesunloaded="0" quiescems="0.000" setupms="0.002" scanms="0.000" postms="0.000" />
</gc-op>
<gc-op id="23" type="sweep" timems="1.560" contextid="18" timestamp="2019-08-02T20:20:20.051" />
<gc-end id="24" type="global" contextid="18" durationms="12.494" usertimems="20.000" systemtimems="0.000" timestamp="2019-08-02T20:20:20.053" activeThreads="8">
  <mem-info id="25" free="5718896" total="8388608" percent="68">
    <mem type="tenure" free="5718896" total="8388608" percent="68" micro-fragmented="510870" macro-fragmented="0">
      <mem type="soa" free="5300080" total="7969792" percent="66" />
      <mem type="loa" free="418816" total="418816" percent="100" />
    </mem>
    <pending-finalizers system="0" default="0" reference="32" classloader="0" />
  </mem-info>
</gc-end>
<cycle-end id="26" type="global" contextid="18" timestamp="2019-08-02T20:20:20.053" />
  <attribute name="elasticGC enabled" value="1" />
  <attribute name= "numThreadsSpecified" value="0" />
  <attribute name="heapSize specified" value="0" />
  <attribute name= "numCores" value="8" />
  <attribute name ="GC Interval" value="0" />
  <attribute name ="Control flow" value="2" />
  <attribute name="GC Util Range Max" value="95" />
  <attribute name="Current GC Util" value="152" />
  <attribute name= "Current Time Running" value="236" />
<allocation-satisfied id="27" threadId="00000000015A1A00" bytesRequested="88" />
<af-end id="28" timestamp="2019-08-02T20:20:20.053" threadId="00000000015A2388" success="true" />
<exclusive-end id="29" timestamp="2019-08-02T20:20:20.053" durationms="38.738" />

<exclusive-start id="30" timestamp="2019-08-02T20:20:20.055" intervalms="40.403">
  <response-info timems="0.052" idlems="0.052" threads="0" lastid="00000000015A1A00" lastname="main" />
</exclusive-start>
<sys-start reason="explicit" id="31" timestamp="2019-08-02T20:20:20.055" intervalms="778.439" />
<cycle-start id="32" type="global" contextid="0" timestamp="2019-08-02T20:20:20.055" intervalms="15.010" />
<gc-start id="33" type="global" contextid="32" timestamp="2019-08-02T20:20:20.055">
  <mem-info id="34" free="5675904" total="8388608" percent="67">
    <mem type="tenure" free="5675904" total="8388608" percent="67">
      <mem type="soa" free="5257088" total="7969792" percent="65" />
      <mem type="loa" free="418816" total="418816" percent="100" />
    </mem>
  </mem-info>
</gc-start>
<allocation-stats totalBytes="40856" >
  <allocated-bytes non-tlh="7184" tlh="33672" />
  <largest-consumer threadName="main" threadId="00000000015A1A00" bytes="30832" />
</allocation-stats>
<gc-op id="35" type="mark" timems="5.620" contextid="32" timestamp="2019-08-02T20:20:20.060">
  <trace-info objectcount="29493" scancount="23874" scanbytes="871648" />
  <finalization candidates="15" enqueued="0" />
  <references type="soft" candidates="133" cleared="0" enqueued="0" dynamicThreshold="21" maxThreshold="32" />
  <references type="weak" candidates="152" cleared="4" enqueued="4" />
  <references type="phantom" candidates="84" cleared="0" enqueued="0" />
  <stringconstants candidates="3513" cleared="0"  />
</gc-op>
<gc-op id="36" type="classunload" timems="0.001" contextid="32" timestamp="2019-08-02T20:20:20.061">
  <classunload-info classloadercandidates="19" classloadersunloaded="0" classesunloaded="0" anonymousclassesunloaded="0" quiescems="0.000" setupms="0.001" scanms="0.000" postms="0.000" />
</gc-op>
<gc-op id="37" type="sweep" timems="1.744" contextid="32" timestamp="2019-08-02T20:20:20.062" />
<mem-info id="38" free="5720480" total="8388608" percent="68">
  <mem type="tenure" free="5720480" total="8388608" percent="68" micro-fragmented="546858" macro-fragmented="0">
    <mem type="soa" free="5301664" total="7969792" percent="66" />
    <mem type="loa" free="418816" total="418816" percent="100" />
  </mem>
  <pending-finalizers system="0" default="0" reference="4" classloader="0" />
</mem-info>
<gc-op id="39" type="compact" timems="10.484" contextid="32" timestamp="2019-08-02T20:20:20.073">
  <compact-info movecount="29492" movebytes="1957072" reason="compact on aggressive collection" />
</gc-op>
<gc-end id="40" type="global" contextid="32" durationms="19.088" usertimems="28.000" systemtimems="0.000" timestamp="2019-08-02T20:20:20.074" activeThreads="8">
  <mem-info id="41" free="6431448" total="8388608" percent="76">
    <mem type="tenure" free="6431448" total="8388608" percent="76">
      <mem type="soa" free="6012632" total="7969792" percent="75" />
      <mem type="loa" free="418816" total="418816" percent="100" />
    </mem>
    <pending-finalizers system="0" default="0" reference="4" classloader="0" />
  </mem-info>
</gc-end>
<cycle-end id="42" type="global" contextid="32" timestamp="2019-08-02T20:20:20.074" />
  <attribute name="elasticGC enabled" value="1" />
  <attribute name= "numThreadsSpecified" value="0" />
  <attribute name="heapSize specified" value="0" />
  <attribute name= "numCores" value="8" />
  <attribute name ="GC Interval" value="0" />
  <attribute name ="Control flow" value="2" />
  <attribute name="GC Util Range Max" value="95" />
  <attribute name="Current GC Util" value="82" />
  <attribute name= "Current Time Running" value="258" />
<sys-end id="43" timestamp="2019-08-02T20:20:20.074" />
<exclusive-end id="44" timestamp="2019-08-02T20:20:20.074" durationms="19.545" />

<exclusive-start id="45" timestamp="2019-08-02T20:20:20.189" intervalms="134.865">
  <response-info timems="0.041" idlems="0.041" threads="0" lastid="00000000018E9300" lastname="Thread-6" />
</exclusive-start>
<af-start id="46" threadId="00000000018E9C88" totalBytesRequested="4104" timestamp="2019-08-02T20:20:20.190" intervalms="175.221" />
<cycle-start id="47" type="global" contextid="0" timestamp="2019-08-02T20:20:20.190" intervalms="134.872" />
<gc-start id="48" type="global" contextid="47" timestamp="2019-08-02T20:20:20.190">
  <mem-info id="49" free="418816" total="8388608" percent="4">
    <mem type="tenure" free="418816" total="8388608" percent="4">
      <mem type="soa" free="0" total="7969792" percent="0" />
      <mem type="loa" free="418816" total="418816" percent="100" />
    </mem>
  </mem-info>
</gc-start>
<allocation-stats totalBytes="5968488" >
  <allocated-bytes non-tlh="729400" tlh="5239088" />
  <largest-consumer threadName="Thread-3" threadId="00000000018DE000" bytes="1092064" />
</allocation-stats>
<gc-op id="50" type="mark" timems="1.472" contextid="47" timestamp="2019-08-02T20:20:20.191">
  <trace-info objectcount="43288" scancount="34820" scanbytes="2025384" />
  <finalization candidates="26" enqueued="1" />
  <references type="soft" candidates="164" cleared="0" enqueued="0" dynamicThreshold="24" maxThreshold="32" />
  <references type="weak" candidates="274" cleared="18" enqueued="18" />
  <references type="phantom" candidates="109" cleared="2" enqueued="2" />
  <stringconstants candidates="3840" cleared="0"  />
</gc-op>
<gc-op id="51" type="sweep" timems="0.278" contextid="47" timestamp="2019-08-02T20:20:20.192" />
<gc-end id="52" type="global" contextid="47" durationms="2.514" usertimems="4.000" systemtimems="4.000" timestamp="2019-08-02T20:20:20.192" activeThreads="8">
  <mem-info id="53" free="4203456" total="8388608" percent="50">
    <mem type="tenure" free="4203456" total="8388608" percent="50" micro-fragmented="247369" macro-fragmented="0">
      <mem type="soa" free="3784640" total="7969792" percent="47" />
      <mem type="loa" free="418816" total="418816" percent="100" />
    </mem>
    <pending-finalizers system="1" default="0" reference="20" classloader="0" />
  </mem-info>
</gc-end>
<cycle-end id="54" type="global" contextid="47" timestamp="2019-08-02T20:20:20.192" />
  <attribute name="elasticGC enabled" value="1" />
  <attribute name= "numThreadsSpecified" value="0" />
  <attribute name="heapSize specified" value="0" />
  <attribute name= "numCores" value="8" />
  <attribute name ="GC Interval" value="0" />
  <attribute name ="Control flow" value="2" />
  <attribute name="GC Util Range Max" value="95" />
  <attribute name="Current GC Util" value="30" />
  <attribute name= "Current Time Running" value="376" />
<allocation-satisfied id="55" threadId="00000000018E9300" bytesRequested="4104" />
<af-end id="56" timestamp="2019-08-02T20:20:20.192" threadId="00000000018E9C88" success="true" />
<exclusive-end id="57" timestamp="2019-08-02T20:20:20.192" durationms="2.982" />

<exclusive-start id="58" timestamp="2019-08-02T20:20:20.313" intervalms="123.434">
  <response-info timems="0.068" idlems="0.068" threads="0" lastid="00000000018E9300" lastname="Thread-6" />
</exclusive-start>
<af-start id="59" threadId="00000000018E9C88" totalBytesRequested="32776" timestamp="2019-08-02T20:20:20.313" intervalms="123.564" />
<cycle-start id="60" type="global" contextid="0" timestamp="2019-08-02T20:20:20.313" intervalms="123.594" />
<gc-start id="61" type="global" contextid="60" timestamp="2019-08-02T20:20:20.313">
  <mem-info id="62" free="570056" total="8388608" percent="6">
    <mem type="tenure" free="570056" total="8388608" percent="6">
      <mem type="soa" free="151240" total="7969792" percent="1" />
      <mem type="loa" free="418816" total="418816" percent="100" />
    </mem>
  </mem-info>
</gc-start>
<allocation-stats totalBytes="3580712" >
  <allocated-bytes non-tlh="1066816" tlh="2513896" />
  <largest-consumer threadName="Thread-5" threadId="00000000018E5800" bytes="976192" />
</allocation-stats>
<gc-op id="63" type="mark" timems="1.864" contextid="60" timestamp="2019-08-02T20:20:20.315">
  <trace-info objectcount="44448" scancount="35784" scanbytes="2042412" />
  <finalization candidates="25" enqueued="0" />
  <references type="soft" candidates="168" cleared="0" enqueued="0" dynamicThreshold="16" maxThreshold="32" />
  <references type="weak" candidates="286" cleared="8" enqueued="7" />
  <references type="phantom" candidates="100" cleared="0" enqueued="0" />
  <stringconstants candidates="3960" cleared="0"  />
</gc-op>
<gc-op id="64" type="classunload" timems="0.003" contextid="60" timestamp="2019-08-02T20:20:20.315">
  <classunload-info classloadercandidates="20" classloadersunloaded="0" classesunloaded="0" anonymousclassesunloaded="0" quiescems="0.000" setupms="0.002" scanms="0.001" postms="0.000" />
</gc-op>
<gc-op id="65" type="sweep" timems="0.256" contextid="60" timestamp="2019-08-02T20:20:20.316" />
<gc-end id="66" type="global" contextid="60" durationms="2.957" usertimems="4.000" systemtimems="4.000" timestamp="2019-08-02T20:20:20.316" activeThreads="8">
  <mem-info id="67" free="3732376" total="8388608" percent="44">
    <mem type="tenure" free="3732376" total="8388608" percent="44" micro-fragmented="258237" macro-fragmented="0">
      <mem type="soa" free="3313560" total="7969792" percent="41" />
      <mem type="loa" free="418816" total="418816" percent="100" />
    </mem>
    <pending-finalizers system="0" default="0" reference="7" classloader="0" />
  </mem-info>
</gc-end>
<cycle-end id="68" type="global" contextid="60" timestamp="2019-08-02T20:20:20.316" />
  <attribute name="elasticGC enabled" value="1" />
  <attribute name= "numThreadsSpecified" value="0" />
  <attribute name="heapSize specified" value="0" />
  <attribute name= "numCores" value="8" />
  <attribute name ="GC Interval" value="0" />
  <attribute name ="Control flow" value="2" />
  <attribute name="GC Util Range Max" value="95" />
  <attribute name="Current GC Util" value="30" />
  <attribute name= "Current Time Running" value="500" />
<allocation-satisfied id="69" threadId="00000000018E9300" bytesRequested="32776" />
<af-end id="70" timestamp="2019-08-02T20:20:20.316" threadId="00000000018E9C88" success="true" />
<exclusive-end id="71" timestamp="2019-08-02T20:20:20.317" durationms="3.741" />

<exclusive-start id="72" timestamp="2019-08-02T20:20:20.355" intervalms="42.447">
  <response-info timems="0.039" idlems="0.039" threads="0" lastid="00000000018E1C00" lastname="Thread-4" />
</exclusive-start>
<af-start id="73" threadId="00000000018E2588" totalBytesRequested="32776" timestamp="2019-08-02T20:20:20.355" intervalms="42.291" />
<cycle-start id="74" type="global" contextid="0" timestamp="2019-08-02T20:20:20.355" intervalms="42.254" />
<gc-start id="75" type="global" contextid="74" timestamp="2019-08-02T20:20:20.356">
  <mem-info id="76" free="771056" total="8388608" percent="9">
    <mem type="tenure" free="771056" total="8388608" percent="9">
      <mem type="soa" free="352240" total="7969792" percent="4" />
      <mem type="loa" free="418816" total="418816" percent="100" />
    </mem>
  </mem-info>
</gc-start>
<allocation-stats totalBytes="2898200" >
  <allocated-bytes non-tlh="1389232" tlh="1508968" />
  <largest-consumer threadName="Thread-4" threadId="00000000018E1C00" bytes="1012408" />
</allocation-stats>
<gc-op id="77" type="mark" timems="1.322" contextid="74" timestamp="2019-08-02T20:20:20.357">
  <trace-info objectcount="43483" scancount="35136" scanbytes="2035080" />
  <finalization candidates="25" enqueued="0" />
  <references type="soft" candidates="168" cleared="0" enqueued="0" dynamicThreshold="14" maxThreshold="32" />
  <references type="weak" candidates="278" cleared="0" enqueued="0" />
  <references type="phantom" candidates="100" cleared="0" enqueued="0" />
  <stringconstants candidates="3962" cleared="0"  />
</gc-op>
<gc-op id="78" type="sweep" timems="0.240" contextid="74" timestamp="2019-08-02T20:20:20.357" />
<gc-end id="79" type="global" contextid="74" durationms="2.244" usertimems="4.000" systemtimems="0.000" timestamp="2019-08-02T20:20:20.358" activeThreads="8">
  <mem-info id="80" free="3681424" total="8388608" percent="43">
    <mem type="tenure" free="3681424" total="8388608" percent="43" micro-fragmented="247920" macro-fragmented="0">
      <mem type="soa" free="3262608" total="7969792" percent="40" />
      <mem type="loa" free="418816" total="418816" percent="100" />
    </mem>
  </mem-info>
</gc-end>
<cycle-end id="81" type="global" contextid="74" timestamp="2019-08-02T20:20:20.358" />
  <attribute name="elasticGC enabled" value="1" />
  <attribute name= "numThreadsSpecified" value="0" />
  <attribute name="heapSize specified" value="0" />
  <attribute name= "numCores" value="8" />
  <attribute name ="GC Interval" value="0" />
  <attribute name ="Control flow" value="2" />
  <attribute name="GC Util Range Max" value="95" />
  <attribute name="Current GC Util" value="34" />
  <attribute name= "Current Time Running" value="542" />
<allocation-satisfied id="82" threadId="00000000018E1C00" bytesRequested="32776" />
<af-end id="83" timestamp="2019-08-02T20:20:20.358" threadId="00000000018E2588" success="true" />
<exclusive-end id="84" timestamp="2019-08-02T20:20:20.358" durationms="2.681" />

<exclusive-start id="85" timestamp="2019-08-02T20:20:20.417" intervalms="61.668">
  <response-info timems="0.054" idlems="0.054" threads="0" lastid="00000000018E1C00" lastname="Thread-4" />
</exclusive-start>
<af-start id="86" threadId="00000000018E2588" totalBytesRequested="16392" timestamp="2019-08-02T20:20:20.417" intervalms="61.671" />
<cycle-start id="87" type="global" contextid="0" timestamp="2019-08-02T20:20:20.417" intervalms="61.672" />
<gc-start id="88" type="global" contextid="87" timestamp="2019-08-02T20:20:20.417">
  <mem-info id="89" free="697456" total="8388608" percent="8">
    <mem type="tenure" free="697456" total="8388608" percent="8">
      <mem type="soa" free="278640" total="7969792" percent="3" />
      <mem type="loa" free="418816" total="418816" percent="100" />
    </mem>
  </mem-info>
</gc-start>
<allocation-stats totalBytes="2910520" >
  <allocated-bytes non-tlh="1138320" tlh="1772200" />
  <largest-consumer threadName="Thread-9" threadId="00000000018F4700" bytes="545528" />
</allocation-stats>
<gc-op id="90" type="mark" timems="1.674" contextid="87" timestamp="2019-08-02T20:20:20.419">
  <trace-info objectcount="43614" scancount="35217" scanbytes="2021772" />
  <finalization candidates="25" enqueued="0" />
  <references type="soft" candidates="168" cleared="0" enqueued="0" dynamicThreshold="14" maxThreshold="32" />
  <references type="weak" candidates="278" cleared="0" enqueued="0" />
  <references type="phantom" candidates="100" cleared="0" enqueued="0" />
  <stringconstants candidates="3963" cleared="0"  />
</gc-op>
<gc-op id="91" type="sweep" timems="0.276" contextid="87" timestamp="2019-08-02T20:20:20.419" />
<gc-end id="92" type="global" contextid="87" durationms="2.637" usertimems="8.000" systemtimems="0.000" timestamp="2019-08-02T20:20:20.420" activeThreads="8">
  <mem-info id="93" free="3660304" total="8388608" percent="43">
    <mem type="tenure" free="3660304" total="8388608" percent="43" micro-fragmented="220237" macro-fragmented="0">
      <mem type="soa" free="3241488" total="7969792" percent="40" />
      <mem type="loa" free="418816" total="418816" percent="100" />
    </mem>
  </mem-info>
</gc-end>
<cycle-end id="94" type="global" contextid="87" timestamp="2019-08-02T20:20:20.420" />
  <attribute name="elasticGC enabled" value="1" />
  <attribute name= "numThreadsSpecified" value="0" />
  <attribute name="heapSize specified" value="0" />
  <attribute name= "numCores" value="8" />
  <attribute name ="GC Interval" value="0" />
  <attribute name ="Control flow" value="2" />
  <attribute name="GC Util Range Max" value="95" />
  <attribute name="Current GC Util" value="31" />
  <attribute name= "Current Time Running" value="604" />
<allocation-satisfied id="95" threadId="00000000018E1C00" bytesRequested="16392" />
<af-end id="96" timestamp="2019-08-02T20:20:20.420" threadId="00000000018E2588" success="true" />
<exclusive-end id="97" timestamp="2019-08-02T20:20:20.420" durationms="3.104" />

<exclusive-start id="98" timestamp="2019-08-02T20:20:20.486" intervalms="69.456">
  <response-info timems="0.044" idlems="0.044" threads="0" lastid="00000000018DE000" lastname="Thread-3" />
</exclusive-start>
<af-start id="99" threadId="00000000018DE988" totalBytesRequested="16392" timestamp="2019-08-02T20:20:20.487" intervalms="69.521" />
<cycle-start id="100" type="global" contextid="0" timestamp="2019-08-02T20:20:20.487" intervalms="69.524" />
<gc-start id="101" type="global" contextid="100" timestamp="2019-08-02T20:20:20.487">
  <mem-info id="102" free="501120" total="8388608" percent="5">
    <mem type="tenure" free="501120" total="8388608" percent="5">
      <mem type="soa" free="82304" total="7969792" percent="1" />
      <mem type="loa" free="418816" total="418816" percent="100" />
    </mem>
  </mem-info>
</gc-start>
<allocation-stats totalBytes="3121312" >
  <allocated-bytes non-tlh="1102344" tlh="2018968" />
  <largest-consumer threadName="Thread-5" threadId="00000000018E5800" bytes="1168720" />
</allocation-stats>
<gc-op id="103" type="mark" timems="1.541" contextid="100" timestamp="2019-08-02T20:20:20.488">
  <trace-info objectcount="44021" scancount="35481" scanbytes="2011072" />
  <finalization candidates="25" enqueued="0" />
  <references type="soft" candidates="168" cleared="0" enqueued="0" dynamicThreshold="13" maxThreshold="32" />
  <references type="weak" candidates="279" cleared="0" enqueued="0" />
  <references type="phantom" candidates="100" cleared="0" enqueued="0" />
  <stringconstants candidates="3963" cleared="0"  />
</gc-op>
<gc-op id="104" type="sweep" timems="0.267" contextid="100" timestamp="2019-08-02T20:20:20.489" />
<gc-end id="105" type="global" contextid="100" durationms="2.629" usertimems="8.000" systemtimems="0.000" timestamp="2019-08-02T20:20:20.489" activeThreads="8">
  <mem-info id="106" free="3599576" total="8388608" percent="42">
    <mem type="tenure" free="3599576" total="8388608" percent="42" micro-fragmented="330264" macro-fragmented="0">
      <mem type="soa" free="3180760" total="7969792" percent="39" />
      <mem type="loa" free="418816" total="418816" percent="100" />
    </mem>
  </mem-info>
</gc-end>
<cycle-end id="107" type="global" contextid="100" timestamp="2019-08-02T20:20:20.489" />
  <attribute name="elasticGC enabled" value="1" />
  <attribute name= "numThreadsSpecified" value="0" />
  <attribute name="heapSize specified" value="0" />
  <attribute name= "numCores" value="8" />
  <attribute name ="GC Interval" value="0" />
  <attribute name ="Control flow" value="2" />
  <attribute name="GC Util Range Max" value="95" />
  <attribute name="Current GC Util" value="33" />
  <attribute name= "Current Time Running" value="673" />
<allocation-satisfied id="108" threadId="00000000018DE000" bytesRequested="16392" />
<af-end id="109" timestamp="2019-08-02T20:20:20.490" threadId="00000000018DE988" success="true" />
<exclusive-end id="110" timestamp="2019-08-02T20:20:20.490" durationms="3.275" />

<exclusive-start id="111" timestamp="2019-08-02T20:20:20.526" intervalms="39.207">
  <response-info timems="0.094" idlems="0.094" threads="0" lastid="00000000018E1C00" lastname="Thread-4" />
</exclusive-start>
<af-start id="112" threadId="00000000018E2588" totalBytesRequested="16392" timestamp="2019-08-02T20:20:20.526" intervalms="39.153" />
<cycle-start id="113" type="global" contextid="0" timestamp="2019-08-02T20:20:20.526" intervalms="39.156" />
<gc-start id="114" type="global" contextid="113" timestamp="2019-08-02T20:20:20.526">
  <mem-info id="115" free="778496" total="8388608" percent="9">
    <mem type="tenure" free="778496" total="8388608" percent="9">
      <mem type="soa" free="359680" total="7969792" percent="4" />
      <mem type="loa" free="418816" total="418816" percent="100" />
    </mem>
  </mem-info>
</gc-start>
<allocation-stats totalBytes="2769752" >
  <allocated-bytes non-tlh="1397592" tlh="1372160" />
  <largest-consumer threadName="Thread-4" threadId="00000000018E1C00" bytes="814648" />
</allocation-stats>
<gc-op id="116" type="mark" timems="2.575" contextid="113" timestamp="2019-08-02T20:20:20.529">
  <trace-info objectcount="43723" scancount="35284" scanbytes="2075800" />
  <finalization candidates="25" enqueued="0" />
  <references type="soft" candidates="168" cleared="0" enqueued="0" dynamicThreshold="13" maxThreshold="32" />
  <references type="weak" candidates="280" cleared="0" enqueued="0" />
  <references type="phantom" candidates="101" cleared="0" enqueued="0" />
  <stringconstants candidates="3963" cleared="0"  />
</gc-op>
<gc-op id="117" type="sweep" timems="0.768" contextid="113" timestamp="2019-08-02T20:20:20.529" />
<gc-end id="118" type="global" contextid="113" durationms="4.205" usertimems="8.000" systemtimems="4.000" timestamp="2019-08-02T20:20:20.530" activeThreads="8">
  <mem-info id="119" free="3552608" total="8388608" percent="42">
    <mem type="tenure" free="3552608" total="8388608" percent="42" micro-fragmented="284078" macro-fragmented="0">
      <mem type="soa" free="3133792" total="7969792" percent="39" />
      <mem type="loa" free="418816" total="418816" percent="100" />
    </mem>
  </mem-info>
</gc-end>
<cycle-end id="120" type="global" contextid="113" timestamp="2019-08-02T20:20:20.530" />
  <attribute name="elasticGC enabled" value="1" />
  <attribute name= "numThreadsSpecified" value="0" />
  <attribute name="heapSize specified" value="0" />
  <attribute name= "numCores" value="8" />
  <attribute name ="GC Interval" value="0" />
  <attribute name ="Control flow" value="2" />
  <attribute name="GC Util Range Max" value="95" />
  <attribute name="Current GC Util" value="97" />
  <attribute name= "Current Time Running" value="714" />
<allocation-satisfied id="121" threadId="00000000018E1C00" bytesRequested="16392" />
<af-end id="122" timestamp="2019-08-02T20:20:20.531" threadId="00000000018E2588" success="true" />
<exclusive-end id="123" timestamp="2019-08-02T20:20:20.531" durationms="4.997" />

<exclusive-start id="124" timestamp="2019-08-02T20:20:20.580" intervalms="54.430">
  <response-info timems="0.126" idlems="0.081" threads="1" lastid="00000000018E1C00" lastname="Thread-4" />
</exclusive-start>
<af-start id="125" threadId="00000000018E9C88" totalBytesRequested="48" timestamp="2019-08-02T20:20:20.580" intervalms="54.416" />
<cycle-start id="126" type="global" contextid="0" timestamp="2019-08-02T20:20:20.580" intervalms="54.415" />
<gc-start id="127" type="global" contextid="126" timestamp="2019-08-02T20:20:20.580">
  <mem-info id="128" free="418816" total="8388608" percent="4">
    <mem type="tenure" free="418816" total="8388608" percent="4">
      <mem type="soa" free="0" total="7969792" percent="0" />
      <mem type="loa" free="418816" total="418816" percent="100" />
    </mem>
  </mem-info>
</gc-start>
<allocation-stats totalBytes="3082184" >
  <allocated-bytes non-tlh="1302496" tlh="1779688" />
  <largest-consumer threadName="Thread-8" threadId="00000000018F0B00" bytes="853952" />
</allocation-stats>
<gc-op id="129" type="mark" timems="2.624" contextid="126" timestamp="2019-08-02T20:20:20.583">
  <trace-info objectcount="43817" scancount="35517" scanbytes="2090172" />
  <finalization candidates="25" enqueued="0" />
  <references type="soft" candidates="168" cleared="0" enqueued="0" dynamicThreshold="13" maxThreshold="32" />
  <references type="weak" candidates="278" cleared="0" enqueued="0" />
  <references type="phantom" candidates="99" cleared="0" enqueued="0" />
  <stringconstants candidates="3963" cleared="0"  />
</gc-op>
<gc-op id="130" type="sweep" timems="0.262" contextid="126" timestamp="2019-08-02T20:20:20.583" />
<gc-end id="131" type="global" contextid="126" durationms="3.726" usertimems="8.000" systemtimems="0.000" timestamp="2019-08-02T20:20:20.584" activeThreads="8">
  <mem-info id="132" free="3406776" total="8388608" percent="40">
    <mem type="tenure" free="3406776" total="8388608" percent="40" micro-fragmented="305216" macro-fragmented="0">
      <mem type="soa" free="2987960" total="7969792" percent="37" />
      <mem type="loa" free="418816" total="418816" percent="100" />
    </mem>
  </mem-info>
</gc-end>
<cycle-end id="133" type="global" contextid="126" timestamp="2019-08-02T20:20:20.584" />
  <attribute name="elasticGC enabled" value="1" />
  <attribute name= "numThreadsSpecified" value="0" />
  <attribute name="heapSize specified" value="0" />
  <attribute name= "numCores" value="8" />
  <attribute name ="GC Interval" value="0" />
  <attribute name ="Control flow" value="2" />
  <attribute name="GC Util Range Max" value="95" />
  <attribute name="Current GC Util" value="33" />
  <attribute name= "Current Time Running" value="768" />
<allocation-satisfied id="134" threadId="00000000018E9300" bytesRequested="48" />
<af-end id="135" timestamp="2019-08-02T20:20:20.584" threadId="00000000018E9C88" success="true" />
<exclusive-end id="136" timestamp="2019-08-02T20:20:20.584" durationms="4.313" />

<exclusive-start id="137" timestamp="2019-08-02T20:20:20.623" intervalms="42.590">
  <response-info timems="0.048" idlems="0.048" threads="0" lastid="00000000018E5800" lastname="Thread-5" />
</exclusive-start>
<af-start id="138" threadId="00000000018E6188" totalBytesRequested="32776" timestamp="2019-08-02T20:20:20.623" intervalms="42.664" />
<cycle-start id="139" type="global" contextid="0" timestamp="2019-08-02T20:20:20.623" intervalms="42.663" />
<gc-start id="140" type="global" contextid="139" timestamp="2019-08-02T20:20:20.623">
  <mem-info id="141" free="853680" total="8388608" percent="10">
    <mem type="tenure" free="853680" total="8388608" percent="10">
      <mem type="soa" free="434864" total="7969792" percent="5" />
      <mem type="loa" free="418816" total="418816" percent="100" />
    </mem>
  </mem-info>
</gc-start>
<allocation-stats totalBytes="2485416" >
  <allocated-bytes non-tlh="1143424" tlh="1341992" />
  <largest-consumer threadName="Thread-10" threadId="00000000018F8300" bytes="457568" />
</allocation-stats>
<gc-op id="142" type="mark" timems="2.945" contextid="139" timestamp="2019-08-02T20:20:20.626">
  <trace-info objectcount="43064" scancount="34852" scanbytes="2034752" />
  <finalization candidates="25" enqueued="0" />
  <references type="soft" candidates="168" cleared="0" enqueued="0" dynamicThreshold="12" maxThreshold="32" />
  <references type="weak" candidates="278" cleared="0" enqueued="0" />
  <references type="phantom" candidates="100" cleared="0" enqueued="0" />
  <stringconstants candidates="3963" cleared="0"  />
</gc-op>
<gc-op id="143" type="sweep" timems="0.456" contextid="139" timestamp="2019-08-02T20:20:20.627" />
<gc-end id="144" type="global" contextid="139" durationms="4.267" usertimems="8.000" systemtimems="0.000" timestamp="2019-08-02T20:20:20.627" activeThreads="8">
  <mem-info id="145" free="3635896" total="8388608" percent="43">
    <mem type="tenure" free="3635896" total="8388608" percent="43" micro-fragmented="254546" macro-fragmented="0">
      <mem type="soa" free="3217080" total="7969792" percent="40" />
      <mem type="loa" free="418816" total="418816" percent="100" />
    </mem>
  </mem-info>
</gc-end>
<cycle-end id="146" type="global" contextid="139" timestamp="2019-08-02T20:20:20.627" />
  <attribute name="elasticGC enabled" value="1" />
  <attribute name= "numThreadsSpecified" value="0" />
  <attribute name="heapSize specified" value="0" />
  <attribute name= "numCores" value="8" />
  <attribute name ="GC Interval" value="0" />
  <attribute name ="Control flow" value="2" />
  <attribute name="GC Util Range Max" value="95" />
  <attribute name="Current GC Util" value="24" />
  <attribute name= "Current Time Running" value="811" />
<allocation-satisfied id="147" threadId="00000000018E5800" bytesRequested="32776" />
<af-end id="148" timestamp="2019-08-02T20:20:20.628" threadId="00000000018E6188" success="true" />
<exclusive-end id="149" timestamp="2019-08-02T20:20:20.628" durationms="4.945" />

<exclusive-start id="150" timestamp="2019-08-02T20:20:20.666" intervalms="42.901">
  <response-info timems="0.060" idlems="0.060" threads="0" lastid="00000000018F8300" lastname="Thread-10" />
</exclusive-start>
<af-start id="151" threadId="00000000018F8C88" totalBytesRequested="32776" timestamp="2019-08-02T20:20:20.666" intervalms="42.946" />
<cycle-start id="152" type="global" contextid="0" timestamp="2019-08-02T20:20:20.666" intervalms="42.941" />
<gc-start id="153" type="global" contextid="152" timestamp="2019-08-02T20:20:20.666">
  <mem-info id="154" free="1030296" total="8388608" percent="12">
    <mem type="tenure" free="1030296" total="8388608" percent="12">
      <mem type="soa" free="611480" total="7969792" percent="7" />
      <mem type="loa" free="418816" total="418816" percent="100" />
    </mem>
  </mem-info>
</gc-start>
<allocation-stats totalBytes="2560360" >
  <allocated-bytes non-tlh="1002016" tlh="1558344" />
  <largest-consumer threadName="Thread-10" threadId="00000000018F8300" bytes="709848" />
</allocation-stats>
<gc-op id="155" type="mark" timems="2.851" contextid="152" timestamp="2019-08-02T20:20:20.669">
  <trace-info objectcount="43423" scancount="35082" scanbytes="2041128" />
  <finalization candidates="25" enqueued="0" />
  <references type="soft" candidates="168" cleared="0" enqueued="0" dynamicThreshold="13" maxThreshold="32" />
  <references type="weak" candidates="278" cleared="0" enqueued="0" />
  <references type="phantom" candidates="99" cleared="0" enqueued="0" />
  <stringconstants candidates="3963" cleared="0"  />
</gc-op>
<gc-op id="156" type="sweep" timems="0.250" contextid="152" timestamp="2019-08-02T20:20:20.669" />
<gc-end id="157" type="global" contextid="152" durationms="3.938" usertimems="4.000" systemtimems="4.000" timestamp="2019-08-02T20:20:20.670" activeThreads="8">
  <mem-info id="158" free="3503800" total="8388608" percent="41">
    <mem type="tenure" free="3503800" total="8388608" percent="41" micro-fragmented="280242" macro-fragmented="0">
      <mem type="soa" free="3084984" total="7969792" percent="38" />
      <mem type="loa" free="418816" total="418816" percent="100" />
    </mem>
  </mem-info>
</gc-end>
<cycle-end id="159" type="global" contextid="152" timestamp="2019-08-02T20:20:20.670" />
  <attribute name="elasticGC enabled" value="1" />
  <attribute name= "numThreadsSpecified" value="0" />
  <attribute name="heapSize specified" value="0" />
  <attribute name= "numCores" value="8" />
  <attribute name ="GC Interval" value="0" />
  <attribute name ="Control flow" value="2" />
  <attribute name="GC Util Range Max" value="95" />
  <attribute name="Current GC Util" value="30" />
  <attribute name= "Current Time Running" value="854" />
<allocation-satisfied id="160" threadId="00000000018F8300" bytesRequested="32776" />
<af-end id="161" timestamp="2019-08-02T20:20:20.670" threadId="00000000018F8C88" success="true" />
<exclusive-end id="162" timestamp="2019-08-02T20:20:20.670" durationms="4.880" />

<exclusive-start id="163" timestamp="2019-08-02T20:20:20.698" intervalms="32.611">
  <response-info timems="0.051" idlems="0.051" threads="0" lastid="00000000018E5800" lastname="Thread-5" />
</exclusive-start>
<af-start id="164" threadId="00000000018E6188" totalBytesRequested="32776" timestamp="2019-08-02T20:20:20.698" intervalms="32.504" />
<cycle-start id="165" type="global" contextid="0" timestamp="2019-08-02T20:20:20.698" intervalms="32.513" />
<gc-start id="166" type="global" contextid="165" timestamp="2019-08-02T20:20:20.698">
  <mem-info id="167" free="708216" total="8388608" percent="8">
    <mem type="tenure" free="708216" total="8388608" percent="8">
      <mem type="soa" free="289400" total="7969792" percent="3" />
      <mem type="loa" free="418816" total="418816" percent="100" />
    </mem>
  </mem-info>
</gc-start>
<allocation-stats totalBytes="2746120" >
  <allocated-bytes non-tlh="1411808" tlh="1334312" />
  <largest-consumer threadName="Thread-3" threadId="00000000018DE000" bytes="729912" />
</allocation-stats>
<gc-op id="168" type="mark" timems="1.510" contextid="165" timestamp="2019-08-02T20:20:20.700">
  <trace-info objectcount="43024" scancount="34792" scanbytes="2001416" />
  <finalization candidates="25" enqueued="0" />
  <references type="soft" candidates="168" cleared="0" enqueued="0" dynamicThreshold="13" maxThreshold="32" />
  <references type="weak" candidates="278" cleared="0" enqueued="0" />
  <references type="phantom" candidates="99" cleared="0" enqueued="0" />
  <stringconstants candidates="3963" cleared="0"  />
</gc-op>
<gc-op id="169" type="sweep" timems="0.274" contextid="165" timestamp="2019-08-02T20:20:20.700" />
<gc-end id="170" type="global" contextid="165" durationms="2.800" usertimems="4.000" systemtimems="0.000" timestamp="2019-08-02T20:20:20.701" activeThreads="8">
  <mem-info id="171" free="3711648" total="8388608" percent="44">
    <mem type="tenure" free="3711648" total="8388608" percent="44" micro-fragmented="260544" macro-fragmented="0">
      <mem type="soa" free="3292832" total="7969792" percent="41" />
      <mem type="loa" free="418816" total="418816" percent="100" />
    </mem>
  </mem-info>
</gc-end>
<cycle-end id="172" type="global" contextid="165" timestamp="2019-08-02T20:20:20.701" />
  <attribute name="elasticGC enabled" value="1" />
  <attribute name= "numThreadsSpecified" value="0" />
  <attribute name="heapSize specified" value="0" />
  <attribute name= "numCores" value="8" />
  <attribute name ="GC Interval" value="0" />
  <attribute name ="Control flow" value="2" />
  <attribute name="GC Util Range Max" value="95" />
  <attribute name="Current GC Util" value="28" />
  <attribute name= "Current Time Running" value="885" />
<allocation-satisfied id="173" threadId="00000000018E5800" bytesRequested="32776" />
<af-end id="174" timestamp="2019-08-02T20:20:20.702" threadId="00000000018E6188" success="true" />
<exclusive-end id="175" timestamp="2019-08-02T20:20:20.702" durationms="3.487" />

<exclusive-start id="176" timestamp="2019-08-02T20:20:20.743" intervalms="44.641">
  <response-info timems="0.058" idlems="0.058" threads="0" lastid="00000000018E9300" lastname="Thread-6" />
</exclusive-start>
<af-start id="177" threadId="00000000018E9C88" totalBytesRequested="32776" timestamp="2019-08-02T20:20:20.743" intervalms="44.630" />
<cycle-start id="178" type="global" contextid="0" timestamp="2019-08-02T20:20:20.743" intervalms="44.619" />
<gc-start id="179" type="global" contextid="178" timestamp="2019-08-02T20:20:20.743">
  <mem-info id="180" free="818064" total="8388608" percent="9">
    <mem type="tenure" free="818064" total="8388608" percent="9">
      <mem type="soa" free="399248" total="7969792" percent="5" />
      <mem type="loa" free="418816" total="418816" percent="100" />
    </mem>
  </mem-info>
</gc-start>
<allocation-stats totalBytes="2838248" >
  <allocated-bytes non-tlh="1335800" tlh="1502448" />
  <largest-consumer threadName="Thread-9" threadId="00000000018F4700" bytes="676432" />
</allocation-stats>
<gc-op id="181" type="mark" timems="1.544" contextid="178" timestamp="2019-08-02T20:20:20.745">
  <trace-info objectcount="43188" scancount="34909" scanbytes="2035312" />
  <finalization candidates="25" enqueued="0" />
  <references type="soft" candidates="168" cleared="0" enqueued="0" dynamicThreshold="14" maxThreshold="32" />
  <references type="weak" candidates="278" cleared="0" enqueued="0" />
  <references type="phantom" candidates="101" cleared="0" enqueued="0" />
  <stringconstants candidates="3963" cleared="0"  />
</gc-op>
<gc-op id="182" type="sweep" timems="0.262" contextid="178" timestamp="2019-08-02T20:20:20.745" />
<gc-end id="183" type="global" contextid="178" durationms="2.627" usertimems="8.000" systemtimems="0.000" timestamp="2019-08-02T20:20:20.746" activeThreads="8">
  <mem-info id="184" free="3544592" total="8388608" percent="42">
    <mem type="tenure" free="3544592" total="8388608" percent="42" micro-fragmented="339474" macro-fragmented="0">
      <mem type="soa" free="3125776" total="7969792" percent="39" />
      <mem type="loa" free="418816" total="418816" percent="100" />
    </mem>
  </mem-info>
</gc-end>
<cycle-end id="185" type="global" contextid="178" timestamp="2019-08-02T20:20:20.746" />
  <attribute name="elasticGC enabled" value="1" />
  <attribute name= "numThreadsSpecified" value="0" />
  <attribute name="heapSize specified" value="0" />
  <attribute name= "numCores" value="8" />
  <attribute name ="GC Interval" value="0" />
  <attribute name ="Control flow" value="2" />
  <attribute name="GC Util Range Max" value="95" />
  <attribute name="Current GC Util" value="31" />
  <attribute name= "Current Time Running" value="930" />
<allocation-satisfied id="186" threadId="00000000018E9300" bytesRequested="32776" />
<af-end id="187" timestamp="2019-08-02T20:20:20.746" threadId="00000000018E9C88" success="true" />
<exclusive-end id="188" timestamp="2019-08-02T20:20:20.746" durationms="3.223" />

<exclusive-start id="189" timestamp="2019-08-02T20:20:20.801" intervalms="57.814">
  <response-info timems="0.045" idlems="0.045" threads="0" lastid="00000000018E1C00" lastname="Thread-4" />
</exclusive-start>
<af-start id="190" threadId="00000000018E2588" totalBytesRequested="16392" timestamp="2019-08-02T20:20:20.801" intervalms="57.916" />
<cycle-start id="191" type="global" contextid="0" timestamp="2019-08-02T20:20:20.801" intervalms="57.922" />
<gc-start id="192" type="global" contextid="191" timestamp="2019-08-02T20:20:20.801">
  <mem-info id="193" free="431760" total="8388608" percent="5">
    <mem type="tenure" free="431760" total="8388608" percent="5">
      <mem type="soa" free="12944" total="7969792" percent="0" />
      <mem type="loa" free="418816" total="418816" percent="100" />
    </mem>
  </mem-info>
</gc-start>
<allocation-stats totalBytes="3075096" >
  <allocated-bytes non-tlh="1112672" tlh="1962424" />
  <largest-consumer threadName="Thread-5" threadId="00000000018E5800" bytes="865200" />
</allocation-stats>
<gc-op id="194" type="mark" timems="1.560" contextid="191" timestamp="2019-08-02T20:20:20.803">
  <trace-info objectcount="43182" scancount="34842" scanbytes="1999916" />
  <finalization candidates="25" enqueued="0" />
  <references type="soft" candidates="168" cleared="75" enqueued="73" dynamicThreshold="13" maxThreshold="32" />
  <references type="weak" candidates="279" cleared="0" enqueued="0" />
  <references type="phantom" candidates="100" cleared="0" enqueued="0" />
  <stringconstants candidates="3963" cleared="0"  />
</gc-op>
<gc-op id="195" type="sweep" timems="0.262" contextid="191" timestamp="2019-08-02T20:20:20.803" />
<gc-end id="196" type="global" contextid="191" durationms="2.649" usertimems="4.000" systemtimems="4.000" timestamp="2019-08-02T20:20:20.804" activeThreads="8">
  <mem-info id="197" free="3664104" total="8388608" percent="43">
    <mem type="tenure" free="3664104" total="8388608" percent="43" micro-fragmented="291676" macro-fragmented="0">
      <mem type="soa" free="3245288" total="7969792" percent="40" />
      <mem type="loa" free="418816" total="418816" percent="100" />
    </mem>
    <pending-finalizers system="0" default="0" reference="73" classloader="0" />
  </mem-info>
</gc-end>
<cycle-end id="198" type="global" contextid="191" timestamp="2019-08-02T20:20:20.804" />
  <attribute name="elasticGC enabled" value="1" />
  <attribute name= "numThreadsSpecified" value="0" />
  <attribute name="heapSize specified" value="0" />
  <attribute name= "numCores" value="8" />
  <attribute name ="GC Interval" value="0" />
  <attribute name ="Control flow" value="2" />
  <attribute name="GC Util Range Max" value="95" />
  <attribute name="Current GC Util" value="33" />
  <attribute name= "Current Time Running" value="988" />
<allocation-satisfied id="199" threadId="00000000018E1C00" bytesRequested="16392" />
<af-end id="200" timestamp="2019-08-02T20:20:20.804" threadId="00000000018E2588" success="true" />
<exclusive-end id="201" timestamp="2019-08-02T20:20:20.804" durationms="3.214" />

<exclusive-start id="202" timestamp="2019-08-02T20:20:20.835" intervalms="34.016">
  <response-info timems="0.048" idlems="0.048" threads="0" lastid="00000000018ECF00" lastname="Thread-7" />
</exclusive-start>
<af-start id="203" threadId="00000000018ED888" totalBytesRequested="16392" timestamp="2019-08-02T20:20:20.835" intervalms="34.012" />
<cycle-start id="204" type="global" contextid="0" timestamp="2019-08-02T20:20:20.835" intervalms="34.007" />
<gc-start id="205" type="global" contextid="204" timestamp="2019-08-02T20:20:20.835">
  <mem-info id="206" free="759232" total="8388608" percent="9">
    <mem type="tenure" free="759232" total="8388608" percent="9">
      <mem type="soa" free="340416" total="7969792" percent="4" />
      <mem type="loa" free="418816" total="418816" percent="100" />
    </mem>
  </mem-info>
</gc-start>
<allocation-stats totalBytes="2796320" >
  <allocated-bytes non-tlh="1596312" tlh="1200008" />
  <largest-consumer threadName="Thread-6" threadId="00000000018E9300" bytes="715752" />
</allocation-stats>
<heap-resize id="207" type="loa contract" space="tenure" amount="83968" count="1" timems="0.000" reason="contract underutilized loa" timestamp="2019-08-02T20:20:20.835" />
<gc-op id="208" type="mark" timems="1.347" contextid="204" timestamp="2019-08-02T20:20:20.836">
  <trace-info objectcount="42602" scancount="34345" scanbytes="2019140" />
  <finalization candidates="25" enqueued="0" />
  <references type="soft" candidates="93" cleared="1" enqueued="0" dynamicThreshold="13" maxThreshold="32" />
  <references type="weak" candidates="278" cleared="0" enqueued="0" />
  <references type="phantom" candidates="99" cleared="0" enqueued="0" />
  <stringconstants candidates="3963" cleared="18"  />
</gc-op>
<gc-op id="209" type="sweep" timems="0.259" contextid="204" timestamp="2019-08-02T20:20:20.837" />
<gc-end id="210" type="global" contextid="204" durationms="2.384" usertimems="4.000" systemtimems="0.000" timestamp="2019-08-02T20:20:20.837" activeThreads="8">
  <mem-info id="211" free="3614720" total="8388608" percent="43">
    <mem type="tenure" free="3614720" total="8388608" percent="43" micro-fragmented="321811" macro-fragmented="0">
      <mem type="soa" free="3279872" total="8053760" percent="40" />
      <mem type="loa" free="334848" total="334848" percent="100" />
    </mem>
  </mem-info>
</gc-end>
<cycle-end id="212" type="global" contextid="204" timestamp="2019-08-02T20:20:20.837" />
  <attribute name="elasticGC enabled" value="1" />
  <attribute name= "numThreadsSpecified" value="0" />
  <attribute name="heapSize specified" value="0" />
  <attribute name= "numCores" value="8" />
  <attribute name ="GC Interval" value="0" />
  <attribute name ="Control flow" value="2" />
  <attribute name="GC Util Range Max" value="95" />
  <attribute name="Current GC Util" value="31" />
  <attribute name= "Current Time Running" value="1021" />
<allocation-satisfied id="213" threadId="00000000018ECF00" bytesRequested="16392" />
<af-end id="214" timestamp="2019-08-02T20:20:20.838" threadId="00000000018ED888" success="true" />
<exclusive-end id="215" timestamp="2019-08-02T20:20:20.838" durationms="3.089" />

<exclusive-start id="216" timestamp="2019-08-02T20:20:20.894" intervalms="59.564">
  <response-info timems="0.045" idlems="0.045" threads="0" lastid="00000000018ECF00" lastname="Thread-7" />
</exclusive-start>
<af-start id="217" threadId="00000000018ED888" totalBytesRequested="16392" timestamp="2019-08-02T20:20:20.894" intervalms="59.566" />
<cycle-start id="218" type="global" contextid="0" timestamp="2019-08-02T20:20:20.894" intervalms="59.575" />
<gc-start id="219" type="global" contextid="218" timestamp="2019-08-02T20:20:20.895">
  <mem-info id="220" free="457016" total="8388608" percent="5">
    <mem type="tenure" free="457016" total="8388608" percent="5">
      <mem type="soa" free="122168" total="8053760" percent="1" />
      <mem type="loa" free="334848" total="334848" percent="100" />
    </mem>
  </mem-info>
</gc-start>
<allocation-stats totalBytes="3071048" >
  <allocated-bytes non-tlh="1264528" tlh="1806520" />
  <largest-consumer threadName="Thread-6" threadId="00000000018E9300" bytes="578392" />
</allocation-stats>
<heap-resize id="221" type="loa contract" space="tenure" amount="83968" count="1" timems="0.000" reason="contract underutilized loa" timestamp="2019-08-02T20:20:20.895" />
<gc-op id="222" type="mark" timems="1.533" contextid="218" timestamp="2019-08-02T20:20:20.896">
  <trace-info objectcount="40915" scancount="33140" scanbytes="1897824" />
  <finalization candidates="25" enqueued="0" />
  <references type="soft" candidates="92" cleared="22" enqueued="20" dynamicThreshold="13" maxThreshold="32" />
  <references type="weak" candidates="278" cleared="0" enqueued="0" />
  <references type="phantom" candidates="100" cleared="0" enqueued="0" />
  <stringconstants candidates="3945" cleared="0"  />
</gc-op>
<gc-op id="223" type="sweep" timems="0.263" contextid="218" timestamp="2019-08-02T20:20:20.897" />
<gc-end id="224" type="global" contextid="218" durationms="2.645" usertimems="8.000" systemtimems="0.000" timestamp="2019-08-02T20:20:20.897" activeThreads="8">
  <mem-info id="225" free="3838888" total="8388608" percent="45">
    <mem type="tenure" free="3838888" total="8388608" percent="45" micro-fragmented="347483" macro-fragmented="0">
      <mem type="soa" free="3588008" total="8137728" percent="44" />
      <mem type="loa" free="250880" total="250880" percent="100" />
    </mem>
    <pending-finalizers system="0" default="0" reference="20" classloader="0" />
  </mem-info>
</gc-end>
<cycle-end id="226" type="global" contextid="218" timestamp="2019-08-02T20:20:20.897" />
  <attribute name="elasticGC enabled" value="1" />
  <attribute name= "numThreadsSpecified" value="0" />
  <attribute name="heapSize specified" value="0" />
  <attribute name= "numCores" value="8" />
  <attribute name ="GC Interval" value="0" />
  <attribute name ="Control flow" value="2" />
  <attribute name="GC Util Range Max" value="95" />
  <attribute name="Current GC Util" value="37" />
  <attribute name= "Current Time Running" value="1081" />
<allocation-satisfied id="227" threadId="00000000018ECF00" bytesRequested="16392" />
<af-end id="228" timestamp="2019-08-02T20:20:20.897" threadId="00000000018ED888" success="true" />
<exclusive-end id="229" timestamp="2019-08-02T20:20:20.898" durationms="3.348" />

<exclusive-start id="230" timestamp="2019-08-02T20:20:20.964" intervalms="69.937">
  <response-info timems="0.054" idlems="0.054" threads="0" lastid="00000000018DE000" lastname="Thread-3" />
</exclusive-start>
<af-start id="231" threadId="00000000018DE988" totalBytesRequested="48" timestamp="2019-08-02T20:20:20.964" intervalms="69.894" />
<cycle-start id="232" type="global" contextid="0" timestamp="2019-08-02T20:20:20.964" intervalms="69.886" />
<gc-start id="233" type="global" contextid="232" timestamp="2019-08-02T20:20:20.964">
  <mem-info id="234" free="250880" total="8388608" percent="2">
    <mem type="tenure" free="250880" total="8388608" percent="2">
      <mem type="soa" free="0" total="8137728" percent="0" />
      <mem type="loa" free="250880" total="250880" percent="100" />
    </mem>
  </mem-info>
</gc-start>
<allocation-stats totalBytes="3528024" >
  <allocated-bytes non-tlh="1327968" tlh="2200056" />
  <largest-consumer threadName="Thread-4" threadId="00000000018E1C00" bytes="874776" />
</allocation-stats>
<heap-resize id="235" type="loa contract" space="tenure" amount="83968" count="1" timems="0.000" reason="contract underutilized loa" timestamp="2019-08-02T20:20:20.964" />
<gc-op id="236" type="mark" timems="1.334" contextid="232" timestamp="2019-08-02T20:20:20.966">
  <trace-info objectcount="41482" scancount="33581" scanbytes="1983932" />
  <finalization candidates="25" enqueued="0" />
  <references type="soft" candidates="70" cleared="0" enqueued="0" dynamicThreshold="14" maxThreshold="32" />
  <references type="weak" candidates="278" cleared="0" enqueued="0" />
  <references type="phantom" candidates="99" cleared="0" enqueued="0" />
  <stringconstants candidates="3945" cleared="0"  />
</gc-op>
<gc-op id="237" type="sweep" timems="0.258" contextid="232" timestamp="2019-08-02T20:20:20.966" />
<gc-end id="238" type="global" contextid="232" durationms="2.227" usertimems="8.000" systemtimems="0.000" timestamp="2019-08-02T20:20:20.967" activeThreads="8">
  <mem-info id="239" free="3623808" total="8388608" percent="43">
    <mem type="tenure" free="3623808" total="8388608" percent="43" micro-fragmented="305334" macro-fragmented="0">
      <mem type="soa" free="3456896" total="8221696" percent="42" />
      <mem type="loa" free="166912" total="166912" percent="100" />
    </mem>
  </mem-info>
</gc-end>
<cycle-end id="240" type="global" contextid="232" timestamp="2019-08-02T20:20:20.967" />
  <attribute name="elasticGC enabled" value="1" />
  <attribute name= "numThreadsSpecified" value="0" />
  <attribute name="heapSize specified" value="0" />
  <attribute name= "numCores" value="8" />
  <attribute name ="GC Interval" value="0" />
  <attribute name ="Control flow" value="2" />
  <attribute name="GC Util Range Max" value="95" />
  <attribute name="Current GC Util" value="36" />
  <attribute name= "Current Time Running" value="1151" />
<allocation-satisfied id="241" threadId="00000000018DE000" bytesRequested="48" />
<af-end id="242" timestamp="2019-08-02T20:20:20.967" threadId="00000000018DE988" success="true" />
<exclusive-end id="243" timestamp="2019-08-02T20:20:20.967" durationms="2.830" />

<exclusive-start id="244" timestamp="2019-08-02T20:20:21.004" intervalms="39.546">
  <response-info timems="0.087" idlems="0.087" threads="0" lastid="00000000018DE000" lastname="Thread-3" />
</exclusive-start>
<af-start id="245" threadId="00000000018DE988" totalBytesRequested="16392" timestamp="2019-08-02T20:20:21.004" intervalms="39.580" />
<cycle-start id="246" type="global" contextid="0" timestamp="2019-08-02T20:20:21.004" intervalms="39.581" />
<gc-start id="247" type="global" contextid="246" timestamp="2019-08-02T20:20:21.004">
  <mem-info id="248" free="166912" total="8388608" percent="1">
    <mem type="tenure" free="166912" total="8388608" percent="1">
      <mem type="soa" free="0" total="8221696" percent="0" />
      <mem type="loa" free="166912" total="166912" percent="100" />
    </mem>
  </mem-info>
</gc-start>
<allocation-stats totalBytes="3380336" >
  <allocated-bytes non-tlh="1682296" tlh="1698040" />
  <largest-consumer threadName="Thread-9" threadId="00000000018F4700" bytes="1000456" />
</allocation-stats>
<heap-resize id="249" type="loa contract" space="tenure" amount="83968" count="1" timems="0.000" reason="contract underutilized loa" timestamp="2019-08-02T20:20:21.004" />
<gc-op id="250" type="mark" timems="1.245" contextid="246" timestamp="2019-08-02T20:20:21.005">
  <trace-info objectcount="41209" scancount="33453" scanbytes="2036288" />
  <finalization candidates="25" enqueued="0" />
  <references type="soft" candidates="70" cleared="5" enqueued="3" dynamicThreshold="13" maxThreshold="32" />
  <references type="weak" candidates="279" cleared="0" enqueued="0" />
  <references type="phantom" candidates="100" cleared="0" enqueued="0" />
  <stringconstants candidates="3945" cleared="1"  />
</gc-op>
<gc-op id="251" type="sweep" timems="0.291" contextid="246" timestamp="2019-08-02T20:20:21.006" />
<gc-end id="252" type="global" contextid="246" durationms="2.251" usertimems="8.000" systemtimems="0.000" timestamp="2019-08-02T20:20:21.006" activeThreads="8">
  <mem-info id="253" free="3527992" total="8388608" percent="42">
    <mem type="tenure" free="3527992" total="8388608" percent="42" micro-fragmented="281877" macro-fragmented="0">
      <mem type="soa" free="3445048" total="8305664" percent="41" />
      <mem type="loa" free="82944" total="82944" percent="100" />
    </mem>
    <pending-finalizers system="0" default="0" reference="3" classloader="0" />
  </mem-info>
</gc-end>
<cycle-end id="254" type="global" contextid="246" timestamp="2019-08-02T20:20:21.006" />
  <attribute name="elasticGC enabled" value="1" />
  <attribute name= "numThreadsSpecified" value="0" />
  <attribute name="heapSize specified" value="0" />
  <attribute name= "numCores" value="8" />
  <attribute name ="GC Interval" value="0" />
  <attribute name ="Control flow" value="2" />
  <attribute name="GC Util Range Max" value="95" />
  <attribute name="Current GC Util" value="38" />
  <attribute name= "Current Time Running" value="1190" />
<allocation-satisfied id="255" threadId="00000000018DE000" bytesRequested="16392" />
<af-end id="256" timestamp="2019-08-02T20:20:21.006" threadId="00000000018DE988" success="true" />
<exclusive-end id="257" timestamp="2019-08-02T20:20:21.007" durationms="2.895" />

<exclusive-start id="258" timestamp="2019-08-02T20:20:21.064" intervalms="59.959">
  <response-info timems="0.121" idlems="0.121" threads="0" lastid="00000000018DE000" lastname="Thread-3" />
</exclusive-start>
<af-start id="259" threadId="00000000018DE988" totalBytesRequested="16" timestamp="2019-08-02T20:20:21.064" intervalms="59.872" />
<cycle-start id="260" type="global" contextid="0" timestamp="2019-08-02T20:20:21.064" intervalms="59.875" />
<gc-start id="261" type="global" contextid="260" timestamp="2019-08-02T20:20:21.064">
  <mem-info id="262" free="82944" total="8388608" percent="0">
    <mem type="tenure" free="82944" total="8388608" percent="0">
      <mem type="soa" free="0" total="8305664" percent="0" />
      <mem type="loa" free="82944" total="82944" percent="100" />
    </mem>
  </mem-info>
</gc-start>
<allocation-stats totalBytes="3378240" >
  <allocated-bytes non-tlh="1485760" tlh="1892480" />
  <largest-consumer threadName="Thread-3" threadId="00000000018DE000" bytes="781448" />
</allocation-stats>
<gc-op id="263" type="mark" timems="1.381" contextid="260" timestamp="2019-08-02T20:20:21.065">
  <trace-info objectcount="41388" scancount="33575" scanbytes="2037660" />
  <finalization candidates="25" enqueued="0" />
  <references type="soft" candidates="65" cleared="0" enqueued="0" dynamicThreshold="13" maxThreshold="32" />
  <references type="weak" candidates="278" cleared="0" enqueued="0" />
  <references type="phantom" candidates="100" cleared="0" enqueued="0" />
  <stringconstants candidates="3944" cleared="0"  />
</gc-op>
<gc-op id="264" type="sweep" timems="0.296" contextid="260" timestamp="2019-08-02T20:20:21.066" />
<gc-end id="265" type="global" contextid="260" durationms="2.354" usertimems="4.000" systemtimems="4.000" timestamp="2019-08-02T20:20:21.066" activeThreads="8">
  <mem-info id="266" free="3471272" total="8388608" percent="41">
    <mem type="tenure" free="3471272" total="8388608" percent="41" micro-fragmented="268996" macro-fragmented="0">
      <mem type="soa" free="3388328" total="8305664" percent="40" />
      <mem type="loa" free="82944" total="82944" percent="100" />
    </mem>
  </mem-info>
</gc-end>
<cycle-end id="267" type="global" contextid="260" timestamp="2019-08-02T20:20:21.066" />
  <attribute name="elasticGC enabled" value="1" />
  <attribute name= "numThreadsSpecified" value="0" />
  <attribute name="heapSize specified" value="0" />
  <attribute name= "numCores" value="8" />
  <attribute name ="GC Interval" value="0" />
  <attribute name ="Control flow" value="2" />
  <attribute name="GC Util Range Max" value="95" />
  <attribute name="Current GC Util" value="43" />
  <attribute name= "Current Time Running" value="1250" />
<allocation-satisfied id="268" threadId="00000000018DE000" bytesRequested="16" />
<af-end id="269" timestamp="2019-08-02T20:20:21.066" threadId="00000000018DE988" success="true" />
<exclusive-end id="270" timestamp="2019-08-02T20:20:21.067" durationms="2.898" />

<exclusive-start id="271" timestamp="2019-08-02T20:20:21.125" intervalms="61.812">
  <response-info timems="0.099" idlems="0.051" threads="1" lastid="00000000018F4700" lastname="Thread-9" />
</exclusive-start>
<af-start id="272" threadId="00000000018F1488" totalBytesRequested="16392" timestamp="2019-08-02T20:20:21.126" intervalms="61.830" />
<cycle-start id="273" type="global" contextid="0" timestamp="2019-08-02T20:20:21.126" intervalms="61.828" />
<gc-start id="274" type="global" contextid="273" timestamp="2019-08-02T20:20:21.126">
  <mem-info id="275" free="82944" total="8388608" percent="0">
    <mem type="tenure" free="82944" total="8388608" percent="0">
      <mem type="soa" free="0" total="8305664" percent="0" />
      <mem type="loa" free="82944" total="82944" percent="100" />
    </mem>
  </mem-info>
</gc-start>
<allocation-stats totalBytes="3311728" >
  <allocated-bytes non-tlh="1388784" tlh="1922944" />
  <largest-consumer threadName="Thread-8" threadId="00000000018F0B00" bytes="968392" />
</allocation-stats>
<gc-op id="276" type="mark" timems="1.244" contextid="273" timestamp="2019-08-02T20:20:21.127">
  <trace-info objectcount="40221" scancount="32556" scanbytes="1883692" />
  <finalization candidates="25" enqueued="0" />
  <references type="soft" candidates="65" cleared="0" enqueued="0" dynamicThreshold="13" maxThreshold="32" />
  <references type="weak" candidates="278" cleared="0" enqueued="0" />
  <references type="phantom" candidates="99" cleared="0" enqueued="0" />
  <stringconstants candidates="3944" cleared="0"  />
</gc-op>
<gc-op id="277" type="sweep" timems="0.270" contextid="273" timestamp="2019-08-02T20:20:21.127" />
<gc-end id="278" type="global" contextid="273" durationms="2.202" usertimems="8.000" systemtimems="0.000" timestamp="2019-08-02T20:20:21.128" activeThreads="8">
  <mem-info id="279" free="3896304" total="8388608" percent="46">
    <mem type="tenure" free="3896304" total="8388608" percent="46" micro-fragmented="299387" macro-fragmented="0">
      <mem type="soa" free="3813360" total="8305664" percent="45" />
      <mem type="loa" free="82944" total="82944" percent="100" />
    </mem>
  </mem-info>
</gc-end>
<cycle-end id="280" type="global" contextid="273" timestamp="2019-08-02T20:20:21.128" />
  <attribute name="elasticGC enabled" value="1" />
  <attribute name= "numThreadsSpecified" value="0" />
  <attribute name="heapSize specified" value="0" />
  <attribute name= "numCores" value="8" />
  <attribute name ="GC Interval" value="0" />
  <attribute name ="Control flow" value="2" />
  <attribute name="GC Util Range Max" value="95" />
  <attribute name="Current GC Util" value="34" />
  <attribute name= "Current Time Running" value="1312" />
<allocation-satisfied id="281" threadId="00000000018F0B00" bytesRequested="16392" />
<af-end id="282" timestamp="2019-08-02T20:20:21.128" threadId="00000000018F1488" success="true" />
<exclusive-end id="283" timestamp="2019-08-02T20:20:21.128" durationms="2.795" />

<exclusive-start id="284" timestamp="2019-08-02T20:20:21.168" intervalms="42.359">
  <response-info timems="0.079" idlems="0.079" threads="0" lastid="00000000018E1C00" lastname="Thread-4" />
</exclusive-start>
<af-start id="285" threadId="00000000018E2588" totalBytesRequested="32776" timestamp="2019-08-02T20:20:21.168" intervalms="42.401" />
<cycle-start id="286" type="global" contextid="0" timestamp="2019-08-02T20:20:21.168" intervalms="42.398" />
<gc-start id="287" type="global" contextid="286" timestamp="2019-08-02T20:20:21.168">
  <mem-info id="288" free="85368" total="8388608" percent="1">
    <mem type="tenure" free="85368" total="8388608" percent="1">
      <mem type="soa" free="2424" total="8305664" percent="0" />
      <mem type="loa" free="82944" total="82944" percent="100" />
    </mem>
  </mem-info>
</gc-start>
<allocation-stats totalBytes="3724408" >
  <allocated-bytes non-tlh="2050264" tlh="1674144" />
  <largest-consumer threadName="Thread-5" threadId="00000000018E5800" bytes="872192" />
</allocation-stats>
<gc-op id="289" type="mark" timems="1.118" contextid="286" timestamp="2019-08-02T20:20:21.169">
  <trace-info objectcount="40767" scancount="33049" scanbytes="1987004" />
  <finalization candidates="25" enqueued="0" />
  <references type="soft" candidates="65" cleared="0" enqueued="0" dynamicThreshold="14" maxThreshold="32" />
  <references type="weak" candidates="278" cleared="0" enqueued="0" />
  <references type="phantom" candidates="99" cleared="0" enqueued="0" />
  <stringconstants candidates="3944" cleared="0"  />
</gc-op>
<gc-op id="290" type="sweep" timems="0.287" contextid="286" timestamp="2019-08-02T20:20:21.170" />
<gc-end id="291" type="global" contextid="286" durationms="2.002" usertimems="4.000" systemtimems="0.000" timestamp="2019-08-02T20:20:21.170" activeThreads="8">
  <mem-info id="292" free="3611664" total="8388608" percent="43">
    <mem type="tenure" free="3611664" total="8388608" percent="43" micro-fragmented="285262" macro-fragmented="0">
      <mem type="soa" free="3528720" total="8305664" percent="42" />
      <mem type="loa" free="82944" total="82944" percent="100" />
    </mem>
  </mem-info>
</gc-end>
<cycle-end id="293" type="global" contextid="286" timestamp="2019-08-02T20:20:21.170" />
  <attribute name="elasticGC enabled" value="1" />
  <attribute name= "numThreadsSpecified" value="0" />
  <attribute name="heapSize specified" value="0" />
  <attribute name= "numCores" value="8" />
  <attribute name ="GC Interval" value="0" />
  <attribute name ="Control flow" value="2" />
  <attribute name="GC Util Range Max" value="95" />
  <attribute name="Current GC Util" value="36" />
  <attribute name= "Current Time Running" value="1354" />
<allocation-satisfied id="294" threadId="00000000018E1C00" bytesRequested="32776" />
<af-end id="295" timestamp="2019-08-02T20:20:21.170" threadId="00000000018E2588" success="true" />
<exclusive-end id="296" timestamp="2019-08-02T20:20:21.170" durationms="2.602" />

<exclusive-start id="297" timestamp="2019-08-02T20:20:21.234" intervalms="66.447">
  <response-info timems="0.090" idlems="0.090" threads="0" lastid="00000000018E5800" lastname="Thread-5" />
</exclusive-start>
<af-start id="298" threadId="00000000018E6188" totalBytesRequested="8200" timestamp="2019-08-02T20:20:21.234" intervalms="66.414" />
<cycle-start id="299" type="global" contextid="0" timestamp="2019-08-02T20:20:21.234" intervalms="66.417" />
<gc-start id="300" type="global" contextid="299" timestamp="2019-08-02T20:20:21.235">
  <mem-info id="301" free="82944" total="8388608" percent="0">
    <mem type="tenure" free="82944" total="8388608" percent="0">
      <mem type="soa" free="0" total="8305664" percent="0" />
      <mem type="loa" free="82944" total="82944" percent="100" />
    </mem>
  </mem-info>
</gc-start>
<allocation-stats totalBytes="3497664" >
  <allocated-bytes non-tlh="1310264" tlh="2187400" />
  <largest-consumer threadName="Thread-10" threadId="00000000018F8300" bytes="575024" />
</allocation-stats>
<gc-op id="302" type="mark" timems="1.112" contextid="299" timestamp="2019-08-02T20:20:21.236">
  <trace-info objectcount="41388" scancount="33580" scanbytes="2040192" />
  <finalization candidates="25" enqueued="0" />
  <references type="soft" candidates="65" cleared="0" enqueued="0" dynamicThreshold="13" maxThreshold="32" />
  <references type="weak" candidates="279" cleared="0" enqueued="0" />
  <references type="phantom" candidates="100" cleared="0" enqueued="0" />
  <stringconstants candidates="3944" cleared="0"  />
</gc-op>
<gc-op id="303" type="sweep" timems="0.273" contextid="299" timestamp="2019-08-02T20:20:21.236" />
<gc-end id="304" type="global" contextid="299" durationms="1.972" usertimems="4.000" systemtimems="0.000" timestamp="2019-08-02T20:20:21.236" activeThreads="8">
  <mem-info id="305" free="3513656" total="8388608" percent="41">
    <mem type="tenure" free="3513656" total="8388608" percent="41" micro-fragmented="360319" macro-fragmented="0">
      <mem type="soa" free="3430712" total="8305664" percent="41" />
      <mem type="loa" free="82944" total="82944" percent="100" />
    </mem>
  </mem-info>
</gc-end>
<cycle-end id="306" type="global" contextid="299" timestamp="2019-08-02T20:20:21.237" />
  <attribute name="elasticGC enabled" value="1" />
  <attribute name= "numThreadsSpecified" value="0" />
  <attribute name="heapSize specified" value="0" />
  <attribute name= "numCores" value="8" />
  <attribute name ="GC Interval" value="0" />
  <attribute name ="Control flow" value="2" />
  <attribute name="GC Util Range Max" value="95" />
  <attribute name="Current GC Util" value="36" />
  <attribute name= "Current Time Running" value="1421" />
<allocation-satisfied id="307" threadId="00000000018E5800" bytesRequested="8200" />
<af-end id="308" timestamp="2019-08-02T20:20:21.237" threadId="00000000018E6188" success="true" />
<exclusive-end id="309" timestamp="2019-08-02T20:20:21.237" durationms="2.572" />

<exclusive-start id="310" timestamp="2019-08-02T20:20:21.275" intervalms="41.135">
  <response-info timems="0.049" idlems="0.049" threads="0" lastid="00000000018ECF00" lastname="Thread-7" />
</exclusive-start>
<af-start id="311" threadId="00000000018ED888" totalBytesRequested="16392" timestamp="2019-08-02T20:20:21.276" intervalms="41.178" />
<cycle-start id="312" type="global" contextid="0" timestamp="2019-08-02T20:20:21.276" intervalms="41.182" />
<gc-start id="313" type="global" contextid="312" timestamp="2019-08-02T20:20:21.276">
  <mem-info id="314" free="450440" total="8388608" percent="5">
    <mem type="tenure" free="450440" total="8388608" percent="5">
      <mem type="soa" free="367496" total="8305664" percent="4" />
      <mem type="loa" free="82944" total="82944" percent="100" />
    </mem>
  </mem-info>
</gc-start>
<allocation-stats totalBytes="2965600" >
  <allocated-bytes non-tlh="1465744" tlh="1499856" />
  <largest-consumer threadName="Thread-6" threadId="00000000018E9300" bytes="822344" />
</allocation-stats>
<gc-op id="315" type="mark" timems="1.073" contextid="312" timestamp="2019-08-02T20:20:21.277">
  <trace-info objectcount="40097" scancount="32447" scanbytes="1881612" />
  <finalization candidates="25" enqueued="0" />
  <references type="soft" candidates="65" cleared="0" enqueued="0" dynamicThreshold="13" maxThreshold="32" />
  <references type="weak" candidates="279" cleared="0" enqueued="0" />
  <references type="phantom" candidates="101" cleared="0" enqueued="0" />
  <stringconstants candidates="3944" cleared="0"  />
</gc-op>
<gc-op id="316" type="sweep" timems="0.263" contextid="312" timestamp="2019-08-02T20:20:21.277" />
<gc-end id="317" type="global" contextid="312" durationms="1.934" usertimems="4.000" systemtimems="0.000" timestamp="2019-08-02T20:20:21.278" activeThreads="8">
  <mem-info id="318" free="3972496" total="8388608" percent="47">
    <mem type="tenure" free="3972496" total="8388608" percent="47" micro-fragmented="296059" macro-fragmented="0">
      <mem type="soa" free="3889552" total="8305664" percent="46" />
      <mem type="loa" free="82944" total="82944" percent="100" />
    </mem>
  </mem-info>
</gc-end>
<cycle-end id="319" type="global" contextid="312" timestamp="2019-08-02T20:20:21.278" />
  <attribute name="elasticGC enabled" value="1" />
  <attribute name= "numThreadsSpecified" value="0" />
  <attribute name="heapSize specified" value="0" />
  <attribute name= "numCores" value="8" />
  <attribute name ="GC Interval" value="0" />
  <attribute name ="Control flow" value="2" />
  <attribute name="GC Util Range Max" value="95" />
  <attribute name="Current GC Util" value="36" />
  <attribute name= "Current Time Running" value="1462" />
<allocation-satisfied id="320" threadId="00000000018ECF00" bytesRequested="16392" />
<af-end id="321" timestamp="2019-08-02T20:20:21.278" threadId="00000000018ED888" success="true" />
<exclusive-end id="322" timestamp="2019-08-02T20:20:21.278" durationms="2.474" />

<exclusive-start id="323" timestamp="2019-08-02T20:20:21.330" intervalms="54.495">
  <response-info timems="0.037" idlems="0.037" threads="0" lastid="00000000018F8300" lastname="Thread-10" />
</exclusive-start>
<af-start id="324" threadId="00000000018F8C88" totalBytesRequested="32776" timestamp="2019-08-02T20:20:21.330" intervalms="54.523" />
<cycle-start id="325" type="global" contextid="0" timestamp="2019-08-02T20:20:21.330" intervalms="54.521" />
<gc-start id="326" type="global" contextid="325" timestamp="2019-08-02T20:20:21.330">
  <mem-info id="327" free="85624" total="8388608" percent="1">
    <mem type="tenure" free="85624" total="8388608" percent="1">
      <mem type="soa" free="2680" total="8305664" percent="0" />
      <mem type="loa" free="82944" total="82944" percent="100" />
    </mem>
  </mem-info>
</gc-start>
<allocation-stats totalBytes="3830592" >
  <allocated-bytes non-tlh="1518432" tlh="2312160" />
  <largest-consumer threadName="Thread-3" threadId="00000000018DE000" bytes="929608" />
</allocation-stats>
<gc-op id="328" type="mark" timems="1.796" contextid="325" timestamp="2019-08-02T20:20:21.332">
  <trace-info objectcount="41543" scancount="33684" scanbytes="2044096" />
  <finalization candidates="25" enqueued="0" />
  <references type="soft" candidates="65" cleared="0" enqueued="0" dynamicThreshold="15" maxThreshold="32" />
  <references type="weak" candidates="278" cleared="0" enqueued="0" />
  <references type="phantom" candidates="99" cleared="0" enqueued="0" />
  <stringconstants candidates="3944" cleared="0"  />
</gc-op>
<gc-op id="329" type="sweep" timems="1.340" contextid="325" timestamp="2019-08-02T20:20:21.334" />
<gc-end id="330" type="global" contextid="325" durationms="4.241" usertimems="4.000" systemtimems="4.000" timestamp="2019-08-02T20:20:21.334" activeThreads="8">
  <mem-info id="331" free="3380248" total="8388608" percent="40">
    <mem type="tenure" free="3380248" total="8388608" percent="40" micro-fragmented="253184" macro-fragmented="0">
      <mem type="soa" free="3297304" total="8305664" percent="39" />
      <mem type="loa" free="82944" total="82944" percent="100" />
    </mem>
  </mem-info>
</gc-end>
<cycle-end id="332" type="global" contextid="325" timestamp="2019-08-02T20:20:21.335" />
  <attribute name="elasticGC enabled" value="1" />
  <attribute name= "numThreadsSpecified" value="0" />
  <attribute name="heapSize specified" value="0" />
  <attribute name= "numCores" value="8" />
  <attribute name ="GC Interval" value="0" />
  <attribute name ="Control flow" value="2" />
  <attribute name="GC Util Range Max" value="95" />
  <attribute name="Current GC Util" value="162" />
  <attribute name= "Current Time Running" value="1518" />
<allocation-satisfied id="333" threadId="00000000018F8300" bytesRequested="32776" />
<af-end id="334" timestamp="2019-08-02T20:20:21.335" threadId="00000000018F8C88" success="true" />
<exclusive-end id="335" timestamp="2019-08-02T20:20:21.335" durationms="4.956" />

<exclusive-start id="336" timestamp="2019-08-02T20:20:21.370" intervalms="40.423">
  <response-info timems="0.045" idlems="0.045" threads="0" lastid="00000000018E9300" lastname="Thread-6" />
</exclusive-start>
<af-start id="337" threadId="00000000018E9C88" totalBytesRequested="16392" timestamp="2019-08-02T20:20:21.370" intervalms="40.323" />
<cycle-start id="338" type="global" contextid="0" timestamp="2019-08-02T20:20:21.370" intervalms="40.319" />
<gc-start id="339" type="global" contextid="338" timestamp="2019-08-02T20:20:21.371">
  <mem-info id="340" free="270952" total="8388608" percent="3">
    <mem type="tenure" free="270952" total="8388608" percent="3">
      <mem type="soa" free="188008" total="8305664" percent="2" />
      <mem type="loa" free="82944" total="82944" percent="100" />
    </mem>
  </mem-info>
</gc-start>
<allocation-stats totalBytes="3059848" >
  <allocated-bytes non-tlh="1492696" tlh="1567152" />
  <largest-consumer threadName="Thread-7" threadId="00000000018ECF00" bytes="685136" />
</allocation-stats>
<gc-op id="341" type="mark" timems="1.099" contextid="338" timestamp="2019-08-02T20:20:21.372">
  <trace-info objectcount="40450" scancount="32713" scanbytes="1939880" />
  <finalization candidates="25" enqueued="0" />
  <references type="soft" candidates="65" cleared="0" enqueued="0" dynamicThreshold="12" maxThreshold="32" />
  <references type="weak" candidates="278" cleared="0" enqueued="0" />
  <references type="phantom" candidates="99" cleared="0" enqueued="0" />
  <stringconstants candidates="3944" cleared="0"  />
</gc-op>
<gc-op id="342" type="sweep" timems="0.305" contextid="338" timestamp="2019-08-02T20:20:21.372" />
<gc-end id="343" type="global" contextid="338" durationms="2.134" usertimems="4.000" systemtimems="0.000" timestamp="2019-08-02T20:20:21.373" activeThreads="8">
  <mem-info id="344" free="3773016" total="8388608" percent="44">
    <mem type="tenure" free="3773016" total="8388608" percent="44" micro-fragmented="340990" macro-fragmented="0">
      <mem type="soa" free="3690072" total="8305664" percent="44" />
      <mem type="loa" free="82944" total="82944" percent="100" />
    </mem>
  </mem-info>
</gc-end>
<cycle-end id="345" type="global" contextid="338" timestamp="2019-08-02T20:20:21.373" />
  <attribute name="elasticGC enabled" value="1" />
  <attribute name= "numThreadsSpecified" value="0" />
  <attribute name="heapSize specified" value="0" />
  <attribute name= "numCores" value="8" />
  <attribute name ="GC Interval" value="0" />
  <attribute name ="Control flow" value="2" />
  <attribute name="GC Util Range Max" value="95" />
  <attribute name="Current GC Util" value="34" />
  <attribute name= "Current Time Running" value="1557" />
<allocation-satisfied id="346" threadId="00000000018E9300" bytesRequested="16392" />
<af-end id="347" timestamp="2019-08-02T20:20:21.373" threadId="00000000018E9C88" success="true" />
<exclusive-end id="348" timestamp="2019-08-02T20:20:21.373" durationms="2.961" />

<exclusive-start id="349" timestamp="2019-08-02T20:20:21.413" intervalms="42.987">
  <response-info timems="0.072" idlems="0.072" threads="0" lastid="00000000018E5800" lastname="Thread-5" />
</exclusive-start>
<af-start id="350" threadId="00000000018E6188" totalBytesRequested="16392" timestamp="2019-08-02T20:20:21.413" intervalms="43.022" />
<cycle-start id="351" type="global" contextid="0" timestamp="2019-08-02T20:20:21.413" intervalms="43.022" />
<gc-start id="352" type="global" contextid="351" timestamp="2019-08-02T20:20:21.414">
  <mem-info id="353" free="153960" total="8388608" percent="1">
    <mem type="tenure" free="153960" total="8388608" percent="1">
      <mem type="soa" free="71016" total="8305664" percent="0" />
      <mem type="loa" free="82944" total="82944" percent="100" />
    </mem>
  </mem-info>
</gc-start>
<allocation-stats totalBytes="3518640" >
  <allocated-bytes non-tlh="1780280" tlh="1738360" />
  <largest-consumer threadName="Thread-10" threadId="00000000018F8300" bytes="797432" />
</allocation-stats>
<gc-op id="354" type="mark" timems="1.107" contextid="351" timestamp="2019-08-02T20:20:21.415">
  <trace-info objectcount="40462" scancount="32760" scanbytes="1944660" />
  <finalization candidates="25" enqueued="0" />
  <references type="soft" candidates="65" cleared="0" enqueued="0" dynamicThreshold="14" maxThreshold="32" />
  <references type="weak" candidates="278" cleared="0" enqueued="0" />
  <references type="phantom" candidates="101" cleared="0" enqueued="0" />
  <stringconstants candidates="3944" cleared="0"  />
</gc-op>
<gc-op id="355" type="sweep" timems="0.258" contextid="351" timestamp="2019-08-02T20:20:21.415" />
<gc-end id="356" type="global" contextid="351" durationms="1.937" usertimems="4.000" systemtimems="0.000" timestamp="2019-08-02T20:20:21.415" activeThreads="8">
  <mem-info id="357" free="3844040" total="8388608" percent="45">
    <mem type="tenure" free="3844040" total="8388608" percent="45" micro-fragmented="334582" macro-fragmented="0">
      <mem type="soa" free="3761096" total="8305664" percent="45" />
      <mem type="loa" free="82944" total="82944" percent="100" />
    </mem>
  </mem-info>
</gc-end>
<cycle-end id="358" type="global" contextid="351" timestamp="2019-08-02T20:20:21.416" />
  <attribute name="elasticGC enabled" value="1" />
  <attribute name= "numThreadsSpecified" value="0" />
  <attribute name="heapSize specified" value="0" />
  <attribute name= "numCores" value="8" />
  <attribute name ="GC Interval" value="0" />
  <attribute name ="Control flow" value="2" />
  <attribute name="GC Util Range Max" value="95" />
  <attribute name="Current GC Util" value="40" />
  <attribute name= "Current Time Running" value="1600" />
<allocation-satisfied id="359" threadId="00000000018E5800" bytesRequested="16392" />
<af-end id="360" timestamp="2019-08-02T20:20:21.416" threadId="00000000018E6188" success="true" />
<exclusive-end id="361" timestamp="2019-08-02T20:20:21.416" durationms="2.387" />

<exclusive-start id="362" timestamp="2019-08-02T20:20:21.475" intervalms="61.578">
  <response-info timems="0.034" idlems="0.034" threads="0" lastid="00000000018F8300" lastname="Thread-10" />
</exclusive-start>
<af-start id="363" threadId="00000000018F8C88" totalBytesRequested="24" timestamp="2019-08-02T20:20:21.475" intervalms="61.633" />
<cycle-start id="364" type="global" contextid="0" timestamp="2019-08-02T20:20:21.475" intervalms="61.634" />
<gc-start id="365" type="global" contextid="364" timestamp="2019-08-02T20:20:21.475">
  <mem-info id="366" free="82944" total="8388608" percent="0">
    <mem type="tenure" free="82944" total="8388608" percent="0">
      <mem type="soa" free="0" total="8305664" percent="0" />
      <mem type="loa" free="82944" total="82944" percent="100" />
    </mem>
  </mem-info>
</gc-start>
<allocation-stats totalBytes="3699008" >
  <allocated-bytes non-tlh="1363872" tlh="2335136" />
  <largest-consumer threadName="Thread-4" threadId="00000000018E1C00" bytes="834912" />
</allocation-stats>
<gc-op id="367" type="mark" timems="2.543" contextid="364" timestamp="2019-08-02T20:20:21.478">
  <trace-info objectcount="41656" scancount="33754" scanbytes="2043472" />
  <finalization candidates="25" enqueued="0" />
  <references type="soft" candidates="65" cleared="0" enqueued="0" dynamicThreshold="14" maxThreshold="32" />
  <references type="weak" candidates="278" cleared="0" enqueued="0" />
  <references type="phantom" candidates="99" cleared="0" enqueued="0" />
  <stringconstants candidates="3944" cleared="0"  />
</gc-op>
<gc-op id="368" type="sweep" timems="0.691" contextid="364" timestamp="2019-08-02T20:20:21.479" />
<gc-end id="369" type="global" contextid="364" durationms="4.272" usertimems="12.000" systemtimems="0.000" timestamp="2019-08-02T20:20:21.479" activeThreads="8">
  <mem-info id="370" free="3403304" total="8388608" percent="40">
    <mem type="tenure" free="3403304" total="8388608" percent="40" micro-fragmented="318589" macro-fragmented="0">
      <mem type="soa" free="3320360" total="8305664" percent="39" />
      <mem type="loa" free="82944" total="82944" percent="100" />
    </mem>
  </mem-info>
</gc-end>
<cycle-end id="371" type="global" contextid="364" timestamp="2019-08-02T20:20:21.480" />
  <attribute name="elasticGC enabled" value="1" />
  <attribute name= "numThreadsSpecified" value="0" />
  <attribute name="heapSize specified" value="0" />
  <attribute name= "numCores" value="8" />
  <attribute name ="GC Interval" value="0" />
  <attribute name ="Control flow" value="2" />
  <attribute name="GC Util Range Max" value="95" />
  <attribute name="Current GC Util" value="154" />
  <attribute name= "Current Time Running" value="1663" />
<allocation-satisfied id="372" threadId="00000000018F8300" bytesRequested="24" />
<af-end id="373" timestamp="2019-08-02T20:20:21.480" threadId="00000000018F8C88" success="true" />
<exclusive-end id="374" timestamp="2019-08-02T20:20:21.480" durationms="4.950" />

<exclusive-start id="375" timestamp="2019-08-02T20:20:21.526" intervalms="51.256">
  <response-info timems="0.045" idlems="0.045" threads="0" lastid="00000000018E9300" lastname="Thread-6" />
</exclusive-start>
<af-start id="376" threadId="00000000018E9C88" totalBytesRequested="32776" timestamp="2019-08-02T20:20:21.526" intervalms="51.188" />
<cycle-start id="377" type="global" contextid="0" timestamp="2019-08-02T20:20:21.526" intervalms="51.185" />
<gc-start id="378" type="global" contextid="377" timestamp="2019-08-02T20:20:21.526">
  <mem-info id="379" free="142216" total="8388608" percent="1">
    <mem type="tenure" free="142216" total="8388608" percent="1">
      <mem type="soa" free="59272" total="8305664" percent="0" />
      <mem type="loa" free="82944" total="82944" percent="100" />
    </mem>
  </mem-info>
</gc-start>
<allocation-stats totalBytes="3162888" >
  <allocated-bytes non-tlh="1477592" tlh="1685296" />
  <largest-consumer threadName="Thread-7" threadId="00000000018ECF00" bytes="834960" />
</allocation-stats>
<gc-op id="380" type="mark" timems="1.064" contextid="377" timestamp="2019-08-02T20:20:21.528">
  <trace-info objectcount="40962" scancount="33121" scanbytes="2023044" />
  <finalization candidates="25" enqueued="0" />
  <references type="soft" candidates="65" cleared="0" enqueued="0" dynamicThreshold="12" maxThreshold="32" />
  <references type="weak" candidates="278" cleared="0" enqueued="0" />
  <references type="phantom" candidates="100" cleared="0" enqueued="0" />
  <stringconstants candidates="3944" cleared="0"  />
</gc-op>
<gc-op id="381" type="sweep" timems="0.281" contextid="377" timestamp="2019-08-02T20:20:21.528" />
<gc-end id="382" type="global" contextid="377" durationms="1.960" usertimems="8.000" systemtimems="0.000" timestamp="2019-08-02T20:20:21.528" activeThreads="8">
  <mem-info id="383" free="3529160" total="8388608" percent="42">
    <mem type="tenure" free="3529160" total="8388608" percent="42" micro-fragmented="300029" macro-fragmented="0">
      <mem type="soa" free="3446216" total="8305664" percent="41" />
      <mem type="loa" free="82944" total="82944" percent="100" />
    </mem>
  </mem-info>
</gc-end>
<cycle-end id="384" type="global" contextid="377" timestamp="2019-08-02T20:20:21.528" />
  <attribute name="elasticGC enabled" value="1" />
  <attribute name= "numThreadsSpecified" value="0" />
  <attribute name="heapSize specified" value="0" />
  <attribute name= "numCores" value="8" />
  <attribute name ="GC Interval" value="0" />
  <attribute name ="Control flow" value="2" />
  <attribute name="GC Util Range Max" value="95" />
  <attribute name="Current GC Util" value="79" />
  <attribute name= "Current Time Running" value="1712" />
<allocation-satisfied id="385" threadId="00000000018E9300" bytesRequested="32776" />
<af-end id="386" timestamp="2019-08-02T20:20:21.529" threadId="00000000018E9C88" success="true" />
<exclusive-end id="387" timestamp="2019-08-02T20:20:21.529" durationms="2.516" />

<exclusive-start id="388" timestamp="2019-08-02T20:20:21.565" intervalms="39.241">
  <response-info timems="0.033" idlems="0.033" threads="0" lastid="00000000018F4700" lastname="Thread-9" />
</exclusive-start>
<af-start id="389" threadId="00000000018F5088" totalBytesRequested="16392" timestamp="2019-08-02T20:20:21.566" intervalms="39.306" />
<cycle-start id="390" type="global" contextid="0" timestamp="2019-08-02T20:20:21.566" intervalms="39.311" />
<gc-start id="391" type="global" contextid="390" timestamp="2019-08-02T20:20:21.566">
  <mem-info id="392" free="124216" total="8388608" percent="1">
    <mem type="tenure" free="124216" total="8388608" percent="1">
      <mem type="soa" free="41272" total="8305664" percent="0" />
      <mem type="loa" free="82944" total="82944" percent="100" />
    </mem>
  </mem-info>
</gc-start>
<allocation-stats totalBytes="3341968" >
  <allocated-bytes non-tlh="1659352" tlh="1682616" />
  <largest-consumer threadName="Thread-4" threadId="00000000018E1C00" bytes="1007984" />
</allocation-stats>
<gc-op id="393" type="mark" timems="2.886" contextid="390" timestamp="2019-08-02T20:20:21.569">
  <trace-info objectcount="40717" scancount="32953" scanbytes="1968680" />
  <finalization candidates="25" enqueued="0" />
  <references type="soft" candidates="65" cleared="0" enqueued="0" dynamicThreshold="13" maxThreshold="32" />
  <references type="weak" candidates="278" cleared="0" enqueued="0" />
  <references type="phantom" candidates="99" cleared="0" enqueued="0" />
  <stringconstants candidates="3944" cleared="0"  />
</gc-op>
<gc-op id="394" type="sweep" timems="1.957" contextid="390" timestamp="2019-08-02T20:20:21.571" />
<gc-end id="395" type="global" contextid="390" durationms="6.206" usertimems="8.000" systemtimems="4.000" timestamp="2019-08-02T20:20:21.572" activeThreads="8">
  <mem-info id="396" free="3723184" total="8388608" percent="44">
    <mem type="tenure" free="3723184" total="8388608" percent="44" micro-fragmented="258370" macro-fragmented="0">
      <mem type="soa" free="3640240" total="8305664" percent="43" />
      <mem type="loa" free="82944" total="82944" percent="100" />
    </mem>
  </mem-info>
</gc-end>
<cycle-end id="397" type="global" contextid="390" timestamp="2019-08-02T20:20:21.572" />
  <attribute name="elasticGC enabled" value="1" />
  <attribute name= "numThreadsSpecified" value="0" />
  <attribute name="heapSize specified" value="0" />
  <attribute name= "numCores" value="8" />
  <attribute name ="GC Interval" value="0" />
  <attribute name ="Control flow" value="2" />
  <attribute name="GC Util Range Max" value="95" />
  <attribute name="Current GC Util" value="139" />
  <attribute name= "Current Time Running" value="1755" />
<allocation-satisfied id="398" threadId="00000000018F4700" bytesRequested="16392" />
<af-end id="399" timestamp="2019-08-02T20:20:21.572" threadId="00000000018F5088" success="true" />
<exclusive-end id="400" timestamp="2019-08-02T20:20:21.573" durationms="7.275" />

<exclusive-start id="401" timestamp="2019-08-02T20:20:21.625" intervalms="59.588">
  <response-info timems="0.039" idlems="0.039" threads="0" lastid="00000000018E5800" lastname="Thread-5" />
</exclusive-start>
<af-start id="402" threadId="00000000018E6188" totalBytesRequested="48" timestamp="2019-08-02T20:20:21.625" intervalms="59.613" />
<cycle-start id="403" type="global" contextid="0" timestamp="2019-08-02T20:20:21.625" intervalms="59.612" />
<gc-start id="404" type="global" contextid="403" timestamp="2019-08-02T20:20:21.625">
  <mem-info id="405" free="82944" total="8388608" percent="0">
    <mem type="tenure" free="82944" total="8388608" percent="0">
      <mem type="soa" free="0" total="8305664" percent="0" />
      <mem type="loa" free="82944" total="82944" percent="100" />
    </mem>
  </mem-info>
</gc-start>
<allocation-stats totalBytes="3595072" >
  <allocated-bytes non-tlh="1392568" tlh="2202504" />
  <largest-consumer threadName="Thread-9" threadId="00000000018F4700" bytes="695496" />
</allocation-stats>
<gc-op id="406" type="mark" timems="1.392" contextid="403" timestamp="2019-08-02T20:20:21.627">
  <trace-info objectcount="41716" scancount="33813" scanbytes="2044312" />
  <finalization candidates="25" enqueued="0" />
  <references type="soft" candidates="65" cleared="0" enqueued="0" dynamicThreshold="14" maxThreshold="32" />
  <references type="weak" candidates="278" cleared="0" enqueued="0" />
  <references type="phantom" candidates="99" cleared="0" enqueued="0" />
  <stringconstants candidates="3944" cleared="0"  />
</gc-op>
<gc-op id="407" type="sweep" timems="0.278" contextid="403" timestamp="2019-08-02T20:20:21.627" />
<gc-end id="408" type="global" contextid="403" durationms="2.346" usertimems="4.000" systemtimems="4.000" timestamp="2019-08-02T20:20:21.628" activeThreads="8">
  <mem-info id="409" free="3398128" total="8388608" percent="40">
    <mem type="tenure" free="3398128" total="8388608" percent="40" micro-fragmented="316984" macro-fragmented="0">
      <mem type="soa" free="3315184" total="8305664" percent="39" />
      <mem type="loa" free="82944" total="82944" percent="100" />
    </mem>
  </mem-info>
</gc-end>
<cycle-end id="410" type="global" contextid="403" timestamp="2019-08-02T20:20:21.628" />
  <attribute name="elasticGC enabled" value="1" />
  <attribute name= "numThreadsSpecified" value="0" />
  <attribute name="heapSize specified" value="0" />
  <attribute name= "numCores" value="8" />
  <attribute name ="GC Interval" value="0" />
  <attribute name ="Control flow" value="2" />
  <attribute name="GC Util Range Max" value="95" />
  <attribute name="Current GC Util" value="38" />
  <attribute name= "Current Time Running" value="1812" />
<allocation-satisfied id="411" threadId="00000000018E5800" bytesRequested="48" />
<af-end id="412" timestamp="2019-08-02T20:20:21.628" threadId="00000000018E6188" success="true" />
<exclusive-end id="413" timestamp="2019-08-02T20:20:21.628" durationms="2.901" />

<exclusive-start id="414" timestamp="2019-08-02T20:20:21.674" intervalms="49.383">
  <response-info timems="0.059" idlems="0.059" threads="0" lastid="00000000018E9300" lastname="Thread-6" />
</exclusive-start>
<af-start id="415" threadId="00000000018E9C88" totalBytesRequested="32776" timestamp="2019-08-02T20:20:21.674" intervalms="49.290" />
<cycle-start id="416" type="global" contextid="0" timestamp="2019-08-02T20:20:21.675" intervalms="49.302" />
<gc-start id="417" type="global" contextid="416" timestamp="2019-08-02T20:20:21.675">
  <mem-info id="418" free="82944" total="8388608" percent="0">
    <mem type="tenure" free="82944" total="8388608" percent="0">
      <mem type="soa" free="0" total="8305664" percent="0" />
      <mem type="loa" free="82944" total="82944" percent="100" />
    </mem>
  </mem-info>
</gc-start>
<allocation-stats totalBytes="3257168" >
  <allocated-bytes non-tlh="1341744" tlh="1915424" />
  <largest-consumer threadName="Thread-3" threadId="00000000018DE000" bytes="847880" />
</allocation-stats>
<gc-op id="419" type="mark" timems="1.395" contextid="416" timestamp="2019-08-02T20:20:21.676">
  <trace-info objectcount="40971" scancount="33112" scanbytes="1956456" />
  <finalization candidates="25" enqueued="0" />
  <references type="soft" candidates="65" cleared="0" enqueued="0" dynamicThreshold="12" maxThreshold="32" />
  <references type="weak" candidates="279" cleared="0" enqueued="0" />
  <references type="phantom" candidates="100" cleared="0" enqueued="0" />
  <stringconstants candidates="3944" cleared="0"  />
</gc-op>
<gc-op id="420" type="sweep" timems="0.333" contextid="416" timestamp="2019-08-02T20:20:21.677" />
<gc-end id="421" type="global" contextid="416" durationms="2.634" usertimems="8.000" systemtimems="0.000" timestamp="2019-08-02T20:20:21.677" activeThreads="8">
  <mem-info id="422" free="3617128" total="8388608" percent="43">
    <mem type="tenure" free="3617128" total="8388608" percent="43" micro-fragmented="266758" macro-fragmented="0">
      <mem type="soa" free="3534184" total="8305664" percent="42" />
      <mem type="loa" free="82944" total="82944" percent="100" />
    </mem>
  </mem-info>
</gc-end>
<cycle-end id="423" type="global" contextid="416" timestamp="2019-08-02T20:20:21.677" />
  <attribute name="elasticGC enabled" value="1" />
  <attribute name= "numThreadsSpecified" value="0" />
  <attribute name="heapSize specified" value="0" />
  <attribute name= "numCores" value="8" />
  <attribute name ="GC Interval" value="0" />
  <attribute name ="Control flow" value="2" />
  <attribute name="GC Util Range Max" value="95" />
  <attribute name="Current GC Util" value="34" />
  <attribute name= "Current Time Running" value="1861" />
<allocation-satisfied id="424" threadId="00000000018E9300" bytesRequested="32776" />
<af-end id="425" timestamp="2019-08-02T20:20:21.678" threadId="00000000018E9C88" success="true" />
<exclusive-end id="426" timestamp="2019-08-02T20:20:21.678" durationms="3.291" />

<exclusive-start id="427" timestamp="2019-08-02T20:20:21.731" intervalms="56.909">
  <response-info timems="0.194" idlems="0.181" threads="1" lastid="00000000015A5600" lastname="JIT Compilation Thread-0" />
</exclusive-start>
<af-start id="428" threadId="00000000015A2388" totalBytesRequested="96" timestamp="2019-08-02T20:20:21.731" intervalms="56.881" />
<cycle-start id="429" type="global" contextid="0" timestamp="2019-08-02T20:20:21.731" intervalms="56.858" />
<gc-start id="430" type="global" contextid="429" timestamp="2019-08-02T20:20:21.731">
  <mem-info id="431" free="82944" total="8388608" percent="0">
    <mem type="tenure" free="82944" total="8388608" percent="0">
      <mem type="soa" free="0" total="8305664" percent="0" />
      <mem type="loa" free="82944" total="82944" percent="100" />
    </mem>
  </mem-info>
</gc-start>
<allocation-stats totalBytes="3432656" >
  <allocated-bytes non-tlh="1312856" tlh="2119800" />
  <largest-consumer threadName="main" threadId="00000000015A1A00" bytes="6552" />
</allocation-stats>
<gc-op id="432" type="mark" timems="1.258" contextid="429" timestamp="2019-08-02T20:20:21.733">
  <trace-info objectcount="33008" scancount="26596" scanbytes="1113952" />
  <finalization candidates="25" enqueued="0" />
  <references type="soft" candidates="58" cleared="0" enqueued="0" dynamicThreshold="13" maxThreshold="32" />
  <references type="weak" candidates="254" cleared="4" enqueued="4" />
  <references type="phantom" candidates="97" cleared="10" enqueued="10" />
  <stringconstants candidates="3945" cleared="45"  />
</gc-op>
<gc-op id="433" type="sweep" timems="0.250" contextid="429" timestamp="2019-08-02T20:20:21.733" />
<gc-end id="434" type="global" contextid="429" durationms="2.175" usertimems="4.000" systemtimems="0.000" timestamp="2019-08-02T20:20:21.734" activeThreads="8">
  <mem-info id="435" free="5968568" total="8388608" percent="71">
    <mem type="tenure" free="5968568" total="8388608" percent="71" micro-fragmented="110884" macro-fragmented="0">
      <mem type="soa" free="5885624" total="8305664" percent="70" />
      <mem type="loa" free="82944" total="82944" percent="100" />
    </mem>
    <pending-finalizers system="0" default="0" reference="14" classloader="0" />
  </mem-info>
</gc-end>
<cycle-end id="436" type="global" contextid="429" timestamp="2019-08-02T20:20:21.734" />
  <attribute name="elasticGC enabled" value="1" />
  <attribute name= "numThreadsSpecified" value="0" />
  <attribute name="heapSize specified" value="0" />
  <attribute name= "numCores" value="8" />
  <attribute name ="GC Interval" value="0" />
  <attribute name ="Control flow" value="2" />
  <attribute name="GC Util Range Max" value="95" />
  <attribute name="Current GC Util" value="49" />
  <attribute name= "Current Time Running" value="1918" />
<allocation-satisfied id="437" threadId="00000000015A1A00" bytesRequested="96" />
<af-end id="438" timestamp="2019-08-02T20:20:21.734" threadId="00000000015A2388" success="true" />
<exclusive-end id="439" timestamp="2019-08-02T20:20:21.734" durationms="2.585" />

</verbosegc>

