<?xml version="1.0" ?>

<verbosegc xmlns="http://www.ibm.com/j9/verbosegc" version="08cc62e_CMPRSS">

<initialized id="1" timestamp="2019-08-02T20:20:42.898">
  <attribute name="gcPolicy" value="-Xgcpolicy:optthruput" />
  <attribute name="elasticGC enabled" value="1" />
  <attribute name= "numThreadsSpecified" value="0" />
  <attribute name="heapSize specified" value="0" />
  <attribute name= "numCores" value="0" />
  <attribute name ="GC Interval" value="0" />
  <attribute name="GC Util Range Max" value="0" />
  <attribute name="Current GC Util" value="0" />
  <attribute name= "Current Time Running" value="0" />
  <attribute name="maxHeapSize" value="0x7cba0000" />
  <attribute name="initialHeapSize" value="0x800000" />
  <attribute name="compressedRefs" value="true" />
  <attribute name="compressedRefsDisplacement" value="0x0" />
  <attribute name="compressedRefsShift" value="0x0" />
  <attribute name="pageSize" value="0x1000" />
  <attribute name="pageType" value="not used" />
  <attribute name="requestedPageSize" value="0x1000" />
  <attribute name="requestedPageType" value="not used" />
  <attribute name="gcthreads" value="8" />
  <attribute name="packetListSplit" value="8" />
  <attribute name="cacheListSplit" value="8" />
  <attribute name="splitFreeListSplitAmount" value="1" />
  <attribute name="numaNodes" value="0" />
  <system>
    <attribute name="physicalMemory" value="8370401280" />
    <attribute name="numCPUs" value="8" />
    <attribute name="architecture" value="amd64" />
    <attribute name="os" value="Linux" />
    <attribute name="osVersion" value="4.4.0-154-generic" />
  </system>
  <vmargs>
    <vmarg name="-Xoptionsfile=/vagrant/jdk/lib/options.default" />
    <vmarg name="-Xlockword:mode=default,noLockword=java/lang/String,noLockword=java/util/MapEntry,noLockword=java/util/HashMap$Entry,noLockword..." />
    <vmarg name="-Xjcl:jclse29" />
    <vmarg name="-Dcom.ibm.oti.vm.bootstrap.library.path=/vagrant/jdk/lib/compressedrefs:/vagrant/jdk/lib" />
    <vmarg name="-Dsun.boot.library.path=/vagrant/jdk/lib/compressedrefs:/vagrant/jdk/lib" />
    <vmarg name="-Djava.library.path=/vagrant/jdk/lib/compressedrefs:/vagrant/jdk/lib:/usr/lib64:/usr/lib" />
    <vmarg name="-Djava.home=/vagrant/jdk" />
    <vmarg name="-Duser.dir=/vagrant" />
    <vmarg name="-Xgcpolicy:optthruput" />
    <vmarg name="-Xgcelastic" />
    <vmarg name="-Xcheck:gc:::elasticGC" />
    <vmarg name="-verbose:gc" />
    <vmarg name="-Xloggc:jdkB-small-OTT-8core-verbose12xalan.txt" />
    <vmarg name="-Djava.class.path=dacapo-9.12-MR1-bach.jar" />
    <vmarg name="-Dsun.java.command=dacapo-9.12-MR1-bach.jar xalan --size=small" />
    <vmarg name="-Dsun.java.launcher=SUN_STANDARD" />
    <vmarg name="-Dsun.java.launcher.pid=21088" />
  </vmargs>
</initialized>

<exclusive-start id="2" timestamp="2019-08-02T20:20:43.511" intervalms="613.492">
  <response-info timems="0.050" idlems="0.050" threads="0" lastid="0000000002484A00" lastname="main" />
</exclusive-start>
<af-start id="3" threadId="0000000002485388" totalBytesRequested="88" timestamp="2019-08-02T20:20:43.511" intervalms="613.788" />
<cycle-start id="4" type="global" contextid="0" timestamp="2019-08-02T20:20:43.512" intervalms="613.991" />
<gc-start id="5" type="global" contextid="4" timestamp="2019-08-02T20:20:43.512">
  <mem-info id="6" free="418816" total="8388608" percent="4">
    <mem type="tenure" free="418816" total="8388608" percent="4">
      <mem type="soa" free="0" total="7969792" percent="0" />
      <mem type="loa" free="418816" total="418816" percent="100" />
    </mem>
  </mem-info>
</gc-start>
<allocation-stats totalBytes="7884864" >
  <allocated-bytes non-tlh="758040" tlh="7126824" />
  <largest-consumer threadName="main" threadId="0000000002484A00" bytes="7796008" />
</allocation-stats>
<gc-op id="7" type="mark" timems="2.634" contextid="4" timestamp="2019-08-02T20:20:43.515">
  <trace-info objectcount="21496" scancount="17516" scanbytes="561424" />
  <finalization candidates="15" enqueued="1" />
  <references type="soft" candidates="74" cleared="0" enqueued="0" dynamicThreshold="32" maxThreshold="32" />
  <references type="weak" candidates="575" cleared="432" enqueued="393" />
  <references type="phantom" candidates="127" cleared="44" enqueued="44" />
  <stringconstants candidates="2930" cleared="0"  />
</gc-op>
<gc-op id="8" type="classunload" timems="0.081" contextid="4" timestamp="2019-08-02T20:20:43.515">
  <classunload-info classloadercandidates="6" classloadersunloaded="0" classesunloaded="0" anonymousclassesunloaded="0" quiescems="0.000" setupms="0.081" scanms="0.000" postms="0.000" />
</gc-op>
<gc-op id="9" type="sweep" timems="0.612" contextid="4" timestamp="2019-08-02T20:20:43.516" />
<gc-end id="10" type="global" contextid="4" durationms="4.564" usertimems="8.000" systemtimems="0.000" timestamp="2019-08-02T20:20:43.516" activeThreads="8">
  <mem-info id="11" free="6517776" total="8388608" percent="77">
    <mem type="tenure" free="6517776" total="8388608" percent="77" micro-fragmented="285071" macro-fragmented="0">
      <mem type="soa" free="6098960" total="7969792" percent="76" />
      <mem type="loa" free="418816" total="418816" percent="100" />
    </mem>
    <pending-finalizers system="1" default="0" reference="437" classloader="0" />
  </mem-info>
</gc-end>
<cycle-end id="12" type="global" contextid="4" timestamp="2019-08-02T20:20:43.517" />
  <attribute name="elasticGC enabled" value="1" />
  <attribute name= "numThreadsSpecified" value="0" />
  <attribute name="heapSize specified" value="0" />
  <attribute name= "numCores" value="8" />
  <attribute name ="GC Interval" value="0" />
  <attribute name ="Control flow" value="2" />
  <attribute name="GC Util Range Max" value="93" />
  <attribute name="Current GC Util" value="35" />
  <attribute name= "Current Time Running" value="3" />
<allocation-satisfied id="13" threadId="0000000002484A00" bytesRequested="88" />
<af-end id="14" timestamp="2019-08-02T20:20:43.517" threadId="0000000002485388" success="true" />
<exclusive-end id="15" timestamp="2019-08-02T20:20:43.517" durationms="5.661" />

<exclusive-start id="16" timestamp="2019-08-02T20:20:43.709" intervalms="198.170">
  <response-info timems="0.028" idlems="0.028" threads="0" lastid="0000000002484A00" lastname="main" />
</exclusive-start>
<af-start id="17" threadId="0000000002485388" totalBytesRequested="88" timestamp="2019-08-02T20:20:43.709" intervalms="197.978" />
<cycle-start id="18" type="global" contextid="0" timestamp="2019-08-02T20:20:43.710" intervalms="197.857" />
<gc-start id="19" type="global" contextid="18" timestamp="2019-08-02T20:20:43.710">
  <mem-info id="20" free="418816" total="8388608" percent="4">
    <mem type="tenure" free="418816" total="8388608" percent="4">
      <mem type="soa" free="0" total="7969792" percent="0" />
      <mem type="loa" free="418816" total="418816" percent="100" />
    </mem>
  </mem-info>
</gc-start>
<allocation-stats totalBytes="6000080" >
  <allocated-bytes non-tlh="1445600" tlh="4554480" />
  <largest-consumer threadName="main" threadId="0000000002484A00" bytes="5988632" />
</allocation-stats>
<gc-op id="21" type="mark" timems="1.620" contextid="18" timestamp="2019-08-02T20:20:43.711">
  <trace-info objectcount="29495" scancount="23866" scanbytes="870724" />
  <finalization candidates="15" enqueued="0" />
  <references type="soft" candidates="133" cleared="0" enqueued="0" dynamicThreshold="24" maxThreshold="32" />
  <references type="weak" candidates="175" cleared="30" enqueued="30" />
  <references type="phantom" candidates="85" cleared="2" enqueued="2" />
  <stringconstants candidates="3529" cleared="22"  />
</gc-op>
<gc-op id="22" type="classunload" timems="0.002" contextid="18" timestamp="2019-08-02T20:20:43.711">
  <classunload-info classloadercandidates="19" classloadersunloaded="0" classesunloaded="0" anonymousclassesunloaded="0" quiescems="0.000" setupms="0.001" scanms="0.001" postms="0.000" />
</gc-op>
<gc-op id="23" type="sweep" timems="0.292" contextid="18" timestamp="2019-08-02T20:20:43.712" />
<gc-end id="24" type="global" contextid="18" durationms="2.912" usertimems="0.000" systemtimems="4.000" timestamp="2019-08-02T20:20:43.712" activeThreads="8">
  <mem-info id="25" free="5724448" total="8388608" percent="68">
    <mem type="tenure" free="5724448" total="8388608" percent="68" micro-fragmented="468426" macro-fragmented="0">
      <mem type="soa" free="5305632" total="7969792" percent="66" />
      <mem type="loa" free="418816" total="418816" percent="100" />
    </mem>
    <pending-finalizers system="0" default="0" reference="32" classloader="0" />
  </mem-info>
</gc-end>
<cycle-end id="26" type="global" contextid="18" timestamp="2019-08-02T20:20:43.713" />
  <attribute name="elasticGC enabled" value="1" />
  <attribute name= "numThreadsSpecified" value="0" />
  <attribute name="heapSize specified" value="0" />
  <attribute name= "numCores" value="8" />
  <attribute name ="GC Interval" value="0" />
  <attribute name ="Control flow" value="2" />
  <attribute name="GC Util Range Max" value="93" />
  <attribute name="Current GC Util" value="28" />
  <attribute name= "Current Time Running" value="199" />
<allocation-satisfied id="27" threadId="0000000002484A00" bytesRequested="88" />
<af-end id="28" timestamp="2019-08-02T20:20:43.713" threadId="0000000002485388" success="true" />
<exclusive-end id="29" timestamp="2019-08-02T20:20:43.713" durationms="3.602" />

<exclusive-start id="30" timestamp="2019-08-02T20:20:43.715" intervalms="5.407">
  <response-info timems="0.124" idlems="0.124" threads="0" lastid="0000000002484A00" lastname="main" />
</exclusive-start>
<sys-start reason="explicit" id="31" timestamp="2019-08-02T20:20:43.715" intervalms="817.155" />
<cycle-start id="32" type="global" contextid="0" timestamp="2019-08-02T20:20:43.715" intervalms="5.426" />
<gc-start id="33" type="global" contextid="32" timestamp="2019-08-02T20:20:43.715">
  <mem-info id="34" free="5678832" total="8388608" percent="67">
    <mem type="tenure" free="5678832" total="8388608" percent="67">
      <mem type="soa" free="5260016" total="7969792" percent="65" />
      <mem type="loa" free="418816" total="418816" percent="100" />
    </mem>
  </mem-info>
</gc-start>
<allocation-stats totalBytes="42304" >
  <allocated-bytes non-tlh="12448" tlh="29856" />
  <largest-consumer threadName="main" threadId="0000000002484A00" bytes="30192" />
</allocation-stats>
<gc-op id="35" type="mark" timems="1.601" contextid="32" timestamp="2019-08-02T20:20:43.717">
  <trace-info objectcount="29515" scancount="23891" scanbytes="872296" />
  <finalization candidates="15" enqueued="0" />
  <references type="soft" candidates="133" cleared="0" enqueued="0" dynamicThreshold="21" maxThreshold="32" />
  <references type="weak" candidates="154" cleared="4" enqueued="4" />
  <references type="phantom" candidates="85" cleared="0" enqueued="0" />
  <stringconstants candidates="3513" cleared="0"  />
</gc-op>
<gc-op id="36" type="classunload" timems="0.002" contextid="32" timestamp="2019-08-02T20:20:43.717">
  <classunload-info classloadercandidates="19" classloadersunloaded="0" classesunloaded="0" anonymousclassesunloaded="0" quiescems="0.299" setupms="0.001" scanms="0.000" postms="0.001" />
</gc-op>
<gc-op id="37" type="sweep" timems="0.275" contextid="32" timestamp="2019-08-02T20:20:43.717" />
<mem-info id="38" free="5717496" total="8388608" percent="68">
  <mem type="tenure" free="5717496" total="8388608" percent="68" micro-fragmented="434290" macro-fragmented="0">
    <mem type="soa" free="5298680" total="7969792" percent="66" />
    <mem type="loa" free="418816" total="418816" percent="100" />
  </mem>
  <pending-finalizers system="0" default="0" reference="4" classloader="0" />
</mem-info>
<gc-op id="39" type="compact" timems="5.911" contextid="32" timestamp="2019-08-02T20:20:43.724">
  <compact-info movecount="29514" movebytes="1961648" reason="compact on aggressive collection" />
</gc-op>
<gc-end id="40" type="global" contextid="32" durationms="8.766" usertimems="12.000" systemtimems="0.000" timestamp="2019-08-02T20:20:43.724" activeThreads="8">
  <mem-info id="41" free="6426872" total="8388608" percent="76">
    <mem type="tenure" free="6426872" total="8388608" percent="76">
      <mem type="soa" free="6008056" total="7969792" percent="75" />
      <mem type="loa" free="418816" total="418816" percent="100" />
    </mem>
    <pending-finalizers system="0" default="0" reference="4" classloader="0" />
  </mem-info>
</gc-end>
<cycle-end id="42" type="global" contextid="32" timestamp="2019-08-02T20:20:43.724" />
  <attribute name="elasticGC enabled" value="1" />
  <attribute name= "numThreadsSpecified" value="0" />
  <attribute name="heapSize specified" value="0" />
  <attribute name= "numCores" value="8" />
  <attribute name ="GC Interval" value="0" />
  <attribute name ="Control flow" value="2" />
  <attribute name="GC Util Range Max" value="93" />
  <attribute name="Current GC Util" value="36" />
  <attribute name= "Current Time Running" value="211" />
<sys-end id="43" timestamp="2019-08-02T20:20:43.724" />
<exclusive-end id="44" timestamp="2019-08-02T20:20:43.724" durationms="9.365" />

<exclusive-start id="45" timestamp="2019-08-02T20:20:43.847" intervalms="132.047">
  <response-info timems="0.066" idlems="0.066" threads="0" lastid="00000000027D3B00" lastname="Thread-8" />
</exclusive-start>
<af-start id="46" threadId="00000000027D4488" totalBytesRequested="88" timestamp="2019-08-02T20:20:43.847" intervalms="137.464" />
<cycle-start id="47" type="global" contextid="0" timestamp="2019-08-02T20:20:43.847" intervalms="132.046" />
<gc-start id="48" type="global" contextid="47" timestamp="2019-08-02T20:20:43.847">
  <mem-info id="49" free="418816" total="8388608" percent="4">
    <mem type="tenure" free="418816" total="8388608" percent="4">
      <mem type="soa" free="0" total="7969792" percent="0" />
      <mem type="loa" free="418816" total="418816" percent="100" />
    </mem>
  </mem-info>
</gc-start>
<allocation-stats totalBytes="5986952" >
  <allocated-bytes non-tlh="514080" tlh="5472872" />
  <largest-consumer threadName="Thread-7" threadId="00000000027CFF00" bytes="1349264" />
</allocation-stats>
<gc-op id="50" type="mark" timems="1.844" contextid="47" timestamp="2019-08-02T20:20:43.849">
  <trace-info objectcount="41649" scancount="33372" scanbytes="1955492" />
  <finalization candidates="27" enqueued="2" />
  <references type="soft" candidates="164" cleared="0" enqueued="0" dynamicThreshold="24" maxThreshold="32" />
  <references type="weak" candidates="272" cleared="20" enqueued="20" />
  <references type="phantom" candidates="111" cleared="2" enqueued="2" />
  <stringconstants candidates="3838" cleared="0"  />
</gc-op>
<gc-op id="51" type="classunload" timems="0.226" contextid="47" timestamp="2019-08-02T20:20:43.849">
  <classunload-info classloadercandidates="19" classloadersunloaded="0" classesunloaded="2" anonymousclassesunloaded="2" quiescems="0.000" setupms="0.223" scanms="0.003" postms="0.000" />
</gc-op>
<gc-op id="52" type="sweep" timems="0.304" contextid="47" timestamp="2019-08-02T20:20:43.850" />
<gc-end id="53" type="global" contextid="47" durationms="3.271" usertimems="4.000" systemtimems="0.000" timestamp="2019-08-02T20:20:43.850" activeThreads="8">
  <mem-info id="54" free="4454016" total="8388608" percent="53">
    <mem type="tenure" free="4454016" total="8388608" percent="53" micro-fragmented="196352" macro-fragmented="0">
      <mem type="soa" free="4035200" total="7969792" percent="50" />
      <mem type="loa" free="418816" total="418816" percent="100" />
    </mem>
    <pending-finalizers system="2" default="0" reference="22" classloader="0" />
  </mem-info>
</gc-end>
<cycle-end id="55" type="global" contextid="47" timestamp="2019-08-02T20:20:43.850" />
  <attribute name="elasticGC enabled" value="1" />
  <attribute name= "numThreadsSpecified" value="0" />
  <attribute name="heapSize specified" value="0" />
  <attribute name= "numCores" value="8" />
  <attribute name ="GC Interval" value="0" />
  <attribute name ="Control flow" value="2" />
  <attribute name="GC Util Range Max" value="93" />
  <attribute name="Current GC Util" value="23" />
  <attribute name= "Current Time Running" value="337" />
<allocation-satisfied id="56" threadId="00000000027D3B00" bytesRequested="88" />
<af-end id="57" timestamp="2019-08-02T20:20:43.851" threadId="00000000027D4488" success="true" />
<exclusive-end id="58" timestamp="2019-08-02T20:20:43.851" durationms="3.973" />

<exclusive-start id="59" timestamp="2019-08-02T20:20:44.008" intervalms="160.940">
  <response-info timems="0.158" idlems="0.092" threads="6" lastid="00000000027C8800" lastname="Thread-5" />
</exclusive-start>
<af-start id="60" threadId="00000000027D4488" totalBytesRequested="16392" timestamp="2019-08-02T20:20:44.008" intervalms="160.903" />
<cycle-start id="61" type="global" contextid="0" timestamp="2019-08-02T20:20:44.008" intervalms="160.873" />
<gc-start id="62" type="global" contextid="61" timestamp="2019-08-02T20:20:44.008">
  <mem-info id="63" free="432736" total="8388608" percent="5">
    <mem type="tenure" free="432736" total="8388608" percent="5">
      <mem type="soa" free="13920" total="7969792" percent="0" />
      <mem type="loa" free="418816" total="418816" percent="100" />
    </mem>
  </mem-info>
</gc-start>
<allocation-stats totalBytes="3939024" >
  <allocated-bytes non-tlh="847392" tlh="3091632" />
  <largest-consumer threadName="Thread-10" threadId="00000000027DB300" bytes="952448" />
</allocation-stats>
<gc-op id="64" type="mark" timems="1.436" contextid="61" timestamp="2019-08-02T20:20:44.009">
  <trace-info objectcount="45200" scancount="36302" scanbytes="2024936" />
  <finalization candidates="25" enqueued="0" />
  <references type="soft" candidates="168" cleared="0" enqueued="0" dynamicThreshold="16" maxThreshold="32" />
  <references type="weak" candidates="287" cleared="8" enqueued="7" />
  <references type="phantom" candidates="102" cleared="0" enqueued="0" />
  <stringconstants candidates="3961" cleared="0"  />
</gc-op>
<gc-op id="65" type="sweep" timems="0.247" contextid="61" timestamp="2019-08-02T20:20:44.010" />
<gc-end id="66" type="global" contextid="61" durationms="2.376" usertimems="8.000" systemtimems="0.000" timestamp="2019-08-02T20:20:44.010" activeThreads="8">
  <mem-info id="67" free="3818648" total="8388608" percent="45">
    <mem type="tenure" free="3818648" total="8388608" percent="45" micro-fragmented="240299" macro-fragmented="0">
      <mem type="soa" free="3399832" total="7969792" percent="42" />
      <mem type="loa" free="418816" total="418816" percent="100" />
    </mem>
    <pending-finalizers system="0" default="0" reference="7" classloader="0" />
  </mem-info>
</gc-end>
<cycle-end id="68" type="global" contextid="61" timestamp="2019-08-02T20:20:44.010" />
  <attribute name="elasticGC enabled" value="1" />
  <attribute name= "numThreadsSpecified" value="0" />
  <attribute name="heapSize specified" value="0" />
  <attribute name= "numCores" value="8" />
  <attribute name ="GC Interval" value="0" />
  <attribute name ="Control flow" value="2" />
  <attribute name="GC Util Range Max" value="93" />
  <attribute name="Current GC Util" value="33" />
  <attribute name= "Current Time Running" value="497" />
<allocation-satisfied id="69" threadId="00000000027D3B00" bytesRequested="16392" />
<af-end id="70" timestamp="2019-08-02T20:20:44.011" threadId="00000000027D4488" success="true" />
<exclusive-end id="71" timestamp="2019-08-02T20:20:44.011" durationms="2.866" />

<exclusive-start id="72" timestamp="2019-08-02T20:20:44.059" intervalms="51.335">
  <response-info timems="0.038" idlems="0.020" threads="1" lastid="00000000027CC300" lastname="Thread-6" />
</exclusive-start>
<af-start id="73" threadId="00000000027C5588" totalBytesRequested="48" timestamp="2019-08-02T20:20:44.059" intervalms="51.331" />
<cycle-start id="74" type="global" contextid="0" timestamp="2019-08-02T20:20:44.059" intervalms="51.329" />
<gc-start id="75" type="global" contextid="74" timestamp="2019-08-02T20:20:44.059">
  <mem-info id="76" free="418816" total="8388608" percent="4">
    <mem type="tenure" free="418816" total="8388608" percent="4">
      <mem type="soa" free="0" total="7969792" percent="0" />
      <mem type="loa" free="418816" total="418816" percent="100" />
    </mem>
  </mem-info>
</gc-start>
<allocation-stats totalBytes="3362816" >
  <allocated-bytes non-tlh="1659536" tlh="1703280" />
  <largest-consumer threadName="Thread-10" threadId="00000000027DB300" bytes="916272" />
</allocation-stats>
<gc-op id="77" type="mark" timems="1.353" contextid="74" timestamp="2019-08-02T20:20:44.061">
  <trace-info objectcount="44079" scancount="35669" scanbytes="2093260" />
  <finalization candidates="25" enqueued="0" />
  <references type="soft" candidates="168" cleared="0" enqueued="0" dynamicThreshold="14" maxThreshold="32" />
  <references type="weak" candidates="279" cleared="0" enqueued="0" />
  <references type="phantom" candidates="101" cleared="0" enqueued="0" />
  <stringconstants candidates="3963" cleared="0"  />
</gc-op>
<gc-op id="78" type="sweep" timems="0.253" contextid="74" timestamp="2019-08-02T20:20:44.061" />
<gc-end id="79" type="global" contextid="74" durationms="2.282" usertimems="4.000" systemtimems="0.000" timestamp="2019-08-02T20:20:44.062" activeThreads="8">
  <mem-info id="80" free="3552504" total="8388608" percent="42">
    <mem type="tenure" free="3552504" total="8388608" percent="42" micro-fragmented="246909" macro-fragmented="0">
      <mem type="soa" free="3133688" total="7969792" percent="39" />
      <mem type="loa" free="418816" total="418816" percent="100" />
    </mem>
  </mem-info>
</gc-end>
<cycle-end id="81" type="global" contextid="74" timestamp="2019-08-02T20:20:44.062" />
  <attribute name="elasticGC enabled" value="1" />
  <attribute name= "numThreadsSpecified" value="0" />
  <attribute name="heapSize specified" value="0" />
  <attribute name= "numCores" value="8" />
  <attribute name ="GC Interval" value="0" />
  <attribute name ="Control flow" value="2" />
  <attribute name="GC Util Range Max" value="93" />
  <attribute name="Current GC Util" value="30" />
  <attribute name= "Current Time Running" value="548" />
<allocation-satisfied id="82" threadId="00000000027C4C00" bytesRequested="48" />
<af-end id="83" timestamp="2019-08-02T20:20:44.062" threadId="00000000027C5588" success="true" />
<exclusive-end id="84" timestamp="2019-08-02T20:20:44.062" durationms="2.749" />

<exclusive-start id="85" timestamp="2019-08-02T20:20:44.112" intervalms="53.273">
  <response-info timems="0.059" idlems="0.031" threads="1" lastid="00000000027C1000" lastname="Thread-3" />
</exclusive-start>
<af-start id="86" threadId="00000000027CCC88" totalBytesRequested="32776" timestamp="2019-08-02T20:20:44.112" intervalms="53.282" />
<cycle-start id="87" type="global" contextid="0" timestamp="2019-08-02T20:20:44.112" intervalms="53.291" />
<gc-start id="88" type="global" contextid="87" timestamp="2019-08-02T20:20:44.113">
  <mem-info id="89" free="669520" total="8388608" percent="7">
    <mem type="tenure" free="669520" total="8388608" percent="7">
      <mem type="soa" free="250704" total="7969792" percent="3" />
      <mem type="loa" free="418816" total="418816" percent="100" />
    </mem>
  </mem-info>
</gc-start>
<allocation-stats totalBytes="2849376" >
  <allocated-bytes non-tlh="796160" tlh="2053216" />
  <largest-consumer threadName="Thread-5" threadId="00000000027C8800" bytes="585960" />
</allocation-stats>
<gc-op id="90" type="mark" timems="2.117" contextid="87" timestamp="2019-08-02T20:20:44.115">
  <trace-info objectcount="44339" scancount="35856" scanbytes="2098996" />
  <finalization candidates="25" enqueued="0" />
  <references type="soft" candidates="168" cleared="0" enqueued="0" dynamicThreshold="13" maxThreshold="32" />
  <references type="weak" candidates="279" cleared="0" enqueued="0" />
  <references type="phantom" candidates="101" cleared="0" enqueued="0" />
  <stringconstants candidates="3963" cleared="0"  />
</gc-op>
<gc-op id="91" type="sweep" timems="0.756" contextid="87" timestamp="2019-08-02T20:20:44.116" />
<gc-end id="92" type="global" contextid="87" durationms="3.973" usertimems="4.000" systemtimems="0.000" timestamp="2019-08-02T20:20:44.117" activeThreads="8">
  <mem-info id="93" free="3416960" total="8388608" percent="40">
    <mem type="tenure" free="3416960" total="8388608" percent="40" micro-fragmented="259840" macro-fragmented="0">
      <mem type="soa" free="2998144" total="7969792" percent="37" />
      <mem type="loa" free="418816" total="418816" percent="100" />
    </mem>
  </mem-info>
</gc-end>
<cycle-end id="94" type="global" contextid="87" timestamp="2019-08-02T20:20:44.117" />
  <attribute name="elasticGC enabled" value="1" />
  <attribute name= "numThreadsSpecified" value="0" />
  <attribute name="heapSize specified" value="0" />
  <attribute name= "numCores" value="8" />
  <attribute name ="GC Interval" value="0" />
  <attribute name ="Control flow" value="2" />
  <attribute name="GC Util Range Max" value="93" />
  <attribute name="Current GC Util" value="106" />
  <attribute name= "Current Time Running" value="603" />
<allocation-satisfied id="95" threadId="00000000027CC300" bytesRequested="32776" />
<af-end id="96" timestamp="2019-08-02T20:20:44.117" threadId="00000000027CCC88" success="true" />
<exclusive-end id="97" timestamp="2019-08-02T20:20:44.117" durationms="4.806" />

<exclusive-start id="98" timestamp="2019-08-02T20:20:44.148" intervalms="35.349">
  <response-info timems="0.060" idlems="0.060" threads="0" lastid="00000000027DB300" lastname="Thread-10" />
</exclusive-start>
<af-start id="99" threadId="00000000027DBC88" totalBytesRequested="32776" timestamp="2019-08-02T20:20:44.148" intervalms="35.354" />
<cycle-start id="100" type="global" contextid="0" timestamp="2019-08-02T20:20:44.148" intervalms="35.359" />
<gc-start id="101" type="global" contextid="100" timestamp="2019-08-02T20:20:44.148">
  <mem-info id="102" free="714160" total="8388608" percent="8">
    <mem type="tenure" free="714160" total="8388608" percent="8">
      <mem type="soa" free="295344" total="7969792" percent="3" />
      <mem type="loa" free="418816" total="418816" percent="100" />
    </mem>
  </mem-info>
</gc-start>
<allocation-stats totalBytes="2658528" >
  <allocated-bytes non-tlh="1294832" tlh="1363696" />
  <largest-consumer threadName="Thread-9" threadId="00000000027D7700" bytes="761816" />
</allocation-stats>
<gc-op id="103" type="mark" timems="1.355" contextid="100" timestamp="2019-08-02T20:20:44.149">
  <trace-info objectcount="43952" scancount="35464" scanbytes="2049944" />
  <finalization candidates="25" enqueued="0" />
  <references type="soft" candidates="168" cleared="0" enqueued="0" dynamicThreshold="13" maxThreshold="32" />
  <references type="weak" candidates="279" cleared="0" enqueued="0" />
  <references type="phantom" candidates="101" cleared="0" enqueued="0" />
  <stringconstants candidates="3963" cleared="0"  />
</gc-op>
<gc-op id="104" type="sweep" timems="0.271" contextid="100" timestamp="2019-08-02T20:20:44.150" />
<gc-end id="105" type="global" contextid="100" durationms="2.373" usertimems="0.000" systemtimems="4.000" timestamp="2019-08-02T20:20:44.150" activeThreads="8">
  <mem-info id="106" free="3596328" total="8388608" percent="42">
    <mem type="tenure" free="3596328" total="8388608" percent="42" micro-fragmented="263550" macro-fragmented="0">
      <mem type="soa" free="3177512" total="7969792" percent="39" />
      <mem type="loa" free="418816" total="418816" percent="100" />
    </mem>
  </mem-info>
</gc-end>
<cycle-end id="107" type="global" contextid="100" timestamp="2019-08-02T20:20:44.150" />
  <attribute name="elasticGC enabled" value="1" />
  <attribute name= "numThreadsSpecified" value="0" />
  <attribute name="heapSize specified" value="0" />
  <attribute name= "numCores" value="8" />
  <attribute name ="GC Interval" value="0" />
  <attribute name ="Control flow" value="2" />
  <attribute name="GC Util Range Max" value="93" />
  <attribute name="Current GC Util" value="28" />
  <attribute name= "Current Time Running" value="637" />
<allocation-satisfied id="108" threadId="00000000027DB300" bytesRequested="32776" />
<af-end id="109" timestamp="2019-08-02T20:20:44.151" threadId="00000000027DBC88" success="true" />
<exclusive-end id="110" timestamp="2019-08-02T20:20:44.151" durationms="3.070" />

<exclusive-start id="111" timestamp="2019-08-02T20:20:44.193" intervalms="45.170">
  <response-info timems="0.044" idlems="0.044" threads="0" lastid="00000000027CC300" lastname="Thread-6" />
</exclusive-start>
<af-start id="112" threadId="00000000027CCC88" totalBytesRequested="16392" timestamp="2019-08-02T20:20:44.193" intervalms="45.288" />
<cycle-start id="113" type="global" contextid="0" timestamp="2019-08-02T20:20:44.193" intervalms="45.285" />
<gc-start id="114" type="global" contextid="113" timestamp="2019-08-02T20:20:44.193">
  <mem-info id="115" free="834512" total="8388608" percent="9">
    <mem type="tenure" free="834512" total="8388608" percent="9">
      <mem type="soa" free="415696" total="7969792" percent="5" />
      <mem type="loa" free="418816" total="418816" percent="100" />
    </mem>
  </mem-info>
</gc-start>
<allocation-stats totalBytes="2738808" >
  <allocated-bytes non-tlh="1040008" tlh="1698800" />
  <largest-consumer threadName="Thread-7" threadId="00000000027CFF00" bytes="809192" />
</allocation-stats>
<gc-op id="116" type="mark" timems="2.064" contextid="113" timestamp="2019-08-02T20:20:44.195">
  <trace-info objectcount="42949" scancount="34744" scanbytes="2019808" />
  <finalization candidates="25" enqueued="0" />
  <references type="soft" candidates="168" cleared="0" enqueued="0" dynamicThreshold="13" maxThreshold="32" />
  <references type="weak" candidates="279" cleared="0" enqueued="0" />
  <references type="phantom" candidates="101" cleared="0" enqueued="0" />
  <stringconstants candidates="3963" cleared="0"  />
</gc-op>
<gc-op id="117" type="sweep" timems="0.729" contextid="113" timestamp="2019-08-02T20:20:44.196" />
<gc-end id="118" type="global" contextid="113" durationms="3.800" usertimems="4.000" systemtimems="0.000" timestamp="2019-08-02T20:20:44.197" activeThreads="8">
  <mem-info id="119" free="3802264" total="8388608" percent="45">
    <mem type="tenure" free="3802264" total="8388608" percent="45" micro-fragmented="260612" macro-fragmented="0">
      <mem type="soa" free="3383448" total="7969792" percent="42" />
      <mem type="loa" free="418816" total="418816" percent="100" />
    </mem>
  </mem-info>
</gc-end>
<cycle-end id="120" type="global" contextid="113" timestamp="2019-08-02T20:20:44.197" />
  <attribute name="elasticGC enabled" value="1" />
  <attribute name= "numThreadsSpecified" value="0" />
  <attribute name="heapSize specified" value="0" />
  <attribute name= "numCores" value="8" />
  <attribute name ="GC Interval" value="0" />
  <attribute name ="Control flow" value="2" />
  <attribute name="GC Util Range Max" value="93" />
  <attribute name="Current GC Util" value="126" />
  <attribute name= "Current Time Running" value="684" />
<allocation-satisfied id="121" threadId="00000000027CC300" bytesRequested="16392" />
<af-end id="122" timestamp="2019-08-02T20:20:44.197" threadId="00000000027CCC88" success="true" />
<exclusive-end id="123" timestamp="2019-08-02T20:20:44.197" durationms="4.468" />

<exclusive-start id="124" timestamp="2019-08-02T20:20:44.241" intervalms="48.304">
  <response-info timems="0.029" idlems="0.029" threads="0" lastid="00000000027C1000" lastname="Thread-3" />
</exclusive-start>
<af-start id="125" threadId="00000000027C1988" totalBytesRequested="16392" timestamp="2019-08-02T20:20:44.241" intervalms="48.295" />
<cycle-start id="126" type="global" contextid="0" timestamp="2019-08-02T20:20:44.241" intervalms="48.271" />
<gc-start id="127" type="global" contextid="126" timestamp="2019-08-02T20:20:44.241">
  <mem-info id="128" free="509328" total="8388608" percent="6">
    <mem type="tenure" free="509328" total="8388608" percent="6">
      <mem type="soa" free="90512" total="7969792" percent="1" />
      <mem type="loa" free="418816" total="418816" percent="100" />
    </mem>
  </mem-info>
</gc-start>
<allocation-stats totalBytes="3223152" >
  <allocated-bytes non-tlh="1427400" tlh="1795752" />
  <largest-consumer threadName="Thread-7" threadId="00000000027CFF00" bytes="802336" />
</allocation-stats>
<gc-op id="129" type="mark" timems="2.215" contextid="126" timestamp="2019-08-02T20:20:44.244">
  <trace-info objectcount="43183" scancount="34946" scanbytes="2005308" />
  <finalization candidates="25" enqueued="0" />
  <references type="soft" candidates="168" cleared="0" enqueued="0" dynamicThreshold="14" maxThreshold="32" />
  <references type="weak" candidates="280" cleared="0" enqueued="0" />
  <references type="phantom" candidates="103" cleared="0" enqueued="0" />
  <stringconstants candidates="3963" cleared="0"  />
</gc-op>
<gc-op id="130" type="sweep" timems="0.734" contextid="126" timestamp="2019-08-02T20:20:44.245" />
<gc-end id="131" type="global" contextid="126" durationms="4.012" usertimems="4.000" systemtimems="0.000" timestamp="2019-08-02T20:20:44.245" activeThreads="8">
  <mem-info id="132" free="3649624" total="8388608" percent="43">
    <mem type="tenure" free="3649624" total="8388608" percent="43" micro-fragmented="249880" macro-fragmented="0">
      <mem type="soa" free="3230808" total="7969792" percent="40" />
      <mem type="loa" free="418816" total="418816" percent="100" />
    </mem>
  </mem-info>
</gc-end>
<cycle-end id="133" type="global" contextid="126" timestamp="2019-08-02T20:20:44.246" />
  <attribute name="elasticGC enabled" value="1" />
  <attribute name= "numThreadsSpecified" value="0" />
  <attribute name="heapSize specified" value="0" />
  <attribute name= "numCores" value="8" />
  <attribute name ="GC Interval" value="0" />
  <attribute name ="Control flow" value="2" />
  <attribute name="GC Util Range Max" value="93" />
  <attribute name="Current GC Util" value="124" />
  <attribute name= "Current Time Running" value="732" />
<allocation-satisfied id="134" threadId="00000000027C1000" bytesRequested="16392" />
<af-end id="135" timestamp="2019-08-02T20:20:44.246" threadId="00000000027C1988" success="true" />
<exclusive-end id="136" timestamp="2019-08-02T20:20:44.246" durationms="4.826" />

<exclusive-start id="137" timestamp="2019-08-02T20:20:44.294" intervalms="52.367">
  <response-info timems="0.045" idlems="0.045" threads="0" lastid="00000000027CFF00" lastname="Thread-7" />
</exclusive-start>
<af-start id="138" threadId="00000000027D0888" totalBytesRequested="32776" timestamp="2019-08-02T20:20:44.294" intervalms="52.333" />
<cycle-start id="139" type="global" contextid="0" timestamp="2019-08-02T20:20:44.294" intervalms="52.357" />
<gc-start id="140" type="global" contextid="139" timestamp="2019-08-02T20:20:44.294">
  <mem-info id="141" free="783920" total="8388608" percent="9">
    <mem type="tenure" free="783920" total="8388608" percent="9">
      <mem type="soa" free="365104" total="7969792" percent="4" />
      <mem type="loa" free="418816" total="418816" percent="100" />
    </mem>
  </mem-info>
</gc-start>
<allocation-stats totalBytes="2817752" >
  <allocated-bytes non-tlh="1079976" tlh="1737776" />
  <largest-consumer threadName="Thread-7" threadId="00000000027CFF00" bytes="700864" />
</allocation-stats>
<gc-op id="142" type="mark" timems="1.369" contextid="139" timestamp="2019-08-02T20:20:44.295">
  <trace-info objectcount="43451" scancount="35167" scanbytes="2044948" />
  <finalization candidates="25" enqueued="0" />
  <references type="soft" candidates="168" cleared="0" enqueued="0" dynamicThreshold="13" maxThreshold="32" />
  <references type="weak" candidates="279" cleared="0" enqueued="0" />
  <references type="phantom" candidates="101" cleared="0" enqueued="0" />
  <stringconstants candidates="3963" cleared="0"  />
</gc-op>
<gc-op id="143" type="sweep" timems="0.259" contextid="139" timestamp="2019-08-02T20:20:44.296" />
<gc-end id="144" type="global" contextid="139" durationms="2.341" usertimems="8.000" systemtimems="0.000" timestamp="2019-08-02T20:20:44.296" activeThreads="8">
  <mem-info id="145" free="3536992" total="8388608" percent="42">
    <mem type="tenure" free="3536992" total="8388608" percent="42" micro-fragmented="244964" macro-fragmented="0">
      <mem type="soa" free="3118176" total="7969792" percent="39" />
      <mem type="loa" free="418816" total="418816" percent="100" />
    </mem>
  </mem-info>
</gc-end>
<cycle-end id="146" type="global" contextid="139" timestamp="2019-08-02T20:20:44.296" />
  <attribute name="elasticGC enabled" value="1" />
  <attribute name= "numThreadsSpecified" value="0" />
  <attribute name="heapSize specified" value="0" />
  <attribute name= "numCores" value="8" />
  <attribute name ="GC Interval" value="0" />
  <attribute name ="Control flow" value="2" />
  <attribute name="GC Util Range Max" value="93" />
  <attribute name="Current GC Util" value="31" />
  <attribute name= "Current Time Running" value="783" />
<allocation-satisfied id="147" threadId="00000000027CFF00" bytesRequested="32776" />
<af-end id="148" timestamp="2019-08-02T20:20:44.296" threadId="00000000027D0888" success="true" />
<exclusive-end id="149" timestamp="2019-08-02T20:20:44.297" durationms="3.002" />

<exclusive-start id="150" timestamp="2019-08-02T20:20:44.309" intervalms="15.440">
  <response-info timems="0.083" idlems="0.083" threads="0" lastid="00000000027CC300" lastname="Thread-6" />
</exclusive-start>
<af-start id="151" threadId="00000000027CCC88" totalBytesRequested="32776" timestamp="2019-08-02T20:20:44.309" intervalms="15.352" />
<cycle-start id="152" type="global" contextid="0" timestamp="2019-08-02T20:20:44.309" intervalms="15.352" />
<gc-start id="153" type="global" contextid="152" timestamp="2019-08-02T20:20:44.309">
  <mem-info id="154" free="1056576" total="8388608" percent="12">
    <mem type="tenure" free="1056576" total="8388608" percent="12">
      <mem type="soa" free="637760" total="7969792" percent="8" />
      <mem type="loa" free="418816" total="418816" percent="100" />
    </mem>
  </mem-info>
</gc-start>
<allocation-stats totalBytes="2409368" >
  <allocated-bytes non-tlh="1446352" tlh="963016" />
  <largest-consumer threadName="Thread-3" threadId="00000000027C1000" bytes="723824" />
</allocation-stats>
<gc-op id="155" type="mark" timems="1.723" contextid="152" timestamp="2019-08-02T20:20:44.311">
  <trace-info objectcount="42937" scancount="34701" scanbytes="1996124" />
  <finalization candidates="25" enqueued="0" />
  <references type="soft" candidates="168" cleared="0" enqueued="0" dynamicThreshold="13" maxThreshold="32" />
  <references type="weak" candidates="279" cleared="0" enqueued="0" />
  <references type="phantom" candidates="103" cleared="0" enqueued="0" />
  <stringconstants candidates="3963" cleared="0"  />
</gc-op>
<gc-op id="156" type="sweep" timems="0.256" contextid="152" timestamp="2019-08-02T20:20:44.311" />
<gc-end id="157" type="global" contextid="152" durationms="2.853" usertimems="4.000" systemtimems="0.000" timestamp="2019-08-02T20:20:44.312" activeThreads="8">
  <mem-info id="158" free="3741728" total="8388608" percent="44">
    <mem type="tenure" free="3741728" total="8388608" percent="44" micro-fragmented="254314" macro-fragmented="0">
      <mem type="soa" free="3322912" total="7969792" percent="41" />
      <mem type="loa" free="418816" total="418816" percent="100" />
    </mem>
  </mem-info>
</gc-end>
<cycle-end id="159" type="global" contextid="152" timestamp="2019-08-02T20:20:44.312" />
  <attribute name="elasticGC enabled" value="1" />
  <attribute name= "numThreadsSpecified" value="0" />
  <attribute name="heapSize specified" value="0" />
  <attribute name= "numCores" value="8" />
  <attribute name ="GC Interval" value="0" />
  <attribute name ="Control flow" value="2" />
  <attribute name="GC Util Range Max" value="93" />
  <attribute name="Current GC Util" value="23" />
  <attribute name= "Current Time Running" value="799" />
<allocation-satisfied id="160" threadId="00000000027CC300" bytesRequested="32776" />
<af-end id="161" timestamp="2019-08-02T20:20:44.312" threadId="00000000027CCC88" success="true" />
<exclusive-end id="162" timestamp="2019-08-02T20:20:44.312" durationms="3.501" />

<exclusive-start id="163" timestamp="2019-08-02T20:20:44.345" intervalms="35.930">
  <response-info timems="0.061" idlems="0.037" threads="1" lastid="00000000027C4C00" lastname="Thread-4" />
</exclusive-start>
<af-start id="164" threadId="00000000027C1988" totalBytesRequested="16392" timestamp="2019-08-02T20:20:44.345" intervalms="35.942" />
<cycle-start id="165" type="global" contextid="0" timestamp="2019-08-02T20:20:44.345" intervalms="35.944" />
<gc-start id="166" type="global" contextid="165" timestamp="2019-08-02T20:20:44.345">
  <mem-info id="167" free="783016" total="8388608" percent="9">
    <mem type="tenure" free="783016" total="8388608" percent="9">
      <mem type="soa" free="364200" total="7969792" percent="4" />
      <mem type="loa" free="418816" total="418816" percent="100" />
    </mem>
  </mem-info>
</gc-start>
<allocation-stats totalBytes="2899168" >
  <allocated-bytes non-tlh="1468208" tlh="1430960" />
  <largest-consumer threadName="Thread-4" threadId="00000000027C4C00" bytes="602488" />
</allocation-stats>
<gc-op id="168" type="mark" timems="1.589" contextid="165" timestamp="2019-08-02T20:20:44.347">
  <trace-info objectcount="42622" scancount="34432" scanbytes="1989208" />
  <finalization candidates="25" enqueued="0" />
  <references type="soft" candidates="168" cleared="0" enqueued="0" dynamicThreshold="14" maxThreshold="32" />
  <references type="weak" candidates="280" cleared="0" enqueued="0" />
  <references type="phantom" candidates="104" cleared="0" enqueued="0" />
  <stringconstants candidates="3963" cleared="0"  />
</gc-op>
<gc-op id="169" type="sweep" timems="0.282" contextid="165" timestamp="2019-08-02T20:20:44.347" />
<gc-end id="170" type="global" contextid="165" durationms="2.720" usertimems="8.000" systemtimems="0.000" timestamp="2019-08-02T20:20:44.348" activeThreads="8">
  <mem-info id="171" free="3774080" total="8388608" percent="44">
    <mem type="tenure" free="3774080" total="8388608" percent="44" micro-fragmented="341476" macro-fragmented="0">
      <mem type="soa" free="3355264" total="7969792" percent="42" />
      <mem type="loa" free="418816" total="418816" percent="100" />
    </mem>
  </mem-info>
</gc-end>
<cycle-end id="172" type="global" contextid="165" timestamp="2019-08-02T20:20:44.348" />
  <attribute name="elasticGC enabled" value="1" />
  <attribute name= "numThreadsSpecified" value="0" />
  <attribute name="heapSize specified" value="0" />
  <attribute name= "numCores" value="8" />
  <attribute name ="GC Interval" value="0" />
  <attribute name ="Control flow" value="2" />
  <attribute name="GC Util Range Max" value="93" />
  <attribute name="Current GC Util" value="33" />
  <attribute name= "Current Time Running" value="835" />
<allocation-satisfied id="173" threadId="00000000027C1000" bytesRequested="16392" />
<af-end id="174" timestamp="2019-08-02T20:20:44.348" threadId="00000000027C1988" success="true" />
<exclusive-end id="175" timestamp="2019-08-02T20:20:44.348" durationms="3.328" />

<exclusive-start id="176" timestamp="2019-08-02T20:20:44.412" intervalms="67.335">
  <response-info timems="0.180" idlems="0.180" threads="0" lastid="00000000027C4C00" lastname="Thread-4" />
</exclusive-start>
<af-start id="177" threadId="00000000027C5588" totalBytesRequested="16392" timestamp="2019-08-02T20:20:44.412" intervalms="67.373" />
<cycle-start id="178" type="global" contextid="0" timestamp="2019-08-02T20:20:44.412" intervalms="67.364" />
<gc-start id="179" type="global" contextid="178" timestamp="2019-08-02T20:20:44.412">
  <mem-info id="180" free="418816" total="8388608" percent="4">
    <mem type="tenure" free="418816" total="8388608" percent="4">
      <mem type="soa" free="0" total="7969792" percent="0" />
      <mem type="loa" free="418816" total="418816" percent="100" />
    </mem>
  </mem-info>
</gc-start>
<allocation-stats totalBytes="3292928" >
  <allocated-bytes non-tlh="848008" tlh="2444920" />
  <largest-consumer threadName="Thread-10" threadId="00000000027DB300" bytes="591632" />
</allocation-stats>
<gc-op id="181" type="mark" timems="1.352" contextid="178" timestamp="2019-08-02T20:20:44.414">
  <trace-info objectcount="43505" scancount="35167" scanbytes="1994172" />
  <finalization candidates="25" enqueued="0" />
  <references type="soft" candidates="168" cleared="0" enqueued="0" dynamicThreshold="14" maxThreshold="32" />
  <references type="weak" candidates="279" cleared="0" enqueued="0" />
  <references type="phantom" candidates="101" cleared="0" enqueued="0" />
  <stringconstants candidates="3963" cleared="0"  />
</gc-op>
<gc-op id="182" type="sweep" timems="0.254" contextid="178" timestamp="2019-08-02T20:20:44.414" />
<gc-end id="183" type="global" contextid="178" durationms="2.255" usertimems="4.000" systemtimems="0.000" timestamp="2019-08-02T20:20:44.415" activeThreads="8">
  <mem-info id="184" free="3612704" total="8388608" percent="43">
    <mem type="tenure" free="3612704" total="8388608" percent="43" micro-fragmented="278571" macro-fragmented="0">
      <mem type="soa" free="3193888" total="7969792" percent="40" />
      <mem type="loa" free="418816" total="418816" percent="100" />
    </mem>
  </mem-info>
</gc-end>
<cycle-end id="185" type="global" contextid="178" timestamp="2019-08-02T20:20:44.415" />
  <attribute name="elasticGC enabled" value="1" />
  <attribute name= "numThreadsSpecified" value="0" />
  <attribute name="heapSize specified" value="0" />
  <attribute name= "numCores" value="8" />
  <attribute name ="GC Interval" value="0" />
  <attribute name ="Control flow" value="2" />
  <attribute name="GC Util Range Max" value="93" />
  <attribute name="Current GC Util" value="31" />
  <attribute name= "Current Time Running" value="902" />
<allocation-satisfied id="186" threadId="00000000027C4C00" bytesRequested="16392" />
<af-end id="187" timestamp="2019-08-02T20:20:44.415" threadId="00000000027C5588" success="true" />
<exclusive-end id="188" timestamp="2019-08-02T20:20:44.415" durationms="2.716" />

<exclusive-start id="189" timestamp="2019-08-02T20:20:44.442" intervalms="29.292">
  <response-info timems="0.077" idlems="0.077" threads="0" lastid="00000000027D7700" lastname="Thread-9" />
</exclusive-start>
<af-start id="190" threadId="00000000027D8088" totalBytesRequested="16392" timestamp="2019-08-02T20:20:44.442" intervalms="29.254" />
<cycle-start id="191" type="global" contextid="0" timestamp="2019-08-02T20:20:44.442" intervalms="29.264" />
<gc-start id="192" type="global" contextid="191" timestamp="2019-08-02T20:20:44.442">
  <mem-info id="193" free="678368" total="8388608" percent="8">
    <mem type="tenure" free="678368" total="8388608" percent="8">
      <mem type="soa" free="259552" total="7969792" percent="3" />
      <mem type="loa" free="418816" total="418816" percent="100" />
    </mem>
  </mem-info>
</gc-start>
<allocation-stats totalBytes="2827504" >
  <allocated-bytes non-tlh="1597416" tlh="1230088" />
  <largest-consumer threadName="Thread-9" threadId="00000000027D7700" bytes="954432" />
</allocation-stats>
<gc-op id="194" type="mark" timems="1.286" contextid="191" timestamp="2019-08-02T20:20:44.443">
  <trace-info objectcount="42858" scancount="34528" scanbytes="2005700" />
  <finalization candidates="25" enqueued="0" />
  <references type="soft" candidates="168" cleared="75" enqueued="73" dynamicThreshold="13" maxThreshold="32" />
  <references type="weak" candidates="279" cleared="0" enqueued="0" />
  <references type="phantom" candidates="101" cleared="0" enqueued="0" />
  <stringconstants candidates="3963" cleared="0"  />
</gc-op>
<gc-op id="195" type="sweep" timems="0.270" contextid="191" timestamp="2019-08-02T20:20:44.443" />
<gc-end id="196" type="global" contextid="191" durationms="2.276" usertimems="4.000" systemtimems="0.000" timestamp="2019-08-02T20:20:44.444" activeThreads="8">
  <mem-info id="197" free="3613640" total="8388608" percent="43">
    <mem type="tenure" free="3613640" total="8388608" percent="43" micro-fragmented="248926" macro-fragmented="0">
      <mem type="soa" free="3194824" total="7969792" percent="40" />
      <mem type="loa" free="418816" total="418816" percent="100" />
    </mem>
    <pending-finalizers system="0" default="0" reference="73" classloader="0" />
  </mem-info>
</gc-end>
<cycle-end id="198" type="global" contextid="191" timestamp="2019-08-02T20:20:44.444" />
  <attribute name="elasticGC enabled" value="1" />
  <attribute name= "numThreadsSpecified" value="0" />
  <attribute name="heapSize specified" value="0" />
  <attribute name= "numCores" value="8" />
  <attribute name ="GC Interval" value="0" />
  <attribute name ="Control flow" value="2" />
  <attribute name="GC Util Range Max" value="93" />
  <attribute name="Current GC Util" value="28" />
  <attribute name= "Current Time Running" value="931" />
<allocation-satisfied id="199" threadId="00000000027D7700" bytesRequested="16392" />
<af-end id="200" timestamp="2019-08-02T20:20:44.444" threadId="00000000027D8088" success="true" />
<exclusive-end id="201" timestamp="2019-08-02T20:20:44.444" durationms="2.976" />

<exclusive-start id="202" timestamp="2019-08-02T20:20:44.484" intervalms="42.503">
  <response-info timems="0.044" idlems="0.044" threads="0" lastid="00000000027CFF00" lastname="Thread-7" />
</exclusive-start>
<af-start id="203" threadId="00000000027D0888" totalBytesRequested="32776" timestamp="2019-08-02T20:20:44.484" intervalms="42.633" />
<cycle-start id="204" type="global" contextid="0" timestamp="2019-08-02T20:20:44.484" intervalms="42.638" />
<gc-start id="205" type="global" contextid="204" timestamp="2019-08-02T20:20:44.484">
  <mem-info id="206" free="830240" total="8388608" percent="9">
    <mem type="tenure" free="830240" total="8388608" percent="9">
      <mem type="soa" free="411424" total="7969792" percent="5" />
      <mem type="loa" free="418816" total="418816" percent="100" />
    </mem>
  </mem-info>
</gc-start>
<allocation-stats totalBytes="2700352" >
  <allocated-bytes non-tlh="1306496" tlh="1393856" />
  <largest-consumer threadName="Thread-9" threadId="00000000027D7700" bytes="701920" />
</allocation-stats>
<heap-resize id="207" type="loa contract" space="tenure" amount="83968" count="1" timems="0.000" reason="contract underutilized loa" timestamp="2019-08-02T20:20:44.485" />
<gc-op id="208" type="mark" timems="1.337" contextid="204" timestamp="2019-08-02T20:20:44.486">
  <trace-info objectcount="42678" scancount="34431" scanbytes="2024460" />
  <finalization candidates="25" enqueued="0" />
  <references type="soft" candidates="93" cleared="1" enqueued="0" dynamicThreshold="13" maxThreshold="32" />
  <references type="weak" candidates="279" cleared="0" enqueued="0" />
  <references type="phantom" candidates="101" cleared="0" enqueued="0" />
  <stringconstants candidates="3963" cleared="18"  />
</gc-op>
<gc-op id="209" type="sweep" timems="0.274" contextid="204" timestamp="2019-08-02T20:20:44.486" />
<gc-end id="210" type="global" contextid="204" durationms="2.430" usertimems="4.000" systemtimems="0.000" timestamp="2019-08-02T20:20:44.487" activeThreads="8">
  <mem-info id="211" free="3556312" total="8388608" percent="42">
    <mem type="tenure" free="3556312" total="8388608" percent="42" micro-fragmented="291142" macro-fragmented="0">
      <mem type="soa" free="3221464" total="8053760" percent="39" />
      <mem type="loa" free="334848" total="334848" percent="100" />
    </mem>
  </mem-info>
</gc-end>
<cycle-end id="212" type="global" contextid="204" timestamp="2019-08-02T20:20:44.487" />
  <attribute name="elasticGC enabled" value="1" />
  <attribute name= "numThreadsSpecified" value="0" />
  <attribute name="heapSize specified" value="0" />
  <attribute name= "numCores" value="8" />
  <attribute name ="GC Interval" value="0" />
  <attribute name ="Control flow" value="2" />
  <attribute name="GC Util Range Max" value="93" />
  <attribute name="Current GC Util" value="31" />
  <attribute name= "Current Time Running" value="974" />
<allocation-satisfied id="213" threadId="00000000027CFF00" bytesRequested="32776" />
<af-end id="214" timestamp="2019-08-02T20:20:44.487" threadId="00000000027D0888" success="true" />
<exclusive-end id="215" timestamp="2019-08-02T20:20:44.487" durationms="3.055" />

<exclusive-start id="216" timestamp="2019-08-02T20:20:44.534" intervalms="49.674">
  <response-info timems="0.549" idlems="0.549" threads="0" lastid="00000000027CFF00" lastname="Thread-7" />
</exclusive-start>
<af-start id="217" threadId="00000000027D0888" totalBytesRequested="16392" timestamp="2019-08-02T20:20:44.534" intervalms="49.580" />
<cycle-start id="218" type="global" contextid="0" timestamp="2019-08-02T20:20:44.534" intervalms="49.580" />
<gc-start id="219" type="global" contextid="218" timestamp="2019-08-02T20:20:44.534">
  <mem-info id="220" free="959872" total="8388608" percent="11">
    <mem type="tenure" free="959872" total="8388608" percent="11">
      <mem type="soa" free="625024" total="8053760" percent="7" />
      <mem type="loa" free="334848" total="334848" percent="100" />
    </mem>
  </mem-info>
</gc-start>
<allocation-stats totalBytes="2520224" >
  <allocated-bytes non-tlh="1134384" tlh="1385840" />
  <largest-consumer threadName="Thread-8" threadId="00000000027D3B00" bytes="522312" />
</allocation-stats>
<heap-resize id="221" type="loa contract" space="tenure" amount="83968" count="1" timems="0.000" reason="contract underutilized loa" timestamp="2019-08-02T20:20:44.534" />
<gc-op id="222" type="mark" timems="1.339" contextid="218" timestamp="2019-08-02T20:20:44.535">
  <trace-info objectcount="40780" scancount="32987" scanbytes="1958692" />
  <finalization candidates="25" enqueued="0" />
  <references type="soft" candidates="92" cleared="21" enqueued="20" dynamicThreshold="13" maxThreshold="32" />
  <references type="weak" candidates="279" cleared="0" enqueued="0" />
  <references type="phantom" candidates="102" cleared="0" enqueued="0" />
  <stringconstants candidates="3945" cleared="0"  />
</gc-op>
<gc-op id="223" type="sweep" timems="0.326" contextid="218" timestamp="2019-08-02T20:20:44.536" />
<gc-end id="224" type="global" contextid="218" durationms="2.410" usertimems="4.000" systemtimems="0.000" timestamp="2019-08-02T20:20:44.536" activeThreads="8">
  <mem-info id="225" free="3752264" total="8388608" percent="44">
    <mem type="tenure" free="3752264" total="8388608" percent="44" micro-fragmented="231773" macro-fragmented="0">
      <mem type="soa" free="3501384" total="8137728" percent="43" />
      <mem type="loa" free="250880" total="250880" percent="100" />
    </mem>
    <pending-finalizers system="0" default="0" reference="20" classloader="0" />
  </mem-info>
</gc-end>
<cycle-end id="226" type="global" contextid="218" timestamp="2019-08-02T20:20:44.536" />
  <attribute name="elasticGC enabled" value="1" />
  <attribute name= "numThreadsSpecified" value="0" />
  <attribute name="heapSize specified" value="0" />
  <attribute name= "numCores" value="8" />
  <attribute name ="GC Interval" value="0" />
  <attribute name ="Control flow" value="2" />
  <attribute name="GC Util Range Max" value="93" />
  <attribute name="Current GC Util" value="27" />
  <attribute name= "Current Time Running" value="1023" />
<allocation-satisfied id="227" threadId="00000000027CFF00" bytesRequested="16392" />
<af-end id="228" timestamp="2019-08-02T20:20:44.537" threadId="00000000027D0888" success="true" />
<exclusive-end id="229" timestamp="2019-08-02T20:20:44.537" durationms="3.196" />

<exclusive-start id="230" timestamp="2019-08-02T20:20:44.602" intervalms="68.715">
  <response-info timems="0.054" idlems="0.054" threads="0" lastid="00000000027CC300" lastname="Thread-6" />
</exclusive-start>
<af-start id="231" threadId="00000000027CCC88" totalBytesRequested="16392" timestamp="2019-08-02T20:20:44.603" intervalms="68.720" />
<cycle-start id="232" type="global" contextid="0" timestamp="2019-08-02T20:20:44.603" intervalms="68.720" />
<gc-start id="233" type="global" contextid="232" timestamp="2019-08-02T20:20:44.603">
  <mem-info id="234" free="342784" total="8388608" percent="4">
    <mem type="tenure" free="342784" total="8388608" percent="4">
      <mem type="soa" free="91904" total="8137728" percent="1" />
      <mem type="loa" free="250880" total="250880" percent="100" />
    </mem>
  </mem-info>
</gc-start>
<allocation-stats totalBytes="3344088" >
  <allocated-bytes non-tlh="1288984" tlh="2055104" />
  <largest-consumer threadName="Thread-6" threadId="00000000027CC300" bytes="1075992" />
</allocation-stats>
<heap-resize id="235" type="loa contract" space="tenure" amount="83968" count="1" timems="0.000" reason="contract underutilized loa" timestamp="2019-08-02T20:20:44.603" />
<gc-op id="236" type="mark" timems="1.734" contextid="232" timestamp="2019-08-02T20:20:44.605">
  <trace-info objectcount="41813" scancount="33877" scanbytes="2011036" />
  <finalization candidates="25" enqueued="0" />
  <references type="soft" candidates="71" cleared="0" enqueued="0" dynamicThreshold="14" maxThreshold="32" />
  <references type="weak" candidates="279" cleared="0" enqueued="0" />
  <references type="phantom" candidates="101" cleared="0" enqueued="0" />
  <stringconstants candidates="3945" cleared="0"  />
</gc-op>
<gc-op id="237" type="sweep" timems="0.258" contextid="232" timestamp="2019-08-02T20:20:44.605" />
<gc-end id="238" type="global" contextid="232" durationms="2.904" usertimems="4.000" systemtimems="0.000" timestamp="2019-08-02T20:20:44.606" activeThreads="8">
  <mem-info id="239" free="3530384" total="8388608" percent="42">
    <mem type="tenure" free="3530384" total="8388608" percent="42" micro-fragmented="290576" macro-fragmented="0">
      <mem type="soa" free="3363472" total="8221696" percent="40" />
      <mem type="loa" free="166912" total="166912" percent="100" />
    </mem>
  </mem-info>
</gc-end>
<cycle-end id="240" type="global" contextid="232" timestamp="2019-08-02T20:20:44.606" />
  <attribute name="elasticGC enabled" value="1" />
  <attribute name= "numThreadsSpecified" value="0" />
  <attribute name="heapSize specified" value="0" />
  <attribute name= "numCores" value="8" />
  <attribute name ="GC Interval" value="0" />
  <attribute name ="Control flow" value="2" />
  <attribute name="GC Util Range Max" value="93" />
  <attribute name="Current GC Util" value="29" />
  <attribute name= "Current Time Running" value="1092" />
<allocation-satisfied id="241" threadId="00000000027CC300" bytesRequested="16392" />
<af-end id="242" timestamp="2019-08-02T20:20:44.606" threadId="00000000027CCC88" success="true" />
<exclusive-end id="243" timestamp="2019-08-02T20:20:44.606" durationms="3.522" />

<exclusive-start id="244" timestamp="2019-08-02T20:20:44.638" intervalms="35.802">
  <response-info timems="0.031" idlems="0.031" threads="0" lastid="00000000027C1000" lastname="Thread-3" />
</exclusive-start>
<af-start id="245" threadId="00000000027C1988" totalBytesRequested="16392" timestamp="2019-08-02T20:20:44.638" intervalms="35.846" />
<cycle-start id="246" type="global" contextid="0" timestamp="2019-08-02T20:20:44.638" intervalms="35.835" />
<gc-start id="247" type="global" contextid="246" timestamp="2019-08-02T20:20:44.639">
  <mem-info id="248" free="266344" total="8388608" percent="3">
    <mem type="tenure" free="266344" total="8388608" percent="3">
      <mem type="soa" free="99432" total="8221696" percent="1" />
      <mem type="loa" free="166912" total="166912" percent="100" />
    </mem>
  </mem-info>
</gc-start>
<allocation-stats totalBytes="3197296" >
  <allocated-bytes non-tlh="1688584" tlh="1508712" />
  <largest-consumer threadName="Thread-10" threadId="00000000027DB300" bytes="841616" />
</allocation-stats>
<heap-resize id="249" type="loa contract" space="tenure" amount="83968" count="1" timems="0.000" reason="contract underutilized loa" timestamp="2019-08-02T20:20:44.639" />
<gc-op id="250" type="mark" timems="1.998" contextid="246" timestamp="2019-08-02T20:20:44.641">
  <trace-info objectcount="40527" scancount="32880" scanbytes="1932296" />
  <finalization candidates="25" enqueued="0" />
  <references type="soft" candidates="71" cleared="6" enqueued="3" dynamicThreshold="13" maxThreshold="32" />
  <references type="weak" candidates="279" cleared="0" enqueued="0" />
  <references type="phantom" candidates="101" cleared="0" enqueued="0" />
  <stringconstants candidates="3945" cleared="1"  />
</gc-op>
<gc-op id="251" type="sweep" timems="0.745" contextid="246" timestamp="2019-08-02T20:20:44.641" />
<gc-end id="252" type="global" contextid="246" durationms="3.760" usertimems="4.000" systemtimems="0.000" timestamp="2019-08-02T20:20:44.642" activeThreads="8">
  <mem-info id="253" free="3790664" total="8388608" percent="45">
    <mem type="tenure" free="3790664" total="8388608" percent="45" micro-fragmented="210803" macro-fragmented="0">
      <mem type="soa" free="3707720" total="8305664" percent="44" />
      <mem type="loa" free="82944" total="82944" percent="100" />
    </mem>
    <pending-finalizers system="0" default="0" reference="3" classloader="0" />
  </mem-info>
</gc-end>
<cycle-end id="254" type="global" contextid="246" timestamp="2019-08-02T20:20:44.642" />
  <attribute name="elasticGC enabled" value="1" />
  <attribute name= "numThreadsSpecified" value="0" />
  <attribute name="heapSize specified" value="0" />
  <attribute name= "numCores" value="8" />
  <attribute name ="GC Interval" value="0" />
  <attribute name ="Control flow" value="2" />
  <attribute name="GC Util Range Max" value="93" />
  <attribute name="Current GC Util" value="129" />
  <attribute name= "Current Time Running" value="1129" />
<allocation-satisfied id="255" threadId="00000000027C1000" bytesRequested="16392" />
<af-end id="256" timestamp="2019-08-02T20:20:44.643" threadId="00000000027C1988" success="true" />
<exclusive-end id="257" timestamp="2019-08-02T20:20:44.643" durationms="4.514" />

<exclusive-start id="258" timestamp="2019-08-02T20:20:44.710" intervalms="71.635">
  <response-info timems="0.043" idlems="0.043" threads="0" lastid="00000000027D3B00" lastname="Thread-8" />
</exclusive-start>
<af-start id="259" threadId="00000000027D4488" totalBytesRequested="112" timestamp="2019-08-02T20:20:44.710" intervalms="71.657" />
<cycle-start id="260" type="global" contextid="0" timestamp="2019-08-02T20:20:44.710" intervalms="71.661" />
<gc-start id="261" type="global" contextid="260" timestamp="2019-08-02T20:20:44.710">
  <mem-info id="262" free="82944" total="8388608" percent="0">
    <mem type="tenure" free="82944" total="8388608" percent="0">
      <mem type="soa" free="0" total="8305664" percent="0" />
      <mem type="loa" free="82944" total="82944" percent="100" />
    </mem>
  </mem-info>
</gc-start>
<allocation-stats totalBytes="3657328" >
  <allocated-bytes non-tlh="1418072" tlh="2239256" />
  <largest-consumer threadName="Thread-3" threadId="00000000027C1000" bytes="803752" />
</allocation-stats>
<gc-op id="263" type="mark" timems="2.299" contextid="260" timestamp="2019-08-02T20:20:44.713">
  <trace-info objectcount="41561" scancount="33750" scanbytes="2044528" />
  <finalization candidates="25" enqueued="0" />
  <references type="soft" candidates="65" cleared="0" enqueued="0" dynamicThreshold="14" maxThreshold="32" />
  <references type="weak" candidates="279" cleared="0" enqueued="0" />
  <references type="phantom" candidates="101" cleared="0" enqueued="0" />
  <stringconstants candidates="3944" cleared="0"  />
</gc-op>
<gc-op id="264" type="sweep" timems="0.751" contextid="260" timestamp="2019-08-02T20:20:44.713" />
<gc-end id="265" type="global" contextid="260" durationms="4.054" usertimems="4.000" systemtimems="4.000" timestamp="2019-08-02T20:20:44.714" activeThreads="8">
  <mem-info id="266" free="3441464" total="8388608" percent="41">
    <mem type="tenure" free="3441464" total="8388608" percent="41" micro-fragmented="338107" macro-fragmented="0">
      <mem type="soa" free="3358520" total="8305664" percent="40" />
      <mem type="loa" free="82944" total="82944" percent="100" />
    </mem>
  </mem-info>
</gc-end>
<cycle-end id="267" type="global" contextid="260" timestamp="2019-08-02T20:20:44.714" />
  <attribute name="elasticGC enabled" value="1" />
  <attribute name= "numThreadsSpecified" value="0" />
  <attribute name="heapSize specified" value="0" />
  <attribute name= "numCores" value="8" />
  <attribute name ="GC Interval" value="0" />
  <attribute name ="Control flow" value="2" />
  <attribute name="GC Util Range Max" value="93" />
  <attribute name="Current GC Util" value="126" />
  <attribute name= "Current Time Running" value="1201" />
<allocation-satisfied id="268" threadId="00000000027D3B00" bytesRequested="112" />
<af-end id="269" timestamp="2019-08-02T20:20:44.715" threadId="00000000027D4488" success="true" />
<exclusive-end id="270" timestamp="2019-08-02T20:20:44.715" durationms="4.867" />

<exclusive-start id="271" timestamp="2019-08-02T20:20:44.781" intervalms="70.910">
  <response-info timems="0.059" idlems="0.039" threads="3" lastid="00000000027DB300" lastname="Thread-10" />
</exclusive-start>
<af-start id="272" threadId="00000000027CCC88" totalBytesRequested="48" timestamp="2019-08-02T20:20:44.781" intervalms="70.804" />
<cycle-start id="273" type="global" contextid="0" timestamp="2019-08-02T20:20:44.781" intervalms="70.806" />
<gc-start id="274" type="global" contextid="273" timestamp="2019-08-02T20:20:44.781">
  <mem-info id="275" free="82944" total="8388608" percent="0">
    <mem type="tenure" free="82944" total="8388608" percent="0">
      <mem type="soa" free="0" total="8305664" percent="0" />
      <mem type="loa" free="82944" total="82944" percent="100" />
    </mem>
  </mem-info>
</gc-start>
<allocation-stats totalBytes="3304392" >
  <allocated-bytes non-tlh="1453824" tlh="1850568" />
  <largest-consumer threadName="Thread-8" threadId="00000000027D3B00" bytes="873136" />
</allocation-stats>
<gc-op id="276" type="mark" timems="1.547" contextid="273" timestamp="2019-08-02T20:20:44.783">
  <trace-info objectcount="41164" scancount="33391" scanbytes="2036248" />
  <finalization candidates="25" enqueued="0" />
  <references type="soft" candidates="65" cleared="0" enqueued="0" dynamicThreshold="13" maxThreshold="32" />
  <references type="weak" candidates="279" cleared="0" enqueued="0" />
  <references type="phantom" candidates="102" cleared="0" enqueued="0" />
  <stringconstants candidates="3944" cleared="0"  />
</gc-op>
<gc-op id="277" type="sweep" timems="0.269" contextid="273" timestamp="2019-08-02T20:20:44.783" />
<gc-end id="278" type="global" contextid="273" durationms="2.495" usertimems="4.000" systemtimems="0.000" timestamp="2019-08-02T20:20:44.783" activeThreads="8">
  <mem-info id="279" free="3568752" total="8388608" percent="42">
    <mem type="tenure" free="3568752" total="8388608" percent="42" micro-fragmented="292515" macro-fragmented="0">
      <mem type="soa" free="3485808" total="8305664" percent="41" />
      <mem type="loa" free="82944" total="82944" percent="100" />
    </mem>
  </mem-info>
</gc-end>
<cycle-end id="280" type="global" contextid="273" timestamp="2019-08-02T20:20:44.784" />
  <attribute name="elasticGC enabled" value="1" />
  <attribute name= "numThreadsSpecified" value="0" />
  <attribute name="heapSize specified" value="0" />
  <attribute name= "numCores" value="8" />
  <attribute name ="GC Interval" value="0" />
  <attribute name ="Control flow" value="2" />
  <attribute name="GC Util Range Max" value="93" />
  <attribute name="Current GC Util" value="29" />
  <attribute name= "Current Time Running" value="1270" />
<allocation-satisfied id="281" threadId="00000000027CC300" bytesRequested="48" />
<af-end id="282" timestamp="2019-08-02T20:20:44.784" threadId="00000000027CCC88" success="true" />
<exclusive-end id="283" timestamp="2019-08-02T20:20:44.784" durationms="3.138" />

<exclusive-start id="284" timestamp="2019-08-02T20:20:44.825" intervalms="44.616">
  <response-info timems="0.054" idlems="0.054" threads="0" lastid="00000000027DB300" lastname="Thread-10" />
</exclusive-start>
<af-start id="285" threadId="00000000027DBC88" totalBytesRequested="32776" timestamp="2019-08-02T20:20:44.825" intervalms="44.643" />
<cycle-start id="286" type="global" contextid="0" timestamp="2019-08-02T20:20:44.826" intervalms="44.650" />
<gc-start id="287" type="global" contextid="286" timestamp="2019-08-02T20:20:44.826">
  <mem-info id="288" free="148240" total="8388608" percent="1">
    <mem type="tenure" free="148240" total="8388608" percent="1">
      <mem type="soa" free="65296" total="8305664" percent="0" />
      <mem type="loa" free="82944" total="82944" percent="100" />
    </mem>
  </mem-info>
</gc-start>
<allocation-stats totalBytes="3337632" >
  <allocated-bytes non-tlh="1675392" tlh="1662240" />
  <largest-consumer threadName="Thread-7" threadId="00000000027CFF00" bytes="887576" />
</allocation-stats>
<gc-op id="289" type="mark" timems="1.539" contextid="286" timestamp="2019-08-02T20:20:44.827">
  <trace-info objectcount="40715" scancount="33033" scanbytes="1990064" />
  <finalization candidates="25" enqueued="0" />
  <references type="soft" candidates="65" cleared="0" enqueued="0" dynamicThreshold="13" maxThreshold="32" />
  <references type="weak" candidates="279" cleared="0" enqueued="0" />
  <references type="phantom" candidates="101" cleared="0" enqueued="0" />
  <stringconstants candidates="3944" cleared="0"  />
</gc-op>
<gc-op id="290" type="sweep" timems="0.356" contextid="286" timestamp="2019-08-02T20:20:44.828" />
<gc-end id="291" type="global" contextid="286" durationms="2.764" usertimems="4.000" systemtimems="4.000" timestamp="2019-08-02T20:20:44.828" activeThreads="8">
  <mem-info id="292" free="3641736" total="8388608" percent="43">
    <mem type="tenure" free="3641736" total="8388608" percent="43" micro-fragmented="213161" macro-fragmented="0">
      <mem type="soa" free="3558792" total="8305664" percent="42" />
      <mem type="loa" free="82944" total="82944" percent="100" />
    </mem>
  </mem-info>
</gc-end>
<cycle-end id="293" type="global" contextid="286" timestamp="2019-08-02T20:20:44.829" />
  <attribute name="elasticGC enabled" value="1" />
  <attribute name= "numThreadsSpecified" value="0" />
  <attribute name="heapSize specified" value="0" />
  <attribute name= "numCores" value="8" />
  <attribute name ="GC Interval" value="0" />
  <attribute name ="Control flow" value="2" />
  <attribute name="GC Util Range Max" value="93" />
  <attribute name="Current GC Util" value="27" />
  <attribute name= "Current Time Running" value="1315" />
<allocation-satisfied id="294" threadId="00000000027DB300" bytesRequested="32776" />
<af-end id="295" timestamp="2019-08-02T20:20:44.829" threadId="00000000027DBC88" success="true" />
<exclusive-end id="296" timestamp="2019-08-02T20:20:44.829" durationms="3.516" />

<exclusive-start id="297" timestamp="2019-08-02T20:20:44.888" intervalms="62.539">
  <response-info timems="0.046" idlems="0.046" threads="0" lastid="00000000027DB300" lastname="Thread-10" />
</exclusive-start>
<af-start id="298" threadId="00000000027DBC88" totalBytesRequested="32776" timestamp="2019-08-02T20:20:44.888" intervalms="62.600" />
<cycle-start id="299" type="global" contextid="0" timestamp="2019-08-02T20:20:44.888" intervalms="62.594" />
<gc-start id="300" type="global" contextid="299" timestamp="2019-08-02T20:20:44.888">
  <mem-info id="301" free="98136" total="8388608" percent="1">
    <mem type="tenure" free="98136" total="8388608" percent="1">
      <mem type="soa" free="15192" total="8305664" percent="0" />
      <mem type="loa" free="82944" total="82944" percent="100" />
    </mem>
  </mem-info>
</gc-start>
<allocation-stats totalBytes="3473272" >
  <allocated-bytes non-tlh="1306888" tlh="2166384" />
  <largest-consumer threadName="Thread-6" threadId="00000000027CC300" bytes="606056" />
</allocation-stats>
<gc-op id="302" type="mark" timems="1.546" contextid="299" timestamp="2019-08-02T20:20:44.890">
  <trace-info objectcount="41498" scancount="33705" scanbytes="2047180" />
  <finalization candidates="25" enqueued="0" />
  <references type="soft" candidates="65" cleared="0" enqueued="0" dynamicThreshold="13" maxThreshold="32" />
  <references type="weak" candidates="279" cleared="0" enqueued="0" />
  <references type="phantom" candidates="101" cleared="0" enqueued="0" />
  <stringconstants candidates="3944" cleared="0"  />
</gc-op>
<gc-op id="303" type="sweep" timems="0.280" contextid="299" timestamp="2019-08-02T20:20:44.890" />
<gc-end id="304" type="global" contextid="299" durationms="2.645" usertimems="4.000" systemtimems="0.000" timestamp="2019-08-02T20:20:44.891" activeThreads="8">
  <mem-info id="305" free="3472192" total="8388608" percent="41">
    <mem type="tenure" free="3472192" total="8388608" percent="41" micro-fragmented="331546" macro-fragmented="0">
      <mem type="soa" free="3389248" total="8305664" percent="40" />
      <mem type="loa" free="82944" total="82944" percent="100" />
    </mem>
  </mem-info>
</gc-end>
<cycle-end id="306" type="global" contextid="299" timestamp="2019-08-02T20:20:44.891" />
  <attribute name="elasticGC enabled" value="1" />
  <attribute name= "numThreadsSpecified" value="0" />
  <attribute name="heapSize specified" value="0" />
  <attribute name= "numCores" value="8" />
  <attribute name ="GC Interval" value="0" />
  <attribute name ="Control flow" value="2" />
  <attribute name="GC Util Range Max" value="93" />
  <attribute name="Current GC Util" value="26" />
  <attribute name= "Current Time Running" value="1378" />
<allocation-satisfied id="307" threadId="00000000027DB300" bytesRequested="32776" />
<af-end id="308" timestamp="2019-08-02T20:20:44.891" threadId="00000000027DBC88" success="true" />
<exclusive-end id="309" timestamp="2019-08-02T20:20:44.891" durationms="3.215" />

<exclusive-start id="310" timestamp="2019-08-02T20:20:44.934" intervalms="46.097">
  <response-info timems="0.095" idlems="0.095" threads="0" lastid="00000000027D7700" lastname="Thread-9" />
</exclusive-start>
<af-start id="311" threadId="00000000027D8088" totalBytesRequested="16392" timestamp="2019-08-02T20:20:44.934" intervalms="46.065" />
<cycle-start id="312" type="global" contextid="0" timestamp="2019-08-02T20:20:44.934" intervalms="46.062" />
<gc-start id="313" type="global" contextid="312" timestamp="2019-08-02T20:20:44.934">
  <mem-info id="314" free="166568" total="8388608" percent="1">
    <mem type="tenure" free="166568" total="8388608" percent="1">
      <mem type="soa" free="83624" total="8305664" percent="1" />
      <mem type="loa" free="82944" total="82944" percent="100" />
    </mem>
  </mem-info>
</gc-start>
<allocation-stats totalBytes="3246736" >
  <allocated-bytes non-tlh="1568272" tlh="1678464" />
  <largest-consumer threadName="Thread-3" threadId="00000000027C1000" bytes="844032" />
</allocation-stats>
<gc-op id="315" type="mark" timems="2.223" contextid="312" timestamp="2019-08-02T20:20:44.937">
  <trace-info objectcount="40659" scancount="32945" scanbytes="1968388" />
  <finalization candidates="25" enqueued="0" />
  <references type="soft" candidates="65" cleared="0" enqueued="0" dynamicThreshold="13" maxThreshold="32" />
  <references type="weak" candidates="279" cleared="0" enqueued="0" />
  <references type="phantom" candidates="102" cleared="0" enqueued="0" />
  <stringconstants candidates="3944" cleared="0"  />
</gc-op>
<gc-op id="316" type="sweep" timems="0.773" contextid="312" timestamp="2019-08-02T20:20:44.937" />
<gc-end id="317" type="global" contextid="312" durationms="4.044" usertimems="8.000" systemtimems="0.000" timestamp="2019-08-02T20:20:44.938" activeThreads="8">
  <mem-info id="318" free="3715144" total="8388608" percent="44">
    <mem type="tenure" free="3715144" total="8388608" percent="44" micro-fragmented="274183" macro-fragmented="0">
      <mem type="soa" free="3632200" total="8305664" percent="43" />
      <mem type="loa" free="82944" total="82944" percent="100" />
    </mem>
  </mem-info>
</gc-end>
<cycle-end id="319" type="global" contextid="312" timestamp="2019-08-02T20:20:44.938" />
  <attribute name="elasticGC enabled" value="1" />
  <attribute name= "numThreadsSpecified" value="0" />
  <attribute name="heapSize specified" value="0" />
  <attribute name= "numCores" value="8" />
  <attribute name ="GC Interval" value="0" />
  <attribute name ="Control flow" value="2" />
  <attribute name="GC Util Range Max" value="93" />
  <attribute name="Current GC Util" value="119" />
  <attribute name= "Current Time Running" value="1425" />
<allocation-satisfied id="320" threadId="00000000027D7700" bytesRequested="16392" />
<af-end id="321" timestamp="2019-08-02T20:20:44.939" threadId="00000000027D8088" success="true" />
<exclusive-end id="322" timestamp="2019-08-02T20:20:44.939" durationms="4.665" />

<exclusive-start id="323" timestamp="2019-08-02T20:20:44.986" intervalms="52.284">
  <response-info timems="0.075" idlems="0.075" threads="0" lastid="00000000027C8800" lastname="Thread-5" />
</exclusive-start>
<af-start id="324" threadId="00000000027C9188" totalBytesRequested="2056" timestamp="2019-08-02T20:20:44.986" intervalms="52.301" />
<cycle-start id="325" type="global" contextid="0" timestamp="2019-08-02T20:20:44.987" intervalms="52.311" />
<gc-start id="326" type="global" contextid="325" timestamp="2019-08-02T20:20:44.987">
  <mem-info id="327" free="82944" total="8388608" percent="0">
    <mem type="tenure" free="82944" total="8388608" percent="0">
      <mem type="soa" free="0" total="8305664" percent="0" />
      <mem type="loa" free="82944" total="82944" percent="100" />
    </mem>
  </mem-info>
</gc-start>
<allocation-stats totalBytes="3567680" >
  <allocated-bytes non-tlh="1615888" tlh="1951792" />
  <largest-consumer threadName="Thread-5" threadId="00000000027C8800" bytes="859376" />
</allocation-stats>
<gc-op id="328" type="mark" timems="5.716" contextid="325" timestamp="2019-08-02T20:20:44.992">
  <trace-info objectcount="41425" scancount="33624" scanbytes="2042060" />
  <finalization candidates="25" enqueued="0" />
  <references type="soft" candidates="65" cleared="0" enqueued="0" dynamicThreshold="14" maxThreshold="32" />
  <references type="weak" candidates="279" cleared="0" enqueued="0" />
  <references type="phantom" candidates="102" cleared="0" enqueued="0" />
  <stringconstants candidates="3944" cleared="0"  />
</gc-op>
<gc-op id="329" type="sweep" timems="3.329" contextid="325" timestamp="2019-08-02T20:20:44.996" />
<gc-end id="330" type="global" contextid="325" durationms="11.081" usertimems="8.000" systemtimems="4.000" timestamp="2019-08-02T20:20:44.998" activeThreads="8">
  <mem-info id="331" free="3451080" total="8388608" percent="41">
    <mem type="tenure" free="3451080" total="8388608" percent="41" micro-fragmented="286548" macro-fragmented="0">
      <mem type="soa" free="3368136" total="8305664" percent="40" />
      <mem type="loa" free="82944" total="82944" percent="100" />
    </mem>
  </mem-info>
</gc-end>
<cycle-end id="332" type="global" contextid="325" timestamp="2019-08-02T20:20:44.998" />
  <attribute name="elasticGC enabled" value="1" />
  <attribute name= "numThreadsSpecified" value="0" />
  <attribute name="heapSize specified" value="0" />
  <attribute name= "numCores" value="8" />
  <attribute name ="GC Interval" value="0" />
  <attribute name ="Control flow" value="2" />
  <attribute name="GC Util Range Max" value="93" />
  <attribute name="Current GC Util" value="94" />
  <attribute name= "Current Time Running" value="1483" />
<allocation-satisfied id="333" threadId="00000000027C8800" bytesRequested="2056" />
<af-end id="334" timestamp="2019-08-02T20:20:44.998" threadId="00000000027C9188" success="true" />
<exclusive-end id="335" timestamp="2019-08-02T20:20:44.998" durationms="11.695" />

<exclusive-start id="336" timestamp="2019-08-02T20:20:45.050" intervalms="63.492">
  <response-info timems="0.049" idlems="0.049" threads="0" lastid="00000000027D7700" lastname="Thread-9" />
</exclusive-start>
<af-start id="337" threadId="00000000027D8088" totalBytesRequested="16392" timestamp="2019-08-02T20:20:45.050" intervalms="63.551" />
<cycle-start id="338" type="global" contextid="0" timestamp="2019-08-02T20:20:45.050" intervalms="63.541" />
<gc-start id="339" type="global" contextid="338" timestamp="2019-08-02T20:20:45.050">
  <mem-info id="340" free="153040" total="8388608" percent="1">
    <mem type="tenure" free="153040" total="8388608" percent="1">
      <mem type="soa" free="70096" total="8305664" percent="0" />
      <mem type="loa" free="82944" total="82944" percent="100" />
    </mem>
  </mem-info>
</gc-start>
<allocation-stats totalBytes="3219544" >
  <allocated-bytes non-tlh="1434264" tlh="1785280" />
  <largest-consumer threadName="Thread-9" threadId="00000000027D7700" bytes="658816" />
</allocation-stats>
<gc-op id="341" type="mark" timems="1.277" contextid="338" timestamp="2019-08-02T20:20:45.052">
  <trace-info objectcount="40378" scancount="32684" scanbytes="1889984" />
  <finalization candidates="25" enqueued="0" />
  <references type="soft" candidates="65" cleared="0" enqueued="0" dynamicThreshold="13" maxThreshold="32" />
  <references type="weak" candidates="279" cleared="0" enqueued="0" />
  <references type="phantom" candidates="101" cleared="0" enqueued="0" />
  <stringconstants candidates="3944" cleared="0"  />
</gc-op>
<gc-op id="342" type="sweep" timems="0.271" contextid="338" timestamp="2019-08-02T20:20:45.052" />
<gc-end id="343" type="global" contextid="338" durationms="2.279" usertimems="4.000" systemtimems="0.000" timestamp="2019-08-02T20:20:45.052" activeThreads="8">
  <mem-info id="344" free="3857248" total="8388608" percent="45">
    <mem type="tenure" free="3857248" total="8388608" percent="45" micro-fragmented="338421" macro-fragmented="0">
      <mem type="soa" free="3774304" total="8305664" percent="45" />
      <mem type="loa" free="82944" total="82944" percent="100" />
    </mem>
  </mem-info>
</gc-end>
<cycle-end id="345" type="global" contextid="338" timestamp="2019-08-02T20:20:45.052" />
  <attribute name="elasticGC enabled" value="1" />
  <attribute name= "numThreadsSpecified" value="0" />
  <attribute name="heapSize specified" value="0" />
  <attribute name= "numCores" value="8" />
  <attribute name ="GC Interval" value="0" />
  <attribute name ="Control flow" value="2" />
  <attribute name="GC Util Range Max" value="93" />
  <attribute name="Current GC Util" value="25" />
  <attribute name= "Current Time Running" value="1539" />
<allocation-satisfied id="346" threadId="00000000027D7700" bytesRequested="16392" />
<af-end id="347" timestamp="2019-08-02T20:20:45.053" threadId="00000000027D8088" success="true" />
<exclusive-end id="348" timestamp="2019-08-02T20:20:45.053" durationms="2.933" />

<exclusive-start id="349" timestamp="2019-08-02T20:20:45.100" intervalms="49.754">
  <response-info timems="0.053" idlems="0.053" threads="0" lastid="00000000027D3B00" lastname="Thread-8" />
</exclusive-start>
<af-start id="350" threadId="00000000027D4488" totalBytesRequested="32776" timestamp="2019-08-02T20:20:45.100" intervalms="49.701" />
<cycle-start id="351" type="global" contextid="0" timestamp="2019-08-02T20:20:45.100" intervalms="49.706" />
<gc-start id="352" type="global" contextid="351" timestamp="2019-08-02T20:20:45.100">
  <mem-info id="353" free="149480" total="8388608" percent="1">
    <mem type="tenure" free="149480" total="8388608" percent="1">
      <mem type="soa" free="66536" total="8305664" percent="0" />
      <mem type="loa" free="82944" total="82944" percent="100" />
    </mem>
  </mem-info>
</gc-start>
<allocation-stats totalBytes="3645920" >
  <allocated-bytes non-tlh="1807432" tlh="1838488" />
  <largest-consumer threadName="Thread-7" threadId="00000000027CFF00" bytes="883952" />
</allocation-stats>
<gc-op id="354" type="mark" timems="2.071" contextid="351" timestamp="2019-08-02T20:20:45.102">
  <trace-info objectcount="41229" scancount="33462" scanbytes="2039024" />
  <finalization candidates="25" enqueued="0" />
  <references type="soft" candidates="65" cleared="0" enqueued="0" dynamicThreshold="14" maxThreshold="32" />
  <references type="weak" candidates="279" cleared="0" enqueued="0" />
  <references type="phantom" candidates="102" cleared="0" enqueued="0" />
  <stringconstants candidates="3944" cleared="0"  />
</gc-op>
<gc-op id="355" type="sweep" timems="0.750" contextid="351" timestamp="2019-08-02T20:20:45.103" />
<gc-end id="356" type="global" contextid="351" durationms="3.835" usertimems="0.000" systemtimems="4.000" timestamp="2019-08-02T20:20:45.104" activeThreads="8">
  <mem-info id="357" free="3464544" total="8388608" percent="41">
    <mem type="tenure" free="3464544" total="8388608" percent="41" micro-fragmented="267467" macro-fragmented="0">
      <mem type="soa" free="3381600" total="8305664" percent="40" />
      <mem type="loa" free="82944" total="82944" percent="100" />
    </mem>
  </mem-info>
</gc-end>
<cycle-end id="358" type="global" contextid="351" timestamp="2019-08-02T20:20:45.104" />
  <attribute name="elasticGC enabled" value="1" />
  <attribute name= "numThreadsSpecified" value="0" />
  <attribute name="heapSize specified" value="0" />
  <attribute name= "numCores" value="8" />
  <attribute name ="GC Interval" value="0" />
  <attribute name ="Control flow" value="2" />
  <attribute name="GC Util Range Max" value="93" />
  <attribute name="Current GC Util" value="127" />
  <attribute name= "Current Time Running" value="1590" />
<allocation-satisfied id="359" threadId="00000000027D3B00" bytesRequested="32776" />
<af-end id="360" timestamp="2019-08-02T20:20:45.104" threadId="00000000027D4488" success="true" />
<exclusive-end id="361" timestamp="2019-08-02T20:20:45.104" durationms="4.501" />

<exclusive-start id="362" timestamp="2019-08-02T20:20:45.154" intervalms="54.690">
  <response-info timems="0.035" idlems="0.035" threads="0" lastid="00000000027D3B00" lastname="Thread-8" />
</exclusive-start>
<af-start id="363" threadId="00000000027D4488" totalBytesRequested="16392" timestamp="2019-08-02T20:20:45.154" intervalms="54.708" />
<cycle-start id="364" type="global" contextid="0" timestamp="2019-08-02T20:20:45.154" intervalms="54.703" />
<gc-start id="365" type="global" contextid="364" timestamp="2019-08-02T20:20:45.155">
  <mem-info id="366" free="234880" total="8388608" percent="2">
    <mem type="tenure" free="234880" total="8388608" percent="2">
      <mem type="soa" free="151936" total="8305664" percent="1" />
      <mem type="loa" free="82944" total="82944" percent="100" />
    </mem>
  </mem-info>
</gc-start>
<allocation-stats totalBytes="3188280" >
  <allocated-bytes non-tlh="1276640" tlh="1911640" />
  <largest-consumer threadName="Thread-4" threadId="00000000027C4C00" bytes="629200" />
</allocation-stats>
<gc-op id="367" type="mark" timems="2.200" contextid="364" timestamp="2019-08-02T20:20:45.157">
  <trace-info objectcount="40791" scancount="33036" scanbytes="1936140" />
  <finalization candidates="25" enqueued="0" />
  <references type="soft" candidates="65" cleared="0" enqueued="0" dynamicThreshold="13" maxThreshold="32" />
  <references type="weak" candidates="279" cleared="0" enqueued="0" />
  <references type="phantom" candidates="102" cleared="0" enqueued="0" />
  <stringconstants candidates="3944" cleared="0"  />
</gc-op>
<gc-op id="368" type="sweep" timems="0.769" contextid="364" timestamp="2019-08-02T20:20:45.158" />
<gc-end id="369" type="global" contextid="364" durationms="3.956" usertimems="4.000" systemtimems="4.000" timestamp="2019-08-02T20:20:45.158" activeThreads="8">
  <mem-info id="370" free="3682552" total="8388608" percent="43">
    <mem type="tenure" free="3682552" total="8388608" percent="43" micro-fragmented="276782" macro-fragmented="0">
      <mem type="soa" free="3599608" total="8305664" percent="43" />
      <mem type="loa" free="82944" total="82944" percent="100" />
    </mem>
  </mem-info>
</gc-end>
<cycle-end id="371" type="global" contextid="364" timestamp="2019-08-02T20:20:45.159" />
  <attribute name="elasticGC enabled" value="1" />
  <attribute name= "numThreadsSpecified" value="0" />
  <attribute name="heapSize specified" value="0" />
  <attribute name= "numCores" value="8" />
  <attribute name ="GC Interval" value="0" />
  <attribute name ="Control flow" value="2" />
  <attribute name="GC Util Range Max" value="93" />
  <attribute name="Current GC Util" value="129" />
  <attribute name= "Current Time Running" value="1645" />
<allocation-satisfied id="372" threadId="00000000027D3B00" bytesRequested="16392" />
<af-end id="373" timestamp="2019-08-02T20:20:45.159" threadId="00000000027D4488" success="true" />
<exclusive-end id="374" timestamp="2019-08-02T20:20:45.159" durationms="4.552" />

<exclusive-start id="375" timestamp="2019-08-02T20:20:45.209" intervalms="54.334">
  <response-info timems="0.084" idlems="0.084" threads="0" lastid="00000000027CFF00" lastname="Thread-7" />
</exclusive-start>
<af-start id="376" threadId="00000000027D0888" totalBytesRequested="16" timestamp="2019-08-02T20:20:45.209" intervalms="54.234" />
<cycle-start id="377" type="global" contextid="0" timestamp="2019-08-02T20:20:45.209" intervalms="54.235" />
<gc-start id="378" type="global" contextid="377" timestamp="2019-08-02T20:20:45.209">
  <mem-info id="379" free="82944" total="8388608" percent="0">
    <mem type="tenure" free="82944" total="8388608" percent="0">
      <mem type="soa" free="0" total="8305664" percent="0" />
      <mem type="loa" free="82944" total="82944" percent="100" />
    </mem>
  </mem-info>
</gc-start>
<allocation-stats totalBytes="3533712" >
  <allocated-bytes non-tlh="1405808" tlh="2127904" />
  <largest-consumer threadName="Thread-9" threadId="00000000027D7700" bytes="899664" />
</allocation-stats>
<gc-op id="380" type="mark" timems="1.346" contextid="377" timestamp="2019-08-02T20:20:45.210">
  <trace-info objectcount="41557" scancount="33658" scanbytes="2043088" />
  <finalization candidates="25" enqueued="0" />
  <references type="soft" candidates="65" cleared="0" enqueued="0" dynamicThreshold="14" maxThreshold="32" />
  <references type="weak" candidates="279" cleared="0" enqueued="0" />
  <references type="phantom" candidates="101" cleared="0" enqueued="0" />
  <stringconstants candidates="3944" cleared="0"  />
</gc-op>
<gc-op id="381" type="sweep" timems="0.263" contextid="377" timestamp="2019-08-02T20:20:45.211" />
<gc-end id="382" type="global" contextid="377" durationms="2.270" usertimems="8.000" systemtimems="0.000" timestamp="2019-08-02T20:20:45.211" activeThreads="8">
  <mem-info id="383" free="3435624" total="8388608" percent="40">
    <mem type="tenure" free="3435624" total="8388608" percent="40" micro-fragmented="239524" macro-fragmented="0">
      <mem type="soa" free="3352680" total="8305664" percent="40" />
      <mem type="loa" free="82944" total="82944" percent="100" />
    </mem>
  </mem-info>
</gc-end>
<cycle-end id="384" type="global" contextid="377" timestamp="2019-08-02T20:20:45.211" />
  <attribute name="elasticGC enabled" value="1" />
  <attribute name= "numThreadsSpecified" value="0" />
  <attribute name="heapSize specified" value="0" />
  <attribute name= "numCores" value="8" />
  <attribute name ="GC Interval" value="0" />
  <attribute name ="Control flow" value="2" />
  <attribute name="GC Util Range Max" value="93" />
  <attribute name="Current GC Util" value="27" />
  <attribute name= "Current Time Running" value="1698" />
<allocation-satisfied id="385" threadId="00000000027CFF00" bytesRequested="16" />
<af-end id="386" timestamp="2019-08-02T20:20:45.211" threadId="00000000027D0888" success="true" />
<exclusive-end id="387" timestamp="2019-08-02T20:20:45.211" durationms="2.710" />

<exclusive-start id="388" timestamp="2019-08-02T20:20:45.242" intervalms="33.280">
  <response-info timems="0.068" idlems="0.068" threads="0" lastid="00000000027C4C00" lastname="Thread-4" />
</exclusive-start>
<af-start id="389" threadId="00000000027C5588" totalBytesRequested="48" timestamp="2019-08-02T20:20:45.242" intervalms="33.323" />
<cycle-start id="390" type="global" contextid="0" timestamp="2019-08-02T20:20:45.242" intervalms="33.326" />
<gc-start id="391" type="global" contextid="390" timestamp="2019-08-02T20:20:45.242">
  <mem-info id="392" free="82944" total="8388608" percent="0">
    <mem type="tenure" free="82944" total="8388608" percent="0">
      <mem type="soa" free="0" total="8305664" percent="0" />
      <mem type="loa" free="82944" total="82944" percent="100" />
    </mem>
  </mem-info>
</gc-start>
<allocation-stats totalBytes="3277176" >
  <allocated-bytes non-tlh="1780728" tlh="1496448" />
  <largest-consumer threadName="Thread-7" threadId="00000000027CFF00" bytes="1130608" />
</allocation-stats>
<gc-op id="393" type="mark" timems="1.335" contextid="390" timestamp="2019-08-02T20:20:45.244">
  <trace-info objectcount="41276" scancount="33472" scanbytes="2039392" />
  <finalization candidates="25" enqueued="0" />
  <references type="soft" candidates="65" cleared="0" enqueued="0" dynamicThreshold="13" maxThreshold="32" />
  <references type="weak" candidates="279" cleared="0" enqueued="0" />
  <references type="phantom" candidates="101" cleared="0" enqueued="0" />
  <stringconstants candidates="3944" cleared="0"  />
</gc-op>
<gc-op id="394" type="sweep" timems="0.280" contextid="390" timestamp="2019-08-02T20:20:45.244" />
<gc-end id="395" type="global" contextid="390" durationms="2.322" usertimems="0.000" systemtimems="4.000" timestamp="2019-08-02T20:20:45.244" activeThreads="8">
  <mem-info id="396" free="3523008" total="8388608" percent="41">
    <mem type="tenure" free="3523008" total="8388608" percent="41" micro-fragmented="279863" macro-fragmented="0">
      <mem type="soa" free="3440064" total="8305664" percent="41" />
      <mem type="loa" free="82944" total="82944" percent="100" />
    </mem>
  </mem-info>
</gc-end>
<cycle-end id="397" type="global" contextid="390" timestamp="2019-08-02T20:20:45.245" />
  <attribute name="elasticGC enabled" value="1" />
  <attribute name= "numThreadsSpecified" value="0" />
  <attribute name="heapSize specified" value="0" />
  <attribute name= "numCores" value="8" />
  <attribute name ="GC Interval" value="0" />
  <attribute name ="Control flow" value="2" />
  <attribute name="GC Util Range Max" value="93" />
  <attribute name="Current GC Util" value="28" />
  <attribute name= "Current Time Running" value="1731" />
<allocation-satisfied id="398" threadId="00000000027C4C00" bytesRequested="48" />
<af-end id="399" timestamp="2019-08-02T20:20:45.245" threadId="00000000027C5588" success="true" />
<exclusive-end id="400" timestamp="2019-08-02T20:20:45.245" durationms="3.010" />

<exclusive-start id="401" timestamp="2019-08-02T20:20:45.293" intervalms="51.101">
  <response-info timems="0.059" idlems="0.059" threads="0" lastid="00000000027C4C00" lastname="Thread-4" />
</exclusive-start>
<af-start id="402" threadId="00000000027C5588" totalBytesRequested="48" timestamp="2019-08-02T20:20:45.293" intervalms="51.097" />
<cycle-start id="403" type="global" contextid="0" timestamp="2019-08-02T20:20:45.293" intervalms="51.094" />
<gc-start id="404" type="global" contextid="403" timestamp="2019-08-02T20:20:45.293">
  <mem-info id="405" free="82944" total="8388608" percent="0">
    <mem type="tenure" free="82944" total="8388608" percent="0">
      <mem type="soa" free="0" total="8305664" percent="0" />
      <mem type="loa" free="82944" total="82944" percent="100" />
    </mem>
  </mem-info>
</gc-start>
<allocation-stats totalBytes="3377576" >
  <allocated-bytes non-tlh="1422144" tlh="1955432" />
  <largest-consumer threadName="Thread-5" threadId="00000000027C8800" bytes="822832" />
</allocation-stats>
<gc-op id="406" type="mark" timems="1.458" contextid="403" timestamp="2019-08-02T20:20:45.295">
  <trace-info objectcount="41678" scancount="33808" scanbytes="2046564" />
  <finalization candidates="25" enqueued="0" />
  <references type="soft" candidates="65" cleared="0" enqueued="0" dynamicThreshold="13" maxThreshold="32" />
  <references type="weak" candidates="279" cleared="0" enqueued="0" />
  <references type="phantom" candidates="101" cleared="0" enqueued="0" />
  <stringconstants candidates="3944" cleared="0"  />
</gc-op>
<gc-op id="407" type="sweep" timems="0.286" contextid="403" timestamp="2019-08-02T20:20:45.295" />
<gc-end id="408" type="global" contextid="403" durationms="2.461" usertimems="4.000" systemtimems="0.000" timestamp="2019-08-02T20:20:45.296" activeThreads="8">
  <mem-info id="409" free="3423720" total="8388608" percent="40">
    <mem type="tenure" free="3423720" total="8388608" percent="40" micro-fragmented="180100" macro-fragmented="0">
      <mem type="soa" free="3340776" total="8305664" percent="40" />
      <mem type="loa" free="82944" total="82944" percent="100" />
    </mem>
  </mem-info>
</gc-end>
<cycle-end id="410" type="global" contextid="403" timestamp="2019-08-02T20:20:45.296" />
  <attribute name="elasticGC enabled" value="1" />
  <attribute name= "numThreadsSpecified" value="0" />
  <attribute name="heapSize specified" value="0" />
  <attribute name= "numCores" value="8" />
  <attribute name ="GC Interval" value="0" />
  <attribute name ="Control flow" value="2" />
  <attribute name="GC Util Range Max" value="93" />
  <attribute name="Current GC Util" value="25" />
  <attribute name= "Current Time Running" value="1783" />
<allocation-satisfied id="411" threadId="00000000027C4C00" bytesRequested="48" />
<af-end id="412" timestamp="2019-08-02T20:20:45.296" threadId="00000000027C5588" success="true" />
<exclusive-end id="413" timestamp="2019-08-02T20:20:45.296" durationms="3.084" />

<exclusive-start id="414" timestamp="2019-08-02T20:20:45.376" intervalms="83.195">
  <response-info timems="0.057" idlems="0.057" threads="0" lastid="00000000027D3B00" lastname="Thread-8" />
</exclusive-start>
<af-start id="415" threadId="00000000027D4488" totalBytesRequested="16" timestamp="2019-08-02T20:20:45.376" intervalms="83.315" />
<cycle-start id="416" type="global" contextid="0" timestamp="2019-08-02T20:20:45.376" intervalms="83.317" />
<gc-start id="417" type="global" contextid="416" timestamp="2019-08-02T20:20:45.377">
  <mem-info id="418" free="82944" total="8388608" percent="0">
    <mem type="tenure" free="82944" total="8388608" percent="0">
      <mem type="soa" free="0" total="8305664" percent="0" />
      <mem type="loa" free="82944" total="82944" percent="100" />
    </mem>
  </mem-info>
</gc-start>
<allocation-stats totalBytes="3288232" >
  <allocated-bytes non-tlh="1266424" tlh="2021808" />
  <largest-consumer threadName="Thread-5" threadId="00000000027C8800" bytes="882528" />
</allocation-stats>
<gc-op id="419" type="mark" timems="2.300" contextid="416" timestamp="2019-08-02T20:20:45.379">
  <trace-info objectcount="41518" scancount="33624" scanbytes="2043912" />
  <finalization candidates="25" enqueued="0" />
  <references type="soft" candidates="65" cleared="0" enqueued="0" dynamicThreshold="13" maxThreshold="32" />
  <references type="weak" candidates="279" cleared="0" enqueued="0" />
  <references type="phantom" candidates="101" cleared="0" enqueued="0" />
  <stringconstants candidates="3944" cleared="0"  />
</gc-op>
<gc-op id="420" type="sweep" timems="0.606" contextid="416" timestamp="2019-08-02T20:20:45.380" />
<gc-end id="421" type="global" contextid="416" durationms="3.927" usertimems="4.000" systemtimems="0.000" timestamp="2019-08-02T20:20:45.380" activeThreads="8">
  <mem-info id="422" free="3440848" total="8388608" percent="41">
    <mem type="tenure" free="3440848" total="8388608" percent="41" micro-fragmented="228118" macro-fragmented="0">
      <mem type="soa" free="3357904" total="8305664" percent="40" />
      <mem type="loa" free="82944" total="82944" percent="100" />
    </mem>
  </mem-info>
</gc-end>
<cycle-end id="423" type="global" contextid="416" timestamp="2019-08-02T20:20:45.381" />
  <attribute name="elasticGC enabled" value="1" />
  <attribute name= "numThreadsSpecified" value="0" />
  <attribute name="heapSize specified" value="0" />
  <attribute name= "numCores" value="8" />
  <attribute name ="GC Interval" value="0" />
  <attribute name ="Control flow" value="2" />
  <attribute name="GC Util Range Max" value="93" />
  <attribute name="Current GC Util" value="106" />
  <attribute name= "Current Time Running" value="1867" />
<allocation-satisfied id="424" threadId="00000000027D3B00" bytesRequested="16" />
<af-end id="425" timestamp="2019-08-02T20:20:45.381" threadId="00000000027D4488" success="true" />
<exclusive-end id="426" timestamp="2019-08-02T20:20:45.381" durationms="4.675" />

<exclusive-start id="427" timestamp="2019-08-02T20:20:45.441" intervalms="64.431">
  <response-info timems="0.154" idlems="0.085" threads="1" lastid="00000000027CC300" lastname="Thread-6" />
</exclusive-start>
<af-start id="428" threadId="00000000027C1988" totalBytesRequested="48" timestamp="2019-08-02T20:20:45.441" intervalms="64.275" />
<cycle-start id="429" type="global" contextid="0" timestamp="2019-08-02T20:20:45.441" intervalms="64.271" />
<gc-start id="430" type="global" contextid="429" timestamp="2019-08-02T20:20:45.441">
  <mem-info id="431" free="82944" total="8388608" percent="0">
    <mem type="tenure" free="82944" total="8388608" percent="0">
      <mem type="soa" free="0" total="8305664" percent="0" />
      <mem type="loa" free="82944" total="82944" percent="100" />
    </mem>
  </mem-info>
</gc-start>
<allocation-stats totalBytes="3292096" >
  <allocated-bytes non-tlh="1329952" tlh="1962144" />
  <largest-consumer threadName="Thread-3" threadId="00000000027C1000" bytes="1074192" />
</allocation-stats>
<gc-op id="432" type="mark" timems="2.542" contextid="429" timestamp="2019-08-02T20:20:45.443">
  <trace-info objectcount="36511" scancount="29493" scanbytes="1470584" />
  <finalization candidates="25" enqueued="0" />
  <references type="soft" candidates="60" cleared="0" enqueued="0" dynamicThreshold="13" maxThreshold="32" />
  <references type="weak" candidates="259" cleared="0" enqueued="0" />
  <references type="phantom" candidates="101" cleared="7" enqueued="7" />
  <stringconstants candidates="3944" cleared="0"  />
</gc-op>
<gc-op id="433" type="sweep" timems="0.999" contextid="429" timestamp="2019-08-02T20:20:45.445" />
<gc-end id="434" type="global" contextid="429" durationms="4.982" usertimems="16.000" systemtimems="0.000" timestamp="2019-08-02T20:20:45.446" activeThreads="8">
  <mem-info id="435" free="4884872" total="8388608" percent="58">
    <mem type="tenure" free="4884872" total="8388608" percent="58" micro-fragmented="200596" macro-fragmented="0">
      <mem type="soa" free="4801928" total="8305664" percent="57" />
      <mem type="loa" free="82944" total="82944" percent="100" />
    </mem>
    <pending-finalizers system="0" default="0" reference="7" classloader="0" />
  </mem-info>
</gc-end>
<cycle-end id="436" type="global" contextid="429" timestamp="2019-08-02T20:20:45.446" />
  <attribute name="elasticGC enabled" value="1" />
  <attribute name= "numThreadsSpecified" value="0" />
  <attribute name="heapSize specified" value="0" />
  <attribute name= "numCores" value="8" />
  <attribute name ="GC Interval" value="0" />
  <attribute name ="Control flow" value="2" />
  <attribute name="GC Util Range Max" value="93" />
  <attribute name="Current GC Util" value="137" />
  <attribute name= "Current Time Running" value="1932" />
<allocation-satisfied id="437" threadId="00000000027C1000" bytesRequested="48" />
<af-end id="438" timestamp="2019-08-02T20:20:45.446" threadId="00000000027C1988" success="true" />
<exclusive-end id="439" timestamp="2019-08-02T20:20:45.446" durationms="5.774" />

</verbosegc>

