<?xml version="1.0" ?>

<verbosegc xmlns="http://www.ibm.com/j9/verbosegc" version="10b4217_CMPRSS">

<initialized id="1" timestamp="2019-06-16T01:49:26.780">
  <attribute name="gcPolicy" value="-Xgcpolicy:balanced" />
  <attribute name="elasticGC enabled" value="1" />
  <attribute name= "numThreadsSpecified" value="0" />
  <attribute name="heapSize specified" value="0" />
  <attribute name="Current GC Util" value="0" />
  <attribute name= "Current Time Running" value="0" />
  <attribute name ="GC Interval" value="0" />
  <attribute name="ProportionalT" value="0.000000" />
  <attribute name="ProportionalI" value="0.000000" />
  <attribute name="ProportionalH" value="0.000000" />
  <attribute name="IntegralT" value="0.000000" />
  <attribute name="IntegralI" value="0.000000" />
  <attribute name="IntegralH" value="0.000000" />
  <attribute name="DerivativeT" value="0.000000" />
  <attribute name="DerivativeI" value="0.000000" />
  <attribute name="DerivativeH" value="0.000000" />
  <attribute name="Target GC Util Change" value ="0.000000" />
  <attribute name="Current GC Util Change" value="0.000000"/>
  <attribute name="Current Error" value="0.000000" />
  <attribute name="Loop Time for DT" value="0.000000" />
  <attribute name="Output H" value="0"/>
  <attribute name="Output I" value="0"/>
  <attribute name="Output T" value="0"/>
  <attribute name="GC Util currently" value="0" />
  <attribute name="CPU Util currently" value="0" />
  <attribute name="maxHeapSize" value="0x7cb00000" />
  <attribute name="initialHeapSize" value="0x800000" />
  <attribute name="compressedRefs" value="true" />
  <attribute name="compressedRefsDisplacement" value="0x0" />
  <attribute name="compressedRefsShift" value="0x0" />
  <attribute name="pageSize" value="0x1000" />
  <attribute name="pageType" value="not used" />
  <attribute name="requestedPageSize" value="0x1000" />
  <attribute name="requestedPageType" value="not used" />
  <attribute name="gcthreads" value="4" />
  <attribute name="packetListSplit" value="4" />
  <attribute name="cacheListSplit" value="4" />
  <attribute name="splitFreeListSplitAmount" value="1" />
  <attribute name="numaNodes" value="0" />
  <region>
    <attribute name="regionSize" value="1048576" />
    <attribute name="regionCount" value="1995" />
    <attribute name="arrayletLeafSize" value="1048576" />
  </region>
  <system>
    <attribute name="physicalMemory" value="8370958336" />
    <attribute name="numCPUs" value="4" />
    <attribute name="architecture" value="amd64" />
    <attribute name="os" value="Linux" />
    <attribute name="osVersion" value="4.4.0-150-generic" />
  </system>
  <vmargs>
    <vmarg name="-Xoptionsfile=/vagrant/jdk/lib/options.default" />
    <vmarg name="-Xlockword:mode=default,noLockword=java/lang/String,noLockword=java/util/MapEntry,noLockword=java/util/HashMap$Entry,noLockword..." />
    <vmarg name="-Xjcl:jclse29" />
    <vmarg name="-Dcom.ibm.oti.vm.bootstrap.library.path=/vagrant/jdk/lib/compressedrefs:/vagrant/jdk/lib" />
    <vmarg name="-Dsun.boot.library.path=/vagrant/jdk/lib/compressedrefs:/vagrant/jdk/lib" />
    <vmarg name="-Djava.library.path=/vagrant/jdk/lib/compressedrefs:/vagrant/jdk/lib:/usr/lib64:/usr/lib" />
    <vmarg name="-Djava.home=/vagrant/jdk" />
    <vmarg name="-Duser.dir=/vagrant" />
    <vmarg name="-Xgcpolicy:balanced" />
    <vmarg name="-Xgcelastic" />
    <vmarg name="-Xcheck:gc:::elasticGC" />
    <vmarg name="-verbose:gc" />
    <vmarg name="-Xloggc:jdk1.5-1-1-default-BAL-4CORE-elasticverbose14pmd.txt" />
    <vmarg name="-Djava.class.path=dacapo-9.12-MR1-bach.jar" />
    <vmarg name="-Dsun.java.command=dacapo-9.12-MR1-bach.jar pmd --size=default" />
    <vmarg name="-Dsun.java.launcher=SUN_STANDARD" />
    <vmarg name="-Dsun.java.launcher.pid=19386" />
  </vmargs>
</initialized>

<exclusive-start id="2" timestamp="2019-06-16T01:49:39.625" intervalms="12844.364">
  <response-info timems="0.055" idlems="0.055" threads="0" lastid="0000000000E39700" lastname="main" />
</exclusive-start>
<allocation-taxation id="3" taxation-threshold="8388608" timestamp="2019-06-16T01:49:39.625" intervalms="12844.813" />
<cycle-start id="4" type="partial gc" contextid="0" timestamp="2019-06-16T01:49:39.626" intervalms="12845.476" />
<gc-start id="5" type="partial gc" contextid="4" timestamp="2019-06-16T01:49:39.626">
  <mem-info id="6" free="0" total="8388608" percent="0">
    <mem type="eden" free="80" total="8388608" percent="0" />
    <remembered-set count="0" freebytes="334848" totalbytes="334848" percent="100" regionsoverflowed="0" regionsstable="0" regionsrebuilding="0"/>
  </mem-info>
</gc-start>
<allocation-stats totalBytes="8345400" >
  <allocated-bytes non-tlh="449560" tlh="7895840" arrayletleaf="0"/>
  <largest-consumer threadName="main" threadId="0000000000E39700" bytes="8271752" />
</allocation-stats>
<gc-op id="7" type="mark" timems="2.854" contextid="4" timestamp="2019-06-16T01:49:39.630">
  <trace-info objectcount="20648" scancount="16383" scanbytes="542428" />
  <remembered-set-cleared processed="0" cleared="0" durationms="0.100" />
  <finalization candidates="46" enqueued="1" />
  <ownableSynchronizers candidates="4" cleared="3" />
  <references type="soft" candidates="66" cleared="0" enqueued="0" dynamicThreshold="32" maxThreshold="32" />
  <references type="weak" candidates="911" cleared="529" enqueued="452" />
  <references type="phantom" candidates="125" cleared="44" enqueued="44" />
  <stringconstants candidates="2485" cleared="0"  />
  <warning details="Mark for calibration purposes" />
</gc-op>
<gc-op id="8" type="classunload" timems="0.046" contextid="4" timestamp="2019-06-16T01:49:39.630">
  <classunload-info classloadercandidates="6" classloadersunloaded="0" classesunloaded="0" anonymousclassesunloaded="0" quiescems="0.000" setupms="0.046" scanms="0.000" postms="0.000" />
</gc-op>
<gc-op id="9" type="sweep" timems="2.551" contextid="4" timestamp="2019-06-16T01:49:39.633" />
<gc-op id="10" type="compact" timems="9.313" contextid="4" timestamp="2019-06-16T01:49:39.643">
  <compact-info movecount="20648" movebytes="1334432" />
  <remembered-set-cleared processed="0" cleared="0" durationms="0.100" />
</gc-op>
<gc-end id="11" type="partial gc" contextid="4" durationms="17.999" usertimems="0.000" systemtimems="16.000" timestamp="2019-06-16T01:49:39.644" activeThreads="4">
  <mem-info id="12" free="6291456" total="8388608" percent="75">
    <mem type="eden" free="746784" total="2097152" percent="35" />
    <pending-finalizers system="1" default="0" reference="496" classloader="0" />
    <remembered-set count="1024" freebytes="330752" totalbytes="334848" percent="98" regionsoverflowed="0" regionsstable="0" regionsrebuilding="0"/>
  </mem-info>
</gc-end>
<cycle-end id="13" type="partial gc" contextid="4" timestamp="2019-06-16T01:49:39.644" />
  <attribute name="elasticGC enabled" value="1" />
  <attribute name= "numThreadsSpecified" value="4" />
  <attribute name="heapSize specified" value="0" />
  <attribute name="Current GC Util" value="55" />
  <attribute name= "Current Time Running" value="12705" />
  <attribute name ="GC Interval" value="0" />
  <attribute name="ProportionalT" value="52.500000" />
  <attribute name="ProportionalI" value="52.500000" />
  <attribute name="ProportionalH" value="52.500000" />
  <attribute name="Current Error" value="35.000000" />
  <attribute name="IntegralT" value="-253935.000000" />
  <attribute name="IntegralI" value="-253935.000000" />
  <attribute name="IntegralH" value="-253935.000000" />
  <attribute name="DerivativeT" value="11.666667" />
  <attribute name="DerivativeI" value="11.666667" />
  <attribute name="DerivativeH" value="11.666667" />
  <attribute name="Loop Time for DT" value="3.000000" />
  <attribute name="Output H" value="2091843584"/>
  <attribute name="Output I" value="200"/>
  <attribute name="Output T" value="4"/>
  <attribute name="Target GC Util Change" value ="20.000000" />
  <attribute name="Current GC Util Change" value="55.000000"/>
  <attribute name="GC Util currently" value="55" />
  <attribute name="CPU Util currently" value="58" />
<exclusive-end id="14" timestamp="2019-06-16T01:49:39.645" durationms="19.887" />

<exclusive-start id="15" timestamp="2019-06-16T01:49:39.646" intervalms="21.468">
  <response-info timems="0.027" idlems="0.027" threads="0" lastid="0000000000E39700" lastname="main" />
</exclusive-start>
<allocation-taxation id="16" taxation-threshold="6291456" timestamp="2019-06-16T01:49:39.646" intervalms="21.159" />
<cycle-start id="17" type="partial gc" contextid="0" timestamp="2019-06-16T01:49:39.646" intervalms="20.640" />
<gc-start id="18" type="partial gc" contextid="17" timestamp="2019-06-16T01:49:39.647">
  <mem-info id="19" free="0" total="8388608" percent="0">
    <mem type="eden" free="0" total="6291456" percent="0" />
    <remembered-set count="576" freebytes="332544" totalbytes="334848" percent="99" regionsoverflowed="0" regionsstable="0" regionsrebuilding="0"/>
  </mem-info>
</gc-start>
<allocation-stats totalBytes="5789184" >
  <allocated-bytes non-tlh="88" tlh="5789096" arrayletleaf="0"/>
  <largest-consumer threadName="main" threadId="0000000000E39700" bytes="5773112" />
</allocation-stats>
<gc-op id="20" type="mark" timems="5.722" contextid="17" timestamp="2019-06-16T01:49:39.653">
  <trace-info objectcount="19738" scancount="15616" scanbytes="527564" />
  <remembered-set-cleared processed="0" cleared="0" durationms="0.049" />
  <finalization candidates="45" enqueued="0" />
  <ownableSynchronizers candidates="1" cleared="0" />
  <references type="soft" candidates="66" cleared="0" enqueued="0" dynamicThreshold="24" maxThreshold="32" />
  <references type="weak" candidates="382" cleared="0" enqueued="0" />
  <references type="phantom" candidates="80" cleared="0" enqueued="0" />
  <stringconstants candidates="2485" cleared="0"  />
  <warning details="Mark invoked due to insufficient free space for Copy-Forward" />
</gc-op>
<gc-op id="21" type="classunload" timems="0.001" contextid="17" timestamp="2019-06-16T01:49:39.653">
  <classunload-info classloadercandidates="6" classloadersunloaded="0" classesunloaded="0" anonymousclassesunloaded="0" quiescems="0.000" setupms="0.001" scanms="0.000" postms="0.000" />
</gc-op>
<gc-op id="22" type="sweep" timems="2.027" contextid="17" timestamp="2019-06-16T01:49:39.656" />
<gc-op id="23" type="compact" timems="5.769" contextid="17" timestamp="2019-06-16T01:49:39.662">
  <compact-info movecount="19738" movebytes="1235584" />
  <remembered-set-cleared processed="0" cleared="0" durationms="0.049" />
</gc-op>
<gc-end id="24" type="partial gc" contextid="17" durationms="15.523" usertimems="16.000" systemtimems="0.000" timestamp="2019-06-16T01:49:39.662" activeThreads="4">
  <mem-info id="25" free="5242880" total="8388608" percent="62">
    <mem type="eden" free="1027464" total="1048576" percent="97" />
    <remembered-set count="1024" freebytes="330752" totalbytes="334848" percent="98" regionsoverflowed="0" regionsstable="0" regionsrebuilding="0"/>
  </mem-info>
</gc-end>
<cycle-end id="26" type="partial gc" contextid="17" timestamp="2019-06-16T01:49:39.662" />
  <attribute name="elasticGC enabled" value="1" />
  <attribute name= "numThreadsSpecified" value="4" />
  <attribute name="heapSize specified" value="0" />
  <attribute name="Current GC Util" value="65" />
  <attribute name= "Current Time Running" value="12727" />
  <attribute name ="GC Interval" value="0" />
  <attribute name="ProportionalT" value="67.500000" />
  <attribute name="ProportionalI" value="67.500000" />
  <attribute name="ProportionalH" value="67.500000" />
  <attribute name="Current Error" value="45.000000" />
  <attribute name="IntegralT" value="90.000000" />
  <attribute name="IntegralI" value="90.000000" />
  <attribute name="IntegralH" value="90.000000" />
  <attribute name="DerivativeT" value="-11.500000" />
  <attribute name="DerivativeI" value="-11.500000" />
  <attribute name="DerivativeH" value="-11.500000" />
  <attribute name="Loop Time for DT" value="2.000000" />
  <attribute name="Output H" value="8388608"/>
  <attribute name="Output I" value="200"/>
  <attribute name="Output T" value="4"/>
  <attribute name="Target GC Util Change" value ="20.000000" />
  <attribute name="Current GC Util Change" value="65.000000"/>
  <attribute name="GC Util currently" value="65" />
  <attribute name="CPU Util currently" value="1872751445919" />
<exclusive-end id="27" timestamp="2019-06-16T01:49:39.663" durationms="16.456" />

<exclusive-start id="28" timestamp="2019-06-16T01:49:39.663" intervalms="16.964">
  <response-info timems="0.017" idlems="0.017" threads="0" lastid="0000000000E39700" lastname="main" />
</exclusive-start>
<allocation-taxation id="29" taxation-threshold="2097152" timestamp="2019-06-16T01:49:39.663" intervalms="17.008" />
<cycle-start id="30" type="global mark phase" contextid="0" timestamp="2019-06-16T01:49:39.664" intervalms="12883.386" />
<gc-start id="31" type="global mark phase" contextid="30" timestamp="2019-06-16T01:49:39.664">
  <mem-info id="32" free="3145728" total="8388608" percent="37">
    <remembered-set count="576" freebytes="332544" totalbytes="334848" percent="99" regionsoverflowed="0" regionsstable="0" regionsrebuilding="0"/>
  </mem-info>
</gc-start>
<gc-op id="33" type="mark increment" timems="2.295" contextid="30" timestamp="2019-06-16T01:49:39.666">
  <trace-info objectcount="87" scancount="0" scanbytes="0" />
</gc-op>
<gc-end id="34" type="global mark phase" contextid="30" durationms="2.432" usertimems="0.000" systemtimems="0.000" timestamp="2019-06-16T01:49:39.666" activeThreads="4">
  <mem-info id="35" free="3145728" total="8388608" percent="37">
    <remembered-set count="576" freebytes="332544" totalbytes="334848" percent="99" regionsoverflowed="0" regionsstable="0" regionsrebuilding="0"/>
  </mem-info>
</gc-end>
<concurrent-start id="36" type="GMP work packet processing" contextid="30" timestamp="2019-06-16T01:49:39.666">
  <concurrent-mark-start scanTarget="18446744073709551615" />
</concurrent-start>
<exclusive-end id="37" timestamp="2019-06-16T01:49:39.666" durationms="3.289" />

<exclusive-start id="38" timestamp="2019-06-16T01:49:39.667" intervalms="3.760">
  <response-info timems="0.087" idlems="0.087" threads="0" lastid="0000000000E39700" lastname="main" />
</exclusive-start>
<allocation-taxation id="39" taxation-threshold="2097152" timestamp="2019-06-16T01:49:39.667" intervalms="3.686" />
<concurrent-end id="40" type="GMP work packet processing" contextid="30" timestamp="2019-06-16T01:49:39.667">
  <concurrent-mark-end bytesScanned="28216" reasonForTermination="Termination requested" />
</concurrent-end>

<cycle-start id="41" type="partial gc" contextid="0" timestamp="2019-06-16T01:49:39.667" intervalms="20.798" />
<gc-start id="42" type="partial gc" contextid="41" timestamp="2019-06-16T01:49:39.667">
  <mem-info id="43" free="1048576" total="8388608" percent="12">
    <mem type="eden" free="0" total="4194304" percent="0" />
    <remembered-set count="576" freebytes="332544" totalbytes="334848" percent="99" regionsoverflowed="0" regionsstable="0" regionsrebuilding="0"/>
  </mem-info>
</gc-start>
<allocation-stats totalBytes="3648472" >
  <allocated-bytes non-tlh="0" tlh="3648472" arrayletleaf="0"/>
  <largest-consumer threadName="main" threadId="0000000000E39700" bytes="1848568" />
</allocation-stats>
<gc-op id="44" type="copy forward" timems="3.242" contextid="41" timestamp="2019-06-16T01:49:39.671">
  <memory-copied type="eden" objects="2" bytes="18176" bytesdiscarded="0" />
  <memory-copied type="other" objects="20" bytes="6120" bytesdiscarded="0" />
  <memory-cardclean objects="13" bytes="488" />
  <regions eden="4" other="1" />
  <remembered-set-cleared processed="58" cleared="12" durationms="0.046" />
  <stringconstants candidates="2485" cleared="0"  />
  <heap-resize type="expand" space="default" amount="1048576" count="1" timems="0.224" reason="continue current collection" />
</gc-op>
<gc-op id="45" type="classunload" timems="0.001" contextid="41" timestamp="2019-06-16T01:49:39.672">
  <classunload-info classloadercandidates="6" classloadersunloaded="0" classesunloaded="0" anonymousclassesunloaded="0" quiescems="0.000" setupms="0.001" scanms="0.000" postms="0.000" />
</gc-op>
<heap-resize id="46" type="expand" space="default" amount="1048576" count="1" timems="0.051" reason="excessive time being spent in gc" timestamp="2019-06-16T01:49:39.672" />
<gc-end id="47" type="partial gc" contextid="41" durationms="4.515" usertimems="4.000" systemtimems="0.000" timestamp="2019-06-16T01:49:39.672" activeThreads="4">
  <mem-info id="48" free="6291456" total="10485760" percent="60">
    <mem type="eden" free="1030400" total="1048576" percent="98" />
    <remembered-set count="1600" freebytes="412160" totalbytes="418560" percent="98" regionsoverflowed="0" regionsstable="0" regionsrebuilding="0"/>
  </mem-info>
</gc-end>
<cycle-end id="49" type="partial gc" contextid="41" timestamp="2019-06-16T01:49:39.672" />
  <attribute name="elasticGC enabled" value="1" />
  <attribute name= "numThreadsSpecified" value="4" />
  <attribute name="heapSize specified" value="0" />
  <attribute name="Current GC Util" value="0" />
  <attribute name= "Current Time Running" value="12739" />
  <attribute name ="GC Interval" value="0" />
  <attribute name="ProportionalT" value="-30.000000" />
  <attribute name="ProportionalI" value="-30.000000" />
  <attribute name="ProportionalH" value="-30.000000" />
  <attribute name="Current Error" value="-20.000000" />
  <attribute name="IntegralT" value="-20.000000" />
  <attribute name="IntegralI" value="-20.000000" />
  <attribute name="IntegralH" value="-20.000000" />
  <attribute name="DerivativeT" value="-45.000000" />
  <attribute name="DerivativeI" value="-45.000000" />
  <attribute name="DerivativeH" value="-45.000000" />
  <attribute name="Loop Time for DT" value="1.000000" />
  <attribute name="Output H" value="2091843584"/>
  <attribute name="Output I" value="200"/>
  <attribute name="Output T" value="4"/>
  <attribute name="Target GC Util Change" value ="20.000000" />
  <attribute name="Current GC Util Change" value="0.000000"/>
  <attribute name="GC Util currently" value="0" />
  <attribute name="CPU Util currently" value="6693925150663" />
<concurrent-start id="50" type="GMP work packet processing" contextid="30" timestamp="2019-06-16T01:49:39.672">
  <concurrent-mark-start scanTarget="18446744073709523399" />
</concurrent-start>
<exclusive-end id="51" timestamp="2019-06-16T01:49:39.672" durationms="5.214" />

<exclusive-start id="52" timestamp="2019-06-16T01:49:39.673" intervalms="5.751">
  <response-info timems="0.016" idlems="0.016" threads="0" lastid="0000000000E39700" lastname="main" />
</exclusive-start>
<allocation-taxation id="53" taxation-threshold="3145728" timestamp="2019-06-16T01:49:39.673" intervalms="5.696" />
<concurrent-end id="54" type="GMP work packet processing" contextid="30" timestamp="2019-06-16T01:49:39.673">
  <concurrent-mark-end bytesScanned="41232" reasonForTermination="Termination requested" />
</concurrent-end>

<gc-start id="55" type="global mark phase" contextid="30" timestamp="2019-06-16T01:49:39.674">
  <mem-info id="56" free="3145728" total="10485760" percent="30">
    <remembered-set count="1600" freebytes="412160" totalbytes="418560" percent="98" regionsoverflowed="0" regionsstable="0" regionsrebuilding="0"/>
  </mem-info>
</gc-start>
<gc-op id="57" type="mark increment" timems="0.585" contextid="30" timestamp="2019-06-16T01:49:39.674">
  <trace-info objectcount="0" scancount="0" scanbytes="0" />
</gc-op>
<gc-end id="58" type="global mark phase" contextid="30" durationms="0.790" usertimems="0.000" systemtimems="0.000" timestamp="2019-06-16T01:49:39.674" activeThreads="4">
  <mem-info id="59" free="3145728" total="10485760" percent="30">
    <remembered-set count="1600" freebytes="412160" totalbytes="418560" percent="98" regionsoverflowed="0" regionsstable="0" regionsrebuilding="0"/>
  </mem-info>
</gc-end>
<concurrent-start id="60" type="GMP work packet processing" contextid="30" timestamp="2019-06-16T01:49:39.674">
  <concurrent-mark-start scanTarget="18446744073709551615" />
</concurrent-start>
<exclusive-end id="61" timestamp="2019-06-16T01:49:39.675" durationms="2.017" />

<exclusive-start id="62" timestamp="2019-06-16T01:49:39.676" intervalms="2.891">
  <response-info timems="0.018" idlems="0.018" threads="0" lastid="0000000000E39700" lastname="main" />
</exclusive-start>
<allocation-taxation id="63" taxation-threshold="3145728" timestamp="2019-06-16T01:49:39.676" intervalms="2.950" />
<concurrent-end id="64" type="GMP work packet processing" contextid="30" timestamp="2019-06-16T01:49:39.676">
  <concurrent-mark-end bytesScanned="275240" reasonForTermination="Termination requested" />
</concurrent-end>

<cycle-start id="65" type="partial gc" contextid="0" timestamp="2019-06-16T01:49:39.676" intervalms="8.632" />
<gc-start id="66" type="partial gc" contextid="65" timestamp="2019-06-16T01:49:39.676">
  <mem-info id="67" free="0" total="10485760" percent="0">
    <mem type="eden" free="1030400" total="7340032" percent="14" />
    <remembered-set count="1600" freebytes="412160" totalbytes="418560" percent="98" regionsoverflowed="0" regionsstable="0" regionsrebuilding="0"/>
  </mem-info>
</gc-start>
<allocation-stats totalBytes="5662760" >
  <allocated-bytes non-tlh="0" tlh="5662760" arrayletleaf="0"/>
  <largest-consumer threadName="main" threadId="0000000000E39700" bytes="2850280" />
</allocation-stats>
<gc-op id="68" type="mark" timems="3.107" contextid="65" timestamp="2019-06-16T01:49:39.680">
  <trace-info objectcount="2" scancount="1" scanbytes="24" />
  <remembered-set-cleared processed="70" cleared="0" durationms="0.047" />
  <stringconstants candidates="2485" cleared="0"  />
  <warning details="Mark invoked due to insufficient free space for Copy-Forward" />
</gc-op>
<gc-op id="69" type="classunload" timems="0.002" contextid="65" timestamp="2019-06-16T01:49:39.680">
  <classunload-info classloadercandidates="6" classloadersunloaded="0" classesunloaded="0" anonymousclassesunloaded="0" quiescems="0.000" setupms="0.001" scanms="0.000" postms="0.000" />
</gc-op>
<gc-op id="70" type="sweep" timems="1.264" contextid="65" timestamp="2019-06-16T01:49:39.681" />
<gc-op id="71" type="compact" timems="1.964" contextid="65" timestamp="2019-06-16T01:49:39.684">
  <compact-info movecount="2" movebytes="22168" />
  <remembered-set-cleared processed="140" cleared="0" durationms="0.047" />
</gc-op>
<gc-end id="72" type="partial gc" contextid="65" durationms="7.818" usertimems="0.000" systemtimems="8.000" timestamp="2019-06-16T01:49:39.684" activeThreads="4">
  <mem-info id="73" free="6291456" total="10485760" percent="60">
    <mem type="eden" free="1026408" total="1048576" percent="97" />
    <remembered-set count="704" freebytes="415744" totalbytes="418560" percent="99" regionsoverflowed="0" regionsstable="0" regionsrebuilding="0"/>
  </mem-info>
</gc-end>
<cycle-end id="74" type="partial gc" contextid="65" timestamp="2019-06-16T01:49:39.684" />
  <attribute name="elasticGC enabled" value="1" />
  <attribute name= "numThreadsSpecified" value="4" />
  <attribute name="heapSize specified" value="0" />
  <attribute name="Current GC Util" value="75" />
  <attribute name= "Current Time Running" value="12752" />
  <attribute name ="GC Interval" value="0" />
  <attribute name="ProportionalT" value="82.500000" />
  <attribute name="ProportionalI" value="82.500000" />
  <attribute name="ProportionalH" value="82.500000" />
  <attribute name="Current Error" value="55.000000" />
  <attribute name="IntegralT" value="55.000000" />
  <attribute name="IntegralI" value="55.000000" />
  <attribute name="IntegralH" value="55.000000" />
  <attribute name="DerivativeT" value="-7.000000" />
  <attribute name="DerivativeI" value="-7.000000" />
  <attribute name="DerivativeH" value="-7.000000" />
  <attribute name="Loop Time for DT" value="1.000000" />
  <attribute name="Output H" value="8388608"/>
  <attribute name="Output I" value="200"/>
  <attribute name="Output T" value="4"/>
  <attribute name="Target GC Util Change" value ="20.000000" />
  <attribute name="Current GC Util Change" value="75.000000"/>
  <attribute name="GC Util currently" value="75" />
  <attribute name="CPU Util currently" value="3246285395034" />
<concurrent-start id="75" type="GMP work packet processing" contextid="30" timestamp="2019-06-16T01:49:39.684">
  <concurrent-mark-start scanTarget="18446744073709276375" />
</concurrent-start>
<exclusive-end id="76" timestamp="2019-06-16T01:49:39.684" durationms="8.770" />

<exclusive-start id="77" timestamp="2019-06-16T01:49:39.685" intervalms="9.385">
  <response-info timems="0.017" idlems="0.017" threads="0" lastid="0000000000E39700" lastname="main" />
</exclusive-start>
<allocation-taxation id="78" taxation-threshold="3145728" timestamp="2019-06-16T01:49:39.685" intervalms="9.433" />
<concurrent-end id="79" type="GMP work packet processing" contextid="30" timestamp="2019-06-16T01:49:39.686">
  <concurrent-mark-end bytesScanned="152024" reasonForTermination="Termination requested" />
</concurrent-end>

<gc-start id="80" type="global mark phase" contextid="30" timestamp="2019-06-16T01:49:39.686">
  <mem-info id="81" free="3145728" total="10485760" percent="30">
    <remembered-set count="256" freebytes="417536" totalbytes="418560" percent="99" regionsoverflowed="0" regionsstable="0" regionsrebuilding="0"/>
  </mem-info>
</gc-start>
<gc-op id="82" type="mark increment" timems="2.106" contextid="30" timestamp="2019-06-16T01:49:39.688">
  <trace-info objectcount="775" scancount="1011" scanbytes="30844" />
</gc-op>
<gc-end id="83" type="global mark phase" contextid="30" durationms="2.332" usertimems="4.000" systemtimems="0.000" timestamp="2019-06-16T01:49:39.688" activeThreads="4">
  <mem-info id="84" free="3145728" total="10485760" percent="30">
    <remembered-set count="256" freebytes="417536" totalbytes="418560" percent="99" regionsoverflowed="0" regionsstable="0" regionsrebuilding="0"/>
  </mem-info>
</gc-end>
<exclusive-end id="85" timestamp="2019-06-16T01:49:39.688" durationms="3.493" />

<exclusive-start id="86" timestamp="2019-06-16T01:49:39.689" intervalms="4.097">
  <response-info timems="0.016" idlems="0.016" threads="0" lastid="0000000000E39700" lastname="main" />
</exclusive-start>
<allocation-taxation id="87" taxation-threshold="3145728" timestamp="2019-06-16T01:49:39.689" intervalms="4.052" />
<cycle-start id="88" type="partial gc" contextid="0" timestamp="2019-06-16T01:49:39.689" intervalms="13.373" />
<gc-start id="89" type="partial gc" contextid="88" timestamp="2019-06-16T01:49:39.689">
  <mem-info id="90" free="0" total="10485760" percent="0">
    <mem type="eden" free="1026408" total="7340032" percent="13" />
    <remembered-set count="256" freebytes="417536" totalbytes="418560" percent="99" regionsoverflowed="0" regionsstable="0" regionsrebuilding="0"/>
  </mem-info>
</gc-start>
<allocation-stats totalBytes="4826728" >
  <allocated-bytes non-tlh="135600" tlh="4691128" arrayletleaf="0"/>
  <largest-consumer threadName="main" threadId="0000000000E39700" bytes="2370568" />
</allocation-stats>
<gc-op id="91" type="mark" timems="2.021" contextid="88" timestamp="2019-06-16T01:49:39.692">
  <trace-info objectcount="2" scancount="1" scanbytes="24" />
  <remembered-set-cleared processed="72" cleared="0" durationms="0.048" />
  <stringconstants candidates="2485" cleared="0"  />
  <warning details="Mark invoked due to insufficient free space for Copy-Forward" />
</gc-op>
<gc-op id="92" type="classunload" timems="0.001" contextid="88" timestamp="2019-06-16T01:49:39.692">
  <classunload-info classloadercandidates="6" classloadersunloaded="0" classesunloaded="0" anonymousclassesunloaded="0" quiescems="0.000" setupms="0.001" scanms="0.000" postms="0.000" />
</gc-op>
<gc-op id="93" type="sweep" timems="0.742" contextid="88" timestamp="2019-06-16T01:49:39.693" />
<gc-op id="94" type="compact" timems="2.121" contextid="88" timestamp="2019-06-16T01:49:39.696">
  <compact-info movecount="2" movebytes="25240" />
  <remembered-set-cleared processed="144" cleared="0" durationms="0.048" />
</gc-op>
<gc-end id="95" type="partial gc" contextid="88" durationms="6.653" usertimems="4.000" systemtimems="4.000" timestamp="2019-06-16T01:49:39.696" activeThreads="4">
  <mem-info id="96" free="6291456" total="10485760" percent="60">
    <mem type="eden" free="1023336" total="1048576" percent="97" />
    <remembered-set count="256" freebytes="417536" totalbytes="418560" percent="99" regionsoverflowed="0" regionsstable="0" regionsrebuilding="0"/>
  </mem-info>
</gc-end>
<cycle-end id="97" type="partial gc" contextid="88" timestamp="2019-06-16T01:49:39.696" />
  <attribute name="elasticGC enabled" value="1" />
  <attribute name= "numThreadsSpecified" value="4" />
  <attribute name="heapSize specified" value="0" />
  <attribute name="Current GC Util" value="55" />
  <attribute name= "Current Time Running" value="12764" />
  <attribute name ="GC Interval" value="0" />
  <attribute name="ProportionalT" value="52.500000" />
  <attribute name="ProportionalI" value="52.500000" />
  <attribute name="ProportionalH" value="52.500000" />
  <attribute name="Current Error" value="35.000000" />
  <attribute name="IntegralT" value="35.000000" />
  <attribute name="IntegralI" value="35.000000" />
  <attribute name="IntegralH" value="35.000000" />
  <attribute name="DerivativeT" value="-16.000000" />
  <attribute name="DerivativeI" value="-16.000000" />
  <attribute name="DerivativeH" value="-16.000000" />
  <attribute name="Loop Time for DT" value="1.000000" />
  <attribute name="Output H" value="8388608"/>
  <attribute name="Output I" value="200"/>
  <attribute name="Output T" value="4"/>
  <attribute name="Target GC Util Change" value ="20.000000" />
  <attribute name="Current GC Util Change" value="55.000000"/>
  <attribute name="GC Util currently" value="55" />
  <attribute name="CPU Util currently" value="4625567344948" />
<exclusive-end id="98" timestamp="2019-06-16T01:49:39.696" durationms="7.452" />

<exclusive-start id="99" timestamp="2019-06-16T01:49:39.697" intervalms="8.284">
  <response-info timems="0.020" idlems="0.020" threads="0" lastid="0000000000E39700" lastname="main" />
</exclusive-start>
<sys-start reason="explicit" id="100" timestamp="2019-06-16T01:49:39.697" intervalms="12917.145" />
<cycle-continue id="101" oldtype="global mark phase" newtype="global garbage collect" contextid="30" timestamp="2019-06-16T01:49:39.698" />
  <attribute name="elasticGC enabled" value="1" />
  <attribute name= "numThreadsSpecified" value="4" />
  <attribute name="heapSize specified" value="0" />
  <attribute name="Current GC Util" value="55" />
  <attribute name= "Current Time Running" value="12764" />
  <attribute name ="GC Interval" value="0" />
  <attribute name="ProportionalT" value="52.500000" />
  <attribute name="ProportionalI" value="52.500000" />
  <attribute name="ProportionalH" value="52.500000" />
  <attribute name="IntegralT" value="35.000000" />
  <attribute name="IntegralI" value="35.000000" />
  <attribute name="IntegralH" value="35.000000" />
  <attribute name="DerivativeT" value="-16.000000" />
  <attribute name="DerivativeI" value="-16.000000" />
  <attribute name="DerivativeH" value="-16.000000" />
  <attribute name="Current Error" value="35.000000" />
  <attribute name="Target GC Util Change" value ="20.000000" />
  <attribute name="Current GC Util Change" value="55.000000"/>
  <attribute name="Loop Time for DT" value="1.000000" />
  <attribute name="Output H" value="8388608"/>
  <attribute name="Output I" value="200"/>
  <attribute name="Output T" value="4"/>
  <attribute name="GC Util currently" value="55" />
  <attribute name="CPU Util currently" value="4625567344948" />
<gc-start id="102" type="global garbage collect" contextid="30" timestamp="2019-06-16T01:49:39.698">
  <mem-info id="103" free="3224448" total="10485760" percent="30">
    <mem type="eden" free="1102056" total="4194304" percent="26" />
    <remembered-set count="256" freebytes="417536" totalbytes="418560" percent="99" regionsoverflowed="0" regionsstable="0" regionsrebuilding="0"/>
  </mem-info>
</gc-start>
<allocation-stats totalBytes="2567088" >
  <allocated-bytes non-tlh="204416" tlh="2362672" arrayletleaf="0"/>
  <largest-consumer threadName="main" threadId="0000000000E39700" bytes="2567088" />
</allocation-stats>
<gc-op id="104" type="global mark" timems="2.429" contextid="30" timestamp="2019-06-16T01:49:39.700">
  <trace-info objectcount="38" scancount="19" scanbytes="304" />
  <cardclean-info objects="18" bytes="984" />
  <finalization candidates="45" enqueued="0" />
  <ownableSynchronizers candidates="1" cleared="0" />
  <references type="soft" candidates="66" cleared="0" enqueued="0" dynamicThreshold="19" maxThreshold="32" />
  <references type="weak" candidates="382" cleared="0" enqueued="0" />
  <references type="phantom" candidates="80" cleared="0" enqueued="0" />
  <stringconstants candidates="2485" cleared="0"  />
</gc-op>
<gc-op id="105" type="classunload" timems="0.001" contextid="30" timestamp="2019-06-16T01:49:39.701">
  <classunload-info classloadercandidates="6" classloadersunloaded="0" classesunloaded="0" anonymousclassesunloaded="0" quiescems="0.000" setupms="0.001" scanms="0.000" postms="0.000" />
</gc-op>
<gc-op id="106" type="sweep" timems="0.686" contextid="30" timestamp="2019-06-16T01:49:39.702" />
<gc-op id="107" type="compact" timems="4.514" contextid="30" timestamp="2019-06-16T01:49:39.706">
  <compact-info movecount="19233" movebytes="1076872" />
  <remembered-set-cleared processed="73" cleared="73" durationms="0.041" />
</gc-op>
<gc-end id="108" type="global garbage collect" contextid="30" durationms="8.777" usertimems="8.000" systemtimems="0.000" timestamp="2019-06-16T01:49:39.707" activeThreads="4">
  <mem-info id="109" free="6291456" total="10485760" percent="60">
    <remembered-set count="1024" freebytes="414464" totalbytes="418560" percent="99" regionsoverflowed="0" regionsstable="0" regionsrebuilding="0"/>
  </mem-info>
</gc-end>
<cycle-end id="110" type="global garbage collect" contextid="30" timestamp="2019-06-16T01:49:39.707" />
  <attribute name="elasticGC enabled" value="1" />
  <attribute name= "numThreadsSpecified" value="4" />
  <attribute name="heapSize specified" value="0" />
  <attribute name="Current GC Util" value="0" />
  <attribute name= "Current Time Running" value="12773" />
  <attribute name ="GC Interval" value="0" />
  <attribute name="ProportionalT" value="-30.000000" />
  <attribute name="ProportionalI" value="-30.000000" />
  <attribute name="ProportionalH" value="-30.000000" />
  <attribute name="Current Error" value="-20.000000" />
  <attribute name="IntegralT" value="-20.000000" />
  <attribute name="IntegralI" value="-20.000000" />
  <attribute name="IntegralH" value="-20.000000" />
  <attribute name="DerivativeT" value="-40.000000" />
  <attribute name="DerivativeI" value="-40.000000" />
  <attribute name="DerivativeH" value="-40.000000" />
  <attribute name="Loop Time for DT" value="1.000000" />
  <attribute name="Output H" value="2091843584"/>
  <attribute name="Output I" value="200"/>
  <attribute name="Output T" value="4"/>
  <attribute name="Target GC Util Change" value ="20.000000" />
  <attribute name="Current GC Util Change" value="0.000000"/>
  <attribute name="GC Util currently" value="0" />
  <attribute name="CPU Util currently" value="4957773297810" />
<sys-end id="111" timestamp="2019-06-16T01:49:39.707" />
<exclusive-end id="112" timestamp="2019-06-16T01:49:39.707" durationms="9.756" />

<exclusive-start id="113" timestamp="2019-06-16T01:49:41.030" intervalms="1332.945">
  <response-info timems="0.022" idlems="0.022" threads="0" lastid="0000000000E39700" lastname="main" />
</exclusive-start>
<allocation-taxation id="114" taxation-threshold="6291456" timestamp="2019-06-16T01:49:41.030" intervalms="1341.323" />
<cycle-start id="115" type="partial gc" contextid="0" timestamp="2019-06-16T01:49:41.031" intervalms="1341.587" />
<gc-start id="116" type="partial gc" contextid="115" timestamp="2019-06-16T01:49:41.031">
  <mem-info id="117" free="0" total="10485760" percent="0">
    <mem type="eden" free="0" total="6291456" percent="0" />
    <remembered-set count="1024" freebytes="414464" totalbytes="418560" percent="99" regionsoverflowed="0" regionsstable="0" regionsrebuilding="0"/>
  </mem-info>
</gc-start>
<allocation-stats totalBytes="6284792" >
  <allocated-bytes non-tlh="184792" tlh="6100000" arrayletleaf="0"/>
  <largest-consumer threadName="main" threadId="0000000000E39700" bytes="6284792" />
</allocation-stats>
<gc-op id="118" type="mark" timems="1.580" contextid="115" timestamp="2019-06-16T01:49:41.033">
  <trace-info objectcount="9117" scancount="6262" scanbytes="202084" />
  <cardclean-info objects="567" bytes="23456" />
  <remembered-set-cleared processed="202" cleared="25" durationms="0.084" />
  <references type="soft" candidates="3" cleared="0" enqueued="0" dynamicThreshold="19" maxThreshold="32" />
  <references type="weak" candidates="77" cleared="73" enqueued="73" />
  <references type="phantom" candidates="8" cleared="3" enqueued="3" />
  <stringconstants candidates="3372" cleared="0"  />
  <warning details="Mark invoked due to insufficient free space for Copy-Forward" />
</gc-op>
<gc-op id="119" type="classunload" timems="0.001" contextid="115" timestamp="2019-06-16T01:49:41.034">
  <classunload-info classloadercandidates="6" classloadersunloaded="0" classesunloaded="0" anonymousclassesunloaded="0" quiescems="0.000" setupms="0.001" scanms="0.000" postms="0.000" />
</gc-op>
<gc-op id="120" type="sweep" timems="0.351" contextid="115" timestamp="2019-06-16T01:49:41.034" />
<gc-op id="121" type="compact" timems="1.816" contextid="115" timestamp="2019-06-16T01:49:41.036">
  <compact-info movecount="9102" movebytes="574552" />
  <remembered-set-cleared processed="1646" cleared="1291" durationms="0.084" />
</gc-op>
<gc-end id="122" type="partial gc" contextid="115" durationms="5.319" usertimems="8.000" systemtimems="0.000" timestamp="2019-06-16T01:49:41.036" activeThreads="4">
  <mem-info id="123" free="5242880" total="10485760" percent="50">
    <mem type="eden" free="473016" total="1048576" percent="45" />
    <pending-finalizers system="0" default="0" reference="76" classloader="0" />
    <remembered-set count="1792" freebytes="411392" totalbytes="418560" percent="98" regionsoverflowed="0" regionsstable="0" regionsrebuilding="0"/>
  </mem-info>
</gc-end>
<cycle-end id="124" type="partial gc" contextid="115" timestamp="2019-06-16T01:49:41.037" />
  <attribute name="elasticGC enabled" value="1" />
  <attribute name= "numThreadsSpecified" value="4" />
  <attribute name="heapSize specified" value="0" />
  <attribute name="Current GC Util" value="28" />
  <attribute name= "Current Time Running" value="14105" />
  <attribute name ="GC Interval" value="0" />
  <attribute name="ProportionalT" value="12.000000" />
  <attribute name="ProportionalI" value="12.000000" />
  <attribute name="ProportionalH" value="12.000000" />
  <attribute name="Current Error" value="8.000000" />
  <attribute name="IntegralT" value="0.000000" />
  <attribute name="IntegralI" value="0.000000" />
  <attribute name="IntegralH" value="0.000000" />
  <attribute name="DerivativeT" value="-inf" />
  <attribute name="DerivativeI" value="-inf" />
  <attribute name="DerivativeH" value="-inf" />
  <attribute name="Loop Time for DT" value="0.000000" />
  <attribute name="Output H" value="2091843584"/>
  <attribute name="Output I" value="200"/>
  <attribute name="Output T" value="4"/>
  <attribute name="Target GC Util Change" value ="20.000000" />
  <attribute name="Current GC Util Change" value="28.000000"/>
  <attribute name="GC Util currently" value="28" />
  <attribute name="CPU Util currently" value="7487013752211" />
<exclusive-end id="125" timestamp="2019-06-16T01:49:41.037" durationms="6.576" />

<exclusive-start id="126" timestamp="2019-06-16T01:49:41.491" intervalms="460.500">
  <response-info timems="0.045" idlems="0.025" threads="1" lastid="0000000001149C00" lastname="PmdThread 1" />
</exclusive-start>
<allocation-taxation id="127" taxation-threshold="5242880" timestamp="2019-06-16T01:49:41.491" intervalms="460.382" />
<cycle-start id="128" type="partial gc" contextid="0" timestamp="2019-06-16T01:49:41.491" intervalms="460.075" />
<gc-start id="129" type="partial gc" contextid="128" timestamp="2019-06-16T01:49:41.491">
  <mem-info id="130" free="0" total="10485760" percent="0">
    <mem type="eden" free="0" total="5242880" percent="0" />
    <remembered-set count="1376" freebytes="413056" totalbytes="418560" percent="98" regionsoverflowed="0" regionsstable="0" regionsrebuilding="0"/>
  </mem-info>
</gc-start>
<allocation-stats totalBytes="5180168" >
  <allocated-bytes non-tlh="360232" tlh="4819936" arrayletleaf="0"/>
  <largest-consumer threadName="main" threadId="0000000000E39700" bytes="1687984" />
</allocation-stats>
<gc-op id="131" type="mark" timems="1.480" contextid="128" timestamp="2019-06-16T01:49:41.493">
  <trace-info objectcount="13273" scancount="9611" scanbytes="308920" />
  <cardclean-info objects="638" bytes="27736" />
  <remembered-set-cleared processed="723" cleared="573" durationms="0.056" />
  <finalization candidates="6" enqueued="0" />
  <ownableSynchronizers candidates="7" cleared="0" />
  <references type="soft" candidates="3" cleared="0" enqueued="0" dynamicThreshold="16" maxThreshold="32" />
  <references type="weak" candidates="437" cleared="220" enqueued="143" />
  <references type="phantom" candidates="8" cleared="0" enqueued="0" />
  <stringconstants candidates="3531" cleared="4"  />
  <warning details="Mark invoked due to insufficient free space for Copy-Forward" />
</gc-op>
<gc-op id="132" type="classunload" timems="0.002" contextid="128" timestamp="2019-06-16T01:49:41.493">
  <classunload-info classloadercandidates="6" classloadersunloaded="0" classesunloaded="0" anonymousclassesunloaded="0" quiescems="0.000" setupms="0.002" scanms="0.000" postms="0.000" />
</gc-op>
<gc-op id="133" type="sweep" timems="0.338" contextid="128" timestamp="2019-06-16T01:49:41.494" />
<gc-op id="134" type="compact" timems="1.883" contextid="128" timestamp="2019-06-16T01:49:41.496">
  <compact-info movecount="13252" movebytes="1162248" />
  <remembered-set-cleared processed="2596" cleared="2285" durationms="0.056" />
</gc-op>
<gc-end id="135" type="partial gc" contextid="128" durationms="4.769" usertimems="8.000" systemtimems="0.000" timestamp="2019-06-16T01:49:41.496" activeThreads="4">
  <mem-info id="136" free="4194304" total="10485760" percent="40">
    <mem type="eden" free="170104" total="1048576" percent="16" />
    <pending-finalizers system="0" default="0" reference="143" classloader="0" />
    <remembered-set count="2368" freebytes="409088" totalbytes="418560" percent="97" regionsoverflowed="0" regionsstable="0" regionsrebuilding="0"/>
  </mem-info>
</gc-end>
<cycle-end id="137" type="partial gc" contextid="128" timestamp="2019-06-16T01:49:41.496" />
  <attribute name="elasticGC enabled" value="1" />
  <attribute name= "numThreadsSpecified" value="4" />
  <attribute name="heapSize specified" value="0" />
  <attribute name="Current GC Util" value="29" />
  <attribute name= "Current Time Running" value="14565" />
  <attribute name ="GC Interval" value="0" />
  <attribute name="ProportionalT" value="13.500000" />
  <attribute name="ProportionalI" value="13.500000" />
  <attribute name="ProportionalH" value="13.500000" />
  <attribute name="Current Error" value="9.000000" />
  <attribute name="IntegralT" value="9.000000" />
  <attribute name="IntegralI" value="9.000000" />
  <attribute name="IntegralH" value="9.000000" />
  <attribute name="DerivativeT" value="9.000000" />
  <attribute name="DerivativeI" value="9.000000" />
  <attribute name="DerivativeH" value="9.000000" />
  <attribute name="Loop Time for DT" value="1.000000" />
  <attribute name="Output H" value="8388608"/>
  <attribute name="Output I" value="200"/>
  <attribute name="Output T" value="4"/>
  <attribute name="Target GC Util Change" value ="20.000000" />
  <attribute name="Current GC Util Change" value="29.000000"/>
  <attribute name="GC Util currently" value="29" />
  <attribute name="CPU Util currently" value="8376415871713" />
<exclusive-end id="138" timestamp="2019-06-16T01:49:41.496" durationms="5.574" />

<exclusive-start id="139" timestamp="2019-06-16T01:49:41.539" intervalms="48.091">
  <response-info timems="0.035" idlems="0.035" threads="0" lastid="0000000001155400" lastname="PmdThread 3" />
</exclusive-start>
<allocation-taxation id="140" taxation-threshold="2097152" timestamp="2019-06-16T01:49:41.539" intervalms="48.083" />
<cycle-start id="141" type="global mark phase" contextid="0" timestamp="2019-06-16T01:49:41.539" intervalms="1875.291" />
<gc-start id="142" type="global mark phase" contextid="141" timestamp="2019-06-16T01:49:41.539">
  <mem-info id="143" free="2097152" total="10485760" percent="20">
    <remembered-set count="1952" freebytes="410752" totalbytes="418560" percent="98" regionsoverflowed="0" regionsstable="0" regionsrebuilding="0"/>
  </mem-info>
</gc-start>
<gc-op id="144" type="mark increment" timems="0.460" contextid="141" timestamp="2019-06-16T01:49:41.540">
  <trace-info objectcount="267" scancount="0" scanbytes="0" />
</gc-op>
<gc-end id="145" type="global mark phase" contextid="141" durationms="0.567" usertimems="0.000" systemtimems="0.000" timestamp="2019-06-16T01:49:41.540" activeThreads="1">
  <mem-info id="146" free="2097152" total="10485760" percent="20">
    <remembered-set count="1952" freebytes="410752" totalbytes="418560" percent="98" regionsoverflowed="0" regionsstable="0" regionsrebuilding="0"/>
  </mem-info>
</gc-end>
<concurrent-start id="147" type="GMP work packet processing" contextid="141" timestamp="2019-06-16T01:49:41.540">
  <concurrent-mark-start scanTarget="18446744073709551615" />
</concurrent-start>
<exclusive-end id="148" timestamp="2019-06-16T01:49:41.540" durationms="0.953" />

<concurrent-end id="149" type="GMP work packet processing" contextid="141" timestamp="2019-06-16T01:49:41.541">
  <concurrent-mark-end bytesScanned="1150000" reasonForTermination="Completed all work in GC phase" />
</concurrent-end>

<exclusive-start id="150" timestamp="2019-06-16T01:49:41.574" intervalms="34.733">
  <response-info timems="0.041" idlems="0.024" threads="1" lastid="0000000001149C00" lastname="PmdThread 1" />
</exclusive-start>
<allocation-taxation id="151" taxation-threshold="2097152" timestamp="2019-06-16T01:49:41.574" intervalms="34.735" />
<cycle-start id="152" type="partial gc" contextid="0" timestamp="2019-06-16T01:49:41.574" intervalms="82.818" />
<gc-start id="153" type="partial gc" contextid="152" timestamp="2019-06-16T01:49:41.574">
  <mem-info id="154" free="0" total="10485760" percent="0">
    <mem type="eden" free="0" total="4194304" percent="0" />
    <remembered-set count="1952" freebytes="410752" totalbytes="418560" percent="98" regionsoverflowed="0" regionsstable="0" regionsrebuilding="0"/>
  </mem-info>
</gc-start>
<allocation-stats totalBytes="4176696" >
  <allocated-bytes non-tlh="77392" tlh="4099304" arrayletleaf="0"/>
  <largest-consumer threadName="PmdThread 2" threadId="000000000114D800" bytes="745856" />
</allocation-stats>
<gc-op id="155" type="mark" timems="2.382" contextid="152" timestamp="2019-06-16T01:49:41.577">
  <trace-info objectcount="32728" scancount="26842" scanbytes="900932" />
  <cardclean-info objects="612" bytes="29480" />
  <remembered-set-cleared processed="1308" cleared="752" durationms="0.062" />
  <finalization candidates="12" enqueued="0" />
  <ownableSynchronizers candidates="7" cleared="0" />
  <references type="soft" candidates="32" cleared="0" enqueued="0" dynamicThreshold="6" maxThreshold="32" />
  <references type="weak" candidates="349" cleared="31" enqueued="26" />
  <references type="phantom" candidates="9" cleared="4" enqueued="4" />
  <stringconstants candidates="4485" cleared="0"  />
  <warning details="Mark invoked due to insufficient free space for Copy-Forward" />
</gc-op>
<gc-op id="156" type="classunload" timems="0.002" contextid="152" timestamp="2019-06-16T01:49:41.577">
  <classunload-info classloadercandidates="6" classloadersunloaded="0" classesunloaded="0" anonymousclassesunloaded="0" quiescems="0.000" setupms="0.001" scanms="0.000" postms="0.000" />
</gc-op>
<gc-op id="157" type="sweep" timems="0.454" contextid="152" timestamp="2019-06-16T01:49:41.577" />
<gc-op id="158" type="compact" timems="4.803" contextid="152" timestamp="2019-06-16T01:49:41.582">
  <compact-info movecount="31239" movebytes="1509448" />
  <remembered-set-cleared processed="4450" cleared="3333" durationms="0.064" />
</gc-op>
<heap-resize id="159" type="expand" space="default" amount="2097152" count="1" timems="0.062" reason="insufficient free space following gc" timestamp="2019-06-16T01:49:41.583" />
<gc-end id="160" type="partial gc" contextid="152" durationms="9.002" usertimems="8.000" systemtimems="0.000" timestamp="2019-06-16T01:49:41.583" activeThreads="1">
  <mem-info id="161" free="5242880" total="12582912" percent="41">
    <mem type="eden" free="162864" total="1048576" percent="15" />
    <pending-finalizers system="0" default="0" reference="30" classloader="0" />
    <remembered-set count="4032" freebytes="486144" totalbytes="502272" percent="96" regionsoverflowed="0" regionsstable="0" regionsrebuilding="0"/>
  </mem-info>
</gc-end>
<cycle-end id="162" type="partial gc" contextid="152" timestamp="2019-06-16T01:49:41.583" />
  <attribute name="elasticGC enabled" value="1" />
  <attribute name= "numThreadsSpecified" value="1" />
  <attribute name="heapSize specified" value="0" />
  <attribute name="Current GC Util" value="60" />
  <attribute name= "Current Time Running" value="14648" />
  <attribute name ="GC Interval" value="0" />
  <attribute name="ProportionalT" value="60.000000" />
  <attribute name="ProportionalI" value="60.000000" />
  <attribute name="ProportionalH" value="60.000000" />
  <attribute name="Current Error" value="40.000000" />
  <attribute name="IntegralT" value="0.000000" />
  <attribute name="IntegralI" value="0.000000" />
  <attribute name="IntegralH" value="0.000000" />
  <attribute name="DerivativeT" value="inf" />
  <attribute name="DerivativeI" value="inf" />
  <attribute name="DerivativeH" value="inf" />
  <attribute name="Loop Time for DT" value="0.000000" />
  <attribute name="Output H" value="8388608"/>
  <attribute name="Output I" value="200"/>
  <attribute name="Output T" value="1"/>
  <attribute name="Target GC Util Change" value ="20.000000" />
  <attribute name="Current GC Util Change" value="60.000000"/>
  <attribute name="GC Util currently" value="60" />
  <attribute name="CPU Util currently" value="6968998563960" />
<exclusive-end id="163" timestamp="2019-06-16T01:49:41.583" durationms="9.802" />

<exclusive-start id="164" timestamp="2019-06-16T01:49:41.625" intervalms="51.082">
  <response-info timems="0.229" idlems="0.198" threads="1" lastid="0000000000E40F00" lastname="JIT Compilation Thread-1" />
</exclusive-start>
<allocation-taxation id="165" taxation-threshold="2097152" timestamp="2019-06-16T01:49:41.625" intervalms="51.086" />
<gc-start id="166" type="global mark phase" contextid="141" timestamp="2019-06-16T01:49:41.625">
  <mem-info id="167" free="3145728" total="12582912" percent="25">
    <remembered-set count="3680" freebytes="487552" totalbytes="502272" percent="97" regionsoverflowed="0" regionsstable="0" regionsrebuilding="0"/>
  </mem-info>
</gc-start>
<gc-op id="168" type="mark increment" timems="2.785" contextid="141" timestamp="2019-06-16T01:49:41.628">
  <trace-info objectcount="37261" scancount="31171" scanbytes="1048328" />
  <cardclean-info objects="854" bytes="40596" />
  <finalization candidates="57" enqueued="0" />
  <ownableSynchronizers candidates="8" cleared="0" />
  <references type="soft" candidates="101" cleared="0" enqueued="0" dynamicThreshold="13" maxThreshold="32" />
  <references type="weak" candidates="717" cleared="11" enqueued="10" />
  <references type="phantom" candidates="90" cleared="2" enqueued="2" />
  <stringconstants candidates="4572" cleared="0"  />
</gc-op>
<gc-op id="169" type="classunload" timems="0.004" contextid="141" timestamp="2019-06-16T01:49:41.628">
  <classunload-info classloadercandidates="6" classloadersunloaded="0" classesunloaded="0" anonymousclassesunloaded="0" quiescems="0.000" setupms="0.004" scanms="0.000" postms="0.000" />
</gc-op>
<gc-end id="170" type="global mark phase" contextid="141" durationms="3.153" usertimems="4.000" systemtimems="0.000" timestamp="2019-06-16T01:49:41.628" activeThreads="4">
  <mem-info id="171" free="3145728" total="12582912" percent="25">
    <pending-finalizers system="0" default="0" reference="12" classloader="0" />
    <remembered-set count="3680" freebytes="487552" totalbytes="502272" percent="97" regionsoverflowed="0" regionsstable="0" regionsrebuilding="0"/>
  </mem-info>
</gc-end>
<cycle-end id="172" type="global mark phase" contextid="141" timestamp="2019-06-16T01:49:41.628" />
  <attribute name="elasticGC enabled" value="1" />
  <attribute name= "numThreadsSpecified" value="4" />
  <attribute name="heapSize specified" value="0" />
  <attribute name="Current GC Util" value="0" />
  <attribute name= "Current Time Running" value="14698" />
  <attribute name ="GC Interval" value="0" />
  <attribute name="ProportionalT" value="-30.000000" />
  <attribute name="ProportionalI" value="-30.000000" />
  <attribute name="ProportionalH" value="-30.000000" />
  <attribute name="Current Error" value="-20.000000" />
  <attribute name="IntegralT" value="-40.000000" />
  <attribute name="IntegralI" value="-40.000000" />
  <attribute name="IntegralH" value="-40.000000" />
  <attribute name="DerivativeT" value="-72.500000" />
  <attribute name="DerivativeI" value="-72.500000" />
  <attribute name="DerivativeH" value="-72.500000" />
  <attribute name="Loop Time for DT" value="2.000000" />
  <attribute name="Output H" value="2091843584"/>
  <attribute name="Output I" value="200"/>
  <attribute name="Output T" value="4"/>
  <attribute name="Target GC Util Change" value ="20.000000" />
  <attribute name="Current GC Util Change" value="0.000000"/>
  <attribute name="GC Util currently" value="0" />
  <attribute name="CPU Util currently" value="2710360202852" />
<exclusive-end id="173" timestamp="2019-06-16T01:49:41.628" durationms="3.549" />

<exclusive-start id="174" timestamp="2019-06-16T01:49:41.649" intervalms="24.106">
  <response-info timems="0.061" idlems="0.061" threads="0" lastid="0000000001149C00" lastname="PmdThread 1" />
</exclusive-start>
<allocation-taxation id="175" taxation-threshold="2097152" timestamp="2019-06-16T01:49:41.649" intervalms="24.105" />
<cycle-start id="176" type="partial gc" contextid="0" timestamp="2019-06-16T01:49:41.649" intervalms="75.197" />
<gc-start id="177" type="partial gc" contextid="176" timestamp="2019-06-16T01:49:41.649">
  <mem-info id="178" free="1048576" total="12582912" percent="8">
    <mem type="eden" free="162864" total="5242880" percent="3" />
    <remembered-set count="3680" freebytes="487552" totalbytes="502272" percent="97" regionsoverflowed="0" regionsstable="0" regionsrebuilding="0"/>
  </mem-info>
</gc-start>
<allocation-stats totalBytes="4189144" >
  <allocated-bytes non-tlh="18784" tlh="4170360" arrayletleaf="0"/>
  <largest-consumer threadName="PmdThread 4" threadId="000000000115D000" bytes="709568" />
</allocation-stats>
<gc-op id="179" type="sweep" timems="0.470" contextid="176" timestamp="2019-06-16T01:49:41.650" />
<gc-op id="180" type="copy forward" timems="5.017" contextid="176" timestamp="2019-06-16T01:49:41.655">
  <memory-copied type="eden" objects="5483" bytes="261528" bytesdiscarded="0" />
  <memory-copied type="other" objects="29636" bytes="1098392" bytesdiscarded="0" />
  <memory-cardclean objects="928" bytes="43600" />
  <regions eden="2" other="3" />
  <remembered-set-cleared processed="3098" cleared="1944" durationms="0.074" />
  <finalization candidates="6" enqueued="0" />
  <references type="soft" candidates="33" cleared="0" enqueued="0" dynamicThreshold="8" maxThreshold="32" />
  <references type="weak" candidates="113" cleared="0" enqueued="0" />
  <references type="phantom" candidates="7" cleared="0" enqueued="0" />
  <stringconstants candidates="4603" cleared="0"  />
  <heap-resize type="expand" space="default" amount="1048576" count="1" timems="0.053" reason="continue current collection" />
</gc-op>
<gc-op id="181" type="classunload" timems="0.002" contextid="176" timestamp="2019-06-16T01:49:41.655">
  <classunload-info classloadercandidates="6" classloadersunloaded="0" classesunloaded="0" anonymousclassesunloaded="0" quiescems="0.000" setupms="0.002" scanms="0.000" postms="0.000" />
</gc-op>
<gc-op id="182" type="compact" timems="1.458" contextid="176" timestamp="2019-06-16T01:49:41.657">
  <compact-info movecount="0" movebytes="0" />
  <remembered-set-cleared processed="6643" cleared="1944" durationms="0.074" />
</gc-op>
<gc-end id="183" type="partial gc" contextid="176" durationms="8.121" usertimems="8.000" systemtimems="0.000" timestamp="2019-06-16T01:49:41.657" activeThreads="4">
  <mem-info id="184" free="5242880" total="13631488" percent="38">
    <mem type="eden" free="736464" total="2097152" percent="35" />
    <remembered-set count="4800" freebytes="524928" totalbytes="544128" percent="96" regionsoverflowed="0" regionsstable="0" regionsrebuilding="0"/>
  </mem-info>
</gc-end>
<cycle-end id="185" type="partial gc" contextid="176" timestamp="2019-06-16T01:49:41.657" />
  <attribute name="elasticGC enabled" value="1" />
  <attribute name= "numThreadsSpecified" value="4" />
  <attribute name="heapSize specified" value="0" />
  <attribute name="Current GC Util" value="0" />
  <attribute name= "Current Time Running" value="14726" />
  <attribute name ="GC Interval" value="0" />
  <attribute name="ProportionalT" value="-30.000000" />
  <attribute name="ProportionalI" value="-30.000000" />
  <attribute name="ProportionalH" value="-30.000000" />
  <attribute name="Current Error" value="-20.000000" />
  <attribute name="IntegralT" value="-100.000000" />
  <attribute name="IntegralI" value="-100.000000" />
  <attribute name="IntegralH" value="-100.000000" />
  <attribute name="DerivativeT" value="-9.400000" />
  <attribute name="DerivativeI" value="-9.400000" />
  <attribute name="DerivativeH" value="-9.400000" />
  <attribute name="Loop Time for DT" value="5.000000" />
  <attribute name="Output H" value="2091843584"/>
  <attribute name="Output I" value="200"/>
  <attribute name="Output T" value="4"/>
  <attribute name="Target GC Util Change" value ="20.000000" />
  <attribute name="Current GC Util Change" value="0.000000"/>
  <attribute name="GC Util currently" value="0" />
  <attribute name="CPU Util currently" value="873082432468" />
<exclusive-end id="186" timestamp="2019-06-16T01:49:41.658" durationms="8.901" />

<exclusive-start id="187" timestamp="2019-06-16T01:49:41.691" intervalms="42.610">
  <response-info timems="0.684" idlems="0.343" threads="3" lastid="000000000115D000" lastname="PmdThread 4" />
</exclusive-start>
<allocation-taxation id="188" taxation-threshold="2097152" timestamp="2019-06-16T01:49:41.691" intervalms="42.618" />
<cycle-start id="189" type="global mark phase" contextid="0" timestamp="2019-06-16T01:49:41.692" intervalms="152.528" />
<gc-start id="190" type="global mark phase" contextid="189" timestamp="2019-06-16T01:49:41.692">
  <mem-info id="191" free="3145728" total="13631488" percent="23">
    <remembered-set count="4800" freebytes="524928" totalbytes="544128" percent="96" regionsoverflowed="0" regionsstable="0" regionsrebuilding="0"/>
  </mem-info>
</gc-start>
<gc-op id="192" type="mark increment" timems="0.880" contextid="189" timestamp="2019-06-16T01:49:41.692">
  <trace-info objectcount="272" scancount="0" scanbytes="0" />
</gc-op>
<gc-end id="193" type="global mark phase" contextid="189" durationms="0.983" usertimems="0.000" systemtimems="0.000" timestamp="2019-06-16T01:49:41.693" activeThreads="4">
  <mem-info id="194" free="3145728" total="13631488" percent="23">
    <remembered-set count="4800" freebytes="524928" totalbytes="544128" percent="96" regionsoverflowed="0" regionsstable="0" regionsrebuilding="0"/>
  </mem-info>
</gc-end>
<concurrent-start id="195" type="GMP work packet processing" contextid="189" timestamp="2019-06-16T01:49:41.693">
  <concurrent-mark-start scanTarget="18446744073709551615" />
</concurrent-start>
<exclusive-end id="196" timestamp="2019-06-16T01:49:41.693" durationms="1.451" />

<concurrent-end id="197" type="GMP work packet processing" contextid="189" timestamp="2019-06-16T01:49:41.695">
  <concurrent-mark-end bytesScanned="1871692" reasonForTermination="Completed all work in GC phase" />
</concurrent-end>

<exclusive-start id="198" timestamp="2019-06-16T01:49:41.730" intervalms="38.672">
  <response-info timems="0.049" idlems="0.048" threads="1" lastid="0000000001155400" lastname="PmdThread 3" />
</exclusive-start>
<allocation-taxation id="199" taxation-threshold="2097152" timestamp="2019-06-16T01:49:41.730" intervalms="38.701" />
<cycle-start id="200" type="partial gc" contextid="0" timestamp="2019-06-16T01:49:41.730" intervalms="81.287" />
<gc-start id="201" type="partial gc" contextid="200" timestamp="2019-06-16T01:49:41.730">
  <mem-info id="202" free="1048576" total="13631488" percent="7">
    <mem type="eden" free="0" total="4194304" percent="0" />
    <remembered-set count="4800" freebytes="524928" totalbytes="544128" percent="96" regionsoverflowed="0" regionsstable="0" regionsrebuilding="0"/>
  </mem-info>
</gc-start>
<allocation-stats totalBytes="4188392" >
  <allocated-bytes non-tlh="17600" tlh="4170792" arrayletleaf="0"/>
  <largest-consumer threadName="PmdThread 2" threadId="000000000114D800" bytes="1002664" />
</allocation-stats>
<gc-op id="203" type="copy forward" timems="3.534" contextid="200" timestamp="2019-06-16T01:49:41.735">
  <memory-copied type="eden" objects="11022" bytes="386080" bytesdiscarded="0" />
  <memory-copied type="other" objects="11989" bytes="510088" bytesdiscarded="0" />
  <memory-cardclean objects="3930" bytes="180144" />
  <regions eden="4" other="1" />
  <remembered-set-cleared processed="3323" cleared="1011" durationms="0.084" />
  <references type="soft" candidates="96" cleared="0" enqueued="0" dynamicThreshold="7" maxThreshold="32" />
  <references type="weak" candidates="166" cleared="0" enqueued="0" />
  <references type="phantom" candidates="3" cleared="0" enqueued="0" />
  <stringconstants candidates="4829" cleared="0"  />
  <heap-resize type="expand" space="default" amount="1048576" count="1" timems="0.055" reason="continue current collection" />
</gc-op>
<gc-op id="204" type="classunload" timems="0.002" contextid="200" timestamp="2019-06-16T01:49:41.735">
  <classunload-info classloadercandidates="7" classloadersunloaded="0" classesunloaded="0" anonymousclassesunloaded="0" quiescems="0.000" setupms="0.002" scanms="0.000" postms="0.000" />
</gc-op>
<gc-op id="205" type="compact" timems="1.541" contextid="200" timestamp="2019-06-16T01:49:41.736">
  <compact-info movecount="1810" movebytes="236080" />
  <remembered-set-cleared processed="7970" cleared="1667" durationms="0.099" />
</gc-op>
<gc-end id="206" type="partial gc" contextid="200" durationms="6.248" usertimems="4.000" systemtimems="0.000" timestamp="2019-06-16T01:49:41.737" activeThreads="4">
  <mem-info id="207" free="7340032" total="14680064" percent="50">
    <mem type="eden" free="660792" total="1048576" percent="63" />
    <remembered-set count="6208" freebytes="561152" totalbytes="585984" percent="95" regionsoverflowed="0" regionsstable="0" regionsrebuilding="0"/>
  </mem-info>
</gc-end>
<cycle-end id="208" type="partial gc" contextid="200" timestamp="2019-06-16T01:49:41.737" />
  <attribute name="elasticGC enabled" value="1" />
  <attribute name= "numThreadsSpecified" value="4" />
  <attribute name="heapSize specified" value="0" />
  <attribute name="Current GC Util" value="0" />
  <attribute name= "Current Time Running" value="14806" />
  <attribute name ="GC Interval" value="0" />
  <attribute name="ProportionalT" value="-30.000000" />
  <attribute name="ProportionalI" value="-30.000000" />
  <attribute name="ProportionalH" value="-30.000000" />
  <attribute name="Current Error" value="-20.000000" />
  <attribute name="IntegralT" value="-80.000000" />
  <attribute name="IntegralI" value="-80.000000" />
  <attribute name="IntegralH" value="-80.000000" />
  <attribute name="DerivativeT" value="-10.750000" />
  <attribute name="DerivativeI" value="-10.750000" />
  <attribute name="DerivativeH" value="-10.750000" />
  <attribute name="Loop Time for DT" value="4.000000" />
  <attribute name="Output H" value="2091843584"/>
  <attribute name="Output I" value="200"/>
  <attribute name="Output T" value="4"/>
  <attribute name="Target GC Util Change" value ="20.000000" />
  <attribute name="Current GC Util Change" value="0.000000"/>
  <attribute name="GC Util currently" value="0" />
  <attribute name="CPU Util currently" value="1175405542797" />
<exclusive-end id="209" timestamp="2019-06-16T01:49:41.737" durationms="6.982" />

<exclusive-start id="210" timestamp="2019-06-16T01:49:41.751" intervalms="21.449">
  <response-info timems="0.041" idlems="0.041" threads="0" lastid="000000000115D000" lastname="PmdThread 4" />
</exclusive-start>
<allocation-taxation id="211" taxation-threshold="3145728" timestamp="2019-06-16T01:49:41.752" intervalms="21.411" />
<gc-start id="212" type="global mark phase" contextid="189" timestamp="2019-06-16T01:49:41.752">
  <mem-info id="213" free="4194304" total="14680064" percent="28">
    <remembered-set count="5984" freebytes="562048" totalbytes="585984" percent="95" regionsoverflowed="0" regionsstable="0" regionsrebuilding="0"/>
  </mem-info>
</gc-start>
<gc-op id="214" type="mark increment" timems="2.311" contextid="189" timestamp="2019-06-16T01:49:41.754">
  <trace-info objectcount="14390" scancount="12764" scanbytes="394848" />
  <cardclean-info objects="10932" bytes="421600" />
  <finalization candidates="57" enqueued="0" />
  <ownableSynchronizers candidates="8" cleared="0" />
  <references type="soft" candidates="197" cleared="0" enqueued="0" dynamicThreshold="16" maxThreshold="32" />
  <references type="weak" candidates="1041" cleared="331" enqueued="331" />
  <references type="phantom" candidates="91" cleared="2" enqueued="2" />
  <stringconstants candidates="4830" cleared="0"  />
</gc-op>
<gc-op id="215" type="classunload" timems="0.004" contextid="189" timestamp="2019-06-16T01:49:41.754">
  <classunload-info classloadercandidates="8" classloadersunloaded="0" classesunloaded="0" anonymousclassesunloaded="0" quiescems="0.000" setupms="0.004" scanms="0.000" postms="0.000" />
</gc-op>
<gc-end id="216" type="global mark phase" contextid="189" durationms="2.547" usertimems="4.000" systemtimems="0.000" timestamp="2019-06-16T01:49:41.754" activeThreads="4">
  <mem-info id="217" free="4194304" total="14680064" percent="28">
    <pending-finalizers system="0" default="0" reference="333" classloader="0" />
    <remembered-set count="5984" freebytes="562048" totalbytes="585984" percent="95" regionsoverflowed="0" regionsstable="0" regionsrebuilding="0"/>
  </mem-info>
</gc-end>
<cycle-end id="218" type="global mark phase" contextid="189" timestamp="2019-06-16T01:49:41.754" />
  <attribute name="elasticGC enabled" value="1" />
  <attribute name= "numThreadsSpecified" value="4" />
  <attribute name="heapSize specified" value="0" />
  <attribute name="Current GC Util" value="0" />
  <attribute name= "Current Time Running" value="14824" />
  <attribute name ="GC Interval" value="0" />
  <attribute name="ProportionalT" value="-30.000000" />
  <attribute name="ProportionalI" value="-30.000000" />
  <attribute name="ProportionalH" value="-30.000000" />
  <attribute name="Current Error" value="-20.000000" />
  <attribute name="IntegralT" value="-20.000000" />
  <attribute name="IntegralI" value="-20.000000" />
  <attribute name="IntegralH" value="-20.000000" />
  <attribute name="DerivativeT" value="-88.000000" />
  <attribute name="DerivativeI" value="-88.000000" />
  <attribute name="DerivativeH" value="-88.000000" />
  <attribute name="Loop Time for DT" value="1.000000" />
  <attribute name="Output H" value="2091843584"/>
  <attribute name="Output I" value="200"/>
  <attribute name="Output T" value="4"/>
  <attribute name="Target GC Util Change" value ="20.000000" />
  <attribute name="Current GC Util Change" value="0.000000"/>
  <attribute name="GC Util currently" value="0" />
  <attribute name="CPU Util currently" value="5593732961909" />
<exclusive-end id="219" timestamp="2019-06-16T01:49:41.754" durationms="2.937" />

<exclusive-start id="220" timestamp="2019-06-16T01:49:41.772" intervalms="20.452">
  <response-info timems="0.061" idlems="0.061" threads="0" lastid="000000000114D800" lastname="PmdThread 2" />
</exclusive-start>
<allocation-taxation id="221" taxation-threshold="3145728" timestamp="2019-06-16T01:49:41.772" intervalms="20.456" />
<cycle-start id="222" type="partial gc" contextid="0" timestamp="2019-06-16T01:49:41.772" intervalms="41.888" />
<gc-start id="223" type="partial gc" contextid="222" timestamp="2019-06-16T01:49:41.772">
  <mem-info id="224" free="1048576" total="14680064" percent="7">
    <mem type="eden" free="0" total="6291456" percent="0" />
    <remembered-set count="5984" freebytes="562048" totalbytes="585984" percent="95" regionsoverflowed="0" regionsstable="0" regionsrebuilding="0"/>
  </mem-info>
</gc-start>
<allocation-stats totalBytes="6286288" >
  <allocated-bytes non-tlh="1256" tlh="6285032" arrayletleaf="0"/>
  <largest-consumer threadName="PmdThread 2" threadId="000000000114D800" bytes="2062784" />
</allocation-stats>
<gc-op id="225" type="sweep" timems="0.449" contextid="222" timestamp="2019-06-16T01:49:41.773" />
<gc-op id="226" type="copy forward" timems="3.411" contextid="222" timestamp="2019-06-16T01:49:41.777">
  <memory-copied type="eden" objects="6730" bytes="201872" bytesdiscarded="0" />
  <memory-copied type="other" objects="18415" bytes="619184" bytesdiscarded="0" />
  <memory-cardclean objects="5214" bytes="241800" />
  <regions eden="3" other="4" />
  <remembered-set-cleared processed="4761" cleared="1504" durationms="0.091" />
  <references type="soft" candidates="109" cleared="0" enqueued="0" dynamicThreshold="9" maxThreshold="32" />
  <references type="weak" candidates="178" cleared="0" enqueued="0" />
  <stringconstants candidates="4843" cleared="0"  />
  <heap-resize type="expand" space="default" amount="1048576" count="1" timems="0.057" reason="continue current collection" />
</gc-op>
<gc-op id="227" type="classunload" timems="0.002" contextid="222" timestamp="2019-06-16T01:49:41.777">
  <classunload-info classloadercandidates="8" classloadersunloaded="0" classesunloaded="0" anonymousclassesunloaded="0" quiescems="0.000" setupms="0.002" scanms="0.000" postms="0.000" />
</gc-op>
<heap-resize id="228" type="expand" space="default" amount="3145728" count="1" timems="0.114" reason="excessive time being spent in gc" timestamp="2019-06-16T01:49:41.777" />
<gc-end id="229" type="partial gc" contextid="222" durationms="5.227" usertimems="4.000" systemtimems="0.000" timestamp="2019-06-16T01:49:41.778" activeThreads="1">
  <mem-info id="230" free="10485760" total="18874368" percent="55">
    <mem type="eden" free="588080" total="1048576" percent="56" />
    <remembered-set count="7872" freebytes="721920" totalbytes="753408" percent="95" regionsoverflowed="0" regionsstable="0" regionsrebuilding="0"/>
  </mem-info>
</gc-end>
<cycle-end id="231" type="partial gc" contextid="222" timestamp="2019-06-16T01:49:41.778" />
  <attribute name="elasticGC enabled" value="1" />
  <attribute name= "numThreadsSpecified" value="1" />
  <attribute name="heapSize specified" value="0" />
  <attribute name="Current GC Util" value="40" />
  <attribute name= "Current Time Running" value="14844" />
  <attribute name ="GC Interval" value="0" />
  <attribute name="ProportionalT" value="30.000000" />
  <attribute name="ProportionalI" value="30.000000" />
  <attribute name="ProportionalH" value="30.000000" />
  <attribute name="Current Error" value="20.000000" />
  <attribute name="IntegralT" value="0.000000" />
  <attribute name="IntegralI" value="0.000000" />
  <attribute name="IntegralH" value="0.000000" />
  <attribute name="DerivativeT" value="inf" />
  <attribute name="DerivativeI" value="inf" />
  <attribute name="DerivativeH" value="inf" />
  <attribute name="Loop Time for DT" value="0.000000" />
  <attribute name="Output H" value="8388608"/>
  <attribute name="Output I" value="200"/>
  <attribute name="Output T" value="1"/>
  <attribute name="Target GC Util Change" value ="20.000000" />
  <attribute name="Current GC Util Change" value="40.000000"/>
  <attribute name="GC Util currently" value="40" />
  <attribute name="CPU Util currently" value="22707821316768" />
<exclusive-end id="232" timestamp="2019-06-16T01:49:41.778" durationms="5.811" />

<exclusive-start id="233" timestamp="2019-06-16T01:49:41.827" intervalms="54.931">
  <response-info timems="0.077" idlems="0.051" threads="1" lastid="0000000000E40F00" lastname="JIT Compilation Thread-1" />
</exclusive-start>
<allocation-taxation id="234" taxation-threshold="5242880" timestamp="2019-06-16T01:49:41.827" intervalms="54.941" />
<cycle-start id="235" type="global mark phase" contextid="0" timestamp="2019-06-16T01:49:41.827" intervalms="135.530" />
<gc-start id="236" type="global mark phase" contextid="235" timestamp="2019-06-16T01:49:41.827">
  <mem-info id="237" free="5242880" total="18874368" percent="27">
    <remembered-set count="7552" freebytes="723200" totalbytes="753408" percent="95" regionsoverflowed="0" regionsstable="0" regionsrebuilding="0"/>
  </mem-info>
</gc-start>
<gc-op id="238" type="mark increment" timems="0.572" contextid="235" timestamp="2019-06-16T01:49:41.828">
  <trace-info objectcount="314" scancount="0" scanbytes="0" />
</gc-op>
<gc-end id="239" type="global mark phase" contextid="235" durationms="0.730" usertimems="0.000" systemtimems="0.000" timestamp="2019-06-16T01:49:41.828" activeThreads="1">
  <mem-info id="240" free="5242880" total="18874368" percent="27">
    <remembered-set count="7552" freebytes="723200" totalbytes="753408" percent="95" regionsoverflowed="0" regionsstable="0" regionsrebuilding="0"/>
  </mem-info>
</gc-end>
<concurrent-start id="241" type="GMP work packet processing" contextid="235" timestamp="2019-06-16T01:49:41.828">
  <concurrent-mark-start scanTarget="18446744073709551615" />
</concurrent-start>
<exclusive-end id="242" timestamp="2019-06-16T01:49:41.828" durationms="1.146" />

<concurrent-end id="243" type="GMP work packet processing" contextid="235" timestamp="2019-06-16T01:49:41.831">
  <concurrent-mark-end bytesScanned="2566808" reasonForTermination="Completed all work in GC phase" />
</concurrent-end>

<exclusive-start id="244" timestamp="2019-06-16T01:49:41.894" intervalms="67.468">
  <response-info timems="0.039" idlems="0.039" threads="0" lastid="0000000001149C00" lastname="PmdThread 1" />
</exclusive-start>
<allocation-taxation id="245" taxation-threshold="5242880" timestamp="2019-06-16T01:49:41.894" intervalms="67.457" />
<cycle-start id="246" type="partial gc" contextid="0" timestamp="2019-06-16T01:49:41.894" intervalms="122.383" />
<gc-start id="247" type="partial gc" contextid="246" timestamp="2019-06-16T01:49:41.895">
  <mem-info id="248" free="0" total="18874368" percent="0">
    <mem type="eden" free="0" total="10485760" percent="0" />
    <remembered-set count="7552" freebytes="723200" totalbytes="753408" percent="95" regionsoverflowed="0" regionsstable="0" regionsrebuilding="0"/>
  </mem-info>
</gc-start>
<allocation-stats totalBytes="10482528" >
  <allocated-bytes non-tlh="16616" tlh="10465912" arrayletleaf="0"/>
  <largest-consumer threadName="PmdThread 2" threadId="000000000114D800" bytes="1552048" />
</allocation-stats>
<gc-op id="249" type="mark" timems="2.997" contextid="246" timestamp="2019-06-16T01:49:41.898">
  <trace-info objectcount="37844" scancount="33727" scanbytes="1056484" />
  <cardclean-info objects="1808" bytes="79164" />
  <remembered-set-cleared processed="6378" cleared="1329" durationms="0.105" />
  <references type="soft" candidates="21" cleared="0" enqueued="0" dynamicThreshold="8" maxThreshold="32" />
  <references type="weak" candidates="272" cleared="270" enqueued="270" />
  <references type="phantom" candidates="40" cleared="21" enqueued="21" />
  <stringconstants candidates="4967" cleared="0"  />
  <warning details="Mark invoked due to insufficient free space for Copy-Forward" />
</gc-op>
<gc-op id="250" type="classunload" timems="0.002" contextid="246" timestamp="2019-06-16T01:49:41.898">
  <classunload-info classloadercandidates="9" classloadersunloaded="0" classesunloaded="0" anonymousclassesunloaded="0" quiescems="0.000" setupms="0.002" scanms="0.000" postms="0.000" />
</gc-op>
<gc-op id="251" type="sweep" timems="0.466" contextid="246" timestamp="2019-06-16T01:49:41.899" />
<gc-op id="252" type="compact" timems="3.029" contextid="246" timestamp="2019-06-16T01:49:41.902">
  <compact-info movecount="36406" movebytes="1650824" />
  <remembered-set-cleared processed="18476" cleared="8308" durationms="0.105" />
</gc-op>
<gc-end id="253" type="partial gc" contextid="246" durationms="7.708" usertimems="4.000" systemtimems="8.000" timestamp="2019-06-16T01:49:41.902" activeThreads="4">
  <mem-info id="254" free="8388608" total="18874368" percent="44">
    <mem type="eden" free="845088" total="2097152" percent="40" />
    <pending-finalizers system="0" default="0" reference="291" classloader="0" />
    <remembered-set count="10592" freebytes="711040" totalbytes="753408" percent="94" regionsoverflowed="0" regionsstable="0" regionsrebuilding="0"/>
  </mem-info>
</gc-end>
<cycle-end id="255" type="partial gc" contextid="246" timestamp="2019-06-16T01:49:41.903" />
  <attribute name="elasticGC enabled" value="1" />
  <attribute name= "numThreadsSpecified" value="4" />
  <attribute name="heapSize specified" value="0" />
  <attribute name="Current GC Util" value="33" />
  <attribute name= "Current Time Running" value="14970" />
  <attribute name ="GC Interval" value="0" />
  <attribute name="ProportionalT" value="19.500000" />
  <attribute name="ProportionalI" value="19.500000" />
  <attribute name="ProportionalH" value="19.500000" />
  <attribute name="Current Error" value="13.000000" />
  <attribute name="IntegralT" value="13.000000" />
  <attribute name="IntegralI" value="13.000000" />
  <attribute name="IntegralH" value="13.000000" />
  <attribute name="DerivativeT" value="13.000000" />
  <attribute name="DerivativeI" value="13.000000" />
  <attribute name="DerivativeH" value="13.000000" />
  <attribute name="Loop Time for DT" value="1.000000" />
  <attribute name="Output H" value="8388608"/>
  <attribute name="Output I" value="200"/>
  <attribute name="Output T" value="4"/>
  <attribute name="Target GC Util Change" value ="20.000000" />
  <attribute name="Current GC Util Change" value="33.000000"/>
  <attribute name="GC Util currently" value="33" />
  <attribute name="CPU Util currently" value="5970515678636" />
<exclusive-end id="256" timestamp="2019-06-16T01:49:41.903" durationms="8.484" />

<exclusive-start id="257" timestamp="2019-06-16T01:49:41.936" intervalms="42.010">
  <response-info timems="0.041" idlems="0.022" threads="1" lastid="000000000114D800" lastname="PmdThread 2" />
</exclusive-start>
<allocation-taxation id="258" taxation-threshold="4194304" timestamp="2019-06-16T01:49:41.936" intervalms="42.002" />
<gc-start id="259" type="global mark phase" contextid="235" timestamp="2019-06-16T01:49:41.936">
  <mem-info id="260" free="4194304" total="18874368" percent="22">
    <remembered-set count="10304" freebytes="712192" totalbytes="753408" percent="94" regionsoverflowed="0" regionsstable="0" regionsrebuilding="0"/>
  </mem-info>
</gc-start>
<gc-op id="261" type="mark increment" timems="1.899" contextid="235" timestamp="2019-06-16T01:49:41.938">
  <trace-info objectcount="38899" scancount="34706" scanbytes="1091892" />
  <cardclean-info objects="2085" bytes="83416" />
  <finalization candidates="57" enqueued="0" />
  <ownableSynchronizers candidates="8" cleared="0" />
  <references type="soft" candidates="218" cleared="0" enqueued="0" dynamicThreshold="14" maxThreshold="32" />
  <references type="weak" candidates="855" cleared="143" enqueued="143" />
  <references type="phantom" candidates="119" cleared="11" enqueued="11" />
  <stringconstants candidates="4975" cleared="0"  />
</gc-op>
<gc-op id="262" type="classunload" timems="0.003" contextid="235" timestamp="2019-06-16T01:49:41.938">
  <classunload-info classloadercandidates="10" classloadersunloaded="0" classesunloaded="0" anonymousclassesunloaded="0" quiescems="0.000" setupms="0.003" scanms="0.000" postms="0.000" />
</gc-op>
<gc-end id="263" type="global mark phase" contextid="235" durationms="2.132" usertimems="4.000" systemtimems="0.000" timestamp="2019-06-16T01:49:41.939" activeThreads="4">
  <mem-info id="264" free="4194304" total="18874368" percent="22">
    <pending-finalizers system="0" default="0" reference="154" classloader="0" />
    <remembered-set count="10304" freebytes="712192" totalbytes="753408" percent="94" regionsoverflowed="0" regionsstable="0" regionsrebuilding="0"/>
  </mem-info>
</gc-end>
<cycle-end id="265" type="global mark phase" contextid="235" timestamp="2019-06-16T01:49:41.939" />
  <attribute name="elasticGC enabled" value="1" />
  <attribute name= "numThreadsSpecified" value="4" />
  <attribute name="heapSize specified" value="0" />
  <attribute name="Current GC Util" value="160" />
  <attribute name= "Current Time Running" value="15009" />
  <attribute name ="GC Interval" value="0" />
  <attribute name="ProportionalT" value="210.000000" />
  <attribute name="ProportionalI" value="210.000000" />
  <attribute name="ProportionalH" value="210.000000" />
  <attribute name="Current Error" value="140.000000" />
  <attribute name="IntegralT" value="140.000000" />
  <attribute name="IntegralI" value="140.000000" />
  <attribute name="IntegralH" value="140.000000" />
  <attribute name="DerivativeT" value="21.000000" />
  <attribute name="DerivativeI" value="21.000000" />
  <attribute name="DerivativeH" value="21.000000" />
  <attribute name="Loop Time for DT" value="1.000000" />
  <attribute name="Output H" value="8388608"/>
  <attribute name="Output I" value="376"/>
  <attribute name="Output T" value="4"/>
  <attribute name="Target GC Util Change" value ="20.000000" />
  <attribute name="Current GC Util Change" value="160.000000"/>
  <attribute name="GC Util currently" value="160" />
  <attribute name="CPU Util currently" value="4979711601138" />
<exclusive-end id="266" timestamp="2019-06-16T01:49:41.939" durationms="2.426" />

<exclusive-start id="267" timestamp="2019-06-16T01:49:41.960" intervalms="23.522">
  <response-info timems="0.041" idlems="0.041" threads="0" lastid="0000000001149C00" lastname="PmdThread 1" />
</exclusive-start>
<allocation-taxation id="268" taxation-threshold="4194304" timestamp="2019-06-16T01:49:41.960" intervalms="23.832" />
<cycle-start id="269" type="partial gc" contextid="0" timestamp="2019-06-16T01:49:41.960" intervalms="65.825" />
<gc-start id="270" type="partial gc" contextid="269" timestamp="2019-06-16T01:49:41.961">
  <mem-info id="271" free="0" total="18874368" percent="0">
    <mem type="eden" free="0" total="8388608" percent="0" />
    <remembered-set count="10304" freebytes="712192" totalbytes="753408" percent="94" regionsoverflowed="0" regionsstable="0" regionsrebuilding="0"/>
  </mem-info>
</gc-start>
<allocation-stats totalBytes="8373880" >
  <allocated-bytes non-tlh="1264" tlh="8372616" arrayletleaf="0"/>
  <largest-consumer threadName="PmdThread 4" threadId="000000000115D000" bytes="1691760" />
</allocation-stats>
<gc-op id="272" type="sweep" timems="0.455" contextid="269" timestamp="2019-06-16T01:49:41.961" />
<gc-op id="273" type="mark" timems="1.522" contextid="269" timestamp="2019-06-16T01:49:41.963">
  <trace-info objectcount="25170" scancount="22442" scanbytes="734384" />
  <cardclean-info objects="1475" bytes="72684" />
  <remembered-set-cleared processed="8140" cleared="1673" durationms="0.078" />
  <references type="soft" candidates="18" cleared="0" enqueued="0" dynamicThreshold="7" maxThreshold="32" />
  <references type="weak" candidates="135" cleared="134" enqueued="134" />
  <references type="phantom" candidates="27" cleared="9" enqueued="9" />
  <stringconstants candidates="4981" cleared="0"  />
  <warning details="Mark invoked due to insufficient free space for Copy-Forward" />
</gc-op>
<gc-op id="274" type="classunload" timems="0.003" contextid="269" timestamp="2019-06-16T01:49:41.963">
  <classunload-info classloadercandidates="10" classloadersunloaded="0" classesunloaded="0" anonymousclassesunloaded="0" quiescems="0.000" setupms="0.002" scanms="0.000" postms="0.000" />
</gc-op>
<gc-op id="275" type="sweep" timems="0.306" contextid="269" timestamp="2019-06-16T01:49:41.963" />
<gc-op id="276" type="compact" timems="3.062" contextid="269" timestamp="2019-06-16T01:49:41.967">
  <compact-info movecount="25170" movebytes="1293008" />
  <remembered-set-cleared processed="19465" cleared="6505" durationms="0.078" />
</gc-op>
<gc-end id="277" type="partial gc" contextid="269" durationms="6.584" usertimems="8.000" systemtimems="4.000" timestamp="2019-06-16T01:49:41.967" activeThreads="4">
  <mem-info id="278" free="8388608" total="18874368" percent="44">
    <mem type="eden" free="624832" total="1048576" percent="59" />
    <pending-finalizers system="0" default="0" reference="143" classloader="0" />
    <remembered-set count="10656" freebytes="710784" totalbytes="753408" percent="94" regionsoverflowed="0" regionsstable="0" regionsrebuilding="0"/>
  </mem-info>
</gc-end>
<cycle-end id="279" type="partial gc" contextid="269" timestamp="2019-06-16T01:49:41.967" />
  <attribute name="elasticGC enabled" value="1" />
  <attribute name= "numThreadsSpecified" value="4" />
  <attribute name="heapSize specified" value="0" />
  <attribute name="Current GC Util" value="39" />
  <attribute name= "Current Time Running" value="15035" />
  <attribute name ="GC Interval" value="0" />
  <attribute name="ProportionalT" value="28.500000" />
  <attribute name="ProportionalI" value="28.500000" />
  <attribute name="ProportionalH" value="28.500000" />
  <attribute name="Current Error" value="19.000000" />
  <attribute name="IntegralT" value="19.000000" />
  <attribute name="IntegralI" value="19.000000" />
  <attribute name="IntegralH" value="19.000000" />
  <attribute name="DerivativeT" value="-112.000000" />
  <attribute name="DerivativeI" value="-112.000000" />
  <attribute name="DerivativeH" value="-112.000000" />
  <attribute name="Loop Time for DT" value="1.000000" />
  <attribute name="Output H" value="2091843584"/>
  <attribute name="Output I" value="200"/>
  <attribute name="Output T" value="4"/>
  <attribute name="Target GC Util Change" value ="20.000000" />
  <attribute name="Current GC Util Change" value="39.000000"/>
  <attribute name="GC Util currently" value="39" />
  <attribute name="CPU Util currently" value="9067572990612" />
<exclusive-end id="280" timestamp="2019-06-16T01:49:41.967" durationms="7.645" />

<exclusive-start id="281" timestamp="2019-06-16T01:49:42.023" intervalms="63.237">
  <response-info timems="0.202" idlems="0.109" threads="1" lastid="0000000001149C00" lastname="PmdThread 1" />
</exclusive-start>
<allocation-taxation id="282" taxation-threshold="8388608" timestamp="2019-06-16T01:49:42.023" intervalms="62.927" />
<cycle-start id="283" type="partial gc" contextid="0" timestamp="2019-06-16T01:49:42.023" intervalms="62.942" />
<gc-start id="284" type="partial gc" contextid="283" timestamp="2019-06-16T01:49:42.023">
  <mem-info id="285" free="0" total="18874368" percent="0">
    <mem type="eden" free="0" total="8388608" percent="0" />
    <remembered-set count="10432" freebytes="711680" totalbytes="753408" percent="94" regionsoverflowed="0" regionsstable="0" regionsrebuilding="0"/>
  </mem-info>
</gc-start>
<allocation-stats totalBytes="8366440" >
  <allocated-bytes non-tlh="0" tlh="8366440" arrayletleaf="0"/>
  <largest-consumer threadName="PmdThread 4" threadId="000000000115D000" bytes="2539592" />
</allocation-stats>
<gc-op id="286" type="mark" timems="1.087" contextid="283" timestamp="2019-06-16T01:49:42.025">
  <trace-info objectcount="8075" scancount="7002" scanbytes="231844" />
  <cardclean-info objects="1469" bytes="73200" />
  <remembered-set-cleared processed="8931" cleared="981" durationms="0.082" />
  <references type="soft" candidates="11" cleared="0" enqueued="0" dynamicThreshold="14" maxThreshold="32" />
  <references type="weak" candidates="157" cleared="157" enqueued="157" />
  <references type="phantom" candidates="38" cleared="28" enqueued="28" />
  <stringconstants candidates="4981" cleared="0"  />
  <warning details="Mark invoked due to insufficient free space for Copy-Forward" />
</gc-op>
<gc-op id="287" type="classunload" timems="0.002" contextid="283" timestamp="2019-06-16T01:49:42.025">
  <classunload-info classloadercandidates="10" classloadersunloaded="0" classesunloaded="0" anonymousclassesunloaded="0" quiescems="0.000" setupms="0.001" scanms="0.000" postms="0.000" />
</gc-op>
<gc-op id="288" type="sweep" timems="0.317" contextid="283" timestamp="2019-06-16T01:49:42.025" />
<gc-op id="289" type="compact" timems="1.235" contextid="283" timestamp="2019-06-16T01:49:42.027">
  <compact-info movecount="8075" movebytes="709720" />
  <remembered-set-cleared processed="19024" cleared="3072" durationms="0.089" />
</gc-op>
<heap-resize id="290" type="expand" space="default" amount="1048576" count="1" timems="0.057" reason="insufficient free space following gc" timestamp="2019-06-16T01:49:42.027" />
<gc-end id="291" type="partial gc" contextid="283" durationms="3.808" usertimems="0.000" systemtimems="8.000" timestamp="2019-06-16T01:49:42.027" activeThreads="4">
  <mem-info id="292" free="8388608" total="19922944" percent="42">
    <mem type="eden" free="383200" total="1048576" percent="36" />
    <pending-finalizers system="0" default="0" reference="185" classloader="0" />
    <remembered-set count="11168" freebytes="750592" totalbytes="795264" percent="94" regionsoverflowed="0" regionsstable="0" regionsrebuilding="0"/>
  </mem-info>
</gc-end>
<cycle-end id="293" type="partial gc" contextid="283" timestamp="2019-06-16T01:49:42.027" />
  <attribute name="elasticGC enabled" value="1" />
  <attribute name= "numThreadsSpecified" value="4" />
  <attribute name="heapSize specified" value="0" />
  <attribute name="Current GC Util" value="42" />
  <attribute name= "Current Time Running" value="15096" />
  <attribute name ="GC Interval" value="0" />
  <attribute name="ProportionalT" value="33.000000" />
  <attribute name="ProportionalI" value="33.000000" />
  <attribute name="ProportionalH" value="33.000000" />
  <attribute name="Current Error" value="22.000000" />
  <attribute name="IntegralT" value="0.000000" />
  <attribute name="IntegralI" value="0.000000" />
  <attribute name="IntegralH" value="0.000000" />
  <attribute name="DerivativeT" value="-inf" />
  <attribute name="DerivativeI" value="-inf" />
  <attribute name="DerivativeH" value="-inf" />
  <attribute name="Loop Time for DT" value="0.000000" />
  <attribute name="Output H" value="2091843584"/>
  <attribute name="Output I" value="200"/>
  <attribute name="Output T" value="4"/>
  <attribute name="Target GC Util Change" value ="20.000000" />
  <attribute name="Current GC Util Change" value="42.000000"/>
  <attribute name="GC Util currently" value="42" />
  <attribute name="CPU Util currently" value="9478261435777" />
<exclusive-end id="294" timestamp="2019-06-16T01:49:42.028" durationms="4.494" />

<exclusive-start id="295" timestamp="2019-06-16T01:49:42.052" intervalms="28.422">
  <response-info timems="0.052" idlems="0.052" threads="0" lastid="000000000115D000" lastname="PmdThread 4" />
</exclusive-start>
<allocation-taxation id="296" taxation-threshold="4194304" timestamp="2019-06-16T01:49:42.052" intervalms="28.417" />
<cycle-start id="297" type="global mark phase" contextid="0" timestamp="2019-06-16T01:49:42.052" intervalms="224.612" />
<gc-start id="298" type="global mark phase" contextid="297" timestamp="2019-06-16T01:49:42.052">
  <mem-info id="299" free="4194304" total="19922944" percent="21">
    <remembered-set count="10976" freebytes="751360" totalbytes="795264" percent="94" regionsoverflowed="0" regionsstable="0" regionsrebuilding="0"/>
  </mem-info>
</gc-start>
<gc-op id="300" type="mark increment" timems="0.512" contextid="297" timestamp="2019-06-16T01:49:42.052">
  <trace-info objectcount="290" scancount="0" scanbytes="0" />
</gc-op>
<gc-end id="301" type="global mark phase" contextid="297" durationms="0.632" usertimems="0.000" systemtimems="0.000" timestamp="2019-06-16T01:49:42.052" activeThreads="1">
  <mem-info id="302" free="4194304" total="19922944" percent="21">
    <remembered-set count="10976" freebytes="751360" totalbytes="795264" percent="94" regionsoverflowed="0" regionsstable="0" regionsrebuilding="0"/>
  </mem-info>
</gc-end>
<concurrent-start id="303" type="GMP work packet processing" contextid="297" timestamp="2019-06-16T01:49:42.052">
  <concurrent-mark-start scanTarget="18446744073709551615" />
</concurrent-start>
<concurrent-end id="304" type="GMP work packet processing" contextid="297" timestamp="2019-06-16T01:49:42.057">
  <concurrent-mark-end bytesScanned="2206332" reasonForTermination="Completed all work in GC phase" />
</concurrent-end>

<exclusive-end id="305" timestamp="2019-06-16T01:49:42.057" durationms="5.356" />

<exclusive-start id="306" timestamp="2019-06-16T01:49:42.086" intervalms="34.392">
  <response-info timems="0.032" idlems="0.032" threads="0" lastid="0000000001149C00" lastname="PmdThread 1" />
</exclusive-start>
<allocation-taxation id="307" taxation-threshold="4194304" timestamp="2019-06-16T01:49:42.086" intervalms="34.416" />
<cycle-start id="308" type="partial gc" contextid="0" timestamp="2019-06-16T01:49:42.086" intervalms="62.882" />
<gc-start id="309" type="partial gc" contextid="308" timestamp="2019-06-16T01:49:42.086">
  <mem-info id="310" free="0" total="19922944" percent="0">
    <mem type="eden" free="0" total="8388608" percent="0" />
    <remembered-set count="10976" freebytes="751360" totalbytes="795264" percent="94" regionsoverflowed="0" regionsstable="0" regionsrebuilding="0"/>
  </mem-info>
</gc-start>
<allocation-stats totalBytes="8369280" >
  <allocated-bytes non-tlh="592" tlh="8368688" arrayletleaf="0"/>
  <largest-consumer threadName="PmdThread 4" threadId="000000000115D000" bytes="1475680" />
</allocation-stats>
<gc-op id="311" type="mark" timems="1.524" contextid="308" timestamp="2019-06-16T01:49:42.088">
  <trace-info objectcount="10681" scancount="9371" scanbytes="312652" />
  <cardclean-info objects="1635" bytes="76068" />
  <remembered-set-cleared processed="9311" cleared="1077" durationms="0.136" />
  <references type="weak" candidates="163" cleared="163" enqueued="163" />
  <references type="phantom" candidates="41" cleared="30" enqueued="30" />
  <stringconstants candidates="4990" cleared="0"  />
  <warning details="Mark invoked due to insufficient free space for Copy-Forward" />
</gc-op>
<gc-op id="312" type="classunload" timems="0.002" contextid="308" timestamp="2019-06-16T01:49:42.088">
  <classunload-info classloadercandidates="10" classloadersunloaded="0" classesunloaded="0" anonymousclassesunloaded="0" quiescems="0.000" setupms="0.002" scanms="0.000" postms="0.000" />
</gc-op>
<gc-op id="313" type="sweep" timems="0.312" contextid="308" timestamp="2019-06-16T01:49:42.089" />
<gc-op id="314" type="compact" timems="1.299" contextid="308" timestamp="2019-06-16T01:49:42.090">
  <compact-info movecount="9736" movebytes="924880" />
  <remembered-set-cleared processed="20200" cleared="3642" durationms="0.136" />
</gc-op>
<heap-resize id="315" type="expand" space="default" amount="4194304" count="1" timems="0.072" reason="excessive time being spent in gc" timestamp="2019-06-16T01:49:42.090" />
<gc-end id="316" type="partial gc" contextid="308" durationms="4.183" usertimems="8.000" systemtimems="0.000" timestamp="2019-06-16T01:49:42.090" activeThreads="4">
  <mem-info id="317" free="11534336" total="24117248" percent="47">
    <mem type="eden" free="245896" total="1048576" percent="23" />
    <pending-finalizers system="0" default="0" reference="193" classloader="0" />
    <remembered-set count="11584" freebytes="916352" totalbytes="962688" percent="95" regionsoverflowed="0" regionsstable="0" regionsrebuilding="0"/>
  </mem-info>
</gc-end>
<cycle-end id="318" type="partial gc" contextid="308" timestamp="2019-06-16T01:49:42.091" />
  <attribute name="elasticGC enabled" value="1" />
  <attribute name= "numThreadsSpecified" value="4" />
  <attribute name="heapSize specified" value="0" />
  <attribute name="Current GC Util" value="47" />
  <attribute name= "Current Time Running" value="15160" />
  <attribute name ="GC Interval" value="0" />
  <attribute name="ProportionalT" value="40.500000" />
  <attribute name="ProportionalI" value="40.500000" />
  <attribute name="ProportionalH" value="40.500000" />
  <attribute name="Current Error" value="27.000000" />
  <attribute name="IntegralT" value="27.000000" />
  <attribute name="IntegralI" value="27.000000" />
  <attribute name="IntegralH" value="27.000000" />
  <attribute name="DerivativeT" value="27.000000" />
  <attribute name="DerivativeI" value="27.000000" />
  <attribute name="DerivativeH" value="27.000000" />
  <attribute name="Loop Time for DT" value="1.000000" />
  <attribute name="Output H" value="8388608"/>
  <attribute name="Output I" value="200"/>
  <attribute name="Output T" value="4"/>
  <attribute name="Target GC Util Change" value ="20.000000" />
  <attribute name="Current GC Util Change" value="47.000000"/>
  <attribute name="GC Util currently" value="47" />
  <attribute name="CPU Util currently" value="9546897284090" />
<exclusive-end id="319" timestamp="2019-06-16T01:49:42.091" durationms="4.902" />

<exclusive-start id="320" timestamp="2019-06-16T01:49:42.125" intervalms="39.284">
  <response-info timems="0.082" idlems="0.050" threads="1" lastid="000000000114D800" lastname="PmdThread 2" />
</exclusive-start>
<allocation-taxation id="321" taxation-threshold="5242880" timestamp="2019-06-16T01:49:42.125" intervalms="39.276" />
<gc-start id="322" type="global mark phase" contextid="297" timestamp="2019-06-16T01:49:42.125">
  <mem-info id="323" free="6291456" total="24117248" percent="26">
    <remembered-set count="11424" freebytes="916992" totalbytes="962688" percent="95" regionsoverflowed="0" regionsstable="0" regionsrebuilding="0"/>
  </mem-info>
</gc-start>
<gc-op id="324" type="mark increment" timems="1.077" contextid="297" timestamp="2019-06-16T01:49:42.126">
  <trace-info objectcount="14261" scancount="12346" scanbytes="415120" />
  <cardclean-info objects="3027" bytes="122464" />
  <finalization candidates="58" enqueued="0" />
  <ownableSynchronizers candidates="8" cleared="0" />
  <references type="soft" candidates="229" cleared="11" enqueued="11" dynamicThreshold="15" maxThreshold="32" />
  <references type="weak" candidates="1175" cleared="304" enqueued="232" />
  <references type="phantom" candidates="136" cleared="20" enqueued="20" />
  <stringconstants candidates="4994" cleared="0"  />
</gc-op>
<gc-op id="325" type="classunload" timems="0.004" contextid="297" timestamp="2019-06-16T01:49:42.126">
  <classunload-info classloadercandidates="10" classloadersunloaded="0" classesunloaded="0" anonymousclassesunloaded="0" quiescems="0.000" setupms="0.003" scanms="0.000" postms="0.000" />
</gc-op>
<gc-end id="326" type="global mark phase" contextid="297" durationms="1.275" usertimems="4.000" systemtimems="0.000" timestamp="2019-06-16T01:49:42.127" activeThreads="1">
  <mem-info id="327" free="6291456" total="24117248" percent="26">
    <pending-finalizers system="0" default="0" reference="263" classloader="0" />
    <remembered-set count="11424" freebytes="916992" totalbytes="962688" percent="95" regionsoverflowed="0" regionsstable="0" regionsrebuilding="0"/>
  </mem-info>
</gc-end>
<cycle-end id="328" type="global mark phase" contextid="297" timestamp="2019-06-16T01:49:42.127" />
  <attribute name="elasticGC enabled" value="1" />
  <attribute name= "numThreadsSpecified" value="1" />
  <attribute name="heapSize specified" value="0" />
  <attribute name="Current GC Util" value="201" />
  <attribute name= "Current Time Running" value="15197" />
  <attribute name ="GC Interval" value="0" />
  <attribute name="ProportionalT" value="271.500000" />
  <attribute name="ProportionalI" value="271.500000" />
  <attribute name="ProportionalH" value="271.500000" />
  <attribute name="Current Error" value="181.000000" />
  <attribute name="IntegralT" value="0.000000" />
  <attribute name="IntegralI" value="0.000000" />
  <attribute name="IntegralH" value="0.000000" />
  <attribute name="DerivativeT" value="inf" />
  <attribute name="DerivativeI" value="inf" />
  <attribute name="DerivativeH" value="inf" />
  <attribute name="Loop Time for DT" value="0.000000" />
  <attribute name="Output H" value="8388608"/>
  <attribute name="Output I" value="200"/>
  <attribute name="Output T" value="1"/>
  <attribute name="Target GC Util Change" value ="20.000000" />
  <attribute name="Current GC Util Change" value="201.000000"/>
  <attribute name="GC Util currently" value="201" />
  <attribute name="CPU Util currently" value="14026064995932" />
<exclusive-end id="329" timestamp="2019-06-16T01:49:42.127" durationms="1.577" />

<exclusive-start id="330" timestamp="2019-06-16T01:49:42.155" intervalms="29.621">
  <response-info timems="0.092" idlems="0.076" threads="1" lastid="0000000001155400" lastname="PmdThread 3" />
</exclusive-start>
<allocation-taxation id="331" taxation-threshold="5242880" timestamp="2019-06-16T01:49:42.155" intervalms="29.590" />
<cycle-start id="332" type="partial gc" contextid="0" timestamp="2019-06-16T01:49:42.155" intervalms="68.806" />
<gc-start id="333" type="partial gc" contextid="332" timestamp="2019-06-16T01:49:42.155">
  <mem-info id="334" free="1048576" total="24117248" percent="4">
    <mem type="eden" free="0" total="10485760" percent="0" />
    <remembered-set count="11424" freebytes="916992" totalbytes="962688" percent="95" regionsoverflowed="0" regionsstable="0" regionsrebuilding="0"/>
  </mem-info>
</gc-start>
<allocation-stats totalBytes="10466168" >
  <allocated-bytes non-tlh="152" tlh="10466016" arrayletleaf="0"/>
  <largest-consumer threadName="PmdThread 4" threadId="000000000115D000" bytes="1699568" />
</allocation-stats>
<gc-op id="335" type="sweep" timems="0.379" contextid="332" timestamp="2019-06-16T01:49:42.156" />
<gc-op id="336" type="copy forward" timems="3.737" contextid="332" timestamp="2019-06-16T01:49:42.160">
  <memory-copied type="eden" objects="16339" bytes="1112344" bytesdiscarded="13" />
  <memory-copied type="other" objects="6060" bytes="398200" bytesdiscarded="3" />
  <memory-cardclean objects="2238" bytes="96008" />
  <regions eden="5" other="6" />
  <remembered-set-cleared processed="9808" cleared="1324" durationms="0.137" />
  <finalization candidates="1" enqueued="0" />
  <references type="weak" candidates="250" cleared="0" enqueued="0" />
  <references type="phantom" candidates="20" cleared="0" enqueued="0" />
  <stringconstants candidates="4994" cleared="0"  />
  <heap-resize type="expand" space="default" amount="2097152" count="2" timems="0.102" reason="continue current collection" />
</gc-op>
<gc-op id="337" type="classunload" timems="0.002" contextid="332" timestamp="2019-06-16T01:49:42.160">
  <classunload-info classloadercandidates="10" classloadersunloaded="0" classesunloaded="0" anonymousclassesunloaded="0" quiescems="0.000" setupms="0.002" scanms="0.000" postms="0.000" />
</gc-op>
<gc-op id="338" type="compact" timems="0.859" contextid="332" timestamp="2019-06-16T01:49:42.161">
  <compact-info movecount="0" movebytes="0" />
  <remembered-set-cleared processed="20628" cleared="1324" durationms="0.137" />
</gc-op>
<gc-end id="339" type="partial gc" contextid="332" durationms="6.208" usertimems="4.000" systemtimems="4.000" timestamp="2019-06-16T01:49:42.161" activeThreads="4">
  <mem-info id="340" free="11534336" total="26214400" percent="44">
    <mem type="eden" free="734992" total="2097152" percent="35" />
    <remembered-set count="12096" freebytes="998016" totalbytes="1046400" percent="95" regionsoverflowed="0" regionsstable="0" regionsrebuilding="0"/>
  </mem-info>
</gc-end>
<cycle-end id="341" type="partial gc" contextid="332" timestamp="2019-06-16T01:49:42.162" />
  <attribute name="elasticGC enabled" value="1" />
  <attribute name= "numThreadsSpecified" value="4" />
  <attribute name="heapSize specified" value="0" />
  <attribute name="Current GC Util" value="0" />
  <attribute name= "Current Time Running" value="15231" />
  <attribute name ="GC Interval" value="0" />
  <attribute name="ProportionalT" value="-30.000000" />
  <attribute name="ProportionalI" value="-30.000000" />
  <attribute name="ProportionalH" value="-30.000000" />
  <attribute name="Current Error" value="-20.000000" />
  <attribute name="IntegralT" value="-80.000000" />
  <attribute name="IntegralI" value="-80.000000" />
  <attribute name="IntegralH" value="-80.000000" />
  <attribute name="DerivativeT" value="-16.500000" />
  <attribute name="DerivativeI" value="-16.500000" />
  <attribute name="DerivativeH" value="-16.500000" />
  <attribute name="Loop Time for DT" value="4.000000" />
  <attribute name="Output H" value="2091843584"/>
  <attribute name="Output I" value="200"/>
  <attribute name="Output T" value="4"/>
  <attribute name="Target GC Util Change" value ="20.000000" />
  <attribute name="Current GC Util Change" value="0.000000"/>
  <attribute name="GC Util currently" value="0" />
  <attribute name="CPU Util currently" value="1120011641551" />
<exclusive-end id="342" timestamp="2019-06-16T01:49:42.162" durationms="6.921" />

<exclusive-start id="343" timestamp="2019-06-16T01:49:42.184" intervalms="29.124">
  <response-info timems="0.077" idlems="0.041" threads="1" lastid="0000000001155400" lastname="PmdThread 3" />
</exclusive-start>
<allocation-taxation id="344" taxation-threshold="5242880" timestamp="2019-06-16T01:49:42.184" intervalms="29.147" />
<cycle-start id="345" type="global mark phase" contextid="0" timestamp="2019-06-16T01:49:42.184" intervalms="132.459" />
<gc-start id="346" type="global mark phase" contextid="345" timestamp="2019-06-16T01:49:42.184">
  <mem-info id="347" free="6291456" total="26214400" percent="24">
    <remembered-set count="12096" freebytes="998016" totalbytes="1046400" percent="95" regionsoverflowed="0" regionsstable="0" regionsrebuilding="0"/>
  </mem-info>
</gc-start>
<gc-op id="348" type="mark increment" timems="0.512" contextid="345" timestamp="2019-06-16T01:49:42.185">
  <trace-info objectcount="277" scancount="0" scanbytes="0" />
</gc-op>
<gc-end id="349" type="global mark phase" contextid="345" durationms="0.633" usertimems="0.000" systemtimems="0.000" timestamp="2019-06-16T01:49:42.185" activeThreads="1">
  <mem-info id="350" free="6291456" total="26214400" percent="24">
    <remembered-set count="12096" freebytes="998016" totalbytes="1046400" percent="95" regionsoverflowed="0" regionsstable="0" regionsrebuilding="0"/>
  </mem-info>
</gc-end>
<concurrent-start id="351" type="GMP work packet processing" contextid="345" timestamp="2019-06-16T01:49:42.185">
  <concurrent-mark-start scanTarget="18446744073709551615" />
</concurrent-start>
<exclusive-end id="352" timestamp="2019-06-16T01:49:42.185" durationms="1.073" />

<concurrent-end id="353" type="GMP work packet processing" contextid="345" timestamp="2019-06-16T01:49:42.187">
  <concurrent-mark-end bytesScanned="3051736" reasonForTermination="Completed all work in GC phase" />
</concurrent-end>

<exclusive-start id="354" timestamp="2019-06-16T01:49:42.205" intervalms="20.815">
  <response-info timems="0.075" idlems="0.046" threads="1" lastid="0000000000E3D300" lastname="JIT Compilation Thread-0" />
</exclusive-start>
<allocation-taxation id="355" taxation-threshold="5242880" timestamp="2019-06-16T01:49:42.205" intervalms="20.809" />
<cycle-start id="356" type="partial gc" contextid="0" timestamp="2019-06-16T01:49:42.205" intervalms="49.991" />
<gc-start id="357" type="partial gc" contextid="356" timestamp="2019-06-16T01:49:42.205">
  <mem-info id="358" free="1048576" total="26214400" percent="4">
    <mem type="eden" free="0" total="10485760" percent="0" />
    <remembered-set count="12096" freebytes="998016" totalbytes="1046400" percent="95" regionsoverflowed="0" regionsstable="0" regionsrebuilding="0"/>
  </mem-info>
</gc-start>
<allocation-stats totalBytes="10483088" >
  <allocated-bytes non-tlh="0" tlh="10483088" arrayletleaf="0"/>
  <largest-consumer threadName="PmdThread 1" threadId="0000000001149C00" bytes="1928928" />
</allocation-stats>
<gc-op id="359" type="copy forward" timems="10.399" contextid="356" timestamp="2019-06-16T01:49:42.216">
  <memory-copied type="eden" objects="62964" bytes="2479696" bytesdiscarded="0" />
  <memory-copied type="other" objects="18697" bytes="1316616" bytesdiscarded="0" />
  <memory-cardclean objects="826" bytes="48880" />
  <regions eden="10" other="2" />
  <remembered-set-cleared processed="10385" cleared="1346" durationms="0.140" />
  <finalization candidates="1" enqueued="0" />
  <references type="weak" candidates="259" cleared="0" enqueued="0" />
  <references type="phantom" candidates="19" cleared="0" enqueued="0" />
  <stringconstants candidates="4994" cleared="0"  />
  <heap-resize type="expand" space="default" amount="4194304" count="4" timems="0.235" reason="continue current collection" />
</gc-op>
<gc-op id="360" type="classunload" timems="0.003" contextid="356" timestamp="2019-06-16T01:49:42.216">
  <classunload-info classloadercandidates="10" classloadersunloaded="0" classesunloaded="0" anonymousclassesunloaded="0" quiescems="0.000" setupms="0.003" scanms="0.000" postms="0.000" />
</gc-op>
<gc-op id="361" type="compact" timems="1.041" contextid="356" timestamp="2019-06-16T01:49:42.217">
  <compact-info movecount="0" movebytes="0" />
  <remembered-set-cleared processed="26024" cleared="1346" durationms="0.140" />
</gc-op>
<gc-end id="362" type="partial gc" contextid="356" durationms="12.512" usertimems="8.000" systemtimems="4.000" timestamp="2019-06-16T01:49:42.218" activeThreads="4">
  <mem-info id="363" free="12582912" total="30408704" percent="41">
    <mem type="eden" free="661648" total="3145728" percent="21" />
    <remembered-set count="16928" freebytes="1146112" totalbytes="1213824" percent="94" regionsoverflowed="0" regionsstable="0" regionsrebuilding="0"/>
  </mem-info>
</gc-end>
<cycle-end id="364" type="partial gc" contextid="356" timestamp="2019-06-16T01:49:42.218" />
  <attribute name="elasticGC enabled" value="1" />
  <attribute name= "numThreadsSpecified" value="4" />
  <attribute name="heapSize specified" value="0" />
  <attribute name="Current GC Util" value="0" />
  <attribute name= "Current Time Running" value="15287" />
  <attribute name ="GC Interval" value="0" />
  <attribute name="ProportionalT" value="-30.000000" />
  <attribute name="ProportionalI" value="-30.000000" />
  <attribute name="ProportionalH" value="-30.000000" />
  <attribute name="Current Error" value="-20.000000" />
  <attribute name="IntegralT" value="-220.000000" />
  <attribute name="IntegralI" value="-220.000000" />
  <attribute name="IntegralH" value="-220.000000" />
  <attribute name="DerivativeT" value="-7.000000" />
  <attribute name="DerivativeI" value="-7.000000" />
  <attribute name="DerivativeH" value="-7.000000" />
  <attribute name="Loop Time for DT" value="11.000000" />
  <attribute name="Output H" value="2091843584"/>
  <attribute name="Output I" value="200"/>
  <attribute name="Output T" value="4"/>
  <attribute name="Target GC Util Change" value ="20.000000" />
  <attribute name="Current GC Util Change" value="0.000000"/>
  <attribute name="GC Util currently" value="0" />
  <attribute name="CPU Util currently" value="426348229864" />
<exclusive-end id="365" timestamp="2019-06-16T01:49:42.218" durationms="13.282" />

<exclusive-start id="366" timestamp="2019-06-16T01:49:42.231" intervalms="25.829">
  <response-info timems="0.176" idlems="0.130" threads="1" lastid="0000000000E3D300" lastname="JIT Compilation Thread-0" />
</exclusive-start>
<allocation-taxation id="367" taxation-threshold="6291456" timestamp="2019-06-16T01:49:42.231" intervalms="25.889" />
<gc-start id="368" type="global mark phase" contextid="345" timestamp="2019-06-16T01:49:42.231">
  <mem-info id="369" free="6291456" total="30408704" percent="20">
    <remembered-set count="16928" freebytes="1146112" totalbytes="1213824" percent="94" regionsoverflowed="0" regionsstable="0" regionsrebuilding="0"/>
  </mem-info>
</gc-start>
<gc-op id="370" type="mark increment" timems="2.249" contextid="345" timestamp="2019-06-16T01:49:42.234">
  <trace-info objectcount="56792" scancount="52287" scanbytes="1906504" />
  <cardclean-info objects="11422" bytes="433184" />
  <finalization candidates="58" enqueued="0" />
  <ownableSynchronizers candidates="8" cleared="0" />
  <references type="soft" candidates="218" cleared="2" enqueued="2" dynamicThreshold="13" maxThreshold="32" />
  <references type="weak" candidates="1167" cleared="296" enqueued="296" />
  <references type="phantom" candidates="135" cleared="18" enqueued="18" />
  <stringconstants candidates="4994" cleared="0"  />
</gc-op>
<gc-op id="371" type="classunload" timems="0.003" contextid="345" timestamp="2019-06-16T01:49:42.234">
  <classunload-info classloadercandidates="10" classloadersunloaded="0" classesunloaded="0" anonymousclassesunloaded="0" quiescems="0.000" setupms="0.003" scanms="0.000" postms="0.000" />
</gc-op>
<gc-end id="372" type="global mark phase" contextid="345" durationms="2.847" usertimems="4.000" systemtimems="0.000" timestamp="2019-06-16T01:49:42.234" activeThreads="4">
  <mem-info id="373" free="6291456" total="30408704" percent="20">
    <pending-finalizers system="0" default="0" reference="316" classloader="0" />
    <remembered-set count="16928" freebytes="1146112" totalbytes="1213824" percent="94" regionsoverflowed="0" regionsstable="0" regionsrebuilding="0"/>
  </mem-info>
</gc-end>
<cycle-end id="374" type="global mark phase" contextid="345" timestamp="2019-06-16T01:49:42.234" />
  <attribute name="elasticGC enabled" value="1" />
  <attribute name= "numThreadsSpecified" value="4" />
  <attribute name="heapSize specified" value="0" />
  <attribute name="Current GC Util" value="162" />
  <attribute name= "Current Time Running" value="15304" />
  <attribute name ="GC Interval" value="0" />
  <attribute name="ProportionalT" value="213.000000" />
  <attribute name="ProportionalI" value="213.000000" />
  <attribute name="ProportionalH" value="213.000000" />
  <attribute name="Current Error" value="142.000000" />
  <attribute name="IntegralT" value="142.000000" />
  <attribute name="IntegralI" value="142.000000" />
  <attribute name="IntegralH" value="142.000000" />
  <attribute name="DerivativeT" value="-35.000000" />
  <attribute name="DerivativeI" value="-35.000000" />
  <attribute name="DerivativeH" value="-35.000000" />
  <attribute name="Loop Time for DT" value="1.000000" />
  <attribute name="Output H" value="8388608"/>
  <attribute name="Output I" value="320"/>
  <attribute name="Output T" value="4"/>
  <attribute name="Target GC Util Change" value ="20.000000" />
  <attribute name="Current GC Util Change" value="162.000000"/>
  <attribute name="GC Util currently" value="162" />
  <attribute name="CPU Util currently" value="3921865218380" />
<exclusive-end id="375" timestamp="2019-06-16T01:49:42.234" durationms="3.302" />

<exclusive-start id="376" timestamp="2019-06-16T01:49:42.248" intervalms="17.705">
  <response-info timems="0.066" idlems="0.045" threads="1" lastid="0000000000E40F00" lastname="JIT Compilation Thread-1" />
</exclusive-start>
<allocation-taxation id="377" taxation-threshold="6291456" timestamp="2019-06-16T01:49:42.248" intervalms="17.622" />
<cycle-start id="378" type="partial gc" contextid="0" timestamp="2019-06-16T01:49:42.248" intervalms="43.497" />
<gc-start id="379" type="partial gc" contextid="378" timestamp="2019-06-16T01:49:42.249">
  <mem-info id="380" free="0" total="30408704" percent="0">
    <mem type="eden" free="0" total="12582912" percent="0" />
    <remembered-set count="16928" freebytes="1146112" totalbytes="1213824" percent="94" regionsoverflowed="0" regionsstable="0" regionsrebuilding="0"/>
  </mem-info>
</gc-start>
<allocation-stats totalBytes="12579416" >
  <allocated-bytes non-tlh="264" tlh="12579152" arrayletleaf="0"/>
  <largest-consumer threadName="PmdThread 2" threadId="000000000114D800" bytes="2317920" />
</allocation-stats>
<gc-op id="381" type="sweep" timems="0.475" contextid="378" timestamp="2019-06-16T01:49:42.250" />
<gc-op id="382" type="mark" timems="2.710" contextid="378" timestamp="2019-06-16T01:49:42.253">
  <trace-info objectcount="114958" scancount="105935" scanbytes="3852648" />
  <cardclean-info objects="2294" bytes="98768" />
  <remembered-set-cleared processed="15182" cleared="5196" durationms="0.103" />
  <references type="soft" candidates="11" cleared="0" enqueued="0" dynamicThreshold="6" maxThreshold="32" />
  <references type="weak" candidates="1" cleared="1" enqueued="1" />
  <references type="phantom" candidates="1" cleared="0" enqueued="0" />
  <stringconstants candidates="4994" cleared="0"  />
  <warning details="Mark invoked due to insufficient free space for Copy-Forward" />
</gc-op>
<gc-op id="383" type="classunload" timems="0.003" contextid="378" timestamp="2019-06-16T01:49:42.253">
  <classunload-info classloadercandidates="10" classloadersunloaded="0" classesunloaded="0" anonymousclassesunloaded="0" quiescems="0.000" setupms="0.003" scanms="0.000" postms="0.000" />
</gc-op>
<gc-op id="384" type="sweep" timems="0.440" contextid="378" timestamp="2019-06-16T01:49:42.253" />
<gc-op id="385" type="compact" timems="7.270" contextid="378" timestamp="2019-06-16T01:49:42.261">
  <compact-info movecount="107866" movebytes="4142864" />
  <remembered-set-cleared processed="61268" cleared="41212" durationms="0.219" />
</gc-op>
<heap-resize id="386" type="expand" space="default" amount="2097152" count="1" timems="0.062" reason="insufficient free space following gc" timestamp="2019-06-16T01:49:42.261" />
<gc-end id="387" type="partial gc" contextid="378" durationms="12.674" usertimems="20.000" systemtimems="8.000" timestamp="2019-06-16T01:49:42.261" activeThreads="4">
  <mem-info id="388" free="11534336" total="32505856" percent="35">
    <mem type="eden" free="904376" total="3145728" percent="28" />
    <pending-finalizers system="0" default="0" reference="1" classloader="0" />
    <remembered-set count="24192" freebytes="1200768" totalbytes="1297536" percent="92" regionsoverflowed="0" regionsstable="0" regionsrebuilding="0"/>
  </mem-info>
</gc-end>
<cycle-end id="389" type="partial gc" contextid="378" timestamp="2019-06-16T01:49:42.261" />
  <attribute name="elasticGC enabled" value="1" />
  <attribute name= "numThreadsSpecified" value="4" />
  <attribute name="heapSize specified" value="0" />
  <attribute name="Current GC Util" value="56" />
  <attribute name= "Current Time Running" value="15324" />
  <attribute name ="GC Interval" value="0" />
  <attribute name="ProportionalT" value="54.000000" />
  <attribute name="ProportionalI" value="54.000000" />
  <attribute name="ProportionalH" value="54.000000" />
  <attribute name="Current Error" value="36.000000" />
  <attribute name="IntegralT" value="0.000000" />
  <attribute name="IntegralI" value="0.000000" />
  <attribute name="IntegralH" value="0.000000" />
  <attribute name="DerivativeT" value="-inf" />
  <attribute name="DerivativeI" value="-inf" />
  <attribute name="DerivativeH" value="-inf" />
  <attribute name="Loop Time for DT" value="0.000000" />
  <attribute name="Output H" value="2091843584"/>
  <attribute name="Output I" value="200"/>
  <attribute name="Output T" value="4"/>
  <attribute name="Target GC Util Change" value ="20.000000" />
  <attribute name="Current GC Util Change" value="56.000000"/>
  <attribute name="GC Util currently" value="56" />
  <attribute name="CPU Util currently" value="7160258192466" />
<exclusive-end id="390" timestamp="2019-06-16T01:49:42.262" durationms="13.267" />

<exclusive-start id="391" timestamp="2019-06-16T01:49:42.290" intervalms="41.503">
  <response-info timems="0.044" idlems="0.044" threads="0" lastid="000000000114D800" lastname="PmdThread 2" />
</exclusive-start>
<allocation-taxation id="392" taxation-threshold="11534336" timestamp="2019-06-16T01:49:42.290" intervalms="41.562" />
<cycle-start id="393" type="partial gc" contextid="0" timestamp="2019-06-16T01:49:42.290" intervalms="41.598" />
<gc-start id="394" type="partial gc" contextid="393" timestamp="2019-06-16T01:49:42.290">
  <mem-info id="395" free="0" total="32505856" percent="0">
    <mem type="eden" free="904376" total="12582912" percent="7" />
    <remembered-set count="24064" freebytes="1201280" totalbytes="1297536" percent="92" regionsoverflowed="0" regionsstable="0" regionsrebuilding="0"/>
  </mem-info>
</gc-start>
<allocation-stats totalBytes="11530040" >
  <allocated-bytes non-tlh="168" tlh="11529872" arrayletleaf="0"/>
  <largest-consumer threadName="PmdThread 2" threadId="000000000114D800" bytes="5016816" />
</allocation-stats>
<gc-op id="396" type="mark" timems="3.031" contextid="393" timestamp="2019-06-16T01:49:42.294">
  <trace-info objectcount="101791" scancount="94477" scanbytes="3417108" />
  <cardclean-info objects="14480" bytes="803308" />
  <remembered-set-cleared processed="20077" cleared="6971" durationms="0.136" />
  <references type="weak" candidates="266" cleared="266" enqueued="266" />
  <references type="phantom" candidates="6" cleared="5" enqueued="5" />
  <stringconstants candidates="4997" cleared="0"  />
  <warning details="Mark invoked due to insufficient free space for Copy-Forward" />
</gc-op>
<gc-op id="397" type="classunload" timems="0.003" contextid="393" timestamp="2019-06-16T01:49:42.294">
  <classunload-info classloadercandidates="10" classloadersunloaded="0" classesunloaded="0" anonymousclassesunloaded="0" quiescems="0.000" setupms="0.002" scanms="0.000" postms="0.000" />
</gc-op>
<gc-op id="398" type="sweep" timems="0.444" contextid="393" timestamp="2019-06-16T01:49:42.294" />
<gc-op id="399" type="compact" timems="7.011" contextid="393" timestamp="2019-06-16T01:49:42.302">
  <compact-info movecount="100833" movebytes="3977384" />
  <remembered-set-cleared processed="78394" cleared="50009" durationms="0.272" />
</gc-op>
<heap-resize id="400" type="expand" space="default" amount="2097152" count="1" timems="0.071" reason="insufficient free space following gc" timestamp="2019-06-16T01:49:42.302" />
<gc-end id="401" type="partial gc" contextid="393" durationms="12.007" usertimems="24.000" systemtimems="0.000" timestamp="2019-06-16T01:49:42.302" activeThreads="4">
  <mem-info id="402" free="11534336" total="34603008" percent="33">
    <mem type="eden" free="304728" total="3145728" percent="9" />
    <pending-finalizers system="0" default="0" reference="271" classloader="0" />
    <remembered-set count="31776" freebytes="1254144" totalbytes="1381248" percent="90" regionsoverflowed="0" regionsstable="0" regionsrebuilding="0"/>
  </mem-info>
</gc-end>
<cycle-end id="403" type="partial gc" contextid="393" timestamp="2019-06-16T01:49:42.302" />
  <attribute name="elasticGC enabled" value="1" />
  <attribute name= "numThreadsSpecified" value="4" />
  <attribute name="heapSize specified" value="0" />
  <attribute name="Current GC Util" value="51" />
  <attribute name= "Current Time Running" value="15366" />
  <attribute name ="GC Interval" value="0" />
  <attribute name="ProportionalT" value="46.500000" />
  <attribute name="ProportionalI" value="46.500000" />
  <attribute name="ProportionalH" value="46.500000" />
  <attribute name="Current Error" value="31.000000" />
  <attribute name="IntegralT" value="31.000000" />
  <attribute name="IntegralI" value="31.000000" />
  <attribute name="IntegralH" value="31.000000" />
  <attribute name="DerivativeT" value="-154.000000" />
  <attribute name="DerivativeI" value="-154.000000" />
  <attribute name="DerivativeH" value="-154.000000" />
  <attribute name="Loop Time for DT" value="1.000000" />
  <attribute name="Output H" value="2091843584"/>
  <attribute name="Output I" value="200"/>
  <attribute name="Output T" value="4"/>
  <attribute name="Target GC Util Change" value ="20.000000" />
  <attribute name="Current GC Util Change" value="51.000000"/>
  <attribute name="GC Util currently" value="51" />
  <attribute name="CPU Util currently" value="6507283817813" />
<exclusive-end id="404" timestamp="2019-06-16T01:49:42.303" durationms="12.963" />

<exclusive-start id="405" timestamp="2019-06-16T01:49:42.335" intervalms="44.814">
  <response-info timems="0.066" idlems="0.066" threads="0" lastid="0000000001149C00" lastname="PmdThread 1" />
</exclusive-start>
<allocation-taxation id="406" taxation-threshold="11534336" timestamp="2019-06-16T01:49:42.335" intervalms="44.827" />
<cycle-start id="407" type="partial gc" contextid="0" timestamp="2019-06-16T01:49:42.335" intervalms="44.839" />
<gc-start id="408" type="partial gc" contextid="407" timestamp="2019-06-16T01:49:42.335">
  <mem-info id="409" free="0" total="34603008" percent="0">
    <mem type="eden" free="0" total="11534336" percent="0" />
    <remembered-set count="31488" freebytes="1255296" totalbytes="1381248" percent="90" regionsoverflowed="0" regionsstable="0" regionsrebuilding="0"/>
  </mem-info>
</gc-start>
<allocation-stats totalBytes="11530880" >
  <allocated-bytes non-tlh="64" tlh="11530816" arrayletleaf="0"/>
  <largest-consumer threadName="PmdThread 1" threadId="0000000001149C00" bytes="5508208" />
</allocation-stats>
<gc-op id="410" type="mark" timems="2.556" contextid="407" timestamp="2019-06-16T01:49:42.338">
  <trace-info objectcount="66479" scancount="61580" scanbytes="2239252" />
  <cardclean-info objects="23189" bytes="942316" />
  <remembered-set-cleared processed="28410" cleared="7854" durationms="0.200" />
  <references type="weak" candidates="120" cleared="120" enqueued="120" />
  <references type="phantom" candidates="5" cleared="5" enqueued="5" />
  <stringconstants candidates="4998" cleared="0"  />
  <warning details="Mark invoked due to insufficient free space for Copy-Forward" />
</gc-op>
<gc-op id="411" type="classunload" timems="0.002" contextid="407" timestamp="2019-06-16T01:49:42.338">
  <classunload-info classloadercandidates="10" classloadersunloaded="0" classesunloaded="0" anonymousclassesunloaded="0" quiescems="0.000" setupms="0.002" scanms="0.000" postms="0.000" />
</gc-op>
<gc-op id="412" type="sweep" timems="0.392" contextid="407" timestamp="2019-06-16T01:49:42.339" />
<gc-op id="413" type="compact" timems="4.684" contextid="407" timestamp="2019-06-16T01:49:42.344">
  <compact-info movecount="60979" movebytes="2524112" />
  <remembered-set-cleared processed="79353" cleared="34288" durationms="0.223" />
</gc-op>
<heap-resize id="414" type="expand" space="default" amount="3145728" count="1" timems="0.075" reason="insufficient free space following gc" timestamp="2019-06-16T01:49:42.344" />
<gc-end id="415" type="partial gc" contextid="407" durationms="9.244" usertimems="12.000" systemtimems="4.000" timestamp="2019-06-16T01:49:42.344" activeThreads="4">
  <mem-info id="416" free="12582912" total="37748736" percent="33">
    <mem type="eden" free="897168" total="2097152" percent="42" />
    <pending-finalizers system="0" default="0" reference="125" classloader="0" />
    <remembered-set count="35136" freebytes="1366272" totalbytes="1506816" percent="90" regionsoverflowed="0" regionsstable="0" regionsrebuilding="0"/>
  </mem-info>
</gc-end>
<cycle-end id="417" type="partial gc" contextid="407" timestamp="2019-06-16T01:49:42.345" />
  <attribute name="elasticGC enabled" value="1" />
  <attribute name= "numThreadsSpecified" value="4" />
  <attribute name="heapSize specified" value="0" />
  <attribute name="Current GC Util" value="50" />
  <attribute name= "Current Time Running" value="15410" />
  <attribute name ="GC Interval" value="0" />
  <attribute name="ProportionalT" value="45.000000" />
  <attribute name="ProportionalI" value="45.000000" />
  <attribute name="ProportionalH" value="45.000000" />
  <attribute name="Current Error" value="30.000000" />
  <attribute name="IntegralT" value="30.000000" />
  <attribute name="IntegralI" value="30.000000" />
  <attribute name="IntegralH" value="30.000000" />
  <attribute name="DerivativeT" value="-141.000000" />
  <attribute name="DerivativeI" value="-141.000000" />
  <attribute name="DerivativeH" value="-141.000000" />
  <attribute name="Loop Time for DT" value="1.000000" />
  <attribute name="Output H" value="2091843584"/>
  <attribute name="Output I" value="200"/>
  <attribute name="Output T" value="4"/>
  <attribute name="Target GC Util Change" value ="20.000000" />
  <attribute name="Current GC Util Change" value="50.000000"/>
  <attribute name="GC Util currently" value="50" />
  <attribute name="CPU Util currently" value="7539968497292" />
<exclusive-end id="418" timestamp="2019-06-16T01:49:42.345" durationms="10.177" />

<exclusive-start id="419" timestamp="2019-06-16T01:49:42.376" intervalms="41.878">
  <response-info timems="0.039" idlems="0.039" threads="0" lastid="0000000001149C00" lastname="PmdThread 1" />
</exclusive-start>
<allocation-taxation id="420" taxation-threshold="12582912" timestamp="2019-06-16T01:49:42.377" intervalms="41.893" />
<cycle-start id="421" type="partial gc" contextid="0" timestamp="2019-06-16T01:49:42.377" intervalms="41.885" />
<gc-start id="422" type="partial gc" contextid="421" timestamp="2019-06-16T01:49:42.377">
  <mem-info id="423" free="0" total="37748736" percent="0">
    <mem type="eden" free="0" total="12582912" percent="0" />
    <remembered-set count="34784" freebytes="1367680" totalbytes="1506816" percent="90" regionsoverflowed="0" regionsstable="0" regionsrebuilding="0"/>
  </mem-info>
</gc-start>
<allocation-stats totalBytes="12578752" >
  <allocated-bytes non-tlh="88" tlh="12578664" arrayletleaf="0"/>
  <largest-consumer threadName="PmdThread 2" threadId="000000000114D800" bytes="6884384" />
</allocation-stats>
<gc-op id="424" type="mark" timems="2.689" contextid="421" timestamp="2019-06-16T01:49:42.380">
  <trace-info objectcount="75878" scancount="71045" scanbytes="2631540" />
  <cardclean-info objects="722" bytes="46672" />
  <remembered-set-cleared processed="32298" cleared="2181" durationms="0.177" />
  <references type="weak" candidates="91" cleared="91" enqueued="91" />
  <references type="phantom" candidates="7" cleared="7" enqueued="7" />
  <stringconstants candidates="4998" cleared="0"  />
  <warning details="Mark invoked due to insufficient free space for Copy-Forward" />
</gc-op>
<gc-op id="425" type="classunload" timems="0.002" contextid="421" timestamp="2019-06-16T01:49:42.380">
  <classunload-info classloadercandidates="10" classloadersunloaded="0" classesunloaded="0" anonymousclassesunloaded="0" quiescems="0.000" setupms="0.002" scanms="0.000" postms="0.000" />
</gc-op>
<gc-op id="426" type="sweep" timems="0.479" contextid="421" timestamp="2019-06-16T01:49:42.381" />
<gc-op id="427" type="compact" timems="4.068" contextid="421" timestamp="2019-06-16T01:49:42.385">
  <compact-info movecount="75876" movebytes="3083360" />
  <remembered-set-cleared processed="95231" cleared="34954" durationms="0.266" />
</gc-op>
<heap-resize id="428" type="expand" space="default" amount="3145728" count="1" timems="0.076" reason="insufficient free space following gc" timestamp="2019-06-16T01:49:42.386" />
<gc-end id="429" type="partial gc" contextid="421" durationms="8.860" usertimems="24.000" systemtimems="0.000" timestamp="2019-06-16T01:49:42.386" activeThreads="4">
  <mem-info id="430" free="13631488" total="40894464" percent="33">
    <mem type="eden" free="658392" total="3145728" percent="20" />
    <pending-finalizers system="0" default="0" reference="98" classloader="0" />
    <remembered-set count="40896" freebytes="1468800" totalbytes="1632384" percent="89" regionsoverflowed="0" regionsstable="0" regionsrebuilding="0"/>
  </mem-info>
</gc-end>
<cycle-end id="431" type="partial gc" contextid="421" timestamp="2019-06-16T01:49:42.386" />
  <attribute name="elasticGC enabled" value="1" />
  <attribute name= "numThreadsSpecified" value="4" />
  <attribute name="heapSize specified" value="0" />
  <attribute name="Current GC Util" value="48" />
  <attribute name= "Current Time Running" value="15452" />
  <attribute name ="GC Interval" value="0" />
  <attribute name="ProportionalT" value="42.000000" />
  <attribute name="ProportionalI" value="42.000000" />
  <attribute name="ProportionalH" value="42.000000" />
  <attribute name="Current Error" value="28.000000" />
  <attribute name="IntegralT" value="28.000000" />
  <attribute name="IntegralI" value="28.000000" />
  <attribute name="IntegralH" value="28.000000" />
  <attribute name="DerivativeT" value="-138.000000" />
  <attribute name="DerivativeI" value="-138.000000" />
  <attribute name="DerivativeH" value="-138.000000" />
  <attribute name="Loop Time for DT" value="1.000000" />
  <attribute name="Output H" value="2091843584"/>
  <attribute name="Output I" value="200"/>
  <attribute name="Output T" value="4"/>
  <attribute name="Target GC Util Change" value ="20.000000" />
  <attribute name="Current GC Util Change" value="48.000000"/>
  <attribute name="GC Util currently" value="48" />
  <attribute name="CPU Util currently" value="6146144819346" />
<exclusive-end id="432" timestamp="2019-06-16T01:49:42.386" durationms="9.922" />

<exclusive-start id="433" timestamp="2019-06-16T01:49:42.434" intervalms="57.179">
  <response-info timems="0.084" idlems="0.051" threads="1" lastid="000000000114D800" lastname="PmdThread 2" />
</exclusive-start>
<allocation-taxation id="434" taxation-threshold="13631488" timestamp="2019-06-16T01:49:42.434" intervalms="57.177" />
<cycle-start id="435" type="partial gc" contextid="0" timestamp="2019-06-16T01:49:42.434" intervalms="57.460" />
<gc-start id="436" type="partial gc" contextid="435" timestamp="2019-06-16T01:49:42.434">
  <mem-info id="437" free="0" total="40894464" percent="0">
    <mem type="eden" free="0" total="13631488" percent="0" />
    <remembered-set count="40544" freebytes="1470208" totalbytes="1632384" percent="90" regionsoverflowed="0" regionsstable="0" regionsrebuilding="0"/>
  </mem-info>
</gc-start>
<allocation-stats totalBytes="13623648" >
  <allocated-bytes non-tlh="7840" tlh="13615808" arrayletleaf="0"/>
  <largest-consumer threadName="PmdThread 2" threadId="000000000114D800" bytes="4907576" />
</allocation-stats>
<gc-op id="438" type="mark" timems="7.513" contextid="435" timestamp="2019-06-16T01:49:42.443">
  <trace-info objectcount="105982" scancount="99603" scanbytes="3534800" />
  <cardclean-info objects="27137" bytes="1131948" />
  <remembered-set-cleared processed="37198" cleared="8663" durationms="0.394" />
  <references type="soft" candidates="13" cleared="0" enqueued="0" dynamicThreshold="10" maxThreshold="32" />
  <references type="weak" candidates="129" cleared="129" enqueued="129" />
  <references type="phantom" candidates="14" cleared="13" enqueued="13" />
  <stringconstants candidates="5055" cleared="0"  />
  <warning details="Mark invoked due to insufficient free space for Copy-Forward" />
</gc-op>
<gc-op id="439" type="classunload" timems="0.002" contextid="435" timestamp="2019-06-16T01:49:42.443">
  <classunload-info classloadercandidates="10" classloadersunloaded="0" classesunloaded="0" anonymousclassesunloaded="0" quiescems="0.000" setupms="0.002" scanms="0.000" postms="0.000" />
</gc-op>
<gc-op id="440" type="sweep" timems="0.473" contextid="435" timestamp="2019-06-16T01:49:42.443" />
<gc-op id="441" type="compact" timems="13.996" contextid="435" timestamp="2019-06-16T01:49:42.458">
  <compact-info movecount="102564" movebytes="3990200" />
  <remembered-set-cleared processed="107858" cleared="50724" durationms="0.441" />
</gc-op>
<heap-resize id="442" type="expand" space="default" amount="4194304" count="1" timems="0.072" reason="insufficient free space following gc" timestamp="2019-06-16T01:49:42.458" />
<gc-end id="443" type="partial gc" contextid="435" durationms="23.667" usertimems="20.000" systemtimems="0.000" timestamp="2019-06-16T01:49:42.458" activeThreads="1">
  <mem-info id="444" free="15728640" total="45088768" percent="34">
    <mem type="eden" free="960000" total="3145728" percent="30" />
    <pending-finalizers system="0" default="0" reference="142" classloader="0" />
    <remembered-set count="49408" freebytes="1602176" totalbytes="1799808" percent="89" regionsoverflowed="0" regionsstable="0" regionsrebuilding="0"/>
  </mem-info>
</gc-end>
<cycle-end id="445" type="partial gc" contextid="435" timestamp="2019-06-16T01:49:42.458" />
  <attribute name="elasticGC enabled" value="1" />
  <attribute name= "numThreadsSpecified" value="1" />
  <attribute name="heapSize specified" value="0" />
  <attribute name="Current GC Util" value="54" />
  <attribute name= "Current Time Running" value="15514" />
  <attribute name ="GC Interval" value="0" />
  <attribute name="ProportionalT" value="51.000000" />
  <attribute name="ProportionalI" value="51.000000" />
  <attribute name="ProportionalH" value="51.000000" />
  <attribute name="Current Error" value="34.000000" />
  <attribute name="IntegralT" value="0.000000" />
  <attribute name="IntegralI" value="0.000000" />
  <attribute name="IntegralH" value="0.000000" />
  <attribute name="DerivativeT" value="inf" />
  <attribute name="DerivativeI" value="inf" />
  <attribute name="DerivativeH" value="inf" />
  <attribute name="Loop Time for DT" value="0.000000" />
  <attribute name="Output H" value="8388608"/>
  <attribute name="Output I" value="200"/>
  <attribute name="Output T" value="1"/>
  <attribute name="Target GC Util Change" value ="20.000000" />
  <attribute name="Current GC Util Change" value="54.000000"/>
  <attribute name="GC Util currently" value="54" />
  <attribute name="CPU Util currently" value="6425493629175" />
<exclusive-end id="446" timestamp="2019-06-16T01:49:42.459" durationms="24.878" />

<exclusive-start id="447" timestamp="2019-06-16T01:49:42.508" intervalms="74.656">
  <response-info timems="0.052" idlems="0.048" threads="1" lastid="000000000114D800" lastname="PmdThread 2" />
</exclusive-start>
<allocation-taxation id="448" taxation-threshold="15728640" timestamp="2019-06-16T01:49:42.508" intervalms="74.679" />
<cycle-start id="449" type="partial gc" contextid="0" timestamp="2019-06-16T01:49:42.509" intervalms="74.407" />
<gc-start id="450" type="partial gc" contextid="449" timestamp="2019-06-16T01:49:42.509">
  <mem-info id="451" free="0" total="45088768" percent="0">
    <mem type="eden" free="0" total="15728640" percent="0" />
    <remembered-set count="49216" freebytes="1602944" totalbytes="1799808" percent="89" regionsoverflowed="0" regionsstable="0" regionsrebuilding="0"/>
  </mem-info>
</gc-start>
<allocation-stats totalBytes="15724576" >
  <allocated-bytes non-tlh="23032" tlh="15701544" arrayletleaf="0"/>
  <largest-consumer threadName="PmdThread 2" threadId="000000000114D800" bytes="6077120" />
</allocation-stats>
<gc-op id="452" type="mark" timems="8.386" contextid="449" timestamp="2019-06-16T01:49:42.518">
  <trace-info objectcount="83439" scancount="76599" scanbytes="2573992" />
  <cardclean-info objects="49518" bytes="2416792" />
  <remembered-set-cleared processed="40916" cleared="11675" durationms="0.451" />
  <references type="soft" candidates="13" cleared="0" enqueued="0" dynamicThreshold="11" maxThreshold="32" />
  <references type="weak" candidates="169" cleared="168" enqueued="168" />
  <references type="phantom" candidates="54" cleared="42" enqueued="42" />
  <stringconstants candidates="5085" cleared="0"  />
  <warning details="Mark invoked due to insufficient free space for Copy-Forward" />
</gc-op>
<gc-op id="453" type="classunload" timems="0.002" contextid="449" timestamp="2019-06-16T01:49:42.518">
  <classunload-info classloadercandidates="10" classloadersunloaded="0" classesunloaded="0" anonymousclassesunloaded="0" quiescems="0.000" setupms="0.002" scanms="0.000" postms="0.000" />
</gc-op>
<gc-op id="454" type="sweep" timems="0.535" contextid="449" timestamp="2019-06-16T01:49:42.519" />
<gc-op id="455" type="compact" timems="4.935" contextid="449" timestamp="2019-06-16T01:49:42.524">
  <compact-info movecount="83403" movebytes="3333680" />
  <remembered-set-cleared processed="95748" cleared="37221" durationms="0.451" />
</gc-op>
<heap-resize id="456" type="expand" space="default" amount="8388608" count="1" timems="0.105" reason="excessive time being spent in gc" timestamp="2019-06-16T01:49:42.524" />
<gc-end id="457" type="partial gc" contextid="449" durationms="15.484" usertimems="24.000" systemtimems="0.000" timestamp="2019-06-16T01:49:42.524" activeThreads="4">
  <mem-info id="458" free="23068672" total="53477376" percent="43">
    <mem type="eden" free="260416" total="2097152" percent="12" />
    <pending-finalizers system="0" default="0" reference="210" classloader="0" />
    <remembered-set count="52384" freebytes="1925120" totalbytes="2134656" percent="90" regionsoverflowed="0" regionsstable="0" regionsrebuilding="0"/>
  </mem-info>
</gc-end>
<cycle-end id="459" type="partial gc" contextid="449" timestamp="2019-06-16T01:49:42.525" />
  <attribute name="elasticGC enabled" value="1" />
  <attribute name= "numThreadsSpecified" value="4" />
  <attribute name="heapSize specified" value="0" />
  <attribute name="Current GC Util" value="59" />
  <attribute name= "Current Time Running" value="15590" />
  <attribute name ="GC Interval" value="0" />
  <attribute name="ProportionalT" value="58.500000" />
  <attribute name="ProportionalI" value="58.500000" />
  <attribute name="ProportionalH" value="58.500000" />
  <attribute name="Current Error" value="39.000000" />
  <attribute name="IntegralT" value="39.000000" />
  <attribute name="IntegralI" value="39.000000" />
  <attribute name="IntegralH" value="39.000000" />
  <attribute name="DerivativeT" value="39.000000" />
  <attribute name="DerivativeI" value="39.000000" />
  <attribute name="DerivativeH" value="39.000000" />
  <attribute name="Loop Time for DT" value="1.000000" />
  <attribute name="Output H" value="8388608"/>
  <attribute name="Output I" value="200"/>
  <attribute name="Output T" value="4"/>
  <attribute name="Target GC Util Change" value ="20.000000" />
  <attribute name="Current GC Util Change" value="59.000000"/>
  <attribute name="GC Util currently" value="59" />
  <attribute name="CPU Util currently" value="5837362945487" />
<exclusive-end id="460" timestamp="2019-06-16T01:49:42.525" durationms="16.443" />

<exclusive-start id="461" timestamp="2019-06-16T01:49:42.582" intervalms="73.207">
  <response-info timems="0.031" idlems="0.031" threads="0" lastid="0000000001155400" lastname="PmdThread 3" />
</exclusive-start>
<allocation-taxation id="462" taxation-threshold="19922944" timestamp="2019-06-16T01:49:42.582" intervalms="73.172" />
<cycle-start id="463" type="partial gc" contextid="0" timestamp="2019-06-16T01:49:42.582" intervalms="73.129" />
<gc-start id="464" type="partial gc" contextid="463" timestamp="2019-06-16T01:49:42.582">
  <mem-info id="465" free="3145728" total="53477376" percent="5">
    <mem type="eden" free="0" total="19922944" percent="0" />
    <remembered-set count="51904" freebytes="1927040" totalbytes="2134656" percent="90" regionsoverflowed="0" regionsstable="0" regionsrebuilding="0"/>
  </mem-info>
</gc-start>
<allocation-stats totalBytes="19914728" >
  <allocated-bytes non-tlh="449512" tlh="19465216" arrayletleaf="0"/>
  <largest-consumer threadName="PmdThread 2" threadId="000000000114D800" bytes="7846648" />
</allocation-stats>
<gc-op id="466" type="copy forward" timems="9.032" contextid="463" timestamp="2019-06-16T01:49:42.592">
  <memory-copied type="eden" objects="19174" bytes="979976" bytesdiscarded="0" />
  <memory-copied type="other" objects="29573" bytes="1051224" bytesdiscarded="0" />
  <memory-cardclean objects="42183" bytes="1648096" />
  <regions eden="19" other="3" />
  <remembered-set-cleared processed="48028" cleared="7721" durationms="0.519" />
  <references type="soft" candidates="11" cleared="0" enqueued="0" dynamicThreshold="13" maxThreshold="32" />
  <references type="weak" candidates="293" cleared="0" enqueued="0" />
  <references type="phantom" candidates="32" cleared="0" enqueued="0" />
  <stringconstants candidates="5101" cleared="0"  />
</gc-op>
<gc-op id="467" type="classunload" timems="0.002" contextid="463" timestamp="2019-06-16T01:49:42.592">
  <classunload-info classloadercandidates="10" classloadersunloaded="0" classesunloaded="0" anonymousclassesunloaded="0" quiescems="0.000" setupms="0.002" scanms="0.000" postms="0.000" />
</gc-op>
<gc-op id="468" type="compact" timems="1.069" contextid="463" timestamp="2019-06-16T01:49:42.594">
  <compact-info movecount="0" movebytes="0" />
  <remembered-set-cleared processed="99835" cleared="7721" durationms="0.519" />
</gc-op>
<heap-resize id="469" type="expand" space="default" amount="9437184" count="1" timems="0.109" reason="excessive time being spent in gc" timestamp="2019-06-16T01:49:42.594" />
<gc-end id="470" type="partial gc" contextid="463" durationms="11.760" usertimems="8.000" systemtimems="8.000" timestamp="2019-06-16T01:49:42.594" activeThreads="4">
  <mem-info id="471" free="32505856" total="62914560" percent="51">
    <mem type="eden" free="63440" total="1048576" percent="6" />
    <remembered-set count="54720" freebytes="2292480" totalbytes="2511360" percent="91" regionsoverflowed="0" regionsstable="0" regionsrebuilding="0"/>
  </mem-info>
</gc-end>
<cycle-end id="472" type="partial gc" contextid="463" timestamp="2019-06-16T01:49:42.594" />
  <attribute name="elasticGC enabled" value="1" />
  <attribute name= "numThreadsSpecified" value="4" />
  <attribute name="heapSize specified" value="0" />
  <attribute name="Current GC Util" value="0" />
  <attribute name= "Current Time Running" value="15663" />
  <attribute name ="GC Interval" value="0" />
  <attribute name="ProportionalT" value="-30.000000" />
  <attribute name="ProportionalI" value="-30.000000" />
  <attribute name="ProportionalH" value="-30.000000" />
  <attribute name="Current Error" value="-20.000000" />
  <attribute name="IntegralT" value="-180.000000" />
  <attribute name="IntegralI" value="-180.000000" />
  <attribute name="IntegralH" value="-180.000000" />
  <attribute name="DerivativeT" value="-5.888889" />
  <attribute name="DerivativeI" value="-5.888889" />
  <attribute name="DerivativeH" value="-5.888889" />
  <attribute name="Loop Time for DT" value="9.000000" />
  <attribute name="Output H" value="2091843584"/>
  <attribute name="Output I" value="200"/>
  <attribute name="Output T" value="4"/>
  <attribute name="Target GC Util Change" value ="20.000000" />
  <attribute name="Current GC Util Change" value="0.000000"/>
  <attribute name="GC Util currently" value="0" />
  <attribute name="CPU Util currently" value="486597248663" />
<exclusive-end id="473" timestamp="2019-06-16T01:49:42.595" durationms="12.995" />

<exclusive-start id="474" timestamp="2019-06-16T01:49:42.638" intervalms="56.310">
  <response-info timems="0.033" idlems="0.033" threads="0" lastid="0000000001155400" lastname="PmdThread 3" />
</exclusive-start>
<allocation-taxation id="475" taxation-threshold="22020096" timestamp="2019-06-16T01:49:42.638" intervalms="56.486" />
<cycle-start id="476" type="partial gc" contextid="0" timestamp="2019-06-16T01:49:42.638" intervalms="56.466" />
<gc-start id="477" type="partial gc" contextid="476" timestamp="2019-06-16T01:49:42.638">
  <mem-info id="478" free="10485760" total="62914560" percent="16">
    <mem type="eden" free="0" total="22020096" percent="0" />
    <remembered-set count="54720" freebytes="2292480" totalbytes="2511360" percent="91" regionsoverflowed="0" regionsstable="0" regionsrebuilding="0"/>
  </mem-info>
</gc-start>
<allocation-stats totalBytes="21992424" >
  <allocated-bytes non-tlh="792" tlh="21991632" arrayletleaf="0"/>
  <largest-consumer threadName="PmdThread 2" threadId="000000000114D800" bytes="12743808" />
</allocation-stats>
<gc-op id="479" type="copy forward" timems="10.421" contextid="476" timestamp="2019-06-16T01:49:42.649">
  <memory-copied type="eden" objects="41998" bytes="1942424" bytesdiscarded="8" />
  <memory-copied type="other" objects="30164" bytes="1124024" bytesdiscarded="0" />
  <memory-cardclean objects="26992" bytes="1249448" />
  <regions eden="21" other="2" />
  <remembered-set-cleared processed="50575" cleared="8989" durationms="0.473" />
  <references type="weak" candidates="894" cleared="0" enqueued="0" />
  <references type="phantom" candidates="33" cleared="0" enqueued="0" />
  <stringconstants candidates="5107" cleared="0"  />
</gc-op>
<gc-op id="480" type="classunload" timems="0.002" contextid="476" timestamp="2019-06-16T01:49:42.650">
  <classunload-info classloadercandidates="10" classloadersunloaded="0" classesunloaded="0" anonymousclassesunloaded="0" quiescems="0.000" setupms="0.002" scanms="0.000" postms="0.000" />
</gc-op>
<heap-resize id="481" type="expand" space="default" amount="11534336" count="1" timems="0.110" reason="excessive time being spent in gc" timestamp="2019-06-16T01:49:42.650" />
<gc-end id="482" type="partial gc" contextid="476" durationms="11.702" usertimems="12.000" systemtimems="0.000" timestamp="2019-06-16T01:49:42.650" activeThreads="1">
  <mem-info id="483" free="41943040" total="74448896" percent="56">
    <mem type="eden" free="145016" total="2097152" percent="6" />
    <remembered-set count="58400" freebytes="2738176" totalbytes="2971776" percent="92" regionsoverflowed="0" regionsstable="0" regionsrebuilding="0"/>
  </mem-info>
</gc-end>
<cycle-end id="484" type="partial gc" contextid="476" timestamp="2019-06-16T01:49:42.650" />
  <attribute name="elasticGC enabled" value="1" />
  <attribute name= "numThreadsSpecified" value="1" />
  <attribute name="heapSize specified" value="0" />
  <attribute name="Current GC Util" value="71" />
  <attribute name= "Current Time Running" value="15710" />
  <attribute name ="GC Interval" value="0" />
  <attribute name="ProportionalT" value="76.500000" />
  <attribute name="ProportionalI" value="76.500000" />
  <attribute name="ProportionalH" value="76.500000" />
  <attribute name="Current Error" value="51.000000" />
  <attribute name="IntegralT" value="0.000000" />
  <attribute name="IntegralI" value="0.000000" />
  <attribute name="IntegralH" value="0.000000" />
  <attribute name="DerivativeT" value="inf" />
  <attribute name="DerivativeI" value="inf" />
  <attribute name="DerivativeH" value="inf" />
  <attribute name="Loop Time for DT" value="0.000000" />
  <attribute name="Output H" value="8388608"/>
  <attribute name="Output I" value="200"/>
  <attribute name="Output T" value="1"/>
  <attribute name="Target GC Util Change" value ="20.000000" />
  <attribute name="Current GC Util Change" value="71.000000"/>
  <attribute name="GC Util currently" value="71" />
  <attribute name="CPU Util currently" value="19742229112420" />
<exclusive-end id="485" timestamp="2019-06-16T01:49:42.651" durationms="12.756" />

<exclusive-start id="486" timestamp="2019-06-16T01:49:42.716" intervalms="77.831">
  <response-info timems="0.108" idlems="0.043" threads="2" lastid="000000000114D800" lastname="PmdThread 2" />
</exclusive-start>
<allocation-taxation id="487" taxation-threshold="25165824" timestamp="2019-06-16T01:49:42.716" intervalms="77.704" />
<cycle-start id="488" type="partial gc" contextid="0" timestamp="2019-06-16T01:49:42.716" intervalms="77.737" />
<gc-start id="489" type="partial gc" contextid="488" timestamp="2019-06-16T01:49:42.717">
  <mem-info id="490" free="16777216" total="74448896" percent="22">
    <mem type="eden" free="0" total="25165824" percent="0" />
    <remembered-set count="58048" freebytes="2739584" totalbytes="2971776" percent="92" regionsoverflowed="0" regionsstable="0" regionsrebuilding="0"/>
  </mem-info>
</gc-start>
<allocation-stats totalBytes="25144880" >
  <allocated-bytes non-tlh="2976" tlh="25141904" arrayletleaf="0"/>
  <largest-consumer threadName="PmdThread 2" threadId="000000000114D800" bytes="11857688" />
</allocation-stats>
<gc-op id="491" type="copy forward" timems="11.153" contextid="488" timestamp="2019-06-16T01:49:42.729">
  <memory-copied type="eden" objects="40171" bytes="1769720" bytesdiscarded="48" />
  <memory-copied type="other" objects="37835" bytes="1537112" bytesdiscarded="24" />
  <memory-cardclean objects="20766" bytes="839608" />
  <regions eden="24" other="3" />
  <remembered-set-cleared processed="53607" cleared="6613" durationms="0.482" />
  <references type="weak" candidates="1054" cleared="0" enqueued="0" />
  <references type="phantom" candidates="21" cleared="0" enqueued="0" />
  <stringconstants candidates="5124" cleared="0"  />
</gc-op>
<gc-op id="492" type="classunload" timems="0.003" contextid="488" timestamp="2019-06-16T01:49:42.729">
  <classunload-info classloadercandidates="10" classloadersunloaded="0" classesunloaded="0" anonymousclassesunloaded="0" quiescems="0.000" setupms="0.002" scanms="0.000" postms="0.000" />
</gc-op>
<heap-resize id="493" type="expand" space="default" amount="12582912" count="1" timems="0.115" reason="excessive time being spent in gc" timestamp="2019-06-16T01:49:42.729" />
<gc-end id="494" type="partial gc" contextid="488" durationms="12.570" usertimems="16.000" systemtimems="0.000" timestamp="2019-06-16T01:49:42.729" activeThreads="1">
  <mem-info id="495" free="52428800" total="87031808" percent="60">
    <mem type="eden" free="320264" total="2097152" percent="15" />
    <remembered-set count="64384" freebytes="3216512" totalbytes="3474048" percent="92" regionsoverflowed="0" regionsstable="0" regionsrebuilding="0"/>
  </mem-info>
</gc-end>
<cycle-end id="496" type="partial gc" contextid="488" timestamp="2019-06-16T01:49:42.729" />
  <attribute name="elasticGC enabled" value="1" />
  <attribute name= "numThreadsSpecified" value="1" />
  <attribute name="heapSize specified" value="0" />
  <attribute name="Current GC Util" value="73" />
  <attribute name= "Current Time Running" value="15788" />
  <attribute name ="GC Interval" value="0" />
  <attribute name="ProportionalT" value="79.500000" />
  <attribute name="ProportionalI" value="79.500000" />
  <attribute name="ProportionalH" value="79.500000" />
  <attribute name="Current Error" value="53.000000" />
  <attribute name="IntegralT" value="0.000000" />
  <attribute name="IntegralI" value="0.000000" />
  <attribute name="IntegralH" value="0.000000" />
  <attribute name="DerivativeT" value="inf" />
  <attribute name="DerivativeI" value="inf" />
  <attribute name="DerivativeH" value="inf" />
  <attribute name="Loop Time for DT" value="0.000000" />
  <attribute name="Output H" value="8388608"/>
  <attribute name="Output I" value="200"/>
  <attribute name="Output T" value="1"/>
  <attribute name="Target GC Util Change" value ="20.000000" />
  <attribute name="Current GC Util Change" value="73.000000"/>
  <attribute name="GC Util currently" value="73" />
  <attribute name="CPU Util currently" value="17774169464365" />
<exclusive-end id="497" timestamp="2019-06-16T01:49:42.730" durationms="14.087" />

<exclusive-start id="498" timestamp="2019-06-16T01:49:42.804" intervalms="88.006">
  <response-info timems="0.071" idlems="0.071" threads="0" lastid="0000000001149C00" lastname="PmdThread 1" />
</exclusive-start>
<allocation-taxation id="499" taxation-threshold="28311552" timestamp="2019-06-16T01:49:42.804" intervalms="87.958" />
<cycle-start id="500" type="partial gc" contextid="0" timestamp="2019-06-16T01:49:42.804" intervalms="88.008" />
<gc-start id="501" type="partial gc" contextid="500" timestamp="2019-06-16T01:49:42.804">
  <mem-info id="502" free="24117248" total="87031808" percent="27">
    <mem type="eden" free="0" total="28311552" percent="0" />
    <remembered-set count="63936" freebytes="3218304" totalbytes="3474048" percent="92" regionsoverflowed="0" regionsstable="0" regionsrebuilding="0"/>
  </mem-info>
</gc-start>
<allocation-stats totalBytes="28285792" >
  <allocated-bytes non-tlh="1328" tlh="28284464" arrayletleaf="0"/>
  <largest-consumer threadName="PmdThread 2" threadId="000000000114D800" bytes="17011872" />
</allocation-stats>
<gc-op id="503" type="copy forward" timems="12.121" contextid="500" timestamp="2019-06-16T01:49:42.817">
  <memory-copied type="eden" objects="14661" bytes="915496" bytesdiscarded="0" />
  <memory-copied type="other" objects="59025" bytes="2195280" bytesdiscarded="8" />
  <memory-cardclean objects="47768" bytes="2075600" />
  <regions eden="27" other="4" />
  <remembered-set-cleared processed="58034" cleared="18875" durationms="0.570" />
  <references type="soft" candidates="12" cleared="0" enqueued="0" dynamicThreshold="19" maxThreshold="32" />
  <references type="weak" candidates="878" cleared="0" enqueued="0" />
  <references type="phantom" candidates="19" cleared="0" enqueued="0" />
  <stringconstants candidates="5138" cleared="0"  />
</gc-op>
<gc-op id="504" type="classunload" timems="0.002" contextid="500" timestamp="2019-06-16T01:49:42.817">
  <classunload-info classloadercandidates="10" classloadersunloaded="0" classesunloaded="0" anonymousclassesunloaded="0" quiescems="0.000" setupms="0.002" scanms="0.000" postms="0.000" />
</gc-op>
<gc-end id="505" type="partial gc" contextid="500" durationms="13.358" usertimems="12.000" systemtimems="0.000" timestamp="2019-06-16T01:49:42.818" activeThreads="1">
  <mem-info id="506" free="52428800" total="87031808" percent="60">
    <mem type="eden" free="126448" total="1048576" percent="12" />
    <remembered-set count="66752" freebytes="3207040" totalbytes="3474048" percent="92" regionsoverflowed="0" regionsstable="0" regionsrebuilding="0"/>
  </mem-info>
</gc-end>
<cycle-end id="507" type="partial gc" contextid="500" timestamp="2019-06-16T01:49:42.818" />
  <attribute name="elasticGC enabled" value="1" />
  <attribute name= "numThreadsSpecified" value="1" />
  <attribute name="heapSize specified" value="0" />
  <attribute name="Current GC Util" value="77" />
  <attribute name= "Current Time Running" value="15876" />
  <attribute name ="GC Interval" value="0" />
  <attribute name="ProportionalT" value="85.500000" />
  <attribute name="ProportionalI" value="85.500000" />
  <attribute name="ProportionalH" value="85.500000" />
  <attribute name="Current Error" value="57.000000" />
  <attribute name="IntegralT" value="0.000000" />
  <attribute name="IntegralI" value="0.000000" />
  <attribute name="IntegralH" value="0.000000" />
  <attribute name="DerivativeT" value="inf" />
  <attribute name="DerivativeI" value="inf" />
  <attribute name="DerivativeH" value="inf" />
  <attribute name="Loop Time for DT" value="0.000000" />
  <attribute name="Output H" value="8388608"/>
  <attribute name="Output I" value="200"/>
  <attribute name="Output T" value="1"/>
  <attribute name="Target GC Util Change" value ="20.000000" />
  <attribute name="Current GC Util Change" value="77.000000"/>
  <attribute name="GC Util currently" value="77" />
  <attribute name="CPU Util currently" value="17599772580013" />
<exclusive-end id="508" timestamp="2019-06-16T01:49:42.818" durationms="14.571" />

<exclusive-start id="509" timestamp="2019-06-16T01:49:42.911" intervalms="107.098">
  <response-info timems="0.032" idlems="0.032" threads="0" lastid="000000000114D800" lastname="PmdThread 2" />
</exclusive-start>
<allocation-taxation id="510" taxation-threshold="28311552" timestamp="2019-06-16T01:49:42.911" intervalms="107.178" />
<cycle-start id="511" type="partial gc" contextid="0" timestamp="2019-06-16T01:49:42.911" intervalms="107.243" />
<gc-start id="512" type="partial gc" contextid="511" timestamp="2019-06-16T01:49:42.912">
  <mem-info id="513" free="24117248" total="87031808" percent="27">
    <mem type="eden" free="0" total="28311552" percent="0" />
    <remembered-set count="66528" freebytes="3207936" totalbytes="3474048" percent="92" regionsoverflowed="0" regionsstable="0" regionsrebuilding="0"/>
  </mem-info>
</gc-start>
<allocation-stats totalBytes="28289512" >
  <allocated-bytes non-tlh="3992" tlh="28285520" arrayletleaf="0"/>
  <largest-consumer threadName="PmdThread 2" threadId="000000000114D800" bytes="11225480" />
</allocation-stats>
<gc-op id="514" type="copy forward" timems="7.295" contextid="511" timestamp="2019-06-16T01:49:42.920">
  <memory-copied type="eden" objects="24813" bytes="1316408" bytesdiscarded="24" />
  <memory-copied type="other" objects="2594" bytes="131368" bytesdiscarded="0" />
  <memory-cardclean objects="59429" bytes="2457624" />
  <regions eden="27" other="2" />
  <remembered-set-cleared processed="61367" cleared="9720" durationms="0.571" />
  <references type="soft" candidates="12" cleared="0" enqueued="0" dynamicThreshold="19" maxThreshold="32" />
  <references type="weak" candidates="596" cleared="0" enqueued="0" />
  <references type="phantom" candidates="51" cleared="0" enqueued="0" />
  <stringconstants candidates="5160" cleared="0"  />
</gc-op>
<gc-op id="515" type="classunload" timems="0.002" contextid="511" timestamp="2019-06-16T01:49:42.920">
  <classunload-info classloadercandidates="10" classloadersunloaded="0" classesunloaded="0" anonymousclassesunloaded="0" quiescems="0.000" setupms="0.002" scanms="0.000" postms="0.000" />
</gc-op>
<heap-resize id="516" type="expand" space="default" amount="5242880" count="1" timems="0.086" reason="excessive time being spent in gc" timestamp="2019-06-16T01:49:42.920" />
<gc-end id="517" type="partial gc" contextid="511" durationms="8.769" usertimems="8.000" systemtimems="0.000" timestamp="2019-06-16T01:49:42.920" activeThreads="1">
  <mem-info id="518" free="55574528" total="92274688" percent="60">
    <mem type="eden" free="770152" total="2097152" percent="36" />
    <remembered-set count="71552" freebytes="3397120" totalbytes="3683328" percent="92" regionsoverflowed="0" regionsstable="0" regionsrebuilding="0"/>
  </mem-info>
</gc-end>
<cycle-end id="519" type="partial gc" contextid="511" timestamp="2019-06-16T01:49:42.921" />
  <attribute name="elasticGC enabled" value="1" />
  <attribute name= "numThreadsSpecified" value="1" />
  <attribute name="heapSize specified" value="0" />
  <attribute name="Current GC Util" value="73" />
  <attribute name= "Current Time Running" value="15983" />
  <attribute name ="GC Interval" value="0" />
  <attribute name="ProportionalT" value="79.500000" />
  <attribute name="ProportionalI" value="79.500000" />
  <attribute name="ProportionalH" value="79.500000" />
  <attribute name="Current Error" value="53.000000" />
  <attribute name="IntegralT" value="0.000000" />
  <attribute name="IntegralI" value="0.000000" />
  <attribute name="IntegralH" value="0.000000" />
  <attribute name="DerivativeT" value="inf" />
  <attribute name="DerivativeI" value="inf" />
  <attribute name="DerivativeH" value="inf" />
  <attribute name="Loop Time for DT" value="0.000000" />
  <attribute name="Output H" value="8388608"/>
  <attribute name="Output I" value="200"/>
  <attribute name="Output T" value="1"/>
  <attribute name="Target GC Util Change" value ="20.000000" />
  <attribute name="Current GC Util Change" value="73.000000"/>
  <attribute name="GC Util currently" value="73" />
  <attribute name="CPU Util currently" value="18007786236990" />
<exclusive-end id="520" timestamp="2019-06-16T01:49:42.921" durationms="10.068" />

</verbosegc>

