<?xml version="1.0" ?>

<verbosegc xmlns="http://www.ibm.com/j9/verbosegc" version="10b4217_CMPRSS">

<initialized id="1" timestamp="2019-06-16T17:49:43.560">
  <attribute name="gcPolicy" value="-Xgcpolicy:balanced" />
  <attribute name="elasticGC enabled" value="1" />
  <attribute name= "numThreadsSpecified" value="0" />
  <attribute name="heapSize specified" value="0" />
  <attribute name="Current GC Util" value="0" />
  <attribute name= "Current Time Running" value="0" />
  <attribute name ="GC Interval" value="0" />
  <attribute name="ProportionalT" value="0.000000" />
  <attribute name="ProportionalI" value="0.000000" />
  <attribute name="ProportionalH" value="0.000000" />
  <attribute name="IntegralT" value="0.000000" />
  <attribute name="IntegralI" value="0.000000" />
  <attribute name="IntegralH" value="0.000000" />
  <attribute name="DerivativeT" value="0.000000" />
  <attribute name="DerivativeI" value="0.000000" />
  <attribute name="DerivativeH" value="0.000000" />
  <attribute name="Target GC Util Change" value ="0.000000" />
  <attribute name="Current GC Util Change" value="0.000000"/>
  <attribute name="Current Error" value="0.000000" />
  <attribute name="Loop Time for DT" value="0.000000" />
  <attribute name="Output H" value="0"/>
  <attribute name="Output I" value="0"/>
  <attribute name="Output T" value="0"/>
  <attribute name="GC Util currently" value="0" />
  <attribute name="CPU Util currently" value="0" />
  <attribute name="maxHeapSize" value="0x7cb00000" />
  <attribute name="initialHeapSize" value="0x800000" />
  <attribute name="compressedRefs" value="true" />
  <attribute name="compressedRefsDisplacement" value="0x0" />
  <attribute name="compressedRefsShift" value="0x0" />
  <attribute name="pageSize" value="0x1000" />
  <attribute name="pageType" value="not used" />
  <attribute name="requestedPageSize" value="0x1000" />
  <attribute name="requestedPageType" value="not used" />
  <attribute name="gcthreads" value="4" />
  <attribute name="packetListSplit" value="4" />
  <attribute name="cacheListSplit" value="4" />
  <attribute name="splitFreeListSplitAmount" value="1" />
  <attribute name="numaNodes" value="0" />
  <region>
    <attribute name="regionSize" value="1048576" />
    <attribute name="regionCount" value="1995" />
    <attribute name="arrayletLeafSize" value="1048576" />
  </region>
  <system>
    <attribute name="physicalMemory" value="8370962432" />
    <attribute name="numCPUs" value="4" />
    <attribute name="architecture" value="amd64" />
    <attribute name="os" value="Linux" />
    <attribute name="osVersion" value="4.4.0-148-generic" />
  </system>
  <vmargs>
    <vmarg name="-Xoptionsfile=/vagrant/jdk/lib/options.default" />
    <vmarg name="-Xlockword:mode=default,noLockword=java/lang/String,noLockword=java/util/MapEntry,noLockword=java/util/HashMap$Entry,noLockword..." />
    <vmarg name="-Xjcl:jclse29" />
    <vmarg name="-Dcom.ibm.oti.vm.bootstrap.library.path=/vagrant/jdk/lib/compressedrefs:/vagrant/jdk/lib" />
    <vmarg name="-Dsun.boot.library.path=/vagrant/jdk/lib/compressedrefs:/vagrant/jdk/lib" />
    <vmarg name="-Djava.library.path=/vagrant/jdk/lib/compressedrefs:/vagrant/jdk/lib:/usr/lib64:/usr/lib" />
    <vmarg name="-Djava.home=/vagrant/jdk" />
    <vmarg name="-Duser.dir=/vagrant" />
    <vmarg name="-Xgcpolicy:balanced" />
    <vmarg name="-Xgcelastic" />
    <vmarg name="-Xcheck:gc:::elasticGC" />
    <vmarg name="-verbose:gc" />
    <vmarg name="-Xloggc:small-Balanced-jdk-1-1-0.5-verbose10pmd.txt" />
    <vmarg name="-Djava.class.path=dacapo-9.12-MR1-bach.jar" />
    <vmarg name="-Dsun.java.command=dacapo-9.12-MR1-bach.jar pmd --size=small" />
    <vmarg name="-Dsun.java.launcher=SUN_STANDARD" />
    <vmarg name="-Dsun.java.launcher.pid=15030" />
  </vmargs>
</initialized>

<exclusive-start id="2" timestamp="2019-06-16T17:49:44.427" intervalms="866.669">
  <response-info timems="0.023" idlems="0.023" threads="0" lastid="00000000013AB700" lastname="main" />
</exclusive-start>
<sys-start reason="explicit" id="3" timestamp="2019-06-16T17:49:44.427" intervalms="866.938" />
<cycle-start id="4" type="global garbage collect" contextid="0" timestamp="2019-06-16T17:49:44.427" intervalms="867.239" />
<gc-start id="5" type="global garbage collect" contextid="4" timestamp="2019-06-16T17:49:44.427">
  <mem-info id="6" free="1429032" total="8388608" percent="17">
    <mem type="eden" free="380536" total="7340032" percent="5" />
    <remembered-set count="0" freebytes="334848" totalbytes="334848" percent="100" regionsoverflowed="0" regionsstable="0" regionsrebuilding="0"/>
  </mem-info>
</gc-start>
<allocation-stats totalBytes="6938152" >
  <allocated-bytes non-tlh="449560" tlh="6488592" arrayletleaf="0"/>
  <largest-consumer threadName="main" threadId="00000000013AB700" bytes="6861904" />
</allocation-stats>
<gc-op id="7" type="global mark" timems="3.006" contextid="4" timestamp="2019-06-16T17:49:44.431">
  <trace-info objectcount="20017" scancount="15956" scanbytes="532844" />
  <finalization candidates="46" enqueued="1" />
  <ownableSynchronizers candidates="4" cleared="3" />
  <references type="soft" candidates="66" cleared="0" enqueued="0" dynamicThreshold="32" maxThreshold="32" />
  <references type="weak" candidates="911" cleared="529" enqueued="452" />
  <references type="phantom" candidates="125" cleared="44" enqueued="44" />
  <stringconstants candidates="2485" cleared="0"  />
</gc-op>
<gc-op id="8" type="classunload" timems="0.134" contextid="4" timestamp="2019-06-16T17:49:44.431">
  <classunload-info classloadercandidates="6" classloadersunloaded="0" classesunloaded="0" anonymousclassesunloaded="0" quiescems="0.000" setupms="0.134" scanms="0.000" postms="0.000" />
</gc-op>
<gc-op id="9" type="sweep" timems="0.790" contextid="4" timestamp="2019-06-16T17:49:44.432" />
<gc-op id="10" type="compact" timems="4.208" contextid="4" timestamp="2019-06-16T17:49:44.437">
  <compact-info movecount="20017" movebytes="1291064" />
  <remembered-set-cleared processed="1519" cleared="1519" durationms="0.158" />
</gc-op>
<gc-end id="11" type="global garbage collect" contextid="4" durationms="10.346" usertimems="12.000" systemtimems="0.000" timestamp="2019-06-16T17:49:44.438" activeThreads="4">
  <mem-info id="12" free="6291456" total="8388608" percent="75">
    <pending-finalizers system="1" default="0" reference="496" classloader="0" />
    <remembered-set count="1536" freebytes="328704" totalbytes="334848" percent="98" regionsoverflowed="0" regionsstable="0" regionsrebuilding="0"/>
  </mem-info>
</gc-end>
<cycle-end id="13" type="global garbage collect" contextid="4" timestamp="2019-06-16T17:49:44.438" />
  <attribute name="elasticGC enabled" value="1" />
  <attribute name= "numThreadsSpecified" value="4" />
  <attribute name="heapSize specified" value="0" />
  <attribute name="Current GC Util" value="24" />
  <attribute name= "Current Time Running" value="709" />
  <attribute name ="GC Interval" value="0" />
  <attribute name="ProportionalT" value="4.000000" />
  <attribute name="ProportionalI" value="4.000000" />
  <attribute name="ProportionalH" value="4.000000" />
  <attribute name="Current Error" value="4.000000" />
  <attribute name="IntegralT" value="-13844.000000" />
  <attribute name="IntegralI" value="-13844.000000" />
  <attribute name="IntegralH" value="-13844.000000" />
  <attribute name="DerivativeT" value="-27.000000" />
  <attribute name="DerivativeI" value="-27.000000" />
  <attribute name="DerivativeH" value="-27.000000" />
  <attribute name="Loop Time for DT" value="1.000000" />
  <attribute name="Output H" value="2091843584"/>
  <attribute name="Output I" value="200"/>
  <attribute name="Output T" value="4"/>
  <attribute name="Target GC Util Change" value ="20.000000" />
  <attribute name="Current GC Util Change" value="24.000000"/>
  <attribute name="GC Util currently" value="24" />
  <attribute name="CPU Util currently" value="3984071284781" />
<sys-end id="14" timestamp="2019-06-16T17:49:44.438" />
<exclusive-end id="15" timestamp="2019-06-16T17:49:44.438" durationms="11.871" />

<exclusive-start id="16" timestamp="2019-06-16T17:49:44.651" intervalms="224.836">
  <response-info timems="0.101" idlems="0.101" threads="0" lastid="00000000013AB700" lastname="main" />
</exclusive-start>
<allocation-taxation id="17" taxation-threshold="6291456" timestamp="2019-06-16T17:49:44.652" intervalms="1091.820" />
<cycle-start id="18" type="partial gc" contextid="0" timestamp="2019-06-16T17:49:44.652" intervalms="1092.085" />
<gc-start id="19" type="partial gc" contextid="18" timestamp="2019-06-16T17:49:44.652">
  <mem-info id="20" free="0" total="8388608" percent="0">
    <mem type="eden" free="0" total="6291456" percent="0" />
    <remembered-set count="1536" freebytes="328704" totalbytes="334848" percent="98" regionsoverflowed="0" regionsstable="0" regionsrebuilding="0"/>
  </mem-info>
</gc-start>
<allocation-stats totalBytes="6283784" >
  <allocated-bytes non-tlh="123960" tlh="6159824" arrayletleaf="0"/>
  <largest-consumer threadName="main" threadId="00000000013AB700" bytes="6267712" />
</allocation-stats>
<gc-op id="21" type="mark" timems="2.114" contextid="18" timestamp="2019-06-16T17:49:44.655">
  <trace-info objectcount="4784" scancount="3459" scanbytes="119144" />
  <cardclean-info objects="1770" bytes="63776" />
  <remembered-set-cleared processed="205" cleared="58" durationms="0.067" />
  <finalization candidates="5" enqueued="0" />
  <references type="soft" candidates="3" cleared="0" enqueued="0" dynamicThreshold="24" maxThreshold="32" />
  <references type="weak" candidates="169" cleared="85" enqueued="80" />
  <references type="phantom" candidates="8" cleared="3" enqueued="3" />
  <stringconstants candidates="3393" cleared="4"  />
  <warning details="Mark invoked due to insufficient free space for Copy-Forward" />
</gc-op>
<gc-op id="22" type="classunload" timems="0.002" contextid="18" timestamp="2019-06-16T17:49:44.655">
  <classunload-info classloadercandidates="6" classloadersunloaded="0" classesunloaded="0" anonymousclassesunloaded="0" quiescems="0.000" setupms="0.002" scanms="0.000" postms="0.000" />
</gc-op>
<gc-op id="23" type="sweep" timems="0.401" contextid="18" timestamp="2019-06-16T17:49:44.656" />
<gc-op id="24" type="compact" timems="1.715" contextid="18" timestamp="2019-06-16T17:49:44.658">
  <compact-info movecount="4730" movebytes="298752" />
  <remembered-set-cleared processed="1601" cleared="1291" durationms="0.067" />
</gc-op>
<gc-end id="25" type="partial gc" contextid="18" durationms="6.311" usertimems="4.000" systemtimems="0.000" timestamp="2019-06-16T17:49:44.659" activeThreads="1">
  <mem-info id="26" free="5242880" total="8388608" percent="62">
    <mem type="eden" free="746152" total="1048576" percent="71" />
    <pending-finalizers system="0" default="0" reference="83" classloader="0" />
    <remembered-set count="2528" freebytes="324736" totalbytes="334848" percent="96" regionsoverflowed="0" regionsstable="0" regionsrebuilding="0"/>
  </mem-info>
</gc-end>
<cycle-end id="27" type="partial gc" contextid="18" timestamp="2019-06-16T17:49:44.659" />
  <attribute name="elasticGC enabled" value="1" />
  <attribute name= "numThreadsSpecified" value="1" />
  <attribute name="heapSize specified" value="0" />
  <attribute name="Current GC Util" value="26" />
  <attribute name= "Current Time Running" value="932" />
  <attribute name ="GC Interval" value="0" />
  <attribute name="ProportionalT" value="6.000000" />
  <attribute name="ProportionalI" value="6.000000" />
  <attribute name="ProportionalH" value="6.000000" />
  <attribute name="Current Error" value="6.000000" />
  <attribute name="IntegralT" value="0.000000" />
  <attribute name="IntegralI" value="0.000000" />
  <attribute name="IntegralH" value="0.000000" />
  <attribute name="DerivativeT" value="inf" />
  <attribute name="DerivativeI" value="inf" />
  <attribute name="DerivativeH" value="inf" />
  <attribute name="Loop Time for DT" value="0.000000" />
  <attribute name="Output H" value="8388608"/>
  <attribute name="Output I" value="200"/>
  <attribute name="Output T" value="1"/>
  <attribute name="Target GC Util Change" value ="20.000000" />
  <attribute name="Current GC Util Change" value="26.000000"/>
  <attribute name="GC Util currently" value="26" />
  <attribute name="CPU Util currently" value="7107772101533" />
<exclusive-end id="28" timestamp="2019-06-16T17:49:44.659" durationms="7.584" />

<exclusive-start id="29" timestamp="2019-06-16T17:49:44.730" intervalms="78.447">
  <response-info timems="0.025" idlems="0.025" threads="0" lastid="00000000016BBC00" lastname="PmdThread 1" />
</exclusive-start>
<allocation-taxation id="30" taxation-threshold="2097152" timestamp="2019-06-16T17:49:44.730" intervalms="78.225" />
<cycle-start id="31" type="global mark phase" contextid="0" timestamp="2019-06-16T17:49:44.730" intervalms="1170.281" />
<gc-start id="32" type="global mark phase" contextid="31" timestamp="2019-06-16T17:49:44.730">
  <mem-info id="33" free="3145728" total="8388608" percent="37">
    <remembered-set count="2112" freebytes="326400" totalbytes="334848" percent="97" regionsoverflowed="0" regionsstable="0" regionsrebuilding="0"/>
  </mem-info>
</gc-start>
<gc-op id="34" type="mark increment" timems="0.517" contextid="31" timestamp="2019-06-16T17:49:44.731">
  <trace-info objectcount="136" scancount="0" scanbytes="0" />
</gc-op>
<gc-end id="35" type="global mark phase" contextid="31" durationms="0.657" usertimems="0.000" systemtimems="0.000" timestamp="2019-06-16T17:49:44.731" activeThreads="1">
  <mem-info id="36" free="3145728" total="8388608" percent="37">
    <remembered-set count="2112" freebytes="326400" totalbytes="334848" percent="97" regionsoverflowed="0" regionsstable="0" regionsrebuilding="0"/>
  </mem-info>
</gc-end>
<concurrent-start id="37" type="GMP work packet processing" contextid="31" timestamp="2019-06-16T17:49:44.731">
  <concurrent-mark-start scanTarget="18446744073709551615" />
</concurrent-start>
<concurrent-end id="38" type="GMP work packet processing" contextid="31" timestamp="2019-06-16T17:49:44.732">
  <concurrent-mark-end bytesScanned="681832" reasonForTermination="Completed all work in GC phase" />
</concurrent-end>

<exclusive-end id="39" timestamp="2019-06-16T17:49:44.732" durationms="2.406" />

<exclusive-start id="40" timestamp="2019-06-16T17:49:44.799" intervalms="69.149">
  <response-info timems="0.025" idlems="0.025" threads="0" lastid="00000000016BBC00" lastname="PmdThread 1" />
</exclusive-start>
<allocation-taxation id="41" taxation-threshold="2097152" timestamp="2019-06-16T17:49:44.799" intervalms="69.154" />
<cycle-start id="42" type="partial gc" contextid="0" timestamp="2019-06-16T17:49:44.799" intervalms="147.189" />
<gc-start id="43" type="partial gc" contextid="42" timestamp="2019-06-16T17:49:44.799">
  <mem-info id="44" free="1048576" total="8388608" percent="12">
    <mem type="eden" free="746152" total="5242880" percent="14" />
    <remembered-set count="2112" freebytes="326400" totalbytes="334848" percent="97" regionsoverflowed="0" regionsstable="0" regionsrebuilding="0"/>
  </mem-info>
</gc-start>
<allocation-stats totalBytes="4129304" >
  <allocated-bytes non-tlh="433952" tlh="3695352" arrayletleaf="0"/>
  <largest-consumer threadName="PmdThread 1" threadId="00000000016BBC00" bytes="2095792" />
</allocation-stats>
<gc-op id="45" type="copy forward" timems="3.855" contextid="42" timestamp="2019-06-16T17:49:44.804">
  <memory-copied type="eden" objects="9866" bytes="500904" bytesdiscarded="126104" />
  <memory-copied type="other" objects="4391" bytes="278896" bytesdiscarded="22944" />
  <memory-cardclean objects="664" bytes="30296" />
  <regions eden="4" other="1" />
  <remembered-set-cleared processed="679" cleared="525" durationms="0.063" />
  <finalization candidates="7" enqueued="0" />
  <ownableSynchronizers candidates="4" cleared="0" />
  <references type="soft" candidates="31" cleared="0" enqueued="0" dynamicThreshold="12" maxThreshold="32" />
  <references type="weak" candidates="528" cleared="0" enqueued="0" />
  <references type="phantom" candidates="12" cleared="0" enqueued="0" />
  <stringconstants candidates="4497" cleared="4"  />
  <heap-resize type="expand" space="default" amount="1048576" count="1" timems="0.317" reason="continue current collection" />
</gc-op>
<gc-op id="46" type="classunload" timems="0.002" contextid="42" timestamp="2019-06-16T17:49:44.804">
  <classunload-info classloadercandidates="6" classloadersunloaded="0" classesunloaded="0" anonymousclassesunloaded="0" quiescems="0.000" setupms="0.002" scanms="0.000" postms="0.000" />
</gc-op>
<gc-op id="47" type="compact" timems="0.822" contextid="42" timestamp="2019-06-16T17:49:44.805">
  <compact-info movecount="0" movebytes="0" />
  <remembered-set-cleared processed="1876" cleared="525" durationms="0.063" />
</gc-op>
<gc-end id="48" type="partial gc" contextid="42" durationms="5.915" usertimems="0.000" systemtimems="8.000" timestamp="2019-06-16T17:49:44.805" activeThreads="4">
  <mem-info id="49" free="5242880" total="9437184" percent="55">
    <mem type="eden" free="1167472" total="2097152" percent="55" />
    <remembered-set count="1920" freebytes="369024" totalbytes="376704" percent="97" regionsoverflowed="0" regionsstable="0" regionsrebuilding="0"/>
  </mem-info>
</gc-end>
<cycle-end id="50" type="partial gc" contextid="42" timestamp="2019-06-16T17:49:44.805" />
  <attribute name="elasticGC enabled" value="1" />
  <attribute name= "numThreadsSpecified" value="4" />
  <attribute name="heapSize specified" value="0" />
  <attribute name="Current GC Util" value="110" />
  <attribute name= "Current Time Running" value="1080" />
  <attribute name ="GC Interval" value="0" />
  <attribute name="ProportionalT" value="90.000000" />
  <attribute name="ProportionalI" value="90.000000" />
  <attribute name="ProportionalH" value="90.000000" />
  <attribute name="Current Error" value="90.000000" />
  <attribute name="IntegralT" value="360.000000" />
  <attribute name="IntegralI" value="360.000000" />
  <attribute name="IntegralH" value="360.000000" />
  <attribute name="DerivativeT" value="11.250000" />
  <attribute name="DerivativeI" value="11.250000" />
  <attribute name="DerivativeH" value="11.250000" />
  <attribute name="Loop Time for DT" value="4.000000" />
  <attribute name="Output H" value="8388608"/>
  <attribute name="Output I" value="464"/>
  <attribute name="Output T" value="4"/>
  <attribute name="Target GC Util Change" value ="20.000000" />
  <attribute name="Current GC Util Change" value="110.000000"/>
  <attribute name="GC Util currently" value="110" />
  <attribute name="CPU Util currently" value="1125728958627" />
<exclusive-end id="51" timestamp="2019-06-16T17:49:44.806" durationms="6.604" />

<exclusive-start id="52" timestamp="2019-06-16T17:49:44.880" intervalms="81.001">
  <response-info timems="0.031" idlems="0.031" threads="0" lastid="00000000013AB700" lastname="main" />
</exclusive-start>
<allocation-taxation id="53" taxation-threshold="2097152" timestamp="2019-06-16T17:49:44.880" intervalms="80.984" />
<gc-start id="54" type="global mark phase" contextid="31" timestamp="2019-06-16T17:49:44.880">
  <mem-info id="55" free="3145728" total="9437184" percent="33">
    <remembered-set count="1120" freebytes="372224" totalbytes="376704" percent="98" regionsoverflowed="0" regionsstable="1" regionsrebuilding="0"/>
  </mem-info>
</gc-start>
<gc-op id="56" type="mark increment" timems="1.760" contextid="31" timestamp="2019-06-16T17:49:44.882">
  <trace-info objectcount="16008" scancount="12341" scanbytes="331944" />
  <cardclean-info objects="2589" bytes="104464" />
  <finalization candidates="58" enqueued="0" />
  <ownableSynchronizers candidates="5" cleared="0" />
  <references type="soft" candidates="201" cleared="0" enqueued="0" dynamicThreshold="17" maxThreshold="32" />
  <references type="weak" candidates="950" cleared="262" enqueued="186" />
  <references type="phantom" candidates="94" cleared="7" enqueued="7" />
  <stringconstants candidates="4945" cleared="0"  />
</gc-op>
<gc-op id="57" type="classunload" timems="0.002" contextid="31" timestamp="2019-06-16T17:49:44.882">
  <classunload-info classloadercandidates="8" classloadersunloaded="0" classesunloaded="0" anonymousclassesunloaded="0" quiescems="0.000" setupms="0.002" scanms="0.000" postms="0.000" />
</gc-op>
<gc-end id="58" type="global mark phase" contextid="31" durationms="2.067" usertimems="0.000" systemtimems="4.000" timestamp="2019-06-16T17:49:44.882" activeThreads="4">
  <mem-info id="59" free="3145728" total="9437184" percent="33">
    <pending-finalizers system="0" default="0" reference="193" classloader="0" />
    <remembered-set count="1120" freebytes="372224" totalbytes="376704" percent="98" regionsoverflowed="0" regionsstable="1" regionsrebuilding="0"/>
  </mem-info>
</gc-end>
<cycle-end id="60" type="global mark phase" contextid="31" timestamp="2019-06-16T17:49:44.882" />
  <attribute name="elasticGC enabled" value="1" />
  <attribute name= "numThreadsSpecified" value="4" />
  <attribute name="heapSize specified" value="0" />
  <attribute name="Current GC Util" value="44" />
  <attribute name= "Current Time Running" value="1158" />
  <attribute name ="GC Interval" value="0" />
  <attribute name="ProportionalT" value="24.000000" />
  <attribute name="ProportionalI" value="24.000000" />
  <attribute name="ProportionalH" value="24.000000" />
  <attribute name="Current Error" value="24.000000" />
  <attribute name="IntegralT" value="24.000000" />
  <attribute name="IntegralI" value="24.000000" />
  <attribute name="IntegralH" value="24.000000" />
  <attribute name="DerivativeT" value="-23.500000" />
  <attribute name="DerivativeI" value="-23.500000" />
  <attribute name="DerivativeH" value="-23.500000" />
  <attribute name="Loop Time for DT" value="1.000000" />
  <attribute name="Output H" value="8388608"/>
  <attribute name="Output I" value="200"/>
  <attribute name="Output T" value="4"/>
  <attribute name="Target GC Util Change" value ="20.000000" />
  <attribute name="Current GC Util Change" value="44.000000"/>
  <attribute name="GC Util currently" value="44" />
  <attribute name="CPU Util currently" value="7365675114974" />
<exclusive-end id="61" timestamp="2019-06-16T17:49:44.883" durationms="2.548" />

</verbosegc>

