
<?xml version="1.0" ?>

<verbosegc xmlns="http://www.ibm.com/j9/verbosegc" version="25b0271_CMPRSS">

<initialized id="1" timestamp="2019-08-04T20:00:52.326">
  <attribute name="gcPolicy" value="-Xgcpolicy:optthruput" />
  <attribute name="GC Util" value="0" />
  <attribute name="CPU Util" value="0" />
  <attribute name="Time Running"value="0"/>
  <attribute name="Number of cores"value="0"/>
  <attribute name="maxHeapSize" value="0xfa900000" />
  <attribute name="initialHeapSize" value="0x800000" />
  <attribute name="compressedRefs" value="true" />
  <attribute name="compressedRefsDisplacement" value="0x0" />
  <attribute name="compressedRefsShift" value="0x3" />
  <attribute name="pageSize" value="0x1000" />
  <attribute name="pageType" value="not used" />
  <attribute name="requestedPageSize" value="0x1000" />
  <attribute name="requestedPageType" value="not used" />
  <attribute name="gcthreads" value="16" />
  <attribute name="packetListSplit" value="16" />
  <attribute name="cacheListSplit" value="16" />
  <attribute name="splitFreeListSplitAmount" value="2" />
  <attribute name="numaNodes" value="0" />
  <system>
    <attribute name="physicalMemory" value="16815001600" />
    <attribute name="numCPUs" value="16" />
    <attribute name="architecture" value="amd64" />
    <attribute name="os" value="Linux" />
    <attribute name="osVersion" value="4.15.0" />
  </system>
  <vmargs>
    <vmarg name="-Xoptionsfile=/jdk/lib/options.default" />
    <vmarg name="-Xlockword:mode=default,noLockword=java/lang/String,noLockword=java/util/MapEntry,noLockword=java/util/HashMap$Entry,noLockword..." />
    <vmarg name="-Xjcl:jclse11_29" />
    <vmarg name="-Dcom.ibm.oti.vm.bootstrap.library.path=/jdk/lib/compressedrefs:/jdk/lib" />
    <vmarg name="-Dsun.boot.library.path=/jdk/lib/compressedrefs:/jdk/lib" />
    <vmarg name="-Djava.library.path=/jdk/lib/compressedrefs:/jdk/lib:/usr/lib64:/usr/lib" />
    <vmarg name="-Djava.home=/jdk" />
    <vmarg name="-Duser.dir=/" />
    <vmarg name="-Xgcpolicy:optthruput" />
    <vmarg name="-verbose:gc" />
    <vmarg name="-Djava.class.path=dacapo-9.12-MR1-bach.jar" />
    <vmarg name="-Dsun.java.command=dacapo-9.12-MR1-bach.jar avrora jython pmd sunflow xalan --size=large" />
    <vmarg name="-Dsun.java.launcher=SUN_STANDARD" />
    <vmarg name="-Dsun.java.launcher.pid=1" />
  </vmargs>
</initialized>

<exclusive-start id="2" timestamp="2019-08-04T20:00:52.534" intervalms="208.239">
  <response-info timems="0.013" idlems="0.013" threads="0" lastid="0000000001BEEF00" lastname="main" />
</exclusive-start>
<sys-start reason="explicit" id="3" timestamp="2019-08-04T20:00:52.535" intervalms="208.307" />
<cycle-start id="4" type="global" contextid="0" timestamp="2019-08-04T20:00:52.535" intervalms="208.326" />
  <attribute name="GC Util" value="0" />
  <attribute name="CPU Util" value="144" />
  <attribute name="Time Running"value="0"/>
  <attribute name="Number of cores"value="16"/>
<gc-start id="5" type="global" contextid="4" timestamp="2019-08-04T20:00:52.535">
  <mem-info id="6" free="2359912" total="8388608" percent="28">
    <mem type="tenure" free="2359912" total="8388608" percent="28">
      <mem type="soa" free="1941096" total="7969792" percent="24" />
      <mem type="loa" free="418816" total="418816" percent="100" />
    </mem>
  </mem-info>
</gc-start>
<allocation-stats totalBytes="5997488" >
  <allocated-bytes non-tlh="454040" tlh="5543448" />
  <largest-consumer threadName="main" threadId="0000000001BEEF00" bytes="5921296" />
</allocation-stats>
<gc-op id="7" type="mark" timems="1.882" contextid="4" timestamp="2019-08-04T20:00:52.536">
  <trace-info objectcount="17854" scancount="14745" scanbytes="465352" />
  <finalization candidates="19" enqueued="1" />
  <references type="soft" candidates="66" cleared="0" enqueued="0" dynamicThreshold="32" maxThreshold="32" />
  <references type="weak" candidates="576" cleared="412" enqueued="372" />
  <references type="phantom" candidates="99" cleared="41" enqueued="41" />
  <stringconstants candidates="2442" cleared="0"  />
</gc-op>
<gc-op id="8" type="classunload" timems="0.002" contextid="4" timestamp="2019-08-04T20:00:52.536">
  <classunload-info classloadercandidates="6" classloadersunloaded="0" classesunloaded="0" anonymousclassesunloaded="0" quiescems="0.000" setupms="0.001" scanms="0.000" postms="0.001" />
</gc-op>
<gc-op id="9" type="sweep" timems="1.081" contextid="4" timestamp="2019-08-04T20:00:52.538" />
<gc-end id="10" type="global" contextid="4" durationms="3.071" usertimems="3.225" systemtimems="2.284" timestamp="2019-08-04T20:00:52.538" activeThreads="4">
  <mem-info id="11" free="7119672" total="8388608" percent="84">
    <mem type="tenure" free="7119672" total="8388608" percent="84" micro-fragmented="169780" macro-fragmented="0">
      <mem type="soa" free="6700856" total="7969792" percent="84" />
      <mem type="loa" free="418816" total="418816" percent="100" />
    </mem>
    <pending-finalizers system="1" default="0" reference="413" classloader="0" />
  </mem-info>
</gc-end>
<cycle-end id="12" type="global" contextid="4" timestamp="2019-08-04T20:00:52.538">
  <attribute name="GC Util" value="133" />
  <attribute name="CPU Util" value="9720267237790" />
  <attribute name="Time Running"value="150"/>
  <attribute name="Number of cores"value="16"/>
</cycle-end>
<sys-end id="13" timestamp="2019-08-04T20:00:52.538" />
<exclusive-end id="14" timestamp="2019-08-04T20:00:52.538" durationms="3.198" />

===== DaCapo 9.12-MR1 avrora starting =====
<exclusive-start id="15" timestamp="2019-08-04T20:00:52.715" intervalms="180.642">
  <response-info timems="0.011" idlems="0.011" threads="0" lastid="0000000001BEEF00" lastname="main" />
</exclusive-start>
<af-start id="16" threadId="0000000001BEF888" totalBytesRequested="7176" timestamp="2019-08-04T20:00:52.715" intervalms="388.924" />
<cycle-start id="17" type="global" contextid="0" timestamp="2019-08-04T20:00:52.715" intervalms="180.625" />
  <attribute name="GC Util" value="133" />
  <attribute name="CPU Util" value="9720267237790" />
  <attribute name="Time Running"value="150"/>
  <attribute name="Number of cores"value="16"/>
<gc-start id="18" type="global" contextid="17" timestamp="2019-08-04T20:00:52.715">
  <mem-info id="19" free="418816" total="8388608" percent="4">
    <mem type="tenure" free="418816" total="8388608" percent="4">
      <mem type="soa" free="0" total="7969792" percent="0" />
      <mem type="loa" free="418816" total="418816" percent="100" />
    </mem>
  </mem-info>
</gc-start>
<allocation-stats totalBytes="6635632" >
  <allocated-bytes non-tlh="662800" tlh="5972832" />
  <largest-consumer threadName="main" threadId="0000000001BEEF00" bytes="6628752" />
</allocation-stats>
<gc-op id="20" type="mark" timems="2.161" contextid="17" timestamp="2019-08-04T20:00:52.717">
  <trace-info objectcount="95211" scancount="88869" scanbytes="2662788" />
  <finalization candidates="18" enqueued="0" />
  <references type="soft" candidates="66" cleared="0" enqueued="0" dynamicThreshold="27" maxThreshold="32" />
  <references type="weak" candidates="206" cleared="40" enqueued="40" />
  <references type="phantom" candidates="71" cleared="13" enqueued="13" />
  <stringconstants candidates="3541" cleared="0"  />
</gc-op>
<gc-op id="21" type="sweep" timems="0.617" contextid="17" timestamp="2019-08-04T20:00:52.718" />
<gc-end id="22" type="global" contextid="17" durationms="2.872" usertimems="5.494" systemtimems="1.400" timestamp="2019-08-04T20:00:52.718" activeThreads="4">
  <mem-info id="23" free="3873928" total="8388608" percent="46">
    <mem type="tenure" free="3873928" total="8388608" percent="46" micro-fragmented="807979" macro-fragmented="0">
      <mem type="soa" free="3455112" total="7969792" percent="43" />
      <mem type="loa" free="418816" total="418816" percent="100" />
    </mem>
    <pending-finalizers system="0" default="0" reference="53" classloader="0" />
  </mem-info>
</gc-end>
<cycle-end id="24" type="global" contextid="17" timestamp="2019-08-04T20:00:52.718">
  <attribute name="GC Util" value="193" />
  <attribute name="CPU Util" value="8546604857502" />
  <attribute name="Time Running"value="331"/>
  <attribute name="Number of cores"value="16"/>
</cycle-end>
<allocation-satisfied id="25" threadId="0000000001BEEF00" bytesRequested="7176" />
<af-end id="26" timestamp="2019-08-04T20:00:52.718" threadId="0000000001BEF888" success="true" />
<exclusive-end id="27" timestamp="2019-08-04T20:00:52.718" durationms="3.024" />

<exclusive-start id="28" timestamp="2019-08-04T20:00:52.874" intervalms="158.428">
  <response-info timems="0.013" idlems="0.013" threads="0" lastid="0000000001BEEF00" lastname="main" />
</exclusive-start>
<af-start id="29" threadId="0000000001BEF888" totalBytesRequested="61032" timestamp="2019-08-04T20:00:52.874" intervalms="158.429" />
<cycle-start id="30" type="global" contextid="0" timestamp="2019-08-04T20:00:52.874" intervalms="158.431" />
  <attribute name="GC Util" value="193" />
  <attribute name="CPU Util" value="8546604857502" />
  <attribute name="Time Running"value="331"/>
  <attribute name="Number of cores"value="16"/>
<gc-start id="31" type="global" contextid="30" timestamp="2019-08-04T20:00:52.874">
  <mem-info id="32" free="451992" total="8388608" percent="5">
    <mem type="tenure" free="451992" total="8388608" percent="5">
      <mem type="soa" free="33176" total="7969792" percent="0" />
      <mem type="loa" free="418816" total="418816" percent="100" />
    </mem>
  </mem-info>
</gc-start>
<allocation-stats totalBytes="3352648" >
  <allocated-bytes non-tlh="829552" tlh="2523096" />
  <largest-consumer threadName="main" threadId="0000000001BEEF00" bytes="3352648" />
</allocation-stats>
<gc-op id="33" type="mark" timems="3.336" contextid="30" timestamp="2019-08-04T20:00:52.877">
  <trace-info objectcount="118504" scancount="110446" scanbytes="3837244" />
  <finalization candidates="18" enqueued="0" />
  <references type="soft" candidates="66" cleared="0" enqueued="0" dynamicThreshold="14" maxThreshold="32" />
  <references type="weak" candidates="167" cleared="2" enqueued="2" />
  <references type="phantom" candidates="57" cleared="0" enqueued="0" />
  <stringconstants candidates="3810" cleared="0"  />
</gc-op>
<gc-op id="34" type="sweep" timems="0.704" contextid="30" timestamp="2019-08-04T20:00:52.878" />
<heap-resize id="35" type="expand" space="tenure" amount="1048576" count="1" timems="0.025" reason="insufficient free space following gc" timestamp="2019-08-04T20:00:52.878" />
<gc-end id="36" type="global" contextid="30" durationms="4.511" usertimems="8.567" systemtimems="2.440" timestamp="2019-08-04T20:00:52.878" activeThreads="4">
  <mem-info id="37" free="3138144" total="9437184" percent="33">
    <mem type="tenure" free="3138144" total="9437184" percent="33" micro-fragmented="1029756" macro-fragmented="0">
      <mem type="soa" free="2667104" total="8966144" percent="29" />
      <mem type="loa" free="471040" total="471040" percent="100" />
    </mem>
    <pending-finalizers system="0" default="0" reference="2" classloader="0" />
  </mem-info>
</gc-end>
<cycle-end id="38" type="global" contextid="30" timestamp="2019-08-04T20:00:52.878">
  <attribute name="GC Util" value="193" />
  <attribute name="CPU Util" value="5039397305439" />
  <attribute name="Time Running"value="490"/>
  <attribute name="Number of cores"value="16"/>
</cycle-end>
<allocation-satisfied id="39" threadId="0000000001BEEF00" bytesRequested="61032" />
<af-end id="40" timestamp="2019-08-04T20:00:52.878" threadId="0000000001BEF888" success="true" />
<exclusive-end id="41" timestamp="2019-08-04T20:00:52.878" durationms="4.685" />

<exclusive-start id="42" timestamp="2019-08-04T20:00:53.421" intervalms="547.501">
  <response-info timems="0.376" idlems="0.241" threads="1" lastid="0000000001F24900" lastname="node-0" />
</exclusive-start>
<af-start id="43" threadId="0000000001EF4888" totalBytesRequested="16" timestamp="2019-08-04T20:00:53.421" intervalms="547.554" />
<cycle-start id="44" type="global" contextid="0" timestamp="2019-08-04T20:00:53.421" intervalms="547.572" />
  <attribute name="GC Util" value="193" />
  <attribute name="CPU Util" value="5039397305439" />
  <attribute name="Time Running"value="490"/>
  <attribute name="Number of cores"value="16"/>
<gc-start id="45" type="global" contextid="44" timestamp="2019-08-04T20:00:53.421">
  <mem-info id="46" free="471040" total="9437184" percent="4">
    <mem type="tenure" free="471040" total="9437184" percent="4">
      <mem type="soa" free="0" total="8966144" percent="0" />
      <mem type="loa" free="471040" total="471040" percent="100" />
    </mem>
  </mem-info>
</gc-start>
<allocation-stats totalBytes="2703856" >
  <allocated-bytes non-tlh="1020944" tlh="1682912" />
  <largest-consumer threadName="main" threadId="0000000001BEEF00" bytes="2100112" />
</allocation-stats>
<gc-op id="47" type="mark" timems="3.693" contextid="44" timestamp="2019-08-04T20:00:53.425">
  <trace-info objectcount="145900" scancount="136358" scanbytes="5331588" />
  <finalization candidates="18" enqueued="0" />
  <references type="soft" candidates="66" cleared="0" enqueued="0" dynamicThreshold="10" maxThreshold="32" />
  <references type="weak" candidates="167" cleared="2" enqueued="2" />
  <references type="phantom" candidates="57" cleared="0" enqueued="0" />
  <stringconstants candidates="3824" cleared="0"  />
</gc-op>
<gc-op id="48" type="sweep" timems="0.606" contextid="44" timestamp="2019-08-04T20:00:53.426" />
<heap-resize id="49" type="expand" space="tenure" amount="2621440" count="1" timems="0.019" reason="insufficient free space following gc" timestamp="2019-08-04T20:00:53.426" />
<gc-end id="50" type="global" contextid="44" durationms="4.442" usertimems="13.272" systemtimems="2.736" timestamp="2019-08-04T20:00:53.426" activeThreads="4">
  <mem-info id="51" free="3647528" total="12058624" percent="30">
    <mem type="tenure" free="3647528" total="12058624" percent="30" micro-fragmented="1470133" macro-fragmented="0">
      <mem type="soa" free="3045416" total="11456512" percent="26" />
      <mem type="loa" free="602112" total="602112" percent="100" />
    </mem>
    <pending-finalizers system="0" default="0" reference="2" classloader="0" />
  </mem-info>
</gc-end>
<cycle-end id="52" type="global" contextid="44" timestamp="2019-08-04T20:00:53.426">
  <attribute name="GC Util" value="231" />
  <attribute name="CPU Util" value="5000128500701" />
  <attribute name="Time Running"value="1038"/>
  <attribute name="Number of cores"value="16"/>
</cycle-end>
<allocation-satisfied id="53" threadId="0000000001EF3F00" bytesRequested="16" />
<af-end id="54" timestamp="2019-08-04T20:00:53.426" threadId="0000000001EF4888" success="true" />
<exclusive-end id="55" timestamp="2019-08-04T20:00:53.426" durationms="4.860" />

<exclusive-start id="56" timestamp="2019-08-04T20:00:56.525" intervalms="3104.173">
  <response-info timems="0.064" idlems="0.064" threads="0" lastid="0000000001F15A00" lastname="node-6" />
</exclusive-start>
<af-start id="57" threadId="0000000001F16388" totalBytesRequested="24" timestamp="2019-08-04T20:00:56.525" intervalms="3104.134" />
<cycle-start id="58" type="global" contextid="0" timestamp="2019-08-04T20:00:56.525" intervalms="3104.114" />
  <attribute name="GC Util" value="231" />
  <attribute name="CPU Util" value="5000128500701" />
  <attribute name="Time Running"value="1038"/>
  <attribute name="Number of cores"value="16"/>
<gc-start id="59" type="global" contextid="58" timestamp="2019-08-04T20:00:56.525">
  <mem-info id="60" free="602112" total="12058624" percent="4">
    <mem type="tenure" free="602112" total="12058624" percent="4">
      <mem type="soa" free="0" total="11456512" percent="0" />
      <mem type="loa" free="602112" total="602112" percent="100" />
    </mem>
  </mem-info>
</gc-start>
<allocation-stats totalBytes="3038008" >
  <allocated-bytes non-tlh="0" tlh="3038008" />
  <largest-consumer threadName="node-2" threadId="0000000001EFB700" bytes="353448" />
</allocation-stats>
<gc-op id="61" type="mark" timems="3.450" contextid="58" timestamp="2019-08-04T20:00:56.529">
  <trace-info objectcount="145741" scancount="136202" scanbytes="5327276" />
  <finalization candidates="18" enqueued="0" />
  <references type="soft" candidates="66" cleared="0" enqueued="0" dynamicThreshold="9" maxThreshold="32" />
  <references type="weak" candidates="165" cleared="0" enqueued="0" />
  <references type="phantom" candidates="57" cleared="0" enqueued="0" />
  <stringconstants candidates="3824" cleared="0"  />
</gc-op>
<gc-op id="62" type="sweep" timems="0.733" contextid="58" timestamp="2019-08-04T20:00:56.530" />
<gc-end id="63" type="global" contextid="58" durationms="4.301" usertimems="11.439" systemtimems="0.000" timestamp="2019-08-04T20:00:56.530" activeThreads="5">
  <mem-info id="64" free="3654272" total="12058624" percent="30">
    <mem type="tenure" free="3654272" total="12058624" percent="30" micro-fragmented="1412556" macro-fragmented="0">
      <mem type="soa" free="3052160" total="11456512" percent="26" />
      <mem type="loa" free="602112" total="602112" percent="100" />
    </mem>
  </mem-info>
</gc-end>
<cycle-end id="65" type="global" contextid="58" timestamp="2019-08-04T20:00:56.530">
  <attribute name="GC Util" value="225" />
  <attribute name="CPU Util" value="5318877294054" />
  <attribute name="Time Running"value="4142"/>
  <attribute name="Number of cores"value="16"/>
</cycle-end>
<allocation-satisfied id="66" threadId="0000000001F15A00" bytesRequested="24" />
<af-end id="67" timestamp="2019-08-04T20:00:56.530" threadId="0000000001F16388" success="true" />
<exclusive-end id="68" timestamp="2019-08-04T20:00:56.530" durationms="4.526" />

<exclusive-start id="69" timestamp="2019-08-04T20:00:57.935" intervalms="1409.465">
  <response-info timems="0.217" idlems="0.217" threads="0" lastid="0000000001F15A00" lastname="node-6" />
</exclusive-start>
<af-start id="70" threadId="0000000001F16388" totalBytesRequested="24" timestamp="2019-08-04T20:00:57.935" intervalms="1409.470" />
<cycle-start id="71" type="global" contextid="0" timestamp="2019-08-04T20:00:57.935" intervalms="1409.472" />
  <attribute name="GC Util" value="225" />
  <attribute name="CPU Util" value="5318877294054" />
  <attribute name="Time Running"value="4142"/>
  <attribute name="Number of cores"value="16"/>
<gc-start id="72" type="global" contextid="71" timestamp="2019-08-04T20:00:57.935">
  <mem-info id="73" free="602112" total="12058624" percent="4">
    <mem type="tenure" free="602112" total="12058624" percent="4">
      <mem type="soa" free="0" total="11456512" percent="0" />
      <mem type="loa" free="602112" total="602112" percent="100" />
    </mem>
  </mem-info>
</gc-start>
<allocation-stats totalBytes="3040632" >
  <allocated-bytes non-tlh="0" tlh="3040632" />
  <largest-consumer threadName="node-1" threadId="0000000001EE1300" bytes="250344" />
</allocation-stats>
<gc-op id="74" type="mark" timems="3.113" contextid="71" timestamp="2019-08-04T20:00:57.938">
  <trace-info objectcount="145664" scancount="136153" scanbytes="5325012" />
  <finalization candidates="18" enqueued="0" />
  <references type="soft" candidates="66" cleared="0" enqueued="0" dynamicThreshold="9" maxThreshold="32" />
  <references type="weak" candidates="165" cleared="0" enqueued="0" />
  <references type="phantom" candidates="57" cleared="0" enqueued="0" />
  <stringconstants candidates="3824" cleared="0"  />
</gc-op>
<gc-op id="75" type="sweep" timems="0.897" contextid="71" timestamp="2019-08-04T20:00:57.939" />
<gc-end id="76" type="global" contextid="71" durationms="4.203" usertimems="11.323" systemtimems="0.000" timestamp="2019-08-04T20:00:57.939" activeThreads="5">
  <mem-info id="77" free="3657144" total="12058624" percent="30">
    <mem type="tenure" free="3657144" total="12058624" percent="30" micro-fragmented="1459841" macro-fragmented="0">
      <mem type="soa" free="3055032" total="11456512" percent="26" />
      <mem type="loa" free="602112" total="602112" percent="100" />
    </mem>
  </mem-info>
</gc-end>
<cycle-end id="78" type="global" contextid="71" timestamp="2019-08-04T20:00:57.939">
  <attribute name="GC Util" value="229" />
  <attribute name="CPU Util" value="5910728109295" />
  <attribute name="Time Running"value="5551"/>
  <attribute name="Number of cores"value="16"/>
</cycle-end>
<allocation-satisfied id="79" threadId="0000000001F15A00" bytesRequested="24" />
<af-end id="80" timestamp="2019-08-04T20:00:57.939" threadId="0000000001F16388" success="true" />
<exclusive-end id="81" timestamp="2019-08-04T20:00:57.939" durationms="4.503" />

<exclusive-start id="82" timestamp="2019-08-04T20:00:59.547" intervalms="1611.886">
  <response-info timems="0.597" idlems="0.312" threads="1" lastid="0000000001EFB700" lastname="node-2" />
</exclusive-start>
<af-start id="83" threadId="0000000001F1DB88" totalBytesRequested="24" timestamp="2019-08-04T20:00:59.547" intervalms="1611.942" />
<cycle-start id="84" type="global" contextid="0" timestamp="2019-08-04T20:00:59.547" intervalms="1611.992" />
  <attribute name="GC Util" value="229" />
  <attribute name="CPU Util" value="5910728109295" />
  <attribute name="Time Running"value="5551"/>
  <attribute name="Number of cores"value="16"/>
<gc-start id="85" type="global" contextid="84" timestamp="2019-08-04T20:00:59.547">
  <mem-info id="86" free="602112" total="12058624" percent="4">
    <mem type="tenure" free="602112" total="12058624" percent="4">
      <mem type="soa" free="0" total="11456512" percent="0" />
      <mem type="loa" free="602112" total="602112" percent="100" />
    </mem>
  </mem-info>
</gc-start>
<allocation-stats totalBytes="3047416" >
  <allocated-bytes non-tlh="0" tlh="3047416" />
  <largest-consumer threadName="node-9" threadId="0000000001EE8B00" bytes="239136" />
</allocation-stats>
<gc-op id="87" type="mark" timems="3.802" contextid="84" timestamp="2019-08-04T20:00:59.551">
  <trace-info objectcount="145608" scancount="136079" scanbytes="5323476" />
  <finalization candidates="18" enqueued="0" />
  <references type="soft" candidates="66" cleared="0" enqueued="0" dynamicThreshold="9" maxThreshold="32" />
  <references type="weak" candidates="165" cleared="0" enqueued="0" />
  <references type="phantom" candidates="57" cleared="0" enqueued="0" />
  <stringconstants candidates="3824" cleared="0"  />
</gc-op>
<gc-op id="88" type="sweep" timems="0.635" contextid="84" timestamp="2019-08-04T20:00:59.551" />
<gc-end id="89" type="global" contextid="84" durationms="4.769" usertimems="10.857" systemtimems="1.950" timestamp="2019-08-04T20:00:59.552" activeThreads="5">
  <mem-info id="90" free="3665296" total="12058624" percent="30">
    <mem type="tenure" free="3665296" total="12058624" percent="30" micro-fragmented="1369361" macro-fragmented="0">
      <mem type="soa" free="3063184" total="11456512" percent="26" />
      <mem type="loa" free="602112" total="602112" percent="100" />
    </mem>
  </mem-info>
</gc-end>
<cycle-end id="91" type="global" contextid="84" timestamp="2019-08-04T20:00:59.552">
  <attribute name="GC Util" value="224" />
  <attribute name="CPU Util" value="4812405432126" />
  <attribute name="Time Running"value="7164"/>
  <attribute name="Number of cores"value="16"/>
</cycle-end>
<allocation-satisfied id="92" threadId="0000000001F1D200" bytesRequested="24" />
<af-end id="93" timestamp="2019-08-04T20:00:59.552" threadId="0000000001F1DB88" success="true" />
<exclusive-end id="94" timestamp="2019-08-04T20:00:59.552" durationms="5.258" />

<exclusive-start id="95" timestamp="2019-08-04T20:01:01.105" intervalms="1558.163">
  <response-info timems="0.041" idlems="0.041" threads="0" lastid="0000000001EFF200" lastname="node-5" />
</exclusive-start>
<af-start id="96" threadId="0000000001EFFB88" totalBytesRequested="24" timestamp="2019-08-04T20:01:01.105" intervalms="1558.101" />
<cycle-start id="97" type="global" contextid="0" timestamp="2019-08-04T20:01:01.105" intervalms="1558.061" />
  <attribute name="GC Util" value="224" />
  <attribute name="CPU Util" value="4812405432126" />
  <attribute name="Time Running"value="7164"/>
  <attribute name="Number of cores"value="16"/>
<gc-start id="98" type="global" contextid="97" timestamp="2019-08-04T20:01:01.105">
  <mem-info id="99" free="602112" total="12058624" percent="4">
    <mem type="tenure" free="602112" total="12058624" percent="4">
      <mem type="soa" free="0" total="11456512" percent="0" />
      <mem type="loa" free="602112" total="602112" percent="100" />
    </mem>
  </mem-info>
</gc-start>
<allocation-stats totalBytes="3055792" >
  <allocated-bytes non-tlh="0" tlh="3055792" />
  <largest-consumer threadName="node-2" threadId="0000000001EFB700" bytes="215896" />
</allocation-stats>
<gc-op id="100" type="mark" timems="3.694" contextid="97" timestamp="2019-08-04T20:01:01.109">
  <trace-info objectcount="145570" scancount="136041" scanbytes="5322468" />
  <finalization candidates="18" enqueued="0" />
  <references type="soft" candidates="66" cleared="0" enqueued="0" dynamicThreshold="9" maxThreshold="32" />
  <references type="weak" candidates="165" cleared="0" enqueued="0" />
  <references type="phantom" candidates="57" cleared="0" enqueued="0" />
  <stringconstants candidates="3824" cleared="0"  />
</gc-op>
<gc-op id="101" type="sweep" timems="0.870" contextid="97" timestamp="2019-08-04T20:01:01.109" />
<gc-end id="102" type="global" contextid="97" durationms="4.727" usertimems="12.444" systemtimems="2.192" timestamp="2019-08-04T20:01:01.110" activeThreads="5">
  <mem-info id="103" free="3667376" total="12058624" percent="30">
    <mem type="tenure" free="3667376" total="12058624" percent="30" micro-fragmented="1386040" macro-fragmented="0">
      <mem type="soa" free="3065264" total="11456512" percent="26" />
      <mem type="loa" free="602112" total="602112" percent="100" />
    </mem>
  </mem-info>
</gc-end>
<cycle-end id="104" type="global" contextid="97" timestamp="2019-08-04T20:01:01.110">
  <attribute name="GC Util" value="226" />
  <attribute name="CPU Util" value="4982851122600" />
  <attribute name="Time Running"value="8722"/>
  <attribute name="Number of cores"value="16"/>
</cycle-end>
<allocation-satisfied id="105" threadId="0000000001EFF200" bytesRequested="24" />
<af-end id="106" timestamp="2019-08-04T20:01:01.110" threadId="0000000001EFFB88" success="true" />
<exclusive-end id="107" timestamp="2019-08-04T20:01:01.110" durationms="4.931" />

<exclusive-start id="108" timestamp="2019-08-04T20:01:02.405" intervalms="1300.031">
  <response-info timems="0.412" idlems="0.412" threads="0" lastid="0000000001F28500" lastname="node-8" />
</exclusive-start>
<af-start id="109" threadId="0000000001F28E88" totalBytesRequested="24" timestamp="2019-08-04T20:01:02.405" intervalms="1300.105" />
<cycle-start id="110" type="global" contextid="0" timestamp="2019-08-04T20:01:02.405" intervalms="1300.148" />
  <attribute name="GC Util" value="226" />
  <attribute name="CPU Util" value="4982851122600" />
  <attribute name="Time Running"value="8722"/>
  <attribute name="Number of cores"value="16"/>
<gc-start id="111" type="global" contextid="110" timestamp="2019-08-04T20:01:02.405">
  <mem-info id="112" free="602112" total="12058624" percent="4">
    <mem type="tenure" free="602112" total="12058624" percent="4">
      <mem type="soa" free="0" total="11456512" percent="0" />
      <mem type="loa" free="602112" total="602112" percent="100" />
    </mem>
  </mem-info>
</gc-start>
<allocation-stats totalBytes="3057248" >
  <allocated-bytes non-tlh="0" tlh="3057248" />
  <largest-consumer threadName="node-13" threadId="0000000001F2C100" bytes="244768" />
</allocation-stats>
<gc-op id="113" type="mark" timems="4.686" contextid="110" timestamp="2019-08-04T20:01:02.410">
  <trace-info objectcount="145542" scancount="136014" scanbytes="5321708" />
  <finalization candidates="18" enqueued="0" />
  <references type="soft" candidates="66" cleared="0" enqueued="0" dynamicThreshold="9" maxThreshold="32" />
  <references type="weak" candidates="165" cleared="0" enqueued="0" />
  <references type="phantom" candidates="57" cleared="0" enqueued="0" />
  <stringconstants candidates="3824" cleared="0"  />
</gc-op>
<gc-op id="114" type="sweep" timems="1.074" contextid="110" timestamp="2019-08-04T20:01:02.411" />
<gc-end id="115" type="global" contextid="110" durationms="6.082" usertimems="13.501" systemtimems="1.497" timestamp="2019-08-04T20:01:02.411" activeThreads="5">
  <mem-info id="116" free="3667016" total="12058624" percent="30">
    <mem type="tenure" free="3667016" total="12058624" percent="30" micro-fragmented="1303610" macro-fragmented="0">
      <mem type="soa" free="3064904" total="11456512" percent="26" />
      <mem type="loa" free="602112" total="602112" percent="100" />
    </mem>
  </mem-info>
</gc-end>
<cycle-end id="117" type="global" contextid="110" timestamp="2019-08-04T20:01:02.411">
  <attribute name="GC Util" value="207" />
  <attribute name="CPU Util" value="3875705931934" />
  <attribute name="Time Running"value="10023"/>
  <attribute name="Number of cores"value="16"/>
</cycle-end>
<allocation-satisfied id="118" threadId="0000000001F28500" bytesRequested="24" />
<af-end id="119" timestamp="2019-08-04T20:01:02.411" threadId="0000000001F28E88" success="true" />
<exclusive-end id="120" timestamp="2019-08-04T20:01:02.411" durationms="6.731" />

<exclusive-start id="121" timestamp="2019-08-04T20:01:03.258" intervalms="853.242">
  <response-info timems="0.196" idlems="0.100" threads="1" lastid="0000000001F20E00" lastname="node-23" />
</exclusive-start>
<af-start id="122" threadId="0000000001F19F88" totalBytesRequested="16" timestamp="2019-08-04T20:01:03.258" intervalms="853.167" />
<cycle-start id="123" type="global" contextid="0" timestamp="2019-08-04T20:01:03.258" intervalms="853.116" />
  <attribute name="GC Util" value="207" />
  <attribute name="CPU Util" value="3875705931934" />
  <attribute name="Time Running"value="10023"/>
  <attribute name="Number of cores"value="16"/>
<gc-start id="124" type="global" contextid="123" timestamp="2019-08-04T20:01:03.258">
  <mem-info id="125" free="602112" total="12058624" percent="4">
    <mem type="tenure" free="602112" total="12058624" percent="4">
      <mem type="soa" free="0" total="11456512" percent="0" />
      <mem type="loa" free="602112" total="602112" percent="100" />
    </mem>
  </mem-info>
</gc-start>
<allocation-stats totalBytes="3056992" >
  <allocated-bytes non-tlh="0" tlh="3056992" />
  <largest-consumer threadName="node-14" threadId="0000000001EEC700" bytes="234544" />
</allocation-stats>
<gc-op id="126" type="mark" timems="3.816" contextid="123" timestamp="2019-08-04T20:01:03.262">
  <trace-info objectcount="145486" scancount="135962" scanbytes="5319344" />
  <finalization candidates="18" enqueued="0" />
  <references type="soft" candidates="66" cleared="20" enqueued="16" dynamicThreshold="9" maxThreshold="32" />
  <references type="weak" candidates="165" cleared="0" enqueued="0" />
  <references type="phantom" candidates="57" cleared="0" enqueued="0" />
  <stringconstants candidates="3824" cleared="0"  />
</gc-op>
<gc-op id="127" type="sweep" timems="1.321" contextid="123" timestamp="2019-08-04T20:01:03.263" />
<gc-end id="128" type="global" contextid="123" durationms="5.373" usertimems="13.161" systemtimems="0.821" timestamp="2019-08-04T20:01:03.264" activeThreads="5">
  <mem-info id="129" free="3656808" total="12058624" percent="30">
    <mem type="tenure" free="3656808" total="12058624" percent="30" micro-fragmented="1383768" macro-fragmented="0">
      <mem type="soa" free="3054696" total="11456512" percent="26" />
      <mem type="loa" free="602112" total="602112" percent="100" />
    </mem>
    <pending-finalizers system="0" default="0" reference="16" classloader="0" />
  </mem-info>
</gc-end>
<cycle-end id="130" type="global" contextid="123" timestamp="2019-08-04T20:01:03.264">
  <attribute name="GC Util" value="215" />
  <attribute name="CPU Util" value="4530106721694" />
  <attribute name="Time Running"value="10875"/>
  <attribute name="Number of cores"value="16"/>
</cycle-end>
<allocation-satisfied id="131" threadId="0000000001F19600" bytesRequested="16" />
<af-end id="132" timestamp="2019-08-04T20:01:03.264" threadId="0000000001F19F88" success="true" />
<exclusive-end id="133" timestamp="2019-08-04T20:01:03.264" durationms="5.820" />

<exclusive-start id="134" timestamp="2019-08-04T20:01:04.175" intervalms="917.362">
  <response-info timems="0.327" idlems="0.327" threads="0" lastid="0000000001EEC700" lastname="node-14" />
</exclusive-start>
<af-start id="135" threadId="0000000001EED088" totalBytesRequested="24" timestamp="2019-08-04T20:01:04.175" intervalms="917.359" />
<cycle-start id="136" type="global" contextid="0" timestamp="2019-08-04T20:01:04.175" intervalms="917.356" />
  <attribute name="GC Util" value="215" />
  <attribute name="CPU Util" value="4530106721694" />
  <attribute name="Time Running"value="10875"/>
  <attribute name="Number of cores"value="16"/>
<gc-start id="137" type="global" contextid="136" timestamp="2019-08-04T20:01:04.175">
  <mem-info id="138" free="602112" total="12058624" percent="4">
    <mem type="tenure" free="602112" total="12058624" percent="4">
      <mem type="soa" free="0" total="11456512" percent="0" />
      <mem type="loa" free="602112" total="602112" percent="100" />
    </mem>
  </mem-info>
</gc-start>
<allocation-stats totalBytes="3044536" >
  <allocated-bytes non-tlh="0" tlh="3044536" />
  <largest-consumer threadName="node-13" threadId="0000000001F2C100" bytes="235256" />
</allocation-stats>
<gc-op id="139" type="mark" timems="5.023" contextid="136" timestamp="2019-08-04T20:01:04.181">
  <trace-info objectcount="145340" scancount="135819" scanbytes="5315524" />
  <finalization candidates="18" enqueued="0" />
  <references type="soft" candidates="46" cleared="0" enqueued="0" dynamicThreshold="9" maxThreshold="32" />
  <references type="weak" candidates="165" cleared="0" enqueued="0" />
  <references type="phantom" candidates="57" cleared="0" enqueued="0" />
  <stringconstants candidates="3824" cleared="0"  />
</gc-op>
<gc-op id="140" type="sweep" timems="1.004" contextid="136" timestamp="2019-08-04T20:01:04.182" />
<gc-end id="141" type="global" contextid="136" durationms="6.187" usertimems="15.608" systemtimems="0.000" timestamp="2019-08-04T20:01:04.182" activeThreads="5">
  <mem-info id="142" free="3673768" total="12058624" percent="30">
    <mem type="tenure" free="3673768" total="12058624" percent="30" micro-fragmented="1321398" macro-fragmented="0">
      <mem type="soa" free="3071656" total="11456512" percent="26" />
      <mem type="loa" free="602112" total="602112" percent="100" />
    </mem>
  </mem-info>
</gc-end>
<cycle-end id="143" type="global" contextid="136" timestamp="2019-08-04T20:01:04.182">
  <attribute name="GC Util" value="253" />
  <attribute name="CPU Util" value="3665246882057" />
  <attribute name="Time Running"value="11794"/>
  <attribute name="Number of cores"value="16"/>
</cycle-end>
<allocation-satisfied id="144" threadId="0000000001EEC700" bytesRequested="24" />
<af-end id="145" timestamp="2019-08-04T20:01:04.182" threadId="0000000001EED088" success="true" />
<exclusive-end id="146" timestamp="2019-08-04T20:01:04.182" durationms="6.365" />

<exclusive-start id="147" timestamp="2019-08-04T20:01:05.011" intervalms="835.591">
  <response-info timems="0.073" idlems="0.073" threads="0" lastid="0000000001EEC700" lastname="node-14" />
</exclusive-start>
<af-start id="148" threadId="0000000001EED088" totalBytesRequested="24" timestamp="2019-08-04T20:01:05.011" intervalms="835.599" />
<cycle-start id="149" type="global" contextid="0" timestamp="2019-08-04T20:01:05.011" intervalms="835.601" />
  <attribute name="GC Util" value="253" />
  <attribute name="CPU Util" value="3665246882057" />
  <attribute name="Time Running"value="11794"/>
  <attribute name="Number of cores"value="16"/>
<gc-start id="150" type="global" contextid="149" timestamp="2019-08-04T20:01:05.011">
  <mem-info id="151" free="602112" total="12058624" percent="4">
    <mem type="tenure" free="602112" total="12058624" percent="4">
      <mem type="soa" free="0" total="11456512" percent="0" />
      <mem type="loa" free="602112" total="602112" percent="100" />
    </mem>
  </mem-info>
</gc-start>
<allocation-stats totalBytes="3064608" >
  <allocated-bytes non-tlh="0" tlh="3064608" />
  <largest-consumer threadName="node-19" threadId="0000000001F1D200" bytes="203776" />
</allocation-stats>
<gc-op id="152" type="mark" timems="4.674" contextid="149" timestamp="2019-08-04T20:01:05.016">
  <trace-info objectcount="145320" scancount="135800" scanbytes="5315044" />
  <finalization candidates="18" enqueued="0" />
  <references type="soft" candidates="46" cleared="0" enqueued="0" dynamicThreshold="9" maxThreshold="32" />
  <references type="weak" candidates="165" cleared="0" enqueued="0" />
  <references type="phantom" candidates="57" cleared="0" enqueued="0" />
  <stringconstants candidates="3824" cleared="0"  />
</gc-op>
<gc-op id="153" type="sweep" timems="1.163" contextid="149" timestamp="2019-08-04T20:01:05.017" />
<gc-end id="154" type="global" contextid="149" durationms="6.028" usertimems="14.098" systemtimems="1.778" timestamp="2019-08-04T20:01:05.017" activeThreads="5">
  <mem-info id="155" free="3673472" total="12058624" percent="30">
    <mem type="tenure" free="3673472" total="12058624" percent="30" micro-fragmented="1368546" macro-fragmented="0">
      <mem type="soa" free="3071360" total="11456512" percent="26" />
      <mem type="loa" free="602112" total="602112" percent="100" />
    </mem>
  </mem-info>
</gc-end>
<cycle-end id="156" type="global" contextid="149" timestamp="2019-08-04T20:01:05.018">
  <attribute name="GC Util" value="223" />
  <attribute name="CPU Util" value="3971741200504" />
  <attribute name="Time Running"value="12629"/>
  <attribute name="Number of cores"value="16"/>
</cycle-end>
<allocation-satisfied id="157" threadId="0000000001EEC700" bytesRequested="24" />
<af-end id="158" timestamp="2019-08-04T20:01:05.019" threadId="0000000001EED088" success="true" />
<exclusive-end id="159" timestamp="2019-08-04T20:01:05.019" durationms="7.631" />

<exclusive-start id="160" timestamp="2019-08-04T20:01:06.170" intervalms="1159.361">
  <response-info timems="0.093" idlems="0.093" threads="0" lastid="0000000001F1D200" lastname="node-19" />
</exclusive-start>
<af-start id="161" threadId="0000000001F1DB88" totalBytesRequested="32" timestamp="2019-08-04T20:01:06.170" intervalms="1159.358" />
<cycle-start id="162" type="global" contextid="0" timestamp="2019-08-04T20:01:06.170" intervalms="1159.388" />
  <attribute name="GC Util" value="223" />
  <attribute name="CPU Util" value="3971741200504" />
  <attribute name="Time Running"value="12629"/>
  <attribute name="Number of cores"value="16"/>
<gc-start id="163" type="global" contextid="162" timestamp="2019-08-04T20:01:06.170">
  <mem-info id="164" free="602112" total="12058624" percent="4">
    <mem type="tenure" free="602112" total="12058624" percent="4">
      <mem type="soa" free="0" total="11456512" percent="0" />
      <mem type="loa" free="602112" total="602112" percent="100" />
    </mem>
  </mem-info>
</gc-start>
<allocation-stats totalBytes="3060456" >
  <allocated-bytes non-tlh="0" tlh="3060456" />
  <largest-consumer threadName="node-13" threadId="0000000001F2C100" bytes="233664" />
</allocation-stats>
<gc-op id="165" type="mark" timems="3.875" contextid="162" timestamp="2019-08-04T20:01:06.174">
  <trace-info objectcount="145278" scancount="135760" scanbytes="5313948" />
  <finalization candidates="18" enqueued="0" />
  <references type="soft" candidates="46" cleared="1" enqueued="0" dynamicThreshold="9" maxThreshold="32" />
  <references type="weak" candidates="165" cleared="0" enqueued="0" />
  <references type="phantom" candidates="57" cleared="0" enqueued="0" />
  <stringconstants candidates="3824" cleared="0"  />
</gc-op>
<gc-op id="166" type="sweep" timems="0.769" contextid="162" timestamp="2019-08-04T20:01:06.175" />
<gc-end id="167" type="global" contextid="162" durationms="4.838" usertimems="13.770" systemtimems="0.000" timestamp="2019-08-04T20:01:06.175" activeThreads="5">
  <mem-info id="168" free="3673904" total="12058624" percent="30">
    <mem type="tenure" free="3673904" total="12058624" percent="30" micro-fragmented="1503924" macro-fragmented="0">
      <mem type="soa" free="3071792" total="11456512" percent="26" />
      <mem type="loa" free="602112" total="602112" percent="100" />
    </mem>
  </mem-info>
</gc-end>
<cycle-end id="169" type="global" contextid="162" timestamp="2019-08-04T20:01:06.176">
  <attribute name="GC Util" value="232" />
  <attribute name="CPU Util" value="4725649785182" />
  <attribute name="Time Running"value="13788"/>
  <attribute name="Number of cores"value="16"/>
</cycle-end>
<allocation-satisfied id="170" threadId="0000000001F1D200" bytesRequested="32" />
<af-end id="171" timestamp="2019-08-04T20:01:06.176" threadId="0000000001F1DB88" success="true" />
<exclusive-end id="172" timestamp="2019-08-04T20:01:06.176" durationms="5.405" />

<exclusive-start id="173" timestamp="2019-08-04T20:01:07.236" intervalms="1065.463">
  <response-info timems="0.211" idlems="0.211" threads="0" lastid="0000000001EEC700" lastname="node-14" />
</exclusive-start>
<af-start id="174" threadId="0000000001EED088" totalBytesRequested="16" timestamp="2019-08-04T20:01:07.236" intervalms="1065.500" />
<cycle-start id="175" type="global" contextid="0" timestamp="2019-08-04T20:01:07.236" intervalms="1065.510" />
  <attribute name="GC Util" value="232" />
  <attribute name="CPU Util" value="4725649785182" />
  <attribute name="Time Running"value="13788"/>
  <attribute name="Number of cores"value="16"/>
<gc-start id="176" type="global" contextid="175" timestamp="2019-08-04T20:01:07.236">
  <mem-info id="177" free="602112" total="12058624" percent="4">
    <mem type="tenure" free="602112" total="12058624" percent="4">
      <mem type="soa" free="0" total="11456512" percent="0" />
      <mem type="loa" free="602112" total="602112" percent="100" />
    </mem>
  </mem-info>
</gc-start>
<allocation-stats totalBytes="3060320" >
  <allocated-bytes non-tlh="0" tlh="3060320" />
  <largest-consumer threadName="node-9" threadId="0000000001EE8B00" bytes="243768" />
</allocation-stats>
<gc-op id="178" type="mark" timems="3.796" contextid="175" timestamp="2019-08-04T20:01:07.240">
  <trace-info objectcount="145277" scancount="135767" scanbytes="5313572" />
  <finalization candidates="18" enqueued="0" />
  <references type="soft" candidates="45" cleared="0" enqueued="0" dynamicThreshold="9" maxThreshold="32" />
  <references type="weak" candidates="165" cleared="0" enqueued="0" />
  <references type="phantom" candidates="57" cleared="0" enqueued="0" />
  <stringconstants candidates="3824" cleared="0"  />
</gc-op>
<gc-op id="179" type="sweep" timems="0.704" contextid="175" timestamp="2019-08-04T20:01:07.241" />
<gc-end id="180" type="global" contextid="175" durationms="4.824" usertimems="12.448" systemtimems="0.942" timestamp="2019-08-04T20:01:07.241" activeThreads="5">
  <mem-info id="181" free="3665400" total="12058624" percent="30">
    <mem type="tenure" free="3665400" total="12058624" percent="30" micro-fragmented="1469298" macro-fragmented="0">
      <mem type="soa" free="3063288" total="11456512" percent="26" />
      <mem type="loa" free="602112" total="602112" percent="100" />
    </mem>
  </mem-info>
</gc-end>
<cycle-end id="182" type="global" contextid="175" timestamp="2019-08-04T20:01:07.241">
  <attribute name="GC Util" value="236" />
  <attribute name="CPU Util" value="4826952404257" />
  <attribute name="Time Running"value="14853"/>
  <attribute name="Number of cores"value="16"/>
</cycle-end>
<allocation-satisfied id="183" threadId="0000000001EEC700" bytesRequested="16" />
<af-end id="184" timestamp="2019-08-04T20:01:07.241" threadId="0000000001EED088" success="true" />
<exclusive-end id="185" timestamp="2019-08-04T20:01:07.241" durationms="5.365" />

<exclusive-start id="186" timestamp="2019-08-04T20:01:08.626" intervalms="1390.039">
  <response-info timems="0.190" idlems="0.128" threads="1" lastid="0000000001EE1300" lastname="node-1" />
</exclusive-start>
<af-start id="187" threadId="0000000001F16388" totalBytesRequested="720" timestamp="2019-08-04T20:01:08.626" intervalms="1390.004" />
<cycle-start id="188" type="global" contextid="0" timestamp="2019-08-04T20:01:08.626" intervalms="1389.970" />
  <attribute name="GC Util" value="236" />
  <attribute name="CPU Util" value="4826952404257" />
  <attribute name="Time Running"value="14853"/>
  <attribute name="Number of cores"value="16"/>
<gc-start id="189" type="global" contextid="188" timestamp="2019-08-04T20:01:08.626">
  <mem-info id="190" free="602112" total="12058624" percent="4">
    <mem type="tenure" free="602112" total="12058624" percent="4">
      <mem type="soa" free="0" total="11456512" percent="0" />
      <mem type="loa" free="602112" total="602112" percent="100" />
    </mem>
  </mem-info>
</gc-start>
<allocation-stats totalBytes="3052776" >
  <allocated-bytes non-tlh="0" tlh="3052776" />
  <largest-consumer threadName="node-9" threadId="0000000001EE8B00" bytes="241640" />
</allocation-stats>
<gc-op id="191" type="mark" timems="3.861" contextid="188" timestamp="2019-08-04T20:01:08.630">
  <trace-info objectcount="145247" scancount="135708" scanbytes="5312876" />
  <finalization candidates="18" enqueued="0" />
  <references type="soft" candidates="45" cleared="0" enqueued="0" dynamicThreshold="9" maxThreshold="32" />
  <references type="weak" candidates="165" cleared="0" enqueued="0" />
  <references type="phantom" candidates="57" cleared="0" enqueued="0" />
  <stringconstants candidates="3824" cleared="0"  />
</gc-op>
<gc-op id="192" type="sweep" timems="0.671" contextid="188" timestamp="2019-08-04T20:01:08.631" />
<gc-end id="193" type="global" contextid="188" durationms="4.747" usertimems="11.296" systemtimems="2.394" timestamp="2019-08-04T20:01:08.631" activeThreads="5">
  <mem-info id="194" free="3668984" total="12058624" percent="30">
    <mem type="tenure" free="3668984" total="12058624" percent="30" micro-fragmented="1469298" macro-fragmented="0">
      <mem type="soa" free="3066872" total="11456512" percent="26" />
      <mem type="loa" free="602112" total="602112" percent="100" />
    </mem>
  </mem-info>
</gc-end>
<cycle-end id="195" type="global" contextid="188" timestamp="2019-08-04T20:01:08.631">
  <attribute name="GC Util" value="227" />
  <attribute name="CPU Util" value="4780758742415" />
  <attribute name="Time Running"value="16243"/>
  <attribute name="Number of cores"value="16"/>
</cycle-end>
<allocation-satisfied id="196" threadId="0000000001F15A00" bytesRequested="720" />
<af-end id="197" timestamp="2019-08-04T20:01:08.631" threadId="0000000001F16388" success="true" />
<exclusive-end id="198" timestamp="2019-08-04T20:01:08.631" durationms="5.058" />

<exclusive-start id="199" timestamp="2019-08-04T20:01:09.703" intervalms="1077.130">
  <response-info timems="0.246" idlems="0.137" threads="1" lastid="0000000001EFB700" lastname="node-2" />
</exclusive-start>
<af-start id="200" threadId="0000000001EF0C88" totalBytesRequested="24" timestamp="2019-08-04T20:01:09.703" intervalms="1077.130" />
<cycle-start id="201" type="global" contextid="0" timestamp="2019-08-04T20:01:09.703" intervalms="1077.129" />
  <attribute name="GC Util" value="227" />
  <attribute name="CPU Util" value="4780758742415" />
  <attribute name="Time Running"value="16243"/>
  <attribute name="Number of cores"value="16"/>
<gc-start id="202" type="global" contextid="201" timestamp="2019-08-04T20:01:09.703">
  <mem-info id="203" free="602112" total="12058624" percent="4">
    <mem type="tenure" free="602112" total="12058624" percent="4">
      <mem type="soa" free="0" total="11456512" percent="0" />
      <mem type="loa" free="602112" total="602112" percent="100" />
    </mem>
  </mem-info>
</gc-start>
<allocation-stats totalBytes="3052240" >
  <allocated-bytes non-tlh="0" tlh="3052240" />
  <largest-consumer threadName="node-9" threadId="0000000001EE8B00" bytes="238792" />
</allocation-stats>
<heap-resize id="204" type="loa contract" space="tenure" amount="119808" count="1" timems="0.000" reason="contract underutilized loa" timestamp="2019-08-04T20:01:09.703" />
<gc-op id="205" type="mark" timems="3.546" contextid="201" timestamp="2019-08-04T20:01:09.707">
  <trace-info objectcount="145198" scancount="135681" scanbytes="5312028" />
  <finalization candidates="18" enqueued="0" />
  <references type="soft" candidates="45" cleared="0" enqueued="0" dynamicThreshold="9" maxThreshold="32" />
  <references type="weak" candidates="165" cleared="0" enqueued="0" />
  <references type="phantom" candidates="57" cleared="0" enqueued="0" />
  <stringconstants candidates="3824" cleared="0"  />
</gc-op>
<gc-op id="206" type="sweep" timems="0.764" contextid="201" timestamp="2019-08-04T20:01:09.707" />
<heap-resize id="207" type="loa contract" space="tenure" amount="362496" count="1" timems="0.000" reason="contract to meet minimum soa" timestamp="2019-08-04T20:01:09.708" />
<gc-end id="208" type="global" contextid="201" durationms="4.560" usertimems="8.128" systemtimems="3.978" timestamp="2019-08-04T20:01:09.708" activeThreads="5">
  <mem-info id="209" free="3672984" total="12058624" percent="30">
    <mem type="tenure" free="3672984" total="12058624" percent="30" micro-fragmented="1472077" macro-fragmented="0">
      <mem type="soa" free="3553176" total="11938816" percent="29" />
      <mem type="loa" free="119808" total="119808" percent="100" />
    </mem>
  </mem-info>
</gc-end>
<cycle-end id="210" type="global" contextid="201" timestamp="2019-08-04T20:01:09.708">
  <attribute name="GC Util" value="217" />
  <attribute name="CPU Util" value="5224046083950" />
  <attribute name="Time Running"value="17320"/>
  <attribute name="Number of cores"value="16"/>
</cycle-end>
<allocation-satisfied id="211" threadId="0000000001EF0300" bytesRequested="24" />
<af-end id="212" timestamp="2019-08-04T20:01:09.708" threadId="0000000001EF0C88" success="true" />
<exclusive-end id="213" timestamp="2019-08-04T20:01:09.708" durationms="4.962" />

<exclusive-start id="214" timestamp="2019-08-04T20:01:10.867" intervalms="1163.852">
  <response-info timems="0.026" idlems="0.026" threads="0" lastid="0000000001EFB700" lastname="node-2" />
</exclusive-start>
<af-start id="215" threadId="0000000001EFC088" totalBytesRequested="432" timestamp="2019-08-04T20:01:10.867" intervalms="1163.892" />
<cycle-start id="216" type="global" contextid="0" timestamp="2019-08-04T20:01:10.867" intervalms="1163.925" />
  <attribute name="GC Util" value="217" />
  <attribute name="CPU Util" value="5224046083950" />
  <attribute name="Time Running"value="17320"/>
  <attribute name="Number of cores"value="16"/>
<gc-start id="217" type="global" contextid="216" timestamp="2019-08-04T20:01:10.867">
  <mem-info id="218" free="119808" total="12058624" percent="0">
    <mem type="tenure" free="119808" total="12058624" percent="0">
      <mem type="soa" free="0" total="11938816" percent="0" />
      <mem type="loa" free="119808" total="119808" percent="100" />
    </mem>
  </mem-info>
</gc-start>
<allocation-stats totalBytes="3543160" >
  <allocated-bytes non-tlh="0" tlh="3543160" />
  <largest-consumer threadName="node-20" threadId="0000000001F0E200" bytes="214520" />
</allocation-stats>
<gc-op id="219" type="mark" timems="3.562" contextid="216" timestamp="2019-08-04T20:01:10.871">
  <trace-info objectcount="145151" scancount="135655" scanbytes="5311372" />
  <finalization candidates="18" enqueued="0" />
  <references type="soft" candidates="45" cleared="0" enqueued="0" dynamicThreshold="9" maxThreshold="32" />
  <references type="weak" candidates="165" cleared="0" enqueued="0" />
  <references type="phantom" candidates="57" cleared="0" enqueued="0" />
  <stringconstants candidates="3824" cleared="0"  />
</gc-op>
<gc-op id="220" type="sweep" timems="0.776" contextid="216" timestamp="2019-08-04T20:01:10.871" />
<gc-end id="221" type="global" contextid="216" durationms="4.640" usertimems="11.521" systemtimems="0.000" timestamp="2019-08-04T20:01:10.872" activeThreads="5">
  <mem-info id="222" free="3682408" total="12058624" percent="30">
    <mem type="tenure" free="3682408" total="12058624" percent="30" micro-fragmented="1513926" macro-fragmented="22719">
      <mem type="soa" free="3562600" total="11938816" percent="29" />
      <mem type="loa" free="119808" total="119808" percent="100" />
    </mem>
  </mem-info>
</gc-end>
<cycle-end id="223" type="global" contextid="216" timestamp="2019-08-04T20:01:10.872">
  <attribute name="GC Util" value="210" />
  <attribute name="CPU Util" value="5079782931032" />
  <attribute name="Time Running"value="18484"/>
  <attribute name="Number of cores"value="16"/>
</cycle-end>
<allocation-satisfied id="224" threadId="0000000001EFB700" bytesRequested="432" />
<af-end id="225" timestamp="2019-08-04T20:01:10.872" threadId="0000000001EFC088" success="true" />
<exclusive-end id="226" timestamp="2019-08-04T20:01:10.872" durationms="5.143" />

<exclusive-start id="227" timestamp="2019-08-04T20:01:11.933" intervalms="1066.689">
  <response-info timems="0.490" idlems="0.288" threads="1" lastid="0000000001EF7B00" lastname="node-12" />
</exclusive-start>
<af-start id="228" threadId="0000000001EE9488" totalBytesRequested="416" timestamp="2019-08-04T20:01:11.934" intervalms="1066.647" />
<cycle-start id="229" type="global" contextid="0" timestamp="2019-08-04T20:01:11.934" intervalms="1066.607" />
  <attribute name="GC Util" value="210" />
  <attribute name="CPU Util" value="5079782931032" />
  <attribute name="Time Running"value="18484"/>
  <attribute name="Number of cores"value="16"/>
<gc-start id="230" type="global" contextid="229" timestamp="2019-08-04T20:01:11.934">
  <mem-info id="231" free="119808" total="12058624" percent="0">
    <mem type="tenure" free="119808" total="12058624" percent="0">
      <mem type="soa" free="0" total="11938816" percent="0" />
      <mem type="loa" free="119808" total="119808" percent="100" />
    </mem>
  </mem-info>
</gc-start>
<allocation-stats totalBytes="3550920" >
  <allocated-bytes non-tlh="0" tlh="3550920" />
  <largest-consumer threadName="node-7" threadId="0000000001F19600" bytes="249024" />
</allocation-stats>
<gc-op id="232" type="mark" timems="4.949" contextid="229" timestamp="2019-08-04T20:01:11.939">
  <trace-info objectcount="145159" scancount="135626" scanbytes="5310948" />
  <finalization candidates="18" enqueued="0" />
  <references type="soft" candidates="45" cleared="0" enqueued="0" dynamicThreshold="9" maxThreshold="32" />
  <references type="weak" candidates="165" cleared="0" enqueued="0" />
  <references type="phantom" candidates="57" cleared="0" enqueued="0" />
  <stringconstants candidates="3824" cleared="0"  />
</gc-op>
<gc-op id="233" type="sweep" timems="1.259" contextid="229" timestamp="2019-08-04T20:01:11.940" />
<gc-end id="234" type="global" contextid="229" durationms="6.367" usertimems="13.614" systemtimems="2.478" timestamp="2019-08-04T20:01:11.940" activeThreads="5">
  <mem-info id="235" free="3664320" total="12058624" percent="30">
    <mem type="tenure" free="3664320" total="12058624" percent="30" micro-fragmented="1467282" macro-fragmented="0">
      <mem type="soa" free="3544512" total="11938816" percent="29" />
      <mem type="loa" free="119808" total="119808" percent="100" />
    </mem>
  </mem-info>
</gc-end>
<cycle-end id="236" type="global" contextid="229" timestamp="2019-08-04T20:01:11.940">
  <attribute name="GC Util" value="214" />
  <attribute name="CPU Util" value="3733106039825" />
  <attribute name="Time Running"value="19552"/>
  <attribute name="Number of cores"value="16"/>
</cycle-end>
<allocation-satisfied id="237" threadId="0000000001EE8B00" bytesRequested="416" />
<af-end id="238" timestamp="2019-08-04T20:01:11.940" threadId="0000000001EE9488" success="true" />
<exclusive-end id="239" timestamp="2019-08-04T20:01:11.940" durationms="6.553" />

<exclusive-start id="240" timestamp="2019-08-04T20:01:13.449" intervalms="1515.212">
  <response-info timems="0.373" idlems="0.373" threads="0" lastid="0000000001EF7B00" lastname="node-12" />
</exclusive-start>
<af-start id="241" threadId="0000000001EF8488" totalBytesRequested="16" timestamp="2019-08-04T20:01:13.449" intervalms="1515.219" />
<cycle-start id="242" type="global" contextid="0" timestamp="2019-08-04T20:01:13.449" intervalms="1515.218" />
  <attribute name="GC Util" value="214" />
  <attribute name="CPU Util" value="3733106039825" />
  <attribute name="Time Running"value="19552"/>
  <attribute name="Number of cores"value="16"/>
<gc-start id="243" type="global" contextid="242" timestamp="2019-08-04T20:01:13.449">
  <mem-info id="244" free="119808" total="12058624" percent="0">
    <mem type="tenure" free="119808" total="12058624" percent="0">
      <mem type="soa" free="0" total="11938816" percent="0" />
      <mem type="loa" free="119808" total="119808" percent="100" />
    </mem>
  </mem-info>
</gc-start>
<allocation-stats totalBytes="3534304" >
  <allocated-bytes non-tlh="0" tlh="3534304" />
  <largest-consumer threadName="node-9" threadId="0000000001EE8B00" bytes="237544" />
</allocation-stats>
<gc-op id="245" type="mark" timems="3.488" contextid="242" timestamp="2019-08-04T20:01:13.452">
  <trace-info objectcount="145125" scancount="135602" scanbytes="5310076" />
  <finalization candidates="18" enqueued="0" />
  <references type="soft" candidates="45" cleared="0" enqueued="0" dynamicThreshold="9" maxThreshold="32" />
  <references type="weak" candidates="165" cleared="0" enqueued="0" />
  <references type="phantom" candidates="57" cleared="0" enqueued="0" />
  <stringconstants candidates="3824" cleared="0"  />
</gc-op>
<gc-op id="246" type="sweep" timems="0.640" contextid="242" timestamp="2019-08-04T20:01:13.453" />
<gc-end id="247" type="global" contextid="242" durationms="4.294" usertimems="11.400" systemtimems="0.580" timestamp="2019-08-04T20:01:13.453" activeThreads="5">
  <mem-info id="248" free="3675944" total="12058624" percent="30">
    <mem type="tenure" free="3675944" total="12058624" percent="30" micro-fragmented="1467282" macro-fragmented="0">
      <mem type="soa" free="3556136" total="11938816" percent="29" />
      <mem type="loa" free="119808" total="119808" percent="100" />
    </mem>
  </mem-info>
</gc-end>
<cycle-end id="249" type="global" contextid="242" timestamp="2019-08-04T20:01:13.453">
  <attribute name="GC Util" value="214" />
  <attribute name="CPU Util" value="5309055696920" />
  <attribute name="Time Running"value="21065"/>
  <attribute name="Number of cores"value="16"/>
</cycle-end>
<allocation-satisfied id="250" threadId="0000000001EF7B00" bytesRequested="16" />
<af-end id="251" timestamp="2019-08-04T20:01:13.453" threadId="0000000001EF8488" success="true" />
<exclusive-end id="252" timestamp="2019-08-04T20:01:13.453" durationms="4.563" />

<exclusive-start id="253" timestamp="2019-08-04T20:01:14.804" intervalms="1355.643">
  <response-info timems="0.624" idlems="0.624" threads="0" lastid="0000000001ED9B00" lastname="node-25" />
</exclusive-start>
<af-start id="254" threadId="0000000001EDA488" totalBytesRequested="24" timestamp="2019-08-04T20:01:14.804" intervalms="1355.642" />
<cycle-start id="255" type="global" contextid="0" timestamp="2019-08-04T20:01:14.804" intervalms="1355.652" />
  <attribute name="GC Util" value="214" />
  <attribute name="CPU Util" value="5309055696920" />
  <attribute name="Time Running"value="21065"/>
  <attribute name="Number of cores"value="16"/>
<gc-start id="256" type="global" contextid="255" timestamp="2019-08-04T20:01:14.804">
  <mem-info id="257" free="119808" total="12058624" percent="0">
    <mem type="tenure" free="119808" total="12058624" percent="0">
      <mem type="soa" free="0" total="11938816" percent="0" />
      <mem type="loa" free="119808" total="119808" percent="100" />
    </mem>
  </mem-info>
</gc-start>
<allocation-stats totalBytes="3548704" >
  <allocated-bytes non-tlh="0" tlh="3548704" />
  <largest-consumer threadName="node-13" threadId="0000000001F2C100" bytes="251096" />
</allocation-stats>
<gc-op id="258" type="mark" timems="5.064" contextid="255" timestamp="2019-08-04T20:01:14.810">
  <trace-info objectcount="145085" scancount="135580" scanbytes="5309316" />
  <finalization candidates="18" enqueued="0" />
  <references type="soft" candidates="45" cleared="0" enqueued="0" dynamicThreshold="9" maxThreshold="32" />
  <references type="weak" candidates="165" cleared="0" enqueued="0" />
  <references type="phantom" candidates="57" cleared="0" enqueued="0" />
  <stringconstants candidates="3824" cleared="0"  />
</gc-op>
<gc-op id="259" type="sweep" timems="0.926" contextid="255" timestamp="2019-08-04T20:01:14.811" />
<gc-end id="260" type="global" contextid="255" durationms="6.169" usertimems="14.278" systemtimems="0.000" timestamp="2019-08-04T20:01:14.811" activeThreads="5">
  <mem-info id="261" free="3678272" total="12058624" percent="30">
    <mem type="tenure" free="3678272" total="12058624" percent="30" micro-fragmented="1467282" macro-fragmented="0">
      <mem type="soa" free="3558464" total="11938816" percent="29" />
      <mem type="loa" free="119808" total="119808" percent="100" />
    </mem>
  </mem-info>
</gc-end>
<cycle-end id="262" type="global" contextid="255" timestamp="2019-08-04T20:01:14.811">
  <attribute name="GC Util" value="226" />
  <attribute name="CPU Util" value="3630974361571" />
  <attribute name="Time Running"value="22423"/>
  <attribute name="Number of cores"value="16"/>
</cycle-end>
<allocation-satisfied id="263" threadId="0000000001ED9B00" bytesRequested="24" />
<af-end id="264" timestamp="2019-08-04T20:01:14.811" threadId="0000000001EDA488" success="true" />
<exclusive-end id="265" timestamp="2019-08-04T20:01:14.811" durationms="6.418" />

<exclusive-start id="266" timestamp="2019-08-04T20:01:16.073" intervalms="1268.813">
  <response-info timems="0.016" idlems="0.016" threads="0" lastid="0000000001EEC700" lastname="node-14" />
</exclusive-start>
<af-start id="267" threadId="0000000001EED088" totalBytesRequested="48" timestamp="2019-08-04T20:01:16.073" intervalms="1268.831" />
<cycle-start id="268" type="global" contextid="0" timestamp="2019-08-04T20:01:16.073" intervalms="1268.828" />
  <attribute name="GC Util" value="226" />
  <attribute name="CPU Util" value="3630974361571" />
  <attribute name="Time Running"value="22423"/>
  <attribute name="Number of cores"value="16"/>
<gc-start id="269" type="global" contextid="268" timestamp="2019-08-04T20:01:16.073">
  <mem-info id="270" free="119808" total="12058624" percent="0">
    <mem type="tenure" free="119808" total="12058624" percent="0">
      <mem type="soa" free="0" total="11938816" percent="0" />
      <mem type="loa" free="119808" total="119808" percent="100" />
    </mem>
  </mem-info>
</gc-start>
<allocation-stats totalBytes="3542552" >
  <allocated-bytes non-tlh="0" tlh="3542552" />
  <largest-consumer threadName="node-21" threadId="0000000001F11E00" bytes="232192" />
</allocation-stats>
<gc-op id="271" type="mark" timems="3.717" contextid="268" timestamp="2019-08-04T20:01:16.077">
  <trace-info objectcount="145059" scancount="135545" scanbytes="5308756" />
  <finalization candidates="18" enqueued="0" />
  <references type="soft" candidates="45" cleared="0" enqueued="0" dynamicThreshold="9" maxThreshold="32" />
  <references type="weak" candidates="165" cleared="0" enqueued="0" />
  <references type="phantom" candidates="57" cleared="0" enqueued="0" />
  <stringconstants candidates="3824" cleared="0"  />
</gc-op>
<gc-op id="272" type="sweep" timems="0.803" contextid="268" timestamp="2019-08-04T20:01:16.078" />
<gc-end id="273" type="global" contextid="268" durationms="4.681" usertimems="13.423" systemtimems="0.000" timestamp="2019-08-04T20:01:16.078" activeThreads="5">
  <mem-info id="274" free="3676592" total="12058624" percent="30">
    <mem type="tenure" free="3676592" total="12058624" percent="30" micro-fragmented="1467282" macro-fragmented="2116">
      <mem type="soa" free="3556784" total="11938816" percent="29" />
      <mem type="loa" free="119808" total="119808" percent="100" />
    </mem>
  </mem-info>
</gc-end>
<cycle-end id="275" type="global" contextid="268" timestamp="2019-08-04T20:01:16.078">
  <attribute name="GC Util" value="236" />
  <attribute name="CPU Util" value="4935900646416" />
  <attribute name="Time Running"value="23690"/>
  <attribute name="Number of cores"value="16"/>
</cycle-end>
<allocation-satisfied id="276" threadId="0000000001EEC700" bytesRequested="48" />
<af-end id="277" timestamp="2019-08-04T20:01:16.078" threadId="0000000001EED088" success="true" />
<exclusive-end id="278" timestamp="2019-08-04T20:01:16.078" durationms="4.899" />

<exclusive-start id="279" timestamp="2019-08-04T20:01:17.220" intervalms="1147.237">
  <response-info timems="0.244" idlems="0.244" threads="0" lastid="0000000001F0E200" lastname="node-20" />
</exclusive-start>
<af-start id="280" threadId="0000000001F0EB88" totalBytesRequested="32" timestamp="2019-08-04T20:01:17.220" intervalms="1147.206" />
<cycle-start id="281" type="global" contextid="0" timestamp="2019-08-04T20:01:17.220" intervalms="1147.199" />
  <attribute name="GC Util" value="236" />
  <attribute name="CPU Util" value="4935900646416" />
  <attribute name="Time Running"value="23690"/>
  <attribute name="Number of cores"value="16"/>
<gc-start id="282" type="global" contextid="281" timestamp="2019-08-04T20:01:17.220">
  <mem-info id="283" free="119808" total="12058624" percent="0">
    <mem type="tenure" free="119808" total="12058624" percent="0">
      <mem type="soa" free="0" total="11938816" percent="0" />
      <mem type="loa" free="119808" total="119808" percent="100" />
    </mem>
  </mem-info>
</gc-start>
<allocation-stats totalBytes="3546032" >
  <allocated-bytes non-tlh="0" tlh="3546032" />
  <largest-consumer threadName="node-19" threadId="0000000001F1D200" bytes="226176" />
</allocation-stats>
<gc-op id="284" type="mark" timems="3.880" contextid="281" timestamp="2019-08-04T20:01:17.224">
  <trace-info objectcount="145030" scancount="135512" scanbytes="5307996" />
  <finalization candidates="18" enqueued="0" />
  <references type="soft" candidates="45" cleared="0" enqueued="0" dynamicThreshold="9" maxThreshold="32" />
  <references type="weak" candidates="165" cleared="0" enqueued="0" />
  <references type="phantom" candidates="57" cleared="0" enqueued="0" />
  <stringconstants candidates="3824" cleared="0"  />
</gc-op>
<gc-op id="285" type="sweep" timems="0.694" contextid="281" timestamp="2019-08-04T20:01:17.225" />
<gc-end id="286" type="global" contextid="281" durationms="4.793" usertimems="13.189" systemtimems="0.000" timestamp="2019-08-04T20:01:17.225" activeThreads="5">
  <mem-info id="287" free="3677784" total="12058624" percent="30">
    <mem type="tenure" free="3677784" total="12058624" percent="30" micro-fragmented="1467282" macro-fragmented="0">
      <mem type="soa" free="3557976" total="11938816" percent="29" />
      <mem type="loa" free="119808" total="119808" percent="100" />
    </mem>
  </mem-info>
</gc-end>
<cycle-end id="288" type="global" contextid="281" timestamp="2019-08-04T20:01:17.225">
  <attribute name="GC Util" value="227" />
  <attribute name="CPU Util" value="4726152237791" />
  <attribute name="Time Running"value="24838"/>
  <attribute name="Number of cores"value="16"/>
</cycle-end>
<allocation-satisfied id="289" threadId="0000000001F0E200" bytesRequested="32" />
<af-end id="290" timestamp="2019-08-04T20:01:17.225" threadId="0000000001F0EB88" success="true" />
<exclusive-end id="291" timestamp="2019-08-04T20:01:17.225" durationms="4.962" />

<exclusive-start id="292" timestamp="2019-08-04T20:01:18.204" intervalms="983.154">
  <response-info timems="0.244" idlems="0.145" threads="1" lastid="0000000001ED9B00" lastname="node-25" />
</exclusive-start>
<af-start id="293" threadId="0000000001EFFB88" totalBytesRequested="16" timestamp="2019-08-04T20:01:18.204" intervalms="983.173" />
<cycle-start id="294" type="global" contextid="0" timestamp="2019-08-04T20:01:18.204" intervalms="983.190" />
  <attribute name="GC Util" value="227" />
  <attribute name="CPU Util" value="4726152237791" />
  <attribute name="Time Running"value="24838"/>
  <attribute name="Number of cores"value="16"/>
<gc-start id="295" type="global" contextid="294" timestamp="2019-08-04T20:01:18.204">
  <mem-info id="296" free="119808" total="12058624" percent="0">
    <mem type="tenure" free="119808" total="12058624" percent="0">
      <mem type="soa" free="0" total="11938816" percent="0" />
      <mem type="loa" free="119808" total="119808" percent="100" />
    </mem>
  </mem-info>
</gc-start>
<allocation-stats totalBytes="3546376" >
  <allocated-bytes non-tlh="0" tlh="3546376" />
  <largest-consumer threadName="node-23" threadId="0000000001F20E00" bytes="237192" />
</allocation-stats>
<gc-op id="297" type="mark" timems="3.859" contextid="294" timestamp="2019-08-04T20:01:18.208">
  <trace-info objectcount="145034" scancount="135502" scanbytes="5307732" />
  <finalization candidates="18" enqueued="0" />
  <references type="soft" candidates="45" cleared="0" enqueued="0" dynamicThreshold="9" maxThreshold="32" />
  <references type="weak" candidates="165" cleared="0" enqueued="0" />
  <references type="phantom" candidates="57" cleared="0" enqueued="0" />
  <stringconstants candidates="3824" cleared="0"  />
</gc-op>
<gc-op id="298" type="sweep" timems="0.803" contextid="294" timestamp="2019-08-04T20:01:18.208" />
<gc-end id="299" type="global" contextid="294" durationms="4.825" usertimems="11.373" systemtimems="4.516" timestamp="2019-08-04T20:01:18.208" activeThreads="5">
  <mem-info id="300" free="3670816" total="12058624" percent="30">
    <mem type="tenure" free="3670816" total="12058624" percent="30" micro-fragmented="1467282" macro-fragmented="22644">
      <mem type="soa" free="3551008" total="11938816" percent="29" />
      <mem type="loa" free="119808" total="119808" percent="100" />
    </mem>
  </mem-info>
</gc-end>
<cycle-end id="301" type="global" contextid="294" timestamp="2019-08-04T20:01:18.209">
  <attribute name="GC Util" value="213" />
  <attribute name="CPU Util" value="4746325013478" />
  <attribute name="Time Running"value="25821"/>
  <attribute name="Number of cores"value="16"/>
</cycle-end>
<allocation-satisfied id="302" threadId="0000000001EFF200" bytesRequested="16" />
<af-end id="303" timestamp="2019-08-04T20:01:18.209" threadId="0000000001EFFB88" success="true" />
<exclusive-end id="304" timestamp="2019-08-04T20:01:18.209" durationms="5.039" />

<exclusive-start id="305" timestamp="2019-08-04T20:01:19.666" intervalms="1462.509">
  <response-info timems="0.867" idlems="0.867" threads="0" lastid="0000000001F0E200" lastname="node-20" />
</exclusive-start>
<af-start id="306" threadId="0000000001F0EB88" totalBytesRequested="24" timestamp="2019-08-04T20:01:19.666" intervalms="1462.563" />
<cycle-start id="307" type="global" contextid="0" timestamp="2019-08-04T20:01:19.666" intervalms="1462.651" />
  <attribute name="GC Util" value="213" />
  <attribute name="CPU Util" value="4746325013478" />
  <attribute name="Time Running"value="25821"/>
  <attribute name="Number of cores"value="16"/>
<gc-start id="308" type="global" contextid="307" timestamp="2019-08-04T20:01:19.666">
  <mem-info id="309" free="119808" total="12058624" percent="0">
    <mem type="tenure" free="119808" total="12058624" percent="0">
      <mem type="soa" free="0" total="11938816" percent="0" />
      <mem type="loa" free="119808" total="119808" percent="100" />
    </mem>
  </mem-info>
</gc-start>
<allocation-stats totalBytes="3538216" >
  <allocated-bytes non-tlh="0" tlh="3538216" />
  <largest-consumer threadName="node-21" threadId="0000000001F11E00" bytes="233360" />
</allocation-stats>
<gc-op id="310" type="mark" timems="4.449" contextid="307" timestamp="2019-08-04T20:01:19.671">
  <trace-info objectcount="144973" scancount="135456" scanbytes="5306628" />
  <finalization candidates="18" enqueued="0" />
  <references type="soft" candidates="45" cleared="0" enqueued="0" dynamicThreshold="9" maxThreshold="32" />
  <references type="weak" candidates="165" cleared="0" enqueued="0" />
  <references type="phantom" candidates="57" cleared="0" enqueued="0" />
  <stringconstants candidates="3824" cleared="0"  />
</gc-op>
<gc-op id="311" type="sweep" timems="0.870" contextid="307" timestamp="2019-08-04T20:01:19.672" />
<gc-end id="312" type="global" contextid="307" durationms="5.635" usertimems="14.888" systemtimems="0.000" timestamp="2019-08-04T20:01:19.672" activeThreads="5">
  <mem-info id="313" free="3682696" total="12058624" percent="30">
    <mem type="tenure" free="3682696" total="12058624" percent="30" micro-fragmented="1467282" macro-fragmented="0">
      <mem type="soa" free="3562888" total="11938816" percent="29" />
      <mem type="loa" free="119808" total="119808" percent="100" />
    </mem>
  </mem-info>
</gc-end>
<cycle-end id="314" type="global" contextid="307" timestamp="2019-08-04T20:01:19.672">
  <attribute name="GC Util" value="218" />
  <attribute name="CPU Util" value="4085064062871" />
  <attribute name="Time Running"value="27284"/>
  <attribute name="Number of cores"value="16"/>
</cycle-end>
<allocation-satisfied id="315" threadId="0000000001F0E200" bytesRequested="24" />
<af-end id="316" timestamp="2019-08-04T20:01:19.672" threadId="0000000001F0EB88" success="true" />
<exclusive-end id="317" timestamp="2019-08-04T20:01:19.672" durationms="6.269" />

<exclusive-start id="318" timestamp="2019-08-04T20:01:20.788" intervalms="1121.499">
  <response-info timems="0.027" idlems="0.027" threads="0" lastid="0000000001F02E00" lastname="node-10" />
</exclusive-start>
<af-start id="319" threadId="0000000001F03788" totalBytesRequested="32" timestamp="2019-08-04T20:01:20.788" intervalms="1121.433" />
<cycle-start id="320" type="global" contextid="0" timestamp="2019-08-04T20:01:20.788" intervalms="1121.335" />
  <attribute name="GC Util" value="218" />
  <attribute name="CPU Util" value="4085064062871" />
  <attribute name="Time Running"value="27284"/>
  <attribute name="Number of cores"value="16"/>
<gc-start id="321" type="global" contextid="320" timestamp="2019-08-04T20:01:20.788">
  <mem-info id="322" free="119808" total="12058624" percent="0">
    <mem type="tenure" free="119808" total="12058624" percent="0">
      <mem type="soa" free="0" total="11938816" percent="0" />
      <mem type="loa" free="119808" total="119808" percent="100" />
    </mem>
  </mem-info>
</gc-start>
<allocation-stats totalBytes="3556504" >
  <allocated-bytes non-tlh="0" tlh="3556504" />
  <largest-consumer threadName="node-8" threadId="0000000001F28500" bytes="238968" />
</allocation-stats>
<gc-op id="323" type="mark" timems="3.950" contextid="320" timestamp="2019-08-04T20:01:20.792">
  <trace-info objectcount="144948" scancount="135431" scanbytes="5306028" />
  <finalization candidates="18" enqueued="0" />
  <references type="soft" candidates="45" cleared="0" enqueued="0" dynamicThreshold="9" maxThreshold="32" />
  <references type="weak" candidates="165" cleared="0" enqueued="0" />
  <references type="phantom" candidates="57" cleared="0" enqueued="0" />
  <stringconstants candidates="3824" cleared="0"  />
</gc-op>
<gc-op id="324" type="sweep" timems="2.095" contextid="320" timestamp="2019-08-04T20:01:20.794" />
<gc-end id="325" type="global" contextid="320" durationms="6.233" usertimems="10.703" systemtimems="4.099" timestamp="2019-08-04T20:01:20.794" activeThreads="5">
  <mem-info id="326" free="3676648" total="12058624" percent="30">
    <mem type="tenure" free="3676648" total="12058624" percent="30" micro-fragmented="1467282" macro-fragmented="0">
      <mem type="soa" free="3556840" total="11938816" percent="29" />
      <mem type="loa" free="119808" total="119808" percent="100" />
    </mem>
  </mem-info>
</gc-end>
<cycle-end id="327" type="global" contextid="320" timestamp="2019-08-04T20:01:20.794">
  <attribute name="GC Util" value="224" />
  <attribute name="CPU Util" value="4638305245188" />
  <attribute name="Time Running"value="28405"/>
  <attribute name="Number of cores"value="16"/>
</cycle-end>
<allocation-satisfied id="328" threadId="0000000001F02E00" bytesRequested="32" />
<af-end id="329" timestamp="2019-08-04T20:01:20.794" threadId="0000000001F03788" success="true" />
<exclusive-end id="330" timestamp="2019-08-04T20:01:20.794" durationms="6.652" />

<exclusive-start id="331" timestamp="2019-08-04T20:01:22.372" intervalms="1584.365">
  <response-info timems="0.026" idlems="0.026" threads="0" lastid="0000000001EE8B00" lastname="node-9" />
</exclusive-start>
<af-start id="332" threadId="0000000001EE9488" totalBytesRequested="32" timestamp="2019-08-04T20:01:22.372" intervalms="1584.373" />
<cycle-start id="333" type="global" contextid="0" timestamp="2019-08-04T20:01:22.372" intervalms="1584.376" />
  <attribute name="GC Util" value="224" />
  <attribute name="CPU Util" value="4638305245188" />
  <attribute name="Time Running"value="28405"/>
  <attribute name="Number of cores"value="16"/>
<gc-start id="334" type="global" contextid="333" timestamp="2019-08-04T20:01:22.372">
  <mem-info id="335" free="119808" total="12058624" percent="0">
    <mem type="tenure" free="119808" total="12058624" percent="0">
      <mem type="soa" free="0" total="11938816" percent="0" />
      <mem type="loa" free="119808" total="119808" percent="100" />
    </mem>
  </mem-info>
</gc-start>
<allocation-stats totalBytes="3546736" >
  <allocated-bytes non-tlh="0" tlh="3546736" />
  <largest-consumer threadName="node-2" threadId="0000000001EFB700" bytes="245432" />
</allocation-stats>
<gc-op id="336" type="mark" timems="3.313" contextid="333" timestamp="2019-08-04T20:01:22.375">
  <trace-info objectcount="144917" scancount="135400" scanbytes="5305284" />
  <finalization candidates="18" enqueued="0" />
  <references type="soft" candidates="45" cleared="0" enqueued="0" dynamicThreshold="9" maxThreshold="32" />
  <references type="weak" candidates="165" cleared="0" enqueued="0" />
  <references type="phantom" candidates="57" cleared="0" enqueued="0" />
  <stringconstants candidates="3824" cleared="0"  />
</gc-op>
<gc-op id="337" type="sweep" timems="0.882" contextid="333" timestamp="2019-08-04T20:01:22.376" />
<gc-end id="338" type="global" contextid="333" durationms="4.373" usertimems="11.988" systemtimems="0.000" timestamp="2019-08-04T20:01:22.376" activeThreads="5">
  <mem-info id="339" free="3680256" total="12058624" percent="30">
    <mem type="tenure" free="3680256" total="12058624" percent="30" micro-fragmented="1467282" macro-fragmented="0">
      <mem type="soa" free="3560448" total="11938816" percent="29" />
      <mem type="loa" free="119808" total="119808" percent="100" />
    </mem>
  </mem-info>
</gc-end>
<cycle-end id="340" type="global" contextid="333" timestamp="2019-08-04T20:01:22.376">
  <attribute name="GC Util" value="227" />
  <attribute name="CPU Util" value="5562844868529" />
  <attribute name="Time Running"value="29989"/>
  <attribute name="Number of cores"value="16"/>
</cycle-end>
<allocation-satisfied id="341" threadId="0000000001EE8B00" bytesRequested="32" />
<af-end id="342" timestamp="2019-08-04T20:01:22.376" threadId="0000000001EE9488" success="true" />
<exclusive-end id="343" timestamp="2019-08-04T20:01:22.376" durationms="4.593" />

<exclusive-start id="344" timestamp="2019-08-04T20:01:23.656" intervalms="1284.008">
  <response-info timems="0.037" idlems="0.016" threads="2" lastid="0000000001EE4F00" lastname="node-4" />
</exclusive-start>
<af-start id="345" threadId="0000000001EDE088" totalBytesRequested="16" timestamp="2019-08-04T20:01:23.656" intervalms="1283.998" />
<cycle-start id="346" type="global" contextid="0" timestamp="2019-08-04T20:01:23.656" intervalms="1283.989" />
  <attribute name="GC Util" value="227" />
  <attribute name="CPU Util" value="5562844868529" />
  <attribute name="Time Running"value="29989"/>
  <attribute name="Number of cores"value="16"/>
<gc-start id="347" type="global" contextid="346" timestamp="2019-08-04T20:01:23.656">
  <mem-info id="348" free="119808" total="12058624" percent="0">
    <mem type="tenure" free="119808" total="12058624" percent="0">
      <mem type="soa" free="0" total="11938816" percent="0" />
      <mem type="loa" free="119808" total="119808" percent="100" />
    </mem>
  </mem-info>
</gc-start>
<allocation-stats totalBytes="3552112" >
  <allocated-bytes non-tlh="0" tlh="3552112" />
  <largest-consumer threadName="node-15" threadId="0000000001EF0300" bytes="235696" />
</allocation-stats>
<gc-op id="349" type="mark" timems="3.728" contextid="346" timestamp="2019-08-04T20:01:23.660">
  <trace-info objectcount="144906" scancount="135379" scanbytes="5304772" />
  <finalization candidates="18" enqueued="0" />
  <references type="soft" candidates="45" cleared="0" enqueued="0" dynamicThreshold="9" maxThreshold="32" />
  <references type="weak" candidates="165" cleared="0" enqueued="0" />
  <references type="phantom" candidates="57" cleared="0" enqueued="0" />
  <stringconstants candidates="3824" cleared="0"  />
</gc-op>
<gc-op id="350" type="sweep" timems="0.761" contextid="346" timestamp="2019-08-04T20:01:23.661" />
<gc-end id="351" type="global" contextid="346" durationms="4.675" usertimems="11.146" systemtimems="2.301" timestamp="2019-08-04T20:01:23.661" activeThreads="5">
  <mem-info id="352" free="3674152" total="12058624" percent="30">
    <mem type="tenure" free="3674152" total="12058624" percent="30" micro-fragmented="1467282" macro-fragmented="0">
      <mem type="soa" free="3554344" total="11938816" percent="29" />
      <mem type="loa" free="119808" total="119808" percent="100" />
    </mem>
  </mem-info>
</gc-end>
<cycle-end id="353" type="global" contextid="346" timestamp="2019-08-04T20:01:23.661">
  <attribute name="GC Util" value="238" />
  <attribute name="CPU Util" value="4926305759666" />
  <attribute name="Time Running"value="31273"/>
  <attribute name="Number of cores"value="16"/>
</cycle-end>
<allocation-satisfied id="354" threadId="0000000001EDD700" bytesRequested="16" />
<af-end id="355" timestamp="2019-08-04T20:01:23.661" threadId="0000000001EDE088" success="true" />
<exclusive-end id="356" timestamp="2019-08-04T20:01:23.661" durationms="4.903" />

<exclusive-start id="357" timestamp="2019-08-04T20:01:24.682" intervalms="1025.939">
  <response-info timems="0.332" idlems="0.332" threads="0" lastid="0000000001EE8B00" lastname="node-9" />
</exclusive-start>
<af-start id="358" threadId="0000000001EE9488" totalBytesRequested="32" timestamp="2019-08-04T20:01:24.682" intervalms="1025.944" />
<cycle-start id="359" type="global" contextid="0" timestamp="2019-08-04T20:01:24.682" intervalms="1025.958" />
  <attribute name="GC Util" value="238" />
  <attribute name="CPU Util" value="4926305759666" />
  <attribute name="Time Running"value="31273"/>
  <attribute name="Number of cores"value="16"/>
<gc-start id="360" type="global" contextid="359" timestamp="2019-08-04T20:01:24.682">
  <mem-info id="361" free="119808" total="12058624" percent="0">
    <mem type="tenure" free="119808" total="12058624" percent="0">
      <mem type="soa" free="0" total="11938816" percent="0" />
      <mem type="loa" free="119808" total="119808" percent="100" />
    </mem>
  </mem-info>
</gc-start>
<allocation-stats totalBytes="3540256" >
  <allocated-bytes non-tlh="832" tlh="3539424" />
  <largest-consumer threadName="node-10" threadId="0000000001F02E00" bytes="246344" />
</allocation-stats>
<gc-op id="362" type="mark" timems="3.683" contextid="359" timestamp="2019-08-04T20:01:24.686">
  <trace-info objectcount="144881" scancount="135364" scanbytes="5304420" />
  <finalization candidates="18" enqueued="0" />
  <references type="soft" candidates="45" cleared="0" enqueued="0" dynamicThreshold="9" maxThreshold="32" />
  <references type="weak" candidates="165" cleared="0" enqueued="0" />
  <references type="phantom" candidates="57" cleared="0" enqueued="0" />
  <stringconstants candidates="3824" cleared="0"  />
</gc-op>
<gc-op id="363" type="sweep" timems="1.008" contextid="359" timestamp="2019-08-04T20:01:24.687" />
<gc-end id="364" type="global" contextid="359" durationms="4.854" usertimems="11.035" systemtimems="1.956" timestamp="2019-08-04T20:01:24.687" activeThreads="5">
  <mem-info id="365" free="3672224" total="12058624" percent="30">
    <mem type="tenure" free="3672224" total="12058624" percent="30" micro-fragmented="1489682" macro-fragmented="0">
      <mem type="soa" free="3552416" total="11938816" percent="29" />
      <mem type="loa" free="119808" total="119808" percent="100" />
    </mem>
  </mem-info>
</gc-end>
<cycle-end id="366" type="global" contextid="359" timestamp="2019-08-04T20:01:24.687">
  <attribute name="GC Util" value="231" />
  <attribute name="CPU Util" value="4979969710168" />
  <attribute name="Time Running"value="32299"/>
  <attribute name="Number of cores"value="16"/>
</cycle-end>
<allocation-satisfied id="367" threadId="0000000001EE8B00" bytesRequested="32" />
<af-end id="368" timestamp="2019-08-04T20:01:24.687" threadId="0000000001EE9488" success="true" />
<exclusive-end id="369" timestamp="2019-08-04T20:01:24.687" durationms="5.080" />

<exclusive-start id="370" timestamp="2019-08-04T20:01:25.959" intervalms="1277.237">
  <response-info timems="0.520" idlems="0.520" threads="0" lastid="0000000001EDD700" lastname="node-11" />
</exclusive-start>
<af-start id="371" threadId="0000000001EDE088" totalBytesRequested="32" timestamp="2019-08-04T20:01:25.959" intervalms="1277.233" />
<cycle-start id="372" type="global" contextid="0" timestamp="2019-08-04T20:01:25.959" intervalms="1277.218" />
  <attribute name="GC Util" value="231" />
  <attribute name="CPU Util" value="4979969710168" />
  <attribute name="Time Running"value="32299"/>
  <attribute name="Number of cores"value="16"/>
<gc-start id="373" type="global" contextid="372" timestamp="2019-08-04T20:01:25.959">
  <mem-info id="374" free="119808" total="12058624" percent="0">
    <mem type="tenure" free="119808" total="12058624" percent="0">
      <mem type="soa" free="0" total="11938816" percent="0" />
      <mem type="loa" free="119808" total="119808" percent="100" />
    </mem>
  </mem-info>
</gc-start>
<allocation-stats totalBytes="3542656" >
  <allocated-bytes non-tlh="0" tlh="3542656" />
  <largest-consumer threadName="node-9" threadId="0000000001EE8B00" bytes="237288" />
</allocation-stats>
<gc-op id="375" type="mark" timems="3.584" contextid="372" timestamp="2019-08-04T20:01:25.963">
  <trace-info objectcount="144835" scancount="135307" scanbytes="5303316" />
  <finalization candidates="18" enqueued="0" />
  <references type="soft" candidates="45" cleared="0" enqueued="0" dynamicThreshold="9" maxThreshold="32" />
  <references type="weak" candidates="165" cleared="0" enqueued="0" />
  <references type="phantom" candidates="57" cleared="0" enqueued="0" />
  <stringconstants candidates="3824" cleared="0"  />
</gc-op>
<gc-op id="376" type="sweep" timems="0.759" contextid="372" timestamp="2019-08-04T20:01:25.964" />
<gc-end id="377" type="global" contextid="372" durationms="4.491" usertimems="12.119" systemtimems="0.933" timestamp="2019-08-04T20:01:25.964" activeThreads="5">
  <mem-info id="378" free="3675384" total="12058624" percent="30">
    <mem type="tenure" free="3675384" total="12058624" percent="30" micro-fragmented="1467282" macro-fragmented="0">
      <mem type="soa" free="3555576" total="11938816" percent="29" />
      <mem type="loa" free="119808" total="119808" percent="100" />
    </mem>
  </mem-info>
</gc-end>
<cycle-end id="379" type="global" contextid="372" timestamp="2019-08-04T20:01:25.964">
  <attribute name="GC Util" value="236" />
  <attribute name="CPU Util" value="5142085724787" />
  <attribute name="Time Running"value="33576"/>
  <attribute name="Number of cores"value="16"/>
</cycle-end>
<allocation-satisfied id="380" threadId="0000000001EDD700" bytesRequested="32" />
<af-end id="381" timestamp="2019-08-04T20:01:25.964" threadId="0000000001EDE088" success="true" />
<exclusive-end id="382" timestamp="2019-08-04T20:01:25.964" durationms="4.704" />

<exclusive-start id="383" timestamp="2019-08-04T20:01:27.245" intervalms="1285.646">
  <response-info timems="0.073" idlems="0.073" threads="0" lastid="0000000001F24900" lastname="node-0" />
</exclusive-start>
<af-start id="384" threadId="0000000001F25288" totalBytesRequested="264" timestamp="2019-08-04T20:01:27.245" intervalms="1285.653" />
<cycle-start id="385" type="global" contextid="0" timestamp="2019-08-04T20:01:27.245" intervalms="1285.664" />
  <attribute name="GC Util" value="236" />
  <attribute name="CPU Util" value="5142085724787" />
  <attribute name="Time Running"value="33576"/>
  <attribute name="Number of cores"value="16"/>
<gc-start id="386" type="global" contextid="385" timestamp="2019-08-04T20:01:27.245">
  <mem-info id="387" free="119808" total="12058624" percent="0">
    <mem type="tenure" free="119808" total="12058624" percent="0">
      <mem type="soa" free="0" total="11938816" percent="0" />
      <mem type="loa" free="119808" total="119808" percent="100" />
    </mem>
  </mem-info>
</gc-start>
<allocation-stats totalBytes="3544480" >
  <allocated-bytes non-tlh="0" tlh="3544480" />
  <largest-consumer threadName="node-7" threadId="0000000001F19600" bytes="240488" />
</allocation-stats>
<gc-op id="388" type="mark" timems="3.862" contextid="385" timestamp="2019-08-04T20:01:27.249">
  <trace-info objectcount="144839" scancount="135337" scanbytes="5303020" />
  <finalization candidates="18" enqueued="0" />
  <references type="soft" candidates="45" cleared="0" enqueued="0" dynamicThreshold="9" maxThreshold="32" />
  <references type="weak" candidates="165" cleared="0" enqueued="0" />
  <references type="phantom" candidates="57" cleared="0" enqueued="0" />
  <stringconstants candidates="3824" cleared="0"  />
</gc-op>
<gc-op id="389" type="sweep" timems="1.290" contextid="385" timestamp="2019-08-04T20:01:27.250" />
<gc-end id="390" type="global" contextid="385" durationms="5.343" usertimems="12.370" systemtimems="1.537" timestamp="2019-08-04T20:01:27.250" activeThreads="5">
  <mem-info id="391" free="3678784" total="12058624" percent="30">
    <mem type="tenure" free="3678784" total="12058624" percent="30" micro-fragmented="1467282" macro-fragmented="0">
      <mem type="soa" free="3558976" total="11938816" percent="29" />
      <mem type="loa" free="119808" total="119808" percent="100" />
    </mem>
  </mem-info>
</gc-end>
<cycle-end id="392" type="global" contextid="385" timestamp="2019-08-04T20:01:27.250">
  <attribute name="GC Util" value="224" />
  <attribute name="CPU Util" value="4722096898723" />
  <attribute name="Time Running"value="34862"/>
  <attribute name="Number of cores"value="16"/>
</cycle-end>
<allocation-satisfied id="393" threadId="0000000001F24900" bytesRequested="264" />
<af-end id="394" timestamp="2019-08-04T20:01:27.250" threadId="0000000001F25288" success="true" />
<exclusive-end id="395" timestamp="2019-08-04T20:01:27.250" durationms="5.639" />

<exclusive-start id="396" timestamp="2019-08-04T20:01:28.605" intervalms="1360.357">
  <response-info timems="0.773" idlems="0.773" threads="0" lastid="0000000001F11E00" lastname="node-21" />
</exclusive-start>
<af-start id="397" threadId="0000000001F12788" totalBytesRequested="32" timestamp="2019-08-04T20:01:28.605" intervalms="1360.353" />
<cycle-start id="398" type="global" contextid="0" timestamp="2019-08-04T20:01:28.605" intervalms="1360.342" />
  <attribute name="GC Util" value="224" />
  <attribute name="CPU Util" value="4722096898723" />
  <attribute name="Time Running"value="34862"/>
  <attribute name="Number of cores"value="16"/>
<gc-start id="399" type="global" contextid="398" timestamp="2019-08-04T20:01:28.605">
  <mem-info id="400" free="119808" total="12058624" percent="0">
    <mem type="tenure" free="119808" total="12058624" percent="0">
      <mem type="soa" free="0" total="11938816" percent="0" />
      <mem type="loa" free="119808" total="119808" percent="100" />
    </mem>
  </mem-info>
</gc-start>
<allocation-stats totalBytes="3550016" >
  <allocated-bytes non-tlh="0" tlh="3550016" />
  <largest-consumer threadName="node-7" threadId="0000000001F19600" bytes="243368" />
</allocation-stats>
<gc-op id="401" type="mark" timems="5.257" contextid="398" timestamp="2019-08-04T20:01:28.610">
  <trace-info objectcount="144784" scancount="135257" scanbytes="5302092" />
  <finalization candidates="18" enqueued="0" />
  <references type="soft" candidates="45" cleared="0" enqueued="0" dynamicThreshold="9" maxThreshold="32" />
  <references type="weak" candidates="165" cleared="0" enqueued="0" />
  <references type="phantom" candidates="57" cleared="0" enqueued="0" />
  <stringconstants candidates="3824" cleared="0"  />
</gc-op>
<gc-op id="402" type="sweep" timems="1.033" contextid="398" timestamp="2019-08-04T20:01:28.612" />
<gc-end id="403" type="global" contextid="398" durationms="6.492" usertimems="15.391" systemtimems="0.000" timestamp="2019-08-04T20:01:28.612" activeThreads="5">
  <mem-info id="404" free="3682920" total="12058624" percent="30">
    <mem type="tenure" free="3682920" total="12058624" percent="30" micro-fragmented="1467282" macro-fragmented="0">
      <mem type="soa" free="3563112" total="11938816" percent="29" />
      <mem type="loa" free="119808" total="119808" percent="100" />
    </mem>
  </mem-info>
</gc-end>
<cycle-end id="405" type="global" contextid="398" timestamp="2019-08-04T20:01:28.612">
  <attribute name="GC Util" value="193" />
  <attribute name="CPU Util" value="3488486631020" />
  <attribute name="Time Running"value="36224"/>
  <attribute name="Number of cores"value="16"/>
</cycle-end>
<allocation-satisfied id="406" threadId="0000000001F11E00" bytesRequested="32" />
<af-end id="407" timestamp="2019-08-04T20:01:28.612" threadId="0000000001F12788" success="true" />
<exclusive-end id="408" timestamp="2019-08-04T20:01:28.612" durationms="6.705" />

<exclusive-start id="409" timestamp="2019-08-04T20:01:29.635" intervalms="1029.767">
  <response-info timems="0.411" idlems="0.411" threads="0" lastid="0000000001ECE800" lastname="node-24" />
</exclusive-start>
<af-start id="410" threadId="0000000001ECF188" totalBytesRequested="32" timestamp="2019-08-04T20:01:29.635" intervalms="1029.766" />
<cycle-start id="411" type="global" contextid="0" timestamp="2019-08-04T20:01:29.635" intervalms="1029.766" />
  <attribute name="GC Util" value="193" />
  <attribute name="CPU Util" value="3488486631020" />
  <attribute name="Time Running"value="36224"/>
  <attribute name="Number of cores"value="16"/>
<gc-start id="412" type="global" contextid="411" timestamp="2019-08-04T20:01:29.635">
  <mem-info id="413" free="119808" total="12058624" percent="0">
    <mem type="tenure" free="119808" total="12058624" percent="0">
      <mem type="soa" free="0" total="11938816" percent="0" />
      <mem type="loa" free="119808" total="119808" percent="100" />
    </mem>
  </mem-info>
</gc-start>
<allocation-stats totalBytes="3553976" >
  <allocated-bytes non-tlh="0" tlh="3553976" />
  <largest-consumer threadName="node-8" threadId="0000000001F28500" bytes="230752" />
</allocation-stats>
<gc-op id="414" type="mark" timems="3.913" contextid="411" timestamp="2019-08-04T20:01:29.639">
  <trace-info objectcount="144750" scancount="135232" scanbytes="5301276" />
  <finalization candidates="18" enqueued="0" />
  <references type="soft" candidates="45" cleared="0" enqueued="0" dynamicThreshold="9" maxThreshold="32" />
  <references type="weak" candidates="165" cleared="0" enqueued="0" />
  <references type="phantom" candidates="57" cleared="0" enqueued="0" />
  <stringconstants candidates="3824" cleared="0"  />
</gc-op>
<gc-op id="415" type="sweep" timems="1.061" contextid="411" timestamp="2019-08-04T20:01:29.640" />
<gc-end id="416" type="global" contextid="411" durationms="5.136" usertimems="10.833" systemtimems="3.926" timestamp="2019-08-04T20:01:29.640" activeThreads="5">
  <mem-info id="417" free="3683376" total="12058624" percent="30">
    <mem type="tenure" free="3683376" total="12058624" percent="30" micro-fragmented="1493122" macro-fragmented="0">
      <mem type="soa" free="3563568" total="11938816" percent="29" />
      <mem type="loa" free="119808" total="119808" percent="100" />
    </mem>
  </mem-info>
</gc-end>
<cycle-end id="418" type="global" contextid="411" timestamp="2019-08-04T20:01:29.640">
  <attribute name="GC Util" value="235" />
  <attribute name="CPU Util" value="4690610216599" />
  <attribute name="Time Running"value="37252"/>
  <attribute name="Number of cores"value="16"/>
</cycle-end>
<allocation-satisfied id="419" threadId="0000000001ECE800" bytesRequested="32" />
<af-end id="420" timestamp="2019-08-04T20:01:29.640" threadId="0000000001ECF188" success="true" />
<exclusive-end id="421" timestamp="2019-08-04T20:01:29.640" durationms="5.323" />

<exclusive-start id="422" timestamp="2019-08-04T20:01:30.632" intervalms="996.786">
  <response-info timems="0.049" idlems="0.049" threads="0" lastid="0000000001F24900" lastname="node-0" />
</exclusive-start>
<af-start id="423" threadId="0000000001F25288" totalBytesRequested="32" timestamp="2019-08-04T20:01:30.632" intervalms="996.791" />
<cycle-start id="424" type="global" contextid="0" timestamp="2019-08-04T20:01:30.632" intervalms="996.802" />
  <attribute name="GC Util" value="235" />
  <attribute name="CPU Util" value="4690610216599" />
  <attribute name="Time Running"value="37252"/>
  <attribute name="Number of cores"value="16"/>
<gc-start id="425" type="global" contextid="424" timestamp="2019-08-04T20:01:30.632">
  <mem-info id="426" free="119808" total="12058624" percent="0">
    <mem type="tenure" free="119808" total="12058624" percent="0">
      <mem type="soa" free="0" total="11938816" percent="0" />
      <mem type="loa" free="119808" total="119808" percent="100" />
    </mem>
  </mem-info>
</gc-start>
<allocation-stats totalBytes="3555056" >
  <allocated-bytes non-tlh="0" tlh="3555056" />
  <largest-consumer threadName="node-8" threadId="0000000001F28500" bytes="219880" />
</allocation-stats>
<gc-op id="427" type="mark" timems="4.190" contextid="424" timestamp="2019-08-04T20:01:30.636">
  <trace-info objectcount="144725" scancount="135208" scanbytes="5300676" />
  <finalization candidates="18" enqueued="0" />
  <references type="soft" candidates="45" cleared="0" enqueued="0" dynamicThreshold="9" maxThreshold="32" />
  <references type="weak" candidates="165" cleared="0" enqueued="0" />
  <references type="phantom" candidates="57" cleared="0" enqueued="0" />
  <stringconstants candidates="3824" cleared="0"  />
</gc-op>
<gc-op id="428" type="sweep" timems="1.041" contextid="424" timestamp="2019-08-04T20:01:30.637" />
<gc-end id="429" type="global" contextid="424" durationms="5.503" usertimems="14.476" systemtimems="0.000" timestamp="2019-08-04T20:01:30.637" activeThreads="5">
  <mem-info id="430" free="3686328" total="12058624" percent="30">
    <mem type="tenure" free="3686328" total="12058624" percent="30" micro-fragmented="1467282" macro-fragmented="0">
      <mem type="soa" free="3566520" total="11938816" percent="29" />
      <mem type="loa" free="119808" total="119808" percent="100" />
    </mem>
  </mem-info>
</gc-end>
<cycle-end id="431" type="global" contextid="424" timestamp="2019-08-04T20:01:30.637">
  <attribute name="GC Util" value="205" />
  <attribute name="CPU Util" value="4367504302582" />
  <attribute name="Time Running"value="38249"/>
  <attribute name="Number of cores"value="16"/>
</cycle-end>
<allocation-satisfied id="432" threadId="0000000001F24900" bytesRequested="32" />
<af-end id="433" timestamp="2019-08-04T20:01:30.637" threadId="0000000001F25288" success="true" />
<exclusive-end id="434" timestamp="2019-08-04T20:01:30.637" durationms="5.724" />

<exclusive-start id="435" timestamp="2019-08-04T20:01:31.902" intervalms="1270.251">
  <response-info timems="0.123" idlems="0.123" threads="0" lastid="0000000001F1D200" lastname="node-19" />
</exclusive-start>
<af-start id="436" threadId="0000000001F1DB88" totalBytesRequested="32" timestamp="2019-08-04T20:01:31.902" intervalms="1270.249" />
<cycle-start id="437" type="global" contextid="0" timestamp="2019-08-04T20:01:31.902" intervalms="1270.241" />
  <attribute name="GC Util" value="205" />
  <attribute name="CPU Util" value="4367504302582" />
  <attribute name="Time Running"value="38249"/>
  <attribute name="Number of cores"value="16"/>
<gc-start id="438" type="global" contextid="437" timestamp="2019-08-04T20:01:31.902">
  <mem-info id="439" free="119808" total="12058624" percent="0">
    <mem type="tenure" free="119808" total="12058624" percent="0">
      <mem type="soa" free="0" total="11938816" percent="0" />
      <mem type="loa" free="119808" total="119808" percent="100" />
    </mem>
  </mem-info>
</gc-start>
<allocation-stats totalBytes="3552336" >
  <allocated-bytes non-tlh="832" tlh="3551504" />
  <largest-consumer threadName="node-23" threadId="0000000001F20E00" bytes="235136" />
</allocation-stats>
<gc-op id="440" type="mark" timems="7.006" contextid="437" timestamp="2019-08-04T20:01:31.909">
  <trace-info objectcount="144695" scancount="135177" scanbytes="5299956" />
  <finalization candidates="18" enqueued="0" />
  <references type="soft" candidates="45" cleared="0" enqueued="0" dynamicThreshold="9" maxThreshold="32" />
  <references type="weak" candidates="165" cleared="0" enqueued="0" />
  <references type="phantom" candidates="57" cleared="0" enqueued="0" />
  <stringconstants candidates="3824" cleared="0"  />
</gc-op>
<gc-op id="441" type="sweep" timems="1.220" contextid="437" timestamp="2019-08-04T20:01:31.910" />
<gc-end id="442" type="global" contextid="437" durationms="8.433" usertimems="20.225" systemtimems="0.000" timestamp="2019-08-04T20:01:31.910" activeThreads="5">
  <mem-info id="443" free="3682720" total="12058624" percent="30">
    <mem type="tenure" free="3682720" total="12058624" percent="30" micro-fragmented="1290242" macro-fragmented="0">
      <mem type="soa" free="3562912" total="11938816" percent="29" />
      <mem type="loa" free="119808" total="119808" percent="100" />
    </mem>
  </mem-info>
</gc-end>
<cycle-end id="444" type="global" contextid="437" timestamp="2019-08-04T20:01:31.911">
  <attribute name="GC Util" value="180" />
  <attribute name="CPU Util" value="2601512730530" />
  <attribute name="Time Running"value="39522"/>
  <attribute name="Number of cores"value="16"/>
</cycle-end>
<allocation-satisfied id="445" threadId="0000000001F1D200" bytesRequested="32" />
<af-end id="446" timestamp="2019-08-04T20:01:31.911" threadId="0000000001F1DB88" success="true" />
<exclusive-end id="447" timestamp="2019-08-04T20:01:31.911" durationms="8.743" />

<exclusive-start id="448" timestamp="2019-08-04T20:01:33.040" intervalms="1138.255">
  <response-info timems="0.398" idlems="0.398" threads="0" lastid="0000000001F28500" lastname="node-8" />
</exclusive-start>
<af-start id="449" threadId="0000000001F28E88" totalBytesRequested="16" timestamp="2019-08-04T20:01:33.040" intervalms="1138.269" />
<cycle-start id="450" type="global" contextid="0" timestamp="2019-08-04T20:01:33.040" intervalms="1138.277" />
  <attribute name="GC Util" value="180" />
  <attribute name="CPU Util" value="2601512730530" />
  <attribute name="Time Running"value="39522"/>
  <attribute name="Number of cores"value="16"/>
<gc-start id="451" type="global" contextid="450" timestamp="2019-08-04T20:01:33.040">
  <mem-info id="452" free="119808" total="12058624" percent="0">
    <mem type="tenure" free="119808" total="12058624" percent="0">
      <mem type="soa" free="0" total="11938816" percent="0" />
      <mem type="loa" free="119808" total="119808" percent="100" />
    </mem>
  </mem-info>
</gc-start>
<allocation-stats totalBytes="3552984" >
  <allocated-bytes non-tlh="0" tlh="3552984" />
  <largest-consumer threadName="node-9" threadId="0000000001EE8B00" bytes="220544" />
</allocation-stats>
<gc-op id="453" type="mark" timems="3.359" contextid="450" timestamp="2019-08-04T20:01:33.044">
  <trace-info objectcount="144685" scancount="135171" scanbytes="5299412" />
  <finalization candidates="18" enqueued="0" />
  <references type="soft" candidates="45" cleared="0" enqueued="0" dynamicThreshold="9" maxThreshold="32" />
  <references type="weak" candidates="165" cleared="0" enqueued="0" />
  <references type="phantom" candidates="57" cleared="0" enqueued="0" />
  <stringconstants candidates="3824" cleared="0"  />
</gc-op>
<gc-op id="454" type="sweep" timems="0.988" contextid="450" timestamp="2019-08-04T20:01:33.045" />
<gc-end id="455" type="global" contextid="450" durationms="4.496" usertimems="13.562" systemtimems="0.442" timestamp="2019-08-04T20:01:33.045" activeThreads="5">
  <mem-info id="456" free="3680664" total="12058624" percent="30">
    <mem type="tenure" free="3680664" total="12058624" percent="30" micro-fragmented="1467282" macro-fragmented="0">
      <mem type="soa" free="3560856" total="11938816" percent="29" />
      <mem type="loa" free="119808" total="119808" percent="100" />
    </mem>
  </mem-info>
</gc-end>
<cycle-end id="457" type="global" contextid="450" timestamp="2019-08-04T20:01:33.045">
  <attribute name="GC Util" value="286" />
  <attribute name="CPU Util" value="5504169146219" />
  <attribute name="Time Running"value="40657"/>
  <attribute name="Number of cores"value="16"/>
</cycle-end>
<allocation-satisfied id="458" threadId="0000000001F28500" bytesRequested="16" />
<af-end id="459" timestamp="2019-08-04T20:01:33.045" threadId="0000000001F28E88" success="true" />
<exclusive-end id="460" timestamp="2019-08-04T20:01:33.045" durationms="4.750" />

<exclusive-start id="461" timestamp="2019-08-04T20:01:34.598" intervalms="1557.547">
  <response-info timems="0.302" idlems="0.200" threads="2" lastid="0000000001F2C100" lastname="node-13" />
</exclusive-start>
<af-start id="462" threadId="0000000001F19F88" totalBytesRequested="16" timestamp="2019-08-04T20:01:34.598" intervalms="1557.522" />
<cycle-start id="463" type="global" contextid="0" timestamp="2019-08-04T20:01:34.598" intervalms="1557.511" />
  <attribute name="GC Util" value="286" />
  <attribute name="CPU Util" value="5504169146219" />
  <attribute name="Time Running"value="40657"/>
  <attribute name="Number of cores"value="16"/>
<gc-start id="464" type="global" contextid="463" timestamp="2019-08-04T20:01:34.598">
  <mem-info id="465" free="119808" total="12058624" percent="0">
    <mem type="tenure" free="119808" total="12058624" percent="0">
      <mem type="soa" free="0" total="11938816" percent="0" />
      <mem type="loa" free="119808" total="119808" percent="100" />
    </mem>
  </mem-info>
</gc-start>
<allocation-stats totalBytes="3550192" >
  <allocated-bytes non-tlh="0" tlh="3550192" />
  <largest-consumer threadName="node-0" threadId="0000000001F24900" bytes="229840" />
</allocation-stats>
<gc-op id="466" type="mark" timems="4.432" contextid="463" timestamp="2019-08-04T20:01:34.602">
  <trace-info objectcount="144656" scancount="135125" scanbytes="5298668" />
  <finalization candidates="18" enqueued="0" />
  <references type="soft" candidates="45" cleared="0" enqueued="0" dynamicThreshold="9" maxThreshold="32" />
  <references type="weak" candidates="165" cleared="0" enqueued="0" />
  <references type="phantom" candidates="57" cleared="0" enqueued="0" />
  <stringconstants candidates="3824" cleared="0"  />
</gc-op>
<gc-op id="467" type="sweep" timems="0.800" contextid="463" timestamp="2019-08-04T20:01:34.603" />
<gc-end id="468" type="global" contextid="463" durationms="5.415" usertimems="16.014" systemtimems="0.459" timestamp="2019-08-04T20:01:34.603" activeThreads="5">
  <mem-info id="469" free="3677568" total="12058624" percent="30">
    <mem type="tenure" free="3677568" total="12058624" percent="30" micro-fragmented="1467282" macro-fragmented="0">
      <mem type="soa" free="3557760" total="11938816" percent="29" />
      <mem type="loa" free="119808" total="119808" percent="100" />
    </mem>
  </mem-info>
</gc-end>
<cycle-end id="470" type="global" contextid="463" timestamp="2019-08-04T20:01:34.603">
  <attribute name="GC Util" value="246" />
  <attribute name="CPU Util" value="4148455935369" />
  <attribute name="Time Running"value="42215"/>
  <attribute name="Number of cores"value="16"/>
</cycle-end>
<allocation-satisfied id="471" threadId="0000000001F19600" bytesRequested="16" />
<af-end id="472" timestamp="2019-08-04T20:01:34.603" threadId="0000000001F19F88" success="true" />
<exclusive-end id="473" timestamp="2019-08-04T20:01:34.603" durationms="5.605" />

<exclusive-start id="474" timestamp="2019-08-04T20:01:35.902" intervalms="1303.940">
  <response-info timems="0.029" idlems="0.029" threads="0" lastid="0000000001F02E00" lastname="node-10" />
</exclusive-start>
<af-start id="475" threadId="0000000001F03788" totalBytesRequested="24" timestamp="2019-08-04T20:01:35.902" intervalms="1303.945" />
<cycle-start id="476" type="global" contextid="0" timestamp="2019-08-04T20:01:35.902" intervalms="1303.946" />
  <attribute name="GC Util" value="246" />
  <attribute name="CPU Util" value="4148455935369" />
  <attribute name="Time Running"value="42215"/>
  <attribute name="Number of cores"value="16"/>
<gc-start id="477" type="global" contextid="476" timestamp="2019-08-04T20:01:35.902">
  <mem-info id="478" free="119808" total="12058624" percent="0">
    <mem type="tenure" free="119808" total="12058624" percent="0">
      <mem type="soa" free="0" total="11938816" percent="0" />
      <mem type="loa" free="119808" total="119808" percent="100" />
    </mem>
  </mem-info>
</gc-start>
<allocation-stats totalBytes="3548024" >
  <allocated-bytes non-tlh="0" tlh="3548024" />
  <largest-consumer threadName="node-25" threadId="0000000001ED9B00" bytes="221760" />
</allocation-stats>
<gc-op id="479" type="mark" timems="4.990" contextid="476" timestamp="2019-08-04T20:01:35.907">
  <trace-info objectcount="144601" scancount="135084" scanbytes="5297700" />
  <finalization candidates="18" enqueued="0" />
  <references type="soft" candidates="45" cleared="0" enqueued="0" dynamicThreshold="9" maxThreshold="32" />
  <references type="weak" candidates="165" cleared="0" enqueued="0" />
  <references type="phantom" candidates="57" cleared="0" enqueued="0" />
  <stringconstants candidates="3824" cleared="0"  />
</gc-op>
<gc-op id="480" type="sweep" timems="1.120" contextid="476" timestamp="2019-08-04T20:01:35.908" />
<gc-end id="481" type="global" contextid="476" durationms="6.284" usertimems="15.151" systemtimems="0.769" timestamp="2019-08-04T20:01:35.908" activeThreads="5">
  <mem-info id="482" free="3686744" total="12058624" percent="30">
    <mem type="tenure" free="3686744" total="12058624" percent="30" micro-fragmented="1479270" macro-fragmented="0">
      <mem type="soa" free="3566936" total="11938816" percent="29" />
      <mem type="loa" free="119808" total="119808" percent="100" />
    </mem>
  </mem-info>
</gc-end>
<cycle-end id="483" type="global" contextid="476" timestamp="2019-08-04T20:01:35.908">
  <attribute name="GC Util" value="219" />
  <attribute name="CPU Util" value="3649355518450" />
  <attribute name="Time Running"value="43520"/>
  <attribute name="Number of cores"value="16"/>
</cycle-end>
<allocation-satisfied id="484" threadId="0000000001F02E00" bytesRequested="24" />
<af-end id="485" timestamp="2019-08-04T20:01:35.908" threadId="0000000001F03788" success="true" />
<exclusive-end id="486" timestamp="2019-08-04T20:01:35.908" durationms="6.464" />

<exclusive-start id="487" timestamp="2019-08-04T20:01:37.085" intervalms="1183.326">
  <response-info timems="0.521" idlems="0.521" threads="0" lastid="0000000001EDD700" lastname="node-11" />
</exclusive-start>
<af-start id="488" threadId="0000000001EDE088" totalBytesRequested="24" timestamp="2019-08-04T20:01:37.085" intervalms="1183.332" />
<cycle-start id="489" type="global" contextid="0" timestamp="2019-08-04T20:01:37.085" intervalms="1183.334" />
  <attribute name="GC Util" value="219" />
  <attribute name="CPU Util" value="3649355518450" />
  <attribute name="Time Running"value="43520"/>
  <attribute name="Number of cores"value="16"/>
<gc-start id="490" type="global" contextid="489" timestamp="2019-08-04T20:01:37.085">
  <mem-info id="491" free="119808" total="12058624" percent="0">
    <mem type="tenure" free="119808" total="12058624" percent="0">
      <mem type="soa" free="0" total="11938816" percent="0" />
      <mem type="loa" free="119808" total="119808" percent="100" />
    </mem>
  </mem-info>
</gc-start>
<allocation-stats totalBytes="3554600" >
  <allocated-bytes non-tlh="832" tlh="3553768" />
  <largest-consumer threadName="node-6" threadId="0000000001F15A00" bytes="246992" />
</allocation-stats>
<gc-op id="492" type="mark" timems="3.619" contextid="489" timestamp="2019-08-04T20:01:37.089">
  <trace-info objectcount="144573" scancount="135082" scanbytes="5297028" />
  <finalization candidates="18" enqueued="0" />
  <references type="soft" candidates="45" cleared="0" enqueued="0" dynamicThreshold="9" maxThreshold="32" />
  <references type="weak" candidates="165" cleared="0" enqueued="0" />
  <references type="phantom" candidates="57" cleared="0" enqueued="0" />
  <stringconstants candidates="3824" cleared="0"  />
</gc-op>
<gc-op id="493" type="sweep" timems="0.876" contextid="489" timestamp="2019-08-04T20:01:37.090" />
<gc-end id="494" type="global" contextid="489" durationms="4.682" usertimems="14.953" systemtimems="0.057" timestamp="2019-08-04T20:01:37.090" activeThreads="5">
  <mem-info id="495" free="3682888" total="12058624" percent="30">
    <mem type="tenure" free="3682888" total="12058624" percent="30" micro-fragmented="1482402" macro-fragmented="0">
      <mem type="soa" free="3563080" total="11938816" percent="29" />
      <mem type="loa" free="119808" total="119808" percent="100" />
    </mem>
  </mem-info>
</gc-end>
<cycle-end id="496" type="global" contextid="489" timestamp="2019-08-04T20:01:37.090">
  <attribute name="GC Util" value="281" />
  <attribute name="CPU Util" value="5167323091574" />
  <attribute name="Time Running"value="44702"/>
  <attribute name="Number of cores"value="16"/>
</cycle-end>
<allocation-satisfied id="497" threadId="0000000001EDD700" bytesRequested="24" />
<af-end id="498" timestamp="2019-08-04T20:01:37.090" threadId="0000000001EDE088" success="true" />
<exclusive-end id="499" timestamp="2019-08-04T20:01:37.090" durationms="4.889" />

<exclusive-start id="500" timestamp="2019-08-04T20:01:38.250" intervalms="1164.694">
  <response-info timems="0.230" idlems="0.230" threads="0" lastid="0000000001EE4F00" lastname="node-4" />
</exclusive-start>
<af-start id="501" threadId="0000000001EE5888" totalBytesRequested="16" timestamp="2019-08-04T20:01:38.250" intervalms="1164.778" />
<cycle-start id="502" type="global" contextid="0" timestamp="2019-08-04T20:01:38.250" intervalms="1164.798" />
  <attribute name="GC Util" value="281" />
  <attribute name="CPU Util" value="5167323091574" />
  <attribute name="Time Running"value="44702"/>
  <attribute name="Number of cores"value="16"/>
<gc-start id="503" type="global" contextid="502" timestamp="2019-08-04T20:01:38.250">
  <mem-info id="504" free="119808" total="12058624" percent="0">
    <mem type="tenure" free="119808" total="12058624" percent="0">
      <mem type="soa" free="0" total="11938816" percent="0" />
      <mem type="loa" free="119808" total="119808" percent="100" />
    </mem>
  </mem-info>
</gc-start>
<allocation-stats totalBytes="3552400" >
  <allocated-bytes non-tlh="0" tlh="3552400" />
  <largest-consumer threadName="node-19" threadId="0000000001F1D200" bytes="242896" />
</allocation-stats>
<gc-op id="505" type="mark" timems="5.133" contextid="502" timestamp="2019-08-04T20:01:38.255">
  <trace-info objectcount="144582" scancount="135034" scanbytes="5296812" />
  <finalization candidates="18" enqueued="0" />
  <references type="soft" candidates="45" cleared="0" enqueued="0" dynamicThreshold="9" maxThreshold="32" />
  <references type="weak" candidates="165" cleared="0" enqueued="0" />
  <references type="phantom" candidates="57" cleared="0" enqueued="0" />
  <stringconstants candidates="3824" cleared="0"  />
</gc-op>
<gc-op id="506" type="sweep" timems="0.860" contextid="502" timestamp="2019-08-04T20:01:38.256" />
<gc-end id="507" type="global" contextid="502" durationms="6.211" usertimems="17.455" systemtimems="0.000" timestamp="2019-08-04T20:01:38.256" activeThreads="5">
  <mem-info id="508" free="3678672" total="12058624" percent="30">
    <mem type="tenure" free="3678672" total="12058624" percent="30" micro-fragmented="1467282" macro-fragmented="0">
      <mem type="soa" free="3558864" total="11938816" percent="29" />
      <mem type="loa" free="119808" total="119808" percent="100" />
    </mem>
  </mem-info>
</gc-end>
<cycle-end id="509" type="global" contextid="502" timestamp="2019-08-04T20:01:38.256">
  <attribute name="GC Util" value="236" />
  <attribute name="CPU Util" value="3554116793636" />
  <attribute name="Time Running"value="45868"/>
  <attribute name="Number of cores"value="16"/>
</cycle-end>
<allocation-satisfied id="510" threadId="0000000001EE4F00" bytesRequested="16" />
<af-end id="511" timestamp="2019-08-04T20:01:38.256" threadId="0000000001EE5888" success="true" />
<exclusive-end id="512" timestamp="2019-08-04T20:01:38.256" durationms="6.573" />

<exclusive-start id="513" timestamp="2019-08-04T20:01:39.690" intervalms="1440.834">
  <response-info timems="0.402" idlems="0.218" threads="1" lastid="0000000001F02E00" lastname="node-10" />
</exclusive-start>
<af-start id="514" threadId="0000000001EDA488" totalBytesRequested="24" timestamp="2019-08-04T20:01:39.691" intervalms="1440.744" />
<cycle-start id="515" type="global" contextid="0" timestamp="2019-08-04T20:01:39.691" intervalms="1440.722" />
  <attribute name="GC Util" value="236" />
  <attribute name="CPU Util" value="3554116793636" />
  <attribute name="Time Running"value="45868"/>
  <attribute name="Number of cores"value="16"/>
<gc-start id="516" type="global" contextid="515" timestamp="2019-08-04T20:01:39.691">
  <mem-info id="517" free="119808" total="12058624" percent="0">
    <mem type="tenure" free="119808" total="12058624" percent="0">
      <mem type="soa" free="0" total="11938816" percent="0" />
      <mem type="loa" free="119808" total="119808" percent="100" />
    </mem>
  </mem-info>
</gc-start>
<allocation-stats totalBytes="3545072" >
  <allocated-bytes non-tlh="0" tlh="3545072" />
  <largest-consumer threadName="node-9" threadId="0000000001EE8B00" bytes="233616" />
</allocation-stats>
<gc-op id="518" type="mark" timems="4.528" contextid="515" timestamp="2019-08-04T20:01:39.695">
  <trace-info objectcount="144515" scancount="134997" scanbytes="5295636" />
  <finalization candidates="18" enqueued="0" />
  <references type="soft" candidates="45" cleared="0" enqueued="0" dynamicThreshold="9" maxThreshold="32" />
  <references type="weak" candidates="165" cleared="0" enqueued="0" />
  <references type="phantom" candidates="57" cleared="0" enqueued="0" />
  <stringconstants candidates="3824" cleared="0"  />
</gc-op>
<gc-op id="519" type="sweep" timems="0.775" contextid="515" timestamp="2019-08-04T20:01:39.696" />
<gc-end id="520" type="global" contextid="515" durationms="5.566" usertimems="16.367" systemtimems="0.000" timestamp="2019-08-04T20:01:39.696" activeThreads="5">
  <mem-info id="521" free="3681072" total="12058624" percent="30">
    <mem type="tenure" free="3681072" total="12058624" percent="30" micro-fragmented="1467282" macro-fragmented="0">
      <mem type="soa" free="3561264" total="11938816" percent="29" />
      <mem type="loa" free="119808" total="119808" percent="100" />
    </mem>
  </mem-info>
</gc-end>
<cycle-end id="522" type="global" contextid="515" timestamp="2019-08-04T20:01:39.696">
  <attribute name="GC Util" value="307" />
  <attribute name="CPU Util" value="4060353897131" />
  <attribute name="Time Running"value="47308"/>
  <attribute name="Number of cores"value="16"/>
</cycle-end>
<allocation-satisfied id="523" threadId="0000000001ED9B00" bytesRequested="24" />
<af-end id="524" timestamp="2019-08-04T20:01:39.696" threadId="0000000001EDA488" success="true" />
<exclusive-end id="525" timestamp="2019-08-04T20:01:39.696" durationms="5.842" />

<exclusive-start id="526" timestamp="2019-08-04T20:01:40.890" intervalms="1199.409">
  <response-info timems="0.220" idlems="0.220" threads="0" lastid="0000000001EEC700" lastname="node-14" />
</exclusive-start>
<af-start id="527" threadId="0000000001EED088" totalBytesRequested="16" timestamp="2019-08-04T20:01:40.890" intervalms="1199.412" />
<cycle-start id="528" type="global" contextid="0" timestamp="2019-08-04T20:01:40.890" intervalms="1199.413" />
  <attribute name="GC Util" value="307" />
  <attribute name="CPU Util" value="4060353897131" />
  <attribute name="Time Running"value="47308"/>
  <attribute name="Number of cores"value="16"/>
<gc-start id="529" type="global" contextid="528" timestamp="2019-08-04T20:01:40.890">
  <mem-info id="530" free="119808" total="12058624" percent="0">
    <mem type="tenure" free="119808" total="12058624" percent="0">
      <mem type="soa" free="0" total="11938816" percent="0" />
      <mem type="loa" free="119808" total="119808" percent="100" />
    </mem>
  </mem-info>
</gc-start>
<allocation-stats totalBytes="3549264" >
  <allocated-bytes non-tlh="4000" tlh="3545264" />
  <largest-consumer threadName="node-25" threadId="0000000001ED9B00" bytes="234424" />
</allocation-stats>
<gc-op id="531" type="mark" timems="4.376" contextid="528" timestamp="2019-08-04T20:01:40.895">
  <trace-info objectcount="144513" scancount="135003" scanbytes="5295220" />
  <finalization candidates="18" enqueued="0" />
  <references type="soft" candidates="45" cleared="0" enqueued="0" dynamicThreshold="9" maxThreshold="32" />
  <references type="weak" candidates="165" cleared="0" enqueued="0" />
  <references type="phantom" candidates="57" cleared="0" enqueued="0" />
  <stringconstants candidates="3824" cleared="0"  />
</gc-op>
<gc-op id="532" type="sweep" timems="1.343" contextid="528" timestamp="2019-08-04T20:01:40.896" />
<gc-end id="533" type="global" contextid="528" durationms="5.934" usertimems="13.713" systemtimems="1.850" timestamp="2019-08-04T20:01:40.896" activeThreads="5">
  <mem-info id="534" free="3666008" total="12058624" percent="30">
    <mem type="tenure" free="3666008" total="12058624" percent="30" micro-fragmented="1467282" macro-fragmented="0">
      <mem type="soa" free="3546200" total="11938816" percent="29" />
      <mem type="loa" free="119808" total="119808" percent="100" />
    </mem>
  </mem-info>
</gc-end>
<cycle-end id="535" type="global" contextid="528" timestamp="2019-08-04T20:01:40.896">
  <attribute name="GC Util" value="261" />
  <attribute name="CPU Util" value="4063633865354" />
  <attribute name="Time Running"value="48508"/>
  <attribute name="Number of cores"value="16"/>
</cycle-end>
<allocation-satisfied id="536" threadId="0000000001EEC700" bytesRequested="16" />
<af-end id="537" timestamp="2019-08-04T20:01:40.896" threadId="0000000001EED088" success="true" />
<exclusive-end id="538" timestamp="2019-08-04T20:01:40.896" durationms="6.173" />

<exclusive-start id="539" timestamp="2019-08-04T20:01:42.073" intervalms="1183.525">
  <response-info timems="0.264" idlems="0.127" threads="2" lastid="0000000001F1D200" lastname="node-19" />
</exclusive-start>
<af-start id="540" threadId="0000000001EE5888" totalBytesRequested="32" timestamp="2019-08-04T20:01:42.073" intervalms="1183.525" />
<cycle-start id="541" type="global" contextid="0" timestamp="2019-08-04T20:01:42.073" intervalms="1183.524" />
  <attribute name="GC Util" value="261" />
  <attribute name="CPU Util" value="4063633865354" />
  <attribute name="Time Running"value="48508"/>
  <attribute name="Number of cores"value="16"/>
<gc-start id="542" type="global" contextid="541" timestamp="2019-08-04T20:01:42.074">
  <mem-info id="543" free="119808" total="12058624" percent="0">
    <mem type="tenure" free="119808" total="12058624" percent="0">
      <mem type="soa" free="0" total="11938816" percent="0" />
      <mem type="loa" free="119808" total="119808" percent="100" />
    </mem>
  </mem-info>
</gc-start>
<allocation-stats totalBytes="3536440" >
  <allocated-bytes non-tlh="0" tlh="3536440" />
  <largest-consumer threadName="node-9" threadId="0000000001EE8B00" bytes="236936" />
</allocation-stats>
<gc-op id="544" type="mark" timems="3.441" contextid="541" timestamp="2019-08-04T20:01:42.077">
  <trace-info objectcount="144469" scancount="134951" scanbytes="5294532" />
  <finalization candidates="18" enqueued="0" />
  <references type="soft" candidates="45" cleared="0" enqueued="0" dynamicThreshold="9" maxThreshold="32" />
  <references type="weak" candidates="165" cleared="0" enqueued="0" />
  <references type="phantom" candidates="57" cleared="0" enqueued="0" />
  <stringconstants candidates="3824" cleared="0"  />
</gc-op>
<gc-op id="545" type="sweep" timems="1.055" contextid="541" timestamp="2019-08-04T20:01:42.078" />
<gc-end id="546" type="global" contextid="541" durationms="4.607" usertimems="12.354" systemtimems="0.643" timestamp="2019-08-04T20:01:42.078" activeThreads="5">
  <mem-info id="547" free="3689136" total="12058624" percent="30">
    <mem type="tenure" free="3689136" total="12058624" percent="30" micro-fragmented="1467282" macro-fragmented="0">
      <mem type="soa" free="3569328" total="11938816" percent="29" />
      <mem type="loa" free="119808" total="119808" percent="100" />
    </mem>
  </mem-info>
</gc-end>
<cycle-end id="548" type="global" contextid="541" timestamp="2019-08-04T20:01:42.078">
  <attribute name="GC Util" value="294" />
  <attribute name="CPU Util" value="5349764995249" />
  <attribute name="Time Running"value="49690"/>
  <attribute name="Number of cores"value="16"/>
</cycle-end>
<allocation-satisfied id="549" threadId="0000000001EE4F00" bytesRequested="32" />
<af-end id="550" timestamp="2019-08-04T20:01:42.078" threadId="0000000001EE5888" success="true" />
<exclusive-end id="551" timestamp="2019-08-04T20:01:42.078" durationms="4.814" />

<exclusive-start id="552" timestamp="2019-08-04T20:01:43.162" intervalms="1088.520">
  <response-info timems="0.691" idlems="0.691" threads="0" lastid="0000000001F20E00" lastname="node-23" />
</exclusive-start>
<af-start id="553" threadId="0000000001F21788" totalBytesRequested="32" timestamp="2019-08-04T20:01:43.162" intervalms="1088.523" />
<cycle-start id="554" type="global" contextid="0" timestamp="2019-08-04T20:01:43.162" intervalms="1088.531" />
  <attribute name="GC Util" value="294" />
  <attribute name="CPU Util" value="5349764995249" />
  <attribute name="Time Running"value="49690"/>
  <attribute name="Number of cores"value="16"/>
<gc-start id="555" type="global" contextid="554" timestamp="2019-08-04T20:01:43.162">
  <mem-info id="556" free="119808" total="12058624" percent="0">
    <mem type="tenure" free="119808" total="12058624" percent="0">
      <mem type="soa" free="0" total="11938816" percent="0" />
      <mem type="loa" free="119808" total="119808" percent="100" />
    </mem>
  </mem-info>
</gc-start>
<allocation-stats totalBytes="3559016" >
  <allocated-bytes non-tlh="0" tlh="3559016" />
  <largest-consumer threadName="node-10" threadId="0000000001F02E00" bytes="227496" />
</allocation-stats>
<gc-op id="557" type="mark" timems="3.439" contextid="554" timestamp="2019-08-04T20:01:43.166">
  <trace-info objectcount="144429" scancount="134922" scanbytes="5293572" />
  <finalization candidates="18" enqueued="0" />
  <references type="soft" candidates="45" cleared="0" enqueued="0" dynamicThreshold="9" maxThreshold="32" />
  <references type="weak" candidates="165" cleared="0" enqueued="0" />
  <references type="phantom" candidates="57" cleared="0" enqueued="0" />
  <stringconstants candidates="3824" cleared="0"  />
</gc-op>
<gc-op id="558" type="sweep" timems="0.811" contextid="554" timestamp="2019-08-04T20:01:43.166" />
<gc-end id="559" type="global" contextid="554" durationms="4.379" usertimems="10.006" systemtimems="3.953" timestamp="2019-08-04T20:01:43.166" activeThreads="5">
  <mem-info id="560" free="3688248" total="12058624" percent="30">
    <mem type="tenure" free="3688248" total="12058624" percent="30" micro-fragmented="1467282" macro-fragmented="0">
      <mem type="soa" free="3568440" total="11938816" percent="29" />
      <mem type="loa" free="119808" total="119808" percent="100" />
    </mem>
  </mem-info>
</gc-end>
<cycle-end id="561" type="global" contextid="554" timestamp="2019-08-04T20:01:43.167">
  <attribute name="GC Util" value="283" />
  <attribute name="CPU Util" value="5379092956709" />
  <attribute name="Time Running"value="50779"/>
  <attribute name="Number of cores"value="16"/>
</cycle-end>
<allocation-satisfied id="562" threadId="0000000001F20E00" bytesRequested="32" />
<af-end id="563" timestamp="2019-08-04T20:01:43.167" threadId="0000000001F21788" success="true" />
<exclusive-end id="564" timestamp="2019-08-04T20:01:43.167" durationms="4.619" />

<exclusive-start id="565" timestamp="2019-08-04T20:01:44.171" intervalms="1008.655">
  <response-info timems="0.118" idlems="0.059" threads="1" lastid="0000000001EDD700" lastname="node-11" />
</exclusive-start>
<af-start id="566" threadId="0000000001F25288" totalBytesRequested="16" timestamp="2019-08-04T20:01:44.171" intervalms="1008.653" />
<cycle-start id="567" type="global" contextid="0" timestamp="2019-08-04T20:01:44.171" intervalms="1008.653" />
  <attribute name="GC Util" value="283" />
  <attribute name="CPU Util" value="5379092956709" />
  <attribute name="Time Running"value="50779"/>
  <attribute name="Number of cores"value="16"/>
<gc-start id="568" type="global" contextid="567" timestamp="2019-08-04T20:01:44.171">
  <mem-info id="569" free="119808" total="12058624" percent="0">
    <mem type="tenure" free="119808" total="12058624" percent="0">
      <mem type="soa" free="0" total="11938816" percent="0" />
      <mem type="loa" free="119808" total="119808" percent="100" />
    </mem>
  </mem-info>
</gc-start>
<allocation-stats totalBytes="3558272" >
  <allocated-bytes non-tlh="0" tlh="3558272" />
  <largest-consumer threadName="node-16" threadId="0000000001F06A00" bytes="228168" />
</allocation-stats>
<gc-op id="570" type="mark" timems="5.607" contextid="567" timestamp="2019-08-04T20:01:44.176">
  <trace-info objectcount="144415" scancount="134897" scanbytes="5293124" />
  <finalization candidates="18" enqueued="0" />
  <references type="soft" candidates="45" cleared="0" enqueued="0" dynamicThreshold="9" maxThreshold="32" />
  <references type="weak" candidates="165" cleared="0" enqueued="0" />
  <references type="phantom" candidates="57" cleared="0" enqueued="0" />
  <stringconstants candidates="3824" cleared="0"  />
</gc-op>
<gc-op id="571" type="sweep" timems="1.162" contextid="567" timestamp="2019-08-04T20:01:44.178" />
<gc-end id="572" type="global" contextid="567" durationms="6.903" usertimems="13.078" systemtimems="1.694" timestamp="2019-08-04T20:01:44.178" activeThreads="5">
  <mem-info id="573" free="3690544" total="12058624" percent="30">
    <mem type="tenure" free="3690544" total="12058624" percent="30" micro-fragmented="1467282" macro-fragmented="0">
      <mem type="soa" free="3570736" total="11938816" percent="29" />
      <mem type="loa" free="119808" total="119808" percent="100" />
    </mem>
  </mem-info>
</gc-end>
<cycle-end id="574" type="global" contextid="567" timestamp="2019-08-04T20:01:44.178">
  <attribute name="GC Util" value="212" />
  <attribute name="CPU Util" value="3286779454460" />
  <attribute name="Time Running"value="51790"/>
  <attribute name="Number of cores"value="16"/>
</cycle-end>
<allocation-satisfied id="575" threadId="0000000001F24900" bytesRequested="16" />
<af-end id="576" timestamp="2019-08-04T20:01:44.178" threadId="0000000001F25288" success="true" />
<exclusive-end id="577" timestamp="2019-08-04T20:01:44.178" durationms="7.124" />

<exclusive-start id="578" timestamp="2019-08-04T20:01:45.364" intervalms="1193.879">
  <response-info timems="0.026" idlems="0.026" threads="0" lastid="0000000001EEC700" lastname="node-14" />
</exclusive-start>
<af-start id="579" threadId="0000000001EED088" totalBytesRequested="376" timestamp="2019-08-04T20:01:45.365" intervalms="1193.880" />
<cycle-start id="580" type="global" contextid="0" timestamp="2019-08-04T20:01:45.365" intervalms="1193.873" />
  <attribute name="GC Util" value="212" />
  <attribute name="CPU Util" value="3286779454460" />
  <attribute name="Time Running"value="51790"/>
  <attribute name="Number of cores"value="16"/>
<gc-start id="581" type="global" contextid="580" timestamp="2019-08-04T20:01:45.365">
  <mem-info id="582" free="119808" total="12058624" percent="0">
    <mem type="tenure" free="119808" total="12058624" percent="0">
      <mem type="soa" free="0" total="11938816" percent="0" />
      <mem type="loa" free="119808" total="119808" percent="100" />
    </mem>
  </mem-info>
</gc-start>
<allocation-stats totalBytes="3558488" >
  <allocated-bytes non-tlh="0" tlh="3558488" />
  <largest-consumer threadName="node-19" threadId="0000000001F1D200" bytes="246952" />
</allocation-stats>
<gc-op id="583" type="mark" timems="3.360" contextid="580" timestamp="2019-08-04T20:01:45.368">
  <trace-info objectcount="144373" scancount="134866" scanbytes="5292460" />
  <finalization candidates="18" enqueued="0" />
  <references type="soft" candidates="45" cleared="0" enqueued="0" dynamicThreshold="9" maxThreshold="32" />
  <references type="weak" candidates="165" cleared="0" enqueued="0" />
  <references type="phantom" candidates="57" cleared="0" enqueued="0" />
  <stringconstants candidates="3824" cleared="0"  />
</gc-op>
<gc-op id="584" type="sweep" timems="0.950" contextid="580" timestamp="2019-08-04T20:01:45.369" />
<gc-end id="585" type="global" contextid="580" durationms="4.436" usertimems="13.906" systemtimems="0.000" timestamp="2019-08-04T20:01:45.369" activeThreads="5">
  <mem-info id="586" free="3693128" total="12058624" percent="30">
    <mem type="tenure" free="3693128" total="12058624" percent="30" micro-fragmented="1467282" macro-fragmented="0">
      <mem type="soa" free="3573320" total="11938816" percent="29" />
      <mem type="loa" free="119808" total="119808" percent="100" />
    </mem>
  </mem-info>
</gc-end>
<cycle-end id="587" type="global" contextid="580" timestamp="2019-08-04T20:01:45.369">
  <attribute name="GC Util" value="282" />
  <attribute name="CPU Util" value="5474105290664" />
  <attribute name="Time Running"value="52981"/>
  <attribute name="Number of cores"value="16"/>
</cycle-end>
<allocation-satisfied id="588" threadId="0000000001EEC700" bytesRequested="376" />
<af-end id="589" timestamp="2019-08-04T20:01:45.369" threadId="0000000001EED088" success="true" />
<exclusive-end id="590" timestamp="2019-08-04T20:01:45.369" durationms="4.644" />

<exclusive-start id="591" timestamp="2019-08-04T20:01:46.644" intervalms="1279.099">
  <response-info timems="0.431" idlems="0.228" threads="1" lastid="0000000001F06A00" lastname="node-16" />
</exclusive-start>
<af-start id="592" threadId="0000000001EED088" totalBytesRequested="24" timestamp="2019-08-04T20:01:46.644" intervalms="1279.088" />
<cycle-start id="593" type="global" contextid="0" timestamp="2019-08-04T20:01:46.644" intervalms="1279.102" />
  <attribute name="GC Util" value="282" />
  <attribute name="CPU Util" value="5474105290664" />
  <attribute name="Time Running"value="52981"/>
  <attribute name="Number of cores"value="16"/>
<gc-start id="594" type="global" contextid="593" timestamp="2019-08-04T20:01:46.644">
  <mem-info id="595" free="119808" total="12058624" percent="0">
    <mem type="tenure" free="119808" total="12058624" percent="0">
      <mem type="soa" free="0" total="11938816" percent="0" />
      <mem type="loa" free="119808" total="119808" percent="100" />
    </mem>
  </mem-info>
</gc-start>
<allocation-stats totalBytes="3563008" >
  <allocated-bytes non-tlh="0" tlh="3563008" />
  <largest-consumer threadName="node-20" threadId="0000000001F0E200" bytes="232592" />
</allocation-stats>
<gc-op id="596" type="mark" timems="3.588" contextid="593" timestamp="2019-08-04T20:01:46.647">
  <trace-info objectcount="144357" scancount="134839" scanbytes="5291844" />
  <finalization candidates="18" enqueued="0" />
  <references type="soft" candidates="45" cleared="0" enqueued="0" dynamicThreshold="9" maxThreshold="32" />
  <references type="weak" candidates="165" cleared="0" enqueued="0" />
  <references type="phantom" candidates="57" cleared="0" enqueued="0" />
  <stringconstants candidates="3824" cleared="0"  />
</gc-op>
<gc-op id="597" type="sweep" timems="0.710" contextid="593" timestamp="2019-08-04T20:01:46.648" />
<gc-end id="598" type="global" contextid="593" durationms="4.401" usertimems="13.315" systemtimems="0.000" timestamp="2019-08-04T20:01:46.648" activeThreads="5">
  <mem-info id="599" free="3691424" total="12058624" percent="30">
    <mem type="tenure" free="3691424" total="12058624" percent="30" micro-fragmented="1467282" macro-fragmented="0">
      <mem type="soa" free="3571616" total="11938816" percent="29" />
      <mem type="loa" free="119808" total="119808" percent="100" />
    </mem>
  </mem-info>
</gc-end>
<cycle-end id="600" type="global" contextid="593" timestamp="2019-08-04T20:01:46.648">
  <attribute name="GC Util" value="263" />
  <attribute name="CPU Util" value="5131462058634" />
  <attribute name="Time Running"value="54260"/>
  <attribute name="Number of cores"value="16"/>
</cycle-end>
<allocation-satisfied id="601" threadId="0000000001EEC700" bytesRequested="24" />
<af-end id="602" timestamp="2019-08-04T20:01:46.648" threadId="0000000001EED088" success="true" />
<exclusive-end id="603" timestamp="2019-08-04T20:01:46.648" durationms="4.587" />

<exclusive-start id="604" timestamp="2019-08-04T20:01:47.969" intervalms="1325.094">
  <response-info timems="0.081" idlems="0.045" threads="1" lastid="0000000001ED2400" lastname="node-3" />
</exclusive-start>
<af-start id="605" threadId="0000000001EF8488" totalBytesRequested="16" timestamp="2019-08-04T20:01:47.969" intervalms="1325.112" />
<cycle-start id="606" type="global" contextid="0" timestamp="2019-08-04T20:01:47.969" intervalms="1325.098" />
  <attribute name="GC Util" value="263" />
  <attribute name="CPU Util" value="5131462058634" />
  <attribute name="Time Running"value="54260"/>
  <attribute name="Number of cores"value="16"/>
<gc-start id="607" type="global" contextid="606" timestamp="2019-08-04T20:01:47.969">
  <mem-info id="608" free="119808" total="12058624" percent="0">
    <mem type="tenure" free="119808" total="12058624" percent="0">
      <mem type="soa" free="0" total="11938816" percent="0" />
      <mem type="loa" free="119808" total="119808" percent="100" />
    </mem>
  </mem-info>
</gc-start>
<allocation-stats totalBytes="3558576" >
  <allocated-bytes non-tlh="0" tlh="3558576" />
  <largest-consumer threadName="node-16" threadId="0000000001F06A00" bytes="234536" />
</allocation-stats>
<gc-op id="609" type="mark" timems="3.263" contextid="606" timestamp="2019-08-04T20:01:47.972">
  <trace-info objectcount="144351" scancount="134820" scanbytes="5291284" />
  <finalization candidates="18" enqueued="0" />
  <references type="soft" candidates="45" cleared="0" enqueued="0" dynamicThreshold="9" maxThreshold="32" />
  <references type="weak" candidates="165" cleared="0" enqueued="0" />
  <references type="phantom" candidates="57" cleared="0" enqueued="0" />
  <stringconstants candidates="3824" cleared="0"  />
</gc-op>
<gc-op id="610" type="sweep" timems="0.951" contextid="606" timestamp="2019-08-04T20:01:47.973" />
<gc-end id="611" type="global" contextid="606" durationms="4.349" usertimems="13.044" systemtimems="1.476" timestamp="2019-08-04T20:01:47.973" activeThreads="5">
  <mem-info id="612" free="3685536" total="12058624" percent="30">
    <mem type="tenure" free="3685536" total="12058624" percent="30" micro-fragmented="1467282" macro-fragmented="0">
      <mem type="soa" free="3565728" total="11938816" percent="29" />
      <mem type="loa" free="119808" total="119808" percent="100" />
    </mem>
  </mem-info>
</gc-end>
<cycle-end id="613" type="global" contextid="606" timestamp="2019-08-04T20:01:47.973">
  <attribute name="GC Util" value="272" />
  <attribute name="CPU Util" value="5610569323572" />
  <attribute name="Time Running"value="55585"/>
  <attribute name="Number of cores"value="16"/>
</cycle-end>
<allocation-satisfied id="614" threadId="0000000001EF7B00" bytesRequested="16" />
<af-end id="615" timestamp="2019-08-04T20:01:47.973" threadId="0000000001EF8488" success="true" />
<exclusive-end id="616" timestamp="2019-08-04T20:01:47.973" durationms="4.718" />

<exclusive-start id="617" timestamp="2019-08-04T20:01:49.259" intervalms="1290.372">
  <response-info timems="0.483" idlems="0.483" threads="0" lastid="0000000001EFF200" lastname="node-5" />
</exclusive-start>
<af-start id="618" threadId="0000000001EFFB88" totalBytesRequested="32" timestamp="2019-08-04T20:01:49.259" intervalms="1290.358" />
<cycle-start id="619" type="global" contextid="0" timestamp="2019-08-04T20:01:49.259" intervalms="1290.378" />
  <attribute name="GC Util" value="272" />
  <attribute name="CPU Util" value="5610569323572" />
  <attribute name="Time Running"value="55585"/>
  <attribute name="Number of cores"value="16"/>
<gc-start id="620" type="global" contextid="619" timestamp="2019-08-04T20:01:49.259">
  <mem-info id="621" free="119808" total="12058624" percent="0">
    <mem type="tenure" free="119808" total="12058624" percent="0">
      <mem type="soa" free="0" total="11938816" percent="0" />
      <mem type="loa" free="119808" total="119808" percent="100" />
    </mem>
  </mem-info>
</gc-start>
<allocation-stats totalBytes="3553592" >
  <allocated-bytes non-tlh="0" tlh="3553592" />
  <largest-consumer threadName="node-7" threadId="0000000001F19600" bytes="248496" />
</allocation-stats>
<gc-op id="622" type="mark" timems="4.586" contextid="619" timestamp="2019-08-04T20:01:49.264">
  <trace-info objectcount="144288" scancount="134770" scanbytes="5290188" />
  <finalization candidates="18" enqueued="0" />
  <references type="soft" candidates="45" cleared="0" enqueued="0" dynamicThreshold="9" maxThreshold="32" />
  <references type="weak" candidates="165" cleared="0" enqueued="0" />
  <references type="phantom" candidates="57" cleared="0" enqueued="0" />
  <stringconstants candidates="3824" cleared="0"  />
</gc-op>
<gc-op id="623" type="sweep" timems="1.412" contextid="619" timestamp="2019-08-04T20:01:49.265" />
<gc-end id="624" type="global" contextid="619" durationms="6.216" usertimems="12.951" systemtimems="3.999" timestamp="2019-08-04T20:01:49.265" activeThreads="5">
  <mem-info id="625" free="3693216" total="12058624" percent="30">
    <mem type="tenure" free="3693216" total="12058624" percent="30" micro-fragmented="1467282" macro-fragmented="0">
      <mem type="soa" free="3573408" total="11938816" percent="29" />
      <mem type="loa" free="119808" total="119808" percent="100" />
    </mem>
  </mem-info>
</gc-end>
<cycle-end id="626" type="global" contextid="619" timestamp="2019-08-04T20:01:49.265">
  <attribute name="GC Util" value="243" />
  <attribute name="CPU Util" value="4015580156178" />
  <attribute name="Time Running"value="56877"/>
  <attribute name="Number of cores"value="16"/>
</cycle-end>
<allocation-satisfied id="627" threadId="0000000001EFF200" bytesRequested="32" />
<af-end id="628" timestamp="2019-08-04T20:01:49.265" threadId="0000000001EFFB88" success="true" />
<exclusive-end id="629" timestamp="2019-08-04T20:01:49.265" durationms="6.447" />

<exclusive-start id="630" timestamp="2019-08-04T20:01:50.203" intervalms="943.862">
  <response-info timems="0.103" idlems="0.103" threads="0" lastid="0000000001F06A00" lastname="node-16" />
</exclusive-start>
<af-start id="631" threadId="0000000001F07388" totalBytesRequested="24" timestamp="2019-08-04T20:01:50.203" intervalms="943.868" />
<cycle-start id="632" type="global" contextid="0" timestamp="2019-08-04T20:01:50.203" intervalms="943.848" />
  <attribute name="GC Util" value="243" />
  <attribute name="CPU Util" value="4015580156178" />
  <attribute name="Time Running"value="56877"/>
  <attribute name="Number of cores"value="16"/>
<gc-start id="633" type="global" contextid="632" timestamp="2019-08-04T20:01:50.203">
  <mem-info id="634" free="119808" total="12058624" percent="0">
    <mem type="tenure" free="119808" total="12058624" percent="0">
      <mem type="soa" free="0" total="11938816" percent="0" />
      <mem type="loa" free="119808" total="119808" percent="100" />
    </mem>
  </mem-info>
</gc-start>
<allocation-stats totalBytes="3563544" >
  <allocated-bytes non-tlh="0" tlh="3563544" />
  <largest-consumer threadName="node-25" threadId="0000000001ED9B00" bytes="211656" />
</allocation-stats>
<gc-op id="635" type="mark" timems="4.891" contextid="632" timestamp="2019-08-04T20:01:50.208">
  <trace-info objectcount="144277" scancount="134759" scanbytes="5289924" />
  <finalization candidates="18" enqueued="0" />
  <references type="soft" candidates="45" cleared="0" enqueued="0" dynamicThreshold="9" maxThreshold="32" />
  <references type="weak" candidates="165" cleared="0" enqueued="0" />
  <references type="phantom" candidates="57" cleared="0" enqueued="0" />
  <stringconstants candidates="3824" cleared="0"  />
</gc-op>
<gc-op id="636" type="sweep" timems="1.004" contextid="632" timestamp="2019-08-04T20:01:50.209" />
<gc-end id="637" type="global" contextid="632" durationms="6.020" usertimems="15.545" systemtimems="1.332" timestamp="2019-08-04T20:01:50.209" activeThreads="5">
  <mem-info id="638" free="3694312" total="12058624" percent="30">
    <mem type="tenure" free="3694312" total="12058624" percent="30" micro-fragmented="1467282" macro-fragmented="0">
      <mem type="soa" free="3574504" total="11938816" percent="29" />
      <mem type="loa" free="119808" total="119808" percent="100" />
    </mem>
  </mem-info>
</gc-end>
<cycle-end id="639" type="global" contextid="632" timestamp="2019-08-04T20:01:50.209">
  <attribute name="GC Util" value="221" />
  <attribute name="CPU Util" value="3839005522669" />
  <attribute name="Time Running"value="57821"/>
  <attribute name="Number of cores"value="16"/>
</cycle-end>
<allocation-satisfied id="640" threadId="0000000001F06A00" bytesRequested="24" />
<af-end id="641" timestamp="2019-08-04T20:01:50.209" threadId="0000000001F07388" success="true" />
<exclusive-end id="642" timestamp="2019-08-04T20:01:50.209" durationms="6.225" />

<exclusive-start id="643" timestamp="2019-08-04T20:01:51.729" intervalms="1526.436">
  <response-info timems="0.046" idlems="0.046" threads="0" lastid="0000000001EFB700" lastname="node-2" />
</exclusive-start>
<af-start id="644" threadId="0000000001EFC088" totalBytesRequested="32" timestamp="2019-08-04T20:01:51.729" intervalms="1526.432" />
<cycle-start id="645" type="global" contextid="0" timestamp="2019-08-04T20:01:51.729" intervalms="1526.440" />
  <attribute name="GC Util" value="221" />
  <attribute name="CPU Util" value="3839005522669" />
  <attribute name="Time Running"value="57821"/>
  <attribute name="Number of cores"value="16"/>
<gc-start id="646" type="global" contextid="645" timestamp="2019-08-04T20:01:51.729">
  <mem-info id="647" free="119808" total="12058624" percent="0">
    <mem type="tenure" free="119808" total="12058624" percent="0">
      <mem type="soa" free="0" total="11938816" percent="0" />
      <mem type="loa" free="119808" total="119808" percent="100" />
    </mem>
  </mem-info>
</gc-start>
<allocation-stats totalBytes="3564784" >
  <allocated-bytes non-tlh="0" tlh="3564784" />
  <largest-consumer threadName="node-12" threadId="0000000001EF7B00" bytes="227432" />
</allocation-stats>
<gc-op id="648" type="mark" timems="4.070" contextid="645" timestamp="2019-08-04T20:01:51.734">
  <trace-info objectcount="144231" scancount="134713" scanbytes="5288820" />
  <finalization candidates="18" enqueued="0" />
  <references type="soft" candidates="45" cleared="0" enqueued="0" dynamicThreshold="9" maxThreshold="32" />
  <references type="weak" candidates="165" cleared="0" enqueued="0" />
  <references type="phantom" candidates="57" cleared="0" enqueued="0" />
  <stringconstants candidates="3824" cleared="0"  />
</gc-op>
<gc-op id="649" type="sweep" timems="1.299" contextid="645" timestamp="2019-08-04T20:01:51.735" />
<gc-end id="650" type="global" contextid="645" durationms="5.586" usertimems="17.027" systemtimems="0.000" timestamp="2019-08-04T20:01:51.735" activeThreads="5">
  <mem-info id="651" free="3698712" total="12058624" percent="30">
    <mem type="tenure" free="3698712" total="12058624" percent="30" micro-fragmented="1467282" macro-fragmented="0">
      <mem type="soa" free="3578904" total="11938816" percent="29" />
      <mem type="loa" free="119808" total="119808" percent="100" />
    </mem>
  </mem-info>
</gc-end>
<cycle-end id="652" type="global" contextid="645" timestamp="2019-08-04T20:01:51.735">
  <attribute name="GC Util" value="303" />
  <attribute name="CPU Util" value="4524790789284" />
  <attribute name="Time Running"value="59347"/>
  <attribute name="Number of cores"value="16"/>
</cycle-end>
<allocation-satisfied id="653" threadId="0000000001EFB700" bytesRequested="32" />
<af-end id="654" timestamp="2019-08-04T20:01:51.735" threadId="0000000001EFC088" success="true" />
<exclusive-end id="655" timestamp="2019-08-04T20:01:51.735" durationms="5.892" />

<exclusive-start id="656" timestamp="2019-08-04T20:01:53.142" intervalms="1413.012">
  <response-info timems="0.025" idlems="0.025" threads="0" lastid="0000000001F11E00" lastname="node-21" />
</exclusive-start>
<af-start id="657" threadId="0000000001F12788" totalBytesRequested="376" timestamp="2019-08-04T20:01:53.142" intervalms="1413.015" />
<cycle-start id="658" type="global" contextid="0" timestamp="2019-08-04T20:01:53.142" intervalms="1413.007" />
  <attribute name="GC Util" value="303" />
  <attribute name="CPU Util" value="4524790789284" />
  <attribute name="Time Running"value="59347"/>
  <attribute name="Number of cores"value="16"/>
<gc-start id="659" type="global" contextid="658" timestamp="2019-08-04T20:01:53.142">
  <mem-info id="660" free="119808" total="12058624" percent="0">
    <mem type="tenure" free="119808" total="12058624" percent="0">
      <mem type="soa" free="0" total="11938816" percent="0" />
      <mem type="loa" free="119808" total="119808" percent="100" />
    </mem>
  </mem-info>
</gc-start>
<allocation-stats totalBytes="3564632" >
  <allocated-bytes non-tlh="0" tlh="3564632" />
  <largest-consumer threadName="node-13" threadId="0000000001F2C100" bytes="222960" />
</allocation-stats>
<gc-op id="661" type="mark" timems="4.888" contextid="658" timestamp="2019-08-04T20:01:53.147">
  <trace-info objectcount="144218" scancount="134687" scanbytes="5288356" />
  <finalization candidates="18" enqueued="0" />
  <references type="soft" candidates="45" cleared="0" enqueued="0" dynamicThreshold="9" maxThreshold="32" />
  <references type="weak" candidates="165" cleared="0" enqueued="0" />
  <references type="phantom" candidates="57" cleared="0" enqueued="0" />
  <stringconstants candidates="3824" cleared="0"  />
</gc-op>
<gc-op id="662" type="sweep" timems="1.254" contextid="658" timestamp="2019-08-04T20:01:53.149" />
<gc-end id="663" type="global" contextid="658" durationms="6.278" usertimems="19.375" systemtimems="0.000" timestamp="2019-08-04T20:01:53.149" activeThreads="5">
  <mem-info id="664" free="3693048" total="12058624" percent="30">
    <mem type="tenure" free="3693048" total="12058624" percent="30" micro-fragmented="1467282" macro-fragmented="0">
      <mem type="soa" free="3573240" total="11938816" percent="29" />
      <mem type="loa" free="119808" total="119808" percent="100" />
    </mem>
  </mem-info>
</gc-end>
<cycle-end id="665" type="global" contextid="658" timestamp="2019-08-04T20:01:53.149">
  <attribute name="GC Util" value="322" />
  <attribute name="CPU Util" value="3752570610271" />
  <attribute name="Time Running"value="60761"/>
  <attribute name="Number of cores"value="16"/>
</cycle-end>
<allocation-satisfied id="666" threadId="0000000001F11E00" bytesRequested="376" />
<af-end id="667" timestamp="2019-08-04T20:01:53.149" threadId="0000000001F12788" success="true" />
<exclusive-end id="668" timestamp="2019-08-04T20:01:53.149" durationms="6.467" />

<exclusive-start id="669" timestamp="2019-08-04T20:01:54.573" intervalms="1431.154">
  <response-info timems="0.364" idlems="0.364" threads="0" lastid="0000000001F19600" lastname="node-7" />
</exclusive-start>
<af-start id="670" threadId="0000000001F19F88" totalBytesRequested="368" timestamp="2019-08-04T20:01:54.574" intervalms="1431.156" />
<cycle-start id="671" type="global" contextid="0" timestamp="2019-08-04T20:01:54.574" intervalms="1431.159" />
  <attribute name="GC Util" value="322" />
  <attribute name="CPU Util" value="3752570610271" />
  <attribute name="Time Running"value="60761"/>
  <attribute name="Number of cores"value="16"/>
<gc-start id="672" type="global" contextid="671" timestamp="2019-08-04T20:01:54.574">
  <mem-info id="673" free="119808" total="12058624" percent="0">
    <mem type="tenure" free="119808" total="12058624" percent="0">
      <mem type="soa" free="0" total="11938816" percent="0" />
      <mem type="loa" free="119808" total="119808" percent="100" />
    </mem>
  </mem-info>
</gc-start>
<allocation-stats totalBytes="3560824" >
  <allocated-bytes non-tlh="0" tlh="3560824" />
  <largest-consumer threadName="node-21" threadId="0000000001F11E00" bytes="237016" />
</allocation-stats>
<gc-op id="674" type="mark" timems="3.753" contextid="671" timestamp="2019-08-04T20:01:54.577">
  <trace-info objectcount="144197" scancount="134675" scanbytes="5287684" />
  <finalization candidates="18" enqueued="0" />
  <references type="soft" candidates="45" cleared="0" enqueued="0" dynamicThreshold="9" maxThreshold="32" />
  <references type="weak" candidates="165" cleared="0" enqueued="0" />
  <references type="phantom" candidates="57" cleared="0" enqueued="0" />
  <stringconstants candidates="3824" cleared="0"  />
</gc-op>
<gc-op id="675" type="sweep" timems="0.963" contextid="671" timestamp="2019-08-04T20:01:54.578" />
<gc-end id="676" type="global" contextid="671" durationms="4.834" usertimems="14.536" systemtimems="0.000" timestamp="2019-08-04T20:01:54.578" activeThreads="5">
  <mem-info id="677" free="3690432" total="12058624" percent="30">
    <mem type="tenure" free="3690432" total="12058624" percent="30" micro-fragmented="1467282" macro-fragmented="0">
      <mem type="soa" free="3570624" total="11938816" percent="29" />
      <mem type="loa" free="119808" total="119808" percent="100" />
    </mem>
  </mem-info>
</gc-end>
<cycle-end id="678" type="global" contextid="671" timestamp="2019-08-04T20:01:54.579">
  <attribute name="GC Util" value="260" />
  <attribute name="CPU Util" value="4935376361991" />
  <attribute name="Time Running"value="62191"/>
  <attribute name="Number of cores"value="16"/>
</cycle-end>
<allocation-satisfied id="679" threadId="0000000001F19600" bytesRequested="368" />
<af-end id="680" timestamp="2019-08-04T20:01:54.579" threadId="0000000001F19F88" success="true" />
<exclusive-end id="681" timestamp="2019-08-04T20:01:54.579" durationms="5.102" />

<exclusive-start id="682" timestamp="2019-08-04T20:01:55.823" intervalms="1249.044">
  <response-info timems="0.316" idlems="0.144" threads="4" lastid="0000000001ED2400" lastname="node-3" />
</exclusive-start>
<af-start id="683" threadId="0000000001EE9488" totalBytesRequested="128" timestamp="2019-08-04T20:01:55.823" intervalms="1249.056" />
<cycle-start id="684" type="global" contextid="0" timestamp="2019-08-04T20:01:55.823" intervalms="1249.058" />
  <attribute name="GC Util" value="260" />
  <attribute name="CPU Util" value="4935376361991" />
  <attribute name="Time Running"value="62191"/>
  <attribute name="Number of cores"value="16"/>
<gc-start id="685" type="global" contextid="684" timestamp="2019-08-04T20:01:55.823">
  <mem-info id="686" free="119808" total="12058624" percent="0">
    <mem type="tenure" free="119808" total="12058624" percent="0">
      <mem type="soa" free="0" total="11938816" percent="0" />
      <mem type="loa" free="119808" total="119808" percent="100" />
    </mem>
  </mem-info>
</gc-start>
<allocation-stats totalBytes="3557632" >
  <allocated-bytes non-tlh="0" tlh="3557632" />
  <largest-consumer threadName="node-12" threadId="0000000001EF7B00" bytes="241616" />
</allocation-stats>
<gc-op id="687" type="mark" timems="3.303" contextid="684" timestamp="2019-08-04T20:01:55.826">
  <trace-info objectcount="144141" scancount="134646" scanbytes="5286628" />
  <finalization candidates="18" enqueued="0" />
  <references type="soft" candidates="45" cleared="0" enqueued="0" dynamicThreshold="9" maxThreshold="32" />
  <references type="weak" candidates="165" cleared="0" enqueued="0" />
  <references type="phantom" candidates="57" cleared="0" enqueued="0" />
  <stringconstants candidates="3824" cleared="0"  />
</gc-op>
<gc-op id="688" type="sweep" timems="1.060" contextid="684" timestamp="2019-08-04T20:01:55.827" />
<gc-end id="689" type="global" contextid="684" durationms="4.502" usertimems="13.319" systemtimems="0.000" timestamp="2019-08-04T20:01:55.827" activeThreads="5">
  <mem-info id="690" free="3699080" total="12058624" percent="30">
    <mem type="tenure" free="3699080" total="12058624" percent="30" micro-fragmented="1467282" macro-fragmented="0">
      <mem type="soa" free="3579272" total="11938816" percent="29" />
      <mem type="loa" free="119808" total="119808" percent="100" />
    </mem>
  </mem-info>
</gc-end>
<cycle-end id="691" type="global" contextid="684" timestamp="2019-08-04T20:01:55.827">
  <attribute name="GC Util" value="266" />
  <attribute name="CPU Util" value="5599772935647" />
  <attribute name="Time Running"value="63439"/>
  <attribute name="Number of cores"value="16"/>
</cycle-end>
<allocation-satisfied id="692" threadId="0000000001EE8B00" bytesRequested="128" />
<af-end id="693" timestamp="2019-08-04T20:01:55.827" threadId="0000000001EE9488" success="true" />
<exclusive-end id="694" timestamp="2019-08-04T20:01:55.827" durationms="4.836" />

<exclusive-start id="695" timestamp="2019-08-04T20:01:57.023" intervalms="1200.022">
  <response-info timems="0.023" idlems="0.023" threads="0" lastid="0000000001F0E200" lastname="node-20" />
</exclusive-start>
<af-start id="696" threadId="0000000001F0EB88" totalBytesRequested="24" timestamp="2019-08-04T20:01:57.023" intervalms="1200.015" />
<cycle-start id="697" type="global" contextid="0" timestamp="2019-08-04T20:01:57.023" intervalms="1200.046" />
  <attribute name="GC Util" value="266" />
  <attribute name="CPU Util" value="5599772935647" />
  <attribute name="Time Running"value="63439"/>
  <attribute name="Number of cores"value="16"/>
<gc-start id="698" type="global" contextid="697" timestamp="2019-08-04T20:01:57.023">
  <mem-info id="699" free="119808" total="12058624" percent="0">
    <mem type="tenure" free="119808" total="12058624" percent="0">
      <mem type="soa" free="0" total="11938816" percent="0" />
      <mem type="loa" free="119808" total="119808" percent="100" />
    </mem>
  </mem-info>
</gc-start>
<allocation-stats totalBytes="3565800" >
  <allocated-bytes non-tlh="0" tlh="3565800" />
  <largest-consumer threadName="node-21" threadId="0000000001F11E00" bytes="248104" />
</allocation-stats>
<gc-op id="700" type="mark" timems="4.023" contextid="697" timestamp="2019-08-04T20:01:57.027">
  <trace-info objectcount="144121" scancount="134602" scanbytes="5286244" />
  <finalization candidates="18" enqueued="0" />
  <references type="soft" candidates="45" cleared="0" enqueued="0" dynamicThreshold="9" maxThreshold="32" />
  <references type="weak" candidates="165" cleared="0" enqueued="0" />
  <references type="phantom" candidates="57" cleared="0" enqueued="0" />
  <stringconstants candidates="3824" cleared="0"  />
</gc-op>
<gc-op id="701" type="sweep" timems="1.108" contextid="697" timestamp="2019-08-04T20:01:57.028" />
<gc-end id="702" type="global" contextid="697" durationms="5.283" usertimems="14.080" systemtimems="1.051" timestamp="2019-08-04T20:01:57.028" activeThreads="5">
  <mem-info id="703" free="3701520" total="12058624" percent="30">
    <mem type="tenure" free="3701520" total="12058624" percent="30" micro-fragmented="1467282" macro-fragmented="0">
      <mem type="soa" free="3581712" total="11938816" percent="30" />
      <mem type="loa" free="119808" total="119808" percent="100" />
    </mem>
  </mem-info>
</gc-end>
<cycle-end id="704" type="global" contextid="697" timestamp="2019-08-04T20:01:57.028">
  <attribute name="GC Util" value="293" />
  <attribute name="CPU Util" value="4586617841231" />
  <attribute name="Time Running"value="64640"/>
  <attribute name="Number of cores"value="16"/>
</cycle-end>
<allocation-satisfied id="705" threadId="0000000001F0E200" bytesRequested="24" />
<af-end id="706" timestamp="2019-08-04T20:01:57.028" threadId="0000000001F0EB88" success="true" />
<exclusive-end id="707" timestamp="2019-08-04T20:01:57.028" durationms="5.523" />

<exclusive-start id="708" timestamp="2019-08-04T20:01:58.392" intervalms="1369.729">
  <response-info timems="0.241" idlems="0.241" threads="0" lastid="0000000001EF0300" lastname="node-15" />
</exclusive-start>
<af-start id="709" threadId="0000000001EF0C88" totalBytesRequested="32" timestamp="2019-08-04T20:01:58.392" intervalms="1369.781" />
<cycle-start id="710" type="global" contextid="0" timestamp="2019-08-04T20:01:58.392" intervalms="1369.756" />
  <attribute name="GC Util" value="293" />
  <attribute name="CPU Util" value="4586617841231" />
  <attribute name="Time Running"value="64640"/>
  <attribute name="Number of cores"value="16"/>
<gc-start id="711" type="global" contextid="710" timestamp="2019-08-04T20:01:58.393">
  <mem-info id="712" free="119808" total="12058624" percent="0">
    <mem type="tenure" free="119808" total="12058624" percent="0">
      <mem type="soa" free="0" total="11938816" percent="0" />
      <mem type="loa" free="119808" total="119808" percent="100" />
    </mem>
  </mem-info>
</gc-start>
<allocation-stats totalBytes="3576400" >
  <allocated-bytes non-tlh="0" tlh="3576400" />
  <largest-consumer threadName="node-0" threadId="0000000001F24900" bytes="231056" />
</allocation-stats>
<gc-op id="713" type="mark" timems="5.764" contextid="710" timestamp="2019-08-04T20:01:58.398">
  <trace-info objectcount="144086" scancount="134594" scanbytes="5285340" />
  <finalization candidates="18" enqueued="0" />
  <references type="soft" candidates="45" cleared="0" enqueued="0" dynamicThreshold="9" maxThreshold="32" />
  <references type="weak" candidates="165" cleared="0" enqueued="0" />
  <references type="phantom" candidates="57" cleared="0" enqueued="0" />
  <stringconstants candidates="3824" cleared="0"  />
</gc-op>
<gc-op id="714" type="sweep" timems="1.010" contextid="710" timestamp="2019-08-04T20:01:58.399" />
<gc-end id="715" type="global" contextid="710" durationms="6.898" usertimems="19.478" systemtimems="0.000" timestamp="2019-08-04T20:01:58.399" activeThreads="5">
  <mem-info id="716" free="3701872" total="12058624" percent="30">
    <mem type="tenure" free="3701872" total="12058624" percent="30" micro-fragmented="1467282" macro-fragmented="0">
      <mem type="soa" free="3582064" total="11938816" percent="30" />
      <mem type="loa" free="119808" total="119808" percent="100" />
    </mem>
  </mem-info>
</gc-end>
<cycle-end id="717" type="global" contextid="710" timestamp="2019-08-04T20:01:58.400">
  <attribute name="GC Util" value="228" />
  <attribute name="CPU Util" value="3221082062962" />
  <attribute name="Time Running"value="66012"/>
  <attribute name="Number of cores"value="16"/>
</cycle-end>
<allocation-satisfied id="718" threadId="0000000001EF0300" bytesRequested="32" />
<af-end id="719" timestamp="2019-08-04T20:01:58.400" threadId="0000000001EF0C88" success="true" />
<exclusive-end id="720" timestamp="2019-08-04T20:01:58.400" durationms="7.239" />

<exclusive-start id="721" timestamp="2019-08-04T20:01:59.449" intervalms="1056.651">
  <response-info timems="0.249" idlems="0.249" threads="0" lastid="0000000001EDD700" lastname="node-11" />
</exclusive-start>
<af-start id="722" threadId="0000000001EDE088" totalBytesRequested="24" timestamp="2019-08-04T20:01:59.449" intervalms="1056.588" />
<cycle-start id="723" type="global" contextid="0" timestamp="2019-08-04T20:01:59.449" intervalms="1056.576" />
  <attribute name="GC Util" value="228" />
  <attribute name="CPU Util" value="3221082062962" />
  <attribute name="Time Running"value="66012"/>
  <attribute name="Number of cores"value="16"/>
<gc-start id="724" type="global" contextid="723" timestamp="2019-08-04T20:01:59.449">
  <mem-info id="725" free="119808" total="12058624" percent="0">
    <mem type="tenure" free="119808" total="12058624" percent="0">
      <mem type="soa" free="0" total="11938816" percent="0" />
      <mem type="loa" free="119808" total="119808" percent="100" />
    </mem>
  </mem-info>
</gc-start>
<allocation-stats totalBytes="3570208" >
  <allocated-bytes non-tlh="0" tlh="3570208" />
  <largest-consumer threadName="node-23" threadId="0000000001F20E00" bytes="228864" />
</allocation-stats>
<gc-op id="726" type="mark" timems="3.180" contextid="723" timestamp="2019-08-04T20:01:59.452">
  <trace-info objectcount="144059" scancount="134541" scanbytes="5284692" />
  <finalization candidates="18" enqueued="0" />
  <references type="soft" candidates="45" cleared="0" enqueued="0" dynamicThreshold="9" maxThreshold="32" />
  <references type="weak" candidates="165" cleared="0" enqueued="0" />
  <references type="phantom" candidates="57" cleared="0" enqueued="0" />
  <stringconstants candidates="3824" cleared="0"  />
</gc-op>
<gc-op id="727" type="sweep" timems="0.912" contextid="723" timestamp="2019-08-04T20:01:59.453" />
<gc-end id="728" type="global" contextid="723" durationms="4.199" usertimems="11.415" systemtimems="0.533" timestamp="2019-08-04T20:01:59.453" activeThreads="5">
  <mem-info id="729" free="3703216" total="12058624" percent="30">
    <mem type="tenure" free="3703216" total="12058624" percent="30" micro-fragmented="1495250" macro-fragmented="0">
      <mem type="soa" free="3583408" total="11938816" percent="30" />
      <mem type="loa" free="119808" total="119808" percent="100" />
    </mem>
  </mem-info>
</gc-end>
<cycle-end id="730" type="global" contextid="723" timestamp="2019-08-04T20:01:59.453">
  <attribute name="GC Util" value="297" />
  <attribute name="CPU Util" value="5777560067554" />
  <attribute name="Time Running"value="67065"/>
  <attribute name="Number of cores"value="16"/>
</cycle-end>
<allocation-satisfied id="731" threadId="0000000001EDD700" bytesRequested="24" />
<af-end id="732" timestamp="2019-08-04T20:01:59.453" threadId="0000000001EDE088" success="true" />
<exclusive-end id="733" timestamp="2019-08-04T20:01:59.453" durationms="4.373" />

<exclusive-start id="734" timestamp="2019-08-04T20:02:00.551" intervalms="1102.555">
  <response-info timems="0.080" idlems="0.080" threads="0" lastid="0000000001F06A00" lastname="node-16" />
</exclusive-start>
<af-start id="735" threadId="0000000001F07388" totalBytesRequested="32" timestamp="2019-08-04T20:02:00.552" intervalms="1102.562" />
<cycle-start id="736" type="global" contextid="0" timestamp="2019-08-04T20:02:00.552" intervalms="1102.564" />
  <attribute name="GC Util" value="297" />
  <attribute name="CPU Util" value="5777560067554" />
  <attribute name="Time Running"value="67065"/>
  <attribute name="Number of cores"value="16"/>
<gc-start id="737" type="global" contextid="736" timestamp="2019-08-04T20:02:00.552">
  <mem-info id="738" free="119808" total="12058624" percent="0">
    <mem type="tenure" free="119808" total="12058624" percent="0">
      <mem type="soa" free="0" total="11938816" percent="0" />
      <mem type="loa" free="119808" total="119808" percent="100" />
    </mem>
  </mem-info>
</gc-start>
<allocation-stats totalBytes="3572176" >
  <allocated-bytes non-tlh="1024" tlh="3571152" />
  <largest-consumer threadName="node-8" threadId="0000000001F28500" bytes="254784" />
</allocation-stats>
<gc-op id="739" type="mark" timems="3.926" contextid="736" timestamp="2019-08-04T20:02:00.556">
  <trace-info objectcount="144037" scancount="134519" scanbytes="5284164" />
  <finalization candidates="18" enqueued="0" />
  <references type="soft" candidates="45" cleared="0" enqueued="0" dynamicThreshold="9" maxThreshold="32" />
  <references type="weak" candidates="165" cleared="0" enqueued="0" />
  <references type="phantom" candidates="57" cleared="0" enqueued="0" />
  <stringconstants candidates="3824" cleared="0"  />
</gc-op>
<gc-op id="740" type="sweep" timems="1.439" contextid="736" timestamp="2019-08-04T20:02:00.557" />
<gc-end id="741" type="global" contextid="736" durationms="5.506" usertimems="18.109" systemtimems="0.000" timestamp="2019-08-04T20:02:00.557" activeThreads="5">
  <mem-info id="742" free="3701800" total="12058624" percent="30">
    <mem type="tenure" free="3701800" total="12058624" percent="30" micro-fragmented="1467282" macro-fragmented="0">
      <mem type="soa" free="3581992" total="11938816" percent="30" />
      <mem type="loa" free="119808" total="119808" percent="100" />
    </mem>
  </mem-info>
</gc-end>
<cycle-end id="743" type="global" contextid="736" timestamp="2019-08-04T20:02:00.557">
  <attribute name="GC Util" value="266" />
  <attribute name="CPU Util" value="4677316941746" />
  <attribute name="Time Running"value="68169"/>
  <attribute name="Number of cores"value="16"/>
</cycle-end>
<allocation-satisfied id="744" threadId="0000000001F06A00" bytesRequested="32" />
<af-end id="745" timestamp="2019-08-04T20:02:00.557" threadId="0000000001F07388" success="true" />
<exclusive-end id="746" timestamp="2019-08-04T20:02:00.557" durationms="5.744" />

<exclusive-start id="747" timestamp="2019-08-04T20:02:01.761" intervalms="1209.462">
  <response-info timems="0.224" idlems="0.224" threads="0" lastid="0000000001F02E00" lastname="node-10" />
</exclusive-start>
<af-start id="748" threadId="0000000001F03788" totalBytesRequested="16" timestamp="2019-08-04T20:02:01.761" intervalms="1209.470" />
<cycle-start id="749" type="global" contextid="0" timestamp="2019-08-04T20:02:01.761" intervalms="1209.490" />
  <attribute name="GC Util" value="266" />
  <attribute name="CPU Util" value="4677316941746" />
  <attribute name="Time Running"value="68169"/>
  <attribute name="Number of cores"value="16"/>
<gc-start id="750" type="global" contextid="749" timestamp="2019-08-04T20:02:01.761">
  <mem-info id="751" free="119808" total="12058624" percent="0">
    <mem type="tenure" free="119808" total="12058624" percent="0">
      <mem type="soa" free="0" total="11938816" percent="0" />
      <mem type="loa" free="119808" total="119808" percent="100" />
    </mem>
  </mem-info>
</gc-start>
<allocation-stats totalBytes="3575256" >
  <allocated-bytes non-tlh="0" tlh="3575256" />
  <largest-consumer threadName="node-0" threadId="0000000001F24900" bytes="237344" />
</allocation-stats>
<gc-op id="752" type="mark" timems="3.296" contextid="749" timestamp="2019-08-04T20:02:01.764">
  <trace-info objectcount="144025" scancount="134499" scanbytes="5283604" />
  <finalization candidates="18" enqueued="0" />
  <references type="soft" candidates="45" cleared="0" enqueued="0" dynamicThreshold="9" maxThreshold="32" />
  <references type="weak" candidates="165" cleared="0" enqueued="0" />
  <references type="phantom" candidates="57" cleared="0" enqueued="0" />
  <stringconstants candidates="3824" cleared="0"  />
</gc-op>
<gc-op id="753" type="sweep" timems="0.810" contextid="749" timestamp="2019-08-04T20:02:01.765" />
<gc-end id="754" type="global" contextid="749" durationms="4.249" usertimems="13.741" systemtimems="0.000" timestamp="2019-08-04T20:02:01.765" activeThreads="5">
  <mem-info id="755" free="3699384" total="12058624" percent="30">
    <mem type="tenure" free="3699384" total="12058624" percent="30" micro-fragmented="1467282" macro-fragmented="0">
      <mem type="soa" free="3579576" total="11938816" percent="29" />
      <mem type="loa" free="119808" total="119808" percent="100" />
    </mem>
  </mem-info>
</gc-end>
<cycle-end id="756" type="global" contextid="749" timestamp="2019-08-04T20:02:01.765">
  <attribute name="GC Util" value="291" />
  <attribute name="CPU Util" value="5603726269230" />
  <attribute name="Time Running"value="69378"/>
  <attribute name="Number of cores"value="16"/>
</cycle-end>
<allocation-satisfied id="757" threadId="0000000001F02E00" bytesRequested="16" />
<af-end id="758" timestamp="2019-08-04T20:02:01.765" threadId="0000000001F03788" success="true" />
<exclusive-end id="759" timestamp="2019-08-04T20:02:01.765" durationms="4.485" />

<exclusive-start id="760" timestamp="2019-08-04T20:02:02.519" intervalms="757.543">
  <response-info timems="0.124" idlems="0.124" threads="0" lastid="0000000001F20E00" lastname="node-23" />
</exclusive-start>
<af-start id="761" threadId="0000000001F21788" totalBytesRequested="24" timestamp="2019-08-04T20:02:02.519" intervalms="757.541" />
<cycle-start id="762" type="global" contextid="0" timestamp="2019-08-04T20:02:02.519" intervalms="757.520" />
  <attribute name="GC Util" value="291" />
  <attribute name="CPU Util" value="5603726269230" />
  <attribute name="Time Running"value="69378"/>
  <attribute name="Number of cores"value="16"/>
<gc-start id="763" type="global" contextid="762" timestamp="2019-08-04T20:02:02.519">
  <mem-info id="764" free="119808" total="12058624" percent="0">
    <mem type="tenure" free="119808" total="12058624" percent="0">
      <mem type="soa" free="0" total="11938816" percent="0" />
      <mem type="loa" free="119808" total="119808" percent="100" />
    </mem>
  </mem-info>
</gc-start>
<allocation-stats totalBytes="3568304" >
  <allocated-bytes non-tlh="0" tlh="3568304" />
  <largest-consumer threadName="node-9" threadId="0000000001EE8B00" bytes="225608" />
</allocation-stats>
<gc-op id="765" type="mark" timems="3.707" contextid="762" timestamp="2019-08-04T20:02:02.522">
  <trace-info objectcount="143986" scancount="134468" scanbytes="5282940" />
  <finalization candidates="18" enqueued="0" />
  <references type="soft" candidates="45" cleared="0" enqueued="0" dynamicThreshold="9" maxThreshold="32" />
  <references type="weak" candidates="165" cleared="0" enqueued="0" />
  <references type="phantom" candidates="57" cleared="0" enqueued="0" />
  <stringconstants candidates="3824" cleared="0"  />
</gc-op>
<gc-op id="766" type="sweep" timems="1.083" contextid="762" timestamp="2019-08-04T20:02:02.523" />
<gc-end id="767" type="global" contextid="762" durationms="4.912" usertimems="15.960" systemtimems="0.000" timestamp="2019-08-04T20:02:02.524" activeThreads="5">
  <mem-info id="768" free="3703928" total="12058624" percent="30">
    <mem type="tenure" free="3703928" total="12058624" percent="30" micro-fragmented="1467282" macro-fragmented="0">
      <mem type="soa" free="3584120" total="11938816" percent="30" />
      <mem type="loa" free="119808" total="119808" percent="100" />
    </mem>
  </mem-info>
</gc-end>
<cycle-end id="769" type="global" contextid="762" timestamp="2019-08-04T20:02:02.524">
  <attribute name="GC Util" value="300" />
  <attribute name="CPU Util" value="4947911424295" />
  <attribute name="Time Running"value="70136"/>
  <attribute name="Number of cores"value="16"/>
</cycle-end>
<allocation-satisfied id="770" threadId="0000000001F20E00" bytesRequested="24" />
<af-end id="771" timestamp="2019-08-04T20:02:02.524" threadId="0000000001F21788" success="true" />
<exclusive-end id="772" timestamp="2019-08-04T20:02:02.524" durationms="5.124" />

<exclusive-start id="773" timestamp="2019-08-04T20:02:03.821" intervalms="1302.119">
  <response-info timems="0.197" idlems="0.124" threads="1" lastid="0000000001F15A00" lastname="node-6" />
</exclusive-start>
<af-start id="774" threadId="0000000001EF0C88" totalBytesRequested="32" timestamp="2019-08-04T20:02:03.821" intervalms="1302.112" />
<cycle-start id="775" type="global" contextid="0" timestamp="2019-08-04T20:02:03.821" intervalms="1302.112" />
  <attribute name="GC Util" value="300" />
  <attribute name="CPU Util" value="4947911424295" />
  <attribute name="Time Running"value="70136"/>
  <attribute name="Number of cores"value="16"/>
<gc-start id="776" type="global" contextid="775" timestamp="2019-08-04T20:02:03.821">
  <mem-info id="777" free="119808" total="12058624" percent="0">
    <mem type="tenure" free="119808" total="12058624" percent="0">
      <mem type="soa" free="0" total="11938816" percent="0" />
      <mem type="loa" free="119808" total="119808" percent="100" />
    </mem>
  </mem-info>
</gc-start>
<allocation-stats totalBytes="3572840" >
  <allocated-bytes non-tlh="0" tlh="3572840" />
  <largest-consumer threadName="node-20" threadId="0000000001F0E200" bytes="246464" />
</allocation-stats>
<gc-op id="778" type="mark" timems="3.357" contextid="775" timestamp="2019-08-04T20:02:03.824">
  <trace-info objectcount="143936" scancount="134459" scanbytes="5282260" />
  <finalization candidates="18" enqueued="0" />
  <references type="soft" candidates="45" cleared="0" enqueued="0" dynamicThreshold="9" maxThreshold="32" />
  <references type="weak" candidates="165" cleared="0" enqueued="0" />
  <references type="phantom" candidates="57" cleared="0" enqueued="0" />
  <stringconstants candidates="3824" cleared="0"  />
</gc-op>
<gc-op id="779" type="sweep" timems="1.680" contextid="775" timestamp="2019-08-04T20:02:03.826" />
<gc-end id="780" type="global" contextid="775" durationms="5.162" usertimems="13.933" systemtimems="0.000" timestamp="2019-08-04T20:02:03.826" activeThreads="5">
  <mem-info id="781" free="3711560" total="12058624" percent="30">
    <mem type="tenure" free="3711560" total="12058624" percent="30" micro-fragmented="1467282" macro-fragmented="0">
      <mem type="soa" free="3591752" total="11938816" percent="30" />
      <mem type="loa" free="119808" total="119808" percent="100" />
    </mem>
  </mem-info>
</gc-end>
<cycle-end id="782" type="global" contextid="775" timestamp="2019-08-04T20:02:03.826">
  <attribute name="GC Util" value="304" />
  <attribute name="CPU Util" value="5423981462784" />
  <attribute name="Time Running"value="71437"/>
  <attribute name="Number of cores"value="16"/>
</cycle-end>
<allocation-satisfied id="783" threadId="0000000001EF0300" bytesRequested="32" />
<af-end id="784" timestamp="2019-08-04T20:02:03.826" threadId="0000000001EF0C88" success="true" />
<exclusive-end id="785" timestamp="2019-08-04T20:02:03.826" durationms="5.361" />

<exclusive-start id="786" timestamp="2019-08-04T20:02:04.976" intervalms="1154.887">
  <response-info timems="0.674" idlems="0.674" threads="0" lastid="0000000001F11E00" lastname="node-21" />
</exclusive-start>
<af-start id="787" threadId="0000000001F12788" totalBytesRequested="24" timestamp="2019-08-04T20:02:04.976" intervalms="1154.896" />
<cycle-start id="788" type="global" contextid="0" timestamp="2019-08-04T20:02:04.976" intervalms="1154.903" />
  <attribute name="GC Util" value="304" />
  <attribute name="CPU Util" value="5423981462784" />
  <attribute name="Time Running"value="71437"/>
  <attribute name="Number of cores"value="16"/>
<gc-start id="789" type="global" contextid="788" timestamp="2019-08-04T20:02:04.976">
  <mem-info id="790" free="119808" total="12058624" percent="0">
    <mem type="tenure" free="119808" total="12058624" percent="0">
      <mem type="soa" free="0" total="11938816" percent="0" />
      <mem type="loa" free="119808" total="119808" percent="100" />
    </mem>
  </mem-info>
</gc-start>
<allocation-stats totalBytes="3580888" >
  <allocated-bytes non-tlh="0" tlh="3580888" />
  <largest-consumer threadName="node-7" threadId="0000000001F19600" bytes="236760" />
</allocation-stats>
<gc-op id="791" type="mark" timems="4.851" contextid="788" timestamp="2019-08-04T20:02:04.981">
  <trace-info objectcount="143950" scancount="134438" scanbytes="5282140" />
  <finalization candidates="18" enqueued="0" />
  <references type="soft" candidates="45" cleared="0" enqueued="0" dynamicThreshold="9" maxThreshold="32" />
  <references type="weak" candidates="165" cleared="0" enqueued="0" />
  <references type="phantom" candidates="57" cleared="0" enqueued="0" />
  <stringconstants candidates="3824" cleared="0"  />
</gc-op>
<gc-op id="792" type="sweep" timems="1.061" contextid="788" timestamp="2019-08-04T20:02:04.982" />
<gc-end id="793" type="global" contextid="788" durationms="6.049" usertimems="18.574" systemtimems="0.000" timestamp="2019-08-04T20:02:04.982" activeThreads="5">
  <mem-info id="794" free="3702440" total="12058624" percent="30">
    <mem type="tenure" free="3702440" total="12058624" percent="30" micro-fragmented="1467282" macro-fragmented="0">
      <mem type="soa" free="3582632" total="11938816" percent="30" />
      <mem type="loa" free="119808" total="119808" percent="100" />
    </mem>
  </mem-info>
</gc-end>
<cycle-end id="795" type="global" contextid="788" timestamp="2019-08-04T20:02:04.982">
  <attribute name="GC Util" value="324" />
  <attribute name="CPU Util" value="3802249761393" />
  <attribute name="Time Running"value="72594"/>
  <attribute name="Number of cores"value="16"/>
</cycle-end>
<allocation-satisfied id="796" threadId="0000000001F11E00" bytesRequested="24" />
<af-end id="797" timestamp="2019-08-04T20:02:04.982" threadId="0000000001F12788" success="true" />
<exclusive-end id="798" timestamp="2019-08-04T20:02:04.982" durationms="6.257" />

<exclusive-start id="799" timestamp="2019-08-04T20:02:06.592" intervalms="1616.564">
  <response-info timems="0.483" idlems="0.483" threads="0" lastid="0000000001F19600" lastname="node-7" />
</exclusive-start>
<af-start id="800" threadId="0000000001F19F88" totalBytesRequested="16" timestamp="2019-08-04T20:02:06.592" intervalms="1616.545" />
<cycle-start id="801" type="global" contextid="0" timestamp="2019-08-04T20:02:06.592" intervalms="1616.535" />
  <attribute name="GC Util" value="324" />
  <attribute name="CPU Util" value="3802249761393" />
  <attribute name="Time Running"value="72594"/>
  <attribute name="Number of cores"value="16"/>
<gc-start id="802" type="global" contextid="801" timestamp="2019-08-04T20:02:06.592">
  <mem-info id="803" free="119808" total="12058624" percent="0">
    <mem type="tenure" free="119808" total="12058624" percent="0">
      <mem type="soa" free="0" total="11938816" percent="0" />
      <mem type="loa" free="119808" total="119808" percent="100" />
    </mem>
  </mem-info>
</gc-start>
<allocation-stats totalBytes="3569552" >
  <allocated-bytes non-tlh="0" tlh="3569552" />
  <largest-consumer threadName="node-14" threadId="0000000001EEC700" bytes="247352" />
</allocation-stats>
<gc-op id="804" type="mark" timems="3.262" contextid="801" timestamp="2019-08-04T20:02:06.596">
  <trace-info objectcount="143910" scancount="134383" scanbytes="5280812" />
  <finalization candidates="18" enqueued="0" />
  <references type="soft" candidates="45" cleared="0" enqueued="0" dynamicThreshold="9" maxThreshold="32" />
  <references type="weak" candidates="165" cleared="0" enqueued="0" />
  <references type="phantom" candidates="57" cleared="0" enqueued="0" />
  <stringconstants candidates="3824" cleared="0"  />
</gc-op>
<gc-op id="805" type="sweep" timems="0.785" contextid="801" timestamp="2019-08-04T20:02:06.596" />
<gc-end id="806" type="global" contextid="801" durationms="4.153" usertimems="13.093" systemtimems="0.000" timestamp="2019-08-04T20:02:06.596" activeThreads="5">
  <mem-info id="807" free="3702240" total="12058624" percent="30">
    <mem type="tenure" free="3702240" total="12058624" percent="30" micro-fragmented="1467282" macro-fragmented="0">
      <mem type="soa" free="3582432" total="11938816" percent="30" />
      <mem type="loa" free="119808" total="119808" percent="100" />
    </mem>
  </mem-info>
</gc-end>
<cycle-end id="808" type="global" contextid="801" timestamp="2019-08-04T20:02:06.596">
  <attribute name="GC Util" value="283" />
  <attribute name="CPU Util" value="5637792404521" />
  <attribute name="Time Running"value="74209"/>
  <attribute name="Number of cores"value="16"/>
</cycle-end>
<allocation-satisfied id="809" threadId="0000000001F19600" bytesRequested="16" />
<af-end id="810" timestamp="2019-08-04T20:02:06.596" threadId="0000000001F19F88" success="true" />
<exclusive-end id="811" timestamp="2019-08-04T20:02:06.596" durationms="4.399" />

<exclusive-start id="812" timestamp="2019-08-04T20:02:07.673" intervalms="1081.007">
  <response-info timems="0.178" idlems="0.178" threads="0" lastid="0000000001ECE800" lastname="node-24" />
</exclusive-start>
<af-start id="813" threadId="0000000001ECF188" totalBytesRequested="16" timestamp="2019-08-04T20:02:07.674" intervalms="1082.379" />
<cycle-start id="814" type="global" contextid="0" timestamp="2019-08-04T20:02:07.675" intervalms="1082.412" />
  <attribute name="GC Util" value="283" />
  <attribute name="CPU Util" value="5637792404521" />
  <attribute name="Time Running"value="74209"/>
  <attribute name="Number of cores"value="16"/>
<gc-start id="815" type="global" contextid="814" timestamp="2019-08-04T20:02:07.675">
  <mem-info id="816" free="119808" total="12058624" percent="0">
    <mem type="tenure" free="119808" total="12058624" percent="0">
      <mem type="soa" free="0" total="11938816" percent="0" />
      <mem type="loa" free="119808" total="119808" percent="100" />
    </mem>
  </mem-info>
</gc-start>
<allocation-stats totalBytes="3575856" >
  <allocated-bytes non-tlh="0" tlh="3575856" />
  <largest-consumer threadName="node-8" threadId="0000000001F28500" bytes="256608" />
</allocation-stats>
<gc-op id="817" type="mark" timems="4.696" contextid="814" timestamp="2019-08-04T20:02:07.679">
  <trace-info objectcount="143870" scancount="134349" scanbytes="5280028" />
  <finalization candidates="18" enqueued="0" />
  <references type="soft" candidates="45" cleared="0" enqueued="0" dynamicThreshold="9" maxThreshold="32" />
  <references type="weak" candidates="165" cleared="0" enqueued="0" />
  <references type="phantom" candidates="57" cleared="0" enqueued="0" />
  <stringconstants candidates="3824" cleared="0"  />
</gc-op>
<gc-op id="818" type="sweep" timems="0.808" contextid="814" timestamp="2019-08-04T20:02:07.680" />
<gc-end id="819" type="global" contextid="814" durationms="5.640" usertimems="12.473" systemtimems="1.589" timestamp="2019-08-04T20:02:07.680" activeThreads="5">
  <mem-info id="820" free="3703192" total="12058624" percent="30">
    <mem type="tenure" free="3703192" total="12058624" percent="30" micro-fragmented="1467282" macro-fragmented="0">
      <mem type="soa" free="3583384" total="11938816" percent="30" />
      <mem type="loa" free="119808" total="119808" percent="100" />
    </mem>
  </mem-info>
</gc-end>
<cycle-end id="821" type="global" contextid="814" timestamp="2019-08-04T20:02:07.680">
  <attribute name="GC Util" value="203" />
  <attribute name="CPU Util" value="3928971254329" />
  <attribute name="Time Running"value="75292"/>
  <attribute name="Number of cores"value="16"/>
</cycle-end>
<allocation-satisfied id="822" threadId="0000000001ECE800" bytesRequested="16" />
<af-end id="823" timestamp="2019-08-04T20:02:07.680" threadId="0000000001ECF188" success="true" />
<exclusive-end id="824" timestamp="2019-08-04T20:02:07.680" durationms="7.232" />

<exclusive-start id="825" timestamp="2019-08-04T20:02:08.813" intervalms="1139.680">
  <response-info timems="0.696" idlems="0.694" threads="1" lastid="0000000001F20E00" lastname="node-23" />
</exclusive-start>
<af-start id="826" threadId="0000000001EED088" totalBytesRequested="32" timestamp="2019-08-04T20:02:08.813" intervalms="1138.315" />
<cycle-start id="827" type="global" contextid="0" timestamp="2019-08-04T20:02:08.813" intervalms="1138.285" />
  <attribute name="GC Util" value="203" />
  <attribute name="CPU Util" value="3928971254329" />
  <attribute name="Time Running"value="75292"/>
  <attribute name="Number of cores"value="16"/>
<gc-start id="828" type="global" contextid="827" timestamp="2019-08-04T20:02:08.813">
  <mem-info id="829" free="119808" total="12058624" percent="0">
    <mem type="tenure" free="119808" total="12058624" percent="0">
      <mem type="soa" free="0" total="11938816" percent="0" />
      <mem type="loa" free="119808" total="119808" percent="100" />
    </mem>
  </mem-info>
</gc-start>
<allocation-stats totalBytes="3569432" >
  <allocated-bytes non-tlh="832" tlh="3568600" />
  <largest-consumer threadName="node-9" threadId="0000000001EE8B00" bytes="257384" />
</allocation-stats>
<gc-op id="830" type="mark" timems="4.099" contextid="827" timestamp="2019-08-04T20:02:08.817">
  <trace-info objectcount="143836" scancount="134324" scanbytes="5279340" />
  <finalization candidates="18" enqueued="0" />
  <references type="soft" candidates="45" cleared="0" enqueued="0" dynamicThreshold="9" maxThreshold="32" />
  <references type="weak" candidates="165" cleared="0" enqueued="0" />
  <references type="phantom" candidates="57" cleared="0" enqueued="0" />
  <stringconstants candidates="3824" cleared="0"  />
</gc-op>
<gc-op id="831" type="sweep" timems="1.450" contextid="827" timestamp="2019-08-04T20:02:08.818" />
<gc-end id="832" type="global" contextid="827" durationms="5.697" usertimems="15.769" systemtimems="0.000" timestamp="2019-08-04T20:02:08.819" activeThreads="5">
  <mem-info id="833" free="3707120" total="12058624" percent="30">
    <mem type="tenure" free="3707120" total="12058624" percent="30" micro-fragmented="1475186" macro-fragmented="0">
      <mem type="soa" free="3587312" total="11938816" percent="30" />
      <mem type="loa" free="119808" total="119808" percent="100" />
    </mem>
  </mem-info>
</gc-end>
<cycle-end id="834" type="global" contextid="827" timestamp="2019-08-04T20:02:08.819">
  <attribute name="GC Util" value="239" />
  <attribute name="CPU Util" value="4231656771555" />
  <attribute name="Time Running"value="76430"/>
  <attribute name="Number of cores"value="16"/>
</cycle-end>
<allocation-satisfied id="835" threadId="0000000001EEC700" bytesRequested="32" />
<af-end id="836" timestamp="2019-08-04T20:02:08.819" threadId="0000000001EED088" success="true" />
<exclusive-end id="837" timestamp="2019-08-04T20:02:08.819" durationms="5.916" />

<exclusive-start id="838" timestamp="2019-08-04T20:02:09.757" intervalms="943.993">
  <response-info timems="0.155" idlems="0.151" threads="1" lastid="0000000001EE8B00" lastname="node-9" />
</exclusive-start>
<af-start id="839" threadId="0000000001F21788" totalBytesRequested="16" timestamp="2019-08-04T20:02:09.757" intervalms="943.980" />
<cycle-start id="840" type="global" contextid="0" timestamp="2019-08-04T20:02:09.757" intervalms="943.978" />
  <attribute name="GC Util" value="239" />
  <attribute name="CPU Util" value="4231656771555" />
  <attribute name="Time Running"value="76430"/>
  <attribute name="Number of cores"value="16"/>
<gc-start id="841" type="global" contextid="840" timestamp="2019-08-04T20:02:09.757">
  <mem-info id="842" free="119808" total="12058624" percent="0">
    <mem type="tenure" free="119808" total="12058624" percent="0">
      <mem type="soa" free="0" total="11938816" percent="0" />
      <mem type="loa" free="119808" total="119808" percent="100" />
    </mem>
  </mem-info>
</gc-start>
<allocation-stats totalBytes="3575432" >
  <allocated-bytes non-tlh="0" tlh="3575432" />
  <largest-consumer threadName="node-16" threadId="0000000001F06A00" bytes="230696" />
</allocation-stats>
<gc-op id="843" type="mark" timems="3.122" contextid="840" timestamp="2019-08-04T20:02:09.760">
  <trace-info objectcount="143840" scancount="134310" scanbytes="5278980" />
  <finalization candidates="18" enqueued="0" />
  <references type="soft" candidates="45" cleared="0" enqueued="0" dynamicThreshold="9" maxThreshold="32" />
  <references type="weak" candidates="165" cleared="0" enqueued="0" />
  <references type="phantom" candidates="57" cleared="0" enqueued="0" />
  <stringconstants candidates="3824" cleared="0"  />
</gc-op>
<gc-op id="844" type="sweep" timems="0.932" contextid="840" timestamp="2019-08-04T20:02:09.761" />
<gc-end id="845" type="global" contextid="840" durationms="4.167" usertimems="11.209" systemtimems="0.920" timestamp="2019-08-04T20:02:09.761" activeThreads="5">
  <mem-info id="846" free="3681176" total="12058624" percent="30">
    <mem type="tenure" free="3681176" total="12058624" percent="30" micro-fragmented="1467282" macro-fragmented="0">
      <mem type="soa" free="3561368" total="11938816" percent="29" />
      <mem type="loa" free="119808" total="119808" percent="100" />
    </mem>
  </mem-info>
</gc-end>
<cycle-end id="847" type="global" contextid="840" timestamp="2019-08-04T20:02:09.761">
  <attribute name="GC Util" value="263" />
  <attribute name="CPU Util" value="5898810976320" />
  <attribute name="Time Running"value="77373"/>
  <attribute name="Number of cores"value="16"/>
</cycle-end>
<allocation-satisfied id="848" threadId="0000000001F20E00" bytesRequested="16" />
<af-end id="849" timestamp="2019-08-04T20:02:09.761" threadId="0000000001F21788" success="true" />
<exclusive-end id="850" timestamp="2019-08-04T20:02:09.761" durationms="4.348" />

<exclusive-start id="851" timestamp="2019-08-04T20:02:11.126" intervalms="1369.687">
  <response-info timems="0.039" idlems="0.039" threads="0" lastid="0000000001EE4F00" lastname="node-4" />
</exclusive-start>
<af-start id="852" threadId="0000000001EE5888" totalBytesRequested="32" timestamp="2019-08-04T20:02:11.126" intervalms="1369.702" />
<cycle-start id="853" type="global" contextid="0" timestamp="2019-08-04T20:02:11.127" intervalms="1369.719" />
  <attribute name="GC Util" value="263" />
  <attribute name="CPU Util" value="5898810976320" />
  <attribute name="Time Running"value="77373"/>
  <attribute name="Number of cores"value="16"/>
<gc-start id="854" type="global" contextid="853" timestamp="2019-08-04T20:02:11.127">
  <mem-info id="855" free="119808" total="12058624" percent="0">
    <mem type="tenure" free="119808" total="12058624" percent="0">
      <mem type="soa" free="0" total="11938816" percent="0" />
      <mem type="loa" free="119808" total="119808" percent="100" />
    </mem>
  </mem-info>
</gc-start>
<allocation-stats totalBytes="3549128" >
  <allocated-bytes non-tlh="0" tlh="3549128" />
  <largest-consumer threadName="node-7" threadId="0000000001F19600" bytes="254544" />
</allocation-stats>
<gc-op id="856" type="mark" timems="3.557" contextid="853" timestamp="2019-08-04T20:02:11.130">
  <trace-info objectcount="143783" scancount="134265" scanbytes="5278068" />
  <finalization candidates="18" enqueued="0" />
  <references type="soft" candidates="45" cleared="0" enqueued="0" dynamicThreshold="9" maxThreshold="32" />
  <references type="weak" candidates="165" cleared="0" enqueued="0" />
  <references type="phantom" candidates="57" cleared="0" enqueued="0" />
  <stringconstants candidates="3824" cleared="0"  />
</gc-op>
<gc-op id="857" type="sweep" timems="1.771" contextid="853" timestamp="2019-08-04T20:02:11.132" />
<gc-end id="858" type="global" contextid="853" durationms="5.515" usertimems="13.039" systemtimems="3.159" timestamp="2019-08-04T20:02:11.132" activeThreads="5">
  <mem-info id="859" free="3709072" total="12058624" percent="30">
    <mem type="tenure" free="3709072" total="12058624" percent="30" micro-fragmented="1467282" macro-fragmented="0">
      <mem type="soa" free="3589264" total="11938816" percent="30" />
      <mem type="loa" free="119808" total="119808" percent="100" />
    </mem>
  </mem-info>
</gc-end>
<cycle-end id="860" type="global" contextid="853" timestamp="2019-08-04T20:02:11.132">
  <attribute name="GC Util" value="292" />
  <attribute name="CPU Util" value="5148230743494" />
  <attribute name="Time Running"value="78743"/>
  <attribute name="Number of cores"value="16"/>
</cycle-end>
<allocation-satisfied id="861" threadId="0000000001EE4F00" bytesRequested="32" />
<af-end id="862" timestamp="2019-08-04T20:02:11.132" threadId="0000000001EE5888" success="true" />
<exclusive-end id="863" timestamp="2019-08-04T20:02:11.132" durationms="5.925" />

<exclusive-start id="864" timestamp="2019-08-04T20:02:12.680" intervalms="1553.977">
  <response-info timems="0.282" idlems="0.282" threads="0" lastid="0000000001EDD700" lastname="node-11" />
</exclusive-start>
<af-start id="865" threadId="0000000001EDE088" totalBytesRequested="496" timestamp="2019-08-04T20:02:12.681" intervalms="1554.032" />
<cycle-start id="866" type="global" contextid="0" timestamp="2019-08-04T20:02:12.681" intervalms="1554.024" />
  <attribute name="GC Util" value="292" />
  <attribute name="CPU Util" value="5148230743494" />
  <attribute name="Time Running"value="78743"/>
  <attribute name="Number of cores"value="16"/>
<gc-start id="867" type="global" contextid="866" timestamp="2019-08-04T20:02:12.681">
  <mem-info id="868" free="119808" total="12058624" percent="0">
    <mem type="tenure" free="119808" total="12058624" percent="0">
      <mem type="soa" free="0" total="11938816" percent="0" />
      <mem type="loa" free="119808" total="119808" percent="100" />
    </mem>
  </mem-info>
</gc-start>
<allocation-stats totalBytes="3575920" >
  <allocated-bytes non-tlh="0" tlh="3575920" />
  <largest-consumer threadName="node-3" threadId="0000000001ED2400" bytes="242616" />
</allocation-stats>
<gc-op id="869" type="mark" timems="5.673" contextid="866" timestamp="2019-08-04T20:02:12.686">
  <trace-info objectcount="143770" scancount="134244" scanbytes="5277476" />
  <finalization candidates="18" enqueued="0" />
  <references type="soft" candidates="45" cleared="0" enqueued="0" dynamicThreshold="9" maxThreshold="32" />
  <references type="weak" candidates="165" cleared="0" enqueued="0" />
  <references type="phantom" candidates="57" cleared="0" enqueued="0" />
  <stringconstants candidates="3824" cleared="0"  />
</gc-op>
<gc-op id="870" type="sweep" timems="2.421" contextid="866" timestamp="2019-08-04T20:02:12.689" />
<gc-end id="871" type="global" contextid="866" durationms="8.292" usertimems="20.624" systemtimems="0.000" timestamp="2019-08-04T20:02:12.689" activeThreads="5">
  <mem-info id="872" free="3704168" total="12058624" percent="30">
    <mem type="tenure" free="3704168" total="12058624" percent="30" micro-fragmented="1467282" macro-fragmented="0">
      <mem type="soa" free="3584360" total="11938816" percent="30" />
      <mem type="loa" free="119808" total="119808" percent="100" />
    </mem>
  </mem-info>
</gc-end>
<cycle-end id="873" type="global" contextid="866" timestamp="2019-08-04T20:02:12.689">
  <attribute name="GC Util" value="230" />
  <attribute name="CPU Util" value="3226952342282" />
  <attribute name="Time Running"value="80300"/>
  <attribute name="Number of cores"value="16"/>
</cycle-end>
<allocation-satisfied id="874" threadId="0000000001EDD700" bytesRequested="496" />
<af-end id="875" timestamp="2019-08-04T20:02:12.689" threadId="0000000001EDE088" success="true" />
<exclusive-end id="876" timestamp="2019-08-04T20:02:12.689" durationms="8.664" />

<exclusive-start id="877" timestamp="2019-08-04T20:02:13.608" intervalms="927.643">
  <response-info timems="0.238" idlems="0.238" threads="0" lastid="0000000001EE4F00" lastname="node-4" />
</exclusive-start>
<af-start id="878" threadId="0000000001EE5888" totalBytesRequested="24" timestamp="2019-08-04T20:02:13.608" intervalms="927.589" />
<cycle-start id="879" type="global" contextid="0" timestamp="2019-08-04T20:02:13.608" intervalms="927.581" />
  <attribute name="GC Util" value="230" />
  <attribute name="CPU Util" value="3226952342282" />
  <attribute name="Time Running"value="80300"/>
  <attribute name="Number of cores"value="16"/>
<gc-start id="880" type="global" contextid="879" timestamp="2019-08-04T20:02:13.608">
  <mem-info id="881" free="119808" total="12058624" percent="0">
    <mem type="tenure" free="119808" total="12058624" percent="0">
      <mem type="soa" free="0" total="11938816" percent="0" />
      <mem type="loa" free="119808" total="119808" percent="100" />
    </mem>
  </mem-info>
</gc-start>
<allocation-stats totalBytes="3575520" >
  <allocated-bytes non-tlh="0" tlh="3575520" />
  <largest-consumer threadName="node-19" threadId="0000000001F1D200" bytes="251320" />
</allocation-stats>
<gc-op id="882" type="mark" timems="3.669" contextid="879" timestamp="2019-08-04T20:02:13.612">
  <trace-info objectcount="143726" scancount="134208" scanbytes="5276756" />
  <finalization candidates="18" enqueued="0" />
  <references type="soft" candidates="45" cleared="0" enqueued="0" dynamicThreshold="9" maxThreshold="32" />
  <references type="weak" candidates="165" cleared="0" enqueued="0" />
  <references type="phantom" candidates="57" cleared="0" enqueued="0" />
  <stringconstants candidates="3824" cleared="0"  />
</gc-op>
<gc-op id="883" type="sweep" timems="0.828" contextid="879" timestamp="2019-08-04T20:02:13.613" />
<gc-end id="884" type="global" contextid="879" durationms="4.654" usertimems="15.373" systemtimems="0.000" timestamp="2019-08-04T20:02:13.613" activeThreads="5">
  <mem-info id="885" free="3709776" total="12058624" percent="30">
    <mem type="tenure" free="3709776" total="12058624" percent="30" micro-fragmented="1467282" macro-fragmented="0">
      <mem type="soa" free="3589968" total="11938816" percent="30" />
      <mem type="loa" free="119808" total="119808" percent="100" />
    </mem>
  </mem-info>
</gc-end>
<cycle-end id="886" type="global" contextid="879" timestamp="2019-08-04T20:02:13.613">
  <attribute name="GC Util" value="296" />
  <attribute name="CPU Util" value="4994333066515" />
  <attribute name="Time Running"value="81225"/>
  <attribute name="Number of cores"value="16"/>
</cycle-end>
<allocation-satisfied id="887" threadId="0000000001EE4F00" bytesRequested="24" />
<af-end id="888" timestamp="2019-08-04T20:02:13.613" threadId="0000000001EE5888" success="true" />
<exclusive-end id="889" timestamp="2019-08-04T20:02:13.613" durationms="4.913" />

<exclusive-start id="890" timestamp="2019-08-04T20:02:14.747" intervalms="1138.614">
  <response-info timems="0.067" idlems="0.067" threads="0" lastid="0000000001EF0300" lastname="node-15" />
</exclusive-start>
<af-start id="891" threadId="0000000001EF0C88" totalBytesRequested="24" timestamp="2019-08-04T20:02:14.747" intervalms="1138.615" />
<cycle-start id="892" type="global" contextid="0" timestamp="2019-08-04T20:02:14.747" intervalms="1138.615" />
  <attribute name="GC Util" value="296" />
  <attribute name="CPU Util" value="4994333066515" />
  <attribute name="Time Running"value="81225"/>
  <attribute name="Number of cores"value="16"/>
<gc-start id="893" type="global" contextid="892" timestamp="2019-08-04T20:02:14.747">
  <mem-info id="894" free="119808" total="12058624" percent="0">
    <mem type="tenure" free="119808" total="12058624" percent="0">
      <mem type="soa" free="0" total="11938816" percent="0" />
      <mem type="loa" free="119808" total="119808" percent="100" />
    </mem>
  </mem-info>
</gc-start>
<allocation-stats totalBytes="3578928" >
  <allocated-bytes non-tlh="0" tlh="3578928" />
  <largest-consumer threadName="node-16" threadId="0000000001F06A00" bytes="225616" />
</allocation-stats>
<gc-op id="895" type="mark" timems="3.662" contextid="892" timestamp="2019-08-04T20:02:14.750">
  <trace-info objectcount="143697" scancount="134179" scanbytes="5276004" />
  <finalization candidates="18" enqueued="0" />
  <references type="soft" candidates="45" cleared="0" enqueued="0" dynamicThreshold="9" maxThreshold="32" />
  <references type="weak" candidates="165" cleared="0" enqueued="0" />
  <references type="phantom" candidates="57" cleared="0" enqueued="0" />
  <stringconstants candidates="3824" cleared="0"  />
</gc-op>
<gc-op id="896" type="sweep" timems="0.870" contextid="892" timestamp="2019-08-04T20:02:14.751" />
<gc-end id="897" type="global" contextid="892" durationms="4.651" usertimems="14.905" systemtimems="0.000" timestamp="2019-08-04T20:02:14.751" activeThreads="5">
  <mem-info id="898" free="3710136" total="12058624" percent="30">
    <mem type="tenure" free="3710136" total="12058624" percent="30" micro-fragmented="1481274" macro-fragmented="0">
      <mem type="soa" free="3590328" total="11938816" percent="30" />
      <mem type="loa" free="119808" total="119808" percent="100" />
    </mem>
  </mem-info>
</gc-end>
<cycle-end id="899" type="global" contextid="892" timestamp="2019-08-04T20:02:14.751">
  <attribute name="GC Util" value="287" />
  <attribute name="CPU Util" value="5015237044094" />
  <attribute name="Time Running"value="82364"/>
  <attribute name="Number of cores"value="16"/>
</cycle-end>
<allocation-satisfied id="900" threadId="0000000001EF0300" bytesRequested="24" />
<af-end id="901" timestamp="2019-08-04T20:02:14.751" threadId="0000000001EF0C88" success="true" />
<exclusive-end id="902" timestamp="2019-08-04T20:02:14.752" durationms="4.831" />

<exclusive-start id="903" timestamp="2019-08-04T20:02:15.788" intervalms="1041.730">
  <response-info timems="0.036" idlems="0.036" threads="0" lastid="0000000001ED9B00" lastname="node-25" />
</exclusive-start>
<af-start id="904" threadId="0000000001EDA488" totalBytesRequested="24" timestamp="2019-08-04T20:02:15.788" intervalms="1041.722" />
<cycle-start id="905" type="global" contextid="0" timestamp="2019-08-04T20:02:15.788" intervalms="1041.723" />
  <attribute name="GC Util" value="287" />
  <attribute name="CPU Util" value="5015237044094" />
  <attribute name="Time Running"value="82364"/>
  <attribute name="Number of cores"value="16"/>
<gc-start id="906" type="global" contextid="905" timestamp="2019-08-04T20:02:15.789">
  <mem-info id="907" free="119808" total="12058624" percent="0">
    <mem type="tenure" free="119808" total="12058624" percent="0">
      <mem type="soa" free="0" total="11938816" percent="0" />
      <mem type="loa" free="119808" total="119808" percent="100" />
    </mem>
  </mem-info>
</gc-start>
<allocation-stats totalBytes="3581072" >
  <allocated-bytes non-tlh="0" tlh="3581072" />
  <largest-consumer threadName="node-21" threadId="0000000001F11E00" bytes="262192" />
</allocation-stats>
<gc-op id="908" type="mark" timems="2.919" contextid="905" timestamp="2019-08-04T20:02:15.791">
  <trace-info objectcount="143669" scancount="134151" scanbytes="5275332" />
  <finalization candidates="18" enqueued="0" />
  <references type="soft" candidates="45" cleared="0" enqueued="0" dynamicThreshold="9" maxThreshold="32" />
  <references type="weak" candidates="165" cleared="0" enqueued="0" />
  <references type="phantom" candidates="57" cleared="0" enqueued="0" />
  <stringconstants candidates="3824" cleared="0"  />
</gc-op>
<gc-op id="909" type="sweep" timems="0.867" contextid="905" timestamp="2019-08-04T20:02:15.792" />
<gc-end id="910" type="global" contextid="905" durationms="3.892" usertimems="12.299" systemtimems="0.000" timestamp="2019-08-04T20:02:15.792" activeThreads="5">
  <mem-info id="911" free="3708712" total="12058624" percent="30">
    <mem type="tenure" free="3708712" total="12058624" percent="30" micro-fragmented="1471314" macro-fragmented="0">
      <mem type="soa" free="3588904" total="11938816" percent="30" />
      <mem type="loa" free="119808" total="119808" percent="100" />
    </mem>
  </mem-info>
</gc-end>
<cycle-end id="912" type="global" contextid="905" timestamp="2019-08-04T20:02:15.792">
  <attribute name="GC Util" value="277" />
  <attribute name="CPU Util" value="6299224659128" />
  <attribute name="Time Running"value="83405"/>
  <attribute name="Number of cores"value="16"/>
</cycle-end>
<allocation-satisfied id="913" threadId="0000000001ED9B00" bytesRequested="24" />
<af-end id="914" timestamp="2019-08-04T20:02:15.792" threadId="0000000001EDA488" success="true" />
<exclusive-end id="915" timestamp="2019-08-04T20:02:15.792" durationms="4.051" />

<exclusive-start id="916" timestamp="2019-08-04T20:02:17.148" intervalms="1359.325">
  <response-info timems="0.262" idlems="0.192" threads="4" lastid="0000000001F20E00" lastname="node-23" />
</exclusive-start>
<af-start id="917" threadId="0000000001F1DB88" totalBytesRequested="736" timestamp="2019-08-04T20:02:17.148" intervalms="1359.331" />
<cycle-start id="918" type="global" contextid="0" timestamp="2019-08-04T20:02:17.148" intervalms="1359.331" />
  <attribute name="GC Util" value="277" />
  <attribute name="CPU Util" value="6299224659128" />
  <attribute name="Time Running"value="83405"/>
  <attribute name="Number of cores"value="16"/>
<gc-start id="919" type="global" contextid="918" timestamp="2019-08-04T20:02:17.148">
  <mem-info id="920" free="119808" total="12058624" percent="0">
    <mem type="tenure" free="119808" total="12058624" percent="0">
      <mem type="soa" free="0" total="11938816" percent="0" />
      <mem type="loa" free="119808" total="119808" percent="100" />
    </mem>
  </mem-info>
</gc-start>
<allocation-stats totalBytes="3582824" >
  <allocated-bytes non-tlh="0" tlh="3582824" />
  <largest-consumer threadName="node-7" threadId="0000000001F19600" bytes="242904" />
</allocation-stats>
<gc-op id="921" type="mark" timems="3.741" contextid="918" timestamp="2019-08-04T20:02:17.152">
  <trace-info objectcount="143662" scancount="134137" scanbytes="5274964" />
  <finalization candidates="18" enqueued="0" />
  <references type="soft" candidates="45" cleared="0" enqueued="0" dynamicThreshold="9" maxThreshold="32" />
  <references type="weak" candidates="165" cleared="0" enqueued="0" />
  <references type="phantom" candidates="57" cleared="0" enqueued="0" />
  <stringconstants candidates="3824" cleared="0"  />
</gc-op>
<gc-op id="922" type="sweep" timems="0.980" contextid="918" timestamp="2019-08-04T20:02:17.153" />
<gc-end id="923" type="global" contextid="918" durationms="4.840" usertimems="11.557" systemtimems="2.356" timestamp="2019-08-04T20:02:17.153" activeThreads="5">
  <mem-info id="924" free="3704936" total="12058624" percent="30">
    <mem type="tenure" free="3704936" total="12058624" percent="30" micro-fragmented="1467282" macro-fragmented="0">
      <mem type="soa" free="3585128" total="11938816" percent="30" />
      <mem type="loa" free="119808" total="119808" percent="100" />
    </mem>
  </mem-info>
</gc-end>
<cycle-end id="925" type="global" contextid="918" timestamp="2019-08-04T20:02:17.153">
  <attribute name="GC Util" value="245" />
  <attribute name="CPU Util" value="4910225233829" />
  <attribute name="Time Running"value="84765"/>
  <attribute name="Number of cores"value="16"/>
</cycle-end>
<allocation-satisfied id="926" threadId="0000000001F1D200" bytesRequested="736" />
<af-end id="927" timestamp="2019-08-04T20:02:17.153" threadId="0000000001F1DB88" success="true" />
<exclusive-end id="928" timestamp="2019-08-04T20:02:17.153" durationms="5.043" />

<exclusive-start id="929" timestamp="2019-08-04T20:02:18.683" intervalms="1535.368">
  <response-info timems="0.101" idlems="0.101" threads="0" lastid="0000000001EF0300" lastname="node-15" />
</exclusive-start>
<af-start id="930" threadId="0000000001EF0C88" totalBytesRequested="24" timestamp="2019-08-04T20:02:18.683" intervalms="1535.630" />
<cycle-start id="931" type="global" contextid="0" timestamp="2019-08-04T20:02:18.684" intervalms="1535.847" />
  <attribute name="GC Util" value="245" />
  <attribute name="CPU Util" value="4910225233829" />
  <attribute name="Time Running"value="84765"/>
  <attribute name="Number of cores"value="16"/>
<gc-start id="932" type="global" contextid="931" timestamp="2019-08-04T20:02:18.684">
  <mem-info id="933" free="119808" total="12058624" percent="0">
    <mem type="tenure" free="119808" total="12058624" percent="0">
      <mem type="soa" free="0" total="11938816" percent="0" />
      <mem type="loa" free="119808" total="119808" percent="100" />
    </mem>
  </mem-info>
</gc-start>
<allocation-stats totalBytes="3572152" >
  <allocated-bytes non-tlh="0" tlh="3572152" />
  <largest-consumer threadName="node-23" threadId="0000000001F20E00" bytes="232520" />
</allocation-stats>
<gc-op id="934" type="mark" timems="3.289" contextid="931" timestamp="2019-08-04T20:02:18.687">
  <trace-info objectcount="143604" scancount="134087" scanbytes="5273772" />
  <finalization candidates="18" enqueued="0" />
  <references type="soft" candidates="45" cleared="0" enqueued="0" dynamicThreshold="9" maxThreshold="32" />
  <references type="weak" candidates="165" cleared="0" enqueued="0" />
  <references type="phantom" candidates="57" cleared="0" enqueued="0" />
  <stringconstants candidates="3824" cleared="0"  />
</gc-op>
<gc-op id="935" type="sweep" timems="1.097" contextid="931" timestamp="2019-08-04T20:02:18.688" />
<gc-end id="936" type="global" contextid="931" durationms="4.503" usertimems="13.300" systemtimems="0.000" timestamp="2019-08-04T20:02:18.688" activeThreads="5">
  <mem-info id="937" free="3713424" total="12058624" percent="30">
    <mem type="tenure" free="3713424" total="12058624" percent="30" micro-fragmented="1467282" macro-fragmented="0">
      <mem type="soa" free="3593616" total="11938816" percent="30" />
      <mem type="loa" free="119808" total="119808" percent="100" />
    </mem>
  </mem-info>
</gc-end>
<cycle-end id="938" type="global" contextid="931" timestamp="2019-08-04T20:02:18.688">
  <attribute name="GC Util" value="305" />
  <attribute name="CPU Util" value="5644351065794" />
  <attribute name="Time Running"value="86300"/>
  <attribute name="Number of cores"value="16"/>
</cycle-end>
<allocation-satisfied id="939" threadId="0000000001EF0300" bytesRequested="24" />
<af-end id="940" timestamp="2019-08-04T20:02:18.688" threadId="0000000001EF0C88" success="true" />
<exclusive-end id="941" timestamp="2019-08-04T20:02:18.688" durationms="5.179" />

<exclusive-start id="942" timestamp="2019-08-04T20:02:19.819" intervalms="1135.732">
  <response-info timems="0.215" idlems="0.215" threads="0" lastid="0000000001F2C100" lastname="node-13" />
</exclusive-start>
<af-start id="943" threadId="0000000001F2CA88" totalBytesRequested="832" timestamp="2019-08-04T20:02:19.819" intervalms="1135.464" />
<cycle-start id="944" type="global" contextid="0" timestamp="2019-08-04T20:02:19.819" intervalms="1135.253" />
  <attribute name="GC Util" value="305" />
  <attribute name="CPU Util" value="5644351065794" />
  <attribute name="Time Running"value="86300"/>
  <attribute name="Number of cores"value="16"/>
<gc-start id="945" type="global" contextid="944" timestamp="2019-08-04T20:02:19.819">
  <mem-info id="946" free="119808" total="12058624" percent="0">
    <mem type="tenure" free="119808" total="12058624" percent="0">
      <mem type="soa" free="0" total="11938816" percent="0" />
      <mem type="loa" free="119808" total="119808" percent="100" />
    </mem>
  </mem-info>
</gc-start>
<allocation-stats totalBytes="3584016" >
  <allocated-bytes non-tlh="0" tlh="3584016" />
  <largest-consumer threadName="node-12" threadId="0000000001EF7B00" bytes="229192" />
</allocation-stats>
<gc-op id="947" type="mark" timems="3.287" contextid="944" timestamp="2019-08-04T20:02:19.822">
  <trace-info objectcount="143581" scancount="134061" scanbytes="5273084" />
  <finalization candidates="18" enqueued="0" />
  <references type="soft" candidates="45" cleared="0" enqueued="0" dynamicThreshold="9" maxThreshold="32" />
  <references type="weak" candidates="165" cleared="0" enqueued="0" />
  <references type="phantom" candidates="57" cleared="0" enqueued="0" />
  <stringconstants candidates="3824" cleared="0"  />
</gc-op>
<gc-op id="948" type="sweep" timems="0.845" contextid="944" timestamp="2019-08-04T20:02:19.823" />
<gc-end id="949" type="global" contextid="944" durationms="4.355" usertimems="14.007" systemtimems="0.000" timestamp="2019-08-04T20:02:19.823" activeThreads="5">
  <mem-info id="950" free="3713568" total="12058624" percent="30">
    <mem type="tenure" free="3713568" total="12058624" percent="30" micro-fragmented="1467282" macro-fragmented="0">
      <mem type="soa" free="3593760" total="11938816" percent="30" />
      <mem type="loa" free="119808" total="119808" percent="100" />
    </mem>
  </mem-info>
</gc-end>
<cycle-end id="951" type="global" contextid="944" timestamp="2019-08-04T20:02:19.823">
  <attribute name="GC Util" value="285" />
  <attribute name="CPU Util" value="5584184245009" />
  <attribute name="Time Running"value="87436"/>
  <attribute name="Number of cores"value="16"/>
</cycle-end>
<allocation-satisfied id="952" threadId="0000000001F2C100" bytesRequested="832" />
<af-end id="953" timestamp="2019-08-04T20:02:19.823" threadId="0000000001F2CA88" success="true" />
<exclusive-end id="954" timestamp="2019-08-04T20:02:19.823" durationms="4.534" />

<exclusive-start id="955" timestamp="2019-08-04T20:02:20.682" intervalms="862.756">
  <response-info timems="0.581" idlems="0.581" threads="0" lastid="0000000001ED9B00" lastname="node-25" />
</exclusive-start>
<af-start id="956" threadId="0000000001EDA488" totalBytesRequested="32" timestamp="2019-08-04T20:02:20.682" intervalms="862.753" />
<cycle-start id="957" type="global" contextid="0" timestamp="2019-08-04T20:02:20.682" intervalms="862.746" />
  <attribute name="GC Util" value="285" />
  <attribute name="CPU Util" value="5584184245009" />
  <attribute name="Time Running"value="87436"/>
  <attribute name="Number of cores"value="16"/>
<gc-start id="958" type="global" contextid="957" timestamp="2019-08-04T20:02:20.682">
  <mem-info id="959" free="119808" total="12058624" percent="0">
    <mem type="tenure" free="119808" total="12058624" percent="0">
      <mem type="soa" free="0" total="11938816" percent="0" />
      <mem type="loa" free="119808" total="119808" percent="100" />
    </mem>
  </mem-info>
</gc-start>
<allocation-stats totalBytes="3583968" >
  <allocated-bytes non-tlh="1664" tlh="3582304" />
  <largest-consumer threadName="node-23" threadId="0000000001F20E00" bytes="240208" />
</allocation-stats>
<gc-op id="960" type="mark" timems="3.223" contextid="957" timestamp="2019-08-04T20:02:20.685">
  <trace-info objectcount="143564" scancount="134046" scanbytes="5272812" />
  <finalization candidates="18" enqueued="0" />
  <references type="soft" candidates="45" cleared="0" enqueued="0" dynamicThreshold="9" maxThreshold="32" />
  <references type="weak" candidates="165" cleared="0" enqueued="0" />
  <references type="phantom" candidates="57" cleared="0" enqueued="0" />
  <stringconstants candidates="3824" cleared="0"  />
</gc-op>
<gc-op id="961" type="sweep" timems="0.949" contextid="957" timestamp="2019-08-04T20:02:20.686" />
<gc-end id="962" type="global" contextid="957" durationms="4.279" usertimems="13.401" systemtimems="0.535" timestamp="2019-08-04T20:02:20.686" activeThreads="5">
  <mem-info id="963" free="3711904" total="12058624" percent="30">
    <mem type="tenure" free="3711904" total="12058624" percent="30" micro-fragmented="1467282" macro-fragmented="0">
      <mem type="soa" free="3592096" total="11938816" percent="30" />
      <mem type="loa" free="119808" total="119808" percent="100" />
    </mem>
  </mem-info>
</gc-end>
<cycle-end id="964" type="global" contextid="957" timestamp="2019-08-04T20:02:20.686">
  <attribute name="GC Util" value="282" />
  <attribute name="CPU Util" value="5720211500683" />
  <attribute name="Time Running"value="88298"/>
  <attribute name="Number of cores"value="16"/>
</cycle-end>
<allocation-satisfied id="965" threadId="0000000001ED9B00" bytesRequested="32" />
<af-end id="966" timestamp="2019-08-04T20:02:20.686" threadId="0000000001EDA488" success="true" />
<exclusive-end id="967" timestamp="2019-08-04T20:02:20.686" durationms="4.477" />

<exclusive-start id="968" timestamp="2019-08-04T20:02:22.600" intervalms="1917.950">
  <response-info timems="0.166" idlems="0.085" threads="1" lastid="0000000001F20E00" lastname="node-23" />
</exclusive-start>
<af-start id="969" threadId="0000000001F1DB88" totalBytesRequested="32" timestamp="2019-08-04T20:02:22.600" intervalms="1917.960" />
<cycle-start id="970" type="global" contextid="0" timestamp="2019-08-04T20:02:22.600" intervalms="1917.961" />
  <attribute name="GC Util" value="282" />
  <attribute name="CPU Util" value="5720211500683" />
  <attribute name="Time Running"value="88298"/>
  <attribute name="Number of cores"value="16"/>
<gc-start id="971" type="global" contextid="970" timestamp="2019-08-04T20:02:22.600">
  <mem-info id="972" free="119808" total="12058624" percent="0">
    <mem type="tenure" free="119808" total="12058624" percent="0">
      <mem type="soa" free="0" total="11938816" percent="0" />
      <mem type="loa" free="119808" total="119808" percent="100" />
    </mem>
  </mem-info>
</gc-start>
<allocation-stats totalBytes="3580272" >
  <allocated-bytes non-tlh="0" tlh="3580272" />
  <largest-consumer threadName="node-11" threadId="0000000001EDD700" bytes="245968" />
</allocation-stats>
<gc-op id="973" type="mark" timems="3.164" contextid="970" timestamp="2019-08-04T20:02:22.603">
  <trace-info objectcount="143520" scancount="134023" scanbytes="5271756" />
  <finalization candidates="18" enqueued="0" />
  <references type="soft" candidates="45" cleared="0" enqueued="0" dynamicThreshold="9" maxThreshold="32" />
  <references type="weak" candidates="165" cleared="0" enqueued="0" />
  <references type="phantom" candidates="57" cleared="0" enqueued="0" />
  <stringconstants candidates="3824" cleared="0"  />
</gc-op>
<gc-op id="974" type="sweep" timems="1.182" contextid="970" timestamp="2019-08-04T20:02:22.604" />
<gc-end id="975" type="global" contextid="970" durationms="4.492" usertimems="11.646" systemtimems="1.266" timestamp="2019-08-04T20:02:22.604" activeThreads="5">
  <mem-info id="976" free="3706264" total="12058624" percent="30">
    <mem type="tenure" free="3706264" total="12058624" percent="30" micro-fragmented="1467282" macro-fragmented="0">
      <mem type="soa" free="3586456" total="11938816" percent="30" />
      <mem type="loa" free="119808" total="119808" percent="100" />
    </mem>
  </mem-info>
</gc-end>
<cycle-end id="977" type="global" contextid="970" timestamp="2019-08-04T20:02:22.604">
  <attribute name="GC Util" value="298" />
  <attribute name="CPU Util" value="5819683521704" />
  <attribute name="Time Running"value="90216"/>
  <attribute name="Number of cores"value="16"/>
</cycle-end>
<allocation-satisfied id="978" threadId="0000000001F1D200" bytesRequested="32" />
<af-end id="979" timestamp="2019-08-04T20:02:22.604" threadId="0000000001F1DB88" success="true" />
<exclusive-end id="980" timestamp="2019-08-04T20:02:22.604" durationms="4.726" />

<exclusive-start id="981" timestamp="2019-08-04T20:02:23.705" intervalms="1105.868">
  <response-info timems="0.095" idlems="0.095" threads="0" lastid="0000000001F06A00" lastname="node-16" />
</exclusive-start>
<af-start id="982" threadId="0000000001F07388" totalBytesRequested="16" timestamp="2019-08-04T20:02:23.705" intervalms="1105.864" />
<cycle-start id="983" type="global" contextid="0" timestamp="2019-08-04T20:02:23.706" intervalms="1105.972" />
  <attribute name="GC Util" value="298" />
  <attribute name="CPU Util" value="5819683521704" />
  <attribute name="Time Running"value="90216"/>
  <attribute name="Number of cores"value="16"/>
<gc-start id="984" type="global" contextid="983" timestamp="2019-08-04T20:02:23.706">
  <mem-info id="985" free="119808" total="12058624" percent="0">
    <mem type="tenure" free="119808" total="12058624" percent="0">
      <mem type="soa" free="0" total="11938816" percent="0" />
      <mem type="loa" free="119808" total="119808" percent="100" />
    </mem>
  </mem-info>
</gc-start>
<allocation-stats totalBytes="3574720" >
  <allocated-bytes non-tlh="0" tlh="3574720" />
  <largest-consumer threadName="node-3" threadId="0000000001ED2400" bytes="226880" />
</allocation-stats>
<gc-op id="986" type="mark" timems="3.412" contextid="983" timestamp="2019-08-04T20:02:23.709">
  <trace-info objectcount="143528" scancount="133996" scanbytes="5271532" />
  <finalization candidates="18" enqueued="0" />
  <references type="soft" candidates="45" cleared="0" enqueued="0" dynamicThreshold="9" maxThreshold="32" />
  <references type="weak" candidates="165" cleared="0" enqueued="0" />
  <references type="phantom" candidates="57" cleared="0" enqueued="0" />
  <stringconstants candidates="3824" cleared="0"  />
</gc-op>
<gc-op id="987" type="sweep" timems="0.968" contextid="983" timestamp="2019-08-04T20:02:23.710" />
<gc-end id="988" type="global" contextid="983" durationms="4.494" usertimems="10.406" systemtimems="3.710" timestamp="2019-08-04T20:02:23.710" activeThreads="5">
  <mem-info id="989" free="3699920" total="12058624" percent="30">
    <mem type="tenure" free="3699920" total="12058624" percent="30" micro-fragmented="1467282" macro-fragmented="0">
      <mem type="soa" free="3580112" total="11938816" percent="29" />
      <mem type="loa" free="119808" total="119808" percent="100" />
    </mem>
  </mem-info>
</gc-end>
<cycle-end id="990" type="global" contextid="983" timestamp="2019-08-04T20:02:23.710">
  <attribute name="GC Util" value="282" />
  <attribute name="CPU Util" value="5386354138191" />
  <attribute name="Time Running"value="91322"/>
  <attribute name="Number of cores"value="16"/>
</cycle-end>
<allocation-satisfied id="991" threadId="0000000001F06A00" bytesRequested="16" />
<af-end id="992" timestamp="2019-08-04T20:02:23.710" threadId="0000000001F07388" success="true" />
<exclusive-end id="993" timestamp="2019-08-04T20:02:23.710" durationms="4.822" />

<exclusive-start id="994" timestamp="2019-08-04T20:02:25.127" intervalms="1421.430">
  <response-info timems="0.257" idlems="0.257" threads="0" lastid="0000000001F15A00" lastname="node-6" />
</exclusive-start>
<af-start id="995" threadId="0000000001F16388" totalBytesRequested="32" timestamp="2019-08-04T20:02:25.127" intervalms="1421.441" />
<cycle-start id="996" type="global" contextid="0" timestamp="2019-08-04T20:02:25.127" intervalms="1421.338" />
  <attribute name="GC Util" value="282" />
  <attribute name="CPU Util" value="5386354138191" />
  <attribute name="Time Running"value="91322"/>
  <attribute name="Number of cores"value="16"/>
<gc-start id="997" type="global" contextid="996" timestamp="2019-08-04T20:02:25.127">
  <mem-info id="998" free="119808" total="12058624" percent="0">
    <mem type="tenure" free="119808" total="12058624" percent="0">
      <mem type="soa" free="0" total="11938816" percent="0" />
      <mem type="loa" free="119808" total="119808" percent="100" />
    </mem>
  </mem-info>
</gc-start>
<allocation-stats totalBytes="3566224" >
  <allocated-bytes non-tlh="0" tlh="3566224" />
  <largest-consumer threadName="node-24" threadId="0000000001ECE800" bytes="248520" />
</allocation-stats>
<gc-op id="999" type="mark" timems="3.390" contextid="996" timestamp="2019-08-04T20:02:25.130">
  <trace-info objectcount="143467" scancount="133962" scanbytes="5270540" />
  <finalization candidates="18" enqueued="0" />
  <references type="soft" candidates="45" cleared="0" enqueued="0" dynamicThreshold="9" maxThreshold="32" />
  <references type="weak" candidates="165" cleared="0" enqueued="0" />
  <references type="phantom" candidates="57" cleared="0" enqueued="0" />
  <stringconstants candidates="3824" cleared="0"  />
</gc-op>
<gc-op id="1000" type="sweep" timems="1.058" contextid="996" timestamp="2019-08-04T20:02:25.131" />
<gc-end id="1001" type="global" contextid="996" durationms="4.580" usertimems="14.188" systemtimems="0.000" timestamp="2019-08-04T20:02:25.132" activeThreads="5">
  <mem-info id="1002" free="3713856" total="12058624" percent="30">
    <mem type="tenure" free="3713856" total="12058624" percent="30" micro-fragmented="1467282" macro-fragmented="0">
      <mem type="soa" free="3594048" total="11938816" percent="30" />
      <mem type="loa" free="119808" total="119808" percent="100" />
    </mem>
  </mem-info>
</gc-end>
<cycle-end id="1003" type="global" contextid="996" timestamp="2019-08-04T20:02:25.132">
  <attribute name="GC Util" value="287" />
  <attribute name="CPU Util" value="5424231857030" />
  <attribute name="Time Running"value="92744"/>
  <attribute name="Number of cores"value="16"/>
</cycle-end>
<allocation-satisfied id="1004" threadId="0000000001F15A00" bytesRequested="32" />
<af-end id="1005" timestamp="2019-08-04T20:02:25.132" threadId="0000000001F16388" success="true" />
<exclusive-end id="1006" timestamp="2019-08-04T20:02:25.132" durationms="4.822" />

<exclusive-start id="1007" timestamp="2019-08-04T20:02:26.181" intervalms="1054.114">
  <response-info timems="0.023" idlems="0.023" threads="0" lastid="0000000001EE1300" lastname="node-1" />
</exclusive-start>
<af-start id="1008" threadId="0000000001EE1C88" totalBytesRequested="32" timestamp="2019-08-04T20:02:26.181" intervalms="1054.205" />
<cycle-start id="1009" type="global" contextid="0" timestamp="2019-08-04T20:02:26.181" intervalms="1054.238" />
  <attribute name="GC Util" value="287" />
  <attribute name="CPU Util" value="5424231857030" />
  <attribute name="Time Running"value="92744"/>
  <attribute name="Number of cores"value="16"/>
<gc-start id="1010" type="global" contextid="1009" timestamp="2019-08-04T20:02:26.181">
  <mem-info id="1011" free="119808" total="12058624" percent="0">
    <mem type="tenure" free="119808" total="12058624" percent="0">
      <mem type="soa" free="0" total="11938816" percent="0" />
      <mem type="loa" free="119808" total="119808" percent="100" />
    </mem>
  </mem-info>
</gc-start>
<allocation-stats totalBytes="3590112" >
  <allocated-bytes non-tlh="0" tlh="3590112" />
  <largest-consumer threadName="node-24" threadId="0000000001ECE800" bytes="242464" />
</allocation-stats>
<gc-op id="1012" type="mark" timems="3.972" contextid="1009" timestamp="2019-08-04T20:02:26.185">
  <trace-info objectcount="143441" scancount="133919" scanbytes="5269916" />
  <finalization candidates="18" enqueued="0" />
  <references type="soft" candidates="45" cleared="0" enqueued="0" dynamicThreshold="9" maxThreshold="32" />
  <references type="weak" candidates="165" cleared="0" enqueued="0" />
  <references type="phantom" candidates="57" cleared="0" enqueued="0" />
  <stringconstants candidates="3824" cleared="0"  />
</gc-op>
<gc-op id="1013" type="sweep" timems="1.178" contextid="1009" timestamp="2019-08-04T20:02:26.187" />
<gc-end id="1014" type="global" contextid="1009" durationms="5.416" usertimems="14.866" systemtimems="0.000" timestamp="2019-08-04T20:02:26.187" activeThreads="5">
  <mem-info id="1015" free="3718400" total="12058624" percent="30">
    <mem type="tenure" free="3718400" total="12058624" percent="30" micro-fragmented="1467282" macro-fragmented="0">
      <mem type="soa" free="3598592" total="11938816" percent="30" />
      <mem type="loa" free="119808" total="119808" percent="100" />
    </mem>
  </mem-info>
</gc-end>
<cycle-end id="1016" type="global" contextid="1009" timestamp="2019-08-04T20:02:26.187">
  <attribute name="GC Util" value="301" />
  <attribute name="CPU Util" value="4594895096958" />
  <attribute name="Time Running"value="93799"/>
  <attribute name="Number of cores"value="16"/>
</cycle-end>
<allocation-satisfied id="1017" threadId="0000000001EE1300" bytesRequested="32" />
<af-end id="1018" timestamp="2019-08-04T20:02:26.187" threadId="0000000001EE1C88" success="true" />
<exclusive-end id="1019" timestamp="2019-08-04T20:02:26.187" durationms="5.965" />

<exclusive-start id="1020" timestamp="2019-08-04T20:02:27.441" intervalms="1260.072">
  <response-info timems="0.313" idlems="0.313" threads="0" lastid="0000000001F02E00" lastname="node-10" />
</exclusive-start>
<af-start id="1021" threadId="0000000001F03788" totalBytesRequested="16" timestamp="2019-08-04T20:02:27.441" intervalms="1259.968" />
<cycle-start id="1022" type="global" contextid="0" timestamp="2019-08-04T20:02:27.441" intervalms="1259.938" />
  <attribute name="GC Util" value="301" />
  <attribute name="CPU Util" value="4594895096958" />
  <attribute name="Time Running"value="93799"/>
  <attribute name="Number of cores"value="16"/>
<gc-start id="1023" type="global" contextid="1022" timestamp="2019-08-04T20:02:27.441">
  <mem-info id="1024" free="119808" total="12058624" percent="0">
    <mem type="tenure" free="119808" total="12058624" percent="0">
      <mem type="soa" free="0" total="11938816" percent="0" />
      <mem type="loa" free="119808" total="119808" percent="100" />
    </mem>
  </mem-info>
</gc-start>
<allocation-stats totalBytes="3589584" >
  <allocated-bytes non-tlh="0" tlh="3589584" />
  <largest-consumer threadName="node-24" threadId="0000000001ECE800" bytes="242424" />
</allocation-stats>
<gc-op id="1025" type="mark" timems="4.569" contextid="1022" timestamp="2019-08-04T20:02:27.446">
  <trace-info objectcount="143445" scancount="133931" scanbytes="5269444" />
  <finalization candidates="18" enqueued="0" />
  <references type="soft" candidates="45" cleared="0" enqueued="0" dynamicThreshold="9" maxThreshold="32" />
  <references type="weak" candidates="165" cleared="0" enqueued="0" />
  <references type="phantom" candidates="57" cleared="0" enqueued="0" />
  <stringconstants candidates="3824" cleared="0"  />
</gc-op>
<gc-op id="1026" type="sweep" timems="0.926" contextid="1022" timestamp="2019-08-04T20:02:27.447" />
<gc-end id="1027" type="global" contextid="1022" durationms="5.619" usertimems="14.960" systemtimems="2.238" timestamp="2019-08-04T20:02:27.447" activeThreads="5">
  <mem-info id="1028" free="3701688" total="12058624" percent="30">
    <mem type="tenure" free="3701688" total="12058624" percent="30" micro-fragmented="1467282" macro-fragmented="0">
      <mem type="soa" free="3581880" total="11938816" percent="30" />
      <mem type="loa" free="119808" total="119808" percent="100" />
    </mem>
  </mem-info>
</gc-end>
<cycle-end id="1029" type="global" contextid="1022" timestamp="2019-08-04T20:02:27.447">
  <attribute name="GC Util" value="239" />
  <attribute name="CPU Util" value="4113124871797" />
  <attribute name="Time Running"value="95059"/>
  <attribute name="Number of cores"value="16"/>
</cycle-end>
<allocation-satisfied id="1030" threadId="0000000001F02E00" bytesRequested="16" />
<af-end id="1031" timestamp="2019-08-04T20:02:27.447" threadId="0000000001F03788" success="true" />
<exclusive-end id="1032" timestamp="2019-08-04T20:02:27.447" durationms="5.820" />

===== DaCapo 9.12-MR1 avrora PASSED in 95041 msec =====
<exclusive-start id="1033" timestamp="2019-08-04T20:02:27.755" intervalms="313.895">
  <response-info timems="0.039" idlems="0.039" threads="0" lastid="0000000001BEEF00" lastname="main" />
</exclusive-start>
<af-start id="1034" threadId="0000000001BEF888" totalBytesRequested="2056" timestamp="2019-08-04T20:02:27.755" intervalms="313.890" />
<cycle-start id="1035" type="global" contextid="0" timestamp="2019-08-04T20:02:27.755" intervalms="313.882" />
  <attribute name="GC Util" value="239" />
  <attribute name="CPU Util" value="4113124871797" />
  <attribute name="Time Running"value="95059"/>
  <attribute name="Number of cores"value="16"/>
<gc-start id="1036" type="global" contextid="1035" timestamp="2019-08-04T20:02:27.755">
  <mem-info id="1037" free="119808" total="12058624" percent="0">
    <mem type="tenure" free="119808" total="12058624" percent="0">
      <mem type="soa" free="0" total="11938816" percent="0" />
      <mem type="loa" free="119808" total="119808" percent="100" />
    </mem>
  </mem-info>
</gc-start>
<allocation-stats totalBytes="3492296" >
  <allocated-bytes non-tlh="111896" tlh="3380400" />
  <largest-consumer threadName="main" threadId="0000000001BEEF00" bytes="2098680" />
</allocation-stats>
<gc-op id="1038" type="mark" timems="1.858" contextid="1035" timestamp="2019-08-04T20:02:27.757">
  <trace-info objectcount="24300" scancount="19096" scanbytes="595188" />
  <finalization candidates="19" enqueued="1" />
  <references type="soft" candidates="56" cleared="2" enqueued="2" dynamicThreshold="9" maxThreshold="32" />
  <references type="weak" candidates="182" cleared="16" enqueued="16" />
  <references type="phantom" candidates="71" cleared="12" enqueued="12" />
  <stringconstants candidates="3836" cleared="0"  />
</gc-op>
<gc-op id="1039" type="sweep" timems="1.003" contextid="1035" timestamp="2019-08-04T20:02:27.758" />
<heap-resize id="1040" type="contract" space="tenure" amount="65536" count="1" timems="0.071" reason="excess free space following gc" timestamp="2019-08-04T20:02:27.758" />
<gc-end id="1041" type="global" contextid="1035" durationms="3.105" usertimems="3.001" systemtimems="3.273" timestamp="2019-08-04T20:02:27.758" activeThreads="5">
  <mem-info id="1042" free="10027832" total="11993088" percent="83">
    <mem type="tenure" free="10027832" total="11993088" percent="83" micro-fragmented="372414" macro-fragmented="81960">
      <mem type="soa" free="9962296" total="11873280" percent="83" />
      <mem type="loa" free="65536" total="119808" percent="54" />
    </mem>
    <pending-finalizers system="1" default="0" reference="30" classloader="0" />
  </mem-info>
</gc-end>
<cycle-end id="1043" type="global" contextid="1035" timestamp="2019-08-04T20:02:27.758">
  <attribute name="GC Util" value="173" />
  <attribute name="CPU Util" value="10323402817212" />
  <attribute name="Time Running"value="95370"/>
  <attribute name="Number of cores"value="16"/>
</cycle-end>
<allocation-satisfied id="1044" threadId="0000000001BEEF00" bytesRequested="2056" />
<af-end id="1045" timestamp="2019-08-04T20:02:27.758" threadId="0000000001BEF888" success="true" />
<exclusive-end id="1046" timestamp="2019-08-04T20:02:27.758" durationms="3.420" />

<exclusive-start id="1047" timestamp="2019-08-04T20:02:28.052" intervalms="296.903">
  <response-info timems="0.040" idlems="0.040" threads="0" lastid="0000000001BEEF00" lastname="main" />
</exclusive-start>
<af-start id="1048" threadId="0000000001BEF888" totalBytesRequested="88" timestamp="2019-08-04T20:02:28.052" intervalms="296.897" />
<cycle-start id="1049" type="global" contextid="0" timestamp="2019-08-04T20:02:28.052" intervalms="296.901" />
  <attribute name="GC Util" value="173" />
  <attribute name="CPU Util" value="10323402817212" />
  <attribute name="Time Running"value="95370"/>
  <attribute name="Number of cores"value="16"/>
<gc-start id="1050" type="global" contextid="1049" timestamp="2019-08-04T20:02:28.052">
  <mem-info id="1051" free="65536" total="11993088" percent="0">
    <mem type="tenure" free="65536" total="11993088" percent="0">
      <mem type="soa" free="0" total="11873280" percent="0" />
      <mem type="loa" free="65536" total="119808" percent="54" />
    </mem>
  </mem-info>
</gc-start>
<allocation-stats totalBytes="9408624" >
  <allocated-bytes non-tlh="1584512" tlh="7824112" />
  <largest-consumer threadName="main" threadId="0000000001BEEF00" bytes="9408624" />
</allocation-stats>
<gc-op id="1052" type="mark" timems="1.843" contextid="1049" timestamp="2019-08-04T20:02:28.054">
  <trace-info objectcount="24829" scancount="19510" scanbytes="610472" />
  <finalization candidates="18" enqueued="0" />
  <references type="soft" candidates="57" cleared="0" enqueued="0" dynamicThreshold="26" maxThreshold="32" />
  <references type="weak" candidates="184" cleared="19" enqueued="19" />
  <references type="phantom" candidates="84" cleared="1" enqueued="1" />
  <stringconstants candidates="3873" cleared="0"  />
</gc-op>
<gc-op id="1053" type="sweep" timems="0.709" contextid="1049" timestamp="2019-08-04T20:02:28.055" />
<heap-resize id="1054" type="contract" space="tenure" amount="65536" count="1" timems="0.034" reason="excess free space following gc" timestamp="2019-08-04T20:02:28.055" />
<gc-end id="1055" type="global" contextid="1049" durationms="2.750" usertimems="0.284" systemtimems="5.647" timestamp="2019-08-04T20:02:28.055" activeThreads="5">
  <mem-info id="1056" free="9369080" total="11927552" percent="78">
    <mem type="tenure" free="9369080" total="11927552" percent="78" micro-fragmented="409155" macro-fragmented="0">
      <mem type="soa" free="9369080" total="11808768" percent="79" />
      <mem type="loa" free="0" total="118784" percent="0" />
    </mem>
    <pending-finalizers system="0" default="0" reference="20" classloader="0" />
  </mem-info>
</gc-end>
<cycle-end id="1057" type="global" contextid="1049" timestamp="2019-08-04T20:02:28.055">
  <attribute name="GC Util" value="172" />
  <attribute name="CPU Util" value="10083714504461" />
  <attribute name="Time Running"value="95667"/>
  <attribute name="Number of cores"value="16"/>
</cycle-end>
<allocation-satisfied id="1058" threadId="0000000001BEEF00" bytesRequested="88" />
<af-end id="1059" timestamp="2019-08-04T20:02:28.055" threadId="0000000001BEF888" success="true" />
<exclusive-end id="1060" timestamp="2019-08-04T20:02:28.055" durationms="3.105" />

WARNING: An illegal reflective access operation has occurred
WARNING: Illegal reflective access by com.google.common.base.internal.Finalizer (file:/./scratch/jar/guava-r07.jar) to field java.lang.Thread.inheritableThreadLocals
WARNING: Please consider reporting this to the maintainers of com.google.common.base.internal.Finalizer
WARNING: Use --illegal-access=warn to enable warnings of further illegal reflective access operations
WARNING: All illegal access operations will be denied in a future release
<exclusive-start id="1061" timestamp="2019-08-04T20:02:28.957" intervalms="905.060">
  <response-info timems="0.045" idlems="0.045" threads="0" lastid="0000000001BEEF00" lastname="main" />
</exclusive-start>
<af-start id="1062" threadId="0000000001BEF888" totalBytesRequested="88" timestamp="2019-08-04T20:02:28.957" intervalms="905.063" />
<cycle-start id="1063" type="global" contextid="0" timestamp="2019-08-04T20:02:28.957" intervalms="905.062" />
  <attribute name="GC Util" value="172" />
  <attribute name="CPU Util" value="10083714504461" />
  <attribute name="Time Running"value="95667"/>
  <attribute name="Number of cores"value="16"/>
<gc-start id="1064" type="global" contextid="1063" timestamp="2019-08-04T20:02:28.957">
  <mem-info id="1065" free="0" total="11927552" percent="0">
    <mem type="tenure" free="0" total="11927552" percent="0">
      <mem type="soa" free="0" total="11808768" percent="0" />
      <mem type="loa" free="0" total="118784" percent="0" />
    </mem>
  </mem-info>
</gc-start>
<allocation-stats totalBytes="9273368" >
  <allocated-bytes non-tlh="1377280" tlh="7896088" />
  <largest-consumer threadName="main" threadId="0000000001BEEF00" bytes="9270744" />
</allocation-stats>
<gc-op id="1066" type="mark" timems="3.759" contextid="1063" timestamp="2019-08-04T20:02:28.961">
  <trace-info objectcount="46147" scancount="36738" scanbytes="1182224" />
  <finalization candidates="64" enqueued="1" />
  <ownableSynchronizers candidates="17" cleared="0" />
  <references type="soft" candidates="575" cleared="0" enqueued="0" dynamicThreshold="25" maxThreshold="32" />
  <references type="weak" candidates="1869" cleared="501" enqueued="379" />
  <references type="phantom" candidates="99" cleared="7" enqueued="7" />
  <stringconstants candidates="6214" cleared="0"  />
</gc-op>
<gc-op id="1067" type="classunload" timems="0.002" contextid="1063" timestamp="2019-08-04T20:02:28.961">
  <classunload-info classloadercandidates="11" classloadersunloaded="0" classesunloaded="0" anonymousclassesunloaded="0" quiescems="0.000" setupms="0.002" scanms="0.000" postms="0.000" />
</gc-op>
<gc-op id="1068" type="sweep" timems="0.905" contextid="1063" timestamp="2019-08-04T20:02:28.962" />
<heap-resize id="1069" type="contract" space="tenure" amount="65536" count="1" timems="0.067" reason="excess free space following gc" timestamp="2019-08-04T20:02:28.962" />
<gc-end id="1070" type="global" contextid="1063" durationms="4.979" usertimems="10.358" systemtimems="0.000" timestamp="2019-08-04T20:02:28.962" activeThreads="5">
  <mem-info id="1071" free="8184512" total="11862016" percent="68">
    <mem type="tenure" free="8184512" total="11862016" percent="68" micro-fragmented="544258" macro-fragmented="0">
      <mem type="soa" free="8184512" total="11744256" percent="69" />
      <mem type="loa" free="0" total="117760" percent="0" />
    </mem>
    <pending-finalizers system="1" default="0" reference="386" classloader="0" />
  </mem-info>
</gc-end>
<cycle-end id="1072" type="global" contextid="1063" timestamp="2019-08-04T20:02:28.962">
  <attribute name="GC Util" value="176" />
  <attribute name="CPU Util" value="4953059521584" />
  <attribute name="Time Running"value="96574"/>
  <attribute name="Number of cores"value="16"/>
</cycle-end>
<allocation-satisfied id="1073" threadId="0000000001BEEF00" bytesRequested="88" />
<af-end id="1074" timestamp="2019-08-04T20:02:28.962" threadId="0000000001BEF888" success="true" />
<exclusive-end id="1075" timestamp="2019-08-04T20:02:28.962" durationms="5.396" />

<exclusive-start id="1076" timestamp="2019-08-04T20:02:29.150" intervalms="192.851">
  <response-info timems="0.016" idlems="0.016" threads="0" lastid="0000000001BEEF00" lastname="main" />
</exclusive-start>
<af-start id="1077" threadId="0000000001BEF888" totalBytesRequested="262152" timestamp="2019-08-04T20:02:29.150" intervalms="192.852" />
<cycle-start id="1078" type="global" contextid="0" timestamp="2019-08-04T20:02:29.150" intervalms="192.854" />
  <attribute name="GC Util" value="176" />
  <attribute name="CPU Util" value="4953059521584" />
  <attribute name="Time Running"value="96574"/>
  <attribute name="Number of cores"value="16"/>
<gc-start id="1079" type="global" contextid="1078" timestamp="2019-08-04T20:02:29.150">
  <mem-info id="1080" free="1064312" total="11862016" percent="8">
    <mem type="tenure" free="1064312" total="11862016" percent="8">
      <mem type="soa" free="1064312" total="11744256" percent="9" />
      <mem type="loa" free="0" total="117760" percent="0" />
    </mem>
  </mem-info>
</gc-start>
<allocation-stats totalBytes="6921344" >
  <allocated-bytes non-tlh="2064704" tlh="4856640" />
  <largest-consumer threadName="main" threadId="0000000001BEEF00" bytes="6854272" />
</allocation-stats>
<heap-resize id="1081" type="loa expand" space="tenure" amount="118784" count="1" timems="0.067" reason="expand on failed allocate" timestamp="2019-08-04T20:02:29.150" />
<gc-op id="1082" type="mark" timems="4.359" contextid="1078" timestamp="2019-08-04T20:02:29.154">
  <trace-info objectcount="58770" scancount="47486" scanbytes="1582400" />
  <finalization candidates="80" enqueued="0" />
  <ownableSynchronizers candidates="21" cleared="0" />
  <references type="soft" candidates="870" cleared="0" enqueued="0" dynamicThreshold="22" maxThreshold="32" />
  <references type="weak" candidates="3407" cleared="473" enqueued="325" />
  <references type="phantom" candidates="98" cleared="2" enqueued="2" />
  <stringconstants candidates="7529" cleared="0"  />
</gc-op>
<gc-op id="1083" type="classunload" timems="0.002" contextid="1078" timestamp="2019-08-04T20:02:29.154">
  <classunload-info classloadercandidates="12" classloadersunloaded="0" classesunloaded="0" anonymousclassesunloaded="0" quiescems="0.000" setupms="0.002" scanms="0.000" postms="0.000" />
</gc-op>
<gc-op id="1084" type="sweep" timems="0.819" contextid="1078" timestamp="2019-08-04T20:02:29.155" />
<mem-info id="1085" free="7215608" total="11862016" percent="60">
  <mem type="tenure" free="7215608" total="11862016" percent="60" micro-fragmented="924669" macro-fragmented="330039">
    <mem type="soa" free="7215608" total="11625472" percent="62" />
    <mem type="loa" free="0" total="236544" percent="0" />
  </mem>
  <pending-finalizers system="0" default="0" reference="327" classloader="0" />
</mem-info>
<gc-op id="1086" type="compact" timems="13.662" contextid="1078" timestamp="2019-08-04T20:02:29.169">
  <compact-info movecount="58769" movebytes="3354776" reason="compact to meet allocation" />
</gc-op>
<heap-resize id="1087" type="contract" space="tenure" amount="196608" count="1" timems="0.025" reason="excess free space following gc" timestamp="2019-08-04T20:02:29.169" />
<gc-end id="1088" type="global" contextid="1078" durationms="19.193" usertimems="29.962" systemtimems="0.000" timestamp="2019-08-04T20:02:29.169" activeThreads="5">
  <mem-info id="1089" free="8008456" total="11665408" percent="68">
    <mem type="tenure" free="8008456" total="11665408" percent="68">
      <mem type="soa" free="7815944" total="11432960" percent="68" />
      <mem type="loa" free="192512" total="232448" percent="82" />
    </mem>
    <pending-finalizers system="0" default="0" reference="327" classloader="0" />
  </mem-info>
</gc-end>
<cycle-end id="1090" type="global" contextid="1078" timestamp="2019-08-04T20:02:29.169">
  <attribute name="GC Util" value="47" />
  <attribute name="CPU Util" value="20366062014204" />
  <attribute name="Time Running"value="96768"/>
  <attribute name="Number of cores"value="16"/>
</cycle-end>
<allocation-satisfied id="1091" threadId="0000000001BEEF00" bytesRequested="262152" />
<af-end id="1092" timestamp="2019-08-04T20:02:29.169" threadId="0000000001BEF888" success="true" />
<exclusive-end id="1093" timestamp="2019-08-04T20:02:29.169" durationms="19.652" />

<exclusive-start id="1094" timestamp="2019-08-04T20:02:29.330" intervalms="180.360">
  <response-info timems="0.040" idlems="0.040" threads="0" lastid="0000000001BEEF00" lastname="main" />
</exclusive-start>
<af-start id="1095" threadId="0000000001BEF888" totalBytesRequested="88" timestamp="2019-08-04T20:02:29.330" intervalms="180.356" />
<cycle-start id="1096" type="global" contextid="0" timestamp="2019-08-04T20:02:29.330" intervalms="180.449" />
  <attribute name="GC Util" value="47" />
  <attribute name="CPU Util" value="20366062014204" />
  <attribute name="Time Running"value="96768"/>
  <attribute name="Number of cores"value="16"/>
<gc-start id="1097" type="global" contextid="1096" timestamp="2019-08-04T20:02:29.330">
  <mem-info id="1098" free="192512" total="11665408" percent="1">
    <mem type="tenure" free="192512" total="11665408" percent="1">
      <mem type="soa" free="0" total="11432960" percent="0" />
      <mem type="loa" free="192512" total="232448" percent="82" />
    </mem>
  </mem-info>
</gc-start>
<allocation-stats totalBytes="8056296" >
  <allocated-bytes non-tlh="1528840" tlh="6527456" />
  <largest-consumer threadName="main" threadId="0000000001BEEF00" bytes="8044008" />
</allocation-stats>
<gc-op id="1099" type="mark" timems="3.460" contextid="1096" timestamp="2019-08-04T20:02:29.334">
  <trace-info objectcount="69216" scancount="56182" scanbytes="1923504" />
  <finalization candidates="80" enqueued="0" />
  <ownableSynchronizers candidates="21" cleared="0" />
  <references type="soft" candidates="1013" cleared="0" enqueued="0" dynamicThreshold="21" maxThreshold="32" />
  <references type="weak" candidates="3233" cleared="11" enqueued="11" />
  <references type="phantom" candidates="101" cleared="2" enqueued="2" />
  <stringconstants candidates="8503" cleared="0"  />
</gc-op>
<gc-op id="1100" type="sweep" timems="0.842" contextid="1096" timestamp="2019-08-04T20:02:29.335" />
<gc-end id="1101" type="global" contextid="1096" durationms="4.486" usertimems="13.375" systemtimems="0.000" timestamp="2019-08-04T20:02:29.335" activeThreads="5">
  <mem-info id="1102" free="6853160" total="11665408" percent="58">
    <mem type="tenure" free="6853160" total="11665408" percent="58" micro-fragmented="73519" macro-fragmented="0">
      <mem type="soa" free="6620712" total="11432960" percent="57" />
      <mem type="loa" free="232448" total="232448" percent="100" />
    </mem>
    <pending-finalizers system="0" default="0" reference="13" classloader="0" />
  </mem-info>
</gc-end>
<cycle-end id="1103" type="global" contextid="1096" timestamp="2019-08-04T20:02:29.335">
  <attribute name="GC Util" value="190" />
  <attribute name="CPU Util" value="5274046954769" />
  <attribute name="Time Running"value="96947"/>
  <attribute name="Number of cores"value="16"/>
</cycle-end>
<allocation-satisfied id="1104" threadId="0000000001BEEF00" bytesRequested="88" />
<af-end id="1105" timestamp="2019-08-04T20:02:29.335" threadId="0000000001BEF888" success="true" />
<exclusive-end id="1106" timestamp="2019-08-04T20:02:29.335" durationms="4.790" />

<exclusive-start id="1107" timestamp="2019-08-04T20:02:29.452" intervalms="121.970">
  <response-info timems="0.018" idlems="0.018" threads="0" lastid="0000000001BEEF00" lastname="main" />
</exclusive-start>
<af-start id="1108" threadId="0000000001BEF888" totalBytesRequested="32" timestamp="2019-08-04T20:02:29.452" intervalms="121.988" />
<cycle-start id="1109" type="global" contextid="0" timestamp="2019-08-04T20:02:29.452" intervalms="121.893" />
  <attribute name="GC Util" value="190" />
  <attribute name="CPU Util" value="5274046954769" />
  <attribute name="Time Running"value="96947"/>
  <attribute name="Number of cores"value="16"/>
<gc-start id="1110" type="global" contextid="1109" timestamp="2019-08-04T20:02:29.452">
  <mem-info id="1111" free="232448" total="11665408" percent="1">
    <mem type="tenure" free="232448" total="11665408" percent="1">
      <mem type="soa" free="0" total="11432960" percent="0" />
      <mem type="loa" free="232448" total="232448" percent="100" />
    </mem>
  </mem-info>
</gc-start>
<allocation-stats totalBytes="6584472" >
  <allocated-bytes non-tlh="855256" tlh="5729216" />
  <largest-consumer threadName="main" threadId="0000000001BEEF00" bytes="6576280" />
</allocation-stats>
<gc-op id="1112" type="mark" timems="3.287" contextid="1109" timestamp="2019-08-04T20:02:29.456">
  <trace-info objectcount="76856" scancount="62887" scanbytes="2174160" />
  <finalization candidates="80" enqueued="0" />
  <ownableSynchronizers candidates="21" cleared="0" />
  <references type="soft" candidates="1013" cleared="0" enqueued="0" dynamicThreshold="18" maxThreshold="32" />
  <references type="weak" candidates="3646" cleared="0" enqueued="0" />
  <references type="phantom" candidates="99" cleared="0" enqueued="0" />
  <stringconstants candidates="8828" cleared="0"  />
</gc-op>
<gc-op id="1113" type="sweep" timems="2.798" contextid="1109" timestamp="2019-08-04T20:02:29.458" />
<gc-end id="1114" type="global" contextid="1109" durationms="6.253" usertimems="11.405" systemtimems="0.000" timestamp="2019-08-04T20:02:29.458" activeThreads="5">
  <mem-info id="1115" free="6375512" total="11665408" percent="54">
    <mem type="tenure" free="6375512" total="11665408" percent="54" micro-fragmented="260870" macro-fragmented="0">
      <mem type="soa" free="6143064" total="11432960" percent="53" />
      <mem type="loa" free="232448" total="232448" percent="100" />
    </mem>
  </mem-info>
</gc-end>
<cycle-end id="1116" type="global" contextid="1109" timestamp="2019-08-04T20:02:29.459">
  <attribute name="GC Util" value="217" />
  <attribute name="CPU Util" value="5582526410778" />
  <attribute name="Time Running"value="97069"/>
  <attribute name="Number of cores"value="16"/>
</cycle-end>
<allocation-satisfied id="1117" threadId="0000000001BEEF00" bytesRequested="32" />
<af-end id="1118" timestamp="2019-08-04T20:02:29.459" threadId="0000000001BEF888" success="true" />
<exclusive-end id="1119" timestamp="2019-08-04T20:02:29.459" durationms="6.697" />

<exclusive-start id="1120" timestamp="2019-08-04T20:02:29.540" intervalms="88.377">
  <response-info timems="0.041" idlems="0.041" threads="0" lastid="0000000001BEEF00" lastname="main" />
</exclusive-start>
<af-start id="1121" threadId="0000000001BEF888" totalBytesRequested="24" timestamp="2019-08-04T20:02:29.540" intervalms="88.360" />
<cycle-start id="1122" type="global" contextid="0" timestamp="2019-08-04T20:02:29.541" intervalms="88.362" />
  <attribute name="GC Util" value="217" />
  <attribute name="CPU Util" value="5582526410778" />
  <attribute name="Time Running"value="97069"/>
  <attribute name="Number of cores"value="16"/>
<gc-start id="1123" type="global" contextid="1122" timestamp="2019-08-04T20:02:29.541">
  <mem-info id="1124" free="232448" total="11665408" percent="1">
    <mem type="tenure" free="232448" total="11665408" percent="1">
      <mem type="soa" free="0" total="11432960" percent="0" />
      <mem type="loa" free="232448" total="232448" percent="100" />
    </mem>
  </mem-info>
</gc-start>
<allocation-stats totalBytes="6071400" >
  <allocated-bytes non-tlh="1077552" tlh="4993848" />
  <largest-consumer threadName="main" threadId="0000000001BEEF00" bytes="6071400" />
</allocation-stats>
<gc-op id="1125" type="mark" timems="3.012" contextid="1122" timestamp="2019-08-04T20:02:29.544">
  <trace-info objectcount="82591" scancount="67847" scanbytes="2340940" />
  <finalization candidates="80" enqueued="0" />
  <ownableSynchronizers candidates="21" cleared="0" />
  <references type="soft" candidates="1015" cleared="0" enqueued="0" dynamicThreshold="17" maxThreshold="32" />
  <references type="weak" candidates="3785" cleared="5" enqueued="5" />
  <references type="phantom" candidates="98" cleared="0" enqueued="0" />
  <stringconstants candidates="9034" cleared="0"  />
</gc-op>
<gc-op id="1126" type="sweep" timems="1.419" contextid="1122" timestamp="2019-08-04T20:02:29.545" />
<gc-end id="1127" type="global" contextid="1122" durationms="4.600" usertimems="11.385" systemtimems="0.000" timestamp="2019-08-04T20:02:29.545" activeThreads="5">
  <mem-info id="1128" free="5847064" total="11665408" percent="50">
    <mem type="tenure" free="5847064" total="11665408" percent="50" micro-fragmented="479140" macro-fragmented="316368">
      <mem type="soa" free="5614616" total="11432960" percent="49" />
      <mem type="loa" free="232448" total="232448" percent="100" />
    </mem>
    <pending-finalizers system="0" default="0" reference="5" classloader="0" />
  </mem-info>
</gc-end>
<cycle-end id="1129" type="global" contextid="1122" timestamp="2019-08-04T20:02:29.545">
  <attribute name="GC Util" value="187" />
  <attribute name="CPU Util" value="6047979916539" />
  <attribute name="Time Running"value="97157"/>
  <attribute name="Number of cores"value="16"/>
</cycle-end>
<allocation-satisfied id="1130" threadId="0000000001BEEF00" bytesRequested="24" />
<af-end id="1131" timestamp="2019-08-04T20:02:29.545" threadId="0000000001BEF888" success="true" />
<exclusive-end id="1132" timestamp="2019-08-04T20:02:29.545" durationms="4.826" />

<exclusive-start id="1133" timestamp="2019-08-04T20:02:29.624" intervalms="83.399">
  <response-info timems="0.042" idlems="0.042" threads="0" lastid="0000000001BEEF00" lastname="main" />
</exclusive-start>
<af-start id="1134" threadId="0000000001BEF888" totalBytesRequested="23280" timestamp="2019-08-04T20:02:29.624" intervalms="83.399" />
<cycle-start id="1135" type="global" contextid="0" timestamp="2019-08-04T20:02:29.624" intervalms="83.400" />
  <attribute name="GC Util" value="187" />
  <attribute name="CPU Util" value="6047979916539" />
  <attribute name="Time Running"value="97157"/>
  <attribute name="Number of cores"value="16"/>
<gc-start id="1136" type="global" contextid="1135" timestamp="2019-08-04T20:02:29.624">
  <mem-info id="1137" free="574008" total="11665408" percent="4">
    <mem type="tenure" free="574008" total="11665408" percent="4">
      <mem type="soa" free="574008" total="11432960" percent="5" />
      <mem type="loa" free="0" total="232448" percent="0" />
    </mem>
  </mem-info>
</gc-start>
<allocation-stats totalBytes="5184528" >
  <allocated-bytes non-tlh="1315560" tlh="3868968" />
  <largest-consumer threadName="main" threadId="0000000001BEEF00" bytes="5184528" />
</allocation-stats>
<gc-op id="1138" type="mark" timems="2.922" contextid="1135" timestamp="2019-08-04T20:02:29.627">
  <trace-info objectcount="79120" scancount="64838" scanbytes="2269388" />
  <finalization candidates="80" enqueued="0" />
  <ownableSynchronizers candidates="21" cleared="0" />
  <references type="soft" candidates="1086" cleared="0" enqueued="0" dynamicThreshold="16" maxThreshold="32" />
  <references type="weak" candidates="3840" cleared="0" enqueued="0" />
  <references type="phantom" candidates="99" cleared="0" enqueued="0" />
  <stringconstants candidates="9222" cleared="0"  />
</gc-op>
<gc-op id="1139" type="sweep" timems="0.968" contextid="1135" timestamp="2019-08-04T20:02:29.628" />
<gc-end id="1140" type="global" contextid="1135" durationms="4.073" usertimems="10.224" systemtimems="0.000" timestamp="2019-08-04T20:02:29.628" activeThreads="5">
  <mem-info id="1141" free="6098720" total="11665408" percent="52">
    <mem type="tenure" free="6098720" total="11665408" percent="52" micro-fragmented="251372" macro-fragmented="166952">
      <mem type="soa" free="6098720" total="11432960" percent="53" />
      <mem type="loa" free="0" total="232448" percent="0" />
    </mem>
  </mem-info>
</gc-end>
<cycle-end id="1142" type="global" contextid="1135" timestamp="2019-08-04T20:02:29.628">
  <attribute name="GC Util" value="214" />
  <attribute name="CPU Util" value="6303460803856" />
  <attribute name="Time Running"value="97240"/>
  <attribute name="Number of cores"value="16"/>
</cycle-end>
<allocation-satisfied id="1143" threadId="0000000001BEEF00" bytesRequested="23280" />
<af-end id="1144" timestamp="2019-08-04T20:02:29.628" threadId="0000000001BEF888" success="true" />
<exclusive-end id="1145" timestamp="2019-08-04T20:02:29.628" durationms="4.370" />

<exclusive-start id="1146" timestamp="2019-08-04T20:02:29.702" intervalms="77.924">
  <response-info timems="0.024" idlems="0.024" threads="0" lastid="0000000001BEEF00" lastname="main" />
</exclusive-start>
<af-start id="1147" threadId="0000000001BEF888" totalBytesRequested="56" timestamp="2019-08-04T20:02:29.702" intervalms="77.930" />
<cycle-start id="1148" type="global" contextid="0" timestamp="2019-08-04T20:02:29.702" intervalms="77.924" />
  <attribute name="GC Util" value="214" />
  <attribute name="CPU Util" value="6303460803856" />
  <attribute name="Time Running"value="97240"/>
  <attribute name="Number of cores"value="16"/>
<gc-start id="1149" type="global" contextid="1148" timestamp="2019-08-04T20:02:29.702">
  <mem-info id="1150" free="0" total="11665408" percent="0">
    <mem type="tenure" free="0" total="11665408" percent="0">
      <mem type="soa" free="0" total="11432960" percent="0" />
      <mem type="loa" free="0" total="232448" percent="0" />
    </mem>
  </mem-info>
</gc-start>
<allocation-stats totalBytes="6100304" >
  <allocated-bytes non-tlh="217752" tlh="5882552" />
  <largest-consumer threadName="main" threadId="0000000001BEEF00" bytes="6100304" />
</allocation-stats>
<gc-op id="1151" type="mark" timems="2.839" contextid="1148" timestamp="2019-08-04T20:02:29.705">
  <trace-info objectcount="84054" scancount="69136" scanbytes="2358736" />
  <finalization candidates="80" enqueued="0" />
  <ownableSynchronizers candidates="21" cleared="0" />
  <references type="soft" candidates="1086" cleared="0" enqueued="0" dynamicThreshold="16" maxThreshold="32" />
  <references type="weak" candidates="3880" cleared="0" enqueued="0" />
  <references type="phantom" candidates="98" cleared="0" enqueued="0" />
  <stringconstants candidates="9245" cleared="0"  />
</gc-op>
<gc-op id="1152" type="sweep" timems="0.846" contextid="1148" timestamp="2019-08-04T20:02:29.706" />
<gc-end id="1153" type="global" contextid="1148" durationms="3.818" usertimems="9.601" systemtimems="0.000" timestamp="2019-08-04T20:02:29.706" activeThreads="5">
  <mem-info id="1154" free="5900128" total="11665408" percent="50">
    <mem type="tenure" free="5900128" total="11665408" percent="50" micro-fragmented="539520" macro-fragmented="1160205">
      <mem type="soa" free="5667680" total="11432960" percent="49" />
      <mem type="loa" free="232448" total="232448" percent="100" />
    </mem>
  </mem-info>
</gc-end>
<cycle-end id="1155" type="global" contextid="1148" timestamp="2019-08-04T20:02:29.706">
  <attribute name="GC Util" value="205" />
  <attribute name="CPU Util" value="6460581729442" />
  <attribute name="Time Running"value="97318"/>
  <attribute name="Number of cores"value="16"/>
</cycle-end>
<allocation-satisfied id="1156" threadId="0000000001BEEF00" bytesRequested="56" />
<af-end id="1157" timestamp="2019-08-04T20:02:29.706" threadId="0000000001BEF888" success="true" />
<exclusive-end id="1158" timestamp="2019-08-04T20:02:29.706" durationms="3.999" />

<exclusive-start id="1159" timestamp="2019-08-04T20:02:29.761" intervalms="59.718">
  <response-info timems="0.020" idlems="0.020" threads="0" lastid="0000000001BEEF00" lastname="main" />
</exclusive-start>
<af-start id="1160" threadId="0000000001BEF888" totalBytesRequested="47568" timestamp="2019-08-04T20:02:29.762" intervalms="59.716" />
<cycle-start id="1161" type="global" contextid="0" timestamp="2019-08-04T20:02:29.762" intervalms="59.714" />
  <attribute name="GC Util" value="205" />
  <attribute name="CPU Util" value="6460581729442" />
  <attribute name="Time Running"value="97318"/>
  <attribute name="Number of cores"value="16"/>
<gc-start id="1162" type="global" contextid="1161" timestamp="2019-08-04T20:02:29.762">
  <mem-info id="1163" free="3063512" total="11665408" percent="26">
    <mem type="tenure" free="3063512" total="11665408" percent="26">
      <mem type="soa" free="2831064" total="11432960" percent="24" />
      <mem type="loa" free="232448" total="232448" percent="100" />
    </mem>
  </mem-info>
</gc-start>
<allocation-stats totalBytes="2797200" >
  <allocated-bytes non-tlh="117560" tlh="2679640" />
  <largest-consumer threadName="main" threadId="0000000001BEEF00" bytes="2797200" />
</allocation-stats>
<gc-op id="1164" type="mark" timems="4.198" contextid="1161" timestamp="2019-08-04T20:02:29.766">
  <trace-info objectcount="70294" scancount="56827" scanbytes="1887604" />
  <finalization candidates="80" enqueued="0" />
  <ownableSynchronizers candidates="21" cleared="0" />
  <references type="soft" candidates="1086" cleared="0" enqueued="0" dynamicThreshold="16" maxThreshold="32" />
  <references type="weak" candidates="3880" cleared="1" enqueued="1" />
  <references type="phantom" candidates="98" cleared="0" enqueued="0" />
  <stringconstants candidates="9251" cleared="12"  />
</gc-op>
<gc-op id="1165" type="sweep" timems="0.776" contextid="1161" timestamp="2019-08-04T20:02:29.767" />
<gc-end id="1166" type="global" contextid="1161" durationms="5.166" usertimems="11.256" systemtimems="0.000" timestamp="2019-08-04T20:02:29.767" activeThreads="5">
  <mem-info id="1167" free="7025424" total="11665408" percent="60">
    <mem type="tenure" free="7025424" total="11665408" percent="60" micro-fragmented="103390" macro-fragmented="0">
      <mem type="soa" free="6792976" total="11432960" percent="59" />
      <mem type="loa" free="232448" total="232448" percent="100" />
    </mem>
    <pending-finalizers system="0" default="0" reference="1" classloader="0" />
  </mem-info>
</gc-end>
<cycle-end id="1168" type="global" contextid="1161" timestamp="2019-08-04T20:02:29.767">
  <attribute name="GC Util" value="170" />
  <attribute name="CPU Util" value="4340426683508" />
  <attribute name="Time Running"value="97379"/>
  <attribute name="Number of cores"value="16"/>
</cycle-end>
<allocation-satisfied id="1169" threadId="0000000001BEEF00" bytesRequested="47568" />
<af-end id="1170" timestamp="2019-08-04T20:02:29.767" threadId="0000000001BEF888" success="true" />
<exclusive-end id="1171" timestamp="2019-08-04T20:02:29.767" durationms="5.341" />

<exclusive-start id="1172" timestamp="2019-08-04T20:02:29.839" intervalms="77.064">
  <response-info timems="0.069" idlems="0.069" threads="0" lastid="0000000001BEEF00" lastname="main" />
</exclusive-start>
<af-start id="1173" threadId="0000000001BEF888" totalBytesRequested="32" timestamp="2019-08-04T20:02:29.839" intervalms="77.072" />
<cycle-start id="1174" type="global" contextid="0" timestamp="2019-08-04T20:02:29.839" intervalms="77.090" />
  <attribute name="GC Util" value="170" />
  <attribute name="CPU Util" value="4340426683508" />
  <attribute name="Time Running"value="97379"/>
  <attribute name="Number of cores"value="16"/>
<gc-start id="1175" type="global" contextid="1174" timestamp="2019-08-04T20:02:29.839">
  <mem-info id="1176" free="232448" total="11665408" percent="1">
    <mem type="tenure" free="232448" total="11665408" percent="1">
      <mem type="soa" free="0" total="11432960" percent="0" />
      <mem type="loa" free="232448" total="232448" percent="100" />
    </mem>
  </mem-info>
</gc-start>
<allocation-stats totalBytes="6797432" >
  <allocated-bytes non-tlh="974928" tlh="5822504" />
  <largest-consumer threadName="main" threadId="0000000001BEEF00" bytes="6791992" />
</allocation-stats>
<gc-op id="1177" type="mark" timems="3.383" contextid="1174" timestamp="2019-08-04T20:02:29.842">
  <trace-info objectcount="87391" scancount="72273" scanbytes="2504424" />
  <finalization candidates="80" enqueued="0" />
  <ownableSynchronizers candidates="21" cleared="0" />
  <references type="soft" candidates="1312" cleared="0" enqueued="0" dynamicThreshold="19" maxThreshold="32" />
  <references type="weak" candidates="4286" cleared="12" enqueued="11" />
  <references type="phantom" candidates="99" cleared="0" enqueued="0" />
  <stringconstants candidates="9697" cleared="0"  />
</gc-op>
<gc-op id="1178" type="sweep" timems="0.787" contextid="1174" timestamp="2019-08-04T20:02:29.843" />
<gc-end id="1179" type="global" contextid="1174" durationms="4.335" usertimems="12.519" systemtimems="0.000" timestamp="2019-08-04T20:02:29.843" activeThreads="5">
  <mem-info id="1180" free="5615280" total="11665408" percent="48">
    <mem type="tenure" free="5615280" total="11665408" percent="48" micro-fragmented="492662" macro-fragmented="878826">
      <mem type="soa" free="5382832" total="11432960" percent="47" />
      <mem type="loa" free="232448" total="232448" percent="100" />
    </mem>
    <pending-finalizers system="0" default="0" reference="11" classloader="0" />
  </mem-info>
</gc-end>
<cycle-end id="1181" type="global" contextid="1174" timestamp="2019-08-04T20:02:29.843">
  <attribute name="GC Util" value="222" />
  <attribute name="CPU Util" value="5293165118786" />
  <attribute name="Time Running"value="97455"/>
  <attribute name="Number of cores"value="16"/>
</cycle-end>
<allocation-satisfied id="1182" threadId="0000000001BEEF00" bytesRequested="32" />
<af-end id="1183" timestamp="2019-08-04T20:02:29.843" threadId="0000000001BEF888" success="true" />
<exclusive-end id="1184" timestamp="2019-08-04T20:02:29.843" durationms="4.582" />

<exclusive-start id="1185" timestamp="2019-08-04T20:02:29.891" intervalms="52.299">
  <response-info timems="0.073" idlems="0.073" threads="0" lastid="0000000001BEEF00" lastname="main" />
</exclusive-start>
<af-start id="1186" threadId="0000000001BEF888" totalBytesRequested="16" timestamp="2019-08-04T20:02:29.891" intervalms="52.297" />
<cycle-start id="1187" type="global" contextid="0" timestamp="2019-08-04T20:02:29.891" intervalms="52.283" />
  <attribute name="GC Util" value="222" />
  <attribute name="CPU Util" value="5293165118786" />
  <attribute name="Time Running"value="97455"/>
  <attribute name="Number of cores"value="16"/>
<gc-start id="1188" type="global" contextid="1187" timestamp="2019-08-04T20:02:29.891">
  <mem-info id="1189" free="0" total="11665408" percent="0">
    <mem type="tenure" free="0" total="11665408" percent="0">
      <mem type="soa" free="0" total="11432960" percent="0" />
      <mem type="loa" free="0" total="232448" percent="0" />
    </mem>
  </mem-info>
</gc-start>
<allocation-stats totalBytes="5534848" >
  <allocated-bytes non-tlh="597448" tlh="4937400" />
  <largest-consumer threadName="main" threadId="0000000001BEEF00" bytes="5534848" />
</allocation-stats>
<gc-op id="1190" type="mark" timems="4.168" contextid="1187" timestamp="2019-08-04T20:02:29.895">
  <trace-info objectcount="78424" scancount="64175" scanbytes="2142476" />
  <finalization candidates="80" enqueued="0" />
  <ownableSynchronizers candidates="21" cleared="0" />
  <references type="soft" candidates="1395" cleared="0" enqueued="0" dynamicThreshold="15" maxThreshold="32" />
  <references type="weak" candidates="4344" cleared="7" enqueued="7" />
  <references type="phantom" candidates="98" cleared="0" enqueued="0" />
  <stringconstants candidates="9940" cleared="12"  />
</gc-op>
<gc-op id="1191" type="sweep" timems="0.815" contextid="1187" timestamp="2019-08-04T20:02:29.896" />
<gc-end id="1192" type="global" contextid="1187" durationms="5.180" usertimems="13.160" systemtimems="0.000" timestamp="2019-08-04T20:02:29.896" activeThreads="5">
  <mem-info id="1193" free="6636504" total="11665408" percent="56">
    <mem type="tenure" free="6636504" total="11665408" percent="56" micro-fragmented="219154" macro-fragmented="528674">
      <mem type="soa" free="6404056" total="11432960" percent="56" />
      <mem type="loa" free="232448" total="232448" percent="100" />
    </mem>
    <pending-finalizers system="0" default="0" reference="7" classloader="0" />
  </mem-info>
</gc-end>
<cycle-end id="1194" type="global" contextid="1187" timestamp="2019-08-04T20:02:29.896">
  <attribute name="GC Util" value="155" />
  <attribute name="CPU Util" value="4342999791859" />
  <attribute name="Time Running"value="97508"/>
  <attribute name="Number of cores"value="16"/>
</cycle-end>
<allocation-satisfied id="1195" threadId="0000000001BEEF00" bytesRequested="16" />
<af-end id="1196" timestamp="2019-08-04T20:02:29.896" threadId="0000000001BEF888" success="true" />
<exclusive-end id="1197" timestamp="2019-08-04T20:02:29.896" durationms="5.496" />

<exclusive-start id="1198" timestamp="2019-08-04T20:02:29.925" intervalms="34.627">
  <response-info timems="0.010" idlems="0.010" threads="0" lastid="0000000001BEEF00" lastname="main" />
</exclusive-start>
<sys-start reason="explicit" id="1199" timestamp="2019-08-04T20:02:29.926" intervalms="97390.994" />
<cycle-start id="1200" type="global" contextid="0" timestamp="2019-08-04T20:02:29.926" intervalms="34.608" />
  <attribute name="GC Util" value="155" />
  <attribute name="CPU Util" value="4342999791859" />
  <attribute name="Time Running"value="97508"/>
  <attribute name="Number of cores"value="16"/>
<gc-start id="1201" type="global" contextid="1200" timestamp="2019-08-04T20:02:29.926">
  <mem-info id="1202" free="5288552" total="11665408" percent="45">
    <mem type="tenure" free="5288552" total="11665408" percent="45">
      <mem type="soa" free="5056104" total="11432960" percent="44" />
      <mem type="loa" free="232448" total="232448" percent="100" />
    </mem>
  </mem-info>
</gc-start>
<allocation-stats totalBytes="1329152" >
  <allocated-bytes non-tlh="366680" tlh="962472" />
  <largest-consumer threadName="main" threadId="0000000001BEEF00" bytes="1325056" />
</allocation-stats>
<gc-op id="1203" type="mark" timems="5.876" contextid="1200" timestamp="2019-08-04T20:02:29.931">
  <trace-info objectcount="75369" scancount="62787" scanbytes="2112744" />
  <finalization candidates="80" enqueued="0" />
  <ownableSynchronizers candidates="21" cleared="0" />
  <references type="soft" candidates="1632" cleared="0" enqueued="0" dynamicThreshold="18" maxThreshold="32" />
  <references type="weak" candidates="4540" cleared="16" enqueued="14" />
  <references type="phantom" candidates="98" cleared="1" enqueued="1" />
  <stringconstants candidates="10060" cleared="1394"  />
</gc-op>
<gc-op id="1204" type="classunload" timems="4.535" contextid="1200" timestamp="2019-08-04T20:02:29.936">
  <classunload-info classloadercandidates="18" classloadersunloaded="2" classesunloaded="509" anonymousclassesunloaded="0" quiescems="0.000" setupms="1.491" scanms="3.040" postms="0.004" />
</gc-op>
<gc-op id="1205" type="sweep" timems="0.913" contextid="1200" timestamp="2019-08-04T20:02:29.938" />
<mem-info id="1206" free="6593776" total="11665408" percent="56">
  <mem type="tenure" free="6593776" total="11665408" percent="56" micro-fragmented="478084" macro-fragmented="44900">
    <mem type="soa" free="6361328" total="11432960" percent="55" />
    <mem type="loa" free="232448" total="232448" percent="100" />
  </mem>
  <pending-finalizers system="0" default="0" reference="15" classloader="0" />
</mem-info>
<gc-op id="1207" type="compact" timems="19.628" contextid="1200" timestamp="2019-08-04T20:02:29.958">
  <compact-info movecount="72053" movebytes="4347160" reason="compact on aggressive collection" />
</gc-op>
<gc-end id="1208" type="global" contextid="1200" durationms="32.201" usertimems="45.145" systemtimems="0.000" timestamp="2019-08-04T20:02:29.958" activeThreads="5">
  <mem-info id="1209" free="7144944" total="11665408" percent="61">
    <mem type="tenure" free="7144944" total="11665408" percent="61">
      <mem type="soa" free="6912496" total="11432960" percent="60" />
      <mem type="loa" free="232448" total="232448" percent="100" />
    </mem>
    <pending-finalizers system="0" default="0" reference="15" classloader="0" />
  </mem-info>
</gc-end>
<cycle-end id="1210" type="global" contextid="1200" timestamp="2019-08-04T20:02:29.958">
  <attribute name="GC Util" value="46" />
  <attribute name="CPU Util" value="19247598010772" />
  <attribute name="Time Running"value="97551"/>
  <attribute name="Number of cores"value="16"/>
</cycle-end>
<sys-end id="1211" timestamp="2019-08-04T20:02:29.958" />
<exclusive-end id="1212" timestamp="2019-08-04T20:02:29.958" durationms="32.904" />

===== DaCapo 9.12-MR1 jython starting =====
<exclusive-start id="1213" timestamp="2019-08-04T20:02:30.011" intervalms="85.376">
  <response-info timems="0.022" idlems="0.022" threads="0" lastid="0000000001BEEF00" lastname="main" />
</exclusive-start>
<af-start id="1214" threadId="0000000001BEF888" totalBytesRequested="24" timestamp="2019-08-04T20:02:30.011" intervalms="120.012" />
<cycle-start id="1215" type="global" contextid="0" timestamp="2019-08-04T20:02:30.011" intervalms="85.408" />
  <attribute name="GC Util" value="46" />
  <attribute name="CPU Util" value="19247598010772" />
  <attribute name="Time Running"value="97551"/>
  <attribute name="Number of cores"value="16"/>
<gc-start id="1216" type="global" contextid="1215" timestamp="2019-08-04T20:02:30.011">
  <mem-info id="1217" free="232448" total="11665408" percent="1">
    <mem type="tenure" free="232448" total="11665408" percent="1">
      <mem type="soa" free="0" total="11432960" percent="0" />
      <mem type="loa" free="232448" total="232448" percent="100" />
    </mem>
  </mem-info>
</gc-start>
<allocation-stats totalBytes="6911320" >
  <allocated-bytes non-tlh="528488" tlh="6382832" />
  <largest-consumer threadName="main" threadId="0000000001BEEF00" bytes="6903128" />
</allocation-stats>
<gc-op id="1218" type="mark" timems="3.219" contextid="1215" timestamp="2019-08-04T20:02:30.014">
  <trace-info objectcount="90843" scancount="76827" scanbytes="2734576" />
  <finalization candidates="80" enqueued="0" />
  <ownableSynchronizers candidates="21" cleared="0" />
  <references type="soft" candidates="1632" cleared="0" enqueued="0" dynamicThreshold="19" maxThreshold="32" />
  <references type="weak" candidates="4525" cleared="0" enqueued="0" />
  <references type="phantom" candidates="99" cleared="2" enqueued="2" />
  <stringconstants candidates="8679" cleared="0"  />
</gc-op>
<gc-op id="1219" type="sweep" timems="0.925" contextid="1215" timestamp="2019-08-04T20:02:30.015" />
<gc-end id="1220" type="global" contextid="1215" durationms="4.368" usertimems="10.659" systemtimems="0.000" timestamp="2019-08-04T20:02:30.015" activeThreads="5">
  <mem-info id="1221" free="5978304" total="11665408" percent="51">
    <mem type="tenure" free="5978304" total="11665408" percent="51" micro-fragmented="152555" macro-fragmented="932121">
      <mem type="soa" free="5745856" total="11432960" percent="50" />
      <mem type="loa" free="232448" total="232448" percent="100" />
    </mem>
    <pending-finalizers system="0" default="0" reference="2" classloader="0" />
  </mem-info>
</gc-end>
<cycle-end id="1222" type="global" contextid="1215" timestamp="2019-08-04T20:02:30.015">
  <attribute name="GC Util" value="207" />
  <attribute name="CPU Util" value="5950683497578" />
  <attribute name="Time Running"value="97627"/>
  <attribute name="Number of cores"value="16"/>
</cycle-end>
<allocation-satisfied id="1223" threadId="0000000001BEEF00" bytesRequested="24" />
<af-end id="1224" timestamp="2019-08-04T20:02:30.015" threadId="0000000001BEF888" success="true" />
<exclusive-end id="1225" timestamp="2019-08-04T20:02:30.015" durationms="4.576" />

<exclusive-start id="1226" timestamp="2019-08-04T20:02:30.033" intervalms="21.729">
  <response-info timems="0.018" idlems="0.018" threads="0" lastid="0000000001BEEF00" lastname="main" />
</exclusive-start>
<af-start id="1227" threadId="0000000001BEF888" totalBytesRequested="32" timestamp="2019-08-04T20:02:30.033" intervalms="21.722" />
<cycle-start id="1228" type="global" contextid="0" timestamp="2019-08-04T20:02:30.033" intervalms="21.713" />
  <attribute name="GC Util" value="207" />
  <attribute name="CPU Util" value="5950683497578" />
  <attribute name="Time Running"value="97627"/>
  <attribute name="Number of cores"value="16"/>
<gc-start id="1229" type="global" contextid="1228" timestamp="2019-08-04T20:02:30.033">
  <mem-info id="1230" free="232448" total="11665408" percent="1">
    <mem type="tenure" free="232448" total="11665408" percent="1">
      <mem type="soa" free="0" total="11432960" percent="0" />
      <mem type="loa" free="232448" total="232448" percent="100" />
    </mem>
  </mem-info>
</gc-start>
<allocation-stats totalBytes="5760624" >
  <allocated-bytes non-tlh="0" tlh="5760624" />
  <largest-consumer threadName="main" threadId="0000000001BEEF00" bytes="5760624" />
</allocation-stats>
<gc-op id="1231" type="mark" timems="3.837" contextid="1228" timestamp="2019-08-04T20:02:30.037">
  <trace-info objectcount="98500" scancount="83525" scanbytes="2986740" />
  <finalization candidates="80" enqueued="0" />
  <ownableSynchronizers candidates="21" cleared="0" />
  <references type="soft" candidates="1632" cleared="0" enqueued="0" dynamicThreshold="16" maxThreshold="32" />
  <references type="weak" candidates="4525" cleared="0" enqueued="0" />
  <references type="phantom" candidates="97" cleared="0" enqueued="0" />
  <stringconstants candidates="8679" cleared="0"  />
</gc-op>
<gc-op id="1232" type="sweep" timems="0.777" contextid="1228" timestamp="2019-08-04T20:02:30.037" />
<gc-end id="1233" type="global" contextid="1228" durationms="4.746" usertimems="11.486" systemtimems="0.000" timestamp="2019-08-04T20:02:30.037" activeThreads="5">
  <mem-info id="1234" free="5405784" total="11665408" percent="46">
    <mem type="tenure" free="5405784" total="11665408" percent="46" micro-fragmented="336955" macro-fragmented="931898">
      <mem type="soa" free="5173336" total="11432960" percent="45" />
      <mem type="loa" free="232448" total="232448" percent="100" />
    </mem>
  </mem-info>
</gc-end>
<cycle-end id="1235" type="global" contextid="1228" timestamp="2019-08-04T20:02:30.037">
  <attribute name="GC Util" value="192" />
  <attribute name="CPU Util" value="4813587083459" />
  <attribute name="Time Running"value="97650"/>
  <attribute name="Number of cores"value="16"/>
</cycle-end>
<allocation-satisfied id="1236" threadId="0000000001BEEF00" bytesRequested="32" />
<af-end id="1237" timestamp="2019-08-04T20:02:30.037" threadId="0000000001BEF888" success="true" />
<exclusive-end id="1238" timestamp="2019-08-04T20:02:30.037" durationms="4.932" />

<exclusive-start id="1239" timestamp="2019-08-04T20:02:30.062" intervalms="29.690">
  <response-info timems="0.027" idlems="0.027" threads="0" lastid="0000000001BEEF00" lastname="main" />
</exclusive-start>
<af-start id="1240" threadId="0000000001BEF888" totalBytesRequested="45264" timestamp="2019-08-04T20:02:30.062" intervalms="29.679" />
<cycle-start id="1241" type="global" contextid="0" timestamp="2019-08-04T20:02:30.062" intervalms="29.681" />
  <attribute name="GC Util" value="192" />
  <attribute name="CPU Util" value="4813587083459" />
  <attribute name="Time Running"value="97650"/>
  <attribute name="Number of cores"value="16"/>
<gc-start id="1242" type="global" contextid="1241" timestamp="2019-08-04T20:02:30.062">
  <mem-info id="1243" free="2834112" total="11665408" percent="24">
    <mem type="tenure" free="2834112" total="11665408" percent="24">
      <mem type="soa" free="2601664" total="11432960" percent="22" />
      <mem type="loa" free="232448" total="232448" percent="100" />
    </mem>
  </mem-info>
</gc-start>
<allocation-stats totalBytes="2546968" >
  <allocated-bytes non-tlh="74312" tlh="2472656" />
  <largest-consumer threadName="main" threadId="0000000001BEEF00" bytes="2546968" />
</allocation-stats>
<gc-op id="1244" type="mark" timems="4.037" contextid="1241" timestamp="2019-08-04T20:02:30.066">
  <trace-info objectcount="98466" scancount="82373" scanbytes="2882192" />
  <finalization candidates="80" enqueued="0" />
  <ownableSynchronizers candidates="21" cleared="0" />
  <references type="soft" candidates="1632" cleared="1" enqueued="1" dynamicThreshold="14" maxThreshold="32" />
  <references type="weak" candidates="4525" cleared="0" enqueued="0" />
  <references type="phantom" candidates="96" cleared="0" enqueued="0" />
  <stringconstants candidates="8679" cleared="0"  />
</gc-op>
<gc-op id="1245" type="sweep" timems="1.209" contextid="1241" timestamp="2019-08-04T20:02:30.068" />
<gc-end id="1246" type="global" contextid="1241" durationms="5.571" usertimems="13.304" systemtimems="0.000" timestamp="2019-08-04T20:02:30.068" activeThreads="5">
  <mem-info id="1247" free="5020664" total="11665408" percent="43">
    <mem type="tenure" free="5020664" total="11665408" percent="43" micro-fragmented="815081" macro-fragmented="0">
      <mem type="soa" free="4788216" total="11432960" percent="41" />
      <mem type="loa" free="232448" total="232448" percent="100" />
    </mem>
    <pending-finalizers system="0" default="0" reference="1" classloader="0" />
  </mem-info>
</gc-end>
<cycle-end id="1248" type="global" contextid="1241" timestamp="2019-08-04T20:02:30.068">
  <attribute name="GC Util" value="191" />
  <attribute name="CPU Util" value="4562800146030" />
  <attribute name="Time Running"value="97680"/>
  <attribute name="Number of cores"value="16"/>
</cycle-end>
<allocation-satisfied id="1249" threadId="0000000001BEEF00" bytesRequested="45264" />
<af-end id="1250" timestamp="2019-08-04T20:02:30.068" threadId="0000000001BEF888" success="true" />
<exclusive-end id="1251" timestamp="2019-08-04T20:02:30.068" durationms="5.786" />

<exclusive-start id="1252" timestamp="2019-08-04T20:02:30.097" intervalms="35.051">
  <response-info timems="0.019" idlems="0.019" threads="0" lastid="0000000001BEEF00" lastname="main" />
</exclusive-start>
<af-start id="1253" threadId="0000000001BEF888" totalBytesRequested="32776" timestamp="2019-08-04T20:02:30.097" intervalms="35.049" />
<cycle-start id="1254" type="global" contextid="0" timestamp="2019-08-04T20:02:30.097" intervalms="35.051" />
  <attribute name="GC Util" value="191" />
  <attribute name="CPU Util" value="4562800146030" />
  <attribute name="Time Running"value="97680"/>
  <attribute name="Number of cores"value="16"/>
<gc-start id="1255" type="global" contextid="1254" timestamp="2019-08-04T20:02:30.097">
  <mem-info id="1256" free="3670288" total="11665408" percent="31">
    <mem type="tenure" free="3670288" total="11665408" percent="31">
      <mem type="soa" free="3437840" total="11432960" percent="30" />
      <mem type="loa" free="232448" total="232448" percent="100" />
    </mem>
  </mem-info>
</gc-start>
<allocation-stats totalBytes="1262704" >
  <allocated-bytes non-tlh="533432" tlh="729272" />
  <largest-consumer threadName="main" threadId="0000000001BEEF00" bytes="1262704" />
</allocation-stats>
<gc-op id="1257" type="mark" timems="4.005" contextid="1254" timestamp="2019-08-04T20:02:30.101">
  <trace-info objectcount="86549" scancount="70708" scanbytes="2299120" />
  <finalization candidates="80" enqueued="0" />
  <ownableSynchronizers candidates="21" cleared="0" />
  <references type="soft" candidates="1688" cleared="170" enqueued="165" dynamicThreshold="13" maxThreshold="32" />
  <references type="weak" candidates="4646" cleared="18" enqueued="15" />
  <references type="phantom" candidates="97" cleared="0" enqueued="0" />
  <stringconstants candidates="10888" cleared="12"  />
</gc-op>
<gc-op id="1258" type="sweep" timems="1.006" contextid="1254" timestamp="2019-08-04T20:02:30.102" />
<heap-resize id="1259" type="expand" space="tenure" amount="1048576" count="1" timems="0.030" reason="excessive time being spent in gc" timestamp="2019-08-04T20:02:30.103" />
<gc-end id="1260" type="global" contextid="1254" durationms="5.291" usertimems="12.350" systemtimems="0.000" timestamp="2019-08-04T20:02:30.103" activeThreads="5">
  <mem-info id="1261" free="7811280" total="12713984" percent="61">
    <mem type="tenure" free="7811280" total="12713984" percent="61" micro-fragmented="95473" macro-fragmented="3657">
      <mem type="soa" free="7557328" total="12460032" percent="60" />
      <mem type="loa" free="253952" total="253952" percent="100" />
    </mem>
    <pending-finalizers system="0" default="0" reference="180" classloader="0" />
  </mem-info>
</gc-end>
<cycle-end id="1262" type="global" contextid="1254" timestamp="2019-08-04T20:02:30.103">
  <attribute name="GC Util" value="191" />
  <attribute name="CPU Util" value="4562376956676" />
  <attribute name="Time Running"value="97715"/>
  <attribute name="Number of cores"value="16"/>
</cycle-end>
<allocation-satisfied id="1263" threadId="0000000001BEEF00" bytesRequested="32776" />
<af-end id="1264" timestamp="2019-08-04T20:02:30.104" threadId="0000000001BEF888" success="true" />
<exclusive-end id="1265" timestamp="2019-08-04T20:02:30.104" durationms="6.433" />

<exclusive-start id="1266" timestamp="2019-08-04T20:02:30.158" intervalms="60.294">
  <response-info timems="0.019" idlems="0.019" threads="0" lastid="0000000001BEEF00" lastname="main" />
</exclusive-start>
<af-start id="1267" threadId="0000000001BEF888" totalBytesRequested="16" timestamp="2019-08-04T20:02:30.158" intervalms="60.310" />
<cycle-start id="1268" type="global" contextid="0" timestamp="2019-08-04T20:02:30.158" intervalms="60.322" />
  <attribute name="GC Util" value="191" />
  <attribute name="CPU Util" value="4562376956676" />
  <attribute name="Time Running"value="97715"/>
  <attribute name="Number of cores"value="16"/>
<gc-start id="1269" type="global" contextid="1268" timestamp="2019-08-04T20:02:30.158">
  <mem-info id="1270" free="0" total="12713984" percent="0">
    <mem type="tenure" free="0" total="12713984" percent="0">
      <mem type="soa" free="0" total="12460032" percent="0" />
      <mem type="loa" free="0" total="253952" percent="0" />
    </mem>
  </mem-info>
</gc-start>
<allocation-stats totalBytes="7773288" >
  <allocated-bytes non-tlh="913720" tlh="6859568" />
  <largest-consumer threadName="main" threadId="0000000001BEEF00" bytes="7770144" />
</allocation-stats>
<gc-op id="1271" type="mark" timems="6.293" contextid="1268" timestamp="2019-08-04T20:02:30.164">
  <trace-info objectcount="87269" scancount="71160" scanbytes="2332268" />
  <finalization candidates="80" enqueued="0" />
  <ownableSynchronizers candidates="21" cleared="0" />
  <references type="soft" candidates="1551" cleared="0" enqueued="0" dynamicThreshold="19" maxThreshold="32" />
  <references type="weak" candidates="4637" cleared="3" enqueued="3" />
  <references type="phantom" candidates="97" cleared="0" enqueued="0" />
  <stringconstants candidates="10996" cleared="34"  />
</gc-op>
<gc-op id="1272" type="classunload" timems="0.005" contextid="1268" timestamp="2019-08-04T20:02:30.164">
  <classunload-info classloadercandidates="18" classloadersunloaded="0" classesunloaded="0" anonymousclassesunloaded="0" quiescems="0.000" setupms="0.005" scanms="0.000" postms="0.000" />
</gc-op>
<gc-op id="1273" type="sweep" timems="1.220" contextid="1268" timestamp="2019-08-04T20:02:30.165" />
<heap-resize id="1274" type="expand" space="tenure" amount="1048576" count="1" timems="0.036" reason="excessive time being spent in gc" timestamp="2019-08-04T20:02:30.166" />
<gc-end id="1275" type="global" contextid="1268" durationms="7.798" usertimems="16.270" systemtimems="0.000" timestamp="2019-08-04T20:02:30.166" activeThreads="6">
  <mem-info id="1276" free="8510312" total="13762560" percent="61">
    <mem type="tenure" free="8510312" total="13762560" percent="61" micro-fragmented="67249" macro-fragmented="0">
      <mem type="soa" free="8235880" total="13488128" percent="61" />
      <mem type="loa" free="274432" total="274432" percent="100" />
    </mem>
    <pending-finalizers system="0" default="0" reference="3" classloader="0" />
  </mem-info>
</gc-end>
<cycle-end id="1277" type="global" contextid="1268" timestamp="2019-08-04T20:02:30.166">
  <attribute name="GC Util" value="285" />
  <attribute name="CPU Util" value="2882395167327" />
  <attribute name="Time Running"value="97777"/>
  <attribute name="Number of cores"value="16"/>
</cycle-end>
<allocation-satisfied id="1278" threadId="0000000001BEEF00" bytesRequested="16" />
<af-end id="1279" timestamp="2019-08-04T20:02:30.166" threadId="0000000001BEF888" success="true" />
<exclusive-end id="1280" timestamp="2019-08-04T20:02:30.166" durationms="8.023" />

<exclusive-start id="1281" timestamp="2019-08-04T20:02:30.215" intervalms="57.762">
  <response-info timems="0.049" idlems="0.049" threads="0" lastid="0000000001BEEF00" lastname="main" />
</exclusive-start>
<af-start id="1282" threadId="0000000001BEF888" totalBytesRequested="24" timestamp="2019-08-04T20:02:30.215" intervalms="57.760" />
<cycle-start id="1283" type="global" contextid="0" timestamp="2019-08-04T20:02:30.215" intervalms="57.762" />
  <attribute name="GC Util" value="285" />
  <attribute name="CPU Util" value="2882395167327" />
  <attribute name="Time Running"value="97777"/>
  <attribute name="Number of cores"value="16"/>
<gc-start id="1284" type="global" contextid="1283" timestamp="2019-08-04T20:02:30.216">
  <mem-info id="1285" free="274432" total="13762560" percent="1">
    <mem type="tenure" free="274432" total="13762560" percent="1">
      <mem type="soa" free="0" total="13488128" percent="0" />
      <mem type="loa" free="274432" total="274432" percent="100" />
    </mem>
  </mem-info>
</gc-start>
<allocation-stats totalBytes="8224272" >
  <allocated-bytes non-tlh="257520" tlh="7966752" />
  <largest-consumer threadName="main" threadId="0000000001BEEF00" bytes="8220176" />
</allocation-stats>
<gc-op id="1286" type="mark" timems="3.803" contextid="1283" timestamp="2019-08-04T20:02:30.219">
  <trace-info objectcount="94964" scancount="78365" scanbytes="2673160" />
  <finalization candidates="80" enqueued="0" />
  <ownableSynchronizers candidates="21" cleared="0" />
  <references type="soft" candidates="1552" cleared="0" enqueued="0" dynamicThreshold="19" maxThreshold="32" />
  <references type="weak" candidates="4653" cleared="0" enqueued="0" />
  <references type="phantom" candidates="97" cleared="0" enqueued="0" />
  <stringconstants candidates="11038" cleared="0"  />
</gc-op>
<gc-op id="1287" type="sweep" timems="1.480" contextid="1283" timestamp="2019-08-04T20:02:30.221" />
<heap-resize id="1288" type="expand" space="tenure" amount="1048576" count="1" timems="0.054" reason="excessive time being spent in gc" timestamp="2019-08-04T20:02:30.221" />
<gc-end id="1289" type="global" contextid="1283" durationms="5.603" usertimems="21.374" systemtimems="0.000" timestamp="2019-08-04T20:02:30.221" activeThreads="6">
  <mem-info id="1290" free="9034400" total="14811136" percent="60">
    <mem type="tenure" free="9034400" total="14811136" percent="60" micro-fragmented="261836" macro-fragmented="0">
      <mem type="soa" free="8738464" total="14515200" percent="60" />
      <mem type="loa" free="295936" total="295936" percent="100" />
    </mem>
  </mem-info>
</gc-end>
<cycle-end id="1291" type="global" contextid="1283" timestamp="2019-08-04T20:02:30.221">
  <attribute name="GC Util" value="270" />
  <attribute name="CPU Util" value="4839396530457" />
  <attribute name="Time Running"value="97833"/>
  <attribute name="Number of cores"value="16"/>
</cycle-end>
<allocation-satisfied id="1292" threadId="0000000001BEEF00" bytesRequested="24" />
<af-end id="1293" timestamp="2019-08-04T20:02:30.221" threadId="0000000001BEF888" success="true" />
<exclusive-end id="1294" timestamp="2019-08-04T20:02:30.221" durationms="5.829" />

<exclusive-start id="1295" timestamp="2019-08-04T20:02:30.249" intervalms="33.164">
  <response-info timems="0.020" idlems="0.020" threads="0" lastid="0000000001BEEF00" lastname="main" />
</exclusive-start>
<af-start id="1296" threadId="0000000001BEF888" totalBytesRequested="24" timestamp="2019-08-04T20:02:30.249" intervalms="33.166" />
<cycle-start id="1297" type="global" contextid="0" timestamp="2019-08-04T20:02:30.249" intervalms="33.148" />
  <attribute name="GC Util" value="270" />
  <attribute name="CPU Util" value="4839396530457" />
  <attribute name="Time Running"value="97833"/>
  <attribute name="Number of cores"value="16"/>
<gc-start id="1298" type="global" contextid="1297" timestamp="2019-08-04T20:02:30.249">
  <mem-info id="1299" free="295936" total="14811136" percent="1">
    <mem type="tenure" free="295936" total="14811136" percent="1">
      <mem type="soa" free="0" total="14515200" percent="0" />
      <mem type="loa" free="295936" total="295936" percent="100" />
    </mem>
  </mem-info>
</gc-start>
<allocation-stats totalBytes="8732392" >
  <allocated-bytes non-tlh="0" tlh="8732392" />
  <largest-consumer threadName="main" threadId="0000000001BEEF00" bytes="8732392" />
</allocation-stats>
<gc-op id="1300" type="mark" timems="4.714" contextid="1297" timestamp="2019-08-04T20:02:30.253">
  <trace-info objectcount="102077" scancount="84784" scanbytes="2925812" />
  <finalization candidates="80" enqueued="0" />
  <ownableSynchronizers candidates="21" cleared="0" />
  <references type="soft" candidates="1552" cleared="0" enqueued="0" dynamicThreshold="19" maxThreshold="32" />
  <references type="weak" candidates="4653" cleared="0" enqueued="0" />
  <references type="phantom" candidates="97" cleared="0" enqueued="0" />
  <stringconstants candidates="11038" cleared="0"  />
</gc-op>
<gc-op id="1301" type="sweep" timems="1.694" contextid="1297" timestamp="2019-08-04T20:02:30.255" />
<heap-resize id="1302" type="expand" space="tenure" amount="1048576" count="1" timems="0.140" reason="excessive time being spent in gc" timestamp="2019-08-04T20:02:30.255" />
<gc-end id="1303" type="global" contextid="1297" durationms="6.809" usertimems="16.002" systemtimems="0.000" timestamp="2019-08-04T20:02:30.255" activeThreads="7">
  <mem-info id="1304" free="9661400" total="15859712" percent="60">
    <mem type="tenure" free="9661400" total="15859712" percent="60" micro-fragmented="325860" macro-fragmented="0">
      <mem type="soa" free="9344984" total="15543296" percent="60" />
      <mem type="loa" free="316416" total="316416" percent="100" />
    </mem>
  </mem-info>
</gc-end>
<cycle-end id="1305" type="global" contextid="1297" timestamp="2019-08-04T20:02:30.256">
  <attribute name="GC Util" value="314" />
  <attribute name="CPU Util" value="3884014016774" />
  <attribute name="Time Running"value="97867"/>
  <attribute name="Number of cores"value="16"/>
</cycle-end>
<allocation-satisfied id="1306" threadId="0000000001BEEF00" bytesRequested="24" />
<af-end id="1307" timestamp="2019-08-04T20:02:30.256" threadId="0000000001BEF888" success="true" />
<exclusive-end id="1308" timestamp="2019-08-04T20:02:30.256" durationms="7.006" />

<exclusive-start id="1309" timestamp="2019-08-04T20:02:30.308" intervalms="59.306">
  <response-info timems="0.038" idlems="0.038" threads="0" lastid="0000000001BEEF00" lastname="main" />
</exclusive-start>
<af-start id="1310" threadId="0000000001BEF888" totalBytesRequested="24" timestamp="2019-08-04T20:02:30.308" intervalms="59.294" />
<cycle-start id="1311" type="global" contextid="0" timestamp="2019-08-04T20:02:30.308" intervalms="59.302" />
  <attribute name="GC Util" value="314" />
  <attribute name="CPU Util" value="3884014016774" />
  <attribute name="Time Running"value="97867"/>
  <attribute name="Number of cores"value="16"/>
<gc-start id="1312" type="global" contextid="1311" timestamp="2019-08-04T20:02:30.308">
  <mem-info id="1313" free="316416" total="15859712" percent="1">
    <mem type="tenure" free="316416" total="15859712" percent="1">
      <mem type="soa" free="0" total="15543296" percent="0" />
      <mem type="loa" free="316416" total="316416" percent="100" />
    </mem>
  </mem-info>
</gc-start>
<allocation-stats totalBytes="9316536" >
  <allocated-bytes non-tlh="537736" tlh="8778800" />
  <largest-consumer threadName="main" threadId="0000000001BEEF00" bytes="9316536" />
</allocation-stats>
<gc-op id="1314" type="mark" timems="3.104" contextid="1311" timestamp="2019-08-04T20:02:30.311">
  <trace-info objectcount="91728" scancount="75265" scanbytes="2495832" />
  <finalization candidates="80" enqueued="0" />
  <ownableSynchronizers candidates="21" cleared="0" />
  <references type="soft" candidates="1562" cleared="0" enqueued="0" dynamicThreshold="19" maxThreshold="32" />
  <references type="weak" candidates="4655" cleared="0" enqueued="0" />
  <references type="phantom" candidates="97" cleared="0" enqueued="0" />
  <stringconstants candidates="11102" cleared="0"  />
</gc-op>
<gc-op id="1315" type="sweep" timems="0.891" contextid="1311" timestamp="2019-08-04T20:02:30.312" />
<gc-end id="1316" type="global" contextid="1311" durationms="4.155" usertimems="12.215" systemtimems="0.000" timestamp="2019-08-04T20:02:30.312" activeThreads="7">
  <mem-info id="1317" free="10401376" total="15859712" percent="65">
    <mem type="tenure" free="10401376" total="15859712" percent="65" micro-fragmented="194708" macro-fragmented="64072">
      <mem type="soa" free="10084960" total="15543296" percent="64" />
      <mem type="loa" free="316416" total="316416" percent="100" />
    </mem>
  </mem-info>
</gc-end>
<cycle-end id="1318" type="global" contextid="1311" timestamp="2019-08-04T20:02:30.312">
  <attribute name="GC Util" value="272" />
  <attribute name="CPU Util" value="5952275279820" />
  <attribute name="Time Running"value="97924"/>
  <attribute name="Number of cores"value="16"/>
</cycle-end>
<allocation-satisfied id="1319" threadId="0000000001BEEF00" bytesRequested="24" />
<af-end id="1320" timestamp="2019-08-04T20:02:30.312" threadId="0000000001BEF888" success="true" />
<exclusive-end id="1321" timestamp="2019-08-04T20:02:30.312" durationms="4.313" />

<exclusive-start id="1322" timestamp="2019-08-04T20:02:30.373" intervalms="64.769">
  <response-info timems="0.015" idlems="0.015" threads="0" lastid="0000000001BEEF00" lastname="main" />
</exclusive-start>
<af-start id="1323" threadId="0000000001BEF888" totalBytesRequested="32" timestamp="2019-08-04T20:02:30.373" intervalms="64.780" />
<cycle-start id="1324" type="global" contextid="0" timestamp="2019-08-04T20:02:30.373" intervalms="64.778" />
  <attribute name="GC Util" value="272" />
  <attribute name="CPU Util" value="5952275279820" />
  <attribute name="Time Running"value="97924"/>
  <attribute name="Number of cores"value="16"/>
<gc-start id="1325" type="global" contextid="1324" timestamp="2019-08-04T20:02:30.373">
  <mem-info id="1326" free="316416" total="15859712" percent="1">
    <mem type="tenure" free="316416" total="15859712" percent="1">
      <mem type="soa" free="0" total="15543296" percent="0" />
      <mem type="loa" free="316416" total="316416" percent="100" />
    </mem>
  </mem-info>
</gc-start>
<allocation-stats totalBytes="10073088" >
  <allocated-bytes non-tlh="565088" tlh="9508000" />
  <largest-consumer threadName="main" threadId="0000000001BEEF00" bytes="10073088" />
</allocation-stats>
<gc-op id="1327" type="mark" timems="4.013" contextid="1324" timestamp="2019-08-04T20:02:30.377">
  <trace-info objectcount="107017" scancount="89154" scanbytes="3117700" />
  <finalization candidates="80" enqueued="0" />
  <ownableSynchronizers candidates="21" cleared="0" />
  <references type="soft" candidates="1563" cleared="0" enqueued="0" dynamicThreshold="20" maxThreshold="32" />
  <references type="weak" candidates="4840" cleared="0" enqueued="0" />
  <references type="phantom" candidates="97" cleared="0" enqueued="0" />
  <stringconstants candidates="11288" cleared="0"  />
</gc-op>
<gc-op id="1328" type="sweep" timems="1.002" contextid="1324" timestamp="2019-08-04T20:02:30.378" />
<gc-end id="1329" type="global" contextid="1324" durationms="5.159" usertimems="14.204" systemtimems="0.000" timestamp="2019-08-04T20:02:30.378" activeThreads="7">
  <mem-info id="1330" free="9304048" total="15859712" percent="58">
    <mem type="tenure" free="9304048" total="15859712" percent="58" micro-fragmented="356734" macro-fragmented="0">
      <mem type="soa" free="8987632" total="15543296" percent="57" />
      <mem type="loa" free="316416" total="316416" percent="100" />
    </mem>
  </mem-info>
</gc-end>
<cycle-end id="1331" type="global" contextid="1324" timestamp="2019-08-04T20:02:30.378">
  <attribute name="GC Util" value="258" />
  <attribute name="CPU Util" value="4599113158781" />
  <attribute name="Time Running"value="97990"/>
  <attribute name="Number of cores"value="16"/>
</cycle-end>
<allocation-satisfied id="1332" threadId="0000000001BEEF00" bytesRequested="32" />
<af-end id="1333" timestamp="2019-08-04T20:02:30.378" threadId="0000000001BEF888" success="true" />
<exclusive-end id="1334" timestamp="2019-08-04T20:02:30.378" durationms="5.336" />

<exclusive-start id="1335" timestamp="2019-08-04T20:02:30.397" intervalms="24.274">
  <response-info timems="0.038" idlems="0.038" threads="0" lastid="0000000001BEEF00" lastname="main" />
</exclusive-start>
<af-start id="1336" threadId="0000000001BEF888" totalBytesRequested="24" timestamp="2019-08-04T20:02:30.397" intervalms="24.252" />
<cycle-start id="1337" type="global" contextid="0" timestamp="2019-08-04T20:02:30.397" intervalms="24.243" />
  <attribute name="GC Util" value="258" />
  <attribute name="CPU Util" value="4599113158781" />
  <attribute name="Time Running"value="97990"/>
  <attribute name="Number of cores"value="16"/>
<gc-start id="1338" type="global" contextid="1337" timestamp="2019-08-04T20:02:30.397">
  <mem-info id="1339" free="316416" total="15859712" percent="1">
    <mem type="tenure" free="316416" total="15859712" percent="1">
      <mem type="soa" free="0" total="15543296" percent="0" />
      <mem type="loa" free="316416" total="316416" percent="100" />
    </mem>
  </mem-info>
</gc-start>
<allocation-stats totalBytes="8971312" >
  <allocated-bytes non-tlh="0" tlh="8971312" />
  <largest-consumer threadName="main" threadId="0000000001BEEF00" bytes="8971312" />
</allocation-stats>
<gc-op id="1340" type="mark" timems="3.361" contextid="1337" timestamp="2019-08-04T20:02:30.400">
  <trace-info objectcount="118559" scancount="99412" scanbytes="3508580" />
  <finalization candidates="80" enqueued="0" />
  <ownableSynchronizers candidates="21" cleared="0" />
  <references type="soft" candidates="1563" cleared="24" enqueued="22" dynamicThreshold="18" maxThreshold="32" />
  <references type="weak" candidates="4840" cleared="0" enqueued="0" />
  <references type="phantom" candidates="97" cleared="0" enqueued="0" />
  <stringconstants candidates="11288" cleared="0"  />
</gc-op>
<gc-op id="1341" type="sweep" timems="1.251" contextid="1337" timestamp="2019-08-04T20:02:30.402" />
<gc-end id="1342" type="global" contextid="1337" durationms="4.737" usertimems="15.143" systemtimems="0.000" timestamp="2019-08-04T20:02:30.402" activeThreads="7">
  <mem-info id="1343" free="8469248" total="15859712" percent="53">
    <mem type="tenure" free="8469248" total="15859712" percent="53" micro-fragmented="758644" macro-fragmented="2917276">
      <mem type="soa" free="8152832" total="15543296" percent="52" />
      <mem type="loa" free="316416" total="316416" percent="100" />
    </mem>
    <pending-finalizers system="0" default="0" reference="22" classloader="0" />
  </mem-info>
</gc-end>
<cycle-end id="1344" type="global" contextid="1337" timestamp="2019-08-04T20:02:30.402">
  <attribute name="GC Util" value="254" />
  <attribute name="CPU Util" value="5495630704795" />
  <attribute name="Time Running"value="98014"/>
  <attribute name="Number of cores"value="16"/>
</cycle-end>
<allocation-satisfied id="1345" threadId="0000000001BEEF00" bytesRequested="24" />
<af-end id="1346" timestamp="2019-08-04T20:02:30.402" threadId="0000000001BEF888" success="true" />
<exclusive-end id="1347" timestamp="2019-08-04T20:02:30.402" durationms="4.894" />

<exclusive-start id="1348" timestamp="2019-08-04T20:02:30.424" intervalms="27.203">
  <response-info timems="0.044" idlems="0.044" threads="0" lastid="0000000001BEEF00" lastname="main" />
</exclusive-start>
<af-start id="1349" threadId="0000000001BEF888" totalBytesRequested="51504" timestamp="2019-08-04T20:02:30.424" intervalms="27.212" />
<cycle-start id="1350" type="global" contextid="0" timestamp="2019-08-04T20:02:30.424" intervalms="27.216" />
  <attribute name="GC Util" value="254" />
  <attribute name="CPU Util" value="5495630704795" />
  <attribute name="Time Running"value="98014"/>
  <attribute name="Number of cores"value="16"/>
<gc-start id="1351" type="global" contextid="1350" timestamp="2019-08-04T20:02:30.424">
  <mem-info id="1352" free="4262096" total="15859712" percent="26">
    <mem type="tenure" free="4262096" total="15859712" percent="26">
      <mem type="soa" free="3945680" total="15543296" percent="25" />
      <mem type="loa" free="316416" total="316416" percent="100" />
    </mem>
  </mem-info>
</gc-start>
<allocation-stats totalBytes="4158120" >
  <allocated-bytes non-tlh="100752" tlh="4057368" />
  <largest-consumer threadName="main" threadId="0000000001BEEF00" bytes="4158120" />
</allocation-stats>
<gc-op id="1353" type="mark" timems="3.171" contextid="1350" timestamp="2019-08-04T20:02:30.427">
  <trace-info objectcount="88597" scancount="72332" scanbytes="2349876" />
  <finalization candidates="80" enqueued="0" />
  <ownableSynchronizers candidates="21" cleared="0" />
  <references type="soft" candidates="1539" cleared="2" enqueued="2" dynamicThreshold="17" maxThreshold="32" />
  <references type="weak" candidates="4840" cleared="1" enqueued="1" />
  <references type="phantom" candidates="96" cleared="0" enqueued="0" />
  <stringconstants candidates="11288" cleared="12"  />
</gc-op>
<gc-op id="1354" type="sweep" timems="1.025" contextid="1350" timestamp="2019-08-04T20:02:30.428" />
<heap-resize id="1355" type="contract" space="tenure" amount="262144" count="1" timems="0.023" reason="excess free space following gc" timestamp="2019-08-04T20:02:30.429" />
<gc-end id="1356" type="global" contextid="1350" durationms="4.428" usertimems="11.976" systemtimems="0.000" timestamp="2019-08-04T20:02:30.429" activeThreads="7">
  <mem-info id="1357" free="10431080" total="15597568" percent="66">
    <mem type="tenure" free="10431080" total="15597568" percent="66" micro-fragmented="148418" macro-fragmented="9100">
      <mem type="soa" free="10174056" total="15286272" percent="66" />
      <mem type="loa" free="257024" total="311296" percent="82" />
    </mem>
    <pending-finalizers system="0" default="0" reference="3" classloader="0" />
  </mem-info>
</gc-end>
<cycle-end id="1358" type="global" contextid="1350" timestamp="2019-08-04T20:02:30.429">
  <attribute name="GC Util" value="236" />
  <attribute name="CPU Util" value="5845483395958" />
  <attribute name="Time Running"value="98041"/>
  <attribute name="Number of cores"value="16"/>
</cycle-end>
<allocation-satisfied id="1359" threadId="0000000001BEEF00" bytesRequested="51504" />
<af-end id="1360" timestamp="2019-08-04T20:02:30.429" threadId="0000000001BEF888" success="true" />
<exclusive-end id="1361" timestamp="2019-08-04T20:02:30.429" durationms="4.617" />

<exclusive-start id="1362" timestamp="2019-08-04T20:02:30.521" intervalms="97.317">
  <response-info timems="0.069" idlems="0.069" threads="0" lastid="0000000001BEEF00" lastname="main" />
</exclusive-start>
<af-start id="1363" threadId="0000000001BEF888" totalBytesRequested="24" timestamp="2019-08-04T20:02:30.521" intervalms="97.320" />
<cycle-start id="1364" type="global" contextid="0" timestamp="2019-08-04T20:02:30.521" intervalms="97.326" />
  <attribute name="GC Util" value="236" />
  <attribute name="CPU Util" value="5845483395958" />
  <attribute name="Time Running"value="98041"/>
  <attribute name="Number of cores"value="16"/>
<gc-start id="1365" type="global" contextid="1364" timestamp="2019-08-04T20:02:30.522">
  <mem-info id="1366" free="257024" total="15597568" percent="1">
    <mem type="tenure" free="257024" total="15597568" percent="1">
      <mem type="soa" free="0" total="15286272" percent="0" />
      <mem type="loa" free="257024" total="311296" percent="82" />
    </mem>
  </mem-info>
</gc-start>
<allocation-stats totalBytes="10171560" >
  <allocated-bytes non-tlh="1166816" tlh="9004744" />
  <largest-consumer threadName="main" threadId="0000000001BEEF00" bytes="10170664" />
</allocation-stats>
<gc-op id="1367" type="mark" timems="3.036" contextid="1364" timestamp="2019-08-04T20:02:30.525">
  <trace-info objectcount="98324" scancount="81118" scanbytes="2729788" />
  <finalization candidates="81" enqueued="1" />
  <ownableSynchronizers candidates="21" cleared="0" />
  <references type="soft" candidates="1563" cleared="0" enqueued="0" dynamicThreshold="21" maxThreshold="32" />
  <references type="weak" candidates="5149" cleared="13" enqueued="13" />
  <references type="phantom" candidates="97" cleared="0" enqueued="0" />
  <stringconstants candidates="11637" cleared="0"  />
</gc-op>
<gc-op id="1368" type="sweep" timems="1.040" contextid="1364" timestamp="2019-08-04T20:02:30.526" />
<heap-resize id="1369" type="contract" space="tenure" amount="196608" count="1" timems="0.042" reason="excess free space following gc" timestamp="2019-08-04T20:02:30.526" />
<gc-end id="1370" type="global" contextid="1364" durationms="4.308" usertimems="13.673" systemtimems="0.000" timestamp="2019-08-04T20:02:30.526" activeThreads="7">
  <mem-info id="1371" free="9304016" total="15400960" percent="60">
    <mem type="tenure" free="9304016" total="15400960" percent="60" micro-fragmented="276218" macro-fragmented="0">
      <mem type="soa" free="9118384" total="15093760" percent="60" />
      <mem type="loa" free="185632" total="307200" percent="60" />
    </mem>
    <pending-finalizers system="0" default="1" reference="13" classloader="0" />
  </mem-info>
</gc-end>
<cycle-end id="1372" type="global" contextid="1364" timestamp="2019-08-04T20:02:30.526">
  <attribute name="GC Util" value="274" />
  <attribute name="CPU Util" value="6128325514050" />
  <attribute name="Time Running"value="98138"/>
  <attribute name="Number of cores"value="16"/>
</cycle-end>
<allocation-satisfied id="1373" threadId="0000000001BEEF00" bytesRequested="24" />
<af-end id="1374" timestamp="2019-08-04T20:02:30.526" threadId="0000000001BEF888" success="true" />
<exclusive-end id="1375" timestamp="2019-08-04T20:02:30.526" durationms="4.487" />

<exclusive-start id="1376" timestamp="2019-08-04T20:02:30.559" intervalms="37.831">
  <response-info timems="0.015" idlems="0.015" threads="0" lastid="0000000001BEEF00" lastname="main" />
</exclusive-start>
<af-start id="1377" threadId="0000000001BEF888" totalBytesRequested="32" timestamp="2019-08-04T20:02:30.559" intervalms="37.828" />
<cycle-start id="1378" type="global" contextid="0" timestamp="2019-08-04T20:02:30.559" intervalms="37.824" />
  <attribute name="GC Util" value="274" />
  <attribute name="CPU Util" value="6128325514050" />
  <attribute name="Time Running"value="98138"/>
  <attribute name="Number of cores"value="16"/>
<gc-start id="1379" type="global" contextid="1378" timestamp="2019-08-04T20:02:30.559">
  <mem-info id="1380" free="185632" total="15400960" percent="1">
    <mem type="tenure" free="185632" total="15400960" percent="1">
      <mem type="soa" free="0" total="15093760" percent="0" />
      <mem type="loa" free="185632" total="307200" percent="60" />
    </mem>
  </mem-info>
</gc-start>
<allocation-stats totalBytes="9099928" >
  <allocated-bytes non-tlh="658904" tlh="8441024" />
  <largest-consumer threadName="main" threadId="0000000001BEEF00" bytes="9095248" />
</allocation-stats>
<gc-op id="1381" type="mark" timems="4.991" contextid="1378" timestamp="2019-08-04T20:02:30.564">
  <trace-info objectcount="95983" scancount="78917" scanbytes="2632632" />
  <finalization candidates="80" enqueued="0" />
  <ownableSynchronizers candidates="21" cleared="0" />
  <references type="soft" candidates="1586" cleared="0" enqueued="0" dynamicThreshold="19" maxThreshold="32" />
  <references type="weak" candidates="5141" cleared="0" enqueued="0" />
  <references type="phantom" candidates="98" cleared="0" enqueued="0" />
  <stringconstants candidates="11743" cleared="6"  />
</gc-op>
<gc-op id="1382" type="classunload" timems="0.384" contextid="1378" timestamp="2019-08-04T20:02:30.565">
  <classunload-info classloadercandidates="27" classloadersunloaded="1" classesunloaded="1" anonymousclassesunloaded="0" quiescems="0.000" setupms="0.374" scanms="0.008" postms="0.002" />
</gc-op>
<gc-op id="1383" type="sweep" timems="0.852" contextid="1378" timestamp="2019-08-04T20:02:30.566" />
<gc-end id="1384" type="global" contextid="1378" durationms="6.407" usertimems="13.698" systemtimems="0.000" timestamp="2019-08-04T20:02:30.566" activeThreads="7">
  <mem-info id="1385" free="9377264" total="15400960" percent="60">
    <mem type="tenure" free="9377264" total="15400960" percent="60" micro-fragmented="221120" macro-fragmented="0">
      <mem type="soa" free="9070064" total="15093760" percent="60" />
      <mem type="loa" free="307200" total="307200" percent="100" />
    </mem>
  </mem-info>
</gc-end>
<cycle-end id="1386" type="global" contextid="1378" timestamp="2019-08-04T20:02:30.566">
  <attribute name="GC Util" value="176" />
  <attribute name="CPU Util" value="3412921275576" />
  <attribute name="Time Running"value="98178"/>
  <attribute name="Number of cores"value="16"/>
</cycle-end>
<allocation-satisfied id="1387" threadId="0000000001BEEF00" bytesRequested="32" />
<af-end id="1388" timestamp="2019-08-04T20:02:30.566" threadId="0000000001BEF888" success="true" />
<exclusive-end id="1389" timestamp="2019-08-04T20:02:30.566" durationms="6.575" />

<exclusive-start id="1390" timestamp="2019-08-04T20:02:30.597" intervalms="37.818">
  <response-info timems="0.018" idlems="0.018" threads="0" lastid="0000000001BEEF00" lastname="main" />
</exclusive-start>
<af-start id="1391" threadId="0000000001BEF888" totalBytesRequested="48" timestamp="2019-08-04T20:02:30.597" intervalms="37.825" />
<cycle-start id="1392" type="global" contextid="0" timestamp="2019-08-04T20:02:30.597" intervalms="37.836" />
  <attribute name="GC Util" value="176" />
  <attribute name="CPU Util" value="3412921275576" />
  <attribute name="Time Running"value="98178"/>
  <attribute name="Number of cores"value="16"/>
<gc-start id="1393" type="global" contextid="1392" timestamp="2019-08-04T20:02:30.597">
  <mem-info id="1394" free="307200" total="15400960" percent="1">
    <mem type="tenure" free="307200" total="15400960" percent="1">
      <mem type="soa" free="0" total="15093760" percent="0" />
      <mem type="loa" free="307200" total="307200" percent="100" />
    </mem>
  </mem-info>
</gc-start>
<allocation-stats totalBytes="9056336" >
  <allocated-bytes non-tlh="1006472" tlh="8049864" />
  <largest-consumer threadName="main" threadId="0000000001BEEF00" bytes="9056336" />
</allocation-stats>
<gc-op id="1395" type="mark" timems="3.256" contextid="1392" timestamp="2019-08-04T20:02:30.601">
  <trace-info objectcount="108774" scancount="90542" scanbytes="3129968" />
  <finalization candidates="80" enqueued="0" />
  <ownableSynchronizers candidates="21" cleared="0" />
  <references type="soft" candidates="1587" cleared="11" enqueued="10" dynamicThreshold="19" maxThreshold="32" />
  <references type="weak" candidates="5143" cleared="2" enqueued="2" />
  <references type="phantom" candidates="98" cleared="0" enqueued="0" />
  <stringconstants candidates="11760" cleared="0"  />
</gc-op>
<gc-op id="1396" type="sweep" timems="1.063" contextid="1392" timestamp="2019-08-04T20:02:30.602" />
<gc-end id="1397" type="global" contextid="1392" durationms="4.489" usertimems="13.435" systemtimems="0.000" timestamp="2019-08-04T20:02:30.602" activeThreads="7">
  <mem-info id="1398" free="8266200" total="15400960" percent="53">
    <mem type="tenure" free="8266200" total="15400960" percent="53" micro-fragmented="475854" macro-fragmented="41851">
      <mem type="soa" free="7959000" total="15093760" percent="52" />
      <mem type="loa" free="307200" total="307200" percent="100" />
    </mem>
    <pending-finalizers system="0" default="0" reference="12" classloader="0" />
  </mem-info>
</gc-end>
<cycle-end id="1399" type="global" contextid="1392" timestamp="2019-08-04T20:02:30.602">
  <attribute name="GC Util" value="279" />
  <attribute name="CPU Util" value="5645235446766" />
  <attribute name="Time Running"value="98214"/>
  <attribute name="Number of cores"value="16"/>
</cycle-end>
<allocation-satisfied id="1400" threadId="0000000001BEEF00" bytesRequested="48" />
<af-end id="1401" timestamp="2019-08-04T20:02:30.602" threadId="0000000001BEF888" success="true" />
<exclusive-end id="1402" timestamp="2019-08-04T20:02:30.602" durationms="4.717" />

<exclusive-start id="1403" timestamp="2019-08-04T20:02:30.641" intervalms="44.077">
  <response-info timems="0.040" idlems="0.040" threads="0" lastid="0000000001BEEF00" lastname="main" />
</exclusive-start>
<af-start id="1404" threadId="0000000001BEF888" totalBytesRequested="16392" timestamp="2019-08-04T20:02:30.641" intervalms="44.072" />
<cycle-start id="1405" type="global" contextid="0" timestamp="2019-08-04T20:02:30.641" intervalms="44.072" />
  <attribute name="GC Util" value="279" />
  <attribute name="CPU Util" value="5645235446766" />
  <attribute name="Time Running"value="98214"/>
  <attribute name="Number of cores"value="16"/>
<gc-start id="1406" type="global" contextid="1405" timestamp="2019-08-04T20:02:30.641">
  <mem-info id="1407" free="478552" total="15400960" percent="3">
    <mem type="tenure" free="478552" total="15400960" percent="3">
      <mem type="soa" free="171352" total="15093760" percent="1" />
      <mem type="loa" free="307200" total="307200" percent="100" />
    </mem>
  </mem-info>
</gc-start>
<allocation-stats totalBytes="7723536" >
  <allocated-bytes non-tlh="571160" tlh="7152376" />
  <largest-consumer threadName="main" threadId="0000000001BEEF00" bytes="7723536" />
</allocation-stats>
<gc-op id="1408" type="mark" timems="2.685" contextid="1405" timestamp="2019-08-04T20:02:30.644">
  <trace-info objectcount="97092" scancount="80032" scanbytes="2636632" />
  <finalization candidates="80" enqueued="0" />
  <ownableSynchronizers candidates="21" cleared="0" />
  <references type="soft" candidates="1666" cleared="101" enqueued="100" dynamicThreshold="17" maxThreshold="32" />
  <references type="weak" candidates="5305" cleared="9" enqueued="9" />
  <references type="phantom" candidates="98" cleared="0" enqueued="0" />
  <stringconstants candidates="11942" cleared="1"  />
</gc-op>
<gc-op id="1409" type="sweep" timems="0.831" contextid="1405" timestamp="2019-08-04T20:02:30.645" />
<heap-resize id="1410" type="contract" space="tenure" amount="262144" count="1" timems="0.040" reason="excess free space following gc" timestamp="2019-08-04T20:02:30.645" />
<gc-end id="1411" type="global" contextid="1405" durationms="3.747" usertimems="11.260" systemtimems="0.000" timestamp="2019-08-04T20:02:30.645" activeThreads="7">
  <mem-info id="1412" free="9047296" total="15138816" percent="59">
    <mem type="tenure" free="9047296" total="15138816" percent="59" micro-fragmented="237169" macro-fragmented="154512">
      <mem type="soa" free="8980768" total="14836736" percent="60" />
      <mem type="loa" free="66528" total="302080" percent="22" />
    </mem>
    <pending-finalizers system="0" default="0" reference="109" classloader="0" />
  </mem-info>
</gc-end>
<cycle-end id="1413" type="global" contextid="1405" timestamp="2019-08-04T20:02:30.645">
  <attribute name="GC Util" value="252" />
  <attribute name="CPU Util" value="6718629816938" />
  <attribute name="Time Running"value="98257"/>
  <attribute name="Number of cores"value="16"/>
</cycle-end>
<allocation-satisfied id="1414" threadId="0000000001BEEF00" bytesRequested="16392" />
<af-end id="1415" timestamp="2019-08-04T20:02:30.645" threadId="0000000001BEF888" success="true" />
<exclusive-end id="1416" timestamp="2019-08-04T20:02:30.645" durationms="3.953" />

<exclusive-start id="1417" timestamp="2019-08-04T20:02:30.672" intervalms="31.287">
  <response-info timems="0.011" idlems="0.011" threads="0" lastid="0000000001BEEF00" lastname="main" />
</exclusive-start>
<af-start id="1418" threadId="0000000001BEF888" totalBytesRequested="96" timestamp="2019-08-04T20:02:30.672" intervalms="31.290" />
<cycle-start id="1419" type="global" contextid="0" timestamp="2019-08-04T20:02:30.673" intervalms="31.290" />
  <attribute name="GC Util" value="252" />
  <attribute name="CPU Util" value="6718629816938" />
  <attribute name="Time Running"value="98257"/>
  <attribute name="Number of cores"value="16"/>
<gc-start id="1420" type="global" contextid="1419" timestamp="2019-08-04T20:02:30.673">
  <mem-info id="1421" free="66528" total="15138816" percent="0">
    <mem type="tenure" free="66528" total="15138816" percent="0">
      <mem type="soa" free="0" total="14836736" percent="0" />
      <mem type="loa" free="66528" total="302080" percent="22" />
    </mem>
  </mem-info>
</gc-start>
<allocation-stats totalBytes="8978304" >
  <allocated-bytes non-tlh="704584" tlh="8273720" />
  <largest-consumer threadName="main" threadId="0000000001BEEF00" bytes="8978304" />
</allocation-stats>
<gc-op id="1422" type="mark" timems="2.785" contextid="1419" timestamp="2019-08-04T20:02:30.675">
  <trace-info objectcount="100590" scancount="83119" scanbytes="2737888" />
  <finalization candidates="80" enqueued="0" />
  <ownableSynchronizers candidates="21" cleared="0" />
  <references type="soft" candidates="1568" cleared="0" enqueued="0" dynamicThreshold="19" maxThreshold="32" />
  <references type="weak" candidates="5339" cleared="1" enqueued="1" />
  <references type="phantom" candidates="97" cleared="0" enqueued="0" />
  <stringconstants candidates="12225" cleared="55"  />
</gc-op>
<gc-op id="1423" type="sweep" timems="0.900" contextid="1419" timestamp="2019-08-04T20:02:30.676" />
<heap-resize id="1424" type="expand" space="tenure" amount="1048576" count="1" timems="0.040" reason="excessive time being spent in gc" timestamp="2019-08-04T20:02:30.676" />
<gc-end id="1425" type="global" contextid="1419" durationms="3.914" usertimems="11.056" systemtimems="0.000" timestamp="2019-08-04T20:02:30.676" activeThreads="7">
  <mem-info id="1426" free="10003560" total="16187392" percent="61">
    <mem type="tenure" free="10003560" total="16187392" percent="61" micro-fragmented="375418" macro-fragmented="39720">
      <mem type="soa" free="9679976" total="15863808" percent="61" />
      <mem type="loa" free="323584" total="323584" percent="100" />
    </mem>
    <pending-finalizers system="0" default="0" reference="1" classloader="0" />
  </mem-info>
</gc-end>
<cycle-end id="1427" type="global" contextid="1419" timestamp="2019-08-04T20:02:30.676">
  <attribute name="GC Util" value="258" />
  <attribute name="CPU Util" value="6582102558789" />
  <attribute name="Time Running"value="98289"/>
  <attribute name="Number of cores"value="16"/>
</cycle-end>
<allocation-satisfied id="1428" threadId="0000000001BEEF00" bytesRequested="96" />
<af-end id="1429" timestamp="2019-08-04T20:02:30.677" threadId="0000000001BEF888" success="true" />
<exclusive-end id="1430" timestamp="2019-08-04T20:02:30.677" durationms="4.101" />

<exclusive-start id="1431" timestamp="2019-08-04T20:02:30.709" intervalms="36.994">
  <response-info timems="0.016" idlems="0.016" threads="0" lastid="0000000001BEEF00" lastname="main" />
</exclusive-start>
<af-start id="1432" threadId="0000000001BEF888" totalBytesRequested="32" timestamp="2019-08-04T20:02:30.709" intervalms="36.995" />
<cycle-start id="1433" type="global" contextid="0" timestamp="2019-08-04T20:02:30.709" intervalms="36.994" />
  <attribute name="GC Util" value="258" />
  <attribute name="CPU Util" value="6582102558789" />
  <attribute name="Time Running"value="98289"/>
  <attribute name="Number of cores"value="16"/>
<gc-start id="1434" type="global" contextid="1433" timestamp="2019-08-04T20:02:30.710">
  <mem-info id="1435" free="323584" total="16187392" percent="1">
    <mem type="tenure" free="323584" total="16187392" percent="1">
      <mem type="soa" free="0" total="15863808" percent="0" />
      <mem type="loa" free="323584" total="323584" percent="100" />
    </mem>
  </mem-info>
</gc-start>
<allocation-stats totalBytes="9660784" >
  <allocated-bytes non-tlh="1052496" tlh="8608288" />
  <largest-consumer threadName="main" threadId="0000000001BEEF00" bytes="9660784" />
</allocation-stats>
<gc-op id="1436" type="mark" timems="5.151" contextid="1433" timestamp="2019-08-04T20:02:30.715">
  <trace-info objectcount="103021" scancount="85163" scanbytes="2828396" />
  <finalization candidates="80" enqueued="0" />
  <ownableSynchronizers candidates="21" cleared="0" />
  <references type="soft" candidates="1570" cleared="0" enqueued="0" dynamicThreshold="19" maxThreshold="32" />
  <references type="weak" candidates="5339" cleared="0" enqueued="0" />
  <references type="phantom" candidates="97" cleared="0" enqueued="0" />
  <stringconstants candidates="12229" cleared="2"  />
</gc-op>
<gc-op id="1437" type="classunload" timems="0.403" contextid="1433" timestamp="2019-08-04T20:02:30.715">
  <classunload-info classloadercandidates="34" classloadersunloaded="1" classesunloaded="1" anonymousclassesunloaded="0" quiescems="0.000" setupms="0.393" scanms="0.007" postms="0.003" />
</gc-op>
<gc-op id="1438" type="sweep" timems="0.809" contextid="1433" timestamp="2019-08-04T20:02:30.716" />
<gc-end id="1439" type="global" contextid="1433" durationms="6.555" usertimems="14.488" systemtimems="0.000" timestamp="2019-08-04T20:02:30.716" activeThreads="7">
  <mem-info id="1440" free="9966184" total="16187392" percent="61">
    <mem type="tenure" free="9966184" total="16187392" percent="61" micro-fragmented="417785" macro-fragmented="0">
      <mem type="soa" free="9642600" total="15863808" percent="60" />
      <mem type="loa" free="323584" total="323584" percent="100" />
    </mem>
  </mem-info>
</gc-end>
<cycle-end id="1441" type="global" contextid="1433" timestamp="2019-08-04T20:02:30.716">
  <attribute name="GC Util" value="178" />
  <attribute name="CPU Util" value="3293947303777" />
  <attribute name="Time Running"value="98328"/>
  <attribute name="Number of cores"value="16"/>
</cycle-end>
<allocation-satisfied id="1442" threadId="0000000001BEEF00" bytesRequested="32" />
<af-end id="1443" timestamp="2019-08-04T20:02:30.716" threadId="0000000001BEF888" success="true" />
<exclusive-end id="1444" timestamp="2019-08-04T20:02:30.716" durationms="6.903" />

<exclusive-start id="1445" timestamp="2019-08-04T20:02:30.759" intervalms="49.427">
  <response-info timems="0.028" idlems="0.028" threads="0" lastid="0000000001BEEF00" lastname="main" />
</exclusive-start>
<af-start id="1446" threadId="0000000001BEF888" totalBytesRequested="32" timestamp="2019-08-04T20:02:30.759" intervalms="49.422" />
<cycle-start id="1447" type="global" contextid="0" timestamp="2019-08-04T20:02:30.759" intervalms="49.424" />
  <attribute name="GC Util" value="178" />
  <attribute name="CPU Util" value="3293947303777" />
  <attribute name="Time Running"value="98328"/>
  <attribute name="Number of cores"value="16"/>
<gc-start id="1448" type="global" contextid="1447" timestamp="2019-08-04T20:02:30.759">
  <mem-info id="1449" free="323584" total="16187392" percent="1">
    <mem type="tenure" free="323584" total="16187392" percent="1">
      <mem type="soa" free="0" total="15863808" percent="0" />
      <mem type="loa" free="323584" total="323584" percent="100" />
    </mem>
  </mem-info>
</gc-start>
<allocation-stats totalBytes="9612472" >
  <allocated-bytes non-tlh="1425584" tlh="8186888" />
  <largest-consumer threadName="main" threadId="0000000001BEEF00" bytes="9612472" />
</allocation-stats>
<gc-op id="1450" type="mark" timems="3.323" contextid="1447" timestamp="2019-08-04T20:02:30.762">
  <trace-info objectcount="106951" scancount="88940" scanbytes="3040584" />
  <finalization candidates="80" enqueued="0" />
  <ownableSynchronizers candidates="21" cleared="0" />
  <references type="soft" candidates="1606" cleared="15" enqueued="15" dynamicThreshold="19" maxThreshold="32" />
  <references type="weak" candidates="5410" cleared="2" enqueued="2" />
  <references type="phantom" candidates="97" cleared="0" enqueued="0" />
  <stringconstants candidates="12386" cleared="0"  />
</gc-op>
<gc-op id="1451" type="sweep" timems="0.846" contextid="1447" timestamp="2019-08-04T20:02:30.763" />
<gc-end id="1452" type="global" contextid="1447" durationms="4.333" usertimems="12.184" systemtimems="0.000" timestamp="2019-08-04T20:02:30.763" activeThreads="7">
  <mem-info id="1453" free="9762672" total="16187392" percent="60">
    <mem type="tenure" free="9762672" total="16187392" percent="60" micro-fragmented="387661" macro-fragmented="0">
      <mem type="soa" free="9439088" total="15863808" percent="59" />
      <mem type="loa" free="323584" total="323584" percent="100" />
    </mem>
    <pending-finalizers system="0" default="0" reference="17" classloader="0" />
  </mem-info>
</gc-end>
<cycle-end id="1454" type="global" contextid="1447" timestamp="2019-08-04T20:02:30.763">
  <attribute name="GC Util" value="239" />
  <attribute name="CPU Util" value="5522517564924" />
  <attribute name="Time Running"value="98376"/>
  <attribute name="Number of cores"value="16"/>
</cycle-end>
<allocation-satisfied id="1455" threadId="0000000001BEEF00" bytesRequested="32" />
<af-end id="1456" timestamp="2019-08-04T20:02:30.763" threadId="0000000001BEF888" success="true" />
<exclusive-end id="1457" timestamp="2019-08-04T20:02:30.763" durationms="4.547" />

<exclusive-start id="1458" timestamp="2019-08-04T20:02:30.778" intervalms="19.109">
  <response-info timems="0.015" idlems="0.015" threads="0" lastid="0000000001BEEF00" lastname="main" />
</exclusive-start>
<af-start id="1459" threadId="0000000001BEF888" totalBytesRequested="24" timestamp="2019-08-04T20:02:30.778" intervalms="19.112" />
<cycle-start id="1460" type="global" contextid="0" timestamp="2019-08-04T20:02:30.778" intervalms="19.102" />
  <attribute name="GC Util" value="239" />
  <attribute name="CPU Util" value="5522517564924" />
  <attribute name="Time Running"value="98376"/>
  <attribute name="Number of cores"value="16"/>
<gc-start id="1461" type="global" contextid="1460" timestamp="2019-08-04T20:02:30.778">
  <mem-info id="1462" free="323584" total="16187392" percent="1">
    <mem type="tenure" free="323584" total="16187392" percent="1">
      <mem type="soa" free="0" total="15863808" percent="0" />
      <mem type="loa" free="323584" total="323584" percent="100" />
    </mem>
  </mem-info>
</gc-start>
<allocation-stats totalBytes="9429896" >
  <allocated-bytes non-tlh="0" tlh="9429896" />
  <largest-consumer threadName="main" threadId="0000000001BEEF00" bytes="9427584" />
</allocation-stats>
<gc-op id="1463" type="mark" timems="3.499" contextid="1460" timestamp="2019-08-04T20:02:30.782">
  <trace-info objectcount="115884" scancount="96839" scanbytes="3351096" />
  <finalization candidates="80" enqueued="0" />
  <ownableSynchronizers candidates="21" cleared="0" />
  <references type="soft" candidates="1591" cleared="61" enqueued="60" dynamicThreshold="19" maxThreshold="32" />
  <references type="weak" candidates="5406" cleared="0" enqueued="0" />
  <references type="phantom" candidates="97" cleared="0" enqueued="0" />
  <stringconstants candidates="12386" cleared="0"  />
</gc-op>
<gc-op id="1464" type="sweep" timems="1.439" contextid="1460" timestamp="2019-08-04T20:02:30.783" />
<heap-resize id="1465" type="expand" space="tenure" amount="1376256" count="1" timems="0.065" reason="excessive time being spent in gc" timestamp="2019-08-04T20:02:30.783" />
<gc-end id="1466" type="global" contextid="1460" durationms="5.229" usertimems="14.704" systemtimems="0.000" timestamp="2019-08-04T20:02:30.783" activeThreads="7">
  <mem-info id="1467" free="10556304" total="17563648" percent="60">
    <mem type="tenure" free="10556304" total="17563648" percent="60" micro-fragmented="478734" macro-fragmented="3110784">
      <mem type="soa" free="10205072" total="17212416" percent="59" />
      <mem type="loa" free="351232" total="351232" percent="100" />
    </mem>
    <pending-finalizers system="0" default="0" reference="60" classloader="0" />
  </mem-info>
</gc-end>
<cycle-end id="1468" type="global" contextid="1460" timestamp="2019-08-04T20:02:30.783">
  <attribute name="GC Util" value="254" />
  <attribute name="CPU Util" value="5290594967589" />
  <attribute name="Time Running"value="98395"/>
  <attribute name="Number of cores"value="16"/>
</cycle-end>
<allocation-satisfied id="1469" threadId="0000000001BEEF00" bytesRequested="24" />
<af-end id="1470" timestamp="2019-08-04T20:02:30.783" threadId="0000000001BEF888" success="true" />
<exclusive-end id="1471" timestamp="2019-08-04T20:02:30.783" durationms="5.413" />

<exclusive-start id="1472" timestamp="2019-08-04T20:02:30.812" intervalms="33.772">
  <response-info timems="0.046" idlems="0.046" threads="0" lastid="0000000001BEEF00" lastname="main" />
</exclusive-start>
<af-start id="1473" threadId="0000000001BEF888" totalBytesRequested="32" timestamp="2019-08-04T20:02:30.812" intervalms="33.770" />
<cycle-start id="1474" type="global" contextid="0" timestamp="2019-08-04T20:02:30.812" intervalms="33.778" />
  <attribute name="GC Util" value="254" />
  <attribute name="CPU Util" value="5290594967589" />
  <attribute name="Time Running"value="98395"/>
  <attribute name="Number of cores"value="16"/>
<gc-start id="1475" type="global" contextid="1474" timestamp="2019-08-04T20:02:30.812">
  <mem-info id="1476" free="351232" total="17563648" percent="1">
    <mem type="tenure" free="351232" total="17563648" percent="1">
      <mem type="soa" free="0" total="17212416" percent="0" />
      <mem type="loa" free="351232" total="351232" percent="100" />
    </mem>
  </mem-info>
</gc-start>
<allocation-stats totalBytes="10167128" >
  <allocated-bytes non-tlh="830272" tlh="9336856" />
  <largest-consumer threadName="main" threadId="0000000001BEEF00" bytes="10167128" />
</allocation-stats>
<gc-op id="1477" type="mark" timems="3.630" contextid="1474" timestamp="2019-08-04T20:02:30.816">
  <trace-info objectcount="106261" scancount="88316" scanbytes="2989432" />
  <finalization candidates="80" enqueued="0" />
  <ownableSynchronizers candidates="21" cleared="0" />
  <references type="soft" candidates="1531" cleared="3" enqueued="2" dynamicThreshold="19" maxThreshold="32" />
  <references type="weak" candidates="5406" cleared="0" enqueued="0" />
  <references type="phantom" candidates="97" cleared="0" enqueued="0" />
  <stringconstants candidates="12397" cleared="8"  />
</gc-op>
<gc-op id="1478" type="sweep" timems="1.314" contextid="1474" timestamp="2019-08-04T20:02:30.817" />
<gc-end id="1479" type="global" contextid="1474" durationms="5.109" usertimems="15.850" systemtimems="0.000" timestamp="2019-08-04T20:02:30.817" activeThreads="8">
  <mem-info id="1480" free="11062968" total="17563648" percent="62">
    <mem type="tenure" free="11062968" total="17563648" percent="62" micro-fragmented="400345" macro-fragmented="45552">
      <mem type="soa" free="10711736" total="17212416" percent="62" />
      <mem type="loa" free="351232" total="351232" percent="100" />
    </mem>
    <pending-finalizers system="0" default="0" reference="2" classloader="0" />
  </mem-info>
</gc-end>
<cycle-end id="1481" type="global" contextid="1474" timestamp="2019-08-04T20:02:30.817">
  <attribute name="GC Util" value="408" />
  <attribute name="CPU Util" value="5075659642278" />
  <attribute name="Time Running"value="98429"/>
  <attribute name="Number of cores"value="16"/>
</cycle-end>
<allocation-satisfied id="1482" threadId="0000000001BEEF00" bytesRequested="32" />
<af-end id="1483" timestamp="2019-08-04T20:02:30.817" threadId="0000000001BEF888" success="true" />
<exclusive-end id="1484" timestamp="2019-08-04T20:02:30.817" durationms="5.289" />

<exclusive-start id="1485" timestamp="2019-08-04T20:02:30.837" intervalms="25.426">
  <response-info timems="0.044" idlems="0.044" threads="0" lastid="0000000001BEEF00" lastname="main" />
</exclusive-start>
<af-start id="1486" threadId="0000000001BEF888" totalBytesRequested="104" timestamp="2019-08-04T20:02:30.837" intervalms="25.449" />
<cycle-start id="1487" type="global" contextid="0" timestamp="2019-08-04T20:02:30.837" intervalms="25.444" />
  <attribute name="GC Util" value="408" />
  <attribute name="CPU Util" value="5075659642278" />
  <attribute name="Time Running"value="98429"/>
  <attribute name="Number of cores"value="16"/>
<gc-start id="1488" type="global" contextid="1487" timestamp="2019-08-04T20:02:30.837">
  <mem-info id="1489" free="351232" total="17563648" percent="1">
    <mem type="tenure" free="351232" total="17563648" percent="1">
      <mem type="soa" free="0" total="17212416" percent="0" />
      <mem type="loa" free="351232" total="351232" percent="100" />
    </mem>
  </mem-info>
</gc-start>
<allocation-stats totalBytes="10700736" >
  <allocated-bytes non-tlh="7456" tlh="10693280" />
  <largest-consumer threadName="main" threadId="0000000001BEEF00" bytes="10700736" />
</allocation-stats>
<gc-op id="1490" type="mark" timems="3.618" contextid="1487" timestamp="2019-08-04T20:02:30.841">
  <trace-info objectcount="116931" scancount="97951" scanbytes="3264784" />
  <finalization candidates="80" enqueued="0" />
  <ownableSynchronizers candidates="21" cleared="0" />
  <references type="soft" candidates="1528" cleared="0" enqueued="0" dynamicThreshold="20" maxThreshold="32" />
  <references type="weak" candidates="5406" cleared="0" enqueued="0" />
  <references type="phantom" candidates="96" cleared="0" enqueued="0" />
  <stringconstants candidates="12389" cleared="0"  />
</gc-op>
<gc-op id="1491" type="sweep" timems="1.072" contextid="1487" timestamp="2019-08-04T20:02:30.842" />
<heap-resize id="1492" type="expand" space="tenure" amount="1048576" count="1" timems="0.121" reason="excessive time being spent in gc" timestamp="2019-08-04T20:02:30.842" />
<gc-end id="1493" type="global" contextid="1487" durationms="4.989" usertimems="14.137" systemtimems="0.000" timestamp="2019-08-04T20:02:30.842" activeThreads="8">
  <mem-info id="1494" free="11399168" total="18612224" percent="61">
    <mem type="tenure" free="11399168" total="18612224" percent="61" micro-fragmented="840526" macro-fragmented="2576718">
      <mem type="soa" free="11027456" total="18240512" percent="60" />
      <mem type="loa" free="371712" total="371712" percent="100" />
    </mem>
  </mem-info>
</gc-end>
<cycle-end id="1495" type="global" contextid="1487" timestamp="2019-08-04T20:02:30.842">
  <attribute name="GC Util" value="245" />
  <attribute name="CPU Util" value="5089114936998" />
  <attribute name="Time Running"value="98454"/>
  <attribute name="Number of cores"value="16"/>
</cycle-end>
<allocation-satisfied id="1496" threadId="0000000001BEEF00" bytesRequested="104" />
<af-end id="1497" timestamp="2019-08-04T20:02:30.842" threadId="0000000001BEF888" success="true" />
<exclusive-end id="1498" timestamp="2019-08-04T20:02:30.842" durationms="5.212" />

<exclusive-start id="1499" timestamp="2019-08-04T20:02:30.870" intervalms="33.258">
  <response-info timems="0.041" idlems="0.041" threads="0" lastid="0000000001BEEF00" lastname="main" />
</exclusive-start>
<af-start id="1500" threadId="0000000001BEF888" totalBytesRequested="32" timestamp="2019-08-04T20:02:30.870" intervalms="33.239" />
<cycle-start id="1501" type="global" contextid="0" timestamp="2019-08-04T20:02:30.870" intervalms="33.246" />
  <attribute name="GC Util" value="245" />
  <attribute name="CPU Util" value="5089114936998" />
  <attribute name="Time Running"value="98454"/>
  <attribute name="Number of cores"value="16"/>
<gc-start id="1502" type="global" contextid="1501" timestamp="2019-08-04T20:02:30.871">
  <mem-info id="1503" free="371712" total="18612224" percent="1">
    <mem type="tenure" free="371712" total="18612224" percent="1">
      <mem type="soa" free="0" total="18240512" percent="0" />
      <mem type="loa" free="371712" total="371712" percent="100" />
    </mem>
  </mem-info>
</gc-start>
<allocation-stats totalBytes="10979968" >
  <allocated-bytes non-tlh="718544" tlh="10261424" />
  <largest-consumer threadName="main" threadId="0000000001BEEF00" bytes="10979968" />
</allocation-stats>
<gc-op id="1504" type="mark" timems="3.237" contextid="1501" timestamp="2019-08-04T20:02:30.874">
  <trace-info objectcount="108486" scancount="90227" scanbytes="3019136" />
  <finalization candidates="80" enqueued="0" />
  <ownableSynchronizers candidates="21" cleared="0" />
  <references type="soft" candidates="1529" cleared="0" enqueued="0" dynamicThreshold="19" maxThreshold="32" />
  <references type="weak" candidates="5410" cleared="0" enqueued="0" />
  <references type="phantom" candidates="97" cleared="0" enqueued="0" />
  <stringconstants candidates="12394" cleared="0"  />
</gc-op>
<gc-op id="1505" type="sweep" timems="0.930" contextid="1501" timestamp="2019-08-04T20:02:30.875" />
<gc-end id="1506" type="global" contextid="1501" durationms="4.316" usertimems="12.512" systemtimems="0.000" timestamp="2019-08-04T20:02:30.875" activeThreads="8">
  <mem-info id="1507" free="12105760" total="18612224" percent="65">
    <mem type="tenure" free="12105760" total="18612224" percent="65" micro-fragmented="456501" macro-fragmented="0">
      <mem type="soa" free="11734048" total="18240512" percent="64" />
      <mem type="loa" free="371712" total="371712" percent="100" />
    </mem>
  </mem-info>
</gc-end>
<cycle-end id="1508" type="global" contextid="1501" timestamp="2019-08-04T20:02:30.875">
  <attribute name="GC Util" value="247" />
  <attribute name="CPU Util" value="5705080310494" />
  <attribute name="Time Running"value="98487"/>
  <attribute name="Number of cores"value="16"/>
</cycle-end>
<allocation-satisfied id="1509" threadId="0000000001BEEF00" bytesRequested="32" />
<af-end id="1510" timestamp="2019-08-04T20:02:30.875" threadId="0000000001BEF888" success="true" />
<exclusive-end id="1511" timestamp="2019-08-04T20:02:30.875" durationms="4.526" />

<exclusive-start id="1512" timestamp="2019-08-04T20:02:30.901" intervalms="30.911">
  <response-info timems="0.036" idlems="0.036" threads="0" lastid="0000000001BEEF00" lastname="main" />
</exclusive-start>
<af-start id="1513" threadId="0000000001BEF888" totalBytesRequested="32" timestamp="2019-08-04T20:02:30.901" intervalms="30.905" />
<cycle-start id="1514" type="global" contextid="0" timestamp="2019-08-04T20:02:30.901" intervalms="30.895" />
  <attribute name="GC Util" value="247" />
  <attribute name="CPU Util" value="5705080310494" />
  <attribute name="Time Running"value="98487"/>
  <attribute name="Number of cores"value="16"/>
<gc-start id="1515" type="global" contextid="1514" timestamp="2019-08-04T20:02:30.901">
  <mem-info id="1516" free="371712" total="18612224" percent="1">
    <mem type="tenure" free="371712" total="18612224" percent="1">
      <mem type="soa" free="0" total="18240512" percent="0" />
      <mem type="loa" free="371712" total="371712" percent="100" />
    </mem>
  </mem-info>
</gc-start>
<allocation-stats totalBytes="11704632" >
  <allocated-bytes non-tlh="646872" tlh="11057760" />
  <largest-consumer threadName="main" threadId="0000000001BEEF00" bytes="11704632" />
</allocation-stats>
<gc-op id="1517" type="mark" timems="5.479" contextid="1514" timestamp="2019-08-04T20:02:30.907">
  <trace-info objectcount="110028" scancount="91497" scanbytes="3096352" />
  <finalization candidates="80" enqueued="0" />
  <ownableSynchronizers candidates="21" cleared="0" />
  <references type="soft" candidates="1530" cleared="0" enqueued="0" dynamicThreshold="20" maxThreshold="32" />
  <references type="weak" candidates="5414" cleared="0" enqueued="0" />
  <references type="phantom" candidates="97" cleared="0" enqueued="0" />
  <stringconstants candidates="12407" cleared="0"  />
</gc-op>
<gc-op id="1518" type="classunload" timems="0.004" contextid="1514" timestamp="2019-08-04T20:02:30.907">
  <classunload-info classloadercandidates="39" classloadersunloaded="0" classesunloaded="0" anonymousclassesunloaded="0" quiescems="0.000" setupms="0.003" scanms="0.001" postms="0.000" />
</gc-op>
<gc-op id="1519" type="sweep" timems="0.973" contextid="1514" timestamp="2019-08-04T20:02:30.908" />
<gc-end id="1520" type="global" contextid="1514" durationms="6.626" usertimems="15.579" systemtimems="0.000" timestamp="2019-08-04T20:02:30.908" activeThreads="8">
  <mem-info id="1521" free="11869624" total="18612224" percent="63">
    <mem type="tenure" free="11869624" total="18612224" percent="63" micro-fragmented="588832" macro-fragmented="0">
      <mem type="soa" free="11497912" total="18240512" percent="63" />
      <mem type="loa" free="371712" total="371712" percent="100" />
    </mem>
  </mem-info>
</gc-end>
<cycle-end id="1522" type="global" contextid="1514" timestamp="2019-08-04T20:02:30.908">
  <attribute name="GC Util" value="193" />
  <attribute name="CPU Util" value="3357048028028" />
  <attribute name="Time Running"value="98520"/>
  <attribute name="Number of cores"value="16"/>
</cycle-end>
<allocation-satisfied id="1523" threadId="0000000001BEEF00" bytesRequested="32" />
<af-end id="1524" timestamp="2019-08-04T20:02:30.908" threadId="0000000001BEF888" success="true" />
<exclusive-end id="1525" timestamp="2019-08-04T20:02:30.908" durationms="6.799" />

<exclusive-start id="1526" timestamp="2019-08-04T20:02:30.933" intervalms="31.599">
  <response-info timems="0.017" idlems="0.017" threads="0" lastid="0000000001BEEF00" lastname="main" />
</exclusive-start>
<af-start id="1527" threadId="0000000001BEF888" totalBytesRequested="32" timestamp="2019-08-04T20:02:30.933" intervalms="31.615" />
<cycle-start id="1528" type="global" contextid="0" timestamp="2019-08-04T20:02:30.933" intervalms="31.613" />
  <attribute name="GC Util" value="193" />
  <attribute name="CPU Util" value="3357048028028" />
  <attribute name="Time Running"value="98520"/>
  <attribute name="Number of cores"value="16"/>
<gc-start id="1529" type="global" contextid="1528" timestamp="2019-08-04T20:02:30.933">
  <mem-info id="1530" free="371712" total="18612224" percent="1">
    <mem type="tenure" free="371712" total="18612224" percent="1">
      <mem type="soa" free="0" total="18240512" percent="0" />
      <mem type="loa" free="371712" total="371712" percent="100" />
    </mem>
  </mem-info>
</gc-start>
<allocation-stats totalBytes="11479432" >
  <allocated-bytes non-tlh="399264" tlh="11080168" />
  <largest-consumer threadName="main" threadId="0000000001BEEF00" bytes="11479432" />
</allocation-stats>
<gc-op id="1531" type="mark" timems="3.515" contextid="1528" timestamp="2019-08-04T20:02:30.937">
  <trace-info objectcount="111563" scancount="92716" scanbytes="3146112" />
  <finalization candidates="80" enqueued="0" />
  <ownableSynchronizers candidates="21" cleared="0" />
  <references type="soft" candidates="1531" cleared="28" enqueued="26" dynamicThreshold="20" maxThreshold="32" />
  <references type="weak" candidates="5420" cleared="0" enqueued="0" />
  <references type="phantom" candidates="97" cleared="0" enqueued="0" />
  <stringconstants candidates="12413" cleared="0"  />
</gc-op>
<gc-op id="1532" type="sweep" timems="0.981" contextid="1528" timestamp="2019-08-04T20:02:30.938" />
<heap-resize id="1533" type="contract" space="tenure" amount="327680" count="1" timems="0.051" reason="excess free space following gc" timestamp="2019-08-04T20:02:30.938" />
<gc-end id="1534" type="global" contextid="1528" durationms="4.721" usertimems="13.156" systemtimems="0.000" timestamp="2019-08-04T20:02:30.938" activeThreads="8">
  <mem-info id="1535" free="11243040" total="18284544" percent="61">
    <mem type="tenure" free="11243040" total="18284544" percent="61" micro-fragmented="412851" macro-fragmented="269055">
      <mem type="soa" free="11243040" total="17918976" percent="62" />
      <mem type="loa" free="0" total="365568" percent="0" />
    </mem>
    <pending-finalizers system="0" default="0" reference="26" classloader="0" />
  </mem-info>
</gc-end>
<cycle-end id="1536" type="global" contextid="1528" timestamp="2019-08-04T20:02:30.938">
  <attribute name="GC Util" value="235" />
  <attribute name="CPU Util" value="5276753476736" />
  <attribute name="Time Running"value="98550"/>
  <attribute name="Number of cores"value="16"/>
</cycle-end>
<allocation-satisfied id="1537" threadId="0000000001BEEF00" bytesRequested="32" />
<af-end id="1538" timestamp="2019-08-04T20:02:30.938" threadId="0000000001BEF888" success="true" />
<exclusive-end id="1539" timestamp="2019-08-04T20:02:30.938" durationms="4.896" />

<exclusive-start id="1540" timestamp="2019-08-04T20:02:30.953" intervalms="20.046">
  <response-info timems="0.016" idlems="0.016" threads="0" lastid="0000000001BEEF00" lastname="main" />
</exclusive-start>
<af-start id="1541" threadId="0000000001BEF888" totalBytesRequested="32" timestamp="2019-08-04T20:02:30.953" intervalms="20.033" />
<cycle-start id="1542" type="global" contextid="0" timestamp="2019-08-04T20:02:30.953" intervalms="20.029" />
  <attribute name="GC Util" value="235" />
  <attribute name="CPU Util" value="5276753476736" />
  <attribute name="Time Running"value="98550"/>
  <attribute name="Number of cores"value="16"/>
<gc-start id="1543" type="global" contextid="1542" timestamp="2019-08-04T20:02:30.953">
  <mem-info id="1544" free="0" total="18284544" percent="0">
    <mem type="tenure" free="0" total="18284544" percent="0">
      <mem type="soa" free="0" total="17918976" percent="0" />
      <mem type="loa" free="0" total="365568" percent="0" />
    </mem>
  </mem-info>
</gc-start>
<allocation-stats totalBytes="11226016" >
  <allocated-bytes non-tlh="0" tlh="11226016" />
  <largest-consumer threadName="main" threadId="0000000001BEEF00" bytes="11221920" />
</allocation-stats>
<gc-op id="1545" type="mark" timems="3.345" contextid="1542" timestamp="2019-08-04T20:02:30.956">
  <trace-info objectcount="123469" scancount="102970" scanbytes="3543820" />
  <finalization candidates="80" enqueued="0" />
  <ownableSynchronizers candidates="21" cleared="0" />
  <references type="soft" candidates="1503" cleared="5" enqueued="5" dynamicThreshold="19" maxThreshold="32" />
  <references type="weak" candidates="5420" cleared="0" enqueued="0" />
  <references type="phantom" candidates="97" cleared="0" enqueued="0" />
  <stringconstants candidates="12413" cleared="0"  />
</gc-op>
<gc-op id="1546" type="sweep" timems="1.046" contextid="1542" timestamp="2019-08-04T20:02:30.958" />
<heap-resize id="1547" type="expand" space="tenure" amount="1114112" count="1" timems="0.077" reason="excessive time being spent in gc" timestamp="2019-08-04T20:02:30.958" />
<gc-end id="1548" type="global" contextid="1542" durationms="4.620" usertimems="13.953" systemtimems="0.000" timestamp="2019-08-04T20:02:30.958" activeThreads="8">
  <mem-info id="1549" free="11639648" total="19398656" percent="60">
    <mem type="tenure" free="11639648" total="19398656" percent="60" micro-fragmented="680816" macro-fragmented="5375183">
      <mem type="soa" free="11252576" total="19011584" percent="59" />
      <mem type="loa" free="387072" total="387072" percent="100" />
    </mem>
    <pending-finalizers system="0" default="0" reference="5" classloader="0" />
  </mem-info>
</gc-end>
<cycle-end id="1550" type="global" contextid="1542" timestamp="2019-08-04T20:02:30.958">
  <attribute name="GC Util" value="274" />
  <attribute name="CPU Util" value="5548476957590" />
  <attribute name="Time Running"value="98570"/>
  <attribute name="Number of cores"value="16"/>
</cycle-end>
<allocation-satisfied id="1551" threadId="0000000001BEEF00" bytesRequested="32" />
<af-end id="1552" timestamp="2019-08-04T20:02:30.958" threadId="0000000001BEF888" success="true" />
<exclusive-end id="1553" timestamp="2019-08-04T20:02:30.958" durationms="4.787" />

<exclusive-start id="1554" timestamp="2019-08-04T20:02:30.980" intervalms="26.892">
  <response-info timems="0.008" idlems="0.008" threads="0" lastid="0000000001BEEF00" lastname="main" />
</exclusive-start>
<af-start id="1555" threadId="0000000001BEF888" totalBytesRequested="16392" timestamp="2019-08-04T20:02:30.980" intervalms="26.894" />
<cycle-start id="1556" type="global" contextid="0" timestamp="2019-08-04T20:02:30.980" intervalms="26.901" />
  <attribute name="GC Util" value="274" />
  <attribute name="CPU Util" value="5548476957590" />
  <attribute name="Time Running"value="98570"/>
  <attribute name="Number of cores"value="16"/>
<gc-start id="1557" type="global" contextid="1556" timestamp="2019-08-04T20:02:30.980">
  <mem-info id="1558" free="4012856" total="19398656" percent="20">
    <mem type="tenure" free="4012856" total="19398656" percent="20">
      <mem type="soa" free="3825792" total="19011584" percent="20" />
      <mem type="loa" free="187064" total="387072" percent="48" />
    </mem>
  </mem-info>
</gc-start>
<allocation-stats totalBytes="7581416" >
  <allocated-bytes non-tlh="892920" tlh="6688496" />
  <largest-consumer threadName="main" threadId="0000000001BEEF00" bytes="7581416" />
</allocation-stats>
<gc-op id="1559" type="mark" timems="3.216" contextid="1556" timestamp="2019-08-04T20:02:30.983">
  <trace-info objectcount="99152" scancount="81712" scanbytes="2638000" />
  <finalization candidates="80" enqueued="0" />
  <ownableSynchronizers candidates="21" cleared="0" />
  <references type="soft" candidates="1501" cleared="0" enqueued="0" dynamicThreshold="19" maxThreshold="32" />
  <references type="weak" candidates="5437" cleared="1" enqueued="1" />
  <references type="phantom" candidates="97" cleared="0" enqueued="0" />
  <stringconstants candidates="12440" cleared="12"  />
</gc-op>
<gc-op id="1560" type="sweep" timems="1.022" contextid="1556" timestamp="2019-08-04T20:02:30.984" />
<gc-end id="1561" type="global" contextid="1556" durationms="4.410" usertimems="12.137" systemtimems="0.000" timestamp="2019-08-04T20:02:30.984" activeThreads="9">
  <mem-info id="1562" free="13627168" total="19398656" percent="70">
    <mem type="tenure" free="13627168" total="19398656" percent="70" micro-fragmented="341386" macro-fragmented="0">
      <mem type="soa" free="13240096" total="19011584" percent="69" />
      <mem type="loa" free="387072" total="387072" percent="100" />
    </mem>
    <pending-finalizers system="0" default="0" reference="1" classloader="0" />
  </mem-info>
</gc-end>
<cycle-end id="1563" type="global" contextid="1556" timestamp="2019-08-04T20:02:30.984">
  <attribute name="GC Util" value="439" />
  <attribute name="CPU Util" value="5768681604575" />
  <attribute name="Time Running"value="98596"/>
  <attribute name="Number of cores"value="16"/>
</cycle-end>
<allocation-satisfied id="1564" threadId="0000000001BEEF00" bytesRequested="16392" />
<af-end id="1565" timestamp="2019-08-04T20:02:30.984" threadId="0000000001BEF888" success="true" />
<exclusive-end id="1566" timestamp="2019-08-04T20:02:30.984" durationms="4.577" />

<exclusive-start id="1567" timestamp="2019-08-04T20:02:31.009" intervalms="29.381">
  <response-info timems="0.081" idlems="0.081" threads="0" lastid="0000000001BEEF00" lastname="main" />
</exclusive-start>
<af-start id="1568" threadId="0000000001BEF888" totalBytesRequested="24" timestamp="2019-08-04T20:02:31.009" intervalms="29.376" />
<cycle-start id="1569" type="global" contextid="0" timestamp="2019-08-04T20:02:31.009" intervalms="29.373" />
  <attribute name="GC Util" value="439" />
  <attribute name="CPU Util" value="5768681604575" />
  <attribute name="Time Running"value="98596"/>
  <attribute name="Number of cores"value="16"/>
<gc-start id="1570" type="global" contextid="1569" timestamp="2019-08-04T20:02:31.009">
  <mem-info id="1571" free="387072" total="19398656" percent="1">
    <mem type="tenure" free="387072" total="19398656" percent="1">
      <mem type="soa" free="0" total="19011584" percent="0" />
      <mem type="loa" free="387072" total="387072" percent="100" />
    </mem>
  </mem-info>
</gc-start>
<allocation-stats totalBytes="13242144" >
  <allocated-bytes non-tlh="605744" tlh="12636400" />
  <largest-consumer threadName="main" threadId="0000000001BEEF00" bytes="13239904" />
</allocation-stats>
<gc-op id="1572" type="mark" timems="3.396" contextid="1569" timestamp="2019-08-04T20:02:31.013">
  <trace-info objectcount="105603" scancount="87693" scanbytes="2926228" />
  <finalization candidates="80" enqueued="0" />
  <ownableSynchronizers candidates="21" cleared="0" />
  <references type="soft" candidates="1502" cleared="0" enqueued="0" dynamicThreshold="22" maxThreshold="32" />
  <references type="weak" candidates="5443" cleared="0" enqueued="0" />
  <references type="phantom" candidates="97" cleared="0" enqueued="0" />
  <stringconstants candidates="12446" cleared="0"  />
</gc-op>
<gc-op id="1573" type="sweep" timems="0.956" contextid="1569" timestamp="2019-08-04T20:02:31.014" />
<gc-end id="1574" type="global" contextid="1569" durationms="4.514" usertimems="15.130" systemtimems="0.000" timestamp="2019-08-04T20:02:31.014" activeThreads="9">
  <mem-info id="1575" free="13024952" total="19398656" percent="67">
    <mem type="tenure" free="13024952" total="19398656" percent="67" micro-fragmented="556646" macro-fragmented="0">
      <mem type="soa" free="12637880" total="19011584" percent="66" />
      <mem type="loa" free="387072" total="387072" percent="100" />
    </mem>
  </mem-info>
</gc-end>
<cycle-end id="1576" type="global" contextid="1569" timestamp="2019-08-04T20:02:31.014">
  <attribute name="GC Util" value="262" />
  <attribute name="CPU Util" value="5417641401882" />
  <attribute name="Time Running"value="98626"/>
  <attribute name="Number of cores"value="16"/>
</cycle-end>
<allocation-satisfied id="1577" threadId="0000000001BEEF00" bytesRequested="24" />
<af-end id="1578" timestamp="2019-08-04T20:02:31.014" threadId="0000000001BEF888" success="true" />
<exclusive-end id="1579" timestamp="2019-08-04T20:02:31.014" durationms="4.687" />

<exclusive-start id="1580" timestamp="2019-08-04T20:02:31.036" intervalms="26.710">
  <response-info timems="0.033" idlems="0.033" threads="0" lastid="0000000001BEEF00" lastname="main" />
</exclusive-start>
<af-start id="1581" threadId="0000000001BEF888" totalBytesRequested="32" timestamp="2019-08-04T20:02:31.036" intervalms="26.710" />
<cycle-start id="1582" type="global" contextid="0" timestamp="2019-08-04T20:02:31.036" intervalms="26.707" />
  <attribute name="GC Util" value="262" />
  <attribute name="CPU Util" value="5417641401882" />
  <attribute name="Time Running"value="98626"/>
  <attribute name="Number of cores"value="16"/>
<gc-start id="1583" type="global" contextid="1582" timestamp="2019-08-04T20:02:31.036">
  <mem-info id="1584" free="387072" total="19398656" percent="1">
    <mem type="tenure" free="387072" total="19398656" percent="1">
      <mem type="soa" free="0" total="19011584" percent="0" />
      <mem type="loa" free="387072" total="387072" percent="100" />
    </mem>
  </mem-info>
</gc-start>
<allocation-stats totalBytes="12620608" >
  <allocated-bytes non-tlh="204472" tlh="12416136" />
  <largest-consumer threadName="main" threadId="0000000001BEEF00" bytes="12620608" />
</allocation-stats>
<gc-op id="1585" type="mark" timems="3.514" contextid="1582" timestamp="2019-08-04T20:02:31.040">
  <trace-info objectcount="104812" scancount="86904" scanbytes="2892448" />
  <finalization candidates="80" enqueued="0" />
  <ownableSynchronizers candidates="21" cleared="0" />
  <references type="soft" candidates="1503" cleared="0" enqueued="0" dynamicThreshold="21" maxThreshold="32" />
  <references type="weak" candidates="5445" cleared="0" enqueued="0" />
  <references type="phantom" candidates="97" cleared="0" enqueued="0" />
  <stringconstants candidates="12451" cleared="0"  />
</gc-op>
<gc-op id="1586" type="sweep" timems="0.916" contextid="1582" timestamp="2019-08-04T20:02:31.041" />
<heap-resize id="1587" type="contract" space="tenure" amount="327680" count="1" timems="0.045" reason="excess free space following gc" timestamp="2019-08-04T20:02:31.041" />
<gc-end id="1588" type="global" contextid="1582" durationms="4.679" usertimems="16.596" systemtimems="0.000" timestamp="2019-08-04T20:02:31.041" activeThreads="9">
  <mem-info id="1589" free="12682848" total="19070976" percent="66">
    <mem type="tenure" free="12682848" total="19070976" percent="66" micro-fragmented="477633" macro-fragmented="0">
      <mem type="soa" free="12361312" total="18690048" percent="66" />
      <mem type="loa" free="321536" total="380928" percent="84" />
    </mem>
  </mem-info>
</gc-end>
<cycle-end id="1590" type="global" contextid="1582" timestamp="2019-08-04T20:02:31.041">
  <attribute name="GC Util" value="295" />
  <attribute name="CPU Util" value="5338503164606" />
  <attribute name="Time Running"value="98653"/>
  <attribute name="Number of cores"value="16"/>
</cycle-end>
<allocation-satisfied id="1591" threadId="0000000001BEEF00" bytesRequested="32" />
<af-end id="1592" timestamp="2019-08-04T20:02:31.041" threadId="0000000001BEF888" success="true" />
<exclusive-end id="1593" timestamp="2019-08-04T20:02:31.041" durationms="4.874" />

<exclusive-start id="1594" timestamp="2019-08-04T20:02:31.064" intervalms="28.324">
  <response-info timems="0.038" idlems="0.038" threads="0" lastid="0000000001BEEF00" lastname="main" />
</exclusive-start>
<af-start id="1595" threadId="0000000001BEF888" totalBytesRequested="32" timestamp="2019-08-04T20:02:31.064" intervalms="28.322" />
<cycle-start id="1596" type="global" contextid="0" timestamp="2019-08-04T20:02:31.064" intervalms="28.320" />
  <attribute name="GC Util" value="295" />
  <attribute name="CPU Util" value="5338503164606" />
  <attribute name="Time Running"value="98653"/>
  <attribute name="Number of cores"value="16"/>
<gc-start id="1597" type="global" contextid="1596" timestamp="2019-08-04T20:02:31.064">
  <mem-info id="1598" free="321536" total="19070976" percent="1">
    <mem type="tenure" free="321536" total="19070976" percent="1">
      <mem type="soa" free="0" total="18690048" percent="0" />
      <mem type="loa" free="321536" total="380928" percent="84" />
    </mem>
  </mem-info>
</gc-start>
<allocation-stats totalBytes="12351984" >
  <allocated-bytes non-tlh="0" tlh="12351984" />
  <largest-consumer threadName="main" threadId="0000000001BEEF00" bytes="12351984" />
</allocation-stats>
<gc-op id="1599" type="mark" timems="3.493" contextid="1596" timestamp="2019-08-04T20:02:31.068">
  <trace-info objectcount="112780" scancount="94042" scanbytes="3169620" />
  <finalization candidates="80" enqueued="0" />
  <ownableSynchronizers candidates="21" cleared="0" />
  <references type="soft" candidates="1503" cleared="4" enqueued="4" dynamicThreshold="21" maxThreshold="32" />
  <references type="weak" candidates="5445" cleared="0" enqueued="0" />
  <references type="phantom" candidates="97" cleared="0" enqueued="0" />
  <stringconstants candidates="12451" cleared="0"  />
</gc-op>
<gc-op id="1600" type="sweep" timems="0.906" contextid="1596" timestamp="2019-08-04T20:02:31.069" />
<heap-resize id="1601" type="contract" space="tenure" amount="327680" count="1" timems="0.071" reason="excess free space following gc" timestamp="2019-08-04T20:02:31.069" />
<gc-end id="1602" type="global" contextid="1596" durationms="4.637" usertimems="16.047" systemtimems="0.000" timestamp="2019-08-04T20:02:31.069" activeThreads="9">
  <mem-info id="1603" free="11591328" total="18743296" percent="61">
    <mem type="tenure" free="11591328" total="18743296" percent="61" micro-fragmented="458631" macro-fragmented="806070">
      <mem type="soa" free="11591328" total="18368512" percent="63" />
      <mem type="loa" free="0" total="374784" percent="0" />
    </mem>
    <pending-finalizers system="0" default="0" reference="4" classloader="0" />
  </mem-info>
</gc-end>
<cycle-end id="1604" type="global" contextid="1596" timestamp="2019-08-04T20:02:31.069">
  <attribute name="GC Util" value="317" />
  <attribute name="CPU Util" value="5258903130160" />
  <attribute name="Time Running"value="98681"/>
  <attribute name="Number of cores"value="16"/>
</cycle-end>
<allocation-satisfied id="1605" threadId="0000000001BEEF00" bytesRequested="32" />
<af-end id="1606" timestamp="2019-08-04T20:02:31.069" threadId="0000000001BEF888" success="true" />
<exclusive-end id="1607" timestamp="2019-08-04T20:02:31.069" durationms="4.787" />

<exclusive-start id="1608" timestamp="2019-08-04T20:02:31.084" intervalms="19.921">
  <response-info timems="0.033" idlems="0.033" threads="0" lastid="0000000001BEEF00" lastname="main" />
</exclusive-start>
<af-start id="1609" threadId="0000000001BEF888" totalBytesRequested="200008" timestamp="2019-08-04T20:02:31.084" intervalms="19.920" />
<cycle-start id="1610" type="global" contextid="0" timestamp="2019-08-04T20:02:31.084" intervalms="19.943" />
  <attribute name="GC Util" value="317" />
  <attribute name="CPU Util" value="5258903130160" />
  <attribute name="Time Running"value="98681"/>
  <attribute name="Number of cores"value="16"/>
<gc-start id="1611" type="global" contextid="1610" timestamp="2019-08-04T20:02:31.084">
  <mem-info id="1612" free="5370312" total="18743296" percent="28">
    <mem type="tenure" free="5370312" total="18743296" percent="28">
      <mem type="soa" free="5370312" total="18368512" percent="29" />
      <mem type="loa" free="0" total="374784" percent="0" />
    </mem>
  </mem-info>
</gc-start>
<allocation-stats totalBytes="6191392" >
  <allocated-bytes non-tlh="130096" tlh="6061296" />
  <largest-consumer threadName="main" threadId="0000000001BEEF00" bytes="6191392" />
</allocation-stats>
<heap-resize id="1613" type="loa expand" space="tenure" amount="187392" count="1" timems="0.071" reason="expand on failed allocate" timestamp="2019-08-04T20:02:31.084" />
<gc-op id="1614" type="mark" timems="5.142" contextid="1610" timestamp="2019-08-04T20:02:31.089">
  <trace-info objectcount="99717" scancount="82242" scanbytes="2655848" />
  <finalization candidates="80" enqueued="0" />
  <ownableSynchronizers candidates="21" cleared="0" />
  <references type="soft" candidates="1500" cleared="1" enqueued="1" dynamicThreshold="19" maxThreshold="32" />
  <references type="weak" candidates="5451" cleared="1" enqueued="1" />
  <references type="phantom" candidates="97" cleared="0" enqueued="0" />
  <stringconstants candidates="12468" cleared="12"  />
</gc-op>
<gc-op id="1615" type="classunload" timems="0.004" contextid="1610" timestamp="2019-08-04T20:02:31.090">
  <classunload-info classloadercandidates="46" classloadersunloaded="0" classesunloaded="0" anonymousclassesunloaded="0" quiescems="0.000" setupms="0.003" scanms="0.000" postms="0.001" />
</gc-op>
<gc-op id="1616" type="sweep" timems="0.893" contextid="1610" timestamp="2019-08-04T20:02:31.090" />
<heap-resize id="1617" type="contract" space="tenure" amount="327680" count="1" timems="0.044" reason="excess free space following gc" timestamp="2019-08-04T20:02:31.091" />
<gc-end id="1618" type="global" contextid="1610" durationms="6.291" usertimems="15.147" systemtimems="0.000" timestamp="2019-08-04T20:02:31.091" activeThreads="8">
  <mem-info id="1619" free="12406760" total="18415616" percent="67">
    <mem type="tenure" free="12406760" total="18415616" percent="67" micro-fragmented="325650" macro-fragmented="98328">
      <mem type="soa" free="11854824" total="17863680" percent="66" />
      <mem type="loa" free="551936" total="551936" percent="100" />
    </mem>
    <pending-finalizers system="0" default="0" reference="2" classloader="0" />
  </mem-info>
</gc-end>
<cycle-end id="1620" type="global" contextid="1610" timestamp="2019-08-04T20:02:31.091">
  <attribute name="GC Util" value="214" />
  <attribute name="CPU Util" value="3575416698640" />
  <attribute name="Time Running"value="98703"/>
  <attribute name="Number of cores"value="16"/>
</cycle-end>
<allocation-satisfied id="1621" threadId="0000000001BEEF00" bytesRequested="200008" />
<af-end id="1622" timestamp="2019-08-04T20:02:31.091" threadId="0000000001BEF888" success="true" />
<exclusive-end id="1623" timestamp="2019-08-04T20:02:31.091" durationms="6.488" />

<exclusive-start id="1624" timestamp="2019-08-04T20:02:31.121" intervalms="36.883">
  <response-info timems="0.012" idlems="0.012" threads="0" lastid="0000000001BEEF00" lastname="main" />
</exclusive-start>
<af-start id="1625" threadId="0000000001BEF888" totalBytesRequested="40" timestamp="2019-08-04T20:02:31.121" intervalms="36.888" />
<cycle-start id="1626" type="global" contextid="0" timestamp="2019-08-04T20:02:31.121" intervalms="36.872" />
  <attribute name="GC Util" value="214" />
  <attribute name="CPU Util" value="3575416698640" />
  <attribute name="Time Running"value="98703"/>
  <attribute name="Number of cores"value="16"/>
<gc-start id="1627" type="global" contextid="1626" timestamp="2019-08-04T20:02:31.121">
  <mem-info id="1628" free="551936" total="18415616" percent="2">
    <mem type="tenure" free="551936" total="18415616" percent="2">
      <mem type="soa" free="0" total="17863680" percent="0" />
      <mem type="loa" free="551936" total="551936" percent="100" />
    </mem>
  </mem-info>
</gc-start>
<allocation-stats totalBytes="12033248" >
  <allocated-bytes non-tlh="1486864" tlh="10546384" />
  <largest-consumer threadName="main" threadId="0000000001BEEF00" bytes="12031008" />
</allocation-stats>
<gc-op id="1629" type="mark" timems="2.896" contextid="1626" timestamp="2019-08-04T20:02:31.124">
  <trace-info objectcount="110614" scancount="92152" scanbytes="3093200" />
  <finalization candidates="80" enqueued="0" />
  <ownableSynchronizers candidates="21" cleared="0" />
  <references type="soft" candidates="1503" cleared="0" enqueued="0" dynamicThreshold="21" maxThreshold="32" />
  <references type="weak" candidates="5459" cleared="0" enqueued="0" />
  <references type="phantom" candidates="97" cleared="0" enqueued="0" />
  <stringconstants candidates="12486" cleared="0"  />
</gc-op>
<gc-op id="1630" type="sweep" timems="0.886" contextid="1626" timestamp="2019-08-04T20:02:31.125" />
<heap-resize id="1631" type="contract" space="tenure" amount="524288" count="1" timems="0.109" reason="excess free space following gc" timestamp="2019-08-04T20:02:31.125" />
<gc-end id="1632" type="global" contextid="1626" durationms="4.071" usertimems="12.912" systemtimems="0.000" timestamp="2019-08-04T20:02:31.125" activeThreads="8">
  <mem-info id="1633" free="10653256" total="17891328" percent="59">
    <mem type="tenure" free="10653256" total="17891328" percent="59" micro-fragmented="611518" macro-fragmented="0">
      <mem type="soa" free="10653256" total="17354752" percent="61" />
      <mem type="loa" free="0" total="536576" percent="0" />
    </mem>
  </mem-info>
</gc-end>
<cycle-end id="1634" type="global" contextid="1626" timestamp="2019-08-04T20:02:31.125">
  <attribute name="GC Util" value="311" />
  <attribute name="CPU Util" value="6329521193832" />
  <attribute name="Time Running"value="98737"/>
  <attribute name="Number of cores"value="16"/>
</cycle-end>
<allocation-satisfied id="1635" threadId="0000000001BEEF00" bytesRequested="40" />
<af-end id="1636" timestamp="2019-08-04T20:02:31.125" threadId="0000000001BEF888" success="true" />
<exclusive-end id="1637" timestamp="2019-08-04T20:02:31.125" durationms="4.275" />

<exclusive-start id="1638" timestamp="2019-08-04T20:02:31.143" intervalms="22.098">
  <response-info timems="0.034" idlems="0.034" threads="0" lastid="0000000001BEEF00" lastname="main" />
</exclusive-start>
<af-start id="1639" threadId="0000000001BEF888" totalBytesRequested="32776" timestamp="2019-08-04T20:02:31.143" intervalms="22.093" />
<cycle-start id="1640" type="global" contextid="0" timestamp="2019-08-04T20:02:31.143" intervalms="22.113" />
  <attribute name="GC Util" value="311" />
  <attribute name="CPU Util" value="6329521193832" />
  <attribute name="Time Running"value="98737"/>
  <attribute name="Number of cores"value="16"/>
<gc-start id="1641" type="global" contextid="1640" timestamp="2019-08-04T20:02:31.143">
  <mem-info id="1642" free="1488608" total="17891328" percent="8">
    <mem type="tenure" free="1488608" total="17891328" percent="8">
      <mem type="soa" free="1488608" total="17354752" percent="8" />
      <mem type="loa" free="0" total="536576" percent="0" />
    </mem>
  </mem-info>
</gc-start>
<allocation-stats totalBytes="9092080" >
  <allocated-bytes non-tlh="598216" tlh="8493864" />
  <largest-consumer threadName="main" threadId="0000000001BEEF00" bytes="9092080" />
</allocation-stats>
<gc-op id="1643" type="mark" timems="3.182" contextid="1640" timestamp="2019-08-04T20:02:31.147">
  <trace-info objectcount="100529" scancount="83012" scanbytes="2679604" />
  <finalization candidates="80" enqueued="0" />
  <ownableSynchronizers candidates="21" cleared="0" />
  <references type="soft" candidates="1504" cleared="9" enqueued="9" dynamicThreshold="19" maxThreshold="32" />
  <references type="weak" candidates="5467" cleared="1" enqueued="1" />
  <references type="phantom" candidates="97" cleared="0" enqueued="0" />
  <stringconstants candidates="12509" cleared="12"  />
</gc-op>
<gc-op id="1644" type="sweep" timems="0.914" contextid="1640" timestamp="2019-08-04T20:02:31.147" />
<heap-resize id="1645" type="contract" space="tenure" amount="458752" count="1" timems="0.051" reason="excess free space following gc" timestamp="2019-08-04T20:02:31.148" />
<gc-end id="1646" type="global" contextid="1640" durationms="4.320" usertimems="13.524" systemtimems="0.000" timestamp="2019-08-04T20:02:31.148" activeThreads="8">
  <mem-info id="1647" free="11246584" total="17432576" percent="64">
    <mem type="tenure" free="11246584" total="17432576" percent="64" micro-fragmented="413485" macro-fragmented="0">
      <mem type="soa" free="10724344" total="16910336" percent="63" />
      <mem type="loa" free="522240" total="522240" percent="100" />
    </mem>
    <pending-finalizers system="0" default="0" reference="10" classloader="0" />
  </mem-info>
</gc-end>
<cycle-end id="1648" type="global" contextid="1640" timestamp="2019-08-04T20:02:31.148">
  <attribute name="GC Util" value="292" />
  <attribute name="CPU Util" value="5801100015720" />
  <attribute name="Time Running"value="98760"/>
  <attribute name="Number of cores"value="16"/>
</cycle-end>
<allocation-satisfied id="1649" threadId="0000000001BEEF00" bytesRequested="32776" />
<af-end id="1650" timestamp="2019-08-04T20:02:31.148" threadId="0000000001BEF888" success="true" />
<exclusive-end id="1651" timestamp="2019-08-04T20:02:31.148" durationms="4.495" />

<exclusive-start id="1652" timestamp="2019-08-04T20:02:31.165" intervalms="22.213">
  <response-info timems="0.017" idlems="0.017" threads="0" lastid="0000000001BEEF00" lastname="main" />
</exclusive-start>
<af-start id="1653" threadId="0000000001BEF888" totalBytesRequested="32" timestamp="2019-08-04T20:02:31.165" intervalms="22.217" />
<cycle-start id="1654" type="global" contextid="0" timestamp="2019-08-04T20:02:31.165" intervalms="22.195" />
  <attribute name="GC Util" value="292" />
  <attribute name="CPU Util" value="5801100015720" />
  <attribute name="Time Running"value="98760"/>
  <attribute name="Number of cores"value="16"/>
<gc-start id="1655" type="global" contextid="1654" timestamp="2019-08-04T20:02:31.165">
  <mem-info id="1656" free="522240" total="17432576" percent="2">
    <mem type="tenure" free="522240" total="17432576" percent="2">
      <mem type="soa" free="0" total="16910336" percent="0" />
      <mem type="loa" free="522240" total="522240" percent="100" />
    </mem>
  </mem-info>
</gc-start>
<allocation-stats totalBytes="10744632" >
  <allocated-bytes non-tlh="190280" tlh="10554352" />
  <largest-consumer threadName="main" threadId="0000000001BEEF00" bytes="10742392" />
</allocation-stats>
<gc-op id="1657" type="mark" timems="3.429" contextid="1654" timestamp="2019-08-04T20:02:31.169">
  <trace-info objectcount="115214" scancount="96313" scanbytes="3265372" />
  <finalization candidates="80" enqueued="0" />
  <ownableSynchronizers candidates="21" cleared="0" />
  <references type="soft" candidates="1495" cleared="0" enqueued="0" dynamicThreshold="20" maxThreshold="32" />
  <references type="weak" candidates="5467" cleared="0" enqueued="0" />
  <references type="phantom" candidates="97" cleared="0" enqueued="0" />
  <stringconstants candidates="12509" cleared="0"  />
</gc-op>
<gc-op id="1658" type="sweep" timems="1.270" contextid="1654" timestamp="2019-08-04T20:02:31.170" />
<heap-resize id="1659" type="expand" space="tenure" amount="1048576" count="1" timems="0.056" reason="excessive time being spent in gc" timestamp="2019-08-04T20:02:31.170" />
<gc-end id="1660" type="global" contextid="1654" durationms="4.917" usertimems="15.389" systemtimems="0.000" timestamp="2019-08-04T20:02:31.170" activeThreads="8">
  <mem-info id="1661" free="11331192" total="18481152" percent="61">
    <mem type="tenure" free="11331192" total="18481152" percent="61" micro-fragmented="673630" macro-fragmented="1671627">
      <mem type="soa" free="10777208" total="17927168" percent="60" />
      <mem type="loa" free="553984" total="553984" percent="100" />
    </mem>
  </mem-info>
</gc-end>
<cycle-end id="1662" type="global" contextid="1654" timestamp="2019-08-04T20:02:31.170">
  <attribute name="GC Util" value="304" />
  <attribute name="CPU Util" value="5372287762742" />
  <attribute name="Time Running"value="98782"/>
  <attribute name="Number of cores"value="16"/>
</cycle-end>
<allocation-satisfied id="1663" threadId="0000000001BEEF00" bytesRequested="32" />
<af-end id="1664" timestamp="2019-08-04T20:02:31.170" threadId="0000000001BEF888" success="true" />
<exclusive-end id="1665" timestamp="2019-08-04T20:02:31.170" durationms="5.075" />

<exclusive-start id="1666" timestamp="2019-08-04T20:02:31.197" intervalms="31.688">
  <response-info timems="0.043" idlems="0.043" threads="0" lastid="0000000001BEEF00" lastname="main" />
</exclusive-start>
<af-start id="1667" threadId="0000000001BEF888" totalBytesRequested="32" timestamp="2019-08-04T20:02:31.197" intervalms="31.685" />
<cycle-start id="1668" type="global" contextid="0" timestamp="2019-08-04T20:02:31.197" intervalms="31.682" />
  <attribute name="GC Util" value="304" />
  <attribute name="CPU Util" value="5372287762742" />
  <attribute name="Time Running"value="98782"/>
  <attribute name="Number of cores"value="16"/>
<gc-start id="1669" type="global" contextid="1668" timestamp="2019-08-04T20:02:31.197">
  <mem-info id="1670" free="553984" total="18481152" percent="2">
    <mem type="tenure" free="553984" total="18481152" percent="2">
      <mem type="soa" free="0" total="17927168" percent="0" />
      <mem type="loa" free="553984" total="553984" percent="100" />
    </mem>
  </mem-info>
</gc-start>
<allocation-stats totalBytes="10752376" >
  <allocated-bytes non-tlh="259608" tlh="10492768" />
  <largest-consumer threadName="main" threadId="0000000001BEEF00" bytes="10752376" />
</allocation-stats>
<gc-op id="1671" type="mark" timems="3.510" contextid="1668" timestamp="2019-08-04T20:02:31.201">
  <trace-info objectcount="105917" scancount="87933" scanbytes="2924736" />
  <finalization candidates="80" enqueued="0" />
  <ownableSynchronizers candidates="21" cleared="0" />
  <references type="soft" candidates="1496" cleared="17" enqueued="17" dynamicThreshold="19" maxThreshold="32" />
  <references type="weak" candidates="5475" cleared="0" enqueued="0" />
  <references type="phantom" candidates="97" cleared="0" enqueued="0" />
  <stringconstants candidates="12518" cleared="0"  />
</gc-op>
<gc-op id="1672" type="sweep" timems="1.044" contextid="1668" timestamp="2019-08-04T20:02:31.202" />
<gc-end id="1673" type="global" contextid="1668" durationms="4.726" usertimems="19.917" systemtimems="0.000" timestamp="2019-08-04T20:02:31.202" activeThreads="8">
  <mem-info id="1674" free="12075712" total="18481152" percent="65">
    <mem type="tenure" free="12075712" total="18481152" percent="65" micro-fragmented="444178" macro-fragmented="0">
      <mem type="soa" free="11521728" total="17927168" percent="64" />
      <mem type="loa" free="553984" total="553984" percent="100" />
    </mem>
    <pending-finalizers system="0" default="0" reference="17" classloader="0" />
  </mem-info>
</gc-end>
<cycle-end id="1675" type="global" contextid="1668" timestamp="2019-08-04T20:02:31.202">
  <attribute name="GC Util" value="309" />
  <attribute name="CPU Util" value="5252815779881" />
  <attribute name="Time Running"value="98814"/>
  <attribute name="Number of cores"value="16"/>
</cycle-end>
<allocation-satisfied id="1676" threadId="0000000001BEEF00" bytesRequested="32" />
<af-end id="1677" timestamp="2019-08-04T20:02:31.202" threadId="0000000001BEF888" success="true" />
<exclusive-end id="1678" timestamp="2019-08-04T20:02:31.202" durationms="4.941" />

<exclusive-start id="1679" timestamp="2019-08-04T20:02:31.217" intervalms="19.615">
  <response-info timems="0.079" idlems="0.079" threads="0" lastid="0000000001BEEF00" lastname="main" />
</exclusive-start>
<af-start id="1680" threadId="0000000001BEF888" totalBytesRequested="48" timestamp="2019-08-04T20:02:31.217" intervalms="19.612" />
<cycle-start id="1681" type="global" contextid="0" timestamp="2019-08-04T20:02:31.217" intervalms="19.611" />
  <attribute name="GC Util" value="309" />
  <attribute name="CPU Util" value="5252815779881" />
  <attribute name="Time Running"value="98814"/>
  <attribute name="Number of cores"value="16"/>
<gc-start id="1682" type="global" contextid="1681" timestamp="2019-08-04T20:02:31.217">
  <mem-info id="1683" free="553984" total="18481152" percent="2">
    <mem type="tenure" free="553984" total="18481152" percent="2">
      <mem type="soa" free="0" total="17927168" percent="0" />
      <mem type="loa" free="553984" total="553984" percent="100" />
    </mem>
  </mem-info>
</gc-start>
<allocation-stats totalBytes="11510960" >
  <allocated-bytes non-tlh="56" tlh="11510904" />
  <largest-consumer threadName="main" threadId="0000000001BEEF00" bytes="11510960" />
</allocation-stats>
<gc-op id="1684" type="mark" timems="6.350" contextid="1681" timestamp="2019-08-04T20:02:31.223">
  <trace-info objectcount="117101" scancount="97822" scanbytes="3311744" />
  <finalization candidates="80" enqueued="0" />
  <ownableSynchronizers candidates="21" cleared="0" />
  <references type="soft" candidates="1477" cleared="0" enqueued="0" dynamicThreshold="20" maxThreshold="32" />
  <references type="weak" candidates="5475" cleared="0" enqueued="0" />
  <references type="phantom" candidates="97" cleared="0" enqueued="0" />
  <stringconstants candidates="12519" cleared="4"  />
</gc-op>
<gc-op id="1685" type="classunload" timems="0.424" contextid="1681" timestamp="2019-08-04T20:02:31.224">
  <classunload-info classloadercandidates="52" classloadersunloaded="2" classesunloaded="2" anonymousclassesunloaded="0" quiescems="0.000" setupms="0.412" scanms="0.010" postms="0.002" />
</gc-op>
<gc-op id="1686" type="sweep" timems="0.978" contextid="1681" timestamp="2019-08-04T20:02:31.225" />
<gc-end id="1687" type="global" contextid="1681" durationms="7.912" usertimems="19.409" systemtimems="0.000" timestamp="2019-08-04T20:02:31.225" activeThreads="8">
  <mem-info id="1688" free="11253048" total="18481152" percent="60">
    <mem type="tenure" free="11253048" total="18481152" percent="60" micro-fragmented="906834" macro-fragmented="740898">
      <mem type="soa" free="10699064" total="17927168" percent="59" />
      <mem type="loa" free="553984" total="553984" percent="100" />
    </mem>
  </mem-info>
</gc-end>
<cycle-end id="1689" type="global" contextid="1681" timestamp="2019-08-04T20:02:31.225">
  <attribute name="GC Util" value="205" />
  <attribute name="CPU Util" value="2700678070855" />
  <attribute name="Time Running"value="98837"/>
  <attribute name="Number of cores"value="16"/>
</cycle-end>
<allocation-satisfied id="1690" threadId="0000000001BEEF00" bytesRequested="48" />
<af-end id="1691" timestamp="2019-08-04T20:02:31.225" threadId="0000000001BEF888" success="true" />
<exclusive-end id="1692" timestamp="2019-08-04T20:02:31.225" durationms="8.074" />

<exclusive-start id="1693" timestamp="2019-08-04T20:02:31.262" intervalms="45.704">
  <response-info timems="0.018" idlems="0.018" threads="0" lastid="0000000001BEEF00" lastname="main" />
</exclusive-start>
<af-start id="1694" threadId="0000000001BEF888" totalBytesRequested="32" timestamp="2019-08-04T20:02:31.262" intervalms="45.718" />
<cycle-start id="1695" type="global" contextid="0" timestamp="2019-08-04T20:02:31.262" intervalms="45.737" />
  <attribute name="GC Util" value="205" />
  <attribute name="CPU Util" value="2700678070855" />
  <attribute name="Time Running"value="98837"/>
  <attribute name="Number of cores"value="16"/>
<gc-start id="1696" type="global" contextid="1695" timestamp="2019-08-04T20:02:31.263">
  <mem-info id="1697" free="153968" total="18481152" percent="0">
    <mem type="tenure" free="153968" total="18481152" percent="0">
      <mem type="soa" free="0" total="17927168" percent="0" />
      <mem type="loa" free="153968" total="553984" percent="27" />
    </mem>
  </mem-info>
</gc-start>
<allocation-stats totalBytes="11032864" >
  <allocated-bytes non-tlh="935080" tlh="10097784" />
  <largest-consumer threadName="main" threadId="0000000001BEEF00" bytes="11032864" />
</allocation-stats>
<gc-op id="1698" type="mark" timems="3.939" contextid="1695" timestamp="2019-08-04T20:02:31.267">
  <trace-info objectcount="100938" scancount="83323" scanbytes="2688568" />
  <finalization candidates="80" enqueued="0" />
  <ownableSynchronizers candidates="21" cleared="0" />
  <references type="soft" candidates="1480" cleared="9" enqueued="9" dynamicThreshold="19" maxThreshold="32" />
  <references type="weak" candidates="5489" cleared="15" enqueued="15" />
  <references type="phantom" candidates="96" cleared="0" enqueued="0" />
  <stringconstants candidates="12596" cleared="12"  />
</gc-op>
<gc-op id="1699" type="sweep" timems="1.028" contextid="1695" timestamp="2019-08-04T20:02:31.268" />
<heap-resize id="1700" type="contract" space="tenure" amount="524288" count="1" timems="0.058" reason="excess free space following gc" timestamp="2019-08-04T20:02:31.268" />
<gc-end id="1701" type="global" contextid="1695" durationms="5.232" usertimems="15.925" systemtimems="0.000" timestamp="2019-08-04T20:02:31.268" activeThreads="8">
  <mem-info id="1702" free="11901360" total="17956864" percent="66">
    <mem type="tenure" free="11901360" total="17956864" percent="66" micro-fragmented="422267" macro-fragmented="0">
      <mem type="soa" free="11553736" total="17418240" percent="66" />
      <mem type="loa" free="347624" total="538624" percent="64" />
    </mem>
    <pending-finalizers system="0" default="0" reference="24" classloader="0" />
  </mem-info>
</gc-end>
<cycle-end id="1703" type="global" contextid="1695" timestamp="2019-08-04T20:02:31.268">
  <attribute name="GC Util" value="277" />
  <attribute name="CPU Util" value="4649248415442" />
  <attribute name="Time Running"value="98880"/>
  <attribute name="Number of cores"value="16"/>
</cycle-end>
<allocation-satisfied id="1704" threadId="0000000001BEEF00" bytesRequested="32" />
<af-end id="1705" timestamp="2019-08-04T20:02:31.268" threadId="0000000001BEF888" success="true" />
<exclusive-end id="1706" timestamp="2019-08-04T20:02:31.268" durationms="5.479" />

<exclusive-start id="1707" timestamp="2019-08-04T20:02:31.315" intervalms="52.203">
  <response-info timems="0.017" idlems="0.017" threads="0" lastid="0000000001BEEF00" lastname="main" />
</exclusive-start>
<af-start id="1708" threadId="0000000001BEF888" totalBytesRequested="2592" timestamp="2019-08-04T20:02:31.315" intervalms="52.200" />
<cycle-start id="1709" type="global" contextid="0" timestamp="2019-08-04T20:02:31.315" intervalms="52.198" />
  <attribute name="GC Util" value="277" />
  <attribute name="CPU Util" value="4649248415442" />
  <attribute name="Time Running"value="98880"/>
  <attribute name="Number of cores"value="16"/>
<gc-start id="1710" type="global" contextid="1709" timestamp="2019-08-04T20:02:31.315">
  <mem-info id="1711" free="347624" total="17956864" percent="1">
    <mem type="tenure" free="347624" total="17956864" percent="1">
      <mem type="soa" free="0" total="17418240" percent="0" />
      <mem type="loa" free="347624" total="538624" percent="64" />
    </mem>
  </mem-info>
</gc-start>
<allocation-stats totalBytes="11478560" >
  <allocated-bytes non-tlh="667464" tlh="10811096" />
  <largest-consumer threadName="main" threadId="0000000001BEEF00" bytes="11466216" />
</allocation-stats>
<gc-op id="1712" type="mark" timems="4.360" contextid="1709" timestamp="2019-08-04T20:02:31.319">
  <trace-info objectcount="109580" scancount="91132" scanbytes="2976188" />
  <finalization candidates="80" enqueued="0" />
  <ownableSynchronizers candidates="21" cleared="0" />
  <references type="soft" candidates="2246" cleared="0" enqueued="0" dynamicThreshold="21" maxThreshold="32" />
  <references type="weak" candidates="5564" cleared="20" enqueued="20" />
  <references type="phantom" candidates="96" cleared="0" enqueued="0" />
  <stringconstants candidates="13166" cleared="12"  />
</gc-op>
<gc-op id="1713" type="sweep" timems="1.630" contextid="1709" timestamp="2019-08-04T20:02:31.321" />
<heap-resize id="1714" type="contract" space="tenure" amount="524288" count="1" timems="0.066" reason="excess free space following gc" timestamp="2019-08-04T20:02:31.321" />
<gc-end id="1715" type="global" contextid="1709" durationms="6.272" usertimems="17.598" systemtimems="0.000" timestamp="2019-08-04T20:02:31.321" activeThreads="8">
  <mem-info id="1716" free="10989472" total="17432576" percent="63">
    <mem type="tenure" free="10989472" total="17432576" percent="63" micro-fragmented="700056" macro-fragmented="0">
      <mem type="soa" free="10573888" total="16910336" percent="62" />
      <mem type="loa" free="415584" total="522240" percent="79" />
    </mem>
    <pending-finalizers system="0" default="0" reference="20" classloader="0" />
  </mem-info>
</gc-end>
<cycle-end id="1717" type="global" contextid="1709" timestamp="2019-08-04T20:02:31.321">
  <attribute name="GC Util" value="257" />
  <attribute name="CPU Util" value="4206622894671" />
  <attribute name="Time Running"value="98932"/>
  <attribute name="Number of cores"value="16"/>
</cycle-end>
<allocation-satisfied id="1718" threadId="0000000001BEEF00" bytesRequested="2592" />
<af-end id="1719" timestamp="2019-08-04T20:02:31.321" threadId="0000000001BEF888" success="true" />
<exclusive-end id="1720" timestamp="2019-08-04T20:02:31.321" durationms="6.473" />

<exclusive-start id="1721" timestamp="2019-08-04T20:02:31.350" intervalms="35.422">
  <response-info timems="0.050" idlems="0.050" threads="0" lastid="0000000001BEEF00" lastname="main" />
</exclusive-start>
<af-start id="1722" threadId="0000000001BEF888" totalBytesRequested="966384" timestamp="2019-08-04T20:02:31.350" intervalms="35.414" />
<cycle-start id="1723" type="global" contextid="0" timestamp="2019-08-04T20:02:31.350" intervalms="35.403" />
  <attribute name="GC Util" value="257" />
  <attribute name="CPU Util" value="4206622894671" />
  <attribute name="Time Running"value="98932"/>
  <attribute name="Number of cores"value="16"/>
<gc-start id="1724" type="global" contextid="1723" timestamp="2019-08-04T20:02:31.350">
  <mem-info id="1725" free="4413392" total="17432576" percent="25">
    <mem type="tenure" free="4413392" total="17432576" percent="25">
      <mem type="soa" free="3997808" total="16910336" percent="23" />
      <mem type="loa" free="415584" total="522240" percent="79" />
    </mem>
  </mem-info>
</gc-start>
<allocation-stats totalBytes="6555664" >
  <allocated-bytes non-tlh="606112" tlh="5949552" />
  <largest-consumer threadName="main" threadId="0000000001BEEF00" bytes="6553424" />
</allocation-stats>
<heap-resize id="1726" type="loa expand" space="tenure" amount="174080" count="1" timems="0.066" reason="expand on failed allocate" timestamp="2019-08-04T20:02:31.350" />
<gc-op id="1727" type="mark" timems="6.182" contextid="1723" timestamp="2019-08-04T20:02:31.356">
  <trace-info objectcount="109541" scancount="91262" scanbytes="2974448" />
  <finalization candidates="83" enqueued="1" />
  <ownableSynchronizers candidates="21" cleared="0" />
  <references type="soft" candidates="2247" cleared="24" enqueued="24" dynamicThreshold="20" maxThreshold="32" />
  <references type="weak" candidates="5572" cleared="4" enqueued="4" />
  <references type="phantom" candidates="98" cleared="0" enqueued="0" />
  <stringconstants candidates="13214" cleared="12"  />
</gc-op>
<gc-op id="1728" type="classunload" timems="0.005" contextid="1723" timestamp="2019-08-04T20:02:31.356">
  <classunload-info classloadercandidates="56" classloadersunloaded="0" classesunloaded="0" anonymousclassesunloaded="0" quiescems="0.000" setupms="0.004" scanms="0.000" postms="0.001" />
</gc-op>
<gc-op id="1729" type="sweep" timems="1.281" contextid="1723" timestamp="2019-08-04T20:02:31.358" />
<mem-info id="1730" free="10862856" total="17432576" percent="62">
  <mem type="tenure" free="10862856" total="17432576" percent="62" micro-fragmented="530511" macro-fragmented="81960">
    <mem type="soa" free="10427040" total="16736256" percent="62" />
    <mem type="loa" free="435816" total="696320" percent="62" />
  </mem>
  <pending-finalizers system="0" default="1" reference="28" classloader="0" />
</mem-info>
<gc-op id="1731" type="compact" timems="32.245" contextid="1723" timestamp="2019-08-04T20:02:31.390">
  <compact-info movecount="106163" movebytes="5480368" reason="compact to meet allocation" />
</gc-op>
<heap-resize id="1732" type="contract" space="tenure" amount="393216" count="1" timems="0.039" reason="excess free space following gc" timestamp="2019-08-04T20:02:31.390" />
<gc-end id="1733" type="global" contextid="1723" durationms="40.129" usertimems="62.193" systemtimems="0.000" timestamp="2019-08-04T20:02:31.390" activeThreads="8">
  <mem-info id="1734" free="10417080" total="17039360" percent="61">
    <mem type="tenure" free="10417080" total="17039360" percent="61">
      <mem type="soa" free="9736120" total="16358400" percent="59" />
      <mem type="loa" free="680960" total="680960" percent="100" />
    </mem>
    <pending-finalizers system="0" default="1" reference="28" classloader="0" />
  </mem-info>
</gc-end>
<cycle-end id="1735" type="global" contextid="1723" timestamp="2019-08-04T20:02:31.390">
  <attribute name="GC Util" value="58" />
  <attribute name="CPU Util" value="13670107569134" />
  <attribute name="Time Running"value="98971"/>
  <attribute name="Number of cores"value="16"/>
</cycle-end>
<allocation-satisfied id="1736" threadId="0000000001BEEF00" bytesRequested="966384" />
<af-end id="1737" timestamp="2019-08-04T20:02:31.390" threadId="0000000001BEF888" success="true" />
<exclusive-end id="1738" timestamp="2019-08-04T20:02:31.390" durationms="40.357" />

<exclusive-start id="1739" timestamp="2019-08-04T20:02:31.646" intervalms="295.560">
  <response-info timems="0.049" idlems="0.049" threads="0" lastid="0000000001BEEF00" lastname="main" />
</exclusive-start>
<af-start id="1740" threadId="0000000001BEF888" totalBytesRequested="744" timestamp="2019-08-04T20:02:31.646" intervalms="295.562" />
<cycle-start id="1741" type="global" contextid="0" timestamp="2019-08-04T20:02:31.646" intervalms="295.559" />
  <attribute name="GC Util" value="58" />
  <attribute name="CPU Util" value="13670107569134" />
  <attribute name="Time Running"value="98971"/>
  <attribute name="Number of cores"value="16"/>
<gc-start id="1742" type="global" contextid="1741" timestamp="2019-08-04T20:02:31.646">
  <mem-info id="1743" free="680960" total="17039360" percent="3">
    <mem type="tenure" free="680960" total="17039360" percent="3">
      <mem type="soa" free="0" total="16358400" percent="0" />
      <mem type="loa" free="680960" total="680960" percent="100" />
    </mem>
  </mem-info>
</gc-start>
<allocation-stats totalBytes="10692072" >
  <allocated-bytes non-tlh="2900304" tlh="7791768" />
  <largest-consumer threadName="main" threadId="0000000001BEEF00" bytes="10675688" />
</allocation-stats>
<gc-op id="1744" type="mark" timems="4.143" contextid="1741" timestamp="2019-08-04T20:02:31.650">
  <trace-info objectcount="123599" scancount="103256" scanbytes="3270244" />
  <finalization candidates="82" enqueued="1" />
  <ownableSynchronizers candidates="21" cleared="0" />
  <references type="soft" candidates="2232" cleared="1" enqueued="1" dynamicThreshold="19" maxThreshold="32" />
  <references type="weak" candidates="5581" cleared="3" enqueued="3" />
  <references type="phantom" candidates="98" cleared="0" enqueued="0" />
  <stringconstants candidates="13216" cleared="3"  />
</gc-op>
<gc-op id="1745" type="sweep" timems="1.129" contextid="1741" timestamp="2019-08-04T20:02:31.651" />
<gc-end id="1746" type="global" contextid="1741" durationms="5.471" usertimems="18.547" systemtimems="0.000" timestamp="2019-08-04T20:02:31.651" activeThreads="8">
  <mem-info id="1747" free="8943136" total="17039360" percent="52">
    <mem type="tenure" free="8943136" total="17039360" percent="52" micro-fragmented="43143" macro-fragmented="3674386">
      <mem type="soa" free="8262176" total="16358400" percent="50" />
      <mem type="loa" free="680960" total="680960" percent="100" />
    </mem>
    <pending-finalizers system="0" default="1" reference="4" classloader="0" />
  </mem-info>
</gc-end>
<cycle-end id="1748" type="global" contextid="1741" timestamp="2019-08-04T20:02:31.651">
  <attribute name="GC Util" value="311" />
  <attribute name="CPU Util" value="4433445929627" />
  <attribute name="Time Running"value="99263"/>
  <attribute name="Number of cores"value="16"/>
</cycle-end>
<allocation-satisfied id="1749" threadId="0000000001BEEF00" bytesRequested="744" />
<af-end id="1750" timestamp="2019-08-04T20:02:31.651" threadId="0000000001BEF888" success="true" />
<exclusive-end id="1751" timestamp="2019-08-04T20:02:31.651" durationms="5.765" />

<exclusive-start id="1752" timestamp="2019-08-04T20:02:31.753" intervalms="107.080">
  <response-info timems="0.096" idlems="0.096" threads="0" lastid="0000000001BEEF00" lastname="main" />
</exclusive-start>
<af-start id="1753" threadId="0000000001BEF888" totalBytesRequested="80" timestamp="2019-08-04T20:02:31.753" intervalms="107.083" />
<cycle-start id="1754" type="global" contextid="0" timestamp="2019-08-04T20:02:31.753" intervalms="107.084" />
  <attribute name="GC Util" value="311" />
  <attribute name="CPU Util" value="4433445929627" />
  <attribute name="Time Running"value="99263"/>
  <attribute name="Number of cores"value="16"/>
<gc-start id="1755" type="global" contextid="1754" timestamp="2019-08-04T20:02:31.753">
  <mem-info id="1756" free="680960" total="17039360" percent="3">
    <mem type="tenure" free="680960" total="17039360" percent="3">
      <mem type="soa" free="0" total="16358400" percent="0" />
      <mem type="loa" free="680960" total="680960" percent="100" />
    </mem>
  </mem-info>
</gc-start>
<allocation-stats totalBytes="8103288" >
  <allocated-bytes non-tlh="16400" tlh="8086888" />
  <largest-consumer threadName="main" threadId="0000000001BEEF00" bytes="8103288" />
</allocation-stats>
<gc-op id="1757" type="mark" timems="3.612" contextid="1754" timestamp="2019-08-04T20:02:31.756">
  <trace-info objectcount="138556" scancount="116060" scanbytes="3577968" />
  <finalization candidates="81" enqueued="0" />
  <ownableSynchronizers candidates="21" cleared="0" />
  <references type="soft" candidates="2231" cleared="3" enqueued="3" dynamicThreshold="16" maxThreshold="32" />
  <references type="weak" candidates="5578" cleared="0" enqueued="0" />
  <references type="phantom" candidates="98" cleared="0" enqueued="0" />
  <stringconstants candidates="13213" cleared="0"  />
</gc-op>
<gc-op id="1758" type="sweep" timems="1.272" contextid="1754" timestamp="2019-08-04T20:02:31.758" />
<gc-end id="1759" type="global" contextid="1754" durationms="5.076" usertimems="18.788" systemtimems="0.000" timestamp="2019-08-04T20:02:31.758" activeThreads="8">
  <mem-info id="1760" free="8242064" total="17039360" percent="48">
    <mem type="tenure" free="8242064" total="17039360" percent="48" micro-fragmented="135680" macro-fragmented="23466">
      <mem type="soa" free="7561104" total="16358400" percent="46" />
      <mem type="loa" free="680960" total="680960" percent="100" />
    </mem>
    <pending-finalizers system="0" default="0" reference="3" classloader="0" />
  </mem-info>
</gc-end>
<cycle-end id="1761" type="global" contextid="1754" timestamp="2019-08-04T20:02:31.758">
  <attribute name="GC Util" value="342" />
  <attribute name="CPU Util" value="5090756725002" />
  <attribute name="Time Running"value="99370"/>
  <attribute name="Number of cores"value="16"/>
</cycle-end>
<allocation-satisfied id="1762" threadId="0000000001BEEF00" bytesRequested="80" />
<af-end id="1763" timestamp="2019-08-04T20:02:31.758" threadId="0000000001BEF888" success="true" />
<exclusive-end id="1764" timestamp="2019-08-04T20:02:31.758" durationms="5.281" />

<exclusive-start id="1765" timestamp="2019-08-04T20:02:31.792" intervalms="39.434">
  <response-info timems="0.777" idlems="0.519" threads="2" lastid="0000000001BF2B00" lastname="JIT Compilation Thread-0" />
</exclusive-start>
<af-start id="1766" threadId="0000000001BEF888" totalBytesRequested="16392" timestamp="2019-08-04T20:02:31.792" intervalms="39.438" />
<cycle-start id="1767" type="global" contextid="0" timestamp="2019-08-04T20:02:31.792" intervalms="39.434" />
  <attribute name="GC Util" value="342" />
  <attribute name="CPU Util" value="5090756725002" />
  <attribute name="Time Running"value="99370"/>
  <attribute name="Number of cores"value="16"/>
<gc-start id="1768" type="global" contextid="1767" timestamp="2019-08-04T20:02:31.792">
  <mem-info id="1769" free="4223864" total="17039360" percent="24">
    <mem type="tenure" free="4223864" total="17039360" percent="24">
      <mem type="soa" free="3542904" total="16358400" percent="21" />
      <mem type="loa" free="680960" total="680960" percent="100" />
    </mem>
  </mem-info>
</gc-start>
<allocation-stats totalBytes="3895464" >
  <allocated-bytes non-tlh="0" tlh="3895464" />
  <largest-consumer threadName="main" threadId="0000000001BEEF00" bytes="3895464" />
</allocation-stats>
<gc-op id="1770" type="mark" timems="4.298" contextid="1767" timestamp="2019-08-04T20:02:31.797">
  <trace-info objectcount="146385" scancount="122740" scanbytes="3734160" />
  <finalization candidates="81" enqueued="0" />
  <ownableSynchronizers candidates="21" cleared="0" />
  <references type="soft" candidates="2228" cleared="3" enqueued="3" dynamicThreshold="15" maxThreshold="32" />
  <references type="weak" candidates="5578" cleared="0" enqueued="0" />
  <references type="phantom" candidates="98" cleared="0" enqueued="0" />
  <stringconstants candidates="13213" cleared="0"  />
</gc-op>
<gc-op id="1771" type="sweep" timems="1.275" contextid="1767" timestamp="2019-08-04T20:02:31.798" />
<gc-end id="1772" type="global" contextid="1767" durationms="5.869" usertimems="20.663" systemtimems="0.000" timestamp="2019-08-04T20:02:31.798" activeThreads="8">
  <mem-info id="1773" free="7773832" total="17039360" percent="45">
    <mem type="tenure" free="7773832" total="17039360" percent="45" micro-fragmented="428475" macro-fragmented="0">
      <mem type="soa" free="7092872" total="16358400" percent="43" />
      <mem type="loa" free="680960" total="680960" percent="100" />
    </mem>
    <pending-finalizers system="0" default="0" reference="3" classloader="0" />
  </mem-info>
</gc-end>
<cycle-end id="1774" type="global" contextid="1767" timestamp="2019-08-04T20:02:31.798">
  <attribute name="GC Util" value="329" />
  <attribute name="CPU Util" value="4274971081182" />
  <attribute name="Time Running"value="99410"/>
  <attribute name="Number of cores"value="16"/>
</cycle-end>
<cycle-start id="1775" type="global" contextid="0" timestamp="2019-08-04T20:02:31.798" intervalms="6.079" />
  <attribute name="GC Util" value="329" />
  <attribute name="CPU Util" value="4274971081182" />
  <attribute name="Time Running"value="99410"/>
  <attribute name="Number of cores"value="16"/>
<gc-start id="1776" type="global" contextid="1775" timestamp="2019-08-04T20:02:31.798">
  <mem-info id="1777" free="7773832" total="17039360" percent="45">
    <mem type="tenure" free="7773832" total="17039360" percent="45">
      <mem type="soa" free="7092872" total="16358400" percent="43" />
      <mem type="loa" free="680960" total="680960" percent="100" />
    </mem>
    <pending-finalizers system="0" default="0" reference="3" classloader="0" />
  </mem-info>
</gc-start>
<allocation-stats totalBytes="0" >
  <allocated-bytes non-tlh="0" tlh="0" />
</allocation-stats>
<heap-resize id="1778" type="loa contract" space="tenure" amount="510976" count="1" timems="0.039" reason="contract on aggressive gc" timestamp="2019-08-04T20:02:31.798" />
<gc-op id="1779" type="mark" timems="7.874" contextid="1775" timestamp="2019-08-04T20:02:31.806">
  <trace-info objectcount="145098" scancount="121513" scanbytes="3683044" />
  <finalization candidates="81" enqueued="0" />
  <ownableSynchronizers candidates="21" cleared="0" />
  <references type="soft" candidates="2225" cleared="397" enqueued="393" dynamicThreshold="14" maxThreshold="32" />
  <references type="weak" candidates="5578" cleared="0" enqueued="0" />
  <references type="phantom" candidates="98" cleared="0" enqueued="0" />
  <stringconstants candidates="13213" cleared="7"  />
</gc-op>
<gc-op id="1780" type="classunload" timems="0.411" contextid="1775" timestamp="2019-08-04T20:02:31.807">
  <classunload-info classloadercandidates="56" classloadersunloaded="2" classesunloaded="2" anonymousclassesunloaded="0" quiescems="0.000" setupms="0.395" scanms="0.013" postms="0.003" />
</gc-op>
<gc-op id="1781" type="sweep" timems="1.117" contextid="1775" timestamp="2019-08-04T20:02:31.808" />
<mem-info id="1782" free="7815272" total="17039360" percent="45">
  <mem type="tenure" free="7815272" total="17039360" percent="45" micro-fragmented="413026" macro-fragmented="0">
    <mem type="soa" free="7645288" total="16869376" percent="45" />
    <mem type="loa" free="169984" total="169984" percent="100" />
  </mem>
  <pending-finalizers system="0" default="0" reference="396" classloader="0" />
</mem-info>
<gc-op id="1783" type="compact" timems="36.016" contextid="1775" timestamp="2019-08-04T20:02:31.844">
  <compact-info movecount="128713" movebytes="7695712" reason="compact on aggressive collection" />
</gc-op>
<gc-end id="1784" type="global" contextid="1775" durationms="45.713" usertimems="67.926" systemtimems="0.000" timestamp="2019-08-04T20:02:31.844" activeThreads="8">
  <mem-info id="1785" free="8564664" total="17039360" percent="50">
    <mem type="tenure" free="8564664" total="17039360" percent="50">
      <mem type="soa" free="8394680" total="16869376" percent="49" />
      <mem type="loa" free="169984" total="169984" percent="100" />
    </mem>
    <pending-finalizers system="0" default="0" reference="396" classloader="0" />
  </mem-info>
</gc-end>
<cycle-end id="1786" type="global" contextid="1775" timestamp="2019-08-04T20:02:31.844">
  <attribute name="GC Util" value="99" />
  <attribute name="CPU Util" value="15568738097138" />
  <attribute name="Time Running"value="99421"/>
  <attribute name="Number of cores"value="16"/>
</cycle-end>
<allocation-satisfied id="1787" threadId="0000000001BEEF00" bytesRequested="16392" />
<af-end id="1788" timestamp="2019-08-04T20:02:31.844" threadId="0000000001BEF888" success="true" />
<exclusive-end id="1789" timestamp="2019-08-04T20:02:31.844" durationms="52.113" />

<exclusive-start id="1790" timestamp="2019-08-04T20:02:31.916" intervalms="124.296">
  <response-info timems="0.066" idlems="0.066" threads="0" lastid="0000000001BEEF00" lastname="main" />
</exclusive-start>
<af-start id="1791" threadId="0000000001BEF888" totalBytesRequested="24" timestamp="2019-08-04T20:02:31.916" intervalms="124.291" />
<cycle-start id="1792" type="global" contextid="0" timestamp="2019-08-04T20:02:31.916" intervalms="118.216" />
  <attribute name="GC Util" value="99" />
  <attribute name="CPU Util" value="15568738097138" />
  <attribute name="Time Running"value="99421"/>
  <attribute name="Number of cores"value="16"/>
<gc-start id="1793" type="global" contextid="1792" timestamp="2019-08-04T20:02:31.917">
  <mem-info id="1794" free="169984" total="17039360" percent="0">
    <mem type="tenure" free="169984" total="17039360" percent="0">
      <mem type="soa" free="0" total="16869376" percent="0" />
      <mem type="loa" free="169984" total="169984" percent="100" />
    </mem>
  </mem-info>
</gc-start>
<allocation-stats totalBytes="8402152" >
  <allocated-bytes non-tlh="16392" tlh="8385760" />
  <largest-consumer threadName="main" threadId="0000000001BEEF00" bytes="8402152" />
</allocation-stats>
<gc-op id="1795" type="mark" timems="4.113" contextid="1792" timestamp="2019-08-04T20:02:31.921">
  <trace-info objectcount="161261" scancount="135270" scanbytes="4020444" />
  <finalization candidates="81" enqueued="0" />
  <ownableSynchronizers candidates="21" cleared="0" />
  <references type="soft" candidates="1837" cleared="0" enqueued="0" dynamicThreshold="16" maxThreshold="32" />
  <references type="weak" candidates="5581" cleared="3" enqueued="3" />
  <references type="phantom" candidates="98" cleared="0" enqueued="0" />
  <stringconstants candidates="13206" cleared="84"  />
</gc-op>
<gc-op id="1796" type="sweep" timems="1.012" contextid="1792" timestamp="2019-08-04T20:02:31.922" />
<heap-resize id="1797" type="expand" space="tenure" amount="2949120" count="1" timems="0.082" reason="excessive time being spent in gc" timestamp="2019-08-04T20:02:31.922" />
<gc-end id="1798" type="global" contextid="1792" durationms="5.403" usertimems="25.454" systemtimems="0.000" timestamp="2019-08-04T20:02:31.922" activeThreads="8">
  <mem-info id="1799" free="10752192" total="19988480" percent="53">
    <mem type="tenure" free="10752192" total="19988480" percent="53" micro-fragmented="51036" macro-fragmented="3949400">
      <mem type="soa" free="10552512" total="19788800" percent="53" />
      <mem type="loa" free="199680" total="199680" percent="100" />
    </mem>
    <pending-finalizers system="0" default="0" reference="3" classloader="0" />
  </mem-info>
</gc-end>
<cycle-end id="1800" type="global" contextid="1792" timestamp="2019-08-04T20:02:31.922">
  <attribute name="GC Util" value="375" />
  <attribute name="CPU Util" value="4472767405321" />
  <attribute name="Time Running"value="99534"/>
  <attribute name="Number of cores"value="16"/>
</cycle-end>
<allocation-satisfied id="1801" threadId="0000000001BEEF00" bytesRequested="24" />
<af-end id="1802" timestamp="2019-08-04T20:02:31.922" threadId="0000000001BEF888" success="true" />
<exclusive-end id="1803" timestamp="2019-08-04T20:02:31.922" durationms="5.578" />

<exclusive-start id="1804" timestamp="2019-08-04T20:02:31.983" intervalms="66.907">
  <response-info timems="0.058" idlems="0.058" threads="0" lastid="0000000001BEEF00" lastname="main" />
</exclusive-start>
<af-start id="1805" threadId="0000000001BEF888" totalBytesRequested="696" timestamp="2019-08-04T20:02:31.983" intervalms="66.908" />
<cycle-start id="1806" type="global" contextid="0" timestamp="2019-08-04T20:02:31.983" intervalms="66.906" />
  <attribute name="GC Util" value="375" />
  <attribute name="CPU Util" value="4472767405321" />
  <attribute name="Time Running"value="99534"/>
  <attribute name="Number of cores"value="16"/>
<gc-start id="1807" type="global" contextid="1806" timestamp="2019-08-04T20:02:31.983">
  <mem-info id="1808" free="199680" total="19988480" percent="0">
    <mem type="tenure" free="199680" total="19988480" percent="0">
      <mem type="soa" free="0" total="19788800" percent="0" />
      <mem type="loa" free="199680" total="199680" percent="100" />
    </mem>
  </mem-info>
</gc-start>
<allocation-stats totalBytes="10330664" >
  <allocated-bytes non-tlh="0" tlh="10330664" />
  <largest-consumer threadName="main" threadId="0000000001BEEF00" bytes="10330664" />
</allocation-stats>
<gc-op id="1809" type="mark" timems="4.521" contextid="1806" timestamp="2019-08-04T20:02:31.988">
  <trace-info objectcount="182966" scancount="154106" scanbytes="4478256" />
  <finalization candidates="81" enqueued="0" />
  <ownableSynchronizers candidates="21" cleared="0" />
  <references type="soft" candidates="1837" cleared="0" enqueued="0" dynamicThreshold="17" maxThreshold="32" />
  <references type="weak" candidates="5578" cleared="0" enqueued="0" />
  <references type="phantom" candidates="98" cleared="0" enqueued="0" />
  <stringconstants candidates="13122" cleared="0"  />
</gc-op>
<gc-op id="1810" type="sweep" timems="1.607" contextid="1806" timestamp="2019-08-04T20:02:31.990" />
<heap-resize id="1811" type="expand" space="tenure" amount="3407872" count="1" timems="0.211" reason="excessive time being spent in gc" timestamp="2019-08-04T20:02:31.990" />
<gc-end id="1812" type="global" contextid="1806" durationms="6.551" usertimems="25.490" systemtimems="0.000" timestamp="2019-08-04T20:02:31.990" activeThreads="9">
  <mem-info id="1813" free="12914616" total="23396352" percent="55">
    <mem type="tenure" free="12914616" total="23396352" percent="55" micro-fragmented="307435" macro-fragmented="2159463">
      <mem type="soa" free="12681144" total="23162880" percent="54" />
      <mem type="loa" free="233472" total="233472" percent="100" />
    </mem>
  </mem-info>
</gc-end>
<cycle-end id="1814" type="global" contextid="1806" timestamp="2019-08-04T20:02:31.990">
  <attribute name="GC Util" value="415" />
  <attribute name="CPU Util" value="4062529483650" />
  <attribute name="Time Running"value="99601"/>
  <attribute name="Number of cores"value="16"/>
</cycle-end>
<allocation-satisfied id="1815" threadId="0000000001BEEF00" bytesRequested="696" />
<af-end id="1816" timestamp="2019-08-04T20:02:31.990" threadId="0000000001BEF888" success="true" />
<exclusive-end id="1817" timestamp="2019-08-04T20:02:31.990" durationms="6.737" />

<exclusive-start id="1818" timestamp="2019-08-04T20:02:32.084" intervalms="100.488">
  <response-info timems="0.134" idlems="0.134" threads="0" lastid="0000000001BEEF00" lastname="main" />
</exclusive-start>
<af-start id="1819" threadId="0000000001BEF888" totalBytesRequested="128" timestamp="2019-08-04T20:02:32.084" intervalms="100.498" />
<cycle-start id="1820" type="global" contextid="0" timestamp="2019-08-04T20:02:32.084" intervalms="100.505" />
  <attribute name="GC Util" value="415" />
  <attribute name="CPU Util" value="4062529483650" />
  <attribute name="Time Running"value="99601"/>
  <attribute name="Number of cores"value="16"/>
<gc-start id="1821" type="global" contextid="1820" timestamp="2019-08-04T20:02:32.084">
  <mem-info id="1822" free="233472" total="23396352" percent="0">
    <mem type="tenure" free="233472" total="23396352" percent="0">
      <mem type="soa" free="0" total="23162880" percent="0" />
      <mem type="loa" free="233472" total="233472" percent="100" />
    </mem>
  </mem-info>
</gc-start>
<allocation-stats totalBytes="12259424" >
  <allocated-bytes non-tlh="32776" tlh="12226648" />
  <largest-consumer threadName="main" threadId="0000000001BEEF00" bytes="12259424" />
</allocation-stats>
<gc-op id="1823" type="mark" timems="5.516" contextid="1820" timestamp="2019-08-04T20:02:32.089">
  <trace-info objectcount="207306" scancount="175398" scanbytes="4993420" />
  <finalization candidates="81" enqueued="0" />
  <ownableSynchronizers candidates="21" cleared="0" />
  <references type="soft" candidates="1837" cleared="0" enqueued="0" dynamicThreshold="17" maxThreshold="32" />
  <references type="weak" candidates="5578" cleared="0" enqueued="0" />
  <references type="phantom" candidates="98" cleared="0" enqueued="0" />
  <stringconstants candidates="13122" cleared="0"  />
</gc-op>
<gc-op id="1824" type="sweep" timems="1.785" contextid="1820" timestamp="2019-08-04T20:02:32.091" />
<heap-resize id="1825" type="expand" space="tenure" amount="3997696" count="1" timems="0.254" reason="excessive time being spent in gc" timestamp="2019-08-04T20:02:32.092" />
<gc-end id="1826" type="global" contextid="1820" durationms="7.780" usertimems="34.170" systemtimems="0.000" timestamp="2019-08-04T20:02:32.092" activeThreads="11">
  <mem-info id="1827" free="15373144" total="27394048" percent="56">
    <mem type="tenure" free="15373144" total="27394048" percent="56" micro-fragmented="880197" macro-fragmented="2648599">
      <mem type="soa" free="15099736" total="27120640" percent="55" />
      <mem type="loa" free="273408" total="273408" percent="100" />
    </mem>
  </mem-info>
</gc-end>
<cycle-end id="1828" type="global" contextid="1820" timestamp="2019-08-04T20:02:32.092">
  <attribute name="GC Util" value="706" />
  <attribute name="CPU Util" value="3349825229034" />
  <attribute name="Time Running"value="99703"/>
  <attribute name="Number of cores"value="16"/>
</cycle-end>
<allocation-satisfied id="1829" threadId="0000000001BEEF00" bytesRequested="128" />
<af-end id="1830" timestamp="2019-08-04T20:02:32.092" threadId="0000000001BEF888" success="true" />
<exclusive-end id="1831" timestamp="2019-08-04T20:02:32.092" durationms="7.995" />

<exclusive-start id="1832" timestamp="2019-08-04T20:02:32.127" intervalms="43.545">
  <response-info timems="0.042" idlems="0.042" threads="0" lastid="0000000001BEEF00" lastname="main" />
</exclusive-start>
<af-start id="1833" threadId="0000000001BEF888" totalBytesRequested="16" timestamp="2019-08-04T20:02:32.127" intervalms="43.539" />
<cycle-start id="1834" type="global" contextid="0" timestamp="2019-08-04T20:02:32.127" intervalms="43.552" />
  <attribute name="GC Util" value="706" />
  <attribute name="CPU Util" value="3349825229034" />
  <attribute name="Time Running"value="99703"/>
  <attribute name="Number of cores"value="16"/>
<gc-start id="1835" type="global" contextid="1834" timestamp="2019-08-04T20:02:32.127">
  <mem-info id="1836" free="273408" total="27394048" percent="0">
    <mem type="tenure" free="273408" total="27394048" percent="0">
      <mem type="soa" free="0" total="27120640" percent="0" />
      <mem type="loa" free="273408" total="273408" percent="100" />
    </mem>
  </mem-info>
</gc-start>
<allocation-stats totalBytes="14523696" >
  <allocated-bytes non-tlh="0" tlh="14523696" />
  <largest-consumer threadName="main" threadId="0000000001BEEF00" bytes="14523696" />
</allocation-stats>
<gc-op id="1837" type="mark" timems="7.505" contextid="1834" timestamp="2019-08-04T20:02:32.135">
  <trace-info objectcount="237017" scancount="201227" scanbytes="5598620" />
  <finalization candidates="81" enqueued="0" />
  <ownableSynchronizers candidates="21" cleared="0" />
  <references type="soft" candidates="1837" cleared="0" enqueued="0" dynamicThreshold="17" maxThreshold="32" />
  <references type="weak" candidates="5578" cleared="0" enqueued="0" />
  <references type="phantom" candidates="98" cleared="0" enqueued="0" />
  <stringconstants candidates="13122" cleared="0"  />
</gc-op>
<gc-op id="1838" type="sweep" timems="1.687" contextid="1834" timestamp="2019-08-04T20:02:32.137" />
<gc-end id="1839" type="global" contextid="1834" durationms="9.335" usertimems="40.858" systemtimems="0.000" timestamp="2019-08-04T20:02:32.137" activeThreads="13">
  <mem-info id="1840" free="13372200" total="27394048" percent="48">
    <mem type="tenure" free="13372200" total="27394048" percent="48" micro-fragmented="1759913" macro-fragmented="7795075">
      <mem type="soa" free="13098792" total="27120640" percent="48" />
      <mem type="loa" free="273408" total="273408" percent="100" />
    </mem>
  </mem-info>
</gc-end>
<cycle-end id="1841" type="global" contextid="1834" timestamp="2019-08-04T20:02:32.137">
  <attribute name="GC Util" value="563" />
  <attribute name="CPU Util" value="2439457240681" />
  <attribute name="Time Running"value="99748"/>
  <attribute name="Number of cores"value="16"/>
</cycle-end>
<allocation-satisfied id="1842" threadId="0000000001BEEF00" bytesRequested="16" />
<af-end id="1843" timestamp="2019-08-04T20:02:32.137" threadId="0000000001BEF888" success="true" />
<exclusive-end id="1844" timestamp="2019-08-04T20:02:32.137" durationms="9.555" />

<exclusive-start id="1845" timestamp="2019-08-04T20:02:32.167" intervalms="39.813">
  <response-info timems="0.054" idlems="0.054" threads="0" lastid="0000000001BEEF00" lastname="main" />
</exclusive-start>
<af-start id="1846" threadId="0000000001BEF888" totalBytesRequested="680" timestamp="2019-08-04T20:02:32.167" intervalms="39.809" />
<cycle-start id="1847" type="global" contextid="0" timestamp="2019-08-04T20:02:32.167" intervalms="39.787" />
  <attribute name="GC Util" value="563" />
  <attribute name="CPU Util" value="2439457240681" />
  <attribute name="Time Running"value="99748"/>
  <attribute name="Number of cores"value="16"/>
<gc-start id="1848" type="global" contextid="1847" timestamp="2019-08-04T20:02:32.167">
  <mem-info id="1849" free="142320" total="27394048" percent="0">
    <mem type="tenure" free="142320" total="27394048" percent="0">
      <mem type="soa" free="0" total="27120640" percent="0" />
      <mem type="loa" free="142320" total="273408" percent="52" />
    </mem>
  </mem-info>
</gc-start>
<allocation-stats totalBytes="12544904" >
  <allocated-bytes non-tlh="131088" tlh="12413816" />
  <largest-consumer threadName="main" threadId="0000000001BEEF00" bytes="12544904" />
</allocation-stats>
<gc-op id="1850" type="mark" timems="6.645" contextid="1847" timestamp="2019-08-04T20:02:32.174">
  <trace-info objectcount="262984" scancount="222956" scanbytes="6173344" />
  <finalization candidates="81" enqueued="0" />
  <ownableSynchronizers candidates="21" cleared="0" />
  <references type="soft" candidates="1837" cleared="0" enqueued="0" dynamicThreshold="15" maxThreshold="32" />
  <references type="weak" candidates="5578" cleared="0" enqueued="0" />
  <references type="phantom" candidates="98" cleared="0" enqueued="0" />
  <stringconstants candidates="13122" cleared="0"  />
</gc-op>
<gc-op id="1851" type="sweep" timems="1.515" contextid="1847" timestamp="2019-08-04T20:02:32.176" />
<heap-resize id="1852" type="expand" space="tenure" amount="4718592" count="1" timems="0.329" reason="excessive time being spent in gc" timestamp="2019-08-04T20:02:32.176" />
<gc-end id="1853" type="global" contextid="1847" durationms="8.689" usertimems="37.664" systemtimems="0.000" timestamp="2019-08-04T20:02:32.176" activeThreads="13">
  <mem-info id="1854" free="16060376" total="32112640" percent="50">
    <mem type="tenure" free="16060376" total="32112640" percent="50" micro-fragmented="2676487" macro-fragmented="2464272">
      <mem type="soa" free="15739864" total="31792128" percent="49" />
      <mem type="loa" free="320512" total="320512" percent="100" />
    </mem>
  </mem-info>
</gc-end>
<cycle-end id="1855" type="global" contextid="1847" timestamp="2019-08-04T20:02:32.176">
  <attribute name="GC Util" value="447" />
  <attribute name="CPU Util" value="2773275855452" />
  <attribute name="Time Running"value="99787"/>
  <attribute name="Number of cores"value="16"/>
</cycle-end>
<allocation-satisfied id="1856" threadId="0000000001BEEF00" bytesRequested="680" />
<af-end id="1857" timestamp="2019-08-04T20:02:32.176" threadId="0000000001BEF888" success="true" />
<exclusive-end id="1858" timestamp="2019-08-04T20:02:32.176" durationms="8.932" />

<exclusive-start id="1859" timestamp="2019-08-04T20:02:32.217" intervalms="49.585">
  <response-info timems="0.044" idlems="0.044" threads="0" lastid="0000000001BEEF00" lastname="main" />
</exclusive-start>
<af-start id="1860" threadId="0000000001BEF888" totalBytesRequested="72" timestamp="2019-08-04T20:02:32.217" intervalms="49.591" />
<cycle-start id="1861" type="global" contextid="0" timestamp="2019-08-04T20:02:32.217" intervalms="49.593" />
  <attribute name="GC Util" value="447" />
  <attribute name="CPU Util" value="2773275855452" />
  <attribute name="Time Running"value="99787"/>
  <attribute name="Number of cores"value="16"/>
<gc-start id="1862" type="global" contextid="1861" timestamp="2019-08-04T20:02:32.217">
  <mem-info id="1863" free="320512" total="32112640" percent="0">
    <mem type="tenure" free="320512" total="32112640" percent="0">
      <mem type="soa" free="0" total="31792128" percent="0" />
      <mem type="loa" free="320512" total="320512" percent="100" />
    </mem>
  </mem-info>
</gc-start>
<allocation-stats totalBytes="15025800" >
  <allocated-bytes non-tlh="0" tlh="15025800" />
  <largest-consumer threadName="main" threadId="0000000001BEEF00" bytes="15025800" />
</allocation-stats>
<gc-op id="1864" type="mark" timems="8.912" contextid="1861" timestamp="2019-08-04T20:02:32.226">
  <trace-info objectcount="295058" scancount="249939" scanbytes="6805620" />
  <finalization candidates="81" enqueued="0" />
  <ownableSynchronizers candidates="21" cleared="0" />
  <references type="soft" candidates="1837" cleared="0" enqueued="0" dynamicThreshold="16" maxThreshold="32" />
  <references type="weak" candidates="5578" cleared="0" enqueued="0" />
  <references type="phantom" candidates="98" cleared="0" enqueued="0" />
  <stringconstants candidates="13122" cleared="0"  />
</gc-op>
<gc-op id="1865" type="sweep" timems="2.096" contextid="1861" timestamp="2019-08-04T20:02:32.228" />
<heap-resize id="1866" type="expand" space="tenure" amount="5505024" count="1" timems="0.516" reason="excessive time being spent in gc" timestamp="2019-08-04T20:02:32.229" />
<gc-end id="1867" type="global" contextid="1861" durationms="11.711" usertimems="63.082" systemtimems="0.000" timestamp="2019-08-04T20:02:32.229" activeThreads="15">
  <mem-info id="1868" free="19327432" total="37617664" percent="51">
    <mem type="tenure" free="19327432" total="37617664" percent="51" micro-fragmented="3545279" macro-fragmented="6816691">
      <mem type="soa" free="18951624" total="37241856" percent="50" />
      <mem type="loa" free="375808" total="375808" percent="100" />
    </mem>
  </mem-info>
</gc-end>
<cycle-end id="1869" type="global" contextid="1861" timestamp="2019-08-04T20:02:32.229">
  <attribute name="GC Util" value="696" />
  <attribute name="CPU Util" value="2071092655641" />
  <attribute name="Time Running"value="99839"/>
  <attribute name="Number of cores"value="16"/>
</cycle-end>
<allocation-satisfied id="1870" threadId="0000000001BEEF00" bytesRequested="72" />
<af-end id="1871" timestamp="2019-08-04T20:02:32.229" threadId="0000000001BEF888" success="true" />
<exclusive-end id="1872" timestamp="2019-08-04T20:02:32.229" durationms="11.945" />

<exclusive-start id="1873" timestamp="2019-08-04T20:02:32.278" intervalms="61.174">
  <response-info timems="0.020" idlems="0.020" threads="0" lastid="0000000001BEEF00" lastname="main" />
</exclusive-start>
<af-start id="1874" threadId="0000000001BEF888" totalBytesRequested="32" timestamp="2019-08-04T20:02:32.278" intervalms="61.173" />
<cycle-start id="1875" type="global" contextid="0" timestamp="2019-08-04T20:02:32.278" intervalms="61.172" />
  <attribute name="GC Util" value="696" />
  <attribute name="CPU Util" value="2071092655641" />
  <attribute name="Time Running"value="99839"/>
  <attribute name="Number of cores"value="16"/>
<gc-start id="1876" type="global" contextid="1875" timestamp="2019-08-04T20:02:32.278">
  <mem-info id="1877" free="375808" total="37617664" percent="0">
    <mem type="tenure" free="375808" total="37617664" percent="0">
      <mem type="soa" free="0" total="37241856" percent="0" />
      <mem type="loa" free="375808" total="375808" percent="100" />
    </mem>
  </mem-info>
</gc-start>
<allocation-stats totalBytes="18118336" >
  <allocated-bytes non-tlh="0" tlh="18118336" />
  <largest-consumer threadName="main" threadId="0000000001BEEF00" bytes="18118336" />
</allocation-stats>
<gc-op id="1878" type="mark" timems="8.711" contextid="1875" timestamp="2019-08-04T20:02:32.287">
  <trace-info objectcount="331887" scancount="281171" scanbytes="7537296" />
  <finalization candidates="81" enqueued="0" />
  <ownableSynchronizers candidates="21" cleared="0" />
  <references type="soft" candidates="1837" cleared="0" enqueued="0" dynamicThreshold="16" maxThreshold="32" />
  <references type="weak" candidates="5578" cleared="0" enqueued="0" />
  <references type="phantom" candidates="98" cleared="0" enqueued="0" />
  <stringconstants candidates="13122" cleared="0"  />
</gc-op>
<gc-op id="1879" type="sweep" timems="3.077" contextid="1875" timestamp="2019-08-04T20:02:32.290" />
<heap-resize id="1880" type="expand" space="tenure" amount="6422528" count="1" timems="0.605" reason="excessive time being spent in gc" timestamp="2019-08-04T20:02:32.291" />
<gc-end id="1881" type="global" contextid="1875" durationms="12.616" usertimems="53.530" systemtimems="0.000" timestamp="2019-08-04T20:02:32.291" activeThreads="16">
  <mem-info id="1882" free="23261312" total="44040192" percent="52">
    <mem type="tenure" free="23261312" total="44040192" percent="52" micro-fragmented="4732299" macro-fragmented="8308530">
      <mem type="soa" free="22820992" total="43599872" percent="52" />
      <mem type="loa" free="440320" total="440320" percent="100" />
    </mem>
  </mem-info>
</gc-end>
<cycle-end id="1883" type="global" contextid="1875" timestamp="2019-08-04T20:02:32.291">
  <attribute name="GC Util" value="576" />
  <attribute name="CPU Util" value="2119558435095" />
  <attribute name="Time Running"value="99900"/>
  <attribute name="Number of cores"value="16"/>
</cycle-end>
<allocation-satisfied id="1884" threadId="0000000001BEEF00" bytesRequested="32" />
<af-end id="1885" timestamp="2019-08-04T20:02:32.291" threadId="0000000001BEF888" success="true" />
<exclusive-end id="1886" timestamp="2019-08-04T20:02:32.291" durationms="12.895" />

<exclusive-start id="1887" timestamp="2019-08-04T20:02:32.348" intervalms="70.117">
  <response-info timems="0.017" idlems="0.017" threads="0" lastid="0000000001BEEF00" lastname="main" />
</exclusive-start>
<af-start id="1888" threadId="0000000001BEF888" totalBytesRequested="16" timestamp="2019-08-04T20:02:32.348" intervalms="70.126" />
<cycle-start id="1889" type="global" contextid="0" timestamp="2019-08-04T20:02:32.348" intervalms="70.127" />
  <attribute name="GC Util" value="576" />
  <attribute name="CPU Util" value="2119558435095" />
  <attribute name="Time Running"value="99900"/>
  <attribute name="Number of cores"value="16"/>
<gc-start id="1890" type="global" contextid="1889" timestamp="2019-08-04T20:02:32.348">
  <mem-info id="1891" free="440320" total="44040192" percent="0">
    <mem type="tenure" free="440320" total="44040192" percent="0">
      <mem type="soa" free="0" total="43599872" percent="0" />
      <mem type="loa" free="440320" total="440320" percent="100" />
    </mem>
  </mem-info>
</gc-start>
<allocation-stats totalBytes="21872592" >
  <allocated-bytes non-tlh="0" tlh="21872592" />
  <largest-consumer threadName="main" threadId="0000000001BEEF00" bytes="21872592" />
</allocation-stats>
<gc-op id="1892" type="mark" timems="8.305" contextid="1889" timestamp="2019-08-04T20:02:32.357">
  <trace-info objectcount="376419" scancount="319412" scanbytes="8433256" />
  <finalization candidates="81" enqueued="0" />
  <ownableSynchronizers candidates="21" cleared="0" />
  <references type="soft" candidates="1837" cleared="0" enqueued="0" dynamicThreshold="16" maxThreshold="32" />
  <references type="weak" candidates="5578" cleared="0" enqueued="0" />
  <references type="phantom" candidates="98" cleared="0" enqueued="0" />
  <stringconstants candidates="13122" cleared="0"  />
</gc-op>
<gc-op id="1893" type="sweep" timems="2.729" contextid="1889" timestamp="2019-08-04T20:02:32.359" />
<heap-resize id="1894" type="expand" space="tenure" amount="7536640" count="1" timems="0.624" reason="excessive time being spent in gc" timestamp="2019-08-04T20:02:32.360" />
<gc-end id="1895" type="global" contextid="1889" durationms="11.863" usertimems="55.190" systemtimems="0.000" timestamp="2019-08-04T20:02:32.360" activeThreads="16">
  <mem-info id="1896" free="27788216" total="51576832" percent="53">
    <mem type="tenure" free="27788216" total="51576832" percent="53" micro-fragmented="5538962" macro-fragmented="9927496">
      <mem type="soa" free="27273144" total="51061760" percent="53" />
      <mem type="loa" free="515072" total="515072" percent="100" />
    </mem>
  </mem-info>
</gc-end>
<cycle-end id="1897" type="global" contextid="1889" timestamp="2019-08-04T20:02:32.360">
  <attribute name="GC Util" value="502" />
  <attribute name="CPU Util" value="2215431764674" />
  <attribute name="Time Running"value="99970"/>
  <attribute name="Number of cores"value="16"/>
</cycle-end>
<allocation-satisfied id="1898" threadId="0000000001BEEF00" bytesRequested="16" />
<af-end id="1899" timestamp="2019-08-04T20:02:32.360" threadId="0000000001BEF888" success="true" />
<exclusive-end id="1900" timestamp="2019-08-04T20:02:32.360" durationms="12.090" />

<exclusive-start id="1901" timestamp="2019-08-04T20:02:32.425" intervalms="76.711">
  <response-info timems="0.017" idlems="0.017" threads="0" lastid="0000000001BEEF00" lastname="main" />
</exclusive-start>
<af-start id="1902" threadId="0000000001BEF888" totalBytesRequested="80" timestamp="2019-08-04T20:02:32.425" intervalms="76.706" />
<cycle-start id="1903" type="global" contextid="0" timestamp="2019-08-04T20:02:32.425" intervalms="76.704" />
  <attribute name="GC Util" value="502" />
  <attribute name="CPU Util" value="2215431764674" />
  <attribute name="Time Running"value="99970"/>
  <attribute name="Number of cores"value="16"/>
<gc-start id="1904" type="global" contextid="1903" timestamp="2019-08-04T20:02:32.425">
  <mem-info id="1905" free="515072" total="51576832" percent="0">
    <mem type="tenure" free="515072" total="51576832" percent="0">
      <mem type="soa" free="0" total="51061760" percent="0" />
      <mem type="loa" free="515072" total="515072" percent="100" />
    </mem>
  </mem-info>
</gc-start>
<allocation-stats totalBytes="26141944" >
  <allocated-bytes non-tlh="262160" tlh="25879784" />
  <largest-consumer threadName="main" threadId="0000000001BEEF00" bytes="26141944" />
</allocation-stats>
<gc-op id="1906" type="mark" timems="8.935" contextid="1903" timestamp="2019-08-04T20:02:32.434">
  <trace-info objectcount="429668" scancount="363821" scanbytes="9604460" />
  <finalization candidates="81" enqueued="0" />
  <ownableSynchronizers candidates="21" cleared="0" />
  <references type="soft" candidates="1837" cleared="0" enqueued="0" dynamicThreshold="17" maxThreshold="32" />
  <references type="weak" candidates="5578" cleared="0" enqueued="0" />
  <references type="phantom" candidates="98" cleared="0" enqueued="0" />
  <stringconstants candidates="13122" cleared="0"  />
</gc-op>
<gc-op id="1907" type="sweep" timems="2.158" contextid="1903" timestamp="2019-08-04T20:02:32.436" />
<heap-resize id="1908" type="expand" space="tenure" amount="8781824" count="1" timems="0.800" reason="excessive time being spent in gc" timestamp="2019-08-04T20:02:32.437" />
<gc-end id="1909" type="global" contextid="1903" durationms="12.132" usertimems="59.926" systemtimems="0.000" timestamp="2019-08-04T20:02:32.437" activeThreads="16">
  <mem-info id="1910" free="32814664" total="60358656" percent="54">
    <mem type="tenure" free="32814664" total="60358656" percent="54" micro-fragmented="7172357" macro-fragmented="9445065">
      <mem type="soa" free="32211528" total="59755520" percent="53" />
      <mem type="loa" free="603136" total="603136" percent="100" />
    </mem>
  </mem-info>
</gc-end>
<cycle-end id="1911" type="global" contextid="1903" timestamp="2019-08-04T20:02:32.437">
  <attribute name="GC Util" value="534" />
  <attribute name="CPU Util" value="2055707108984" />
  <attribute name="Time Running"value="100047"/>
  <attribute name="Number of cores"value="16"/>
</cycle-end>
<allocation-satisfied id="1912" threadId="0000000001BEEF00" bytesRequested="80" />
<af-end id="1913" timestamp="2019-08-04T20:02:32.437" threadId="0000000001BEF888" success="true" />
<exclusive-end id="1914" timestamp="2019-08-04T20:02:32.437" durationms="12.357" />

<exclusive-start id="1915" timestamp="2019-08-04T20:02:32.508" intervalms="83.743">
  <response-info timems="0.014" idlems="0.014" threads="0" lastid="0000000001BEEF00" lastname="main" />
</exclusive-start>
<af-start id="1916" threadId="0000000001BEF888" totalBytesRequested="80" timestamp="2019-08-04T20:02:32.509" intervalms="83.733" />
<cycle-start id="1917" type="global" contextid="0" timestamp="2019-08-04T20:02:32.509" intervalms="83.757" />
  <attribute name="GC Util" value="534" />
  <attribute name="CPU Util" value="2055707108984" />
  <attribute name="Time Running"value="100047"/>
  <attribute name="Number of cores"value="16"/>
<gc-start id="1918" type="global" contextid="1917" timestamp="2019-08-04T20:02:32.509">
  <mem-info id="1919" free="603136" total="60358656" percent="0">
    <mem type="tenure" free="603136" total="60358656" percent="0">
      <mem type="soa" free="0" total="59755520" percent="0" />
      <mem type="loa" free="603136" total="603136" percent="100" />
    </mem>
  </mem-info>
</gc-start>
<allocation-stats totalBytes="30896752" >
  <allocated-bytes non-tlh="0" tlh="30896752" />
  <largest-consumer threadName="main" threadId="0000000001BEEF00" bytes="30896752" />
</allocation-stats>
<gc-op id="1920" type="mark" timems="8.838" contextid="1917" timestamp="2019-08-04T20:02:32.517">
  <trace-info objectcount="494082" scancount="418802" scanbytes="10892960" />
  <finalization candidates="81" enqueued="0" />
  <ownableSynchronizers candidates="21" cleared="0" />
  <references type="soft" candidates="1837" cleared="0" enqueued="0" dynamicThreshold="17" maxThreshold="32" />
  <references type="weak" candidates="5578" cleared="0" enqueued="0" />
  <references type="phantom" candidates="98" cleared="0" enqueued="0" />
  <stringconstants candidates="13122" cleared="0"  />
</gc-op>
<gc-op id="1921" type="sweep" timems="2.552" contextid="1917" timestamp="2019-08-04T20:02:32.520" />
<heap-resize id="1922" type="expand" space="tenure" amount="10289152" count="1" timems="0.643" reason="excessive time being spent in gc" timestamp="2019-08-04T20:02:32.521" />
<gc-end id="1923" type="global" contextid="1917" durationms="12.200" usertimems="65.548" systemtimems="0.000" timestamp="2019-08-04T20:02:32.521" activeThreads="16">
  <mem-info id="1924" free="38687216" total="70647808" percent="54">
    <mem type="tenure" free="38687216" total="70647808" percent="54" micro-fragmented="8816408" macro-fragmented="11081815">
      <mem type="soa" free="37981680" total="69942272" percent="54" />
      <mem type="loa" free="705536" total="705536" percent="100" />
    </mem>
  </mem-info>
</gc-end>
<cycle-end id="1925" type="global" contextid="1917" timestamp="2019-08-04T20:02:32.521">
  <attribute name="GC Util" value="597" />
  <attribute name="CPU Util" value="2084392672681" />
  <attribute name="Time Running"value="100131"/>
  <attribute name="Number of cores"value="16"/>
</cycle-end>
<allocation-satisfied id="1926" threadId="0000000001BEEF00" bytesRequested="80" />
<af-end id="1927" timestamp="2019-08-04T20:02:32.521" threadId="0000000001BEF888" success="true" />
<exclusive-end id="1928" timestamp="2019-08-04T20:02:32.521" durationms="12.395" />

<exclusive-start id="1929" timestamp="2019-08-04T20:02:32.646" intervalms="137.130">
  <response-info timems="0.038" idlems="0.038" threads="0" lastid="0000000001BEEF00" lastname="main" />
</exclusive-start>
<af-start id="1930" threadId="0000000001BEF888" totalBytesRequested="80" timestamp="2019-08-04T20:02:32.646" intervalms="137.130" />
<cycle-start id="1931" type="global" contextid="0" timestamp="2019-08-04T20:02:32.646" intervalms="137.110" />
  <attribute name="GC Util" value="597" />
  <attribute name="CPU Util" value="2084392672681" />
  <attribute name="Time Running"value="100131"/>
  <attribute name="Number of cores"value="16"/>
<gc-start id="1932" type="global" contextid="1931" timestamp="2019-08-04T20:02:32.646">
  <mem-info id="1933" free="574456" total="70647808" percent="0">
    <mem type="tenure" free="574456" total="70647808" percent="0">
      <mem type="soa" free="0" total="69942272" percent="0" />
      <mem type="loa" free="574456" total="705536" percent="81" />
    </mem>
  </mem-info>
</gc-start>
<allocation-stats totalBytes="37259360" >
  <allocated-bytes non-tlh="2002064" tlh="35257296" />
  <largest-consumer threadName="main" threadId="0000000001BEEF00" bytes="37259360" />
</allocation-stats>
<gc-op id="1934" type="mark" timems="9.373" contextid="1931" timestamp="2019-08-04T20:02:32.655">
  <trace-info objectcount="577344" scancount="499442" scanbytes="12842832" />
  <finalization candidates="82" enqueued="1" />
  <ownableSynchronizers candidates="21" cleared="0" />
  <references type="soft" candidates="1837" cleared="0" enqueued="0" dynamicThreshold="17" maxThreshold="32" />
  <references type="weak" candidates="5584" cleared="0" enqueued="0" />
  <references type="phantom" candidates="98" cleared="0" enqueued="0" />
  <stringconstants candidates="13122" cleared="0"  />
</gc-op>
<gc-op id="1935" type="sweep" timems="2.285" contextid="1931" timestamp="2019-08-04T20:02:32.657" />
<gc-end id="1936" type="global" contextid="1931" durationms="11.838" usertimems="76.644" systemtimems="0.000" timestamp="2019-08-04T20:02:32.658" activeThreads="16">
  <mem-info id="1937" free="31754368" total="70647808" percent="44">
    <mem type="tenure" free="31754368" total="70647808" percent="44" micro-fragmented="12574668" macro-fragmented="14596735">
      <mem type="soa" free="31179912" total="69942272" percent="44" />
      <mem type="loa" free="574456" total="705536" percent="81" />
    </mem>
    <pending-finalizers system="0" default="1" reference="0" classloader="0" />
  </mem-info>
</gc-end>
<cycle-end id="1938" type="global" contextid="1931" timestamp="2019-08-04T20:02:32.658">
  <attribute name="GC Util" value="661" />
  <attribute name="CPU Util" value="1962784968587" />
  <attribute name="Time Running"value="100268"/>
  <attribute name="Number of cores"value="16"/>
</cycle-end>
<allocation-satisfied id="1939" threadId="0000000001BEEF00" bytesRequested="80" />
<af-end id="1940" timestamp="2019-08-04T20:02:32.658" threadId="0000000001BEF888" success="true" />
<exclusive-end id="1941" timestamp="2019-08-04T20:02:32.658" durationms="12.039" />

-------------------------------------------------------------------------------
PYBENCH 2.0
-------------------------------------------------------------------------------
* using Python 2.5.2
* system check interval set to maximum: 2147483647
* using timer: time.time

Calibrating tests. Please wait...

Running 4 round(s) of the suite at warp factor 10:

<exclusive-start id="1942" timestamp="2019-08-04T20:02:32.901" intervalms="254.938">
  <response-info timems="0.127" idlems="0.127" threads="0" lastid="0000000001BEEF00" lastname="main" />
</exclusive-start>
<af-start id="1943" threadId="0000000001BEF888" totalBytesRequested="32" timestamp="2019-08-04T20:02:32.901" intervalms="254.941" />
<cycle-start id="1944" type="global" contextid="0" timestamp="2019-08-04T20:02:32.901" intervalms="254.948" />
  <attribute name="GC Util" value="661" />
  <attribute name="CPU Util" value="1962784968587" />
  <attribute name="Time Running"value="100268"/>
  <attribute name="Number of cores"value="16"/>
<gc-start id="1945" type="global" contextid="1944" timestamp="2019-08-04T20:02:32.901">
  <mem-info id="1946" free="574456" total="70647808" percent="0">
    <mem type="tenure" free="574456" total="70647808" percent="0">
      <mem type="soa" free="0" total="69942272" percent="0" />
      <mem type="loa" free="574456" total="705536" percent="81" />
    </mem>
  </mem-info>
</gc-start>
<allocation-stats totalBytes="30966224" >
  <allocated-bytes non-tlh="65880" tlh="30900344" />
  <largest-consumer threadName="main" threadId="0000000001BEEF00" bytes="30966224" />
</allocation-stats>
<gc-op id="1947" type="mark" timems="17.052" contextid="1944" timestamp="2019-08-04T20:02:32.918">
  <trace-info objectcount="602865" scancount="523686" scanbytes="13451228" />
  <finalization candidates="81" enqueued="1" />
  <ownableSynchronizers candidates="21" cleared="0" />
  <references type="soft" candidates="4189" cleared="0" enqueued="0" dynamicThreshold="14" maxThreshold="32" />
  <references type="weak" candidates="5642" cleared="4" enqueued="3" />
  <references type="phantom" candidates="98" cleared="0" enqueued="0" />
  <stringconstants candidates="13632" cleared="5"  />
</gc-op>
<gc-op id="1948" type="sweep" timems="2.125" contextid="1944" timestamp="2019-08-04T20:02:32.920" />
<gc-end id="1949" type="global" contextid="1944" durationms="19.368" usertimems="160.944" systemtimems="0.000" timestamp="2019-08-04T20:02:32.920" activeThreads="16">
  <mem-info id="1950" free="30167264" total="70647808" percent="42">
    <mem type="tenure" free="30167264" total="70647808" percent="42" micro-fragmented="13720475" macro-fragmented="11032265">
      <mem type="soa" free="29592808" total="69942272" percent="42" />
      <mem type="loa" free="574456" total="705536" percent="81" />
    </mem>
    <pending-finalizers system="0" default="1" reference="3" classloader="0" />
  </mem-info>
</gc-end>
<cycle-end id="1951" type="global" contextid="1944" timestamp="2019-08-04T20:02:32.920">
  <attribute name="GC Util" value="732" />
  <attribute name="CPU Util" value="1080728234881" />
  <attribute name="Time Running"value="100531"/>
  <attribute name="Number of cores"value="16"/>
</cycle-end>
<allocation-satisfied id="1952" threadId="0000000001BEEF00" bytesRequested="32" />
<af-end id="1953" timestamp="2019-08-04T20:02:32.920" threadId="0000000001BEF888" success="true" />
<exclusive-end id="1954" timestamp="2019-08-04T20:02:32.920" durationms="19.606" />

<exclusive-start id="1955" timestamp="2019-08-04T20:02:33.099" intervalms="198.174">
  <response-info timems="0.051" idlems="0.051" threads="0" lastid="0000000001BEEF00" lastname="main" />
</exclusive-start>
<af-start id="1956" threadId="0000000001BEF888" totalBytesRequested="32" timestamp="2019-08-04T20:02:33.099" intervalms="198.178" />
<cycle-start id="1957" type="global" contextid="0" timestamp="2019-08-04T20:02:33.099" intervalms="198.167" />
  <attribute name="GC Util" value="732" />
  <attribute name="CPU Util" value="1080728234881" />
  <attribute name="Time Running"value="100531"/>
  <attribute name="Number of cores"value="16"/>
<gc-start id="1958" type="global" contextid="1957" timestamp="2019-08-04T20:02:33.099">
  <mem-info id="1959" free="574456" total="70647808" percent="0">
    <mem type="tenure" free="574456" total="70647808" percent="0">
      <mem type="soa" free="0" total="69942272" percent="0" />
      <mem type="loa" free="574456" total="705536" percent="81" />
    </mem>
  </mem-info>
</gc-start>
<allocation-stats totalBytes="29397032" >
  <allocated-bytes non-tlh="0" tlh="29397032" />
  <largest-consumer threadName="main" threadId="0000000001BEEF00" bytes="29397032" />
</allocation-stats>
<gc-op id="1960" type="mark" timems="11.338" contextid="1957" timestamp="2019-08-04T20:02:33.110">
  <trace-info objectcount="602834" scancount="523683" scanbytes="13450524" />
  <finalization candidates="80" enqueued="0" />
  <ownableSynchronizers candidates="21" cleared="0" />
  <references type="soft" candidates="4189" cleared="0" enqueued="0" dynamicThreshold="13" maxThreshold="32" />
  <references type="weak" candidates="5638" cleared="0" enqueued="0" />
  <references type="phantom" candidates="98" cleared="1" enqueued="1" />
  <stringconstants candidates="13627" cleared="0"  />
</gc-op>
<gc-op id="1961" type="sweep" timems="2.274" contextid="1957" timestamp="2019-08-04T20:02:33.113" />
<gc-end id="1962" type="global" contextid="1957" durationms="13.812" usertimems="104.162" systemtimems="0.000" timestamp="2019-08-04T20:02:33.113" activeThreads="16">
  <mem-info id="1963" free="30178952" total="70647808" percent="42">
    <mem type="tenure" free="30178952" total="70647808" percent="42" micro-fragmented="13654245" macro-fragmented="8288853">
      <mem type="soa" free="29604496" total="69942272" percent="42" />
      <mem type="loa" free="574456" total="705536" percent="81" />
    </mem>
    <pending-finalizers system="0" default="0" reference="1" classloader="0" />
  </mem-info>
</gc-end>
<cycle-end id="1964" type="global" contextid="1957" timestamp="2019-08-04T20:02:33.113">
  <attribute name="GC Util" value="674" />
  <attribute name="CPU Util" value="1625526720404" />
  <attribute name="Time Running"value="100723"/>
  <attribute name="Number of cores"value="16"/>
</cycle-end>
<allocation-satisfied id="1965" threadId="0000000001BEEF00" bytesRequested="32" />
<af-end id="1966" timestamp="2019-08-04T20:02:33.113" threadId="0000000001BEF888" success="true" />
<exclusive-end id="1967" timestamp="2019-08-04T20:02:33.113" durationms="14.007" />

<exclusive-start id="1968" timestamp="2019-08-04T20:02:34.758" intervalms="1659.614">
  <response-info timems="0.042" idlems="0.042" threads="0" lastid="0000000001BEEF00" lastname="main" />
</exclusive-start>
<af-start id="1969" threadId="0000000001BEF888" totalBytesRequested="1168" timestamp="2019-08-04T20:02:34.758" intervalms="1659.611" />
<cycle-start id="1970" type="global" contextid="0" timestamp="2019-08-04T20:02:34.758" intervalms="1659.623" />
  <attribute name="GC Util" value="674" />
  <attribute name="CPU Util" value="1625526720404" />
  <attribute name="Time Running"value="100723"/>
  <attribute name="Number of cores"value="16"/>
<gc-start id="1971" type="global" contextid="1970" timestamp="2019-08-04T20:02:34.758">
  <mem-info id="1972" free="574456" total="70647808" percent="0">
    <mem type="tenure" free="574456" total="70647808" percent="0">
      <mem type="soa" free="0" total="69942272" percent="0" />
      <mem type="loa" free="574456" total="705536" percent="81" />
    </mem>
  </mem-info>
</gc-start>
<allocation-stats totalBytes="21040176" >
  <allocated-bytes non-tlh="4440800" tlh="16599376" />
  <largest-consumer threadName="main" threadId="0000000001BEEF00" bytes="21040176" />
</allocation-stats>
<gc-op id="1973" type="mark" timems="10.544" contextid="1970" timestamp="2019-08-04T20:02:34.769">
  <trace-info objectcount="602482" scancount="523328" scanbytes="13438480" />
  <finalization candidates="80" enqueued="0" />
  <ownableSynchronizers candidates="21" cleared="0" />
  <references type="soft" candidates="4189" cleared="8" enqueued="8" dynamicThreshold="13" maxThreshold="32" />
  <references type="weak" candidates="5638" cleared="0" enqueued="0" />
  <references type="phantom" candidates="97" cleared="0" enqueued="0" />
  <stringconstants candidates="13628" cleared="0"  />
</gc-op>
<gc-op id="1974" type="sweep" timems="2.132" contextid="1970" timestamp="2019-08-04T20:02:34.771" />
<heap-resize id="1975" type="contract" space="tenure" amount="524288" count="1" timems="1.041" reason="insufficient time being spent in gc" timestamp="2019-08-04T20:02:34.772" />
<gc-end id="1976" type="global" contextid="1970" durationms="13.960" usertimems="91.859" systemtimems="0.000" timestamp="2019-08-04T20:02:34.772" activeThreads="16">
  <mem-info id="1977" free="29161896" total="70123520" percent="41">
    <mem type="tenure" free="29161896" total="70123520" percent="41" micro-fragmented="13730506" macro-fragmented="395161">
      <mem type="soa" free="29161896" total="69423104" percent="42" />
      <mem type="loa" free="0" total="700416" percent="0" />
    </mem>
    <pending-finalizers system="0" default="0" reference="8" classloader="0" />
  </mem-info>
</gc-end>
<cycle-end id="1978" type="global" contextid="1970" timestamp="2019-08-04T20:02:34.772">
  <attribute name="GC Util" value="649" />
  <attribute name="CPU Util" value="1742459937625" />
  <attribute name="Time Running"value="102382"/>
  <attribute name="Number of cores"value="16"/>
</cycle-end>
<allocation-satisfied id="1979" threadId="0000000001BEEF00" bytesRequested="1168" />
<af-end id="1980" timestamp="2019-08-04T20:02:34.772" threadId="0000000001BEF888" success="true" />
<exclusive-end id="1981" timestamp="2019-08-04T20:02:34.772" durationms="14.174" />

<exclusive-start id="1982" timestamp="2019-08-04T20:02:34.787" intervalms="28.885">
  <response-info timems="0.073" idlems="0.073" threads="0" lastid="0000000001BEEF00" lastname="main" />
</exclusive-start>
<af-start id="1983" threadId="0000000001BEF888" totalBytesRequested="1168" timestamp="2019-08-04T20:02:34.787" intervalms="28.892" />
<cycle-start id="1984" type="global" contextid="0" timestamp="2019-08-04T20:02:34.787" intervalms="28.881" />
  <attribute name="GC Util" value="649" />
  <attribute name="CPU Util" value="1742459937625" />
  <attribute name="Time Running"value="102382"/>
  <attribute name="Number of cores"value="16"/>
<gc-start id="1985" type="global" contextid="1984" timestamp="2019-08-04T20:02:34.787">
  <mem-info id="1986" free="0" total="70123520" percent="0">
    <mem type="tenure" free="0" total="70123520" percent="0">
      <mem type="soa" free="0" total="69423104" percent="0" />
      <mem type="loa" free="0" total="700416" percent="0" />
    </mem>
  </mem-info>
</gc-start>
<allocation-stats totalBytes="18211424" >
  <allocated-bytes non-tlh="7280144" tlh="10931280" />
  <largest-consumer threadName="main" threadId="0000000001BEEF00" bytes="18211424" />
</allocation-stats>
<gc-op id="1987" type="mark" timems="20.755" contextid="1984" timestamp="2019-08-04T20:02:34.808">
  <trace-info objectcount="602453" scancount="523304" scanbytes="13437528" />
  <finalization candidates="80" enqueued="0" />
  <ownableSynchronizers candidates="21" cleared="0" />
  <references type="soft" candidates="4181" cleared="0" enqueued="0" dynamicThreshold="13" maxThreshold="32" />
  <references type="weak" candidates="5638" cleared="0" enqueued="0" />
  <references type="phantom" candidates="97" cleared="0" enqueued="0" />
  <stringconstants candidates="13628" cleared="0"  />
</gc-op>
<gc-op id="1988" type="sweep" timems="2.202" contextid="1984" timestamp="2019-08-04T20:02:34.810" />
<mem-info id="1989" free="29166280" total="70123520" percent="41">
  <mem type="tenure" free="29166280" total="70123520" percent="41" micro-fragmented="13854610" macro-fragmented="0">
    <mem type="soa" free="29166280" total="69423104" percent="42" />
    <mem type="loa" free="0" total="700416" percent="0" />
  </mem>
</mem-info>
<gc-op id="1990" type="compact" timems="103.954" contextid="1984" timestamp="2019-08-04T20:02:34.914">
  <compact-info movecount="589218" movebytes="17467024" reason="compact to aid heap contraction" />
</gc-op>
<heap-resize id="1991" type="contract" space="tenure" amount="655360" count="1" timems="0.041" reason="insufficient time being spent in gc" timestamp="2019-08-04T20:02:34.915" />
<gc-end id="1992" type="global" contextid="1984" durationms="127.222" usertimems="334.125" systemtimems="0.000" timestamp="2019-08-04T20:02:34.915" activeThreads="16">
  <mem-info id="1993" free="51325304" total="69468160" percent="73">
    <mem type="tenure" free="51325304" total="69468160" percent="73">
      <mem type="soa" free="50676088" total="68773888" percent="73" />
      <mem type="loa" free="649216" total="694272" percent="93" />
    </mem>
  </mem-info>
</gc-end>
<cycle-end id="1994" type="global" contextid="1984" timestamp="2019-08-04T20:02:34.915">
  <attribute name="GC Util" value="308" />
  <attribute name="CPU Util" value="8117471871890" />
  <attribute name="Time Running"value="102424"/>
  <attribute name="Number of cores"value="16"/>
</cycle-end>
<allocation-satisfied id="1995" threadId="0000000001BEEF00" bytesRequested="1168" />
<af-end id="1996" timestamp="2019-08-04T20:02:34.915" threadId="0000000001BEF888" success="true" />
<exclusive-end id="1997" timestamp="2019-08-04T20:02:34.915" durationms="127.426" />

<exclusive-start id="1998" timestamp="2019-08-04T20:02:34.932" intervalms="144.654">
  <response-info timems="0.046" idlems="0.046" threads="0" lastid="0000000001BEEF00" lastname="main" />
</exclusive-start>
<af-start id="1999" threadId="0000000001BEF888" totalBytesRequested="1168" timestamp="2019-08-04T20:02:34.932" intervalms="144.651" />
<cycle-start id="2000" type="global" contextid="0" timestamp="2019-08-04T20:02:34.932" intervalms="144.653" />
  <attribute name="GC Util" value="308" />
  <attribute name="CPU Util" value="8117471871890" />
  <attribute name="Time Running"value="102424"/>
  <attribute name="Number of cores"value="16"/>
<gc-start id="2001" type="global" contextid="2000" timestamp="2019-08-04T20:02:34.932">
  <mem-info id="2002" free="649216" total="69468160" percent="0">
    <mem type="tenure" free="649216" total="69468160" percent="0">
      <mem type="soa" free="0" total="68773888" percent="0" />
      <mem type="loa" free="649216" total="694272" percent="93" />
    </mem>
  </mem-info>
</gc-start>
<allocation-stats totalBytes="50564584" >
  <allocated-bytes non-tlh="0" tlh="50564584" />
  <largest-consumer threadName="main" threadId="0000000001BEEF00" bytes="50564584" />
</allocation-stats>
<gc-op id="2003" type="mark" timems="8.881" contextid="2000" timestamp="2019-08-04T20:02:34.941">
  <trace-info objectcount="602454" scancount="523304" scanbytes="13437552" />
  <finalization candidates="80" enqueued="0" />
  <ownableSynchronizers candidates="21" cleared="0" />
  <references type="soft" candidates="4181" cleared="0" enqueued="0" dynamicThreshold="23" maxThreshold="32" />
  <references type="weak" candidates="5638" cleared="0" enqueued="0" />
  <references type="phantom" candidates="97" cleared="0" enqueued="0" />
  <stringconstants candidates="13628" cleared="0"  />
</gc-op>
<gc-op id="2004" type="sweep" timems="1.672" contextid="2000" timestamp="2019-08-04T20:02:34.943" />
<heap-resize id="2005" type="contract" space="tenure" amount="655360" count="1" timems="0.038" reason="excess free space following gc" timestamp="2019-08-04T20:02:34.943" />
<gc-end id="2006" type="global" contextid="2000" durationms="10.892" usertimems="65.643" systemtimems="0.000" timestamp="2019-08-04T20:02:34.943" activeThreads="16">
  <mem-info id="2007" free="50618680" total="68812800" percent="73">
    <mem type="tenure" free="50618680" total="68812800" percent="73" micro-fragmented="0" macro-fragmented="0">
      <mem type="soa" free="50026872" total="68124672" percent="73" />
      <mem type="loa" free="591808" total="688128" percent="86" />
    </mem>
  </mem-info>
</gc-end>
<cycle-end id="2008" type="global" contextid="2000" timestamp="2019-08-04T20:02:34.943">
  <attribute name="GC Util" value="628" />
  <attribute name="CPU Util" value="2075241137307" />
  <attribute name="Time Running"value="102554"/>
  <attribute name="Number of cores"value="16"/>
</cycle-end>
<allocation-satisfied id="2009" threadId="0000000001BEEF00" bytesRequested="1168" />
<af-end id="2010" timestamp="2019-08-04T20:02:34.943" threadId="0000000001BEF888" success="true" />
<exclusive-end id="2011" timestamp="2019-08-04T20:02:34.943" durationms="11.081" />

<exclusive-start id="2012" timestamp="2019-08-04T20:02:34.953" intervalms="21.221">
  <response-info timems="0.028" idlems="0.028" threads="0" lastid="0000000001BEEF00" lastname="main" />
</exclusive-start>
<af-start id="2013" threadId="0000000001BEF888" totalBytesRequested="1168" timestamp="2019-08-04T20:02:34.953" intervalms="21.228" />
<cycle-start id="2014" type="global" contextid="0" timestamp="2019-08-04T20:02:34.953" intervalms="21.227" />
  <attribute name="GC Util" value="628" />
  <attribute name="CPU Util" value="2075241137307" />
  <attribute name="Time Running"value="102554"/>
  <attribute name="Number of cores"value="16"/>
<gc-start id="2015" type="global" contextid="2014" timestamp="2019-08-04T20:02:34.953">
  <mem-info id="2016" free="591808" total="68812800" percent="0">
    <mem type="tenure" free="591808" total="68812800" percent="0">
      <mem type="soa" free="0" total="68124672" percent="0" />
      <mem type="loa" free="591808" total="688128" percent="86" />
    </mem>
  </mem-info>
</gc-start>
<allocation-stats totalBytes="49925320" >
  <allocated-bytes non-tlh="0" tlh="49925320" />
  <largest-consumer threadName="main" threadId="0000000001BEEF00" bytes="49925320" />
</allocation-stats>
<gc-op id="2017" type="mark" timems="8.757" contextid="2014" timestamp="2019-08-04T20:02:34.962">
  <trace-info objectcount="602454" scancount="523303" scanbytes="13437552" />
  <finalization candidates="80" enqueued="0" />
  <ownableSynchronizers candidates="21" cleared="0" />
  <references type="soft" candidates="4181" cleared="0" enqueued="0" dynamicThreshold="23" maxThreshold="32" />
  <references type="weak" candidates="5638" cleared="0" enqueued="0" />
  <references type="phantom" candidates="97" cleared="0" enqueued="0" />
  <stringconstants candidates="13628" cleared="0"  />
</gc-op>
<gc-op id="2018" type="sweep" timems="2.171" contextid="2014" timestamp="2019-08-04T20:02:34.964" />
<heap-resize id="2019" type="contract" space="tenure" amount="655360" count="1" timems="0.039" reason="excess free space following gc" timestamp="2019-08-04T20:02:34.964" />
<gc-end id="2020" type="global" contextid="2014" durationms="11.275" usertimems="61.866" systemtimems="0.000" timestamp="2019-08-04T20:02:34.964" activeThreads="16">
  <mem-info id="2021" free="50021680" total="68157440" percent="73">
    <mem type="tenure" free="50021680" total="68157440" percent="73" micro-fragmented="0" macro-fragmented="0">
      <mem type="soa" free="49378680" total="67476480" percent="73" />
      <mem type="loa" free="643000" total="680960" percent="94" />
    </mem>
  </mem-info>
</gc-end>
<cycle-end id="2022" type="global" contextid="2014" timestamp="2019-08-04T20:02:34.965">
  <attribute name="GC Util" value="572" />
  <attribute name="CPU Util" value="2101240218693" />
  <attribute name="Time Running"value="102575"/>
  <attribute name="Number of cores"value="16"/>
</cycle-end>
<allocation-satisfied id="2023" threadId="0000000001BEEF00" bytesRequested="1168" />
<af-end id="2024" timestamp="2019-08-04T20:02:34.965" threadId="0000000001BEF888" success="true" />
<exclusive-end id="2025" timestamp="2019-08-04T20:02:34.965" durationms="11.475" />

<exclusive-start id="2026" timestamp="2019-08-04T20:02:34.975" intervalms="21.591">
  <response-info timems="0.023" idlems="0.023" threads="0" lastid="0000000001BEEF00" lastname="main" />
</exclusive-start>
<af-start id="2027" threadId="0000000001BEF888" totalBytesRequested="1168" timestamp="2019-08-04T20:02:34.975" intervalms="21.581" />
<cycle-start id="2028" type="global" contextid="0" timestamp="2019-08-04T20:02:34.975" intervalms="21.581" />
  <attribute name="GC Util" value="572" />
  <attribute name="CPU Util" value="2101240218693" />
  <attribute name="Time Running"value="102575"/>
  <attribute name="Number of cores"value="16"/>
<gc-start id="2029" type="global" contextid="2028" timestamp="2019-08-04T20:02:34.975">
  <mem-info id="2030" free="643000" total="68157440" percent="0">
    <mem type="tenure" free="643000" total="68157440" percent="0">
      <mem type="soa" free="0" total="67476480" percent="0" />
      <mem type="loa" free="643000" total="680960" percent="94" />
    </mem>
  </mem-info>
</gc-start>
<allocation-stats totalBytes="49279464" >
  <allocated-bytes non-tlh="0" tlh="49279464" />
  <largest-consumer threadName="main" threadId="0000000001BEEF00" bytes="49279464" />
</allocation-stats>
<gc-op id="2031" type="mark" timems="9.637" contextid="2028" timestamp="2019-08-04T20:02:34.984">
  <trace-info objectcount="602454" scancount="523301" scanbytes="13437552" />
  <finalization candidates="80" enqueued="0" />
  <ownableSynchronizers candidates="21" cleared="0" />
  <references type="soft" candidates="4181" cleared="0" enqueued="0" dynamicThreshold="23" maxThreshold="32" />
  <references type="weak" candidates="5638" cleared="0" enqueued="0" />
  <references type="phantom" candidates="97" cleared="0" enqueued="0" />
  <stringconstants candidates="13628" cleared="0"  />
</gc-op>
<gc-op id="2032" type="sweep" timems="2.074" contextid="2028" timestamp="2019-08-04T20:02:34.987" />
<heap-resize id="2033" type="contract" space="tenure" amount="655360" count="1" timems="0.038" reason="excess free space following gc" timestamp="2019-08-04T20:02:34.987" />
<gc-end id="2034" type="global" contextid="2028" durationms="12.040" usertimems="71.771" systemtimems="0.000" timestamp="2019-08-04T20:02:34.987" activeThreads="16">
  <mem-info id="2035" free="49331792" total="67502080" percent="73">
    <mem type="tenure" free="49331792" total="67502080" percent="73" micro-fragmented="0" macro-fragmented="0">
      <mem type="soa" free="48729432" total="66827264" percent="72" />
      <mem type="loa" free="602360" total="674816" percent="89" />
    </mem>
  </mem-info>
</gc-end>
<cycle-end id="2036" type="global" contextid="2028" timestamp="2019-08-04T20:02:34.987">
  <attribute name="GC Util" value="619" />
  <attribute name="CPU Util" value="1912768751035" />
  <attribute name="Time Running"value="102598"/>
  <attribute name="Number of cores"value="16"/>
</cycle-end>
<allocation-satisfied id="2037" threadId="0000000001BEEF00" bytesRequested="1168" />
<af-end id="2038" timestamp="2019-08-04T20:02:34.987" threadId="0000000001BEF888" success="true" />
<exclusive-end id="2039" timestamp="2019-08-04T20:02:34.987" durationms="12.241" />

<exclusive-start id="2040" timestamp="2019-08-04T20:02:34.997" intervalms="22.392">
  <response-info timems="0.021" idlems="0.021" threads="0" lastid="0000000001BEEF00" lastname="main" />
</exclusive-start>
<af-start id="2041" threadId="0000000001BEF888" totalBytesRequested="1168" timestamp="2019-08-04T20:02:34.997" intervalms="22.394" />
<cycle-start id="2042" type="global" contextid="0" timestamp="2019-08-04T20:02:34.997" intervalms="22.398" />
  <attribute name="GC Util" value="619" />
  <attribute name="CPU Util" value="1912768751035" />
  <attribute name="Time Running"value="102598"/>
  <attribute name="Number of cores"value="16"/>
<gc-start id="2043" type="global" contextid="2042" timestamp="2019-08-04T20:02:34.997">
  <mem-info id="2044" free="602360" total="67502080" percent="0">
    <mem type="tenure" free="602360" total="67502080" percent="0">
      <mem type="soa" free="0" total="66827264" percent="0" />
      <mem type="loa" free="602360" total="674816" percent="89" />
    </mem>
  </mem-info>
</gc-start>
<allocation-stats totalBytes="48632424" >
  <allocated-bytes non-tlh="0" tlh="48632424" />
  <largest-consumer threadName="main" threadId="0000000001BEEF00" bytes="48632424" />
</allocation-stats>
<gc-op id="2045" type="mark" timems="10.359" contextid="2042" timestamp="2019-08-04T20:02:35.008">
  <trace-info objectcount="602454" scancount="523304" scanbytes="13437552" />
  <finalization candidates="80" enqueued="0" />
  <ownableSynchronizers candidates="21" cleared="0" />
  <references type="soft" candidates="4181" cleared="0" enqueued="0" dynamicThreshold="23" maxThreshold="32" />
  <references type="weak" candidates="5638" cleared="0" enqueued="0" />
  <references type="phantom" candidates="97" cleared="0" enqueued="0" />
  <stringconstants candidates="13628" cleared="0"  />
</gc-op>
<gc-op id="2046" type="sweep" timems="1.945" contextid="2042" timestamp="2019-08-04T20:02:35.010" />
<heap-resize id="2047" type="contract" space="tenure" amount="655360" count="1" timems="0.039" reason="excess free space following gc" timestamp="2019-08-04T20:02:35.010" />
<gc-end id="2048" type="global" contextid="2042" durationms="12.555" usertimems="69.056" systemtimems="0.000" timestamp="2019-08-04T20:02:35.010" activeThreads="16">
  <mem-info id="2049" free="48670704" total="66846720" percent="72">
    <mem type="tenure" free="48670704" total="66846720" percent="72" micro-fragmented="0" macro-fragmented="27735675">
      <mem type="soa" free="48081272" total="66179072" percent="72" />
      <mem type="loa" free="589432" total="667648" percent="88" />
    </mem>
  </mem-info>
</gc-end>
<cycle-end id="2050" type="global" contextid="2042" timestamp="2019-08-04T20:02:35.010">
  <attribute name="GC Util" value="568" />
  <attribute name="CPU Util" value="1777223927512" />
  <attribute name="Time Running"value="102621"/>
  <attribute name="Number of cores"value="16"/>
</cycle-end>
<allocation-satisfied id="2051" threadId="0000000001BEEF00" bytesRequested="1168" />
<af-end id="2052" timestamp="2019-08-04T20:02:35.010" threadId="0000000001BEF888" success="true" />
<exclusive-end id="2053" timestamp="2019-08-04T20:02:35.010" durationms="12.777" />

<exclusive-start id="2054" timestamp="2019-08-04T20:02:35.020" intervalms="22.587">
  <response-info timems="0.022" idlems="0.022" threads="0" lastid="0000000001BEEF00" lastname="main" />
</exclusive-start>
<af-start id="2055" threadId="0000000001BEF888" totalBytesRequested="1168" timestamp="2019-08-04T20:02:35.020" intervalms="22.583" />
<cycle-start id="2056" type="global" contextid="0" timestamp="2019-08-04T20:02:35.020" intervalms="22.578" />
  <attribute name="GC Util" value="568" />
  <attribute name="CPU Util" value="1777223927512" />
  <attribute name="Time Running"value="102621"/>
  <attribute name="Number of cores"value="16"/>
<gc-start id="2057" type="global" contextid="2056" timestamp="2019-08-04T20:02:35.020">
  <mem-info id="2058" free="589432" total="66846720" percent="0">
    <mem type="tenure" free="589432" total="66846720" percent="0">
      <mem type="soa" free="0" total="66179072" percent="0" />
      <mem type="loa" free="589432" total="667648" percent="88" />
    </mem>
  </mem-info>
</gc-start>
<allocation-stats totalBytes="47985384" >
  <allocated-bytes non-tlh="0" tlh="47985384" />
  <largest-consumer threadName="main" threadId="0000000001BEEF00" bytes="47985384" />
</allocation-stats>
<gc-op id="2059" type="mark" timems="11.685" contextid="2056" timestamp="2019-08-04T20:02:35.032">
  <trace-info objectcount="602454" scancount="523304" scanbytes="13437552" />
  <finalization candidates="80" enqueued="0" />
  <ownableSynchronizers candidates="21" cleared="0" />
  <references type="soft" candidates="4181" cleared="0" enqueued="0" dynamicThreshold="23" maxThreshold="32" />
  <references type="weak" candidates="5638" cleared="0" enqueued="0" />
  <references type="phantom" candidates="97" cleared="0" enqueued="0" />
  <stringconstants candidates="13628" cleared="0"  />
</gc-op>
<gc-op id="2060" type="sweep" timems="1.655" contextid="2056" timestamp="2019-08-04T20:02:35.033" />
<heap-resize id="2061" type="contract" space="tenure" amount="655360" count="1" timems="0.037" reason="excess free space following gc" timestamp="2019-08-04T20:02:35.033" />
<gc-end id="2062" type="global" contextid="2056" durationms="13.643" usertimems="66.896" systemtimems="0.000" timestamp="2019-08-04T20:02:35.033" activeThreads="16">
  <mem-info id="2063" free="48042048" total="66191360" percent="72">
    <mem type="tenure" free="48042048" total="66191360" percent="72" micro-fragmented="0" macro-fragmented="0">
      <mem type="soa" free="47432056" total="65529856" percent="72" />
      <mem type="loa" free="609992" total="661504" percent="92" />
    </mem>
  </mem-info>
</gc-end>
<cycle-end id="2064" type="global" contextid="2056" timestamp="2019-08-04T20:02:35.033">
  <attribute name="GC Util" value="489" />
  <attribute name="CPU Util" value="1577077718595" />
  <attribute name="Time Running"value="102645"/>
  <attribute name="Number of cores"value="16"/>
</cycle-end>
<allocation-satisfied id="2065" threadId="0000000001BEEF00" bytesRequested="1168" />
<af-end id="2066" timestamp="2019-08-04T20:02:35.033" threadId="0000000001BEF888" success="true" />
<exclusive-end id="2067" timestamp="2019-08-04T20:02:35.033" durationms="13.846" />

<exclusive-start id="2068" timestamp="2019-08-04T20:02:35.043" intervalms="23.288">
  <response-info timems="0.049" idlems="0.049" threads="0" lastid="0000000001BEEF00" lastname="main" />
</exclusive-start>
<af-start id="2069" threadId="0000000001BEF888" totalBytesRequested="1168" timestamp="2019-08-04T20:02:35.043" intervalms="23.289" />
<cycle-start id="2070" type="global" contextid="0" timestamp="2019-08-04T20:02:35.043" intervalms="23.292" />
  <attribute name="GC Util" value="489" />
  <attribute name="CPU Util" value="1577077718595" />
  <attribute name="Time Running"value="102645"/>
  <attribute name="Number of cores"value="16"/>
<gc-start id="2071" type="global" contextid="2070" timestamp="2019-08-04T20:02:35.043">
  <mem-info id="2072" free="609992" total="66191360" percent="0">
    <mem type="tenure" free="609992" total="66191360" percent="0">
      <mem type="soa" free="0" total="65529856" percent="0" />
      <mem type="loa" free="609992" total="661504" percent="92" />
    </mem>
  </mem-info>
</gc-start>
<allocation-stats totalBytes="47338320" >
  <allocated-bytes non-tlh="0" tlh="47338320" />
  <largest-consumer threadName="main" threadId="0000000001BEEF00" bytes="47338320" />
</allocation-stats>
<gc-op id="2073" type="mark" timems="9.503" contextid="2070" timestamp="2019-08-04T20:02:35.053">
  <trace-info objectcount="602454" scancount="523306" scanbytes="13437552" />
  <finalization candidates="80" enqueued="0" />
  <ownableSynchronizers candidates="21" cleared="0" />
  <references type="soft" candidates="4181" cleared="0" enqueued="0" dynamicThreshold="23" maxThreshold="32" />
  <references type="weak" candidates="5638" cleared="0" enqueued="0" />
  <references type="phantom" candidates="97" cleared="0" enqueued="0" />
  <stringconstants candidates="13628" cleared="0"  />
</gc-op>
<gc-op id="2074" type="sweep" timems="1.750" contextid="2070" timestamp="2019-08-04T20:02:35.054" />
<heap-resize id="2075" type="contract" space="tenure" amount="655360" count="1" timems="0.036" reason="excess free space following gc" timestamp="2019-08-04T20:02:35.055" />
<gc-end id="2076" type="global" contextid="2070" durationms="11.483" usertimems="66.914" systemtimems="0.000" timestamp="2019-08-04T20:02:35.055" activeThreads="16">
  <mem-info id="2077" free="47381760" total="65536000" percent="72">
    <mem type="tenure" free="47381760" total="65536000" percent="72" micro-fragmented="0" macro-fragmented="33282812">
      <mem type="soa" free="46782840" total="64880640" percent="72" />
      <mem type="loa" free="598920" total="655360" percent="91" />
    </mem>
  </mem-info>
</gc-end>
<cycle-end id="2078" type="global" contextid="2070" timestamp="2019-08-04T20:02:35.055">
  <attribute name="GC Util" value="597" />
  <attribute name="CPU Util" value="1942972048947" />
  <attribute name="Time Running"value="102666"/>
  <attribute name="Number of cores"value="16"/>
</cycle-end>
<allocation-satisfied id="2079" threadId="0000000001BEEF00" bytesRequested="1168" />
<af-end id="2080" timestamp="2019-08-04T20:02:35.055" threadId="0000000001BEF888" success="true" />
<exclusive-end id="2081" timestamp="2019-08-04T20:02:35.055" durationms="11.679" />

<exclusive-start id="2082" timestamp="2019-08-04T20:02:35.064" intervalms="21.157">
  <response-info timems="0.048" idlems="0.048" threads="0" lastid="0000000001BEEF00" lastname="main" />
</exclusive-start>
<af-start id="2083" threadId="0000000001BEF888" totalBytesRequested="1168" timestamp="2019-08-04T20:02:35.064" intervalms="21.158" />
<cycle-start id="2084" type="global" contextid="0" timestamp="2019-08-04T20:02:35.064" intervalms="21.156" />
  <attribute name="GC Util" value="597" />
  <attribute name="CPU Util" value="1942972048947" />
  <attribute name="Time Running"value="102666"/>
  <attribute name="Number of cores"value="16"/>
<gc-start id="2085" type="global" contextid="2084" timestamp="2019-08-04T20:02:35.064">
  <mem-info id="2086" free="598920" total="65536000" percent="0">
    <mem type="tenure" free="598920" total="65536000" percent="0">
      <mem type="soa" free="0" total="64880640" percent="0" />
      <mem type="loa" free="598920" total="655360" percent="91" />
    </mem>
  </mem-info>
</gc-start>
<allocation-stats totalBytes="46691280" >
  <allocated-bytes non-tlh="0" tlh="46691280" />
  <largest-consumer threadName="main" threadId="0000000001BEEF00" bytes="46691280" />
</allocation-stats>
<gc-op id="2087" type="mark" timems="9.713" contextid="2084" timestamp="2019-08-04T20:02:35.074">
  <trace-info objectcount="602454" scancount="523302" scanbytes="13437552" />
  <finalization candidates="80" enqueued="0" />
  <ownableSynchronizers candidates="21" cleared="0" />
  <references type="soft" candidates="4181" cleared="0" enqueued="0" dynamicThreshold="23" maxThreshold="32" />
  <references type="weak" candidates="5638" cleared="0" enqueued="0" />
  <references type="phantom" candidates="97" cleared="0" enqueued="0" />
  <stringconstants candidates="13628" cleared="0"  />
</gc-op>
<gc-op id="2088" type="sweep" timems="2.589" contextid="2084" timestamp="2019-08-04T20:02:35.077" />
<heap-resize id="2089" type="contract" space="tenure" amount="589824" count="1" timems="0.085" reason="excess free space following gc" timestamp="2019-08-04T20:02:35.077" />
<gc-end id="2090" type="global" contextid="2084" durationms="12.706" usertimems="77.818" systemtimems="0.000" timestamp="2019-08-04T20:02:35.077" activeThreads="16">
  <mem-info id="2091" free="46817808" total="64946176" percent="72">
    <mem type="tenure" free="46817808" total="64946176" percent="72" micro-fragmented="0" macro-fragmented="0">
      <mem type="soa" free="46199160" total="64296960" percent="71" />
      <mem type="loa" free="618648" total="649216" percent="95" />
    </mem>
  </mem-info>
</gc-end>
<cycle-end id="2092" type="global" contextid="2084" timestamp="2019-08-04T20:02:35.077">
  <attribute name="GC Util" value="563" />
  <attribute name="CPU Util" value="1894150336429" />
  <attribute name="Time Running"value="102687"/>
  <attribute name="Number of cores"value="16"/>
</cycle-end>
<allocation-satisfied id="2093" threadId="0000000001BEEF00" bytesRequested="1168" />
<af-end id="2094" timestamp="2019-08-04T20:02:35.077" threadId="0000000001BEF888" success="true" />
<exclusive-end id="2095" timestamp="2019-08-04T20:02:35.077" durationms="12.924" />

<exclusive-start id="2096" timestamp="2019-08-04T20:02:35.086" intervalms="22.360">
  <response-info timems="0.046" idlems="0.046" threads="0" lastid="0000000001BEEF00" lastname="main" />
</exclusive-start>
<af-start id="2097" threadId="0000000001BEF888" totalBytesRequested="1168" timestamp="2019-08-04T20:02:35.087" intervalms="22.358" />
<cycle-start id="2098" type="global" contextid="0" timestamp="2019-08-04T20:02:35.087" intervalms="22.359" />
  <attribute name="GC Util" value="563" />
  <attribute name="CPU Util" value="1894150336429" />
  <attribute name="Time Running"value="102687"/>
  <attribute name="Number of cores"value="16"/>
<gc-start id="2099" type="global" contextid="2098" timestamp="2019-08-04T20:02:35.087">
  <mem-info id="2100" free="618648" total="64946176" percent="0">
    <mem type="tenure" free="618648" total="64946176" percent="0">
      <mem type="soa" free="0" total="64296960" percent="0" />
      <mem type="loa" free="618648" total="649216" percent="95" />
    </mem>
  </mem-info>
</gc-start>
<allocation-stats totalBytes="46109536" >
  <allocated-bytes non-tlh="0" tlh="46109536" />
  <largest-consumer threadName="main" threadId="0000000001BEEF00" bytes="46109536" />
</allocation-stats>
<gc-op id="2101" type="mark" timems="9.983" contextid="2098" timestamp="2019-08-04T20:02:35.097">
  <trace-info objectcount="602454" scancount="523300" scanbytes="13437552" />
  <finalization candidates="80" enqueued="0" />
  <ownableSynchronizers candidates="21" cleared="0" />
  <references type="soft" candidates="4181" cleared="0" enqueued="0" dynamicThreshold="23" maxThreshold="32" />
  <references type="weak" candidates="5638" cleared="0" enqueued="0" />
  <references type="phantom" candidates="97" cleared="0" enqueued="0" />
  <stringconstants candidates="13628" cleared="0"  />
</gc-op>
<gc-op id="2102" type="sweep" timems="1.748" contextid="2098" timestamp="2019-08-04T20:02:35.098" />
<heap-resize id="2103" type="contract" space="tenure" amount="589824" count="1" timems="0.034" reason="excess free space following gc" timestamp="2019-08-04T20:02:35.099" />
<gc-end id="2104" type="global" contextid="2098" durationms="12.093" usertimems="76.234" systemtimems="0.000" timestamp="2019-08-04T20:02:35.099" activeThreads="16">
  <mem-info id="2105" free="46153608" total="64356352" percent="71">
    <mem type="tenure" free="46153608" total="64356352" percent="71" micro-fragmented="0" macro-fragmented="0">
      <mem type="soa" free="45615480" total="63713280" percent="71" />
      <mem type="loa" free="538128" total="643072" percent="83" />
    </mem>
  </mem-info>
</gc-end>
<cycle-end id="2106" type="global" contextid="2098" timestamp="2019-08-04T20:02:35.099">
  <attribute name="GC Util" value="613" />
  <attribute name="CPU Util" value="1845110555394" />
  <attribute name="Time Running"value="102710"/>
  <attribute name="Number of cores"value="16"/>
</cycle-end>
<allocation-satisfied id="2107" threadId="0000000001BEEF00" bytesRequested="1168" />
<af-end id="2108" timestamp="2019-08-04T20:02:35.099" threadId="0000000001BEF888" success="true" />
<exclusive-end id="2109" timestamp="2019-08-04T20:02:35.099" durationms="12.299" />

<exclusive-start id="2110" timestamp="2019-08-04T20:02:35.108" intervalms="21.678">
  <response-info timems="0.046" idlems="0.046" threads="0" lastid="0000000001BEEF00" lastname="main" />
</exclusive-start>
<af-start id="2111" threadId="0000000001BEF888" totalBytesRequested="1168" timestamp="2019-08-04T20:02:35.108" intervalms="21.693" />
<cycle-start id="2112" type="global" contextid="0" timestamp="2019-08-04T20:02:35.108" intervalms="21.703" />
  <attribute name="GC Util" value="613" />
  <attribute name="CPU Util" value="1845110555394" />
  <attribute name="Time Running"value="102710"/>
  <attribute name="Number of cores"value="16"/>
<gc-start id="2113" type="global" contextid="2112" timestamp="2019-08-04T20:02:35.108">
  <mem-info id="2114" free="538128" total="64356352" percent="0">
    <mem type="tenure" free="538128" total="64356352" percent="0">
      <mem type="soa" free="0" total="63713280" percent="0" />
      <mem type="loa" free="538128" total="643072" percent="83" />
    </mem>
  </mem-info>
</gc-start>
<allocation-stats totalBytes="45527816" >
  <allocated-bytes non-tlh="0" tlh="45527816" />
  <largest-consumer threadName="main" threadId="0000000001BEEF00" bytes="45527816" />
</allocation-stats>
<gc-op id="2115" type="mark" timems="11.400" contextid="2112" timestamp="2019-08-04T20:02:35.120">
  <trace-info objectcount="602454" scancount="523304" scanbytes="13437552" />
  <finalization candidates="80" enqueued="0" />
  <ownableSynchronizers candidates="21" cleared="0" />
  <references type="soft" candidates="4181" cleared="0" enqueued="0" dynamicThreshold="22" maxThreshold="32" />
  <references type="weak" candidates="5638" cleared="0" enqueued="0" />
  <references type="phantom" candidates="97" cleared="0" enqueued="0" />
  <stringconstants candidates="13628" cleared="0"  />
</gc-op>
<gc-op id="2116" type="sweep" timems="1.803" contextid="2112" timestamp="2019-08-04T20:02:35.122" />
<heap-resize id="2117" type="contract" space="tenure" amount="589824" count="1" timems="0.034" reason="excess free space following gc" timestamp="2019-08-04T20:02:35.122" />
<gc-end id="2118" type="global" contextid="2112" durationms="13.464" usertimems="93.801" systemtimems="0.000" timestamp="2019-08-04T20:02:35.122" activeThreads="16">
  <mem-info id="2119" free="45582504" total="63766528" percent="71">
    <mem type="tenure" free="45582504" total="63766528" percent="71" micro-fragmented="0" macro-fragmented="23113062">
      <mem type="soa" free="45031800" total="63129600" percent="71" />
      <mem type="loa" free="550704" total="636928" percent="86" />
    </mem>
  </mem-info>
</gc-end>
<cycle-end id="2120" type="global" contextid="2112" timestamp="2019-08-04T20:02:35.122">
  <attribute name="GC Util" value="616" />
  <attribute name="CPU Util" value="1616522577172" />
  <attribute name="Time Running"value="102733"/>
  <attribute name="Number of cores"value="16"/>
</cycle-end>
<allocation-satisfied id="2121" threadId="0000000001BEEF00" bytesRequested="1168" />
<af-end id="2122" timestamp="2019-08-04T20:02:35.122" threadId="0000000001BEF888" success="true" />
<exclusive-end id="2123" timestamp="2019-08-04T20:02:35.122" durationms="13.697" />

<exclusive-start id="2124" timestamp="2019-08-04T20:02:35.131" intervalms="22.767">
  <response-info timems="0.042" idlems="0.042" threads="0" lastid="0000000001BEEF00" lastname="main" />
</exclusive-start>
<af-start id="2125" threadId="0000000001BEF888" totalBytesRequested="1168" timestamp="2019-08-04T20:02:35.131" intervalms="22.753" />
<cycle-start id="2126" type="global" contextid="0" timestamp="2019-08-04T20:02:35.131" intervalms="22.742" />
  <attribute name="GC Util" value="616" />
  <attribute name="CPU Util" value="1616522577172" />
  <attribute name="Time Running"value="102733"/>
  <attribute name="Number of cores"value="16"/>
<gc-start id="2127" type="global" contextid="2126" timestamp="2019-08-04T20:02:35.131">
  <mem-info id="2128" free="550704" total="63766528" percent="0">
    <mem type="tenure" free="550704" total="63766528" percent="0">
      <mem type="soa" free="0" total="63129600" percent="0" />
      <mem type="loa" free="550704" total="636928" percent="86" />
    </mem>
  </mem-info>
</gc-start>
<allocation-stats totalBytes="44946072" >
  <allocated-bytes non-tlh="0" tlh="44946072" />
  <largest-consumer threadName="main" threadId="0000000001BEEF00" bytes="44946072" />
</allocation-stats>
<gc-op id="2129" type="mark" timems="13.891" contextid="2126" timestamp="2019-08-04T20:02:35.145">
  <trace-info objectcount="602454" scancount="523297" scanbytes="13437552" />
  <finalization candidates="80" enqueued="0" />
  <ownableSynchronizers candidates="21" cleared="0" />
  <references type="soft" candidates="4181" cleared="0" enqueued="0" dynamicThreshold="22" maxThreshold="32" />
  <references type="weak" candidates="5638" cleared="0" enqueued="0" />
  <references type="phantom" candidates="97" cleared="0" enqueued="0" />
  <stringconstants candidates="13628" cleared="0"  />
</gc-op>
<gc-op id="2130" type="sweep" timems="1.745" contextid="2126" timestamp="2019-08-04T20:02:35.147" />
<heap-resize id="2131" type="contract" space="tenure" amount="589824" count="1" timems="0.080" reason="excess free space following gc" timestamp="2019-08-04T20:02:35.147" />
<gc-end id="2132" type="global" contextid="2126" durationms="15.909" usertimems="124.278" systemtimems="0.000" timestamp="2019-08-04T20:02:35.147" activeThreads="16">
  <mem-info id="2133" free="44976424" total="63176704" percent="71">
    <mem type="tenure" free="44976424" total="63176704" percent="71" micro-fragmented="0" macro-fragmented="33282812">
      <mem type="soa" free="44448120" total="62545920" percent="71" />
      <mem type="loa" free="528304" total="630784" percent="83" />
    </mem>
  </mem-info>
</gc-end>
<cycle-end id="2134" type="global" contextid="2126" timestamp="2019-08-04T20:02:35.147">
  <attribute name="GC Util" value="678" />
  <attribute name="CPU Util" value="1328720983594" />
  <attribute name="Time Running"value="102758"/>
  <attribute name="Number of cores"value="16"/>
</cycle-end>
<allocation-satisfied id="2135" threadId="0000000001BEEF00" bytesRequested="1168" />
<af-end id="2136" timestamp="2019-08-04T20:02:35.147" threadId="0000000001BEF888" success="true" />
<exclusive-end id="2137" timestamp="2019-08-04T20:02:35.147" durationms="16.125" />

<exclusive-start id="2138" timestamp="2019-08-04T20:02:35.156" intervalms="25.268">
  <response-info timems="0.043" idlems="0.043" threads="0" lastid="0000000001BEEF00" lastname="main" />
</exclusive-start>
<af-start id="2139" threadId="0000000001BEF888" totalBytesRequested="1168" timestamp="2019-08-04T20:02:35.156" intervalms="25.281" />
<cycle-start id="2140" type="global" contextid="0" timestamp="2019-08-04T20:02:35.156" intervalms="25.280" />
  <attribute name="GC Util" value="678" />
  <attribute name="CPU Util" value="1328720983594" />
  <attribute name="Time Running"value="102758"/>
  <attribute name="Number of cores"value="16"/>
<gc-start id="2141" type="global" contextid="2140" timestamp="2019-08-04T20:02:35.156">
  <mem-info id="2142" free="528304" total="63176704" percent="0">
    <mem type="tenure" free="528304" total="63176704" percent="0">
      <mem type="soa" free="0" total="62545920" percent="0" />
      <mem type="loa" free="528304" total="630784" percent="83" />
    </mem>
  </mem-info>
</gc-start>
<allocation-stats totalBytes="44364352" >
  <allocated-bytes non-tlh="0" tlh="44364352" />
  <largest-consumer threadName="main" threadId="0000000001BEEF00" bytes="44364352" />
</allocation-stats>
<gc-op id="2143" type="mark" timems="9.593" contextid="2140" timestamp="2019-08-04T20:02:35.166">
  <trace-info objectcount="602454" scancount="523299" scanbytes="13437552" />
  <finalization candidates="80" enqueued="0" />
  <ownableSynchronizers candidates="21" cleared="0" />
  <references type="soft" candidates="4181" cleared="0" enqueued="0" dynamicThreshold="22" maxThreshold="32" />
  <references type="weak" candidates="5638" cleared="0" enqueued="0" />
  <references type="phantom" candidates="97" cleared="0" enqueued="0" />
  <stringconstants candidates="13628" cleared="0"  />
</gc-op>
<gc-op id="2144" type="sweep" timems="2.485" contextid="2140" timestamp="2019-08-04T20:02:35.168" />
<heap-resize id="2145" type="contract" space="tenure" amount="589824" count="1" timems="0.077" reason="excess free space following gc" timestamp="2019-08-04T20:02:35.169" />
<gc-end id="2146" type="global" contextid="2140" durationms="12.483" usertimems="83.691" systemtimems="0.000" timestamp="2019-08-04T20:02:35.169" activeThreads="16">
  <mem-info id="2147" free="44397928" total="62586880" percent="70">
    <mem type="tenure" free="44397928" total="62586880" percent="70" micro-fragmented="0" macro-fragmented="0">
      <mem type="soa" free="43863416" total="61961216" percent="70" />
      <mem type="loa" free="534512" total="625664" percent="85" />
    </mem>
  </mem-info>
</gc-end>
<cycle-end id="2148" type="global" contextid="2140" timestamp="2019-08-04T20:02:35.169">
  <attribute name="GC Util" value="620" />
  <attribute name="CPU Util" value="1919531689855" />
  <attribute name="Time Running"value="102779"/>
  <attribute name="Number of cores"value="16"/>
</cycle-end>
<allocation-satisfied id="2149" threadId="0000000001BEEF00" bytesRequested="1168" />
<af-end id="2150" timestamp="2019-08-04T20:02:35.169" threadId="0000000001BEF888" success="true" />
<exclusive-end id="2151" timestamp="2019-08-04T20:02:35.169" durationms="12.704" />

<exclusive-start id="2152" timestamp="2019-08-04T20:02:35.178" intervalms="21.582">
  <response-info timems="0.045" idlems="0.045" threads="0" lastid="0000000001BEEF00" lastname="main" />
</exclusive-start>
<af-start id="2153" threadId="0000000001BEF888" totalBytesRequested="1168" timestamp="2019-08-04T20:02:35.178" intervalms="21.574" />
<cycle-start id="2154" type="global" contextid="0" timestamp="2019-08-04T20:02:35.178" intervalms="21.582" />
  <attribute name="GC Util" value="620" />
  <attribute name="CPU Util" value="1919531689855" />
  <attribute name="Time Running"value="102779"/>
  <attribute name="Number of cores"value="16"/>
<gc-start id="2155" type="global" contextid="2154" timestamp="2019-08-04T20:02:35.178">
  <mem-info id="2156" free="534512" total="62586880" percent="0">
    <mem type="tenure" free="534512" total="62586880" percent="0">
      <mem type="soa" free="0" total="61961216" percent="0" />
      <mem type="loa" free="534512" total="625664" percent="85" />
    </mem>
  </mem-info>
</gc-start>
<allocation-stats totalBytes="43781400" >
  <allocated-bytes non-tlh="0" tlh="43781400" />
  <largest-consumer threadName="main" threadId="0000000001BEEF00" bytes="43781400" />
</allocation-stats>
<gc-op id="2157" type="mark" timems="8.846" contextid="2154" timestamp="2019-08-04T20:02:35.187">
  <trace-info objectcount="602454" scancount="523301" scanbytes="13437552" />
  <finalization candidates="80" enqueued="0" />
  <ownableSynchronizers candidates="21" cleared="0" />
  <references type="soft" candidates="4181" cleared="0" enqueued="0" dynamicThreshold="22" maxThreshold="32" />
  <references type="weak" candidates="5638" cleared="0" enqueued="0" />
  <references type="phantom" candidates="97" cleared="0" enqueued="0" />
  <stringconstants candidates="13628" cleared="0"  />
</gc-op>
<gc-op id="2158" type="sweep" timems="1.920" contextid="2154" timestamp="2019-08-04T20:02:35.189" />
<heap-resize id="2159" type="contract" space="tenure" amount="589824" count="1" timems="0.078" reason="excess free space following gc" timestamp="2019-08-04T20:02:35.189" />
<gc-end id="2160" type="global" contextid="2154" durationms="11.114" usertimems="76.644" systemtimems="0.000" timestamp="2019-08-04T20:02:35.189" activeThreads="16">
  <mem-info id="2161" free="43846512" total="61997056" percent="70">
    <mem type="tenure" free="43846512" total="61997056" percent="70" micro-fragmented="0" macro-fragmented="0">
      <mem type="soa" free="43279736" total="61377536" percent="70" />
      <mem type="loa" free="566776" total="619520" percent="91" />
    </mem>
  </mem-info>
</gc-end>
<cycle-end id="2162" type="global" contextid="2154" timestamp="2019-08-04T20:02:35.189">
  <attribute name="GC Util" value="621" />
  <attribute name="CPU Util" value="2086294143293" />
  <attribute name="Time Running"value="102800"/>
  <attribute name="Number of cores"value="16"/>
</cycle-end>
<allocation-satisfied id="2163" threadId="0000000001BEEF00" bytesRequested="1168" />
<af-end id="2164" timestamp="2019-08-04T20:02:35.189" threadId="0000000001BEF888" success="true" />
<exclusive-end id="2165" timestamp="2019-08-04T20:02:35.189" durationms="11.337" />

<exclusive-start id="2166" timestamp="2019-08-04T20:02:35.207" intervalms="29.468">
  <response-info timems="0.081" idlems="0.081" threads="0" lastid="0000000001BEEF00" lastname="main" />
</exclusive-start>
<af-start id="2167" threadId="0000000001BEF888" totalBytesRequested="1168" timestamp="2019-08-04T20:02:35.207" intervalms="29.461" />
<cycle-start id="2168" type="global" contextid="0" timestamp="2019-08-04T20:02:35.207" intervalms="29.453" />
  <attribute name="GC Util" value="621" />
  <attribute name="CPU Util" value="2086294143293" />
  <attribute name="Time Running"value="102800"/>
  <attribute name="Number of cores"value="16"/>
<gc-start id="2169" type="global" contextid="2168" timestamp="2019-08-04T20:02:35.207">
  <mem-info id="2170" free="566776" total="61997056" percent="0">
    <mem type="tenure" free="566776" total="61997056" percent="0">
      <mem type="soa" free="0" total="61377536" percent="0" />
      <mem type="loa" free="566776" total="619520" percent="91" />
    </mem>
  </mem-info>
</gc-start>
<allocation-stats totalBytes="43106888" >
  <allocated-bytes non-tlh="0" tlh="43106888" />
  <largest-consumer threadName="main" threadId="0000000001BEEF00" bytes="43106888" />
</allocation-stats>
<gc-op id="2171" type="mark" timems="8.375" contextid="2168" timestamp="2019-08-04T20:02:35.216">
  <trace-info objectcount="602460" scancount="523303" scanbytes="13437704" />
  <finalization candidates="80" enqueued="0" />
  <ownableSynchronizers candidates="21" cleared="0" />
  <references type="soft" candidates="4181" cleared="0" enqueued="0" dynamicThreshold="22" maxThreshold="32" />
  <references type="weak" candidates="5638" cleared="0" enqueued="0" />
  <references type="phantom" candidates="97" cleared="0" enqueued="0" />
  <stringconstants candidates="13628" cleared="0"  />
</gc-op>
<gc-op id="2172" type="sweep" timems="1.799" contextid="2168" timestamp="2019-08-04T20:02:35.218" />
<heap-resize id="2173" type="contract" space="tenure" amount="589824" count="1" timems="0.036" reason="excess free space following gc" timestamp="2019-08-04T20:02:35.218" />
<gc-end id="2174" type="global" contextid="2168" durationms="10.444" usertimems="64.453" systemtimems="0.000" timestamp="2019-08-04T20:02:35.218" activeThreads="16">
  <mem-info id="2175" free="43276920" total="61407232" percent="70">
    <mem type="tenure" free="43276920" total="61407232" percent="70" micro-fragmented="0" macro-fragmented="19260884">
      <mem type="soa" free="42693560" total="60793856" percent="70" />
      <mem type="loa" free="583360" total="613376" percent="95" />
    </mem>
  </mem-info>
</gc-end>
<cycle-end id="2176" type="global" contextid="2168" timestamp="2019-08-04T20:02:35.218">
  <attribute name="GC Util" value="609" />
  <attribute name="CPU Util" value="2203031078959" />
  <attribute name="Time Running"value="102829"/>
  <attribute name="Number of cores"value="16"/>
</cycle-end>
<allocation-satisfied id="2177" threadId="0000000001BEEF00" bytesRequested="1168" />
<af-end id="2178" timestamp="2019-08-04T20:02:35.218" threadId="0000000001BEF888" success="true" />
<exclusive-end id="2179" timestamp="2019-08-04T20:02:35.218" durationms="10.637" />

<exclusive-start id="2180" timestamp="2019-08-04T20:02:35.239" intervalms="32.049">
  <response-info timems="0.041" idlems="0.041" threads="0" lastid="0000000001BEEF00" lastname="main" />
</exclusive-start>
<af-start id="2181" threadId="0000000001BEF888" totalBytesRequested="1168" timestamp="2019-08-04T20:02:35.239" intervalms="32.050" />
<cycle-start id="2182" type="global" contextid="0" timestamp="2019-08-04T20:02:35.239" intervalms="32.050" />
  <attribute name="GC Util" value="609" />
  <attribute name="CPU Util" value="2203031078959" />
  <attribute name="Time Running"value="102829"/>
  <attribute name="Number of cores"value="16"/>
<gc-start id="2183" type="global" contextid="2182" timestamp="2019-08-04T20:02:35.239">
  <mem-info id="2184" free="583360" total="61407232" percent="0">
    <mem type="tenure" free="583360" total="61407232" percent="0">
      <mem type="soa" free="0" total="60793856" percent="0" />
      <mem type="loa" free="583360" total="613376" percent="95" />
    </mem>
  </mem-info>
</gc-start>
<allocation-stats totalBytes="42481696" >
  <allocated-bytes non-tlh="0" tlh="42481696" />
  <largest-consumer threadName="main" threadId="0000000001BEEF00" bytes="42481696" />
</allocation-stats>
<gc-op id="2185" type="mark" timems="9.332" contextid="2182" timestamp="2019-08-04T20:02:35.249">
  <trace-info objectcount="602461" scancount="523309" scanbytes="13437728" />
  <finalization candidates="80" enqueued="0" />
  <ownableSynchronizers candidates="21" cleared="0" />
  <references type="soft" candidates="4181" cleared="0" enqueued="0" dynamicThreshold="22" maxThreshold="32" />
  <references type="weak" candidates="5638" cleared="0" enqueued="0" />
  <references type="phantom" candidates="97" cleared="0" enqueued="0" />
  <stringconstants candidates="13628" cleared="0"  />
</gc-op>
<gc-op id="2186" type="sweep" timems="1.868" contextid="2182" timestamp="2019-08-04T20:02:35.251" />
<heap-resize id="2187" type="contract" space="tenure" amount="589824" count="1" timems="0.076" reason="excess free space following gc" timestamp="2019-08-04T20:02:35.251" />
<gc-end id="2188" type="global" contextid="2182" durationms="11.510" usertimems="76.009" systemtimems="0.000" timestamp="2019-08-04T20:02:35.251" activeThreads="16">
  <mem-info id="2189" free="42678504" total="60817408" percent="70">
    <mem type="tenure" free="42678504" total="60817408" percent="70" micro-fragmented="0" macro-fragmented="0">
      <mem type="soa" free="42109880" total="60210176" percent="69" />
      <mem type="loa" free="568624" total="607232" percent="93" />
    </mem>
  </mem-info>
</gc-end>
<cycle-end id="2190" type="global" contextid="2182" timestamp="2019-08-04T20:02:35.251">
  <attribute name="GC Util" value="584" />
  <attribute name="CPU Util" value="1973502012674" />
  <attribute name="Time Running"value="102862"/>
  <attribute name="Number of cores"value="16"/>
</cycle-end>
<allocation-satisfied id="2191" threadId="0000000001BEEF00" bytesRequested="1168" />
<af-end id="2192" timestamp="2019-08-04T20:02:35.251" threadId="0000000001BEF888" success="true" />
<exclusive-end id="2193" timestamp="2019-08-04T20:02:35.251" durationms="11.695" />

<exclusive-start id="2194" timestamp="2019-08-04T20:02:35.269" intervalms="30.120">
  <response-info timems="0.043" idlems="0.043" threads="0" lastid="0000000001BEEF00" lastname="main" />
</exclusive-start>
<af-start id="2195" threadId="0000000001BEF888" totalBytesRequested="1168" timestamp="2019-08-04T20:02:35.269" intervalms="30.117" />
<cycle-start id="2196" type="global" contextid="0" timestamp="2019-08-04T20:02:35.269" intervalms="30.140" />
  <attribute name="GC Util" value="584" />
  <attribute name="CPU Util" value="1973502012674" />
  <attribute name="Time Running"value="102862"/>
  <attribute name="Number of cores"value="16"/>
<gc-start id="2197" type="global" contextid="2196" timestamp="2019-08-04T20:02:35.270">
  <mem-info id="2198" free="568624" total="60817408" percent="0">
    <mem type="tenure" free="568624" total="60817408" percent="0">
      <mem type="soa" free="0" total="60210176" percent="0" />
      <mem type="loa" free="568624" total="607232" percent="93" />
    </mem>
  </mem-info>
</gc-start>
<allocation-stats totalBytes="41910840" >
  <allocated-bytes non-tlh="0" tlh="41910840" />
  <largest-consumer threadName="main" threadId="0000000001BEEF00" bytes="41910840" />
</allocation-stats>
<gc-op id="2199" type="mark" timems="8.902" contextid="2196" timestamp="2019-08-04T20:02:35.278">
  <trace-info objectcount="602461" scancount="523306" scanbytes="13437728" />
  <finalization candidates="80" enqueued="0" />
  <ownableSynchronizers candidates="21" cleared="0" />
  <references type="soft" candidates="4181" cleared="0" enqueued="0" dynamicThreshold="22" maxThreshold="32" />
  <references type="weak" candidates="5638" cleared="0" enqueued="0" />
  <references type="phantom" candidates="97" cleared="0" enqueued="0" />
  <stringconstants candidates="13628" cleared="0"  />
</gc-op>
<gc-op id="2200" type="sweep" timems="1.522" contextid="2196" timestamp="2019-08-04T20:02:35.280" />
<heap-resize id="2201" type="contract" space="tenure" amount="589824" count="1" timems="0.079" reason="excess free space following gc" timestamp="2019-08-04T20:02:35.280" />
<gc-end id="2202" type="global" contextid="2196" durationms="10.780" usertimems="66.952" systemtimems="0.000" timestamp="2019-08-04T20:02:35.280" activeThreads="16">
  <mem-info id="2203" free="42049208" total="60227584" percent="69">
    <mem type="tenure" free="42049208" total="60227584" percent="69" micro-fragmented="0" macro-fragmented="16050736">
      <mem type="soa" free="41525176" total="59625472" percent="69" />
      <mem type="loa" free="524032" total="602112" percent="87" />
    </mem>
  </mem-info>
</gc-end>
<cycle-end id="2204" type="global" contextid="2196" timestamp="2019-08-04T20:02:35.280">
  <attribute name="GC Util" value="529" />
  <attribute name="CPU Util" value="2069196691688" />
  <attribute name="Time Running"value="102892"/>
  <attribute name="Number of cores"value="16"/>
</cycle-end>
<allocation-satisfied id="2205" threadId="0000000001BEEF00" bytesRequested="1168" />
<af-end id="2206" timestamp="2019-08-04T20:02:35.280" threadId="0000000001BEF888" success="true" />
<exclusive-end id="2207" timestamp="2019-08-04T20:02:35.280" durationms="10.987" />

<exclusive-start id="2208" timestamp="2019-08-04T20:02:35.298" intervalms="29.057">
  <response-info timems="0.042" idlems="0.042" threads="0" lastid="0000000001BEEF00" lastname="main" />
</exclusive-start>
<af-start id="2209" threadId="0000000001BEF888" totalBytesRequested="1168" timestamp="2019-08-04T20:02:35.298" intervalms="29.058" />
<cycle-start id="2210" type="global" contextid="0" timestamp="2019-08-04T20:02:35.299" intervalms="29.035" />
  <attribute name="GC Util" value="529" />
  <attribute name="CPU Util" value="2069196691688" />
  <attribute name="Time Running"value="102892"/>
  <attribute name="Number of cores"value="16"/>
<gc-start id="2211" type="global" contextid="2210" timestamp="2019-08-04T20:02:35.299">
  <mem-info id="2212" free="524032" total="60227584" percent="0">
    <mem type="tenure" free="524032" total="60227584" percent="0">
      <mem type="soa" free="0" total="59625472" percent="0" />
      <mem type="loa" free="524032" total="602112" percent="87" />
    </mem>
  </mem-info>
</gc-start>
<allocation-stats totalBytes="41330328" >
  <allocated-bytes non-tlh="0" tlh="41330328" />
  <largest-consumer threadName="main" threadId="0000000001BEEF00" bytes="41330328" />
</allocation-stats>
<gc-op id="2213" type="mark" timems="10.837" contextid="2210" timestamp="2019-08-04T20:02:35.309">
  <trace-info objectcount="602461" scancount="523311" scanbytes="13437728" />
  <finalization candidates="80" enqueued="0" />
  <ownableSynchronizers candidates="21" cleared="0" />
  <references type="soft" candidates="4181" cleared="0" enqueued="0" dynamicThreshold="22" maxThreshold="32" />
  <references type="weak" candidates="5638" cleared="0" enqueued="0" />
  <references type="phantom" candidates="97" cleared="0" enqueued="0" />
  <stringconstants candidates="13628" cleared="0"  />
</gc-op>
<gc-op id="2214" type="sweep" timems="2.055" contextid="2210" timestamp="2019-08-04T20:02:35.312" />
<heap-resize id="2215" type="contract" space="tenure" amount="589824" count="1" timems="0.093" reason="excess free space following gc" timestamp="2019-08-04T20:02:35.312" />
<gc-end id="2216" type="global" contextid="2210" durationms="13.166" usertimems="83.733" systemtimems="0.000" timestamp="2019-08-04T20:02:35.312" activeThreads="16">
  <mem-info id="2217" free="41505080" total="59637760" percent="69">
    <mem type="tenure" free="41505080" total="59637760" percent="69" micro-fragmented="0" macro-fragmented="34259405">
      <mem type="soa" free="40941496" total="59041792" percent="69" />
      <mem type="loa" free="563584" total="595968" percent="94" />
    </mem>
  </mem-info>
</gc-end>
<cycle-end id="2218" type="global" contextid="2210" timestamp="2019-08-04T20:02:35.312">
  <attribute name="GC Util" value="548" />
  <attribute name="CPU Util" value="1700516482047" />
  <attribute name="Time Running"value="102923"/>
  <attribute name="Number of cores"value="16"/>
</cycle-end>
<allocation-satisfied id="2219" threadId="0000000001BEEF00" bytesRequested="1168" />
<af-end id="2220" timestamp="2019-08-04T20:02:35.312" threadId="0000000001BEF888" success="true" />
<exclusive-end id="2221" timestamp="2019-08-04T20:02:35.312" durationms="13.371" />

<exclusive-start id="2222" timestamp="2019-08-04T20:02:35.330" intervalms="31.683">
  <response-info timems="0.044" idlems="0.044" threads="0" lastid="0000000001BEEF00" lastname="main" />
</exclusive-start>
<af-start id="2223" threadId="0000000001BEF888" totalBytesRequested="1168" timestamp="2019-08-04T20:02:35.330" intervalms="31.702" />
<cycle-start id="2224" type="global" contextid="0" timestamp="2019-08-04T20:02:35.330" intervalms="31.710" />
  <attribute name="GC Util" value="548" />
  <attribute name="CPU Util" value="1700516482047" />
  <attribute name="Time Running"value="102923"/>
  <attribute name="Number of cores"value="16"/>
<gc-start id="2225" type="global" contextid="2224" timestamp="2019-08-04T20:02:35.330">
  <mem-info id="2226" free="563584" total="59637760" percent="0">
    <mem type="tenure" free="563584" total="59637760" percent="0">
      <mem type="soa" free="0" total="59041792" percent="0" />
      <mem type="loa" free="563584" total="595968" percent="94" />
    </mem>
  </mem-info>
</gc-start>
<allocation-stats totalBytes="40751008" >
  <allocated-bytes non-tlh="0" tlh="40751008" />
  <largest-consumer threadName="main" threadId="0000000001BEEF00" bytes="40751008" />
</allocation-stats>
<gc-op id="2227" type="mark" timems="10.088" contextid="2224" timestamp="2019-08-04T20:02:35.340">
  <trace-info objectcount="602461" scancount="523310" scanbytes="13437728" />
  <finalization candidates="80" enqueued="0" />
  <ownableSynchronizers candidates="21" cleared="0" />
  <references type="soft" candidates="4181" cleared="0" enqueued="0" dynamicThreshold="22" maxThreshold="32" />
  <references type="weak" candidates="5638" cleared="0" enqueued="0" />
  <references type="phantom" candidates="97" cleared="0" enqueued="0" />
  <stringconstants candidates="13628" cleared="0"  />
</gc-op>
<gc-op id="2228" type="sweep" timems="1.893" contextid="2224" timestamp="2019-08-04T20:02:35.342" />
<heap-resize id="2229" type="contract" space="tenure" amount="589824" count="1" timems="0.035" reason="excess free space following gc" timestamp="2019-08-04T20:02:35.343" />
<gc-end id="2230" type="global" contextid="2224" durationms="12.259" usertimems="82.181" systemtimems="0.000" timestamp="2019-08-04T20:02:35.343" activeThreads="16">
  <mem-info id="2231" free="40920008" total="59047936" percent="69">
    <mem type="tenure" free="40920008" total="59047936" percent="69" micro-fragmented="0" macro-fragmented="0">
      <mem type="soa" free="40357816" total="58458112" percent="69" />
      <mem type="loa" free="562192" total="589824" percent="95" />
    </mem>
  </mem-info>
</gc-end>
<cycle-end id="2232" type="global" contextid="2224" timestamp="2019-08-04T20:02:35.343">
  <attribute name="GC Util" value="595" />
  <attribute name="CPU Util" value="1828774813957" />
  <attribute name="Time Running"value="102954"/>
  <attribute name="Number of cores"value="16"/>
</cycle-end>
<allocation-satisfied id="2233" threadId="0000000001BEEF00" bytesRequested="1168" />
<af-end id="2234" timestamp="2019-08-04T20:02:35.343" threadId="0000000001BEF888" success="true" />
<exclusive-end id="2235" timestamp="2019-08-04T20:02:35.343" durationms="12.483" />

<exclusive-start id="2236" timestamp="2019-08-04T20:02:35.360" intervalms="30.268">
  <response-info timems="0.044" idlems="0.044" threads="0" lastid="0000000001BEEF00" lastname="main" />
</exclusive-start>
<af-start id="2237" threadId="0000000001BEF888" totalBytesRequested="1168" timestamp="2019-08-04T20:02:35.360" intervalms="30.250" />
<cycle-start id="2238" type="global" contextid="0" timestamp="2019-08-04T20:02:35.360" intervalms="30.244" />
  <attribute name="GC Util" value="595" />
  <attribute name="CPU Util" value="1828774813957" />
  <attribute name="Time Running"value="102954"/>
  <attribute name="Number of cores"value="16"/>
<gc-start id="2239" type="global" contextid="2238" timestamp="2019-08-04T20:02:35.361">
  <mem-info id="2240" free="562192" total="59047936" percent="0">
    <mem type="tenure" free="562192" total="59047936" percent="0">
      <mem type="soa" free="0" total="58458112" percent="0" />
      <mem type="loa" free="562192" total="589824" percent="95" />
    </mem>
  </mem-info>
</gc-start>
<allocation-stats totalBytes="40171712" >
  <allocated-bytes non-tlh="0" tlh="40171712" />
  <largest-consumer threadName="main" threadId="0000000001BEEF00" bytes="40171712" />
</allocation-stats>
<gc-op id="2241" type="mark" timems="17.408" contextid="2238" timestamp="2019-08-04T20:02:35.378">
  <trace-info objectcount="602461" scancount="523310" scanbytes="13437728" />
  <finalization candidates="80" enqueued="0" />
  <ownableSynchronizers candidates="21" cleared="0" />
  <references type="soft" candidates="4181" cleared="0" enqueued="0" dynamicThreshold="22" maxThreshold="32" />
  <references type="weak" candidates="5638" cleared="0" enqueued="0" />
  <references type="phantom" candidates="97" cleared="0" enqueued="0" />
  <stringconstants candidates="13628" cleared="0"  />
</gc-op>
<gc-op id="2242" type="sweep" timems="1.686" contextid="2238" timestamp="2019-08-04T20:02:35.380" />
<heap-resize id="2243" type="contract" space="tenure" amount="524288" count="1" timems="0.033" reason="excess free space following gc" timestamp="2019-08-04T20:02:35.380" />
<gc-end id="2244" type="global" contextid="2238" durationms="19.385" usertimems="79.923" systemtimems="0.000" timestamp="2019-08-04T20:02:35.380" activeThreads="16">
  <mem-info id="2245" free="40421968" total="58523648" percent="69">
    <mem type="tenure" free="40421968" total="58523648" percent="69" micro-fragmented="0" macro-fragmented="19260884">
      <mem type="soa" free="39838648" total="57938944" percent="68" />
      <mem type="loa" free="583320" total="584704" percent="99" />
    </mem>
  </mem-info>
</gc-end>
<cycle-end id="2246" type="global" contextid="2238" timestamp="2019-08-04T20:02:35.380">
  <attribute name="GC Util" value="390" />
  <attribute name="CPU Util" value="1058936374001" />
  <attribute name="Time Running"value="102991"/>
  <attribute name="Number of cores"value="16"/>
</cycle-end>
<allocation-satisfied id="2247" threadId="0000000001BEEF00" bytesRequested="1168" />
<af-end id="2248" timestamp="2019-08-04T20:02:35.380" threadId="0000000001BEF888" success="true" />
<exclusive-end id="2249" timestamp="2019-08-04T20:02:35.380" durationms="19.577" />

<exclusive-start id="2250" timestamp="2019-08-04T20:02:35.397" intervalms="36.858">
  <response-info timems="0.031" idlems="0.031" threads="0" lastid="0000000001BEEF00" lastname="main" />
</exclusive-start>
<af-start id="2251" threadId="0000000001BEF888" totalBytesRequested="1168" timestamp="2019-08-04T20:02:35.397" intervalms="36.860" />
<cycle-start id="2252" type="global" contextid="0" timestamp="2019-08-04T20:02:35.397" intervalms="36.858" />
  <attribute name="GC Util" value="390" />
  <attribute name="CPU Util" value="1058936374001" />
  <attribute name="Time Running"value="102991"/>
  <attribute name="Number of cores"value="16"/>
<gc-start id="2253" type="global" contextid="2252" timestamp="2019-08-04T20:02:35.397">
  <mem-info id="2254" free="583320" total="58523648" percent="0">
    <mem type="tenure" free="583320" total="58523648" percent="0">
      <mem type="soa" free="0" total="57938944" percent="0" />
      <mem type="loa" free="583320" total="584704" percent="99" />
    </mem>
  </mem-info>
</gc-start>
<allocation-stats totalBytes="39654416" >
  <allocated-bytes non-tlh="0" tlh="39654416" />
  <largest-consumer threadName="main" threadId="0000000001BEEF00" bytes="39654416" />
</allocation-stats>
<gc-op id="2255" type="mark" timems="11.080" contextid="2252" timestamp="2019-08-04T20:02:35.408">
  <trace-info objectcount="601340" scancount="522194" scanbytes="13398776" />
  <finalization candidates="80" enqueued="0" />
  <ownableSynchronizers candidates="21" cleared="0" />
  <references type="soft" candidates="4181" cleared="920" enqueued="920" dynamicThreshold="22" maxThreshold="32" />
  <references type="weak" candidates="5638" cleared="0" enqueued="0" />
  <references type="phantom" candidates="97" cleared="0" enqueued="0" />
  <stringconstants candidates="13628" cleared="0"  />
</gc-op>
<gc-op id="2256" type="sweep" timems="3.363" contextid="2252" timestamp="2019-08-04T20:02:35.412" />
<heap-resize id="2257" type="contract" space="tenure" amount="524288" count="1" timems="0.034" reason="excess free space following gc" timestamp="2019-08-04T20:02:35.412" />
<gc-end id="2258" type="global" contextid="2252" durationms="14.965" usertimems="70.382" systemtimems="0.000" timestamp="2019-08-04T20:02:35.412" activeThreads="16">
  <mem-info id="2259" free="39895320" total="57999360" percent="68">
    <mem type="tenure" free="39895320" total="57999360" percent="68" micro-fragmented="15380" macro-fragmented="0">
      <mem type="soa" free="39398776" total="57419776" percent="68" />
      <mem type="loa" free="496544" total="579584" percent="85" />
    </mem>
    <pending-finalizers system="0" default="0" reference="920" classloader="0" />
  </mem-info>
</gc-end>
<cycle-end id="2260" type="global" contextid="2252" timestamp="2019-08-04T20:02:35.412">
  <attribute name="GC Util" value="493" />
  <attribute name="CPU Util" value="1638780300639" />
  <attribute name="Time Running"value="103022"/>
  <attribute name="Number of cores"value="16"/>
</cycle-end>
<allocation-satisfied id="2261" threadId="0000000001BEEF00" bytesRequested="1168" />
<af-end id="2262" timestamp="2019-08-04T20:02:35.412" threadId="0000000001BEF888" success="true" />
<exclusive-end id="2263" timestamp="2019-08-04T20:02:35.412" durationms="15.156" />

<exclusive-start id="2264" timestamp="2019-08-04T20:02:35.422" intervalms="25.047">
  <response-info timems="0.023" idlems="0.023" threads="0" lastid="0000000001BEEF00" lastname="main" />
</exclusive-start>
<af-start id="2265" threadId="0000000001BEF888" totalBytesRequested="1168" timestamp="2019-08-04T20:02:35.422" intervalms="25.046" />
<cycle-start id="2266" type="global" contextid="0" timestamp="2019-08-04T20:02:35.422" intervalms="25.049" />
  <attribute name="GC Util" value="493" />
  <attribute name="CPU Util" value="1638780300639" />
  <attribute name="Time Running"value="103022"/>
  <attribute name="Number of cores"value="16"/>
<gc-start id="2267" type="global" contextid="2266" timestamp="2019-08-04T20:02:35.422">
  <mem-info id="2268" free="496544" total="57999360" percent="0">
    <mem type="tenure" free="496544" total="57999360" percent="0">
      <mem type="soa" free="0" total="57419776" percent="0" />
      <mem type="loa" free="496544" total="579584" percent="85" />
    </mem>
  </mem-info>
</gc-start>
<allocation-stats totalBytes="39149288" >
  <allocated-bytes non-tlh="4816" tlh="39144472" />
  <largest-consumer threadName="main" threadId="0000000001BEEF00" bytes="39097440" />
</allocation-stats>
<gc-op id="2269" type="mark" timems="10.137" contextid="2266" timestamp="2019-08-04T20:02:35.433">
  <trace-info objectcount="600433" scancount="521340" scanbytes="13380128" />
  <finalization candidates="80" enqueued="0" />
  <ownableSynchronizers candidates="21" cleared="0" />
  <references type="soft" candidates="3261" cleared="0" enqueued="0" dynamicThreshold="22" maxThreshold="32" />
  <references type="weak" candidates="5638" cleared="0" enqueued="0" />
  <references type="phantom" candidates="97" cleared="0" enqueued="0" />
  <stringconstants candidates="13628" cleared="50"  />
</gc-op>
<gc-op id="2270" type="sweep" timems="1.838" contextid="2266" timestamp="2019-08-04T20:02:35.434" />
<heap-resize id="2271" type="contract" space="tenure" amount="524288" count="1" timems="0.044" reason="excess free space following gc" timestamp="2019-08-04T20:02:35.435" />
<gc-end id="2272" type="global" contextid="2266" durationms="12.375" usertimems="66.515" systemtimems="0.000" timestamp="2019-08-04T20:02:35.435" activeThreads="16">
  <mem-info id="2273" free="39371808" total="57475072" percent="68">
    <mem type="tenure" free="39371808" total="57475072" percent="68" micro-fragmented="22031" macro-fragmented="0">
      <mem type="soa" free="38897744" total="56900608" percent="68" />
      <mem type="loa" free="474064" total="574464" percent="82" />
    </mem>
  </mem-info>
</gc-end>
<cycle-end id="2274" type="global" contextid="2266" timestamp="2019-08-04T20:02:35.435">
  <attribute name="GC Util" value="552" />
  <attribute name="CPU Util" value="1818776261790" />
  <attribute name="Time Running"value="103046"/>
  <attribute name="Number of cores"value="16"/>
</cycle-end>
<allocation-satisfied id="2275" threadId="0000000001BEEF00" bytesRequested="1168" />
<af-end id="2276" timestamp="2019-08-04T20:02:35.435" threadId="0000000001BEF888" success="true" />
<exclusive-end id="2277" timestamp="2019-08-04T20:02:35.435" durationms="12.581" />

<exclusive-start id="2278" timestamp="2019-08-04T20:02:35.447" intervalms="24.451">
  <response-info timems="0.086" idlems="0.086" threads="0" lastid="0000000001BEEF00" lastname="main" />
</exclusive-start>
<af-start id="2279" threadId="0000000001BEF888" totalBytesRequested="1168" timestamp="2019-08-04T20:02:35.447" intervalms="24.460" />
<cycle-start id="2280" type="global" contextid="0" timestamp="2019-08-04T20:02:35.447" intervalms="24.469" />
  <attribute name="GC Util" value="552" />
  <attribute name="CPU Util" value="1818776261790" />
  <attribute name="Time Running"value="103046"/>
  <attribute name="Number of cores"value="16"/>
<gc-start id="2281" type="global" contextid="2280" timestamp="2019-08-04T20:02:35.447">
  <mem-info id="2282" free="474064" total="57475072" percent="0">
    <mem type="tenure" free="474064" total="57475072" percent="0">
      <mem type="soa" free="0" total="56900608" percent="0" />
      <mem type="loa" free="474064" total="574464" percent="82" />
    </mem>
  </mem-info>
</gc-start>
<allocation-stats totalBytes="38639712" >
  <allocated-bytes non-tlh="9344" tlh="38630368" />
  <largest-consumer threadName="main" threadId="0000000001BEEF00" bytes="38639712" />
</allocation-stats>
<gc-op id="2283" type="mark" timems="11.438" contextid="2280" timestamp="2019-08-04T20:02:35.458">
  <trace-info objectcount="600433" scancount="521332" scanbytes="13380128" />
  <finalization candidates="80" enqueued="0" />
  <ownableSynchronizers candidates="21" cleared="0" />
  <references type="soft" candidates="3261" cleared="0" enqueued="0" dynamicThreshold="21" maxThreshold="32" />
  <references type="weak" candidates="5638" cleared="0" enqueued="0" />
  <references type="phantom" candidates="97" cleared="0" enqueued="0" />
  <stringconstants candidates="13578" cleared="0"  />
</gc-op>
<gc-op id="2284" type="sweep" timems="2.932" contextid="2280" timestamp="2019-08-04T20:02:35.461" />
<heap-resize id="2285" type="contract" space="tenure" amount="524288" count="1" timems="0.039" reason="excess free space following gc" timestamp="2019-08-04T20:02:35.461" />
<gc-end id="2286" type="global" contextid="2280" durationms="14.634" usertimems="60.466" systemtimems="0.000" timestamp="2019-08-04T20:02:35.462" activeThreads="16">
  <mem-info id="2287" free="38853720" total="56950784" percent="68">
    <mem type="tenure" free="38853720" total="56950784" percent="68" micro-fragmented="22031" macro-fragmented="36488675">
      <mem type="soa" free="38378576" total="56381440" percent="68" />
      <mem type="loa" free="475144" total="569344" percent="83" />
    </mem>
  </mem-info>
</gc-end>
<cycle-end id="2288" type="global" contextid="2280" timestamp="2019-08-04T20:02:35.462">
  <attribute name="GC Util" value="417" />
  <attribute name="CPU Util" value="1612736416556" />
  <attribute name="Time Running"value="103072"/>
  <attribute name="Number of cores"value="16"/>
</cycle-end>
<allocation-satisfied id="2289" threadId="0000000001BEEF00" bytesRequested="1168" />
<af-end id="2290" timestamp="2019-08-04T20:02:35.462" threadId="0000000001BEF888" success="true" />
<exclusive-end id="2291" timestamp="2019-08-04T20:02:35.462" durationms="14.911" />

<exclusive-start id="2292" timestamp="2019-08-04T20:02:35.575" intervalms="128.470">
  <response-info timems="0.119" idlems="0.119" threads="0" lastid="0000000001BEEF00" lastname="main" />
</exclusive-start>
<af-start id="2293" threadId="0000000001BEF888" totalBytesRequested="72" timestamp="2019-08-04T20:02:35.575" intervalms="128.463" />
<cycle-start id="2294" type="global" contextid="0" timestamp="2019-08-04T20:02:35.575" intervalms="128.454" />
  <attribute name="GC Util" value="417" />
  <attribute name="CPU Util" value="1612736416556" />
  <attribute name="Time Running"value="103072"/>
  <attribute name="Number of cores"value="16"/>
<gc-start id="2295" type="global" contextid="2294" timestamp="2019-08-04T20:02:35.575">
  <mem-info id="2296" free="475144" total="56950784" percent="0">
    <mem type="tenure" free="475144" total="56950784" percent="0">
      <mem type="soa" free="0" total="56381440" percent="0" />
      <mem type="loa" free="475144" total="569344" percent="83" />
    </mem>
  </mem-info>
</gc-start>
<allocation-stats totalBytes="38363096" >
  <allocated-bytes non-tlh="9344" tlh="38353752" />
  <largest-consumer threadName="main" threadId="0000000001BEEF00" bytes="38363096" />
</allocation-stats>
<gc-op id="2297" type="mark" timems="13.263" contextid="2294" timestamp="2019-08-04T20:02:35.589">
  <trace-info objectcount="600576" scancount="521480" scanbytes="13384884" />
  <finalization candidates="80" enqueued="0" />
  <ownableSynchronizers candidates="21" cleared="0" />
  <references type="soft" candidates="3261" cleared="0" enqueued="0" dynamicThreshold="21" maxThreshold="32" />
  <references type="weak" candidates="5638" cleared="0" enqueued="0" />
  <references type="phantom" candidates="97" cleared="0" enqueued="0" />
  <stringconstants candidates="13578" cleared="0"  />
</gc-op>
<gc-op id="2298" type="sweep" timems="2.362" contextid="2294" timestamp="2019-08-04T20:02:35.591" />
<heap-resize id="2299" type="contract" space="tenure" amount="524288" count="1" timems="0.079" reason="excess free space following gc" timestamp="2019-08-04T20:02:35.591" />
<gc-end id="2300" type="global" contextid="2294" durationms="15.985" usertimems="88.513" systemtimems="0.000" timestamp="2019-08-04T20:02:35.591" activeThreads="16">
  <mem-info id="2301" free="38368504" total="56426496" percent="67">
    <mem type="tenure" free="38368504" total="56426496" percent="67" micro-fragmented="22031" macro-fragmented="0">
      <mem type="soa" free="37858560" total="55862272" percent="67" />
      <mem type="loa" free="509944" total="564224" percent="90" />
    </mem>
  </mem-info>
</gc-end>
<cycle-end id="2302" type="global" contextid="2294" timestamp="2019-08-04T20:02:35.591">
  <attribute name="GC Util" value="453" />
  <attribute name="CPU Util" value="1387848487909" />
  <attribute name="Time Running"value="103202"/>
  <attribute name="Number of cores"value="16"/>
</cycle-end>
<allocation-satisfied id="2303" threadId="0000000001BEEF00" bytesRequested="72" />
<af-end id="2304" timestamp="2019-08-04T20:02:35.592" threadId="0000000001BEF888" success="true" />
<exclusive-end id="2305" timestamp="2019-08-04T20:02:35.592" durationms="16.306" />

<exclusive-start id="2306" timestamp="2019-08-04T20:02:35.784" intervalms="208.604">
  <response-info timems="0.042" idlems="0.042" threads="0" lastid="0000000001BEEF00" lastname="main" />
</exclusive-start>
<af-start id="2307" threadId="0000000001BEF888" totalBytesRequested="24" timestamp="2019-08-04T20:02:35.784" intervalms="208.598" />
<cycle-start id="2308" type="global" contextid="0" timestamp="2019-08-04T20:02:35.784" intervalms="208.596" />
  <attribute name="GC Util" value="453" />
  <attribute name="CPU Util" value="1387848487909" />
  <attribute name="Time Running"value="103202"/>
  <attribute name="Number of cores"value="16"/>
<gc-start id="2309" type="global" contextid="2308" timestamp="2019-08-04T20:02:35.784">
  <mem-info id="2310" free="509944" total="56426496" percent="0">
    <mem type="tenure" free="509944" total="56426496" percent="0">
      <mem type="soa" free="0" total="55862272" percent="0" />
      <mem type="loa" free="509944" total="564224" percent="90" />
    </mem>
  </mem-info>
</gc-start>
<allocation-stats totalBytes="37854408" >
  <allocated-bytes non-tlh="0" tlh="37854408" />
  <largest-consumer threadName="main" threadId="0000000001BEEF00" bytes="37854408" />
</allocation-stats>
<gc-op id="2311" type="mark" timems="9.706" contextid="2308" timestamp="2019-08-04T20:02:35.794">
  <trace-info objectcount="600641" scancount="521546" scanbytes="13386904" />
  <finalization candidates="80" enqueued="0" />
  <ownableSynchronizers candidates="21" cleared="0" />
  <references type="soft" candidates="3261" cleared="0" enqueued="0" dynamicThreshold="21" maxThreshold="32" />
  <references type="weak" candidates="5661" cleared="0" enqueued="0" />
  <references type="phantom" candidates="97" cleared="0" enqueued="0" />
  <stringconstants candidates="13578" cleared="0"  />
</gc-op>
<gc-op id="2312" type="sweep" timems="1.965" contextid="2308" timestamp="2019-08-04T20:02:35.796" />
<heap-resize id="2313" type="contract" space="tenure" amount="524288" count="1" timems="0.081" reason="excess free space following gc" timestamp="2019-08-04T20:02:35.796" />
<gc-end id="2314" type="global" contextid="2308" durationms="12.049" usertimems="80.345" systemtimems="0.000" timestamp="2019-08-04T20:02:35.796" activeThreads="16">
  <mem-info id="2315" free="37840320" total="55902208" percent="67">
    <mem type="tenure" free="37840320" total="55902208" percent="67" micro-fragmented="22031" macro-fragmented="0">
      <mem type="soa" free="37333776" total="55344128" percent="67" />
      <mem type="loa" free="506544" total="558080" percent="90" />
    </mem>
  </mem-info>
</gc-end>
<cycle-end id="2316" type="global" contextid="2308" timestamp="2019-08-04T20:02:35.796">
  <attribute name="GC Util" value="619" />
  <attribute name="CPU Util" value="1896117546620" />
  <attribute name="Time Running"value="103407"/>
  <attribute name="Number of cores"value="16"/>
</cycle-end>
<allocation-satisfied id="2317" threadId="0000000001BEEF00" bytesRequested="24" />
<af-end id="2318" timestamp="2019-08-04T20:02:35.796" threadId="0000000001BEF888" success="true" />
<exclusive-end id="2319" timestamp="2019-08-04T20:02:35.796" durationms="12.269" />

<exclusive-start id="2320" timestamp="2019-08-04T20:02:35.858" intervalms="74.635">
  <response-info timems="0.018" idlems="0.018" threads="0" lastid="0000000001BEEF00" lastname="main" />
</exclusive-start>
<af-start id="2321" threadId="0000000001BEF888" totalBytesRequested="32" timestamp="2019-08-04T20:02:35.859" intervalms="74.641" />
<cycle-start id="2322" type="global" contextid="0" timestamp="2019-08-04T20:02:35.859" intervalms="74.642" />
  <attribute name="GC Util" value="619" />
  <attribute name="CPU Util" value="1896117546620" />
  <attribute name="Time Running"value="103407"/>
  <attribute name="Number of cores"value="16"/>
<gc-start id="2323" type="global" contextid="2322" timestamp="2019-08-04T20:02:35.859">
  <mem-info id="2324" free="506544" total="55902208" percent="0">
    <mem type="tenure" free="506544" total="55902208" percent="0">
      <mem type="soa" free="0" total="55344128" percent="0" />
      <mem type="loa" free="506544" total="558080" percent="90" />
    </mem>
  </mem-info>
</gc-start>
<allocation-stats totalBytes="37329848" >
  <allocated-bytes non-tlh="0" tlh="37329848" />
  <largest-consumer threadName="main" threadId="0000000001BEEF00" bytes="37329848" />
</allocation-stats>
<gc-op id="2325" type="mark" timems="9.878" contextid="2322" timestamp="2019-08-04T20:02:35.868">
  <trace-info objectcount="600648" scancount="521553" scanbytes="13387096" />
  <finalization candidates="80" enqueued="0" />
  <ownableSynchronizers candidates="21" cleared="0" />
  <references type="soft" candidates="3261" cleared="0" enqueued="0" dynamicThreshold="21" maxThreshold="32" />
  <references type="weak" candidates="5661" cleared="0" enqueued="0" />
  <references type="phantom" candidates="97" cleared="0" enqueued="0" />
  <stringconstants candidates="13578" cleared="0"  />
</gc-op>
<gc-op id="2326" type="sweep" timems="1.582" contextid="2322" timestamp="2019-08-04T20:02:35.870" />
<heap-resize id="2327" type="contract" space="tenure" amount="524288" count="1" timems="0.032" reason="excess free space following gc" timestamp="2019-08-04T20:02:35.870" />
<gc-end id="2328" type="global" contextid="2322" durationms="11.787" usertimems="71.824" systemtimems="0.000" timestamp="2019-08-04T20:02:35.870" activeThreads="16">
  <mem-info id="2329" free="37323496" total="55377920" percent="67">
    <mem type="tenure" free="37323496" total="55377920" percent="67" micro-fragmented="30455" macro-fragmented="0">
      <mem type="soa" free="36804328" total="54824960" percent="67" />
      <mem type="loa" free="519168" total="552960" percent="93" />
    </mem>
  </mem-info>
</gc-end>
<cycle-end id="2330" type="global" contextid="2322" timestamp="2019-08-04T20:02:35.870">
  <attribute name="GC Util" value="656" />
  <attribute name="CPU Util" value="1863494160079" />
  <attribute name="Time Running"value="103482"/>
  <attribute name="Number of cores"value="16"/>
</cycle-end>
<allocation-satisfied id="2331" threadId="0000000001BEEF00" bytesRequested="32" />
<af-end id="2332" timestamp="2019-08-04T20:02:35.870" threadId="0000000001BEF888" success="true" />
<exclusive-end id="2333" timestamp="2019-08-04T20:02:35.870" durationms="11.992" />

<exclusive-start id="2334" timestamp="2019-08-04T20:02:35.911" intervalms="52.516">
  <response-info timems="0.024" idlems="0.024" threads="0" lastid="0000000001BEEF00" lastname="main" />
</exclusive-start>
<af-start id="2335" threadId="0000000001BEF888" totalBytesRequested="16" timestamp="2019-08-04T20:02:35.911" intervalms="52.515" />
<cycle-start id="2336" type="global" contextid="0" timestamp="2019-08-04T20:02:35.911" intervalms="52.515" />
  <attribute name="GC Util" value="656" />
  <attribute name="CPU Util" value="1863494160079" />
  <attribute name="Time Running"value="103482"/>
  <attribute name="Number of cores"value="16"/>
<gc-start id="2337" type="global" contextid="2336" timestamp="2019-08-04T20:02:35.911">
  <mem-info id="2338" free="519168" total="55377920" percent="0">
    <mem type="tenure" free="519168" total="55377920" percent="0">
      <mem type="soa" free="0" total="54824960" percent="0" />
      <mem type="loa" free="519168" total="552960" percent="93" />
    </mem>
  </mem-info>
</gc-start>
<allocation-stats totalBytes="36784992" >
  <allocated-bytes non-tlh="0" tlh="36784992" />
  <largest-consumer threadName="main" threadId="0000000001BEEF00" bytes="36784992" />
</allocation-stats>
<gc-op id="2339" type="mark" timems="9.073" contextid="2336" timestamp="2019-08-04T20:02:35.920">
  <trace-info objectcount="600481" scancount="521382" scanbytes="13381316" />
  <finalization candidates="80" enqueued="0" />
  <ownableSynchronizers candidates="21" cleared="0" />
  <references type="soft" candidates="3261" cleared="0" enqueued="0" dynamicThreshold="21" maxThreshold="32" />
  <references type="weak" candidates="5661" cleared="7" enqueued="3" />
  <references type="phantom" candidates="97" cleared="0" enqueued="0" />
  <stringconstants candidates="13578" cleared="0"  />
</gc-op>
<gc-op id="2340" type="sweep" timems="1.426" contextid="2336" timestamp="2019-08-04T20:02:35.922" />
<heap-resize id="2341" type="contract" space="tenure" amount="524288" count="1" timems="0.031" reason="excess free space following gc" timestamp="2019-08-04T20:02:35.922" />
<gc-end id="2342" type="global" contextid="2336" durationms="11.025" usertimems="61.531" systemtimems="0.000" timestamp="2019-08-04T20:02:35.922" activeThreads="16">
  <mem-info id="2343" free="36818368" total="54853632" percent="67">
    <mem type="tenure" free="36818368" total="54853632" percent="67" micro-fragmented="22031" macro-fragmented="0">
      <mem type="soa" free="36299200" total="54305792" percent="66" />
      <mem type="loa" free="519168" total="547840" percent="94" />
    </mem>
    <pending-finalizers system="0" default="0" reference="3" classloader="0" />
  </mem-info>
</gc-end>
<cycle-end id="2344" type="global" contextid="2336" timestamp="2019-08-04T20:02:35.922">
  <attribute name="GC Util" value="605" />
  <attribute name="CPU Util" value="1997651732168" />
  <attribute name="Time Running"value="103534"/>
  <attribute name="Number of cores"value="16"/>
</cycle-end>
<allocation-satisfied id="2345" threadId="0000000001BEEF00" bytesRequested="16" />
<af-end id="2346" timestamp="2019-08-04T20:02:35.922" threadId="0000000001BEF888" success="true" />
<exclusive-end id="2347" timestamp="2019-08-04T20:02:35.922" durationms="11.248" />

<exclusive-start id="2348" timestamp="2019-08-04T20:02:35.952" intervalms="40.632">
  <response-info timems="0.023" idlems="0.023" threads="0" lastid="0000000001BEEF00" lastname="main" />
</exclusive-start>
<af-start id="2349" threadId="0000000001BEF888" totalBytesRequested="256" timestamp="2019-08-04T20:02:35.952" intervalms="40.632" />
<cycle-start id="2350" type="global" contextid="0" timestamp="2019-08-04T20:02:35.952" intervalms="40.630" />
  <attribute name="GC Util" value="605" />
  <attribute name="CPU Util" value="1997651732168" />
  <attribute name="Time Running"value="103534"/>
  <attribute name="Number of cores"value="16"/>
<gc-start id="2351" type="global" contextid="2350" timestamp="2019-08-04T20:02:35.952">
  <mem-info id="2352" free="519168" total="54853632" percent="0">
    <mem type="tenure" free="519168" total="54853632" percent="0">
      <mem type="soa" free="0" total="54305792" percent="0" />
      <mem type="loa" free="519168" total="547840" percent="94" />
    </mem>
  </mem-info>
</gc-start>
<allocation-stats totalBytes="36277976" >
  <allocated-bytes non-tlh="0" tlh="36277976" />
  <largest-consumer threadName="main" threadId="0000000001BEEF00" bytes="36277184" />
</allocation-stats>
<gc-op id="2353" type="mark" timems="9.556" contextid="2350" timestamp="2019-08-04T20:02:35.961">
  <trace-info objectcount="600480" scancount="521383" scanbytes="13381820" />
  <finalization candidates="80" enqueued="0" />
  <ownableSynchronizers candidates="21" cleared="0" />
  <references type="soft" candidates="3261" cleared="0" enqueued="0" dynamicThreshold="21" maxThreshold="32" />
  <references type="weak" candidates="5654" cleared="0" enqueued="0" />
  <references type="phantom" candidates="97" cleared="0" enqueued="0" />
  <stringconstants candidates="13578" cleared="0"  />
</gc-op>
<gc-op id="2354" type="sweep" timems="2.724" contextid="2350" timestamp="2019-08-04T20:02:35.964" />
<heap-resize id="2355" type="contract" space="tenure" amount="524288" count="1" timems="0.044" reason="excess free space following gc" timestamp="2019-08-04T20:02:35.964" />
<gc-end id="2356" type="global" contextid="2350" durationms="12.742" usertimems="63.360" systemtimems="0.000" timestamp="2019-08-04T20:02:35.964" activeThreads="16">
  <mem-info id="2357" free="36298568" total="54329344" percent="66">
    <mem type="tenure" free="36298568" total="54329344" percent="66" micro-fragmented="22031" macro-fragmented="0">
      <mem type="soa" free="35779400" total="53786624" percent="66" />
      <mem type="loa" free="519168" total="542720" percent="95" />
    </mem>
  </mem-info>
</gc-end>
<cycle-end id="2358" type="global" contextid="2350" timestamp="2019-08-04T20:02:35.965">
  <attribute name="GC Util" value="590" />
  <attribute name="CPU Util" value="1926075912287" />
  <attribute name="Time Running"value="103575"/>
  <attribute name="Number of cores"value="16"/>
</cycle-end>
<allocation-satisfied id="2359" threadId="0000000001BEEF00" bytesRequested="256" />
<af-end id="2360" timestamp="2019-08-04T20:02:35.965" threadId="0000000001BEF888" success="true" />
<exclusive-end id="2361" timestamp="2019-08-04T20:02:35.965" durationms="12.945" />

<exclusive-start id="2362" timestamp="2019-08-04T20:02:35.993" intervalms="41.272">
  <response-info timems="0.048" idlems="0.048" threads="0" lastid="0000000001BEEF00" lastname="main" />
</exclusive-start>
<af-start id="2363" threadId="0000000001BEF888" totalBytesRequested="288" timestamp="2019-08-04T20:02:35.993" intervalms="41.274" />
<cycle-start id="2364" type="global" contextid="0" timestamp="2019-08-04T20:02:35.993" intervalms="41.277" />
  <attribute name="GC Util" value="590" />
  <attribute name="CPU Util" value="1926075912287" />
  <attribute name="Time Running"value="103575"/>
  <attribute name="Number of cores"value="16"/>
<gc-start id="2365" type="global" contextid="2364" timestamp="2019-08-04T20:02:35.993">
  <mem-info id="2366" free="519168" total="54329344" percent="0">
    <mem type="tenure" free="519168" total="54329344" percent="0">
      <mem type="soa" free="0" total="53786624" percent="0" />
      <mem type="loa" free="519168" total="542720" percent="95" />
    </mem>
  </mem-info>
</gc-start>
<allocation-stats totalBytes="35759400" >
  <allocated-bytes non-tlh="0" tlh="35759400" />
  <largest-consumer threadName="main" threadId="0000000001BEEF00" bytes="35759400" />
</allocation-stats>
<gc-op id="2367" type="mark" timems="9.977" contextid="2364" timestamp="2019-08-04T20:02:36.003">
  <trace-info objectcount="600480" scancount="521384" scanbytes="13381820" />
  <finalization candidates="80" enqueued="0" />
  <ownableSynchronizers candidates="21" cleared="0" />
  <references type="soft" candidates="3261" cleared="0" enqueued="0" dynamicThreshold="21" maxThreshold="32" />
  <references type="weak" candidates="5654" cleared="0" enqueued="0" />
  <references type="phantom" candidates="97" cleared="0" enqueued="0" />
  <stringconstants candidates="13578" cleared="0"  />
</gc-op>
<gc-op id="2368" type="sweep" timems="1.477" contextid="2364" timestamp="2019-08-04T20:02:36.005" />
<heap-resize id="2369" type="contract" space="tenure" amount="524288" count="1" timems="0.031" reason="excess free space following gc" timestamp="2019-08-04T20:02:36.005" />
<gc-end id="2370" type="global" contextid="2364" durationms="11.713" usertimems="84.052" systemtimems="0.000" timestamp="2019-08-04T20:02:36.005" activeThreads="16">
  <mem-info id="2371" free="35779360" total="53805056" percent="66">
    <mem type="tenure" free="35779360" total="53805056" percent="66" micro-fragmented="22031" macro-fragmented="0">
      <mem type="soa" free="35260192" total="53267456" percent="66" />
      <mem type="loa" free="519168" total="537600" percent="96" />
    </mem>
  </mem-info>
</gc-end>
<cycle-end id="2372" type="global" contextid="2364" timestamp="2019-08-04T20:02:36.005">
  <attribute name="GC Util" value="670" />
  <attribute name="CPU Util" value="1867521050358" />
  <attribute name="Time Running"value="103616"/>
  <attribute name="Number of cores"value="16"/>
</cycle-end>
<allocation-satisfied id="2373" threadId="0000000001BEEF00" bytesRequested="288" />
<af-end id="2374" timestamp="2019-08-04T20:02:36.005" threadId="0000000001BEF888" success="true" />
<exclusive-end id="2375" timestamp="2019-08-04T20:02:36.005" durationms="11.926" />

<exclusive-start id="2376" timestamp="2019-08-04T20:02:36.034" intervalms="41.326">
  <response-info timems="0.042" idlems="0.042" threads="0" lastid="0000000001BEEF00" lastname="main" />
</exclusive-start>
<af-start id="2377" threadId="0000000001BEF888" totalBytesRequested="304" timestamp="2019-08-04T20:02:36.034" intervalms="41.321" />
<cycle-start id="2378" type="global" contextid="0" timestamp="2019-08-04T20:02:36.034" intervalms="41.345" />
  <attribute name="GC Util" value="670" />
  <attribute name="CPU Util" value="1867521050358" />
  <attribute name="Time Running"value="103616"/>
  <attribute name="Number of cores"value="16"/>
<gc-start id="2379" type="global" contextid="2378" timestamp="2019-08-04T20:02:36.034">
  <mem-info id="2380" free="519168" total="53805056" percent="0">
    <mem type="tenure" free="519168" total="53805056" percent="0">
      <mem type="soa" free="0" total="53267456" percent="0" />
      <mem type="loa" free="519168" total="537600" percent="96" />
    </mem>
  </mem-info>
</gc-start>
<allocation-stats totalBytes="35240696" >
  <allocated-bytes non-tlh="0" tlh="35240696" />
  <largest-consumer threadName="main" threadId="0000000001BEEF00" bytes="35240696" />
</allocation-stats>
<gc-op id="2381" type="mark" timems="11.284" contextid="2378" timestamp="2019-08-04T20:02:36.046">
  <trace-info objectcount="600480" scancount="521383" scanbytes="13381820" />
  <finalization candidates="80" enqueued="0" />
  <ownableSynchronizers candidates="21" cleared="0" />
  <references type="soft" candidates="3261" cleared="0" enqueued="0" dynamicThreshold="21" maxThreshold="32" />
  <references type="weak" candidates="5654" cleared="0" enqueued="0" />
  <references type="phantom" candidates="97" cleared="0" enqueued="0" />
  <stringconstants candidates="13578" cleared="0"  />
</gc-op>
<gc-op id="2382" type="sweep" timems="2.009" contextid="2378" timestamp="2019-08-04T20:02:36.049" />
<heap-resize id="2383" type="contract" space="tenure" amount="524288" count="1" timems="0.037" reason="excess free space following gc" timestamp="2019-08-04T20:02:36.049" />
<gc-end id="2384" type="global" contextid="2378" durationms="14.842" usertimems="85.782" systemtimems="0.000" timestamp="2019-08-04T20:02:36.049" activeThreads="16">
  <mem-info id="2385" free="35260184" total="53280768" percent="66">
    <mem type="tenure" free="35260184" total="53280768" percent="66" micro-fragmented="22031" macro-fragmented="0">
      <mem type="soa" free="34741016" total="52748288" percent="65" />
      <mem type="loa" free="519168" total="532480" percent="97" />
    </mem>
  </mem-info>
</gc-end>
<cycle-end id="2386" type="global" contextid="2378" timestamp="2019-08-04T20:02:36.049">
  <attribute name="GC Util" value="529" />
  <attribute name="CPU Util" value="1467811542015" />
  <attribute name="Time Running"value="103660"/>
  <attribute name="Number of cores"value="16"/>
</cycle-end>
<allocation-satisfied id="2387" threadId="0000000001BEEF00" bytesRequested="304" />
<af-end id="2388" timestamp="2019-08-04T20:02:36.049" threadId="0000000001BEF888" success="true" />
<exclusive-end id="2389" timestamp="2019-08-04T20:02:36.049" durationms="15.105" />

<exclusive-start id="2390" timestamp="2019-08-04T20:02:36.078" intervalms="43.796">
  <response-info timems="0.079" idlems="0.079" threads="0" lastid="0000000001BEEF00" lastname="main" />
</exclusive-start>
<af-start id="2391" threadId="0000000001BEF888" totalBytesRequested="280" timestamp="2019-08-04T20:02:36.078" intervalms="43.893" />
<cycle-start id="2392" type="global" contextid="0" timestamp="2019-08-04T20:02:36.078" intervalms="43.903" />
  <attribute name="GC Util" value="529" />
  <attribute name="CPU Util" value="1467811542015" />
  <attribute name="Time Running"value="103660"/>
  <attribute name="Number of cores"value="16"/>
<gc-start id="2393" type="global" contextid="2392" timestamp="2019-08-04T20:02:36.078">
  <mem-info id="2394" free="519168" total="53280768" percent="0">
    <mem type="tenure" free="519168" total="53280768" percent="0">
      <mem type="soa" free="0" total="52748288" percent="0" />
      <mem type="loa" free="519168" total="532480" percent="97" />
    </mem>
  </mem-info>
</gc-start>
<allocation-stats totalBytes="34721168" >
  <allocated-bytes non-tlh="0" tlh="34721168" />
  <largest-consumer threadName="main" threadId="0000000001BEEF00" bytes="34721168" />
</allocation-stats>
<gc-op id="2395" type="mark" timems="23.671" contextid="2392" timestamp="2019-08-04T20:02:36.102">
  <trace-info objectcount="600480" scancount="521387" scanbytes="13381820" />
  <finalization candidates="80" enqueued="0" />
  <ownableSynchronizers candidates="21" cleared="0" />
  <references type="soft" candidates="3261" cleared="0" enqueued="0" dynamicThreshold="21" maxThreshold="32" />
  <references type="weak" candidates="5654" cleared="0" enqueued="0" />
  <references type="phantom" candidates="97" cleared="0" enqueued="0" />
  <stringconstants candidates="13578" cleared="0"  />
</gc-op>
<gc-op id="2396" type="sweep" timems="1.537" contextid="2392" timestamp="2019-08-04T20:02:36.104" />
<heap-resize id="2397" type="contract" space="tenure" amount="524288" count="1" timems="0.073" reason="excess free space following gc" timestamp="2019-08-04T20:02:36.104" />
<gc-end id="2398" type="global" contextid="2392" durationms="25.596" usertimems="212.000" systemtimems="0.000" timestamp="2019-08-04T20:02:36.104" activeThreads="16">
  <mem-info id="2399" free="34741040" total="52756480" percent="65">
    <mem type="tenure" free="34741040" total="52756480" percent="65" micro-fragmented="22031" macro-fragmented="0">
      <mem type="soa" free="34221872" total="52229120" percent="65" />
      <mem type="loa" free="519168" total="527360" percent="98" />
    </mem>
  </mem-info>
</gc-end>
<cycle-end id="2400" type="global" contextid="2392" timestamp="2019-08-04T20:02:36.104">
  <attribute name="GC Util" value="698" />
  <attribute name="CPU Util" value="778793075676" />
  <attribute name="Time Running"value="103715"/>
  <attribute name="Number of cores"value="16"/>
</cycle-end>
<allocation-satisfied id="2401" threadId="0000000001BEEF00" bytesRequested="280" />
<af-end id="2402" timestamp="2019-08-04T20:02:36.104" threadId="0000000001BEF888" success="true" />
<exclusive-end id="2403" timestamp="2019-08-04T20:02:36.104" durationms="25.988" />

<exclusive-start id="2404" timestamp="2019-08-04T20:02:36.132" intervalms="54.336">
  <response-info timems="0.045" idlems="0.045" threads="0" lastid="0000000001BEEF00" lastname="main" />
</exclusive-start>
<af-start id="2405" threadId="0000000001BEF888" totalBytesRequested="232" timestamp="2019-08-04T20:02:36.132" intervalms="54.245" />
<cycle-start id="2406" type="global" contextid="0" timestamp="2019-08-04T20:02:36.132" intervalms="54.216" />
  <attribute name="GC Util" value="698" />
  <attribute name="CPU Util" value="778793075676" />
  <attribute name="Time Running"value="103715"/>
  <attribute name="Number of cores"value="16"/>
<gc-start id="2407" type="global" contextid="2406" timestamp="2019-08-04T20:02:36.132">
  <mem-info id="2408" free="519168" total="52756480" percent="0">
    <mem type="tenure" free="519168" total="52756480" percent="0">
      <mem type="soa" free="0" total="52229120" percent="0" />
      <mem type="loa" free="519168" total="527360" percent="98" />
    </mem>
  </mem-info>
</gc-start>
<allocation-stats totalBytes="34202640" >
  <allocated-bytes non-tlh="0" tlh="34202640" />
  <largest-consumer threadName="main" threadId="0000000001BEEF00" bytes="34202640" />
</allocation-stats>
<gc-op id="2409" type="mark" timems="9.469" contextid="2406" timestamp="2019-08-04T20:02:36.142">
  <trace-info objectcount="600480" scancount="521386" scanbytes="13381820" />
  <finalization candidates="80" enqueued="0" />
  <ownableSynchronizers candidates="21" cleared="0" />
  <references type="soft" candidates="3261" cleared="0" enqueued="0" dynamicThreshold="21" maxThreshold="32" />
  <references type="weak" candidates="5654" cleared="0" enqueued="0" />
  <references type="phantom" candidates="97" cleared="0" enqueued="0" />
  <stringconstants candidates="13578" cleared="0"  />
</gc-op>
<gc-op id="2410" type="sweep" timems="2.200" contextid="2406" timestamp="2019-08-04T20:02:36.144" />
<heap-resize id="2411" type="contract" space="tenure" amount="524288" count="1" timems="0.037" reason="excess free space following gc" timestamp="2019-08-04T20:02:36.144" />
<gc-end id="2412" type="global" contextid="2406" durationms="11.968" usertimems="74.647" systemtimems="0.000" timestamp="2019-08-04T20:02:36.144" activeThreads="16">
  <mem-info id="2413" free="34221920" total="52232192" percent="65">
    <mem type="tenure" free="34221920" total="52232192" percent="65" micro-fragmented="22031" macro-fragmented="0">
      <mem type="soa" free="33702752" total="51709952" percent="65" />
      <mem type="loa" free="519168" total="522240" percent="99" />
    </mem>
  </mem-info>
</gc-end>
<cycle-end id="2414" type="global" contextid="2406" timestamp="2019-08-04T20:02:36.145">
  <attribute name="GC Util" value="592" />
  <attribute name="CPU Util" value="1943689186014" />
  <attribute name="Time Running"value="103755"/>
  <attribute name="Number of cores"value="16"/>
</cycle-end>
<allocation-satisfied id="2415" threadId="0000000001BEEF00" bytesRequested="232" />
<af-end id="2416" timestamp="2019-08-04T20:02:36.145" threadId="0000000001BEF888" success="true" />
<exclusive-end id="2417" timestamp="2019-08-04T20:02:36.145" durationms="12.204" />

<exclusive-start id="2418" timestamp="2019-08-04T20:02:36.181" intervalms="48.970">
  <response-info timems="0.104" idlems="0.104" threads="0" lastid="0000000001BEEF00" lastname="main" />
</exclusive-start>
<af-start id="2419" threadId="0000000001BEF888" totalBytesRequested="264" timestamp="2019-08-04T20:02:36.181" intervalms="48.967" />
<cycle-start id="2420" type="global" contextid="0" timestamp="2019-08-04T20:02:36.181" intervalms="48.960" />
  <attribute name="GC Util" value="592" />
  <attribute name="CPU Util" value="1943689186014" />
  <attribute name="Time Running"value="103755"/>
  <attribute name="Number of cores"value="16"/>
<gc-start id="2421" type="global" contextid="2420" timestamp="2019-08-04T20:02:36.181">
  <mem-info id="2422" free="519168" total="52232192" percent="0">
    <mem type="tenure" free="519168" total="52232192" percent="0">
      <mem type="soa" free="0" total="51709952" percent="0" />
      <mem type="loa" free="519168" total="522240" percent="99" />
    </mem>
  </mem-info>
</gc-start>
<allocation-stats totalBytes="33681472" >
  <allocated-bytes non-tlh="0" tlh="33681472" />
  <largest-consumer threadName="main" threadId="0000000001BEEF00" bytes="33681472" />
</allocation-stats>
<gc-op id="2423" type="mark" timems="10.877" contextid="2420" timestamp="2019-08-04T20:02:36.192">
  <trace-info objectcount="600487" scancount="521395" scanbytes="13381988" />
  <finalization candidates="80" enqueued="0" />
  <ownableSynchronizers candidates="21" cleared="0" />
  <references type="soft" candidates="3261" cleared="0" enqueued="0" dynamicThreshold="20" maxThreshold="32" />
  <references type="weak" candidates="5654" cleared="0" enqueued="0" />
  <references type="phantom" candidates="97" cleared="0" enqueued="0" />
  <stringconstants candidates="13578" cleared="0"  />
</gc-op>
<gc-op id="2424" type="sweep" timems="1.781" contextid="2420" timestamp="2019-08-04T20:02:36.194" />
<heap-resize id="2425" type="contract" space="tenure" amount="458752" count="1" timems="0.080" reason="excess free space following gc" timestamp="2019-08-04T20:02:36.194" />
<gc-end id="2426" type="global" contextid="2420" durationms="12.980" usertimems="91.231" systemtimems="0.000" timestamp="2019-08-04T20:02:36.194" activeThreads="16">
  <mem-info id="2427" free="33702480" total="51773440" percent="65">
    <mem type="tenure" free="33702480" total="51773440" percent="65" micro-fragmented="22031" macro-fragmented="0">
      <mem type="soa" free="33248848" total="51256320" percent="64" />
      <mem type="loa" free="453632" total="517120" percent="87" />
    </mem>
  </mem-info>
</gc-end>
<cycle-end id="2428" type="global" contextid="2420" timestamp="2019-08-04T20:02:36.194">
  <attribute name="GC Util" value="605" />
  <attribute name="CPU Util" value="1692972194690" />
  <attribute name="Time Running"value="103806"/>
  <attribute name="Number of cores"value="16"/>
</cycle-end>
<allocation-satisfied id="2429" threadId="0000000001BEEF00" bytesRequested="264" />
<af-end id="2430" timestamp="2019-08-04T20:02:36.194" threadId="0000000001BEF888" success="true" />
<exclusive-end id="2431" timestamp="2019-08-04T20:02:36.194" durationms="13.170" />

<exclusive-start id="2432" timestamp="2019-08-04T20:02:36.221" intervalms="40.188">
  <response-info timems="0.115" idlems="0.115" threads="0" lastid="0000000001BEEF00" lastname="main" />
</exclusive-start>
<af-start id="2433" threadId="0000000001BEF888" totalBytesRequested="208" timestamp="2019-08-04T20:02:36.222" intervalms="40.188" />
<cycle-start id="2434" type="global" contextid="0" timestamp="2019-08-04T20:02:36.222" intervalms="40.189" />
  <attribute name="GC Util" value="605" />
  <attribute name="CPU Util" value="1692972194690" />
  <attribute name="Time Running"value="103806"/>
  <attribute name="Number of cores"value="16"/>
<gc-start id="2435" type="global" contextid="2434" timestamp="2019-08-04T20:02:36.222">
  <mem-info id="2436" free="453632" total="51773440" percent="0">
    <mem type="tenure" free="453632" total="51773440" percent="0">
      <mem type="soa" free="0" total="51256320" percent="0" />
      <mem type="loa" free="453632" total="517120" percent="87" />
    </mem>
  </mem-info>
</gc-start>
<allocation-stats totalBytes="33217496" >
  <allocated-bytes non-tlh="0" tlh="33217496" />
  <largest-consumer threadName="main" threadId="0000000001BEEF00" bytes="33217496" />
</allocation-stats>
<gc-op id="2437" type="mark" timems="10.790" contextid="2434" timestamp="2019-08-04T20:02:36.232">
  <trace-info objectcount="600487" scancount="521393" scanbytes="13381988" />
  <finalization candidates="80" enqueued="0" />
  <ownableSynchronizers candidates="21" cleared="0" />
  <references type="soft" candidates="3261" cleared="0" enqueued="0" dynamicThreshold="20" maxThreshold="32" />
  <references type="weak" candidates="5654" cleared="0" enqueued="0" />
  <references type="phantom" candidates="97" cleared="0" enqueued="0" />
  <stringconstants candidates="13578" cleared="0"  />
</gc-op>
<gc-op id="2438" type="sweep" timems="1.582" contextid="2434" timestamp="2019-08-04T20:02:36.234" />
<heap-resize id="2439" type="contract" space="tenure" amount="458752" count="1" timems="0.074" reason="excess free space following gc" timestamp="2019-08-04T20:02:36.234" />
<gc-end id="2440" type="global" contextid="2434" durationms="12.665" usertimems="80.243" systemtimems="0.000" timestamp="2019-08-04T20:02:36.234" activeThreads="16">
  <mem-info id="2441" free="33186920" total="51314688" percent="64">
    <mem type="tenure" free="33186920" total="51314688" percent="64" micro-fragmented="22031" macro-fragmented="0">
      <mem type="soa" free="32795312" total="50801664" percent="64" />
      <mem type="loa" free="391608" total="513024" percent="76" />
    </mem>
  </mem-info>
</gc-end>
<cycle-end id="2442" type="global" contextid="2434" timestamp="2019-08-04T20:02:36.234">
  <attribute name="GC Util" value="538" />
  <attribute name="CPU Util" value="1707476878467" />
  <attribute name="Time Running"value="103846"/>
  <attribute name="Number of cores"value="16"/>
</cycle-end>
<allocation-satisfied id="2443" threadId="0000000001BEEF00" bytesRequested="208" />
<af-end id="2444" timestamp="2019-08-04T20:02:36.234" threadId="0000000001BEF888" success="true" />
<exclusive-end id="2445" timestamp="2019-08-04T20:02:36.234" durationms="12.858" />

<exclusive-start id="2446" timestamp="2019-08-04T20:02:36.261" intervalms="39.396">
  <response-info timems="0.045" idlems="0.045" threads="0" lastid="0000000001BEEF00" lastname="main" />
</exclusive-start>
<af-start id="2447" threadId="0000000001BEF888" totalBytesRequested="168" timestamp="2019-08-04T20:02:36.261" intervalms="39.398" />
<cycle-start id="2448" type="global" contextid="0" timestamp="2019-08-04T20:02:36.261" intervalms="39.397" />
  <attribute name="GC Util" value="538" />
  <attribute name="CPU Util" value="1707476878467" />
  <attribute name="Time Running"value="103846"/>
  <attribute name="Number of cores"value="16"/>
<gc-start id="2449" type="global" contextid="2448" timestamp="2019-08-04T20:02:36.261">
  <mem-info id="2450" free="391608" total="51314688" percent="0">
    <mem type="tenure" free="391608" total="51314688" percent="0">
      <mem type="soa" free="0" total="50801664" percent="0" />
      <mem type="loa" free="391608" total="513024" percent="76" />
    </mem>
  </mem-info>
</gc-start>
<allocation-stats totalBytes="32765056" >
  <allocated-bytes non-tlh="0" tlh="32765056" />
  <largest-consumer threadName="main" threadId="0000000001BEEF00" bytes="32765056" />
</allocation-stats>
<gc-op id="2451" type="mark" timems="18.078" contextid="2448" timestamp="2019-08-04T20:02:36.279">
  <trace-info objectcount="600487" scancount="521393" scanbytes="13381988" />
  <finalization candidates="80" enqueued="0" />
  <ownableSynchronizers candidates="21" cleared="0" />
  <references type="soft" candidates="3261" cleared="0" enqueued="0" dynamicThreshold="20" maxThreshold="32" />
  <references type="weak" candidates="5654" cleared="0" enqueued="0" />
  <references type="phantom" candidates="97" cleared="0" enqueued="0" />
  <stringconstants candidates="13578" cleared="0"  />
</gc-op>
<gc-op id="2452" type="sweep" timems="1.833" contextid="2448" timestamp="2019-08-04T20:02:36.281" />
<heap-resize id="2453" type="contract" space="tenure" amount="393216" count="1" timems="0.079" reason="excess free space following gc" timestamp="2019-08-04T20:02:36.281" />
<gc-end id="2454" type="global" contextid="2448" durationms="20.256" usertimems="95.565" systemtimems="0.000" timestamp="2019-08-04T20:02:36.281" activeThreads="16">
  <mem-info id="2455" free="32795344" total="50921472" percent="64">
    <mem type="tenure" free="32795344" total="50921472" percent="64" micro-fragmented="22031" macro-fragmented="0">
      <mem type="soa" free="32406224" total="50412544" percent="64" />
      <mem type="loa" free="389120" total="508928" percent="76" />
    </mem>
  </mem-info>
</gc-end>
<cycle-end id="2456" type="global" contextid="2448" timestamp="2019-08-04T20:02:36.281">
  <attribute name="GC Util" value="355" />
  <attribute name="CPU Util" value="1022625553067" />
  <attribute name="Time Running"value="103892"/>
  <attribute name="Number of cores"value="16"/>
</cycle-end>
<allocation-satisfied id="2457" threadId="0000000001BEEF00" bytesRequested="168" />
<af-end id="2458" timestamp="2019-08-04T20:02:36.281" threadId="0000000001BEF888" success="true" />
<exclusive-end id="2459" timestamp="2019-08-04T20:02:36.281" durationms="20.518" />

<exclusive-start id="2460" timestamp="2019-08-04T20:02:36.371" intervalms="110.370">
  <response-info timems="0.020" idlems="0.020" threads="0" lastid="0000000001BEEF00" lastname="main" />
</exclusive-start>
<af-start id="2461" threadId="0000000001BEF888" totalBytesRequested="136" timestamp="2019-08-04T20:02:36.371" intervalms="110.366" />
<cycle-start id="2462" type="global" contextid="0" timestamp="2019-08-04T20:02:36.371" intervalms="110.365" />
  <attribute name="GC Util" value="355" />
  <attribute name="CPU Util" value="1022625553067" />
  <attribute name="Time Running"value="103892"/>
  <attribute name="Number of cores"value="16"/>
<gc-start id="2463" type="global" contextid="2462" timestamp="2019-08-04T20:02:36.371">
  <mem-info id="2464" free="389120" total="50921472" percent="0">
    <mem type="tenure" free="389120" total="50921472" percent="0">
      <mem type="soa" free="0" total="50412544" percent="0" />
      <mem type="loa" free="389120" total="508928" percent="76" />
    </mem>
  </mem-info>
</gc-start>
<allocation-stats totalBytes="32392088" >
  <allocated-bytes non-tlh="0" tlh="32392088" />
  <largest-consumer threadName="main" threadId="0000000001BEEF00" bytes="32392088" />
</allocation-stats>
<gc-op id="2465" type="mark" timems="10.841" contextid="2462" timestamp="2019-08-04T20:02:36.382">
  <trace-info objectcount="600514" scancount="521424" scanbytes="13383228" />
  <finalization candidates="80" enqueued="0" />
  <ownableSynchronizers candidates="21" cleared="0" />
  <references type="soft" candidates="3261" cleared="0" enqueued="0" dynamicThreshold="20" maxThreshold="32" />
  <references type="weak" candidates="5654" cleared="0" enqueued="0" />
  <references type="phantom" candidates="97" cleared="0" enqueued="0" />
  <stringconstants candidates="13578" cleared="0"  />
</gc-op>
<gc-op id="2466" type="sweep" timems="1.871" contextid="2462" timestamp="2019-08-04T20:02:36.384" />
<mem-info id="2467" free="32856232" total="50921472" percent="64">
  <mem type="tenure" free="32856232" total="50921472" percent="64" micro-fragmented="22031" macro-fragmented="0">
    <mem type="soa" free="32405120" total="50412544" percent="64" />
    <mem type="loa" free="451112" total="508928" percent="88" />
  </mem>
</mem-info>
<gc-op id="2468" type="compact" timems="134.429" contextid="2462" timestamp="2019-08-04T20:02:36.519">
  <compact-info movecount="559038" movebytes="16146984" reason="compact to aid heap contraction" />
</gc-op>
<heap-resize id="2469" type="contract" space="tenure" amount="458752" count="1" timems="0.039" reason="excess free space following gc" timestamp="2019-08-04T20:02:36.519" />
<gc-end id="2470" type="global" contextid="2462" durationms="147.444" usertimems="214.610" systemtimems="0.000" timestamp="2019-08-04T20:02:36.519" activeThreads="16">
  <mem-info id="2471" free="32372552" total="50462720" percent="64">
    <mem type="tenure" free="32372552" total="50462720" percent="64">
      <mem type="soa" free="31918920" total="49958912" percent="63" />
      <mem type="loa" free="453632" total="503808" percent="90" />
    </mem>
  </mem-info>
</gc-end>
<cycle-end id="2472" type="global" contextid="2462" timestamp="2019-08-04T20:02:36.519">
  <attribute name="GC Util" value="206" />
  <attribute name="CPU Util" value="9360773875162" />
  <attribute name="Time Running"value="103997"/>
  <attribute name="Number of cores"value="16"/>
</cycle-end>
<allocation-satisfied id="2473" threadId="0000000001BEEF00" bytesRequested="136" />
<af-end id="2474" timestamp="2019-08-04T20:02:36.519" threadId="0000000001BEF888" success="true" />
<exclusive-end id="2475" timestamp="2019-08-04T20:02:36.519" durationms="147.649" />

<exclusive-start id="2476" timestamp="2019-08-04T20:02:36.598" intervalms="227.010">
  <response-info timems="0.041" idlems="0.041" threads="0" lastid="0000000001BEEF00" lastname="main" />
</exclusive-start>
<af-start id="2477" threadId="0000000001BEF888" totalBytesRequested="24" timestamp="2019-08-04T20:02:36.598" intervalms="227.009" />
<cycle-start id="2478" type="global" contextid="0" timestamp="2019-08-04T20:02:36.598" intervalms="227.009" />
  <attribute name="GC Util" value="206" />
  <attribute name="CPU Util" value="9360773875162" />
  <attribute name="Time Running"value="103997"/>
  <attribute name="Number of cores"value="16"/>
<gc-start id="2479" type="global" contextid="2478" timestamp="2019-08-04T20:02:36.598">
  <mem-info id="2480" free="453632" total="50462720" percent="0">
    <mem type="tenure" free="453632" total="50462720" percent="0">
      <mem type="soa" free="0" total="49958912" percent="0" />
      <mem type="loa" free="453632" total="503808" percent="90" />
    </mem>
  </mem-info>
</gc-start>
<allocation-stats totalBytes="31977656" >
  <allocated-bytes non-tlh="0" tlh="31977656" />
  <largest-consumer threadName="main" threadId="0000000001BEEF00" bytes="31977656" />
</allocation-stats>
<gc-op id="2481" type="mark" timems="9.693" contextid="2478" timestamp="2019-08-04T20:02:36.608">
  <trace-info objectcount="600500" scancount="521406" scanbytes="13382516" />
  <finalization candidates="80" enqueued="0" />
  <ownableSynchronizers candidates="21" cleared="0" />
  <references type="soft" candidates="3261" cleared="0" enqueued="0" dynamicThreshold="20" maxThreshold="32" />
  <references type="weak" candidates="5654" cleared="0" enqueued="0" />
  <references type="phantom" candidates="97" cleared="0" enqueued="0" />
  <stringconstants candidates="13578" cleared="0"  />
</gc-op>
<gc-op id="2482" type="sweep" timems="2.257" contextid="2478" timestamp="2019-08-04T20:02:36.610" />
<heap-resize id="2483" type="contract" space="tenure" amount="458752" count="1" timems="0.032" reason="excess free space following gc" timestamp="2019-08-04T20:02:36.611" />
<gc-end id="2484" type="global" contextid="2478" durationms="12.285" usertimems="68.496" systemtimems="0.000" timestamp="2019-08-04T20:02:36.611" activeThreads="16">
  <mem-info id="2485" free="31975624" total="50003968" percent="63">
    <mem type="tenure" free="31975624" total="50003968" percent="63" micro-fragmented="0" macro-fragmented="0">
      <mem type="soa" free="31529800" total="49504256" percent="63" />
      <mem type="loa" free="445824" total="499712" percent="89" />
    </mem>
  </mem-info>
</gc-end>
<cycle-end id="2486" type="global" contextid="2478" timestamp="2019-08-04T20:02:36.611">
  <attribute name="GC Util" value="517" />
  <attribute name="CPU Util" value="1888666104860" />
  <attribute name="Time Running"value="104221"/>
  <attribute name="Number of cores"value="16"/>
</cycle-end>
<allocation-satisfied id="2487" threadId="0000000001BEEF00" bytesRequested="24" />
<af-end id="2488" timestamp="2019-08-04T20:02:36.611" threadId="0000000001BEF888" success="true" />
<exclusive-end id="2489" timestamp="2019-08-04T20:02:36.611" durationms="12.473" />

<exclusive-start id="2490" timestamp="2019-08-04T20:02:37.588" intervalms="990.137">
  <response-info timems="0.047" idlems="0.047" threads="0" lastid="0000000001BEEF00" lastname="main" />
</exclusive-start>
<af-start id="2491" threadId="0000000001BEF888" totalBytesRequested="32" timestamp="2019-08-04T20:02:37.588" intervalms="990.144" />
<cycle-start id="2492" type="global" contextid="0" timestamp="2019-08-04T20:02:37.588" intervalms="990.153" />
  <attribute name="GC Util" value="517" />
  <attribute name="CPU Util" value="1888666104860" />
  <attribute name="Time Running"value="104221"/>
  <attribute name="Number of cores"value="16"/>
<gc-start id="2493" type="global" contextid="2492" timestamp="2019-08-04T20:02:37.589">
  <mem-info id="2494" free="445824" total="50003968" percent="0">
    <mem type="tenure" free="445824" total="50003968" percent="0">
      <mem type="soa" free="0" total="49504256" percent="0" />
      <mem type="loa" free="445824" total="499712" percent="89" />
    </mem>
  </mem-info>
</gc-start>
<allocation-stats totalBytes="31524504" >
  <allocated-bytes non-tlh="0" tlh="31524504" />
  <largest-consumer threadName="main" threadId="0000000001BEEF00" bytes="31524504" />
</allocation-stats>
<gc-op id="2495" type="mark" timems="37.783" contextid="2492" timestamp="2019-08-04T20:02:37.626">
  <trace-info objectcount="600520" scancount="521419" scanbytes="13383092" />
  <finalization candidates="80" enqueued="0" />
  <ownableSynchronizers candidates="21" cleared="0" />
  <references type="soft" candidates="3261" cleared="0" enqueued="0" dynamicThreshold="20" maxThreshold="32" />
  <references type="weak" candidates="5654" cleared="0" enqueued="0" />
  <references type="phantom" candidates="97" cleared="0" enqueued="0" />
  <stringconstants candidates="13578" cleared="0"  />
</gc-op>
<gc-op id="2496" type="sweep" timems="1.449" contextid="2492" timestamp="2019-08-04T20:02:37.628" />
<heap-resize id="2497" type="contract" space="tenure" amount="458752" count="1" timems="0.074" reason="excess free space following gc" timestamp="2019-08-04T20:02:37.628" />
<gc-end id="2498" type="global" contextid="2492" durationms="39.568" usertimems="249.893" systemtimems="0.000" timestamp="2019-08-04T20:02:37.628" activeThreads="16">
  <mem-info id="2499" free="31527192" total="49545216" percent="63">
    <mem type="tenure" free="31527192" total="49545216" percent="63" micro-fragmented="0" macro-fragmented="23113062">
      <mem type="soa" free="31073560" total="49050624" percent="63" />
      <mem type="loa" free="453632" total="494592" percent="91" />
    </mem>
  </mem-info>
</gc-end>
<cycle-end id="2500" type="global" contextid="2492" timestamp="2019-08-04T20:02:37.628">
  <attribute name="GC Util" value="543" />
  <attribute name="CPU Util" value="486674697051" />
  <attribute name="Time Running"value="105240"/>
  <attribute name="Number of cores"value="16"/>
</cycle-end>
<allocation-satisfied id="2501" threadId="0000000001BEEF00" bytesRequested="32" />
<af-end id="2502" timestamp="2019-08-04T20:02:37.628" threadId="0000000001BEF888" success="true" />
<exclusive-end id="2503" timestamp="2019-08-04T20:02:37.628" durationms="39.932" />

<exclusive-start id="2504" timestamp="2019-08-04T20:02:38.103" intervalms="514.631">
  <response-info timems="0.046" idlems="0.046" threads="0" lastid="0000000001BEEF00" lastname="main" />
</exclusive-start>
<af-start id="2505" threadId="0000000001BEF888" totalBytesRequested="8632" timestamp="2019-08-04T20:02:38.103" intervalms="514.625" />
<cycle-start id="2506" type="global" contextid="0" timestamp="2019-08-04T20:02:38.103" intervalms="514.617" />
  <attribute name="GC Util" value="543" />
  <attribute name="CPU Util" value="486674697051" />
  <attribute name="Time Running"value="105240"/>
  <attribute name="Number of cores"value="16"/>
<gc-start id="2507" type="global" contextid="2506" timestamp="2019-08-04T20:02:38.103">
  <mem-info id="2508" free="453632" total="49545216" percent="0">
    <mem type="tenure" free="453632" total="49545216" percent="0">
      <mem type="soa" free="0" total="49050624" percent="0" />
      <mem type="loa" free="453632" total="494592" percent="91" />
    </mem>
  </mem-info>
</gc-start>
<allocation-stats totalBytes="29142856" >
  <allocated-bytes non-tlh="0" tlh="29142856" />
  <largest-consumer threadName="main" threadId="0000000001BEEF00" bytes="29142856" />
</allocation-stats>
<gc-op id="2509" type="mark" timems="10.638" contextid="2506" timestamp="2019-08-04T20:02:38.114">
  <trace-info objectcount="600550" scancount="521459" scanbytes="13401484" />
  <finalization candidates="80" enqueued="0" />
  <ownableSynchronizers candidates="21" cleared="0" />
  <references type="soft" candidates="3261" cleared="0" enqueued="0" dynamicThreshold="20" maxThreshold="32" />
  <references type="weak" candidates="5654" cleared="0" enqueued="0" />
  <references type="phantom" candidates="97" cleared="0" enqueued="0" />
  <stringconstants candidates="13578" cleared="0"  />
</gc-op>
<gc-op id="2510" type="sweep" timems="2.140" contextid="2506" timestamp="2019-08-04T20:02:38.116" />
<heap-resize id="2511" type="contract" space="tenure" amount="458752" count="1" timems="0.081" reason="excess free space following gc" timestamp="2019-08-04T20:02:38.116" />
<gc-end id="2512" type="global" contextid="2506" durationms="13.068" usertimems="76.944" systemtimems="0.000" timestamp="2019-08-04T20:02:38.116" activeThreads="16">
  <mem-info id="2513" free="31054408" total="49086464" percent="63">
    <mem type="tenure" free="31054408" total="49086464" percent="63" micro-fragmented="0" macro-fragmented="27735675">
      <mem type="soa" free="30599968" total="48595968" percent="62" />
      <mem type="loa" free="454440" total="490496" percent="92" />
    </mem>
  </mem-info>
</gc-end>
<cycle-end id="2514" type="global" contextid="2506" timestamp="2019-08-04T20:02:38.116">
  <attribute name="GC Util" value="537" />
  <attribute name="CPU Util" value="1732866995754" />
  <attribute name="Time Running"value="105727"/>
  <attribute name="Number of cores"value="16"/>
</cycle-end>
<allocation-satisfied id="2515" threadId="0000000001BEEF00" bytesRequested="8632" />
<af-end id="2516" timestamp="2019-08-04T20:02:38.116" threadId="0000000001BEF888" success="true" />
<exclusive-end id="2517" timestamp="2019-08-04T20:02:38.116" durationms="13.270" />

<exclusive-start id="2518" timestamp="2019-08-04T20:02:38.144" intervalms="40.631">
  <response-info timems="0.044" idlems="0.044" threads="0" lastid="0000000001BEEF00" lastname="main" />
</exclusive-start>
<af-start id="2519" threadId="0000000001BEF888" totalBytesRequested="14904" timestamp="2019-08-04T20:02:38.144" intervalms="40.642" />
<cycle-start id="2520" type="global" contextid="0" timestamp="2019-08-04T20:02:38.144" intervalms="40.650" />
  <attribute name="GC Util" value="537" />
  <attribute name="CPU Util" value="1732866995754" />
  <attribute name="Time Running"value="105727"/>
  <attribute name="Number of cores"value="16"/>
<gc-start id="2521" type="global" contextid="2520" timestamp="2019-08-04T20:02:38.144">
  <mem-info id="2522" free="454440" total="49086464" percent="0">
    <mem type="tenure" free="454440" total="49086464" percent="0">
      <mem type="soa" free="0" total="48595968" percent="0" />
      <mem type="loa" free="454440" total="490496" percent="92" />
    </mem>
  </mem-info>
</gc-start>
<allocation-stats totalBytes="28648048" >
  <allocated-bytes non-tlh="20600" tlh="28627448" />
  <largest-consumer threadName="main" threadId="0000000001BEEF00" bytes="28648048" />
</allocation-stats>
<gc-op id="2523" type="mark" timems="8.856" contextid="2520" timestamp="2019-08-04T20:02:38.153">
  <trace-info objectcount="600550" scancount="521453" scanbytes="13404112" />
  <finalization candidates="80" enqueued="0" />
  <ownableSynchronizers candidates="21" cleared="0" />
  <references type="soft" candidates="3261" cleared="0" enqueued="0" dynamicThreshold="20" maxThreshold="32" />
  <references type="weak" candidates="5654" cleared="0" enqueued="0" />
  <references type="phantom" candidates="97" cleared="0" enqueued="0" />
  <stringconstants candidates="13578" cleared="0"  />
</gc-op>
<gc-op id="2524" type="sweep" timems="2.193" contextid="2520" timestamp="2019-08-04T20:02:38.155" />
<mem-info id="2525" free="31088328" total="49086464" percent="63">
  <mem type="tenure" free="31088328" total="49086464" percent="63" micro-fragmented="0" macro-fragmented="27735675">
    <mem type="soa" free="30598048" total="48595968" percent="62" />
    <mem type="loa" free="490280" total="490496" percent="99" />
  </mem>
</mem-info>
<gc-op id="2526" type="compact" timems="23.241" contextid="2520" timestamp="2019-08-04T20:02:38.178">
  <compact-info movecount="160" movebytes="24904" reason="compact to aid heap contraction" />
</gc-op>
<heap-resize id="2527" type="contract" space="tenure" amount="458752" count="1" timems="0.036" reason="insufficient time being spent in gc" timestamp="2019-08-04T20:02:38.178" />
<gc-end id="2528" type="global" contextid="2520" durationms="34.558" usertimems="87.695" systemtimems="0.000" timestamp="2019-08-04T20:02:38.178" activeThreads="16">
  <mem-info id="2529" free="30535032" total="48627712" percent="62">
    <mem type="tenure" free="30535032" total="48627712" percent="62">
      <mem type="soa" free="30081400" total="48142336" percent="62" />
      <mem type="loa" free="453632" total="485376" percent="93" />
    </mem>
  </mem-info>
</gc-end>
<cycle-end id="2530" type="global" contextid="2520" timestamp="2019-08-04T20:02:38.178">
  <attribute name="GC Util" value="201" />
  <attribute name="CPU Util" value="8285971488576" />
  <attribute name="Time Running"value="105768"/>
  <attribute name="Number of cores"value="16"/>
</cycle-end>
<allocation-satisfied id="2531" threadId="0000000001BEEF00" bytesRequested="14904" />
<af-end id="2532" timestamp="2019-08-04T20:02:38.178" threadId="0000000001BEF888" success="true" />
<exclusive-end id="2533" timestamp="2019-08-04T20:02:38.178" durationms="34.791" />

<exclusive-start id="2534" timestamp="2019-08-04T20:02:38.866" intervalms="722.485">
  <response-info timems="0.043" idlems="0.043" threads="0" lastid="0000000001BEEF00" lastname="main" />
</exclusive-start>
<af-start id="2535" threadId="0000000001BEF888" totalBytesRequested="80" timestamp="2019-08-04T20:02:38.866" intervalms="722.487" />
<cycle-start id="2536" type="global" contextid="0" timestamp="2019-08-04T20:02:38.866" intervalms="722.478" />
  <attribute name="GC Util" value="201" />
  <attribute name="CPU Util" value="8285971488576" />
  <attribute name="Time Running"value="105768"/>
  <attribute name="Number of cores"value="16"/>
<gc-start id="2537" type="global" contextid="2536" timestamp="2019-08-04T20:02:38.866">
  <mem-info id="2538" free="453632" total="48627712" percent="0">
    <mem type="tenure" free="453632" total="48627712" percent="0">
      <mem type="soa" free="0" total="48142336" percent="0" />
      <mem type="loa" free="453632" total="485376" percent="93" />
    </mem>
  </mem-info>
</gc-start>
<allocation-stats totalBytes="30143088" >
  <allocated-bytes non-tlh="0" tlh="30143088" />
  <largest-consumer threadName="main" threadId="0000000001BEEF00" bytes="30143088" />
</allocation-stats>
<gc-op id="2539" type="mark" timems="8.626" contextid="2536" timestamp="2019-08-04T20:02:38.875">
  <trace-info objectcount="600568" scancount="521475" scanbytes="13383920" />
  <finalization candidates="80" enqueued="0" />
  <ownableSynchronizers candidates="21" cleared="0" />
  <references type="soft" candidates="3261" cleared="0" enqueued="0" dynamicThreshold="20" maxThreshold="32" />
  <references type="weak" candidates="5654" cleared="0" enqueued="0" />
  <references type="phantom" candidates="97" cleared="0" enqueued="0" />
  <stringconstants candidates="13578" cleared="0"  />
</gc-op>
<gc-op id="2540" type="sweep" timems="2.131" contextid="2536" timestamp="2019-08-04T20:02:38.877" />
<heap-resize id="2541" type="contract" space="tenure" amount="458752" count="1" timems="0.028" reason="excess free space following gc" timestamp="2019-08-04T20:02:38.877" />
<gc-end id="2542" type="global" contextid="2536" durationms="11.008" usertimems="60.651" systemtimems="0.000" timestamp="2019-08-04T20:02:38.877" activeThreads="16">
  <mem-info id="2543" free="30145808" total="48168960" percent="62">
    <mem type="tenure" free="30145808" total="48168960" percent="62" micro-fragmented="0" macro-fragmented="0">
      <mem type="soa" free="29691192" total="47687680" percent="62" />
      <mem type="loa" free="454616" total="481280" percent="94" />
    </mem>
  </mem-info>
</gc-end>
<cycle-end id="2544" type="global" contextid="2536" timestamp="2019-08-04T20:02:38.877">
  <attribute name="GC Util" value="579" />
  <attribute name="CPU Util" value="2132177352967" />
  <attribute name="Time Running"value="106488"/>
  <attribute name="Number of cores"value="16"/>
</cycle-end>
<allocation-satisfied id="2545" threadId="0000000001BEEF00" bytesRequested="80" />
<af-end id="2546" timestamp="2019-08-04T20:02:38.877" threadId="0000000001BEF888" success="true" />
<exclusive-end id="2547" timestamp="2019-08-04T20:02:38.877" durationms="11.349" />

<exclusive-start id="2548" timestamp="2019-08-04T20:02:39.008" intervalms="141.981">
  <response-info timems="0.056" idlems="0.056" threads="0" lastid="0000000001BEEF00" lastname="main" />
</exclusive-start>
<af-start id="2549" threadId="0000000001BEF888" totalBytesRequested="80" timestamp="2019-08-04T20:02:39.008" intervalms="141.984" />
<cycle-start id="2550" type="global" contextid="0" timestamp="2019-08-04T20:02:39.008" intervalms="141.988" />
  <attribute name="GC Util" value="579" />
  <attribute name="CPU Util" value="2132177352967" />
  <attribute name="Time Running"value="106488"/>
  <attribute name="Number of cores"value="16"/>
<gc-start id="2551" type="global" contextid="2550" timestamp="2019-08-04T20:02:39.008">
  <mem-info id="2552" free="454616" total="48168960" percent="0">
    <mem type="tenure" free="454616" total="48168960" percent="0">
      <mem type="soa" free="0" total="47687680" percent="0" />
      <mem type="loa" free="454616" total="481280" percent="94" />
    </mem>
  </mem-info>
</gc-start>
<allocation-stats totalBytes="29707976" >
  <allocated-bytes non-tlh="0" tlh="29707976" />
  <largest-consumer threadName="main" threadId="0000000001BEEF00" bytes="29707976" />
</allocation-stats>
<gc-op id="2553" type="mark" timems="9.299" contextid="2550" timestamp="2019-08-04T20:02:39.018">
  <trace-info objectcount="600569" scancount="521476" scanbytes="13383944" />
  <finalization candidates="80" enqueued="0" />
  <ownableSynchronizers candidates="21" cleared="0" />
  <references type="soft" candidates="3261" cleared="0" enqueued="0" dynamicThreshold="20" maxThreshold="32" />
  <references type="weak" candidates="5654" cleared="0" enqueued="0" />
  <references type="phantom" candidates="97" cleared="0" enqueued="0" />
  <stringconstants candidates="13578" cleared="0"  />
</gc-op>
<gc-op id="2554" type="sweep" timems="2.385" contextid="2550" timestamp="2019-08-04T20:02:39.020" />
<heap-resize id="2555" type="contract" space="tenure" amount="458752" count="1" timems="0.033" reason="excess free space following gc" timestamp="2019-08-04T20:02:39.020" />
<gc-end id="2556" type="global" contextid="2550" durationms="11.927" usertimems="68.188" systemtimems="0.000" timestamp="2019-08-04T20:02:39.020" activeThreads="16">
  <mem-info id="2557" free="29691072" total="47710208" percent="62">
    <mem type="tenure" free="29691072" total="47710208" percent="62" micro-fragmented="0" macro-fragmented="0">
      <mem type="soa" free="29237440" total="47234048" percent="61" />
      <mem type="loa" free="453632" total="476160" percent="95" />
    </mem>
  </mem-info>
</gc-end>
<cycle-end id="2558" type="global" contextid="2550" timestamp="2019-08-04T20:02:39.020">
  <attribute name="GC Util" value="593" />
  <attribute name="CPU Util" value="1981749159669" />
  <attribute name="Time Running"value="106631"/>
  <attribute name="Number of cores"value="16"/>
</cycle-end>
<allocation-satisfied id="2559" threadId="0000000001BEEF00" bytesRequested="80" />
<af-end id="2560" timestamp="2019-08-04T20:02:39.020" threadId="0000000001BEF888" success="true" />
<exclusive-end id="2561" timestamp="2019-08-04T20:02:39.020" durationms="12.137" />

<exclusive-start id="2562" timestamp="2019-08-04T20:02:39.133" intervalms="124.799">
  <response-info timems="0.183" idlems="0.183" threads="0" lastid="0000000001BEEF00" lastname="main" />
</exclusive-start>
<af-start id="2563" threadId="0000000001BEF888" totalBytesRequested="80" timestamp="2019-08-04T20:02:39.133" intervalms="124.787" />
<cycle-start id="2564" type="global" contextid="0" timestamp="2019-08-04T20:02:39.133" intervalms="124.786" />
  <attribute name="GC Util" value="593" />
  <attribute name="CPU Util" value="1981749159669" />
  <attribute name="Time Running"value="106631"/>
  <attribute name="Number of cores"value="16"/>
<gc-start id="2565" type="global" contextid="2564" timestamp="2019-08-04T20:02:39.133">
  <mem-info id="2566" free="453632" total="47710208" percent="0">
    <mem type="tenure" free="453632" total="47710208" percent="0">
      <mem type="soa" free="0" total="47234048" percent="0" />
      <mem type="loa" free="453632" total="476160" percent="95" />
    </mem>
  </mem-info>
</gc-start>
<allocation-stats totalBytes="29253432" >
  <allocated-bytes non-tlh="32" tlh="29253400" />
  <largest-consumer threadName="main" threadId="0000000001BEEF00" bytes="29253432" />
</allocation-stats>
<gc-op id="2567" type="mark" timems="18.528" contextid="2564" timestamp="2019-08-04T20:02:39.152">
  <trace-info objectcount="600603" scancount="521510" scanbytes="13384952" />
  <finalization candidates="80" enqueued="0" />
  <ownableSynchronizers candidates="21" cleared="0" />
  <references type="soft" candidates="3261" cleared="0" enqueued="0" dynamicThreshold="19" maxThreshold="32" />
  <references type="weak" candidates="5654" cleared="0" enqueued="0" />
  <references type="phantom" candidates="97" cleared="0" enqueued="0" />
  <stringconstants candidates="13579" cleared="0"  />
</gc-op>
<gc-op id="2568" type="sweep" timems="1.689" contextid="2564" timestamp="2019-08-04T20:02:39.153" />
<heap-resize id="2569" type="contract" space="tenure" amount="458752" count="1" timems="0.104" reason="excess free space following gc" timestamp="2019-08-04T20:02:39.154" />
<gc-end id="2570" type="global" contextid="2564" durationms="20.559" usertimems="159.731" systemtimems="0.000" timestamp="2019-08-04T20:02:39.154" activeThreads="16">
  <mem-info id="2571" free="29233792" total="47251456" percent="61">
    <mem type="tenure" free="29233792" total="47251456" percent="61" micro-fragmented="0" macro-fragmented="0">
      <mem type="soa" free="28779136" total="46779392" percent="61" />
      <mem type="loa" free="454656" total="472064" percent="96" />
    </mem>
  </mem-info>
</gc-end>
<cycle-end id="2572" type="global" contextid="2564" timestamp="2019-08-04T20:02:39.154">
  <attribute name="GC Util" value="578" />
  <attribute name="CPU Util" value="998740089828" />
  <attribute name="Time Running"value="106765"/>
  <attribute name="Number of cores"value="16"/>
</cycle-end>
<allocation-satisfied id="2573" threadId="0000000001BEEF00" bytesRequested="80" />
<af-end id="2574" timestamp="2019-08-04T20:02:39.154" threadId="0000000001BEF888" success="true" />
<exclusive-end id="2575" timestamp="2019-08-04T20:02:39.154" durationms="20.769" />

<exclusive-start id="2576" timestamp="2019-08-04T20:02:39.347" intervalms="213.619">
  <response-info timems="0.057" idlems="0.057" threads="0" lastid="0000000001BEEF00" lastname="main" />
</exclusive-start>
<af-start id="2577" threadId="0000000001BEF888" totalBytesRequested="80" timestamp="2019-08-04T20:02:39.347" intervalms="213.618" />
<cycle-start id="2578" type="global" contextid="0" timestamp="2019-08-04T20:02:39.347" intervalms="213.617" />
  <attribute name="GC Util" value="578" />
  <attribute name="CPU Util" value="998740089828" />
  <attribute name="Time Running"value="106765"/>
  <attribute name="Number of cores"value="16"/>
<gc-start id="2579" type="global" contextid="2578" timestamp="2019-08-04T20:02:39.347">
  <mem-info id="2580" free="454656" total="47251456" percent="0">
    <mem type="tenure" free="454656" total="47251456" percent="0">
      <mem type="soa" free="0" total="46779392" percent="0" />
      <mem type="loa" free="454656" total="472064" percent="96" />
    </mem>
  </mem-info>
</gc-start>
<allocation-stats totalBytes="28792176" >
  <allocated-bytes non-tlh="0" tlh="28792176" />
  <largest-consumer threadName="main" threadId="0000000001BEEF00" bytes="28792176" />
</allocation-stats>
<gc-op id="2581" type="mark" timems="9.156" contextid="2578" timestamp="2019-08-04T20:02:39.356">
  <trace-info objectcount="600596" scancount="521501" scanbytes="13384788" />
  <finalization candidates="80" enqueued="0" />
  <ownableSynchronizers candidates="21" cleared="0" />
  <references type="soft" candidates="3261" cleared="0" enqueued="0" dynamicThreshold="19" maxThreshold="32" />
  <references type="weak" candidates="5654" cleared="0" enqueued="0" />
  <references type="phantom" candidates="97" cleared="0" enqueued="0" />
  <stringconstants candidates="13579" cleared="0"  />
</gc-op>
<gc-op id="2582" type="sweep" timems="2.009" contextid="2578" timestamp="2019-08-04T20:02:39.358" />
<heap-resize id="2583" type="contract" space="tenure" amount="458752" count="1" timems="0.118" reason="excess free space following gc" timestamp="2019-08-04T20:02:39.358" />
<gc-end id="2584" type="global" contextid="2578" durationms="11.573" usertimems="79.751" systemtimems="0.000" timestamp="2019-08-04T20:02:39.358" activeThreads="16">
  <mem-info id="2585" free="28781192" total="46792704" percent="61">
    <mem type="tenure" free="28781192" total="46792704" percent="61" micro-fragmented="0" macro-fragmented="0">
      <mem type="soa" free="28327560" total="46325760" percent="61" />
      <mem type="loa" free="453632" total="466944" percent="97" />
    </mem>
  </mem-info>
</gc-end>
<cycle-end id="2586" type="global" contextid="2578" timestamp="2019-08-04T20:02:39.358">
  <attribute name="GC Util" value="661" />
  <attribute name="CPU Util" value="2010358435456" />
  <attribute name="Time Running"value="106969"/>
  <attribute name="Number of cores"value="16"/>
</cycle-end>
<allocation-satisfied id="2587" threadId="0000000001BEEF00" bytesRequested="80" />
<af-end id="2588" timestamp="2019-08-04T20:02:39.358" threadId="0000000001BEF888" success="true" />
<exclusive-end id="2589" timestamp="2019-08-04T20:02:39.358" durationms="11.801" />

<exclusive-start id="2590" timestamp="2019-08-04T20:02:39.565" intervalms="218.174">
  <response-info timems="0.065" idlems="0.065" threads="0" lastid="0000000001BEEF00" lastname="main" />
</exclusive-start>
<af-start id="2591" threadId="0000000001BEF888" totalBytesRequested="16" timestamp="2019-08-04T20:02:39.565" intervalms="218.218" />
<cycle-start id="2592" type="global" contextid="0" timestamp="2019-08-04T20:02:39.565" intervalms="218.227" />
  <attribute name="GC Util" value="661" />
  <attribute name="CPU Util" value="2010358435456" />
  <attribute name="Time Running"value="106969"/>
  <attribute name="Number of cores"value="16"/>
<gc-start id="2593" type="global" contextid="2592" timestamp="2019-08-04T20:02:39.565">
  <mem-info id="2594" free="453632" total="46792704" percent="0">
    <mem type="tenure" free="453632" total="46792704" percent="0">
      <mem type="soa" free="0" total="46325760" percent="0" />
      <mem type="loa" free="453632" total="466944" percent="97" />
    </mem>
  </mem-info>
</gc-start>
<allocation-stats totalBytes="28336832" >
  <allocated-bytes non-tlh="0" tlh="28336832" />
  <largest-consumer threadName="main" threadId="0000000001BEEF00" bytes="28336832" />
</allocation-stats>
<gc-op id="2595" type="mark" timems="9.653" contextid="2592" timestamp="2019-08-04T20:02:39.575">
  <trace-info objectcount="600589" scancount="521493" scanbytes="13384500" />
  <finalization candidates="80" enqueued="0" />
  <ownableSynchronizers candidates="21" cleared="0" />
  <references type="soft" candidates="3261" cleared="0" enqueued="0" dynamicThreshold="19" maxThreshold="32" />
  <references type="weak" candidates="5654" cleared="0" enqueued="0" />
  <references type="phantom" candidates="97" cleared="0" enqueued="0" />
  <stringconstants candidates="13579" cleared="0"  />
</gc-op>
<gc-op id="2596" type="sweep" timems="1.567" contextid="2592" timestamp="2019-08-04T20:02:39.576" />
<heap-resize id="2597" type="contract" space="tenure" amount="458752" count="1" timems="0.033" reason="excess free space following gc" timestamp="2019-08-04T20:02:39.576" />
<gc-end id="2598" type="global" contextid="2592" durationms="11.492" usertimems="75.933" systemtimems="0.000" timestamp="2019-08-04T20:02:39.576" activeThreads="16">
  <mem-info id="2599" free="28327864" total="46333952" percent="61">
    <mem type="tenure" free="28327864" total="46333952" percent="61" micro-fragmented="0" macro-fragmented="0">
      <mem type="soa" free="27873208" total="45871104" percent="60" />
      <mem type="loa" free="454656" total="462848" percent="98" />
    </mem>
  </mem-info>
</gc-end>
<cycle-end id="2600" type="global" contextid="2592" timestamp="2019-08-04T20:02:39.576">
  <attribute name="GC Util" value="647" />
  <attribute name="CPU Util" value="1915634819844" />
  <attribute name="Time Running"value="107188"/>
  <attribute name="Number of cores"value="16"/>
</cycle-end>
<allocation-satisfied id="2601" threadId="0000000001BEEF00" bytesRequested="16" />
<af-end id="2602" timestamp="2019-08-04T20:02:39.576" threadId="0000000001BEF888" success="true" />
<exclusive-end id="2603" timestamp="2019-08-04T20:02:39.576" durationms="11.750" />

<exclusive-start id="2604" timestamp="2019-08-04T20:02:39.730" intervalms="165.607">
  <response-info timems="0.038" idlems="0.038" threads="0" lastid="0000000001BEEF00" lastname="main" />
</exclusive-start>
<af-start id="2605" threadId="0000000001BEF888" totalBytesRequested="16" timestamp="2019-08-04T20:02:39.730" intervalms="165.558" />
<cycle-start id="2606" type="global" contextid="0" timestamp="2019-08-04T20:02:39.730" intervalms="165.582" />
  <attribute name="GC Util" value="647" />
  <attribute name="CPU Util" value="1915634819844" />
  <attribute name="Time Running"value="107188"/>
  <attribute name="Number of cores"value="16"/>
<gc-start id="2607" type="global" contextid="2606" timestamp="2019-08-04T20:02:39.731">
  <mem-info id="2608" free="454656" total="46333952" percent="0">
    <mem type="tenure" free="454656" total="46333952" percent="0">
      <mem type="soa" free="0" total="45871104" percent="0" />
      <mem type="loa" free="454656" total="462848" percent="98" />
    </mem>
  </mem-info>
</gc-start>
<allocation-stats totalBytes="27888656" >
  <allocated-bytes non-tlh="0" tlh="27888656" />
  <largest-consumer threadName="main" threadId="0000000001BEEF00" bytes="27888656" />
</allocation-stats>
<gc-op id="2609" type="mark" timems="11.013" contextid="2606" timestamp="2019-08-04T20:02:39.742">
  <trace-info objectcount="600602" scancount="521506" scanbytes="13384688" />
  <finalization candidates="80" enqueued="0" />
  <ownableSynchronizers candidates="21" cleared="0" />
  <references type="soft" candidates="3261" cleared="0" enqueued="0" dynamicThreshold="19" maxThreshold="32" />
  <references type="weak" candidates="5654" cleared="0" enqueued="0" />
  <references type="phantom" candidates="97" cleared="0" enqueued="0" />
  <stringconstants candidates="13579" cleared="0"  />
</gc-op>
<gc-op id="2610" type="sweep" timems="1.920" contextid="2606" timestamp="2019-08-04T20:02:39.743" />
<gc-end id="2611" type="global" contextid="2606" durationms="13.144" usertimems="86.848" systemtimems="0.000" timestamp="2019-08-04T20:02:39.744" activeThreads="16">
  <mem-info id="2612" free="28334744" total="46333952" percent="61">
    <mem type="tenure" free="28334744" total="46333952" percent="61" micro-fragmented="0" macro-fragmented="0">
      <mem type="soa" free="27871896" total="45871104" percent="60" />
      <mem type="loa" free="462848" total="462848" percent="100" />
    </mem>
  </mem-info>
</gc-end>
<cycle-end id="2613" type="global" contextid="2606" timestamp="2019-08-04T20:02:39.744">
  <attribute name="GC Util" value="622" />
  <attribute name="CPU Util" value="1671895025422" />
  <attribute name="Time Running"value="107355"/>
  <attribute name="Number of cores"value="16"/>
</cycle-end>
<allocation-satisfied id="2614" threadId="0000000001BEEF00" bytesRequested="16" />
<af-end id="2615" timestamp="2019-08-04T20:02:39.744" threadId="0000000001BEF888" success="true" />
<exclusive-end id="2616" timestamp="2019-08-04T20:02:39.744" durationms="13.366" />

<exclusive-start id="2617" timestamp="2019-08-04T20:02:39.796" intervalms="65.367">
  <response-info timems="0.013" idlems="0.013" threads="0" lastid="0000000001BEEF00" lastname="main" />
</exclusive-start>
<af-start id="2618" threadId="0000000001BEF888" totalBytesRequested="40" timestamp="2019-08-04T20:02:39.796" intervalms="65.368" />
<cycle-start id="2619" type="global" contextid="0" timestamp="2019-08-04T20:02:39.796" intervalms="65.333" />
  <attribute name="GC Util" value="622" />
  <attribute name="CPU Util" value="1671895025422" />
  <attribute name="Time Running"value="107355"/>
  <attribute name="Number of cores"value="16"/>
<gc-start id="2620" type="global" contextid="2619" timestamp="2019-08-04T20:02:39.796">
  <mem-info id="2621" free="462848" total="46333952" percent="0">
    <mem type="tenure" free="462848" total="46333952" percent="0">
      <mem type="soa" free="0" total="45871104" percent="0" />
      <mem type="loa" free="462848" total="462848" percent="100" />
    </mem>
  </mem-info>
</gc-start>
<allocation-stats totalBytes="27889840" >
  <allocated-bytes non-tlh="0" tlh="27889840" />
  <largest-consumer threadName="main" threadId="0000000001BEEF00" bytes="27889840" />
</allocation-stats>
<gc-op id="2622" type="mark" timems="8.792" contextid="2619" timestamp="2019-08-04T20:02:39.805">
  <trace-info objectcount="600610" scancount="521512" scanbytes="13384884" />
  <finalization candidates="80" enqueued="0" />
  <ownableSynchronizers candidates="21" cleared="0" />
  <references type="soft" candidates="3261" cleared="0" enqueued="0" dynamicThreshold="19" maxThreshold="32" />
  <references type="weak" candidates="5654" cleared="0" enqueued="0" />
  <references type="phantom" candidates="97" cleared="0" enqueued="0" />
  <stringconstants candidates="13579" cleared="0"  />
</gc-op>
<gc-op id="2623" type="sweep" timems="1.421" contextid="2619" timestamp="2019-08-04T20:02:39.806" />
<gc-end id="2624" type="global" contextid="2619" durationms="10.464" usertimems="54.681" systemtimems="0.000" timestamp="2019-08-04T20:02:39.806" activeThreads="16">
  <mem-info id="2625" free="28334624" total="46333952" percent="61">
    <mem type="tenure" free="28334624" total="46333952" percent="61" micro-fragmented="0" macro-fragmented="0">
      <mem type="soa" free="27871776" total="45871104" percent="60" />
      <mem type="loa" free="462848" total="462848" percent="100" />
    </mem>
  </mem-info>
</gc-end>
<cycle-end id="2626" type="global" contextid="2619" timestamp="2019-08-04T20:02:39.806">
  <attribute name="GC Util" value="575" />
  <attribute name="CPU Util" value="2091290624150" />
  <attribute name="Time Running"value="107418"/>
  <attribute name="Number of cores"value="16"/>
</cycle-end>
<allocation-satisfied id="2627" threadId="0000000001BEEF00" bytesRequested="40" />
<af-end id="2628" timestamp="2019-08-04T20:02:39.806" threadId="0000000001BEF888" success="true" />
<exclusive-end id="2629" timestamp="2019-08-04T20:02:39.806" durationms="10.697" />

<exclusive-start id="2630" timestamp="2019-08-04T20:02:39.862" intervalms="66.503">
  <response-info timems="0.026" idlems="0.026" threads="0" lastid="0000000001BEEF00" lastname="main" />
</exclusive-start>
<af-start id="2631" threadId="0000000001BEF888" totalBytesRequested="16" timestamp="2019-08-04T20:02:39.862" intervalms="66.507" />
<cycle-start id="2632" type="global" contextid="0" timestamp="2019-08-04T20:02:39.862" intervalms="66.507" />
  <attribute name="GC Util" value="575" />
  <attribute name="CPU Util" value="2091290624150" />
  <attribute name="Time Running"value="107418"/>
  <attribute name="Number of cores"value="16"/>
<gc-start id="2633" type="global" contextid="2632" timestamp="2019-08-04T20:02:39.862">
  <mem-info id="2634" free="462848" total="46333952" percent="0">
    <mem type="tenure" free="462848" total="46333952" percent="0">
      <mem type="soa" free="0" total="45871104" percent="0" />
      <mem type="loa" free="462848" total="462848" percent="100" />
    </mem>
  </mem-info>
</gc-start>
<allocation-stats totalBytes="27888288" >
  <allocated-bytes non-tlh="0" tlh="27888288" />
  <largest-consumer threadName="main" threadId="0000000001BEEF00" bytes="27888288" />
</allocation-stats>
<gc-op id="2635" type="mark" timems="9.799" contextid="2632" timestamp="2019-08-04T20:02:39.872">
  <trace-info objectcount="600616" scancount="521517" scanbytes="13385020" />
  <finalization candidates="80" enqueued="0" />
  <ownableSynchronizers candidates="21" cleared="0" />
  <references type="soft" candidates="3261" cleared="0" enqueued="0" dynamicThreshold="19" maxThreshold="32" />
  <references type="weak" candidates="5654" cleared="0" enqueued="0" />
  <references type="phantom" candidates="97" cleared="0" enqueued="0" />
  <stringconstants candidates="13579" cleared="0"  />
</gc-op>
<gc-op id="2636" type="sweep" timems="1.639" contextid="2632" timestamp="2019-08-04T20:02:39.874" />
<gc-end id="2637" type="global" contextid="2632" durationms="11.568" usertimems="63.642" systemtimems="0.000" timestamp="2019-08-04T20:02:39.874" activeThreads="16">
  <mem-info id="2638" free="28334192" total="46333952" percent="61">
    <mem type="tenure" free="28334192" total="46333952" percent="61" micro-fragmented="0" macro-fragmented="0">
      <mem type="soa" free="27871344" total="45871104" percent="60" />
      <mem type="loa" free="462848" total="462848" percent="100" />
    </mem>
  </mem-info>
</gc-end>
<cycle-end id="2639" type="global" contextid="2632" timestamp="2019-08-04T20:02:39.874">
  <attribute name="GC Util" value="596" />
  <attribute name="CPU Util" value="1878508915641" />
  <attribute name="Time Running"value="107485"/>
  <attribute name="Number of cores"value="16"/>
</cycle-end>
<allocation-satisfied id="2640" threadId="0000000001BEEF00" bytesRequested="16" />
<af-end id="2641" timestamp="2019-08-04T20:02:39.874" threadId="0000000001BEF888" success="true" />
<exclusive-end id="2642" timestamp="2019-08-04T20:02:39.874" durationms="11.764" />

<exclusive-start id="2643" timestamp="2019-08-04T20:02:39.915" intervalms="52.563">
  <response-info timems="0.013" idlems="0.013" threads="0" lastid="0000000001BEEF00" lastname="main" />
</exclusive-start>
<af-start id="2644" threadId="0000000001BEF888" totalBytesRequested="24" timestamp="2019-08-04T20:02:39.915" intervalms="52.544" />
<cycle-start id="2645" type="global" contextid="0" timestamp="2019-08-04T20:02:39.915" intervalms="52.541" />
  <attribute name="GC Util" value="596" />
  <attribute name="CPU Util" value="1878508915641" />
  <attribute name="Time Running"value="107485"/>
  <attribute name="Number of cores"value="16"/>
<gc-start id="2646" type="global" contextid="2645" timestamp="2019-08-04T20:02:39.915">
  <mem-info id="2647" free="462848" total="46333952" percent="0">
    <mem type="tenure" free="462848" total="46333952" percent="0">
      <mem type="soa" free="0" total="45871104" percent="0" />
      <mem type="loa" free="462848" total="462848" percent="100" />
    </mem>
  </mem-info>
</gc-start>
<allocation-stats totalBytes="27888520" >
  <allocated-bytes non-tlh="0" tlh="27888520" />
  <largest-consumer threadName="main" threadId="0000000001BEEF00" bytes="27888520" />
</allocation-stats>
<gc-op id="2648" type="mark" timems="8.594" contextid="2645" timestamp="2019-08-04T20:02:39.923">
  <trace-info objectcount="600615" scancount="521509" scanbytes="13384996" />
  <finalization candidates="80" enqueued="0" />
  <ownableSynchronizers candidates="21" cleared="0" />
  <references type="soft" candidates="3261" cleared="0" enqueued="0" dynamicThreshold="19" maxThreshold="32" />
  <references type="weak" candidates="5654" cleared="0" enqueued="0" />
  <references type="phantom" candidates="97" cleared="0" enqueued="0" />
  <stringconstants candidates="13579" cleared="0"  />
</gc-op>
<gc-op id="2649" type="sweep" timems="1.924" contextid="2645" timestamp="2019-08-04T20:02:39.925" />
<gc-end id="2650" type="global" contextid="2645" durationms="10.635" usertimems="57.560" systemtimems="0.000" timestamp="2019-08-04T20:02:39.926" activeThreads="16">
  <mem-info id="2651" free="28334216" total="46333952" percent="61">
    <mem type="tenure" free="28334216" total="46333952" percent="61" micro-fragmented="0" macro-fragmented="0">
      <mem type="soa" free="27871368" total="45871104" percent="60" />
      <mem type="loa" free="462848" total="462848" percent="100" />
    </mem>
  </mem-info>
</gc-end>
<cycle-end id="2652" type="global" contextid="2645" timestamp="2019-08-04T20:02:39.926">
  <attribute name="GC Util" value="549" />
  <attribute name="CPU Util" value="2141224264803" />
  <attribute name="Time Running"value="107537"/>
  <attribute name="Number of cores"value="16"/>
</cycle-end>
<allocation-satisfied id="2653" threadId="0000000001BEEF00" bytesRequested="24" />
<af-end id="2654" timestamp="2019-08-04T20:02:39.926" threadId="0000000001BEF888" success="true" />
<exclusive-end id="2655" timestamp="2019-08-04T20:02:39.926" durationms="10.811" />

<exclusive-start id="2656" timestamp="2019-08-04T20:02:40.078" intervalms="163.121">
  <response-info timems="0.023" idlems="0.023" threads="0" lastid="0000000001BEEF00" lastname="main" />
</exclusive-start>
<af-start id="2657" threadId="0000000001BEF888" totalBytesRequested="32" timestamp="2019-08-04T20:02:40.078" intervalms="163.138" />
<cycle-start id="2658" type="global" contextid="0" timestamp="2019-08-04T20:02:40.078" intervalms="163.142" />
  <attribute name="GC Util" value="549" />
  <attribute name="CPU Util" value="2141224264803" />
  <attribute name="Time Running"value="107537"/>
  <attribute name="Number of cores"value="16"/>
<gc-start id="2659" type="global" contextid="2658" timestamp="2019-08-04T20:02:40.078">
  <mem-info id="2660" free="462848" total="46333952" percent="0">
    <mem type="tenure" free="462848" total="46333952" percent="0">
      <mem type="soa" free="0" total="45871104" percent="0" />
      <mem type="loa" free="462848" total="462848" percent="100" />
    </mem>
  </mem-info>
</gc-start>
<allocation-stats totalBytes="27890352" >
  <allocated-bytes non-tlh="0" tlh="27890352" />
  <largest-consumer threadName="main" threadId="0000000001BEEF00" bytes="27890352" />
</allocation-stats>
<gc-op id="2661" type="mark" timems="14.599" contextid="2658" timestamp="2019-08-04T20:02:40.093">
  <trace-info objectcount="600615" scancount="521519" scanbytes="13384952" />
  <finalization candidates="80" enqueued="0" />
  <ownableSynchronizers candidates="21" cleared="0" />
  <references type="soft" candidates="3261" cleared="0" enqueued="0" dynamicThreshold="19" maxThreshold="32" />
  <references type="weak" candidates="5654" cleared="0" enqueued="0" />
  <references type="phantom" candidates="97" cleared="0" enqueued="0" />
  <stringconstants candidates="13579" cleared="0"  />
</gc-op>
<gc-op id="2662" type="sweep" timems="2.016" contextid="2658" timestamp="2019-08-04T20:02:40.095" />
<gc-end id="2663" type="global" contextid="2658" durationms="16.778" usertimems="111.210" systemtimems="0.000" timestamp="2019-08-04T20:02:40.095" activeThreads="16">
  <mem-info id="2664" free="28334432" total="46333952" percent="61">
    <mem type="tenure" free="28334432" total="46333952" percent="61" micro-fragmented="0" macro-fragmented="0">
      <mem type="soa" free="27871584" total="45871104" percent="60" />
      <mem type="loa" free="462848" total="462848" percent="100" />
    </mem>
  </mem-info>
</gc-end>
<cycle-end id="2665" type="global" contextid="2658" timestamp="2019-08-04T20:02:40.095">
  <attribute name="GC Util" value="660" />
  <attribute name="CPU Util" value="1263861831589" />
  <attribute name="Time Running"value="107706"/>
  <attribute name="Number of cores"value="16"/>
</cycle-end>
<allocation-satisfied id="2666" threadId="0000000001BEEF00" bytesRequested="32" />
<af-end id="2667" timestamp="2019-08-04T20:02:40.095" threadId="0000000001BEF888" success="true" />
<exclusive-end id="2668" timestamp="2019-08-04T20:02:40.095" durationms="16.979" />

<exclusive-start id="2669" timestamp="2019-08-04T20:02:40.591" intervalms="512.668">
  <response-info timems="0.113" idlems="0.113" threads="0" lastid="0000000001BEEF00" lastname="main" />
</exclusive-start>
<af-start id="2670" threadId="0000000001BEF888" totalBytesRequested="24" timestamp="2019-08-04T20:02:40.591" intervalms="512.668" />
<cycle-start id="2671" type="global" contextid="0" timestamp="2019-08-04T20:02:40.591" intervalms="512.669" />
  <attribute name="GC Util" value="660" />
  <attribute name="CPU Util" value="1263861831589" />
  <attribute name="Time Running"value="107706"/>
  <attribute name="Number of cores"value="16"/>
<gc-start id="2672" type="global" contextid="2671" timestamp="2019-08-04T20:02:40.591">
  <mem-info id="2673" free="462848" total="46333952" percent="0">
    <mem type="tenure" free="462848" total="46333952" percent="0">
      <mem type="soa" free="0" total="45871104" percent="0" />
      <mem type="loa" free="462848" total="462848" percent="100" />
    </mem>
  </mem-info>
</gc-start>
<allocation-stats totalBytes="27890432" >
  <allocated-bytes non-tlh="0" tlh="27890432" />
  <largest-consumer threadName="main" threadId="0000000001BEEF00" bytes="27890432" />
</allocation-stats>
<gc-op id="2674" type="mark" timems="12.123" contextid="2671" timestamp="2019-08-04T20:02:40.603">
  <trace-info objectcount="600627" scancount="521531" scanbytes="13385184" />
  <finalization candidates="80" enqueued="0" />
  <ownableSynchronizers candidates="21" cleared="0" />
  <references type="soft" candidates="3261" cleared="0" enqueued="0" dynamicThreshold="19" maxThreshold="32" />
  <references type="weak" candidates="5654" cleared="0" enqueued="0" />
  <references type="phantom" candidates="97" cleared="0" enqueued="0" />
  <stringconstants candidates="13579" cleared="0"  />
</gc-op>
<gc-op id="2675" type="sweep" timems="1.831" contextid="2671" timestamp="2019-08-04T20:02:40.605" />
<gc-end id="2676" type="global" contextid="2671" durationms="14.126" usertimems="56.197" systemtimems="0.000" timestamp="2019-08-04T20:02:40.605" activeThreads="16">
  <mem-info id="2677" free="28334360" total="46333952" percent="61">
    <mem type="tenure" free="28334360" total="46333952" percent="61" micro-fragmented="0" macro-fragmented="0">
      <mem type="soa" free="27871512" total="45871104" percent="60" />
      <mem type="loa" free="462848" total="462848" percent="100" />
    </mem>
  </mem-info>
</gc-end>
<cycle-end id="2678" type="global" contextid="2671" timestamp="2019-08-04T20:02:40.605">
  <attribute name="GC Util" value="370" />
  <attribute name="CPU Util" value="1516798976054" />
  <attribute name="Time Running"value="108216"/>
  <attribute name="Number of cores"value="16"/>
</cycle-end>
<allocation-satisfied id="2679" threadId="0000000001BEEF00" bytesRequested="24" />
<af-end id="2680" timestamp="2019-08-04T20:02:40.605" threadId="0000000001BEF888" success="true" />
<exclusive-end id="2681" timestamp="2019-08-04T20:02:40.605" durationms="14.342" />

<exclusive-start id="2682" timestamp="2019-08-04T20:02:41.905" intervalms="1314.284">
  <response-info timems="0.390" idlems="0.390" threads="0" lastid="0000000001BEEF00" lastname="main" />
</exclusive-start>
<af-start id="2683" threadId="0000000001BEF888" totalBytesRequested="24" timestamp="2019-08-04T20:02:41.905" intervalms="1314.284" />
<cycle-start id="2684" type="global" contextid="0" timestamp="2019-08-04T20:02:41.905" intervalms="1314.284" />
  <attribute name="GC Util" value="370" />
  <attribute name="CPU Util" value="1516798976054" />
  <attribute name="Time Running"value="108216"/>
  <attribute name="Number of cores"value="16"/>
<gc-start id="2685" type="global" contextid="2684" timestamp="2019-08-04T20:02:41.905">
  <mem-info id="2686" free="462848" total="46333952" percent="0">
    <mem type="tenure" free="462848" total="46333952" percent="0">
      <mem type="soa" free="0" total="45871104" percent="0" />
      <mem type="loa" free="462848" total="462848" percent="100" />
    </mem>
  </mem-info>
</gc-start>
<allocation-stats totalBytes="27890240" >
  <allocated-bytes non-tlh="0" tlh="27890240" />
  <largest-consumer threadName="main" threadId="0000000001BEEF00" bytes="27890240" />
</allocation-stats>
<gc-op id="2687" type="mark" timems="16.814" contextid="2684" timestamp="2019-08-04T20:02:41.922">
  <trace-info objectcount="600661" scancount="521562" scanbytes="13385912" />
  <finalization candidates="80" enqueued="0" />
  <ownableSynchronizers candidates="21" cleared="0" />
  <references type="soft" candidates="3261" cleared="0" enqueued="0" dynamicThreshold="19" maxThreshold="32" />
  <references type="weak" candidates="5656" cleared="0" enqueued="0" />
  <references type="phantom" candidates="97" cleared="0" enqueued="0" />
  <stringconstants candidates="13579" cleared="0"  />
</gc-op>
<gc-op id="2688" type="sweep" timems="1.565" contextid="2684" timestamp="2019-08-04T20:02:41.924" />
<heap-resize id="2689" type="contract" space="tenure" amount="458752" count="1" timems="0.034" reason="insufficient time being spent in gc" timestamp="2019-08-04T20:02:41.924" />
<gc-end id="2690" type="global" contextid="2684" durationms="18.705" usertimems="76.988" systemtimems="0.000" timestamp="2019-08-04T20:02:41.924" activeThreads="16">
  <mem-info id="2691" free="27870496" total="45875200" percent="60">
    <mem type="tenure" free="27870496" total="45875200" percent="60" micro-fragmented="0" macro-fragmented="0">
      <mem type="soa" free="27416056" total="45416448" percent="60" />
      <mem type="loa" free="454440" total="458752" percent="99" />
    </mem>
  </mem-info>
</gc-end>
<cycle-end id="2692" type="global" contextid="2684" timestamp="2019-08-04T20:02:41.924">
  <attribute name="GC Util" value="376" />
  <attribute name="CPU Util" value="1100901655916" />
  <attribute name="Time Running"value="109535"/>
  <attribute name="Number of cores"value="16"/>
</cycle-end>
<allocation-satisfied id="2693" threadId="0000000001BEEF00" bytesRequested="24" />
<af-end id="2694" timestamp="2019-08-04T20:02:41.924" threadId="0000000001BEF888" success="true" />
<exclusive-end id="2695" timestamp="2019-08-04T20:02:41.924" durationms="18.919" />

<exclusive-start id="2696" timestamp="2019-08-04T20:02:42.018" intervalms="113.114">
  <response-info timems="0.040" idlems="0.040" threads="0" lastid="0000000001BEEF00" lastname="main" />
</exclusive-start>
<af-start id="2697" threadId="0000000001BEF888" totalBytesRequested="24" timestamp="2019-08-04T20:02:42.018" intervalms="113.116" />
<cycle-start id="2698" type="global" contextid="0" timestamp="2019-08-04T20:02:42.018" intervalms="113.115" />
  <attribute name="GC Util" value="376" />
  <attribute name="CPU Util" value="1100901655916" />
  <attribute name="Time Running"value="109535"/>
  <attribute name="Number of cores"value="16"/>
<gc-start id="2699" type="global" contextid="2698" timestamp="2019-08-04T20:02:42.018">
  <mem-info id="2700" free="454440" total="45875200" percent="0">
    <mem type="tenure" free="454440" total="45875200" percent="0">
      <mem type="soa" free="0" total="45416448" percent="0" />
      <mem type="loa" free="454440" total="458752" percent="99" />
    </mem>
  </mem-info>
</gc-start>
<allocation-stats totalBytes="27434816" >
  <allocated-bytes non-tlh="0" tlh="27434816" />
  <largest-consumer threadName="main" threadId="0000000001BEEF00" bytes="27434816" />
</allocation-stats>
<gc-op id="2701" type="mark" timems="9.339" contextid="2698" timestamp="2019-08-04T20:02:42.027">
  <trace-info objectcount="600657" scancount="521559" scanbytes="13385856" />
  <finalization candidates="80" enqueued="0" />
  <ownableSynchronizers candidates="21" cleared="0" />
  <references type="soft" candidates="3261" cleared="0" enqueued="0" dynamicThreshold="19" maxThreshold="32" />
  <references type="weak" candidates="5656" cleared="0" enqueued="0" />
  <references type="phantom" candidates="97" cleared="0" enqueued="0" />
  <stringconstants candidates="13579" cleared="0"  />
</gc-op>
<gc-op id="2702" type="sweep" timems="1.769" contextid="2698" timestamp="2019-08-04T20:02:42.029" />
<heap-resize id="2703" type="contract" space="tenure" amount="262144" count="1" timems="0.083" reason="insufficient time being spent in gc" timestamp="2019-08-04T20:02:42.029" />
<gc-end id="2704" type="global" contextid="2698" durationms="11.346" usertimems="71.343" systemtimems="0.000" timestamp="2019-08-04T20:02:42.029" activeThreads="16">
  <mem-info id="2705" free="27505296" total="45613056" percent="60">
    <mem type="tenure" free="27505296" total="45613056" percent="60" micro-fragmented="0" macro-fragmented="0">
      <mem type="soa" free="27157320" total="45157376" percent="60" />
      <mem type="loa" free="347976" total="455680" percent="76" />
    </mem>
  </mem-info>
</gc-end>
<cycle-end id="2706" type="global" contextid="2698" timestamp="2019-08-04T20:02:42.029">
  <attribute name="GC Util" value="558" />
  <attribute name="CPU Util" value="1982410855334" />
  <attribute name="Time Running"value="109641"/>
  <attribute name="Number of cores"value="16"/>
</cycle-end>
<allocation-satisfied id="2707" threadId="0000000001BEEF00" bytesRequested="24" />
<af-end id="2708" timestamp="2019-08-04T20:02:42.029" threadId="0000000001BEF888" success="true" />
<exclusive-end id="2709" timestamp="2019-08-04T20:02:42.029" durationms="11.538" />

<exclusive-start id="2710" timestamp="2019-08-04T20:02:42.110" intervalms="91.739">
  <response-info timems="0.056" idlems="0.056" threads="0" lastid="0000000001BEEF00" lastname="main" />
</exclusive-start>
<af-start id="2711" threadId="0000000001BEF888" totalBytesRequested="32" timestamp="2019-08-04T20:02:42.110" intervalms="91.737" />
<cycle-start id="2712" type="global" contextid="0" timestamp="2019-08-04T20:02:42.110" intervalms="91.736" />
  <attribute name="GC Util" value="558" />
  <attribute name="CPU Util" value="1982410855334" />
  <attribute name="Time Running"value="109641"/>
  <attribute name="Number of cores"value="16"/>
<gc-start id="2713" type="global" contextid="2712" timestamp="2019-08-04T20:02:42.110">
  <mem-info id="2714" free="347976" total="45613056" percent="0">
    <mem type="tenure" free="347976" total="45613056" percent="0">
      <mem type="soa" free="0" total="45157376" percent="0" />
      <mem type="loa" free="347976" total="455680" percent="76" />
    </mem>
  </mem-info>
</gc-start>
<allocation-stats totalBytes="27175792" >
  <allocated-bytes non-tlh="0" tlh="27175792" />
  <largest-consumer threadName="main" threadId="0000000001BEEF00" bytes="27175792" />
</allocation-stats>
<gc-op id="2715" type="mark" timems="12.490" contextid="2712" timestamp="2019-08-04T20:02:42.122">
  <trace-info objectcount="600674" scancount="521580" scanbytes="13386276" />
  <finalization candidates="80" enqueued="0" />
  <ownableSynchronizers candidates="21" cleared="0" />
  <references type="soft" candidates="3261" cleared="0" enqueued="0" dynamicThreshold="19" maxThreshold="32" />
  <references type="weak" candidates="5656" cleared="0" enqueued="0" />
  <references type="phantom" candidates="97" cleared="0" enqueued="0" />
  <stringconstants candidates="13579" cleared="0"  />
</gc-op>
<gc-op id="2716" type="sweep" timems="1.812" contextid="2712" timestamp="2019-08-04T20:02:42.124" />
<mem-info id="2717" free="27560896" total="45613056" percent="60">
  <mem type="tenure" free="27560896" total="45613056" percent="60" micro-fragmented="0" macro-fragmented="0">
    <mem type="soa" free="27176888" total="45157376" percent="60" />
    <mem type="loa" free="384008" total="455680" percent="84" />
  </mem>
</mem-info>
<gc-op id="2718" type="compact" timems="115.520" contextid="2712" timestamp="2019-08-04T20:02:42.240">
  <compact-info movecount="503933" movebytes="12819216" reason="compact to aid heap contraction" />
</gc-op>
<heap-resize id="2719" type="contract" space="tenure" amount="393216" count="1" timems="0.033" reason="insufficient time being spent in gc" timestamp="2019-08-04T20:02:42.240" />
<gc-end id="2720" type="global" contextid="2712" durationms="130.019" usertimems="342.258" systemtimems="0.000" timestamp="2019-08-04T20:02:42.240" activeThreads="16">
  <mem-info id="2721" free="27114128" total="45219840" percent="59">
    <mem type="tenure" free="27114128" total="45219840" percent="59">
      <mem type="soa" free="26725008" total="44768256" percent="59" />
      <mem type="loa" free="389120" total="451584" percent="86" />
    </mem>
  </mem-info>
</gc-end>
<cycle-end id="2722" type="global" contextid="2712" timestamp="2019-08-04T20:02:42.240">
  <attribute name="GC Util" value="218" />
  <attribute name="CPU Util" value="10170297573136" />
  <attribute name="Time Running"value="109737"/>
  <attribute name="Number of cores"value="16"/>
</cycle-end>
<allocation-satisfied id="2723" threadId="0000000001BEEF00" bytesRequested="32" />
<af-end id="2724" timestamp="2019-08-04T20:02:42.240" threadId="0000000001BEF888" success="true" />
<exclusive-end id="2725" timestamp="2019-08-04T20:02:42.240" durationms="130.222" />

<exclusive-start id="2726" timestamp="2019-08-04T20:02:42.322" intervalms="212.563">
  <response-info timems="0.213" idlems="0.213" threads="0" lastid="0000000001BEEF00" lastname="main" />
</exclusive-start>
<af-start id="2727" threadId="0000000001BEF888" totalBytesRequested="24" timestamp="2019-08-04T20:02:42.322" intervalms="212.564" />
<cycle-start id="2728" type="global" contextid="0" timestamp="2019-08-04T20:02:42.322" intervalms="212.564" />
  <attribute name="GC Util" value="218" />
  <attribute name="CPU Util" value="10170297573136" />
  <attribute name="Time Running"value="109737"/>
  <attribute name="Number of cores"value="16"/>
<gc-start id="2729" type="global" contextid="2728" timestamp="2019-08-04T20:02:42.322">
  <mem-info id="2730" free="389120" total="45219840" percent="0">
    <mem type="tenure" free="389120" total="45219840" percent="0">
      <mem type="soa" free="0" total="44768256" percent="0" />
      <mem type="loa" free="389120" total="451584" percent="86" />
    </mem>
  </mem-info>
</gc-start>
<allocation-stats totalBytes="26788752" >
  <allocated-bytes non-tlh="0" tlh="26788752" />
  <largest-consumer threadName="main" threadId="0000000001BEEF00" bytes="26788752" />
</allocation-stats>
<gc-op id="2731" type="mark" timems="8.786" contextid="2728" timestamp="2019-08-04T20:02:42.331">
  <trace-info objectcount="600673" scancount="521579" scanbytes="13386252" />
  <finalization candidates="80" enqueued="0" />
  <ownableSynchronizers candidates="21" cleared="0" />
  <references type="soft" candidates="3261" cleared="0" enqueued="0" dynamicThreshold="19" maxThreshold="32" />
  <references type="weak" candidates="5656" cleared="0" enqueued="0" />
  <references type="phantom" candidates="97" cleared="0" enqueued="0" />
  <stringconstants candidates="13579" cleared="0"  />
</gc-op>
<gc-op id="2732" type="sweep" timems="1.462" contextid="2728" timestamp="2019-08-04T20:02:42.333" />
<gc-end id="2733" type="global" contextid="2728" durationms="10.387" usertimems="55.739" systemtimems="0.000" timestamp="2019-08-04T20:02:42.333" activeThreads="16">
  <mem-info id="2734" free="27236680" total="45219840" percent="60">
    <mem type="tenure" free="27236680" total="45219840" percent="60" micro-fragmented="0" macro-fragmented="0">
      <mem type="soa" free="26785096" total="44768256" percent="59" />
      <mem type="loa" free="451584" total="451584" percent="100" />
    </mem>
  </mem-info>
</gc-end>
<cycle-end id="2735" type="global" contextid="2728" timestamp="2019-08-04T20:02:42.333">
  <attribute name="GC Util" value="482" />
  <attribute name="CPU Util" value="2093165526227" />
  <attribute name="Time Running"value="109944"/>
  <attribute name="Number of cores"value="16"/>
</cycle-end>
<allocation-satisfied id="2736" threadId="0000000001BEEF00" bytesRequested="24" />
<af-end id="2737" timestamp="2019-08-04T20:02:42.333" threadId="0000000001BEF888" success="true" />
<exclusive-end id="2738" timestamp="2019-08-04T20:02:42.333" durationms="10.607" />

<exclusive-start id="2739" timestamp="2019-08-04T20:02:42.502" intervalms="179.317">
  <response-info timems="0.056" idlems="0.056" threads="0" lastid="0000000001BEEF00" lastname="main" />
</exclusive-start>
<af-start id="2740" threadId="0000000001BEF888" totalBytesRequested="16" timestamp="2019-08-04T20:02:42.502" intervalms="179.324" />
<cycle-start id="2741" type="global" contextid="0" timestamp="2019-08-04T20:02:42.502" intervalms="179.333" />
  <attribute name="GC Util" value="482" />
  <attribute name="CPU Util" value="2093165526227" />
  <attribute name="Time Running"value="109944"/>
  <attribute name="Number of cores"value="16"/>
<gc-start id="2742" type="global" contextid="2741" timestamp="2019-08-04T20:02:42.502">
  <mem-info id="2743" free="451584" total="45219840" percent="0">
    <mem type="tenure" free="451584" total="45219840" percent="0">
      <mem type="soa" free="0" total="44768256" percent="0" />
      <mem type="loa" free="451584" total="451584" percent="100" />
    </mem>
  </mem-info>
</gc-start>
<allocation-stats totalBytes="26787912" >
  <allocated-bytes non-tlh="0" tlh="26787912" />
  <largest-consumer threadName="main" threadId="0000000001BEEF00" bytes="26787912" />
</allocation-stats>
<gc-op id="2744" type="mark" timems="9.398" contextid="2741" timestamp="2019-08-04T20:02:42.511">
  <trace-info objectcount="600681" scancount="521578" scanbytes="13386440" />
  <finalization candidates="80" enqueued="0" />
  <ownableSynchronizers candidates="21" cleared="0" />
  <references type="soft" candidates="3261" cleared="0" enqueued="0" dynamicThreshold="19" maxThreshold="32" />
  <references type="weak" candidates="5656" cleared="0" enqueued="0" />
  <references type="phantom" candidates="97" cleared="0" enqueued="0" />
  <stringconstants candidates="13579" cleared="0"  />
</gc-op>
<gc-op id="2745" type="sweep" timems="2.121" contextid="2741" timestamp="2019-08-04T20:02:42.513" />
<gc-end id="2746" type="global" contextid="2741" durationms="11.690" usertimems="66.482" systemtimems="0.000" timestamp="2019-08-04T20:02:42.513" activeThreads="16">
  <mem-info id="2747" free="27174832" total="45219840" percent="60">
    <mem type="tenure" free="27174832" total="45219840" percent="60" micro-fragmented="0" macro-fragmented="0">
      <mem type="soa" free="26723248" total="44768256" percent="59" />
      <mem type="loa" free="451584" total="451584" percent="100" />
    </mem>
  </mem-info>
</gc-end>
<cycle-end id="2748" type="global" contextid="2741" timestamp="2019-08-04T20:02:42.513">
  <attribute name="GC Util" value="574" />
  <attribute name="CPU Util" value="1949971631705" />
  <attribute name="Time Running"value="110124"/>
  <attribute name="Number of cores"value="16"/>
</cycle-end>
<allocation-satisfied id="2749" threadId="0000000001BEEF00" bytesRequested="16" />
<af-end id="2750" timestamp="2019-08-04T20:02:42.513" threadId="0000000001BEF888" success="true" />
<exclusive-end id="2751" timestamp="2019-08-04T20:02:42.513" durationms="11.927" />

<exclusive-start id="2752" timestamp="2019-08-04T20:02:42.636" intervalms="134.170">
  <response-info timems="0.164" idlems="0.164" threads="0" lastid="0000000001BEEF00" lastname="main" />
</exclusive-start>
<af-start id="2753" threadId="0000000001BEF888" totalBytesRequested="32" timestamp="2019-08-04T20:02:42.636" intervalms="134.161" />
<cycle-start id="2754" type="global" contextid="0" timestamp="2019-08-04T20:02:42.636" intervalms="134.154" />
  <attribute name="GC Util" value="574" />
  <attribute name="CPU Util" value="1949971631705" />
  <attribute name="Time Running"value="110124"/>
  <attribute name="Number of cores"value="16"/>
<gc-start id="2755" type="global" contextid="2754" timestamp="2019-08-04T20:02:42.636">
  <mem-info id="2756" free="451584" total="45219840" percent="0">
    <mem type="tenure" free="451584" total="45219840" percent="0">
      <mem type="soa" free="0" total="44768256" percent="0" />
      <mem type="loa" free="451584" total="451584" percent="100" />
    </mem>
  </mem-info>
</gc-start>
<allocation-stats totalBytes="26786688" >
  <allocated-bytes non-tlh="0" tlh="26786688" />
  <largest-consumer threadName="main" threadId="0000000001BEEF00" bytes="26786688" />
</allocation-stats>
<gc-op id="2757" type="mark" timems="10.672" contextid="2754" timestamp="2019-08-04T20:02:42.647">
  <trace-info objectcount="600677" scancount="521582" scanbytes="13386356" />
  <finalization candidates="80" enqueued="0" />
  <ownableSynchronizers candidates="21" cleared="0" />
  <references type="soft" candidates="3261" cleared="0" enqueued="0" dynamicThreshold="19" maxThreshold="32" />
  <references type="weak" candidates="5656" cleared="0" enqueued="0" />
  <references type="phantom" candidates="97" cleared="0" enqueued="0" />
  <stringconstants candidates="13579" cleared="0"  />
</gc-op>
<gc-op id="2758" type="sweep" timems="1.488" contextid="2754" timestamp="2019-08-04T20:02:42.648" />
<gc-end id="2759" type="global" contextid="2754" durationms="12.279" usertimems="69.897" systemtimems="0.000" timestamp="2019-08-04T20:02:42.648" activeThreads="16">
  <mem-info id="2760" free="27174920" total="45219840" percent="60">
    <mem type="tenure" free="27174920" total="45219840" percent="60" micro-fragmented="0" macro-fragmented="0">
      <mem type="soa" free="26723336" total="44768256" percent="59" />
      <mem type="loa" free="451584" total="451584" percent="100" />
    </mem>
  </mem-info>
</gc-end>
<cycle-end id="2761" type="global" contextid="2754" timestamp="2019-08-04T20:02:42.648">
  <attribute name="GC Util" value="551" />
  <attribute name="CPU Util" value="1725804217599" />
  <attribute name="Time Running"value="110260"/>
  <attribute name="Number of cores"value="16"/>
</cycle-end>
<allocation-satisfied id="2762" threadId="0000000001BEEF00" bytesRequested="32" />
<af-end id="2763" timestamp="2019-08-04T20:02:42.648" threadId="0000000001BEF888" success="true" />
<exclusive-end id="2764" timestamp="2019-08-04T20:02:42.648" durationms="12.513" />

<exclusive-start id="2765" timestamp="2019-08-04T20:02:43.599" intervalms="963.073">
  <response-info timems="0.132" idlems="0.132" threads="0" lastid="0000000001BEEF00" lastname="main" />
</exclusive-start>
<af-start id="2766" threadId="0000000001BEF888" totalBytesRequested="520" timestamp="2019-08-04T20:02:43.599" intervalms="963.083" />
<cycle-start id="2767" type="global" contextid="0" timestamp="2019-08-04T20:02:43.599" intervalms="963.090" />
  <attribute name="GC Util" value="551" />
  <attribute name="CPU Util" value="1725804217599" />
  <attribute name="Time Running"value="110260"/>
  <attribute name="Number of cores"value="16"/>
<gc-start id="2768" type="global" contextid="2767" timestamp="2019-08-04T20:02:43.599">
  <mem-info id="2769" free="451584" total="45219840" percent="0">
    <mem type="tenure" free="451584" total="45219840" percent="0">
      <mem type="soa" free="0" total="44768256" percent="0" />
      <mem type="loa" free="451584" total="451584" percent="100" />
    </mem>
  </mem-info>
</gc-start>
<allocation-stats totalBytes="26782072" >
  <allocated-bytes non-tlh="360" tlh="26781712" />
  <largest-consumer threadName="main" threadId="0000000001BEEF00" bytes="26782072" />
</allocation-stats>
<gc-op id="2770" type="mark" timems="10.840" contextid="2767" timestamp="2019-08-04T20:02:43.610">
  <trace-info objectcount="600722" scancount="521616" scanbytes="13387044" />
  <finalization candidates="80" enqueued="0" />
  <ownableSynchronizers candidates="21" cleared="0" />
  <references type="soft" candidates="3261" cleared="0" enqueued="0" dynamicThreshold="19" maxThreshold="32" />
  <references type="weak" candidates="5658" cleared="0" enqueued="0" />
  <references type="phantom" candidates="97" cleared="0" enqueued="0" />
  <stringconstants candidates="13585" cleared="0"  />
</gc-op>
<gc-op id="2771" type="sweep" timems="1.672" contextid="2767" timestamp="2019-08-04T20:02:43.612" />
<heap-resize id="2772" type="contract" space="tenure" amount="393216" count="1" timems="0.115" reason="insufficient time being spent in gc" timestamp="2019-08-04T20:02:43.612" />
<gc-end id="2773" type="global" contextid="2767" durationms="12.778" usertimems="83.606" systemtimems="0.000" timestamp="2019-08-04T20:02:43.612" activeThreads="16">
  <mem-info id="2774" free="26700680" total="44826624" percent="59">
    <mem type="tenure" free="26700680" total="44826624" percent="59" micro-fragmented="0" macro-fragmented="0">
      <mem type="soa" free="26331392" total="44379136" percent="59" />
      <mem type="loa" free="369288" total="447488" percent="82" />
    </mem>
  </mem-info>
</gc-end>
<cycle-end id="2775" type="global" contextid="2767" timestamp="2019-08-04T20:02:43.612">
  <attribute name="GC Util" value="566" />
  <attribute name="CPU Util" value="1700957695169" />
  <attribute name="Time Running"value="111223"/>
  <attribute name="Number of cores"value="16"/>
</cycle-end>
<allocation-satisfied id="2776" threadId="0000000001BEEF00" bytesRequested="520" />
<af-end id="2777" timestamp="2019-08-04T20:02:43.612" threadId="0000000001BEF888" success="true" />
<exclusive-end id="2778" timestamp="2019-08-04T20:02:43.612" durationms="13.034" />

<exclusive-start id="2779" timestamp="2019-08-04T20:02:43.660" intervalms="61.088">
  <response-info timems="0.063" idlems="0.063" threads="0" lastid="0000000001BEEF00" lastname="main" />
</exclusive-start>
<af-start id="2780" threadId="0000000001BEF888" totalBytesRequested="48" timestamp="2019-08-04T20:02:43.660" intervalms="61.093" />
<cycle-start id="2781" type="global" contextid="0" timestamp="2019-08-04T20:02:43.660" intervalms="61.092" />
  <attribute name="GC Util" value="566" />
  <attribute name="CPU Util" value="1700957695169" />
  <attribute name="Time Running"value="111223"/>
  <attribute name="Number of cores"value="16"/>
<gc-start id="2782" type="global" contextid="2781" timestamp="2019-08-04T20:02:43.660">
  <mem-info id="2783" free="369288" total="44826624" percent="0">
    <mem type="tenure" free="369288" total="44826624" percent="0">
      <mem type="soa" free="0" total="44379136" percent="0" />
      <mem type="loa" free="369288" total="447488" percent="82" />
    </mem>
  </mem-info>
</gc-start>
<allocation-stats totalBytes="26382264" >
  <allocated-bytes non-tlh="0" tlh="26382264" />
  <largest-consumer threadName="main" threadId="0000000001BEEF00" bytes="26382264" />
</allocation-stats>
<gc-op id="2784" type="mark" timems="10.318" contextid="2781" timestamp="2019-08-04T20:02:43.670">
  <trace-info objectcount="600722" scancount="521618" scanbytes="13387044" />
  <finalization candidates="80" enqueued="0" />
  <ownableSynchronizers candidates="21" cleared="0" />
  <references type="soft" candidates="3261" cleared="0" enqueued="0" dynamicThreshold="19" maxThreshold="32" />
  <references type="weak" candidates="5658" cleared="0" enqueued="0" />
  <references type="phantom" candidates="97" cleared="0" enqueued="0" />
  <stringconstants candidates="13585" cleared="0"  />
</gc-op>
<gc-op id="2785" type="sweep" timems="2.664" contextid="2781" timestamp="2019-08-04T20:02:43.673" />
<heap-resize id="2786" type="contract" space="tenure" amount="393216" count="1" timems="0.139" reason="insufficient time being spent in gc" timestamp="2019-08-04T20:02:43.673" />
<gc-end id="2787" type="global" contextid="2781" durationms="13.336" usertimems="94.153" systemtimems="0.000" timestamp="2019-08-04T20:02:43.673" activeThreads="16">
  <mem-info id="2788" free="26329512" total="44433408" percent="59">
    <mem type="tenure" free="26329512" total="44433408" percent="59" micro-fragmented="0" macro-fragmented="0">
      <mem type="soa" free="25942272" total="43990016" percent="58" />
      <mem type="loa" free="387240" total="443392" percent="87" />
    </mem>
  </mem-info>
</gc-end>
<cycle-end id="2789" type="global" contextid="2781" timestamp="2019-08-04T20:02:43.674">
  <attribute name="GC Util" value="621" />
  <attribute name="CPU Util" value="1800117112812" />
  <attribute name="Time Running"value="111284"/>
  <attribute name="Number of cores"value="16"/>
</cycle-end>
<allocation-satisfied id="2790" threadId="0000000001BEEF00" bytesRequested="48" />
<af-end id="2791" timestamp="2019-08-04T20:02:43.674" threadId="0000000001BEF888" success="true" />
<exclusive-end id="2792" timestamp="2019-08-04T20:02:43.674" durationms="13.668" />

<exclusive-start id="2793" timestamp="2019-08-04T20:02:43.712" intervalms="52.226">
  <response-info timems="0.113" idlems="0.113" threads="0" lastid="0000000001BEEF00" lastname="main" />
</exclusive-start>
<af-start id="2794" threadId="0000000001BEF888" totalBytesRequested="16" timestamp="2019-08-04T20:02:43.712" intervalms="52.237" />
<cycle-start id="2795" type="global" contextid="0" timestamp="2019-08-04T20:02:43.712" intervalms="52.231" />
  <attribute name="GC Util" value="621" />
  <attribute name="CPU Util" value="1800117112812" />
  <attribute name="Time Running"value="111284"/>
  <attribute name="Number of cores"value="16"/>
<gc-start id="2796" type="global" contextid="2795" timestamp="2019-08-04T20:02:43.712">
  <mem-info id="2797" free="387240" total="44433408" percent="0">
    <mem type="tenure" free="387240" total="44433408" percent="0">
      <mem type="soa" free="0" total="43990016" percent="0" />
      <mem type="loa" free="387240" total="443392" percent="87" />
    </mem>
  </mem-info>
</gc-start>
<allocation-stats totalBytes="25992408" >
  <allocated-bytes non-tlh="0" tlh="25992408" />
  <largest-consumer threadName="main" threadId="0000000001BEEF00" bytes="25992408" />
</allocation-stats>
<gc-op id="2798" type="mark" timems="10.339" contextid="2795" timestamp="2019-08-04T20:02:43.723">
  <trace-info objectcount="600724" scancount="521621" scanbytes="13387044" />
  <finalization candidates="80" enqueued="0" />
  <ownableSynchronizers candidates="21" cleared="0" />
  <references type="soft" candidates="3261" cleared="0" enqueued="0" dynamicThreshold="18" maxThreshold="32" />
  <references type="weak" candidates="5658" cleared="0" enqueued="0" />
  <references type="phantom" candidates="97" cleared="0" enqueued="0" />
  <stringconstants candidates="13585" cleared="0"  />
</gc-op>
<gc-op id="2799" type="sweep" timems="2.101" contextid="2795" timestamp="2019-08-04T20:02:43.725" />
<heap-resize id="2800" type="contract" space="tenure" amount="393216" count="1" timems="0.062" reason="insufficient time being spent in gc" timestamp="2019-08-04T20:02:43.725" />
<gc-end id="2801" type="global" contextid="2795" durationms="12.655" usertimems="82.610" systemtimems="0.000" timestamp="2019-08-04T20:02:43.725" activeThreads="16">
  <mem-info id="2802" free="25933064" total="44040192" percent="58">
    <mem type="tenure" free="25933064" total="44040192" percent="58" micro-fragmented="0" macro-fragmented="0">
      <mem type="soa" free="25552128" total="43599872" percent="58" />
      <mem type="loa" free="380936" total="440320" percent="86" />
    </mem>
  </mem-info>
</gc-end>
<cycle-end id="2803" type="global" contextid="2795" timestamp="2019-08-04T20:02:43.725">
  <attribute name="GC Util" value="515" />
  <attribute name="CPU Util" value="1780893070380" />
  <attribute name="Time Running"value="111336"/>
  <attribute name="Number of cores"value="16"/>
</cycle-end>
<allocation-satisfied id="2804" threadId="0000000001BEEF00" bytesRequested="16" />
<af-end id="2805" timestamp="2019-08-04T20:02:43.725" threadId="0000000001BEF888" success="true" />
<exclusive-end id="2806" timestamp="2019-08-04T20:02:43.725" durationms="12.933" />

<exclusive-start id="2807" timestamp="2019-08-04T20:02:43.840" intervalms="127.871">
  <response-info timems="0.158" idlems="0.158" threads="0" lastid="0000000001BEEF00" lastname="main" />
</exclusive-start>
<af-start id="2808" threadId="0000000001BEF888" totalBytesRequested="32" timestamp="2019-08-04T20:02:43.840" intervalms="127.854" />
<cycle-start id="2809" type="global" contextid="0" timestamp="2019-08-04T20:02:43.840" intervalms="127.855" />
  <attribute name="GC Util" value="515" />
  <attribute name="CPU Util" value="1780893070380" />
  <attribute name="Time Running"value="111336"/>
  <attribute name="Number of cores"value="16"/>
<gc-start id="2810" type="global" contextid="2809" timestamp="2019-08-04T20:02:43.840">
  <mem-info id="2811" free="380936" total="44040192" percent="0">
    <mem type="tenure" free="380936" total="44040192" percent="0">
      <mem type="soa" free="0" total="43599872" percent="0" />
      <mem type="loa" free="380936" total="440320" percent="86" />
    </mem>
  </mem-info>
</gc-start>
<allocation-stats totalBytes="25604528" >
  <allocated-bytes non-tlh="0" tlh="25604528" />
  <largest-consumer threadName="main" threadId="0000000001BEEF00" bytes="25604528" />
</allocation-stats>
<gc-op id="2812" type="mark" timems="9.195" contextid="2809" timestamp="2019-08-04T20:02:43.849">
  <trace-info objectcount="600724" scancount="521624" scanbytes="13387212" />
  <finalization candidates="80" enqueued="0" />
  <ownableSynchronizers candidates="21" cleared="0" />
  <references type="soft" candidates="3261" cleared="0" enqueued="0" dynamicThreshold="18" maxThreshold="32" />
  <references type="weak" candidates="5664" cleared="0" enqueued="0" />
  <references type="phantom" candidates="97" cleared="0" enqueued="0" />
  <stringconstants candidates="13585" cleared="0"  />
</gc-op>
<gc-op id="2813" type="sweep" timems="1.555" contextid="2809" timestamp="2019-08-04T20:02:43.851" />
<heap-resize id="2814" type="expand" space="tenure" amount="1048576" count="1" timems="0.014" reason="excessive time being spent in gc" timestamp="2019-08-04T20:02:43.851" />
<gc-end id="2815" type="global" contextid="2809" durationms="10.971" usertimems="63.644" systemtimems="0.000" timestamp="2019-08-04T20:02:43.851" activeThreads="16">
  <mem-info id="2816" free="27041696" total="45088768" percent="59">
    <mem type="tenure" free="27041696" total="45088768" percent="59" micro-fragmented="0" macro-fragmented="0">
      <mem type="soa" free="26591136" total="44638208" percent="59" />
      <mem type="loa" free="450560" total="450560" percent="100" />
    </mem>
  </mem-info>
</gc-end>
<cycle-end id="2817" type="global" contextid="2809" timestamp="2019-08-04T20:02:43.851">
  <attribute name="GC Util" value="508" />
  <attribute name="CPU Util" value="2000774127386" />
  <attribute name="Time Running"value="111463"/>
  <attribute name="Number of cores"value="16"/>
</cycle-end>
<allocation-satisfied id="2818" threadId="0000000001BEEF00" bytesRequested="32" />
<af-end id="2819" timestamp="2019-08-04T20:02:43.851" threadId="0000000001BEF888" success="true" />
<exclusive-end id="2820" timestamp="2019-08-04T20:02:43.851" durationms="11.245" />

<exclusive-start id="2821" timestamp="2019-08-04T20:02:44.058" intervalms="218.263">
  <response-info timems="0.124" idlems="0.124" threads="0" lastid="0000000001BEEF00" lastname="main" />
</exclusive-start>
<af-start id="2822" threadId="0000000001BEF888" totalBytesRequested="488" timestamp="2019-08-04T20:02:44.058" intervalms="218.254" />
<cycle-start id="2823" type="global" contextid="0" timestamp="2019-08-04T20:02:44.058" intervalms="218.253" />
  <attribute name="GC Util" value="508" />
  <attribute name="CPU Util" value="2000774127386" />
  <attribute name="Time Running"value="111463"/>
  <attribute name="Number of cores"value="16"/>
<gc-start id="2824" type="global" contextid="2823" timestamp="2019-08-04T20:02:44.058">
  <mem-info id="2825" free="450560" total="45088768" percent="0">
    <mem type="tenure" free="450560" total="45088768" percent="0">
      <mem type="soa" free="0" total="44638208" percent="0" />
      <mem type="loa" free="450560" total="450560" percent="100" />
    </mem>
  </mem-info>
</gc-start>
<allocation-stats totalBytes="26651280" >
  <allocated-bytes non-tlh="0" tlh="26651280" />
  <largest-consumer threadName="main" threadId="0000000001BEEF00" bytes="26651280" />
</allocation-stats>
<gc-op id="2826" type="mark" timems="9.315" contextid="2823" timestamp="2019-08-04T20:02:44.068">
  <trace-info objectcount="600730" scancount="521629" scanbytes="13387328" />
  <finalization candidates="80" enqueued="0" />
  <ownableSynchronizers candidates="21" cleared="0" />
  <references type="soft" candidates="3261" cleared="0" enqueued="0" dynamicThreshold="19" maxThreshold="32" />
  <references type="weak" candidates="5664" cleared="0" enqueued="0" />
  <references type="phantom" candidates="97" cleared="0" enqueued="0" />
  <stringconstants candidates="13585" cleared="0"  />
</gc-op>
<gc-op id="2827" type="sweep" timems="1.778" contextid="2823" timestamp="2019-08-04T20:02:44.070" />
<gc-end id="2828" type="global" contextid="2823" durationms="11.235" usertimems="68.493" systemtimems="0.000" timestamp="2019-08-04T20:02:44.070" activeThreads="16">
  <mem-info id="2829" free="27040464" total="45088768" percent="59">
    <mem type="tenure" free="27040464" total="45088768" percent="59" micro-fragmented="0" macro-fragmented="0">
      <mem type="soa" free="26589904" total="44638208" percent="59" />
      <mem type="loa" free="450560" total="450560" percent="100" />
    </mem>
  </mem-info>
</gc-end>
<cycle-end id="2830" type="global" contextid="2823" timestamp="2019-08-04T20:02:44.070">
  <attribute name="GC Util" value="512" />
  <attribute name="CPU Util" value="1977140785090" />
  <attribute name="Time Running"value="111681"/>
  <attribute name="Number of cores"value="16"/>
</cycle-end>
<allocation-satisfied id="2831" threadId="0000000001BEEF00" bytesRequested="488" />
<af-end id="2832" timestamp="2019-08-04T20:02:44.070" threadId="0000000001BEF888" success="true" />
<exclusive-end id="2833" timestamp="2019-08-04T20:02:44.070" durationms="11.465" />

<exclusive-start id="2834" timestamp="2019-08-04T20:02:44.087" intervalms="28.763">
  <response-info timems="0.038" idlems="0.038" threads="0" lastid="0000000001BEEF00" lastname="main" />
</exclusive-start>
<af-start id="2835" threadId="0000000001BEF888" totalBytesRequested="32" timestamp="2019-08-04T20:02:44.087" intervalms="28.762" />
<cycle-start id="2836" type="global" contextid="0" timestamp="2019-08-04T20:02:44.087" intervalms="28.760" />
  <attribute name="GC Util" value="512" />
  <attribute name="CPU Util" value="1977140785090" />
  <attribute name="Time Running"value="111681"/>
  <attribute name="Number of cores"value="16"/>
<gc-start id="2837" type="global" contextid="2836" timestamp="2019-08-04T20:02:44.087">
  <mem-info id="2838" free="450560" total="45088768" percent="0">
    <mem type="tenure" free="450560" total="45088768" percent="0">
      <mem type="soa" free="0" total="44638208" percent="0" />
      <mem type="loa" free="450560" total="450560" percent="100" />
    </mem>
  </mem-info>
</gc-start>
<allocation-stats totalBytes="26611896" >
  <allocated-bytes non-tlh="0" tlh="26611896" />
  <largest-consumer threadName="main" threadId="0000000001BEEF00" bytes="26611896" />
</allocation-stats>
<gc-op id="2839" type="mark" timems="8.633" contextid="2836" timestamp="2019-08-04T20:02:44.096">
  <trace-info objectcount="600732" scancount="521627" scanbytes="13387352" />
  <finalization candidates="80" enqueued="0" />
  <ownableSynchronizers candidates="21" cleared="0" />
  <references type="soft" candidates="3261" cleared="0" enqueued="0" dynamicThreshold="19" maxThreshold="32" />
  <references type="weak" candidates="5664" cleared="0" enqueued="0" />
  <references type="phantom" candidates="97" cleared="0" enqueued="0" />
  <stringconstants candidates="13585" cleared="0"  />
</gc-op>
<gc-op id="2840" type="sweep" timems="1.601" contextid="2836" timestamp="2019-08-04T20:02:44.097" />
<gc-end id="2841" type="global" contextid="2836" durationms="10.383" usertimems="56.872" systemtimems="0.000" timestamp="2019-08-04T20:02:44.098" activeThreads="16">
  <mem-info id="2842" free="27103080" total="45088768" percent="60">
    <mem type="tenure" free="27103080" total="45088768" percent="60" micro-fragmented="0" macro-fragmented="0">
      <mem type="soa" free="26652520" total="44638208" percent="59" />
      <mem type="loa" free="450560" total="450560" percent="100" />
    </mem>
  </mem-info>
</gc-end>
<cycle-end id="2843" type="global" contextid="2836" timestamp="2019-08-04T20:02:44.098">
  <attribute name="GC Util" value="554" />
  <attribute name="CPU Util" value="2136333153852" />
  <attribute name="Time Running"value="111709"/>
  <attribute name="Number of cores"value="16"/>
</cycle-end>
<allocation-satisfied id="2844" threadId="0000000001BEEF00" bytesRequested="32" />
<af-end id="2845" timestamp="2019-08-04T20:02:44.098" threadId="0000000001BEF888" success="true" />
<exclusive-end id="2846" timestamp="2019-08-04T20:02:44.098" durationms="10.585" />

<exclusive-start id="2847" timestamp="2019-08-04T20:02:44.111" intervalms="23.983">
  <response-info timems="0.044" idlems="0.044" threads="0" lastid="0000000001BEEF00" lastname="main" />
</exclusive-start>
<af-start id="2848" threadId="0000000001BEF888" totalBytesRequested="32" timestamp="2019-08-04T20:02:44.111" intervalms="23.987" />
<cycle-start id="2849" type="global" contextid="0" timestamp="2019-08-04T20:02:44.111" intervalms="23.989" />
  <attribute name="GC Util" value="554" />
  <attribute name="CPU Util" value="2136333153852" />
  <attribute name="Time Running"value="111709"/>
  <attribute name="Number of cores"value="16"/>
<gc-start id="2850" type="global" contextid="2849" timestamp="2019-08-04T20:02:44.111">
  <mem-info id="2851" free="450560" total="45088768" percent="0">
    <mem type="tenure" free="450560" total="45088768" percent="0">
      <mem type="soa" free="0" total="44638208" percent="0" />
      <mem type="loa" free="450560" total="450560" percent="100" />
    </mem>
  </mem-info>
</gc-start>
<allocation-stats totalBytes="26606784" >
  <allocated-bytes non-tlh="0" tlh="26606784" />
  <largest-consumer threadName="main" threadId="0000000001BEEF00" bytes="26606784" />
</allocation-stats>
<gc-op id="2852" type="mark" timems="11.661" contextid="2849" timestamp="2019-08-04T20:02:44.123">
  <trace-info objectcount="600732" scancount="521627" scanbytes="13387352" />
  <finalization candidates="80" enqueued="0" />
  <ownableSynchronizers candidates="21" cleared="0" />
  <references type="soft" candidates="3261" cleared="0" enqueued="0" dynamicThreshold="19" maxThreshold="32" />
  <references type="weak" candidates="5664" cleared="0" enqueued="0" />
  <references type="phantom" candidates="97" cleared="0" enqueued="0" />
  <stringconstants candidates="13585" cleared="0"  />
</gc-op>
<gc-op id="2853" type="sweep" timems="2.307" contextid="2849" timestamp="2019-08-04T20:02:44.125" />
<gc-end id="2854" type="global" contextid="2849" durationms="14.121" usertimems="65.675" systemtimems="0.000" timestamp="2019-08-04T20:02:44.125" activeThreads="16">
  <mem-info id="2855" free="27102288" total="45088768" percent="60">
    <mem type="tenure" free="27102288" total="45088768" percent="60" micro-fragmented="0" macro-fragmented="0">
      <mem type="soa" free="26651728" total="44638208" percent="59" />
      <mem type="loa" free="450560" total="450560" percent="100" />
    </mem>
  </mem-info>
</gc-end>
<cycle-end id="2856" type="global" contextid="2849" timestamp="2019-08-04T20:02:44.125">
  <attribute name="GC Util" value="461" />
  <attribute name="CPU Util" value="1584186400223" />
  <attribute name="Time Running"value="111736"/>
  <attribute name="Number of cores"value="16"/>
</cycle-end>
<allocation-satisfied id="2857" threadId="0000000001BEEF00" bytesRequested="32" />
<af-end id="2858" timestamp="2019-08-04T20:02:44.125" threadId="0000000001BEF888" success="true" />
<exclusive-end id="2859" timestamp="2019-08-04T20:02:44.125" durationms="14.347" />

<exclusive-start id="2860" timestamp="2019-08-04T20:02:44.139" intervalms="27.857">
  <response-info timems="0.045" idlems="0.045" threads="0" lastid="0000000001BEEF00" lastname="main" />
</exclusive-start>
<af-start id="2861" threadId="0000000001BEF888" totalBytesRequested="32" timestamp="2019-08-04T20:02:44.139" intervalms="27.857" />
<cycle-start id="2862" type="global" contextid="0" timestamp="2019-08-04T20:02:44.139" intervalms="27.856" />
  <attribute name="GC Util" value="461" />
  <attribute name="CPU Util" value="1584186400223" />
  <attribute name="Time Running"value="111736"/>
  <attribute name="Number of cores"value="16"/>
<gc-start id="2863" type="global" contextid="2862" timestamp="2019-08-04T20:02:44.139">
  <mem-info id="2864" free="450560" total="45088768" percent="0">
    <mem type="tenure" free="450560" total="45088768" percent="0">
      <mem type="soa" free="0" total="44638208" percent="0" />
      <mem type="loa" free="450560" total="450560" percent="100" />
    </mem>
  </mem-info>
</gc-start>
<allocation-stats totalBytes="26606160" >
  <allocated-bytes non-tlh="0" tlh="26606160" />
  <largest-consumer threadName="main" threadId="0000000001BEEF00" bytes="26606160" />
</allocation-stats>
<gc-op id="2865" type="mark" timems="9.392" contextid="2862" timestamp="2019-08-04T20:02:44.148">
  <trace-info objectcount="600729" scancount="521624" scanbytes="13387304" />
  <finalization candidates="80" enqueued="0" />
  <ownableSynchronizers candidates="21" cleared="0" />
  <references type="soft" candidates="3261" cleared="0" enqueued="0" dynamicThreshold="19" maxThreshold="32" />
  <references type="weak" candidates="5664" cleared="0" enqueued="0" />
  <references type="phantom" candidates="97" cleared="0" enqueued="0" />
  <stringconstants candidates="13585" cleared="0"  />
</gc-op>
<gc-op id="2866" type="sweep" timems="1.578" contextid="2862" timestamp="2019-08-04T20:02:44.150" />
<gc-end id="2867" type="global" contextid="2862" durationms="11.100" usertimems="78.016" systemtimems="0.000" timestamp="2019-08-04T20:02:44.150" activeThreads="16">
  <mem-info id="2868" free="27092088" total="45088768" percent="60">
    <mem type="tenure" free="27092088" total="45088768" percent="60" micro-fragmented="0" macro-fragmented="0">
      <mem type="soa" free="26641528" total="44638208" percent="59" />
      <mem type="loa" free="450560" total="450560" percent="100" />
    </mem>
  </mem-info>
</gc-end>
<cycle-end id="2869" type="global" contextid="2862" timestamp="2019-08-04T20:02:44.150">
  <attribute name="GC Util" value="606" />
  <attribute name="CPU Util" value="1972770034566" />
  <attribute name="Time Running"value="111762"/>
  <attribute name="Number of cores"value="16"/>
</cycle-end>
<allocation-satisfied id="2870" threadId="0000000001BEEF00" bytesRequested="32" />
<af-end id="2871" timestamp="2019-08-04T20:02:44.150" threadId="0000000001BEF888" success="true" />
<exclusive-end id="2872" timestamp="2019-08-04T20:02:44.150" durationms="11.342" />

<exclusive-start id="2873" timestamp="2019-08-04T20:02:44.163" intervalms="24.468">
  <response-info timems="0.042" idlems="0.042" threads="0" lastid="0000000001BEEF00" lastname="main" />
</exclusive-start>
<af-start id="2874" threadId="0000000001BEF888" totalBytesRequested="32" timestamp="2019-08-04T20:02:44.163" intervalms="24.463" />
<cycle-start id="2875" type="global" contextid="0" timestamp="2019-08-04T20:02:44.163" intervalms="24.462" />
  <attribute name="GC Util" value="606" />
  <attribute name="CPU Util" value="1972770034566" />
  <attribute name="Time Running"value="111762"/>
  <attribute name="Number of cores"value="16"/>
<gc-start id="2876" type="global" contextid="2875" timestamp="2019-08-04T20:02:44.163">
  <mem-info id="2877" free="450560" total="45088768" percent="0">
    <mem type="tenure" free="450560" total="45088768" percent="0">
      <mem type="soa" free="0" total="44638208" percent="0" />
      <mem type="loa" free="450560" total="450560" percent="100" />
    </mem>
  </mem-info>
</gc-start>
<allocation-stats totalBytes="26606880" >
  <allocated-bytes non-tlh="0" tlh="26606880" />
  <largest-consumer threadName="main" threadId="0000000001BEEF00" bytes="26606880" />
</allocation-stats>
<gc-op id="2878" type="mark" timems="13.426" contextid="2875" timestamp="2019-08-04T20:02:44.177">
  <trace-info objectcount="600732" scancount="521628" scanbytes="13387352" />
  <finalization candidates="80" enqueued="0" />
  <ownableSynchronizers candidates="21" cleared="0" />
  <references type="soft" candidates="3261" cleared="0" enqueued="0" dynamicThreshold="19" maxThreshold="32" />
  <references type="weak" candidates="5664" cleared="0" enqueued="0" />
  <references type="phantom" candidates="97" cleared="0" enqueued="0" />
  <stringconstants candidates="13585" cleared="0"  />
</gc-op>
<gc-op id="2879" type="sweep" timems="1.651" contextid="2875" timestamp="2019-08-04T20:02:44.179" />
<gc-end id="2880" type="global" contextid="2875" durationms="15.220" usertimems="97.719" systemtimems="0.000" timestamp="2019-08-04T20:02:44.179" activeThreads="16">
  <mem-info id="2881" free="27098936" total="45088768" percent="60">
    <mem type="tenure" free="27098936" total="45088768" percent="60" micro-fragmented="0" macro-fragmented="0">
      <mem type="soa" free="26648376" total="44638208" percent="59" />
      <mem type="loa" free="450560" total="450560" percent="100" />
    </mem>
  </mem-info>
</gc-end>
<cycle-end id="2882" type="global" contextid="2875" timestamp="2019-08-04T20:02:44.179">
  <attribute name="GC Util" value="547" />
  <attribute name="CPU Util" value="1370852672506" />
  <attribute name="Time Running"value="111790"/>
  <attribute name="Number of cores"value="16"/>
</cycle-end>
<allocation-satisfied id="2883" threadId="0000000001BEEF00" bytesRequested="32" />
<af-end id="2884" timestamp="2019-08-04T20:02:44.179" threadId="0000000001BEF888" success="true" />
<exclusive-end id="2885" timestamp="2019-08-04T20:02:44.179" durationms="15.428" />

<exclusive-start id="2886" timestamp="2019-08-04T20:02:44.192" intervalms="28.753">
  <response-info timems="0.044" idlems="0.044" threads="0" lastid="0000000001BEEF00" lastname="main" />
</exclusive-start>
<af-start id="2887" threadId="0000000001BEF888" totalBytesRequested="32" timestamp="2019-08-04T20:02:44.192" intervalms="28.760" />
<cycle-start id="2888" type="global" contextid="0" timestamp="2019-08-04T20:02:44.192" intervalms="28.763" />
  <attribute name="GC Util" value="547" />
  <attribute name="CPU Util" value="1370852672506" />
  <attribute name="Time Running"value="111790"/>
  <attribute name="Number of cores"value="16"/>
<gc-start id="2889" type="global" contextid="2888" timestamp="2019-08-04T20:02:44.192">
  <mem-info id="2890" free="450560" total="45088768" percent="0">
    <mem type="tenure" free="450560" total="45088768" percent="0">
      <mem type="soa" free="0" total="44638208" percent="0" />
      <mem type="loa" free="450560" total="450560" percent="100" />
    </mem>
  </mem-info>
</gc-start>
<allocation-stats totalBytes="26606976" >
  <allocated-bytes non-tlh="0" tlh="26606976" />
  <largest-consumer threadName="main" threadId="0000000001BEEF00" bytes="26606976" />
</allocation-stats>
<gc-op id="2891" type="mark" timems="9.573" contextid="2888" timestamp="2019-08-04T20:02:44.202">
  <trace-info objectcount="600729" scancount="521625" scanbytes="13387304" />
  <finalization candidates="80" enqueued="0" />
  <ownableSynchronizers candidates="21" cleared="0" />
  <references type="soft" candidates="3261" cleared="0" enqueued="0" dynamicThreshold="19" maxThreshold="32" />
  <references type="weak" candidates="5664" cleared="0" enqueued="0" />
  <references type="phantom" candidates="97" cleared="0" enqueued="0" />
  <stringconstants candidates="13585" cleared="0"  />
</gc-op>
<gc-op id="2892" type="sweep" timems="2.111" contextid="2888" timestamp="2019-08-04T20:02:44.204" />
<gc-end id="2893" type="global" contextid="2888" durationms="11.843" usertimems="59.715" systemtimems="0.000" timestamp="2019-08-04T20:02:44.204" activeThreads="16">
  <mem-info id="2894" free="27079344" total="45088768" percent="60">
    <mem type="tenure" free="27079344" total="45088768" percent="60" micro-fragmented="0" macro-fragmented="0">
      <mem type="soa" free="26628784" total="44638208" percent="59" />
      <mem type="loa" free="450560" total="450560" percent="100" />
    </mem>
  </mem-info>
</gc-end>
<cycle-end id="2895" type="global" contextid="2888" timestamp="2019-08-04T20:02:44.204">
  <attribute name="GC Util" value="516" />
  <attribute name="CPU Util" value="1926967999835" />
  <attribute name="Time Running"value="111815"/>
  <attribute name="Number of cores"value="16"/>
</cycle-end>
<allocation-satisfied id="2896" threadId="0000000001BEEF00" bytesRequested="32" />
<af-end id="2897" timestamp="2019-08-04T20:02:44.204" threadId="0000000001BEF888" success="true" />
<exclusive-end id="2898" timestamp="2019-08-04T20:02:44.204" durationms="12.101" />

<exclusive-start id="2899" timestamp="2019-08-04T20:02:44.219" intervalms="26.907">
  <response-info timems="0.121" idlems="0.121" threads="0" lastid="0000000001BEEF00" lastname="main" />
</exclusive-start>
<af-start id="2900" threadId="0000000001BEF888" totalBytesRequested="32" timestamp="2019-08-04T20:02:44.219" intervalms="26.903" />
<cycle-start id="2901" type="global" contextid="0" timestamp="2019-08-04T20:02:44.219" intervalms="26.900" />
  <attribute name="GC Util" value="516" />
  <attribute name="CPU Util" value="1926967999835" />
  <attribute name="Time Running"value="111815"/>
  <attribute name="Number of cores"value="16"/>
<gc-start id="2902" type="global" contextid="2901" timestamp="2019-08-04T20:02:44.219">
  <mem-info id="2903" free="450560" total="45088768" percent="0">
    <mem type="tenure" free="450560" total="45088768" percent="0">
      <mem type="soa" free="0" total="44638208" percent="0" />
      <mem type="loa" free="450560" total="450560" percent="100" />
    </mem>
  </mem-info>
</gc-start>
<allocation-stats totalBytes="26606880" >
  <allocated-bytes non-tlh="0" tlh="26606880" />
  <largest-consumer threadName="main" threadId="0000000001BEEF00" bytes="26606880" />
</allocation-stats>
<gc-op id="2904" type="mark" timems="11.404" contextid="2901" timestamp="2019-08-04T20:02:44.231">
  <trace-info objectcount="600732" scancount="521633" scanbytes="13387352" />
  <finalization candidates="80" enqueued="0" />
  <ownableSynchronizers candidates="21" cleared="0" />
  <references type="soft" candidates="3261" cleared="0" enqueued="0" dynamicThreshold="19" maxThreshold="32" />
  <references type="weak" candidates="5664" cleared="0" enqueued="0" />
  <references type="phantom" candidates="97" cleared="0" enqueued="0" />
  <stringconstants candidates="13585" cleared="0"  />
</gc-op>
<gc-op id="2905" type="sweep" timems="1.564" contextid="2901" timestamp="2019-08-04T20:02:44.232" />
<gc-end id="2906" type="global" contextid="2901" durationms="13.123" usertimems="75.074" systemtimems="0.000" timestamp="2019-08-04T20:02:44.232" activeThreads="16">
  <mem-info id="2907" free="27104024" total="45088768" percent="60">
    <mem type="tenure" free="27104024" total="45088768" percent="60" micro-fragmented="0" macro-fragmented="0">
      <mem type="soa" free="26653464" total="44638208" percent="59" />
      <mem type="loa" free="450560" total="450560" percent="100" />
    </mem>
  </mem-info>
</gc-end>
<cycle-end id="2908" type="global" contextid="2901" timestamp="2019-08-04T20:02:44.232">
  <attribute name="GC Util" value="453" />
  <attribute name="CPU Util" value="1616362620838" />
  <attribute name="Time Running"value="111844"/>
  <attribute name="Number of cores"value="16"/>
</cycle-end>
<allocation-satisfied id="2909" threadId="0000000001BEEF00" bytesRequested="32" />
<af-end id="2910" timestamp="2019-08-04T20:02:44.232" threadId="0000000001BEF888" success="true" />
<exclusive-end id="2911" timestamp="2019-08-04T20:02:44.232" durationms="13.333" />

<exclusive-start id="2912" timestamp="2019-08-04T20:02:44.246" intervalms="26.580">
  <response-info timems="0.045" idlems="0.045" threads="0" lastid="0000000001BEEF00" lastname="main" />
</exclusive-start>
<af-start id="2913" threadId="0000000001BEF888" totalBytesRequested="24" timestamp="2019-08-04T20:02:44.246" intervalms="26.579" />
<cycle-start id="2914" type="global" contextid="0" timestamp="2019-08-04T20:02:44.246" intervalms="26.579" />
  <attribute name="GC Util" value="453" />
  <attribute name="CPU Util" value="1616362620838" />
  <attribute name="Time Running"value="111844"/>
  <attribute name="Number of cores"value="16"/>
<gc-start id="2915" type="global" contextid="2914" timestamp="2019-08-04T20:02:44.246">
  <mem-info id="2916" free="450560" total="45088768" percent="0">
    <mem type="tenure" free="450560" total="45088768" percent="0">
      <mem type="soa" free="0" total="44638208" percent="0" />
      <mem type="loa" free="450560" total="450560" percent="100" />
    </mem>
  </mem-info>
</gc-start>
<allocation-stats totalBytes="26607616" >
  <allocated-bytes non-tlh="0" tlh="26607616" />
  <largest-consumer threadName="main" threadId="0000000001BEEF00" bytes="26607616" />
</allocation-stats>
<gc-op id="2917" type="mark" timems="9.248" contextid="2914" timestamp="2019-08-04T20:02:44.255">
  <trace-info objectcount="600730" scancount="521620" scanbytes="13387336" />
  <finalization candidates="80" enqueued="0" />
  <ownableSynchronizers candidates="21" cleared="0" />
  <references type="soft" candidates="3261" cleared="0" enqueued="0" dynamicThreshold="19" maxThreshold="32" />
  <references type="weak" candidates="5664" cleared="0" enqueued="0" />
  <references type="phantom" candidates="97" cleared="0" enqueued="0" />
  <stringconstants candidates="13585" cleared="0"  />
</gc-op>
<gc-op id="2918" type="sweep" timems="1.543" contextid="2914" timestamp="2019-08-04T20:02:44.257" />
<gc-end id="2919" type="global" contextid="2914" durationms="10.919" usertimems="67.897" systemtimems="0.000" timestamp="2019-08-04T20:02:44.257" activeThreads="16">
  <mem-info id="2920" free="27076136" total="45088768" percent="60">
    <mem type="tenure" free="27076136" total="45088768" percent="60" micro-fragmented="0" macro-fragmented="0">
      <mem type="soa" free="26625576" total="44638208" percent="59" />
      <mem type="loa" free="450560" total="450560" percent="100" />
    </mem>
  </mem-info>
</gc-end>
<cycle-end id="2921" type="global" contextid="2914" timestamp="2019-08-04T20:02:44.257">
  <attribute name="GC Util" value="511" />
  <attribute name="CPU Util" value="1990169873097" />
  <attribute name="Time Running"value="111868"/>
  <attribute name="Number of cores"value="16"/>
</cycle-end>
<allocation-satisfied id="2922" threadId="0000000001BEEF00" bytesRequested="24" />
<af-end id="2923" timestamp="2019-08-04T20:02:44.257" threadId="0000000001BEF888" success="true" />
<exclusive-end id="2924" timestamp="2019-08-04T20:02:44.257" durationms="11.137" />

<exclusive-start id="2925" timestamp="2019-08-04T20:02:44.386" intervalms="140.792">
  <response-info timems="0.041" idlems="0.041" threads="0" lastid="0000000001BEEF00" lastname="main" />
</exclusive-start>
<af-start id="2926" threadId="0000000001BEF888" totalBytesRequested="32" timestamp="2019-08-04T20:02:44.386" intervalms="140.790" />
<cycle-start id="2927" type="global" contextid="0" timestamp="2019-08-04T20:02:44.386" intervalms="140.788" />
  <attribute name="GC Util" value="511" />
  <attribute name="CPU Util" value="1990169873097" />
  <attribute name="Time Running"value="111868"/>
  <attribute name="Number of cores"value="16"/>
<gc-start id="2928" type="global" contextid="2927" timestamp="2019-08-04T20:02:44.387">
  <mem-info id="2929" free="450560" total="45088768" percent="0">
    <mem type="tenure" free="450560" total="45088768" percent="0">
      <mem type="soa" free="0" total="44638208" percent="0" />
      <mem type="loa" free="450560" total="450560" percent="100" />
    </mem>
  </mem-info>
</gc-start>
<allocation-stats totalBytes="26619408" >
  <allocated-bytes non-tlh="0" tlh="26619408" />
  <largest-consumer threadName="main" threadId="0000000001BEEF00" bytes="26619408" />
</allocation-stats>
<gc-op id="2930" type="mark" timems="9.816" contextid="2927" timestamp="2019-08-04T20:02:44.396">
  <trace-info objectcount="600748" scancount="521648" scanbytes="13387784" />
  <finalization candidates="80" enqueued="0" />
  <ownableSynchronizers candidates="21" cleared="0" />
  <references type="soft" candidates="3261" cleared="0" enqueued="0" dynamicThreshold="19" maxThreshold="32" />
  <references type="weak" candidates="5664" cleared="0" enqueued="0" />
  <references type="phantom" candidates="97" cleared="0" enqueued="0" />
  <stringconstants candidates="13585" cleared="0"  />
</gc-op>
<gc-op id="2931" type="sweep" timems="1.420" contextid="2927" timestamp="2019-08-04T20:02:44.398" />
<gc-end id="2932" type="global" contextid="2927" durationms="11.366" usertimems="68.263" systemtimems="0.000" timestamp="2019-08-04T20:02:44.398" activeThreads="16">
  <mem-info id="2933" free="27074992" total="45088768" percent="60">
    <mem type="tenure" free="27074992" total="45088768" percent="60" micro-fragmented="0" macro-fragmented="0">
      <mem type="soa" free="26624432" total="44638208" percent="59" />
      <mem type="loa" free="450560" total="450560" percent="100" />
    </mem>
  </mem-info>
</gc-end>
<cycle-end id="2934" type="global" contextid="2927" timestamp="2019-08-04T20:02:44.398">
  <attribute name="GC Util" value="532" />
  <attribute name="CPU Util" value="1874379110007" />
  <attribute name="Time Running"value="112010"/>
  <attribute name="Number of cores"value="16"/>
</cycle-end>
<allocation-satisfied id="2935" threadId="0000000001BEEF00" bytesRequested="32" />
<af-end id="2936" timestamp="2019-08-04T20:02:44.398" threadId="0000000001BEF888" success="true" />
<exclusive-end id="2937" timestamp="2019-08-04T20:02:44.398" durationms="11.585" />

<exclusive-start id="2938" timestamp="2019-08-04T20:02:44.463" intervalms="77.026">
  <response-info timems="0.038" idlems="0.038" threads="0" lastid="0000000001BEEF00" lastname="main" />
</exclusive-start>
<af-start id="2939" threadId="0000000001BEF888" totalBytesRequested="16" timestamp="2019-08-04T20:02:44.463" intervalms="77.028" />
<cycle-start id="2940" type="global" contextid="0" timestamp="2019-08-04T20:02:44.463" intervalms="77.030" />
  <attribute name="GC Util" value="532" />
  <attribute name="CPU Util" value="1874379110007" />
  <attribute name="Time Running"value="112010"/>
  <attribute name="Number of cores"value="16"/>
<gc-start id="2941" type="global" contextid="2940" timestamp="2019-08-04T20:02:44.464">
  <mem-info id="2942" free="450560" total="45088768" percent="0">
    <mem type="tenure" free="450560" total="45088768" percent="0">
      <mem type="soa" free="0" total="44638208" percent="0" />
      <mem type="loa" free="450560" total="450560" percent="100" />
    </mem>
  </mem-info>
</gc-start>
<allocation-stats totalBytes="26626544" >
  <allocated-bytes non-tlh="0" tlh="26626544" />
  <largest-consumer threadName="main" threadId="0000000001BEEF00" bytes="26626544" />
</allocation-stats>
<gc-op id="2943" type="mark" timems="9.216" contextid="2940" timestamp="2019-08-04T20:02:44.473">
  <trace-info objectcount="600756" scancount="521651" scanbytes="13387928" />
  <finalization candidates="80" enqueued="0" />
  <ownableSynchronizers candidates="21" cleared="0" />
  <references type="soft" candidates="3261" cleared="0" enqueued="0" dynamicThreshold="19" maxThreshold="32" />
  <references type="weak" candidates="5664" cleared="0" enqueued="0" />
  <references type="phantom" candidates="97" cleared="0" enqueued="0" />
  <stringconstants candidates="13585" cleared="0"  />
</gc-op>
<gc-op id="2944" type="sweep" timems="2.002" contextid="2940" timestamp="2019-08-04T20:02:44.475" />
<gc-end id="2945" type="global" contextid="2940" durationms="11.345" usertimems="78.635" systemtimems="0.000" timestamp="2019-08-04T20:02:44.475" activeThreads="16">
  <mem-info id="2946" free="27073424" total="45088768" percent="60">
    <mem type="tenure" free="27073424" total="45088768" percent="60" micro-fragmented="0" macro-fragmented="0">
      <mem type="soa" free="26622864" total="44638208" percent="59" />
      <mem type="loa" free="450560" total="450560" percent="100" />
    </mem>
  </mem-info>
</gc-end>
<cycle-end id="2947" type="global" contextid="2940" timestamp="2019-08-04T20:02:44.475">
  <attribute name="GC Util" value="613" />
  <attribute name="CPU Util" value="1998303713896" />
  <attribute name="Time Running"value="112086"/>
  <attribute name="Number of cores"value="16"/>
</cycle-end>
<allocation-satisfied id="2948" threadId="0000000001BEEF00" bytesRequested="16" />
<af-end id="2949" timestamp="2019-08-04T20:02:44.475" threadId="0000000001BEF888" success="true" />
<exclusive-end id="2950" timestamp="2019-08-04T20:02:44.475" durationms="11.556" />

<exclusive-start id="2951" timestamp="2019-08-04T20:02:44.518" intervalms="54.305">
  <response-info timems="0.088" idlems="0.088" threads="0" lastid="0000000001BEEF00" lastname="main" />
</exclusive-start>
<af-start id="2952" threadId="0000000001BEF888" totalBytesRequested="208" timestamp="2019-08-04T20:02:44.518" intervalms="54.304" />
<cycle-start id="2953" type="global" contextid="0" timestamp="2019-08-04T20:02:44.518" intervalms="54.304" />
  <attribute name="GC Util" value="613" />
  <attribute name="CPU Util" value="1998303713896" />
  <attribute name="Time Running"value="112086"/>
  <attribute name="Number of cores"value="16"/>
<gc-start id="2954" type="global" contextid="2953" timestamp="2019-08-04T20:02:44.518">
  <mem-info id="2955" free="450560" total="45088768" percent="0">
    <mem type="tenure" free="450560" total="45088768" percent="0">
      <mem type="soa" free="0" total="44638208" percent="0" />
      <mem type="loa" free="450560" total="450560" percent="100" />
    </mem>
  </mem-info>
</gc-start>
<allocation-stats totalBytes="26630640" >
  <allocated-bytes non-tlh="0" tlh="26630640" />
  <largest-consumer threadName="main" threadId="0000000001BEEF00" bytes="26630640" />
</allocation-stats>
<gc-op id="2956" type="mark" timems="9.718" contextid="2953" timestamp="2019-08-04T20:02:44.528">
  <trace-info objectcount="600757" scancount="521662" scanbytes="13388480" />
  <finalization candidates="80" enqueued="0" />
  <ownableSynchronizers candidates="21" cleared="0" />
  <references type="soft" candidates="3261" cleared="0" enqueued="0" dynamicThreshold="19" maxThreshold="32" />
  <references type="weak" candidates="5664" cleared="0" enqueued="0" />
  <references type="phantom" candidates="97" cleared="0" enqueued="0" />
  <stringconstants candidates="13585" cleared="0"  />
</gc-op>
<gc-op id="2957" type="sweep" timems="1.572" contextid="2953" timestamp="2019-08-04T20:02:44.529" />
<gc-end id="2958" type="global" contextid="2953" durationms="11.419" usertimems="79.899" systemtimems="0.000" timestamp="2019-08-04T20:02:44.529" activeThreads="16">
  <mem-info id="2959" free="27040096" total="45088768" percent="59">
    <mem type="tenure" free="27040096" total="45088768" percent="59" micro-fragmented="0" macro-fragmented="0">
      <mem type="soa" free="26589536" total="44638208" percent="59" />
      <mem type="loa" free="450560" total="450560" percent="100" />
    </mem>
  </mem-info>
</gc-end>
<cycle-end id="2960" type="global" contextid="2953" timestamp="2019-08-04T20:02:44.529">
  <attribute name="GC Util" value="603" />
  <attribute name="CPU Util" value="1893756709816" />
  <attribute name="Time Running"value="112141"/>
  <attribute name="Number of cores"value="16"/>
</cycle-end>
<allocation-satisfied id="2961" threadId="0000000001BEEF00" bytesRequested="208" />
<af-end id="2962" timestamp="2019-08-04T20:02:44.529" threadId="0000000001BEF888" success="true" />
<exclusive-end id="2963" timestamp="2019-08-04T20:02:44.529" durationms="11.633" />

<exclusive-start id="2964" timestamp="2019-08-04T20:02:44.549" intervalms="31.722">
  <response-info timems="0.042" idlems="0.042" threads="0" lastid="0000000001BEEF00" lastname="main" />
</exclusive-start>
<af-start id="2965" threadId="0000000001BEF888" totalBytesRequested="408" timestamp="2019-08-04T20:02:44.549" intervalms="31.724" />
<cycle-start id="2966" type="global" contextid="0" timestamp="2019-08-04T20:02:44.549" intervalms="31.725" />
  <attribute name="GC Util" value="603" />
  <attribute name="CPU Util" value="1893756709816" />
  <attribute name="Time Running"value="112141"/>
  <attribute name="Number of cores"value="16"/>
<gc-start id="2967" type="global" contextid="2966" timestamp="2019-08-04T20:02:44.550">
  <mem-info id="2968" free="450560" total="45088768" percent="0">
    <mem type="tenure" free="450560" total="45088768" percent="0">
      <mem type="soa" free="0" total="44638208" percent="0" />
      <mem type="loa" free="450560" total="450560" percent="100" />
    </mem>
  </mem-info>
</gc-start>
<allocation-stats totalBytes="26634792" >
  <allocated-bytes non-tlh="0" tlh="26634792" />
  <largest-consumer threadName="main" threadId="0000000001BEEF00" bytes="26634792" />
</allocation-stats>
<gc-op id="2969" type="mark" timems="10.596" contextid="2966" timestamp="2019-08-04T20:02:44.560">
  <trace-info objectcount="600757" scancount="521653" scanbytes="13388836" />
  <finalization candidates="80" enqueued="0" />
  <ownableSynchronizers candidates="21" cleared="0" />
  <references type="soft" candidates="3261" cleared="0" enqueued="0" dynamicThreshold="19" maxThreshold="32" />
  <references type="weak" candidates="5664" cleared="0" enqueued="0" />
  <references type="phantom" candidates="97" cleared="0" enqueued="0" />
  <stringconstants candidates="13585" cleared="0"  />
</gc-op>
<gc-op id="2970" type="sweep" timems="1.556" contextid="2966" timestamp="2019-08-04T20:02:44.562" />
<gc-end id="2971" type="global" contextid="2966" durationms="12.272" usertimems="77.326" systemtimems="0.000" timestamp="2019-08-04T20:02:44.562" activeThreads="16">
  <mem-info id="2972" free="27039464" total="45088768" percent="59">
    <mem type="tenure" free="27039464" total="45088768" percent="59" micro-fragmented="0" macro-fragmented="0">
      <mem type="soa" free="26588904" total="44638208" percent="59" />
      <mem type="loa" free="450560" total="450560" percent="100" />
    </mem>
  </mem-info>
</gc-end>
<cycle-end id="2973" type="global" contextid="2966" timestamp="2019-08-04T20:02:44.562">
  <attribute name="GC Util" value="568" />
  <attribute name="CPU Util" value="1738563695408" />
  <attribute name="Time Running"value="112173"/>
  <attribute name="Number of cores"value="16"/>
</cycle-end>
<allocation-satisfied id="2974" threadId="0000000001BEEF00" bytesRequested="408" />
<af-end id="2975" timestamp="2019-08-04T20:02:44.562" threadId="0000000001BEF888" success="true" />
<exclusive-end id="2976" timestamp="2019-08-04T20:02:44.562" durationms="12.493" />

<exclusive-start id="2977" timestamp="2019-08-04T20:02:44.582" intervalms="32.621">
  <response-info timems="0.020" idlems="0.020" threads="0" lastid="0000000001BEEF00" lastname="main" />
</exclusive-start>
<af-start id="2978" threadId="0000000001BEF888" totalBytesRequested="408" timestamp="2019-08-04T20:02:44.582" intervalms="32.620" />
<cycle-start id="2979" type="global" contextid="0" timestamp="2019-08-04T20:02:44.582" intervalms="32.620" />
  <attribute name="GC Util" value="568" />
  <attribute name="CPU Util" value="1738563695408" />
  <attribute name="Time Running"value="112173"/>
  <attribute name="Number of cores"value="16"/>
<gc-start id="2980" type="global" contextid="2979" timestamp="2019-08-04T20:02:44.582">
  <mem-info id="2981" free="450560" total="45088768" percent="0">
    <mem type="tenure" free="450560" total="45088768" percent="0">
      <mem type="soa" free="0" total="44638208" percent="0" />
      <mem type="loa" free="450560" total="450560" percent="100" />
    </mem>
  </mem-info>
</gc-start>
<allocation-stats totalBytes="26633616" >
  <allocated-bytes non-tlh="0" tlh="26633616" />
  <largest-consumer threadName="main" threadId="0000000001BEEF00" bytes="26633616" />
</allocation-stats>
<gc-op id="2982" type="mark" timems="9.344" contextid="2979" timestamp="2019-08-04T20:02:44.592">
  <trace-info objectcount="600757" scancount="521660" scanbytes="13388836" />
  <finalization candidates="80" enqueued="0" />
  <ownableSynchronizers candidates="21" cleared="0" />
  <references type="soft" candidates="3261" cleared="0" enqueued="0" dynamicThreshold="19" maxThreshold="32" />
  <references type="weak" candidates="5664" cleared="0" enqueued="0" />
  <references type="phantom" candidates="97" cleared="0" enqueued="0" />
  <stringconstants candidates="13585" cleared="0"  />
</gc-op>
<gc-op id="2983" type="sweep" timems="1.831" contextid="2979" timestamp="2019-08-04T20:02:44.593" />
<gc-end id="2984" type="global" contextid="2979" durationms="11.323" usertimems="60.793" systemtimems="0.000" timestamp="2019-08-04T20:02:44.593" activeThreads="16">
  <mem-info id="2985" free="27039336" total="45088768" percent="59">
    <mem type="tenure" free="27039336" total="45088768" percent="59" micro-fragmented="0" macro-fragmented="0">
      <mem type="soa" free="26588776" total="44638208" percent="59" />
      <mem type="loa" free="450560" total="450560" percent="100" />
    </mem>
  </mem-info>
</gc-end>
<cycle-end id="2986" type="global" contextid="2979" timestamp="2019-08-04T20:02:44.594">
  <attribute name="GC Util" value="543" />
  <attribute name="CPU Util" value="1969789648064" />
  <attribute name="Time Running"value="112205"/>
  <attribute name="Number of cores"value="16"/>
</cycle-end>
<allocation-satisfied id="2987" threadId="0000000001BEEF00" bytesRequested="408" />
<af-end id="2988" timestamp="2019-08-04T20:02:44.594" threadId="0000000001BEF888" success="true" />
<exclusive-end id="2989" timestamp="2019-08-04T20:02:44.594" durationms="11.526" />

<exclusive-start id="2990" timestamp="2019-08-04T20:02:44.791" intervalms="209.076">
  <response-info timems="0.093" idlems="0.093" threads="0" lastid="0000000001BEEF00" lastname="main" />
</exclusive-start>
<af-start id="2991" threadId="0000000001BEF888" totalBytesRequested="2024" timestamp="2019-08-04T20:02:44.791" intervalms="209.075" />
<cycle-start id="2992" type="global" contextid="0" timestamp="2019-08-04T20:02:44.791" intervalms="209.091" />
  <attribute name="GC Util" value="543" />
  <attribute name="CPU Util" value="1969789648064" />
  <attribute name="Time Running"value="112205"/>
  <attribute name="Number of cores"value="16"/>
<gc-start id="2993" type="global" contextid="2992" timestamp="2019-08-04T20:02:44.791">
  <mem-info id="2994" free="450560" total="45088768" percent="0">
    <mem type="tenure" free="450560" total="45088768" percent="0">
      <mem type="soa" free="0" total="44638208" percent="0" />
      <mem type="loa" free="450560" total="450560" percent="100" />
    </mem>
  </mem-info>
</gc-start>
<allocation-stats totalBytes="26610624" >
  <allocated-bytes non-tlh="5784" tlh="26604840" />
  <largest-consumer threadName="main" threadId="0000000001BEEF00" bytes="26610624" />
</allocation-stats>
<gc-op id="2995" type="mark" timems="9.174" contextid="2992" timestamp="2019-08-04T20:02:44.800">
  <trace-info objectcount="598842" scancount="519871" scanbytes="13341644" />
  <finalization candidates="80" enqueued="0" />
  <ownableSynchronizers candidates="21" cleared="0" />
  <references type="soft" candidates="3277" cleared="1422" enqueued="711" dynamicThreshold="19" maxThreshold="32" />
  <references type="weak" candidates="5722" cleared="10" enqueued="7" />
  <references type="phantom" candidates="97" cleared="0" enqueued="0" />
  <stringconstants candidates="13622" cleared="389"  />
</gc-op>
<gc-op id="2996" type="sweep" timems="2.326" contextid="2992" timestamp="2019-08-04T20:02:44.803" />
<gc-end id="2997" type="global" contextid="2992" durationms="11.859" usertimems="61.593" systemtimems="0.000" timestamp="2019-08-04T20:02:44.803" activeThreads="16">
  <mem-info id="2998" free="27036320" total="45088768" percent="59">
    <mem type="tenure" free="27036320" total="45088768" percent="59" micro-fragmented="69463" macro-fragmented="0">
      <mem type="soa" free="26585760" total="44638208" percent="59" />
      <mem type="loa" free="450560" total="450560" percent="100" />
    </mem>
    <pending-finalizers system="0" default="0" reference="718" classloader="0" />
  </mem-info>
</gc-end>
<cycle-end id="2999" type="global" contextid="2992" timestamp="2019-08-04T20:02:44.803">
  <attribute name="GC Util" value="568" />
  <attribute name="CPU Util" value="1958137211287" />
  <attribute name="Time Running"value="112414"/>
  <attribute name="Number of cores"value="16"/>
</cycle-end>
<allocation-satisfied id="3000" threadId="0000000001BEEF00" bytesRequested="2024" />
<af-end id="3001" timestamp="2019-08-04T20:02:44.803" threadId="0000000001BEF888" success="true" />
<exclusive-end id="3002" timestamp="2019-08-04T20:02:44.803" durationms="12.143" />

<exclusive-start id="3003" timestamp="2019-08-04T20:02:44.848" intervalms="57.037">
  <response-info timems="0.052" idlems="0.052" threads="0" lastid="0000000001BEEF00" lastname="main" />
</exclusive-start>
<af-start id="3004" threadId="0000000001BEF888" totalBytesRequested="1008" timestamp="2019-08-04T20:02:44.848" intervalms="57.045" />
<cycle-start id="3005" type="global" contextid="0" timestamp="2019-08-04T20:02:44.848" intervalms="57.033" />
  <attribute name="GC Util" value="568" />
  <attribute name="CPU Util" value="1958137211287" />
  <attribute name="Time Running"value="112414"/>
  <attribute name="Number of cores"value="16"/>
<gc-start id="3006" type="global" contextid="3005" timestamp="2019-08-04T20:02:44.848">
  <mem-info id="3007" free="450560" total="45088768" percent="0">
    <mem type="tenure" free="450560" total="45088768" percent="0">
      <mem type="soa" free="0" total="44638208" percent="0" />
      <mem type="loa" free="450560" total="450560" percent="100" />
    </mem>
  </mem-info>
</gc-start>
<allocation-stats totalBytes="26527744" >
  <allocated-bytes non-tlh="9096" tlh="26518648" />
  <largest-consumer threadName="main" threadId="0000000001BEEF00" bytes="26488352" />
</allocation-stats>
<gc-op id="3008" type="mark" timems="15.087" contextid="3005" timestamp="2019-08-04T20:02:44.863">
  <trace-info objectcount="598831" scancount="519901" scanbytes="13344452" />
  <finalization candidates="80" enqueued="0" />
  <ownableSynchronizers candidates="21" cleared="0" />
  <references type="soft" candidates="1855" cleared="0" enqueued="0" dynamicThreshold="19" maxThreshold="32" />
  <references type="weak" candidates="5712" cleared="0" enqueued="0" />
  <references type="phantom" candidates="97" cleared="0" enqueued="0" />
  <stringconstants candidates="13233" cleared="0"  />
</gc-op>
<gc-op id="3009" type="sweep" timems="3.232" contextid="3005" timestamp="2019-08-04T20:02:44.867" />
<gc-end id="3010" type="global" contextid="3005" durationms="18.446" usertimems="72.164" systemtimems="0.000" timestamp="2019-08-04T20:02:44.867" activeThreads="16">
  <mem-info id="3011" free="27037504" total="45088768" percent="59">
    <mem type="tenure" free="27037504" total="45088768" percent="59" micro-fragmented="69463" macro-fragmented="0">
      <mem type="soa" free="26586944" total="44638208" percent="59" />
      <mem type="loa" free="450560" total="450560" percent="100" />
    </mem>
  </mem-info>
</gc-end>
<cycle-end id="3012" type="global" contextid="3005" timestamp="2019-08-04T20:02:44.867">
  <attribute name="GC Util" value="404" />
  <attribute name="CPU Util" value="1220299768318" />
  <attribute name="Time Running"value="112477"/>
  <attribute name="Number of cores"value="16"/>
</cycle-end>
<allocation-satisfied id="3013" threadId="0000000001BEEF00" bytesRequested="1008" />
<af-end id="3014" timestamp="2019-08-04T20:02:44.867" threadId="0000000001BEF888" success="true" />
<exclusive-end id="3015" timestamp="2019-08-04T20:02:44.867" durationms="18.674" />

<exclusive-start id="3016" timestamp="2019-08-04T20:02:44.908" intervalms="59.503">
  <response-info timems="0.048" idlems="0.048" threads="0" lastid="0000000001BEEF00" lastname="main" />
</exclusive-start>
<af-start id="3017" threadId="0000000001BEF888" totalBytesRequested="1008" timestamp="2019-08-04T20:02:44.908" intervalms="59.496" />
<cycle-start id="3018" type="global" contextid="0" timestamp="2019-08-04T20:02:44.908" intervalms="59.494" />
  <attribute name="GC Util" value="404" />
  <attribute name="CPU Util" value="1220299768318" />
  <attribute name="Time Running"value="112477"/>
  <attribute name="Number of cores"value="16"/>
<gc-start id="3019" type="global" contextid="3018" timestamp="2019-08-04T20:02:44.908">
  <mem-info id="3020" free="450560" total="45088768" percent="0">
    <mem type="tenure" free="450560" total="45088768" percent="0">
      <mem type="soa" free="0" total="44638208" percent="0" />
      <mem type="loa" free="450560" total="450560" percent="100" />
    </mem>
  </mem-info>
</gc-start>
<allocation-stats totalBytes="26544280" >
  <allocated-bytes non-tlh="10080" tlh="26534200" />
  <largest-consumer threadName="main" threadId="0000000001BEEF00" bytes="26544280" />
</allocation-stats>
<gc-op id="3021" type="mark" timems="8.787" contextid="3018" timestamp="2019-08-04T20:02:44.917">
  <trace-info objectcount="598832" scancount="519864" scanbytes="13344476" />
  <finalization candidates="80" enqueued="0" />
  <ownableSynchronizers candidates="21" cleared="0" />
  <references type="soft" candidates="1855" cleared="0" enqueued="0" dynamicThreshold="19" maxThreshold="32" />
  <references type="weak" candidates="5712" cleared="0" enqueued="0" />
  <references type="phantom" candidates="97" cleared="0" enqueued="0" />
  <stringconstants candidates="13233" cleared="0"  />
</gc-op>
<gc-op id="3022" type="sweep" timems="1.814" contextid="3018" timestamp="2019-08-04T20:02:44.918" />
<gc-end id="3023" type="global" contextid="3018" durationms="10.734" usertimems="57.381" systemtimems="0.000" timestamp="2019-08-04T20:02:44.919" activeThreads="16">
  <mem-info id="3024" free="27037480" total="45088768" percent="59">
    <mem type="tenure" free="27037480" total="45088768" percent="59" micro-fragmented="69463" macro-fragmented="0">
      <mem type="soa" free="26586920" total="44638208" percent="59" />
      <mem type="loa" free="450560" total="450560" percent="100" />
    </mem>
  </mem-info>
</gc-end>
<cycle-end id="3025" type="global" contextid="3018" timestamp="2019-08-04T20:02:44.919">
  <attribute name="GC Util" value="532" />
  <attribute name="CPU Util" value="2098941332267" />
  <attribute name="Time Running"value="112530"/>
  <attribute name="Number of cores"value="16"/>
</cycle-end>
<allocation-satisfied id="3026" threadId="0000000001BEEF00" bytesRequested="1008" />
<af-end id="3027" timestamp="2019-08-04T20:02:44.919" threadId="0000000001BEF888" success="true" />
<exclusive-end id="3028" timestamp="2019-08-04T20:02:44.919" durationms="10.936" />

<exclusive-start id="3029" timestamp="2019-08-04T20:02:45.181" intervalms="273.777">
  <response-info timems="0.198" idlems="0.198" threads="0" lastid="0000000001BEEF00" lastname="main" />
</exclusive-start>
<af-start id="3030" threadId="0000000001BEF888" totalBytesRequested="80" timestamp="2019-08-04T20:02:45.181" intervalms="273.784" />
<cycle-start id="3031" type="global" contextid="0" timestamp="2019-08-04T20:02:45.182" intervalms="273.786" />
  <attribute name="GC Util" value="532" />
  <attribute name="CPU Util" value="2098941332267" />
  <attribute name="Time Running"value="112530"/>
  <attribute name="Number of cores"value="16"/>
<gc-start id="3032" type="global" contextid="3031" timestamp="2019-08-04T20:02:45.182">
  <mem-info id="3033" free="450560" total="45088768" percent="0">
    <mem type="tenure" free="450560" total="45088768" percent="0">
      <mem type="soa" free="0" total="44638208" percent="0" />
      <mem type="loa" free="450560" total="450560" percent="100" />
    </mem>
  </mem-info>
</gc-start>
<allocation-stats totalBytes="26570632" >
  <allocated-bytes non-tlh="0" tlh="26570632" />
  <largest-consumer threadName="main" threadId="0000000001BEEF00" bytes="26570632" />
</allocation-stats>
<gc-op id="3034" type="mark" timems="10.195" contextid="3031" timestamp="2019-08-04T20:02:45.192">
  <trace-info objectcount="598851" scancount="519881" scanbytes="13345196" />
  <finalization candidates="80" enqueued="0" />
  <ownableSynchronizers candidates="21" cleared="0" />
  <references type="soft" candidates="1855" cleared="0" enqueued="0" dynamicThreshold="19" maxThreshold="32" />
  <references type="weak" candidates="5734" cleared="0" enqueued="0" />
  <references type="phantom" candidates="97" cleared="0" enqueued="0" />
  <stringconstants candidates="13233" cleared="0"  />
</gc-op>
<gc-op id="3035" type="sweep" timems="2.016" contextid="3031" timestamp="2019-08-04T20:02:45.194" />
<gc-end id="3036" type="global" contextid="3031" durationms="12.344" usertimems="71.102" systemtimems="0.000" timestamp="2019-08-04T20:02:45.194" activeThreads="16">
  <mem-info id="3037" free="27038976" total="45088768" percent="59">
    <mem type="tenure" free="27038976" total="45088768" percent="59" micro-fragmented="70079" macro-fragmented="0">
      <mem type="soa" free="26588416" total="44638208" percent="59" />
      <mem type="loa" free="450560" total="450560" percent="100" />
    </mem>
  </mem-info>
</gc-end>
<cycle-end id="3038" type="global" contextid="3031" timestamp="2019-08-04T20:02:45.194">
  <attribute name="GC Util" value="534" />
  <attribute name="CPU Util" value="1791026972149" />
  <attribute name="Time Running"value="112805"/>
  <attribute name="Number of cores"value="16"/>
</cycle-end>
<allocation-satisfied id="3039" threadId="0000000001BEEF00" bytesRequested="80" />
<af-end id="3040" timestamp="2019-08-04T20:02:45.194" threadId="0000000001BEF888" success="true" />
<exclusive-end id="3041" timestamp="2019-08-04T20:02:45.194" durationms="12.569" />

<exclusive-start id="3042" timestamp="2019-08-04T20:02:45.416" intervalms="234.261">
  <response-info timems="0.070" idlems="0.070" threads="0" lastid="0000000001BEEF00" lastname="main" />
</exclusive-start>
<af-start id="3043" threadId="0000000001BEF888" totalBytesRequested="80" timestamp="2019-08-04T20:02:45.416" intervalms="234.256" />
<cycle-start id="3044" type="global" contextid="0" timestamp="2019-08-04T20:02:45.416" intervalms="234.253" />
  <attribute name="GC Util" value="534" />
  <attribute name="CPU Util" value="1791026972149" />
  <attribute name="Time Running"value="112805"/>
  <attribute name="Number of cores"value="16"/>
<gc-start id="3045" type="global" contextid="3044" timestamp="2019-08-04T20:02:45.416">
  <mem-info id="3046" free="450560" total="45088768" percent="0">
    <mem type="tenure" free="450560" total="45088768" percent="0">
      <mem type="soa" free="0" total="44638208" percent="0" />
      <mem type="loa" free="450560" total="450560" percent="100" />
    </mem>
  </mem-info>
</gc-start>
<allocation-stats totalBytes="26583104" >
  <allocated-bytes non-tlh="0" tlh="26583104" />
  <largest-consumer threadName="main" threadId="0000000001BEEF00" bytes="26583104" />
</allocation-stats>
<gc-op id="3047" type="mark" timems="9.092" contextid="3044" timestamp="2019-08-04T20:02:45.425">
  <trace-info objectcount="598856" scancount="519885" scanbytes="13345432" />
  <finalization candidates="80" enqueued="0" />
  <ownableSynchronizers candidates="21" cleared="0" />
  <references type="soft" candidates="1855" cleared="0" enqueued="0" dynamicThreshold="19" maxThreshold="32" />
  <references type="weak" candidates="5734" cleared="0" enqueued="0" />
  <references type="phantom" candidates="97" cleared="0" enqueued="0" />
  <stringconstants candidates="13233" cleared="0"  />
</gc-op>
<gc-op id="3048" type="sweep" timems="2.023" contextid="3044" timestamp="2019-08-04T20:02:45.427" />
<gc-end id="3049" type="global" contextid="3044" durationms="11.257" usertimems="75.346" systemtimems="0.000" timestamp="2019-08-04T20:02:45.427" activeThreads="16">
  <mem-info id="3050" free="27038688" total="45088768" percent="59">
    <mem type="tenure" free="27038688" total="45088768" percent="59" micro-fragmented="70079" macro-fragmented="0">
      <mem type="soa" free="26588128" total="44638208" percent="59" />
      <mem type="loa" free="450560" total="450560" percent="100" />
    </mem>
  </mem-info>
</gc-end>
<cycle-end id="3051" type="global" contextid="3044" timestamp="2019-08-04T20:02:45.427">
  <attribute name="GC Util" value="580" />
  <attribute name="CPU Util" value="2022954906920" />
  <attribute name="Time Running"value="113038"/>
  <attribute name="Number of cores"value="16"/>
</cycle-end>
<allocation-satisfied id="3052" threadId="0000000001BEEF00" bytesRequested="80" />
<af-end id="3053" timestamp="2019-08-04T20:02:45.427" threadId="0000000001BEF888" success="true" />
<exclusive-end id="3054" timestamp="2019-08-04T20:02:45.427" durationms="11.449" />

<exclusive-start id="3055" timestamp="2019-08-04T20:02:45.480" intervalms="64.796">
  <response-info timems="0.149" idlems="0.149" threads="0" lastid="0000000001BEEF00" lastname="main" />
</exclusive-start>
<af-start id="3056" threadId="0000000001BEF888" totalBytesRequested="80" timestamp="2019-08-04T20:02:45.481" intervalms="64.796" />
<cycle-start id="3057" type="global" contextid="0" timestamp="2019-08-04T20:02:45.481" intervalms="64.797" />
  <attribute name="GC Util" value="580" />
  <attribute name="CPU Util" value="2022954906920" />
  <attribute name="Time Running"value="113038"/>
  <attribute name="Number of cores"value="16"/>
<gc-start id="3058" type="global" contextid="3057" timestamp="2019-08-04T20:02:45.481">
  <mem-info id="3059" free="450560" total="45088768" percent="0">
    <mem type="tenure" free="450560" total="45088768" percent="0">
      <mem type="soa" free="0" total="44638208" percent="0" />
      <mem type="loa" free="450560" total="450560" percent="100" />
    </mem>
  </mem-info>
</gc-start>
<allocation-stats totalBytes="26583368" >
  <allocated-bytes non-tlh="0" tlh="26583368" />
  <largest-consumer threadName="main" threadId="0000000001BEEF00" bytes="26583368" />
</allocation-stats>
<gc-op id="3060" type="mark" timems="9.370" contextid="3057" timestamp="2019-08-04T20:02:45.490">
  <trace-info objectcount="598856" scancount="519888" scanbytes="13345428" />
  <finalization candidates="80" enqueued="0" />
  <ownableSynchronizers candidates="21" cleared="0" />
  <references type="soft" candidates="1855" cleared="0" enqueued="0" dynamicThreshold="19" maxThreshold="32" />
  <references type="weak" candidates="5734" cleared="0" enqueued="0" />
  <references type="phantom" candidates="97" cleared="0" enqueued="0" />
  <stringconstants candidates="13233" cleared="0"  />
</gc-op>
<gc-op id="3061" type="sweep" timems="2.460" contextid="3057" timestamp="2019-08-04T20:02:45.493" />
<gc-end id="3062" type="global" contextid="3057" durationms="11.986" usertimems="81.034" systemtimems="0.000" timestamp="2019-08-04T20:02:45.493" activeThreads="16">
  <mem-info id="3063" free="27038736" total="45088768" percent="59">
    <mem type="tenure" free="27038736" total="45088768" percent="59" micro-fragmented="70079" macro-fragmented="0">
      <mem type="soa" free="26588176" total="44638208" percent="59" />
      <mem type="loa" free="450560" total="450560" percent="100" />
    </mem>
  </mem-info>
</gc-end>
<cycle-end id="3064" type="global" contextid="3057" timestamp="2019-08-04T20:02:45.493">
  <attribute name="GC Util" value="617" />
  <attribute name="CPU Util" value="1962109307006" />
  <attribute name="Time Running"value="113103"/>
  <attribute name="Number of cores"value="16"/>
</cycle-end>
<allocation-satisfied id="3065" threadId="0000000001BEEF00" bytesRequested="80" />
<af-end id="3066" timestamp="2019-08-04T20:02:45.493" threadId="0000000001BEF888" success="true" />
<exclusive-end id="3067" timestamp="2019-08-04T20:02:45.493" durationms="12.205" />

<exclusive-start id="3068" timestamp="2019-08-04T20:02:45.544" intervalms="63.398">
  <response-info timems="0.072" idlems="0.072" threads="0" lastid="0000000001BEEF00" lastname="main" />
</exclusive-start>
<af-start id="3069" threadId="0000000001BEF888" totalBytesRequested="40" timestamp="2019-08-04T20:02:45.544" intervalms="63.402" />
<cycle-start id="3070" type="global" contextid="0" timestamp="2019-08-04T20:02:45.544" intervalms="63.399" />
  <attribute name="GC Util" value="617" />
  <attribute name="CPU Util" value="1962109307006" />
  <attribute name="Time Running"value="113103"/>
  <attribute name="Number of cores"value="16"/>
<gc-start id="3071" type="global" contextid="3070" timestamp="2019-08-04T20:02:45.544">
  <mem-info id="3072" free="450560" total="45088768" percent="0">
    <mem type="tenure" free="450560" total="45088768" percent="0">
      <mem type="soa" free="0" total="44638208" percent="0" />
      <mem type="loa" free="450560" total="450560" percent="100" />
    </mem>
  </mem-info>
</gc-start>
<allocation-stats totalBytes="26583264" >
  <allocated-bytes non-tlh="0" tlh="26583264" />
  <largest-consumer threadName="main" threadId="0000000001BEEF00" bytes="26583264" />
</allocation-stats>
<gc-op id="3073" type="mark" timems="9.892" contextid="3070" timestamp="2019-08-04T20:02:45.554">
  <trace-info objectcount="598861" scancount="519894" scanbytes="13345508" />
  <finalization candidates="80" enqueued="0" />
  <ownableSynchronizers candidates="21" cleared="0" />
  <references type="soft" candidates="1855" cleared="0" enqueued="0" dynamicThreshold="19" maxThreshold="32" />
  <references type="weak" candidates="5734" cleared="0" enqueued="0" />
  <references type="phantom" candidates="97" cleared="0" enqueued="0" />
  <stringconstants candidates="13233" cleared="0"  />
</gc-op>
<gc-op id="3074" type="sweep" timems="1.949" contextid="3070" timestamp="2019-08-04T20:02:45.556" />
<gc-end id="3075" type="global" contextid="3070" durationms="11.966" usertimems="74.062" systemtimems="0.000" timestamp="2019-08-04T20:02:45.556" activeThreads="16">
  <mem-info id="3076" free="27038520" total="45088768" percent="59">
    <mem type="tenure" free="27038520" total="45088768" percent="59" micro-fragmented="70079" macro-fragmented="0">
      <mem type="soa" free="26587960" total="44638208" percent="59" />
      <mem type="loa" free="450560" total="450560" percent="100" />
    </mem>
  </mem-info>
</gc-end>
<cycle-end id="3077" type="global" contextid="3070" timestamp="2019-08-04T20:02:45.556">
  <attribute name="GC Util" value="559" />
  <attribute name="CPU Util" value="1861852701513" />
  <attribute name="Time Running"value="113167"/>
  <attribute name="Number of cores"value="16"/>
</cycle-end>
<allocation-satisfied id="3078" threadId="0000000001BEEF00" bytesRequested="40" />
<af-end id="3079" timestamp="2019-08-04T20:02:45.556" threadId="0000000001BEF888" success="true" />
<exclusive-end id="3080" timestamp="2019-08-04T20:02:45.556" durationms="12.167" />

<exclusive-start id="3081" timestamp="2019-08-04T20:02:45.607" intervalms="62.751">
  <response-info timems="0.038" idlems="0.038" threads="0" lastid="0000000001BEEF00" lastname="main" />
</exclusive-start>
<af-start id="3082" threadId="0000000001BEF888" totalBytesRequested="16" timestamp="2019-08-04T20:02:45.607" intervalms="62.745" />
<cycle-start id="3083" type="global" contextid="0" timestamp="2019-08-04T20:02:45.607" intervalms="62.744" />
  <attribute name="GC Util" value="559" />
  <attribute name="CPU Util" value="1861852701513" />
  <attribute name="Time Running"value="113167"/>
  <attribute name="Number of cores"value="16"/>
<gc-start id="3084" type="global" contextid="3083" timestamp="2019-08-04T20:02:45.607">
  <mem-info id="3085" free="450560" total="45088768" percent="0">
    <mem type="tenure" free="450560" total="45088768" percent="0">
      <mem type="soa" free="0" total="44638208" percent="0" />
      <mem type="loa" free="450560" total="450560" percent="100" />
    </mem>
  </mem-info>
</gc-start>
<allocation-stats totalBytes="26583336" >
  <allocated-bytes non-tlh="0" tlh="26583336" />
  <largest-consumer threadName="main" threadId="0000000001BEEF00" bytes="26583336" />
</allocation-stats>
<gc-op id="3086" type="mark" timems="12.935" contextid="3083" timestamp="2019-08-04T20:02:45.620">
  <trace-info objectcount="598858" scancount="519894" scanbytes="13345468" />
  <finalization candidates="80" enqueued="0" />
  <ownableSynchronizers candidates="21" cleared="0" />
  <references type="soft" candidates="1855" cleared="0" enqueued="0" dynamicThreshold="19" maxThreshold="32" />
  <references type="weak" candidates="5734" cleared="0" enqueued="0" />
  <references type="phantom" candidates="97" cleared="0" enqueued="0" />
  <stringconstants candidates="13233" cleared="0"  />
</gc-op>
<gc-op id="3087" type="sweep" timems="2.129" contextid="3083" timestamp="2019-08-04T20:02:45.622" />
<heap-resize id="3088" type="expand" space="tenure" amount="1048576" count="1" timems="0.017" reason="excessive time being spent in gc" timestamp="2019-08-04T20:02:45.622" />
<gc-end id="3089" type="global" contextid="3083" durationms="15.202" usertimems="76.911" systemtimems="0.000" timestamp="2019-08-04T20:02:45.622" activeThreads="16">
  <mem-info id="3090" free="28087144" total="46137344" percent="60">
    <mem type="tenure" free="28087144" total="46137344" percent="60" micro-fragmented="70079" macro-fragmented="0">
      <mem type="soa" free="27626344" total="45676544" percent="60" />
      <mem type="loa" free="460800" total="460800" percent="100" />
    </mem>
  </mem-info>
</gc-end>
<cycle-end id="3091" type="global" contextid="3083" timestamp="2019-08-04T20:02:45.622">
  <attribute name="GC Util" value="450" />
  <attribute name="CPU Util" value="1424500731970" />
  <attribute name="Time Running"value="113233"/>
  <attribute name="Number of cores"value="16"/>
</cycle-end>
<allocation-satisfied id="3092" threadId="0000000001BEEF00" bytesRequested="16" />
<af-end id="3093" timestamp="2019-08-04T20:02:45.622" threadId="0000000001BEF888" success="true" />
<exclusive-end id="3094" timestamp="2019-08-04T20:02:45.622" durationms="15.394" />

<exclusive-start id="3095" timestamp="2019-08-04T20:02:45.675" intervalms="67.925">
  <response-info timems="0.013" idlems="0.013" threads="0" lastid="0000000001BEEF00" lastname="main" />
</exclusive-start>
<af-start id="3096" threadId="0000000001BEF888" totalBytesRequested="16" timestamp="2019-08-04T20:02:45.675" intervalms="67.922" />
<cycle-start id="3097" type="global" contextid="0" timestamp="2019-08-04T20:02:45.675" intervalms="67.922" />
  <attribute name="GC Util" value="450" />
  <attribute name="CPU Util" value="1424500731970" />
  <attribute name="Time Running"value="113233"/>
  <attribute name="Number of cores"value="16"/>
<gc-start id="3098" type="global" contextid="3097" timestamp="2019-08-04T20:02:45.675">
  <mem-info id="3099" free="460800" total="46137344" percent="0">
    <mem type="tenure" free="460800" total="46137344" percent="0">
      <mem type="soa" free="0" total="45676544" percent="0" />
      <mem type="loa" free="460800" total="460800" percent="100" />
    </mem>
  </mem-info>
</gc-start>
<allocation-stats totalBytes="27621376" >
  <allocated-bytes non-tlh="0" tlh="27621376" />
  <largest-consumer threadName="main" threadId="0000000001BEEF00" bytes="27621376" />
</allocation-stats>
<gc-op id="3100" type="mark" timems="13.817" contextid="3097" timestamp="2019-08-04T20:02:45.689">
  <trace-info objectcount="598853" scancount="519887" scanbytes="13345300" />
  <finalization candidates="80" enqueued="0" />
  <ownableSynchronizers candidates="21" cleared="0" />
  <references type="soft" candidates="1855" cleared="0" enqueued="0" dynamicThreshold="19" maxThreshold="32" />
  <references type="weak" candidates="5734" cleared="0" enqueued="0" />
  <references type="phantom" candidates="97" cleared="0" enqueued="0" />
  <stringconstants candidates="13233" cleared="0"  />
</gc-op>
<gc-op id="3101" type="sweep" timems="1.578" contextid="3097" timestamp="2019-08-04T20:02:45.690" />
<gc-end id="3102" type="global" contextid="3097" durationms="15.527" usertimems="66.468" systemtimems="0.000" timestamp="2019-08-04T20:02:45.690" activeThreads="16">
  <mem-info id="3103" free="28087448" total="46137344" percent="60">
    <mem type="tenure" free="28087448" total="46137344" percent="60" micro-fragmented="70079" macro-fragmented="0">
      <mem type="soa" free="27626648" total="45676544" percent="60" />
      <mem type="loa" free="460800" total="460800" percent="100" />
    </mem>
  </mem-info>
</gc-end>
<cycle-end id="3104" type="global" contextid="3097" timestamp="2019-08-04T20:02:45.690">
  <attribute name="GC Util" value="403" />
  <attribute name="CPU Util" value="1333586108238" />
  <attribute name="Time Running"value="113302"/>
  <attribute name="Number of cores"value="16"/>
</cycle-end>
<allocation-satisfied id="3105" threadId="0000000001BEEF00" bytesRequested="16" />
<af-end id="3106" timestamp="2019-08-04T20:02:45.690" threadId="0000000001BEF888" success="true" />
<exclusive-end id="3107" timestamp="2019-08-04T20:02:45.690" durationms="15.712" />

<exclusive-start id="3108" timestamp="2019-08-04T20:02:45.745" intervalms="70.410">
  <response-info timems="0.018" idlems="0.018" threads="0" lastid="0000000001BEEF00" lastname="main" />
</exclusive-start>
<af-start id="3109" threadId="0000000001BEF888" totalBytesRequested="24" timestamp="2019-08-04T20:02:45.745" intervalms="70.414" />
<cycle-start id="3110" type="global" contextid="0" timestamp="2019-08-04T20:02:45.745" intervalms="70.416" />
  <attribute name="GC Util" value="403" />
  <attribute name="CPU Util" value="1333586108238" />
  <attribute name="Time Running"value="113302"/>
  <attribute name="Number of cores"value="16"/>
<gc-start id="3111" type="global" contextid="3110" timestamp="2019-08-04T20:02:45.745">
  <mem-info id="3112" free="460800" total="46137344" percent="0">
    <mem type="tenure" free="460800" total="46137344" percent="0">
      <mem type="soa" free="0" total="45676544" percent="0" />
      <mem type="loa" free="460800" total="460800" percent="100" />
    </mem>
  </mem-info>
</gc-start>
<allocation-stats totalBytes="27621592" >
  <allocated-bytes non-tlh="0" tlh="27621592" />
  <largest-consumer threadName="main" threadId="0000000001BEEF00" bytes="27621592" />
</allocation-stats>
<gc-op id="3113" type="mark" timems="11.054" contextid="3110" timestamp="2019-08-04T20:02:45.756">
  <trace-info objectcount="598858" scancount="519892" scanbytes="13345528" />
  <finalization candidates="80" enqueued="0" />
  <ownableSynchronizers candidates="21" cleared="0" />
  <references type="soft" candidates="1855" cleared="0" enqueued="0" dynamicThreshold="19" maxThreshold="32" />
  <references type="weak" candidates="5734" cleared="0" enqueued="0" />
  <references type="phantom" candidates="97" cleared="0" enqueued="0" />
  <stringconstants candidates="13233" cleared="0"  />
</gc-op>
<gc-op id="3114" type="sweep" timems="2.275" contextid="3110" timestamp="2019-08-04T20:02:45.759" />
<gc-end id="3115" type="global" contextid="3110" durationms="13.459" usertimems="65.567" systemtimems="0.000" timestamp="2019-08-04T20:02:45.759" activeThreads="16">
  <mem-info id="3116" free="28087216" total="46137344" percent="60">
    <mem type="tenure" free="28087216" total="46137344" percent="60" micro-fragmented="70079" macro-fragmented="0">
      <mem type="soa" free="27626416" total="45676544" percent="60" />
      <mem type="loa" free="460800" total="460800" percent="100" />
    </mem>
  </mem-info>
</gc-end>
<cycle-end id="3117" type="global" contextid="3110" timestamp="2019-08-04T20:02:45.759">
  <attribute name="GC Util" value="498" />
  <attribute name="CPU Util" value="1673386475884" />
  <attribute name="Time Running"value="113369"/>
  <attribute name="Number of cores"value="16"/>
</cycle-end>
<allocation-satisfied id="3118" threadId="0000000001BEEF00" bytesRequested="24" />
<af-end id="3119" timestamp="2019-08-04T20:02:45.759" threadId="0000000001BEF888" success="true" />
<exclusive-end id="3120" timestamp="2019-08-04T20:02:45.759" durationms="13.696" />

<exclusive-start id="3121" timestamp="2019-08-04T20:02:45.816" intervalms="70.565">
  <response-info timems="0.015" idlems="0.015" threads="0" lastid="0000000001BEEF00" lastname="main" />
</exclusive-start>
<af-start id="3122" threadId="0000000001BEF888" totalBytesRequested="80" timestamp="2019-08-04T20:02:45.816" intervalms="70.564" />
<cycle-start id="3123" type="global" contextid="0" timestamp="2019-08-04T20:02:45.816" intervalms="70.562" />
  <attribute name="GC Util" value="498" />
  <attribute name="CPU Util" value="1673386475884" />
  <attribute name="Time Running"value="113369"/>
  <attribute name="Number of cores"value="16"/>
<gc-start id="3124" type="global" contextid="3123" timestamp="2019-08-04T20:02:45.816">
  <mem-info id="3125" free="460800" total="46137344" percent="0">
    <mem type="tenure" free="460800" total="46137344" percent="0">
      <mem type="soa" free="0" total="45676544" percent="0" />
      <mem type="loa" free="460800" total="460800" percent="100" />
    </mem>
  </mem-info>
</gc-start>
<allocation-stats totalBytes="27620840" >
  <allocated-bytes non-tlh="0" tlh="27620840" />
  <largest-consumer threadName="main" threadId="0000000001BEEF00" bytes="27620840" />
</allocation-stats>
<gc-op id="3126" type="mark" timems="11.095" contextid="3123" timestamp="2019-08-04T20:02:45.827">
  <trace-info objectcount="598854" scancount="519889" scanbytes="13345312" />
  <finalization candidates="80" enqueued="0" />
  <ownableSynchronizers candidates="21" cleared="0" />
  <references type="soft" candidates="1855" cleared="0" enqueued="0" dynamicThreshold="19" maxThreshold="32" />
  <references type="weak" candidates="5734" cleared="0" enqueued="0" />
  <references type="phantom" candidates="97" cleared="0" enqueued="0" />
  <stringconstants candidates="13233" cleared="0"  />
</gc-op>
<gc-op id="3127" type="sweep" timems="2.221" contextid="3123" timestamp="2019-08-04T20:02:45.829" />
<gc-end id="3128" type="global" contextid="3123" durationms="13.454" usertimems="68.410" systemtimems="0.000" timestamp="2019-08-04T20:02:45.829" activeThreads="16">
  <mem-info id="3129" free="28087432" total="46137344" percent="60">
    <mem type="tenure" free="28087432" total="46137344" percent="60" micro-fragmented="70079" macro-fragmented="0">
      <mem type="soa" free="27626632" total="45676544" percent="60" />
      <mem type="loa" free="460800" total="460800" percent="100" />
    </mem>
  </mem-info>
</gc-end>
<cycle-end id="3130" type="global" contextid="3123" timestamp="2019-08-04T20:02:45.829">
  <attribute name="GC Util" value="508" />
  <attribute name="CPU Util" value="1658857253635" />
  <attribute name="Time Running"value="113440"/>
  <attribute name="Number of cores"value="16"/>
</cycle-end>
<allocation-satisfied id="3131" threadId="0000000001BEEF00" bytesRequested="80" />
<af-end id="3132" timestamp="2019-08-04T20:02:45.829" threadId="0000000001BEF888" success="true" />
<exclusive-end id="3133" timestamp="2019-08-04T20:02:45.829" durationms="13.665" />

<exclusive-start id="3134" timestamp="2019-08-04T20:02:45.873" intervalms="57.959">
  <response-info timems="0.017" idlems="0.017" threads="0" lastid="0000000001BEEF00" lastname="main" />
</exclusive-start>
<af-start id="3135" threadId="0000000001BEF888" totalBytesRequested="24" timestamp="2019-08-04T20:02:45.874" intervalms="57.958" />
<cycle-start id="3136" type="global" contextid="0" timestamp="2019-08-04T20:02:45.874" intervalms="57.960" />
  <attribute name="GC Util" value="508" />
  <attribute name="CPU Util" value="1658857253635" />
  <attribute name="Time Running"value="113440"/>
  <attribute name="Number of cores"value="16"/>
<gc-start id="3137" type="global" contextid="3136" timestamp="2019-08-04T20:02:45.874">
  <mem-info id="3138" free="460800" total="46137344" percent="0">
    <mem type="tenure" free="460800" total="46137344" percent="0">
      <mem type="soa" free="0" total="45676544" percent="0" />
      <mem type="loa" free="460800" total="460800" percent="100" />
    </mem>
  </mem-info>
</gc-start>
<allocation-stats totalBytes="27601184" >
  <allocated-bytes non-tlh="0" tlh="27601184" />
  <largest-consumer threadName="main" threadId="0000000001BEEF00" bytes="27601184" />
</allocation-stats>
<gc-op id="3139" type="mark" timems="19.791" contextid="3136" timestamp="2019-08-04T20:02:45.893">
  <trace-info objectcount="598861" scancount="519892" scanbytes="13345360" />
  <finalization candidates="80" enqueued="0" />
  <ownableSynchronizers candidates="21" cleared="0" />
  <references type="soft" candidates="1855" cleared="0" enqueued="0" dynamicThreshold="19" maxThreshold="32" />
  <references type="weak" candidates="5734" cleared="0" enqueued="0" />
  <references type="phantom" candidates="97" cleared="0" enqueued="0" />
  <stringconstants candidates="13233" cleared="0"  />
</gc-op>
<gc-op id="3140" type="sweep" timems="3.223" contextid="3136" timestamp="2019-08-04T20:02:45.897" />
<gc-end id="3141" type="global" contextid="3136" durationms="23.151" usertimems="147.513" systemtimems="0.000" timestamp="2019-08-04T20:02:45.897" activeThreads="16">
  <mem-info id="3142" free="28085920" total="46137344" percent="60">
    <mem type="tenure" free="28085920" total="46137344" percent="60" micro-fragmented="70103" macro-fragmented="0">
      <mem type="soa" free="27625120" total="45676544" percent="60" />
      <mem type="loa" free="460800" total="460800" percent="100" />
    </mem>
  </mem-info>
</gc-end>
<cycle-end id="3143" type="global" contextid="3136" timestamp="2019-08-04T20:02:45.897">
  <attribute name="GC Util" value="639" />
  <attribute name="CPU Util" value="930583522737" />
  <attribute name="Time Running"value="113507"/>
  <attribute name="Number of cores"value="16"/>
</cycle-end>
<allocation-satisfied id="3144" threadId="0000000001BEEF00" bytesRequested="24" />
<af-end id="3145" timestamp="2019-08-04T20:02:45.897" threadId="0000000001BEF888" success="true" />
<exclusive-end id="3146" timestamp="2019-08-04T20:02:45.897" durationms="23.357" />

<exclusive-start id="3147" timestamp="2019-08-04T20:02:45.914" intervalms="40.607">
  <response-info timems="0.022" idlems="0.022" threads="0" lastid="0000000001BEEF00" lastname="main" />
</exclusive-start>
<af-start id="3148" threadId="0000000001BEF888" totalBytesRequested="32" timestamp="2019-08-04T20:02:45.914" intervalms="40.626" />
<cycle-start id="3149" type="global" contextid="0" timestamp="2019-08-04T20:02:45.914" intervalms="40.638" />
  <attribute name="GC Util" value="639" />
  <attribute name="CPU Util" value="930583522737" />
  <attribute name="Time Running"value="113507"/>
  <attribute name="Number of cores"value="16"/>
<gc-start id="3150" type="global" contextid="3149" timestamp="2019-08-04T20:02:45.914">
  <mem-info id="3151" free="460800" total="46137344" percent="0">
    <mem type="tenure" free="460800" total="46137344" percent="0">
      <mem type="soa" free="0" total="45676544" percent="0" />
      <mem type="loa" free="460800" total="460800" percent="100" />
    </mem>
  </mem-info>
</gc-start>
<allocation-stats totalBytes="27582392" >
  <allocated-bytes non-tlh="0" tlh="27582392" />
  <largest-consumer threadName="main" threadId="0000000001BEEF00" bytes="27582392" />
</allocation-stats>
<gc-op id="3152" type="mark" timems="10.200" contextid="3149" timestamp="2019-08-04T20:02:45.925">
  <trace-info objectcount="598860" scancount="519889" scanbytes="13345328" />
  <finalization candidates="80" enqueued="0" />
  <ownableSynchronizers candidates="21" cleared="0" />
  <references type="soft" candidates="1855" cleared="0" enqueued="0" dynamicThreshold="19" maxThreshold="32" />
  <references type="weak" candidates="5734" cleared="0" enqueued="0" />
  <references type="phantom" candidates="97" cleared="0" enqueued="0" />
  <stringconstants candidates="13233" cleared="0"  />
</gc-op>
<gc-op id="3153" type="sweep" timems="1.508" contextid="3149" timestamp="2019-08-04T20:02:45.926" />
<gc-end id="3154" type="global" contextid="3149" durationms="11.836" usertimems="68.446" systemtimems="0.000" timestamp="2019-08-04T20:02:45.926" activeThreads="16">
  <mem-info id="3155" free="28085952" total="46137344" percent="60">
    <mem type="tenure" free="28085952" total="46137344" percent="60" micro-fragmented="70103" macro-fragmented="0">
      <mem type="soa" free="27625152" total="45676544" percent="60" />
      <mem type="loa" free="460800" total="460800" percent="100" />
    </mem>
  </mem-info>
</gc-end>
<cycle-end id="3156" type="global" contextid="3149" timestamp="2019-08-04T20:02:45.926">
  <attribute name="GC Util" value="573" />
  <attribute name="CPU Util" value="1804270383779" />
  <attribute name="Time Running"value="113538"/>
  <attribute name="Number of cores"value="16"/>
</cycle-end>
<allocation-satisfied id="3157" threadId="0000000001BEEF00" bytesRequested="32" />
<af-end id="3158" timestamp="2019-08-04T20:02:45.926" threadId="0000000001BEF888" success="true" />
<exclusive-end id="3159" timestamp="2019-08-04T20:02:45.926" durationms="12.110" />

<exclusive-start id="3160" timestamp="2019-08-04T20:02:45.941" intervalms="26.770">
  <response-info timems="0.051" idlems="0.051" threads="0" lastid="0000000001BEEF00" lastname="main" />
</exclusive-start>
<af-start id="3161" threadId="0000000001BEF888" totalBytesRequested="544" timestamp="2019-08-04T20:02:45.941" intervalms="26.749" />
<cycle-start id="3162" type="global" contextid="0" timestamp="2019-08-04T20:02:45.941" intervalms="26.735" />
  <attribute name="GC Util" value="573" />
  <attribute name="CPU Util" value="1804270383779" />
  <attribute name="Time Running"value="113538"/>
  <attribute name="Number of cores"value="16"/>
<gc-start id="3163" type="global" contextid="3162" timestamp="2019-08-04T20:02:45.941">
  <mem-info id="3164" free="460800" total="46137344" percent="0">
    <mem type="tenure" free="460800" total="46137344" percent="0">
      <mem type="soa" free="0" total="45676544" percent="0" />
      <mem type="loa" free="460800" total="460800" percent="100" />
    </mem>
  </mem-info>
</gc-start>
<allocation-stats totalBytes="27580864" >
  <allocated-bytes non-tlh="0" tlh="27580864" />
  <largest-consumer threadName="main" threadId="0000000001BEEF00" bytes="27580864" />
</allocation-stats>
<gc-op id="3165" type="mark" timems="16.675" contextid="3162" timestamp="2019-08-04T20:02:45.958">
  <trace-info objectcount="598863" scancount="519892" scanbytes="13345416" />
  <finalization candidates="80" enqueued="0" />
  <ownableSynchronizers candidates="21" cleared="0" />
  <references type="soft" candidates="1855" cleared="0" enqueued="0" dynamicThreshold="19" maxThreshold="32" />
  <references type="weak" candidates="5734" cleared="0" enqueued="0" />
  <references type="phantom" candidates="97" cleared="0" enqueued="0" />
  <stringconstants candidates="13233" cleared="0"  />
</gc-op>
<gc-op id="3166" type="sweep" timems="1.805" contextid="3162" timestamp="2019-08-04T20:02:45.960" />
<gc-end id="3167" type="global" contextid="3162" durationms="18.628" usertimems="80.897" systemtimems="0.000" timestamp="2019-08-04T20:02:45.960" activeThreads="16">
  <mem-info id="3168" free="28085840" total="46137344" percent="60">
    <mem type="tenure" free="28085840" total="46137344" percent="60" micro-fragmented="70103" macro-fragmented="0">
      <mem type="soa" free="27625040" total="45676544" percent="60" />
      <mem type="loa" free="460800" total="460800" percent="100" />
    </mem>
  </mem-info>
</gc-end>
<cycle-end id="3169" type="global" contextid="3162" timestamp="2019-08-04T20:02:45.960">
  <attribute name="GC Util" value="410" />
  <attribute name="CPU Util" value="1109243458691" />
  <attribute name="Time Running"value="113571"/>
  <attribute name="Number of cores"value="16"/>
</cycle-end>
<allocation-satisfied id="3170" threadId="0000000001BEEF00" bytesRequested="544" />
<af-end id="3171" timestamp="2019-08-04T20:02:45.960" threadId="0000000001BEF888" success="true" />
<exclusive-end id="3172" timestamp="2019-08-04T20:02:45.960" durationms="18.853" />

<exclusive-start id="3173" timestamp="2019-08-04T20:02:45.976" intervalms="35.448">
  <response-info timems="0.146" idlems="0.146" threads="0" lastid="0000000001BEEF00" lastname="main" />
</exclusive-start>
<af-start id="3174" threadId="0000000001BEF888" totalBytesRequested="32" timestamp="2019-08-04T20:02:45.976" intervalms="35.450" />
<cycle-start id="3175" type="global" contextid="0" timestamp="2019-08-04T20:02:45.976" intervalms="35.451" />
  <attribute name="GC Util" value="410" />
  <attribute name="CPU Util" value="1109243458691" />
  <attribute name="Time Running"value="113571"/>
  <attribute name="Number of cores"value="16"/>
<gc-start id="3176" type="global" contextid="3175" timestamp="2019-08-04T20:02:45.976">
  <mem-info id="3177" free="460800" total="46137344" percent="0">
    <mem type="tenure" free="460800" total="46137344" percent="0">
      <mem type="soa" free="0" total="45676544" percent="0" />
      <mem type="loa" free="460800" total="460800" percent="100" />
    </mem>
  </mem-info>
</gc-start>
<allocation-stats totalBytes="27580168" >
  <allocated-bytes non-tlh="0" tlh="27580168" />
  <largest-consumer threadName="main" threadId="0000000001BEEF00" bytes="27580168" />
</allocation-stats>
<gc-op id="3178" type="mark" timems="11.196" contextid="3175" timestamp="2019-08-04T20:02:45.988">
  <trace-info objectcount="598860" scancount="519907" scanbytes="13345328" />
  <finalization candidates="80" enqueued="0" />
  <ownableSynchronizers candidates="21" cleared="0" />
  <references type="soft" candidates="1855" cleared="0" enqueued="0" dynamicThreshold="19" maxThreshold="32" />
  <references type="weak" candidates="5734" cleared="0" enqueued="0" />
  <references type="phantom" candidates="97" cleared="0" enqueued="0" />
  <stringconstants candidates="13233" cleared="0"  />
</gc-op>
<gc-op id="3179" type="sweep" timems="1.606" contextid="3175" timestamp="2019-08-04T20:02:45.989" />
<gc-end id="3180" type="global" contextid="3175" durationms="12.927" usertimems="49.155" systemtimems="0.000" timestamp="2019-08-04T20:02:45.989" activeThreads="16">
  <mem-info id="3181" free="28085952" total="46137344" percent="60">
    <mem type="tenure" free="28085952" total="46137344" percent="60" micro-fragmented="70103" macro-fragmented="0">
      <mem type="soa" free="27625152" total="45676544" percent="60" />
      <mem type="loa" free="460800" total="460800" percent="100" />
    </mem>
  </mem-info>
</gc-end>
<cycle-end id="3182" type="global" contextid="3175" timestamp="2019-08-04T20:02:45.989">
  <attribute name="GC Util" value="328" />
  <attribute name="CPU Util" value="1643407801058" />
  <attribute name="Time Running"value="113601"/>
  <attribute name="Number of cores"value="16"/>
</cycle-end>
<allocation-satisfied id="3183" threadId="0000000001BEEF00" bytesRequested="32" />
<af-end id="3184" timestamp="2019-08-04T20:02:45.989" threadId="0000000001BEF888" success="true" />
<exclusive-end id="3185" timestamp="2019-08-04T20:02:45.989" durationms="13.147" />

<exclusive-start id="3186" timestamp="2019-08-04T20:02:46.004" intervalms="27.618">
  <response-info timems="0.032" idlems="0.032" threads="0" lastid="0000000001BEEF00" lastname="main" />
</exclusive-start>
<af-start id="3187" threadId="0000000001BEF888" totalBytesRequested="32" timestamp="2019-08-04T20:02:46.004" intervalms="27.625" />
<cycle-start id="3188" type="global" contextid="0" timestamp="2019-08-04T20:02:46.004" intervalms="27.628" />
  <attribute name="GC Util" value="328" />
  <attribute name="CPU Util" value="1643407801058" />
  <attribute name="Time Running"value="113601"/>
  <attribute name="Number of cores"value="16"/>
<gc-start id="3189" type="global" contextid="3188" timestamp="2019-08-04T20:02:46.004">
  <mem-info id="3190" free="460800" total="46137344" percent="0">
    <mem type="tenure" free="460800" total="46137344" percent="0">
      <mem type="soa" free="0" total="45676544" percent="0" />
      <mem type="loa" free="460800" total="460800" percent="100" />
    </mem>
  </mem-info>
</gc-start>
<allocation-stats totalBytes="27582232" >
  <allocated-bytes non-tlh="0" tlh="27582232" />
  <largest-consumer threadName="main" threadId="0000000001BEEF00" bytes="27582232" />
</allocation-stats>
<gc-op id="3191" type="mark" timems="8.139" contextid="3188" timestamp="2019-08-04T20:02:46.012">
  <trace-info objectcount="598860" scancount="519891" scanbytes="13345328" />
  <finalization candidates="80" enqueued="0" />
  <ownableSynchronizers candidates="21" cleared="0" />
  <references type="soft" candidates="1855" cleared="0" enqueued="0" dynamicThreshold="19" maxThreshold="32" />
  <references type="weak" candidates="5734" cleared="0" enqueued="0" />
  <references type="phantom" candidates="97" cleared="0" enqueued="0" />
  <stringconstants candidates="13233" cleared="0"  />
</gc-op>
<gc-op id="3192" type="sweep" timems="1.480" contextid="3188" timestamp="2019-08-04T20:02:46.014" />
<gc-end id="3193" type="global" contextid="3188" durationms="9.733" usertimems="53.694" systemtimems="0.000" timestamp="2019-08-04T20:02:46.014" activeThreads="16">
  <mem-info id="3194" free="28085952" total="46137344" percent="60">
    <mem type="tenure" free="28085952" total="46137344" percent="60" micro-fragmented="70103" macro-fragmented="0">
      <mem type="soa" free="27625152" total="45676544" percent="60" />
      <mem type="loa" free="460800" total="460800" percent="100" />
    </mem>
  </mem-info>
</gc-end>
<cycle-end id="3195" type="global" contextid="3188" timestamp="2019-08-04T20:02:46.014">
  <attribute name="GC Util" value="548" />
  <attribute name="CPU Util" value="2270391295860" />
  <attribute name="Time Running"value="113625"/>
  <attribute name="Number of cores"value="16"/>
</cycle-end>
<allocation-satisfied id="3196" threadId="0000000001BEEF00" bytesRequested="32" />
<af-end id="3197" timestamp="2019-08-04T20:02:46.014" threadId="0000000001BEF888" success="true" />
<exclusive-end id="3198" timestamp="2019-08-04T20:02:46.014" durationms="9.941" />

<exclusive-start id="3199" timestamp="2019-08-04T20:02:46.028" intervalms="23.958">
  <response-info timems="0.038" idlems="0.038" threads="0" lastid="0000000001BEEF00" lastname="main" />
</exclusive-start>
<af-start id="3200" threadId="0000000001BEF888" totalBytesRequested="544" timestamp="2019-08-04T20:02:46.028" intervalms="23.958" />
<cycle-start id="3201" type="global" contextid="0" timestamp="2019-08-04T20:02:46.028" intervalms="23.956" />
  <attribute name="GC Util" value="548" />
  <attribute name="CPU Util" value="2270391295860" />
  <attribute name="Time Running"value="113625"/>
  <attribute name="Number of cores"value="16"/>
<gc-start id="3202" type="global" contextid="3201" timestamp="2019-08-04T20:02:46.028">
  <mem-info id="3203" free="460800" total="46137344" percent="0">
    <mem type="tenure" free="460800" total="46137344" percent="0">
      <mem type="soa" free="0" total="45676544" percent="0" />
      <mem type="loa" free="460800" total="460800" percent="100" />
    </mem>
  </mem-info>
</gc-start>
<allocation-stats totalBytes="27581672" >
  <allocated-bytes non-tlh="0" tlh="27581672" />
  <largest-consumer threadName="main" threadId="0000000001BEEF00" bytes="27581672" />
</allocation-stats>
<gc-op id="3204" type="mark" timems="9.780" contextid="3201" timestamp="2019-08-04T20:02:46.038">
  <trace-info objectcount="598863" scancount="519895" scanbytes="13345416" />
  <finalization candidates="80" enqueued="0" />
  <ownableSynchronizers candidates="21" cleared="0" />
  <references type="soft" candidates="1855" cleared="0" enqueued="0" dynamicThreshold="19" maxThreshold="32" />
  <references type="weak" candidates="5734" cleared="0" enqueued="0" />
  <references type="phantom" candidates="97" cleared="0" enqueued="0" />
  <stringconstants candidates="13233" cleared="0"  />
</gc-op>
<gc-op id="3205" type="sweep" timems="1.913" contextid="3201" timestamp="2019-08-04T20:02:46.040" />
<gc-end id="3206" type="global" contextid="3201" durationms="11.814" usertimems="59.558" systemtimems="0.000" timestamp="2019-08-04T20:02:46.040" activeThreads="16">
  <mem-info id="3207" free="28085840" total="46137344" percent="60">
    <mem type="tenure" free="28085840" total="46137344" percent="60" micro-fragmented="70103" macro-fragmented="0">
      <mem type="soa" free="27625040" total="45676544" percent="60" />
      <mem type="loa" free="460800" total="460800" percent="100" />
    </mem>
  </mem-info>
</gc-end>
<cycle-end id="3208" type="global" contextid="3201" timestamp="2019-08-04T20:02:46.040">
  <attribute name="GC Util" value="499" />
  <attribute name="CPU Util" value="1881525108055" />
  <attribute name="Time Running"value="113651"/>
  <attribute name="Number of cores"value="16"/>
</cycle-end>
<allocation-satisfied id="3209" threadId="0000000001BEEF00" bytesRequested="544" />
<af-end id="3210" timestamp="2019-08-04T20:02:46.040" threadId="0000000001BEF888" success="true" />
<exclusive-end id="3211" timestamp="2019-08-04T20:02:46.040" durationms="12.036" />

<exclusive-start id="3212" timestamp="2019-08-04T20:02:46.054" intervalms="26.044">
  <response-info timems="0.022" idlems="0.022" threads="0" lastid="0000000001BEEF00" lastname="main" />
</exclusive-start>
<af-start id="3213" threadId="0000000001BEF888" totalBytesRequested="24" timestamp="2019-08-04T20:02:46.054" intervalms="26.054" />
<cycle-start id="3214" type="global" contextid="0" timestamp="2019-08-04T20:02:46.054" intervalms="26.056" />
  <attribute name="GC Util" value="499" />
  <attribute name="CPU Util" value="1881525108055" />
  <attribute name="Time Running"value="113651"/>
  <attribute name="Number of cores"value="16"/>
<gc-start id="3215" type="global" contextid="3214" timestamp="2019-08-04T20:02:46.054">
  <mem-info id="3216" free="460800" total="46137344" percent="0">
    <mem type="tenure" free="460800" total="46137344" percent="0">
      <mem type="soa" free="0" total="45676544" percent="0" />
      <mem type="loa" free="460800" total="460800" percent="100" />
    </mem>
  </mem-info>
</gc-start>
<allocation-stats totalBytes="27580168" >
  <allocated-bytes non-tlh="0" tlh="27580168" />
  <largest-consumer threadName="main" threadId="0000000001BEEF00" bytes="27580168" />
</allocation-stats>
<gc-op id="3217" type="mark" timems="8.949" contextid="3214" timestamp="2019-08-04T20:02:46.063">
  <trace-info objectcount="598860" scancount="519889" scanbytes="13345328" />
  <finalization candidates="80" enqueued="0" />
  <ownableSynchronizers candidates="21" cleared="0" />
  <references type="soft" candidates="1855" cleared="0" enqueued="0" dynamicThreshold="19" maxThreshold="32" />
  <references type="weak" candidates="5734" cleared="0" enqueued="0" />
  <references type="phantom" candidates="97" cleared="0" enqueued="0" />
  <stringconstants candidates="13233" cleared="0"  />
</gc-op>
<gc-op id="3218" type="sweep" timems="1.425" contextid="3214" timestamp="2019-08-04T20:02:46.065" />
<gc-end id="3219" type="global" contextid="3214" durationms="10.526" usertimems="59.418" systemtimems="0.000" timestamp="2019-08-04T20:02:46.065" activeThreads="16">
  <mem-info id="3220" free="28085952" total="46137344" percent="60">
    <mem type="tenure" free="28085952" total="46137344" percent="60" micro-fragmented="70103" macro-fragmented="0">
      <mem type="soa" free="27625152" total="45676544" percent="60" />
      <mem type="loa" free="460800" total="460800" percent="100" />
    </mem>
  </mem-info>
</gc-end>
<cycle-end id="3221" type="global" contextid="3214" timestamp="2019-08-04T20:02:46.065">
  <attribute name="GC Util" value="561" />
  <attribute name="CPU Util" value="2055046776448" />
  <attribute name="Time Running"value="113676"/>
  <attribute name="Number of cores"value="16"/>
</cycle-end>
<allocation-satisfied id="3222" threadId="0000000001BEEF00" bytesRequested="24" />
<af-end id="3223" timestamp="2019-08-04T20:02:46.065" threadId="0000000001BEF888" success="true" />
<exclusive-end id="3224" timestamp="2019-08-04T20:02:46.065" durationms="10.766" />

* Round 1 done in 13.341 seconds.
<exclusive-start id="3225" timestamp="2019-08-04T20:02:46.087" intervalms="32.891">
  <response-info timems="0.041" idlems="0.041" threads="0" lastid="0000000001BEEF00" lastname="main" />
</exclusive-start>
<af-start id="3226" threadId="0000000001BEF888" totalBytesRequested="32" timestamp="2019-08-04T20:02:46.087" intervalms="32.888" />
<cycle-start id="3227" type="global" contextid="0" timestamp="2019-08-04T20:02:46.087" intervalms="32.895" />
  <attribute name="GC Util" value="561" />
  <attribute name="CPU Util" value="2055046776448" />
  <attribute name="Time Running"value="113676"/>
  <attribute name="Number of cores"value="16"/>
<gc-start id="3228" type="global" contextid="3227" timestamp="2019-08-04T20:02:46.087">
  <mem-info id="3229" free="460800" total="46137344" percent="0">
    <mem type="tenure" free="460800" total="46137344" percent="0">
      <mem type="soa" free="0" total="45676544" percent="0" />
      <mem type="loa" free="460800" total="460800" percent="100" />
    </mem>
  </mem-info>
</gc-start>
<allocation-stats totalBytes="27622008" >
  <allocated-bytes non-tlh="2800" tlh="27619208" />
  <largest-consumer threadName="main" threadId="0000000001BEEF00" bytes="27622008" />
</allocation-stats>
<gc-op id="3230" type="mark" timems="9.853" contextid="3227" timestamp="2019-08-04T20:02:46.097">
  <trace-info objectcount="596591" scancount="517594" scanbytes="13283288" />
  <finalization candidates="80" enqueued="0" />
  <ownableSynchronizers candidates="21" cleared="0" />
  <references type="soft" candidates="1863" cleared="0" enqueued="0" dynamicThreshold="19" maxThreshold="32" />
  <references type="weak" candidates="5750" cleared="4" enqueued="3" />
  <references type="phantom" candidates="97" cleared="0" enqueued="0" />
  <stringconstants candidates="13258" cleared="0"  />
</gc-op>
<gc-op id="3231" type="sweep" timems="1.950" contextid="3227" timestamp="2019-08-04T20:02:46.099" />
<gc-end id="3232" type="global" contextid="3227" durationms="12.169" usertimems="63.695" systemtimems="0.000" timestamp="2019-08-04T20:02:46.099" activeThreads="16">
  <mem-info id="3233" free="28071688" total="46137344" percent="60">
    <mem type="tenure" free="28071688" total="46137344" percent="60" micro-fragmented="91393" macro-fragmented="0">
      <mem type="soa" free="27610888" total="45676544" percent="60" />
      <mem type="loa" free="460800" total="460800" percent="100" />
    </mem>
    <pending-finalizers system="0" default="0" reference="3" classloader="0" />
  </mem-info>
</gc-end>
<cycle-end id="3234" type="global" contextid="3227" timestamp="2019-08-04T20:02:46.099">
  <attribute name="GC Util" value="525" />
  <attribute name="CPU Util" value="1822069531962" />
  <attribute name="Time Running"value="113710"/>
  <attribute name="Number of cores"value="16"/>
</cycle-end>
<allocation-satisfied id="3235" threadId="0000000001BEEF00" bytesRequested="32" />
<af-end id="3236" timestamp="2019-08-04T20:02:46.099" threadId="0000000001BEF888" success="true" />
<exclusive-end id="3237" timestamp="2019-08-04T20:02:46.099" durationms="12.423" />

<exclusive-start id="3238" timestamp="2019-08-04T20:02:46.129" intervalms="41.849">
  <response-info timems="0.049" idlems="0.049" threads="0" lastid="0000000001BEEF00" lastname="main" />
</exclusive-start>
<af-start id="3239" threadId="0000000001BEF888" totalBytesRequested="32" timestamp="2019-08-04T20:02:46.129" intervalms="41.849" />
<cycle-start id="3240" type="global" contextid="0" timestamp="2019-08-04T20:02:46.129" intervalms="41.840" />
  <attribute name="GC Util" value="525" />
  <attribute name="CPU Util" value="1822069531962" />
  <attribute name="Time Running"value="113710"/>
  <attribute name="Number of cores"value="16"/>
<gc-start id="3241" type="global" contextid="3240" timestamp="2019-08-04T20:02:46.129">
  <mem-info id="3242" free="460800" total="46137344" percent="0">
    <mem type="tenure" free="460800" total="46137344" percent="0">
      <mem type="soa" free="0" total="45676544" percent="0" />
      <mem type="loa" free="460800" total="460800" percent="100" />
    </mem>
  </mem-info>
</gc-start>
<allocation-stats totalBytes="27606960" >
  <allocated-bytes non-tlh="0" tlh="27606960" />
  <largest-consumer threadName="main" threadId="0000000001BEEF00" bytes="27606960" />
</allocation-stats>
<gc-op id="3243" type="mark" timems="9.716" contextid="3240" timestamp="2019-08-04T20:02:46.139">
  <trace-info objectcount="596549" scancount="517548" scanbytes="13282072" />
  <finalization candidates="80" enqueued="0" />
  <ownableSynchronizers candidates="21" cleared="0" />
  <references type="soft" candidates="1863" cleared="12" enqueued="12" dynamicThreshold="19" maxThreshold="32" />
  <references type="weak" candidates="5746" cleared="0" enqueued="0" />
  <references type="phantom" candidates="97" cleared="0" enqueued="0" />
  <stringconstants candidates="13258" cleared="0"  />
</gc-op>
<gc-op id="3244" type="sweep" timems="1.782" contextid="3240" timestamp="2019-08-04T20:02:46.141" />
<gc-end id="3245" type="global" contextid="3240" durationms="11.819" usertimems="63.500" systemtimems="0.000" timestamp="2019-08-04T20:02:46.141" activeThreads="16">
  <mem-info id="3246" free="28072608" total="46137344" percent="60">
    <mem type="tenure" free="28072608" total="46137344" percent="60" micro-fragmented="91393" macro-fragmented="0">
      <mem type="soa" free="27611808" total="45676544" percent="60" />
      <mem type="loa" free="460800" total="460800" percent="100" />
    </mem>
    <pending-finalizers system="0" default="0" reference="12" classloader="0" />
  </mem-info>
</gc-end>
<cycle-end id="3247" type="global" contextid="3240" timestamp="2019-08-04T20:02:46.141">
  <attribute name="GC Util" value="518" />
  <attribute name="CPU Util" value="1864098965226" />
  <attribute name="Time Running"value="113752"/>
  <attribute name="Number of cores"value="16"/>
</cycle-end>
<allocation-satisfied id="3248" threadId="0000000001BEEF00" bytesRequested="32" />
<af-end id="3249" timestamp="2019-08-04T20:02:46.141" threadId="0000000001BEF888" success="true" />
<exclusive-end id="3250" timestamp="2019-08-04T20:02:46.141" durationms="12.048" />

<exclusive-start id="3251" timestamp="2019-08-04T20:02:46.318" intervalms="189.261">
  <response-info timems="0.023" idlems="0.023" threads="0" lastid="0000000001BEEF00" lastname="main" />
</exclusive-start>
<af-start id="3252" threadId="0000000001BEF888" totalBytesRequested="1168" timestamp="2019-08-04T20:02:46.318" intervalms="189.253" />
<cycle-start id="3253" type="global" contextid="0" timestamp="2019-08-04T20:02:46.318" intervalms="189.254" />
  <attribute name="GC Util" value="518" />
  <attribute name="CPU Util" value="1864098965226" />
  <attribute name="Time Running"value="113752"/>
  <attribute name="Number of cores"value="16"/>
<gc-start id="3254" type="global" contextid="3253" timestamp="2019-08-04T20:02:46.318">
  <mem-info id="3255" free="460800" total="46137344" percent="0">
    <mem type="tenure" free="460800" total="46137344" percent="0">
      <mem type="soa" free="0" total="45676544" percent="0" />
      <mem type="loa" free="460800" total="460800" percent="100" />
    </mem>
  </mem-info>
</gc-start>
<allocation-stats totalBytes="27502800" >
  <allocated-bytes non-tlh="7008" tlh="27495792" />
  <largest-consumer threadName="main" threadId="0000000001BEEF00" bytes="27501976" />
</allocation-stats>
<gc-op id="3256" type="mark" timems="9.108" contextid="3253" timestamp="2019-08-04T20:02:46.327">
  <trace-info objectcount="596508" scancount="517511" scanbytes="13281112" />
  <finalization candidates="80" enqueued="0" />
  <ownableSynchronizers candidates="21" cleared="0" />
  <references type="soft" candidates="1851" cleared="0" enqueued="0" dynamicThreshold="19" maxThreshold="32" />
  <references type="weak" candidates="5746" cleared="0" enqueued="0" />
  <references type="phantom" candidates="97" cleared="0" enqueued="0" />
  <stringconstants candidates="13258" cleared="0"  />
</gc-op>
<gc-op id="3257" type="sweep" timems="2.094" contextid="3253" timestamp="2019-08-04T20:02:46.329" />
<gc-end id="3258" type="global" contextid="3253" durationms="11.473" usertimems="63.437" systemtimems="0.000" timestamp="2019-08-04T20:02:46.330" activeThreads="16">
  <mem-info id="3259" free="28072112" total="46137344" percent="60">
    <mem type="tenure" free="28072112" total="46137344" percent="60" micro-fragmented="88033" macro-fragmented="0">
      <mem type="soa" free="27611312" total="45676544" percent="60" />
      <mem type="loa" free="460800" total="460800" percent="100" />
    </mem>
  </mem-info>
</gc-end>
<cycle-end id="3260" type="global" contextid="3253" timestamp="2019-08-04T20:02:46.330">
  <attribute name="GC Util" value="576" />
  <attribute name="CPU Util" value="2027685495126" />
  <attribute name="Time Running"value="113941"/>
  <attribute name="Number of cores"value="16"/>
</cycle-end>
<allocation-satisfied id="3261" threadId="0000000001BEEF00" bytesRequested="1168" />
<af-end id="3262" timestamp="2019-08-04T20:02:46.330" threadId="0000000001BEF888" success="true" />
<exclusive-end id="3263" timestamp="2019-08-04T20:02:46.330" durationms="11.695" />

<exclusive-start id="3264" timestamp="2019-08-04T20:02:46.333" intervalms="14.579">
  <response-info timems="0.024" idlems="0.024" threads="0" lastid="0000000001BEEF00" lastname="main" />
</exclusive-start>
<af-start id="3265" threadId="0000000001BEF888" totalBytesRequested="1168" timestamp="2019-08-04T20:02:46.333" intervalms="14.575" />
<cycle-start id="3266" type="global" contextid="0" timestamp="2019-08-04T20:02:46.333" intervalms="14.575" />
  <attribute name="GC Util" value="576" />
  <attribute name="CPU Util" value="2027685495126" />
  <attribute name="Time Running"value="113941"/>
  <attribute name="Number of cores"value="16"/>
<gc-start id="3267" type="global" contextid="3266" timestamp="2019-08-04T20:02:46.333">
  <mem-info id="3268" free="460800" total="46137344" percent="0">
    <mem type="tenure" free="460800" total="46137344" percent="0">
      <mem type="soa" free="0" total="45676544" percent="0" />
      <mem type="loa" free="460800" total="460800" percent="100" />
    </mem>
  </mem-info>
</gc-start>
<allocation-stats totalBytes="27464976" >
  <allocated-bytes non-tlh="33872" tlh="27431104" />
  <largest-consumer threadName="main" threadId="0000000001BEEF00" bytes="27464976" />
</allocation-stats>
<gc-op id="3269" type="mark" timems="9.299" contextid="3266" timestamp="2019-08-04T20:02:46.342">
  <trace-info objectcount="596508" scancount="517512" scanbytes="13281112" />
  <finalization candidates="80" enqueued="0" />
  <ownableSynchronizers candidates="21" cleared="0" />
  <references type="soft" candidates="1851" cleared="0" enqueued="0" dynamicThreshold="19" maxThreshold="32" />
  <references type="weak" candidates="5746" cleared="0" enqueued="0" />
  <references type="phantom" candidates="97" cleared="0" enqueued="0" />
  <stringconstants candidates="13258" cleared="0"  />
</gc-op>
<gc-op id="3270" type="sweep" timems="1.619" contextid="3266" timestamp="2019-08-04T20:02:46.344" />
<gc-end id="3271" type="global" contextid="3266" durationms="11.060" usertimems="65.358" systemtimems="0.000" timestamp="2019-08-04T20:02:46.344" activeThreads="16">
  <mem-info id="3272" free="28072112" total="46137344" percent="60">
    <mem type="tenure" free="28072112" total="46137344" percent="60" micro-fragmented="88033" macro-fragmented="0">
      <mem type="soa" free="27611312" total="45676544" percent="60" />
      <mem type="loa" free="460800" total="460800" percent="100" />
    </mem>
  </mem-info>
</gc-end>
<cycle-end id="3273" type="global" contextid="3266" timestamp="2019-08-04T20:02:46.344">
  <attribute name="GC Util" value="598" />
  <attribute name="CPU Util" value="1988144157471" />
  <attribute name="Time Running"value="113955"/>
  <attribute name="Number of cores"value="16"/>
</cycle-end>
<allocation-satisfied id="3274" threadId="0000000001BEEF00" bytesRequested="1168" />
<af-end id="3275" timestamp="2019-08-04T20:02:46.344" threadId="0000000001BEF888" success="true" />
<exclusive-end id="3276" timestamp="2019-08-04T20:02:46.344" durationms="11.273" />

<exclusive-start id="3277" timestamp="2019-08-04T20:02:46.347" intervalms="14.406">
  <response-info timems="0.023" idlems="0.023" threads="0" lastid="0000000001BEEF00" lastname="main" />
</exclusive-start>
<af-start id="3278" threadId="0000000001BEF888" totalBytesRequested="1168" timestamp="2019-08-04T20:02:46.347" intervalms="14.407" />
<cycle-start id="3279" type="global" contextid="0" timestamp="2019-08-04T20:02:46.347" intervalms="14.407" />
  <attribute name="GC Util" value="598" />
  <attribute name="CPU Util" value="1988144157471" />
  <attribute name="Time Running"value="113955"/>
  <attribute name="Number of cores"value="16"/>
<gc-start id="3280" type="global" contextid="3279" timestamp="2019-08-04T20:02:46.347">
  <mem-info id="3281" free="460800" total="46137344" percent="0">
    <mem type="tenure" free="460800" total="46137344" percent="0">
      <mem type="soa" free="0" total="45676544" percent="0" />
      <mem type="loa" free="460800" total="460800" percent="100" />
    </mem>
  </mem-info>
</gc-start>
<allocation-stats totalBytes="27475016" >
  <allocated-bytes non-tlh="33872" tlh="27441144" />
  <largest-consumer threadName="main" threadId="0000000001BEEF00" bytes="27475016" />
</allocation-stats>
<gc-op id="3282" type="mark" timems="14.392" contextid="3279" timestamp="2019-08-04T20:02:46.362">
  <trace-info objectcount="596498" scancount="517517" scanbytes="13281024" />
  <finalization candidates="80" enqueued="0" />
  <ownableSynchronizers candidates="21" cleared="0" />
  <references type="soft" candidates="1851" cleared="1" enqueued="0" dynamicThreshold="19" maxThreshold="32" />
  <references type="weak" candidates="5746" cleared="0" enqueued="0" />
  <references type="phantom" candidates="97" cleared="0" enqueued="0" />
  <stringconstants candidates="13258" cleared="0"  />
</gc-op>
<gc-op id="3283" type="sweep" timems="1.654" contextid="3279" timestamp="2019-08-04T20:02:46.363" />
<gc-end id="3284" type="global" contextid="3279" durationms="16.175" usertimems="87.240" systemtimems="0.000" timestamp="2019-08-04T20:02:46.363" activeThreads="16">
  <mem-info id="3285" free="28090680" total="46137344" percent="60">
    <mem type="tenure" free="28090680" total="46137344" percent="60" micro-fragmented="88033" macro-fragmented="0">
      <mem type="soa" free="27629880" total="45676544" percent="60" />
      <mem type="loa" free="460800" total="460800" percent="100" />
    </mem>
  </mem-info>
</gc-end>
<cycle-end id="3286" type="global" contextid="3279" timestamp="2019-08-04T20:02:46.363">
  <attribute name="GC Util" value="560" />
  <attribute name="CPU Util" value="1287119317126" />
  <attribute name="Time Running"value="113975"/>
  <attribute name="Number of cores"value="16"/>
</cycle-end>
<allocation-satisfied id="3287" threadId="0000000001BEEF00" bytesRequested="1168" />
<af-end id="3288" timestamp="2019-08-04T20:02:46.363" threadId="0000000001BEF888" success="true" />
<exclusive-end id="3289" timestamp="2019-08-04T20:02:46.363" durationms="16.395" />

<exclusive-start id="3290" timestamp="2019-08-04T20:02:46.366" intervalms="19.087">
  <response-info timems="0.019" idlems="0.019" threads="0" lastid="0000000001BEEF00" lastname="main" />
</exclusive-start>
<af-start id="3291" threadId="0000000001BEF888" totalBytesRequested="1168" timestamp="2019-08-04T20:02:46.366" intervalms="19.081" />
<cycle-start id="3292" type="global" contextid="0" timestamp="2019-08-04T20:02:46.366" intervalms="19.081" />
  <attribute name="GC Util" value="560" />
  <attribute name="CPU Util" value="1287119317126" />
  <attribute name="Time Running"value="113975"/>
  <attribute name="Number of cores"value="16"/>
<gc-start id="3293" type="global" contextid="3292" timestamp="2019-08-04T20:02:46.366">
  <mem-info id="3294" free="460800" total="46137344" percent="0">
    <mem type="tenure" free="460800" total="46137344" percent="0">
      <mem type="soa" free="0" total="45676544" percent="0" />
      <mem type="loa" free="460800" total="460800" percent="100" />
    </mem>
  </mem-info>
</gc-start>
<allocation-stats totalBytes="27492928" >
  <allocated-bytes non-tlh="33872" tlh="27459056" />
  <largest-consumer threadName="main" threadId="0000000001BEEF00" bytes="27492928" />
</allocation-stats>
<gc-op id="3295" type="mark" timems="9.564" contextid="3292" timestamp="2019-08-04T20:02:46.376">
  <trace-info objectcount="596498" scancount="517509" scanbytes="13281024" />
  <finalization candidates="80" enqueued="0" />
  <ownableSynchronizers candidates="21" cleared="0" />
  <references type="soft" candidates="1850" cleared="0" enqueued="0" dynamicThreshold="19" maxThreshold="32" />
  <references type="weak" candidates="5746" cleared="0" enqueued="0" />
  <references type="phantom" candidates="97" cleared="0" enqueued="0" />
  <stringconstants candidates="13258" cleared="0"  />
</gc-op>
<gc-op id="3296" type="sweep" timems="1.941" contextid="3292" timestamp="2019-08-04T20:02:46.378" />
<gc-end id="3297" type="global" contextid="3292" durationms="11.730" usertimems="62.177" systemtimems="0.000" timestamp="2019-08-04T20:02:46.378" activeThreads="16">
  <mem-info id="3298" free="28090584" total="46137344" percent="60">
    <mem type="tenure" free="28090584" total="46137344" percent="60" micro-fragmented="88033" macro-fragmented="0">
      <mem type="soa" free="27629784" total="45676544" percent="60" />
      <mem type="loa" free="460800" total="460800" percent="100" />
    </mem>
  </mem-info>
</gc-end>
<cycle-end id="3299" type="global" contextid="3292" timestamp="2019-08-04T20:02:46.378">
  <attribute name="GC Util" value="553" />
  <attribute name="CPU Util" value="1922429263977" />
  <attribute name="Time Running"value="113989"/>
  <attribute name="Number of cores"value="16"/>
</cycle-end>
<allocation-satisfied id="3300" threadId="0000000001BEEF00" bytesRequested="1168" />
<af-end id="3301" timestamp="2019-08-04T20:02:46.378" threadId="0000000001BEF888" success="true" />
<exclusive-end id="3302" timestamp="2019-08-04T20:02:46.378" durationms="11.960" />

<exclusive-start id="3303" timestamp="2019-08-04T20:02:46.381" intervalms="14.882">
  <response-info timems="0.022" idlems="0.022" threads="0" lastid="0000000001BEEF00" lastname="main" />
</exclusive-start>
<af-start id="3304" threadId="0000000001BEF888" totalBytesRequested="1168" timestamp="2019-08-04T20:02:46.381" intervalms="14.891" />
<cycle-start id="3305" type="global" contextid="0" timestamp="2019-08-04T20:02:46.381" intervalms="14.898" />
  <attribute name="GC Util" value="553" />
  <attribute name="CPU Util" value="1922429263977" />
  <attribute name="Time Running"value="113989"/>
  <attribute name="Number of cores"value="16"/>
<gc-start id="3306" type="global" contextid="3305" timestamp="2019-08-04T20:02:46.381">
  <mem-info id="3307" free="460800" total="46137344" percent="0">
    <mem type="tenure" free="460800" total="46137344" percent="0">
      <mem type="soa" free="0" total="45676544" percent="0" />
      <mem type="loa" free="460800" total="460800" percent="100" />
    </mem>
  </mem-info>
</gc-start>
<allocation-stats totalBytes="27495416" >
  <allocated-bytes non-tlh="33872" tlh="27461544" />
  <largest-consumer threadName="main" threadId="0000000001BEEF00" bytes="27495416" />
</allocation-stats>
<gc-op id="3308" type="mark" timems="10.630" contextid="3305" timestamp="2019-08-04T20:02:46.392">
  <trace-info objectcount="596498" scancount="517507" scanbytes="13281024" />
  <finalization candidates="80" enqueued="0" />
  <ownableSynchronizers candidates="21" cleared="0" />
  <references type="soft" candidates="1850" cleared="0" enqueued="0" dynamicThreshold="19" maxThreshold="32" />
  <references type="weak" candidates="5746" cleared="0" enqueued="0" />
  <references type="phantom" candidates="97" cleared="0" enqueued="0" />
  <stringconstants candidates="13258" cleared="0"  />
</gc-op>
<gc-op id="3309" type="sweep" timems="1.816" contextid="3305" timestamp="2019-08-04T20:02:46.394" />
<gc-end id="3310" type="global" contextid="3305" durationms="12.623" usertimems="62.026" systemtimems="0.000" timestamp="2019-08-04T20:02:46.394" activeThreads="16">
  <mem-info id="3311" free="28089704" total="46137344" percent="60">
    <mem type="tenure" free="28089704" total="46137344" percent="60" micro-fragmented="88033" macro-fragmented="0">
      <mem type="soa" free="27628904" total="45676544" percent="60" />
      <mem type="loa" free="460800" total="460800" percent="100" />
    </mem>
  </mem-info>
</gc-end>
<cycle-end id="3312" type="global" contextid="3305" timestamp="2019-08-04T20:02:46.394">
  <attribute name="GC Util" value="481" />
  <attribute name="CPU Util" value="1738293686372" />
  <attribute name="Time Running"value="114005"/>
  <attribute name="Number of cores"value="16"/>
</cycle-end>
<allocation-satisfied id="3313" threadId="0000000001BEEF00" bytesRequested="1168" />
<af-end id="3314" timestamp="2019-08-04T20:02:46.394" threadId="0000000001BEF888" success="true" />
<exclusive-end id="3315" timestamp="2019-08-04T20:02:46.394" durationms="12.857" />

<exclusive-start id="3316" timestamp="2019-08-04T20:02:46.397" intervalms="15.944">
  <response-info timems="0.025" idlems="0.025" threads="0" lastid="0000000001BEEF00" lastname="main" />
</exclusive-start>
<af-start id="3317" threadId="0000000001BEF888" totalBytesRequested="1168" timestamp="2019-08-04T20:02:46.397" intervalms="15.945" />
<cycle-start id="3318" type="global" contextid="0" timestamp="2019-08-04T20:02:46.397" intervalms="15.943" />
  <attribute name="GC Util" value="481" />
  <attribute name="CPU Util" value="1738293686372" />
  <attribute name="Time Running"value="114005"/>
  <attribute name="Number of cores"value="16"/>
<gc-start id="3319" type="global" contextid="3318" timestamp="2019-08-04T20:02:46.397">
  <mem-info id="3320" free="460800" total="46137344" percent="0">
    <mem type="tenure" free="460800" total="46137344" percent="0">
      <mem type="soa" free="0" total="45676544" percent="0" />
      <mem type="loa" free="460800" total="460800" percent="100" />
    </mem>
  </mem-info>
</gc-start>
<allocation-stats totalBytes="27496624" >
  <allocated-bytes non-tlh="32704" tlh="27463920" />
  <largest-consumer threadName="main" threadId="0000000001BEEF00" bytes="27496624" />
</allocation-stats>
<gc-op id="3321" type="mark" timems="9.926" contextid="3318" timestamp="2019-08-04T20:02:46.407">
  <trace-info objectcount="596498" scancount="517479" scanbytes="13281024" />
  <finalization candidates="80" enqueued="0" />
  <ownableSynchronizers candidates="21" cleared="0" />
  <references type="soft" candidates="1850" cleared="0" enqueued="0" dynamicThreshold="19" maxThreshold="32" />
  <references type="weak" candidates="5746" cleared="0" enqueued="0" />
  <references type="phantom" candidates="97" cleared="0" enqueued="0" />
  <stringconstants candidates="13258" cleared="0"  />
</gc-op>
<gc-op id="3322" type="sweep" timems="3.052" contextid="3318" timestamp="2019-08-04T20:02:46.410" />
<gc-end id="3323" type="global" contextid="3318" durationms="13.187" usertimems="67.138" systemtimems="0.000" timestamp="2019-08-04T20:02:46.410" activeThreads="16">
  <mem-info id="3324" free="28090776" total="46137344" percent="60">
    <mem type="tenure" free="28090776" total="46137344" percent="60" micro-fragmented="88033" macro-fragmented="0">
      <mem type="soa" free="27629976" total="45676544" percent="60" />
      <mem type="loa" free="460800" total="460800" percent="100" />
    </mem>
  </mem-info>
</gc-end>
<cycle-end id="3325" type="global" contextid="3318" timestamp="2019-08-04T20:02:46.410">
  <attribute name="GC Util" value="553" />
  <attribute name="CPU Util" value="1858285876713" />
  <attribute name="Time Running"value="114020"/>
  <attribute name="Number of cores"value="16"/>
</cycle-end>
<allocation-satisfied id="3326" threadId="0000000001BEEF00" bytesRequested="1168" />
<af-end id="3327" timestamp="2019-08-04T20:02:46.410" threadId="0000000001BEF888" success="true" />
<exclusive-end id="3328" timestamp="2019-08-04T20:02:46.410" durationms="13.431" />

<exclusive-start id="3329" timestamp="2019-08-04T20:02:46.413" intervalms="16.281">
  <response-info timems="0.022" idlems="0.022" threads="0" lastid="0000000001BEEF00" lastname="main" />
</exclusive-start>
<af-start id="3330" threadId="0000000001BEF888" totalBytesRequested="1168" timestamp="2019-08-04T20:02:46.413" intervalms="16.289" />
<cycle-start id="3331" type="global" contextid="0" timestamp="2019-08-04T20:02:46.413" intervalms="16.285" />
  <attribute name="GC Util" value="553" />
  <attribute name="CPU Util" value="1858285876713" />
  <attribute name="Time Running"value="114020"/>
  <attribute name="Number of cores"value="16"/>
<gc-start id="3332" type="global" contextid="3331" timestamp="2019-08-04T20:02:46.413">
  <mem-info id="3333" free="460800" total="46137344" percent="0">
    <mem type="tenure" free="460800" total="46137344" percent="0">
      <mem type="soa" free="0" total="45676544" percent="0" />
      <mem type="loa" free="460800" total="460800" percent="100" />
    </mem>
  </mem-info>
</gc-start>
<allocation-stats totalBytes="27494160" >
  <allocated-bytes non-tlh="35040" tlh="27459120" />
  <largest-consumer threadName="main" threadId="0000000001BEEF00" bytes="27494160" />
</allocation-stats>
<gc-op id="3334" type="mark" timems="10.136" contextid="3331" timestamp="2019-08-04T20:02:46.423">
  <trace-info objectcount="596498" scancount="517503" scanbytes="13281024" />
  <finalization candidates="80" enqueued="0" />
  <ownableSynchronizers candidates="21" cleared="0" />
  <references type="soft" candidates="1850" cleared="0" enqueued="0" dynamicThreshold="19" maxThreshold="32" />
  <references type="weak" candidates="5746" cleared="0" enqueued="0" />
  <references type="phantom" candidates="97" cleared="0" enqueued="0" />
  <stringconstants candidates="13258" cleared="0"  />
</gc-op>
<gc-op id="3335" type="sweep" timems="1.725" contextid="3331" timestamp="2019-08-04T20:02:46.425" />
<gc-end id="3336" type="global" contextid="3331" durationms="12.053" usertimems="69.706" systemtimems="0.000" timestamp="2019-08-04T20:02:46.425" activeThreads="16">
  <mem-info id="3337" free="28090712" total="46137344" percent="60">
    <mem type="tenure" free="28090712" total="46137344" percent="60" micro-fragmented="88033" macro-fragmented="0">
      <mem type="soa" free="27629912" total="45676544" percent="60" />
      <mem type="loa" free="460800" total="460800" percent="100" />
    </mem>
  </mem-info>
</gc-end>
<cycle-end id="3338" type="global" contextid="3331" timestamp="2019-08-04T20:02:46.425">
  <attribute name="GC Util" value="590" />
  <attribute name="CPU Util" value="1817351692945" />
  <attribute name="Time Running"value="114037"/>
  <attribute name="Number of cores"value="16"/>
</cycle-end>
<allocation-satisfied id="3339" threadId="0000000001BEEF00" bytesRequested="1168" />
<af-end id="3340" timestamp="2019-08-04T20:02:46.425" threadId="0000000001BEF888" success="true" />
<exclusive-end id="3341" timestamp="2019-08-04T20:02:46.425" durationms="12.271" />

<exclusive-start id="3342" timestamp="2019-08-04T20:02:46.428" intervalms="15.288">
  <response-info timems="0.024" idlems="0.024" threads="0" lastid="0000000001BEEF00" lastname="main" />
</exclusive-start>
<af-start id="3343" threadId="0000000001BEF888" totalBytesRequested="1168" timestamp="2019-08-04T20:02:46.428" intervalms="15.271" />
<cycle-start id="3344" type="global" contextid="0" timestamp="2019-08-04T20:02:46.428" intervalms="15.270" />
  <attribute name="GC Util" value="590" />
  <attribute name="CPU Util" value="1817351692945" />
  <attribute name="Time Running"value="114037"/>
  <attribute name="Number of cores"value="16"/>
<gc-start id="3345" type="global" contextid="3344" timestamp="2019-08-04T20:02:46.429">
  <mem-info id="3346" free="460800" total="46137344" percent="0">
    <mem type="tenure" free="460800" total="46137344" percent="0">
      <mem type="soa" free="0" total="45676544" percent="0" />
      <mem type="loa" free="460800" total="460800" percent="100" />
    </mem>
  </mem-info>
</gc-start>
<allocation-stats totalBytes="27494160" >
  <allocated-bytes non-tlh="33872" tlh="27460288" />
  <largest-consumer threadName="main" threadId="0000000001BEEF00" bytes="27494160" />
</allocation-stats>
<gc-op id="3347" type="mark" timems="13.135" contextid="3344" timestamp="2019-08-04T20:02:46.442">
  <trace-info objectcount="596498" scancount="517507" scanbytes="13281024" />
  <finalization candidates="80" enqueued="0" />
  <ownableSynchronizers candidates="21" cleared="0" />
  <references type="soft" candidates="1850" cleared="0" enqueued="0" dynamicThreshold="19" maxThreshold="32" />
  <references type="weak" candidates="5746" cleared="0" enqueued="0" />
  <references type="phantom" candidates="97" cleared="0" enqueued="0" />
  <stringconstants candidates="13258" cleared="0"  />
</gc-op>
<gc-op id="3348" type="sweep" timems="2.300" contextid="3344" timestamp="2019-08-04T20:02:46.444" />
<gc-end id="3349" type="global" contextid="3344" durationms="15.614" usertimems="84.644" systemtimems="0.000" timestamp="2019-08-04T20:02:46.444" activeThreads="16">
  <mem-info id="3350" free="28090584" total="46137344" percent="60">
    <mem type="tenure" free="28090584" total="46137344" percent="60" micro-fragmented="88033" macro-fragmented="0">
      <mem type="soa" free="27629784" total="45676544" percent="60" />
      <mem type="loa" free="460800" total="460800" percent="100" />
    </mem>
  </mem-info>
</gc-end>
<cycle-end id="3351" type="global" contextid="3344" timestamp="2019-08-04T20:02:46.444">
  <attribute name="GC Util" value="553" />
  <attribute name="CPU Util" value="1404095738086" />
  <attribute name="Time Running"value="114055"/>
  <attribute name="Number of cores"value="16"/>
</cycle-end>
<allocation-satisfied id="3352" threadId="0000000001BEEF00" bytesRequested="1168" />
<af-end id="3353" timestamp="2019-08-04T20:02:46.444" threadId="0000000001BEF888" success="true" />
<exclusive-end id="3354" timestamp="2019-08-04T20:02:46.444" durationms="15.867" />

<exclusive-start id="3355" timestamp="2019-08-04T20:02:46.447" intervalms="18.740">
  <response-info timems="0.022" idlems="0.022" threads="0" lastid="0000000001BEEF00" lastname="main" />
</exclusive-start>
<af-start id="3356" threadId="0000000001BEF888" totalBytesRequested="1168" timestamp="2019-08-04T20:02:46.447" intervalms="18.747" />
<cycle-start id="3357" type="global" contextid="0" timestamp="2019-08-04T20:02:46.447" intervalms="18.772" />
  <attribute name="GC Util" value="553" />
  <attribute name="CPU Util" value="1404095738086" />
  <attribute name="Time Running"value="114055"/>
  <attribute name="Number of cores"value="16"/>
<gc-start id="3358" type="global" contextid="3357" timestamp="2019-08-04T20:02:46.447">
  <mem-info id="3359" free="460800" total="46137344" percent="0">
    <mem type="tenure" free="460800" total="46137344" percent="0">
      <mem type="soa" free="0" total="45676544" percent="0" />
      <mem type="loa" free="460800" total="460800" percent="100" />
    </mem>
  </mem-info>
</gc-start>
<allocation-stats totalBytes="27494160" >
  <allocated-bytes non-tlh="33872" tlh="27460288" />
  <largest-consumer threadName="main" threadId="0000000001BEEF00" bytes="27494160" />
</allocation-stats>
<gc-op id="3360" type="mark" timems="13.696" contextid="3357" timestamp="2019-08-04T20:02:46.461">
  <trace-info objectcount="596498" scancount="517508" scanbytes="13281024" />
  <finalization candidates="80" enqueued="0" />
  <ownableSynchronizers candidates="21" cleared="0" />
  <references type="soft" candidates="1850" cleared="0" enqueued="0" dynamicThreshold="19" maxThreshold="32" />
  <references type="weak" candidates="5746" cleared="0" enqueued="0" />
  <references type="phantom" candidates="97" cleared="0" enqueued="0" />
  <stringconstants candidates="13258" cleared="0"  />
</gc-op>
<gc-op id="3361" type="sweep" timems="2.408" contextid="3357" timestamp="2019-08-04T20:02:46.464" />
<gc-end id="3362" type="global" contextid="3357" durationms="16.299" usertimems="70.819" systemtimems="0.000" timestamp="2019-08-04T20:02:46.464" activeThreads="16">
  <mem-info id="3363" free="28090488" total="46137344" percent="60">
    <mem type="tenure" free="28090488" total="46137344" percent="60" micro-fragmented="88033" macro-fragmented="0">
      <mem type="soa" free="27629688" total="45676544" percent="60" />
      <mem type="loa" free="460800" total="460800" percent="100" />
    </mem>
  </mem-info>
</gc-end>
<cycle-end id="3364" type="global" contextid="3357" timestamp="2019-08-04T20:02:46.464">
  <attribute name="GC Util" value="460" />
  <attribute name="CPU Util" value="1341295785274" />
  <attribute name="Time Running"value="114074"/>
  <attribute name="Number of cores"value="16"/>
</cycle-end>
<allocation-satisfied id="3365" threadId="0000000001BEEF00" bytesRequested="1168" />
<af-end id="3366" timestamp="2019-08-04T20:02:46.464" threadId="0000000001BEF888" success="true" />
<exclusive-end id="3367" timestamp="2019-08-04T20:02:46.464" durationms="16.568" />

<exclusive-start id="3368" timestamp="2019-08-04T20:02:46.466" intervalms="19.330">
  <response-info timems="0.021" idlems="0.021" threads="0" lastid="0000000001BEEF00" lastname="main" />
</exclusive-start>
<af-start id="3369" threadId="0000000001BEF888" totalBytesRequested="1168" timestamp="2019-08-04T20:02:46.467" intervalms="19.322" />
<cycle-start id="3370" type="global" contextid="0" timestamp="2019-08-04T20:02:46.467" intervalms="19.297" />
  <attribute name="GC Util" value="460" />
  <attribute name="CPU Util" value="1341295785274" />
  <attribute name="Time Running"value="114074"/>
  <attribute name="Number of cores"value="16"/>
<gc-start id="3371" type="global" contextid="3370" timestamp="2019-08-04T20:02:46.467">
  <mem-info id="3372" free="460800" total="46137344" percent="0">
    <mem type="tenure" free="460800" total="46137344" percent="0">
      <mem type="soa" free="0" total="45676544" percent="0" />
      <mem type="loa" free="460800" total="460800" percent="100" />
    </mem>
  </mem-info>
</gc-start>
<allocation-stats totalBytes="27492928" >
  <allocated-bytes non-tlh="33872" tlh="27459056" />
  <largest-consumer threadName="main" threadId="0000000001BEEF00" bytes="27492928" />
</allocation-stats>
<gc-op id="3373" type="mark" timems="12.165" contextid="3370" timestamp="2019-08-04T20:02:46.479">
  <trace-info objectcount="596498" scancount="517508" scanbytes="13281024" />
  <finalization candidates="80" enqueued="0" />
  <ownableSynchronizers candidates="21" cleared="0" />
  <references type="soft" candidates="1850" cleared="0" enqueued="0" dynamicThreshold="19" maxThreshold="32" />
  <references type="weak" candidates="5746" cleared="0" enqueued="0" />
  <references type="phantom" candidates="97" cleared="0" enqueued="0" />
  <stringconstants candidates="13258" cleared="0"  />
</gc-op>
<gc-op id="3374" type="sweep" timems="1.975" contextid="3370" timestamp="2019-08-04T20:02:46.481" />
<gc-end id="3375" type="global" contextid="3370" durationms="14.365" usertimems="75.453" systemtimems="0.000" timestamp="2019-08-04T20:02:46.481" activeThreads="16">
  <mem-info id="3376" free="28090776" total="46137344" percent="60">
    <mem type="tenure" free="28090776" total="46137344" percent="60" micro-fragmented="88033" macro-fragmented="0">
      <mem type="soa" free="27629976" total="45676544" percent="60" />
      <mem type="loa" free="460800" total="460800" percent="100" />
    </mem>
  </mem-info>
</gc-end>
<cycle-end id="3377" type="global" contextid="3370" timestamp="2019-08-04T20:02:46.481">
  <attribute name="GC Util" value="562" />
  <attribute name="CPU Util" value="1515140363142" />
  <attribute name="Time Running"value="114092"/>
  <attribute name="Number of cores"value="16"/>
</cycle-end>
<allocation-satisfied id="3378" threadId="0000000001BEEF00" bytesRequested="1168" />
<af-end id="3379" timestamp="2019-08-04T20:02:46.481" threadId="0000000001BEF888" success="true" />
<exclusive-end id="3380" timestamp="2019-08-04T20:02:46.481" durationms="14.578" />

<exclusive-start id="3381" timestamp="2019-08-04T20:02:46.484" intervalms="17.458">
  <response-info timems="0.042" idlems="0.042" threads="0" lastid="0000000001BEEF00" lastname="main" />
</exclusive-start>
<af-start id="3382" threadId="0000000001BEF888" totalBytesRequested="1168" timestamp="2019-08-04T20:02:46.484" intervalms="17.463" />
<cycle-start id="3383" type="global" contextid="0" timestamp="2019-08-04T20:02:46.484" intervalms="17.462" />
  <attribute name="GC Util" value="562" />
  <attribute name="CPU Util" value="1515140363142" />
  <attribute name="Time Running"value="114092"/>
  <attribute name="Number of cores"value="16"/>
<gc-start id="3384" type="global" contextid="3383" timestamp="2019-08-04T20:02:46.484">
  <mem-info id="3385" free="460800" total="46137344" percent="0">
    <mem type="tenure" free="460800" total="46137344" percent="0">
      <mem type="soa" free="0" total="45676544" percent="0" />
      <mem type="loa" free="460800" total="460800" percent="100" />
    </mem>
  </mem-info>
</gc-start>
<allocation-stats totalBytes="27494184" >
  <allocated-bytes non-tlh="35040" tlh="27459144" />
  <largest-consumer threadName="main" threadId="0000000001BEEF00" bytes="27494184" />
</allocation-stats>
<gc-op id="3386" type="mark" timems="9.645" contextid="3383" timestamp="2019-08-04T20:02:46.494">
  <trace-info objectcount="596498" scancount="517507" scanbytes="13281024" />
  <finalization candidates="80" enqueued="0" />
  <ownableSynchronizers candidates="21" cleared="0" />
  <references type="soft" candidates="1850" cleared="0" enqueued="0" dynamicThreshold="19" maxThreshold="32" />
  <references type="weak" candidates="5746" cleared="0" enqueued="0" />
  <references type="phantom" candidates="97" cleared="0" enqueued="0" />
  <stringconstants candidates="13258" cleared="0"  />
</gc-op>
<gc-op id="3387" type="sweep" timems="1.634" contextid="3383" timestamp="2019-08-04T20:02:46.495" />
<gc-end id="3388" type="global" contextid="3383" durationms="11.444" usertimems="65.557" systemtimems="0.000" timestamp="2019-08-04T20:02:46.496" activeThreads="16">
  <mem-info id="3389" free="28090680" total="46137344" percent="60">
    <mem type="tenure" free="28090680" total="46137344" percent="60" micro-fragmented="88033" macro-fragmented="179341">
      <mem type="soa" free="27629880" total="45676544" percent="60" />
      <mem type="loa" free="460800" total="460800" percent="100" />
    </mem>
  </mem-info>
</gc-end>
<cycle-end id="3390" type="global" contextid="3383" timestamp="2019-08-04T20:02:46.496">
  <attribute name="GC Util" value="614" />
  <attribute name="CPU Util" value="1928439744986" />
  <attribute name="Time Running"value="114107"/>
  <attribute name="Number of cores"value="16"/>
</cycle-end>
<allocation-satisfied id="3391" threadId="0000000001BEEF00" bytesRequested="1168" />
<af-end id="3392" timestamp="2019-08-04T20:02:46.496" threadId="0000000001BEF888" success="true" />
<exclusive-end id="3393" timestamp="2019-08-04T20:02:46.496" durationms="11.664" />

<exclusive-start id="3394" timestamp="2019-08-04T20:02:46.498" intervalms="14.432">
  <response-info timems="0.023" idlems="0.023" threads="0" lastid="0000000001BEEF00" lastname="main" />
</exclusive-start>
<af-start id="3395" threadId="0000000001BEF888" totalBytesRequested="1168" timestamp="2019-08-04T20:02:46.498" intervalms="14.470" />
<cycle-start id="3396" type="global" contextid="0" timestamp="2019-08-04T20:02:46.499" intervalms="14.492" />
  <attribute name="GC Util" value="614" />
  <attribute name="CPU Util" value="1928439744986" />
  <attribute name="Time Running"value="114107"/>
  <attribute name="Number of cores"value="16"/>
<gc-start id="3397" type="global" contextid="3396" timestamp="2019-08-04T20:02:46.499">
  <mem-info id="3398" free="460800" total="46137344" percent="0">
    <mem type="tenure" free="460800" total="46137344" percent="0">
      <mem type="soa" free="0" total="45676544" percent="0" />
      <mem type="loa" free="460800" total="460800" percent="100" />
    </mem>
  </mem-info>
</gc-start>
<allocation-stats totalBytes="27495392" >
  <allocated-bytes non-tlh="33872" tlh="27461520" />
  <largest-consumer threadName="main" threadId="0000000001BEEF00" bytes="27495392" />
</allocation-stats>
<gc-op id="3399" type="mark" timems="11.943" contextid="3396" timestamp="2019-08-04T20:02:46.511">
  <trace-info objectcount="596498" scancount="517509" scanbytes="13281024" />
  <finalization candidates="80" enqueued="0" />
  <ownableSynchronizers candidates="21" cleared="0" />
  <references type="soft" candidates="1850" cleared="0" enqueued="0" dynamicThreshold="19" maxThreshold="32" />
  <references type="weak" candidates="5746" cleared="0" enqueued="0" />
  <references type="phantom" candidates="97" cleared="0" enqueued="0" />
  <stringconstants candidates="13258" cleared="0"  />
</gc-op>
<gc-op id="3400" type="sweep" timems="2.053" contextid="3396" timestamp="2019-08-04T20:02:46.513" />
<gc-end id="3401" type="global" contextid="3396" durationms="14.196" usertimems="68.956" systemtimems="0.000" timestamp="2019-08-04T20:02:46.513" activeThreads="16">
  <mem-info id="3402" free="28090552" total="46137344" percent="60">
    <mem type="tenure" free="28090552" total="46137344" percent="60" micro-fragmented="88033" macro-fragmented="0">
      <mem type="soa" free="27629752" total="45676544" percent="60" />
      <mem type="loa" free="460800" total="460800" percent="100" />
    </mem>
  </mem-info>
</gc-end>
<cycle-end id="3403" type="global" contextid="3396" timestamp="2019-08-04T20:02:46.513">
  <attribute name="GC Util" value="528" />
  <attribute name="CPU Util" value="1549237888160" />
  <attribute name="Time Running"value="114124"/>
  <attribute name="Number of cores"value="16"/>
</cycle-end>
<allocation-satisfied id="3404" threadId="0000000001BEEF00" bytesRequested="1168" />
<af-end id="3405" timestamp="2019-08-04T20:02:46.513" threadId="0000000001BEF888" success="true" />
<exclusive-end id="3406" timestamp="2019-08-04T20:02:46.513" durationms="14.493" />

<exclusive-start id="3407" timestamp="2019-08-04T20:02:46.516" intervalms="17.168">
  <response-info timems="0.018" idlems="0.018" threads="0" lastid="0000000001BEEF00" lastname="main" />
</exclusive-start>
<af-start id="3408" threadId="0000000001BEF888" totalBytesRequested="1168" timestamp="2019-08-04T20:02:46.516" intervalms="17.120" />
<cycle-start id="3409" type="global" contextid="0" timestamp="2019-08-04T20:02:46.516" intervalms="17.097" />
  <attribute name="GC Util" value="528" />
  <attribute name="CPU Util" value="1549237888160" />
  <attribute name="Time Running"value="114124"/>
  <attribute name="Number of cores"value="16"/>
<gc-start id="3410" type="global" contextid="3409" timestamp="2019-08-04T20:02:46.516">
  <mem-info id="3411" free="460800" total="46137344" percent="0">
    <mem type="tenure" free="460800" total="46137344" percent="0">
      <mem type="soa" free="0" total="45676544" percent="0" />
      <mem type="loa" free="460800" total="460800" percent="100" />
    </mem>
  </mem-info>
</gc-start>
<allocation-stats totalBytes="27494160" >
  <allocated-bytes non-tlh="33872" tlh="27460288" />
  <largest-consumer threadName="main" threadId="0000000001BEEF00" bytes="27494160" />
</allocation-stats>
<gc-op id="3412" type="mark" timems="9.818" contextid="3409" timestamp="2019-08-04T20:02:46.526">
  <trace-info objectcount="596498" scancount="517509" scanbytes="13281024" />
  <finalization candidates="80" enqueued="0" />
  <ownableSynchronizers candidates="21" cleared="0" />
  <references type="soft" candidates="1850" cleared="0" enqueued="0" dynamicThreshold="19" maxThreshold="32" />
  <references type="weak" candidates="5746" cleared="0" enqueued="0" />
  <references type="phantom" candidates="97" cleared="0" enqueued="0" />
  <stringconstants candidates="13258" cleared="0"  />
</gc-op>
<gc-op id="3413" type="sweep" timems="1.793" contextid="3409" timestamp="2019-08-04T20:02:46.527" />
<gc-end id="3414" type="global" contextid="3409" durationms="11.776" usertimems="70.941" systemtimems="0.000" timestamp="2019-08-04T20:02:46.527" activeThreads="16">
  <mem-info id="3415" free="28089704" total="46137344" percent="60">
    <mem type="tenure" free="28089704" total="46137344" percent="60" micro-fragmented="88033" macro-fragmented="0">
      <mem type="soa" free="27628904" total="45676544" percent="60" />
      <mem type="loa" free="460800" total="460800" percent="100" />
    </mem>
  </mem-info>
</gc-end>
<cycle-end id="3416" type="global" contextid="3409" timestamp="2019-08-04T20:02:46.527">
  <attribute name="GC Util" value="664" />
  <attribute name="CPU Util" value="1875631026728" />
  <attribute name="Time Running"value="114139"/>
  <attribute name="Number of cores"value="16"/>
</cycle-end>
<allocation-satisfied id="3417" threadId="0000000001BEEF00" bytesRequested="1168" />
<af-end id="3418" timestamp="2019-08-04T20:02:46.528" threadId="0000000001BEF888" success="true" />
<exclusive-end id="3419" timestamp="2019-08-04T20:02:46.528" durationms="11.974" />

<exclusive-start id="3420" timestamp="2019-08-04T20:02:46.530" intervalms="14.580">
  <response-info timems="0.017" idlems="0.017" threads="0" lastid="0000000001BEEF00" lastname="main" />
</exclusive-start>
<af-start id="3421" threadId="0000000001BEF888" totalBytesRequested="1168" timestamp="2019-08-04T20:02:46.530" intervalms="14.580" />
<cycle-start id="3422" type="global" contextid="0" timestamp="2019-08-04T20:02:46.530" intervalms="14.591" />
  <attribute name="GC Util" value="664" />
  <attribute name="CPU Util" value="1875631026728" />
  <attribute name="Time Running"value="114139"/>
  <attribute name="Number of cores"value="16"/>
<gc-start id="3423" type="global" contextid="3422" timestamp="2019-08-04T20:02:46.530">
  <mem-info id="3424" free="460800" total="46137344" percent="0">
    <mem type="tenure" free="460800" total="46137344" percent="0">
      <mem type="soa" free="0" total="45676544" percent="0" />
      <mem type="loa" free="460800" total="460800" percent="100" />
    </mem>
  </mem-info>
</gc-start>
<allocation-stats totalBytes="27495392" >
  <allocated-bytes non-tlh="32704" tlh="27462688" />
  <largest-consumer threadName="main" threadId="0000000001BEEF00" bytes="27495392" />
</allocation-stats>
<gc-op id="3425" type="mark" timems="9.186" contextid="3422" timestamp="2019-08-04T20:02:46.539">
  <trace-info objectcount="596498" scancount="517508" scanbytes="13281024" />
  <finalization candidates="80" enqueued="0" />
  <ownableSynchronizers candidates="21" cleared="0" />
  <references type="soft" candidates="1850" cleared="0" enqueued="0" dynamicThreshold="19" maxThreshold="32" />
  <references type="weak" candidates="5746" cleared="0" enqueued="0" />
  <references type="phantom" candidates="97" cleared="0" enqueued="0" />
  <stringconstants candidates="13258" cleared="0"  />
</gc-op>
<gc-op id="3426" type="sweep" timems="1.984" contextid="3422" timestamp="2019-08-04T20:02:46.541" />
<gc-end id="3427" type="global" contextid="3422" durationms="11.354" usertimems="65.353" systemtimems="0.000" timestamp="2019-08-04T20:02:46.542" activeThreads="16">
  <mem-info id="3428" free="28090776" total="46137344" percent="60">
    <mem type="tenure" free="28090776" total="46137344" percent="60" micro-fragmented="88033" macro-fragmented="0">
      <mem type="soa" free="27629976" total="45676544" percent="60" />
      <mem type="loa" free="460800" total="460800" percent="100" />
    </mem>
  </mem-info>
</gc-end>
<cycle-end id="3429" type="global" contextid="3422" timestamp="2019-08-04T20:02:46.542">
  <attribute name="GC Util" value="637" />
  <attribute name="CPU Util" value="2003690154801" />
  <attribute name="Time Running"value="114153"/>
  <attribute name="Number of cores"value="16"/>
</cycle-end>
<allocation-satisfied id="3430" threadId="0000000001BEEF00" bytesRequested="1168" />
<af-end id="3431" timestamp="2019-08-04T20:02:46.542" threadId="0000000001BEF888" success="true" />
<exclusive-end id="3432" timestamp="2019-08-04T20:02:46.542" durationms="11.562" />

<exclusive-start id="3433" timestamp="2019-08-04T20:02:46.544" intervalms="14.203">
  <response-info timems="0.017" idlems="0.017" threads="0" lastid="0000000001BEEF00" lastname="main" />
</exclusive-start>
<af-start id="3434" threadId="0000000001BEF888" totalBytesRequested="1168" timestamp="2019-08-04T20:02:46.544" intervalms="14.202" />
<cycle-start id="3435" type="global" contextid="0" timestamp="2019-08-04T20:02:46.544" intervalms="14.190" />
  <attribute name="GC Util" value="637" />
  <attribute name="CPU Util" value="2003690154801" />
  <attribute name="Time Running"value="114153"/>
  <attribute name="Number of cores"value="16"/>
<gc-start id="3436" type="global" contextid="3435" timestamp="2019-08-04T20:02:46.544">
  <mem-info id="3437" free="460800" total="46137344" percent="0">
    <mem type="tenure" free="460800" total="46137344" percent="0">
      <mem type="soa" free="0" total="45676544" percent="0" />
      <mem type="loa" free="460800" total="460800" percent="100" />
    </mem>
  </mem-info>
</gc-start>
<allocation-stats totalBytes="27494160" >
  <allocated-bytes non-tlh="35040" tlh="27459120" />
  <largest-consumer threadName="main" threadId="0000000001BEEF00" bytes="27494160" />
</allocation-stats>
<gc-op id="3438" type="mark" timems="9.020" contextid="3435" timestamp="2019-08-04T20:02:46.553">
  <trace-info objectcount="596498" scancount="517511" scanbytes="13281024" />
  <finalization candidates="80" enqueued="0" />
  <ownableSynchronizers candidates="21" cleared="0" />
  <references type="soft" candidates="1850" cleared="0" enqueued="0" dynamicThreshold="19" maxThreshold="32" />
  <references type="weak" candidates="5746" cleared="0" enqueued="0" />
  <references type="phantom" candidates="97" cleared="0" enqueued="0" />
  <stringconstants candidates="13258" cleared="0"  />
</gc-op>
<gc-op id="3439" type="sweep" timems="1.727" contextid="3435" timestamp="2019-08-04T20:02:46.555" />
<gc-end id="3440" type="global" contextid="3435" durationms="10.934" usertimems="60.547" systemtimems="0.000" timestamp="2019-08-04T20:02:46.555" activeThreads="16">
  <mem-info id="3441" free="28090712" total="46137344" percent="60">
    <mem type="tenure" free="28090712" total="46137344" percent="60" micro-fragmented="88033" macro-fragmented="0">
      <mem type="soa" free="27629912" total="45676544" percent="60" />
      <mem type="loa" free="460800" total="460800" percent="100" />
    </mem>
  </mem-info>
</gc-end>
<cycle-end id="3442" type="global" contextid="3435" timestamp="2019-08-04T20:02:46.555">
  <attribute name="GC Util" value="601" />
  <attribute name="CPU Util" value="2037138903480" />
  <attribute name="Time Running"value="114167"/>
  <attribute name="Number of cores"value="16"/>
</cycle-end>
<allocation-satisfied id="3443" threadId="0000000001BEEF00" bytesRequested="1168" />
<af-end id="3444" timestamp="2019-08-04T20:02:46.555" threadId="0000000001BEF888" success="true" />
<exclusive-end id="3445" timestamp="2019-08-04T20:02:46.555" durationms="11.126" />

<exclusive-start id="3446" timestamp="2019-08-04T20:02:46.558" intervalms="13.727">
  <response-info timems="0.017" idlems="0.017" threads="0" lastid="0000000001BEEF00" lastname="main" />
</exclusive-start>
<af-start id="3447" threadId="0000000001BEF888" totalBytesRequested="1168" timestamp="2019-08-04T20:02:46.558" intervalms="13.745" />
<cycle-start id="3448" type="global" contextid="0" timestamp="2019-08-04T20:02:46.558" intervalms="13.755" />
  <attribute name="GC Util" value="601" />
  <attribute name="CPU Util" value="2037138903480" />
  <attribute name="Time Running"value="114167"/>
  <attribute name="Number of cores"value="16"/>
<gc-start id="3449" type="global" contextid="3448" timestamp="2019-08-04T20:02:46.558">
  <mem-info id="3450" free="460800" total="46137344" percent="0">
    <mem type="tenure" free="460800" total="46137344" percent="0">
      <mem type="soa" free="0" total="45676544" percent="0" />
      <mem type="loa" free="460800" total="460800" percent="100" />
    </mem>
  </mem-info>
</gc-start>
<allocation-stats totalBytes="27492928" >
  <allocated-bytes non-tlh="33872" tlh="27459056" />
  <largest-consumer threadName="main" threadId="0000000001BEEF00" bytes="27492928" />
</allocation-stats>
<gc-op id="3451" type="mark" timems="9.800" contextid="3448" timestamp="2019-08-04T20:02:46.568">
  <trace-info objectcount="596498" scancount="517506" scanbytes="13281024" />
  <finalization candidates="80" enqueued="0" />
  <ownableSynchronizers candidates="21" cleared="0" />
  <references type="soft" candidates="1850" cleared="0" enqueued="0" dynamicThreshold="19" maxThreshold="32" />
  <references type="weak" candidates="5746" cleared="0" enqueued="0" />
  <references type="phantom" candidates="97" cleared="0" enqueued="0" />
  <stringconstants candidates="13258" cleared="0"  />
</gc-op>
<gc-op id="3452" type="sweep" timems="1.800" contextid="3448" timestamp="2019-08-04T20:02:46.570" />
<gc-end id="3453" type="global" contextid="3448" durationms="11.768" usertimems="64.990" systemtimems="0.000" timestamp="2019-08-04T20:02:46.570" activeThreads="16">
  <mem-info id="3454" free="28090616" total="46137344" percent="60">
    <mem type="tenure" free="28090616" total="46137344" percent="60" micro-fragmented="88033" macro-fragmented="0">
      <mem type="soa" free="27629816" total="45676544" percent="60" />
      <mem type="loa" free="460800" total="460800" percent="100" />
    </mem>
  </mem-info>
</gc-end>
<cycle-end id="3455" type="global" contextid="3448" timestamp="2019-08-04T20:02:46.570">
  <attribute name="GC Util" value="609" />
  <attribute name="CPU Util" value="1880361489894" />
  <attribute name="Time Running"value="114181"/>
  <attribute name="Number of cores"value="16"/>
</cycle-end>
<allocation-satisfied id="3456" threadId="0000000001BEEF00" bytesRequested="1168" />
<af-end id="3457" timestamp="2019-08-04T20:02:46.570" threadId="0000000001BEF888" success="true" />
<exclusive-end id="3458" timestamp="2019-08-04T20:02:46.570" durationms="11.982" />

<exclusive-start id="3459" timestamp="2019-08-04T20:02:46.573" intervalms="14.650">
  <response-info timems="0.017" idlems="0.017" threads="0" lastid="0000000001BEEF00" lastname="main" />
</exclusive-start>
<af-start id="3460" threadId="0000000001BEF888" totalBytesRequested="1168" timestamp="2019-08-04T20:02:46.573" intervalms="14.632" />
<cycle-start id="3461" type="global" contextid="0" timestamp="2019-08-04T20:02:46.573" intervalms="14.621" />
  <attribute name="GC Util" value="609" />
  <attribute name="CPU Util" value="1880361489894" />
  <attribute name="Time Running"value="114181"/>
  <attribute name="Number of cores"value="16"/>
<gc-start id="3462" type="global" contextid="3461" timestamp="2019-08-04T20:02:46.573">
  <mem-info id="3463" free="460800" total="46137344" percent="0">
    <mem type="tenure" free="460800" total="46137344" percent="0">
      <mem type="soa" free="0" total="45676544" percent="0" />
      <mem type="loa" free="460800" total="460800" percent="100" />
    </mem>
  </mem-info>
</gc-start>
<allocation-stats totalBytes="27494184" >
  <allocated-bytes non-tlh="33872" tlh="27460312" />
  <largest-consumer threadName="main" threadId="0000000001BEEF00" bytes="27494184" />
</allocation-stats>
<gc-op id="3464" type="mark" timems="8.936" contextid="3461" timestamp="2019-08-04T20:02:46.582">
  <trace-info objectcount="596498" scancount="517506" scanbytes="13281024" />
  <finalization candidates="80" enqueued="0" />
  <ownableSynchronizers candidates="21" cleared="0" />
  <references type="soft" candidates="1850" cleared="0" enqueued="0" dynamicThreshold="19" maxThreshold="32" />
  <references type="weak" candidates="5746" cleared="0" enqueued="0" />
  <references type="phantom" candidates="97" cleared="0" enqueued="0" />
  <stringconstants candidates="13258" cleared="0"  />
</gc-op>
<gc-op id="3465" type="sweep" timems="1.611" contextid="3461" timestamp="2019-08-04T20:02:46.583" />
<gc-end id="3466" type="global" contextid="3461" durationms="10.703" usertimems="60.603" systemtimems="0.000" timestamp="2019-08-04T20:02:46.584" activeThreads="16">
  <mem-info id="3467" free="28090488" total="46137344" percent="60">
    <mem type="tenure" free="28090488" total="46137344" percent="60" micro-fragmented="88033" macro-fragmented="0">
      <mem type="soa" free="27629688" total="45676544" percent="60" />
      <mem type="loa" free="460800" total="460800" percent="100" />
    </mem>
  </mem-info>
</gc-end>
<cycle-end id="3468" type="global" contextid="3461" timestamp="2019-08-04T20:02:46.584">
  <attribute name="GC Util" value="624" />
  <attribute name="CPU Util" value="2063783508817" />
  <attribute name="Time Running"value="114195"/>
  <attribute name="Number of cores"value="16"/>
</cycle-end>
<allocation-satisfied id="3469" threadId="0000000001BEEF00" bytesRequested="1168" />
<af-end id="3470" timestamp="2019-08-04T20:02:46.584" threadId="0000000001BEF888" success="true" />
<exclusive-end id="3471" timestamp="2019-08-04T20:02:46.584" durationms="10.869" />

<exclusive-start id="3472" timestamp="2019-08-04T20:02:46.586" intervalms="13.466">
  <response-info timems="0.017" idlems="0.017" threads="0" lastid="0000000001BEEF00" lastname="main" />
</exclusive-start>
<af-start id="3473" threadId="0000000001BEF888" totalBytesRequested="1168" timestamp="2019-08-04T20:02:46.586" intervalms="13.466" />
<cycle-start id="3474" type="global" contextid="0" timestamp="2019-08-04T20:02:46.586" intervalms="13.467" />
  <attribute name="GC Util" value="624" />
  <attribute name="CPU Util" value="2063783508817" />
  <attribute name="Time Running"value="114195"/>
  <attribute name="Number of cores"value="16"/>
<gc-start id="3475" type="global" contextid="3474" timestamp="2019-08-04T20:02:46.586">
  <mem-info id="3476" free="460800" total="46137344" percent="0">
    <mem type="tenure" free="460800" total="46137344" percent="0">
      <mem type="soa" free="0" total="45676544" percent="0" />
      <mem type="loa" free="460800" total="460800" percent="100" />
    </mem>
  </mem-info>
</gc-start>
<allocation-stats totalBytes="27494160" >
  <allocated-bytes non-tlh="33872" tlh="27460288" />
  <largest-consumer threadName="main" threadId="0000000001BEEF00" bytes="27494160" />
</allocation-stats>
<gc-op id="3477" type="mark" timems="9.139" contextid="3474" timestamp="2019-08-04T20:02:46.595">
  <trace-info objectcount="596142" scancount="517152" scanbytes="13269572" />
  <finalization candidates="80" enqueued="0" />
  <ownableSynchronizers candidates="21" cleared="0" />
  <references type="soft" candidates="1850" cleared="7" enqueued="7" dynamicThreshold="19" maxThreshold="32" />
  <references type="weak" candidates="5746" cleared="0" enqueued="0" />
  <references type="phantom" candidates="97" cleared="0" enqueued="0" />
  <stringconstants candidates="13258" cleared="0"  />
</gc-op>
<gc-op id="3478" type="sweep" timems="1.705" contextid="3474" timestamp="2019-08-04T20:02:46.597" />
<gc-end id="3479" type="global" contextid="3474" durationms="11.185" usertimems="62.257" systemtimems="0.000" timestamp="2019-08-04T20:02:46.597" activeThreads="16">
  <mem-info id="3480" free="28107192" total="46137344" percent="60">
    <mem type="tenure" free="28107192" total="46137344" percent="60" micro-fragmented="85462" macro-fragmented="0">
      <mem type="soa" free="27646392" total="45676544" percent="60" />
      <mem type="loa" free="460800" total="460800" percent="100" />
    </mem>
    <pending-finalizers system="0" default="0" reference="7" classloader="0" />
  </mem-info>
</gc-end>
<cycle-end id="3481" type="global" contextid="3474" timestamp="2019-08-04T20:02:46.598">
  <attribute name="GC Util" value="600" />
  <attribute name="CPU Util" value="1974764261330" />
  <attribute name="Time Running"value="114209"/>
  <attribute name="Number of cores"value="16"/>
</cycle-end>
<allocation-satisfied id="3482" threadId="0000000001BEEF00" bytesRequested="1168" />
<af-end id="3483" timestamp="2019-08-04T20:02:46.598" threadId="0000000001BEF888" success="true" />
<exclusive-end id="3484" timestamp="2019-08-04T20:02:46.598" durationms="11.381" />

<exclusive-start id="3485" timestamp="2019-08-04T20:02:46.600" intervalms="14.177">
  <response-info timems="0.016" idlems="0.016" threads="0" lastid="0000000001BEEF00" lastname="main" />
</exclusive-start>
<af-start id="3486" threadId="0000000001BEF888" totalBytesRequested="1168" timestamp="2019-08-04T20:02:46.600" intervalms="14.175" />
<cycle-start id="3487" type="global" contextid="0" timestamp="2019-08-04T20:02:46.600" intervalms="14.173" />
  <attribute name="GC Util" value="600" />
  <attribute name="CPU Util" value="1974764261330" />
  <attribute name="Time Running"value="114209"/>
  <attribute name="Number of cores"value="16"/>
<gc-start id="3488" type="global" contextid="3487" timestamp="2019-08-04T20:02:46.600">
  <mem-info id="3489" free="460800" total="46137344" percent="0">
    <mem type="tenure" free="460800" total="46137344" percent="0">
      <mem type="soa" free="0" total="45676544" percent="0" />
      <mem type="loa" free="460800" total="460800" percent="100" />
    </mem>
  </mem-info>
</gc-start>
<allocation-stats totalBytes="27510960" >
  <allocated-bytes non-tlh="33872" tlh="27477088" />
  <largest-consumer threadName="main" threadId="0000000001BEEF00" bytes="27510176" />
</allocation-stats>
<gc-op id="3490" type="mark" timems="8.932" contextid="3487" timestamp="2019-08-04T20:02:46.609">
  <trace-info objectcount="596129" scancount="517152" scanbytes="13269564" />
  <finalization candidates="80" enqueued="0" />
  <ownableSynchronizers candidates="21" cleared="0" />
  <references type="soft" candidates="1843" cleared="0" enqueued="0" dynamicThreshold="19" maxThreshold="32" />
  <references type="weak" candidates="5746" cleared="0" enqueued="0" />
  <references type="phantom" candidates="97" cleared="0" enqueued="0" />
  <stringconstants candidates="13258" cleared="0"  />
</gc-op>
<gc-op id="3491" type="sweep" timems="1.429" contextid="3487" timestamp="2019-08-04T20:02:46.611" />
<gc-end id="3492" type="global" contextid="3487" durationms="10.535" usertimems="59.281" systemtimems="0.000" timestamp="2019-08-04T20:02:46.611" activeThreads="16">
  <mem-info id="3493" free="28106816" total="46137344" percent="60">
    <mem type="tenure" free="28106816" total="46137344" percent="60" micro-fragmented="79501" macro-fragmented="0">
      <mem type="soa" free="27646016" total="45676544" percent="60" />
      <mem type="loa" free="460800" total="460800" percent="100" />
    </mem>
  </mem-info>
</gc-end>
<cycle-end id="3494" type="global" contextid="3487" timestamp="2019-08-04T20:02:46.611">
  <attribute name="GC Util" value="615" />
  <attribute name="CPU Util" value="2055787423120" />
  <attribute name="Time Running"value="114223"/>
  <attribute name="Number of cores"value="16"/>
</cycle-end>
<allocation-satisfied id="3495" threadId="0000000001BEEF00" bytesRequested="1168" />
<af-end id="3496" timestamp="2019-08-04T20:02:46.611" threadId="0000000001BEF888" success="true" />
<exclusive-end id="3497" timestamp="2019-08-04T20:02:46.611" durationms="10.694" />

<exclusive-start id="3498" timestamp="2019-08-04T20:02:46.614" intervalms="13.410">
  <response-info timems="0.016" idlems="0.016" threads="0" lastid="0000000001BEEF00" lastname="main" />
</exclusive-start>
<af-start id="3499" threadId="0000000001BEF888" totalBytesRequested="1168" timestamp="2019-08-04T20:02:46.614" intervalms="13.413" />
<cycle-start id="3500" type="global" contextid="0" timestamp="2019-08-04T20:02:46.614" intervalms="13.416" />
  <attribute name="GC Util" value="615" />
  <attribute name="CPU Util" value="2055787423120" />
  <attribute name="Time Running"value="114223"/>
  <attribute name="Number of cores"value="16"/>
<gc-start id="3501" type="global" contextid="3500" timestamp="2019-08-04T20:02:46.614">
  <mem-info id="3502" free="460800" total="46137344" percent="0">
    <mem type="tenure" free="460800" total="46137344" percent="0">
      <mem type="soa" free="0" total="45676544" percent="0" />
      <mem type="loa" free="460800" total="460800" percent="100" />
    </mem>
  </mem-info>
</gc-start>
<allocation-stats totalBytes="27510200" >
  <allocated-bytes non-tlh="33872" tlh="27476328" />
  <largest-consumer threadName="main" threadId="0000000001BEEF00" bytes="27510200" />
</allocation-stats>
<gc-op id="3503" type="mark" timems="8.695" contextid="3500" timestamp="2019-08-04T20:02:46.623">
  <trace-info objectcount="596129" scancount="517138" scanbytes="13269564" />
  <finalization candidates="80" enqueued="0" />
  <ownableSynchronizers candidates="21" cleared="0" />
  <references type="soft" candidates="1843" cleared="0" enqueued="0" dynamicThreshold="19" maxThreshold="32" />
  <references type="weak" candidates="5746" cleared="0" enqueued="0" />
  <references type="phantom" candidates="97" cleared="0" enqueued="0" />
  <stringconstants candidates="13258" cleared="0"  />
</gc-op>
<gc-op id="3504" type="sweep" timems="1.774" contextid="3500" timestamp="2019-08-04T20:02:46.624" />
<gc-end id="3505" type="global" contextid="3500" durationms="10.629" usertimems="59.643" systemtimems="0.000" timestamp="2019-08-04T20:02:46.624" activeThreads="16">
  <mem-info id="3506" free="28106480" total="46137344" percent="60">
    <mem type="tenure" free="28106480" total="46137344" percent="60" micro-fragmented="79501" macro-fragmented="0">
      <mem type="soa" free="27645680" total="45676544" percent="60" />
      <mem type="loa" free="460800" total="460800" percent="100" />
    </mem>
  </mem-info>
</gc-end>
<cycle-end id="3507" type="global" contextid="3500" timestamp="2019-08-04T20:02:46.625">
  <attribute name="GC Util" value="623" />
  <attribute name="CPU Util" value="2118444232593" />
  <attribute name="Time Running"value="114236"/>
  <attribute name="Number of cores"value="16"/>
</cycle-end>
<allocation-satisfied id="3508" threadId="0000000001BEEF00" bytesRequested="1168" />
<af-end id="3509" timestamp="2019-08-04T20:02:46.625" threadId="0000000001BEF888" success="true" />
<exclusive-end id="3510" timestamp="2019-08-04T20:02:46.625" durationms="10.817" />

<exclusive-start id="3511" timestamp="2019-08-04T20:02:46.628" intervalms="13.769">
  <response-info timems="0.018" idlems="0.018" threads="0" lastid="0000000001BEEF00" lastname="main" />
</exclusive-start>
<af-start id="3512" threadId="0000000001BEF888" totalBytesRequested="1168" timestamp="2019-08-04T20:02:46.628" intervalms="13.769" />
<cycle-start id="3513" type="global" contextid="0" timestamp="2019-08-04T20:02:46.628" intervalms="13.768" />
  <attribute name="GC Util" value="623" />
  <attribute name="CPU Util" value="2118444232593" />
  <attribute name="Time Running"value="114236"/>
  <attribute name="Number of cores"value="16"/>
<gc-start id="3514" type="global" contextid="3513" timestamp="2019-08-04T20:02:46.628">
  <mem-info id="3515" free="460800" total="46137344" percent="0">
    <mem type="tenure" free="460800" total="46137344" percent="0">
      <mem type="soa" free="0" total="45676544" percent="0" />
      <mem type="loa" free="460800" total="460800" percent="100" />
    </mem>
  </mem-info>
</gc-start>
<allocation-stats totalBytes="27510176" >
  <allocated-bytes non-tlh="33872" tlh="27476304" />
  <largest-consumer threadName="main" threadId="0000000001BEEF00" bytes="27510176" />
</allocation-stats>
<gc-op id="3516" type="mark" timems="9.207" contextid="3513" timestamp="2019-08-04T20:02:46.637">
  <trace-info objectcount="596129" scancount="517140" scanbytes="13269564" />
  <finalization candidates="80" enqueued="0" />
  <ownableSynchronizers candidates="21" cleared="0" />
  <references type="soft" candidates="1843" cleared="0" enqueued="0" dynamicThreshold="19" maxThreshold="32" />
  <references type="weak" candidates="5746" cleared="0" enqueued="0" />
  <references type="phantom" candidates="97" cleared="0" enqueued="0" />
  <stringconstants candidates="13258" cleared="0"  />
</gc-op>
<gc-op id="3517" type="sweep" timems="1.666" contextid="3513" timestamp="2019-08-04T20:02:46.639" />
<gc-end id="3518" type="global" contextid="3513" durationms="11.044" usertimems="60.682" systemtimems="0.000" timestamp="2019-08-04T20:02:46.639" activeThreads="16">
  <mem-info id="3519" free="28107120" total="46137344" percent="60">
    <mem type="tenure" free="28107120" total="46137344" percent="60" micro-fragmented="79501" macro-fragmented="0">
      <mem type="soa" free="27646320" total="45676544" percent="60" />
      <mem type="loa" free="460800" total="460800" percent="100" />
    </mem>
  </mem-info>
</gc-end>
<cycle-end id="3520" type="global" contextid="3513" timestamp="2019-08-04T20:02:46.639">
  <attribute name="GC Util" value="599" />
  <attribute name="CPU Util" value="1993726697837" />
  <attribute name="Time Running"value="114250"/>
  <attribute name="Number of cores"value="16"/>
</cycle-end>
<allocation-satisfied id="3521" threadId="0000000001BEEF00" bytesRequested="1168" />
<af-end id="3522" timestamp="2019-08-04T20:02:46.639" threadId="0000000001BEF888" success="true" />
<exclusive-end id="3523" timestamp="2019-08-04T20:02:46.639" durationms="11.259" />

<exclusive-start id="3524" timestamp="2019-08-04T20:02:46.641" intervalms="13.893">
  <response-info timems="0.017" idlems="0.017" threads="0" lastid="0000000001BEEF00" lastname="main" />
</exclusive-start>
<af-start id="3525" threadId="0000000001BEF888" totalBytesRequested="1168" timestamp="2019-08-04T20:02:46.641" intervalms="13.895" />
<cycle-start id="3526" type="global" contextid="0" timestamp="2019-08-04T20:02:46.641" intervalms="13.902" />
  <attribute name="GC Util" value="599" />
  <attribute name="CPU Util" value="1993726697837" />
  <attribute name="Time Running"value="114250"/>
  <attribute name="Number of cores"value="16"/>
<gc-start id="3527" type="global" contextid="3526" timestamp="2019-08-04T20:02:46.642">
  <mem-info id="3528" free="460800" total="46137344" percent="0">
    <mem type="tenure" free="460800" total="46137344" percent="0">
      <mem type="soa" free="0" total="45676544" percent="0" />
      <mem type="loa" free="460800" total="460800" percent="100" />
    </mem>
  </mem-info>
</gc-start>
<allocation-stats totalBytes="27508944" >
  <allocated-bytes non-tlh="33872" tlh="27475072" />
  <largest-consumer threadName="main" threadId="0000000001BEEF00" bytes="27508944" />
</allocation-stats>
<gc-op id="3529" type="mark" timems="9.034" contextid="3526" timestamp="2019-08-04T20:02:46.651">
  <trace-info objectcount="596129" scancount="517136" scanbytes="13269564" />
  <finalization candidates="80" enqueued="0" />
  <ownableSynchronizers candidates="21" cleared="0" />
  <references type="soft" candidates="1843" cleared="0" enqueued="0" dynamicThreshold="19" maxThreshold="32" />
  <references type="weak" candidates="5746" cleared="0" enqueued="0" />
  <references type="phantom" candidates="97" cleared="0" enqueued="0" />
  <stringconstants candidates="13258" cleared="0"  />
</gc-op>
<gc-op id="3530" type="sweep" timems="1.520" contextid="3526" timestamp="2019-08-04T20:02:46.652" />
<gc-end id="3531" type="global" contextid="3526" durationms="10.772" usertimems="61.477" systemtimems="0.000" timestamp="2019-08-04T20:02:46.652" activeThreads="16">
  <mem-info id="3532" free="28107024" total="46137344" percent="60">
    <mem type="tenure" free="28107024" total="46137344" percent="60" micro-fragmented="79501" macro-fragmented="0">
      <mem type="soa" free="27646224" total="45676544" percent="60" />
      <mem type="loa" free="460800" total="460800" percent="100" />
    </mem>
  </mem-info>
</gc-end>
<cycle-end id="3533" type="global" contextid="3526" timestamp="2019-08-04T20:02:46.652">
  <attribute name="GC Util" value="625" />
  <attribute name="CPU Util" value="2039219505060" />
  <attribute name="Time Running"value="114264"/>
  <attribute name="Number of cores"value="16"/>
</cycle-end>
<allocation-satisfied id="3534" threadId="0000000001BEEF00" bytesRequested="1168" />
<af-end id="3535" timestamp="2019-08-04T20:02:46.652" threadId="0000000001BEF888" success="true" />
<exclusive-end id="3536" timestamp="2019-08-04T20:02:46.652" durationms="10.985" />

<exclusive-start id="3537" timestamp="2019-08-04T20:02:46.656" intervalms="14.264">
  <response-info timems="0.017" idlems="0.017" threads="0" lastid="0000000001BEEF00" lastname="main" />
</exclusive-start>
<af-start id="3538" threadId="0000000001BEF888" totalBytesRequested="1168" timestamp="2019-08-04T20:02:46.656" intervalms="14.265" />
<cycle-start id="3539" type="global" contextid="0" timestamp="2019-08-04T20:02:46.656" intervalms="14.267" />
  <attribute name="GC Util" value="625" />
  <attribute name="CPU Util" value="2039219505060" />
  <attribute name="Time Running"value="114264"/>
  <attribute name="Number of cores"value="16"/>
<gc-start id="3540" type="global" contextid="3539" timestamp="2019-08-04T20:02:46.656">
  <mem-info id="3541" free="460800" total="46137344" percent="0">
    <mem type="tenure" free="460800" total="46137344" percent="0">
      <mem type="soa" free="0" total="45676544" percent="0" />
      <mem type="loa" free="460800" total="460800" percent="100" />
    </mem>
  </mem-info>
</gc-start>
<allocation-stats totalBytes="27489448" >
  <allocated-bytes non-tlh="33872" tlh="27455576" />
  <largest-consumer threadName="main" threadId="0000000001BEEF00" bytes="27489448" />
</allocation-stats>
<gc-op id="3542" type="mark" timems="9.247" contextid="3539" timestamp="2019-08-04T20:02:46.665">
  <trace-info objectcount="596129" scancount="517131" scanbytes="13269592" />
  <finalization candidates="80" enqueued="0" />
  <ownableSynchronizers candidates="21" cleared="0" />
  <references type="soft" candidates="1843" cleared="0" enqueued="0" dynamicThreshold="19" maxThreshold="32" />
  <references type="weak" candidates="5746" cleared="0" enqueued="0" />
  <references type="phantom" candidates="97" cleared="0" enqueued="0" />
  <stringconstants candidates="13258" cleared="0"  />
</gc-op>
<gc-op id="3543" type="sweep" timems="1.550" contextid="3539" timestamp="2019-08-04T20:02:46.667" />
<gc-end id="3544" type="global" contextid="3539" durationms="10.991" usertimems="61.125" systemtimems="0.000" timestamp="2019-08-04T20:02:46.667" activeThreads="16">
  <mem-info id="3545" free="28106104" total="46137344" percent="60">
    <mem type="tenure" free="28106104" total="46137344" percent="60" micro-fragmented="58222" macro-fragmented="0">
      <mem type="soa" free="27645304" total="45676544" percent="60" />
      <mem type="loa" free="460800" total="460800" percent="100" />
    </mem>
  </mem-info>
</gc-end>
<cycle-end id="3546" type="global" contextid="3539" timestamp="2019-08-04T20:02:46.667">
  <attribute name="GC Util" value="599" />
  <attribute name="CPU Util" value="1992243773899" />
  <attribute name="Time Running"value="114278"/>
  <attribute name="Number of cores"value="16"/>
</cycle-end>
<allocation-satisfied id="3547" threadId="0000000001BEEF00" bytesRequested="1168" />
<af-end id="3548" timestamp="2019-08-04T20:02:46.667" threadId="0000000001BEF888" success="true" />
<exclusive-end id="3549" timestamp="2019-08-04T20:02:46.667" durationms="11.188" />

<exclusive-start id="3550" timestamp="2019-08-04T20:02:46.670" intervalms="13.893">
  <response-info timems="0.017" idlems="0.017" threads="0" lastid="0000000001BEEF00" lastname="main" />
</exclusive-start>
<af-start id="3551" threadId="0000000001BEF888" totalBytesRequested="1168" timestamp="2019-08-04T20:02:46.670" intervalms="13.887" />
<cycle-start id="3552" type="global" contextid="0" timestamp="2019-08-04T20:02:46.670" intervalms="13.877" />
  <attribute name="GC Util" value="599" />
  <attribute name="CPU Util" value="1992243773899" />
  <attribute name="Time Running"value="114278"/>
  <attribute name="Number of cores"value="16"/>
<gc-start id="3553" type="global" contextid="3552" timestamp="2019-08-04T20:02:46.670">
  <mem-info id="3554" free="460800" total="46137344" percent="0">
    <mem type="tenure" free="460800" total="46137344" percent="0">
      <mem type="soa" free="0" total="45676544" percent="0" />
      <mem type="loa" free="460800" total="460800" percent="100" />
    </mem>
  </mem-info>
</gc-start>
<allocation-stats totalBytes="27423840" >
  <allocated-bytes non-tlh="31536" tlh="27392304" />
  <largest-consumer threadName="main" threadId="0000000001BEEF00" bytes="27423840" />
</allocation-stats>
<gc-op id="3555" type="mark" timems="8.930" contextid="3552" timestamp="2019-08-04T20:02:46.679">
  <trace-info objectcount="596129" scancount="517133" scanbytes="13269592" />
  <finalization candidates="80" enqueued="0" />
  <ownableSynchronizers candidates="21" cleared="0" />
  <references type="soft" candidates="1843" cleared="0" enqueued="0" dynamicThreshold="19" maxThreshold="32" />
  <references type="weak" candidates="5746" cleared="0" enqueued="0" />
  <references type="phantom" candidates="97" cleared="0" enqueued="0" />
  <stringconstants candidates="13258" cleared="0"  />
</gc-op>
<gc-op id="3556" type="sweep" timems="1.959" contextid="3552" timestamp="2019-08-04T20:02:46.681" />
<gc-end id="3557" type="global" contextid="3552" durationms="11.046" usertimems="57.110" systemtimems="0.000" timestamp="2019-08-04T20:02:46.681" activeThreads="16">
  <mem-info id="3558" free="28106104" total="46137344" percent="60">
    <mem type="tenure" free="28106104" total="46137344" percent="60" micro-fragmented="58222" macro-fragmented="0">
      <mem type="soa" free="27645304" total="45676544" percent="60" />
      <mem type="loa" free="460800" total="460800" percent="100" />
    </mem>
  </mem-info>
</gc-end>
<cycle-end id="3559" type="global" contextid="3552" timestamp="2019-08-04T20:02:46.681">
  <attribute name="GC Util" value="568" />
  <attribute name="CPU Util" value="2053934248485" />
  <attribute name="Time Running"value="114292"/>
  <attribute name="Number of cores"value="16"/>
</cycle-end>
<allocation-satisfied id="3560" threadId="0000000001BEEF00" bytesRequested="1168" />
<af-end id="3561" timestamp="2019-08-04T20:02:46.681" threadId="0000000001BEF888" success="true" />
<exclusive-end id="3562" timestamp="2019-08-04T20:02:46.681" durationms="11.211" />

<exclusive-start id="3563" timestamp="2019-08-04T20:02:46.684" intervalms="13.932">
  <response-info timems="0.016" idlems="0.016" threads="0" lastid="0000000001BEEF00" lastname="main" />
</exclusive-start>
<af-start id="3564" threadId="0000000001BEF888" totalBytesRequested="1168" timestamp="2019-08-04T20:02:46.684" intervalms="13.933" />
<cycle-start id="3565" type="global" contextid="0" timestamp="2019-08-04T20:02:46.684" intervalms="13.935" />
  <attribute name="GC Util" value="568" />
  <attribute name="CPU Util" value="2053934248485" />
  <attribute name="Time Running"value="114292"/>
  <attribute name="Number of cores"value="16"/>
<gc-start id="3566" type="global" contextid="3565" timestamp="2019-08-04T20:02:46.684">
  <mem-info id="3567" free="460800" total="46137344" percent="0">
    <mem type="tenure" free="460800" total="46137344" percent="0">
      <mem type="soa" free="0" total="45676544" percent="0" />
      <mem type="loa" free="460800" total="460800" percent="100" />
    </mem>
  </mem-info>
</gc-start>
<allocation-stats totalBytes="27428016" >
  <allocated-bytes non-tlh="31536" tlh="27396480" />
  <largest-consumer threadName="main" threadId="0000000001BEEF00" bytes="27428016" />
</allocation-stats>
<gc-op id="3568" type="mark" timems="9.448" contextid="3565" timestamp="2019-08-04T20:02:46.693">
  <trace-info objectcount="596130" scancount="517140" scanbytes="13269616" />
  <finalization candidates="80" enqueued="0" />
  <ownableSynchronizers candidates="21" cleared="0" />
  <references type="soft" candidates="1843" cleared="0" enqueued="0" dynamicThreshold="19" maxThreshold="32" />
  <references type="weak" candidates="5746" cleared="0" enqueued="0" />
  <references type="phantom" candidates="97" cleared="0" enqueued="0" />
  <stringconstants candidates="13258" cleared="0"  />
</gc-op>
<gc-op id="3569" type="sweep" timems="2.061" contextid="3565" timestamp="2019-08-04T20:02:46.695" />
<gc-end id="3570" type="global" contextid="3565" durationms="11.684" usertimems="63.671" systemtimems="0.000" timestamp="2019-08-04T20:02:46.695" activeThreads="16">
  <mem-info id="3571" free="28106080" total="46137344" percent="60">
    <mem type="tenure" free="28106080" total="46137344" percent="60" micro-fragmented="58222" macro-fragmented="0">
      <mem type="soa" free="27645280" total="45676544" percent="60" />
      <mem type="loa" free="460800" total="460800" percent="100" />
    </mem>
  </mem-info>
</gc-end>
<cycle-end id="3572" type="global" contextid="3565" timestamp="2019-08-04T20:02:46.695">
  <attribute name="GC Util" value="604" />
  <attribute name="CPU Util" value="1946535522402" />
  <attribute name="Time Running"value="114306"/>
  <attribute name="Number of cores"value="16"/>
</cycle-end>
<allocation-satisfied id="3573" threadId="0000000001BEEF00" bytesRequested="1168" />
<af-end id="3574" timestamp="2019-08-04T20:02:46.695" threadId="0000000001BEF888" success="true" />
<exclusive-end id="3575" timestamp="2019-08-04T20:02:46.695" durationms="11.861" />

<exclusive-start id="3576" timestamp="2019-08-04T20:02:46.698" intervalms="14.835">
  <response-info timems="0.020" idlems="0.020" threads="0" lastid="0000000001BEEF00" lastname="main" />
</exclusive-start>
<af-start id="3577" threadId="0000000001BEF888" totalBytesRequested="1168" timestamp="2019-08-04T20:02:46.698" intervalms="14.842" />
<cycle-start id="3578" type="global" contextid="0" timestamp="2019-08-04T20:02:46.698" intervalms="14.844" />
  <attribute name="GC Util" value="604" />
  <attribute name="CPU Util" value="1946535522402" />
  <attribute name="Time Running"value="114306"/>
  <attribute name="Number of cores"value="16"/>
<gc-start id="3579" type="global" contextid="3578" timestamp="2019-08-04T20:02:46.698">
  <mem-info id="3580" free="460800" total="46137344" percent="0">
    <mem type="tenure" free="460800" total="46137344" percent="0">
      <mem type="soa" free="0" total="45676544" percent="0" />
      <mem type="loa" free="460800" total="460800" percent="100" />
    </mem>
  </mem-info>
</gc-start>
<allocation-stats totalBytes="27434448" >
  <allocated-bytes non-tlh="31536" tlh="27402912" />
  <largest-consumer threadName="main" threadId="0000000001BEEF00" bytes="27434448" />
</allocation-stats>
<gc-op id="3581" type="mark" timems="10.215" contextid="3578" timestamp="2019-08-04T20:02:46.709">
  <trace-info objectcount="596130" scancount="517139" scanbytes="13269616" />
  <finalization candidates="80" enqueued="0" />
  <ownableSynchronizers candidates="21" cleared="0" />
  <references type="soft" candidates="1843" cleared="0" enqueued="0" dynamicThreshold="19" maxThreshold="32" />
  <references type="weak" candidates="5746" cleared="0" enqueued="0" />
  <references type="phantom" candidates="97" cleared="0" enqueued="0" />
  <stringconstants candidates="13258" cleared="0"  />
</gc-op>
<gc-op id="3582" type="sweep" timems="1.861" contextid="3578" timestamp="2019-08-04T20:02:46.711" />
<gc-end id="3583" type="global" contextid="3578" durationms="12.249" usertimems="64.274" systemtimems="0.000" timestamp="2019-08-04T20:02:46.711" activeThreads="16">
  <mem-info id="3584" free="28106080" total="46137344" percent="60">
    <mem type="tenure" free="28106080" total="46137344" percent="60" micro-fragmented="58222" macro-fragmented="0">
      <mem type="soa" free="27645280" total="45676544" percent="60" />
      <mem type="loa" free="460800" total="460800" percent="100" />
    </mem>
  </mem-info>
</gc-end>
<cycle-end id="3585" type="global" contextid="3578" timestamp="2019-08-04T20:02:46.711">
  <attribute name="GC Util" value="569" />
  <attribute name="CPU Util" value="1801989837071" />
  <attribute name="Time Running"value="114322"/>
  <attribute name="Number of cores"value="16"/>
</cycle-end>
<allocation-satisfied id="3586" threadId="0000000001BEEF00" bytesRequested="1168" />
<af-end id="3587" timestamp="2019-08-04T20:02:46.711" threadId="0000000001BEF888" success="true" />
<exclusive-end id="3588" timestamp="2019-08-04T20:02:46.711" durationms="12.440" />

<exclusive-start id="3589" timestamp="2019-08-04T20:02:46.714" intervalms="15.177">
  <response-info timems="0.016" idlems="0.016" threads="0" lastid="0000000001BEEF00" lastname="main" />
</exclusive-start>
<af-start id="3590" threadId="0000000001BEF888" totalBytesRequested="1168" timestamp="2019-08-04T20:02:46.714" intervalms="15.171" />
<cycle-start id="3591" type="global" contextid="0" timestamp="2019-08-04T20:02:46.714" intervalms="15.169" />
  <attribute name="GC Util" value="569" />
  <attribute name="CPU Util" value="1801989837071" />
  <attribute name="Time Running"value="114322"/>
  <attribute name="Number of cores"value="16"/>
<gc-start id="3592" type="global" contextid="3591" timestamp="2019-08-04T20:02:46.714">
  <mem-info id="3593" free="460800" total="46137344" percent="0">
    <mem type="tenure" free="460800" total="46137344" percent="0">
      <mem type="soa" free="0" total="45676544" percent="0" />
      <mem type="loa" free="460800" total="460800" percent="100" />
    </mem>
  </mem-info>
</gc-start>
<allocation-stats totalBytes="27434472" >
  <allocated-bytes non-tlh="31536" tlh="27402936" />
  <largest-consumer threadName="main" threadId="0000000001BEEF00" bytes="27434472" />
</allocation-stats>
<gc-op id="3594" type="mark" timems="9.223" contextid="3591" timestamp="2019-08-04T20:02:46.723">
  <trace-info objectcount="596130" scancount="517139" scanbytes="13269616" />
  <finalization candidates="80" enqueued="0" />
  <ownableSynchronizers candidates="21" cleared="0" />
  <references type="soft" candidates="1843" cleared="0" enqueued="0" dynamicThreshold="19" maxThreshold="32" />
  <references type="weak" candidates="5746" cleared="0" enqueued="0" />
  <references type="phantom" candidates="97" cleared="0" enqueued="0" />
  <stringconstants candidates="13258" cleared="0"  />
</gc-op>
<gc-op id="3595" type="sweep" timems="2.145" contextid="3591" timestamp="2019-08-04T20:02:46.725" />
<gc-end id="3596" type="global" contextid="3591" durationms="11.578" usertimems="56.003" systemtimems="0.000" timestamp="2019-08-04T20:02:46.725" activeThreads="16">
  <mem-info id="3597" free="28106080" total="46137344" percent="60">
    <mem type="tenure" free="28106080" total="46137344" percent="60" micro-fragmented="58222" macro-fragmented="0">
      <mem type="soa" free="27645280" total="45676544" percent="60" />
      <mem type="loa" free="460800" total="460800" percent="100" />
    </mem>
  </mem-info>
</gc-end>
<cycle-end id="3598" type="global" contextid="3591" timestamp="2019-08-04T20:02:46.725">
  <attribute name="GC Util" value="491" />
  <attribute name="CPU Util" value="1993590949275" />
  <attribute name="Time Running"value="114336"/>
  <attribute name="Number of cores"value="16"/>
</cycle-end>
<allocation-satisfied id="3599" threadId="0000000001BEEF00" bytesRequested="1168" />
<af-end id="3600" timestamp="2019-08-04T20:02:46.725" threadId="0000000001BEF888" success="true" />
<exclusive-end id="3601" timestamp="2019-08-04T20:02:46.725" durationms="11.783" />

<exclusive-start id="3602" timestamp="2019-08-04T20:02:46.728" intervalms="14.509">
  <response-info timems="0.018" idlems="0.018" threads="0" lastid="0000000001BEEF00" lastname="main" />
</exclusive-start>
<af-start id="3603" threadId="0000000001BEF888" totalBytesRequested="1168" timestamp="2019-08-04T20:02:46.728" intervalms="14.508" />
<cycle-start id="3604" type="global" contextid="0" timestamp="2019-08-04T20:02:46.728" intervalms="14.523" />
  <attribute name="GC Util" value="491" />
  <attribute name="CPU Util" value="1993590949275" />
  <attribute name="Time Running"value="114336"/>
  <attribute name="Number of cores"value="16"/>
<gc-start id="3605" type="global" contextid="3604" timestamp="2019-08-04T20:02:46.728">
  <mem-info id="3606" free="460800" total="46137344" percent="0">
    <mem type="tenure" free="460800" total="46137344" percent="0">
      <mem type="soa" free="0" total="45676544" percent="0" />
      <mem type="loa" free="460800" total="460800" percent="100" />
    </mem>
  </mem-info>
</gc-start>
<allocation-stats totalBytes="27434448" >
  <allocated-bytes non-tlh="31536" tlh="27402912" />
  <largest-consumer threadName="main" threadId="0000000001BEEF00" bytes="27434448" />
</allocation-stats>
<gc-op id="3607" type="mark" timems="11.687" contextid="3604" timestamp="2019-08-04T20:02:46.740">
  <trace-info objectcount="596130" scancount="517137" scanbytes="13269616" />
  <finalization candidates="80" enqueued="0" />
  <ownableSynchronizers candidates="21" cleared="0" />
  <references type="soft" candidates="1843" cleared="0" enqueued="0" dynamicThreshold="19" maxThreshold="32" />
  <references type="weak" candidates="5746" cleared="0" enqueued="0" />
  <references type="phantom" candidates="97" cleared="0" enqueued="0" />
  <stringconstants candidates="13258" cleared="0"  />
</gc-op>
<gc-op id="3608" type="sweep" timems="2.323" contextid="3604" timestamp="2019-08-04T20:02:46.742" />
<gc-end id="3609" type="global" contextid="3604" durationms="14.264" usertimems="72.028" systemtimems="0.000" timestamp="2019-08-04T20:02:46.742" activeThreads="16">
  <mem-info id="3610" free="28106080" total="46137344" percent="60">
    <mem type="tenure" free="28106080" total="46137344" percent="60" micro-fragmented="58222" macro-fragmented="0">
      <mem type="soa" free="27645280" total="45676544" percent="60" />
      <mem type="loa" free="460800" total="460800" percent="100" />
    </mem>
  </mem-info>
</gc-end>
<cycle-end id="3611" type="global" contextid="3604" timestamp="2019-08-04T20:02:46.742">
  <attribute name="GC Util" value="552" />
  <attribute name="CPU Util" value="1574192584690" />
  <attribute name="Time Running"value="114353"/>
  <attribute name="Number of cores"value="16"/>
</cycle-end>
<allocation-satisfied id="3612" threadId="0000000001BEEF00" bytesRequested="1168" />
<af-end id="3613" timestamp="2019-08-04T20:02:46.742" threadId="0000000001BEF888" success="true" />
<exclusive-end id="3614" timestamp="2019-08-04T20:02:46.742" durationms="14.475" />

<exclusive-start id="3615" timestamp="2019-08-04T20:02:46.745" intervalms="17.468">
  <response-info timems="0.019" idlems="0.019" threads="0" lastid="0000000001BEEF00" lastname="main" />
</exclusive-start>
<af-start id="3616" threadId="0000000001BEF888" totalBytesRequested="1168" timestamp="2019-08-04T20:02:46.746" intervalms="17.478" />
<cycle-start id="3617" type="global" contextid="0" timestamp="2019-08-04T20:02:46.746" intervalms="17.465" />
  <attribute name="GC Util" value="552" />
  <attribute name="CPU Util" value="1574192584690" />
  <attribute name="Time Running"value="114353"/>
  <attribute name="Number of cores"value="16"/>
<gc-start id="3618" type="global" contextid="3617" timestamp="2019-08-04T20:02:46.746">
  <mem-info id="3619" free="460800" total="46137344" percent="0">
    <mem type="tenure" free="460800" total="46137344" percent="0">
      <mem type="soa" free="0" total="45676544" percent="0" />
      <mem type="loa" free="460800" total="460800" percent="100" />
    </mem>
  </mem-info>
</gc-start>
<allocation-stats totalBytes="27434448" >
  <allocated-bytes non-tlh="31536" tlh="27402912" />
  <largest-consumer threadName="main" threadId="0000000001BEEF00" bytes="27434448" />
</allocation-stats>
<gc-op id="3620" type="mark" timems="12.766" contextid="3617" timestamp="2019-08-04T20:02:46.758">
  <trace-info objectcount="596130" scancount="517139" scanbytes="13269616" />
  <finalization candidates="80" enqueued="0" />
  <ownableSynchronizers candidates="21" cleared="0" />
  <references type="soft" candidates="1843" cleared="0" enqueued="0" dynamicThreshold="19" maxThreshold="32" />
  <references type="weak" candidates="5746" cleared="0" enqueued="0" />
  <references type="phantom" candidates="97" cleared="0" enqueued="0" />
  <stringconstants candidates="13258" cleared="0"  />
</gc-op>
<gc-op id="3621" type="sweep" timems="2.212" contextid="3617" timestamp="2019-08-04T20:02:46.761" />
<gc-end id="3622" type="global" contextid="3617" durationms="15.180" usertimems="75.275" systemtimems="0.000" timestamp="2019-08-04T20:02:46.761" activeThreads="16">
  <mem-info id="3623" free="28106080" total="46137344" percent="60">
    <mem type="tenure" free="28106080" total="46137344" percent="60" micro-fragmented="58222" macro-fragmented="0">
      <mem type="soa" free="27645280" total="45676544" percent="60" />
      <mem type="loa" free="460800" total="460800" percent="100" />
    </mem>
  </mem-info>
</gc-end>
<cycle-end id="3624" type="global" contextid="3617" timestamp="2019-08-04T20:02:46.761">
  <attribute name="GC Util" value="506" />
  <attribute name="CPU Util" value="1440887588309" />
  <attribute name="Time Running"value="114372"/>
  <attribute name="Number of cores"value="16"/>
</cycle-end>
<allocation-satisfied id="3625" threadId="0000000001BEEF00" bytesRequested="1168" />
<af-end id="3626" timestamp="2019-08-04T20:02:46.761" threadId="0000000001BEF888" success="true" />
<exclusive-end id="3627" timestamp="2019-08-04T20:02:46.761" durationms="15.400" />

<exclusive-start id="3628" timestamp="2019-08-04T20:02:46.764" intervalms="18.910">
  <response-info timems="0.024" idlems="0.024" threads="0" lastid="0000000001BEEF00" lastname="main" />
</exclusive-start>
<af-start id="3629" threadId="0000000001BEF888" totalBytesRequested="1168" timestamp="2019-08-04T20:02:46.764" intervalms="18.918" />
<cycle-start id="3630" type="global" contextid="0" timestamp="2019-08-04T20:02:46.764" intervalms="18.925" />
  <attribute name="GC Util" value="506" />
  <attribute name="CPU Util" value="1440887588309" />
  <attribute name="Time Running"value="114372"/>
  <attribute name="Number of cores"value="16"/>
<gc-start id="3631" type="global" contextid="3630" timestamp="2019-08-04T20:02:46.765">
  <mem-info id="3632" free="460800" total="46137344" percent="0">
    <mem type="tenure" free="460800" total="46137344" percent="0">
      <mem type="soa" free="0" total="45676544" percent="0" />
      <mem type="loa" free="460800" total="460800" percent="100" />
    </mem>
  </mem-info>
</gc-start>
<allocation-stats totalBytes="27434472" >
  <allocated-bytes non-tlh="31536" tlh="27402936" />
  <largest-consumer threadName="main" threadId="0000000001BEEF00" bytes="27434472" />
</allocation-stats>
<gc-op id="3633" type="mark" timems="9.525" contextid="3630" timestamp="2019-08-04T20:02:46.774">
  <trace-info objectcount="596130" scancount="517139" scanbytes="13269616" />
  <finalization candidates="80" enqueued="0" />
  <ownableSynchronizers candidates="21" cleared="0" />
  <references type="soft" candidates="1843" cleared="0" enqueued="0" dynamicThreshold="19" maxThreshold="32" />
  <references type="weak" candidates="5746" cleared="0" enqueued="0" />
  <references type="phantom" candidates="97" cleared="0" enqueued="0" />
  <stringconstants candidates="13258" cleared="0"  />
</gc-op>
<gc-op id="3634" type="sweep" timems="2.242" contextid="3630" timestamp="2019-08-04T20:02:46.776" />
<gc-end id="3635" type="global" contextid="3630" durationms="11.972" usertimems="63.543" systemtimems="0.000" timestamp="2019-08-04T20:02:46.777" activeThreads="16">
  <mem-info id="3636" free="28106080" total="46137344" percent="60">
    <mem type="tenure" free="28106080" total="46137344" percent="60" micro-fragmented="58222" macro-fragmented="0">
      <mem type="soa" free="27645280" total="45676544" percent="60" />
      <mem type="loa" free="460800" total="460800" percent="100" />
    </mem>
  </mem-info>
</gc-end>
<cycle-end id="3637" type="global" contextid="3630" timestamp="2019-08-04T20:02:46.777">
  <attribute name="GC Util" value="592" />
  <attribute name="CPU Util" value="1934167847979" />
  <attribute name="Time Running"value="114387"/>
  <attribute name="Number of cores"value="16"/>
</cycle-end>
<allocation-satisfied id="3638" threadId="0000000001BEEF00" bytesRequested="1168" />
<af-end id="3639" timestamp="2019-08-04T20:02:46.777" threadId="0000000001BEF888" success="true" />
<exclusive-end id="3640" timestamp="2019-08-04T20:02:46.777" durationms="12.217" />

<exclusive-start id="3641" timestamp="2019-08-04T20:02:46.781" intervalms="16.115">
  <response-info timems="0.024" idlems="0.024" threads="0" lastid="0000000001BEEF00" lastname="main" />
</exclusive-start>
<af-start id="3642" threadId="0000000001BEF888" totalBytesRequested="1168" timestamp="2019-08-04T20:02:46.781" intervalms="16.111" />
<cycle-start id="3643" type="global" contextid="0" timestamp="2019-08-04T20:02:46.781" intervalms="16.105" />
  <attribute name="GC Util" value="592" />
  <attribute name="CPU Util" value="1934167847979" />
  <attribute name="Time Running"value="114387"/>
  <attribute name="Number of cores"value="16"/>
<gc-start id="3644" type="global" contextid="3643" timestamp="2019-08-04T20:02:46.781">
  <mem-info id="3645" free="460800" total="46137344" percent="0">
    <mem type="tenure" free="460800" total="46137344" percent="0">
      <mem type="soa" free="0" total="45676544" percent="0" />
      <mem type="loa" free="460800" total="460800" percent="100" />
    </mem>
  </mem-info>
</gc-start>
<allocation-stats totalBytes="27434448" >
  <allocated-bytes non-tlh="31536" tlh="27402912" />
  <largest-consumer threadName="main" threadId="0000000001BEEF00" bytes="27434448" />
</allocation-stats>
<gc-op id="3646" type="mark" timems="9.485" contextid="3643" timestamp="2019-08-04T20:02:46.790">
  <trace-info objectcount="596130" scancount="517140" scanbytes="13269616" />
  <finalization candidates="80" enqueued="0" />
  <ownableSynchronizers candidates="21" cleared="0" />
  <references type="soft" candidates="1843" cleared="0" enqueued="0" dynamicThreshold="19" maxThreshold="32" />
  <references type="weak" candidates="5746" cleared="0" enqueued="0" />
  <references type="phantom" candidates="97" cleared="0" enqueued="0" />
  <stringconstants candidates="13258" cleared="0"  />
</gc-op>
<gc-op id="3647" type="sweep" timems="1.766" contextid="3643" timestamp="2019-08-04T20:02:46.792" />
<gc-end id="3648" type="global" contextid="3643" durationms="11.436" usertimems="64.627" systemtimems="0.000" timestamp="2019-08-04T20:02:46.792" activeThreads="16">
  <mem-info id="3649" free="28106080" total="46137344" percent="60">
    <mem type="tenure" free="28106080" total="46137344" percent="60" micro-fragmented="58222" macro-fragmented="0">
      <mem type="soa" free="27645280" total="45676544" percent="60" />
      <mem type="loa" free="460800" total="460800" percent="100" />
    </mem>
  </mem-info>
</gc-end>
<cycle-end id="3650" type="global" contextid="3643" timestamp="2019-08-04T20:02:46.792">
  <attribute name="GC Util" value="625" />
  <attribute name="CPU Util" value="1940229831009" />
  <attribute name="Time Running"value="114403"/>
  <attribute name="Number of cores"value="16"/>
</cycle-end>
<allocation-satisfied id="3651" threadId="0000000001BEEF00" bytesRequested="1168" />
<af-end id="3652" timestamp="2019-08-04T20:02:46.792" threadId="0000000001BEF888" success="true" />
<exclusive-end id="3653" timestamp="2019-08-04T20:02:46.792" durationms="11.651" />

<exclusive-start id="3654" timestamp="2019-08-04T20:02:46.795" intervalms="14.535">
  <response-info timems="0.020" idlems="0.020" threads="0" lastid="0000000001BEEF00" lastname="main" />
</exclusive-start>
<af-start id="3655" threadId="0000000001BEF888" totalBytesRequested="1168" timestamp="2019-08-04T20:02:46.795" intervalms="14.528" />
<cycle-start id="3656" type="global" contextid="0" timestamp="2019-08-04T20:02:46.795" intervalms="14.526" />
  <attribute name="GC Util" value="625" />
  <attribute name="CPU Util" value="1940229831009" />
  <attribute name="Time Running"value="114403"/>
  <attribute name="Number of cores"value="16"/>
<gc-start id="3657" type="global" contextid="3656" timestamp="2019-08-04T20:02:46.795">
  <mem-info id="3658" free="460800" total="46137344" percent="0">
    <mem type="tenure" free="460800" total="46137344" percent="0">
      <mem type="soa" free="0" total="45676544" percent="0" />
      <mem type="loa" free="460800" total="460800" percent="100" />
    </mem>
  </mem-info>
</gc-start>
<allocation-stats totalBytes="27434448" >
  <allocated-bytes non-tlh="31536" tlh="27402912" />
  <largest-consumer threadName="main" threadId="0000000001BEEF00" bytes="27434448" />
</allocation-stats>
<gc-op id="3659" type="mark" timems="10.331" contextid="3656" timestamp="2019-08-04T20:02:46.806">
  <trace-info objectcount="596130" scancount="517138" scanbytes="13269616" />
  <finalization candidates="80" enqueued="0" />
  <ownableSynchronizers candidates="21" cleared="0" />
  <references type="soft" candidates="1843" cleared="0" enqueued="0" dynamicThreshold="19" maxThreshold="32" />
  <references type="weak" candidates="5746" cleared="0" enqueued="0" />
  <references type="phantom" candidates="97" cleared="0" enqueued="0" />
  <stringconstants candidates="13258" cleared="0"  />
</gc-op>
<gc-op id="3660" type="sweep" timems="1.820" contextid="3656" timestamp="2019-08-04T20:02:46.807" />
<gc-end id="3661" type="global" contextid="3656" durationms="12.398" usertimems="63.150" systemtimems="0.000" timestamp="2019-08-04T20:02:46.808" activeThreads="16">
  <mem-info id="3662" free="28106080" total="46137344" percent="60">
    <mem type="tenure" free="28106080" total="46137344" percent="60" micro-fragmented="58222" macro-fragmented="0">
      <mem type="soa" free="27645280" total="45676544" percent="60" />
      <mem type="loa" free="460800" total="460800" percent="100" />
    </mem>
  </mem-info>
</gc-end>
<cycle-end id="3663" type="global" contextid="3656" timestamp="2019-08-04T20:02:46.808">
  <attribute name="GC Util" value="565" />
  <attribute name="CPU Util" value="1778152533999" />
  <attribute name="Time Running"value="114419"/>
  <attribute name="Number of cores"value="16"/>
</cycle-end>
<allocation-satisfied id="3664" threadId="0000000001BEEF00" bytesRequested="1168" />
<af-end id="3665" timestamp="2019-08-04T20:02:46.808" threadId="0000000001BEF888" success="true" />
<exclusive-end id="3666" timestamp="2019-08-04T20:02:46.808" durationms="12.631" />

<exclusive-start id="3667" timestamp="2019-08-04T20:02:46.811" intervalms="16.200">
  <response-info timems="0.022" idlems="0.022" threads="0" lastid="0000000001BEEF00" lastname="main" />
</exclusive-start>
<af-start id="3668" threadId="0000000001BEF888" totalBytesRequested="1168" timestamp="2019-08-04T20:02:46.811" intervalms="16.207" />
<cycle-start id="3669" type="global" contextid="0" timestamp="2019-08-04T20:02:46.811" intervalms="16.214" />
  <attribute name="GC Util" value="565" />
  <attribute name="CPU Util" value="1778152533999" />
  <attribute name="Time Running"value="114419"/>
  <attribute name="Number of cores"value="16"/>
<gc-start id="3670" type="global" contextid="3669" timestamp="2019-08-04T20:02:46.811">
  <mem-info id="3671" free="460800" total="46137344" percent="0">
    <mem type="tenure" free="460800" total="46137344" percent="0">
      <mem type="soa" free="0" total="45676544" percent="0" />
      <mem type="loa" free="460800" total="460800" percent="100" />
    </mem>
  </mem-info>
</gc-start>
<allocation-stats totalBytes="27434472" >
  <allocated-bytes non-tlh="31536" tlh="27402936" />
  <largest-consumer threadName="main" threadId="0000000001BEEF00" bytes="27434472" />
</allocation-stats>
<gc-op id="3672" type="mark" timems="10.129" contextid="3669" timestamp="2019-08-04T20:02:46.822">
  <trace-info objectcount="596130" scancount="517137" scanbytes="13269616" />
  <finalization candidates="80" enqueued="0" />
  <ownableSynchronizers candidates="21" cleared="0" />
  <references type="soft" candidates="1843" cleared="0" enqueued="0" dynamicThreshold="19" maxThreshold="32" />
  <references type="weak" candidates="5746" cleared="0" enqueued="0" />
  <references type="phantom" candidates="97" cleared="0" enqueued="0" />
  <stringconstants candidates="13258" cleared="0"  />
</gc-op>
<gc-op id="3673" type="sweep" timems="4.227" contextid="3669" timestamp="2019-08-04T20:02:46.826" />
<gc-end id="3674" type="global" contextid="3669" durationms="14.542" usertimems="61.240" systemtimems="0.000" timestamp="2019-08-04T20:02:46.826" activeThreads="16">
  <mem-info id="3675" free="28106032" total="46137344" percent="60">
    <mem type="tenure" free="28106032" total="46137344" percent="60" micro-fragmented="58222" macro-fragmented="0">
      <mem type="soa" free="27645232" total="45676544" percent="60" />
      <mem type="loa" free="460800" total="460800" percent="100" />
    </mem>
  </mem-info>
</gc-end>
<cycle-end id="3676" type="global" contextid="3669" timestamp="2019-08-04T20:02:46.826">
  <attribute name="GC Util" value="527" />
  <attribute name="CPU Util" value="1817283284207" />
  <attribute name="Time Running"value="114435"/>
  <attribute name="Number of cores"value="16"/>
</cycle-end>
<allocation-satisfied id="3677" threadId="0000000001BEEF00" bytesRequested="1168" />
<af-end id="3678" timestamp="2019-08-04T20:02:46.826" threadId="0000000001BEF888" success="true" />
<exclusive-end id="3679" timestamp="2019-08-04T20:02:46.826" durationms="14.784" />

<exclusive-start id="3680" timestamp="2019-08-04T20:02:46.829" intervalms="17.843">
  <response-info timems="0.024" idlems="0.024" threads="0" lastid="0000000001BEEF00" lastname="main" />
</exclusive-start>
<af-start id="3681" threadId="0000000001BEF888" totalBytesRequested="1168" timestamp="2019-08-04T20:02:46.829" intervalms="17.844" />
<cycle-start id="3682" type="global" contextid="0" timestamp="2019-08-04T20:02:46.829" intervalms="17.864" />
  <attribute name="GC Util" value="527" />
  <attribute name="CPU Util" value="1817283284207" />
  <attribute name="Time Running"value="114435"/>
  <attribute name="Number of cores"value="16"/>
<gc-start id="3683" type="global" contextid="3682" timestamp="2019-08-04T20:02:46.829">
  <mem-info id="3684" free="460800" total="46137344" percent="0">
    <mem type="tenure" free="460800" total="46137344" percent="0">
      <mem type="soa" free="0" total="45676544" percent="0" />
      <mem type="loa" free="460800" total="460800" percent="100" />
    </mem>
  </mem-info>
</gc-start>
<allocation-stats totalBytes="27434448" >
  <allocated-bytes non-tlh="31536" tlh="27402912" />
  <largest-consumer threadName="main" threadId="0000000001BEEF00" bytes="27434448" />
</allocation-stats>
<gc-op id="3685" type="mark" timems="9.604" contextid="3682" timestamp="2019-08-04T20:02:46.839">
  <trace-info objectcount="596130" scancount="517143" scanbytes="13269616" />
  <finalization candidates="80" enqueued="0" />
  <ownableSynchronizers candidates="21" cleared="0" />
  <references type="soft" candidates="1843" cleared="0" enqueued="0" dynamicThreshold="19" maxThreshold="32" />
  <references type="weak" candidates="5746" cleared="0" enqueued="0" />
  <references type="phantom" candidates="97" cleared="0" enqueued="0" />
  <stringconstants candidates="13258" cleared="0"  />
</gc-op>
<gc-op id="3686" type="sweep" timems="1.656" contextid="3682" timestamp="2019-08-04T20:02:46.841" />
<gc-end id="3687" type="global" contextid="3682" durationms="11.453" usertimems="62.554" systemtimems="0.000" timestamp="2019-08-04T20:02:46.841" activeThreads="16">
  <mem-info id="3688" free="28106080" total="46137344" percent="60">
    <mem type="tenure" free="28106080" total="46137344" percent="60" micro-fragmented="58222" macro-fragmented="0">
      <mem type="soa" free="27645280" total="45676544" percent="60" />
      <mem type="loa" free="460800" total="460800" percent="100" />
    </mem>
  </mem-info>
</gc-end>
<cycle-end id="3689" type="global" contextid="3682" timestamp="2019-08-04T20:02:46.841">
  <attribute name="GC Util" value="595" />
  <attribute name="CPU Util" value="1912777782620" />
  <attribute name="Time Running"value="114452"/>
  <attribute name="Number of cores"value="16"/>
</cycle-end>
<allocation-satisfied id="3690" threadId="0000000001BEEF00" bytesRequested="1168" />
<af-end id="3691" timestamp="2019-08-04T20:02:46.841" threadId="0000000001BEF888" success="true" />
<exclusive-end id="3692" timestamp="2019-08-04T20:02:46.841" durationms="11.705" />

<exclusive-start id="3693" timestamp="2019-08-04T20:02:46.844" intervalms="14.929">
  <response-info timems="0.023" idlems="0.023" threads="0" lastid="0000000001BEEF00" lastname="main" />
</exclusive-start>
<af-start id="3694" threadId="0000000001BEF888" totalBytesRequested="1168" timestamp="2019-08-04T20:02:46.844" intervalms="14.931" />
<cycle-start id="3695" type="global" contextid="0" timestamp="2019-08-04T20:02:46.844" intervalms="14.905" />
  <attribute name="GC Util" value="595" />
  <attribute name="CPU Util" value="1912777782620" />
  <attribute name="Time Running"value="114452"/>
  <attribute name="Number of cores"value="16"/>
<gc-start id="3696" type="global" contextid="3695" timestamp="2019-08-04T20:02:46.844">
  <mem-info id="3697" free="460800" total="46137344" percent="0">
    <mem type="tenure" free="460800" total="46137344" percent="0">
      <mem type="soa" free="0" total="45676544" percent="0" />
      <mem type="loa" free="460800" total="460800" percent="100" />
    </mem>
  </mem-info>
</gc-start>
<allocation-stats totalBytes="27434448" >
  <allocated-bytes non-tlh="31536" tlh="27402912" />
  <largest-consumer threadName="main" threadId="0000000001BEEF00" bytes="27434448" />
</allocation-stats>
<gc-op id="3698" type="mark" timems="13.504" contextid="3695" timestamp="2019-08-04T20:02:46.858">
  <trace-info objectcount="596130" scancount="517142" scanbytes="13269616" />
  <finalization candidates="80" enqueued="0" />
  <ownableSynchronizers candidates="21" cleared="0" />
  <references type="soft" candidates="1843" cleared="0" enqueued="0" dynamicThreshold="19" maxThreshold="32" />
  <references type="weak" candidates="5746" cleared="0" enqueued="0" />
  <references type="phantom" candidates="97" cleared="0" enqueued="0" />
  <stringconstants candidates="13258" cleared="0"  />
</gc-op>
<gc-op id="3699" type="sweep" timems="3.637" contextid="3695" timestamp="2019-08-04T20:02:46.861" />
<gc-end id="3700" type="global" contextid="3695" durationms="17.362" usertimems="61.620" systemtimems="0.000" timestamp="2019-08-04T20:02:46.862" activeThreads="16">
  <mem-info id="3701" free="28106080" total="46137344" percent="60">
    <mem type="tenure" free="28106080" total="46137344" percent="60" micro-fragmented="58222" macro-fragmented="0">
      <mem type="soa" free="27645280" total="45676544" percent="60" />
      <mem type="loa" free="460800" total="460800" percent="100" />
    </mem>
  </mem-info>
</gc-end>
<cycle-end id="3702" type="global" contextid="3695" timestamp="2019-08-04T20:02:46.862">
  <attribute name="GC Util" value="406" />
  <attribute name="CPU Util" value="1362975755479" />
  <attribute name="Time Running"value="114471"/>
  <attribute name="Number of cores"value="16"/>
</cycle-end>
<allocation-satisfied id="3703" threadId="0000000001BEEF00" bytesRequested="1168" />
<af-end id="3704" timestamp="2019-08-04T20:02:46.862" threadId="0000000001BEF888" success="true" />
<exclusive-end id="3705" timestamp="2019-08-04T20:02:46.862" durationms="17.588" />

<exclusive-start id="3706" timestamp="2019-08-04T20:02:46.864" intervalms="20.461">
  <response-info timems="0.019" idlems="0.019" threads="0" lastid="0000000001BEEF00" lastname="main" />
</exclusive-start>
<af-start id="3707" threadId="0000000001BEF888" totalBytesRequested="1168" timestamp="2019-08-04T20:02:46.865" intervalms="20.449" />
<cycle-start id="3708" type="global" contextid="0" timestamp="2019-08-04T20:02:46.865" intervalms="20.457" />
  <attribute name="GC Util" value="406" />
  <attribute name="CPU Util" value="1362975755479" />
  <attribute name="Time Running"value="114471"/>
  <attribute name="Number of cores"value="16"/>
<gc-start id="3709" type="global" contextid="3708" timestamp="2019-08-04T20:02:46.865">
  <mem-info id="3710" free="460800" total="46137344" percent="0">
    <mem type="tenure" free="460800" total="46137344" percent="0">
      <mem type="soa" free="0" total="45676544" percent="0" />
      <mem type="loa" free="460800" total="460800" percent="100" />
    </mem>
  </mem-info>
</gc-start>
<allocation-stats totalBytes="27434472" >
  <allocated-bytes non-tlh="31536" tlh="27402936" />
  <largest-consumer threadName="main" threadId="0000000001BEEF00" bytes="27434472" />
</allocation-stats>
<gc-op id="3711" type="mark" timems="11.374" contextid="3708" timestamp="2019-08-04T20:02:46.876">
  <trace-info objectcount="596130" scancount="517113" scanbytes="13269616" />
  <finalization candidates="80" enqueued="0" />
  <ownableSynchronizers candidates="21" cleared="0" />
  <references type="soft" candidates="1843" cleared="0" enqueued="0" dynamicThreshold="19" maxThreshold="32" />
  <references type="weak" candidates="5746" cleared="0" enqueued="0" />
  <references type="phantom" candidates="97" cleared="0" enqueued="0" />
  <stringconstants candidates="13258" cleared="0"  />
</gc-op>
<gc-op id="3712" type="sweep" timems="3.543" contextid="3708" timestamp="2019-08-04T20:02:46.880" />
<gc-end id="3713" type="global" contextid="3708" durationms="15.305" usertimems="68.319" systemtimems="0.000" timestamp="2019-08-04T20:02:46.880" activeThreads="16">
  <mem-info id="3714" free="28106080" total="46137344" percent="60">
    <mem type="tenure" free="28106080" total="46137344" percent="60" micro-fragmented="58222" macro-fragmented="97368">
      <mem type="soa" free="27645280" total="45676544" percent="60" />
      <mem type="loa" free="460800" total="460800" percent="100" />
    </mem>
  </mem-info>
</gc-end>
<cycle-end id="3715" type="global" contextid="3708" timestamp="2019-08-04T20:02:46.880">
  <attribute name="GC Util" value="535" />
  <attribute name="CPU Util" value="1606761019889" />
  <attribute name="Time Running"value="114489"/>
  <attribute name="Number of cores"value="16"/>
</cycle-end>
<allocation-satisfied id="3716" threadId="0000000001BEEF00" bytesRequested="1168" />
<af-end id="3717" timestamp="2019-08-04T20:02:46.880" threadId="0000000001BEF888" success="true" />
<exclusive-end id="3718" timestamp="2019-08-04T20:02:46.880" durationms="15.885" />

<exclusive-start id="3719" timestamp="2019-08-04T20:02:46.908" intervalms="43.080">
  <response-info timems="0.021" idlems="0.021" threads="0" lastid="0000000001BEEF00" lastname="main" />
</exclusive-start>
<af-start id="3720" threadId="0000000001BEF888" totalBytesRequested="24" timestamp="2019-08-04T20:02:46.908" intervalms="43.218" />
<cycle-start id="3721" type="global" contextid="0" timestamp="2019-08-04T20:02:46.908" intervalms="43.281" />
  <attribute name="GC Util" value="535" />
  <attribute name="CPU Util" value="1606761019889" />
  <attribute name="Time Running"value="114489"/>
  <attribute name="Number of cores"value="16"/>
<gc-start id="3722" type="global" contextid="3721" timestamp="2019-08-04T20:02:46.908">
  <mem-info id="3723" free="460800" total="46137344" percent="0">
    <mem type="tenure" free="460800" total="46137344" percent="0">
      <mem type="soa" free="0" total="45676544" percent="0" />
      <mem type="loa" free="460800" total="460800" percent="100" />
    </mem>
  </mem-info>
</gc-start>
<allocation-stats totalBytes="27626512" >
  <allocated-bytes non-tlh="24528" tlh="27601984" />
  <largest-consumer threadName="main" threadId="0000000001BEEF00" bytes="27626512" />
</allocation-stats>
<gc-op id="3724" type="mark" timems="9.063" contextid="3721" timestamp="2019-08-04T20:02:46.917">
  <trace-info objectcount="596254" scancount="517269" scanbytes="13273828" />
  <finalization candidates="80" enqueued="0" />
  <ownableSynchronizers candidates="21" cleared="0" />
  <references type="soft" candidates="1843" cleared="0" enqueued="0" dynamicThreshold="19" maxThreshold="32" />
  <references type="weak" candidates="5746" cleared="0" enqueued="0" />
  <references type="phantom" candidates="97" cleared="0" enqueued="0" />
  <stringconstants candidates="13258" cleared="0"  />
</gc-op>
<gc-op id="3725" type="sweep" timems="2.329" contextid="3721" timestamp="2019-08-04T20:02:46.920" />
<gc-end id="3726" type="global" contextid="3721" durationms="11.692" usertimems="60.685" systemtimems="0.000" timestamp="2019-08-04T20:02:46.920" activeThreads="16">
  <mem-info id="3727" free="28100776" total="46137344" percent="60">
    <mem type="tenure" free="28100776" total="46137344" percent="60" micro-fragmented="79501" macro-fragmented="0">
      <mem type="soa" free="27639976" total="45676544" percent="60" />
      <mem type="loa" free="460800" total="460800" percent="100" />
    </mem>
  </mem-info>
</gc-end>
<cycle-end id="3728" type="global" contextid="3721" timestamp="2019-08-04T20:02:46.920">
  <attribute name="GC Util" value="579" />
  <attribute name="CPU Util" value="2026242423109" />
  <attribute name="Time Running"value="114530"/>
  <attribute name="Number of cores"value="16"/>
</cycle-end>
<allocation-satisfied id="3729" threadId="0000000001BEEF00" bytesRequested="24" />
<af-end id="3730" timestamp="2019-08-04T20:02:46.920" threadId="0000000001BEF888" success="true" />
<exclusive-end id="3731" timestamp="2019-08-04T20:02:46.920" durationms="12.257" />

<exclusive-start id="3732" timestamp="2019-08-04T20:02:46.943" intervalms="35.510">
  <response-info timems="0.017" idlems="0.017" threads="0" lastid="0000000001BEEF00" lastname="main" />
</exclusive-start>
<af-start id="3733" threadId="0000000001BEF888" totalBytesRequested="32" timestamp="2019-08-04T20:02:46.943" intervalms="35.422" />
<cycle-start id="3734" type="global" contextid="0" timestamp="2019-08-04T20:02:46.943" intervalms="35.392" />
  <attribute name="GC Util" value="579" />
  <attribute name="CPU Util" value="2026242423109" />
  <attribute name="Time Running"value="114530"/>
  <attribute name="Number of cores"value="16"/>
<gc-start id="3735" type="global" contextid="3734" timestamp="2019-08-04T20:02:46.943">
  <mem-info id="3736" free="460800" total="46137344" percent="0">
    <mem type="tenure" free="460800" total="46137344" percent="0">
      <mem type="soa" free="0" total="45676544" percent="0" />
      <mem type="loa" free="460800" total="460800" percent="100" />
    </mem>
  </mem-info>
</gc-start>
<allocation-stats totalBytes="27635688" >
  <allocated-bytes non-tlh="0" tlh="27635688" />
  <largest-consumer threadName="main" threadId="0000000001BEEF00" bytes="27635688" />
</allocation-stats>
<gc-op id="3737" type="mark" timems="9.253" contextid="3734" timestamp="2019-08-04T20:02:46.953">
  <trace-info objectcount="596328" scancount="517338" scanbytes="13276248" />
  <finalization candidates="80" enqueued="0" />
  <ownableSynchronizers candidates="21" cleared="0" />
  <references type="soft" candidates="1843" cleared="0" enqueued="0" dynamicThreshold="19" maxThreshold="32" />
  <references type="weak" candidates="5775" cleared="0" enqueued="0" />
  <references type="phantom" candidates="97" cleared="0" enqueued="0" />
  <stringconstants candidates="13258" cleared="0"  />
</gc-op>
<gc-op id="3738" type="sweep" timems="1.108" contextid="3734" timestamp="2019-08-04T20:02:46.954" />
<gc-end id="3739" type="global" contextid="3734" durationms="10.630" usertimems="54.673" systemtimems="0.000" timestamp="2019-08-04T20:02:46.954" activeThreads="16">
  <mem-info id="3740" free="28089784" total="46137344" percent="60">
    <mem type="tenure" free="28089784" total="46137344" percent="60" micro-fragmented="79501" macro-fragmented="0">
      <mem type="soa" free="27628984" total="45676544" percent="60" />
      <mem type="loa" free="460800" total="460800" percent="100" />
    </mem>
  </mem-info>
</gc-end>
<cycle-end id="3741" type="global" contextid="3734" timestamp="2019-08-04T20:02:46.954">
  <attribute name="GC Util" value="541" />
  <attribute name="CPU Util" value="1981616465451" />
  <attribute name="Time Running"value="114566"/>
  <attribute name="Number of cores"value="16"/>
</cycle-end>
<allocation-satisfied id="3742" threadId="0000000001BEEF00" bytesRequested="32" />
<af-end id="3743" timestamp="2019-08-04T20:02:46.954" threadId="0000000001BEF888" success="true" />
<exclusive-end id="3744" timestamp="2019-08-04T20:02:46.954" durationms="11.025" />

<exclusive-start id="3745" timestamp="2019-08-04T20:02:46.981" intervalms="37.819">
  <response-info timems="0.021" idlems="0.021" threads="0" lastid="0000000001BEEF00" lastname="main" />
</exclusive-start>
<af-start id="3746" threadId="0000000001BEF888" totalBytesRequested="24" timestamp="2019-08-04T20:02:46.981" intervalms="37.813" />
<cycle-start id="3747" type="global" contextid="0" timestamp="2019-08-04T20:02:46.981" intervalms="37.778" />
  <attribute name="GC Util" value="541" />
  <attribute name="CPU Util" value="1981616465451" />
  <attribute name="Time Running"value="114566"/>
  <attribute name="Number of cores"value="16"/>
<gc-start id="3748" type="global" contextid="3747" timestamp="2019-08-04T20:02:46.981">
  <mem-info id="3749" free="460800" total="46137344" percent="0">
    <mem type="tenure" free="460800" total="46137344" percent="0">
      <mem type="soa" free="0" total="45676544" percent="0" />
      <mem type="loa" free="460800" total="460800" percent="100" />
    </mem>
  </mem-info>
</gc-start>
<allocation-stats totalBytes="27625712" >
  <allocated-bytes non-tlh="0" tlh="27625712" />
  <largest-consumer threadName="main" threadId="0000000001BEEF00" bytes="27625712" />
</allocation-stats>
<gc-op id="3750" type="mark" timems="11.385" contextid="3747" timestamp="2019-08-04T20:02:46.993">
  <trace-info objectcount="596330" scancount="517339" scanbytes="13276304" />
  <finalization candidates="80" enqueued="0" />
  <ownableSynchronizers candidates="21" cleared="0" />
  <references type="soft" candidates="1843" cleared="0" enqueued="0" dynamicThreshold="19" maxThreshold="32" />
  <references type="weak" candidates="5775" cleared="0" enqueued="0" />
  <references type="phantom" candidates="97" cleared="0" enqueued="0" />
  <stringconstants candidates="13258" cleared="0"  />
</gc-op>
<gc-op id="3751" type="sweep" timems="3.115" contextid="3747" timestamp="2019-08-04T20:02:46.996" />
<gc-end id="3752" type="global" contextid="3747" durationms="14.748" usertimems="74.907" systemtimems="0.000" timestamp="2019-08-04T20:02:46.996" activeThreads="16">
  <mem-info id="3753" free="28089568" total="46137344" percent="60">
    <mem type="tenure" free="28089568" total="46137344" percent="60" micro-fragmented="79501" macro-fragmented="0">
      <mem type="soa" free="27628768" total="45676544" percent="60" />
      <mem type="loa" free="460800" total="460800" percent="100" />
    </mem>
  </mem-info>
</gc-end>
<cycle-end id="3754" type="global" contextid="3747" timestamp="2019-08-04T20:02:46.996">
  <attribute name="GC Util" value="525" />
  <attribute name="CPU Util" value="1619404011041" />
  <attribute name="Time Running"value="114606"/>
  <attribute name="Number of cores"value="16"/>
</cycle-end>
<allocation-satisfied id="3755" threadId="0000000001BEEF00" bytesRequested="24" />
<af-end id="3756" timestamp="2019-08-04T20:02:46.996" threadId="0000000001BEF888" success="true" />
<exclusive-end id="3757" timestamp="2019-08-04T20:02:46.996" durationms="15.075" />

<exclusive-start id="3758" timestamp="2019-08-04T20:02:47.015" intervalms="34.431">
  <response-info timems="0.021" idlems="0.021" threads="0" lastid="0000000001BEEF00" lastname="main" />
</exclusive-start>
<af-start id="3759" threadId="0000000001BEF888" totalBytesRequested="32" timestamp="2019-08-04T20:02:47.015" intervalms="34.393" />
<cycle-start id="3760" type="global" contextid="0" timestamp="2019-08-04T20:02:47.015" intervalms="34.386" />
  <attribute name="GC Util" value="525" />
  <attribute name="CPU Util" value="1619404011041" />
  <attribute name="Time Running"value="114606"/>
  <attribute name="Number of cores"value="16"/>
<gc-start id="3761" type="global" contextid="3760" timestamp="2019-08-04T20:02:47.015">
  <mem-info id="3762" free="460800" total="46137344" percent="0">
    <mem type="tenure" free="460800" total="46137344" percent="0">
      <mem type="soa" free="0" total="45676544" percent="0" />
      <mem type="loa" free="460800" total="460800" percent="100" />
    </mem>
  </mem-info>
</gc-start>
<allocation-stats totalBytes="27618760" >
  <allocated-bytes non-tlh="0" tlh="27618760" />
  <largest-consumer threadName="main" threadId="0000000001BEEF00" bytes="27618760" />
</allocation-stats>
<gc-op id="3763" type="mark" timems="9.950" contextid="3760" timestamp="2019-08-04T20:02:47.025">
  <trace-info objectcount="596156" scancount="517166" scanbytes="13270408" />
  <finalization candidates="80" enqueued="0" />
  <ownableSynchronizers candidates="21" cleared="0" />
  <references type="soft" candidates="1843" cleared="0" enqueued="0" dynamicThreshold="19" maxThreshold="32" />
  <references type="weak" candidates="5775" cleared="7" enqueued="3" />
  <references type="phantom" candidates="97" cleared="0" enqueued="0" />
  <stringconstants candidates="13258" cleared="0"  />
</gc-op>
<gc-op id="3764" type="sweep" timems="1.570" contextid="3760" timestamp="2019-08-04T20:02:47.027" />
<gc-end id="3765" type="global" contextid="3760" durationms="12.014" usertimems="63.220" systemtimems="0.000" timestamp="2019-08-04T20:02:47.027" activeThreads="16">
  <mem-info id="3766" free="28103776" total="46137344" percent="60">
    <mem type="tenure" free="28103776" total="46137344" percent="60" micro-fragmented="79501" macro-fragmented="0">
      <mem type="soa" free="27642976" total="45676544" percent="60" />
      <mem type="loa" free="460800" total="460800" percent="100" />
    </mem>
    <pending-finalizers system="0" default="0" reference="3" classloader="0" />
  </mem-info>
</gc-end>
<cycle-end id="3767" type="global" contextid="3760" timestamp="2019-08-04T20:02:47.028">
  <attribute name="GC Util" value="521" />
  <attribute name="CPU Util" value="1799487706385" />
  <attribute name="Time Running"value="114639"/>
  <attribute name="Number of cores"value="16"/>
</cycle-end>
<allocation-satisfied id="3768" threadId="0000000001BEEF00" bytesRequested="32" />
<af-end id="3769" timestamp="2019-08-04T20:02:47.028" threadId="0000000001BEF888" success="true" />
<exclusive-end id="3770" timestamp="2019-08-04T20:02:47.028" durationms="12.221" />

<exclusive-start id="3771" timestamp="2019-08-04T20:02:47.033" intervalms="17.495">
  <response-info timems="0.019" idlems="0.019" threads="0" lastid="0000000001BEEF00" lastname="main" />
</exclusive-start>
<af-start id="3772" threadId="0000000001BEF888" totalBytesRequested="32" timestamp="2019-08-04T20:02:47.033" intervalms="17.492" />
<cycle-start id="3773" type="global" contextid="0" timestamp="2019-08-04T20:02:47.033" intervalms="17.490" />
  <attribute name="GC Util" value="521" />
  <attribute name="CPU Util" value="1799487706385" />
  <attribute name="Time Running"value="114639"/>
  <attribute name="Number of cores"value="16"/>
<gc-start id="3774" type="global" contextid="3773" timestamp="2019-08-04T20:02:47.033">
  <mem-info id="3775" free="460800" total="46137344" percent="0">
    <mem type="tenure" free="460800" total="46137344" percent="0">
      <mem type="soa" free="0" total="45676544" percent="0" />
      <mem type="loa" free="460800" total="460800" percent="100" />
    </mem>
  </mem-info>
</gc-start>
<allocation-stats totalBytes="27621560" >
  <allocated-bytes non-tlh="0" tlh="27621560" />
  <largest-consumer threadName="main" threadId="0000000001BEEF00" bytes="27621560" />
</allocation-stats>
<gc-op id="3776" type="mark" timems="10.805" contextid="3773" timestamp="2019-08-04T20:02:47.044">
  <trace-info objectcount="596157" scancount="517167" scanbytes="13270432" />
  <finalization candidates="80" enqueued="0" />
  <ownableSynchronizers candidates="21" cleared="0" />
  <references type="soft" candidates="1843" cleared="0" enqueued="0" dynamicThreshold="19" maxThreshold="32" />
  <references type="weak" candidates="5768" cleared="0" enqueued="0" />
  <references type="phantom" candidates="97" cleared="0" enqueued="0" />
  <stringconstants candidates="13258" cleared="0"  />
</gc-op>
<gc-op id="3777" type="sweep" timems="2.204" contextid="3773" timestamp="2019-08-04T20:02:47.046" />
<gc-end id="3778" type="global" contextid="3773" durationms="13.243" usertimems="70.291" systemtimems="0.000" timestamp="2019-08-04T20:02:47.046" activeThreads="16">
  <mem-info id="3779" free="28103264" total="46137344" percent="60">
    <mem type="tenure" free="28103264" total="46137344" percent="60" micro-fragmented="79501" macro-fragmented="0">
      <mem type="soa" free="27642464" total="45676544" percent="60" />
      <mem type="loa" free="460800" total="460800" percent="100" />
    </mem>
  </mem-info>
</gc-end>
<cycle-end id="3780" type="global" contextid="3773" timestamp="2019-08-04T20:02:47.046">
  <attribute name="GC Util" value="538" />
  <attribute name="CPU Util" value="1713751387394" />
  <attribute name="Time Running"value="114657"/>
  <attribute name="Number of cores"value="16"/>
</cycle-end>
<allocation-satisfied id="3781" threadId="0000000001BEEF00" bytesRequested="32" />
<af-end id="3782" timestamp="2019-08-04T20:02:47.046" threadId="0000000001BEF888" success="true" />
<exclusive-end id="3783" timestamp="2019-08-04T20:02:47.046" durationms="13.473" />

<exclusive-start id="3784" timestamp="2019-08-04T20:02:47.054" intervalms="21.177">
  <response-info timems="0.025" idlems="0.025" threads="0" lastid="0000000001BEEF00" lastname="main" />
</exclusive-start>
<af-start id="3785" threadId="0000000001BEF888" totalBytesRequested="240" timestamp="2019-08-04T20:02:47.054" intervalms="21.184" />
<cycle-start id="3786" type="global" contextid="0" timestamp="2019-08-04T20:02:47.054" intervalms="21.193" />
  <attribute name="GC Util" value="538" />
  <attribute name="CPU Util" value="1713751387394" />
  <attribute name="Time Running"value="114657"/>
  <attribute name="Number of cores"value="16"/>
<gc-start id="3787" type="global" contextid="3786" timestamp="2019-08-04T20:02:47.054">
  <mem-info id="3788" free="460800" total="46137344" percent="0">
    <mem type="tenure" free="460800" total="46137344" percent="0">
      <mem type="soa" free="0" total="45676544" percent="0" />
      <mem type="loa" free="460800" total="460800" percent="100" />
    </mem>
  </mem-info>
</gc-start>
<allocation-stats totalBytes="27620416" >
  <allocated-bytes non-tlh="0" tlh="27620416" />
  <largest-consumer threadName="main" threadId="0000000001BEEF00" bytes="27620416" />
</allocation-stats>
<gc-op id="3789" type="mark" timems="9.794" contextid="3786" timestamp="2019-08-04T20:02:47.064">
  <trace-info objectcount="596158" scancount="517169" scanbytes="13270464" />
  <finalization candidates="80" enqueued="0" />
  <ownableSynchronizers candidates="21" cleared="0" />
  <references type="soft" candidates="1843" cleared="0" enqueued="0" dynamicThreshold="19" maxThreshold="32" />
  <references type="weak" candidates="5768" cleared="0" enqueued="0" />
  <references type="phantom" candidates="97" cleared="0" enqueued="0" />
  <stringconstants candidates="13258" cleared="0"  />
</gc-op>
<gc-op id="3790" type="sweep" timems="2.028" contextid="3786" timestamp="2019-08-04T20:02:47.066" />
<gc-end id="3791" type="global" contextid="3786" durationms="12.013" usertimems="63.920" systemtimems="0.000" timestamp="2019-08-04T20:02:47.066" activeThreads="16">
  <mem-info id="3792" free="28103528" total="46137344" percent="60">
    <mem type="tenure" free="28103528" total="46137344" percent="60" micro-fragmented="79501" macro-fragmented="0">
      <mem type="soa" free="27642728" total="45676544" percent="60" />
      <mem type="loa" free="460800" total="460800" percent="100" />
    </mem>
  </mem-info>
</gc-end>
<cycle-end id="3793" type="global" contextid="3786" timestamp="2019-08-04T20:02:47.066">
  <attribute name="GC Util" value="550" />
  <attribute name="CPU Util" value="1885936303957" />
  <attribute name="Time Running"value="114677"/>
  <attribute name="Number of cores"value="16"/>
</cycle-end>
<allocation-satisfied id="3794" threadId="0000000001BEEF00" bytesRequested="240" />
<af-end id="3795" timestamp="2019-08-04T20:02:47.066" threadId="0000000001BEF888" success="true" />
<exclusive-end id="3796" timestamp="2019-08-04T20:02:47.066" durationms="12.286" />

<exclusive-start id="3797" timestamp="2019-08-04T20:02:47.072" intervalms="17.835">
  <response-info timems="0.017" idlems="0.017" threads="0" lastid="0000000001BEEF00" lastname="main" />
</exclusive-start>
<af-start id="3798" threadId="0000000001BEF888" totalBytesRequested="16" timestamp="2019-08-04T20:02:47.072" intervalms="17.830" />
<cycle-start id="3799" type="global" contextid="0" timestamp="2019-08-04T20:02:47.072" intervalms="17.836" />
  <attribute name="GC Util" value="550" />
  <attribute name="CPU Util" value="1885936303957" />
  <attribute name="Time Running"value="114677"/>
  <attribute name="Number of cores"value="16"/>
<gc-start id="3800" type="global" contextid="3799" timestamp="2019-08-04T20:02:47.072">
  <mem-info id="3801" free="460800" total="46137344" percent="0">
    <mem type="tenure" free="460800" total="46137344" percent="0">
      <mem type="soa" free="0" total="45676544" percent="0" />
      <mem type="loa" free="460800" total="460800" percent="100" />
    </mem>
  </mem-info>
</gc-start>
<allocation-stats totalBytes="27619296" >
  <allocated-bytes non-tlh="0" tlh="27619296" />
  <largest-consumer threadName="main" threadId="0000000001BEEF00" bytes="27619296" />
</allocation-stats>
<gc-op id="3802" type="mark" timems="10.728" contextid="3799" timestamp="2019-08-04T20:02:47.083">
  <trace-info objectcount="596159" scancount="517165" scanbytes="13270464" />
  <finalization candidates="80" enqueued="0" />
  <ownableSynchronizers candidates="21" cleared="0" />
  <references type="soft" candidates="1843" cleared="0" enqueued="0" dynamicThreshold="19" maxThreshold="32" />
  <references type="weak" candidates="5768" cleared="0" enqueued="0" />
  <references type="phantom" candidates="97" cleared="0" enqueued="0" />
  <stringconstants candidates="13258" cleared="0"  />
</gc-op>
<gc-op id="3803" type="sweep" timems="1.934" contextid="3799" timestamp="2019-08-04T20:02:47.085" />
<gc-end id="3804" type="global" contextid="3799" durationms="12.831" usertimems="62.577" systemtimems="0.000" timestamp="2019-08-04T20:02:47.085" activeThreads="16">
  <mem-info id="3805" free="28103600" total="46137344" percent="60">
    <mem type="tenure" free="28103600" total="46137344" percent="60" micro-fragmented="79501" macro-fragmented="0">
      <mem type="soa" free="27642800" total="45676544" percent="60" />
      <mem type="loa" free="460800" total="460800" percent="100" />
    </mem>
  </mem-info>
</gc-end>
<cycle-end id="3806" type="global" contextid="3799" timestamp="2019-08-04T20:02:47.085">
  <attribute name="GC Util" value="478" />
  <attribute name="CPU Util" value="1717991958412" />
  <attribute name="Time Running"value="114696"/>
  <attribute name="Number of cores"value="16"/>
</cycle-end>
<allocation-satisfied id="3807" threadId="0000000001BEEF00" bytesRequested="16" />
<af-end id="3808" timestamp="2019-08-04T20:02:47.085" threadId="0000000001BEF888" success="true" />
<exclusive-end id="3809" timestamp="2019-08-04T20:02:47.085" durationms="13.066" />

<exclusive-start id="3810" timestamp="2019-08-04T20:02:47.090" intervalms="17.937">
  <response-info timems="0.016" idlems="0.016" threads="0" lastid="0000000001BEEF00" lastname="main" />
</exclusive-start>
<af-start id="3811" threadId="0000000001BEF888" totalBytesRequested="288" timestamp="2019-08-04T20:02:47.090" intervalms="17.928" />
<cycle-start id="3812" type="global" contextid="0" timestamp="2019-08-04T20:02:47.090" intervalms="17.913" />
  <attribute name="GC Util" value="478" />
  <attribute name="CPU Util" value="1717991958412" />
  <attribute name="Time Running"value="114696"/>
  <attribute name="Number of cores"value="16"/>
<gc-start id="3813" type="global" contextid="3812" timestamp="2019-08-04T20:02:47.090">
  <mem-info id="3814" free="460800" total="46137344" percent="0">
    <mem type="tenure" free="460800" total="46137344" percent="0">
      <mem type="soa" free="0" total="45676544" percent="0" />
      <mem type="loa" free="460800" total="460800" percent="100" />
    </mem>
  </mem-info>
</gc-start>
<allocation-stats totalBytes="27622256" >
  <allocated-bytes non-tlh="0" tlh="27622256" />
  <largest-consumer threadName="main" threadId="0000000001BEEF00" bytes="27622256" />
</allocation-stats>
<gc-op id="3815" type="mark" timems="11.346" contextid="3812" timestamp="2019-08-04T20:02:47.101">
  <trace-info objectcount="596158" scancount="517173" scanbytes="13270464" />
  <finalization candidates="80" enqueued="0" />
  <ownableSynchronizers candidates="21" cleared="0" />
  <references type="soft" candidates="1843" cleared="0" enqueued="0" dynamicThreshold="19" maxThreshold="32" />
  <references type="weak" candidates="5768" cleared="0" enqueued="0" />
  <references type="phantom" candidates="97" cleared="0" enqueued="0" />
  <stringconstants candidates="13258" cleared="0"  />
</gc-op>
<gc-op id="3816" type="sweep" timems="2.308" contextid="3812" timestamp="2019-08-04T20:02:47.104" />
<gc-end id="3817" type="global" contextid="3812" durationms="13.859" usertimems="89.596" systemtimems="0.000" timestamp="2019-08-04T20:02:47.104" activeThreads="16">
  <mem-info id="3818" free="28103480" total="46137344" percent="60">
    <mem type="tenure" free="28103480" total="46137344" percent="60" micro-fragmented="79501" macro-fragmented="0">
      <mem type="soa" free="27642680" total="45676544" percent="60" />
      <mem type="loa" free="460800" total="460800" percent="100" />
    </mem>
  </mem-info>
</gc-end>
<cycle-end id="3819" type="global" contextid="3812" timestamp="2019-08-04T20:02:47.104">
  <attribute name="GC Util" value="656" />
  <attribute name="CPU Util" value="1621028157335" />
  <attribute name="Time Running"value="114714"/>
  <attribute name="Number of cores"value="16"/>
</cycle-end>
<allocation-satisfied id="3820" threadId="0000000001BEEF00" bytesRequested="288" />
<af-end id="3821" timestamp="2019-08-04T20:02:47.104" threadId="0000000001BEF888" success="true" />
<exclusive-end id="3822" timestamp="2019-08-04T20:02:47.104" durationms="14.055" />

<exclusive-start id="3823" timestamp="2019-08-04T20:02:47.109" intervalms="18.919">
  <response-info timems="0.016" idlems="0.016" threads="0" lastid="0000000001BEEF00" lastname="main" />
</exclusive-start>
<af-start id="3824" threadId="0000000001BEF888" totalBytesRequested="240" timestamp="2019-08-04T20:02:47.109" intervalms="18.918" />
<cycle-start id="3825" type="global" contextid="0" timestamp="2019-08-04T20:02:47.109" intervalms="18.918" />
  <attribute name="GC Util" value="656" />
  <attribute name="CPU Util" value="1621028157335" />
  <attribute name="Time Running"value="114714"/>
  <attribute name="Number of cores"value="16"/>
<gc-start id="3826" type="global" contextid="3825" timestamp="2019-08-04T20:02:47.109">
  <mem-info id="3827" free="460800" total="46137344" percent="0">
    <mem type="tenure" free="460800" total="46137344" percent="0">
      <mem type="soa" free="0" total="45676544" percent="0" />
      <mem type="loa" free="460800" total="460800" percent="100" />
    </mem>
  </mem-info>
</gc-start>
<allocation-stats totalBytes="27622464" >
  <allocated-bytes non-tlh="0" tlh="27622464" />
  <largest-consumer threadName="main" threadId="0000000001BEEF00" bytes="27622464" />
</allocation-stats>
<gc-op id="3828" type="mark" timems="14.085" contextid="3825" timestamp="2019-08-04T20:02:47.123">
  <trace-info objectcount="596158" scancount="517170" scanbytes="13270464" />
  <finalization candidates="80" enqueued="0" />
  <ownableSynchronizers candidates="21" cleared="0" />
  <references type="soft" candidates="1843" cleared="0" enqueued="0" dynamicThreshold="19" maxThreshold="32" />
  <references type="weak" candidates="5768" cleared="0" enqueued="0" />
  <references type="phantom" candidates="97" cleared="0" enqueued="0" />
  <stringconstants candidates="13258" cleared="0"  />
</gc-op>
<gc-op id="3829" type="sweep" timems="3.518" contextid="3825" timestamp="2019-08-04T20:02:47.126" />
<gc-end id="3830" type="global" contextid="3825" durationms="17.788" usertimems="89.491" systemtimems="0.000" timestamp="2019-08-04T20:02:47.127" activeThreads="16">
  <mem-info id="3831" free="28103528" total="46137344" percent="60">
    <mem type="tenure" free="28103528" total="46137344" percent="60" micro-fragmented="79501" macro-fragmented="0">
      <mem type="soa" free="27642728" total="45676544" percent="60" />
      <mem type="loa" free="460800" total="460800" percent="100" />
    </mem>
  </mem-info>
</gc-end>
<cycle-end id="3832" type="global" contextid="3825" timestamp="2019-08-04T20:02:47.127">
  <attribute name="GC Util" value="493" />
  <attribute name="CPU Util" value="1301537665273" />
  <attribute name="Time Running"value="114736"/>
  <attribute name="Number of cores"value="16"/>
</cycle-end>
<allocation-satisfied id="3833" threadId="0000000001BEEF00" bytesRequested="240" />
<af-end id="3834" timestamp="2019-08-04T20:02:47.127" threadId="0000000001BEF888" success="true" />
<exclusive-end id="3835" timestamp="2019-08-04T20:02:47.127" durationms="17.977" />

<exclusive-start id="3836" timestamp="2019-08-04T20:02:47.132" intervalms="23.014">
  <response-info timems="0.023" idlems="0.023" threads="0" lastid="0000000001BEEF00" lastname="main" />
</exclusive-start>
<af-start id="3837" threadId="0000000001BEF888" totalBytesRequested="128" timestamp="2019-08-04T20:02:47.132" intervalms="23.026" />
<cycle-start id="3838" type="global" contextid="0" timestamp="2019-08-04T20:02:47.132" intervalms="23.028" />
  <attribute name="GC Util" value="493" />
  <attribute name="CPU Util" value="1301537665273" />
  <attribute name="Time Running"value="114736"/>
  <attribute name="Number of cores"value="16"/>
<gc-start id="3839" type="global" contextid="3838" timestamp="2019-08-04T20:02:47.132">
  <mem-info id="3840" free="460800" total="46137344" percent="0">
    <mem type="tenure" free="460800" total="46137344" percent="0">
      <mem type="soa" free="0" total="45676544" percent="0" />
      <mem type="loa" free="460800" total="460800" percent="100" />
    </mem>
  </mem-info>
</gc-start>
<allocation-stats totalBytes="27620392" >
  <allocated-bytes non-tlh="0" tlh="27620392" />
  <largest-consumer threadName="main" threadId="0000000001BEEF00" bytes="27620392" />
</allocation-stats>
<gc-op id="3841" type="mark" timems="11.386" contextid="3838" timestamp="2019-08-04T20:02:47.143">
  <trace-info objectcount="596158" scancount="517166" scanbytes="13270464" />
  <finalization candidates="80" enqueued="0" />
  <ownableSynchronizers candidates="21" cleared="0" />
  <references type="soft" candidates="1843" cleared="0" enqueued="0" dynamicThreshold="19" maxThreshold="32" />
  <references type="weak" candidates="5768" cleared="0" enqueued="0" />
  <references type="phantom" candidates="97" cleared="0" enqueued="0" />
  <stringconstants candidates="13258" cleared="0"  />
</gc-op>
<gc-op id="3842" type="sweep" timems="2.398" contextid="3838" timestamp="2019-08-04T20:02:47.146" />
<gc-end id="3843" type="global" contextid="3838" durationms="13.956" usertimems="77.562" systemtimems="0.000" timestamp="2019-08-04T20:02:47.146" activeThreads="16">
  <mem-info id="3844" free="28103648" total="46137344" percent="60">
    <mem type="tenure" free="28103648" total="46137344" percent="60" micro-fragmented="79501" macro-fragmented="0">
      <mem type="soa" free="27642848" total="45676544" percent="60" />
      <mem type="loa" free="460800" total="460800" percent="100" />
    </mem>
  </mem-info>
</gc-end>
<cycle-end id="3845" type="global" contextid="3838" timestamp="2019-08-04T20:02:47.146">
  <attribute name="GC Util" value="553" />
  <attribute name="CPU Util" value="1621621248107" />
  <attribute name="Time Running"value="114756"/>
  <attribute name="Number of cores"value="16"/>
</cycle-end>
<allocation-satisfied id="3846" threadId="0000000001BEEF00" bytesRequested="128" />
<af-end id="3847" timestamp="2019-08-04T20:02:47.146" threadId="0000000001BEF888" success="true" />
<exclusive-end id="3848" timestamp="2019-08-04T20:02:47.146" durationms="14.180" />

<exclusive-start id="3849" timestamp="2019-08-04T20:02:47.151" intervalms="18.991">
  <response-info timems="0.015" idlems="0.015" threads="0" lastid="0000000001BEEF00" lastname="main" />
</exclusive-start>
<af-start id="3850" threadId="0000000001BEF888" totalBytesRequested="280" timestamp="2019-08-04T20:02:47.151" intervalms="18.978" />
<cycle-start id="3851" type="global" contextid="0" timestamp="2019-08-04T20:02:47.151" intervalms="18.976" />
  <attribute name="GC Util" value="553" />
  <attribute name="CPU Util" value="1621621248107" />
  <attribute name="Time Running"value="114756"/>
  <attribute name="Number of cores"value="16"/>
<gc-start id="3852" type="global" contextid="3851" timestamp="2019-08-04T20:02:47.151">
  <mem-info id="3853" free="460800" total="46137344" percent="0">
    <mem type="tenure" free="460800" total="46137344" percent="0">
      <mem type="soa" free="0" total="45676544" percent="0" />
      <mem type="loa" free="460800" total="460800" percent="100" />
    </mem>
  </mem-info>
</gc-start>
<allocation-stats totalBytes="27620464" >
  <allocated-bytes non-tlh="0" tlh="27620464" />
  <largest-consumer threadName="main" threadId="0000000001BEEF00" bytes="27620464" />
</allocation-stats>
<gc-op id="3854" type="mark" timems="11.938" contextid="3851" timestamp="2019-08-04T20:02:47.163">
  <trace-info objectcount="596158" scancount="517172" scanbytes="13270464" />
  <finalization candidates="80" enqueued="0" />
  <ownableSynchronizers candidates="21" cleared="0" />
  <references type="soft" candidates="1843" cleared="0" enqueued="0" dynamicThreshold="19" maxThreshold="32" />
  <references type="weak" candidates="5768" cleared="0" enqueued="0" />
  <references type="phantom" candidates="97" cleared="0" enqueued="0" />
  <stringconstants candidates="13258" cleared="0"  />
</gc-op>
<gc-op id="3855" type="sweep" timems="2.305" contextid="3851" timestamp="2019-08-04T20:02:47.165" />
<gc-end id="3856" type="global" contextid="3851" durationms="14.441" usertimems="84.333" systemtimems="0.000" timestamp="2019-08-04T20:02:47.165" activeThreads="16">
  <mem-info id="3857" free="28103496" total="46137344" percent="60">
    <mem type="tenure" free="28103496" total="46137344" percent="60" micro-fragmented="79501" macro-fragmented="0">
      <mem type="soa" free="27642696" total="45676544" percent="60" />
      <mem type="loa" free="460800" total="460800" percent="100" />
    </mem>
  </mem-info>
</gc-end>
<cycle-end id="3858" type="global" contextid="3851" timestamp="2019-08-04T20:02:47.165">
  <attribute name="GC Util" value="606" />
  <attribute name="CPU Util" value="1541641641872" />
  <attribute name="Time Running"value="114776"/>
  <attribute name="Number of cores"value="16"/>
</cycle-end>
<allocation-satisfied id="3859" threadId="0000000001BEEF00" bytesRequested="280" />
<af-end id="3860" timestamp="2019-08-04T20:02:47.165" threadId="0000000001BEF888" success="true" />
<exclusive-end id="3861" timestamp="2019-08-04T20:02:47.165" durationms="14.621" />

<exclusive-start id="3862" timestamp="2019-08-04T20:02:47.170" intervalms="19.667">
  <response-info timems="0.018" idlems="0.018" threads="0" lastid="0000000001BEEF00" lastname="main" />
</exclusive-start>
<af-start id="3863" threadId="0000000001BEF888" totalBytesRequested="288" timestamp="2019-08-04T20:02:47.170" intervalms="19.689" />
<cycle-start id="3864" type="global" contextid="0" timestamp="2019-08-04T20:02:47.170" intervalms="19.695" />
  <attribute name="GC Util" value="606" />
  <attribute name="CPU Util" value="1541641641872" />
  <attribute name="Time Running"value="114776"/>
  <attribute name="Number of cores"value="16"/>
<gc-start id="3865" type="global" contextid="3864" timestamp="2019-08-04T20:02:47.171">
  <mem-info id="3866" free="460800" total="46137344" percent="0">
    <mem type="tenure" free="460800" total="46137344" percent="0">
      <mem type="soa" free="0" total="45676544" percent="0" />
      <mem type="loa" free="460800" total="460800" percent="100" />
    </mem>
  </mem-info>
</gc-start>
<allocation-stats totalBytes="27622272" >
  <allocated-bytes non-tlh="0" tlh="27622272" />
  <largest-consumer threadName="main" threadId="0000000001BEEF00" bytes="27622272" />
</allocation-stats>
<gc-op id="3867" type="mark" timems="13.100" contextid="3864" timestamp="2019-08-04T20:02:47.184">
  <trace-info objectcount="596158" scancount="517169" scanbytes="13270484" />
  <finalization candidates="80" enqueued="0" />
  <ownableSynchronizers candidates="21" cleared="0" />
  <references type="soft" candidates="1843" cleared="0" enqueued="0" dynamicThreshold="19" maxThreshold="32" />
  <references type="weak" candidates="5768" cleared="0" enqueued="0" />
  <references type="phantom" candidates="97" cleared="0" enqueued="0" />
  <stringconstants candidates="13258" cleared="0"  />
</gc-op>
<gc-op id="3868" type="sweep" timems="3.160" contextid="3864" timestamp="2019-08-04T20:02:47.187" />
<gc-end id="3869" type="global" contextid="3864" durationms="16.494" usertimems="74.544" systemtimems="0.000" timestamp="2019-08-04T20:02:47.187" activeThreads="16">
  <mem-info id="3870" free="28103296" total="46137344" percent="60">
    <mem type="tenure" free="28103296" total="46137344" percent="60" micro-fragmented="79501" macro-fragmented="0">
      <mem type="soa" free="27642496" total="45676544" percent="60" />
      <mem type="loa" free="460800" total="460800" percent="100" />
    </mem>
  </mem-info>
</gc-end>
<cycle-end id="3871" type="global" contextid="3864" timestamp="2019-08-04T20:02:47.187">
  <attribute name="GC Util" value="487" />
  <attribute name="CPU Util" value="1408085852367" />
  <attribute name="Time Running"value="114797"/>
  <attribute name="Number of cores"value="16"/>
</cycle-end>
<allocation-satisfied id="3872" threadId="0000000001BEEF00" bytesRequested="288" />
<af-end id="3873" timestamp="2019-08-04T20:02:47.187" threadId="0000000001BEF888" success="true" />
<exclusive-end id="3874" timestamp="2019-08-04T20:02:47.187" durationms="16.728" />

<exclusive-start id="3875" timestamp="2019-08-04T20:02:47.192" intervalms="22.123">
  <response-info timems="0.027" idlems="0.027" threads="0" lastid="0000000001BEEF00" lastname="main" />
</exclusive-start>
<af-start id="3876" threadId="0000000001BEF888" totalBytesRequested="216" timestamp="2019-08-04T20:02:47.193" intervalms="22.102" />
<cycle-start id="3877" type="global" contextid="0" timestamp="2019-08-04T20:02:47.193" intervalms="22.095" />
  <attribute name="GC Util" value="487" />
  <attribute name="CPU Util" value="1408085852367" />
  <attribute name="Time Running"value="114797"/>
  <attribute name="Number of cores"value="16"/>
<gc-start id="3878" type="global" contextid="3877" timestamp="2019-08-04T20:02:47.193">
  <mem-info id="3879" free="460800" total="46137344" percent="0">
    <mem type="tenure" free="460800" total="46137344" percent="0">
      <mem type="soa" free="0" total="45676544" percent="0" />
      <mem type="loa" free="460800" total="460800" percent="100" />
    </mem>
  </mem-info>
</gc-start>
<allocation-stats totalBytes="27617112" >
  <allocated-bytes non-tlh="0" tlh="27617112" />
  <largest-consumer threadName="main" threadId="0000000001BEEF00" bytes="27617112" />
</allocation-stats>
<gc-op id="3880" type="mark" timems="9.266" contextid="3877" timestamp="2019-08-04T20:02:47.202">
  <trace-info objectcount="596159" scancount="517167" scanbytes="13270508" />
  <finalization candidates="80" enqueued="0" />
  <ownableSynchronizers candidates="21" cleared="0" />
  <references type="soft" candidates="1843" cleared="0" enqueued="0" dynamicThreshold="19" maxThreshold="32" />
  <references type="weak" candidates="5768" cleared="0" enqueued="0" />
  <references type="phantom" candidates="97" cleared="0" enqueued="0" />
  <stringconstants candidates="13258" cleared="0"  />
</gc-op>
<gc-op id="3881" type="sweep" timems="1.306" contextid="3877" timestamp="2019-08-04T20:02:47.203" />
<gc-end id="3882" type="global" contextid="3877" durationms="10.736" usertimems="48.911" systemtimems="0.000" timestamp="2019-08-04T20:02:47.203" activeThreads="16">
  <mem-info id="3883" free="28103344" total="46137344" percent="60">
    <mem type="tenure" free="28103344" total="46137344" percent="60" micro-fragmented="79501" macro-fragmented="0">
      <mem type="soa" free="27642544" total="45676544" percent="60" />
      <mem type="loa" free="460800" total="460800" percent="100" />
    </mem>
  </mem-info>
</gc-end>
<cycle-end id="3884" type="global" contextid="3877" timestamp="2019-08-04T20:02:47.203">
  <attribute name="GC Util" value="488" />
  <attribute name="CPU Util" value="1985747111768" />
  <attribute name="Time Running"value="114815"/>
  <attribute name="Number of cores"value="16"/>
</cycle-end>
<allocation-satisfied id="3885" threadId="0000000001BEEF00" bytesRequested="216" />
<af-end id="3886" timestamp="2019-08-04T20:02:47.203" threadId="0000000001BEF888" success="true" />
<exclusive-end id="3887" timestamp="2019-08-04T20:02:47.203" durationms="10.911" />

<exclusive-start id="3888" timestamp="2019-08-04T20:02:47.209" intervalms="17.009">
  <response-info timems="0.021" idlems="0.021" threads="0" lastid="0000000001BEEF00" lastname="main" />
</exclusive-start>
<af-start id="3889" threadId="0000000001BEF888" totalBytesRequested="16" timestamp="2019-08-04T20:02:47.210" intervalms="17.022" />
<cycle-start id="3890" type="global" contextid="0" timestamp="2019-08-04T20:02:47.210" intervalms="17.055" />
  <attribute name="GC Util" value="488" />
  <attribute name="CPU Util" value="1985747111768" />
  <attribute name="Time Running"value="114815"/>
  <attribute name="Number of cores"value="16"/>
<gc-start id="3891" type="global" contextid="3890" timestamp="2019-08-04T20:02:47.210">
  <mem-info id="3892" free="460800" total="46137344" percent="0">
    <mem type="tenure" free="460800" total="46137344" percent="0">
      <mem type="soa" free="0" total="45676544" percent="0" />
      <mem type="loa" free="460800" total="460800" percent="100" />
    </mem>
  </mem-info>
</gc-start>
<allocation-stats totalBytes="27618408" >
  <allocated-bytes non-tlh="0" tlh="27618408" />
  <largest-consumer threadName="main" threadId="0000000001BEEF00" bytes="27618408" />
</allocation-stats>
<gc-op id="3893" type="mark" timems="9.322" contextid="3890" timestamp="2019-08-04T20:02:47.219">
  <trace-info objectcount="596160" scancount="517175" scanbytes="13270508" />
  <finalization candidates="80" enqueued="0" />
  <ownableSynchronizers candidates="21" cleared="0" />
  <references type="soft" candidates="1843" cleared="0" enqueued="0" dynamicThreshold="19" maxThreshold="32" />
  <references type="weak" candidates="5768" cleared="0" enqueued="0" />
  <references type="phantom" candidates="97" cleared="0" enqueued="0" />
  <stringconstants candidates="13258" cleared="0"  />
</gc-op>
<gc-op id="3894" type="sweep" timems="2.195" contextid="3890" timestamp="2019-08-04T20:02:47.221" />
<gc-end id="3895" type="global" contextid="3890" durationms="11.652" usertimems="55.670" systemtimems="0.000" timestamp="2019-08-04T20:02:47.221" activeThreads="16">
  <mem-info id="3896" free="28103296" total="46137344" percent="60">
    <mem type="tenure" free="28103296" total="46137344" percent="60" micro-fragmented="79501" macro-fragmented="0">
      <mem type="soa" free="27642496" total="45676544" percent="60" />
      <mem type="loa" free="460800" total="460800" percent="100" />
    </mem>
  </mem-info>
</gc-end>
<cycle-end id="3897" type="global" contextid="3890" timestamp="2019-08-04T20:02:47.221">
  <attribute name="GC Util" value="530" />
  <attribute name="CPU Util" value="1972024037714" />
  <attribute name="Time Running"value="114832"/>
  <attribute name="Number of cores"value="16"/>
</cycle-end>
<allocation-satisfied id="3898" threadId="0000000001BEEF00" bytesRequested="16" />
<af-end id="3899" timestamp="2019-08-04T20:02:47.223" threadId="0000000001BEF888" success="true" />
<exclusive-end id="3900" timestamp="2019-08-04T20:02:47.223" durationms="13.145" />

<exclusive-start id="3901" timestamp="2019-08-04T20:02:47.229" intervalms="19.751">
  <response-info timems="0.022" idlems="0.022" threads="0" lastid="0000000001BEEF00" lastname="main" />
</exclusive-start>
<af-start id="3902" threadId="0000000001BEF888" totalBytesRequested="120" timestamp="2019-08-04T20:02:47.229" intervalms="19.748" />
<cycle-start id="3903" type="global" contextid="0" timestamp="2019-08-04T20:02:47.229" intervalms="19.720" />
  <attribute name="GC Util" value="530" />
  <attribute name="CPU Util" value="1972024037714" />
  <attribute name="Time Running"value="114832"/>
  <attribute name="Number of cores"value="16"/>
<gc-start id="3904" type="global" contextid="3903" timestamp="2019-08-04T20:02:47.229">
  <mem-info id="3905" free="460800" total="46137344" percent="0">
    <mem type="tenure" free="460800" total="46137344" percent="0">
      <mem type="soa" free="0" total="45676544" percent="0" />
      <mem type="loa" free="460800" total="460800" percent="100" />
    </mem>
  </mem-info>
</gc-start>
<allocation-stats totalBytes="27621192" >
  <allocated-bytes non-tlh="0" tlh="27621192" />
  <largest-consumer threadName="main" threadId="0000000001BEEF00" bytes="27621192" />
</allocation-stats>
<gc-op id="3906" type="mark" timems="9.084" contextid="3903" timestamp="2019-08-04T20:02:47.239">
  <trace-info objectcount="596159" scancount="517167" scanbytes="13270508" />
  <finalization candidates="80" enqueued="0" />
  <ownableSynchronizers candidates="21" cleared="0" />
  <references type="soft" candidates="1843" cleared="0" enqueued="0" dynamicThreshold="19" maxThreshold="32" />
  <references type="weak" candidates="5768" cleared="0" enqueued="0" />
  <references type="phantom" candidates="97" cleared="0" enqueued="0" />
  <stringconstants candidates="13258" cleared="0"  />
</gc-op>
<gc-op id="3907" type="sweep" timems="2.257" contextid="3903" timestamp="2019-08-04T20:02:47.241" />
<gc-end id="3908" type="global" contextid="3903" durationms="11.490" usertimems="59.424" systemtimems="0.000" timestamp="2019-08-04T20:02:47.241" activeThreads="16">
  <mem-info id="3909" free="28103440" total="46137344" percent="60">
    <mem type="tenure" free="28103440" total="46137344" percent="60" micro-fragmented="79501" macro-fragmented="0">
      <mem type="soa" free="27642640" total="45676544" percent="60" />
      <mem type="loa" free="460800" total="460800" percent="100" />
    </mem>
  </mem-info>
</gc-end>
<cycle-end id="3910" type="global" contextid="3903" timestamp="2019-08-04T20:02:47.241">
  <attribute name="GC Util" value="567" />
  <attribute name="CPU Util" value="2030000534305" />
  <attribute name="Time Running"value="114852"/>
  <attribute name="Number of cores"value="16"/>
</cycle-end>
<allocation-satisfied id="3911" threadId="0000000001BEEF00" bytesRequested="120" />
<af-end id="3912" timestamp="2019-08-04T20:02:47.241" threadId="0000000001BEF888" success="true" />
<exclusive-end id="3913" timestamp="2019-08-04T20:02:47.241" durationms="11.757" />

<exclusive-start id="3914" timestamp="2019-08-04T20:02:47.250" intervalms="20.657">
  <response-info timems="0.022" idlems="0.022" threads="0" lastid="0000000001BEEF00" lastname="main" />
</exclusive-start>
<af-start id="3915" threadId="0000000001BEF888" totalBytesRequested="64" timestamp="2019-08-04T20:02:47.250" intervalms="20.664" />
<cycle-start id="3916" type="global" contextid="0" timestamp="2019-08-04T20:02:47.250" intervalms="20.670" />
  <attribute name="GC Util" value="567" />
  <attribute name="CPU Util" value="2030000534305" />
  <attribute name="Time Running"value="114852"/>
  <attribute name="Number of cores"value="16"/>
<gc-start id="3917" type="global" contextid="3916" timestamp="2019-08-04T20:02:47.250">
  <mem-info id="3918" free="460800" total="46137344" percent="0">
    <mem type="tenure" free="460800" total="46137344" percent="0">
      <mem type="soa" free="0" total="45676544" percent="0" />
      <mem type="loa" free="460800" total="460800" percent="100" />
    </mem>
  </mem-info>
</gc-start>
<allocation-stats totalBytes="27630648" >
  <allocated-bytes non-tlh="0" tlh="27630648" />
  <largest-consumer threadName="main" threadId="0000000001BEEF00" bytes="27630648" />
</allocation-stats>
<gc-op id="3919" type="mark" timems="9.673" contextid="3916" timestamp="2019-08-04T20:02:47.260">
  <trace-info objectcount="596178" scancount="517185" scanbytes="13271528" />
  <finalization candidates="80" enqueued="0" />
  <ownableSynchronizers candidates="21" cleared="0" />
  <references type="soft" candidates="1843" cleared="0" enqueued="0" dynamicThreshold="19" maxThreshold="32" />
  <references type="weak" candidates="5768" cleared="0" enqueued="0" />
  <references type="phantom" candidates="97" cleared="0" enqueued="0" />
  <stringconstants candidates="13258" cleared="0"  />
</gc-op>
<gc-op id="3920" type="sweep" timems="2.372" contextid="3916" timestamp="2019-08-04T20:02:47.262" />
<gc-end id="3921" type="global" contextid="3916" durationms="12.236" usertimems="62.132" systemtimems="0.000" timestamp="2019-08-04T20:02:47.262" activeThreads="16">
  <mem-info id="3922" free="28102312" total="46137344" percent="60">
    <mem type="tenure" free="28102312" total="46137344" percent="60" micro-fragmented="79501" macro-fragmented="0">
      <mem type="soa" free="27641512" total="45676544" percent="60" />
      <mem type="loa" free="460800" total="460800" percent="100" />
    </mem>
  </mem-info>
</gc-end>
<cycle-end id="3923" type="global" contextid="3916" timestamp="2019-08-04T20:02:47.262">
  <attribute name="GC Util" value="564" />
  <attribute name="CPU Util" value="1899004801163" />
  <attribute name="Time Running"value="114873"/>
  <attribute name="Number of cores"value="16"/>
</cycle-end>
<allocation-satisfied id="3924" threadId="0000000001BEEF00" bytesRequested="64" />
<af-end id="3925" timestamp="2019-08-04T20:02:47.262" threadId="0000000001BEF888" success="true" />
<exclusive-end id="3926" timestamp="2019-08-04T20:02:47.262" durationms="12.549" />

<exclusive-start id="3927" timestamp="2019-08-04T20:02:47.272" intervalms="21.747">
  <response-info timems="0.018" idlems="0.018" threads="0" lastid="0000000001BEEF00" lastname="main" />
</exclusive-start>
<af-start id="3928" threadId="0000000001BEF888" totalBytesRequested="64" timestamp="2019-08-04T20:02:47.272" intervalms="21.744" />
<cycle-start id="3929" type="global" contextid="0" timestamp="2019-08-04T20:02:47.272" intervalms="21.733" />
  <attribute name="GC Util" value="564" />
  <attribute name="CPU Util" value="1899004801163" />
  <attribute name="Time Running"value="114873"/>
  <attribute name="Number of cores"value="16"/>
<gc-start id="3930" type="global" contextid="3929" timestamp="2019-08-04T20:02:47.272">
  <mem-info id="3931" free="460800" total="46137344" percent="0">
    <mem type="tenure" free="460800" total="46137344" percent="0">
      <mem type="soa" free="0" total="45676544" percent="0" />
      <mem type="loa" free="460800" total="460800" percent="100" />
    </mem>
  </mem-info>
</gc-start>
<allocation-stats totalBytes="27632544" >
  <allocated-bytes non-tlh="0" tlh="27632544" />
  <largest-consumer threadName="main" threadId="0000000001BEEF00" bytes="27632544" />
</allocation-stats>
<gc-op id="3932" type="mark" timems="12.066" contextid="3929" timestamp="2019-08-04T20:02:47.284">
  <trace-info objectcount="596171" scancount="517168" scanbytes="13271144" />
  <finalization candidates="80" enqueued="0" />
  <ownableSynchronizers candidates="21" cleared="0" />
  <references type="soft" candidates="1843" cleared="0" enqueued="0" dynamicThreshold="19" maxThreshold="32" />
  <references type="weak" candidates="5768" cleared="0" enqueued="0" />
  <references type="phantom" candidates="97" cleared="0" enqueued="0" />
  <stringconstants candidates="13258" cleared="0"  />
</gc-op>
<gc-op id="3933" type="sweep" timems="1.704" contextid="3929" timestamp="2019-08-04T20:02:47.286" />
<gc-end id="3934" type="global" contextid="3929" durationms="13.911" usertimems="61.617" systemtimems="0.000" timestamp="2019-08-04T20:02:47.286" activeThreads="16">
  <mem-info id="3935" free="28102728" total="46137344" percent="60">
    <mem type="tenure" free="28102728" total="46137344" percent="60" micro-fragmented="79501" macro-fragmented="0">
      <mem type="soa" free="27641928" total="45676544" percent="60" />
      <mem type="loa" free="460800" total="460800" percent="100" />
    </mem>
  </mem-info>
</gc-end>
<cycle-end id="3936" type="global" contextid="3929" timestamp="2019-08-04T20:02:47.286">
  <attribute name="GC Util" value="469" />
  <attribute name="CPU Util" value="1516586928362" />
  <attribute name="Time Running"value="114897"/>
  <attribute name="Number of cores"value="16"/>
</cycle-end>
<allocation-satisfied id="3937" threadId="0000000001BEEF00" bytesRequested="64" />
<af-end id="3938" timestamp="2019-08-04T20:02:47.286" threadId="0000000001BEF888" success="true" />
<exclusive-end id="3939" timestamp="2019-08-04T20:02:47.286" durationms="14.416" />

<exclusive-start id="3940" timestamp="2019-08-04T20:02:47.295" intervalms="23.616">
  <response-info timems="0.023" idlems="0.023" threads="0" lastid="0000000001BEEF00" lastname="main" />
</exclusive-start>
<af-start id="3941" threadId="0000000001BEF888" totalBytesRequested="24" timestamp="2019-08-04T20:02:47.295" intervalms="23.651" />
<cycle-start id="3942" type="global" contextid="0" timestamp="2019-08-04T20:02:47.295" intervalms="23.654" />
  <attribute name="GC Util" value="469" />
  <attribute name="CPU Util" value="1516586928362" />
  <attribute name="Time Running"value="114897"/>
  <attribute name="Number of cores"value="16"/>
<gc-start id="3943" type="global" contextid="3942" timestamp="2019-08-04T20:02:47.296">
  <mem-info id="3944" free="460800" total="46137344" percent="0">
    <mem type="tenure" free="460800" total="46137344" percent="0">
      <mem type="soa" free="0" total="45676544" percent="0" />
      <mem type="loa" free="460800" total="460800" percent="100" />
    </mem>
  </mem-info>
</gc-start>
<allocation-stats totalBytes="27632904" >
  <allocated-bytes non-tlh="0" tlh="27632904" />
  <largest-consumer threadName="main" threadId="0000000001BEEF00" bytes="27632904" />
</allocation-stats>
<gc-op id="3945" type="mark" timems="8.594" contextid="3942" timestamp="2019-08-04T20:02:47.304">
  <trace-info objectcount="596182" scancount="517186" scanbytes="13271744" />
  <finalization candidates="80" enqueued="0" />
  <ownableSynchronizers candidates="21" cleared="0" />
  <references type="soft" candidates="1843" cleared="0" enqueued="0" dynamicThreshold="19" maxThreshold="32" />
  <references type="weak" candidates="5768" cleared="0" enqueued="0" />
  <references type="phantom" candidates="97" cleared="0" enqueued="0" />
  <stringconstants candidates="13258" cleared="0"  />
</gc-op>
<gc-op id="3946" type="sweep" timems="1.695" contextid="3942" timestamp="2019-08-04T20:02:47.306" />
<gc-end id="3947" type="global" contextid="3942" durationms="10.437" usertimems="53.754" systemtimems="0.000" timestamp="2019-08-04T20:02:47.306" activeThreads="16">
  <mem-info id="3948" free="28102032" total="46137344" percent="60">
    <mem type="tenure" free="28102032" total="46137344" percent="60" micro-fragmented="79501" macro-fragmented="0">
      <mem type="soa" free="27641232" total="45676544" percent="60" />
      <mem type="loa" free="460800" total="460800" percent="100" />
    </mem>
  </mem-info>
</gc-end>
<cycle-end id="3949" type="global" contextid="3942" timestamp="2019-08-04T20:02:47.306">
  <attribute name="GC Util" value="558" />
  <attribute name="CPU Util" value="2102650094772" />
  <attribute name="Time Running"value="114918"/>
  <attribute name="Number of cores"value="16"/>
</cycle-end>
<allocation-satisfied id="3950" threadId="0000000001BEEF00" bytesRequested="24" />
<af-end id="3951" timestamp="2019-08-04T20:02:47.306" threadId="0000000001BEF888" success="true" />
<exclusive-end id="3952" timestamp="2019-08-04T20:02:47.306" durationms="10.871" />

<exclusive-start id="3953" timestamp="2019-08-04T20:02:47.507" intervalms="211.327">
  <response-info timems="0.021" idlems="0.021" threads="0" lastid="0000000001BEEF00" lastname="main" />
</exclusive-start>
<af-start id="3954" threadId="0000000001BEF888" totalBytesRequested="18040" timestamp="2019-08-04T20:02:47.507" intervalms="211.292" />
<cycle-start id="3955" type="global" contextid="0" timestamp="2019-08-04T20:02:47.507" intervalms="211.310" />
  <attribute name="GC Util" value="558" />
  <attribute name="CPU Util" value="2102650094772" />
  <attribute name="Time Running"value="114918"/>
  <attribute name="Number of cores"value="16"/>
<gc-start id="3956" type="global" contextid="3955" timestamp="2019-08-04T20:02:47.507">
  <mem-info id="3957" free="460800" total="46137344" percent="0">
    <mem type="tenure" free="460800" total="46137344" percent="0">
      <mem type="soa" free="0" total="45676544" percent="0" />
      <mem type="loa" free="460800" total="460800" percent="100" />
    </mem>
  </mem-info>
</gc-start>
<allocation-stats totalBytes="26527344" >
  <allocated-bytes non-tlh="404664" tlh="26122680" />
  <largest-consumer threadName="main" threadId="0000000001BEEF00" bytes="26527344" />
</allocation-stats>
<gc-op id="3958" type="mark" timems="14.762" contextid="3955" timestamp="2019-08-04T20:02:47.522">
  <trace-info objectcount="596180" scancount="517192" scanbytes="13291764" />
  <finalization candidates="80" enqueued="0" />
  <ownableSynchronizers candidates="21" cleared="0" />
  <references type="soft" candidates="1843" cleared="0" enqueued="0" dynamicThreshold="19" maxThreshold="32" />
  <references type="weak" candidates="5768" cleared="0" enqueued="0" />
  <references type="phantom" candidates="97" cleared="0" enqueued="0" />
  <stringconstants candidates="13258" cleared="0"  />
</gc-op>
<gc-op id="3959" type="sweep" timems="1.892" contextid="3955" timestamp="2019-08-04T20:02:47.524" />
<gc-end id="3960" type="global" contextid="3955" durationms="16.820" usertimems="111.730" systemtimems="0.000" timestamp="2019-08-04T20:02:47.524" activeThreads="16">
  <mem-info id="3961" free="28079600" total="46137344" percent="60">
    <mem type="tenure" free="28079600" total="46137344" percent="60" micro-fragmented="79501" macro-fragmented="0">
      <mem type="soa" free="27618800" total="45676544" percent="60" />
      <mem type="loa" free="460800" total="460800" percent="100" />
    </mem>
  </mem-info>
</gc-end>
<cycle-end id="3962" type="global" contextid="3955" timestamp="2019-08-04T20:02:47.524">
  <attribute name="GC Util" value="709" />
  <attribute name="CPU Util" value="1249295511122" />
  <attribute name="Time Running"value="115135"/>
  <attribute name="Number of cores"value="16"/>
</cycle-end>
<allocation-satisfied id="3963" threadId="0000000001BEEF00" bytesRequested="18040" />
<af-end id="3964" timestamp="2019-08-04T20:02:47.524" threadId="0000000001BEF888" success="true" />
<exclusive-end id="3965" timestamp="2019-08-04T20:02:47.524" durationms="17.152" />

<exclusive-start id="3966" timestamp="2019-08-04T20:02:47.528" intervalms="21.094">
  <response-info timems="0.030" idlems="0.030" threads="0" lastid="0000000001BEEF00" lastname="main" />
</exclusive-start>
<af-start id="3967" threadId="0000000001BEF888" totalBytesRequested="7264" timestamp="2019-08-04T20:02:47.528" intervalms="21.121" />
<cycle-start id="3968" type="global" contextid="0" timestamp="2019-08-04T20:02:47.528" intervalms="21.120" />
  <attribute name="GC Util" value="709" />
  <attribute name="CPU Util" value="1249295511122" />
  <attribute name="Time Running"value="115135"/>
  <attribute name="Number of cores"value="16"/>
<gc-start id="3969" type="global" contextid="3968" timestamp="2019-08-04T20:02:47.528">
  <mem-info id="3970" free="460800" total="46137344" percent="0">
    <mem type="tenure" free="460800" total="46137344" percent="0">
      <mem type="soa" free="0" total="45676544" percent="0" />
      <mem type="loa" free="460800" total="460800" percent="100" />
    </mem>
  </mem-info>
</gc-start>
<allocation-stats totalBytes="26056456" >
  <allocated-bytes non-tlh="617600" tlh="25438856" />
  <largest-consumer threadName="main" threadId="0000000001BEEF00" bytes="26056456" />
</allocation-stats>
<gc-op id="3971" type="mark" timems="11.060" contextid="3968" timestamp="2019-08-04T20:02:47.539">
  <trace-info objectcount="596180" scancount="517188" scanbytes="13287568" />
  <finalization candidates="80" enqueued="0" />
  <ownableSynchronizers candidates="21" cleared="0" />
  <references type="soft" candidates="1843" cleared="0" enqueued="0" dynamicThreshold="19" maxThreshold="32" />
  <references type="weak" candidates="5768" cleared="0" enqueued="0" />
  <references type="phantom" candidates="97" cleared="0" enqueued="0" />
  <stringconstants candidates="13258" cleared="0"  />
</gc-op>
<gc-op id="3972" type="sweep" timems="2.637" contextid="3968" timestamp="2019-08-04T20:02:47.542" />
<gc-end id="3973" type="global" contextid="3968" durationms="13.896" usertimems="60.851" systemtimems="0.000" timestamp="2019-08-04T20:02:47.542" activeThreads="16">
  <mem-info id="3974" free="28083800" total="46137344" percent="60">
    <mem type="tenure" free="28083800" total="46137344" percent="60" micro-fragmented="79501" macro-fragmented="0">
      <mem type="soa" free="27623000" total="45676544" percent="60" />
      <mem type="loa" free="460800" total="460800" percent="100" />
    </mem>
  </mem-info>
</gc-end>
<cycle-end id="3975" type="global" contextid="3968" timestamp="2019-08-04T20:02:47.542">
  <attribute name="GC Util" value="492" />
  <attribute name="CPU Util" value="1664704709569" />
  <attribute name="Time Running"value="115152"/>
  <attribute name="Number of cores"value="16"/>
</cycle-end>
<allocation-satisfied id="3976" threadId="0000000001BEEF00" bytesRequested="7264" />
<af-end id="3977" timestamp="2019-08-04T20:02:47.542" threadId="0000000001BEF888" success="true" />
<exclusive-end id="3978" timestamp="2019-08-04T20:02:47.542" durationms="14.150" />

<exclusive-start id="3979" timestamp="2019-08-04T20:02:47.568" intervalms="40.743">
  <response-info timems="0.021" idlems="0.021" threads="0" lastid="0000000001BEEF00" lastname="main" />
</exclusive-start>
<af-start id="3980" threadId="0000000001BEF888" totalBytesRequested="32" timestamp="2019-08-04T20:02:47.568" intervalms="40.714" />
<cycle-start id="3981" type="global" contextid="0" timestamp="2019-08-04T20:02:47.569" intervalms="40.705" />
  <attribute name="GC Util" value="492" />
  <attribute name="CPU Util" value="1664704709569" />
  <attribute name="Time Running"value="115152"/>
  <attribute name="Number of cores"value="16"/>
<gc-start id="3982" type="global" contextid="3981" timestamp="2019-08-04T20:02:47.569">
  <mem-info id="3983" free="460800" total="46137344" percent="0">
    <mem type="tenure" free="460800" total="46137344" percent="0">
      <mem type="soa" free="0" total="45676544" percent="0" />
      <mem type="loa" free="460800" total="460800" percent="100" />
    </mem>
  </mem-info>
</gc-start>
<allocation-stats totalBytes="27602512" >
  <allocated-bytes non-tlh="634872" tlh="26967640" />
  <largest-consumer threadName="main" threadId="0000000001BEEF00" bytes="27602512" />
</allocation-stats>
<gc-op id="3984" type="mark" timems="8.482" contextid="3981" timestamp="2019-08-04T20:02:47.577">
  <trace-info objectcount="596275" scancount="517288" scanbytes="13277376" />
  <finalization candidates="80" enqueued="0" />
  <ownableSynchronizers candidates="21" cleared="0" />
  <references type="soft" candidates="1843" cleared="0" enqueued="0" dynamicThreshold="19" maxThreshold="32" />
  <references type="weak" candidates="5768" cleared="0" enqueued="0" />
  <references type="phantom" candidates="97" cleared="0" enqueued="0" />
  <stringconstants candidates="13258" cleared="0"  />
</gc-op>
<gc-op id="3985" type="sweep" timems="2.011" contextid="3981" timestamp="2019-08-04T20:02:47.579" />
<gc-end id="3986" type="global" contextid="3981" durationms="10.696" usertimems="62.022" systemtimems="0.000" timestamp="2019-08-04T20:02:47.579" activeThreads="16">
  <mem-info id="3987" free="28094992" total="46137344" percent="60">
    <mem type="tenure" free="28094992" total="46137344" percent="60" micro-fragmented="79501" macro-fragmented="0">
      <mem type="soa" free="27634192" total="45676544" percent="60" />
      <mem type="loa" free="460800" total="460800" percent="100" />
    </mem>
  </mem-info>
</gc-end>
<cycle-end id="3988" type="global" contextid="3981" timestamp="2019-08-04T20:02:47.579">
  <attribute name="GC Util" value="660" />
  <attribute name="CPU Util" value="2176926348002" />
  <attribute name="Time Running"value="115190"/>
  <attribute name="Number of cores"value="16"/>
</cycle-end>
<allocation-satisfied id="3989" threadId="0000000001BEEF00" bytesRequested="32" />
<af-end id="3990" timestamp="2019-08-04T20:02:47.579" threadId="0000000001BEF888" success="true" />
<exclusive-end id="3991" timestamp="2019-08-04T20:02:47.579" durationms="10.906" />

<exclusive-start id="3992" timestamp="2019-08-04T20:02:47.698" intervalms="129.354">
  <response-info timems="0.021" idlems="0.021" threads="0" lastid="0000000001BEEF00" lastname="main" />
</exclusive-start>
<af-start id="3993" threadId="0000000001BEF888" totalBytesRequested="80" timestamp="2019-08-04T20:02:47.698" intervalms="129.357" />
<cycle-start id="3994" type="global" contextid="0" timestamp="2019-08-04T20:02:47.698" intervalms="129.349" />
  <attribute name="GC Util" value="660" />
  <attribute name="CPU Util" value="2176926348002" />
  <attribute name="Time Running"value="115190"/>
  <attribute name="Number of cores"value="16"/>
<gc-start id="3995" type="global" contextid="3994" timestamp="2019-08-04T20:02:47.698">
  <mem-info id="3996" free="460800" total="46137344" percent="0">
    <mem type="tenure" free="460800" total="46137344" percent="0">
      <mem type="soa" free="0" total="45676544" percent="0" />
      <mem type="loa" free="460800" total="460800" percent="100" />
    </mem>
  </mem-info>
</gc-start>
<allocation-stats totalBytes="27630592" >
  <allocated-bytes non-tlh="0" tlh="27630592" />
  <largest-consumer threadName="main" threadId="0000000001BEEF00" bytes="27630592" />
</allocation-stats>
<gc-op id="3997" type="mark" timems="30.005" contextid="3994" timestamp="2019-08-04T20:02:47.728">
  <trace-info objectcount="596165" scancount="517173" scanbytes="13270700" />
  <finalization candidates="80" enqueued="0" />
  <ownableSynchronizers candidates="21" cleared="0" />
  <references type="soft" candidates="1843" cleared="0" enqueued="0" dynamicThreshold="19" maxThreshold="32" />
  <references type="weak" candidates="5768" cleared="0" enqueued="0" />
  <references type="phantom" candidates="97" cleared="0" enqueued="0" />
  <stringconstants candidates="13258" cleared="0"  />
</gc-op>
<gc-op id="3998" type="sweep" timems="1.994" contextid="3994" timestamp="2019-08-04T20:02:47.730" />
<gc-end id="3999" type="global" contextid="3994" durationms="32.253" usertimems="194.855" systemtimems="0.000" timestamp="2019-08-04T20:02:47.730" activeThreads="16">
  <mem-info id="4000" free="28101352" total="46137344" percent="60">
    <mem type="tenure" free="28101352" total="46137344" percent="60" micro-fragmented="79501" macro-fragmented="0">
      <mem type="soa" free="27640552" total="45676544" percent="60" />
      <mem type="loa" free="460800" total="460800" percent="100" />
    </mem>
  </mem-info>
</gc-end>
<cycle-end id="4001" type="global" contextid="3994" timestamp="2019-08-04T20:02:47.730">
  <attribute name="GC Util" value="591" />
  <attribute name="CPU Util" value="614032453153" />
  <attribute name="Time Running"value="115341"/>
  <attribute name="Number of cores"value="16"/>
</cycle-end>
<allocation-satisfied id="4002" threadId="0000000001BEEF00" bytesRequested="80" />
<af-end id="4003" timestamp="2019-08-04T20:02:47.730" threadId="0000000001BEF888" success="true" />
<exclusive-end id="4004" timestamp="2019-08-04T20:02:47.730" durationms="32.644" />

<exclusive-start id="4005" timestamp="2019-08-04T20:02:47.742" intervalms="44.592">
  <response-info timems="0.019" idlems="0.019" threads="0" lastid="0000000001BEEF00" lastname="main" />
</exclusive-start>
<af-start id="4006" threadId="0000000001BEF888" totalBytesRequested="80" timestamp="2019-08-04T20:02:47.742" intervalms="44.585" />
<cycle-start id="4007" type="global" contextid="0" timestamp="2019-08-04T20:02:47.743" intervalms="44.705" />
  <attribute name="GC Util" value="591" />
  <attribute name="CPU Util" value="614032453153" />
  <attribute name="Time Running"value="115341"/>
  <attribute name="Number of cores"value="16"/>
<gc-start id="4008" type="global" contextid="4007" timestamp="2019-08-04T20:02:47.743">
  <mem-info id="4009" free="460800" total="46137344" percent="0">
    <mem type="tenure" free="460800" total="46137344" percent="0">
      <mem type="soa" free="0" total="45676544" percent="0" />
      <mem type="loa" free="460800" total="460800" percent="100" />
    </mem>
  </mem-info>
</gc-start>
<allocation-stats totalBytes="27635712" >
  <allocated-bytes non-tlh="0" tlh="27635712" />
  <largest-consumer threadName="main" threadId="0000000001BEEF00" bytes="27635712" />
</allocation-stats>
<gc-op id="4010" type="mark" timems="11.320" contextid="4007" timestamp="2019-08-04T20:02:47.754">
  <trace-info objectcount="596165" scancount="517173" scanbytes="13270700" />
  <finalization candidates="80" enqueued="0" />
  <ownableSynchronizers candidates="21" cleared="0" />
  <references type="soft" candidates="1843" cleared="0" enqueued="0" dynamicThreshold="19" maxThreshold="32" />
  <references type="weak" candidates="5768" cleared="0" enqueued="0" />
  <references type="phantom" candidates="97" cleared="0" enqueued="0" />
  <stringconstants candidates="13258" cleared="0"  />
</gc-op>
<gc-op id="4011" type="sweep" timems="2.074" contextid="4007" timestamp="2019-08-04T20:02:47.756" />
<gc-end id="4012" type="global" contextid="4007" durationms="13.597" usertimems="51.414" systemtimems="0.000" timestamp="2019-08-04T20:02:47.756" activeThreads="16">
  <mem-info id="4013" free="28101352" total="46137344" percent="60">
    <mem type="tenure" free="28101352" total="46137344" percent="60" micro-fragmented="79501" macro-fragmented="0">
      <mem type="soa" free="27640552" total="45676544" percent="60" />
      <mem type="loa" free="460800" total="460800" percent="100" />
    </mem>
  </mem-info>
</gc-end>
<cycle-end id="4014" type="global" contextid="4007" timestamp="2019-08-04T20:02:47.756">
  <attribute name="GC Util" value="364" />
  <attribute name="CPU Util" value="1627482066327" />
  <attribute name="Time Running"value="115367"/>
  <attribute name="Number of cores"value="16"/>
</cycle-end>
<allocation-satisfied id="4015" threadId="0000000001BEEF00" bytesRequested="80" />
<af-end id="4016" timestamp="2019-08-04T20:02:47.756" threadId="0000000001BEF888" success="true" />
<exclusive-end id="4017" timestamp="2019-08-04T20:02:47.756" durationms="13.955" />

<exclusive-start id="4018" timestamp="2019-08-04T20:02:47.781" intervalms="38.260">
  <response-info timems="0.020" idlems="0.020" threads="0" lastid="0000000001BEEF00" lastname="main" />
</exclusive-start>
<af-start id="4019" threadId="0000000001BEF888" totalBytesRequested="32" timestamp="2019-08-04T20:02:47.781" intervalms="38.264" />
<cycle-start id="4020" type="global" contextid="0" timestamp="2019-08-04T20:02:47.781" intervalms="38.143" />
  <attribute name="GC Util" value="364" />
  <attribute name="CPU Util" value="1627482066327" />
  <attribute name="Time Running"value="115367"/>
  <attribute name="Number of cores"value="16"/>
<gc-start id="4021" type="global" contextid="4020" timestamp="2019-08-04T20:02:47.781">
  <mem-info id="4022" free="460800" total="46137344" percent="0">
    <mem type="tenure" free="460800" total="46137344" percent="0">
      <mem type="soa" free="0" total="45676544" percent="0" />
      <mem type="loa" free="460800" total="460800" percent="100" />
    </mem>
  </mem-info>
</gc-start>
<allocation-stats totalBytes="27634568" >
  <allocated-bytes non-tlh="0" tlh="27634568" />
  <largest-consumer threadName="main" threadId="0000000001BEEF00" bytes="27634568" />
</allocation-stats>
<gc-op id="4023" type="mark" timems="10.455" contextid="4020" timestamp="2019-08-04T20:02:47.791">
  <trace-info objectcount="596192" scancount="517200" scanbytes="13271588" />
  <finalization candidates="80" enqueued="0" />
  <ownableSynchronizers candidates="21" cleared="0" />
  <references type="soft" candidates="1843" cleared="0" enqueued="0" dynamicThreshold="19" maxThreshold="32" />
  <references type="weak" candidates="5768" cleared="0" enqueued="0" />
  <references type="phantom" candidates="97" cleared="0" enqueued="0" />
  <stringconstants candidates="13258" cleared="0"  />
</gc-op>
<gc-op id="4024" type="sweep" timems="2.162" contextid="4020" timestamp="2019-08-04T20:02:47.793" />
<gc-end id="4025" type="global" contextid="4020" durationms="12.825" usertimems="61.783" systemtimems="0.000" timestamp="2019-08-04T20:02:47.794" activeThreads="16">
  <mem-info id="4026" free="28098544" total="46137344" percent="60">
    <mem type="tenure" free="28098544" total="46137344" percent="60" micro-fragmented="79501" macro-fragmented="0">
      <mem type="soa" free="27637744" total="45676544" percent="60" />
      <mem type="loa" free="460800" total="460800" percent="100" />
    </mem>
  </mem-info>
</gc-end>
<cycle-end id="4027" type="global" contextid="4020" timestamp="2019-08-04T20:02:47.794">
  <attribute name="GC Util" value="484" />
  <attribute name="CPU Util" value="1760216777980" />
  <attribute name="Time Running"value="115405"/>
  <attribute name="Number of cores"value="16"/>
</cycle-end>
<allocation-satisfied id="4028" threadId="0000000001BEEF00" bytesRequested="32" />
<af-end id="4029" timestamp="2019-08-04T20:02:47.794" threadId="0000000001BEF888" success="true" />
<exclusive-end id="4030" timestamp="2019-08-04T20:02:47.794" durationms="13.148" />

<exclusive-start id="4031" timestamp="2019-08-04T20:02:47.819" intervalms="38.483">
  <response-info timems="0.027" idlems="0.027" threads="0" lastid="0000000001BEEF00" lastname="main" />
</exclusive-start>
<af-start id="4032" threadId="0000000001BEF888" totalBytesRequested="80" timestamp="2019-08-04T20:02:47.819" intervalms="38.496" />
<cycle-start id="4033" type="global" contextid="0" timestamp="2019-08-04T20:02:47.819" intervalms="38.538" />
  <attribute name="GC Util" value="484" />
  <attribute name="CPU Util" value="1760216777980" />
  <attribute name="Time Running"value="115405"/>
  <attribute name="Number of cores"value="16"/>
<gc-start id="4034" type="global" contextid="4033" timestamp="2019-08-04T20:02:47.820">
  <mem-info id="4035" free="460800" total="46137344" percent="0">
    <mem type="tenure" free="460800" total="46137344" percent="0">
      <mem type="soa" free="0" total="45676544" percent="0" />
      <mem type="loa" free="460800" total="460800" percent="100" />
    </mem>
  </mem-info>
</gc-start>
<allocation-stats totalBytes="27627856" >
  <allocated-bytes non-tlh="0" tlh="27627856" />
  <largest-consumer threadName="main" threadId="0000000001BEEF00" bytes="27627856" />
</allocation-stats>
<gc-op id="4036" type="mark" timems="9.276" contextid="4033" timestamp="2019-08-04T20:02:47.829">
  <trace-info objectcount="596175" scancount="517182" scanbytes="13271124" />
  <finalization candidates="80" enqueued="0" />
  <ownableSynchronizers candidates="21" cleared="0" />
  <references type="soft" candidates="1843" cleared="0" enqueued="0" dynamicThreshold="19" maxThreshold="32" />
  <references type="weak" candidates="5768" cleared="0" enqueued="0" />
  <references type="phantom" candidates="97" cleared="0" enqueued="0" />
  <stringconstants candidates="13258" cleared="0"  />
</gc-op>
<gc-op id="4037" type="sweep" timems="2.002" contextid="4033" timestamp="2019-08-04T20:02:47.831" />
<gc-end id="4038" type="global" contextid="4033" durationms="11.538" usertimems="67.582" systemtimems="0.000" timestamp="2019-08-04T20:02:47.831" activeThreads="16">
  <mem-info id="4039" free="28099904" total="46137344" percent="60">
    <mem type="tenure" free="28099904" total="46137344" percent="60" micro-fragmented="79501" macro-fragmented="0">
      <mem type="soa" free="27639104" total="45676544" percent="60" />
      <mem type="loa" free="460800" total="460800" percent="100" />
    </mem>
  </mem-info>
</gc-end>
<cycle-end id="4040" type="global" contextid="4033" timestamp="2019-08-04T20:02:47.831">
  <attribute name="GC Util" value="625" />
  <attribute name="CPU Util" value="2009390868072" />
  <attribute name="Time Running"value="115442"/>
  <attribute name="Number of cores"value="16"/>
</cycle-end>
<allocation-satisfied id="4041" threadId="0000000001BEEF00" bytesRequested="80" />
<af-end id="4042" timestamp="2019-08-04T20:02:47.831" threadId="0000000001BEF888" success="true" />
<exclusive-end id="4043" timestamp="2019-08-04T20:02:47.831" durationms="12.163" />

<exclusive-start id="4044" timestamp="2019-08-04T20:02:47.854" intervalms="35.112">
  <response-info timems="0.062" idlems="0.062" threads="0" lastid="0000000001BEEF00" lastname="main" />
</exclusive-start>
<af-start id="4045" threadId="0000000001BEF888" totalBytesRequested="80" timestamp="2019-08-04T20:02:47.854" intervalms="35.100" />
<cycle-start id="4046" type="global" contextid="0" timestamp="2019-08-04T20:02:47.854" intervalms="35.061" />
  <attribute name="GC Util" value="625" />
  <attribute name="CPU Util" value="2009390868072" />
  <attribute name="Time Running"value="115442"/>
  <attribute name="Number of cores"value="16"/>
<gc-start id="4047" type="global" contextid="4046" timestamp="2019-08-04T20:02:47.854">
  <mem-info id="4048" free="460800" total="46137344" percent="0">
    <mem type="tenure" free="460800" total="46137344" percent="0">
      <mem type="soa" free="0" total="45676544" percent="0" />
      <mem type="loa" free="460800" total="460800" percent="100" />
    </mem>
  </mem-info>
</gc-start>
<allocation-stats totalBytes="27626952" >
  <allocated-bytes non-tlh="0" tlh="27626952" />
  <largest-consumer threadName="main" threadId="0000000001BEEF00" bytes="27626952" />
</allocation-stats>
<gc-op id="4049" type="mark" timems="21.125" contextid="4046" timestamp="2019-08-04T20:02:47.876">
  <trace-info objectcount="596173" scancount="517181" scanbytes="13271032" />
  <finalization candidates="80" enqueued="0" />
  <ownableSynchronizers candidates="21" cleared="0" />
  <references type="soft" candidates="1843" cleared="0" enqueued="0" dynamicThreshold="19" maxThreshold="32" />
  <references type="weak" candidates="5768" cleared="0" enqueued="0" />
  <references type="phantom" candidates="97" cleared="0" enqueued="0" />
  <stringconstants candidates="13258" cleared="0"  />
</gc-op>
<gc-op id="4050" type="sweep" timems="1.479" contextid="4046" timestamp="2019-08-04T20:02:47.877" />
<gc-end id="4051" type="global" contextid="4046" durationms="22.965" usertimems="84.860" systemtimems="0.000" timestamp="2019-08-04T20:02:47.877" activeThreads="16">
  <mem-info id="4052" free="28100000" total="46137344" percent="60">
    <mem type="tenure" free="28100000" total="46137344" percent="60" micro-fragmented="79501" macro-fragmented="0">
      <mem type="soa" free="27639200" total="45676544" percent="60" />
      <mem type="loa" free="460800" total="460800" percent="100" />
    </mem>
  </mem-info>
</gc-end>
<cycle-end id="4053" type="global" contextid="4046" timestamp="2019-08-04T20:02:47.877">
  <attribute name="GC Util" value="341" />
  <attribute name="CPU Util" value="872312002731" />
  <attribute name="Time Running"value="115489"/>
  <attribute name="Number of cores"value="16"/>
</cycle-end>
<allocation-satisfied id="4054" threadId="0000000001BEEF00" bytesRequested="80" />
<af-end id="4055" timestamp="2019-08-04T20:02:47.877" threadId="0000000001BEF888" success="true" />
<exclusive-end id="4056" timestamp="2019-08-04T20:02:47.877" durationms="23.269" />

<exclusive-start id="4057" timestamp="2019-08-04T20:02:47.924" intervalms="70.078">
  <response-info timems="0.043" idlems="0.043" threads="0" lastid="0000000001BEEF00" lastname="main" />
</exclusive-start>
<af-start id="4058" threadId="0000000001BEF888" totalBytesRequested="40" timestamp="2019-08-04T20:02:47.924" intervalms="70.075" />
<cycle-start id="4059" type="global" contextid="0" timestamp="2019-08-04T20:02:47.924" intervalms="70.074" />
  <attribute name="GC Util" value="341" />
  <attribute name="CPU Util" value="872312002731" />
  <attribute name="Time Running"value="115489"/>
  <attribute name="Number of cores"value="16"/>
<gc-start id="4060" type="global" contextid="4059" timestamp="2019-08-04T20:02:47.924">
  <mem-info id="4061" free="460800" total="46137344" percent="0">
    <mem type="tenure" free="460800" total="46137344" percent="0">
      <mem type="soa" free="0" total="45676544" percent="0" />
      <mem type="loa" free="460800" total="460800" percent="100" />
    </mem>
  </mem-info>
</gc-start>
<allocation-stats totalBytes="27635576" >
  <allocated-bytes non-tlh="0" tlh="27635576" />
  <largest-consumer threadName="main" threadId="0000000001BEEF00" bytes="27635576" />
</allocation-stats>
<gc-op id="4062" type="mark" timems="9.475" contextid="4059" timestamp="2019-08-04T20:02:47.934">
  <trace-info objectcount="596178" scancount="517164" scanbytes="13271084" />
  <finalization candidates="80" enqueued="0" />
  <ownableSynchronizers candidates="21" cleared="0" />
  <references type="soft" candidates="1843" cleared="0" enqueued="0" dynamicThreshold="19" maxThreshold="32" />
  <references type="weak" candidates="5768" cleared="0" enqueued="0" />
  <references type="phantom" candidates="97" cleared="0" enqueued="0" />
  <stringconstants candidates="13258" cleared="0"  />
</gc-op>
<gc-op id="4063" type="sweep" timems="2.518" contextid="4059" timestamp="2019-08-04T20:02:47.937" />
<gc-end id="4064" type="global" contextid="4059" durationms="12.210" usertimems="61.111" systemtimems="0.000" timestamp="2019-08-04T20:02:47.937" activeThreads="16">
  <mem-info id="4065" free="28098768" total="46137344" percent="60">
    <mem type="tenure" free="28098768" total="46137344" percent="60" micro-fragmented="79501" macro-fragmented="0">
      <mem type="soa" free="27637968" total="45676544" percent="60" />
      <mem type="loa" free="460800" total="460800" percent="100" />
    </mem>
  </mem-info>
</gc-end>
<cycle-end id="4066" type="global" contextid="4059" timestamp="2019-08-04T20:02:47.937">
  <attribute name="GC Util" value="507" />
  <attribute name="CPU Util" value="1938258217448" />
  <attribute name="Time Running"value="115547"/>
  <attribute name="Number of cores"value="16"/>
</cycle-end>
<allocation-satisfied id="4067" threadId="0000000001BEEF00" bytesRequested="40" />
<af-end id="4068" timestamp="2019-08-04T20:02:47.937" threadId="0000000001BEF888" success="true" />
<exclusive-end id="4069" timestamp="2019-08-04T20:02:47.937" durationms="12.449" />

<exclusive-start id="4070" timestamp="2019-08-04T20:02:47.971" intervalms="46.860">
  <response-info timems="0.017" idlems="0.017" threads="0" lastid="0000000001BEEF00" lastname="main" />
</exclusive-start>
<af-start id="4071" threadId="0000000001BEF888" totalBytesRequested="40" timestamp="2019-08-04T20:02:47.971" intervalms="46.881" />
<cycle-start id="4072" type="global" contextid="0" timestamp="2019-08-04T20:02:47.971" intervalms="46.888" />
  <attribute name="GC Util" value="507" />
  <attribute name="CPU Util" value="1938258217448" />
  <attribute name="Time Running"value="115547"/>
  <attribute name="Number of cores"value="16"/>
<gc-start id="4073" type="global" contextid="4072" timestamp="2019-08-04T20:02:47.971">
  <mem-info id="4074" free="460800" total="46137344" percent="0">
    <mem type="tenure" free="460800" total="46137344" percent="0">
      <mem type="soa" free="0" total="45676544" percent="0" />
      <mem type="loa" free="460800" total="460800" percent="100" />
    </mem>
  </mem-info>
</gc-start>
<allocation-stats totalBytes="27635584" >
  <allocated-bytes non-tlh="0" tlh="27635584" />
  <largest-consumer threadName="main" threadId="0000000001BEEF00" bytes="27635584" />
</allocation-stats>
<gc-op id="4075" type="mark" timems="8.633" contextid="4072" timestamp="2019-08-04T20:02:47.980">
  <trace-info objectcount="596179" scancount="517197" scanbytes="13271112" />
  <finalization candidates="80" enqueued="0" />
  <ownableSynchronizers candidates="21" cleared="0" />
  <references type="soft" candidates="1843" cleared="0" enqueued="0" dynamicThreshold="19" maxThreshold="32" />
  <references type="weak" candidates="5768" cleared="0" enqueued="0" />
  <references type="phantom" candidates="97" cleared="0" enqueued="0" />
  <stringconstants candidates="13258" cleared="0"  />
</gc-op>
<gc-op id="4076" type="sweep" timems="1.873" contextid="4072" timestamp="2019-08-04T20:02:47.982" />
<gc-end id="4077" type="global" contextid="4072" durationms="10.686" usertimems="56.883" systemtimems="0.000" timestamp="2019-08-04T20:02:47.982" activeThreads="16">
  <mem-info id="4078" free="28098280" total="46137344" percent="60">
    <mem type="tenure" free="28098280" total="46137344" percent="60" micro-fragmented="79501" macro-fragmented="27173">
      <mem type="soa" free="27637480" total="45676544" percent="60" />
      <mem type="loa" free="460800" total="460800" percent="100" />
    </mem>
  </mem-info>
</gc-end>
<cycle-end id="4079" type="global" contextid="4072" timestamp="2019-08-04T20:02:47.982">
  <attribute name="GC Util" value="535" />
  <attribute name="CPU Util" value="2134927475429" />
  <attribute name="Time Running"value="115593"/>
  <attribute name="Number of cores"value="16"/>
</cycle-end>
<allocation-satisfied id="4080" threadId="0000000001BEEF00" bytesRequested="40" />
<af-end id="4081" timestamp="2019-08-04T20:02:47.982" threadId="0000000001BEF888" success="true" />
<exclusive-end id="4082" timestamp="2019-08-04T20:02:47.982" durationms="10.921" />

<exclusive-start id="4083" timestamp="2019-08-04T20:02:48.020" intervalms="49.106">
  <response-info timems="0.021" idlems="0.021" threads="0" lastid="0000000001BEEF00" lastname="main" />
</exclusive-start>
<af-start id="4084" threadId="0000000001BEF888" totalBytesRequested="24" timestamp="2019-08-04T20:02:48.020" intervalms="49.085" />
<cycle-start id="4085" type="global" contextid="0" timestamp="2019-08-04T20:02:48.020" intervalms="49.078" />
  <attribute name="GC Util" value="535" />
  <attribute name="CPU Util" value="2134927475429" />
  <attribute name="Time Running"value="115593"/>
  <attribute name="Number of cores"value="16"/>
<gc-start id="4086" type="global" contextid="4085" timestamp="2019-08-04T20:02:48.020">
  <mem-info id="4087" free="460800" total="46137344" percent="0">
    <mem type="tenure" free="460800" total="46137344" percent="0">
      <mem type="soa" free="0" total="45676544" percent="0" />
      <mem type="loa" free="460800" total="460800" percent="100" />
    </mem>
  </mem-info>
</gc-start>
<allocation-stats totalBytes="27633392" >
  <allocated-bytes non-tlh="0" tlh="27633392" />
  <largest-consumer threadName="main" threadId="0000000001BEEF00" bytes="27633392" />
</allocation-stats>
<gc-op id="4088" type="mark" timems="8.778" contextid="4085" timestamp="2019-08-04T20:02:48.029">
  <trace-info objectcount="596181" scancount="517190" scanbytes="13271132" />
  <finalization candidates="80" enqueued="0" />
  <ownableSynchronizers candidates="21" cleared="0" />
  <references type="soft" candidates="1843" cleared="0" enqueued="0" dynamicThreshold="19" maxThreshold="32" />
  <references type="weak" candidates="5768" cleared="0" enqueued="0" />
  <references type="phantom" candidates="97" cleared="0" enqueued="0" />
  <stringconstants candidates="13258" cleared="0"  />
</gc-op>
<gc-op id="4089" type="sweep" timems="1.950" contextid="4085" timestamp="2019-08-04T20:02:48.031" />
<gc-end id="4090" type="global" contextid="4085" durationms="10.898" usertimems="58.674" systemtimems="0.000" timestamp="2019-08-04T20:02:48.031" activeThreads="16">
  <mem-info id="4091" free="28098128" total="46137344" percent="60">
    <mem type="tenure" free="28098128" total="46137344" percent="60" micro-fragmented="79501" macro-fragmented="0">
      <mem type="soa" free="27637328" total="45676544" percent="60" />
      <mem type="loa" free="460800" total="460800" percent="100" />
    </mem>
  </mem-info>
</gc-end>
<cycle-end id="4092" type="global" contextid="4085" timestamp="2019-08-04T20:02:48.031">
  <attribute name="GC Util" value="545" />
  <attribute name="CPU Util" value="2103630793898" />
  <attribute name="Time Running"value="115642"/>
  <attribute name="Number of cores"value="16"/>
</cycle-end>
<allocation-satisfied id="4093" threadId="0000000001BEEF00" bytesRequested="24" />
<af-end id="4094" timestamp="2019-08-04T20:02:48.031" threadId="0000000001BEF888" success="true" />
<exclusive-end id="4095" timestamp="2019-08-04T20:02:48.031" durationms="11.102" />

<exclusive-start id="4096" timestamp="2019-08-04T20:02:48.068" intervalms="47.641">
  <response-info timems="0.028" idlems="0.028" threads="0" lastid="0000000001BEEF00" lastname="main" />
</exclusive-start>
<af-start id="4097" threadId="0000000001BEF888" totalBytesRequested="24" timestamp="2019-08-04T20:02:48.068" intervalms="47.651" />
<cycle-start id="4098" type="global" contextid="0" timestamp="2019-08-04T20:02:48.068" intervalms="47.650" />
  <attribute name="GC Util" value="545" />
  <attribute name="CPU Util" value="2103630793898" />
  <attribute name="Time Running"value="115642"/>
  <attribute name="Number of cores"value="16"/>
<gc-start id="4099" type="global" contextid="4098" timestamp="2019-08-04T20:02:48.068">
  <mem-info id="4100" free="460800" total="46137344" percent="0">
    <mem type="tenure" free="460800" total="46137344" percent="0">
      <mem type="soa" free="0" total="45676544" percent="0" />
      <mem type="loa" free="460800" total="460800" percent="100" />
    </mem>
  </mem-info>
</gc-start>
<allocation-stats totalBytes="27633888" >
  <allocated-bytes non-tlh="0" tlh="27633888" />
  <largest-consumer threadName="main" threadId="0000000001BEEF00" bytes="27633888" />
</allocation-stats>
<gc-op id="4101" type="mark" timems="8.818" contextid="4098" timestamp="2019-08-04T20:02:48.077">
  <trace-info objectcount="596184" scancount="517193" scanbytes="13271172" />
  <finalization candidates="80" enqueued="0" />
  <ownableSynchronizers candidates="21" cleared="0" />
  <references type="soft" candidates="1843" cleared="0" enqueued="0" dynamicThreshold="19" maxThreshold="32" />
  <references type="weak" candidates="5768" cleared="0" enqueued="0" />
  <references type="phantom" candidates="97" cleared="0" enqueued="0" />
  <stringconstants candidates="13258" cleared="0"  />
</gc-op>
<gc-op id="4102" type="sweep" timems="1.872" contextid="4098" timestamp="2019-08-04T20:02:48.079" />
<gc-end id="4103" type="global" contextid="4098" durationms="10.867" usertimems="56.687" systemtimems="0.000" timestamp="2019-08-04T20:02:48.079" activeThreads="16">
  <mem-info id="4104" free="28098048" total="46137344" percent="60">
    <mem type="tenure" free="28098048" total="46137344" percent="60" micro-fragmented="79501" macro-fragmented="0">
      <mem type="soa" free="27637248" total="45676544" percent="60" />
      <mem type="loa" free="460800" total="460800" percent="100" />
    </mem>
  </mem-info>
</gc-end>
<cycle-end id="4105" type="global" contextid="4098" timestamp="2019-08-04T20:02:48.079">
  <attribute name="GC Util" value="537" />
  <attribute name="CPU Util" value="2093431256618" />
  <attribute name="Time Running"value="115690"/>
  <attribute name="Number of cores"value="16"/>
</cycle-end>
<allocation-satisfied id="4106" threadId="0000000001BEEF00" bytesRequested="24" />
<af-end id="4107" timestamp="2019-08-04T20:02:48.079" threadId="0000000001BEF888" success="true" />
<exclusive-end id="4108" timestamp="2019-08-04T20:02:48.079" durationms="11.111" />

<exclusive-start id="4109" timestamp="2019-08-04T20:02:48.093" intervalms="24.767">
  <response-info timems="0.015" idlems="0.015" threads="0" lastid="0000000001BEEF00" lastname="main" />
</exclusive-start>
<af-start id="4110" threadId="0000000001BEF888" totalBytesRequested="32" timestamp="2019-08-04T20:02:48.093" intervalms="24.760" />
<cycle-start id="4111" type="global" contextid="0" timestamp="2019-08-04T20:02:48.093" intervalms="24.760" />
  <attribute name="GC Util" value="537" />
  <attribute name="CPU Util" value="2093431256618" />
  <attribute name="Time Running"value="115690"/>
  <attribute name="Number of cores"value="16"/>
<gc-start id="4112" type="global" contextid="4111" timestamp="2019-08-04T20:02:48.093">
  <mem-info id="4113" free="460800" total="46137344" percent="0">
    <mem type="tenure" free="460800" total="46137344" percent="0">
      <mem type="soa" free="0" total="45676544" percent="0" />
      <mem type="loa" free="460800" total="460800" percent="100" />
    </mem>
  </mem-info>
</gc-start>
<allocation-stats totalBytes="27635752" >
  <allocated-bytes non-tlh="0" tlh="27635752" />
  <largest-consumer threadName="main" threadId="0000000001BEEF00" bytes="27635752" />
</allocation-stats>
<gc-op id="4114" type="mark" timems="8.596" contextid="4111" timestamp="2019-08-04T20:02:48.101">
  <trace-info objectcount="596174" scancount="517186" scanbytes="13270976" />
  <finalization candidates="80" enqueued="0" />
  <ownableSynchronizers candidates="21" cleared="0" />
  <references type="soft" candidates="1843" cleared="0" enqueued="0" dynamicThreshold="19" maxThreshold="32" />
  <references type="weak" candidates="5768" cleared="0" enqueued="0" />
  <references type="phantom" candidates="97" cleared="0" enqueued="0" />
  <stringconstants candidates="13258" cleared="0"  />
</gc-op>
<gc-op id="4115" type="sweep" timems="2.282" contextid="4111" timestamp="2019-08-04T20:02:48.104" />
<gc-end id="4116" type="global" contextid="4111" durationms="11.044" usertimems="62.907" systemtimems="0.000" timestamp="2019-08-04T20:02:48.104" activeThreads="16">
  <mem-info id="4117" free="28098392" total="46137344" percent="60">
    <mem type="tenure" free="28098392" total="46137344" percent="60" micro-fragmented="100256" macro-fragmented="86280">
      <mem type="soa" free="27637592" total="45676544" percent="60" />
      <mem type="loa" free="460800" total="460800" percent="100" />
    </mem>
  </mem-info>
</gc-end>
<cycle-end id="4118" type="global" contextid="4111" timestamp="2019-08-04T20:02:48.104">
  <attribute name="GC Util" value="619" />
  <attribute name="CPU Util" value="2141836764949" />
  <attribute name="Time Running"value="115715"/>
  <attribute name="Number of cores"value="16"/>
</cycle-end>
<allocation-satisfied id="4119" threadId="0000000001BEEF00" bytesRequested="32" />
<af-end id="4120" timestamp="2019-08-04T20:02:48.104" threadId="0000000001BEF888" success="true" />
<exclusive-end id="4121" timestamp="2019-08-04T20:02:48.104" durationms="11.258" />

<exclusive-start id="4122" timestamp="2019-08-04T20:02:48.146" intervalms="53.357">
  <response-info timems="0.018" idlems="0.018" threads="0" lastid="0000000001BEEF00" lastname="main" />
</exclusive-start>
<af-start id="4123" threadId="0000000001BEF888" totalBytesRequested="24" timestamp="2019-08-04T20:02:48.146" intervalms="53.356" />
<cycle-start id="4124" type="global" contextid="0" timestamp="2019-08-04T20:02:48.146" intervalms="53.357" />
  <attribute name="GC Util" value="619" />
  <attribute name="CPU Util" value="2141836764949" />
  <attribute name="Time Running"value="115715"/>
  <attribute name="Number of cores"value="16"/>
<gc-start id="4125" type="global" contextid="4124" timestamp="2019-08-04T20:02:48.146">
  <mem-info id="4126" free="460800" total="46137344" percent="0">
    <mem type="tenure" free="460800" total="46137344" percent="0">
      <mem type="soa" free="0" total="45676544" percent="0" />
      <mem type="loa" free="460800" total="460800" percent="100" />
    </mem>
  </mem-info>
</gc-start>
<allocation-stats totalBytes="27636032" >
  <allocated-bytes non-tlh="0" tlh="27636032" />
  <largest-consumer threadName="main" threadId="0000000001BEEF00" bytes="27636032" />
</allocation-stats>
<gc-op id="4127" type="mark" timems="9.595" contextid="4124" timestamp="2019-08-04T20:02:48.156">
  <trace-info objectcount="596174" scancount="517183" scanbytes="13270960" />
  <finalization candidates="80" enqueued="0" />
  <ownableSynchronizers candidates="21" cleared="0" />
  <references type="soft" candidates="1843" cleared="0" enqueued="0" dynamicThreshold="19" maxThreshold="32" />
  <references type="weak" candidates="5768" cleared="0" enqueued="0" />
  <references type="phantom" candidates="97" cleared="0" enqueued="0" />
  <stringconstants candidates="13258" cleared="0"  />
</gc-op>
<gc-op id="4128" type="sweep" timems="1.544" contextid="4124" timestamp="2019-08-04T20:02:48.157" />
<gc-end id="4129" type="global" contextid="4124" durationms="11.278" usertimems="62.607" systemtimems="0.000" timestamp="2019-08-04T20:02:48.157" activeThreads="16">
  <mem-info id="4130" free="28098464" total="46137344" percent="60">
    <mem type="tenure" free="28098464" total="46137344" percent="60" micro-fragmented="79501" macro-fragmented="0">
      <mem type="soa" free="27637664" total="45676544" percent="60" />
      <mem type="loa" free="460800" total="460800" percent="100" />
    </mem>
  </mem-info>
</gc-end>
<cycle-end id="4131" type="global" contextid="4124" timestamp="2019-08-04T20:02:48.158">
  <attribute name="GC Util" value="580" />
  <attribute name="CPU Util" value="1914956616899" />
  <attribute name="Time Running"value="115769"/>
  <attribute name="Number of cores"value="16"/>
</cycle-end>
<allocation-satisfied id="4132" threadId="0000000001BEEF00" bytesRequested="24" />
<af-end id="4133" timestamp="2019-08-04T20:02:48.158" threadId="0000000001BEF888" success="true" />
<exclusive-end id="4134" timestamp="2019-08-04T20:02:48.158" durationms="11.558" />

<exclusive-start id="4135" timestamp="2019-08-04T20:02:48.261" intervalms="115.089">
  <response-info timems="0.020" idlems="0.020" threads="0" lastid="0000000001BEEF00" lastname="main" />
</exclusive-start>
<af-start id="4136" threadId="0000000001BEF888" totalBytesRequested="24" timestamp="2019-08-04T20:02:48.261" intervalms="115.146" />
<cycle-start id="4137" type="global" contextid="0" timestamp="2019-08-04T20:02:48.261" intervalms="115.173" />
  <attribute name="GC Util" value="580" />
  <attribute name="CPU Util" value="1914956616899" />
  <attribute name="Time Running"value="115769"/>
  <attribute name="Number of cores"value="16"/>
<gc-start id="4138" type="global" contextid="4137" timestamp="2019-08-04T20:02:48.261">
  <mem-info id="4139" free="460800" total="46137344" percent="0">
    <mem type="tenure" free="460800" total="46137344" percent="0">
      <mem type="soa" free="0" total="45676544" percent="0" />
      <mem type="loa" free="460800" total="460800" percent="100" />
    </mem>
  </mem-info>
</gc-start>
<allocation-stats totalBytes="27636056" >
  <allocated-bytes non-tlh="0" tlh="27636056" />
  <largest-consumer threadName="main" threadId="0000000001BEEF00" bytes="27636056" />
</allocation-stats>
<gc-op id="4140" type="mark" timems="13.040" contextid="4137" timestamp="2019-08-04T20:02:48.274">
  <trace-info objectcount="596183" scancount="517192" scanbytes="13271152" />
  <finalization candidates="80" enqueued="0" />
  <ownableSynchronizers candidates="21" cleared="0" />
  <references type="soft" candidates="1843" cleared="0" enqueued="0" dynamicThreshold="19" maxThreshold="32" />
  <references type="weak" candidates="5768" cleared="0" enqueued="0" />
  <references type="phantom" candidates="97" cleared="0" enqueued="0" />
  <stringconstants candidates="13258" cleared="0"  />
</gc-op>
<gc-op id="4141" type="sweep" timems="1.618" contextid="4137" timestamp="2019-08-04T20:02:48.276" />
<gc-end id="4142" type="global" contextid="4137" durationms="14.968" usertimems="90.284" systemtimems="0.000" timestamp="2019-08-04T20:02:48.276" activeThreads="16">
  <mem-info id="4143" free="28096952" total="46137344" percent="60">
    <mem type="tenure" free="28096952" total="46137344" percent="60" micro-fragmented="79501" macro-fragmented="0">
      <mem type="soa" free="27636152" total="45676544" percent="60" />
      <mem type="loa" free="460800" total="460800" percent="100" />
    </mem>
  </mem-info>
</gc-end>
<cycle-end id="4144" type="global" contextid="4137" timestamp="2019-08-04T20:02:48.276">
  <attribute name="GC Util" value="603" />
  <attribute name="CPU Util" value="1402852149533" />
  <attribute name="Time Running"value="115888"/>
  <attribute name="Number of cores"value="16"/>
</cycle-end>
<allocation-satisfied id="4145" threadId="0000000001BEEF00" bytesRequested="24" />
<af-end id="4146" timestamp="2019-08-04T20:02:48.277" threadId="0000000001BEF888" success="true" />
<exclusive-end id="4147" timestamp="2019-08-04T20:02:48.277" durationms="15.413" />

<exclusive-start id="4148" timestamp="2019-08-04T20:02:48.293" intervalms="32.122">
  <response-info timems="0.022" idlems="0.022" threads="0" lastid="0000000001BEEF00" lastname="main" />
</exclusive-start>
<af-start id="4149" threadId="0000000001BEF888" totalBytesRequested="24" timestamp="2019-08-04T20:02:48.293" intervalms="32.137" />
<cycle-start id="4150" type="global" contextid="0" timestamp="2019-08-04T20:02:48.293" intervalms="32.120" />
  <attribute name="GC Util" value="603" />
  <attribute name="CPU Util" value="1402852149533" />
  <attribute name="Time Running"value="115888"/>
  <attribute name="Number of cores"value="16"/>
<gc-start id="4151" type="global" contextid="4150" timestamp="2019-08-04T20:02:48.294">
  <mem-info id="4152" free="460800" total="46137344" percent="0">
    <mem type="tenure" free="460800" total="46137344" percent="0">
      <mem type="soa" free="0" total="45676544" percent="0" />
      <mem type="loa" free="460800" total="460800" percent="100" />
    </mem>
  </mem-info>
</gc-start>
<allocation-stats totalBytes="27634664" >
  <allocated-bytes non-tlh="0" tlh="27634664" />
  <largest-consumer threadName="main" threadId="0000000001BEEF00" bytes="27634664" />
</allocation-stats>
<gc-op id="4153" type="mark" timems="10.725" contextid="4150" timestamp="2019-08-04T20:02:48.304">
  <trace-info objectcount="596180" scancount="517193" scanbytes="13271104" />
  <finalization candidates="80" enqueued="0" />
  <ownableSynchronizers candidates="21" cleared="0" />
  <references type="soft" candidates="1843" cleared="0" enqueued="0" dynamicThreshold="19" maxThreshold="32" />
  <references type="weak" candidates="5768" cleared="0" enqueued="0" />
  <references type="phantom" candidates="97" cleared="0" enqueued="0" />
  <stringconstants candidates="13258" cleared="0"  />
</gc-op>
<gc-op id="4154" type="sweep" timems="2.229" contextid="4150" timestamp="2019-08-04T20:02:48.307" />
<gc-end id="4155" type="global" contextid="4150" durationms="13.120" usertimems="72.369" systemtimems="0.000" timestamp="2019-08-04T20:02:48.307" activeThreads="16">
  <mem-info id="4156" free="28097616" total="46137344" percent="60">
    <mem type="tenure" free="28097616" total="46137344" percent="60" micro-fragmented="79501" macro-fragmented="0">
      <mem type="soa" free="27636816" total="45676544" percent="60" />
      <mem type="loa" free="460800" total="460800" percent="100" />
    </mem>
  </mem-info>
</gc-end>
<cycle-end id="4157" type="global" contextid="4150" timestamp="2019-08-04T20:02:48.307">
  <attribute name="GC Util" value="570" />
  <attribute name="CPU Util" value="1717923302607" />
  <attribute name="Time Running"value="115917"/>
  <attribute name="Number of cores"value="16"/>
</cycle-end>
<allocation-satisfied id="4158" threadId="0000000001BEEF00" bytesRequested="24" />
<af-end id="4159" timestamp="2019-08-04T20:02:48.307" threadId="0000000001BEF888" success="true" />
<exclusive-end id="4160" timestamp="2019-08-04T20:02:48.307" durationms="13.470" />

<exclusive-start id="4161" timestamp="2019-08-04T20:02:48.328" intervalms="34.400">
  <response-info timems="0.018" idlems="0.018" threads="0" lastid="0000000001BEEF00" lastname="main" />
</exclusive-start>
<af-start id="4162" threadId="0000000001BEF888" totalBytesRequested="24" timestamp="2019-08-04T20:02:48.328" intervalms="34.329" />
<cycle-start id="4163" type="global" contextid="0" timestamp="2019-08-04T20:02:48.328" intervalms="34.318" />
  <attribute name="GC Util" value="570" />
  <attribute name="CPU Util" value="1717923302607" />
  <attribute name="Time Running"value="115917"/>
  <attribute name="Number of cores"value="16"/>
<gc-start id="4164" type="global" contextid="4163" timestamp="2019-08-04T20:02:48.328">
  <mem-info id="4165" free="460800" total="46137344" percent="0">
    <mem type="tenure" free="460800" total="46137344" percent="0">
      <mem type="soa" free="0" total="45676544" percent="0" />
      <mem type="loa" free="460800" total="460800" percent="100" />
    </mem>
  </mem-info>
</gc-start>
<allocation-stats totalBytes="27634888" >
  <allocated-bytes non-tlh="0" tlh="27634888" />
  <largest-consumer threadName="main" threadId="0000000001BEEF00" bytes="27634888" />
</allocation-stats>
<gc-op id="4166" type="mark" timems="10.937" contextid="4163" timestamp="2019-08-04T20:02:48.339">
  <trace-info objectcount="596187" scancount="517196" scanbytes="13271312" />
  <finalization candidates="80" enqueued="0" />
  <ownableSynchronizers candidates="21" cleared="0" />
  <references type="soft" candidates="1843" cleared="0" enqueued="0" dynamicThreshold="19" maxThreshold="32" />
  <references type="weak" candidates="5768" cleared="0" enqueued="0" />
  <references type="phantom" candidates="97" cleared="0" enqueued="0" />
  <stringconstants candidates="13258" cleared="0"  />
</gc-op>
<gc-op id="4167" type="sweep" timems="1.720" contextid="4163" timestamp="2019-08-04T20:02:48.341" />
<gc-end id="4168" type="global" contextid="4163" durationms="12.861" usertimems="68.991" systemtimems="0.000" timestamp="2019-08-04T20:02:48.341" activeThreads="16">
  <mem-info id="4169" free="28096864" total="46137344" percent="60">
    <mem type="tenure" free="28096864" total="46137344" percent="60" micro-fragmented="79501" macro-fragmented="0">
      <mem type="soa" free="27636064" total="45676544" percent="60" />
      <mem type="loa" free="460800" total="460800" percent="100" />
    </mem>
  </mem-info>
</gc-end>
<cycle-end id="4170" type="global" contextid="4163" timestamp="2019-08-04T20:02:48.341">
  <attribute name="GC Util" value="559" />
  <attribute name="CPU Util" value="1686666807510" />
  <attribute name="Time Running"value="115952"/>
  <attribute name="Number of cores"value="16"/>
</cycle-end>
<allocation-satisfied id="4171" threadId="0000000001BEEF00" bytesRequested="24" />
<af-end id="4172" timestamp="2019-08-04T20:02:48.341" threadId="0000000001BEF888" success="true" />
<exclusive-end id="4173" timestamp="2019-08-04T20:02:48.341" durationms="13.175" />

<exclusive-start id="4174" timestamp="2019-08-04T20:02:48.369" intervalms="41.583">
  <response-info timems="0.022" idlems="0.022" threads="0" lastid="0000000001BEEF00" lastname="main" />
</exclusive-start>
<af-start id="4175" threadId="0000000001BEF888" totalBytesRequested="16" timestamp="2019-08-04T20:02:48.369" intervalms="41.658" />
<cycle-start id="4176" type="global" contextid="0" timestamp="2019-08-04T20:02:48.369" intervalms="41.743" />
  <attribute name="GC Util" value="559" />
  <attribute name="CPU Util" value="1686666807510" />
  <attribute name="Time Running"value="115952"/>
  <attribute name="Number of cores"value="16"/>
<gc-start id="4177" type="global" contextid="4176" timestamp="2019-08-04T20:02:48.370">
  <mem-info id="4178" free="460800" total="46137344" percent="0">
    <mem type="tenure" free="460800" total="46137344" percent="0">
      <mem type="soa" free="0" total="45676544" percent="0" />
      <mem type="loa" free="460800" total="460800" percent="100" />
    </mem>
  </mem-info>
</gc-start>
<allocation-stats totalBytes="27634160" >
  <allocated-bytes non-tlh="0" tlh="27634160" />
  <largest-consumer threadName="main" threadId="0000000001BEEF00" bytes="27634160" />
</allocation-stats>
<gc-op id="4179" type="mark" timems="16.624" contextid="4176" timestamp="2019-08-04T20:02:48.386">
  <trace-info objectcount="596186" scancount="517198" scanbytes="13271280" />
  <finalization candidates="80" enqueued="0" />
  <ownableSynchronizers candidates="21" cleared="0" />
  <references type="soft" candidates="1843" cleared="0" enqueued="0" dynamicThreshold="19" maxThreshold="32" />
  <references type="weak" candidates="5768" cleared="0" enqueued="0" />
  <references type="phantom" candidates="97" cleared="0" enqueued="0" />
  <stringconstants candidates="13258" cleared="0"  />
</gc-op>
<gc-op id="4180" type="sweep" timems="4.473" contextid="4176" timestamp="2019-08-04T20:02:48.391" />
<gc-end id="4181" type="global" contextid="4176" durationms="21.265" usertimems="111.711" systemtimems="0.000" timestamp="2019-08-04T20:02:48.391" activeThreads="16">
  <mem-info id="4182" free="28096976" total="46137344" percent="60">
    <mem type="tenure" free="28096976" total="46137344" percent="60" micro-fragmented="79501" macro-fragmented="0">
      <mem type="soa" free="27636176" total="45676544" percent="60" />
      <mem type="loa" free="460800" total="460800" percent="100" />
    </mem>
  </mem-info>
</gc-end>
<cycle-end id="4183" type="global" contextid="4176" timestamp="2019-08-04T20:02:48.391">
  <attribute name="GC Util" value="598" />
  <attribute name="CPU Util" value="1109625756733" />
  <attribute name="Time Running"value="115999"/>
  <attribute name="Number of cores"value="16"/>
</cycle-end>
<allocation-satisfied id="4184" threadId="0000000001BEEF00" bytesRequested="16" />
<af-end id="4185" timestamp="2019-08-04T20:02:48.391" threadId="0000000001BEF888" success="true" />
<exclusive-end id="4186" timestamp="2019-08-04T20:02:48.391" durationms="21.662" />

<exclusive-start id="4187" timestamp="2019-08-04T20:02:48.410" intervalms="40.422">
  <response-info timems="0.023" idlems="0.023" threads="0" lastid="0000000001BEEF00" lastname="main" />
</exclusive-start>
<af-start id="4188" threadId="0000000001BEF888" totalBytesRequested="16" timestamp="2019-08-04T20:02:48.410" intervalms="40.361" />
<cycle-start id="4189" type="global" contextid="0" timestamp="2019-08-04T20:02:48.410" intervalms="40.275" />
  <attribute name="GC Util" value="598" />
  <attribute name="CPU Util" value="1109625756733" />
  <attribute name="Time Running"value="115999"/>
  <attribute name="Number of cores"value="16"/>
<gc-start id="4190" type="global" contextid="4189" timestamp="2019-08-04T20:02:48.410">
  <mem-info id="4191" free="460800" total="46137344" percent="0">
    <mem type="tenure" free="460800" total="46137344" percent="0">
      <mem type="soa" free="0" total="45676544" percent="0" />
      <mem type="loa" free="460800" total="460800" percent="100" />
    </mem>
  </mem-info>
</gc-start>
<allocation-stats totalBytes="27633880" >
  <allocated-bytes non-tlh="0" tlh="27633880" />
  <largest-consumer threadName="main" threadId="0000000001BEEF00" bytes="27633880" />
</allocation-stats>
<gc-op id="4192" type="mark" timems="8.833" contextid="4189" timestamp="2019-08-04T20:02:48.419">
  <trace-info objectcount="596189" scancount="517198" scanbytes="13271408" />
  <finalization candidates="80" enqueued="0" />
  <ownableSynchronizers candidates="21" cleared="0" />
  <references type="soft" candidates="1843" cleared="0" enqueued="0" dynamicThreshold="19" maxThreshold="32" />
  <references type="weak" candidates="5768" cleared="0" enqueued="0" />
  <references type="phantom" candidates="97" cleared="0" enqueued="0" />
  <stringconstants candidates="13258" cleared="0"  />
</gc-op>
<gc-op id="4193" type="sweep" timems="1.850" contextid="4189" timestamp="2019-08-04T20:02:48.421" />
<gc-end id="4194" type="global" contextid="4189" durationms="10.835" usertimems="62.588" systemtimems="0.000" timestamp="2019-08-04T20:02:48.421" activeThreads="16">
  <mem-info id="4195" free="28096728" total="46137344" percent="60">
    <mem type="tenure" free="28096728" total="46137344" percent="60" micro-fragmented="100256" macro-fragmented="0">
      <mem type="soa" free="27635928" total="45676544" percent="60" />
      <mem type="loa" free="460800" total="460800" percent="100" />
    </mem>
  </mem-info>
</gc-end>
<cycle-end id="4196" type="global" contextid="4189" timestamp="2019-08-04T20:02:48.421">
  <attribute name="GC Util" value="598" />
  <attribute name="CPU Util" value="2087531161839" />
  <attribute name="Time Running"value="116032"/>
  <attribute name="Number of cores"value="16"/>
</cycle-end>
<allocation-satisfied id="4197" threadId="0000000001BEEF00" bytesRequested="16" />
<af-end id="4198" timestamp="2019-08-04T20:02:48.421" threadId="0000000001BEF888" success="true" />
<exclusive-end id="4199" timestamp="2019-08-04T20:02:48.421" durationms="11.042" />

<exclusive-start id="4200" timestamp="2019-08-04T20:02:48.440" intervalms="30.073">
  <response-info timems="0.021" idlems="0.021" threads="0" lastid="0000000001BEEF00" lastname="main" />
</exclusive-start>
<af-start id="4201" threadId="0000000001BEF888" totalBytesRequested="32" timestamp="2019-08-04T20:02:48.440" intervalms="30.102" />
<cycle-start id="4202" type="global" contextid="0" timestamp="2019-08-04T20:02:48.440" intervalms="30.103" />
  <attribute name="GC Util" value="598" />
  <attribute name="CPU Util" value="2087531161839" />
  <attribute name="Time Running"value="116032"/>
  <attribute name="Number of cores"value="16"/>
<gc-start id="4203" type="global" contextid="4202" timestamp="2019-08-04T20:02:48.440">
  <mem-info id="4204" free="460800" total="46137344" percent="0">
    <mem type="tenure" free="460800" total="46137344" percent="0">
      <mem type="soa" free="0" total="45676544" percent="0" />
      <mem type="loa" free="460800" total="460800" percent="100" />
    </mem>
  </mem-info>
</gc-start>
<allocation-stats totalBytes="27633744" >
  <allocated-bytes non-tlh="0" tlh="27633744" />
  <largest-consumer threadName="main" threadId="0000000001BEEF00" bytes="27633744" />
</allocation-stats>
<gc-op id="4205" type="mark" timems="9.563" contextid="4202" timestamp="2019-08-04T20:02:48.450">
  <trace-info objectcount="596187" scancount="517196" scanbytes="13271356" />
  <finalization candidates="80" enqueued="0" />
  <ownableSynchronizers candidates="21" cleared="0" />
  <references type="soft" candidates="1843" cleared="0" enqueued="0" dynamicThreshold="19" maxThreshold="32" />
  <references type="weak" candidates="5768" cleared="0" enqueued="0" />
  <references type="phantom" candidates="97" cleared="0" enqueued="0" />
  <stringconstants candidates="13258" cleared="0"  />
</gc-op>
<gc-op id="4206" type="sweep" timems="1.868" contextid="4202" timestamp="2019-08-04T20:02:48.451" />
<gc-end id="4207" type="global" contextid="4202" durationms="11.563" usertimems="73.040" systemtimems="0.000" timestamp="2019-08-04T20:02:48.451" activeThreads="16">
  <mem-info id="4208" free="28096920" total="46137344" percent="60">
    <mem type="tenure" free="28096920" total="46137344" percent="60" micro-fragmented="100256" macro-fragmented="0">
      <mem type="soa" free="27636120" total="45676544" percent="60" />
      <mem type="loa" free="460800" total="460800" percent="100" />
    </mem>
  </mem-info>
</gc-end>
<cycle-end id="4209" type="global" contextid="4202" timestamp="2019-08-04T20:02:48.452">
  <attribute name="GC Util" value="656" />
  <attribute name="CPU Util" value="1932768897563" />
  <attribute name="Time Running"value="116063"/>
  <attribute name="Number of cores"value="16"/>
</cycle-end>
<allocation-satisfied id="4210" threadId="0000000001BEEF00" bytesRequested="32" />
<af-end id="4211" timestamp="2019-08-04T20:02:48.452" threadId="0000000001BEF888" success="true" />
<exclusive-end id="4212" timestamp="2019-08-04T20:02:48.452" durationms="11.838" />

<exclusive-start id="4213" timestamp="2019-08-04T20:02:48.520" intervalms="80.490">
  <response-info timems="0.020" idlems="0.020" threads="0" lastid="0000000001BEEF00" lastname="main" />
</exclusive-start>
<af-start id="4214" threadId="0000000001BEF888" totalBytesRequested="16" timestamp="2019-08-04T20:02:48.520" intervalms="80.461" />
<cycle-start id="4215" type="global" contextid="0" timestamp="2019-08-04T20:02:48.520" intervalms="80.462" />
  <attribute name="GC Util" value="656" />
  <attribute name="CPU Util" value="1932768897563" />
  <attribute name="Time Running"value="116063"/>
  <attribute name="Number of cores"value="16"/>
<gc-start id="4216" type="global" contextid="4215" timestamp="2019-08-04T20:02:48.520">
  <mem-info id="4217" free="460800" total="46137344" percent="0">
    <mem type="tenure" free="460800" total="46137344" percent="0">
      <mem type="soa" free="0" total="45676544" percent="0" />
      <mem type="loa" free="460800" total="460800" percent="100" />
    </mem>
  </mem-info>
</gc-start>
<allocation-stats totalBytes="27617664" >
  <allocated-bytes non-tlh="0" tlh="27617664" />
  <largest-consumer threadName="main" threadId="0000000001BEEF00" bytes="27617664" />
</allocation-stats>
<gc-op id="4218" type="mark" timems="17.646" contextid="4215" timestamp="2019-08-04T20:02:48.538">
  <trace-info objectcount="596202" scancount="517208" scanbytes="13271528" />
  <finalization candidates="80" enqueued="0" />
  <ownableSynchronizers candidates="21" cleared="0" />
  <references type="soft" candidates="1843" cleared="0" enqueued="0" dynamicThreshold="19" maxThreshold="32" />
  <references type="weak" candidates="5768" cleared="0" enqueued="0" />
  <references type="phantom" candidates="97" cleared="0" enqueued="0" />
  <stringconstants candidates="13258" cleared="0"  />
</gc-op>
<gc-op id="4219" type="sweep" timems="2.180" contextid="4215" timestamp="2019-08-04T20:02:48.540" />
<gc-end id="4220" type="global" contextid="4215" durationms="20.018" usertimems="147.060" systemtimems="0.000" timestamp="2019-08-04T20:02:48.540" activeThreads="16">
  <mem-info id="4221" free="28095744" total="46137344" percent="60">
    <mem type="tenure" free="28095744" total="46137344" percent="60" micro-fragmented="79501" macro-fragmented="0">
      <mem type="soa" free="27634944" total="45676544" percent="60" />
      <mem type="loa" free="460800" total="460800" percent="100" />
    </mem>
  </mem-info>
</gc-end>
<cycle-end id="4222" type="global" contextid="4215" timestamp="2019-08-04T20:02:48.540">
  <attribute name="GC Util" value="762" />
  <attribute name="CPU Util" value="1043654324861" />
  <attribute name="Time Running"value="116151"/>
  <attribute name="Number of cores"value="16"/>
</cycle-end>
<allocation-satisfied id="4223" threadId="0000000001BEEF00" bytesRequested="16" />
<af-end id="4224" timestamp="2019-08-04T20:02:48.540" threadId="0000000001BEF888" success="true" />
<exclusive-end id="4225" timestamp="2019-08-04T20:02:48.540" durationms="20.237" />

<exclusive-start id="4226" timestamp="2019-08-04T20:02:48.561" intervalms="40.916">
  <response-info timems="0.019" idlems="0.019" threads="0" lastid="0000000001BEEF00" lastname="main" />
</exclusive-start>
<af-start id="4227" threadId="0000000001BEF888" totalBytesRequested="520" timestamp="2019-08-04T20:02:48.561" intervalms="40.899" />
<cycle-start id="4228" type="global" contextid="0" timestamp="2019-08-04T20:02:48.561" intervalms="40.897" />
  <attribute name="GC Util" value="762" />
  <attribute name="CPU Util" value="1043654324861" />
  <attribute name="Time Running"value="116151"/>
  <attribute name="Number of cores"value="16"/>
<gc-start id="4229" type="global" contextid="4228" timestamp="2019-08-04T20:02:48.561">
  <mem-info id="4230" free="460800" total="46137344" percent="0">
    <mem type="tenure" free="460800" total="46137344" percent="0">
      <mem type="soa" free="0" total="45676544" percent="0" />
      <mem type="loa" free="460800" total="460800" percent="100" />
    </mem>
  </mem-info>
</gc-start>
<allocation-stats totalBytes="27604912" >
  <allocated-bytes non-tlh="0" tlh="27604912" />
  <largest-consumer threadName="main" threadId="0000000001BEEF00" bytes="27604912" />
</allocation-stats>
<gc-op id="4231" type="mark" timems="10.664" contextid="4228" timestamp="2019-08-04T20:02:48.572">
  <trace-info objectcount="596199" scancount="517205" scanbytes="13271480" />
  <finalization candidates="80" enqueued="0" />
  <ownableSynchronizers candidates="21" cleared="0" />
  <references type="soft" candidates="1843" cleared="0" enqueued="0" dynamicThreshold="19" maxThreshold="32" />
  <references type="weak" candidates="5768" cleared="0" enqueued="0" />
  <references type="phantom" candidates="97" cleared="0" enqueued="0" />
  <stringconstants candidates="13258" cleared="0"  />
</gc-op>
<gc-op id="4232" type="sweep" timems="1.717" contextid="4228" timestamp="2019-08-04T20:02:48.574" />
<gc-end id="4233" type="global" contextid="4228" durationms="12.506" usertimems="74.340" systemtimems="0.000" timestamp="2019-08-04T20:02:48.574" activeThreads="16">
  <mem-info id="4234" free="28095888" total="46137344" percent="60">
    <mem type="tenure" free="28095888" total="46137344" percent="60" micro-fragmented="79501" macro-fragmented="0">
      <mem type="soa" free="27635088" total="45676544" percent="60" />
      <mem type="loa" free="460800" total="460800" percent="100" />
    </mem>
  </mem-info>
</gc-end>
<cycle-end id="4235" type="global" contextid="4228" timestamp="2019-08-04T20:02:48.574">
  <attribute name="GC Util" value="596" />
  <attribute name="CPU Util" value="1726040069249" />
  <attribute name="Time Running"value="116185"/>
  <attribute name="Number of cores"value="16"/>
</cycle-end>
<allocation-satisfied id="4236" threadId="0000000001BEEF00" bytesRequested="520" />
<af-end id="4237" timestamp="2019-08-04T20:02:48.574" threadId="0000000001BEF888" success="true" />
<exclusive-end id="4238" timestamp="2019-08-04T20:02:48.574" durationms="12.753" />

<exclusive-start id="4239" timestamp="2019-08-04T20:02:48.594" intervalms="32.935">
  <response-info timems="0.024" idlems="0.024" threads="0" lastid="0000000001BEEF00" lastname="main" />
</exclusive-start>
<af-start id="4240" threadId="0000000001BEF888" totalBytesRequested="32" timestamp="2019-08-04T20:02:48.594" intervalms="32.938" />
<cycle-start id="4241" type="global" contextid="0" timestamp="2019-08-04T20:02:48.594" intervalms="32.949" />
  <attribute name="GC Util" value="596" />
  <attribute name="CPU Util" value="1726040069249" />
  <attribute name="Time Running"value="116185"/>
  <attribute name="Number of cores"value="16"/>
<gc-start id="4242" type="global" contextid="4241" timestamp="2019-08-04T20:02:48.594">
  <mem-info id="4243" free="460800" total="46137344" percent="0">
    <mem type="tenure" free="460800" total="46137344" percent="0">
      <mem type="soa" free="0" total="45676544" percent="0" />
      <mem type="loa" free="460800" total="460800" percent="100" />
    </mem>
  </mem-info>
</gc-start>
<allocation-stats totalBytes="27606064" >
  <allocated-bytes non-tlh="0" tlh="27606064" />
  <largest-consumer threadName="main" threadId="0000000001BEEF00" bytes="27606064" />
</allocation-stats>
<gc-op id="4244" type="mark" timems="9.499" contextid="4241" timestamp="2019-08-04T20:02:48.604">
  <trace-info objectcount="596201" scancount="517206" scanbytes="13271496" />
  <finalization candidates="80" enqueued="0" />
  <ownableSynchronizers candidates="21" cleared="0" />
  <references type="soft" candidates="1843" cleared="0" enqueued="0" dynamicThreshold="19" maxThreshold="32" />
  <references type="weak" candidates="5768" cleared="0" enqueued="0" />
  <references type="phantom" candidates="97" cleared="0" enqueued="0" />
  <stringconstants candidates="13258" cleared="0"  />
</gc-op>
<gc-op id="4245" type="sweep" timems="3.794" contextid="4241" timestamp="2019-08-04T20:02:48.608" />
<gc-end id="4246" type="global" contextid="4241" durationms="13.420" usertimems="66.363" systemtimems="0.000" timestamp="2019-08-04T20:02:48.608" activeThreads="16">
  <mem-info id="4247" free="28095776" total="46137344" percent="60">
    <mem type="tenure" free="28095776" total="46137344" percent="60" micro-fragmented="79501" macro-fragmented="0">
      <mem type="soa" free="27634976" total="45676544" percent="60" />
      <mem type="loa" free="460800" total="460800" percent="100" />
    </mem>
  </mem-info>
</gc-end>
<cycle-end id="4248" type="global" contextid="4241" timestamp="2019-08-04T20:02:48.608">
  <attribute name="GC Util" value="580" />
  <attribute name="CPU Util" value="1933845616361" />
  <attribute name="Time Running"value="116217"/>
  <attribute name="Number of cores"value="16"/>
</cycle-end>
<allocation-satisfied id="4249" threadId="0000000001BEEF00" bytesRequested="32" />
<af-end id="4250" timestamp="2019-08-04T20:02:48.608" threadId="0000000001BEF888" success="true" />
<exclusive-end id="4251" timestamp="2019-08-04T20:02:48.608" durationms="13.636" />

<exclusive-start id="4252" timestamp="2019-08-04T20:02:48.641" intervalms="46.882">
  <response-info timems="0.017" idlems="0.017" threads="0" lastid="0000000001BEEF00" lastname="main" />
</exclusive-start>
<af-start id="4253" threadId="0000000001BEF888" totalBytesRequested="32" timestamp="2019-08-04T20:02:48.641" intervalms="46.883" />
<cycle-start id="4254" type="global" contextid="0" timestamp="2019-08-04T20:02:48.641" intervalms="46.873" />
  <attribute name="GC Util" value="580" />
  <attribute name="CPU Util" value="1933845616361" />
  <attribute name="Time Running"value="116217"/>
  <attribute name="Number of cores"value="16"/>
<gc-start id="4255" type="global" contextid="4254" timestamp="2019-08-04T20:02:48.641">
  <mem-info id="4256" free="460800" total="46137344" percent="0">
    <mem type="tenure" free="460800" total="46137344" percent="0">
      <mem type="soa" free="0" total="45676544" percent="0" />
      <mem type="loa" free="460800" total="460800" percent="100" />
    </mem>
  </mem-info>
</gc-start>
<allocation-stats totalBytes="27613520" >
  <allocated-bytes non-tlh="0" tlh="27613520" />
  <largest-consumer threadName="main" threadId="0000000001BEEF00" bytes="27613520" />
</allocation-stats>
<gc-op id="4257" type="mark" timems="11.483" contextid="4254" timestamp="2019-08-04T20:02:48.653">
  <trace-info objectcount="596190" scancount="517202" scanbytes="13271356" />
  <finalization candidates="80" enqueued="0" />
  <ownableSynchronizers candidates="21" cleared="0" />
  <references type="soft" candidates="1843" cleared="0" enqueued="0" dynamicThreshold="19" maxThreshold="32" />
  <references type="weak" candidates="5768" cleared="0" enqueued="0" />
  <references type="phantom" candidates="97" cleared="0" enqueued="0" />
  <stringconstants candidates="13258" cleared="0"  />
</gc-op>
<gc-op id="4258" type="sweep" timems="3.201" contextid="4254" timestamp="2019-08-04T20:02:48.656" />
<gc-end id="4259" type="global" contextid="4254" durationms="14.843" usertimems="77.651" systemtimems="0.000" timestamp="2019-08-04T20:02:48.656" activeThreads="16">
  <mem-info id="4260" free="28096560" total="46137344" percent="60">
    <mem type="tenure" free="28096560" total="46137344" percent="60" micro-fragmented="79501" macro-fragmented="0">
      <mem type="soa" free="27635760" total="45676544" percent="60" />
      <mem type="loa" free="460800" total="460800" percent="100" />
    </mem>
  </mem-info>
</gc-end>
<cycle-end id="4261" type="global" contextid="4254" timestamp="2019-08-04T20:02:48.656">
  <attribute name="GC Util" value="564" />
  <attribute name="CPU Util" value="1614207688149" />
  <attribute name="Time Running"value="116266"/>
  <attribute name="Number of cores"value="16"/>
</cycle-end>
<allocation-satisfied id="4262" threadId="0000000001BEEF00" bytesRequested="32" />
<af-end id="4263" timestamp="2019-08-04T20:02:48.656" threadId="0000000001BEF888" success="true" />
<exclusive-end id="4264" timestamp="2019-08-04T20:02:48.656" durationms="15.037" />

<exclusive-start id="4265" timestamp="2019-08-04T20:02:48.674" intervalms="32.759">
  <response-info timems="0.024" idlems="0.024" threads="0" lastid="0000000001BEEF00" lastname="main" />
</exclusive-start>
<af-start id="4266" threadId="0000000001BEF888" totalBytesRequested="32" timestamp="2019-08-04T20:02:48.674" intervalms="32.772" />
<cycle-start id="4267" type="global" contextid="0" timestamp="2019-08-04T20:02:48.674" intervalms="32.786" />
  <attribute name="GC Util" value="564" />
  <attribute name="CPU Util" value="1614207688149" />
  <attribute name="Time Running"value="116266"/>
  <attribute name="Number of cores"value="16"/>
<gc-start id="4268" type="global" contextid="4267" timestamp="2019-08-04T20:02:48.674">
  <mem-info id="4269" free="460800" total="46137344" percent="0">
    <mem type="tenure" free="460800" total="46137344" percent="0">
      <mem type="soa" free="0" total="45676544" percent="0" />
      <mem type="loa" free="460800" total="460800" percent="100" />
    </mem>
  </mem-info>
</gc-start>
<allocation-stats totalBytes="27606024" >
  <allocated-bytes non-tlh="0" tlh="27606024" />
  <largest-consumer threadName="main" threadId="0000000001BEEF00" bytes="27606024" />
</allocation-stats>
<gc-op id="4270" type="mark" timems="9.588" contextid="4267" timestamp="2019-08-04T20:02:48.684">
  <trace-info objectcount="596191" scancount="517196" scanbytes="13271348" />
  <finalization candidates="80" enqueued="0" />
  <ownableSynchronizers candidates="21" cleared="0" />
  <references type="soft" candidates="1843" cleared="0" enqueued="0" dynamicThreshold="19" maxThreshold="32" />
  <references type="weak" candidates="5768" cleared="0" enqueued="0" />
  <references type="phantom" candidates="97" cleared="0" enqueued="0" />
  <stringconstants candidates="13258" cleared="0"  />
</gc-op>
<gc-op id="4271" type="sweep" timems="1.519" contextid="4267" timestamp="2019-08-04T20:02:48.685" />
<gc-end id="4272" type="global" contextid="4267" durationms="11.236" usertimems="54.512" systemtimems="0.000" timestamp="2019-08-04T20:02:48.685" activeThreads="16">
  <mem-info id="4273" free="28095544" total="46137344" percent="60">
    <mem type="tenure" free="28095544" total="46137344" percent="60" micro-fragmented="79501" macro-fragmented="0">
      <mem type="soa" free="27634744" total="45676544" percent="60" />
      <mem type="loa" free="460800" total="460800" percent="100" />
    </mem>
  </mem-info>
</gc-end>
<cycle-end id="4274" type="global" contextid="4267" timestamp="2019-08-04T20:02:48.685">
  <attribute name="GC Util" value="470" />
  <attribute name="CPU Util" value="1933729658783" />
  <attribute name="Time Running"value="116297"/>
  <attribute name="Number of cores"value="16"/>
</cycle-end>
<allocation-satisfied id="4275" threadId="0000000001BEEF00" bytesRequested="32" />
<af-end id="4276" timestamp="2019-08-04T20:02:48.685" threadId="0000000001BEF888" success="true" />
<exclusive-end id="4277" timestamp="2019-08-04T20:02:48.685" durationms="11.488" />

<exclusive-start id="4278" timestamp="2019-08-04T20:02:48.689" intervalms="15.001">
  <response-info timems="0.017" idlems="0.017" threads="0" lastid="0000000001BEEF00" lastname="main" />
</exclusive-start>
<af-start id="4279" threadId="0000000001BEF888" totalBytesRequested="32" timestamp="2019-08-04T20:02:48.689" intervalms="14.974" />
<cycle-start id="4280" type="global" contextid="0" timestamp="2019-08-04T20:02:48.689" intervalms="14.957" />
  <attribute name="GC Util" value="470" />
  <attribute name="CPU Util" value="1933729658783" />
  <attribute name="Time Running"value="116297"/>
  <attribute name="Number of cores"value="16"/>
<gc-start id="4281" type="global" contextid="4280" timestamp="2019-08-04T20:02:48.689">
  <mem-info id="4282" free="460800" total="46137344" percent="0">
    <mem type="tenure" free="460800" total="46137344" percent="0">
      <mem type="soa" free="0" total="45676544" percent="0" />
      <mem type="loa" free="460800" total="460800" percent="100" />
    </mem>
  </mem-info>
</gc-start>
<allocation-stats totalBytes="27575520" >
  <allocated-bytes non-tlh="0" tlh="27575520" />
  <largest-consumer threadName="main" threadId="0000000001BEEF00" bytes="27575520" />
</allocation-stats>
<gc-op id="4283" type="mark" timems="9.776" contextid="4280" timestamp="2019-08-04T20:02:48.699">
  <trace-info objectcount="596188" scancount="517197" scanbytes="13271300" />
  <finalization candidates="80" enqueued="0" />
  <ownableSynchronizers candidates="21" cleared="0" />
  <references type="soft" candidates="1843" cleared="0" enqueued="0" dynamicThreshold="19" maxThreshold="32" />
  <references type="weak" candidates="5768" cleared="0" enqueued="0" />
  <references type="phantom" candidates="97" cleared="0" enqueued="0" />
  <stringconstants candidates="13258" cleared="0"  />
</gc-op>
<gc-op id="4284" type="sweep" timems="3.196" contextid="4280" timestamp="2019-08-04T20:02:48.702" />
<gc-end id="4285" type="global" contextid="4280" durationms="13.109" usertimems="66.657" systemtimems="0.000" timestamp="2019-08-04T20:02:48.702" activeThreads="16">
  <mem-info id="4286" free="28096160" total="46137344" percent="60">
    <mem type="tenure" free="28096160" total="46137344" percent="60" micro-fragmented="79501" macro-fragmented="0">
      <mem type="soa" free="27635360" total="45676544" percent="60" />
      <mem type="loa" free="460800" total="460800" percent="100" />
    </mem>
  </mem-info>
</gc-end>
<cycle-end id="4287" type="global" contextid="4280" timestamp="2019-08-04T20:02:48.702">
  <attribute name="GC Util" value="532" />
  <attribute name="CPU Util" value="1880157525581" />
  <attribute name="Time Running"value="116312"/>
  <attribute name="Number of cores"value="16"/>
</cycle-end>
<allocation-satisfied id="4288" threadId="0000000001BEEF00" bytesRequested="32" />
<af-end id="4289" timestamp="2019-08-04T20:02:48.702" threadId="0000000001BEF888" success="true" />
<exclusive-end id="4290" timestamp="2019-08-04T20:02:48.702" durationms="13.321" />

<exclusive-start id="4291" timestamp="2019-08-04T20:02:48.707" intervalms="17.824">
  <response-info timems="0.025" idlems="0.025" threads="0" lastid="0000000001BEEF00" lastname="main" />
</exclusive-start>
<af-start id="4292" threadId="0000000001BEF888" totalBytesRequested="32" timestamp="2019-08-04T20:02:48.707" intervalms="17.834" />
<cycle-start id="4293" type="global" contextid="0" timestamp="2019-08-04T20:02:48.707" intervalms="17.837" />
  <attribute name="GC Util" value="532" />
  <attribute name="CPU Util" value="1880157525581" />
  <attribute name="Time Running"value="116312"/>
  <attribute name="Number of cores"value="16"/>
<gc-start id="4294" type="global" contextid="4293" timestamp="2019-08-04T20:02:48.707">
  <mem-info id="4295" free="460800" total="46137344" percent="0">
    <mem type="tenure" free="460800" total="46137344" percent="0">
      <mem type="soa" free="0" total="45676544" percent="0" />
      <mem type="loa" free="460800" total="460800" percent="100" />
    </mem>
  </mem-info>
</gc-start>
<allocation-stats totalBytes="27575472" >
  <allocated-bytes non-tlh="0" tlh="27575472" />
  <largest-consumer threadName="main" threadId="0000000001BEEF00" bytes="27575472" />
</allocation-stats>
<gc-op id="4296" type="mark" timems="9.191" contextid="4293" timestamp="2019-08-04T20:02:48.716">
  <trace-info objectcount="596188" scancount="517210" scanbytes="13271300" />
  <finalization candidates="80" enqueued="0" />
  <ownableSynchronizers candidates="21" cleared="0" />
  <references type="soft" candidates="1843" cleared="0" enqueued="0" dynamicThreshold="19" maxThreshold="32" />
  <references type="weak" candidates="5768" cleared="0" enqueued="0" />
  <references type="phantom" candidates="97" cleared="0" enqueued="0" />
  <stringconstants candidates="13258" cleared="0"  />
</gc-op>
<gc-op id="4297" type="sweep" timems="2.000" contextid="4293" timestamp="2019-08-04T20:02:48.718" />
<gc-end id="4298" type="global" contextid="4293" durationms="11.328" usertimems="62.382" systemtimems="0.000" timestamp="2019-08-04T20:02:48.718" activeThreads="16">
  <mem-info id="4299" free="28096160" total="46137344" percent="60">
    <mem type="tenure" free="28096160" total="46137344" percent="60" micro-fragmented="79501" macro-fragmented="0">
      <mem type="soa" free="27635360" total="45676544" percent="60" />
      <mem type="loa" free="460800" total="460800" percent="100" />
    </mem>
  </mem-info>
</gc-end>
<cycle-end id="4300" type="global" contextid="4293" timestamp="2019-08-04T20:02:48.718">
  <attribute name="GC Util" value="574" />
  <attribute name="CPU Util" value="1997373452337" />
  <attribute name="Time Running"value="116329"/>
  <attribute name="Number of cores"value="16"/>
</cycle-end>
<allocation-satisfied id="4301" threadId="0000000001BEEF00" bytesRequested="32" />
<af-end id="4302" timestamp="2019-08-04T20:02:48.718" threadId="0000000001BEF888" success="true" />
<exclusive-end id="4303" timestamp="2019-08-04T20:02:48.718" durationms="11.561" />

<exclusive-start id="4304" timestamp="2019-08-04T20:02:48.722" intervalms="15.283">
  <response-info timems="0.018" idlems="0.018" threads="0" lastid="0000000001BEEF00" lastname="main" />
</exclusive-start>
<af-start id="4305" threadId="0000000001BEF888" totalBytesRequested="32" timestamp="2019-08-04T20:02:48.722" intervalms="15.277" />
<cycle-start id="4306" type="global" contextid="0" timestamp="2019-08-04T20:02:48.722" intervalms="15.276" />
  <attribute name="GC Util" value="574" />
  <attribute name="CPU Util" value="1997373452337" />
  <attribute name="Time Running"value="116329"/>
  <attribute name="Number of cores"value="16"/>
<gc-start id="4307" type="global" contextid="4306" timestamp="2019-08-04T20:02:48.722">
  <mem-info id="4308" free="460800" total="46137344" percent="0">
    <mem type="tenure" free="460800" total="46137344" percent="0">
      <mem type="soa" free="0" total="45676544" percent="0" />
      <mem type="loa" free="460800" total="460800" percent="100" />
    </mem>
  </mem-info>
</gc-start>
<allocation-stats totalBytes="27575424" >
  <allocated-bytes non-tlh="0" tlh="27575424" />
  <largest-consumer threadName="main" threadId="0000000001BEEF00" bytes="27575424" />
</allocation-stats>
<gc-op id="4309" type="mark" timems="13.303" contextid="4306" timestamp="2019-08-04T20:02:48.735">
  <trace-info objectcount="596191" scancount="517195" scanbytes="13271348" />
  <finalization candidates="80" enqueued="0" />
  <ownableSynchronizers candidates="21" cleared="0" />
  <references type="soft" candidates="1843" cleared="0" enqueued="0" dynamicThreshold="19" maxThreshold="32" />
  <references type="weak" candidates="5768" cleared="0" enqueued="0" />
  <references type="phantom" candidates="97" cleared="0" enqueued="0" />
  <stringconstants candidates="13258" cleared="0"  />
</gc-op>
<gc-op id="4310" type="sweep" timems="1.363" contextid="4306" timestamp="2019-08-04T20:02:48.737" />
<gc-end id="4311" type="global" contextid="4306" durationms="14.800" usertimems="72.879" systemtimems="0.000" timestamp="2019-08-04T20:02:48.737" activeThreads="16">
  <mem-info id="4312" free="28095544" total="46137344" percent="60">
    <mem type="tenure" free="28095544" total="46137344" percent="60" micro-fragmented="79501" macro-fragmented="0">
      <mem type="soa" free="27634744" total="45676544" percent="60" />
      <mem type="loa" free="460800" total="460800" percent="100" />
    </mem>
  </mem-info>
</gc-end>
<cycle-end id="4313" type="global" contextid="4306" timestamp="2019-08-04T20:02:48.737">
  <attribute name="GC Util" value="471" />
  <attribute name="CPU Util" value="1387655367918" />
  <attribute name="Time Running"value="116348"/>
  <attribute name="Number of cores"value="16"/>
</cycle-end>
<allocation-satisfied id="4314" threadId="0000000001BEEF00" bytesRequested="32" />
<af-end id="4315" timestamp="2019-08-04T20:02:48.737" threadId="0000000001BEF888" success="true" />
<exclusive-end id="4316" timestamp="2019-08-04T20:02:48.737" durationms="14.992" />

<exclusive-start id="4317" timestamp="2019-08-04T20:02:48.741" intervalms="19.153">
  <response-info timems="0.025" idlems="0.025" threads="0" lastid="0000000001BEEF00" lastname="main" />
</exclusive-start>
<af-start id="4318" threadId="0000000001BEF888" totalBytesRequested="32" timestamp="2019-08-04T20:02:48.741" intervalms="19.166" />
<cycle-start id="4319" type="global" contextid="0" timestamp="2019-08-04T20:02:48.741" intervalms="19.167" />
  <attribute name="GC Util" value="471" />
  <attribute name="CPU Util" value="1387655367918" />
  <attribute name="Time Running"value="116348"/>
  <attribute name="Number of cores"value="16"/>
<gc-start id="4320" type="global" contextid="4319" timestamp="2019-08-04T20:02:48.741">
  <mem-info id="4321" free="460800" total="46137344" percent="0">
    <mem type="tenure" free="460800" total="46137344" percent="0">
      <mem type="soa" free="0" total="45676544" percent="0" />
      <mem type="loa" free="460800" total="460800" percent="100" />
    </mem>
  </mem-info>
</gc-start>
<allocation-stats totalBytes="27575472" >
  <allocated-bytes non-tlh="0" tlh="27575472" />
  <largest-consumer threadName="main" threadId="0000000001BEEF00" bytes="27575472" />
</allocation-stats>
<gc-op id="4322" type="mark" timems="13.939" contextid="4319" timestamp="2019-08-04T20:02:48.755">
  <trace-info objectcount="596191" scancount="517197" scanbytes="13271348" />
  <finalization candidates="80" enqueued="0" />
  <ownableSynchronizers candidates="21" cleared="0" />
  <references type="soft" candidates="1843" cleared="0" enqueued="0" dynamicThreshold="19" maxThreshold="32" />
  <references type="weak" candidates="5768" cleared="0" enqueued="0" />
  <references type="phantom" candidates="97" cleared="0" enqueued="0" />
  <stringconstants candidates="13258" cleared="0"  />
</gc-op>
<gc-op id="4323" type="sweep" timems="1.941" contextid="4319" timestamp="2019-08-04T20:02:48.757" />
<gc-end id="4324" type="global" contextid="4319" durationms="16.126" usertimems="66.273" systemtimems="0.000" timestamp="2019-08-04T20:02:48.757" activeThreads="16">
  <mem-info id="4325" free="28095544" total="46137344" percent="60">
    <mem type="tenure" free="28095544" total="46137344" percent="60" micro-fragmented="79501" macro-fragmented="0">
      <mem type="soa" free="27634744" total="45676544" percent="60" />
      <mem type="loa" free="460800" total="460800" percent="100" />
    </mem>
  </mem-info>
</gc-end>
<cycle-end id="4326" type="global" contextid="4319" timestamp="2019-08-04T20:02:48.757">
  <attribute name="GC Util" value="391" />
  <attribute name="CPU Util" value="1320162949572" />
  <attribute name="Time Running"value="116368"/>
  <attribute name="Number of cores"value="16"/>
</cycle-end>
<allocation-satisfied id="4327" threadId="0000000001BEEF00" bytesRequested="32" />
<af-end id="4328" timestamp="2019-08-04T20:02:48.757" threadId="0000000001BEF888" success="true" />
<exclusive-end id="4329" timestamp="2019-08-04T20:02:48.757" durationms="16.369" />

<exclusive-start id="4330" timestamp="2019-08-04T20:02:48.761" intervalms="19.830">
  <response-info timems="0.019" idlems="0.019" threads="0" lastid="0000000001BEEF00" lastname="main" />
</exclusive-start>
<af-start id="4331" threadId="0000000001BEF888" totalBytesRequested="32" timestamp="2019-08-04T20:02:48.761" intervalms="19.820" />
<cycle-start id="4332" type="global" contextid="0" timestamp="2019-08-04T20:02:48.761" intervalms="19.823" />
  <attribute name="GC Util" value="391" />
  <attribute name="CPU Util" value="1320162949572" />
  <attribute name="Time Running"value="116368"/>
  <attribute name="Number of cores"value="16"/>
<gc-start id="4333" type="global" contextid="4332" timestamp="2019-08-04T20:02:48.761">
  <mem-info id="4334" free="460800" total="46137344" percent="0">
    <mem type="tenure" free="460800" total="46137344" percent="0">
      <mem type="soa" free="0" total="45676544" percent="0" />
      <mem type="loa" free="460800" total="460800" percent="100" />
    </mem>
  </mem-info>
</gc-start>
<allocation-stats totalBytes="27572952" >
  <allocated-bytes non-tlh="0" tlh="27572952" />
  <largest-consumer threadName="main" threadId="0000000001BEEF00" bytes="27572952" />
</allocation-stats>
<gc-op id="4335" type="mark" timems="9.655" contextid="4332" timestamp="2019-08-04T20:02:48.771">
  <trace-info objectcount="596188" scancount="517196" scanbytes="13271300" />
  <finalization candidates="80" enqueued="0" />
  <ownableSynchronizers candidates="21" cleared="0" />
  <references type="soft" candidates="1843" cleared="0" enqueued="0" dynamicThreshold="19" maxThreshold="32" />
  <references type="weak" candidates="5768" cleared="0" enqueued="0" />
  <references type="phantom" candidates="97" cleared="0" enqueued="0" />
  <stringconstants candidates="13258" cleared="0"  />
</gc-op>
<gc-op id="4336" type="sweep" timems="1.916" contextid="4332" timestamp="2019-08-04T20:02:48.773" />
<gc-end id="4337" type="global" contextid="4332" durationms="11.712" usertimems="56.539" systemtimems="0.000" timestamp="2019-08-04T20:02:48.773" activeThreads="16">
  <mem-info id="4338" free="28096160" total="46137344" percent="60">
    <mem type="tenure" free="28096160" total="46137344" percent="60" micro-fragmented="79501" macro-fragmented="0">
      <mem type="soa" free="27635360" total="45676544" percent="60" />
      <mem type="loa" free="460800" total="460800" percent="100" />
    </mem>
  </mem-info>
</gc-end>
<cycle-end id="4339" type="global" contextid="4332" timestamp="2019-08-04T20:02:48.773">
  <attribute name="GC Util" value="503" />
  <attribute name="CPU Util" value="1907661019966" />
  <attribute name="Time Running"value="116384"/>
  <attribute name="Number of cores"value="16"/>
</cycle-end>
<allocation-satisfied id="4340" threadId="0000000001BEEF00" bytesRequested="32" />
<af-end id="4341" timestamp="2019-08-04T20:02:48.773" threadId="0000000001BEF888" success="true" />
<exclusive-end id="4342" timestamp="2019-08-04T20:02:48.773" durationms="11.934" />

<exclusive-start id="4343" timestamp="2019-08-04T20:02:48.776" intervalms="15.430">
  <response-info timems="0.021" idlems="0.021" threads="0" lastid="0000000001BEEF00" lastname="main" />
</exclusive-start>
<af-start id="4344" threadId="0000000001BEF888" totalBytesRequested="32" timestamp="2019-08-04T20:02:48.776" intervalms="15.430" />
<cycle-start id="4345" type="global" contextid="0" timestamp="2019-08-04T20:02:48.776" intervalms="15.428" />
  <attribute name="GC Util" value="503" />
  <attribute name="CPU Util" value="1907661019966" />
  <attribute name="Time Running"value="116384"/>
  <attribute name="Number of cores"value="16"/>
<gc-start id="4346" type="global" contextid="4345" timestamp="2019-08-04T20:02:48.776">
  <mem-info id="4347" free="460800" total="46137344" percent="0">
    <mem type="tenure" free="460800" total="46137344" percent="0">
      <mem type="soa" free="0" total="45676544" percent="0" />
      <mem type="loa" free="460800" total="460800" percent="100" />
    </mem>
  </mem-info>
</gc-start>
<allocation-stats totalBytes="27575472" >
  <allocated-bytes non-tlh="0" tlh="27575472" />
  <largest-consumer threadName="main" threadId="0000000001BEEF00" bytes="27575472" />
</allocation-stats>
<gc-op id="4348" type="mark" timems="9.548" contextid="4345" timestamp="2019-08-04T20:02:48.786">
  <trace-info objectcount="596188" scancount="517195" scanbytes="13271300" />
  <finalization candidates="80" enqueued="0" />
  <ownableSynchronizers candidates="21" cleared="0" />
  <references type="soft" candidates="1843" cleared="0" enqueued="0" dynamicThreshold="19" maxThreshold="32" />
  <references type="weak" candidates="5768" cleared="0" enqueued="0" />
  <references type="phantom" candidates="97" cleared="0" enqueued="0" />
  <stringconstants candidates="13258" cleared="0"  />
</gc-op>
<gc-op id="4349" type="sweep" timems="1.637" contextid="4345" timestamp="2019-08-04T20:02:48.788" />
<gc-end id="4350" type="global" contextid="4345" durationms="11.304" usertimems="53.745" systemtimems="0.000" timestamp="2019-08-04T20:02:48.788" activeThreads="16">
  <mem-info id="4351" free="28096160" total="46137344" percent="60">
    <mem type="tenure" free="28096160" total="46137344" percent="60" micro-fragmented="79501" macro-fragmented="0">
      <mem type="soa" free="27635360" total="45676544" percent="60" />
      <mem type="loa" free="460800" total="460800" percent="100" />
    </mem>
  </mem-info>
</gc-end>
<cycle-end id="4352" type="global" contextid="4345" timestamp="2019-08-04T20:02:48.788">
  <attribute name="GC Util" value="464" />
  <attribute name="CPU Util" value="1928643329745" />
  <attribute name="Time Running"value="116399"/>
  <attribute name="Number of cores"value="16"/>
</cycle-end>
<allocation-satisfied id="4353" threadId="0000000001BEEF00" bytesRequested="32" />
<af-end id="4354" timestamp="2019-08-04T20:02:48.788" threadId="0000000001BEF888" success="true" />
<exclusive-end id="4355" timestamp="2019-08-04T20:02:48.788" durationms="11.537" />

<exclusive-start id="4356" timestamp="2019-08-04T20:02:48.805" intervalms="28.580">
  <response-info timems="0.021" idlems="0.021" threads="0" lastid="0000000001BEEF00" lastname="main" />
</exclusive-start>
<af-start id="4357" threadId="0000000001BEF888" totalBytesRequested="440" timestamp="2019-08-04T20:02:48.805" intervalms="28.588" />
<cycle-start id="4358" type="global" contextid="0" timestamp="2019-08-04T20:02:48.805" intervalms="28.594" />
  <attribute name="GC Util" value="464" />
  <attribute name="CPU Util" value="1928643329745" />
  <attribute name="Time Running"value="116399"/>
  <attribute name="Number of cores"value="16"/>
<gc-start id="4359" type="global" contextid="4358" timestamp="2019-08-04T20:02:48.805">
  <mem-info id="4360" free="460800" total="46137344" percent="0">
    <mem type="tenure" free="460800" total="46137344" percent="0">
      <mem type="soa" free="0" total="45676544" percent="0" />
      <mem type="loa" free="460800" total="460800" percent="100" />
    </mem>
  </mem-info>
</gc-start>
<allocation-stats totalBytes="27582528" >
  <allocated-bytes non-tlh="0" tlh="27582528" />
  <largest-consumer threadName="main" threadId="0000000001BEEF00" bytes="27582528" />
</allocation-stats>
<gc-op id="4361" type="mark" timems="9.058" contextid="4358" timestamp="2019-08-04T20:02:48.814">
  <trace-info objectcount="596191" scancount="517202" scanbytes="13271488" />
  <finalization candidates="80" enqueued="0" />
  <ownableSynchronizers candidates="21" cleared="0" />
  <references type="soft" candidates="1843" cleared="0" enqueued="0" dynamicThreshold="19" maxThreshold="32" />
  <references type="weak" candidates="5768" cleared="0" enqueued="0" />
  <references type="phantom" candidates="97" cleared="0" enqueued="0" />
  <stringconstants candidates="13258" cleared="0"  />
</gc-op>
<gc-op id="4362" type="sweep" timems="1.613" contextid="4358" timestamp="2019-08-04T20:02:48.816" />
<gc-end id="4363" type="global" contextid="4358" durationms="10.801" usertimems="60.230" systemtimems="0.000" timestamp="2019-08-04T20:02:48.816" activeThreads="16">
  <mem-info id="4364" free="28096408" total="46137344" percent="60">
    <mem type="tenure" free="28096408" total="46137344" percent="60" micro-fragmented="79501" macro-fragmented="0">
      <mem type="soa" free="27635608" total="45676544" percent="60" />
      <mem type="loa" free="460800" total="460800" percent="100" />
    </mem>
  </mem-info>
</gc-end>
<cycle-end id="4365" type="global" contextid="4358" timestamp="2019-08-04T20:02:48.816">
  <attribute name="GC Util" value="595" />
  <attribute name="CPU Util" value="2032358490795" />
  <attribute name="Time Running"value="116427"/>
  <attribute name="Number of cores"value="16"/>
</cycle-end>
<allocation-satisfied id="4366" threadId="0000000001BEEF00" bytesRequested="440" />
<af-end id="4367" timestamp="2019-08-04T20:02:48.816" threadId="0000000001BEF888" success="true" />
<exclusive-end id="4368" timestamp="2019-08-04T20:02:48.816" durationms="11.026" />

<exclusive-start id="4369" timestamp="2019-08-04T20:02:48.866" intervalms="61.502">
  <response-info timems="0.026" idlems="0.026" threads="0" lastid="0000000001BEEF00" lastname="main" />
</exclusive-start>
<af-start id="4370" threadId="0000000001BEF888" totalBytesRequested="16" timestamp="2019-08-04T20:02:48.866" intervalms="61.509" />
<cycle-start id="4371" type="global" contextid="0" timestamp="2019-08-04T20:02:48.866" intervalms="61.510" />
  <attribute name="GC Util" value="595" />
  <attribute name="CPU Util" value="2032358490795" />
  <attribute name="Time Running"value="116427"/>
  <attribute name="Number of cores"value="16"/>
<gc-start id="4372" type="global" contextid="4371" timestamp="2019-08-04T20:02:48.866">
  <mem-info id="4373" free="460800" total="46137344" percent="0">
    <mem type="tenure" free="460800" total="46137344" percent="0">
      <mem type="soa" free="0" total="45676544" percent="0" />
      <mem type="loa" free="460800" total="460800" percent="100" />
    </mem>
  </mem-info>
</gc-start>
<allocation-stats totalBytes="27598632" >
  <allocated-bytes non-tlh="0" tlh="27598632" />
  <largest-consumer threadName="main" threadId="0000000001BEEF00" bytes="27598632" />
</allocation-stats>
<gc-op id="4374" type="mark" timems="10.854" contextid="4371" timestamp="2019-08-04T20:02:48.877">
  <trace-info objectcount="596195" scancount="517206" scanbytes="13271536" />
  <finalization candidates="80" enqueued="0" />
  <ownableSynchronizers candidates="21" cleared="0" />
  <references type="soft" candidates="1843" cleared="0" enqueued="0" dynamicThreshold="19" maxThreshold="32" />
  <references type="weak" candidates="5768" cleared="0" enqueued="0" />
  <references type="phantom" candidates="97" cleared="0" enqueued="0" />
  <stringconstants candidates="13258" cleared="0"  />
</gc-op>
<gc-op id="4375" type="sweep" timems="1.874" contextid="4371" timestamp="2019-08-04T20:02:48.879" />
<gc-end id="4376" type="global" contextid="4371" durationms="12.873" usertimems="69.508" systemtimems="0.000" timestamp="2019-08-04T20:02:48.879" activeThreads="16">
  <mem-info id="4377" free="28096192" total="46137344" percent="60">
    <mem type="tenure" free="28096192" total="46137344" percent="60" micro-fragmented="79501" macro-fragmented="0">
      <mem type="soa" free="27635392" total="45676544" percent="60" />
      <mem type="loa" free="460800" total="460800" percent="100" />
    </mem>
  </mem-info>
</gc-end>
<cycle-end id="4378" type="global" contextid="4371" timestamp="2019-08-04T20:02:48.879">
  <attribute name="GC Util" value="550" />
  <attribute name="CPU Util" value="1700679108644" />
  <attribute name="Time Running"value="116491"/>
  <attribute name="Number of cores"value="16"/>
</cycle-end>
<allocation-satisfied id="4379" threadId="0000000001BEEF00" bytesRequested="16" />
<af-end id="4380" timestamp="2019-08-04T20:02:48.879" threadId="0000000001BEF888" success="true" />
<exclusive-end id="4381" timestamp="2019-08-04T20:02:48.879" durationms="13.099" />

<exclusive-start id="4382" timestamp="2019-08-04T20:02:48.910" intervalms="43.340">
  <response-info timems="0.017" idlems="0.017" threads="0" lastid="0000000001BEEF00" lastname="main" />
</exclusive-start>
<af-start id="4383" threadId="0000000001BEF888" totalBytesRequested="32" timestamp="2019-08-04T20:02:48.910" intervalms="43.327" />
<cycle-start id="4384" type="global" contextid="0" timestamp="2019-08-04T20:02:48.910" intervalms="43.319" />
  <attribute name="GC Util" value="550" />
  <attribute name="CPU Util" value="1700679108644" />
  <attribute name="Time Running"value="116491"/>
  <attribute name="Number of cores"value="16"/>
<gc-start id="4385" type="global" contextid="4384" timestamp="2019-08-04T20:02:48.910">
  <mem-info id="4386" free="460800" total="46137344" percent="0">
    <mem type="tenure" free="460800" total="46137344" percent="0">
      <mem type="soa" free="0" total="45676544" percent="0" />
      <mem type="loa" free="460800" total="460800" percent="100" />
    </mem>
  </mem-info>
</gc-start>
<allocation-stats totalBytes="27598024" >
  <allocated-bytes non-tlh="0" tlh="27598024" />
  <largest-consumer threadName="main" threadId="0000000001BEEF00" bytes="27598024" />
</allocation-stats>
<gc-op id="4387" type="mark" timems="10.282" contextid="4384" timestamp="2019-08-04T20:02:48.920">
  <trace-info objectcount="596194" scancount="517210" scanbytes="13272108" />
  <finalization candidates="80" enqueued="0" />
  <ownableSynchronizers candidates="21" cleared="0" />
  <references type="soft" candidates="1843" cleared="0" enqueued="0" dynamicThreshold="19" maxThreshold="32" />
  <references type="weak" candidates="5768" cleared="0" enqueued="0" />
  <references type="phantom" candidates="97" cleared="0" enqueued="0" />
  <stringconstants candidates="13258" cleared="0"  />
</gc-op>
<gc-op id="4388" type="sweep" timems="1.885" contextid="4384" timestamp="2019-08-04T20:02:48.922" />
<gc-end id="4389" type="global" contextid="4384" durationms="12.294" usertimems="70.993" systemtimems="0.000" timestamp="2019-08-04T20:02:48.922" activeThreads="16">
  <mem-info id="4390" free="28096216" total="46137344" percent="60">
    <mem type="tenure" free="28096216" total="46137344" percent="60" micro-fragmented="79501" macro-fragmented="0">
      <mem type="soa" free="27635416" total="45676544" percent="60" />
      <mem type="loa" free="460800" total="460800" percent="100" />
    </mem>
  </mem-info>
</gc-end>
<cycle-end id="4391" type="global" contextid="4384" timestamp="2019-08-04T20:02:48.922">
  <attribute name="GC Util" value="584" />
  <attribute name="CPU Util" value="1788368537257" />
  <attribute name="Time Running"value="116533"/>
  <attribute name="Number of cores"value="16"/>
</cycle-end>
<allocation-satisfied id="4392" threadId="0000000001BEEF00" bytesRequested="32" />
<af-end id="4393" timestamp="2019-08-04T20:02:48.922" threadId="0000000001BEF888" success="true" />
<exclusive-end id="4394" timestamp="2019-08-04T20:02:48.922" durationms="12.535" />

<exclusive-start id="4395" timestamp="2019-08-04T20:02:48.929" intervalms="19.377">
  <response-info timems="0.017" idlems="0.017" threads="0" lastid="0000000001BEEF00" lastname="main" />
</exclusive-start>
<af-start id="4396" threadId="0000000001BEF888" totalBytesRequested="32" timestamp="2019-08-04T20:02:48.929" intervalms="19.372" />
<cycle-start id="4397" type="global" contextid="0" timestamp="2019-08-04T20:02:48.929" intervalms="19.371" />
  <attribute name="GC Util" value="584" />
  <attribute name="CPU Util" value="1788368537257" />
  <attribute name="Time Running"value="116533"/>
  <attribute name="Number of cores"value="16"/>
<gc-start id="4398" type="global" contextid="4397" timestamp="2019-08-04T20:02:48.929">
  <mem-info id="4399" free="460800" total="46137344" percent="0">
    <mem type="tenure" free="460800" total="46137344" percent="0">
      <mem type="soa" free="0" total="45676544" percent="0" />
      <mem type="loa" free="460800" total="460800" percent="100" />
    </mem>
  </mem-info>
</gc-start>
<allocation-stats totalBytes="27603168" >
  <allocated-bytes non-tlh="0" tlh="27603168" />
  <largest-consumer threadName="main" threadId="0000000001BEEF00" bytes="27603168" />
</allocation-stats>
<gc-op id="4400" type="mark" timems="11.738" contextid="4397" timestamp="2019-08-04T20:02:48.941">
  <trace-info objectcount="596193" scancount="517207" scanbytes="13272016" />
  <finalization candidates="80" enqueued="0" />
  <ownableSynchronizers candidates="21" cleared="0" />
  <references type="soft" candidates="1843" cleared="0" enqueued="0" dynamicThreshold="19" maxThreshold="32" />
  <references type="weak" candidates="5768" cleared="0" enqueued="0" />
  <references type="phantom" candidates="97" cleared="0" enqueued="0" />
  <stringconstants candidates="13258" cleared="0"  />
</gc-op>
<gc-op id="4401" type="sweep" timems="1.834" contextid="4397" timestamp="2019-08-04T20:02:48.943" />
<gc-end id="4402" type="global" contextid="4397" durationms="13.722" usertimems="72.871" systemtimems="0.000" timestamp="2019-08-04T20:02:48.943" activeThreads="16">
  <mem-info id="4403" free="28096312" total="46137344" percent="60">
    <mem type="tenure" free="28096312" total="46137344" percent="60" micro-fragmented="79501" macro-fragmented="0">
      <mem type="soa" free="27635512" total="45676544" percent="60" />
      <mem type="loa" free="460800" total="460800" percent="100" />
    </mem>
  </mem-info>
</gc-end>
<cycle-end id="4404" type="global" contextid="4397" timestamp="2019-08-04T20:02:48.943">
  <attribute name="GC Util" value="527" />
  <attribute name="CPU Util" value="1570117128105" />
  <attribute name="Time Running"value="116554"/>
  <attribute name="Number of cores"value="16"/>
</cycle-end>
<allocation-satisfied id="4405" threadId="0000000001BEEF00" bytesRequested="32" />
<af-end id="4406" timestamp="2019-08-04T20:02:48.943" threadId="0000000001BEF888" success="true" />
<exclusive-end id="4407" timestamp="2019-08-04T20:02:48.943" durationms="13.909" />

<exclusive-start id="4408" timestamp="2019-08-04T20:02:48.950" intervalms="21.109">
  <response-info timems="0.021" idlems="0.021" threads="0" lastid="0000000001BEEF00" lastname="main" />
</exclusive-start>
<af-start id="4409" threadId="0000000001BEF888" totalBytesRequested="32" timestamp="2019-08-04T20:02:48.950" intervalms="21.116" />
<cycle-start id="4410" type="global" contextid="0" timestamp="2019-08-04T20:02:48.950" intervalms="21.118" />
  <attribute name="GC Util" value="527" />
  <attribute name="CPU Util" value="1570117128105" />
  <attribute name="Time Running"value="116554"/>
  <attribute name="Number of cores"value="16"/>
<gc-start id="4411" type="global" contextid="4410" timestamp="2019-08-04T20:02:48.950">
  <mem-info id="4412" free="460800" total="46137344" percent="0">
    <mem type="tenure" free="460800" total="46137344" percent="0">
      <mem type="soa" free="0" total="45676544" percent="0" />
      <mem type="loa" free="460800" total="460800" percent="100" />
    </mem>
  </mem-info>
</gc-start>
<allocation-stats totalBytes="27605712" >
  <allocated-bytes non-tlh="0" tlh="27605712" />
  <largest-consumer threadName="main" threadId="0000000001BEEF00" bytes="27605712" />
</allocation-stats>
<gc-op id="4413" type="mark" timems="17.168" contextid="4410" timestamp="2019-08-04T20:02:48.968">
  <trace-info objectcount="596193" scancount="517205" scanbytes="13272016" />
  <finalization candidates="80" enqueued="0" />
  <ownableSynchronizers candidates="21" cleared="0" />
  <references type="soft" candidates="1843" cleared="0" enqueued="0" dynamicThreshold="19" maxThreshold="32" />
  <references type="weak" candidates="5768" cleared="0" enqueued="0" />
  <references type="phantom" candidates="97" cleared="0" enqueued="0" />
  <stringconstants candidates="13258" cleared="0"  />
</gc-op>
<gc-op id="4414" type="sweep" timems="2.103" contextid="4410" timestamp="2019-08-04T20:02:48.970" />
<gc-end id="4415" type="global" contextid="4410" durationms="19.450" usertimems="130.486" systemtimems="0.000" timestamp="2019-08-04T20:02:48.970" activeThreads="16">
  <mem-info id="4416" free="28096312" total="46137344" percent="60">
    <mem type="tenure" free="28096312" total="46137344" percent="60" micro-fragmented="79501" macro-fragmented="0">
      <mem type="soa" free="27635512" total="45676544" percent="60" />
      <mem type="loa" free="460800" total="460800" percent="100" />
    </mem>
  </mem-info>
</gc-end>
<cycle-end id="4417" type="global" contextid="4410" timestamp="2019-08-04T20:02:48.970">
  <attribute name="GC Util" value="674" />
  <attribute name="CPU Util" value="1074706858115" />
  <attribute name="Time Running"value="116581"/>
  <attribute name="Number of cores"value="16"/>
</cycle-end>
<allocation-satisfied id="4418" threadId="0000000001BEEF00" bytesRequested="32" />
<af-end id="4419" timestamp="2019-08-04T20:02:48.970" threadId="0000000001BEF888" success="true" />
<exclusive-end id="4420" timestamp="2019-08-04T20:02:48.970" durationms="19.754" />

<exclusive-start id="4421" timestamp="2019-08-04T20:02:48.996" intervalms="45.547">
  <response-info timems="0.017" idlems="0.017" threads="0" lastid="0000000001BEEF00" lastname="main" />
</exclusive-start>
<af-start id="4422" threadId="0000000001BEF888" totalBytesRequested="1008" timestamp="2019-08-04T20:02:48.996" intervalms="45.544" />
<cycle-start id="4423" type="global" contextid="0" timestamp="2019-08-04T20:02:48.996" intervalms="45.545" />
  <attribute name="GC Util" value="674" />
  <attribute name="CPU Util" value="1074706858115" />
  <attribute name="Time Running"value="116581"/>
  <attribute name="Number of cores"value="16"/>
<gc-start id="4424" type="global" contextid="4423" timestamp="2019-08-04T20:02:48.996">
  <mem-info id="4425" free="460800" total="46137344" percent="0">
    <mem type="tenure" free="460800" total="46137344" percent="0">
      <mem type="soa" free="0" total="45676544" percent="0" />
      <mem type="loa" free="460800" total="460800" percent="100" />
    </mem>
  </mem-info>
</gc-start>
<allocation-stats totalBytes="27584600" >
  <allocated-bytes non-tlh="11064" tlh="27573536" />
  <largest-consumer threadName="main" threadId="0000000001BEEF00" bytes="27584600" />
</allocation-stats>
<gc-op id="4426" type="mark" timems="8.859" contextid="4423" timestamp="2019-08-04T20:02:49.005">
  <trace-info objectcount="596239" scancount="517235" scanbytes="13272680" />
  <finalization candidates="80" enqueued="0" />
  <ownableSynchronizers candidates="21" cleared="0" />
  <references type="soft" candidates="1849" cleared="0" enqueued="0" dynamicThreshold="19" maxThreshold="32" />
  <references type="weak" candidates="5768" cleared="0" enqueued="0" />
  <references type="phantom" candidates="97" cleared="0" enqueued="0" />
  <stringconstants candidates="13258" cleared="0"  />
</gc-op>
<gc-op id="4427" type="sweep" timems="1.544" contextid="4423" timestamp="2019-08-04T20:02:49.006" />
<gc-end id="4428" type="global" contextid="4423" durationms="10.531" usertimems="57.480" systemtimems="0.000" timestamp="2019-08-04T20:02:49.006" activeThreads="16">
  <mem-info id="4429" free="28074040" total="46137344" percent="60">
    <mem type="tenure" free="28074040" total="46137344" percent="60" micro-fragmented="81054" macro-fragmented="0">
      <mem type="soa" free="27613240" total="45676544" percent="60" />
      <mem type="loa" free="460800" total="460800" percent="100" />
    </mem>
  </mem-info>
</gc-end>
<cycle-end id="4430" type="global" contextid="4423" timestamp="2019-08-04T20:02:49.007">
  <attribute name="GC Util" value="565" />
  <attribute name="CPU Util" value="2139565162201" />
  <attribute name="Time Running"value="116618"/>
  <attribute name="Number of cores"value="16"/>
</cycle-end>
<allocation-satisfied id="4431" threadId="0000000001BEEF00" bytesRequested="1008" />
<af-end id="4432" timestamp="2019-08-04T20:02:49.007" threadId="0000000001BEF888" success="true" />
<exclusive-end id="4433" timestamp="2019-08-04T20:02:49.007" durationms="10.913" />

<exclusive-start id="4434" timestamp="2019-08-04T20:02:49.038" intervalms="42.606">
  <response-info timems="0.013" idlems="0.013" threads="0" lastid="0000000001BEEF00" lastname="main" />
</exclusive-start>
<af-start id="4435" threadId="0000000001BEF888" totalBytesRequested="1016" timestamp="2019-08-04T20:02:49.038" intervalms="42.607" />
<cycle-start id="4436" type="global" contextid="0" timestamp="2019-08-04T20:02:49.038" intervalms="42.700" />
  <attribute name="GC Util" value="565" />
  <attribute name="CPU Util" value="2139565162201" />
  <attribute name="Time Running"value="116618"/>
  <attribute name="Number of cores"value="16"/>
<gc-start id="4437" type="global" contextid="4436" timestamp="2019-08-04T20:02:49.039">
  <mem-info id="4438" free="460800" total="46137344" percent="0">
    <mem type="tenure" free="460800" total="46137344" percent="0">
      <mem type="soa" free="0" total="45676544" percent="0" />
      <mem type="loa" free="460800" total="460800" percent="100" />
    </mem>
  </mem-info>
</gc-start>
<allocation-stats totalBytes="27565016" >
  <allocated-bytes non-tlh="35248" tlh="27529768" />
  <largest-consumer threadName="main" threadId="0000000001BEEF00" bytes="27565016" />
</allocation-stats>
<gc-op id="4439" type="mark" timems="9.043" contextid="4436" timestamp="2019-08-04T20:02:49.048">
  <trace-info objectcount="596241" scancount="517239" scanbytes="13272680" />
  <finalization candidates="80" enqueued="0" />
  <ownableSynchronizers candidates="21" cleared="0" />
  <references type="soft" candidates="1849" cleared="0" enqueued="0" dynamicThreshold="19" maxThreshold="32" />
  <references type="weak" candidates="5768" cleared="0" enqueued="0" />
  <references type="phantom" candidates="97" cleared="0" enqueued="0" />
  <stringconstants candidates="13258" cleared="0"  />
</gc-op>
<gc-op id="4440" type="sweep" timems="2.004" contextid="4436" timestamp="2019-08-04T20:02:49.050" />
<gc-end id="4441" type="global" contextid="4436" durationms="11.229" usertimems="65.609" systemtimems="0.000" timestamp="2019-08-04T20:02:49.050" activeThreads="16">
  <mem-info id="4442" free="28072520" total="46137344" percent="60">
    <mem type="tenure" free="28072520" total="46137344" percent="60" micro-fragmented="81054" macro-fragmented="0">
      <mem type="soa" free="27611720" total="45676544" percent="60" />
      <mem type="loa" free="460800" total="460800" percent="100" />
    </mem>
  </mem-info>
</gc-end>
<cycle-end id="4443" type="global" contextid="4436" timestamp="2019-08-04T20:02:49.050">
  <attribute name="GC Util" value="612" />
  <attribute name="CPU Util" value="2052400123445" />
  <attribute name="Time Running"value="116661"/>
  <attribute name="Number of cores"value="16"/>
</cycle-end>
<allocation-satisfied id="4444" threadId="0000000001BEEF00" bytesRequested="1016" />
<af-end id="4445" timestamp="2019-08-04T20:02:49.050" threadId="0000000001BEF888" success="true" />
<exclusive-end id="4446" timestamp="2019-08-04T20:02:49.050" durationms="11.658" />

<exclusive-start id="4447" timestamp="2019-08-04T20:02:49.081" intervalms="43.069">
  <response-info timems="0.014" idlems="0.014" threads="0" lastid="0000000001BEEF00" lastname="main" />
</exclusive-start>
<af-start id="4448" threadId="0000000001BEF888" totalBytesRequested="1008" timestamp="2019-08-04T20:02:49.081" intervalms="43.066" />
<cycle-start id="4449" type="global" contextid="0" timestamp="2019-08-04T20:02:49.082" intervalms="43.058" />
  <attribute name="GC Util" value="612" />
  <attribute name="CPU Util" value="2052400123445" />
  <attribute name="Time Running"value="116661"/>
  <attribute name="Number of cores"value="16"/>
<gc-start id="4450" type="global" contextid="4449" timestamp="2019-08-04T20:02:49.082">
  <mem-info id="4451" free="460800" total="46137344" percent="0">
    <mem type="tenure" free="460800" total="46137344" percent="0">
      <mem type="soa" free="0" total="45676544" percent="0" />
      <mem type="loa" free="460800" total="460800" percent="100" />
    </mem>
  </mem-info>
</gc-start>
<allocation-stats totalBytes="27562856" >
  <allocated-bytes non-tlh="31272" tlh="27531584" />
  <largest-consumer threadName="main" threadId="0000000001BEEF00" bytes="27562856" />
</allocation-stats>
<gc-op id="4452" type="mark" timems="10.494" contextid="4449" timestamp="2019-08-04T20:02:49.092">
  <trace-info objectcount="596240" scancount="517235" scanbytes="13272704" />
  <finalization candidates="80" enqueued="0" />
  <ownableSynchronizers candidates="21" cleared="0" />
  <references type="soft" candidates="1849" cleared="0" enqueued="0" dynamicThreshold="19" maxThreshold="32" />
  <references type="weak" candidates="5768" cleared="0" enqueued="0" />
  <references type="phantom" candidates="97" cleared="0" enqueued="0" />
  <stringconstants candidates="13258" cleared="0"  />
</gc-op>
<gc-op id="4453" type="sweep" timems="2.266" contextid="4449" timestamp="2019-08-04T20:02:49.094" />
<gc-end id="4454" type="global" contextid="4449" durationms="12.895" usertimems="60.418" systemtimems="0.000" timestamp="2019-08-04T20:02:49.095" activeThreads="16">
  <mem-info id="4455" free="28074520" total="46137344" percent="60">
    <mem type="tenure" free="28074520" total="46137344" percent="60" micro-fragmented="81054" macro-fragmented="0">
      <mem type="soa" free="27613720" total="45676544" percent="60" />
      <mem type="loa" free="460800" total="460800" percent="100" />
    </mem>
  </mem-info>
</gc-end>
<cycle-end id="4456" type="global" contextid="4449" timestamp="2019-08-04T20:02:49.095">
  <attribute name="GC Util" value="498" />
  <attribute name="CPU Util" value="1755260067046" />
  <attribute name="Time Running"value="116705"/>
  <attribute name="Number of cores"value="16"/>
</cycle-end>
<allocation-satisfied id="4457" threadId="0000000001BEEF00" bytesRequested="1008" />
<af-end id="4458" timestamp="2019-08-04T20:02:49.095" threadId="0000000001BEF888" success="true" />
<exclusive-end id="4459" timestamp="2019-08-04T20:02:49.095" durationms="13.225" />

<exclusive-start id="4460" timestamp="2019-08-04T20:02:49.147" intervalms="65.275">
  <response-info timems="0.016" idlems="0.016" threads="0" lastid="0000000001BEEF00" lastname="main" />
</exclusive-start>
<af-start id="4461" threadId="0000000001BEF888" totalBytesRequested="80" timestamp="2019-08-04T20:02:49.147" intervalms="65.276" />
<cycle-start id="4462" type="global" contextid="0" timestamp="2019-08-04T20:02:49.147" intervalms="65.190" />
  <attribute name="GC Util" value="498" />
  <attribute name="CPU Util" value="1755260067046" />
  <attribute name="Time Running"value="116705"/>
  <attribute name="Number of cores"value="16"/>
<gc-start id="4463" type="global" contextid="4462" timestamp="2019-08-04T20:02:49.147">
  <mem-info id="4464" free="460800" total="46137344" percent="0">
    <mem type="tenure" free="460800" total="46137344" percent="0">
      <mem type="soa" free="0" total="45676544" percent="0" />
      <mem type="loa" free="460800" total="460800" percent="100" />
    </mem>
  </mem-info>
</gc-start>
<allocation-stats totalBytes="27599736" >
  <allocated-bytes non-tlh="25208" tlh="27574528" />
  <largest-consumer threadName="main" threadId="0000000001BEEF00" bytes="27599736" />
</allocation-stats>
<gc-op id="4465" type="mark" timems="9.243" contextid="4462" timestamp="2019-08-04T20:02:49.156">
  <trace-info objectcount="596228" scancount="517230" scanbytes="13272576" />
  <finalization candidates="80" enqueued="0" />
  <ownableSynchronizers candidates="21" cleared="0" />
  <references type="soft" candidates="1849" cleared="0" enqueued="0" dynamicThreshold="19" maxThreshold="32" />
  <references type="weak" candidates="5768" cleared="0" enqueued="0" />
  <references type="phantom" candidates="97" cleared="0" enqueued="0" />
  <stringconstants candidates="13258" cleared="0"  />
</gc-op>
<gc-op id="4466" type="sweep" timems="2.286" contextid="4462" timestamp="2019-08-04T20:02:49.158" />
<gc-end id="4467" type="global" contextid="4462" durationms="11.653" usertimems="67.058" systemtimems="0.000" timestamp="2019-08-04T20:02:49.159" activeThreads="16">
  <mem-info id="4468" free="28077648" total="46137344" percent="60">
    <mem type="tenure" free="28077648" total="46137344" percent="60" micro-fragmented="81054" macro-fragmented="0">
      <mem type="soa" free="27616848" total="45676544" percent="60" />
      <mem type="loa" free="460800" total="460800" percent="100" />
    </mem>
  </mem-info>
</gc-end>
<cycle-end id="4469" type="global" contextid="4462" timestamp="2019-08-04T20:02:49.159">
  <attribute name="GC Util" value="598" />
  <attribute name="CPU Util" value="1967846266789" />
  <attribute name="Time Running"value="116769"/>
  <attribute name="Number of cores"value="16"/>
</cycle-end>
<allocation-satisfied id="4470" threadId="0000000001BEEF00" bytesRequested="80" />
<af-end id="4471" timestamp="2019-08-04T20:02:49.159" threadId="0000000001BEF888" success="true" />
<exclusive-end id="4472" timestamp="2019-08-04T20:02:49.159" durationms="11.976" />

<exclusive-start id="4473" timestamp="2019-08-04T20:02:49.200" intervalms="53.260">
  <response-info timems="0.013" idlems="0.013" threads="0" lastid="0000000001BEEF00" lastname="main" />
</exclusive-start>
<af-start id="4474" threadId="0000000001BEF888" totalBytesRequested="16" timestamp="2019-08-04T20:02:49.200" intervalms="53.258" />
<cycle-start id="4475" type="global" contextid="0" timestamp="2019-08-04T20:02:49.200" intervalms="53.255" />
  <attribute name="GC Util" value="598" />
  <attribute name="CPU Util" value="1967846266789" />
  <attribute name="Time Running"value="116769"/>
  <attribute name="Number of cores"value="16"/>
<gc-start id="4476" type="global" contextid="4475" timestamp="2019-08-04T20:02:49.200">
  <mem-info id="4477" free="460800" total="46137344" percent="0">
    <mem type="tenure" free="460800" total="46137344" percent="0">
      <mem type="soa" free="0" total="45676544" percent="0" />
      <mem type="loa" free="460800" total="460800" percent="100" />
    </mem>
  </mem-info>
</gc-start>
<allocation-stats totalBytes="27610464" >
  <allocated-bytes non-tlh="0" tlh="27610464" />
  <largest-consumer threadName="main" threadId="0000000001BEEF00" bytes="27610464" />
</allocation-stats>
<gc-op id="4478" type="mark" timems="10.784" contextid="4475" timestamp="2019-08-04T20:02:49.211">
  <trace-info objectcount="596227" scancount="517224" scanbytes="13272504" />
  <finalization candidates="80" enqueued="0" />
  <ownableSynchronizers candidates="21" cleared="0" />
  <references type="soft" candidates="1849" cleared="0" enqueued="0" dynamicThreshold="19" maxThreshold="32" />
  <references type="weak" candidates="5768" cleared="0" enqueued="0" />
  <references type="phantom" candidates="97" cleared="0" enqueued="0" />
  <stringconstants candidates="13258" cleared="0"  />
</gc-op>
<gc-op id="4479" type="sweep" timems="2.946" contextid="4475" timestamp="2019-08-04T20:02:49.214" />
<gc-end id="4480" type="global" contextid="4475" durationms="13.870" usertimems="68.888" systemtimems="0.000" timestamp="2019-08-04T20:02:49.214" activeThreads="16">
  <mem-info id="4481" free="28077720" total="46137344" percent="60">
    <mem type="tenure" free="28077720" total="46137344" percent="60" micro-fragmented="81054" macro-fragmented="0">
      <mem type="soa" free="27616920" total="45676544" percent="60" />
      <mem type="loa" free="460800" total="460800" percent="100" />
    </mem>
  </mem-info>
</gc-end>
<cycle-end id="4482" type="global" contextid="4475" timestamp="2019-08-04T20:02:49.214">
  <attribute name="GC Util" value="514" />
  <attribute name="CPU Util" value="1711438260156" />
  <attribute name="Time Running"value="116824"/>
  <attribute name="Number of cores"value="16"/>
</cycle-end>
<allocation-satisfied id="4483" threadId="0000000001BEEF00" bytesRequested="16" />
<af-end id="4484" timestamp="2019-08-04T20:02:49.214" threadId="0000000001BEF888" success="true" />
<exclusive-end id="4485" timestamp="2019-08-04T20:02:49.214" durationms="14.147" />

<exclusive-start id="4486" timestamp="2019-08-04T20:02:49.255" intervalms="55.020">
  <response-info timems="0.014" idlems="0.014" threads="0" lastid="0000000001BEEF00" lastname="main" />
</exclusive-start>
<af-start id="4487" threadId="0000000001BEF888" totalBytesRequested="80" timestamp="2019-08-04T20:02:49.255" intervalms="55.012" />
<cycle-start id="4488" type="global" contextid="0" timestamp="2019-08-04T20:02:49.255" intervalms="55.012" />
  <attribute name="GC Util" value="514" />
  <attribute name="CPU Util" value="1711438260156" />
  <attribute name="Time Running"value="116824"/>
  <attribute name="Number of cores"value="16"/>
<gc-start id="4489" type="global" contextid="4488" timestamp="2019-08-04T20:02:49.255">
  <mem-info id="4490" free="460800" total="46137344" percent="0">
    <mem type="tenure" free="460800" total="46137344" percent="0">
      <mem type="soa" free="0" total="45676544" percent="0" />
      <mem type="loa" free="460800" total="460800" percent="100" />
    </mem>
  </mem-info>
</gc-start>
<allocation-stats totalBytes="27609816" >
  <allocated-bytes non-tlh="0" tlh="27609816" />
  <largest-consumer threadName="main" threadId="0000000001BEEF00" bytes="27609816" />
</allocation-stats>
<gc-op id="4491" type="mark" timems="9.642" contextid="4488" timestamp="2019-08-04T20:02:49.265">
  <trace-info objectcount="596229" scancount="517235" scanbytes="13272600" />
  <finalization candidates="80" enqueued="0" />
  <ownableSynchronizers candidates="21" cleared="0" />
  <references type="soft" candidates="1849" cleared="0" enqueued="0" dynamicThreshold="19" maxThreshold="32" />
  <references type="weak" candidates="5768" cleared="0" enqueued="0" />
  <references type="phantom" candidates="97" cleared="0" enqueued="0" />
  <stringconstants candidates="13258" cleared="0"  />
</gc-op>
<gc-op id="4492" type="sweep" timems="2.314" contextid="4488" timestamp="2019-08-04T20:02:49.267" />
<gc-end id="4493" type="global" contextid="4488" durationms="12.093" usertimems="75.186" systemtimems="0.000" timestamp="2019-08-04T20:02:49.267" activeThreads="16">
  <mem-info id="4494" free="28077624" total="46137344" percent="60">
    <mem type="tenure" free="28077624" total="46137344" percent="60" micro-fragmented="81054" macro-fragmented="0">
      <mem type="soa" free="27616824" total="45676544" percent="60" />
      <mem type="loa" free="460800" total="460800" percent="100" />
    </mem>
  </mem-info>
</gc-end>
<cycle-end id="4495" type="global" contextid="4488" timestamp="2019-08-04T20:02:49.267">
  <attribute name="GC Util" value="650" />
  <attribute name="CPU Util" value="1911589429562" />
  <attribute name="Time Running"value="116878"/>
  <attribute name="Number of cores"value="16"/>
</cycle-end>
<allocation-satisfied id="4496" threadId="0000000001BEEF00" bytesRequested="80" />
<af-end id="4497" timestamp="2019-08-04T20:02:49.267" threadId="0000000001BEF888" success="true" />
<exclusive-end id="4498" timestamp="2019-08-04T20:02:49.267" durationms="12.288" />

<exclusive-start id="4499" timestamp="2019-08-04T20:02:49.308" intervalms="53.002">
  <response-info timems="0.022" idlems="0.022" threads="0" lastid="0000000001BEEF00" lastname="main" />
</exclusive-start>
<af-start id="4500" threadId="0000000001BEF888" totalBytesRequested="40" timestamp="2019-08-04T20:02:49.308" intervalms="53.001" />
<cycle-start id="4501" type="global" contextid="0" timestamp="2019-08-04T20:02:49.308" intervalms="52.999" />
  <attribute name="GC Util" value="650" />
  <attribute name="CPU Util" value="1911589429562" />
  <attribute name="Time Running"value="116878"/>
  <attribute name="Number of cores"value="16"/>
<gc-start id="4502" type="global" contextid="4501" timestamp="2019-08-04T20:02:49.308">
  <mem-info id="4503" free="460800" total="46137344" percent="0">
    <mem type="tenure" free="460800" total="46137344" percent="0">
      <mem type="soa" free="0" total="45676544" percent="0" />
      <mem type="loa" free="460800" total="460800" percent="100" />
    </mem>
  </mem-info>
</gc-start>
<allocation-stats totalBytes="27610232" >
  <allocated-bytes non-tlh="0" tlh="27610232" />
  <largest-consumer threadName="main" threadId="0000000001BEEF00" bytes="27610232" />
</allocation-stats>
<gc-op id="4504" type="mark" timems="8.382" contextid="4501" timestamp="2019-08-04T20:02:49.316">
  <trace-info objectcount="596231" scancount="517238" scanbytes="13272692" />
  <finalization candidates="80" enqueued="0" />
  <ownableSynchronizers candidates="21" cleared="0" />
  <references type="soft" candidates="1849" cleared="0" enqueued="0" dynamicThreshold="19" maxThreshold="32" />
  <references type="weak" candidates="5768" cleared="0" enqueued="0" />
  <references type="phantom" candidates="97" cleared="0" enqueued="0" />
  <stringconstants candidates="13258" cleared="0"  />
</gc-op>
<gc-op id="4505" type="sweep" timems="1.851" contextid="4501" timestamp="2019-08-04T20:02:49.318" />
<gc-end id="4506" type="global" contextid="4501" durationms="10.468" usertimems="59.654" systemtimems="0.000" timestamp="2019-08-04T20:02:49.318" activeThreads="16">
  <mem-info id="4507" free="28077528" total="46137344" percent="60">
    <mem type="tenure" free="28077528" total="46137344" percent="60" micro-fragmented="81054" macro-fragmented="0">
      <mem type="soa" free="27616728" total="45676544" percent="60" />
      <mem type="loa" free="460800" total="460800" percent="100" />
    </mem>
  </mem-info>
</gc-end>
<cycle-end id="4508" type="global" contextid="4501" timestamp="2019-08-04T20:02:49.319">
  <attribute name="GC Util" value="595" />
  <attribute name="CPU Util" value="2198178753574" />
  <attribute name="Time Running"value="116930"/>
  <attribute name="Number of cores"value="16"/>
</cycle-end>
<allocation-satisfied id="4509" threadId="0000000001BEEF00" bytesRequested="40" />
<af-end id="4510" timestamp="2019-08-04T20:02:49.319" threadId="0000000001BEF888" success="true" />
<exclusive-end id="4511" timestamp="2019-08-04T20:02:49.319" durationms="10.614" />

<exclusive-start id="4512" timestamp="2019-08-04T20:02:49.359" intervalms="51.192">
  <response-info timems="0.014" idlems="0.014" threads="0" lastid="0000000001BEEF00" lastname="main" />
</exclusive-start>
<af-start id="4513" threadId="0000000001BEF888" totalBytesRequested="80" timestamp="2019-08-04T20:02:49.359" intervalms="51.193" />
<cycle-start id="4514" type="global" contextid="0" timestamp="2019-08-04T20:02:49.359" intervalms="51.194" />
  <attribute name="GC Util" value="595" />
  <attribute name="CPU Util" value="2198178753574" />
  <attribute name="Time Running"value="116930"/>
  <attribute name="Number of cores"value="16"/>
<gc-start id="4515" type="global" contextid="4514" timestamp="2019-08-04T20:02:49.359">
  <mem-info id="4516" free="460800" total="46137344" percent="0">
    <mem type="tenure" free="460800" total="46137344" percent="0">
      <mem type="soa" free="0" total="45676544" percent="0" />
      <mem type="loa" free="460800" total="460800" percent="100" />
    </mem>
  </mem-info>
</gc-start>
<allocation-stats totalBytes="27609360" >
  <allocated-bytes non-tlh="0" tlh="27609360" />
  <largest-consumer threadName="main" threadId="0000000001BEEF00" bytes="27609360" />
</allocation-stats>
<gc-op id="4517" type="mark" timems="10.891" contextid="4514" timestamp="2019-08-04T20:02:49.370">
  <trace-info objectcount="596239" scancount="517243" scanbytes="13272932" />
  <finalization candidates="80" enqueued="0" />
  <ownableSynchronizers candidates="21" cleared="0" />
  <references type="soft" candidates="1849" cleared="0" enqueued="0" dynamicThreshold="19" maxThreshold="32" />
  <references type="weak" candidates="5768" cleared="0" enqueued="0" />
  <references type="phantom" candidates="97" cleared="0" enqueued="0" />
  <stringconstants candidates="13258" cleared="0"  />
</gc-op>
<gc-op id="4518" type="sweep" timems="1.951" contextid="4514" timestamp="2019-08-04T20:02:49.372" />
<gc-end id="4519" type="global" contextid="4514" durationms="12.967" usertimems="85.436" systemtimems="0.000" timestamp="2019-08-04T20:02:49.372" activeThreads="16">
  <mem-info id="4520" free="28077152" total="46137344" percent="60">
    <mem type="tenure" free="28077152" total="46137344" percent="60" micro-fragmented="81054" macro-fragmented="0">
      <mem type="soa" free="27616352" total="45676544" percent="60" />
      <mem type="loa" free="460800" total="460800" percent="100" />
    </mem>
  </mem-info>
</gc-end>
<cycle-end id="4521" type="global" contextid="4514" timestamp="2019-08-04T20:02:49.372">
  <attribute name="GC Util" value="667" />
  <attribute name="CPU Util" value="1684486789725" />
  <attribute name="Time Running"value="116983"/>
  <attribute name="Number of cores"value="16"/>
</cycle-end>
<allocation-satisfied id="4522" threadId="0000000001BEEF00" bytesRequested="80" />
<af-end id="4523" timestamp="2019-08-04T20:02:49.372" threadId="0000000001BEF888" success="true" />
<exclusive-end id="4524" timestamp="2019-08-04T20:02:49.372" durationms="13.130" />

<exclusive-start id="4525" timestamp="2019-08-04T20:02:49.413" intervalms="54.119">
  <response-info timems="0.013" idlems="0.013" threads="0" lastid="0000000001BEEF00" lastname="main" />
</exclusive-start>
<af-start id="4526" threadId="0000000001BEF888" totalBytesRequested="80" timestamp="2019-08-04T20:02:49.413" intervalms="54.118" />
<cycle-start id="4527" type="global" contextid="0" timestamp="2019-08-04T20:02:49.413" intervalms="54.120" />
  <attribute name="GC Util" value="667" />
  <attribute name="CPU Util" value="1684486789725" />
  <attribute name="Time Running"value="116983"/>
  <attribute name="Number of cores"value="16"/>
<gc-start id="4528" type="global" contextid="4527" timestamp="2019-08-04T20:02:49.413">
  <mem-info id="4529" free="460800" total="46137344" percent="0">
    <mem type="tenure" free="460800" total="46137344" percent="0">
      <mem type="soa" free="0" total="45676544" percent="0" />
      <mem type="loa" free="460800" total="460800" percent="100" />
    </mem>
  </mem-info>
</gc-start>
<allocation-stats totalBytes="27608936" >
  <allocated-bytes non-tlh="0" tlh="27608936" />
  <largest-consumer threadName="main" threadId="0000000001BEEF00" bytes="27608936" />
</allocation-stats>
<gc-op id="4530" type="mark" timems="8.556" contextid="4527" timestamp="2019-08-04T20:02:49.422">
  <trace-info objectcount="596231" scancount="517237" scanbytes="13272716" />
  <finalization candidates="80" enqueued="0" />
  <ownableSynchronizers candidates="21" cleared="0" />
  <references type="soft" candidates="1849" cleared="0" enqueued="0" dynamicThreshold="19" maxThreshold="32" />
  <references type="weak" candidates="5768" cleared="0" enqueued="0" />
  <references type="phantom" candidates="97" cleared="0" enqueued="0" />
  <stringconstants candidates="13258" cleared="0"  />
</gc-op>
<gc-op id="4531" type="sweep" timems="2.192" contextid="4527" timestamp="2019-08-04T20:02:49.424" />
<gc-end id="4532" type="global" contextid="4527" durationms="10.880" usertimems="63.768" systemtimems="0.000" timestamp="2019-08-04T20:02:49.424" activeThreads="16">
  <mem-info id="4533" free="28077504" total="46137344" percent="60">
    <mem type="tenure" free="28077504" total="46137344" percent="60" micro-fragmented="81054" macro-fragmented="0">
      <mem type="soa" free="27616704" total="45676544" percent="60" />
      <mem type="loa" free="460800" total="460800" percent="100" />
    </mem>
  </mem-info>
</gc-end>
<cycle-end id="4534" type="global" contextid="4527" timestamp="2019-08-04T20:02:49.424">
  <attribute name="GC Util" value="642" />
  <attribute name="CPU Util" value="2146837045101" />
  <attribute name="Time Running"value="117035"/>
  <attribute name="Number of cores"value="16"/>
</cycle-end>
<allocation-satisfied id="4535" threadId="0000000001BEEF00" bytesRequested="80" />
<af-end id="4536" timestamp="2019-08-04T20:02:49.424" threadId="0000000001BEF888" success="true" />
<exclusive-end id="4537" timestamp="2019-08-04T20:02:49.424" durationms="11.049" />

<exclusive-start id="4538" timestamp="2019-08-04T20:02:49.465" intervalms="52.040">
  <response-info timems="0.013" idlems="0.013" threads="0" lastid="0000000001BEEF00" lastname="main" />
</exclusive-start>
<af-start id="4539" threadId="0000000001BEF888" totalBytesRequested="80" timestamp="2019-08-04T20:02:49.465" intervalms="52.042" />
<cycle-start id="4540" type="global" contextid="0" timestamp="2019-08-04T20:02:49.465" intervalms="52.039" />
  <attribute name="GC Util" value="642" />
  <attribute name="CPU Util" value="2146837045101" />
  <attribute name="Time Running"value="117035"/>
  <attribute name="Number of cores"value="16"/>
<gc-start id="4541" type="global" contextid="4540" timestamp="2019-08-04T20:02:49.465">
  <mem-info id="4542" free="460800" total="46137344" percent="0">
    <mem type="tenure" free="460800" total="46137344" percent="0">
      <mem type="soa" free="0" total="45676544" percent="0" />
      <mem type="loa" free="460800" total="460800" percent="100" />
    </mem>
  </mem-info>
</gc-start>
<allocation-stats totalBytes="27609632" >
  <allocated-bytes non-tlh="0" tlh="27609632" />
  <largest-consumer threadName="main" threadId="0000000001BEEF00" bytes="27609632" />
</allocation-stats>
<gc-op id="4543" type="mark" timems="8.725" contextid="4540" timestamp="2019-08-04T20:02:49.474">
  <trace-info objectcount="596231" scancount="517239" scanbytes="13272716" />
  <finalization candidates="80" enqueued="0" />
  <ownableSynchronizers candidates="21" cleared="0" />
  <references type="soft" candidates="1849" cleared="0" enqueued="0" dynamicThreshold="19" maxThreshold="32" />
  <references type="weak" candidates="5768" cleared="0" enqueued="0" />
  <references type="phantom" candidates="97" cleared="0" enqueued="0" />
  <stringconstants candidates="13258" cleared="0"  />
</gc-op>
<gc-op id="4544" type="sweep" timems="3.092" contextid="4540" timestamp="2019-08-04T20:02:49.477" />
<gc-end id="4545" type="global" contextid="4540" durationms="11.942" usertimems="66.058" systemtimems="0.000" timestamp="2019-08-04T20:02:49.477" activeThreads="16">
  <mem-info id="4546" free="28077504" total="46137344" percent="60">
    <mem type="tenure" free="28077504" total="46137344" percent="60" micro-fragmented="81054" macro-fragmented="0">
      <mem type="soa" free="27616704" total="45676544" percent="60" />
      <mem type="loa" free="460800" total="460800" percent="100" />
    </mem>
  </mem-info>
</gc-end>
<cycle-end id="4547" type="global" contextid="4540" timestamp="2019-08-04T20:02:49.477">
  <attribute name="GC Util" value="573" />
  <attribute name="CPU Util" value="2104456324390" />
  <attribute name="Time Running"value="117087"/>
  <attribute name="Number of cores"value="16"/>
</cycle-end>
<allocation-satisfied id="4548" threadId="0000000001BEEF00" bytesRequested="80" />
<af-end id="4549" timestamp="2019-08-04T20:02:49.477" threadId="0000000001BEF888" success="true" />
<exclusive-end id="4550" timestamp="2019-08-04T20:02:49.477" durationms="12.101" />

<exclusive-start id="4551" timestamp="2019-08-04T20:02:49.518" intervalms="53.202">
  <response-info timems="0.013" idlems="0.013" threads="0" lastid="0000000001BEEF00" lastname="main" />
</exclusive-start>
<af-start id="4552" threadId="0000000001BEF888" totalBytesRequested="80" timestamp="2019-08-04T20:02:49.519" intervalms="53.202" />
<cycle-start id="4553" type="global" contextid="0" timestamp="2019-08-04T20:02:49.519" intervalms="53.204" />
  <attribute name="GC Util" value="573" />
  <attribute name="CPU Util" value="2104456324390" />
  <attribute name="Time Running"value="117087"/>
  <attribute name="Number of cores"value="16"/>
<gc-start id="4554" type="global" contextid="4553" timestamp="2019-08-04T20:02:49.519">
  <mem-info id="4555" free="460800" total="46137344" percent="0">
    <mem type="tenure" free="460800" total="46137344" percent="0">
      <mem type="soa" free="0" total="45676544" percent="0" />
      <mem type="loa" free="460800" total="460800" percent="100" />
    </mem>
  </mem-info>
</gc-start>
<allocation-stats totalBytes="27609488" >
  <allocated-bytes non-tlh="0" tlh="27609488" />
  <largest-consumer threadName="main" threadId="0000000001BEEF00" bytes="27609488" />
</allocation-stats>
<gc-op id="4556" type="mark" timems="8.723" contextid="4553" timestamp="2019-08-04T20:02:49.527">
  <trace-info objectcount="596231" scancount="517236" scanbytes="13272712" />
  <finalization candidates="80" enqueued="0" />
  <ownableSynchronizers candidates="21" cleared="0" />
  <references type="soft" candidates="1849" cleared="0" enqueued="0" dynamicThreshold="19" maxThreshold="32" />
  <references type="weak" candidates="5768" cleared="0" enqueued="0" />
  <references type="phantom" candidates="97" cleared="0" enqueued="0" />
  <stringconstants candidates="13258" cleared="0"  />
</gc-op>
<gc-op id="4557" type="sweep" timems="1.524" contextid="4553" timestamp="2019-08-04T20:02:49.529" />
<gc-end id="4558" type="global" contextid="4553" durationms="10.360" usertimems="55.293" systemtimems="0.000" timestamp="2019-08-04T20:02:49.529" activeThreads="16">
  <mem-info id="4559" free="28077504" total="46137344" percent="60">
    <mem type="tenure" free="28077504" total="46137344" percent="60" micro-fragmented="81054" macro-fragmented="0">
      <mem type="soa" free="27616704" total="45676544" percent="60" />
      <mem type="loa" free="460800" total="460800" percent="100" />
    </mem>
  </mem-info>
</gc-end>
<cycle-end id="4560" type="global" contextid="4553" timestamp="2019-08-04T20:02:49.529">
  <attribute name="GC Util" value="531" />
  <attribute name="CPU Util" value="2107510756094" />
  <attribute name="Time Running"value="117140"/>
  <attribute name="Number of cores"value="16"/>
</cycle-end>
<allocation-satisfied id="4561" threadId="0000000001BEEF00" bytesRequested="80" />
<af-end id="4562" timestamp="2019-08-04T20:02:49.529" threadId="0000000001BEF888" success="true" />
<exclusive-end id="4563" timestamp="2019-08-04T20:02:49.529" durationms="10.534" />

<exclusive-start id="4564" timestamp="2019-08-04T20:02:49.540" intervalms="21.986">
  <response-info timems="0.014" idlems="0.014" threads="0" lastid="0000000001BEEF00" lastname="main" />
</exclusive-start>
<af-start id="4565" threadId="0000000001BEF888" totalBytesRequested="488" timestamp="2019-08-04T20:02:49.540" intervalms="21.987" />
<cycle-start id="4566" type="global" contextid="0" timestamp="2019-08-04T20:02:49.541" intervalms="21.986" />
  <attribute name="GC Util" value="531" />
  <attribute name="CPU Util" value="2107510756094" />
  <attribute name="Time Running"value="117140"/>
  <attribute name="Number of cores"value="16"/>
<gc-start id="4567" type="global" contextid="4566" timestamp="2019-08-04T20:02:49.541">
  <mem-info id="4568" free="460800" total="46137344" percent="0">
    <mem type="tenure" free="460800" total="46137344" percent="0">
      <mem type="soa" free="0" total="45676544" percent="0" />
      <mem type="loa" free="460800" total="460800" percent="100" />
    </mem>
  </mem-info>
</gc-start>
<allocation-stats totalBytes="27569568" >
  <allocated-bytes non-tlh="0" tlh="27569568" />
  <largest-consumer threadName="main" threadId="0000000001BEEF00" bytes="27569568" />
</allocation-stats>
<gc-op id="4569" type="mark" timems="8.588" contextid="4566" timestamp="2019-08-04T20:02:49.549">
  <trace-info objectcount="596232" scancount="517236" scanbytes="13272576" />
  <finalization candidates="80" enqueued="0" />
  <ownableSynchronizers candidates="21" cleared="0" />
  <references type="soft" candidates="1849" cleared="0" enqueued="0" dynamicThreshold="19" maxThreshold="32" />
  <references type="weak" candidates="5768" cleared="0" enqueued="0" />
  <references type="phantom" candidates="97" cleared="0" enqueued="0" />
  <stringconstants candidates="13258" cleared="0"  />
</gc-op>
<gc-op id="4570" type="sweep" timems="2.029" contextid="4566" timestamp="2019-08-04T20:02:49.551" />
<gc-end id="4571" type="global" contextid="4566" durationms="10.737" usertimems="62.032" systemtimems="0.000" timestamp="2019-08-04T20:02:49.551" activeThreads="16">
  <mem-info id="4572" free="28076920" total="46137344" percent="60">
    <mem type="tenure" free="28076920" total="46137344" percent="60" micro-fragmented="81056" macro-fragmented="0">
      <mem type="soa" free="27616120" total="45676544" percent="60" />
      <mem type="loa" free="460800" total="460800" percent="100" />
    </mem>
  </mem-info>
</gc-end>
<cycle-end id="4573" type="global" contextid="4566" timestamp="2019-08-04T20:02:49.551">
  <attribute name="GC Util" value="611" />
  <attribute name="CPU Util" value="2141912339144" />
  <attribute name="Time Running"value="117162"/>
  <attribute name="Number of cores"value="16"/>
</cycle-end>
<allocation-satisfied id="4574" threadId="0000000001BEEF00" bytesRequested="488" />
<af-end id="4575" timestamp="2019-08-04T20:02:49.551" threadId="0000000001BEF888" success="true" />
<exclusive-end id="4576" timestamp="2019-08-04T20:02:49.551" durationms="10.917" />

<exclusive-start id="4577" timestamp="2019-08-04T20:02:49.555" intervalms="15.044">
  <response-info timems="0.015" idlems="0.015" threads="0" lastid="0000000001BEEF00" lastname="main" />
</exclusive-start>
<af-start id="4578" threadId="0000000001BEF888" totalBytesRequested="584" timestamp="2019-08-04T20:02:49.556" intervalms="15.041" />
<cycle-start id="4579" type="global" contextid="0" timestamp="2019-08-04T20:02:49.556" intervalms="15.041" />
  <attribute name="GC Util" value="611" />
  <attribute name="CPU Util" value="2141912339144" />
  <attribute name="Time Running"value="117162"/>
  <attribute name="Number of cores"value="16"/>
<gc-start id="4580" type="global" contextid="4579" timestamp="2019-08-04T20:02:49.556">
  <mem-info id="4581" free="460800" total="46137344" percent="0">
    <mem type="tenure" free="460800" total="46137344" percent="0">
      <mem type="soa" free="0" total="45676544" percent="0" />
      <mem type="loa" free="460800" total="460800" percent="100" />
    </mem>
  </mem-info>
</gc-start>
<allocation-stats totalBytes="27562600" >
  <allocated-bytes non-tlh="0" tlh="27562600" />
  <largest-consumer threadName="main" threadId="0000000001BEEF00" bytes="27562600" />
</allocation-stats>
<gc-op id="4582" type="mark" timems="8.549" contextid="4579" timestamp="2019-08-04T20:02:49.564">
  <trace-info objectcount="596232" scancount="517237" scanbytes="13272576" />
  <finalization candidates="80" enqueued="0" />
  <ownableSynchronizers candidates="21" cleared="0" />
  <references type="soft" candidates="1849" cleared="0" enqueued="0" dynamicThreshold="19" maxThreshold="32" />
  <references type="weak" candidates="5768" cleared="0" enqueued="0" />
  <references type="phantom" candidates="97" cleared="0" enqueued="0" />
  <stringconstants candidates="13258" cleared="0"  />
</gc-op>
<gc-op id="4583" type="sweep" timems="1.625" contextid="4579" timestamp="2019-08-04T20:02:49.566" />
<gc-end id="4584" type="global" contextid="4579" durationms="10.293" usertimems="59.345" systemtimems="0.000" timestamp="2019-08-04T20:02:49.566" activeThreads="16">
  <mem-info id="4585" free="28076920" total="46137344" percent="60">
    <mem type="tenure" free="28076920" total="46137344" percent="60" micro-fragmented="81056" macro-fragmented="0">
      <mem type="soa" free="27616120" total="45676544" percent="60" />
      <mem type="loa" free="460800" total="460800" percent="100" />
    </mem>
  </mem-info>
</gc-end>
<cycle-end id="4586" type="global" contextid="4579" timestamp="2019-08-04T20:02:49.566">
  <attribute name="GC Util" value="592" />
  <attribute name="CPU Util" value="2152470401272" />
  <attribute name="Time Running"value="117177"/>
  <attribute name="Number of cores"value="16"/>
</cycle-end>
<allocation-satisfied id="4587" threadId="0000000001BEEF00" bytesRequested="584" />
<af-end id="4588" timestamp="2019-08-04T20:02:49.566" threadId="0000000001BEF888" success="true" />
<exclusive-end id="4589" timestamp="2019-08-04T20:02:49.566" durationms="10.472" />

<exclusive-start id="4590" timestamp="2019-08-04T20:02:49.570" intervalms="14.671">
  <response-info timems="0.016" idlems="0.016" threads="0" lastid="0000000001BEEF00" lastname="main" />
</exclusive-start>
<af-start id="4591" threadId="0000000001BEF888" totalBytesRequested="584" timestamp="2019-08-04T20:02:49.570" intervalms="14.673" />
<cycle-start id="4592" type="global" contextid="0" timestamp="2019-08-04T20:02:49.570" intervalms="14.673" />
  <attribute name="GC Util" value="592" />
  <attribute name="CPU Util" value="2152470401272" />
  <attribute name="Time Running"value="117177"/>
  <attribute name="Number of cores"value="16"/>
<gc-start id="4593" type="global" contextid="4592" timestamp="2019-08-04T20:02:49.570">
  <mem-info id="4594" free="460800" total="46137344" percent="0">
    <mem type="tenure" free="460800" total="46137344" percent="0">
      <mem type="soa" free="0" total="45676544" percent="0" />
      <mem type="loa" free="460800" total="460800" percent="100" />
    </mem>
  </mem-info>
</gc-start>
<allocation-stats totalBytes="27563984" >
  <allocated-bytes non-tlh="0" tlh="27563984" />
  <largest-consumer threadName="main" threadId="0000000001BEEF00" bytes="27563984" />
</allocation-stats>
<gc-op id="4595" type="mark" timems="8.513" contextid="4592" timestamp="2019-08-04T20:02:49.579">
  <trace-info objectcount="596232" scancount="517238" scanbytes="13272576" />
  <finalization candidates="80" enqueued="0" />
  <ownableSynchronizers candidates="21" cleared="0" />
  <references type="soft" candidates="1849" cleared="0" enqueued="0" dynamicThreshold="19" maxThreshold="32" />
  <references type="weak" candidates="5768" cleared="0" enqueued="0" />
  <references type="phantom" candidates="97" cleared="0" enqueued="0" />
  <stringconstants candidates="13258" cleared="0"  />
</gc-op>
<gc-op id="4596" type="sweep" timems="1.867" contextid="4592" timestamp="2019-08-04T20:02:49.581" />
<gc-end id="4597" type="global" contextid="4592" durationms="10.500" usertimems="61.785" systemtimems="0.000" timestamp="2019-08-04T20:02:49.581" activeThreads="16">
  <mem-info id="4598" free="28076920" total="46137344" percent="60">
    <mem type="tenure" free="28076920" total="46137344" percent="60" micro-fragmented="81056" macro-fragmented="0">
      <mem type="soa" free="27616120" total="45676544" percent="60" />
      <mem type="loa" free="460800" total="460800" percent="100" />
    </mem>
  </mem-info>
</gc-end>
<cycle-end id="4599" type="global" contextid="4592" timestamp="2019-08-04T20:02:49.581">
  <attribute name="GC Util" value="614" />
  <attribute name="CPU Util" value="2157743886171" />
  <attribute name="Time Running"value="117192"/>
  <attribute name="Number of cores"value="16"/>
</cycle-end>
<allocation-satisfied id="4600" threadId="0000000001BEEF00" bytesRequested="584" />
<af-end id="4601" timestamp="2019-08-04T20:02:49.581" threadId="0000000001BEF888" success="true" />
<exclusive-end id="4602" timestamp="2019-08-04T20:02:49.581" durationms="10.668" />

<exclusive-start id="4603" timestamp="2019-08-04T20:02:49.585" intervalms="14.806">
  <response-info timems="0.015" idlems="0.015" threads="0" lastid="0000000001BEEF00" lastname="main" />
</exclusive-start>
<af-start id="4604" threadId="0000000001BEF888" totalBytesRequested="24" timestamp="2019-08-04T20:02:49.585" intervalms="14.804" />
<cycle-start id="4605" type="global" contextid="0" timestamp="2019-08-04T20:02:49.585" intervalms="14.803" />
  <attribute name="GC Util" value="614" />
  <attribute name="CPU Util" value="2157743886171" />
  <attribute name="Time Running"value="117192"/>
  <attribute name="Number of cores"value="16"/>
<gc-start id="4606" type="global" contextid="4605" timestamp="2019-08-04T20:02:49.585">
  <mem-info id="4607" free="460800" total="46137344" percent="0">
    <mem type="tenure" free="460800" total="46137344" percent="0">
      <mem type="soa" free="0" total="45676544" percent="0" />
      <mem type="loa" free="460800" total="460800" percent="100" />
    </mem>
  </mem-info>
</gc-start>
<allocation-stats totalBytes="27562656" >
  <allocated-bytes non-tlh="0" tlh="27562656" />
  <largest-consumer threadName="main" threadId="0000000001BEEF00" bytes="27562656" />
</allocation-stats>
<gc-op id="4608" type="mark" timems="8.125" contextid="4605" timestamp="2019-08-04T20:02:49.593">
  <trace-info objectcount="596229" scancount="517217" scanbytes="13272488" />
  <finalization candidates="80" enqueued="0" />
  <ownableSynchronizers candidates="21" cleared="0" />
  <references type="soft" candidates="1849" cleared="0" enqueued="0" dynamicThreshold="19" maxThreshold="32" />
  <references type="weak" candidates="5768" cleared="0" enqueued="0" />
  <references type="phantom" candidates="97" cleared="0" enqueued="0" />
  <stringconstants candidates="13258" cleared="0"  />
</gc-op>
<gc-op id="4609" type="sweep" timems="1.638" contextid="4605" timestamp="2019-08-04T20:02:49.595" />
<gc-end id="4610" type="global" contextid="4605" durationms="9.895" usertimems="53.776" systemtimems="0.000" timestamp="2019-08-04T20:02:49.595" activeThreads="16">
  <mem-info id="4611" free="28077032" total="46137344" percent="60">
    <mem type="tenure" free="28077032" total="46137344" percent="60" micro-fragmented="81056" macro-fragmented="0">
      <mem type="soa" free="27616232" total="45676544" percent="60" />
      <mem type="loa" free="460800" total="460800" percent="100" />
    </mem>
  </mem-info>
</gc-end>
<cycle-end id="4612" type="global" contextid="4605" timestamp="2019-08-04T20:02:49.595">
  <attribute name="GC Util" value="557" />
  <attribute name="CPU Util" value="2273038865959" />
  <attribute name="Time Running"value="117206"/>
  <attribute name="Number of cores"value="16"/>
</cycle-end>
<allocation-satisfied id="4613" threadId="0000000001BEEF00" bytesRequested="24" />
<af-end id="4614" timestamp="2019-08-04T20:02:49.595" threadId="0000000001BEF888" success="true" />
<exclusive-end id="4615" timestamp="2019-08-04T20:02:49.595" durationms="10.071" />

<exclusive-start id="4616" timestamp="2019-08-04T20:02:49.599" intervalms="14.143">
  <response-info timems="0.015" idlems="0.015" threads="0" lastid="0000000001BEEF00" lastname="main" />
</exclusive-start>
<af-start id="4617" threadId="0000000001BEF888" totalBytesRequested="40" timestamp="2019-08-04T20:02:49.599" intervalms="14.143" />
<cycle-start id="4618" type="global" contextid="0" timestamp="2019-08-04T20:02:49.599" intervalms="14.143" />
  <attribute name="GC Util" value="557" />
  <attribute name="CPU Util" value="2273038865959" />
  <attribute name="Time Running"value="117206"/>
  <attribute name="Number of cores"value="16"/>
<gc-start id="4619" type="global" contextid="4618" timestamp="2019-08-04T20:02:49.599">
  <mem-info id="4620" free="460800" total="46137344" percent="0">
    <mem type="tenure" free="460800" total="46137344" percent="0">
      <mem type="soa" free="0" total="45676544" percent="0" />
      <mem type="loa" free="460800" total="460800" percent="100" />
    </mem>
  </mem-info>
</gc-start>
<allocation-stats totalBytes="27562080" >
  <allocated-bytes non-tlh="0" tlh="27562080" />
  <largest-consumer threadName="main" threadId="0000000001BEEF00" bytes="27562080" />
</allocation-stats>
<gc-op id="4621" type="mark" timems="9.580" contextid="4618" timestamp="2019-08-04T20:02:49.609">
  <trace-info objectcount="596230" scancount="517233" scanbytes="13272520" />
  <finalization candidates="80" enqueued="0" />
  <ownableSynchronizers candidates="21" cleared="0" />
  <references type="soft" candidates="1849" cleared="0" enqueued="0" dynamicThreshold="19" maxThreshold="32" />
  <references type="weak" candidates="5768" cleared="0" enqueued="0" />
  <references type="phantom" candidates="97" cleared="0" enqueued="0" />
  <stringconstants candidates="13258" cleared="0"  />
</gc-op>
<gc-op id="4622" type="sweep" timems="1.839" contextid="4618" timestamp="2019-08-04T20:02:49.611" />
<gc-end id="4623" type="global" contextid="4618" durationms="11.537" usertimems="58.082" systemtimems="0.000" timestamp="2019-08-04T20:02:49.611" activeThreads="16">
  <mem-info id="4624" free="28077000" total="46137344" percent="60">
    <mem type="tenure" free="28077000" total="46137344" percent="60" micro-fragmented="81056" macro-fragmented="0">
      <mem type="soa" free="27616200" total="45676544" percent="60" />
      <mem type="loa" free="460800" total="460800" percent="100" />
    </mem>
  </mem-info>
</gc-end>
<cycle-end id="4625" type="global" contextid="4618" timestamp="2019-08-04T20:02:49.611">
  <attribute name="GC Util" value="504" />
  <attribute name="CPU Util" value="1919023939107" />
  <attribute name="Time Running"value="117222"/>
  <attribute name="Number of cores"value="16"/>
</cycle-end>
<allocation-satisfied id="4626" threadId="0000000001BEEF00" bytesRequested="40" />
<af-end id="4627" timestamp="2019-08-04T20:02:49.611" threadId="0000000001BEF888" success="true" />
<exclusive-end id="4628" timestamp="2019-08-04T20:02:49.611" durationms="11.729" />

<exclusive-start id="4629" timestamp="2019-08-04T20:02:49.615" intervalms="15.828">
  <response-info timems="0.015" idlems="0.015" threads="0" lastid="0000000001BEEF00" lastname="main" />
</exclusive-start>
<af-start id="4630" threadId="0000000001BEF888" totalBytesRequested="584" timestamp="2019-08-04T20:02:49.615" intervalms="15.826" />
<cycle-start id="4631" type="global" contextid="0" timestamp="2019-08-04T20:02:49.615" intervalms="15.829" />
  <attribute name="GC Util" value="504" />
  <attribute name="CPU Util" value="1919023939107" />
  <attribute name="Time Running"value="117222"/>
  <attribute name="Number of cores"value="16"/>
<gc-start id="4632" type="global" contextid="4631" timestamp="2019-08-04T20:02:49.615">
  <mem-info id="4633" free="460800" total="46137344" percent="0">
    <mem type="tenure" free="460800" total="46137344" percent="0">
      <mem type="soa" free="0" total="45676544" percent="0" />
      <mem type="loa" free="460800" total="460800" percent="100" />
    </mem>
  </mem-info>
</gc-start>
<allocation-stats totalBytes="27564640" >
  <allocated-bytes non-tlh="0" tlh="27564640" />
  <largest-consumer threadName="main" threadId="0000000001BEEF00" bytes="27564640" />
</allocation-stats>
<gc-op id="4634" type="mark" timems="8.644" contextid="4631" timestamp="2019-08-04T20:02:49.624">
  <trace-info objectcount="596232" scancount="517239" scanbytes="13272576" />
  <finalization candidates="80" enqueued="0" />
  <ownableSynchronizers candidates="21" cleared="0" />
  <references type="soft" candidates="1849" cleared="0" enqueued="0" dynamicThreshold="19" maxThreshold="32" />
  <references type="weak" candidates="5768" cleared="0" enqueued="0" />
  <references type="phantom" candidates="97" cleared="0" enqueued="0" />
  <stringconstants candidates="13258" cleared="0"  />
</gc-op>
<gc-op id="4635" type="sweep" timems="1.669" contextid="4631" timestamp="2019-08-04T20:02:49.625" />
<gc-end id="4636" type="global" contextid="4631" durationms="10.423" usertimems="55.878" systemtimems="0.000" timestamp="2019-08-04T20:02:49.625" activeThreads="16">
  <mem-info id="4637" free="28076920" total="46137344" percent="60">
    <mem type="tenure" free="28076920" total="46137344" percent="60" micro-fragmented="81056" macro-fragmented="0">
      <mem type="soa" free="27616120" total="45676544" percent="60" />
      <mem type="loa" free="460800" total="460800" percent="100" />
    </mem>
  </mem-info>
</gc-end>
<cycle-end id="4638" type="global" contextid="4631" timestamp="2019-08-04T20:02:49.626">
  <attribute name="GC Util" value="544" />
  <attribute name="CPU Util" value="2118668008752" />
  <attribute name="Time Running"value="117237"/>
  <attribute name="Number of cores"value="16"/>
</cycle-end>
<allocation-satisfied id="4639" threadId="0000000001BEEF00" bytesRequested="584" />
<af-end id="4640" timestamp="2019-08-04T20:02:49.626" threadId="0000000001BEF888" success="true" />
<exclusive-end id="4641" timestamp="2019-08-04T20:02:49.626" durationms="10.606" />

* Round 2 done in 3.559 seconds.
<exclusive-start id="4642" timestamp="2019-08-04T20:02:49.633" intervalms="17.845">
  <response-info timems="0.015" idlems="0.015" threads="0" lastid="0000000001BEEF00" lastname="main" />
</exclusive-start>
<af-start id="4643" threadId="0000000001BEF888" totalBytesRequested="16" timestamp="2019-08-04T20:02:49.633" intervalms="17.847" />
<cycle-start id="4644" type="global" contextid="0" timestamp="2019-08-04T20:02:49.633" intervalms="17.845" />
  <attribute name="GC Util" value="544" />
  <attribute name="CPU Util" value="2118668008752" />
  <attribute name="Time Running"value="117237"/>
  <attribute name="Number of cores"value="16"/>
<gc-start id="4645" type="global" contextid="4644" timestamp="2019-08-04T20:02:49.633">
  <mem-info id="4646" free="460800" total="46137344" percent="0">
    <mem type="tenure" free="460800" total="46137344" percent="0">
      <mem type="soa" free="0" total="45676544" percent="0" />
      <mem type="loa" free="460800" total="460800" percent="100" />
    </mem>
  </mem-info>
</gc-start>
<allocation-stats totalBytes="27570360" >
  <allocated-bytes non-tlh="0" tlh="27570360" />
  <largest-consumer threadName="main" threadId="0000000001BEEF00" bytes="27570360" />
</allocation-stats>
<gc-op id="4647" type="mark" timems="8.669" contextid="4644" timestamp="2019-08-04T20:02:49.642">
  <trace-info objectcount="596603" scancount="517605" scanbytes="13284620" />
  <finalization candidates="80" enqueued="0" />
  <ownableSynchronizers candidates="21" cleared="0" />
  <references type="soft" candidates="1855" cleared="0" enqueued="0" dynamicThreshold="19" maxThreshold="32" />
  <references type="weak" candidates="5768" cleared="0" enqueued="0" />
  <references type="phantom" candidates="97" cleared="0" enqueued="0" />
  <stringconstants candidates="13258" cleared="0"  />
</gc-op>
<gc-op id="4648" type="sweep" timems="2.454" contextid="4644" timestamp="2019-08-04T20:02:49.644" />
<gc-end id="4649" type="global" contextid="4644" durationms="11.255" usertimems="57.843" systemtimems="0.000" timestamp="2019-08-04T20:02:49.644" activeThreads="16">
  <mem-info id="4650" free="28059176" total="46137344" percent="60">
    <mem type="tenure" free="28059176" total="46137344" percent="60" micro-fragmented="79501" macro-fragmented="0">
      <mem type="soa" free="27598376" total="45676544" percent="60" />
      <mem type="loa" free="460800" total="460800" percent="100" />
    </mem>
  </mem-info>
</gc-end>
<cycle-end id="4651" type="global" contextid="4644" timestamp="2019-08-04T20:02:49.644">
  <attribute name="GC Util" value="535" />
  <attribute name="CPU Util" value="2120509469783" />
  <attribute name="Time Running"value="117255"/>
  <attribute name="Number of cores"value="16"/>
</cycle-end>
<allocation-satisfied id="4652" threadId="0000000001BEEF00" bytesRequested="16" />
<af-end id="4653" timestamp="2019-08-04T20:02:49.644" threadId="0000000001BEF888" success="true" />
<exclusive-end id="4654" timestamp="2019-08-04T20:02:49.644" durationms="11.428" />

<exclusive-start id="4655" timestamp="2019-08-04T20:02:49.666" intervalms="33.120">
  <response-info timems="0.014" idlems="0.014" threads="0" lastid="0000000001BEEF00" lastname="main" />
</exclusive-start>
<af-start id="4656" threadId="0000000001BEF888" totalBytesRequested="32" timestamp="2019-08-04T20:02:49.666" intervalms="33.116" />
<cycle-start id="4657" type="global" contextid="0" timestamp="2019-08-04T20:02:49.666" intervalms="33.115" />
  <attribute name="GC Util" value="535" />
  <attribute name="CPU Util" value="2120509469783" />
  <attribute name="Time Running"value="117255"/>
  <attribute name="Number of cores"value="16"/>
<gc-start id="4658" type="global" contextid="4657" timestamp="2019-08-04T20:02:49.666">
  <mem-info id="4659" free="460800" total="46137344" percent="0">
    <mem type="tenure" free="460800" total="46137344" percent="0">
      <mem type="soa" free="0" total="45676544" percent="0" />
      <mem type="loa" free="460800" total="460800" percent="100" />
    </mem>
  </mem-info>
</gc-start>
<allocation-stats totalBytes="27596352" >
  <allocated-bytes non-tlh="0" tlh="27596352" />
  <largest-consumer threadName="main" threadId="0000000001BEEF00" bytes="27596352" />
</allocation-stats>
<gc-op id="4660" type="mark" timems="8.903" contextid="4657" timestamp="2019-08-04T20:02:49.675">
  <trace-info objectcount="596606" scancount="517610" scanbytes="13284740" />
  <finalization candidates="80" enqueued="0" />
  <ownableSynchronizers candidates="21" cleared="0" />
  <references type="soft" candidates="1855" cleared="0" enqueued="0" dynamicThreshold="19" maxThreshold="32" />
  <references type="weak" candidates="5768" cleared="0" enqueued="0" />
  <references type="phantom" candidates="97" cleared="0" enqueued="0" />
  <stringconstants candidates="13258" cleared="0"  />
</gc-op>
<gc-op id="4661" type="sweep" timems="1.835" contextid="4657" timestamp="2019-08-04T20:02:49.677" />
<gc-end id="4662" type="global" contextid="4657" durationms="10.847" usertimems="62.680" systemtimems="0.000" timestamp="2019-08-04T20:02:49.677" activeThreads="16">
  <mem-info id="4663" free="28059024" total="46137344" percent="60">
    <mem type="tenure" free="28059024" total="46137344" percent="60" micro-fragmented="79501" macro-fragmented="0">
      <mem type="soa" free="27598224" total="45676544" percent="60" />
      <mem type="loa" free="460800" total="460800" percent="100" />
    </mem>
  </mem-info>
</gc-end>
<cycle-end id="4664" type="global" contextid="4657" timestamp="2019-08-04T20:02:49.677">
  <attribute name="GC Util" value="605" />
  <attribute name="CPU Util" value="2070914846522" />
  <attribute name="Time Running"value="117288"/>
  <attribute name="Number of cores"value="16"/>
</cycle-end>
<allocation-satisfied id="4665" threadId="0000000001BEEF00" bytesRequested="32" />
<af-end id="4666" timestamp="2019-08-04T20:02:49.677" threadId="0000000001BEF888" success="true" />
<exclusive-end id="4667" timestamp="2019-08-04T20:02:49.677" durationms="10.997" />

<exclusive-start id="4668" timestamp="2019-08-04T20:02:49.861" intervalms="194.651">
  <response-info timems="0.013" idlems="0.013" threads="0" lastid="0000000001BEEF00" lastname="main" />
</exclusive-start>
<af-start id="4669" threadId="0000000001BEF888" totalBytesRequested="1168" timestamp="2019-08-04T20:02:49.861" intervalms="194.666" />
<cycle-start id="4670" type="global" contextid="0" timestamp="2019-08-04T20:02:49.861" intervalms="194.668" />
  <attribute name="GC Util" value="605" />
  <attribute name="CPU Util" value="2070914846522" />
  <attribute name="Time Running"value="117288"/>
  <attribute name="Number of cores"value="16"/>
<gc-start id="4671" type="global" contextid="4670" timestamp="2019-08-04T20:02:49.861">
  <mem-info id="4672" free="460800" total="46137344" percent="0">
    <mem type="tenure" free="460800" total="46137344" percent="0">
      <mem type="soa" free="0" total="45676544" percent="0" />
      <mem type="loa" free="460800" total="460800" percent="100" />
    </mem>
  </mem-info>
</gc-start>
<allocation-stats totalBytes="27583408" >
  <allocated-bytes non-tlh="0" tlh="27583408" />
  <largest-consumer threadName="main" threadId="0000000001BEEF00" bytes="27583408" />
</allocation-stats>
<gc-op id="4673" type="mark" timems="9.953" contextid="4670" timestamp="2019-08-04T20:02:49.871">
  <trace-info objectcount="596599" scancount="517601" scanbytes="13284380" />
  <finalization candidates="80" enqueued="0" />
  <ownableSynchronizers candidates="21" cleared="0" />
  <references type="soft" candidates="1855" cleared="5" enqueued="5" dynamicThreshold="19" maxThreshold="32" />
  <references type="weak" candidates="5768" cleared="0" enqueued="0" />
  <references type="phantom" candidates="97" cleared="0" enqueued="0" />
  <stringconstants candidates="13258" cleared="0"  />
</gc-op>
<gc-op id="4674" type="sweep" timems="1.582" contextid="4670" timestamp="2019-08-04T20:02:49.872" />
<gc-end id="4675" type="global" contextid="4670" durationms="11.666" usertimems="62.969" systemtimems="0.000" timestamp="2019-08-04T20:02:49.872" activeThreads="16">
  <mem-info id="4676" free="28057640" total="46137344" percent="60">
    <mem type="tenure" free="28057640" total="46137344" percent="60" micro-fragmented="79501" macro-fragmented="0">
      <mem type="soa" free="27596840" total="45676544" percent="60" />
      <mem type="loa" free="460800" total="460800" percent="100" />
    </mem>
    <pending-finalizers system="0" default="0" reference="5" classloader="0" />
  </mem-info>
</gc-end>
<cycle-end id="4677" type="global" contextid="4670" timestamp="2019-08-04T20:02:49.872">
  <attribute name="GC Util" value="532" />
  <attribute name="CPU Util" value="1846887542871" />
  <attribute name="Time Running"value="117484"/>
  <attribute name="Number of cores"value="16"/>
</cycle-end>
<allocation-satisfied id="4678" threadId="0000000001BEEF00" bytesRequested="1168" />
<af-end id="4679" timestamp="2019-08-04T20:02:49.872" threadId="0000000001BEF888" success="true" />
<exclusive-end id="4680" timestamp="2019-08-04T20:02:49.872" durationms="11.852" />

<exclusive-start id="4681" timestamp="2019-08-04T20:02:49.875" intervalms="14.661">
  <response-info timems="0.016" idlems="0.016" threads="0" lastid="0000000001BEEF00" lastname="main" />
</exclusive-start>
<af-start id="4682" threadId="0000000001BEF888" totalBytesRequested="1168" timestamp="2019-08-04T20:02:49.875" intervalms="14.653" />
<cycle-start id="4683" type="global" contextid="0" timestamp="2019-08-04T20:02:49.875" intervalms="14.654" />
  <attribute name="GC Util" value="532" />
  <attribute name="CPU Util" value="1846887542871" />
  <attribute name="Time Running"value="117484"/>
  <attribute name="Number of cores"value="16"/>
<gc-start id="4684" type="global" contextid="4683" timestamp="2019-08-04T20:02:49.875">
  <mem-info id="4685" free="460800" total="46137344" percent="0">
    <mem type="tenure" free="460800" total="46137344" percent="0">
      <mem type="soa" free="0" total="45676544" percent="0" />
      <mem type="loa" free="460800" total="460800" percent="100" />
    </mem>
  </mem-info>
</gc-start>
<allocation-stats totalBytes="27420624" >
  <allocated-bytes non-tlh="38544" tlh="27382080" />
  <largest-consumer threadName="main" threadId="0000000001BEEF00" bytes="27420624" />
</allocation-stats>
<gc-op id="4686" type="mark" timems="8.465" contextid="4683" timestamp="2019-08-04T20:02:49.884">
  <trace-info objectcount="596585" scancount="517590" scanbytes="13283852" />
  <finalization candidates="80" enqueued="0" />
  <ownableSynchronizers candidates="21" cleared="0" />
  <references type="soft" candidates="1850" cleared="0" enqueued="0" dynamicThreshold="19" maxThreshold="32" />
  <references type="weak" candidates="5768" cleared="0" enqueued="0" />
  <references type="phantom" candidates="97" cleared="0" enqueued="0" />
  <stringconstants candidates="13258" cleared="0"  />
</gc-op>
<gc-op id="4687" type="sweep" timems="2.024" contextid="4683" timestamp="2019-08-04T20:02:49.886" />
<gc-end id="4688" type="global" contextid="4683" durationms="10.614" usertimems="64.760" systemtimems="0.000" timestamp="2019-08-04T20:02:49.886" activeThreads="16">
  <mem-info id="4689" free="28057640" total="46137344" percent="60">
    <mem type="tenure" free="28057640" total="46137344" percent="60" micro-fragmented="79501" macro-fragmented="0">
      <mem type="soa" free="27596840" total="45676544" percent="60" />
      <mem type="loa" free="460800" total="460800" percent="100" />
    </mem>
  </mem-info>
</gc-end>
<cycle-end id="4690" type="global" contextid="4683" timestamp="2019-08-04T20:02:49.886">
  <attribute name="GC Util" value="647" />
  <attribute name="CPU Util" value="2173805568300" />
  <attribute name="Time Running"value="117497"/>
  <attribute name="Number of cores"value="16"/>
</cycle-end>
<allocation-satisfied id="4691" threadId="0000000001BEEF00" bytesRequested="1168" />
<af-end id="4692" timestamp="2019-08-04T20:02:49.886" threadId="0000000001BEF888" success="true" />
<exclusive-end id="4693" timestamp="2019-08-04T20:02:49.886" durationms="10.805" />

<exclusive-start id="4694" timestamp="2019-08-04T20:02:49.889" intervalms="13.598">
  <response-info timems="0.018" idlems="0.018" threads="0" lastid="0000000001BEEF00" lastname="main" />
</exclusive-start>
<af-start id="4695" threadId="0000000001BEF888" totalBytesRequested="1168" timestamp="2019-08-04T20:02:49.889" intervalms="13.601" />
<cycle-start id="4696" type="global" contextid="0" timestamp="2019-08-04T20:02:49.889" intervalms="13.600" />
  <attribute name="GC Util" value="647" />
  <attribute name="CPU Util" value="2173805568300" />
  <attribute name="Time Running"value="117497"/>
  <attribute name="Number of cores"value="16"/>
<gc-start id="4697" type="global" contextid="4696" timestamp="2019-08-04T20:02:49.889">
  <mem-info id="4698" free="460800" total="46137344" percent="0">
    <mem type="tenure" free="460800" total="46137344" percent="0">
      <mem type="soa" free="0" total="45676544" percent="0" />
      <mem type="loa" free="460800" total="460800" percent="100" />
    </mem>
  </mem-info>
</gc-start>
<allocation-stats totalBytes="27422768" >
  <allocated-bytes non-tlh="38544" tlh="27384224" />
  <largest-consumer threadName="main" threadId="0000000001BEEF00" bytes="27422768" />
</allocation-stats>
<gc-op id="4699" type="mark" timems="10.037" contextid="4696" timestamp="2019-08-04T20:02:49.899">
  <trace-info objectcount="596586" scancount="517586" scanbytes="13283876" />
  <finalization candidates="80" enqueued="0" />
  <ownableSynchronizers candidates="21" cleared="0" />
  <references type="soft" candidates="1850" cleared="0" enqueued="0" dynamicThreshold="19" maxThreshold="32" />
  <references type="weak" candidates="5768" cleared="0" enqueued="0" />
  <references type="phantom" candidates="97" cleared="0" enqueued="0" />
  <stringconstants candidates="13258" cleared="0"  />
</gc-op>
<gc-op id="4700" type="sweep" timems="1.744" contextid="4696" timestamp="2019-08-04T20:02:49.901" />
<gc-end id="4701" type="global" contextid="4696" durationms="11.903" usertimems="70.700" systemtimems="0.000" timestamp="2019-08-04T20:02:49.901" activeThreads="16">
  <mem-info id="4702" free="28057616" total="46137344" percent="60">
    <mem type="tenure" free="28057616" total="46137344" percent="60" micro-fragmented="79501" macro-fragmented="0">
      <mem type="soa" free="27596816" total="45676544" percent="60" />
      <mem type="loa" free="460800" total="460800" percent="100" />
    </mem>
  </mem-info>
</gc-end>
<cycle-end id="4703" type="global" contextid="4696" timestamp="2019-08-04T20:02:49.901">
  <attribute name="GC Util" value="616" />
  <attribute name="CPU Util" value="1834678718551" />
  <attribute name="Time Running"value="117512"/>
  <attribute name="Number of cores"value="16"/>
</cycle-end>
<allocation-satisfied id="4704" threadId="0000000001BEEF00" bytesRequested="1168" />
<af-end id="4705" timestamp="2019-08-04T20:02:49.901" threadId="0000000001BEF888" success="true" />
<exclusive-end id="4706" timestamp="2019-08-04T20:02:49.901" durationms="12.083" />

<exclusive-start id="4707" timestamp="2019-08-04T20:02:49.904" intervalms="14.859">
  <response-info timems="0.016" idlems="0.016" threads="0" lastid="0000000001BEEF00" lastname="main" />
</exclusive-start>
<af-start id="4708" threadId="0000000001BEF888" totalBytesRequested="1168" timestamp="2019-08-04T20:02:49.904" intervalms="14.856" />
<cycle-start id="4709" type="global" contextid="0" timestamp="2019-08-04T20:02:49.904" intervalms="14.856" />
  <attribute name="GC Util" value="616" />
  <attribute name="CPU Util" value="1834678718551" />
  <attribute name="Time Running"value="117512"/>
  <attribute name="Number of cores"value="16"/>
<gc-start id="4710" type="global" contextid="4709" timestamp="2019-08-04T20:02:49.904">
  <mem-info id="4711" free="460800" total="46137344" percent="0">
    <mem type="tenure" free="460800" total="46137344" percent="0">
      <mem type="soa" free="0" total="45676544" percent="0" />
      <mem type="loa" free="460800" total="460800" percent="100" />
    </mem>
  </mem-info>
</gc-start>
<allocation-stats totalBytes="27431304" >
  <allocated-bytes non-tlh="39712" tlh="27391592" />
  <largest-consumer threadName="main" threadId="0000000001BEEF00" bytes="27431304" />
</allocation-stats>
<gc-op id="4712" type="mark" timems="8.330" contextid="4709" timestamp="2019-08-04T20:02:49.912">
  <trace-info objectcount="596575" scancount="517583" scanbytes="13283764" />
  <finalization candidates="80" enqueued="0" />
  <ownableSynchronizers candidates="21" cleared="0" />
  <references type="soft" candidates="1850" cleared="1" enqueued="0" dynamicThreshold="19" maxThreshold="32" />
  <references type="weak" candidates="5768" cleared="0" enqueued="0" />
  <references type="phantom" candidates="97" cleared="0" enqueued="0" />
  <stringconstants candidates="13258" cleared="0"  />
</gc-op>
<gc-op id="4713" type="sweep" timems="2.486" contextid="4709" timestamp="2019-08-04T20:02:49.915" />
<gc-end id="4714" type="global" contextid="4709" durationms="10.975" usertimems="66.808" systemtimems="0.000" timestamp="2019-08-04T20:02:49.915" activeThreads="16">
  <mem-info id="4715" free="28075816" total="46137344" percent="60">
    <mem type="tenure" free="28075816" total="46137344" percent="60" micro-fragmented="79501" macro-fragmented="0">
      <mem type="soa" free="27615016" total="45676544" percent="60" />
      <mem type="loa" free="460800" total="460800" percent="100" />
    </mem>
  </mem-info>
</gc-end>
<cycle-end id="4716" type="global" contextid="4709" timestamp="2019-08-04T20:02:49.915">
  <attribute name="GC Util" value="658" />
  <attribute name="CPU Util" value="2207048140863" />
  <attribute name="Time Running"value="117525"/>
  <attribute name="Number of cores"value="16"/>
</cycle-end>
<allocation-satisfied id="4717" threadId="0000000001BEEF00" bytesRequested="1168" />
<af-end id="4718" timestamp="2019-08-04T20:02:49.915" threadId="0000000001BEF888" success="true" />
<exclusive-end id="4719" timestamp="2019-08-04T20:02:49.915" durationms="11.143" />

<exclusive-start id="4720" timestamp="2019-08-04T20:02:49.918" intervalms="13.930">
  <response-info timems="0.017" idlems="0.017" threads="0" lastid="0000000001BEEF00" lastname="main" />
</exclusive-start>
<af-start id="4721" threadId="0000000001BEF888" totalBytesRequested="1168" timestamp="2019-08-04T20:02:49.918" intervalms="13.946" />
<cycle-start id="4722" type="global" contextid="0" timestamp="2019-08-04T20:02:49.918" intervalms="13.947" />
  <attribute name="GC Util" value="658" />
  <attribute name="CPU Util" value="2207048140863" />
  <attribute name="Time Running"value="117525"/>
  <attribute name="Number of cores"value="16"/>
<gc-start id="4723" type="global" contextid="4722" timestamp="2019-08-04T20:02:49.918">
  <mem-info id="4724" free="460800" total="46137344" percent="0">
    <mem type="tenure" free="460800" total="46137344" percent="0">
      <mem type="soa" free="0" total="45676544" percent="0" />
      <mem type="loa" free="460800" total="460800" percent="100" />
    </mem>
  </mem-info>
</gc-start>
<allocation-stats totalBytes="27451040" >
  <allocated-bytes non-tlh="39712" tlh="27411328" />
  <largest-consumer threadName="main" threadId="0000000001BEEF00" bytes="27451040" />
</allocation-stats>
<gc-op id="4725" type="mark" timems="9.934" contextid="4722" timestamp="2019-08-04T20:02:49.928">
  <trace-info objectcount="596575" scancount="517586" scanbytes="13283764" />
  <finalization candidates="80" enqueued="0" />
  <ownableSynchronizers candidates="21" cleared="0" />
  <references type="soft" candidates="1849" cleared="0" enqueued="0" dynamicThreshold="19" maxThreshold="32" />
  <references type="weak" candidates="5768" cleared="0" enqueued="0" />
  <references type="phantom" candidates="97" cleared="0" enqueued="0" />
  <stringconstants candidates="13258" cleared="0"  />
</gc-op>
<gc-op id="4726" type="sweep" timems="1.938" contextid="4722" timestamp="2019-08-04T20:02:49.930" />
<gc-end id="4727" type="global" contextid="4722" durationms="12.036" usertimems="64.661" systemtimems="0.000" timestamp="2019-08-04T20:02:49.930" activeThreads="16">
  <mem-info id="4728" free="28075752" total="46137344" percent="60">
    <mem type="tenure" free="28075752" total="46137344" percent="60" micro-fragmented="79501" macro-fragmented="0">
      <mem type="soa" free="27614952" total="45676544" percent="60" />
      <mem type="loa" free="460800" total="460800" percent="100" />
    </mem>
  </mem-info>
</gc-end>
<cycle-end id="4729" type="global" contextid="4722" timestamp="2019-08-04T20:02:49.930">
  <attribute name="GC Util" value="558" />
  <attribute name="CPU Util" value="1852390176312" />
  <attribute name="Time Running"value="117541"/>
  <attribute name="Number of cores"value="16"/>
</cycle-end>
<allocation-satisfied id="4730" threadId="0000000001BEEF00" bytesRequested="1168" />
<af-end id="4731" timestamp="2019-08-04T20:02:49.930" threadId="0000000001BEF888" success="true" />
<exclusive-end id="4732" timestamp="2019-08-04T20:02:49.930" durationms="12.244" />

<exclusive-start id="4733" timestamp="2019-08-04T20:02:49.933" intervalms="15.082">
  <response-info timems="0.017" idlems="0.017" threads="0" lastid="0000000001BEEF00" lastname="main" />
</exclusive-start>
<af-start id="4734" threadId="0000000001BEF888" totalBytesRequested="1168" timestamp="2019-08-04T20:02:49.933" intervalms="15.067" />
<cycle-start id="4735" type="global" contextid="0" timestamp="2019-08-04T20:02:49.933" intervalms="15.068" />
  <attribute name="GC Util" value="558" />
  <attribute name="CPU Util" value="1852390176312" />
  <attribute name="Time Running"value="117541"/>
  <attribute name="Number of cores"value="16"/>
<gc-start id="4736" type="global" contextid="4735" timestamp="2019-08-04T20:02:49.933">
  <mem-info id="4737" free="460800" total="46137344" percent="0">
    <mem type="tenure" free="460800" total="46137344" percent="0">
      <mem type="soa" free="0" total="45676544" percent="0" />
      <mem type="loa" free="460800" total="460800" percent="100" />
    </mem>
  </mem-info>
</gc-start>
<allocation-stats totalBytes="27449784" >
  <allocated-bytes non-tlh="38544" tlh="27411240" />
  <largest-consumer threadName="main" threadId="0000000001BEEF00" bytes="27449784" />
</allocation-stats>
<gc-op id="4738" type="mark" timems="10.219" contextid="4735" timestamp="2019-08-04T20:02:49.943">
  <trace-info objectcount="596575" scancount="517616" scanbytes="13283764" />
  <finalization candidates="80" enqueued="0" />
  <ownableSynchronizers candidates="21" cleared="0" />
  <references type="soft" candidates="1849" cleared="0" enqueued="0" dynamicThreshold="19" maxThreshold="32" />
  <references type="weak" candidates="5768" cleared="0" enqueued="0" />
  <references type="phantom" candidates="97" cleared="0" enqueued="0" />
  <stringconstants candidates="13258" cleared="0"  />
</gc-op>
<gc-op id="4739" type="sweep" timems="2.285" contextid="4735" timestamp="2019-08-04T20:02:49.945" />
<gc-end id="4740" type="global" contextid="4735" durationms="12.684" usertimems="69.230" systemtimems="0.000" timestamp="2019-08-04T20:02:49.945" activeThreads="16">
  <mem-info id="4741" free="28075816" total="46137344" percent="60">
    <mem type="tenure" free="28075816" total="46137344" percent="60" micro-fragmented="79501" macro-fragmented="0">
      <mem type="soa" free="27615016" total="45676544" percent="60" />
      <mem type="loa" free="460800" total="460800" percent="100" />
    </mem>
  </mem-info>
</gc-end>
<cycle-end id="4742" type="global" contextid="4735" timestamp="2019-08-04T20:02:49.946">
  <attribute name="GC Util" value="594" />
  <attribute name="CPU Util" value="1802545320598" />
  <attribute name="Time Running"value="117556"/>
  <attribute name="Number of cores"value="16"/>
</cycle-end>
<allocation-satisfied id="4743" threadId="0000000001BEEF00" bytesRequested="1168" />
<af-end id="4744" timestamp="2019-08-04T20:02:49.946" threadId="0000000001BEF888" success="true" />
<exclusive-end id="4745" timestamp="2019-08-04T20:02:49.946" durationms="12.872" />

<exclusive-start id="4746" timestamp="2019-08-04T20:02:49.948" intervalms="15.680">
  <response-info timems="0.016" idlems="0.016" threads="0" lastid="0000000001BEEF00" lastname="main" />
</exclusive-start>
<af-start id="4747" threadId="0000000001BEF888" totalBytesRequested="1168" timestamp="2019-08-04T20:02:49.948" intervalms="15.682" />
<cycle-start id="4748" type="global" contextid="0" timestamp="2019-08-04T20:02:49.948" intervalms="15.682" />
  <attribute name="GC Util" value="594" />
  <attribute name="CPU Util" value="1802545320598" />
  <attribute name="Time Running"value="117556"/>
  <attribute name="Number of cores"value="16"/>
<gc-start id="4749" type="global" contextid="4748" timestamp="2019-08-04T20:02:49.948">
  <mem-info id="4750" free="460800" total="46137344" percent="0">
    <mem type="tenure" free="460800" total="46137344" percent="0">
      <mem type="soa" free="0" total="45676544" percent="0" />
      <mem type="loa" free="460800" total="460800" percent="100" />
    </mem>
  </mem-info>
</gc-start>
<allocation-stats totalBytes="27448576" >
  <allocated-bytes non-tlh="39712" tlh="27408864" />
  <largest-consumer threadName="main" threadId="0000000001BEEF00" bytes="27448576" />
</allocation-stats>
<gc-op id="4751" type="mark" timems="9.108" contextid="4748" timestamp="2019-08-04T20:02:49.958">
  <trace-info objectcount="596575" scancount="517589" scanbytes="13283764" />
  <finalization candidates="80" enqueued="0" />
  <ownableSynchronizers candidates="21" cleared="0" />
  <references type="soft" candidates="1849" cleared="0" enqueued="0" dynamicThreshold="19" maxThreshold="32" />
  <references type="weak" candidates="5768" cleared="0" enqueued="0" />
  <references type="phantom" candidates="97" cleared="0" enqueued="0" />
  <stringconstants candidates="13258" cleared="0"  />
</gc-op>
<gc-op id="4752" type="sweep" timems="1.490" contextid="4748" timestamp="2019-08-04T20:02:49.959" />
<gc-end id="4753" type="global" contextid="4748" durationms="10.770" usertimems="58.863" systemtimems="0.000" timestamp="2019-08-04T20:02:49.959" activeThreads="16">
  <mem-info id="4754" free="28075816" total="46137344" percent="60">
    <mem type="tenure" free="28075816" total="46137344" percent="60" micro-fragmented="79501" macro-fragmented="0">
      <mem type="soa" free="27615016" total="45676544" percent="60" />
      <mem type="loa" free="460800" total="460800" percent="100" />
    </mem>
  </mem-info>
</gc-end>
<cycle-end id="4755" type="global" contextid="4748" timestamp="2019-08-04T20:02:49.959">
  <attribute name="GC Util" value="552" />
  <attribute name="CPU Util" value="2021471300110" />
  <attribute name="Time Running"value="117571"/>
  <attribute name="Number of cores"value="16"/>
</cycle-end>
<allocation-satisfied id="4756" threadId="0000000001BEEF00" bytesRequested="1168" />
<af-end id="4757" timestamp="2019-08-04T20:02:49.959" threadId="0000000001BEF888" success="true" />
<exclusive-end id="4758" timestamp="2019-08-04T20:02:49.959" durationms="10.957" />

<exclusive-start id="4759" timestamp="2019-08-04T20:02:49.962" intervalms="13.760">
  <response-info timems="0.017" idlems="0.017" threads="0" lastid="0000000001BEEF00" lastname="main" />
</exclusive-start>
<af-start id="4760" threadId="0000000001BEF888" totalBytesRequested="1168" timestamp="2019-08-04T20:02:49.962" intervalms="13.759" />
<cycle-start id="4761" type="global" contextid="0" timestamp="2019-08-04T20:02:49.962" intervalms="13.757" />
  <attribute name="GC Util" value="552" />
  <attribute name="CPU Util" value="2021471300110" />
  <attribute name="Time Running"value="117571"/>
  <attribute name="Number of cores"value="16"/>
<gc-start id="4762" type="global" contextid="4761" timestamp="2019-08-04T20:02:49.962">
  <mem-info id="4763" free="460800" total="46137344" percent="0">
    <mem type="tenure" free="460800" total="46137344" percent="0">
      <mem type="soa" free="0" total="45676544" percent="0" />
      <mem type="loa" free="460800" total="460800" percent="100" />
    </mem>
  </mem-info>
</gc-start>
<allocation-stats totalBytes="27452248" >
  <allocated-bytes non-tlh="39712" tlh="27412536" />
  <largest-consumer threadName="main" threadId="0000000001BEEF00" bytes="27452248" />
</allocation-stats>
<gc-op id="4764" type="mark" timems="10.421" contextid="4761" timestamp="2019-08-04T20:02:49.973">
  <trace-info objectcount="596575" scancount="517584" scanbytes="13283764" />
  <finalization candidates="80" enqueued="0" />
  <ownableSynchronizers candidates="21" cleared="0" />
  <references type="soft" candidates="1849" cleared="0" enqueued="0" dynamicThreshold="19" maxThreshold="32" />
  <references type="weak" candidates="5768" cleared="0" enqueued="0" />
  <references type="phantom" candidates="97" cleared="0" enqueued="0" />
  <stringconstants candidates="13258" cleared="0"  />
</gc-op>
<gc-op id="4765" type="sweep" timems="1.555" contextid="4761" timestamp="2019-08-04T20:02:49.974" />
<gc-end id="4766" type="global" contextid="4761" durationms="12.136" usertimems="72.088" systemtimems="0.000" timestamp="2019-08-04T20:02:49.974" activeThreads="16">
  <mem-info id="4767" free="28075720" total="46137344" percent="60">
    <mem type="tenure" free="28075720" total="46137344" percent="60" micro-fragmented="79501" macro-fragmented="0">
      <mem type="soa" free="27614920" total="45676544" percent="60" />
      <mem type="loa" free="460800" total="460800" percent="100" />
    </mem>
  </mem-info>
</gc-end>
<cycle-end id="4768" type="global" contextid="4761" timestamp="2019-08-04T20:02:49.974">
  <attribute name="GC Util" value="605" />
  <attribute name="CPU Util" value="1766354933789" />
  <attribute name="Time Running"value="117586"/>
  <attribute name="Number of cores"value="16"/>
</cycle-end>
<allocation-satisfied id="4769" threadId="0000000001BEEF00" bytesRequested="1168" />
<af-end id="4770" timestamp="2019-08-04T20:02:49.974" threadId="0000000001BEF888" success="true" />
<exclusive-end id="4771" timestamp="2019-08-04T20:02:49.974" durationms="12.336" />

<exclusive-start id="4772" timestamp="2019-08-04T20:02:49.977" intervalms="15.138">
  <response-info timems="0.027" idlems="0.027" threads="0" lastid="0000000001BEEF00" lastname="main" />
</exclusive-start>
<af-start id="4773" threadId="0000000001BEF888" totalBytesRequested="1168" timestamp="2019-08-04T20:02:49.977" intervalms="15.137" />
<cycle-start id="4774" type="global" contextid="0" timestamp="2019-08-04T20:02:49.977" intervalms="15.138" />
  <attribute name="GC Util" value="605" />
  <attribute name="CPU Util" value="1766354933789" />
  <attribute name="Time Running"value="117586"/>
  <attribute name="Number of cores"value="16"/>
<gc-start id="4775" type="global" contextid="4774" timestamp="2019-08-04T20:02:49.977">
  <mem-info id="4776" free="460800" total="46137344" percent="0">
    <mem type="tenure" free="460800" total="46137344" percent="0">
      <mem type="soa" free="0" total="45676544" percent="0" />
      <mem type="loa" free="460800" total="460800" percent="100" />
    </mem>
  </mem-info>
</gc-start>
<allocation-stats totalBytes="27451040" >
  <allocated-bytes non-tlh="38544" tlh="27412496" />
  <largest-consumer threadName="main" threadId="0000000001BEEF00" bytes="27451040" />
</allocation-stats>
<gc-op id="4777" type="mark" timems="8.599" contextid="4774" timestamp="2019-08-04T20:02:49.986">
  <trace-info objectcount="596575" scancount="517589" scanbytes="13283764" />
  <finalization candidates="80" enqueued="0" />
  <ownableSynchronizers candidates="21" cleared="0" />
  <references type="soft" candidates="1849" cleared="0" enqueued="0" dynamicThreshold="19" maxThreshold="32" />
  <references type="weak" candidates="5768" cleared="0" enqueued="0" />
  <references type="phantom" candidates="97" cleared="0" enqueued="0" />
  <stringconstants candidates="13258" cleared="0"  />
</gc-op>
<gc-op id="4778" type="sweep" timems="1.514" contextid="4774" timestamp="2019-08-04T20:02:49.988" />
<gc-end id="4779" type="global" contextid="4774" durationms="10.270" usertimems="60.206" systemtimems="0.000" timestamp="2019-08-04T20:02:49.988" activeThreads="16">
  <mem-info id="4780" free="28075816" total="46137344" percent="60">
    <mem type="tenure" free="28075816" total="46137344" percent="60" micro-fragmented="79501" macro-fragmented="0">
      <mem type="soa" free="27615016" total="45676544" percent="60" />
      <mem type="loa" free="460800" total="460800" percent="100" />
    </mem>
  </mem-info>
</gc-end>
<cycle-end id="4781" type="global" contextid="4774" timestamp="2019-08-04T20:02:49.988">
  <attribute name="GC Util" value="610" />
  <attribute name="CPU Util" value="2140588794263" />
  <attribute name="Time Running"value="117599"/>
  <attribute name="Number of cores"value="16"/>
</cycle-end>
<allocation-satisfied id="4782" threadId="0000000001BEEF00" bytesRequested="1168" />
<af-end id="4783" timestamp="2019-08-04T20:02:49.988" threadId="0000000001BEF888" success="true" />
<exclusive-end id="4784" timestamp="2019-08-04T20:02:49.988" durationms="10.444" />

<exclusive-start id="4785" timestamp="2019-08-04T20:02:49.991" intervalms="13.268">
  <response-info timems="0.017" idlems="0.017" threads="0" lastid="0000000001BEEF00" lastname="main" />
</exclusive-start>
<af-start id="4786" threadId="0000000001BEF888" totalBytesRequested="1168" timestamp="2019-08-04T20:02:49.991" intervalms="13.273" />
<cycle-start id="4787" type="global" contextid="0" timestamp="2019-08-04T20:02:49.991" intervalms="13.281" />
  <attribute name="GC Util" value="610" />
  <attribute name="CPU Util" value="2140588794263" />
  <attribute name="Time Running"value="117599"/>
  <attribute name="Number of cores"value="16"/>
<gc-start id="4788" type="global" contextid="4787" timestamp="2019-08-04T20:02:49.991">
  <mem-info id="4789" free="460800" total="46137344" percent="0">
    <mem type="tenure" free="460800" total="46137344" percent="0">
      <mem type="soa" free="0" total="45676544" percent="0" />
      <mem type="loa" free="460800" total="460800" percent="100" />
    </mem>
  </mem-info>
</gc-start>
<allocation-stats totalBytes="27451016" >
  <allocated-bytes non-tlh="39712" tlh="27411304" />
  <largest-consumer threadName="main" threadId="0000000001BEEF00" bytes="27451016" />
</allocation-stats>
<gc-op id="4790" type="mark" timems="9.121" contextid="4787" timestamp="2019-08-04T20:02:50.000">
  <trace-info objectcount="596575" scancount="517584" scanbytes="13283764" />
  <finalization candidates="80" enqueued="0" />
  <ownableSynchronizers candidates="21" cleared="0" />
  <references type="soft" candidates="1849" cleared="0" enqueued="0" dynamicThreshold="19" maxThreshold="32" />
  <references type="weak" candidates="5768" cleared="0" enqueued="0" />
  <references type="phantom" candidates="97" cleared="0" enqueued="0" />
  <stringconstants candidates="13258" cleared="0"  />
</gc-op>
<gc-op id="4791" type="sweep" timems="1.682" contextid="4787" timestamp="2019-08-04T20:02:50.002" />
<gc-end id="4792" type="global" contextid="4787" durationms="10.967" usertimems="60.920" systemtimems="0.000" timestamp="2019-08-04T20:02:50.002" activeThreads="16">
  <mem-info id="4793" free="28075816" total="46137344" percent="60">
    <mem type="tenure" free="28075816" total="46137344" percent="60" micro-fragmented="79501" macro-fragmented="0">
      <mem type="soa" free="27615016" total="45676544" percent="60" />
      <mem type="loa" free="460800" total="460800" percent="100" />
    </mem>
  </mem-info>
</gc-end>
<cycle-end id="4794" type="global" contextid="4787" timestamp="2019-08-04T20:02:50.002">
  <attribute name="GC Util" value="561" />
  <attribute name="CPU Util" value="2016403003532" />
  <attribute name="Time Running"value="117613"/>
  <attribute name="Number of cores"value="16"/>
</cycle-end>
<allocation-satisfied id="4795" threadId="0000000001BEEF00" bytesRequested="1168" />
<af-end id="4796" timestamp="2019-08-04T20:02:50.002" threadId="0000000001BEF888" success="true" />
<exclusive-end id="4797" timestamp="2019-08-04T20:02:50.002" durationms="11.185" />

<exclusive-start id="4798" timestamp="2019-08-04T20:02:50.005" intervalms="14.247">
  <response-info timems="0.017" idlems="0.017" threads="0" lastid="0000000001BEEF00" lastname="main" />
</exclusive-start>
<af-start id="4799" threadId="0000000001BEF888" totalBytesRequested="1168" timestamp="2019-08-04T20:02:50.005" intervalms="14.243" />
<cycle-start id="4800" type="global" contextid="0" timestamp="2019-08-04T20:02:50.005" intervalms="14.234" />
  <attribute name="GC Util" value="561" />
  <attribute name="CPU Util" value="2016403003532" />
  <attribute name="Time Running"value="117613"/>
  <attribute name="Number of cores"value="16"/>
<gc-start id="4801" type="global" contextid="4800" timestamp="2019-08-04T20:02:50.005">
  <mem-info id="4802" free="460800" total="46137344" percent="0">
    <mem type="tenure" free="460800" total="46137344" percent="0">
      <mem type="soa" free="0" total="45676544" percent="0" />
      <mem type="loa" free="460800" total="460800" percent="100" />
    </mem>
  </mem-info>
</gc-start>
<allocation-stats totalBytes="27449808" >
  <allocated-bytes non-tlh="39712" tlh="27410096" />
  <largest-consumer threadName="main" threadId="0000000001BEEF00" bytes="27449808" />
</allocation-stats>
<gc-op id="4803" type="mark" timems="8.603" contextid="4800" timestamp="2019-08-04T20:02:50.014">
  <trace-info objectcount="596575" scancount="517586" scanbytes="13283764" />
  <finalization candidates="80" enqueued="0" />
  <ownableSynchronizers candidates="21" cleared="0" />
  <references type="soft" candidates="1849" cleared="0" enqueued="0" dynamicThreshold="19" maxThreshold="32" />
  <references type="weak" candidates="5768" cleared="0" enqueued="0" />
  <references type="phantom" candidates="97" cleared="0" enqueued="0" />
  <stringconstants candidates="13258" cleared="0"  />
</gc-op>
<gc-op id="4804" type="sweep" timems="1.951" contextid="4800" timestamp="2019-08-04T20:02:50.016" />
<gc-end id="4805" type="global" contextid="4800" durationms="10.715" usertimems="60.987" systemtimems="0.000" timestamp="2019-08-04T20:02:50.016" activeThreads="16">
  <mem-info id="4806" free="28075688" total="46137344" percent="60">
    <mem type="tenure" free="28075688" total="46137344" percent="60" micro-fragmented="79501" macro-fragmented="0">
      <mem type="soa" free="27614888" total="45676544" percent="60" />
      <mem type="loa" free="460800" total="460800" percent="100" />
    </mem>
  </mem-info>
</gc-end>
<cycle-end id="4807" type="global" contextid="4800" timestamp="2019-08-04T20:02:50.016">
  <attribute name="GC Util" value="597" />
  <attribute name="CPU Util" value="2140235382039" />
  <attribute name="Time Running"value="117627"/>
  <attribute name="Number of cores"value="16"/>
</cycle-end>
<allocation-satisfied id="4808" threadId="0000000001BEEF00" bytesRequested="1168" />
<af-end id="4809" timestamp="2019-08-04T20:02:50.016" threadId="0000000001BEF888" success="true" />
<exclusive-end id="4810" timestamp="2019-08-04T20:02:50.016" durationms="10.896" />

<exclusive-start id="4811" timestamp="2019-08-04T20:02:50.018" intervalms="13.699">
  <response-info timems="0.016" idlems="0.016" threads="0" lastid="0000000001BEEF00" lastname="main" />
</exclusive-start>
<af-start id="4812" threadId="0000000001BEF888" totalBytesRequested="1168" timestamp="2019-08-04T20:02:50.019" intervalms="13.698" />
<cycle-start id="4813" type="global" contextid="0" timestamp="2019-08-04T20:02:50.019" intervalms="13.699" />
  <attribute name="GC Util" value="597" />
  <attribute name="CPU Util" value="2140235382039" />
  <attribute name="Time Running"value="117627"/>
  <attribute name="Number of cores"value="16"/>
<gc-start id="4814" type="global" contextid="4813" timestamp="2019-08-04T20:02:50.019">
  <mem-info id="4815" free="460800" total="46137344" percent="0">
    <mem type="tenure" free="460800" total="46137344" percent="0">
      <mem type="soa" free="0" total="45676544" percent="0" />
      <mem type="loa" free="460800" total="460800" percent="100" />
    </mem>
  </mem-info>
</gc-start>
<allocation-stats totalBytes="27449784" >
  <allocated-bytes non-tlh="38544" tlh="27411240" />
  <largest-consumer threadName="main" threadId="0000000001BEEF00" bytes="27449784" />
</allocation-stats>
<gc-op id="4816" type="mark" timems="8.451" contextid="4813" timestamp="2019-08-04T20:02:50.027">
  <trace-info objectcount="596575" scancount="517585" scanbytes="13283764" />
  <finalization candidates="80" enqueued="0" />
  <ownableSynchronizers candidates="21" cleared="0" />
  <references type="soft" candidates="1849" cleared="0" enqueued="0" dynamicThreshold="19" maxThreshold="32" />
  <references type="weak" candidates="5768" cleared="0" enqueued="0" />
  <references type="phantom" candidates="97" cleared="0" enqueued="0" />
  <stringconstants candidates="13258" cleared="0"  />
</gc-op>
<gc-op id="4817" type="sweep" timems="1.441" contextid="4813" timestamp="2019-08-04T20:02:50.029" />
<gc-end id="4818" type="global" contextid="4813" durationms="10.047" usertimems="57.825" systemtimems="0.000" timestamp="2019-08-04T20:02:50.029" activeThreads="16">
  <mem-info id="4819" free="28075816" total="46137344" percent="60">
    <mem type="tenure" free="28075816" total="46137344" percent="60" micro-fragmented="79501" macro-fragmented="201903">
      <mem type="soa" free="27615016" total="45676544" percent="60" />
      <mem type="loa" free="460800" total="460800" percent="100" />
    </mem>
  </mem-info>
</gc-end>
<cycle-end id="4820" type="global" contextid="4813" timestamp="2019-08-04T20:02:50.029">
  <attribute name="GC Util" value="586" />
  <attribute name="CPU Util" value="2175721320937" />
  <attribute name="Time Running"value="117640"/>
  <attribute name="Number of cores"value="16"/>
</cycle-end>
<allocation-satisfied id="4821" threadId="0000000001BEEF00" bytesRequested="1168" />
<af-end id="4822" timestamp="2019-08-04T20:02:50.029" threadId="0000000001BEF888" success="true" />
<exclusive-end id="4823" timestamp="2019-08-04T20:02:50.029" durationms="10.232" />

<exclusive-start id="4824" timestamp="2019-08-04T20:02:50.032" intervalms="13.018">
  <response-info timems="0.016" idlems="0.016" threads="0" lastid="0000000001BEEF00" lastname="main" />
</exclusive-start>
<af-start id="4825" threadId="0000000001BEF888" totalBytesRequested="1168" timestamp="2019-08-04T20:02:50.032" intervalms="13.020" />
<cycle-start id="4826" type="global" contextid="0" timestamp="2019-08-04T20:02:50.032" intervalms="13.018" />
  <attribute name="GC Util" value="586" />
  <attribute name="CPU Util" value="2175721320937" />
  <attribute name="Time Running"value="117640"/>
  <attribute name="Number of cores"value="16"/>
<gc-start id="4827" type="global" contextid="4826" timestamp="2019-08-04T20:02:50.032">
  <mem-info id="4828" free="460800" total="46137344" percent="0">
    <mem type="tenure" free="460800" total="46137344" percent="0">
      <mem type="soa" free="0" total="45676544" percent="0" />
      <mem type="loa" free="460800" total="460800" percent="100" />
    </mem>
  </mem-info>
</gc-start>
<allocation-stats totalBytes="27451016" >
  <allocated-bytes non-tlh="39712" tlh="27411304" />
  <largest-consumer threadName="main" threadId="0000000001BEEF00" bytes="27451016" />
</allocation-stats>
<gc-op id="4829" type="mark" timems="8.922" contextid="4826" timestamp="2019-08-04T20:02:50.041">
  <trace-info objectcount="596575" scancount="517585" scanbytes="13283764" />
  <finalization candidates="80" enqueued="0" />
  <ownableSynchronizers candidates="21" cleared="0" />
  <references type="soft" candidates="1849" cleared="0" enqueued="0" dynamicThreshold="19" maxThreshold="32" />
  <references type="weak" candidates="5768" cleared="0" enqueued="0" />
  <references type="phantom" candidates="97" cleared="0" enqueued="0" />
  <stringconstants candidates="13258" cleared="0"  />
</gc-op>
<gc-op id="4830" type="sweep" timems="1.914" contextid="4826" timestamp="2019-08-04T20:02:50.043" />
<gc-end id="4831" type="global" contextid="4826" durationms="11.001" usertimems="61.362" systemtimems="0.000" timestamp="2019-08-04T20:02:50.043" activeThreads="16">
  <mem-info id="4832" free="28075816" total="46137344" percent="60">
    <mem type="tenure" free="28075816" total="46137344" percent="60" micro-fragmented="79501" macro-fragmented="0">
      <mem type="soa" free="27615016" total="45676544" percent="60" />
      <mem type="loa" free="460800" total="460800" percent="100" />
    </mem>
  </mem-info>
</gc-end>
<cycle-end id="4833" type="global" contextid="4826" timestamp="2019-08-04T20:02:50.043">
  <attribute name="GC Util" value="571" />
  <attribute name="CPU Util" value="2066286326619" />
  <attribute name="Time Running"value="117654"/>
  <attribute name="Number of cores"value="16"/>
</cycle-end>
<allocation-satisfied id="4834" threadId="0000000001BEEF00" bytesRequested="1168" />
<af-end id="4835" timestamp="2019-08-04T20:02:50.043" threadId="0000000001BEF888" success="true" />
<exclusive-end id="4836" timestamp="2019-08-04T20:02:50.043" durationms="11.191" />

<exclusive-start id="4837" timestamp="2019-08-04T20:02:50.046" intervalms="14.039">
  <response-info timems="0.017" idlems="0.017" threads="0" lastid="0000000001BEEF00" lastname="main" />
</exclusive-start>
<af-start id="4838" threadId="0000000001BEF888" totalBytesRequested="1168" timestamp="2019-08-04T20:02:50.046" intervalms="14.036" />
<cycle-start id="4839" type="global" contextid="0" timestamp="2019-08-04T20:02:50.046" intervalms="14.037" />
  <attribute name="GC Util" value="571" />
  <attribute name="CPU Util" value="2066286326619" />
  <attribute name="Time Running"value="117654"/>
  <attribute name="Number of cores"value="16"/>
<gc-start id="4840" type="global" contextid="4839" timestamp="2019-08-04T20:02:50.046">
  <mem-info id="4841" free="460800" total="46137344" percent="0">
    <mem type="tenure" free="460800" total="46137344" percent="0">
      <mem type="soa" free="0" total="45676544" percent="0" />
      <mem type="loa" free="460800" total="460800" percent="100" />
    </mem>
  </mem-info>
</gc-start>
<allocation-stats totalBytes="27449808" >
  <allocated-bytes non-tlh="39712" tlh="27410096" />
  <largest-consumer threadName="main" threadId="0000000001BEEF00" bytes="27449808" />
</allocation-stats>
<gc-op id="4842" type="mark" timems="8.780" contextid="4839" timestamp="2019-08-04T20:02:50.054">
  <trace-info objectcount="596575" scancount="517587" scanbytes="13283764" />
  <finalization candidates="80" enqueued="0" />
  <ownableSynchronizers candidates="21" cleared="0" />
  <references type="soft" candidates="1849" cleared="0" enqueued="0" dynamicThreshold="19" maxThreshold="32" />
  <references type="weak" candidates="5768" cleared="0" enqueued="0" />
  <references type="phantom" candidates="97" cleared="0" enqueued="0" />
  <stringconstants candidates="13258" cleared="0"  />
</gc-op>
<gc-op id="4843" type="sweep" timems="1.938" contextid="4839" timestamp="2019-08-04T20:02:50.056" />
<gc-end id="4844" type="global" contextid="4839" durationms="10.873" usertimems="56.275" systemtimems="0.000" timestamp="2019-08-04T20:02:50.057" activeThreads="16">
  <mem-info id="4845" free="28075080" total="46137344" percent="60">
    <mem type="tenure" free="28075080" total="46137344" percent="60" micro-fragmented="79501" macro-fragmented="0">
      <mem type="soa" free="27614280" total="45676544" percent="60" />
      <mem type="loa" free="460800" total="460800" percent="100" />
    </mem>
  </mem-info>
</gc-end>
<cycle-end id="4846" type="global" contextid="4839" timestamp="2019-08-04T20:02:50.057">
  <attribute name="GC Util" value="537" />
  <attribute name="CPU Util" value="2098550338795" />
  <attribute name="Time Running"value="117668"/>
  <attribute name="Number of cores"value="16"/>
</cycle-end>
<allocation-satisfied id="4847" threadId="0000000001BEEF00" bytesRequested="1168" />
<af-end id="4848" timestamp="2019-08-04T20:02:50.057" threadId="0000000001BEF888" success="true" />
<exclusive-end id="4849" timestamp="2019-08-04T20:02:50.057" durationms="11.050" />

<exclusive-start id="4850" timestamp="2019-08-04T20:02:50.059" intervalms="13.844">
  <response-info timems="0.017" idlems="0.017" threads="0" lastid="0000000001BEEF00" lastname="main" />
</exclusive-start>
<af-start id="4851" threadId="0000000001BEF888" totalBytesRequested="1168" timestamp="2019-08-04T20:02:50.059" intervalms="13.844" />
<cycle-start id="4852" type="global" contextid="0" timestamp="2019-08-04T20:02:50.059" intervalms="13.844" />
  <attribute name="GC Util" value="537" />
  <attribute name="CPU Util" value="2098550338795" />
  <attribute name="Time Running"value="117668"/>
  <attribute name="Number of cores"value="16"/>
<gc-start id="4853" type="global" contextid="4852" timestamp="2019-08-04T20:02:50.059">
  <mem-info id="4854" free="460800" total="46137344" percent="0">
    <mem type="tenure" free="460800" total="46137344" percent="0">
      <mem type="soa" free="0" total="45676544" percent="0" />
      <mem type="loa" free="460800" total="460800" percent="100" />
    </mem>
  </mem-info>
</gc-start>
<allocation-stats totalBytes="27449784" >
  <allocated-bytes non-tlh="38544" tlh="27411240" />
  <largest-consumer threadName="main" threadId="0000000001BEEF00" bytes="27449784" />
</allocation-stats>
<gc-op id="4855" type="mark" timems="9.149" contextid="4852" timestamp="2019-08-04T20:02:50.069">
  <trace-info objectcount="596575" scancount="517584" scanbytes="13283764" />
  <finalization candidates="80" enqueued="0" />
  <ownableSynchronizers candidates="21" cleared="0" />
  <references type="soft" candidates="1849" cleared="0" enqueued="0" dynamicThreshold="19" maxThreshold="32" />
  <references type="weak" candidates="5768" cleared="0" enqueued="0" />
  <references type="phantom" candidates="97" cleared="0" enqueued="0" />
  <stringconstants candidates="13258" cleared="0"  />
</gc-op>
<gc-op id="4856" type="sweep" timems="1.585" contextid="4852" timestamp="2019-08-04T20:02:50.070" />
<gc-end id="4857" type="global" contextid="4852" durationms="10.889" usertimems="60.723" systemtimems="0.000" timestamp="2019-08-04T20:02:50.070" activeThreads="16">
  <mem-info id="4858" free="28075720" total="46137344" percent="60">
    <mem type="tenure" free="28075720" total="46137344" percent="60" micro-fragmented="79501" macro-fragmented="0">
      <mem type="soa" free="27614920" total="45676544" percent="60" />
      <mem type="loa" free="460800" total="460800" percent="100" />
    </mem>
  </mem-info>
</gc-end>
<cycle-end id="4859" type="global" contextid="4852" timestamp="2019-08-04T20:02:50.070">
  <attribute name="GC Util" value="560" />
  <attribute name="CPU Util" value="2011734490098" />
  <attribute name="Time Running"value="117682"/>
  <attribute name="Number of cores"value="16"/>
</cycle-end>
<allocation-satisfied id="4860" threadId="0000000001BEEF00" bytesRequested="1168" />
<af-end id="4861" timestamp="2019-08-04T20:02:50.070" threadId="0000000001BEF888" success="true" />
<exclusive-end id="4862" timestamp="2019-08-04T20:02:50.070" durationms="11.069" />

<exclusive-start id="4863" timestamp="2019-08-04T20:02:50.073" intervalms="13.875">
  <response-info timems="0.033" idlems="0.033" threads="0" lastid="0000000001BEEF00" lastname="main" />
</exclusive-start>
<af-start id="4864" threadId="0000000001BEF888" totalBytesRequested="1168" timestamp="2019-08-04T20:02:50.073" intervalms="13.882" />
<cycle-start id="4865" type="global" contextid="0" timestamp="2019-08-04T20:02:50.073" intervalms="13.883" />
  <attribute name="GC Util" value="560" />
  <attribute name="CPU Util" value="2011734490098" />
  <attribute name="Time Running"value="117682"/>
  <attribute name="Number of cores"value="16"/>
<gc-start id="4866" type="global" contextid="4865" timestamp="2019-08-04T20:02:50.073">
  <mem-info id="4867" free="460800" total="46137344" percent="0">
    <mem type="tenure" free="460800" total="46137344" percent="0">
      <mem type="soa" free="0" total="45676544" percent="0" />
      <mem type="loa" free="460800" total="460800" percent="100" />
    </mem>
  </mem-info>
</gc-start>
<allocation-stats totalBytes="27449808" >
  <allocated-bytes non-tlh="38544" tlh="27411264" />
  <largest-consumer threadName="main" threadId="0000000001BEEF00" bytes="27449808" />
</allocation-stats>
<gc-op id="4868" type="mark" timems="10.556" contextid="4865" timestamp="2019-08-04T20:02:50.084">
  <trace-info objectcount="596575" scancount="517586" scanbytes="13283764" />
  <finalization candidates="80" enqueued="0" />
  <ownableSynchronizers candidates="21" cleared="0" />
  <references type="soft" candidates="1849" cleared="0" enqueued="0" dynamicThreshold="19" maxThreshold="32" />
  <references type="weak" candidates="5768" cleared="0" enqueued="0" />
  <references type="phantom" candidates="97" cleared="0" enqueued="0" />
  <stringconstants candidates="13258" cleared="0"  />
</gc-op>
<gc-op id="4869" type="sweep" timems="2.508" contextid="4865" timestamp="2019-08-04T20:02:50.087" />
<gc-end id="4870" type="global" contextid="4865" durationms="13.242" usertimems="48.098" systemtimems="0.000" timestamp="2019-08-04T20:02:50.087" activeThreads="16">
  <mem-info id="4871" free="28075816" total="46137344" percent="60">
    <mem type="tenure" free="28075816" total="46137344" percent="60" micro-fragmented="79501" macro-fragmented="0">
      <mem type="soa" free="27615016" total="45676544" percent="60" />
      <mem type="loa" free="460800" total="460800" percent="100" />
    </mem>
  </mem-info>
</gc-end>
<cycle-end id="4872" type="global" contextid="4865" timestamp="2019-08-04T20:02:50.087">
  <attribute name="GC Util" value="346" />
  <attribute name="CPU Util" value="1744784771735" />
  <attribute name="Time Running"value="117697"/>
  <attribute name="Number of cores"value="16"/>
</cycle-end>
<allocation-satisfied id="4873" threadId="0000000001BEEF00" bytesRequested="1168" />
<af-end id="4874" timestamp="2019-08-04T20:02:50.087" threadId="0000000001BEF888" success="true" />
<exclusive-end id="4875" timestamp="2019-08-04T20:02:50.087" durationms="13.426" />

<exclusive-start id="4876" timestamp="2019-08-04T20:02:50.090" intervalms="16.456">
  <response-info timems="0.018" idlems="0.018" threads="0" lastid="0000000001BEEF00" lastname="main" />
</exclusive-start>
<af-start id="4877" threadId="0000000001BEF888" totalBytesRequested="1168" timestamp="2019-08-04T20:02:50.090" intervalms="16.451" />
<cycle-start id="4878" type="global" contextid="0" timestamp="2019-08-04T20:02:50.090" intervalms="16.451" />
  <attribute name="GC Util" value="346" />
  <attribute name="CPU Util" value="1744784771735" />
  <attribute name="Time Running"value="117697"/>
  <attribute name="Number of cores"value="16"/>
<gc-start id="4879" type="global" contextid="4878" timestamp="2019-08-04T20:02:50.090">
  <mem-info id="4880" free="460800" total="46137344" percent="0">
    <mem type="tenure" free="460800" total="46137344" percent="0">
      <mem type="soa" free="0" total="45676544" percent="0" />
      <mem type="loa" free="460800" total="460800" percent="100" />
    </mem>
  </mem-info>
</gc-start>
<allocation-stats totalBytes="27451016" >
  <allocated-bytes non-tlh="39712" tlh="27411304" />
  <largest-consumer threadName="main" threadId="0000000001BEEF00" bytes="27451016" />
</allocation-stats>
<gc-op id="4881" type="mark" timems="9.020" contextid="4878" timestamp="2019-08-04T20:02:50.099">
  <trace-info objectcount="596575" scancount="517584" scanbytes="13283764" />
  <finalization candidates="80" enqueued="0" />
  <ownableSynchronizers candidates="21" cleared="0" />
  <references type="soft" candidates="1849" cleared="0" enqueued="0" dynamicThreshold="19" maxThreshold="32" />
  <references type="weak" candidates="5768" cleared="0" enqueued="0" />
  <references type="phantom" candidates="97" cleared="0" enqueued="0" />
  <stringconstants candidates="13258" cleared="0"  />
</gc-op>
<gc-op id="4882" type="sweep" timems="1.955" contextid="4878" timestamp="2019-08-04T20:02:50.101" />
<gc-end id="4883" type="global" contextid="4878" durationms="11.175" usertimems="64.252" systemtimems="0.000" timestamp="2019-08-04T20:02:50.101" activeThreads="16">
  <mem-info id="4884" free="28075816" total="46137344" percent="60">
    <mem type="tenure" free="28075816" total="46137344" percent="60" micro-fragmented="79501" macro-fragmented="0">
      <mem type="soa" free="27615016" total="45676544" percent="60" />
      <mem type="loa" free="460800" total="460800" percent="100" />
    </mem>
  </mem-info>
</gc-end>
<cycle-end id="4885" type="global" contextid="4878" timestamp="2019-08-04T20:02:50.101">
  <attribute name="GC Util" value="596" />
  <attribute name="CPU Util" value="2045329198602" />
  <attribute name="Time Running"value="117712"/>
  <attribute name="Number of cores"value="16"/>
</cycle-end>
<allocation-satisfied id="4886" threadId="0000000001BEEF00" bytesRequested="1168" />
<af-end id="4887" timestamp="2019-08-04T20:02:50.101" threadId="0000000001BEF888" success="true" />
<exclusive-end id="4888" timestamp="2019-08-04T20:02:50.101" durationms="11.359" />

<exclusive-start id="4889" timestamp="2019-08-04T20:02:50.104" intervalms="14.157">
  <response-info timems="0.017" idlems="0.017" threads="0" lastid="0000000001BEEF00" lastname="main" />
</exclusive-start>
<af-start id="4890" threadId="0000000001BEF888" totalBytesRequested="1168" timestamp="2019-08-04T20:02:50.104" intervalms="14.162" />
<cycle-start id="4891" type="global" contextid="0" timestamp="2019-08-04T20:02:50.104" intervalms="14.168" />
  <attribute name="GC Util" value="596" />
  <attribute name="CPU Util" value="2045329198602" />
  <attribute name="Time Running"value="117712"/>
  <attribute name="Number of cores"value="16"/>
<gc-start id="4892" type="global" contextid="4891" timestamp="2019-08-04T20:02:50.104">
  <mem-info id="4893" free="460800" total="46137344" percent="0">
    <mem type="tenure" free="460800" total="46137344" percent="0">
      <mem type="soa" free="0" total="45676544" percent="0" />
      <mem type="loa" free="460800" total="460800" percent="100" />
    </mem>
  </mem-info>
</gc-start>
<allocation-stats totalBytes="27448576" >
  <allocated-bytes non-tlh="39712" tlh="27408864" />
  <largest-consumer threadName="main" threadId="0000000001BEEF00" bytes="27448576" />
</allocation-stats>
<gc-op id="4894" type="mark" timems="10.383" contextid="4891" timestamp="2019-08-04T20:02:50.114">
  <trace-info objectcount="596223" scancount="517231" scanbytes="13272408" />
  <finalization candidates="80" enqueued="0" />
  <ownableSynchronizers candidates="21" cleared="0" />
  <references type="soft" candidates="1849" cleared="6" enqueued="6" dynamicThreshold="19" maxThreshold="32" />
  <references type="weak" candidates="5768" cleared="0" enqueued="0" />
  <references type="phantom" candidates="97" cleared="0" enqueued="0" />
  <stringconstants candidates="13258" cleared="0"  />
</gc-op>
<gc-op id="4895" type="sweep" timems="1.704" contextid="4891" timestamp="2019-08-04T20:02:50.116" />
<gc-end id="4896" type="global" contextid="4891" durationms="12.508" usertimems="65.064" systemtimems="0.000" timestamp="2019-08-04T20:02:50.117" activeThreads="16">
  <mem-info id="4897" free="28092088" total="46137344" percent="60">
    <mem type="tenure" free="28092088" total="46137344" percent="60" micro-fragmented="79501" macro-fragmented="0">
      <mem type="soa" free="27631288" total="45676544" percent="60" />
      <mem type="loa" free="460800" total="460800" percent="100" />
    </mem>
    <pending-finalizers system="0" default="0" reference="6" classloader="0" />
  </mem-info>
</gc-end>
<cycle-end id="4898" type="global" contextid="4891" timestamp="2019-08-04T20:02:50.117">
  <attribute name="GC Util" value="518" />
  <attribute name="CPU Util" value="1739714629291" />
  <attribute name="Time Running"value="117728"/>
  <attribute name="Number of cores"value="16"/>
</cycle-end>
<allocation-satisfied id="4899" threadId="0000000001BEEF00" bytesRequested="1168" />
<af-end id="4900" timestamp="2019-08-04T20:02:50.117" threadId="0000000001BEF888" success="true" />
<exclusive-end id="4901" timestamp="2019-08-04T20:02:50.117" durationms="12.789" />

<exclusive-start id="4902" timestamp="2019-08-04T20:02:50.120" intervalms="15.916">
  <response-info timems="0.019" idlems="0.019" threads="0" lastid="0000000001BEEF00" lastname="main" />
</exclusive-start>
<af-start id="4903" threadId="0000000001BEF888" totalBytesRequested="1168" timestamp="2019-08-04T20:02:50.120" intervalms="15.918" />
<cycle-start id="4904" type="global" contextid="0" timestamp="2019-08-04T20:02:50.120" intervalms="15.913" />
  <attribute name="GC Util" value="518" />
  <attribute name="CPU Util" value="1739714629291" />
  <attribute name="Time Running"value="117728"/>
  <attribute name="Number of cores"value="16"/>
<gc-start id="4905" type="global" contextid="4904" timestamp="2019-08-04T20:02:50.120">
  <mem-info id="4906" free="460800" total="46137344" percent="0">
    <mem type="tenure" free="460800" total="46137344" percent="0">
      <mem type="soa" free="0" total="45676544" percent="0" />
      <mem type="loa" free="460800" total="460800" percent="100" />
    </mem>
  </mem-info>
</gc-start>
<allocation-stats totalBytes="27467032" >
  <allocated-bytes non-tlh="37376" tlh="27429656" />
  <largest-consumer threadName="main" threadId="0000000001BEEF00" bytes="27467032" />
</allocation-stats>
<gc-op id="4907" type="mark" timems="9.473" contextid="4904" timestamp="2019-08-04T20:02:50.129">
  <trace-info objectcount="596209" scancount="517221" scanbytes="13271880" />
  <finalization candidates="80" enqueued="0" />
  <ownableSynchronizers candidates="21" cleared="0" />
  <references type="soft" candidates="1843" cleared="0" enqueued="0" dynamicThreshold="19" maxThreshold="32" />
  <references type="weak" candidates="5768" cleared="0" enqueued="0" />
  <references type="phantom" candidates="97" cleared="0" enqueued="0" />
  <stringconstants candidates="13258" cleared="0"  />
</gc-op>
<gc-op id="4908" type="sweep" timems="1.814" contextid="4904" timestamp="2019-08-04T20:02:50.131" />
<gc-end id="4909" type="global" contextid="4904" durationms="11.484" usertimems="64.087" systemtimems="0.000" timestamp="2019-08-04T20:02:50.131" activeThreads="16">
  <mem-info id="4910" free="28094120" total="46137344" percent="60">
    <mem type="tenure" free="28094120" total="46137344" percent="60" micro-fragmented="79501" macro-fragmented="0">
      <mem type="soa" free="27633320" total="45676544" percent="60" />
      <mem type="loa" free="460800" total="460800" percent="100" />
    </mem>
  </mem-info>
</gc-end>
<cycle-end id="4911" type="global" contextid="4904" timestamp="2019-08-04T20:02:50.131">
  <attribute name="GC Util" value="597" />
  <attribute name="CPU Util" value="1947333968364" />
  <attribute name="Time Running"value="117743"/>
  <attribute name="Number of cores"value="16"/>
</cycle-end>
<allocation-satisfied id="4912" threadId="0000000001BEEF00" bytesRequested="1168" />
<af-end id="4913" timestamp="2019-08-04T20:02:50.131" threadId="0000000001BEF888" success="true" />
<exclusive-end id="4914" timestamp="2019-08-04T20:02:50.132" durationms="11.713" />

<exclusive-start id="4915" timestamp="2019-08-04T20:02:50.135" intervalms="14.717">
  <response-info timems="0.021" idlems="0.021" threads="0" lastid="0000000001BEEF00" lastname="main" />
</exclusive-start>
<af-start id="4916" threadId="0000000001BEF888" totalBytesRequested="1168" timestamp="2019-08-04T20:02:50.135" intervalms="14.718" />
<cycle-start id="4917" type="global" contextid="0" timestamp="2019-08-04T20:02:50.135" intervalms="14.717" />
  <attribute name="GC Util" value="597" />
  <attribute name="CPU Util" value="1947333968364" />
  <attribute name="Time Running"value="117743"/>
  <attribute name="Number of cores"value="16"/>
<gc-start id="4918" type="global" contextid="4917" timestamp="2019-08-04T20:02:50.135">
  <mem-info id="4919" free="460800" total="46137344" percent="0">
    <mem type="tenure" free="460800" total="46137344" percent="0">
      <mem type="soa" free="0" total="45676544" percent="0" />
      <mem type="loa" free="460800" total="460800" percent="100" />
    </mem>
  </mem-info>
</gc-start>
<allocation-stats totalBytes="27467056" >
  <allocated-bytes non-tlh="40880" tlh="27426176" />
  <largest-consumer threadName="main" threadId="0000000001BEEF00" bytes="27467056" />
</allocation-stats>
<gc-op id="4920" type="mark" timems="9.349" contextid="4917" timestamp="2019-08-04T20:02:50.144">
  <trace-info objectcount="596209" scancount="517216" scanbytes="13271880" />
  <finalization candidates="80" enqueued="0" />
  <ownableSynchronizers candidates="21" cleared="0" />
  <references type="soft" candidates="1843" cleared="0" enqueued="0" dynamicThreshold="19" maxThreshold="32" />
  <references type="weak" candidates="5768" cleared="0" enqueued="0" />
  <references type="phantom" candidates="97" cleared="0" enqueued="0" />
  <stringconstants candidates="13258" cleared="0"  />
</gc-op>
<gc-op id="4921" type="sweep" timems="2.648" contextid="4917" timestamp="2019-08-04T20:02:50.147" />
<gc-end id="4922" type="global" contextid="4917" durationms="12.233" usertimems="68.374" systemtimems="0.000" timestamp="2019-08-04T20:02:50.147" activeThreads="16">
  <mem-info id="4923" free="28094120" total="46137344" percent="60">
    <mem type="tenure" free="28094120" total="46137344" percent="60" micro-fragmented="79501" macro-fragmented="0">
      <mem type="soa" free="27633320" total="45676544" percent="60" />
      <mem type="loa" free="460800" total="460800" percent="100" />
    </mem>
  </mem-info>
</gc-end>
<cycle-end id="4924" type="global" contextid="4917" timestamp="2019-08-04T20:02:50.147">
  <attribute name="GC Util" value="663" />
  <attribute name="CPU Util" value="1970282487891" />
  <attribute name="Time Running"value="117757"/>
  <attribute name="Number of cores"value="16"/>
</cycle-end>
<allocation-satisfied id="4925" threadId="0000000001BEEF00" bytesRequested="1168" />
<af-end id="4926" timestamp="2019-08-04T20:02:50.147" threadId="0000000001BEF888" success="true" />
<exclusive-end id="4927" timestamp="2019-08-04T20:02:50.147" durationms="12.457" />

<exclusive-start id="4928" timestamp="2019-08-04T20:02:50.151" intervalms="16.024">
  <response-info timems="0.042" idlems="0.042" threads="0" lastid="0000000001BEEF00" lastname="main" />
</exclusive-start>
<af-start id="4929" threadId="0000000001BEF888" totalBytesRequested="1168" timestamp="2019-08-04T20:02:50.151" intervalms="16.023" />
<cycle-start id="4930" type="global" contextid="0" timestamp="2019-08-04T20:02:50.151" intervalms="16.024" />
  <attribute name="GC Util" value="663" />
  <attribute name="CPU Util" value="1970282487891" />
  <attribute name="Time Running"value="117757"/>
  <attribute name="Number of cores"value="16"/>
<gc-start id="4931" type="global" contextid="4930" timestamp="2019-08-04T20:02:50.151">
  <mem-info id="4932" free="460800" total="46137344" percent="0">
    <mem type="tenure" free="460800" total="46137344" percent="0">
      <mem type="soa" free="0" total="45676544" percent="0" />
      <mem type="loa" free="460800" total="460800" percent="100" />
    </mem>
  </mem-info>
</gc-start>
<allocation-stats totalBytes="27467056" >
  <allocated-bytes non-tlh="40880" tlh="27426176" />
  <largest-consumer threadName="main" threadId="0000000001BEEF00" bytes="27467056" />
</allocation-stats>
<gc-op id="4933" type="mark" timems="10.364" contextid="4930" timestamp="2019-08-04T20:02:50.161">
  <trace-info objectcount="596209" scancount="517219" scanbytes="13271880" />
  <finalization candidates="80" enqueued="0" />
  <ownableSynchronizers candidates="21" cleared="0" />
  <references type="soft" candidates="1843" cleared="0" enqueued="0" dynamicThreshold="19" maxThreshold="32" />
  <references type="weak" candidates="5768" cleared="0" enqueued="0" />
  <references type="phantom" candidates="97" cleared="0" enqueued="0" />
  <stringconstants candidates="13258" cleared="0"  />
</gc-op>
<gc-op id="4934" type="sweep" timems="3.006" contextid="4930" timestamp="2019-08-04T20:02:50.164" />
<gc-end id="4935" type="global" contextid="4930" durationms="13.597" usertimems="62.566" systemtimems="0.000" timestamp="2019-08-04T20:02:50.164" activeThreads="16">
  <mem-info id="4936" free="28093392" total="46137344" percent="60">
    <mem type="tenure" free="28093392" total="46137344" percent="60" micro-fragmented="79501" macro-fragmented="67617">
      <mem type="soa" free="27632592" total="45676544" percent="60" />
      <mem type="loa" free="460800" total="460800" percent="100" />
    </mem>
  </mem-info>
</gc-end>
<cycle-end id="4937" type="global" contextid="4930" timestamp="2019-08-04T20:02:50.164">
  <attribute name="GC Util" value="498" />
  <attribute name="CPU Util" value="1749832095924" />
  <attribute name="Time Running"value="117774"/>
  <attribute name="Number of cores"value="16"/>
</cycle-end>
<allocation-satisfied id="4938" threadId="0000000001BEEF00" bytesRequested="1168" />
<af-end id="4939" timestamp="2019-08-04T20:02:50.164" threadId="0000000001BEF888" success="true" />
<exclusive-end id="4940" timestamp="2019-08-04T20:02:50.164" durationms="13.818" />

<exclusive-start id="4941" timestamp="2019-08-04T20:02:50.167" intervalms="16.836">
  <response-info timems="0.020" idlems="0.020" threads="0" lastid="0000000001BEEF00" lastname="main" />
</exclusive-start>
<af-start id="4942" threadId="0000000001BEF888" totalBytesRequested="1168" timestamp="2019-08-04T20:02:50.167" intervalms="16.835" />
<cycle-start id="4943" type="global" contextid="0" timestamp="2019-08-04T20:02:50.167" intervalms="16.858" />
  <attribute name="GC Util" value="498" />
  <attribute name="CPU Util" value="1749832095924" />
  <attribute name="Time Running"value="117774"/>
  <attribute name="Number of cores"value="16"/>
<gc-start id="4944" type="global" contextid="4943" timestamp="2019-08-04T20:02:50.168">
  <mem-info id="4945" free="460800" total="46137344" percent="0">
    <mem type="tenure" free="460800" total="46137344" percent="0">
      <mem type="soa" free="0" total="45676544" percent="0" />
      <mem type="loa" free="460800" total="460800" percent="100" />
    </mem>
  </mem-info>
</gc-start>
<allocation-stats totalBytes="27465824" >
  <allocated-bytes non-tlh="39712" tlh="27426112" />
  <largest-consumer threadName="main" threadId="0000000001BEEF00" bytes="27465824" />
</allocation-stats>
<gc-op id="4946" type="mark" timems="8.201" contextid="4943" timestamp="2019-08-04T20:02:50.176">
  <trace-info objectcount="596209" scancount="517217" scanbytes="13271880" />
  <finalization candidates="80" enqueued="0" />
  <ownableSynchronizers candidates="21" cleared="0" />
  <references type="soft" candidates="1843" cleared="0" enqueued="0" dynamicThreshold="19" maxThreshold="32" />
  <references type="weak" candidates="5768" cleared="0" enqueued="0" />
  <references type="phantom" candidates="97" cleared="0" enqueued="0" />
  <stringconstants candidates="13258" cleared="0"  />
</gc-op>
<gc-op id="4947" type="sweep" timems="1.784" contextid="4943" timestamp="2019-08-04T20:02:50.178" />
<gc-end id="4948" type="global" contextid="4943" durationms="10.149" usertimems="58.287" systemtimems="0.000" timestamp="2019-08-04T20:02:50.178" activeThreads="16">
  <mem-info id="4949" free="28094120" total="46137344" percent="60">
    <mem type="tenure" free="28094120" total="46137344" percent="60" micro-fragmented="79501" macro-fragmented="0">
      <mem type="soa" free="27633320" total="45676544" percent="60" />
      <mem type="loa" free="460800" total="460800" percent="100" />
    </mem>
  </mem-info>
</gc-end>
<cycle-end id="4950" type="global" contextid="4943" timestamp="2019-08-04T20:02:50.178">
  <attribute name="GC Util" value="583" />
  <attribute name="CPU Util" value="2247945532141" />
  <attribute name="Time Running"value="117789"/>
  <attribute name="Number of cores"value="16"/>
</cycle-end>
<allocation-satisfied id="4951" threadId="0000000001BEEF00" bytesRequested="1168" />
<af-end id="4952" timestamp="2019-08-04T20:02:50.178" threadId="0000000001BEF888" success="true" />
<exclusive-end id="4953" timestamp="2019-08-04T20:02:50.178" durationms="10.359" />

<exclusive-start id="4954" timestamp="2019-08-04T20:02:50.181" intervalms="13.305">
  <response-info timems="0.018" idlems="0.018" threads="0" lastid="0000000001BEEF00" lastname="main" />
</exclusive-start>
<af-start id="4955" threadId="0000000001BEF888" totalBytesRequested="1168" timestamp="2019-08-04T20:02:50.181" intervalms="13.305" />
<cycle-start id="4956" type="global" contextid="0" timestamp="2019-08-04T20:02:50.181" intervalms="13.280" />
  <attribute name="GC Util" value="583" />
  <attribute name="CPU Util" value="2247945532141" />
  <attribute name="Time Running"value="117789"/>
  <attribute name="Number of cores"value="16"/>
<gc-start id="4957" type="global" contextid="4956" timestamp="2019-08-04T20:02:50.181">
  <mem-info id="4958" free="460800" total="46137344" percent="0">
    <mem type="tenure" free="460800" total="46137344" percent="0">
      <mem type="soa" free="0" total="45676544" percent="0" />
      <mem type="loa" free="460800" total="460800" percent="100" />
    </mem>
  </mem-info>
</gc-start>
<allocation-stats totalBytes="27465800" >
  <allocated-bytes non-tlh="40880" tlh="27424920" />
  <largest-consumer threadName="main" threadId="0000000001BEEF00" bytes="27465800" />
</allocation-stats>
<gc-op id="4959" type="mark" timems="9.103" contextid="4956" timestamp="2019-08-04T20:02:50.190">
  <trace-info objectcount="596209" scancount="517217" scanbytes="13271880" />
  <finalization candidates="80" enqueued="0" />
  <ownableSynchronizers candidates="21" cleared="0" />
  <references type="soft" candidates="1843" cleared="0" enqueued="0" dynamicThreshold="19" maxThreshold="32" />
  <references type="weak" candidates="5768" cleared="0" enqueued="0" />
  <references type="phantom" candidates="97" cleared="0" enqueued="0" />
  <stringconstants candidates="13258" cleared="0"  />
</gc-op>
<gc-op id="4960" type="sweep" timems="1.550" contextid="4956" timestamp="2019-08-04T20:02:50.192" />
<gc-end id="4961" type="global" contextid="4956" durationms="10.812" usertimems="57.224" systemtimems="0.000" timestamp="2019-08-04T20:02:50.192" activeThreads="16">
  <mem-info id="4962" free="28094120" total="46137344" percent="60">
    <mem type="tenure" free="28094120" total="46137344" percent="60" micro-fragmented="79501" macro-fragmented="0">
      <mem type="soa" free="27633320" total="45676544" percent="60" />
      <mem type="loa" free="460800" total="460800" percent="100" />
    </mem>
  </mem-info>
</gc-end>
<cycle-end id="4963" type="global" contextid="4956" timestamp="2019-08-04T20:02:50.192">
  <attribute name="GC Util" value="528" />
  <attribute name="CPU Util" value="2021992220196" />
  <attribute name="Time Running"value="117803"/>
  <attribute name="Number of cores"value="16"/>
</cycle-end>
<allocation-satisfied id="4964" threadId="0000000001BEEF00" bytesRequested="1168" />
<af-end id="4965" timestamp="2019-08-04T20:02:50.192" threadId="0000000001BEF888" success="true" />
<exclusive-end id="4966" timestamp="2019-08-04T20:02:50.192" durationms="10.999" />

<exclusive-start id="4967" timestamp="2019-08-04T20:02:50.195" intervalms="14.500">
  <response-info timems="0.022" idlems="0.022" threads="0" lastid="0000000001BEEF00" lastname="main" />
</exclusive-start>
<af-start id="4968" threadId="0000000001BEF888" totalBytesRequested="1168" timestamp="2019-08-04T20:02:50.195" intervalms="14.522" />
<cycle-start id="4969" type="global" contextid="0" timestamp="2019-08-04T20:02:50.195" intervalms="14.533" />
  <attribute name="GC Util" value="528" />
  <attribute name="CPU Util" value="2021992220196" />
  <attribute name="Time Running"value="117803"/>
  <attribute name="Number of cores"value="16"/>
<gc-start id="4970" type="global" contextid="4969" timestamp="2019-08-04T20:02:50.195">
  <mem-info id="4971" free="460800" total="46137344" percent="0">
    <mem type="tenure" free="460800" total="46137344" percent="0">
      <mem type="soa" free="0" total="45676544" percent="0" />
      <mem type="loa" free="460800" total="460800" percent="100" />
    </mem>
  </mem-info>
</gc-start>
<allocation-stats totalBytes="27411536" >
  <allocated-bytes non-tlh="40880" tlh="27370656" />
  <largest-consumer threadName="main" threadId="0000000001BEEF00" bytes="27411536" />
</allocation-stats>
<gc-op id="4972" type="mark" timems="11.708" contextid="4969" timestamp="2019-08-04T20:02:50.207">
  <trace-info objectcount="596209" scancount="517215" scanbytes="13271908" />
  <finalization candidates="80" enqueued="0" />
  <ownableSynchronizers candidates="21" cleared="0" />
  <references type="soft" candidates="1843" cleared="0" enqueued="0" dynamicThreshold="19" maxThreshold="32" />
  <references type="weak" candidates="5768" cleared="0" enqueued="0" />
  <references type="phantom" candidates="97" cleared="0" enqueued="0" />
  <stringconstants candidates="13258" cleared="0"  />
</gc-op>
<gc-op id="4973" type="sweep" timems="1.720" contextid="4969" timestamp="2019-08-04T20:02:50.209" />
<gc-end id="4974" type="global" contextid="4969" durationms="13.631" usertimems="61.707" systemtimems="0.000" timestamp="2019-08-04T20:02:50.209" activeThreads="16">
  <mem-info id="4975" free="28093976" total="46137344" percent="60">
    <mem type="tenure" free="28093976" total="46137344" percent="60" micro-fragmented="79501" macro-fragmented="0">
      <mem type="soa" free="27633176" total="45676544" percent="60" />
      <mem type="loa" free="460800" total="460800" percent="100" />
    </mem>
  </mem-info>
</gc-end>
<cycle-end id="4976" type="global" contextid="4969" timestamp="2019-08-04T20:02:50.209">
  <attribute name="GC Util" value="440" />
  <attribute name="CPU Util" value="1564600417535" />
  <attribute name="Time Running"value="117820"/>
  <attribute name="Number of cores"value="16"/>
</cycle-end>
<allocation-satisfied id="4977" threadId="0000000001BEEF00" bytesRequested="1168" />
<af-end id="4978" timestamp="2019-08-04T20:02:50.209" threadId="0000000001BEF888" success="true" />
<exclusive-end id="4979" timestamp="2019-08-04T20:02:50.209" durationms="13.883" />

<exclusive-start id="4980" timestamp="2019-08-04T20:02:50.213" intervalms="17.345">
  <response-info timems="0.019" idlems="0.019" threads="0" lastid="0000000001BEEF00" lastname="main" />
</exclusive-start>
<af-start id="4981" threadId="0000000001BEF888" totalBytesRequested="1168" timestamp="2019-08-04T20:02:50.213" intervalms="17.322" />
<cycle-start id="4982" type="global" contextid="0" timestamp="2019-08-04T20:02:50.213" intervalms="17.314" />
  <attribute name="GC Util" value="440" />
  <attribute name="CPU Util" value="1564600417535" />
  <attribute name="Time Running"value="117820"/>
  <attribute name="Number of cores"value="16"/>
<gc-start id="4983" type="global" contextid="4982" timestamp="2019-08-04T20:02:50.213">
  <mem-info id="4984" free="460800" total="46137344" percent="0">
    <mem type="tenure" free="460800" total="46137344" percent="0">
      <mem type="soa" free="0" total="45676544" percent="0" />
      <mem type="loa" free="460800" total="460800" percent="100" />
    </mem>
  </mem-info>
</gc-start>
<allocation-stats totalBytes="27391600" >
  <allocated-bytes non-tlh="39712" tlh="27351888" />
  <largest-consumer threadName="main" threadId="0000000001BEEF00" bytes="27391600" />
</allocation-stats>
<gc-op id="4985" type="mark" timems="11.028" contextid="4982" timestamp="2019-08-04T20:02:50.224">
  <trace-info objectcount="596209" scancount="517221" scanbytes="13271908" />
  <finalization candidates="80" enqueued="0" />
  <ownableSynchronizers candidates="21" cleared="0" />
  <references type="soft" candidates="1843" cleared="0" enqueued="0" dynamicThreshold="19" maxThreshold="32" />
  <references type="weak" candidates="5768" cleared="0" enqueued="0" />
  <references type="phantom" candidates="97" cleared="0" enqueued="0" />
  <stringconstants candidates="13258" cleared="0"  />
</gc-op>
<gc-op id="4986" type="sweep" timems="2.120" contextid="4982" timestamp="2019-08-04T20:02:50.226" />
<gc-end id="4987" type="global" contextid="4982" durationms="13.314" usertimems="70.465" systemtimems="0.000" timestamp="2019-08-04T20:02:50.226" activeThreads="16">
  <mem-info id="4988" free="28093976" total="46137344" percent="60">
    <mem type="tenure" free="28093976" total="46137344" percent="60" micro-fragmented="79501" macro-fragmented="0">
      <mem type="soa" free="27633176" total="45676544" percent="60" />
      <mem type="loa" free="460800" total="460800" percent="100" />
    </mem>
  </mem-info>
</gc-end>
<cycle-end id="4989" type="global" contextid="4982" timestamp="2019-08-04T20:02:50.226">
  <attribute name="GC Util" value="529" />
  <attribute name="CPU Util" value="1675366686882" />
  <attribute name="Time Running"value="117837"/>
  <attribute name="Number of cores"value="16"/>
</cycle-end>
<allocation-satisfied id="4990" threadId="0000000001BEEF00" bytesRequested="1168" />
<af-end id="4991" timestamp="2019-08-04T20:02:50.226" threadId="0000000001BEF888" success="true" />
<exclusive-end id="4992" timestamp="2019-08-04T20:02:50.226" durationms="13.503" />

<exclusive-start id="4993" timestamp="2019-08-04T20:02:50.229" intervalms="16.309">
  <response-info timems="0.018" idlems="0.018" threads="0" lastid="0000000001BEEF00" lastname="main" />
</exclusive-start>
<af-start id="4994" threadId="0000000001BEF888" totalBytesRequested="1168" timestamp="2019-08-04T20:02:50.229" intervalms="16.309" />
<cycle-start id="4995" type="global" contextid="0" timestamp="2019-08-04T20:02:50.229" intervalms="16.306" />
  <attribute name="GC Util" value="529" />
  <attribute name="CPU Util" value="1675366686882" />
  <attribute name="Time Running"value="117837"/>
  <attribute name="Number of cores"value="16"/>
<gc-start id="4996" type="global" contextid="4995" timestamp="2019-08-04T20:02:50.229">
  <mem-info id="4997" free="460800" total="46137344" percent="0">
    <mem type="tenure" free="460800" total="46137344" percent="0">
      <mem type="soa" free="0" total="45676544" percent="0" />
      <mem type="loa" free="460800" total="460800" percent="100" />
    </mem>
  </mem-info>
</gc-start>
<allocation-stats totalBytes="27398176" >
  <allocated-bytes non-tlh="39712" tlh="27358464" />
  <largest-consumer threadName="main" threadId="0000000001BEEF00" bytes="27398176" />
</allocation-stats>
<gc-op id="4998" type="mark" timems="10.708" contextid="4995" timestamp="2019-08-04T20:02:50.240">
  <trace-info objectcount="596210" scancount="517224" scanbytes="13271932" />
  <finalization candidates="80" enqueued="0" />
  <ownableSynchronizers candidates="21" cleared="0" />
  <references type="soft" candidates="1843" cleared="0" enqueued="0" dynamicThreshold="19" maxThreshold="32" />
  <references type="weak" candidates="5768" cleared="0" enqueued="0" />
  <references type="phantom" candidates="97" cleared="0" enqueued="0" />
  <stringconstants candidates="13258" cleared="0"  />
</gc-op>
<gc-op id="4999" type="sweep" timems="1.505" contextid="4995" timestamp="2019-08-04T20:02:50.241" />
<gc-end id="5000" type="global" contextid="4995" durationms="12.459" usertimems="65.684" systemtimems="0.000" timestamp="2019-08-04T20:02:50.241" activeThreads="16">
  <mem-info id="5001" free="28093952" total="46137344" percent="60">
    <mem type="tenure" free="28093952" total="46137344" percent="60" micro-fragmented="79501" macro-fragmented="0">
      <mem type="soa" free="27633152" total="45676544" percent="60" />
      <mem type="loa" free="460800" total="460800" percent="100" />
    </mem>
  </mem-info>
</gc-end>
<cycle-end id="5002" type="global" contextid="4995" timestamp="2019-08-04T20:02:50.241">
  <attribute name="GC Util" value="564" />
  <attribute name="CPU Util" value="1711709480537" />
  <attribute name="Time Running"value="117853"/>
  <attribute name="Number of cores"value="16"/>
</cycle-end>
<allocation-satisfied id="5003" threadId="0000000001BEEF00" bytesRequested="1168" />
<af-end id="5004" timestamp="2019-08-04T20:02:50.242" threadId="0000000001BEF888" success="true" />
<exclusive-end id="5005" timestamp="2019-08-04T20:02:50.242" durationms="12.721" />

<exclusive-start id="5006" timestamp="2019-08-04T20:02:50.245" intervalms="15.785">
  <response-info timems="0.021" idlems="0.021" threads="0" lastid="0000000001BEEF00" lastname="main" />
</exclusive-start>
<af-start id="5007" threadId="0000000001BEF888" totalBytesRequested="1168" timestamp="2019-08-04T20:02:50.245" intervalms="15.825" />
<cycle-start id="5008" type="global" contextid="0" timestamp="2019-08-04T20:02:50.245" intervalms="15.835" />
  <attribute name="GC Util" value="564" />
  <attribute name="CPU Util" value="1711709480537" />
  <attribute name="Time Running"value="117853"/>
  <attribute name="Number of cores"value="16"/>
<gc-start id="5009" type="global" contextid="5008" timestamp="2019-08-04T20:02:50.245">
  <mem-info id="5010" free="460800" total="46137344" percent="0">
    <mem type="tenure" free="460800" total="46137344" percent="0">
      <mem type="soa" free="0" total="45676544" percent="0" />
      <mem type="loa" free="460800" total="460800" percent="100" />
    </mem>
  </mem-info>
</gc-start>
<allocation-stats totalBytes="27400968" >
  <allocated-bytes non-tlh="39712" tlh="27361256" />
  <largest-consumer threadName="main" threadId="0000000001BEEF00" bytes="27400968" />
</allocation-stats>
<gc-op id="5011" type="mark" timems="8.773" contextid="5008" timestamp="2019-08-04T20:02:50.254">
  <trace-info objectcount="596210" scancount="517220" scanbytes="13271932" />
  <finalization candidates="80" enqueued="0" />
  <ownableSynchronizers candidates="21" cleared="0" />
  <references type="soft" candidates="1843" cleared="0" enqueued="0" dynamicThreshold="19" maxThreshold="32" />
  <references type="weak" candidates="5768" cleared="0" enqueued="0" />
  <references type="phantom" candidates="97" cleared="0" enqueued="0" />
  <stringconstants candidates="13258" cleared="0"  />
</gc-op>
<gc-op id="5012" type="sweep" timems="1.827" contextid="5008" timestamp="2019-08-04T20:02:50.256" />
<gc-end id="5013" type="global" contextid="5008" durationms="10.876" usertimems="57.546" systemtimems="0.000" timestamp="2019-08-04T20:02:50.256" activeThreads="16">
  <mem-info id="5014" free="28093952" total="46137344" percent="60">
    <mem type="tenure" free="28093952" total="46137344" percent="60" micro-fragmented="79501" macro-fragmented="0">
      <mem type="soa" free="27633152" total="45676544" percent="60" />
      <mem type="loa" free="460800" total="460800" percent="100" />
    </mem>
  </mem-info>
</gc-end>
<cycle-end id="5015" type="global" contextid="5008" timestamp="2019-08-04T20:02:50.256">
  <attribute name="GC Util" value="588" />
  <attribute name="CPU Util" value="2080396683477" />
  <attribute name="Time Running"value="117867"/>
  <attribute name="Number of cores"value="16"/>
</cycle-end>
<allocation-satisfied id="5016" threadId="0000000001BEEF00" bytesRequested="1168" />
<af-end id="5017" timestamp="2019-08-04T20:02:50.256" threadId="0000000001BEF888" success="true" />
<exclusive-end id="5018" timestamp="2019-08-04T20:02:50.256" durationms="11.229" />

<exclusive-start id="5019" timestamp="2019-08-04T20:02:50.259" intervalms="14.174">
  <response-info timems="0.021" idlems="0.021" threads="0" lastid="0000000001BEEF00" lastname="main" />
</exclusive-start>
<af-start id="5020" threadId="0000000001BEF888" totalBytesRequested="1168" timestamp="2019-08-04T20:02:50.259" intervalms="14.170" />
<cycle-start id="5021" type="global" contextid="0" timestamp="2019-08-04T20:02:50.259" intervalms="14.172" />
  <attribute name="GC Util" value="588" />
  <attribute name="CPU Util" value="2080396683477" />
  <attribute name="Time Running"value="117867"/>
  <attribute name="Number of cores"value="16"/>
<gc-start id="5022" type="global" contextid="5021" timestamp="2019-08-04T20:02:50.259">
  <mem-info id="5023" free="460800" total="46137344" percent="0">
    <mem type="tenure" free="460800" total="46137344" percent="0">
      <mem type="soa" free="0" total="45676544" percent="0" />
      <mem type="loa" free="460800" total="460800" percent="100" />
    </mem>
  </mem-info>
</gc-start>
<allocation-stats totalBytes="27402208" >
  <allocated-bytes non-tlh="39712" tlh="27362496" />
  <largest-consumer threadName="main" threadId="0000000001BEEF00" bytes="27402208" />
</allocation-stats>
<gc-op id="5024" type="mark" timems="9.756" contextid="5021" timestamp="2019-08-04T20:02:50.269">
  <trace-info objectcount="596210" scancount="517220" scanbytes="13271932" />
  <finalization candidates="80" enqueued="0" />
  <ownableSynchronizers candidates="21" cleared="0" />
  <references type="soft" candidates="1843" cleared="0" enqueued="0" dynamicThreshold="19" maxThreshold="32" />
  <references type="weak" candidates="5768" cleared="0" enqueued="0" />
  <references type="phantom" candidates="97" cleared="0" enqueued="0" />
  <stringconstants candidates="13258" cleared="0"  />
</gc-op>
<gc-op id="5025" type="sweep" timems="2.459" contextid="5021" timestamp="2019-08-04T20:02:50.271" />
<gc-end id="5026" type="global" contextid="5021" durationms="12.507" usertimems="58.822" systemtimems="0.000" timestamp="2019-08-04T20:02:50.272" activeThreads="16">
  <mem-info id="5027" free="28093952" total="46137344" percent="60">
    <mem type="tenure" free="28093952" total="46137344" percent="60" micro-fragmented="79501" macro-fragmented="0">
      <mem type="soa" free="27633152" total="45676544" percent="60" />
      <mem type="loa" free="460800" total="460800" percent="100" />
    </mem>
  </mem-info>
</gc-end>
<cycle-end id="5028" type="global" contextid="5021" timestamp="2019-08-04T20:02:50.272">
  <attribute name="GC Util" value="537" />
  <attribute name="CPU Util" value="1888738291347" />
  <attribute name="Time Running"value="117882"/>
  <attribute name="Number of cores"value="16"/>
</cycle-end>
<allocation-satisfied id="5029" threadId="0000000001BEEF00" bytesRequested="1168" />
<af-end id="5030" timestamp="2019-08-04T20:02:50.272" threadId="0000000001BEF888" success="true" />
<exclusive-end id="5031" timestamp="2019-08-04T20:02:50.272" durationms="12.881" />

<exclusive-start id="5032" timestamp="2019-08-04T20:02:50.275" intervalms="15.825">
  <response-info timems="0.022" idlems="0.022" threads="0" lastid="0000000001BEEF00" lastname="main" />
</exclusive-start>
<af-start id="5033" threadId="0000000001BEF888" totalBytesRequested="1168" timestamp="2019-08-04T20:02:50.276" intervalms="16.791" />
<cycle-start id="5034" type="global" contextid="0" timestamp="2019-08-04T20:02:50.276" intervalms="16.827" />
  <attribute name="GC Util" value="537" />
  <attribute name="CPU Util" value="1888738291347" />
  <attribute name="Time Running"value="117882"/>
  <attribute name="Number of cores"value="16"/>
<gc-start id="5035" type="global" contextid="5034" timestamp="2019-08-04T20:02:50.276">
  <mem-info id="5036" free="460800" total="46137344" percent="0">
    <mem type="tenure" free="460800" total="46137344" percent="0">
      <mem type="soa" free="0" total="45676544" percent="0" />
      <mem type="loa" free="460800" total="460800" percent="100" />
    </mem>
  </mem-info>
</gc-start>
<allocation-stats totalBytes="27400944" >
  <allocated-bytes non-tlh="39712" tlh="27361232" />
  <largest-consumer threadName="main" threadId="0000000001BEEF00" bytes="27400944" />
</allocation-stats>
<gc-op id="5037" type="mark" timems="9.870" contextid="5034" timestamp="2019-08-04T20:02:50.286">
  <trace-info objectcount="596210" scancount="517223" scanbytes="13271932" />
  <finalization candidates="80" enqueued="0" />
  <ownableSynchronizers candidates="21" cleared="0" />
  <references type="soft" candidates="1843" cleared="0" enqueued="0" dynamicThreshold="19" maxThreshold="32" />
  <references type="weak" candidates="5768" cleared="0" enqueued="0" />
  <references type="phantom" candidates="97" cleared="0" enqueued="0" />
  <stringconstants candidates="13258" cleared="0"  />
</gc-op>
<gc-op id="5038" type="sweep" timems="1.636" contextid="5034" timestamp="2019-08-04T20:02:50.287" />
<gc-end id="5039" type="global" contextid="5034" durationms="11.812" usertimems="62.197" systemtimems="0.000" timestamp="2019-08-04T20:02:50.288" activeThreads="16">
  <mem-info id="5040" free="28093952" total="46137344" percent="60">
    <mem type="tenure" free="28093952" total="46137344" percent="60" micro-fragmented="79501" macro-fragmented="0">
      <mem type="soa" free="27633152" total="45676544" percent="60" />
      <mem type="loa" free="460800" total="460800" percent="100" />
    </mem>
  </mem-info>
</gc-end>
<cycle-end id="5041" type="global" contextid="5034" timestamp="2019-08-04T20:02:50.288">
  <attribute name="GC Util" value="574" />
  <attribute name="CPU Util" value="1857672161700" />
  <attribute name="Time Running"value="117899"/>
  <attribute name="Number of cores"value="16"/>
</cycle-end>
<allocation-satisfied id="5042" threadId="0000000001BEEF00" bytesRequested="1168" />
<af-end id="5043" timestamp="2019-08-04T20:02:50.288" threadId="0000000001BEF888" success="true" />
<exclusive-end id="5044" timestamp="2019-08-04T20:02:50.288" durationms="13.219" />

<exclusive-start id="5045" timestamp="2019-08-04T20:02:50.291" intervalms="16.111">
  <response-info timems="0.019" idlems="0.019" threads="0" lastid="0000000001BEEF00" lastname="main" />
</exclusive-start>
<af-start id="5046" threadId="0000000001BEF888" totalBytesRequested="1168" timestamp="2019-08-04T20:02:50.291" intervalms="15.175" />
<cycle-start id="5047" type="global" contextid="0" timestamp="2019-08-04T20:02:50.291" intervalms="15.161" />
  <attribute name="GC Util" value="574" />
  <attribute name="CPU Util" value="1857672161700" />
  <attribute name="Time Running"value="117899"/>
  <attribute name="Number of cores"value="16"/>
<gc-start id="5048" type="global" contextid="5047" timestamp="2019-08-04T20:02:50.291">
  <mem-info id="5049" free="460800" total="46137344" percent="0">
    <mem type="tenure" free="460800" total="46137344" percent="0">
      <mem type="soa" free="0" total="45676544" percent="0" />
      <mem type="loa" free="460800" total="460800" percent="100" />
    </mem>
  </mem-info>
</gc-start>
<allocation-stats totalBytes="27402208" >
  <allocated-bytes non-tlh="39712" tlh="27362496" />
  <largest-consumer threadName="main" threadId="0000000001BEEF00" bytes="27402208" />
</allocation-stats>
<gc-op id="5050" type="mark" timems="11.599" contextid="5047" timestamp="2019-08-04T20:02:50.303">
  <trace-info objectcount="596210" scancount="517222" scanbytes="13271932" />
  <finalization candidates="80" enqueued="0" />
  <ownableSynchronizers candidates="21" cleared="0" />
  <references type="soft" candidates="1843" cleared="0" enqueued="0" dynamicThreshold="19" maxThreshold="32" />
  <references type="weak" candidates="5768" cleared="0" enqueued="0" />
  <references type="phantom" candidates="97" cleared="0" enqueued="0" />
  <stringconstants candidates="13258" cleared="0"  />
</gc-op>
<gc-op id="5051" type="sweep" timems="1.848" contextid="5047" timestamp="2019-08-04T20:02:50.305" />
<gc-end id="5052" type="global" contextid="5047" durationms="13.755" usertimems="51.723" systemtimems="0.000" timestamp="2019-08-04T20:02:50.305" activeThreads="16">
  <mem-info id="5053" free="28093952" total="46137344" percent="60">
    <mem type="tenure" free="28093952" total="46137344" percent="60" micro-fragmented="79501" macro-fragmented="94120">
      <mem type="soa" free="27633152" total="45676544" percent="60" />
      <mem type="loa" free="460800" total="460800" percent="100" />
    </mem>
  </mem-info>
</gc-end>
<cycle-end id="5054" type="global" contextid="5047" timestamp="2019-08-04T20:02:50.305">
  <attribute name="GC Util" value="394" />
  <attribute name="CPU Util" value="1580816226444" />
  <attribute name="Time Running"value="117916"/>
  <attribute name="Number of cores"value="16"/>
</cycle-end>
<allocation-satisfied id="5055" threadId="0000000001BEEF00" bytesRequested="1168" />
<af-end id="5056" timestamp="2019-08-04T20:02:50.305" threadId="0000000001BEF888" success="true" />
<exclusive-end id="5057" timestamp="2019-08-04T20:02:50.305" durationms="14.169" />

<exclusive-start id="5058" timestamp="2019-08-04T20:02:50.309" intervalms="17.788">
  <response-info timems="0.022" idlems="0.022" threads="0" lastid="0000000001BEEF00" lastname="main" />
</exclusive-start>
<af-start id="5059" threadId="0000000001BEF888" totalBytesRequested="1168" timestamp="2019-08-04T20:02:50.309" intervalms="17.760" />
<cycle-start id="5060" type="global" contextid="0" timestamp="2019-08-04T20:02:50.309" intervalms="17.741" />
  <attribute name="GC Util" value="394" />
  <attribute name="CPU Util" value="1580816226444" />
  <attribute name="Time Running"value="117916"/>
  <attribute name="Number of cores"value="16"/>
<gc-start id="5061" type="global" contextid="5060" timestamp="2019-08-04T20:02:50.309">
  <mem-info id="5062" free="460800" total="46137344" percent="0">
    <mem type="tenure" free="460800" total="46137344" percent="0">
      <mem type="soa" free="0" total="45676544" percent="0" />
      <mem type="loa" free="460800" total="460800" percent="100" />
    </mem>
  </mem-info>
</gc-start>
<allocation-stats totalBytes="27400968" >
  <allocated-bytes non-tlh="39712" tlh="27361256" />
  <largest-consumer threadName="main" threadId="0000000001BEEF00" bytes="27400968" />
</allocation-stats>
<gc-op id="5063" type="mark" timems="10.120" contextid="5060" timestamp="2019-08-04T20:02:50.319">
  <trace-info objectcount="596210" scancount="517220" scanbytes="13271932" />
  <finalization candidates="80" enqueued="0" />
  <ownableSynchronizers candidates="21" cleared="0" />
  <references type="soft" candidates="1843" cleared="0" enqueued="0" dynamicThreshold="19" maxThreshold="32" />
  <references type="weak" candidates="5768" cleared="0" enqueued="0" />
  <references type="phantom" candidates="97" cleared="0" enqueued="0" />
  <stringconstants candidates="13258" cleared="0"  />
</gc-op>
<gc-op id="5064" type="sweep" timems="1.606" contextid="5060" timestamp="2019-08-04T20:02:50.321" />
<gc-end id="5065" type="global" contextid="5060" durationms="12.010" usertimems="59.269" systemtimems="0.000" timestamp="2019-08-04T20:02:50.321" activeThreads="16">
  <mem-info id="5066" free="28093952" total="46137344" percent="60">
    <mem type="tenure" free="28093952" total="46137344" percent="60" micro-fragmented="79501" macro-fragmented="0">
      <mem type="soa" free="27633152" total="45676544" percent="60" />
      <mem type="loa" free="460800" total="460800" percent="100" />
    </mem>
  </mem-info>
</gc-end>
<cycle-end id="5067" type="global" contextid="5060" timestamp="2019-08-04T20:02:50.321">
  <attribute name="GC Util" value="520" />
  <attribute name="CPU Util" value="1811375161253" />
  <attribute name="Time Running"value="117932"/>
  <attribute name="Number of cores"value="16"/>
</cycle-end>
<allocation-satisfied id="5068" threadId="0000000001BEEF00" bytesRequested="1168" />
<af-end id="5069" timestamp="2019-08-04T20:02:50.321" threadId="0000000001BEF888" success="true" />
<exclusive-end id="5070" timestamp="2019-08-04T20:02:50.321" durationms="12.425" />

<exclusive-start id="5071" timestamp="2019-08-04T20:02:50.324" intervalms="15.689">
  <response-info timems="0.024" idlems="0.024" threads="0" lastid="0000000001BEEF00" lastname="main" />
</exclusive-start>
<af-start id="5072" threadId="0000000001BEF888" totalBytesRequested="1168" timestamp="2019-08-04T20:02:50.324" intervalms="15.800" />
<cycle-start id="5073" type="global" contextid="0" timestamp="2019-08-04T20:02:50.324" intervalms="15.815" />
  <attribute name="GC Util" value="520" />
  <attribute name="CPU Util" value="1811375161253" />
  <attribute name="Time Running"value="117932"/>
  <attribute name="Number of cores"value="16"/>
<gc-start id="5074" type="global" contextid="5073" timestamp="2019-08-04T20:02:50.325">
  <mem-info id="5075" free="460800" total="46137344" percent="0">
    <mem type="tenure" free="460800" total="46137344" percent="0">
      <mem type="soa" free="0" total="45676544" percent="0" />
      <mem type="loa" free="460800" total="460800" percent="100" />
    </mem>
  </mem-info>
</gc-start>
<allocation-stats totalBytes="27399728" >
  <allocated-bytes non-tlh="39712" tlh="27360016" />
  <largest-consumer threadName="main" threadId="0000000001BEEF00" bytes="27399728" />
</allocation-stats>
<gc-op id="5076" type="mark" timems="10.254" contextid="5073" timestamp="2019-08-04T20:02:50.335">
  <trace-info objectcount="596210" scancount="517221" scanbytes="13271932" />
  <finalization candidates="80" enqueued="0" />
  <ownableSynchronizers candidates="21" cleared="0" />
  <references type="soft" candidates="1843" cleared="0" enqueued="0" dynamicThreshold="19" maxThreshold="32" />
  <references type="weak" candidates="5768" cleared="0" enqueued="0" />
  <references type="phantom" candidates="97" cleared="0" enqueued="0" />
  <stringconstants candidates="13258" cleared="0"  />
</gc-op>
<gc-op id="5077" type="sweep" timems="1.642" contextid="5073" timestamp="2019-08-04T20:02:50.337" />
<gc-end id="5078" type="global" contextid="5073" durationms="12.224" usertimems="65.658" systemtimems="0.000" timestamp="2019-08-04T20:02:50.337" activeThreads="16">
  <mem-info id="5079" free="28093952" total="46137344" percent="60">
    <mem type="tenure" free="28093952" total="46137344" percent="60" micro-fragmented="79501" macro-fragmented="0">
      <mem type="soa" free="27633152" total="45676544" percent="60" />
      <mem type="loa" free="460800" total="460800" percent="100" />
    </mem>
  </mem-info>
</gc-end>
<cycle-end id="5080" type="global" contextid="5073" timestamp="2019-08-04T20:02:50.337">
  <attribute name="GC Util" value="583" />
  <attribute name="CPU Util" value="1793334978401" />
  <attribute name="Time Running"value="117948"/>
  <attribute name="Number of cores"value="16"/>
</cycle-end>
<allocation-satisfied id="5081" threadId="0000000001BEEF00" bytesRequested="1168" />
<af-end id="5082" timestamp="2019-08-04T20:02:50.337" threadId="0000000001BEF888" success="true" />
<exclusive-end id="5083" timestamp="2019-08-04T20:02:50.337" durationms="12.784" />

<exclusive-start id="5084" timestamp="2019-08-04T20:02:50.340" intervalms="15.774">
  <response-info timems="0.021" idlems="0.021" threads="0" lastid="0000000001BEEF00" lastname="main" />
</exclusive-start>
<af-start id="5085" threadId="0000000001BEF888" totalBytesRequested="1168" timestamp="2019-08-04T20:02:50.340" intervalms="15.663" />
<cycle-start id="5086" type="global" contextid="0" timestamp="2019-08-04T20:02:50.340" intervalms="15.644" />
  <attribute name="GC Util" value="583" />
  <attribute name="CPU Util" value="1793334978401" />
  <attribute name="Time Running"value="117948"/>
  <attribute name="Number of cores"value="16"/>
<gc-start id="5087" type="global" contextid="5086" timestamp="2019-08-04T20:02:50.340">
  <mem-info id="5088" free="460800" total="46137344" percent="0">
    <mem type="tenure" free="460800" total="46137344" percent="0">
      <mem type="soa" free="0" total="45676544" percent="0" />
      <mem type="loa" free="460800" total="460800" percent="100" />
    </mem>
  </mem-info>
</gc-start>
<allocation-stats totalBytes="27402184" >
  <allocated-bytes non-tlh="39712" tlh="27362472" />
  <largest-consumer threadName="main" threadId="0000000001BEEF00" bytes="27402184" />
</allocation-stats>
<gc-op id="5089" type="mark" timems="11.012" contextid="5086" timestamp="2019-08-04T20:02:50.351">
  <trace-info objectcount="596210" scancount="517219" scanbytes="13271932" />
  <finalization candidates="80" enqueued="0" />
  <ownableSynchronizers candidates="21" cleared="0" />
  <references type="soft" candidates="1843" cleared="0" enqueued="0" dynamicThreshold="19" maxThreshold="32" />
  <references type="weak" candidates="5768" cleared="0" enqueued="0" />
  <references type="phantom" candidates="97" cleared="0" enqueued="0" />
  <stringconstants candidates="13258" cleared="0"  />
</gc-op>
<gc-op id="5090" type="sweep" timems="1.731" contextid="5086" timestamp="2019-08-04T20:02:50.353" />
<gc-end id="5091" type="global" contextid="5086" durationms="13.069" usertimems="56.219" systemtimems="0.000" timestamp="2019-08-04T20:02:50.353" activeThreads="16">
  <mem-info id="5092" free="28093952" total="46137344" percent="60">
    <mem type="tenure" free="28093952" total="46137344" percent="60" micro-fragmented="79501" macro-fragmented="0">
      <mem type="soa" free="27633152" total="45676544" percent="60" />
      <mem type="loa" free="460800" total="460800" percent="100" />
    </mem>
  </mem-info>
</gc-end>
<cycle-end id="5093" type="global" contextid="5086" timestamp="2019-08-04T20:02:50.353">
  <attribute name="GC Util" value="453" />
  <attribute name="CPU Util" value="1659546640590" />
  <attribute name="Time Running"value="117965"/>
  <attribute name="Number of cores"value="16"/>
</cycle-end>
<allocation-satisfied id="5094" threadId="0000000001BEEF00" bytesRequested="1168" />
<af-end id="5095" timestamp="2019-08-04T20:02:50.353" threadId="0000000001BEF888" success="true" />
<exclusive-end id="5096" timestamp="2019-08-04T20:02:50.353" durationms="13.473" />

<exclusive-start id="5097" timestamp="2019-08-04T20:02:50.357" intervalms="16.671">
  <response-info timems="0.023" idlems="0.023" threads="0" lastid="0000000001BEEF00" lastname="main" />
</exclusive-start>
<af-start id="5098" threadId="0000000001BEF888" totalBytesRequested="1168" timestamp="2019-08-04T20:02:50.357" intervalms="16.682" />
<cycle-start id="5099" type="global" contextid="0" timestamp="2019-08-04T20:02:50.357" intervalms="16.696" />
  <attribute name="GC Util" value="453" />
  <attribute name="CPU Util" value="1659546640590" />
  <attribute name="Time Running"value="117965"/>
  <attribute name="Number of cores"value="16"/>
<gc-start id="5100" type="global" contextid="5099" timestamp="2019-08-04T20:02:50.357">
  <mem-info id="5101" free="460800" total="46137344" percent="0">
    <mem type="tenure" free="460800" total="46137344" percent="0">
      <mem type="soa" free="0" total="45676544" percent="0" />
      <mem type="loa" free="460800" total="460800" percent="100" />
    </mem>
  </mem-info>
</gc-start>
<allocation-stats totalBytes="27402208" >
  <allocated-bytes non-tlh="39712" tlh="27362496" />
  <largest-consumer threadName="main" threadId="0000000001BEEF00" bytes="27402208" />
</allocation-stats>
<gc-op id="5102" type="mark" timems="12.017" contextid="5099" timestamp="2019-08-04T20:02:50.369">
  <trace-info objectcount="596210" scancount="517222" scanbytes="13271932" />
  <finalization candidates="80" enqueued="0" />
  <ownableSynchronizers candidates="21" cleared="0" />
  <references type="soft" candidates="1843" cleared="0" enqueued="0" dynamicThreshold="19" maxThreshold="32" />
  <references type="weak" candidates="5768" cleared="0" enqueued="0" />
  <references type="phantom" candidates="97" cleared="0" enqueued="0" />
  <stringconstants candidates="13258" cleared="0"  />
</gc-op>
<gc-op id="5103" type="sweep" timems="4.395" contextid="5099" timestamp="2019-08-04T20:02:50.373" />
<gc-end id="5104" type="global" contextid="5099" durationms="16.734" usertimems="77.126" systemtimems="0.000" timestamp="2019-08-04T20:02:50.374" activeThreads="16">
  <mem-info id="5105" free="28093952" total="46137344" percent="60">
    <mem type="tenure" free="28093952" total="46137344" percent="60" micro-fragmented="79501" macro-fragmented="0">
      <mem type="soa" free="27633152" total="45676544" percent="60" />
      <mem type="loa" free="460800" total="460800" percent="100" />
    </mem>
  </mem-info>
</gc-end>
<cycle-end id="5106" type="global" contextid="5099" timestamp="2019-08-04T20:02:50.374">
  <attribute name="GC Util" value="551" />
  <attribute name="CPU Util" value="1532736570292" />
  <attribute name="Time Running"value="117982"/>
  <attribute name="Number of cores"value="16"/>
</cycle-end>
<allocation-satisfied id="5107" threadId="0000000001BEEF00" bytesRequested="1168" />
<af-end id="5108" timestamp="2019-08-04T20:02:50.374" threadId="0000000001BEF888" success="true" />
<exclusive-end id="5109" timestamp="2019-08-04T20:02:50.374" durationms="17.121" />

<exclusive-start id="5110" timestamp="2019-08-04T20:02:50.377" intervalms="20.085">
  <response-info timems="0.018" idlems="0.018" threads="0" lastid="0000000001BEEF00" lastname="main" />
</exclusive-start>
<af-start id="5111" threadId="0000000001BEF888" totalBytesRequested="1168" timestamp="2019-08-04T20:02:50.377" intervalms="20.087" />
<cycle-start id="5112" type="global" contextid="0" timestamp="2019-08-04T20:02:50.377" intervalms="20.084" />
  <attribute name="GC Util" value="551" />
  <attribute name="CPU Util" value="1532736570292" />
  <attribute name="Time Running"value="117982"/>
  <attribute name="Number of cores"value="16"/>
<gc-start id="5113" type="global" contextid="5112" timestamp="2019-08-04T20:02:50.377">
  <mem-info id="5114" free="460800" total="46137344" percent="0">
    <mem type="tenure" free="460800" total="46137344" percent="0">
      <mem type="soa" free="0" total="45676544" percent="0" />
      <mem type="loa" free="460800" total="460800" percent="100" />
    </mem>
  </mem-info>
</gc-start>
<allocation-stats totalBytes="27400968" >
  <allocated-bytes non-tlh="39712" tlh="27361256" />
  <largest-consumer threadName="main" threadId="0000000001BEEF00" bytes="27400968" />
</allocation-stats>
<gc-op id="5115" type="mark" timems="18.190" contextid="5112" timestamp="2019-08-04T20:02:50.395">
  <trace-info objectcount="596210" scancount="517225" scanbytes="13271932" />
  <finalization candidates="80" enqueued="0" />
  <ownableSynchronizers candidates="21" cleared="0" />
  <references type="soft" candidates="1843" cleared="0" enqueued="0" dynamicThreshold="19" maxThreshold="32" />
  <references type="weak" candidates="5768" cleared="0" enqueued="0" />
  <references type="phantom" candidates="97" cleared="0" enqueued="0" />
  <stringconstants candidates="13258" cleared="0"  />
</gc-op>
<gc-op id="5116" type="sweep" timems="1.742" contextid="5112" timestamp="2019-08-04T20:02:50.397" />
<gc-end id="5117" type="global" contextid="5112" durationms="20.118" usertimems="135.697" systemtimems="0.000" timestamp="2019-08-04T20:02:50.397" activeThreads="16">
  <mem-info id="5118" free="28093952" total="46137344" percent="60">
    <mem type="tenure" free="28093952" total="46137344" percent="60" micro-fragmented="79501" macro-fragmented="0">
      <mem type="soa" free="27633152" total="45676544" percent="60" />
      <mem type="loa" free="460800" total="460800" percent="100" />
    </mem>
  </mem-info>
</gc-end>
<cycle-end id="5119" type="global" contextid="5112" timestamp="2019-08-04T20:02:50.397">
  <attribute name="GC Util" value="700" />
  <attribute name="CPU Util" value="1013817175019" />
  <attribute name="Time Running"value="118008"/>
  <attribute name="Number of cores"value="16"/>
</cycle-end>
<allocation-satisfied id="5120" threadId="0000000001BEEF00" bytesRequested="1168" />
<af-end id="5121" timestamp="2019-08-04T20:02:50.397" threadId="0000000001BEF888" success="true" />
<exclusive-end id="5122" timestamp="2019-08-04T20:02:50.397" durationms="20.461" />

<exclusive-start id="5123" timestamp="2019-08-04T20:02:50.400" intervalms="23.421">
  <response-info timems="0.019" idlems="0.019" threads="0" lastid="0000000001BEEF00" lastname="main" />
</exclusive-start>
<af-start id="5124" threadId="0000000001BEF888" totalBytesRequested="1168" timestamp="2019-08-04T20:02:50.400" intervalms="23.369" />
<cycle-start id="5125" type="global" contextid="0" timestamp="2019-08-04T20:02:50.400" intervalms="23.371" />
  <attribute name="GC Util" value="700" />
  <attribute name="CPU Util" value="1013817175019" />
  <attribute name="Time Running"value="118008"/>
  <attribute name="Number of cores"value="16"/>
<gc-start id="5126" type="global" contextid="5125" timestamp="2019-08-04T20:02:50.400">
  <mem-info id="5127" free="460800" total="46137344" percent="0">
    <mem type="tenure" free="460800" total="46137344" percent="0">
      <mem type="soa" free="0" total="45676544" percent="0" />
      <mem type="loa" free="460800" total="460800" percent="100" />
    </mem>
  </mem-info>
</gc-start>
<allocation-stats totalBytes="27403448" >
  <allocated-bytes non-tlh="39712" tlh="27363736" />
  <largest-consumer threadName="main" threadId="0000000001BEEF00" bytes="27403448" />
</allocation-stats>
<gc-op id="5128" type="mark" timems="10.143" contextid="5125" timestamp="2019-08-04T20:02:50.411">
  <trace-info objectcount="596210" scancount="517221" scanbytes="13271932" />
  <finalization candidates="80" enqueued="0" />
  <ownableSynchronizers candidates="21" cleared="0" />
  <references type="soft" candidates="1843" cleared="0" enqueued="0" dynamicThreshold="19" maxThreshold="32" />
  <references type="weak" candidates="5768" cleared="0" enqueued="0" />
  <references type="phantom" candidates="97" cleared="0" enqueued="0" />
  <stringconstants candidates="13258" cleared="0"  />
</gc-op>
<gc-op id="5129" type="sweep" timems="1.716" contextid="5125" timestamp="2019-08-04T20:02:50.412" />
<gc-end id="5130" type="global" contextid="5125" durationms="12.055" usertimems="66.016" systemtimems="0.000" timestamp="2019-08-04T20:02:50.412" activeThreads="16">
  <mem-info id="5131" free="28093952" total="46137344" percent="60">
    <mem type="tenure" free="28093952" total="46137344" percent="60" micro-fragmented="79501" macro-fragmented="0">
      <mem type="soa" free="27633152" total="45676544" percent="60" />
      <mem type="loa" free="460800" total="460800" percent="100" />
    </mem>
  </mem-info>
</gc-end>
<cycle-end id="5132" type="global" contextid="5125" timestamp="2019-08-04T20:02:50.412">
  <attribute name="GC Util" value="575" />
  <attribute name="CPU Util" value="1814815236669" />
  <attribute name="Time Running"value="118024"/>
  <attribute name="Number of cores"value="16"/>
</cycle-end>
<allocation-satisfied id="5133" threadId="0000000001BEEF00" bytesRequested="1168" />
<af-end id="5134" timestamp="2019-08-04T20:02:50.412" threadId="0000000001BEF888" success="true" />
<exclusive-end id="5135" timestamp="2019-08-04T20:02:50.412" durationms="12.332" />

<exclusive-start id="5136" timestamp="2019-08-04T20:02:50.419" intervalms="18.822">
  <response-info timems="0.025" idlems="0.025" threads="0" lastid="0000000001BEEF00" lastname="main" />
</exclusive-start>
<af-start id="5137" threadId="0000000001BEF888" totalBytesRequested="80" timestamp="2019-08-04T20:02:50.419" intervalms="18.876" />
<cycle-start id="5138" type="global" contextid="0" timestamp="2019-08-04T20:02:50.419" intervalms="19.021" />
  <attribute name="GC Util" value="575" />
  <attribute name="CPU Util" value="1814815236669" />
  <attribute name="Time Running"value="118024"/>
  <attribute name="Number of cores"value="16"/>
<gc-start id="5139" type="global" contextid="5138" timestamp="2019-08-04T20:02:50.419">
  <mem-info id="5140" free="460800" total="46137344" percent="0">
    <mem type="tenure" free="460800" total="46137344" percent="0">
      <mem type="soa" free="0" total="45676544" percent="0" />
      <mem type="loa" free="460800" total="460800" percent="100" />
    </mem>
  </mem-info>
</gc-start>
<allocation-stats totalBytes="27582880" >
  <allocated-bytes non-tlh="39712" tlh="27543168" />
  <largest-consumer threadName="main" threadId="0000000001BEEF00" bytes="27582880" />
</allocation-stats>
<gc-op id="5141" type="mark" timems="9.145" contextid="5138" timestamp="2019-08-04T20:02:50.429">
  <trace-info objectcount="596336" scancount="517346" scanbytes="13276228" />
  <finalization candidates="80" enqueued="0" />
  <ownableSynchronizers candidates="21" cleared="0" />
  <references type="soft" candidates="1843" cleared="0" enqueued="0" dynamicThreshold="19" maxThreshold="32" />
  <references type="weak" candidates="5768" cleared="0" enqueued="0" />
  <references type="phantom" candidates="97" cleared="0" enqueued="0" />
  <stringconstants candidates="13258" cleared="0"  />
</gc-op>
<gc-op id="5142" type="sweep" timems="3.637" contextid="5138" timestamp="2019-08-04T20:02:50.432" />
<gc-end id="5143" type="global" contextid="5138" durationms="12.961" usertimems="59.487" systemtimems="0.000" timestamp="2019-08-04T20:02:50.432" activeThreads="16">
  <mem-info id="5144" free="28088048" total="46137344" percent="60">
    <mem type="tenure" free="28088048" total="46137344" percent="60" micro-fragmented="84253" macro-fragmented="0">
      <mem type="soa" free="27627248" total="45676544" percent="60" />
      <mem type="loa" free="460800" total="460800" percent="100" />
    </mem>
  </mem-info>
</gc-end>
<cycle-end id="5145" type="global" contextid="5138" timestamp="2019-08-04T20:02:50.432">
  <attribute name="GC Util" value="512" />
  <attribute name="CPU Util" value="2014414627663" />
  <attribute name="Time Running"value="118042"/>
  <attribute name="Number of cores"value="16"/>
</cycle-end>
<allocation-satisfied id="5146" threadId="0000000001BEEF00" bytesRequested="80" />
<af-end id="5147" timestamp="2019-08-04T20:02:50.432" threadId="0000000001BEF888" success="true" />
<exclusive-end id="5148" timestamp="2019-08-04T20:02:50.432" durationms="13.412" />

<exclusive-start id="5149" timestamp="2019-08-04T20:02:50.455" intervalms="35.880">
  <response-info timems="0.016" idlems="0.016" threads="0" lastid="0000000001BEEF00" lastname="main" />
</exclusive-start>
<af-start id="5150" threadId="0000000001BEF888" totalBytesRequested="24" timestamp="2019-08-04T20:02:50.455" intervalms="35.831" />
<cycle-start id="5151" type="global" contextid="0" timestamp="2019-08-04T20:02:50.455" intervalms="35.663" />
  <attribute name="GC Util" value="512" />
  <attribute name="CPU Util" value="2014414627663" />
  <attribute name="Time Running"value="118042"/>
  <attribute name="Number of cores"value="16"/>
<gc-start id="5152" type="global" contextid="5151" timestamp="2019-08-04T20:02:50.455">
  <mem-info id="5153" free="460800" total="46137344" percent="0">
    <mem type="tenure" free="460800" total="46137344" percent="0">
      <mem type="soa" free="0" total="45676544" percent="0" />
      <mem type="loa" free="460800" total="460800" percent="100" />
    </mem>
  </mem-info>
</gc-start>
<allocation-stats totalBytes="27621608" >
  <allocated-bytes non-tlh="0" tlh="27621608" />
  <largest-consumer threadName="main" threadId="0000000001BEEF00" bytes="27621608" />
</allocation-stats>
<gc-op id="5154" type="mark" timems="12.774" contextid="5151" timestamp="2019-08-04T20:02:50.468">
  <trace-info objectcount="596334" scancount="517343" scanbytes="13276140" />
  <finalization candidates="80" enqueued="0" />
  <ownableSynchronizers candidates="21" cleared="0" />
  <references type="soft" candidates="1843" cleared="0" enqueued="0" dynamicThreshold="19" maxThreshold="32" />
  <references type="weak" candidates="5768" cleared="0" enqueued="0" />
  <references type="phantom" candidates="97" cleared="0" enqueued="0" />
  <stringconstants candidates="13258" cleared="0"  />
</gc-op>
<gc-op id="5155" type="sweep" timems="2.432" contextid="5151" timestamp="2019-08-04T20:02:50.470" />
<gc-end id="5156" type="global" contextid="5151" durationms="15.389" usertimems="72.169" systemtimems="0.000" timestamp="2019-08-04T20:02:50.470" activeThreads="16">
  <mem-info id="5157" free="28088128" total="46137344" percent="60">
    <mem type="tenure" free="28088128" total="46137344" percent="60" micro-fragmented="84253" macro-fragmented="0">
      <mem type="soa" free="27627328" total="45676544" percent="60" />
      <mem type="loa" free="460800" total="460800" percent="100" />
    </mem>
  </mem-info>
</gc-end>
<cycle-end id="5158" type="global" contextid="5151" timestamp="2019-08-04T20:02:50.470">
  <attribute name="GC Util" value="487" />
  <attribute name="CPU Util" value="1445961128041" />
  <attribute name="Time Running"value="118081"/>
  <attribute name="Number of cores"value="16"/>
</cycle-end>
<allocation-satisfied id="5159" threadId="0000000001BEEF00" bytesRequested="24" />
<af-end id="5160" timestamp="2019-08-04T20:02:50.470" threadId="0000000001BEF888" success="true" />
<exclusive-end id="5161" timestamp="2019-08-04T20:02:50.470" durationms="15.597" />

<exclusive-start id="5162" timestamp="2019-08-04T20:02:50.493" intervalms="38.491">
  <response-info timems="0.017" idlems="0.017" threads="0" lastid="0000000001BEEF00" lastname="main" />
</exclusive-start>
<af-start id="5163" threadId="0000000001BEF888" totalBytesRequested="40" timestamp="2019-08-04T20:02:50.493" intervalms="38.512" />
<cycle-start id="5164" type="global" contextid="0" timestamp="2019-08-04T20:02:50.493" intervalms="38.526" />
  <attribute name="GC Util" value="487" />
  <attribute name="CPU Util" value="1445961128041" />
  <attribute name="Time Running"value="118081"/>
  <attribute name="Number of cores"value="16"/>
<gc-start id="5165" type="global" contextid="5164" timestamp="2019-08-04T20:02:50.494">
  <mem-info id="5166" free="460800" total="46137344" percent="0">
    <mem type="tenure" free="460800" total="46137344" percent="0">
      <mem type="soa" free="0" total="45676544" percent="0" />
      <mem type="loa" free="460800" total="460800" percent="100" />
    </mem>
  </mem-info>
</gc-start>
<allocation-stats totalBytes="27622360" >
  <allocated-bytes non-tlh="0" tlh="27622360" />
  <largest-consumer threadName="main" threadId="0000000001BEEF00" bytes="27622360" />
</allocation-stats>
<gc-op id="5167" type="mark" timems="12.273" contextid="5164" timestamp="2019-08-04T20:02:50.506">
  <trace-info objectcount="596405" scancount="517419" scanbytes="13278468" />
  <finalization candidates="80" enqueued="0" />
  <ownableSynchronizers candidates="21" cleared="0" />
  <references type="soft" candidates="1843" cleared="0" enqueued="0" dynamicThreshold="19" maxThreshold="32" />
  <references type="weak" candidates="5795" cleared="0" enqueued="0" />
  <references type="phantom" candidates="97" cleared="0" enqueued="0" />
  <stringconstants candidates="13258" cleared="0"  />
</gc-op>
<gc-op id="5168" type="sweep" timems="1.922" contextid="5164" timestamp="2019-08-04T20:02:50.508" />
<gc-end id="5169" type="global" contextid="5164" durationms="14.642" usertimems="71.308" systemtimems="0.000" timestamp="2019-08-04T20:02:50.508" activeThreads="16">
  <mem-info id="5170" free="28077392" total="46137344" percent="60">
    <mem type="tenure" free="28077392" total="46137344" percent="60" micro-fragmented="112197" macro-fragmented="0">
      <mem type="soa" free="27616592" total="45676544" percent="60" />
      <mem type="loa" free="460800" total="460800" percent="100" />
    </mem>
  </mem-info>
</gc-end>
<cycle-end id="5171" type="global" contextid="5164" timestamp="2019-08-04T20:02:50.508">
  <attribute name="GC Util" value="500" />
  <attribute name="CPU Util" value="1500536512689" />
  <attribute name="Time Running"value="118119"/>
  <attribute name="Number of cores"value="16"/>
</cycle-end>
<allocation-satisfied id="5172" threadId="0000000001BEEF00" bytesRequested="40" />
<af-end id="5173" timestamp="2019-08-04T20:02:50.508" threadId="0000000001BEF888" success="true" />
<exclusive-end id="5174" timestamp="2019-08-04T20:02:50.508" durationms="14.964" />

<exclusive-start id="5175" timestamp="2019-08-04T20:02:50.545" intervalms="51.313">
  <response-info timems="0.024" idlems="0.024" threads="0" lastid="0000000001BEEF00" lastname="main" />
</exclusive-start>
<af-start id="5176" threadId="0000000001BEF888" totalBytesRequested="32" timestamp="2019-08-04T20:02:50.545" intervalms="51.311" />
<cycle-start id="5177" type="global" contextid="0" timestamp="2019-08-04T20:02:50.545" intervalms="51.307" />
  <attribute name="GC Util" value="500" />
  <attribute name="CPU Util" value="1500536512689" />
  <attribute name="Time Running"value="118119"/>
  <attribute name="Number of cores"value="16"/>
<gc-start id="5178" type="global" contextid="5177" timestamp="2019-08-04T20:02:50.545">
  <mem-info id="5179" free="460800" total="46137344" percent="0">
    <mem type="tenure" free="460800" total="46137344" percent="0">
      <mem type="soa" free="0" total="45676544" percent="0" />
      <mem type="loa" free="460800" total="460800" percent="100" />
    </mem>
  </mem-info>
</gc-start>
<allocation-stats totalBytes="27612728" >
  <allocated-bytes non-tlh="0" tlh="27612728" />
  <largest-consumer threadName="main" threadId="0000000001BEEF00" bytes="27612728" />
</allocation-stats>
<gc-op id="5180" type="mark" timems="9.358" contextid="5177" timestamp="2019-08-04T20:02:50.554">
  <trace-info objectcount="596408" scancount="517419" scanbytes="13278564" />
  <finalization candidates="80" enqueued="0" />
  <ownableSynchronizers candidates="21" cleared="0" />
  <references type="soft" candidates="1843" cleared="0" enqueued="0" dynamicThreshold="19" maxThreshold="32" />
  <references type="weak" candidates="5795" cleared="0" enqueued="0" />
  <references type="phantom" candidates="97" cleared="0" enqueued="0" />
  <stringconstants candidates="13258" cleared="0"  />
</gc-op>
<gc-op id="5181" type="sweep" timems="1.640" contextid="5177" timestamp="2019-08-04T20:02:50.556" />
<gc-end id="5182" type="global" contextid="5177" durationms="11.222" usertimems="66.309" systemtimems="0.000" timestamp="2019-08-04T20:02:50.556" activeThreads="16">
  <mem-info id="5183" free="28077216" total="46137344" percent="60">
    <mem type="tenure" free="28077216" total="46137344" percent="60" micro-fragmented="112197" macro-fragmented="0">
      <mem type="soa" free="27616416" total="45676544" percent="60" />
      <mem type="loa" free="460800" total="460800" percent="100" />
    </mem>
  </mem-info>
</gc-end>
<cycle-end id="5184" type="global" contextid="5177" timestamp="2019-08-04T20:02:50.556">
  <attribute name="GC Util" value="609" />
  <attribute name="CPU Util" value="1972888059531" />
  <attribute name="Time Running"value="118167"/>
  <attribute name="Number of cores"value="16"/>
</cycle-end>
<allocation-satisfied id="5185" threadId="0000000001BEEF00" bytesRequested="32" />
<af-end id="5186" timestamp="2019-08-04T20:02:50.556" threadId="0000000001BEF888" success="true" />
<exclusive-end id="5187" timestamp="2019-08-04T20:02:50.556" durationms="11.479" />

<exclusive-start id="5188" timestamp="2019-08-04T20:02:50.572" intervalms="26.991">
  <response-info timems="0.022" idlems="0.022" threads="0" lastid="0000000001BEEF00" lastname="main" />
</exclusive-start>
<af-start id="5189" threadId="0000000001BEF888" totalBytesRequested="264" timestamp="2019-08-04T20:02:50.572" intervalms="26.975" />
<cycle-start id="5190" type="global" contextid="0" timestamp="2019-08-04T20:02:50.572" intervalms="26.967" />
  <attribute name="GC Util" value="609" />
  <attribute name="CPU Util" value="1972888059531" />
  <attribute name="Time Running"value="118167"/>
  <attribute name="Number of cores"value="16"/>
<gc-start id="5191" type="global" contextid="5190" timestamp="2019-08-04T20:02:50.572">
  <mem-info id="5192" free="460800" total="46137344" percent="0">
    <mem type="tenure" free="460800" total="46137344" percent="0">
      <mem type="soa" free="0" total="45676544" percent="0" />
      <mem type="loa" free="460800" total="460800" percent="100" />
    </mem>
  </mem-info>
</gc-start>
<allocation-stats totalBytes="27602016" >
  <allocated-bytes non-tlh="0" tlh="27602016" />
  <largest-consumer threadName="main" threadId="0000000001BEEF00" bytes="27602016" />
</allocation-stats>
<gc-op id="5193" type="mark" timems="9.112" contextid="5190" timestamp="2019-08-04T20:02:50.581">
  <trace-info objectcount="596236" scancount="517250" scanbytes="13272716" />
  <finalization candidates="80" enqueued="0" />
  <ownableSynchronizers candidates="21" cleared="0" />
  <references type="soft" candidates="1843" cleared="0" enqueued="0" dynamicThreshold="19" maxThreshold="32" />
  <references type="weak" candidates="5795" cleared="7" enqueued="3" />
  <references type="phantom" candidates="97" cleared="0" enqueued="0" />
  <stringconstants candidates="13258" cleared="0"  />
</gc-op>
<gc-op id="5194" type="sweep" timems="2.025" contextid="5190" timestamp="2019-08-04T20:02:50.583" />
<gc-end id="5195" type="global" contextid="5190" durationms="11.635" usertimems="67.172" systemtimems="0.000" timestamp="2019-08-04T20:02:50.583" activeThreads="16">
  <mem-info id="5196" free="28091248" total="46137344" percent="60">
    <mem type="tenure" free="28091248" total="46137344" percent="60" micro-fragmented="84253" macro-fragmented="0">
      <mem type="soa" free="27630448" total="45676544" percent="60" />
      <mem type="loa" free="460800" total="460800" percent="100" />
    </mem>
    <pending-finalizers system="0" default="0" reference="3" classloader="0" />
  </mem-info>
</gc-end>
<cycle-end id="5197" type="global" contextid="5190" timestamp="2019-08-04T20:02:50.583">
  <attribute name="GC Util" value="577" />
  <attribute name="CPU Util" value="1953235422394" />
  <attribute name="Time Running"value="118194"/>
  <attribute name="Number of cores"value="16"/>
</cycle-end>
<allocation-satisfied id="5198" threadId="0000000001BEEF00" bytesRequested="264" />
<af-end id="5199" timestamp="2019-08-04T20:02:50.583" threadId="0000000001BEF888" success="true" />
<exclusive-end id="5200" timestamp="2019-08-04T20:02:50.583" durationms="11.837" />

<exclusive-start id="5201" timestamp="2019-08-04T20:02:50.591" intervalms="19.815">
  <response-info timems="0.018" idlems="0.018" threads="0" lastid="0000000001BEEF00" lastname="main" />
</exclusive-start>
<af-start id="5202" threadId="0000000001BEF888" totalBytesRequested="24" timestamp="2019-08-04T20:02:50.592" intervalms="19.811" />
<cycle-start id="5203" type="global" contextid="0" timestamp="2019-08-04T20:02:50.592" intervalms="19.818" />
  <attribute name="GC Util" value="577" />
  <attribute name="CPU Util" value="1953235422394" />
  <attribute name="Time Running"value="118194"/>
  <attribute name="Number of cores"value="16"/>
<gc-start id="5204" type="global" contextid="5203" timestamp="2019-08-04T20:02:50.592">
  <mem-info id="5205" free="460800" total="46137344" percent="0">
    <mem type="tenure" free="460800" total="46137344" percent="0">
      <mem type="soa" free="0" total="45676544" percent="0" />
      <mem type="loa" free="460800" total="460800" percent="100" />
    </mem>
  </mem-info>
</gc-start>
<allocation-stats totalBytes="27605704" >
  <allocated-bytes non-tlh="0" tlh="27605704" />
  <largest-consumer threadName="main" threadId="0000000001BEEF00" bytes="27605704" />
</allocation-stats>
<gc-op id="5206" type="mark" timems="11.163" contextid="5203" timestamp="2019-08-04T20:02:50.603">
  <trace-info objectcount="596235" scancount="517249" scanbytes="13272684" />
  <finalization candidates="80" enqueued="0" />
  <ownableSynchronizers candidates="21" cleared="0" />
  <references type="soft" candidates="1843" cleared="0" enqueued="0" dynamicThreshold="19" maxThreshold="32" />
  <references type="weak" candidates="5788" cleared="0" enqueued="0" />
  <references type="phantom" candidates="97" cleared="0" enqueued="0" />
  <stringconstants candidates="13258" cleared="0"  />
</gc-op>
<gc-op id="5207" type="sweep" timems="1.786" contextid="5203" timestamp="2019-08-04T20:02:50.605" />
<gc-end id="5208" type="global" contextid="5203" durationms="13.144" usertimems="72.818" systemtimems="0.000" timestamp="2019-08-04T20:02:50.605" activeThreads="16">
  <mem-info id="5209" free="28091224" total="46137344" percent="60">
    <mem type="tenure" free="28091224" total="46137344" percent="60" micro-fragmented="84253" macro-fragmented="0">
      <mem type="soa" free="27630424" total="45676544" percent="60" />
      <mem type="loa" free="460800" total="460800" percent="100" />
    </mem>
  </mem-info>
</gc-end>
<cycle-end id="5210" type="global" contextid="5203" timestamp="2019-08-04T20:02:50.605">
  <attribute name="GC Util" value="559" />
  <attribute name="CPU Util" value="1653340693173" />
  <attribute name="Time Running"value="118216"/>
  <attribute name="Number of cores"value="16"/>
</cycle-end>
<allocation-satisfied id="5211" threadId="0000000001BEEF00" bytesRequested="24" />
<af-end id="5212" timestamp="2019-08-04T20:02:50.605" threadId="0000000001BEF888" success="true" />
<exclusive-end id="5213" timestamp="2019-08-04T20:02:50.605" durationms="13.363" />

<exclusive-start id="5214" timestamp="2019-08-04T20:02:50.610" intervalms="18.411">
  <response-info timems="0.019" idlems="0.019" threads="0" lastid="0000000001BEEF00" lastname="main" />
</exclusive-start>
<af-start id="5215" threadId="0000000001BEF888" totalBytesRequested="144" timestamp="2019-08-04T20:02:50.610" intervalms="18.408" />
<cycle-start id="5216" type="global" contextid="0" timestamp="2019-08-04T20:02:50.610" intervalms="18.400" />
  <attribute name="GC Util" value="559" />
  <attribute name="CPU Util" value="1653340693173" />
  <attribute name="Time Running"value="118216"/>
  <attribute name="Number of cores"value="16"/>
<gc-start id="5217" type="global" contextid="5216" timestamp="2019-08-04T20:02:50.610">
  <mem-info id="5218" free="460800" total="46137344" percent="0">
    <mem type="tenure" free="460800" total="46137344" percent="0">
      <mem type="soa" free="0" total="45676544" percent="0" />
      <mem type="loa" free="460800" total="460800" percent="100" />
    </mem>
  </mem-info>
</gc-start>
<allocation-stats totalBytes="27605696" >
  <allocated-bytes non-tlh="0" tlh="27605696" />
  <largest-consumer threadName="main" threadId="0000000001BEEF00" bytes="27605696" />
</allocation-stats>
<gc-op id="5219" type="mark" timems="11.948" contextid="5216" timestamp="2019-08-04T20:02:50.622">
  <trace-info objectcount="596236" scancount="517246" scanbytes="13272716" />
  <finalization candidates="80" enqueued="0" />
  <ownableSynchronizers candidates="21" cleared="0" />
  <references type="soft" candidates="1843" cleared="0" enqueued="0" dynamicThreshold="19" maxThreshold="32" />
  <references type="weak" candidates="5788" cleared="0" enqueued="0" />
  <references type="phantom" candidates="97" cleared="0" enqueued="0" />
  <stringconstants candidates="13258" cleared="0"  />
</gc-op>
<gc-op id="5220" type="sweep" timems="2.172" contextid="5216" timestamp="2019-08-04T20:02:50.624" />
<gc-end id="5221" type="global" contextid="5216" durationms="14.308" usertimems="70.418" systemtimems="0.000" timestamp="2019-08-04T20:02:50.624" activeThreads="16">
  <mem-info id="5222" free="28091360" total="46137344" percent="60">
    <mem type="tenure" free="28091360" total="46137344" percent="60" micro-fragmented="79501" macro-fragmented="0">
      <mem type="soa" free="27630560" total="45676544" percent="60" />
      <mem type="loa" free="460800" total="460800" percent="100" />
    </mem>
  </mem-info>
</gc-end>
<cycle-end id="5223" type="global" contextid="5216" timestamp="2019-08-04T20:02:50.624">
  <attribute name="GC Util" value="493" />
  <attribute name="CPU Util" value="1539377861116" />
  <attribute name="Time Running"value="118235"/>
  <attribute name="Number of cores"value="16"/>
</cycle-end>
<allocation-satisfied id="5224" threadId="0000000001BEEF00" bytesRequested="144" />
<af-end id="5225" timestamp="2019-08-04T20:02:50.624" threadId="0000000001BEF888" success="true" />
<exclusive-end id="5226" timestamp="2019-08-04T20:02:50.624" durationms="14.497" />

<exclusive-start id="5227" timestamp="2019-08-04T20:02:50.630" intervalms="19.650">
  <response-info timems="0.018" idlems="0.018" threads="0" lastid="0000000001BEEF00" lastname="main" />
</exclusive-start>
<af-start id="5228" threadId="0000000001BEF888" totalBytesRequested="240" timestamp="2019-08-04T20:02:50.630" intervalms="19.653" />
<cycle-start id="5229" type="global" contextid="0" timestamp="2019-08-04T20:02:50.630" intervalms="19.653" />
  <attribute name="GC Util" value="493" />
  <attribute name="CPU Util" value="1539377861116" />
  <attribute name="Time Running"value="118235"/>
  <attribute name="Number of cores"value="16"/>
<gc-start id="5230" type="global" contextid="5229" timestamp="2019-08-04T20:02:50.630">
  <mem-info id="5231" free="460800" total="46137344" percent="0">
    <mem type="tenure" free="460800" total="46137344" percent="0">
      <mem type="soa" free="0" total="45676544" percent="0" />
      <mem type="loa" free="460800" total="460800" percent="100" />
    </mem>
  </mem-info>
</gc-start>
<allocation-stats totalBytes="27606688" >
  <allocated-bytes non-tlh="0" tlh="27606688" />
  <largest-consumer threadName="main" threadId="0000000001BEEF00" bytes="27606688" />
</allocation-stats>
<gc-op id="5232" type="mark" timems="12.866" contextid="5229" timestamp="2019-08-04T20:02:50.643">
  <trace-info objectcount="596236" scancount="517244" scanbytes="13272716" />
  <finalization candidates="80" enqueued="0" />
  <ownableSynchronizers candidates="21" cleared="0" />
  <references type="soft" candidates="1843" cleared="0" enqueued="0" dynamicThreshold="19" maxThreshold="32" />
  <references type="weak" candidates="5788" cleared="0" enqueued="0" />
  <references type="phantom" candidates="97" cleared="0" enqueued="0" />
  <stringconstants candidates="13258" cleared="0"  />
</gc-op>
<gc-op id="5233" type="sweep" timems="2.123" contextid="5229" timestamp="2019-08-04T20:02:50.645" />
<gc-end id="5234" type="global" contextid="5229" durationms="15.155" usertimems="72.816" systemtimems="0.000" timestamp="2019-08-04T20:02:50.645" activeThreads="16">
  <mem-info id="5235" free="28091264" total="46137344" percent="60">
    <mem type="tenure" free="28091264" total="46137344" percent="60" micro-fragmented="84253" macro-fragmented="0">
      <mem type="soa" free="27630464" total="45676544" percent="60" />
      <mem type="loa" free="460800" total="460800" percent="100" />
    </mem>
  </mem-info>
</gc-end>
<cycle-end id="5236" type="global" contextid="5229" timestamp="2019-08-04T20:02:50.645">
  <attribute name="GC Util" value="470" />
  <attribute name="CPU Util" value="1432583307678" />
  <attribute name="Time Running"value="118256"/>
  <attribute name="Number of cores"value="16"/>
</cycle-end>
<allocation-satisfied id="5237" threadId="0000000001BEEF00" bytesRequested="240" />
<af-end id="5238" timestamp="2019-08-04T20:02:50.645" threadId="0000000001BEF888" success="true" />
<exclusive-end id="5239" timestamp="2019-08-04T20:02:50.645" durationms="15.362" />

<exclusive-start id="5240" timestamp="2019-08-04T20:02:50.650" intervalms="20.368">
  <response-info timems="0.020" idlems="0.020" threads="0" lastid="0000000001BEEF00" lastname="main" />
</exclusive-start>
<af-start id="5241" threadId="0000000001BEF888" totalBytesRequested="24" timestamp="2019-08-04T20:02:50.650" intervalms="20.367" />
<cycle-start id="5242" type="global" contextid="0" timestamp="2019-08-04T20:02:50.650" intervalms="20.365" />
  <attribute name="GC Util" value="470" />
  <attribute name="CPU Util" value="1432583307678" />
  <attribute name="Time Running"value="118256"/>
  <attribute name="Number of cores"value="16"/>
<gc-start id="5243" type="global" contextid="5242" timestamp="2019-08-04T20:02:50.650">
  <mem-info id="5244" free="460800" total="46137344" percent="0">
    <mem type="tenure" free="460800" total="46137344" percent="0">
      <mem type="soa" free="0" total="45676544" percent="0" />
      <mem type="loa" free="460800" total="460800" percent="100" />
    </mem>
  </mem-info>
</gc-start>
<allocation-stats totalBytes="27606640" >
  <allocated-bytes non-tlh="0" tlh="27606640" />
  <largest-consumer threadName="main" threadId="0000000001BEEF00" bytes="27606640" />
</allocation-stats>
<gc-op id="5245" type="mark" timems="12.915" contextid="5242" timestamp="2019-08-04T20:02:50.663">
  <trace-info objectcount="596235" scancount="517245" scanbytes="13272684" />
  <finalization candidates="80" enqueued="0" />
  <ownableSynchronizers candidates="21" cleared="0" />
  <references type="soft" candidates="1843" cleared="0" enqueued="0" dynamicThreshold="19" maxThreshold="32" />
  <references type="weak" candidates="5788" cleared="0" enqueued="0" />
  <references type="phantom" candidates="97" cleared="0" enqueued="0" />
  <stringconstants candidates="13258" cleared="0"  />
</gc-op>
<gc-op id="5246" type="sweep" timems="1.917" contextid="5242" timestamp="2019-08-04T20:02:50.665" />
<gc-end id="5247" type="global" contextid="5242" durationms="15.008" usertimems="90.920" systemtimems="0.000" timestamp="2019-08-04T20:02:50.665" activeThreads="16">
  <mem-info id="5248" free="28091224" total="46137344" percent="60">
    <mem type="tenure" free="28091224" total="46137344" percent="60" micro-fragmented="84253" macro-fragmented="0">
      <mem type="soa" free="27630424" total="45676544" percent="60" />
      <mem type="loa" free="460800" total="460800" percent="100" />
    </mem>
  </mem-info>
</gc-end>
<cycle-end id="5249" type="global" contextid="5242" timestamp="2019-08-04T20:02:50.665">
  <attribute name="GC Util" value="601" />
  <attribute name="CPU Util" value="1426545677411" />
  <attribute name="Time Running"value="118276"/>
  <attribute name="Number of cores"value="16"/>
</cycle-end>
<allocation-satisfied id="5250" threadId="0000000001BEEF00" bytesRequested="24" />
<af-end id="5251" timestamp="2019-08-04T20:02:50.665" threadId="0000000001BEF888" success="true" />
<exclusive-end id="5252" timestamp="2019-08-04T20:02:50.665" durationms="15.322" />

<exclusive-start id="5253" timestamp="2019-08-04T20:02:50.670" intervalms="20.184">
  <response-info timems="0.015" idlems="0.015" threads="0" lastid="0000000001BEEF00" lastname="main" />
</exclusive-start>
<af-start id="5254" threadId="0000000001BEF888" totalBytesRequested="112" timestamp="2019-08-04T20:02:50.670" intervalms="20.175" />
<cycle-start id="5255" type="global" contextid="0" timestamp="2019-08-04T20:02:50.670" intervalms="20.174" />
  <attribute name="GC Util" value="601" />
  <attribute name="CPU Util" value="1426545677411" />
  <attribute name="Time Running"value="118276"/>
  <attribute name="Number of cores"value="16"/>
<gc-start id="5256" type="global" contextid="5255" timestamp="2019-08-04T20:02:50.670">
  <mem-info id="5257" free="460800" total="46137344" percent="0">
    <mem type="tenure" free="460800" total="46137344" percent="0">
      <mem type="soa" free="0" total="45676544" percent="0" />
      <mem type="loa" free="460800" total="460800" percent="100" />
    </mem>
  </mem-info>
</gc-start>
<allocation-stats totalBytes="27604552" >
  <allocated-bytes non-tlh="0" tlh="27604552" />
  <largest-consumer threadName="main" threadId="0000000001BEEF00" bytes="27604552" />
</allocation-stats>
<gc-op id="5258" type="mark" timems="11.834" contextid="5255" timestamp="2019-08-04T20:02:50.682">
  <trace-info objectcount="596236" scancount="517249" scanbytes="13272716" />
  <finalization candidates="80" enqueued="0" />
  <ownableSynchronizers candidates="21" cleared="0" />
  <references type="soft" candidates="1843" cleared="0" enqueued="0" dynamicThreshold="19" maxThreshold="32" />
  <references type="weak" candidates="5788" cleared="0" enqueued="0" />
  <references type="phantom" candidates="97" cleared="0" enqueued="0" />
  <stringconstants candidates="13258" cleared="0"  />
</gc-op>
<gc-op id="5259" type="sweep" timems="1.593" contextid="5255" timestamp="2019-08-04T20:02:50.684" />
<gc-end id="5260" type="global" contextid="5255" durationms="13.612" usertimems="93.072" systemtimems="0.000" timestamp="2019-08-04T20:02:50.684" activeThreads="16">
  <mem-info id="5261" free="28091400" total="46137344" percent="60">
    <mem type="tenure" free="28091400" total="46137344" percent="60" micro-fragmented="84253" macro-fragmented="0">
      <mem type="soa" free="27630600" total="45676544" percent="60" />
      <mem type="loa" free="460800" total="460800" percent="100" />
    </mem>
  </mem-info>
</gc-end>
<cycle-end id="5262" type="global" contextid="5255" timestamp="2019-08-04T20:02:50.684">
  <attribute name="GC Util" value="680" />
  <attribute name="CPU Util" value="1550079305961" />
  <attribute name="Time Running"value="118295"/>
  <attribute name="Number of cores"value="16"/>
</cycle-end>
<allocation-satisfied id="5263" threadId="0000000001BEEF00" bytesRequested="112" />
<af-end id="5264" timestamp="2019-08-04T20:02:50.684" threadId="0000000001BEF888" success="true" />
<exclusive-end id="5265" timestamp="2019-08-04T20:02:50.684" durationms="13.795" />

<exclusive-start id="5266" timestamp="2019-08-04T20:02:50.689" intervalms="19.103">
  <response-info timems="0.020" idlems="0.020" threads="0" lastid="0000000001BEEF00" lastname="main" />
</exclusive-start>
<af-start id="5267" threadId="0000000001BEF888" totalBytesRequested="232" timestamp="2019-08-04T20:02:50.689" intervalms="19.122" />
<cycle-start id="5268" type="global" contextid="0" timestamp="2019-08-04T20:02:50.689" intervalms="19.123" />
  <attribute name="GC Util" value="680" />
  <attribute name="CPU Util" value="1550079305961" />
  <attribute name="Time Running"value="118295"/>
  <attribute name="Number of cores"value="16"/>
<gc-start id="5269" type="global" contextid="5268" timestamp="2019-08-04T20:02:50.689">
  <mem-info id="5270" free="460800" total="46137344" percent="0">
    <mem type="tenure" free="460800" total="46137344" percent="0">
      <mem type="soa" free="0" total="45676544" percent="0" />
      <mem type="loa" free="460800" total="460800" percent="100" />
    </mem>
  </mem-info>
</gc-start>
<allocation-stats totalBytes="27607232" >
  <allocated-bytes non-tlh="0" tlh="27607232" />
  <largest-consumer threadName="main" threadId="0000000001BEEF00" bytes="27607232" />
</allocation-stats>
<gc-op id="5271" type="mark" timems="11.005" contextid="5268" timestamp="2019-08-04T20:02:50.700">
  <trace-info objectcount="596236" scancount="517248" scanbytes="13272716" />
  <finalization candidates="80" enqueued="0" />
  <ownableSynchronizers candidates="21" cleared="0" />
  <references type="soft" candidates="1843" cleared="0" enqueued="0" dynamicThreshold="19" maxThreshold="32" />
  <references type="weak" candidates="5788" cleared="0" enqueued="0" />
  <references type="phantom" candidates="97" cleared="0" enqueued="0" />
  <stringconstants candidates="13258" cleared="0"  />
</gc-op>
<gc-op id="5272" type="sweep" timems="1.583" contextid="5268" timestamp="2019-08-04T20:02:50.702" />
<gc-end id="5273" type="global" contextid="5268" durationms="12.779" usertimems="69.561" systemtimems="0.000" timestamp="2019-08-04T20:02:50.702" activeThreads="16">
  <mem-info id="5274" free="28091280" total="46137344" percent="60">
    <mem type="tenure" free="28091280" total="46137344" percent="60" micro-fragmented="84253" macro-fragmented="0">
      <mem type="soa" free="27630480" total="45676544" percent="60" />
      <mem type="loa" free="460800" total="460800" percent="100" />
    </mem>
  </mem-info>
</gc-end>
<cycle-end id="5275" type="global" contextid="5268" timestamp="2019-08-04T20:02:50.702">
  <attribute name="GC Util" value="544" />
  <attribute name="CPU Util" value="1667412120006" />
  <attribute name="Time Running"value="118314"/>
  <attribute name="Number of cores"value="16"/>
</cycle-end>
<allocation-satisfied id="5276" threadId="0000000001BEEF00" bytesRequested="232" />
<af-end id="5277" timestamp="2019-08-04T20:02:50.702" threadId="0000000001BEF888" success="true" />
<exclusive-end id="5278" timestamp="2019-08-04T20:02:50.702" durationms="13.015" />

<exclusive-start id="5279" timestamp="2019-08-04T20:02:50.707" intervalms="17.751">
  <response-info timems="0.014" idlems="0.014" threads="0" lastid="0000000001BEEF00" lastname="main" />
</exclusive-start>
<af-start id="5280" threadId="0000000001BEF888" totalBytesRequested="240" timestamp="2019-08-04T20:02:50.707" intervalms="17.728" />
<cycle-start id="5281" type="global" contextid="0" timestamp="2019-08-04T20:02:50.707" intervalms="17.728" />
  <attribute name="GC Util" value="544" />
  <attribute name="CPU Util" value="1667412120006" />
  <attribute name="Time Running"value="118314"/>
  <attribute name="Number of cores"value="16"/>
<gc-start id="5282" type="global" contextid="5281" timestamp="2019-08-04T20:02:50.707">
  <mem-info id="5283" free="460800" total="46137344" percent="0">
    <mem type="tenure" free="460800" total="46137344" percent="0">
      <mem type="soa" free="0" total="45676544" percent="0" />
      <mem type="loa" free="460800" total="460800" percent="100" />
    </mem>
  </mem-info>
</gc-start>
<allocation-stats totalBytes="27603192" >
  <allocated-bytes non-tlh="0" tlh="27603192" />
  <largest-consumer threadName="main" threadId="0000000001BEEF00" bytes="27603192" />
</allocation-stats>
<gc-op id="5284" type="mark" timems="12.464" contextid="5281" timestamp="2019-08-04T20:02:50.720">
  <trace-info objectcount="596236" scancount="517246" scanbytes="13272716" />
  <finalization candidates="80" enqueued="0" />
  <ownableSynchronizers candidates="21" cleared="0" />
  <references type="soft" candidates="1843" cleared="0" enqueued="0" dynamicThreshold="19" maxThreshold="32" />
  <references type="weak" candidates="5788" cleared="0" enqueued="0" />
  <references type="phantom" candidates="97" cleared="0" enqueued="0" />
  <stringconstants candidates="13258" cleared="0"  />
</gc-op>
<gc-op id="5285" type="sweep" timems="2.447" contextid="5281" timestamp="2019-08-04T20:02:50.722" />
<gc-end id="5286" type="global" contextid="5281" durationms="15.108" usertimems="68.768" systemtimems="0.000" timestamp="2019-08-04T20:02:50.722" activeThreads="16">
  <mem-info id="5287" free="28091264" total="46137344" percent="60">
    <mem type="tenure" free="28091264" total="46137344" percent="60" micro-fragmented="84253" macro-fragmented="0">
      <mem type="soa" free="27630464" total="45676544" percent="60" />
      <mem type="loa" free="460800" total="460800" percent="100" />
    </mem>
  </mem-info>
</gc-end>
<cycle-end id="5288" type="global" contextid="5281" timestamp="2019-08-04T20:02:50.722">
  <attribute name="GC Util" value="467" />
  <attribute name="CPU Util" value="1474558299213" />
  <attribute name="Time Running"value="118333"/>
  <attribute name="Number of cores"value="16"/>
</cycle-end>
<allocation-satisfied id="5289" threadId="0000000001BEEF00" bytesRequested="240" />
<af-end id="5290" timestamp="2019-08-04T20:02:50.722" threadId="0000000001BEF888" success="true" />
<exclusive-end id="5291" timestamp="2019-08-04T20:02:50.722" durationms="15.314" />

<exclusive-start id="5292" timestamp="2019-08-04T20:02:50.727" intervalms="20.492">
  <response-info timems="0.019" idlems="0.019" threads="0" lastid="0000000001BEEF00" lastname="main" />
</exclusive-start>
<af-start id="5293" threadId="0000000001BEF888" totalBytesRequested="280" timestamp="2019-08-04T20:02:50.727" intervalms="20.505" />
<cycle-start id="5294" type="global" contextid="0" timestamp="2019-08-04T20:02:50.727" intervalms="20.507" />
  <attribute name="GC Util" value="467" />
  <attribute name="CPU Util" value="1474558299213" />
  <attribute name="Time Running"value="118333"/>
  <attribute name="Number of cores"value="16"/>
<gc-start id="5295" type="global" contextid="5294" timestamp="2019-08-04T20:02:50.728">
  <mem-info id="5296" free="460800" total="46137344" percent="0">
    <mem type="tenure" free="460800" total="46137344" percent="0">
      <mem type="soa" free="0" total="45676544" percent="0" />
      <mem type="loa" free="460800" total="460800" percent="100" />
    </mem>
  </mem-info>
</gc-start>
<allocation-stats totalBytes="27606136" >
  <allocated-bytes non-tlh="0" tlh="27606136" />
  <largest-consumer threadName="main" threadId="0000000001BEEF00" bytes="27606136" />
</allocation-stats>
<gc-op id="5297" type="mark" timems="9.396" contextid="5294" timestamp="2019-08-04T20:02:50.737">
  <trace-info objectcount="596236" scancount="517247" scanbytes="13272736" />
  <finalization candidates="80" enqueued="0" />
  <ownableSynchronizers candidates="21" cleared="0" />
  <references type="soft" candidates="1843" cleared="0" enqueued="0" dynamicThreshold="19" maxThreshold="32" />
  <references type="weak" candidates="5788" cleared="0" enqueued="0" />
  <references type="phantom" candidates="97" cleared="0" enqueued="0" />
  <stringconstants candidates="13258" cleared="0"  />
</gc-op>
<gc-op id="5298" type="sweep" timems="1.690" contextid="5294" timestamp="2019-08-04T20:02:50.739" />
<gc-end id="5299" type="global" contextid="5294" durationms="11.255" usertimems="58.437" systemtimems="0.000" timestamp="2019-08-04T20:02:50.739" activeThreads="16">
  <mem-info id="5300" free="28091208" total="46137344" percent="60">
    <mem type="tenure" free="28091208" total="46137344" percent="60" micro-fragmented="79501" macro-fragmented="0">
      <mem type="soa" free="27630408" total="45676544" percent="60" />
      <mem type="loa" free="460800" total="460800" percent="100" />
    </mem>
  </mem-info>
</gc-end>
<cycle-end id="5301" type="global" contextid="5294" timestamp="2019-08-04T20:02:50.739">
  <attribute name="GC Util" value="525" />
  <attribute name="CPU Util" value="1959475355262" />
  <attribute name="Time Running"value="118350"/>
  <attribute name="Number of cores"value="16"/>
</cycle-end>
<allocation-satisfied id="5302" threadId="0000000001BEEF00" bytesRequested="280" />
<af-end id="5303" timestamp="2019-08-04T20:02:50.739" threadId="0000000001BEF888" success="true" />
<exclusive-end id="5304" timestamp="2019-08-04T20:02:50.739" durationms="11.478" />

<exclusive-start id="5305" timestamp="2019-08-04T20:02:50.745" intervalms="17.338">
  <response-info timems="0.024" idlems="0.024" threads="0" lastid="0000000001BEEF00" lastname="main" />
</exclusive-start>
<af-start id="5306" threadId="0000000001BEF888" totalBytesRequested="16" timestamp="2019-08-04T20:02:50.745" intervalms="17.341" />
<cycle-start id="5307" type="global" contextid="0" timestamp="2019-08-04T20:02:50.745" intervalms="17.349" />
  <attribute name="GC Util" value="525" />
  <attribute name="CPU Util" value="1959475355262" />
  <attribute name="Time Running"value="118350"/>
  <attribute name="Number of cores"value="16"/>
<gc-start id="5308" type="global" contextid="5307" timestamp="2019-08-04T20:02:50.745">
  <mem-info id="5309" free="460800" total="46137344" percent="0">
    <mem type="tenure" free="460800" total="46137344" percent="0">
      <mem type="soa" free="0" total="45676544" percent="0" />
      <mem type="loa" free="460800" total="460800" percent="100" />
    </mem>
  </mem-info>
</gc-start>
<allocation-stats totalBytes="27606256" >
  <allocated-bytes non-tlh="0" tlh="27606256" />
  <largest-consumer threadName="main" threadId="0000000001BEEF00" bytes="27606256" />
</allocation-stats>
<gc-op id="5310" type="mark" timems="10.668" contextid="5307" timestamp="2019-08-04T20:02:50.756">
  <trace-info objectcount="596238" scancount="517251" scanbytes="13272760" />
  <finalization candidates="80" enqueued="0" />
  <ownableSynchronizers candidates="21" cleared="0" />
  <references type="soft" candidates="1843" cleared="0" enqueued="0" dynamicThreshold="19" maxThreshold="32" />
  <references type="weak" candidates="5788" cleared="0" enqueued="0" />
  <references type="phantom" candidates="97" cleared="0" enqueued="0" />
  <stringconstants candidates="13258" cleared="0"  />
</gc-op>
<gc-op id="5311" type="sweep" timems="2.114" contextid="5307" timestamp="2019-08-04T20:02:50.758" />
<gc-end id="5312" type="global" contextid="5307" durationms="12.960" usertimems="69.406" systemtimems="0.000" timestamp="2019-08-04T20:02:50.758" activeThreads="16">
  <mem-info id="5313" free="28091048" total="46137344" percent="60">
    <mem type="tenure" free="28091048" total="46137344" percent="60" micro-fragmented="79501" macro-fragmented="0">
      <mem type="soa" free="27630248" total="45676544" percent="60" />
      <mem type="loa" free="460800" total="460800" percent="100" />
    </mem>
  </mem-info>
</gc-end>
<cycle-end id="5314" type="global" contextid="5307" timestamp="2019-08-04T20:02:50.758">
  <attribute name="GC Util" value="554" />
  <attribute name="CPU Util" value="1730798234454" />
  <attribute name="Time Running"value="118369"/>
  <attribute name="Number of cores"value="16"/>
</cycle-end>
<allocation-satisfied id="5315" threadId="0000000001BEEF00" bytesRequested="16" />
<af-end id="5316" timestamp="2019-08-04T20:02:50.758" threadId="0000000001BEF888" success="true" />
<exclusive-end id="5317" timestamp="2019-08-04T20:02:50.758" durationms="13.187" />

<exclusive-start id="5318" timestamp="2019-08-04T20:02:50.765" intervalms="19.807">
  <response-info timems="0.020" idlems="0.020" threads="0" lastid="0000000001BEEF00" lastname="main" />
</exclusive-start>
<af-start id="5319" threadId="0000000001BEF888" totalBytesRequested="16" timestamp="2019-08-04T20:02:50.765" intervalms="19.803" />
<cycle-start id="5320" type="global" contextid="0" timestamp="2019-08-04T20:02:50.765" intervalms="19.794" />
  <attribute name="GC Util" value="554" />
  <attribute name="CPU Util" value="1730798234454" />
  <attribute name="Time Running"value="118369"/>
  <attribute name="Number of cores"value="16"/>
<gc-start id="5321" type="global" contextid="5320" timestamp="2019-08-04T20:02:50.765">
  <mem-info id="5322" free="460800" total="46137344" percent="0">
    <mem type="tenure" free="460800" total="46137344" percent="0">
      <mem type="soa" free="0" total="45676544" percent="0" />
      <mem type="loa" free="460800" total="460800" percent="100" />
    </mem>
  </mem-info>
</gc-start>
<allocation-stats totalBytes="27605200" >
  <allocated-bytes non-tlh="0" tlh="27605200" />
  <largest-consumer threadName="main" threadId="0000000001BEEF00" bytes="27605200" />
</allocation-stats>
<gc-op id="5323" type="mark" timems="11.054" contextid="5320" timestamp="2019-08-04T20:02:50.776">
  <trace-info objectcount="596239" scancount="517249" scanbytes="13272776" />
  <finalization candidates="80" enqueued="0" />
  <ownableSynchronizers candidates="21" cleared="0" />
  <references type="soft" candidates="1843" cleared="0" enqueued="0" dynamicThreshold="19" maxThreshold="32" />
  <references type="weak" candidates="5788" cleared="0" enqueued="0" />
  <references type="phantom" candidates="97" cleared="0" enqueued="0" />
  <stringconstants candidates="13258" cleared="0"  />
</gc-op>
<gc-op id="5324" type="sweep" timems="2.054" contextid="5320" timestamp="2019-08-04T20:02:50.778" />
<gc-end id="5325" type="global" contextid="5320" durationms="13.299" usertimems="78.941" systemtimems="0.000" timestamp="2019-08-04T20:02:50.778" activeThreads="16">
  <mem-info id="5326" free="28090528" total="46137344" percent="60">
    <mem type="tenure" free="28090528" total="46137344" percent="60" micro-fragmented="86029" macro-fragmented="0">
      <mem type="soa" free="27629728" total="45676544" percent="60" />
      <mem type="loa" free="460800" total="460800" percent="100" />
    </mem>
  </mem-info>
</gc-end>
<cycle-end id="5327" type="global" contextid="5320" timestamp="2019-08-04T20:02:50.778">
  <attribute name="GC Util" value="599" />
  <attribute name="CPU Util" value="1666412249118" />
  <attribute name="Time Running"value="118389"/>
  <attribute name="Number of cores"value="16"/>
</cycle-end>
<allocation-satisfied id="5328" threadId="0000000001BEEF00" bytesRequested="16" />
<af-end id="5329" timestamp="2019-08-04T20:02:50.778" threadId="0000000001BEF888" success="true" />
<exclusive-end id="5330" timestamp="2019-08-04T20:02:50.778" durationms="13.519" />

<exclusive-start id="5331" timestamp="2019-08-04T20:02:50.786" intervalms="21.713">
  <response-info timems="0.047" idlems="0.047" threads="0" lastid="0000000001BEEF00" lastname="main" />
</exclusive-start>
<af-start id="5332" threadId="0000000001BEF888" totalBytesRequested="136" timestamp="2019-08-04T20:02:50.786" intervalms="21.709" />
<cycle-start id="5333" type="global" contextid="0" timestamp="2019-08-04T20:02:50.786" intervalms="21.715" />
  <attribute name="GC Util" value="599" />
  <attribute name="CPU Util" value="1666412249118" />
  <attribute name="Time Running"value="118389"/>
  <attribute name="Number of cores"value="16"/>
<gc-start id="5334" type="global" contextid="5333" timestamp="2019-08-04T20:02:50.786">
  <mem-info id="5335" free="460800" total="46137344" percent="0">
    <mem type="tenure" free="460800" total="46137344" percent="0">
      <mem type="soa" free="0" total="45676544" percent="0" />
      <mem type="loa" free="460800" total="460800" percent="100" />
    </mem>
  </mem-info>
</gc-start>
<allocation-stats totalBytes="27603104" >
  <allocated-bytes non-tlh="0" tlh="27603104" />
  <largest-consumer threadName="main" threadId="0000000001BEEF00" bytes="27603104" />
</allocation-stats>
<gc-op id="5336" type="mark" timems="8.443" contextid="5333" timestamp="2019-08-04T20:02:50.795">
  <trace-info objectcount="596249" scancount="517255" scanbytes="13273436" />
  <finalization candidates="80" enqueued="0" />
  <ownableSynchronizers candidates="21" cleared="0" />
  <references type="soft" candidates="1843" cleared="0" enqueued="0" dynamicThreshold="19" maxThreshold="32" />
  <references type="weak" candidates="5788" cleared="0" enqueued="0" />
  <references type="phantom" candidates="97" cleared="0" enqueued="0" />
  <stringconstants candidates="13258" cleared="0"  />
</gc-op>
<gc-op id="5337" type="sweep" timems="1.340" contextid="5333" timestamp="2019-08-04T20:02:50.796" />
<gc-end id="5338" type="global" contextid="5333" durationms="9.932" usertimems="52.164" systemtimems="0.000" timestamp="2019-08-04T20:02:50.796" activeThreads="16">
  <mem-info id="5339" free="28090744" total="46137344" percent="60">
    <mem type="tenure" free="28090744" total="46137344" percent="60" micro-fragmented="79501" macro-fragmented="0">
      <mem type="soa" free="27629944" total="45676544" percent="60" />
      <mem type="loa" free="460800" total="460800" percent="100" />
    </mem>
  </mem-info>
</gc-end>
<cycle-end id="5340" type="global" contextid="5333" timestamp="2019-08-04T20:02:50.796">
  <attribute name="GC Util" value="520" />
  <attribute name="CPU Util" value="2180533485655" />
  <attribute name="Time Running"value="118408"/>
  <attribute name="Number of cores"value="16"/>
</cycle-end>
<allocation-satisfied id="5341" threadId="0000000001BEEF00" bytesRequested="136" />
<af-end id="5342" timestamp="2019-08-04T20:02:50.796" threadId="0000000001BEF888" success="true" />
<exclusive-end id="5343" timestamp="2019-08-04T20:02:50.796" durationms="10.144" />

<exclusive-start id="5344" timestamp="2019-08-04T20:02:50.805" intervalms="19.032">
  <response-info timems="0.020" idlems="0.020" threads="0" lastid="0000000001BEEF00" lastname="main" />
</exclusive-start>
<af-start id="5345" threadId="0000000001BEF888" totalBytesRequested="136" timestamp="2019-08-04T20:02:50.805" intervalms="19.052" />
<cycle-start id="5346" type="global" contextid="0" timestamp="2019-08-04T20:02:50.805" intervalms="19.053" />
  <attribute name="GC Util" value="520" />
  <attribute name="CPU Util" value="2180533485655" />
  <attribute name="Time Running"value="118408"/>
  <attribute name="Number of cores"value="16"/>
<gc-start id="5347" type="global" contextid="5346" timestamp="2019-08-04T20:02:50.805">
  <mem-info id="5348" free="460800" total="46137344" percent="0">
    <mem type="tenure" free="460800" total="46137344" percent="0">
      <mem type="soa" free="0" total="45676544" percent="0" />
      <mem type="loa" free="460800" total="460800" percent="100" />
    </mem>
  </mem-info>
</gc-start>
<allocation-stats totalBytes="27620840" >
  <allocated-bytes non-tlh="0" tlh="27620840" />
  <largest-consumer threadName="main" threadId="0000000001BEEF00" bytes="27620840" />
</allocation-stats>
<gc-op id="5349" type="mark" timems="12.042" contextid="5346" timestamp="2019-08-04T20:02:50.818">
  <trace-info objectcount="596250" scancount="517260" scanbytes="13273460" />
  <finalization candidates="80" enqueued="0" />
  <ownableSynchronizers candidates="21" cleared="0" />
  <references type="soft" candidates="1843" cleared="0" enqueued="0" dynamicThreshold="19" maxThreshold="32" />
  <references type="weak" candidates="5788" cleared="0" enqueued="0" />
  <references type="phantom" candidates="97" cleared="0" enqueued="0" />
  <stringconstants candidates="13258" cleared="0"  />
</gc-op>
<gc-op id="5350" type="sweep" timems="3.041" contextid="5346" timestamp="2019-08-04T20:02:50.821" />
<gc-end id="5351" type="global" contextid="5346" durationms="15.213" usertimems="80.677" systemtimems="0.000" timestamp="2019-08-04T20:02:50.821" activeThreads="16">
  <mem-info id="5352" free="28090616" total="46137344" percent="60">
    <mem type="tenure" free="28090616" total="46137344" percent="60" micro-fragmented="83821" macro-fragmented="0">
      <mem type="soa" free="27629816" total="45676544" percent="60" />
      <mem type="loa" free="460800" total="460800" percent="100" />
    </mem>
  </mem-info>
</gc-end>
<cycle-end id="5353" type="global" contextid="5346" timestamp="2019-08-04T20:02:50.821">
  <attribute name="GC Util" value="584" />
  <attribute name="CPU Util" value="1529179027698" />
  <attribute name="Time Running"value="118431"/>
  <attribute name="Number of cores"value="16"/>
</cycle-end>
<allocation-satisfied id="5354" threadId="0000000001BEEF00" bytesRequested="136" />
<af-end id="5355" timestamp="2019-08-04T20:02:50.821" threadId="0000000001BEF888" success="true" />
<exclusive-end id="5356" timestamp="2019-08-04T20:02:50.821" durationms="15.475" />

<exclusive-start id="5357" timestamp="2019-08-04T20:02:50.830" intervalms="24.385">
  <response-info timems="0.024" idlems="0.024" threads="0" lastid="0000000001BEEF00" lastname="main" />
</exclusive-start>
<af-start id="5358" threadId="0000000001BEF888" totalBytesRequested="64" timestamp="2019-08-04T20:02:50.830" intervalms="24.391" />
<cycle-start id="5359" type="global" contextid="0" timestamp="2019-08-04T20:02:50.830" intervalms="24.389" />
  <attribute name="GC Util" value="584" />
  <attribute name="CPU Util" value="1529179027698" />
  <attribute name="Time Running"value="118431"/>
  <attribute name="Number of cores"value="16"/>
<gc-start id="5360" type="global" contextid="5359" timestamp="2019-08-04T20:02:50.830">
  <mem-info id="5361" free="460800" total="46137344" percent="0">
    <mem type="tenure" free="460800" total="46137344" percent="0">
      <mem type="soa" free="0" total="45676544" percent="0" />
      <mem type="loa" free="460800" total="460800" percent="100" />
    </mem>
  </mem-info>
</gc-start>
<allocation-stats totalBytes="27618752" >
  <allocated-bytes non-tlh="0" tlh="27618752" />
  <largest-consumer threadName="main" threadId="0000000001BEEF00" bytes="27618752" />
</allocation-stats>
<gc-op id="5362" type="mark" timems="9.033" contextid="5359" timestamp="2019-08-04T20:02:50.839">
  <trace-info objectcount="596256" scancount="517266" scanbytes="13273780" />
  <finalization candidates="80" enqueued="0" />
  <ownableSynchronizers candidates="21" cleared="0" />
  <references type="soft" candidates="1843" cleared="0" enqueued="0" dynamicThreshold="19" maxThreshold="32" />
  <references type="weak" candidates="5788" cleared="0" enqueued="0" />
  <references type="phantom" candidates="97" cleared="0" enqueued="0" />
  <stringconstants candidates="13258" cleared="0"  />
</gc-op>
<gc-op id="5363" type="sweep" timems="1.768" contextid="5359" timestamp="2019-08-04T20:02:50.841" />
<gc-end id="5364" type="global" contextid="5359" durationms="10.951" usertimems="63.932" systemtimems="0.000" timestamp="2019-08-04T20:02:50.841" activeThreads="16">
  <mem-info id="5365" free="28090368" total="46137344" percent="60">
    <mem type="tenure" free="28090368" total="46137344" percent="60" micro-fragmented="83821" macro-fragmented="0">
      <mem type="soa" free="27629568" total="45676544" percent="60" />
      <mem type="loa" free="460800" total="460800" percent="100" />
    </mem>
  </mem-info>
</gc-end>
<cycle-end id="5366" type="global" contextid="5359" timestamp="2019-08-04T20:02:50.841">
  <attribute name="GC Util" value="594" />
  <attribute name="CPU Util" value="2039319944519" />
  <attribute name="Time Running"value="118452"/>
  <attribute name="Number of cores"value="16"/>
</cycle-end>
<allocation-satisfied id="5367" threadId="0000000001BEEF00" bytesRequested="64" />
<af-end id="5368" timestamp="2019-08-04T20:02:50.841" threadId="0000000001BEF888" success="true" />
<exclusive-end id="5369" timestamp="2019-08-04T20:02:50.841" durationms="11.203" />

<exclusive-start id="5370" timestamp="2019-08-04T20:02:50.850" intervalms="20.365">
  <response-info timems="0.024" idlems="0.024" threads="0" lastid="0000000001BEEF00" lastname="main" />
</exclusive-start>
<af-start id="5371" threadId="0000000001BEF888" totalBytesRequested="24" timestamp="2019-08-04T20:02:50.850" intervalms="20.444" />
<cycle-start id="5372" type="global" contextid="0" timestamp="2019-08-04T20:02:50.850" intervalms="20.448" />
  <attribute name="GC Util" value="594" />
  <attribute name="CPU Util" value="2039319944519" />
  <attribute name="Time Running"value="118452"/>
  <attribute name="Number of cores"value="16"/>
<gc-start id="5373" type="global" contextid="5372" timestamp="2019-08-04T20:02:50.850">
  <mem-info id="5374" free="460800" total="46137344" percent="0">
    <mem type="tenure" free="460800" total="46137344" percent="0">
      <mem type="soa" free="0" total="45676544" percent="0" />
      <mem type="loa" free="460800" total="460800" percent="100" />
    </mem>
  </mem-info>
</gc-start>
<allocation-stats totalBytes="27618264" >
  <allocated-bytes non-tlh="0" tlh="27618264" />
  <largest-consumer threadName="main" threadId="0000000001BEEF00" bytes="27618264" />
</allocation-stats>
<gc-op id="5375" type="mark" timems="14.035" contextid="5372" timestamp="2019-08-04T20:02:50.864">
  <trace-info objectcount="596252" scancount="517265" scanbytes="13273580" />
  <finalization candidates="80" enqueued="0" />
  <ownableSynchronizers candidates="21" cleared="0" />
  <references type="soft" candidates="1843" cleared="0" enqueued="0" dynamicThreshold="19" maxThreshold="32" />
  <references type="weak" candidates="5788" cleared="0" enqueued="0" />
  <references type="phantom" candidates="97" cleared="0" enqueued="0" />
  <stringconstants candidates="13258" cleared="0"  />
</gc-op>
<gc-op id="5376" type="sweep" timems="1.711" contextid="5372" timestamp="2019-08-04T20:02:50.866" />
<gc-end id="5377" type="global" contextid="5372" durationms="15.888" usertimems="75.303" systemtimems="0.000" timestamp="2019-08-04T20:02:50.866" activeThreads="16">
  <mem-info id="5378" free="28090568" total="46137344" percent="60">
    <mem type="tenure" free="28090568" total="46137344" percent="60" micro-fragmented="83821" macro-fragmented="0">
      <mem type="soa" free="27629768" total="45676544" percent="60" />
      <mem type="loa" free="460800" total="460800" percent="100" />
    </mem>
  </mem-info>
</gc-end>
<cycle-end id="5379" type="global" contextid="5372" timestamp="2019-08-04T20:02:50.866">
  <attribute name="GC Util" value="450" />
  <attribute name="CPU Util" value="1314004718954" />
  <attribute name="Time Running"value="118478"/>
  <attribute name="Number of cores"value="16"/>
</cycle-end>
<allocation-satisfied id="5380" threadId="0000000001BEEF00" bytesRequested="24" />
<af-end id="5381" timestamp="2019-08-04T20:02:50.866" threadId="0000000001BEF888" success="true" />
<exclusive-end id="5382" timestamp="2019-08-04T20:02:50.866" durationms="16.197" />

<exclusive-start id="5383" timestamp="2019-08-04T20:02:51.067" intervalms="216.717">
  <response-info timems="0.023" idlems="0.023" threads="0" lastid="0000000001BEEF00" lastname="main" />
</exclusive-start>
<af-start id="5384" threadId="0000000001BEF888" totalBytesRequested="4128" timestamp="2019-08-04T20:02:51.067" intervalms="216.645" />
<cycle-start id="5385" type="global" contextid="0" timestamp="2019-08-04T20:02:51.067" intervalms="216.657" />
  <attribute name="GC Util" value="450" />
  <attribute name="CPU Util" value="1314004718954" />
  <attribute name="Time Running"value="118478"/>
  <attribute name="Number of cores"value="16"/>
<gc-start id="5386" type="global" contextid="5385" timestamp="2019-08-04T20:02:51.067">
  <mem-info id="5387" free="460800" total="46137344" percent="0">
    <mem type="tenure" free="460800" total="46137344" percent="0">
      <mem type="soa" free="0" total="45676544" percent="0" />
      <mem type="loa" free="460800" total="460800" percent="100" />
    </mem>
  </mem-info>
</gc-start>
<allocation-stats totalBytes="26131224" >
  <allocated-bytes non-tlh="616824" tlh="25514400" />
  <largest-consumer threadName="main" threadId="0000000001BEEF00" bytes="26131224" />
</allocation-stats>
<gc-op id="5388" type="mark" timems="8.474" contextid="5385" timestamp="2019-08-04T20:02:51.076">
  <trace-info objectcount="596258" scancount="517268" scanbytes="13283688" />
  <finalization candidates="80" enqueued="0" />
  <ownableSynchronizers candidates="21" cleared="0" />
  <references type="soft" candidates="1843" cleared="0" enqueued="0" dynamicThreshold="19" maxThreshold="32" />
  <references type="weak" candidates="5788" cleared="0" enqueued="0" />
  <references type="phantom" candidates="97" cleared="0" enqueued="0" />
  <stringconstants candidates="13258" cleared="0"  />
</gc-op>
<gc-op id="5389" type="sweep" timems="1.905" contextid="5385" timestamp="2019-08-04T20:02:51.077" />
<gc-end id="5390" type="global" contextid="5385" durationms="10.578" usertimems="57.316" systemtimems="0.000" timestamp="2019-08-04T20:02:51.078" activeThreads="16">
  <mem-info id="5391" free="28078952" total="46137344" percent="60">
    <mem type="tenure" free="28078952" total="46137344" percent="60" micro-fragmented="87579" macro-fragmented="0">
      <mem type="soa" free="27618152" total="45676544" percent="60" />
      <mem type="loa" free="460800" total="460800" percent="100" />
    </mem>
  </mem-info>
</gc-end>
<cycle-end id="5392" type="global" contextid="5385" timestamp="2019-08-04T20:02:51.078">
  <attribute name="GC Util" value="559" />
  <attribute name="CPU Util" value="2185703891624" />
  <attribute name="Time Running"value="118689"/>
  <attribute name="Number of cores"value="16"/>
</cycle-end>
<allocation-satisfied id="5393" threadId="0000000001BEEF00" bytesRequested="4128" />
<af-end id="5394" timestamp="2019-08-04T20:02:51.078" threadId="0000000001BEF888" success="true" />
<exclusive-end id="5395" timestamp="2019-08-04T20:02:51.078" durationms="10.860" />

<exclusive-start id="5396" timestamp="2019-08-04T20:02:51.080" intervalms="13.698">
  <response-info timems="0.023" idlems="0.023" threads="0" lastid="0000000001BEEF00" lastname="main" />
</exclusive-start>
<af-start id="5397" threadId="0000000001BEF888" totalBytesRequested="7064" timestamp="2019-08-04T20:02:51.081" intervalms="13.678" />
<cycle-start id="5398" type="global" contextid="0" timestamp="2019-08-04T20:02:51.081" intervalms="13.665" />
  <attribute name="GC Util" value="559" />
  <attribute name="CPU Util" value="2185703891624" />
  <attribute name="Time Running"value="118689"/>
  <attribute name="Number of cores"value="16"/>
<gc-start id="5399" type="global" contextid="5398" timestamp="2019-08-04T20:02:51.081">
  <mem-info id="5400" free="460800" total="46137344" percent="0">
    <mem type="tenure" free="460800" total="46137344" percent="0">
      <mem type="soa" free="0" total="45676544" percent="0" />
      <mem type="loa" free="460800" total="460800" percent="100" />
    </mem>
  </mem-info>
</gc-start>
<allocation-stats totalBytes="25827400" >
  <allocated-bytes non-tlh="780608" tlh="25046792" />
  <largest-consumer threadName="main" threadId="0000000001BEEF00" bytes="25827400" />
</allocation-stats>
<gc-op id="5401" type="mark" timems="8.114" contextid="5398" timestamp="2019-08-04T20:02:51.089">
  <trace-info objectcount="596258" scancount="517268" scanbytes="13282784" />
  <finalization candidates="80" enqueued="0" />
  <ownableSynchronizers candidates="21" cleared="0" />
  <references type="soft" candidates="1843" cleared="0" enqueued="0" dynamicThreshold="19" maxThreshold="32" />
  <references type="weak" candidates="5788" cleared="0" enqueued="0" />
  <references type="phantom" candidates="97" cleared="0" enqueued="0" />
  <stringconstants candidates="13258" cleared="0"  />
</gc-op>
<gc-op id="5402" type="sweep" timems="1.833" contextid="5398" timestamp="2019-08-04T20:02:51.091" />
<gc-end id="5403" type="global" contextid="5398" durationms="10.114" usertimems="57.204" systemtimems="0.000" timestamp="2019-08-04T20:02:51.091" activeThreads="16">
  <mem-info id="5404" free="28079848" total="46137344" percent="60">
    <mem type="tenure" free="28079848" total="46137344" percent="60" micro-fragmented="87579" macro-fragmented="0">
      <mem type="soa" free="27619048" total="45676544" percent="60" />
      <mem type="loa" free="460800" total="460800" percent="100" />
    </mem>
  </mem-info>
</gc-end>
<cycle-end id="5405" type="global" contextid="5398" timestamp="2019-08-04T20:02:51.091">
  <attribute name="GC Util" value="579" />
  <attribute name="CPU Util" value="2272350009589" />
  <attribute name="Time Running"value="118702"/>
  <attribute name="Number of cores"value="16"/>
</cycle-end>
<allocation-satisfied id="5406" threadId="0000000001BEEF00" bytesRequested="7064" />
<af-end id="5407" timestamp="2019-08-04T20:02:51.091" threadId="0000000001BEF888" success="true" />
<exclusive-end id="5408" timestamp="2019-08-04T20:02:51.091" durationms="10.340" />

<exclusive-start id="5409" timestamp="2019-08-04T20:02:51.156" intervalms="75.357">
  <response-info timems="0.015" idlems="0.015" threads="0" lastid="0000000001BEEF00" lastname="main" />
</exclusive-start>
<af-start id="5410" threadId="0000000001BEF888" totalBytesRequested="32" timestamp="2019-08-04T20:02:51.156" intervalms="75.354" />
<cycle-start id="5411" type="global" contextid="0" timestamp="2019-08-04T20:02:51.156" intervalms="75.353" />
  <attribute name="GC Util" value="579" />
  <attribute name="CPU Util" value="2272350009589" />
  <attribute name="Time Running"value="118702"/>
  <attribute name="Number of cores"value="16"/>
<gc-start id="5412" type="global" contextid="5411" timestamp="2019-08-04T20:02:51.156">
  <mem-info id="5413" free="460800" total="46137344" percent="0">
    <mem type="tenure" free="460800" total="46137344" percent="0">
      <mem type="soa" free="0" total="45676544" percent="0" />
      <mem type="loa" free="460800" total="460800" percent="100" />
    </mem>
  </mem-info>
</gc-start>
<allocation-stats totalBytes="27597688" >
  <allocated-bytes non-tlh="993840" tlh="26603848" />
  <largest-consumer threadName="main" threadId="0000000001BEEF00" bytes="27597688" />
</allocation-stats>
<gc-op id="5414" type="mark" timems="7.429" contextid="5411" timestamp="2019-08-04T20:02:51.163">
  <trace-info objectcount="596353" scancount="517359" scanbytes="13279628" />
  <finalization candidates="80" enqueued="0" />
  <ownableSynchronizers candidates="21" cleared="0" />
  <references type="soft" candidates="1843" cleared="0" enqueued="0" dynamicThreshold="19" maxThreshold="32" />
  <references type="weak" candidates="5788" cleared="0" enqueued="0" />
  <references type="phantom" candidates="97" cleared="0" enqueued="0" />
  <stringconstants candidates="13258" cleared="0"  />
</gc-op>
<gc-op id="5415" type="sweep" timems="1.950" contextid="5411" timestamp="2019-08-04T20:02:51.165" />
<gc-end id="5416" type="global" contextid="5411" durationms="9.566" usertimems="52.791" systemtimems="0.000" timestamp="2019-08-04T20:02:51.166" activeThreads="16">
  <mem-info id="5417" free="28084424" total="46137344" percent="60">
    <mem type="tenure" free="28084424" total="46137344" percent="60" micro-fragmented="81048" macro-fragmented="0">
      <mem type="soa" free="27623624" total="45676544" percent="60" />
      <mem type="loa" free="460800" total="460800" percent="100" />
    </mem>
  </mem-info>
</gc-end>
<cycle-end id="5418" type="global" contextid="5411" timestamp="2019-08-04T20:02:51.166">
  <attribute name="GC Util" value="584" />
  <attribute name="CPU Util" value="2479563104519" />
  <attribute name="Time Running"value="118777"/>
  <attribute name="Number of cores"value="16"/>
</cycle-end>
<allocation-satisfied id="5419" threadId="0000000001BEEF00" bytesRequested="32" />
<af-end id="5420" timestamp="2019-08-04T20:02:51.166" threadId="0000000001BEF888" success="true" />
<exclusive-end id="5421" timestamp="2019-08-04T20:02:51.166" durationms="9.744" />

<exclusive-start id="5422" timestamp="2019-08-04T20:02:51.242" intervalms="85.898">
  <response-info timems="0.014" idlems="0.014" threads="0" lastid="0000000001BEEF00" lastname="main" />
</exclusive-start>
<af-start id="5423" threadId="0000000001BEF888" totalBytesRequested="32" timestamp="2019-08-04T20:02:51.242" intervalms="85.887" />
<cycle-start id="5424" type="global" contextid="0" timestamp="2019-08-04T20:02:51.242" intervalms="85.879" />
  <attribute name="GC Util" value="584" />
  <attribute name="CPU Util" value="2479563104519" />
  <attribute name="Time Running"value="118777"/>
  <attribute name="Number of cores"value="16"/>
<gc-start id="5425" type="global" contextid="5424" timestamp="2019-08-04T20:02:51.242">
  <mem-info id="5426" free="460800" total="46137344" percent="0">
    <mem type="tenure" free="460800" total="46137344" percent="0">
      <mem type="soa" free="0" total="45676544" percent="0" />
      <mem type="loa" free="460800" total="460800" percent="100" />
    </mem>
  </mem-info>
</gc-start>
<allocation-stats totalBytes="27617792" >
  <allocated-bytes non-tlh="0" tlh="27617792" />
  <largest-consumer threadName="main" threadId="0000000001BEEF00" bytes="27617792" />
</allocation-stats>
<gc-op id="5427" type="mark" timems="8.860" contextid="5424" timestamp="2019-08-04T20:02:51.251">
  <trace-info objectcount="596246" scancount="517255" scanbytes="13273072" />
  <finalization candidates="80" enqueued="0" />
  <ownableSynchronizers candidates="21" cleared="0" />
  <references type="soft" candidates="1843" cleared="0" enqueued="0" dynamicThreshold="19" maxThreshold="32" />
  <references type="weak" candidates="5788" cleared="0" enqueued="0" />
  <references type="phantom" candidates="97" cleared="0" enqueued="0" />
  <stringconstants candidates="13258" cleared="0"  />
</gc-op>
<gc-op id="5428" type="sweep" timems="1.728" contextid="5424" timestamp="2019-08-04T20:02:51.252" />
<gc-end id="5429" type="global" contextid="5424" durationms="10.768" usertimems="62.544" systemtimems="0.000" timestamp="2019-08-04T20:02:51.253" activeThreads="16">
  <mem-info id="5430" free="28092408" total="46137344" percent="60">
    <mem type="tenure" free="28092408" total="46137344" percent="60" micro-fragmented="81051" macro-fragmented="0">
      <mem type="soa" free="27631608" total="45676544" percent="60" />
      <mem type="loa" free="460800" total="460800" percent="100" />
    </mem>
  </mem-info>
</gc-end>
<cycle-end id="5431" type="global" contextid="5424" timestamp="2019-08-04T20:02:51.253">
  <attribute name="GC Util" value="579" />
  <attribute name="CPU Util" value="2077282703058" />
  <attribute name="Time Running"value="118864"/>
  <attribute name="Number of cores"value="16"/>
</cycle-end>
<allocation-satisfied id="5432" threadId="0000000001BEEF00" bytesRequested="32" />
<af-end id="5433" timestamp="2019-08-04T20:02:51.253" threadId="0000000001BEF888" success="true" />
<exclusive-end id="5434" timestamp="2019-08-04T20:02:51.253" durationms="10.940" />

<exclusive-start id="5435" timestamp="2019-08-04T20:02:51.264" intervalms="22.686">
  <response-info timems="0.023" idlems="0.023" threads="0" lastid="0000000001BEEF00" lastname="main" />
</exclusive-start>
<af-start id="5436" threadId="0000000001BEF888" totalBytesRequested="80" timestamp="2019-08-04T20:02:51.264" intervalms="22.680" />
<cycle-start id="5437" type="global" contextid="0" timestamp="2019-08-04T20:02:51.264" intervalms="22.686" />
  <attribute name="GC Util" value="579" />
  <attribute name="CPU Util" value="2077282703058" />
  <attribute name="Time Running"value="118864"/>
  <attribute name="Number of cores"value="16"/>
<gc-start id="5438" type="global" contextid="5437" timestamp="2019-08-04T20:02:51.265">
  <mem-info id="5439" free="460800" total="46137344" percent="0">
    <mem type="tenure" free="460800" total="46137344" percent="0">
      <mem type="soa" free="0" total="45676544" percent="0" />
      <mem type="loa" free="460800" total="460800" percent="100" />
    </mem>
  </mem-info>
</gc-start>
<allocation-stats totalBytes="27625680" >
  <allocated-bytes non-tlh="0" tlh="27625680" />
  <largest-consumer threadName="main" threadId="0000000001BEEF00" bytes="27625680" />
</allocation-stats>
<gc-op id="5440" type="mark" timems="8.921" contextid="5437" timestamp="2019-08-04T20:02:51.273">
  <trace-info objectcount="596243" scancount="517254" scanbytes="13272952" />
  <finalization candidates="80" enqueued="0" />
  <ownableSynchronizers candidates="21" cleared="0" />
  <references type="soft" candidates="1843" cleared="0" enqueued="0" dynamicThreshold="19" maxThreshold="32" />
  <references type="weak" candidates="5788" cleared="0" enqueued="0" />
  <references type="phantom" candidates="97" cleared="0" enqueued="0" />
  <stringconstants candidates="13258" cleared="0"  />
</gc-op>
<gc-op id="5441" type="sweep" timems="2.677" contextid="5437" timestamp="2019-08-04T20:02:51.276" />
<gc-end id="5442" type="global" contextid="5437" durationms="11.785" usertimems="57.183" systemtimems="0.000" timestamp="2019-08-04T20:02:51.276" activeThreads="16">
  <mem-info id="5443" free="28092536" total="46137344" percent="60">
    <mem type="tenure" free="28092536" total="46137344" percent="60" micro-fragmented="81051" macro-fragmented="0">
      <mem type="soa" free="27631736" total="45676544" percent="60" />
      <mem type="loa" free="460800" total="460800" percent="100" />
    </mem>
  </mem-info>
</gc-end>
<cycle-end id="5444" type="global" contextid="5437" timestamp="2019-08-04T20:02:51.276">
  <attribute name="GC Util" value="526" />
  <attribute name="CPU Util" value="2053558235952" />
  <attribute name="Time Running"value="118887"/>
  <attribute name="Number of cores"value="16"/>
</cycle-end>
<allocation-satisfied id="5445" threadId="0000000001BEEF00" bytesRequested="80" />
<af-end id="5446" timestamp="2019-08-04T20:02:51.276" threadId="0000000001BEF888" success="true" />
<exclusive-end id="5447" timestamp="2019-08-04T20:02:51.276" durationms="11.956" />

<exclusive-start id="5448" timestamp="2019-08-04T20:02:51.302" intervalms="37.807">
  <response-info timems="0.013" idlems="0.013" threads="0" lastid="0000000001BEEF00" lastname="main" />
</exclusive-start>
<af-start id="5449" threadId="0000000001BEF888" totalBytesRequested="80" timestamp="2019-08-04T20:02:51.302" intervalms="37.821" />
<cycle-start id="5450" type="global" contextid="0" timestamp="2019-08-04T20:02:51.302" intervalms="37.821" />
  <attribute name="GC Util" value="526" />
  <attribute name="CPU Util" value="2053558235952" />
  <attribute name="Time Running"value="118887"/>
  <attribute name="Number of cores"value="16"/>
<gc-start id="5451" type="global" contextid="5450" timestamp="2019-08-04T20:02:51.302">
  <mem-info id="5452" free="460800" total="46137344" percent="0">
    <mem type="tenure" free="460800" total="46137344" percent="0">
      <mem type="soa" free="0" total="45676544" percent="0" />
      <mem type="loa" free="460800" total="460800" percent="100" />
    </mem>
  </mem-info>
</gc-start>
<allocation-stats totalBytes="27623528" >
  <allocated-bytes non-tlh="0" tlh="27623528" />
  <largest-consumer threadName="main" threadId="0000000001BEEF00" bytes="27623528" />
</allocation-stats>
<gc-op id="5453" type="mark" timems="8.401" contextid="5450" timestamp="2019-08-04T20:02:51.311">
  <trace-info objectcount="596270" scancount="517283" scanbytes="13273848" />
  <finalization candidates="80" enqueued="0" />
  <ownableSynchronizers candidates="21" cleared="0" />
  <references type="soft" candidates="1843" cleared="0" enqueued="0" dynamicThreshold="19" maxThreshold="32" />
  <references type="weak" candidates="5788" cleared="0" enqueued="0" />
  <references type="phantom" candidates="97" cleared="0" enqueued="0" />
  <stringconstants candidates="13258" cleared="0"  />
</gc-op>
<gc-op id="5454" type="sweep" timems="1.774" contextid="5450" timestamp="2019-08-04T20:02:51.313" />
<gc-end id="5455" type="global" contextid="5450" durationms="10.348" usertimems="60.307" systemtimems="0.000" timestamp="2019-08-04T20:02:51.313" activeThreads="16">
  <mem-info id="5456" free="28089880" total="46137344" percent="60">
    <mem type="tenure" free="28089880" total="46137344" percent="60" micro-fragmented="88818" macro-fragmented="0">
      <mem type="soa" free="27629080" total="45676544" percent="60" />
      <mem type="loa" free="460800" total="460800" percent="100" />
    </mem>
  </mem-info>
</gc-end>
<cycle-end id="5457" type="global" contextid="5450" timestamp="2019-08-04T20:02:51.313">
  <attribute name="GC Util" value="604" />
  <attribute name="CPU Util" value="2186219894279" />
  <attribute name="Time Running"value="118924"/>
  <attribute name="Number of cores"value="16"/>
</cycle-end>
<allocation-satisfied id="5458" threadId="0000000001BEEF00" bytesRequested="80" />
<af-end id="5459" timestamp="2019-08-04T20:02:51.313" threadId="0000000001BEF888" success="true" />
<exclusive-end id="5460" timestamp="2019-08-04T20:02:51.313" durationms="10.549" />

<exclusive-start id="5461" timestamp="2019-08-04T20:02:51.334" intervalms="31.782">
  <response-info timems="0.014" idlems="0.014" threads="0" lastid="0000000001BEEF00" lastname="main" />
</exclusive-start>
<af-start id="5462" threadId="0000000001BEF888" totalBytesRequested="80" timestamp="2019-08-04T20:02:51.334" intervalms="31.769" />
<cycle-start id="5463" type="global" contextid="0" timestamp="2019-08-04T20:02:51.334" intervalms="31.762" />
  <attribute name="GC Util" value="604" />
  <attribute name="CPU Util" value="2186219894279" />
  <attribute name="Time Running"value="118924"/>
  <attribute name="Number of cores"value="16"/>
<gc-start id="5464" type="global" contextid="5463" timestamp="2019-08-04T20:02:51.334">
  <mem-info id="5465" free="460800" total="46137344" percent="0">
    <mem type="tenure" free="460800" total="46137344" percent="0">
      <mem type="soa" free="0" total="45676544" percent="0" />
      <mem type="loa" free="460800" total="460800" percent="100" />
    </mem>
  </mem-info>
</gc-start>
<allocation-stats totalBytes="27618064" >
  <allocated-bytes non-tlh="0" tlh="27618064" />
  <largest-consumer threadName="main" threadId="0000000001BEEF00" bytes="27618064" />
</allocation-stats>
<gc-op id="5466" type="mark" timems="8.915" contextid="5463" timestamp="2019-08-04T20:02:51.343">
  <trace-info objectcount="596245" scancount="517260" scanbytes="13273008" />
  <finalization candidates="80" enqueued="0" />
  <ownableSynchronizers candidates="21" cleared="0" />
  <references type="soft" candidates="1843" cleared="0" enqueued="0" dynamicThreshold="19" maxThreshold="32" />
  <references type="weak" candidates="5788" cleared="0" enqueued="0" />
  <references type="phantom" candidates="97" cleared="0" enqueued="0" />
  <stringconstants candidates="13258" cleared="0"  />
</gc-op>
<gc-op id="5467" type="sweep" timems="1.561" contextid="5463" timestamp="2019-08-04T20:02:51.345" />
<gc-end id="5468" type="global" contextid="5463" durationms="10.685" usertimems="60.371" systemtimems="0.000" timestamp="2019-08-04T20:02:51.345" activeThreads="16">
  <mem-info id="5469" free="28091792" total="46137344" percent="60">
    <mem type="tenure" free="28091792" total="46137344" percent="60" micro-fragmented="81052" macro-fragmented="0">
      <mem type="soa" free="27630992" total="45676544" percent="60" />
      <mem type="loa" free="460800" total="460800" percent="100" />
    </mem>
  </mem-info>
</gc-end>
<cycle-end id="5470" type="global" contextid="5463" timestamp="2019-08-04T20:02:51.345">
  <attribute name="GC Util" value="575" />
  <attribute name="CPU Util" value="2063320558438" />
  <attribute name="Time Running"value="118956"/>
  <attribute name="Number of cores"value="16"/>
</cycle-end>
<allocation-satisfied id="5471" threadId="0000000001BEEF00" bytesRequested="80" />
<af-end id="5472" timestamp="2019-08-04T20:02:51.345" threadId="0000000001BEF888" success="true" />
<exclusive-end id="5473" timestamp="2019-08-04T20:02:51.345" durationms="10.875" />

<exclusive-start id="5474" timestamp="2019-08-04T20:02:51.366" intervalms="31.962">
  <response-info timems="0.014" idlems="0.014" threads="0" lastid="0000000001BEEF00" lastname="main" />
</exclusive-start>
<af-start id="5475" threadId="0000000001BEF888" totalBytesRequested="24" timestamp="2019-08-04T20:02:51.366" intervalms="31.961" />
<cycle-start id="5476" type="global" contextid="0" timestamp="2019-08-04T20:02:51.366" intervalms="31.960" />
  <attribute name="GC Util" value="575" />
  <attribute name="CPU Util" value="2063320558438" />
  <attribute name="Time Running"value="118956"/>
  <attribute name="Number of cores"value="16"/>
<gc-start id="5477" type="global" contextid="5476" timestamp="2019-08-04T20:02:51.366">
  <mem-info id="5478" free="460800" total="46137344" percent="0">
    <mem type="tenure" free="460800" total="46137344" percent="0">
      <mem type="soa" free="0" total="45676544" percent="0" />
      <mem type="loa" free="460800" total="460800" percent="100" />
    </mem>
  </mem-info>
</gc-start>
<allocation-stats totalBytes="27619208" >
  <allocated-bytes non-tlh="0" tlh="27619208" />
  <largest-consumer threadName="main" threadId="0000000001BEEF00" bytes="27619208" />
</allocation-stats>
<gc-op id="5479" type="mark" timems="8.728" contextid="5476" timestamp="2019-08-04T20:02:51.375">
  <trace-info objectcount="596255" scancount="517259" scanbytes="13273316" />
  <finalization candidates="80" enqueued="0" />
  <ownableSynchronizers candidates="21" cleared="0" />
  <references type="soft" candidates="1843" cleared="0" enqueued="0" dynamicThreshold="19" maxThreshold="32" />
  <references type="weak" candidates="5788" cleared="0" enqueued="0" />
  <references type="phantom" candidates="97" cleared="0" enqueued="0" />
  <stringconstants candidates="13258" cleared="0"  />
</gc-op>
<gc-op id="5480" type="sweep" timems="2.147" contextid="5476" timestamp="2019-08-04T20:02:51.377" />
<gc-end id="5481" type="global" contextid="5476" durationms="11.042" usertimems="67.225" systemtimems="0.000" timestamp="2019-08-04T20:02:51.377" activeThreads="16">
  <mem-info id="5482" free="28090560" total="46137344" percent="60">
    <mem type="tenure" free="28090560" total="46137344" percent="60" micro-fragmented="81051" macro-fragmented="0">
      <mem type="soa" free="27629760" total="45676544" percent="60" />
      <mem type="loa" free="460800" total="460800" percent="100" />
    </mem>
  </mem-info>
</gc-end>
<cycle-end id="5483" type="global" contextid="5476" timestamp="2019-08-04T20:02:51.377">
  <attribute name="GC Util" value="641" />
  <attribute name="CPU Util" value="2107812684723" />
  <attribute name="Time Running"value="118988"/>
  <attribute name="Number of cores"value="16"/>
</cycle-end>
<allocation-satisfied id="5484" threadId="0000000001BEEF00" bytesRequested="24" />
<af-end id="5485" timestamp="2019-08-04T20:02:51.377" threadId="0000000001BEF888" success="true" />
<exclusive-end id="5486" timestamp="2019-08-04T20:02:51.377" durationms="11.216" />

<exclusive-start id="5487" timestamp="2019-08-04T20:02:51.408" intervalms="42.216">
  <response-info timems="0.014" idlems="0.014" threads="0" lastid="0000000001BEEF00" lastname="main" />
</exclusive-start>
<af-start id="5488" threadId="0000000001BEF888" totalBytesRequested="40" timestamp="2019-08-04T20:02:51.408" intervalms="42.227" />
<cycle-start id="5489" type="global" contextid="0" timestamp="2019-08-04T20:02:51.408" intervalms="42.227" />
  <attribute name="GC Util" value="641" />
  <attribute name="CPU Util" value="2107812684723" />
  <attribute name="Time Running"value="118988"/>
  <attribute name="Number of cores"value="16"/>
<gc-start id="5490" type="global" contextid="5489" timestamp="2019-08-04T20:02:51.408">
  <mem-info id="5491" free="460800" total="46137344" percent="0">
    <mem type="tenure" free="460800" total="46137344" percent="0">
      <mem type="soa" free="0" total="45676544" percent="0" />
      <mem type="loa" free="460800" total="460800" percent="100" />
    </mem>
  </mem-info>
</gc-start>
<allocation-stats totalBytes="27626752" >
  <allocated-bytes non-tlh="0" tlh="27626752" />
  <largest-consumer threadName="main" threadId="0000000001BEEF00" bytes="27626752" />
</allocation-stats>
<gc-op id="5492" type="mark" timems="9.653" contextid="5489" timestamp="2019-08-04T20:02:51.418">
  <trace-info objectcount="596258" scancount="517269" scanbytes="13273384" />
  <finalization candidates="80" enqueued="0" />
  <ownableSynchronizers candidates="21" cleared="0" />
  <references type="soft" candidates="1843" cleared="0" enqueued="0" dynamicThreshold="19" maxThreshold="32" />
  <references type="weak" candidates="5788" cleared="0" enqueued="0" />
  <references type="phantom" candidates="97" cleared="0" enqueued="0" />
  <stringconstants candidates="13258" cleared="0"  />
</gc-op>
<gc-op id="5493" type="sweep" timems="2.093" contextid="5489" timestamp="2019-08-04T20:02:51.420" />
<gc-end id="5494" type="global" contextid="5489" durationms="11.930" usertimems="66.786" systemtimems="0.000" timestamp="2019-08-04T20:02:51.420" activeThreads="16">
  <mem-info id="5495" free="28090480" total="46137344" percent="60">
    <mem type="tenure" free="28090480" total="46137344" percent="60" micro-fragmented="81050" macro-fragmented="0">
      <mem type="soa" free="27629680" total="45676544" percent="60" />
      <mem type="loa" free="460800" total="460800" percent="100" />
    </mem>
  </mem-info>
</gc-end>
<cycle-end id="5496" type="global" contextid="5489" timestamp="2019-08-04T20:02:51.420">
  <attribute name="GC Util" value="565" />
  <attribute name="CPU Util" value="1903961653354" />
  <attribute name="Time Running"value="119031"/>
  <attribute name="Number of cores"value="16"/>
</cycle-end>
<allocation-satisfied id="5497" threadId="0000000001BEEF00" bytesRequested="40" />
<af-end id="5498" timestamp="2019-08-04T20:02:51.420" threadId="0000000001BEF888" success="true" />
<exclusive-end id="5499" timestamp="2019-08-04T20:02:51.420" durationms="12.098" />

<exclusive-start id="5500" timestamp="2019-08-04T20:02:51.451" intervalms="42.846">
  <response-info timems="0.015" idlems="0.015" threads="0" lastid="0000000001BEEF00" lastname="main" />
</exclusive-start>
<af-start id="5501" threadId="0000000001BEF888" totalBytesRequested="16" timestamp="2019-08-04T20:02:51.451" intervalms="42.838" />
<cycle-start id="5502" type="global" contextid="0" timestamp="2019-08-04T20:02:51.451" intervalms="42.848" />
  <attribute name="GC Util" value="565" />
  <attribute name="CPU Util" value="1903961653354" />
  <attribute name="Time Running"value="119031"/>
  <attribute name="Number of cores"value="16"/>
<gc-start id="5503" type="global" contextid="5502" timestamp="2019-08-04T20:02:51.451">
  <mem-info id="5504" free="460800" total="46137344" percent="0">
    <mem type="tenure" free="460800" total="46137344" percent="0">
      <mem type="soa" free="0" total="45676544" percent="0" />
      <mem type="loa" free="460800" total="460800" percent="100" />
    </mem>
  </mem-info>
</gc-start>
<allocation-stats totalBytes="27626488" >
  <allocated-bytes non-tlh="0" tlh="27626488" />
  <largest-consumer threadName="main" threadId="0000000001BEEF00" bytes="27626488" />
</allocation-stats>
<gc-op id="5505" type="mark" timems="9.143" contextid="5502" timestamp="2019-08-04T20:02:51.460">
  <trace-info objectcount="596260" scancount="517272" scanbytes="13273384" />
  <finalization candidates="80" enqueued="0" />
  <ownableSynchronizers candidates="21" cleared="0" />
  <references type="soft" candidates="1843" cleared="0" enqueued="0" dynamicThreshold="19" maxThreshold="32" />
  <references type="weak" candidates="5788" cleared="0" enqueued="0" />
  <references type="phantom" candidates="97" cleared="0" enqueued="0" />
  <stringconstants candidates="13258" cleared="0"  />
</gc-op>
<gc-op id="5506" type="sweep" timems="1.731" contextid="5502" timestamp="2019-08-04T20:02:51.462" />
<gc-end id="5507" type="global" contextid="5502" durationms="11.045" usertimems="62.109" systemtimems="0.000" timestamp="2019-08-04T20:02:51.462" activeThreads="16">
  <mem-info id="5508" free="28089904" total="46137344" percent="60">
    <mem type="tenure" free="28089904" total="46137344" percent="60" micro-fragmented="81049" macro-fragmented="0">
      <mem type="soa" free="27629104" total="45676544" percent="60" />
      <mem type="loa" free="460800" total="460800" percent="100" />
    </mem>
  </mem-info>
</gc-end>
<cycle-end id="5509" type="global" contextid="5502" timestamp="2019-08-04T20:02:51.462">
  <attribute name="GC Util" value="576" />
  <attribute name="CPU Util" value="2013467829943" />
  <attribute name="Time Running"value="119074"/>
  <attribute name="Number of cores"value="16"/>
</cycle-end>
<allocation-satisfied id="5510" threadId="0000000001BEEF00" bytesRequested="16" />
<af-end id="5511" timestamp="2019-08-04T20:02:51.462" threadId="0000000001BEF888" success="true" />
<exclusive-end id="5512" timestamp="2019-08-04T20:02:51.462" durationms="11.299" />

<exclusive-start id="5513" timestamp="2019-08-04T20:02:51.490" intervalms="38.672">
  <response-info timems="0.013" idlems="0.013" threads="0" lastid="0000000001BEEF00" lastname="main" />
</exclusive-start>
<af-start id="5514" threadId="0000000001BEF888" totalBytesRequested="32" timestamp="2019-08-04T20:02:51.490" intervalms="38.677" />
<cycle-start id="5515" type="global" contextid="0" timestamp="2019-08-04T20:02:51.490" intervalms="38.667" />
  <attribute name="GC Util" value="576" />
  <attribute name="CPU Util" value="2013467829943" />
  <attribute name="Time Running"value="119074"/>
  <attribute name="Number of cores"value="16"/>
<gc-start id="5516" type="global" contextid="5515" timestamp="2019-08-04T20:02:51.490">
  <mem-info id="5517" free="460800" total="46137344" percent="0">
    <mem type="tenure" free="460800" total="46137344" percent="0">
      <mem type="soa" free="0" total="45676544" percent="0" />
      <mem type="loa" free="460800" total="460800" percent="100" />
    </mem>
  </mem-info>
</gc-start>
<allocation-stats totalBytes="27624736" >
  <allocated-bytes non-tlh="0" tlh="27624736" />
  <largest-consumer threadName="main" threadId="0000000001BEEF00" bytes="27624736" />
</allocation-stats>
<gc-op id="5518" type="mark" timems="9.057" contextid="5515" timestamp="2019-08-04T20:02:51.499">
  <trace-info objectcount="596255" scancount="517268" scanbytes="13273320" />
  <finalization candidates="80" enqueued="0" />
  <ownableSynchronizers candidates="21" cleared="0" />
  <references type="soft" candidates="1843" cleared="0" enqueued="0" dynamicThreshold="19" maxThreshold="32" />
  <references type="weak" candidates="5788" cleared="0" enqueued="0" />
  <references type="phantom" candidates="97" cleared="0" enqueued="0" />
  <stringconstants candidates="13258" cleared="0"  />
</gc-op>
<gc-op id="5519" type="sweep" timems="1.658" contextid="5515" timestamp="2019-08-04T20:02:51.501" />
<gc-end id="5520" type="global" contextid="5515" durationms="10.824" usertimems="66.683" systemtimems="0.000" timestamp="2019-08-04T20:02:51.501" activeThreads="16">
  <mem-info id="5521" free="28090304" total="46137344" percent="60">
    <mem type="tenure" free="28090304" total="46137344" percent="60" micro-fragmented="81049" macro-fragmented="0">
      <mem type="soa" free="27629504" total="45676544" percent="60" />
      <mem type="loa" free="460800" total="460800" percent="100" />
    </mem>
  </mem-info>
</gc-end>
<cycle-end id="5522" type="global" contextid="5515" timestamp="2019-08-04T20:02:51.501">
  <attribute name="GC Util" value="634" />
  <attribute name="CPU Util" value="2029153682592" />
  <attribute name="Time Running"value="119112"/>
  <attribute name="Number of cores"value="16"/>
</cycle-end>
<allocation-satisfied id="5523" threadId="0000000001BEEF00" bytesRequested="32" />
<af-end id="5524" timestamp="2019-08-04T20:02:51.501" threadId="0000000001BEF888" success="true" />
<exclusive-end id="5525" timestamp="2019-08-04T20:02:51.501" durationms="11.003" />

<exclusive-start id="5526" timestamp="2019-08-04T20:02:51.526" intervalms="36.025">
  <response-info timems="0.014" idlems="0.014" threads="0" lastid="0000000001BEEF00" lastname="main" />
</exclusive-start>
<af-start id="5527" threadId="0000000001BEF888" totalBytesRequested="32" timestamp="2019-08-04T20:02:51.526" intervalms="36.013" />
<cycle-start id="5528" type="global" contextid="0" timestamp="2019-08-04T20:02:51.526" intervalms="36.014" />
  <attribute name="GC Util" value="634" />
  <attribute name="CPU Util" value="2029153682592" />
  <attribute name="Time Running"value="119112"/>
  <attribute name="Number of cores"value="16"/>
<gc-start id="5529" type="global" contextid="5528" timestamp="2019-08-04T20:02:51.526">
  <mem-info id="5530" free="460800" total="46137344" percent="0">
    <mem type="tenure" free="460800" total="46137344" percent="0">
      <mem type="soa" free="0" total="45676544" percent="0" />
      <mem type="loa" free="460800" total="460800" percent="100" />
    </mem>
  </mem-info>
</gc-start>
<allocation-stats totalBytes="27625728" >
  <allocated-bytes non-tlh="0" tlh="27625728" />
  <largest-consumer threadName="main" threadId="0000000001BEEF00" bytes="27625728" />
</allocation-stats>
<gc-op id="5531" type="mark" timems="8.260" contextid="5528" timestamp="2019-08-04T20:02:51.534">
  <trace-info objectcount="596253" scancount="517270" scanbytes="13273260" />
  <finalization candidates="80" enqueued="0" />
  <ownableSynchronizers candidates="21" cleared="0" />
  <references type="soft" candidates="1843" cleared="0" enqueued="0" dynamicThreshold="19" maxThreshold="32" />
  <references type="weak" candidates="5788" cleared="0" enqueued="0" />
  <references type="phantom" candidates="97" cleared="0" enqueued="0" />
  <stringconstants candidates="13258" cleared="0"  />
</gc-op>
<gc-op id="5532" type="sweep" timems="1.728" contextid="5528" timestamp="2019-08-04T20:02:51.536" />
<gc-end id="5533" type="global" contextid="5528" durationms="10.102" usertimems="63.955" systemtimems="0.000" timestamp="2019-08-04T20:02:51.536" activeThreads="16">
  <mem-info id="5534" free="28090800" total="46137344" percent="60">
    <mem type="tenure" free="28090800" total="46137344" percent="60" micro-fragmented="81049" macro-fragmented="0">
      <mem type="soa" free="27630000" total="45676544" percent="60" />
      <mem type="loa" free="460800" total="460800" percent="100" />
    </mem>
  </mem-info>
</gc-end>
<cycle-end id="5535" type="global" contextid="5528" timestamp="2019-08-04T20:02:51.536">
  <attribute name="GC Util" value="652" />
  <attribute name="CPU Util" value="2219494683504" />
  <attribute name="Time Running"value="119147"/>
  <attribute name="Number of cores"value="16"/>
</cycle-end>
<allocation-satisfied id="5536" threadId="0000000001BEEF00" bytesRequested="32" />
<af-end id="5537" timestamp="2019-08-04T20:02:51.536" threadId="0000000001BEF888" success="true" />
<exclusive-end id="5538" timestamp="2019-08-04T20:02:51.536" durationms="10.252" />

<exclusive-start id="5539" timestamp="2019-08-04T20:02:51.548" intervalms="21.949">
  <response-info timems="0.014" idlems="0.014" threads="0" lastid="0000000001BEEF00" lastname="main" />
</exclusive-start>
<af-start id="5540" threadId="0000000001BEF888" totalBytesRequested="32" timestamp="2019-08-04T20:02:51.548" intervalms="21.963" />
<cycle-start id="5541" type="global" contextid="0" timestamp="2019-08-04T20:02:51.548" intervalms="21.965" />
  <attribute name="GC Util" value="652" />
  <attribute name="CPU Util" value="2219494683504" />
  <attribute name="Time Running"value="119147"/>
  <attribute name="Number of cores"value="16"/>
<gc-start id="5542" type="global" contextid="5541" timestamp="2019-08-04T20:02:51.548">
  <mem-info id="5543" free="460800" total="46137344" percent="0">
    <mem type="tenure" free="460800" total="46137344" percent="0">
      <mem type="soa" free="0" total="45676544" percent="0" />
      <mem type="loa" free="460800" total="460800" percent="100" />
    </mem>
  </mem-info>
</gc-start>
<allocation-stats totalBytes="27628112" >
  <allocated-bytes non-tlh="0" tlh="27628112" />
  <largest-consumer threadName="main" threadId="0000000001BEEF00" bytes="27628112" />
</allocation-stats>
<gc-op id="5544" type="mark" timems="10.331" contextid="5541" timestamp="2019-08-04T20:02:51.558">
  <trace-info objectcount="596252" scancount="517264" scanbytes="13273228" />
  <finalization candidates="80" enqueued="0" />
  <ownableSynchronizers candidates="21" cleared="0" />
  <references type="soft" candidates="1843" cleared="0" enqueued="0" dynamicThreshold="19" maxThreshold="32" />
  <references type="weak" candidates="5788" cleared="0" enqueued="0" />
  <references type="phantom" candidates="97" cleared="0" enqueued="0" />
  <stringconstants candidates="13258" cleared="0"  />
</gc-op>
<gc-op id="5545" type="sweep" timems="4.555" contextid="5541" timestamp="2019-08-04T20:02:51.563" />
<gc-end id="5546" type="global" contextid="5541" durationms="15.035" usertimems="71.738" systemtimems="0.000" timestamp="2019-08-04T20:02:51.563" activeThreads="16">
  <mem-info id="5547" free="28090760" total="46137344" percent="60">
    <mem type="tenure" free="28090760" total="46137344" percent="60" micro-fragmented="81049" macro-fragmented="0">
      <mem type="soa" free="27629960" total="45676544" percent="60" />
      <mem type="loa" free="460800" total="460800" percent="100" />
    </mem>
  </mem-info>
</gc-end>
<cycle-end id="5548" type="global" contextid="5541" timestamp="2019-08-04T20:02:51.563">
  <attribute name="GC Util" value="577" />
  <attribute name="CPU Util" value="1776988176164" />
  <attribute name="Time Running"value="119171"/>
  <attribute name="Number of cores"value="16"/>
</cycle-end>
<allocation-satisfied id="5549" threadId="0000000001BEEF00" bytesRequested="32" />
<af-end id="5550" timestamp="2019-08-04T20:02:51.563" threadId="0000000001BEF888" success="true" />
<exclusive-end id="5551" timestamp="2019-08-04T20:02:51.563" durationms="15.207" />

<exclusive-start id="5552" timestamp="2019-08-04T20:02:51.601" intervalms="53.282">
  <response-info timems="0.014" idlems="0.014" threads="0" lastid="0000000001BEEF00" lastname="main" />
</exclusive-start>
<af-start id="5553" threadId="0000000001BEF888" totalBytesRequested="24" timestamp="2019-08-04T20:02:51.601" intervalms="53.271" />
<cycle-start id="5554" type="global" contextid="0" timestamp="2019-08-04T20:02:51.601" intervalms="53.269" />
  <attribute name="GC Util" value="577" />
  <attribute name="CPU Util" value="1776988176164" />
  <attribute name="Time Running"value="119171"/>
  <attribute name="Number of cores"value="16"/>
<gc-start id="5555" type="global" contextid="5554" timestamp="2019-08-04T20:02:51.601">
  <mem-info id="5556" free="460800" total="46137344" percent="0">
    <mem type="tenure" free="460800" total="46137344" percent="0">
      <mem type="soa" free="0" total="45676544" percent="0" />
      <mem type="loa" free="460800" total="460800" percent="100" />
    </mem>
  </mem-info>
</gc-start>
<allocation-stats totalBytes="27628240" >
  <allocated-bytes non-tlh="0" tlh="27628240" />
  <largest-consumer threadName="main" threadId="0000000001BEEF00" bytes="27628240" />
</allocation-stats>
<gc-op id="5557" type="mark" timems="11.472" contextid="5554" timestamp="2019-08-04T20:02:51.613">
  <trace-info objectcount="596252" scancount="517263" scanbytes="13273212" />
  <finalization candidates="80" enqueued="0" />
  <ownableSynchronizers candidates="21" cleared="0" />
  <references type="soft" candidates="1843" cleared="0" enqueued="0" dynamicThreshold="19" maxThreshold="32" />
  <references type="weak" candidates="5788" cleared="0" enqueued="0" />
  <references type="phantom" candidates="97" cleared="0" enqueued="0" />
  <stringconstants candidates="13258" cleared="0"  />
</gc-op>
<gc-op id="5558" type="sweep" timems="2.005" contextid="5554" timestamp="2019-08-04T20:02:51.615" />
<gc-end id="5559" type="global" contextid="5554" durationms="13.614" usertimems="73.799" systemtimems="0.000" timestamp="2019-08-04T20:02:51.615" activeThreads="16">
  <mem-info id="5560" free="28090776" total="46137344" percent="60">
    <mem type="tenure" free="28090776" total="46137344" percent="60" micro-fragmented="81824" macro-fragmented="0">
      <mem type="soa" free="27629976" total="45676544" percent="60" />
      <mem type="loa" free="460800" total="460800" percent="100" />
    </mem>
  </mem-info>
</gc-end>
<cycle-end id="5561" type="global" contextid="5554" timestamp="2019-08-04T20:02:51.615">
  <attribute name="GC Util" value="564" />
  <attribute name="CPU Util" value="1604993872648" />
  <attribute name="Time Running"value="119226"/>
  <attribute name="Number of cores"value="16"/>
</cycle-end>
<allocation-satisfied id="5562" threadId="0000000001BEEF00" bytesRequested="24" />
<af-end id="5563" timestamp="2019-08-04T20:02:51.615" threadId="0000000001BEF888" success="true" />
<exclusive-end id="5564" timestamp="2019-08-04T20:02:51.615" durationms="13.780" />

<exclusive-start id="5565" timestamp="2019-08-04T20:02:51.709" intervalms="107.674">
  <response-info timems="0.020" idlems="0.020" threads="0" lastid="0000000001BEEF00" lastname="main" />
</exclusive-start>
<af-start id="5566" threadId="0000000001BEF888" totalBytesRequested="16" timestamp="2019-08-04T20:02:51.709" intervalms="107.699" />
<cycle-start id="5567" type="global" contextid="0" timestamp="2019-08-04T20:02:51.709" intervalms="107.704" />
  <attribute name="GC Util" value="564" />
  <attribute name="CPU Util" value="1604993872648" />
  <attribute name="Time Running"value="119226"/>
  <attribute name="Number of cores"value="16"/>
<gc-start id="5568" type="global" contextid="5567" timestamp="2019-08-04T20:02:51.709">
  <mem-info id="5569" free="460800" total="46137344" percent="0">
    <mem type="tenure" free="460800" total="46137344" percent="0">
      <mem type="soa" free="0" total="45676544" percent="0" />
      <mem type="loa" free="460800" total="460800" percent="100" />
    </mem>
  </mem-info>
</gc-start>
<allocation-stats totalBytes="27627536" >
  <allocated-bytes non-tlh="80936" tlh="27546600" />
  <largest-consumer threadName="main" threadId="0000000001BEEF00" bytes="27627536" />
</allocation-stats>
<gc-op id="5570" type="mark" timems="14.929" contextid="5567" timestamp="2019-08-04T20:02:51.724">
  <trace-info objectcount="596259" scancount="517268" scanbytes="13273380" />
  <finalization candidates="80" enqueued="0" />
  <ownableSynchronizers candidates="21" cleared="0" />
  <references type="soft" candidates="1843" cleared="0" enqueued="0" dynamicThreshold="19" maxThreshold="32" />
  <references type="weak" candidates="5788" cleared="0" enqueued="0" />
  <references type="phantom" candidates="97" cleared="0" enqueued="0" />
  <stringconstants candidates="13258" cleared="0"  />
</gc-op>
<gc-op id="5571" type="sweep" timems="2.006" contextid="5567" timestamp="2019-08-04T20:02:51.726" />
<gc-end id="5572" type="global" contextid="5567" durationms="17.109" usertimems="97.377" systemtimems="0.000" timestamp="2019-08-04T20:02:51.726" activeThreads="16">
  <mem-info id="5573" free="28090136" total="46137344" percent="60">
    <mem type="tenure" free="28090136" total="46137344" percent="60" micro-fragmented="86576" macro-fragmented="0">
      <mem type="soa" free="27629336" total="45676544" percent="60" />
      <mem type="loa" free="460800" total="460800" percent="100" />
    </mem>
  </mem-info>
</gc-end>
<cycle-end id="5574" type="global" contextid="5567" timestamp="2019-08-04T20:02:51.726">
  <attribute name="GC Util" value="563" />
  <attribute name="CPU Util" value="1232848310016" />
  <attribute name="Time Running"value="119337"/>
  <attribute name="Number of cores"value="16"/>
</cycle-end>
<allocation-satisfied id="5575" threadId="0000000001BEEF00" bytesRequested="16" />
<af-end id="5576" timestamp="2019-08-04T20:02:51.726" threadId="0000000001BEF888" success="true" />
<exclusive-end id="5577" timestamp="2019-08-04T20:02:51.726" durationms="17.334" />

<exclusive-start id="5578" timestamp="2019-08-04T20:02:51.738" intervalms="28.880">
  <response-info timems="0.018" idlems="0.018" threads="0" lastid="0000000001BEEF00" lastname="main" />
</exclusive-start>
<af-start id="5579" threadId="0000000001BEF888" totalBytesRequested="24" timestamp="2019-08-04T20:02:51.738" intervalms="28.885" />
<cycle-start id="5580" type="global" contextid="0" timestamp="2019-08-04T20:02:51.738" intervalms="28.892" />
  <attribute name="GC Util" value="563" />
  <attribute name="CPU Util" value="1232848310016" />
  <attribute name="Time Running"value="119337"/>
  <attribute name="Number of cores"value="16"/>
<gc-start id="5581" type="global" contextid="5580" timestamp="2019-08-04T20:02:51.738">
  <mem-info id="5582" free="460800" total="46137344" percent="0">
    <mem type="tenure" free="460800" total="46137344" percent="0">
      <mem type="soa" free="0" total="45676544" percent="0" />
      <mem type="loa" free="460800" total="460800" percent="100" />
    </mem>
  </mem-info>
</gc-start>
<allocation-stats totalBytes="27627512" >
  <allocated-bytes non-tlh="0" tlh="27627512" />
  <largest-consumer threadName="main" threadId="0000000001BEEF00" bytes="27627512" />
</allocation-stats>
<gc-op id="5583" type="mark" timems="13.066" contextid="5580" timestamp="2019-08-04T20:02:51.751">
  <trace-info objectcount="596260" scancount="517272" scanbytes="13273388" />
  <finalization candidates="80" enqueued="0" />
  <ownableSynchronizers candidates="21" cleared="0" />
  <references type="soft" candidates="1843" cleared="0" enqueued="0" dynamicThreshold="19" maxThreshold="32" />
  <references type="weak" candidates="5788" cleared="0" enqueued="0" />
  <references type="phantom" candidates="97" cleared="0" enqueued="0" />
  <stringconstants candidates="13258" cleared="0"  />
</gc-op>
<gc-op id="5584" type="sweep" timems="2.013" contextid="5580" timestamp="2019-08-04T20:02:51.753" />
<gc-end id="5585" type="global" contextid="5580" durationms="15.213" usertimems="75.601" systemtimems="0.000" timestamp="2019-08-04T20:02:51.753" activeThreads="16">
  <mem-info id="5586" free="28090160" total="46137344" percent="60">
    <mem type="tenure" free="28090160" total="46137344" percent="60" micro-fragmented="88352" macro-fragmented="0">
      <mem type="soa" free="27629360" total="45676544" percent="60" />
      <mem type="loa" free="460800" total="460800" percent="100" />
    </mem>
  </mem-info>
</gc-end>
<cycle-end id="5587" type="global" contextid="5580" timestamp="2019-08-04T20:02:51.753">
  <attribute name="GC Util" value="497" />
  <attribute name="CPU Util" value="1410421380976" />
  <attribute name="Time Running"value="119364"/>
  <attribute name="Number of cores"value="16"/>
</cycle-end>
<allocation-satisfied id="5588" threadId="0000000001BEEF00" bytesRequested="24" />
<af-end id="5589" timestamp="2019-08-04T20:02:51.753" threadId="0000000001BEF888" success="true" />
<exclusive-end id="5590" timestamp="2019-08-04T20:02:51.753" durationms="15.445" />

<exclusive-start id="5591" timestamp="2019-08-04T20:02:51.777" intervalms="39.451">
  <response-info timems="0.021" idlems="0.021" threads="0" lastid="0000000001BEEF00" lastname="main" />
</exclusive-start>
<af-start id="5592" threadId="0000000001BEF888" totalBytesRequested="24" timestamp="2019-08-04T20:02:51.777" intervalms="39.452" />
<cycle-start id="5593" type="global" contextid="0" timestamp="2019-08-04T20:02:51.777" intervalms="39.443" />
  <attribute name="GC Util" value="497" />
  <attribute name="CPU Util" value="1410421380976" />
  <attribute name="Time Running"value="119364"/>
  <attribute name="Number of cores"value="16"/>
<gc-start id="5594" type="global" contextid="5593" timestamp="2019-08-04T20:02:51.777">
  <mem-info id="5595" free="460800" total="46137344" percent="0">
    <mem type="tenure" free="460800" total="46137344" percent="0">
      <mem type="soa" free="0" total="45676544" percent="0" />
      <mem type="loa" free="460800" total="460800" percent="100" />
    </mem>
  </mem-info>
</gc-start>
<allocation-stats totalBytes="27627288" >
  <allocated-bytes non-tlh="0" tlh="27627288" />
  <largest-consumer threadName="main" threadId="0000000001BEEF00" bytes="27627288" />
</allocation-stats>
<gc-op id="5596" type="mark" timems="11.221" contextid="5593" timestamp="2019-08-04T20:02:51.788">
  <trace-info objectcount="596269" scancount="517281" scanbytes="13273656" />
  <finalization candidates="80" enqueued="0" />
  <ownableSynchronizers candidates="21" cleared="0" />
  <references type="soft" candidates="1843" cleared="0" enqueued="0" dynamicThreshold="19" maxThreshold="32" />
  <references type="weak" candidates="5788" cleared="0" enqueued="0" />
  <references type="phantom" candidates="97" cleared="0" enqueued="0" />
  <stringconstants candidates="13258" cleared="0"  />
</gc-op>
<gc-op id="5597" type="sweep" timems="1.687" contextid="5593" timestamp="2019-08-04T20:02:51.790" />
<gc-end id="5598" type="global" contextid="5593" durationms="13.050" usertimems="66.780" systemtimems="0.000" timestamp="2019-08-04T20:02:51.790" activeThreads="16">
  <mem-info id="5599" free="28089472" total="46137344" percent="60">
    <mem type="tenure" free="28089472" total="46137344" percent="60" micro-fragmented="88355" macro-fragmented="0">
      <mem type="soa" free="27628672" total="45676544" percent="60" />
      <mem type="loa" free="460800" total="460800" percent="100" />
    </mem>
  </mem-info>
</gc-end>
<cycle-end id="5600" type="global" contextid="5593" timestamp="2019-08-04T20:02:51.790">
  <attribute name="GC Util" value="510" />
  <attribute name="CPU Util" value="1637330363906" />
  <attribute name="Time Running"value="119402"/>
  <attribute name="Number of cores"value="16"/>
</cycle-end>
<allocation-satisfied id="5601" threadId="0000000001BEEF00" bytesRequested="24" />
<af-end id="5602" timestamp="2019-08-04T20:02:51.790" threadId="0000000001BEF888" success="true" />
<exclusive-end id="5603" timestamp="2019-08-04T20:02:51.790" durationms="13.308" />

<exclusive-start id="5604" timestamp="2019-08-04T20:02:51.822" intervalms="44.542">
  <response-info timems="0.022" idlems="0.022" threads="0" lastid="0000000001BEEF00" lastname="main" />
</exclusive-start>
<af-start id="5605" threadId="0000000001BEF888" totalBytesRequested="24" timestamp="2019-08-04T20:02:51.822" intervalms="44.526" />
<cycle-start id="5606" type="global" contextid="0" timestamp="2019-08-04T20:02:51.822" intervalms="44.526" />
  <attribute name="GC Util" value="510" />
  <attribute name="CPU Util" value="1637330363906" />
  <attribute name="Time Running"value="119402"/>
  <attribute name="Number of cores"value="16"/>
<gc-start id="5607" type="global" contextid="5606" timestamp="2019-08-04T20:02:51.822">
  <mem-info id="5608" free="460800" total="46137344" percent="0">
    <mem type="tenure" free="460800" total="46137344" percent="0">
      <mem type="soa" free="0" total="45676544" percent="0" />
      <mem type="loa" free="460800" total="460800" percent="100" />
    </mem>
  </mem-info>
</gc-start>
<allocation-stats totalBytes="27626632" >
  <allocated-bytes non-tlh="0" tlh="27626632" />
  <largest-consumer threadName="main" threadId="0000000001BEEF00" bytes="27626632" />
</allocation-stats>
<gc-op id="5609" type="mark" timems="8.264" contextid="5606" timestamp="2019-08-04T20:02:51.830">
  <trace-info objectcount="596264" scancount="517274" scanbytes="13273584" />
  <finalization candidates="80" enqueued="0" />
  <ownableSynchronizers candidates="21" cleared="0" />
  <references type="soft" candidates="1843" cleared="0" enqueued="0" dynamicThreshold="19" maxThreshold="32" />
  <references type="weak" candidates="5788" cleared="0" enqueued="0" />
  <references type="phantom" candidates="97" cleared="0" enqueued="0" />
  <stringconstants candidates="13258" cleared="0"  />
</gc-op>
<gc-op id="5610" type="sweep" timems="1.751" contextid="5606" timestamp="2019-08-04T20:02:51.832" />
<gc-end id="5611" type="global" contextid="5606" durationms="10.153" usertimems="47.938" systemtimems="0.000" timestamp="2019-08-04T20:02:51.832" activeThreads="16">
  <mem-info id="5612" free="28088984" total="46137344" percent="60">
    <mem type="tenure" free="28088984" total="46137344" percent="60" micro-fragmented="81049" macro-fragmented="0">
      <mem type="soa" free="27628184" total="45676544" percent="60" />
      <mem type="loa" free="460800" total="460800" percent="100" />
    </mem>
  </mem-info>
</gc-end>
<cycle-end id="5613" type="global" contextid="5606" timestamp="2019-08-04T20:02:51.832">
  <attribute name="GC Util" value="510" />
  <attribute name="CPU Util" value="2232139169751" />
  <attribute name="Time Running"value="119443"/>
  <attribute name="Number of cores"value="16"/>
</cycle-end>
<allocation-satisfied id="5614" threadId="0000000001BEEF00" bytesRequested="24" />
<af-end id="5615" timestamp="2019-08-04T20:02:51.832" threadId="0000000001BEF888" success="true" />
<exclusive-end id="5616" timestamp="2019-08-04T20:02:51.832" durationms="10.361" />

<exclusive-start id="5617" timestamp="2019-08-04T20:02:51.850" intervalms="28.823">
  <response-info timems="0.020" idlems="0.020" threads="0" lastid="0000000001BEEF00" lastname="main" />
</exclusive-start>
<af-start id="5618" threadId="0000000001BEF888" totalBytesRequested="24" timestamp="2019-08-04T20:02:51.850" intervalms="28.834" />
<cycle-start id="5619" type="global" contextid="0" timestamp="2019-08-04T20:02:51.850" intervalms="28.832" />
  <attribute name="GC Util" value="510" />
  <attribute name="CPU Util" value="2232139169751" />
  <attribute name="Time Running"value="119443"/>
  <attribute name="Number of cores"value="16"/>
<gc-start id="5620" type="global" contextid="5619" timestamp="2019-08-04T20:02:51.850">
  <mem-info id="5621" free="460800" total="46137344" percent="0">
    <mem type="tenure" free="460800" total="46137344" percent="0">
      <mem type="soa" free="0" total="45676544" percent="0" />
      <mem type="loa" free="460800" total="460800" percent="100" />
    </mem>
  </mem-info>
</gc-start>
<allocation-stats totalBytes="27625592" >
  <allocated-bytes non-tlh="0" tlh="27625592" />
  <largest-consumer threadName="main" threadId="0000000001BEEF00" bytes="27625592" />
</allocation-stats>
<gc-op id="5622" type="mark" timems="11.823" contextid="5619" timestamp="2019-08-04T20:02:51.862">
  <trace-info objectcount="596268" scancount="517279" scanbytes="13273676" />
  <finalization candidates="80" enqueued="0" />
  <ownableSynchronizers candidates="21" cleared="0" />
  <references type="soft" candidates="1843" cleared="0" enqueued="0" dynamicThreshold="19" maxThreshold="32" />
  <references type="weak" candidates="5788" cleared="0" enqueued="0" />
  <references type="phantom" candidates="97" cleared="0" enqueued="0" />
  <stringconstants candidates="13258" cleared="0"  />
</gc-op>
<gc-op id="5623" type="sweep" timems="1.698" contextid="5619" timestamp="2019-08-04T20:02:51.864" />
<gc-end id="5624" type="global" contextid="5619" durationms="13.686" usertimems="80.703" systemtimems="0.000" timestamp="2019-08-04T20:02:51.864" activeThreads="16">
  <mem-info id="5625" free="28088960" total="46137344" percent="60">
    <mem type="tenure" free="28088960" total="46137344" percent="60" micro-fragmented="87577" macro-fragmented="0">
      <mem type="soa" free="27628160" total="45676544" percent="60" />
      <mem type="loa" free="460800" total="460800" percent="100" />
    </mem>
  </mem-info>
</gc-end>
<cycle-end id="5626" type="global" contextid="5619" timestamp="2019-08-04T20:02:51.864">
  <attribute name="GC Util" value="603" />
  <attribute name="CPU Util" value="1557029622006" />
  <attribute name="Time Running"value="119476"/>
  <attribute name="Number of cores"value="16"/>
</cycle-end>
<allocation-satisfied id="5627" threadId="0000000001BEEF00" bytesRequested="24" />
<af-end id="5628" timestamp="2019-08-04T20:02:51.864" threadId="0000000001BEF888" success="true" />
<exclusive-end id="5629" timestamp="2019-08-04T20:02:51.864" durationms="13.922" />

<exclusive-start id="5630" timestamp="2019-08-04T20:02:51.886" intervalms="36.007">
  <response-info timems="0.017" idlems="0.017" threads="0" lastid="0000000001BEEF00" lastname="main" />
</exclusive-start>
<af-start id="5631" threadId="0000000001BEF888" totalBytesRequested="16" timestamp="2019-08-04T20:02:51.886" intervalms="35.997" />
<cycle-start id="5632" type="global" contextid="0" timestamp="2019-08-04T20:02:51.886" intervalms="36.016" />
  <attribute name="GC Util" value="603" />
  <attribute name="CPU Util" value="1557029622006" />
  <attribute name="Time Running"value="119476"/>
  <attribute name="Number of cores"value="16"/>
<gc-start id="5633" type="global" contextid="5632" timestamp="2019-08-04T20:02:51.886">
  <mem-info id="5634" free="460800" total="46137344" percent="0">
    <mem type="tenure" free="460800" total="46137344" percent="0">
      <mem type="soa" free="0" total="45676544" percent="0" />
      <mem type="loa" free="460800" total="460800" percent="100" />
    </mem>
  </mem-info>
</gc-start>
<allocation-stats totalBytes="27625896" >
  <allocated-bytes non-tlh="0" tlh="27625896" />
  <largest-consumer threadName="main" threadId="0000000001BEEF00" bytes="27625896" />
</allocation-stats>
<gc-op id="5635" type="mark" timems="9.670" contextid="5632" timestamp="2019-08-04T20:02:51.896">
  <trace-info objectcount="596264" scancount="517278" scanbytes="13273576" />
  <finalization candidates="80" enqueued="0" />
  <ownableSynchronizers candidates="21" cleared="0" />
  <references type="soft" candidates="1843" cleared="0" enqueued="0" dynamicThreshold="19" maxThreshold="32" />
  <references type="weak" candidates="5788" cleared="0" enqueued="0" />
  <references type="phantom" candidates="97" cleared="0" enqueued="0" />
  <stringconstants candidates="13258" cleared="0"  />
</gc-op>
<gc-op id="5636" type="sweep" timems="2.212" contextid="5632" timestamp="2019-08-04T20:02:51.898" />
<gc-end id="5637" type="global" contextid="5632" durationms="12.026" usertimems="66.997" systemtimems="0.000" timestamp="2019-08-04T20:02:51.899" activeThreads="16">
  <mem-info id="5638" free="28089632" total="46137344" percent="60">
    <mem type="tenure" free="28089632" total="46137344" percent="60" micro-fragmented="85801" macro-fragmented="0">
      <mem type="soa" free="27628832" total="45676544" percent="60" />
      <mem type="loa" free="460800" total="460800" percent="100" />
    </mem>
  </mem-info>
</gc-end>
<cycle-end id="5639" type="global" contextid="5632" timestamp="2019-08-04T20:02:51.899">
  <attribute name="GC Util" value="589" />
  <attribute name="CPU Util" value="1901196567526" />
  <attribute name="Time Running"value="119509"/>
  <attribute name="Number of cores"value="16"/>
</cycle-end>
<allocation-satisfied id="5640" threadId="0000000001BEEF00" bytesRequested="16" />
<af-end id="5641" timestamp="2019-08-04T20:02:51.899" threadId="0000000001BEF888" success="true" />
<exclusive-end id="5642" timestamp="2019-08-04T20:02:51.899" durationms="12.250" />

<exclusive-start id="5643" timestamp="2019-08-04T20:02:51.967" intervalms="80.743">
  <response-info timems="0.021" idlems="0.021" threads="0" lastid="0000000001BEEF00" lastname="main" />
</exclusive-start>
<af-start id="5644" threadId="0000000001BEF888" totalBytesRequested="520" timestamp="2019-08-04T20:02:51.967" intervalms="80.744" />
<cycle-start id="5645" type="global" contextid="0" timestamp="2019-08-04T20:02:51.967" intervalms="80.728" />
  <attribute name="GC Util" value="589" />
  <attribute name="CPU Util" value="1901196567526" />
  <attribute name="Time Running"value="119509"/>
  <attribute name="Number of cores"value="16"/>
<gc-start id="5646" type="global" contextid="5645" timestamp="2019-08-04T20:02:51.967">
  <mem-info id="5647" free="460800" total="46137344" percent="0">
    <mem type="tenure" free="460800" total="46137344" percent="0">
      <mem type="soa" free="0" total="45676544" percent="0" />
      <mem type="loa" free="460800" total="460800" percent="100" />
    </mem>
  </mem-info>
</gc-start>
<allocation-stats totalBytes="27600000" >
  <allocated-bytes non-tlh="0" tlh="27600000" />
  <largest-consumer threadName="main" threadId="0000000001BEEF00" bytes="27600000" />
</allocation-stats>
<gc-op id="5648" type="mark" timems="11.077" contextid="5645" timestamp="2019-08-04T20:02:51.978">
  <trace-info objectcount="596279" scancount="517282" scanbytes="13273748" />
  <finalization candidates="80" enqueued="0" />
  <ownableSynchronizers candidates="21" cleared="0" />
  <references type="soft" candidates="1843" cleared="0" enqueued="0" dynamicThreshold="19" maxThreshold="32" />
  <references type="weak" candidates="5788" cleared="0" enqueued="0" />
  <references type="phantom" candidates="97" cleared="0" enqueued="0" />
  <stringconstants candidates="13258" cleared="0"  />
</gc-op>
<gc-op id="5649" type="sweep" timems="1.875" contextid="5645" timestamp="2019-08-04T20:02:51.980" />
<gc-end id="5650" type="global" contextid="5645" durationms="13.083" usertimems="65.307" systemtimems="0.000" timestamp="2019-08-04T20:02:51.980" activeThreads="16">
  <mem-info id="5651" free="28088408" total="46137344" percent="60">
    <mem type="tenure" free="28088408" total="46137344" percent="60" micro-fragmented="81052" macro-fragmented="0">
      <mem type="soa" free="27627608" total="45676544" percent="60" />
      <mem type="loa" free="460800" total="460800" percent="100" />
    </mem>
  </mem-info>
</gc-end>
<cycle-end id="5652" type="global" contextid="5645" timestamp="2019-08-04T20:02:51.980">
  <attribute name="GC Util" value="494" />
  <attribute name="CPU Util" value="1663221386861" />
  <attribute name="Time Running"value="119592"/>
  <attribute name="Number of cores"value="16"/>
</cycle-end>
<allocation-satisfied id="5653" threadId="0000000001BEEF00" bytesRequested="520" />
<af-end id="5654" timestamp="2019-08-04T20:02:51.980" threadId="0000000001BEF888" success="true" />
<exclusive-end id="5655" timestamp="2019-08-04T20:02:51.980" durationms="13.292" />

<exclusive-start id="5656" timestamp="2019-08-04T20:02:52.000" intervalms="33.063">
  <response-info timems="0.022" idlems="0.022" threads="0" lastid="0000000001BEEF00" lastname="main" />
</exclusive-start>
<af-start id="5657" threadId="0000000001BEF888" totalBytesRequested="112" timestamp="2019-08-04T20:02:52.000" intervalms="33.081" />
<cycle-start id="5658" type="global" contextid="0" timestamp="2019-08-04T20:02:52.000" intervalms="33.083" />
  <attribute name="GC Util" value="494" />
  <attribute name="CPU Util" value="1663221386861" />
  <attribute name="Time Running"value="119592"/>
  <attribute name="Number of cores"value="16"/>
<gc-start id="5659" type="global" contextid="5658" timestamp="2019-08-04T20:02:52.000">
  <mem-info id="5660" free="460800" total="46137344" percent="0">
    <mem type="tenure" free="460800" total="46137344" percent="0">
      <mem type="soa" free="0" total="45676544" percent="0" />
      <mem type="loa" free="460800" total="460800" percent="100" />
    </mem>
  </mem-info>
</gc-start>
<allocation-stats totalBytes="27590160" >
  <allocated-bytes non-tlh="0" tlh="27590160" />
  <largest-consumer threadName="main" threadId="0000000001BEEF00" bytes="27590160" />
</allocation-stats>
<gc-op id="5661" type="mark" timems="12.015" contextid="5658" timestamp="2019-08-04T20:02:52.012">
  <trace-info objectcount="596277" scancount="517285" scanbytes="13273732" />
  <finalization candidates="80" enqueued="0" />
  <ownableSynchronizers candidates="21" cleared="0" />
  <references type="soft" candidates="1843" cleared="0" enqueued="0" dynamicThreshold="19" maxThreshold="32" />
  <references type="weak" candidates="5788" cleared="0" enqueued="0" />
  <references type="phantom" candidates="97" cleared="0" enqueued="0" />
  <stringconstants candidates="13258" cleared="0"  />
</gc-op>
<gc-op id="5662" type="sweep" timems="1.854" contextid="5658" timestamp="2019-08-04T20:02:52.014" />
<gc-end id="5663" type="global" contextid="5658" durationms="13.992" usertimems="85.411" systemtimems="0.000" timestamp="2019-08-04T20:02:52.014" activeThreads="16">
  <mem-info id="5664" free="28088944" total="46137344" percent="60">
    <mem type="tenure" free="28088944" total="46137344" percent="60" micro-fragmented="81052" macro-fragmented="0">
      <mem type="soa" free="27628144" total="45676544" percent="60" />
      <mem type="loa" free="460800" total="460800" percent="100" />
    </mem>
  </mem-info>
</gc-end>
<cycle-end id="5665" type="global" contextid="5658" timestamp="2019-08-04T20:02:52.014">
  <attribute name="GC Util" value="604" />
  <attribute name="CPU Util" value="1533467400969" />
  <attribute name="Time Running"value="119626"/>
  <attribute name="Number of cores"value="16"/>
</cycle-end>
<allocation-satisfied id="5666" threadId="0000000001BEEF00" bytesRequested="112" />
<af-end id="5667" timestamp="2019-08-04T20:02:52.014" threadId="0000000001BEF888" success="true" />
<exclusive-end id="5668" timestamp="2019-08-04T20:02:52.014" durationms="14.241" />

<exclusive-start id="5669" timestamp="2019-08-04T20:02:52.036" intervalms="35.975">
  <response-info timems="0.059" idlems="0.059" threads="0" lastid="0000000001BEEF00" lastname="main" />
</exclusive-start>
<af-start id="5670" threadId="0000000001BEF888" totalBytesRequested="112" timestamp="2019-08-04T20:02:52.036" intervalms="35.966" />
<cycle-start id="5671" type="global" contextid="0" timestamp="2019-08-04T20:02:52.036" intervalms="35.989" />
  <attribute name="GC Util" value="604" />
  <attribute name="CPU Util" value="1533467400969" />
  <attribute name="Time Running"value="119626"/>
  <attribute name="Number of cores"value="16"/>
<gc-start id="5672" type="global" contextid="5671" timestamp="2019-08-04T20:02:52.036">
  <mem-info id="5673" free="460800" total="46137344" percent="0">
    <mem type="tenure" free="460800" total="46137344" percent="0">
      <mem type="soa" free="0" total="45676544" percent="0" />
      <mem type="loa" free="460800" total="460800" percent="100" />
    </mem>
  </mem-info>
</gc-start>
<allocation-stats totalBytes="27586720" >
  <allocated-bytes non-tlh="0" tlh="27586720" />
  <largest-consumer threadName="main" threadId="0000000001BEEF00" bytes="27586720" />
</allocation-stats>
<gc-op id="5674" type="mark" timems="11.568" contextid="5671" timestamp="2019-08-04T20:02:52.048">
  <trace-info objectcount="596277" scancount="517284" scanbytes="13273732" />
  <finalization candidates="80" enqueued="0" />
  <ownableSynchronizers candidates="21" cleared="0" />
  <references type="soft" candidates="1843" cleared="0" enqueued="0" dynamicThreshold="19" maxThreshold="32" />
  <references type="weak" candidates="5788" cleared="0" enqueued="0" />
  <references type="phantom" candidates="97" cleared="0" enqueued="0" />
  <stringconstants candidates="13258" cleared="0"  />
</gc-op>
<gc-op id="5675" type="sweep" timems="1.799" contextid="5671" timestamp="2019-08-04T20:02:52.050" />
<gc-end id="5676" type="global" contextid="5671" durationms="13.547" usertimems="84.732" systemtimems="0.000" timestamp="2019-08-04T20:02:52.050" activeThreads="16">
  <mem-info id="5677" free="28088944" total="46137344" percent="60">
    <mem type="tenure" free="28088944" total="46137344" percent="60" micro-fragmented="81052" macro-fragmented="0">
      <mem type="soa" free="27628144" total="45676544" percent="60" />
      <mem type="loa" free="460800" total="460800" percent="100" />
    </mem>
  </mem-info>
</gc-end>
<cycle-end id="5678" type="global" contextid="5671" timestamp="2019-08-04T20:02:52.050">
  <attribute name="GC Util" value="675" />
  <attribute name="CPU Util" value="1586289237889" />
  <attribute name="Time Running"value="119661"/>
  <attribute name="Number of cores"value="16"/>
</cycle-end>
<allocation-satisfied id="5679" threadId="0000000001BEEF00" bytesRequested="112" />
<af-end id="5680" timestamp="2019-08-04T20:02:52.050" threadId="0000000001BEF888" success="true" />
<exclusive-end id="5681" timestamp="2019-08-04T20:02:52.050" durationms="13.788" />

<exclusive-start id="5682" timestamp="2019-08-04T20:02:52.088" intervalms="51.386">
  <response-info timems="0.020" idlems="0.020" threads="0" lastid="0000000001BEEF00" lastname="main" />
</exclusive-start>
<af-start id="5683" threadId="0000000001BEF888" totalBytesRequested="32" timestamp="2019-08-04T20:02:52.088" intervalms="51.377" />
<cycle-start id="5684" type="global" contextid="0" timestamp="2019-08-04T20:02:52.088" intervalms="51.350" />
  <attribute name="GC Util" value="675" />
  <attribute name="CPU Util" value="1586289237889" />
  <attribute name="Time Running"value="119661"/>
  <attribute name="Number of cores"value="16"/>
<gc-start id="5685" type="global" contextid="5684" timestamp="2019-08-04T20:02:52.088">
  <mem-info id="5686" free="460800" total="46137344" percent="0">
    <mem type="tenure" free="460800" total="46137344" percent="0">
      <mem type="soa" free="0" total="45676544" percent="0" />
      <mem type="loa" free="460800" total="460800" percent="100" />
    </mem>
  </mem-info>
</gc-start>
<allocation-stats totalBytes="27608496" >
  <allocated-bytes non-tlh="0" tlh="27608496" />
  <largest-consumer threadName="main" threadId="0000000001BEEF00" bytes="27608496" />
</allocation-stats>
<gc-op id="5687" type="mark" timems="9.700" contextid="5684" timestamp="2019-08-04T20:02:52.097">
  <trace-info objectcount="596268" scancount="517282" scanbytes="13273608" />
  <finalization candidates="80" enqueued="0" />
  <ownableSynchronizers candidates="21" cleared="0" />
  <references type="soft" candidates="1843" cleared="0" enqueued="0" dynamicThreshold="19" maxThreshold="32" />
  <references type="weak" candidates="5788" cleared="0" enqueued="0" />
  <references type="phantom" candidates="97" cleared="0" enqueued="0" />
  <stringconstants candidates="13258" cleared="0"  />
</gc-op>
<gc-op id="5688" type="sweep" timems="1.843" contextid="5684" timestamp="2019-08-04T20:02:52.099" />
<gc-end id="5689" type="global" contextid="5684" durationms="11.677" usertimems="63.178" systemtimems="0.000" timestamp="2019-08-04T20:02:52.099" activeThreads="16">
  <mem-info id="5690" free="28089704" total="46137344" percent="60">
    <mem type="tenure" free="28089704" total="46137344" percent="60" micro-fragmented="85801" macro-fragmented="0">
      <mem type="soa" free="27628904" total="45676544" percent="60" />
      <mem type="loa" free="460800" total="460800" percent="100" />
    </mem>
  </mem-info>
</gc-end>
<cycle-end id="5691" type="global" contextid="5684" timestamp="2019-08-04T20:02:52.099">
  <attribute name="GC Util" value="554" />
  <attribute name="CPU Util" value="1895979967523" />
  <attribute name="Time Running"value="119711"/>
  <attribute name="Number of cores"value="16"/>
</cycle-end>
<allocation-satisfied id="5692" threadId="0000000001BEEF00" bytesRequested="32" />
<af-end id="5693" timestamp="2019-08-04T20:02:52.099" threadId="0000000001BEF888" success="true" />
<exclusive-end id="5694" timestamp="2019-08-04T20:02:52.099" durationms="11.881" />

<exclusive-start id="5695" timestamp="2019-08-04T20:02:52.109" intervalms="21.331">
  <response-info timems="0.028" idlems="0.028" threads="0" lastid="0000000001BEEF00" lastname="main" />
</exclusive-start>
<af-start id="5696" threadId="0000000001BEF888" totalBytesRequested="544" timestamp="2019-08-04T20:02:52.109" intervalms="21.337" />
<cycle-start id="5697" type="global" contextid="0" timestamp="2019-08-04T20:02:52.109" intervalms="21.345" />
  <attribute name="GC Util" value="554" />
  <attribute name="CPU Util" value="1895979967523" />
  <attribute name="Time Running"value="119711"/>
  <attribute name="Number of cores"value="16"/>
<gc-start id="5698" type="global" contextid="5697" timestamp="2019-08-04T20:02:52.109">
  <mem-info id="5699" free="460800" total="46137344" percent="0">
    <mem type="tenure" free="460800" total="46137344" percent="0">
      <mem type="soa" free="0" total="45676544" percent="0" />
      <mem type="loa" free="460800" total="460800" percent="100" />
    </mem>
  </mem-info>
</gc-start>
<allocation-stats totalBytes="27580624" >
  <allocated-bytes non-tlh="0" tlh="27580624" />
  <largest-consumer threadName="main" threadId="0000000001BEEF00" bytes="27580624" />
</allocation-stats>
<gc-op id="5700" type="mark" timems="12.380" contextid="5697" timestamp="2019-08-04T20:02:52.121">
  <trace-info objectcount="596268" scancount="517284" scanbytes="13273600" />
  <finalization candidates="80" enqueued="0" />
  <ownableSynchronizers candidates="21" cleared="0" />
  <references type="soft" candidates="1843" cleared="0" enqueued="0" dynamicThreshold="19" maxThreshold="32" />
  <references type="weak" candidates="5788" cleared="0" enqueued="0" />
  <references type="phantom" candidates="97" cleared="0" enqueued="0" />
  <stringconstants candidates="13258" cleared="0"  />
</gc-op>
<gc-op id="5701" type="sweep" timems="1.460" contextid="5697" timestamp="2019-08-04T20:02:52.123" />
<gc-end id="5702" type="global" contextid="5697" durationms="13.993" usertimems="70.598" systemtimems="0.000" timestamp="2019-08-04T20:02:52.123" activeThreads="16">
  <mem-info id="5703" free="28089320" total="46137344" percent="60">
    <mem type="tenure" free="28089320" total="46137344" percent="60" micro-fragmented="81051" macro-fragmented="0">
      <mem type="soa" free="27628520" total="45676544" percent="60" />
      <mem type="loa" free="460800" total="460800" percent="100" />
    </mem>
  </mem-info>
</gc-end>
<cycle-end id="5704" type="global" contextid="5697" timestamp="2019-08-04T20:02:52.123">
  <attribute name="GC Util" value="490" />
  <attribute name="CPU Util" value="1489133444281" />
  <attribute name="Time Running"value="119735"/>
  <attribute name="Number of cores"value="16"/>
</cycle-end>
<allocation-satisfied id="5705" threadId="0000000001BEEF00" bytesRequested="544" />
<af-end id="5706" timestamp="2019-08-04T20:02:52.123" threadId="0000000001BEF888" success="true" />
<exclusive-end id="5707" timestamp="2019-08-04T20:02:52.123" durationms="14.216" />

<exclusive-start id="5708" timestamp="2019-08-04T20:02:52.127" intervalms="17.818">
  <response-info timems="0.021" idlems="0.021" threads="0" lastid="0000000001BEEF00" lastname="main" />
</exclusive-start>
<af-start id="5709" threadId="0000000001BEF888" totalBytesRequested="24" timestamp="2019-08-04T20:02:52.127" intervalms="17.823" />
<cycle-start id="5710" type="global" contextid="0" timestamp="2019-08-04T20:02:52.127" intervalms="17.816" />
  <attribute name="GC Util" value="490" />
  <attribute name="CPU Util" value="1489133444281" />
  <attribute name="Time Running"value="119735"/>
  <attribute name="Number of cores"value="16"/>
<gc-start id="5711" type="global" contextid="5710" timestamp="2019-08-04T20:02:52.127">
  <mem-info id="5712" free="460800" total="46137344" percent="0">
    <mem type="tenure" free="460800" total="46137344" percent="0">
      <mem type="soa" free="0" total="45676544" percent="0" />
      <mem type="loa" free="460800" total="460800" percent="100" />
    </mem>
  </mem-info>
</gc-start>
<allocation-stats totalBytes="27558208" >
  <allocated-bytes non-tlh="0" tlh="27558208" />
  <largest-consumer threadName="main" threadId="0000000001BEEF00" bytes="27558208" />
</allocation-stats>
<gc-op id="5713" type="mark" timems="8.880" contextid="5710" timestamp="2019-08-04T20:02:52.136">
  <trace-info objectcount="596266" scancount="517275" scanbytes="13273552" />
  <finalization candidates="80" enqueued="0" />
  <ownableSynchronizers candidates="21" cleared="0" />
  <references type="soft" candidates="1843" cleared="0" enqueued="0" dynamicThreshold="19" maxThreshold="32" />
  <references type="weak" candidates="5788" cleared="0" enqueued="0" />
  <references type="phantom" candidates="97" cleared="0" enqueued="0" />
  <stringconstants candidates="13258" cleared="0"  />
</gc-op>
<gc-op id="5714" type="sweep" timems="2.955" contextid="5710" timestamp="2019-08-04T20:02:52.139" />
<gc-end id="5715" type="global" contextid="5710" durationms="11.986" usertimems="70.098" systemtimems="0.000" timestamp="2019-08-04T20:02:52.139" activeThreads="16">
  <mem-info id="5716" free="28089392" total="46137344" percent="60">
    <mem type="tenure" free="28089392" total="46137344" percent="60" micro-fragmented="81051" macro-fragmented="0">
      <mem type="soa" free="27628592" total="45676544" percent="60" />
      <mem type="loa" free="460800" total="460800" percent="100" />
    </mem>
  </mem-info>
</gc-end>
<cycle-end id="5717" type="global" contextid="5710" timestamp="2019-08-04T20:02:52.139">
  <attribute name="GC Util" value="632" />
  <attribute name="CPU Util" value="2066391591391" />
  <attribute name="Time Running"value="119749"/>
  <attribute name="Number of cores"value="16"/>
</cycle-end>
<allocation-satisfied id="5718" threadId="0000000001BEEF00" bytesRequested="24" />
<af-end id="5719" timestamp="2019-08-04T20:02:52.139" threadId="0000000001BEF888" success="true" />
<exclusive-end id="5720" timestamp="2019-08-04T20:02:52.139" durationms="12.223" />

<exclusive-start id="5721" timestamp="2019-08-04T20:02:52.142" intervalms="15.781">
  <response-info timems="0.023" idlems="0.023" threads="0" lastid="0000000001BEEF00" lastname="main" />
</exclusive-start>
<af-start id="5722" threadId="0000000001BEF888" totalBytesRequested="24" timestamp="2019-08-04T20:02:52.142" intervalms="15.767" />
<cycle-start id="5723" type="global" contextid="0" timestamp="2019-08-04T20:02:52.143" intervalms="15.766" />
  <attribute name="GC Util" value="632" />
  <attribute name="CPU Util" value="2066391591391" />
  <attribute name="Time Running"value="119749"/>
  <attribute name="Number of cores"value="16"/>
<gc-start id="5724" type="global" contextid="5723" timestamp="2019-08-04T20:02:52.143">
  <mem-info id="5725" free="460800" total="46137344" percent="0">
    <mem type="tenure" free="460800" total="46137344" percent="0">
      <mem type="soa" free="0" total="45676544" percent="0" />
      <mem type="loa" free="460800" total="460800" percent="100" />
    </mem>
  </mem-info>
</gc-start>
<allocation-stats totalBytes="27558608" >
  <allocated-bytes non-tlh="0" tlh="27558608" />
  <largest-consumer threadName="main" threadId="0000000001BEEF00" bytes="27558608" />
</allocation-stats>
<gc-op id="5726" type="mark" timems="9.703" contextid="5723" timestamp="2019-08-04T20:02:52.152">
  <trace-info objectcount="596267" scancount="517276" scanbytes="13273584" />
  <finalization candidates="80" enqueued="0" />
  <ownableSynchronizers candidates="21" cleared="0" />
  <references type="soft" candidates="1843" cleared="0" enqueued="0" dynamicThreshold="19" maxThreshold="32" />
  <references type="weak" candidates="5788" cleared="0" enqueued="0" />
  <references type="phantom" candidates="97" cleared="0" enqueued="0" />
  <stringconstants candidates="13258" cleared="0"  />
</gc-op>
<gc-op id="5727" type="sweep" timems="1.376" contextid="5723" timestamp="2019-08-04T20:02:52.154" />
<gc-end id="5728" type="global" contextid="5723" durationms="11.205" usertimems="66.549" systemtimems="0.000" timestamp="2019-08-04T20:02:52.154" activeThreads="16">
  <mem-info id="5729" free="28089344" total="46137344" percent="60">
    <mem type="tenure" free="28089344" total="46137344" percent="60" micro-fragmented="81051" macro-fragmented="0">
      <mem type="soa" free="27628544" total="45676544" percent="60" />
      <mem type="loa" free="460800" total="460800" percent="100" />
    </mem>
  </mem-info>
</gc-end>
<cycle-end id="5730" type="global" contextid="5723" timestamp="2019-08-04T20:02:52.154">
  <attribute name="GC Util" value="601" />
  <attribute name="CPU Util" value="1906481547717" />
  <attribute name="Time Running"value="119765"/>
  <attribute name="Number of cores"value="16"/>
</cycle-end>
<allocation-satisfied id="5731" threadId="0000000001BEEF00" bytesRequested="24" />
<af-end id="5732" timestamp="2019-08-04T20:02:52.154" threadId="0000000001BEF888" success="true" />
<exclusive-end id="5733" timestamp="2019-08-04T20:02:52.154" durationms="11.409" />

<exclusive-start id="5734" timestamp="2019-08-04T20:02:52.157" intervalms="15.016">
  <response-info timems="0.021" idlems="0.021" threads="0" lastid="0000000001BEEF00" lastname="main" />
</exclusive-start>
<af-start id="5735" threadId="0000000001BEF888" totalBytesRequested="584" timestamp="2019-08-04T20:02:52.157" intervalms="15.016" />
<cycle-start id="5736" type="global" contextid="0" timestamp="2019-08-04T20:02:52.158" intervalms="15.017" />
  <attribute name="GC Util" value="601" />
  <attribute name="CPU Util" value="1906481547717" />
  <attribute name="Time Running"value="119765"/>
  <attribute name="Number of cores"value="16"/>
<gc-start id="5737" type="global" contextid="5736" timestamp="2019-08-04T20:02:52.158">
  <mem-info id="5738" free="460800" total="46137344" percent="0">
    <mem type="tenure" free="460800" total="46137344" percent="0">
      <mem type="soa" free="0" total="45676544" percent="0" />
      <mem type="loa" free="460800" total="460800" percent="100" />
    </mem>
  </mem-info>
</gc-start>
<allocation-stats totalBytes="27560464" >
  <allocated-bytes non-tlh="0" tlh="27560464" />
  <largest-consumer threadName="main" threadId="0000000001BEEF00" bytes="27560464" />
</allocation-stats>
<gc-op id="5739" type="mark" timems="10.191" contextid="5736" timestamp="2019-08-04T20:02:52.168">
  <trace-info objectcount="596268" scancount="517276" scanbytes="13273600" />
  <finalization candidates="80" enqueued="0" />
  <ownableSynchronizers candidates="21" cleared="0" />
  <references type="soft" candidates="1843" cleared="0" enqueued="0" dynamicThreshold="19" maxThreshold="32" />
  <references type="weak" candidates="5788" cleared="0" enqueued="0" />
  <references type="phantom" candidates="97" cleared="0" enqueued="0" />
  <stringconstants candidates="13258" cleared="0"  />
</gc-op>
<gc-op id="5740" type="sweep" timems="2.586" contextid="5736" timestamp="2019-08-04T20:02:52.170" />
<gc-end id="5741" type="global" contextid="5736" durationms="12.913" usertimems="65.805" systemtimems="0.000" timestamp="2019-08-04T20:02:52.170" activeThreads="16">
  <mem-info id="5742" free="28088912" total="46137344" percent="60">
    <mem type="tenure" free="28088912" total="46137344" percent="60" micro-fragmented="81051" macro-fragmented="0">
      <mem type="soa" free="27628112" total="45676544" percent="60" />
      <mem type="loa" free="460800" total="460800" percent="100" />
    </mem>
  </mem-info>
</gc-end>
<cycle-end id="5743" type="global" contextid="5736" timestamp="2019-08-04T20:02:52.171">
  <attribute name="GC Util" value="535" />
  <attribute name="CPU Util" value="1808101882143" />
  <attribute name="Time Running"value="119781"/>
  <attribute name="Number of cores"value="16"/>
</cycle-end>
<allocation-satisfied id="5744" threadId="0000000001BEEF00" bytesRequested="584" />
<af-end id="5745" timestamp="2019-08-04T20:02:52.171" threadId="0000000001BEF888" success="true" />
<exclusive-end id="5746" timestamp="2019-08-04T20:02:52.171" durationms="13.119" />

<exclusive-start id="5747" timestamp="2019-08-04T20:02:52.174" intervalms="16.839">
  <response-info timems="0.024" idlems="0.024" threads="0" lastid="0000000001BEEF00" lastname="main" />
</exclusive-start>
<af-start id="5748" threadId="0000000001BEF888" totalBytesRequested="32" timestamp="2019-08-04T20:02:52.174" intervalms="16.859" />
<cycle-start id="5749" type="global" contextid="0" timestamp="2019-08-04T20:02:52.174" intervalms="16.860" />
  <attribute name="GC Util" value="535" />
  <attribute name="CPU Util" value="1808101882143" />
  <attribute name="Time Running"value="119781"/>
  <attribute name="Number of cores"value="16"/>
<gc-start id="5750" type="global" contextid="5749" timestamp="2019-08-04T20:02:52.174">
  <mem-info id="5751" free="460800" total="46137344" percent="0">
    <mem type="tenure" free="460800" total="46137344" percent="0">
      <mem type="soa" free="0" total="45676544" percent="0" />
      <mem type="loa" free="460800" total="460800" percent="100" />
    </mem>
  </mem-info>
</gc-start>
<allocation-stats totalBytes="27558912" >
  <allocated-bytes non-tlh="0" tlh="27558912" />
  <largest-consumer threadName="main" threadId="0000000001BEEF00" bytes="27558912" />
</allocation-stats>
<gc-op id="5752" type="mark" timems="9.859" contextid="5749" timestamp="2019-08-04T20:02:52.184">
  <trace-info objectcount="596266" scancount="517278" scanbytes="13273552" />
  <finalization candidates="80" enqueued="0" />
  <ownableSynchronizers candidates="21" cleared="0" />
  <references type="soft" candidates="1843" cleared="0" enqueued="0" dynamicThreshold="19" maxThreshold="32" />
  <references type="weak" candidates="5788" cleared="0" enqueued="0" />
  <references type="phantom" candidates="97" cleared="0" enqueued="0" />
  <stringconstants candidates="13258" cleared="0"  />
</gc-op>
<gc-op id="5753" type="sweep" timems="1.522" contextid="5749" timestamp="2019-08-04T20:02:52.186" />
<gc-end id="5754" type="global" contextid="5749" durationms="11.507" usertimems="62.608" systemtimems="0.000" timestamp="2019-08-04T20:02:52.186" activeThreads="16">
  <mem-info id="5755" free="28089392" total="46137344" percent="60">
    <mem type="tenure" free="28089392" total="46137344" percent="60" micro-fragmented="81051" macro-fragmented="0">
      <mem type="soa" free="27628592" total="45676544" percent="60" />
      <mem type="loa" free="460800" total="460800" percent="100" />
    </mem>
  </mem-info>
</gc-end>
<cycle-end id="5756" type="global" contextid="5749" timestamp="2019-08-04T20:02:52.186">
  <attribute name="GC Util" value="538" />
  <attribute name="CPU Util" value="1868093342644" />
  <attribute name="Time Running"value="119798"/>
  <attribute name="Number of cores"value="16"/>
</cycle-end>
<allocation-satisfied id="5757" threadId="0000000001BEEF00" bytesRequested="32" />
<af-end id="5758" timestamp="2019-08-04T20:02:52.186" threadId="0000000001BEF888" success="true" />
<exclusive-end id="5759" timestamp="2019-08-04T20:02:52.186" durationms="11.739" />

<exclusive-start id="5760" timestamp="2019-08-04T20:02:52.190" intervalms="15.269">
  <response-info timems="0.018" idlems="0.018" threads="0" lastid="0000000001BEEF00" lastname="main" />
</exclusive-start>
<af-start id="5761" threadId="0000000001BEF888" totalBytesRequested="24" timestamp="2019-08-04T20:02:52.190" intervalms="15.244" />
<cycle-start id="5762" type="global" contextid="0" timestamp="2019-08-04T20:02:52.190" intervalms="15.241" />
  <attribute name="GC Util" value="538" />
  <attribute name="CPU Util" value="1868093342644" />
  <attribute name="Time Running"value="119798"/>
  <attribute name="Number of cores"value="16"/>
<gc-start id="5763" type="global" contextid="5762" timestamp="2019-08-04T20:02:52.190">
  <mem-info id="5764" free="460800" total="46137344" percent="0">
    <mem type="tenure" free="460800" total="46137344" percent="0">
      <mem type="soa" free="0" total="45676544" percent="0" />
      <mem type="loa" free="460800" total="460800" percent="100" />
    </mem>
  </mem-info>
</gc-start>
<allocation-stats totalBytes="27557616" >
  <allocated-bytes non-tlh="0" tlh="27557616" />
  <largest-consumer threadName="main" threadId="0000000001BEEF00" bytes="27557616" />
</allocation-stats>
<gc-op id="5765" type="mark" timems="9.761" contextid="5762" timestamp="2019-08-04T20:02:52.199">
  <trace-info objectcount="596266" scancount="517273" scanbytes="13273552" />
  <finalization candidates="80" enqueued="0" />
  <ownableSynchronizers candidates="21" cleared="0" />
  <references type="soft" candidates="1843" cleared="0" enqueued="0" dynamicThreshold="19" maxThreshold="32" />
  <references type="weak" candidates="5788" cleared="0" enqueued="0" />
  <references type="phantom" candidates="97" cleared="0" enqueued="0" />
  <stringconstants candidates="13258" cleared="0"  />
</gc-op>
<gc-op id="5766" type="sweep" timems="1.809" contextid="5762" timestamp="2019-08-04T20:02:52.201" />
<gc-end id="5767" type="global" contextid="5762" durationms="11.703" usertimems="70.568" systemtimems="0.000" timestamp="2019-08-04T20:02:52.201" activeThreads="16">
  <mem-info id="5768" free="28089392" total="46137344" percent="60">
    <mem type="tenure" free="28089392" total="46137344" percent="60" micro-fragmented="81051" macro-fragmented="0">
      <mem type="soa" free="27628592" total="45676544" percent="60" />
      <mem type="loa" free="460800" total="460800" percent="100" />
    </mem>
  </mem-info>
</gc-end>
<cycle-end id="5769" type="global" contextid="5762" timestamp="2019-08-04T20:02:52.201">
  <attribute name="GC Util" value="615" />
  <attribute name="CPU Util" value="1888142038713" />
  <attribute name="Time Running"value="119813"/>
  <attribute name="Number of cores"value="16"/>
</cycle-end>
<allocation-satisfied id="5770" threadId="0000000001BEEF00" bytesRequested="24" />
<af-end id="5771" timestamp="2019-08-04T20:02:52.201" threadId="0000000001BEF888" success="true" />
<exclusive-end id="5772" timestamp="2019-08-04T20:02:52.201" durationms="11.901" />

<exclusive-start id="5773" timestamp="2019-08-04T20:02:52.207" intervalms="17.178">
  <response-info timems="0.029" idlems="0.029" threads="0" lastid="0000000001BEEF00" lastname="main" />
</exclusive-start>
<af-start id="5774" threadId="0000000001BEF888" totalBytesRequested="32" timestamp="2019-08-04T20:02:52.207" intervalms="17.204" />
<cycle-start id="5775" type="global" contextid="0" timestamp="2019-08-04T20:02:52.207" intervalms="17.217" />
  <attribute name="GC Util" value="615" />
  <attribute name="CPU Util" value="1888142038713" />
  <attribute name="Time Running"value="119813"/>
  <attribute name="Number of cores"value="16"/>
<gc-start id="5776" type="global" contextid="5775" timestamp="2019-08-04T20:02:52.207">
  <mem-info id="5777" free="460800" total="46137344" percent="0">
    <mem type="tenure" free="460800" total="46137344" percent="0">
      <mem type="soa" free="0" total="45676544" percent="0" />
      <mem type="loa" free="460800" total="460800" percent="100" />
    </mem>
  </mem-info>
</gc-start>
<allocation-stats totalBytes="27557592" >
  <allocated-bytes non-tlh="0" tlh="27557592" />
  <largest-consumer threadName="main" threadId="0000000001BEEF00" bytes="27557592" />
</allocation-stats>
<gc-op id="5778" type="mark" timems="10.224" contextid="5775" timestamp="2019-08-04T20:02:52.217">
  <trace-info objectcount="596269" scancount="517279" scanbytes="13273600" />
  <finalization candidates="80" enqueued="0" />
  <ownableSynchronizers candidates="21" cleared="0" />
  <references type="soft" candidates="1843" cleared="0" enqueued="0" dynamicThreshold="19" maxThreshold="32" />
  <references type="weak" candidates="5788" cleared="0" enqueued="0" />
  <references type="phantom" candidates="97" cleared="0" enqueued="0" />
  <stringconstants candidates="13258" cleared="0"  />
</gc-op>
<gc-op id="5779" type="sweep" timems="4.293" contextid="5775" timestamp="2019-08-04T20:02:52.221" />
<gc-end id="5780" type="global" contextid="5775" durationms="14.679" usertimems="74.960" systemtimems="0.000" timestamp="2019-08-04T20:02:52.222" activeThreads="16">
  <mem-info id="5781" free="28088776" total="46137344" percent="60">
    <mem type="tenure" free="28088776" total="46137344" percent="60" micro-fragmented="81051" macro-fragmented="0">
      <mem type="soa" free="27627976" total="45676544" percent="60" />
      <mem type="loa" free="460800" total="460800" percent="100" />
    </mem>
  </mem-info>
</gc-end>
<cycle-end id="5782" type="global" contextid="5775" timestamp="2019-08-04T20:02:52.222">
  <attribute name="GC Util" value="618" />
  <attribute name="CPU Util" value="1800715294241" />
  <attribute name="Time Running"value="119830"/>
  <attribute name="Number of cores"value="16"/>
</cycle-end>
<allocation-satisfied id="5783" threadId="0000000001BEEF00" bytesRequested="32" />
<af-end id="5784" timestamp="2019-08-04T20:02:52.222" threadId="0000000001BEF888" success="true" />
<exclusive-end id="5785" timestamp="2019-08-04T20:02:52.222" durationms="14.926" />

<exclusive-start id="5786" timestamp="2019-08-04T20:02:52.245" intervalms="38.272">
  <response-info timems="0.017" idlems="0.017" threads="0" lastid="0000000001BEEF00" lastname="main" />
</exclusive-start>
<af-start id="5787" threadId="0000000001BEF888" totalBytesRequested="440" timestamp="2019-08-04T20:02:52.245" intervalms="38.271" />
<cycle-start id="5788" type="global" contextid="0" timestamp="2019-08-04T20:02:52.245" intervalms="38.260" />
  <attribute name="GC Util" value="618" />
  <attribute name="CPU Util" value="1800715294241" />
  <attribute name="Time Running"value="119830"/>
  <attribute name="Number of cores"value="16"/>
<gc-start id="5789" type="global" contextid="5788" timestamp="2019-08-04T20:02:52.245">
  <mem-info id="5790" free="460800" total="46137344" percent="0">
    <mem type="tenure" free="460800" total="46137344" percent="0">
      <mem type="soa" free="0" total="45676544" percent="0" />
      <mem type="loa" free="460800" total="460800" percent="100" />
    </mem>
  </mem-info>
</gc-start>
<allocation-stats totalBytes="27571448" >
  <allocated-bytes non-tlh="0" tlh="27571448" />
  <largest-consumer threadName="main" threadId="0000000001BEEF00" bytes="27571448" />
</allocation-stats>
<gc-op id="5791" type="mark" timems="9.158" contextid="5788" timestamp="2019-08-04T20:02:52.254">
  <trace-info objectcount="596273" scancount="517284" scanbytes="13273796" />
  <finalization candidates="80" enqueued="0" />
  <ownableSynchronizers candidates="21" cleared="0" />
  <references type="soft" candidates="1843" cleared="0" enqueued="0" dynamicThreshold="19" maxThreshold="32" />
  <references type="weak" candidates="5788" cleared="0" enqueued="0" />
  <references type="phantom" candidates="97" cleared="0" enqueued="0" />
  <stringconstants candidates="13258" cleared="0"  />
</gc-op>
<gc-op id="5792" type="sweep" timems="3.153" contextid="5788" timestamp="2019-08-04T20:02:52.258" />
<gc-end id="5793" type="global" contextid="5788" durationms="12.445" usertimems="64.796" systemtimems="0.000" timestamp="2019-08-04T20:02:52.258" activeThreads="16">
  <mem-info id="5794" free="28089096" total="46137344" percent="60">
    <mem type="tenure" free="28089096" total="46137344" percent="60" micro-fragmented="94665" macro-fragmented="0">
      <mem type="soa" free="27628296" total="45676544" percent="60" />
      <mem type="loa" free="460800" total="460800" percent="100" />
    </mem>
  </mem-info>
</gc-end>
<cycle-end id="5795" type="global" contextid="5788" timestamp="2019-08-04T20:02:52.258">
  <attribute name="GC Util" value="569" />
  <attribute name="CPU Util" value="2008733682193" />
  <attribute name="Time Running"value="119868"/>
  <attribute name="Number of cores"value="16"/>
</cycle-end>
<allocation-satisfied id="5796" threadId="0000000001BEEF00" bytesRequested="440" />
<af-end id="5797" timestamp="2019-08-04T20:02:52.258" threadId="0000000001BEF888" success="true" />
<exclusive-end id="5798" timestamp="2019-08-04T20:02:52.258" durationms="12.734" />

<exclusive-start id="5799" timestamp="2019-08-04T20:02:52.299" intervalms="53.969">
  <response-info timems="0.016" idlems="0.016" threads="0" lastid="0000000001BEEF00" lastname="main" />
</exclusive-start>
<af-start id="5800" threadId="0000000001BEF888" totalBytesRequested="24" timestamp="2019-08-04T20:02:52.299" intervalms="53.950" />
<cycle-start id="5801" type="global" contextid="0" timestamp="2019-08-04T20:02:52.299" intervalms="53.950" />
  <attribute name="GC Util" value="569" />
  <attribute name="CPU Util" value="2008733682193" />
  <attribute name="Time Running"value="119868"/>
  <attribute name="Number of cores"value="16"/>
<gc-start id="5802" type="global" contextid="5801" timestamp="2019-08-04T20:02:52.299">
  <mem-info id="5803" free="460800" total="46137344" percent="0">
    <mem type="tenure" free="460800" total="46137344" percent="0">
      <mem type="soa" free="0" total="45676544" percent="0" />
      <mem type="loa" free="460800" total="460800" percent="100" />
    </mem>
  </mem-info>
</gc-start>
<allocation-stats totalBytes="27585976" >
  <allocated-bytes non-tlh="0" tlh="27585976" />
  <largest-consumer threadName="main" threadId="0000000001BEEF00" bytes="27585976" />
</allocation-stats>
<gc-op id="5804" type="mark" timems="10.851" contextid="5801" timestamp="2019-08-04T20:02:52.310">
  <trace-info objectcount="596272" scancount="517285" scanbytes="13273740" />
  <finalization candidates="80" enqueued="0" />
  <ownableSynchronizers candidates="21" cleared="0" />
  <references type="soft" candidates="1843" cleared="0" enqueued="0" dynamicThreshold="19" maxThreshold="32" />
  <references type="weak" candidates="5788" cleared="0" enqueued="0" />
  <references type="phantom" candidates="97" cleared="0" enqueued="0" />
  <stringconstants candidates="13258" cleared="0"  />
</gc-op>
<gc-op id="5805" type="sweep" timems="1.956" contextid="5801" timestamp="2019-08-04T20:02:52.312" />
<gc-end id="5806" type="global" contextid="5801" durationms="12.947" usertimems="67.490" systemtimems="0.000" timestamp="2019-08-04T20:02:52.312" activeThreads="16">
  <mem-info id="5807" free="28089168" total="46137344" percent="60">
    <mem type="tenure" free="28089168" total="46137344" percent="60" micro-fragmented="94665" macro-fragmented="0">
      <mem type="soa" free="27628368" total="45676544" percent="60" />
      <mem type="loa" free="460800" total="460800" percent="100" />
    </mem>
  </mem-info>
</gc-end>
<cycle-end id="5808" type="global" contextid="5801" timestamp="2019-08-04T20:02:52.312">
  <attribute name="GC Util" value="527" />
  <attribute name="CPU Util" value="1695531182325" />
  <attribute name="Time Running"value="119923"/>
  <attribute name="Number of cores"value="16"/>
</cycle-end>
<allocation-satisfied id="5809" threadId="0000000001BEEF00" bytesRequested="24" />
<af-end id="5810" timestamp="2019-08-04T20:02:52.312" threadId="0000000001BEF888" success="true" />
<exclusive-end id="5811" timestamp="2019-08-04T20:02:52.312" durationms="13.137" />

<exclusive-start id="5812" timestamp="2019-08-04T20:02:52.334" intervalms="34.920">
  <response-info timems="0.020" idlems="0.020" threads="0" lastid="0000000001BEEF00" lastname="main" />
</exclusive-start>
<af-start id="5813" threadId="0000000001BEF888" totalBytesRequested="408" timestamp="2019-08-04T20:02:52.334" intervalms="34.922" />
<cycle-start id="5814" type="global" contextid="0" timestamp="2019-08-04T20:02:52.334" intervalms="34.921" />
  <attribute name="GC Util" value="527" />
  <attribute name="CPU Util" value="1695531182325" />
  <attribute name="Time Running"value="119923"/>
  <attribute name="Number of cores"value="16"/>
<gc-start id="5815" type="global" contextid="5814" timestamp="2019-08-04T20:02:52.334">
  <mem-info id="5816" free="460800" total="46137344" percent="0">
    <mem type="tenure" free="460800" total="46137344" percent="0">
      <mem type="soa" free="0" total="45676544" percent="0" />
      <mem type="loa" free="460800" total="460800" percent="100" />
    </mem>
  </mem-info>
</gc-start>
<allocation-stats totalBytes="27591504" >
  <allocated-bytes non-tlh="0" tlh="27591504" />
  <largest-consumer threadName="main" threadId="0000000001BEEF00" bytes="27591504" />
</allocation-stats>
<gc-op id="5817" type="mark" timems="9.990" contextid="5814" timestamp="2019-08-04T20:02:52.344">
  <trace-info objectcount="596276" scancount="517287" scanbytes="13274712" />
  <finalization candidates="80" enqueued="0" />
  <ownableSynchronizers candidates="21" cleared="0" />
  <references type="soft" candidates="1843" cleared="0" enqueued="0" dynamicThreshold="19" maxThreshold="32" />
  <references type="weak" candidates="5788" cleared="0" enqueued="0" />
  <references type="phantom" candidates="97" cleared="0" enqueued="0" />
  <stringconstants candidates="13258" cleared="0"  />
</gc-op>
<gc-op id="5818" type="sweep" timems="1.738" contextid="5814" timestamp="2019-08-04T20:02:52.346" />
<gc-end id="5819" type="global" contextid="5814" durationms="11.889" usertimems="62.586" systemtimems="0.000" timestamp="2019-08-04T20:02:52.346" activeThreads="16">
  <mem-info id="5820" free="28088696" total="46137344" percent="60">
    <mem type="tenure" free="28088696" total="46137344" percent="60" micro-fragmented="83065" macro-fragmented="0">
      <mem type="soa" free="27627896" total="45676544" percent="60" />
      <mem type="loa" free="460800" total="460800" percent="100" />
    </mem>
  </mem-info>
</gc-end>
<cycle-end id="5821" type="global" contextid="5814" timestamp="2019-08-04T20:02:52.346">
  <attribute name="GC Util" value="541" />
  <attribute name="CPU Util" value="1859818864960" />
  <attribute name="Time Running"value="119957"/>
  <attribute name="Number of cores"value="16"/>
</cycle-end>
<allocation-satisfied id="5822" threadId="0000000001BEEF00" bytesRequested="408" />
<af-end id="5823" timestamp="2019-08-04T20:02:52.346" threadId="0000000001BEF888" success="true" />
<exclusive-end id="5824" timestamp="2019-08-04T20:02:52.346" durationms="12.086" />

<exclusive-start id="5825" timestamp="2019-08-04T20:02:52.353" intervalms="19.049">
  <response-info timems="0.024" idlems="0.024" threads="0" lastid="0000000001BEEF00" lastname="main" />
</exclusive-start>
<af-start id="5826" threadId="0000000001BEF888" totalBytesRequested="408" timestamp="2019-08-04T20:02:52.353" intervalms="19.045" />
<cycle-start id="5827" type="global" contextid="0" timestamp="2019-08-04T20:02:52.353" intervalms="19.045" />
  <attribute name="GC Util" value="541" />
  <attribute name="CPU Util" value="1859818864960" />
  <attribute name="Time Running"value="119957"/>
  <attribute name="Number of cores"value="16"/>
<gc-start id="5828" type="global" contextid="5827" timestamp="2019-08-04T20:02:52.353">
  <mem-info id="5829" free="460800" total="46137344" percent="0">
    <mem type="tenure" free="460800" total="46137344" percent="0">
      <mem type="soa" free="0" total="45676544" percent="0" />
      <mem type="loa" free="460800" total="460800" percent="100" />
    </mem>
  </mem-info>
</gc-start>
<allocation-stats totalBytes="27595240" >
  <allocated-bytes non-tlh="0" tlh="27595240" />
  <largest-consumer threadName="main" threadId="0000000001BEEF00" bytes="27595240" />
</allocation-stats>
<gc-op id="5830" type="mark" timems="22.741" contextid="5827" timestamp="2019-08-04T20:02:52.376">
  <trace-info objectcount="596276" scancount="517285" scanbytes="13274336" />
  <finalization candidates="80" enqueued="0" />
  <ownableSynchronizers candidates="21" cleared="0" />
  <references type="soft" candidates="1843" cleared="0" enqueued="0" dynamicThreshold="19" maxThreshold="32" />
  <references type="weak" candidates="5788" cleared="0" enqueued="0" />
  <references type="phantom" candidates="97" cleared="0" enqueued="0" />
  <stringconstants candidates="13258" cleared="0"  />
</gc-op>
<gc-op id="5831" type="sweep" timems="1.832" contextid="5827" timestamp="2019-08-04T20:02:52.378" />
<gc-end id="5832" type="global" contextid="5827" durationms="24.725" usertimems="142.797" systemtimems="0.000" timestamp="2019-08-04T20:02:52.378" activeThreads="16">
  <mem-info id="5833" free="28088920" total="46137344" percent="60">
    <mem type="tenure" free="28088920" total="46137344" percent="60" micro-fragmented="83065" macro-fragmented="0">
      <mem type="soa" free="27628120" total="45676544" percent="60" />
      <mem type="loa" free="460800" total="460800" percent="100" />
    </mem>
  </mem-info>
</gc-end>
<cycle-end id="5834" type="global" contextid="5827" timestamp="2019-08-04T20:02:52.378">
  <attribute name="GC Util" value="589" />
  <attribute name="CPU Util" value="811518762431" />
  <attribute name="Time Running"value="119989"/>
  <attribute name="Number of cores"value="16"/>
</cycle-end>
<allocation-satisfied id="5835" threadId="0000000001BEEF00" bytesRequested="408" />
<af-end id="5836" timestamp="2019-08-04T20:02:52.378" threadId="0000000001BEF888" success="true" />
<exclusive-end id="5837" timestamp="2019-08-04T20:02:52.378" durationms="24.935" />

<exclusive-start id="5838" timestamp="2019-08-04T20:02:52.385" intervalms="32.313">
  <response-info timems="0.019" idlems="0.019" threads="0" lastid="0000000001BEEF00" lastname="main" />
</exclusive-start>
<af-start id="5839" threadId="0000000001BEF888" totalBytesRequested="408" timestamp="2019-08-04T20:02:52.385" intervalms="32.312" />
<cycle-start id="5840" type="global" contextid="0" timestamp="2019-08-04T20:02:52.385" intervalms="32.311" />
  <attribute name="GC Util" value="589" />
  <attribute name="CPU Util" value="811518762431" />
  <attribute name="Time Running"value="119989"/>
  <attribute name="Number of cores"value="16"/>
<gc-start id="5841" type="global" contextid="5840" timestamp="2019-08-04T20:02:52.385">
  <mem-info id="5842" free="460800" total="46137344" percent="0">
    <mem type="tenure" free="460800" total="46137344" percent="0">
      <mem type="soa" free="0" total="45676544" percent="0" />
      <mem type="loa" free="460800" total="460800" percent="100" />
    </mem>
  </mem-info>
</gc-start>
<allocation-stats totalBytes="27594304" >
  <allocated-bytes non-tlh="0" tlh="27594304" />
  <largest-consumer threadName="main" threadId="0000000001BEEF00" bytes="27594304" />
</allocation-stats>
<gc-op id="5843" type="mark" timems="12.591" contextid="5840" timestamp="2019-08-04T20:02:52.398">
  <trace-info objectcount="596276" scancount="517288" scanbytes="13274712" />
  <finalization candidates="80" enqueued="0" />
  <ownableSynchronizers candidates="21" cleared="0" />
  <references type="soft" candidates="1843" cleared="0" enqueued="0" dynamicThreshold="19" maxThreshold="32" />
  <references type="weak" candidates="5788" cleared="0" enqueued="0" />
  <references type="phantom" candidates="97" cleared="0" enqueued="0" />
  <stringconstants candidates="13258" cleared="0"  />
</gc-op>
<gc-op id="5844" type="sweep" timems="3.561" contextid="5840" timestamp="2019-08-04T20:02:52.402" />
<gc-end id="5845" type="global" contextid="5840" durationms="16.280" usertimems="65.584" systemtimems="0.000" timestamp="2019-08-04T20:02:52.402" activeThreads="16">
  <mem-info id="5846" free="28088344" total="46137344" percent="60">
    <mem type="tenure" free="28088344" total="46137344" percent="60" micro-fragmented="87817" macro-fragmented="0">
      <mem type="soa" free="27627544" total="45676544" percent="60" />
      <mem type="loa" free="460800" total="460800" percent="100" />
    </mem>
  </mem-info>
</gc-end>
<cycle-end id="5847" type="global" contextid="5840" timestamp="2019-08-04T20:02:52.402">
  <attribute name="GC Util" value="419" />
  <attribute name="CPU Util" value="1461894842523" />
  <attribute name="Time Running"value="120011"/>
  <attribute name="Number of cores"value="16"/>
</cycle-end>
<allocation-satisfied id="5848" threadId="0000000001BEEF00" bytesRequested="408" />
<af-end id="5849" timestamp="2019-08-04T20:02:52.402" threadId="0000000001BEF888" success="true" />
<exclusive-end id="5850" timestamp="2019-08-04T20:02:52.402" durationms="16.486" />

<exclusive-start id="5851" timestamp="2019-08-04T20:02:52.434" intervalms="48.860">
  <response-info timems="0.033" idlems="0.033" threads="0" lastid="0000000001BEEF00" lastname="main" />
</exclusive-start>
<af-start id="5852" threadId="0000000001BEF888" totalBytesRequested="2008" timestamp="2019-08-04T20:02:52.434" intervalms="48.869" />
<cycle-start id="5853" type="global" contextid="0" timestamp="2019-08-04T20:02:52.434" intervalms="48.898" />
  <attribute name="GC Util" value="419" />
  <attribute name="CPU Util" value="1461894842523" />
  <attribute name="Time Running"value="120011"/>
  <attribute name="Number of cores"value="16"/>
<gc-start id="5854" type="global" contextid="5853" timestamp="2019-08-04T20:02:52.434">
  <mem-info id="5855" free="460800" total="46137344" percent="0">
    <mem type="tenure" free="460800" total="46137344" percent="0">
      <mem type="soa" free="0" total="45676544" percent="0" />
      <mem type="loa" free="460800" total="460800" percent="100" />
    </mem>
  </mem-info>
</gc-start>
<allocation-stats totalBytes="27570248" >
  <allocated-bytes non-tlh="27256" tlh="27542992" />
  <largest-consumer threadName="main" threadId="0000000001BEEF00" bytes="27570248" />
</allocation-stats>
<gc-op id="5856" type="mark" timems="9.156" contextid="5853" timestamp="2019-08-04T20:02:52.443">
  <trace-info objectcount="596319" scancount="517324" scanbytes="13274956" />
  <finalization candidates="80" enqueued="0" />
  <ownableSynchronizers candidates="21" cleared="0" />
  <references type="soft" candidates="1849" cleared="0" enqueued="0" dynamicThreshold="19" maxThreshold="32" />
  <references type="weak" candidates="5788" cleared="0" enqueued="0" />
  <references type="phantom" candidates="97" cleared="0" enqueued="0" />
  <stringconstants candidates="13258" cleared="0"  />
</gc-op>
<gc-op id="5857" type="sweep" timems="2.364" contextid="5853" timestamp="2019-08-04T20:02:52.446" />
<gc-end id="5858" type="global" contextid="5853" durationms="11.654" usertimems="60.385" systemtimems="0.000" timestamp="2019-08-04T20:02:52.446" activeThreads="16">
  <mem-info id="5859" free="28068920" total="46137344" percent="60">
    <mem type="tenure" free="28068920" total="46137344" percent="60" micro-fragmented="83072" macro-fragmented="0">
      <mem type="soa" free="27608120" total="45676544" percent="60" />
      <mem type="loa" free="460800" total="460800" percent="100" />
    </mem>
  </mem-info>
</gc-end>
<cycle-end id="5860" type="global" contextid="5853" timestamp="2019-08-04T20:02:52.446">
  <attribute name="GC Util" value="539" />
  <attribute name="CPU Util" value="2012660035829" />
  <attribute name="Time Running"value="120057"/>
  <attribute name="Number of cores"value="16"/>
</cycle-end>
<allocation-satisfied id="5861" threadId="0000000001BEEF00" bytesRequested="2008" />
<af-end id="5862" timestamp="2019-08-04T20:02:52.446" threadId="0000000001BEF888" success="true" />
<exclusive-end id="5863" timestamp="2019-08-04T20:02:52.446" durationms="11.900" />

<exclusive-start id="5864" timestamp="2019-08-04T20:02:52.480" intervalms="46.133">
  <response-info timems="0.020" idlems="0.020" threads="0" lastid="0000000001BEEF00" lastname="main" />
</exclusive-start>
<af-start id="5865" threadId="0000000001BEF888" totalBytesRequested="1016" timestamp="2019-08-04T20:02:52.480" intervalms="46.129" />
<cycle-start id="5866" type="global" contextid="0" timestamp="2019-08-04T20:02:52.480" intervalms="46.104" />
  <attribute name="GC Util" value="539" />
  <attribute name="CPU Util" value="2012660035829" />
  <attribute name="Time Running"value="120057"/>
  <attribute name="Number of cores"value="16"/>
<gc-start id="5867" type="global" contextid="5866" timestamp="2019-08-04T20:02:52.480">
  <mem-info id="5868" free="460800" total="46137344" percent="0">
    <mem type="tenure" free="460800" total="46137344" percent="0">
      <mem type="soa" free="0" total="45676544" percent="0" />
      <mem type="loa" free="460800" total="460800" percent="100" />
    </mem>
  </mem-info>
</gc-start>
<allocation-stats totalBytes="27539256" >
  <allocated-bytes non-tlh="40320" tlh="27498936" />
  <largest-consumer threadName="main" threadId="0000000001BEEF00" bytes="27539256" />
</allocation-stats>
<gc-op id="5869" type="mark" timems="10.793" contextid="5866" timestamp="2019-08-04T20:02:52.491">
  <trace-info objectcount="596321" scancount="517323" scanbytes="13274956" />
  <finalization candidates="80" enqueued="0" />
  <ownableSynchronizers candidates="21" cleared="0" />
  <references type="soft" candidates="1849" cleared="0" enqueued="0" dynamicThreshold="19" maxThreshold="32" />
  <references type="weak" candidates="5788" cleared="0" enqueued="0" />
  <references type="phantom" candidates="97" cleared="0" enqueued="0" />
  <stringconstants candidates="13258" cleared="0"  />
</gc-op>
<gc-op id="5870" type="sweep" timems="2.454" contextid="5866" timestamp="2019-08-04T20:02:52.494" />
<gc-end id="5871" type="global" contextid="5866" durationms="13.373" usertimems="64.817" systemtimems="0.000" timestamp="2019-08-04T20:02:52.494" activeThreads="16">
  <mem-info id="5872" free="28066848" total="46137344" percent="60">
    <mem type="tenure" free="28066848" total="46137344" percent="60" micro-fragmented="83072" macro-fragmented="0">
      <mem type="soa" free="27606048" total="45676544" percent="60" />
      <mem type="loa" free="460800" total="460800" percent="100" />
    </mem>
  </mem-info>
</gc-end>
<cycle-end id="5873" type="global" contextid="5866" timestamp="2019-08-04T20:02:52.494">
  <attribute name="GC Util" value="488" />
  <attribute name="CPU Util" value="1710190438327" />
  <attribute name="Time Running"value="120104"/>
  <attribute name="Number of cores"value="16"/>
</cycle-end>
<allocation-satisfied id="5874" threadId="0000000001BEEF00" bytesRequested="1016" />
<af-end id="5875" timestamp="2019-08-04T20:02:52.494" threadId="0000000001BEF888" success="true" />
<exclusive-end id="5876" timestamp="2019-08-04T20:02:52.494" durationms="13.583" />

<exclusive-start id="5877" timestamp="2019-08-04T20:02:52.528" intervalms="47.300">
  <response-info timems="0.045" idlems="0.045" threads="0" lastid="0000000001BEEF00" lastname="main" />
</exclusive-start>
<af-start id="5878" threadId="0000000001BEF888" totalBytesRequested="16" timestamp="2019-08-04T20:02:52.528" intervalms="47.304" />
<cycle-start id="5879" type="global" contextid="0" timestamp="2019-08-04T20:02:52.528" intervalms="47.310" />
  <attribute name="GC Util" value="488" />
  <attribute name="CPU Util" value="1710190438327" />
  <attribute name="Time Running"value="120104"/>
  <attribute name="Number of cores"value="16"/>
<gc-start id="5880" type="global" contextid="5879" timestamp="2019-08-04T20:02:52.528">
  <mem-info id="5881" free="460800" total="46137344" percent="0">
    <mem type="tenure" free="460800" total="46137344" percent="0">
      <mem type="soa" free="0" total="45676544" percent="0" />
      <mem type="loa" free="460800" total="460800" percent="100" />
    </mem>
  </mem-info>
</gc-start>
<allocation-stats totalBytes="27545624" >
  <allocated-bytes non-tlh="53416" tlh="27492208" />
  <largest-consumer threadName="main" threadId="0000000001BEEF00" bytes="27545624" />
</allocation-stats>
<gc-op id="5882" type="mark" timems="10.181" contextid="5879" timestamp="2019-08-04T20:02:52.538">
  <trace-info objectcount="596321" scancount="517308" scanbytes="13274980" />
  <finalization candidates="80" enqueued="0" />
  <ownableSynchronizers candidates="21" cleared="0" />
  <references type="soft" candidates="1849" cleared="0" enqueued="0" dynamicThreshold="19" maxThreshold="32" />
  <references type="weak" candidates="5788" cleared="0" enqueued="0" />
  <references type="phantom" candidates="97" cleared="0" enqueued="0" />
  <stringconstants candidates="13258" cleared="0"  />
</gc-op>
<gc-op id="5883" type="sweep" timems="2.180" contextid="5879" timestamp="2019-08-04T20:02:52.540" />
<gc-end id="5884" type="global" contextid="5879" durationms="12.514" usertimems="71.887" systemtimems="0.000" timestamp="2019-08-04T20:02:52.540" activeThreads="16">
  <mem-info id="5885" free="28067880" total="46137344" percent="60">
    <mem type="tenure" free="28067880" total="46137344" percent="60" micro-fragmented="83072" macro-fragmented="0">
      <mem type="soa" free="27607080" total="45676544" percent="60" />
      <mem type="loa" free="460800" total="460800" percent="100" />
    </mem>
  </mem-info>
</gc-end>
<cycle-end id="5886" type="global" contextid="5879" timestamp="2019-08-04T20:02:52.540">
  <attribute name="GC Util" value="598" />
  <attribute name="CPU Util" value="1809901438648" />
  <attribute name="Time Running"value="120151"/>
  <attribute name="Number of cores"value="16"/>
</cycle-end>
<allocation-satisfied id="5887" threadId="0000000001BEEF00" bytesRequested="16" />
<af-end id="5888" timestamp="2019-08-04T20:02:52.540" threadId="0000000001BEF888" success="true" />
<exclusive-end id="5889" timestamp="2019-08-04T20:02:52.540" durationms="12.752" />

<exclusive-start id="5890" timestamp="2019-08-04T20:02:52.595" intervalms="67.556">
  <response-info timems="0.014" idlems="0.014" threads="0" lastid="0000000001BEEF00" lastname="main" />
</exclusive-start>
<af-start id="5891" threadId="0000000001BEF888" totalBytesRequested="80" timestamp="2019-08-04T20:02:52.595" intervalms="67.551" />
<cycle-start id="5892" type="global" contextid="0" timestamp="2019-08-04T20:02:52.595" intervalms="67.562" />
  <attribute name="GC Util" value="598" />
  <attribute name="CPU Util" value="1809901438648" />
  <attribute name="Time Running"value="120151"/>
  <attribute name="Number of cores"value="16"/>
<gc-start id="5893" type="global" contextid="5892" timestamp="2019-08-04T20:02:52.595">
  <mem-info id="5894" free="460800" total="46137344" percent="0">
    <mem type="tenure" free="460800" total="46137344" percent="0">
      <mem type="soa" free="0" total="45676544" percent="0" />
      <mem type="loa" free="460800" total="460800" percent="100" />
    </mem>
  </mem-info>
</gc-start>
<allocation-stats totalBytes="27597760" >
  <allocated-bytes non-tlh="13160" tlh="27584600" />
  <largest-consumer threadName="main" threadId="0000000001BEEF00" bytes="27597760" />
</allocation-stats>
<gc-op id="5895" type="mark" timems="9.645" contextid="5892" timestamp="2019-08-04T20:02:52.605">
  <trace-info objectcount="596310" scancount="517316" scanbytes="13274968" />
  <finalization candidates="80" enqueued="0" />
  <ownableSynchronizers candidates="21" cleared="0" />
  <references type="soft" candidates="1849" cleared="0" enqueued="0" dynamicThreshold="19" maxThreshold="32" />
  <references type="weak" candidates="5788" cleared="0" enqueued="0" />
  <references type="phantom" candidates="97" cleared="0" enqueued="0" />
  <stringconstants candidates="13258" cleared="0"  />
</gc-op>
<gc-op id="5896" type="sweep" timems="2.414" contextid="5892" timestamp="2019-08-04T20:02:52.607" />
<gc-end id="5897" type="global" contextid="5892" durationms="12.202" usertimems="71.978" systemtimems="0.000" timestamp="2019-08-04T20:02:52.607" activeThreads="16">
  <mem-info id="5898" free="28072128" total="46137344" percent="60">
    <mem type="tenure" free="28072128" total="46137344" percent="60" micro-fragmented="83126" macro-fragmented="0">
      <mem type="soa" free="27611328" total="45676544" percent="60" />
      <mem type="loa" free="460800" total="460800" percent="100" />
    </mem>
  </mem-info>
</gc-end>
<cycle-end id="5899" type="global" contextid="5892" timestamp="2019-08-04T20:02:52.607">
  <attribute name="GC Util" value="621" />
  <attribute name="CPU Util" value="1910822645405" />
  <attribute name="Time Running"value="120218"/>
  <attribute name="Number of cores"value="16"/>
</cycle-end>
<allocation-satisfied id="5900" threadId="0000000001BEEF00" bytesRequested="80" />
<af-end id="5901" timestamp="2019-08-04T20:02:52.608" threadId="0000000001BEF888" success="true" />
<exclusive-end id="5902" timestamp="2019-08-04T20:02:52.608" durationms="12.409" />

<exclusive-start id="5903" timestamp="2019-08-04T20:02:52.649" intervalms="53.794">
  <response-info timems="0.015" idlems="0.015" threads="0" lastid="0000000001BEEF00" lastname="main" />
</exclusive-start>
<af-start id="5904" threadId="0000000001BEF888" totalBytesRequested="80" timestamp="2019-08-04T20:02:52.649" intervalms="53.784" />
<cycle-start id="5905" type="global" contextid="0" timestamp="2019-08-04T20:02:52.649" intervalms="53.762" />
  <attribute name="GC Util" value="621" />
  <attribute name="CPU Util" value="1910822645405" />
  <attribute name="Time Running"value="120218"/>
  <attribute name="Number of cores"value="16"/>
<gc-start id="5906" type="global" contextid="5905" timestamp="2019-08-04T20:02:52.649">
  <mem-info id="5907" free="460800" total="46137344" percent="0">
    <mem type="tenure" free="460800" total="46137344" percent="0">
      <mem type="soa" free="0" total="45676544" percent="0" />
      <mem type="loa" free="460800" total="460800" percent="100" />
    </mem>
  </mem-info>
</gc-start>
<allocation-stats totalBytes="27603264" >
  <allocated-bytes non-tlh="0" tlh="27603264" />
  <largest-consumer threadName="main" threadId="0000000001BEEF00" bytes="27603264" />
</allocation-stats>
<gc-op id="5908" type="mark" timems="9.633" contextid="5905" timestamp="2019-08-04T20:02:52.659">
  <trace-info objectcount="596311" scancount="517313" scanbytes="13274988" />
  <finalization candidates="80" enqueued="0" />
  <ownableSynchronizers candidates="21" cleared="0" />
  <references type="soft" candidates="1849" cleared="0" enqueued="0" dynamicThreshold="19" maxThreshold="32" />
  <references type="weak" candidates="5788" cleared="0" enqueued="0" />
  <references type="phantom" candidates="97" cleared="0" enqueued="0" />
  <stringconstants candidates="13258" cleared="0"  />
</gc-op>
<gc-op id="5909" type="sweep" timems="2.149" contextid="5905" timestamp="2019-08-04T20:02:52.661" />
<gc-end id="5910" type="global" contextid="5905" durationms="11.920" usertimems="77.816" systemtimems="0.000" timestamp="2019-08-04T20:02:52.661" activeThreads="16">
  <mem-info id="5911" free="28072104" total="46137344" percent="60">
    <mem type="tenure" free="28072104" total="46137344" percent="60" micro-fragmented="83126" macro-fragmented="0">
      <mem type="soa" free="27611304" total="45676544" percent="60" />
      <mem type="loa" free="460800" total="460800" percent="100" />
    </mem>
  </mem-info>
</gc-end>
<cycle-end id="5912" type="global" contextid="5905" timestamp="2019-08-04T20:02:52.661">
  <attribute name="GC Util" value="674" />
  <attribute name="CPU Util" value="1912373728551" />
  <attribute name="Time Running"value="120272"/>
  <attribute name="Number of cores"value="16"/>
</cycle-end>
<allocation-satisfied id="5913" threadId="0000000001BEEF00" bytesRequested="80" />
<af-end id="5914" timestamp="2019-08-04T20:02:52.661" threadId="0000000001BEF888" success="true" />
<exclusive-end id="5915" timestamp="2019-08-04T20:02:52.661" durationms="12.363" />

<exclusive-start id="5916" timestamp="2019-08-04T20:02:52.707" intervalms="57.677">
  <response-info timems="0.017" idlems="0.017" threads="0" lastid="0000000001BEEF00" lastname="main" />
</exclusive-start>
<af-start id="5917" threadId="0000000001BEF888" totalBytesRequested="24" timestamp="2019-08-04T20:02:52.707" intervalms="57.692" />
<cycle-start id="5918" type="global" contextid="0" timestamp="2019-08-04T20:02:52.707" intervalms="57.693" />
  <attribute name="GC Util" value="674" />
  <attribute name="CPU Util" value="1912373728551" />
  <attribute name="Time Running"value="120272"/>
  <attribute name="Number of cores"value="16"/>
<gc-start id="5919" type="global" contextid="5918" timestamp="2019-08-04T20:02:52.707">
  <mem-info id="5920" free="460800" total="46137344" percent="0">
    <mem type="tenure" free="460800" total="46137344" percent="0">
      <mem type="soa" free="0" total="45676544" percent="0" />
      <mem type="loa" free="460800" total="460800" percent="100" />
    </mem>
  </mem-info>
</gc-start>
<allocation-stats totalBytes="27603664" >
  <allocated-bytes non-tlh="0" tlh="27603664" />
  <largest-consumer threadName="main" threadId="0000000001BEEF00" bytes="27603664" />
</allocation-stats>
<gc-op id="5921" type="mark" timems="12.315" contextid="5918" timestamp="2019-08-04T20:02:52.719">
  <trace-info objectcount="596313" scancount="517317" scanbytes="13275028" />
  <finalization candidates="80" enqueued="0" />
  <ownableSynchronizers candidates="21" cleared="0" />
  <references type="soft" candidates="1849" cleared="0" enqueued="0" dynamicThreshold="19" maxThreshold="32" />
  <references type="weak" candidates="5788" cleared="0" enqueued="0" />
  <references type="phantom" candidates="97" cleared="0" enqueued="0" />
  <stringconstants candidates="13258" cleared="0"  />
</gc-op>
<gc-op id="5922" type="sweep" timems="3.890" contextid="5918" timestamp="2019-08-04T20:02:52.723" />
<gc-end id="5923" type="global" contextid="5918" durationms="16.321" usertimems="80.919" systemtimems="0.000" timestamp="2019-08-04T20:02:52.723" activeThreads="16">
  <mem-info id="5924" free="28071936" total="46137344" percent="60">
    <mem type="tenure" free="28071936" total="46137344" percent="60" micro-fragmented="83126" macro-fragmented="0">
      <mem type="soa" free="27611136" total="45676544" percent="60" />
      <mem type="loa" free="460800" total="460800" percent="100" />
    </mem>
  </mem-info>
</gc-end>
<cycle-end id="5925" type="global" contextid="5918" timestamp="2019-08-04T20:02:52.723">
  <attribute name="GC Util" value="530" />
  <attribute name="CPU Util" value="1492890858720" />
  <attribute name="Time Running"value="120332"/>
  <attribute name="Number of cores"value="16"/>
</cycle-end>
<allocation-satisfied id="5926" threadId="0000000001BEEF00" bytesRequested="24" />
<af-end id="5927" timestamp="2019-08-04T20:02:52.723" threadId="0000000001BEF888" success="true" />
<exclusive-end id="5928" timestamp="2019-08-04T20:02:52.723" durationms="16.570" />

<exclusive-start id="5929" timestamp="2019-08-04T20:02:52.774" intervalms="67.649">
  <response-info timems="0.016" idlems="0.016" threads="0" lastid="0000000001BEEF00" lastname="main" />
</exclusive-start>
<af-start id="5930" threadId="0000000001BEF888" totalBytesRequested="32" timestamp="2019-08-04T20:02:52.774" intervalms="67.663" />
<cycle-start id="5931" type="global" contextid="0" timestamp="2019-08-04T20:02:52.774" intervalms="67.664" />
  <attribute name="GC Util" value="530" />
  <attribute name="CPU Util" value="1492890858720" />
  <attribute name="Time Running"value="120332"/>
  <attribute name="Number of cores"value="16"/>
<gc-start id="5932" type="global" contextid="5931" timestamp="2019-08-04T20:02:52.774">
  <mem-info id="5933" free="460800" total="46137344" percent="0">
    <mem type="tenure" free="460800" total="46137344" percent="0">
      <mem type="soa" free="0" total="45676544" percent="0" />
      <mem type="loa" free="460800" total="460800" percent="100" />
    </mem>
  </mem-info>
</gc-start>
<allocation-stats totalBytes="27603928" >
  <allocated-bytes non-tlh="0" tlh="27603928" />
  <largest-consumer threadName="main" threadId="0000000001BEEF00" bytes="27603928" />
</allocation-stats>
<gc-op id="5934" type="mark" timems="9.504" contextid="5931" timestamp="2019-08-04T20:02:52.784">
  <trace-info objectcount="596311" scancount="517308" scanbytes="13274992" />
  <finalization candidates="80" enqueued="0" />
  <ownableSynchronizers candidates="21" cleared="0" />
  <references type="soft" candidates="1849" cleared="0" enqueued="0" dynamicThreshold="19" maxThreshold="32" />
  <references type="weak" candidates="5788" cleared="0" enqueued="0" />
  <references type="phantom" candidates="97" cleared="0" enqueued="0" />
  <stringconstants candidates="13258" cleared="0"  />
</gc-op>
<gc-op id="5935" type="sweep" timems="1.853" contextid="5931" timestamp="2019-08-04T20:02:52.786" />
<gc-end id="5936" type="global" contextid="5931" durationms="11.479" usertimems="68.357" systemtimems="0.000" timestamp="2019-08-04T20:02:52.786" activeThreads="16">
  <mem-info id="5937" free="28072104" total="46137344" percent="60">
    <mem type="tenure" free="28072104" total="46137344" percent="60" micro-fragmented="83126" macro-fragmented="0">
      <mem type="soa" free="27611304" total="45676544" percent="60" />
      <mem type="loa" free="460800" total="460800" percent="100" />
    </mem>
  </mem-info>
</gc-end>
<cycle-end id="5938" type="global" contextid="5931" timestamp="2019-08-04T20:02:52.786">
  <attribute name="GC Util" value="623" />
  <attribute name="CPU Util" value="1937023302602" />
  <attribute name="Time Running"value="120397"/>
  <attribute name="Number of cores"value="16"/>
</cycle-end>
<allocation-satisfied id="5939" threadId="0000000001BEEF00" bytesRequested="32" />
<af-end id="5940" timestamp="2019-08-04T20:02:52.786" threadId="0000000001BEF888" success="true" />
<exclusive-end id="5941" timestamp="2019-08-04T20:02:52.786" durationms="11.679" />

<exclusive-start id="5942" timestamp="2019-08-04T20:02:52.835" intervalms="60.380">
  <response-info timems="0.021" idlems="0.021" threads="0" lastid="0000000001BEEF00" lastname="main" />
</exclusive-start>
<af-start id="5943" threadId="0000000001BEF888" totalBytesRequested="80" timestamp="2019-08-04T20:02:52.835" intervalms="60.364" />
<cycle-start id="5944" type="global" contextid="0" timestamp="2019-08-04T20:02:52.835" intervalms="60.365" />
  <attribute name="GC Util" value="623" />
  <attribute name="CPU Util" value="1937023302602" />
  <attribute name="Time Running"value="120397"/>
  <attribute name="Number of cores"value="16"/>
<gc-start id="5945" type="global" contextid="5944" timestamp="2019-08-04T20:02:52.835">
  <mem-info id="5946" free="460800" total="46137344" percent="0">
    <mem type="tenure" free="460800" total="46137344" percent="0">
      <mem type="soa" free="0" total="45676544" percent="0" />
      <mem type="loa" free="460800" total="460800" percent="100" />
    </mem>
  </mem-info>
</gc-start>
<allocation-stats totalBytes="27603824" >
  <allocated-bytes non-tlh="0" tlh="27603824" />
  <largest-consumer threadName="main" threadId="0000000001BEEF00" bytes="27603824" />
</allocation-stats>
<gc-op id="5947" type="mark" timems="14.826" contextid="5944" timestamp="2019-08-04T20:02:52.850">
  <trace-info objectcount="596313" scancount="517317" scanbytes="13275028" />
  <finalization candidates="80" enqueued="0" />
  <ownableSynchronizers candidates="21" cleared="0" />
  <references type="soft" candidates="1849" cleared="0" enqueued="0" dynamicThreshold="19" maxThreshold="32" />
  <references type="weak" candidates="5788" cleared="0" enqueued="0" />
  <references type="phantom" candidates="97" cleared="0" enqueued="0" />
  <stringconstants candidates="13258" cleared="0"  />
</gc-op>
<gc-op id="5948" type="sweep" timems="3.478" contextid="5944" timestamp="2019-08-04T20:02:52.853" />
<gc-end id="5949" type="global" contextid="5944" durationms="18.431" usertimems="79.366" systemtimems="0.000" timestamp="2019-08-04T20:02:52.853" activeThreads="16">
  <mem-info id="5950" free="28071968" total="46137344" percent="60">
    <mem type="tenure" free="28071968" total="46137344" percent="60" micro-fragmented="83126" macro-fragmented="0">
      <mem type="soa" free="27611168" total="45676544" percent="60" />
      <mem type="loa" free="460800" total="460800" percent="100" />
    </mem>
  </mem-info>
</gc-end>
<cycle-end id="5951" type="global" contextid="5944" timestamp="2019-08-04T20:02:52.853">
  <attribute name="GC Util" value="449" />
  <attribute name="CPU Util" value="1242535164553" />
  <attribute name="Time Running"value="120463"/>
  <attribute name="Number of cores"value="16"/>
</cycle-end>
<allocation-satisfied id="5952" threadId="0000000001BEEF00" bytesRequested="80" />
<af-end id="5953" timestamp="2019-08-04T20:02:52.853" threadId="0000000001BEF888" success="true" />
<exclusive-end id="5954" timestamp="2019-08-04T20:02:52.853" durationms="18.719" />

<exclusive-start id="5955" timestamp="2019-08-04T20:02:52.898" intervalms="63.146">
  <response-info timems="0.030" idlems="0.030" threads="0" lastid="0000000001BEEF00" lastname="main" />
</exclusive-start>
<af-start id="5956" threadId="0000000001BEF888" totalBytesRequested="80" timestamp="2019-08-04T20:02:52.898" intervalms="63.160" />
<cycle-start id="5957" type="global" contextid="0" timestamp="2019-08-04T20:02:52.898" intervalms="63.171" />
  <attribute name="GC Util" value="449" />
  <attribute name="CPU Util" value="1242535164553" />
  <attribute name="Time Running"value="120463"/>
  <attribute name="Number of cores"value="16"/>
<gc-start id="5958" type="global" contextid="5957" timestamp="2019-08-04T20:02:52.898">
  <mem-info id="5959" free="460800" total="46137344" percent="0">
    <mem type="tenure" free="460800" total="46137344" percent="0">
      <mem type="soa" free="0" total="45676544" percent="0" />
      <mem type="loa" free="460800" total="460800" percent="100" />
    </mem>
  </mem-info>
</gc-start>
<allocation-stats totalBytes="27603816" >
  <allocated-bytes non-tlh="0" tlh="27603816" />
  <largest-consumer threadName="main" threadId="0000000001BEEF00" bytes="27603816" />
</allocation-stats>
<gc-op id="5960" type="mark" timems="18.033" contextid="5957" timestamp="2019-08-04T20:02:52.916">
  <trace-info objectcount="596307" scancount="517308" scanbytes="13274780" />
  <finalization candidates="80" enqueued="0" />
  <ownableSynchronizers candidates="21" cleared="0" />
  <references type="soft" candidates="1849" cleared="0" enqueued="0" dynamicThreshold="19" maxThreshold="32" />
  <references type="weak" candidates="5788" cleared="0" enqueued="0" />
  <references type="phantom" candidates="97" cleared="0" enqueued="0" />
  <stringconstants candidates="13258" cleared="0"  />
</gc-op>
<gc-op id="5961" type="sweep" timems="1.758" contextid="5957" timestamp="2019-08-04T20:02:52.918" />
<gc-end id="5962" type="global" contextid="5957" durationms="19.911" usertimems="121.334" systemtimems="0.000" timestamp="2019-08-04T20:02:52.918" activeThreads="16">
  <mem-info id="5963" free="28072320" total="46137344" percent="60">
    <mem type="tenure" free="28072320" total="46137344" percent="60" micro-fragmented="83126" macro-fragmented="0">
      <mem type="soa" free="27611520" total="45676544" percent="60" />
      <mem type="loa" free="460800" total="460800" percent="100" />
    </mem>
  </mem-info>
</gc-end>
<cycle-end id="5964" type="global" contextid="5957" timestamp="2019-08-04T20:02:52.918">
  <attribute name="GC Util" value="606" />
  <attribute name="CPU Util" value="1021672852725" />
  <attribute name="Time Running"value="120529"/>
  <attribute name="Number of cores"value="16"/>
</cycle-end>
<allocation-satisfied id="5965" threadId="0000000001BEEF00" bytesRequested="80" />
<af-end id="5966" timestamp="2019-08-04T20:02:52.918" threadId="0000000001BEF888" success="true" />
<exclusive-end id="5967" timestamp="2019-08-04T20:02:52.918" durationms="20.147" />

<exclusive-start id="5968" timestamp="2019-08-04T20:02:52.960" intervalms="62.532">
  <response-info timems="0.018" idlems="0.018" threads="0" lastid="0000000001BEEF00" lastname="main" />
</exclusive-start>
<af-start id="5969" threadId="0000000001BEF888" totalBytesRequested="80" timestamp="2019-08-04T20:02:52.960" intervalms="62.517" />
<cycle-start id="5970" type="global" contextid="0" timestamp="2019-08-04T20:02:52.960" intervalms="62.504" />
  <attribute name="GC Util" value="606" />
  <attribute name="CPU Util" value="1021672852725" />
  <attribute name="Time Running"value="120529"/>
  <attribute name="Number of cores"value="16"/>
<gc-start id="5971" type="global" contextid="5970" timestamp="2019-08-04T20:02:52.960">
  <mem-info id="5972" free="460800" total="46137344" percent="0">
    <mem type="tenure" free="460800" total="46137344" percent="0">
      <mem type="soa" free="0" total="45676544" percent="0" />
      <mem type="loa" free="460800" total="460800" percent="100" />
    </mem>
  </mem-info>
</gc-start>
<allocation-stats totalBytes="27603648" >
  <allocated-bytes non-tlh="0" tlh="27603648" />
  <largest-consumer threadName="main" threadId="0000000001BEEF00" bytes="27603648" />
</allocation-stats>
<gc-op id="5973" type="mark" timems="10.717" contextid="5970" timestamp="2019-08-04T20:02:52.971">
  <trace-info objectcount="596311" scancount="517316" scanbytes="13274992" />
  <finalization candidates="80" enqueued="0" />
  <ownableSynchronizers candidates="21" cleared="0" />
  <references type="soft" candidates="1849" cleared="0" enqueued="0" dynamicThreshold="19" maxThreshold="32" />
  <references type="weak" candidates="5788" cleared="0" enqueued="0" />
  <references type="phantom" candidates="97" cleared="0" enqueued="0" />
  <stringconstants candidates="13258" cleared="0"  />
</gc-op>
<gc-op id="5974" type="sweep" timems="1.786" contextid="5970" timestamp="2019-08-04T20:02:52.973" />
<gc-end id="5975" type="global" contextid="5970" durationms="12.642" usertimems="70.349" systemtimems="0.000" timestamp="2019-08-04T20:02:52.973" activeThreads="16">
  <mem-info id="5976" free="28072088" total="46137344" percent="60">
    <mem type="tenure" free="28072088" total="46137344" percent="60" micro-fragmented="83126" macro-fragmented="0">
      <mem type="soa" free="27611288" total="45676544" percent="60" />
      <mem type="loa" free="460800" total="460800" percent="100" />
    </mem>
  </mem-info>
</gc-end>
<cycle-end id="5977" type="global" contextid="5970" timestamp="2019-08-04T20:02:52.973">
  <attribute name="GC Util" value="549" />
  <attribute name="CPU Util" value="1720075025542" />
  <attribute name="Time Running"value="120584"/>
  <attribute name="Number of cores"value="16"/>
</cycle-end>
<allocation-satisfied id="5978" threadId="0000000001BEEF00" bytesRequested="80" />
<af-end id="5979" timestamp="2019-08-04T20:02:52.973" threadId="0000000001BEF888" success="true" />
<exclusive-end id="5980" timestamp="2019-08-04T20:02:52.973" durationms="12.846" />

<exclusive-start id="5981" timestamp="2019-08-04T20:02:53.018" intervalms="57.706">
  <response-info timems="0.045" idlems="0.045" threads="0" lastid="0000000001BEEF00" lastname="main" />
</exclusive-start>
<af-start id="5982" threadId="0000000001BEF888" totalBytesRequested="16" timestamp="2019-08-04T20:02:53.018" intervalms="57.718" />
<cycle-start id="5983" type="global" contextid="0" timestamp="2019-08-04T20:02:53.018" intervalms="57.727" />
  <attribute name="GC Util" value="549" />
  <attribute name="CPU Util" value="1720075025542" />
  <attribute name="Time Running"value="120584"/>
  <attribute name="Number of cores"value="16"/>
<gc-start id="5984" type="global" contextid="5983" timestamp="2019-08-04T20:02:53.018">
  <mem-info id="5985" free="460800" total="46137344" percent="0">
    <mem type="tenure" free="460800" total="46137344" percent="0">
      <mem type="soa" free="0" total="45676544" percent="0" />
      <mem type="loa" free="460800" total="460800" percent="100" />
    </mem>
  </mem-info>
</gc-start>
<allocation-stats totalBytes="27603888" >
  <allocated-bytes non-tlh="0" tlh="27603888" />
  <largest-consumer threadName="main" threadId="0000000001BEEF00" bytes="27603888" />
</allocation-stats>
<gc-op id="5986" type="mark" timems="9.337" contextid="5983" timestamp="2019-08-04T20:02:53.028">
  <trace-info objectcount="596308" scancount="517312" scanbytes="13274860" />
  <finalization candidates="80" enqueued="0" />
  <ownableSynchronizers candidates="21" cleared="0" />
  <references type="soft" candidates="1849" cleared="0" enqueued="0" dynamicThreshold="19" maxThreshold="32" />
  <references type="weak" candidates="5788" cleared="0" enqueued="0" />
  <references type="phantom" candidates="97" cleared="0" enqueued="0" />
  <stringconstants candidates="13258" cleared="0"  />
</gc-op>
<gc-op id="5987" type="sweep" timems="1.921" contextid="5983" timestamp="2019-08-04T20:02:53.030" />
<gc-end id="5988" type="global" contextid="5983" durationms="11.504" usertimems="57.977" systemtimems="0.000" timestamp="2019-08-04T20:02:53.030" activeThreads="16">
  <mem-info id="5989" free="28072240" total="46137344" percent="60">
    <mem type="tenure" free="28072240" total="46137344" percent="60" micro-fragmented="83126" macro-fragmented="0">
      <mem type="soa" free="27611440" total="45676544" percent="60" />
      <mem type="loa" free="460800" total="460800" percent="100" />
    </mem>
  </mem-info>
</gc-end>
<cycle-end id="5990" type="global" contextid="5983" timestamp="2019-08-04T20:02:53.030">
  <attribute name="GC Util" value="505" />
  <attribute name="CPU Util" value="1969903489259" />
  <attribute name="Time Running"value="120641"/>
  <attribute name="Number of cores"value="16"/>
</cycle-end>
<allocation-satisfied id="5991" threadId="0000000001BEEF00" bytesRequested="16" />
<af-end id="5992" timestamp="2019-08-04T20:02:53.030" threadId="0000000001BEF888" success="true" />
<exclusive-end id="5993" timestamp="2019-08-04T20:02:53.030" durationms="11.741" />

<exclusive-start id="5994" timestamp="2019-08-04T20:02:53.035" intervalms="17.197">
  <response-info timems="0.027" idlems="0.027" threads="0" lastid="0000000001BEEF00" lastname="main" />
</exclusive-start>
<af-start id="5995" threadId="0000000001BEF888" totalBytesRequested="584" timestamp="2019-08-04T20:02:53.035" intervalms="17.205" />
<cycle-start id="5996" type="global" contextid="0" timestamp="2019-08-04T20:02:53.035" intervalms="17.208" />
  <attribute name="GC Util" value="505" />
  <attribute name="CPU Util" value="1969903489259" />
  <attribute name="Time Running"value="120641"/>
  <attribute name="Number of cores"value="16"/>
<gc-start id="5997" type="global" contextid="5996" timestamp="2019-08-04T20:02:53.035">
  <mem-info id="5998" free="460800" total="46137344" percent="0">
    <mem type="tenure" free="460800" total="46137344" percent="0">
      <mem type="soa" free="0" total="45676544" percent="0" />
      <mem type="loa" free="460800" total="460800" percent="100" />
    </mem>
  </mem-info>
</gc-start>
<allocation-stats totalBytes="27556296" >
  <allocated-bytes non-tlh="0" tlh="27556296" />
  <largest-consumer threadName="main" threadId="0000000001BEEF00" bytes="27556296" />
</allocation-stats>
<gc-op id="5999" type="mark" timems="11.153" contextid="5996" timestamp="2019-08-04T20:02:53.047">
  <trace-info objectcount="596312" scancount="517317" scanbytes="13274852" />
  <finalization candidates="80" enqueued="0" />
  <ownableSynchronizers candidates="21" cleared="0" />
  <references type="soft" candidates="1849" cleared="0" enqueued="0" dynamicThreshold="19" maxThreshold="32" />
  <references type="weak" candidates="5788" cleared="0" enqueued="0" />
  <references type="phantom" candidates="97" cleared="0" enqueued="0" />
  <stringconstants candidates="13258" cleared="0"  />
</gc-op>
<gc-op id="6000" type="sweep" timems="1.885" contextid="5996" timestamp="2019-08-04T20:02:53.048" />
<gc-end id="6001" type="global" contextid="5996" durationms="13.174" usertimems="68.818" systemtimems="0.000" timestamp="2019-08-04T20:02:53.049" activeThreads="16">
  <mem-info id="6002" free="28071608" total="46137344" percent="60">
    <mem type="tenure" free="28071608" total="46137344" percent="60" micro-fragmented="90857" macro-fragmented="0">
      <mem type="soa" free="27610808" total="45676544" percent="60" />
      <mem type="loa" free="460800" total="460800" percent="100" />
    </mem>
  </mem-info>
</gc-end>
<cycle-end id="6003" type="global" contextid="5996" timestamp="2019-08-04T20:02:53.049">
  <attribute name="GC Util" value="520" />
  <attribute name="CPU Util" value="1652363653805" />
  <attribute name="Time Running"value="120660"/>
  <attribute name="Number of cores"value="16"/>
</cycle-end>
<allocation-satisfied id="6004" threadId="0000000001BEEF00" bytesRequested="584" />
<af-end id="6005" timestamp="2019-08-04T20:02:53.049" threadId="0000000001BEF888" success="true" />
<exclusive-end id="6006" timestamp="2019-08-04T20:02:53.049" durationms="13.413" />

<exclusive-start id="6007" timestamp="2019-08-04T20:02:53.053" intervalms="18.311">
  <response-info timems="0.035" idlems="0.035" threads="0" lastid="0000000001BEEF00" lastname="main" />
</exclusive-start>
<af-start id="6008" threadId="0000000001BEF888" totalBytesRequested="32" timestamp="2019-08-04T20:02:53.055" intervalms="19.573" />
<cycle-start id="6009" type="global" contextid="0" timestamp="2019-08-04T20:02:53.055" intervalms="19.573" />
  <attribute name="GC Util" value="520" />
  <attribute name="CPU Util" value="1652363653805" />
  <attribute name="Time Running"value="120660"/>
  <attribute name="Number of cores"value="16"/>
<gc-start id="6010" type="global" contextid="6009" timestamp="2019-08-04T20:02:53.055">
  <mem-info id="6011" free="460800" total="46137344" percent="0">
    <mem type="tenure" free="460800" total="46137344" percent="0">
      <mem type="soa" free="0" total="45676544" percent="0" />
      <mem type="loa" free="460800" total="460800" percent="100" />
    </mem>
  </mem-info>
</gc-start>
<allocation-stats totalBytes="27554832" >
  <allocated-bytes non-tlh="0" tlh="27554832" />
  <largest-consumer threadName="main" threadId="0000000001BEEF00" bytes="27554832" />
</allocation-stats>
<gc-op id="6012" type="mark" timems="11.922" contextid="6009" timestamp="2019-08-04T20:02:53.067">
  <trace-info objectcount="596309" scancount="517315" scanbytes="13274764" />
  <finalization candidates="80" enqueued="0" />
  <ownableSynchronizers candidates="21" cleared="0" />
  <references type="soft" candidates="1849" cleared="0" enqueued="0" dynamicThreshold="19" maxThreshold="32" />
  <references type="weak" candidates="5788" cleared="0" enqueued="0" />
  <references type="phantom" candidates="97" cleared="0" enqueued="0" />
  <stringconstants candidates="13258" cleared="0"  />
</gc-op>
<gc-op id="6013" type="sweep" timems="1.960" contextid="6009" timestamp="2019-08-04T20:02:53.069" />
<gc-end id="6014" type="global" contextid="6009" durationms="14.016" usertimems="68.424" systemtimems="0.000" timestamp="2019-08-04T20:02:53.069" activeThreads="16">
  <mem-info id="6015" free="28071720" total="46137344" percent="60">
    <mem type="tenure" free="28071720" total="46137344" percent="60" micro-fragmented="90857" macro-fragmented="0">
      <mem type="soa" free="27610920" total="45676544" percent="60" />
      <mem type="loa" free="460800" total="460800" percent="100" />
    </mem>
  </mem-info>
</gc-end>
<cycle-end id="6016" type="global" contextid="6009" timestamp="2019-08-04T20:02:53.069">
  <attribute name="GC Util" value="482" />
  <attribute name="CPU Util" value="1545960957973" />
  <attribute name="Time Running"value="120680"/>
  <attribute name="Number of cores"value="16"/>
</cycle-end>
<allocation-satisfied id="6017" threadId="0000000001BEEF00" bytesRequested="32" />
<af-end id="6018" timestamp="2019-08-04T20:02:53.069" threadId="0000000001BEF888" success="true" />
<exclusive-end id="6019" timestamp="2019-08-04T20:02:53.069" durationms="15.579" />

<exclusive-start id="6020" timestamp="2019-08-04T20:02:53.076" intervalms="22.531">
  <response-info timems="0.024" idlems="0.024" threads="0" lastid="0000000001BEEF00" lastname="main" />
</exclusive-start>
<af-start id="6021" threadId="0000000001BEF888" totalBytesRequested="544" timestamp="2019-08-04T20:02:53.076" intervalms="21.256" />
<cycle-start id="6022" type="global" contextid="0" timestamp="2019-08-04T20:02:53.076" intervalms="21.256" />
  <attribute name="GC Util" value="482" />
  <attribute name="CPU Util" value="1545960957973" />
  <attribute name="Time Running"value="120680"/>
  <attribute name="Number of cores"value="16"/>
<gc-start id="6023" type="global" contextid="6022" timestamp="2019-08-04T20:02:53.076">
  <mem-info id="6024" free="460800" total="46137344" percent="0">
    <mem type="tenure" free="460800" total="46137344" percent="0">
      <mem type="soa" free="0" total="45676544" percent="0" />
      <mem type="loa" free="460800" total="460800" percent="100" />
    </mem>
  </mem-info>
</gc-start>
<allocation-stats totalBytes="27553024" >
  <allocated-bytes non-tlh="0" tlh="27553024" />
  <largest-consumer threadName="main" threadId="0000000001BEEF00" bytes="27553024" />
</allocation-stats>
<gc-op id="6025" type="mark" timems="12.561" contextid="6022" timestamp="2019-08-04T20:02:53.089">
  <trace-info objectcount="596312" scancount="517318" scanbytes="13274852" />
  <finalization candidates="80" enqueued="0" />
  <ownableSynchronizers candidates="21" cleared="0" />
  <references type="soft" candidates="1849" cleared="0" enqueued="0" dynamicThreshold="19" maxThreshold="32" />
  <references type="weak" candidates="5788" cleared="0" enqueued="0" />
  <references type="phantom" candidates="97" cleared="0" enqueued="0" />
  <stringconstants candidates="13258" cleared="0"  />
</gc-op>
<gc-op id="6026" type="sweep" timems="1.873" contextid="6022" timestamp="2019-08-04T20:02:53.091" />
<gc-end id="6027" type="global" contextid="6022" durationms="14.575" usertimems="90.949" systemtimems="0.000" timestamp="2019-08-04T20:02:53.091" activeThreads="16">
  <mem-info id="6028" free="28071608" total="46137344" percent="60">
    <mem type="tenure" free="28071608" total="46137344" percent="60" micro-fragmented="90857" macro-fragmented="0">
      <mem type="soa" free="27610808" total="45676544" percent="60" />
      <mem type="loa" free="460800" total="460800" percent="100" />
    </mem>
  </mem-info>
</gc-end>
<cycle-end id="6029" type="global" contextid="6022" timestamp="2019-08-04T20:02:53.091">
  <attribute name="GC Util" value="611" />
  <attribute name="CPU Util" value="1470786895831" />
  <attribute name="Time Running"value="120702"/>
  <attribute name="Number of cores"value="16"/>
</cycle-end>
<allocation-satisfied id="6030" threadId="0000000001BEEF00" bytesRequested="544" />
<af-end id="6031" timestamp="2019-08-04T20:02:53.091" threadId="0000000001BEF888" success="true" />
<exclusive-end id="6032" timestamp="2019-08-04T20:02:53.091" durationms="14.806" />

<exclusive-start id="6033" timestamp="2019-08-04T20:02:53.095" intervalms="19.320">
  <response-info timems="0.022" idlems="0.022" threads="0" lastid="0000000001BEEF00" lastname="main" />
</exclusive-start>
<af-start id="6034" threadId="0000000001BEF888" totalBytesRequested="24" timestamp="2019-08-04T20:02:53.095" intervalms="19.311" />
<cycle-start id="6035" type="global" contextid="0" timestamp="2019-08-04T20:02:53.095" intervalms="19.301" />
  <attribute name="GC Util" value="611" />
  <attribute name="CPU Util" value="1470786895831" />
  <attribute name="Time Running"value="120702"/>
  <attribute name="Number of cores"value="16"/>
<gc-start id="6036" type="global" contextid="6035" timestamp="2019-08-04T20:02:53.095">
  <mem-info id="6037" free="460800" total="46137344" percent="0">
    <mem type="tenure" free="460800" total="46137344" percent="0">
      <mem type="soa" free="0" total="45676544" percent="0" />
      <mem type="loa" free="460800" total="460800" percent="100" />
    </mem>
  </mem-info>
</gc-start>
<allocation-stats totalBytes="27554120" >
  <allocated-bytes non-tlh="0" tlh="27554120" />
  <largest-consumer threadName="main" threadId="0000000001BEEF00" bytes="27554120" />
</allocation-stats>
<gc-op id="6038" type="mark" timems="8.889" contextid="6035" timestamp="2019-08-04T20:02:53.104">
  <trace-info objectcount="596309" scancount="517315" scanbytes="13274764" />
  <finalization candidates="80" enqueued="0" />
  <ownableSynchronizers candidates="21" cleared="0" />
  <references type="soft" candidates="1849" cleared="0" enqueued="0" dynamicThreshold="19" maxThreshold="32" />
  <references type="weak" candidates="5788" cleared="0" enqueued="0" />
  <references type="phantom" candidates="97" cleared="0" enqueued="0" />
  <stringconstants candidates="13258" cleared="0"  />
</gc-op>
<gc-op id="6039" type="sweep" timems="2.309" contextid="6035" timestamp="2019-08-04T20:02:53.107" />
<gc-end id="6040" type="global" contextid="6035" durationms="11.332" usertimems="61.547" systemtimems="0.000" timestamp="2019-08-04T20:02:53.107" activeThreads="16">
  <mem-info id="6041" free="28071720" total="46137344" percent="60">
    <mem type="tenure" free="28071720" total="46137344" percent="60" micro-fragmented="90857" macro-fragmented="0">
      <mem type="soa" free="27610920" total="45676544" percent="60" />
      <mem type="loa" free="460800" total="460800" percent="100" />
    </mem>
  </mem-info>
</gc-end>
<cycle-end id="6042" type="global" contextid="6035" timestamp="2019-08-04T20:02:53.107">
  <attribute name="GC Util" value="557" />
  <attribute name="CPU Util" value="2075310002466" />
  <attribute name="Time Running"value="120718"/>
  <attribute name="Number of cores"value="16"/>
</cycle-end>
<allocation-satisfied id="6043" threadId="0000000001BEEF00" bytesRequested="24" />
<af-end id="6044" timestamp="2019-08-04T20:02:53.107" threadId="0000000001BEF888" success="true" />
<exclusive-end id="6045" timestamp="2019-08-04T20:02:53.107" durationms="11.530" />

<exclusive-start id="6046" timestamp="2019-08-04T20:02:53.112" intervalms="16.231">
  <response-info timems="0.019" idlems="0.019" threads="0" lastid="0000000001BEEF00" lastname="main" />
</exclusive-start>
<af-start id="6047" threadId="0000000001BEF888" totalBytesRequested="32" timestamp="2019-08-04T20:02:53.112" intervalms="16.250" />
<cycle-start id="6048" type="global" contextid="0" timestamp="2019-08-04T20:02:53.112" intervalms="16.248" />
  <attribute name="GC Util" value="557" />
  <attribute name="CPU Util" value="2075310002466" />
  <attribute name="Time Running"value="120718"/>
  <attribute name="Number of cores"value="16"/>
<gc-start id="6049" type="global" contextid="6048" timestamp="2019-08-04T20:02:53.112">
  <mem-info id="6050" free="460800" total="46137344" percent="0">
    <mem type="tenure" free="460800" total="46137344" percent="0">
      <mem type="soa" free="0" total="45676544" percent="0" />
      <mem type="loa" free="460800" total="460800" percent="100" />
    </mem>
  </mem-info>
</gc-start>
<allocation-stats totalBytes="27553584" >
  <allocated-bytes non-tlh="0" tlh="27553584" />
  <largest-consumer threadName="main" threadId="0000000001BEEF00" bytes="27553584" />
</allocation-stats>
<gc-op id="6051" type="mark" timems="10.797" contextid="6048" timestamp="2019-08-04T20:02:53.123">
  <trace-info objectcount="596309" scancount="517313" scanbytes="13274764" />
  <finalization candidates="80" enqueued="0" />
  <ownableSynchronizers candidates="21" cleared="0" />
  <references type="soft" candidates="1849" cleared="0" enqueued="0" dynamicThreshold="19" maxThreshold="32" />
  <references type="weak" candidates="5788" cleared="0" enqueued="0" />
  <references type="phantom" candidates="97" cleared="0" enqueued="0" />
  <stringconstants candidates="13258" cleared="0"  />
</gc-op>
<gc-op id="6052" type="sweep" timems="1.536" contextid="6048" timestamp="2019-08-04T20:02:53.124" />
<gc-end id="6053" type="global" contextid="6048" durationms="12.495" usertimems="61.431" systemtimems="0.000" timestamp="2019-08-04T20:02:53.124" activeThreads="16">
  <mem-info id="6054" free="28071720" total="46137344" percent="60">
    <mem type="tenure" free="28071720" total="46137344" percent="60" micro-fragmented="90857" macro-fragmented="0">
      <mem type="soa" free="27610920" total="45676544" percent="60" />
      <mem type="loa" free="460800" total="460800" percent="100" />
    </mem>
  </mem-info>
</gc-end>
<cycle-end id="6055" type="global" contextid="6048" timestamp="2019-08-04T20:02:53.124">
  <attribute name="GC Util" value="508" />
  <attribute name="CPU Util" value="1703037629594" />
  <attribute name="Time Running"value="120736"/>
  <attribute name="Number of cores"value="16"/>
</cycle-end>
<allocation-satisfied id="6056" threadId="0000000001BEEF00" bytesRequested="32" />
<af-end id="6057" timestamp="2019-08-04T20:02:53.124" threadId="0000000001BEF888" success="true" />
<exclusive-end id="6058" timestamp="2019-08-04T20:02:53.124" durationms="12.767" />

<exclusive-start id="6059" timestamp="2019-08-04T20:02:53.130" intervalms="18.803">
  <response-info timems="0.020" idlems="0.020" threads="0" lastid="0000000001BEEF00" lastname="main" />
</exclusive-start>
<af-start id="6060" threadId="0000000001BEF888" totalBytesRequested="544" timestamp="2019-08-04T20:02:53.130" intervalms="18.791" />
<cycle-start id="6061" type="global" contextid="0" timestamp="2019-08-04T20:02:53.130" intervalms="18.795" />
  <attribute name="GC Util" value="508" />
  <attribute name="CPU Util" value="1703037629594" />
  <attribute name="Time Running"value="120736"/>
  <attribute name="Number of cores"value="16"/>
<gc-start id="6062" type="global" contextid="6061" timestamp="2019-08-04T20:02:53.131">
  <mem-info id="6063" free="460800" total="46137344" percent="0">
    <mem type="tenure" free="460800" total="46137344" percent="0">
      <mem type="soa" free="0" total="45676544" percent="0" />
      <mem type="loa" free="460800" total="460800" percent="100" />
    </mem>
  </mem-info>
</gc-start>
<allocation-stats totalBytes="27553024" >
  <allocated-bytes non-tlh="0" tlh="27553024" />
  <largest-consumer threadName="main" threadId="0000000001BEEF00" bytes="27553024" />
</allocation-stats>
<gc-op id="6064" type="mark" timems="9.817" contextid="6061" timestamp="2019-08-04T20:02:53.140">
  <trace-info objectcount="596312" scancount="517314" scanbytes="13274852" />
  <finalization candidates="80" enqueued="0" />
  <ownableSynchronizers candidates="21" cleared="0" />
  <references type="soft" candidates="1849" cleared="0" enqueued="0" dynamicThreshold="19" maxThreshold="32" />
  <references type="weak" candidates="5788" cleared="0" enqueued="0" />
  <references type="phantom" candidates="97" cleared="0" enqueued="0" />
  <stringconstants candidates="13258" cleared="0"  />
</gc-op>
<gc-op id="6065" type="sweep" timems="1.583" contextid="6061" timestamp="2019-08-04T20:02:53.142" />
<gc-end id="6066" type="global" contextid="6061" durationms="11.554" usertimems="61.436" systemtimems="0.000" timestamp="2019-08-04T20:02:53.142" activeThreads="16">
  <mem-info id="6067" free="28071608" total="46137344" percent="60">
    <mem type="tenure" free="28071608" total="46137344" percent="60" micro-fragmented="90857" macro-fragmented="0">
      <mem type="soa" free="27610808" total="45676544" percent="60" />
      <mem type="loa" free="460800" total="460800" percent="100" />
    </mem>
  </mem-info>
</gc-end>
<cycle-end id="6068" type="global" contextid="6061" timestamp="2019-08-04T20:02:53.142">
  <attribute name="GC Util" value="519" />
  <attribute name="CPU Util" value="1870299886525" />
  <attribute name="Time Running"value="120754"/>
  <attribute name="Number of cores"value="16"/>
</cycle-end>
<allocation-satisfied id="6069" threadId="0000000001BEEF00" bytesRequested="544" />
<af-end id="6070" timestamp="2019-08-04T20:02:53.142" threadId="0000000001BEF888" success="true" />
<exclusive-end id="6071" timestamp="2019-08-04T20:02:53.142" durationms="11.760" />

* Round 3 done in 3.515 seconds.
<exclusive-start id="6072" timestamp="2019-08-04T20:02:53.152" intervalms="21.603">
  <response-info timems="0.026" idlems="0.026" threads="0" lastid="0000000001BEEF00" lastname="main" />
</exclusive-start>
<af-start id="6073" threadId="0000000001BEF888" totalBytesRequested="16" timestamp="2019-08-04T20:02:53.152" intervalms="21.602" />
<cycle-start id="6074" type="global" contextid="0" timestamp="2019-08-04T20:02:53.152" intervalms="21.600" />
  <attribute name="GC Util" value="519" />
  <attribute name="CPU Util" value="1870299886525" />
  <attribute name="Time Running"value="120754"/>
  <attribute name="Number of cores"value="16"/>
<gc-start id="6075" type="global" contextid="6074" timestamp="2019-08-04T20:02:53.152">
  <mem-info id="6076" free="460800" total="46137344" percent="0">
    <mem type="tenure" free="460800" total="46137344" percent="0">
      <mem type="soa" free="0" total="45676544" percent="0" />
      <mem type="loa" free="460800" total="460800" percent="100" />
    </mem>
  </mem-info>
</gc-start>
<allocation-stats totalBytes="27569456" >
  <allocated-bytes non-tlh="0" tlh="27569456" />
  <largest-consumer threadName="main" threadId="0000000001BEEF00" bytes="27569456" />
</allocation-stats>
<gc-op id="6077" type="mark" timems="11.513" contextid="6074" timestamp="2019-08-04T20:02:53.164">
  <trace-info objectcount="596679" scancount="517688" scanbytes="13286812" />
  <finalization candidates="80" enqueued="0" />
  <ownableSynchronizers candidates="21" cleared="0" />
  <references type="soft" candidates="1855" cleared="0" enqueued="0" dynamicThreshold="19" maxThreshold="32" />
  <references type="weak" candidates="5788" cleared="0" enqueued="0" />
  <references type="phantom" candidates="97" cleared="0" enqueued="0" />
  <stringconstants candidates="13258" cleared="0"  />
</gc-op>
<gc-op id="6078" type="sweep" timems="2.915" contextid="6074" timestamp="2019-08-04T20:02:53.167" />
<gc-end id="6079" type="global" contextid="6074" durationms="14.602" usertimems="68.679" systemtimems="0.000" timestamp="2019-08-04T20:02:53.167" activeThreads="16">
  <mem-info id="6080" free="28052368" total="46137344" percent="60">
    <mem type="tenure" free="28052368" total="46137344" percent="60" micro-fragmented="83885" macro-fragmented="0">
      <mem type="soa" free="27591568" total="45676544" percent="60" />
      <mem type="loa" free="460800" total="460800" percent="100" />
    </mem>
  </mem-info>
</gc-end>
<cycle-end id="6081" type="global" contextid="6074" timestamp="2019-08-04T20:02:53.167">
  <attribute name="GC Util" value="496" />
  <attribute name="CPU Util" value="1597750454063" />
  <attribute name="Time Running"value="120777"/>
  <attribute name="Number of cores"value="16"/>
</cycle-end>
<allocation-satisfied id="6082" threadId="0000000001BEEF00" bytesRequested="16" />
<af-end id="6083" timestamp="2019-08-04T20:02:53.167" threadId="0000000001BEF888" success="true" />
<exclusive-end id="6084" timestamp="2019-08-04T20:02:53.167" durationms="14.868" />

<exclusive-start id="6085" timestamp="2019-08-04T20:02:53.191" intervalms="39.282">
  <response-info timems="0.022" idlems="0.022" threads="0" lastid="0000000001BEEF00" lastname="main" />
</exclusive-start>
<af-start id="6086" threadId="0000000001BEF888" totalBytesRequested="32" timestamp="2019-08-04T20:02:53.191" intervalms="39.277" />
<cycle-start id="6087" type="global" contextid="0" timestamp="2019-08-04T20:02:53.191" intervalms="39.276" />
  <attribute name="GC Util" value="496" />
  <attribute name="CPU Util" value="1597750454063" />
  <attribute name="Time Running"value="120777"/>
  <attribute name="Number of cores"value="16"/>
<gc-start id="6088" type="global" contextid="6087" timestamp="2019-08-04T20:02:53.191">
  <mem-info id="6089" free="460800" total="46137344" percent="0">
    <mem type="tenure" free="460800" total="46137344" percent="0">
      <mem type="soa" free="0" total="45676544" percent="0" />
      <mem type="loa" free="460800" total="460800" percent="100" />
    </mem>
  </mem-info>
</gc-start>
<allocation-stats totalBytes="27588536" >
  <allocated-bytes non-tlh="0" tlh="27588536" />
  <largest-consumer threadName="main" threadId="0000000001BEEF00" bytes="27588536" />
</allocation-stats>
<gc-op id="6090" type="mark" timems="10.304" contextid="6087" timestamp="2019-08-04T20:02:53.202">
  <trace-info objectcount="596686" scancount="517694" scanbytes="13287016" />
  <finalization candidates="80" enqueued="0" />
  <ownableSynchronizers candidates="21" cleared="0" />
  <references type="soft" candidates="1855" cleared="0" enqueued="0" dynamicThreshold="19" maxThreshold="32" />
  <references type="weak" candidates="5788" cleared="0" enqueued="0" />
  <references type="phantom" candidates="97" cleared="0" enqueued="0" />
  <stringconstants candidates="13258" cleared="0"  />
</gc-op>
<gc-op id="6091" type="sweep" timems="2.035" contextid="6087" timestamp="2019-08-04T20:02:53.204" />
<gc-end id="6092" type="global" contextid="6087" durationms="12.479" usertimems="63.685" systemtimems="0.000" timestamp="2019-08-04T20:02:53.204" activeThreads="16">
  <mem-info id="6093" free="28052136" total="46137344" percent="60">
    <mem type="tenure" free="28052136" total="46137344" percent="60" micro-fragmented="83866" macro-fragmented="0">
      <mem type="soa" free="27591336" total="45676544" percent="60" />
      <mem type="loa" free="460800" total="460800" percent="100" />
    </mem>
  </mem-info>
</gc-end>
<cycle-end id="6094" type="global" contextid="6087" timestamp="2019-08-04T20:02:53.204">
  <attribute name="GC Util" value="524" />
  <attribute name="CPU Util" value="1790648154728" />
  <attribute name="Time Running"value="120815"/>
  <attribute name="Number of cores"value="16"/>
</cycle-end>
<allocation-satisfied id="6095" threadId="0000000001BEEF00" bytesRequested="32" />
<af-end id="6096" timestamp="2019-08-04T20:02:53.204" threadId="0000000001BEF888" success="true" />
<exclusive-end id="6097" timestamp="2019-08-04T20:02:53.204" durationms="12.705" />

<exclusive-start id="6098" timestamp="2019-08-04T20:02:53.392" intervalms="200.796">
  <response-info timems="0.025" idlems="0.025" threads="0" lastid="0000000001BEEF00" lastname="main" />
</exclusive-start>
<af-start id="6099" threadId="0000000001BEF888" totalBytesRequested="1168" timestamp="2019-08-04T20:02:53.392" intervalms="200.805" />
<cycle-start id="6100" type="global" contextid="0" timestamp="2019-08-04T20:02:53.392" intervalms="200.810" />
  <attribute name="GC Util" value="524" />
  <attribute name="CPU Util" value="1790648154728" />
  <attribute name="Time Running"value="120815"/>
  <attribute name="Number of cores"value="16"/>
<gc-start id="6101" type="global" contextid="6100" timestamp="2019-08-04T20:02:53.392">
  <mem-info id="6102" free="460800" total="46137344" percent="0">
    <mem type="tenure" free="460800" total="46137344" percent="0">
      <mem type="soa" free="0" total="45676544" percent="0" />
      <mem type="loa" free="460800" total="460800" percent="100" />
    </mem>
  </mem-info>
</gc-start>
<allocation-stats totalBytes="27550304" >
  <allocated-bytes non-tlh="1168" tlh="27549136" />
  <largest-consumer threadName="main" threadId="0000000001BEEF00" bytes="27550304" />
</allocation-stats>
<gc-op id="6103" type="mark" timems="10.856" contextid="6100" timestamp="2019-08-04T20:02:53.403">
  <trace-info objectcount="596679" scancount="517678" scanbytes="13286656" />
  <finalization candidates="80" enqueued="0" />
  <ownableSynchronizers candidates="21" cleared="0" />
  <references type="soft" candidates="1855" cleared="5" enqueued="5" dynamicThreshold="19" maxThreshold="32" />
  <references type="weak" candidates="5788" cleared="0" enqueued="0" />
  <references type="phantom" candidates="97" cleared="0" enqueued="0" />
  <stringconstants candidates="13258" cleared="0"  />
</gc-op>
<gc-op id="6104" type="sweep" timems="2.055" contextid="6100" timestamp="2019-08-04T20:02:53.405" />
<gc-end id="6105" type="global" contextid="6100" durationms="13.258" usertimems="60.718" systemtimems="0.000" timestamp="2019-08-04T20:02:53.405" activeThreads="16">
  <mem-info id="6106" free="28050728" total="46137344" percent="60">
    <mem type="tenure" free="28050728" total="46137344" percent="60" micro-fragmented="83997" macro-fragmented="0">
      <mem type="soa" free="27589928" total="45676544" percent="60" />
      <mem type="loa" free="460800" total="460800" percent="100" />
    </mem>
    <pending-finalizers system="0" default="0" reference="5" classloader="0" />
  </mem-info>
</gc-end>
<cycle-end id="6107" type="global" contextid="6100" timestamp="2019-08-04T20:02:53.406">
  <attribute name="GC Util" value="450" />
  <attribute name="CPU Util" value="1669847623923" />
  <attribute name="Time Running"value="121017"/>
  <attribute name="Number of cores"value="16"/>
</cycle-end>
<allocation-satisfied id="6108" threadId="0000000001BEEF00" bytesRequested="1168" />
<af-end id="6109" timestamp="2019-08-04T20:02:53.406" threadId="0000000001BEF888" success="true" />
<exclusive-end id="6110" timestamp="2019-08-04T20:02:53.406" durationms="13.504" />

<exclusive-start id="6111" timestamp="2019-08-04T20:02:53.409" intervalms="16.632">
  <response-info timems="0.025" idlems="0.025" threads="0" lastid="0000000001BEEF00" lastname="main" />
</exclusive-start>
<af-start id="6112" threadId="0000000001BEF888" totalBytesRequested="1168" timestamp="2019-08-04T20:02:53.409" intervalms="16.644" />
<cycle-start id="6113" type="global" contextid="0" timestamp="2019-08-04T20:02:53.409" intervalms="16.641" />
  <attribute name="GC Util" value="450" />
  <attribute name="CPU Util" value="1669847623923" />
  <attribute name="Time Running"value="121017"/>
  <attribute name="Number of cores"value="16"/>
<gc-start id="6114" type="global" contextid="6113" timestamp="2019-08-04T20:02:53.409">
  <mem-info id="6115" free="460800" total="46137344" percent="0">
    <mem type="tenure" free="460800" total="46137344" percent="0">
      <mem type="soa" free="0" total="45676544" percent="0" />
      <mem type="loa" free="460800" total="460800" percent="100" />
    </mem>
  </mem-info>
</gc-start>
<allocation-stats totalBytes="27395984" >
  <allocated-bytes non-tlh="38544" tlh="27357440" />
  <largest-consumer threadName="main" threadId="0000000001BEEF00" bytes="27395984" />
</allocation-stats>
<gc-op id="6116" type="mark" timems="8.913" contextid="6113" timestamp="2019-08-04T20:02:53.418">
  <trace-info objectcount="596665" scancount="517668" scanbytes="13286128" />
  <finalization candidates="80" enqueued="0" />
  <ownableSynchronizers candidates="21" cleared="0" />
  <references type="soft" candidates="1850" cleared="0" enqueued="0" dynamicThreshold="19" maxThreshold="32" />
  <references type="weak" candidates="5788" cleared="0" enqueued="0" />
  <references type="phantom" candidates="97" cleared="0" enqueued="0" />
  <stringconstants candidates="13258" cleared="0"  />
</gc-op>
<gc-op id="6117" type="sweep" timems="2.036" contextid="6113" timestamp="2019-08-04T20:02:53.420" />
<gc-end id="6118" type="global" contextid="6113" durationms="11.097" usertimems="57.998" systemtimems="0.000" timestamp="2019-08-04T20:02:53.420" activeThreads="16">
  <mem-info id="6119" free="28049768" total="46137344" percent="60">
    <mem type="tenure" free="28049768" total="46137344" percent="60" micro-fragmented="83997" macro-fragmented="0">
      <mem type="soa" free="27588968" total="45676544" percent="60" />
      <mem type="loa" free="460800" total="460800" percent="100" />
    </mem>
  </mem-info>
</gc-end>
<cycle-end id="6120" type="global" contextid="6113" timestamp="2019-08-04T20:02:53.420">
  <attribute name="GC Util" value="532" />
  <attribute name="CPU Util" value="2063070835730" />
  <attribute name="Time Running"value="121031"/>
  <attribute name="Number of cores"value="16"/>
</cycle-end>
<allocation-satisfied id="6121" threadId="0000000001BEEF00" bytesRequested="1168" />
<af-end id="6122" timestamp="2019-08-04T20:02:53.420" threadId="0000000001BEF888" success="true" />
<exclusive-end id="6123" timestamp="2019-08-04T20:02:53.420" durationms="11.336" />

<exclusive-start id="6124" timestamp="2019-08-04T20:02:53.424" intervalms="14.904">
  <response-info timems="0.026" idlems="0.026" threads="0" lastid="0000000001BEEF00" lastname="main" />
</exclusive-start>
<af-start id="6125" threadId="0000000001BEF888" totalBytesRequested="1168" timestamp="2019-08-04T20:02:53.424" intervalms="14.886" />
<cycle-start id="6126" type="global" contextid="0" timestamp="2019-08-04T20:02:53.424" intervalms="14.896" />
  <attribute name="GC Util" value="532" />
  <attribute name="CPU Util" value="2063070835730" />
  <attribute name="Time Running"value="121031"/>
  <attribute name="Number of cores"value="16"/>
<gc-start id="6127" type="global" contextid="6126" timestamp="2019-08-04T20:02:53.424">
  <mem-info id="6128" free="460800" total="46137344" percent="0">
    <mem type="tenure" free="460800" total="46137344" percent="0">
      <mem type="soa" free="0" total="45676544" percent="0" />
      <mem type="loa" free="460800" total="460800" percent="100" />
    </mem>
  </mem-info>
</gc-start>
<allocation-stats totalBytes="27398648" >
  <allocated-bytes non-tlh="38544" tlh="27360104" />
  <largest-consumer threadName="main" threadId="0000000001BEEF00" bytes="27398648" />
</allocation-stats>
<gc-op id="6129" type="mark" timems="10.531" contextid="6126" timestamp="2019-08-04T20:02:53.434">
  <trace-info objectcount="596666" scancount="517669" scanbytes="13286152" />
  <finalization candidates="80" enqueued="0" />
  <ownableSynchronizers candidates="21" cleared="0" />
  <references type="soft" candidates="1850" cleared="0" enqueued="0" dynamicThreshold="19" maxThreshold="32" />
  <references type="weak" candidates="5788" cleared="0" enqueued="0" />
  <references type="phantom" candidates="97" cleared="0" enqueued="0" />
  <stringconstants candidates="13258" cleared="0"  />
</gc-op>
<gc-op id="6130" type="sweep" timems="1.904" contextid="6126" timestamp="2019-08-04T20:02:53.436" />
<gc-end id="6131" type="global" contextid="6126" durationms="12.577" usertimems="74.033" systemtimems="0.000" timestamp="2019-08-04T20:02:53.436" activeThreads="16">
  <mem-info id="6132" free="28050704" total="46137344" percent="60">
    <mem type="tenure" free="28050704" total="46137344" percent="60" micro-fragmented="83997" macro-fragmented="0">
      <mem type="soa" free="27589904" total="45676544" percent="60" />
      <mem type="loa" free="460800" total="460800" percent="100" />
    </mem>
  </mem-info>
</gc-end>
<cycle-end id="6133" type="global" contextid="6126" timestamp="2019-08-04T20:02:53.436">
  <attribute name="GC Util" value="600" />
  <attribute name="CPU Util" value="1747781849687" />
  <attribute name="Time Running"value="121048"/>
  <attribute name="Number of cores"value="16"/>
</cycle-end>
<allocation-satisfied id="6134" threadId="0000000001BEEF00" bytesRequested="1168" />
<af-end id="6135" timestamp="2019-08-04T20:02:53.436" threadId="0000000001BEF888" success="true" />
<exclusive-end id="6136" timestamp="2019-08-04T20:02:53.436" durationms="12.802" />

<exclusive-start id="6137" timestamp="2019-08-04T20:02:53.440" intervalms="16.149">
  <response-info timems="0.025" idlems="0.025" threads="0" lastid="0000000001BEEF00" lastname="main" />
</exclusive-start>
<af-start id="6138" threadId="0000000001BEF888" totalBytesRequested="1168" timestamp="2019-08-04T20:02:53.440" intervalms="16.153" />
<cycle-start id="6139" type="global" contextid="0" timestamp="2019-08-04T20:02:53.440" intervalms="16.149" />
  <attribute name="GC Util" value="600" />
  <attribute name="CPU Util" value="1747781849687" />
  <attribute name="Time Running"value="121048"/>
  <attribute name="Number of cores"value="16"/>
<gc-start id="6140" type="global" contextid="6139" timestamp="2019-08-04T20:02:53.440">
  <mem-info id="6141" free="460800" total="46137344" percent="0">
    <mem type="tenure" free="460800" total="46137344" percent="0">
      <mem type="soa" free="0" total="45676544" percent="0" />
      <mem type="loa" free="460800" total="460800" percent="100" />
    </mem>
  </mem-info>
</gc-start>
<allocation-stats totalBytes="27406664" >
  <allocated-bytes non-tlh="39712" tlh="27366952" />
  <largest-consumer threadName="main" threadId="0000000001BEEF00" bytes="27406664" />
</allocation-stats>
<gc-op id="6142" type="mark" timems="11.577" contextid="6139" timestamp="2019-08-04T20:02:53.452">
  <trace-info objectcount="596655" scancount="517663" scanbytes="13286040" />
  <finalization candidates="80" enqueued="0" />
  <ownableSynchronizers candidates="21" cleared="0" />
  <references type="soft" candidates="1850" cleared="1" enqueued="0" dynamicThreshold="19" maxThreshold="32" />
  <references type="weak" candidates="5788" cleared="0" enqueued="0" />
  <references type="phantom" candidates="97" cleared="0" enqueued="0" />
  <stringconstants candidates="13258" cleared="0"  />
</gc-op>
<gc-op id="6143" type="sweep" timems="5.161" contextid="6139" timestamp="2019-08-04T20:02:53.457" />
<gc-end id="6144" type="global" contextid="6139" durationms="16.942" usertimems="85.458" systemtimems="0.000" timestamp="2019-08-04T20:02:53.457" activeThreads="16">
  <mem-info id="6145" free="28068024" total="46137344" percent="60">
    <mem type="tenure" free="28068024" total="46137344" percent="60" micro-fragmented="83995" macro-fragmented="0">
      <mem type="soa" free="27607224" total="45676544" percent="60" />
      <mem type="loa" free="460800" total="460800" percent="100" />
    </mem>
  </mem-info>
</gc-end>
<cycle-end id="6146" type="global" contextid="6139" timestamp="2019-08-04T20:02:53.457">
  <attribute name="GC Util" value="557" />
  <attribute name="CPU Util" value="1595477760712" />
  <attribute name="Time Running"value="121065"/>
  <attribute name="Number of cores"value="16"/>
</cycle-end>
<allocation-satisfied id="6147" threadId="0000000001BEEF00" bytesRequested="1168" />
<af-end id="6148" timestamp="2019-08-04T20:02:53.457" threadId="0000000001BEF888" success="true" />
<exclusive-end id="6149" timestamp="2019-08-04T20:02:53.457" durationms="17.192" />

<exclusive-start id="6150" timestamp="2019-08-04T20:02:53.460" intervalms="20.257">
  <response-info timems="0.024" idlems="0.024" threads="0" lastid="0000000001BEEF00" lastname="main" />
</exclusive-start>
<af-start id="6151" threadId="0000000001BEF888" totalBytesRequested="1168" timestamp="2019-08-04T20:02:53.460" intervalms="20.250" />
<cycle-start id="6152" type="global" contextid="0" timestamp="2019-08-04T20:02:53.460" intervalms="20.245" />
  <attribute name="GC Util" value="557" />
  <attribute name="CPU Util" value="1595477760712" />
  <attribute name="Time Running"value="121065"/>
  <attribute name="Number of cores"value="16"/>
<gc-start id="6153" type="global" contextid="6152" timestamp="2019-08-04T20:02:53.460">
  <mem-info id="6154" free="460800" total="46137344" percent="0">
    <mem type="tenure" free="460800" total="46137344" percent="0">
      <mem type="soa" free="0" total="45676544" percent="0" />
      <mem type="loa" free="460800" total="460800" percent="100" />
    </mem>
  </mem-info>
</gc-start>
<allocation-stats totalBytes="27425144" >
  <allocated-bytes non-tlh="38544" tlh="27386600" />
  <largest-consumer threadName="main" threadId="0000000001BEEF00" bytes="27425144" />
</allocation-stats>
<gc-op id="6155" type="mark" timems="10.543" contextid="6152" timestamp="2019-08-04T20:02:53.471">
  <trace-info objectcount="596655" scancount="517667" scanbytes="13286040" />
  <finalization candidates="80" enqueued="0" />
  <ownableSynchronizers candidates="21" cleared="0" />
  <references type="soft" candidates="1849" cleared="0" enqueued="0" dynamicThreshold="19" maxThreshold="32" />
  <references type="weak" candidates="5788" cleared="0" enqueued="0" />
  <references type="phantom" candidates="97" cleared="0" enqueued="0" />
  <stringconstants candidates="13258" cleared="0"  />
</gc-op>
<gc-op id="6156" type="sweep" timems="1.889" contextid="6152" timestamp="2019-08-04T20:02:53.473" />
<gc-end id="6157" type="global" contextid="6152" durationms="12.603" usertimems="71.064" systemtimems="0.000" timestamp="2019-08-04T20:02:53.473" activeThreads="16">
  <mem-info id="6158" free="28068904" total="46137344" percent="60">
    <mem type="tenure" free="28068904" total="46137344" percent="60" micro-fragmented="83995" macro-fragmented="0">
      <mem type="soa" free="27608104" total="45676544" percent="60" />
      <mem type="loa" free="460800" total="460800" percent="100" />
    </mem>
  </mem-info>
</gc-end>
<cycle-end id="6159" type="global" contextid="6152" timestamp="2019-08-04T20:02:53.473">
  <attribute name="GC Util" value="572" />
  <attribute name="CPU Util" value="1745917055108" />
  <attribute name="Time Running"value="121084"/>
  <attribute name="Number of cores"value="16"/>
</cycle-end>
<allocation-satisfied id="6160" threadId="0000000001BEEF00" bytesRequested="1168" />
<af-end id="6161" timestamp="2019-08-04T20:02:53.473" threadId="0000000001BEF888" success="true" />
<exclusive-end id="6162" timestamp="2019-08-04T20:02:53.473" durationms="12.821" />

<exclusive-start id="6163" timestamp="2019-08-04T20:02:53.476" intervalms="15.887">
  <response-info timems="0.020" idlems="0.020" threads="0" lastid="0000000001BEEF00" lastname="main" />
</exclusive-start>
<af-start id="6164" threadId="0000000001BEF888" totalBytesRequested="1168" timestamp="2019-08-04T20:02:53.476" intervalms="15.886" />
<cycle-start id="6165" type="global" contextid="0" timestamp="2019-08-04T20:02:53.476" intervalms="15.894" />
  <attribute name="GC Util" value="572" />
  <attribute name="CPU Util" value="1745917055108" />
  <attribute name="Time Running"value="121084"/>
  <attribute name="Number of cores"value="16"/>
<gc-start id="6166" type="global" contextid="6165" timestamp="2019-08-04T20:02:53.476">
  <mem-info id="6167" free="460800" total="46137344" percent="0">
    <mem type="tenure" free="460800" total="46137344" percent="0">
      <mem type="soa" free="0" total="45676544" percent="0" />
      <mem type="loa" free="460800" total="460800" percent="100" />
    </mem>
  </mem-info>
</gc-start>
<allocation-stats totalBytes="27425144" >
  <allocated-bytes non-tlh="39712" tlh="27385432" />
  <largest-consumer threadName="main" threadId="0000000001BEEF00" bytes="27425144" />
</allocation-stats>
<gc-op id="6168" type="mark" timems="9.495" contextid="6165" timestamp="2019-08-04T20:02:53.486">
  <trace-info objectcount="596655" scancount="517666" scanbytes="13286040" />
  <finalization candidates="80" enqueued="0" />
  <ownableSynchronizers candidates="21" cleared="0" />
  <references type="soft" candidates="1849" cleared="0" enqueued="0" dynamicThreshold="19" maxThreshold="32" />
  <references type="weak" candidates="5788" cleared="0" enqueued="0" />
  <references type="phantom" candidates="97" cleared="0" enqueued="0" />
  <stringconstants candidates="13258" cleared="0"  />
</gc-op>
<gc-op id="6169" type="sweep" timems="1.578" contextid="6165" timestamp="2019-08-04T20:02:53.487" />
<gc-end id="6170" type="global" contextid="6165" durationms="11.306" usertimems="57.818" systemtimems="0.000" timestamp="2019-08-04T20:02:53.487" activeThreads="16">
  <mem-info id="6171" free="28068904" total="46137344" percent="60">
    <mem type="tenure" free="28068904" total="46137344" percent="60" micro-fragmented="83995" macro-fragmented="0">
      <mem type="soa" free="27608104" total="45676544" percent="60" />
      <mem type="loa" free="460800" total="460800" percent="100" />
    </mem>
  </mem-info>
</gc-end>
<cycle-end id="6172" type="global" contextid="6165" timestamp="2019-08-04T20:02:53.487">
  <attribute name="GC Util" value="519" />
  <attribute name="CPU Util" value="1961798007348" />
  <attribute name="Time Running"value="121099"/>
  <attribute name="Number of cores"value="16"/>
</cycle-end>
<allocation-satisfied id="6173" threadId="0000000001BEEF00" bytesRequested="1168" />
<af-end id="6174" timestamp="2019-08-04T20:02:53.487" threadId="0000000001BEF888" success="true" />
<exclusive-end id="6175" timestamp="2019-08-04T20:02:53.487" durationms="11.539" />

<exclusive-start id="6176" timestamp="2019-08-04T20:02:53.490" intervalms="14.274">
  <response-info timems="0.017" idlems="0.017" threads="0" lastid="0000000001BEEF00" lastname="main" />
</exclusive-start>
<af-start id="6177" threadId="0000000001BEF888" totalBytesRequested="1168" timestamp="2019-08-04T20:02:53.490" intervalms="14.282" />
<cycle-start id="6178" type="global" contextid="0" timestamp="2019-08-04T20:02:53.490" intervalms="14.282" />
  <attribute name="GC Util" value="519" />
  <attribute name="CPU Util" value="1961798007348" />
  <attribute name="Time Running"value="121099"/>
  <attribute name="Number of cores"value="16"/>
<gc-start id="6179" type="global" contextid="6178" timestamp="2019-08-04T20:02:53.490">
  <mem-info id="6180" free="460800" total="46137344" percent="0">
    <mem type="tenure" free="460800" total="46137344" percent="0">
      <mem type="soa" free="0" total="45676544" percent="0" />
      <mem type="loa" free="460800" total="460800" percent="100" />
    </mem>
  </mem-info>
</gc-start>
<allocation-stats totalBytes="27425144" >
  <allocated-bytes non-tlh="39712" tlh="27385432" />
  <largest-consumer threadName="main" threadId="0000000001BEEF00" bytes="27425144" />
</allocation-stats>
<gc-op id="6181" type="mark" timems="14.609" contextid="6178" timestamp="2019-08-04T20:02:53.505">
  <trace-info objectcount="596655" scancount="517663" scanbytes="13286040" />
  <finalization candidates="80" enqueued="0" />
  <ownableSynchronizers candidates="21" cleared="0" />
  <references type="soft" candidates="1849" cleared="0" enqueued="0" dynamicThreshold="19" maxThreshold="32" />
  <references type="weak" candidates="5788" cleared="0" enqueued="0" />
  <references type="phantom" candidates="97" cleared="0" enqueued="0" />
  <stringconstants candidates="13258" cleared="0"  />
</gc-op>
<gc-op id="6182" type="sweep" timems="3.541" contextid="6178" timestamp="2019-08-04T20:02:53.509" />
<gc-end id="6183" type="global" contextid="6178" durationms="18.348" usertimems="89.989" systemtimems="0.000" timestamp="2019-08-04T20:02:53.509" activeThreads="16">
  <mem-info id="6184" free="28068024" total="46137344" percent="60">
    <mem type="tenure" free="28068024" total="46137344" percent="60" micro-fragmented="83995" macro-fragmented="0">
      <mem type="soa" free="27607224" total="45676544" percent="60" />
      <mem type="loa" free="460800" total="460800" percent="100" />
    </mem>
  </mem-info>
</gc-end>
<cycle-end id="6185" type="global" contextid="6178" timestamp="2019-08-04T20:02:53.509">
  <attribute name="GC Util" value="545" />
  <attribute name="CPU Util" value="1261433221836" />
  <attribute name="Time Running"value="121118"/>
  <attribute name="Number of cores"value="16"/>
</cycle-end>
<allocation-satisfied id="6186" threadId="0000000001BEEF00" bytesRequested="1168" />
<af-end id="6187" timestamp="2019-08-04T20:02:53.509" threadId="0000000001BEF888" success="true" />
<exclusive-end id="6188" timestamp="2019-08-04T20:02:53.509" durationms="18.603" />

<exclusive-start id="6189" timestamp="2019-08-04T20:02:53.512" intervalms="21.894">
  <response-info timems="0.023" idlems="0.023" threads="0" lastid="0000000001BEEF00" lastname="main" />
</exclusive-start>
<af-start id="6190" threadId="0000000001BEF888" totalBytesRequested="1168" timestamp="2019-08-04T20:02:53.512" intervalms="21.888" />
<cycle-start id="6191" type="global" contextid="0" timestamp="2019-08-04T20:02:53.512" intervalms="21.879" />
  <attribute name="GC Util" value="545" />
  <attribute name="CPU Util" value="1261433221836" />
  <attribute name="Time Running"value="121118"/>
  <attribute name="Number of cores"value="16"/>
<gc-start id="6192" type="global" contextid="6191" timestamp="2019-08-04T20:02:53.512">
  <mem-info id="6193" free="460800" total="46137344" percent="0">
    <mem type="tenure" free="460800" total="46137344" percent="0">
      <mem type="soa" free="0" total="45676544" percent="0" />
      <mem type="loa" free="460800" total="460800" percent="100" />
    </mem>
  </mem-info>
</gc-start>
<allocation-stats totalBytes="27425144" >
  <allocated-bytes non-tlh="38544" tlh="27386600" />
  <largest-consumer threadName="main" threadId="0000000001BEEF00" bytes="27425144" />
</allocation-stats>
<gc-op id="6194" type="mark" timems="12.153" contextid="6191" timestamp="2019-08-04T20:02:53.524">
  <trace-info objectcount="596655" scancount="517660" scanbytes="13286040" />
  <finalization candidates="80" enqueued="0" />
  <ownableSynchronizers candidates="21" cleared="0" />
  <references type="soft" candidates="1849" cleared="0" enqueued="0" dynamicThreshold="19" maxThreshold="32" />
  <references type="weak" candidates="5788" cleared="0" enqueued="0" />
  <references type="phantom" candidates="97" cleared="0" enqueued="0" />
  <stringconstants candidates="13258" cleared="0"  />
</gc-op>
<gc-op id="6195" type="sweep" timems="1.755" contextid="6191" timestamp="2019-08-04T20:02:53.526" />
<gc-end id="6196" type="global" contextid="6191" durationms="14.089" usertimems="59.403" systemtimems="0.000" timestamp="2019-08-04T20:02:53.526" activeThreads="16">
  <mem-info id="6197" free="28068904" total="46137344" percent="60">
    <mem type="tenure" free="28068904" total="46137344" percent="60" micro-fragmented="83995" macro-fragmented="0">
      <mem type="soa" free="27608104" total="45676544" percent="60" />
      <mem type="loa" free="460800" total="460800" percent="100" />
    </mem>
  </mem-info>
</gc-end>
<cycle-end id="6198" type="global" contextid="6191" timestamp="2019-08-04T20:02:53.526">
  <attribute name="GC Util" value="406" />
  <attribute name="CPU Util" value="1515880940905" />
  <attribute name="Time Running"value="121138"/>
  <attribute name="Number of cores"value="16"/>
</cycle-end>
<allocation-satisfied id="6199" threadId="0000000001BEEF00" bytesRequested="1168" />
<af-end id="6200" timestamp="2019-08-04T20:02:53.526" threadId="0000000001BEF888" success="true" />
<exclusive-end id="6201" timestamp="2019-08-04T20:02:53.526" durationms="14.346" />

<exclusive-start id="6202" timestamp="2019-08-04T20:02:53.529" intervalms="17.216">
  <response-info timems="0.020" idlems="0.020" threads="0" lastid="0000000001BEEF00" lastname="main" />
</exclusive-start>
<af-start id="6203" threadId="0000000001BEF888" totalBytesRequested="1168" timestamp="2019-08-04T20:02:53.529" intervalms="17.213" />
<cycle-start id="6204" type="global" contextid="0" timestamp="2019-08-04T20:02:53.529" intervalms="17.214" />
  <attribute name="GC Util" value="406" />
  <attribute name="CPU Util" value="1515880940905" />
  <attribute name="Time Running"value="121138"/>
  <attribute name="Number of cores"value="16"/>
<gc-start id="6205" type="global" contextid="6204" timestamp="2019-08-04T20:02:53.529">
  <mem-info id="6206" free="460800" total="46137344" percent="0">
    <mem type="tenure" free="460800" total="46137344" percent="0">
      <mem type="soa" free="0" total="45676544" percent="0" />
      <mem type="loa" free="460800" total="460800" percent="100" />
    </mem>
  </mem-info>
</gc-start>
<allocation-stats totalBytes="27422680" >
  <allocated-bytes non-tlh="39712" tlh="27382968" />
  <largest-consumer threadName="main" threadId="0000000001BEEF00" bytes="27422680" />
</allocation-stats>
<gc-op id="6207" type="mark" timems="10.015" contextid="6204" timestamp="2019-08-04T20:02:53.539">
  <trace-info objectcount="596655" scancount="517666" scanbytes="13286040" />
  <finalization candidates="80" enqueued="0" />
  <ownableSynchronizers candidates="21" cleared="0" />
  <references type="soft" candidates="1849" cleared="0" enqueued="0" dynamicThreshold="19" maxThreshold="32" />
  <references type="weak" candidates="5788" cleared="0" enqueued="0" />
  <references type="phantom" candidates="97" cleared="0" enqueued="0" />
  <stringconstants candidates="13258" cleared="0"  />
</gc-op>
<gc-op id="6208" type="sweep" timems="1.566" contextid="6204" timestamp="2019-08-04T20:02:53.541" />
<gc-end id="6209" type="global" contextid="6204" durationms="11.749" usertimems="58.464" systemtimems="0.000" timestamp="2019-08-04T20:02:53.541" activeThreads="16">
  <mem-info id="6210" free="28068904" total="46137344" percent="60">
    <mem type="tenure" free="28068904" total="46137344" percent="60" micro-fragmented="83995" macro-fragmented="0">
      <mem type="soa" free="27608104" total="45676544" percent="60" />
      <mem type="loa" free="460800" total="460800" percent="100" />
    </mem>
  </mem-info>
</gc-end>
<cycle-end id="6211" type="global" contextid="6204" timestamp="2019-08-04T20:02:53.541">
  <attribute name="GC Util" value="532" />
  <attribute name="CPU Util" value="1839173918542" />
  <attribute name="Time Running"value="121153"/>
  <attribute name="Number of cores"value="16"/>
</cycle-end>
<allocation-satisfied id="6212" threadId="0000000001BEEF00" bytesRequested="1168" />
<af-end id="6213" timestamp="2019-08-04T20:02:53.541" threadId="0000000001BEF888" success="true" />
<exclusive-end id="6214" timestamp="2019-08-04T20:02:53.541" durationms="11.978" />

<exclusive-start id="6215" timestamp="2019-08-04T20:02:53.544" intervalms="14.922">
  <response-info timems="0.023" idlems="0.023" threads="0" lastid="0000000001BEEF00" lastname="main" />
</exclusive-start>
<af-start id="6216" threadId="0000000001BEF888" totalBytesRequested="1168" timestamp="2019-08-04T20:02:53.544" intervalms="14.944" />
<cycle-start id="6217" type="global" contextid="0" timestamp="2019-08-04T20:02:53.544" intervalms="14.942" />
  <attribute name="GC Util" value="532" />
  <attribute name="CPU Util" value="1839173918542" />
  <attribute name="Time Running"value="121153"/>
  <attribute name="Number of cores"value="16"/>
<gc-start id="6218" type="global" contextid="6217" timestamp="2019-08-04T20:02:53.544">
  <mem-info id="6219" free="460800" total="46137344" percent="0">
    <mem type="tenure" free="460800" total="46137344" percent="0">
      <mem type="soa" free="0" total="45676544" percent="0" />
      <mem type="loa" free="460800" total="460800" percent="100" />
    </mem>
  </mem-info>
</gc-start>
<allocation-stats totalBytes="27425144" >
  <allocated-bytes non-tlh="39712" tlh="27385432" />
  <largest-consumer threadName="main" threadId="0000000001BEEF00" bytes="27425144" />
</allocation-stats>
<gc-op id="6220" type="mark" timems="11.717" contextid="6217" timestamp="2019-08-04T20:02:53.556">
  <trace-info objectcount="596655" scancount="517665" scanbytes="13286040" />
  <finalization candidates="80" enqueued="0" />
  <ownableSynchronizers candidates="21" cleared="0" />
  <references type="soft" candidates="1849" cleared="0" enqueued="0" dynamicThreshold="19" maxThreshold="32" />
  <references type="weak" candidates="5788" cleared="0" enqueued="0" />
  <references type="phantom" candidates="97" cleared="0" enqueued="0" />
  <stringconstants candidates="13258" cleared="0"  />
</gc-op>
<gc-op id="6221" type="sweep" timems="2.688" contextid="6217" timestamp="2019-08-04T20:02:53.559" />
<gc-end id="6222" type="global" contextid="6217" durationms="14.587" usertimems="74.419" systemtimems="0.000" timestamp="2019-08-04T20:02:53.559" activeThreads="16">
  <mem-info id="6223" free="28068024" total="46137344" percent="60">
    <mem type="tenure" free="28068024" total="46137344" percent="60" micro-fragmented="83995" macro-fragmented="0">
      <mem type="soa" free="27607224" total="45676544" percent="60" />
      <mem type="loa" free="460800" total="460800" percent="100" />
    </mem>
  </mem-info>
</gc-end>
<cycle-end id="6224" type="global" contextid="6217" timestamp="2019-08-04T20:02:53.559">
  <attribute name="GC Util" value="570" />
  <attribute name="CPU Util" value="1571021792895" />
  <attribute name="Time Running"value="121169"/>
  <attribute name="Number of cores"value="16"/>
</cycle-end>
<allocation-satisfied id="6225" threadId="0000000001BEEF00" bytesRequested="1168" />
<af-end id="6226" timestamp="2019-08-04T20:02:53.559" threadId="0000000001BEF888" success="true" />
<exclusive-end id="6227" timestamp="2019-08-04T20:02:53.559" durationms="14.841" />

<exclusive-start id="6228" timestamp="2019-08-04T20:02:53.562" intervalms="18.191">
  <response-info timems="0.023" idlems="0.023" threads="0" lastid="0000000001BEEF00" lastname="main" />
</exclusive-start>
<af-start id="6229" threadId="0000000001BEF888" totalBytesRequested="1168" timestamp="2019-08-04T20:02:53.562" intervalms="18.173" />
<cycle-start id="6230" type="global" contextid="0" timestamp="2019-08-04T20:02:53.562" intervalms="18.175" />
  <attribute name="GC Util" value="570" />
  <attribute name="CPU Util" value="1571021792895" />
  <attribute name="Time Running"value="121169"/>
  <attribute name="Number of cores"value="16"/>
<gc-start id="6231" type="global" contextid="6230" timestamp="2019-08-04T20:02:53.563">
  <mem-info id="6232" free="460800" total="46137344" percent="0">
    <mem type="tenure" free="460800" total="46137344" percent="0">
      <mem type="soa" free="0" total="45676544" percent="0" />
      <mem type="loa" free="460800" total="460800" percent="100" />
    </mem>
  </mem-info>
</gc-start>
<allocation-stats totalBytes="27422680" >
  <allocated-bytes non-tlh="38544" tlh="27384136" />
  <largest-consumer threadName="main" threadId="0000000001BEEF00" bytes="27422680" />
</allocation-stats>
<gc-op id="6233" type="mark" timems="9.926" contextid="6230" timestamp="2019-08-04T20:02:53.572">
  <trace-info objectcount="596655" scancount="517675" scanbytes="13286040" />
  <finalization candidates="80" enqueued="0" />
  <ownableSynchronizers candidates="21" cleared="0" />
  <references type="soft" candidates="1849" cleared="0" enqueued="0" dynamicThreshold="19" maxThreshold="32" />
  <references type="weak" candidates="5788" cleared="0" enqueued="0" />
  <references type="phantom" candidates="97" cleared="0" enqueued="0" />
  <stringconstants candidates="13258" cleared="0"  />
</gc-op>
<gc-op id="6234" type="sweep" timems="1.640" contextid="6230" timestamp="2019-08-04T20:02:53.574" />
<gc-end id="6235" type="global" contextid="6230" durationms="11.750" usertimems="61.552" systemtimems="0.000" timestamp="2019-08-04T20:02:53.574" activeThreads="16">
  <mem-info id="6236" free="28068904" total="46137344" percent="60">
    <mem type="tenure" free="28068904" total="46137344" percent="60" micro-fragmented="83995" macro-fragmented="0">
      <mem type="soa" free="27608104" total="45676544" percent="60" />
      <mem type="loa" free="460800" total="460800" percent="100" />
    </mem>
  </mem-info>
</gc-end>
<cycle-end id="6237" type="global" contextid="6230" timestamp="2019-08-04T20:02:53.574">
  <attribute name="GC Util" value="537" />
  <attribute name="CPU Util" value="1856433169721" />
  <attribute name="Time Running"value="121186"/>
  <attribute name="Number of cores"value="16"/>
</cycle-end>
<allocation-satisfied id="6238" threadId="0000000001BEEF00" bytesRequested="1168" />
<af-end id="6239" timestamp="2019-08-04T20:02:53.574" threadId="0000000001BEF888" success="true" />
<exclusive-end id="6240" timestamp="2019-08-04T20:02:53.574" durationms="11.964" />

<exclusive-start id="6241" timestamp="2019-08-04T20:02:53.577" intervalms="14.687">
  <response-info timems="0.019" idlems="0.019" threads="0" lastid="0000000001BEEF00" lastname="main" />
</exclusive-start>
<af-start id="6242" threadId="0000000001BEF888" totalBytesRequested="1168" timestamp="2019-08-04T20:02:53.577" intervalms="14.677" />
<cycle-start id="6243" type="global" contextid="0" timestamp="2019-08-04T20:02:53.577" intervalms="14.673" />
  <attribute name="GC Util" value="537" />
  <attribute name="CPU Util" value="1856433169721" />
  <attribute name="Time Running"value="121186"/>
  <attribute name="Number of cores"value="16"/>
<gc-start id="6244" type="global" contextid="6243" timestamp="2019-08-04T20:02:53.577">
  <mem-info id="6245" free="460800" total="46137344" percent="0">
    <mem type="tenure" free="460800" total="46137344" percent="0">
      <mem type="soa" free="0" total="45676544" percent="0" />
      <mem type="loa" free="460800" total="460800" percent="100" />
    </mem>
  </mem-info>
</gc-start>
<allocation-stats totalBytes="27422680" >
  <allocated-bytes non-tlh="39712" tlh="27382968" />
  <largest-consumer threadName="main" threadId="0000000001BEEF00" bytes="27422680" />
</allocation-stats>
<gc-op id="6246" type="mark" timems="8.906" contextid="6243" timestamp="2019-08-04T20:02:53.586">
  <trace-info objectcount="596655" scancount="517666" scanbytes="13286040" />
  <finalization candidates="80" enqueued="0" />
  <ownableSynchronizers candidates="21" cleared="0" />
  <references type="soft" candidates="1849" cleared="0" enqueued="0" dynamicThreshold="19" maxThreshold="32" />
  <references type="weak" candidates="5788" cleared="0" enqueued="0" />
  <references type="phantom" candidates="97" cleared="0" enqueued="0" />
  <stringconstants candidates="13258" cleared="0"  />
</gc-op>
<gc-op id="6247" type="sweep" timems="1.827" contextid="6243" timestamp="2019-08-04T20:02:53.588" />
<gc-end id="6248" type="global" contextid="6243" durationms="10.923" usertimems="58.874" systemtimems="0.000" timestamp="2019-08-04T20:02:53.588" activeThreads="16">
  <mem-info id="6249" free="28068904" total="46137344" percent="60">
    <mem type="tenure" free="28068904" total="46137344" percent="60" micro-fragmented="83995" macro-fragmented="0">
      <mem type="soa" free="27608104" total="45676544" percent="60" />
      <mem type="loa" free="460800" total="460800" percent="100" />
    </mem>
  </mem-info>
</gc-end>
<cycle-end id="6250" type="global" contextid="6243" timestamp="2019-08-04T20:02:53.588">
  <attribute name="GC Util" value="571" />
  <attribute name="CPU Util" value="2072669447398" />
  <attribute name="Time Running"value="121199"/>
  <attribute name="Number of cores"value="16"/>
</cycle-end>
<allocation-satisfied id="6251" threadId="0000000001BEEF00" bytesRequested="1168" />
<af-end id="6252" timestamp="2019-08-04T20:02:53.588" threadId="0000000001BEF888" success="true" />
<exclusive-end id="6253" timestamp="2019-08-04T20:02:53.588" durationms="11.131" />

<exclusive-start id="6254" timestamp="2019-08-04T20:02:53.591" intervalms="13.780">
  <response-info timems="0.018" idlems="0.018" threads="0" lastid="0000000001BEEF00" lastname="main" />
</exclusive-start>
<af-start id="6255" threadId="0000000001BEF888" totalBytesRequested="1168" timestamp="2019-08-04T20:02:53.591" intervalms="13.776" />
<cycle-start id="6256" type="global" contextid="0" timestamp="2019-08-04T20:02:53.591" intervalms="13.776" />
  <attribute name="GC Util" value="571" />
  <attribute name="CPU Util" value="2072669447398" />
  <attribute name="Time Running"value="121199"/>
  <attribute name="Number of cores"value="16"/>
<gc-start id="6257" type="global" contextid="6256" timestamp="2019-08-04T20:02:53.591">
  <mem-info id="6258" free="460800" total="46137344" percent="0">
    <mem type="tenure" free="460800" total="46137344" percent="0">
      <mem type="soa" free="0" total="45676544" percent="0" />
      <mem type="loa" free="460800" total="460800" percent="100" />
    </mem>
  </mem-info>
</gc-start>
<allocation-stats totalBytes="27425144" >
  <allocated-bytes non-tlh="39712" tlh="27385432" />
  <largest-consumer threadName="main" threadId="0000000001BEEF00" bytes="27425144" />
</allocation-stats>
<gc-op id="6259" type="mark" timems="9.443" contextid="6256" timestamp="2019-08-04T20:02:53.600">
  <trace-info objectcount="596655" scancount="517650" scanbytes="13286040" />
  <finalization candidates="80" enqueued="0" />
  <ownableSynchronizers candidates="21" cleared="0" />
  <references type="soft" candidates="1849" cleared="0" enqueued="0" dynamicThreshold="19" maxThreshold="32" />
  <references type="weak" candidates="5788" cleared="0" enqueued="0" />
  <references type="phantom" candidates="97" cleared="0" enqueued="0" />
  <stringconstants candidates="13258" cleared="0"  />
</gc-op>
<gc-op id="6260" type="sweep" timems="2.678" contextid="6256" timestamp="2019-08-04T20:02:53.603" />
<gc-end id="6261" type="global" contextid="6256" durationms="12.321" usertimems="63.649" systemtimems="0.000" timestamp="2019-08-04T20:02:53.603" activeThreads="16">
  <mem-info id="6262" free="28068024" total="46137344" percent="60">
    <mem type="tenure" free="28068024" total="46137344" percent="60" micro-fragmented="83995" macro-fragmented="0">
      <mem type="soa" free="27607224" total="45676544" percent="60" />
      <mem type="loa" free="460800" total="460800" percent="100" />
    </mem>
  </mem-info>
</gc-end>
<cycle-end id="6263" type="global" contextid="6256" timestamp="2019-08-04T20:02:53.603">
  <attribute name="GC Util" value="583" />
  <attribute name="CPU Util" value="1949891462891" />
  <attribute name="Time Running"value="121214"/>
  <attribute name="Number of cores"value="16"/>
</cycle-end>
<allocation-satisfied id="6264" threadId="0000000001BEEF00" bytesRequested="1168" />
<af-end id="6265" timestamp="2019-08-04T20:02:53.603" threadId="0000000001BEF888" success="true" />
<exclusive-end id="6266" timestamp="2019-08-04T20:02:53.603" durationms="12.527" />

<exclusive-start id="6267" timestamp="2019-08-04T20:02:53.607" intervalms="15.677">
  <response-info timems="0.020" idlems="0.020" threads="0" lastid="0000000001BEEF00" lastname="main" />
</exclusive-start>
<af-start id="6268" threadId="0000000001BEF888" totalBytesRequested="1168" timestamp="2019-08-04T20:02:53.607" intervalms="15.687" />
<cycle-start id="6269" type="global" contextid="0" timestamp="2019-08-04T20:02:53.607" intervalms="15.689" />
  <attribute name="GC Util" value="583" />
  <attribute name="CPU Util" value="1949891462891" />
  <attribute name="Time Running"value="121214"/>
  <attribute name="Number of cores"value="16"/>
<gc-start id="6270" type="global" contextid="6269" timestamp="2019-08-04T20:02:53.607">
  <mem-info id="6271" free="460800" total="46137344" percent="0">
    <mem type="tenure" free="460800" total="46137344" percent="0">
      <mem type="soa" free="0" total="45676544" percent="0" />
      <mem type="loa" free="460800" total="460800" percent="100" />
    </mem>
  </mem-info>
</gc-start>
<allocation-stats totalBytes="27422680" >
  <allocated-bytes non-tlh="38544" tlh="27384136" />
  <largest-consumer threadName="main" threadId="0000000001BEEF00" bytes="27422680" />
</allocation-stats>
<gc-op id="6272" type="mark" timems="10.967" contextid="6269" timestamp="2019-08-04T20:02:53.618">
  <trace-info objectcount="596655" scancount="517659" scanbytes="13286040" />
  <finalization candidates="80" enqueued="0" />
  <ownableSynchronizers candidates="21" cleared="0" />
  <references type="soft" candidates="1849" cleared="0" enqueued="0" dynamicThreshold="19" maxThreshold="32" />
  <references type="weak" candidates="5788" cleared="0" enqueued="0" />
  <references type="phantom" candidates="97" cleared="0" enqueued="0" />
  <stringconstants candidates="13258" cleared="0"  />
</gc-op>
<gc-op id="6273" type="sweep" timems="1.508" contextid="6269" timestamp="2019-08-04T20:02:53.619" />
<gc-end id="6274" type="global" contextid="6269" durationms="12.664" usertimems="61.172" systemtimems="0.000" timestamp="2019-08-04T20:02:53.619" activeThreads="16">
  <mem-info id="6275" free="28068904" total="46137344" percent="60">
    <mem type="tenure" free="28068904" total="46137344" percent="60" micro-fragmented="83995" macro-fragmented="0">
      <mem type="soa" free="27608104" total="45676544" percent="60" />
      <mem type="loa" free="460800" total="460800" percent="100" />
    </mem>
  </mem-info>
</gc-end>
<cycle-end id="6276" type="global" contextid="6269" timestamp="2019-08-04T20:02:53.619">
  <attribute name="GC Util" value="510" />
  <attribute name="CPU Util" value="1684540545448" />
  <attribute name="Time Running"value="121231"/>
  <attribute name="Number of cores"value="16"/>
</cycle-end>
<allocation-satisfied id="6277" threadId="0000000001BEEF00" bytesRequested="1168" />
<af-end id="6278" timestamp="2019-08-04T20:02:53.619" threadId="0000000001BEF888" success="true" />
<exclusive-end id="6279" timestamp="2019-08-04T20:02:53.619" durationms="12.873" />

<exclusive-start id="6280" timestamp="2019-08-04T20:02:53.622" intervalms="15.771">
  <response-info timems="0.023" idlems="0.023" threads="0" lastid="0000000001BEEF00" lastname="main" />
</exclusive-start>
<af-start id="6281" threadId="0000000001BEF888" totalBytesRequested="1168" timestamp="2019-08-04T20:02:53.622" intervalms="15.773" />
<cycle-start id="6282" type="global" contextid="0" timestamp="2019-08-04T20:02:53.622" intervalms="15.781" />
  <attribute name="GC Util" value="510" />
  <attribute name="CPU Util" value="1684540545448" />
  <attribute name="Time Running"value="121231"/>
  <attribute name="Number of cores"value="16"/>
<gc-start id="6283" type="global" contextid="6282" timestamp="2019-08-04T20:02:53.622">
  <mem-info id="6284" free="460800" total="46137344" percent="0">
    <mem type="tenure" free="460800" total="46137344" percent="0">
      <mem type="soa" free="0" total="45676544" percent="0" />
      <mem type="loa" free="460800" total="460800" percent="100" />
    </mem>
  </mem-info>
</gc-start>
<allocation-stats totalBytes="27422680" >
  <allocated-bytes non-tlh="39712" tlh="27382968" />
  <largest-consumer threadName="main" threadId="0000000001BEEF00" bytes="27422680" />
</allocation-stats>
<gc-op id="6285" type="mark" timems="8.783" contextid="6282" timestamp="2019-08-04T20:02:53.631">
  <trace-info objectcount="596655" scancount="517665" scanbytes="13286040" />
  <finalization candidates="80" enqueued="0" />
  <ownableSynchronizers candidates="21" cleared="0" />
  <references type="soft" candidates="1849" cleared="0" enqueued="0" dynamicThreshold="19" maxThreshold="32" />
  <references type="weak" candidates="5788" cleared="0" enqueued="0" />
  <references type="phantom" candidates="97" cleared="0" enqueued="0" />
  <stringconstants candidates="13258" cleared="0"  />
</gc-op>
<gc-op id="6286" type="sweep" timems="1.603" contextid="6282" timestamp="2019-08-04T20:02:53.633" />
<gc-end id="6287" type="global" contextid="6282" durationms="10.623" usertimems="56.363" systemtimems="0.000" timestamp="2019-08-04T20:02:53.633" activeThreads="16">
  <mem-info id="6288" free="28068904" total="46137344" percent="60">
    <mem type="tenure" free="28068904" total="46137344" percent="60" micro-fragmented="83995" macro-fragmented="0">
      <mem type="soa" free="27608104" total="45676544" percent="60" />
      <mem type="loa" free="460800" total="460800" percent="100" />
    </mem>
  </mem-info>
</gc-end>
<cycle-end id="6289" type="global" contextid="6282" timestamp="2019-08-04T20:02:53.633">
  <attribute name="GC Util" value="586" />
  <attribute name="CPU Util" value="2092358319836" />
  <attribute name="Time Running"value="121245"/>
  <attribute name="Number of cores"value="16"/>
</cycle-end>
<allocation-satisfied id="6290" threadId="0000000001BEEF00" bytesRequested="1168" />
<af-end id="6291" timestamp="2019-08-04T20:02:53.633" threadId="0000000001BEF888" success="true" />
<exclusive-end id="6292" timestamp="2019-08-04T20:02:53.633" durationms="10.903" />

<exclusive-start id="6293" timestamp="2019-08-04T20:02:53.637" intervalms="14.556">
  <response-info timems="0.088" idlems="0.088" threads="0" lastid="0000000001BEEF00" lastname="main" />
</exclusive-start>
<af-start id="6294" threadId="0000000001BEF888" totalBytesRequested="1168" timestamp="2019-08-04T20:02:53.637" intervalms="14.557" />
<cycle-start id="6295" type="global" contextid="0" timestamp="2019-08-04T20:02:53.637" intervalms="14.549" />
  <attribute name="GC Util" value="586" />
  <attribute name="CPU Util" value="2092358319836" />
  <attribute name="Time Running"value="121245"/>
  <attribute name="Number of cores"value="16"/>
<gc-start id="6296" type="global" contextid="6295" timestamp="2019-08-04T20:02:53.637">
  <mem-info id="6297" free="460800" total="46137344" percent="0">
    <mem type="tenure" free="460800" total="46137344" percent="0">
      <mem type="soa" free="0" total="45676544" percent="0" />
      <mem type="loa" free="460800" total="460800" percent="100" />
    </mem>
  </mem-info>
</gc-start>
<allocation-stats totalBytes="27425144" >
  <allocated-bytes non-tlh="39712" tlh="27385432" />
  <largest-consumer threadName="main" threadId="0000000001BEEF00" bytes="27425144" />
</allocation-stats>
<gc-op id="6298" type="mark" timems="8.343" contextid="6295" timestamp="2019-08-04T20:02:53.645">
  <trace-info objectcount="596655" scancount="517665" scanbytes="13286040" />
  <finalization candidates="80" enqueued="0" />
  <ownableSynchronizers candidates="21" cleared="0" />
  <references type="soft" candidates="1849" cleared="0" enqueued="0" dynamicThreshold="19" maxThreshold="32" />
  <references type="weak" candidates="5788" cleared="0" enqueued="0" />
  <references type="phantom" candidates="97" cleared="0" enqueued="0" />
  <stringconstants candidates="13258" cleared="0"  />
</gc-op>
<gc-op id="6299" type="sweep" timems="1.678" contextid="6295" timestamp="2019-08-04T20:02:53.647" />
<gc-end id="6300" type="global" contextid="6295" durationms="10.206" usertimems="51.993" systemtimems="0.000" timestamp="2019-08-04T20:02:53.647" activeThreads="16">
  <mem-info id="6301" free="28068024" total="46137344" percent="60">
    <mem type="tenure" free="28068024" total="46137344" percent="60" micro-fragmented="83995" macro-fragmented="0">
      <mem type="soa" free="27607224" total="45676544" percent="60" />
      <mem type="loa" free="460800" total="460800" percent="100" />
    </mem>
  </mem-info>
</gc-end>
<cycle-end id="6302" type="global" contextid="6295" timestamp="2019-08-04T20:02:53.647">
  <attribute name="GC Util" value="560" />
  <attribute name="CPU Util" value="2232283367098" />
  <attribute name="Time Running"value="121259"/>
  <attribute name="Number of cores"value="16"/>
</cycle-end>
<allocation-satisfied id="6303" threadId="0000000001BEEF00" bytesRequested="1168" />
<af-end id="6304" timestamp="2019-08-04T20:02:53.647" threadId="0000000001BEF888" success="true" />
<exclusive-end id="6305" timestamp="2019-08-04T20:02:53.647" durationms="10.427" />

<exclusive-start id="6306" timestamp="2019-08-04T20:02:53.650" intervalms="13.180">
  <response-info timems="0.019" idlems="0.019" threads="0" lastid="0000000001BEEF00" lastname="main" />
</exclusive-start>
<af-start id="6307" threadId="0000000001BEF888" totalBytesRequested="1168" timestamp="2019-08-04T20:02:53.650" intervalms="13.171" />
<cycle-start id="6308" type="global" contextid="0" timestamp="2019-08-04T20:02:53.650" intervalms="13.183" />
  <attribute name="GC Util" value="560" />
  <attribute name="CPU Util" value="2232283367098" />
  <attribute name="Time Running"value="121259"/>
  <attribute name="Number of cores"value="16"/>
<gc-start id="6309" type="global" contextid="6308" timestamp="2019-08-04T20:02:53.650">
  <mem-info id="6310" free="460800" total="46137344" percent="0">
    <mem type="tenure" free="460800" total="46137344" percent="0">
      <mem type="soa" free="0" total="45676544" percent="0" />
      <mem type="loa" free="460800" total="460800" percent="100" />
    </mem>
  </mem-info>
</gc-start>
<allocation-stats totalBytes="27422680" >
  <allocated-bytes non-tlh="38544" tlh="27384136" />
  <largest-consumer threadName="main" threadId="0000000001BEEF00" bytes="27422680" />
</allocation-stats>
<gc-op id="6311" type="mark" timems="11.912" contextid="6308" timestamp="2019-08-04T20:02:53.662">
  <trace-info objectcount="596655" scancount="517664" scanbytes="13286040" />
  <finalization candidates="80" enqueued="0" />
  <ownableSynchronizers candidates="21" cleared="0" />
  <references type="soft" candidates="1849" cleared="0" enqueued="0" dynamicThreshold="19" maxThreshold="32" />
  <references type="weak" candidates="5788" cleared="0" enqueued="0" />
  <references type="phantom" candidates="97" cleared="0" enqueued="0" />
  <stringconstants candidates="13258" cleared="0"  />
</gc-op>
<gc-op id="6312" type="sweep" timems="1.809" contextid="6308" timestamp="2019-08-04T20:02:53.664" />
<gc-end id="6313" type="global" contextid="6308" durationms="13.929" usertimems="71.987" systemtimems="0.000" timestamp="2019-08-04T20:02:53.664" activeThreads="16">
  <mem-info id="6314" free="28068904" total="46137344" percent="60">
    <mem type="tenure" free="28068904" total="46137344" percent="60" micro-fragmented="83995" macro-fragmented="0">
      <mem type="soa" free="27608104" total="45676544" percent="60" />
      <mem type="loa" free="460800" total="460800" percent="100" />
    </mem>
  </mem-info>
</gc-end>
<cycle-end id="6315" type="global" contextid="6308" timestamp="2019-08-04T20:02:53.664">
  <attribute name="GC Util" value="553" />
  <attribute name="CPU Util" value="1544988029617" />
  <attribute name="Time Running"value="121275"/>
  <attribute name="Number of cores"value="16"/>
</cycle-end>
<allocation-satisfied id="6316" threadId="0000000001BEEF00" bytesRequested="1168" />
<af-end id="6317" timestamp="2019-08-04T20:02:53.664" threadId="0000000001BEF888" success="true" />
<exclusive-end id="6318" timestamp="2019-08-04T20:02:53.664" durationms="14.132" />

<exclusive-start id="6319" timestamp="2019-08-04T20:02:53.667" intervalms="16.858">
  <response-info timems="0.019" idlems="0.019" threads="0" lastid="0000000001BEEF00" lastname="main" />
</exclusive-start>
<af-start id="6320" threadId="0000000001BEF888" totalBytesRequested="1168" timestamp="2019-08-04T20:02:53.667" intervalms="16.860" />
<cycle-start id="6321" type="global" contextid="0" timestamp="2019-08-04T20:02:53.667" intervalms="16.846" />
  <attribute name="GC Util" value="553" />
  <attribute name="CPU Util" value="1544988029617" />
  <attribute name="Time Running"value="121275"/>
  <attribute name="Number of cores"value="16"/>
<gc-start id="6322" type="global" contextid="6321" timestamp="2019-08-04T20:02:53.667">
  <mem-info id="6323" free="460800" total="46137344" percent="0">
    <mem type="tenure" free="460800" total="46137344" percent="0">
      <mem type="soa" free="0" total="45676544" percent="0" />
      <mem type="loa" free="460800" total="460800" percent="100" />
    </mem>
  </mem-info>
</gc-start>
<allocation-stats totalBytes="27422680" >
  <allocated-bytes non-tlh="39712" tlh="27382968" />
  <largest-consumer threadName="main" threadId="0000000001BEEF00" bytes="27422680" />
</allocation-stats>
<gc-op id="6324" type="mark" timems="9.079" contextid="6321" timestamp="2019-08-04T20:02:53.676">
  <trace-info objectcount="596303" scancount="517310" scanbytes="13274684" />
  <finalization candidates="80" enqueued="0" />
  <ownableSynchronizers candidates="21" cleared="0" />
  <references type="soft" candidates="1849" cleared="6" enqueued="6" dynamicThreshold="19" maxThreshold="32" />
  <references type="weak" candidates="5788" cleared="0" enqueued="0" />
  <references type="phantom" candidates="97" cleared="0" enqueued="0" />
  <stringconstants candidates="13258" cleared="0"  />
</gc-op>
<gc-op id="6325" type="sweep" timems="1.590" contextid="6321" timestamp="2019-08-04T20:02:53.678" />
<gc-end id="6326" type="global" contextid="6321" durationms="11.048" usertimems="59.267" systemtimems="0.000" timestamp="2019-08-04T20:02:53.678" activeThreads="16">
  <mem-info id="6327" free="28086080" total="46137344" percent="60">
    <mem type="tenure" free="28086080" total="46137344" percent="60" micro-fragmented="84238" macro-fragmented="0">
      <mem type="soa" free="27625280" total="45676544" percent="60" />
      <mem type="loa" free="460800" total="460800" percent="100" />
    </mem>
    <pending-finalizers system="0" default="0" reference="6" classloader="0" />
  </mem-info>
</gc-end>
<cycle-end id="6328" type="global" contextid="6321" timestamp="2019-08-04T20:02:53.678">
  <attribute name="GC Util" value="572" />
  <attribute name="CPU Util" value="1983978395979" />
  <attribute name="Time Running"value="121290"/>
  <attribute name="Number of cores"value="16"/>
</cycle-end>
<allocation-satisfied id="6329" threadId="0000000001BEEF00" bytesRequested="1168" />
<af-end id="6330" timestamp="2019-08-04T20:02:53.678" threadId="0000000001BEF888" success="true" />
<exclusive-end id="6331" timestamp="2019-08-04T20:02:53.678" durationms="11.257" />

<exclusive-start id="6332" timestamp="2019-08-04T20:02:53.682" intervalms="14.765">
  <response-info timems="0.024" idlems="0.024" threads="0" lastid="0000000001BEEF00" lastname="main" />
</exclusive-start>
<af-start id="6333" threadId="0000000001BEF888" totalBytesRequested="1168" timestamp="2019-08-04T20:02:53.682" intervalms="14.777" />
<cycle-start id="6334" type="global" contextid="0" timestamp="2019-08-04T20:02:53.682" intervalms="14.786" />
  <attribute name="GC Util" value="572" />
  <attribute name="CPU Util" value="1983978395979" />
  <attribute name="Time Running"value="121290"/>
  <attribute name="Number of cores"value="16"/>
<gc-start id="6335" type="global" contextid="6334" timestamp="2019-08-04T20:02:53.682">
  <mem-info id="6336" free="460800" total="46137344" percent="0">
    <mem type="tenure" free="460800" total="46137344" percent="0">
      <mem type="soa" free="0" total="45676544" percent="0" />
      <mem type="loa" free="460800" total="460800" percent="100" />
    </mem>
  </mem-info>
</gc-start>
<allocation-stats totalBytes="27439952" >
  <allocated-bytes non-tlh="39712" tlh="27400240" />
  <largest-consumer threadName="main" threadId="0000000001BEEF00" bytes="27439952" />
</allocation-stats>
<gc-op id="6337" type="mark" timems="11.041" contextid="6334" timestamp="2019-08-04T20:02:53.693">
  <trace-info objectcount="596289" scancount="517294" scanbytes="13274156" />
  <finalization candidates="80" enqueued="0" />
  <ownableSynchronizers candidates="21" cleared="0" />
  <references type="soft" candidates="1843" cleared="0" enqueued="0" dynamicThreshold="19" maxThreshold="32" />
  <references type="weak" candidates="5788" cleared="0" enqueued="0" />
  <references type="phantom" candidates="97" cleared="0" enqueued="0" />
  <stringconstants candidates="13258" cleared="0"  />
</gc-op>
<gc-op id="6338" type="sweep" timems="1.937" contextid="6334" timestamp="2019-08-04T20:02:53.695" />
<gc-end id="6339" type="global" contextid="6334" durationms="13.162" usertimems="61.935" systemtimems="0.000" timestamp="2019-08-04T20:02:53.695" activeThreads="16">
  <mem-info id="6340" free="28087128" total="46137344" percent="60">
    <mem type="tenure" free="28087128" total="46137344" percent="60" micro-fragmented="84126" macro-fragmented="0">
      <mem type="soa" free="27626328" total="45676544" percent="60" />
      <mem type="loa" free="460800" total="460800" percent="100" />
    </mem>
  </mem-info>
</gc-end>
<cycle-end id="6341" type="global" contextid="6334" timestamp="2019-08-04T20:02:53.695">
  <attribute name="GC Util" value="516" />
  <attribute name="CPU Util" value="1672648139129" />
  <attribute name="Time Running"value="121306"/>
  <attribute name="Number of cores"value="16"/>
</cycle-end>
<allocation-satisfied id="6342" threadId="0000000001BEEF00" bytesRequested="1168" />
<af-end id="6343" timestamp="2019-08-04T20:02:53.695" threadId="0000000001BEF888" success="true" />
<exclusive-end id="6344" timestamp="2019-08-04T20:02:53.695" durationms="13.365" />

<exclusive-start id="6345" timestamp="2019-08-04T20:02:53.698" intervalms="16.588">
  <response-info timems="0.044" idlems="0.044" threads="0" lastid="0000000001BEEF00" lastname="main" />
</exclusive-start>
<af-start id="6346" threadId="0000000001BEF888" totalBytesRequested="1168" timestamp="2019-08-04T20:02:53.698" intervalms="16.582" />
<cycle-start id="6347" type="global" contextid="0" timestamp="2019-08-04T20:02:53.698" intervalms="16.576" />
  <attribute name="GC Util" value="516" />
  <attribute name="CPU Util" value="1672648139129" />
  <attribute name="Time Running"value="121306"/>
  <attribute name="Number of cores"value="16"/>
<gc-start id="6348" type="global" contextid="6347" timestamp="2019-08-04T20:02:53.698">
  <mem-info id="6349" free="460800" total="46137344" percent="0">
    <mem type="tenure" free="460800" total="46137344" percent="0">
      <mem type="soa" free="0" total="45676544" percent="0" />
      <mem type="loa" free="460800" total="460800" percent="100" />
    </mem>
  </mem-info>
</gc-start>
<allocation-stats totalBytes="27441160" >
  <allocated-bytes non-tlh="40880" tlh="27400280" />
  <largest-consumer threadName="main" threadId="0000000001BEEF00" bytes="27441160" />
</allocation-stats>
<gc-op id="6350" type="mark" timems="11.507" contextid="6347" timestamp="2019-08-04T20:02:53.710">
  <trace-info objectcount="596289" scancount="517301" scanbytes="13274156" />
  <finalization candidates="80" enqueued="0" />
  <ownableSynchronizers candidates="21" cleared="0" />
  <references type="soft" candidates="1843" cleared="0" enqueued="0" dynamicThreshold="19" maxThreshold="32" />
  <references type="weak" candidates="5788" cleared="0" enqueued="0" />
  <references type="phantom" candidates="97" cleared="0" enqueued="0" />
  <stringconstants candidates="13258" cleared="0"  />
</gc-op>
<gc-op id="6351" type="sweep" timems="2.810" contextid="6347" timestamp="2019-08-04T20:02:53.713" />
<gc-end id="6352" type="global" contextid="6347" durationms="14.499" usertimems="83.188" systemtimems="0.000" timestamp="2019-08-04T20:02:53.713" activeThreads="16">
  <mem-info id="6353" free="28087984" total="46137344" percent="60">
    <mem type="tenure" free="28087984" total="46137344" percent="60" micro-fragmented="84126" macro-fragmented="0">
      <mem type="soa" free="27627184" total="45676544" percent="60" />
      <mem type="loa" free="460800" total="460800" percent="100" />
    </mem>
  </mem-info>
</gc-end>
<cycle-end id="6354" type="global" contextid="6347" timestamp="2019-08-04T20:02:53.713">
  <attribute name="GC Util" value="648" />
  <attribute name="CPU Util" value="1599896951362" />
  <attribute name="Time Running"value="121323"/>
  <attribute name="Number of cores"value="16"/>
</cycle-end>
<allocation-satisfied id="6355" threadId="0000000001BEEF00" bytesRequested="1168" />
<af-end id="6356" timestamp="2019-08-04T20:02:53.713" threadId="0000000001BEF888" success="true" />
<exclusive-end id="6357" timestamp="2019-08-04T20:02:53.713" durationms="14.723" />

<exclusive-start id="6358" timestamp="2019-08-04T20:02:53.717" intervalms="18.461">
  <response-info timems="0.164" idlems="0.094" threads="1" lastid="0000000001BFDF00" lastname="JIT Compilation Thread-3" />
</exclusive-start>
<af-start id="6359" threadId="0000000001BEF888" totalBytesRequested="1168" timestamp="2019-08-04T20:02:53.717" intervalms="18.464" />
<cycle-start id="6360" type="global" contextid="0" timestamp="2019-08-04T20:02:53.717" intervalms="18.472" />
  <attribute name="GC Util" value="648" />
  <attribute name="CPU Util" value="1599896951362" />
  <attribute name="Time Running"value="121323"/>
  <attribute name="Number of cores"value="16"/>
<gc-start id="6361" type="global" contextid="6360" timestamp="2019-08-04T20:02:53.717">
  <mem-info id="6362" free="460800" total="46137344" percent="0">
    <mem type="tenure" free="460800" total="46137344" percent="0">
      <mem type="soa" free="0" total="45676544" percent="0" />
      <mem type="loa" free="460800" total="460800" percent="100" />
    </mem>
  </mem-info>
</gc-start>
<allocation-stats totalBytes="27441160" >
  <allocated-bytes non-tlh="42048" tlh="27399112" />
  <largest-consumer threadName="main" threadId="0000000001BEEF00" bytes="27441160" />
</allocation-stats>
<gc-op id="6363" type="mark" timems="9.299" contextid="6360" timestamp="2019-08-04T20:02:53.726">
  <trace-info objectcount="596289" scancount="517298" scanbytes="13274156" />
  <finalization candidates="80" enqueued="0" />
  <ownableSynchronizers candidates="21" cleared="0" />
  <references type="soft" candidates="1843" cleared="0" enqueued="0" dynamicThreshold="19" maxThreshold="32" />
  <references type="weak" candidates="5788" cleared="0" enqueued="0" />
  <references type="phantom" candidates="97" cleared="0" enqueued="0" />
  <stringconstants candidates="13258" cleared="0"  />
</gc-op>
<gc-op id="6364" type="sweep" timems="1.871" contextid="6360" timestamp="2019-08-04T20:02:53.728" />
<gc-end id="6365" type="global" contextid="6360" durationms="11.350" usertimems="65.194" systemtimems="0.000" timestamp="2019-08-04T20:02:53.728" activeThreads="16">
  <mem-info id="6366" free="28087984" total="46137344" percent="60">
    <mem type="tenure" free="28087984" total="46137344" percent="60" micro-fragmented="84126" macro-fragmented="0">
      <mem type="soa" free="27627184" total="45676544" percent="60" />
      <mem type="loa" free="460800" total="460800" percent="100" />
    </mem>
  </mem-info>
</gc-end>
<cycle-end id="6367" type="global" contextid="6360" timestamp="2019-08-04T20:02:53.728">
  <attribute name="GC Util" value="600" />
  <attribute name="CPU Util" value="1980635672422" />
  <attribute name="Time Running"value="121339"/>
  <attribute name="Number of cores"value="16"/>
</cycle-end>
<allocation-satisfied id="6368" threadId="0000000001BEEF00" bytesRequested="1168" />
<af-end id="6369" timestamp="2019-08-04T20:02:53.728" threadId="0000000001BEF888" success="true" />
<exclusive-end id="6370" timestamp="2019-08-04T20:02:53.728" durationms="11.605" />

<exclusive-start id="6371" timestamp="2019-08-04T20:02:53.731" intervalms="14.771">
  <response-info timems="0.264" idlems="0.155" threads="1" lastid="0000000001BFDF00" lastname="JIT Compilation Thread-3" />
</exclusive-start>
<af-start id="6372" threadId="0000000001BEF888" totalBytesRequested="1168" timestamp="2019-08-04T20:02:53.732" intervalms="14.783" />
<cycle-start id="6373" type="global" contextid="0" timestamp="2019-08-04T20:02:53.732" intervalms="14.775" />
  <attribute name="GC Util" value="600" />
  <attribute name="CPU Util" value="1980635672422" />
  <attribute name="Time Running"value="121339"/>
  <attribute name="Number of cores"value="16"/>
<gc-start id="6374" type="global" contextid="6373" timestamp="2019-08-04T20:02:53.732">
  <mem-info id="6375" free="460800" total="46137344" percent="0">
    <mem type="tenure" free="460800" total="46137344" percent="0">
      <mem type="soa" free="0" total="45676544" percent="0" />
      <mem type="loa" free="460800" total="460800" percent="100" />
    </mem>
  </mem-info>
</gc-start>
<allocation-stats totalBytes="27438696" >
  <allocated-bytes non-tlh="42048" tlh="27396648" />
  <largest-consumer threadName="main" threadId="0000000001BEEF00" bytes="27438696" />
</allocation-stats>
<gc-op id="6376" type="mark" timems="11.955" contextid="6373" timestamp="2019-08-04T20:02:53.744">
  <trace-info objectcount="596289" scancount="517302" scanbytes="13274156" />
  <finalization candidates="80" enqueued="0" />
  <ownableSynchronizers candidates="21" cleared="0" />
  <references type="soft" candidates="1843" cleared="0" enqueued="0" dynamicThreshold="19" maxThreshold="32" />
  <references type="weak" candidates="5788" cleared="0" enqueued="0" />
  <references type="phantom" candidates="97" cleared="0" enqueued="0" />
  <stringconstants candidates="13258" cleared="0"  />
</gc-op>
<gc-op id="6377" type="sweep" timems="1.446" contextid="6373" timestamp="2019-08-04T20:02:53.745" />
<gc-end id="6378" type="global" contextid="6373" durationms="13.603" usertimems="87.018" systemtimems="0.000" timestamp="2019-08-04T20:02:53.745" activeThreads="16">
  <mem-info id="6379" free="28087984" total="46137344" percent="60">
    <mem type="tenure" free="28087984" total="46137344" percent="60" micro-fragmented="84126" macro-fragmented="0">
      <mem type="soa" free="27627184" total="45676544" percent="60" />
      <mem type="loa" free="460800" total="460800" percent="100" />
    </mem>
  </mem-info>
</gc-end>
<cycle-end id="6380" type="global" contextid="6373" timestamp="2019-08-04T20:02:53.745">
  <attribute name="GC Util" value="685" />
  <attribute name="CPU Util" value="1541383895552" />
  <attribute name="Time Running"value="121357"/>
  <attribute name="Number of cores"value="16"/>
</cycle-end>
<allocation-satisfied id="6381" threadId="0000000001BEEF00" bytesRequested="1168" />
<af-end id="6382" timestamp="2019-08-04T20:02:53.745" threadId="0000000001BEF888" success="true" />
<exclusive-end id="6383" timestamp="2019-08-04T20:02:53.745" durationms="13.846" />

<exclusive-start id="6384" timestamp="2019-08-04T20:02:53.748" intervalms="16.897">
  <response-info timems="0.148" idlems="0.086" threads="1" lastid="0000000001BFDF00" lastname="JIT Compilation Thread-3" />
</exclusive-start>
<af-start id="6385" threadId="0000000001BEF888" totalBytesRequested="1168" timestamp="2019-08-04T20:02:53.748" intervalms="16.882" />
<cycle-start id="6386" type="global" contextid="0" timestamp="2019-08-04T20:02:53.748" intervalms="16.882" />
  <attribute name="GC Util" value="685" />
  <attribute name="CPU Util" value="1541383895552" />
  <attribute name="Time Running"value="121357"/>
  <attribute name="Number of cores"value="16"/>
<gc-start id="6387" type="global" contextid="6386" timestamp="2019-08-04T20:02:53.749">
  <mem-info id="6388" free="460800" total="46137344" percent="0">
    <mem type="tenure" free="460800" total="46137344" percent="0">
      <mem type="soa" free="0" total="45676544" percent="0" />
      <mem type="loa" free="460800" total="460800" percent="100" />
    </mem>
  </mem-info>
</gc-start>
<allocation-stats totalBytes="27439952" >
  <allocated-bytes non-tlh="42048" tlh="27397904" />
  <largest-consumer threadName="main" threadId="0000000001BEEF00" bytes="27439952" />
</allocation-stats>
<gc-op id="6389" type="mark" timems="13.463" contextid="6386" timestamp="2019-08-04T20:02:53.762">
  <trace-info objectcount="596289" scancount="517300" scanbytes="13274156" />
  <finalization candidates="80" enqueued="0" />
  <ownableSynchronizers candidates="21" cleared="0" />
  <references type="soft" candidates="1843" cleared="0" enqueued="0" dynamicThreshold="19" maxThreshold="32" />
  <references type="weak" candidates="5788" cleared="0" enqueued="0" />
  <references type="phantom" candidates="97" cleared="0" enqueued="0" />
  <stringconstants candidates="13258" cleared="0"  />
</gc-op>
<gc-op id="6390" type="sweep" timems="3.015" contextid="6386" timestamp="2019-08-04T20:02:53.765" />
<gc-end id="6391" type="global" contextid="6386" durationms="16.647" usertimems="75.419" systemtimems="0.000" timestamp="2019-08-04T20:02:53.765" activeThreads="16">
  <mem-info id="6392" free="28087104" total="46137344" percent="60">
    <mem type="tenure" free="28087104" total="46137344" percent="60" micro-fragmented="84126" macro-fragmented="0">
      <mem type="soa" free="27626304" total="45676544" percent="60" />
      <mem type="loa" free="460800" total="460800" percent="100" />
    </mem>
  </mem-info>
</gc-end>
<cycle-end id="6393" type="global" contextid="6386" timestamp="2019-08-04T20:02:53.765">
  <attribute name="GC Util" value="506" />
  <attribute name="CPU Util" value="1367750692109" />
  <attribute name="Time Running"value="121375"/>
  <attribute name="Number of cores"value="16"/>
</cycle-end>
<allocation-satisfied id="6394" threadId="0000000001BEEF00" bytesRequested="1168" />
<af-end id="6395" timestamp="2019-08-04T20:02:53.765" threadId="0000000001BEF888" success="true" />
<exclusive-end id="6396" timestamp="2019-08-04T20:02:53.765" durationms="16.874" />

<exclusive-start id="6397" timestamp="2019-08-04T20:02:53.769" intervalms="20.706">
  <response-info timems="0.026" idlems="0.026" threads="0" lastid="0000000001BEEF00" lastname="main" />
</exclusive-start>
<af-start id="6398" threadId="0000000001BEF888" totalBytesRequested="1168" timestamp="2019-08-04T20:02:53.769" intervalms="20.711" />
<cycle-start id="6399" type="global" contextid="0" timestamp="2019-08-04T20:02:53.769" intervalms="20.713" />
  <attribute name="GC Util" value="506" />
  <attribute name="CPU Util" value="1367750692109" />
  <attribute name="Time Running"value="121375"/>
  <attribute name="Number of cores"value="16"/>
<gc-start id="6400" type="global" contextid="6399" timestamp="2019-08-04T20:02:53.769">
  <mem-info id="6401" free="460800" total="46137344" percent="0">
    <mem type="tenure" free="460800" total="46137344" percent="0">
      <mem type="soa" free="0" total="45676544" percent="0" />
      <mem type="loa" free="460800" total="460800" percent="100" />
    </mem>
  </mem-info>
</gc-start>
<allocation-stats totalBytes="27403536" >
  <allocated-bytes non-tlh="40880" tlh="27362656" />
  <largest-consumer threadName="main" threadId="0000000001BEEF00" bytes="27403536" />
</allocation-stats>
<gc-op id="6402" type="mark" timems="11.731" contextid="6399" timestamp="2019-08-04T20:02:53.781">
  <trace-info objectcount="596289" scancount="517299" scanbytes="13274184" />
  <finalization candidates="80" enqueued="0" />
  <ownableSynchronizers candidates="21" cleared="0" />
  <references type="soft" candidates="1843" cleared="0" enqueued="0" dynamicThreshold="19" maxThreshold="32" />
  <references type="weak" candidates="5788" cleared="0" enqueued="0" />
  <references type="phantom" candidates="97" cleared="0" enqueued="0" />
  <stringconstants candidates="13258" cleared="0"  />
</gc-op>
<gc-op id="6403" type="sweep" timems="2.391" contextid="6399" timestamp="2019-08-04T20:02:53.783" />
<gc-end id="6404" type="global" contextid="6399" durationms="14.296" usertimems="89.927" systemtimems="0.000" timestamp="2019-08-04T20:02:53.784" activeThreads="16">
  <mem-info id="6405" free="28087792" total="46137344" percent="60">
    <mem type="tenure" free="28087792" total="46137344" percent="60" micro-fragmented="84045" macro-fragmented="0">
      <mem type="soa" free="27626992" total="45676544" percent="60" />
      <mem type="loa" free="460800" total="460800" percent="100" />
    </mem>
  </mem-info>
</gc-end>
<cycle-end id="6406" type="global" contextid="6399" timestamp="2019-08-04T20:02:53.784">
  <attribute name="GC Util" value="703" />
  <attribute name="CPU Util" value="1569827088611" />
  <attribute name="Time Running"value="121394"/>
  <attribute name="Number of cores"value="16"/>
</cycle-end>
<allocation-satisfied id="6407" threadId="0000000001BEEF00" bytesRequested="1168" />
<af-end id="6408" timestamp="2019-08-04T20:02:53.784" threadId="0000000001BEF888" success="true" />
<exclusive-end id="6409" timestamp="2019-08-04T20:02:53.784" durationms="14.519" />

<exclusive-start id="6410" timestamp="2019-08-04T20:02:53.787" intervalms="17.607">
  <response-info timems="0.023" idlems="0.023" threads="0" lastid="0000000001BEEF00" lastname="main" />
</exclusive-start>
<af-start id="6411" threadId="0000000001BEF888" totalBytesRequested="1168" timestamp="2019-08-04T20:02:53.787" intervalms="17.606" />
<cycle-start id="6412" type="global" contextid="0" timestamp="2019-08-04T20:02:53.787" intervalms="17.612" />
  <attribute name="GC Util" value="703" />
  <attribute name="CPU Util" value="1569827088611" />
  <attribute name="Time Running"value="121394"/>
  <attribute name="Number of cores"value="16"/>
<gc-start id="6413" type="global" contextid="6412" timestamp="2019-08-04T20:02:53.787">
  <mem-info id="6414" free="460800" total="46137344" percent="0">
    <mem type="tenure" free="460800" total="46137344" percent="0">
      <mem type="soa" free="0" total="45676544" percent="0" />
      <mem type="loa" free="460800" total="460800" percent="100" />
    </mem>
  </mem-info>
</gc-start>
<allocation-stats totalBytes="27371760" >
  <allocated-bytes non-tlh="42048" tlh="27329712" />
  <largest-consumer threadName="main" threadId="0000000001BEEF00" bytes="27371760" />
</allocation-stats>
<gc-op id="6415" type="mark" timems="12.380" contextid="6412" timestamp="2019-08-04T20:02:53.799">
  <trace-info objectcount="596289" scancount="517301" scanbytes="13274184" />
  <finalization candidates="80" enqueued="0" />
  <ownableSynchronizers candidates="21" cleared="0" />
  <references type="soft" candidates="1843" cleared="0" enqueued="0" dynamicThreshold="19" maxThreshold="32" />
  <references type="weak" candidates="5788" cleared="0" enqueued="0" />
  <references type="phantom" candidates="97" cleared="0" enqueued="0" />
  <stringconstants candidates="13258" cleared="0"  />
</gc-op>
<gc-op id="6416" type="sweep" timems="2.058" contextid="6412" timestamp="2019-08-04T20:02:53.801" />
<gc-end id="6417" type="global" contextid="6412" durationms="14.641" usertimems="72.352" systemtimems="0.000" timestamp="2019-08-04T20:02:53.801" activeThreads="16">
  <mem-info id="6418" free="28087304" total="46137344" percent="60">
    <mem type="tenure" free="28087304" total="46137344" percent="60" micro-fragmented="84045" macro-fragmented="0">
      <mem type="soa" free="27626504" total="45676544" percent="60" />
      <mem type="loa" free="460800" total="460800" percent="100" />
    </mem>
  </mem-info>
</gc-end>
<cycle-end id="6419" type="global" contextid="6412" timestamp="2019-08-04T20:02:53.802">
  <attribute name="GC Util" value="532" />
  <attribute name="CPU Util" value="1488499204512" />
  <attribute name="Time Running"value="121412"/>
  <attribute name="Number of cores"value="16"/>
</cycle-end>
<allocation-satisfied id="6420" threadId="0000000001BEEF00" bytesRequested="1168" />
<af-end id="6421" timestamp="2019-08-04T20:02:53.802" threadId="0000000001BEF888" success="true" />
<exclusive-end id="6422" timestamp="2019-08-04T20:02:53.802" durationms="14.889" />

<exclusive-start id="6423" timestamp="2019-08-04T20:02:53.805" intervalms="18.568">
  <response-info timems="0.026" idlems="0.026" threads="0" lastid="0000000001BEEF00" lastname="main" />
</exclusive-start>
<af-start id="6424" threadId="0000000001BEF888" totalBytesRequested="1168" timestamp="2019-08-04T20:02:53.805" intervalms="18.570" />
<cycle-start id="6425" type="global" contextid="0" timestamp="2019-08-04T20:02:53.805" intervalms="18.563" />
  <attribute name="GC Util" value="532" />
  <attribute name="CPU Util" value="1488499204512" />
  <attribute name="Time Running"value="121412"/>
  <attribute name="Number of cores"value="16"/>
<gc-start id="6426" type="global" contextid="6425" timestamp="2019-08-04T20:02:53.805">
  <mem-info id="6427" free="460800" total="46137344" percent="0">
    <mem type="tenure" free="460800" total="46137344" percent="0">
      <mem type="soa" free="0" total="45676544" percent="0" />
      <mem type="loa" free="460800" total="460800" percent="100" />
    </mem>
  </mem-info>
</gc-start>
<allocation-stats totalBytes="27379848" >
  <allocated-bytes non-tlh="40880" tlh="27338968" />
  <largest-consumer threadName="main" threadId="0000000001BEEF00" bytes="27379848" />
</allocation-stats>
<gc-op id="6428" type="mark" timems="12.576" contextid="6425" timestamp="2019-08-04T20:02:53.818">
  <trace-info objectcount="596290" scancount="517298" scanbytes="13274208" />
  <finalization candidates="80" enqueued="0" />
  <ownableSynchronizers candidates="21" cleared="0" />
  <references type="soft" candidates="1843" cleared="0" enqueued="0" dynamicThreshold="19" maxThreshold="32" />
  <references type="weak" candidates="5788" cleared="0" enqueued="0" />
  <references type="phantom" candidates="97" cleared="0" enqueued="0" />
  <stringconstants candidates="13258" cleared="0"  />
</gc-op>
<gc-op id="6429" type="sweep" timems="2.174" contextid="6425" timestamp="2019-08-04T20:02:53.820" />
<gc-end id="6430" type="global" contextid="6425" durationms="14.913" usertimems="69.165" systemtimems="0.000" timestamp="2019-08-04T20:02:53.820" activeThreads="16">
  <mem-info id="6431" free="28087768" total="46137344" percent="60">
    <mem type="tenure" free="28087768" total="46137344" percent="60" micro-fragmented="84045" macro-fragmented="0">
      <mem type="soa" free="27626968" total="45676544" percent="60" />
      <mem type="loa" free="460800" total="460800" percent="100" />
    </mem>
  </mem-info>
</gc-end>
<cycle-end id="6432" type="global" contextid="6425" timestamp="2019-08-04T20:02:53.820">
  <attribute name="GC Util" value="491" />
  <attribute name="CPU Util" value="1465598426585" />
  <attribute name="Time Running"value="121431"/>
  <attribute name="Number of cores"value="16"/>
</cycle-end>
<allocation-satisfied id="6433" threadId="0000000001BEEF00" bytesRequested="1168" />
<af-end id="6434" timestamp="2019-08-04T20:02:53.820" threadId="0000000001BEF888" success="true" />
<exclusive-end id="6435" timestamp="2019-08-04T20:02:53.820" durationms="15.129" />

<exclusive-start id="6436" timestamp="2019-08-04T20:02:53.823" intervalms="18.225">
  <response-info timems="0.143" idlems="0.082" threads="1" lastid="0000000001BFDF00" lastname="JIT Compilation Thread-3" />
</exclusive-start>
<af-start id="6437" threadId="0000000001BEF888" totalBytesRequested="1168" timestamp="2019-08-04T20:02:53.824" intervalms="18.218" />
<cycle-start id="6438" type="global" contextid="0" timestamp="2019-08-04T20:02:53.824" intervalms="18.216" />
  <attribute name="GC Util" value="491" />
  <attribute name="CPU Util" value="1465598426585" />
  <attribute name="Time Running"value="121431"/>
  <attribute name="Number of cores"value="16"/>
<gc-start id="6439" type="global" contextid="6438" timestamp="2019-08-04T20:02:53.824">
  <mem-info id="6440" free="460800" total="46137344" percent="0">
    <mem type="tenure" free="460800" total="46137344" percent="0">
      <mem type="soa" free="0" total="45676544" percent="0" />
      <mem type="loa" free="460800" total="460800" percent="100" />
    </mem>
  </mem-info>
</gc-start>
<allocation-stats totalBytes="27383608" >
  <allocated-bytes non-tlh="40880" tlh="27342728" />
  <largest-consumer threadName="main" threadId="0000000001BEEF00" bytes="27383608" />
</allocation-stats>
<gc-op id="6441" type="mark" timems="9.209" contextid="6438" timestamp="2019-08-04T20:02:53.833">
  <trace-info objectcount="596290" scancount="517301" scanbytes="13274208" />
  <finalization candidates="80" enqueued="0" />
  <ownableSynchronizers candidates="21" cleared="0" />
  <references type="soft" candidates="1843" cleared="0" enqueued="0" dynamicThreshold="19" maxThreshold="32" />
  <references type="weak" candidates="5788" cleared="0" enqueued="0" />
  <references type="phantom" candidates="97" cleared="0" enqueued="0" />
  <stringconstants candidates="13258" cleared="0"  />
</gc-op>
<gc-op id="6442" type="sweep" timems="2.002" contextid="6438" timestamp="2019-08-04T20:02:53.835" />
<gc-end id="6443" type="global" contextid="6438" durationms="11.371" usertimems="59.668" systemtimems="0.000" timestamp="2019-08-04T20:02:53.835" activeThreads="16">
  <mem-info id="6444" free="28087304" total="46137344" percent="60">
    <mem type="tenure" free="28087304" total="46137344" percent="60" micro-fragmented="84073" macro-fragmented="0">
      <mem type="soa" free="27626504" total="45676544" percent="60" />
      <mem type="loa" free="460800" total="460800" percent="100" />
    </mem>
  </mem-info>
</gc-end>
<cycle-end id="6445" type="global" contextid="6438" timestamp="2019-08-04T20:02:53.835">
  <attribute name="GC Util" value="566" />
  <attribute name="CPU Util" value="1998524124322" />
  <attribute name="Time Running"value="121446"/>
  <attribute name="Number of cores"value="16"/>
</cycle-end>
<allocation-satisfied id="6446" threadId="0000000001BEEF00" bytesRequested="1168" />
<af-end id="6447" timestamp="2019-08-04T20:02:53.835" threadId="0000000001BEF888" success="true" />
<exclusive-end id="6448" timestamp="2019-08-04T20:02:53.835" durationms="11.572" />

<exclusive-start id="6449" timestamp="2019-08-04T20:02:53.838" intervalms="14.720">
  <response-info timems="0.043" idlems="0.043" threads="0" lastid="0000000001BEEF00" lastname="main" />
</exclusive-start>
<af-start id="6450" threadId="0000000001BEF888" totalBytesRequested="1168" timestamp="2019-08-04T20:02:53.838" intervalms="14.731" />
<cycle-start id="6451" type="global" contextid="0" timestamp="2019-08-04T20:02:53.838" intervalms="14.732" />
  <attribute name="GC Util" value="566" />
  <attribute name="CPU Util" value="1998524124322" />
  <attribute name="Time Running"value="121446"/>
  <attribute name="Number of cores"value="16"/>
<gc-start id="6452" type="global" contextid="6451" timestamp="2019-08-04T20:02:53.838">
  <mem-info id="6453" free="460800" total="46137344" percent="0">
    <mem type="tenure" free="460800" total="46137344" percent="0">
      <mem type="soa" free="0" total="45676544" percent="0" />
      <mem type="loa" free="460800" total="460800" percent="100" />
    </mem>
  </mem-info>
</gc-start>
<allocation-stats totalBytes="27381104" >
  <allocated-bytes non-tlh="40880" tlh="27340224" />
  <largest-consumer threadName="main" threadId="0000000001BEEF00" bytes="27381104" />
</allocation-stats>
<gc-op id="6454" type="mark" timems="9.571" contextid="6451" timestamp="2019-08-04T20:02:53.848">
  <trace-info objectcount="596290" scancount="517299" scanbytes="13274208" />
  <finalization candidates="80" enqueued="0" />
  <ownableSynchronizers candidates="21" cleared="0" />
  <references type="soft" candidates="1843" cleared="0" enqueued="0" dynamicThreshold="19" maxThreshold="32" />
  <references type="weak" candidates="5788" cleared="0" enqueued="0" />
  <references type="phantom" candidates="97" cleared="0" enqueued="0" />
  <stringconstants candidates="13258" cleared="0"  />
</gc-op>
<gc-op id="6455" type="sweep" timems="1.645" contextid="6451" timestamp="2019-08-04T20:02:53.850" />
<gc-end id="6456" type="global" contextid="6451" durationms="11.378" usertimems="59.869" systemtimems="0.000" timestamp="2019-08-04T20:02:53.850" activeThreads="16">
  <mem-info id="6457" free="28087304" total="46137344" percent="60">
    <mem type="tenure" free="28087304" total="46137344" percent="60" micro-fragmented="84045" macro-fragmented="0">
      <mem type="soa" free="27626504" total="45676544" percent="60" />
      <mem type="loa" free="460800" total="460800" percent="100" />
    </mem>
  </mem-info>
</gc-end>
<cycle-end id="6458" type="global" contextid="6451" timestamp="2019-08-04T20:02:53.850">
  <attribute name="GC Util" value="574" />
  <attribute name="CPU Util" value="1926786254988" />
  <attribute name="Time Running"value="121461"/>
  <attribute name="Number of cores"value="16"/>
</cycle-end>
<allocation-satisfied id="6459" threadId="0000000001BEEF00" bytesRequested="1168" />
<af-end id="6460" timestamp="2019-08-04T20:02:53.850" threadId="0000000001BEF888" success="true" />
<exclusive-end id="6461" timestamp="2019-08-04T20:02:53.850" durationms="11.587" />

<exclusive-start id="6462" timestamp="2019-08-04T20:02:53.853" intervalms="14.876">
  <response-info timems="0.023" idlems="0.023" threads="0" lastid="0000000001BEEF00" lastname="main" />
</exclusive-start>
<af-start id="6463" threadId="0000000001BEF888" totalBytesRequested="1168" timestamp="2019-08-04T20:02:53.853" intervalms="14.865" />
<cycle-start id="6464" type="global" contextid="0" timestamp="2019-08-04T20:02:53.853" intervalms="14.864" />
  <attribute name="GC Util" value="574" />
  <attribute name="CPU Util" value="1926786254988" />
  <attribute name="Time Running"value="121461"/>
  <attribute name="Number of cores"value="16"/>
<gc-start id="6465" type="global" contextid="6464" timestamp="2019-08-04T20:02:53.853">
  <mem-info id="6466" free="460800" total="46137344" percent="0">
    <mem type="tenure" free="460800" total="46137344" percent="0">
      <mem type="soa" free="0" total="45676544" percent="0" />
      <mem type="loa" free="460800" total="460800" percent="100" />
    </mem>
  </mem-info>
</gc-start>
<allocation-stats totalBytes="27383608" >
  <allocated-bytes non-tlh="40880" tlh="27342728" />
  <largest-consumer threadName="main" threadId="0000000001BEEF00" bytes="27383608" />
</allocation-stats>
<gc-op id="6467" type="mark" timems="12.971" contextid="6464" timestamp="2019-08-04T20:02:53.866">
  <trace-info objectcount="596290" scancount="517298" scanbytes="13274208" />
  <finalization candidates="80" enqueued="0" />
  <ownableSynchronizers candidates="21" cleared="0" />
  <references type="soft" candidates="1843" cleared="0" enqueued="0" dynamicThreshold="19" maxThreshold="32" />
  <references type="weak" candidates="5788" cleared="0" enqueued="0" />
  <references type="phantom" candidates="97" cleared="0" enqueued="0" />
  <stringconstants candidates="13258" cleared="0"  />
</gc-op>
<gc-op id="6468" type="sweep" timems="1.689" contextid="6464" timestamp="2019-08-04T20:02:53.868" />
<gc-end id="6469" type="global" contextid="6464" durationms="14.854" usertimems="61.549" systemtimems="0.000" timestamp="2019-08-04T20:02:53.868" activeThreads="16">
  <mem-info id="6470" free="28087768" total="46137344" percent="60">
    <mem type="tenure" free="28087768" total="46137344" percent="60" micro-fragmented="84045" macro-fragmented="0">
      <mem type="soa" free="27626968" total="45676544" percent="60" />
      <mem type="loa" free="460800" total="460800" percent="100" />
    </mem>
  </mem-info>
</gc-end>
<cycle-end id="6471" type="global" contextid="6464" timestamp="2019-08-04T20:02:53.868">
  <attribute name="GC Util" value="432" />
  <attribute name="CPU Util" value="1420654949564" />
  <attribute name="Time Running"value="121479"/>
  <attribute name="Number of cores"value="16"/>
</cycle-end>
<allocation-satisfied id="6472" threadId="0000000001BEEF00" bytesRequested="1168" />
<af-end id="6473" timestamp="2019-08-04T20:02:53.868" threadId="0000000001BEF888" success="true" />
<exclusive-end id="6474" timestamp="2019-08-04T20:02:53.868" durationms="15.089" />

<exclusive-start id="6475" timestamp="2019-08-04T20:02:53.872" intervalms="18.710">
  <response-info timems="0.075" idlems="0.075" threads="0" lastid="0000000001BEEF00" lastname="main" />
</exclusive-start>
<af-start id="6476" threadId="0000000001BEF888" totalBytesRequested="1168" timestamp="2019-08-04T20:02:53.872" intervalms="18.734" />
<cycle-start id="6477" type="global" contextid="0" timestamp="2019-08-04T20:02:53.872" intervalms="18.749" />
  <attribute name="GC Util" value="432" />
  <attribute name="CPU Util" value="1420654949564" />
  <attribute name="Time Running"value="121479"/>
  <attribute name="Number of cores"value="16"/>
<gc-start id="6478" type="global" contextid="6477" timestamp="2019-08-04T20:02:53.872">
  <mem-info id="6479" free="460800" total="46137344" percent="0">
    <mem type="tenure" free="460800" total="46137344" percent="0">
      <mem type="soa" free="0" total="45676544" percent="0" />
      <mem type="loa" free="460800" total="460800" percent="100" />
    </mem>
  </mem-info>
</gc-start>
<allocation-stats totalBytes="27381104" >
  <allocated-bytes non-tlh="40880" tlh="27340224" />
  <largest-consumer threadName="main" threadId="0000000001BEEF00" bytes="27381104" />
</allocation-stats>
<gc-op id="6480" type="mark" timems="10.444" contextid="6477" timestamp="2019-08-04T20:02:53.882">
  <trace-info objectcount="596290" scancount="517300" scanbytes="13274208" />
  <finalization candidates="80" enqueued="0" />
  <ownableSynchronizers candidates="21" cleared="0" />
  <references type="soft" candidates="1843" cleared="0" enqueued="0" dynamicThreshold="19" maxThreshold="32" />
  <references type="weak" candidates="5788" cleared="0" enqueued="0" />
  <references type="phantom" candidates="97" cleared="0" enqueued="0" />
  <stringconstants candidates="13258" cleared="0"  />
</gc-op>
<gc-op id="6481" type="sweep" timems="1.594" contextid="6477" timestamp="2019-08-04T20:02:53.884" />
<gc-end id="6482" type="global" contextid="6477" durationms="12.253" usertimems="66.347" systemtimems="0.000" timestamp="2019-08-04T20:02:53.884" activeThreads="16">
  <mem-info id="6483" free="28087280" total="46137344" percent="60">
    <mem type="tenure" free="28087280" total="46137344" percent="60" micro-fragmented="84073" macro-fragmented="0">
      <mem type="soa" free="27626480" total="45676544" percent="60" />
      <mem type="loa" free="460800" total="460800" percent="100" />
    </mem>
  </mem-info>
</gc-end>
<cycle-end id="6484" type="global" contextid="6477" timestamp="2019-08-04T20:02:53.884">
  <attribute name="GC Util" value="585" />
  <attribute name="CPU Util" value="1770220436650" />
  <attribute name="Time Running"value="121496"/>
  <attribute name="Number of cores"value="16"/>
</cycle-end>
<allocation-satisfied id="6485" threadId="0000000001BEEF00" bytesRequested="1168" />
<af-end id="6486" timestamp="2019-08-04T20:02:53.884" threadId="0000000001BEF888" success="true" />
<exclusive-end id="6487" timestamp="2019-08-04T20:02:53.884" durationms="12.496" />

<exclusive-start id="6488" timestamp="2019-08-04T20:02:53.888" intervalms="16.598">
  <response-info timems="0.302" idlems="0.165" threads="1" lastid="0000000001BFDF00" lastname="JIT Compilation Thread-3" />
</exclusive-start>
<af-start id="6489" threadId="0000000001BEF888" totalBytesRequested="1168" timestamp="2019-08-04T20:02:53.888" intervalms="16.580" />
<cycle-start id="6490" type="global" contextid="0" timestamp="2019-08-04T20:02:53.888" intervalms="16.565" />
  <attribute name="GC Util" value="585" />
  <attribute name="CPU Util" value="1770220436650" />
  <attribute name="Time Running"value="121496"/>
  <attribute name="Number of cores"value="16"/>
<gc-start id="6491" type="global" contextid="6490" timestamp="2019-08-04T20:02:53.889">
  <mem-info id="6492" free="460800" total="46137344" percent="0">
    <mem type="tenure" free="460800" total="46137344" percent="0">
      <mem type="soa" free="0" total="45676544" percent="0" />
      <mem type="loa" free="460800" total="460800" percent="100" />
    </mem>
  </mem-info>
</gc-start>
<allocation-stats totalBytes="27383608" >
  <allocated-bytes non-tlh="40880" tlh="27342728" />
  <largest-consumer threadName="main" threadId="0000000001BEEF00" bytes="27383608" />
</allocation-stats>
<gc-op id="6493" type="mark" timems="10.041" contextid="6490" timestamp="2019-08-04T20:02:53.899">
  <trace-info objectcount="596290" scancount="517302" scanbytes="13274208" />
  <finalization candidates="80" enqueued="0" />
  <ownableSynchronizers candidates="21" cleared="0" />
  <references type="soft" candidates="1843" cleared="0" enqueued="0" dynamicThreshold="19" maxThreshold="32" />
  <references type="weak" candidates="5788" cleared="0" enqueued="0" />
  <references type="phantom" candidates="97" cleared="0" enqueued="0" />
  <stringconstants candidates="13258" cleared="0"  />
</gc-op>
<gc-op id="6494" type="sweep" timems="1.931" contextid="6490" timestamp="2019-08-04T20:02:53.901" />
<gc-end id="6495" type="global" contextid="6490" durationms="12.155" usertimems="71.632" systemtimems="0.000" timestamp="2019-08-04T20:02:53.901" activeThreads="16">
  <mem-info id="6496" free="28087328" total="46137344" percent="60">
    <mem type="tenure" free="28087328" total="46137344" percent="60" micro-fragmented="84045" macro-fragmented="0">
      <mem type="soa" free="27626528" total="45676544" percent="60" />
      <mem type="loa" free="460800" total="460800" percent="100" />
    </mem>
  </mem-info>
</gc-end>
<cycle-end id="6497" type="global" contextid="6490" timestamp="2019-08-04T20:02:53.901">
  <attribute name="GC Util" value="658" />
  <attribute name="CPU Util" value="1836012747247" />
  <attribute name="Time Running"value="121512"/>
  <attribute name="Number of cores"value="16"/>
</cycle-end>
<allocation-satisfied id="6498" threadId="0000000001BEEF00" bytesRequested="1168" />
<af-end id="6499" timestamp="2019-08-04T20:02:53.901" threadId="0000000001BEF888" success="true" />
<exclusive-end id="6500" timestamp="2019-08-04T20:02:53.901" durationms="12.370" />

<exclusive-start id="6501" timestamp="2019-08-04T20:02:53.904" intervalms="15.993">
  <response-info timems="0.183" idlems="0.105" threads="1" lastid="0000000001BFDF00" lastname="JIT Compilation Thread-3" />
</exclusive-start>
<af-start id="6502" threadId="0000000001BEF888" totalBytesRequested="1168" timestamp="2019-08-04T20:02:53.904" intervalms="16.001" />
<cycle-start id="6503" type="global" contextid="0" timestamp="2019-08-04T20:02:53.904" intervalms="16.011" />
  <attribute name="GC Util" value="658" />
  <attribute name="CPU Util" value="1836012747247" />
  <attribute name="Time Running"value="121512"/>
  <attribute name="Number of cores"value="16"/>
<gc-start id="6504" type="global" contextid="6503" timestamp="2019-08-04T20:02:53.905">
  <mem-info id="6505" free="460800" total="46137344" percent="0">
    <mem type="tenure" free="460800" total="46137344" percent="0">
      <mem type="soa" free="0" total="45676544" percent="0" />
      <mem type="loa" free="460800" total="460800" percent="100" />
    </mem>
  </mem-info>
</gc-start>
<allocation-stats totalBytes="27381104" >
  <allocated-bytes non-tlh="40880" tlh="27340224" />
  <largest-consumer threadName="main" threadId="0000000001BEEF00" bytes="27381104" />
</allocation-stats>
<gc-op id="6506" type="mark" timems="13.269" contextid="6503" timestamp="2019-08-04T20:02:53.918">
  <trace-info objectcount="596290" scancount="517303" scanbytes="13274208" />
  <finalization candidates="80" enqueued="0" />
  <ownableSynchronizers candidates="21" cleared="0" />
  <references type="soft" candidates="1843" cleared="0" enqueued="0" dynamicThreshold="19" maxThreshold="32" />
  <references type="weak" candidates="5788" cleared="0" enqueued="0" />
  <references type="phantom" candidates="97" cleared="0" enqueued="0" />
  <stringconstants candidates="13258" cleared="0"  />
</gc-op>
<gc-op id="6507" type="sweep" timems="2.935" contextid="6503" timestamp="2019-08-04T20:02:53.921" />
<gc-end id="6508" type="global" contextid="6503" durationms="16.396" usertimems="81.205" systemtimems="0.000" timestamp="2019-08-04T20:02:53.921" activeThreads="16">
  <mem-info id="6509" free="28087768" total="46137344" percent="60">
    <mem type="tenure" free="28087768" total="46137344" percent="60" micro-fragmented="84045" macro-fragmented="0">
      <mem type="soa" free="27626968" total="45676544" percent="60" />
      <mem type="loa" free="460800" total="460800" percent="100" />
    </mem>
  </mem-info>
</gc-end>
<cycle-end id="6510" type="global" contextid="6503" timestamp="2019-08-04T20:02:53.921">
  <attribute name="GC Util" value="555" />
  <attribute name="CPU Util" value="1389723014978" />
  <attribute name="Time Running"value="121531"/>
  <attribute name="Number of cores"value="16"/>
</cycle-end>
<allocation-satisfied id="6511" threadId="0000000001BEEF00" bytesRequested="1168" />
<af-end id="6512" timestamp="2019-08-04T20:02:53.921" threadId="0000000001BEF888" success="true" />
<exclusive-end id="6513" timestamp="2019-08-04T20:02:53.921" durationms="16.632" />

<exclusive-start id="6514" timestamp="2019-08-04T20:02:53.925" intervalms="20.217">
  <response-info timems="0.024" idlems="0.024" threads="0" lastid="0000000001BEEF00" lastname="main" />
</exclusive-start>
<af-start id="6515" threadId="0000000001BEF888" totalBytesRequested="1168" timestamp="2019-08-04T20:02:53.925" intervalms="20.216" />
<cycle-start id="6516" type="global" contextid="0" timestamp="2019-08-04T20:02:53.925" intervalms="20.213" />
  <attribute name="GC Util" value="555" />
  <attribute name="CPU Util" value="1389723014978" />
  <attribute name="Time Running"value="121531"/>
  <attribute name="Number of cores"value="16"/>
<gc-start id="6517" type="global" contextid="6516" timestamp="2019-08-04T20:02:53.925">
  <mem-info id="6518" free="460800" total="46137344" percent="0">
    <mem type="tenure" free="460800" total="46137344" percent="0">
      <mem type="soa" free="0" total="45676544" percent="0" />
      <mem type="loa" free="460800" total="460800" percent="100" />
    </mem>
  </mem-info>
</gc-start>
<allocation-stats totalBytes="27383608" >
  <allocated-bytes non-tlh="40880" tlh="27342728" />
  <largest-consumer threadName="main" threadId="0000000001BEEF00" bytes="27383608" />
</allocation-stats>
<gc-op id="6519" type="mark" timems="10.808" contextid="6516" timestamp="2019-08-04T20:02:53.936">
  <trace-info objectcount="596290" scancount="517299" scanbytes="13274208" />
  <finalization candidates="80" enqueued="0" />
  <ownableSynchronizers candidates="21" cleared="0" />
  <references type="soft" candidates="1843" cleared="0" enqueued="0" dynamicThreshold="19" maxThreshold="32" />
  <references type="weak" candidates="5788" cleared="0" enqueued="0" />
  <references type="phantom" candidates="97" cleared="0" enqueued="0" />
  <stringconstants candidates="13258" cleared="0"  />
</gc-op>
<gc-op id="6520" type="sweep" timems="1.886" contextid="6516" timestamp="2019-08-04T20:02:53.938" />
<gc-end id="6521" type="global" contextid="6516" durationms="12.855" usertimems="71.957" systemtimems="0.000" timestamp="2019-08-04T20:02:53.938" activeThreads="16">
  <mem-info id="6522" free="28087304" total="46137344" percent="60">
    <mem type="tenure" free="28087304" total="46137344" percent="60" micro-fragmented="84073" macro-fragmented="0">
      <mem type="soa" free="27626504" total="45676544" percent="60" />
      <mem type="loa" free="460800" total="460800" percent="100" />
    </mem>
  </mem-info>
</gc-end>
<cycle-end id="6523" type="global" contextid="6516" timestamp="2019-08-04T20:02:53.938">
  <attribute name="GC Util" value="604" />
  <attribute name="CPU Util" value="1701874760082" />
  <attribute name="Time Running"value="121549"/>
  <attribute name="Number of cores"value="16"/>
</cycle-end>
<allocation-satisfied id="6524" threadId="0000000001BEEF00" bytesRequested="1168" />
<af-end id="6525" timestamp="2019-08-04T20:02:53.938" threadId="0000000001BEF888" success="true" />
<exclusive-end id="6526" timestamp="2019-08-04T20:02:53.938" durationms="13.077" />

<exclusive-start id="6527" timestamp="2019-08-04T20:02:53.941" intervalms="16.135">
  <response-info timems="0.042" idlems="0.042" threads="0" lastid="0000000001BEEF00" lastname="main" />
</exclusive-start>
<af-start id="6528" threadId="0000000001BEF888" totalBytesRequested="1168" timestamp="2019-08-04T20:02:53.941" intervalms="16.118" />
<cycle-start id="6529" type="global" contextid="0" timestamp="2019-08-04T20:02:53.941" intervalms="16.112" />
  <attribute name="GC Util" value="604" />
  <attribute name="CPU Util" value="1701874760082" />
  <attribute name="Time Running"value="121549"/>
  <attribute name="Number of cores"value="16"/>
<gc-start id="6530" type="global" contextid="6529" timestamp="2019-08-04T20:02:53.941">
  <mem-info id="6531" free="460800" total="46137344" percent="0">
    <mem type="tenure" free="460800" total="46137344" percent="0">
      <mem type="soa" free="0" total="45676544" percent="0" />
      <mem type="loa" free="460800" total="460800" percent="100" />
    </mem>
  </mem-info>
</gc-start>
<allocation-stats totalBytes="27382344" >
  <allocated-bytes non-tlh="40880" tlh="27341464" />
  <largest-consumer threadName="main" threadId="0000000001BEEF00" bytes="27382344" />
</allocation-stats>
<gc-op id="6532" type="mark" timems="10.678" contextid="6529" timestamp="2019-08-04T20:02:53.952">
  <trace-info objectcount="596290" scancount="517295" scanbytes="13274208" />
  <finalization candidates="80" enqueued="0" />
  <ownableSynchronizers candidates="21" cleared="0" />
  <references type="soft" candidates="1843" cleared="0" enqueued="0" dynamicThreshold="19" maxThreshold="32" />
  <references type="weak" candidates="5788" cleared="0" enqueued="0" />
  <references type="phantom" candidates="97" cleared="0" enqueued="0" />
  <stringconstants candidates="13258" cleared="0"  />
</gc-op>
<gc-op id="6533" type="sweep" timems="2.530" contextid="6529" timestamp="2019-08-04T20:02:53.954" />
<gc-end id="6534" type="global" contextid="6529" durationms="13.424" usertimems="83.148" systemtimems="0.000" timestamp="2019-08-04T20:02:53.954" activeThreads="16">
  <mem-info id="6535" free="28087304" total="46137344" percent="60">
    <mem type="tenure" free="28087304" total="46137344" percent="60" micro-fragmented="84045" macro-fragmented="0">
      <mem type="soa" free="27626504" total="45676544" percent="60" />
      <mem type="loa" free="460800" total="460800" percent="100" />
    </mem>
  </mem-info>
</gc-end>
<cycle-end id="6536" type="global" contextid="6529" timestamp="2019-08-04T20:02:53.954">
  <attribute name="GC Util" value="671" />
  <attribute name="CPU Util" value="1721481156280" />
  <attribute name="Time Running"value="121565"/>
  <attribute name="Number of cores"value="16"/>
</cycle-end>
<allocation-satisfied id="6537" threadId="0000000001BEEF00" bytesRequested="1168" />
<af-end id="6538" timestamp="2019-08-04T20:02:53.954" threadId="0000000001BEF888" success="true" />
<exclusive-end id="6539" timestamp="2019-08-04T20:02:53.954" durationms="13.624" />

<exclusive-start id="6540" timestamp="2019-08-04T20:02:53.957" intervalms="16.725">
  <response-info timems="0.065" idlems="0.065" threads="0" lastid="0000000001BEEF00" lastname="main" />
</exclusive-start>
<af-start id="6541" threadId="0000000001BEF888" totalBytesRequested="1168" timestamp="2019-08-04T20:02:53.958" intervalms="16.730" />
<cycle-start id="6542" type="global" contextid="0" timestamp="2019-08-04T20:02:53.958" intervalms="16.729" />
  <attribute name="GC Util" value="671" />
  <attribute name="CPU Util" value="1721481156280" />
  <attribute name="Time Running"value="121565"/>
  <attribute name="Number of cores"value="16"/>
<gc-start id="6543" type="global" contextid="6542" timestamp="2019-08-04T20:02:53.958">
  <mem-info id="6544" free="460800" total="46137344" percent="0">
    <mem type="tenure" free="460800" total="46137344" percent="0">
      <mem type="soa" free="0" total="45676544" percent="0" />
      <mem type="loa" free="460800" total="460800" percent="100" />
    </mem>
  </mem-info>
</gc-start>
<allocation-stats totalBytes="27383608" >
  <allocated-bytes non-tlh="40880" tlh="27342728" />
  <largest-consumer threadName="main" threadId="0000000001BEEF00" bytes="27383608" />
</allocation-stats>
<gc-op id="6545" type="mark" timems="11.006" contextid="6542" timestamp="2019-08-04T20:02:53.969">
  <trace-info objectcount="596290" scancount="517300" scanbytes="13274208" />
  <finalization candidates="80" enqueued="0" />
  <ownableSynchronizers candidates="21" cleared="0" />
  <references type="soft" candidates="1843" cleared="0" enqueued="0" dynamicThreshold="19" maxThreshold="32" />
  <references type="weak" candidates="5788" cleared="0" enqueued="0" />
  <references type="phantom" candidates="97" cleared="0" enqueued="0" />
  <stringconstants candidates="13258" cleared="0"  />
</gc-op>
<gc-op id="6546" type="sweep" timems="3.191" contextid="6542" timestamp="2019-08-04T20:02:53.972" />
<gc-end id="6547" type="global" contextid="6542" durationms="14.398" usertimems="74.320" systemtimems="0.000" timestamp="2019-08-04T20:02:53.972" activeThreads="16">
  <mem-info id="6548" free="28087768" total="46137344" percent="60">
    <mem type="tenure" free="28087768" total="46137344" percent="60" micro-fragmented="84045" macro-fragmented="0">
      <mem type="soa" free="27626968" total="45676544" percent="60" />
      <mem type="loa" free="460800" total="460800" percent="100" />
    </mem>
  </mem-info>
</gc-end>
<cycle-end id="6549" type="global" contextid="6542" timestamp="2019-08-04T20:02:53.972">
  <attribute name="GC Util" value="598" />
  <attribute name="CPU Util" value="1673408019202" />
  <attribute name="Time Running"value="121582"/>
  <attribute name="Number of cores"value="16"/>
</cycle-end>
<allocation-satisfied id="6550" threadId="0000000001BEEF00" bytesRequested="1168" />
<af-end id="6551" timestamp="2019-08-04T20:02:53.972" threadId="0000000001BEF888" success="true" />
<exclusive-end id="6552" timestamp="2019-08-04T20:02:53.972" durationms="14.611" />

<exclusive-start id="6553" timestamp="2019-08-04T20:02:53.976" intervalms="18.753">
  <response-info timems="0.192" idlems="0.108" threads="1" lastid="0000000001BFDF00" lastname="JIT Compilation Thread-3" />
</exclusive-start>
<af-start id="6554" threadId="0000000001BEF888" totalBytesRequested="1168" timestamp="2019-08-04T20:02:53.976" intervalms="18.756" />
<cycle-start id="6555" type="global" contextid="0" timestamp="2019-08-04T20:02:53.976" intervalms="18.758" />
  <attribute name="GC Util" value="598" />
  <attribute name="CPU Util" value="1673408019202" />
  <attribute name="Time Running"value="121582"/>
  <attribute name="Number of cores"value="16"/>
<gc-start id="6556" type="global" contextid="6555" timestamp="2019-08-04T20:02:53.976">
  <mem-info id="6557" free="460800" total="46137344" percent="0">
    <mem type="tenure" free="460800" total="46137344" percent="0">
      <mem type="soa" free="0" total="45676544" percent="0" />
      <mem type="loa" free="460800" total="460800" percent="100" />
    </mem>
  </mem-info>
</gc-start>
<allocation-stats totalBytes="27382344" >
  <allocated-bytes non-tlh="40880" tlh="27341464" />
  <largest-consumer threadName="main" threadId="0000000001BEEF00" bytes="27382344" />
</allocation-stats>
<gc-op id="6558" type="mark" timems="9.876" contextid="6555" timestamp="2019-08-04T20:02:53.986">
  <trace-info objectcount="596290" scancount="517300" scanbytes="13274208" />
  <finalization candidates="80" enqueued="0" />
  <ownableSynchronizers candidates="21" cleared="0" />
  <references type="soft" candidates="1843" cleared="0" enqueued="0" dynamicThreshold="19" maxThreshold="32" />
  <references type="weak" candidates="5788" cleared="0" enqueued="0" />
  <references type="phantom" candidates="97" cleared="0" enqueued="0" />
  <stringconstants candidates="13258" cleared="0"  />
</gc-op>
<gc-op id="6559" type="sweep" timems="3.338" contextid="6555" timestamp="2019-08-04T20:02:53.990" />
<gc-end id="6560" type="global" contextid="6555" durationms="13.417" usertimems="67.070" systemtimems="0.000" timestamp="2019-08-04T20:02:53.990" activeThreads="16">
  <mem-info id="6561" free="28087280" total="46137344" percent="60">
    <mem type="tenure" free="28087280" total="46137344" percent="60" micro-fragmented="84073" macro-fragmented="0">
      <mem type="soa" free="27626480" total="45676544" percent="60" />
      <mem type="loa" free="460800" total="460800" percent="100" />
    </mem>
  </mem-info>
</gc-end>
<cycle-end id="6562" type="global" contextid="6555" timestamp="2019-08-04T20:02:53.990">
  <attribute name="GC Util" value="602" />
  <attribute name="CPU Util" value="1863433128597" />
  <attribute name="Time Running"value="121599"/>
  <attribute name="Number of cores"value="16"/>
</cycle-end>
<allocation-satisfied id="6563" threadId="0000000001BEEF00" bytesRequested="1168" />
<af-end id="6564" timestamp="2019-08-04T20:02:53.990" threadId="0000000001BEF888" success="true" />
<exclusive-end id="6565" timestamp="2019-08-04T20:02:53.990" durationms="13.642" />

<exclusive-start id="6566" timestamp="2019-08-04T20:02:53.999" intervalms="23.148">
  <response-info timems="0.059" idlems="0.059" threads="0" lastid="0000000001BEEF00" lastname="main" />
</exclusive-start>
<af-start id="6567" threadId="0000000001BEF888" totalBytesRequested="24" timestamp="2019-08-04T20:02:53.999" intervalms="23.155" />
<cycle-start id="6568" type="global" contextid="0" timestamp="2019-08-04T20:02:53.999" intervalms="23.156" />
  <attribute name="GC Util" value="602" />
  <attribute name="CPU Util" value="1863433128597" />
  <attribute name="Time Running"value="121599"/>
  <attribute name="Number of cores"value="16"/>
<gc-start id="6569" type="global" contextid="6568" timestamp="2019-08-04T20:02:54.000">
  <mem-info id="6570" free="460800" total="46137344" percent="0">
    <mem type="tenure" free="460800" total="46137344" percent="0">
      <mem type="soa" free="0" total="45676544" percent="0" />
      <mem type="loa" free="460800" total="460800" percent="100" />
    </mem>
  </mem-info>
</gc-start>
<allocation-stats totalBytes="27564872" >
  <allocated-bytes non-tlh="39712" tlh="27525160" />
  <largest-consumer threadName="main" threadId="0000000001BEEF00" bytes="27564872" />
</allocation-stats>
<gc-op id="6571" type="mark" timems="14.051" contextid="6568" timestamp="2019-08-04T20:02:54.014">
  <trace-info objectcount="596414" scancount="517427" scanbytes="13278412" />
  <finalization candidates="80" enqueued="0" />
  <ownableSynchronizers candidates="21" cleared="0" />
  <references type="soft" candidates="1843" cleared="0" enqueued="0" dynamicThreshold="19" maxThreshold="32" />
  <references type="weak" candidates="5788" cleared="0" enqueued="0" />
  <references type="phantom" candidates="97" cleared="0" enqueued="0" />
  <stringconstants candidates="13258" cleared="0"  />
</gc-op>
<gc-op id="6572" type="sweep" timems="2.444" contextid="6568" timestamp="2019-08-04T20:02:54.016" />
<gc-end id="6573" type="global" contextid="6568" durationms="16.665" usertimems="66.969" systemtimems="0.000" timestamp="2019-08-04T20:02:54.016" activeThreads="16">
  <mem-info id="6574" free="28082088" total="46137344" percent="60">
    <mem type="tenure" free="28082088" total="46137344" percent="60" micro-fragmented="84211" macro-fragmented="0">
      <mem type="soa" free="27621288" total="45676544" percent="60" />
      <mem type="loa" free="460800" total="460800" percent="100" />
    </mem>
  </mem-info>
</gc-end>
<cycle-end id="6575" type="global" contextid="6568" timestamp="2019-08-04T20:02:54.016">
  <attribute name="GC Util" value="425" />
  <attribute name="CPU Util" value="1315486714777" />
  <attribute name="Time Running"value="121627"/>
  <attribute name="Number of cores"value="16"/>
</cycle-end>
<allocation-satisfied id="6576" threadId="0000000001BEEF00" bytesRequested="24" />
<af-end id="6577" timestamp="2019-08-04T20:02:54.016" threadId="0000000001BEF888" success="true" />
<exclusive-end id="6578" timestamp="2019-08-04T20:02:54.016" durationms="16.917" />

<exclusive-start id="6579" timestamp="2019-08-04T20:02:54.039" intervalms="39.738">
  <response-info timems="0.254" idlems="0.151" threads="1" lastid="0000000001BFDF00" lastname="JIT Compilation Thread-3" />
</exclusive-start>
<af-start id="6580" threadId="0000000001BEF888" totalBytesRequested="24" timestamp="2019-08-04T20:02:54.039" intervalms="39.727" />
<cycle-start id="6581" type="global" contextid="0" timestamp="2019-08-04T20:02:54.039" intervalms="39.747" />
  <attribute name="GC Util" value="425" />
  <attribute name="CPU Util" value="1315486714777" />
  <attribute name="Time Running"value="121627"/>
  <attribute name="Number of cores"value="16"/>
<gc-start id="6582" type="global" contextid="6581" timestamp="2019-08-04T20:02:54.039">
  <mem-info id="6583" free="460800" total="46137344" percent="0">
    <mem type="tenure" free="460800" total="46137344" percent="0">
      <mem type="soa" free="0" total="45676544" percent="0" />
      <mem type="loa" free="460800" total="460800" percent="100" />
    </mem>
  </mem-info>
</gc-start>
<allocation-stats totalBytes="27615504" >
  <allocated-bytes non-tlh="0" tlh="27615504" />
  <largest-consumer threadName="main" threadId="0000000001BEEF00" bytes="27615504" />
</allocation-stats>
<gc-op id="6584" type="mark" timems="8.678" contextid="6581" timestamp="2019-08-04T20:02:54.048">
  <trace-info objectcount="596424" scancount="517435" scanbytes="13278768" />
  <finalization candidates="80" enqueued="0" />
  <ownableSynchronizers candidates="21" cleared="0" />
  <references type="soft" candidates="1843" cleared="0" enqueued="0" dynamicThreshold="19" maxThreshold="32" />
  <references type="weak" candidates="5788" cleared="0" enqueued="0" />
  <references type="phantom" candidates="97" cleared="0" enqueued="0" />
  <stringconstants candidates="13258" cleared="0"  />
</gc-op>
<gc-op id="6585" type="sweep" timems="1.811" contextid="6581" timestamp="2019-08-04T20:02:54.050" />
<gc-end id="6586" type="global" contextid="6581" durationms="10.657" usertimems="56.219" systemtimems="0.000" timestamp="2019-08-04T20:02:54.050" activeThreads="16">
  <mem-info id="6587" free="28081752" total="46137344" percent="60">
    <mem type="tenure" free="28081752" total="46137344" percent="60" micro-fragmented="84211" macro-fragmented="0">
      <mem type="soa" free="27620952" total="45676544" percent="60" />
      <mem type="loa" free="460800" total="460800" percent="100" />
    </mem>
  </mem-info>
</gc-end>
<cycle-end id="6588" type="global" contextid="6581" timestamp="2019-08-04T20:02:54.050">
  <attribute name="GC Util" value="577" />
  <attribute name="CPU Util" value="2119029549878" />
  <attribute name="Time Running"value="121661"/>
  <attribute name="Number of cores"value="16"/>
</cycle-end>
<allocation-satisfied id="6589" threadId="0000000001BEEF00" bytesRequested="24" />
<af-end id="6590" timestamp="2019-08-04T20:02:54.050" threadId="0000000001BEF888" success="true" />
<exclusive-end id="6591" timestamp="2019-08-04T20:02:54.050" durationms="10.876" />

<exclusive-start id="6592" timestamp="2019-08-04T20:02:54.074" intervalms="34.843">
  <response-info timems="0.230" idlems="0.127" threads="1" lastid="0000000001BFDF00" lastname="JIT Compilation Thread-3" />
</exclusive-start>
<af-start id="6593" threadId="0000000001BEF888" totalBytesRequested="32" timestamp="2019-08-04T20:02:54.074" intervalms="34.846" />
<cycle-start id="6594" type="global" contextid="0" timestamp="2019-08-04T20:02:54.074" intervalms="34.823" />
  <attribute name="GC Util" value="577" />
  <attribute name="CPU Util" value="2119029549878" />
  <attribute name="Time Running"value="121661"/>
  <attribute name="Number of cores"value="16"/>
<gc-start id="6595" type="global" contextid="6594" timestamp="2019-08-04T20:02:54.074">
  <mem-info id="6596" free="460800" total="46137344" percent="0">
    <mem type="tenure" free="460800" total="46137344" percent="0">
      <mem type="soa" free="0" total="45676544" percent="0" />
      <mem type="loa" free="460800" total="460800" percent="100" />
    </mem>
  </mem-info>
</gc-start>
<allocation-stats totalBytes="27615616" >
  <allocated-bytes non-tlh="0" tlh="27615616" />
  <largest-consumer threadName="main" threadId="0000000001BEEF00" bytes="27615616" />
</allocation-stats>
<gc-op id="6597" type="mark" timems="8.922" contextid="6594" timestamp="2019-08-04T20:02:54.083">
  <trace-info objectcount="596492" scancount="517497" scanbytes="13280944" />
  <finalization candidates="80" enqueued="0" />
  <ownableSynchronizers candidates="21" cleared="0" />
  <references type="soft" candidates="1843" cleared="0" enqueued="0" dynamicThreshold="19" maxThreshold="32" />
  <references type="weak" candidates="5817" cleared="0" enqueued="0" />
  <references type="phantom" candidates="97" cleared="0" enqueued="0" />
  <stringconstants candidates="13258" cleared="0"  />
</gc-op>
<gc-op id="6598" type="sweep" timems="1.570" contextid="6594" timestamp="2019-08-04T20:02:54.085" />
<gc-end id="6599" type="global" contextid="6594" durationms="10.662" usertimems="56.460" systemtimems="0.000" timestamp="2019-08-04T20:02:54.085" activeThreads="16">
  <mem-info id="6600" free="28070968" total="46137344" percent="60">
    <mem type="tenure" free="28070968" total="46137344" percent="60" micro-fragmented="86092" macro-fragmented="0">
      <mem type="soa" free="27610168" total="45676544" percent="60" />
      <mem type="loa" free="460800" total="460800" percent="100" />
    </mem>
  </mem-info>
</gc-end>
<cycle-end id="6601" type="global" contextid="6594" timestamp="2019-08-04T20:02:54.085">
  <attribute name="GC Util" value="580" />
  <attribute name="CPU Util" value="2066837688183" />
  <attribute name="Time Running"value="121696"/>
  <attribute name="Number of cores"value="16"/>
</cycle-end>
<allocation-satisfied id="6602" threadId="0000000001BEEF00" bytesRequested="32" />
<af-end id="6603" timestamp="2019-08-04T20:02:54.085" threadId="0000000001BEF888" success="true" />
<exclusive-end id="6604" timestamp="2019-08-04T20:02:54.085" durationms="10.868" />

<exclusive-start id="6605" timestamp="2019-08-04T20:02:54.110" intervalms="35.570">
  <response-info timems="0.043" idlems="0.043" threads="0" lastid="0000000001BEEF00" lastname="main" />
</exclusive-start>
<af-start id="6606" threadId="0000000001BEF888" totalBytesRequested="24" timestamp="2019-08-04T20:02:54.110" intervalms="35.566" />
<cycle-start id="6607" type="global" contextid="0" timestamp="2019-08-04T20:02:54.110" intervalms="35.567" />
  <attribute name="GC Util" value="580" />
  <attribute name="CPU Util" value="2066837688183" />
  <attribute name="Time Running"value="121696"/>
  <attribute name="Number of cores"value="16"/>
<gc-start id="6608" type="global" contextid="6607" timestamp="2019-08-04T20:02:54.110">
  <mem-info id="6609" free="460800" total="46137344" percent="0">
    <mem type="tenure" free="460800" total="46137344" percent="0">
      <mem type="soa" free="0" total="45676544" percent="0" />
      <mem type="loa" free="460800" total="460800" percent="100" />
    </mem>
  </mem-info>
</gc-start>
<allocation-stats totalBytes="27605816" >
  <allocated-bytes non-tlh="0" tlh="27605816" />
  <largest-consumer threadName="main" threadId="0000000001BEEF00" bytes="27605816" />
</allocation-stats>
<gc-op id="6610" type="mark" timems="9.313" contextid="6607" timestamp="2019-08-04T20:02:54.119">
  <trace-info objectcount="596479" scancount="517492" scanbytes="13280516" />
  <finalization candidates="80" enqueued="0" />
  <ownableSynchronizers candidates="21" cleared="0" />
  <references type="soft" candidates="1843" cleared="0" enqueued="0" dynamicThreshold="19" maxThreshold="32" />
  <references type="weak" candidates="5817" cleared="0" enqueued="0" />
  <references type="phantom" candidates="97" cleared="0" enqueued="0" />
  <stringconstants candidates="13258" cleared="0"  />
</gc-op>
<gc-op id="6611" type="sweep" timems="1.902" contextid="6607" timestamp="2019-08-04T20:02:54.121" />
<gc-end id="6612" type="global" contextid="6607" durationms="11.389" usertimems="56.695" systemtimems="0.000" timestamp="2019-08-04T20:02:54.121" activeThreads="16">
  <mem-info id="6613" free="28071640" total="46137344" percent="60">
    <mem type="tenure" free="28071640" total="46137344" percent="60" micro-fragmented="86092" macro-fragmented="0">
      <mem type="soa" free="27610840" total="45676544" percent="60" />
      <mem type="loa" free="460800" total="460800" percent="100" />
    </mem>
  </mem-info>
</gc-end>
<cycle-end id="6614" type="global" contextid="6607" timestamp="2019-08-04T20:02:54.121">
  <attribute name="GC Util" value="525" />
  <attribute name="CPU Util" value="1977118745593" />
  <attribute name="Time Running"value="121732"/>
  <attribute name="Number of cores"value="16"/>
</cycle-end>
<allocation-satisfied id="6615" threadId="0000000001BEEF00" bytesRequested="24" />
<af-end id="6616" timestamp="2019-08-04T20:02:54.121" threadId="0000000001BEF888" success="true" />
<exclusive-end id="6617" timestamp="2019-08-04T20:02:54.121" durationms="11.584" />

<exclusive-start id="6618" timestamp="2019-08-04T20:02:54.133" intervalms="23.328">
  <response-info timems="0.036" idlems="0.036" threads="0" lastid="0000000001BEEF00" lastname="main" />
</exclusive-start>
<af-start id="6619" threadId="0000000001BEF888" totalBytesRequested="40" timestamp="2019-08-04T20:02:54.133" intervalms="23.329" />
<cycle-start id="6620" type="global" contextid="0" timestamp="2019-08-04T20:02:54.133" intervalms="23.327" />
  <attribute name="GC Util" value="525" />
  <attribute name="CPU Util" value="1977118745593" />
  <attribute name="Time Running"value="121732"/>
  <attribute name="Number of cores"value="16"/>
<gc-start id="6621" type="global" contextid="6620" timestamp="2019-08-04T20:02:54.133">
  <mem-info id="6622" free="460800" total="46137344" percent="0">
    <mem type="tenure" free="460800" total="46137344" percent="0">
      <mem type="soa" free="0" total="45676544" percent="0" />
      <mem type="loa" free="460800" total="460800" percent="100" />
    </mem>
  </mem-info>
</gc-start>
<allocation-stats totalBytes="27593768" >
  <allocated-bytes non-tlh="0" tlh="27593768" />
  <largest-consumer threadName="main" threadId="0000000001BEEF00" bytes="27593768" />
</allocation-stats>
<gc-op id="6623" type="mark" timems="10.297" contextid="6620" timestamp="2019-08-04T20:02:54.143">
  <trace-info objectcount="596318" scancount="517329" scanbytes="13275056" />
  <finalization candidates="80" enqueued="0" />
  <ownableSynchronizers candidates="21" cleared="0" />
  <references type="soft" candidates="1843" cleared="0" enqueued="0" dynamicThreshold="19" maxThreshold="32" />
  <references type="weak" candidates="5817" cleared="7" enqueued="3" />
  <references type="phantom" candidates="97" cleared="0" enqueued="0" />
  <stringconstants candidates="13258" cleared="0"  />
</gc-op>
<gc-op id="6624" type="sweep" timems="1.991" contextid="6620" timestamp="2019-08-04T20:02:54.145" />
<gc-end id="6625" type="global" contextid="6620" durationms="12.628" usertimems="63.008" systemtimems="0.000" timestamp="2019-08-04T20:02:54.146" activeThreads="16">
  <mem-info id="6626" free="28085264" total="46137344" percent="60">
    <mem type="tenure" free="28085264" total="46137344" percent="60" micro-fragmented="86092" macro-fragmented="0">
      <mem type="soa" free="27624464" total="45676544" percent="60" />
      <mem type="loa" free="460800" total="460800" percent="100" />
    </mem>
    <pending-finalizers system="0" default="0" reference="3" classloader="0" />
  </mem-info>
</gc-end>
<cycle-end id="6627" type="global" contextid="6620" timestamp="2019-08-04T20:02:54.146">
  <attribute name="GC Util" value="542" />
  <attribute name="CPU Util" value="1762367009060" />
  <attribute name="Time Running"value="121757"/>
  <attribute name="Number of cores"value="16"/>
</cycle-end>
<allocation-satisfied id="6628" threadId="0000000001BEEF00" bytesRequested="40" />
<af-end id="6629" timestamp="2019-08-04T20:02:54.146" threadId="0000000001BEF888" success="true" />
<exclusive-end id="6630" timestamp="2019-08-04T20:02:54.146" durationms="12.867" />

<exclusive-start id="6631" timestamp="2019-08-04T20:02:54.151" intervalms="18.457">
  <response-info timems="0.021" idlems="0.021" threads="0" lastid="0000000001BEEF00" lastname="main" />
</exclusive-start>
<af-start id="6632" threadId="0000000001BEF888" totalBytesRequested="216" timestamp="2019-08-04T20:02:54.151" intervalms="18.462" />
<cycle-start id="6633" type="global" contextid="0" timestamp="2019-08-04T20:02:54.151" intervalms="18.465" />
  <attribute name="GC Util" value="542" />
  <attribute name="CPU Util" value="1762367009060" />
  <attribute name="Time Running"value="121757"/>
  <attribute name="Number of cores"value="16"/>
<gc-start id="6634" type="global" contextid="6633" timestamp="2019-08-04T20:02:54.151">
  <mem-info id="6635" free="460800" total="46137344" percent="0">
    <mem type="tenure" free="460800" total="46137344" percent="0">
      <mem type="soa" free="0" total="45676544" percent="0" />
      <mem type="loa" free="460800" total="460800" percent="100" />
    </mem>
  </mem-info>
</gc-start>
<allocation-stats totalBytes="27597048" >
  <allocated-bytes non-tlh="0" tlh="27597048" />
  <largest-consumer threadName="main" threadId="0000000001BEEF00" bytes="27597048" />
</allocation-stats>
<gc-op id="6636" type="mark" timems="8.981" contextid="6633" timestamp="2019-08-04T20:02:54.160">
  <trace-info objectcount="596318" scancount="517329" scanbytes="13275056" />
  <finalization candidates="80" enqueued="0" />
  <ownableSynchronizers candidates="21" cleared="0" />
  <references type="soft" candidates="1843" cleared="0" enqueued="0" dynamicThreshold="19" maxThreshold="32" />
  <references type="weak" candidates="5810" cleared="0" enqueued="0" />
  <references type="phantom" candidates="97" cleared="0" enqueued="0" />
  <stringconstants candidates="13258" cleared="0"  />
</gc-op>
<gc-op id="6637" type="sweep" timems="1.445" contextid="6633" timestamp="2019-08-04T20:02:54.162" />
<gc-end id="6638" type="global" contextid="6633" durationms="10.617" usertimems="50.406" systemtimems="0.000" timestamp="2019-08-04T20:02:54.162" activeThreads="16">
  <mem-info id="6639" free="28085256" total="46137344" percent="60">
    <mem type="tenure" free="28085256" total="46137344" percent="60" micro-fragmented="86092" macro-fragmented="0">
      <mem type="soa" free="27624456" total="45676544" percent="60" />
      <mem type="loa" free="460800" total="460800" percent="100" />
    </mem>
  </mem-info>
</gc-end>
<cycle-end id="6640" type="global" contextid="6633" timestamp="2019-08-04T20:02:54.162">
  <attribute name="GC Util" value="457" />
  <attribute name="CPU Util" value="2049488081946" />
  <attribute name="Time Running"value="121774"/>
  <attribute name="Number of cores"value="16"/>
</cycle-end>
<allocation-satisfied id="6641" threadId="0000000001BEEF00" bytesRequested="216" />
<af-end id="6642" timestamp="2019-08-04T20:02:54.162" threadId="0000000001BEF888" success="true" />
<exclusive-end id="6643" timestamp="2019-08-04T20:02:54.162" durationms="10.842" />

<exclusive-start id="6644" timestamp="2019-08-04T20:02:54.170" intervalms="18.879">
  <response-info timems="0.051" idlems="0.051" threads="0" lastid="0000000001BEEF00" lastname="main" />
</exclusive-start>
<af-start id="6645" threadId="0000000001BEF888" totalBytesRequested="296" timestamp="2019-08-04T20:02:54.170" intervalms="18.901" />
<cycle-start id="6646" type="global" contextid="0" timestamp="2019-08-04T20:02:54.170" intervalms="18.898" />
  <attribute name="GC Util" value="457" />
  <attribute name="CPU Util" value="2049488081946" />
  <attribute name="Time Running"value="121774"/>
  <attribute name="Number of cores"value="16"/>
<gc-start id="6647" type="global" contextid="6646" timestamp="2019-08-04T20:02:54.170">
  <mem-info id="6648" free="460800" total="46137344" percent="0">
    <mem type="tenure" free="460800" total="46137344" percent="0">
      <mem type="soa" free="0" total="45676544" percent="0" />
      <mem type="loa" free="460800" total="460800" percent="100" />
    </mem>
  </mem-info>
</gc-start>
<allocation-stats totalBytes="27595488" >
  <allocated-bytes non-tlh="0" tlh="27595488" />
  <largest-consumer threadName="main" threadId="0000000001BEEF00" bytes="27595488" />
</allocation-stats>
<gc-op id="6649" type="mark" timems="9.572" contextid="6646" timestamp="2019-08-04T20:02:54.180">
  <trace-info objectcount="596318" scancount="517327" scanbytes="13275056" />
  <finalization candidates="80" enqueued="0" />
  <ownableSynchronizers candidates="21" cleared="0" />
  <references type="soft" candidates="1843" cleared="0" enqueued="0" dynamicThreshold="19" maxThreshold="32" />
  <references type="weak" candidates="5810" cleared="0" enqueued="0" />
  <references type="phantom" candidates="97" cleared="0" enqueued="0" />
  <stringconstants candidates="13258" cleared="0"  />
</gc-op>
<gc-op id="6650" type="sweep" timems="1.610" contextid="6646" timestamp="2019-08-04T20:02:54.182" />
<gc-end id="6651" type="global" contextid="6646" durationms="11.380" usertimems="52.347" systemtimems="0.000" timestamp="2019-08-04T20:02:54.182" activeThreads="16">
  <mem-info id="6652" free="28085184" total="46137344" percent="60">
    <mem type="tenure" free="28085184" total="46137344" percent="60" micro-fragmented="86092" macro-fragmented="0">
      <mem type="soa" free="27624384" total="45676544" percent="60" />
      <mem type="loa" free="460800" total="460800" percent="100" />
    </mem>
  </mem-info>
</gc-end>
<cycle-end id="6653" type="global" contextid="6646" timestamp="2019-08-04T20:02:54.182">
  <attribute name="GC Util" value="492" />
  <attribute name="CPU Util" value="1922941702687" />
  <attribute name="Time Running"value="121793"/>
  <attribute name="Number of cores"value="16"/>
</cycle-end>
<allocation-satisfied id="6654" threadId="0000000001BEEF00" bytesRequested="296" />
<af-end id="6655" timestamp="2019-08-04T20:02:54.182" threadId="0000000001BEF888" success="true" />
<exclusive-end id="6656" timestamp="2019-08-04T20:02:54.182" durationms="11.620" />

<exclusive-start id="6657" timestamp="2019-08-04T20:02:54.187" intervalms="16.732">
  <response-info timems="0.093" idlems="0.093" threads="0" lastid="0000000001BEEF00" lastname="main" />
</exclusive-start>
<af-start id="6658" threadId="0000000001BEF888" totalBytesRequested="16" timestamp="2019-08-04T20:02:54.187" intervalms="16.714" />
<cycle-start id="6659" type="global" contextid="0" timestamp="2019-08-04T20:02:54.187" intervalms="16.724" />
  <attribute name="GC Util" value="492" />
  <attribute name="CPU Util" value="1922941702687" />
  <attribute name="Time Running"value="121793"/>
  <attribute name="Number of cores"value="16"/>
<gc-start id="6660" type="global" contextid="6659" timestamp="2019-08-04T20:02:54.187">
  <mem-info id="6661" free="460800" total="46137344" percent="0">
    <mem type="tenure" free="460800" total="46137344" percent="0">
      <mem type="soa" free="0" total="45676544" percent="0" />
      <mem type="loa" free="460800" total="460800" percent="100" />
    </mem>
  </mem-info>
</gc-start>
<allocation-stats totalBytes="27598952" >
  <allocated-bytes non-tlh="0" tlh="27598952" />
  <largest-consumer threadName="main" threadId="0000000001BEEF00" bytes="27598952" />
</allocation-stats>
<gc-op id="6662" type="mark" timems="13.154" contextid="6659" timestamp="2019-08-04T20:02:54.200">
  <trace-info objectcount="596319" scancount="517327" scanbytes="13275056" />
  <finalization candidates="80" enqueued="0" />
  <ownableSynchronizers candidates="21" cleared="0" />
  <references type="soft" candidates="1843" cleared="0" enqueued="0" dynamicThreshold="19" maxThreshold="32" />
  <references type="weak" candidates="5810" cleared="0" enqueued="0" />
  <references type="phantom" candidates="97" cleared="0" enqueued="0" />
  <stringconstants candidates="13258" cleared="0"  />
</gc-op>
<gc-op id="6663" type="sweep" timems="2.449" contextid="6659" timestamp="2019-08-04T20:02:54.203" />
<gc-end id="6664" type="global" contextid="6659" durationms="15.791" usertimems="78.594" systemtimems="0.000" timestamp="2019-08-04T20:02:54.203" activeThreads="16">
  <mem-info id="6665" free="28085032" total="46137344" percent="60">
    <mem type="tenure" free="28085032" total="46137344" percent="60" micro-fragmented="86120" macro-fragmented="0">
      <mem type="soa" free="27624232" total="45676544" percent="60" />
      <mem type="loa" free="460800" total="460800" percent="100" />
    </mem>
  </mem-info>
</gc-end>
<cycle-end id="6666" type="global" contextid="6659" timestamp="2019-08-04T20:02:54.203">
  <attribute name="GC Util" value="533" />
  <attribute name="CPU Util" value="1405222645218" />
  <attribute name="Time Running"value="121813"/>
  <attribute name="Number of cores"value="16"/>
</cycle-end>
<allocation-satisfied id="6667" threadId="0000000001BEEF00" bytesRequested="16" />
<af-end id="6668" timestamp="2019-08-04T20:02:54.203" threadId="0000000001BEF888" success="true" />
<exclusive-end id="6669" timestamp="2019-08-04T20:02:54.203" durationms="16.016" />

<exclusive-start id="6670" timestamp="2019-08-04T20:02:54.208" intervalms="21.293">
  <response-info timems="0.051" idlems="0.051" threads="0" lastid="0000000001BEEF00" lastname="main" />
</exclusive-start>
<af-start id="6671" threadId="0000000001BEF888" totalBytesRequested="304" timestamp="2019-08-04T20:02:54.208" intervalms="21.289" />
<cycle-start id="6672" type="global" contextid="0" timestamp="2019-08-04T20:02:54.208" intervalms="21.282" />
  <attribute name="GC Util" value="533" />
  <attribute name="CPU Util" value="1405222645218" />
  <attribute name="Time Running"value="121813"/>
  <attribute name="Number of cores"value="16"/>
<gc-start id="6673" type="global" contextid="6672" timestamp="2019-08-04T20:02:54.208">
  <mem-info id="6674" free="460800" total="46137344" percent="0">
    <mem type="tenure" free="460800" total="46137344" percent="0">
      <mem type="soa" free="0" total="45676544" percent="0" />
      <mem type="loa" free="460800" total="460800" percent="100" />
    </mem>
  </mem-info>
</gc-start>
<allocation-stats totalBytes="27595344" >
  <allocated-bytes non-tlh="0" tlh="27595344" />
  <largest-consumer threadName="main" threadId="0000000001BEEF00" bytes="27595344" />
</allocation-stats>
<gc-op id="6675" type="mark" timems="8.562" contextid="6672" timestamp="2019-08-04T20:02:54.217">
  <trace-info objectcount="596318" scancount="517331" scanbytes="13275056" />
  <finalization candidates="80" enqueued="0" />
  <ownableSynchronizers candidates="21" cleared="0" />
  <references type="soft" candidates="1843" cleared="0" enqueued="0" dynamicThreshold="19" maxThreshold="32" />
  <references type="weak" candidates="5810" cleared="0" enqueued="0" />
  <references type="phantom" candidates="97" cleared="0" enqueued="0" />
  <stringconstants candidates="13258" cleared="0"  />
</gc-op>
<gc-op id="6676" type="sweep" timems="1.744" contextid="6672" timestamp="2019-08-04T20:02:54.219" />
<gc-end id="6677" type="global" contextid="6672" durationms="10.481" usertimems="55.724" systemtimems="0.000" timestamp="2019-08-04T20:02:54.219" activeThreads="16">
  <mem-info id="6678" free="28084928" total="46137344" percent="60">
    <mem type="tenure" free="28084928" total="46137344" percent="60" micro-fragmented="86092" macro-fragmented="0">
      <mem type="soa" free="27624128" total="45676544" percent="60" />
      <mem type="loa" free="460800" total="460800" percent="100" />
    </mem>
  </mem-info>
</gc-end>
<cycle-end id="6679" type="global" contextid="6672" timestamp="2019-08-04T20:02:54.219">
  <attribute name="GC Util" value="590" />
  <attribute name="CPU Util" value="2142506532219" />
  <attribute name="Time Running"value="121830"/>
  <attribute name="Number of cores"value="16"/>
</cycle-end>
<allocation-satisfied id="6680" threadId="0000000001BEEF00" bytesRequested="304" />
<af-end id="6681" timestamp="2019-08-04T20:02:54.219" threadId="0000000001BEF888" success="true" />
<exclusive-end id="6682" timestamp="2019-08-04T20:02:54.219" durationms="10.687" />

<exclusive-start id="6683" timestamp="2019-08-04T20:02:54.224" intervalms="15.745">
  <response-info timems="0.044" idlems="0.044" threads="0" lastid="0000000001BEEF00" lastname="main" />
</exclusive-start>
<af-start id="6684" threadId="0000000001BEF888" totalBytesRequested="216" timestamp="2019-08-04T20:02:54.224" intervalms="15.737" />
<cycle-start id="6685" type="global" contextid="0" timestamp="2019-08-04T20:02:54.224" intervalms="15.734" />
  <attribute name="GC Util" value="590" />
  <attribute name="CPU Util" value="2142506532219" />
  <attribute name="Time Running"value="121830"/>
  <attribute name="Number of cores"value="16"/>
<gc-start id="6686" type="global" contextid="6685" timestamp="2019-08-04T20:02:54.224">
  <mem-info id="6687" free="460800" total="46137344" percent="0">
    <mem type="tenure" free="460800" total="46137344" percent="0">
      <mem type="soa" free="0" total="45676544" percent="0" />
      <mem type="loa" free="460800" total="460800" percent="100" />
    </mem>
  </mem-info>
</gc-start>
<allocation-stats totalBytes="27598088" >
  <allocated-bytes non-tlh="0" tlh="27598088" />
  <largest-consumer threadName="main" threadId="0000000001BEEF00" bytes="27598088" />
</allocation-stats>
<gc-op id="6688" type="mark" timems="9.265" contextid="6685" timestamp="2019-08-04T20:02:54.233">
  <trace-info objectcount="596318" scancount="517308" scanbytes="13275056" />
  <finalization candidates="80" enqueued="0" />
  <ownableSynchronizers candidates="21" cleared="0" />
  <references type="soft" candidates="1843" cleared="0" enqueued="0" dynamicThreshold="19" maxThreshold="32" />
  <references type="weak" candidates="5810" cleared="0" enqueued="0" />
  <references type="phantom" candidates="97" cleared="0" enqueued="0" />
  <stringconstants candidates="13258" cleared="0"  />
</gc-op>
<gc-op id="6689" type="sweep" timems="1.481" contextid="6685" timestamp="2019-08-04T20:02:54.235" />
<gc-end id="6690" type="global" contextid="6685" durationms="10.917" usertimems="61.753" systemtimems="0.000" timestamp="2019-08-04T20:02:54.235" activeThreads="16">
  <mem-info id="6691" free="28085256" total="46137344" percent="60">
    <mem type="tenure" free="28085256" total="46137344" percent="60" micro-fragmented="86092" macro-fragmented="0">
      <mem type="soa" free="27624456" total="45676544" percent="60" />
      <mem type="loa" free="460800" total="460800" percent="100" />
    </mem>
  </mem-info>
</gc-end>
<cycle-end id="6692" type="global" contextid="6685" timestamp="2019-08-04T20:02:54.235">
  <attribute name="GC Util" value="590" />
  <attribute name="CPU Util" value="1986371972210" />
  <attribute name="Time Running"value="121847"/>
  <attribute name="Number of cores"value="16"/>
</cycle-end>
<allocation-satisfied id="6693" threadId="0000000001BEEF00" bytesRequested="216" />
<af-end id="6694" timestamp="2019-08-04T20:02:54.235" threadId="0000000001BEF888" success="true" />
<exclusive-end id="6695" timestamp="2019-08-04T20:02:54.235" durationms="11.108" />

<exclusive-start id="6696" timestamp="2019-08-04T20:02:54.240" intervalms="16.214">
  <response-info timems="0.020" idlems="0.020" threads="0" lastid="0000000001BEEF00" lastname="main" />
</exclusive-start>
<af-start id="6697" threadId="0000000001BEF888" totalBytesRequested="296" timestamp="2019-08-04T20:02:54.240" intervalms="16.223" />
<cycle-start id="6698" type="global" contextid="0" timestamp="2019-08-04T20:02:54.240" intervalms="16.222" />
  <attribute name="GC Util" value="590" />
  <attribute name="CPU Util" value="1986371972210" />
  <attribute name="Time Running"value="121847"/>
  <attribute name="Number of cores"value="16"/>
<gc-start id="6699" type="global" contextid="6698" timestamp="2019-08-04T20:02:54.240">
  <mem-info id="6700" free="460800" total="46137344" percent="0">
    <mem type="tenure" free="460800" total="46137344" percent="0">
      <mem type="soa" free="0" total="45676544" percent="0" />
      <mem type="loa" free="460800" total="460800" percent="100" />
    </mem>
  </mem-info>
</gc-start>
<allocation-stats totalBytes="27595488" >
  <allocated-bytes non-tlh="0" tlh="27595488" />
  <largest-consumer threadName="main" threadId="0000000001BEEF00" bytes="27595488" />
</allocation-stats>
<gc-op id="6701" type="mark" timems="10.122" contextid="6698" timestamp="2019-08-04T20:02:54.250">
  <trace-info objectcount="596318" scancount="517329" scanbytes="13275056" />
  <finalization candidates="80" enqueued="0" />
  <ownableSynchronizers candidates="21" cleared="0" />
  <references type="soft" candidates="1843" cleared="0" enqueued="0" dynamicThreshold="19" maxThreshold="32" />
  <references type="weak" candidates="5810" cleared="0" enqueued="0" />
  <references type="phantom" candidates="97" cleared="0" enqueued="0" />
  <stringconstants candidates="13258" cleared="0"  />
</gc-op>
<gc-op id="6702" type="sweep" timems="2.360" contextid="6698" timestamp="2019-08-04T20:02:54.253" />
<gc-end id="6703" type="global" contextid="6698" durationms="12.646" usertimems="65.347" systemtimems="0.000" timestamp="2019-08-04T20:02:54.253" activeThreads="16">
  <mem-info id="6704" free="28085184" total="46137344" percent="60">
    <mem type="tenure" free="28085184" total="46137344" percent="60" micro-fragmented="86092" macro-fragmented="0">
      <mem type="soa" free="27624384" total="45676544" percent="60" />
      <mem type="loa" free="460800" total="460800" percent="100" />
    </mem>
  </mem-info>
</gc-end>
<cycle-end id="6705" type="global" contextid="6698" timestamp="2019-08-04T20:02:54.253">
  <attribute name="GC Util" value="572" />
  <attribute name="CPU Util" value="1818825165755" />
  <attribute name="Time Running"value="121864"/>
  <attribute name="Number of cores"value="16"/>
</cycle-end>
<allocation-satisfied id="6706" threadId="0000000001BEEF00" bytesRequested="296" />
<af-end id="6707" timestamp="2019-08-04T20:02:54.253" threadId="0000000001BEF888" success="true" />
<exclusive-end id="6708" timestamp="2019-08-04T20:02:54.253" durationms="12.851" />

<exclusive-start id="6709" timestamp="2019-08-04T20:02:54.260" intervalms="19.380">
  <response-info timems="0.073" idlems="0.073" threads="0" lastid="0000000001BEEF00" lastname="main" />
</exclusive-start>
<af-start id="6710" threadId="0000000001BEF888" totalBytesRequested="216" timestamp="2019-08-04T20:02:54.260" intervalms="19.382" />
<cycle-start id="6711" type="global" contextid="0" timestamp="2019-08-04T20:02:54.260" intervalms="19.393" />
  <attribute name="GC Util" value="572" />
  <attribute name="CPU Util" value="1818825165755" />
  <attribute name="Time Running"value="121864"/>
  <attribute name="Number of cores"value="16"/>
<gc-start id="6712" type="global" contextid="6711" timestamp="2019-08-04T20:02:54.260">
  <mem-info id="6713" free="460800" total="46137344" percent="0">
    <mem type="tenure" free="460800" total="46137344" percent="0">
      <mem type="soa" free="0" total="45676544" percent="0" />
      <mem type="loa" free="460800" total="460800" percent="100" />
    </mem>
  </mem-info>
</gc-start>
<allocation-stats totalBytes="27598448" >
  <allocated-bytes non-tlh="0" tlh="27598448" />
  <largest-consumer threadName="main" threadId="0000000001BEEF00" bytes="27598448" />
</allocation-stats>
<gc-op id="6714" type="mark" timems="8.921" contextid="6711" timestamp="2019-08-04T20:02:54.269">
  <trace-info objectcount="596318" scancount="517330" scanbytes="13275056" />
  <finalization candidates="80" enqueued="0" />
  <ownableSynchronizers candidates="21" cleared="0" />
  <references type="soft" candidates="1843" cleared="0" enqueued="0" dynamicThreshold="19" maxThreshold="32" />
  <references type="weak" candidates="5810" cleared="0" enqueued="0" />
  <references type="phantom" candidates="97" cleared="0" enqueued="0" />
  <stringconstants candidates="13258" cleared="0"  />
</gc-op>
<gc-op id="6715" type="sweep" timems="1.948" contextid="6711" timestamp="2019-08-04T20:02:54.271" />
<gc-end id="6716" type="global" contextid="6711" durationms="11.038" usertimems="63.052" systemtimems="0.000" timestamp="2019-08-04T20:02:54.271" activeThreads="16">
  <mem-info id="6717" free="28085256" total="46137344" percent="60">
    <mem type="tenure" free="28085256" total="46137344" percent="60" micro-fragmented="86092" macro-fragmented="0">
      <mem type="soa" free="27624456" total="45676544" percent="60" />
      <mem type="loa" free="460800" total="460800" percent="100" />
    </mem>
  </mem-info>
</gc-end>
<cycle-end id="6718" type="global" contextid="6711" timestamp="2019-08-04T20:02:54.271">
  <attribute name="GC Util" value="629" />
  <attribute name="CPU Util" value="2070996566025" />
  <attribute name="Time Running"value="121882"/>
  <attribute name="Number of cores"value="16"/>
</cycle-end>
<allocation-satisfied id="6719" threadId="0000000001BEEF00" bytesRequested="216" />
<af-end id="6720" timestamp="2019-08-04T20:02:54.271" threadId="0000000001BEF888" success="true" />
<exclusive-end id="6721" timestamp="2019-08-04T20:02:54.271" durationms="11.253" />

<exclusive-start id="6722" timestamp="2019-08-04T20:02:54.276" intervalms="16.609">
  <response-info timems="0.092" idlems="0.092" threads="0" lastid="0000000001BEEF00" lastname="main" />
</exclusive-start>
<af-start id="6723" threadId="0000000001BEF888" totalBytesRequested="296" timestamp="2019-08-04T20:02:54.276" intervalms="16.619" />
<cycle-start id="6724" type="global" contextid="0" timestamp="2019-08-04T20:02:54.276" intervalms="16.610" />
  <attribute name="GC Util" value="629" />
  <attribute name="CPU Util" value="2070996566025" />
  <attribute name="Time Running"value="121882"/>
  <attribute name="Number of cores"value="16"/>
<gc-start id="6725" type="global" contextid="6724" timestamp="2019-08-04T20:02:54.276">
  <mem-info id="6726" free="460800" total="46137344" percent="0">
    <mem type="tenure" free="460800" total="46137344" percent="0">
      <mem type="soa" free="0" total="45676544" percent="0" />
      <mem type="loa" free="460800" total="460800" percent="100" />
    </mem>
  </mem-info>
</gc-start>
<allocation-stats totalBytes="27595024" >
  <allocated-bytes non-tlh="0" tlh="27595024" />
  <largest-consumer threadName="main" threadId="0000000001BEEF00" bytes="27595024" />
</allocation-stats>
<gc-op id="6727" type="mark" timems="8.758" contextid="6724" timestamp="2019-08-04T20:02:54.285">
  <trace-info objectcount="596319" scancount="517332" scanbytes="13275100" />
  <finalization candidates="80" enqueued="0" />
  <ownableSynchronizers candidates="21" cleared="0" />
  <references type="soft" candidates="1843" cleared="0" enqueued="0" dynamicThreshold="19" maxThreshold="32" />
  <references type="weak" candidates="5810" cleared="0" enqueued="0" />
  <references type="phantom" candidates="97" cleared="0" enqueued="0" />
  <stringconstants candidates="13258" cleared="0"  />
</gc-op>
<gc-op id="6728" type="sweep" timems="1.619" contextid="6724" timestamp="2019-08-04T20:02:54.287" />
<gc-end id="6729" type="global" contextid="6724" durationms="10.555" usertimems="59.034" systemtimems="0.000" timestamp="2019-08-04T20:02:54.287" activeThreads="16">
  <mem-info id="6730" free="28085144" total="46137344" percent="60">
    <mem type="tenure" free="28085144" total="46137344" percent="60" micro-fragmented="86064" macro-fragmented="0">
      <mem type="soa" free="27624344" total="45676544" percent="60" />
      <mem type="loa" free="460800" total="460800" percent="100" />
    </mem>
  </mem-info>
</gc-end>
<cycle-end id="6731" type="global" contextid="6724" timestamp="2019-08-04T20:02:54.287">
  <attribute name="GC Util" value="607" />
  <attribute name="CPU Util" value="2097189832728" />
  <attribute name="Time Running"value="121898"/>
  <attribute name="Number of cores"value="16"/>
</cycle-end>
<allocation-satisfied id="6732" threadId="0000000001BEEF00" bytesRequested="296" />
<af-end id="6733" timestamp="2019-08-04T20:02:54.287" threadId="0000000001BEF888" success="true" />
<exclusive-end id="6734" timestamp="2019-08-04T20:02:54.287" durationms="10.769" />

<exclusive-start id="6735" timestamp="2019-08-04T20:02:54.293" intervalms="16.358">
  <response-info timems="0.024" idlems="0.024" threads="0" lastid="0000000001BEEF00" lastname="main" />
</exclusive-start>
<af-start id="6736" threadId="0000000001BEF888" totalBytesRequested="40" timestamp="2019-08-04T20:02:54.293" intervalms="16.355" />
<cycle-start id="6737" type="global" contextid="0" timestamp="2019-08-04T20:02:54.293" intervalms="16.363" />
  <attribute name="GC Util" value="607" />
  <attribute name="CPU Util" value="2097189832728" />
  <attribute name="Time Running"value="121898"/>
  <attribute name="Number of cores"value="16"/>
<gc-start id="6738" type="global" contextid="6737" timestamp="2019-08-04T20:02:54.293">
  <mem-info id="6739" free="460800" total="46137344" percent="0">
    <mem type="tenure" free="460800" total="46137344" percent="0">
      <mem type="soa" free="0" total="45676544" percent="0" />
      <mem type="loa" free="460800" total="460800" percent="100" />
    </mem>
  </mem-info>
</gc-start>
<allocation-stats totalBytes="27598040" >
  <allocated-bytes non-tlh="0" tlh="27598040" />
  <largest-consumer threadName="main" threadId="0000000001BEEF00" bytes="27598040" />
</allocation-stats>
<gc-op id="6740" type="mark" timems="10.088" contextid="6737" timestamp="2019-08-04T20:02:54.303">
  <trace-info objectcount="596318" scancount="517322" scanbytes="13275060" />
  <finalization candidates="80" enqueued="0" />
  <ownableSynchronizers candidates="21" cleared="0" />
  <references type="soft" candidates="1843" cleared="0" enqueued="0" dynamicThreshold="19" maxThreshold="32" />
  <references type="weak" candidates="5810" cleared="0" enqueued="0" />
  <references type="phantom" candidates="97" cleared="0" enqueued="0" />
  <stringconstants candidates="13258" cleared="0"  />
</gc-op>
<gc-op id="6741" type="sweep" timems="2.541" contextid="6737" timestamp="2019-08-04T20:02:54.305" />
<gc-end id="6742" type="global" contextid="6737" durationms="12.829" usertimems="63.889" systemtimems="0.000" timestamp="2019-08-04T20:02:54.305" activeThreads="16">
  <mem-info id="6743" free="28085184" total="46137344" percent="60">
    <mem type="tenure" free="28085184" total="46137344" percent="60" micro-fragmented="86064" macro-fragmented="0">
      <mem type="soa" free="27624384" total="45676544" percent="60" />
      <mem type="loa" free="460800" total="460800" percent="100" />
    </mem>
  </mem-info>
</gc-end>
<cycle-end id="6744" type="global" contextid="6737" timestamp="2019-08-04T20:02:54.306">
  <attribute name="GC Util" value="559" />
  <attribute name="CPU Util" value="1830275348909" />
  <attribute name="Time Running"value="121916"/>
  <attribute name="Number of cores"value="16"/>
</cycle-end>
<allocation-satisfied id="6745" threadId="0000000001BEEF00" bytesRequested="40" />
<af-end id="6746" timestamp="2019-08-04T20:02:54.306" threadId="0000000001BEF888" success="true" />
<exclusive-end id="6747" timestamp="2019-08-04T20:02:54.306" durationms="13.083" />

<exclusive-start id="6748" timestamp="2019-08-04T20:02:54.312" intervalms="19.228">
  <response-info timems="0.061" idlems="0.061" threads="0" lastid="0000000001BEEF00" lastname="main" />
</exclusive-start>
<af-start id="6749" threadId="0000000001BEF888" totalBytesRequested="288" timestamp="2019-08-04T20:02:54.312" intervalms="19.229" />
<cycle-start id="6750" type="global" contextid="0" timestamp="2019-08-04T20:02:54.312" intervalms="19.234" />
  <attribute name="GC Util" value="559" />
  <attribute name="CPU Util" value="1830275348909" />
  <attribute name="Time Running"value="121916"/>
  <attribute name="Number of cores"value="16"/>
<gc-start id="6751" type="global" contextid="6750" timestamp="2019-08-04T20:02:54.312">
  <mem-info id="6752" free="460800" total="46137344" percent="0">
    <mem type="tenure" free="460800" total="46137344" percent="0">
      <mem type="soa" free="0" total="45676544" percent="0" />
      <mem type="loa" free="460800" total="460800" percent="100" />
    </mem>
  </mem-info>
</gc-start>
<allocation-stats totalBytes="27598120" >
  <allocated-bytes non-tlh="0" tlh="27598120" />
  <largest-consumer threadName="main" threadId="0000000001BEEF00" bytes="27598120" />
</allocation-stats>
<gc-op id="6753" type="mark" timems="9.493" contextid="6750" timestamp="2019-08-04T20:02:54.321">
  <trace-info objectcount="596319" scancount="517333" scanbytes="13275100" />
  <finalization candidates="80" enqueued="0" />
  <ownableSynchronizers candidates="21" cleared="0" />
  <references type="soft" candidates="1843" cleared="0" enqueued="0" dynamicThreshold="19" maxThreshold="32" />
  <references type="weak" candidates="5810" cleared="0" enqueued="0" />
  <references type="phantom" candidates="97" cleared="0" enqueued="0" />
  <stringconstants candidates="13258" cleared="0"  />
</gc-op>
<gc-op id="6754" type="sweep" timems="1.462" contextid="6750" timestamp="2019-08-04T20:02:54.323" />
<gc-end id="6755" type="global" contextid="6750" durationms="11.158" usertimems="66.226" systemtimems="0.000" timestamp="2019-08-04T20:02:54.323" activeThreads="16">
  <mem-info id="6756" free="28085152" total="46137344" percent="60">
    <mem type="tenure" free="28085152" total="46137344" percent="60" micro-fragmented="86064" macro-fragmented="0">
      <mem type="soa" free="27624352" total="45676544" percent="60" />
      <mem type="loa" free="460800" total="460800" percent="100" />
    </mem>
  </mem-info>
</gc-end>
<cycle-end id="6757" type="global" contextid="6750" timestamp="2019-08-04T20:02:54.323">
  <attribute name="GC Util" value="647" />
  <attribute name="CPU Util" value="1935782705309" />
  <attribute name="Time Running"value="121935"/>
  <attribute name="Number of cores"value="16"/>
</cycle-end>
<allocation-satisfied id="6758" threadId="0000000001BEEF00" bytesRequested="288" />
<af-end id="6759" timestamp="2019-08-04T20:02:54.323" threadId="0000000001BEF888" success="true" />
<exclusive-end id="6760" timestamp="2019-08-04T20:02:54.323" durationms="11.415" />

<exclusive-start id="6761" timestamp="2019-08-04T20:02:54.329" intervalms="17.694">
  <response-info timems="0.041" idlems="0.041" threads="0" lastid="0000000001BEEF00" lastname="main" />
</exclusive-start>
<af-start id="6762" threadId="0000000001BEF888" totalBytesRequested="64" timestamp="2019-08-04T20:02:54.329" intervalms="17.676" />
<cycle-start id="6763" type="global" contextid="0" timestamp="2019-08-04T20:02:54.330" intervalms="17.663" />
  <attribute name="GC Util" value="647" />
  <attribute name="CPU Util" value="1935782705309" />
  <attribute name="Time Running"value="121935"/>
  <attribute name="Number of cores"value="16"/>
<gc-start id="6764" type="global" contextid="6763" timestamp="2019-08-04T20:02:54.330">
  <mem-info id="6765" free="460800" total="46137344" percent="0">
    <mem type="tenure" free="460800" total="46137344" percent="0">
      <mem type="soa" free="0" total="45676544" percent="0" />
      <mem type="loa" free="460800" total="460800" percent="100" />
    </mem>
  </mem-info>
</gc-start>
<allocation-stats totalBytes="27601528" >
  <allocated-bytes non-tlh="0" tlh="27601528" />
  <largest-consumer threadName="main" threadId="0000000001BEEF00" bytes="27601528" />
</allocation-stats>
<gc-op id="6766" type="mark" timems="12.226" contextid="6763" timestamp="2019-08-04T20:02:54.342">
  <trace-info objectcount="596337" scancount="517350" scanbytes="13276096" />
  <finalization candidates="80" enqueued="0" />
  <ownableSynchronizers candidates="21" cleared="0" />
  <references type="soft" candidates="1843" cleared="0" enqueued="0" dynamicThreshold="19" maxThreshold="32" />
  <references type="weak" candidates="5810" cleared="0" enqueued="0" />
  <references type="phantom" candidates="97" cleared="0" enqueued="0" />
  <stringconstants candidates="13258" cleared="0"  />
</gc-op>
<gc-op id="6767" type="sweep" timems="2.588" contextid="6763" timestamp="2019-08-04T20:02:54.344" />
<gc-end id="6768" type="global" contextid="6763" durationms="14.964" usertimems="98.848" systemtimems="0.000" timestamp="2019-08-04T20:02:54.345" activeThreads="16">
  <mem-info id="6769" free="28084376" total="46137344" percent="60">
    <mem type="tenure" free="28084376" total="46137344" percent="60" micro-fragmented="86064" macro-fragmented="0">
      <mem type="soa" free="27623576" total="45676544" percent="60" />
      <mem type="loa" free="460800" total="460800" percent="100" />
    </mem>
  </mem-info>
</gc-end>
<cycle-end id="6770" type="global" contextid="6763" timestamp="2019-08-04T20:02:54.345">
  <attribute name="GC Util" value="625" />
  <attribute name="CPU Util" value="1504575879893" />
  <attribute name="Time Running"value="121955"/>
  <attribute name="Number of cores"value="16"/>
</cycle-end>
<allocation-satisfied id="6771" threadId="0000000001BEEF00" bytesRequested="64" />
<af-end id="6772" timestamp="2019-08-04T20:02:54.345" threadId="0000000001BEF888" success="true" />
<exclusive-end id="6773" timestamp="2019-08-04T20:02:54.345" durationms="15.165" />

<exclusive-start id="6774" timestamp="2019-08-04T20:02:54.355" intervalms="25.329">
  <response-info timems="0.045" idlems="0.045" threads="0" lastid="0000000001BEEF00" lastname="main" />
</exclusive-start>
<af-start id="6775" threadId="0000000001BEF888" totalBytesRequested="24" timestamp="2019-08-04T20:02:54.355" intervalms="25.330" />
<cycle-start id="6776" type="global" contextid="0" timestamp="2019-08-04T20:02:54.355" intervalms="25.329" />
  <attribute name="GC Util" value="625" />
  <attribute name="CPU Util" value="1504575879893" />
  <attribute name="Time Running"value="121955"/>
  <attribute name="Number of cores"value="16"/>
<gc-start id="6777" type="global" contextid="6776" timestamp="2019-08-04T20:02:54.355">
  <mem-info id="6778" free="460800" total="46137344" percent="0">
    <mem type="tenure" free="460800" total="46137344" percent="0">
      <mem type="soa" free="0" total="45676544" percent="0" />
      <mem type="loa" free="460800" total="460800" percent="100" />
    </mem>
  </mem-info>
</gc-start>
<allocation-stats totalBytes="27613000" >
  <allocated-bytes non-tlh="0" tlh="27613000" />
  <largest-consumer threadName="main" threadId="0000000001BEEF00" bytes="27613000" />
</allocation-stats>
<gc-op id="6779" type="mark" timems="12.569" contextid="6776" timestamp="2019-08-04T20:02:54.367">
  <trace-info objectcount="596330" scancount="517344" scanbytes="13275752" />
  <finalization candidates="80" enqueued="0" />
  <ownableSynchronizers candidates="21" cleared="0" />
  <references type="soft" candidates="1843" cleared="0" enqueued="0" dynamicThreshold="19" maxThreshold="32" />
  <references type="weak" candidates="5810" cleared="0" enqueued="0" />
  <references type="phantom" candidates="97" cleared="0" enqueued="0" />
  <stringconstants candidates="13258" cleared="0"  />
</gc-op>
<gc-op id="6780" type="sweep" timems="1.605" contextid="6776" timestamp="2019-08-04T20:02:54.369" />
<gc-end id="6781" type="global" contextid="6776" durationms="14.318" usertimems="80.418" systemtimems="0.000" timestamp="2019-08-04T20:02:54.369" activeThreads="16">
  <mem-info id="6782" free="28084784" total="46137344" percent="60">
    <mem type="tenure" free="28084784" total="46137344" percent="60" micro-fragmented="86064" macro-fragmented="0">
      <mem type="soa" free="27623984" total="45676544" percent="60" />
      <mem type="loa" free="460800" total="460800" percent="100" />
    </mem>
  </mem-info>
</gc-end>
<cycle-end id="6783" type="global" contextid="6776" timestamp="2019-08-04T20:02:54.369">
  <attribute name="GC Util" value="480" />
  <attribute name="CPU Util" value="1464337149407" />
  <attribute name="Time Running"value="121981"/>
  <attribute name="Number of cores"value="16"/>
</cycle-end>
<allocation-satisfied id="6784" threadId="0000000001BEEF00" bytesRequested="24" />
<af-end id="6785" timestamp="2019-08-04T20:02:54.369" threadId="0000000001BEF888" success="true" />
<exclusive-end id="6786" timestamp="2019-08-04T20:02:54.369" durationms="14.534" />

<exclusive-start id="6787" timestamp="2019-08-04T20:02:54.380" intervalms="25.266">
  <response-info timems="0.057" idlems="0.057" threads="0" lastid="0000000001BEEF00" lastname="main" />
</exclusive-start>
<af-start id="6788" threadId="0000000001BEF888" totalBytesRequested="32" timestamp="2019-08-04T20:02:54.380" intervalms="25.275" />
<cycle-start id="6789" type="global" contextid="0" timestamp="2019-08-04T20:02:54.380" intervalms="25.283" />
  <attribute name="GC Util" value="480" />
  <attribute name="CPU Util" value="1464337149407" />
  <attribute name="Time Running"value="121981"/>
  <attribute name="Number of cores"value="16"/>
<gc-start id="6790" type="global" contextid="6789" timestamp="2019-08-04T20:02:54.380">
  <mem-info id="6791" free="460800" total="46137344" percent="0">
    <mem type="tenure" free="460800" total="46137344" percent="0">
      <mem type="soa" free="0" total="45676544" percent="0" />
      <mem type="loa" free="460800" total="460800" percent="100" />
    </mem>
  </mem-info>
</gc-start>
<allocation-stats totalBytes="27613224" >
  <allocated-bytes non-tlh="0" tlh="27613224" />
  <largest-consumer threadName="main" threadId="0000000001BEEF00" bytes="27613224" />
</allocation-stats>
<gc-op id="6792" type="mark" timems="11.173" contextid="6789" timestamp="2019-08-04T20:02:54.391">
  <trace-info objectcount="596329" scancount="517337" scanbytes="13275680" />
  <finalization candidates="80" enqueued="0" />
  <ownableSynchronizers candidates="21" cleared="0" />
  <references type="soft" candidates="1843" cleared="0" enqueued="0" dynamicThreshold="19" maxThreshold="32" />
  <references type="weak" candidates="5810" cleared="0" enqueued="0" />
  <references type="phantom" candidates="97" cleared="0" enqueued="0" />
  <stringconstants candidates="13258" cleared="0"  />
</gc-op>
<gc-op id="6793" type="sweep" timems="1.899" contextid="6789" timestamp="2019-08-04T20:02:54.393" />
<gc-end id="6794" type="global" contextid="6789" durationms="13.197" usertimems="69.461" systemtimems="0.000" timestamp="2019-08-04T20:02:54.393" activeThreads="16">
  <mem-info id="6795" free="28084816" total="46137344" percent="60">
    <mem type="tenure" free="28084816" total="46137344" percent="60" micro-fragmented="86092" macro-fragmented="0">
      <mem type="soa" free="27624016" total="45676544" percent="60" />
      <mem type="loa" free="460800" total="460800" percent="100" />
    </mem>
  </mem-info>
</gc-end>
<cycle-end id="6796" type="global" contextid="6789" timestamp="2019-08-04T20:02:54.393">
  <attribute name="GC Util" value="554" />
  <attribute name="CPU Util" value="1651461100475" />
  <attribute name="Time Running"value="122005"/>
  <attribute name="Number of cores"value="16"/>
</cycle-end>
<allocation-satisfied id="6797" threadId="0000000001BEEF00" bytesRequested="32" />
<af-end id="6798" timestamp="2019-08-04T20:02:54.393" threadId="0000000001BEF888" success="true" />
<exclusive-end id="6799" timestamp="2019-08-04T20:02:54.393" durationms="13.469" />

<exclusive-start id="6800" timestamp="2019-08-04T20:02:54.594" intervalms="214.357">
  <response-info timems="0.045" idlems="0.045" threads="0" lastid="0000000001BEEF00" lastname="main" />
</exclusive-start>
<af-start id="6801" threadId="0000000001BEF888" totalBytesRequested="17256" timestamp="2019-08-04T20:02:54.594" intervalms="214.348" />
<cycle-start id="6802" type="global" contextid="0" timestamp="2019-08-04T20:02:54.594" intervalms="214.344" />
  <attribute name="GC Util" value="554" />
  <attribute name="CPU Util" value="1651461100475" />
  <attribute name="Time Running"value="122005"/>
  <attribute name="Number of cores"value="16"/>
<gc-start id="6803" type="global" contextid="6802" timestamp="2019-08-04T20:02:54.595">
  <mem-info id="6804" free="460800" total="46137344" percent="0">
    <mem type="tenure" free="460800" total="46137344" percent="0">
      <mem type="soa" free="0" total="45676544" percent="0" />
      <mem type="loa" free="460800" total="460800" percent="100" />
    </mem>
  </mem-info>
</gc-start>
<allocation-stats totalBytes="27567912" >
  <allocated-bytes non-tlh="0" tlh="27567912" />
  <largest-consumer threadName="main" threadId="0000000001BEEF00" bytes="27567912" />
</allocation-stats>
<gc-op id="6805" type="mark" timems="10.045" contextid="6802" timestamp="2019-08-04T20:02:54.605">
  <trace-info objectcount="596340" scancount="517352" scanbytes="13296356" />
  <finalization candidates="80" enqueued="0" />
  <ownableSynchronizers candidates="21" cleared="0" />
  <references type="soft" candidates="1843" cleared="0" enqueued="0" dynamicThreshold="19" maxThreshold="32" />
  <references type="weak" candidates="5810" cleared="0" enqueued="0" />
  <references type="phantom" candidates="97" cleared="0" enqueued="0" />
  <stringconstants candidates="13258" cleared="0"  />
</gc-op>
<gc-op id="6806" type="sweep" timems="1.664" contextid="6802" timestamp="2019-08-04T20:02:54.606" />
<gc-end id="6807" type="global" contextid="6802" durationms="11.854" usertimems="78.098" systemtimems="0.000" timestamp="2019-08-04T20:02:54.606" activeThreads="16">
  <mem-info id="6808" free="28061800" total="46137344" percent="60">
    <mem type="tenure" free="28061800" total="46137344" percent="60" micro-fragmented="89425" macro-fragmented="0">
      <mem type="soa" free="27601000" total="45676544" percent="60" />
      <mem type="loa" free="460800" total="460800" percent="100" />
    </mem>
  </mem-info>
</gc-end>
<cycle-end id="6809" type="global" contextid="6802" timestamp="2019-08-04T20:02:54.606">
  <attribute name="GC Util" value="581" />
  <attribute name="CPU Util" value="1828690090203" />
  <attribute name="Time Running"value="122218"/>
  <attribute name="Number of cores"value="16"/>
</cycle-end>
<allocation-satisfied id="6810" threadId="0000000001BEEF00" bytesRequested="17256" />
<af-end id="6811" timestamp="2019-08-04T20:02:54.606" threadId="0000000001BEF888" success="true" />
<exclusive-end id="6812" timestamp="2019-08-04T20:02:54.606" durationms="12.083" />

<exclusive-start id="6813" timestamp="2019-08-04T20:02:54.611" intervalms="16.243">
  <response-info timems="0.061" idlems="0.061" threads="0" lastid="0000000001BEEF00" lastname="main" />
</exclusive-start>
<af-start id="6814" threadId="0000000001BEF888" totalBytesRequested="19024" timestamp="2019-08-04T20:02:54.611" intervalms="16.260" />
<cycle-start id="6815" type="global" contextid="0" timestamp="2019-08-04T20:02:54.611" intervalms="16.279" />
  <attribute name="GC Util" value="581" />
  <attribute name="CPU Util" value="1828690090203" />
  <attribute name="Time Running"value="122218"/>
  <attribute name="Number of cores"value="16"/>
<gc-start id="6816" type="global" contextid="6815" timestamp="2019-08-04T20:02:54.611">
  <mem-info id="6817" free="460800" total="46137344" percent="0">
    <mem type="tenure" free="460800" total="46137344" percent="0">
      <mem type="soa" free="0" total="45676544" percent="0" />
      <mem type="loa" free="460800" total="460800" percent="100" />
    </mem>
  </mem-info>
</gc-start>
<allocation-stats totalBytes="25905904" >
  <allocated-bytes non-tlh="1220224" tlh="24685680" />
  <largest-consumer threadName="main" threadId="0000000001BEEF00" bytes="25905904" />
</allocation-stats>
<gc-op id="6818" type="mark" timems="9.710" contextid="6815" timestamp="2019-08-04T20:02:54.621">
  <trace-info objectcount="596340" scancount="517355" scanbytes="13315152" />
  <finalization candidates="80" enqueued="0" />
  <ownableSynchronizers candidates="21" cleared="0" />
  <references type="soft" candidates="1843" cleared="0" enqueued="0" dynamicThreshold="19" maxThreshold="32" />
  <references type="weak" candidates="5810" cleared="0" enqueued="0" />
  <references type="phantom" candidates="97" cleared="0" enqueued="0" />
  <stringconstants candidates="13258" cleared="0"  />
</gc-op>
<gc-op id="6819" type="sweep" timems="2.138" contextid="6815" timestamp="2019-08-04T20:02:54.623" />
<gc-end id="6820" type="global" contextid="6815" durationms="12.043" usertimems="80.180" systemtimems="0.000" timestamp="2019-08-04T20:02:54.623" activeThreads="16">
  <mem-info id="6821" free="28043096" total="46137344" percent="60">
    <mem type="tenure" free="28043096" total="46137344" percent="60" micro-fragmented="89481" macro-fragmented="0">
      <mem type="soa" free="27582296" total="45676544" percent="60" />
      <mem type="loa" free="460800" total="460800" percent="100" />
    </mem>
  </mem-info>
</gc-end>
<cycle-end id="6822" type="global" contextid="6815" timestamp="2019-08-04T20:02:54.623">
  <attribute name="GC Util" value="577" />
  <attribute name="CPU Util" value="1905540121476" />
  <attribute name="Time Running"value="122234"/>
  <attribute name="Number of cores"value="16"/>
</cycle-end>
<allocation-satisfied id="6823" threadId="0000000001BEEF00" bytesRequested="19024" />
<af-end id="6824" timestamp="2019-08-04T20:02:54.623" threadId="0000000001BEF888" success="true" />
<exclusive-end id="6825" timestamp="2019-08-04T20:02:54.623" durationms="12.298" />

<exclusive-start id="6826" timestamp="2019-08-04T20:02:54.626" intervalms="15.379">
  <response-info timems="0.046" idlems="0.046" threads="0" lastid="0000000001BEEF00" lastname="main" />
</exclusive-start>
<af-start id="6827" threadId="0000000001BEF888" totalBytesRequested="18040" timestamp="2019-08-04T20:02:54.626" intervalms="15.364" />
<cycle-start id="6828" type="global" contextid="0" timestamp="2019-08-04T20:02:54.626" intervalms="15.366" />
  <attribute name="GC Util" value="577" />
  <attribute name="CPU Util" value="1905540121476" />
  <attribute name="Time Running"value="122234"/>
  <attribute name="Number of cores"value="16"/>
<gc-start id="6829" type="global" contextid="6828" timestamp="2019-08-04T20:02:54.626">
  <mem-info id="6830" free="460800" total="46137344" percent="0">
    <mem type="tenure" free="460800" total="46137344" percent="0">
      <mem type="soa" free="0" total="45676544" percent="0" />
      <mem type="loa" free="460800" total="460800" percent="100" />
    </mem>
  </mem-info>
</gc-start>
<allocation-stats totalBytes="25662560" >
  <allocated-bytes non-tlh="1044776" tlh="24617784" />
  <largest-consumer threadName="main" threadId="0000000001BEEF00" bytes="25662560" />
</allocation-stats>
<gc-op id="6831" type="mark" timems="9.852" contextid="6828" timestamp="2019-08-04T20:02:54.636">
  <trace-info objectcount="596340" scancount="517352" scanbytes="13296356" />
  <finalization candidates="80" enqueued="0" />
  <ownableSynchronizers candidates="21" cleared="0" />
  <references type="soft" candidates="1843" cleared="0" enqueued="0" dynamicThreshold="19" maxThreshold="32" />
  <references type="weak" candidates="5810" cleared="0" enqueued="0" />
  <references type="phantom" candidates="97" cleared="0" enqueued="0" />
  <stringconstants candidates="13258" cleared="0"  />
</gc-op>
<gc-op id="6832" type="sweep" timems="2.497" contextid="6828" timestamp="2019-08-04T20:02:54.639" />
<gc-end id="6833" type="global" contextid="6828" durationms="12.571" usertimems="78.430" systemtimems="0.000" timestamp="2019-08-04T20:02:54.639" activeThreads="16">
  <mem-info id="6834" free="28061856" total="46137344" percent="60">
    <mem type="tenure" free="28061856" total="46137344" percent="60" micro-fragmented="95953" macro-fragmented="0">
      <mem type="soa" free="27601056" total="45676544" percent="60" />
      <mem type="loa" free="460800" total="460800" percent="100" />
    </mem>
  </mem-info>
</gc-end>
<cycle-end id="6835" type="global" contextid="6828" timestamp="2019-08-04T20:02:54.639">
  <attribute name="GC Util" value="552" />
  <attribute name="CPU Util" value="1863187496704" />
  <attribute name="Time Running"value="122249"/>
  <attribute name="Number of cores"value="16"/>
</cycle-end>
<allocation-satisfied id="6836" threadId="0000000001BEEF00" bytesRequested="18040" />
<af-end id="6837" timestamp="2019-08-04T20:02:54.639" threadId="0000000001BEF888" success="true" />
<exclusive-end id="6838" timestamp="2019-08-04T20:02:54.639" durationms="12.802" />

<exclusive-start id="6839" timestamp="2019-08-04T20:02:54.784" intervalms="157.739">
  <response-info timems="0.081" idlems="0.081" threads="0" lastid="0000000001BEEF00" lastname="main" />
</exclusive-start>
<af-start id="6840" threadId="0000000001BEF888" totalBytesRequested="80" timestamp="2019-08-04T20:02:54.784" intervalms="157.739" />
<cycle-start id="6841" type="global" contextid="0" timestamp="2019-08-04T20:02:54.784" intervalms="157.724" />
  <attribute name="GC Util" value="552" />
  <attribute name="CPU Util" value="1863187496704" />
  <attribute name="Time Running"value="122249"/>
  <attribute name="Number of cores"value="16"/>
<gc-start id="6842" type="global" contextid="6841" timestamp="2019-08-04T20:02:54.784">
  <mem-info id="6843" free="460800" total="46137344" percent="0">
    <mem type="tenure" free="460800" total="46137344" percent="0">
      <mem type="soa" free="0" total="45676544" percent="0" />
      <mem type="loa" free="460800" total="460800" percent="100" />
    </mem>
  </mem-info>
</gc-start>
<allocation-stats totalBytes="27580472" >
  <allocated-bytes non-tlh="901288" tlh="26679184" />
  <largest-consumer threadName="main" threadId="0000000001BEEF00" bytes="27580472" />
</allocation-stats>
<gc-op id="6844" type="mark" timems="11.184" contextid="6841" timestamp="2019-08-04T20:02:54.795">
  <trace-info objectcount="596324" scancount="517336" scanbytes="13275268" />
  <finalization candidates="80" enqueued="0" />
  <ownableSynchronizers candidates="21" cleared="0" />
  <references type="soft" candidates="1843" cleared="0" enqueued="0" dynamicThreshold="19" maxThreshold="32" />
  <references type="weak" candidates="5810" cleared="0" enqueued="0" />
  <references type="phantom" candidates="97" cleared="0" enqueued="0" />
  <stringconstants candidates="13258" cleared="0"  />
</gc-op>
<gc-op id="6845" type="sweep" timems="1.718" contextid="6841" timestamp="2019-08-04T20:02:54.797" />
<gc-end id="6846" type="global" contextid="6841" durationms="13.110" usertimems="79.022" systemtimems="0.000" timestamp="2019-08-04T20:02:54.797" activeThreads="16">
  <mem-info id="6847" free="28085832" total="46137344" percent="60">
    <mem type="tenure" free="28085832" total="46137344" percent="60" micro-fragmented="89470" macro-fragmented="0">
      <mem type="soa" free="27625032" total="45676544" percent="60" />
      <mem type="loa" free="460800" total="460800" percent="100" />
    </mem>
  </mem-info>
</gc-end>
<cycle-end id="6848" type="global" contextid="6841" timestamp="2019-08-04T20:02:54.797">
  <attribute name="GC Util" value="514" />
  <attribute name="CPU Util" value="1645933860744" />
  <attribute name="Time Running"value="122408"/>
  <attribute name="Number of cores"value="16"/>
</cycle-end>
<allocation-satisfied id="6849" threadId="0000000001BEEF00" bytesRequested="80" />
<af-end id="6850" timestamp="2019-08-04T20:02:54.797" threadId="0000000001BEF888" success="true" />
<exclusive-end id="6851" timestamp="2019-08-04T20:02:54.797" durationms="13.371" />

<exclusive-start id="6852" timestamp="2019-08-04T20:02:54.817" intervalms="33.341">
  <response-info timems="0.042" idlems="0.042" threads="0" lastid="0000000001BEEF00" lastname="main" />
</exclusive-start>
<af-start id="6853" threadId="0000000001BEF888" totalBytesRequested="24" timestamp="2019-08-04T20:02:54.817" intervalms="33.339" />
<cycle-start id="6854" type="global" contextid="0" timestamp="2019-08-04T20:02:54.817" intervalms="33.351" />
  <attribute name="GC Util" value="514" />
  <attribute name="CPU Util" value="1645933860744" />
  <attribute name="Time Running"value="122408"/>
  <attribute name="Number of cores"value="16"/>
<gc-start id="6855" type="global" contextid="6854" timestamp="2019-08-04T20:02:54.817">
  <mem-info id="6856" free="460800" total="46137344" percent="0">
    <mem type="tenure" free="460800" total="46137344" percent="0">
      <mem type="soa" free="0" total="45676544" percent="0" />
      <mem type="loa" free="460800" total="460800" percent="100" />
    </mem>
  </mem-info>
</gc-start>
<allocation-stats totalBytes="27618576" >
  <allocated-bytes non-tlh="0" tlh="27618576" />
  <largest-consumer threadName="main" threadId="0000000001BEEF00" bytes="27618576" />
</allocation-stats>
<gc-op id="6857" type="mark" timems="9.756" contextid="6854" timestamp="2019-08-04T20:02:54.827">
  <trace-info objectcount="596327" scancount="517339" scanbytes="13275392" />
  <finalization candidates="80" enqueued="0" />
  <ownableSynchronizers candidates="21" cleared="0" />
  <references type="soft" candidates="1843" cleared="0" enqueued="0" dynamicThreshold="19" maxThreshold="32" />
  <references type="weak" candidates="5810" cleared="0" enqueued="0" />
  <references type="phantom" candidates="97" cleared="0" enqueued="0" />
  <stringconstants candidates="13258" cleared="0"  />
</gc-op>
<gc-op id="6858" type="sweep" timems="1.691" contextid="6854" timestamp="2019-08-04T20:02:54.829" />
<gc-end id="6859" type="global" contextid="6854" durationms="11.637" usertimems="75.875" systemtimems="0.000" timestamp="2019-08-04T20:02:54.829" activeThreads="16">
  <mem-info id="6860" free="28085688" total="46137344" percent="60">
    <mem type="tenure" free="28085688" total="46137344" percent="60" micro-fragmented="89470" macro-fragmented="0">
      <mem type="soa" free="27624888" total="45676544" percent="60" />
      <mem type="loa" free="460800" total="460800" percent="100" />
    </mem>
  </mem-info>
</gc-end>
<cycle-end id="6861" type="global" contextid="6854" timestamp="2019-08-04T20:02:54.829">
  <attribute name="GC Util" value="549" />
  <attribute name="CPU Util" value="1886876566390" />
  <attribute name="Time Running"value="122440"/>
  <attribute name="Number of cores"value="16"/>
</cycle-end>
<allocation-satisfied id="6862" threadId="0000000001BEEF00" bytesRequested="24" />
<af-end id="6863" timestamp="2019-08-04T20:02:54.829" threadId="0000000001BEF888" success="true" />
<exclusive-end id="6864" timestamp="2019-08-04T20:02:54.829" durationms="11.850" />

<exclusive-start id="6865" timestamp="2019-08-04T20:02:54.844" intervalms="27.136">
  <response-info timems="0.040" idlems="0.040" threads="0" lastid="0000000001BEEF00" lastname="main" />
</exclusive-start>
<af-start id="6866" threadId="0000000001BEF888" totalBytesRequested="32" timestamp="2019-08-04T20:02:54.844" intervalms="27.134" />
<cycle-start id="6867" type="global" contextid="0" timestamp="2019-08-04T20:02:54.844" intervalms="27.124" />
  <attribute name="GC Util" value="549" />
  <attribute name="CPU Util" value="1886876566390" />
  <attribute name="Time Running"value="122440"/>
  <attribute name="Number of cores"value="16"/>
<gc-start id="6868" type="global" contextid="6867" timestamp="2019-08-04T20:02:54.844">
  <mem-info id="6869" free="460800" total="46137344" percent="0">
    <mem type="tenure" free="460800" total="46137344" percent="0">
      <mem type="soa" free="0" total="45676544" percent="0" />
      <mem type="loa" free="460800" total="460800" percent="100" />
    </mem>
  </mem-info>
</gc-start>
<allocation-stats totalBytes="27617704" >
  <allocated-bytes non-tlh="0" tlh="27617704" />
  <largest-consumer threadName="main" threadId="0000000001BEEF00" bytes="27617704" />
</allocation-stats>
<gc-op id="6870" type="mark" timems="15.936" contextid="6867" timestamp="2019-08-04T20:02:54.860">
  <trace-info objectcount="596350" scancount="517361" scanbytes="13276132" />
  <finalization candidates="80" enqueued="0" />
  <ownableSynchronizers candidates="21" cleared="0" />
  <references type="soft" candidates="1843" cleared="0" enqueued="0" dynamicThreshold="19" maxThreshold="32" />
  <references type="weak" candidates="5810" cleared="0" enqueued="0" />
  <references type="phantom" candidates="97" cleared="0" enqueued="0" />
  <stringconstants candidates="13258" cleared="0"  />
</gc-op>
<gc-op id="6871" type="sweep" timems="2.944" contextid="6867" timestamp="2019-08-04T20:02:54.863" />
<gc-end id="6872" type="global" contextid="6867" durationms="19.088" usertimems="108.169" systemtimems="0.000" timestamp="2019-08-04T20:02:54.863" activeThreads="16">
  <mem-info id="6873" free="28083216" total="46137344" percent="60">
    <mem type="tenure" free="28083216" total="46137344" percent="60" micro-fragmented="89414" macro-fragmented="0">
      <mem type="soa" free="27622416" total="45676544" percent="60" />
      <mem type="loa" free="460800" total="460800" percent="100" />
    </mem>
  </mem-info>
</gc-end>
<cycle-end id="6874" type="global" contextid="6867" timestamp="2019-08-04T20:02:54.864">
  <attribute name="GC Util" value="472" />
  <attribute name="CPU Util" value="1155205309475" />
  <attribute name="Time Running"value="122474"/>
  <attribute name="Number of cores"value="16"/>
</cycle-end>
<allocation-satisfied id="6875" threadId="0000000001BEEF00" bytesRequested="32" />
<af-end id="6876" timestamp="2019-08-04T20:02:54.864" threadId="0000000001BEF888" success="true" />
<exclusive-end id="6877" timestamp="2019-08-04T20:02:54.864" durationms="19.354" />

<exclusive-start id="6878" timestamp="2019-08-04T20:02:54.908" intervalms="63.563">
  <response-info timems="0.046" idlems="0.046" threads="0" lastid="0000000001BEEF00" lastname="main" />
</exclusive-start>
<af-start id="6879" threadId="0000000001BEF888" totalBytesRequested="80" timestamp="2019-08-04T20:02:54.908" intervalms="63.565" />
<cycle-start id="6880" type="global" contextid="0" timestamp="2019-08-04T20:02:54.908" intervalms="63.562" />
  <attribute name="GC Util" value="472" />
  <attribute name="CPU Util" value="1155205309475" />
  <attribute name="Time Running"value="122474"/>
  <attribute name="Number of cores"value="16"/>
<gc-start id="6881" type="global" contextid="6880" timestamp="2019-08-04T20:02:54.908">
  <mem-info id="6882" free="460800" total="46137344" percent="0">
    <mem type="tenure" free="460800" total="46137344" percent="0">
      <mem type="soa" free="0" total="45676544" percent="0" />
      <mem type="loa" free="460800" total="460800" percent="100" />
    </mem>
  </mem-info>
</gc-start>
<allocation-stats totalBytes="27613896" >
  <allocated-bytes non-tlh="0" tlh="27613896" />
  <largest-consumer threadName="main" threadId="0000000001BEEF00" bytes="27613896" />
</allocation-stats>
<gc-op id="6883" type="mark" timems="12.745" contextid="6880" timestamp="2019-08-04T20:02:54.921">
  <trace-info objectcount="596353" scancount="517364" scanbytes="13276212" />
  <finalization candidates="80" enqueued="0" />
  <ownableSynchronizers candidates="21" cleared="0" />
  <references type="soft" candidates="1843" cleared="0" enqueued="0" dynamicThreshold="19" maxThreshold="32" />
  <references type="weak" candidates="5810" cleared="0" enqueued="0" />
  <references type="phantom" candidates="97" cleared="0" enqueued="0" />
  <stringconstants candidates="13258" cleared="0"  />
</gc-op>
<gc-op id="6884" type="sweep" timems="3.150" contextid="6880" timestamp="2019-08-04T20:02:54.924" />
<gc-end id="6885" type="global" contextid="6880" durationms="16.172" usertimems="95.574" systemtimems="0.000" timestamp="2019-08-04T20:02:54.924" activeThreads="16">
  <mem-info id="6886" free="28082872" total="46137344" percent="60">
    <mem type="tenure" free="28082872" total="46137344" percent="60" micro-fragmented="89414" macro-fragmented="0">
      <mem type="soa" free="27622072" total="45676544" percent="60" />
      <mem type="loa" free="460800" total="460800" percent="100" />
    </mem>
  </mem-info>
</gc-end>
<cycle-end id="6887" type="global" contextid="6880" timestamp="2019-08-04T20:02:54.924">
  <attribute name="GC Util" value="513" />
  <attribute name="CPU Util" value="1439785545426" />
  <attribute name="Time Running"value="122534"/>
  <attribute name="Number of cores"value="16"/>
</cycle-end>
<allocation-satisfied id="6888" threadId="0000000001BEEF00" bytesRequested="80" />
<af-end id="6889" timestamp="2019-08-04T20:02:54.924" threadId="0000000001BEF888" success="true" />
<exclusive-end id="6890" timestamp="2019-08-04T20:02:54.924" durationms="16.533" />

<exclusive-start id="6891" timestamp="2019-08-04T20:02:54.952" intervalms="44.413">
  <response-info timems="0.065" idlems="0.065" threads="0" lastid="0000000001BEEF00" lastname="main" />
</exclusive-start>
<af-start id="6892" threadId="0000000001BEF888" totalBytesRequested="80" timestamp="2019-08-04T20:02:54.952" intervalms="44.504" />
<cycle-start id="6893" type="global" contextid="0" timestamp="2019-08-04T20:02:54.952" intervalms="44.549" />
  <attribute name="GC Util" value="513" />
  <attribute name="CPU Util" value="1439785545426" />
  <attribute name="Time Running"value="122534"/>
  <attribute name="Number of cores"value="16"/>
<gc-start id="6894" type="global" contextid="6893" timestamp="2019-08-04T20:02:54.953">
  <mem-info id="6895" free="460800" total="46137344" percent="0">
    <mem type="tenure" free="460800" total="46137344" percent="0">
      <mem type="soa" free="0" total="45676544" percent="0" />
      <mem type="loa" free="460800" total="460800" percent="100" />
    </mem>
  </mem-info>
</gc-start>
<allocation-stats totalBytes="27609360" >
  <allocated-bytes non-tlh="0" tlh="27609360" />
  <largest-consumer threadName="main" threadId="0000000001BEEF00" bytes="27609360" />
</allocation-stats>
<gc-op id="6896" type="mark" timems="11.007" contextid="6893" timestamp="2019-08-04T20:02:54.964">
  <trace-info objectcount="596341" scancount="517353" scanbytes="13275992" />
  <finalization candidates="80" enqueued="0" />
  <ownableSynchronizers candidates="21" cleared="0" />
  <references type="soft" candidates="1843" cleared="0" enqueued="0" dynamicThreshold="19" maxThreshold="32" />
  <references type="weak" candidates="5810" cleared="0" enqueued="0" />
  <references type="phantom" candidates="97" cleared="0" enqueued="0" />
  <stringconstants candidates="13258" cleared="0"  />
</gc-op>
<gc-op id="6897" type="sweep" timems="1.778" contextid="6893" timestamp="2019-08-04T20:02:54.965" />
<gc-end id="6898" type="global" contextid="6893" durationms="13.117" usertimems="80.205" systemtimems="0.000" timestamp="2019-08-04T20:02:54.966" activeThreads="16">
  <mem-info id="6899" free="28084408" total="46137344" percent="60">
    <mem type="tenure" free="28084408" total="46137344" percent="60" micro-fragmented="86060" macro-fragmented="0">
      <mem type="soa" free="27623608" total="45676544" percent="60" />
      <mem type="loa" free="460800" total="460800" percent="100" />
    </mem>
  </mem-info>
</gc-end>
<cycle-end id="6900" type="global" contextid="6893" timestamp="2019-08-04T20:02:54.966">
  <attribute name="GC Util" value="556" />
  <attribute name="CPU Util" value="1667804153484" />
  <attribute name="Time Running"value="122577"/>
  <attribute name="Number of cores"value="16"/>
</cycle-end>
<allocation-satisfied id="6901" threadId="0000000001BEEF00" bytesRequested="80" />
<af-end id="6902" timestamp="2019-08-04T20:02:54.966" threadId="0000000001BEF888" success="true" />
<exclusive-end id="6903" timestamp="2019-08-04T20:02:54.966" durationms="13.788" />

<exclusive-start id="6904" timestamp="2019-08-04T20:02:54.990" intervalms="37.734">
  <response-info timems="0.034" idlems="0.034" threads="0" lastid="0000000001BEEF00" lastname="main" />
</exclusive-start>
<af-start id="6905" threadId="0000000001BEF888" totalBytesRequested="24" timestamp="2019-08-04T20:02:54.990" intervalms="37.678" />
<cycle-start id="6906" type="global" contextid="0" timestamp="2019-08-04T20:02:54.990" intervalms="37.630" />
  <attribute name="GC Util" value="556" />
  <attribute name="CPU Util" value="1667804153484" />
  <attribute name="Time Running"value="122577"/>
  <attribute name="Number of cores"value="16"/>
<gc-start id="6907" type="global" contextid="6906" timestamp="2019-08-04T20:02:54.990">
  <mem-info id="6908" free="460800" total="46137344" percent="0">
    <mem type="tenure" free="460800" total="46137344" percent="0">
      <mem type="soa" free="0" total="45676544" percent="0" />
      <mem type="loa" free="460800" total="460800" percent="100" />
    </mem>
  </mem-info>
</gc-start>
<allocation-stats totalBytes="27611840" >
  <allocated-bytes non-tlh="0" tlh="27611840" />
  <largest-consumer threadName="main" threadId="0000000001BEEF00" bytes="27611840" />
</allocation-stats>
<gc-op id="6909" type="mark" timems="10.058" contextid="6906" timestamp="2019-08-04T20:02:55.000">
  <trace-info objectcount="596336" scancount="517345" scanbytes="13275628" />
  <finalization candidates="80" enqueued="0" />
  <ownableSynchronizers candidates="21" cleared="0" />
  <references type="soft" candidates="1843" cleared="0" enqueued="0" dynamicThreshold="19" maxThreshold="32" />
  <references type="weak" candidates="5810" cleared="0" enqueued="0" />
  <references type="phantom" candidates="97" cleared="0" enqueued="0" />
  <stringconstants candidates="13258" cleared="0"  />
</gc-op>
<gc-op id="6910" type="sweep" timems="1.560" contextid="6906" timestamp="2019-08-04T20:02:55.002" />
<gc-end id="6911" type="global" contextid="6906" durationms="11.950" usertimems="69.614" systemtimems="0.000" timestamp="2019-08-04T20:02:55.002" activeThreads="16">
  <mem-info id="6912" free="28083888" total="46137344" percent="60">
    <mem type="tenure" free="28083888" total="46137344" percent="60" micro-fragmented="85368" macro-fragmented="0">
      <mem type="soa" free="27623088" total="45676544" percent="60" />
      <mem type="loa" free="460800" total="460800" percent="100" />
    </mem>
  </mem-info>
</gc-end>
<cycle-end id="6913" type="global" contextid="6906" timestamp="2019-08-04T20:02:55.002">
  <attribute name="GC Util" value="473" />
  <attribute name="CPU Util" value="1824928571455" />
  <attribute name="Time Running"value="122614"/>
  <attribute name="Number of cores"value="16"/>
</cycle-end>
<allocation-satisfied id="6914" threadId="0000000001BEEF00" bytesRequested="24" />
<af-end id="6915" timestamp="2019-08-04T20:02:55.002" threadId="0000000001BEF888" success="true" />
<exclusive-end id="6916" timestamp="2019-08-04T20:02:55.002" durationms="12.325" />

<exclusive-start id="6917" timestamp="2019-08-04T20:02:55.033" intervalms="42.803">
  <response-info timems="0.033" idlems="0.033" threads="0" lastid="0000000001BEEF00" lastname="main" />
</exclusive-start>
<af-start id="6918" threadId="0000000001BEF888" totalBytesRequested="24" timestamp="2019-08-04T20:02:55.033" intervalms="42.782" />
<cycle-start id="6919" type="global" contextid="0" timestamp="2019-08-04T20:02:55.033" intervalms="42.781" />
  <attribute name="GC Util" value="473" />
  <attribute name="CPU Util" value="1824928571455" />
  <attribute name="Time Running"value="122614"/>
  <attribute name="Number of cores"value="16"/>
<gc-start id="6920" type="global" contextid="6919" timestamp="2019-08-04T20:02:55.033">
  <mem-info id="6921" free="460800" total="46137344" percent="0">
    <mem type="tenure" free="460800" total="46137344" percent="0">
      <mem type="soa" free="0" total="45676544" percent="0" />
      <mem type="loa" free="460800" total="460800" percent="100" />
    </mem>
  </mem-info>
</gc-start>
<allocation-stats totalBytes="27620160" >
  <allocated-bytes non-tlh="0" tlh="27620160" />
  <largest-consumer threadName="main" threadId="0000000001BEEF00" bytes="27620160" />
</allocation-stats>
<gc-op id="6922" type="mark" timems="9.166" contextid="6919" timestamp="2019-08-04T20:02:55.042">
  <trace-info objectcount="596338" scancount="517347" scanbytes="13275684" />
  <finalization candidates="80" enqueued="0" />
  <ownableSynchronizers candidates="21" cleared="0" />
  <references type="soft" candidates="1843" cleared="0" enqueued="0" dynamicThreshold="19" maxThreshold="32" />
  <references type="weak" candidates="5810" cleared="0" enqueued="0" />
  <references type="phantom" candidates="97" cleared="0" enqueued="0" />
  <stringconstants candidates="13258" cleared="0"  />
</gc-op>
<gc-op id="6923" type="sweep" timems="1.874" contextid="6919" timestamp="2019-08-04T20:02:55.044" />
<gc-end id="6924" type="global" contextid="6919" durationms="11.247" usertimems="72.137" systemtimems="0.000" timestamp="2019-08-04T20:02:55.044" activeThreads="16">
  <mem-info id="6925" free="28083824" total="46137344" percent="60">
    <mem type="tenure" free="28083824" total="46137344" percent="60" micro-fragmented="85368" macro-fragmented="0">
      <mem type="soa" free="27623024" total="45676544" percent="60" />
      <mem type="loa" free="460800" total="460800" percent="100" />
    </mem>
  </mem-info>
</gc-end>
<cycle-end id="6926" type="global" contextid="6919" timestamp="2019-08-04T20:02:55.044">
  <attribute name="GC Util" value="589" />
  <attribute name="CPU Util" value="2006046733560" />
  <attribute name="Time Running"value="122655"/>
  <attribute name="Number of cores"value="16"/>
</cycle-end>
<allocation-satisfied id="6927" threadId="0000000001BEEF00" bytesRequested="24" />
<af-end id="6928" timestamp="2019-08-04T20:02:55.044" threadId="0000000001BEF888" success="true" />
<exclusive-end id="6929" timestamp="2019-08-04T20:02:55.044" durationms="11.487" />

<exclusive-start id="6930" timestamp="2019-08-04T20:02:55.075" intervalms="41.926">
  <response-info timems="0.046" idlems="0.046" threads="0" lastid="0000000001BEEF00" lastname="main" />
</exclusive-start>
<af-start id="6931" threadId="0000000001BEF888" totalBytesRequested="80" timestamp="2019-08-04T20:02:55.075" intervalms="41.901" />
<cycle-start id="6932" type="global" contextid="0" timestamp="2019-08-04T20:02:55.075" intervalms="41.893" />
  <attribute name="GC Util" value="589" />
  <attribute name="CPU Util" value="2006046733560" />
  <attribute name="Time Running"value="122655"/>
  <attribute name="Number of cores"value="16"/>
<gc-start id="6933" type="global" contextid="6932" timestamp="2019-08-04T20:02:55.075">
  <mem-info id="6934" free="460800" total="46137344" percent="0">
    <mem type="tenure" free="460800" total="46137344" percent="0">
      <mem type="soa" free="0" total="45676544" percent="0" />
      <mem type="loa" free="460800" total="460800" percent="100" />
    </mem>
  </mem-info>
</gc-start>
<allocation-stats totalBytes="27619240" >
  <allocated-bytes non-tlh="0" tlh="27619240" />
  <largest-consumer threadName="main" threadId="0000000001BEEF00" bytes="27619240" />
</allocation-stats>
<gc-op id="6935" type="mark" timems="9.684" contextid="6932" timestamp="2019-08-04T20:02:55.084">
  <trace-info objectcount="596342" scancount="517355" scanbytes="13275724" />
  <finalization candidates="80" enqueued="0" />
  <ownableSynchronizers candidates="21" cleared="0" />
  <references type="soft" candidates="1843" cleared="0" enqueued="0" dynamicThreshold="19" maxThreshold="32" />
  <references type="weak" candidates="5810" cleared="0" enqueued="0" />
  <references type="phantom" candidates="97" cleared="0" enqueued="0" />
  <stringconstants candidates="13258" cleared="0"  />
</gc-op>
<gc-op id="6936" type="sweep" timems="1.725" contextid="6932" timestamp="2019-08-04T20:02:55.086" />
<gc-end id="6937" type="global" contextid="6932" durationms="11.575" usertimems="77.595" systemtimems="0.000" timestamp="2019-08-04T20:02:55.086" activeThreads="16">
  <mem-info id="6938" free="28083296" total="46137344" percent="60">
    <mem type="tenure" free="28083296" total="46137344" percent="60" micro-fragmented="85284" macro-fragmented="0">
      <mem type="soa" free="27622496" total="45676544" percent="60" />
      <mem type="loa" free="460800" total="460800" percent="100" />
    </mem>
  </mem-info>
</gc-end>
<cycle-end id="6939" type="global" contextid="6932" timestamp="2019-08-04T20:02:55.086">
  <attribute name="GC Util" value="622" />
  <attribute name="CPU Util" value="1896647568895" />
  <attribute name="Time Running"value="122698"/>
  <attribute name="Number of cores"value="16"/>
</cycle-end>
<allocation-satisfied id="6940" threadId="0000000001BEEF00" bytesRequested="80" />
<af-end id="6941" timestamp="2019-08-04T20:02:55.086" threadId="0000000001BEF888" success="true" />
<exclusive-end id="6942" timestamp="2019-08-04T20:02:55.086" durationms="11.768" />

<exclusive-start id="6943" timestamp="2019-08-04T20:02:55.114" intervalms="39.218">
  <response-info timems="0.034" idlems="0.034" threads="0" lastid="0000000001BEEF00" lastname="main" />
</exclusive-start>
<af-start id="6944" threadId="0000000001BEF888" totalBytesRequested="32" timestamp="2019-08-04T20:02:55.114" intervalms="39.218" />
<cycle-start id="6945" type="global" contextid="0" timestamp="2019-08-04T20:02:55.114" intervalms="39.219" />
  <attribute name="GC Util" value="622" />
  <attribute name="CPU Util" value="1896647568895" />
  <attribute name="Time Running"value="122698"/>
  <attribute name="Number of cores"value="16"/>
<gc-start id="6946" type="global" contextid="6945" timestamp="2019-08-04T20:02:55.114">
  <mem-info id="6947" free="460800" total="46137344" percent="0">
    <mem type="tenure" free="460800" total="46137344" percent="0">
      <mem type="soa" free="0" total="45676544" percent="0" />
      <mem type="loa" free="460800" total="460800" percent="100" />
    </mem>
  </mem-info>
</gc-start>
<allocation-stats totalBytes="27617504" >
  <allocated-bytes non-tlh="0" tlh="27617504" />
  <largest-consumer threadName="main" threadId="0000000001BEEF00" bytes="27617504" />
</allocation-stats>
<gc-op id="6948" type="mark" timems="9.551" contextid="6945" timestamp="2019-08-04T20:02:55.124">
  <trace-info objectcount="596337" scancount="517347" scanbytes="13275660" />
  <finalization candidates="80" enqueued="0" />
  <ownableSynchronizers candidates="21" cleared="0" />
  <references type="soft" candidates="1843" cleared="0" enqueued="0" dynamicThreshold="19" maxThreshold="32" />
  <references type="weak" candidates="5810" cleared="0" enqueued="0" />
  <references type="phantom" candidates="97" cleared="0" enqueued="0" />
  <stringconstants candidates="13258" cleared="0"  />
</gc-op>
<gc-op id="6949" type="sweep" timems="1.834" contextid="6945" timestamp="2019-08-04T20:02:55.125" />
<gc-end id="6950" type="global" contextid="6945" durationms="11.585" usertimems="80.125" systemtimems="0.000" timestamp="2019-08-04T20:02:55.126" activeThreads="16">
  <mem-info id="6951" free="28083624" total="46137344" percent="60">
    <mem type="tenure" free="28083624" total="46137344" percent="60" micro-fragmented="85284" macro-fragmented="0">
      <mem type="soa" free="27622824" total="45676544" percent="60" />
      <mem type="loa" free="460800" total="460800" percent="100" />
    </mem>
  </mem-info>
</gc-end>
<cycle-end id="6952" type="global" contextid="6945" timestamp="2019-08-04T20:02:55.126">
  <attribute name="GC Util" value="653" />
  <attribute name="CPU Util" value="1936089280208" />
  <attribute name="Time Running"value="122737"/>
  <attribute name="Number of cores"value="16"/>
</cycle-end>
<allocation-satisfied id="6953" threadId="0000000001BEEF00" bytesRequested="32" />
<af-end id="6954" timestamp="2019-08-04T20:02:55.126" threadId="0000000001BEF888" success="true" />
<exclusive-end id="6955" timestamp="2019-08-04T20:02:55.126" durationms="11.771" />

<exclusive-start id="6956" timestamp="2019-08-04T20:02:55.149" intervalms="35.413">
  <response-info timems="0.033" idlems="0.033" threads="0" lastid="0000000001BEEF00" lastname="main" />
</exclusive-start>
<af-start id="6957" threadId="0000000001BEF888" totalBytesRequested="32" timestamp="2019-08-04T20:02:55.149" intervalms="35.421" />
<cycle-start id="6958" type="global" contextid="0" timestamp="2019-08-04T20:02:55.149" intervalms="35.423" />
  <attribute name="GC Util" value="653" />
  <attribute name="CPU Util" value="1936089280208" />
  <attribute name="Time Running"value="122737"/>
  <attribute name="Number of cores"value="16"/>
<gc-start id="6959" type="global" contextid="6958" timestamp="2019-08-04T20:02:55.149">
  <mem-info id="6960" free="460800" total="46137344" percent="0">
    <mem type="tenure" free="460800" total="46137344" percent="0">
      <mem type="soa" free="0" total="45676544" percent="0" />
      <mem type="loa" free="460800" total="460800" percent="100" />
    </mem>
  </mem-info>
</gc-start>
<allocation-stats totalBytes="27618648" >
  <allocated-bytes non-tlh="0" tlh="27618648" />
  <largest-consumer threadName="main" threadId="0000000001BEEF00" bytes="27618648" />
</allocation-stats>
<gc-op id="6961" type="mark" timems="9.348" contextid="6958" timestamp="2019-08-04T20:02:55.159">
  <trace-info objectcount="596335" scancount="517345" scanbytes="13275600" />
  <finalization candidates="80" enqueued="0" />
  <ownableSynchronizers candidates="21" cleared="0" />
  <references type="soft" candidates="1843" cleared="0" enqueued="0" dynamicThreshold="19" maxThreshold="32" />
  <references type="weak" candidates="5810" cleared="0" enqueued="0" />
  <references type="phantom" candidates="97" cleared="0" enqueued="0" />
  <stringconstants candidates="13258" cleared="0"  />
</gc-op>
<gc-op id="6962" type="sweep" timems="1.685" contextid="6958" timestamp="2019-08-04T20:02:55.161" />
<gc-end id="6963" type="global" contextid="6958" durationms="11.199" usertimems="77.395" systemtimems="0.000" timestamp="2019-08-04T20:02:55.161" activeThreads="16">
  <mem-info id="6964" free="28083536" total="46137344" percent="60">
    <mem type="tenure" free="28083536" total="46137344" percent="60" micro-fragmented="85340" macro-fragmented="0">
      <mem type="soa" free="27622736" total="45676544" percent="60" />
      <mem type="loa" free="460800" total="460800" percent="100" />
    </mem>
  </mem-info>
</gc-end>
<cycle-end id="6965" type="global" contextid="6958" timestamp="2019-08-04T20:02:55.161">
  <attribute name="GC Util" value="652" />
  <attribute name="CPU Util" value="1973250314868" />
  <attribute name="Time Running"value="122772"/>
  <attribute name="Number of cores"value="16"/>
</cycle-end>
<allocation-satisfied id="6966" threadId="0000000001BEEF00" bytesRequested="32" />
<af-end id="6967" timestamp="2019-08-04T20:02:55.161" threadId="0000000001BEF888" success="true" />
<exclusive-end id="6968" timestamp="2019-08-04T20:02:55.161" durationms="11.392" />

<exclusive-start id="6969" timestamp="2019-08-04T20:02:55.181" intervalms="32.100">
  <response-info timems="0.035" idlems="0.035" threads="0" lastid="0000000001BEEF00" lastname="main" />
</exclusive-start>
<af-start id="6970" threadId="0000000001BEF888" totalBytesRequested="24" timestamp="2019-08-04T20:02:55.181" intervalms="32.093" />
<cycle-start id="6971" type="global" contextid="0" timestamp="2019-08-04T20:02:55.181" intervalms="32.091" />
  <attribute name="GC Util" value="652" />
  <attribute name="CPU Util" value="1973250314868" />
  <attribute name="Time Running"value="122772"/>
  <attribute name="Number of cores"value="16"/>
<gc-start id="6972" type="global" contextid="6971" timestamp="2019-08-04T20:02:55.181">
  <mem-info id="6973" free="460800" total="46137344" percent="0">
    <mem type="tenure" free="460800" total="46137344" percent="0">
      <mem type="soa" free="0" total="45676544" percent="0" />
      <mem type="loa" free="460800" total="460800" percent="100" />
    </mem>
  </mem-info>
</gc-start>
<allocation-stats totalBytes="27620120" >
  <allocated-bytes non-tlh="0" tlh="27620120" />
  <largest-consumer threadName="main" threadId="0000000001BEEF00" bytes="27620120" />
</allocation-stats>
<gc-op id="6974" type="mark" timems="10.557" contextid="6971" timestamp="2019-08-04T20:02:55.192">
  <trace-info objectcount="596337" scancount="517350" scanbytes="13275780" />
  <finalization candidates="80" enqueued="0" />
  <ownableSynchronizers candidates="21" cleared="0" />
  <references type="soft" candidates="1843" cleared="0" enqueued="0" dynamicThreshold="19" maxThreshold="32" />
  <references type="weak" candidates="5810" cleared="0" enqueued="0" />
  <references type="phantom" candidates="97" cleared="0" enqueued="0" />
  <stringconstants candidates="13258" cleared="0"  />
</gc-op>
<gc-op id="6975" type="sweep" timems="1.489" contextid="6971" timestamp="2019-08-04T20:02:55.194" />
<gc-end id="6976" type="global" contextid="6971" durationms="12.267" usertimems="80.318" systemtimems="0.000" timestamp="2019-08-04T20:02:55.194" activeThreads="16">
  <mem-info id="6977" free="28084032" total="46137344" percent="60">
    <mem type="tenure" free="28084032" total="46137344" percent="60" micro-fragmented="89414" macro-fragmented="0">
      <mem type="soa" free="27623232" total="45676544" percent="60" />
      <mem type="loa" free="460800" total="460800" percent="100" />
    </mem>
  </mem-info>
</gc-end>
<cycle-end id="6978" type="global" contextid="6971" timestamp="2019-08-04T20:02:55.194">
  <attribute name="GC Util" value="601" />
  <attribute name="CPU Util" value="1739425641892" />
  <attribute name="Time Running"value="122805"/>
  <attribute name="Number of cores"value="16"/>
</cycle-end>
<allocation-satisfied id="6979" threadId="0000000001BEEF00" bytesRequested="24" />
<af-end id="6980" timestamp="2019-08-04T20:02:55.194" threadId="0000000001BEF888" success="true" />
<exclusive-end id="6981" timestamp="2019-08-04T20:02:55.194" durationms="12.444" />

<exclusive-start id="6982" timestamp="2019-08-04T20:02:55.239" intervalms="57.955">
  <response-info timems="0.034" idlems="0.034" threads="0" lastid="0000000001BEEF00" lastname="main" />
</exclusive-start>
<af-start id="6983" threadId="0000000001BEF888" totalBytesRequested="24" timestamp="2019-08-04T20:02:55.239" intervalms="57.965" />
<cycle-start id="6984" type="global" contextid="0" timestamp="2019-08-04T20:02:55.239" intervalms="57.967" />
  <attribute name="GC Util" value="601" />
  <attribute name="CPU Util" value="1739425641892" />
  <attribute name="Time Running"value="122805"/>
  <attribute name="Number of cores"value="16"/>
<gc-start id="6985" type="global" contextid="6984" timestamp="2019-08-04T20:02:55.239">
  <mem-info id="6986" free="460800" total="46137344" percent="0">
    <mem type="tenure" free="460800" total="46137344" percent="0">
      <mem type="soa" free="0" total="45676544" percent="0" />
      <mem type="loa" free="460800" total="460800" percent="100" />
    </mem>
  </mem-info>
</gc-start>
<allocation-stats totalBytes="27621088" >
  <allocated-bytes non-tlh="0" tlh="27621088" />
  <largest-consumer threadName="main" threadId="0000000001BEEF00" bytes="27621088" />
</allocation-stats>
<gc-op id="6987" type="mark" timems="10.516" contextid="6984" timestamp="2019-08-04T20:02:55.250">
  <trace-info objectcount="596334" scancount="517345" scanbytes="13275552" />
  <finalization candidates="80" enqueued="0" />
  <ownableSynchronizers candidates="21" cleared="0" />
  <references type="soft" candidates="1843" cleared="0" enqueued="0" dynamicThreshold="19" maxThreshold="32" />
  <references type="weak" candidates="5810" cleared="0" enqueued="0" />
  <references type="phantom" candidates="97" cleared="0" enqueued="0" />
  <stringconstants candidates="13258" cleared="0"  />
</gc-op>
<gc-op id="6988" type="sweep" timems="1.978" contextid="6984" timestamp="2019-08-04T20:02:55.252" />
<gc-end id="6989" type="global" contextid="6984" durationms="12.660" usertimems="73.354" systemtimems="0.000" timestamp="2019-08-04T20:02:55.252" activeThreads="16">
  <mem-info id="6990" free="28084240" total="46137344" percent="60">
    <mem type="tenure" free="28084240" total="46137344" percent="60" micro-fragmented="89420" macro-fragmented="0">
      <mem type="soa" free="27623440" total="45676544" percent="60" />
      <mem type="loa" free="460800" total="460800" percent="100" />
    </mem>
  </mem-info>
</gc-end>
<cycle-end id="6991" type="global" contextid="6984" timestamp="2019-08-04T20:02:55.252">
  <attribute name="GC Util" value="629" />
  <attribute name="CPU Util" value="1751787173773" />
  <attribute name="Time Running"value="122863"/>
  <attribute name="Number of cores"value="16"/>
</cycle-end>
<allocation-satisfied id="6992" threadId="0000000001BEEF00" bytesRequested="24" />
<af-end id="6993" timestamp="2019-08-04T20:02:55.252" threadId="0000000001BEF888" success="true" />
<exclusive-end id="6994" timestamp="2019-08-04T20:02:55.252" durationms="12.874" />

<exclusive-start id="6995" timestamp="2019-08-04T20:02:55.344" intervalms="104.527">
  <response-info timems="0.018" idlems="0.018" threads="0" lastid="0000000001BEEF00" lastname="main" />
</exclusive-start>
<af-start id="6996" threadId="0000000001BEF888" totalBytesRequested="24" timestamp="2019-08-04T20:02:55.344" intervalms="104.528" />
<cycle-start id="6997" type="global" contextid="0" timestamp="2019-08-04T20:02:55.344" intervalms="104.532" />
  <attribute name="GC Util" value="629" />
  <attribute name="CPU Util" value="1751787173773" />
  <attribute name="Time Running"value="122863"/>
  <attribute name="Number of cores"value="16"/>
<gc-start id="6998" type="global" contextid="6997" timestamp="2019-08-04T20:02:55.344">
  <mem-info id="6999" free="460800" total="46137344" percent="0">
    <mem type="tenure" free="460800" total="46137344" percent="0">
      <mem type="soa" free="0" total="45676544" percent="0" />
      <mem type="loa" free="460800" total="460800" percent="100" />
    </mem>
  </mem-info>
</gc-start>
<allocation-stats totalBytes="27621168" >
  <allocated-bytes non-tlh="48560" tlh="27572608" />
  <largest-consumer threadName="main" threadId="0000000001BEEF00" bytes="27621168" />
</allocation-stats>
<gc-op id="7000" type="mark" timems="11.142" contextid="6997" timestamp="2019-08-04T20:02:55.355">
  <trace-info objectcount="596342" scancount="517351" scanbytes="13275728" />
  <finalization candidates="80" enqueued="0" />
  <ownableSynchronizers candidates="21" cleared="0" />
  <references type="soft" candidates="1843" cleared="0" enqueued="0" dynamicThreshold="19" maxThreshold="32" />
  <references type="weak" candidates="5810" cleared="0" enqueued="0" />
  <references type="phantom" candidates="97" cleared="0" enqueued="0" />
  <stringconstants candidates="13258" cleared="0"  />
</gc-op>
<gc-op id="7001" type="sweep" timems="1.942" contextid="6997" timestamp="2019-08-04T20:02:55.357" />
<gc-end id="7002" type="global" contextid="6997" durationms="13.272" usertimems="77.068" systemtimems="0.000" timestamp="2019-08-04T20:02:55.357" activeThreads="16">
  <mem-info id="7003" free="28083720" total="46137344" percent="60">
    <mem type="tenure" free="28083720" total="46137344" percent="60" micro-fragmented="89425" macro-fragmented="0">
      <mem type="soa" free="27622920" total="45676544" percent="60" />
      <mem type="loa" free="460800" total="460800" percent="100" />
    </mem>
  </mem-info>
</gc-end>
<cycle-end id="7004" type="global" contextid="6997" timestamp="2019-08-04T20:02:55.357">
  <attribute name="GC Util" value="597" />
  <attribute name="CPU Util" value="1653048586548" />
  <attribute name="Time Running"value="122968"/>
  <attribute name="Number of cores"value="16"/>
</cycle-end>
<allocation-satisfied id="7005" threadId="0000000001BEEF00" bytesRequested="24" />
<af-end id="7006" timestamp="2019-08-04T20:02:55.357" threadId="0000000001BEF888" success="true" />
<exclusive-end id="7007" timestamp="2019-08-04T20:02:55.357" durationms="13.468" />

<exclusive-start id="7008" timestamp="2019-08-04T20:02:55.369" intervalms="25.193">
  <response-info timems="0.128" idlems="0.128" threads="0" lastid="0000000001BEEF00" lastname="main" />
</exclusive-start>
<af-start id="7009" threadId="0000000001BEF888" totalBytesRequested="32" timestamp="2019-08-04T20:02:55.369" intervalms="25.187" />
<cycle-start id="7010" type="global" contextid="0" timestamp="2019-08-04T20:02:55.369" intervalms="25.182" />
  <attribute name="GC Util" value="597" />
  <attribute name="CPU Util" value="1653048586548" />
  <attribute name="Time Running"value="122968"/>
  <attribute name="Number of cores"value="16"/>
<gc-start id="7011" type="global" contextid="7010" timestamp="2019-08-04T20:02:55.369">
  <mem-info id="7012" free="460800" total="46137344" percent="0">
    <mem type="tenure" free="460800" total="46137344" percent="0">
      <mem type="soa" free="0" total="45676544" percent="0" />
      <mem type="loa" free="460800" total="460800" percent="100" />
    </mem>
  </mem-info>
</gc-start>
<allocation-stats totalBytes="27620816" >
  <allocated-bytes non-tlh="0" tlh="27620816" />
  <largest-consumer threadName="main" threadId="0000000001BEEF00" bytes="27620816" />
</allocation-stats>
<gc-op id="7013" type="mark" timems="12.740" contextid="7010" timestamp="2019-08-04T20:02:55.382">
  <trace-info objectcount="596341" scancount="517351" scanbytes="13275696" />
  <finalization candidates="80" enqueued="0" />
  <ownableSynchronizers candidates="21" cleared="0" />
  <references type="soft" candidates="1843" cleared="0" enqueued="0" dynamicThreshold="19" maxThreshold="32" />
  <references type="weak" candidates="5810" cleared="0" enqueued="0" />
  <references type="phantom" candidates="97" cleared="0" enqueued="0" />
  <stringconstants candidates="13258" cleared="0"  />
</gc-op>
<gc-op id="7014" type="sweep" timems="2.068" contextid="7010" timestamp="2019-08-04T20:02:55.384" />
<gc-end id="7015" type="global" contextid="7010" durationms="14.968" usertimems="91.193" systemtimems="0.000" timestamp="2019-08-04T20:02:55.384" activeThreads="16">
  <mem-info id="7016" free="28083752" total="46137344" percent="60">
    <mem type="tenure" free="28083752" total="46137344" percent="60" micro-fragmented="89425" macro-fragmented="0">
      <mem type="soa" free="27622952" total="45676544" percent="60" />
      <mem type="loa" free="460800" total="460800" percent="100" />
    </mem>
  </mem-info>
</gc-end>
<cycle-end id="7017" type="global" contextid="7010" timestamp="2019-08-04T20:02:55.384">
  <attribute name="GC Util" value="636" />
  <attribute name="CPU Util" value="1444685258683" />
  <attribute name="Time Running"value="122995"/>
  <attribute name="Number of cores"value="16"/>
</cycle-end>
<allocation-satisfied id="7018" threadId="0000000001BEEF00" bytesRequested="32" />
<af-end id="7019" timestamp="2019-08-04T20:02:55.384" threadId="0000000001BEF888" success="true" />
<exclusive-end id="7020" timestamp="2019-08-04T20:02:55.384" durationms="15.241" />

<exclusive-start id="7021" timestamp="2019-08-04T20:02:55.409" intervalms="39.851">
  <response-info timems="0.040" idlems="0.040" threads="0" lastid="0000000001BEEF00" lastname="main" />
</exclusive-start>
<af-start id="7022" threadId="0000000001BEF888" totalBytesRequested="24" timestamp="2019-08-04T20:02:55.409" intervalms="39.891" />
<cycle-start id="7023" type="global" contextid="0" timestamp="2019-08-04T20:02:55.409" intervalms="39.894" />
  <attribute name="GC Util" value="636" />
  <attribute name="CPU Util" value="1444685258683" />
  <attribute name="Time Running"value="122995"/>
  <attribute name="Number of cores"value="16"/>
<gc-start id="7024" type="global" contextid="7023" timestamp="2019-08-04T20:02:55.409">
  <mem-info id="7025" free="460800" total="46137344" percent="0">
    <mem type="tenure" free="460800" total="46137344" percent="0">
      <mem type="soa" free="0" total="45676544" percent="0" />
      <mem type="loa" free="460800" total="460800" percent="100" />
    </mem>
  </mem-info>
</gc-start>
<allocation-stats totalBytes="27620064" >
  <allocated-bytes non-tlh="0" tlh="27620064" />
  <largest-consumer threadName="main" threadId="0000000001BEEF00" bytes="27620064" />
</allocation-stats>
<gc-op id="7026" type="mark" timems="11.057" contextid="7023" timestamp="2019-08-04T20:02:55.420">
  <trace-info objectcount="596347" scancount="517360" scanbytes="13275904" />
  <finalization candidates="80" enqueued="0" />
  <ownableSynchronizers candidates="21" cleared="0" />
  <references type="soft" candidates="1843" cleared="0" enqueued="0" dynamicThreshold="19" maxThreshold="32" />
  <references type="weak" candidates="5810" cleared="0" enqueued="0" />
  <references type="phantom" candidates="97" cleared="0" enqueued="0" />
  <stringconstants candidates="13258" cleared="0"  />
</gc-op>
<gc-op id="7027" type="sweep" timems="1.701" contextid="7023" timestamp="2019-08-04T20:02:55.422" />
<gc-end id="7028" type="global" contextid="7023" durationms="12.933" usertimems="95.093" systemtimems="0.000" timestamp="2019-08-04T20:02:55.422" activeThreads="16">
  <mem-info id="7029" free="28082936" total="46137344" percent="60">
    <mem type="tenure" free="28082936" total="46137344" percent="60" micro-fragmented="86062" macro-fragmented="0">
      <mem type="soa" free="27622136" total="45676544" percent="60" />
      <mem type="loa" free="460800" total="460800" percent="100" />
    </mem>
  </mem-info>
</gc-end>
<cycle-end id="7030" type="global" contextid="7023" timestamp="2019-08-04T20:02:55.422">
  <attribute name="GC Util" value="675" />
  <attribute name="CPU Util" value="1668964976272" />
  <attribute name="Time Running"value="123033"/>
  <attribute name="Number of cores"value="16"/>
</cycle-end>
<allocation-satisfied id="7031" threadId="0000000001BEEF00" bytesRequested="24" />
<af-end id="7032" timestamp="2019-08-04T20:02:55.422" threadId="0000000001BEF888" success="true" />
<exclusive-end id="7033" timestamp="2019-08-04T20:02:55.422" durationms="13.188" />

<exclusive-start id="7034" timestamp="2019-08-04T20:02:55.446" intervalms="36.652">
  <response-info timems="0.038" idlems="0.038" threads="0" lastid="0000000001BEEF00" lastname="main" />
</exclusive-start>
<af-start id="7035" threadId="0000000001BEF888" totalBytesRequested="32" timestamp="2019-08-04T20:02:55.446" intervalms="36.617" />
<cycle-start id="7036" type="global" contextid="0" timestamp="2019-08-04T20:02:55.446" intervalms="36.626" />
  <attribute name="GC Util" value="675" />
  <attribute name="CPU Util" value="1668964976272" />
  <attribute name="Time Running"value="123033"/>
  <attribute name="Number of cores"value="16"/>
<gc-start id="7037" type="global" contextid="7036" timestamp="2019-08-04T20:02:55.446">
  <mem-info id="7038" free="460800" total="46137344" percent="0">
    <mem type="tenure" free="460800" total="46137344" percent="0">
      <mem type="soa" free="0" total="45676544" percent="0" />
      <mem type="loa" free="460800" total="460800" percent="100" />
    </mem>
  </mem-info>
</gc-start>
<allocation-stats totalBytes="27619176" >
  <allocated-bytes non-tlh="0" tlh="27619176" />
  <largest-consumer threadName="main" threadId="0000000001BEEF00" bytes="27619176" />
</allocation-stats>
<gc-op id="7039" type="mark" timems="11.164" contextid="7036" timestamp="2019-08-04T20:02:55.457">
  <trace-info objectcount="596348" scancount="517357" scanbytes="13275968" />
  <finalization candidates="80" enqueued="0" />
  <ownableSynchronizers candidates="21" cleared="0" />
  <references type="soft" candidates="1843" cleared="0" enqueued="0" dynamicThreshold="19" maxThreshold="32" />
  <references type="weak" candidates="5810" cleared="0" enqueued="0" />
  <references type="phantom" candidates="97" cleared="0" enqueued="0" />
  <stringconstants candidates="13258" cleared="0"  />
</gc-op>
<gc-op id="7040" type="sweep" timems="1.849" contextid="7036" timestamp="2019-08-04T20:02:55.459" />
<gc-end id="7041" type="global" contextid="7036" durationms="13.147" usertimems="77.808" systemtimems="0.000" timestamp="2019-08-04T20:02:55.459" activeThreads="16">
  <mem-info id="7042" free="28083128" total="46137344" percent="60">
    <mem type="tenure" free="28083128" total="46137344" percent="60" micro-fragmented="89476" macro-fragmented="0">
      <mem type="soa" free="27622328" total="45676544" percent="60" />
      <mem type="loa" free="460800" total="460800" percent="100" />
    </mem>
  </mem-info>
</gc-end>
<cycle-end id="7043" type="global" contextid="7036" timestamp="2019-08-04T20:02:55.459">
  <attribute name="GC Util" value="503" />
  <attribute name="CPU Util" value="1652807310799" />
  <attribute name="Time Running"value="123070"/>
  <attribute name="Number of cores"value="16"/>
</cycle-end>
<allocation-satisfied id="7044" threadId="0000000001BEEF00" bytesRequested="32" />
<af-end id="7045" timestamp="2019-08-04T20:02:55.459" threadId="0000000001BEF888" success="true" />
<exclusive-end id="7046" timestamp="2019-08-04T20:02:55.459" durationms="13.359" />

<exclusive-start id="7047" timestamp="2019-08-04T20:02:55.477" intervalms="31.178">
  <response-info timems="0.047" idlems="0.047" threads="0" lastid="0000000001BEEF00" lastname="main" />
</exclusive-start>
<af-start id="7048" threadId="0000000001BEF888" totalBytesRequested="24" timestamp="2019-08-04T20:02:55.477" intervalms="31.176" />
<cycle-start id="7049" type="global" contextid="0" timestamp="2019-08-04T20:02:55.477" intervalms="31.166" />
  <attribute name="GC Util" value="503" />
  <attribute name="CPU Util" value="1652807310799" />
  <attribute name="Time Running"value="123070"/>
  <attribute name="Number of cores"value="16"/>
<gc-start id="7050" type="global" contextid="7049" timestamp="2019-08-04T20:02:55.477">
  <mem-info id="7051" free="460800" total="46137344" percent="0">
    <mem type="tenure" free="460800" total="46137344" percent="0">
      <mem type="soa" free="0" total="45676544" percent="0" />
      <mem type="loa" free="460800" total="460800" percent="100" />
    </mem>
  </mem-info>
</gc-start>
<allocation-stats totalBytes="27619352" >
  <allocated-bytes non-tlh="0" tlh="27619352" />
  <largest-consumer threadName="main" threadId="0000000001BEEF00" bytes="27619352" />
</allocation-stats>
<gc-op id="7052" type="mark" timems="10.172" contextid="7049" timestamp="2019-08-04T20:02:55.487">
  <trace-info objectcount="596347" scancount="517357" scanbytes="13275948" />
  <finalization candidates="80" enqueued="0" />
  <ownableSynchronizers candidates="21" cleared="0" />
  <references type="soft" candidates="1843" cleared="0" enqueued="0" dynamicThreshold="19" maxThreshold="32" />
  <references type="weak" candidates="5810" cleared="0" enqueued="0" />
  <references type="phantom" candidates="97" cleared="0" enqueued="0" />
  <stringconstants candidates="13258" cleared="0"  />
</gc-op>
<gc-op id="7053" type="sweep" timems="2.187" contextid="7049" timestamp="2019-08-04T20:02:55.489" />
<gc-end id="7054" type="global" contextid="7049" durationms="12.485" usertimems="90.017" systemtimems="0.000" timestamp="2019-08-04T20:02:55.489" activeThreads="16">
  <mem-info id="7055" free="28082792" total="46137344" percent="60">
    <mem type="tenure" free="28082792" total="46137344" percent="60" micro-fragmented="89476" macro-fragmented="0">
      <mem type="soa" free="27621992" total="45676544" percent="60" />
      <mem type="loa" free="460800" total="460800" percent="100" />
    </mem>
  </mem-info>
</gc-end>
<cycle-end id="7056" type="global" contextid="7049" timestamp="2019-08-04T20:02:55.489">
  <attribute name="GC Util" value="656" />
  <attribute name="CPU Util" value="1808782970485" />
  <attribute name="Time Running"value="123100"/>
  <attribute name="Number of cores"value="16"/>
</cycle-end>
<allocation-satisfied id="7057" threadId="0000000001BEEF00" bytesRequested="24" />
<af-end id="7058" timestamp="2019-08-04T20:02:55.489" threadId="0000000001BEF888" success="true" />
<exclusive-end id="7059" timestamp="2019-08-04T20:02:55.489" durationms="12.699" />

<exclusive-start id="7060" timestamp="2019-08-04T20:02:55.555" intervalms="78.699">
  <response-info timems="0.036" idlems="0.036" threads="0" lastid="0000000001BEEF00" lastname="main" />
</exclusive-start>
<af-start id="7061" threadId="0000000001BEF888" totalBytesRequested="112" timestamp="2019-08-04T20:02:55.555" intervalms="78.699" />
<cycle-start id="7062" type="global" contextid="0" timestamp="2019-08-04T20:02:55.556" intervalms="78.715" />
  <attribute name="GC Util" value="656" />
  <attribute name="CPU Util" value="1808782970485" />
  <attribute name="Time Running"value="123100"/>
  <attribute name="Number of cores"value="16"/>
<gc-start id="7063" type="global" contextid="7062" timestamp="2019-08-04T20:02:55.556">
  <mem-info id="7064" free="460800" total="46137344" percent="0">
    <mem type="tenure" free="460800" total="46137344" percent="0">
      <mem type="soa" free="0" total="45676544" percent="0" />
      <mem type="loa" free="460800" total="460800" percent="100" />
    </mem>
  </mem-info>
</gc-start>
<allocation-stats totalBytes="27618768" >
  <allocated-bytes non-tlh="0" tlh="27618768" />
  <largest-consumer threadName="main" threadId="0000000001BEEF00" bytes="27618768" />
</allocation-stats>
<gc-op id="7065" type="mark" timems="26.887" contextid="7062" timestamp="2019-08-04T20:02:55.583">
  <trace-info objectcount="596358" scancount="517368" scanbytes="13276048" />
  <finalization candidates="80" enqueued="0" />
  <ownableSynchronizers candidates="21" cleared="0" />
  <references type="soft" candidates="1843" cleared="0" enqueued="0" dynamicThreshold="19" maxThreshold="32" />
  <references type="weak" candidates="5810" cleared="0" enqueued="0" />
  <references type="phantom" candidates="97" cleared="0" enqueued="0" />
  <stringconstants candidates="13258" cleared="0"  />
</gc-op>
<gc-op id="7066" type="sweep" timems="1.591" contextid="7062" timestamp="2019-08-04T20:02:55.584" />
<gc-end id="7067" type="global" contextid="7062" durationms="28.630" usertimems="206.071" systemtimems="0.000" timestamp="2019-08-04T20:02:55.584" activeThreads="16">
  <mem-info id="7068" free="28082568" total="46137344" percent="60">
    <mem type="tenure" free="28082568" total="46137344" percent="60" micro-fragmented="89448" macro-fragmented="0">
      <mem type="soa" free="27621768" total="45676544" percent="60" />
      <mem type="loa" free="460800" total="460800" percent="100" />
    </mem>
  </mem-info>
</gc-end>
<cycle-end id="7069" type="global" contextid="7062" timestamp="2019-08-04T20:02:55.584">
  <attribute name="GC Util" value="581" />
  <attribute name="CPU Util" value="685948831399" />
  <attribute name="Time Running"value="123196"/>
  <attribute name="Number of cores"value="16"/>
</cycle-end>
<allocation-satisfied id="7070" threadId="0000000001BEEF00" bytesRequested="112" />
<af-end id="7071" timestamp="2019-08-04T20:02:55.584" threadId="0000000001BEF888" success="true" />
<exclusive-end id="7072" timestamp="2019-08-04T20:02:55.584" durationms="28.846" />

<exclusive-start id="7073" timestamp="2019-08-04T20:02:55.604" intervalms="48.764">
  <response-info timems="0.079" idlems="0.079" threads="0" lastid="0000000001BEEF00" lastname="main" />
</exclusive-start>
<af-start id="7074" threadId="0000000001BEF888" totalBytesRequested="520" timestamp="2019-08-04T20:02:55.604" intervalms="48.766" />
<cycle-start id="7075" type="global" contextid="0" timestamp="2019-08-04T20:02:55.604" intervalms="48.750" />
  <attribute name="GC Util" value="581" />
  <attribute name="CPU Util" value="685948831399" />
  <attribute name="Time Running"value="123196"/>
  <attribute name="Number of cores"value="16"/>
<gc-start id="7076" type="global" contextid="7075" timestamp="2019-08-04T20:02:55.604">
  <mem-info id="7077" free="460800" total="46137344" percent="0">
    <mem type="tenure" free="460800" total="46137344" percent="0">
      <mem type="soa" free="0" total="45676544" percent="0" />
      <mem type="loa" free="460800" total="460800" percent="100" />
    </mem>
  </mem-info>
</gc-start>
<allocation-stats totalBytes="27581272" >
  <allocated-bytes non-tlh="0" tlh="27581272" />
  <largest-consumer threadName="main" threadId="0000000001BEEF00" bytes="27581272" />
</allocation-stats>
<gc-op id="7078" type="mark" timems="10.338" contextid="7075" timestamp="2019-08-04T20:02:55.615">
  <trace-info objectcount="596359" scancount="517370" scanbytes="13276072" />
  <finalization candidates="80" enqueued="0" />
  <ownableSynchronizers candidates="21" cleared="0" />
  <references type="soft" candidates="1843" cleared="0" enqueued="0" dynamicThreshold="19" maxThreshold="32" />
  <references type="weak" candidates="5810" cleared="0" enqueued="0" />
  <references type="phantom" candidates="97" cleared="0" enqueued="0" />
  <stringconstants candidates="13258" cleared="0"  />
</gc-op>
<gc-op id="7079" type="sweep" timems="1.547" contextid="7075" timestamp="2019-08-04T20:02:55.616" />
<gc-end id="7080" type="global" contextid="7075" durationms="12.013" usertimems="71.786" systemtimems="0.000" timestamp="2019-08-04T20:02:55.616" activeThreads="16">
  <mem-info id="7081" free="28081840" total="46137344" percent="60">
    <mem type="tenure" free="28081840" total="46137344" percent="60" micro-fragmented="89448" macro-fragmented="0">
      <mem type="soa" free="27621040" total="45676544" percent="60" />
      <mem type="loa" free="460800" total="460800" percent="100" />
    </mem>
  </mem-info>
</gc-end>
<cycle-end id="7082" type="global" contextid="7075" timestamp="2019-08-04T20:02:55.616">
  <attribute name="GC Util" value="484" />
  <attribute name="CPU Util" value="1781912131285" />
  <attribute name="Time Running"value="123228"/>
  <attribute name="Number of cores"value="16"/>
</cycle-end>
<allocation-satisfied id="7083" threadId="0000000001BEEF00" bytesRequested="520" />
<af-end id="7084" timestamp="2019-08-04T20:02:55.616" threadId="0000000001BEF888" success="true" />
<exclusive-end id="7085" timestamp="2019-08-04T20:02:55.616" durationms="12.210" />

<exclusive-start id="7086" timestamp="2019-08-04T20:02:55.636" intervalms="31.511">
  <response-info timems="0.022" idlems="0.022" threads="0" lastid="0000000001BEEF00" lastname="main" />
</exclusive-start>
<af-start id="7087" threadId="0000000001BEF888" totalBytesRequested="24" timestamp="2019-08-04T20:02:55.636" intervalms="31.513" />
<cycle-start id="7088" type="global" contextid="0" timestamp="2019-08-04T20:02:55.636" intervalms="31.512" />
  <attribute name="GC Util" value="484" />
  <attribute name="CPU Util" value="1781912131285" />
  <attribute name="Time Running"value="123228"/>
  <attribute name="Number of cores"value="16"/>
<gc-start id="7089" type="global" contextid="7088" timestamp="2019-08-04T20:02:55.636">
  <mem-info id="7090" free="460800" total="46137344" percent="0">
    <mem type="tenure" free="460800" total="46137344" percent="0">
      <mem type="soa" free="0" total="45676544" percent="0" />
      <mem type="loa" free="460800" total="460800" percent="100" />
    </mem>
  </mem-info>
</gc-start>
<allocation-stats totalBytes="27578144" >
  <allocated-bytes non-tlh="0" tlh="27578144" />
  <largest-consumer threadName="main" threadId="0000000001BEEF00" bytes="27578144" />
</allocation-stats>
<gc-op id="7091" type="mark" timems="8.837" contextid="7088" timestamp="2019-08-04T20:02:55.645">
  <trace-info objectcount="596358" scancount="517369" scanbytes="13276040" />
  <finalization candidates="80" enqueued="0" />
  <ownableSynchronizers candidates="21" cleared="0" />
  <references type="soft" candidates="1843" cleared="0" enqueued="0" dynamicThreshold="19" maxThreshold="32" />
  <references type="weak" candidates="5810" cleared="0" enqueued="0" />
  <references type="phantom" candidates="97" cleared="0" enqueued="0" />
  <stringconstants candidates="13258" cleared="0"  />
</gc-op>
<gc-op id="7092" type="sweep" timems="1.968" contextid="7088" timestamp="2019-08-04T20:02:55.647" />
<gc-end id="7093" type="global" contextid="7088" durationms="10.932" usertimems="61.349" systemtimems="0.000" timestamp="2019-08-04T20:02:55.647" activeThreads="16">
  <mem-info id="7094" free="28082576" total="46137344" percent="60">
    <mem type="tenure" free="28082576" total="46137344" percent="60" micro-fragmented="89448" macro-fragmented="0">
      <mem type="soa" free="27621776" total="45676544" percent="60" />
      <mem type="loa" free="460800" total="460800" percent="100" />
    </mem>
  </mem-info>
</gc-end>
<cycle-end id="7095" type="global" contextid="7088" timestamp="2019-08-04T20:02:55.647">
  <attribute name="GC Util" value="578" />
  <attribute name="CPU Util" value="2084191237928" />
  <attribute name="Time Running"value="123258"/>
  <attribute name="Number of cores"value="16"/>
</cycle-end>
<allocation-satisfied id="7096" threadId="0000000001BEEF00" bytesRequested="24" />
<af-end id="7097" timestamp="2019-08-04T20:02:55.647" threadId="0000000001BEF888" success="true" />
<exclusive-end id="7098" timestamp="2019-08-04T20:02:55.647" durationms="11.122" />

<exclusive-start id="7099" timestamp="2019-08-04T20:02:55.666" intervalms="30.406">
  <response-info timems="0.048" idlems="0.048" threads="0" lastid="0000000001BEEF00" lastname="main" />
</exclusive-start>
<af-start id="7100" threadId="0000000001BEF888" totalBytesRequested="32" timestamp="2019-08-04T20:02:55.666" intervalms="30.404" />
<cycle-start id="7101" type="global" contextid="0" timestamp="2019-08-04T20:02:55.666" intervalms="30.414" />
  <attribute name="GC Util" value="578" />
  <attribute name="CPU Util" value="2084191237928" />
  <attribute name="Time Running"value="123258"/>
  <attribute name="Number of cores"value="16"/>
<gc-start id="7102" type="global" contextid="7101" timestamp="2019-08-04T20:02:55.666">
  <mem-info id="7103" free="460800" total="46137344" percent="0">
    <mem type="tenure" free="460800" total="46137344" percent="0">
      <mem type="soa" free="0" total="45676544" percent="0" />
      <mem type="loa" free="460800" total="460800" percent="100" />
    </mem>
  </mem-info>
</gc-start>
<allocation-stats totalBytes="27575304" >
  <allocated-bytes non-tlh="0" tlh="27575304" />
  <largest-consumer threadName="main" threadId="0000000001BEEF00" bytes="27575304" />
</allocation-stats>
<gc-op id="7104" type="mark" timems="8.193" contextid="7101" timestamp="2019-08-04T20:02:55.674">
  <trace-info objectcount="596361" scancount="517365" scanbytes="13276088" />
  <finalization candidates="80" enqueued="0" />
  <ownableSynchronizers candidates="21" cleared="0" />
  <references type="soft" candidates="1843" cleared="0" enqueued="0" dynamicThreshold="19" maxThreshold="32" />
  <references type="weak" candidates="5810" cleared="0" enqueued="0" />
  <references type="phantom" candidates="97" cleared="0" enqueued="0" />
  <stringconstants candidates="13258" cleared="0"  />
</gc-op>
<gc-op id="7105" type="sweep" timems="1.552" contextid="7101" timestamp="2019-08-04T20:02:55.676" />
<gc-end id="7106" type="global" contextid="7101" durationms="9.885" usertimems="65.877" systemtimems="0.000" timestamp="2019-08-04T20:02:55.676" activeThreads="16">
  <mem-info id="7107" free="28082432" total="46137344" percent="60">
    <mem type="tenure" free="28082432" total="46137344" percent="60" micro-fragmented="89448" macro-fragmented="0">
      <mem type="soa" free="27621632" total="45676544" percent="60" />
      <mem type="loa" free="460800" total="460800" percent="100" />
    </mem>
  </mem-info>
</gc-end>
<cycle-end id="7108" type="global" contextid="7101" timestamp="2019-08-04T20:02:55.676">
  <attribute name="GC Util" value="584" />
  <attribute name="CPU Util" value="2248125383604" />
  <attribute name="Time Running"value="123288"/>
  <attribute name="Number of cores"value="16"/>
</cycle-end>
<allocation-satisfied id="7109" threadId="0000000001BEEF00" bytesRequested="32" />
<af-end id="7110" timestamp="2019-08-04T20:02:55.676" threadId="0000000001BEF888" success="true" />
<exclusive-end id="7111" timestamp="2019-08-04T20:02:55.676" durationms="10.112" />

<exclusive-start id="7112" timestamp="2019-08-04T20:02:55.717" intervalms="50.850">
  <response-info timems="0.015" idlems="0.015" threads="0" lastid="0000000001BEEF00" lastname="main" />
</exclusive-start>
<af-start id="7113" threadId="0000000001BEF888" totalBytesRequested="32" timestamp="2019-08-04T20:02:55.717" intervalms="50.851" />
<cycle-start id="7114" type="global" contextid="0" timestamp="2019-08-04T20:02:55.717" intervalms="50.840" />
  <attribute name="GC Util" value="584" />
  <attribute name="CPU Util" value="2248125383604" />
  <attribute name="Time Running"value="123288"/>
  <attribute name="Number of cores"value="16"/>
<gc-start id="7115" type="global" contextid="7114" timestamp="2019-08-04T20:02:55.717">
  <mem-info id="7116" free="460800" total="46137344" percent="0">
    <mem type="tenure" free="460800" total="46137344" percent="0">
      <mem type="soa" free="0" total="45676544" percent="0" />
      <mem type="loa" free="460800" total="460800" percent="100" />
    </mem>
  </mem-info>
</gc-start>
<allocation-stats totalBytes="27607768" >
  <allocated-bytes non-tlh="0" tlh="27607768" />
  <largest-consumer threadName="main" threadId="0000000001BEEF00" bytes="27607768" />
</allocation-stats>
<gc-op id="7117" type="mark" timems="9.023" contextid="7114" timestamp="2019-08-04T20:02:55.726">
  <trace-info objectcount="596350" scancount="517359" scanbytes="13275948" />
  <finalization candidates="80" enqueued="0" />
  <ownableSynchronizers candidates="21" cleared="0" />
  <references type="soft" candidates="1843" cleared="0" enqueued="0" dynamicThreshold="19" maxThreshold="32" />
  <references type="weak" candidates="5810" cleared="0" enqueued="0" />
  <references type="phantom" candidates="97" cleared="0" enqueued="0" />
  <stringconstants candidates="13258" cleared="0"  />
</gc-op>
<gc-op id="7118" type="sweep" timems="2.943" contextid="7114" timestamp="2019-08-04T20:02:55.729" />
<gc-end id="7119" type="global" contextid="7114" durationms="12.106" usertimems="49.536" systemtimems="0.000" timestamp="2019-08-04T20:02:55.729" activeThreads="16">
  <mem-info id="7120" free="28083312" total="46137344" percent="60">
    <mem type="tenure" free="28083312" total="46137344" percent="60" micro-fragmented="89456" macro-fragmented="0">
      <mem type="soa" free="27622512" total="45676544" percent="60" />
      <mem type="loa" free="460800" total="460800" percent="100" />
    </mem>
  </mem-info>
</gc-end>
<cycle-end id="7121" type="global" contextid="7114" timestamp="2019-08-04T20:02:55.730">
  <attribute name="GC Util" value="444" />
  <attribute name="CPU Util" value="2043759812943" />
  <attribute name="Time Running"value="123339"/>
  <attribute name="Number of cores"value="16"/>
</cycle-end>
<allocation-satisfied id="7122" threadId="0000000001BEEF00" bytesRequested="32" />
<af-end id="7123" timestamp="2019-08-04T20:02:55.730" threadId="0000000001BEF888" success="true" />
<exclusive-end id="7124" timestamp="2019-08-04T20:02:55.730" durationms="12.871" />

<exclusive-start id="7125" timestamp="2019-08-04T20:02:55.734" intervalms="17.087">
  <response-info timems="0.016" idlems="0.016" threads="0" lastid="0000000001BEEF00" lastname="main" />
</exclusive-start>
<af-start id="7126" threadId="0000000001BEF888" totalBytesRequested="32" timestamp="2019-08-04T20:02:55.734" intervalms="17.088" />
<cycle-start id="7127" type="global" contextid="0" timestamp="2019-08-04T20:02:55.734" intervalms="17.094" />
  <attribute name="GC Util" value="444" />
  <attribute name="CPU Util" value="2043759812943" />
  <attribute name="Time Running"value="123339"/>
  <attribute name="Number of cores"value="16"/>
<gc-start id="7128" type="global" contextid="7127" timestamp="2019-08-04T20:02:55.734">
  <mem-info id="7129" free="460800" total="46137344" percent="0">
    <mem type="tenure" free="460800" total="46137344" percent="0">
      <mem type="soa" free="0" total="45676544" percent="0" />
      <mem type="loa" free="460800" total="460800" percent="100" />
    </mem>
  </mem-info>
</gc-start>
<allocation-stats totalBytes="27558584" >
  <allocated-bytes non-tlh="0" tlh="27558584" />
  <largest-consumer threadName="main" threadId="0000000001BEEF00" bytes="27558584" />
</allocation-stats>
<gc-op id="7130" type="mark" timems="8.603" contextid="7127" timestamp="2019-08-04T20:02:55.743">
  <trace-info objectcount="596348" scancount="517358" scanbytes="13275892" />
  <finalization candidates="80" enqueued="0" />
  <ownableSynchronizers candidates="21" cleared="0" />
  <references type="soft" candidates="1843" cleared="0" enqueued="0" dynamicThreshold="19" maxThreshold="32" />
  <references type="weak" candidates="5810" cleared="0" enqueued="0" />
  <references type="phantom" candidates="97" cleared="0" enqueued="0" />
  <stringconstants candidates="13258" cleared="0"  />
</gc-op>
<gc-op id="7131" type="sweep" timems="1.351" contextid="7127" timestamp="2019-08-04T20:02:55.744" />
<gc-end id="7132" type="global" contextid="7127" durationms="10.066" usertimems="56.531" systemtimems="0.000" timestamp="2019-08-04T20:02:55.744" activeThreads="16">
  <mem-info id="7133" free="28083008" total="46137344" percent="60">
    <mem type="tenure" free="28083008" total="46137344" percent="60" micro-fragmented="99558" macro-fragmented="0">
      <mem type="soa" free="27622208" total="45676544" percent="60" />
      <mem type="loa" free="460800" total="460800" percent="100" />
    </mem>
  </mem-info>
</gc-end>
<cycle-end id="7134" type="global" contextid="7127" timestamp="2019-08-04T20:02:55.744">
  <attribute name="GC Util" value="559" />
  <attribute name="CPU Util" value="2138666293173" />
  <attribute name="Time Running"value="123356"/>
  <attribute name="Number of cores"value="16"/>
</cycle-end>
<allocation-satisfied id="7135" threadId="0000000001BEEF00" bytesRequested="32" />
<af-end id="7136" timestamp="2019-08-04T20:02:55.744" threadId="0000000001BEF888" success="true" />
<exclusive-end id="7137" timestamp="2019-08-04T20:02:55.744" durationms="10.271" />

<exclusive-start id="7138" timestamp="2019-08-04T20:02:55.748" intervalms="13.602">
  <response-info timems="0.015" idlems="0.015" threads="0" lastid="0000000001BEEF00" lastname="main" />
</exclusive-start>
<af-start id="7139" threadId="0000000001BEF888" totalBytesRequested="32" timestamp="2019-08-04T20:02:55.748" intervalms="13.583" />
<cycle-start id="7140" type="global" contextid="0" timestamp="2019-08-04T20:02:55.748" intervalms="13.574" />
  <attribute name="GC Util" value="559" />
  <attribute name="CPU Util" value="2138666293173" />
  <attribute name="Time Running"value="123356"/>
  <attribute name="Number of cores"value="16"/>
<gc-start id="7141" type="global" contextid="7140" timestamp="2019-08-04T20:02:55.748">
  <mem-info id="7142" free="460800" total="46137344" percent="0">
    <mem type="tenure" free="460800" total="46137344" percent="0">
      <mem type="soa" free="0" total="45676544" percent="0" />
      <mem type="loa" free="460800" total="460800" percent="100" />
    </mem>
  </mem-info>
</gc-start>
<allocation-stats totalBytes="27541272" >
  <allocated-bytes non-tlh="0" tlh="27541272" />
  <largest-consumer threadName="main" threadId="0000000001BEEF00" bytes="27541272" />
</allocation-stats>
<gc-op id="7143" type="mark" timems="7.751" contextid="7140" timestamp="2019-08-04T20:02:55.756">
  <trace-info objectcount="596348" scancount="517357" scanbytes="13275892" />
  <finalization candidates="80" enqueued="0" />
  <ownableSynchronizers candidates="21" cleared="0" />
  <references type="soft" candidates="1843" cleared="0" enqueued="0" dynamicThreshold="19" maxThreshold="32" />
  <references type="weak" candidates="5810" cleared="0" enqueued="0" />
  <references type="phantom" candidates="97" cleared="0" enqueued="0" />
  <stringconstants candidates="13258" cleared="0"  />
</gc-op>
<gc-op id="7144" type="sweep" timems="1.594" contextid="7140" timestamp="2019-08-04T20:02:55.757" />
<gc-end id="7145" type="global" contextid="7140" durationms="9.475" usertimems="53.791" systemtimems="0.000" timestamp="2019-08-04T20:02:55.757" activeThreads="16">
  <mem-info id="7146" free="28083008" total="46137344" percent="60">
    <mem type="tenure" free="28083008" total="46137344" percent="60" micro-fragmented="99558" macro-fragmented="0">
      <mem type="soa" free="27622208" total="45676544" percent="60" />
      <mem type="loa" free="460800" total="460800" percent="100" />
    </mem>
  </mem-info>
</gc-end>
<cycle-end id="7147" type="global" contextid="7140" timestamp="2019-08-04T20:02:55.757">
  <attribute name="GC Util" value="576" />
  <attribute name="CPU Util" value="2371768605401" />
  <attribute name="Time Running"value="123369"/>
  <attribute name="Number of cores"value="16"/>
</cycle-end>
<allocation-satisfied id="7148" threadId="0000000001BEEF00" bytesRequested="32" />
<af-end id="7149" timestamp="2019-08-04T20:02:55.757" threadId="0000000001BEF888" success="true" />
<exclusive-end id="7150" timestamp="2019-08-04T20:02:55.757" durationms="9.632" />

<exclusive-start id="7151" timestamp="2019-08-04T20:02:55.761" intervalms="13.044">
  <response-info timems="0.016" idlems="0.016" threads="0" lastid="0000000001BEEF00" lastname="main" />
</exclusive-start>
<af-start id="7152" threadId="0000000001BEF888" totalBytesRequested="32" timestamp="2019-08-04T20:02:55.761" intervalms="13.048" />
<cycle-start id="7153" type="global" contextid="0" timestamp="2019-08-04T20:02:55.761" intervalms="13.049" />
  <attribute name="GC Util" value="576" />
  <attribute name="CPU Util" value="2371768605401" />
  <attribute name="Time Running"value="123369"/>
  <attribute name="Number of cores"value="16"/>
<gc-start id="7154" type="global" contextid="7153" timestamp="2019-08-04T20:02:55.761">
  <mem-info id="7155" free="460800" total="46137344" percent="0">
    <mem type="tenure" free="460800" total="46137344" percent="0">
      <mem type="soa" free="0" total="45676544" percent="0" />
      <mem type="loa" free="460800" total="460800" percent="100" />
    </mem>
  </mem-info>
</gc-start>
<allocation-stats totalBytes="27542280" >
  <allocated-bytes non-tlh="0" tlh="27542280" />
  <largest-consumer threadName="main" threadId="0000000001BEEF00" bytes="27542280" />
</allocation-stats>
<gc-op id="7156" type="mark" timems="8.902" contextid="7153" timestamp="2019-08-04T20:02:55.770">
  <trace-info objectcount="596351" scancount="517360" scanbytes="13275940" />
  <finalization candidates="80" enqueued="0" />
  <ownableSynchronizers candidates="21" cleared="0" />
  <references type="soft" candidates="1843" cleared="0" enqueued="0" dynamicThreshold="19" maxThreshold="32" />
  <references type="weak" candidates="5810" cleared="0" enqueued="0" />
  <references type="phantom" candidates="97" cleared="0" enqueued="0" />
  <stringconstants candidates="13258" cleared="0"  />
</gc-op>
<gc-op id="7157" type="sweep" timems="1.749" contextid="7153" timestamp="2019-08-04T20:02:55.772" />
<gc-end id="7158" type="global" contextid="7153" durationms="10.769" usertimems="61.718" systemtimems="0.000" timestamp="2019-08-04T20:02:55.772" activeThreads="16">
  <mem-info id="7159" free="28082392" total="46137344" percent="60">
    <mem type="tenure" free="28082392" total="46137344" percent="60" micro-fragmented="99558" macro-fragmented="0">
      <mem type="soa" free="27621592" total="45676544" percent="60" />
      <mem type="loa" free="460800" total="460800" percent="100" />
    </mem>
  </mem-info>
</gc-end>
<cycle-end id="7160" type="global" contextid="7153" timestamp="2019-08-04T20:02:55.772">
  <attribute name="GC Util" value="584" />
  <attribute name="CPU Util" value="2066700339939" />
  <attribute name="Time Running"value="123383"/>
  <attribute name="Number of cores"value="16"/>
</cycle-end>
<allocation-satisfied id="7161" threadId="0000000001BEEF00" bytesRequested="32" />
<af-end id="7162" timestamp="2019-08-04T20:02:55.772" threadId="0000000001BEF888" success="true" />
<exclusive-end id="7163" timestamp="2019-08-04T20:02:55.772" durationms="10.943" />

<exclusive-start id="7164" timestamp="2019-08-04T20:02:55.776" intervalms="14.798">
  <response-info timems="0.017" idlems="0.017" threads="0" lastid="0000000001BEEF00" lastname="main" />
</exclusive-start>
<af-start id="7165" threadId="0000000001BEF888" totalBytesRequested="32" timestamp="2019-08-04T20:02:55.776" intervalms="14.804" />
<cycle-start id="7166" type="global" contextid="0" timestamp="2019-08-04T20:02:55.776" intervalms="14.806" />
  <attribute name="GC Util" value="584" />
  <attribute name="CPU Util" value="2066700339939" />
  <attribute name="Time Running"value="123383"/>
  <attribute name="Number of cores"value="16"/>
<gc-start id="7167" type="global" contextid="7166" timestamp="2019-08-04T20:02:55.776">
  <mem-info id="7168" free="460800" total="46137344" percent="0">
    <mem type="tenure" free="460800" total="46137344" percent="0">
      <mem type="soa" free="0" total="45676544" percent="0" />
      <mem type="loa" free="460800" total="460800" percent="100" />
    </mem>
  </mem-info>
</gc-start>
<allocation-stats totalBytes="27542376" >
  <allocated-bytes non-tlh="0" tlh="27542376" />
  <largest-consumer threadName="main" threadId="0000000001BEEF00" bytes="27542376" />
</allocation-stats>
<gc-op id="7169" type="mark" timems="9.530" contextid="7166" timestamp="2019-08-04T20:02:55.785">
  <trace-info objectcount="596348" scancount="517354" scanbytes="13275892" />
  <finalization candidates="80" enqueued="0" />
  <ownableSynchronizers candidates="21" cleared="0" />
  <references type="soft" candidates="1843" cleared="0" enqueued="0" dynamicThreshold="19" maxThreshold="32" />
  <references type="weak" candidates="5810" cleared="0" enqueued="0" />
  <references type="phantom" candidates="97" cleared="0" enqueued="0" />
  <stringconstants candidates="13258" cleared="0"  />
</gc-op>
<gc-op id="7170" type="sweep" timems="1.386" contextid="7166" timestamp="2019-08-04T20:02:55.787" />
<gc-end id="7171" type="global" contextid="7166" durationms="11.037" usertimems="57.312" systemtimems="0.000" timestamp="2019-08-04T20:02:55.787" activeThreads="16">
  <mem-info id="7172" free="28083008" total="46137344" percent="60">
    <mem type="tenure" free="28083008" total="46137344" percent="60" micro-fragmented="99558" macro-fragmented="0">
      <mem type="soa" free="27622208" total="45676544" percent="60" />
      <mem type="loa" free="460800" total="460800" percent="100" />
    </mem>
  </mem-info>
</gc-end>
<cycle-end id="7173" type="global" contextid="7166" timestamp="2019-08-04T20:02:55.787">
  <attribute name="GC Util" value="509" />
  <attribute name="CPU Util" value="1930869466417" />
  <attribute name="Time Running"value="123398"/>
  <attribute name="Number of cores"value="16"/>
</cycle-end>
<allocation-satisfied id="7174" threadId="0000000001BEEF00" bytesRequested="32" />
<af-end id="7175" timestamp="2019-08-04T20:02:55.787" threadId="0000000001BEF888" success="true" />
<exclusive-end id="7176" timestamp="2019-08-04T20:02:55.787" durationms="11.216" />

<exclusive-start id="7177" timestamp="2019-08-04T20:02:55.790" intervalms="14.600">
  <response-info timems="0.014" idlems="0.014" threads="0" lastid="0000000001BEEF00" lastname="main" />
</exclusive-start>
<af-start id="7178" threadId="0000000001BEF888" totalBytesRequested="32" timestamp="2019-08-04T20:02:55.790" intervalms="14.591" />
<cycle-start id="7179" type="global" contextid="0" timestamp="2019-08-04T20:02:55.790" intervalms="14.589" />
  <attribute name="GC Util" value="509" />
  <attribute name="CPU Util" value="1930869466417" />
  <attribute name="Time Running"value="123398"/>
  <attribute name="Number of cores"value="16"/>
<gc-start id="7180" type="global" contextid="7179" timestamp="2019-08-04T20:02:55.790">
  <mem-info id="7181" free="460800" total="46137344" percent="0">
    <mem type="tenure" free="460800" total="46137344" percent="0">
      <mem type="soa" free="0" total="45676544" percent="0" />
      <mem type="loa" free="460800" total="460800" percent="100" />
    </mem>
  </mem-info>
</gc-start>
<allocation-stats totalBytes="27542280" >
  <allocated-bytes non-tlh="0" tlh="27542280" />
  <largest-consumer threadName="main" threadId="0000000001BEEF00" bytes="27542280" />
</allocation-stats>
<gc-op id="7182" type="mark" timems="7.321" contextid="7179" timestamp="2019-08-04T20:02:55.798">
  <trace-info objectcount="596351" scancount="517361" scanbytes="13275940" />
  <finalization candidates="80" enqueued="0" />
  <ownableSynchronizers candidates="21" cleared="0" />
  <references type="soft" candidates="1843" cleared="0" enqueued="0" dynamicThreshold="19" maxThreshold="32" />
  <references type="weak" candidates="5810" cleared="0" enqueued="0" />
  <references type="phantom" candidates="97" cleared="0" enqueued="0" />
  <stringconstants candidates="13258" cleared="0"  />
</gc-op>
<gc-op id="7183" type="sweep" timems="1.655" contextid="7179" timestamp="2019-08-04T20:02:55.799" />
<gc-end id="7184" type="global" contextid="7179" durationms="9.107" usertimems="51.743" systemtimems="0.000" timestamp="2019-08-04T20:02:55.799" activeThreads="16">
  <mem-info id="7185" free="28082392" total="46137344" percent="60">
    <mem type="tenure" free="28082392" total="46137344" percent="60" micro-fragmented="99558" macro-fragmented="0">
      <mem type="soa" free="27621592" total="45676544" percent="60" />
      <mem type="loa" free="460800" total="460800" percent="100" />
    </mem>
  </mem-info>
</gc-end>
<cycle-end id="7186" type="global" contextid="7179" timestamp="2019-08-04T20:02:55.799">
  <attribute name="GC Util" value="591" />
  <attribute name="CPU Util" value="2514948318715" />
  <attribute name="Time Running"value="123411"/>
  <attribute name="Number of cores"value="16"/>
</cycle-end>
<allocation-satisfied id="7187" threadId="0000000001BEEF00" bytesRequested="32" />
<af-end id="7188" timestamp="2019-08-04T20:02:55.799" threadId="0000000001BEF888" success="true" />
<exclusive-end id="7189" timestamp="2019-08-04T20:02:55.799" durationms="9.261" />

<exclusive-start id="7190" timestamp="2019-08-04T20:02:55.803" intervalms="12.661">
  <response-info timems="0.016" idlems="0.016" threads="0" lastid="0000000001BEEF00" lastname="main" />
</exclusive-start>
<af-start id="7191" threadId="0000000001BEF888" totalBytesRequested="24" timestamp="2019-08-04T20:02:55.803" intervalms="12.663" />
<cycle-start id="7192" type="global" contextid="0" timestamp="2019-08-04T20:02:55.803" intervalms="12.663" />
  <attribute name="GC Util" value="591" />
  <attribute name="CPU Util" value="2514948318715" />
  <attribute name="Time Running"value="123411"/>
  <attribute name="Number of cores"value="16"/>
<gc-start id="7193" type="global" contextid="7192" timestamp="2019-08-04T20:02:55.803">
  <mem-info id="7194" free="460800" total="46137344" percent="0">
    <mem type="tenure" free="460800" total="46137344" percent="0">
      <mem type="soa" free="0" total="45676544" percent="0" />
      <mem type="loa" free="460800" total="460800" percent="100" />
    </mem>
  </mem-info>
</gc-start>
<allocation-stats totalBytes="27542376" >
  <allocated-bytes non-tlh="0" tlh="27542376" />
  <largest-consumer threadName="main" threadId="0000000001BEEF00" bytes="27542376" />
</allocation-stats>
<gc-op id="7195" type="mark" timems="9.066" contextid="7192" timestamp="2019-08-04T20:02:55.812">
  <trace-info objectcount="596348" scancount="517357" scanbytes="13275892" />
  <finalization candidates="80" enqueued="0" />
  <ownableSynchronizers candidates="21" cleared="0" />
  <references type="soft" candidates="1843" cleared="0" enqueued="0" dynamicThreshold="19" maxThreshold="32" />
  <references type="weak" candidates="5810" cleared="0" enqueued="0" />
  <references type="phantom" candidates="97" cleared="0" enqueued="0" />
  <stringconstants candidates="13258" cleared="0"  />
</gc-op>
<gc-op id="7196" type="sweep" timems="1.708" contextid="7192" timestamp="2019-08-04T20:02:55.814" />
<gc-end id="7197" type="global" contextid="7192" durationms="10.898" usertimems="60.141" systemtimems="0.000" timestamp="2019-08-04T20:02:55.814" activeThreads="16">
  <mem-info id="7198" free="28083008" total="46137344" percent="60">
    <mem type="tenure" free="28083008" total="46137344" percent="60" micro-fragmented="99558" macro-fragmented="0">
      <mem type="soa" free="27622208" total="45676544" percent="60" />
      <mem type="loa" free="460800" total="460800" percent="100" />
    </mem>
  </mem-info>
</gc-end>
<cycle-end id="7199" type="global" contextid="7192" timestamp="2019-08-04T20:02:55.814">
  <attribute name="GC Util" value="558" />
  <attribute name="CPU Util" value="2027785794043" />
  <attribute name="Time Running"value="123425"/>
  <attribute name="Number of cores"value="16"/>
</cycle-end>
<allocation-satisfied id="7200" threadId="0000000001BEEF00" bytesRequested="24" />
<af-end id="7201" timestamp="2019-08-04T20:02:55.814" threadId="0000000001BEF888" success="true" />
<exclusive-end id="7202" timestamp="2019-08-04T20:02:55.814" durationms="11.081" />

<exclusive-start id="7203" timestamp="2019-08-04T20:02:55.817" intervalms="14.454">
  <response-info timems="0.016" idlems="0.016" threads="0" lastid="0000000001BEEF00" lastname="main" />
</exclusive-start>
<af-start id="7204" threadId="0000000001BEF888" totalBytesRequested="32" timestamp="2019-08-04T20:02:55.817" intervalms="14.452" />
<cycle-start id="7205" type="global" contextid="0" timestamp="2019-08-04T20:02:55.817" intervalms="14.453" />
  <attribute name="GC Util" value="558" />
  <attribute name="CPU Util" value="2027785794043" />
  <attribute name="Time Running"value="123425"/>
  <attribute name="Number of cores"value="16"/>
<gc-start id="7206" type="global" contextid="7205" timestamp="2019-08-04T20:02:55.817">
  <mem-info id="7207" free="460800" total="46137344" percent="0">
    <mem type="tenure" free="460800" total="46137344" percent="0">
      <mem type="soa" free="0" total="45676544" percent="0" />
      <mem type="loa" free="460800" total="460800" percent="100" />
    </mem>
  </mem-info>
</gc-start>
<allocation-stats totalBytes="27542352" >
  <allocated-bytes non-tlh="0" tlh="27542352" />
  <largest-consumer threadName="main" threadId="0000000001BEEF00" bytes="27542352" />
</allocation-stats>
<gc-op id="7208" type="mark" timems="9.213" contextid="7205" timestamp="2019-08-04T20:02:55.827">
  <trace-info objectcount="596348" scancount="517358" scanbytes="13275892" />
  <finalization candidates="80" enqueued="0" />
  <ownableSynchronizers candidates="21" cleared="0" />
  <references type="soft" candidates="1843" cleared="0" enqueued="0" dynamicThreshold="19" maxThreshold="32" />
  <references type="weak" candidates="5810" cleared="0" enqueued="0" />
  <references type="phantom" candidates="97" cleared="0" enqueued="0" />
  <stringconstants candidates="13258" cleared="0"  />
</gc-op>
<gc-op id="7209" type="sweep" timems="1.636" contextid="7205" timestamp="2019-08-04T20:02:55.828" />
<gc-end id="7210" type="global" contextid="7205" durationms="10.959" usertimems="70.953" systemtimems="0.000" timestamp="2019-08-04T20:02:55.828" activeThreads="16">
  <mem-info id="7211" free="28083008" total="46137344" percent="60">
    <mem type="tenure" free="28083008" total="46137344" percent="60" micro-fragmented="99558" macro-fragmented="0">
      <mem type="soa" free="27622208" total="45676544" percent="60" />
      <mem type="loa" free="460800" total="460800" percent="100" />
    </mem>
  </mem-info>
</gc-end>
<cycle-end id="7212" type="global" contextid="7205" timestamp="2019-08-04T20:02:55.828">
  <attribute name="GC Util" value="666" />
  <attribute name="CPU Util" value="1996202217152" />
  <attribute name="Time Running"value="123440"/>
  <attribute name="Number of cores"value="16"/>
</cycle-end>
<allocation-satisfied id="7213" threadId="0000000001BEEF00" bytesRequested="32" />
<af-end id="7214" timestamp="2019-08-04T20:02:55.828" threadId="0000000001BEF888" success="true" />
<exclusive-end id="7215" timestamp="2019-08-04T20:02:55.828" durationms="11.121" />

<exclusive-start id="7216" timestamp="2019-08-04T20:02:55.854" intervalms="36.717">
  <response-info timems="0.013" idlems="0.013" threads="0" lastid="0000000001BEEF00" lastname="main" />
</exclusive-start>
<af-start id="7217" threadId="0000000001BEF888" totalBytesRequested="32" timestamp="2019-08-04T20:02:55.854" intervalms="36.719" />
<cycle-start id="7218" type="global" contextid="0" timestamp="2019-08-04T20:02:55.854" intervalms="36.718" />
  <attribute name="GC Util" value="666" />
  <attribute name="CPU Util" value="1996202217152" />
  <attribute name="Time Running"value="123440"/>
  <attribute name="Number of cores"value="16"/>
<gc-start id="7219" type="global" contextid="7218" timestamp="2019-08-04T20:02:55.854">
  <mem-info id="7220" free="460800" total="46137344" percent="0">
    <mem type="tenure" free="460800" total="46137344" percent="0">
      <mem type="soa" free="0" total="45676544" percent="0" />
      <mem type="loa" free="460800" total="460800" percent="100" />
    </mem>
  </mem-info>
</gc-start>
<allocation-stats totalBytes="27560640" >
  <allocated-bytes non-tlh="0" tlh="27560640" />
  <largest-consumer threadName="main" threadId="0000000001BEEF00" bytes="27560640" />
</allocation-stats>
<gc-op id="7221" type="mark" timems="9.351" contextid="7218" timestamp="2019-08-04T20:02:55.863">
  <trace-info objectcount="596358" scancount="517388" scanbytes="13276184" />
  <finalization candidates="80" enqueued="0" />
  <ownableSynchronizers candidates="21" cleared="0" />
  <references type="soft" candidates="1843" cleared="0" enqueued="0" dynamicThreshold="19" maxThreshold="32" />
  <references type="weak" candidates="5810" cleared="0" enqueued="0" />
  <references type="phantom" candidates="97" cleared="0" enqueued="0" />
  <stringconstants candidates="13258" cleared="0"  />
</gc-op>
<gc-op id="7222" type="sweep" timems="1.844" contextid="7218" timestamp="2019-08-04T20:02:55.865" />
<gc-end id="7223" type="global" contextid="7218" durationms="11.347" usertimems="68.997" systemtimems="0.000" timestamp="2019-08-04T20:02:55.865" activeThreads="16">
  <mem-info id="7224" free="28081320" total="46137344" percent="60">
    <mem type="tenure" free="28081320" total="46137344" percent="60" micro-fragmented="91988" macro-fragmented="0">
      <mem type="soa" free="27620520" total="45676544" percent="60" />
      <mem type="loa" free="460800" total="460800" percent="100" />
    </mem>
  </mem-info>
</gc-end>
<cycle-end id="7225" type="global" contextid="7218" timestamp="2019-08-04T20:02:55.865">
  <attribute name="GC Util" value="618" />
  <attribute name="CPU Util" value="1966223059548" />
  <attribute name="Time Running"value="123477"/>
  <attribute name="Number of cores"value="16"/>
</cycle-end>
<allocation-satisfied id="7226" threadId="0000000001BEEF00" bytesRequested="32" />
<af-end id="7227" timestamp="2019-08-04T20:02:55.865" threadId="0000000001BEF888" success="true" />
<exclusive-end id="7228" timestamp="2019-08-04T20:02:55.865" durationms="11.517" />

<exclusive-start id="7229" timestamp="2019-08-04T20:02:55.904" intervalms="50.244">
  <response-info timems="0.014" idlems="0.014" threads="0" lastid="0000000001BEEF00" lastname="main" />
</exclusive-start>
<af-start id="7230" threadId="0000000001BEF888" totalBytesRequested="24" timestamp="2019-08-04T20:02:55.904" intervalms="50.244" />
<cycle-start id="7231" type="global" contextid="0" timestamp="2019-08-04T20:02:55.904" intervalms="50.258" />
  <attribute name="GC Util" value="618" />
  <attribute name="CPU Util" value="1966223059548" />
  <attribute name="Time Running"value="123477"/>
  <attribute name="Number of cores"value="16"/>
<gc-start id="7232" type="global" contextid="7231" timestamp="2019-08-04T20:02:55.904">
  <mem-info id="7233" free="460800" total="46137344" percent="0">
    <mem type="tenure" free="460800" total="46137344" percent="0">
      <mem type="soa" free="0" total="45676544" percent="0" />
      <mem type="loa" free="460800" total="460800" percent="100" />
    </mem>
  </mem-info>
</gc-start>
<allocation-stats totalBytes="27579456" >
  <allocated-bytes non-tlh="0" tlh="27579456" />
  <largest-consumer threadName="main" threadId="0000000001BEEF00" bytes="27579456" />
</allocation-stats>
<gc-op id="7234" type="mark" timems="8.460" contextid="7231" timestamp="2019-08-04T20:02:55.913">
  <trace-info objectcount="596354" scancount="517365" scanbytes="13276080" />
  <finalization candidates="80" enqueued="0" />
  <ownableSynchronizers candidates="21" cleared="0" />
  <references type="soft" candidates="1843" cleared="0" enqueued="0" dynamicThreshold="19" maxThreshold="32" />
  <references type="weak" candidates="5810" cleared="0" enqueued="0" />
  <references type="phantom" candidates="97" cleared="0" enqueued="0" />
  <stringconstants candidates="13258" cleared="0"  />
</gc-op>
<gc-op id="7235" type="sweep" timems="2.086" contextid="7231" timestamp="2019-08-04T20:02:55.915" />
<gc-end id="7236" type="global" contextid="7231" durationms="10.669" usertimems="59.194" systemtimems="0.000" timestamp="2019-08-04T20:02:55.915" activeThreads="16">
  <mem-info id="7237" free="28082800" total="46137344" percent="60">
    <mem type="tenure" free="28082800" total="46137344" percent="60" micro-fragmented="87236" macro-fragmented="0">
      <mem type="soa" free="27622000" total="45676544" percent="60" />
      <mem type="loa" free="460800" total="460800" percent="100" />
    </mem>
  </mem-info>
</gc-end>
<cycle-end id="7238" type="global" contextid="7231" timestamp="2019-08-04T20:02:55.915">
  <attribute name="GC Util" value="589" />
  <attribute name="CPU Util" value="2172555015378" />
  <attribute name="Time Running"value="123526"/>
  <attribute name="Number of cores"value="16"/>
</cycle-end>
<allocation-satisfied id="7239" threadId="0000000001BEEF00" bytesRequested="24" />
<af-end id="7240" timestamp="2019-08-04T20:02:55.915" threadId="0000000001BEF888" success="true" />
<exclusive-end id="7241" timestamp="2019-08-04T20:02:55.915" durationms="10.842" />

<exclusive-start id="7242" timestamp="2019-08-04T20:02:55.933" intervalms="28.571">
  <response-info timems="0.013" idlems="0.013" threads="0" lastid="0000000001BEEF00" lastname="main" />
</exclusive-start>
<af-start id="7243" threadId="0000000001BEF888" totalBytesRequested="408" timestamp="2019-08-04T20:02:55.933" intervalms="28.569" />
<cycle-start id="7244" type="global" contextid="0" timestamp="2019-08-04T20:02:55.933" intervalms="28.555" />
  <attribute name="GC Util" value="589" />
  <attribute name="CPU Util" value="2172555015378" />
  <attribute name="Time Running"value="123526"/>
  <attribute name="Number of cores"value="16"/>
<gc-start id="7245" type="global" contextid="7244" timestamp="2019-08-04T20:02:55.933">
  <mem-info id="7246" free="460800" total="46137344" percent="0">
    <mem type="tenure" free="460800" total="46137344" percent="0">
      <mem type="soa" free="0" total="45676544" percent="0" />
      <mem type="loa" free="460800" total="460800" percent="100" />
    </mem>
  </mem-info>
</gc-start>
<allocation-stats totalBytes="27586856" >
  <allocated-bytes non-tlh="0" tlh="27586856" />
  <largest-consumer threadName="main" threadId="0000000001BEEF00" bytes="27586856" />
</allocation-stats>
<gc-op id="7247" type="mark" timems="10.694" contextid="7244" timestamp="2019-08-04T20:02:55.944">
  <trace-info objectcount="596358" scancount="517374" scanbytes="13276676" />
  <finalization candidates="80" enqueued="0" />
  <ownableSynchronizers candidates="21" cleared="0" />
  <references type="soft" candidates="1843" cleared="0" enqueued="0" dynamicThreshold="19" maxThreshold="32" />
  <references type="weak" candidates="5810" cleared="0" enqueued="0" />
  <references type="phantom" candidates="97" cleared="0" enqueued="0" />
  <stringconstants candidates="13258" cleared="0"  />
</gc-op>
<gc-op id="7248" type="sweep" timems="2.163" contextid="7244" timestamp="2019-08-04T20:02:55.946" />
<gc-end id="7249" type="global" contextid="7244" durationms="12.986" usertimems="72.206" systemtimems="0.000" timestamp="2019-08-04T20:02:55.946" activeThreads="16">
  <mem-info id="7250" free="28082712" total="46137344" percent="60">
    <mem type="tenure" free="28082712" total="46137344" percent="60" micro-fragmented="87236" macro-fragmented="0">
      <mem type="soa" free="27621912" total="45676544" percent="60" />
      <mem type="loa" free="460800" total="460800" percent="100" />
    </mem>
  </mem-info>
</gc-end>
<cycle-end id="7251" type="global" contextid="7244" timestamp="2019-08-04T20:02:55.946">
  <attribute name="GC Util" value="571" />
  <attribute name="CPU Util" value="1716236932715" />
  <attribute name="Time Running"value="123557"/>
  <attribute name="Number of cores"value="16"/>
</cycle-end>
<allocation-satisfied id="7252" threadId="0000000001BEEF00" bytesRequested="408" />
<af-end id="7253" timestamp="2019-08-04T20:02:55.946" threadId="0000000001BEF888" success="true" />
<exclusive-end id="7254" timestamp="2019-08-04T20:02:55.946" durationms="13.155" />

<exclusive-start id="7255" timestamp="2019-08-04T20:02:55.952" intervalms="19.620">
  <response-info timems="0.015" idlems="0.015" threads="0" lastid="0000000001BEEF00" lastname="main" />
</exclusive-start>
<af-start id="7256" threadId="0000000001BEF888" totalBytesRequested="408" timestamp="2019-08-04T20:02:55.952" intervalms="19.620" />
<cycle-start id="7257" type="global" contextid="0" timestamp="2019-08-04T20:02:55.952" intervalms="19.623" />
  <attribute name="GC Util" value="571" />
  <attribute name="CPU Util" value="1716236932715" />
  <attribute name="Time Running"value="123557"/>
  <attribute name="Number of cores"value="16"/>
<gc-start id="7258" type="global" contextid="7257" timestamp="2019-08-04T20:02:55.952">
  <mem-info id="7259" free="460800" total="46137344" percent="0">
    <mem type="tenure" free="460800" total="46137344" percent="0">
      <mem type="soa" free="0" total="45676544" percent="0" />
      <mem type="loa" free="460800" total="460800" percent="100" />
    </mem>
  </mem-info>
</gc-start>
<allocation-stats totalBytes="27585792" >
  <allocated-bytes non-tlh="0" tlh="27585792" />
  <largest-consumer threadName="main" threadId="0000000001BEEF00" bytes="27585792" />
</allocation-stats>
<gc-op id="7260" type="mark" timems="9.621" contextid="7257" timestamp="2019-08-04T20:02:55.962">
  <trace-info objectcount="596358" scancount="517371" scanbytes="13276676" />
  <finalization candidates="80" enqueued="0" />
  <ownableSynchronizers candidates="21" cleared="0" />
  <references type="soft" candidates="1843" cleared="0" enqueued="0" dynamicThreshold="19" maxThreshold="32" />
  <references type="weak" candidates="5810" cleared="0" enqueued="0" />
  <references type="phantom" candidates="97" cleared="0" enqueued="0" />
  <stringconstants candidates="13258" cleared="0"  />
</gc-op>
<gc-op id="7261" type="sweep" timems="2.024" contextid="7257" timestamp="2019-08-04T20:02:55.964" />
<gc-end id="7262" type="global" contextid="7257" durationms="11.776" usertimems="71.737" systemtimems="0.000" timestamp="2019-08-04T20:02:55.964" activeThreads="16">
  <mem-info id="7263" free="28082552" total="46137344" percent="60">
    <mem type="tenure" free="28082552" total="46137344" percent="60" micro-fragmented="87236" macro-fragmented="0">
      <mem type="soa" free="27621752" total="45676544" percent="60" />
      <mem type="loa" free="460800" total="460800" percent="100" />
    </mem>
  </mem-info>
</gc-end>
<cycle-end id="7264" type="global" contextid="7257" timestamp="2019-08-04T20:02:55.964">
  <attribute name="GC Util" value="624" />
  <attribute name="CPU Util" value="1905743849556" />
  <attribute name="Time Running"value="123575"/>
  <attribute name="Number of cores"value="16"/>
</cycle-end>
<allocation-satisfied id="7265" threadId="0000000001BEEF00" bytesRequested="408" />
<af-end id="7266" timestamp="2019-08-04T20:02:55.964" threadId="0000000001BEF888" success="true" />
<exclusive-end id="7267" timestamp="2019-08-04T20:02:55.964" durationms="11.974" />

<exclusive-start id="7268" timestamp="2019-08-04T20:02:55.971" intervalms="18.467">
  <response-info timems="0.014" idlems="0.014" threads="0" lastid="0000000001BEEF00" lastname="main" />
</exclusive-start>
<af-start id="7269" threadId="0000000001BEF888" totalBytesRequested="408" timestamp="2019-08-04T20:02:55.971" intervalms="18.469" />
<cycle-start id="7270" type="global" contextid="0" timestamp="2019-08-04T20:02:55.971" intervalms="18.473" />
  <attribute name="GC Util" value="624" />
  <attribute name="CPU Util" value="1905743849556" />
  <attribute name="Time Running"value="123575"/>
  <attribute name="Number of cores"value="16"/>
<gc-start id="7271" type="global" contextid="7270" timestamp="2019-08-04T20:02:55.971">
  <mem-info id="7272" free="460800" total="46137344" percent="0">
    <mem type="tenure" free="460800" total="46137344" percent="0">
      <mem type="soa" free="0" total="45676544" percent="0" />
      <mem type="loa" free="460800" total="460800" percent="100" />
    </mem>
  </mem-info>
</gc-start>
<allocation-stats totalBytes="27584344" >
  <allocated-bytes non-tlh="0" tlh="27584344" />
  <largest-consumer threadName="main" threadId="0000000001BEEF00" bytes="27584344" />
</allocation-stats>
<gc-op id="7273" type="mark" timems="12.200" contextid="7270" timestamp="2019-08-04T20:02:55.983">
  <trace-info objectcount="596358" scancount="517372" scanbytes="13277052" />
  <finalization candidates="80" enqueued="0" />
  <ownableSynchronizers candidates="21" cleared="0" />
  <references type="soft" candidates="1843" cleared="0" enqueued="0" dynamicThreshold="19" maxThreshold="32" />
  <references type="weak" candidates="5810" cleared="0" enqueued="0" />
  <references type="phantom" candidates="97" cleared="0" enqueued="0" />
  <stringconstants candidates="13258" cleared="0"  />
</gc-op>
<gc-op id="7274" type="sweep" timems="1.950" contextid="7270" timestamp="2019-08-04T20:02:55.985" />
<gc-end id="7275" type="global" contextid="7270" durationms="14.296" usertimems="88.091" systemtimems="0.000" timestamp="2019-08-04T20:02:55.985" activeThreads="16">
  <mem-info id="7276" free="28082184" total="46137344" percent="60">
    <mem type="tenure" free="28082184" total="46137344" percent="60" micro-fragmented="87236" macro-fragmented="0">
      <mem type="soa" free="27621384" total="45676544" percent="60" />
      <mem type="loa" free="460800" total="460800" percent="100" />
    </mem>
  </mem-info>
</gc-end>
<cycle-end id="7277" type="global" contextid="7270" timestamp="2019-08-04T20:02:55.985">
  <attribute name="GC Util" value="661" />
  <attribute name="CPU Util" value="1508459822336" />
  <attribute name="Time Running"value="123596"/>
  <attribute name="Number of cores"value="16"/>
</cycle-end>
<allocation-satisfied id="7278" threadId="0000000001BEEF00" bytesRequested="408" />
<af-end id="7279" timestamp="2019-08-04T20:02:55.985" threadId="0000000001BEF888" success="true" />
<exclusive-end id="7280" timestamp="2019-08-04T20:02:55.985" durationms="14.457" />

<exclusive-start id="7281" timestamp="2019-08-04T20:02:56.013" intervalms="42.475">
  <response-info timems="0.040" idlems="0.040" threads="0" lastid="0000000001BEEF00" lastname="main" />
</exclusive-start>
<af-start id="7282" threadId="0000000001BEF888" totalBytesRequested="2008" timestamp="2019-08-04T20:02:56.013" intervalms="42.491" />
<cycle-start id="7283" type="global" contextid="0" timestamp="2019-08-04T20:02:56.013" intervalms="42.490" />
  <attribute name="GC Util" value="661" />
  <attribute name="CPU Util" value="1508459822336" />
  <attribute name="Time Running"value="123596"/>
  <attribute name="Number of cores"value="16"/>
<gc-start id="7284" type="global" contextid="7283" timestamp="2019-08-04T20:02:56.013">
  <mem-info id="7285" free="460800" total="46137344" percent="0">
    <mem type="tenure" free="460800" total="46137344" percent="0">
      <mem type="soa" free="0" total="45676544" percent="0" />
      <mem type="loa" free="460800" total="460800" percent="100" />
    </mem>
  </mem-info>
</gc-start>
<allocation-stats totalBytes="27565248" >
  <allocated-bytes non-tlh="37320" tlh="27527928" />
  <largest-consumer threadName="main" threadId="0000000001BEEF00" bytes="27565248" />
</allocation-stats>
<gc-op id="7286" type="mark" timems="9.907" contextid="7283" timestamp="2019-08-04T20:02:56.023">
  <trace-info objectcount="596401" scancount="517401" scanbytes="13277296" />
  <finalization candidates="80" enqueued="0" />
  <ownableSynchronizers candidates="21" cleared="0" />
  <references type="soft" candidates="1849" cleared="0" enqueued="0" dynamicThreshold="19" maxThreshold="32" />
  <references type="weak" candidates="5810" cleared="0" enqueued="0" />
  <references type="phantom" candidates="97" cleared="0" enqueued="0" />
  <stringconstants candidates="13258" cleared="0"  />
</gc-op>
<gc-op id="7287" type="sweep" timems="2.651" contextid="7283" timestamp="2019-08-04T20:02:56.026" />
<gc-end id="7288" type="global" contextid="7283" durationms="12.697" usertimems="71.665" systemtimems="0.000" timestamp="2019-08-04T20:02:56.026" activeThreads="16">
  <mem-info id="7289" free="28062568" total="46137344" percent="60">
    <mem type="tenure" free="28062568" total="46137344" percent="60" micro-fragmented="100203" macro-fragmented="0">
      <mem type="soa" free="27601768" total="45676544" percent="60" />
      <mem type="loa" free="460800" total="460800" percent="100" />
    </mem>
  </mem-info>
</gc-end>
<cycle-end id="7290" type="global" contextid="7283" timestamp="2019-08-04T20:02:56.026">
  <attribute name="GC Util" value="632" />
  <attribute name="CPU Util" value="1859824036325" />
  <attribute name="Time Running"value="123637"/>
  <attribute name="Number of cores"value="16"/>
</cycle-end>
<allocation-satisfied id="7291" threadId="0000000001BEEF00" bytesRequested="2008" />
<af-end id="7292" timestamp="2019-08-04T20:02:56.026" threadId="0000000001BEF888" success="true" />
<exclusive-end id="7293" timestamp="2019-08-04T20:02:56.026" durationms="12.915" />

<exclusive-start id="7294" timestamp="2019-08-04T20:02:56.053" intervalms="40.086">
  <response-info timems="0.040" idlems="0.040" threads="0" lastid="0000000001BEEF00" lastname="main" />
</exclusive-start>
<af-start id="7295" threadId="0000000001BEF888" totalBytesRequested="16" timestamp="2019-08-04T20:02:56.053" intervalms="40.083" />
<cycle-start id="7296" type="global" contextid="0" timestamp="2019-08-04T20:02:56.053" intervalms="40.084" />
  <attribute name="GC Util" value="632" />
  <attribute name="CPU Util" value="1859824036325" />
  <attribute name="Time Running"value="123637"/>
  <attribute name="Number of cores"value="16"/>
<gc-start id="7297" type="global" contextid="7296" timestamp="2019-08-04T20:02:56.054">
  <mem-info id="7298" free="460800" total="46137344" percent="0">
    <mem type="tenure" free="460800" total="46137344" percent="0">
      <mem type="soa" free="0" total="45676544" percent="0" />
      <mem type="loa" free="460800" total="460800" percent="100" />
    </mem>
  </mem-info>
</gc-start>
<allocation-stats totalBytes="27540064" >
  <allocated-bytes non-tlh="38296" tlh="27501768" />
  <largest-consumer threadName="main" threadId="0000000001BEEF00" bytes="27540064" />
</allocation-stats>
<gc-op id="7299" type="mark" timems="14.264" contextid="7296" timestamp="2019-08-04T20:02:56.068">
  <trace-info objectcount="596402" scancount="517400" scanbytes="13277296" />
  <finalization candidates="80" enqueued="0" />
  <ownableSynchronizers candidates="21" cleared="0" />
  <references type="soft" candidates="1849" cleared="0" enqueued="0" dynamicThreshold="19" maxThreshold="32" />
  <references type="weak" candidates="5810" cleared="0" enqueued="0" />
  <references type="phantom" candidates="97" cleared="0" enqueued="0" />
  <stringconstants candidates="13258" cleared="0"  />
</gc-op>
<gc-op id="7300" type="sweep" timems="1.884" contextid="7296" timestamp="2019-08-04T20:02:56.070" />
<gc-end id="7301" type="global" contextid="7296" durationms="16.281" usertimems="122.803" systemtimems="0.000" timestamp="2019-08-04T20:02:56.070" activeThreads="16">
  <mem-info id="7302" free="28061552" total="46137344" percent="60">
    <mem type="tenure" free="28061552" total="46137344" percent="60" micro-fragmented="100203" macro-fragmented="0">
      <mem type="soa" free="27600752" total="45676544" percent="60" />
      <mem type="loa" free="460800" total="460800" percent="100" />
    </mem>
  </mem-info>
</gc-end>
<cycle-end id="7303" type="global" contextid="7296" timestamp="2019-08-04T20:02:56.070">
  <attribute name="GC Util" value="748" />
  <attribute name="CPU Util" value="1291021111297" />
  <attribute name="Time Running"value="123681"/>
  <attribute name="Number of cores"value="16"/>
</cycle-end>
<allocation-satisfied id="7304" threadId="0000000001BEEF00" bytesRequested="16" />
<af-end id="7305" timestamp="2019-08-04T20:02:56.070" threadId="0000000001BEF888" success="true" />
<exclusive-end id="7306" timestamp="2019-08-04T20:02:56.070" durationms="16.478" />

<exclusive-start id="7307" timestamp="2019-08-04T20:02:56.102" intervalms="48.104">
  <response-info timems="0.023" idlems="0.023" threads="0" lastid="0000000001BEEF00" lastname="main" />
</exclusive-start>
<af-start id="7308" threadId="0000000001BEF888" totalBytesRequested="32" timestamp="2019-08-04T20:02:56.102" intervalms="48.106" />
<cycle-start id="7309" type="global" contextid="0" timestamp="2019-08-04T20:02:56.102" intervalms="48.138" />
  <attribute name="GC Util" value="748" />
  <attribute name="CPU Util" value="1291021111297" />
  <attribute name="Time Running"value="123681"/>
  <attribute name="Number of cores"value="16"/>
<gc-start id="7310" type="global" contextid="7309" timestamp="2019-08-04T20:02:56.102">
  <mem-info id="7311" free="460800" total="46137344" percent="0">
    <mem type="tenure" free="460800" total="46137344" percent="0">
      <mem type="soa" free="0" total="45676544" percent="0" />
      <mem type="loa" free="460800" total="460800" percent="100" />
    </mem>
  </mem-info>
</gc-start>
<allocation-stats totalBytes="27541288" >
  <allocated-bytes non-tlh="52520" tlh="27488768" />
  <largest-consumer threadName="main" threadId="0000000001BEEF00" bytes="27541288" />
</allocation-stats>
<gc-op id="7312" type="mark" timems="9.426" contextid="7309" timestamp="2019-08-04T20:02:56.111">
  <trace-info objectcount="596392" scancount="517396" scanbytes="13277132" />
  <finalization candidates="80" enqueued="0" />
  <ownableSynchronizers candidates="21" cleared="0" />
  <references type="soft" candidates="1849" cleared="0" enqueued="0" dynamicThreshold="19" maxThreshold="32" />
  <references type="weak" candidates="5810" cleared="0" enqueued="0" />
  <references type="phantom" candidates="97" cleared="0" enqueued="0" />
  <stringconstants candidates="13258" cleared="0"  />
</gc-op>
<gc-op id="7313" type="sweep" timems="2.205" contextid="7309" timestamp="2019-08-04T20:02:56.113" />
<gc-end id="7314" type="global" contextid="7309" durationms="11.757" usertimems="58.162" systemtimems="0.000" timestamp="2019-08-04T20:02:56.113" activeThreads="16">
  <mem-info id="7315" free="28065904" total="46137344" percent="60">
    <mem type="tenure" free="28065904" total="46137344" percent="60" micro-fragmented="81550" macro-fragmented="0">
      <mem type="soa" free="27605104" total="45676544" percent="60" />
      <mem type="loa" free="460800" total="460800" percent="100" />
    </mem>
  </mem-info>
</gc-end>
<cycle-end id="7316" type="global" contextid="7309" timestamp="2019-08-04T20:02:56.113">
  <attribute name="GC Util" value="537" />
  <attribute name="CPU Util" value="1952935668259" />
  <attribute name="Time Running"value="123724"/>
  <attribute name="Number of cores"value="16"/>
</cycle-end>
<allocation-satisfied id="7317" threadId="0000000001BEEF00" bytesRequested="32" />
<af-end id="7318" timestamp="2019-08-04T20:02:56.114" threadId="0000000001BEF888" success="true" />
<exclusive-end id="7319" timestamp="2019-08-04T20:02:56.114" durationms="12.000" />

<exclusive-start id="7320" timestamp="2019-08-04T20:02:56.167" intervalms="65.732">
  <response-info timems="0.018" idlems="0.018" threads="0" lastid="0000000001BEEF00" lastname="main" />
</exclusive-start>
<af-start id="7321" threadId="0000000001BEF888" totalBytesRequested="24" timestamp="2019-08-04T20:02:56.167" intervalms="65.733" />
<cycle-start id="7322" type="global" contextid="0" timestamp="2019-08-04T20:02:56.167" intervalms="65.710" />
  <attribute name="GC Util" value="537" />
  <attribute name="CPU Util" value="1952935668259" />
  <attribute name="Time Running"value="123724"/>
  <attribute name="Number of cores"value="16"/>
<gc-start id="7323" type="global" contextid="7322" timestamp="2019-08-04T20:02:56.167">
  <mem-info id="7324" free="460800" total="46137344" percent="0">
    <mem type="tenure" free="460800" total="46137344" percent="0">
      <mem type="soa" free="0" total="45676544" percent="0" />
      <mem type="loa" free="460800" total="460800" percent="100" />
    </mem>
  </mem-info>
</gc-start>
<allocation-stats totalBytes="27599752" >
  <allocated-bytes non-tlh="0" tlh="27599752" />
  <largest-consumer threadName="main" threadId="0000000001BEEF00" bytes="27599752" />
</allocation-stats>
<gc-op id="7325" type="mark" timems="11.042" contextid="7322" timestamp="2019-08-04T20:02:56.178">
  <trace-info objectcount="596393" scancount="517400" scanbytes="13277316" />
  <finalization candidates="80" enqueued="0" />
  <ownableSynchronizers candidates="21" cleared="0" />
  <references type="soft" candidates="1849" cleared="0" enqueued="0" dynamicThreshold="19" maxThreshold="32" />
  <references type="weak" candidates="5810" cleared="0" enqueued="0" />
  <references type="phantom" candidates="97" cleared="0" enqueued="0" />
  <stringconstants candidates="13258" cleared="0"  />
</gc-op>
<gc-op id="7326" type="sweep" timems="2.919" contextid="7322" timestamp="2019-08-04T20:02:56.181" />
<gc-end id="7327" type="global" contextid="7322" durationms="14.092" usertimems="66.720" systemtimems="0.000" timestamp="2019-08-04T20:02:56.181" activeThreads="16">
  <mem-info id="7328" free="28065648" total="46137344" percent="60">
    <mem type="tenure" free="28065648" total="46137344" percent="60" micro-fragmented="87478" macro-fragmented="0">
      <mem type="soa" free="27604848" total="45676544" percent="60" />
      <mem type="loa" free="460800" total="460800" percent="100" />
    </mem>
  </mem-info>
</gc-end>
<cycle-end id="7329" type="global" contextid="7322" timestamp="2019-08-04T20:02:56.182">
  <attribute name="GC Util" value="481" />
  <attribute name="CPU Util" value="1668478281848" />
  <attribute name="Time Running"value="123792"/>
  <attribute name="Number of cores"value="16"/>
</cycle-end>
<allocation-satisfied id="7330" threadId="0000000001BEEF00" bytesRequested="24" />
<af-end id="7331" timestamp="2019-08-04T20:02:56.182" threadId="0000000001BEF888" success="true" />
<exclusive-end id="7332" timestamp="2019-08-04T20:02:56.182" durationms="14.316" />

<exclusive-start id="7333" timestamp="2019-08-04T20:02:56.231" intervalms="63.924">
  <response-info timems="0.020" idlems="0.020" threads="0" lastid="0000000001BEEF00" lastname="main" />
</exclusive-start>
<af-start id="7334" threadId="0000000001BEF888" totalBytesRequested="80" timestamp="2019-08-04T20:02:56.231" intervalms="63.941" />
<cycle-start id="7335" type="global" contextid="0" timestamp="2019-08-04T20:02:56.231" intervalms="63.934" />
  <attribute name="GC Util" value="481" />
  <attribute name="CPU Util" value="1668478281848" />
  <attribute name="Time Running"value="123792"/>
  <attribute name="Number of cores"value="16"/>
<gc-start id="7336" type="global" contextid="7335" timestamp="2019-08-04T20:02:56.231">
  <mem-info id="7337" free="460800" total="46137344" percent="0">
    <mem type="tenure" free="460800" total="46137344" percent="0">
      <mem type="soa" free="0" total="45676544" percent="0" />
      <mem type="loa" free="460800" total="460800" percent="100" />
    </mem>
  </mem-info>
</gc-start>
<allocation-stats totalBytes="27596848" >
  <allocated-bytes non-tlh="0" tlh="27596848" />
  <largest-consumer threadName="main" threadId="0000000001BEEF00" bytes="27596848" />
</allocation-stats>
<gc-op id="7338" type="mark" timems="9.282" contextid="7335" timestamp="2019-08-04T20:02:56.241">
  <trace-info objectcount="596389" scancount="517393" scanbytes="13277120" />
  <finalization candidates="80" enqueued="0" />
  <ownableSynchronizers candidates="21" cleared="0" />
  <references type="soft" candidates="1849" cleared="0" enqueued="0" dynamicThreshold="19" maxThreshold="32" />
  <references type="weak" candidates="5810" cleared="0" enqueued="0" />
  <references type="phantom" candidates="97" cleared="0" enqueued="0" />
  <stringconstants candidates="13258" cleared="0"  />
</gc-op>
<gc-op id="7339" type="sweep" timems="1.958" contextid="7335" timestamp="2019-08-04T20:02:56.243" />
<gc-end id="7340" type="global" contextid="7335" durationms="11.361" usertimems="62.139" systemtimems="0.000" timestamp="2019-08-04T20:02:56.243" activeThreads="16">
  <mem-info id="7341" free="28065984" total="46137344" percent="60">
    <mem type="tenure" free="28065984" total="46137344" percent="60" micro-fragmented="87478" macro-fragmented="0">
      <mem type="soa" free="27605184" total="45676544" percent="60" />
      <mem type="loa" free="460800" total="460800" percent="100" />
    </mem>
  </mem-info>
</gc-end>
<cycle-end id="7342" type="global" contextid="7335" timestamp="2019-08-04T20:02:56.243">
  <attribute name="GC Util" value="551" />
  <attribute name="CPU Util" value="1982006106470" />
  <attribute name="Time Running"value="123854"/>
  <attribute name="Number of cores"value="16"/>
</cycle-end>
<allocation-satisfied id="7343" threadId="0000000001BEEF00" bytesRequested="80" />
<af-end id="7344" timestamp="2019-08-04T20:02:56.243" threadId="0000000001BEF888" success="true" />
<exclusive-end id="7345" timestamp="2019-08-04T20:02:56.243" durationms="11.579" />

<exclusive-start id="7346" timestamp="2019-08-04T20:02:56.286" intervalms="54.592">
  <response-info timems="0.018" idlems="0.018" threads="0" lastid="0000000001BEEF00" lastname="main" />
</exclusive-start>
<af-start id="7347" threadId="0000000001BEF888" totalBytesRequested="16" timestamp="2019-08-04T20:02:56.286" intervalms="54.575" />
<cycle-start id="7348" type="global" contextid="0" timestamp="2019-08-04T20:02:56.286" intervalms="54.569" />
  <attribute name="GC Util" value="551" />
  <attribute name="CPU Util" value="1982006106470" />
  <attribute name="Time Running"value="123854"/>
  <attribute name="Number of cores"value="16"/>
<gc-start id="7349" type="global" contextid="7348" timestamp="2019-08-04T20:02:56.286">
  <mem-info id="7350" free="460800" total="46137344" percent="0">
    <mem type="tenure" free="460800" total="46137344" percent="0">
      <mem type="soa" free="0" total="45676544" percent="0" />
      <mem type="loa" free="460800" total="460800" percent="100" />
    </mem>
  </mem-info>
</gc-start>
<allocation-stats totalBytes="27597208" >
  <allocated-bytes non-tlh="0" tlh="27597208" />
  <largest-consumer threadName="main" threadId="0000000001BEEF00" bytes="27597208" />
</allocation-stats>
<gc-op id="7351" type="mark" timems="9.904" contextid="7348" timestamp="2019-08-04T20:02:56.296">
  <trace-info objectcount="596395" scancount="517405" scanbytes="13277424" />
  <finalization candidates="80" enqueued="0" />
  <ownableSynchronizers candidates="21" cleared="0" />
  <references type="soft" candidates="1849" cleared="0" enqueued="0" dynamicThreshold="19" maxThreshold="32" />
  <references type="weak" candidates="5810" cleared="0" enqueued="0" />
  <references type="phantom" candidates="97" cleared="0" enqueued="0" />
  <stringconstants candidates="13258" cleared="0"  />
</gc-op>
<gc-op id="7352" type="sweep" timems="1.846" contextid="7348" timestamp="2019-08-04T20:02:56.298" />
<gc-end id="7353" type="global" contextid="7348" durationms="11.870" usertimems="66.683" systemtimems="0.000" timestamp="2019-08-04T20:02:56.298" activeThreads="16">
  <mem-info id="7354" free="28065672" total="46137344" percent="60">
    <mem type="tenure" free="28065672" total="46137344" percent="60" micro-fragmented="87478" macro-fragmented="0">
      <mem type="soa" free="27604872" total="45676544" percent="60" />
      <mem type="loa" free="460800" total="460800" percent="100" />
    </mem>
  </mem-info>
</gc-end>
<cycle-end id="7355" type="global" contextid="7348" timestamp="2019-08-04T20:02:56.298">
  <attribute name="GC Util" value="578" />
  <attribute name="CPU Util" value="1859028206467" />
  <attribute name="Time Running"value="123909"/>
  <attribute name="Number of cores"value="16"/>
</cycle-end>
<allocation-satisfied id="7356" threadId="0000000001BEEF00" bytesRequested="16" />
<af-end id="7357" timestamp="2019-08-04T20:02:56.298" threadId="0000000001BEF888" success="true" />
<exclusive-end id="7358" timestamp="2019-08-04T20:02:56.298" durationms="12.058" />

<exclusive-start id="7359" timestamp="2019-08-04T20:02:56.340" intervalms="54.629">
  <response-info timems="0.020" idlems="0.020" threads="0" lastid="0000000001BEEF00" lastname="main" />
</exclusive-start>
<af-start id="7360" threadId="0000000001BEF888" totalBytesRequested="16" timestamp="2019-08-04T20:02:56.340" intervalms="54.632" />
<cycle-start id="7361" type="global" contextid="0" timestamp="2019-08-04T20:02:56.340" intervalms="54.636" />
  <attribute name="GC Util" value="578" />
  <attribute name="CPU Util" value="1859028206467" />
  <attribute name="Time Running"value="123909"/>
  <attribute name="Number of cores"value="16"/>
<gc-start id="7362" type="global" contextid="7361" timestamp="2019-08-04T20:02:56.341">
  <mem-info id="7363" free="460800" total="46137344" percent="0">
    <mem type="tenure" free="460800" total="46137344" percent="0">
      <mem type="soa" free="0" total="45676544" percent="0" />
      <mem type="loa" free="460800" total="460800" percent="100" />
    </mem>
  </mem-info>
</gc-start>
<allocation-stats totalBytes="27596136" >
  <allocated-bytes non-tlh="0" tlh="27596136" />
  <largest-consumer threadName="main" threadId="0000000001BEEF00" bytes="27596136" />
</allocation-stats>
<gc-op id="7364" type="mark" timems="10.557" contextid="7361" timestamp="2019-08-04T20:02:56.351">
  <trace-info objectcount="596397" scancount="517389" scanbytes="13277400" />
  <finalization candidates="80" enqueued="0" />
  <ownableSynchronizers candidates="21" cleared="0" />
  <references type="soft" candidates="1849" cleared="0" enqueued="0" dynamicThreshold="19" maxThreshold="32" />
  <references type="weak" candidates="5810" cleared="0" enqueued="0" />
  <references type="phantom" candidates="97" cleared="0" enqueued="0" />
  <stringconstants candidates="13258" cleared="0"  />
</gc-op>
<gc-op id="7365" type="sweep" timems="1.865" contextid="7361" timestamp="2019-08-04T20:02:56.353" />
<gc-end id="7366" type="global" contextid="7361" durationms="12.555" usertimems="57.015" systemtimems="0.000" timestamp="2019-08-04T20:02:56.353" activeThreads="16">
  <mem-info id="7367" free="28065560" total="46137344" percent="60">
    <mem type="tenure" free="28065560" total="46137344" percent="60" micro-fragmented="87478" macro-fragmented="0">
      <mem type="soa" free="27604760" total="45676544" percent="60" />
      <mem type="loa" free="460800" total="460800" percent="100" />
    </mem>
  </mem-info>
</gc-end>
<cycle-end id="7368" type="global" contextid="7361" timestamp="2019-08-04T20:02:56.353">
  <attribute name="GC Util" value="481" />
  <attribute name="CPU Util" value="1740181910167" />
  <attribute name="Time Running"value="123964"/>
  <attribute name="Number of cores"value="16"/>
</cycle-end>
<allocation-satisfied id="7369" threadId="0000000001BEEF00" bytesRequested="16" />
<af-end id="7370" timestamp="2019-08-04T20:02:56.353" threadId="0000000001BEF888" success="true" />
<exclusive-end id="7371" timestamp="2019-08-04T20:02:56.353" durationms="12.759" />

<exclusive-start id="7372" timestamp="2019-08-04T20:02:56.396" intervalms="56.048">
  <response-info timems="0.019" idlems="0.019" threads="0" lastid="0000000001BEEF00" lastname="main" />
</exclusive-start>
<af-start id="7373" threadId="0000000001BEF888" totalBytesRequested="80" timestamp="2019-08-04T20:02:56.396" intervalms="56.043" />
<cycle-start id="7374" type="global" contextid="0" timestamp="2019-08-04T20:02:56.397" intervalms="56.039" />
  <attribute name="GC Util" value="481" />
  <attribute name="CPU Util" value="1740181910167" />
  <attribute name="Time Running"value="123964"/>
  <attribute name="Number of cores"value="16"/>
<gc-start id="7375" type="global" contextid="7374" timestamp="2019-08-04T20:02:56.397">
  <mem-info id="7376" free="460800" total="46137344" percent="0">
    <mem type="tenure" free="460800" total="46137344" percent="0">
      <mem type="soa" free="0" total="45676544" percent="0" />
      <mem type="loa" free="460800" total="460800" percent="100" />
    </mem>
  </mem-info>
</gc-start>
<allocation-stats totalBytes="27596944" >
  <allocated-bytes non-tlh="0" tlh="27596944" />
  <largest-consumer threadName="main" threadId="0000000001BEEF00" bytes="27596944" />
</allocation-stats>
<gc-op id="7377" type="mark" timems="9.915" contextid="7374" timestamp="2019-08-04T20:02:56.406">
  <trace-info objectcount="596391" scancount="517397" scanbytes="13277212" />
  <finalization candidates="80" enqueued="0" />
  <ownableSynchronizers candidates="21" cleared="0" />
  <references type="soft" candidates="1849" cleared="0" enqueued="0" dynamicThreshold="19" maxThreshold="32" />
  <references type="weak" candidates="5810" cleared="0" enqueued="0" />
  <references type="phantom" candidates="97" cleared="0" enqueued="0" />
  <stringconstants candidates="13258" cleared="0"  />
</gc-op>
<gc-op id="7378" type="sweep" timems="1.905" contextid="7374" timestamp="2019-08-04T20:02:56.408" />
<gc-end id="7379" type="global" contextid="7374" durationms="11.944" usertimems="63.739" systemtimems="0.000" timestamp="2019-08-04T20:02:56.408" activeThreads="16">
  <mem-info id="7380" free="28065888" total="46137344" percent="60">
    <mem type="tenure" free="28065888" total="46137344" percent="60" micro-fragmented="87478" macro-fragmented="0">
      <mem type="soa" free="27605088" total="45676544" percent="60" />
      <mem type="loa" free="460800" total="460800" percent="100" />
    </mem>
  </mem-info>
</gc-end>
<cycle-end id="7381" type="global" contextid="7374" timestamp="2019-08-04T20:02:56.409">
  <attribute name="GC Util" value="541" />
  <attribute name="CPU Util" value="1856766468074" />
  <attribute name="Time Running"value="124020"/>
  <attribute name="Number of cores"value="16"/>
</cycle-end>
<allocation-satisfied id="7382" threadId="0000000001BEEF00" bytesRequested="80" />
<af-end id="7383" timestamp="2019-08-04T20:02:56.409" threadId="0000000001BEF888" success="true" />
<exclusive-end id="7384" timestamp="2019-08-04T20:02:56.409" durationms="12.132" />

<exclusive-start id="7385" timestamp="2019-08-04T20:02:56.454" intervalms="57.711">
  <response-info timems="0.025" idlems="0.025" threads="0" lastid="0000000001BEEF00" lastname="main" />
</exclusive-start>
<af-start id="7386" threadId="0000000001BEF888" totalBytesRequested="16" timestamp="2019-08-04T20:02:56.454" intervalms="57.730" />
<cycle-start id="7387" type="global" contextid="0" timestamp="2019-08-04T20:02:56.454" intervalms="57.731" />
  <attribute name="GC Util" value="541" />
  <attribute name="CPU Util" value="1856766468074" />
  <attribute name="Time Running"value="124020"/>
  <attribute name="Number of cores"value="16"/>
<gc-start id="7388" type="global" contextid="7387" timestamp="2019-08-04T20:02:56.454">
  <mem-info id="7389" free="460800" total="46137344" percent="0">
    <mem type="tenure" free="460800" total="46137344" percent="0">
      <mem type="soa" free="0" total="45676544" percent="0" />
      <mem type="loa" free="460800" total="460800" percent="100" />
    </mem>
  </mem-info>
</gc-start>
<allocation-stats totalBytes="27596952" >
  <allocated-bytes non-tlh="0" tlh="27596952" />
  <largest-consumer threadName="main" threadId="0000000001BEEF00" bytes="27596952" />
</allocation-stats>
<gc-op id="7390" type="mark" timems="10.341" contextid="7387" timestamp="2019-08-04T20:02:56.465">
  <trace-info objectcount="596397" scancount="517401" scanbytes="13277400" />
  <finalization candidates="80" enqueued="0" />
  <ownableSynchronizers candidates="21" cleared="0" />
  <references type="soft" candidates="1849" cleared="0" enqueued="0" dynamicThreshold="19" maxThreshold="32" />
  <references type="weak" candidates="5810" cleared="0" enqueued="0" />
  <references type="phantom" candidates="97" cleared="0" enqueued="0" />
  <stringconstants candidates="13258" cleared="0"  />
</gc-op>
<gc-op id="7391" type="sweep" timems="2.526" contextid="7387" timestamp="2019-08-04T20:02:56.467" />
<gc-end id="7392" type="global" contextid="7387" durationms="12.985" usertimems="64.386" systemtimems="0.000" timestamp="2019-08-04T20:02:56.467" activeThreads="16">
  <mem-info id="7393" free="28065560" total="46137344" percent="60">
    <mem type="tenure" free="28065560" total="46137344" percent="60" micro-fragmented="87478" macro-fragmented="0">
      <mem type="soa" free="27604760" total="45676544" percent="60" />
      <mem type="loa" free="460800" total="460800" percent="100" />
    </mem>
  </mem-info>
</gc-end>
<cycle-end id="7394" type="global" contextid="7387" timestamp="2019-08-04T20:02:56.467">
  <attribute name="GC Util" value="529" />
  <attribute name="CPU Util" value="1781910050315" />
  <attribute name="Time Running"value="124078"/>
  <attribute name="Number of cores"value="16"/>
</cycle-end>
<allocation-satisfied id="7395" threadId="0000000001BEEF00" bytesRequested="16" />
<af-end id="7396" timestamp="2019-08-04T20:02:56.467" threadId="0000000001BEF888" success="true" />
<exclusive-end id="7397" timestamp="2019-08-04T20:02:56.467" durationms="13.201" />

<exclusive-start id="7398" timestamp="2019-08-04T20:02:56.510" intervalms="56.307">
  <response-info timems="0.018" idlems="0.018" threads="0" lastid="0000000001BEEF00" lastname="main" />
</exclusive-start>
<af-start id="7399" threadId="0000000001BEF888" totalBytesRequested="40" timestamp="2019-08-04T20:02:56.511" intervalms="56.305" />
<cycle-start id="7400" type="global" contextid="0" timestamp="2019-08-04T20:02:56.511" intervalms="56.304" />
  <attribute name="GC Util" value="529" />
  <attribute name="CPU Util" value="1781910050315" />
  <attribute name="Time Running"value="124078"/>
  <attribute name="Number of cores"value="16"/>
<gc-start id="7401" type="global" contextid="7400" timestamp="2019-08-04T20:02:56.511">
  <mem-info id="7402" free="460800" total="46137344" percent="0">
    <mem type="tenure" free="460800" total="46137344" percent="0">
      <mem type="soa" free="0" total="45676544" percent="0" />
      <mem type="loa" free="460800" total="460800" percent="100" />
    </mem>
  </mem-info>
</gc-start>
<allocation-stats totalBytes="27596184" >
  <allocated-bytes non-tlh="0" tlh="27596184" />
  <largest-consumer threadName="main" threadId="0000000001BEEF00" bytes="27596184" />
</allocation-stats>
<gc-op id="7403" type="mark" timems="9.287" contextid="7400" timestamp="2019-08-04T20:02:56.520">
  <trace-info objectcount="596397" scancount="517402" scanbytes="13277396" />
  <finalization candidates="80" enqueued="0" />
  <ownableSynchronizers candidates="21" cleared="0" />
  <references type="soft" candidates="1849" cleared="0" enqueued="0" dynamicThreshold="19" maxThreshold="32" />
  <references type="weak" candidates="5810" cleared="0" enqueued="0" />
  <references type="phantom" candidates="97" cleared="0" enqueued="0" />
  <stringconstants candidates="13258" cleared="0"  />
</gc-op>
<gc-op id="7404" type="sweep" timems="1.663" contextid="7400" timestamp="2019-08-04T20:02:56.522" />
<gc-end id="7405" type="global" contextid="7400" durationms="11.064" usertimems="48.095" systemtimems="0.000" timestamp="2019-08-04T20:02:56.522" activeThreads="16">
  <mem-info id="7406" free="28065568" total="46137344" percent="60">
    <mem type="tenure" free="28065568" total="46137344" percent="60" micro-fragmented="87478" macro-fragmented="0">
      <mem type="soa" free="27604768" total="45676544" percent="60" />
      <mem type="loa" free="460800" total="460800" percent="100" />
    </mem>
  </mem-info>
</gc-end>
<cycle-end id="7407" type="global" contextid="7400" timestamp="2019-08-04T20:02:56.522">
  <attribute name="GC Util" value="410" />
  <attribute name="CPU Util" value="1982168602155" />
  <attribute name="Time Running"value="124133"/>
  <attribute name="Number of cores"value="16"/>
</cycle-end>
<allocation-satisfied id="7408" threadId="0000000001BEEF00" bytesRequested="40" />
<af-end id="7409" timestamp="2019-08-04T20:02:56.522" threadId="0000000001BEF888" success="true" />
<exclusive-end id="7410" timestamp="2019-08-04T20:02:56.522" durationms="11.253" />

<exclusive-start id="7411" timestamp="2019-08-04T20:02:56.562" intervalms="51.147">
  <response-info timems="0.021" idlems="0.021" threads="0" lastid="0000000001BEEF00" lastname="main" />
</exclusive-start>
<af-start id="7412" threadId="0000000001BEF888" totalBytesRequested="544" timestamp="2019-08-04T20:02:56.562" intervalms="51.133" />
<cycle-start id="7413" type="global" contextid="0" timestamp="2019-08-04T20:02:56.562" intervalms="51.133" />
  <attribute name="GC Util" value="410" />
  <attribute name="CPU Util" value="1982168602155" />
  <attribute name="Time Running"value="124133"/>
  <attribute name="Number of cores"value="16"/>
<gc-start id="7414" type="global" contextid="7413" timestamp="2019-08-04T20:02:56.562">
  <mem-info id="7415" free="460800" total="46137344" percent="0">
    <mem type="tenure" free="460800" total="46137344" percent="0">
      <mem type="soa" free="0" total="45676544" percent="0" />
      <mem type="loa" free="460800" total="460800" percent="100" />
    </mem>
  </mem-info>
</gc-start>
<allocation-stats totalBytes="27592160" >
  <allocated-bytes non-tlh="0" tlh="27592160" />
  <largest-consumer threadName="main" threadId="0000000001BEEF00" bytes="27592160" />
</allocation-stats>
<gc-op id="7416" type="mark" timems="10.811" contextid="7413" timestamp="2019-08-04T20:02:56.573">
  <trace-info objectcount="596393" scancount="517397" scanbytes="13277168" />
  <finalization candidates="80" enqueued="0" />
  <ownableSynchronizers candidates="21" cleared="0" />
  <references type="soft" candidates="1849" cleared="0" enqueued="0" dynamicThreshold="19" maxThreshold="32" />
  <references type="weak" candidates="5810" cleared="0" enqueued="0" />
  <references type="phantom" candidates="97" cleared="0" enqueued="0" />
  <stringconstants candidates="13258" cleared="0"  />
</gc-op>
<gc-op id="7417" type="sweep" timems="2.533" contextid="7413" timestamp="2019-08-04T20:02:56.575" />
<gc-end id="7418" type="global" contextid="7413" durationms="13.502" usertimems="64.265" systemtimems="0.000" timestamp="2019-08-04T20:02:56.575" activeThreads="16">
  <mem-info id="7419" free="28065304" total="46137344" percent="60">
    <mem type="tenure" free="28065304" total="46137344" percent="60" micro-fragmented="86402" macro-fragmented="0">
      <mem type="soa" free="27604504" total="45676544" percent="60" />
      <mem type="loa" free="460800" total="460800" percent="100" />
    </mem>
  </mem-info>
</gc-end>
<cycle-end id="7420" type="global" contextid="7413" timestamp="2019-08-04T20:02:56.575">
  <attribute name="GC Util" value="495" />
  <attribute name="CPU Util" value="1702856299888" />
  <attribute name="Time Running"value="124186"/>
  <attribute name="Number of cores"value="16"/>
</cycle-end>
<allocation-satisfied id="7421" threadId="0000000001BEEF00" bytesRequested="544" />
<af-end id="7422" timestamp="2019-08-04T20:02:56.575" threadId="0000000001BEF888" success="true" />
<exclusive-end id="7423" timestamp="2019-08-04T20:02:56.575" durationms="13.701" />

<exclusive-start id="7424" timestamp="2019-08-04T20:02:56.580" intervalms="18.210">
  <response-info timems="0.025" idlems="0.025" threads="0" lastid="0000000001BEEF00" lastname="main" />
</exclusive-start>
<af-start id="7425" threadId="0000000001BEF888" totalBytesRequested="64" timestamp="2019-08-04T20:02:56.580" intervalms="18.220" />
<cycle-start id="7426" type="global" contextid="0" timestamp="2019-08-04T20:02:56.580" intervalms="18.224" />
  <attribute name="GC Util" value="495" />
  <attribute name="CPU Util" value="1702856299888" />
  <attribute name="Time Running"value="124186"/>
  <attribute name="Number of cores"value="16"/>
<gc-start id="7427" type="global" contextid="7426" timestamp="2019-08-04T20:02:56.580">
  <mem-info id="7428" free="460800" total="46137344" percent="0">
    <mem type="tenure" free="460800" total="46137344" percent="0">
      <mem type="soa" free="0" total="45676544" percent="0" />
      <mem type="loa" free="460800" total="460800" percent="100" />
    </mem>
  </mem-info>
</gc-start>
<allocation-stats totalBytes="27540096" >
  <allocated-bytes non-tlh="0" tlh="27540096" />
  <largest-consumer threadName="main" threadId="0000000001BEEF00" bytes="27540096" />
</allocation-stats>
<gc-op id="7429" type="mark" timems="9.929" contextid="7426" timestamp="2019-08-04T20:02:56.590">
  <trace-info objectcount="596394" scancount="517399" scanbytes="13277192" />
  <finalization candidates="80" enqueued="0" />
  <ownableSynchronizers candidates="21" cleared="0" />
  <references type="soft" candidates="1849" cleared="0" enqueued="0" dynamicThreshold="19" maxThreshold="32" />
  <references type="weak" candidates="5810" cleared="0" enqueued="0" />
  <references type="phantom" candidates="97" cleared="0" enqueued="0" />
  <stringconstants candidates="13258" cleared="0"  />
</gc-op>
<gc-op id="7430" type="sweep" timems="1.697" contextid="7426" timestamp="2019-08-04T20:02:56.592" />
<gc-end id="7431" type="global" contextid="7426" durationms="11.752" usertimems="67.216" systemtimems="0.000" timestamp="2019-08-04T20:02:56.592" activeThreads="16">
  <mem-info id="7432" free="28064664" total="46137344" percent="60">
    <mem type="tenure" free="28064664" total="46137344" percent="60" micro-fragmented="86402" macro-fragmented="0">
      <mem type="soa" free="27603864" total="45676544" percent="60" />
      <mem type="loa" free="460800" total="460800" percent="100" />
    </mem>
  </mem-info>
</gc-end>
<cycle-end id="7433" type="global" contextid="7426" timestamp="2019-08-04T20:02:56.592">
  <attribute name="GC Util" value="578" />
  <attribute name="CPU Util" value="1853885489160" />
  <attribute name="Time Running"value="124203"/>
  <attribute name="Number of cores"value="16"/>
</cycle-end>
<allocation-satisfied id="7434" threadId="0000000001BEEF00" bytesRequested="64" />
<af-end id="7435" timestamp="2019-08-04T20:02:56.592" threadId="0000000001BEF888" success="true" />
<exclusive-end id="7436" timestamp="2019-08-04T20:02:56.592" durationms="11.966" />

<exclusive-start id="7437" timestamp="2019-08-04T20:02:56.596" intervalms="16.483">
  <response-info timems="0.035" idlems="0.035" threads="0" lastid="0000000001BEEF00" lastname="main" />
</exclusive-start>
<af-start id="7438" threadId="0000000001BEF888" totalBytesRequested="32" timestamp="2019-08-04T20:02:56.596" intervalms="16.473" />
<cycle-start id="7439" type="global" contextid="0" timestamp="2019-08-04T20:02:56.596" intervalms="16.470" />
  <attribute name="GC Util" value="578" />
  <attribute name="CPU Util" value="1853885489160" />
  <attribute name="Time Running"value="124203"/>
  <attribute name="Number of cores"value="16"/>
<gc-start id="7440" type="global" contextid="7439" timestamp="2019-08-04T20:02:56.596">
  <mem-info id="7441" free="460800" total="46137344" percent="0">
    <mem type="tenure" free="460800" total="46137344" percent="0">
      <mem type="soa" free="0" total="45676544" percent="0" />
      <mem type="loa" free="460800" total="460800" percent="100" />
    </mem>
  </mem-info>
</gc-start>
<allocation-stats totalBytes="27538296" >
  <allocated-bytes non-tlh="0" tlh="27538296" />
  <largest-consumer threadName="main" threadId="0000000001BEEF00" bytes="27538296" />
</allocation-stats>
<gc-op id="7442" type="mark" timems="10.677" contextid="7439" timestamp="2019-08-04T20:02:56.607">
  <trace-info objectcount="596391" scancount="517390" scanbytes="13277104" />
  <finalization candidates="80" enqueued="0" />
  <ownableSynchronizers candidates="21" cleared="0" />
  <references type="soft" candidates="1849" cleared="0" enqueued="0" dynamicThreshold="19" maxThreshold="32" />
  <references type="weak" candidates="5810" cleared="0" enqueued="0" />
  <references type="phantom" candidates="97" cleared="0" enqueued="0" />
  <stringconstants candidates="13258" cleared="0"  />
</gc-op>
<gc-op id="7443" type="sweep" timems="2.311" contextid="7439" timestamp="2019-08-04T20:02:56.609" />
<gc-end id="7444" type="global" contextid="7439" durationms="13.114" usertimems="67.912" systemtimems="0.000" timestamp="2019-08-04T20:02:56.610" activeThreads="16">
  <mem-info id="7445" free="28065392" total="46137344" percent="60">
    <mem type="tenure" free="28065392" total="46137344" percent="60" micro-fragmented="86402" macro-fragmented="0">
      <mem type="soa" free="27604592" total="45676544" percent="60" />
      <mem type="loa" free="460800" total="460800" percent="100" />
    </mem>
  </mem-info>
</gc-end>
<cycle-end id="7446" type="global" contextid="7439" timestamp="2019-08-04T20:02:56.610">
  <attribute name="GC Util" value="529" />
  <attribute name="CPU Util" value="1722304684213" />
  <attribute name="Time Running"value="124220"/>
  <attribute name="Number of cores"value="16"/>
</cycle-end>
<allocation-satisfied id="7447" threadId="0000000001BEEF00" bytesRequested="32" />
<af-end id="7448" timestamp="2019-08-04T20:02:56.610" threadId="0000000001BEF888" success="true" />
<exclusive-end id="7449" timestamp="2019-08-04T20:02:56.610" durationms="13.315" />

<exclusive-start id="7450" timestamp="2019-08-04T20:02:56.615" intervalms="18.219">
  <response-info timems="0.020" idlems="0.020" threads="0" lastid="0000000001BEEF00" lastname="main" />
</exclusive-start>
<af-start id="7451" threadId="0000000001BEF888" totalBytesRequested="24" timestamp="2019-08-04T20:02:56.615" intervalms="18.218" />
<cycle-start id="7452" type="global" contextid="0" timestamp="2019-08-04T20:02:56.615" intervalms="18.218" />
  <attribute name="GC Util" value="529" />
  <attribute name="CPU Util" value="1722304684213" />
  <attribute name="Time Running"value="124220"/>
  <attribute name="Number of cores"value="16"/>
<gc-start id="7453" type="global" contextid="7452" timestamp="2019-08-04T20:02:56.615">
  <mem-info id="7454" free="460800" total="46137344" percent="0">
    <mem type="tenure" free="460800" total="46137344" percent="0">
      <mem type="soa" free="0" total="45676544" percent="0" />
      <mem type="loa" free="460800" total="460800" percent="100" />
    </mem>
  </mem-info>
</gc-start>
<allocation-stats totalBytes="27539448" >
  <allocated-bytes non-tlh="0" tlh="27539448" />
  <largest-consumer threadName="main" threadId="0000000001BEEF00" bytes="27539448" />
</allocation-stats>
<gc-op id="7455" type="mark" timems="11.377" contextid="7452" timestamp="2019-08-04T20:02:56.626">
  <trace-info objectcount="596391" scancount="517392" scanbytes="13277104" />
  <finalization candidates="80" enqueued="0" />
  <ownableSynchronizers candidates="21" cleared="0" />
  <references type="soft" candidates="1849" cleared="0" enqueued="0" dynamicThreshold="19" maxThreshold="32" />
  <references type="weak" candidates="5810" cleared="0" enqueued="0" />
  <references type="phantom" candidates="97" cleared="0" enqueued="0" />
  <stringconstants candidates="13258" cleared="0"  />
</gc-op>
<gc-op id="7456" type="sweep" timems="2.705" contextid="7452" timestamp="2019-08-04T20:02:56.629" />
<gc-end id="7457" type="global" contextid="7452" durationms="14.242" usertimems="67.958" systemtimems="0.000" timestamp="2019-08-04T20:02:56.629" activeThreads="16">
  <mem-info id="7458" free="28065392" total="46137344" percent="60">
    <mem type="tenure" free="28065392" total="46137344" percent="60" micro-fragmented="86402" macro-fragmented="0">
      <mem type="soa" free="27604592" total="45676544" percent="60" />
      <mem type="loa" free="460800" total="460800" percent="100" />
    </mem>
  </mem-info>
</gc-end>
<cycle-end id="7459" type="global" contextid="7452" timestamp="2019-08-04T20:02:56.629">
  <attribute name="GC Util" value="502" />
  <attribute name="CPU Util" value="1611592804072" />
  <attribute name="Time Running"value="124239"/>
  <attribute name="Number of cores"value="16"/>
</cycle-end>
<allocation-satisfied id="7460" threadId="0000000001BEEF00" bytesRequested="24" />
<af-end id="7461" timestamp="2019-08-04T20:02:56.629" threadId="0000000001BEF888" success="true" />
<exclusive-end id="7462" timestamp="2019-08-04T20:02:56.629" durationms="14.507" />

<exclusive-start id="7463" timestamp="2019-08-04T20:02:56.633" intervalms="18.743">
  <response-info timems="0.021" idlems="0.021" threads="0" lastid="0000000001BEEF00" lastname="main" />
</exclusive-start>
<af-start id="7464" threadId="0000000001BEF888" totalBytesRequested="544" timestamp="2019-08-04T20:02:56.633" intervalms="18.769" />
<cycle-start id="7465" type="global" contextid="0" timestamp="2019-08-04T20:02:56.633" intervalms="18.770" />
  <attribute name="GC Util" value="502" />
  <attribute name="CPU Util" value="1611592804072" />
  <attribute name="Time Running"value="124239"/>
  <attribute name="Number of cores"value="16"/>
<gc-start id="7466" type="global" contextid="7465" timestamp="2019-08-04T20:02:56.633">
  <mem-info id="7467" free="460800" total="46137344" percent="0">
    <mem type="tenure" free="460800" total="46137344" percent="0">
      <mem type="soa" free="0" total="45676544" percent="0" />
      <mem type="loa" free="460800" total="460800" percent="100" />
    </mem>
  </mem-info>
</gc-start>
<allocation-stats totalBytes="27542600" >
  <allocated-bytes non-tlh="0" tlh="27542600" />
  <largest-consumer threadName="main" threadId="0000000001BEEF00" bytes="27542600" />
</allocation-stats>
<gc-op id="7468" type="mark" timems="13.940" contextid="7465" timestamp="2019-08-04T20:02:56.647">
  <trace-info objectcount="596394" scancount="517398" scanbytes="13277192" />
  <finalization candidates="80" enqueued="0" />
  <ownableSynchronizers candidates="21" cleared="0" />
  <references type="soft" candidates="1849" cleared="0" enqueued="0" dynamicThreshold="19" maxThreshold="32" />
  <references type="weak" candidates="5810" cleared="0" enqueued="0" />
  <references type="phantom" candidates="97" cleared="0" enqueued="0" />
  <stringconstants candidates="13258" cleared="0"  />
</gc-op>
<gc-op id="7469" type="sweep" timems="1.652" contextid="7465" timestamp="2019-08-04T20:02:56.649" />
<gc-end id="7470" type="global" contextid="7465" durationms="15.814" usertimems="109.823" systemtimems="0.000" timestamp="2019-08-04T20:02:56.649" activeThreads="16">
  <mem-info id="7471" free="28065280" total="46137344" percent="60">
    <mem type="tenure" free="28065280" total="46137344" percent="60" micro-fragmented="86402" macro-fragmented="0">
      <mem type="soa" free="27604480" total="45676544" percent="60" />
      <mem type="loa" free="460800" total="460800" percent="100" />
    </mem>
  </mem-info>
</gc-end>
<cycle-end id="7472" type="global" contextid="7465" timestamp="2019-08-04T20:02:56.649">
  <attribute name="GC Util" value="683" />
  <attribute name="CPU Util" value="1319041563170" />
  <attribute name="Time Running"value="124261"/>
  <attribute name="Number of cores"value="16"/>
</cycle-end>
<allocation-satisfied id="7473" threadId="0000000001BEEF00" bytesRequested="544" />
<af-end id="7474" timestamp="2019-08-04T20:02:56.649" threadId="0000000001BEF888" success="true" />
<exclusive-end id="7475" timestamp="2019-08-04T20:02:56.649" durationms="16.059" />

<exclusive-start id="7476" timestamp="2019-08-04T20:02:56.654" intervalms="21.047">
  <response-info timems="0.024" idlems="0.024" threads="0" lastid="0000000001BEEF00" lastname="main" />
</exclusive-start>
<af-start id="7477" threadId="0000000001BEF888" totalBytesRequested="584" timestamp="2019-08-04T20:02:56.654" intervalms="21.022" />
<cycle-start id="7478" type="global" contextid="0" timestamp="2019-08-04T20:02:56.654" intervalms="21.024" />
  <attribute name="GC Util" value="683" />
  <attribute name="CPU Util" value="1319041563170" />
  <attribute name="Time Running"value="124261"/>
  <attribute name="Number of cores"value="16"/>
<gc-start id="7479" type="global" contextid="7478" timestamp="2019-08-04T20:02:56.654">
  <mem-info id="7480" free="460800" total="46137344" percent="0">
    <mem type="tenure" free="460800" total="46137344" percent="0">
      <mem type="soa" free="0" total="45676544" percent="0" />
      <mem type="loa" free="460800" total="460800" percent="100" />
    </mem>
  </mem-info>
</gc-start>
<allocation-stats totalBytes="27545048" >
  <allocated-bytes non-tlh="0" tlh="27545048" />
  <largest-consumer threadName="main" threadId="0000000001BEEF00" bytes="27545048" />
</allocation-stats>
<gc-op id="7481" type="mark" timems="10.016" contextid="7478" timestamp="2019-08-04T20:02:56.664">
  <trace-info objectcount="596394" scancount="517397" scanbytes="13277192" />
  <finalization candidates="80" enqueued="0" />
  <ownableSynchronizers candidates="21" cleared="0" />
  <references type="soft" candidates="1849" cleared="0" enqueued="0" dynamicThreshold="19" maxThreshold="32" />
  <references type="weak" candidates="5810" cleared="0" enqueued="0" />
  <references type="phantom" candidates="97" cleared="0" enqueued="0" />
  <stringconstants candidates="13258" cleared="0"  />
</gc-op>
<gc-op id="7482" type="sweep" timems="2.216" contextid="7478" timestamp="2019-08-04T20:02:56.667" />
<gc-end id="7483" type="global" contextid="7478" durationms="12.357" usertimems="68.645" systemtimems="0.000" timestamp="2019-08-04T20:02:56.667" activeThreads="16">
  <mem-info id="7484" free="28065280" total="46137344" percent="60">
    <mem type="tenure" free="28065280" total="46137344" percent="60" micro-fragmented="86402" macro-fragmented="0">
      <mem type="soa" free="27604480" total="45676544" percent="60" />
      <mem type="loa" free="460800" total="460800" percent="100" />
    </mem>
  </mem-info>
</gc-end>
<cycle-end id="7485" type="global" contextid="7478" timestamp="2019-08-04T20:02:56.667">
  <attribute name="GC Util" value="573" />
  <attribute name="CPU Util" value="1838951635503" />
  <attribute name="Time Running"value="124278"/>
  <attribute name="Number of cores"value="16"/>
</cycle-end>
<allocation-satisfied id="7486" threadId="0000000001BEEF00" bytesRequested="584" />
<af-end id="7487" timestamp="2019-08-04T20:02:56.667" threadId="0000000001BEF888" success="true" />
<exclusive-end id="7488" timestamp="2019-08-04T20:02:56.667" durationms="12.567" />

<exclusive-start id="7489" timestamp="2019-08-04T20:02:56.672" intervalms="17.778">
  <response-info timems="0.020" idlems="0.020" threads="0" lastid="0000000001BEEF00" lastname="main" />
</exclusive-start>
<af-start id="7490" threadId="0000000001BEF888" totalBytesRequested="16" timestamp="2019-08-04T20:02:56.672" intervalms="17.783" />
<cycle-start id="7491" type="global" contextid="0" timestamp="2019-08-04T20:02:56.672" intervalms="17.780" />
  <attribute name="GC Util" value="573" />
  <attribute name="CPU Util" value="1838951635503" />
  <attribute name="Time Running"value="124278"/>
  <attribute name="Number of cores"value="16"/>
<gc-start id="7492" type="global" contextid="7491" timestamp="2019-08-04T20:02:56.672">
  <mem-info id="7493" free="460800" total="46137344" percent="0">
    <mem type="tenure" free="460800" total="46137344" percent="0">
      <mem type="soa" free="0" total="45676544" percent="0" />
      <mem type="loa" free="460800" total="460800" percent="100" />
    </mem>
  </mem-info>
</gc-start>
<allocation-stats totalBytes="27540304" >
  <allocated-bytes non-tlh="0" tlh="27540304" />
  <largest-consumer threadName="main" threadId="0000000001BEEF00" bytes="27540304" />
</allocation-stats>
<gc-op id="7494" type="mark" timems="11.484" contextid="7491" timestamp="2019-08-04T20:02:56.684">
  <trace-info objectcount="596394" scancount="517396" scanbytes="13277192" />
  <finalization candidates="80" enqueued="0" />
  <ownableSynchronizers candidates="21" cleared="0" />
  <references type="soft" candidates="1849" cleared="0" enqueued="0" dynamicThreshold="19" maxThreshold="32" />
  <references type="weak" candidates="5810" cleared="0" enqueued="0" />
  <references type="phantom" candidates="97" cleared="0" enqueued="0" />
  <stringconstants candidates="13258" cleared="0"  />
</gc-op>
<gc-op id="7495" type="sweep" timems="1.793" contextid="7491" timestamp="2019-08-04T20:02:56.686" />
<gc-end id="7496" type="global" contextid="7491" durationms="13.408" usertimems="57.149" systemtimems="0.000" timestamp="2019-08-04T20:02:56.686" activeThreads="16">
  <mem-info id="7497" free="28065280" total="46137344" percent="60">
    <mem type="tenure" free="28065280" total="46137344" percent="60" micro-fragmented="86402" macro-fragmented="0">
      <mem type="soa" free="27604480" total="45676544" percent="60" />
      <mem type="loa" free="460800" total="460800" percent="100" />
    </mem>
  </mem-info>
</gc-end>
<cycle-end id="7498" type="global" contextid="7491" timestamp="2019-08-04T20:02:56.686">
  <attribute name="GC Util" value="404" />
  <attribute name="CPU Util" value="1599982101775" />
  <attribute name="Time Running"value="124297"/>
  <attribute name="Number of cores"value="16"/>
</cycle-end>
<allocation-satisfied id="7499" threadId="0000000001BEEF00" bytesRequested="16" />
<af-end id="7500" timestamp="2019-08-04T20:02:56.686" threadId="0000000001BEF888" success="true" />
<exclusive-end id="7501" timestamp="2019-08-04T20:02:56.686" durationms="13.682" />

* Round 4 done in 3.535 seconds.

-------------------------------------------------------------------------------
Benchmark: 2019-08-04 20:02:32
-------------------------------------------------------------------------------

    Rounds: 4
    Warp:   10
    Timer:  time.time

Test                             minimum  average  operation  overhead
-------------------------------------------------------------------------------
          BuiltinFunctionCalls:     13ms     53ms    0.10us    0.000ms
           BuiltinMethodLookup:     46ms    102ms    0.10us    0.000ms
                 CompareFloats:     15ms    107ms    0.09us    0.000ms
         CompareFloatsIntegers:     18ms     74ms    0.08us    0.000ms
               CompareIntegers:     23ms     71ms    0.04us    0.000ms
        CompareInternedStrings:     39ms    121ms    0.08us    0.000ms
                  CompareLongs:     15ms     42ms    0.04us    0.000ms
                CompareStrings:     30ms     67ms    0.07us    0.000ms
                CompareUnicode:     20ms     50ms    0.07us    0.000ms
                 ConcatStrings:    333ms    374ms    0.75us    0.000ms
                 ConcatUnicode:    223ms    238ms    0.79us    0.000ms
               CreateInstances:     52ms     92ms    0.82us    0.000ms
            CreateNewInstances:     74ms    116ms    1.38us    0.000ms
       CreateStringsWithConcat:    143ms    184ms    0.18us    0.000ms
       CreateUnicodeWithConcat:     55ms     80ms    0.20us    0.000ms
                  DictCreation:     66ms    154ms    0.39us    0.000ms
             DictWithFloatKeys:     17ms     79ms    0.09us    0.000ms
           DictWithIntegerKeys:     19ms     53ms    0.04us    0.000ms
            DictWithStringKeys:     21ms     55ms    0.05us    0.000ms
                      ForLoops:    103ms    210ms    8.41us    0.000ms
                    IfThenElse:     20ms     98ms    0.07us    0.000ms
                   ListSlicing:     29ms     54ms    3.86us    0.000ms
                NestedForLoops:     88ms    138ms    0.09us    0.000ms
          NormalClassAttribute:     22ms     64ms    0.05us    0.000ms
       NormalInstanceAttribute:     23ms     62ms    0.05us    0.000ms
           PythonFunctionCalls:     46ms     99ms    0.30us    0.000ms
             PythonMethodCalls:     40ms     92ms    0.41us    0.000ms
                     Recursion:     46ms    129ms    2.58us    0.000ms
                  SecondImport:     42ms     81ms    0.81us    0.000ms
           SecondPackageImport:     43ms     49ms    0.49us    0.000ms
         SecondSubmoduleImport:     74ms     89ms    0.89us    0.000ms
       SimpleComplexArithmetic:     25ms     77ms    0.09us    0.000ms
        SimpleDictManipulation:     25ms     94ms    0.08us    0.000ms
         SimpleFloatArithmetic:     32ms    119ms    0.09us    0.000ms
      SimpleIntFloatArithmetic:     19ms    103ms    0.08us    0.000ms
       SimpleIntegerArithmetic:     18ms     81ms    0.06us    0.000ms
        SimpleListManipulation:     42ms    131ms    0.11us    0.000ms
          SimpleLongArithmetic:     50ms    104ms    0.16us    0.000ms
                    SmallLists:     56ms    125ms    0.18us    0.000ms
                   SmallTuples:     63ms    143ms    0.26us    0.000ms
         SpecialClassAttribute:     24ms     71ms    0.06us    0.000ms
      SpecialInstanceAttribute:     24ms     69ms    0.06us    0.000ms
                StringMappings:    107ms    240ms    0.95us    0.000ms
              StringPredicates:     49ms    112ms    0.16us    0.000ms
                 StringSlicing:     99ms    137ms    0.24us    0.000ms
                     TryExcept:      2ms     20ms    0.01us    0.000ms
                TryRaiseExcept:     96ms    120ms    1.88us    0.000ms
                  TupleSlicing:     57ms     72ms    0.28us    0.000ms
               UnicodeMappings:    110ms    176ms    4.90us    0.000ms
             UnicodePredicates:     38ms     85ms    0.16us    0.000ms
             UnicodeProperties:    398ms    494ms    1.24us    0.000ms
                UnicodeSlicing:     92ms    136ms    0.28us    0.000ms
-------------------------------------------------------------------------------
Totals:                           3224ms   5987ms

===== DaCapo 9.12-MR1 jython PASSED in 26747 msec =====
<exclusive-start id="7502" timestamp="2019-08-04T20:02:56.871" intervalms="199.365">
  <response-info timems="0.029" idlems="0.029" threads="0" lastid="0000000001BEEF00" lastname="main" />
</exclusive-start>
<af-start id="7503" threadId="0000000001BEF888" totalBytesRequested="27960" timestamp="2019-08-04T20:02:56.871" intervalms="199.367" />
<cycle-start id="7504" type="global" contextid="0" timestamp="2019-08-04T20:02:56.872" intervalms="199.436" />
  <attribute name="GC Util" value="404" />
  <attribute name="CPU Util" value="1599982101775" />
  <attribute name="Time Running"value="124297"/>
  <attribute name="Number of cores"value="16"/>
<gc-start id="7505" type="global" contextid="7504" timestamp="2019-08-04T20:02:56.872">
  <mem-info id="7506" free="460800" total="46137344" percent="0">
    <mem type="tenure" free="460800" total="46137344" percent="0">
      <mem type="soa" free="0" total="45676544" percent="0" />
      <mem type="loa" free="460800" total="460800" percent="100" />
    </mem>
  </mem-info>
</gc-start>
<allocation-stats totalBytes="26937816" >
  <allocated-bytes non-tlh="164952" tlh="26772864" />
  <largest-consumer threadName="main" threadId="0000000001BEEF00" bytes="26937816" />
</allocation-stats>
<gc-op id="7507" type="mark" timems="22.578" contextid="7504" timestamp="2019-08-04T20:02:56.894">
  <trace-info objectcount="599095" scancount="518817" scanbytes="13318868" />
  <finalization candidates="81" enqueued="1" />
  <ownableSynchronizers candidates="24" cleared="3" />
  <references type="soft" candidates="1869" cleared="11" enqueued="11" dynamicThreshold="19" maxThreshold="32" />
  <references type="weak" candidates="5878" cleared="60" enqueued="60" />
  <references type="phantom" candidates="133" cleared="11" enqueued="11" />
  <stringconstants candidates="13672" cleared="2"  />
</gc-op>
<gc-op id="7508" type="classunload" timems="0.570" contextid="7504" timestamp="2019-08-04T20:02:56.895">
  <classunload-info classloadercandidates="55" classloadersunloaded="1" classesunloaded="1" anonymousclassesunloaded="0" quiescems="0.000" setupms="0.558" scanms="0.010" postms="0.002" />
</gc-op>
<gc-op id="7509" type="sweep" timems="1.507" contextid="7504" timestamp="2019-08-04T20:02:56.897" />
<heap-resize id="7510" type="expand" space="tenure" amount="1245184" count="1" timems="0.047" reason="excessive time being spent in gc" timestamp="2019-08-04T20:02:56.897" />
<gc-end id="7511" type="global" contextid="7504" durationms="25.205" usertimems="116.424" systemtimems="0.000" timestamp="2019-08-04T20:02:56.897" activeThreads="16">
  <mem-info id="7512" free="28441000" total="47382528" percent="60">
    <mem type="tenure" free="28441000" total="47382528" percent="60" micro-fragmented="365955" macro-fragmented="0">
      <mem type="soa" free="27967912" total="46909440" percent="59" />
      <mem type="loa" free="473088" total="473088" percent="100" />
    </mem>
    <pending-finalizers system="1" default="0" reference="82" classloader="0" />
  </mem-info>
</gc-end>
<cycle-end id="7513" type="global" contextid="7504" timestamp="2019-08-04T20:02:56.897">
  <attribute name="GC Util" value="467" />
  <attribute name="CPU Util" value="789805742789" />
  <attribute name="Time Running"value="124508"/>
  <attribute name="Number of cores"value="16"/>
</cycle-end>
<allocation-satisfied id="7514" threadId="0000000001BEEF00" bytesRequested="27960" />
<af-end id="7515" timestamp="2019-08-04T20:02:56.897" threadId="0000000001BEF888" success="true" />
<exclusive-end id="7516" timestamp="2019-08-04T20:02:56.897" durationms="25.893" />

<exclusive-start id="7517" timestamp="2019-08-04T20:02:56.900" intervalms="28.625">
  <response-info timems="0.058" idlems="0.058" threads="0" lastid="0000000001BEEF00" lastname="main" />
</exclusive-start>
<af-start id="7518" threadId="0000000001BEF888" totalBytesRequested="61080" timestamp="2019-08-04T20:02:56.900" intervalms="28.619" />
<cycle-start id="7519" type="global" contextid="0" timestamp="2019-08-04T20:02:56.900" intervalms="28.622" />
  <attribute name="GC Util" value="467" />
  <attribute name="CPU Util" value="789805742789" />
  <attribute name="Time Running"value="124508"/>
  <attribute name="Number of cores"value="16"/>
<gc-start id="7520" type="global" contextid="7519" timestamp="2019-08-04T20:02:56.900">
  <mem-info id="7521" free="473088" total="47382528" percent="0">
    <mem type="tenure" free="473088" total="47382528" percent="0">
      <mem type="soa" free="0" total="46909440" percent="0" />
      <mem type="loa" free="473088" total="473088" percent="100" />
    </mem>
  </mem-info>
</gc-start>
<allocation-stats totalBytes="24593128" >
  <allocated-bytes non-tlh="6619216" tlh="17973912" />
  <largest-consumer threadName="main" threadId="0000000001BEEF00" bytes="24589032" />
</allocation-stats>
<gc-op id="7522" type="mark" timems="53.544" contextid="7519" timestamp="2019-08-04T20:02:56.954">
  <trace-info objectcount="598835" scancount="518606" scanbytes="13313144" />
  <finalization candidates="80" enqueued="0" />
  <ownableSynchronizers candidates="21" cleared="0" />
  <references type="soft" candidates="1860" cleared="0" enqueued="0" dynamicThreshold="19" maxThreshold="32" />
  <references type="weak" candidates="5816" cleared="0" enqueued="0" />
  <references type="phantom" candidates="121" cleared="0" enqueued="0" />
  <stringconstants candidates="13670" cleared="1"  />
</gc-op>
<gc-op id="7523" type="sweep" timems="1.833" contextid="7519" timestamp="2019-08-04T20:02:56.956" />
<gc-end id="7524" type="global" contextid="7519" durationms="55.644" usertimems="374.696" systemtimems="0.000" timestamp="2019-08-04T20:02:56.956" activeThreads="16">
  <mem-info id="7525" free="28520984" total="47382528" percent="60">
    <mem type="tenure" free="28520984" total="47382528" percent="60" micro-fragmented="457630" macro-fragmented="0">
      <mem type="soa" free="28047896" total="46909440" percent="59" />
      <mem type="loa" free="473088" total="473088" percent="100" />
    </mem>
  </mem-info>
</gc-end>
<cycle-end id="7526" type="global" contextid="7519" timestamp="2019-08-04T20:02:56.956">
  <attribute name="GC Util" value="650" />
  <attribute name="CPU Util" value="345328252937" />
  <attribute name="Time Running"value="124567"/>
  <attribute name="Number of cores"value="16"/>
</cycle-end>
<allocation-satisfied id="7527" threadId="0000000001BEEF00" bytesRequested="61080" />
<af-end id="7528" timestamp="2019-08-04T20:02:56.956" threadId="0000000001BEF888" success="true" />
<exclusive-end id="7529" timestamp="2019-08-04T20:02:56.956" durationms="56.002" />

<exclusive-start id="7530" timestamp="2019-08-04T20:02:56.959" intervalms="58.654">
  <response-info timems="0.050" idlems="0.050" threads="0" lastid="0000000001BEEF00" lastname="main" />
</exclusive-start>
<af-start id="7531" threadId="0000000001BEF888" totalBytesRequested="41296" timestamp="2019-08-04T20:02:56.959" intervalms="58.655" />
<cycle-start id="7532" type="global" contextid="0" timestamp="2019-08-04T20:02:56.959" intervalms="58.595" />
  <attribute name="GC Util" value="650" />
  <attribute name="CPU Util" value="345328252937" />
  <attribute name="Time Running"value="124567"/>
  <attribute name="Number of cores"value="16"/>
<gc-start id="7533" type="global" contextid="7532" timestamp="2019-08-04T20:02:56.959">
  <mem-info id="7534" free="473088" total="47382528" percent="0">
    <mem type="tenure" free="473088" total="47382528" percent="0">
      <mem type="soa" free="0" total="46909440" percent="0" />
      <mem type="loa" free="473088" total="473088" percent="100" />
    </mem>
  </mem-info>
</gc-start>
<allocation-stats totalBytes="25010096" >
  <allocated-bytes non-tlh="16469840" tlh="8540256" />
  <largest-consumer threadName="main" threadId="0000000001BEEF00" bytes="25010096" />
</allocation-stats>
<gc-op id="7535" type="mark" timems="10.205" contextid="7532" timestamp="2019-08-04T20:02:56.969">
  <trace-info objectcount="598819" scancount="518599" scanbytes="13312600" />
  <finalization candidates="80" enqueued="0" />
  <ownableSynchronizers candidates="21" cleared="0" />
  <references type="soft" candidates="1860" cleared="5" enqueued="5" dynamicThreshold="19" maxThreshold="32" />
  <references type="weak" candidates="5816" cleared="0" enqueued="0" />
  <references type="phantom" candidates="121" cleared="0" enqueued="0" />
  <stringconstants candidates="13669" cleared="0"  />
</gc-op>
<gc-op id="7536" type="sweep" timems="1.570" contextid="7532" timestamp="2019-08-04T20:02:56.971" />
<gc-end id="7537" type="global" contextid="7532" durationms="12.018" usertimems="70.901" systemtimems="0.000" timestamp="2019-08-04T20:02:56.971" activeThreads="16">
  <mem-info id="7538" free="28510216" total="47382528" percent="60">
    <mem type="tenure" free="28510216" total="47382528" percent="60" micro-fragmented="457630" macro-fragmented="0">
      <mem type="soa" free="28037128" total="46909440" percent="59" />
      <mem type="loa" free="473088" total="473088" percent="100" />
    </mem>
    <pending-finalizers system="0" default="0" reference="5" classloader="0" />
  </mem-info>
</gc-end>
<cycle-end id="7539" type="global" contextid="7532" timestamp="2019-08-04T20:02:56.971">
  <attribute name="GC Util" value="633" />
  <attribute name="CPU Util" value="1799526654394" />
  <attribute name="Time Running"value="124582"/>
  <attribute name="Number of cores"value="16"/>
</cycle-end>
<allocation-satisfied id="7540" threadId="0000000001BEEF00" bytesRequested="41296" />
<af-end id="7541" timestamp="2019-08-04T20:02:56.971" threadId="0000000001BEF888" success="true" />
<exclusive-end id="7542" timestamp="2019-08-04T20:02:56.971" durationms="12.283" />

<exclusive-start id="7543" timestamp="2019-08-04T20:02:56.973" intervalms="14.586">
  <response-info timems="0.084" idlems="0.084" threads="0" lastid="0000000001BEEF00" lastname="main" />
</exclusive-start>
<af-start id="7544" threadId="0000000001BEF888" totalBytesRequested="50904" timestamp="2019-08-04T20:02:56.973" intervalms="14.590" />
<cycle-start id="7545" type="global" contextid="0" timestamp="2019-08-04T20:02:56.973" intervalms="14.598" />
  <attribute name="GC Util" value="633" />
  <attribute name="CPU Util" value="1799526654394" />
  <attribute name="Time Running"value="124582"/>
  <attribute name="Number of cores"value="16"/>
<gc-start id="7546" type="global" contextid="7545" timestamp="2019-08-04T20:02:56.973">
  <mem-info id="7547" free="577152" total="47382528" percent="1">
    <mem type="tenure" free="577152" total="47382528" percent="1">
      <mem type="soa" free="205856" total="46909440" percent="0" />
      <mem type="loa" free="371296" total="473088" percent="78" />
    </mem>
  </mem-info>
</gc-start>
<allocation-stats totalBytes="24855424" >
  <allocated-bytes non-tlh="20945560" tlh="3909864" />
  <largest-consumer threadName="main" threadId="0000000001BEEF00" bytes="24855424" />
</allocation-stats>
<gc-op id="7548" type="mark" timems="10.287" contextid="7545" timestamp="2019-08-04T20:02:56.984">
  <trace-info objectcount="598804" scancount="518574" scanbytes="13312072" />
  <finalization candidates="80" enqueued="0" />
  <ownableSynchronizers candidates="21" cleared="0" />
  <references type="soft" candidates="1855" cleared="0" enqueued="0" dynamicThreshold="19" maxThreshold="32" />
  <references type="weak" candidates="5816" cleared="0" enqueued="0" />
  <references type="phantom" candidates="121" cleared="0" enqueued="0" />
  <stringconstants candidates="13669" cleared="0"  />
</gc-op>
<gc-op id="7549" type="sweep" timems="2.204" contextid="7545" timestamp="2019-08-04T20:02:56.986" />
<gc-end id="7550" type="global" contextid="7545" durationms="12.715" usertimems="76.771" systemtimems="0.000" timestamp="2019-08-04T20:02:56.986" activeThreads="16">
  <mem-info id="7551" free="28401704" total="47382528" percent="59">
    <mem type="tenure" free="28401704" total="47382528" percent="59" micro-fragmented="457630" macro-fragmented="0">
      <mem type="soa" free="28030408" total="46909440" percent="59" />
      <mem type="loa" free="371296" total="473088" percent="78" />
    </mem>
  </mem-info>
</gc-end>
<cycle-end id="7552" type="global" contextid="7545" timestamp="2019-08-04T20:02:56.986">
  <attribute name="GC Util" value="687" />
  <attribute name="CPU Util" value="1793525423513" />
  <attribute name="Time Running"value="124597"/>
  <attribute name="Number of cores"value="16"/>
</cycle-end>
<allocation-satisfied id="7553" threadId="0000000001BEEF00" bytesRequested="50904" />
<af-end id="7554" timestamp="2019-08-04T20:02:56.986" threadId="0000000001BEF888" success="true" />
<exclusive-end id="7555" timestamp="2019-08-04T20:02:56.986" durationms="12.947" />

<exclusive-start id="7556" timestamp="2019-08-04T20:02:56.989" intervalms="15.476">
  <response-info timems="0.342" idlems="0.342" threads="0" lastid="0000000001BEEF00" lastname="main" />
</exclusive-start>
<af-start id="7557" threadId="0000000001BEF888" totalBytesRequested="59168" timestamp="2019-08-04T20:02:56.989" intervalms="15.494" />
<cycle-start id="7558" type="global" contextid="0" timestamp="2019-08-04T20:02:56.989" intervalms="15.484" />
  <attribute name="GC Util" value="687" />
  <attribute name="CPU Util" value="1793525423513" />
  <attribute name="Time Running"value="124597"/>
  <attribute name="Number of cores"value="16"/>
<gc-start id="7559" type="global" contextid="7558" timestamp="2019-08-04T20:02:56.989">
  <mem-info id="7560" free="649672" total="47382528" percent="1">
    <mem type="tenure" free="649672" total="47382528" percent="1">
      <mem type="soa" free="396704" total="46909440" percent="0" />
      <mem type="loa" free="252968" total="473088" percent="53" />
    </mem>
  </mem-info>
</gc-start>
<allocation-stats totalBytes="25740320" >
  <allocated-bytes non-tlh="22464048" tlh="3276272" />
  <largest-consumer threadName="main" threadId="0000000001BEEF00" bytes="25740320" />
</allocation-stats>
<gc-op id="7561" type="mark" timems="16.001" contextid="7558" timestamp="2019-08-04T20:02:57.005">
  <trace-info objectcount="598794" scancount="518564" scanbytes="13311960" />
  <finalization candidates="80" enqueued="0" />
  <ownableSynchronizers candidates="21" cleared="0" />
  <references type="soft" candidates="1855" cleared="1" enqueued="0" dynamicThreshold="19" maxThreshold="32" />
  <references type="weak" candidates="5816" cleared="0" enqueued="0" />
  <references type="phantom" candidates="121" cleared="0" enqueued="0" />
  <stringconstants candidates="13669" cleared="0"  />
</gc-op>
<gc-op id="7562" type="sweep" timems="1.635" contextid="7558" timestamp="2019-08-04T20:02:57.007" />
<gc-end id="7563" type="global" contextid="7558" durationms="17.836" usertimems="89.270" systemtimems="0.000" timestamp="2019-08-04T20:02:57.007" activeThreads="16">
  <mem-info id="7564" free="28454224" total="47382528" percent="60">
    <mem type="tenure" free="28454224" total="47382528" percent="60" micro-fragmented="457630" macro-fragmented="0">
      <mem type="soa" free="27981136" total="46909440" percent="59" />
      <mem type="loa" free="473088" total="473088" percent="100" />
    </mem>
  </mem-info>
</gc-end>
<cycle-end id="7565" type="global" contextid="7558" timestamp="2019-08-04T20:02:57.007">
  <attribute name="GC Util" value="493" />
  <attribute name="CPU Util" value="1152344982000" />
  <attribute name="Time Running"value="124618"/>
  <attribute name="Number of cores"value="16"/>
</cycle-end>
<allocation-satisfied id="7566" threadId="0000000001BEEF00" bytesRequested="59168" />
<af-end id="7567" timestamp="2019-08-04T20:02:57.007" threadId="0000000001BEF888" success="true" />
<exclusive-end id="7568" timestamp="2019-08-04T20:02:57.007" durationms="18.129" />

<exclusive-start id="7569" timestamp="2019-08-04T20:02:57.009" intervalms="20.514">
  <response-info timems="0.024" idlems="0.024" threads="0" lastid="0000000001BEEF00" lastname="main" />
</exclusive-start>
<af-start id="7570" threadId="0000000001BEF888" totalBytesRequested="70568" timestamp="2019-08-04T20:02:57.009" intervalms="20.495" />
<cycle-start id="7571" type="global" contextid="0" timestamp="2019-08-04T20:02:57.009" intervalms="20.494" />
  <attribute name="GC Util" value="493" />
  <attribute name="CPU Util" value="1152344982000" />
  <attribute name="Time Running"value="124618"/>
  <attribute name="Number of cores"value="16"/>
<gc-start id="7572" type="global" contextid="7571" timestamp="2019-08-04T20:02:57.009">
  <mem-info id="7573" free="864960" total="47382528" percent="1">
    <mem type="tenure" free="864960" total="47382528" percent="1">
      <mem type="soa" free="864960" total="46909440" percent="1" />
      <mem type="loa" free="0" total="473088" percent="0" />
    </mem>
  </mem-info>
</gc-start>
<allocation-stats totalBytes="26422344" >
  <allocated-bytes non-tlh="23783336" tlh="2639008" />
  <largest-consumer threadName="main" threadId="0000000001BEEF00" bytes="26422344" />
</allocation-stats>
<heap-resize id="7574" type="loa expand" space="tenure" amount="474112" count="1" timems="0.062" reason="expand on failed allocate" timestamp="2019-08-04T20:02:57.009" />
<gc-op id="7575" type="mark" timems="10.054" contextid="7571" timestamp="2019-08-04T20:02:57.020">
  <trace-info objectcount="598793" scancount="518568" scanbytes="13311952" />
  <finalization candidates="80" enqueued="0" />
  <ownableSynchronizers candidates="21" cleared="0" />
  <references type="soft" candidates="1854" cleared="0" enqueued="0" dynamicThreshold="19" maxThreshold="32" />
  <references type="weak" candidates="5816" cleared="0" enqueued="0" />
  <references type="phantom" candidates="121" cleared="0" enqueued="0" />
  <stringconstants candidates="13669" cleared="0"  />
</gc-op>
<gc-op id="7576" type="sweep" timems="1.604" contextid="7571" timestamp="2019-08-04T20:02:57.021" />
<gc-end id="7577" type="global" contextid="7571" durationms="11.874" usertimems="64.812" systemtimems="0.000" timestamp="2019-08-04T20:02:57.021" activeThreads="16">
  <mem-info id="7578" free="28380416" total="47382528" percent="59">
    <mem type="tenure" free="28380416" total="47382528" percent="59" micro-fragmented="457630" macro-fragmented="0">
      <mem type="soa" free="27554840" total="46435328" percent="59" />
      <mem type="loa" free="825576" total="947200" percent="87" />
    </mem>
  </mem-info>
</gc-end>
<cycle-end id="7579" type="global" contextid="7571" timestamp="2019-08-04T20:02:57.021">
  <attribute name="GC Util" value="541" />
  <attribute name="CPU Util" value="1832655339724" />
  <attribute name="Time Running"value="124633"/>
  <attribute name="Number of cores"value="16"/>
</cycle-end>
<allocation-satisfied id="7580" threadId="0000000001BEEF00" bytesRequested="70568" />
<af-end id="7581" timestamp="2019-08-04T20:02:57.021" threadId="0000000001BEF888" success="true" />
<exclusive-end id="7582" timestamp="2019-08-04T20:02:57.021" durationms="12.112" />

<exclusive-start id="7583" timestamp="2019-08-04T20:02:57.022" intervalms="12.443">
  <response-info timems="0.032" idlems="0.032" threads="0" lastid="0000000001BEEF00" lastname="main" />
</exclusive-start>
<sys-start reason="explicit" id="7584" timestamp="2019-08-04T20:02:57.022" intervalms="27096.260" />
<cycle-start id="7585" type="global" contextid="0" timestamp="2019-08-04T20:02:57.022" intervalms="12.401" />
  <attribute name="GC Util" value="541" />
  <attribute name="CPU Util" value="1832655339724" />
  <attribute name="Time Running"value="124633"/>
  <attribute name="Number of cores"value="16"/>
<gc-start id="7586" type="global" contextid="7585" timestamp="2019-08-04T20:02:57.022">
  <mem-info id="7587" free="25491432" total="47382528" percent="53">
    <mem type="tenure" free="25491432" total="47382528" percent="53">
      <mem type="soa" free="24665856" total="46435328" percent="53" />
      <mem type="loa" free="825576" total="947200" percent="87" />
    </mem>
  </mem-info>
</gc-start>
<allocation-stats totalBytes="2959448" >
  <allocated-bytes non-tlh="2951568" tlh="7880" />
  <largest-consumer threadName="main" threadId="0000000001BEEF00" bytes="2959448" />
</allocation-stats>
<gc-op id="7588" type="mark" timems="15.580" contextid="7585" timestamp="2019-08-04T20:02:57.037">
  <trace-info objectcount="597113" scancount="517437" scanbytes="13286060" />
  <finalization candidates="80" enqueued="0" />
  <ownableSynchronizers candidates="21" cleared="0" />
  <references type="soft" candidates="1854" cleared="0" enqueued="0" dynamicThreshold="19" maxThreshold="32" />
  <references type="weak" candidates="5816" cleared="0" enqueued="0" />
  <references type="phantom" candidates="121" cleared="0" enqueued="0" />
  <stringconstants candidates="13669" cleared="0"  />
</gc-op>
<gc-op id="7589" type="classunload" timems="0.005" contextid="7585" timestamp="2019-08-04T20:02:57.037">
  <classunload-info classloadercandidates="54" classloadersunloaded="0" classesunloaded="0" anonymousclassesunloaded="0" quiescems="0.000" setupms="0.004" scanms="0.001" postms="0.000" />
</gc-op>
<gc-op id="7590" type="sweep" timems="1.672" contextid="7585" timestamp="2019-08-04T20:02:57.039" />
<mem-info id="7591" free="28749840" total="47382528" percent="60">
  <mem type="tenure" free="28749840" total="47382528" percent="60" micro-fragmented="315791" macro-fragmented="0">
    <mem type="soa" free="27802640" total="46435328" percent="59" />
    <mem type="loa" free="947200" total="947200" percent="100" />
  </mem>
</mem-info>
<gc-op id="7592" type="compact" timems="162.326" contextid="7585" timestamp="2019-08-04T20:02:57.202">
  <compact-info movecount="584015" movebytes="17734648" reason="compact on aggressive collection" />
</gc-op>
<gc-end id="7593" type="global" contextid="7585" durationms="179.847" usertimems="247.717" systemtimems="0.000" timestamp="2019-08-04T20:02:57.202" activeThreads="16">
  <mem-info id="7594" free="29086568" total="47382528" percent="61">
    <mem type="tenure" free="29086568" total="47382528" percent="61">
      <mem type="soa" free="28139368" total="46435328" percent="60" />
      <mem type="loa" free="947200" total="947200" percent="100" />
    </mem>
  </mem-info>
</gc-end>
<cycle-end id="7595" type="global" contextid="7585" timestamp="2019-08-04T20:02:57.202">
  <attribute name="GC Util" value="199" />
  <attribute name="CPU Util" value="10426658953154" />
  <attribute name="Time Running"value="124652"/>
  <attribute name="Number of cores"value="16"/>
</cycle-end>
<sys-end id="7596" timestamp="2019-08-04T20:02:57.202" />
<exclusive-end id="7597" timestamp="2019-08-04T20:02:57.202" durationms="179.991" />

===== DaCapo 9.12-MR1 pmd starting =====
<exclusive-start id="7598" timestamp="2019-08-04T20:02:57.547" intervalms="525.330">
  <response-info timems="3.119" idlems="3.119" threads="0" lastid="0000000001EF7B00" lastname="PmdThread 13" />
</exclusive-start>
<af-start id="7599" threadId="0000000001EF8488" totalBytesRequested="56" timestamp="2019-08-04T20:02:57.547" intervalms="537.854" />
<cycle-start id="7600" type="global" contextid="0" timestamp="2019-08-04T20:02:57.547" intervalms="525.498" />
  <attribute name="GC Util" value="199" />
  <attribute name="CPU Util" value="10426658953154" />
  <attribute name="Time Running"value="124652"/>
  <attribute name="Number of cores"value="16"/>
<gc-start id="7601" type="global" contextid="7600" timestamp="2019-08-04T20:02:57.547">
  <mem-info id="7602" free="947200" total="47382528" percent="1">
    <mem type="tenure" free="947200" total="47382528" percent="1">
      <mem type="soa" free="0" total="46435328" percent="0" />
      <mem type="loa" free="947200" total="947200" percent="100" />
    </mem>
  </mem-info>
</gc-start>
<allocation-stats totalBytes="28097896" >
  <allocated-bytes non-tlh="574224" tlh="27523672" />
  <largest-consumer threadName="main" threadId="0000000001BEEF00" bytes="8756336" />
</allocation-stats>
<gc-op id="7603" type="mark" timems="11.099" contextid="7600" timestamp="2019-08-04T20:02:57.559">
  <trace-info objectcount="674306" scancount="582367" scanbytes="15251248" />
  <finalization candidates="82" enqueued="0" />
  <ownableSynchronizers candidates="40" cleared="0" />
  <references type="soft" candidates="1870" cleared="0" enqueued="0" dynamicThreshold="19" maxThreshold="32" />
  <references type="weak" candidates="6366" cleared="365" enqueued="293" />
  <references type="phantom" candidates="156" cleared="14" enqueued="14" />
  <stringconstants candidates="14871" cleared="4"  />
</gc-op>
<gc-op id="7604" type="sweep" timems="2.336" contextid="7600" timestamp="2019-08-04T20:02:57.561" />
<gc-end id="7605" type="global" contextid="7600" durationms="13.889" usertimems="79.607" systemtimems="0.000" timestamp="2019-08-04T20:02:57.561" activeThreads="16">
  <mem-info id="7606" free="20798968" total="47382528" percent="43">
    <mem type="tenure" free="20798968" total="47382528" percent="43" micro-fragmented="3037719" macro-fragmented="3364138">
      <mem type="soa" free="19851768" total="46435328" percent="42" />
      <mem type="loa" free="947200" total="947200" percent="100" />
    </mem>
    <pending-finalizers system="0" default="0" reference="307" classloader="0" />
  </mem-info>
</gc-end>
<cycle-end id="7607" type="global" contextid="7600" timestamp="2019-08-04T20:02:57.562">
  <attribute name="GC Util" value="638" />
  <attribute name="CPU Util" value="1639946148173" />
  <attribute name="Time Running"value="125172"/>
  <attribute name="Number of cores"value="16"/>
</cycle-end>
<allocation-satisfied id="7608" threadId="0000000001EF7B00" bytesRequested="56" />
<af-end id="7609" timestamp="2019-08-04T20:02:57.562" threadId="0000000001EF8488" success="true" />
<exclusive-end id="7610" timestamp="2019-08-04T20:02:57.562" durationms="14.833" />

<exclusive-start id="7611" timestamp="2019-08-04T20:02:57.776" intervalms="228.734">
  <response-info timems="5.874" idlems="4.020" threads="3" lastid="0000000001EE4F00" lastname="PmdThread 11" />
</exclusive-start>
<af-start id="7612" threadId="0000000001F0EB88" totalBytesRequested="776" timestamp="2019-08-04T20:02:57.776" intervalms="228.657" />
<cycle-start id="7613" type="global" contextid="0" timestamp="2019-08-04T20:02:57.776" intervalms="228.616" />
  <attribute name="GC Util" value="638" />
  <attribute name="CPU Util" value="1639946148173" />
  <attribute name="Time Running"value="125172"/>
  <attribute name="Number of cores"value="16"/>
<gc-start id="7614" type="global" contextid="7613" timestamp="2019-08-04T20:02:57.776">
  <mem-info id="7615" free="947200" total="47382528" percent="1">
    <mem type="tenure" free="947200" total="47382528" percent="1">
      <mem type="soa" free="0" total="46435328" percent="0" />
      <mem type="loa" free="947200" total="947200" percent="100" />
    </mem>
  </mem-info>
</gc-start>
<allocation-stats totalBytes="19646616" >
  <allocated-bytes non-tlh="1053400" tlh="18593216" />
  <largest-consumer threadName="PmdThread 14" threadId="0000000001F2C100" bytes="1910704" />
</allocation-stats>
<gc-op id="7616" type="mark" timems="17.928" contextid="7613" timestamp="2019-08-04T20:02:57.794">
  <trace-info objectcount="766071" scancount="666138" scanbytes="17766300" />
  <finalization candidates="82" enqueued="0" />
  <ownableSynchronizers candidates="40" cleared="0" />
  <references type="soft" candidates="1988" cleared="0" enqueued="0" dynamicThreshold="14" maxThreshold="32" />
  <references type="weak" candidates="6124" cleared="107" enqueued="106" />
  <references type="phantom" candidates="166" cleared="16" enqueued="16" />
  <stringconstants candidates="15095" cleared="3"  />
</gc-op>
<gc-op id="7617" type="classunload" timems="0.543" contextid="7613" timestamp="2019-08-04T20:02:57.794">
  <classunload-info classloadercandidates="60" classloadersunloaded="3" classesunloaded="3" anonymousclassesunloaded="0" quiescems="0.000" setupms="0.523" scanms="0.018" postms="0.002" />
</gc-op>
<gc-op id="7618" type="sweep" timems="1.974" contextid="7613" timestamp="2019-08-04T20:02:57.796" />
<heap-resize id="7619" type="expand" space="tenure" amount="3670016" count="1" timems="0.301" reason="insufficient free space following gc" timestamp="2019-08-04T20:02:57.797" />
<gc-end id="7620" type="global" contextid="7613" durationms="20.949" usertimems="93.446" systemtimems="0.000" timestamp="2019-08-04T20:02:57.797" activeThreads="16">
  <mem-info id="7621" free="15316064" total="51052544" percent="30">
    <mem type="tenure" free="15316064" total="51052544" percent="30" micro-fragmented="8149967" macro-fragmented="1325369">
      <mem type="soa" free="14295136" total="50031616" percent="28" />
      <mem type="loa" free="1020928" total="1020928" percent="100" />
    </mem>
    <pending-finalizers system="0" default="0" reference="122" classloader="0" />
  </mem-info>
</gc-end>
<cycle-end id="7622" type="global" contextid="7613" timestamp="2019-08-04T20:02:57.797">
  <attribute name="GC Util" value="429" />
  <attribute name="CPU Util" value="996596748896" />
  <attribute name="Time Running"value="125408"/>
  <attribute name="Number of cores"value="16"/>
</cycle-end>
<allocation-satisfied id="7623" threadId="0000000001F0E200" bytesRequested="776" />
<af-end id="7624" timestamp="2019-08-04T20:02:57.797" threadId="0000000001F0EB88" success="true" />
<exclusive-end id="7625" timestamp="2019-08-04T20:02:57.797" durationms="21.195" />

<exclusive-start id="7626" timestamp="2019-08-04T20:02:57.899" intervalms="123.007">
  <response-info timems="6.005" idlems="6.005" threads="0" lastid="0000000001EFF200" lastname="PmdThread 15" />
</exclusive-start>
<af-start id="7627" threadId="0000000001EFFB88" totalBytesRequested="40" timestamp="2019-08-04T20:02:57.899" intervalms="123.034" />
<cycle-start id="7628" type="global" contextid="0" timestamp="2019-08-04T20:02:57.899" intervalms="123.049" />
  <attribute name="GC Util" value="429" />
  <attribute name="CPU Util" value="996596748896" />
  <attribute name="Time Running"value="125408"/>
  <attribute name="Number of cores"value="16"/>
<gc-start id="7629" type="global" contextid="7628" timestamp="2019-08-04T20:02:57.899">
  <mem-info id="7630" free="1020928" total="51052544" percent="1">
    <mem type="tenure" free="1020928" total="51052544" percent="1">
      <mem type="soa" free="0" total="50031616" percent="0" />
      <mem type="loa" free="1020928" total="1020928" percent="100" />
    </mem>
  </mem-info>
</gc-start>
<allocation-stats totalBytes="14124136" >
  <allocated-bytes non-tlh="1145368" tlh="12978768" />
  <largest-consumer threadName="PmdThread 15" threadId="0000000001EFF200" bytes="1987552" />
</allocation-stats>
<gc-op id="7631" type="mark" timems="11.602" contextid="7628" timestamp="2019-08-04T20:02:57.911">
  <trace-info objectcount="779506" scancount="678832" scanbytes="18039548" />
  <finalization candidates="83" enqueued="0" />
  <ownableSynchronizers candidates="40" cleared="0" />
  <references type="soft" candidates="1990" cleared="7" enqueued="7" dynamicThreshold="9" maxThreshold="32" />
  <references type="weak" candidates="6164" cleared="131" enqueued="128" />
  <references type="phantom" candidates="167" cleared="19" enqueued="19" />
  <stringconstants candidates="15119" cleared="0"  />
</gc-op>
<gc-op id="7632" type="sweep" timems="1.975" contextid="7628" timestamp="2019-08-04T20:02:57.913" />
<heap-resize id="7633" type="expand" space="tenure" amount="1769472" count="1" timems="0.264" reason="insufficient free space following gc" timestamp="2019-08-04T20:02:57.913" />
<gc-end id="7634" type="global" contextid="7628" durationms="14.053" usertimems="75.586" systemtimems="0.000" timestamp="2019-08-04T20:02:57.913" activeThreads="16">
  <mem-info id="7635" free="15857760" total="52822016" percent="30">
    <mem type="tenure" free="15857760" total="52822016" percent="30" micro-fragmented="8613827" macro-fragmented="0">
      <mem type="soa" free="14802016" total="51766272" percent="28" />
      <mem type="loa" free="1055744" total="1055744" percent="100" />
    </mem>
    <pending-finalizers system="0" default="0" reference="154" classloader="0" />
  </mem-info>
</gc-end>
<cycle-end id="7636" type="global" contextid="7628" timestamp="2019-08-04T20:02:57.913">
  <attribute name="GC Util" value="586" />
  <attribute name="CPU Util" value="1602235075796" />
  <attribute name="Time Running"value="125524"/>
  <attribute name="Number of cores"value="16"/>
</cycle-end>
<allocation-satisfied id="7637" threadId="0000000001EFF200" bytesRequested="40" />
<af-end id="7638" timestamp="2019-08-04T20:02:57.913" threadId="0000000001EFFB88" success="true" />
<exclusive-end id="7639" timestamp="2019-08-04T20:02:57.913" durationms="14.510" />

<exclusive-start id="7640" timestamp="2019-08-04T20:02:58.034" intervalms="135.541">
  <response-info timems="0.289" idlems="0.106" threads="2" lastid="0000000001C01B00" lastname="JIT Compilation Thread-4" />
</exclusive-start>
<af-start id="7641" threadId="0000000001EED088" totalBytesRequested="24" timestamp="2019-08-04T20:02:58.034" intervalms="135.578" />
<cycle-start id="7642" type="global" contextid="0" timestamp="2019-08-04T20:02:58.035" intervalms="135.626" />
  <attribute name="GC Util" value="586" />
  <attribute name="CPU Util" value="1602235075796" />
  <attribute name="Time Running"value="125524"/>
  <attribute name="Number of cores"value="16"/>
<gc-start id="7643" type="global" contextid="7642" timestamp="2019-08-04T20:02:58.035">
  <mem-info id="7644" free="1055744" total="52822016" percent="1">
    <mem type="tenure" free="1055744" total="52822016" percent="1">
      <mem type="soa" free="0" total="51766272" percent="0" />
      <mem type="loa" free="1055744" total="1055744" percent="100" />
    </mem>
  </mem-info>
</gc-start>
<allocation-stats totalBytes="14596784" >
  <allocated-bytes non-tlh="1747624" tlh="12849160" />
  <largest-consumer threadName="PmdThread 7" threadId="0000000001ED2400" bytes="1936536" />
</allocation-stats>
<gc-op id="7645" type="mark" timems="10.774" contextid="7642" timestamp="2019-08-04T20:02:58.046">
  <trace-info objectcount="801506" scancount="699567" scanbytes="18693596" />
  <finalization candidates="83" enqueued="0" />
  <ownableSynchronizers candidates="40" cleared="0" />
  <references type="soft" candidates="1984" cleared="2" enqueued="2" dynamicThreshold="9" maxThreshold="32" />
  <references type="weak" candidates="6301" cleared="265" enqueued="265" />
  <references type="phantom" candidates="182" cleared="27" enqueued="27" />
  <stringconstants candidates="15160" cleared="0"  />
</gc-op>
<gc-op id="7646" type="sweep" timems="1.547" contextid="7642" timestamp="2019-08-04T20:02:58.047" />
<heap-resize id="7647" type="expand" space="tenure" amount="3604480" count="1" timems="0.319" reason="insufficient free space following gc" timestamp="2019-08-04T20:02:58.048" />
<gc-end id="7648" type="global" contextid="7642" durationms="13.139" usertimems="75.659" systemtimems="0.000" timestamp="2019-08-04T20:02:58.048" activeThreads="16">
  <mem-info id="7649" free="16952120" total="56426496" percent="30">
    <mem type="tenure" free="16952120" total="56426496" percent="30" micro-fragmented="9748328" macro-fragmented="0">
      <mem type="soa" free="15823672" total="55298048" percent="28" />
      <mem type="loa" free="1128448" total="1128448" percent="100" />
    </mem>
    <pending-finalizers system="0" default="0" reference="294" classloader="0" />
  </mem-info>
</gc-end>
<cycle-end id="7650" type="global" contextid="7642" timestamp="2019-08-04T20:02:58.048">
  <attribute name="GC Util" value="634" />
  <attribute name="CPU Util" value="1689471916016" />
  <attribute name="Time Running"value="125659"/>
  <attribute name="Number of cores"value="16"/>
</cycle-end>
<allocation-satisfied id="7651" threadId="0000000001EEC700" bytesRequested="24" />
<af-end id="7652" timestamp="2019-08-04T20:02:58.048" threadId="0000000001EED088" success="true" />
<exclusive-end id="7653" timestamp="2019-08-04T20:02:58.048" durationms="13.639" />

<exclusive-start id="7654" timestamp="2019-08-04T20:02:58.098" intervalms="63.795">
  <response-info timems="0.099" idlems="0.099" threads="0" lastid="0000000001EF0300" lastname="PmdThread 12" />
</exclusive-start>
<af-start id="7655" threadId="0000000001EF0C88" totalBytesRequested="8200" timestamp="2019-08-04T20:02:58.098" intervalms="63.722" />
<cycle-start id="7656" type="global" contextid="0" timestamp="2019-08-04T20:02:58.098" intervalms="63.743" />
  <attribute name="GC Util" value="634" />
  <attribute name="CPU Util" value="1689471916016" />
  <attribute name="Time Running"value="125659"/>
  <attribute name="Number of cores"value="16"/>
<gc-start id="7657" type="global" contextid="7656" timestamp="2019-08-04T20:02:58.098">
  <mem-info id="7658" free="1128448" total="56426496" percent="1">
    <mem type="tenure" free="1128448" total="56426496" percent="1">
      <mem type="soa" free="0" total="55298048" percent="0" />
      <mem type="loa" free="1128448" total="1128448" percent="100" />
    </mem>
  </mem-info>
</gc-start>
<allocation-stats totalBytes="15450480" >
  <allocated-bytes non-tlh="2176728" tlh="13273752" />
  <largest-consumer threadName="PmdThread 16" threadId="0000000001F0E200" bytes="3469264" />
</allocation-stats>
<gc-op id="7659" type="mark" timems="12.005" contextid="7656" timestamp="2019-08-04T20:02:58.110">
  <trace-info objectcount="805758" scancount="703591" scanbytes="18790276" />
  <finalization candidates="83" enqueued="0" />
  <ownableSynchronizers candidates="40" cleared="0" />
  <references type="soft" candidates="1987" cleared="0" enqueued="0" dynamicThreshold="9" maxThreshold="32" />
  <references type="weak" candidates="6394" cleared="359" enqueued="359" />
  <references type="phantom" candidates="228" cleared="49" enqueued="49" />
  <stringconstants candidates="15160" cleared="0"  />
</gc-op>
<gc-op id="7660" type="sweep" timems="3.417" contextid="7656" timestamp="2019-08-04T20:02:58.114" />
<heap-resize id="7661" type="expand" space="tenure" amount="1048576" count="1" timems="0.379" reason="insufficient free space following gc" timestamp="2019-08-04T20:02:58.114" />
<gc-end id="7662" type="global" contextid="7656" durationms="16.017" usertimems="92.743" systemtimems="0.000" timestamp="2019-08-04T20:02:58.114" activeThreads="16">
  <mem-info id="7663" free="17482680" total="57475072" percent="30">
    <mem type="tenure" free="17482680" total="57475072" percent="30" micro-fragmented="9555074" macro-fragmented="11866">
      <mem type="soa" free="16333752" total="56326144" percent="28" />
      <mem type="loa" free="1148928" total="1148928" percent="100" />
    </mem>
    <pending-finalizers system="0" default="0" reference="408" classloader="0" />
  </mem-info>
</gc-end>
<cycle-end id="7664" type="global" contextid="7656" timestamp="2019-08-04T20:02:58.114">
  <attribute name="GC Util" value="633" />
  <attribute name="CPU Util" value="1527466101585" />
  <attribute name="Time Running"value="125724"/>
  <attribute name="Number of cores"value="16"/>
</cycle-end>
<allocation-satisfied id="7665" threadId="0000000001EF0300" bytesRequested="8200" />
<af-end id="7666" timestamp="2019-08-04T20:02:58.114" threadId="0000000001EF0C88" success="true" />
<exclusive-end id="7667" timestamp="2019-08-04T20:02:58.114" durationms="16.328" />

<exclusive-start id="7668" timestamp="2019-08-04T20:02:58.157" intervalms="58.364">
  <response-info timems="0.196" idlems="0.087" threads="2" lastid="0000000001EEC700" lastname="PmdThread 6" />
</exclusive-start>
<af-start id="7669" threadId="0000000001EE5888" totalBytesRequested="32" timestamp="2019-08-04T20:02:58.157" intervalms="58.372" />
<cycle-start id="7670" type="global" contextid="0" timestamp="2019-08-04T20:02:58.157" intervalms="58.290" />
  <attribute name="GC Util" value="633" />
  <attribute name="CPU Util" value="1527466101585" />
  <attribute name="Time Running"value="125724"/>
  <attribute name="Number of cores"value="16"/>
<gc-start id="7671" type="global" contextid="7670" timestamp="2019-08-04T20:02:58.157">
  <mem-info id="7672" free="1148928" total="57475072" percent="1">
    <mem type="tenure" free="1148928" total="57475072" percent="1">
      <mem type="soa" free="0" total="56326144" percent="0" />
      <mem type="loa" free="1148928" total="1148928" percent="100" />
    </mem>
  </mem-info>
</gc-start>
<allocation-stats totalBytes="16010024" >
  <allocated-bytes non-tlh="2474984" tlh="13535040" />
  <largest-consumer threadName="PmdThread 12" threadId="0000000001EF0300" bytes="3673216" />
</allocation-stats>
<gc-op id="7673" type="mark" timems="12.336" contextid="7670" timestamp="2019-08-04T20:02:58.169">
  <trace-info objectcount="806987" scancount="704681" scanbytes="18809876" />
  <finalization candidates="84" enqueued="0" />
  <ownableSynchronizers candidates="40" cleared="0" />
  <references type="soft" candidates="1987" cleared="0" enqueued="0" dynamicThreshold="9" maxThreshold="32" />
  <references type="weak" candidates="6770" cleared="575" enqueued="503" />
  <references type="phantom" candidates="218" cleared="40" enqueued="40" />
  <stringconstants candidates="15163" cleared="0"  />
</gc-op>
<gc-op id="7674" type="sweep" timems="2.067" contextid="7670" timestamp="2019-08-04T20:02:58.171" />
<heap-resize id="7675" type="expand" space="tenure" amount="9830400" count="1" timems="0.431" reason="excessive time being spent in gc" timestamp="2019-08-04T20:02:58.172" />
<gc-end id="7676" type="global" contextid="7670" durationms="15.064" usertimems="87.741" systemtimems="0.000" timestamp="2019-08-04T20:02:58.172" activeThreads="16">
  <mem-info id="7677" free="27229464" total="67305472" percent="40">
    <mem type="tenure" free="27229464" total="67305472" percent="40" micro-fragmented="9497984" macro-fragmented="211875">
      <mem type="soa" free="25883928" total="65959936" percent="39" />
      <mem type="loa" free="1345536" total="1345536" percent="100" />
    </mem>
    <pending-finalizers system="0" default="0" reference="543" classloader="0" />
  </mem-info>
</gc-end>
<cycle-end id="7678" type="global" contextid="7670" timestamp="2019-08-04T20:02:58.172">
  <attribute name="GC Util" value="598" />
  <attribute name="CPU Util" value="1485285840837" />
  <attribute name="Time Running"value="125782"/>
  <attribute name="Number of cores"value="16"/>
</cycle-end>
<allocation-satisfied id="7679" threadId="0000000001EE4F00" bytesRequested="32" />
<af-end id="7680" timestamp="2019-08-04T20:02:58.172" threadId="0000000001EE5888" success="true" />
<exclusive-end id="7681" timestamp="2019-08-04T20:02:58.172" durationms="15.332" />

<exclusive-start id="7682" timestamp="2019-08-04T20:02:58.230" intervalms="73.553">
  <response-info timems="0.908" idlems="0.908" threads="0" lastid="0000000001F0E200" lastname="PmdThread 16" />
</exclusive-start>
<af-start id="7683" threadId="0000000001F0EB88" totalBytesRequested="56" timestamp="2019-08-04T20:02:58.230" intervalms="73.553" />
<cycle-start id="7684" type="global" contextid="0" timestamp="2019-08-04T20:02:58.230" intervalms="73.683" />
  <attribute name="GC Util" value="598" />
  <attribute name="CPU Util" value="1485285840837" />
  <attribute name="Time Running"value="125782"/>
  <attribute name="Number of cores"value="16"/>
<gc-start id="7685" type="global" contextid="7684" timestamp="2019-08-04T20:02:58.230">
  <mem-info id="7686" free="1345536" total="67305472" percent="1">
    <mem type="tenure" free="1345536" total="67305472" percent="1">
      <mem type="soa" free="0" total="65959936" percent="0" />
      <mem type="loa" free="1345536" total="1345536" percent="100" />
    </mem>
  </mem-info>
</gc-start>
<allocation-stats totalBytes="25617456" >
  <allocated-bytes non-tlh="1689704" tlh="23927752" />
  <largest-consumer threadName="PmdThread 16" threadId="0000000001F0E200" bytes="3124872" />
</allocation-stats>
<gc-op id="7687" type="mark" timems="14.574" contextid="7684" timestamp="2019-08-04T20:02:58.245">
  <trace-info objectcount="885633" scancount="778714" scanbytes="21507440" />
  <finalization candidates="84" enqueued="0" />
  <ownableSynchronizers candidates="40" cleared="0" />
  <references type="soft" candidates="1998" cleared="0" enqueued="0" dynamicThreshold="12" maxThreshold="32" />
  <references type="weak" candidates="6611" cleared="416" enqueued="416" />
  <references type="phantom" candidates="217" cleared="38" enqueued="38" />
  <stringconstants candidates="15168" cleared="0"  />
</gc-op>
<gc-op id="7688" type="sweep" timems="1.994" contextid="7684" timestamp="2019-08-04T20:02:58.247" />
<heap-resize id="7689" type="expand" space="tenure" amount="1114112" count="1" timems="0.503" reason="insufficient free space following gc" timestamp="2019-08-04T20:02:58.248" />
<gc-end id="7690" type="global" contextid="7684" durationms="17.311" usertimems="110.810" systemtimems="0.000" timestamp="2019-08-04T20:02:58.248" activeThreads="16">
  <mem-info id="7691" free="20546784" total="68419584" percent="30">
    <mem type="tenure" free="20546784" total="68419584" percent="30" micro-fragmented="13260166" macro-fragmented="74340">
      <mem type="soa" free="19178720" total="67051520" percent="28" />
      <mem type="loa" free="1368064" total="1368064" percent="100" />
    </mem>
    <pending-finalizers system="0" default="0" reference="454" classloader="0" />
  </mem-info>
</gc-end>
<cycle-end id="7692" type="global" contextid="7684" timestamp="2019-08-04T20:02:58.248">
  <attribute name="GC Util" value="709" />
  <attribute name="CPU Util" value="1264224832218" />
  <attribute name="Time Running"value="125858"/>
  <attribute name="Number of cores"value="16"/>
</cycle-end>
<allocation-satisfied id="7693" threadId="0000000001F0E200" bytesRequested="56" />
<af-end id="7694" timestamp="2019-08-04T20:02:58.248" threadId="0000000001F0EB88" success="true" />
<exclusive-end id="7695" timestamp="2019-08-04T20:02:58.248" durationms="17.988" />

<exclusive-start id="7696" timestamp="2019-08-04T20:02:58.280" intervalms="49.865">
  <response-info timems="0.762" idlems="0.762" threads="0" lastid="0000000001F24900" lastname="PmdThread 3" />
</exclusive-start>
<af-start id="7697" threadId="0000000001F25288" totalBytesRequested="32" timestamp="2019-08-04T20:02:58.280" intervalms="49.871" />
<cycle-start id="7698" type="global" contextid="0" timestamp="2019-08-04T20:02:58.280" intervalms="49.789" />
  <attribute name="GC Util" value="709" />
  <attribute name="CPU Util" value="1264224832218" />
  <attribute name="Time Running"value="125858"/>
  <attribute name="Number of cores"value="16"/>
<gc-start id="7699" type="global" contextid="7698" timestamp="2019-08-04T20:02:58.280">
  <mem-info id="7700" free="1368064" total="68419584" percent="1">
    <mem type="tenure" free="1368064" total="68419584" percent="1">
      <mem type="soa" free="0" total="67051520" percent="0" />
      <mem type="loa" free="1368064" total="1368064" percent="100" />
    </mem>
  </mem-info>
</gc-start>
<allocation-stats totalBytes="18881200" >
  <allocated-bytes non-tlh="1197904" tlh="17683296" />
  <largest-consumer threadName="PmdThread 5" threadId="0000000001F28500" bytes="4611136" />
</allocation-stats>
<gc-op id="7701" type="mark" timems="15.598" contextid="7698" timestamp="2019-08-04T20:02:58.296">
  <trace-info objectcount="918547" scancount="809519" scanbytes="22671940" />
  <finalization candidates="84" enqueued="0" />
  <ownableSynchronizers candidates="40" cleared="0" />
  <references type="soft" candidates="1998" cleared="0" enqueued="0" dynamicThreshold="9" maxThreshold="32" />
  <references type="weak" candidates="6505" cleared="309" enqueued="309" />
  <references type="phantom" candidates="195" cleared="15" enqueued="15" />
  <stringconstants candidates="15202" cleared="0"  />
</gc-op>
<gc-op id="7702" type="sweep" timems="2.393" contextid="7698" timestamp="2019-08-04T20:02:58.299" />
<heap-resize id="7703" type="expand" space="tenure" amount="5046272" count="1" timems="0.648" reason="insufficient free space following gc" timestamp="2019-08-04T20:02:58.300" />
<gc-end id="7704" type="global" contextid="7698" durationms="19.285" usertimems="107.366" systemtimems="0.000" timestamp="2019-08-04T20:02:58.300" activeThreads="16">
  <mem-info id="7705" free="22056920" total="73465856" percent="30">
    <mem type="tenure" free="22056920" total="73465856" percent="30" micro-fragmented="15387866" macro-fragmented="183094">
      <mem type="soa" free="20588504" total="71997440" percent="28" />
      <mem type="loa" free="1468416" total="1468416" percent="100" />
    </mem>
    <pending-finalizers system="0" default="0" reference="324" classloader="0" />
  </mem-info>
</gc-end>
<cycle-end id="7706" type="global" contextid="7698" timestamp="2019-08-04T20:02:58.300">
  <attribute name="GC Util" value="569" />
  <attribute name="CPU Util" value="1153774724780" />
  <attribute name="Time Running"value="125910"/>
  <attribute name="Number of cores"value="16"/>
</cycle-end>
<allocation-satisfied id="7707" threadId="0000000001F24900" bytesRequested="32" />
<af-end id="7708" timestamp="2019-08-04T20:02:58.300" threadId="0000000001F25288" success="true" />
<exclusive-end id="7709" timestamp="2019-08-04T20:02:58.300" durationms="19.813" />

<exclusive-start id="7710" timestamp="2019-08-04T20:02:58.344" intervalms="63.603">
  <response-info timems="0.089" idlems="0.089" threads="0" lastid="0000000001F28500" lastname="PmdThread 5" />
</exclusive-start>
<af-start id="7711" threadId="0000000001F28E88" totalBytesRequested="48" timestamp="2019-08-04T20:02:58.344" intervalms="63.599" />
<cycle-start id="7712" type="global" contextid="0" timestamp="2019-08-04T20:02:58.344" intervalms="63.551" />
  <attribute name="GC Util" value="569" />
  <attribute name="CPU Util" value="1153774724780" />
  <attribute name="Time Running"value="125910"/>
  <attribute name="Number of cores"value="16"/>
<gc-start id="7713" type="global" contextid="7712" timestamp="2019-08-04T20:02:58.344">
  <mem-info id="7714" free="1468416" total="73465856" percent="1">
    <mem type="tenure" free="1468416" total="73465856" percent="1">
      <mem type="soa" free="0" total="71997440" percent="0" />
      <mem type="loa" free="1468416" total="1468416" percent="100" />
    </mem>
  </mem-info>
</gc-start>
<allocation-stats totalBytes="20296144" >
  <allocated-bytes non-tlh="899928" tlh="19396216" />
  <largest-consumer threadName="PmdThread 16" threadId="0000000001F0E200" bytes="3612280" />
</allocation-stats>
<gc-op id="7715" type="mark" timems="15.297" contextid="7712" timestamp="2019-08-04T20:02:58.359">
  <trace-info objectcount="947363" scancount="835681" scanbytes="23555712" />
  <finalization candidates="84" enqueued="0" />
  <ownableSynchronizers candidates="40" cleared="0" />
  <references type="soft" candidates="1998" cleared="0" enqueued="0" dynamicThreshold="9" maxThreshold="32" />
  <references type="weak" candidates="6465" cleared="267" enqueued="267" />
  <references type="phantom" candidates="193" cleared="13" enqueued="13" />
  <stringconstants candidates="15219" cleared="0"  />
</gc-op>
<gc-op id="7716" type="sweep" timems="3.873" contextid="7712" timestamp="2019-08-04T20:02:58.363" />
<heap-resize id="7717" type="expand" space="tenure" amount="3276800" count="1" timems="0.783" reason="insufficient free space following gc" timestamp="2019-08-04T20:02:58.364" />
<gc-end id="7718" type="global" contextid="7712" durationms="20.209" usertimems="120.416" systemtimems="0.000" timestamp="2019-08-04T20:02:58.364" activeThreads="16">
  <mem-info id="7719" free="23029312" total="76742656" percent="30">
    <mem type="tenure" free="23029312" total="76742656" percent="30" micro-fragmented="16524571" macro-fragmented="0">
      <mem type="soa" free="21495360" total="75208704" percent="28" />
      <mem type="loa" free="1533952" total="1533952" percent="100" />
    </mem>
    <pending-finalizers system="0" default="0" reference="280" classloader="0" />
  </mem-info>
</gc-end>
<cycle-end id="7720" type="global" contextid="7712" timestamp="2019-08-04T20:02:58.364">
  <attribute name="GC Util" value="688" />
  <attribute name="CPU Util" value="1189892055678" />
  <attribute name="Time Running"value="125972"/>
  <attribute name="Number of cores"value="16"/>
</cycle-end>
<allocation-satisfied id="7721" threadId="0000000001F28500" bytesRequested="48" />
<af-end id="7722" timestamp="2019-08-04T20:02:58.364" threadId="0000000001F28E88" success="true" />
<exclusive-end id="7723" timestamp="2019-08-04T20:02:58.364" durationms="20.464" />

<exclusive-start id="7724" timestamp="2019-08-04T20:02:58.446" intervalms="102.161">
  <response-info timems="0.838" idlems="0.567" threads="2" lastid="0000000001F2C100" lastname="PmdThread 14" />
</exclusive-start>
<af-start id="7725" threadId="0000000001F0AF88" totalBytesRequested="56" timestamp="2019-08-04T20:02:58.446" intervalms="102.164" />
<cycle-start id="7726" type="global" contextid="0" timestamp="2019-08-04T20:02:58.446" intervalms="102.177" />
  <attribute name="GC Util" value="688" />
  <attribute name="CPU Util" value="1189892055678" />
  <attribute name="Time Running"value="125972"/>
  <attribute name="Number of cores"value="16"/>
<gc-start id="7727" type="global" contextid="7726" timestamp="2019-08-04T20:02:58.446">
  <mem-info id="7728" free="1533952" total="76742656" percent="1">
    <mem type="tenure" free="1533952" total="76742656" percent="1">
      <mem type="soa" free="0" total="75208704" percent="0" />
      <mem type="loa" free="1533952" total="1533952" percent="100" />
    </mem>
  </mem-info>
</gc-start>
<allocation-stats totalBytes="21164024" >
  <allocated-bytes non-tlh="1751288" tlh="19412736" />
  <largest-consumer threadName="PmdThread 16" threadId="0000000001F0E200" bytes="3204928" />
</allocation-stats>
<gc-op id="7729" type="mark" timems="36.606" contextid="7726" timestamp="2019-08-04T20:02:58.483">
  <trace-info objectcount="993529" scancount="879727" scanbytes="25175032" />
  <finalization candidates="84" enqueued="0" />
  <ownableSynchronizers candidates="40" cleared="0" />
  <references type="soft" candidates="1998" cleared="12" enqueued="8" dynamicThreshold="9" maxThreshold="32" />
  <references type="weak" candidates="6469" cleared="273" enqueued="273" />
  <references type="phantom" candidates="250" cleared="59" enqueued="59" />
  <stringconstants candidates="15257" cleared="1"  />
</gc-op>
<gc-op id="7730" type="sweep" timems="2.459" contextid="7726" timestamp="2019-08-04T20:02:58.485" />
<heap-resize id="7731" type="expand" space="tenure" amount="8257536" count="1" timems="0.610" reason="insufficient free space following gc" timestamp="2019-08-04T20:02:58.486" />
<gc-end id="7732" type="global" contextid="7726" durationms="39.875" usertimems="345.090" systemtimems="0.000" timestamp="2019-08-04T20:02:58.486" activeThreads="16">
  <mem-info id="7733" free="25533000" total="85000192" percent="30">
    <mem type="tenure" free="25533000" total="85000192" percent="30" micro-fragmented="19545681" macro-fragmented="0">
      <mem type="soa" free="23833160" total="83300352" percent="28" />
      <mem type="loa" free="1699840" total="1699840" percent="100" />
    </mem>
    <pending-finalizers system="0" default="0" reference="340" classloader="0" />
  </mem-info>
</gc-end>
<cycle-end id="7734" type="global" contextid="7726" timestamp="2019-08-04T20:02:58.486">
  <attribute name="GC Util" value="806" />
  <attribute name="CPU Util" value="503946947205" />
  <attribute name="Time Running"value="126096"/>
  <attribute name="Number of cores"value="16"/>
</cycle-end>
<allocation-satisfied id="7735" threadId="0000000001F0A600" bytesRequested="56" />
<af-end id="7736" timestamp="2019-08-04T20:02:58.486" threadId="0000000001F0AF88" success="true" />
<exclusive-end id="7737" timestamp="2019-08-04T20:02:58.486" durationms="40.139" />

<exclusive-start id="7738" timestamp="2019-08-04T20:02:58.575" intervalms="129.050">
  <response-info timems="2.672" idlems="2.672" threads="0" lastid="0000000001EEC700" lastname="PmdThread 6" />
</exclusive-start>
<af-start id="7739" threadId="0000000001EED088" totalBytesRequested="112" timestamp="2019-08-04T20:02:58.575" intervalms="129.107" />
<cycle-start id="7740" type="global" contextid="0" timestamp="2019-08-04T20:02:58.575" intervalms="129.293" />
  <attribute name="GC Util" value="806" />
  <attribute name="CPU Util" value="503946947205" />
  <attribute name="Time Running"value="126096"/>
  <attribute name="Number of cores"value="16"/>
<gc-start id="7741" type="global" contextid="7740" timestamp="2019-08-04T20:02:58.575">
  <mem-info id="7742" free="1699840" total="85000192" percent="1">
    <mem type="tenure" free="1699840" total="85000192" percent="1">
      <mem type="soa" free="0" total="83300352" percent="0" />
      <mem type="loa" free="1699840" total="1699840" percent="100" />
    </mem>
  </mem-info>
</gc-start>
<allocation-stats totalBytes="23585464" >
  <allocated-bytes non-tlh="383776" tlh="23201688" />
  <largest-consumer threadName="PmdThread 1" threadId="0000000001F0A600" bytes="6953472" />
</allocation-stats>
<gc-op id="7743" type="mark" timems="19.938" contextid="7740" timestamp="2019-08-04T20:02:58.595">
  <trace-info objectcount="1080628" scancount="963125" scanbytes="28230392" />
  <finalization candidates="84" enqueued="0" />
  <ownableSynchronizers candidates="40" cleared="0" />
  <references type="soft" candidates="1986" cleared="53" enqueued="52" dynamicThreshold="9" maxThreshold="32" />
  <references type="weak" candidates="6381" cleared="184" enqueued="184" />
  <references type="phantom" candidates="198" cleared="9" enqueued="9" />
  <stringconstants candidates="15275" cleared="0"  />
</gc-op>
<gc-op id="7744" type="sweep" timems="2.097" contextid="7740" timestamp="2019-08-04T20:02:58.597" />
<heap-resize id="7745" type="expand" space="tenure" amount="12976128" count="1" timems="0.608" reason="insufficient free space following gc" timestamp="2019-08-04T20:02:58.598" />
<gc-end id="7746" type="global" contextid="7740" durationms="23.033" usertimems="169.366" systemtimems="0.000" timestamp="2019-08-04T20:02:58.598" activeThreads="16">
  <mem-info id="7747" free="29413160" total="97976320" percent="30">
    <mem type="tenure" free="29413160" total="97976320" percent="30" micro-fragmented="25430341" macro-fragmented="1009800">
      <mem type="soa" free="27454248" total="96017408" percent="28" />
      <mem type="loa" free="1958912" total="1958912" percent="100" />
    </mem>
    <pending-finalizers system="0" default="0" reference="245" classloader="0" />
  </mem-info>
</gc-end>
<cycle-end id="7748" type="global" contextid="7740" timestamp="2019-08-04T20:02:58.598">
  <attribute name="GC Util" value="775" />
  <attribute name="CPU Util" value="922279111683" />
  <attribute name="Time Running"value="126209"/>
  <attribute name="Number of cores"value="16"/>
</cycle-end>
<allocation-satisfied id="7749" threadId="0000000001EEC700" bytesRequested="112" />
<af-end id="7750" timestamp="2019-08-04T20:02:58.599" threadId="0000000001EED088" success="true" />
<exclusive-end id="7751" timestamp="2019-08-04T20:02:58.599" durationms="23.790" />

<exclusive-start id="7752" timestamp="2019-08-04T20:02:58.729" intervalms="154.565">
  <response-info timems="17.036" idlems="17.036" threads="0" lastid="0000000001F2C100" lastname="PmdThread 14" />
</exclusive-start>
<af-start id="7753" threadId="0000000001F2CA88" totalBytesRequested="56" timestamp="2019-08-04T20:02:58.729" intervalms="154.503" />
<cycle-start id="7754" type="global" contextid="0" timestamp="2019-08-04T20:02:58.729" intervalms="154.302" />
  <attribute name="GC Util" value="775" />
  <attribute name="CPU Util" value="922279111683" />
  <attribute name="Time Running"value="126209"/>
  <attribute name="Number of cores"value="16"/>
<gc-start id="7755" type="global" contextid="7754" timestamp="2019-08-04T20:02:58.729">
  <mem-info id="7756" free="1958912" total="97976320" percent="1">
    <mem type="tenure" free="1958912" total="97976320" percent="1">
      <mem type="soa" free="0" total="96017408" percent="0" />
      <mem type="loa" free="1958912" total="1958912" percent="100" />
    </mem>
  </mem-info>
</gc-start>
<allocation-stats totalBytes="27131240" >
  <allocated-bytes non-tlh="1000296" tlh="26130944" />
  <largest-consumer threadName="PmdThread 16" threadId="0000000001F0E200" bytes="4860392" />
</allocation-stats>
<gc-op id="7757" type="mark" timems="23.588" contextid="7754" timestamp="2019-08-04T20:02:58.753">
  <trace-info objectcount="1110971" scancount="991626" scanbytes="29261984" />
  <finalization candidates="84" enqueued="0" />
  <ownableSynchronizers candidates="40" cleared="0" />
  <references type="soft" candidates="1933" cleared="0" enqueued="0" dynamicThreshold="9" maxThreshold="32" />
  <references type="weak" candidates="6561" cleared="364" enqueued="364" />
  <references type="phantom" candidates="218" cleared="28" enqueued="28" />
  <stringconstants candidates="15303" cleared="17"  />
</gc-op>
<gc-op id="7758" type="sweep" timems="2.767" contextid="7754" timestamp="2019-08-04T20:02:58.756" />
<heap-resize id="7759" type="expand" space="tenure" amount="3473408" count="1" timems="0.865" reason="insufficient free space following gc" timestamp="2019-08-04T20:02:58.757" />
<gc-end id="7760" type="global" contextid="7754" durationms="27.441" usertimems="185.223" systemtimems="0.000" timestamp="2019-08-04T20:02:58.757" activeThreads="16">
  <mem-info id="7761" free="30437376" total="101449728" percent="30">
    <mem type="tenure" free="30437376" total="101449728" percent="30" micro-fragmented="25921702" macro-fragmented="0">
      <mem type="soa" free="28408832" total="99421184" percent="28" />
      <mem type="loa" free="2028544" total="2028544" percent="100" />
    </mem>
    <pending-finalizers system="0" default="0" reference="392" classloader="0" />
  </mem-info>
</gc-end>
<cycle-end id="7762" type="global" contextid="7754" timestamp="2019-08-04T20:02:58.757">
  <attribute name="GC Util" value="724" />
  <attribute name="CPU Util" value="776724980398" />
  <attribute name="Time Running"value="126366"/>
  <attribute name="Number of cores"value="16"/>
</cycle-end>
<allocation-satisfied id="7763" threadId="0000000001F2C100" bytesRequested="56" />
<af-end id="7764" timestamp="2019-08-04T20:02:58.757" threadId="0000000001F2CA88" success="true" />
<exclusive-end id="7765" timestamp="2019-08-04T20:02:58.757" durationms="27.848" />

<exclusive-start id="7766" timestamp="2019-08-04T20:02:58.850" intervalms="120.726">
  <response-info timems="0.328" idlems="0.328" threads="0" lastid="0000000001EF0300" lastname="PmdThread 12" />
</exclusive-start>
<af-start id="7767" threadId="0000000001EF0C88" totalBytesRequested="40" timestamp="2019-08-04T20:02:58.850" intervalms="120.740" />
<cycle-start id="7768" type="global" contextid="0" timestamp="2019-08-04T20:02:58.850" intervalms="120.765" />
  <attribute name="GC Util" value="724" />
  <attribute name="CPU Util" value="776724980398" />
  <attribute name="Time Running"value="126366"/>
  <attribute name="Number of cores"value="16"/>
<gc-start id="7769" type="global" contextid="7768" timestamp="2019-08-04T20:02:58.850">
  <mem-info id="7770" free="2028544" total="101449728" percent="1">
    <mem type="tenure" free="2028544" total="101449728" percent="1">
      <mem type="soa" free="0" total="99421184" percent="0" />
      <mem type="loa" free="2028544" total="2028544" percent="100" />
    </mem>
  </mem-info>
</gc-start>
<allocation-stats totalBytes="27975040" >
  <allocated-bytes non-tlh="1478448" tlh="26496592" />
  <largest-consumer threadName="PmdThread 16" threadId="0000000001F0E200" bytes="4687072" />
</allocation-stats>
<gc-op id="7771" type="mark" timems="26.721" contextid="7768" timestamp="2019-08-04T20:02:58.877">
  <trace-info objectcount="1122397" scancount="1003983" scanbytes="29571884" />
  <finalization candidates="84" enqueued="0" />
  <ownableSynchronizers candidates="40" cleared="0" />
  <references type="soft" candidates="1933" cleared="0" enqueued="0" dynamicThreshold="9" maxThreshold="32" />
  <references type="weak" candidates="6707" cleared="510" enqueued="509" />
  <references type="phantom" candidates="226" cleared="39" enqueued="39" />
  <stringconstants candidates="15305" cleared="0"  />
</gc-op>
<gc-op id="7772" type="sweep" timems="2.524" contextid="7768" timestamp="2019-08-04T20:02:58.880" />
<heap-resize id="7773" type="expand" space="tenure" amount="1638400" count="1" timems="0.827" reason="insufficient free space following gc" timestamp="2019-08-04T20:02:58.881" />
<gc-end id="7774" type="global" contextid="7768" durationms="30.346" usertimems="224.954" systemtimems="0.000" timestamp="2019-08-04T20:02:58.881" activeThreads="16">
  <mem-info id="7775" free="30954464" total="103088128" percent="30">
    <mem type="tenure" free="30954464" total="103088128" percent="30" micro-fragmented="25742757" macro-fragmented="0">
      <mem type="soa" free="28893152" total="101026816" percent="28" />
      <mem type="loa" free="2061312" total="2061312" percent="100" />
    </mem>
    <pending-finalizers system="0" default="0" reference="548" classloader="0" />
  </mem-info>
</gc-end>
<cycle-end id="7776" type="global" contextid="7768" timestamp="2019-08-04T20:02:58.881">
  <attribute name="GC Util" value="666" />
  <attribute name="CPU Util" value="694993605297" />
  <attribute name="Time Running"value="126490"/>
  <attribute name="Number of cores"value="16"/>
</cycle-end>
<allocation-satisfied id="7777" threadId="0000000001EF0300" bytesRequested="40" />
<af-end id="7778" timestamp="2019-08-04T20:02:58.881" threadId="0000000001EF0C88" success="true" />
<exclusive-end id="7779" timestamp="2019-08-04T20:02:58.881" durationms="30.685" />

<exclusive-start id="7780" timestamp="2019-08-04T20:02:59.016" intervalms="165.873">
  <response-info timems="7.226" idlems="7.226" threads="0" lastid="0000000001F0E200" lastname="PmdThread 16" />
</exclusive-start>
<af-start id="7781" threadId="0000000001F0EB88" totalBytesRequested="40" timestamp="2019-08-04T20:02:59.016" intervalms="165.862" />
<cycle-start id="7782" type="global" contextid="0" timestamp="2019-08-04T20:02:59.016" intervalms="165.851" />
  <attribute name="GC Util" value="666" />
  <attribute name="CPU Util" value="694993605297" />
  <attribute name="Time Running"value="126490"/>
  <attribute name="Number of cores"value="16"/>
<gc-start id="7783" type="global" contextid="7782" timestamp="2019-08-04T20:02:59.016">
  <mem-info id="7784" free="2061312" total="103088128" percent="1">
    <mem type="tenure" free="2061312" total="103088128" percent="1">
      <mem type="soa" free="0" total="101026816" percent="0" />
      <mem type="loa" free="2061312" total="2061312" percent="100" />
    </mem>
  </mem-info>
</gc-start>
<allocation-stats totalBytes="28507704" >
  <allocated-bytes non-tlh="1889552" tlh="26618152" />
  <largest-consumer threadName="PmdThread 1" threadId="0000000001F0A600" bytes="5494800" />
</allocation-stats>
<gc-op id="7785" type="mark" timems="20.595" contextid="7782" timestamp="2019-08-04T20:02:59.037">
  <trace-info objectcount="1122019" scancount="1004392" scanbytes="29616756" />
  <finalization candidates="84" enqueued="0" />
  <ownableSynchronizers candidates="40" cleared="0" />
  <references type="soft" candidates="1933" cleared="5" enqueued="4" dynamicThreshold="9" maxThreshold="32" />
  <references type="weak" candidates="6406" cleared="209" enqueued="209" />
  <references type="phantom" candidates="214" cleared="25" enqueued="25" />
  <stringconstants candidates="15325" cleared="0"  />
</gc-op>
<gc-op id="7786" type="sweep" timems="2.969" contextid="7782" timestamp="2019-08-04T20:02:59.040" />
<heap-resize id="7787" type="expand" space="tenure" amount="1048576" count="1" timems="1.215" reason="insufficient free space following gc" timestamp="2019-08-04T20:02:59.041" />
<gc-end id="7788" type="global" contextid="7782" durationms="25.012" usertimems="106.833" systemtimems="0.000" timestamp="2019-08-04T20:02:59.041" activeThreads="16">
  <mem-info id="7789" free="31364472" total="104136704" percent="30">
    <mem type="tenure" free="31364472" total="104136704" percent="30" micro-fragmented="26617988" macro-fragmented="2294228">
      <mem type="soa" free="29282680" total="102054912" percent="28" />
      <mem type="loa" free="2081792" total="2081792" percent="100" />
    </mem>
    <pending-finalizers system="0" default="0" reference="238" classloader="0" />
  </mem-info>
</gc-end>
<cycle-end id="7790" type="global" contextid="7782" timestamp="2019-08-04T20:02:59.041">
  <attribute name="GC Util" value="471" />
  <attribute name="CPU Util" value="895845140392" />
  <attribute name="Time Running"value="126650"/>
  <attribute name="Number of cores"value="16"/>
</cycle-end>
<allocation-satisfied id="7791" threadId="0000000001F0E200" bytesRequested="40" />
<af-end id="7792" timestamp="2019-08-04T20:02:59.041" threadId="0000000001F0EB88" success="true" />
<exclusive-end id="7793" timestamp="2019-08-04T20:02:59.041" durationms="25.313" />

<exclusive-start id="7794" timestamp="2019-08-04T20:02:59.110" intervalms="94.586">
  <response-info timems="0.589" idlems="0.217" threads="2" lastid="0000000001BFA300" lastname="JIT Compilation Thread-2" />
</exclusive-start>
<af-start id="7795" threadId="0000000001F2CA88" totalBytesRequested="40" timestamp="2019-08-04T20:02:59.111" intervalms="94.693" />
<cycle-start id="7796" type="global" contextid="0" timestamp="2019-08-04T20:02:59.111" intervalms="94.696" />
  <attribute name="GC Util" value="471" />
  <attribute name="CPU Util" value="895845140392" />
  <attribute name="Time Running"value="126650"/>
  <attribute name="Number of cores"value="16"/>
<gc-start id="7797" type="global" contextid="7796" timestamp="2019-08-04T20:02:59.111">
  <mem-info id="7798" free="2081792" total="104136704" percent="1">
    <mem type="tenure" free="2081792" total="104136704" percent="1">
      <mem type="soa" free="0" total="102054912" percent="0" />
      <mem type="loa" free="2081792" total="2081792" percent="100" />
    </mem>
  </mem-info>
</gc-start>
<allocation-stats totalBytes="28894096" >
  <allocated-bytes non-tlh="1698760" tlh="27195336" />
  <largest-consumer threadName="PmdThread 12" threadId="0000000001EF0300" bytes="5836240" />
</allocation-stats>
<heap-resize id="7799" type="loa contract" space="tenure" amount="1041408" count="1" timems="0.062" reason="contract underutilized loa" timestamp="2019-08-04T20:02:59.111" />
<gc-op id="7800" type="mark" timems="18.828" contextid="7796" timestamp="2019-08-04T20:02:59.130">
  <trace-info objectcount="1152960" scancount="1035963" scanbytes="30781024" />
  <finalization candidates="84" enqueued="0" />
  <ownableSynchronizers candidates="40" cleared="0" />
  <references type="soft" candidates="1928" cleared="0" enqueued="0" dynamicThreshold="9" maxThreshold="32" />
  <references type="weak" candidates="6439" cleared="242" enqueued="242" />
  <references type="phantom" candidates="217" cleared="28" enqueued="28" />
  <stringconstants candidates="15345" cleared="1"  />
</gc-op>
<gc-op id="7801" type="sweep" timems="3.597" contextid="7796" timestamp="2019-08-04T20:02:59.133" />
<heap-resize id="7802" type="expand" space="tenure" amount="6619136" count="1" timems="0.752" reason="insufficient free space following gc" timestamp="2019-08-04T20:02:59.134" />
<gc-end id="7803" type="global" contextid="7796" durationms="23.410" usertimems="127.771" systemtimems="0.000" timestamp="2019-08-04T20:02:59.134" activeThreads="16">
  <mem-info id="7804" free="33256280" total="110755840" percent="30">
    <mem type="tenure" free="33256280" total="110755840" percent="30" micro-fragmented="30472847" macro-fragmented="379920">
      <mem type="soa" free="32149336" total="109648896" percent="29" />
      <mem type="loa" free="1106944" total="1106944" percent="100" />
    </mem>
    <pending-finalizers system="0" default="0" reference="270" classloader="0" />
  </mem-info>
</gc-end>
<cycle-end id="7805" type="global" contextid="7796" timestamp="2019-08-04T20:02:59.134">
  <attribute name="GC Util" value="617" />
  <attribute name="CPU Util" value="994513121180" />
  <attribute name="Time Running"value="126743"/>
  <attribute name="Number of cores"value="16"/>
</cycle-end>
<allocation-satisfied id="7806" threadId="0000000001F2C100" bytesRequested="40" />
<af-end id="7807" timestamp="2019-08-04T20:02:59.134" threadId="0000000001F2CA88" success="true" />
<exclusive-end id="7808" timestamp="2019-08-04T20:02:59.134" durationms="23.981" />

<exclusive-start id="7809" timestamp="2019-08-04T20:02:59.213" intervalms="102.375">
  <response-info timems="0.583" idlems="0.307" threads="1" lastid="0000000001F28500" lastname="PmdThread 5" />
</exclusive-start>
<af-start id="7810" threadId="0000000001F25288" totalBytesRequested="88" timestamp="2019-08-04T20:02:59.213" intervalms="102.274" />
<cycle-start id="7811" type="global" contextid="0" timestamp="2019-08-04T20:02:59.213" intervalms="102.278" />
  <attribute name="GC Util" value="617" />
  <attribute name="CPU Util" value="994513121180" />
  <attribute name="Time Running"value="126743"/>
  <attribute name="Number of cores"value="16"/>
<gc-start id="7812" type="global" contextid="7811" timestamp="2019-08-04T20:02:59.213">
  <mem-info id="7813" free="1106944" total="110755840" percent="0">
    <mem type="tenure" free="1106944" total="110755840" percent="0">
      <mem type="soa" free="0" total="109648896" percent="0" />
      <mem type="loa" free="1106944" total="1106944" percent="100" />
    </mem>
  </mem-info>
</gc-start>
<allocation-stats totalBytes="31754656" >
  <allocated-bytes non-tlh="1670352" tlh="30084304" />
  <largest-consumer threadName="PmdThread 5" threadId="0000000001F28500" bytes="6013640" />
</allocation-stats>
<gc-op id="7814" type="mark" timems="19.239" contextid="7811" timestamp="2019-08-04T20:02:59.232">
  <trace-info objectcount="1170742" scancount="1051848" scanbytes="31349152" />
  <finalization candidates="84" enqueued="0" />
  <ownableSynchronizers candidates="40" cleared="0" />
  <references type="soft" candidates="1930" cleared="39" enqueued="39" dynamicThreshold="9" maxThreshold="32" />
  <references type="weak" candidates="6715" cleared="514" enqueued="511" />
  <references type="phantom" candidates="233" cleared="45" enqueued="45" />
  <stringconstants candidates="15367" cleared="0"  />
</gc-op>
<gc-op id="7815" type="sweep" timems="3.100" contextid="7811" timestamp="2019-08-04T20:02:59.235" />
<heap-resize id="7816" type="expand" space="tenure" amount="2162688" count="1" timems="1.027" reason="insufficient free space following gc" timestamp="2019-08-04T20:02:59.237" />
<gc-end id="7817" type="global" contextid="7811" durationms="23.591" usertimems="143.041" systemtimems="0.000" timestamp="2019-08-04T20:02:59.237" activeThreads="16">
  <mem-info id="7818" free="33919928" total="112918528" percent="30">
    <mem type="tenure" free="33919928" total="112918528" percent="30" micro-fragmented="31089578" macro-fragmented="444550">
      <mem type="soa" free="32791480" total="111790080" percent="29" />
      <mem type="loa" free="1128448" total="1128448" percent="100" />
    </mem>
    <pending-finalizers system="0" default="0" reference="595" classloader="0" />
  </mem-info>
</gc-end>
<cycle-end id="7819" type="global" contextid="7811" timestamp="2019-08-04T20:02:59.237">
  <attribute name="GC Util" value="608" />
  <attribute name="CPU Util" value="959904422444" />
  <attribute name="Time Running"value="126846"/>
  <attribute name="Number of cores"value="16"/>
</cycle-end>
<allocation-satisfied id="7820" threadId="0000000001F24900" bytesRequested="88" />
<af-end id="7821" timestamp="2019-08-04T20:02:59.237" threadId="0000000001F25288" success="true" />
<exclusive-end id="7822" timestamp="2019-08-04T20:02:59.237" durationms="23.847" />

<exclusive-start id="7823" timestamp="2019-08-04T20:02:59.292" intervalms="78.879">
  <response-info timems="0.470" idlems="0.250" threads="1" lastid="0000000001F28500" lastname="PmdThread 5" />
</exclusive-start>
<af-start id="7824" threadId="0000000001F16388" totalBytesRequested="808" timestamp="2019-08-04T20:02:59.292" intervalms="78.870" />
<cycle-start id="7825" type="global" contextid="0" timestamp="2019-08-04T20:02:59.292" intervalms="78.859" />
  <attribute name="GC Util" value="608" />
  <attribute name="CPU Util" value="959904422444" />
  <attribute name="Time Running"value="126846"/>
  <attribute name="Number of cores"value="16"/>
<gc-start id="7826" type="global" contextid="7825" timestamp="2019-08-04T20:02:59.292">
  <mem-info id="7827" free="1128448" total="112918528" percent="0">
    <mem type="tenure" free="1128448" total="112918528" percent="0">
      <mem type="soa" free="0" total="111790080" percent="0" />
      <mem type="loa" free="1128448" total="1128448" percent="100" />
    </mem>
  </mem-info>
</gc-start>
<allocation-stats totalBytes="32222360" >
  <allocated-bytes non-tlh="1952696" tlh="30269664" />
  <largest-consumer threadName="PmdThread 12" threadId="0000000001EF0300" bytes="4834576" />
</allocation-stats>
<gc-op id="7828" type="mark" timems="21.865" contextid="7825" timestamp="2019-08-04T20:02:59.314">
  <trace-info objectcount="1165776" scancount="1048001" scanbytes="31097596" />
  <finalization candidates="84" enqueued="0" />
  <ownableSynchronizers candidates="40" cleared="0" />
  <references type="soft" candidates="1891" cleared="0" enqueued="0" dynamicThreshold="9" maxThreshold="32" />
  <references type="weak" candidates="6685" cleared="483" enqueued="481" />
  <references type="phantom" candidates="223" cleared="36" enqueued="36" />
  <stringconstants candidates="15397" cleared="30"  />
</gc-op>
<gc-op id="7829" type="sweep" timems="2.741" contextid="7825" timestamp="2019-08-04T20:02:59.317" />
<heap-resize id="7830" type="expand" space="tenure" amount="19202048" count="1" timems="0.998" reason="excessive time being spent in gc" timestamp="2019-08-04T20:02:59.318" />
<gc-end id="7831" type="global" contextid="7825" durationms="25.800" usertimems="159.687" systemtimems="0.000" timestamp="2019-08-04T20:02:59.318" activeThreads="16">
  <mem-info id="7832" free="53291368" total="132120576" percent="40">
    <mem type="tenure" free="53291368" total="132120576" percent="40" micro-fragmented="29729531" macro-fragmented="1774530">
      <mem type="soa" free="51970408" total="130799616" percent="39" />
      <mem type="loa" free="1320960" total="1320960" percent="100" />
    </mem>
    <pending-finalizers system="0" default="0" reference="517" classloader="0" />
  </mem-info>
</gc-end>
<cycle-end id="7833" type="global" contextid="7825" timestamp="2019-08-04T20:02:59.318">
  <attribute name="GC Util" value="571" />
  <attribute name="CPU Util" value="841924981857" />
  <attribute name="Time Running"value="126927"/>
  <attribute name="Number of cores"value="16"/>
</cycle-end>
<allocation-satisfied id="7834" threadId="0000000001F15A00" bytesRequested="808" />
<af-end id="7835" timestamp="2019-08-04T20:02:59.318" threadId="0000000001F16388" success="true" />
<exclusive-end id="7836" timestamp="2019-08-04T20:02:59.318" durationms="26.043" />

<exclusive-start id="7837" timestamp="2019-08-04T20:02:59.460" intervalms="168.652">
  <response-info timems="0.114" idlems="0.072" threads="2" lastid="0000000001F28500" lastname="PmdThread 5" />
</exclusive-start>
<af-start id="7838" threadId="0000000001EF8488" totalBytesRequested="24" timestamp="2019-08-04T20:02:59.460" intervalms="168.649" />
<cycle-start id="7839" type="global" contextid="0" timestamp="2019-08-04T20:02:59.461" intervalms="168.666" />
  <attribute name="GC Util" value="571" />
  <attribute name="CPU Util" value="841924981857" />
  <attribute name="Time Running"value="126927"/>
  <attribute name="Number of cores"value="16"/>
<gc-start id="7840" type="global" contextid="7839" timestamp="2019-08-04T20:02:59.461">
  <mem-info id="7841" free="1320960" total="132120576" percent="0">
    <mem type="tenure" free="1320960" total="132120576" percent="0">
      <mem type="soa" free="0" total="130799616" percent="0" />
      <mem type="loa" free="1320960" total="1320960" percent="100" />
    </mem>
  </mem-info>
</gc-start>
<allocation-stats totalBytes="51291344" >
  <allocated-bytes non-tlh="3207144" tlh="48084200" />
  <largest-consumer threadName="PmdThread 5" threadId="0000000001F28500" bytes="5158536" />
</allocation-stats>
<gc-op id="7842" type="mark" timems="18.314" contextid="7839" timestamp="2019-08-04T20:02:59.479">
  <trace-info objectcount="1096460" scancount="982543" scanbytes="28728376" />
  <finalization candidates="84" enqueued="0" />
  <ownableSynchronizers candidates="40" cleared="0" />
  <references type="soft" candidates="1891" cleared="0" enqueued="0" dynamicThreshold="12" maxThreshold="32" />
  <references type="weak" candidates="7108" cleared="904" enqueued="897" />
  <references type="phantom" candidates="284" cleared="77" enqueued="77" />
  <stringconstants candidates="15432" cleared="0"  />
</gc-op>
<gc-op id="7843" type="sweep" timems="1.987" contextid="7839" timestamp="2019-08-04T20:02:59.481" />
<heap-resize id="7844" type="expand" space="tenure" amount="22478848" count="1" timems="1.219" reason="excessive time being spent in gc" timestamp="2019-08-04T20:02:59.483" />
<gc-end id="7845" type="global" contextid="7839" durationms="22.032" usertimems="155.915" systemtimems="0.000" timestamp="2019-08-04T20:02:59.483" activeThreads="16">
  <mem-info id="7846" free="84076896" total="154599424" percent="54">
    <mem type="tenure" free="84076896" total="154599424" percent="54" micro-fragmented="24453176" macro-fragmented="230374">
      <mem type="soa" free="82531680" total="153054208" percent="53" />
      <mem type="loa" free="1545216" total="1545216" percent="100" />
    </mem>
    <pending-finalizers system="0" default="0" reference="974" classloader="0" />
  </mem-info>
</gc-end>
<cycle-end id="7847" type="global" contextid="7839" timestamp="2019-08-04T20:02:59.483">
  <attribute name="GC Util" value="751" />
  <attribute name="CPU Util" value="993535251916" />
  <attribute name="Time Running"value="127092"/>
  <attribute name="Number of cores"value="16"/>
</cycle-end>
<allocation-satisfied id="7848" threadId="0000000001EF7B00" bytesRequested="24" />
<af-end id="7849" timestamp="2019-08-04T20:02:59.483" threadId="0000000001EF8488" success="true" />
<exclusive-end id="7850" timestamp="2019-08-04T20:02:59.483" durationms="22.364" />

<exclusive-start id="7851" timestamp="2019-08-04T20:02:59.660" intervalms="199.566">
  <response-info timems="0.708" idlems="0.272" threads="2" lastid="0000000001BF2B00" lastname="JIT Compilation Thread-0" />
</exclusive-start>
<af-start id="7852" threadId="0000000001EF4888" totalBytesRequested="88" timestamp="2019-08-04T20:02:59.660" intervalms="199.569" />
<cycle-start id="7853" type="global" contextid="0" timestamp="2019-08-04T20:02:59.660" intervalms="199.546" />
  <attribute name="GC Util" value="751" />
  <attribute name="CPU Util" value="993535251916" />
  <attribute name="Time Running"value="127092"/>
  <attribute name="Number of cores"value="16"/>
<gc-start id="7854" type="global" contextid="7853" timestamp="2019-08-04T20:02:59.660">
  <mem-info id="7855" free="1545216" total="154599424" percent="0">
    <mem type="tenure" free="1545216" total="154599424" percent="0">
      <mem type="soa" free="0" total="153054208" percent="0" />
      <mem type="loa" free="1545216" total="1545216" percent="100" />
    </mem>
  </mem-info>
</gc-start>
<allocation-stats totalBytes="81574328" >
  <allocated-bytes non-tlh="3435752" tlh="78138576" />
  <largest-consumer threadName="PmdThread 12" threadId="0000000001EF0300" bytes="8950496" />
</allocation-stats>
<gc-op id="7856" type="mark" timems="18.522" contextid="7853" timestamp="2019-08-04T20:02:59.679">
  <trace-info objectcount="1090293" scancount="976907" scanbytes="28550880" />
  <finalization candidates="84" enqueued="0" />
  <ownableSynchronizers candidates="40" cleared="0" />
  <references type="soft" candidates="1924" cleared="0" enqueued="0" dynamicThreshold="17" maxThreshold="32" />
  <references type="weak" candidates="7419" cleared="1213" enqueued="1210" />
  <references type="phantom" candidates="363" cleared="116" enqueued="116" />
  <stringconstants candidates="15520" cleared="0"  />
</gc-op>
<gc-op id="7857" type="sweep" timems="2.990" contextid="7853" timestamp="2019-08-04T20:02:59.682" />
<heap-resize id="7858" type="expand" space="tenure" amount="19595264" count="1" timems="1.510" reason="excessive time being spent in gc" timestamp="2019-08-04T20:02:59.683" />
<gc-end id="7859" type="global" contextid="7853" durationms="23.373" usertimems="173.688" systemtimems="0.000" timestamp="2019-08-04T20:02:59.683" activeThreads="16">
  <mem-info id="7860" free="104521408" total="174194688" percent="60">
    <mem type="tenure" free="104521408" total="174194688" percent="60" micro-fragmented="23992224" macro-fragmented="756297">
      <mem type="soa" free="102779584" total="172452864" percent="59" />
      <mem type="loa" free="1741824" total="1741824" percent="100" />
    </mem>
    <pending-finalizers system="0" default="0" reference="1326" classloader="0" />
  </mem-info>
</gc-end>
<cycle-end id="7861" type="global" contextid="7853" timestamp="2019-08-04T20:02:59.684">
  <attribute name="GC Util" value="850" />
  <attribute name="CPU Util" value="994128726418" />
  <attribute name="Time Running"value="127292"/>
  <attribute name="Number of cores"value="16"/>
</cycle-end>
<allocation-satisfied id="7862" threadId="0000000001EF3F00" bytesRequested="88" />
<af-end id="7863" timestamp="2019-08-04T20:02:59.684" threadId="0000000001EF4888" success="true" />
<exclusive-end id="7864" timestamp="2019-08-04T20:02:59.684" durationms="23.625" />

===== DaCapo 9.12-MR1 pmd PASSED in 2928 msec =====
Using scaled threading model. 16 processors detected, 16 threads used to drive the workload, in a possible range of [1,512]
<exclusive-start id="7865" timestamp="2019-08-04T20:03:00.250" intervalms="590.529">
  <response-info timems="0.019" idlems="0.019" threads="0" lastid="0000000001BEEF00" lastname="main" />
</exclusive-start>
<af-start id="7866" threadId="0000000001BEF888" totalBytesRequested="16" timestamp="2019-08-04T20:03:00.251" intervalms="590.520" />
<cycle-start id="7867" type="global" contextid="0" timestamp="2019-08-04T20:03:00.251" intervalms="590.516" />
  <attribute name="GC Util" value="850" />
  <attribute name="CPU Util" value="994128726418" />
  <attribute name="Time Running"value="127292"/>
  <attribute name="Number of cores"value="16"/>
<gc-start id="7868" type="global" contextid="7867" timestamp="2019-08-04T20:03:00.251">
  <mem-info id="7869" free="1741824" total="174194688" percent="0">
    <mem type="tenure" free="1741824" total="174194688" percent="0">
      <mem type="soa" free="0" total="172452864" percent="0" />
      <mem type="loa" free="1741824" total="1741824" percent="100" />
    </mem>
  </mem-info>
</gc-start>
<allocation-stats totalBytes="100940760" >
  <allocated-bytes non-tlh="3398184" tlh="97542576" />
  <largest-consumer threadName="main" threadId="0000000001BEEF00" bytes="6992040" />
</allocation-stats>
<gc-op id="7870" type="mark" timems="17.439" contextid="7867" timestamp="2019-08-04T20:03:00.268">
  <trace-info objectcount="611088" scancount="529031" scanbytes="13652160" />
  <finalization candidates="152" enqueued="1" />
  <ownableSynchronizers candidates="42" cleared="19" />
  <references type="soft" candidates="1885" cleared="0" enqueued="0" dynamicThreshold="19" maxThreshold="32" />
  <references type="weak" candidates="8171" cleared="1873" enqueued="1870" />
  <references type="phantom" candidates="296" cleared="54" enqueued="54" />
  <stringconstants candidates="15780" cleared="1746"  />
</gc-op>
<gc-op id="7871" type="classunload" timems="13.608" contextid="7867" timestamp="2019-08-04T20:03:00.282">
  <classunload-info classloadercandidates="58" classloadersunloaded="4" classesunloaded="1006" anonymousclassesunloaded="0" quiescems="0.000" setupms="5.837" scanms="7.765" postms="0.006" />
</gc-op>
<gc-op id="7872" type="sweep" timems="2.149" contextid="7867" timestamp="2019-08-04T20:03:00.284" />
<gc-end id="7873" type="global" contextid="7867" durationms="37.491" usertimems="126.208" systemtimems="0.000" timestamp="2019-08-04T20:03:00.288" activeThreads="16">
  <mem-info id="7874" free="153104784" total="174194688" percent="87">
    <mem type="tenure" free="153104784" total="174194688" percent="87" micro-fragmented="86088" macro-fragmented="1418469">
      <mem type="soa" free="151362960" total="172452864" percent="87" />
      <mem type="loa" free="1741824" total="1741824" percent="100" />
    </mem>
    <pending-finalizers system="1" default="0" reference="1924" classloader="0" />
  </mem-info>
</gc-end>
<cycle-end id="7875" type="global" contextid="7867" timestamp="2019-08-04T20:03:00.290">
  <attribute name="GC Util" value="269" />
  <attribute name="CPU Util" value="8126997621044" />
  <attribute name="Time Running"value="127897"/>
  <attribute name="Number of cores"value="16"/>
</cycle-end>
<allocation-satisfied id="7876" threadId="0000000001BEEF00" bytesRequested="16" />
<af-end id="7877" timestamp="2019-08-04T20:03:00.290" threadId="0000000001BEF888" success="true" />
<exclusive-end id="7878" timestamp="2019-08-04T20:03:00.290" durationms="39.808" />

<exclusive-start id="7879" timestamp="2019-08-04T20:03:00.306" intervalms="55.167">
  <response-info timems="0.059" idlems="0.059" threads="0" lastid="0000000001BEEF00" lastname="main" />
</exclusive-start>
<sys-start reason="explicit" id="7880" timestamp="2019-08-04T20:03:00.306" intervalms="3283.959" />
<cycle-start id="7881" type="global" contextid="0" timestamp="2019-08-04T20:03:00.306" intervalms="55.175" />
  <attribute name="GC Util" value="269" />
  <attribute name="CPU Util" value="8126997621044" />
  <attribute name="Time Running"value="127897"/>
  <attribute name="Number of cores"value="16"/>
<gc-start id="7882" type="global" contextid="7881" timestamp="2019-08-04T20:03:00.306">
  <mem-info id="7883" free="150416440" total="174194688" percent="86">
    <mem type="tenure" free="150416440" total="174194688" percent="86">
      <mem type="soa" free="148674616" total="172452864" percent="86" />
      <mem type="loa" free="1741824" total="1741824" percent="100" />
    </mem>
  </mem-info>
</gc-start>
<allocation-stats totalBytes="2688632" >
  <allocated-bytes non-tlh="1048584" tlh="1640048" />
  <largest-consumer threadName="main" threadId="0000000001BEEF00" bytes="2679192" />
</allocation-stats>
<gc-op id="7884" type="mark" timems="20.333" contextid="7881" timestamp="2019-08-04T20:03:00.328">
  <trace-info objectcount="604932" scancount="524026" scanbytes="13521616" />
  <finalization candidates="151" enqueued="0" />
  <ownableSynchronizers candidates="23" cleared="0" />
  <references type="soft" candidates="1885" cleared="0" enqueued="0" dynamicThreshold="28" maxThreshold="32" />
  <references type="weak" candidates="6298" cleared="0" enqueued="0" />
  <references type="phantom" candidates="222" cleared="0" enqueued="0" />
  <stringconstants candidates="14034" cleared="0"  />
</gc-op>
<gc-op id="7885" type="classunload" timems="0.007" contextid="7881" timestamp="2019-08-04T20:03:00.328">
  <classunload-info classloadercandidates="54" classloadersunloaded="0" classesunloaded="0" anonymousclassesunloaded="0" quiescems="1.529" setupms="0.006" scanms="0.001" postms="0.000" />
</gc-op>
<gc-op id="7886" type="sweep" timems="2.494" contextid="7881" timestamp="2019-08-04T20:03:00.330" />
<mem-info id="7887" free="153472272" total="174194688" percent="88">
  <mem type="tenure" free="153472272" total="174194688" percent="88" micro-fragmented="118710" macro-fragmented="0">
    <mem type="soa" free="151730448" total="172452864" percent="87" />
    <mem type="loa" free="1741824" total="1741824" percent="100" />
  </mem>
</mem-info>
<gc-op id="7888" type="compact" timems="154.821" contextid="7881" timestamp="2019-08-04T20:03:00.485">
  <compact-info movecount="601546" movebytes="20359352" reason="compact on aggressive collection" />
</gc-op>
<gc-end id="7889" type="global" contextid="7881" durationms="179.439" usertimems="261.691" systemtimems="0.000" timestamp="2019-08-04T20:03:00.485" activeThreads="16">
  <mem-info id="7890" free="153659408" total="174194688" percent="88">
    <mem type="tenure" free="153659408" total="174194688" percent="88">
      <mem type="soa" free="151917584" total="172452864" percent="88" />
      <mem type="loa" free="1741824" total="1741824" percent="100" />
    </mem>
  </mem-info>
</gc-end>
<cycle-end id="7891" type="global" contextid="7881" timestamp="2019-08-04T20:03:00.485">
  <attribute name="GC Util" value="183" />
  <attribute name="CPU Util" value="7265645643340" />
  <attribute name="Time Running"value="127943"/>
  <attribute name="Number of cores"value="16"/>
</cycle-end>
<sys-end id="7892" timestamp="2019-08-04T20:03:00.485" />
<exclusive-end id="7893" timestamp="2019-08-04T20:03:00.485" durationms="179.652" />

===== DaCapo 9.12-MR1 sunflow starting =====
<exclusive-start id="7894" timestamp="2019-08-04T20:03:00.945" intervalms="639.700">
  <response-info timems="2.365" idlems="2.365" threads="0" lastid="0000000001EFF200" lastname="Thread-33" />
</exclusive-start>
<af-start id="7895" threadId="0000000001EFFB88" totalBytesRequested="40" timestamp="2019-08-04T20:03:00.945" intervalms="694.873" />
<cycle-start id="7896" type="global" contextid="0" timestamp="2019-08-04T20:03:00.945" intervalms="639.711" />
  <attribute name="GC Util" value="183" />
  <attribute name="CPU Util" value="7265645643340" />
  <attribute name="Time Running"value="127943"/>
  <attribute name="Number of cores"value="16"/>
<gc-start id="7897" type="global" contextid="7896" timestamp="2019-08-04T20:03:00.946">
  <mem-info id="7898" free="1741824" total="174194688" percent="0">
    <mem type="tenure" free="1741824" total="174194688" percent="0">
      <mem type="soa" free="0" total="172452864" percent="0" />
      <mem type="loa" free="1741824" total="1741824" percent="100" />
    </mem>
  </mem-info>
</gc-start>
<allocation-stats totalBytes="151816672" >
  <allocated-bytes non-tlh="3423776" tlh="148392896" />
  <largest-consumer threadName="Thread-28" threadId="0000000001ECE800" bytes="12040128" />
</allocation-stats>
<gc-op id="7899" type="mark" timems="11.169" contextid="7896" timestamp="2019-08-04T20:03:00.957">
  <trace-info objectcount="730366" scancount="647324" scanbytes="18839032" />
  <finalization candidates="151" enqueued="0" />
  <ownableSynchronizers candidates="23" cleared="0" />
  <references type="soft" candidates="1900" cleared="0" enqueued="0" dynamicThreshold="28" maxThreshold="32" />
  <references type="weak" candidates="6336" cleared="25" enqueued="25" />
  <references type="phantom" candidates="224" cleared="0" enqueued="0" />
  <stringconstants candidates="14592" cleared="1"  />
</gc-op>
<gc-op id="7900" type="sweep" timems="2.189" contextid="7896" timestamp="2019-08-04T20:03:00.959" />
<heap-resize id="7901" type="contract" space="tenure" amount="1703936" count="1" timems="0.545" reason="excess free space following gc" timestamp="2019-08-04T20:03:00.960" />
<gc-end id="7902" type="global" contextid="7896" durationms="14.312" usertimems="71.779" systemtimems="0.000" timestamp="2019-08-04T20:03:00.960" activeThreads="16">
  <mem-info id="7903" free="142487856" total="172490752" percent="82">
    <mem type="tenure" free="142487856" total="172490752" percent="82" micro-fragmented="1086304" macro-fragmented="31833720">
      <mem type="soa" free="142060456" total="170766336" percent="83" />
      <mem type="loa" free="427400" total="1724416" percent="24" />
    </mem>
    <pending-finalizers system="0" default="0" reference="25" classloader="0" />
  </mem-info>
</gc-end>
<cycle-end id="7904" type="global" contextid="7896" timestamp="2019-08-04T20:03:00.960">
  <attribute name="GC Util" value="568" />
  <attribute name="CPU Util" value="1648233165013" />
  <attribute name="Time Running"value="128570"/>
  <attribute name="Number of cores"value="16"/>
</cycle-end>
<allocation-satisfied id="7905" threadId="0000000001EFF200" bytesRequested="40" />
<af-end id="7906" timestamp="2019-08-04T20:03:00.960" threadId="0000000001EFFB88" success="true" />
<exclusive-end id="7907" timestamp="2019-08-04T20:03:00.960" durationms="14.755" />

<exclusive-start id="7908" timestamp="2019-08-04T20:03:01.201" intervalms="256.057">
  <response-info timems="0.516" idlems="0.516" threads="0" lastid="0000000001ECE800" lastname="Thread-28" />
</exclusive-start>
<af-start id="7909" threadId="0000000001ECF188" totalBytesRequested="24" timestamp="2019-08-04T20:03:01.201" intervalms="256.055" />
<cycle-start id="7910" type="global" contextid="0" timestamp="2019-08-04T20:03:01.202" intervalms="256.035" />
  <attribute name="GC Util" value="568" />
  <attribute name="CPU Util" value="1648233165013" />
  <attribute name="Time Running"value="128570"/>
  <attribute name="Number of cores"value="16"/>
<gc-start id="7911" type="global" contextid="7910" timestamp="2019-08-04T20:03:01.202">
  <mem-info id="7912" free="427400" total="172490752" percent="0">
    <mem type="tenure" free="427400" total="172490752" percent="0">
      <mem type="soa" free="0" total="170766336" percent="0" />
      <mem type="loa" free="427400" total="1724416" percent="24" />
    </mem>
  </mem-info>
</gc-start>
<allocation-stats totalBytes="141964664" >
  <allocated-bytes non-tlh="95280" tlh="141869384" />
  <largest-consumer threadName="Thread-29" threadId="0000000001F11E00" bytes="12973816" />
</allocation-stats>
<gc-op id="7913" type="mark" timems="10.989" contextid="7910" timestamp="2019-08-04T20:03:01.213">
  <trace-info objectcount="723052" scancount="640086" scanbytes="18664280" />
  <finalization candidates="151" enqueued="0" />
  <ownableSynchronizers candidates="23" cleared="0" />
  <references type="soft" candidates="1900" cleared="0" enqueued="0" dynamicThreshold="26" maxThreshold="32" />
  <references type="weak" candidates="6311" cleared="0" enqueued="0" />
  <references type="phantom" candidates="224" cleared="0" enqueued="0" />
  <stringconstants candidates="14591" cleared="0"  />
</gc-op>
<gc-op id="7914" type="sweep" timems="1.910" contextid="7910" timestamp="2019-08-04T20:03:01.215" />
<mem-info id="7915" free="143042688" total="172490752" percent="82">
  <mem type="tenure" free="143042688" total="172490752" percent="82" micro-fragmented="1420185" macro-fragmented="17641887">
    <mem type="soa" free="141616392" total="170766336" percent="82" />
    <mem type="loa" free="1426296" total="1724416" percent="82" />
  </mem>
</mem-info>
<gc-op id="7916" type="compact" timems="174.933" contextid="7910" timestamp="2019-08-04T20:03:01.390">
  <compact-info movecount="711368" movebytes="26675416" reason="compact to aid heap contraction" />
</gc-op>
<heap-resize id="7917" type="contract" space="tenure" amount="1703936" count="1" timems="0.070" reason="excess free space following gc" timestamp="2019-08-04T20:03:01.390" />
<gc-end id="7918" type="global" contextid="7910" durationms="188.142" usertimems="277.212" systemtimems="0.000" timestamp="2019-08-04T20:03:01.390" activeThreads="16">
  <mem-info id="7919" free="143500384" total="170786816" percent="84">
    <mem type="tenure" free="143500384" total="170786816" percent="84">
      <mem type="soa" free="141813856" total="169079808" percent="83" />
      <mem type="loa" free="1686528" total="1707008" percent="98" />
    </mem>
  </mem-info>
</gc-end>
<cycle-end id="7920" type="global" contextid="7910" timestamp="2019-08-04T20:03:01.390">
  <attribute name="GC Util" value="257" />
  <attribute name="CPU Util" value="9350381114270" />
  <attribute name="Time Running"value="128828"/>
  <attribute name="Number of cores"value="16"/>
</cycle-end>
<allocation-satisfied id="7921" threadId="0000000001ECE800" bytesRequested="24" />
<af-end id="7922" timestamp="2019-08-04T20:03:01.390" threadId="0000000001ECF188" success="true" />
<exclusive-end id="7923" timestamp="2019-08-04T20:03:01.390" durationms="188.363" />

<exclusive-start id="7924" timestamp="2019-08-04T20:03:01.591" intervalms="389.463">
  <response-info timems="0.353" idlems="0.353" threads="0" lastid="0000000001F0E200" lastname="Thread-27" />
</exclusive-start>
<af-start id="7925" threadId="0000000001F0EB88" totalBytesRequested="48" timestamp="2019-08-04T20:03:01.591" intervalms="389.462" />
<cycle-start id="7926" type="global" contextid="0" timestamp="2019-08-04T20:03:01.591" intervalms="389.461" />
  <attribute name="GC Util" value="257" />
  <attribute name="CPU Util" value="9350381114270" />
  <attribute name="Time Running"value="128828"/>
  <attribute name="Number of cores"value="16"/>
<gc-start id="7927" type="global" contextid="7926" timestamp="2019-08-04T20:03:01.591">
  <mem-info id="7928" free="1686528" total="170786816" percent="0">
    <mem type="tenure" free="1686528" total="170786816" percent="0">
      <mem type="soa" free="0" total="169079808" percent="0" />
      <mem type="loa" free="1686528" total="1707008" percent="98" />
    </mem>
  </mem-info>
</gc-start>
<allocation-stats totalBytes="141862296" >
  <allocated-bytes non-tlh="0" tlh="141862296" />
  <largest-consumer threadName="Thread-25" threadId="0000000001ED2400" bytes="12824416" />
</allocation-stats>
<gc-op id="7929" type="mark" timems="12.359" contextid="7926" timestamp="2019-08-04T20:03:01.603">
  <trace-info objectcount="727881" scancount="644900" scanbytes="18717856" />
  <finalization candidates="151" enqueued="0" />
  <ownableSynchronizers candidates="23" cleared="0" />
  <references type="soft" candidates="1900" cleared="0" enqueued="0" dynamicThreshold="26" maxThreshold="32" />
  <references type="weak" candidates="6311" cleared="0" enqueued="0" />
  <references type="phantom" candidates="224" cleared="0" enqueued="0" />
  <stringconstants candidates="14591" cleared="0"  />
</gc-op>
<gc-op id="7930" type="sweep" timems="2.560" contextid="7926" timestamp="2019-08-04T20:03:01.606" />
<heap-resize id="7931" type="contract" space="tenure" amount="1703936" count="1" timems="0.590" reason="excess free space following gc" timestamp="2019-08-04T20:03:01.607" />
<gc-end id="7932" type="global" contextid="7926" durationms="15.816" usertimems="67.336" systemtimems="0.000" timestamp="2019-08-04T20:03:01.607" activeThreads="16">
  <mem-info id="7933" free="139801752" total="169082880" percent="82">
    <mem type="tenure" free="139801752" total="169082880" percent="82" micro-fragmented="255297" macro-fragmented="17385962">
      <mem type="soa" free="139801752" total="167392256" percent="83" />
      <mem type="loa" free="0" total="1690624" percent="0" />
    </mem>
  </mem-info>
</gc-end>
<cycle-end id="7934" type="global" contextid="7926" timestamp="2019-08-04T20:03:01.607">
  <attribute name="GC Util" value="429" />
  <attribute name="CPU Util" value="1484908721792" />
  <attribute name="Time Running"value="129217"/>
  <attribute name="Number of cores"value="16"/>
</cycle-end>
<allocation-satisfied id="7935" threadId="0000000001F0E200" bytesRequested="48" />
<af-end id="7936" timestamp="2019-08-04T20:03:01.607" threadId="0000000001F0EB88" success="true" />
<exclusive-end id="7937" timestamp="2019-08-04T20:03:01.607" durationms="16.246" />

<exclusive-start id="7938" timestamp="2019-08-04T20:03:01.744" intervalms="153.434">
  <response-info timems="0.893" idlems="0.462" threads="1" lastid="0000000001F2C100" lastname="Thread-26" />
</exclusive-start>
<af-start id="7939" threadId="0000000001F28E88" totalBytesRequested="40" timestamp="2019-08-04T20:03:01.744" intervalms="153.435" />
<cycle-start id="7940" type="global" contextid="0" timestamp="2019-08-04T20:03:01.744" intervalms="153.436" />
  <attribute name="GC Util" value="429" />
  <attribute name="CPU Util" value="1484908721792" />
  <attribute name="Time Running"value="129217"/>
  <attribute name="Number of cores"value="16"/>
<gc-start id="7941" type="global" contextid="7940" timestamp="2019-08-04T20:03:01.744">
  <mem-info id="7942" free="0" total="169082880" percent="0">
    <mem type="tenure" free="0" total="169082880" percent="0">
      <mem type="soa" free="0" total="167392256" percent="0" />
      <mem type="loa" free="0" total="1690624" percent="0" />
    </mem>
  </mem-info>
</gc-start>
<allocation-stats totalBytes="139710704" >
  <allocated-bytes non-tlh="38112" tlh="139672592" />
  <largest-consumer threadName="Thread-24" threadId="0000000001F24900" bytes="11054864" />
</allocation-stats>
<gc-op id="7943" type="mark" timems="11.617" contextid="7940" timestamp="2019-08-04T20:03:01.756">
  <trace-info objectcount="728142" scancount="645151" scanbytes="18652612" />
  <finalization candidates="151" enqueued="0" />
  <ownableSynchronizers candidates="23" cleared="0" />
  <references type="soft" candidates="1900" cleared="0" enqueued="0" dynamicThreshold="26" maxThreshold="32" />
  <references type="weak" candidates="6311" cleared="0" enqueued="0" />
  <references type="phantom" candidates="224" cleared="0" enqueued="0" />
  <stringconstants candidates="14591" cleared="0"  />
</gc-op>
<gc-op id="7944" type="sweep" timems="2.079" contextid="7940" timestamp="2019-08-04T20:03:01.758" />
<mem-info id="7945" free="140125344" total="169082880" percent="82">
  <mem type="tenure" free="140125344" total="169082880" percent="82" micro-fragmented="102846" macro-fragmented="16727629">
    <mem type="soa" free="139684656" total="167392256" percent="83" />
    <mem type="loa" free="440688" total="1690624" percent="26" />
  </mem>
</mem-info>
<gc-op id="7946" type="compact" timems="30.368" contextid="7940" timestamp="2019-08-04T20:03:01.789">
  <compact-info movecount="122725" movebytes="7753144" reason="compact to aid heap contraction" />
</gc-op>
<heap-resize id="7947" type="contract" space="tenure" amount="1638400" count="1" timems="0.070" reason="excess free space following gc" timestamp="2019-08-04T20:03:01.789" />
<gc-end id="7948" type="global" contextid="7940" durationms="44.369" usertimems="158.354" systemtimems="0.000" timestamp="2019-08-04T20:03:01.789" activeThreads="16">
  <mem-info id="7949" free="140137976" total="167444480" percent="83">
    <mem type="tenure" free="140137976" total="167444480" percent="83">
      <mem type="soa" free="138515960" total="165770240" percent="83" />
      <mem type="loa" free="1622016" total="1674240" percent="96" />
    </mem>
  </mem-info>
</gc-end>
<cycle-end id="7950" type="global" contextid="7940" timestamp="2019-08-04T20:03:01.789">
  <attribute name="GC Util" value="305" />
  <attribute name="CPU Util" value="8755494101940" />
  <attribute name="Time Running"value="129371"/>
  <attribute name="Number of cores"value="16"/>
</cycle-end>
<allocation-satisfied id="7951" threadId="0000000001F28500" bytesRequested="40" />
<af-end id="7952" timestamp="2019-08-04T20:03:01.789" threadId="0000000001F28E88" success="true" />
<exclusive-end id="7953" timestamp="2019-08-04T20:03:01.789" durationms="44.596" />

<exclusive-start id="7954" timestamp="2019-08-04T20:03:01.982" intervalms="237.619">
  <response-info timems="2.567" idlems="2.567" threads="0" lastid="0000000001F2C100" lastname="Thread-26" />
</exclusive-start>
<af-start id="7955" threadId="0000000001F2CA88" totalBytesRequested="40" timestamp="2019-08-04T20:03:01.982" intervalms="237.621" />
<cycle-start id="7956" type="global" contextid="0" timestamp="2019-08-04T20:03:01.982" intervalms="237.620" />
  <attribute name="GC Util" value="305" />
  <attribute name="CPU Util" value="8755494101940" />
  <attribute name="Time Running"value="129371"/>
  <attribute name="Number of cores"value="16"/>
<gc-start id="7957" type="global" contextid="7956" timestamp="2019-08-04T20:03:01.982">
  <mem-info id="7958" free="1622016" total="167444480" percent="0">
    <mem type="tenure" free="1622016" total="167444480" percent="0">
      <mem type="soa" free="0" total="165770240" percent="0" />
      <mem type="loa" free="1622016" total="1674240" percent="96" />
    </mem>
  </mem-info>
</gc-start>
<allocation-stats totalBytes="138565064" >
  <allocated-bytes non-tlh="0" tlh="138565064" />
  <largest-consumer threadName="Thread-35" threadId="0000000001EF7B00" bytes="15019160" />
</allocation-stats>
<gc-op id="7959" type="mark" timems="12.576" contextid="7956" timestamp="2019-08-04T20:03:01.995">
  <trace-info objectcount="728518" scancount="645520" scanbytes="18795912" />
  <finalization candidates="151" enqueued="0" />
  <ownableSynchronizers candidates="23" cleared="0" />
  <references type="soft" candidates="1900" cleared="0" enqueued="0" dynamicThreshold="26" maxThreshold="32" />
  <references type="weak" candidates="6311" cleared="0" enqueued="0" />
  <references type="phantom" candidates="224" cleared="0" enqueued="0" />
  <stringconstants candidates="14591" cleared="0"  />
</gc-op>
<gc-op id="7960" type="sweep" timems="2.894" contextid="7956" timestamp="2019-08-04T20:03:01.998" />
<heap-resize id="7961" type="contract" space="tenure" amount="1638400" count="1" timems="0.675" reason="excess free space following gc" timestamp="2019-08-04T20:03:01.999" />
<gc-end id="7962" type="global" contextid="7956" durationms="16.508" usertimems="87.877" systemtimems="6.478" timestamp="2019-08-04T20:03:01.999" activeThreads="16">
  <mem-info id="7963" free="136596936" total="165806080" percent="82">
    <mem type="tenure" free="136596936" total="165806080" percent="82" micro-fragmented="141210" macro-fragmented="794400">
      <mem type="soa" free="136447432" total="164148224" percent="83" />
      <mem type="loa" free="149504" total="1657856" percent="9" />
    </mem>
  </mem-info>
</gc-end>
<cycle-end id="7964" type="global" contextid="7956" timestamp="2019-08-04T20:03:01.999">
  <attribute name="GC Util" value="545" />
  <attribute name="CPU Util" value="1463432930531" />
  <attribute name="Time Running"value="129608"/>
  <attribute name="Number of cores"value="16"/>
</cycle-end>
<allocation-satisfied id="7965" threadId="0000000001F2C100" bytesRequested="40" />
<af-end id="7966" timestamp="2019-08-04T20:03:01.999" threadId="0000000001F2CA88" success="true" />
<exclusive-end id="7967" timestamp="2019-08-04T20:03:01.999" durationms="16.729" />

<exclusive-start id="7968" timestamp="2019-08-04T20:03:02.215" intervalms="233.419">
  <response-info timems="3.790" idlems="3.790" threads="0" lastid="0000000001EFF200" lastname="Thread-33" />
</exclusive-start>
<af-start id="7969" threadId="0000000001EFFB88" totalBytesRequested="40" timestamp="2019-08-04T20:03:02.215" intervalms="233.443" />
<cycle-start id="7970" type="global" contextid="0" timestamp="2019-08-04T20:03:02.215" intervalms="233.443" />
  <attribute name="GC Util" value="545" />
  <attribute name="CPU Util" value="1463432930531" />
  <attribute name="Time Running"value="129608"/>
  <attribute name="Number of cores"value="16"/>
<gc-start id="7971" type="global" contextid="7970" timestamp="2019-08-04T20:03:02.216">
  <mem-info id="7972" free="149504" total="165806080" percent="0">
    <mem type="tenure" free="149504" total="165806080" percent="0">
      <mem type="soa" free="0" total="164148224" percent="0" />
      <mem type="loa" free="149504" total="1657856" percent="9" />
    </mem>
  </mem-info>
</gc-start>
<allocation-stats totalBytes="136378560" >
  <allocated-bytes non-tlh="38112" tlh="136340448" />
  <largest-consumer threadName="Thread-23" threadId="0000000001EFB700" bytes="12661768" />
</allocation-stats>
<gc-op id="7973" type="mark" timems="11.841" contextid="7970" timestamp="2019-08-04T20:03:02.228">
  <trace-info objectcount="727502" scancount="644510" scanbytes="18772624" />
  <finalization candidates="151" enqueued="0" />
  <ownableSynchronizers candidates="23" cleared="0" />
  <references type="soft" candidates="1900" cleared="0" enqueued="0" dynamicThreshold="26" maxThreshold="32" />
  <references type="weak" candidates="6311" cleared="0" enqueued="0" />
  <references type="phantom" candidates="224" cleared="0" enqueued="0" />
  <stringconstants candidates="14591" cleared="0"  />
</gc-op>
<gc-op id="7974" type="sweep" timems="2.277" contextid="7970" timestamp="2019-08-04T20:03:02.230" />
<mem-info id="7975" free="137435824" total="165806080" percent="82">
  <mem type="tenure" free="137435824" total="165806080" percent="82" micro-fragmented="118969" macro-fragmented="3438520">
    <mem type="soa" free="136604840" total="164148224" percent="83" />
    <mem type="loa" free="830984" total="1657856" percent="50" />
  </mem>
</mem-info>
<gc-op id="7976" type="compact" timems="36.896" contextid="7970" timestamp="2019-08-04T20:03:02.267">
  <compact-info movecount="130132" movebytes="9269520" reason="compact to aid heap contraction" />
</gc-op>
<heap-resize id="7977" type="contract" space="tenure" amount="1638400" count="1" timems="0.070" reason="excess free space following gc" timestamp="2019-08-04T20:03:02.267" />
<gc-end id="7978" type="global" contextid="7970" durationms="51.342" usertimems="146.453" systemtimems="3.406" timestamp="2019-08-04T20:03:02.267" activeThreads="16">
  <mem-info id="7979" free="136773928" total="164167680" percent="83">
    <mem type="tenure" free="136773928" total="164167680" percent="83">
      <mem type="soa" free="135151912" total="162526208" percent="83" />
      <mem type="loa" free="1622016" total="1641472" percent="98" />
    </mem>
  </mem-info>
</gc-end>
<cycle-end id="7980" type="global" contextid="7970" timestamp="2019-08-04T20:03:02.267">
  <attribute name="GC Util" value="287" />
  <attribute name="CPU Util" value="8088054077525" />
  <attribute name="Time Running"value="129843"/>
  <attribute name="Number of cores"value="16"/>
</cycle-end>
<allocation-satisfied id="7981" threadId="0000000001EFF200" bytesRequested="40" />
<af-end id="7982" timestamp="2019-08-04T20:03:02.267" threadId="0000000001EFFB88" success="true" />
<exclusive-end id="7983" timestamp="2019-08-04T20:03:02.267" durationms="51.891" />

<exclusive-start id="7984" timestamp="2019-08-04T20:03:02.459" intervalms="243.326">
  <response-info timems="0.430" idlems="0.430" threads="0" lastid="0000000001ECE800" lastname="Thread-28" />
</exclusive-start>
<af-start id="7985" threadId="0000000001ECF188" totalBytesRequested="40" timestamp="2019-08-04T20:03:02.459" intervalms="243.295" />
<cycle-start id="7986" type="global" contextid="0" timestamp="2019-08-04T20:03:02.459" intervalms="243.296" />
  <attribute name="GC Util" value="287" />
  <attribute name="CPU Util" value="8088054077525" />
  <attribute name="Time Running"value="129843"/>
  <attribute name="Number of cores"value="16"/>
<gc-start id="7987" type="global" contextid="7986" timestamp="2019-08-04T20:03:02.459">
  <mem-info id="7988" free="1622016" total="164167680" percent="0">
    <mem type="tenure" free="1622016" total="164167680" percent="0">
      <mem type="soa" free="0" total="162526208" percent="0" />
      <mem type="loa" free="1622016" total="1641472" percent="98" />
    </mem>
  </mem-info>
</gc-start>
<allocation-stats totalBytes="135200952" >
  <allocated-bytes non-tlh="0" tlh="135200952" />
  <largest-consumer threadName="Thread-35" threadId="0000000001EF7B00" bytes="13466136" />
</allocation-stats>
<gc-op id="7989" type="mark" timems="12.429" contextid="7986" timestamp="2019-08-04T20:03:02.471">
  <trace-info objectcount="735285" scancount="652287" scanbytes="18958896" />
  <finalization candidates="151" enqueued="0" />
  <ownableSynchronizers candidates="23" cleared="0" />
  <references type="soft" candidates="1900" cleared="0" enqueued="0" dynamicThreshold="26" maxThreshold="32" />
  <references type="weak" candidates="6311" cleared="0" enqueued="0" />
  <references type="phantom" candidates="224" cleared="0" enqueued="0" />
  <stringconstants candidates="14591" cleared="0"  />
</gc-op>
<gc-op id="7990" type="sweep" timems="2.718" contextid="7986" timestamp="2019-08-04T20:03:02.474" />
<heap-resize id="7991" type="contract" space="tenure" amount="1638400" count="1" timems="0.697" reason="excess free space following gc" timestamp="2019-08-04T20:03:02.475" />
<gc-end id="7992" type="global" contextid="7986" durationms="16.190" usertimems="92.489" systemtimems="0.000" timestamp="2019-08-04T20:03:02.475" activeThreads="16">
  <mem-info id="7993" free="133955352" total="162529280" percent="82">
    <mem type="tenure" free="133955352" total="162529280" percent="82" micro-fragmented="127423" macro-fragmented="569024">
      <mem type="soa" free="133213080" total="160904192" percent="82" />
      <mem type="loa" free="742272" total="1625088" percent="45" />
    </mem>
  </mem-info>
</gc-end>
<cycle-end id="7994" type="global" contextid="7986" timestamp="2019-08-04T20:03:02.475">
  <attribute name="GC Util" value="591" />
  <attribute name="CPU Util" value="1468769857207" />
  <attribute name="Time Running"value="130085"/>
  <attribute name="Number of cores"value="16"/>
</cycle-end>
<allocation-satisfied id="7995" threadId="0000000001ECE800" bytesRequested="40" />
<af-end id="7996" timestamp="2019-08-04T20:03:02.475" threadId="0000000001ECF188" success="true" />
<exclusive-end id="7997" timestamp="2019-08-04T20:03:02.475" durationms="16.577" />

<exclusive-start id="7998" timestamp="2019-08-04T20:03:02.638" intervalms="178.990">
  <response-info timems="1.140" idlems="0.602" threads="1" lastid="0000000001EF7B00" lastname="Thread-35" />
</exclusive-start>
<af-start id="7999" threadId="0000000001EE9488" totalBytesRequested="40" timestamp="2019-08-04T20:03:02.638" intervalms="179.009" />
<cycle-start id="8000" type="global" contextid="0" timestamp="2019-08-04T20:03:02.638" intervalms="179.010" />
  <attribute name="GC Util" value="591" />
  <attribute name="CPU Util" value="1468769857207" />
  <attribute name="Time Running"value="130085"/>
  <attribute name="Number of cores"value="16"/>
<gc-start id="8001" type="global" contextid="8000" timestamp="2019-08-04T20:03:02.638">
  <mem-info id="8002" free="742272" total="162529280" percent="0">
    <mem type="tenure" free="742272" total="162529280" percent="0">
      <mem type="soa" free="0" total="160904192" percent="0" />
      <mem type="loa" free="742272" total="1625088" percent="45" />
    </mem>
  </mem-info>
</gc-start>
<allocation-stats totalBytes="133150376" >
  <allocated-bytes non-tlh="19056" tlh="133131320" />
  <largest-consumer threadName="Thread-25" threadId="0000000001ED2400" bytes="15425648" />
</allocation-stats>
<gc-op id="8003" type="mark" timems="10.882" contextid="8000" timestamp="2019-08-04T20:03:02.649">
  <trace-info objectcount="740770" scancount="657767" scanbytes="19091192" />
  <finalization candidates="151" enqueued="0" />
  <ownableSynchronizers candidates="23" cleared="0" />
  <references type="soft" candidates="1900" cleared="0" enqueued="0" dynamicThreshold="26" maxThreshold="32" />
  <references type="weak" candidates="6311" cleared="0" enqueued="0" />
  <references type="phantom" candidates="224" cleared="0" enqueued="0" />
  <stringconstants candidates="14591" cleared="0"  />
</gc-op>
<gc-op id="8004" type="sweep" timems="2.210" contextid="8000" timestamp="2019-08-04T20:03:02.651" />
<mem-info id="8005" free="134178200" total="162529280" percent="82">
  <mem type="tenure" free="134178200" total="162529280" percent="82" micro-fragmented="245324" macro-fragmented="501775">
    <mem type="soa" free="132894640" total="160904192" percent="82" />
    <mem type="loa" free="1283560" total="1625088" percent="78" />
  </mem>
</mem-info>
<gc-op id="8006" type="compact" timems="28.689" contextid="8000" timestamp="2019-08-04T20:03:02.680">
  <compact-info movecount="129366" movebytes="8251600" reason="compact to aid heap contraction" />
</gc-op>
<heap-resize id="8007" type="contract" space="tenure" amount="1572864" count="1" timems="0.071" reason="excess free space following gc" timestamp="2019-08-04T20:03:02.680" />
<gc-end id="8008" type="global" contextid="8000" durationms="42.123" usertimems="124.984" systemtimems="3.526" timestamp="2019-08-04T20:03:02.680" activeThreads="16">
  <mem-info id="8009" free="133211328" total="160956416" percent="82">
    <mem type="tenure" free="133211328" total="160956416" percent="82">
      <mem type="soa" free="131654848" total="159347712" percent="82" />
      <mem type="loa" free="1556480" total="1608704" percent="96" />
    </mem>
  </mem-info>
</gc-end>
<cycle-end id="8010" type="global" contextid="8000" timestamp="2019-08-04T20:03:02.680">
  <attribute name="GC Util" value="248" />
  <attribute name="CPU Util" value="8119982315685" />
  <attribute name="Time Running"value="130264"/>
  <attribute name="Number of cores"value="16"/>
</cycle-end>
<allocation-satisfied id="8011" threadId="0000000001EE8B00" bytesRequested="40" />
<af-end id="8012" timestamp="2019-08-04T20:03:02.680" threadId="0000000001EE9488" success="true" />
<exclusive-end id="8013" timestamp="2019-08-04T20:03:02.680" durationms="42.446" />

<exclusive-start id="8014" timestamp="2019-08-04T20:03:02.884" intervalms="246.045">
  <response-info timems="3.423" idlems="3.423" threads="0" lastid="0000000001F2C100" lastname="Thread-26" />
</exclusive-start>
<af-start id="8015" threadId="0000000001F2CA88" totalBytesRequested="24" timestamp="2019-08-04T20:03:02.884" intervalms="246.084" />
<cycle-start id="8016" type="global" contextid="0" timestamp="2019-08-04T20:03:02.884" intervalms="246.085" />
  <attribute name="GC Util" value="248" />
  <attribute name="CPU Util" value="8119982315685" />
  <attribute name="Time Running"value="130264"/>
  <attribute name="Number of cores"value="16"/>
<gc-start id="8017" type="global" contextid="8016" timestamp="2019-08-04T20:03:02.884">
  <mem-info id="8018" free="1556480" total="160956416" percent="0">
    <mem type="tenure" free="1556480" total="160956416" percent="0">
      <mem type="soa" free="0" total="159347712" percent="0" />
      <mem type="loa" free="1556480" total="1608704" percent="96" />
    </mem>
  </mem-info>
</gc-start>
<allocation-stats totalBytes="131708568" >
  <allocated-bytes non-tlh="0" tlh="131708568" />
  <largest-consumer threadName="Thread-36" threadId="0000000001ED9B00" bytes="11409320" />
</allocation-stats>
<gc-op id="8019" type="mark" timems="35.557" contextid="8016" timestamp="2019-08-04T20:03:02.920">
  <trace-info objectcount="725049" scancount="642043" scanbytes="18713240" />
  <finalization candidates="151" enqueued="0" />
  <ownableSynchronizers candidates="23" cleared="0" />
  <references type="soft" candidates="1900" cleared="0" enqueued="0" dynamicThreshold="26" maxThreshold="32" />
  <references type="weak" candidates="6311" cleared="0" enqueued="0" />
  <references type="phantom" candidates="224" cleared="0" enqueued="0" />
  <stringconstants candidates="14591" cleared="0"  />
</gc-op>
<gc-op id="8020" type="sweep" timems="2.227" contextid="8016" timestamp="2019-08-04T20:03:02.922" />
<heap-resize id="8021" type="contract" space="tenure" amount="1572864" count="1" timems="2.102" reason="excess free space following gc" timestamp="2019-08-04T20:03:02.924" />
<gc-end id="8022" type="global" contextid="8016" durationms="40.209" usertimems="97.488" systemtimems="49.043" timestamp="2019-08-04T20:03:02.924" activeThreads="16">
  <mem-info id="8023" free="130190016" total="159383552" percent="81">
    <mem type="tenure" free="130190016" total="159383552" percent="81" micro-fragmented="193389" macro-fragmented="15703237">
      <mem type="soa" free="130190016" total="157790208" percent="82" />
      <mem type="loa" free="0" total="1593344" percent="0" />
    </mem>
  </mem-info>
</gc-end>
<cycle-end id="8024" type="global" contextid="8016" timestamp="2019-08-04T20:03:02.924">
  <attribute name="GC Util" value="289" />
  <attribute name="CPU Util" value="521318615295" />
  <attribute name="Time Running"value="130533"/>
  <attribute name="Number of cores"value="16"/>
</cycle-end>
<allocation-satisfied id="8025" threadId="0000000001F2C100" bytesRequested="24" />
<af-end id="8026" timestamp="2019-08-04T20:03:02.924" threadId="0000000001F2CA88" success="true" />
<exclusive-end id="8027" timestamp="2019-08-04T20:03:02.924" durationms="40.580" />

<exclusive-start id="8028" timestamp="2019-08-04T20:03:03.158" intervalms="273.880">
  <response-info timems="3.657" idlems="3.657" threads="0" lastid="0000000001ECE800" lastname="Thread-28" />
</exclusive-start>
<af-start id="8029" threadId="0000000001ECF188" totalBytesRequested="40" timestamp="2019-08-04T20:03:03.158" intervalms="273.842" />
<cycle-start id="8030" type="global" contextid="0" timestamp="2019-08-04T20:03:03.158" intervalms="273.855" />
  <attribute name="GC Util" value="289" />
  <attribute name="CPU Util" value="521318615295" />
  <attribute name="Time Running"value="130533"/>
  <attribute name="Number of cores"value="16"/>
<gc-start id="8031" type="global" contextid="8030" timestamp="2019-08-04T20:03:03.158">
  <mem-info id="8032" free="0" total="159383552" percent="0">
    <mem type="tenure" free="0" total="159383552" percent="0">
      <mem type="soa" free="0" total="157790208" percent="0" />
      <mem type="loa" free="0" total="1593344" percent="0" />
    </mem>
  </mem-info>
</gc-start>
<allocation-stats totalBytes="130164360" >
  <allocated-bytes non-tlh="19056" tlh="130145304" />
  <largest-consumer threadName="Thread-24" threadId="0000000001F24900" bytes="13658696" />
</allocation-stats>
<gc-op id="8033" type="mark" timems="12.107" contextid="8030" timestamp="2019-08-04T20:03:03.170">
  <trace-info objectcount="725961" scancount="642961" scanbytes="18735152" />
  <finalization candidates="151" enqueued="0" />
  <ownableSynchronizers candidates="23" cleared="0" />
  <references type="soft" candidates="1900" cleared="0" enqueued="0" dynamicThreshold="26" maxThreshold="32" />
  <references type="weak" candidates="6311" cleared="0" enqueued="0" />
  <references type="phantom" candidates="224" cleared="0" enqueued="0" />
  <stringconstants candidates="14591" cleared="0"  />
</gc-op>
<gc-op id="8034" type="sweep" timems="3.260" contextid="8030" timestamp="2019-08-04T20:03:03.173" />
<mem-info id="8035" free="130112304" total="159383552" percent="81">
  <mem type="tenure" free="130112304" total="159383552" percent="81" micro-fragmented="160397" macro-fragmented="3143951">
    <mem type="soa" free="130112304" total="157790208" percent="82" />
    <mem type="loa" free="0" total="1593344" percent="0" />
  </mem>
</mem-info>
<gc-op id="8036" type="compact" timems="36.952" contextid="8030" timestamp="2019-08-04T20:03:03.210">
  <compact-info movecount="114557" movebytes="7895560" reason="compact to aid heap contraction" />
</gc-op>
<heap-resize id="8037" type="contract" space="tenure" amount="1572864" count="1" timems="0.063" reason="excess free space following gc" timestamp="2019-08-04T20:03:03.210" />
<gc-end id="8038" type="global" contextid="8030" durationms="52.641" usertimems="141.846" systemtimems="0.000" timestamp="2019-08-04T20:03:03.210" activeThreads="16">
  <mem-info id="8039" free="130453384" total="157810688" percent="82">
    <mem type="tenure" free="130453384" total="157810688" percent="82">
      <mem type="soa" free="128895880" total="156232704" percent="82" />
      <mem type="loa" free="1557504" total="1577984" percent="98" />
    </mem>
  </mem-info>
</gc-end>
<cycle-end id="8040" type="global" contextid="8030" timestamp="2019-08-04T20:03:03.210">
  <attribute name="GC Util" value="207" />
  <attribute name="CPU Util" value="5552184959170" />
  <attribute name="Time Running"value="130786"/>
  <attribute name="Number of cores"value="16"/>
</cycle-end>
<allocation-satisfied id="8041" threadId="0000000001ECE800" bytesRequested="40" />
<af-end id="8042" timestamp="2019-08-04T20:03:03.210" threadId="0000000001ECF188" success="true" />
<exclusive-end id="8043" timestamp="2019-08-04T20:03:03.210" durationms="52.880" />

<exclusive-start id="8044" timestamp="2019-08-04T20:03:03.515" intervalms="357.503">
  <response-info timems="22.232" idlems="11.957" threads="1" lastid="0000000001EEC700" lastname="Thread-22" />
</exclusive-start>
<af-start id="8045" threadId="0000000001ECF188" totalBytesRequested="40" timestamp="2019-08-04T20:03:03.515" intervalms="357.521" />
<cycle-start id="8046" type="global" contextid="0" timestamp="2019-08-04T20:03:03.515" intervalms="357.523" />
  <attribute name="GC Util" value="207" />
  <attribute name="CPU Util" value="5552184959170" />
  <attribute name="Time Running"value="130786"/>
  <attribute name="Number of cores"value="16"/>
<gc-start id="8047" type="global" contextid="8046" timestamp="2019-08-04T20:03:03.515">
  <mem-info id="8048" free="1557504" total="157810688" percent="0">
    <mem type="tenure" free="1557504" total="157810688" percent="0">
      <mem type="soa" free="0" total="156232704" percent="0" />
      <mem type="loa" free="1557504" total="1577984" percent="98" />
    </mem>
  </mem-info>
</gc-start>
<allocation-stats totalBytes="128946768" >
  <allocated-bytes non-tlh="0" tlh="128946768" />
  <largest-consumer threadName="Thread-29" threadId="0000000001F11E00" bytes="14534000" />
</allocation-stats>
<gc-op id="8049" type="mark" timems="18.710" contextid="8046" timestamp="2019-08-04T20:03:03.534">
  <trace-info objectcount="726501" scancount="643502" scanbytes="18747952" />
  <finalization candidates="151" enqueued="0" />
  <ownableSynchronizers candidates="23" cleared="0" />
  <references type="soft" candidates="1900" cleared="0" enqueued="0" dynamicThreshold="26" maxThreshold="32" />
  <references type="weak" candidates="6311" cleared="0" enqueued="0" />
  <references type="phantom" candidates="224" cleared="0" enqueued="0" />
  <stringconstants candidates="14591" cleared="0"  />
</gc-op>
<gc-op id="8050" type="sweep" timems="3.200" contextid="8046" timestamp="2019-08-04T20:03:03.538" />
<heap-resize id="8051" type="contract" space="tenure" amount="1572864" count="1" timems="0.543" reason="excess free space following gc" timestamp="2019-08-04T20:03:03.538" />
<gc-end id="8052" type="global" contextid="8046" durationms="22.958" usertimems="78.546" systemtimems="11.478" timestamp="2019-08-04T20:03:03.538" activeThreads="16">
  <mem-info id="8053" free="127437720" total="156237824" percent="81">
    <mem type="tenure" free="127437720" total="156237824" percent="81" micro-fragmented="221656" macro-fragmented="289573">
      <mem type="soa" free="127136976" total="154676224" percent="82" />
      <mem type="loa" free="300744" total="1561600" percent="19" />
    </mem>
  </mem-info>
</gc-end>
<cycle-end id="8054" type="global" contextid="8046" timestamp="2019-08-04T20:03:03.538">
  <attribute name="GC Util" value="421" />
  <attribute name="CPU Util" value="977931388431" />
  <attribute name="Time Running"value="131147"/>
  <attribute name="Number of cores"value="16"/>
</cycle-end>
<allocation-satisfied id="8055" threadId="0000000001ECE800" bytesRequested="40" />
<af-end id="8056" timestamp="2019-08-04T20:03:03.538" threadId="0000000001ECF188" success="true" />
<exclusive-end id="8057" timestamp="2019-08-04T20:03:03.538" durationms="23.383" />

<exclusive-start id="8058" timestamp="2019-08-04T20:03:03.706" intervalms="190.448">
  <response-info timems="0.968" idlems="0.711" threads="2" lastid="0000000001EE8B00" lastname="Thread-30" />
</exclusive-start>
<af-start id="8059" threadId="0000000001EED088" totalBytesRequested="40" timestamp="2019-08-04T20:03:03.706" intervalms="190.624" />
<cycle-start id="8060" type="global" contextid="0" timestamp="2019-08-04T20:03:03.706" intervalms="190.637" />
  <attribute name="GC Util" value="421" />
  <attribute name="CPU Util" value="977931388431" />
  <attribute name="Time Running"value="131147"/>
  <attribute name="Number of cores"value="16"/>
<gc-start id="8061" type="global" contextid="8060" timestamp="2019-08-04T20:03:03.706">
  <mem-info id="8062" free="300744" total="156237824" percent="0">
    <mem type="tenure" free="300744" total="156237824" percent="0">
      <mem type="soa" free="0" total="154676224" percent="0" />
      <mem type="loa" free="300744" total="1561600" percent="19" />
    </mem>
  </mem-info>
</gc-start>
<allocation-stats totalBytes="127136952" >
  <allocated-bytes non-tlh="0" tlh="127136952" />
  <largest-consumer threadName="Thread-29" threadId="0000000001F11E00" bytes="13297904" />
</allocation-stats>
<gc-op id="8063" type="mark" timems="12.445" contextid="8060" timestamp="2019-08-04T20:03:03.718">
  <trace-info objectcount="733823" scancount="650807" scanbytes="18923832" />
  <finalization candidates="151" enqueued="0" />
  <ownableSynchronizers candidates="23" cleared="0" />
  <references type="soft" candidates="1900" cleared="0" enqueued="0" dynamicThreshold="26" maxThreshold="32" />
  <references type="weak" candidates="6311" cleared="0" enqueued="0" />
  <references type="phantom" candidates="224" cleared="0" enqueued="0" />
  <stringconstants candidates="14591" cleared="0"  />
</gc-op>
<gc-op id="8064" type="sweep" timems="1.779" contextid="8060" timestamp="2019-08-04T20:03:03.720" />
<mem-info id="8065" free="127139136" total="156237824" percent="81">
  <mem type="tenure" free="127139136" total="156237824" percent="81" micro-fragmented="218598" macro-fragmented="37436291">
    <mem type="soa" free="126838392" total="154676224" percent="82" />
    <mem type="loa" free="300744" total="1561600" percent="19" />
  </mem>
</mem-info>
<gc-op id="8066" type="compact" timems="27.224" contextid="8060" timestamp="2019-08-04T20:03:03.748">
  <compact-info movecount="120557" movebytes="8009816" reason="compact to aid heap contraction" />
</gc-op>
<heap-resize id="8067" type="contract" space="tenure" amount="1507328" count="1" timems="0.112" reason="excess free space following gc" timestamp="2019-08-04T20:03:03.748" />
<gc-end id="8068" type="global" contextid="8060" durationms="41.835" usertimems="110.348" systemtimems="11.166" timestamp="2019-08-04T20:03:03.748" activeThreads="16">
  <mem-info id="8069" free="127150720" total="154730496" percent="82">
    <mem type="tenure" free="127150720" total="154730496" percent="82">
      <mem type="soa" free="125657728" total="153183232" percent="82" />
      <mem type="loa" free="1492992" total="1547264" percent="96" />
    </mem>
  </mem-info>
</gc-end>
<cycle-end id="8070" type="global" contextid="8060" timestamp="2019-08-04T20:03:03.748">
  <attribute name="GC Util" value="258" />
  <attribute name="CPU Util" value="10187077906692" />
  <attribute name="Time Running"value="131333"/>
  <attribute name="Number of cores"value="16"/>
</cycle-end>
<allocation-satisfied id="8071" threadId="0000000001EEC700" bytesRequested="40" />
<af-end id="8072" timestamp="2019-08-04T20:03:03.748" threadId="0000000001EED088" success="true" />
<exclusive-end id="8073" timestamp="2019-08-04T20:03:03.748" durationms="42.391" />

<exclusive-start id="8074" timestamp="2019-08-04T20:03:03.906" intervalms="200.372">
  <response-info timems="2.809" idlems="2.809" threads="0" lastid="0000000001F11E00" lastname="Thread-29" />
</exclusive-start>
<af-start id="8075" threadId="0000000001F12788" totalBytesRequested="40" timestamp="2019-08-04T20:03:03.906" intervalms="200.212" />
<cycle-start id="8076" type="global" contextid="0" timestamp="2019-08-04T20:03:03.906" intervalms="200.385" />
  <attribute name="GC Util" value="258" />
  <attribute name="CPU Util" value="10187077906692" />
  <attribute name="Time Running"value="131333"/>
  <attribute name="Number of cores"value="16"/>
<gc-start id="8077" type="global" contextid="8076" timestamp="2019-08-04T20:03:03.906">
  <mem-info id="8078" free="1492992" total="154730496" percent="0">
    <mem type="tenure" free="1492992" total="154730496" percent="0">
      <mem type="soa" free="0" total="153183232" percent="0" />
      <mem type="loa" free="1492992" total="1547264" percent="96" />
    </mem>
  </mem-info>
</gc-start>
<allocation-stats totalBytes="125706912" >
  <allocated-bytes non-tlh="0" tlh="125706912" />
  <largest-consumer threadName="Thread-31" threadId="0000000001ED5F00" bytes="11761912" />
</allocation-stats>
<gc-op id="8079" type="mark" timems="13.457" contextid="8076" timestamp="2019-08-04T20:03:03.920">
  <trace-info objectcount="729988" scancount="647007" scanbytes="18831768" />
  <finalization candidates="151" enqueued="0" />
  <ownableSynchronizers candidates="23" cleared="0" />
  <references type="soft" candidates="1900" cleared="0" enqueued="0" dynamicThreshold="26" maxThreshold="32" />
  <references type="weak" candidates="6311" cleared="0" enqueued="0" />
  <references type="phantom" candidates="224" cleared="0" enqueued="0" />
  <stringconstants candidates="14591" cleared="0"  />
</gc-op>
<gc-op id="8080" type="sweep" timems="2.419" contextid="8076" timestamp="2019-08-04T20:03:03.922" />
<heap-resize id="8081" type="contract" space="tenure" amount="1507328" count="1" timems="0.636" reason="excess free space following gc" timestamp="2019-08-04T20:03:03.923" />
<gc-end id="8082" type="global" contextid="8076" durationms="16.827" usertimems="90.145" systemtimems="0.000" timestamp="2019-08-04T20:03:03.923" activeThreads="16">
  <mem-info id="8083" free="124021616" total="153223168" percent="80">
    <mem type="tenure" free="124021616" total="153223168" percent="80" micro-fragmented="155182" macro-fragmented="25493183">
      <mem type="soa" free="124021616" total="151691264" percent="81" />
      <mem type="loa" free="0" total="1531904" percent="0" />
    </mem>
  </mem-info>
</gc-end>
<cycle-end id="8084" type="global" contextid="8076" timestamp="2019-08-04T20:03:03.923">
  <attribute name="GC Util" value="487" />
  <attribute name="CPU Util" value="1366039579116" />
  <attribute name="Time Running"value="131533"/>
  <attribute name="Number of cores"value="16"/>
</cycle-end>
<allocation-satisfied id="8085" threadId="0000000001F11E00" bytesRequested="40" />
<af-end id="8086" timestamp="2019-08-04T20:03:03.923" threadId="0000000001F12788" success="true" />
<exclusive-end id="8087" timestamp="2019-08-04T20:03:03.923" durationms="17.391" />

<exclusive-start id="8088" timestamp="2019-08-04T20:03:04.081" intervalms="174.669">
  <response-info timems="1.536" idlems="1.536" threads="0" lastid="0000000001ED9B00" lastname="Thread-36" />
</exclusive-start>
<af-start id="8089" threadId="0000000001EDA488" totalBytesRequested="24" timestamp="2019-08-04T20:03:04.081" intervalms="174.625" />
<cycle-start id="8090" type="global" contextid="0" timestamp="2019-08-04T20:03:04.081" intervalms="174.425" />
  <attribute name="GC Util" value="487" />
  <attribute name="CPU Util" value="1366039579116" />
  <attribute name="Time Running"value="131533"/>
  <attribute name="Number of cores"value="16"/>
<gc-start id="8091" type="global" contextid="8090" timestamp="2019-08-04T20:03:04.081">
  <mem-info id="8092" free="0" total="153223168" percent="0">
    <mem type="tenure" free="0" total="153223168" percent="0">
      <mem type="soa" free="0" total="151691264" percent="0" />
      <mem type="loa" free="0" total="1531904" percent="0" />
    </mem>
  </mem-info>
</gc-start>
<allocation-stats totalBytes="123996960" >
  <allocated-bytes non-tlh="19056" tlh="123977904" />
  <largest-consumer threadName="Thread-29" threadId="0000000001F11E00" bytes="12741136" />
</allocation-stats>
<gc-op id="8093" type="mark" timems="10.397" contextid="8090" timestamp="2019-08-04T20:03:04.091">
  <trace-info objectcount="736818" scancount="653826" scanbytes="18995544" />
  <finalization candidates="151" enqueued="0" />
  <ownableSynchronizers candidates="23" cleared="0" />
  <references type="soft" candidates="1900" cleared="0" enqueued="0" dynamicThreshold="25" maxThreshold="32" />
  <references type="weak" candidates="6311" cleared="0" enqueued="0" />
  <references type="phantom" candidates="224" cleared="0" enqueued="0" />
  <stringconstants candidates="14591" cleared="0"  />
</gc-op>
<gc-op id="8094" type="sweep" timems="1.713" contextid="8090" timestamp="2019-08-04T20:03:04.093" />
<mem-info id="8095" free="123766496" total="153223168" percent="80">
  <mem type="tenure" free="123766496" total="153223168" percent="80" micro-fragmented="319566" macro-fragmented="13448289">
    <mem type="soa" free="123697184" total="151691264" percent="81" />
    <mem type="loa" free="69312" total="1531904" percent="4" />
  </mem>
</mem-info>
<gc-op id="8096" type="compact" timems="28.552" contextid="8090" timestamp="2019-08-04T20:03:04.122">
  <compact-info movecount="123566" movebytes="8081864" reason="compact to aid heap contraction" />
</gc-op>
<heap-resize id="8097" type="contract" space="tenure" amount="1507328" count="1" timems="0.088" reason="excess free space following gc" timestamp="2019-08-04T20:03:04.122" />
<gc-end id="8098" type="global" contextid="8090" durationms="41.028" usertimems="117.066" systemtimems="3.689" timestamp="2019-08-04T20:03:04.122" activeThreads="16">
  <mem-info id="8099" free="124094048" total="151715840" percent="81">
    <mem type="tenure" free="124094048" total="151715840" percent="81">
      <mem type="soa" free="122602080" total="150199296" percent="81" />
      <mem type="loa" free="1491968" total="1516544" percent="98" />
    </mem>
  </mem-info>
</gc-end>
<cycle-end id="8100" type="global" contextid="8090" timestamp="2019-08-04T20:03:04.122">
  <attribute name="GC Util" value="286" />
  <attribute name="CPU Util" value="10397543987718" />
  <attribute name="Time Running"value="131706"/>
  <attribute name="Number of cores"value="16"/>
</cycle-end>
<allocation-satisfied id="8101" threadId="0000000001ED9B00" bytesRequested="24" />
<af-end id="8102" timestamp="2019-08-04T20:03:04.122" threadId="0000000001EDA488" success="true" />
<exclusive-end id="8103" timestamp="2019-08-04T20:03:04.122" durationms="41.291" />

<exclusive-start id="8104" timestamp="2019-08-04T20:03:04.259" intervalms="177.948">
  <response-info timems="2.704" idlems="2.704" threads="0" lastid="0000000001EF3F00" lastname="Thread-32" />
</exclusive-start>
<af-start id="8105" threadId="0000000001EF4888" totalBytesRequested="24" timestamp="2019-08-04T20:03:04.259" intervalms="177.961" />
<cycle-start id="8106" type="global" contextid="0" timestamp="2019-08-04T20:03:04.259" intervalms="177.969" />
  <attribute name="GC Util" value="286" />
  <attribute name="CPU Util" value="10397543987718" />
  <attribute name="Time Running"value="131706"/>
  <attribute name="Number of cores"value="16"/>
<gc-start id="8107" type="global" contextid="8106" timestamp="2019-08-04T20:03:04.259">
  <mem-info id="8108" free="1491968" total="151715840" percent="0">
    <mem type="tenure" free="1491968" total="151715840" percent="0">
      <mem type="soa" free="0" total="150199296" percent="0" />
      <mem type="loa" free="1491968" total="1516544" percent="98" />
    </mem>
  </mem-info>
</gc-start>
<allocation-stats totalBytes="122658656" >
  <allocated-bytes non-tlh="0" tlh="122658656" />
  <largest-consumer threadName="Thread-36" threadId="0000000001ED9B00" bytes="13597896" />
</allocation-stats>
<gc-op id="8109" type="mark" timems="12.922" contextid="8106" timestamp="2019-08-04T20:03:04.272">
  <trace-info objectcount="736399" scancount="653388" scanbytes="18985712" />
  <finalization candidates="151" enqueued="0" />
  <ownableSynchronizers candidates="23" cleared="0" />
  <references type="soft" candidates="1900" cleared="0" enqueued="0" dynamicThreshold="26" maxThreshold="32" />
  <references type="weak" candidates="6311" cleared="0" enqueued="0" />
  <references type="phantom" candidates="224" cleared="0" enqueued="0" />
  <stringconstants candidates="14591" cleared="0"  />
</gc-op>
<gc-op id="8110" type="sweep" timems="1.850" contextid="8106" timestamp="2019-08-04T20:03:04.274" />
<heap-resize id="8111" type="contract" space="tenure" amount="1507328" count="1" timems="0.583" reason="excess free space following gc" timestamp="2019-08-04T20:03:04.274" />
<gc-end id="8112" type="global" contextid="8106" durationms="15.695" usertimems="65.059" systemtimems="12.995" timestamp="2019-08-04T20:03:04.274" activeThreads="16">
  <mem-info id="8113" free="120851880" total="150208512" percent="80">
    <mem type="tenure" free="120851880" total="150208512" percent="80" micro-fragmented="328856" macro-fragmented="176142">
      <mem type="soa" free="120851880" total="148707328" percent="81" />
      <mem type="loa" free="0" total="1501184" percent="0" />
    </mem>
  </mem-info>
</gc-end>
<cycle-end id="8114" type="global" contextid="8106" timestamp="2019-08-04T20:03:04.275">
  <attribute name="GC Util" value="490" />
  <attribute name="CPU Util" value="1420508925676" />
  <attribute name="Time Running"value="131885"/>
  <attribute name="Number of cores"value="16"/>
</cycle-end>
<allocation-satisfied id="8115" threadId="0000000001EF3F00" bytesRequested="24" />
<af-end id="8116" timestamp="2019-08-04T20:03:04.275" threadId="0000000001EF4888" success="true" />
<exclusive-end id="8117" timestamp="2019-08-04T20:03:04.275" durationms="16.244" />

<exclusive-start id="8118" timestamp="2019-08-04T20:03:04.452" intervalms="193.770">
  <response-info timems="3.883" idlems="2.868" threads="1" lastid="0000000001ED2400" lastname="Thread-25" />
</exclusive-start>
<af-start id="8119" threadId="0000000001EDA488" totalBytesRequested="24" timestamp="2019-08-04T20:03:04.452" intervalms="193.750" />
<cycle-start id="8120" type="global" contextid="0" timestamp="2019-08-04T20:03:04.452" intervalms="193.737" />
  <attribute name="GC Util" value="490" />
  <attribute name="CPU Util" value="1420508925676" />
  <attribute name="Time Running"value="131885"/>
  <attribute name="Number of cores"value="16"/>
<gc-start id="8121" type="global" contextid="8120" timestamp="2019-08-04T20:03:04.452">
  <mem-info id="8122" free="0" total="150208512" percent="0">
    <mem type="tenure" free="0" total="150208512" percent="0">
      <mem type="soa" free="0" total="148707328" percent="0" />
      <mem type="loa" free="0" total="1501184" percent="0" />
    </mem>
  </mem-info>
</gc-start>
<allocation-stats totalBytes="120837656" >
  <allocated-bytes non-tlh="0" tlh="120837656" />
  <largest-consumer threadName="Thread-36" threadId="0000000001ED9B00" bytes="16011184" />
</allocation-stats>
<gc-op id="8123" type="mark" timems="12.735" contextid="8120" timestamp="2019-08-04T20:03:04.465">
  <trace-info objectcount="737802" scancount="654809" scanbytes="19019760" />
  <finalization candidates="151" enqueued="0" />
  <ownableSynchronizers candidates="23" cleared="0" />
  <references type="soft" candidates="1900" cleared="0" enqueued="0" dynamicThreshold="25" maxThreshold="32" />
  <references type="weak" candidates="6311" cleared="0" enqueued="0" />
  <references type="phantom" candidates="224" cleared="0" enqueued="0" />
  <stringconstants candidates="14591" cleared="0"  />
</gc-op>
<gc-op id="8124" type="sweep" timems="1.863" contextid="8120" timestamp="2019-08-04T20:03:04.467" />
<mem-info id="8125" free="121484016" total="150208512" percent="80">
  <mem type="tenure" free="121484016" total="150208512" percent="80" micro-fragmented="310940" macro-fragmented="121796">
    <mem type="soa" free="120722248" total="148707328" percent="81" />
    <mem type="loa" free="761768" total="1501184" percent="50" />
  </mem>
</mem-info>
<gc-op id="8126" type="compact" timems="29.716" contextid="8120" timestamp="2019-08-04T20:03:04.497">
  <compact-info movecount="111207" movebytes="7473696" reason="compact to aid heap contraction" />
</gc-op>
<heap-resize id="8127" type="contract" space="tenure" amount="1376256" count="1" timems="0.125" reason="excess free space following gc" timestamp="2019-08-04T20:03:04.497" />
<gc-end id="8128" type="global" contextid="8120" durationms="44.880" usertimems="145.571" systemtimems="0.000" timestamp="2019-08-04T20:03:04.497" activeThreads="16">
  <mem-info id="8129" free="121191520" total="148832256" percent="81">
    <mem type="tenure" free="121191520" total="148832256" percent="81">
      <mem type="soa" free="119726816" total="147344384" percent="81" />
      <mem type="loa" free="1464704" total="1487872" percent="98" />
    </mem>
  </mem-info>
</gc-end>
<cycle-end id="8130" type="global" contextid="8120" timestamp="2019-08-04T20:03:04.497">
  <attribute name="GC Util" value="264" />
  <attribute name="CPU Util" value="9146112914261" />
  <attribute name="Time Running"value="132080"/>
  <attribute name="Number of cores"value="16"/>
</cycle-end>
<allocation-satisfied id="8131" threadId="0000000001ED9B00" bytesRequested="24" />
<af-end id="8132" timestamp="2019-08-04T20:03:04.497" threadId="0000000001EDA488" success="true" />
<exclusive-end id="8133" timestamp="2019-08-04T20:03:04.497" durationms="45.143" />

<exclusive-start id="8134" timestamp="2019-08-04T20:03:04.612" intervalms="159.733">
  <response-info timems="5.591" idlems="5.591" threads="0" lastid="0000000001EFB700" lastname="Thread-23" />
</exclusive-start>
<af-start id="8135" threadId="0000000001EFC088" totalBytesRequested="40" timestamp="2019-08-04T20:03:04.612" intervalms="159.747" />
<cycle-start id="8136" type="global" contextid="0" timestamp="2019-08-04T20:03:04.612" intervalms="159.805" />
  <attribute name="GC Util" value="264" />
  <attribute name="CPU Util" value="9146112914261" />
  <attribute name="Time Running"value="132080"/>
  <attribute name="Number of cores"value="16"/>
<gc-start id="8137" type="global" contextid="8136" timestamp="2019-08-04T20:03:04.612">
  <mem-info id="8138" free="1464704" total="148832256" percent="0">
    <mem type="tenure" free="1464704" total="148832256" percent="0">
      <mem type="soa" free="0" total="147344384" percent="0" />
      <mem type="loa" free="1464704" total="1487872" percent="98" />
    </mem>
  </mem-info>
</gc-start>
<allocation-stats totalBytes="119783264" >
  <allocated-bytes non-tlh="0" tlh="119783264" />
  <largest-consumer threadName="Thread-36" threadId="0000000001ED9B00" bytes="12632448" />
</allocation-stats>
<gc-op id="8139" type="mark" timems="10.027" contextid="8136" timestamp="2019-08-04T20:03:04.622">
  <trace-info objectcount="747442" scancount="664460" scanbytes="19250904" />
  <finalization candidates="151" enqueued="0" />
  <ownableSynchronizers candidates="23" cleared="0" />
  <references type="soft" candidates="1900" cleared="0" enqueued="0" dynamicThreshold="26" maxThreshold="32" />
  <references type="weak" candidates="6311" cleared="0" enqueued="0" />
  <references type="phantom" candidates="224" cleared="0" enqueued="0" />
  <stringconstants candidates="14591" cleared="0"  />
</gc-op>
<gc-op id="8140" type="sweep" timems="3.042" contextid="8136" timestamp="2019-08-04T20:03:04.625" />
<gc-end id="8141" type="global" contextid="8136" durationms="13.318" usertimems="70.884" systemtimems="0.000" timestamp="2019-08-04T20:03:04.626" activeThreads="16">
  <mem-info id="8142" free="120915040" total="148832256" percent="81">
    <mem type="tenure" free="120915040" total="148832256" percent="81" micro-fragmented="57980" macro-fragmented="59973">
      <mem type="soa" free="119450336" total="147344384" percent="81" />
      <mem type="loa" free="1464704" total="1487872" percent="98" />
    </mem>
  </mem-info>
</gc-end>
<cycle-end id="8143" type="global" contextid="8136" timestamp="2019-08-04T20:03:04.626">
  <attribute name="GC Util" value="565" />
  <attribute name="CPU Util" value="1835922732549" />
  <attribute name="Time Running"value="132236"/>
  <attribute name="Number of cores"value="16"/>
</cycle-end>
<allocation-satisfied id="8144" threadId="0000000001EFB700" bytesRequested="40" />
<af-end id="8145" timestamp="2019-08-04T20:03:04.626" threadId="0000000001EFC088" success="true" />
<exclusive-end id="8146" timestamp="2019-08-04T20:03:04.626" durationms="13.637" />

<exclusive-start id="8147" timestamp="2019-08-04T20:03:04.796" intervalms="183.997">
  <response-info timems="3.467" idlems="1.201" threads="2" lastid="0000000001EF7B00" lastname="Thread-35" />
</exclusive-start>
<af-start id="8148" threadId="0000000001EE9488" totalBytesRequested="40" timestamp="2019-08-04T20:03:04.796" intervalms="183.991" />
<cycle-start id="8149" type="global" contextid="0" timestamp="2019-08-04T20:03:04.796" intervalms="183.935" />
  <attribute name="GC Util" value="565" />
  <attribute name="CPU Util" value="1835922732549" />
  <attribute name="Time Running"value="132236"/>
  <attribute name="Number of cores"value="16"/>
<gc-start id="8150" type="global" contextid="8149" timestamp="2019-08-04T20:03:04.796">
  <mem-info id="8151" free="1464704" total="148832256" percent="0">
    <mem type="tenure" free="1464704" total="148832256" percent="0">
      <mem type="soa" free="0" total="147344384" percent="0" />
      <mem type="loa" free="1464704" total="1487872" percent="98" />
    </mem>
  </mem-info>
</gc-start>
<allocation-stats totalBytes="119423056" >
  <allocated-bytes non-tlh="0" tlh="119423056" />
  <largest-consumer threadName="Thread-25" threadId="0000000001ED2400" bytes="11434296" />
</allocation-stats>
<gc-op id="8152" type="mark" timems="10.712" contextid="8149" timestamp="2019-08-04T20:03:04.807">
  <trace-info objectcount="746307" scancount="663333" scanbytes="19223408" />
  <finalization candidates="151" enqueued="0" />
  <ownableSynchronizers candidates="23" cleared="0" />
  <references type="soft" candidates="1900" cleared="0" enqueued="0" dynamicThreshold="25" maxThreshold="32" />
  <references type="weak" candidates="6311" cleared="0" enqueued="0" />
  <references type="phantom" candidates="224" cleared="0" enqueued="0" />
  <stringconstants candidates="14591" cleared="0"  />
</gc-op>
<gc-op id="8153" type="sweep" timems="2.825" contextid="8149" timestamp="2019-08-04T20:03:04.810" />
<mem-info id="8154" free="120633576" total="148832256" percent="81">
  <mem type="tenure" free="120633576" total="148832256" percent="81" micro-fragmented="252218" macro-fragmented="327545">
    <mem type="soa" free="119168584" total="147344384" percent="80" />
    <mem type="loa" free="1464992" total="1487872" percent="98" />
  </mem>
</mem-info>
<gc-op id="8155" type="compact" timems="29.681" contextid="8149" timestamp="2019-08-04T20:03:04.840">
  <compact-info movecount="132924" movebytes="8306584" reason="compact to aid heap contraction" />
</gc-op>
<gc-end id="8156" type="global" contextid="8149" durationms="43.475" usertimems="111.900" systemtimems="10.706" timestamp="2019-08-04T20:03:04.840" activeThreads="16">
  <mem-info id="8157" free="120987872" total="148832256" percent="81">
    <mem type="tenure" free="120987872" total="148832256" percent="81">
      <mem type="soa" free="119522880" total="147344384" percent="81" />
      <mem type="loa" free="1464992" total="1487872" percent="98" />
    </mem>
  </mem-info>
</gc-end>
<cycle-end id="8158" type="global" contextid="8149" timestamp="2019-08-04T20:03:04.840">
  <attribute name="GC Util" value="271" />
  <attribute name="CPU Util" value="6378463691517" />
  <attribute name="Time Running"value="132423"/>
  <attribute name="Number of cores"value="16"/>
</cycle-end>
<allocation-satisfied id="8159" threadId="0000000001EE8B00" bytesRequested="40" />
<af-end id="8160" timestamp="2019-08-04T20:03:04.840" threadId="0000000001EE9488" success="true" />
<exclusive-end id="8161" timestamp="2019-08-04T20:03:04.840" durationms="43.967" />

<exclusive-start id="8162" timestamp="2019-08-04T20:03:05.060" intervalms="264.224">
  <response-info timems="0.287" idlems="0.159" threads="1" lastid="0000000001F11E00" lastname="Thread-29" />
</exclusive-start>
<af-start id="8163" threadId="0000000001EE9488" totalBytesRequested="40" timestamp="2019-08-04T20:03:05.060" intervalms="264.222" />
<cycle-start id="8164" type="global" contextid="0" timestamp="2019-08-04T20:03:05.060" intervalms="264.223" />
  <attribute name="GC Util" value="271" />
  <attribute name="CPU Util" value="6378463691517" />
  <attribute name="Time Running"value="132423"/>
  <attribute name="Number of cores"value="16"/>
<gc-start id="8165" type="global" contextid="8164" timestamp="2019-08-04T20:03:05.060">
  <mem-info id="8166" free="1464992" total="148832256" percent="0">
    <mem type="tenure" free="1464992" total="148832256" percent="0">
      <mem type="soa" free="0" total="147344384" percent="0" />
      <mem type="loa" free="1464992" total="1487872" percent="98" />
    </mem>
  </mem-info>
</gc-start>
<allocation-stats totalBytes="119577984" >
  <allocated-bytes non-tlh="0" tlh="119577984" />
  <largest-consumer threadName="Thread-21" threadId="0000000001F0A600" bytes="13335376" />
</allocation-stats>
<gc-op id="8167" type="mark" timems="9.897" contextid="8164" timestamp="2019-08-04T20:03:05.070">
  <trace-info objectcount="739758" scancount="656746" scanbytes="19067376" />
  <finalization candidates="151" enqueued="0" />
  <ownableSynchronizers candidates="23" cleared="0" />
  <references type="soft" candidates="1900" cleared="0" enqueued="0" dynamicThreshold="26" maxThreshold="32" />
  <references type="weak" candidates="6311" cleared="0" enqueued="0" />
  <references type="phantom" candidates="224" cleared="0" enqueued="0" />
  <stringconstants candidates="14591" cleared="0"  />
</gc-op>
<gc-op id="8168" type="sweep" timems="1.684" contextid="8164" timestamp="2019-08-04T20:03:05.072" />
<mem-info id="8169" free="120813432" total="148832256" percent="81">
  <mem type="tenure" free="120813432" total="148832256" percent="81" micro-fragmented="367070" macro-fragmented="153844">
    <mem type="soa" free="119348440" total="147344384" percent="80" />
    <mem type="loa" free="1464992" total="1487872" percent="98" />
  </mem>
</mem-info>
<gc-op id="8170" type="compact" timems="33.699" contextid="8164" timestamp="2019-08-04T20:03:05.106">
  <compact-info movecount="128305" movebytes="8226608" reason="compact to aid heap contraction" />
</gc-op>
<gc-end id="8171" type="global" contextid="8164" durationms="45.597" usertimems="123.802" systemtimems="5.094" timestamp="2019-08-04T20:03:05.106" activeThreads="16">
  <mem-info id="8172" free="121141024" total="148832256" percent="81">
    <mem type="tenure" free="121141024" total="148832256" percent="81">
      <mem type="soa" free="119676032" total="147344384" percent="81" />
      <mem type="loa" free="1464992" total="1487872" percent="98" />
    </mem>
  </mem-info>
</gc-end>
<cycle-end id="8173" type="global" contextid="8164" timestamp="2019-08-04T20:03:05.106">
  <attribute name="GC Util" value="195" />
  <attribute name="CPU Util" value="10123095672435" />
  <attribute name="Time Running"value="132685"/>
  <attribute name="Number of cores"value="16"/>
</cycle-end>
<allocation-satisfied id="8174" threadId="0000000001EE8B00" bytesRequested="40" />
<af-end id="8175" timestamp="2019-08-04T20:03:05.106" threadId="0000000001EE9488" success="true" />
<exclusive-end id="8176" timestamp="2019-08-04T20:03:05.106" durationms="45.835" />

<exclusive-start id="8177" timestamp="2019-08-04T20:03:05.377" intervalms="316.398">
  <response-info timems="4.558" idlems="4.558" threads="0" lastid="0000000001ED5F00" lastname="Thread-31" />
</exclusive-start>
<af-start id="8178" threadId="0000000001ED6888" totalBytesRequested="40" timestamp="2019-08-04T20:03:05.377" intervalms="316.400" />
<cycle-start id="8179" type="global" contextid="0" timestamp="2019-08-04T20:03:05.377" intervalms="316.402" />
  <attribute name="GC Util" value="195" />
  <attribute name="CPU Util" value="10123095672435" />
  <attribute name="Time Running"value="132685"/>
  <attribute name="Number of cores"value="16"/>
<gc-start id="8180" type="global" contextid="8179" timestamp="2019-08-04T20:03:05.377">
  <mem-info id="8181" free="1464992" total="148832256" percent="0">
    <mem type="tenure" free="1464992" total="148832256" percent="0">
      <mem type="soa" free="0" total="147344384" percent="0" />
      <mem type="loa" free="1464992" total="1487872" percent="98" />
    </mem>
  </mem-info>
</gc-start>
<allocation-stats totalBytes="119731704" >
  <allocated-bytes non-tlh="0" tlh="119731704" />
  <largest-consumer threadName="Thread-23" threadId="0000000001EFB700" bytes="11500936" />
</allocation-stats>
<gc-op id="8182" type="mark" timems="16.054" contextid="8179" timestamp="2019-08-04T20:03:05.393">
  <trace-info objectcount="737974" scancount="655002" scanbytes="19024728" />
  <finalization candidates="151" enqueued="0" />
  <ownableSynchronizers candidates="23" cleared="0" />
  <references type="soft" candidates="1900" cleared="0" enqueued="0" dynamicThreshold="26" maxThreshold="32" />
  <references type="weak" candidates="6311" cleared="0" enqueued="0" />
  <references type="phantom" candidates="224" cleared="0" enqueued="0" />
  <stringconstants candidates="14591" cleared="0"  />
</gc-op>
<gc-op id="8183" type="sweep" timems="2.676" contextid="8179" timestamp="2019-08-04T20:03:05.396" />
<mem-info id="8184" free="120905648" total="148832256" percent="81">
  <mem type="tenure" free="120905648" total="148832256" percent="81" micro-fragmented="280557" macro-fragmented="74700">
    <mem type="soa" free="119440656" total="147344384" percent="81" />
    <mem type="loa" free="1464992" total="1487872" percent="98" />
  </mem>
</mem-info>
<gc-op id="8185" type="compact" timems="27.629" contextid="8179" timestamp="2019-08-04T20:03:05.423">
  <compact-info movecount="115501" movebytes="7644728" reason="compact to aid heap contraction" />
</gc-op>
<gc-end id="8186" type="global" contextid="8179" durationms="46.654" usertimems="172.070" systemtimems="0.000" timestamp="2019-08-04T20:03:05.423" activeThreads="16">
  <mem-info id="8187" free="121183672" total="148832256" percent="81">
    <mem type="tenure" free="121183672" total="148832256" percent="81">
      <mem type="soa" free="119718680" total="147344384" percent="81" />
      <mem type="loa" free="1464992" total="1487872" percent="98" />
    </mem>
  </mem-info>
</gc-end>
<cycle-end id="8188" type="global" contextid="8179" timestamp="2019-08-04T20:03:05.424">
  <attribute name="GC Util" value="197" />
  <attribute name="CPU Util" value="6733401864918" />
  <attribute name="Time Running"value="133009"/>
  <attribute name="Number of cores"value="16"/>
</cycle-end>
<allocation-satisfied id="8189" threadId="0000000001ED5F00" bytesRequested="40" />
<af-end id="8190" timestamp="2019-08-04T20:03:05.424" threadId="0000000001ED6888" success="true" />
<exclusive-end id="8191" timestamp="2019-08-04T20:03:05.424" durationms="46.917" />

<exclusive-start id="8192" timestamp="2019-08-04T20:03:05.570" intervalms="193.125">
  <response-info timems="0.782" idlems="0.232" threads="4" lastid="0000000001F0A600" lastname="Thread-21" />
</exclusive-start>
<af-start id="8193" threadId="0000000001EF8488" totalBytesRequested="40" timestamp="2019-08-04T20:03:05.570" intervalms="193.126" />
<cycle-start id="8194" type="global" contextid="0" timestamp="2019-08-04T20:03:05.570" intervalms="193.122" />
  <attribute name="GC Util" value="197" />
  <attribute name="CPU Util" value="6733401864918" />
  <attribute name="Time Running"value="133009"/>
  <attribute name="Number of cores"value="16"/>
<gc-start id="8195" type="global" contextid="8194" timestamp="2019-08-04T20:03:05.570">
  <mem-info id="8196" free="1464992" total="148832256" percent="0">
    <mem type="tenure" free="1464992" total="148832256" percent="0">
      <mem type="soa" free="0" total="147344384" percent="0" />
      <mem type="loa" free="1464992" total="1487872" percent="98" />
    </mem>
  </mem-info>
</gc-start>
<allocation-stats totalBytes="119776144" >
  <allocated-bytes non-tlh="0" tlh="119776144" />
  <largest-consumer threadName="Thread-27" threadId="0000000001F0E200" bytes="15432504" />
</allocation-stats>
<gc-op id="8197" type="mark" timems="11.398" contextid="8194" timestamp="2019-08-04T20:03:05.581">
  <trace-info objectcount="732054" scancount="649047" scanbytes="18881000" />
  <finalization candidates="151" enqueued="0" />
  <ownableSynchronizers candidates="23" cleared="0" />
  <references type="soft" candidates="1900" cleared="0" enqueued="0" dynamicThreshold="26" maxThreshold="32" />
  <references type="weak" candidates="6311" cleared="0" enqueued="0" />
  <references type="phantom" candidates="224" cleared="0" enqueued="0" />
  <stringconstants candidates="14591" cleared="0"  />
</gc-op>
<gc-op id="8198" type="sweep" timems="2.272" contextid="8194" timestamp="2019-08-04T20:03:05.584" />
<mem-info id="8199" free="121060712" total="148832256" percent="81">
  <mem type="tenure" free="121060712" total="148832256" percent="81" micro-fragmented="219201" macro-fragmented="131336">
    <mem type="soa" free="119595720" total="147344384" percent="81" />
    <mem type="loa" free="1464992" total="1487872" percent="98" />
  </mem>
</mem-info>
<gc-op id="8200" type="compact" timems="27.978" contextid="8194" timestamp="2019-08-04T20:03:05.612">
  <compact-info movecount="109591" movebytes="7501000" reason="compact to aid heap contraction" />
</gc-op>
<gc-end id="8201" type="global" contextid="8194" durationms="41.966" usertimems="142.716" systemtimems="9.205" timestamp="2019-08-04T20:03:05.612" activeThreads="16">
  <mem-info id="8202" free="121327400" total="148832256" percent="81">
    <mem type="tenure" free="121327400" total="148832256" percent="81">
      <mem type="soa" free="119862408" total="147344384" percent="81" />
      <mem type="loa" free="1464992" total="1487872" percent="98" />
    </mem>
  </mem-info>
</gc-end>
<cycle-end id="8203" type="global" contextid="8194" timestamp="2019-08-04T20:03:05.612">
  <attribute name="GC Util" value="239" />
  <attribute name="CPU Util" value="7777314561483" />
  <attribute name="Time Running"value="133197"/>
  <attribute name="Number of cores"value="16"/>
</cycle-end>
<allocation-satisfied id="8204" threadId="0000000001EF7B00" bytesRequested="40" />
<af-end id="8205" timestamp="2019-08-04T20:03:05.612" threadId="0000000001EF8488" success="true" />
<exclusive-end id="8206" timestamp="2019-08-04T20:03:05.612" durationms="42.421" />

<exclusive-start id="8207" timestamp="2019-08-04T20:03:05.706" intervalms="136.385">
  <response-info timems="0.427" idlems="0.217" threads="1" lastid="0000000001ED5F00" lastname="Thread-31" />
</exclusive-start>
<af-start id="8208" threadId="0000000001F25288" totalBytesRequested="40" timestamp="2019-08-04T20:03:05.706" intervalms="136.444" />
<cycle-start id="8209" type="global" contextid="0" timestamp="2019-08-04T20:03:05.706" intervalms="136.446" />
  <attribute name="GC Util" value="239" />
  <attribute name="CPU Util" value="7777314561483" />
  <attribute name="Time Running"value="133197"/>
  <attribute name="Number of cores"value="16"/>
<gc-start id="8210" type="global" contextid="8209" timestamp="2019-08-04T20:03:05.706">
  <mem-info id="8211" free="1464992" total="148832256" percent="0">
    <mem type="tenure" free="1464992" total="148832256" percent="0">
      <mem type="soa" free="0" total="147344384" percent="0" />
      <mem type="loa" free="1464992" total="1487872" percent="98" />
    </mem>
  </mem-info>
</gc-start>
<allocation-stats totalBytes="119912896" >
  <allocated-bytes non-tlh="0" tlh="119912896" />
  <largest-consumer threadName="Thread-32" threadId="0000000001EF3F00" bytes="14840568" />
</allocation-stats>
<gc-op id="8212" type="mark" timems="11.213" contextid="8209" timestamp="2019-08-04T20:03:05.718">
  <trace-info objectcount="732889" scancount="649900" scanbytes="18902456" />
  <finalization candidates="151" enqueued="0" />
  <ownableSynchronizers candidates="23" cleared="0" />
  <references type="soft" candidates="1900" cleared="0" enqueued="0" dynamicThreshold="26" maxThreshold="32" />
  <references type="weak" candidates="6311" cleared="0" enqueued="0" />
  <references type="phantom" candidates="224" cleared="0" enqueued="0" />
  <stringconstants candidates="14591" cleared="0"  />
</gc-op>
<gc-op id="8213" type="sweep" timems="2.613" contextid="8209" timestamp="2019-08-04T20:03:05.720" />
<mem-info id="8214" free="121107152" total="148832256" percent="81">
  <mem type="tenure" free="121107152" total="148832256" percent="81" micro-fragmented="185659" macro-fragmented="308003">
    <mem type="soa" free="119642160" total="147344384" percent="81" />
    <mem type="loa" free="1464992" total="1487872" percent="98" />
  </mem>
</mem-info>
<gc-op id="8215" type="compact" timems="28.952" contextid="8209" timestamp="2019-08-04T20:03:05.749">
  <compact-info movecount="119433" movebytes="7983640" reason="compact to aid heap contraction" />
</gc-op>
<gc-end id="8216" type="global" contextid="8209" durationms="43.144" usertimems="117.731" systemtimems="1.749" timestamp="2019-08-04T20:03:05.750" activeThreads="16">
  <mem-info id="8217" free="121305944" total="148832256" percent="81">
    <mem type="tenure" free="121305944" total="148832256" percent="81">
      <mem type="soa" free="119840952" total="147344384" percent="81" />
      <mem type="loa" free="1464992" total="1487872" percent="98" />
    </mem>
  </mem-info>
</gc-end>
<cycle-end id="8218" type="global" contextid="8209" timestamp="2019-08-04T20:03:05.750">
  <attribute name="GC Util" value="173" />
  <attribute name="CPU Util" value="6719186426781" />
  <attribute name="Time Running"value="133334"/>
  <attribute name="Number of cores"value="16"/>
</cycle-end>
<allocation-satisfied id="8219" threadId="0000000001F24900" bytesRequested="40" />
<af-end id="8220" timestamp="2019-08-04T20:03:05.750" threadId="0000000001F25288" success="true" />
<exclusive-end id="8221" timestamp="2019-08-04T20:03:05.750" durationms="43.545" />

<exclusive-start id="8222" timestamp="2019-08-04T20:03:05.837" intervalms="131.177">
  <response-info timems="0.490" idlems="0.490" threads="0" lastid="0000000001EF7B00" lastname="Thread-35" />
</exclusive-start>
<af-start id="8223" threadId="0000000001EF8488" totalBytesRequested="40" timestamp="2019-08-04T20:03:05.837" intervalms="131.117" />
<cycle-start id="8224" type="global" contextid="0" timestamp="2019-08-04T20:03:05.837" intervalms="131.117" />
  <attribute name="GC Util" value="173" />
  <attribute name="CPU Util" value="6719186426781" />
  <attribute name="Time Running"value="133334"/>
  <attribute name="Number of cores"value="16"/>
<gc-start id="8225" type="global" contextid="8224" timestamp="2019-08-04T20:03:05.838">
  <mem-info id="8226" free="1464992" total="148832256" percent="0">
    <mem type="tenure" free="1464992" total="148832256" percent="0">
      <mem type="soa" free="0" total="147344384" percent="0" />
      <mem type="loa" free="1464992" total="1487872" percent="98" />
    </mem>
  </mem-info>
</gc-start>
<allocation-stats totalBytes="119898056" >
  <allocated-bytes non-tlh="0" tlh="119898056" />
  <largest-consumer threadName="Thread-31" threadId="0000000001ED5F00" bytes="14908360" />
</allocation-stats>
<gc-op id="8227" type="mark" timems="13.987" contextid="8224" timestamp="2019-08-04T20:03:05.852">
  <trace-info objectcount="735809" scancount="652809" scanbytes="18971976" />
  <finalization candidates="151" enqueued="0" />
  <ownableSynchronizers candidates="23" cleared="0" />
  <references type="soft" candidates="1900" cleared="0" enqueued="0" dynamicThreshold="26" maxThreshold="32" />
  <references type="weak" candidates="6311" cleared="0" enqueued="0" />
  <references type="phantom" candidates="224" cleared="0" enqueued="0" />
  <stringconstants candidates="14591" cleared="0"  />
</gc-op>
<gc-op id="8228" type="sweep" timems="1.732" contextid="8224" timestamp="2019-08-04T20:03:05.853" />
<heap-resize id="8229" type="contract" space="tenure" amount="1441792" count="1" timems="0.516" reason="excess free space following gc" timestamp="2019-08-04T20:03:05.854" />
<gc-end id="8230" type="global" contextid="8224" durationms="16.510" usertimems="94.586" systemtimems="12.736" timestamp="2019-08-04T20:03:05.854" activeThreads="16">
  <mem-info id="8231" free="118868904" total="147390464" percent="80">
    <mem type="tenure" free="118868904" total="147390464" percent="80" micro-fragmented="142468" macro-fragmented="116892">
      <mem type="soa" free="118244776" total="145916928" percent="81" />
      <mem type="loa" free="624128" total="1473536" percent="42" />
    </mem>
  </mem-info>
</gc-end>
<cycle-end id="8232" type="global" contextid="8224" timestamp="2019-08-04T20:03:05.854">
  <attribute name="GC Util" value="575" />
  <attribute name="CPU Util" value="1316970328975" />
  <attribute name="Time Running"value="133465"/>
  <attribute name="Number of cores"value="16"/>
</cycle-end>
<allocation-satisfied id="8233" threadId="0000000001EF7B00" bytesRequested="40" />
<af-end id="8234" timestamp="2019-08-04T20:03:05.854" threadId="0000000001EF8488" success="true" />
<exclusive-end id="8235" timestamp="2019-08-04T20:03:05.854" durationms="16.879" />

<exclusive-start id="8236" timestamp="2019-08-04T20:03:05.943" intervalms="105.510">
  <response-info timems="4.148" idlems="1.342" threads="5" lastid="0000000001F2C100" lastname="Thread-26" />
</exclusive-start>
<af-start id="8237" threadId="0000000001ED2D88" totalBytesRequested="24" timestamp="2019-08-04T20:03:05.943" intervalms="105.518" />
<cycle-start id="8238" type="global" contextid="0" timestamp="2019-08-04T20:03:05.943" intervalms="105.516" />
  <attribute name="GC Util" value="575" />
  <attribute name="CPU Util" value="1316970328975" />
  <attribute name="Time Running"value="133465"/>
  <attribute name="Number of cores"value="16"/>
<gc-start id="8239" type="global" contextid="8238" timestamp="2019-08-04T20:03:05.943">
  <mem-info id="8240" free="624128" total="147390464" percent="0">
    <mem type="tenure" free="624128" total="147390464" percent="0">
      <mem type="soa" free="0" total="145916928" percent="0" />
      <mem type="loa" free="624128" total="1473536" percent="42" />
    </mem>
  </mem-info>
</gc-start>
<allocation-stats totalBytes="118231424" >
  <allocated-bytes non-tlh="19056" tlh="118212368" />
  <largest-consumer threadName="Thread-27" threadId="0000000001F0E200" bytes="14869280" />
</allocation-stats>
<gc-op id="8241" type="mark" timems="22.425" contextid="8238" timestamp="2019-08-04T20:03:05.965">
  <trace-info objectcount="731263" scancount="648975" scanbytes="18870312" />
  <finalization candidates="151" enqueued="0" />
  <ownableSynchronizers candidates="23" cleared="0" />
  <references type="soft" candidates="1900" cleared="30" enqueued="27" dynamicThreshold="25" maxThreshold="32" />
  <references type="weak" candidates="6311" cleared="0" enqueued="0" />
  <references type="phantom" candidates="224" cleared="0" enqueued="0" />
  <stringconstants candidates="14591" cleared="0"  />
</gc-op>
<gc-op id="8242" type="sweep" timems="2.290" contextid="8238" timestamp="2019-08-04T20:03:05.968" />
<mem-info id="8243" free="119247976" total="147390464" percent="80">
  <mem type="tenure" free="119247976" total="147390464" percent="80" micro-fragmented="208968" macro-fragmented="54346">
    <mem type="soa" free="118176128" total="145916928" percent="80" />
    <mem type="loa" free="1071848" total="1473536" percent="72" />
  </mem>
  <pending-finalizers system="0" default="0" reference="27" classloader="0" />
</mem-info>
<gc-op id="8244" type="compact" timems="29.092" contextid="8238" timestamp="2019-08-04T20:03:05.997">
  <compact-info movecount="135707" movebytes="9461736" reason="compact to aid heap contraction" />
</gc-op>
<heap-resize id="8245" type="contract" space="tenure" amount="1441792" count="1" timems="0.342" reason="excess free space following gc" timestamp="2019-08-04T20:03:05.997" />
<gc-end id="8246" type="global" contextid="8238" durationms="54.453" usertimems="225.906" systemtimems="38.840" timestamp="2019-08-04T20:03:05.997" activeThreads="16">
  <mem-info id="8247" free="118526928" total="145948672" percent="81">
    <mem type="tenure" free="118526928" total="145948672" percent="81">
      <mem type="soa" free="117099472" total="144489472" percent="81" />
      <mem type="loa" free="1427456" total="1459200" percent="97" />
    </mem>
    <pending-finalizers system="0" default="0" reference="27" classloader="0" />
  </mem-info>
</gc-end>
<cycle-end id="8248" type="global" contextid="8238" timestamp="2019-08-04T20:03:05.998">
  <attribute name="GC Util" value="299" />
  <attribute name="CPU Util" value="7770428215361" />
  <attribute name="Time Running"value="133581"/>
  <attribute name="Number of cores"value="16"/>
</cycle-end>
<allocation-satisfied id="8249" threadId="0000000001ED2400" bytesRequested="24" />
<af-end id="8250" timestamp="2019-08-04T20:03:05.998" threadId="0000000001ED2D88" success="true" />
<exclusive-end id="8251" timestamp="2019-08-04T20:03:05.998" durationms="54.841" />

<exclusive-start id="8252" timestamp="2019-08-04T20:03:06.078" intervalms="135.414">
  <response-info timems="4.324" idlems="2.178" threads="1" lastid="0000000001EE8B00" lastname="Thread-30" />
</exclusive-start>
<af-start id="8253" threadId="0000000001F25288" totalBytesRequested="24" timestamp="2019-08-04T20:03:06.078" intervalms="135.405" />
<cycle-start id="8254" type="global" contextid="0" timestamp="2019-08-04T20:03:06.078" intervalms="135.407" />
  <attribute name="GC Util" value="299" />
  <attribute name="CPU Util" value="7770428215361" />
  <attribute name="Time Running"value="133581"/>
  <attribute name="Number of cores"value="16"/>
<gc-start id="8255" type="global" contextid="8254" timestamp="2019-08-04T20:03:06.078">
  <mem-info id="8256" free="1427456" total="145948672" percent="0">
    <mem type="tenure" free="1427456" total="145948672" percent="0">
      <mem type="soa" free="0" total="144489472" percent="0" />
      <mem type="loa" free="1427456" total="1459200" percent="97" />
    </mem>
  </mem-info>
</gc-start>
<allocation-stats totalBytes="117152128" >
  <allocated-bytes non-tlh="0" tlh="117152128" />
  <largest-consumer threadName="Thread-31" threadId="0000000001ED5F00" bytes="14645904" />
</allocation-stats>
<gc-op id="8257" type="mark" timems="10.150" contextid="8254" timestamp="2019-08-04T20:03:06.089">
  <trace-info objectcount="729740" scancount="647509" scanbytes="18833048" />
  <finalization candidates="151" enqueued="0" />
  <ownableSynchronizers candidates="23" cleared="0" />
  <references type="soft" candidates="1870" cleared="0" enqueued="0" dynamicThreshold="25" maxThreshold="32" />
  <references type="weak" candidates="6311" cleared="0" enqueued="0" />
  <references type="phantom" candidates="224" cleared="0" enqueued="0" />
  <stringconstants candidates="14591" cleared="0"  />
</gc-op>
<gc-op id="8258" type="sweep" timems="5.063" contextid="8254" timestamp="2019-08-04T20:03:06.094" />
<heap-resize id="8259" type="contract" space="tenure" amount="1441792" count="1" timems="0.630" reason="excess free space following gc" timestamp="2019-08-04T20:03:06.095" />
<gc-end id="8260" type="global" contextid="8254" durationms="16.121" usertimems="91.875" systemtimems="0.000" timestamp="2019-08-04T20:03:06.095" activeThreads="16">
  <mem-info id="8261" free="115518752" total="144506880" percent="79">
    <mem type="tenure" free="115518752" total="144506880" percent="79" micro-fragmented="173282" macro-fragmented="269932">
      <mem type="soa" free="115518752" total="143062016" percent="80" />
      <mem type="loa" free="0" total="1444864" percent="0" />
    </mem>
  </mem-info>
</gc-end>
<cycle-end id="8262" type="global" contextid="8254" timestamp="2019-08-04T20:03:06.095">
  <attribute name="GC Util" value="624" />
  <attribute name="CPU Util" value="1812924628795" />
  <attribute name="Time Running"value="133702"/>
  <attribute name="Number of cores"value="16"/>
</cycle-end>
<allocation-satisfied id="8263" threadId="0000000001F24900" bytesRequested="24" />
<af-end id="8264" timestamp="2019-08-04T20:03:06.095" threadId="0000000001F25288" success="true" />
<exclusive-end id="8265" timestamp="2019-08-04T20:03:06.095" durationms="16.551" />

<exclusive-start id="8266" timestamp="2019-08-04T20:03:06.235" intervalms="156.351">
  <response-info timems="0.343" idlems="0.189" threads="1" lastid="0000000001EEC700" lastname="Thread-22" />
</exclusive-start>
<af-start id="8267" threadId="0000000001ED6888" totalBytesRequested="40" timestamp="2019-08-04T20:03:06.235" intervalms="156.372" />
<cycle-start id="8268" type="global" contextid="0" timestamp="2019-08-04T20:03:06.235" intervalms="156.386" />
  <attribute name="GC Util" value="624" />
  <attribute name="CPU Util" value="1812924628795" />
  <attribute name="Time Running"value="133702"/>
  <attribute name="Number of cores"value="16"/>
<gc-start id="8269" type="global" contextid="8268" timestamp="2019-08-04T20:03:06.235">
  <mem-info id="8270" free="0" total="144506880" percent="0">
    <mem type="tenure" free="0" total="144506880" percent="0">
      <mem type="soa" free="0" total="143062016" percent="0" />
      <mem type="loa" free="0" total="1444864" percent="0" />
    </mem>
  </mem-info>
</gc-start>
<allocation-stats totalBytes="115512288" >
  <allocated-bytes non-tlh="19056" tlh="115493232" />
  <largest-consumer threadName="Thread-31" threadId="0000000001ED5F00" bytes="17377592" />
</allocation-stats>
<gc-op id="8271" type="mark" timems="10.990" contextid="8268" timestamp="2019-08-04T20:03:06.246">
  <trace-info objectcount="726431" scancount="644981" scanbytes="18764032" />
  <finalization candidates="151" enqueued="0" />
  <ownableSynchronizers candidates="23" cleared="0" />
  <references type="soft" candidates="1870" cleared="15" enqueued="12" dynamicThreshold="25" maxThreshold="32" />
  <references type="weak" candidates="6311" cleared="0" enqueued="0" />
  <references type="phantom" candidates="224" cleared="0" enqueued="0" />
  <stringconstants candidates="14591" cleared="0"  />
</gc-op>
<gc-op id="8272" type="sweep" timems="2.827" contextid="8268" timestamp="2019-08-04T20:03:06.249" />
<mem-info id="8273" free="115883392" total="144506880" percent="80">
  <mem type="tenure" free="115883392" total="144506880" percent="80" micro-fragmented="351577" macro-fragmented="21304">
    <mem type="soa" free="115412400" total="143062016" percent="80" />
    <mem type="loa" free="470992" total="1444864" percent="32" />
  </mem>
  <pending-finalizers system="0" default="0" reference="12" classloader="0" />
</mem-info>
<gc-op id="8274" type="compact" timems="25.879" contextid="8268" timestamp="2019-08-04T20:03:06.275">
  <compact-info movecount="129560" movebytes="9130592" reason="compact to aid heap contraction" />
</gc-op>
<heap-resize id="8275" type="contract" space="tenure" amount="1441792" count="1" timems="0.095" reason="excess free space following gc" timestamp="2019-08-04T20:03:06.275" />
<gc-end id="8276" type="global" contextid="8268" durationms="40.140" usertimems="143.303" systemtimems="0.000" timestamp="2019-08-04T20:03:06.275" activeThreads="16">
  <mem-info id="8277" free="115847800" total="143065088" percent="80">
    <mem type="tenure" free="115847800" total="143065088" percent="80">
      <mem type="soa" free="114420344" total="141634560" percent="80" />
      <mem type="loa" free="1427456" total="1430528" percent="99" />
    </mem>
    <pending-finalizers system="0" default="0" reference="12" classloader="0" />
  </mem-info>
</gc-end>
<cycle-end id="8278" type="global" contextid="8268" timestamp="2019-08-04T20:03:06.275">
  <attribute name="GC Util" value="267" />
  <attribute name="CPU Util" value="6357627947549" />
  <attribute name="Time Running"value="133862"/>
  <attribute name="Number of cores"value="16"/>
</cycle-end>
<allocation-satisfied id="8279" threadId="0000000001ED5F00" bytesRequested="40" />
<af-end id="8280" timestamp="2019-08-04T20:03:06.275" threadId="0000000001ED6888" success="true" />
<exclusive-end id="8281" timestamp="2019-08-04T20:03:06.275" durationms="40.552" />

<exclusive-start id="8282" timestamp="2019-08-04T20:03:06.394" intervalms="159.504">
  <response-info timems="4.000" idlems="4.000" threads="0" lastid="0000000001F2C100" lastname="Thread-26" />
</exclusive-start>
<af-start id="8283" threadId="0000000001F2CA88" totalBytesRequested="24" timestamp="2019-08-04T20:03:06.394" intervalms="159.534" />
<cycle-start id="8284" type="global" contextid="0" timestamp="2019-08-04T20:03:06.394" intervalms="159.525" />
  <attribute name="GC Util" value="267" />
  <attribute name="CPU Util" value="6357627947549" />
  <attribute name="Time Running"value="133862"/>
  <attribute name="Number of cores"value="16"/>
<gc-start id="8285" type="global" contextid="8284" timestamp="2019-08-04T20:03:06.394">
  <mem-info id="8286" free="1427456" total="143065088" percent="0">
    <mem type="tenure" free="1427456" total="143065088" percent="0">
      <mem type="soa" free="0" total="141634560" percent="0" />
      <mem type="loa" free="1427456" total="1430528" percent="99" />
    </mem>
  </mem-info>
</gc-start>
<allocation-stats totalBytes="114469872" >
  <allocated-bytes non-tlh="0" tlh="114469872" />
  <largest-consumer threadName="Thread-32" threadId="0000000001EF3F00" bytes="14514096" />
</allocation-stats>
<gc-op id="8287" type="mark" timems="9.131" contextid="8284" timestamp="2019-08-04T20:03:06.404">
  <trace-info objectcount="727650" scancount="646198" scanbytes="18793808" />
  <finalization candidates="151" enqueued="0" />
  <ownableSynchronizers candidates="23" cleared="0" />
  <references type="soft" candidates="1855" cleared="0" enqueued="0" dynamicThreshold="25" maxThreshold="32" />
  <references type="weak" candidates="6311" cleared="0" enqueued="0" />
  <references type="phantom" candidates="224" cleared="0" enqueued="0" />
  <stringconstants candidates="14591" cleared="0"  />
</gc-op>
<gc-op id="8288" type="sweep" timems="2.020" contextid="8284" timestamp="2019-08-04T20:03:06.406" />
<heap-resize id="8289" type="contract" space="tenure" amount="1376256" count="1" timems="0.489" reason="excess free space following gc" timestamp="2019-08-04T20:03:06.406" />
<gc-end id="8290" type="global" contextid="8284" durationms="11.810" usertimems="59.645" systemtimems="6.419" timestamp="2019-08-04T20:03:06.406" activeThreads="16">
  <mem-info id="8291" free="112949168" total="141688832" percent="79">
    <mem type="tenure" free="112949168" total="141688832" percent="79" micro-fragmented="192123" macro-fragmented="0">
      <mem type="soa" free="112605600" total="140272640" percent="80" />
      <mem type="loa" free="343568" total="1416192" percent="24" />
    </mem>
  </mem-info>
</gc-end>
<cycle-end id="8292" type="global" contextid="8284" timestamp="2019-08-04T20:03:06.406">
  <attribute name="GC Util" value="527" />
  <attribute name="CPU Util" value="2018215742975" />
  <attribute name="Time Running"value="134017"/>
  <attribute name="Number of cores"value="16"/>
</cycle-end>
<allocation-satisfied id="8293" threadId="0000000001F2C100" bytesRequested="24" />
<af-end id="8294" timestamp="2019-08-04T20:03:06.406" threadId="0000000001F2CA88" success="true" />
<exclusive-end id="8295" timestamp="2019-08-04T20:03:06.406" durationms="12.303" />

<exclusive-start id="8296" timestamp="2019-08-04T20:03:06.487" intervalms="93.100">
  <response-info timems="0.261" idlems="0.145" threads="1" lastid="0000000001F11E00" lastname="Thread-29" />
</exclusive-start>
<af-start id="8297" threadId="0000000001F2CA88" totalBytesRequested="40" timestamp="2019-08-04T20:03:06.487" intervalms="93.053" />
<cycle-start id="8298" type="global" contextid="0" timestamp="2019-08-04T20:03:06.487" intervalms="93.060" />
  <attribute name="GC Util" value="527" />
  <attribute name="CPU Util" value="2018215742975" />
  <attribute name="Time Running"value="134017"/>
  <attribute name="Number of cores"value="16"/>
<gc-start id="8299" type="global" contextid="8298" timestamp="2019-08-04T20:03:06.487">
  <mem-info id="8300" free="343568" total="141688832" percent="0">
    <mem type="tenure" free="343568" total="141688832" percent="0">
      <mem type="soa" free="0" total="140272640" percent="0" />
      <mem type="loa" free="343568" total="1416192" percent="24" />
    </mem>
  </mem-info>
</gc-start>
<allocation-stats totalBytes="112628080" >
  <allocated-bytes non-tlh="19056" tlh="112609024" />
  <largest-consumer threadName="Thread-26" threadId="0000000001F2C100" bytes="19633496" />
</allocation-stats>
<gc-op id="8301" type="mark" timems="10.727" contextid="8298" timestamp="2019-08-04T20:03:06.498">
  <trace-info objectcount="724997" scancount="643589" scanbytes="18729568" />
  <finalization candidates="151" enqueued="0" />
  <ownableSynchronizers candidates="23" cleared="0" />
  <references type="soft" candidates="1855" cleared="0" enqueued="0" dynamicThreshold="25" maxThreshold="32" />
  <references type="weak" candidates="6311" cleared="0" enqueued="0" />
  <references type="phantom" candidates="224" cleared="0" enqueued="0" />
  <stringconstants candidates="14591" cleared="0"  />
</gc-op>
<gc-op id="8302" type="sweep" timems="1.878" contextid="8298" timestamp="2019-08-04T20:03:06.500" />
<mem-info id="8303" free="113190080" total="141688832" percent="79">
  <mem type="tenure" free="113190080" total="141688832" percent="79" micro-fragmented="330701" macro-fragmented="0">
    <mem type="soa" free="112648320" total="140272640" percent="80" />
    <mem type="loa" free="541760" total="1416192" percent="38" />
  </mem>
</mem-info>
<gc-op id="8304" type="compact" timems="28.874" contextid="8298" timestamp="2019-08-04T20:03:06.529">
  <compact-info movecount="123218" movebytes="8861864" reason="compact to aid heap contraction" />
</gc-op>
<heap-resize id="8305" type="contract" space="tenure" amount="1376256" count="1" timems="0.180" reason="excess free space following gc" timestamp="2019-08-04T20:03:06.529" />
<gc-end id="8306" type="global" contextid="8298" durationms="41.869" usertimems="153.147" systemtimems="3.652" timestamp="2019-08-04T20:03:06.529" activeThreads="16">
  <mem-info id="8307" free="113092888" total="140312576" percent="80">
    <mem type="tenure" free="113092888" total="140312576" percent="80">
      <mem type="soa" free="111729944" total="138909696" percent="80" />
      <mem type="loa" free="1362944" total="1402880" percent="97" />
    </mem>
  </mem-info>
</gc-end>
<cycle-end id="8308" type="global" contextid="8298" timestamp="2019-08-04T20:03:06.529">
  <attribute name="GC Util" value="242" />
  <attribute name="CPU Util" value="9752986484981" />
  <attribute name="Time Running"value="134113"/>
  <attribute name="Number of cores"value="16"/>
</cycle-end>
<allocation-satisfied id="8309" threadId="0000000001F2C100" bytesRequested="40" />
<af-end id="8310" timestamp="2019-08-04T20:03:06.529" threadId="0000000001F2CA88" success="true" />
<exclusive-end id="8311" timestamp="2019-08-04T20:03:06.529" durationms="42.232" />

<exclusive-start id="8312" timestamp="2019-08-04T20:03:06.574" intervalms="86.600">
  <response-info timems="0.175" idlems="0.175" threads="0" lastid="0000000001EF3F00" lastname="Thread-32" />
</exclusive-start>
<af-start id="8313" threadId="0000000001EF4888" totalBytesRequested="24" timestamp="2019-08-04T20:03:06.574" intervalms="86.595" />
<cycle-start id="8314" type="global" contextid="0" timestamp="2019-08-04T20:03:06.574" intervalms="86.582" />
  <attribute name="GC Util" value="242" />
  <attribute name="CPU Util" value="9752986484981" />
  <attribute name="Time Running"value="134113"/>
  <attribute name="Number of cores"value="16"/>
<gc-start id="8315" type="global" contextid="8314" timestamp="2019-08-04T20:03:06.574">
  <mem-info id="8316" free="1362944" total="140312576" percent="0">
    <mem type="tenure" free="1362944" total="140312576" percent="0">
      <mem type="soa" free="0" total="138909696" percent="0" />
      <mem type="loa" free="1362944" total="1402880" percent="97" />
    </mem>
  </mem-info>
</gc-start>
<allocation-stats totalBytes="111780080" >
  <allocated-bytes non-tlh="0" tlh="111780080" />
  <largest-consumer threadName="Thread-26" threadId="0000000001F2C100" bytes="22335976" />
</allocation-stats>
<gc-op id="8317" type="mark" timems="11.465" contextid="8314" timestamp="2019-08-04T20:03:06.585">
  <trace-info objectcount="720191" scancount="638743" scanbytes="18613488" />
  <finalization candidates="151" enqueued="0" />
  <ownableSynchronizers candidates="23" cleared="0" />
  <references type="soft" candidates="1855" cleared="0" enqueued="0" dynamicThreshold="25" maxThreshold="32" />
  <references type="weak" candidates="6311" cleared="0" enqueued="0" />
  <references type="phantom" candidates="224" cleared="0" enqueued="0" />
  <stringconstants candidates="14591" cleared="0"  />
</gc-op>
<gc-op id="8318" type="sweep" timems="3.957" contextid="8314" timestamp="2019-08-04T20:03:06.589" />
<heap-resize id="8319" type="contract" space="tenure" amount="1376256" count="1" timems="0.510" reason="excess free space following gc" timestamp="2019-08-04T20:03:06.590" />
<gc-end id="8320" type="global" contextid="8314" durationms="16.086" usertimems="79.337" systemtimems="0.000" timestamp="2019-08-04T20:03:06.590" activeThreads="16">
  <mem-info id="8321" free="110152656" total="138936320" percent="79">
    <mem type="tenure" free="110152656" total="138936320" percent="79" micro-fragmented="280081" macro-fragmented="0">
      <mem type="soa" free="110152656" total="137547776" percent="80" />
      <mem type="loa" free="0" total="1388544" percent="0" />
    </mem>
  </mem-info>
</gc-end>
<cycle-end id="8322" type="global" contextid="8314" timestamp="2019-08-04T20:03:06.590">
  <attribute name="GC Util" value="533" />
  <attribute name="CPU Util" value="1608837428622" />
  <attribute name="Time Running"value="134199"/>
  <attribute name="Number of cores"value="16"/>
</cycle-end>
<allocation-satisfied id="8323" threadId="0000000001EF3F00" bytesRequested="24" />
<af-end id="8324" timestamp="2019-08-04T20:03:06.590" threadId="0000000001EF4888" success="true" />
<exclusive-end id="8325" timestamp="2019-08-04T20:03:06.590" durationms="16.393" />

<exclusive-start id="8326" timestamp="2019-08-04T20:03:06.640" intervalms="66.385">
  <response-info timems="2.087" idlems="2.085" threads="1" lastid="0000000001EFF200" lastname="Thread-33" />
</exclusive-start>
<af-start id="8327" threadId="0000000001F12788" totalBytesRequested="24" timestamp="2019-08-04T20:03:06.640" intervalms="66.385" />
<cycle-start id="8328" type="global" contextid="0" timestamp="2019-08-04T20:03:06.640" intervalms="66.386" />
  <attribute name="GC Util" value="533" />
  <attribute name="CPU Util" value="1608837428622" />
  <attribute name="Time Running"value="134199"/>
  <attribute name="Number of cores"value="16"/>
<gc-start id="8329" type="global" contextid="8328" timestamp="2019-08-04T20:03:06.640">
  <mem-info id="8330" free="0" total="138936320" percent="0">
    <mem type="tenure" free="0" total="138936320" percent="0">
      <mem type="soa" free="0" total="137547776" percent="0" />
      <mem type="loa" free="0" total="1388544" percent="0" />
    </mem>
  </mem-info>
</gc-start>
<allocation-stats totalBytes="110158704" >
  <allocated-bytes non-tlh="0" tlh="110158704" />
  <largest-consumer threadName="Thread-28" threadId="0000000001ECE800" bytes="17141000" />
</allocation-stats>
<gc-op id="8331" type="mark" timems="10.413" contextid="8328" timestamp="2019-08-04T20:03:06.651">
  <trace-info objectcount="726378" scancount="644915" scanbytes="18761656" />
  <finalization candidates="151" enqueued="0" />
  <ownableSynchronizers candidates="23" cleared="0" />
  <references type="soft" candidates="1855" cleared="0" enqueued="0" dynamicThreshold="25" maxThreshold="32" />
  <references type="weak" candidates="6311" cleared="0" enqueued="0" />
  <references type="phantom" candidates="224" cleared="0" enqueued="0" />
  <stringconstants candidates="14591" cleared="0"  />
</gc-op>
<gc-op id="8332" type="sweep" timems="1.796" contextid="8328" timestamp="2019-08-04T20:03:06.653" />
<mem-info id="8333" free="110142928" total="138936320" percent="79">
  <mem type="tenure" free="110142928" total="138936320" percent="79" micro-fragmented="335405" macro-fragmented="0">
    <mem type="soa" free="109850640" total="137547776" percent="79" />
    <mem type="loa" free="292288" total="1388544" percent="21" />
  </mem>
</mem-info>
<gc-op id="8334" type="compact" timems="28.907" contextid="8328" timestamp="2019-08-04T20:03:06.682">
  <compact-info movecount="116574" movebytes="7245776" reason="compact to aid heap contraction" />
</gc-op>
<heap-resize id="8335" type="contract" space="tenure" amount="1376256" count="1" timems="0.055" reason="excess free space following gc" timestamp="2019-08-04T20:03:06.682" />
<gc-end id="8336" type="global" contextid="8328" durationms="41.360" usertimems="120.242" systemtimems="0.000" timestamp="2019-08-04T20:03:06.682" activeThreads="16">
  <mem-info id="8337" free="110335936" total="137560064" percent="80">
    <mem type="tenure" free="110335936" total="137560064" percent="80">
      <mem type="soa" free="108972992" total="136184832" percent="80" />
      <mem type="loa" free="1362944" total="1375232" percent="99" />
    </mem>
  </mem-info>
</gc-end>
<cycle-end id="8338" type="global" contextid="8328" timestamp="2019-08-04T20:03:06.682">
  <attribute name="GC Util" value="231" />
  <attribute name="CPU Util" value="10247881507811" />
  <attribute name="Time Running"value="134266"/>
  <attribute name="Number of cores"value="16"/>
</cycle-end>
<allocation-satisfied id="8339" threadId="0000000001F11E00" bytesRequested="24" />
<af-end id="8340" timestamp="2019-08-04T20:03:06.682" threadId="0000000001F12788" success="true" />
<exclusive-end id="8341" timestamp="2019-08-04T20:03:06.682" durationms="41.661" />

<exclusive-start id="8342" timestamp="2019-08-04T20:03:06.744" intervalms="103.351">
  <response-info timems="0.308" idlems="0.117" threads="2" lastid="0000000001F28500" lastname="Thread-34" />
</exclusive-start>
<af-start id="8343" threadId="0000000001F0EB88" totalBytesRequested="40" timestamp="2019-08-04T20:03:06.744" intervalms="103.347" />
<cycle-start id="8344" type="global" contextid="0" timestamp="2019-08-04T20:03:06.744" intervalms="103.348" />
  <attribute name="GC Util" value="231" />
  <attribute name="CPU Util" value="10247881507811" />
  <attribute name="Time Running"value="134266"/>
  <attribute name="Number of cores"value="16"/>
<gc-start id="8345" type="global" contextid="8344" timestamp="2019-08-04T20:03:06.744">
  <mem-info id="8346" free="1362944" total="137560064" percent="0">
    <mem type="tenure" free="1362944" total="137560064" percent="0">
      <mem type="soa" free="0" total="136184832" percent="0" />
      <mem type="loa" free="1362944" total="1375232" percent="99" />
    </mem>
  </mem-info>
</gc-start>
<allocation-stats totalBytes="109027424" >
  <allocated-bytes non-tlh="0" tlh="109027424" />
  <largest-consumer threadName="Thread-31" threadId="0000000001ED5F00" bytes="14251984" />
</allocation-stats>
<gc-op id="8347" type="mark" timems="8.452" contextid="8344" timestamp="2019-08-04T20:03:06.752">
  <trace-info objectcount="722727" scancount="641285" scanbytes="18540828" />
  <finalization candidates="151" enqueued="0" />
  <ownableSynchronizers candidates="23" cleared="0" />
  <references type="soft" candidates="1855" cleared="0" enqueued="0" dynamicThreshold="25" maxThreshold="32" />
  <references type="weak" candidates="6311" cleared="0" enqueued="0" />
  <references type="phantom" candidates="224" cleared="0" enqueued="0" />
  <stringconstants candidates="14591" cleared="0"  />
</gc-op>
<gc-op id="8348" type="sweep" timems="2.202" contextid="8344" timestamp="2019-08-04T20:03:06.754" />
<heap-resize id="8349" type="contract" space="tenure" amount="1310720" count="1" timems="0.356" reason="excess free space following gc" timestamp="2019-08-04T20:03:06.755" />
<gc-end id="8350" type="global" contextid="8344" durationms="11.168" usertimems="60.235" systemtimems="0.000" timestamp="2019-08-04T20:03:06.755" activeThreads="16">
  <mem-info id="8351" free="108724608" total="136249344" percent="79">
    <mem type="tenure" free="108724608" total="136249344" percent="79" micro-fragmented="134543" macro-fragmented="0">
      <mem type="soa" free="107793312" total="134887424" percent="79" />
      <mem type="loa" free="931296" total="1361920" percent="68" />
    </mem>
  </mem-info>
</gc-end>
<cycle-end id="8352" type="global" contextid="8344" timestamp="2019-08-04T20:03:06.755">
  <attribute name="GC Util" value="622" />
  <attribute name="CPU Util" value="2176857963161" />
  <attribute name="Time Running"value="134365"/>
  <attribute name="Number of cores"value="16"/>
</cycle-end>
<allocation-satisfied id="8353" threadId="0000000001F0E200" bytesRequested="40" />
<af-end id="8354" timestamp="2019-08-04T20:03:06.755" threadId="0000000001F0EB88" success="true" />
<exclusive-end id="8355" timestamp="2019-08-04T20:03:06.755" durationms="11.495" />

<exclusive-start id="8356" timestamp="2019-08-04T20:03:06.986" intervalms="242.853">
  <response-info timems="22.909" idlems="22.909" threads="0" lastid="0000000001F2C100" lastname="Thread-26" />
</exclusive-start>
<af-start id="8357" threadId="0000000001F2CA88" totalBytesRequested="40" timestamp="2019-08-04T20:03:06.989" intervalms="245.376" />
<cycle-start id="8358" type="global" contextid="0" timestamp="2019-08-04T20:03:06.989" intervalms="245.389" />
  <attribute name="GC Util" value="622" />
  <attribute name="CPU Util" value="2176857963161" />
  <attribute name="Time Running"value="134365"/>
  <attribute name="Number of cores"value="16"/>
<gc-start id="8359" type="global" contextid="8358" timestamp="2019-08-04T20:03:06.989">
  <mem-info id="8360" free="931296" total="136249344" percent="0">
    <mem type="tenure" free="931296" total="136249344" percent="0">
      <mem type="soa" free="0" total="134887424" percent="0" />
      <mem type="loa" free="931296" total="1361920" percent="68" />
    </mem>
  </mem-info>
</gc-start>
<allocation-stats totalBytes="107773344" >
  <allocated-bytes non-tlh="0" tlh="107773344" />
  <largest-consumer threadName="Thread-32" threadId="0000000001EF3F00" bytes="10820072" />
</allocation-stats>
<gc-op id="8361" type="mark" timems="36.535" contextid="8358" timestamp="2019-08-04T20:03:07.026">
  <trace-info objectcount="734034" scancount="652545" scanbytes="18945848" />
  <finalization candidates="151" enqueued="0" />
  <ownableSynchronizers candidates="23" cleared="0" />
  <references type="soft" candidates="1855" cleared="0" enqueued="0" dynamicThreshold="25" maxThreshold="32" />
  <references type="weak" candidates="6311" cleared="0" enqueued="0" />
  <references type="phantom" candidates="224" cleared="0" enqueued="0" />
  <stringconstants candidates="14591" cleared="0"  />
</gc-op>
<gc-op id="8362" type="sweep" timems="4.022" contextid="8358" timestamp="2019-08-04T20:03:07.030" />
<mem-info id="8363" free="108345344" total="136249344" percent="79">
  <mem type="tenure" free="108345344" total="136249344" percent="79" micro-fragmented="206973" macro-fragmented="0">
    <mem type="soa" free="107106912" total="134887424" percent="79" />
    <mem type="loa" free="1238432" total="1361920" percent="90" />
  </mem>
</mem-info>
<gc-op id="8364" type="compact" timems="29.912" contextid="8358" timestamp="2019-08-04T20:03:07.060">
  <compact-info movecount="84289" movebytes="4567056" reason="compact to aid heap contraction" />
</gc-op>
<heap-resize id="8365" type="contract" space="tenure" amount="1310720" count="1" timems="0.073" reason="excess free space following gc" timestamp="2019-08-04T20:03:07.060" />
<gc-end id="8366" type="global" contextid="8358" durationms="70.750" usertimems="161.085" systemtimems="56.289" timestamp="2019-08-04T20:03:07.060" activeThreads="16">
  <mem-info id="8367" free="107491392" total="134938624" percent="79">
    <mem type="tenure" free="107491392" total="134938624" percent="79">
      <mem type="soa" free="106193984" total="133590016" percent="79" />
      <mem type="loa" free="1297408" total="1348608" percent="96" />
    </mem>
  </mem-info>
</gc-end>
<cycle-end id="8368" type="global" contextid="8358" timestamp="2019-08-04T20:03:07.060">
  <attribute name="GC Util" value="257" />
  <attribute name="CPU Util" value="4550783027268" />
  <attribute name="Time Running"value="134643"/>
  <attribute name="Number of cores"value="16"/>
</cycle-end>
<allocation-satisfied id="8369" threadId="0000000001F2C100" bytesRequested="40" />
<af-end id="8370" timestamp="2019-08-04T20:03:07.060" threadId="0000000001F2CA88" success="true" />
<exclusive-end id="8371" timestamp="2019-08-04T20:03:07.060" durationms="73.603" />

<exclusive-start id="8372" timestamp="2019-08-04T20:03:07.319" intervalms="332.450">
  <response-info timems="5.705" idlems="5.705" threads="0" lastid="0000000001F2C100" lastname="Thread-26" />
</exclusive-start>
<af-start id="8373" threadId="0000000001F2CA88" totalBytesRequested="40" timestamp="2019-08-04T20:03:07.319" intervalms="329.935" />
<cycle-start id="8374" type="global" contextid="0" timestamp="2019-08-04T20:03:07.319" intervalms="329.926" />
  <attribute name="GC Util" value="257" />
  <attribute name="CPU Util" value="4550783027268" />
  <attribute name="Time Running"value="134643"/>
  <attribute name="Number of cores"value="16"/>
<gc-start id="8375" type="global" contextid="8374" timestamp="2019-08-04T20:03:07.319">
  <mem-info id="8376" free="1297408" total="134938624" percent="0">
    <mem type="tenure" free="1297408" total="134938624" percent="0">
      <mem type="soa" free="0" total="133590016" percent="0" />
      <mem type="loa" free="1297408" total="1348608" percent="96" />
    </mem>
  </mem-info>
</gc-start>
<allocation-stats totalBytes="106253568" >
  <allocated-bytes non-tlh="0" tlh="106253568" />
  <largest-consumer threadName="Thread-34" threadId="0000000001F28500" bytes="10455352" />
</allocation-stats>
<gc-op id="8377" type="mark" timems="14.874" contextid="8374" timestamp="2019-08-04T20:03:07.334">
  <trace-info objectcount="736606" scancount="655164" scanbytes="19007336" />
  <finalization candidates="151" enqueued="0" />
  <ownableSynchronizers candidates="23" cleared="0" />
  <references type="soft" candidates="1855" cleared="0" enqueued="0" dynamicThreshold="25" maxThreshold="32" />
  <references type="weak" candidates="6311" cleared="0" enqueued="0" />
  <references type="phantom" candidates="224" cleared="0" enqueued="0" />
  <stringconstants candidates="14591" cleared="0"  />
</gc-op>
<gc-op id="8378" type="sweep" timems="2.298" contextid="8374" timestamp="2019-08-04T20:03:07.336" />
<heap-resize id="8379" type="contract" space="tenure" amount="1310720" count="1" timems="0.519" reason="excess free space following gc" timestamp="2019-08-04T20:03:07.337" />
<gc-end id="8380" type="global" contextid="8374" durationms="17.858" usertimems="96.674" systemtimems="11.587" timestamp="2019-08-04T20:03:07.337" activeThreads="16">
  <mem-info id="8381" free="104944368" total="133627904" percent="78">
    <mem type="tenure" free="104944368" total="133627904" percent="78" micro-fragmented="195016" macro-fragmented="0">
      <mem type="soa" free="104626096" total="132292608" percent="79" />
      <mem type="loa" free="318272" total="1335296" percent="23" />
    </mem>
  </mem-info>
</gc-end>
<cycle-end id="8382" type="global" contextid="8374" timestamp="2019-08-04T20:03:07.337">
  <attribute name="GC Util" value="588" />
  <attribute name="CPU Util" value="1237070086105" />
  <attribute name="Time Running"value="134947"/>
  <attribute name="Number of cores"value="16"/>
</cycle-end>
<allocation-satisfied id="8383" threadId="0000000001F2C100" bytesRequested="40" />
<af-end id="8384" timestamp="2019-08-04T20:03:07.337" threadId="0000000001F2CA88" success="true" />
<exclusive-end id="8385" timestamp="2019-08-04T20:03:07.337" durationms="18.154" />

<exclusive-start id="8386" timestamp="2019-08-04T20:03:07.629" intervalms="310.508">
  <response-info timems="0.629" idlems="0.151" threads="5" lastid="0000000001EF7B00" lastname="Thread-35" />
</exclusive-start>
<af-start id="8387" threadId="0000000001ECF188" totalBytesRequested="40" timestamp="2019-08-04T20:03:07.629" intervalms="310.501" />
<cycle-start id="8388" type="global" contextid="0" timestamp="2019-08-04T20:03:07.629" intervalms="310.494" />
  <attribute name="GC Util" value="588" />
  <attribute name="CPU Util" value="1237070086105" />
  <attribute name="Time Running"value="134947"/>
  <attribute name="Number of cores"value="16"/>
<gc-start id="8389" type="global" contextid="8388" timestamp="2019-08-04T20:03:07.630">
  <mem-info id="8390" free="318272" total="133627904" percent="0">
    <mem type="tenure" free="318272" total="133627904" percent="0">
      <mem type="soa" free="0" total="132292608" percent="0" />
      <mem type="loa" free="318272" total="1335296" percent="23" />
    </mem>
  </mem-info>
</gc-start>
<allocation-stats totalBytes="104615136" >
  <allocated-bytes non-tlh="0" tlh="104615136" />
  <largest-consumer threadName="Thread-31" threadId="0000000001ED5F00" bytes="10003944" />
</allocation-stats>
<gc-op id="8391" type="mark" timems="11.356" contextid="8388" timestamp="2019-08-04T20:03:07.641">
  <trace-info objectcount="733829" scancount="652359" scanbytes="18940088" />
  <finalization candidates="151" enqueued="0" />
  <ownableSynchronizers candidates="23" cleared="0" />
  <references type="soft" candidates="1855" cleared="0" enqueued="0" dynamicThreshold="25" maxThreshold="32" />
  <references type="weak" candidates="6311" cleared="0" enqueued="0" />
  <references type="phantom" candidates="224" cleared="0" enqueued="0" />
  <stringconstants candidates="14591" cleared="0"  />
</gc-op>
<gc-op id="8392" type="sweep" timems="2.367" contextid="8388" timestamp="2019-08-04T20:03:07.643" />
<mem-info id="8393" free="105136352" total="133627904" percent="78">
  <mem type="tenure" free="105136352" total="133627904" percent="78" micro-fragmented="372915" macro-fragmented="0">
    <mem type="soa" free="104415784" total="132292608" percent="78" />
    <mem type="loa" free="720568" total="1335296" percent="53" />
  </mem>
</mem-info>
<gc-op id="8394" type="compact" timems="31.637" contextid="8388" timestamp="2019-08-04T20:03:07.675">
  <compact-info movecount="123342" movebytes="7387776" reason="compact to aid heap contraction" />
</gc-op>
<heap-resize id="8395" type="contract" space="tenure" amount="1310720" count="1" timems="0.076" reason="excess free space following gc" timestamp="2019-08-04T20:03:07.675" />
<gc-end id="8396" type="global" contextid="8388" durationms="45.704" usertimems="139.447" systemtimems="0.000" timestamp="2019-08-04T20:03:07.675" activeThreads="16">
  <mem-info id="8397" free="104902336" total="132317184" percent="79">
    <mem type="tenure" free="104902336" total="132317184" percent="79">
      <mem type="soa" free="103603904" total="130994176" percent="79" />
      <mem type="loa" free="1298432" total="1323008" percent="98" />
    </mem>
  </mem-info>
</gc-end>
<cycle-end id="8398" type="global" contextid="8388" timestamp="2019-08-04T20:03:07.675">
  <attribute name="GC Util" value="329" />
  <attribute name="CPU Util" value="7851176692996" />
  <attribute name="Time Running"value="135256"/>
  <attribute name="Number of cores"value="16"/>
</cycle-end>
<allocation-satisfied id="8399" threadId="0000000001ECE800" bytesRequested="40" />
<af-end id="8400" timestamp="2019-08-04T20:03:07.675" threadId="0000000001ECF188" success="true" />
<exclusive-end id="8401" timestamp="2019-08-04T20:03:07.675" durationms="46.016" />

<exclusive-start id="8402" timestamp="2019-08-04T20:03:07.925" intervalms="295.560">
  <response-info timems="1.658" idlems="1.658" threads="0" lastid="0000000001EFF200" lastname="Thread-33" />
</exclusive-start>
<af-start id="8403" threadId="0000000001EFFB88" totalBytesRequested="40" timestamp="2019-08-04T20:03:07.925" intervalms="295.567" />
<cycle-start id="8404" type="global" contextid="0" timestamp="2019-08-04T20:03:07.925" intervalms="295.577" />
  <attribute name="GC Util" value="329" />
  <attribute name="CPU Util" value="7851176692996" />
  <attribute name="Time Running"value="135256"/>
  <attribute name="Number of cores"value="16"/>
<gc-start id="8405" type="global" contextid="8404" timestamp="2019-08-04T20:03:07.925">
  <mem-info id="8406" free="1298432" total="132317184" percent="0">
    <mem type="tenure" free="1298432" total="132317184" percent="0">
      <mem type="soa" free="0" total="130994176" percent="0" />
      <mem type="loa" free="1298432" total="1323008" percent="98" />
    </mem>
  </mem-info>
</gc-start>
<allocation-stats totalBytes="103662904" >
  <allocated-bytes non-tlh="0" tlh="103662904" />
  <largest-consumer threadName="Thread-35" threadId="0000000001EF7B00" bytes="9010504" />
</allocation-stats>
<gc-op id="8407" type="mark" timems="25.509" contextid="8404" timestamp="2019-08-04T20:03:07.951">
  <trace-info objectcount="731985" scancount="650532" scanbytes="18896792" />
  <finalization candidates="151" enqueued="0" />
  <ownableSynchronizers candidates="23" cleared="0" />
  <references type="soft" candidates="1855" cleared="0" enqueued="0" dynamicThreshold="25" maxThreshold="32" />
  <references type="weak" candidates="6311" cleared="0" enqueued="0" />
  <references type="phantom" candidates="224" cleared="0" enqueued="0" />
  <stringconstants candidates="14591" cleared="0"  />
</gc-op>
<gc-op id="8408" type="sweep" timems="1.656" contextid="8404" timestamp="2019-08-04T20:03:07.953" />
<heap-resize id="8409" type="contract" space="tenure" amount="1310720" count="1" timems="0.481" reason="excess free space following gc" timestamp="2019-08-04T20:03:07.953" />
<gc-end id="8410" type="global" contextid="8404" durationms="27.812" usertimems="189.923" systemtimems="41.842" timestamp="2019-08-04T20:03:07.953" activeThreads="16">
  <mem-info id="8411" free="102199800" total="131006464" percent="78">
    <mem type="tenure" free="102199800" total="131006464" percent="78" micro-fragmented="295131" macro-fragmented="0">
      <mem type="soa" free="102073616" total="129696768" percent="78" />
      <mem type="loa" free="126184" total="1309696" percent="9" />
    </mem>
  </mem-info>
</gc-end>
<cycle-end id="8412" type="global" contextid="8404" timestamp="2019-08-04T20:03:07.953">
  <attribute name="GC Util" value="752" />
  <attribute name="CPU Util" value="722885089999" />
  <attribute name="Time Running"value="135564"/>
  <attribute name="Number of cores"value="16"/>
</cycle-end>
<allocation-satisfied id="8413" threadId="0000000001EFF200" bytesRequested="40" />
<af-end id="8414" timestamp="2019-08-04T20:03:07.953" threadId="0000000001EFFB88" success="true" />
<exclusive-end id="8415" timestamp="2019-08-04T20:03:07.953" durationms="28.424" />

<exclusive-start id="8416" timestamp="2019-08-04T20:03:08.186" intervalms="261.063">
  <response-info timems="3.659" idlems="3.659" threads="0" lastid="0000000001F0E200" lastname="Thread-27" />
</exclusive-start>
<af-start id="8417" threadId="0000000001F0EB88" totalBytesRequested="40" timestamp="2019-08-04T20:03:08.186" intervalms="261.095" />
<cycle-start id="8418" type="global" contextid="0" timestamp="2019-08-04T20:03:08.186" intervalms="261.093" />
  <attribute name="GC Util" value="752" />
  <attribute name="CPU Util" value="722885089999" />
  <attribute name="Time Running"value="135564"/>
  <attribute name="Number of cores"value="16"/>
<gc-start id="8419" type="global" contextid="8418" timestamp="2019-08-04T20:03:08.186">
  <mem-info id="8420" free="126184" total="131006464" percent="0">
    <mem type="tenure" free="126184" total="131006464" percent="0">
      <mem type="soa" free="0" total="129696768" percent="0" />
      <mem type="loa" free="126184" total="1309696" percent="9" />
    </mem>
  </mem-info>
</gc-start>
<allocation-stats totalBytes="102077072" >
  <allocated-bytes non-tlh="38112" tlh="102038960" />
  <largest-consumer threadName="Thread-34" threadId="0000000001F28500" bytes="9503928" />
</allocation-stats>
<gc-op id="8421" type="mark" timems="11.597" contextid="8418" timestamp="2019-08-04T20:03:08.198">
  <trace-info objectcount="731021" scancount="649549" scanbytes="18874536" />
  <finalization candidates="151" enqueued="0" />
  <ownableSynchronizers candidates="23" cleared="0" />
  <references type="soft" candidates="1855" cleared="0" enqueued="0" dynamicThreshold="24" maxThreshold="32" />
  <references type="weak" candidates="6311" cleared="0" enqueued="0" />
  <references type="phantom" candidates="224" cleared="0" enqueued="0" />
  <stringconstants candidates="14591" cleared="0"  />
</gc-op>
<gc-op id="8422" type="sweep" timems="2.208" contextid="8418" timestamp="2019-08-04T20:03:08.200" />
<mem-info id="8423" free="102228296" total="131006464" percent="78">
  <mem type="tenure" free="102228296" total="131006464" percent="78" micro-fragmented="378796" macro-fragmented="0">
    <mem type="soa" free="101869520" total="129696768" percent="78" />
    <mem type="loa" free="358776" total="1309696" percent="27" />
  </mem>
</mem-info>
<gc-op id="8424" type="compact" timems="33.174" contextid="8418" timestamp="2019-08-04T20:03:08.233">
  <compact-info movecount="120516" movebytes="7321792" reason="compact to aid heap contraction" />
</gc-op>
<heap-resize id="8425" type="contract" space="tenure" amount="1245184" count="1" timems="0.066" reason="excess free space following gc" timestamp="2019-08-04T20:03:08.234" />
<gc-end id="8426" type="global" contextid="8418" durationms="47.279" usertimems="127.955" systemtimems="5.608" timestamp="2019-08-04T20:03:08.234" activeThreads="16">
  <mem-info id="8427" free="102372048" total="129761280" percent="78">
    <mem type="tenure" free="102372048" total="129761280" percent="78">
      <mem type="soa" free="101139152" total="128463872" percent="78" />
      <mem type="loa" free="1232896" total="1297408" percent="95" />
    </mem>
  </mem-info>
</gc-end>
<cycle-end id="8428" type="global" contextid="8418" timestamp="2019-08-04T20:03:08.234">
  <attribute name="GC Util" value="300" />
  <attribute name="CPU Util" value="8284373545709" />
  <attribute name="Time Running"value="135813"/>
  <attribute name="Number of cores"value="16"/>
</cycle-end>
<allocation-satisfied id="8429" threadId="0000000001F0E200" bytesRequested="40" />
<af-end id="8430" timestamp="2019-08-04T20:03:08.234" threadId="0000000001F0EB88" success="true" />
<exclusive-end id="8431" timestamp="2019-08-04T20:03:08.234" durationms="47.856" />

<exclusive-start id="8432" timestamp="2019-08-04T20:03:08.300" intervalms="113.904">
  <response-info timems="2.303" idlems="2.303" threads="0" lastid="0000000001ED2400" lastname="Thread-25" />
</exclusive-start>
<af-start id="8433" threadId="0000000001ED2D88" totalBytesRequested="40" timestamp="2019-08-04T20:03:08.300" intervalms="113.885" />
<cycle-start id="8434" type="global" contextid="0" timestamp="2019-08-04T20:03:08.300" intervalms="113.893" />
  <attribute name="GC Util" value="300" />
  <attribute name="CPU Util" value="8284373545709" />
  <attribute name="Time Running"value="135813"/>
  <attribute name="Number of cores"value="16"/>
<gc-start id="8435" type="global" contextid="8434" timestamp="2019-08-04T20:03:08.300">
  <mem-info id="8436" free="1232896" total="129761280" percent="0">
    <mem type="tenure" free="1232896" total="129761280" percent="0">
      <mem type="soa" free="0" total="128463872" percent="0" />
      <mem type="loa" free="1232896" total="1297408" percent="95" />
    </mem>
  </mem-info>
</gc-start>
<allocation-stats totalBytes="101187392" >
  <allocated-bytes non-tlh="0" tlh="101187392" />
  <largest-consumer threadName="Thread-28" threadId="0000000001ECE800" bytes="9664696" />
</allocation-stats>
<gc-op id="8437" type="mark" timems="27.752" contextid="8434" timestamp="2019-08-04T20:03:08.328">
  <trace-info objectcount="726010" scancount="644571" scanbytes="18753544" />
  <finalization candidates="151" enqueued="0" />
  <ownableSynchronizers candidates="23" cleared="0" />
  <references type="soft" candidates="1855" cleared="0" enqueued="0" dynamicThreshold="25" maxThreshold="32" />
  <references type="weak" candidates="6311" cleared="0" enqueued="0" />
  <references type="phantom" candidates="224" cleared="0" enqueued="0" />
  <stringconstants candidates="14591" cleared="0"  />
</gc-op>
<gc-op id="8438" type="sweep" timems="4.195" contextid="8434" timestamp="2019-08-04T20:03:08.332" />
<heap-resize id="8439" type="contract" space="tenure" amount="1245184" count="1" timems="0.495" reason="excess free space following gc" timestamp="2019-08-04T20:03:08.333" />
<gc-end id="8440" type="global" contextid="8434" durationms="32.650" usertimems="179.284" systemtimems="57.183" timestamp="2019-08-04T20:03:08.333" activeThreads="16">
  <mem-info id="8441" free="99775680" total="128516096" percent="77">
    <mem type="tenure" free="99775680" total="128516096" percent="77" micro-fragmented="265144" macro-fragmented="0">
      <mem type="soa" free="99775680" total="127230976" percent="78" />
      <mem type="loa" free="0" total="1285120" percent="0" />
    </mem>
  </mem-info>
</gc-end>
<cycle-end id="8442" type="global" contextid="8434" timestamp="2019-08-04T20:03:08.333">
  <attribute name="GC Util" value="808" />
  <attribute name="CPU Util" value="666843462680" />
  <attribute name="Time Running"value="135941"/>
  <attribute name="Number of cores"value="16"/>
</cycle-end>
<allocation-satisfied id="8443" threadId="0000000001ED2400" bytesRequested="40" />
<af-end id="8444" timestamp="2019-08-04T20:03:08.333" threadId="0000000001ED2D88" success="true" />
<exclusive-end id="8445" timestamp="2019-08-04T20:03:08.333" durationms="32.954" />

<exclusive-start id="8446" timestamp="2019-08-04T20:03:08.422" intervalms="121.639">
  <response-info timems="5.693" idlems="5.693" threads="0" lastid="0000000001EF3F00" lastname="Thread-32" />
</exclusive-start>
<af-start id="8447" threadId="0000000001EF4888" totalBytesRequested="40" timestamp="2019-08-04T20:03:08.422" intervalms="121.639" />
<cycle-start id="8448" type="global" contextid="0" timestamp="2019-08-04T20:03:08.422" intervalms="121.630" />
  <attribute name="GC Util" value="808" />
  <attribute name="CPU Util" value="666843462680" />
  <attribute name="Time Running"value="135941"/>
  <attribute name="Number of cores"value="16"/>
<gc-start id="8449" type="global" contextid="8448" timestamp="2019-08-04T20:03:08.422">
  <mem-info id="8450" free="0" total="128516096" percent="0">
    <mem type="tenure" free="0" total="128516096" percent="0">
      <mem type="soa" free="0" total="127230976" percent="0" />
      <mem type="loa" free="0" total="1285120" percent="0" />
    </mem>
  </mem-info>
</gc-start>
<allocation-stats totalBytes="99764008" >
  <allocated-bytes non-tlh="0" tlh="99764008" />
  <largest-consumer threadName="Thread-25" threadId="0000000001ED2400" bytes="10375328" />
</allocation-stats>
<gc-op id="8451" type="mark" timems="12.986" contextid="8448" timestamp="2019-08-04T20:03:08.435">
  <trace-info objectcount="736180" scancount="654721" scanbytes="18996832" />
  <finalization candidates="151" enqueued="0" />
  <ownableSynchronizers candidates="23" cleared="0" />
  <references type="soft" candidates="1855" cleared="0" enqueued="0" dynamicThreshold="24" maxThreshold="32" />
  <references type="weak" candidates="6311" cleared="0" enqueued="0" />
  <references type="phantom" candidates="224" cleared="0" enqueued="0" />
  <stringconstants candidates="14591" cleared="0"  />
</gc-op>
<gc-op id="8452" type="sweep" timems="4.031" contextid="8448" timestamp="2019-08-04T20:03:08.439" />
<mem-info id="8453" free="99664560" total="128516096" percent="77">
  <mem type="tenure" free="99664560" total="128516096" percent="77" micro-fragmented="377378" macro-fragmented="0">
    <mem type="soa" free="99349392" total="127230976" percent="78" />
    <mem type="loa" free="315168" total="1285120" percent="24" />
  </mem>
</mem-info>
<gc-op id="8454" type="compact" timems="31.747" contextid="8448" timestamp="2019-08-04T20:03:08.471">
  <compact-info movecount="125628" movebytes="7442960" reason="compact to aid heap contraction" />
</gc-op>
<heap-resize id="8455" type="contract" space="tenure" amount="1245184" count="1" timems="0.067" reason="excess free space following gc" timestamp="2019-08-04T20:03:08.471" />
<gc-end id="8456" type="global" contextid="8448" durationms="49.059" usertimems="129.711" systemtimems="4.735" timestamp="2019-08-04T20:03:08.471" activeThreads="16">
  <mem-info id="8457" free="99783960" total="127270912" percent="78">
    <mem type="tenure" free="99783960" total="127270912" percent="78">
      <mem type="soa" free="98552088" total="125999104" percent="78" />
      <mem type="loa" free="1231872" total="1271808" percent="96" />
    </mem>
  </mem-info>
</gc-end>
<cycle-end id="8458" type="global" contextid="8448" timestamp="2019-08-04T20:03:08.471">
  <attribute name="GC Util" value="190" />
  <attribute name="CPU Util" value="4534142096650" />
  <attribute name="Time Running"value="136052"/>
  <attribute name="Number of cores"value="16"/>
</cycle-end>
<allocation-satisfied id="8459" threadId="0000000001EF3F00" bytesRequested="40" />
<af-end id="8460" timestamp="2019-08-04T20:03:08.471" threadId="0000000001EF4888" success="true" />
<exclusive-end id="8461" timestamp="2019-08-04T20:03:08.471" durationms="49.351" />

<exclusive-start id="8462" timestamp="2019-08-04T20:03:08.564" intervalms="142.966">
  <response-info timems="3.550" idlems="3.550" threads="0" lastid="0000000001F24900" lastname="Thread-24" />
</exclusive-start>
<af-start id="8463" threadId="0000000001F25288" totalBytesRequested="40" timestamp="2019-08-04T20:03:08.565" intervalms="142.958" />
<cycle-start id="8464" type="global" contextid="0" timestamp="2019-08-04T20:03:08.565" intervalms="142.986" />
  <attribute name="GC Util" value="190" />
  <attribute name="CPU Util" value="4534142096650" />
  <attribute name="Time Running"value="136052"/>
  <attribute name="Number of cores"value="16"/>
<gc-start id="8465" type="global" contextid="8464" timestamp="2019-08-04T20:03:08.565">
  <mem-info id="8466" free="1231872" total="127270912" percent="0">
    <mem type="tenure" free="1231872" total="127270912" percent="0">
      <mem type="soa" free="0" total="125999104" percent="0" />
      <mem type="loa" free="1231872" total="1271808" percent="96" />
    </mem>
  </mem-info>
</gc-start>
<allocation-stats totalBytes="98598864" >
  <allocated-bytes non-tlh="0" tlh="98598864" />
  <largest-consumer threadName="Thread-28" threadId="0000000001ECE800" bytes="9664744" />
</allocation-stats>
<gc-op id="8467" type="mark" timems="12.798" contextid="8464" timestamp="2019-08-04T20:03:08.578">
  <trace-info objectcount="726596" scancount="645145" scanbytes="18767576" />
  <finalization candidates="151" enqueued="0" />
  <ownableSynchronizers candidates="23" cleared="0" />
  <references type="soft" candidates="1855" cleared="0" enqueued="0" dynamicThreshold="25" maxThreshold="32" />
  <references type="weak" candidates="6311" cleared="0" enqueued="0" />
  <references type="phantom" candidates="224" cleared="0" enqueued="0" />
  <stringconstants candidates="14591" cleared="0"  />
</gc-op>
<gc-op id="8468" type="sweep" timems="3.481" contextid="8464" timestamp="2019-08-04T20:03:08.581" />
<heap-resize id="8469" type="contract" space="tenure" amount="1245184" count="1" timems="0.436" reason="excess free space following gc" timestamp="2019-08-04T20:03:08.582" />
<gc-end id="8470" type="global" contextid="8464" durationms="16.917" usertimems="73.460" systemtimems="12.164" timestamp="2019-08-04T20:03:08.582" activeThreads="16">
  <mem-info id="8471" free="97854632" total="126025728" percent="77">
    <mem type="tenure" free="97854632" total="126025728" percent="77" micro-fragmented="252751" macro-fragmented="0">
      <mem type="soa" free="97227024" total="124766208" percent="77" />
      <mem type="loa" free="627608" total="1259520" percent="49" />
    </mem>
  </mem-info>
</gc-end>
<cycle-end id="8472" type="global" contextid="8464" timestamp="2019-08-04T20:03:08.582">
  <attribute name="GC Util" value="553" />
  <attribute name="CPU Util" value="1437241365496" />
  <attribute name="Time Running"value="136191"/>
  <attribute name="Number of cores"value="16"/>
</cycle-end>
<allocation-satisfied id="8473" threadId="0000000001F24900" bytesRequested="40" />
<af-end id="8474" timestamp="2019-08-04T20:03:08.582" threadId="0000000001F25288" success="true" />
<exclusive-end id="8475" timestamp="2019-08-04T20:03:08.582" durationms="17.281" />

<exclusive-start id="8476" timestamp="2019-08-04T20:03:08.665" intervalms="100.728">
  <response-info timems="2.305" idlems="2.305" threads="0" lastid="0000000001F11E00" lastname="Thread-29" />
</exclusive-start>
<af-start id="8477" threadId="0000000001F12788" totalBytesRequested="40" timestamp="2019-08-04T20:03:08.665" intervalms="100.718" />
<cycle-start id="8478" type="global" contextid="0" timestamp="2019-08-04T20:03:08.665" intervalms="100.839" />
  <attribute name="GC Util" value="553" />
  <attribute name="CPU Util" value="1437241365496" />
  <attribute name="Time Running"value="136191"/>
  <attribute name="Number of cores"value="16"/>
<gc-start id="8479" type="global" contextid="8478" timestamp="2019-08-04T20:03:08.666">
  <mem-info id="8480" free="627608" total="126025728" percent="0">
    <mem type="tenure" free="627608" total="126025728" percent="0">
      <mem type="soa" free="0" total="124766208" percent="0" />
      <mem type="loa" free="627608" total="1259520" percent="49" />
    </mem>
  </mem-info>
</gc-start>
<allocation-stats totalBytes="97251728" >
  <allocated-bytes non-tlh="38112" tlh="97213616" />
  <largest-consumer threadName="Thread-35" threadId="0000000001EF7B00" bytes="9207632" />
</allocation-stats>
<gc-op id="8481" type="mark" timems="11.389" contextid="8478" timestamp="2019-08-04T20:03:08.677">
  <trace-info objectcount="724863" scancount="643412" scanbytes="18726648" />
  <finalization candidates="151" enqueued="0" />
  <ownableSynchronizers candidates="23" cleared="0" />
  <references type="soft" candidates="1855" cleared="0" enqueued="0" dynamicThreshold="24" maxThreshold="32" />
  <references type="weak" candidates="6311" cleared="0" enqueued="0" />
  <references type="phantom" candidates="224" cleared="0" enqueued="0" />
  <stringconstants candidates="14591" cleared="0"  />
</gc-op>
<gc-op id="8482" type="sweep" timems="2.094" contextid="8478" timestamp="2019-08-04T20:03:08.679" />
<mem-info id="8483" free="97932928" total="126025728" percent="77">
  <mem type="tenure" free="97932928" total="126025728" percent="77" micro-fragmented="506167" macro-fragmented="0">
    <mem type="soa" free="97166440" total="124766208" percent="77" />
    <mem type="loa" free="766488" total="1259520" percent="60" />
  </mem>
</mem-info>
<gc-op id="8484" type="compact" timems="30.678" contextid="8478" timestamp="2019-08-04T20:03:08.710">
  <compact-info movecount="114348" movebytes="7173664" reason="compact to aid heap contraction" />
</gc-op>
<heap-resize id="8485" type="contract" space="tenure" amount="1114112" count="1" timems="0.193" reason="excess free space following gc" timestamp="2019-08-04T20:03:08.710" />
<gc-end id="8486" type="global" contextid="8478" durationms="44.626" usertimems="117.041" systemtimems="8.186" timestamp="2019-08-04T20:03:08.710" activeThreads="16">
  <mem-info id="8487" free="97712568" total="124911616" percent="78">
    <mem type="tenure" free="97712568" total="124911616" percent="78">
      <mem type="soa" free="96510672" total="123663360" percent="78" />
      <mem type="loa" free="1201896" total="1248256" percent="96" />
    </mem>
  </mem-info>
</gc-end>
<cycle-end id="8488" type="global" contextid="8478" timestamp="2019-08-04T20:03:08.710">
  <attribute name="GC Util" value="252" />
  <attribute name="CPU Util" value="9447570268041" />
  <attribute name="Time Running"value="136292"/>
  <attribute name="Number of cores"value="16"/>
</cycle-end>
<allocation-satisfied id="8489" threadId="0000000001F11E00" bytesRequested="40" />
<af-end id="8490" timestamp="2019-08-04T20:03:08.710" threadId="0000000001F12788" success="true" />
<exclusive-end id="8491" timestamp="2019-08-04T20:03:08.710" durationms="45.060" />

<exclusive-start id="8492" timestamp="2019-08-04T20:03:08.773" intervalms="108.148">
  <response-info timems="4.736" idlems="4.736" threads="0" lastid="0000000001EFB700" lastname="Thread-23" />
</exclusive-start>
<af-start id="8493" threadId="0000000001EFC088" totalBytesRequested="40" timestamp="2019-08-04T20:03:08.773" intervalms="108.163" />
<cycle-start id="8494" type="global" contextid="0" timestamp="2019-08-04T20:03:08.774" intervalms="108.135" />
  <attribute name="GC Util" value="252" />
  <attribute name="CPU Util" value="9447570268041" />
  <attribute name="Time Running"value="136292"/>
  <attribute name="Number of cores"value="16"/>
<gc-start id="8495" type="global" contextid="8494" timestamp="2019-08-04T20:03:08.774">
  <mem-info id="8496" free="1201896" total="124911616" percent="0">
    <mem type="tenure" free="1201896" total="124911616" percent="0">
      <mem type="soa" free="0" total="123663360" percent="0" />
      <mem type="loa" free="1201896" total="1248256" percent="96" />
    </mem>
  </mem-info>
</gc-start>
<allocation-stats totalBytes="96558296" >
  <allocated-bytes non-tlh="0" tlh="96558296" />
  <largest-consumer threadName="Thread-32" threadId="0000000001EF3F00" bytes="9533608" />
</allocation-stats>
<gc-op id="8497" type="mark" timems="12.770" contextid="8494" timestamp="2019-08-04T20:03:08.787">
  <trace-info objectcount="718033" scancount="636571" scanbytes="18562328" />
  <finalization candidates="151" enqueued="0" />
  <ownableSynchronizers candidates="23" cleared="0" />
  <references type="soft" candidates="1855" cleared="0" enqueued="0" dynamicThreshold="25" maxThreshold="32" />
  <references type="weak" candidates="6311" cleared="0" enqueued="0" />
  <references type="phantom" candidates="224" cleared="0" enqueued="0" />
  <stringconstants candidates="14591" cleared="0"  />
</gc-op>
<gc-op id="8498" type="sweep" timems="4.166" contextid="8494" timestamp="2019-08-04T20:03:08.791" />
<gc-end id="8499" type="global" contextid="8494" durationms="17.111" usertimems="69.588" systemtimems="8.576" timestamp="2019-08-04T20:03:08.791" activeThreads="16">
  <mem-info id="8500" free="97600032" total="124911616" percent="78">
    <mem type="tenure" free="97600032" total="124911616" percent="78" micro-fragmented="280867" macro-fragmented="0">
      <mem type="soa" free="96398136" total="123663360" percent="77" />
      <mem type="loa" free="1201896" total="1248256" percent="96" />
    </mem>
  </mem-info>
</gc-end>
<cycle-end id="8501" type="global" contextid="8494" timestamp="2019-08-04T20:03:08.791">
  <attribute name="GC Util" value="549" />
  <attribute name="CPU Util" value="1433071387070" />
  <attribute name="Time Running"value="136400"/>
  <attribute name="Number of cores"value="16"/>
</cycle-end>
<allocation-satisfied id="8502" threadId="0000000001EFB700" bytesRequested="40" />
<af-end id="8503" timestamp="2019-08-04T20:03:08.791" threadId="0000000001EFC088" success="true" />
<exclusive-end id="8504" timestamp="2019-08-04T20:03:08.791" durationms="17.570" />

<exclusive-start id="8505" timestamp="2019-08-04T20:03:08.885" intervalms="111.756">
  <response-info timems="5.496" idlems="5.000" threads="3" lastid="0000000001EEC700" lastname="Thread-22" />
</exclusive-start>
<af-start id="8506" threadId="0000000001F25288" totalBytesRequested="40" timestamp="2019-08-04T20:03:08.885" intervalms="111.863" />
<cycle-start id="8507" type="global" contextid="0" timestamp="2019-08-04T20:03:08.885" intervalms="111.746" />
  <attribute name="GC Util" value="549" />
  <attribute name="CPU Util" value="1433071387070" />
  <attribute name="Time Running"value="136400"/>
  <attribute name="Number of cores"value="16"/>
<gc-start id="8508" type="global" contextid="8507" timestamp="2019-08-04T20:03:08.885">
  <mem-info id="8509" free="1201896" total="124911616" percent="0">
    <mem type="tenure" free="1201896" total="124911616" percent="0">
      <mem type="soa" free="0" total="123663360" percent="0" />
      <mem type="loa" free="1201896" total="1248256" percent="96" />
    </mem>
  </mem-info>
</gc-start>
<allocation-stats totalBytes="96379208" >
  <allocated-bytes non-tlh="38112" tlh="96341096" />
  <largest-consumer threadName="Thread-29" threadId="0000000001F11E00" bytes="9014448" />
</allocation-stats>
<gc-op id="8510" type="mark" timems="21.263" contextid="8507" timestamp="2019-08-04T20:03:08.907">
  <trace-info objectcount="721310" scancount="639834" scanbytes="18641824" />
  <finalization candidates="151" enqueued="0" />
  <ownableSynchronizers candidates="23" cleared="0" />
  <references type="soft" candidates="1855" cleared="0" enqueued="0" dynamicThreshold="25" maxThreshold="32" />
  <references type="weak" candidates="6311" cleared="0" enqueued="0" />
  <references type="phantom" candidates="224" cleared="0" enqueued="0" />
  <stringconstants candidates="14591" cleared="0"  />
</gc-op>
<gc-op id="8511" type="sweep" timems="2.050" contextid="8507" timestamp="2019-08-04T20:03:08.909" />
<mem-info id="8512" free="97323536" total="124911616" percent="77">
  <mem type="tenure" free="97323536" total="124911616" percent="77" micro-fragmented="404781" macro-fragmented="0">
    <mem type="soa" free="96121640" total="123663360" percent="77" />
    <mem type="loa" free="1201896" total="1248256" percent="96" />
  </mem>
</mem-info>
<gc-op id="8513" type="compact" timems="31.840" contextid="8507" timestamp="2019-08-04T20:03:08.941">
  <compact-info movecount="111425" movebytes="6043928" reason="compact to aid heap contraction" />
</gc-op>
<heap-resize id="8514" type="contract" space="tenure" amount="1245184" count="1" timems="0.066" reason="excess free space following gc" timestamp="2019-08-04T20:03:08.941" />
<gc-end id="8515" type="global" contextid="8507" durationms="55.448" usertimems="144.289" systemtimems="18.313" timestamp="2019-08-04T20:03:08.941" activeThreads="16">
  <mem-info id="8516" free="96571352" total="123666432" percent="78">
    <mem type="tenure" free="96571352" total="123666432" percent="78">
      <mem type="soa" free="95338456" total="122430464" percent="77" />
      <mem type="loa" free="1232896" total="1235968" percent="99" />
    </mem>
  </mem-info>
</gc-end>
<cycle-end id="8517" type="global" contextid="8507" timestamp="2019-08-04T20:03:08.941">
  <attribute name="GC Util" value="226" />
  <attribute name="CPU Util" value="8963974941141" />
  <attribute name="Time Running"value="136522"/>
  <attribute name="Number of cores"value="16"/>
</cycle-end>
<allocation-satisfied id="8518" threadId="0000000001F24900" bytesRequested="40" />
<af-end id="8519" timestamp="2019-08-04T20:03:08.941" threadId="0000000001F25288" success="true" />
<exclusive-end id="8520" timestamp="2019-08-04T20:03:08.941" durationms="55.916" />

<exclusive-start id="8521" timestamp="2019-08-04T20:03:08.992" intervalms="106.942">
  <response-info timems="0.764" idlems="0.764" threads="0" lastid="0000000001ED9B00" lastname="Thread-36" />
</exclusive-start>
<af-start id="8522" threadId="0000000001EDA488" totalBytesRequested="40" timestamp="2019-08-04T20:03:08.992" intervalms="106.954" />
<cycle-start id="8523" type="global" contextid="0" timestamp="2019-08-04T20:03:08.992" intervalms="106.955" />
  <attribute name="GC Util" value="226" />
  <attribute name="CPU Util" value="8963974941141" />
  <attribute name="Time Running"value="136522"/>
  <attribute name="Number of cores"value="16"/>
<gc-start id="8524" type="global" contextid="8523" timestamp="2019-08-04T20:03:08.992">
  <mem-info id="8525" free="1232896" total="123666432" percent="0">
    <mem type="tenure" free="1232896" total="123666432" percent="0">
      <mem type="soa" free="0" total="122430464" percent="0" />
      <mem type="loa" free="1232896" total="1235968" percent="99" />
    </mem>
  </mem-info>
</gc-start>
<allocation-stats totalBytes="95393800" >
  <allocated-bytes non-tlh="0" tlh="95393800" />
  <largest-consumer threadName="Thread-30" threadId="0000000001EE8B00" bytes="13072928" />
</allocation-stats>
<gc-op id="8526" type="mark" timems="44.376" contextid="8523" timestamp="2019-08-04T20:03:09.037">
  <trace-info objectcount="726163" scancount="644714" scanbytes="18758200" />
  <finalization candidates="151" enqueued="0" />
  <ownableSynchronizers candidates="23" cleared="0" />
  <references type="soft" candidates="1855" cleared="0" enqueued="0" dynamicThreshold="24" maxThreshold="32" />
  <references type="weak" candidates="6311" cleared="0" enqueued="0" />
  <references type="phantom" candidates="224" cleared="0" enqueued="0" />
  <stringconstants candidates="14591" cleared="0"  />
</gc-op>
<gc-op id="8527" type="sweep" timems="2.463" contextid="8523" timestamp="2019-08-04T20:03:09.039" />
<heap-resize id="8528" type="contract" space="tenure" amount="1179648" count="1" timems="0.380" reason="excess free space following gc" timestamp="2019-08-04T20:03:09.040" />
<gc-end id="8529" type="global" contextid="8523" durationms="47.392" usertimems="214.672" systemtimems="94.137" timestamp="2019-08-04T20:03:09.040" activeThreads="16">
  <mem-info id="8530" free="94017752" total="122486784" percent="76">
    <mem type="tenure" free="94017752" total="122486784" percent="76" micro-fragmented="120156" macro-fragmented="0">
      <mem type="soa" free="93855664" total="121262080" percent="77" />
      <mem type="loa" free="162088" total="1224704" percent="13" />
    </mem>
  </mem-info>
</gc-end>
<cycle-end id="8531" type="global" contextid="8523" timestamp="2019-08-04T20:03:09.040">
  <attribute name="GC Util" value="613" />
  <attribute name="CPU Util" value="415738281508" />
  <attribute name="Time Running"value="136650"/>
  <attribute name="Number of cores"value="16"/>
</cycle-end>
<allocation-satisfied id="8532" threadId="0000000001ED9B00" bytesRequested="40" />
<af-end id="8533" timestamp="2019-08-04T20:03:09.040" threadId="0000000001EDA488" success="true" />
<exclusive-end id="8534" timestamp="2019-08-04T20:03:09.040" durationms="47.767" />

<exclusive-start id="8535" timestamp="2019-08-04T20:03:09.147" intervalms="154.549">
  <response-info timems="0.844" idlems="0.442" threads="1" lastid="0000000001F28500" lastname="Thread-34" />
</exclusive-start>
<af-start id="8536" threadId="0000000001ED2D88" totalBytesRequested="24" timestamp="2019-08-04T20:03:09.147" intervalms="154.421" />
<cycle-start id="8537" type="global" contextid="0" timestamp="2019-08-04T20:03:09.147" intervalms="154.420" />
  <attribute name="GC Util" value="613" />
  <attribute name="CPU Util" value="415738281508" />
  <attribute name="Time Running"value="136650"/>
  <attribute name="Number of cores"value="16"/>
<gc-start id="8538" type="global" contextid="8537" timestamp="2019-08-04T20:03:09.147">
  <mem-info id="8539" free="162088" total="122486784" percent="0">
    <mem type="tenure" free="162088" total="122486784" percent="0">
      <mem type="soa" free="0" total="121262080" percent="0" />
      <mem type="loa" free="162088" total="1224704" percent="13" />
    </mem>
  </mem-info>
</gc-start>
<allocation-stats totalBytes="93881544" >
  <allocated-bytes non-tlh="0" tlh="93881544" />
  <largest-consumer threadName="Thread-23" threadId="0000000001EFB700" bytes="12243776" />
</allocation-stats>
<gc-op id="8540" type="mark" timems="9.847" contextid="8537" timestamp="2019-08-04T20:03:09.157">
  <trace-info objectcount="720911" scancount="639474" scanbytes="18498476" />
  <finalization candidates="151" enqueued="0" />
  <ownableSynchronizers candidates="23" cleared="0" />
  <references type="soft" candidates="1855" cleared="0" enqueued="0" dynamicThreshold="24" maxThreshold="32" />
  <references type="weak" candidates="6311" cleared="0" enqueued="0" />
  <references type="phantom" candidates="224" cleared="0" enqueued="0" />
  <stringconstants candidates="14591" cleared="0"  />
</gc-op>
<gc-op id="8541" type="sweep" timems="1.834" contextid="8537" timestamp="2019-08-04T20:03:09.159" />
<mem-info id="8542" free="94233016" total="122486784" percent="76">
  <mem type="tenure" free="94233016" total="122486784" percent="76" micro-fragmented="253248" macro-fragmented="0">
    <mem type="soa" free="93854632" total="121262080" percent="77" />
    <mem type="loa" free="378384" total="1224704" percent="30" />
  </mem>
</mem-info>
<gc-op id="8543" type="compact" timems="29.973" contextid="8537" timestamp="2019-08-04T20:03:09.189">
  <compact-info movecount="111063" movebytes="5901464" reason="compact to aid heap contraction" />
</gc-op>
<heap-resize id="8544" type="contract" space="tenure" amount="1179648" count="1" timems="0.079" reason="excess free space following gc" timestamp="2019-08-04T20:03:09.189" />
<gc-end id="8545" type="global" contextid="8537" durationms="41.953" usertimems="104.206" systemtimems="3.863" timestamp="2019-08-04T20:03:09.189" activeThreads="16">
  <mem-info id="8546" free="94313424" total="121307136" percent="77">
    <mem type="tenure" free="94313424" total="121307136" percent="77">
      <mem type="soa" free="93146064" total="120094720" percent="77" />
      <mem type="loa" free="1167360" total="1212416" percent="96" />
    </mem>
  </mem-info>
</gc-end>
<cycle-end id="8547" type="global" contextid="8537" timestamp="2019-08-04T20:03:09.189">
  <attribute name="GC Util" value="228" />
  <attribute name="CPU Util" value="10031055486271" />
  <attribute name="Time Running"value="136772"/>
  <attribute name="Number of cores"value="16"/>
</cycle-end>
<allocation-satisfied id="8548" threadId="0000000001ED2400" bytesRequested="24" />
<af-end id="8549" timestamp="2019-08-04T20:03:09.189" threadId="0000000001ED2D88" success="true" />
<exclusive-end id="8550" timestamp="2019-08-04T20:03:09.189" durationms="42.236" />

<exclusive-start id="8551" timestamp="2019-08-04T20:03:09.275" intervalms="128.726">
  <response-info timems="3.652" idlems="3.652" threads="0" lastid="0000000001EE8B00" lastname="Thread-30" />
</exclusive-start>
<af-start id="8552" threadId="0000000001EE9488" totalBytesRequested="40" timestamp="2019-08-04T20:03:09.275" intervalms="128.717" />
<cycle-start id="8553" type="global" contextid="0" timestamp="2019-08-04T20:03:09.275" intervalms="128.705" />
  <attribute name="GC Util" value="228" />
  <attribute name="CPU Util" value="10031055486271" />
  <attribute name="Time Running"value="136772"/>
  <attribute name="Number of cores"value="16"/>
<gc-start id="8554" type="global" contextid="8553" timestamp="2019-08-04T20:03:09.275">
  <mem-info id="8555" free="1167360" total="121307136" percent="0">
    <mem type="tenure" free="1167360" total="121307136" percent="0">
      <mem type="soa" free="0" total="120094720" percent="0" />
      <mem type="loa" free="1167360" total="1212416" percent="96" />
    </mem>
  </mem-info>
</gc-start>
<allocation-stats totalBytes="93200672" >
  <allocated-bytes non-tlh="0" tlh="93200672" />
  <largest-consumer threadName="Thread-30" threadId="0000000001EE8B00" bytes="8354960" />
</allocation-stats>
<gc-op id="8556" type="mark" timems="8.498" contextid="8553" timestamp="2019-08-04T20:03:09.284">
  <trace-info objectcount="723425" scancount="641999" scanbytes="18693200" />
  <finalization candidates="151" enqueued="0" />
  <ownableSynchronizers candidates="23" cleared="0" />
  <references type="soft" candidates="1855" cleared="0" enqueued="0" dynamicThreshold="24" maxThreshold="32" />
  <references type="weak" candidates="6311" cleared="0" enqueued="0" />
  <references type="phantom" candidates="224" cleared="0" enqueued="0" />
  <stringconstants candidates="14591" cleared="0"  />
</gc-op>
<gc-op id="8557" type="sweep" timems="2.507" contextid="8553" timestamp="2019-08-04T20:03:09.287" />
<heap-resize id="8558" type="contract" space="tenure" amount="1179648" count="1" timems="0.276" reason="excess free space following gc" timestamp="2019-08-04T20:03:09.287" />
<gc-end id="8559" type="global" contextid="8553" durationms="11.438" usertimems="48.715" systemtimems="2.248" timestamp="2019-08-04T20:03:09.287" activeThreads="16">
  <mem-info id="8560" free="91396936" total="120127488" percent="76">
    <mem type="tenure" free="91396936" total="120127488" percent="76" micro-fragmented="277998" macro-fragmented="0">
      <mem type="soa" free="91329968" total="118926336" percent="76" />
      <mem type="loa" free="66968" total="1201152" percent="5" />
    </mem>
  </mem-info>
</gc-end>
<cycle-end id="8561" type="global" contextid="8553" timestamp="2019-08-04T20:03:09.287">
  <attribute name="GC Util" value="502" />
  <attribute name="CPU Util" value="2161999269198" />
  <attribute name="Time Running"value="136897"/>
  <attribute name="Number of cores"value="16"/>
</cycle-end>
<allocation-satisfied id="8562" threadId="0000000001EE8B00" bytesRequested="40" />
<af-end id="8563" timestamp="2019-08-04T20:03:09.287" threadId="0000000001EE9488" success="true" />
<exclusive-end id="8564" timestamp="2019-08-04T20:03:09.287" durationms="11.644" />

<exclusive-start id="8565" timestamp="2019-08-04T20:03:09.346" intervalms="70.879">
  <response-info timems="0.212" idlems="0.212" threads="0" lastid="0000000001F2C100" lastname="Thread-26" />
</exclusive-start>
<af-start id="8566" threadId="0000000001F2CA88" totalBytesRequested="40" timestamp="2019-08-04T20:03:09.346" intervalms="70.895" />
<cycle-start id="8567" type="global" contextid="0" timestamp="2019-08-04T20:03:09.346" intervalms="70.894" />
  <attribute name="GC Util" value="502" />
  <attribute name="CPU Util" value="2161999269198" />
  <attribute name="Time Running"value="136897"/>
  <attribute name="Number of cores"value="16"/>
<gc-start id="8568" type="global" contextid="8567" timestamp="2019-08-04T20:03:09.346">
  <mem-info id="8569" free="66968" total="120127488" percent="0">
    <mem type="tenure" free="66968" total="120127488" percent="0">
      <mem type="soa" free="0" total="118926336" percent="0" />
      <mem type="loa" free="66968" total="1201152" percent="5" />
    </mem>
  </mem-info>
</gc-start>
<allocation-stats totalBytes="91328760" >
  <allocated-bytes non-tlh="0" tlh="91328760" />
  <largest-consumer threadName="Thread-30" threadId="0000000001EE8B00" bytes="9405208" />
</allocation-stats>
<gc-op id="8570" type="mark" timems="9.138" contextid="8567" timestamp="2019-08-04T20:03:09.356">
  <trace-info objectcount="717323" scancount="635882" scanbytes="18546160" />
  <finalization candidates="151" enqueued="0" />
  <ownableSynchronizers candidates="23" cleared="0" />
  <references type="soft" candidates="1855" cleared="0" enqueued="0" dynamicThreshold="24" maxThreshold="32" />
  <references type="weak" candidates="6311" cleared="0" enqueued="0" />
  <references type="phantom" candidates="224" cleared="0" enqueued="0" />
  <stringconstants candidates="14591" cleared="0"  />
</gc-op>
<gc-op id="8571" type="sweep" timems="1.761" contextid="8567" timestamp="2019-08-04T20:03:09.357" />
<mem-info id="8572" free="91707848" total="120127488" percent="76">
  <mem type="tenure" free="91707848" total="120127488" percent="76" micro-fragmented="425423" macro-fragmented="0">
    <mem type="soa" free="91044536" total="118926336" percent="76" />
    <mem type="loa" free="663312" total="1201152" percent="55" />
  </mem>
</mem-info>
<gc-op id="8573" type="compact" timems="28.304" contextid="8567" timestamp="2019-08-04T20:03:09.386">
  <compact-info movecount="104732" movebytes="4718336" reason="compact to aid heap contraction" />
</gc-op>
<heap-resize id="8574" type="contract" space="tenure" amount="1179648" count="1" timems="0.098" reason="excess free space following gc" timestamp="2019-08-04T20:03:09.386" />
<gc-end id="8575" type="global" contextid="8567" durationms="39.544" usertimems="101.818" systemtimems="6.383" timestamp="2019-08-04T20:03:09.386" activeThreads="16">
  <mem-info id="8576" free="91929992" total="118947840" percent="77">
    <mem type="tenure" free="91929992" total="118947840" percent="77">
      <mem type="soa" free="90762632" total="117758976" percent="77" />
      <mem type="loa" free="1167360" total="1188864" percent="98" />
    </mem>
  </mem-info>
</gc-end>
<cycle-end id="8577" type="global" contextid="8567" timestamp="2019-08-04T20:03:09.386">
  <attribute name="GC Util" value="250" />
  <attribute name="CPU Util" value="10450960681239" />
  <attribute name="Time Running"value="136971"/>
  <attribute name="Number of cores"value="16"/>
</cycle-end>
<allocation-satisfied id="8578" threadId="0000000001F2C100" bytesRequested="40" />
<af-end id="8579" timestamp="2019-08-04T20:03:09.386" threadId="0000000001F2CA88" success="true" />
<exclusive-end id="8580" timestamp="2019-08-04T20:03:09.386" durationms="39.781" />

<exclusive-start id="8581" timestamp="2019-08-04T20:03:09.452" intervalms="105.401">
  <response-info timems="6.214" idlems="6.214" threads="0" lastid="0000000001EFB700" lastname="Thread-23" />
</exclusive-start>
<af-start id="8582" threadId="0000000001EFC088" totalBytesRequested="40" timestamp="2019-08-04T20:03:09.452" intervalms="105.396" />
<cycle-start id="8583" type="global" contextid="0" timestamp="2019-08-04T20:03:09.452" intervalms="105.397" />
  <attribute name="GC Util" value="250" />
